[0.008s][debug][gc,heap] Minimum heap 5368709120  Initial heap 5368709120  Maximum heap 12884901888
[0.008s][info ][gc,init] Initializing The Z Garbage Collector
[0.008s][info ][gc,init] Version: 25+37-LTS-jvmci-b01 (release)
[0.008s][info ][gc,init] NUMA Support: Disabled
[0.008s][info ][gc,init] CPUs: 20 total, 20 available
[0.008s][info ][gc,init] Memory: 31764M
[0.008s][info ][gc,init] Large Page Support: Disabled
[0.008s][info ][gc,init] Address Space Size: unlimited
[0.008s][debug][gc,init] Reserved Space: limit 4096G, desired 192G, requested 192G
[0.008s][info ][gc,init] Reserved Space Type: Contiguous/Unrestricted/Complete
[0.008s][info ][gc,init] Reserved Space Size: 192G
[0.008s][info ][gc,init] Heap Backing File: /memfd:java_heap
[0.008s][info ][gc,init] Heap Backing Filesystem: tmpfs (0x1021994)
[0.009s][info ][gc,init] Min Capacity: 5120M
[0.009s][info ][gc,init] Initial Capacity: 5120M
[0.009s][info ][gc,init] Max Capacity: 12288M
[0.009s][info ][gc,init] Soft Max Capacity: 12288M
[0.009s][info ][gc,init] Page Size Medium: Range [4M, 32M]
[0.009s][info ][gc,init] Pre-touch: Enabled
[0.009s][info ][gc,init] Available space on backing filesystem: N/A
[0.009s][info ][gc,init] Uncommit: Enabled
[0.010s][info ][gc,init] Uncommit Delay: 300s
[0.010s][info ][gc,init] GC Workers for Old Generation: 5 (dynamic)
[0.010s][info ][gc,init] GC Workers for Young Generation: 5 (dynamic)
[0.910s][debug][gc,task] Executing ZPreTouchTask using ZWorkerOld with 5 workers
[1.295s][info ][gc,init] GC Workers Max: 5 (dynamic)
[1.296s][info ][gc,init] Runtime Workers: 12
[1.296s][info ][gc     ] Using The Z Garbage Collector
[1.306s][info ][gc,metaspace] CDS archive(s) not mapped
[1.306s][info ][gc,metaspace] Compressed class space mapped at: 0x00000000ae000000-0x00000000ee000000, reserved size: 1073741824
[1.306s][info ][gc,metaspace] UseCompressedClassPointers 1, UseCompactObjectHeaders 0
[1.306s][info ][gc,metaspace] Narrow klass pointer bits 32, Max shift 3
[1.306s][info ][gc,metaspace] Narrow klass base: 0x0000000000000000, Narrow klass shift: 0
[1.306s][info ][gc,metaspace] Encoding Range: [0x0000000000000000 - 0x0000000100000000), (4294967296 bytes)
[1.306s][info ][gc,metaspace] Klass Range:    [0x00000000ae000000 - 0x00000000ee000000), (1073741824 bytes)
[1.306s][info ][gc,metaspace] Klass ID Range:  [2919235584 - 3992977401) (1073741817)
[1.306s][info ][gc,metaspace] No protection zone.
[1,342s][debug][gc,heap     ] Uncommitter (0) Timeout: 300000ms
[1,344s][debug][gc,nmethod  ] Register NMethod: jdk.internal.util.ArraysSupport.unsignedHashCode (0x000071df3f400008) [0x000071df3f400100, 0x000071df3f400310] Compiler: c1, Barriers: 0, Oops: 0, ImmediateOops: 0, NonImmediateOops: No
[1,344s][debug][gc,nmethod  ] Rebuilding NMethod Table: 0->1024 entries, 0(0%->0%) registered, 0(0%->0%) unregistered
[1,344s][debug][gc,nmethod  ] Register NMethod: java.lang.Object.<init> (0x000071df3f400388) [0x000071df3f400480, 0x000071df3f400580] Compiler: c1, Barriers: 0, Oops: 0, ImmediateOops: 0, NonImmediateOops: No
[1,344s][debug][gc,nmethod  ] Register NMethod: java.lang.Byte.toUnsignedInt (0x000071df3f400688) [0x000071df3f400780, 0x000071df3f400868] Compiler: c1, Barriers: 0, Oops: 0, ImmediateOops: 0, NonImmediateOops: No
[1,344s][debug][gc,nmethod  ] Register NMethod: java.lang.String.hashCode (0x000071df3f400988) [0x000071df3f400a80, 0x000071df3f401028] Compiler: c1, Barriers: 2, Oops: 0, ImmediateOops: 0, NonImmediateOops: No
[1,347s][debug][gc,nmethod  ] Register NMethod: jdk.internal.misc.Unsafe.getReferenceVolatile (0x000071df5ebe5008) [0x000071df5ebe5100, 0x000071df5ebe5430] Compiler: , Barriers: 0, Oops: 0, ImmediateOops: 0, NonImmediateOops: No
[1,350s][debug][gc,nmethod  ] Register NMethod: java.lang.Math.floorMod (0x000071df3f401088) [0x000071df3f401180, 0x000071df3f401310] Compiler: c1, Barriers: 0, Oops: 0, ImmediateOops: 0, NonImmediateOops: No
[1,350s][debug][gc,nmethod  ] Register NMethod: java.util.ImmutableCollections$SetN.probe (0x000071df3f401388) [0x000071df3f401480, 0x000071df3f401ca8] Compiler: c1, Barriers: 4, Oops: 0, ImmediateOops: 0, NonImmediateOops: No
[1,350s][debug][gc,nmethod  ] Register NMethod: java.lang.StringLatin1.equals (0x000071df3f401d08) [0x000071df3f401e00, 0x000071df3f402068] Compiler: c1, Barriers: 0, Oops: 0, ImmediateOops: 0, NonImmediateOops: No
[1,351s][debug][gc,nmethod  ] Register NMethod: jdk.internal.util.ArraysSupport.vectorizedHashCode (0x000071df3f402088) [0x000071df3f402180, 0x000071df3f403fd8] Compiler: c1, Barriers: 0, Oops: 1, ImmediateOops: 2, NonImmediateOops: No
[1,352s][debug][gc,nmethod  ] Register NMethod: java.util.ImmutableCollections$SetN.hashCode (0x000071df3f404008) [0x000071df3f404100, 0x000071df3f404570] Compiler: c1, Barriers: 2, Oops: 0, ImmediateOops: 0, NonImmediateOops: No
[1,352s][debug][gc,nmethod  ] Register NMethod: java.lang.module.ModuleDescriptor.modsHashCode (0x000071df3f404588) [0x000071df3f404680, 0x000071df3f405438] Compiler: c1, Barriers: 1, Oops: 0, ImmediateOops: 0, NonImmediateOops: No
[1,352s][debug][gc,director ] Rule Major: Warmup 10%, Used: 4MB, UsedThreshold: 1228MB
[1,352s][debug][gc,nmethod  ] Register NMethod: jdk.internal.util.ArraysSupport.hashCodeOfUnsigned (0x000071df3f405488) [0x000071df3f405580, 0x000071df3f4057f8] Compiler: c1, Barriers: 0, Oops: 0, ImmediateOops: 0, NonImmediateOops: No
[1,352s][debug][gc,nmethod  ] Register NMethod: java.util.Objects.requireNonNull (0x000071df3f405808) [0x000071df3f405900, 0x000071df3f405ad0] Compiler: c1, Barriers: 0, Oops: 0, ImmediateOops: 0, NonImmediateOops: No
[1,353s][debug][gc,nmethod  ] Register NMethod: java.lang.String.equals (0x000071df3f405b08) [0x000071df3f405c00, 0x000071df3f4062c0] Compiler: c1, Barriers: 2, Oops: 0, ImmediateOops: 0, NonImmediateOops: No
[1,353s][debug][gc,nmethod  ] Register NMethod: java.util.ImmutableCollections$SetN.iterator (0x000071df3f406308) [0x000071df3f406400, 0x000071df3f4065a0] Compiler: c1, Barriers: 0, Oops: 0, ImmediateOops: 0, NonImmediateOops: No
[1,353s][debug][gc,nmethod  ] Register NMethod: java.util.Set.of (0x000071df3f406608) [0x000071df3f406700, 0x000071df3f4067e8] Compiler: c1, Barriers: 0, Oops: 0, ImmediateOops: 1, NonImmediateOops: No
[1,353s][debug][gc,nmethod  ] Register NMethod: java.util.ImmutableCollections$SetN$SetNIterator.<init> (0x000071df3f406908) [0x000071df3f406a00, 0x000071df3f406d80] Compiler: c1, Barriers: 4, Oops: 0, ImmediateOops: 0, NonImmediateOops: No
[1,353s][debug][gc,nmethod  ] Register NMethod: java.util.ImmutableCollections$SetN$SetNIterator.hasNext (0x000071df3f406d88) [0x000071df3f406e80, 0x000071df3f406fd0] Compiler: c1, Barriers: 0, Oops: 0, ImmediateOops: 0, NonImmediateOops: No
[1,353s][debug][gc,nmethod  ] Register NMethod: java.util.ImmutableCollections$AbstractImmutableCollection.<init> (0x000071df3f407088) [0x000071df3f407180, 0x000071df3f407338] Compiler: c1, Barriers: 0, Oops: 0, ImmediateOops: 0, NonImmediateOops: No
[1,353s][debug][gc,nmethod  ] Register NMethod: java.util.AbstractCollection.<init> (0x000071df3f407388) [0x000071df3f407480, 0x000071df3f4075d8] Compiler: c1, Barriers: 0, Oops: 0, ImmediateOops: 0, NonImmediateOops: No
[1,353s][debug][gc,nmethod  ] Register NMethod: java.util.ImmutableCollections$AbstractImmutableSet.<init> (0x000071df3f407688) [0x000071df3f407780, 0x000071df3f407998] Compiler: c1, Barriers: 0, Oops: 0, ImmediateOops: 0, NonImmediateOops: No
[1,353s][debug][gc,nmethod  ] Register NMethod: java.lang.module.ModuleDescriptor$Exports.<init> (0x000071df3f407a08) [0x000071df3f407b00, 0x000071df3f407dc0] Compiler: c1, Barriers: 9, Oops: 0, ImmediateOops: 0, NonImmediateOops: No
[1,353s][debug][gc,nmethod  ] Register NMethod: java.util.Objects.equals (0x000071df3f407e08) [0x000071df3f407f00, 0x000071df3f408288] Compiler: c1, Barriers: 0, Oops: 0, ImmediateOops: 0, NonImmediateOops: No
[1,353s][debug][gc,nmethod  ] Register NMethod: java.lang.module.ModuleDescriptor$Exports.hashCode (0x000071df3f408308) [0x000071df3f408400, 0x000071df3f408a18] Compiler: c1, Barriers: 3, Oops: 0, ImmediateOops: 0, NonImmediateOops: No
[1,353s][debug][gc,nmethod  ] Register NMethod: java.util.ImmutableCollections$SetN.<init> (0x000071df3f408a88) [0x000071df3f408b80, 0x000071df3f40a450] Compiler: c1, Barriers: 8, Oops: 1, ImmediateOops: 3, NonImmediateOops: No
[1,353s][debug][gc,nmethod  ] Register NMethod: java.util.Set.of (0x000071df3f40a488) [0x000071df3f40a580, 0x000071df3f40adf0] Compiler: c1, Barriers: 9, Oops: 0, ImmediateOops: 2, NonImmediateOops: No
[1,354s][debug][gc,nmethod  ] Register NMethod: jdk.internal.module.Builder.newExports (0x000071df3f40ae08) [0x000071df3f40af00, 0x000071df3f40b040] Compiler: c1, Barriers: 0, Oops: 0, ImmediateOops: 1, NonImmediateOops: No
[1,354s][debug][gc,nmethod  ] Register NMethod: java.lang.module.ModuleDescriptor$1.newExports (0x000071df3f40b108) [0x000071df3f40b200, 0x000071df3f40b578] Compiler: c1, Barriers: 9, Oops: 0, ImmediateOops: 0, NonImmediateOops: No
[1,354s][debug][gc,nmethod  ] Register NMethod: java.util.ImmutableCollections$ListN.get (0x000071df3f40b588) [0x000071df3f40b680, 0x000071df3f40b808] Compiler: c1, Barriers: 2, Oops: 0, ImmediateOops: 0, NonImmediateOops: No
[1,354s][debug][gc,nmethod  ] Register NMethod: java.util.Objects.hashCode (0x000071df3f40b888) [0x000071df3f40b980, 0x000071df3f40bcd0] Compiler: c1, Barriers: 0, Oops: 0, ImmediateOops: 0, NonImmediateOops: No
[1,354s][debug][gc,nmethod  ] Register NMethod: java.lang.String.coder (0x000071df3f40bd08) [0x000071df3f40be00, 0x000071df3f40bf28] Compiler: c1, Barriers: 0, Oops: 0, ImmediateOops: 0, NonImmediateOops: No
[1,354s][debug][gc,nmethod  ] Register NMethod: java.lang.System.arraycopy (0x000071df5ebe5488) [0x000071df5ebe5580, 0x000071df5ebe5700] Compiler: , Barriers: 0, Oops: 0, ImmediateOops: 1, NonImmediateOops: No
[1,354s][debug][gc,nmethod  ] Register NMethod: java.lang.module.ModuleDescriptor.name (0x000071df5ebe5788) [0x000071df5ebe5880, 0x000071df5ebe5968] Compiler: c1, Barriers: 1, Oops: 0, ImmediateOops: 0, NonImmediateOops: No
[1,354s][debug][gc,nmethod  ] Register NMethod: java.lang.String.length (0x000071df3f40c008) [0x000071df3f40c100, 0x000071df3f40c480] Compiler: c1, Barriers: 1, Oops: 0, ImmediateOops: 0, NonImmediateOops: No
[1,354s][debug][gc,nmethod  ] Register NMethod: java.lang.module.ModuleDescriptor$Exports.equals (0x000071df3f40c488) [0x000071df3f40c580, 0x000071df3f40d3f8] Compiler: c1, Barriers: 6, Oops: 0, ImmediateOops: 0, NonImmediateOops: No
[1,354s][debug][gc,nmethod  ] Register NMethod: java.lang.module.ModuleReference.descriptor (0x000071df5ebe5a88) [0x000071df5ebe5b80, 0x000071df5ebe5c68] Compiler: c1, Barriers: 1, Oops: 0, ImmediateOops: 0, NonImmediateOops: No
[1,355s][debug][gc,nmethod  ] Register NMethod: java.lang.String.isLatin1 (0x000071df3f40d408) [0x000071df3f40d500, 0x000071df3f40d660] Compiler: c1, Barriers: 0, Oops: 0, ImmediateOops: 0, NonImmediateOops: No
[1,355s][debug][gc,nmethod  ] Register NMethod: java.net.URI.hash (0x000071df3f40d708) [0x000071df3f40d800, 0x000071df3f40ddc0] Compiler: c1, Barriers: 0, Oops: 0, ImmediateOops: 0, NonImmediateOops: No
[1,355s][debug][gc,nmethod  ] Register NMethod: java.lang.StringLatin1.charAt (0x000071df3f40de08) [0x000071df3f40df00, 0x000071df3f40e0c0] Compiler: c1, Barriers: 0, Oops: 1, ImmediateOops: 1, NonImmediateOops: No
[1,355s][debug][gc,nmethod  ] Register NMethod: java.lang.String.checkIndex (0x000071df3f40e108) [0x000071df3f40e200, 0x000071df3f40e328] Compiler: c1, Barriers: 0, Oops: 1, ImmediateOops: 1, NonImmediateOops: No
[1,355s][debug][gc,nmethod  ] Register NMethod: jdk.internal.util.Preconditions.checkIndex (0x000071df3f40e408) [0x000071df3f40e500, 0x000071df3f40e688] Compiler: c1, Barriers: 0, Oops: 0, ImmediateOops: 0, NonImmediateOops: No
[1,355s][debug][gc,nmethod  ] Register NMethod: java.lang.String.charAt (0x000071df3f40e708) [0x000071df3f40e800, 0x000071df3f40ed90] Compiler: c1, Barriers: 2, Oops: 1, ImmediateOops: 1, NonImmediateOops: No
[1,358s][debug][gc,nmethod  ] Register NMethod: java.lang.StringLatin1.indexOfChar (0x000071df3f40ee08) [0x000071df3f40ef00, 0x000071df3f40f100] Compiler: c1, Barriers: 0, Oops: 0, ImmediateOops: 0, NonImmediateOops: No
[1,358s][debug][gc,nmethod  ] Register NMethod: java.lang.Object.getClass (0x000071df5ebe5d88) [0x000071df5ebe5e80, 0x000071df5ebe61a0] Compiler: , Barriers: 0, Oops: 0, ImmediateOops: 0, NonImmediateOops: No
[1,358s][debug][gc,nmethod  ] Register NMethod: java.io.File.getPath (0x000071df5ebe6208) [0x000071df5ebe6300, 0x000071df5ebe63e8] Compiler: c1, Barriers: 1, Oops: 0, ImmediateOops: 0, NonImmediateOops: No
[1,359s][debug][gc,nmethod  ] Register NMethod: jdk.internal.misc.Unsafe.getLong (0x000071df5ebe6508) [0x000071df5ebe6600, 0x000071df5ebe6768] Compiler: , Barriers: 0, Oops: 0, ImmediateOops: 0, NonImmediateOops: No
[1,359s][debug][gc,nmethod  ] Register NMethod: java.lang.Object.<init> (0x000071df5ebe6808) [0x000071df5ebe6900, 0x000071df5ebe6980] Compiler: jvmci, Barriers: 0, Oops: 0, ImmediateOops: 0, NonImmediateOops: No
[1,359s][debug][gc,nmethod  ] Register NMethod: java.lang.StringLatin1.canEncode (0x000071df3f40f108) [0x000071df3f40f200, 0x000071df3f40f360] Compiler: c1, Barriers: 0, Oops: 0, ImmediateOops: 0, NonImmediateOops: No
[1,359s][debug][gc,nmethod  ] Register NMethod: java.lang.String.indexOf (0x000071df3f40f408) [0x000071df3f40f500, 0x000071df3f40fb28] Compiler: c1, Barriers: 2, Oops: 0, ImmediateOops: 0, NonImmediateOops: No
[1,360s][debug][gc,nmethod  ] Register NMethod: java.lang.String.startsWith (0x000071df3f40fb88) [0x000071df3f40fc80, 0x000071df3f410f00] Compiler: c1, Barriers: 2, Oops: 0, ImmediateOops: 0, NonImmediateOops: No
[1,360s][debug][gc,nmethod  ] Register NMethod: java.lang.String.startsWith (0x000071df3f410f08) [0x000071df3f411000, 0x000071df3f4112f8] Compiler: c1, Barriers: 0, Oops: 0, ImmediateOops: 0, NonImmediateOops: No
[1,360s][debug][gc,nmethod  ] Register NMethod: java.lang.StringLatin1.indexOf (0x000071df3f411308) [0x000071df3f411400, 0x000071df3f411888] Compiler: c1, Barriers: 0, Oops: 0, ImmediateOops: 0, NonImmediateOops: No
[1,360s][debug][gc,nmethod  ] Register NMethod: java.lang.String.isEmpty (0x000071df3f411908) [0x000071df3f411a00, 0x000071df3f411b88] Compiler: c1, Barriers: 1, Oops: 0, ImmediateOops: 0, NonImmediateOops: No
[1,360s][debug][gc,nmethod  ] Register NMethod: jdk.internal.misc.Unsafe.getInt (0x000071df5ebe6b08) [0x000071df5ebe6c00, 0x000071df5ebe6d68] Compiler: , Barriers: 0, Oops: 0, ImmediateOops: 0, NonImmediateOops: No
[1,360s][debug][gc,nmethod  ] Register NMethod: java.io.File.getPrefixLength (0x000071df5ebe6e08) [0x000071df5ebe6f00, 0x000071df5ebe6fc0] Compiler: c1, Barriers: 0, Oops: 0, ImmediateOops: 0, NonImmediateOops: No
[1,360s][debug][gc,nmethod  ] Register NMethod: jdk.internal.util.ArraysSupport.mismatch (0x000071df3f411c08) [0x000071df3f411d00, 0x000071df3f4120e0] Compiler: c1, Barriers: 0, Oops: 0, ImmediateOops: 0, NonImmediateOops: No
[1,361s][debug][gc,nmethod  ] Register NMethod: jdk.internal.misc.Unsafe.getLongUnaligned (0x000071df3f412108) [0x000071df3f412200, 0x000071df3f4125b0] Compiler: c1, Barriers: 0, Oops: 0, ImmediateOops: 0, NonImmediateOops: No
[1,362s][debug][gc,nmethod  ] Register NMethod: jdk.internal.misc.Unsafe.compareAndSetLong (0x000071df5ebe7108) [0x000071df5ebe7200, 0x000071df5ebe7370] Compiler: , Barriers: 0, Oops: 0, ImmediateOops: 0, NonImmediateOops: No
[1,362s][debug][gc,nmethod  ] Register NMethod: jdk.internal.misc.Unsafe.compareAndSetReference (0x000071df5ebe7408) [0x000071df5ebe7500, 0x000071df5ebe7698] Compiler: , Barriers: 0, Oops: 0, ImmediateOops: 0, NonImmediateOops: No
[1,362s][debug][gc,nmethod  ] Register NMethod: jdk.internal.misc.Unsafe.getReferenceAcquire (0x000071df3f412608) [0x000071df3f412700, 0x000071df3f412830] Compiler: c1, Barriers: 1, Oops: 0, ImmediateOops: 0, NonImmediateOops: No
[1,362s][debug][gc,nmethod  ] Register NMethod: java.util.concurrent.ConcurrentHashMap.tabAt (0x000071df3f412908) [0x000071df3f412a00, 0x000071df3f412f48] Compiler: c1, Barriers: 1, Oops: 1, ImmediateOops: 1, NonImmediateOops: No
[1,362s][debug][gc,nmethod  ] Register NMethod: java.util.concurrent.ConcurrentHashMap.spread (0x000071df3f412f88) [0x000071df3f413080, 0x000071df3f413170] Compiler: c1, Barriers: 0, Oops: 0, ImmediateOops: 0, NonImmediateOops: No
[1,362s][debug][gc,director ] Rule Major: Warmup 10%, Used: 8MB, UsedThreshold: 1228MB
[1,362s][debug][gc,nmethod  ] Register NMethod: java.util.concurrent.ConcurrentHashMap$Node.<init> (0x000071df3f413288) [0x000071df3f413380, 0x000071df3f4135d0] Compiler: c1, Barriers: 6, Oops: 0, ImmediateOops: 0, NonImmediateOops: No
[1,362s][debug][gc,nmethod  ] Register NMethod: java.util.ImmutableCollections$SetN$SetNIterator.next (0x000071df3f413608) [0x000071df3f413700, 0x000071df3f413a68] Compiler: c1, Barriers: 3, Oops: 0, ImmediateOops: 0, NonImmediateOops: No
[1,363s][debug][gc,nmethod  ] Register NMethod: java.util.concurrent.ConcurrentHashMap.addCount (0x000071df3f413a88) [0x000071df3f413b80, 0x000071df3f414820] Compiler: c1, Barriers: 4, Oops: 0, ImmediateOops: 0, NonImmediateOops: No
[1,363s][debug][gc,nmethod  ] Register NMethod: java.util.concurrent.ConcurrentHashMap.putVal (0x000071df3f414888) [0x000071df3f414980, 0x000071df3f416e78] Compiler: c1, Barriers: 28, Oops: 0, ImmediateOops: 1, NonImmediateOops: No
[1,366s][debug][gc,nmethod  ] Register NMethod: jdk.internal.util.ArraysSupport.unsignedHashCode (0x000071df5ebe7708) [0x000071df5ebe7820, 0x000071df5ebe7a18] Compiler: jvmci, Barriers: 0, Oops: 0, ImmediateOops: 0, NonImmediateOops: No
[1,367s][debug][gc,nmethod  ] Register NMethod: java.lang.String.isLatin1 (0x000071df5ebe7a88) [0x000071df5ebe7b80, 0x000071df5ebe7c40] Compiler: jvmci, Barriers: 0, Oops: 0, ImmediateOops: 0, NonImmediateOops: No
[1,371s][debug][gc,nmethod  ] Register NMethod: java.lang.invoke.MethodHandle.linkToStatic (0x000071df5ebe7d88) [0x000071df5ebe7e80, 0x000071df5ebe7f70] Compiler: , Barriers: 0, Oops: 0, ImmediateOops: 0, NonImmediateOops: No
[1,371s][debug][gc,nmethod  ] Register NMethod: java.lang.String.charAt (0x000071df5ebe8088) [0x000071df5ebe8180, 0x000071df5ebe82b0] Compiler: jvmci, Barriers: 1, Oops: 0, ImmediateOops: 0, NonImmediateOops: No
[1,372s][debug][gc,director ] Rule Major: Warmup 10%, Used: 8MB, UsedThreshold: 1228MB
[1,374s][debug][gc,nmethod  ] Register NMethod: java.lang.String.hashCode (0x000071df5ebe8388) [0x000071df5ebe8480, 0x000071df5ebe8620] Compiler: jvmci, Barriers: 1, Oops: 0, ImmediateOops: 0, NonImmediateOops: No
[1,377s][debug][gc,nmethod  ] Register NMethod: java.lang.Enum.ordinal (0x000071df5ebe8688) [0x000071df5ebe8780, 0x000071df5ebe8840] Compiler: c1, Barriers: 0, Oops: 0, ImmediateOops: 0, NonImmediateOops: No
[1,378s][debug][gc,nmethod  ] Register NMethod: java.lang.Object.hashCode (0x000071df5ebe8988) [0x000071df5ebe8a80, 0x000071df5ebe8bf0] Compiler: , Barriers: 0, Oops: 0, ImmediateOops: 0, NonImmediateOops: No
[1,378s][debug][gc,nmethod  ] Register NMethod: java.lang.Class.isPrimitive (0x000071df5ebe8c88) [0x000071df5ebe8d80, 0x000071df5ebe8e40] Compiler: c1, Barriers: 0, Oops: 0, ImmediateOops: 0, NonImmediateOops: No
[1,379s][debug][gc,nmethod  ] Register NMethod: java.lang.Math.min (0x000071df3f416e88) [0x000071df3f416f80, 0x000071df3f4170a8] Compiler: c1, Barriers: 0, Oops: 0, ImmediateOops: 0, NonImmediateOops: No
[1,379s][debug][gc,nmethod  ] Register NMethod: java.lang.invoke.MethodHandle.linkToStatic (0x000071df5ebe8f88) [0x000071df5ebe9080, 0x000071df5ebe9170] Compiler: , Barriers: 0, Oops: 0, ImmediateOops: 0, NonImmediateOops: No
[1,379s][debug][gc,nmethod  ] Register NMethod: java.lang.invoke.MethodHandle.linkToStatic (0x000071df5ebe9288) [0x000071df5ebe9380, 0x000071df5ebe9470] Compiler: , Barriers: 0, Oops: 0, ImmediateOops: 0, NonImmediateOops: No
[1,380s][debug][gc,nmethod  ] Register NMethod: java.lang.invoke.MethodHandle.invokeBasic (0x000071df5ebe9588) [0x000071df5ebe9680, 0x000071df5ebe9918] Compiler: , Barriers: 0, Oops: 0, ImmediateOops: 0, NonImmediateOops: No
[1,380s][debug][gc,nmethod  ] Register NMethod: java.lang.invoke.MethodHandle.linkToSpecial (0x000071df5ebe9988) [0x000071df5ebe9a80, 0x000071df5ebe9b78] Compiler: , Barriers: 0, Oops: 0, ImmediateOops: 0, NonImmediateOops: No
[1,382s][debug][gc,director ] Rule Major: Warmup 10%, Used: 8MB, UsedThreshold: 1228MB
[1,392s][debug][gc,director ] Rule Major: Warmup 10%, Used: 8MB, UsedThreshold: 1228MB
[1,395s][debug][gc,nmethod  ] Register NMethod: java.lang.Enum.<init> (0x000071df3f417188) [0x000071df3f417280, 0x000071df3f417458] Compiler: c1, Barriers: 3, Oops: 0, ImmediateOops: 0, NonImmediateOops: No
[1,396s][debug][gc,nmethod  ] Register NMethod: java.lang.String.hashCode (0x000071df3f417488) [0x000071df3f417580, 0x000071df3f417b28] Compiler: c1, Barriers: 2, Oops: 0, ImmediateOops: 0, NonImmediateOops: No
[1,400s][debug][gc,nmethod  ] Register NMethod: java.lang.invoke.MethodHandle.invokeBasic (0x000071df5ebe9c88) [0x000071df5ebe9d80, 0x000071df5ebea018] Compiler: , Barriers: 0, Oops: 0, ImmediateOops: 0, NonImmediateOops: No
[1,400s][debug][gc,nmethod  ] Register NMethod: java.lang.invoke.MethodHandle.linkToSpecial (0x000071df5ebea088) [0x000071df5ebea180, 0x000071df5ebea278] Compiler: , Barriers: 0, Oops: 0, ImmediateOops: 0, NonImmediateOops: No
[1,400s][debug][gc,nmethod  ] Register NMethod: jdk.internal.util.StrongReferenceKey.get (0x000071df5ebea388) [0x000071df5ebea480, 0x000071df5ebea568] Compiler: c1, Barriers: 1, Oops: 0, ImmediateOops: 0, NonImmediateOops: No
[1,400s][debug][gc,nmethod  ] Register NMethod: java.lang.invoke.MethodHandle.linkToStatic (0x000071df5ebea688) [0x000071df5ebea780, 0x000071df5ebea878] Compiler: , Barriers: 0, Oops: 0, ImmediateOops: 0, NonImmediateOops: No
[1,400s][debug][gc,nmethod  ] Register NMethod: java.lang.Object.clone (0x000071df5ebea988) [0x000071df5ebeaa80, 0x000071df5ebeada0] Compiler: , Barriers: 0, Oops: 0, ImmediateOops: 0, NonImmediateOops: No
[1,401s][debug][gc,nmethod  ] Register NMethod: java.lang.invoke.MethodHandle.linkToStatic (0x000071df5ebeae08) [0x000071df5ebeaf00, 0x000071df5ebeaff0] Compiler: , Barriers: 0, Oops: 0, ImmediateOops: 0, NonImmediateOops: No
[1,401s][debug][gc,nmethod  ] Register NMethod: java.lang.Class.getClassLoader (0x000071df5ebeb108) [0x000071df5ebeb200, 0x000071df5ebeb2e8] Compiler: c1, Barriers: 1, Oops: 0, ImmediateOops: 0, NonImmediateOops: No
[1,401s][debug][gc,nmethod  ] Register NMethod: java.lang.invoke.MethodType.returnType (0x000071df5ebeb408) [0x000071df5ebeb500, 0x000071df5ebeb5e8] Compiler: c1, Barriers: 1, Oops: 0, ImmediateOops: 0, NonImmediateOops: No
[1,401s][debug][gc,nmethod  ] Register NMethod: java.lang.invoke.MethodHandle.invokeBasic (0x000071df5ebeb708) [0x000071df5ebeb800, 0x000071df5ebeba98] Compiler: , Barriers: 0, Oops: 0, ImmediateOops: 0, NonImmediateOops: No
[1,401s][debug][gc,nmethod  ] Register NMethod: java.util.concurrent.ConcurrentHashMap.putIfAbsent (0x000071df3f417b88) [0x000071df3f417c80, 0x000071df3f417f80] Compiler: c1, Barriers: 0, Oops: 0, ImmediateOops: 0, NonImmediateOops: No
[1,401s][debug][gc,nmethod  ] Register NMethod: jdk.internal.classfile.impl.AbstractPoolEntry.index (0x000071df5ebebb08) [0x000071df5ebebc00, 0x000071df5ebebcc0] Compiler: c1, Barriers: 0, Oops: 0, ImmediateOops: 0, NonImmediateOops: No
[1,402s][debug][gc,nmethod  ] Register NMethod: jdk.internal.classfile.impl.SplitConstantPool.size (0x000071df5ebebe08) [0x000071df5ebebf00, 0x000071df5ebebfc0] Compiler: c1, Barriers: 0, Oops: 0, ImmediateOops: 0, NonImmediateOops: No
[1,402s][debug][gc,nmethod  ] Register NMethod: java.lang.invoke.MethodHandle.linkToSpecial (0x000071df5ebec108) [0x000071df5ebec200, 0x000071df5ebec2f8] Compiler: , Barriers: 0, Oops: 0, ImmediateOops: 0, NonImmediateOops: No
[1,403s][debug][gc,director ] Rule Major: Warmup 10%, Used: 8MB, UsedThreshold: 1228MB
[1,403s][debug][gc,nmethod  ] Register NMethod: java.lang.ref.ReferenceQueue.poll (0x000071df3f417f88) [0x000071df3f418080, 0x000071df3f4184a0] Compiler: c1, Barriers: 2, Oops: 0, ImmediateOops: 0, NonImmediateOops: No
[1,403s][debug][gc,nmethod  ] Register NMethod: jdk.internal.classfile.impl.AbstractPoolEntry.width (0x000071df5ebec408) [0x000071df5ebec500, 0x000071df5ebec5c0] Compiler: c1, Barriers: 0, Oops: 0, ImmediateOops: 0, NonImmediateOops: No
[1,403s][debug][gc,nmethod  ] Register NMethod: java.lang.String.getBytes (0x000071df3f418508) [0x000071df3f418600, 0x000071df3f418b08] Compiler: c1, Barriers: 2, Oops: 0, ImmediateOops: 0, NonImmediateOops: No
[1,404s][debug][gc,nmethod  ] Register NMethod: java.lang.invoke.MethodHandle.linkToStatic (0x000071df5ebec708) [0x000071df5ebec800, 0x000071df5ebec8f0] Compiler: , Barriers: 0, Oops: 0, ImmediateOops: 0, NonImmediateOops: No
[1,404s][debug][gc,nmethod  ] Register NMethod: jdk.internal.util.ReferencedKeyMap.removeStaleReferences (0x000071df3f418b88) [0x000071df3f418c80, 0x000071df3f4192a0] Compiler: c1, Barriers: 2, Oops: 0, ImmediateOops: 0, NonImmediateOops: No
[1,404s][debug][gc,nmethod  ] Register NMethod: java.lang.String.<init> (0x000071df3f419308) [0x000071df3f419400, 0x000071df3f4195d8] Compiler: c1, Barriers: 3, Oops: 0, ImmediateOops: 0, NonImmediateOops: No
[1,404s][debug][gc,nmethod  ] Register NMethod: java.lang.invoke.MethodHandle.linkToSpecial (0x000071df5ebeca08) [0x000071df5ebecb00, 0x000071df5ebecbf8] Compiler: , Barriers: 0, Oops: 0, ImmediateOops: 0, NonImmediateOops: No
[1,405s][debug][gc,nmethod  ] Register NMethod: jdk.internal.classfile.impl.BufWriterImpl.reserveSpace (0x000071df3f419608) [0x000071df3f419700, 0x000071df3f419a18] Compiler: c1, Barriers: 4, Oops: 0, ImmediateOops: 0, NonImmediateOops: No
[1,405s][debug][gc,nmethod  ] Register NMethod: java.lang.invoke.MemberName.getDeclaringClass (0x000071df5ebecd08) [0x000071df5ebece00, 0x000071df5ebecee8] Compiler: c1, Barriers: 1, Oops: 0, ImmediateOops: 0, NonImmediateOops: No
[1,405s][debug][gc,nmethod  ] Register NMethod: jdk.internal.classfile.impl.RawBytecodeHelper.bci (0x000071df5ebed008) [0x000071df5ebed100, 0x000071df5ebed1c0] Compiler: c1, Barriers: 0, Oops: 0, ImmediateOops: 0, NonImmediateOops: No
[1,406s][debug][gc,nmethod  ] Register NMethod: jdk.internal.classfile.impl.SplitConstantPool.map (0x000071df3f419a88) [0x000071df3f419ba0, 0x000071df3f41b2a0] Compiler: c1, Barriers: 9, Oops: 0, ImmediateOops: 0, NonImmediateOops: No
[1,406s][debug][gc,nmethod  ] Register NMethod: java.lang.String.coder (0x000071df5ebed308) [0x000071df5ebed400, 0x000071df5ebed488] Compiler: jvmci, Barriers: 0, Oops: 0, ImmediateOops: 0, NonImmediateOops: No
[1,406s][debug][gc,nmethod  ] Register NMethod: java.lang.invoke.MethodType.hashCode (0x000071df3f41b308) [0x000071df3f41b400, 0x000071df3f41ba80] Compiler: c1, Barriers: 3, Oops: 0, ImmediateOops: 0, NonImmediateOops: No
[1,407s][debug][gc,nmethod  ] Register NMethod: java.util.concurrent.ConcurrentHashMap.get (0x000071df3f41ba88) [0x000071df3f41bb80, 0x000071df3f41cb98] Compiler: c1, Barriers: 7, Oops: 0, ImmediateOops: 0, NonImmediateOops: No
[1,407s][debug][gc,nmethod  ] Register NMethod: java.lang.invoke.MemberName.anyFlagSet (0x000071df3f41cc08) [0x000071df3f41cd00, 0x000071df3f41ce50] Compiler: c1, Barriers: 0, Oops: 0, ImmediateOops: 0, NonImmediateOops: No
[1,407s][debug][gc,nmethod  ] Register NMethod: java.lang.invoke.MemberName.isInvocable (0x000071df3f41cf08) [0x000071df3f41d000, 0x000071df3f41d1b8] Compiler: c1, Barriers: 0, Oops: 0, ImmediateOops: 0, NonImmediateOops: No
[1,407s][debug][gc,nmethod  ] Register NMethod: jdk.internal.util.ReferencedKeyMap.lookupKey (0x000071df3f41d208) [0x000071df3f41d300, 0x000071df3f41d588] Compiler: c1, Barriers: 3, Oops: 0, ImmediateOops: 0, NonImmediateOops: No
[1,407s][debug][gc,nmethod  ] Register NMethod: jdk.internal.util.StrongReferenceKey.<init> (0x000071df3f41d608) [0x000071df3f41d700, 0x000071df3f41d8d0] Compiler: c1, Barriers: 3, Oops: 0, ImmediateOops: 0, NonImmediateOops: No
[1,407s][debug][gc,nmethod  ] Register NMethod: jdk.internal.util.StrongReferenceKey.hashCode (0x000071df3f41d908) [0x000071df3f41da00, 0x000071df3f41df10] Compiler: c1, Barriers: 1, Oops: 0, ImmediateOops: 0, NonImmediateOops: No
[1,407s][debug][gc,nmethod  ] Register NMethod: jdk.internal.classfile.impl.AbstractPoolEntry.constantPool (0x000071df5ebed608) [0x000071df5ebed700, 0x000071df5ebed7e8] Compiler: c1, Barriers: 1, Oops: 0, ImmediateOops: 0, NonImmediateOops: No
[1,408s][debug][gc,nmethod  ] Register NMethod: java.lang.invoke.MethodHandle.linkToInterface (0x000071df5ebed908) [0x000071df5ebeda00, 0x000071df5ebedb30] Compiler: , Barriers: 0, Oops: 0, ImmediateOops: 0, NonImmediateOops: No
[1,409s][debug][gc,nmethod  ] Register NMethod: java.lang.Class.isArray (0x000071df3f41df88) [0x000071df3f41e080, 0x000071df3f41e200] Compiler: c1, Barriers: 1, Oops: 0, ImmediateOops: 0, NonImmediateOops: No
[1,410s][debug][gc,nmethod  ] Register NMethod: java.lang.StringCoding.countNonZeroAsciiLatin1 (0x000071df3f41e288) [0x000071df3f41e380, 0x000071df3f41e588] Compiler: c1, Barriers: 0, Oops: 0, ImmediateOops: 0, NonImmediateOops: No
[1,410s][debug][gc,nmethod  ] Register NMethod: java.lang.invoke.MethodHandle.linkToStatic (0x000071df5ebedc08) [0x000071df5ebedd00, 0x000071df5ebeddf0] Compiler: , Barriers: 0, Oops: 0, ImmediateOops: 0, NonImmediateOops: No
[1,410s][debug][gc,nmethod  ] Register NMethod: jdk.internal.classfile.impl.AbstractPoolEntry.hashString (0x000071df3f41e608) [0x000071df3f41e700, 0x000071df3f41e7e8] Compiler: c1, Barriers: 0, Oops: 0, ImmediateOops: 0, NonImmediateOops: No
[1,410s][debug][gc,nmethod  ] Register NMethod: jdk.internal.classfile.impl.SplitConstantPool.entryByIndex (0x000071df3f41e908) [0x000071df3f41ea00, 0x000071df3f420ab0] Compiler: c1, Barriers: 3, Oops: 2, ImmediateOops: 5, NonImmediateOops: No
[1,410s][debug][gc,nmethod  ] Register NMethod: jdk.internal.util.Preconditions.checkFromToIndex (0x000071df3f420b08) [0x000071df3f420c00, 0x000071df3f420db8] Compiler: c1, Barriers: 0, Oops: 0, ImmediateOops: 0, NonImmediateOops: No
[1,410s][debug][gc,nmethod  ] Register NMethod: java.lang.String.checkBoundsBeginEnd (0x000071df3f420e08) [0x000071df3f420f00, 0x000071df3f421118] Compiler: c1, Barriers: 0, Oops: 1, ImmediateOops: 1, NonImmediateOops: No
[1,411s][debug][gc,nmethod  ] Register NMethod: jdk.internal.classfile.impl.BufWriterImpl.size (0x000071df5ebedf08) [0x000071df5ebee000, 0x000071df5ebee0c0] Compiler: c1, Barriers: 0, Oops: 0, ImmediateOops: 0, NonImmediateOops: No
[1,412s][debug][gc,nmethod  ] Register NMethod: jdk.internal.classfile.impl.EntryMap.firstToken (0x000071df3f421188) [0x000071df3f421280, 0x000071df3f421770] Compiler: c1, Barriers: 1, Oops: 0, ImmediateOops: 1, NonImmediateOops: No
[1,412s][debug][gc,nmethod  ] Register NMethod: java.lang.String.value (0x000071df5ebee208) [0x000071df5ebee300, 0x000071df5ebee3e8] Compiler: c1, Barriers: 1, Oops: 0, ImmediateOops: 0, NonImmediateOops: No
[1,412s][debug][gc,nmethod  ] Register NMethod: java.lang.invoke.MethodType.form (0x000071df5ebee508) [0x000071df5ebee600, 0x000071df5ebee6e8] Compiler: c1, Barriers: 1, Oops: 0, ImmediateOops: 0, NonImmediateOops: No
[1,413s][debug][gc,nmethod  ] Register NMethod: java.lang.invoke.MethodHandle.linkToSpecial (0x000071df5ebee808) [0x000071df5ebee900, 0x000071df5ebee9f8] Compiler: , Barriers: 0, Oops: 0, ImmediateOops: 0, NonImmediateOops: No
[1,413s][debug][gc,nmethod  ] Register NMethod: java.util.Objects.requireNonNull (0x000071df3f421788) [0x000071df3f421880, 0x000071df3f421a58] Compiler: c1, Barriers: 0, Oops: 0, ImmediateOops: 0, NonImmediateOops: No
[1,413s][debug][gc,director ] Rule Major: Warmup 10%, Used: 8MB, UsedThreshold: 1228MB
[1,413s][debug][gc,nmethod  ] Register NMethod: jdk.internal.classfile.impl.AbstractPoolEntry.<init> (0x000071df3f421a88) [0x000071df3f421b80, 0x000071df3f421d58] Compiler: c1, Barriers: 3, Oops: 0, ImmediateOops: 0, NonImmediateOops: No
[1,413s][debug][gc,nmethod  ] Register NMethod: jdk.internal.constant.ClassOrInterfaceDescImpl.descriptorString (0x000071df5ebeeb08) [0x000071df5ebeec00, 0x000071df5ebeece8] Compiler: c1, Barriers: 1, Oops: 0, ImmediateOops: 0, NonImmediateOops: No
[1,413s][debug][gc,nmethod  ] Register NMethod: java.lang.invoke.MethodType.parameterCount (0x000071df3f421d88) [0x000071df3f421e80, 0x000071df3f421fb8] Compiler: c1, Barriers: 1, Oops: 0, ImmediateOops: 0, NonImmediateOops: No
[1,413s][debug][gc,nmethod  ] Register NMethod: jdk.internal.util.ReferencedKeyMap.getNoCheckStale (0x000071df3f422088) [0x000071df3f422180, 0x000071df3f422800] Compiler: c1, Barriers: 4, Oops: 1, ImmediateOops: 1, NonImmediateOops: No
[1,413s][debug][gc,nmethod  ] Register NMethod: jdk.internal.misc.Unsafe.allocateUninitializedArray (0x000071df3f422888) [0x000071df3f422980, 0x000071df3f422f48] Compiler: c1, Barriers: 0, Oops: 0, ImmediateOops: 3, NonImmediateOops: No
[1,413s][debug][gc,nmethod  ] Register NMethod: java.lang.StringConcatHelper.newArray (0x000071df3f422f88) [0x000071df3f423080, 0x000071df3f423658] Compiler: c1, Barriers: 0, Oops: 0, ImmediateOops: 3, NonImmediateOops: No
[1,414s][debug][gc,nmethod  ] Register NMethod: jdk.internal.util.ReferencedKeyMap.get (0x000071df3f423688) [0x000071df3f423780, 0x000071df3f4245a8] Compiler: c1, Barriers: 6, Oops: 1, ImmediateOops: 1, NonImmediateOops: No
[1,414s][debug][gc,nmethod  ] Register NMethod: jdk.internal.misc.Unsafe.allocateUninitializedArray0 (0x000071df3f424608) [0x000071df3f424700, 0x000071df3f424f20] Compiler: c1, Barriers: 0, Oops: 0, ImmediateOops: 8, NonImmediateOops: No
[1,414s][debug][gc,nmethod  ] Register NMethod: jdk.internal.classfile.impl.SplitConstantPool.internalAdd (0x000071df3f424f88) [0x000071df3f425080, 0x000071df3f4253d8] Compiler: c1, Barriers: 0, Oops: 0, ImmediateOops: 0, NonImmediateOops: No
[1,414s][debug][gc,nmethod  ] Register NMethod: jdk.internal.classfile.impl.EntryMap.put (0x000071df3f425408) [0x000071df3f425500, 0x000071df3f425bd0] Compiler: c1, Barriers: 1, Oops: 0, ImmediateOops: 1, NonImmediateOops: No
[1,414s][debug][gc,nmethod  ] Register NMethod: jdk.internal.classfile.impl.SplitConstantPool.internalAdd (0x000071df3f425c08) [0x000071df3f425d00, 0x000071df3f426ae8] Compiler: c1, Barriers: 8, Oops: 0, ImmediateOops: 1, NonImmediateOops: No
[1,414s][debug][gc,nmethod  ] Register NMethod: java.util.HashMap.hash (0x000071df3f426b08) [0x000071df3f426c00, 0x000071df3f426f38] Compiler: c1, Barriers: 0, Oops: 0, ImmediateOops: 0, NonImmediateOops: No
[1,414s][debug][gc,nmethod  ] Register NMethod: java.util.stream.FindOps$FindSink.cancellationRequested (0x000071df5ebeee08) [0x000071df5ebeef00, 0x000071df5ebeefc0] Compiler: c1, Barriers: 0, Oops: 0, ImmediateOops: 0, NonImmediateOops: No
[1,415s][debug][gc,nmethod  ] Register NMethod: java.util.stream.Sink$ChainedReference.cancellationRequested (0x000071df3f426f88) [0x000071df3f427080, 0x000071df3f4273c8] Compiler: c1, Barriers: 1, Oops: 0, ImmediateOops: 0, NonImmediateOops: No
[1,415s][debug][gc,nmethod  ] Register NMethod: java.util.stream.ReferencePipeline$2$1.accept (0x000071df3f427408) [0x000071df3f427500, 0x000071df3f427ac0] Compiler: c1, Barriers: 2, Oops: 0, ImmediateOops: 0, NonImmediateOops: No
[1,415s][debug][gc,nmethod  ] Register NMethod: java.lang.module.ModuleDescriptor$Exports.isQualified (0x000071df3f427b08) [0x000071df3f427c00, 0x000071df3f427f90] Compiler: c1, Barriers: 1, Oops: 0, ImmediateOops: 0, NonImmediateOops: No
[1,415s][debug][gc,nmethod  ] Register NMethod: jdk.internal.module.DefaultRoots.lambda$exportsAPI$0 (0x000071df3f428008) [0x000071df3f428100, 0x000071df3f4286d8] Compiler: c1, Barriers: 1, Oops: 0, ImmediateOops: 0, NonImmediateOops: No
[1,415s][debug][gc,nmethod  ] Register NMethod: jdk.internal.module.DefaultRoots$$Lambda/0x00000000ae057da8.test (0x000071df3f428708) [0x000071df3f428800, 0x000071df3f429058] Compiler: c1, Barriers: 1, Oops: 0, ImmediateOops: 0, NonImmediateOops: No
[1,415s][debug][gc,nmethod  ] Register NMethod: java.util.ImmutableCollections$SetN.isEmpty (0x000071df3f429088) [0x000071df3f429180, 0x000071df3f4292d0] Compiler: c1, Barriers: 0, Oops: 0, ImmediateOops: 0, NonImmediateOops: No
[1,415s][debug][gc,nmethod  ] Register NMethod: java.util.Spliterators$IteratorSpliterator.tryAdvance (0x000071df3f429388) [0x000071df3f429480, 0x000071df3f42a2b0] Compiler: c1, Barriers: 8, Oops: 0, ImmediateOops: 0, NonImmediateOops: No
[1,416s][debug][gc,nmethod  ] Register NMethod: java.util.HashMap.afterNodeInsertion (0x000071df3f42a308) [0x000071df3f42a400, 0x000071df3f42a500] Compiler: c1, Barriers: 0, Oops: 0, ImmediateOops: 0, NonImmediateOops: No
[1,416s][debug][gc,nmethod  ] Register NMethod: java.util.HashMap$Node.<init> (0x000071df3f42a608) [0x000071df3f42a700, 0x000071df3f42a9c0] Compiler: c1, Barriers: 9, Oops: 0, ImmediateOops: 0, NonImmediateOops: No
[1,416s][debug][gc,nmethod  ] Register NMethod: java.util.HashMap.newNode (0x000071df3f42aa08) [0x000071df3f42ab00, 0x000071df3f42ae80] Compiler: c1, Barriers: 9, Oops: 0, ImmediateOops: 0, NonImmediateOops: No
[1,416s][debug][gc,nmethod  ] Register NMethod: java.util.HashMap.put (0x000071df3f42ae88) [0x000071df3f42af80, 0x000071df3f42b568] Compiler: c1, Barriers: 0, Oops: 0, ImmediateOops: 0, NonImmediateOops: No
[1,416s][debug][gc,nmethod  ] Register NMethod: java.util.ImmutableCollections$MapN.get (0x000071df3f42b588) [0x000071df3f42b680, 0x000071df3f42ba58] Compiler: c1, Barriers: 2, Oops: 0, ImmediateOops: 0, NonImmediateOops: No
[1,416s][debug][gc,nmethod  ] Register NMethod: java.util.Optional.<init> (0x000071df3f42ba88) [0x000071df3f42bb80, 0x000071df3f42bd50] Compiler: c1, Barriers: 3, Oops: 0, ImmediateOops: 0, NonImmediateOops: No
[1,417s][debug][gc,nmethod  ] Register NMethod: java.util.ImmutableCollections$MapN.probe (0x000071df3f42bd88) [0x000071df3f42be80, 0x000071df3f42c6b0] Compiler: c1, Barriers: 4, Oops: 0, ImmediateOops: 0, NonImmediateOops: No
[1,417s][debug][gc,nmethod  ] Register NMethod: java.util.ImmutableCollections$Set12$1.hasNext (0x000071df3f42c708) [0x000071df3f42c800, 0x000071df3f42c950] Compiler: c1, Barriers: 0, Oops: 0, ImmediateOops: 0, NonImmediateOops: No
[1,417s][debug][gc,nmethod  ] Register NMethod: jdk.internal.module.ModuleReferenceImpl.moduleResolution (0x000071df5ebef108) [0x000071df5ebef200, 0x000071df5ebef2e8] Compiler: c1, Barriers: 1, Oops: 0, ImmediateOops: 0, NonImmediateOops: No
[1,417s][debug][gc,nmethod  ] Register NMethod: java.util.HashMap.putVal (0x000071df3f42ca08) [0x000071df3f42cb00, 0x000071df3f42e7e0] Compiler: c1, Barriers: 15, Oops: 0, ImmediateOops: 0, NonImmediateOops: No
[1,417s][debug][gc,nmethod  ] Register NMethod: java.util.HashMap.getNode (0x000071df3f42e808) [0x000071df3f42e900, 0x000071df3f42fc10] Compiler: c1, Barriers: 6, Oops: 0, ImmediateOops: 0, NonImmediateOops: No
[1,417s][debug][gc,nmethod  ] Register NMethod: java.util.HashSet.add (0x000071df3f42fc88) [0x000071df3f42fd80, 0x000071df3f42ff60] Compiler: c1, Barriers: 1, Oops: 0, ImmediateOops: 1, NonImmediateOops: No
[1,417s][debug][gc,nmethod  ] Register NMethod: java.util.HashMap$HashIterator.hasNext (0x000071df3f42ff88) [0x000071df3f430080, 0x000071df3f430200] Compiler: c1, Barriers: 1, Oops: 0, ImmediateOops: 0, NonImmediateOops: No
[1,417s][debug][gc,nmethod  ] Register NMethod: java.util.HashMap$HashIterator.nextNode (0x000071df3f430288) [0x000071df3f430380, 0x000071df3f430998] Compiler: c1, Barriers: 14, Oops: 0, ImmediateOops: 0, NonImmediateOops: No
[1,417s][debug][gc,nmethod  ] Register NMethod: java.util.HashMap.get (0x000071df3f430a08) [0x000071df3f430b00, 0x000071df3f430e98] Compiler: c1, Barriers: 1, Oops: 0, ImmediateOops: 0, NonImmediateOops: No
[1,417s][debug][gc,nmethod  ] Register NMethod: java.lang.module.ModuleDescriptor$Requires.modifiers (0x000071df5ebef408) [0x000071df5ebef500, 0x000071df5ebef5e8] Compiler: c1, Barriers: 1, Oops: 0, ImmediateOops: 0, NonImmediateOops: No
[1,418s][debug][gc,nmethod  ] Register NMethod: java.lang.module.ModuleDescriptor$Requires.name (0x000071df5ebef708) [0x000071df5ebef800, 0x000071df5ebef8e8] Compiler: c1, Barriers: 1, Oops: 0, ImmediateOops: 0, NonImmediateOops: No
[1,418s][debug][gc,nmethod  ] Register NMethod: java.util.Optional.ofNullable (0x000071df3f430f08) [0x000071df3f431000, 0x000071df3f4312b8] Compiler: c1, Barriers: 3, Oops: 0, ImmediateOops: 1, NonImmediateOops: No
[1,418s][debug][gc,nmethod  ] Register NMethod: java.lang.module.Resolver.isTracing (0x000071df3f431308) [0x000071df3f431400, 0x000071df3f431580] Compiler: c1, Barriers: 1, Oops: 0, ImmediateOops: 0, NonImmediateOops: No
[1,418s][debug][gc,nmethod  ] Register NMethod: jdk.internal.module.SystemModuleFinders$SystemModuleFinder.find (0x000071df3f431608) [0x000071df3f431700, 0x000071df3f431fd0] Compiler: c1, Barriers: 4, Oops: 0, ImmediateOops: 1, NonImmediateOops: No
[1,418s][debug][gc,nmethod  ] Register NMethod: java.util.HashMap.containsKey (0x000071df3f432008) [0x000071df3f432100, 0x000071df3f432440] Compiler: c1, Barriers: 0, Oops: 0, ImmediateOops: 0, NonImmediateOops: No
[1,419s][debug][gc,nmethod  ] Register NMethod: java.util.HashMap.get (0x000071df3f432488) [0x000071df3f432580, 0x000071df3f432918] Compiler: c1, Barriers: 1, Oops: 0, ImmediateOops: 0, NonImmediateOops: No
[1,419s][debug][gc,nmethod  ] Register NMethod: java.util.HashMap.put (0x000071df3f432988) [0x000071df3f432a80, 0x000071df3f433068] Compiler: c1, Barriers: 0, Oops: 0, ImmediateOops: 0, NonImmediateOops: No
[1,419s][debug][gc,nmethod  ] Register NMethod: java.util.HashSet.add (0x000071df3f433088) [0x000071df3f433180, 0x000071df3f433510] Compiler: c1, Barriers: 1, Oops: 0, ImmediateOops: 1, NonImmediateOops: No
[1,419s][debug][gc,nmethod  ] Register NMethod: java.lang.module.ModuleDescriptor.requires (0x000071df5ebefa08) [0x000071df5ebefb00, 0x000071df5ebefbe8] Compiler: c1, Barriers: 1, Oops: 0, ImmediateOops: 0, NonImmediateOops: No
[1,419s][debug][gc,nmethod  ] Register NMethod: java.lang.module.ModuleDescriptor.hashCode (0x000071df3f433588) [0x000071df3f433680, 0x000071df3f434ef8] Compiler: c1, Barriers: 12, Oops: 0, ImmediateOops: 0, NonImmediateOops: No
[1,419s][debug][gc,nmethod  ] Register NMethod: java.util.ImmutableCollections$Set12$1.next (0x000071df3f434f08) [0x000071df3f435000, 0x000071df3f4353a8] Compiler: c1, Barriers: 5, Oops: 0, ImmediateOops: 1, NonImmediateOops: No
[1,419s][debug][gc,nmethod  ] Register NMethod: java.util.HashMap$KeyIterator.next (0x000071df3f435408) [0x000071df3f435500, 0x000071df3f435830] Compiler: c1, Barriers: 1, Oops: 0, ImmediateOops: 0, NonImmediateOops: No
[1,419s][debug][gc,nmethod  ] Register NMethod: java.util.HashMap.putVal (0x000071df3f435888) [0x000071df3f435980, 0x000071df3f437d10] Compiler: c1, Barriers: 15, Oops: 0, ImmediateOops: 0, NonImmediateOops: No
[1,419s][debug][gc,nmethod  ] Register NMethod: java.util.ImmutableCollections$SetN.contains (0x000071df3f437d88) [0x000071df3f437e80, 0x000071df3f438180] Compiler: c1, Barriers: 0, Oops: 0, ImmediateOops: 0, NonImmediateOops: No
[1,419s][debug][gc,nmethod  ] Register NMethod: java.util.ImmutableCollections$Set12.iterator (0x000071df3f438188) [0x000071df3f438280, 0x000071df3f438420] Compiler: c1, Barriers: 0, Oops: 0, ImmediateOops: 0, NonImmediateOops: No
[1,420s][debug][gc,nmethod  ] Register NMethod: jdk.internal.module.ModuleReferenceImpl.hashCode (0x000071df3f438488) [0x000071df3f438580, 0x000071df3f438f08] Compiler: c1, Barriers: 3, Oops: 0, ImmediateOops: 0, NonImmediateOops: No
[1,420s][debug][gc,nmethod  ] Register NMethod: java.util.AbstractMap.<init> (0x000071df3f438f88) [0x000071df3f439080, 0x000071df3f4391d8] Compiler: c1, Barriers: 0, Oops: 0, ImmediateOops: 0, NonImmediateOops: No
[1,420s][debug][gc,nmethod  ] Register NMethod: java.lang.module.ResolvedModule.hashCode (0x000071df3f439288) [0x000071df3f439380, 0x000071df3f439750] Compiler: c1, Barriers: 2, Oops: 0, ImmediateOops: 0, NonImmediateOops: No
[1,420s][debug][gc,nmethod  ] Register NMethod: java.util.ImmutableCollections$Set12$1.<init> (0x000071df3f439788) [0x000071df3f439880, 0x000071df3f439c30] Compiler: c1, Barriers: 4, Oops: 0, ImmediateOops: 1, NonImmediateOops: No
[1,420s][debug][gc,nmethod  ] Register NMethod: java.util.AbstractSet.<init> (0x000071df3f439c88) [0x000071df3f439d80, 0x000071df3f439f38] Compiler: c1, Barriers: 0, Oops: 0, ImmediateOops: 0, NonImmediateOops: No
[1,420s][debug][gc,nmethod  ] Register NMethod: java.util.HashMap$ValueIterator.next (0x000071df3f439f88) [0x000071df3f43a080, 0x000071df3f43a3b0] Compiler: c1, Barriers: 1, Oops: 0, ImmediateOops: 0, NonImmediateOops: No
[1,420s][debug][gc,nmethod  ] Register NMethod: java.lang.Object.equals (0x000071df3f43a408) [0x000071df3f43a500, 0x000071df3f43a650] Compiler: c1, Barriers: 0, Oops: 0, ImmediateOops: 0, NonImmediateOops: No
[1,420s][debug][gc,nmethod  ] Register NMethod: java.lang.module.ModuleDescriptor.isAutomatic (0x000071df5ebefd08) [0x000071df5ebefe00, 0x000071df5ebefec0] Compiler: c1, Barriers: 0, Oops: 0, ImmediateOops: 0, NonImmediateOops: No
[1,420s][debug][gc,nmethod  ] Register NMethod: java.util.HashMap$Node.getKey (0x000071df5ebf0008) [0x000071df5ebf0100, 0x000071df5ebf01e8] Compiler: c1, Barriers: 1, Oops: 0, ImmediateOops: 0, NonImmediateOops: No
[1,420s][debug][gc,nmethod  ] Register NMethod: java.util.HashSet.contains (0x000071df3f43a708) [0x000071df3f43a800, 0x000071df3f43ad98] Compiler: c1, Barriers: 1, Oops: 0, ImmediateOops: 0, NonImmediateOops: No
[1,420s][debug][gc,nmethod  ] Register NMethod: java.util.HashMap$Node.getValue (0x000071df5ebf0308) [0x000071df5ebf0400, 0x000071df5ebf04e8] Compiler: c1, Barriers: 1, Oops: 0, ImmediateOops: 0, NonImmediateOops: No
[1,420s][debug][gc,nmethod  ] Register NMethod: java.util.HashMap$KeySet.iterator (0x000071df3f43ae08) [0x000071df3f43af00, 0x000071df3f43b280] Compiler: c1, Barriers: 1, Oops: 0, ImmediateOops: 0, NonImmediateOops: No
[1,420s][debug][gc,nmethod  ] Register NMethod: java.util.HashMap$KeyIterator.<init> (0x000071df3f43b288) [0x000071df3f43b380, 0x000071df3f43b600] Compiler: c1, Barriers: 0, Oops: 0, ImmediateOops: 0, NonImmediateOops: No
[1,420s][debug][gc,nmethod  ] Register NMethod: java.util.HashMap.keySet (0x000071df3f43b608) [0x000071df3f43b700, 0x000071df3f43bb88] Compiler: c1, Barriers: 7, Oops: 0, ImmediateOops: 0, NonImmediateOops: No
[1,420s][debug][gc,nmethod  ] Register NMethod: java.util.HashMap$HashIterator.<init> (0x000071df3f43bc08) [0x000071df3f43bd00, 0x000071df3f43c350] Compiler: c1, Barriers: 14, Oops: 0, ImmediateOops: 0, NonImmediateOops: No
[1,421s][debug][gc,nmethod  ] Register NMethod: java.util.HashSet.iterator (0x000071df3f43c388) [0x000071df3f43c480, 0x000071df3f43c9c8] Compiler: c1, Barriers: 1, Oops: 0, ImmediateOops: 0, NonImmediateOops: No
[1,421s][debug][gc,nmethod  ] Register NMethod: java.util.ImmutableCollections$Set12.isEmpty (0x000071df5ebf0608) [0x000071df5ebf0700, 0x000071df5ebf07c0] Compiler: c1, Barriers: 0, Oops: 0, ImmediateOops: 0, NonImmediateOops: No
[1,421s][debug][gc,nmethod  ] Register NMethod: java.util.Objects.requireNonNull (0x000071df5ebf0908) [0x000071df5ebf0a00, 0x000071df5ebf0a98] Compiler: jvmci, Barriers: 0, Oops: 0, ImmediateOops: 0, NonImmediateOops: No
[1,421s][debug][gc,nmethod  ] Register NMethod: java.lang.module.ModuleDescriptor$Exports.source (0x000071df5ebf0c08) [0x000071df5ebf0d00, 0x000071df5ebf0de8] Compiler: c1, Barriers: 1, Oops: 0, ImmediateOops: 0, NonImmediateOops: No
[1,421s][debug][gc,nmethod  ] Register NMethod: java.lang.module.ModuleDescriptor$Exports.targets (0x000071df5ebf0f08) [0x000071df5ebf1000, 0x000071df5ebf10e8] Compiler: c1, Barriers: 1, Oops: 0, ImmediateOops: 0, NonImmediateOops: No
[1,421s][debug][gc,nmethod  ] Register NMethod: java.util.ImmutableCollections$Set12.contains (0x000071df3f43ca08) [0x000071df3f43cb00, 0x000071df3f43d108] Compiler: c1, Barriers: 2, Oops: 0, ImmediateOops: 0, NonImmediateOops: No
[1,421s][debug][gc,nmethod  ] Register NMethod: java.util.HashMap.putIfAbsent (0x000071df3f43d188) [0x000071df3f43d280, 0x000071df3f43d868] Compiler: c1, Barriers: 0, Oops: 0, ImmediateOops: 0, NonImmediateOops: No
[1,421s][debug][gc,nmethod  ] Register NMethod: java.util.HashMap.<init> (0x000071df3f43d888) [0x000071df3f43d980, 0x000071df3f43db40] Compiler: c1, Barriers: 0, Oops: 0, ImmediateOops: 0, NonImmediateOops: No
[1,422s][debug][gc,nmethod  ] Register NMethod: java.util.HashMap.resize (0x000071df3f43db88) [0x000071df3f43dca0, 0x000071df3f43f980] Compiler: c1, Barriers: 31, Oops: 0, ImmediateOops: 0, NonImmediateOops: No
[1,422s][debug][gc,nmethod  ] Register NMethod: java.util.HashMap.afterNodeInsertion (0x000071df5ebf1208) [0x000071df5ebf1300, 0x000071df5ebf1380] Compiler: jvmci, Barriers: 0, Oops: 0, ImmediateOops: 0, NonImmediateOops: No
[1,422s][debug][gc,nmethod  ] Register NMethod: java.lang.module.ModuleDescriptor.provides (0x000071df5ebf1508) [0x000071df5ebf1600, 0x000071df5ebf16e8] Compiler: c1, Barriers: 1, Oops: 0, ImmediateOops: 0, NonImmediateOops: No
[1,422s][debug][gc,nmethod  ] Register NMethod: java.lang.module.ModuleDescriptor.exports (0x000071df5ebf1808) [0x000071df5ebf1900, 0x000071df5ebf19e8] Compiler: c1, Barriers: 1, Oops: 0, ImmediateOops: 0, NonImmediateOops: No
[1,423s][debug][gc,nmethod  ] Register NMethod: java.util.Arrays.copyOfRange (0x000071df3f43f988) [0x000071df3f43fa80, 0x000071df3f440d50] Compiler: c1, Barriers: 0, Oops: 1, ImmediateOops: 2, NonImmediateOops: No
[1,423s][debug][gc,director ] Rule Major: Warmup 10%, Used: 10MB, UsedThreshold: 1228MB
[1,423s][debug][gc,nmethod  ] Register NMethod: java.lang.module.ModuleDescriptor$Provides.service (0x000071df5ebf1b08) [0x000071df5ebf1c00, 0x000071df5ebf1ce8] Compiler: c1, Barriers: 1, Oops: 0, ImmediateOops: 0, NonImmediateOops: No
[1,423s][debug][gc,nmethod  ] Register NMethod: java.lang.module.ModuleDescriptor.uses (0x000071df5ebf1e08) [0x000071df5ebf1f00, 0x000071df5ebf1fe8] Compiler: c1, Barriers: 1, Oops: 0, ImmediateOops: 0, NonImmediateOops: No
[1,423s][debug][gc,nmethod  ] Register NMethod: java.lang.StringLatin1.newString (0x000071df3f440d88) [0x000071df3f440e80, 0x000071df3f4411a0] Compiler: c1, Barriers: 3, Oops: 0, ImmediateOops: 1, NonImmediateOops: No
[1,423s][debug][gc,nmethod  ] Register NMethod: java.util.ImmutableCollections$SetN$SetNIterator.hasNext (0x000071df5ebf2108) [0x000071df5ebf2200, 0x000071df5ebf2290] Compiler: jvmci, Barriers: 0, Oops: 0, ImmediateOops: 0, NonImmediateOops: No
[1,423s][debug][gc,nmethod  ] Register NMethod: java.lang.module.ResolvedModule.descriptor (0x000071df3f441208) [0x000071df3f441300, 0x000071df3f441640] Compiler: c1, Barriers: 2, Oops: 0, ImmediateOops: 0, NonImmediateOops: No
[1,423s][debug][gc,nmethod  ] Register NMethod: java.lang.String.substring (0x000071df3f441688) [0x000071df3f441780, 0x000071df3f4422a0] Compiler: c1, Barriers: 1, Oops: 1, ImmediateOops: 1, NonImmediateOops: No
[1,423s][debug][gc,nmethod  ] Register NMethod: java.util.HashMap$EntryIterator.next (0x000071df3f442308) [0x000071df3f442400, 0x000071df3f4426f8] Compiler: c1, Barriers: 0, Oops: 0, ImmediateOops: 0, NonImmediateOops: No
[1,423s][debug][gc,nmethod  ] Register NMethod: java.util.HashMap$EntryIterator.next (0x000071df3f442708) [0x000071df3f442800, 0x000071df3f442d10] Compiler: c1, Barriers: 0, Oops: 0, ImmediateOops: 0, NonImmediateOops: No
[1,424s][debug][gc,nmethod  ] Register NMethod: java.lang.StringLatin1.lastIndexOf (0x000071df3f442d88) [0x000071df3f442e80, 0x000071df3f4432a0] Compiler: c1, Barriers: 0, Oops: 0, ImmediateOops: 0, NonImmediateOops: No
[1,424s][debug][gc,nmethod  ] Register NMethod: java.util.HashSet.<init> (0x000071df3f443308) [0x000071df3f443400, 0x000071df3f443808] Compiler: c1, Barriers: 3, Oops: 0, ImmediateOops: 0, NonImmediateOops: No
[1,426s][debug][gc,nmethod  ] Register NMethod: java.util.KeyValueHolder.getValue (0x000071df5ebf2408) [0x000071df5ebf2500, 0x000071df5ebf25e8] Compiler: c1, Barriers: 1, Oops: 0, ImmediateOops: 0, NonImmediateOops: No
[1,426s][debug][gc,nmethod  ] Register NMethod: java.util.KeyValueHolder.getKey (0x000071df5ebf2708) [0x000071df5ebf2800, 0x000071df5ebf28e8] Compiler: c1, Barriers: 1, Oops: 0, ImmediateOops: 0, NonImmediateOops: No
[1,426s][debug][gc,nmethod  ] Register NMethod: java.lang.module.ModuleDescriptor.packages (0x000071df5ebf2a08) [0x000071df5ebf2b00, 0x000071df5ebf2be8] Compiler: c1, Barriers: 1, Oops: 0, ImmediateOops: 0, NonImmediateOops: No
[1,426s][debug][gc,nmethod  ] Register NMethod: java.util.concurrent.ConcurrentHashMap.casTabAt (0x000071df3f443888) [0x000071df3f443980, 0x000071df3f443af0] Compiler: c1, Barriers: 5, Oops: 0, ImmediateOops: 0, NonImmediateOops: No
[1,426s][debug][gc,nmethod  ] Register NMethod: java.util.Optional.orElse (0x000071df3f443b88) [0x000071df3f443c80, 0x000071df3f443e18] Compiler: c1, Barriers: 1, Oops: 0, ImmediateOops: 0, NonImmediateOops: No
[1,426s][debug][gc,nmethod  ] Register NMethod: java.lang.module.ResolvedModule.reference (0x000071df5ebf2d08) [0x000071df5ebf2e00, 0x000071df5ebf2ee8] Compiler: c1, Barriers: 1, Oops: 0, ImmediateOops: 0, NonImmediateOops: No
[1,427s][debug][gc,nmethod  ] Register NMethod: java.lang.module.ResolvedModule.name (0x000071df3f443e88) [0x000071df3f443f80, 0x000071df3f4444c8] Compiler: c1, Barriers: 3, Oops: 0, ImmediateOops: 0, NonImmediateOops: No
[1,427s][debug][gc,nmethod  ] Register NMethod: java.lang.String.hashCode (0x000071df5ebf3008) [0x000071df5ebf3100, 0x000071df5ebf32a0] Compiler: jvmci, Barriers: 1, Oops: 0, ImmediateOops: 0, NonImmediateOops: No
[1,427s][debug][gc,nmethod  ] Register NMethod: java.lang.AbstractStringBuilder.length (0x000071df5ebf3308) [0x000071df5ebf3400, 0x000071df5ebf34c0] Compiler: c1, Barriers: 0, Oops: 0, ImmediateOops: 0, NonImmediateOops: No
[1,428s][debug][gc,nmethod  ] Register NMethod: java.lang.module.ModuleDescriptor$Version.toString (0x000071df5ebf3608) [0x000071df5ebf3700, 0x000071df5ebf37e8] Compiler: c1, Barriers: 1, Oops: 0, ImmediateOops: 0, NonImmediateOops: No
[1,428s][debug][gc,nmethod  ] Register NMethod: java.lang.AbstractStringBuilder.needsNewBuffer (0x000071df3f444508) [0x000071df3f444600, 0x000071df3f4447a0] Compiler: c1, Barriers: 0, Oops: 0, ImmediateOops: 0, NonImmediateOops: No
[1,429s][debug][gc,nmethod  ] Register NMethod: java.lang.Module.addExports0 (0x000071df5ebf3908) [0x000071df5ebf3a00, 0x000071df5ebf3b80] Compiler: , Barriers: 0, Oops: 0, ImmediateOops: 1, NonImmediateOops: No
[1,429s][debug][gc,nmethod  ] Register NMethod: java.lang.Module.addExportsToAll0 (0x000071df5ebf3c08) [0x000071df5ebf3d00, 0x000071df5ebf3e70] Compiler: , Barriers: 0, Oops: 0, ImmediateOops: 1, NonImmediateOops: No
[1,430s][debug][gc,nmethod  ] Register NMethod: java.lang.Module.addReads0 (0x000071df5ebf3f08) [0x000071df5ebf4000, 0x000071df5ebf4170] Compiler: , Barriers: 0, Oops: 0, ImmediateOops: 1, NonImmediateOops: No
[1,430s][debug][gc,nmethod  ] Register NMethod: java.lang.module.ResolvedModule.configuration (0x000071df5ebf4208) [0x000071df5ebf4300, 0x000071df5ebf43e8] Compiler: c1, Barriers: 1, Oops: 0, ImmediateOops: 0, NonImmediateOops: No
[1,430s][debug][gc,nmethod  ] Register NMethod: java.util.HashMap.isEmpty (0x000071df3f444808) [0x000071df3f444900, 0x000071df3f444a50] Compiler: c1, Barriers: 0, Oops: 0, ImmediateOops: 0, NonImmediateOops: No
[1,430s][debug][gc,nmethod  ] Register NMethod: java.util.HashSet.isEmpty (0x000071df3f444b08) [0x000071df3f444c00, 0x000071df3f444fa8] Compiler: c1, Barriers: 1, Oops: 0, ImmediateOops: 0, NonImmediateOops: No
[1,430s][debug][gc,nmethod  ] Register NMethod: java.lang.Double.doubleToRawLongBits (0x000071df5ebf4508) [0x000071df5ebf4600, 0x000071df5ebf4758] Compiler: , Barriers: 0, Oops: 0, ImmediateOops: 1, NonImmediateOops: No
[1,431s][debug][gc,nmethod  ] Register NMethod: java.lang.Math.max (0x000071df3f445008) [0x000071df3f445100, 0x000071df3f445228] Compiler: c1, Barriers: 0, Oops: 0, ImmediateOops: 0, NonImmediateOops: No
[1,431s][debug][gc,nmethod  ] Register NMethod: java.lang.module.ModuleDescriptor.isOpen (0x000071df5ebf4808) [0x000071df5ebf4900, 0x000071df5ebf49c0] Compiler: c1, Barriers: 0, Oops: 0, ImmediateOops: 0, NonImmediateOops: No
[1,431s][debug][gc,nmethod  ] Register NMethod: java.util.HashMap.size (0x000071df5ebf4b08) [0x000071df5ebf4c00, 0x000071df5ebf4cc0] Compiler: c1, Barriers: 0, Oops: 0, ImmediateOops: 0, NonImmediateOops: No
[1,431s][debug][gc,nmethod  ] Register NMethod: java.util.ImmutableCollections$ListItr.hasNext (0x000071df3f445308) [0x000071df3f445400, 0x000071df3f445550] Compiler: c1, Barriers: 0, Oops: 0, ImmediateOops: 0, NonImmediateOops: No
[1,431s][debug][gc,nmethod  ] Register NMethod: java.util.ImmutableCollections$List12.size (0x000071df3f445608) [0x000071df3f445700, 0x000071df3f4458a8] Compiler: c1, Barriers: 1, Oops: 0, ImmediateOops: 1, NonImmediateOops: No
[1,431s][debug][gc,nmethod  ] Register NMethod: java.util.ImmutableCollections$List12.get (0x000071df3f445908) [0x000071df3f445a00, 0x000071df3f445e18] Compiler: c1, Barriers: 2, Oops: 0, ImmediateOops: 1, NonImmediateOops: No
[1,432s][debug][gc,nmethod  ] Register NMethod: java.util.ImmutableCollections$ListItr.next (0x000071df3f445e88) [0x000071df3f445f80, 0x000071df3f446370] Compiler: c1, Barriers: 1, Oops: 0, ImmediateOops: 0, NonImmediateOops: No
[1,432s][debug][gc,nmethod  ] Register NMethod: java.util.Optional.empty (0x000071df3f446388) [0x000071df3f446480, 0x000071df3f446568] Compiler: c1, Barriers: 0, Oops: 0, ImmediateOops: 1, NonImmediateOops: No
[1,432s][debug][gc,nmethod  ] Register NMethod: java.util.ImmutableCollections$ListItr.<init> (0x000071df3f446688) [0x000071df3f446780, 0x000071df3f446960] Compiler: c1, Barriers: 3, Oops: 0, ImmediateOops: 0, NonImmediateOops: No
[1,432s][debug][gc,nmethod  ] Register NMethod: java.lang.Module.findModule (0x000071df3f446988) [0x000071df3f446a80, 0x000071df3f4483a8] Compiler: c1, Barriers: 1, Oops: 0, ImmediateOops: 0, NonImmediateOops: No
[1,432s][debug][gc,nmethod  ] Register NMethod: java.util.ImmutableCollections$AbstractImmutableList.iterator (0x000071df3f448408) [0x000071df3f448500, 0x000071df3f4489b0] Compiler: c1, Barriers: 3, Oops: 0, ImmediateOops: 0, NonImmediateOops: No
[1,433s][debug][gc,nmethod  ] Register NMethod: jdk.internal.module.ServicesCatalog$ServiceProvider.<init> (0x000071df3f448a08) [0x000071df3f448b00, 0x000071df3f448d48] Compiler: c1, Barriers: 6, Oops: 0, ImmediateOops: 0, NonImmediateOops: No
[1,433s][debug][gc,director ] Rule Major: Warmup 10%, Used: 12MB, UsedThreshold: 1228MB
[1,433s][debug][gc,nmethod  ] Register NMethod: jdk.internal.classfile.impl.AbstractPoolEntry.maybeClone (0x000071df3f448d88) [0x000071df3f448e80, 0x000071df3f4497e8] Compiler: c1, Barriers: 0, Oops: 0, ImmediateOops: 0, NonImmediateOops: No
[1,433s][debug][gc,nmethod  ] Register NMethod: jdk.internal.classfile.impl.SplitConstantPool.canWriteDirect (0x000071df3f449808) [0x000071df3f449900, 0x000071df3f449bf8] Compiler: c1, Barriers: 1, Oops: 0, ImmediateOops: 0, NonImmediateOops: No
[1,433s][debug][gc,nmethod  ] Register NMethod: java.util.ImmutableCollections$SetN$SetNIterator.next (0x000071df5ebf4e08) [0x000071df5ebf4f00, 0x000071df5ebf5158] Compiler: jvmci, Barriers: 4, Oops: 0, ImmediateOops: 0, NonImmediateOops: No
[1,433s][debug][gc,nmethod  ] Register NMethod: jdk.internal.classfile.impl.RawBytecodeHelper.endBci (0x000071df3f449c08) [0x000071df3f449d00, 0x000071df3f449e38] Compiler: c1, Barriers: 1, Oops: 0, ImmediateOops: 0, NonImmediateOops: No
[1,434s][debug][gc,nmethod  ] Register NMethod: java.lang.invoke.MethodType.ptypes (0x000071df5ebf5188) [0x000071df5ebf5280, 0x000071df5ebf5368] Compiler: c1, Barriers: 1, Oops: 0, ImmediateOops: 0, NonImmediateOops: No
[1,434s][debug][gc,nmethod  ] Register NMethod: jdk.internal.classfile.impl.RawBytecodeHelper.next (0x000071df3f449f08) [0x000071df3f44a000, 0x000071df3f44a778] Compiler: c1, Barriers: 2, Oops: 0, ImmediateOops: 1, NonImmediateOops: No
[1,435s][debug][gc,nmethod  ] Register NMethod: java.lang.invoke.MethodTypeForm.canonicalize (0x000071df3f44a788) [0x000071df3f44a880, 0x000071df3f44b4d8] Compiler: c1, Barriers: 1, Oops: 0, ImmediateOops: 2, NonImmediateOops: No
[1,435s][debug][gc,nmethod  ] Register NMethod: java.lang.Class.isInstance (0x000071df5ebf5488) [0x000071df5ebf5580, 0x000071df5ebf56f0] Compiler: , Barriers: 0, Oops: 0, ImmediateOops: 0, NonImmediateOops: No
[1,435s][debug][gc,nmethod  ] Register NMethod: jdk.internal.classfile.impl.RawBytecodeHelper.opcode (0x000071df3f44b508) [0x000071df3f44b600, 0x000071df3f44b708] Compiler: c1, Barriers: 0, Oops: 0, ImmediateOops: 0, NonImmediateOops: No
[1,435s][debug][gc,nmethod  ] Register NMethod: java.lang.invoke.MethodType.parameterType (0x000071df3f44b808) [0x000071df3f44b900, 0x000071df3f44ba88] Compiler: c1, Barriers: 2, Oops: 0, ImmediateOops: 0, NonImmediateOops: No
[1,435s][debug][gc,nmethod  ] Register NMethod: java.lang.AbstractStringBuilder.isLatin1 (0x000071df3f44bb08) [0x000071df3f44bc00, 0x000071df3f44bd40] Compiler: c1, Barriers: 0, Oops: 0, ImmediateOops: 0, NonImmediateOops: No
[1,436s][debug][gc,nmethod  ] Register NMethod: jdk.internal.vm.Continuation.enterSpecial (0x000071df5ebf5788) [0x000071df5ebf5880, 0x000071df5ebf5a78] Compiler: , Barriers: 0, Oops: 0, ImmediateOops: 0, NonImmediateOops: No
[1,436s][debug][gc,nmethod  ] Register NMethod: jdk.internal.vm.Continuation.doYield (0x000071df5ebf5a88) [0x000071df5ebf5b80, 0x000071df5ebf5c48] Compiler: , Barriers: 0, Oops: 0, ImmediateOops: 0, NonImmediateOops: No
[1,443s][debug][gc,director ] Rule Major: Warmup 10%, Used: 12MB, UsedThreshold: 1228MB
[1,445s][debug][gc,nmethod  ] Register NMethod: java.lang.AbstractStringBuilder.getValue (0x000071df5ebf5d88) [0x000071df5ebf5e80, 0x000071df5ebf5f68] Compiler: c1, Barriers: 1, Oops: 0, ImmediateOops: 0, NonImmediateOops: No
[1,446s][debug][gc,nmethod  ] Register NMethod: java.util.HashMap.resize (0x000071df5ebf6088) [0x000071df5ebf61a0, 0x000071df5ebf6d00] Compiler: jvmci, Barriers: 33, Oops: 0, ImmediateOops: 0, NonImmediateOops: No
[1,447s][debug][gc,nmethod  ] Register NMethod: java.lang.StringBuilder.append (0x000071df3f44be08) [0x000071df3f44bf00, 0x000071df3f44c048] Compiler: c1, Barriers: 0, Oops: 0, ImmediateOops: 0, NonImmediateOops: No
[1,447s][debug][gc,nmethod  ] Register NMethod: java.lang.AbstractStringBuilder.append (0x000071df3f44c108) [0x000071df3f44c200, 0x000071df3f44ce50] Compiler: c1, Barriers: 5, Oops: 0, ImmediateOops: 0, NonImmediateOops: No
[1,448s][debug][gc,nmethod  ] Register NMethod: java.lang.StringLatin1.lastIndexOf (0x000071df3f44ce88) [0x000071df3f44cf80, 0x000071df3f44d348] Compiler: c1, Barriers: 0, Oops: 0, ImmediateOops: 0, NonImmediateOops: No
[1,450s][debug][gc,nmethod  ] Register NMethod: java.lang.StringLatin1.equals (0x000071df5ebf6d08) [0x000071df5ebf6e00, 0x000071df5ebf7098] Compiler: jvmci, Barriers: 0, Oops: 0, ImmediateOops: 0, NonImmediateOops: No
[1,451s][debug][gc,nmethod  ] Register NMethod: java.util.HashMap.putVal (0x000071df5ebf7108) [0x000071df5ebf7220, 0x000071df5ebf8af8] Compiler: jvmci, Barriers: 82, Oops: 0, ImmediateOops: 0, NonImmediateOops: No
[1,452s][debug][gc,nmethod  ] Register NMethod: java.lang.module.ModuleDescriptor$Exports.isQualified (0x000071df5ebf8b08) [0x000071df5ebf8c00, 0x000071df5ebf8d58] Compiler: jvmci, Barriers: 1, Oops: 0, ImmediateOops: 0, NonImmediateOops: No
[1,452s][debug][gc,nmethod  ] Register NMethod: java.util.HashMap.newNode (0x000071df5ebf8e08) [0x000071df5ebf8f00, 0x000071df5ebf9060] Compiler: jvmci, Barriers: 6, Oops: 0, ImmediateOops: 0, NonImmediateOops: No
[1,453s][debug][gc,director ] Rule Major: Warmup 10%, Used: 12MB, UsedThreshold: 1228MB
[1,453s][debug][gc,nmethod  ] Register NMethod: java.util.ImmutableCollections$SetN.isEmpty (0x000071df5ebf9108) [0x000071df5ebf9200, 0x000071df5ebf9290] Compiler: jvmci, Barriers: 0, Oops: 0, ImmediateOops: 0, NonImmediateOops: No
[1,457s][debug][gc,nmethod  ] Register NMethod: jdk.internal.misc.Unsafe.getByte (0x000071df5ebf9408) [0x000071df5ebf9500, 0x000071df5ebf9668] Compiler: , Barriers: 0, Oops: 0, ImmediateOops: 0, NonImmediateOops: No
[1,457s][debug][gc,nmethod  ] Register NMethod: jdk.internal.misc.Unsafe.getShort (0x000071df5ebf9708) [0x000071df5ebf9800, 0x000071df5ebf9968] Compiler: , Barriers: 0, Oops: 0, ImmediateOops: 0, NonImmediateOops: No
[1,457s][debug][gc,nmethod  ] Register NMethod: jdk.internal.misc.Unsafe.pickPos (0x000071df3f44d388) [0x000071df3f44d480, 0x000071df3f44d570] Compiler: c1, Barriers: 0, Oops: 0, ImmediateOops: 0, NonImmediateOops: No
[1,457s][debug][gc,nmethod  ] Register NMethod: jdk.internal.misc.Unsafe.toUnsignedInt (0x000071df3f44d688) [0x000071df3f44d780, 0x000071df3f44d868] Compiler: c1, Barriers: 0, Oops: 0, ImmediateOops: 0, NonImmediateOops: No
[1,457s][debug][gc,nmethod  ] Register NMethod: java.util.zip.ZipUtils.get16 (0x000071df3f44d988) [0x000071df3f44da80, 0x000071df3f44de80] Compiler: c1, Barriers: 0, Oops: 1, ImmediateOops: 2, NonImmediateOops: No
[1,458s][debug][gc,nmethod  ] Register NMethod: jdk.internal.misc.Unsafe.getIntUnaligned (0x000071df3f44df08) [0x000071df3f44e000, 0x000071df3f44e450] Compiler: c1, Barriers: 0, Oops: 0, ImmediateOops: 0, NonImmediateOops: No
[1,458s][debug][gc,nmethod  ] Register NMethod: jdk.internal.misc.Unsafe.getShortUnaligned (0x000071df3f44e488) [0x000071df3f44e580, 0x000071df3f44e7a8] Compiler: c1, Barriers: 0, Oops: 0, ImmediateOops: 0, NonImmediateOops: No
[1,458s][debug][gc,nmethod  ] Register NMethod: jdk.internal.misc.Unsafe.convEndian (0x000071df3f44e808) [0x000071df3f44e900, 0x000071df3f44eaa0] Compiler: c1, Barriers: 0, Oops: 0, ImmediateOops: 0, NonImmediateOops: No
[1,458s][debug][gc,nmethod  ] Register NMethod: jdk.internal.misc.Unsafe.getShortUnaligned (0x000071df3f44eb08) [0x000071df3f44ec00, 0x000071df3f44ef90] Compiler: c1, Barriers: 0, Oops: 0, ImmediateOops: 0, NonImmediateOops: No
[1,458s][debug][gc,nmethod  ] Register NMethod: java.lang.Short.toUnsignedInt (0x000071df3f44f008) [0x000071df3f44f100, 0x000071df3f44f1e8] Compiler: c1, Barriers: 0, Oops: 0, ImmediateOops: 0, NonImmediateOops: No
[1,458s][debug][gc,nmethod  ] Register NMethod: java.lang.String.equals (0x000071df5ebf9a08) [0x000071df5ebf9b00, 0x000071df5ebf9e68] Compiler: jvmci, Barriers: 2, Oops: 0, ImmediateOops: 0, NonImmediateOops: No
[1,460s][debug][gc,nmethod  ] Register NMethod: java.lang.StringBuilder.length (0x000071df3f44f308) [0x000071df3f44f400, 0x000071df3f44f518] Compiler: c1, Barriers: 0, Oops: 0, ImmediateOops: 0, NonImmediateOops: No
[1,461s][debug][gc,nmethod  ] Register NMethod: java.lang.StringLatin1.indexOf (0x000071df3f44f608) [0x000071df3f44f700, 0x000071df3f44fa58] Compiler: c1, Barriers: 0, Oops: 0, ImmediateOops: 0, NonImmediateOops: No
[1,463s][debug][gc,director ] Rule Major: Warmup 10%, Used: 12MB, UsedThreshold: 1228MB
[1,467s][debug][gc,nmethod  ] Register NMethod: java.lang.invoke.MethodType.checkSlotCount (0x000071df3f44fa88) [0x000071df3f44fb80, 0x000071df3f4508b8] Compiler: c1, Barriers: 0, Oops: 1, ImmediateOops: 2, NonImmediateOops: No
[1,468s][debug][gc,nmethod  ] Register NMethod: jdk.internal.util.WeakReferenceKey.hashCode (0x000071df5ebf9e88) [0x000071df5ebf9f80, 0x000071df5ebfa040] Compiler: c1, Barriers: 0, Oops: 0, ImmediateOops: 0, NonImmediateOops: No
[1,468s][debug][gc,nmethod  ] Register NMethod: java.lang.invoke.MethodHandle.linkToStatic (0x000071df5ebfa188) [0x000071df5ebfa280, 0x000071df5ebfa370] Compiler: , Barriers: 0, Oops: 0, ImmediateOops: 0, NonImmediateOops: No
[1,468s][debug][gc,nmethod  ] Register NMethod: java.lang.StringLatin1.indexOfChar (0x000071df5ebfa488) [0x000071df5ebfa580, 0x000071df5ebfa7f0] Compiler: jvmci, Barriers: 0, Oops: 0, ImmediateOops: 0, NonImmediateOops: No
[1,469s][debug][gc,nmethod  ] Register NMethod: java.io.BufferedInputStream.getBufIfOpen (0x000071df3f450908) [0x000071df3f450a00, 0x000071df3f450b38] Compiler: c1, Barriers: 0, Oops: 0, ImmediateOops: 0, NonImmediateOops: No
[1,469s][debug][gc,nmethod  ] Register NMethod: java.io.BufferedInputStream.getBufIfOpen (0x000071df3f450c08) [0x000071df3f450d00, 0x000071df3f451118] Compiler: c1, Barriers: 7, Oops: 0, ImmediateOops: 3, NonImmediateOops: No
[1,469s][debug][gc,nmethod  ] Register NMethod: java.io.BufferedInputStream.read (0x000071df3f451188) [0x000071df3f451280, 0x000071df3f4516d8] Compiler: c1, Barriers: 0, Oops: 0, ImmediateOops: 0, NonImmediateOops: No
[1,469s][debug][gc,nmethod  ] Register NMethod: worker.org.gradle.internal.stream.EncodedStream$EncodedInput.read (0x000071df3f451708) [0x000071df3f451800, 0x000071df3f451f58] Compiler: c1, Barriers: 2, Oops: 1, ImmediateOops: 1, NonImmediateOops: No
[1,469s][debug][gc,nmethod  ] Register NMethod: worker.org.gradle.internal.stream.EncodedStream$EncodedInput.hexToByte (0x000071df3f451f88) [0x000071df3f452080, 0x000071df3f4527c8] Compiler: c1, Barriers: 3, Oops: 2, ImmediateOops: 1, NonImmediateOops: No
[1,469s][debug][gc,nmethod  ] Register NMethod: jdk.internal.util.Preconditions.checkFromIndexSize (0x000071df3f452808) [0x000071df3f452900, 0x000071df3f452a98] Compiler: c1, Barriers: 0, Oops: 0, ImmediateOops: 0, NonImmediateOops: No
[1,470s][debug][gc,nmethod  ] Register NMethod: java.lang.Class.getName (0x000071df3f452b08) [0x000071df3f452c00, 0x000071df3f452db0] Compiler: c1, Barriers: 1, Oops: 0, ImmediateOops: 0, NonImmediateOops: No
[1,470s][debug][gc,nmethod  ] Register NMethod: java.net.URL.getHost (0x000071df5ebfa808) [0x000071df5ebfa900, 0x000071df5ebfa9e8] Compiler: c1, Barriers: 1, Oops: 0, ImmediateOops: 0, NonImmediateOops: No
[1,470s][debug][gc,nmethod  ] Register NMethod: sun.net.util.IPAddressUtil.earlyURLParsing (0x000071df3f452e08) [0x000071df3f452f00, 0x000071df3f453008] Compiler: c1, Barriers: 0, Oops: 0, ImmediateOops: 0, NonImmediateOops: No
[1,471s][debug][gc,nmethod  ] Register NMethod: java.io.BufferedInputStream.getBufIfOpen (0x000071df5ebfab08) [0x000071df5ebfac00, 0x000071df5ebfad30] Compiler: jvmci, Barriers: 1, Oops: 0, ImmediateOops: 1, NonImmediateOops: No
[1,471s][debug][gc,nmethod  ] Register NMethod: java.lang.Record.<init> (0x000071df3f453108) [0x000071df3f453200, 0x000071df3f453358] Compiler: c1, Barriers: 0, Oops: 0, ImmediateOops: 0, NonImmediateOops: No
[1,471s][debug][gc,nmethod  ] Register NMethod: java.lang.StringLatin1.replace (0x000071df3f453408) [0x000071df3f453500, 0x000071df3f4545a0] Compiler: c1, Barriers: 6, Oops: 0, ImmediateOops: 3, NonImmediateOops: No
[1,473s][debug][gc,director ] Rule Major: Warmup 10%, Used: 12MB, UsedThreshold: 1228MB
[1,474s][debug][gc,nmethod  ] Register NMethod: jdk.internal.misc.Unsafe.putReferenceVolatile (0x000071df5ebfae08) [0x000071df5ebfaf00, 0x000071df5ebfb070] Compiler: , Barriers: 0, Oops: 0, ImmediateOops: 0, NonImmediateOops: No
[1,474s][debug][gc,nmethod  ] Register NMethod: jdk.internal.misc.Unsafe.getIntUnaligned (0x000071df3f454608) [0x000071df3f454700, 0x000071df3f454948] Compiler: c1, Barriers: 0, Oops: 0, ImmediateOops: 0, NonImmediateOops: No
[1,474s][debug][gc,nmethod  ] Register NMethod: jdk.internal.misc.Unsafe.convEndian (0x000071df3f454988) [0x000071df3f454a80, 0x000071df3f454c28] Compiler: c1, Barriers: 0, Oops: 0, ImmediateOops: 0, NonImmediateOops: No
[1,474s][debug][gc,nmethod  ] Register NMethod: java.util.zip.ZipUtils.get32 (0x000071df3f454c88) [0x000071df3f454d80, 0x000071df3f455188] Compiler: c1, Barriers: 0, Oops: 1, ImmediateOops: 2, NonImmediateOops: No
[1,474s][debug][gc,nmethod  ] Register NMethod: java.lang.String.lastIndexOf (0x000071df3f455208) [0x000071df3f455300, 0x000071df3f4557a0] Compiler: c1, Barriers: 2, Oops: 0, ImmediateOops: 0, NonImmediateOops: No
[1,474s][debug][gc,nmethod  ] Register NMethod: java.lang.Integer.toUnsignedLong (0x000071df3f455808) [0x000071df3f455900, 0x000071df3f4559f0] Compiler: c1, Barriers: 0, Oops: 0, ImmediateOops: 0, NonImmediateOops: No
[1,475s][debug][gc,nmethod  ] Register NMethod: java.lang.String.lastIndexOf (0x000071df3f455b08) [0x000071df3f455c00, 0x000071df3f4566f8] Compiler: c1, Barriers: 1, Oops: 0, ImmediateOops: 0, NonImmediateOops: No
[1,475s][debug][gc,nmethod  ] Register NMethod: sun.net.www.ParseUtil.firstEncodeIndex (0x000071df3f456708) [0x000071df3f456800, 0x000071df3f4576d8] Compiler: c1, Barriers: 3, Oops: 1, ImmediateOops: 1, NonImmediateOops: No
[1,475s][debug][gc,nmethod  ] Register NMethod: java.lang.invoke.MethodType.<init> (0x000071df3f457708) [0x000071df3f457800, 0x000071df3f457a48] Compiler: c1, Barriers: 6, Oops: 0, ImmediateOops: 0, NonImmediateOops: No
[1,476s][debug][gc,nmethod  ] Register NMethod: java.lang.StringLatin1.indexOfChar (0x000071df5ebfb108) [0x000071df5ebfb200, 0x000071df5ebfb458] Compiler: jvmci, Barriers: 0, Oops: 0, ImmediateOops: 0, NonImmediateOops: No
[1,476s][debug][gc,nmethod  ] Register NMethod: java.io.BufferedInputStream.read (0x000071df5ebfb488) [0x000071df5ebfb580, 0x000071df5ebfb860] Compiler: jvmci, Barriers: 1, Oops: 0, ImmediateOops: 1, NonImmediateOops: No
[1,477s][debug][gc,nmethod  ] Register NMethod: java.lang.Class.isHidden (0x000071df5ebfb888) [0x000071df5ebfb980, 0x000071df5ebfbae0] Compiler: , Barriers: 0, Oops: 0, ImmediateOops: 0, NonImmediateOops: No
[1,477s][debug][gc,nmethod  ] Register NMethod: jdk.internal.util.ReferencedKeySet.get (0x000071df3f457a88) [0x000071df3f457b80, 0x000071df3f459080] Compiler: c1, Barriers: 7, Oops: 1, ImmediateOops: 1, NonImmediateOops: No
[1,477s][debug][gc,nmethod  ] Register NMethod: java.lang.invoke.MethodType.makeImpl (0x000071df3f459108) [0x000071df3f459200, 0x000071df3f45b9b0] Compiler: c1, Barriers: 23, Oops: 2, ImmediateOops: 3, NonImmediateOops: No
[1,478s][debug][gc,nmethod  ] Register NMethod: java.lang.invoke.MethodType.methodType (0x000071df3f45ba08) [0x000071df3f45bb00, 0x000071df3f45bfe0] Compiler: c1, Barriers: 2, Oops: 0, ImmediateOops: 4, NonImmediateOops: No
[1,478s][debug][gc,nmethod  ] Register NMethod: worker.org.gradle.internal.stream.EncodedStream$EncodedInput.hexToByte (0x000071df5ebfbb88) [0x000071df5ebfbc80, 0x000071df5ebfbd68] Compiler: jvmci, Barriers: 0, Oops: 1, ImmediateOops: 0, NonImmediateOops: No
[1,478s][debug][gc,nmethod  ] Register NMethod: jdk.internal.classfile.impl.AbstractDirectBuilder.constantPool (0x000071df5ebfbe88) [0x000071df5ebfbf80, 0x000071df5ebfc068] Compiler: c1, Barriers: 1, Oops: 0, ImmediateOops: 0, NonImmediateOops: No
[1,478s][debug][gc,nmethod  ] Register NMethod: java.util.ArrayList.size (0x000071df5ebfc188) [0x000071df5ebfc280, 0x000071df5ebfc340] Compiler: c1, Barriers: 0, Oops: 0, ImmediateOops: 0, NonImmediateOops: No
[1,478s][debug][gc,nmethod  ] Register NMethod: jdk.internal.classfile.impl.SplitConstantPool.tryFindUtf8 (0x000071df3f45c008) [0x000071df3f45c100, 0x000071df3f45d938] Compiler: c1, Barriers: 1, Oops: 0, ImmediateOops: 0, NonImmediateOops: No
[1,479s][debug][gc,nmethod  ] Register NMethod: java.lang.invoke.MethodHandle.linkToStatic (0x000071df5ebfc488) [0x000071df5ebfc580, 0x000071df5ebfc670] Compiler: , Barriers: 0, Oops: 0, ImmediateOops: 0, NonImmediateOops: No
[1,479s][debug][gc,nmethod  ] Register NMethod: java.lang.invoke.MemberName.allFlagsSet (0x000071df3f45d988) [0x000071df3f45da80, 0x000071df3f45dbd0] Compiler: c1, Barriers: 0, Oops: 0, ImmediateOops: 0, NonImmediateOops: No
[1,479s][debug][gc,nmethod  ] Register NMethod: jdk.internal.classfile.impl.AbstractPoolEntry$Utf8EntryImpl.contentHash (0x000071df3f45dc88) [0x000071df3f45dd80, 0x000071df3f45df38] Compiler: c1, Barriers: 1, Oops: 0, ImmediateOops: 1, NonImmediateOops: No
[1,479s][debug][gc,nmethod  ] Register NMethod: jdk.internal.classfile.impl.BufWriterImpl.writeU2 (0x000071df3f45df88) [0x000071df3f45e080, 0x000071df3f45e4f0] Compiler: c1, Barriers: 2, Oops: 0, ImmediateOops: 0, NonImmediateOops: No
[1,481s][debug][gc,nmethod  ] Register NMethod: java.lang.invoke.MethodHandle.linkToInterface (0x000071df5ebfc788) [0x000071df5ebfc880, 0x000071df5ebfc9b0] Compiler: , Barriers: 0, Oops: 0, ImmediateOops: 0, NonImmediateOops: No
[1,482s][debug][gc,nmethod  ] Register NMethod: jdk.internal.classfile.impl.AbstractPoolEntry$Utf8EntryImpl.hashCode (0x000071df3f45e508) [0x000071df3f45e600, 0x000071df3f45ea30] Compiler: c1, Barriers: 1, Oops: 0, ImmediateOops: 1, NonImmediateOops: No
[1,482s][debug][gc,nmethod  ] Register NMethod: jdk.internal.classfile.impl.AbstractPoolEntry$Utf8EntryImpl.<init> (0x000071df3f45ea88) [0x000071df3f45eb80, 0x000071df3f45f3e8] Compiler: c1, Barriers: 13, Oops: 0, ImmediateOops: 1, NonImmediateOops: No
[1,482s][debug][gc,nmethod  ] Register NMethod: jdk.internal.classfile.impl.AbstractPoolEntry$Utf8EntryImpl.writeTo (0x000071df3f45f408) [0x000071df3f45f500, 0x000071df3f45fd10] Compiler: c1, Barriers: 3, Oops: 0, ImmediateOops: 0, NonImmediateOops: No
[1,482s][debug][gc,nmethod  ] Register NMethod: java.lang.System$1.countNonZeroAscii (0x000071df3f45fd88) [0x000071df3f45fe80, 0x000071df3f460980] Compiler: c1, Barriers: 1, Oops: 0, ImmediateOops: 0, NonImmediateOops: No
[1,482s][debug][gc,nmethod  ] Register NMethod: jdk.internal.classfile.impl.BufWriterImpl.cpIndex (0x000071df3f460988) [0x000071df3f460a80, 0x000071df3f462a78] Compiler: c1, Barriers: 1, Oops: 1, ImmediateOops: 3, NonImmediateOops: No
[1,483s][debug][gc,nmethod  ] Register NMethod: java.lang.StringCoding.countNonZeroAscii (0x000071df3f462a88) [0x000071df3f462b80, 0x000071df3f463710] Compiler: c1, Barriers: 1, Oops: 0, ImmediateOops: 0, NonImmediateOops: No
[1,483s][debug][gc,nmethod  ] Register NMethod: java.lang.String.checkBoundsOffCount (0x000071df3f463788) [0x000071df3f463880, 0x000071df3f463a78] Compiler: c1, Barriers: 0, Oops: 1, ImmediateOops: 1, NonImmediateOops: No
[1,483s][debug][gc,nmethod  ] Register NMethod: jdk.internal.util.ModifiedUtf.utfLen (0x000071df3f463a88) [0x000071df3f463b80, 0x000071df3f464920] Compiler: c1, Barriers: 3, Oops: 1, ImmediateOops: 1, NonImmediateOops: No
[1,483s][debug][gc,nmethod  ] Register NMethod: java.lang.StringLatin1.getBytes (0x000071df3f464988) [0x000071df3f464a80, 0x000071df3f464c18] Compiler: c1, Barriers: 0, Oops: 0, ImmediateOops: 0, NonImmediateOops: No
[1,483s][debug][gc,nmethod  ] Register NMethod: java.lang.String.getBytes (0x000071df3f464c88) [0x000071df3f464d80, 0x000071df3f465b08] Compiler: c1, Barriers: 1, Oops: 1, ImmediateOops: 2, NonImmediateOops: No
[1,483s][debug][gc,nmethod  ] Register NMethod: jdk.internal.classfile.impl.AbstractPoolEntry$ClassEntryImpl.tag (0x000071df5ebfca88) [0x000071df5ebfcb80, 0x000071df5ebfcc40] Compiler: c1, Barriers: 0, Oops: 0, ImmediateOops: 0, NonImmediateOops: No
[1,483s][debug][gc,director ] Rule Major: Warmup 10%, Used: 12MB, UsedThreshold: 1228MB
[1,483s][debug][gc,nmethod  ] Register NMethod: jdk.internal.classfile.impl.SplitConstantPool.utf8Entry (0x000071df3f465b88) [0x000071df3f465c80, 0x000071df3f466778] Compiler: c1, Barriers: 1, Oops: 0, ImmediateOops: 1, NonImmediateOops: No
[1,484s][debug][gc,nmethod  ] Register NMethod: jdk.internal.classfile.impl.BufWriterImpl.writeUtfEntry (0x000071df3f466788) [0x000071df3f466880, 0x000071df3f469640] Compiler: c1, Barriers: 8, Oops: 1, ImmediateOops: 4, NonImmediateOops: No
[1,484s][debug][gc,nmethod  ] Register NMethod: java.lang.invoke.MethodHandle.linkToSpecial (0x000071df5ebfcd88) [0x000071df5ebfce80, 0x000071df5ebfcf78] Compiler: , Barriers: 0, Oops: 0, ImmediateOops: 0, NonImmediateOops: No
[1,484s][debug][gc,nmethod  ] Register NMethod: jdk.internal.constant.ClassOrInterfaceDescImpl.isClassOrInterface (0x000071df5ebfd088) [0x000071df5ebfd180, 0x000071df5ebfd240] Compiler: c1, Barriers: 0, Oops: 0, ImmediateOops: 0, NonImmediateOops: No
[1,484s][debug][gc,nmethod  ] Register NMethod: jdk.internal.classfile.impl.AbstractPoolEntry.hash1 (0x000071df3f469688) [0x000071df3f469780, 0x000071df3f469870] Compiler: c1, Barriers: 0, Oops: 0, ImmediateOops: 0, NonImmediateOops: No
[1,484s][debug][gc,nmethod  ] Register NMethod: java.lang.invoke.MethodHandle.linkToSpecial (0x000071df5ebfd388) [0x000071df5ebfd480, 0x000071df5ebfd578] Compiler: , Barriers: 0, Oops: 0, ImmediateOops: 0, NonImmediateOops: No
[1,484s][debug][gc,nmethod  ] Register NMethod: java.lang.invoke.MethodHandle.invokeBasic (0x000071df5ebfd688) [0x000071df5ebfd780, 0x000071df5ebfda18] Compiler: , Barriers: 0, Oops: 0, ImmediateOops: 0, NonImmediateOops: No
[1,484s][debug][gc,nmethod  ] Register NMethod: java.lang.invoke.MethodHandle.linkToSpecial (0x000071df5ebfda88) [0x000071df5ebfdb80, 0x000071df5ebfdc78] Compiler: , Barriers: 0, Oops: 0, ImmediateOops: 0, NonImmediateOops: No
[1,485s][debug][gc,nmethod  ] Register NMethod: java.lang.invoke.MemberName.initResolved (0x000071df3f469988) [0x000071df3f469a80, 0x000071df3f469c40] Compiler: c1, Barriers: 3, Oops: 0, ImmediateOops: 0, NonImmediateOops: No
[1,485s][debug][gc,nmethod  ] Register NMethod: java.lang.ref.Reference.<init> (0x000071df3f469c88) [0x000071df3f469d80, 0x000071df3f46a018] Compiler: c1, Barriers: 6, Oops: 0, ImmediateOops: 1, NonImmediateOops: No
[1,485s][debug][gc,nmethod  ] Register NMethod: java.lang.invoke.MemberName.getMethodType (0x000071df3f46a088) [0x000071df3f46a180, 0x000071df3f46c678] Compiler: c1, Barriers: 16, Oops: 1, ImmediateOops: 1, NonImmediateOops: No
[1,485s][debug][gc,nmethod  ] Register NMethod: java.lang.String.intern (0x000071df5ebfdd88) [0x000071df5ebfde80, 0x000071df5ebfe1a0] Compiler: , Barriers: 0, Oops: 0, ImmediateOops: 0, NonImmediateOops: No
[1,485s][debug][gc,nmethod  ] Register NMethod: java.lang.String.replace (0x000071df3f46c688) [0x000071df3f46c780, 0x000071df3f46cc88] Compiler: c1, Barriers: 2, Oops: 0, ImmediateOops: 0, NonImmediateOops: No
[1,485s][debug][gc,nmethod  ] Register NMethod: java.util.concurrent.ConcurrentHashMap.setTabAt (0x000071df3f46cd08) [0x000071df3f46ce00, 0x000071df3f46d100] Compiler: c1, Barriers: 0, Oops: 0, ImmediateOops: 1, NonImmediateOops: No
[1,485s][debug][gc,nmethod  ] Register NMethod: jdk.internal.misc.Unsafe.allocateInstance (0x000071df5ebfe208) [0x000071df5ebfe300, 0x000071df5ebfe630] Compiler: , Barriers: 0, Oops: 0, ImmediateOops: 0, NonImmediateOops: No
[1,485s][debug][gc,nmethod  ] Register NMethod: jdk.internal.misc.Unsafe.putReferenceRelease (0x000071df3f46d108) [0x000071df3f46d200, 0x000071df3f46d378] Compiler: c1, Barriers: 3, Oops: 0, ImmediateOops: 0, NonImmediateOops: No
[1,486s][debug][gc,nmethod  ] Register NMethod: java.util.concurrent.ConcurrentHashMap.casTabAt (0x000071df5ebfe688) [0x000071df5ebfe780, 0x000071df5ebfe858] Compiler: jvmci, Barriers: 5, Oops: 0, ImmediateOops: 0, NonImmediateOops: No
[1,487s][debug][gc,nmethod  ] Register NMethod: java.net.URL.getProtocol (0x000071df5ebfe988) [0x000071df5ebfea80, 0x000071df5ebfeb68] Compiler: c1, Barriers: 1, Oops: 0, ImmediateOops: 0, NonImmediateOops: No
[1,487s][debug][gc,nmethod  ] Register NMethod: java.util.ArrayList.add (0x000071df3f46d408) [0x000071df3f46d500, 0x000071df3f46d9c0] Compiler: c1, Barriers: 3, Oops: 0, ImmediateOops: 0, NonImmediateOops: No
[1,487s][debug][gc,nmethod  ] Register NMethod: java.util.ArrayList.add (0x000071df3f46da08) [0x000071df3f46db00, 0x000071df3f46e070] Compiler: c1, Barriers: 4, Oops: 0, ImmediateOops: 0, NonImmediateOops: No
[1,488s][debug][gc,nmethod  ] Register NMethod: java.net.URL.getUserInfo (0x000071df5ebfec88) [0x000071df5ebfed80, 0x000071df5ebfee68] Compiler: c1, Barriers: 1, Oops: 0, ImmediateOops: 0, NonImmediateOops: No
[1,489s][debug][gc,nmethod  ] Register NMethod: java.lang.StringCoding.countPositives (0x000071df3f46e088) [0x000071df3f46e180, 0x000071df3f46e388] Compiler: c1, Barriers: 0, Oops: 0, ImmediateOops: 0, NonImmediateOops: No
[1,490s][debug][gc,nmethod  ] Register NMethod: sun.nio.fs.UnixPath.checkNotNul (0x000071df3f46e408) [0x000071df3f46e500, 0x000071df3f46e6a0] Compiler: c1, Barriers: 0, Oops: 0, ImmediateOops: 1, NonImmediateOops: No
[1,491s][debug][gc,nmethod  ] Register NMethod: java.util.zip.ZipCoder$UTF8ZipCoder.isUTF8 (0x000071df5ebfef88) [0x000071df5ebff080, 0x000071df5ebff140] Compiler: c1, Barriers: 0, Oops: 0, ImmediateOops: 0, NonImmediateOops: No
[1,491s][debug][gc,nmethod  ] Register NMethod: java.util.zip.ZipUtils.CENEXT (0x000071df3f46e708) [0x000071df3f46e800, 0x000071df3f46e910] Compiler: c1, Barriers: 0, Oops: 0, ImmediateOops: 0, NonImmediateOops: No
[1,491s][debug][gc,nmethod  ] Register NMethod: java.util.zip.ZipUtils.CENCOM (0x000071df3f46ea08) [0x000071df3f46eb00, 0x000071df3f46ec10] Compiler: c1, Barriers: 0, Oops: 0, ImmediateOops: 0, NonImmediateOops: No
[1,492s][debug][gc,nmethod  ] Register NMethod: java.util.zip.Inflater$InflaterZStreamRef.address (0x000071df5ebff288) [0x000071df5ebff380, 0x000071df5ebff440] Compiler: c1, Barriers: 0, Oops: 0, ImmediateOops: 0, NonImmediateOops: No
[1,493s][debug][gc,director ] Rule Major: Warmup 10%, Used: 12MB, UsedThreshold: 1228MB
[1,494s][debug][gc,nmethod  ] Register NMethod: java.util.zip.ZipUtils.CENSIZ (0x000071df3f46ed08) [0x000071df3f46ee00, 0x000071df3f46ef10] Compiler: c1, Barriers: 0, Oops: 0, ImmediateOops: 0, NonImmediateOops: No
[1,494s][debug][gc,nmethod  ] Register NMethod: java.util.zip.ZipUtils.CENNAM (0x000071df3f46f008) [0x000071df3f46f100, 0x000071df3f46f210] Compiler: c1, Barriers: 0, Oops: 0, ImmediateOops: 0, NonImmediateOops: No
[1,494s][debug][gc,nmethod  ] Register NMethod: java.util.zip.ZipUtils.CENHOW (0x000071df3f46f308) [0x000071df3f46f400, 0x000071df3f46f510] Compiler: c1, Barriers: 0, Oops: 0, ImmediateOops: 0, NonImmediateOops: No
[1,494s][debug][gc,nmethod  ] Register NMethod: java.util.zip.ZipUtils.CENLEN (0x000071df3f46f608) [0x000071df3f46f700, 0x000071df3f46f810] Compiler: c1, Barriers: 0, Oops: 0, ImmediateOops: 0, NonImmediateOops: No
[1,494s][debug][gc,nmethod  ] Register NMethod: java.lang.System$1.uncheckedCountPositives (0x000071df3f46f908) [0x000071df3f46fa00, 0x000071df3f46fc58] Compiler: c1, Barriers: 0, Oops: 0, ImmediateOops: 0, NonImmediateOops: No
[1,494s][debug][gc,nmethod  ] Register NMethod: java.util.zip.ZipUtils.CENOFF (0x000071df3f46fc88) [0x000071df3f46fd80, 0x000071df3f46fe90] Compiler: c1, Barriers: 0, Oops: 0, ImmediateOops: 0, NonImmediateOops: No
[1,494s][debug][gc,nmethod  ] Register NMethod: java.util.zip.ZipUtils.CENSIG (0x000071df3f46ff88) [0x000071df3f470080, 0x000071df3f470190] Compiler: c1, Barriers: 0, Oops: 0, ImmediateOops: 0, NonImmediateOops: No
[1,494s][debug][gc,nmethod  ] Register NMethod: java.util.zip.ZipUtils.CENFLG (0x000071df3f470288) [0x000071df3f470380, 0x000071df3f470490] Compiler: c1, Barriers: 0, Oops: 0, ImmediateOops: 0, NonImmediateOops: No
[1,494s][debug][gc,nmethod  ] Register NMethod: java.util.zip.ZipUtils.CENDSK (0x000071df3f470588) [0x000071df3f470680, 0x000071df3f470790] Compiler: c1, Barriers: 0, Oops: 0, ImmediateOops: 0, NonImmediateOops: No
[1,494s][debug][gc,nmethod  ] Register NMethod: java.util.zip.ZipFile.zipCoderFor (0x000071df3f470888) [0x000071df3f470980, 0x000071df3f470dd0] Compiler: c1, Barriers: 0, Oops: 0, ImmediateOops: 1, NonImmediateOops: No
[1,495s][debug][gc,nmethod  ] Register NMethod: java.util.zip.ZipFile$Source.nextEntryPos (0x000071df3f470e08) [0x000071df3f470f00, 0x000071df3f4711b8] Compiler: c1, Barriers: 2, Oops: 0, ImmediateOops: 0, NonImmediateOops: No
[1,495s][debug][gc,nmethod  ] Register NMethod: java.util.zip.ZipFile$Source.isMetaName (0x000071df3f471208) [0x000071df3f471300, 0x000071df3f471760] Compiler: c1, Barriers: 0, Oops: 0, ImmediateOops: 0, NonImmediateOops: No
[1,495s][debug][gc,nmethod  ] Register NMethod: java.util.zip.ZipCoder$UTF8ZipCoder.checkedHash (0x000071df3f471788) [0x000071df3f471880, 0x000071df3f471ca0] Compiler: c1, Barriers: 0, Oops: 0, ImmediateOops: 2, NonImmediateOops: No
[1,495s][debug][gc,nmethod  ] Register NMethod: java.util.zip.ZipFile$Source.checkAndAddEntry (0x000071df3f471d08) [0x000071df3f471e00, 0x000071df3f474100] Compiler: c1, Barriers: 3, Oops: 7, ImmediateOops: 8, NonImmediateOops: No
[1,495s][debug][gc,nmethod  ] Register NMethod: java.util.ArrayDeque.inc (0x000071df3f474188) [0x000071df3f474280, 0x000071df3f474398] Compiler: c1, Barriers: 0, Oops: 0, ImmediateOops: 0, NonImmediateOops: No
[1,497s][debug][gc,nmethod  ] Register NMethod: jdk.internal.misc.Unsafe.getShortUnaligned (0x000071df5ebff588) [0x000071df5ebff680, 0x000071df5ebff740] Compiler: jvmci, Barriers: 0, Oops: 0, ImmediateOops: 0, NonImmediateOops: No
[1,497s][debug][gc,nmethod  ] Register NMethod: java.util.zip.ZipUtils.get16 (0x000071df5ebff888) [0x000071df5ebff980, 0x000071df5ebffa58] Compiler: jvmci, Barriers: 0, Oops: 0, ImmediateOops: 0, NonImmediateOops: No
[1,497s][debug][gc,nmethod  ] Register NMethod: java.util.Arrays.copyOf (0x000071df3f474488) [0x000071df3f474580, 0x000071df3f474948] Compiler: c1, Barriers: 0, Oops: 0, ImmediateOops: 0, NonImmediateOops: No
[1,498s][debug][gc,nmethod  ] Register NMethod: java.lang.AbstractStringBuilder.isLatin1 (0x000071df3f474988) [0x000071df3f474a80, 0x000071df3f474c40] Compiler: c1, Barriers: 0, Oops: 0, ImmediateOops: 0, NonImmediateOops: No
[1,498s][debug][gc,nmethod  ] Register NMethod: java.lang.AbstractStringBuilder.ensureCapacityNewCoder (0x000071df3f474c88) [0x000071df3f474d80, 0x000071df3f475090] Compiler: c1, Barriers: 0, Oops: 0, ImmediateOops: 0, NonImmediateOops: No
[1,499s][debug][gc,nmethod  ] Register NMethod: java.lang.AbstractStringBuilder.<init> (0x000071df3f475108) [0x000071df3f475200, 0x000071df3f475488] Compiler: c1, Barriers: 3, Oops: 0, ImmediateOops: 0, NonImmediateOops: No
[1,499s][debug][gc,nmethod  ] Register NMethod: java.lang.StringBuilder.toString (0x000071df3f475508) [0x000071df3f475600, 0x000071df3f475a38] Compiler: c1, Barriers: 0, Oops: 0, ImmediateOops: 1, NonImmediateOops: No
[1,500s][debug][gc,nmethod  ] Register NMethod: java.lang.String.<init> (0x000071df3f475a88) [0x000071df3f475b80, 0x000071df3f476520] Compiler: c1, Barriers: 10, Oops: 0, ImmediateOops: 0, NonImmediateOops: No
[1,500s][debug][gc,nmethod  ] Register NMethod: java.lang.ref.Reference.reachabilityFence (0x000071df3f476588) [0x000071df3f476680, 0x000071df3f476760] Compiler: c1, Barriers: 0, Oops: 0, ImmediateOops: 0, NonImmediateOops: No
[1,501s][debug][gc,nmethod  ] Register NMethod: java.io.RandomAccessFile.readBytes0 (0x000071df5ebffb88) [0x000071df5ebffc80, 0x000071df5ebffde8] Compiler: , Barriers: 0, Oops: 0, ImmediateOops: 0, NonImmediateOops: No
[1,501s][debug][gc,nmethod  ] Register NMethod: java.io.RandomAccessFile.seek0 (0x000071df5ebffe88) [0x000071df5ebfff80, 0x000071df5ec000c8] Compiler: , Barriers: 0, Oops: 0, ImmediateOops: 0, NonImmediateOops: No
[1,502s][debug][gc,nmethod  ] Register NMethod: java.lang.StringCoding.countPositives (0x000071df5ec00188) [0x000071df5ec00280, 0x000071df5ec004e8] Compiler: jvmci, Barriers: 0, Oops: 0, ImmediateOops: 0, NonImmediateOops: No
[1,502s][debug][gc,nmethod  ] Register NMethod: jdk.internal.util.ArraysSupport.newLength (0x000071df3f476888) [0x000071df3f476980, 0x000071df3f476bb8] Compiler: c1, Barriers: 0, Oops: 0, ImmediateOops: 0, NonImmediateOops: No
[1,502s][debug][gc,nmethod  ] Register NMethod: java.lang.String.endsWith (0x000071df3f476c08) [0x000071df3f476d00, 0x000071df3f477930] Compiler: c1, Barriers: 2, Oops: 0, ImmediateOops: 0, NonImmediateOops: No
[1,502s][debug][gc,nmethod  ] Register NMethod: jdk.internal.misc.Unsafe.getIntUnaligned (0x000071df5ec00508) [0x000071df5ec00600, 0x000071df5ec006c0] Compiler: jvmci, Barriers: 0, Oops: 0, ImmediateOops: 0, NonImmediateOops: No
[1,504s][debug][gc,director ] Rule Major: Warmup 10%, Used: 12MB, UsedThreshold: 1228MB
[1,506s][debug][gc,nmethod  ] Register NMethod: java.util.zip.ZipUtils.get32 (0x000071df5ec00808) [0x000071df5ec00900, 0x000071df5ec009d0] Compiler: jvmci, Barriers: 0, Oops: 0, ImmediateOops: 0, NonImmediateOops: No
[1,506s][debug][gc,nmethod  ] Register NMethod: java.lang.String.length (0x000071df5ec00b08) [0x000071df5ec00c00, 0x000071df5ec00ce8] Compiler: jvmci, Barriers: 1, Oops: 0, ImmediateOops: 0, NonImmediateOops: No
[1,507s][debug][gc,nmethod  ] Register NMethod: java.util.ArrayList.elementData (0x000071df3f477988) [0x000071df3f477a80, 0x000071df3f477c10] Compiler: c1, Barriers: 2, Oops: 0, ImmediateOops: 0, NonImmediateOops: No
[1,507s][debug][gc,nmethod  ] Register NMethod: java.lang.StringBuilder.<init> (0x000071df3f477c88) [0x000071df3f477d80, 0x000071df3f477eb8] Compiler: c1, Barriers: 0, Oops: 0, ImmediateOops: 0, NonImmediateOops: No
[1,507s][debug][gc,nmethod  ] Register NMethod: java.util.Objects.checkIndex (0x000071df3f477f88) [0x000071df3f478080, 0x000071df3f4781b0] Compiler: c1, Barriers: 0, Oops: 0, ImmediateOops: 0, NonImmediateOops: No
[1,507s][debug][gc,nmethod  ] Register NMethod: java.util.ArrayList.get (0x000071df3f478288) [0x000071df3f478380, 0x000071df3f478628] Compiler: c1, Barriers: 2, Oops: 0, ImmediateOops: 0, NonImmediateOops: No
[1,507s][debug][gc,nmethod  ] Register NMethod: java.util.Objects.checkFromIndexSize (0x000071df3f478688) [0x000071df3f478780, 0x000071df3f478978] Compiler: c1, Barriers: 0, Oops: 0, ImmediateOops: 0, NonImmediateOops: No
[1,508s][debug][gc,nmethod  ] Register NMethod: java.util.zip.ZipFile$Source.getEntryHash (0x000071df3f478988) [0x000071df3f478a80, 0x000071df3f478bd8] Compiler: c1, Barriers: 1, Oops: 0, ImmediateOops: 0, NonImmediateOops: No
[1,509s][debug][gc,nmethod  ] Register NMethod: java.util.zip.ZipFile$Source.getEntryNext (0x000071df3f478c88) [0x000071df3f478d80, 0x000071df3f478ed8] Compiler: c1, Barriers: 1, Oops: 0, ImmediateOops: 0, NonImmediateOops: No
[1,509s][debug][gc,nmethod  ] Register NMethod: java.util.zip.ZipFile.ensureOpen (0x000071df3f478f88) [0x000071df3f479080, 0x000071df3f479350] Compiler: c1, Barriers: 2, Oops: 0, ImmediateOops: 2, NonImmediateOops: No
[1,510s][debug][gc,nmethod  ] Register NMethod: java.io.UnixFileSystem.prefixLength (0x000071df3f479388) [0x000071df3f479480, 0x000071df3f479a18] Compiler: c1, Barriers: 0, Oops: 1, ImmediateOops: 1, NonImmediateOops: No
[1,510s][debug][gc,nmethod  ] Register NMethod: java.util.HashMap.putVal (0x000071df3f479a88) [0x000071df3f479b80, 0x000071df3f47bf10] Compiler: c1, Barriers: 15, Oops: 0, ImmediateOops: 0, NonImmediateOops: No
[1,510s][debug][gc,nmethod  ] Register NMethod: jdk.internal.ref.CleanerImpl.getCleanerImpl (0x000071df3f47bf88) [0x000071df3f47c080, 0x000071df3f47c5b8] Compiler: c1, Barriers: 1, Oops: 0, ImmediateOops: 1, NonImmediateOops: No
[1,510s][debug][gc,nmethod  ] Register NMethod: java.lang.ref.Cleaner$1.apply (0x000071df3f47c608) [0x000071df3f47c700, 0x000071df3f47cab0] Compiler: c1, Barriers: 1, Oops: 0, ImmediateOops: 0, NonImmediateOops: No
[1,510s][debug][gc,nmethod  ] Register NMethod: java.lang.ref.Cleaner$1.apply (0x000071df3f47cb08) [0x000071df3f47cc00, 0x000071df3f47cd30] Compiler: c1, Barriers: 1, Oops: 0, ImmediateOops: 0, NonImmediateOops: No
[1,511s][debug][gc,nmethod  ] Register NMethod: java.net.URL.getFile (0x000071df5ec00e08) [0x000071df5ec00f00, 0x000071df5ec00fe8] Compiler: c1, Barriers: 1, Oops: 0, ImmediateOops: 0, NonImmediateOops: No
[1,511s][debug][gc,nmethod  ] Register NMethod: java.lang.StringCoding.countPositives (0x000071df5ec01108) [0x000071df5ec01200, 0x000071df5ec01588] Compiler: jvmci, Barriers: 0, Oops: 0, ImmediateOops: 0, NonImmediateOops: No
[1,512s][debug][gc,nmethod  ] Register NMethod: java.lang.Class.getComponentType (0x000071df5ec01608) [0x000071df5ec01700, 0x000071df5ec017e8] Compiler: c1, Barriers: 1, Oops: 0, ImmediateOops: 0, NonImmediateOops: No
[1,513s][debug][gc,nmethod  ] Register NMethod: java.lang.ref.Reference.refersTo0 (0x000071df5ec01908) [0x000071df5ec01a00, 0x000071df5ec01b70] Compiler: , Barriers: 0, Oops: 0, ImmediateOops: 0, NonImmediateOops: No
[1,514s][debug][gc,director ] Rule Major: Warmup 10%, Used: 12MB, UsedThreshold: 1228MB
[1,514s][debug][gc,nmethod  ] Register NMethod: java.lang.invoke.MethodHandleNatives.resolve (0x000071df5ec01c08) [0x000071df5ec01d00, 0x000071df5ec02050] Compiler: , Barriers: 0, Oops: 0, ImmediateOops: 1, NonImmediateOops: No
[1,514s][debug][gc,nmethod  ] Register NMethod: java.lang.ref.WeakReference.<init> (0x000071df3f47ce08) [0x000071df3f47cf00, 0x000071df3f47d1f0] Compiler: c1, Barriers: 6, Oops: 0, ImmediateOops: 1, NonImmediateOops: No
[1,515s][debug][gc,nmethod  ] Register NMethod: java.lang.invoke.MethodHandle.linkToStatic (0x000071df5ec02088) [0x000071df5ec02180, 0x000071df5ec02270] Compiler: , Barriers: 0, Oops: 0, ImmediateOops: 0, NonImmediateOops: No
[1,515s][debug][gc,nmethod  ] Register NMethod: java.lang.invoke.MethodHandles$Lookup.lookupClass (0x000071df5ec02388) [0x000071df5ec02480, 0x000071df5ec02568] Compiler: c1, Barriers: 1, Oops: 0, ImmediateOops: 0, NonImmediateOops: No
[1,515s][debug][gc,nmethod  ] Register NMethod: java.lang.invoke.MethodTypeForm.erasedType (0x000071df5ec02688) [0x000071df5ec02780, 0x000071df5ec02868] Compiler: c1, Barriers: 1, Oops: 0, ImmediateOops: 0, NonImmediateOops: No
[1,515s][debug][gc,nmethod  ] Register NMethod: java.lang.invoke.MemberName.getReferenceKind (0x000071df3f47d208) [0x000071df3f47d300, 0x000071df3f47d410] Compiler: c1, Barriers: 0, Oops: 0, ImmediateOops: 0, NonImmediateOops: No
[1,515s][debug][gc,nmethod  ] Register NMethod: java.lang.invoke.MethodHandle.invokeBasic (0x000071df5ec02988) [0x000071df5ec02a80, 0x000071df5ec02d18] Compiler: , Barriers: 0, Oops: 0, ImmediateOops: 0, NonImmediateOops: No
[1,515s][debug][gc,nmethod  ] Register NMethod: java.lang.Class.isAssignableFrom (0x000071df5ec02d88) [0x000071df5ec02e80, 0x000071df5ec02ff0] Compiler: , Barriers: 0, Oops: 0, ImmediateOops: 0, NonImmediateOops: No
[1,516s][debug][gc,nmethod  ] Register NMethod: jdk.internal.classfile.impl.AbstractPoolEntry.hash2 (0x000071df3f47d508) [0x000071df3f47d600, 0x000071df3f47d700] Compiler: c1, Barriers: 0, Oops: 0, ImmediateOops: 0, NonImmediateOops: No
[1,516s][debug][gc,nmethod  ] Register NMethod: java.util.Arrays.copyOf (0x000071df3f47d808) [0x000071df3f47d900, 0x000071df3f47e180] Compiler: c1, Barriers: 1, Oops: 0, ImmediateOops: 1, NonImmediateOops: No
[1,516s][debug][gc,nmethod  ] Register NMethod: java.lang.invoke.MethodHandle.type (0x000071df5ec03088) [0x000071df5ec03180, 0x000071df5ec03268] Compiler: c1, Barriers: 1, Oops: 0, ImmediateOops: 0, NonImmediateOops: No
[1,516s][debug][gc,nmethod  ] Register NMethod: jdk.internal.classfile.impl.AbstractPoolEntry.hashCode (0x000071df5ec03388) [0x000071df5ec03480, 0x000071df5ec03540] Compiler: c1, Barriers: 0, Oops: 0, ImmediateOops: 0, NonImmediateOops: No
[1,516s][debug][gc,nmethod  ] Register NMethod: jdk.internal.classfile.impl.RawBytecodeHelper.isStoreIntoLocal (0x000071df3f47e188) [0x000071df3f47e280, 0x000071df3f47e3d8] Compiler: c1, Barriers: 0, Oops: 0, ImmediateOops: 0, NonImmediateOops: No
[1,517s][debug][gc,nmethod  ] Register NMethod: java.lang.AbstractStringBuilder.newCapacity (0x000071df3f47e488) [0x000071df3f47e580, 0x000071df3f47e918] Compiler: c1, Barriers: 0, Oops: 0, ImmediateOops: 1, NonImmediateOops: No
[1,518s][debug][gc,nmethod  ] Register NMethod: java.lang.System.nanoTime (0x000071df5ec03688) [0x000071df5ec03780, 0x000071df5ec038d8] Compiler: , Barriers: 0, Oops: 0, ImmediateOops: 1, NonImmediateOops: No
[1,519s][debug][gc,nmethod  ] Register NMethod: java.lang.ClassLoader.findLoadedClass0 (0x000071df5ec03988) [0x000071df5ec03a80, 0x000071df5ec03db0] Compiler: , Barriers: 0, Oops: 0, ImmediateOops: 0, NonImmediateOops: No
[1,519s][debug][gc,nmethod  ] Register NMethod: java.io.RandomAccessFile.readBytes (0x000071df3f47e988) [0x000071df3f47ea80, 0x000071df3f47ecd8] Compiler: c1, Barriers: 0, Oops: 0, ImmediateOops: 1, NonImmediateOops: No
[1,519s][debug][gc,nmethod  ] Register NMethod: java.io.RandomAccessFile.read (0x000071df3f47ed08) [0x000071df3f47ee00, 0x000071df3f47f0b8] Compiler: c1, Barriers: 0, Oops: 0, ImmediateOops: 1, NonImmediateOops: No
[1,519s][debug][gc,nmethod  ] Register NMethod: java.security.ProtectionDomain.getCodeSource (0x000071df5ec03e08) [0x000071df5ec03f00, 0x000071df5ec03fe8] Compiler: c1, Barriers: 1, Oops: 0, ImmediateOops: 0, NonImmediateOops: No
[1,519s][debug][gc,nmethod  ] Register NMethod: jdk.internal.loader.URLClassPath$JarLoader.ensureOpen (0x000071df3f47f108) [0x000071df3f47f200, 0x000071df3f47f468] Compiler: c1, Barriers: 5, Oops: 0, ImmediateOops: 0, NonImmediateOops: No
[1,519s][debug][gc,nmethod  ] Register NMethod: java.lang.ClassLoader.checkName (0x000071df3f47f488) [0x000071df3f47f580, 0x000071df3f4802c8] Compiler: c1, Barriers: 3, Oops: 1, ImmediateOops: 1, NonImmediateOops: No
[1,520s][debug][gc,nmethod  ] Register NMethod: java.io.RandomAccessFile.seek (0x000071df3f480308) [0x000071df3f480400, 0x000071df3f480648] Compiler: c1, Barriers: 0, Oops: 0, ImmediateOops: 1, NonImmediateOops: No
[1,520s][debug][gc,nmethod  ] Register NMethod: java.util.jar.JarFile.checkForSpecialAttributes (0x000071df3f480688) [0x000071df3f480780, 0x000071df3f481ce8] Compiler: c1, Barriers: 10, Oops: 1, ImmediateOops: 8, NonImmediateOops: No
[1,520s][debug][gc,nmethod  ] Register NMethod: java.lang.Integer.intValue (0x000071df5ec04108) [0x000071df5ec04200, 0x000071df5ec042c0] Compiler: c1, Barriers: 0, Oops: 0, ImmediateOops: 0, NonImmediateOops: No
[1,521s][debug][gc,nmethod  ] Register NMethod: java.io.UnixFileSystem.getBooleanAttributes0 (0x000071df5ec04408) [0x000071df5ec04500, 0x000071df5ec04668] Compiler: , Barriers: 0, Oops: 0, ImmediateOops: 0, NonImmediateOops: No
[1,521s][debug][gc,nmethod  ] Register NMethod: java.util.zip.ZipFile$Source.getEntryPos (0x000071df3f481d08) [0x000071df3f481e00, 0x000071df3f483aa8] Compiler: c1, Barriers: 12, Oops: 1, ImmediateOops: 3, NonImmediateOops: No
[1,523s][debug][gc,nmethod  ] Register NMethod: java.util.jar.JarFile.checkForSpecialAttributes (0x000071df3f480688) [0x000071df3f480780, 0x000071df3f481ce8] Compiler: c1, Barriers: 10, Oops: 1, ImmediateOops: 8, NonImmediateOops: No
[1,523s][debug][gc,nmethod  ] Register NMethod: java.util.jar.JarFile.checkForSpecialAttributes (0x000071df3f480688) [0x000071df3f480780, 0x000071df3f481ce8] Compiler: c1, Barriers: 10, Oops: 1, ImmediateOops: 8, NonImmediateOops: No
[1,523s][debug][gc,nmethod  ] Register NMethod: java.util.jar.JarFile.checkForSpecialAttributes (0x000071df3f480688) [0x000071df3f480780, 0x000071df3f481ce8] Compiler: c1, Barriers: 10, Oops: 1, ImmediateOops: 8, NonImmediateOops: No
[1,524s][debug][gc,director ] Rule Major: Warmup 10%, Used: 14MB, UsedThreshold: 1228MB
[1,524s][debug][gc,nmethod  ] Register NMethod: java.util.jar.JarFile.isMultiRelease (0x000071df3f483b08) [0x000071df3f483c00, 0x000071df3f483df8] Compiler: c1, Barriers: 0, Oops: 0, ImmediateOops: 0, NonImmediateOops: No
[1,524s][debug][gc,nmethod  ] Register NMethod: java.util.jar.Attributes$Name.hashCode (0x000071df5ec04708) [0x000071df5ec04800, 0x000071df5ec048c0] Compiler: c1, Barriers: 0, Oops: 0, ImmediateOops: 0, NonImmediateOops: No
[1,524s][debug][gc,nmethod  ] Register NMethod: java.util.LinkedHashMap.removeEldestEntry (0x000071df5ec04a08) [0x000071df5ec04b00, 0x000071df5ec04bc0] Compiler: c1, Barriers: 0, Oops: 0, ImmediateOops: 0, NonImmediateOops: No
[1,525s][debug][gc,nmethod  ] Register NMethod: java.util.jar.Manifest$FastInputStream.readLine (0x000071df3f483e08) [0x000071df3f483f00, 0x000071df3f484758] Compiler: c1, Barriers: 1, Oops: 0, ImmediateOops: 0, NonImmediateOops: No
[1,525s][debug][gc,nmethod  ] Register NMethod: jdk.internal.misc.Unsafe.putLong (0x000071df5ec04d08) [0x000071df5ec04e00, 0x000071df5ec04f58] Compiler: , Barriers: 0, Oops: 0, ImmediateOops: 0, NonImmediateOops: No
[1,525s][debug][gc,nmethod  ] Register NMethod: java.util.zip.ZipFile.getEntry (0x000071df3f484788) [0x000071df3f484880, 0x000071df3f484e48] Compiler: c1, Barriers: 4, Oops: 1, ImmediateOops: 1, NonImmediateOops: No
[1,525s][debug][gc,nmethod  ] Register NMethod: java.nio.Buffer.session (0x000071df3f484e88) [0x000071df3f484f80, 0x000071df3f485388] Compiler: c1, Barriers: 1, Oops: 0, ImmediateOops: 0, NonImmediateOops: No
[1,525s][debug][gc,nmethod  ] Register NMethod: java.nio.Buffer.checkIndex (0x000071df3f485408) [0x000071df3f485500, 0x000071df3f485650] Compiler: c1, Barriers: 0, Oops: 1, ImmediateOops: 1, NonImmediateOops: No
[1,526s][debug][gc,nmethod  ] Register NMethod: java.util.zip.ZipCoder.hash (0x000071df3f485708) [0x000071df3f485800, 0x000071df3f486638] Compiler: c1, Barriers: 1, Oops: 1, ImmediateOops: 1, NonImmediateOops: No
[1,526s][debug][gc,nmethod  ] Register NMethod: java.nio.DirectLongBufferU.ix (0x000071df3f486688) [0x000071df3f486780, 0x000071df3f486890] Compiler: c1, Barriers: 0, Oops: 0, ImmediateOops: 0, NonImmediateOops: No
[1,526s][debug][gc,nmethod  ] Register NMethod: java.util.jar.JarFile.getJarEntry (0x000071df3f486988) [0x000071df3f486a80, 0x000071df3f487328] Compiler: c1, Barriers: 0, Oops: 0, ImmediateOops: 0, NonImmediateOops: No
[1,526s][debug][gc,nmethod  ] Register NMethod: jdk.internal.loader.URLClassPath$JarLoader.getResource (0x000071df3f487388) [0x000071df3f487480, 0x000071df3f487a50] Compiler: c1, Barriers: 1, Oops: 0, ImmediateOops: 0, NonImmediateOops: No
[1,526s][debug][gc,nmethod  ] Register NMethod: java.util.jar.JarFile.getEntry (0x000071df3f487a88) [0x000071df3f487b80, 0x000071df3f4882c8] Compiler: c1, Barriers: 0, Oops: 0, ImmediateOops: 0, NonImmediateOops: No
[1,527s][debug][gc,nmethod  ] Register NMethod: jdk.internal.loader.URLClassPath.getLoader (0x000071df3f488308) [0x000071df3f488400, 0x000071df3f48a2c8] Compiler: c1, Barriers: 12, Oops: 0, ImmediateOops: 0, NonImmediateOops: No
[1,527s][debug][gc,nmethod  ] Register NMethod: java.util.WeakHashMap.maskNull (0x000071df3f48a308) [0x000071df3f48a400, 0x000071df3f48a528] Compiler: c1, Barriers: 0, Oops: 0, ImmediateOops: 1, NonImmediateOops: No
[1,527s][debug][gc,nmethod  ] Register NMethod: java.util.WeakHashMap.hash (0x000071df3f48a608) [0x000071df3f48a700, 0x000071df3f48aa28] Compiler: c1, Barriers: 0, Oops: 0, ImmediateOops: 0, NonImmediateOops: No
[1,527s][debug][gc,nmethod  ] Register NMethod: java.util.WeakHashMap.getTable (0x000071df3f48aa88) [0x000071df3f48ab80, 0x000071df3f48acf8] Compiler: c1, Barriers: 1, Oops: 0, ImmediateOops: 0, NonImmediateOops: No
[1,527s][debug][gc,nmethod  ] Register NMethod: java.util.WeakHashMap.indexFor (0x000071df3f48ad88) [0x000071df3f48ae80, 0x000071df3f48af68] Compiler: c1, Barriers: 0, Oops: 0, ImmediateOops: 0, NonImmediateOops: No
[1,527s][debug][gc,nmethod  ] Register NMethod: java.lang.Class.getModule (0x000071df5ec05008) [0x000071df5ec05100, 0x000071df5ec051e8] Compiler: c1, Barriers: 1, Oops: 0, ImmediateOops: 0, NonImmediateOops: No
[1,528s][debug][gc,nmethod  ] Register NMethod: java.util.WeakHashMap.expungeStaleEntries (0x000071df3f48b088) [0x000071df3f48b180, 0x000071df3f48bf18] Compiler: c1, Barriers: 14, Oops: 0, ImmediateOops: 0, NonImmediateOops: No
[1,528s][debug][gc,nmethod  ] Register NMethod: java.lang.Class.getPackageName (0x000071df3f48bf88) [0x000071df3f48c080, 0x000071df3f48e288] Compiler: c1, Barriers: 8, Oops: 0, ImmediateOops: 2, NonImmediateOops: No
[1,529s][debug][gc,nmethod  ] Register NMethod: java.util.zip.Inflater.inflateBytesBytes (0x000071df5ec05308) [0x000071df5ec05400, 0x000071df5ec05598] Compiler: , Barriers: 0, Oops: 0, ImmediateOops: 0, NonImmediateOops: No
[1,530s][debug][gc,nmethod  ] Register NMethod: java.lang.StringLatin1.indexOf (0x000071df3f48e308) [0x000071df3f48e400, 0x000071df3f48e640] Compiler: c1, Barriers: 0, Oops: 0, ImmediateOops: 0, NonImmediateOops: No
[1,530s][debug][gc,nmethod  ] Register NMethod: java.lang.StringBuilder.append (0x000071df3f48e688) [0x000071df3f48e780, 0x000071df3f48e8c8] Compiler: c1, Barriers: 0, Oops: 0, ImmediateOops: 0, NonImmediateOops: No
[1,530s][debug][gc,nmethod  ] Register NMethod: java.lang.ClassLoader.findBootstrapClass (0x000071df5ec05608) [0x000071df5ec05700, 0x000071df5ec05a38] Compiler: , Barriers: 0, Oops: 0, ImmediateOops: 1, NonImmediateOops: No
[1,530s][debug][gc,nmethod  ] Register NMethod: java.lang.StringLatin1.coderFromChar (0x000071df3f48e988) [0x000071df3f48ea80, 0x000071df3f48eb70] Compiler: c1, Barriers: 0, Oops: 0, ImmediateOops: 0, NonImmediateOops: No
[1,530s][debug][gc,nmethod  ] Register NMethod: java.lang.AbstractStringBuilder.append (0x000071df3f48ec88) [0x000071df3f48ed80, 0x000071df3f48f238] Compiler: c1, Barriers: 4, Oops: 0, ImmediateOops: 0, NonImmediateOops: No
[1,530s][debug][gc,nmethod  ] Register NMethod: java.security.CodeSource.getLocationNoFragString (0x000071df5ec05a88) [0x000071df5ec05b80, 0x000071df5ec05c68] Compiler: c1, Barriers: 1, Oops: 0, ImmediateOops: 0, NonImmediateOops: No
[1,531s][debug][gc,nmethod  ] Register NMethod: java.lang.Module.getDescriptor (0x000071df5ec05d88) [0x000071df5ec05e80, 0x000071df5ec05f68] Compiler: c1, Barriers: 1, Oops: 0, ImmediateOops: 0, NonImmediateOops: No
[1,531s][debug][gc,nmethod  ] Register NMethod: java.util.AbstractList.<init> (0x000071df3f48f288) [0x000071df3f48f380, 0x000071df3f48f540] Compiler: c1, Barriers: 0, Oops: 0, ImmediateOops: 0, NonImmediateOops: No
[1,531s][debug][gc,nmethod  ] Register NMethod: java.lang.module.ModuleDescriptor$Provides.providers (0x000071df5ec06088) [0x000071df5ec06180, 0x000071df5ec06268] Compiler: c1, Barriers: 1, Oops: 0, ImmediateOops: 0, NonImmediateOops: No
[1,531s][debug][gc,nmethod  ] Register NMethod: java.util.concurrent.CopyOnWriteArrayList.setArray (0x000071df5ec06388) [0x000071df5ec06480, 0x000071df5ec065b0] Compiler: c1, Barriers: 3, Oops: 0, ImmediateOops: 0, NonImmediateOops: No
[1,532s][debug][gc,nmethod  ] Register NMethod: java.lang.Class.initClassName (0x000071df5ec06688) [0x000071df5ec06780, 0x000071df5ec06aa0] Compiler: , Barriers: 0, Oops: 0, ImmediateOops: 0, NonImmediateOops: No
[1,534s][debug][gc,director ] Rule Major: Warmup 10%, Used: 14MB, UsedThreshold: 1228MB
[1,536s][debug][gc,nmethod  ] Register NMethod: jdk.internal.classfile.impl.StackMapGenerator.processBlock (0x000071df3f48f588) [0x000071df3f48f680, 0x000071df3f4be948] Compiler: c1, Barriers: 287, Oops: 4, ImmediateOops: 158, NonImmediateOops: No
[1,538s][debug][gc,nmethod  ] Register NMethod: java.io.File.isInvalid (0x000071df3f4be988) [0x000071df3f4bea80, 0x000071df3f4bf030] Compiler: c1, Barriers: 5, Oops: 0, ImmediateOops: 4, NonImmediateOops: No
[1,539s][debug][gc,nmethod  ] Register NMethod: java.nio.DirectByteBuffer.ix (0x000071df3f4bf088) [0x000071df3f4bf180, 0x000071df3f4bf288] Compiler: c1, Barriers: 0, Oops: 0, ImmediateOops: 0, NonImmediateOops: No
[1,539s][debug][gc,nmethod  ] Register NMethod: jdk.internal.misc.ScopedMemoryAccess.getByteInternal (0x000071df3f4bf388) [0x000071df3f4bf480, 0x000071df3f4bf6d0] Compiler: c1, Barriers: 0, Oops: 0, ImmediateOops: 0, NonImmediateOops: No
[1,540s][debug][gc,nmethod  ] Register NMethod: jdk.internal.misc.ScopedMemoryAccess.getByte (0x000071df3f4bf708) [0x000071df3f4bf800, 0x000071df3f4bfb18] Compiler: c1, Barriers: 0, Oops: 0, ImmediateOops: 0, NonImmediateOops: No
[1,540s][debug][gc,nmethod  ] Register NMethod: java.lang.ref.Reference.reachabilityFence (0x000071df5ec06b08) [0x000071df5ec06c00, 0x000071df5ec06c60] Compiler: jvmci, Barriers: 0, Oops: 0, ImmediateOops: 0, NonImmediateOops: No
[1,540s][debug][gc,nmethod  ] Register NMethod: java.nio.DirectByteBuffer.get (0x000071df3f4bfb88) [0x000071df3f4bfc80, 0x000071df3f4c0a80] Compiler: c1, Barriers: 1, Oops: 2, ImmediateOops: 2, NonImmediateOops: No
[1,541s][debug][gc,nmethod  ] Register NMethod: java.util.concurrent.ConcurrentHashMap.tabAt (0x000071df5ec06e08) [0x000071df5ec06f00, 0x000071df5ec06f98] Compiler: jvmci, Barriers: 1, Oops: 0, ImmediateOops: 0, NonImmediateOops: No
[1,542s][debug][gc,nmethod  ] Register NMethod: java.lang.invoke.LambdaForm$Name.<init> (0x000071df3f4c0b08) [0x000071df3f4c0c00, 0x000071df3f4c0f68] Compiler: c1, Barriers: 12, Oops: 0, ImmediateOops: 0, NonImmediateOops: No
[1,543s][debug][gc,nmethod  ] Register NMethod: jdk.internal.constant.MethodTypeDescImpl.parameterCount (0x000071df3f4c0f88) [0x000071df3f4c1080, 0x000071df3f4c11b8] Compiler: c1, Barriers: 1, Oops: 0, ImmediateOops: 0, NonImmediateOops: No
[1,544s][debug][gc,director ] Rule Major: Warmup 10%, Used: 14MB, UsedThreshold: 1228MB
[1,544s][debug][gc,nmethod  ] Register NMethod: java.lang.Class.desiredAssertionStatus0 (0x000071df5ec07108) [0x000071df5ec07200, 0x000071df5ec07370] Compiler: , Barriers: 0, Oops: 0, ImmediateOops: 1, NonImmediateOops: No
[1,547s][debug][gc,nmethod  ] Register NMethod: java.util.jar.JarFile.getJarEntry (0x000071df3f4c1288) [0x000071df3f4c1380, 0x000071df3f4c1880] Compiler: c1, Barriers: 0, Oops: 0, ImmediateOops: 0, NonImmediateOops: No
[1,547s][debug][gc,nmethod  ] Register NMethod: jdk.internal.loader.URLClassPath$JarLoader.getResource (0x000071df3f4c1888) [0x000071df3f4c1980, 0x000071df3f4c22b0] Compiler: c1, Barriers: 1, Oops: 0, ImmediateOops: 0, NonImmediateOops: No
[1,547s][debug][gc,nmethod  ] Register NMethod: java.util.jar.JarFile.getEntry (0x000071df3f4c2308) [0x000071df3f4c2400, 0x000071df3f4c2b48] Compiler: c1, Barriers: 0, Oops: 0, ImmediateOops: 0, NonImmediateOops: No
[1,549s][debug][gc,nmethod  ] Register NMethod: java.io.RandomAccessFile.readFully (0x000071df3f4c2b88) [0x000071df3f4c2c80, 0x000071df3f4c3158] Compiler: c1, Barriers: 0, Oops: 0, ImmediateOops: 1, NonImmediateOops: No
[1,551s][debug][gc,nmethod  ] Register NMethod: jdk.internal.misc.Unsafe.compareAndSetInt (0x000071df5ec07408) [0x000071df5ec07500, 0x000071df5ec07670] Compiler: , Barriers: 0, Oops: 0, ImmediateOops: 0, NonImmediateOops: No
[1,551s][debug][gc,nmethod  ] Register NMethod: java.net.URL.getRef (0x000071df5ec07708) [0x000071df5ec07800, 0x000071df5ec078e8] Compiler: c1, Barriers: 1, Oops: 0, ImmediateOops: 0, NonImmediateOops: No
[1,551s][debug][gc,nmethod  ] Register NMethod: java.net.URL.getPath (0x000071df5ec07a08) [0x000071df5ec07b00, 0x000071df5ec07be8] Compiler: c1, Barriers: 1, Oops: 0, ImmediateOops: 0, NonImmediateOops: No
[1,552s][debug][gc,nmethod  ] Register NMethod: jdk.internal.util.ArraysSupport.hashCodeOfUnsigned (0x000071df5ec07d08) [0x000071df5ec07e00, 0x000071df5ec07f30] Compiler: jvmci, Barriers: 0, Oops: 0, ImmediateOops: 0, NonImmediateOops: No
[1,552s][debug][gc,nmethod  ] Register NMethod: java.lang.CharacterDataLatin1.equalsIgnoreCase (0x000071df3f4c3188) [0x000071df3f4c3280, 0x000071df3f4c3518] Compiler: c1, Barriers: 0, Oops: 0, ImmediateOops: 0, NonImmediateOops: No
[1,552s][debug][gc,nmethod  ] Register NMethod: java.net.URL.getPort (0x000071df5ec08008) [0x000071df5ec08100, 0x000071df5ec081c0] Compiler: c1, Barriers: 0, Oops: 0, ImmediateOops: 0, NonImmediateOops: No
[1,552s][debug][gc,nmethod  ] Register NMethod: java.net.URL.getAuthority (0x000071df5ec08308) [0x000071df5ec08400, 0x000071df5ec084e8] Compiler: c1, Barriers: 1, Oops: 0, ImmediateOops: 0, NonImmediateOops: No
[1,552s][debug][gc,nmethod  ] Register NMethod: java.net.URL.getQuery (0x000071df5ec08608) [0x000071df5ec08700, 0x000071df5ec087e8] Compiler: c1, Barriers: 1, Oops: 0, ImmediateOops: 0, NonImmediateOops: No
[1,552s][debug][gc,nmethod  ] Register NMethod: java.util.zip.Inflater.ensureOpen (0x000071df3f4c3588) [0x000071df3f4c3680, 0x000071df3f4c3908] Compiler: c1, Barriers: 1, Oops: 0, ImmediateOops: 1, NonImmediateOops: No
[1,553s][debug][gc,nmethod  ] Register NMethod: java.lang.StringLatin1.regionMatchesCI (0x000071df3f4c3988) [0x000071df3f4c3a80, 0x000071df3f4c3d20] Compiler: c1, Barriers: 0, Oops: 0, ImmediateOops: 0, NonImmediateOops: No
[1,553s][debug][gc,nmethod  ] Register NMethod: java.util.jar.JarFile.checkForSpecialAttributes (0x000071df3f4c3d88) [0x000071df3f4c3e80, 0x000071df3f4c5460] Compiler: c1, Barriers: 13, Oops: 1, ImmediateOops: 8, NonImmediateOops: No
[1,554s][debug][gc,nmethod  ] Register NMethod: java.lang.String.regionMatches (0x000071df3f4c5488) [0x000071df3f4c5580, 0x000071df3f4c6978] Compiler: c1, Barriers: 2, Oops: 0, ImmediateOops: 0, NonImmediateOops: No
[1,554s][debug][gc,nmethod  ] Register NMethod: java.util.zip.ZipFile$Source.readFullyAt (0x000071df3f4c6988) [0x000071df3f4c6a80, 0x000071df3f4c7318] Compiler: c1, Barriers: 3, Oops: 0, ImmediateOops: 1, NonImmediateOops: No
[1,554s][debug][gc,director ] Rule Major: Warmup 10%, Used: 14MB, UsedThreshold: 1228MB
[1,554s][debug][gc,nmethod  ] Register NMethod: java.lang.ClassLoader.findLoadedClass (0x000071df3f4c7388) [0x000071df3f4c7480, 0x000071df3f4c7650] Compiler: c1, Barriers: 0, Oops: 0, ImmediateOops: 0, NonImmediateOops: No
[1,555s][debug][gc,nmethod  ] Register NMethod: java.lang.ClassLoader.getClassLoadingLock (0x000071df3f4c7688) [0x000071df3f4c7780, 0x000071df3f4c7c50] Compiler: c1, Barriers: 1, Oops: 0, ImmediateOops: 0, NonImmediateOops: No
[1,556s][debug][gc,nmethod  ] Register NMethod: java.security.CodeSource.getLocation (0x000071df5ec08908) [0x000071df5ec08a00, 0x000071df5ec08ae8] Compiler: c1, Barriers: 1, Oops: 0, ImmediateOops: 0, NonImmediateOops: No
[1,556s][debug][gc,nmethod  ] Register NMethod: jdk.internal.perf.PerfCounter.get (0x000071df3f4c7c88) [0x000071df3f4c7d80, 0x000071df3f4c8060] Compiler: c1, Barriers: 1, Oops: 0, ImmediateOops: 0, NonImmediateOops: No
[1,556s][debug][gc,nmethod  ] Register NMethod: jdk.internal.perf.PerfCounter.add (0x000071df3f4c8088) [0x000071df3f4c8180, 0x000071df3f4c86e0] Compiler: c1, Barriers: 2, Oops: 0, ImmediateOops: 0, NonImmediateOops: No
[1,557s][debug][gc,nmethod  ] Register NMethod: jdk.internal.misc.ScopedMemoryAccess.getLongInternal (0x000071df3f4c8708) [0x000071df3f4c8800, 0x000071df3f4c8a50] Compiler: c1, Barriers: 0, Oops: 0, ImmediateOops: 0, NonImmediateOops: No
[1,557s][debug][gc,nmethod  ] Register NMethod: jdk.internal.misc.ScopedMemoryAccess.getLong (0x000071df3f4c8a88) [0x000071df3f4c8b80, 0x000071df3f4c8e90] Compiler: c1, Barriers: 0, Oops: 0, ImmediateOops: 0, NonImmediateOops: No
[1,557s][debug][gc,nmethod  ] Register NMethod: jdk.internal.misc.ScopedMemoryAccess.putLong (0x000071df3f4c8f08) [0x000071df3f4c9000, 0x000071df3f4c9350] Compiler: c1, Barriers: 0, Oops: 0, ImmediateOops: 0, NonImmediateOops: No
[1,557s][debug][gc,nmethod  ] Register NMethod: jdk.internal.misc.ScopedMemoryAccess.putLongInternal (0x000071df3f4c9388) [0x000071df3f4c9480, 0x000071df3f4c96e0] Compiler: c1, Barriers: 0, Oops: 0, ImmediateOops: 0, NonImmediateOops: No
[1,557s][debug][gc,nmethod  ] Register NMethod: java.nio.DirectLongBufferU.get (0x000071df3f4c9708) [0x000071df3f4c9800, 0x000071df3f4ca5f0] Compiler: c1, Barriers: 1, Oops: 2, ImmediateOops: 2, NonImmediateOops: No
[1,557s][debug][gc,nmethod  ] Register NMethod: java.nio.DirectLongBufferU.put (0x000071df3f4ca608) [0x000071df3f4ca700, 0x000071df3f4cb540] Compiler: c1, Barriers: 1, Oops: 2, ImmediateOops: 2, NonImmediateOops: No
[1,558s][debug][gc,nmethod  ] Register NMethod: jdk.internal.misc.Unsafe.putReferenceRelease (0x000071df5ec08c08) [0x000071df5ec08d00, 0x000071df5ec08df0] Compiler: jvmci, Barriers: 3, Oops: 0, ImmediateOops: 0, NonImmediateOops: No
[1,560s][debug][gc,nmethod  ] Register NMethod: java.lang.ClassLoader.loadClass (0x000071df3f4cb588) [0x000071df3f4cb680, 0x000071df3f4cb988] Compiler: c1, Barriers: 0, Oops: 0, ImmediateOops: 0, NonImmediateOops: No
[1,561s][debug][gc,nmethod  ] Register NMethod: java.util.ArrayDeque.addLast (0x000071df3f4cba08) [0x000071df3f4cbb00, 0x000071df3f4cc0e0] Compiler: c1, Barriers: 4, Oops: 0, ImmediateOops: 0, NonImmediateOops: No
[1,561s][debug][gc,nmethod  ] Register NMethod: java.util.Arrays.rangeCheck (0x000071df3f4cc108) [0x000071df3f4cc200, 0x000071df3f4cd7e8] Compiler: c1, Barriers: 0, Oops: 3, ImmediateOops: 4, NonImmediateOops: No
[1,562s][debug][gc,nmethod  ] Register NMethod: java.lang.ref.PhantomReference.clear0 (0x000071df5ec08f08) [0x000071df5ec09000, 0x000071df5ec09148] Compiler: , Barriers: 0, Oops: 0, ImmediateOops: 0, NonImmediateOops: No
[1,562s][debug][gc,nmethod  ] Register NMethod: java.io.InputStream.<init> (0x000071df3f4cd808) [0x000071df3f4cd900, 0x000071df3f4cda58] Compiler: c1, Barriers: 0, Oops: 0, ImmediateOops: 0, NonImmediateOops: No
[1,562s][debug][gc,nmethod  ] Register NMethod: java.util.zip.Inflater.hasPendingOutput (0x000071df5ec09208) [0x000071df5ec09300, 0x000071df5ec093c0] Compiler: c1, Barriers: 0, Oops: 0, ImmediateOops: 0, NonImmediateOops: No
[1,562s][debug][gc,nmethod  ] Register NMethod: java.util.zip.Inflater.reset (0x000071df5ec09508) [0x000071df5ec09600, 0x000071df5ec09750] Compiler: , Barriers: 0, Oops: 0, ImmediateOops: 1, NonImmediateOops: No
[1,562s][debug][gc,nmethod  ] Register NMethod: java.util.Collections$SetFromMap.remove (0x000071df3f4cdb08) [0x000071df3f4cdc00, 0x000071df3f4cdf90] Compiler: c1, Barriers: 1, Oops: 0, ImmediateOops: 0, NonImmediateOops: No
[1,562s][debug][gc,nmethod  ] Register NMethod: java.util.zip.ZipFile$ZipFileInputStream.close (0x000071df3f4ce008) [0x000071df3f4ce100, 0x000071df3f4ce748] Compiler: c1, Barriers: 6, Oops: 0, ImmediateOops: 0, NonImmediateOops: No
[1,563s][debug][gc,nmethod  ] Register NMethod: java.lang.StringConcatHelper.checkOverflow (0x000071df3f4ce788) [0x000071df3f4ce880, 0x000071df3f4cea58] Compiler: c1, Barriers: 0, Oops: 0, ImmediateOops: 1, NonImmediateOops: No
[1,563s][debug][gc,nmethod  ] Register NMethod: java.util.ArrayDeque.add (0x000071df3f4cea88) [0x000071df3f4ceb80, 0x000071df3f4cecd0] Compiler: c1, Barriers: 0, Oops: 0, ImmediateOops: 0, NonImmediateOops: No
[1,563s][debug][gc,nmethod  ] Register NMethod: java.util.WeakHashMap.remove (0x000071df3f4ced88) [0x000071df3f4cee80, 0x000071df3f4d0290] Compiler: c1, Barriers: 12, Oops: 0, ImmediateOops: 1, NonImmediateOops: No
[1,563s][debug][gc,nmethod  ] Register NMethod: java.lang.String.concat (0x000071df3f4d0308) [0x000071df3f4d0400, 0x000071df3f4d2700] Compiler: c1, Barriers: 6, Oops: 0, ImmediateOops: 4, NonImmediateOops: No
[1,563s][debug][gc,nmethod  ] Register NMethod: java.lang.Throwable.fillInStackTrace (0x000071df5ec09808) [0x000071df5ec09900, 0x000071df5ec09c20] Compiler: , Barriers: 0, Oops: 0, ImmediateOops: 0, NonImmediateOops: No
[1,563s][debug][gc,nmethod  ] Register NMethod: java.lang.StringConcatHelper.doConcat (0x000071df3f4d2708) [0x000071df3f4d2800, 0x000071df3f4d47a0] Compiler: c1, Barriers: 6, Oops: 0, ImmediateOops: 4, NonImmediateOops: No
[1,564s][debug][gc,director ] Rule Major: Warmup 10%, Used: 14MB, UsedThreshold: 1228MB
[1,565s][debug][gc,nmethod  ] Register NMethod: java.util.jar.JarFile.maybeInstantiateVerifier (0x000071df3f4d4808) [0x000071df3f4d4900, 0x000071df3f4d4dd0] Compiler: c1, Barriers: 1, Oops: 0, ImmediateOops: 1, NonImmediateOops: No
[1,566s][debug][gc,nmethod  ] Register NMethod: java.util.ArrayDeque.elementAt (0x000071df3f4d4e08) [0x000071df3f4d4f00, 0x000071df3f4d5038] Compiler: c1, Barriers: 1, Oops: 0, ImmediateOops: 0, NonImmediateOops: No
[1,566s][debug][gc,nmethod  ] Register NMethod: java.net.URL.isBuiltinStreamHandler (0x000071df3f4d5108) [0x000071df3f4d5200, 0x000071df3f4d5730] Compiler: c1, Barriers: 0, Oops: 1, ImmediateOops: 1, NonImmediateOops: No
[1,566s][debug][gc,nmethod  ] Register NMethod: java.lang.String.indexOf (0x000071df3f4d5788) [0x000071df3f4d5880, 0x000071df3f4d6238] Compiler: c1, Barriers: 2, Oops: 0, ImmediateOops: 0, NonImmediateOops: No
[1,566s][debug][gc,nmethod  ] Register NMethod: sun.net.util.IPAddressUtil.checkHostString (0x000071df3f4d6288) [0x000071df3f4d6380, 0x000071df3f4d6580] Compiler: c1, Barriers: 0, Oops: 0, ImmediateOops: 0, NonImmediateOops: No
[1,567s][debug][gc,nmethod  ] Register NMethod: java.net.URL.isBuiltinStreamHandler (0x000071df3f4d6588) [0x000071df3f4d6680, 0x000071df3f4d7568] Compiler: c1, Barriers: 3, Oops: 1, ImmediateOops: 2, NonImmediateOops: No
[1,567s][debug][gc,nmethod  ] Register NMethod: java.lang.ref.PhantomReference.<init> (0x000071df3f4d7588) [0x000071df3f4d7680, 0x000071df3f4d7970] Compiler: c1, Barriers: 6, Oops: 0, ImmediateOops: 1, NonImmediateOops: No
[1,567s][debug][gc,nmethod  ] Register NMethod: jdk.internal.ref.PhantomCleanable.<init> (0x000071df3f4d7988) [0x000071df3f4d7a80, 0x000071df3f4d8c70] Compiler: c1, Barriers: 13, Oops: 0, ImmediateOops: 3, NonImmediateOops: No
[1,567s][debug][gc,nmethod  ] Register NMethod: jdk.internal.ref.CleanerFactory.cleaner (0x000071df3f4d8c88) [0x000071df3f4d8d80, 0x000071df3f4d8e68] Compiler: c1, Barriers: 0, Oops: 0, ImmediateOops: 1, NonImmediateOops: No
[1,567s][debug][gc,nmethod  ] Register NMethod: java.net.URLStreamHandler.getDefaultPort (0x000071df5ec09c88) [0x000071df5ec09d80, 0x000071df5ec09e40] Compiler: c1, Barriers: 0, Oops: 0, ImmediateOops: 0, NonImmediateOops: No
[1,567s][debug][gc,nmethod  ] Register NMethod: sun.net.util.IPAddressUtil.scan (0x000071df3f4d8f88) [0x000071df3f4d9080, 0x000071df3f4da2d8] Compiler: c1, Barriers: 3, Oops: 1, ImmediateOops: 2, NonImmediateOops: No
[1,567s][debug][gc,nmethod  ] Register NMethod: jdk.internal.ref.CleanerImpl$CleanableList.insert (0x000071df3f4da308) [0x000071df3f4da400, 0x000071df3f4dae80] Compiler: c1, Barriers: 22, Oops: 0, ImmediateOops: 0, NonImmediateOops: No
[1,567s][debug][gc,nmethod  ] Register NMethod: java.util.zip.ZipEntry.getSize (0x000071df5ec09f88) [0x000071df5ec0a080, 0x000071df5ec0a140] Compiler: c1, Barriers: 0, Oops: 0, ImmediateOops: 0, NonImmediateOops: No
[1,568s][debug][gc,nmethod  ] Register NMethod: java.lang.StringLatin1.lastIndexOf (0x000071df5ec0a288) [0x000071df5ec0a380, 0x000071df5ec0a5f0] Compiler: jvmci, Barriers: 0, Oops: 0, ImmediateOops: 0, NonImmediateOops: No
[1,568s][debug][gc,nmethod  ] Register NMethod: sun.net.util.IPAddressUtil.checkHost (0x000071df3f4dae88) [0x000071df3f4daf80, 0x000071df3f4dfd68] Compiler: c1, Barriers: 7, Oops: 5, ImmediateOops: 13, NonImmediateOops: No
[1,568s][debug][gc,nmethod  ] Register NMethod: java.lang.NamedPackage.module (0x000071df5ec0a608) [0x000071df5ec0a700, 0x000071df5ec0a7e8] Compiler: c1, Barriers: 1, Oops: 0, ImmediateOops: 0, NonImmediateOops: No
[1,570s][debug][gc,nmethod  ] Register NMethod: java.util.zip.Inflater.finished (0x000071df3f4dfe08) [0x000071df3f4dff00, 0x000071df3f4e01b0] Compiler: c1, Barriers: 1, Oops: 0, ImmediateOops: 0, NonImmediateOops: No
[1,570s][debug][gc,nmethod  ] Register NMethod: java.util.zip.InflaterInputStream.ensureOpen (0x000071df3f4e0208) [0x000071df3f4e0300, 0x000071df3f4e0508] Compiler: c1, Barriers: 0, Oops: 0, ImmediateOops: 1, NonImmediateOops: No
[1,570s][debug][gc,nmethod  ] Register NMethod: java.util.LinkedHashMap.get (0x000071df3f4e0588) [0x000071df3f4e0680, 0x000071df3f4e0a98] Compiler: c1, Barriers: 1, Oops: 0, ImmediateOops: 0, NonImmediateOops: No
[1,570s][debug][gc,nmethod  ] Register NMethod: java.lang.String.<init> (0x000071df3f4e0b08) [0x000071df3f4e0c00, 0x000071df3f4e1038] Compiler: c1, Barriers: 0, Oops: 1, ImmediateOops: 1, NonImmediateOops: No
[1,570s][debug][gc,nmethod  ] Register NMethod: java.util.zip.InflaterInputStream.read (0x000071df3f4e1088) [0x000071df3f4e1180, 0x000071df3f4e2208] Compiler: c1, Barriers: 7, Oops: 0, ImmediateOops: 2, NonImmediateOops: No
[1,572s][debug][gc,nmethod  ] Register NMethod: java.lang.String.<init> (0x000071df3f4e2288) [0x000071df3f4e2380, 0x000071df3f4e61f0] Compiler: c1, Barriers: 45, Oops: 1, ImmediateOops: 12, NonImmediateOops: No
[1,574s][debug][gc,director ] Rule Major: Warmup 10%, Used: 14MB, UsedThreshold: 1228MB
[1,574s][debug][gc,nmethod  ] Register NMethod: java.lang.reflect.Array.newArray (0x000071df5ec0a908) [0x000071df5ec0aa00, 0x000071df5ec0ad38] Compiler: , Barriers: 0, Oops: 0, ImmediateOops: 1, NonImmediateOops: No
[1,575s][debug][gc,nmethod  ] Register NMethod: jdk.internal.classfile.impl.AbstractDirectBuilder.setOriginal (0x000071df5ec0ad88) [0x000071df5ec0ae80, 0x000071df5ec0afb0] Compiler: c1, Barriers: 3, Oops: 0, ImmediateOops: 0, NonImmediateOops: No
[1,575s][debug][gc,nmethod  ] Register NMethod: java.lang.CharacterDataLatin1.getProperties (0x000071df3f4e6208) [0x000071df3f4e6300, 0x000071df3f4e6430] Compiler: c1, Barriers: 0, Oops: 0, ImmediateOops: 1, NonImmediateOops: No
[1,575s][debug][gc,nmethod  ] Register NMethod: java.lang.CharacterData.of (0x000071df3f4e6508) [0x000071df3f4e6600, 0x000071df3f4e6d40] Compiler: c1, Barriers: 7, Oops: 0, ImmediateOops: 1, NonImmediateOops: No
[1,575s][debug][gc,nmethod  ] Register NMethod: java.lang.Integer.numberOfLeadingZeros (0x000071df3f4e6d88) [0x000071df3f4e6e80, 0x000071df3f4e7100] Compiler: c1, Barriers: 0, Oops: 0, ImmediateOops: 0, NonImmediateOops: No
[1,576s][debug][gc,nmethod  ] Register NMethod: jdk.internal.constant.ClassOrInterfaceDescImpl.<init> (0x000071df3f4e7108) [0x000071df3f4e7200, 0x000071df3f4e73d0] Compiler: c1, Barriers: 3, Oops: 0, ImmediateOops: 0, NonImmediateOops: No
[1,576s][debug][gc,nmethod  ] Register NMethod: jdk.internal.constant.ClassOrInterfaceDescImpl.ofValidated (0x000071df3f4e7408) [0x000071df3f4e7500, 0x000071df3f4e7788] Compiler: c1, Barriers: 3, Oops: 0, ImmediateOops: 0, NonImmediateOops: No
[1,576s][debug][gc,nmethod  ] Register NMethod: jdk.internal.classfile.impl.DirectMethodBuilder.methodFlags (0x000071df5ec0b088) [0x000071df5ec0b180, 0x000071df5ec0b240] Compiler: c1, Barriers: 0, Oops: 0, ImmediateOops: 0, NonImmediateOops: No
[1,576s][debug][gc,nmethod  ] Register NMethod: jdk.internal.classfile.impl.DirectMethodBuilder.methodType (0x000071df5ec0b388) [0x000071df5ec0b480, 0x000071df5ec0b568] Compiler: c1, Barriers: 1, Oops: 0, ImmediateOops: 0, NonImmediateOops: No
[1,577s][debug][gc,nmethod  ] Register NMethod: jdk.internal.classfile.impl.SplitConstantPool.utf8Entry (0x000071df3f4e7808) [0x000071df3f4e7900, 0x000071df3f4e7bf8] Compiler: c1, Barriers: 0, Oops: 0, ImmediateOops: 0, NonImmediateOops: No
[1,578s][debug][gc,nmethod  ] Register NMethod: java.lang.String.toString (0x000071df3f4e7c08) [0x000071df3f4e7d00, 0x000071df3f4e7e00] Compiler: c1, Barriers: 0, Oops: 0, ImmediateOops: 0, NonImmediateOops: No
[1,579s][debug][gc,nmethod  ] Register NMethod: jdk.internal.classfile.impl.AbstractPoolEntry$Utf8EntryImpl.tag (0x000071df5ec0b688) [0x000071df5ec0b780, 0x000071df5ec0b840] Compiler: c1, Barriers: 0, Oops: 0, ImmediateOops: 0, NonImmediateOops: No
[1,579s][debug][gc,nmethod  ] Register NMethod: jdk.internal.classfile.impl.BufWriterImpl.writeU1U2 (0x000071df3f4e7f08) [0x000071df3f4e8000, 0x000071df3f4e8498] Compiler: c1, Barriers: 2, Oops: 0, ImmediateOops: 0, NonImmediateOops: No
[1,579s][debug][gc,nmethod  ] Register NMethod: java.util.HashMap.getNode (0x000071df5ec0b988) [0x000071df5ec0ba80, 0x000071df5ec0c248] Compiler: jvmci, Barriers: 11, Oops: 0, ImmediateOops: 0, NonImmediateOops: No
[1,580s][debug][gc,nmethod  ] Register NMethod: java.lang.constant.ClassDesc.isPrimitive (0x000071df5ec0c288) [0x000071df5ec0c380, 0x000071df5ec0c440] Compiler: c1, Barriers: 0, Oops: 0, ImmediateOops: 0, NonImmediateOops: No
[1,580s][debug][gc,nmethod  ] Register NMethod: jdk.internal.classfile.impl.SplitConstantPool.maybeCloneUtf8Entry (0x000071df3f4e8508) [0x000071df3f4e8600, 0x000071df3f4e96a0] Compiler: c1, Barriers: 4, Oops: 0, ImmediateOops: 2, NonImmediateOops: No
[1,580s][debug][gc,nmethod  ] Register NMethod: java.lang.StringConcatHelper.stringOf (0x000071df3f4e9708) [0x000071df3f4e9800, 0x000071df3f4e9b58] Compiler: c1, Barriers: 0, Oops: 0, ImmediateOops: 1, NonImmediateOops: No
[1,581s][debug][gc,nmethod  ] Register NMethod: java.lang.StringConcatHelper.prepend (0x000071df3f4e9b88) [0x000071df3f4e9c80, 0x000071df3f4eb3d0] Compiler: c1, Barriers: 3, Oops: 0, ImmediateOops: 0, NonImmediateOops: No
[1,581s][debug][gc,nmethod  ] Register NMethod: java.lang.StringConcatHelper.newArrayWithSuffix (0x000071df3f4eb408) [0x000071df3f4eb500, 0x000071df3f4ec450] Compiler: c1, Barriers: 1, Oops: 0, ImmediateOops: 3, NonImmediateOops: No
[1,581s][debug][gc,nmethod  ] Register NMethod: java.lang.StringConcatHelper.concat0 (0x000071df3f4ec488) [0x000071df3f4ec580, 0x000071df3f4ee768] Compiler: c1, Barriers: 6, Oops: 0, ImmediateOops: 3, NonImmediateOops: No
[1,581s][debug][gc,nmethod  ] Register NMethod: java.lang.StringConcatHelper.concat (0x000071df3f4ee788) [0x000071df3f4ee880, 0x000071df3f4f0e28] Compiler: c1, Barriers: 6, Oops: 0, ImmediateOops: 6, NonImmediateOops: No
[1,581s][debug][gc,nmethod  ] Register NMethod: jdk.internal.classfile.impl.AbstractElement.<init> (0x000071df3f4f0e88) [0x000071df3f4f0f80, 0x000071df3f4f10d8] Compiler: c1, Barriers: 0, Oops: 0, ImmediateOops: 0, NonImmediateOops: No
[1,581s][debug][gc,nmethod  ] Register NMethod: jdk.internal.classfile.impl.AbstractPoolEntry$Utf8EntryImpl.stringValue (0x000071df3f4f1188) [0x000071df3f4f1280, 0x000071df3f4f1578] Compiler: c1, Barriers: 0, Oops: 0, ImmediateOops: 0, NonImmediateOops: No
[1,581s][debug][gc,nmethod  ] Register NMethod: jdk.internal.classfile.impl.AbstractPoolEntry$Utf8EntryImpl.toString (0x000071df3f4f1588) [0x000071df3f4f1680, 0x000071df3f4f1bc8] Compiler: c1, Barriers: 11, Oops: 0, ImmediateOops: 5, NonImmediateOops: No
[1,581s][debug][gc,nmethod  ] Register NMethod: java.util.Arrays.copyOf (0x000071df3f4f1c08) [0x000071df3f4f1d00, 0x000071df3f4f2020] Compiler: c1, Barriers: 1, Oops: 0, ImmediateOops: 0, NonImmediateOops: No
[1,582s][debug][gc,nmethod  ] Register NMethod: jdk.internal.classfile.impl.StackMapGenerator$Type.<init> (0x000071df3f4f2088) [0x000071df3f4f2180, 0x000071df3f4f23b8] Compiler: c1, Barriers: 3, Oops: 0, ImmediateOops: 0, NonImmediateOops: No
[1,582s][debug][gc,nmethod  ] Register NMethod: jdk.internal.constant.MethodTypeDescImpl.parameterType (0x000071df3f4f2408) [0x000071df3f4f2500, 0x000071df3f4f2688] Compiler: c1, Barriers: 2, Oops: 0, ImmediateOops: 0, NonImmediateOops: No
[1,582s][debug][gc,nmethod  ] Register NMethod: jdk.internal.classfile.impl.AbstractPoolEntry$ClassEntryImpl.hashCode (0x000071df3f4f2708) [0x000071df3f4f2800, 0x000071df3f4f36f8] Compiler: c1, Barriers: 4, Oops: 0, ImmediateOops: 2, NonImmediateOops: No
[1,583s][debug][gc,nmethod  ] Register NMethod: sun.invoke.util.VerifyAccess.ensureTypeVisible (0x000071df3f4f3708) [0x000071df3f4f3800, 0x000071df3f4f4990] Compiler: c1, Barriers: 4, Oops: 0, ImmediateOops: 1, NonImmediateOops: No
[1,583s][debug][gc,nmethod  ] Register NMethod: jdk.internal.classfile.impl.SplitConstantPool.findEntry (0x000071df3f4f4a08) [0x000071df3f4f4b00, 0x000071df3f4f6208] Compiler: c1, Barriers: 3, Oops: 0, ImmediateOops: 0, NonImmediateOops: No
[1,584s][debug][gc,nmethod  ] Register NMethod: jdk.internal.classfile.impl.BufWriterImpl.writeU1 (0x000071df3f4f6288) [0x000071df3f4f6380, 0x000071df3f4f67c8] Compiler: c1, Barriers: 2, Oops: 0, ImmediateOops: 0, NonImmediateOops: No
[1,584s][debug][gc,nmethod  ] Register NMethod: java.lang.invoke.MethodTypeForm.basicType (0x000071df5ec0c588) [0x000071df5ec0c680, 0x000071df5ec0c768] Compiler: c1, Barriers: 1, Oops: 0, ImmediateOops: 0, NonImmediateOops: No
[1,584s][debug][gc,nmethod  ] Register NMethod: jdk.internal.classfile.impl.StackMapGenerator$Frame.checkStack (0x000071df3f4f6808) [0x000071df3f4f6900, 0x000071df3f4f7548] Compiler: c1, Barriers: 11, Oops: 1, ImmediateOops: 2, NonImmediateOops: No
[1,584s][debug][gc,director ] Rule Major: Warmup 10%, Used: 14MB, UsedThreshold: 1228MB
[1,585s][debug][gc,nmethod  ] Register NMethod: java.lang.invoke.MethodType.equals (0x000071df3f4f7588) [0x000071df3f4f7680, 0x000071df3f4f7e20] Compiler: c1, Barriers: 4, Oops: 0, ImmediateOops: 0, NonImmediateOops: No
[1,585s][debug][gc,nmethod  ] Register NMethod: java.lang.reflect.Modifier.isProtected (0x000071df3f4f7e88) [0x000071df3f4f7f80, 0x000071df3f4f80b0] Compiler: c1, Barriers: 0, Oops: 0, ImmediateOops: 0, NonImmediateOops: No
[1,585s][debug][gc,nmethod  ] Register NMethod: jdk.internal.classfile.impl.Util.methodTypeSymbol (0x000071df3f4f8188) [0x000071df3f4f8280, 0x000071df3f4f9140] Compiler: c1, Barriers: 4, Oops: 0, ImmediateOops: 0, NonImmediateOops: No
[1,585s][debug][gc,nmethod  ] Register NMethod: jdk.internal.classfile.impl.AbstractPoolEntry$Utf8EntryImpl.methodTypeSymbol (0x000071df3f4f9188) [0x000071df3f4f9280, 0x000071df3f4f9d50] Compiler: c1, Barriers: 4, Oops: 0, ImmediateOops: 0, NonImmediateOops: No
[1,585s][debug][gc,nmethod  ] Register NMethod: jdk.internal.classfile.impl.AbstractPoolEntry$AbstractRefEntry.<init> (0x000071df3f4f9d88) [0x000071df3f4f9e80, 0x000071df3f4fa3d8] Compiler: c1, Barriers: 6, Oops: 0, ImmediateOops: 0, NonImmediateOops: No
[1,586s][debug][gc,nmethod  ] Register NMethod: jdk.internal.classfile.impl.AbstractPoolEntry$NameAndTypeEntryImpl.tag (0x000071df5ec0c888) [0x000071df5ec0c980, 0x000071df5ec0ca40] Compiler: c1, Barriers: 0, Oops: 0, ImmediateOops: 0, NonImmediateOops: No
[1,586s][debug][gc,nmethod  ] Register NMethod: java.lang.invoke.MethodType.checkPtypes (0x000071df3f4fa408) [0x000071df3f4fa500, 0x000071df3f4fb6d8] Compiler: c1, Barriers: 1, Oops: 2, ImmediateOops: 6, NonImmediateOops: No
[1,586s][debug][gc,nmethod  ] Register NMethod: jdk.internal.classfile.impl.AbstractPoolEntry$AbstractNamedEntry.<init> (0x000071df3f4fb708) [0x000071df3f4fb800, 0x000071df3f4fb930] Compiler: c1, Barriers: 0, Oops: 0, ImmediateOops: 0, NonImmediateOops: No
[1,586s][debug][gc,nmethod  ] Register NMethod: jdk.internal.classfile.impl.Util.parameterSlots (0x000071df3f4fba08) [0x000071df3f4fbb00, 0x000071df3f4fbf90] Compiler: c1, Barriers: 3, Oops: 0, ImmediateOops: 2, NonImmediateOops: No
[1,586s][debug][gc,nmethod  ] Register NMethod: jdk.internal.classfile.impl.AbstractPoolEntry$AbstractRefsEntry.<init> (0x000071df3f4fc008) [0x000071df3f4fc100, 0x000071df3f4fc900] Compiler: c1, Barriers: 9, Oops: 0, ImmediateOops: 0, NonImmediateOops: No
[1,587s][debug][gc,nmethod  ] Register NMethod: java.lang.Class.descriptorString (0x000071df3f4fc908) [0x000071df3f4fca00, 0x000071df3f504590] Compiler: c1, Barriers: 14, Oops: 3, ImmediateOops: 21, NonImmediateOops: No
[1,587s][debug][gc,nmethod  ] Register NMethod: jdk.internal.classfile.impl.LabelImpl.getBCI (0x000071df5ec0cb88) [0x000071df5ec0cc80, 0x000071df5ec0cd40] Compiler: c1, Barriers: 0, Oops: 0, ImmediateOops: 0, NonImmediateOops: No
[1,587s][debug][gc,nmethod  ] Register NMethod: jdk.internal.classfile.impl.LabelImpl.labelContext (0x000071df5ec0ce88) [0x000071df5ec0cf80, 0x000071df5ec0d068] Compiler: c1, Barriers: 1, Oops: 0, ImmediateOops: 0, NonImmediateOops: No
[1,587s][debug][gc,nmethod  ] Register NMethod: java.util.ArrayDeque.poll (0x000071df3f504608) [0x000071df3f504700, 0x000071df3f504848] Compiler: c1, Barriers: 0, Oops: 0, ImmediateOops: 0, NonImmediateOops: No
[1,587s][debug][gc,nmethod  ] Register NMethod: jdk.internal.misc.Unsafe.getChar (0x000071df5ec0d188) [0x000071df5ec0d280, 0x000071df5ec0d3e8] Compiler: , Barriers: 0, Oops: 0, ImmediateOops: 0, NonImmediateOops: No
[1,588s][debug][gc,nmethod  ] Register NMethod: java.util.ArrayDeque.pollFirst (0x000071df3f504908) [0x000071df3f504a00, 0x000071df3f504f60] Compiler: c1, Barriers: 5, Oops: 0, ImmediateOops: 0, NonImmediateOops: No
[1,588s][debug][gc,nmethod  ] Register NMethod: jdk.internal.classfile.impl.RawBytecodeHelper.getU1Unchecked (0x000071df3f504f88) [0x000071df3f505080, 0x000071df3f505270] Compiler: c1, Barriers: 2, Oops: 0, ImmediateOops: 0, NonImmediateOops: No
[1,588s][debug][gc,nmethod  ] Register NMethod: jdk.internal.classfile.impl.AbstractPoolEntry$AbstractRefsEntry.writeTo (0x000071df3f505288) [0x000071df3f505380, 0x000071df3f505d20] Compiler: c1, Barriers: 2, Oops: 0, ImmediateOops: 0, NonImmediateOops: No
[1,588s][debug][gc,nmethod  ] Register NMethod: jdk.internal.classfile.impl.BufWriterImpl.writeU1U2U2 (0x000071df3f505d88) [0x000071df3f505e80, 0x000071df3f506378] Compiler: c1, Barriers: 2, Oops: 0, ImmediateOops: 0, NonImmediateOops: No
[1,589s][debug][gc,nmethod  ] Register NMethod: java.lang.invoke.MemberName.clone (0x000071df3f506388) [0x000071df3f506480, 0x000071df3f5068f0] Compiler: c1, Barriers: 0, Oops: 0, ImmediateOops: 0, NonImmediateOops: No
[1,593s][debug][gc,nmethod  ] Register NMethod: java.lang.ref.Reference.refersToImpl (0x000071df3f506908) [0x000071df3f506a00, 0x000071df3f506b38] Compiler: c1, Barriers: 0, Oops: 0, ImmediateOops: 0, NonImmediateOops: No
[1,593s][debug][gc,nmethod  ] Register NMethod: jdk.internal.access.SharedSecrets.javaUtilJarAccess (0x000071df3f506c08) [0x000071df3f506d00, 0x000071df3f5073e0] Compiler: c1, Barriers: 2, Oops: 1, ImmediateOops: 4, NonImmediateOops: No
[1,595s][debug][gc,director ] Rule Major: Warmup 10%, Used: 16MB, UsedThreshold: 1228MB
[1,595s][debug][gc,nmethod  ] Register NMethod: java.lang.Math.max (0x000071df3f507408) [0x000071df3f507500, 0x000071df3f507628] Compiler: c1, Barriers: 0, Oops: 0, ImmediateOops: 0, NonImmediateOops: No
[1,596s][debug][gc,nmethod  ] Register NMethod: java.lang.invoke.MethodHandle.linkToStatic (0x000071df5ec0d488) [0x000071df5ec0d580, 0x000071df5ec0d670] Compiler: , Barriers: 0, Oops: 0, ImmediateOops: 0, NonImmediateOops: No
[1,601s][debug][gc,nmethod  ] Register NMethod: jdk.internal.ref.CleanerImpl$PhantomCleanableRef.<init> (0x000071df3f507708) [0x000071df3f507800, 0x000071df3f5079c0] Compiler: c1, Barriers: 3, Oops: 0, ImmediateOops: 0, NonImmediateOops: No
[1,601s][debug][gc,nmethod  ] Register NMethod: java.lang.ref.Cleaner.register (0x000071df3f507a08) [0x000071df3f507b00, 0x000071df3f508018] Compiler: c1, Barriers: 3, Oops: 2, ImmediateOops: 2, NonImmediateOops: No
[1,603s][debug][gc,nmethod  ] Register NMethod: java.nio.Buffer.limit (0x000071df5ec0d788) [0x000071df5ec0d880, 0x000071df5ec0d940] Compiler: c1, Barriers: 0, Oops: 0, ImmediateOops: 0, NonImmediateOops: No
[1,605s][debug][gc,director ] Rule Major: Warmup 10%, Used: 16MB, UsedThreshold: 1228MB
[1,606s][debug][gc,nmethod  ] Register NMethod: java.util.Properties$LineReader.readLine (0x000071df3f508088) [0x000071df3f508180, 0x000071df3f50bbb0] Compiler: c1, Barriers: 14, Oops: 0, ImmediateOops: 0, NonImmediateOops: No
[1,607s][debug][gc,nmethod  ] Register NMethod: java.lang.invoke.MemberName.getModifiers (0x000071df3f50bc08) [0x000071df3f50bd00, 0x000071df3f50be08] Compiler: c1, Barriers: 0, Oops: 0, ImmediateOops: 0, NonImmediateOops: No
[1,608s][debug][gc,nmethod  ] Register NMethod: sun.invoke.util.VerifyAccess.isSamePackage (0x000071df3f50bf08) [0x000071df3f50c000, 0x000071df3f50c9e0] Compiler: c1, Barriers: 2, Oops: 0, ImmediateOops: 0, NonImmediateOops: No
[1,609s][debug][gc,nmethod  ] Register NMethod: jdk.internal.loader.URLClassPath$Loader.getBaseURL (0x000071df5ec0da88) [0x000071df5ec0db80, 0x000071df5ec0dc68] Compiler: c1, Barriers: 1, Oops: 0, ImmediateOops: 0, NonImmediateOops: No
[1,609s][debug][gc,nmethod  ] Register NMethod: java.lang.ClassLoader.defineClass1 (0x000071df5ec0dd88) [0x000071df5ec0de80, 0x000071df5ec0e218] Compiler: , Barriers: 0, Oops: 0, ImmediateOops: 1, NonImmediateOops: No
[1,610s][debug][gc,nmethod  ] Register NMethod: java.util.zip.ZipEntry.getCrc (0x000071df5ec0e288) [0x000071df5ec0e380, 0x000071df5ec0e440] Compiler: c1, Barriers: 0, Oops: 0, ImmediateOops: 0, NonImmediateOops: No
[1,610s][debug][gc,nmethod  ] Register NMethod: jdk.internal.loader.Resource.cachedInputStream (0x000071df3f50ca08) [0x000071df3f50cb00, 0x000071df3f50d178] Compiler: c1, Barriers: 8, Oops: 0, ImmediateOops: 0, NonImmediateOops: No
[1,610s][debug][gc,nmethod  ] Register NMethod: jdk.internal.perf.PerfCounter.addElapsedTimeFrom (0x000071df3f50d188) [0x000071df3f50d280, 0x000071df3f50d408] Compiler: c1, Barriers: 0, Oops: 0, ImmediateOops: 0, NonImmediateOops: No
[1,611s][debug][gc,nmethod  ] Register NMethod: java.security.CodeSource.getCertificates (0x000071df3f50d488) [0x000071df3f50d580, 0x000071df3f50e758] Compiler: c1, Barriers: 10, Oops: 0, ImmediateOops: 1, NonImmediateOops: No
[1,611s][debug][gc,nmethod  ] Register NMethod: java.lang.invoke.MethodHandle.linkToSpecial (0x000071df5ec0e588) [0x000071df5ec0e680, 0x000071df5ec0e778] Compiler: , Barriers: 0, Oops: 0, ImmediateOops: 0, NonImmediateOops: No
[1,615s][debug][gc,nmethod  ] Register NMethod: jdk.internal.classfile.impl.UnboundAttribute.attributeMapper (0x000071df5ec0e888) [0x000071df5ec0e980, 0x000071df5ec0ea68] Compiler: c1, Barriers: 1, Oops: 0, ImmediateOops: 0, NonImmediateOops: No
[1,615s][debug][gc,director ] Rule Major: Warmup 10%, Used: 16MB, UsedThreshold: 1228MB
[1,615s][debug][gc,nmethod  ] Register NMethod: jdk.internal.classfile.impl.SplitConstantPool.classEntry (0x000071df3f50e788) [0x000071df3f50e880, 0x000071df3f510538] Compiler: c1, Barriers: 4, Oops: 1, ImmediateOops: 2, NonImmediateOops: No
[1,616s][debug][gc,nmethod  ] Register NMethod: jdk.internal.classfile.impl.SplitConstantPool.tryFindClassOrInterface (0x000071df3f510588) [0x000071df3f510680, 0x000071df3f513238] Compiler: c1, Barriers: 12, Oops: 0, ImmediateOops: 0, NonImmediateOops: No
[1,616s][debug][gc,nmethod  ] Register NMethod: java.lang.reflect.Modifier.isPublic (0x000071df3f513288) [0x000071df3f513380, 0x000071df3f5134b0] Compiler: c1, Barriers: 0, Oops: 0, ImmediateOops: 0, NonImmediateOops: No
[1,616s][debug][gc,nmethod  ] Register NMethod: java.lang.Class.isInterface (0x000071df3f513588) [0x000071df3f513680, 0x000071df3f513838] Compiler: c1, Barriers: 0, Oops: 0, ImmediateOops: 0, NonImmediateOops: No
[1,616s][debug][gc,nmethod  ] Register NMethod: java.lang.invoke.MethodTypeForm.canonicalizeAll (0x000071df3f513888) [0x000071df3f513980, 0x000071df3f514338] Compiler: c1, Barriers: 4, Oops: 0, ImmediateOops: 1, NonImmediateOops: No
[1,616s][debug][gc,nmethod  ] Register NMethod: java.lang.reflect.Modifier.isInterface (0x000071df3f514388) [0x000071df3f514480, 0x000071df3f5145b0] Compiler: c1, Barriers: 0, Oops: 0, ImmediateOops: 0, NonImmediateOops: No
[1,617s][debug][gc,nmethod  ] Register NMethod: jdk.internal.classfile.impl.AttributeHolder.writeTo (0x000071df3f514688) [0x000071df3f514780, 0x000071df3f514f80] Compiler: c1, Barriers: 4, Oops: 0, ImmediateOops: 0, NonImmediateOops: No
[1,617s][debug][gc,nmethod  ] Register NMethod: jdk.internal.classfile.impl.AbstractDirectBuilder.<init> (0x000071df3f514f88) [0x000071df3f515080, 0x000071df3f5154d0] Compiler: c1, Barriers: 12, Oops: 0, ImmediateOops: 1, NonImmediateOops: No
[1,617s][debug][gc,nmethod  ] Register NMethod: jdk.internal.classfile.impl.SplitConstantPool.classEntryForClassOrInterface (0x000071df3f515508) [0x000071df3f515600, 0x000071df3f517b90] Compiler: c1, Barriers: 7, Oops: 0, ImmediateOops: 1, NonImmediateOops: No
[1,617s][debug][gc,nmethod  ] Register NMethod: java.util.ArrayList.isEmpty (0x000071df3f517c08) [0x000071df3f517d00, 0x000071df3f517e50] Compiler: c1, Barriers: 0, Oops: 0, ImmediateOops: 0, NonImmediateOops: No
[1,617s][debug][gc,nmethod  ] Register NMethod: java.lang.invoke.MethodHandles$Lookup.lookupClassOrNull (0x000071df3f517f08) [0x000071df3f518000, 0x000071df3f5181a0] Compiler: c1, Barriers: 1, Oops: 0, ImmediateOops: 0, NonImmediateOops: No
[1,617s][debug][gc,nmethod  ] Register NMethod: jdk.internal.classfile.impl.AttributeHolder.<init> (0x000071df3f518208) [0x000071df3f518300, 0x000071df3f5184e0] Compiler: c1, Barriers: 3, Oops: 0, ImmediateOops: 1, NonImmediateOops: No
[1,617s][debug][gc,nmethod  ] Register NMethod: java.lang.classfile.Opcode.bytecode (0x000071df5ec0eb88) [0x000071df5ec0ec80, 0x000071df5ec0ed40] Compiler: c1, Barriers: 0, Oops: 0, ImmediateOops: 0, NonImmediateOops: No
[1,617s][debug][gc,nmethod  ] Register NMethod: java.lang.invoke.MemberName.isConstructor (0x000071df3f518508) [0x000071df3f518600, 0x000071df3f5187b8] Compiler: c1, Barriers: 0, Oops: 0, ImmediateOops: 0, NonImmediateOops: No
[1,617s][debug][gc,nmethod  ] Register NMethod: java.lang.invoke.MethodTypeForm.parameterSlotCount (0x000071df5ec0ee88) [0x000071df5ec0ef80, 0x000071df5ec0f040] Compiler: c1, Barriers: 0, Oops: 0, ImmediateOops: 0, NonImmediateOops: No
[1,617s][debug][gc,nmethod  ] Register NMethod: jdk.internal.constant.ConstantUtils.referenceClassDesc (0x000071df3f518808) [0x000071df3f518900, 0x000071df3f5192e0] Compiler: c1, Barriers: 2, Oops: 1, ImmediateOops: 2, NonImmediateOops: No
[1,618s][debug][gc,nmethod  ] Register NMethod: jdk.internal.util.StrongReferenceKey.equals (0x000071df3f519308) [0x000071df3f519400, 0x000071df3f51a088] Compiler: c1, Barriers: 1, Oops: 0, ImmediateOops: 0, NonImmediateOops: No
[1,619s][debug][gc,nmethod  ] Register NMethod: jdk.internal.jimage.ImageStringsReader.unmaskedHashCode (0x000071df3f51a108) [0x000071df3f51a200, 0x000071df3f51b400] Compiler: c1, Barriers: 3, Oops: 1, ImmediateOops: 2, NonImmediateOops: No
[1,619s][debug][gc,nmethod  ] Register NMethod: jdk.internal.jimage.ImageLocation.readValue (0x000071df3f51b488) [0x000071df3f51b580, 0x000071df3f51ba50] Compiler: c1, Barriers: 0, Oops: 0, ImmediateOops: 1, NonImmediateOops: No
[1,620s][debug][gc,nmethod  ] Register NMethod: java.nio.DirectByteBuffer.ix (0x000071df5ec0f188) [0x000071df5ec0f280, 0x000071df5ec0f308] Compiler: jvmci, Barriers: 0, Oops: 0, ImmediateOops: 0, NonImmediateOops: No
[1,621s][debug][gc,nmethod  ] Register NMethod: java.io.FilterInputStream.<init> (0x000071df3f51ba88) [0x000071df3f51bb80, 0x000071df3f51bdb8] Compiler: c1, Barriers: 3, Oops: 0, ImmediateOops: 0, NonImmediateOops: No
[1,621s][debug][gc,nmethod  ] Register NMethod: jdk.internal.misc.Unsafe.putByte (0x000071df5ec0f488) [0x000071df5ec0f580, 0x000071df5ec0f6d8] Compiler: , Barriers: 0, Oops: 0, ImmediateOops: 0, NonImmediateOops: No
[1,621s][debug][gc,nmethod  ] Register NMethod: java.lang.StringLatin1.indexOf (0x000071df3f51be08) [0x000071df3f51bf00, 0x000071df3f51c0e0] Compiler: c1, Barriers: 0, Oops: 0, ImmediateOops: 0, NonImmediateOops: No
[1,621s][debug][gc,nmethod  ] Register NMethod: sun.nio.fs.NativeBuffer.address (0x000071df5ec0f788) [0x000071df5ec0f880, 0x000071df5ec0f940] Compiler: c1, Barriers: 0, Oops: 0, ImmediateOops: 0, NonImmediateOops: No
[1,621s][debug][gc,nmethod  ] Register NMethod: java.lang.String.indexOf (0x000071df3f51c108) [0x000071df3f51c200, 0x000071df3f51cd00] Compiler: c1, Barriers: 6, Oops: 0, ImmediateOops: 0, NonImmediateOops: No
[1,621s][debug][gc,nmethod  ] Register NMethod: worker.org.gradle.internal.stream.EncodedStream$EncodedInput.read (0x000071df5ec0fa88) [0x000071df5ec0fb80, 0x000071df5ec103d0] Compiler: jvmci, Barriers: 4, Oops: 1, ImmediateOops: 1, NonImmediateOops: No
[1,621s][debug][gc,nmethod  ] Register NMethod: sun.nio.fs.UnixPath.checkNotNul (0x000071df5ec10408) [0x000071df5ec10500, 0x000071df5ec10598] Compiler: jvmci, Barriers: 0, Oops: 0, ImmediateOops: 0, NonImmediateOops: No
[1,622s][debug][gc,nmethod  ] Register NMethod: java.lang.Long.hashCode (0x000071df3f51cd08) [0x000071df3f51ce00, 0x000071df3f51cef0] Compiler: c1, Barriers: 0, Oops: 0, ImmediateOops: 0, NonImmediateOops: No
[1,622s][debug][gc,nmethod  ] Register NMethod: java.util.zip.ZipFile.zipCoderFor (0x000071df5ec10708) [0x000071df5ec10800, 0x000071df5ec108c0] Compiler: jvmci, Barriers: 0, Oops: 0, ImmediateOops: 0, NonImmediateOops: No
[1,623s][debug][gc,nmethod  ] Register NMethod: java.lang.String.equalsIgnoreCase (0x000071df3f51d008) [0x000071df3f51d100, 0x000071df3f51e288] Compiler: c1, Barriers: 2, Oops: 0, ImmediateOops: 0, NonImmediateOops: No
[1,623s][debug][gc,nmethod  ] Register NMethod: java.io.UnixFileSystem.normalize (0x000071df3f51e308) [0x000071df3f51e400, 0x000071df3f51f9f8] Compiler: c1, Barriers: 2, Oops: 1, ImmediateOops: 3, NonImmediateOops: No
[1,624s][debug][gc,nmethod  ] Register NMethod: java.lang.Thread.currentCarrierThread (0x000071df5ec10a08) [0x000071df5ec10b00, 0x000071df5ec10e28] Compiler: , Barriers: 0, Oops: 0, ImmediateOops: 1, NonImmediateOops: No
[1,625s][debug][gc,director ] Rule Major: Warmup 10%, Used: 16MB, UsedThreshold: 1228MB
[1,626s][debug][gc,nmethod  ] Register NMethod: java.io.File.<init> (0x000071df3f51fa08) [0x000071df3f51fb00, 0x000071df3f520390] Compiler: c1, Barriers: 6, Oops: 1, ImmediateOops: 2, NonImmediateOops: No
[1,626s][debug][gc,nmethod  ] Register NMethod: java.lang.ref.Reference.refersTo (0x000071df3f520408) [0x000071df3f520500, 0x000071df3f520800] Compiler: c1, Barriers: 0, Oops: 0, ImmediateOops: 0, NonImmediateOops: No
[1,626s][debug][gc,nmethod  ] Register NMethod: java.util.zip.ZipCoder$UTF8ZipCoder.checkedHash (0x000071df5ec10e88) [0x000071df5ec10f80, 0x000071df5ec11190] Compiler: jvmci, Barriers: 0, Oops: 0, ImmediateOops: 0, NonImmediateOops: No
[1,626s][debug][gc,nmethod  ] Register NMethod: java.lang.String.getBytesNoRepl (0x000071df3f520808) [0x000071df3f520900, 0x000071df3f521580] Compiler: c1, Barriers: 1, Oops: 0, ImmediateOops: 0, NonImmediateOops: No
[1,626s][debug][gc,nmethod  ] Register NMethod: java.lang.String.isASCII (0x000071df3f521588) [0x000071df3f521680, 0x000071df3f5218a0] Compiler: c1, Barriers: 0, Oops: 0, ImmediateOops: 0, NonImmediateOops: No
[1,626s][debug][gc,nmethod  ] Register NMethod: java.lang.System$1.uncheckedGetBytesNoRepl (0x000071df3f521908) [0x000071df3f521a00, 0x000071df3f522700] Compiler: c1, Barriers: 1, Oops: 0, ImmediateOops: 0, NonImmediateOops: No
[1,627s][debug][gc,nmethod  ] Register NMethod: java.util.jar.Manifest$FastInputStream.readLine (0x000071df3f522708) [0x000071df3f522800, 0x000071df3f522958] Compiler: c1, Barriers: 0, Oops: 0, ImmediateOops: 0, NonImmediateOops: No
[1,627s][debug][gc,nmethod  ] Register NMethod: java.util.jar.JarFile.match (0x000071df3f522a08) [0x000071df3f522b00, 0x000071df3f523010] Compiler: c1, Barriers: 0, Oops: 0, ImmediateOops: 0, NonImmediateOops: No
[1,627s][debug][gc,nmethod  ] Register NMethod: java.lang.String.getBytesNoRepl1 (0x000071df3f523088) [0x000071df3f523180, 0x000071df3f523dd8] Compiler: c1, Barriers: 1, Oops: 0, ImmediateOops: 3, NonImmediateOops: No
[1,627s][debug][gc,nmethod  ] Register NMethod: java.lang.Math.abs (0x000071df3f523e08) [0x000071df3f523f00, 0x000071df3f524058] Compiler: c1, Barriers: 0, Oops: 0, ImmediateOops: 0, NonImmediateOops: No
[1,627s][debug][gc,nmethod  ] Register NMethod: java.util.zip.ZipUtils.LOCSIG (0x000071df3f524108) [0x000071df3f524200, 0x000071df3f524318] Compiler: c1, Barriers: 0, Oops: 0, ImmediateOops: 0, NonImmediateOops: No
[1,628s][debug][gc,nmethod  ] Register NMethod: sun.nio.fs.UnixPath.getFileSystem (0x000071df5ec11208) [0x000071df5ec11300, 0x000071df5ec113e8] Compiler: c1, Barriers: 1, Oops: 0, ImmediateOops: 0, NonImmediateOops: No
[1,629s][debug][gc,nmethod  ] Register NMethod: java.util.zip.ZipFile$Source.isMetaName (0x000071df5ec11508) [0x000071df5ec11600, 0x000071df5ec11930] Compiler: jvmci, Barriers: 0, Oops: 0, ImmediateOops: 0, NonImmediateOops: No
[1,629s][debug][gc,nmethod  ] Register NMethod: java.nio.charset.Charset.name (0x000071df5ec11988) [0x000071df5ec11a80, 0x000071df5ec11b68] Compiler: c1, Barriers: 1, Oops: 0, ImmediateOops: 0, NonImmediateOops: No
[1,630s][debug][gc,nmethod  ] Register NMethod: java.util.zip.ZipFile$Source.nextEntryPos (0x000071df5ec11c88) [0x000071df5ec11d80, 0x000071df5ec11ed0] Compiler: jvmci, Barriers: 1, Oops: 0, ImmediateOops: 0, NonImmediateOops: No
[1,634s][debug][gc,nmethod  ] Register NMethod: java.util.zip.ZipFile$Source.checkAndAddEntry (0x000071df5ec11f88) [0x000071df5ec12080, 0x000071df5ec12bd8] Compiler: jvmci, Barriers: 3, Oops: 0, ImmediateOops: 0, NonImmediateOops: No
[1,634s][debug][gc,nmethod  ] Register NMethod: java.lang.Math.max (0x000071df5ec12c08) [0x000071df5ec12d00, 0x000071df5ec12d68] Compiler: jvmci, Barriers: 0, Oops: 0, ImmediateOops: 0, NonImmediateOops: No
[1,635s][debug][gc,director ] Rule Major: Warmup 10%, Used: 50MB, UsedThreshold: 1228MB
[1,636s][debug][gc,nmethod  ] Register NMethod: java.util.LinkedHashMap.newNode (0x000071df3f524408) [0x000071df3f524500, 0x000071df3f5246e8] Compiler: c1, Barriers: 0, Oops: 0, ImmediateOops: 0, NonImmediateOops: No
[1,636s][debug][gc,nmethod  ] Register NMethod: java.util.LinkedHashMap$Entry.<init> (0x000071df3f524708) [0x000071df3f524800, 0x000071df3f524b20] Compiler: c1, Barriers: 9, Oops: 0, ImmediateOops: 0, NonImmediateOops: No
[1,636s][debug][gc,nmethod  ] Register NMethod: java.util.LinkedHashMap.linkNodeAtEnd (0x000071df3f524b88) [0x000071df3f524c80, 0x000071df3f5252b8] Compiler: c1, Barriers: 26, Oops: 0, ImmediateOops: 0, NonImmediateOops: No
[1,636s][debug][gc,nmethod  ] Register NMethod: java.util.LinkedHashMap.afterNodeInsertion (0x000071df3f525308) [0x000071df3f525400, 0x000071df3f525608] Compiler: c1, Barriers: 1, Oops: 0, ImmediateOops: 0, NonImmediateOops: No
[1,636s][debug][gc,nmethod  ] Register NMethod: java.util.zip.ZipFile$Source.checkExtraFields (0x000071df3f525688) [0x000071df3f525780, 0x000071df3f526e10] Compiler: c1, Barriers: 15, Oops: 3, ImmediateOops: 5, NonImmediateOops: No
[1,640s][debug][gc,nmethod  ] Register NMethod: java.lang.Runtime$Version.feature (0x000071df3f526e88) [0x000071df3f526f80, 0x000071df3f5276a0] Compiler: c1, Barriers: 1, Oops: 0, ImmediateOops: 0, NonImmediateOops: No
[1,641s][debug][gc,nmethod  ] Register NMethod: java.util.zip.ZipFile$Source.isMetaName (0x000071df3f527708) [0x000071df3f527800, 0x000071df3f527c60] Compiler: c1, Barriers: 0, Oops: 0, ImmediateOops: 0, NonImmediateOops: No
[1,642s][debug][gc,nmethod  ] Register NMethod: java.lang.StringLatin1.indexOf (0x000071df5ec12f08) [0x000071df5ec13000, 0x000071df5ec13580] Compiler: jvmci, Barriers: 0, Oops: 0, ImmediateOops: 0, NonImmediateOops: No
[1,643s][debug][gc,nmethod  ] Register NMethod: java.util.BitSet.wordIndex (0x000071df3f527c88) [0x000071df3f527d80, 0x000071df3f527e68] Compiler: c1, Barriers: 0, Oops: 0, ImmediateOops: 0, NonImmediateOops: No
[1,643s][debug][gc,nmethod  ] Register NMethod: java.util.BitSet.checkInvariants (0x000071df3f527f88) [0x000071df3f528080, 0x000071df3f5281b0] Compiler: c1, Barriers: 0, Oops: 0, ImmediateOops: 0, NonImmediateOops: No
[1,643s][debug][gc,nmethod  ] Register NMethod: java.lang.Number.<init> (0x000071df3f528288) [0x000071df3f528380, 0x000071df3f5284d8] Compiler: c1, Barriers: 0, Oops: 0, ImmediateOops: 0, NonImmediateOops: No
[1,643s][debug][gc,nmethod  ] Register NMethod: java.util.zip.ZipFile$Source.isManifestName (0x000071df3f528588) [0x000071df3f528680, 0x000071df3f528b88] Compiler: c1, Barriers: 1, Oops: 0, ImmediateOops: 0, NonImmediateOops: No
[1,644s][debug][gc,nmethod  ] Register NMethod: java.lang.Integer.<init> (0x000071df3f528c08) [0x000071df3f528d00, 0x000071df3f528ec0] Compiler: c1, Barriers: 0, Oops: 0, ImmediateOops: 0, NonImmediateOops: No
[1,644s][debug][gc,nmethod  ] Register NMethod: java.lang.Integer.valueOf (0x000071df3f528f08) [0x000071df3f529000, 0x000071df3f529318] Compiler: c1, Barriers: 1, Oops: 0, ImmediateOops: 1, NonImmediateOops: No
[1,644s][debug][gc,nmethod  ] Register NMethod: java.util.BitSet.expandTo (0x000071df3f529388) [0x000071df3f529480, 0x000071df3f529608] Compiler: c1, Barriers: 0, Oops: 0, ImmediateOops: 0, NonImmediateOops: No
[1,644s][debug][gc,nmethod  ] Register NMethod: java.lang.invoke.Invokers$Holder.linkToTargetMethod (0x000071df3f529688) [0x000071df3f529780, 0x000071df3f529c68] Compiler: c1, Barriers: 0, Oops: 0, ImmediateOops: 0, NonImmediateOops: No
[1,644s][debug][gc,nmethod  ] Register NMethod: jdk.internal.util.DecimalDigits.stringSize (0x000071df3f529c88) [0x000071df3f529d80, 0x000071df3f529fa8] Compiler: c1, Barriers: 0, Oops: 0, ImmediateOops: 0, NonImmediateOops: No
[1,644s][debug][gc,nmethod  ] Register NMethod: java.util.zip.ZipFile$Source.getMetaVersion (0x000071df3f52a008) [0x000071df3f52a100, 0x000071df3f52a7c8] Compiler: c1, Barriers: 1, Oops: 0, ImmediateOops: 0, NonImmediateOops: No
[1,644s][debug][gc,nmethod  ] Register NMethod: java.util.BitSet.set (0x000071df3f52a808) [0x000071df3f52a900, 0x000071df3f52b848] Compiler: c1, Barriers: 1, Oops: 1, ImmediateOops: 2, NonImmediateOops: No
[1,644s][debug][gc,nmethod  ] Register NMethod: java.util.zip.ZipFile$Source.isSignatureRelated (0x000071df3f52b888) [0x000071df3f52b980, 0x000071df3f52bf88] Compiler: c1, Barriers: 1, Oops: 0, ImmediateOops: 0, NonImmediateOops: No
[1,644s][debug][gc,nmethod  ] Register NMethod: java.lang.invoke.LambdaForm$Holder.constant_L (0x000071df3f52c008) [0x000071df3f52c100, 0x000071df3f52c420] Compiler: c1, Barriers: 1, Oops: 0, ImmediateOops: 0, NonImmediateOops: No
[1,644s][debug][gc,nmethod  ] Register NMethod: java.lang.Integer.hashCode (0x000071df3f52c488) [0x000071df3f52c580, 0x000071df3f52c660] Compiler: c1, Barriers: 0, Oops: 0, ImmediateOops: 0, NonImmediateOops: No
[1,644s][debug][gc,nmethod  ] Register NMethod: java.lang.Integer.hashCode (0x000071df3f52c788) [0x000071df3f52c880, 0x000071df3f52c9d8] Compiler: c1, Barriers: 0, Oops: 0, ImmediateOops: 0, NonImmediateOops: No
[1,644s][debug][gc,nmethod  ] Register NMethod: java.util.BitSet.initWords (0x000071df3f52ca88) [0x000071df3f52cb80, 0x000071df3f52cde0] Compiler: c1, Barriers: 3, Oops: 0, ImmediateOops: 0, NonImmediateOops: No
[1,645s][debug][gc,nmethod  ] Register NMethod: java.util.BitSet.ensureCapacity (0x000071df3f52ce08) [0x000071df3f52cf00, 0x000071df3f52d1c0] Compiler: c1, Barriers: 4, Oops: 0, ImmediateOops: 0, NonImmediateOops: No
[1,645s][debug][gc,nmethod  ] Register NMethod: java.util.BitSet.<init> (0x000071df3f52d208) [0x000071df3f52d300, 0x000071df3f52d628] Compiler: c1, Barriers: 3, Oops: 0, ImmediateOops: 0, NonImmediateOops: No
[1,645s][debug][gc,nmethod  ] Register NMethod: java.util.zip.ZipFile$Source$$Lambda/0x00000000ae07b820.apply (0x000071df3f52d688) [0x000071df3f52d780, 0x000071df3f52ddb0] Compiler: c1, Barriers: 3, Oops: 0, ImmediateOops: 0, NonImmediateOops: No
[1,645s][debug][gc,nmethod  ] Register NMethod: java.util.zip.ZipFile$Source.lambda$initCEN$0 (0x000071df3f52de08) [0x000071df3f52df00, 0x000071df3f52e2b0] Compiler: c1, Barriers: 3, Oops: 0, ImmediateOops: 0, NonImmediateOops: No
[1,645s][debug][gc,nmethod  ] Register NMethod: java.util.HashMap.computeIfAbsent (0x000071df3f52e308) [0x000071df3f52e400, 0x000071df3f530c08] Compiler: c1, Barriers: 11, Oops: 0, ImmediateOops: 0, NonImmediateOops: No
[1,645s][debug][gc,director ] Rule Major: Warmup 10%, Used: 50MB, UsedThreshold: 1228MB
[1,647s][debug][gc,nmethod  ] Register NMethod: java.util.HashMap.hash (0x000071df5ec13588) [0x000071df5ec13680, 0x000071df5ec13870] Compiler: jvmci, Barriers: 1, Oops: 0, ImmediateOops: 0, NonImmediateOops: No
[1,648s][debug][gc,nmethod  ] Register NMethod: java.util.jar.Manifest$FastInputStream.peek (0x000071df3f530c88) [0x000071df3f530d80, 0x000071df3f530fb0] Compiler: c1, Barriers: 1, Oops: 0, ImmediateOops: 0, NonImmediateOops: No
[1,648s][debug][gc,nmethod  ] Register NMethod: java.util.jar.Attributes$Name.hash (0x000071df3f531008) [0x000071df3f531100, 0x000071df3f532488] Compiler: c1, Barriers: 3, Oops: 2, ImmediateOops: 3, NonImmediateOops: No
[1,649s][debug][gc,nmethod  ] Register NMethod: sun.nio.fs.UnixPath.normalizeAndCheck (0x000071df3f532508) [0x000071df3f532600, 0x000071df3f5338f8] Compiler: c1, Barriers: 3, Oops: 1, ImmediateOops: 3, NonImmediateOops: No
[1,650s][debug][gc,nmethod  ] Register NMethod: java.util.zip.ZipFile$Source.isMetaName (0x000071df5ec13888) [0x000071df5ec13980, 0x000071df5ec13bc8] Compiler: jvmci, Barriers: 0, Oops: 0, ImmediateOops: 0, NonImmediateOops: No
[1,650s][debug][gc,nmethod  ] Register NMethod: java.util.Collections$SetFromMap.add (0x000071df3f533908) [0x000071df3f533a00, 0x000071df3f533d98] Compiler: c1, Barriers: 1, Oops: 0, ImmediateOops: 1, NonImmediateOops: No
[1,650s][debug][gc,nmethod  ] Register NMethod: java.util.Arrays.fill (0x000071df3f533e08) [0x000071df3f533f00, 0x000071df3f534088] Compiler: c1, Barriers: 0, Oops: 0, ImmediateOops: 0, NonImmediateOops: No
[1,651s][debug][gc,nmethod  ] Register NMethod: java.util.WeakHashMap$Entry.<init> (0x000071df3f534108) [0x000071df3f534200, 0x000071df3f534638] Compiler: c1, Barriers: 12, Oops: 0, ImmediateOops: 1, NonImmediateOops: No
[1,651s][debug][gc,nmethod  ] Register NMethod: java.util.zip.ZipUtils.CENHOW (0x000071df5ec13c08) [0x000071df5ec13d00, 0x000071df5ec13dd8] Compiler: jvmci, Barriers: 0, Oops: 0, ImmediateOops: 0, NonImmediateOops: No
[1,651s][debug][gc,nmethod  ] Register NMethod: java.util.zip.Inflater.needsInput (0x000071df3f534688) [0x000071df3f534780, 0x000071df3f534da8] Compiler: c1, Barriers: 2, Oops: 0, ImmediateOops: 0, NonImmediateOops: No
[1,651s][debug][gc,nmethod  ] Register NMethod: java.util.WeakHashMap.put (0x000071df3f534e08) [0x000071df3f534f00, 0x000071df3f536840] Compiler: c1, Barriers: 26, Oops: 0, ImmediateOops: 2, NonImmediateOops: No
[1,651s][debug][gc,nmethod  ] Register NMethod: java.lang.Thread.terminatingThreadLocals (0x000071df3f536888) [0x000071df3f536980, 0x000071df3f536ae8] Compiler: c1, Barriers: 2, Oops: 0, ImmediateOops: 0, NonImmediateOops: No
[1,652s][debug][gc,nmethod  ] Register NMethod: java.util.zip.ZipFile$Source.initCEN (0x000071df3f536b88) [0x000071df3f536c80, 0x000071df3f53a808] Compiler: c1, Barriers: 39, Oops: 8, ImmediateOops: 13, NonImmediateOops: No
[1,652s][debug][gc,nmethod  ] Register NMethod: java.lang.ThreadLocal.getMap (0x000071df3f53a888) [0x000071df3f53a980, 0x000071df3f53b170] Compiler: c1, Barriers: 3, Oops: 0, ImmediateOops: 0, NonImmediateOops: No
[1,652s][debug][gc,nmethod  ] Register NMethod: java.lang.ThreadLocal.getCarrierThreadLocal (0x000071df3f53b188) [0x000071df3f53b280, 0x000071df3f53b418] Compiler: c1, Barriers: 1, Oops: 0, ImmediateOops: 0, NonImmediateOops: No
[1,652s][debug][gc,nmethod  ] Register NMethod: java.lang.System$1.getCarrierThreadLocal (0x000071df3f53b488) [0x000071df3f53b580, 0x000071df3f53b940] Compiler: c1, Barriers: 1, Oops: 0, ImmediateOops: 0, NonImmediateOops: No
[1,652s][debug][gc,nmethod  ] Register NMethod: jdk.internal.misc.CarrierThreadLocal.get (0x000071df3f53b988) [0x000071df3f53ba80, 0x000071df3f53bea0] Compiler: c1, Barriers: 1, Oops: 0, ImmediateOops: 1, NonImmediateOops: No
[1,652s][debug][gc,nmethod  ] Register NMethod: java.lang.ThreadLocal.get (0x000071df3f53bf08) [0x000071df3f53c000, 0x000071df3f53c448] Compiler: c1, Barriers: 1, Oops: 0, ImmediateOops: 0, NonImmediateOops: No
[1,652s][debug][gc,nmethod  ] Register NMethod: java.lang.ThreadLocal$ThreadLocalMap.getEntry (0x000071df3f53c488) [0x000071df3f53c580, 0x000071df3f53cc80] Compiler: c1, Barriers: 2, Oops: 0, ImmediateOops: 0, NonImmediateOops: No
[1,653s][debug][gc,nmethod  ] Register NMethod: java.util.zip.ZipCoder$UTF8ZipCoder.compare (0x000071df3f53cc88) [0x000071df3f53cd80, 0x000071df3f53de48] Compiler: c1, Barriers: 1, Oops: 1, ImmediateOops: 2, NonImmediateOops: No
[1,653s][debug][gc,nmethod  ] Register NMethod: jdk.internal.ref.PhantomCleanable.clean (0x000071df3f53de88) [0x000071df3f53df80, 0x000071df3f53e7a0] Compiler: c1, Barriers: 1, Oops: 0, ImmediateOops: 0, NonImmediateOops: No
[1,653s][debug][gc,nmethod  ] Register NMethod: java.util.Arrays.mismatch (0x000071df3f53e808) [0x000071df3f53e900, 0x000071df3f53ebf8] Compiler: c1, Barriers: 0, Oops: 0, ImmediateOops: 0, NonImmediateOops: No
[1,653s][debug][gc,nmethod  ] Register NMethod: java.lang.ref.Reference.clear (0x000071df3f53ec08) [0x000071df3f53ed00, 0x000071df3f53f000] Compiler: c1, Barriers: 0, Oops: 0, ImmediateOops: 0, NonImmediateOops: No
[1,653s][debug][gc,nmethod  ] Rebuilding NMethod Table: 1024->2048 entries, 717(70%->35%) registered, 0(0%->0%) unregistered
[1,653s][debug][gc,nmethod  ] Register NMethod: java.lang.ref.PhantomReference.clearImpl (0x000071df3f53f008) [0x000071df3f53f100, 0x000071df3f53f230] Compiler: c1, Barriers: 0, Oops: 0, ImmediateOops: 0, NonImmediateOops: No
[1,653s][debug][gc,nmethod  ] Register NMethod: jdk.internal.ref.CleanerImpl$CleanableList.remove (0x000071df3f53f308) [0x000071df3f53f400, 0x000071df3f540230] Compiler: c1, Barriers: 30, Oops: 0, ImmediateOops: 0, NonImmediateOops: No
[1,653s][debug][gc,nmethod  ] Register NMethod: java.util.zip.Inflater.inflate (0x000071df3f540288) [0x000071df3f540380, 0x000071df3f543170] Compiler: c1, Barriers: 10, Oops: 1, ImmediateOops: 5, NonImmediateOops: No
[1,653s][debug][gc,nmethod  ] Register NMethod: jdk.internal.ref.CleanerImpl$PhantomCleanableRef.performCleanup (0x000071df3f543188) [0x000071df3f543280, 0x000071df3f5435c0] Compiler: c1, Barriers: 1, Oops: 0, ImmediateOops: 0, NonImmediateOops: No
[1,653s][debug][gc,nmethod  ] Register NMethod: java.util.zip.ZipFile.ensureOpenOrZipException (0x000071df3f543608) [0x000071df3f543700, 0x000071df3f5438b8] Compiler: c1, Barriers: 0, Oops: 0, ImmediateOops: 1, NonImmediateOops: No
[1,653s][debug][gc,nmethod  ] Register NMethod: jdk.internal.misc.Unsafe.copyMemory0 (0x000071df5ec13f08) [0x000071df5ec14000, 0x000071df5ec14170] Compiler: , Barriers: 0, Oops: 0, ImmediateOops: 0, NonImmediateOops: No
[1,654s][debug][gc,nmethod  ] Register NMethod: java.util.zip.ZipFile$ZipFileInputStream.<init> (0x000071df3f543908) [0x000071df3f543a00, 0x000071df3f5440e0] Compiler: c1, Barriers: 5, Oops: 0, ImmediateOops: 0, NonImmediateOops: No
[1,654s][debug][gc,nmethod  ] Register NMethod: java.util.zip.ZipFile$ZipFileInputStream.initDataOffset (0x000071df3f544108) [0x000071df3f544200, 0x000071df3f544838] Compiler: c1, Barriers: 3, Oops: 0, ImmediateOops: 2, NonImmediateOops: No
[1,654s][debug][gc,nmethod  ] Register NMethod: java.util.zip.ZipFile$ZipFileInputStream.read (0x000071df3f544888) [0x000071df3f544980, 0x000071df3f5451d0] Compiler: c1, Barriers: 5, Oops: 0, ImmediateOops: 1, NonImmediateOops: No
[1,654s][debug][gc,nmethod  ] Register NMethod: java.util.zip.ZipUtils.LOCNAM (0x000071df3f545208) [0x000071df3f545300, 0x000071df3f545418] Compiler: c1, Barriers: 0, Oops: 0, ImmediateOops: 0, NonImmediateOops: No
[1,654s][debug][gc,nmethod  ] Register NMethod: java.util.zip.ZipUtils.LOCEXT (0x000071df3f545508) [0x000071df3f545600, 0x000071df3f545718] Compiler: c1, Barriers: 0, Oops: 0, ImmediateOops: 0, NonImmediateOops: No
[1,654s][debug][gc,nmethod  ] Register NMethod: java.util.zip.ZipFile.getInputStream (0x000071df3f545808) [0x000071df3f545900, 0x000071df3f546e78] Compiler: c1, Barriers: 11, Oops: 1, ImmediateOops: 2, NonImmediateOops: No
[1,654s][debug][gc,nmethod  ] Register NMethod: java.util.HashMap.tableSizeFor (0x000071df3f546e88) [0x000071df3f546f80, 0x000071df3f547170] Compiler: c1, Barriers: 0, Oops: 0, ImmediateOops: 0, NonImmediateOops: No
[1,655s][debug][gc,nmethod  ] Register NMethod: java.util.zip.ZipEntry.isCENHeaderValid (0x000071df3f547188) [0x000071df3f547280, 0x000071df3f547da0] Compiler: c1, Barriers: 2, Oops: 0, ImmediateOops: 0, NonImmediateOops: No
[1,655s][debug][gc,nmethod  ] Register NMethod: java.util.zip.ZipFile$Source.readAt (0x000071df3f547e08) [0x000071df3f547f00, 0x000071df3f548620] Compiler: c1, Barriers: 3, Oops: 0, ImmediateOops: 2, NonImmediateOops: No
[1,655s][debug][gc,nmethod  ] Register NMethod: jdk.internal.misc.Unsafe.checkPointer (0x000071df3f548688) [0x000071df3f548780, 0x000071df3f548af0] Compiler: c1, Barriers: 0, Oops: 0, ImmediateOops: 0, NonImmediateOops: No
[1,655s][debug][gc,nmethod  ] Register NMethod: jdk.internal.misc.Unsafe.checkPrimitivePointer (0x000071df3f548b08) [0x000071df3f548c00, 0x000071df3f549668] Compiler: c1, Barriers: 2, Oops: 0, ImmediateOops: 0, NonImmediateOops: No
[1,655s][debug][gc,nmethod  ] Register NMethod: java.util.zip.ZipFile$ZipFileInflaterInputStream.close (0x000071df3f549688) [0x000071df3f549780, 0x000071df3f54aa90] Compiler: c1, Barriers: 10, Oops: 0, ImmediateOops: 0, NonImmediateOops: No
[1,655s][debug][gc,nmethod  ] Register NMethod: sun.nio.fs.UnixFileAttributes.lastModifiedTime (0x000071df3f54ab08) [0x000071df3f54ac00, 0x000071df3f54ad40] Compiler: c1, Barriers: 0, Oops: 0, ImmediateOops: 0, NonImmediateOops: No
[1,655s][debug][gc,nmethod  ] Register NMethod: sun.nio.fs.UnixFileAttributes$UnixAsBasicFileAttributes.lastModifiedTime (0x000071df3f54ae08) [0x000071df3f54af00, 0x000071df3f54b0e8] Compiler: c1, Barriers: 1, Oops: 0, ImmediateOops: 0, NonImmediateOops: No
[1,655s][debug][gc,nmethod  ] Register NMethod: java.nio.file.attribute.FileTime.<init> (0x000071df3f54b108) [0x000071df3f54b200, 0x000071df3f54b450] Compiler: c1, Barriers: 6, Oops: 0, ImmediateOops: 0, NonImmediateOops: No
[1,655s][debug][gc,nmethod  ] Register NMethod: java.nio.file.attribute.FileTime.from (0x000071df3f54b488) [0x000071df3f54b580, 0x000071df3f54b958] Compiler: c1, Barriers: 3, Oops: 1, ImmediateOops: 1, NonImmediateOops: No
[1,655s][debug][gc,nmethod  ] Register NMethod: sun.nio.fs.UnixFileAttributes.toFileTime (0x000071df3f54b988) [0x000071df3f54ba80, 0x000071df3f54bd70] Compiler: c1, Barriers: 0, Oops: 0, ImmediateOops: 3, NonImmediateOops: No
[1,655s][debug][gc,nmethod  ] Register NMethod: java.lang.Math.addExact (0x000071df3f54bd88) [0x000071df3f54be80, 0x000071df3f54c070] Compiler: c1, Barriers: 0, Oops: 0, ImmediateOops: 1, NonImmediateOops: No
[1,655s][debug][gc,director ] Rule Major: Warmup 10%, Used: 52MB, UsedThreshold: 1228MB
[1,655s][debug][gc,nmethod  ] Register NMethod: java.util.zip.ZipFile$ZipFileInflaterInputStream.<init> (0x000071df3f54c088) [0x000071df3f54c180, 0x000071df3f54c328] Compiler: c1, Barriers: 0, Oops: 0, ImmediateOops: 0, NonImmediateOops: No
[1,655s][debug][gc,nmethod  ] Register NMethod: java.lang.Math.multiplyExact (0x000071df3f54c388) [0x000071df3f54c480, 0x000071df3f54c920] Compiler: c1, Barriers: 0, Oops: 0, ImmediateOops: 1, NonImmediateOops: No
[1,655s][debug][gc,nmethod  ] Register NMethod: java.util.zip.ZipFile$CleanableResource.getInflater (0x000071df3f54c988) [0x000071df3f54ca80, 0x000071df3f54d1b0] Compiler: c1, Barriers: 2, Oops: 0, ImmediateOops: 0, NonImmediateOops: No
[1,656s][debug][gc,nmethod  ] Register NMethod: java.util.zip.ZipFile$InflaterCleanupAction.<init> (0x000071df3f54d208) [0x000071df3f54d300, 0x000071df3f54d548] Compiler: c1, Barriers: 6, Oops: 0, ImmediateOops: 0, NonImmediateOops: No
[1,656s][debug][gc,nmethod  ] Register NMethod: java.util.zip.InflaterInputStream.<init> (0x000071df3f54d588) [0x000071df3f54d680, 0x000071df3f54dda0] Compiler: c1, Barriers: 12, Oops: 0, ImmediateOops: 1, NonImmediateOops: No
[1,656s][debug][gc,nmethod  ] Register NMethod: java.util.zip.ZipFile$ZipFileInflaterInputStream.<init> (0x000071df3f54de08) [0x000071df3f54df00, 0x000071df3f54e710] Compiler: c1, Barriers: 12, Oops: 1, ImmediateOops: 1, NonImmediateOops: No
[1,656s][debug][gc,nmethod  ] Register NMethod: java.util.zip.ZipFile$ZipFileInflaterInputStream.fill (0x000071df3f54e788) [0x000071df3f54e880, 0x000071df3f54ee78] Compiler: c1, Barriers: 5, Oops: 0, ImmediateOops: 1, NonImmediateOops: No
[1,656s][debug][gc,nmethod  ] Register NMethod: java.lang.Float.isNaN (0x000071df3f54ee88) [0x000071df3f54ef80, 0x000071df3f54f0d0] Compiler: c1, Barriers: 0, Oops: 0, ImmediateOops: 0, NonImmediateOops: No
[1,656s][debug][gc,nmethod  ] Register NMethod: java.util.zip.ZipFile$InflaterCleanupAction.run (0x000071df3f54f188) [0x000071df3f54f280, 0x000071df3f54f440] Compiler: c1, Barriers: 2, Oops: 0, ImmediateOops: 0, NonImmediateOops: No
[1,656s][debug][gc,nmethod  ] Register NMethod: java.util.zip.InflaterInputStream.close (0x000071df3f54f488) [0x000071df3f54f580, 0x000071df3f54f9b0] Compiler: c1, Barriers: 2, Oops: 0, ImmediateOops: 0, NonImmediateOops: No
[1,656s][debug][gc,nmethod  ] Register NMethod: java.util.zip.Inflater.setInput (0x000071df3f54fa08) [0x000071df3f54fb00, 0x000071df3f54fff0] Compiler: c1, Barriers: 7, Oops: 1, ImmediateOops: 1, NonImmediateOops: No
[1,656s][debug][gc,nmethod  ] Register NMethod: java.util.zip.Inflater.reset (0x000071df3f550008) [0x000071df3f550100, 0x000071df3f5505c8] Compiler: c1, Barriers: 8, Oops: 0, ImmediateOops: 1, NonImmediateOops: No
[1,656s][debug][gc,nmethod  ] Register NMethod: java.util.zip.ZipFile$CleanableResource.releaseInflater (0x000071df3f550608) [0x000071df3f550700, 0x000071df3f550c58] Compiler: c1, Barriers: 2, Oops: 0, ImmediateOops: 0, NonImmediateOops: No
[1,656s][debug][gc,nmethod  ] Register NMethod: java.lang.invoke.MemberName.isResolved (0x000071df3f550c88) [0x000071df3f550d80, 0x000071df3f550f00] Compiler: c1, Barriers: 1, Oops: 0, ImmediateOops: 0, NonImmediateOops: No
[1,657s][debug][gc,nmethod  ] Register NMethod: java.lang.Class.cast (0x000071df3f550f88) [0x000071df3f551080, 0x000071df3f5514d8] Compiler: c1, Barriers: 0, Oops: 0, ImmediateOops: 0, NonImmediateOops: No
[1,657s][debug][gc,nmethod  ] Register NMethod: jdk.internal.util.WeakReferenceKey.<init> (0x000071df3f551508) [0x000071df3f551600, 0x000071df3f551c08] Compiler: c1, Barriers: 6, Oops: 0, ImmediateOops: 1, NonImmediateOops: No
[1,657s][debug][gc,nmethod  ] Register NMethod: java.lang.StringLatin1.indexOf (0x000071df5ec14208) [0x000071df5ec14300, 0x000071df5ec145f0] Compiler: jvmci, Barriers: 0, Oops: 0, ImmediateOops: 0, NonImmediateOops: No
[1,658s][debug][gc,nmethod  ] Register NMethod: jdk.internal.util.ReferencedKeyMap.entryKey (0x000071df3f551c88) [0x000071df3f551d80, 0x000071df3f552598] Compiler: c1, Barriers: 8, Oops: 0, ImmediateOops: 1, NonImmediateOops: No
[1,658s][debug][gc,nmethod  ] Register NMethod: java.lang.StringUTF16.compress (0x000071df3f552608) [0x000071df3f552700, 0x000071df3f552930] Compiler: c1, Barriers: 0, Oops: 0, ImmediateOops: 0, NonImmediateOops: No
[1,659s][debug][gc,nmethod  ] Register NMethod: java.net.URL.getDefaultPort (0x000071df3f552988) [0x000071df3f552a80, 0x000071df3f552dd0] Compiler: c1, Barriers: 1, Oops: 0, ImmediateOops: 0, NonImmediateOops: No
[1,659s][debug][gc,nmethod  ] Register NMethod: java.util.jar.Attributes.get (0x000071df3f552e08) [0x000071df3f552f00, 0x000071df3f553240] Compiler: c1, Barriers: 1, Oops: 0, ImmediateOops: 0, NonImmediateOops: No
[1,659s][debug][gc,nmethod  ] Register NMethod: java.util.jar.Attributes.getValue (0x000071df3f553288) [0x000071df3f553380, 0x000071df3f553920] Compiler: c1, Barriers: 1, Oops: 0, ImmediateOops: 0, NonImmediateOops: No
[1,660s][debug][gc,nmethod  ] Register NMethod: java.util.zip.ZipUtils.CENLEN (0x000071df5ec14608) [0x000071df5ec14700, 0x000071df5ec147d8] Compiler: jvmci, Barriers: 0, Oops: 0, ImmediateOops: 0, NonImmediateOops: No
[1,660s][debug][gc,nmethod  ] Register NMethod: java.nio.DirectLongBufferU.ix (0x000071df5ec14908) [0x000071df5ec14a00, 0x000071df5ec14a90] Compiler: jvmci, Barriers: 0, Oops: 0, ImmediateOops: 0, NonImmediateOops: No
[1,661s][debug][gc,nmethod  ] Register NMethod: jdk.internal.loader.BuiltinClassLoader.loadClassOrNull (0x000071df3f553988) [0x000071df3f553a80, 0x000071df3f553d88] Compiler: c1, Barriers: 0, Oops: 0, ImmediateOops: 0, NonImmediateOops: No
[1,661s][debug][gc,nmethod  ] Register NMethod: sun.net.www.protocol.jar.Handler.checkNestedProtocol (0x000071df3f553e08) [0x000071df3f553f00, 0x000071df3f554288] Compiler: c1, Barriers: 0, Oops: 0, ImmediateOops: 2, NonImmediateOops: No
[1,661s][debug][gc,nmethod  ] Register NMethod: jdk.internal.loader.BuiltinClassLoader.findLoadedModule (0x000071df3f554308) [0x000071df3f554400, 0x000071df3f5555c0] Compiler: c1, Barriers: 1, Oops: 0, ImmediateOops: 1, NonImmediateOops: No
[1,661s][debug][gc,nmethod  ] Register NMethod: java.net.URL.toExternalForm (0x000071df3f555608) [0x000071df3f555700, 0x000071df3f555a38] Compiler: c1, Barriers: 1, Oops: 0, ImmediateOops: 0, NonImmediateOops: No
[1,661s][debug][gc,nmethod  ] Register NMethod: java.net.URL.toString (0x000071df3f555a88) [0x000071df3f555b80, 0x000071df3f5560d0] Compiler: c1, Barriers: 1, Oops: 0, ImmediateOops: 0, NonImmediateOops: No
[1,661s][debug][gc,nmethod  ] Register NMethod: jdk.internal.loader.BuiltinClassLoader.loadClassOrNull (0x000071df3f556108) [0x000071df3f556200, 0x000071df3f557c98] Compiler: c1, Barriers: 3, Oops: 0, ImmediateOops: 2, NonImmediateOops: No
[1,661s][debug][gc,nmethod  ] Register NMethod: java.util.jar.JarFile.entryFor (0x000071df3f557d08) [0x000071df3f557e00, 0x000071df3f5581e8] Compiler: c1, Barriers: 6, Oops: 0, ImmediateOops: 0, NonImmediateOops: No
[1,662s][debug][gc,nmethod  ] Register NMethod: java.util.jar.JavaUtilJarAccessImpl.entryFor (0x000071df3f558208) [0x000071df3f558300, 0x000071df3f5589e8] Compiler: c1, Barriers: 6, Oops: 0, ImmediateOops: 0, NonImmediateOops: No
[1,662s][debug][gc,nmethod  ] Register NMethod: java.util.jar.JarFile$JarFileEntry.<init> (0x000071df3f558a08) [0x000071df3f558b00, 0x000071df3f558ef0] Compiler: c1, Barriers: 6, Oops: 0, ImmediateOops: 0, NonImmediateOops: No
[1,662s][debug][gc,nmethod  ] Register NMethod: java.util.jar.JarEntry.<init> (0x000071df3f558f08) [0x000071df3f559000, 0x000071df3f559130] Compiler: c1, Barriers: 0, Oops: 0, ImmediateOops: 0, NonImmediateOops: No
[1,662s][debug][gc,nmethod  ] Register NMethod: java.util.zip.ZipUtils.CENTIM (0x000071df3f559208) [0x000071df3f559300, 0x000071df3f559410] Compiler: c1, Barriers: 0, Oops: 0, ImmediateOops: 0, NonImmediateOops: No
[1,662s][debug][gc,nmethod  ] Register NMethod: java.util.zip.ZipUtils.CENCRC (0x000071df3f559508) [0x000071df3f559600, 0x000071df3f559710] Compiler: c1, Barriers: 0, Oops: 0, ImmediateOops: 0, NonImmediateOops: No
[1,662s][debug][gc,nmethod  ] Register NMethod: java.util.zip.ZipUtils.CENVEM_FA (0x000071df3f559808) [0x000071df3f559900, 0x000071df3f559a68] Compiler: c1, Barriers: 0, Oops: 0, ImmediateOops: 0, NonImmediateOops: No
[1,662s][debug][gc,nmethod  ] Register NMethod: java.util.zip.ZipEntry.<init> (0x000071df3f559b08) [0x000071df3f559c00, 0x000071df3f55a0b0] Compiler: c1, Barriers: 3, Oops: 1, ImmediateOops: 2, NonImmediateOops: No
[1,662s][debug][gc,nmethod  ] Register NMethod: java.net.URLStreamHandler.toExternalForm (0x000071df3f55a108) [0x000071df3f55a200, 0x000071df3f55e640] Compiler: c1, Barriers: 6, Oops: 1, ImmediateOops: 9, NonImmediateOops: No
[1,662s][debug][gc,nmethod  ] Register NMethod: java.lang.invoke.MethodHandles$Lookup.previousLookupClass (0x000071df5ec14c08) [0x000071df5ec14d00, 0x000071df5ec14de8] Compiler: c1, Barriers: 1, Oops: 0, ImmediateOops: 0, NonImmediateOops: No
[1,663s][debug][gc,nmethod  ] Register NMethod: jdk.internal.classfile.impl.StackMapGenerator$Frame.pushStack (0x000071df3f55e688) [0x000071df3f55e780, 0x000071df3f55ebe0] Compiler: c1, Barriers: 4, Oops: 0, ImmediateOops: 0, NonImmediateOops: No
[1,663s][debug][gc,nmethod  ] Register NMethod: jdk.internal.classfile.impl.StackMapGenerator$Type.referenceType (0x000071df3f55ec08) [0x000071df3f55ed00, 0x000071df3f55efd0] Compiler: c1, Barriers: 3, Oops: 0, ImmediateOops: 0, NonImmediateOops: No
[1,663s][debug][gc,nmethod  ] Register NMethod: jdk.internal.classfile.impl.DirectClassBuilder.constantPool (0x000071df3f55f008) [0x000071df3f55f100, 0x000071df3f55f240] Compiler: c1, Barriers: 1, Oops: 0, ImmediateOops: 0, NonImmediateOops: No
[1,663s][debug][gc,nmethod  ] Register NMethod: jdk.internal.classfile.impl.RawBytecodeHelper.getU2Unchecked (0x000071df3f55f308) [0x000071df3f55f400, 0x000071df3f55f788] Compiler: c1, Barriers: 2, Oops: 0, ImmediateOops: 1, NonImmediateOops: No
[1,663s][debug][gc,nmethod  ] Register NMethod: jdk.internal.classfile.impl.RawBytecodeHelper.getIndexU2 (0x000071df3f55f808) [0x000071df3f55f900, 0x000071df3f55fbf8] Compiler: c1, Barriers: 0, Oops: 0, ImmediateOops: 0, NonImmediateOops: No
[1,663s][debug][gc,nmethod  ] Register NMethod: jdk.internal.classfile.impl.AbstractPoolEntry$AbstractRefEntry.writeTo (0x000071df3f55fc08) [0x000071df3f55fd00, 0x000071df3f560458] Compiler: c1, Barriers: 1, Oops: 0, ImmediateOops: 0, NonImmediateOops: No
[1,663s][debug][gc,nmethod  ] Register NMethod: java.lang.invoke.MethodHandle.linkToSpecial (0x000071df5ec14f08) [0x000071df5ec15000, 0x000071df5ec150f8] Compiler: , Barriers: 0, Oops: 0, ImmediateOops: 0, NonImmediateOops: No
[1,663s][debug][gc,nmethod  ] Register NMethod: java.lang.invoke.MethodHandle.invokeBasic (0x000071df5ec15208) [0x000071df5ec15300, 0x000071df5ec15598] Compiler: , Barriers: 0, Oops: 0, ImmediateOops: 0, NonImmediateOops: No
[1,663s][debug][gc,nmethod  ] Register NMethod: java.lang.invoke.LambdaForm$Name.withIndex (0x000071df3f560488) [0x000071df3f560580, 0x000071df3f560868] Compiler: c1, Barriers: 4, Oops: 0, ImmediateOops: 0, NonImmediateOops: No
[1,664s][debug][gc,nmethod  ] Register NMethod: jdk.internal.classfile.impl.StackMapGenerator$Frame.checkLocal (0x000071df3f560888) [0x000071df3f560980, 0x000071df3f5615d8] Compiler: c1, Barriers: 11, Oops: 1, ImmediateOops: 2, NonImmediateOops: No
[1,664s][debug][gc,nmethod  ] Register NMethod: jdk.internal.classfile.impl.BufWriterImpl.writeIndex (0x000071df3f561608) [0x000071df3f561700, 0x000071df3f563b28] Compiler: c1, Barriers: 1, Oops: 1, ImmediateOops: 3, NonImmediateOops: No
[1,664s][debug][gc,nmethod  ] Register NMethod: sun.invoke.util.VerifyAccess.isClassAccessible (0x000071df3f563b88) [0x000071df3f563c80, 0x000071df3f565c00] Compiler: c1, Barriers: 4, Oops: 0, ImmediateOops: 3, NonImmediateOops: No
[1,664s][debug][gc,nmethod  ] Register NMethod: java.lang.reflect.Modifier.isStatic (0x000071df3f565c08) [0x000071df3f565d00, 0x000071df3f565e30] Compiler: c1, Barriers: 0, Oops: 0, ImmediateOops: 0, NonImmediateOops: No
[1,664s][debug][gc,nmethod  ] Register NMethod: jdk.internal.classfile.impl.AbstractAttributeMapper.allowMultiple (0x000071df5ec15608) [0x000071df5ec15700, 0x000071df5ec157c0] Compiler: c1, Barriers: 0, Oops: 0, ImmediateOops: 0, NonImmediateOops: No
[1,664s][debug][gc,nmethod  ] Register NMethod: jdk.internal.constant.MethodTypeDescImpl.returnType (0x000071df5ec15908) [0x000071df5ec15a00, 0x000071df5ec15ae8] Compiler: c1, Barriers: 1, Oops: 0, ImmediateOops: 0, NonImmediateOops: No
[1,665s][debug][gc,nmethod  ] Register NMethod: jdk.internal.classfile.impl.RawBytecodeHelper.opcode (0x000071df5ec15c08) [0x000071df5ec15d00, 0x000071df5ec15d88] Compiler: jvmci, Barriers: 0, Oops: 0, ImmediateOops: 0, NonImmediateOops: No
[1,665s][debug][gc,nmethod  ] Register NMethod: jdk.internal.classfile.impl.StackMapGenerator$Frame.decStack (0x000071df3f565f08) [0x000071df3f566000, 0x000071df3f566260] Compiler: c1, Barriers: 2, Oops: 1, ImmediateOops: 1, NonImmediateOops: No
[1,665s][debug][gc,nmethod  ] Register NMethod: java.lang.reflect.Method.getName (0x000071df5ec15f08) [0x000071df5ec16000, 0x000071df5ec160e8] Compiler: c1, Barriers: 1, Oops: 0, ImmediateOops: 0, NonImmediateOops: No
[1,665s][debug][gc,director ] Rule Major: Warmup 10%, Used: 52MB, UsedThreshold: 1228MB
[1,666s][debug][gc,nmethod  ] Register NMethod: java.lang.Long.<init> (0x000071df3f566288) [0x000071df3f566380, 0x000071df3f566540] Compiler: c1, Barriers: 0, Oops: 0, ImmediateOops: 0, NonImmediateOops: No
[1,666s][debug][gc,nmethod  ] Register NMethod: java.lang.invoke.MethodHandle.linkToStatic (0x000071df5ec16208) [0x000071df5ec16300, 0x000071df5ec163f0] Compiler: , Barriers: 0, Oops: 0, ImmediateOops: 0, NonImmediateOops: No
[1,666s][debug][gc,nmethod  ] Register NMethod: java.lang.invoke.MethodTypeForm.canonicalize (0x000071df3f566588) [0x000071df3f566680, 0x000071df3f566d30] Compiler: c1, Barriers: 2, Oops: 0, ImmediateOops: 0, NonImmediateOops: No
[1,666s][debug][gc,nmethod  ] Register NMethod: java.lang.ref.SoftReference.get (0x000071df3f566d88) [0x000071df3f566e80, 0x000071df3f567040] Compiler: c1, Barriers: 2, Oops: 0, ImmediateOops: 1, NonImmediateOops: No
[1,666s][debug][gc,nmethod  ] Register NMethod: jdk.internal.util.ReferencedKeyMap.internKey (0x000071df3f567088) [0x000071df3f567180, 0x000071df3f568928] Compiler: c1, Barriers: 5, Oops: 0, ImmediateOops: 0, NonImmediateOops: No
[1,666s][debug][gc,nmethod  ] Register NMethod: jdk.internal.util.ReferencedKeyMap.existingKey (0x000071df3f568988) [0x000071df3f568a80, 0x000071df3f56a790] Compiler: c1, Barriers: 11, Oops: 1, ImmediateOops: 0, NonImmediateOops: No
[1,668s][debug][gc,nmethod  ] Register NMethod: jdk.internal.classfile.impl.Util.powerOctal (0x000071df3f56a808) [0x000071df3f56a900, 0x000071df3f56aac0] Compiler: c1, Barriers: 0, Oops: 1, ImmediateOops: 1, NonImmediateOops: No
[1,668s][debug][gc,nmethod  ] Register NMethod: java.lang.Character.reverseBytes (0x000071df3f56ab08) [0x000071df3f56ac00, 0x000071df3f56acf8] Compiler: c1, Barriers: 0, Oops: 0, ImmediateOops: 0, NonImmediateOops: No
[1,668s][debug][gc,nmethod  ] Register NMethod: jdk.internal.misc.Unsafe.convEndian (0x000071df3f56ae08) [0x000071df3f56af00, 0x000071df3f56b0a0] Compiler: c1, Barriers: 0, Oops: 0, ImmediateOops: 0, NonImmediateOops: No
[1,668s][debug][gc,nmethod  ] Register NMethod: jdk.internal.misc.Unsafe.getCharUnaligned (0x000071df3f56b108) [0x000071df3f56b200, 0x000071df3f56b590] Compiler: c1, Barriers: 0, Oops: 0, ImmediateOops: 0, NonImmediateOops: No
[1,669s][debug][gc,nmethod  ] Register NMethod: java.lang.CharacterDataLatin1.toLowerCase (0x000071df3f56b608) [0x000071df3f56b700, 0x000071df3f56b940] Compiler: c1, Barriers: 0, Oops: 0, ImmediateOops: 0, NonImmediateOops: No
[1,673s][debug][gc,nmethod  ] Register NMethod: java.lang.Enum.name (0x000071df5ec16508) [0x000071df5ec16600, 0x000071df5ec166e8] Compiler: c1, Barriers: 1, Oops: 0, ImmediateOops: 0, NonImmediateOops: No
[1,674s][debug][gc,nmethod  ] Register NMethod: java.lang.String.getBytes (0x000071df5ec16808) [0x000071df5ec16900, 0x000071df5ec16c40] Compiler: jvmci, Barriers: 1, Oops: 0, ImmediateOops: 0, NonImmediateOops: No
[1,674s][debug][gc,nmethod  ] Register NMethod: java.lang.CharacterDataLatin1.toUpperCaseEx (0x000071df3f56b988) [0x000071df3f56ba80, 0x000071df3f56beb0] Compiler: c1, Barriers: 0, Oops: 0, ImmediateOops: 1, NonImmediateOops: No
[1,674s][debug][gc,nmethod  ] Register NMethod: java.util.concurrent.ConcurrentHashMap.put (0x000071df3f56bf08) [0x000071df3f56c000, 0x000071df3f56c300] Compiler: c1, Barriers: 0, Oops: 0, ImmediateOops: 0, NonImmediateOops: No
[1,674s][debug][gc,nmethod  ] Register NMethod: sun.util.locale.BaseLocale.getLanguage (0x000071df5ec16c88) [0x000071df5ec16d80, 0x000071df5ec16e68] Compiler: c1, Barriers: 1, Oops: 0, ImmediateOops: 0, NonImmediateOops: No
[1,675s][debug][gc,nmethod  ] Register NMethod: java.util.concurrent.ConcurrentHashMap$Node.<init> (0x000071df3f56c308) [0x000071df3f56c400, 0x000071df3f56c728] Compiler: c1, Barriers: 9, Oops: 0, ImmediateOops: 0, NonImmediateOops: No
[1,675s][debug][gc,nmethod  ] Register NMethod: java.util.Objects.nonNull (0x000071df3f56c788) [0x000071df3f56c880, 0x000071df3f56c9b0] Compiler: c1, Barriers: 0, Oops: 0, ImmediateOops: 0, NonImmediateOops: No
[1,675s][debug][gc,nmethod  ] Register NMethod: java.lang.String.toUpperCase (0x000071df3f56ca88) [0x000071df3f56cb80, 0x000071df3f56d030] Compiler: c1, Barriers: 2, Oops: 0, ImmediateOops: 0, NonImmediateOops: No
[1,675s][debug][gc,nmethod  ] Register NMethod: java.lang.StringLatin1.toUpperCase (0x000071df3f56d088) [0x000071df3f56d180, 0x000071df3f56e248] Compiler: c1, Barriers: 5, Oops: 0, ImmediateOops: 4, NonImmediateOops: No
[1,675s][debug][gc,nmethod  ] Register NMethod: java.util.Locale.getLanguage (0x000071df3f56e288) [0x000071df3f56e380, 0x000071df3f56e6c0] Compiler: c1, Barriers: 2, Oops: 0, ImmediateOops: 0, NonImmediateOops: No
[1,675s][debug][gc,director ] Rule Major: Warmup 10%, Used: 52MB, UsedThreshold: 1228MB
[1,676s][debug][gc,nmethod  ] Register NMethod: java.util.ArrayList$Itr.hasNext (0x000071df3f56e708) [0x000071df3f56e800, 0x000071df3f56e990] Compiler: c1, Barriers: 1, Oops: 0, ImmediateOops: 0, NonImmediateOops: No
[1,676s][debug][gc,nmethod  ] Register NMethod: java.util.Properties.put (0x000071df3f56ea08) [0x000071df3f56eb00, 0x000071df3f56f000] Compiler: c1, Barriers: 1, Oops: 0, ImmediateOops: 0, NonImmediateOops: No
[1,676s][debug][gc,nmethod  ] Register NMethod: java.util.ArrayList$Itr.checkForComodification (0x000071df3f56f008) [0x000071df3f56f100, 0x000071df3f56f2e8] Compiler: c1, Barriers: 1, Oops: 0, ImmediateOops: 0, NonImmediateOops: No
[1,676s][debug][gc,nmethod  ] Register NMethod: java.security.Provider$Service.getType (0x000071df5ec16f88) [0x000071df5ec17080, 0x000071df5ec17168] Compiler: c1, Barriers: 1, Oops: 0, ImmediateOops: 0, NonImmediateOops: No
[1,676s][debug][gc,nmethod  ] Register NMethod: java.security.Provider$Service.getAlgorithm (0x000071df5ec17288) [0x000071df5ec17380, 0x000071df5ec17468] Compiler: c1, Barriers: 1, Oops: 0, ImmediateOops: 0, NonImmediateOops: No
[1,676s][debug][gc,nmethod  ] Register NMethod: java.util.ArrayList$Itr.next (0x000071df3f56f308) [0x000071df3f56f400, 0x000071df3f56f9f0] Compiler: c1, Barriers: 3, Oops: 0, ImmediateOops: 0, NonImmediateOops: No
[1,676s][debug][gc,nmethod  ] Register NMethod: java.security.Provider$Service.getAliases (0x000071df5ec17588) [0x000071df5ec17680, 0x000071df5ec17768] Compiler: c1, Barriers: 1, Oops: 0, ImmediateOops: 0, NonImmediateOops: No
[1,677s][debug][gc,nmethod  ] Register NMethod: sun.security.util.KnownOIDs.register (0x000071df3f56fa08) [0x000071df3f56fb00, 0x000071df3f578488] Compiler: c1, Barriers: 24, Oops: 6, ImmediateOops: 22, NonImmediateOops: No
[1,677s][debug][gc,nmethod  ] Register NMethod: java.util.HashMap.putIfAbsent (0x000071df5ec17888) [0x000071df5ec179a0, 0x000071df5ec191b0] Compiler: jvmci, Barriers: 59, Oops: 0, ImmediateOops: 0, NonImmediateOops: No
[1,677s][debug][gc,nmethod  ] Register NMethod: java.lang.Integer.rotateLeft (0x000071df3f578508) [0x000071df3f578600, 0x000071df3f5786f0] Compiler: c1, Barriers: 0, Oops: 0, ImmediateOops: 0, NonImmediateOops: No
[1,677s][debug][gc,nmethod  ] Register NMethod: jdk.internal.misc.Unsafe.getIntUnaligned (0x000071df3f578808) [0x000071df3f578900, 0x000071df3f578b48] Compiler: c1, Barriers: 0, Oops: 0, ImmediateOops: 0, NonImmediateOops: No
[1,677s][debug][gc,nmethod  ] Register NMethod: java.lang.invoke.MemberName.getMethodOrFieldType (0x000071df3f578b88) [0x000071df3f578c80, 0x000071df3f57b118] Compiler: c1, Barriers: 0, Oops: 2, ImmediateOops: 5, NonImmediateOops: No
[1,677s][debug][gc,nmethod  ] Register NMethod: java.lang.invoke.VarHandleByteArrayAsInts$ArrayHandle.index (0x000071df3f57b188) [0x000071df3f57b280, 0x000071df3f57b3b8] Compiler: c1, Barriers: 0, Oops: 1, ImmediateOops: 1, NonImmediateOops: No
[1,678s][debug][gc,nmethod  ] Register NMethod: java.lang.invoke.VarForm.getMemberName (0x000071df3f57b488) [0x000071df3f57b580, 0x000071df3f57bd00] Compiler: c1, Barriers: 4, Oops: 0, ImmediateOops: 1, NonImmediateOops: No
[1,678s][debug][gc,nmethod  ] Register NMethod: java.lang.invoke.VarHandleByteArrayAsInts$ArrayHandle.get (0x000071df3f57bd08) [0x000071df3f57be00, 0x000071df3f57c5b0] Compiler: c1, Barriers: 0, Oops: 2, ImmediateOops: 2, NonImmediateOops: No
[1,678s][debug][gc,nmethod  ] Register NMethod: java.lang.invoke.VarHandle.checkAccessModeThenIsDirect (0x000071df3f57c608) [0x000071df3f57c700, 0x000071df3f57d8a8] Compiler: c1, Barriers: 10, Oops: 0, ImmediateOops: 1, NonImmediateOops: No
[1,678s][debug][gc,nmethod  ] Register NMethod: java.lang.invoke.MethodHandle.invokeBasic (0x000071df5ec19208) [0x000071df5ec19300, 0x000071df5ec19598] Compiler: , Barriers: 0, Oops: 0, ImmediateOops: 0, NonImmediateOops: No
[1,678s][debug][gc,nmethod  ] Register NMethod: java.lang.invoke.VarHandle.accessModeType (0x000071df3f57d908) [0x000071df3f57da00, 0x000071df3f57e8a8] Compiler: c1, Barriers: 9, Oops: 0, ImmediateOops: 1, NonImmediateOops: No
[1,678s][debug][gc,nmethod  ] Register NMethod: java.lang.StringLatin1.canEncode (0x000071df5ec19608) [0x000071df5ec19700, 0x000071df5ec197a0] Compiler: jvmci, Barriers: 0, Oops: 0, ImmediateOops: 0, NonImmediateOops: No
[1,678s][debug][gc,nmethod  ] Register NMethod: java.lang.Integer.rotateLeft (0x000071df5ec19908) [0x000071df5ec19a00, 0x000071df5ec19a70] Compiler: jvmci, Barriers: 0, Oops: 0, ImmediateOops: 0, NonImmediateOops: No
[1,678s][debug][gc,nmethod  ] Register NMethod: java.lang.invoke.VarHandleGuards.guard_LI_I (0x000071df3f57e908) [0x000071df3f57ea00, 0x000071df3f5818d8] Compiler: c1, Barriers: 28, Oops: 0, ImmediateOops: 2, NonImmediateOops: No
[1,679s][debug][gc,nmethod  ] Register NMethod: java.lang.Math.min (0x000071df3f581908) [0x000071df3f581a00, 0x000071df3f581b28] Compiler: c1, Barriers: 0, Oops: 0, ImmediateOops: 0, NonImmediateOops: No
[1,679s][debug][gc,nmethod  ] Register NMethod: java.lang.Throwable.fillInStackTrace (0x000071df3f581c08) [0x000071df3f581d00, 0x000071df3f5820d8] Compiler: c1, Barriers: 5, Oops: 0, ImmediateOops: 1, NonImmediateOops: No
[1,681s][debug][gc,nmethod  ] Register NMethod: java.lang.invoke.MethodHandle.invokeBasic (0x000071df5ec19c08) [0x000071df5ec19d00, 0x000071df5ec19f98] Compiler: , Barriers: 0, Oops: 0, ImmediateOops: 0, NonImmediateOops: No
[1,681s][debug][gc,nmethod  ] Register NMethod: java.lang.invoke.MethodHandle.linkToSpecial (0x000071df5ec1a008) [0x000071df5ec1a100, 0x000071df5ec1a1f8] Compiler: , Barriers: 0, Oops: 0, ImmediateOops: 0, NonImmediateOops: No
[1,681s][debug][gc,nmethod  ] Register NMethod: sun.invoke.util.Wrapper.basicTypeChar (0x000071df3f582108) [0x000071df3f582200, 0x000071df3f582730] Compiler: c1, Barriers: 0, Oops: 0, ImmediateOops: 0, NonImmediateOops: No
[1,681s][debug][gc,nmethod  ] Register NMethod: java.lang.invoke.LambdaForm$BasicType.basicType (0x000071df3f582788) [0x000071df3f582880, 0x000071df3f582e18] Compiler: c1, Barriers: 0, Oops: 0, ImmediateOops: 0, NonImmediateOops: No
[1,682s][debug][gc,nmethod  ] Register NMethod: java.lang.invoke.LambdaForm$BasicType.basicType (0x000071df3f582e88) [0x000071df3f582f80, 0x000071df3f584288] Compiler: c1, Barriers: 0, Oops: 2, ImmediateOops: 10, NonImmediateOops: No
[1,682s][debug][gc,nmethod  ] Register NMethod: java.lang.invoke.MemberName.flagsMods (0x000071df3f584308) [0x000071df3f584400, 0x000071df3f584500] Compiler: c1, Barriers: 0, Oops: 0, ImmediateOops: 0, NonImmediateOops: No
[1,682s][debug][gc,nmethod  ] Register NMethod: java.lang.invoke.MemberName.init (0x000071df3f584608) [0x000071df3f584700, 0x000071df3f584978] Compiler: c1, Barriers: 9, Oops: 0, ImmediateOops: 0, NonImmediateOops: No
[1,683s][debug][gc,nmethod  ] Register NMethod: java.lang.invoke.MethodHandle.invokeBasic (0x000071df5ec1a308) [0x000071df5ec1a400, 0x000071df5ec1a698] Compiler: , Barriers: 0, Oops: 0, ImmediateOops: 0, NonImmediateOops: No
[1,683s][debug][gc,nmethod  ] Register NMethod: java.lang.invoke.MemberName.isStatic (0x000071df3f584988) [0x000071df3f584a80, 0x000071df3f584c30] Compiler: c1, Barriers: 0, Oops: 0, ImmediateOops: 0, NonImmediateOops: No
[1,683s][debug][gc,nmethod  ] Register NMethod: java.lang.invoke.MethodType.genericMethodType (0x000071df3f584c88) [0x000071df3f584d80, 0x000071df3f5863d0] Compiler: c1, Barriers: 7, Oops: 1, ImmediateOops: 7, NonImmediateOops: No
[1,683s][debug][gc,nmethod  ] Register NMethod: sun.invoke.util.Wrapper.forPrimitiveType (0x000071df3f586408) [0x000071df3f586500, 0x000071df3f587890] Compiler: c1, Barriers: 0, Oops: 1, ImmediateOops: 21, NonImmediateOops: No
[1,683s][debug][gc,nmethod  ] Register NMethod: java.util.Arrays.equals (0x000071df3f587908) [0x000071df3f587a00, 0x000071df3f5880d0] Compiler: c1, Barriers: 2, Oops: 0, ImmediateOops: 0, NonImmediateOops: No
[1,683s][debug][gc,nmethod  ] Register NMethod: jdk.internal.classfile.impl.AbstractPoolEntry$MethodRefEntryImpl.tag (0x000071df5ec1a708) [0x000071df5ec1a800, 0x000071df5ec1a8c0] Compiler: c1, Barriers: 0, Oops: 0, ImmediateOops: 0, NonImmediateOops: No
[1,684s][debug][gc,nmethod  ] Register NMethod: java.lang.invoke.MethodHandle.linkToStatic (0x000071df5ec1aa08) [0x000071df5ec1ab00, 0x000071df5ec1abf0] Compiler: , Barriers: 0, Oops: 0, ImmediateOops: 0, NonImmediateOops: No
[1,684s][debug][gc,nmethod  ] Register NMethod: java.lang.invoke.MethodHandle.invokeBasic (0x000071df5ec1ad08) [0x000071df5ec1ae00, 0x000071df5ec1b098] Compiler: , Barriers: 0, Oops: 0, ImmediateOops: 0, NonImmediateOops: No
[1,685s][debug][gc,nmethod  ] Register NMethod: jdk.internal.classfile.impl.AbstractPoolEntry$AbstractMemberRefEntry.nameAndType (0x000071df3f588108) [0x000071df3f588200, 0x000071df3f588538] Compiler: c1, Barriers: 1, Oops: 0, ImmediateOops: 0, NonImmediateOops: No
[1,685s][debug][gc,nmethod  ] Register NMethod: jdk.internal.classfile.impl.AbstractPoolEntry$AbstractMemberRefEntry.nameAndType (0x000071df3f588588) [0x000071df3f588680, 0x000071df3f588bd0] Compiler: c1, Barriers: 1, Oops: 0, ImmediateOops: 0, NonImmediateOops: No
[1,685s][debug][gc,nmethod  ] Register NMethod: jdk.internal.classfile.impl.AttributeHolder.withAttribute (0x000071df3f588c08) [0x000071df3f588d00, 0x000071df3f589f68] Compiler: c1, Barriers: 9, Oops: 0, ImmediateOops: 0, NonImmediateOops: No
[1,685s][debug][gc,nmethod  ] Register NMethod: jdk.internal.classfile.impl.LabelImpl.setBCI (0x000071df5ec1b108) [0x000071df5ec1b200, 0x000071df5ec1b2c0] Compiler: c1, Barriers: 0, Oops: 0, ImmediateOops: 0, NonImmediateOops: No
[1,685s][debug][gc,nmethod  ] Register NMethod: jdk.internal.classfile.impl.AbstractPoolEntry$NameAndTypeEntryImpl.type (0x000071df3f589f88) [0x000071df3f58a080, 0x000071df3f58a3d0] Compiler: c1, Barriers: 1, Oops: 0, ImmediateOops: 0, NonImmediateOops: No
[1,686s][debug][gc,director ] Rule Major: Warmup 10%, Used: 52MB, UsedThreshold: 1228MB
[1,686s][debug][gc,nmethod  ] Register NMethod: java.lang.StringCoding.countNonZeroAsciiLatin1 (0x000071df5ec1b408) [0x000071df5ec1b520, 0x000071df5ec1b8a8] Compiler: jvmci, Barriers: 0, Oops: 0, ImmediateOops: 0, NonImmediateOops: No
[1,687s][debug][gc,nmethod  ] Register NMethod: java.io.ObjectStreamField.getName (0x000071df5ec1b908) [0x000071df5ec1ba00, 0x000071df5ec1bae8] Compiler: c1, Barriers: 1, Oops: 0, ImmediateOops: 0, NonImmediateOops: No
[1,687s][debug][gc,nmethod  ] Register NMethod: java.util.concurrent.ConcurrentHashMap.setTabAt (0x000071df5ec1bc08) [0x000071df5ec1bd00, 0x000071df5ec1bdd0] Compiler: jvmci, Barriers: 3, Oops: 0, ImmediateOops: 0, NonImmediateOops: No
[1,687s][debug][gc,nmethod  ] Register NMethod: java.lang.invoke.LambdaForm.forceInterpretation (0x000071df3f58a408) [0x000071df3f58a500, 0x000071df3f58a650] Compiler: c1, Barriers: 0, Oops: 0, ImmediateOops: 0, NonImmediateOops: No
[1,688s][debug][gc,nmethod  ] Register NMethod: java.lang.Class.getSuperclass (0x000071df5ec1bf08) [0x000071df5ec1c000, 0x000071df5ec1c320] Compiler: , Barriers: 0, Oops: 0, ImmediateOops: 0, NonImmediateOops: No
[1,688s][debug][gc,nmethod  ] Register NMethod: java.util.WeakHashMap.getTable (0x000071df3f58a708) [0x000071df3f58a800, 0x000071df3f58a978] Compiler: c1, Barriers: 1, Oops: 0, ImmediateOops: 0, NonImmediateOops: No
[1,688s][debug][gc,nmethod  ] Register NMethod: java.lang.invoke.MemberName$Factory.resolve (0x000071df3f58aa08) [0x000071df3f58ab00, 0x000071df3f58ba68] Compiler: c1, Barriers: 7, Oops: 0, ImmediateOops: 0, NonImmediateOops: No
[1,688s][debug][gc,nmethod  ] Register NMethod: jdk.internal.constant.MethodTypeDescImpl.descriptorString (0x000071df3f58ba88) [0x000071df3f58bb80, 0x000071df3f58bd40] Compiler: c1, Barriers: 1, Oops: 0, ImmediateOops: 0, NonImmediateOops: No
[1,689s][debug][gc,nmethod  ] Register NMethod: jdk.internal.classfile.impl.SplitConstantPool.utf8Entry (0x000071df3f58bd88) [0x000071df3f58be80, 0x000071df3f58c3a0] Compiler: c1, Barriers: 5, Oops: 0, ImmediateOops: 0, NonImmediateOops: No
[1,689s][debug][gc,nmethod  ] Register NMethod: jdk.internal.classfile.impl.DirectMethodBuilder.methodTypeSymbol (0x000071df3f58c408) [0x000071df3f58c500, 0x000071df3f58cc68] Compiler: c1, Barriers: 1, Oops: 0, ImmediateOops: 0, NonImmediateOops: No
[1,689s][debug][gc,nmethod  ] Register NMethod: java.lang.invoke.LambdaForm.argument (0x000071df3f58cc88) [0x000071df3f58cd80, 0x000071df3f58d1f0] Compiler: c1, Barriers: 2, Oops: 0, ImmediateOops: 1, NonImmediateOops: No
[1,689s][debug][gc,nmethod  ] Register NMethod: java.lang.invoke.LambdaForm$Name.index (0x000071df5ec1c388) [0x000071df5ec1c480, 0x000071df5ec1c540] Compiler: c1, Barriers: 0, Oops: 0, ImmediateOops: 0, NonImmediateOops: No
[1,689s][debug][gc,nmethod  ] Register NMethod: java.lang.invoke.MemberName.getName (0x000071df3f58d208) [0x000071df3f58d300, 0x000071df3f58d8e8] Compiler: c1, Barriers: 5, Oops: 0, ImmediateOops: 0, NonImmediateOops: No
[1,689s][debug][gc,nmethod  ] Register NMethod: jdk.internal.classfile.impl.DirectCodeBuilder.curPc (0x000071df3f58d908) [0x000071df3f58da00, 0x000071df3f58dd10] Compiler: c1, Barriers: 1, Oops: 0, ImmediateOops: 0, NonImmediateOops: No
[1,690s][debug][gc,nmethod  ] Register NMethod: java.lang.invoke.LambdaForm$BasicType.basicTypeKind (0x000071df5ec1c688) [0x000071df5ec1c780, 0x000071df5ec1c868] Compiler: c1, Barriers: 1, Oops: 0, ImmediateOops: 0, NonImmediateOops: No
[1,690s][debug][gc,nmethod  ] Register NMethod: jdk.internal.classfile.impl.LabelImpl.<init> (0x000071df3f58dd88) [0x000071df3f58de80, 0x000071df3f58e0b8] Compiler: c1, Barriers: 3, Oops: 0, ImmediateOops: 0, NonImmediateOops: No
[1,690s][debug][gc,nmethod  ] Register NMethod: jdk.internal.classfile.impl.DirectMethodBuilder.methodName (0x000071df5ec1c988) [0x000071df5ec1ca80, 0x000071df5ec1cb68] Compiler: c1, Barriers: 1, Oops: 0, ImmediateOops: 0, NonImmediateOops: No
[1,690s][debug][gc,nmethod  ] Register NMethod: jdk.internal.classfile.impl.BufWriterImpl.thisClass (0x000071df5ec1cc88) [0x000071df5ec1cd80, 0x000071df5ec1ce68] Compiler: c1, Barriers: 1, Oops: 0, ImmediateOops: 0, NonImmediateOops: No
[1,691s][debug][gc,nmethod  ] Register NMethod: jdk.internal.classfile.impl.AbstractPoolEntry$ClassEntryImpl.asSymbol (0x000071df3f58e108) [0x000071df3f58e200, 0x000071df3f592790] Compiler: c1, Barriers: 16, Oops: 2, ImmediateOops: 11, NonImmediateOops: No
[1,691s][debug][gc,nmethod  ] Register NMethod: java.lang.ClassLoader.findBootstrapClassOrNull (0x000071df3f592808) [0x000071df3f592900, 0x000071df3f592aa0] Compiler: c1, Barriers: 0, Oops: 0, ImmediateOops: 0, NonImmediateOops: No
[1,691s][debug][gc,nmethod  ] Register NMethod: java.lang.System$1.findBootstrapClassOrNull (0x000071df3f592b08) [0x000071df3f592c00, 0x000071df3f592e08] Compiler: c1, Barriers: 0, Oops: 0, ImmediateOops: 0, NonImmediateOops: No
[1,692s][debug][gc,nmethod  ] Register NMethod: java.lang.reflect.Field.getName (0x000071df5ec1cf88) [0x000071df5ec1d080, 0x000071df5ec1d168] Compiler: c1, Barriers: 1, Oops: 0, ImmediateOops: 0, NonImmediateOops: No
[1,693s][debug][gc,nmethod  ] Register NMethod: java.lang.invoke.LambdaForm.uncustomize (0x000071df3f592e88) [0x000071df3f592f80, 0x000071df3f5933f8] Compiler: c1, Barriers: 2, Oops: 0, ImmediateOops: 0, NonImmediateOops: No
[1,694s][debug][gc,nmethod  ] Register NMethod: java.lang.StringLatin1.replace (0x000071df5ec1d288) [0x000071df5ec1d380, 0x000071df5ec1d950] Compiler: jvmci, Barriers: 2, Oops: 0, ImmediateOops: 0, NonImmediateOops: No
[1,694s][debug][gc,nmethod  ] Register NMethod: java.util.ArrayList.<init> (0x000071df3f593408) [0x000071df3f593500, 0x000071df3f5937a0] Compiler: c1, Barriers: 3, Oops: 0, ImmediateOops: 1, NonImmediateOops: No
[1,695s][debug][gc,nmethod  ] Register NMethod: jdk.internal.loader.BuiltinClassLoader.loadClass (0x000071df3f593808) [0x000071df3f593900, 0x000071df3f593cd8] Compiler: c1, Barriers: 0, Oops: 0, ImmediateOops: 0, NonImmediateOops: No
[1,695s][debug][gc,nmethod  ] Register NMethod: jdk.internal.loader.ClassLoaders$BootClassLoader.loadClassOrNull (0x000071df3f593d08) [0x000071df3f593e00, 0x000071df3f594080] Compiler: c1, Barriers: 0, Oops: 0, ImmediateOops: 1, NonImmediateOops: No
[1,695s][debug][gc,nmethod  ] Register NMethod: worker.org.gradle.internal.classloader.FilteringClassLoader$TrieSet.find (0x000071df3f594088) [0x000071df3f594180, 0x000071df3f594308] Compiler: c1, Barriers: 1, Oops: 1, ImmediateOops: 0, NonImmediateOops: No
[1,695s][debug][gc,nmethod  ] Register NMethod: java.lang.Exception.<init> (0x000071df3f594388) [0x000071df3f594480, 0x000071df3f5945b0] Compiler: c1, Barriers: 0, Oops: 0, ImmediateOops: 0, NonImmediateOops: No
[1,695s][debug][gc,nmethod  ] Register NMethod: java.lang.ReflectiveOperationException.<init> (0x000071df3f594688) [0x000071df3f594780, 0x000071df3f594910] Compiler: c1, Barriers: 0, Oops: 0, ImmediateOops: 0, NonImmediateOops: No
[1,696s][debug][gc,nmethod  ] Register NMethod: java.util.jar.Manifest.getEntries (0x000071df5ec1d988) [0x000071df5ec1da80, 0x000071df5ec1db68] Compiler: c1, Barriers: 1, Oops: 0, ImmediateOops: 0, NonImmediateOops: No
[1,696s][debug][gc,nmethod  ] Register NMethod: worker.org.gradle.internal.classloader.FilteringClassLoader$Trie.find (0x000071df3f594988) [0x000071df3f594a80, 0x000071df3f595740] Compiler: c1, Barriers: 2, Oops: 1, ImmediateOops: 0, NonImmediateOops: No
[1,696s][debug][gc,director ] Rule Major: Warmup 10%, Used: 52MB, UsedThreshold: 1228MB
[1,696s][debug][gc,nmethod  ] Register NMethod: java.util.jar.Manifest.getMainAttributes (0x000071df5ec1dc88) [0x000071df5ec1dd80, 0x000071df5ec1de68] Compiler: c1, Barriers: 1, Oops: 0, ImmediateOops: 0, NonImmediateOops: No
[1,696s][debug][gc,nmethod  ] Register NMethod: java.lang.Throwable.<init> (0x000071df3f595788) [0x000071df3f595880, 0x000071df3f5960c0] Compiler: c1, Barriers: 16, Oops: 0, ImmediateOops: 3, NonImmediateOops: No
[1,698s][debug][gc,nmethod  ] Register NMethod: jdk.internal.perf.PerfCounter.increment (0x000071df3f596108) [0x000071df3f596200, 0x000071df3f596348] Compiler: c1, Barriers: 0, Oops: 0, ImmediateOops: 0, NonImmediateOops: No
[1,698s][debug][gc,nmethod  ] Register NMethod: java.lang.Math.clamp (0x000071df3f596408) [0x000071df3f596500, 0x000071df3f5975c8] Compiler: c1, Barriers: 0, Oops: 1, ImmediateOops: 2, NonImmediateOops: No
[1,698s][debug][gc,nmethod  ] Register NMethod: java.lang.String.indexOf (0x000071df3f597608) [0x000071df3f597700, 0x000071df3f597f20] Compiler: c1, Barriers: 1, Oops: 0, ImmediateOops: 0, NonImmediateOops: No
[1,699s][debug][gc,nmethod  ] Register NMethod: java.lang.String.indexOf (0x000071df3f597f88) [0x000071df3f598080, 0x000071df3f598b38] Compiler: c1, Barriers: 1, Oops: 0, ImmediateOops: 0, NonImmediateOops: No
[1,699s][debug][gc,nmethod  ] Register NMethod: sun.net.www.ParseUtil.encodePath (0x000071df3f598b88) [0x000071df3f598c80, 0x000071df3f598e68] Compiler: c1, Barriers: 0, Oops: 0, ImmediateOops: 0, NonImmediateOops: No
[1,701s][debug][gc,nmethod  ] Register NMethod: jdk.internal.loader.URLClassPath.getResource (0x000071df3f598e88) [0x000071df3f598f80, 0x000071df3f5993e8] Compiler: c1, Barriers: 0, Oops: 0, ImmediateOops: 0, NonImmediateOops: No
[1,701s][debug][gc,nmethod  ] Register NMethod: java.util.concurrent.ConcurrentHashMap.computeIfAbsent (0x000071df3f599408) [0x000071df3f599500, 0x000071df3f59c6a0] Compiler: c1, Barriers: 24, Oops: 0, ImmediateOops: 2, NonImmediateOops: No
[1,702s][debug][gc,nmethod  ] Register NMethod: java.util.WeakHashMap.remove (0x000071df3f59c708) [0x000071df3f59c800, 0x000071df3f59dc10] Compiler: c1, Barriers: 12, Oops: 0, ImmediateOops: 1, NonImmediateOops: No
[1,704s][debug][gc,nmethod  ] Register NMethod: java.util.jar.JarFile.isMultiRelease (0x000071df3f59dc88) [0x000071df3f59dd80, 0x000071df3f59df78] Compiler: c1, Barriers: 0, Oops: 0, ImmediateOops: 0, NonImmediateOops: No
[1,704s][debug][gc,nmethod  ] Register NMethod: java.lang.AbstractStringBuilder.needsNewBuffer (0x000071df5ec1df88) [0x000071df5ec1e080, 0x000071df5ec1e168] Compiler: jvmci, Barriers: 0, Oops: 0, ImmediateOops: 0, NonImmediateOops: No
[1,704s][debug][gc,nmethod  ] Register NMethod: worker.org.gradle.internal.classloader.FilteringClassLoader.loadClass (0x000071df3f59df88) [0x000071df3f59e080, 0x000071df3f59f898] Compiler: c1, Barriers: 0, Oops: 3, ImmediateOops: 3, NonImmediateOops: No
[1,704s][debug][gc,nmethod  ] Register NMethod: java.lang.ClassLoader.loadClass (0x000071df3f59f908) [0x000071df3f59fa00, 0x000071df3f5a0e40] Compiler: c1, Barriers: 1, Oops: 2, ImmediateOops: 3, NonImmediateOops: No
[1,705s][debug][gc,nmethod  ] Register NMethod: jdk.internal.classfile.impl.DirectCodeBuilder.aload (0x000071df3f5a0e88) [0x000071df3f5a0f80, 0x000071df3f5a1370] Compiler: c1, Barriers: 1, Oops: 0, ImmediateOops: 0, NonImmediateOops: No
[1,706s][debug][gc,director ] Rule Major: Warmup 10%, Used: 54MB, UsedThreshold: 1228MB
[1,706s][debug][gc,nmethod  ] Register NMethod: java.lang.invoke.MethodHandle.<init> (0x000071df3f5a1388) [0x000071df3f5a1480, 0x000071df3f5a19f8] Compiler: c1, Barriers: 6, Oops: 0, ImmediateOops: 0, NonImmediateOops: No
[1,706s][debug][gc,nmethod  ] Register NMethod: java.lang.invoke.LambdaForm.prepare (0x000071df3f5a1a08) [0x000071df3f5a1b00, 0x000071df3f5a29e0] Compiler: c1, Barriers: 6, Oops: 0, ImmediateOops: 0, NonImmediateOops: No
[1,706s][debug][gc,nmethod  ] Register NMethod: java.lang.System.identityHashCode (0x000071df5ec1e288) [0x000071df5ec1e380, 0x000071df5ec1e510] Compiler: , Barriers: 0, Oops: 0, ImmediateOops: 1, NonImmediateOops: No
[1,707s][debug][gc,nmethod  ] Register NMethod: java.util.ImmutableCollections$AbstractImmutableList.<init> (0x000071df3f5a2a08) [0x000071df3f5a2b00, 0x000071df3f5a2d18] Compiler: c1, Barriers: 0, Oops: 0, ImmediateOops: 0, NonImmediateOops: No
[1,707s][debug][gc,nmethod  ] Register NMethod: java.util.ArrayList.grow (0x000071df3f5a2d88) [0x000071df3f5a2e80, 0x000071df3f5a36d0] Compiler: c1, Barriers: 9, Oops: 0, ImmediateOops: 1, NonImmediateOops: No
[1,707s][debug][gc,nmethod  ] Register NMethod: java.lang.CharacterDataLatin1.getProperties (0x000071df5ec1e588) [0x000071df5ec1e680, 0x000071df5ec1e750] Compiler: jvmci, Barriers: 0, Oops: 0, ImmediateOops: 1, NonImmediateOops: No
[1,707s][debug][gc,nmethod  ] Register NMethod: jdk.internal.classfile.impl.SplitConstantPool.nameAndTypeEntry (0x000071df3f5a3708) [0x000071df3f5a3800, 0x000071df3f5a3af8] Compiler: c1, Barriers: 0, Oops: 0, ImmediateOops: 0, NonImmediateOops: No
[1,707s][debug][gc,nmethod  ] Register NMethod: java.util.ArrayList.iterator (0x000071df3f5a3b08) [0x000071df3f5a3c00, 0x000071df3f5a3f00] Compiler: c1, Barriers: 3, Oops: 0, ImmediateOops: 0, NonImmediateOops: No
[1,707s][debug][gc,nmethod  ] Register NMethod: java.util.ArrayList$Itr.<init> (0x000071df3f5a3f08) [0x000071df3f5a4000, 0x000071df3f5a4330] Compiler: c1, Barriers: 3, Oops: 0, ImmediateOops: 0, NonImmediateOops: No
[1,707s][debug][gc,nmethod  ] Register NMethod: jdk.internal.classfile.impl.BufWriterImpl.constantPool (0x000071df5ec1e888) [0x000071df5ec1e980, 0x000071df5ec1ea68] Compiler: c1, Barriers: 1, Oops: 0, ImmediateOops: 0, NonImmediateOops: No
[1,707s][debug][gc,nmethod  ] Register NMethod: jdk.internal.classfile.impl.SplitConstantPool.nameAndTypeEntry (0x000071df3f5a4388) [0x000071df3f5a4480, 0x000071df3f5a5180] Compiler: c1, Barriers: 0, Oops: 0, ImmediateOops: 0, NonImmediateOops: No
[1,707s][debug][gc,nmethod  ] Register NMethod: jdk.internal.classfile.impl.AbstractAttributeMapper.name (0x000071df5ec1eb88) [0x000071df5ec1ec80, 0x000071df5ec1ed68] Compiler: c1, Barriers: 1, Oops: 0, ImmediateOops: 0, NonImmediateOops: No
[1,708s][debug][gc,nmethod  ] Register NMethod: jdk.internal.classfile.impl.BufWriterImpl.setLabelContext (0x000071df3f5a5188) [0x000071df3f5a5280, 0x000071df3f5a53f8] Compiler: c1, Barriers: 3, Oops: 0, ImmediateOops: 0, NonImmediateOops: No
[1,708s][debug][gc,nmethod  ] Register NMethod: java.util.ImmutableCollections$ListN.size (0x000071df3f5a5488) [0x000071df3f5a5580, 0x000071df3f5a56b8] Compiler: c1, Barriers: 1, Oops: 0, ImmediateOops: 0, NonImmediateOops: No
[1,708s][debug][gc,nmethod  ] Register NMethod: jdk.internal.misc.Unsafe.getCharUnaligned (0x000071df3f5a5788) [0x000071df3f5a5880, 0x000071df3f5a5aa8] Compiler: c1, Barriers: 0, Oops: 0, ImmediateOops: 0, NonImmediateOops: No
[1,708s][debug][gc,nmethod  ] Register NMethod: jdk.internal.classfile.impl.BufWriterImpl.writeU2U2U2 (0x000071df3f5a5b08) [0x000071df3f5a5c00, 0x000071df3f5a6120] Compiler: c1, Barriers: 2, Oops: 0, ImmediateOops: 0, NonImmediateOops: No
[1,709s][debug][gc,nmethod  ] Register NMethod: java.lang.StringBuilder.append (0x000071df5ec1ee88) [0x000071df5ec1ef80, 0x000071df5ec1f730] Compiler: jvmci, Barriers: 5, Oops: 0, ImmediateOops: 0, NonImmediateOops: No
[1,710s][debug][gc,nmethod  ] Register NMethod: java.lang.Module.isNamed (0x000071df3f5a6188) [0x000071df3f5a6280, 0x000071df3f5a6400] Compiler: c1, Barriers: 1, Oops: 0, ImmediateOops: 0, NonImmediateOops: No
[1,710s][debug][gc,nmethod  ] Register NMethod: java.lang.Class.reflectionData (0x000071df3f5a6488) [0x000071df3f5a6580, 0x000071df3f5a6bd8] Compiler: c1, Barriers: 1, Oops: 0, ImmediateOops: 0, NonImmediateOops: No
[1,710s][debug][gc,nmethod  ] Register NMethod: java.lang.reflect.Method.getModifiers (0x000071df5ec1f788) [0x000071df5ec1f880, 0x000071df5ec1f940] Compiler: c1, Barriers: 0, Oops: 0, ImmediateOops: 0, NonImmediateOops: No
[1,710s][debug][gc,nmethod  ] Register NMethod: jdk.internal.classfile.impl.BufWriterImpl.<init> (0x000071df3f5a6c08) [0x000071df3f5a6d00, 0x000071df3f5a70d0] Compiler: c1, Barriers: 12, Oops: 0, ImmediateOops: 0, NonImmediateOops: No
[1,710s][debug][gc,nmethod  ] Register NMethod: jdk.internal.constant.ClassOrInterfaceDescImpl.equals (0x000071df3f5a7108) [0x000071df3f5a7200, 0x000071df3f5a7a28] Compiler: c1, Barriers: 2, Oops: 0, ImmediateOops: 0, NonImmediateOops: No
[1,711s][debug][gc,nmethod  ] Register NMethod: jdk.internal.classfile.impl.DirectCodeBuilder.constantPool (0x000071df3f5a7a88) [0x000071df3f5a7b80, 0x000071df3f5a7cc0] Compiler: c1, Barriers: 1, Oops: 0, ImmediateOops: 0, NonImmediateOops: No
[1,711s][debug][gc,nmethod  ] Register NMethod: jdk.internal.classfile.impl.AbstractPoolEntry$ClassEntryImpl.<init> (0x000071df3f5a7d88) [0x000071df3f5a7e80, 0x000071df3f5a8068] Compiler: c1, Barriers: 3, Oops: 0, ImmediateOops: 0, NonImmediateOops: No
[1,711s][debug][gc,nmethod  ] Register NMethod: jdk.internal.classfile.impl.StackMapDecoder$StackMapFrameImpl.stack (0x000071df5ec1fa88) [0x000071df5ec1fb80, 0x000071df5ec1fc68] Compiler: c1, Barriers: 1, Oops: 0, ImmediateOops: 0, NonImmediateOops: No
[1,711s][debug][gc,nmethod  ] Register NMethod: jdk.internal.classfile.impl.StackCounter.addStackSlot (0x000071df3f5a8088) [0x000071df3f5a8180, 0x000071df3f5a82b8] Compiler: c1, Barriers: 0, Oops: 0, ImmediateOops: 0, NonImmediateOops: No
[1,711s][debug][gc,nmethod  ] Register NMethod: java.lang.reflect.Array.newInstance (0x000071df3f5a8388) [0x000071df3f5a8480, 0x000071df3f5a8590] Compiler: c1, Barriers: 0, Oops: 0, ImmediateOops: 0, NonImmediateOops: No
[1,711s][debug][gc,nmethod  ] Register NMethod: jdk.internal.classfile.impl.RawBytecodeHelper.<init> (0x000071df3f5a8688) [0x000071df3f5a8780, 0x000071df3f5a8950] Compiler: c1, Barriers: 3, Oops: 0, ImmediateOops: 0, NonImmediateOops: No
[1,711s][debug][gc,nmethod  ] Register NMethod: jdk.internal.classfile.impl.RawBytecodeHelper$CodeRange.start (0x000071df3f5a8988) [0x000071df3f5a8a80, 0x000071df3f5a8d08] Compiler: c1, Barriers: 3, Oops: 0, ImmediateOops: 0, NonImmediateOops: No
[1,711s][debug][gc,nmethod  ] Register NMethod: jdk.internal.classfile.impl.DirectCodeBuilder.labelToBci (0x000071df3f5a8d88) [0x000071df3f5a8e80, 0x000071df3f5a95f0] Compiler: c1, Barriers: 1, Oops: 0, ImmediateOops: 0, NonImmediateOops: No
[1,712s][debug][gc,nmethod  ] Register NMethod: jdk.internal.classfile.impl.BufWriterImpl.writeIndex (0x000071df3f5a9608) [0x000071df3f5a9700, 0x000071df3f5abe98] Compiler: c1, Barriers: 3, Oops: 1, ImmediateOops: 3, NonImmediateOops: No
[1,712s][debug][gc,nmethod  ] Register NMethod: java.lang.reflect.Method.getSharedParameterTypes (0x000071df5ec1fd88) [0x000071df5ec1fe80, 0x000071df5ec1ff68] Compiler: c1, Barriers: 1, Oops: 0, ImmediateOops: 0, NonImmediateOops: No
[1,712s][debug][gc,nmethod  ] Register NMethod: jdk.internal.classfile.impl.RawBytecodeHelper.endBci (0x000071df5ec20088) [0x000071df5ec20180, 0x000071df5ec20260] Compiler: jvmci, Barriers: 1, Oops: 0, ImmediateOops: 0, NonImmediateOops: No
[1,714s][debug][gc,nmethod  ] Register NMethod: sun.reflect.generics.parser.SignatureParser.advance (0x000071df3f5abf08) [0x000071df3f5ac000, 0x000071df3f5ac618] Compiler: c1, Barriers: 2, Oops: 0, ImmediateOops: 0, NonImmediateOops: No
[1,714s][debug][gc,nmethod  ] Register NMethod: sun.reflect.generics.parser.SignatureParser.current (0x000071df3f5ac688) [0x000071df3f5ac780, 0x000071df3f5ad590] Compiler: c1, Barriers: 2, Oops: 1, ImmediateOops: 2, NonImmediateOops: No
[1,714s][debug][gc,nmethod  ] Register NMethod: java.lang.Character.isWhitespace (0x000071df3f5ad608) [0x000071df3f5ad700, 0x000071df3f5ada88] Compiler: c1, Barriers: 0, Oops: 0, ImmediateOops: 0, NonImmediateOops: No
[1,714s][debug][gc,nmethod  ] Register NMethod: sun.net.util.URLUtil.urlNoFragString (0x000071df3f5adb08) [0x000071df3f5adc00, 0x000071df3f5b0ce8] Compiler: c1, Barriers: 7, Oops: 3, ImmediateOops: 10, NonImmediateOops: No
[1,714s][debug][gc,nmethod  ] Register NMethod: java.lang.Class.getModifiers (0x000071df5ec20388) [0x000071df5ec20480, 0x000071df5ec20540] Compiler: c1, Barriers: 0, Oops: 0, ImmediateOops: 0, NonImmediateOops: No
[1,714s][debug][gc,nmethod  ] Register NMethod: java.lang.invoke.DirectMethodHandle.allocateInstance (0x000071df3f5b0d08) [0x000071df3f5b0e00, 0x000071df3f5b1320] Compiler: c1, Barriers: 1, Oops: 0, ImmediateOops: 1, NonImmediateOops: No
[1,714s][debug][gc,nmethod  ] Register NMethod: java.lang.CharacterDataLatin1.isWhitespace (0x000071df3f5b1388) [0x000071df3f5b1480, 0x000071df3f5b1820] Compiler: c1, Barriers: 0, Oops: 0, ImmediateOops: 1, NonImmediateOops: No
[1,714s][debug][gc,nmethod  ] Register NMethod: java.lang.reflect.Method.getReturnType (0x000071df5ec20688) [0x000071df5ec20780, 0x000071df5ec20868] Compiler: c1, Barriers: 1, Oops: 0, ImmediateOops: 0, NonImmediateOops: No
[1,714s][debug][gc,nmethod  ] Register NMethod: java.lang.invoke.DirectMethodHandle.constructorMethod (0x000071df3f5b1888) [0x000071df3f5b1980, 0x000071df3f5b1ca0] Compiler: c1, Barriers: 1, Oops: 0, ImmediateOops: 0, NonImmediateOops: No
[1,714s][debug][gc,nmethod  ] Register NMethod: java.lang.Character.isWhitespace (0x000071df3f5b1d08) [0x000071df3f5b1e00, 0x000071df3f5b2130] Compiler: c1, Barriers: 0, Oops: 0, ImmediateOops: 0, NonImmediateOops: No
[1,715s][debug][gc,nmethod  ] Register NMethod: java.lang.ClassLoader.getDefinedPackage (0x000071df3f5b2188) [0x000071df3f5b2280, 0x000071df3f5b2bd8] Compiler: c1, Barriers: 2, Oops: 1, ImmediateOops: 1, NonImmediateOops: No
[1,716s][debug][gc,director ] Rule Major: Warmup 10%, Used: 54MB, UsedThreshold: 1228MB
[1,716s][debug][gc,nmethod  ] Register NMethod: java.util.zip.ZipFile.getZipEntry (0x000071df3f5b2c08) [0x000071df3f5b2d00, 0x000071df3f5b4b98] Compiler: c1, Barriers: 17, Oops: 0, ImmediateOops: 2, NonImmediateOops: No
[1,717s][debug][gc,nmethod  ] Register NMethod: java.lang.invoke.MethodHandle.linkToStatic (0x000071df5ec20988) [0x000071df5ec20a80, 0x000071df5ec20b70] Compiler: , Barriers: 0, Oops: 0, ImmediateOops: 0, NonImmediateOops: No
[1,717s][debug][gc,nmethod  ] Register NMethod: java.lang.invoke.MethodHandle.linkToStatic (0x000071df5ec20c88) [0x000071df5ec20d80, 0x000071df5ec20e70] Compiler: , Barriers: 0, Oops: 0, ImmediateOops: 0, NonImmediateOops: No
[1,717s][debug][gc,nmethod  ] Register NMethod: java.lang.invoke.MethodHandle.linkToVirtual (0x000071df5ec20f88) [0x000071df5ec21080, 0x000071df5ec210a8] Compiler: , Barriers: 0, Oops: 0, ImmediateOops: 0, NonImmediateOops: No
[1,718s][debug][gc,nmethod  ] Register NMethod: java.lang.invoke.MethodHandle.linkToVirtual (0x000071df5ec21288) [0x000071df5ec21380, 0x000071df5ec213a8] Compiler: , Barriers: 0, Oops: 0, ImmediateOops: 0, NonImmediateOops: No
[1,718s][debug][gc,nmethod  ] Register NMethod: jdk.internal.classfile.impl.AbstractPoolEntry$AbstractMemberRefEntry.<init> (0x000071df3f5b4c08) [0x000071df3f5b4d00, 0x000071df3f5b4e30] Compiler: c1, Barriers: 0, Oops: 0, ImmediateOops: 0, NonImmediateOops: No
[1,718s][debug][gc,nmethod  ] Register NMethod: java.lang.invoke.InvokerBytecodeGenerator.classDesc (0x000071df3f5b4f08) [0x000071df3f5b5000, 0x000071df3f5b6310] Compiler: c1, Barriers: 3, Oops: 1, ImmediateOops: 12, NonImmediateOops: No
[1,719s][debug][gc,nmethod  ] Register NMethod: java.lang.invoke.LambdaForm$BasicType.basicTypeClass (0x000071df5ec21588) [0x000071df5ec21680, 0x000071df5ec21768] Compiler: c1, Barriers: 1, Oops: 0, ImmediateOops: 0, NonImmediateOops: No
[1,719s][debug][gc,nmethod  ] Register NMethod: jdk.internal.classfile.impl.BufWriterImpl.writeU2U2 (0x000071df3f5b6388) [0x000071df3f5b6480, 0x000071df3f5b6948] Compiler: c1, Barriers: 2, Oops: 0, ImmediateOops: 0, NonImmediateOops: No
[1,719s][debug][gc,nmethod  ] Register NMethod: jdk.internal.classfile.impl.ClassReaderImpl.checkType (0x000071df3f5b6988) [0x000071df3f5b6a80, 0x000071df3f5b7560] Compiler: c1, Barriers: 0, Oops: 0, ImmediateOops: 0, NonImmediateOops: No
[1,719s][debug][gc,nmethod  ] Register NMethod: jdk.internal.classfile.impl.SplitConstantPool.entryByIndex (0x000071df3f5b7588) [0x000071df3f5b7680, 0x000071df3f5b83d0] Compiler: c1, Barriers: 0, Oops: 0, ImmediateOops: 0, NonImmediateOops: No
[1,719s][debug][gc,nmethod  ] Register NMethod: java.lang.invoke.LambdaForm$NamedFunction.methodType (0x000071df3f5b8408) [0x000071df3f5b8500, 0x000071df3f5b8be8] Compiler: c1, Barriers: 7, Oops: 0, ImmediateOops: 0, NonImmediateOops: No
[1,719s][debug][gc,nmethod  ] Register NMethod: java.util.HashMap.get (0x000071df5ec21888) [0x000071df5ec21980, 0x000071df5ec22168] Compiler: jvmci, Barriers: 12, Oops: 0, ImmediateOops: 0, NonImmediateOops: No
[1,720s][debug][gc,nmethod  ] Register NMethod: java.lang.invoke.MethodType.erase (0x000071df3f5b8c08) [0x000071df3f5b8d00, 0x000071df3f5b9040] Compiler: c1, Barriers: 2, Oops: 0, ImmediateOops: 0, NonImmediateOops: No
[1,720s][debug][gc,nmethod  ] Register NMethod: java.lang.ClassNotFoundException.<init> (0x000071df3f5b9088) [0x000071df3f5b9180, 0x000071df3f5b9380] Compiler: c1, Barriers: 0, Oops: 0, ImmediateOops: 0, NonImmediateOops: No
[1,720s][debug][gc,nmethod  ] Register NMethod: java.net.URL.<init> (0x000071df3f5b9388) [0x000071df3f5b9480, 0x000071df3f5b95c0] Compiler: c1, Barriers: 0, Oops: 0, ImmediateOops: 0, NonImmediateOops: No
[1,720s][debug][gc,nmethod  ] Register NMethod: java.net.URL.set (0x000071df3f5b9688) [0x000071df3f5b9780, 0x000071df3f5bac78] Compiler: c1, Barriers: 27, Oops: 1, ImmediateOops: 2, NonImmediateOops: No
[1,721s][debug][gc,nmethod  ] Register NMethod: java.net.URLStreamHandler.setURL (0x000071df3f5bac88) [0x000071df3f5bad80, 0x000071df3f5bc9b8] Compiler: c1, Barriers: 5, Oops: 1, ImmediateOops: 3, NonImmediateOops: No
[1,722s][debug][gc,nmethod  ] Register NMethod: java.util.WeakHashMap.put (0x000071df3f5bca08) [0x000071df3f5bcb00, 0x000071df3f5be5e8] Compiler: c1, Barriers: 26, Oops: 0, ImmediateOops: 2, NonImmediateOops: No
[1,723s][debug][gc,nmethod  ] Register NMethod: java.net.URL.<init> (0x000071df3f5be608) [0x000071df3f5be700, 0x000071df3f5c4e18] Compiler: c1, Barriers: 55, Oops: 4, ImmediateOops: 14, NonImmediateOops: No
[1,725s][debug][gc,nmethod  ] Register NMethod: java.util.Arrays.fill (0x000071df3f5c4e88) [0x000071df3f5c4f80, 0x000071df3f5c53a8] Compiler: c1, Barriers: 3, Oops: 0, ImmediateOops: 0, NonImmediateOops: No
[1,726s][debug][gc,nmethod  ] Register NMethod: java.lang.invoke.MethodTypeForm.cachedLambdaForm (0x000071df3f5c5408) [0x000071df3f5c5500, 0x000071df3f5c5af8] Compiler: c1, Barriers: 2, Oops: 0, ImmediateOops: 0, NonImmediateOops: No
[1,726s][debug][gc,nmethod  ] Register NMethod: java.lang.invoke.InnerClassLambdaMetafactory.classDesc (0x000071df3f5c5b08) [0x000071df3f5c5c00, 0x000071df3f5c6cb8] Compiler: c1, Barriers: 3, Oops: 1, ImmediateOops: 2, NonImmediateOops: No
[1,726s][debug][gc,nmethod  ] Register NMethod: jdk.internal.classfile.impl.BufWriterImpl.getMajorVersion (0x000071df5ec22188) [0x000071df5ec22280, 0x000071df5ec22340] Compiler: c1, Barriers: 0, Oops: 0, ImmediateOops: 0, NonImmediateOops: No
[1,726s][debug][gc,nmethod  ] Register NMethod: jdk.internal.classfile.impl.StackMapGenerator.maxStack (0x000071df5ec22488) [0x000071df5ec22580, 0x000071df5ec22640] Compiler: c1, Barriers: 0, Oops: 0, ImmediateOops: 0, NonImmediateOops: No
[1,726s][debug][gc,nmethod  ] Register NMethod: jdk.internal.classfile.impl.RawBytecodeHelper$CodeRange.length (0x000071df5ec22788) [0x000071df5ec22880, 0x000071df5ec22940] Compiler: c1, Barriers: 0, Oops: 0, ImmediateOops: 0, NonImmediateOops: No
[1,726s][debug][gc,nmethod  ] Register NMethod: jdk.internal.classfile.impl.StackMapGenerator.maxLocals (0x000071df5ec22a88) [0x000071df5ec22b80, 0x000071df5ec22c40] Compiler: c1, Barriers: 0, Oops: 0, ImmediateOops: 0, NonImmediateOops: No
[1,726s][debug][gc,director ] Rule Major: Warmup 10%, Used: 56MB, UsedThreshold: 1228MB
[1,726s][debug][gc,nmethod  ] Register NMethod: java.lang.invoke.MethodType.basicType (0x000071df3f5c6d08) [0x000071df3f5c6e00, 0x000071df3f5c7140] Compiler: c1, Barriers: 2, Oops: 0, ImmediateOops: 0, NonImmediateOops: No
[1,728s][debug][gc,nmethod  ] Register NMethod: java.lang.invoke.MethodHandle.linkToSpecial (0x000071df5ec22d88) [0x000071df5ec22e80, 0x000071df5ec22f78] Compiler: , Barriers: 0, Oops: 0, ImmediateOops: 0, NonImmediateOops: No
[1,728s][debug][gc,nmethod  ] Register NMethod: java.lang.invoke.MethodType.parameterSlotCount (0x000071df3f5c7188) [0x000071df3f5c7280, 0x000071df3f5c7590] Compiler: c1, Barriers: 1, Oops: 0, ImmediateOops: 0, NonImmediateOops: No
[1,729s][debug][gc,nmethod  ] Register NMethod: java.lang.invoke.MethodType.parameterType (0x000071df5ec23088) [0x000071df5ec23180, 0x000071df5ec232c0] Compiler: jvmci, Barriers: 2, Oops: 0, ImmediateOops: 0, NonImmediateOops: No
[1,730s][debug][gc,nmethod  ] Register NMethod: java.lang.Double.longBitsToDouble (0x000071df5ec23388) [0x000071df5ec23480, 0x000071df5ec235e0] Compiler: , Barriers: 0, Oops: 0, ImmediateOops: 1, NonImmediateOops: No
[1,730s][debug][gc,nmethod  ] Register NMethod: jdk.internal.util.ClassFileDumper.isEnabled (0x000071df5ec23688) [0x000071df5ec23780, 0x000071df5ec23840] Compiler: c1, Barriers: 0, Oops: 0, ImmediateOops: 0, NonImmediateOops: No
[1,730s][debug][gc,nmethod  ] Register NMethod: java.util.Properties$LineReader.readLine (0x000071df3f5c7608) [0x000071df3f5c7700, 0x000071df3f5cac08] Compiler: c1, Barriers: 14, Oops: 0, ImmediateOops: 0, NonImmediateOops: No
[1,731s][debug][gc,nmethod  ] Register NMethod: java.lang.invoke.MethodType.parameterCount (0x000071df5ec23988) [0x000071df5ec23a80, 0x000071df5ec23b60] Compiler: jvmci, Barriers: 1, Oops: 0, ImmediateOops: 0, NonImmediateOops: No
[1,731s][debug][gc,nmethod  ] Register NMethod: java.lang.Class.getReflectionFactory (0x000071df3f5cac88) [0x000071df3f5cad80, 0x000071df3f5caff8] Compiler: c1, Barriers: 4, Oops: 0, ImmediateOops: 4, NonImmediateOops: No
[1,736s][debug][gc,director ] Rule Major: Warmup 10%, Used: 56MB, UsedThreshold: 1228MB
[1,737s][debug][gc,nmethod  ] Register NMethod: sun.net.www.protocol.jar.Handler.canonicalizeString (0x000071df3f5cb008) [0x000071df3f5cb100, 0x000071df3f5cd7b0] Compiler: c1, Barriers: 4, Oops: 1, ImmediateOops: 4, NonImmediateOops: No
[1,737s][debug][gc,nmethod  ] Register NMethod: sun.net.www.protocol.jar.Handler.parseURL (0x000071df3f5cd808) [0x000071df3f5cd900, 0x000071df3f5cf418] Compiler: c1, Barriers: 3, Oops: 0, ImmediateOops: 3, NonImmediateOops: No
[1,737s][debug][gc,nmethod  ] Register NMethod: sun.net.www.protocol.jar.Handler.indexOfBangSlash (0x000071df3f5cf488) [0x000071df3f5cf580, 0x000071df3f5d0e80] Compiler: c1, Barriers: 4, Oops: 1, ImmediateOops: 2, NonImmediateOops: No
[1,737s][debug][gc,nmethod  ] Register NMethod: sun.net.www.protocol.jar.Handler.parseContextSpec (0x000071df3f5d0f08) [0x000071df3f5d1000, 0x000071df3f5d4db0] Compiler: c1, Barriers: 11, Oops: 3, ImmediateOops: 8, NonImmediateOops: No
[1,737s][debug][gc,nmethod  ] Register NMethod: jdk.internal.loader.URLClassPath$JarLoader$1.<init> (0x000071df3f5d4e08) [0x000071df3f5d4f00, 0x000071df3f5d5460] Compiler: c1, Barriers: 15, Oops: 0, ImmediateOops: 0, NonImmediateOops: No
[1,737s][debug][gc,nmethod  ] Register NMethod: java.net.URLStreamHandler.setURL (0x000071df3f5d5488) [0x000071df3f5d5580, 0x000071df3f5d9930] Compiler: c1, Barriers: 5, Oops: 1, ImmediateOops: 2, NonImmediateOops: No
[1,737s][debug][gc,nmethod  ] Register NMethod: jdk.internal.loader.Resource.<init> (0x000071df3f5d9988) [0x000071df3f5d9a80, 0x000071df3f5d9bd8] Compiler: c1, Barriers: 0, Oops: 0, ImmediateOops: 0, NonImmediateOops: No
[1,737s][debug][gc,nmethod  ] Register NMethod: java.lang.ClassLoader.addClass (0x000071df3f5d9c88) [0x000071df3f5d9d80, 0x000071df3f5da580] Compiler: c1, Barriers: 6, Oops: 0, ImmediateOops: 0, NonImmediateOops: No
[1,738s][debug][gc,nmethod  ] Register NMethod: jdk.internal.loader.URLClassPath$JarLoader$1.getCodeSourceURL (0x000071df3f5da588) [0x000071df3f5da680, 0x000071df3f5da7e8] Compiler: c1, Barriers: 2, Oops: 0, ImmediateOops: 0, NonImmediateOops: No
[1,738s][debug][gc,nmethod  ] Register NMethod: jdk.internal.loader.Resource.getBytes (0x000071df3f5da888) [0x000071df3f5da980, 0x000071df3f5dbe70] Compiler: c1, Barriers: 9, Oops: 0, ImmediateOops: 1, NonImmediateOops: No
[1,738s][debug][gc,nmethod  ] Register NMethod: java.util.jar.JavaUtilJarAccessImpl.ensureInitialization (0x000071df3f5dbe88) [0x000071df3f5dbf80, 0x000071df3f5dc280] Compiler: c1, Barriers: 0, Oops: 0, ImmediateOops: 0, NonImmediateOops: No
[1,738s][debug][gc,nmethod  ] Register NMethod: java.util.jar.JarFile.getManifest (0x000071df3f5dc288) [0x000071df3f5dc380, 0x000071df3f5dc4b0] Compiler: c1, Barriers: 0, Oops: 0, ImmediateOops: 0, NonImmediateOops: No
[1,738s][debug][gc,nmethod  ] Register NMethod: jdk.internal.loader.Resource.getByteBuffer (0x000071df3f5dc588) [0x000071df3f5dc680, 0x000071df3f5dd3f8] Compiler: c1, Barriers: 8, Oops: 0, ImmediateOops: 0, NonImmediateOops: No
[1,738s][debug][gc,nmethod  ] Register NMethod: java.util.jar.JarFile.ensureInitialization (0x000071df3f5dd408) [0x000071df3f5dd500, 0x000071df3f5ddcf0] Compiler: c1, Barriers: 4, Oops: 0, ImmediateOops: 0, NonImmediateOops: No
[1,738s][debug][gc,nmethod  ] Register NMethod: java.util.jar.JarFile.getInputStream (0x000071df3f5ddd08) [0x000071df3f5dde00, 0x000071df3f5de750] Compiler: c1, Barriers: 3, Oops: 1, ImmediateOops: 1, NonImmediateOops: No
[1,738s][debug][gc,nmethod  ] Register NMethod: jdk.internal.loader.URLClassPath$JarLoader$1.getManifest (0x000071df3f5de788) [0x000071df3f5de880, 0x000071df3f5df570] Compiler: c1, Barriers: 6, Oops: 1, ImmediateOops: 4, NonImmediateOops: No
[1,738s][debug][gc,nmethod  ] Register NMethod: java.util.zip.CRC32.<init> (0x000071df3f5df588) [0x000071df3f5df680, 0x000071df3f5df7d8] Compiler: c1, Barriers: 0, Oops: 0, ImmediateOops: 0, NonImmediateOops: No
[1,738s][debug][gc,nmethod  ] Register NMethod: jdk.internal.loader.URLClassPath$JarLoader$1.getContentLength (0x000071df3f5df888) [0x000071df3f5df980, 0x000071df3f5dfc98] Compiler: c1, Barriers: 1, Oops: 0, ImmediateOops: 0, NonImmediateOops: No
[1,738s][debug][gc,nmethod  ] Register NMethod: java.lang.invoke.MethodHandle.linkToVirtual (0x000071df5ec23c88) [0x000071df5ec23d80, 0x000071df5ec23da8] Compiler: , Barriers: 0, Oops: 0, ImmediateOops: 0, NonImmediateOops: No
[1,738s][debug][gc,nmethod  ] Register NMethod: java.util.jar.JarFile.getManifestFromReference (0x000071df3f5dfd08) [0x000071df3f5dfe00, 0x000071df3f5e2018] Compiler: c1, Barriers: 23, Oops: 0, ImmediateOops: 4, NonImmediateOops: No
[1,739s][debug][gc,nmethod  ] Register NMethod: java.util.zip.Checksum.update (0x000071df3f5e2088) [0x000071df3f5e2180, 0x000071df3f5e2308] Compiler: c1, Barriers: 0, Oops: 0, ImmediateOops: 0, NonImmediateOops: No
[1,739s][debug][gc,nmethod  ] Register NMethod: jdk.internal.loader.URLClassPath$JarLoader$1.getBytes (0x000071df3f5e2388) [0x000071df3f5e2480, 0x000071df3f5e2d68] Compiler: c1, Barriers: 4, Oops: 0, ImmediateOops: 1, NonImmediateOops: No
[1,739s][debug][gc,nmethod  ] Register NMethod: java.util.zip.CRC32.updateBytesCheck (0x000071df3f5e2d88) [0x000071df3f5e2e80, 0x000071df3f5e31a0] Compiler: c1, Barriers: 0, Oops: 1, ImmediateOops: 1, NonImmediateOops: No
[1,739s][debug][gc,nmethod  ] Register NMethod: java.util.zip.CRC32.updateBytes (0x000071df3f5e3208) [0x000071df3f5e3300, 0x000071df3f5e3698] Compiler: c1, Barriers: 0, Oops: 1, ImmediateOops: 1, NonImmediateOops: No
[1,739s][debug][gc,nmethod  ] Register NMethod: java.lang.ClassLoader.postDefineClass (0x000071df3f5e3708) [0x000071df3f5e3800, 0x000071df3f5e4d00] Compiler: c1, Barriers: 6, Oops: 0, ImmediateOops: 0, NonImmediateOops: No
[1,739s][debug][gc,nmethod  ] Register NMethod: java.util.zip.CRC32.update (0x000071df3f5e4d08) [0x000071df3f5e4e00, 0x000071df3f5e51f8] Compiler: c1, Barriers: 0, Oops: 1, ImmediateOops: 1, NonImmediateOops: No
[1,739s][debug][gc,nmethod  ] Register NMethod: java.util.zip.CRC32.getValue (0x000071df3f5e5208) [0x000071df3f5e5300, 0x000071df3f5e5410] Compiler: c1, Barriers: 0, Oops: 0, ImmediateOops: 0, NonImmediateOops: No
[1,739s][debug][gc,nmethod  ] Register NMethod: java.lang.ClassLoader.getNamedPackage (0x000071df3f5e5508) [0x000071df3f5e5600, 0x000071df3f5e5f88] Compiler: c1, Barriers: 2, Oops: 0, ImmediateOops: 0, NonImmediateOops: No
[1,739s][debug][gc,nmethod  ] Register NMethod: jdk.internal.loader.URLClassPath$JarLoader$1.getCodeSigners (0x000071df3f5e6008) [0x000071df3f5e6100, 0x000071df3f5e6440] Compiler: c1, Barriers: 1, Oops: 0, ImmediateOops: 0, NonImmediateOops: No
[1,739s][debug][gc,nmethod  ] Register NMethod: java.security.SecureClassLoader.defineClass (0x000071df3f5e6488) [0x000071df3f5e6580, 0x000071df3f5e68e8] Compiler: c1, Barriers: 0, Oops: 0, ImmediateOops: 0, NonImmediateOops: No
[1,739s][debug][gc,nmethod  ] Register NMethod: java.security.CodeSource.<init> (0x000071df3f5e6908) [0x000071df3f5e6a00, 0x000071df3f5e7158] Compiler: c1, Barriers: 18, Oops: 0, ImmediateOops: 0, NonImmediateOops: No
[1,739s][debug][gc,nmethod  ] Register NMethod: java.util.jar.JarFile$JarFileEntry.getCodeSigners (0x000071df3f5e7188) [0x000071df3f5e7280, 0x000071df3f5e7a20] Compiler: c1, Barriers: 8, Oops: 0, ImmediateOops: 0, NonImmediateOops: No
[1,739s][debug][gc,nmethod  ] Register NMethod: java.security.SecureClassLoader$1.<init> (0x000071df3f5e7a88) [0x000071df3f5e7b80, 0x000071df3f5e7ea8] Compiler: c1, Barriers: 3, Oops: 0, ImmediateOops: 0, NonImmediateOops: No
[1,739s][debug][gc,nmethod  ] Register NMethod: java.security.SecureClassLoader$CodeSourceKey.<init> (0x000071df3f5e7f08) [0x000071df3f5e8000, 0x000071df3f5e8230] Compiler: c1, Barriers: 3, Oops: 0, ImmediateOops: 0, NonImmediateOops: No
[1,739s][debug][gc,nmethod  ] Register NMethod: java.security.SecureClassLoader.getProtectionDomain (0x000071df3f5e8288) [0x000071df3f5e8380, 0x000071df3f5e8cf8] Compiler: c1, Barriers: 7, Oops: 0, ImmediateOops: 0, NonImmediateOops: No
[1,739s][debug][gc,nmethod  ] Register NMethod: java.security.SecureClassLoader$CodeSourceKey.hashCode (0x000071df3f5e8d08) [0x000071df3f5e8e00, 0x000071df3f5e9098] Compiler: c1, Barriers: 2, Oops: 0, ImmediateOops: 0, NonImmediateOops: No
[1,740s][debug][gc,nmethod  ] Register NMethod: java.lang.reflect.Method.getDeclaringClass (0x000071df5ec23f88) [0x000071df5ec24080, 0x000071df5ec24168] Compiler: c1, Barriers: 1, Oops: 0, ImmediateOops: 0, NonImmediateOops: No
[1,740s][debug][gc,nmethod  ] Register NMethod: java.lang.ClassLoader.defineClassSourceLocation (0x000071df3f5e9108) [0x000071df3f5e9200, 0x000071df3f5e9fc8] Compiler: c1, Barriers: 3, Oops: 0, ImmediateOops: 0, NonImmediateOops: No
[1,740s][debug][gc,nmethod  ] Register NMethod: java.lang.ClassLoader.defineClass (0x000071df3f5ea008) [0x000071df3f5ea100, 0x000071df3f5eb068] Compiler: c1, Barriers: 3, Oops: 0, ImmediateOops: 0, NonImmediateOops: No
[1,740s][debug][gc,nmethod  ] Register NMethod: java.lang.invoke.LambdaForm$Name.type (0x000071df5ec24288) [0x000071df5ec24380, 0x000071df5ec24468] Compiler: c1, Barriers: 1, Oops: 0, ImmediateOops: 0, NonImmediateOops: No
[1,740s][debug][gc,nmethod  ] Register NMethod: java.lang.ClassLoader.checkCerts (0x000071df3f5eb088) [0x000071df3f5eb180, 0x000071df3f5ed750] Compiler: c1, Barriers: 2, Oops: 2, ImmediateOops: 5, NonImmediateOops: No
[1,740s][debug][gc,nmethod  ] Register NMethod: java.lang.ClassLoader.preDefineClass (0x000071df3f5ed788) [0x000071df3f5ed880, 0x000071df3f5f0860] Compiler: c1, Barriers: 3, Oops: 3, ImmediateOops: 6, NonImmediateOops: No
[1,741s][debug][gc,nmethod  ] Register NMethod: java.lang.invoke.MethodHandle.linkToStatic (0x000071df5ec24588) [0x000071df5ec24680, 0x000071df5ec24770] Compiler: , Barriers: 0, Oops: 0, ImmediateOops: 0, NonImmediateOops: No
[1,741s][debug][gc,nmethod  ] Register NMethod: java.lang.invoke.MethodHandle.invokeBasic (0x000071df5ec24888) [0x000071df5ec24980, 0x000071df5ec24c18] Compiler: , Barriers: 0, Oops: 0, ImmediateOops: 0, NonImmediateOops: No
[1,741s][debug][gc,nmethod  ] Register NMethod: java.lang.invoke.MethodHandle.linkToSpecial (0x000071df5ec24c88) [0x000071df5ec24d80, 0x000071df5ec24e78] Compiler: , Barriers: 0, Oops: 0, ImmediateOops: 0, NonImmediateOops: No
[1,741s][debug][gc,nmethod  ] Register NMethod: jdk.internal.classfile.impl.Util.writeAttribute (0x000071df3f5f0888) [0x000071df3f5f0980, 0x000071df3f5f1740] Compiler: c1, Barriers: 0, Oops: 0, ImmediateOops: 0, NonImmediateOops: No
[1,741s][debug][gc,nmethod  ] Register NMethod: java.lang.invoke.MethodHandle.linkToStatic (0x000071df5ec24f88) [0x000071df5ec25080, 0x000071df5ec25170] Compiler: , Barriers: 0, Oops: 0, ImmediateOops: 0, NonImmediateOops: No
[1,742s][debug][gc,nmethod  ] Register NMethod: java.lang.invoke.MethodHandle.invokeBasic (0x000071df5ec25288) [0x000071df5ec25380, 0x000071df5ec25618] Compiler: , Barriers: 0, Oops: 0, ImmediateOops: 0, NonImmediateOops: No
[1,742s][debug][gc,nmethod  ] Register NMethod: java.lang.invoke.MethodHandle.linkToSpecial (0x000071df5ec25688) [0x000071df5ec25780, 0x000071df5ec25878] Compiler: , Barriers: 0, Oops: 0, ImmediateOops: 0, NonImmediateOops: No
[1,742s][debug][gc,nmethod  ] Register NMethod: jdk.internal.classfile.impl.BufWriterImpl.skip (0x000071df3f5f1788) [0x000071df3f5f1880, 0x000071df3f5f1c78] Compiler: c1, Barriers: 1, Oops: 0, ImmediateOops: 0, NonImmediateOops: No
[1,742s][debug][gc,nmethod  ] Register NMethod: java.lang.AbstractStringBuilder.append (0x000071df5ec25988) [0x000071df5ec25a80, 0x000071df5ec26220] Compiler: jvmci, Barriers: 5, Oops: 0, ImmediateOops: 0, NonImmediateOops: No
[1,742s][debug][gc,nmethod  ] Register NMethod: jdk.internal.constant.MethodTypeDescImpl.<init> (0x000071df3f5f1c88) [0x000071df3f5f1d80, 0x000071df3f5f1fc8] Compiler: c1, Barriers: 6, Oops: 0, ImmediateOops: 0, NonImmediateOops: No
[1,742s][debug][gc,nmethod  ] Register NMethod: jdk.internal.classfile.impl.AbstractDirectBuilder.writeAttribute (0x000071df3f5f2008) [0x000071df3f5f2100, 0x000071df3f5f2338] Compiler: c1, Barriers: 2, Oops: 0, ImmediateOops: 0, NonImmediateOops: No
[1,742s][debug][gc,nmethod  ] Register NMethod: jdk.internal.constant.MethodTypeDescImpl.ofValidated (0x000071df3f5f2388) [0x000071df3f5f2480, 0x000071df3f5f29c8] Compiler: c1, Barriers: 12, Oops: 1, ImmediateOops: 1, NonImmediateOops: No
[1,742s][debug][gc,nmethod  ] Register NMethod: jdk.internal.classfile.impl.Util.isAttributeAllowed (0x000071df3f5f2a08) [0x000071df3f5f2b00, 0x000071df3f5f3a48] Compiler: c1, Barriers: 3, Oops: 0, ImmediateOops: 0, NonImmediateOops: No
[1,742s][debug][gc,nmethod  ] Register NMethod: jdk.internal.classfile.impl.BufWriterImpl.patchInt (0x000071df3f5f3a88) [0x000071df3f5f3b80, 0x000071df3f5f3d60] Compiler: c1, Barriers: 1, Oops: 0, ImmediateOops: 0, NonImmediateOops: No
[1,742s][debug][gc,nmethod  ] Register NMethod: java.lang.invoke.MethodHandle.invokeBasic (0x000071df5ec26288) [0x000071df5ec26380, 0x000071df5ec26618] Compiler: , Barriers: 0, Oops: 0, ImmediateOops: 0, NonImmediateOops: No
[1,743s][debug][gc,nmethod  ] Register NMethod: java.lang.invoke.MethodHandle.linkToSpecial (0x000071df5ec26688) [0x000071df5ec26780, 0x000071df5ec26878] Compiler: , Barriers: 0, Oops: 0, ImmediateOops: 0, NonImmediateOops: No
[1,743s][debug][gc,nmethod  ] Register NMethod: jdk.internal.constant.PrimitiveClassDescImpl.descriptorString (0x000071df5ec26988) [0x000071df5ec26a80, 0x000071df5ec26b68] Compiler: c1, Barriers: 1, Oops: 0, ImmediateOops: 0, NonImmediateOops: No
[1,743s][debug][gc,nmethod  ] Register NMethod: java.lang.invoke.LambdaForm$NamedFunction.returnType (0x000071df3f5f3d88) [0x000071df3f5f3e80, 0x000071df3f5f4cf0] Compiler: c1, Barriers: 8, Oops: 0, ImmediateOops: 0, NonImmediateOops: No
[1,743s][debug][gc,nmethod  ] Register NMethod: java.util.Arrays.copyOfRange (0x000071df5ec26c88) [0x000071df5ec26d80, 0x000071df5ec271d0] Compiler: jvmci, Barriers: 0, Oops: 0, ImmediateOops: 0, NonImmediateOops: No
[1,744s][debug][gc,nmethod  ] Register NMethod: java.util.ArrayList.<init> (0x000071df3f5f4d08) [0x000071df3f5f4e00, 0x000071df3f5f5e18] Compiler: c1, Barriers: 6, Oops: 1, ImmediateOops: 3, NonImmediateOops: No
[1,744s][debug][gc,nmethod  ] Register NMethod: java.lang.Math.ceil (0x000071df3f5f5e88) [0x000071df3f5f5f80, 0x000071df3f5f6090] Compiler: c1, Barriers: 0, Oops: 0, ImmediateOops: 0, NonImmediateOops: No
[1,744s][debug][gc,nmethod  ] Register NMethod: java.lang.invoke.LambdaForm.internArgument (0x000071df3f5f6188) [0x000071df3f5f6280, 0x000071df3f5f6830] Compiler: c1, Barriers: 4, Oops: 0, ImmediateOops: 1, NonImmediateOops: No
[1,744s][debug][gc,nmethod  ] Register NMethod: java.lang.Math.getExponent (0x000071df3f5f6888) [0x000071df3f5f6980, 0x000071df3f5f6aa0] Compiler: c1, Barriers: 0, Oops: 0, ImmediateOops: 0, NonImmediateOops: No
[1,744s][debug][gc,nmethod  ] Register NMethod: java.lang.StrictMath.ceil (0x000071df3f5f6b88) [0x000071df3f5f6ca0, 0x000071df3f5f6dc8] Compiler: c1, Barriers: 0, Oops: 0, ImmediateOops: 0, NonImmediateOops: No
[1,744s][debug][gc,nmethod  ] Register NMethod: java.lang.invoke.LambdaForm$Name.replaceNames (0x000071df3f5f6e88) [0x000071df3f5f6f80, 0x000071df3f5f8200] Compiler: c1, Barriers: 10, Oops: 0, ImmediateOops: 0, NonImmediateOops: No
[1,744s][debug][gc,nmethod  ] Register NMethod: jdk.internal.classfile.impl.AbstractPoolEntry$FieldRefEntryImpl.tag (0x000071df5ec27208) [0x000071df5ec27300, 0x000071df5ec273c0] Compiler: c1, Barriers: 0, Oops: 0, ImmediateOops: 0, NonImmediateOops: No
[1,744s][debug][gc,nmethod  ] Register NMethod: sun.invoke.util.VerifyType.isNullConversion (0x000071df3f5f8208) [0x000071df3f5f8300, 0x000071df3f5fbdd0] Compiler: c1, Barriers: 0, Oops: 0, ImmediateOops: 5, NonImmediateOops: No
[1,744s][debug][gc,nmethod  ] Register NMethod: jdk.internal.classfile.impl.BufWriterImpl.writeInt (0x000071df3f5fbe08) [0x000071df3f5fbf00, 0x000071df3f5fc3c8] Compiler: c1, Barriers: 2, Oops: 0, ImmediateOops: 0, NonImmediateOops: No
[1,744s][debug][gc,nmethod  ] Register NMethod: java.lang.StrictMath.floorOrCeil (0x000071df3f5fc408) [0x000071df3f5fc500, 0x000071df3f5fc930] Compiler: c1, Barriers: 0, Oops: 0, ImmediateOops: 0, NonImmediateOops: No
[1,745s][debug][gc,nmethod  ] Register NMethod: worker.org.gradle.internal.classloader.FilteringClassLoader$TrieSet.contains (0x000071df3f5fc988) [0x000071df3f5fca80, 0x000071df3f5fcdc8] Compiler: c1, Barriers: 1, Oops: 1, ImmediateOops: 0, NonImmediateOops: No
[1,745s][debug][gc,nmethod  ] Register NMethod: java.util.jar.JavaUtilJarAccessImpl.getTrustedAttributes (0x000071df3f5fce08) [0x000071df3f5fcf00, 0x000071df3f5fd058] Compiler: c1, Barriers: 0, Oops: 0, ImmediateOops: 0, NonImmediateOops: No
[1,745s][debug][gc,nmethod  ] Register NMethod: java.util.jar.Manifest.getAttributes (0x000071df3f5fd108) [0x000071df3f5fd200, 0x000071df3f5fd768] Compiler: c1, Barriers: 1, Oops: 0, ImmediateOops: 0, NonImmediateOops: No
[1,745s][debug][gc,nmethod  ] Register NMethod: jdk.internal.perf.PerfCounter.getReadClassBytesTime (0x000071df3f5fd788) [0x000071df3f5fd880, 0x000071df3f5fd968] Compiler: c1, Barriers: 0, Oops: 0, ImmediateOops: 1, NonImmediateOops: No
[1,746s][debug][gc,nmethod  ] Register NMethod: java.util.jar.Manifest.getTrustedAttributes (0x000071df3f5fda88) [0x000071df3f5fdb80, 0x000071df3f5fee80] Compiler: c1, Barriers: 2, Oops: 1, ImmediateOops: 2, NonImmediateOops: No
[1,746s][debug][gc,nmethod  ] Register NMethod: java.net.URLClassLoader.getAndVerifyPackage (0x000071df3f5fef08) [0x000071df3f5ff000, 0x000071df3f601b58] Compiler: c1, Barriers: 4, Oops: 4, ImmediateOops: 6, NonImmediateOops: No
[1,746s][debug][gc,nmethod  ] Register NMethod: java.net.URLClassLoader.findClass (0x000071df3f601b88) [0x000071df3f601c80, 0x000071df3f6048a0] Compiler: c1, Barriers: 7, Oops: 1, ImmediateOops: 8, NonImmediateOops: No
[1,746s][debug][gc,director ] Rule Major: Warmup 10%, Used: 60MB, UsedThreshold: 1228MB
[1,746s][debug][gc,nmethod  ] Register NMethod: java.net.URLClassLoader.defineClass (0x000071df3f604908) [0x000071df3f604a00, 0x000071df3f609298] Compiler: c1, Barriers: 19, Oops: 2, ImmediateOops: 8, NonImmediateOops: No
[1,747s][debug][gc,nmethod  ] Register NMethod: java.lang.reflect.AccessibleObject.<init> (0x000071df3f609308) [0x000071df3f609400, 0x000071df3f609558] Compiler: c1, Barriers: 0, Oops: 0, ImmediateOops: 0, NonImmediateOops: No
[1,747s][debug][gc,nmethod  ] Register NMethod: jdk.internal.classfile.impl.SplitConstantPool.map (0x000071df5ec27508) [0x000071df5ec27620, 0x000071df5ec27ab0] Compiler: jvmci, Barriers: 6, Oops: 1, ImmediateOops: 0, NonImmediateOops: No
[1,748s][debug][gc,nmethod  ] Register NMethod: java.util.Collections$1.hasNext (0x000071df5ec27b08) [0x000071df5ec27c00, 0x000071df5ec27cc0] Compiler: c1, Barriers: 0, Oops: 0, ImmediateOops: 0, NonImmediateOops: No
[1,748s][debug][gc,nmethod  ] Register NMethod: java.util.HashMap.resize (0x000071df3f609608) [0x000071df3f609720, 0x000071df3f60b400] Compiler: c1, Barriers: 31, Oops: 0, ImmediateOops: 0, NonImmediateOops: No
[1,748s][debug][gc,nmethod  ] Register NMethod: java.security.SecureClassLoader$CodeSourceKey.equals (0x000071df3f60b408) [0x000071df3f60b500, 0x000071df3f60be58] Compiler: c1, Barriers: 6, Oops: 0, ImmediateOops: 0, NonImmediateOops: No
[1,748s][debug][gc,nmethod  ] Register NMethod: java.security.CodeSource.matchCerts (0x000071df3f60be88) [0x000071df3f60bf80, 0x000071df3f60ce30] Compiler: c1, Barriers: 17, Oops: 0, ImmediateOops: 0, NonImmediateOops: No
[1,749s][debug][gc,nmethod  ] Register NMethod: jdk.internal.loader.URLClassPath$JarLoader.createResource (0x000071df3f60ce88) [0x000071df3f60cf80, 0x000071df3f60daa0] Compiler: c1, Barriers: 2, Oops: 0, ImmediateOops: 0, NonImmediateOops: No
[1,751s][debug][gc,nmethod  ] Register NMethod: jdk.internal.access.SharedSecrets.getJavaLangAccess (0x000071df3f60db08) [0x000071df3f60dc00, 0x000071df3f60dd28] Compiler: c1, Barriers: 1, Oops: 0, ImmediateOops: 1, NonImmediateOops: No
[1,752s][debug][gc,nmethod  ] Register NMethod: java.lang.invoke.MemberName$Factory.resolveOrFail (0x000071df3f60de08) [0x000071df3f60df00, 0x000071df3f60eee8] Compiler: c1, Barriers: 1, Oops: 0, ImmediateOops: 0, NonImmediateOops: No
[1,752s][debug][gc,nmethod  ] Register NMethod: java.lang.invoke.MethodType.rtype (0x000071df5ec27e08) [0x000071df5ec27f00, 0x000071df5ec27fe8] Compiler: c1, Barriers: 1, Oops: 0, ImmediateOops: 0, NonImmediateOops: No
[1,755s][debug][gc,nmethod  ] Register NMethod: java.lang.invoke.VarHandleByteArrayAsShorts$ArrayHandle.index (0x000071df3f60ef08) [0x000071df3f60f000, 0x000071df3f60f138] Compiler: c1, Barriers: 0, Oops: 1, ImmediateOops: 1, NonImmediateOops: No
[1,755s][debug][gc,nmethod  ] Register NMethod: java.io.BufferedInputStream.getBufIfOpen (0x000071df3f60f208) [0x000071df3f60f300, 0x000071df3f60f718] Compiler: c1, Barriers: 7, Oops: 0, ImmediateOops: 3, NonImmediateOops: No
[1,755s][debug][gc,nmethod  ] Register NMethod: java.io.BufferedInputStream.ensureOpen (0x000071df3f60f788) [0x000071df3f60f880, 0x000071df3f60fac0] Compiler: c1, Barriers: 1, Oops: 0, ImmediateOops: 1, NonImmediateOops: No
[1,755s][debug][gc,nmethod  ] Register NMethod: java.io.DataInputStream.readFully (0x000071df3f60fb08) [0x000071df3f60fc00, 0x000071df3f6102b0] Compiler: c1, Barriers: 1, Oops: 0, ImmediateOops: 0, NonImmediateOops: No
[1,755s][debug][gc,nmethod  ] Register NMethod: java.lang.invoke.VarHandleByteArrayAsShorts$ArrayHandle.get (0x000071df3f610308) [0x000071df3f610400, 0x000071df3f610bb0] Compiler: c1, Barriers: 0, Oops: 2, ImmediateOops: 2, NonImmediateOops: No
[1,755s][debug][gc,nmethod  ] Register NMethod: java.io.DataInputStream.readUTF (0x000071df3f610c08) [0x000071df3f610d00, 0x000071df3f610e30] Compiler: c1, Barriers: 0, Oops: 0, ImmediateOops: 0, NonImmediateOops: No
[1,755s][debug][gc,nmethod  ] Register NMethod: java.io.BufferedInputStream.read (0x000071df3f610f08) [0x000071df3f611000, 0x000071df3f611b38] Compiler: c1, Barriers: 2, Oops: 0, ImmediateOops: 1, NonImmediateOops: No
[1,755s][debug][gc,nmethod  ] Register NMethod: java.lang.System$1.uncheckedNewStringNoRepl (0x000071df3f611b88) [0x000071df3f611c80, 0x000071df3f611db8] Compiler: c1, Barriers: 0, Oops: 0, ImmediateOops: 0, NonImmediateOops: No
[1,755s][debug][gc,nmethod  ] Register NMethod: java.io.BufferedInputStream.read1 (0x000071df3f611e88) [0x000071df3f611f80, 0x000071df3f612850] Compiler: c1, Barriers: 1, Oops: 0, ImmediateOops: 1, NonImmediateOops: No
[1,755s][debug][gc,nmethod  ] Register NMethod: java.io.DataInputStream.readUnsignedShort (0x000071df3f612888) [0x000071df3f612980, 0x000071df3f6135d8] Compiler: c1, Barriers: 2, Oops: 5, ImmediateOops: 4, NonImmediateOops: No
[1,755s][debug][gc,nmethod  ] Register NMethod: jdk.internal.util.ByteArray.getUnsignedShort (0x000071df3f613608) [0x000071df3f613700, 0x000071df3f614070] Compiler: c1, Barriers: 0, Oops: 5, ImmediateOops: 4, NonImmediateOops: No
[1,756s][debug][gc,nmethod  ] Register NMethod: java.lang.String.newStringNoRepl (0x000071df3f614108) [0x000071df3f614200, 0x000071df3f614e80] Compiler: c1, Barriers: 1, Oops: 0, ImmediateOops: 0, NonImmediateOops: No
[1,756s][debug][gc,nmethod  ] Register NMethod: java.io.DataInputStream.readFully (0x000071df3f614e88) [0x000071df3f614f80, 0x000071df3f615288] Compiler: c1, Barriers: 0, Oops: 0, ImmediateOops: 0, NonImmediateOops: No
[1,756s][debug][gc,nmethod  ] Register NMethod: jdk.internal.util.ByteArray.getShort (0x000071df3f615308) [0x000071df3f615400, 0x000071df3f615d10] Compiler: c1, Barriers: 0, Oops: 5, ImmediateOops: 4, NonImmediateOops: No
[1,756s][debug][gc,nmethod  ] Register NMethod: java.io.DataInputStream.readShort (0x000071df3f615d88) [0x000071df3f615e80, 0x000071df3f616a80] Compiler: c1, Barriers: 2, Oops: 5, ImmediateOops: 4, NonImmediateOops: No
[1,756s][debug][gc,nmethod  ] Register NMethod: java.io.DataInputStream.readUTF (0x000071df3f616b08) [0x000071df3f616c00, 0x000071df3f61b030] Compiler: c1, Barriers: 9, Oops: 2, ImmediateOops: 13, NonImmediateOops: No
[1,756s][debug][gc,nmethod  ] Register NMethod: java.lang.String.newStringNoRepl1 (0x000071df3f61b088) [0x000071df3f61b180, 0x000071df3f61cc10] Compiler: c1, Barriers: 12, Oops: 0, ImmediateOops: 4, NonImmediateOops: No
[1,756s][debug][gc,nmethod  ] Register NMethod: java.lang.System$1.uncheckedCountPositives (0x000071df5ec28108) [0x000071df5ec28200, 0x000071df5ec28308] Compiler: jvmci, Barriers: 0, Oops: 0, ImmediateOops: 0, NonImmediateOops: No
[1,756s][debug][gc,director ] Rule Major: Warmup 10%, Used: 60MB, UsedThreshold: 1228MB
[1,756s][debug][gc,nmethod  ] Register NMethod: java.io.ByteArrayInputStream.read (0x000071df3f61cc88) [0x000071df3f61cd80, 0x000071df3f61d088] Compiler: c1, Barriers: 1, Oops: 0, ImmediateOops: 0, NonImmediateOops: No
[1,756s][debug][gc,nmethod  ] Register NMethod: java.io.DataInputStream.readUnsignedByte (0x000071df3f61d108) [0x000071df3f61d200, 0x000071df3f61d640] Compiler: c1, Barriers: 1, Oops: 0, ImmediateOops: 0, NonImmediateOops: No
[1,757s][debug][gc,nmethod  ] Register NMethod: java.io.DataInputStream.readByte (0x000071df3f61d688) [0x000071df3f61d780, 0x000071df3f61ddd8] Compiler: c1, Barriers: 1, Oops: 0, ImmediateOops: 0, NonImmediateOops: No
[1,757s][debug][gc,nmethod  ] Register NMethod: sun.util.calendar.ZoneInfoFile.indexOf (0x000071df3f61de08) [0x000071df3f61df00, 0x000071df3f61e128] Compiler: c1, Barriers: 0, Oops: 0, ImmediateOops: 0, NonImmediateOops: No
[1,757s][debug][gc,nmethod  ] Register NMethod: java.util.zip.Checksum.update (0x000071df3f61e188) [0x000071df3f61e280, 0x000071df3f61e5b8] Compiler: c1, Barriers: 0, Oops: 0, ImmediateOops: 0, NonImmediateOops: No
[1,757s][debug][gc,nmethod  ] Register NMethod: sun.util.calendar.ZoneInfoFile.addTrans (0x000071df3f61e608) [0x000071df3f61e700, 0x000071df3f61ebf0] Compiler: c1, Barriers: 0, Oops: 0, ImmediateOops: 0, NonImmediateOops: No
[1,757s][debug][gc,nmethod  ] Register NMethod: sun.util.calendar.ZoneInfoFile$Checksum.update (0x000071df3f61ec08) [0x000071df3f61ed00, 0x000071df3f61f2c8] Compiler: c1, Barriers: 0, Oops: 0, ImmediateOops: 0, NonImmediateOops: No
[1,757s][debug][gc,nmethod  ] Register NMethod: sun.util.calendar.ZoneInfoFile$Checksum.update (0x000071df3f61f308) [0x000071df3f61f400, 0x000071df3f61fa20] Compiler: c1, Barriers: 0, Oops: 0, ImmediateOops: 0, NonImmediateOops: No
[1,759s][debug][gc,nmethod  ] Register NMethod: java.io.BufferedInputStream.getBufIfOpen (0x000071df5ec28408) [0x000071df5ec28500, 0x000071df5ec28838] Compiler: jvmci, Barriers: 6, Oops: 0, ImmediateOops: 1, NonImmediateOops: No
[1,760s][debug][gc,nmethod  ] Register NMethod: sun.util.locale.LocaleUtils.isUpper (0x000071df3f61fa88) [0x000071df3f61fb80, 0x000071df3f61fcd8] Compiler: c1, Barriers: 0, Oops: 0, ImmediateOops: 0, NonImmediateOops: No
[1,761s][debug][gc,nmethod  ] Register NMethod: jdk.internal.util.ReferencedKeyMap.internKey (0x000071df3f567088) [0x000071df3f567180, 0x000071df3f568928] Compiler: c1, Barriers: 5, Oops: 0, ImmediateOops: 0, NonImmediateOops: No
[1,761s][debug][gc,nmethod  ] Register NMethod: jdk.internal.util.ReferencedKeyMap.entryKey (0x000071df3f551c88) [0x000071df3f551d80, 0x000071df3f552598] Compiler: c1, Barriers: 8, Oops: 0, ImmediateOops: 1, NonImmediateOops: No
[1,761s][debug][gc,nmethod  ] Register NMethod: jdk.internal.util.ReferencedKeySet.intern (0x000071df3f61fd88) [0x000071df3f61fe80, 0x000071df3f6200b8] Compiler: c1, Barriers: 1, Oops: 0, ImmediateOops: 0, NonImmediateOops: No
[1,762s][debug][gc,nmethod  ] Register NMethod: jdk.internal.util.ReferencedKeyMap.intern (0x000071df3f620108) [0x000071df3f620200, 0x000071df3f621aa0] Compiler: c1, Barriers: 9, Oops: 1, ImmediateOops: 0, NonImmediateOops: No
[1,764s][debug][gc,nmethod  ] Register NMethod: java.lang.invoke.MethodHandle.linkToStatic (0x000071df5ec28888) [0x000071df5ec28980, 0x000071df5ec28a70] Compiler: , Barriers: 0, Oops: 0, ImmediateOops: 0, NonImmediateOops: No
[1,764s][debug][gc,nmethod  ] Register NMethod: java.lang.invoke.MethodType.insertParameterTypes (0x000071df3f621b08) [0x000071df3f621c00, 0x000071df3f623678] Compiler: c1, Barriers: 6, Oops: 1, ImmediateOops: 3, NonImmediateOops: No
[1,764s][debug][gc,nmethod  ] Register NMethod: java.lang.invoke.MethodHandle.linkToSpecial (0x000071df5ec28b88) [0x000071df5ec28c80, 0x000071df5ec28d78] Compiler: , Barriers: 0, Oops: 0, ImmediateOops: 0, NonImmediateOops: No
[1,764s][debug][gc,nmethod  ] Register NMethod: java.lang.invoke.MethodHandle.invokeBasic (0x000071df5ec28e88) [0x000071df5ec28f80, 0x000071df5ec29218] Compiler: , Barriers: 0, Oops: 0, ImmediateOops: 0, NonImmediateOops: No
[1,765s][debug][gc,nmethod  ] Register NMethod: java.lang.invoke.MethodHandle.linkToSpecial (0x000071df5ec29288) [0x000071df5ec29380, 0x000071df5ec29478] Compiler: , Barriers: 0, Oops: 0, ImmediateOops: 0, NonImmediateOops: No
[1,765s][debug][gc,nmethod  ] Register NMethod: java.lang.invoke.MemberName.<init> (0x000071df3f623688) [0x000071df3f623780, 0x000071df3f623e00] Compiler: c1, Barriers: 0, Oops: 0, ImmediateOops: 1, NonImmediateOops: No
[1,766s][debug][gc,nmethod  ] Register NMethod: java.util.regex.Pattern.lambda$Single$0 (0x000071df3f623e08) [0x000071df3f623f00, 0x000071df3f624030] Compiler: c1, Barriers: 0, Oops: 0, ImmediateOops: 0, NonImmediateOops: No
[1,766s][debug][gc,nmethod  ] Register NMethod: java.util.regex.Pattern$$Lambda/0x00000000ae0b27a0.is (0x000071df3f624108) [0x000071df3f624200, 0x000071df3f6243b0] Compiler: c1, Barriers: 0, Oops: 0, ImmediateOops: 0, NonImmediateOops: No
[1,766s][debug][gc,nmethod  ] Register NMethod: java.util.regex.Matcher.hasMatch (0x000071df3f624408) [0x000071df3f624500, 0x000071df3f624650] Compiler: c1, Barriers: 0, Oops: 0, ImmediateOops: 0, NonImmediateOops: No
[1,766s][debug][gc,nmethod  ] Register NMethod: java.util.regex.Matcher.checkMatch (0x000071df3f624708) [0x000071df3f624800, 0x000071df3f624c70] Compiler: c1, Barriers: 0, Oops: 0, ImmediateOops: 1, NonImmediateOops: No
[1,766s][debug][gc,nmethod  ] Register NMethod: java.util.regex.Pattern$BmpCharPropertyGreedy.match (0x000071df3f624c88) [0x000071df3f624d80, 0x000071df3f6256f0] Compiler: c1, Barriers: 2, Oops: 0, ImmediateOops: 0, NonImmediateOops: No
[1,766s][debug][gc,nmethod  ] Register NMethod: java.util.regex.Matcher.find (0x000071df3f625708) [0x000071df3f625800, 0x000071df3f625c98] Compiler: c1, Barriers: 1, Oops: 0, ImmediateOops: 0, NonImmediateOops: No
[1,766s][debug][gc,nmethod  ] Register NMethod: java.util.regex.Matcher.start (0x000071df3f625d08) [0x000071df3f625e00, 0x000071df3f6262d8] Compiler: c1, Barriers: 0, Oops: 0, ImmediateOops: 1, NonImmediateOops: No
[1,766s][debug][gc,nmethod  ] Register NMethod: java.util.regex.Matcher.end (0x000071df3f626308) [0x000071df3f626400, 0x000071df3f6268d8] Compiler: c1, Barriers: 0, Oops: 0, ImmediateOops: 1, NonImmediateOops: No
[1,766s][debug][gc,nmethod  ] Register NMethod: java.util.regex.Pattern$LastNode.match (0x000071df3f626908) [0x000071df3f626a00, 0x000071df3f626c10] Compiler: c1, Barriers: 1, Oops: 0, ImmediateOops: 0, NonImmediateOops: No
[1,766s][debug][gc,nmethod  ] Register NMethod: java.util.regex.Pattern$Start.match (0x000071df3f626c88) [0x000071df3f626d80, 0x000071df3f6272e0] Compiler: c1, Barriers: 2, Oops: 0, ImmediateOops: 0, NonImmediateOops: No
[1,766s][debug][gc,director ] Rule Major: Warmup 10%, Used: 60MB, UsedThreshold: 1228MB
[1,766s][debug][gc,nmethod  ] Register NMethod: java.util.regex.Matcher.search (0x000071df3f627308) [0x000071df3f627400, 0x000071df3f627cd0] Compiler: c1, Barriers: 6, Oops: 0, ImmediateOops: 0, NonImmediateOops: No
[1,766s][debug][gc,nmethod  ] Register NMethod: java.lang.String.subSequence (0x000071df3f627d08) [0x000071df3f627e00, 0x000071df3f6280f8] Compiler: c1, Barriers: 0, Oops: 0, ImmediateOops: 0, NonImmediateOops: No
[1,767s][debug][gc,nmethod  ] Register NMethod: java.lang.String.toString (0x000071df5ec29588) [0x000071df5ec29680, 0x000071df5ec29708] Compiler: jvmci, Barriers: 0, Oops: 0, ImmediateOops: 0, NonImmediateOops: No
[1,770s][debug][gc,nmethod  ] Register NMethod: java.util.regex.Pattern$BmpCharPropertyGreedy.match (0x000071df5ec29888) [0x000071df5ec29980, 0x000071df5ec29d50] Compiler: jvmci, Barriers: 4, Oops: 0, ImmediateOops: 0, NonImmediateOops: No
[1,770s][debug][gc,nmethod  ] Register NMethod: jdk.internal.classfile.impl.StackMapGenerator$Frame.pushStack (0x000071df3f628108) [0x000071df3f628200, 0x000071df3f628d20] Compiler: c1, Barriers: 0, Oops: 0, ImmediateOops: 10, NonImmediateOops: No
[1,771s][debug][gc,nmethod  ] Register NMethod: java.lang.invoke.MemberName.getType (0x000071df3f628d88) [0x000071df3f628e80, 0x000071df3f629688] Compiler: c1, Barriers: 0, Oops: 0, ImmediateOops: 0, NonImmediateOops: No
[1,771s][debug][gc,nmethod  ] Register NMethod: jdk.internal.classfile.impl.UnboundAttribute.<init> (0x000071df3f629708) [0x000071df3f629800, 0x000071df3f629a30] Compiler: c1, Barriers: 3, Oops: 0, ImmediateOops: 0, NonImmediateOops: No
[1,772s][debug][gc,nmethod  ] Register NMethod: sun.util.locale.StringTokenIterator.isDone (0x000071df5ec29d88) [0x000071df5ec29e80, 0x000071df5ec29f40] Compiler: c1, Barriers: 0, Oops: 0, ImmediateOops: 0, NonImmediateOops: No
[1,772s][debug][gc,nmethod  ] Register NMethod: sun.util.locale.LocaleUtils.toLower (0x000071df3f629a88) [0x000071df3f629b80, 0x000071df3f629d80] Compiler: c1, Barriers: 0, Oops: 0, ImmediateOops: 0, NonImmediateOops: No
[1,772s][debug][gc,nmethod  ] Register NMethod: java.text.ParsePosition.getErrorIndex (0x000071df5ec2a088) [0x000071df5ec2a180, 0x000071df5ec2a240] Compiler: c1, Barriers: 0, Oops: 0, ImmediateOops: 0, NonImmediateOops: No
[1,772s][debug][gc,nmethod  ] Register NMethod: sun.util.locale.StringTokenIterator.current (0x000071df5ec2a388) [0x000071df5ec2a480, 0x000071df5ec2a568] Compiler: c1, Barriers: 1, Oops: 0, ImmediateOops: 0, NonImmediateOops: No
[1,773s][debug][gc,nmethod  ] Register NMethod: java.util.Collections$EmptyList.isEmpty (0x000071df5ec2a688) [0x000071df5ec2a780, 0x000071df5ec2a840] Compiler: c1, Barriers: 0, Oops: 0, ImmediateOops: 0, NonImmediateOops: No
[1,773s][debug][gc,nmethod  ] Register NMethod: sun.util.locale.LocaleUtils.isAlpha (0x000071df3f629d88) [0x000071df3f629e80, 0x000071df3f62a030] Compiler: c1, Barriers: 0, Oops: 0, ImmediateOops: 0, NonImmediateOops: No
[1,773s][debug][gc,nmethod  ] Register NMethod: sun.util.locale.StringTokenIterator.currentEnd (0x000071df5ec2a988) [0x000071df5ec2aa80, 0x000071df5ec2ab40] Compiler: c1, Barriers: 0, Oops: 0, ImmediateOops: 0, NonImmediateOops: No
[1,773s][debug][gc,nmethod  ] Register NMethod: java.text.ParsePosition.setIndex (0x000071df5ec2ac88) [0x000071df5ec2ad80, 0x000071df5ec2ae40] Compiler: c1, Barriers: 0, Oops: 0, ImmediateOops: 0, NonImmediateOops: No
[1,773s][debug][gc,nmethod  ] Register NMethod: java.util.stream.ReferencePipeline$3$1.accept (0x000071df3f62a088) [0x000071df3f62a180, 0x000071df3f62a708] Compiler: c1, Barriers: 2, Oops: 0, ImmediateOops: 0, NonImmediateOops: No
[1,773s][debug][gc,nmethod  ] Register NMethod: jdk.internal.util.SoftReferenceKey.hashCode (0x000071df5ec2af88) [0x000071df5ec2b080, 0x000071df5ec2b140] Compiler: c1, Barriers: 0, Oops: 0, ImmediateOops: 0, NonImmediateOops: No
[1,774s][debug][gc,nmethod  ] Register NMethod: sun.util.locale.BaseLocale.hashCode (0x000071df3f62a788) [0x000071df3f62a880, 0x000071df3f62e708] Compiler: c1, Barriers: 20, Oops: 1, ImmediateOops: 8, NonImmediateOops: No
[1,774s][debug][gc,nmethod  ] Register NMethod: java.lang.ref.SoftReference.<init> (0x000071df3f62e788) [0x000071df3f62e880, 0x000071df3f62eb88] Compiler: c1, Barriers: 6, Oops: 0, ImmediateOops: 2, NonImmediateOops: No
[1,775s][debug][gc,nmethod  ] Register NMethod: sun.util.locale.StringTokenIterator.hasNext (0x000071df3f62ec08) [0x000071df3f62ed00, 0x000071df3f62f328] Compiler: c1, Barriers: 2, Oops: 0, ImmediateOops: 0, NonImmediateOops: No
[1,775s][debug][gc,nmethod  ] Register NMethod: sun.util.locale.LocaleUtils.isLower (0x000071df3f62f388) [0x000071df3f62f480, 0x000071df3f62f5d8] Compiler: c1, Barriers: 0, Oops: 0, ImmediateOops: 0, NonImmediateOops: No
[1,775s][debug][gc,nmethod  ] Register NMethod: sun.util.locale.StringTokenIterator.next (0x000071df3f62f688) [0x000071df3f62f780, 0x000071df3f630208] Compiler: c1, Barriers: 10, Oops: 0, ImmediateOops: 0, NonImmediateOops: No
[1,775s][debug][gc,nmethod  ] Register NMethod: sun.util.locale.LocaleUtils.isAlphaString (0x000071df3f630288) [0x000071df3f630380, 0x000071df3f631368] Compiler: c1, Barriers: 3, Oops: 1, ImmediateOops: 2, NonImmediateOops: No
[1,775s][debug][gc,nmethod  ] Register NMethod: sun.util.locale.InternalLocaleBuilder.clearExtensions (0x000071df3f631388) [0x000071df3f631480, 0x000071df3f631cd8] Compiler: c1, Barriers: 3, Oops: 0, ImmediateOops: 0, NonImmediateOops: No
[1,775s][debug][gc,nmethod  ] Register NMethod: sun.util.locale.BaseLocale.getVariant (0x000071df5ec2b288) [0x000071df5ec2b380, 0x000071df5ec2b468] Compiler: c1, Barriers: 1, Oops: 0, ImmediateOops: 0, NonImmediateOops: No
[1,775s][debug][gc,nmethod  ] Register NMethod: sun.util.locale.LanguageTag.extlangs (0x000071df5ec2b588) [0x000071df5ec2b680, 0x000071df5ec2b768] Compiler: c1, Barriers: 1, Oops: 0, ImmediateOops: 0, NonImmediateOops: No
[1,775s][debug][gc,nmethod  ] Register NMethod: sun.util.locale.LocaleUtils.isEmpty (0x000071df3f631d08) [0x000071df3f631e00, 0x000071df3f632160] Compiler: c1, Barriers: 0, Oops: 0, ImmediateOops: 0, NonImmediateOops: No
[1,775s][debug][gc,nmethod  ] Register NMethod: sun.util.locale.LanguageTag.language (0x000071df5ec2b888) [0x000071df5ec2b980, 0x000071df5ec2ba68] Compiler: c1, Barriers: 1, Oops: 0, ImmediateOops: 0, NonImmediateOops: No
[1,775s][debug][gc,nmethod  ] Register NMethod: sun.util.locale.LanguageTag.script (0x000071df5ec2bb88) [0x000071df5ec2bc80, 0x000071df5ec2bd68] Compiler: c1, Barriers: 1, Oops: 0, ImmediateOops: 0, NonImmediateOops: No
[1,775s][debug][gc,nmethod  ] Register NMethod: sun.util.locale.LanguageTag.region (0x000071df5ec2be88) [0x000071df5ec2bf80, 0x000071df5ec2c068] Compiler: c1, Barriers: 1, Oops: 0, ImmediateOops: 0, NonImmediateOops: No
[1,775s][debug][gc,nmethod  ] Register NMethod: sun.util.locale.LanguageTag.variants (0x000071df5ec2c188) [0x000071df5ec2c280, 0x000071df5ec2c368] Compiler: c1, Barriers: 1, Oops: 0, ImmediateOops: 0, NonImmediateOops: No
[1,775s][debug][gc,nmethod  ] Register NMethod: sun.util.locale.LanguageTag.privateuse (0x000071df5ec2c488) [0x000071df5ec2c580, 0x000071df5ec2c668] Compiler: c1, Barriers: 1, Oops: 0, ImmediateOops: 0, NonImmediateOops: No
[1,775s][debug][gc,nmethod  ] Register NMethod: sun.util.locale.LocaleUtils.toLowerString (0x000071df3f632188) [0x000071df3f632280, 0x000071df3f633e20] Compiler: c1, Barriers: 5, Oops: 1, ImmediateOops: 4, NonImmediateOops: No
[1,775s][debug][gc,nmethod  ] Register NMethod: sun.util.locale.LanguageTag.extensions (0x000071df5ec2c788) [0x000071df5ec2c880, 0x000071df5ec2c968] Compiler: c1, Barriers: 1, Oops: 0, ImmediateOops: 0, NonImmediateOops: No
[1,775s][debug][gc,nmethod  ] Register NMethod: jdk.internal.util.SoftReferenceKey.<init> (0x000071df3f633e88) [0x000071df3f633f80, 0x000071df3f634598] Compiler: c1, Barriers: 6, Oops: 0, ImmediateOops: 2, NonImmediateOops: No
[1,775s][debug][gc,nmethod  ] Register NMethod: sun.util.locale.StringTokenIterator.nextDelimiter (0x000071df3f634608) [0x000071df3f634700, 0x000071df3f636e58] Compiler: c1, Barriers: 13, Oops: 1, ImmediateOops: 6, NonImmediateOops: No
[1,775s][debug][gc,nmethod  ] Register NMethod: java.lang.String.<init> (0x000071df3f636e88) [0x000071df3f636f80, 0x000071df3f637558] Compiler: c1, Barriers: 6, Oops: 0, ImmediateOops: 1, NonImmediateOops: No
[1,776s][debug][gc,nmethod  ] Register NMethod: java.lang.StringUTF16.coderFromArrayLen (0x000071df3f637588) [0x000071df3f637680, 0x000071df3f637778] Compiler: c1, Barriers: 0, Oops: 0, ImmediateOops: 0, NonImmediateOops: No
[1,776s][debug][gc,nmethod  ] Register NMethod: java.lang.StringUTF16.compress (0x000071df3f637888) [0x000071df3f637980, 0x000071df3f637cc8] Compiler: c1, Barriers: 0, Oops: 0, ImmediateOops: 0, NonImmediateOops: No
[1,776s][debug][gc,nmethod  ] Register NMethod: java.util.ImmutableCollections$SetN.probe (0x000071df5ec2ca88) [0x000071df5ec2cb80, 0x000071df5ec2d2d0] Compiler: jvmci, Barriers: 7, Oops: 0, ImmediateOops: 0, NonImmediateOops: No
[1,776s][debug][gc,nmethod  ] Register NMethod: sun.util.locale.BaseLocale.getInstance (0x000071df3f637d08) [0x000071df3f637e00, 0x000071df3f639fd0] Compiler: c1, Barriers: 19, Oops: 2, ImmediateOops: 6, NonImmediateOops: No
[1,776s][debug][gc,director ] Rule Major: Warmup 10%, Used: 60MB, UsedThreshold: 1228MB
[1,777s][debug][gc,nmethod  ] Register NMethod: java.util.stream.Nodes$SpinedNodeBuilder.accept (0x000071df3f63a008) [0x000071df3f63a100, 0x000071df3f63a240] Compiler: c1, Barriers: 0, Oops: 0, ImmediateOops: 0, NonImmediateOops: No
[1,777s][debug][gc,nmethod  ] Register NMethod: java.util.Objects.requireNonNull (0x000071df5ec2d308) [0x000071df5ec2d400, 0x000071df5ec2d498] Compiler: jvmci, Barriers: 0, Oops: 0, ImmediateOops: 0, NonImmediateOops: No
[1,777s][debug][gc,nmethod  ] Register NMethod: java.util.stream.SpinedBuffer.accept (0x000071df3f63a308) [0x000071df3f63a400, 0x000071df3f63b1f0] Compiler: c1, Barriers: 22, Oops: 0, ImmediateOops: 0, NonImmediateOops: No
[1,777s][debug][gc,nmethod  ] Register NMethod: java.util.Locale.<init> (0x000071df3f63b208) [0x000071df3f63b300, 0x000071df3f63b548] Compiler: c1, Barriers: 6, Oops: 0, ImmediateOops: 0, NonImmediateOops: No
[1,777s][debug][gc,nmethod  ] Register NMethod: java.lang.String.isEmpty (0x000071df5ec2d608) [0x000071df5ec2d700, 0x000071df5ec2d7e8] Compiler: jvmci, Barriers: 1, Oops: 0, ImmediateOops: 0, NonImmediateOops: No
[1,777s][debug][gc,nmethod  ] Register NMethod: java.util.Locale.hashCode (0x000071df3f63b588) [0x000071df3f63b680, 0x000071df3f63ba98] Compiler: c1, Barriers: 2, Oops: 0, ImmediateOops: 0, NonImmediateOops: No
[1,777s][debug][gc,nmethod  ] Register NMethod: sun.util.locale.InternalLocaleBuilder.<init> (0x000071df3f63bb08) [0x000071df3f63bc00, 0x000071df3f63bf68] Compiler: c1, Barriers: 12, Oops: 0, ImmediateOops: 5, NonImmediateOops: No
[1,777s][debug][gc,nmethod  ] Register NMethod: java.text.ParsePosition.<init> (0x000071df3f63bf88) [0x000071df3f63c080, 0x000071df3f63c1e8] Compiler: c1, Barriers: 0, Oops: 0, ImmediateOops: 0, NonImmediateOops: No
[1,777s][debug][gc,nmethod  ] Register NMethod: java.util.HashMap.put (0x000071df5ec2d908) [0x000071df5ec2da20, 0x000071df5ec2f248] Compiler: jvmci, Barriers: 59, Oops: 0, ImmediateOops: 0, NonImmediateOops: No
[1,777s][debug][gc,nmethod  ] Register NMethod: java.util.Locale.getInstance (0x000071df3f63c288) [0x000071df3f63c380, 0x000071df3f63d4f0] Compiler: c1, Barriers: 1, Oops: 1, ImmediateOops: 5, NonImmediateOops: No
[1,778s][debug][gc,nmethod  ] Register NMethod: sun.util.locale.StringTokenIterator.setStart (0x000071df3f63d508) [0x000071df3f63d600, 0x000071df3f63dfc0] Compiler: c1, Barriers: 6, Oops: 0, ImmediateOops: 0, NonImmediateOops: No
[1,778s][debug][gc,nmethod  ] Register NMethod: sun.util.locale.LanguageTag.parseLanguage (0x000071df3f63e008) [0x000071df3f63e100, 0x000071df3f63ea30] Compiler: c1, Barriers: 2, Oops: 0, ImmediateOops: 2, NonImmediateOops: No
[1,778s][debug][gc,nmethod  ] Register NMethod: java.util.Locale.forLanguageTag (0x000071df3f63ea88) [0x000071df3f63eb80, 0x000071df3f640428] Compiler: c1, Barriers: 17, Oops: 0, ImmediateOops: 5, NonImmediateOops: No
[1,778s][debug][gc,nmethod  ] Register NMethod: sun.util.locale.StringTokenIterator.<init> (0x000071df3f640488) [0x000071df3f640580, 0x000071df3f641558] Compiler: c1, Barriers: 10, Oops: 1, ImmediateOops: 2, NonImmediateOops: No
[1,778s][debug][gc,nmethod  ] Register NMethod: java.util.Locale$LocaleCache.apply (0x000071df3f641588) [0x000071df3f641680, 0x000071df3f641978] Compiler: c1, Barriers: 0, Oops: 0, ImmediateOops: 0, NonImmediateOops: No
[1,778s][debug][gc,nmethod  ] Register NMethod: sun.util.locale.LanguageTag.parse (0x000071df3f641988) [0x000071df3f641a80, 0x000071df3f643e08] Compiler: c1, Barriers: 5, Oops: 3, ImmediateOops: 11, NonImmediateOops: No
[1,778s][debug][gc,nmethod  ] Register NMethod: sun.util.locale.LanguageTag.parseScript (0x000071df3f643e88) [0x000071df3f643f80, 0x000071df3f644810] Compiler: c1, Barriers: 2, Oops: 0, ImmediateOops: 2, NonImmediateOops: No
[1,779s][debug][gc,nmethod  ] Register NMethod: sun.util.locale.LanguageTag.isLanguage (0x000071df3f644888) [0x000071df3f644980, 0x000071df3f645e98] Compiler: c1, Barriers: 3, Oops: 1, ImmediateOops: 2, NonImmediateOops: No
[1,779s][debug][gc,nmethod  ] Register NMethod: sun.util.locale.LanguageTag.parseExtlangs (0x000071df3f645f08) [0x000071df3f646000, 0x000071df3f646f68] Compiler: c1, Barriers: 2, Oops: 0, ImmediateOops: 2, NonImmediateOops: No
[1,779s][debug][gc,nmethod  ] Register NMethod: jdk.internal.util.ReferencedKeyMap.put (0x000071df3f646f88) [0x000071df3f647080, 0x000071df3f648968] Compiler: c1, Barriers: 5, Oops: 2, ImmediateOops: 3, NonImmediateOops: No
[1,779s][debug][gc,nmethod  ] Register NMethod: sun.util.locale.LocaleUtils.toUpperString (0x000071df3f648988) [0x000071df3f648a80, 0x000071df3f64a620] Compiler: c1, Barriers: 5, Oops: 1, ImmediateOops: 4, NonImmediateOops: No
[1,779s][debug][gc,nmethod  ] Register NMethod: sun.util.locale.LanguageTag.parseRegion (0x000071df3f64a688) [0x000071df3f64a780, 0x000071df3f64aa90] Compiler: c1, Barriers: 1, Oops: 0, ImmediateOops: 2, NonImmediateOops: No
[1,779s][debug][gc,nmethod  ] Register NMethod: java.lang.ref.ReferenceQueue.poll (0x000071df5ec2f288) [0x000071df5ec2f380, 0x000071df5ec2f468] Compiler: jvmci, Barriers: 1, Oops: 0, ImmediateOops: 0, NonImmediateOops: No
[1,779s][debug][gc,nmethod  ] Register NMethod: sun.util.locale.LanguageTag.<init> (0x000071df3f64ab08) [0x000071df3f64ac00, 0x000071df3f64b100] Compiler: c1, Barriers: 21, Oops: 0, ImmediateOops: 0, NonImmediateOops: No
[1,779s][debug][gc,nmethod  ] Register NMethod: sun.util.locale.LanguageTag.parseVariants (0x000071df3f64b108) [0x000071df3f64b200, 0x000071df3f64b9a8] Compiler: c1, Barriers: 1, Oops: 0, ImmediateOops: 2, NonImmediateOops: No
[1,779s][debug][gc,nmethod  ] Register NMethod: sun.util.locale.LocaleUtils.toTitleString (0x000071df3f64ba08) [0x000071df3f64bb00, 0x000071df3f64e1d8] Compiler: c1, Barriers: 5, Oops: 1, ImmediateOops: 6, NonImmediateOops: No
[1,780s][debug][gc,nmethod  ] Register NMethod: sun.util.locale.InternalLocaleBuilder.clear (0x000071df3f64e208) [0x000071df3f64e300, 0x000071df3f64e808] Compiler: c1, Barriers: 12, Oops: 0, ImmediateOops: 5, NonImmediateOops: No
[1,780s][debug][gc,nmethod  ] Register NMethod: sun.util.locale.LanguageTag.parsePrivateuse (0x000071df3f64e888) [0x000071df3f64e980, 0x000071df3f650860] Compiler: c1, Barriers: 4, Oops: 2, ImmediateOops: 6, NonImmediateOops: No
[1,780s][debug][gc,nmethod  ] Register NMethod: sun.util.locale.LocaleUtils.isEmpty (0x000071df3f650888) [0x000071df3f650980, 0x000071df3f650ce0] Compiler: c1, Barriers: 0, Oops: 0, ImmediateOops: 0, NonImmediateOops: No
[1,780s][debug][gc,nmethod  ] Register NMethod: sun.util.locale.BaseLocale.convertOldISOCodes (0x000071df3f650d08) [0x000071df3f650e00, 0x000071df3f652080] Compiler: c1, Barriers: 0, Oops: 0, ImmediateOops: 9, NonImmediateOops: No
[1,780s][debug][gc,nmethod  ] Register NMethod: sun.util.locale.InternalLocaleBuilder.setLanguageTag (0x000071df3f652088) [0x000071df3f652180, 0x000071df3f655c60] Compiler: c1, Barriers: 35, Oops: 1, ImmediateOops: 8, NonImmediateOops: No
[1,780s][debug][gc,nmethod  ] Register NMethod: sun.util.locale.LocaleUtils.isEmpty (0x000071df3f655c88) [0x000071df3f655d80, 0x000071df3f6560e0] Compiler: c1, Barriers: 0, Oops: 0, ImmediateOops: 0, NonImmediateOops: No
[1,780s][debug][gc,nmethod  ] Register NMethod: sun.util.locale.InternalLocaleBuilder.getLocaleExtensions (0x000071df3f656108) [0x000071df3f656200, 0x000071df3f656ea8] Compiler: c1, Barriers: 6, Oops: 0, ImmediateOops: 0, NonImmediateOops: No
[1,780s][debug][gc,nmethod  ] Register NMethod: sun.util.locale.LanguageTag.parseExtensions (0x000071df3f656f08) [0x000071df3f657000, 0x000071df3f659830] Compiler: c1, Barriers: 4, Oops: 3, ImmediateOops: 7, NonImmediateOops: No
[1,780s][debug][gc,nmethod  ] Register NMethod: sun.util.locale.provider.LocaleProviderAdapter$$Lambda/0x00000000ae0b6ec8.apply (0x000071df3f659888) [0x000071df3f659980, 0x000071df3f659cc0] Compiler: c1, Barriers: 0, Oops: 0, ImmediateOops: 0, NonImmediateOops: No
[1,780s][debug][gc,nmethod  ] Register NMethod: java.util.Locale$LocaleCache.apply (0x000071df3f659d08) [0x000071df3f659e00, 0x000071df3f65a9f0] Compiler: c1, Barriers: 11, Oops: 0, ImmediateOops: 0, NonImmediateOops: No
[1,780s][debug][gc,nmethod  ] Register NMethod: sun.util.locale.InternalLocaleBuilder.getBaseLocale (0x000071df3f65aa08) [0x000071df3f65ab00, 0x000071df3f65d328] Compiler: c1, Barriers: 7, Oops: 2, ImmediateOops: 7, NonImmediateOops: No
[1,781s][debug][gc,nmethod  ] Register NMethod: java.util.stream.DistinctOps$1$2.accept (0x000071df3f65d388) [0x000071df3f65d480, 0x000071df3f65da40] Compiler: c1, Barriers: 2, Oops: 0, ImmediateOops: 0, NonImmediateOops: No
[1,781s][debug][gc,nmethod  ] Register NMethod: sun.util.locale.provider.LocaleProviderAdapter.lambda$toLocaleArray$0 (0x000071df3f65da88) [0x000071df3f65db80, 0x000071df3f65e898] Compiler: c1, Barriers: 3, Oops: 0, ImmediateOops: 3, NonImmediateOops: No
[1,781s][debug][gc,nmethod  ] Register NMethod: java.lang.String.<init> (0x000071df3f65e908) [0x000071df3f65ea00, 0x000071df3f65eb50] Compiler: c1, Barriers: 0, Oops: 0, ImmediateOops: 0, NonImmediateOops: No
[1,781s][debug][gc,nmethod  ] Register NMethod: java.util.Map.computeIfAbsent (0x000071df3f65ec08) [0x000071df3f65ed00, 0x000071df3f65f608] Compiler: c1, Barriers: 0, Oops: 0, ImmediateOops: 0, NonImmediateOops: No
[1,781s][debug][gc,nmethod  ] Register NMethod: sun.util.locale.LanguageTag.parseVariants (0x000071df3f64b108) [0x000071df3f64b200, 0x000071df3f64b9a8] Compiler: c1, Barriers: 1, Oops: 0, ImmediateOops: 2, NonImmediateOops: No
[1,781s][debug][gc,nmethod  ] Register NMethod: sun.util.locale.InternalLocaleBuilder.setLanguageTag (0x000071df3f652088) [0x000071df3f652180, 0x000071df3f655c60] Compiler: c1, Barriers: 35, Oops: 1, ImmediateOops: 8, NonImmediateOops: No
[1,781s][debug][gc,nmethod  ] Register NMethod: sun.util.locale.InternalLocaleBuilder.setExtensions (0x000071df3f65f688) [0x000071df3f65f7a0, 0x000071df3f665360] Compiler: c1, Barriers: 20, Oops: 1, ImmediateOops: 5, NonImmediateOops: No
[1,781s][debug][gc,nmethod  ] Register NMethod: sun.util.locale.LanguageTag.isScript (0x000071df3f665388) [0x000071df3f665480, 0x000071df3f666970] Compiler: c1, Barriers: 3, Oops: 1, ImmediateOops: 2, NonImmediateOops: No
[1,781s][debug][gc,nmethod  ] Register NMethod: sun.util.locale.LanguageTag.isExtlang (0x000071df3f666988) [0x000071df3f666a80, 0x000071df3f667f70] Compiler: c1, Barriers: 3, Oops: 1, ImmediateOops: 2, NonImmediateOops: No
[1,781s][debug][gc,nmethod  ] Register NMethod: sun.util.locale.LanguageTag.isRegion (0x000071df3f667f88) [0x000071df3f668080, 0x000071df3f66a8d8] Compiler: c1, Barriers: 6, Oops: 1, ImmediateOops: 4, NonImmediateOops: No
[1,785s][debug][gc,nmethod  ] Register NMethod: java.util.Locale.hasExtensions (0x000071df3f66a908) [0x000071df3f66aa00, 0x000071df3f66ab80] Compiler: c1, Barriers: 1, Oops: 0, ImmediateOops: 0, NonImmediateOops: No
[1,785s][debug][gc,nmethod  ] Register NMethod: java.util.Locale.stripExtensions (0x000071df3f66ac08) [0x000071df3f66ad00, 0x000071df3f66b178] Compiler: c1, Barriers: 2, Oops: 0, ImmediateOops: 0, NonImmediateOops: No
[1,785s][debug][gc,nmethod  ] Register NMethod: sun.util.locale.BaseLocale.equals (0x000071df3f66b188) [0x000071df3f66b280, 0x000071df3f66bd58] Compiler: c1, Barriers: 8, Oops: 0, ImmediateOops: 0, NonImmediateOops: No
[1,785s][debug][gc,nmethod  ] Register NMethod: java.util.Locale.equals (0x000071df3f66bd88) [0x000071df3f66be80, 0x000071df3f66cc88] Compiler: c1, Barriers: 5, Oops: 0, ImmediateOops: 0, NonImmediateOops: No
[1,785s][debug][gc,nmethod  ] Register NMethod: sun.util.locale.LocaleUtils.caseIgnoreMatch (0x000071df3f66cd08) [0x000071df3f66ce00, 0x000071df3f66ede8] Compiler: c1, Barriers: 6, Oops: 1, ImmediateOops: 4, NonImmediateOops: No
[1,787s][debug][gc,director ] Rule Major: Warmup 10%, Used: 62MB, UsedThreshold: 1228MB
[1,788s][debug][gc,nmethod  ] Register NMethod: java.lang.invoke.MethodHandles$Lookup.checkAccess (0x000071df3f66ee08) [0x000071df3f66ef00, 0x000071df3f670a18] Compiler: c1, Barriers: 5, Oops: 0, ImmediateOops: 1, NonImmediateOops: No
[1,793s][debug][gc,nmethod  ] Register NMethod: java.util.concurrent.ConcurrentHashMap.putVal (0x000071df5ec2f588) [0x000071df5ec2f680, 0x000071df5ec30798] Compiler: jvmci, Barriers: 28, Oops: 0, ImmediateOops: 0, NonImmediateOops: No
[1,795s][debug][gc,nmethod  ] Register NMethod: java.lang.StringUTF16.getChar (0x000071df3f670a88) [0x000071df3f670b80, 0x000071df3f670ce0] Compiler: c1, Barriers: 0, Oops: 0, ImmediateOops: 0, NonImmediateOops: No
[1,796s][debug][gc,nmethod  ] Register NMethod: java.lang.CharacterData.of (0x000071df3f4e6508) [0x000071df3f4e6600, 0x000071df3f4e6d40] Compiler: c1, Barriers: 7, Oops: 0, ImmediateOops: 3, NonImmediateOops: No
[1,796s][debug][gc,nmethod  ] Register NMethod: java.lang.CharacterData.of (0x000071df3f4e6508) [0x000071df3f4e6600, 0x000071df3f4e6d40] Compiler: c1, Barriers: 7, Oops: 0, ImmediateOops: 3, NonImmediateOops: No
[1,797s][debug][gc,director ] Rule Major: Warmup 10%, Used: 62MB, UsedThreshold: 1228MB
[1,797s][debug][gc,nmethod  ] Register NMethod: java.lang.AbstractStringBuilder.needsNewBuffer (0x000071df3f670d88) [0x000071df3f670e80, 0x000071df3f671020] Compiler: c1, Barriers: 0, Oops: 0, ImmediateOops: 0, NonImmediateOops: No
[1,798s][debug][gc,nmethod  ] Register NMethod: sun.util.locale.BaseLocale.hashCode (0x000071df5ec30808) [0x000071df5ec30900, 0x000071df5ec30f58] Compiler: jvmci, Barriers: 8, Oops: 0, ImmediateOops: 0, NonImmediateOops: No
[1,798s][debug][gc,nmethod  ] Register NMethod: java.lang.String.isLatin1 (0x000071df3f671088) [0x000071df3f671180, 0x000071df3f6712e0] Compiler: c1, Barriers: 0, Oops: 0, ImmediateOops: 0, NonImmediateOops: No
[1,798s][debug][gc,nmethod  ] Register NMethod: java.lang.invoke.MethodHandle.linkToVirtual (0x000071df5ec30f88) [0x000071df5ec31080, 0x000071df5ec310a8] Compiler: , Barriers: 0, Oops: 0, ImmediateOops: 0, NonImmediateOops: No
[1,798s][debug][gc,nmethod  ] Register NMethod: java.lang.String.charAt (0x000071df3f671388) [0x000071df3f671480, 0x000071df3f671bb8] Compiler: c1, Barriers: 2, Oops: 1, ImmediateOops: 2, NonImmediateOops: No
[1,799s][debug][gc,nmethod  ] Register NMethod: java.lang.StringUTF16.getChar (0x000071df5ec31288) [0x000071df5ec31380, 0x000071df5ec31468] Compiler: jvmci, Barriers: 0, Oops: 0, ImmediateOops: 0, NonImmediateOops: No
[1,799s][debug][gc,nmethod  ] Register NMethod: java.lang.invoke.LambdaForm.parameter (0x000071df3f671c08) [0x000071df3f671d00, 0x000071df3f671e98] Compiler: c1, Barriers: 2, Oops: 0, ImmediateOops: 0, NonImmediateOops: No
[1,799s][debug][gc,nmethod  ] Register NMethod: jdk.internal.classfile.impl.DirectCodeBuilder.loadLocal (0x000071df3f671f08) [0x000071df3f672000, 0x000071df3f673e88] Compiler: c1, Barriers: 5, Oops: 0, ImmediateOops: 2, NonImmediateOops: No
[1,799s][debug][gc,nmethod  ] Register NMethod: sun.util.locale.LocaleUtils.toLower (0x000071df5ec31588) [0x000071df5ec31680, 0x000071df5ec316f8] Compiler: jvmci, Barriers: 0, Oops: 0, ImmediateOops: 0, NonImmediateOops: No
[1,799s][debug][gc,nmethod  ] Register NMethod: jdk.internal.classfile.impl.AbstractPoolEntry$NameAndTypeEntryImpl.<init> (0x000071df3f673f08) [0x000071df3f674000, 0x000071df3f674150] Compiler: c1, Barriers: 0, Oops: 0, ImmediateOops: 0, NonImmediateOops: No
[1,800s][debug][gc,nmethod  ] Register NMethod: java.lang.invoke.LambdaForm.parameterType (0x000071df3f674208) [0x000071df3f674300, 0x000071df3f674480] Compiler: c1, Barriers: 1, Oops: 0, ImmediateOops: 0, NonImmediateOops: No
[1,800s][debug][gc,nmethod  ] Register NMethod: java.lang.classfile.constantpool.ConstantPoolBuilder.nameAndTypeEntry (0x000071df3f674508) [0x000071df3f674600, 0x000071df3f674d20] Compiler: c1, Barriers: 0, Oops: 0, ImmediateOops: 0, NonImmediateOops: No
[1,800s][debug][gc,nmethod  ] Register NMethod: jdk.internal.classfile.impl.StackMapGenerator$Frame.getLocalRawInternal (0x000071df3f674d88) [0x000071df3f674e80, 0x000071df3f675218] Compiler: c1, Barriers: 2, Oops: 0, ImmediateOops: 0, NonImmediateOops: No
[1,800s][debug][gc,nmethod  ] Register NMethod: jdk.internal.classfile.impl.SplitConstantPool.methodRefEntry (0x000071df3f675288) [0x000071df3f675380, 0x000071df3f677cd8] Compiler: c1, Barriers: 6, Oops: 0, ImmediateOops: 0, NonImmediateOops: No
[1,801s][debug][gc,nmethod  ] Register NMethod: java.util.concurrent.ConcurrentHashMap.addCount (0x000071df5ec31888) [0x000071df5ec31980, 0x000071df5ec32e60] Compiler: jvmci, Barriers: 56, Oops: 0, ImmediateOops: 0, NonImmediateOops: No
[1,801s][debug][gc,nmethod  ] Register NMethod: java.util.jar.Attributes.put (0x000071df3f677d08) [0x000071df3f677e00, 0x000071df3f678548] Compiler: c1, Barriers: 1, Oops: 0, ImmediateOops: 0, NonImmediateOops: No
[1,801s][debug][gc,nmethod  ] Register NMethod: java.util.jar.Attributes.putValue (0x000071df3f678588) [0x000071df3f678680, 0x000071df3f679518] Compiler: c1, Barriers: 4, Oops: 0, ImmediateOops: 1, NonImmediateOops: No
[1,801s][debug][gc,nmethod  ] Register NMethod: java.util.jar.Attributes$Name.of (0x000071df3f679588) [0x000071df3f679680, 0x000071df3f679ef8] Compiler: c1, Barriers: 4, Oops: 1, ImmediateOops: 3, NonImmediateOops: No
[1,802s][debug][gc,nmethod  ] Register NMethod: worker.org.gradle.internal.classloader.FilteringClassLoader.classAllowed (0x000071df3f679f08) [0x000071df3f67a000, 0x000071df3f67b208] Compiler: c1, Barriers: 8, Oops: 3, ImmediateOops: 2, NonImmediateOops: No
[1,802s][debug][gc,nmethod  ] Register NMethod: jdk.internal.jimage.ImageHeader.getTableLength (0x000071df5ec32e88) [0x000071df5ec32f80, 0x000071df5ec33040] Compiler: c1, Barriers: 0, Oops: 0, ImmediateOops: 0, NonImmediateOops: No
[1,802s][debug][gc,nmethod  ] Register NMethod: java.nio.DirectIntBufferU.ix (0x000071df3f67b288) [0x000071df3f67b380, 0x000071df3f67b490] Compiler: c1, Barriers: 0, Oops: 0, ImmediateOops: 0, NonImmediateOops: No
[1,802s][debug][gc,nmethod  ] Register NMethod: jdk.internal.misc.ScopedMemoryAccess.getIntInternal (0x000071df3f67b588) [0x000071df3f67b680, 0x000071df3f67b8d0] Compiler: c1, Barriers: 0, Oops: 0, ImmediateOops: 0, NonImmediateOops: No
[1,803s][debug][gc,nmethod  ] Register NMethod: java.util.concurrent.ConcurrentHashMap$BaseIterator.hasNext (0x000071df3f67b908) [0x000071df3f67ba00, 0x000071df3f67bb80] Compiler: c1, Barriers: 1, Oops: 0, ImmediateOops: 0, NonImmediateOops: No
[1,803s][debug][gc,nmethod  ] Register NMethod: jdk.internal.misc.ScopedMemoryAccess.getInt (0x000071df3f67bc08) [0x000071df3f67bd00, 0x000071df3f67c010] Compiler: c1, Barriers: 0, Oops: 0, ImmediateOops: 0, NonImmediateOops: No
[1,803s][debug][gc,nmethod  ] Register NMethod: java.util.concurrent.ConcurrentHashMap$Traverser.advance (0x000071df3f67c088) [0x000071df3f67c180, 0x000071df3f67d278] Compiler: c1, Barriers: 15, Oops: 0, ImmediateOops: 0, NonImmediateOops: No
[1,803s][debug][gc,nmethod  ] Register NMethod: java.nio.DirectIntBufferU.get (0x000071df3f67d288) [0x000071df3f67d380, 0x000071df3f67e170] Compiler: c1, Barriers: 1, Oops: 2, ImmediateOops: 2, NonImmediateOops: No
[1,803s][debug][gc,nmethod  ] Register NMethod: jdk.internal.loader.URLClassPath$JarLoader.findResource (0x000071df3f67e188) [0x000071df3f67e280, 0x000071df3f67e488] Compiler: c1, Barriers: 1, Oops: 0, ImmediateOops: 0, NonImmediateOops: No
[1,803s][debug][gc,nmethod  ] Register NMethod: java.lang.String.substring (0x000071df5ec33188) [0x000071df5ec33280, 0x000071df5ec33748] Compiler: jvmci, Barriers: 3, Oops: 0, ImmediateOops: 1, NonImmediateOops: No
[1,804s][debug][gc,nmethod  ] Register NMethod: java.lang.StringLatin1.newString (0x000071df5ec33788) [0x000071df5ec33880, 0x000071df5ec33c40] Compiler: jvmci, Barriers: 2, Oops: 0, ImmediateOops: 1, NonImmediateOops: No
[1,805s][debug][gc,nmethod  ] Register NMethod: java.util.concurrent.ConcurrentHashMap$ValueIterator.next (0x000071df3f67e508) [0x000071df3f67e600, 0x000071df3f67eae0] Compiler: c1, Barriers: 5, Oops: 0, ImmediateOops: 0, NonImmediateOops: No
[1,807s][debug][gc,director ] Rule Major: Warmup 10%, Used: 62MB, UsedThreshold: 1228MB
[1,809s][debug][gc,nmethod  ] Register NMethod: java.lang.ClassLoader.definePackage (0x000071df3f67eb08) [0x000071df3f67ec00, 0x000071df3f681058] Compiler: c1, Barriers: 10, Oops: 2, ImmediateOops: 5, NonImmediateOops: No
[1,810s][debug][gc,nmethod  ] Register NMethod: jdk.internal.reflect.Reflection.getCallerClass (0x000071df5ec33c88) [0x000071df5ec33d80, 0x000071df5ec340a8] Compiler: , Barriers: 0, Oops: 0, ImmediateOops: 1, NonImmediateOops: No
[1,810s][debug][gc,nmethod  ] Register NMethod: java.lang.invoke.MethodHandles$Lookup.isClassAccessible (0x000071df3f681088) [0x000071df3f681180, 0x000071df3f681aa8] Compiler: c1, Barriers: 3, Oops: 0, ImmediateOops: 0, NonImmediateOops: No
[1,811s][debug][gc,nmethod  ] Register NMethod: java.lang.invoke.MemberName.ensureTypeVisible (0x000071df3f681b08) [0x000071df3f681c00, 0x000071df3f6864a0] Compiler: c1, Barriers: 10, Oops: 3, ImmediateOops: 10, NonImmediateOops: No
[1,813s][debug][gc,nmethod  ] Register NMethod: java.util.concurrent.ConcurrentHashMap.get (0x000071df5ec34108) [0x000071df5ec34200, 0x000071df5ec34d38] Compiler: jvmci, Barriers: 15, Oops: 0, ImmediateOops: 0, NonImmediateOops: No
[1,815s][debug][gc,nmethod  ] Register NMethod: java.util.zip.ZipCoder.hash (0x000071df5ec34d88) [0x000071df5ec34e80, 0x000071df5ec350e8] Compiler: jvmci, Barriers: 1, Oops: 0, ImmediateOops: 0, NonImmediateOops: No
[1,816s][debug][gc,nmethod  ] Register NMethod: java.lang.invoke.MethodHandle.linkToStatic (0x000071df5ec35108) [0x000071df5ec35200, 0x000071df5ec352f0] Compiler: , Barriers: 0, Oops: 0, ImmediateOops: 0, NonImmediateOops: No
[1,816s][debug][gc,nmethod  ] Register NMethod: java.lang.invoke.MethodType.changeReturnType (0x000071df3f686508) [0x000071df3f686600, 0x000071df3f6869d0] Compiler: c1, Barriers: 2, Oops: 0, ImmediateOops: 0, NonImmediateOops: No
[1,817s][debug][gc,nmethod  ] Register NMethod: java.util.zip.CRC32.<init> (0x000071df3f686a08) [0x000071df3f686b00, 0x000071df3f686c58] Compiler: c1, Barriers: 0, Oops: 0, ImmediateOops: 0, NonImmediateOops: No
[1,817s][debug][gc,director ] Rule Major: Warmup 10%, Used: 64MB, UsedThreshold: 1228MB
[1,817s][debug][gc,nmethod  ] Register NMethod: jdk.internal.loader.URLClassPath$JarLoader$1.getBytes (0x000071df3f686d08) [0x000071df3f686e00, 0x000071df3f687a40] Compiler: c1, Barriers: 4, Oops: 0, ImmediateOops: 1, NonImmediateOops: No
[1,817s][debug][gc,nmethod  ] Register NMethod: jdk.internal.loader.URLClassPath$JarLoader.ensureOpen (0x000071df5ec35408) [0x000071df5ec35500, 0x000071df5ec356b8] Compiler: jvmci, Barriers: 5, Oops: 0, ImmediateOops: 0, NonImmediateOops: No
[1,818s][debug][gc,nmethod  ] Register NMethod: java.lang.classfile.TypeKind.slotSize (0x000071df5ec35708) [0x000071df5ec35800, 0x000071df5ec358c0] Compiler: c1, Barriers: 0, Oops: 0, ImmediateOops: 0, NonImmediateOops: No
[1,818s][debug][gc,nmethod  ] Register NMethod: jdk.internal.classfile.impl.DirectCodeBuilder.setLabelTarget (0x000071df3f687a88) [0x000071df3f687b80, 0x000071df3f6885b8] Compiler: c1, Barriers: 1, Oops: 0, ImmediateOops: 1, NonImmediateOops: No
[1,818s][debug][gc,nmethod  ] Register NMethod: jdk.internal.classfile.impl.StackMapDecoder$StackMapFrameImpl.target (0x000071df5ec35a08) [0x000071df5ec35b00, 0x000071df5ec35be8] Compiler: c1, Barriers: 1, Oops: 0, ImmediateOops: 0, NonImmediateOops: No
[1,818s][debug][gc,nmethod  ] Register NMethod: jdk.internal.classfile.impl.StackMapDecoder$StackMapFrameImpl.locals (0x000071df5ec35d08) [0x000071df5ec35e00, 0x000071df5ec35ee8] Compiler: c1, Barriers: 1, Oops: 0, ImmediateOops: 0, NonImmediateOops: No
[1,818s][debug][gc,nmethod  ] Register NMethod: jdk.internal.classfile.impl.AbstractPseudoInstruction$ExceptionCatchImpl.catchTypeEntry (0x000071df5ec36008) [0x000071df5ec36100, 0x000071df5ec361e8] Compiler: c1, Barriers: 1, Oops: 0, ImmediateOops: 0, NonImmediateOops: No
[1,819s][debug][gc,nmethod  ] Register NMethod: java.util.jar.JarFile.checkForSpecialAttributes (0x000071df5ec36308) [0x000071df5ec36400, 0x000071df5ec36d58] Compiler: jvmci, Barriers: 7, Oops: 2, ImmediateOops: 8, NonImmediateOops: No
[1,820s][debug][gc,nmethod  ] Register NMethod: java.lang.ClassLoader.compareCerts (0x000071df3f688608) [0x000071df3f688700, 0x000071df3f689240] Compiler: c1, Barriers: 4, Oops: 0, ImmediateOops: 0, NonImmediateOops: No
[1,820s][debug][gc,nmethod  ] Register NMethod: jdk.internal.loader.AbstractClassLoaderValue$Sub.parent (0x000071df5ec36d88) [0x000071df5ec36e80, 0x000071df5ec36f68] Compiler: c1, Barriers: 1, Oops: 0, ImmediateOops: 0, NonImmediateOops: No
[1,820s][debug][gc,nmethod  ] Register NMethod: java.util.zip.ZipFile.ensureOpen (0x000071df5ec37088) [0x000071df5ec37180, 0x000071df5ec372e0] Compiler: jvmci, Barriers: 2, Oops: 0, ImmediateOops: 0, NonImmediateOops: No
[1,821s][debug][gc,nmethod  ] Register NMethod: java.lang.reflect.Method.getRoot (0x000071df5ec37388) [0x000071df5ec37480, 0x000071df5ec37568] Compiler: c1, Barriers: 1, Oops: 0, ImmediateOops: 0, NonImmediateOops: No
[1,821s][debug][gc,nmethod  ] Register NMethod: java.lang.invoke.DirectMethodHandle.internalMemberName (0x000071df3f689288) [0x000071df3f689380, 0x000071df3f6896a0] Compiler: c1, Barriers: 1, Oops: 0, ImmediateOops: 0, NonImmediateOops: No
[1,822s][debug][gc,nmethod  ] Register NMethod: jdk.internal.util.StrongReferenceKey.hashCode (0x000071df5ec37688) [0x000071df5ec37780, 0x000071df5ec37cc0] Compiler: jvmci, Barriers: 8, Oops: 0, ImmediateOops: 0, NonImmediateOops: No
[1,822s][debug][gc,nmethod  ] Register NMethod: java.lang.invoke.MemberName.getInvocationType (0x000071df3f689708) [0x000071df3f689800, 0x000071df3f68ae00] Compiler: c1, Barriers: 7, Oops: 0, ImmediateOops: 0, NonImmediateOops: No
[1,823s][debug][gc,nmethod  ] Register NMethod: java.lang.invoke.InvokerBytecodeGenerator.emitImplicitConversion (0x000071df3f68ae08) [0x000071df3f68af00, 0x000071df3f68d330] Compiler: c1, Barriers: 3, Oops: 2, ImmediateOops: 10, NonImmediateOops: No
[1,824s][debug][gc,nmethod  ] Register NMethod: java.net.URLClassLoader.isSealed (0x000071df3f68d388) [0x000071df3f68d480, 0x000071df3f690f30] Compiler: c1, Barriers: 10, Oops: 3, ImmediateOops: 15, NonImmediateOops: No
[1,825s][debug][gc,nmethod  ] Register NMethod: java.util.List.copyOf (0x000071df3f690f88) [0x000071df3f691080, 0x000071df3f691190] Compiler: c1, Barriers: 0, Oops: 0, ImmediateOops: 0, NonImmediateOops: No
[1,825s][debug][gc,nmethod  ] Register NMethod: java.util.ImmutableCollections.listCopy (0x000071df3f691288) [0x000071df3f691380, 0x000071df3f692238] Compiler: c1, Barriers: 0, Oops: 0, ImmediateOops: 1, NonImmediateOops: No
[1,825s][debug][gc,nmethod  ] Register NMethod: jdk.internal.classfile.impl.BufWriterImpl.writeU1U1 (0x000071df3f692288) [0x000071df3f692380, 0x000071df3f6927f0] Compiler: c1, Barriers: 2, Oops: 0, ImmediateOops: 0, NonImmediateOops: No
[1,825s][debug][gc,nmethod  ] Register NMethod: jdk.internal.classfile.impl.Util.isDoubleSlot (0x000071df3f692808) [0x000071df3f692900, 0x000071df3f692a70] Compiler: c1, Barriers: 0, Oops: 0, ImmediateOops: 2, NonImmediateOops: No
[1,826s][debug][gc,nmethod  ] Register NMethod: jdk.internal.constant.MethodTypeDescImpl.parameterCount (0x000071df5ec37d08) [0x000071df5ec37e00, 0x000071df5ec37ee0] Compiler: jvmci, Barriers: 1, Oops: 0, ImmediateOops: 0, NonImmediateOops: No
[1,827s][debug][gc,nmethod  ] Register NMethod: jdk.internal.constant.MethodTypeDescImpl.buildDescriptorString (0x000071df3f692b08) [0x000071df3f692c00, 0x000071df3f6998a0] Compiler: c1, Barriers: 18, Oops: 3, ImmediateOops: 27, NonImmediateOops: No
[1,827s][debug][gc,director ] Rule Major: Warmup 10%, Used: 64MB, UsedThreshold: 1228MB
[1,828s][debug][gc,nmethod  ] Register NMethod: java.lang.StringLatin1.getChar (0x000071df3f699908) [0x000071df3f699a00, 0x000071df3f699b10] Compiler: c1, Barriers: 0, Oops: 0, ImmediateOops: 0, NonImmediateOops: No
[1,829s][debug][gc,nmethod  ] Register NMethod: java.util.ImmutableCollections$List12.<init> (0x000071df3f699c08) [0x000071df3f699d00, 0x000071df3f69a1b0] Compiler: c1, Barriers: 6, Oops: 0, ImmediateOops: 1, NonImmediateOops: No
[1,830s][debug][gc,nmethod  ] Register NMethod: java.lang.classfile.Opcode.sizeIfFixed (0x000071df5ec38008) [0x000071df5ec38100, 0x000071df5ec381c0] Compiler: c1, Barriers: 0, Oops: 0, ImmediateOops: 0, NonImmediateOops: No
[1,830s][debug][gc,nmethod  ] Register NMethod: jdk.internal.classfile.impl.AbstractPoolEntry$Utf8EntryImpl.clone (0x000071df3f69a208) [0x000071df3f69a300, 0x000071df3f69a5f8] Compiler: c1, Barriers: 0, Oops: 0, ImmediateOops: 0, NonImmediateOops: No
[1,830s][debug][gc,nmethod  ] Register NMethod: jdk.internal.classfile.impl.AbstractPoolEntry$Utf8EntryImpl.clone (0x000071df3f69a608) [0x000071df3f69a700, 0x000071df3f69b268] Compiler: c1, Barriers: 8, Oops: 0, ImmediateOops: 1, NonImmediateOops: No
[1,830s][debug][gc,nmethod  ] Register NMethod: java.util.BitSet.get (0x000071df3f69b288) [0x000071df3f69b380, 0x000071df3f69c228] Compiler: c1, Barriers: 1, Oops: 1, ImmediateOops: 2, NonImmediateOops: No
[1,830s][debug][gc,nmethod  ] Register NMethod: java.lang.reflect.Executable.<init> (0x000071df3f69c288) [0x000071df3f69c380, 0x000071df3f69c538] Compiler: c1, Barriers: 0, Oops: 0, ImmediateOops: 0, NonImmediateOops: No
[1,830s][debug][gc,nmethod  ] Register NMethod: java.lang.PublicMethods$Key.matches (0x000071df3f69c588) [0x000071df3f69c680, 0x000071df3f69cd70] Compiler: c1, Barriers: 2, Oops: 1, ImmediateOops: 2, NonImmediateOops: No
[1,834s][debug][gc,nmethod  ] Register NMethod: java.lang.invoke.MethodHandles$Lookup.checkSymbolicClass (0x000071df3f69cd88) [0x000071df3f69ce80, 0x000071df3f69d468] Compiler: c1, Barriers: 0, Oops: 0, ImmediateOops: 1, NonImmediateOops: No
[1,835s][debug][gc,nmethod  ] Register NMethod: java.io.ByteArrayOutputStream.ensureCapacity (0x000071df3f69d488) [0x000071df3f69d580, 0x000071df3f69d948] Compiler: c1, Barriers: 4, Oops: 0, ImmediateOops: 0, NonImmediateOops: No
[1,835s][debug][gc,nmethod  ] Register NMethod: java.io.ByteArrayOutputStream.write (0x000071df3f69d988) [0x000071df3f69da80, 0x000071df3f69dfc0] Compiler: c1, Barriers: 1, Oops: 0, ImmediateOops: 0, NonImmediateOops: No
[1,836s][debug][gc,nmethod  ] Register NMethod: java.util.zip.ZipFile.getEntry (0x000071df5ec38308) [0x000071df5ec38400, 0x000071df5ec38e90] Compiler: jvmci, Barriers: 7, Oops: 0, ImmediateOops: 0, NonImmediateOops: No
[1,837s][debug][gc,nmethod  ] Register NMethod: java.util.zip.ZipFile$Source.getEntryPos (0x000071df5ec38f08) [0x000071df5ec39000, 0x000071df5ec39778] Compiler: jvmci, Barriers: 6, Oops: 0, ImmediateOops: 0, NonImmediateOops: No
[1,837s][debug][gc,director ] Rule Major: Warmup 10%, Used: 66MB, UsedThreshold: 1228MB
[1,840s][debug][gc,nmethod  ] Register NMethod: jdk.internal.loader.NativeLibrary.findEntry0 (0x000071df5ec39788) [0x000071df5ec39880, 0x000071df5ec399f0] Compiler: , Barriers: 0, Oops: 0, ImmediateOops: 1, NonImmediateOops: No
[1,840s][debug][gc,nmethod  ] Register NMethod: java.lang.Class.forName0 (0x000071df5ec39a88) [0x000071df5ec39b80, 0x000071df5ec39ee0] Compiler: , Barriers: 0, Oops: 0, ImmediateOops: 1, NonImmediateOops: No
[1,841s][debug][gc,nmethod  ] Register NMethod: java.lang.invoke.MethodHandle.linkToInterface (0x000071df5ec39f08) [0x000071df5ec3a000, 0x000071df5ec3a130] Compiler: , Barriers: 0, Oops: 0, ImmediateOops: 0, NonImmediateOops: No
[1,841s][debug][gc,nmethod  ] Register NMethod: java.lang.invoke.MethodHandle.invokeBasic (0x000071df5ec3a208) [0x000071df5ec3a300, 0x000071df5ec3a598] Compiler: , Barriers: 0, Oops: 0, ImmediateOops: 0, NonImmediateOops: No
[1,842s][debug][gc,nmethod  ] Register NMethod: sun.invoke.util.Wrapper.stackSlots (0x000071df3f69e008) [0x000071df3f69e100, 0x000071df3f69e208] Compiler: c1, Barriers: 0, Oops: 0, ImmediateOops: 0, NonImmediateOops: No
[1,842s][debug][gc,nmethod  ] Register NMethod: java.lang.invoke.LambdaForm$BasicType.basicTypeSlots (0x000071df3f69e308) [0x000071df3f69e400, 0x000071df3f69e758] Compiler: c1, Barriers: 1, Oops: 0, ImmediateOops: 0, NonImmediateOops: No
[1,843s][debug][gc,nmethod  ] Register NMethod: java.lang.invoke.DirectMethodHandle.<init> (0x000071df3f69e788) [0x000071df3f69e880, 0x000071df3f6a0d10] Compiler: c1, Barriers: 9, Oops: 2, ImmediateOops: 2, NonImmediateOops: No
[1,843s][debug][gc,nmethod  ] Register NMethod: java.lang.invoke.InvokerBytecodeGenerator.emitPushArgument (0x000071df3f6a0d88) [0x000071df3f6a0e80, 0x000071df3f6a3a48] Compiler: c1, Barriers: 6, Oops: 1, ImmediateOops: 5, NonImmediateOops: No
[1,845s][debug][gc,nmethod  ] Register NMethod: jdk.internal.loader.URLClassPath.getLoader (0x000071df5ec3a608) [0x000071df5ec3a700, 0x000071df5ec3b410] Compiler: jvmci, Barriers: 12, Oops: 0, ImmediateOops: 0, NonImmediateOops: No
[1,845s][debug][gc,nmethod  ] Register NMethod: java.lang.Character.charCount (0x000071df3f6a3a88) [0x000071df3f6a3b80, 0x000071df3f6a3cd0] Compiler: c1, Barriers: 0, Oops: 0, ImmediateOops: 0, NonImmediateOops: No
[1,847s][debug][gc,director ] Rule Major: Warmup 10%, Used: 68MB, UsedThreshold: 1228MB
[1,847s][debug][gc,nmethod  ] Register NMethod: java.lang.Character$Subset.<init> (0x000071df3f6a3d88) [0x000071df3f6a3e80, 0x000071df3f6a4148] Compiler: c1, Barriers: 3, Oops: 0, ImmediateOops: 1, NonImmediateOops: No
[1,847s][debug][gc,nmethod  ] Register NMethod: java.lang.Character$UnicodeBlock.<init> (0x000071df3f6a4188) [0x000071df3f6a4280, 0x000071df3f6a4830] Compiler: c1, Barriers: 4, Oops: 0, ImmediateOops: 1, NonImmediateOops: No
[1,847s][debug][gc,nmethod  ] Register NMethod: java.lang.Character$UnicodeBlock.<init> (0x000071df3f6a4188) [0x000071df3f6a4280, 0x000071df3f6a4830] Compiler: c1, Barriers: 4, Oops: 0, ImmediateOops: 2, NonImmediateOops: No
[1,847s][debug][gc,nmethod  ] Register NMethod: java.lang.classfile.constantpool.MemberRefEntry.type (0x000071df3f6a4888) [0x000071df3f6a4980, 0x000071df3f6a53e0] Compiler: c1, Barriers: 2, Oops: 0, ImmediateOops: 0, NonImmediateOops: No
[1,847s][debug][gc,nmethod  ] Register NMethod: java.lang.classfile.constantpool.ConstantPoolBuilder.methodRefEntry (0x000071df3f6a5408) [0x000071df3f6a5500, 0x000071df3f6a5c30] Compiler: c1, Barriers: 0, Oops: 0, ImmediateOops: 0, NonImmediateOops: No
[1,847s][debug][gc,nmethod  ] Register NMethod: java.util.LinkedHashMap$LinkedHashIterator.hasNext (0x000071df3f6a5c88) [0x000071df3f6a5d80, 0x000071df3f6a5f00] Compiler: c1, Barriers: 1, Oops: 0, ImmediateOops: 0, NonImmediateOops: No
[1,848s][debug][gc,nmethod  ] Register NMethod: java.lang.invoke.MethodHandle.linkToStatic (0x000071df5ec3b488) [0x000071df5ec3b580, 0x000071df5ec3b670] Compiler: , Barriers: 0, Oops: 0, ImmediateOops: 0, NonImmediateOops: No
[1,848s][debug][gc,nmethod  ] Register NMethod: jdk.internal.classfile.impl.StackCounter$Target.<init> (0x000071df3f6a5f88) [0x000071df3f6a6080, 0x000071df3f6a6240] Compiler: c1, Barriers: 0, Oops: 0, ImmediateOops: 0, NonImmediateOops: No
[1,848s][debug][gc,nmethod  ] Register NMethod: jdk.internal.classfile.impl.RawBytecodeHelper.reset (0x000071df3f6a6288) [0x000071df3f6a6380, 0x000071df3f6a6730] Compiler: c1, Barriers: 1, Oops: 1, ImmediateOops: 1, NonImmediateOops: No
[1,848s][debug][gc,nmethod  ] Register NMethod: java.lang.ref.Reference.<init> (0x000071df3f6a6788) [0x000071df3f6a6880, 0x000071df3f6a6b58] Compiler: c1, Barriers: 6, Oops: 0, ImmediateOops: 1, NonImmediateOops: No
[1,848s][debug][gc,nmethod  ] Register NMethod: jdk.internal.classfile.impl.AbstractPseudoInstruction$ExceptionCatchImpl.handler (0x000071df5ec3b788) [0x000071df5ec3b880, 0x000071df5ec3b968] Compiler: c1, Barriers: 1, Oops: 0, ImmediateOops: 0, NonImmediateOops: No
[1,848s][debug][gc,nmethod  ] Register NMethod: jdk.internal.classfile.impl.AbstractPseudoInstruction$ExceptionCatchImpl.tryStart (0x000071df5ec3ba88) [0x000071df5ec3bb80, 0x000071df5ec3bc68] Compiler: c1, Barriers: 1, Oops: 0, ImmediateOops: 0, NonImmediateOops: No
[1,848s][debug][gc,nmethod  ] Register NMethod: jdk.internal.classfile.impl.AbstractPseudoInstruction$ExceptionCatchImpl.tryEnd (0x000071df5ec3bd88) [0x000071df5ec3be80, 0x000071df5ec3bf68] Compiler: c1, Barriers: 1, Oops: 0, ImmediateOops: 0, NonImmediateOops: No
[1,848s][debug][gc,nmethod  ] Register NMethod: jdk.internal.classfile.impl.StackCounter.next (0x000071df3f6a6b88) [0x000071df3f6a6c80, 0x000071df3f6a7f80] Compiler: c1, Barriers: 6, Oops: 1, ImmediateOops: 2, NonImmediateOops: No
[1,848s][debug][gc,nmethod  ] Register NMethod: jdk.internal.classfile.impl.AbstractPoolEntry$StringEntryImpl.tag (0x000071df5ec3c088) [0x000071df5ec3c180, 0x000071df5ec3c240] Compiler: c1, Barriers: 0, Oops: 0, ImmediateOops: 0, NonImmediateOops: No
[1,849s][debug][gc,nmethod  ] Register NMethod: java.lang.invoke.MethodHandle.isBuiltinLoader (0x000071df3f6a8008) [0x000071df3f6a8100, 0x000071df3f6a8350] Compiler: c1, Barriers: 0, Oops: 0, ImmediateOops: 2, NonImmediateOops: No
[1,850s][debug][gc,nmethod  ] Register NMethod: java.io.UnixFileSystem.getFileForSysCalls (0x000071df3f6a8388) [0x000071df3f6a8480, 0x000071df3f6a89c0] Compiler: c1, Barriers: 3, Oops: 0, ImmediateOops: 0, NonImmediateOops: No
[1,850s][debug][gc,nmethod  ] Register NMethod: java.io.UnixFileSystem.hasBooleanAttributes (0x000071df3f6a8a08) [0x000071df3f6a8b00, 0x000071df3f6a9678] Compiler: c1, Barriers: 3, Oops: 1, ImmediateOops: 1, NonImmediateOops: No
[1,852s][debug][gc,nmethod  ] Register NMethod: java.lang.invoke.MethodHandle.linkToStatic (0x000071df5ec3c388) [0x000071df5ec3c480, 0x000071df5ec3c570] Compiler: , Barriers: 0, Oops: 0, ImmediateOops: 0, NonImmediateOops: No
[1,852s][debug][gc,nmethod  ] Register NMethod: java.util.regex.Pattern.has (0x000071df3f6a9688) [0x000071df3f6a9780, 0x000071df3f6a98d0] Compiler: c1, Barriers: 0, Oops: 0, ImmediateOops: 0, NonImmediateOops: No
[1,853s][debug][gc,nmethod  ] Register NMethod: java.util.concurrent.locks.AbstractOwnableSynchronizer.getExclusiveOwnerThread (0x000071df5ec3c688) [0x000071df5ec3c780, 0x000071df5ec3c868] Compiler: c1, Barriers: 1, Oops: 0, ImmediateOops: 0, NonImmediateOops: No
[1,853s][debug][gc,nmethod  ] Register NMethod: java.util.concurrent.locks.AbstractQueuedSynchronizer.getState (0x000071df5ec3c988) [0x000071df5ec3ca80, 0x000071df5ec3cb40] Compiler: c1, Barriers: 0, Oops: 0, ImmediateOops: 0, NonImmediateOops: No
[1,854s][debug][gc,nmethod  ] Register NMethod: sun.net.util.IPAddressUtil.scan (0x000071df3f6a9988) [0x000071df3f6a9a80, 0x000071df3f6aaad0] Compiler: c1, Barriers: 3, Oops: 1, ImmediateOops: 2, NonImmediateOops: No
[1,856s][debug][gc,nmethod  ] Register NMethod: java.util.jar.JarFile.getEntry (0x000071df5ec3cc88) [0x000071df5ec3cd80, 0x000071df5ec3e1f0] Compiler: jvmci, Barriers: 14, Oops: 2, ImmediateOops: 8, NonImmediateOops: No
[1,856s][debug][gc,nmethod  ] Register NMethod: java.util.concurrent.ConcurrentHashMap.putVal (0x000071df3f6aab08) [0x000071df3f6aac00, 0x000071df3f6ad148] Compiler: c1, Barriers: 28, Oops: 0, ImmediateOops: 1, NonImmediateOops: No
[1,857s][debug][gc,director ] Rule Major: Warmup 10%, Used: 68MB, UsedThreshold: 1228MB
[1,859s][debug][gc,nmethod  ] Register NMethod: java.lang.String.startsWith (0x000071df5ec3e208) [0x000071df5ec3e300, 0x000071df5ec3e618] Compiler: jvmci, Barriers: 2, Oops: 0, ImmediateOops: 0, NonImmediateOops: No
[1,859s][debug][gc,nmethod  ] Register NMethod: java.io.File.exists (0x000071df3f6ad188) [0x000071df3f6ad280, 0x000071df3f6ad630] Compiler: c1, Barriers: 0, Oops: 0, ImmediateOops: 1, NonImmediateOops: No
[1,860s][debug][gc,nmethod  ] Register NMethod: java.lang.Package.isSealed (0x000071df3f6ad688) [0x000071df3f6ad780, 0x000071df3f6ade08] Compiler: c1, Barriers: 4, Oops: 0, ImmediateOops: 0, NonImmediateOops: No
[1,861s][debug][gc,nmethod  ] Register NMethod: java.util.jar.JarFile.getVersionedEntry (0x000071df3f6ade88) [0x000071df3f6adf80, 0x000071df3f6afab0] Compiler: c1, Barriers: 3, Oops: 3, ImmediateOops: 5, NonImmediateOops: No
[1,861s][debug][gc,nmethod  ] Register NMethod: java.util.HashMap.getOrDefault (0x000071df3f6afb08) [0x000071df3f6afc00, 0x000071df3f6aff78] Compiler: c1, Barriers: 1, Oops: 0, ImmediateOops: 0, NonImmediateOops: No
[1,861s][debug][gc,nmethod  ] Register NMethod: java.util.BitSet.length (0x000071df3f6aff88) [0x000071df3f6b0080, 0x000071df3f6b0358] Compiler: c1, Barriers: 1, Oops: 0, ImmediateOops: 0, NonImmediateOops: No
[1,862s][debug][gc,nmethod  ] Register NMethod: sun.reflect.generics.parser.SignatureParser.skipIdentifier (0x000071df3f6b0388) [0x000071df3f6b0480, 0x000071df3f6b0af8] Compiler: c1, Barriers: 0, Oops: 0, ImmediateOops: 0, NonImmediateOops: No
[1,863s][debug][gc,nmethod  ] Register NMethod: jdk.internal.classfile.impl.SplitConstantPool.utf8Entry (0x000071df3f6b0b08) [0x000071df3f6b0c00, 0x000071df3f6b1400] Compiler: c1, Barriers: 4, Oops: 0, ImmediateOops: 0, NonImmediateOops: No
[1,863s][debug][gc,nmethod  ] Register NMethod: jdk.internal.classfile.impl.DirectMethodBuilder.withCode (0x000071df3f6b1408) [0x000071df3f6b1500, 0x000071df3f6b1640] Compiler: c1, Barriers: 0, Oops: 0, ImmediateOops: 0, NonImmediateOops: No
[1,863s][debug][gc,nmethod  ] Register NMethod: jdk.internal.classfile.impl.DirectMethodBuilder.run (0x000071df3f6b1708) [0x000071df3f6b1800, 0x000071df3f6b1b18] Compiler: c1, Barriers: 0, Oops: 0, ImmediateOops: 0, NonImmediateOops: No
[1,863s][debug][gc,nmethod  ] Register NMethod: jdk.internal.classfile.impl.DirectClassBuilder.withMethod (0x000071df3f6b1b88) [0x000071df3f6b1c80, 0x000071df3f6b24e0] Compiler: c1, Barriers: 2, Oops: 0, ImmediateOops: 0, NonImmediateOops: No
[1,863s][debug][gc,nmethod  ] Register NMethod: java.lang.classfile.ClassBuilder.withMethod (0x000071df3f6b2508) [0x000071df3f6b2600, 0x000071df3f6b3080] Compiler: c1, Barriers: 7, Oops: 0, ImmediateOops: 0, NonImmediateOops: No
[1,863s][debug][gc,nmethod  ] Register NMethod: jdk.internal.classfile.impl.DirectMethodBuilder.withCode (0x000071df3f6b3088) [0x000071df3f6b3180, 0x000071df3f6b3680] Compiler: c1, Barriers: 4, Oops: 0, ImmediateOops: 0, NonImmediateOops: No
[1,863s][debug][gc,nmethod  ] Register NMethod: java.lang.invoke.DirectMethodHandle$Holder.newInvokeSpecial (0x000071df3f6b3688) [0x000071df3f6b3780, 0x000071df3f6b3ff8] Compiler: c1, Barriers: 2, Oops: 0, ImmediateOops: 1, NonImmediateOops: No
[1,863s][debug][gc,nmethod  ] Register NMethod: jdk.internal.classfile.impl.DirectMethodBuilder.<init> (0x000071df3f6b4008) [0x000071df3f6b4100, 0x000071df3f6b4fc8] Compiler: c1, Barriers: 21, Oops: 0, ImmediateOops: 1, NonImmediateOops: No
[1,863s][debug][gc,nmethod  ] Register NMethod: jdk.internal.classfile.impl.DirectCodeBuilder.processDeferredLabels (0x000071df3f6b5008) [0x000071df3f6b5100, 0x000071df3f6b5b10] Compiler: c1, Barriers: 5, Oops: 0, ImmediateOops: 0, NonImmediateOops: No
[1,863s][debug][gc,nmethod  ] Register NMethod: jdk.internal.classfile.impl.DirectCodeBuilder.build (0x000071df3f6b5b88) [0x000071df3f6b5c80, 0x000071df3f6b67e8] Compiler: c1, Barriers: 3, Oops: 0, ImmediateOops: 0, NonImmediateOops: No
[1,863s][debug][gc,nmethod  ] Register NMethod: java.util.LinkedHashMap$LinkedHashIterator.nextNode (0x000071df3f6b6808) [0x000071df3f6b6900, 0x000071df3f6b6dc0] Compiler: c1, Barriers: 10, Oops: 0, ImmediateOops: 0, NonImmediateOops: No
[1,864s][debug][gc,nmethod  ] Register NMethod: jdk.internal.classfile.impl.BufWriterImpl.<init> (0x000071df3f6b6e08) [0x000071df3f6b6f00, 0x000071df3f6b7050] Compiler: c1, Barriers: 0, Oops: 0, ImmediateOops: 0, NonImmediateOops: No
[1,864s][debug][gc,nmethod  ] Register NMethod: jdk.internal.classfile.impl.ClassFileImpl.fixShortJumps (0x000071df3f6b7108) [0x000071df3f6b7200, 0x000071df3f6b7440] Compiler: c1, Barriers: 2, Oops: 0, ImmediateOops: 0, NonImmediateOops: No
[1,864s][debug][gc,nmethod  ] Register NMethod: jdk.internal.classfile.impl.Util.maxLocals (0x000071df3f6b7488) [0x000071df3f6b7580, 0x000071df3f6b76f0] Compiler: c1, Barriers: 0, Oops: 0, ImmediateOops: 0, NonImmediateOops: No
[1,864s][debug][gc,nmethod  ] Register NMethod: jdk.internal.classfile.impl.ClassFileImpl.passDebugElements (0x000071df3f6b7788) [0x000071df3f6b7880, 0x000071df3f6b7ac0] Compiler: c1, Barriers: 2, Oops: 0, ImmediateOops: 0, NonImmediateOops: No
[1,864s][debug][gc,nmethod  ] Register NMethod: jdk.internal.classfile.impl.DirectCodeBuilder.setLabelTarget (0x000071df3f6b7b08) [0x000071df3f6b7c00, 0x000071df3f6b8318] Compiler: c1, Barriers: 1, Oops: 0, ImmediateOops: 0, NonImmediateOops: No
[1,864s][debug][gc,nmethod  ] Register NMethod: java.lang.classfile.Attributes.code (0x000071df3f6b8388) [0x000071df3f6b8480, 0x000071df3f6b8568] Compiler: c1, Barriers: 0, Oops: 0, ImmediateOops: 1, NonImmediateOops: No
[1,864s][debug][gc,nmethod  ] Register NMethod: jdk.internal.classfile.impl.DirectCodeBuilder.buildContent (0x000071df3f6b8688) [0x000071df3f6b8780, 0x000071df3f6ba180] Compiler: c1, Barriers: 23, Oops: 1, ImmediateOops: 2, NonImmediateOops: No
[1,864s][debug][gc,nmethod  ] Register NMethod: jdk.internal.classfile.impl.DirectCodeBuilder$4.<init> (0x000071df3f6ba208) [0x000071df3f6ba300, 0x000071df3f6ba7c0] Compiler: c1, Barriers: 6, Oops: 0, ImmediateOops: 0, NonImmediateOops: No
[1,864s][debug][gc,nmethod  ] Register NMethod: jdk.internal.classfile.impl.DirectCodeBuilder.<init> (0x000071df3f6ba808) [0x000071df3f6ba900, 0x000071df3f6bc5b0] Compiler: c1, Barriers: 56, Oops: 0, ImmediateOops: 6, NonImmediateOops: No
[1,864s][debug][gc,nmethod  ] Register NMethod: jdk.internal.classfile.impl.UnboundAttribute$AdHocAttribute.<init> (0x000071df3f6bc608) [0x000071df3f6bc700, 0x000071df3f6bc990] Compiler: c1, Barriers: 3, Oops: 0, ImmediateOops: 0, NonImmediateOops: No
[1,864s][debug][gc,nmethod  ] Register NMethod: jdk.internal.classfile.impl.TerminalCodeBuilder.setupTopLocal (0x000071df3f6bca08) [0x000071df3f6bcb00, 0x000071df3f6bf088] Compiler: c1, Barriers: 1, Oops: 1, ImmediateOops: 3, NonImmediateOops: No
[1,864s][debug][gc,nmethod  ] Register NMethod: jdk.internal.classfile.impl.DirectCodeBuilder.startLabel (0x000071df5ec3e688) [0x000071df5ec3e780, 0x000071df5ec3e868] Compiler: c1, Barriers: 1, Oops: 0, ImmediateOops: 0, NonImmediateOops: No
[1,864s][debug][gc,nmethod  ] Register NMethod: jdk.internal.classfile.impl.DirectClassBuilder.withMethod (0x000071df3f6bf108) [0x000071df3f6bf200, 0x000071df3f6bfbb8] Compiler: c1, Barriers: 9, Oops: 0, ImmediateOops: 0, NonImmediateOops: No
[1,865s][debug][gc,nmethod  ] Register NMethod: jdk.internal.classfile.impl.Util.slotSize (0x000071df3f6bfc08) [0x000071df3f6bfd00, 0x000071df3f6bffa0] Compiler: c1, Barriers: 0, Oops: 0, ImmediateOops: 3, NonImmediateOops: No
[1,865s][debug][gc,nmethod  ] Register NMethod: jdk.internal.classfile.impl.SplitConstantPool.writeTo (0x000071df3f6c0008) [0x000071df3f6c0100, 0x000071df3f6c28e0] Compiler: c1, Barriers: 10, Oops: 1, ImmediateOops: 2, NonImmediateOops: No
[1,865s][debug][gc,nmethod  ] Register NMethod: jdk.internal.classfile.impl.UnboundAttribute$AdHocAttribute.writeTo (0x000071df3f6c2908) [0x000071df3f6c2a00, 0x000071df3f6c4440] Compiler: c1, Barriers: 5, Oops: 0, ImmediateOops: 0, NonImmediateOops: No
[1,865s][debug][gc,nmethod  ] Register NMethod: jdk.internal.classfile.impl.BufWriterImpl.cpIndexOrZero (0x000071df3f6c4488) [0x000071df3f6c4580, 0x000071df3f6c6a30] Compiler: c1, Barriers: 1, Oops: 1, ImmediateOops: 3, NonImmediateOops: No
[1,865s][debug][gc,nmethod  ] Register NMethod: jdk.internal.classfile.impl.BufWriterImpl.writeBytes (0x000071df3f6c6a88) [0x000071df3f6c6b80, 0x000071df3f6c6ec0] Compiler: c1, Barriers: 1, Oops: 0, ImmediateOops: 0, NonImmediateOops: No
[1,865s][debug][gc,nmethod  ] Register NMethod: jdk.internal.classfile.impl.ClassFileImpl.stackMapsWhenRequired (0x000071df3f6c6f08) [0x000071df3f6c7000, 0x000071df3f6c71b8] Compiler: c1, Barriers: 1, Oops: 0, ImmediateOops: 1, NonImmediateOops: No
[1,865s][debug][gc,nmethod  ] Register NMethod: java.lang.String.startsWith (0x000071df5ec3e988) [0x000071df5ec3ea80, 0x000071df5ec3ed78] Compiler: jvmci, Barriers: 2, Oops: 0, ImmediateOops: 0, NonImmediateOops: No
[1,865s][debug][gc,nmethod  ] Register NMethod: jdk.internal.classfile.impl.RawBytecodeHelper.of (0x000071df3f6c7208) [0x000071df3f6c7300, 0x000071df3f6c75c8] Compiler: c1, Barriers: 3, Oops: 0, ImmediateOops: 0, NonImmediateOops: No
[1,865s][debug][gc,nmethod  ] Register NMethod: jdk.internal.classfile.impl.BufWriterImpl.bytecodeView (0x000071df3f6c7608) [0x000071df3f6c7700, 0x000071df3f6c7a80] Compiler: c1, Barriers: 4, Oops: 0, ImmediateOops: 0, NonImmediateOops: No
[1,865s][debug][gc,nmethod  ] Register NMethod: jdk.internal.classfile.impl.DirectCodeBuilder.writeExceptionHandlers (0x000071df3f6c7a88) [0x000071df3f6c7b80, 0x000071df3f6c86a0] Compiler: c1, Barriers: 3, Oops: 0, ImmediateOops: 0, NonImmediateOops: No
[1,865s][debug][gc,nmethod  ] Register NMethod: jdk.internal.classfile.impl.RawBytecodeHelper$CodeRange.<init> (0x000071df3f6c8708) [0x000071df3f6c8800, 0x000071df3f6c8a38] Compiler: c1, Barriers: 3, Oops: 0, ImmediateOops: 0, NonImmediateOops: No
[1,865s][debug][gc,nmethod  ] Register NMethod: java.util.ImmutableCollections$List12.isEmpty (0x000071df5ec3ed88) [0x000071df5ec3ee80, 0x000071df5ec3ef40] Compiler: c1, Barriers: 0, Oops: 0, ImmediateOops: 0, NonImmediateOops: No
[1,866s][debug][gc,nmethod  ] Register NMethod: jdk.internal.classfile.impl.DirectMethodBuilder.writeTo (0x000071df3f6c8a88) [0x000071df3f6c8b80, 0x000071df3f6cd190] Compiler: c1, Barriers: 5, Oops: 1, ImmediateOops: 6, NonImmediateOops: No
[1,866s][debug][gc,nmethod  ] Register NMethod: java.lang.invoke.BoundMethodHandle.<init> (0x000071df3f6cd208) [0x000071df3f6cd300, 0x000071df3f6cd458] Compiler: c1, Barriers: 0, Oops: 0, ImmediateOops: 0, NonImmediateOops: No
[1,866s][debug][gc,nmethod  ] Register NMethod: jdk.internal.loader.Resource.cachedInputStream (0x000071df3f6cd508) [0x000071df3f6cd600, 0x000071df3f6cdb60] Compiler: c1, Barriers: 5, Oops: 0, ImmediateOops: 0, NonImmediateOops: No
[1,866s][debug][gc,nmethod  ] Register NMethod: jdk.internal.classfile.impl.UnboundAttribute$UnboundStackMapTableAttribute.entries (0x000071df5ec3f088) [0x000071df5ec3f180, 0x000071df5ec3f268] Compiler: c1, Barriers: 1, Oops: 0, ImmediateOops: 0, NonImmediateOops: No
[1,866s][debug][gc,nmethod  ] Register NMethod: sun.net.www.protocol.file.Handler.parseURL (0x000071df3f6cdb88) [0x000071df3f6cdc80, 0x000071df3f6cdff0] Compiler: c1, Barriers: 0, Oops: 0, ImmediateOops: 0, NonImmediateOops: No
[1,866s][debug][gc,nmethod  ] Register NMethod: jdk.internal.classfile.impl.SplitConstantPool.entryByIndex (0x000071df5ec3f388) [0x000071df5ec3f480, 0x000071df5ec3f640] Compiler: jvmci, Barriers: 2, Oops: 0, ImmediateOops: 0, NonImmediateOops: No
[1,866s][debug][gc,nmethod  ] Register NMethod: jdk.internal.classfile.impl.DirectCodeBuilder$4.writeBody (0x000071df3f6ce008) [0x000071df3f6ce100, 0x000071df3f6d20e8] Compiler: c1, Barriers: 31, Oops: 1, ImmediateOops: 6, NonImmediateOops: No
[1,867s][debug][gc,nmethod  ] Register NMethod: java.util.zip.ZipFile.getMetaInfVersions (0x000071df3f6d2108) [0x000071df3f6d2200, 0x000071df3f6d2c50] Compiler: c1, Barriers: 4, Oops: 0, ImmediateOops: 2, NonImmediateOops: No
[1,867s][debug][gc,nmethod  ] Register NMethod: java.io.UnixFileSystem.trimSeparator (0x000071df3f6d2c88) [0x000071df3f6d2d80, 0x000071df3f6d3d70] Compiler: c1, Barriers: 1, Oops: 1, ImmediateOops: 2, NonImmediateOops: No
[1,867s][debug][gc,nmethod  ] Register NMethod: java.util.BitSet.previousSetBit (0x000071df3f6d3d88) [0x000071df3f6d3e80, 0x000071df3f6d5000] Compiler: c1, Barriers: 1, Oops: 1, ImmediateOops: 2, NonImmediateOops: No
[1,867s][debug][gc,nmethod  ] Register NMethod: java.io.UnixFileSystem.resolve (0x000071df3f6d5088) [0x000071df3f6d5180, 0x000071df3f6d8610] Compiler: c1, Barriers: 1, Oops: 1, ImmediateOops: 7, NonImmediateOops: No
[1,867s][debug][gc,nmethod  ] Register NMethod: java.io.File.<init> (0x000071df3f6d8688) [0x000071df3f6d8780, 0x000071df3f6d9648] Compiler: c1, Barriers: 15, Oops: 2, ImmediateOops: 6, NonImmediateOops: No
[1,867s][debug][gc,nmethod  ] Register NMethod: sun.net.util.IPAddressUtil.checkAuth (0x000071df3f6d9688) [0x000071df3f6d9780, 0x000071df3f6dacc8] Compiler: c1, Barriers: 2, Oops: 2, ImmediateOops: 4, NonImmediateOops: No
[1,867s][debug][gc,director ] Rule Major: Warmup 10%, Used: 68MB, UsedThreshold: 1228MB
[1,867s][debug][gc,nmethod  ] Register NMethod: java.lang.String.contains (0x000071df3f6dad08) [0x000071df3f6dae00, 0x000071df3f6db350] Compiler: c1, Barriers: 0, Oops: 0, ImmediateOops: 0, NonImmediateOops: No
[1,867s][debug][gc,nmethod  ] Register NMethod: jdk.internal.classfile.impl.EntryMap.firstToken (0x000071df5ec3f688) [0x000071df5ec3f780, 0x000071df5ec3f9a0] Compiler: jvmci, Barriers: 1, Oops: 0, ImmediateOops: 0, NonImmediateOops: No
[1,868s][debug][gc,nmethod  ] Register NMethod: jdk.internal.loader.URLClassPath$FileLoader.getResource (0x000071df3f6db388) [0x000071df3f6db480, 0x000071df3f6dd9f8] Compiler: c1, Barriers: 21, Oops: 1, ImmediateOops: 2, NonImmediateOops: No
[1,871s][debug][gc,nmethod  ] Register NMethod: sun.net.www.ParseUtil.match (0x000071df3f6dda08) [0x000071df3f6ddb00, 0x000071df3f6ddd50] Compiler: c1, Barriers: 0, Oops: 0, ImmediateOops: 0, NonImmediateOops: No
[1,871s][debug][gc,nmethod  ] Register NMethod: sun.net.www.ParseUtil.firstEncodeIndex (0x000071df5ec3fa08) [0x000071df5ec3fb00, 0x000071df5ec400f8] Compiler: jvmci, Barriers: 1, Oops: 0, ImmediateOops: 0, NonImmediateOops: No
[1,872s][debug][gc,nmethod  ] Register NMethod: java.nio.HeapByteBuffer.byteOffset (0x000071df3f6ddd88) [0x000071df3f6dde80, 0x000071df3f6ddf88] Compiler: c1, Barriers: 0, Oops: 0, ImmediateOops: 0, NonImmediateOops: No
[1,872s][debug][gc,nmethod  ] Register NMethod: java.nio.Buffer.nextGetIndex (0x000071df3f6de088) [0x000071df3f6de180, 0x000071df3f6de340] Compiler: c1, Barriers: 0, Oops: 0, ImmediateOops: 0, NonImmediateOops: No
[1,872s][debug][gc,nmethod  ] Register NMethod: jdk.internal.misc.VM.isModuleSystemInited (0x000071df3f6de388) [0x000071df3f6de480, 0x000071df3f6de5c0] Compiler: c1, Barriers: 0, Oops: 0, ImmediateOops: 1, NonImmediateOops: No
[1,872s][debug][gc,nmethod  ] Register NMethod: jdk.internal.misc.ScopedMemoryAccess.getShortUnalignedInternal (0x000071df3f6de688) [0x000071df3f6de780, 0x000071df3f6debd8] Compiler: c1, Barriers: 0, Oops: 0, ImmediateOops: 1, NonImmediateOops: No
[1,872s][debug][gc,nmethod  ] Register NMethod: jdk.internal.misc.ScopedMemoryAccess.getShortUnaligned (0x000071df3f6dec08) [0x000071df3f6ded00, 0x000071df3f6df238] Compiler: c1, Barriers: 0, Oops: 0, ImmediateOops: 1, NonImmediateOops: No
[1,872s][debug][gc,nmethod  ] Register NMethod: java.nio.HeapByteBuffer.getShort (0x000071df3f6df288) [0x000071df3f6df380, 0x000071df3f6e0388] Compiler: c1, Barriers: 2, Oops: 1, ImmediateOops: 2, NonImmediateOops: No
[1,872s][debug][gc,nmethod  ] Register NMethod: java.lang.reflect.ReflectAccess.copyMethod (0x000071df3f6e0408) [0x000071df3f6e0500, 0x000071df3f6e0800] Compiler: c1, Barriers: 0, Oops: 0, ImmediateOops: 0, NonImmediateOops: No
[1,872s][debug][gc,nmethod  ] Register NMethod: jdk.internal.reflect.ReflectionFactory.copyMethod (0x000071df3f6e0808) [0x000071df3f6e0900, 0x000071df3f6e0cd8] Compiler: c1, Barriers: 1, Oops: 0, ImmediateOops: 0, NonImmediateOops: No
[1,872s][debug][gc,nmethod  ] Register NMethod: java.lang.invoke.Invokers$Holder.linkToTargetMethod (0x000071df3f6e0d08) [0x000071df3f6e0e00, 0x000071df3f6e12f8] Compiler: c1, Barriers: 0, Oops: 0, ImmediateOops: 0, NonImmediateOops: No
[1,872s][debug][gc,nmethod  ] Register NMethod: java.lang.reflect.Method.<init> (0x000071df3f6e1308) [0x000071df3f6e1400, 0x000071df3f6e1a70] Compiler: c1, Barriers: 27, Oops: 0, ImmediateOops: 0, NonImmediateOops: No
[1,872s][debug][gc,nmethod  ] Register NMethod: java.lang.reflect.Method.copy (0x000071df3f6e1a88) [0x000071df3f6e1b80, 0x000071df3f6e2280] Compiler: c1, Barriers: 21, Oops: 0, ImmediateOops: 1, NonImmediateOops: No
[1,872s][debug][gc,nmethod  ] Register NMethod: jdk.internal.classfile.impl.StackMapDecoder$ObjectVerificationTypeInfoImpl.className (0x000071df5ec40108) [0x000071df5ec40200, 0x000071df5ec402e8] Compiler: c1, Barriers: 1, Oops: 0, ImmediateOops: 0, NonImmediateOops: No
[1,872s][debug][gc,nmethod  ] Register NMethod: jdk.internal.classfile.impl.StackMapDecoder$ObjectVerificationTypeInfoImpl.tag (0x000071df5ec40408) [0x000071df5ec40500, 0x000071df5ec405c0] Compiler: c1, Barriers: 0, Oops: 0, ImmediateOops: 0, NonImmediateOops: No
[1,873s][debug][gc,nmethod  ] Register NMethod: jdk.internal.classfile.impl.Util.toInternalName (0x000071df3f6e2288) [0x000071df3f6e2380, 0x000071df3f6e35b0] Compiler: c1, Barriers: 6, Oops: 0, ImmediateOops: 0, NonImmediateOops: No
[1,873s][debug][gc,nmethod  ] Register NMethod: jdk.internal.constant.ClassOrInterfaceDescImpl.internalName (0x000071df3f6e3608) [0x000071df3f6e3700, 0x000071df3f6e4020] Compiler: c1, Barriers: 6, Oops: 0, ImmediateOops: 0, NonImmediateOops: No
[1,873s][debug][gc,nmethod  ] Register NMethod: java.lang.String.indexOf (0x000071df5ec40708) [0x000071df5ec40800, 0x000071df5ec40948] Compiler: jvmci, Barriers: 1, Oops: 0, ImmediateOops: 0, NonImmediateOops: No
[1,873s][debug][gc,nmethod  ] Register NMethod: jdk.internal.classfile.impl.AbstractAttributeMapper.writeAttribute (0x000071df3f6e4088) [0x000071df3f6e4180, 0x000071df3f6e5b00] Compiler: c1, Barriers: 2, Oops: 0, ImmediateOops: 0, NonImmediateOops: No
[1,873s][debug][gc,nmethod  ] Register NMethod: java.lang.invoke.MethodHandleImpl.isCompileConstant (0x000071df5ec40a08) [0x000071df5ec40b00, 0x000071df5ec40ba0] Compiler: c1, Barriers: 0, Oops: 0, ImmediateOops: 0, NonImmediateOops: No
[1,874s][debug][gc,nmethod  ] Register NMethod: java.util.HashMap.put (0x000071df3f6e5b08) [0x000071df3f6e5c00, 0x000071df3f6e61e8] Compiler: c1, Barriers: 0, Oops: 0, ImmediateOops: 0, NonImmediateOops: No
[1,874s][debug][gc,nmethod  ] Register NMethod: jdk.internal.classfile.impl.AbstractPoolEntry$MethodRefEntryImpl.<init> (0x000071df3f6e6208) [0x000071df3f6e6300, 0x000071df3f6e6450] Compiler: c1, Barriers: 0, Oops: 0, ImmediateOops: 0, NonImmediateOops: No
[1,874s][debug][gc,nmethod  ] Register NMethod: jdk.internal.classfile.impl.DirectCodeBuilder.with (0x000071df3f6e6508) [0x000071df3f6e6600, 0x000071df3f6e7820] Compiler: c1, Barriers: 2, Oops: 0, ImmediateOops: 0, NonImmediateOops: No
[1,874s][debug][gc,nmethod  ] Register NMethod: jdk.internal.classfile.impl.DirectCodeBuilder.with (0x000071df3f6e7888) [0x000071df3f6e7980, 0x000071df3f6e8760] Compiler: c1, Barriers: 2, Oops: 0, ImmediateOops: 0, NonImmediateOops: No
[1,874s][debug][gc,nmethod  ] Register NMethod: java.lang.classfile.TypeKind.fromDescriptor (0x000071df3f6e8788) [0x000071df3f6e8880, 0x000071df3f6ea370] Compiler: c1, Barriers: 0, Oops: 1, ImmediateOops: 14, NonImmediateOops: No
[1,875s][debug][gc,nmethod  ] Register NMethod: java.lang.reflect.Method.getSharedExceptionTypes (0x000071df5ec40d08) [0x000071df5ec40e00, 0x000071df5ec40ee8] Compiler: c1, Barriers: 1, Oops: 0, ImmediateOops: 0, NonImmediateOops: No
[1,875s][debug][gc,nmethod  ] Register NMethod: jdk.internal.classfile.impl.StackCounter.ensureLocalSlot (0x000071df3f6ea388) [0x000071df3f6ea480, 0x000071df3f6ea5b0] Compiler: c1, Barriers: 0, Oops: 0, ImmediateOops: 0, NonImmediateOops: No
[1,876s][debug][gc,nmethod  ] Register NMethod: java.util.LinkedHashMap$LinkedValueIterator.next (0x000071df3f6ea688) [0x000071df3f6ea780, 0x000071df3f6eaab0] Compiler: c1, Barriers: 1, Oops: 0, ImmediateOops: 0, NonImmediateOops: No
[1,876s][debug][gc,nmethod  ] Register NMethod: jdk.internal.classfile.impl.BufWriterImpl.writeBytes (0x000071df3f6eab08) [0x000071df3f6eac00, 0x000071df3f6eb0f0] Compiler: c1, Barriers: 2, Oops: 0, ImmediateOops: 0, NonImmediateOops: No
[1,876s][debug][gc,nmethod  ] Register NMethod: jdk.internal.misc.Unsafe.shouldBeInitialized0 (0x000071df5ec41008) [0x000071df5ec41100, 0x000071df5ec41270] Compiler: , Barriers: 0, Oops: 0, ImmediateOops: 0, NonImmediateOops: No
[1,876s][debug][gc,nmethod  ] Register NMethod: jdk.internal.classfile.impl.AbstractPoolEntry$Utf8EntryImpl.charAt (0x000071df3f6eb108) [0x000071df3f6eb200, 0x000071df3f6ebda0] Compiler: c1, Barriers: 6, Oops: 1, ImmediateOops: 4, NonImmediateOops: No
[1,877s][debug][gc,nmethod  ] Register NMethod: java.lang.invoke.MethodHandle.linkToInterface (0x000071df5ec41308) [0x000071df5ec41400, 0x000071df5ec41530] Compiler: , Barriers: 0, Oops: 0, ImmediateOops: 0, NonImmediateOops: No
[1,877s][debug][gc,nmethod  ] Register NMethod: java.lang.String.valueOf (0x000071df3f6ebe08) [0x000071df3f6ebf00, 0x000071df3f6ec238] Compiler: c1, Barriers: 0, Oops: 0, ImmediateOops: 1, NonImmediateOops: No
[1,877s][debug][gc,director ] Rule Major: Warmup 10%, Used: 68MB, UsedThreshold: 1228MB
[1,878s][debug][gc,nmethod  ] Register NMethod: java.net.URLStreamHandler.parseURL (0x000071df3f6ec288) [0x000071df3f6ec380, 0x000071df3f70b298] Compiler: c1, Barriers: 68, Oops: 8, ImmediateOops: 75, NonImmediateOops: No
[1,878s][debug][gc,nmethod  ] Register NMethod: java.util.stream.AbstractPipeline.getStreamAndOpFlags (0x000071df5ec41608) [0x000071df5ec41700, 0x000071df5ec417c0] Compiler: c1, Barriers: 0, Oops: 0, ImmediateOops: 0, NonImmediateOops: No
[1,878s][debug][gc,nmethod  ] Register NMethod: java.util.stream.AbstractPipeline.isParallel (0x000071df3f70b308) [0x000071df3f70b400, 0x000071df3f70b538] Compiler: c1, Barriers: 1, Oops: 0, ImmediateOops: 0, NonImmediateOops: No
[1,878s][debug][gc,nmethod  ] Register NMethod: java.util.stream.PipelineHelper.<init> (0x000071df3f70b608) [0x000071df3f70b700, 0x000071df3f70b858] Compiler: c1, Barriers: 0, Oops: 0, ImmediateOops: 0, NonImmediateOops: No
[1,879s][debug][gc,nmethod  ] Register NMethod: java.util.Collections$SingletonList.size (0x000071df5ec41908) [0x000071df5ec41a00, 0x000071df5ec41ac0] Compiler: c1, Barriers: 0, Oops: 0, ImmediateOops: 0, NonImmediateOops: No
[1,879s][debug][gc,nmethod  ] Register NMethod: jdk.internal.classfile.impl.UnboundAttribute.writeTo (0x000071df3f70b908) [0x000071df3f70ba00, 0x000071df3f70bd68] Compiler: c1, Barriers: 1, Oops: 0, ImmediateOops: 0, NonImmediateOops: No
[1,879s][debug][gc,nmethod  ] Register NMethod: java.lang.Class.privateGetDeclaredMethods (0x000071df3f70bd88) [0x000071df3f70be80, 0x000071df3f70ca00] Compiler: c1, Barriers: 10, Oops: 0, ImmediateOops: 2, NonImmediateOops: No
[1,879s][debug][gc,nmethod  ] Register NMethod: jdk.internal.reflect.ConstantPool.getUTF8At0 (0x000071df5ec41c08) [0x000071df5ec41d00, 0x000071df5ec42030] Compiler: , Barriers: 0, Oops: 0, ImmediateOops: 0, NonImmediateOops: No
[1,879s][debug][gc,nmethod  ] Register NMethod: java.util.List.of (0x000071df3f70ca08) [0x000071df3f70cb00, 0x000071df3f70d808] Compiler: c1, Barriers: 15, Oops: 0, ImmediateOops: 2, NonImmediateOops: No
[1,880s][debug][gc,nmethod  ] Register NMethod: java.util.Arrays.hashCode (0x000071df3f70d888) [0x000071df3f70d980, 0x000071df3f70db00] Compiler: c1, Barriers: 0, Oops: 0, ImmediateOops: 0, NonImmediateOops: No
[1,880s][debug][gc,nmethod  ] Register NMethod: jdk.internal.util.ArraysSupport.hashCode (0x000071df3f70db88) [0x000071df3f70dc80, 0x000071df3f70e130] Compiler: c1, Barriers: 1, Oops: 0, ImmediateOops: 0, NonImmediateOops: No
[1,880s][debug][gc,nmethod  ] Register NMethod: jdk.internal.classfile.impl.DirectCodeBuilder.fieldAccess (0x000071df3f70e188) [0x000071df3f70e280, 0x000071df3f70ebb8] Compiler: c1, Barriers: 1, Oops: 0, ImmediateOops: 0, NonImmediateOops: No
[1,880s][debug][gc,nmethod  ] Register NMethod: jdk.internal.classfile.impl.AbstractPseudoInstruction.<init> (0x000071df3f70ec08) [0x000071df3f70ed00, 0x000071df3f70eeb8] Compiler: c1, Barriers: 0, Oops: 0, ImmediateOops: 0, NonImmediateOops: No
[1,880s][debug][gc,nmethod  ] Register NMethod: jdk.internal.classfile.impl.AbstractPseudoInstruction$ExceptionCatchImpl.writeTo (0x000071df3f70ef08) [0x000071df3f70f000, 0x000071df3f70f300] Compiler: c1, Barriers: 0, Oops: 0, ImmediateOops: 0, NonImmediateOops: No
[1,880s][debug][gc,nmethod  ] Rebuilding NMethod Table: 2048->4096 entries, 1434(70%->35%) registered, 0(0%->0%) unregistered
[1,880s][debug][gc,nmethod  ] Register NMethod: jdk.internal.classfile.impl.AbstractPseudoInstruction$ExceptionCatchImpl.<init> (0x000071df3f70f308) [0x000071df3f70f400, 0x000071df3f710210] Compiler: c1, Barriers: 12, Oops: 0, ImmediateOops: 0, NonImmediateOops: No
[1,880s][debug][gc,nmethod  ] Register NMethod: java.util.concurrent.ConcurrentHashMap.get (0x000071df3f710288) [0x000071df3f710380, 0x000071df3f711398] Compiler: c1, Barriers: 7, Oops: 0, ImmediateOops: 0, NonImmediateOops: No
[1,880s][debug][gc,nmethod  ] Register NMethod: jdk.internal.classfile.impl.AbstractPoolEntry$Utf8EntryImpl.length (0x000071df3f711408) [0x000071df3f711500, 0x000071df3f7116b8] Compiler: c1, Barriers: 1, Oops: 0, ImmediateOops: 1, NonImmediateOops: No
[1,880s][debug][gc,nmethod  ] Register NMethod: jdk.internal.classfile.impl.DirectCodeBuilder.checkcast (0x000071df3f711708) [0x000071df3f711800, 0x000071df3f711f50] Compiler: c1, Barriers: 1, Oops: 0, ImmediateOops: 0, NonImmediateOops: No
[1,880s][debug][gc,nmethod  ] Register NMethod: java.lang.classfile.CodeBuilder.checkcast (0x000071df3f711f88) [0x000071df3f712080, 0x000071df3f7129b8] Compiler: c1, Barriers: 2, Oops: 0, ImmediateOops: 0, NonImmediateOops: No
[1,880s][debug][gc,nmethod  ] Register NMethod: jdk.internal.classfile.impl.BufWriterImpl.writeIndexOrZero (0x000071df3f712a08) [0x000071df3f712b00, 0x000071df3f713810] Compiler: c1, Barriers: 2, Oops: 0, ImmediateOops: 0, NonImmediateOops: No
[1,881s][debug][gc,nmethod  ] Register NMethod: jdk.internal.classfile.impl.DirectCodeBuilder.addHandler (0x000071df3f713888) [0x000071df3f713980, 0x000071df3f715588] Compiler: c1, Barriers: 9, Oops: 0, ImmediateOops: 0, NonImmediateOops: No
[1,881s][debug][gc,nmethod  ] Register NMethod: jdk.internal.constant.ConstantUtils.referenceClassDesc (0x000071df3f715608) [0x000071df3f715700, 0x000071df3f716340] Compiler: c1, Barriers: 2, Oops: 1, ImmediateOops: 2, NonImmediateOops: No
[1,883s][debug][gc,nmethod  ] Register NMethod: sun.net.www.ParseUtil.firstEncodeIndex (0x000071df5ec42088) [0x000071df5ec42180, 0x000071df5ec425e0] Compiler: jvmci, Barriers: 1, Oops: 0, ImmediateOops: 0, NonImmediateOops: No
[1,883s][debug][gc,nmethod  ] Register NMethod: jdk.internal.loader.URLClassPath$JarLoader$1.getInputStream (0x000071df3f716388) [0x000071df3f716480, 0x000071df3f716828] Compiler: c1, Barriers: 3, Oops: 0, ImmediateOops: 0, NonImmediateOops: No
[1,884s][debug][gc,nmethod  ] Register NMethod: jdk.internal.loader.Resource.getBytes (0x000071df3f716888) [0x000071df3f716980, 0x000071df3f717ce0] Compiler: c1, Barriers: 5, Oops: 0, ImmediateOops: 1, NonImmediateOops: No
[1,884s][debug][gc,nmethod  ] Register NMethod: jdk.internal.loader.Resource.getByteBuffer (0x000071df3f717d08) [0x000071df3f717e00, 0x000071df3f718a80] Compiler: c1, Barriers: 5, Oops: 0, ImmediateOops: 0, NonImmediateOops: No
[1,884s][debug][gc,nmethod  ] Register NMethod: java.lang.String.charAt (0x000071df5ec42608) [0x000071df5ec42700, 0x000071df5ec42860] Compiler: jvmci, Barriers: 1, Oops: 0, ImmediateOops: 0, NonImmediateOops: No
[1,884s][debug][gc,nmethod  ] Register NMethod: jdk.internal.loader.URLClassPath$JarLoader.getResource (0x000071df5ec42908) [0x000071df5ec42a00, 0x000071df5ec44120] Compiler: jvmci, Barriers: 19, Oops: 2, ImmediateOops: 8, NonImmediateOops: No
[1,885s][debug][gc,nmethod  ] Register NMethod: java.lang.Class.getAnnotationType (0x000071df5ec44188) [0x000071df5ec44280, 0x000071df5ec44370] Compiler: c1, Barriers: 1, Oops: 0, ImmediateOops: 0, NonImmediateOops: No
[1,885s][debug][gc,nmethod  ] Register NMethod: java.util.BitSet.checkInvariants (0x000071df5ec44488) [0x000071df5ec44580, 0x000071df5ec44600] Compiler: jvmci, Barriers: 0, Oops: 0, ImmediateOops: 0, NonImmediateOops: No
[1,885s][debug][gc,nmethod  ] Register NMethod: java.lang.reflect.ReflectAccess.getExecutableSharedParameterTypes (0x000071df3f718a88) [0x000071df3f718b80, 0x000071df3f718e88] Compiler: c1, Barriers: 0, Oops: 0, ImmediateOops: 0, NonImmediateOops: No
[1,885s][debug][gc,nmethod  ] Register NMethod: jdk.internal.reflect.ReflectionFactory.getExecutableSharedParameterTypes (0x000071df3f718f08) [0x000071df3f719000, 0x000071df3f7193d0] Compiler: c1, Barriers: 1, Oops: 0, ImmediateOops: 0, NonImmediateOops: No
[1,885s][debug][gc,nmethod  ] Register NMethod: java.lang.classfile.constantpool.LoadableConstantEntry.typeKind (0x000071df3f719408) [0x000071df3f719500, 0x000071df3f719608] Compiler: c1, Barriers: 0, Oops: 0, ImmediateOops: 1, NonImmediateOops: No
[1,885s][debug][gc,nmethod  ] Register NMethod: jdk.internal.classfile.impl.SplitConstantPool.canWriteDirect (0x000071df5ec44788) [0x000071df5ec44880, 0x000071df5ec449c8] Compiler: jvmci, Barriers: 1, Oops: 0, ImmediateOops: 0, NonImmediateOops: No
[1,885s][debug][gc,nmethod  ] Register NMethod: jdk.internal.classfile.impl.BytecodeHelpers.ldcOpcode (0x000071df3f719708) [0x000071df3f719800, 0x000071df3f719fb0] Compiler: c1, Barriers: 0, Oops: 0, ImmediateOops: 3, NonImmediateOops: No
[1,885s][debug][gc,nmethod  ] Register NMethod: jdk.internal.classfile.impl.DirectCodeBuilder.ldc (0x000071df3f71a008) [0x000071df3f71a100, 0x000071df3f71afb8] Compiler: c1, Barriers: 2, Oops: 0, ImmediateOops: 0, NonImmediateOops: No
[1,885s][debug][gc,nmethod  ] Register NMethod: jdk.internal.classfile.impl.StackCounter.maxStack (0x000071df5ec44a88) [0x000071df5ec44b80, 0x000071df5ec44c40] Compiler: c1, Barriers: 0, Oops: 0, ImmediateOops: 0, NonImmediateOops: No
[1,885s][debug][gc,nmethod  ] Register NMethod: jdk.internal.classfile.impl.StackCounter.maxLocals (0x000071df5ec44d88) [0x000071df5ec44e80, 0x000071df5ec44f40] Compiler: c1, Barriers: 0, Oops: 0, ImmediateOops: 0, NonImmediateOops: No
[1,885s][debug][gc,nmethod  ] Register NMethod: jdk.internal.classfile.impl.RawBytecodeHelper.getIndexU1 (0x000071df3f71b008) [0x000071df3f71b100, 0x000071df3f71b518] Compiler: c1, Barriers: 2, Oops: 0, ImmediateOops: 0, NonImmediateOops: No
[1,886s][debug][gc,nmethod  ] Register NMethod: jdk.internal.classfile.impl.DirectCodeBuilder.writeDirectLoadConstant (0x000071df3f71b588) [0x000071df3f71b680, 0x000071df3f71c798] Compiler: c1, Barriers: 4, Oops: 0, ImmediateOops: 0, NonImmediateOops: No
[1,886s][debug][gc,nmethod  ] Register NMethod: java.lang.invoke.MethodHandle.linkToSpecial (0x000071df5ec45088) [0x000071df5ec45180, 0x000071df5ec45278] Compiler: , Barriers: 0, Oops: 0, ImmediateOops: 0, NonImmediateOops: No
[1,887s][debug][gc,nmethod  ] Register NMethod: jdk.internal.misc.Unsafe.fullFence (0x000071df5ec45388) [0x000071df5ec45480, 0x000071df5ec455c8] Compiler: , Barriers: 0, Oops: 0, ImmediateOops: 0, NonImmediateOops: No
[1,887s][debug][gc,nmethod  ] Register NMethod: java.lang.invoke.MethodHandle.linkToSpecial (0x000071df5ec45688) [0x000071df5ec45780, 0x000071df5ec45878] Compiler: , Barriers: 0, Oops: 0, ImmediateOops: 0, NonImmediateOops: No
[1,887s][debug][gc,nmethod  ] Register NMethod: java.lang.classfile.constantpool.ConstantPoolBuilder.nameAndTypeEntry (0x000071df3f71c808) [0x000071df3f71c900, 0x000071df3f71d020] Compiler: c1, Barriers: 0, Oops: 0, ImmediateOops: 0, NonImmediateOops: No
[1,887s][debug][gc,nmethod  ] Register NMethod: java.lang.reflect.ProxyGenerator$ProxyMethod.parameterTypes (0x000071df3f71d088) [0x000071df3f71d180, 0x000071df3f71d4c0] Compiler: c1, Barriers: 2, Oops: 0, ImmediateOops: 0, NonImmediateOops: No
[1,888s][debug][gc,director ] Rule Major: Warmup 10%, Used: 70MB, UsedThreshold: 1228MB
[1,888s][debug][gc,nmethod  ] Register NMethod: jdk.internal.classfile.impl.StackCounter.<init> (0x000071df3f71d508) [0x000071df3f71d600, 0x000071df3f733378] Compiler: c1, Barriers: 88, Oops: 2, ImmediateOops: 17, NonImmediateOops: No
[1,888s][debug][gc,nmethod  ] Register NMethod: java.lang.CharSequence.isEmpty (0x000071df3f733408) [0x000071df3f733500, 0x000071df3f733848] Compiler: c1, Barriers: 0, Oops: 0, ImmediateOops: 0, NonImmediateOops: No
[1,888s][debug][gc,nmethod  ] Register NMethod: jdk.internal.classfile.impl.SplitConstantPool.fieldRefEntry (0x000071df3f733888) [0x000071df3f733980, 0x000071df3f7362d8] Compiler: c1, Barriers: 6, Oops: 0, ImmediateOops: 0, NonImmediateOops: No
[1,889s][debug][gc,nmethod  ] Register NMethod: java.lang.Class.forName (0x000071df3f736308) [0x000071df3f736400, 0x000071df3f736520] Compiler: c1, Barriers: 0, Oops: 0, ImmediateOops: 0, NonImmediateOops: No
[1,889s][debug][gc,nmethod  ] Register NMethod: jdk.internal.classfile.impl.EntryMap.put (0x000071df5ec45988) [0x000071df5ec45a80, 0x000071df5ec45d60] Compiler: jvmci, Barriers: 1, Oops: 0, ImmediateOops: 0, NonImmediateOops: No
[1,889s][debug][gc,nmethod  ] Register NMethod: jdk.internal.classfile.impl.DirectCodeBuilder.newLabel (0x000071df3f736608) [0x000071df3f736700, 0x000071df3f7369e8] Compiler: c1, Barriers: 3, Oops: 0, ImmediateOops: 0, NonImmediateOops: No
[1,889s][debug][gc,nmethod  ] Register NMethod: jdk.internal.classfile.impl.DirectCodeBuilder.labelBinding (0x000071df3f736a08) [0x000071df3f736b00, 0x000071df3f737230] Compiler: c1, Barriers: 1, Oops: 0, ImmediateOops: 0, NonImmediateOops: No
[1,890s][debug][gc,nmethod  ] Register NMethod: java.lang.classfile.Attributes.stackMapTable (0x000071df3f737288) [0x000071df3f737380, 0x000071df3f737468] Compiler: c1, Barriers: 0, Oops: 0, ImmediateOops: 1, NonImmediateOops: No
[1,890s][debug][gc,nmethod  ] Register NMethod: jdk.internal.classfile.impl.DirectCodeBuilder.methodInfo (0x000071df5ec45d88) [0x000071df5ec45e80, 0x000071df5ec45f68] Compiler: c1, Barriers: 1, Oops: 0, ImmediateOops: 0, NonImmediateOops: No
[1,890s][debug][gc,nmethod  ] Register NMethod: jdk.internal.classfile.impl.BufWriterImpl.labelContext (0x000071df5ec46088) [0x000071df5ec46180, 0x000071df5ec46268] Compiler: c1, Barriers: 1, Oops: 0, ImmediateOops: 0, NonImmediateOops: No
[1,890s][debug][gc,nmethod  ] Register NMethod: jdk.internal.classfile.impl.BufWriterImpl.grow (0x000071df3f737588) [0x000071df3f737680, 0x000071df3f737910] Compiler: c1, Barriers: 4, Oops: 0, ImmediateOops: 0, NonImmediateOops: No
[1,891s][debug][gc,nmethod  ] Register NMethod: jdk.internal.classfile.impl.RawBytecodeHelper.next (0x000071df5ec46388) [0x000071df5ec46480, 0x000071df5ec466a8] Compiler: jvmci, Barriers: 2, Oops: 0, ImmediateOops: 1, NonImmediateOops: No
[1,892s][debug][gc,nmethod  ] Register NMethod: sun.reflect.generics.tree.SimpleClassTypeSignature.getName (0x000071df5ec46708) [0x000071df5ec46800, 0x000071df5ec468e8] Compiler: c1, Barriers: 1, Oops: 0, ImmediateOops: 0, NonImmediateOops: No
[1,892s][debug][gc,nmethod  ] Register NMethod: sun.reflect.generics.visitor.Reifier.getFactory (0x000071df5ec46a08) [0x000071df5ec46b00, 0x000071df5ec46be8] Compiler: c1, Barriers: 1, Oops: 0, ImmediateOops: 0, NonImmediateOops: No
[1,892s][debug][gc,nmethod  ] Register NMethod: sun.reflect.generics.tree.SimpleClassTypeSignature.getDollar (0x000071df5ec46d08) [0x000071df5ec46e00, 0x000071df5ec46ec0] Compiler: c1, Barriers: 0, Oops: 0, ImmediateOops: 0, NonImmediateOops: No
[1,892s][debug][gc,nmethod  ] Register NMethod: sun.reflect.generics.tree.ClassTypeSignature.getPath (0x000071df5ec47008) [0x000071df5ec47100, 0x000071df5ec471e8] Compiler: c1, Barriers: 1, Oops: 0, ImmediateOops: 0, NonImmediateOops: No
[1,892s][debug][gc,nmethod  ] Register NMethod: sun.reflect.generics.tree.SimpleClassTypeSignature.getTypeArguments (0x000071df5ec47308) [0x000071df5ec47400, 0x000071df5ec474e8] Compiler: c1, Barriers: 1, Oops: 0, ImmediateOops: 0, NonImmediateOops: No
[1,892s][debug][gc,nmethod  ] Register NMethod: jdk.internal.reflect.ConstantPool.getUTF8At (0x000071df3f737988) [0x000071df3f737a80, 0x000071df3f737bf0] Compiler: c1, Barriers: 1, Oops: 0, ImmediateOops: 0, NonImmediateOops: No
[1,894s][debug][gc,nmethod  ] Register NMethod: sun.reflect.generics.parser.SignatureParser.current (0x000071df5ec47608) [0x000071df5ec47700, 0x000071df5ec478c8] Compiler: jvmci, Barriers: 2, Oops: 0, ImmediateOops: 0, NonImmediateOops: No
[1,896s][debug][gc,nmethod  ] Register NMethod: java.lang.invoke.MemberName.isCallerSensitive (0x000071df3f737c88) [0x000071df3f737d80, 0x000071df3f737f38] Compiler: c1, Barriers: 0, Oops: 0, ImmediateOops: 0, NonImmediateOops: No
[1,898s][debug][gc,director ] Rule Major: Warmup 10%, Used: 70MB, UsedThreshold: 1228MB
[1,900s][debug][gc,nmethod  ] Register NMethod: jdk.internal.classfile.impl.SplitConstantPool.internalAdd (0x000071df5ec47908) [0x000071df5ec47a20, 0x000071df5ec48540] Compiler: jvmci, Barriers: 11, Oops: 1, ImmediateOops: 0, NonImmediateOops: No
[1,901s][debug][gc,nmethod  ] Register NMethod: java.util.regex.Pattern.lambda$ALL$0 (0x000071df5ec48588) [0x000071df5ec48680, 0x000071df5ec48720] Compiler: c1, Barriers: 0, Oops: 0, ImmediateOops: 0, NonImmediateOops: No
[1,901s][debug][gc,nmethod  ] Register NMethod: java.lang.Character.isHighSurrogate (0x000071df3f737f88) [0x000071df3f738080, 0x000071df3f7381e0] Compiler: c1, Barriers: 0, Oops: 0, ImmediateOops: 0, NonImmediateOops: No
[1,901s][debug][gc,nmethod  ] Register NMethod: java.lang.invoke.MethodHandle.linkToInterface (0x000071df5ec48888) [0x000071df5ec48980, 0x000071df5ec48ab0] Compiler: , Barriers: 0, Oops: 0, ImmediateOops: 0, NonImmediateOops: No
[1,901s][debug][gc,nmethod  ] Register NMethod: java.lang.Character.codePointAt (0x000071df3f738288) [0x000071df3f738380, 0x000071df3f738d50] Compiler: c1, Barriers: 0, Oops: 0, ImmediateOops: 0, NonImmediateOops: No
[1,902s][debug][gc,nmethod  ] Register NMethod: java.lang.invoke.MethodHandle.invokeBasic (0x000071df5ec48b88) [0x000071df5ec48c80, 0x000071df5ec48f18] Compiler: , Barriers: 0, Oops: 0, ImmediateOops: 0, NonImmediateOops: No
[1,902s][debug][gc,nmethod  ] Register NMethod: java.lang.invoke.DirectMethodHandle.internalMemberName (0x000071df5ec48f88) [0x000071df5ec49080, 0x000071df5ec49168] Compiler: c1, Barriers: 1, Oops: 0, ImmediateOops: 0, NonImmediateOops: No
[1,902s][debug][gc,nmethod  ] Register NMethod: jdk.internal.classfile.impl.AnnotationImpl.className (0x000071df5ec49288) [0x000071df5ec49380, 0x000071df5ec49468] Compiler: c1, Barriers: 1, Oops: 0, ImmediateOops: 0, NonImmediateOops: No
[1,902s][debug][gc,nmethod  ] Register NMethod: jdk.internal.classfile.impl.AnnotationImpl.elements (0x000071df5ec49588) [0x000071df5ec49680, 0x000071df5ec49768] Compiler: c1, Barriers: 1, Oops: 0, ImmediateOops: 0, NonImmediateOops: No
[1,903s][debug][gc,nmethod  ] Register NMethod: java.lang.classfile.ClassFile.latestMinorVersion (0x000071df5ec49888) [0x000071df5ec49980, 0x000071df5ec49a20] Compiler: c1, Barriers: 0, Oops: 0, ImmediateOops: 0, NonImmediateOops: No
[1,903s][debug][gc,nmethod  ] Register NMethod: java.lang.classfile.ClassFile.latestMajorVersion (0x000071df5ec49b88) [0x000071df5ec49c80, 0x000071df5ec49d20] Compiler: c1, Barriers: 0, Oops: 0, ImmediateOops: 0, NonImmediateOops: No
[1,903s][debug][gc,nmethod  ] Register NMethod: jdk.internal.classfile.impl.DirectClassBuilder.setFlags (0x000071df5ec49e88) [0x000071df5ec49f80, 0x000071df5ec4a040] Compiler: c1, Barriers: 0, Oops: 0, ImmediateOops: 0, NonImmediateOops: No
[1,903s][debug][gc,nmethod  ] Register NMethod: jdk.internal.classfile.impl.Util.writeList (0x000071df3f738d88) [0x000071df3f738e80, 0x000071df3f739810] Compiler: c1, Barriers: 3, Oops: 0, ImmediateOops: 0, NonImmediateOops: No
[1,903s][debug][gc,nmethod  ] Register NMethod: jdk.internal.classfile.impl.BufWriterImpl.copyTo (0x000071df3f739888) [0x000071df3f739980, 0x000071df3f739d40] Compiler: c1, Barriers: 1, Oops: 0, ImmediateOops: 0, NonImmediateOops: No
[1,903s][debug][gc,nmethod  ] Register NMethod: jdk.internal.classfile.impl.AbstractPoolEntry$Utf8EntryImpl.fieldTypeSymbol (0x000071df3f739d88) [0x000071df3f739e80, 0x000071df3f73ae78] Compiler: c1, Barriers: 5, Oops: 0, ImmediateOops: 0, NonImmediateOops: No
[1,903s][debug][gc,nmethod  ] Register NMethod: java.lang.invoke.LambdaForm$Name.isParam (0x000071df3f73ae88) [0x000071df3f73af80, 0x000071df3f73b100] Compiler: c1, Barriers: 1, Oops: 0, ImmediateOops: 0, NonImmediateOops: No
[1,904s][debug][gc,nmethod  ] Register NMethod: jdk.internal.classfile.impl.StackMapGenerator$Type.equals (0x000071df3f73b188) [0x000071df3f73b280, 0x000071df3f73bbd0] Compiler: c1, Barriers: 2, Oops: 0, ImmediateOops: 0, NonImmediateOops: No
[1,904s][debug][gc,nmethod  ] Register NMethod: java.lang.invoke.MemberName.getReferenceKind (0x000071df5ec4a188) [0x000071df5ec4a280, 0x000071df5ec4a310] Compiler: jvmci, Barriers: 0, Oops: 0, ImmediateOops: 0, NonImmediateOops: No
[1,906s][debug][gc,nmethod  ] Register NMethod: jdk.internal.jimage.ImageStringsReader.hashCode (0x000071df3f73bc08) [0x000071df3f73bd00, 0x000071df3f73be60] Compiler: c1, Barriers: 0, Oops: 0, ImmediateOops: 0, NonImmediateOops: No
[1,906s][debug][gc,nmethod  ] Register NMethod: jdk.internal.module.SystemModuleFinders$SystemImage.reader (0x000071df3f73bf08) [0x000071df3f73c000, 0x000071df3f73c0e8] Compiler: c1, Barriers: 0, Oops: 0, ImmediateOops: 1, NonImmediateOops: No
[1,906s][debug][gc,nmethod  ] Register NMethod: jdk.internal.jimage.ImageReader.requireOpen (0x000071df3f73c208) [0x000071df3f73c300, 0x000071df3f73c508] Compiler: c1, Barriers: 0, Oops: 0, ImmediateOops: 1, NonImmediateOops: No
[1,906s][debug][gc,nmethod  ] Register NMethod: jdk.internal.jimage.ImageStringsReader.hashCode (0x000071df3f73c588) [0x000071df3f73c680, 0x000071df3f73c830] Compiler: c1, Barriers: 0, Oops: 0, ImmediateOops: 0, NonImmediateOops: No
[1,906s][debug][gc,nmethod  ] Register NMethod: jdk.internal.loader.BuiltinClassLoader.moduleReaderFor (0x000071df3f73c888) [0x000071df3f73c980, 0x000071df3f73d588] Compiler: c1, Barriers: 5, Oops: 0, ImmediateOops: 0, NonImmediateOops: No
[1,906s][debug][gc,nmethod  ] Register NMethod: jdk.internal.jimage.BasicImageReader.getLocationIndex (0x000071df3f73d608) [0x000071df3f73d700, 0x000071df3f73dec8] Compiler: c1, Barriers: 2, Oops: 0, ImmediateOops: 0, NonImmediateOops: No
[1,906s][debug][gc,nmethod  ] Register NMethod: jdk.internal.module.SystemModuleFinders$SystemModuleReader.containsImageLocation (0x000071df3f73df08) [0x000071df3f73e000, 0x000071df3f73e9e0] Compiler: c1, Barriers: 2, Oops: 1, ImmediateOops: 4, NonImmediateOops: No
[1,906s][debug][gc,nmethod  ] Register NMethod: jdk.internal.jimage.ImageReader.verifyLocation (0x000071df3f73ea08) [0x000071df3f73eb00, 0x000071df3f73efb0] Compiler: c1, Barriers: 1, Oops: 0, ImmediateOops: 1, NonImmediateOops: No
[1,907s][debug][gc,nmethod  ] Register NMethod: jdk.internal.module.SystemModuleFinders$SystemModuleReader.find (0x000071df3f73f008) [0x000071df3f73f100, 0x000071df3f740770] Compiler: c1, Barriers: 5, Oops: 2, ImmediateOops: 4, NonImmediateOops: No
[1,907s][debug][gc,nmethod  ] Register NMethod: jdk.internal.jimage.BasicImageReader.verifyLocation (0x000071df3f740788) [0x000071df3f740880, 0x000071df3f740d18] Compiler: c1, Barriers: 3, Oops: 0, ImmediateOops: 0, NonImmediateOops: No
[1,908s][debug][gc,director ] Rule Major: Warmup 10%, Used: 70MB, UsedThreshold: 1228MB
[1,909s][debug][gc,nmethod  ] Register NMethod: java.lang.AbstractStringBuilder.<init> (0x000071df5ec4a488) [0x000071df5ec4a580, 0x000071df5ec4a7f0] Compiler: jvmci, Barriers: 3, Oops: 0, ImmediateOops: 0, NonImmediateOops: No
[1,910s][debug][gc,nmethod  ] Register NMethod: java.lang.String.<init> (0x000071df5ec4a808) [0x000071df5ec4a900, 0x000071df5ec4ace0] Compiler: jvmci, Barriers: 4, Oops: 0, ImmediateOops: 0, NonImmediateOops: No
[1,913s][debug][gc,nmethod  ] Register NMethod: java.util.Arrays.copyOf (0x000071df5ec4ad08) [0x000071df5ec4ae00, 0x000071df5ec4b1d0] Compiler: jvmci, Barriers: 0, Oops: 0, ImmediateOops: 0, NonImmediateOops: No
[1,914s][debug][gc,nmethod  ] Register NMethod: jdk.internal.loader.URLClassPath$JarLoader.findResource (0x000071df3f740d88) [0x000071df3f740e80, 0x000071df3f741210] Compiler: c1, Barriers: 0, Oops: 0, ImmediateOops: 0, NonImmediateOops: No
[1,918s][debug][gc,nmethod  ] Register NMethod: java.lang.ClassLoader.getUnnamedModule (0x000071df5ec4b208) [0x000071df5ec4b300, 0x000071df5ec4b3e8] Compiler: c1, Barriers: 1, Oops: 0, ImmediateOops: 0, NonImmediateOops: No
[1,918s][debug][gc,director ] Rule Major: Warmup 10%, Used: 72MB, UsedThreshold: 1228MB
[1,921s][debug][gc,nmethod  ] Register NMethod: java.lang.invoke.MethodHandleNatives.refKindIsField (0x000071df3f741288) [0x000071df3f741380, 0x000071df3f7414c0] Compiler: c1, Barriers: 0, Oops: 0, ImmediateOops: 0, NonImmediateOops: No
[1,923s][debug][gc,nmethod  ] Register NMethod: jdk.internal.reflect.Reflection.getClassAccessFlags (0x000071df5ec4b508) [0x000071df5ec4b600, 0x000071df5ec4b768] Compiler: , Barriers: 0, Oops: 0, ImmediateOops: 1, NonImmediateOops: No
[1,923s][debug][gc,nmethod  ] Register NMethod: java.util.Properties.loadConvert (0x000071df3f741588) [0x000071df3f741680, 0x000071df3f7434f0] Compiler: c1, Barriers: 0, Oops: 0, ImmediateOops: 3, NonImmediateOops: No
[1,923s][debug][gc,nmethod  ] Register NMethod: java.lang.invoke.MethodHandle.linkToStatic (0x000071df5ec4b808) [0x000071df5ec4b900, 0x000071df5ec4b9f0] Compiler: , Barriers: 0, Oops: 0, ImmediateOops: 0, NonImmediateOops: No
[1,924s][debug][gc,nmethod  ] Register NMethod: java.lang.invoke.MethodHandle.linkToStatic (0x000071df5ec4bb08) [0x000071df5ec4bc00, 0x000071df5ec4bcf0] Compiler: , Barriers: 0, Oops: 0, ImmediateOops: 0, NonImmediateOops: No
[1,926s][debug][gc,nmethod  ] Register NMethod: jdk.internal.classfile.impl.StackMapGenerator.processInvokeInstructions (0x000071df3f743508) [0x000071df3f743600, 0x000071df3f74a0d0] Compiler: c1, Barriers: 19, Oops: 5, ImmediateOops: 17, NonImmediateOops: No
[1,927s][debug][gc,nmethod  ] Register NMethod: java.lang.invoke.DirectMethodHandle.preparedLambdaForm (0x000071df3f74a108) [0x000071df3f74a200, 0x000071df3f74b090] Compiler: c1, Barriers: 4, Oops: 0, ImmediateOops: 0, NonImmediateOops: No
[1,927s][debug][gc,nmethod  ] Register NMethod: java.lang.invoke.DirectMethodHandle.preparedLambdaForm (0x000071df3f74b108) [0x000071df3f74b200, 0x000071df3f74dc68] Compiler: c1, Barriers: 10, Oops: 0, ImmediateOops: 0, NonImmediateOops: No
[1,928s][debug][gc,director ] Rule Major: Warmup 10%, Used: 72MB, UsedThreshold: 1228MB
[1,929s][debug][gc,nmethod  ] Register NMethod: java.util.Properties.getProperty (0x000071df3f74dc88) [0x000071df3f74dd80, 0x000071df3f74e620] Compiler: c1, Barriers: 2, Oops: 0, ImmediateOops: 0, NonImmediateOops: No
[1,933s][debug][gc,nmethod  ] Register NMethod: jdk.internal.jimage.ImageStringsReader.unmaskedHashCode (0x000071df5ec4be08) [0x000071df5ec4bf00, 0x000071df5ec4c3b0] Compiler: jvmci, Barriers: 1, Oops: 0, ImmediateOops: 0, NonImmediateOops: No
[1,933s][debug][gc,nmethod  ] Register NMethod: java.lang.String.startsWith (0x000071df3f74e688) [0x000071df3f74e780, 0x000071df3f74ea78] Compiler: c1, Barriers: 0, Oops: 0, ImmediateOops: 0, NonImmediateOops: No
[1,933s][debug][gc,nmethod  ] Register NMethod: java.lang.String.startsWith (0x000071df3f74ea88) [0x000071df3f74eb80, 0x000071df3f74fda0] Compiler: c1, Barriers: 2, Oops: 0, ImmediateOops: 0, NonImmediateOops: No
[1,934s][debug][gc,nmethod  ] Register NMethod: java.util.ArrayList.indexOfRange (0x000071df3f74fe08) [0x000071df3f74ff00, 0x000071df3f750538] Compiler: c1, Barriers: 3, Oops: 0, ImmediateOops: 0, NonImmediateOops: No
[1,934s][debug][gc,nmethod  ] Register NMethod: java.util.ArrayList.contains (0x000071df3f750588) [0x000071df3f750680, 0x000071df3f750898] Compiler: c1, Barriers: 0, Oops: 0, ImmediateOops: 0, NonImmediateOops: No
[1,934s][debug][gc,nmethod  ] Register NMethod: java.util.ArrayList.indexOf (0x000071df3f750908) [0x000071df3f750a00, 0x000071df3f750b40] Compiler: c1, Barriers: 0, Oops: 0, ImmediateOops: 0, NonImmediateOops: No
[1,936s][debug][gc,nmethod  ] Register NMethod: jdk.internal.util.ArraysSupport.mismatch (0x000071df5ec4c408) [0x000071df5ec4c500, 0x000071df5ec4c798] Compiler: jvmci, Barriers: 0, Oops: 0, ImmediateOops: 0, NonImmediateOops: No
[1,936s][debug][gc,nmethod  ] Register NMethod: java.util.Arrays.fill (0x000071df3f750c08) [0x000071df3f750d00, 0x000071df3f750f08] Compiler: c1, Barriers: 0, Oops: 0, ImmediateOops: 0, NonImmediateOops: No
[1,936s][debug][gc,nmethod  ] Register NMethod: com.sun.org.apache.xerces.internal.util.Status.isExceptional (0x000071df5ec4c808) [0x000071df5ec4c900, 0x000071df5ec4c9c0] Compiler: c1, Barriers: 0, Oops: 0, ImmediateOops: 0, NonImmediateOops: No
[1,937s][debug][gc,nmethod  ] Register NMethod: com.sun.org.apache.xerces.internal.util.XMLChar.isInvalid (0x000071df3f750f88) [0x000071df3f751080, 0x000071df3f751310] Compiler: c1, Barriers: 0, Oops: 0, ImmediateOops: 1, NonImmediateOops: No
[1,937s][debug][gc,nmethod  ] Register NMethod: com.sun.org.apache.xerces.internal.util.XMLChar.isValid (0x000071df3f751388) [0x000071df3f751480, 0x000071df3f751668] Compiler: c1, Barriers: 0, Oops: 0, ImmediateOops: 1, NonImmediateOops: No
[1,938s][debug][gc,director ] Rule Major: Warmup 10%, Used: 72MB, UsedThreshold: 1228MB
[1,939s][debug][gc,nmethod  ] Register NMethod: java.util.Arrays.fill (0x000071df5ec4cb08) [0x000071df5ec4cc00, 0x000071df5ec4cdf8] Compiler: jvmci, Barriers: 0, Oops: 0, ImmediateOops: 0, NonImmediateOops: No
[1,939s][debug][gc,nmethod  ] Register NMethod: com.sun.org.apache.xerces.internal.util.XMLChar.isContent (0x000071df3f751688) [0x000071df3f751780, 0x000071df3f751968] Compiler: c1, Barriers: 0, Oops: 0, ImmediateOops: 1, NonImmediateOops: No
[1,939s][debug][gc,nmethod  ] Register NMethod: java.lang.CharacterDataLatin1.getPropertiesEx (0x000071df3f751988) [0x000071df3f751a80, 0x000071df3f751bb0] Compiler: c1, Barriers: 0, Oops: 0, ImmediateOops: 1, NonImmediateOops: No
[1,939s][debug][gc,nmethod  ] Register NMethod: java.lang.CharacterDataLatin1.isUpperCase (0x000071df3f751c88) [0x000071df3f751d80, 0x000071df3f752118] Compiler: c1, Barriers: 0, Oops: 0, ImmediateOops: 1, NonImmediateOops: No
[1,941s][debug][gc,nmethod  ] Register NMethod: java.lang.String.toLowerCase (0x000071df3f752188) [0x000071df3f752280, 0x000071df3f752730] Compiler: c1, Barriers: 2, Oops: 0, ImmediateOops: 0, NonImmediateOops: No
[1,941s][debug][gc,nmethod  ] Register NMethod: java.lang.StringLatin1.toLowerCase (0x000071df3f752788) [0x000071df3f752880, 0x000071df3f753b50] Compiler: c1, Barriers: 5, Oops: 1, ImmediateOops: 6, NonImmediateOops: No
[1,942s][debug][gc,nmethod  ] Register NMethod: jdk.internal.loader.ClassLoaders$AppClassLoader.defineOrCheckPackage (0x000071df3f753b88) [0x000071df3f753c80, 0x000071df3f753db0] Compiler: c1, Barriers: 0, Oops: 0, ImmediateOops: 0, NonImmediateOops: No
[1,943s][debug][gc,nmethod  ] Register NMethod: jdk.internal.loader.BuiltinClassLoader.defineOrCheckPackage (0x000071df3f753e88) [0x000071df3f753f80, 0x000071df3f7550b8] Compiler: c1, Barriers: 0, Oops: 1, ImmediateOops: 2, NonImmediateOops: No
[1,943s][debug][gc,nmethod  ] Register NMethod: jdk.internal.loader.BuiltinClassLoader.getAndVerifyPackage (0x000071df3f755108) [0x000071df3f755200, 0x000071df3f757d18] Compiler: c1, Barriers: 4, Oops: 4, ImmediateOops: 6, NonImmediateOops: No
[1,943s][debug][gc,nmethod  ] Register NMethod: jdk.internal.loader.BuiltinClassLoader.defineClass (0x000071df3f757d88) [0x000071df3f757e80, 0x000071df3f75ad88] Compiler: c1, Barriers: 6, Oops: 0, ImmediateOops: 0, NonImmediateOops: No
[1,945s][debug][gc,nmethod  ] Register NMethod: jdk.internal.loader.BuiltinClassLoader.findClassOnClassPathOrNull (0x000071df3f75ae08) [0x000071df3f75af00, 0x000071df3f75d6c0] Compiler: c1, Barriers: 6, Oops: 1, ImmediateOops: 8, NonImmediateOops: No
[1,946s][debug][gc,nmethod  ] Register NMethod: jdk.internal.misc.Unsafe.allocateUninitializedArray (0x000071df5ec4ce08) [0x000071df5ec4cf00, 0x000071df5ec4d168] Compiler: jvmci, Barriers: 0, Oops: 0, ImmediateOops: 1, NonImmediateOops: No
[1,948s][debug][gc,director ] Rule Major: Warmup 10%, Used: 74MB, UsedThreshold: 1228MB
[1,948s][debug][gc,nmethod  ] Register NMethod: ch.qos.logback.core.joran.spi.ElementPath.get (0x000071df3f75d708) [0x000071df3f75d800, 0x000071df3f75dd40] Compiler: c1, Barriers: 3, Oops: 1, ImmediateOops: 0, NonImmediateOops: No
[1,950s][debug][gc,nmethod  ] Register NMethod: ch.qos.logback.core.joran.spi.ElementPath.size (0x000071df3f75dd88) [0x000071df3f75de80, 0x000071df3f75dfe0] Compiler: c1, Barriers: 1, Oops: 1, ImmediateOops: 0, NonImmediateOops: No
[1,950s][debug][gc,nmethod  ] Register NMethod: java.lang.PublicMethods$MethodList.<init> (0x000071df3f75e088) [0x000071df3f75e180, 0x000071df3f75e350] Compiler: c1, Barriers: 3, Oops: 0, ImmediateOops: 0, NonImmediateOops: No
[1,950s][debug][gc,nmethod  ] Register NMethod: java.lang.PublicMethods$Key.hashCode (0x000071df3f75e388) [0x000071df3f75e480, 0x000071df3f75e718] Compiler: c1, Barriers: 2, Oops: 0, ImmediateOops: 0, NonImmediateOops: No
[1,951s][debug][gc,nmethod  ] Register NMethod: java.lang.PublicMethods$MethodList.length (0x000071df3f75e788) [0x000071df3f75e880, 0x000071df3f75ea88] Compiler: c1, Barriers: 2, Oops: 0, ImmediateOops: 0, NonImmediateOops: No
[1,951s][debug][gc,nmethod  ] Register NMethod: java.lang.PublicMethods$Key.<init> (0x000071df3f75eb08) [0x000071df3f75ec00, 0x000071df3f75f180] Compiler: c1, Barriers: 8, Oops: 1, ImmediateOops: 2, NonImmediateOops: No
[1,951s][debug][gc,nmethod  ] Register NMethod: java.lang.String.replace (0x000071df5ec4d188) [0x000071df5ec4d280, 0x000071df5ec4d938] Compiler: jvmci, Barriers: 3, Oops: 0, ImmediateOops: 0, NonImmediateOops: No
[1,951s][debug][gc,nmethod  ] Register NMethod: java.lang.PublicMethods.merge (0x000071df3f75f208) [0x000071df3f75f300, 0x000071df3f7603a0] Compiler: c1, Barriers: 14, Oops: 1, ImmediateOops: 2, NonImmediateOops: No
[1,951s][debug][gc,nmethod  ] Register NMethod: java.lang.PublicMethods$MethodList.merge (0x000071df3f760408) [0x000071df3f760500, 0x000071df3f762420] Compiler: c1, Barriers: 25, Oops: 0, ImmediateOops: 0, NonImmediateOops: No
[1,951s][debug][gc,nmethod  ] Register NMethod: java.lang.reflect.Method.getParameterTypes (0x000071df3f762488) [0x000071df3f762580, 0x000071df3f762af8] Compiler: c1, Barriers: 1, Oops: 0, ImmediateOops: 0, NonImmediateOops: No
[1,952s][debug][gc,nmethod  ] Register NMethod: java.lang.invoke.MemberName.changeReferenceKind (0x000071df3f762b08) [0x000071df3f762c00, 0x000071df3f762d20] Compiler: c1, Barriers: 0, Oops: 0, ImmediateOops: 0, NonImmediateOops: No
[1,952s][debug][gc,nmethod  ] Register NMethod: java.lang.String.substring (0x000071df3f762e08) [0x000071df3f762f00, 0x000071df3f763698] Compiler: c1, Barriers: 1, Oops: 0, ImmediateOops: 0, NonImmediateOops: No
[1,953s][debug][gc,nmethod  ] Register NMethod: java.lang.reflect.Method.getParameterCount (0x000071df3f763708) [0x000071df3f763800, 0x000071df3f763938] Compiler: c1, Barriers: 1, Oops: 0, ImmediateOops: 0, NonImmediateOops: No
[1,953s][debug][gc,nmethod  ] Register NMethod: java.lang.invoke.LambdaForm$Name.<init> (0x000071df3f763a08) [0x000071df3f763b00, 0x000071df3f764ac8] Compiler: c1, Barriers: 8, Oops: 0, ImmediateOops: 1, NonImmediateOops: No
[1,953s][debug][gc,nmethod  ] Register NMethod: ch.qos.logback.core.joran.spi.SimpleRuleStore.isKleeneStar (0x000071df3f764b08) [0x000071df3f764c00, 0x000071df3f764f48] Compiler: c1, Barriers: 1, Oops: 1, ImmediateOops: 1, NonImmediateOops: No
[1,954s][debug][gc,nmethod  ] Register NMethod: ch.qos.logback.core.joran.spi.ElementPath.peekLast (0x000071df3f764f88) [0x000071df3f765080, 0x000071df3f765700] Compiler: c1, Barriers: 3, Oops: 1, ImmediateOops: 0, NonImmediateOops: No
[1,954s][debug][gc,nmethod  ] Register NMethod: java.lang.String.startsWith (0x000071df5ec4d988) [0x000071df5ec4da80, 0x000071df5ec4dd80] Compiler: jvmci, Barriers: 2, Oops: 0, ImmediateOops: 0, NonImmediateOops: No
[1,954s][debug][gc,nmethod  ] Register NMethod: java.lang.invoke.DirectMethodHandle.preparedLambdaForm (0x000071df3f765788) [0x000071df3f765880, 0x000071df3f765998] Compiler: c1, Barriers: 0, Oops: 0, ImmediateOops: 0, NonImmediateOops: No
[1,955s][debug][gc,nmethod  ] Register NMethod: java.util.ImmutableCollections$ListN.size (0x000071df5ec4dd88) [0x000071df5ec4de80, 0x000071df5ec4df60] Compiler: jvmci, Barriers: 1, Oops: 0, ImmediateOops: 0, NonImmediateOops: No
[1,955s][debug][gc,nmethod  ] Register NMethod: java.lang.invoke.MemberName.isVarargs (0x000071df3f765a88) [0x000071df3f765b80, 0x000071df3f766078] Compiler: c1, Barriers: 0, Oops: 0, ImmediateOops: 0, NonImmediateOops: No
[1,955s][debug][gc,nmethod  ] Register NMethod: java.util.ArrayList.get (0x000071df5ec4e088) [0x000071df5ec4e180, 0x000071df5ec4e2e8] Compiler: jvmci, Barriers: 2, Oops: 0, ImmediateOops: 0, NonImmediateOops: No
[1,956s][debug][gc,nmethod  ] Register NMethod: java.lang.invoke.MethodHandle.setVarargs (0x000071df3f766088) [0x000071df3f766180, 0x000071df3f767c98] Compiler: c1, Barriers: 0, Oops: 2, ImmediateOops: 4, NonImmediateOops: No
[1,957s][debug][gc,nmethod  ] Register NMethod: java.lang.StringBuilder.<init> (0x000071df5ec4e388) [0x000071df5ec4e480, 0x000071df5ec4e628] Compiler: jvmci, Barriers: 3, Oops: 0, ImmediateOops: 0, NonImmediateOops: No
[1,958s][debug][gc,director ] Rule Major: Warmup 10%, Used: 74MB, UsedThreshold: 1228MB
[1,959s][debug][gc,nmethod  ] Register NMethod: java.lang.String.indexOf (0x000071df5ec4e688) [0x000071df5ec4e780, 0x000071df5ec4ea60] Compiler: jvmci, Barriers: 2, Oops: 0, ImmediateOops: 0, NonImmediateOops: No
[1,960s][debug][gc,nmethod  ] Register NMethod: java.lang.CharacterDataLatin1.equalsIgnoreCase (0x000071df5ec4ea88) [0x000071df5ec4eb80, 0x000071df5ec4ec90] Compiler: jvmci, Barriers: 0, Oops: 0, ImmediateOops: 0, NonImmediateOops: No
[1,962s][debug][gc,nmethod  ] Register NMethod: java.lang.AbstractStringBuilder.ensureCapacitySameCoder (0x000071df3f767d08) [0x000071df3f767e00, 0x000071df3f767fa8] Compiler: c1, Barriers: 0, Oops: 0, ImmediateOops: 0, NonImmediateOops: No
[1,962s][debug][gc,nmethod  ] Register NMethod: java.lang.String.<init> (0x000071df3f768008) [0x000071df3f768100, 0x000071df3f768cc0] Compiler: c1, Barriers: 10, Oops: 0, ImmediateOops: 0, NonImmediateOops: No
[1,962s][debug][gc,nmethod  ] Register NMethod: java.lang.reflect.Constructor.getModifiers (0x000071df5ec4ed88) [0x000071df5ec4ee80, 0x000071df5ec4ef40] Compiler: c1, Barriers: 0, Oops: 0, ImmediateOops: 0, NonImmediateOops: No
[1,963s][debug][gc,nmethod  ] Register NMethod: java.util.concurrent.locks.AbstractOwnableSynchronizer.setExclusiveOwnerThread (0x000071df5ec4f088) [0x000071df5ec4f180, 0x000071df5ec4f2b0] Compiler: c1, Barriers: 3, Oops: 0, ImmediateOops: 0, NonImmediateOops: No
[1,963s][debug][gc,nmethod  ] Register NMethod: jdk.internal.loader.BuiltinClassLoader.isSealed (0x000071df3f768d08) [0x000071df3f768e00, 0x000071df3f76c8b0] Compiler: c1, Barriers: 10, Oops: 3, ImmediateOops: 15, NonImmediateOops: No
[1,964s][debug][gc,nmethod  ] Register NMethod: java.util.HashMap.<init> (0x000071df3f76c908) [0x000071df3f76ca00, 0x000071df3f76e648] Compiler: c1, Barriers: 0, Oops: 2, ImmediateOops: 4, NonImmediateOops: No
[1,964s][debug][gc,nmethod  ] Register NMethod: ch.qos.logback.core.joran.spi.ElementSelector.fullPathMatch (0x000071df3f76e688) [0x000071df3f76e780, 0x000071df3f770050] Compiler: c1, Barriers: 8, Oops: 1, ImmediateOops: 0, NonImmediateOops: No
[1,964s][debug][gc,nmethod  ] Register NMethod: java.lang.invoke.MethodHandle.linkToStatic (0x000071df5ec4f388) [0x000071df5ec4f480, 0x000071df5ec4f570] Compiler: , Barriers: 0, Oops: 0, ImmediateOops: 0, NonImmediateOops: No
[1,964s][debug][gc,nmethod  ] Register NMethod: java.lang.constant.ClassDesc.isArray (0x000071df5ec4f688) [0x000071df5ec4f780, 0x000071df5ec4f840] Compiler: c1, Barriers: 0, Oops: 0, ImmediateOops: 0, NonImmediateOops: No
[1,965s][debug][gc,nmethod  ] Register NMethod: java.lang.invoke.MethodHandle.linkToSpecial (0x000071df5ec4f988) [0x000071df5ec4fa80, 0x000071df5ec4fb78] Compiler: , Barriers: 0, Oops: 0, ImmediateOops: 0, NonImmediateOops: No
[1,965s][debug][gc,nmethod  ] Register NMethod: java.lang.invoke.MethodHandle.invokeBasic (0x000071df5ec4fc88) [0x000071df5ec4fd80, 0x000071df5ec50018] Compiler: , Barriers: 0, Oops: 0, ImmediateOops: 0, NonImmediateOops: No
[1,965s][debug][gc,nmethod  ] Register NMethod: java.lang.invoke.MethodHandle.linkToSpecial (0x000071df5ec50088) [0x000071df5ec50180, 0x000071df5ec50278] Compiler: , Barriers: 0, Oops: 0, ImmediateOops: 0, NonImmediateOops: No
[1,965s][debug][gc,nmethod  ] Register NMethod: jdk.internal.classfile.impl.Util.fieldTypeSymbol (0x000071df3f770088) [0x000071df3f770180, 0x000071df3f771588] Compiler: c1, Barriers: 5, Oops: 0, ImmediateOops: 0, NonImmediateOops: No
[1,965s][debug][gc,nmethod  ] Register NMethod: java.lang.invoke.MethodHandle.keepsAlive (0x000071df3f771608) [0x000071df3f771700, 0x000071df3f772300] Compiler: c1, Barriers: 2, Oops: 0, ImmediateOops: 6, NonImmediateOops: No
[1,965s][debug][gc,nmethod  ] Register NMethod: java.lang.invoke.InfoFromMemberName.getReferenceKind (0x000071df5ec50388) [0x000071df5ec50480, 0x000071df5ec50540] Compiler: c1, Barriers: 0, Oops: 0, ImmediateOops: 0, NonImmediateOops: No
[1,965s][debug][gc,nmethod  ] Register NMethod: ch.qos.logback.core.joran.util.beans.BeanUtil.getParameterCount (0x000071df3f772308) [0x000071df3f772400, 0x000071df3f772b80] Compiler: c1, Barriers: 1, Oops: 1, ImmediateOops: 0, NonImmediateOops: No
[1,966s][debug][gc,nmethod  ] Register NMethod: java.lang.invoke.MethodHandle.linkToVirtual (0x000071df5ec50688) [0x000071df5ec50780, 0x000071df5ec507a8] Compiler: , Barriers: 0, Oops: 0, ImmediateOops: 0, NonImmediateOops: No
[1,966s][debug][gc,nmethod  ] Register NMethod: ch.qos.logback.core.joran.spi.SimpleRuleStore.isSuffixPattern (0x000071df3f772c08) [0x000071df3f772d00, 0x000071df3f773940] Compiler: c1, Barriers: 4, Oops: 1, ImmediateOops: 1, NonImmediateOops: No
[1,966s][debug][gc,nmethod  ] Register NMethod: java.lang.ClassLoader.defineClass0 (0x000071df5ec50988) [0x000071df5ec50a80, 0x000071df5ec50e38] Compiler: , Barriers: 0, Oops: 0, ImmediateOops: 1, NonImmediateOops: No
[1,966s][debug][gc,nmethod  ] Register NMethod: jdk.internal.classfile.impl.ClassFileImpl.classHierarchyResolver (0x000071df3f773988) [0x000071df3f773a80, 0x000071df3f773e80] Compiler: c1, Barriers: 1, Oops: 0, ImmediateOops: 1, NonImmediateOops: No
[1,966s][debug][gc,nmethod  ] Register NMethod: java.lang.classfile.ClassHierarchyResolver.cached (0x000071df3f773e88) [0x000071df3f773f80, 0x000071df3f774288] Compiler: c1, Barriers: 0, Oops: 0, ImmediateOops: 1, NonImmediateOops: No
[1,966s][debug][gc,nmethod  ] Register NMethod: jdk.internal.classfile.impl.ClassHierarchyImpl.<init> (0x000071df3f774308) [0x000071df3f774400, 0x000071df3f774b70] Compiler: c1, Barriers: 3, Oops: 0, ImmediateOops: 0, NonImmediateOops: No
[1,966s][debug][gc,nmethod  ] Register NMethod: java.lang.invoke.MethodHandle.invokeBasic (0x000071df5ec50e88) [0x000071df5ec50f80, 0x000071df5ec51218] Compiler: , Barriers: 0, Oops: 0, ImmediateOops: 0, NonImmediateOops: No
[1,966s][debug][gc,nmethod  ] Register NMethod: jdk.internal.classfile.impl.StackMapGenerator.of (0x000071df3f774b88) [0x000071df3f774c80, 0x000071df3f7761f0] Compiler: c1, Barriers: 14, Oops: 0, ImmediateOops: 0, NonImmediateOops: No
[1,966s][debug][gc,nmethod  ] Register NMethod: java.lang.invoke.MethodHandle.linkToSpecial (0x000071df5ec51288) [0x000071df5ec51380, 0x000071df5ec51478] Compiler: , Barriers: 0, Oops: 0, ImmediateOops: 0, NonImmediateOops: No
[1,966s][debug][gc,nmethod  ] Register NMethod: java.lang.classfile.ClassHierarchyResolver.cached (0x000071df3f776208) [0x000071df3f776300, 0x000071df3f7768d0] Compiler: c1, Barriers: 0, Oops: 0, ImmediateOops: 0, NonImmediateOops: No
[1,966s][debug][gc,nmethod  ] Register NMethod: java.lang.classfile.ClassHierarchyResolver$1Factory.get (0x000071df3f776908) [0x000071df3f776a00, 0x000071df3f776e90] Compiler: c1, Barriers: 0, Oops: 0, ImmediateOops: 0, NonImmediateOops: No
[1,966s][debug][gc,nmethod  ] Register NMethod: java.lang.classfile.ClassHierarchyResolver$1Factory.get (0x000071df3f776f08) [0x000071df3f777000, 0x000071df3f777280] Compiler: c1, Barriers: 0, Oops: 0, ImmediateOops: 0, NonImmediateOops: No
[1,966s][debug][gc,nmethod  ] Register NMethod: jdk.internal.classfile.impl.ClassHierarchyImpl$CachedClassHierarchyResolver.<init> (0x000071df3f777288) [0x000071df3f777380, 0x000071df3f7777b8] Compiler: c1, Barriers: 9, Oops: 0, ImmediateOops: 0, NonImmediateOops: No
[1,967s][debug][gc,nmethod  ] Register NMethod: jdk.internal.classfile.impl.StackMapGenerator.<init> (0x000071df3f777808) [0x000071df3f777900, 0x000071df3f7796f0] Compiler: c1, Barriers: 42, Oops: 0, ImmediateOops: 2, NonImmediateOops: No
[1,967s][debug][gc,nmethod  ] Register NMethod: jdk.internal.classfile.impl.ClassHierarchyImpl$CachedClassHierarchyResolver$1.<init> (0x000071df3f779708) [0x000071df3f779800, 0x000071df3f779b28] Compiler: c1, Barriers: 3, Oops: 0, ImmediateOops: 0, NonImmediateOops: No
[1,967s][debug][gc,nmethod  ] Register NMethod: jdk.internal.classfile.impl.StackMapGenerator.detectFrames (0x000071df3f779b88) [0x000071df3f779c80, 0x000071df3f77d2d8] Compiler: c1, Barriers: 7, Oops: 1, ImmediateOops: 2, NonImmediateOops: No
[1,967s][debug][gc,nmethod  ] Register NMethod: jdk.internal.classfile.impl.ClassFileImpl.patchDeadCode (0x000071df3f77d308) [0x000071df3f77d400, 0x000071df3f77d640] Compiler: c1, Barriers: 2, Oops: 0, ImmediateOops: 0, NonImmediateOops: No
[1,967s][debug][gc,nmethod  ] Register NMethod: jdk.internal.classfile.impl.StackMapGenerator$Frame.setLocalsFromArg (0x000071df3f77d688) [0x000071df3f77d780, 0x000071df3f77fce0] Compiler: c1, Barriers: 24, Oops: 1, ImmediateOops: 13, NonImmediateOops: No
[1,967s][debug][gc,nmethod  ] Register NMethod: jdk.internal.classfile.impl.StackMapGenerator.processMethod (0x000071df3f77fd08) [0x000071df3f77fe00, 0x000071df3f782358] Compiler: c1, Barriers: 15, Oops: 3, ImmediateOops: 4, NonImmediateOops: No
[1,967s][debug][gc,nmethod  ] Register NMethod: jdk.internal.classfile.impl.ClassFileImpl.dropDeadLabels (0x000071df3f782388) [0x000071df3f782480, 0x000071df3f7826c0] Compiler: c1, Barriers: 2, Oops: 0, ImmediateOops: 0, NonImmediateOops: No
[1,967s][debug][gc,nmethod  ] Register NMethod: jdk.internal.classfile.impl.StackMapGenerator$Frame.<init> (0x000071df3f782708) [0x000071df3f782800, 0x000071df3f782968] Compiler: c1, Barriers: 0, Oops: 0, ImmediateOops: 0, NonImmediateOops: No
[1,967s][debug][gc,nmethod  ] Register NMethod: jdk.internal.classfile.impl.StackMapGenerator.stackMapTableAttribute (0x000071df3f782a08) [0x000071df3f782b00, 0x000071df3f782d38] Compiler: c1, Barriers: 0, Oops: 0, ImmediateOops: 1, NonImmediateOops: No
[1,967s][debug][gc,nmethod  ] Register NMethod: jdk.internal.classfile.impl.StackMapGenerator$Frame.<init> (0x000071df3f782d88) [0x000071df3f782e80, 0x000071df3f783350] Compiler: c1, Barriers: 12, Oops: 0, ImmediateOops: 0, NonImmediateOops: No
[1,967s][debug][gc,nmethod  ] Register NMethod: jdk.internal.classfile.impl.StackMapGenerator.isAnyFrameDirty (0x000071df3f783388) [0x000071df3f783480, 0x000071df3f783718] Compiler: c1, Barriers: 2, Oops: 0, ImmediateOops: 0, NonImmediateOops: No
[1,967s][debug][gc,nmethod  ] Register NMethod: sun.invoke.util.Wrapper.basicClassDescriptor (0x000071df5ec51588) [0x000071df5ec51680, 0x000071df5ec51768] Compiler: c1, Barriers: 1, Oops: 0, ImmediateOops: 0, NonImmediateOops: No
[1,967s][debug][gc,nmethod  ] Register NMethod: jdk.internal.classfile.impl.StackMapGenerator.generate (0x000071df3f783788) [0x000071df3f783880, 0x000071df3f784340] Compiler: c1, Barriers: 7, Oops: 0, ImmediateOops: 0, NonImmediateOops: No
[1,968s][debug][gc,nmethod  ] Register NMethod: java.lang.invoke.MethodHandles$Lookup.<init> (0x000071df3f784388) [0x000071df3f784480, 0x000071df3f7846f0] Compiler: c1, Barriers: 6, Oops: 0, ImmediateOops: 0, NonImmediateOops: No
[1,968s][debug][gc,nmethod  ] Register NMethod: java.lang.invoke.MethodHandle.linkToStatic (0x000071df5ec51888) [0x000071df5ec51980, 0x000071df5ec51a70] Compiler: , Barriers: 0, Oops: 0, ImmediateOops: 0, NonImmediateOops: No
[1,968s][debug][gc,nmethod  ] Register NMethod: jdk.internal.misc.Unsafe.ensureClassInitialized0 (0x000071df5ec51b88) [0x000071df5ec51c80, 0x000071df5ec51dd8] Compiler: , Barriers: 0, Oops: 0, ImmediateOops: 0, NonImmediateOops: No
[1,968s][debug][gc,nmethod  ] Register NMethod: jdk.internal.util.DecimalDigits.uncheckedPutCharLatin1 (0x000071df3f784708) [0x000071df3f784800, 0x000071df3f784900] Compiler: c1, Barriers: 0, Oops: 0, ImmediateOops: 0, NonImmediateOops: No
[1,968s][debug][gc,nmethod  ] Register NMethod: java.lang.invoke.MethodHandle.invokeBasic (0x000071df5ec51e88) [0x000071df5ec51f80, 0x000071df5ec52218] Compiler: , Barriers: 0, Oops: 0, ImmediateOops: 0, NonImmediateOops: No
[1,968s][debug][gc,nmethod  ] Register NMethod: java.lang.invoke.MethodHandle.invokeBasic (0x000071df5ec52288) [0x000071df5ec52380, 0x000071df5ec52618] Compiler: , Barriers: 0, Oops: 0, ImmediateOops: 0, NonImmediateOops: No
[1,968s][debug][gc,director ] Rule Major: Warmup 10%, Used: 76MB, UsedThreshold: 1228MB
[1,968s][debug][gc,nmethod  ] Register NMethod: java.lang.System$1.concat (0x000071df3f784a08) [0x000071df3f784b00, 0x000071df3f787118] Compiler: c1, Barriers: 6, Oops: 0, ImmediateOops: 6, NonImmediateOops: No
[1,969s][debug][gc,nmethod  ] Register NMethod: jdk.internal.constant.ConstantUtils.concat (0x000071df3f787188) [0x000071df3f787280, 0x000071df3f7898e8] Compiler: c1, Barriers: 6, Oops: 0, ImmediateOops: 7, NonImmediateOops: No
[1,969s][debug][gc,nmethod  ] Register NMethod: java.lang.invoke.LambdaFormBuffer.ownedCount (0x000071df3f789908) [0x000071df3f789a00, 0x000071df3f789b08] Compiler: c1, Barriers: 0, Oops: 0, ImmediateOops: 0, NonImmediateOops: No
[1,969s][debug][gc,nmethod  ] Register NMethod: java.lang.invoke.LambdaForm.useCount (0x000071df3f789c08) [0x000071df3f789d00, 0x000071df3f78a1a8] Compiler: c1, Barriers: 4, Oops: 0, ImmediateOops: 0, NonImmediateOops: No
[1,970s][debug][gc,nmethod  ] Register NMethod: java.util.HashMap$HashIterator.hasNext (0x000071df5ec52688) [0x000071df5ec52780, 0x000071df5ec52838] Compiler: jvmci, Barriers: 1, Oops: 0, ImmediateOops: 0, NonImmediateOops: No
[1,971s][debug][gc,nmethod  ] Register NMethod: java.lang.CharacterDataLatin1.equalsIgnoreCase (0x000071df3f78a208) [0x000071df3f78a300, 0x000071df3f78a598] Compiler: c1, Barriers: 0, Oops: 0, ImmediateOops: 0, NonImmediateOops: No
[1,972s][debug][gc,nmethod  ] Register NMethod: java.util.concurrent.locks.AbstractQueuedSynchronizer.setState (0x000071df5ec52988) [0x000071df5ec52a80, 0x000071df5ec52b48] Compiler: c1, Barriers: 0, Oops: 0, ImmediateOops: 0, NonImmediateOops: No
[1,973s][debug][gc,nmethod  ] Register NMethod: java.lang.invoke.MemberName.isMethod (0x000071df3f78a608) [0x000071df3f78a700, 0x000071df3f78a8b8] Compiler: c1, Barriers: 0, Oops: 0, ImmediateOops: 0, NonImmediateOops: No
[1,976s][debug][gc,nmethod  ] Register NMethod: java.lang.StringBuilder.length (0x000071df5ec52c88) [0x000071df5ec52d80, 0x000071df5ec52e08] Compiler: jvmci, Barriers: 0, Oops: 0, ImmediateOops: 0, NonImmediateOops: No
[1,977s][debug][gc,nmethod  ] Register NMethod: sun.nio.fs.UnixFileSystem.provider (0x000071df5ec52f88) [0x000071df5ec53080, 0x000071df5ec53168] Compiler: c1, Barriers: 1, Oops: 0, ImmediateOops: 0, NonImmediateOops: No
[1,977s][debug][gc,nmethod  ] Register NMethod: sun.nio.fs.NativeBuffer.size (0x000071df5ec53288) [0x000071df5ec53380, 0x000071df5ec53440] Compiler: c1, Barriers: 0, Oops: 0, ImmediateOops: 0, NonImmediateOops: No
[1,977s][debug][gc,nmethod  ] Register NMethod: sun.nio.fs.NativeBuffer.owner (0x000071df5ec53588) [0x000071df5ec53680, 0x000071df5ec53768] Compiler: c1, Barriers: 1, Oops: 0, ImmediateOops: 0, NonImmediateOops: No
[1,977s][debug][gc,nmethod  ] Register NMethod: sun.nio.fs.UnixFileSystem.needToResolveAgainstDefaultDirectory (0x000071df5ec53888) [0x000071df5ec53980, 0x000071df5ec53a40] Compiler: c1, Barriers: 0, Oops: 0, ImmediateOops: 0, NonImmediateOops: No
[1,977s][debug][gc,nmethod  ] Register NMethod: sun.nio.fs.NativeBuffer.setOwner (0x000071df5ec53b88) [0x000071df5ec53c80, 0x000071df5ec53db0] Compiler: c1, Barriers: 3, Oops: 0, ImmediateOops: 0, NonImmediateOops: No
[1,978s][debug][gc,director ] Rule Major: Warmup 10%, Used: 76MB, UsedThreshold: 1228MB
[1,979s][debug][gc,nmethod  ] Register NMethod: java.lang.invoke.MethodHandleNatives.refKindHasReceiver (0x000071df3f78a908) [0x000071df3f78aa00, 0x000071df3f78ab40] Compiler: c1, Barriers: 0, Oops: 0, ImmediateOops: 0, NonImmediateOops: No
[1,979s][debug][gc,nmethod  ] Register NMethod: java.lang.String.regionMatches (0x000071df5ec53e88) [0x000071df5ec53f80, 0x000071df5ec542c0] Compiler: jvmci, Barriers: 2, Oops: 0, ImmediateOops: 0, NonImmediateOops: No
[1,979s][debug][gc,nmethod  ] Register NMethod: jdk.internal.classfile.impl.Util$1WithCodeMethodHandler.<init> (0x000071df3f78ac08) [0x000071df3f78ad00, 0x000071df3f78af30] Compiler: c1, Barriers: 3, Oops: 0, ImmediateOops: 0, NonImmediateOops: No
[1,979s][debug][gc,nmethod  ] Register NMethod: jdk.internal.classfile.impl.Util.buildingCode (0x000071df3f78af88) [0x000071df3f78b080, 0x000071df3f78b340] Compiler: c1, Barriers: 3, Oops: 0, ImmediateOops: 0, NonImmediateOops: No
[1,979s][debug][gc,nmethod  ] Register NMethod: jdk.internal.classfile.impl.Util$1WithCodeMethodHandler.accept (0x000071df3f78b388) [0x000071df3f78b480, 0x000071df3f78b6a0] Compiler: c1, Barriers: 1, Oops: 0, ImmediateOops: 0, NonImmediateOops: No
[1,980s][debug][gc,nmethod  ] Register NMethod: java.lang.classfile.ClassBuilder.withMethodBody (0x000071df3f78b708) [0x000071df3f78b800, 0x000071df3f78bd78] Compiler: c1, Barriers: 3, Oops: 0, ImmediateOops: 0, NonImmediateOops: No
[1,980s][debug][gc,nmethod  ] Register NMethod: jdk.internal.classfile.impl.Util$1WithCodeMethodHandler.accept (0x000071df3f78bd88) [0x000071df3f78be80, 0x000071df3f78c4d0] Compiler: c1, Barriers: 1, Oops: 0, ImmediateOops: 0, NonImmediateOops: No
[1,980s][debug][gc,nmethod  ] Register NMethod: java.lang.StringLatin1.regionMatchesCI (0x000071df5ec54308) [0x000071df5ec54400, 0x000071df5ec545d0] Compiler: jvmci, Barriers: 0, Oops: 0, ImmediateOops: 0, NonImmediateOops: No
[1,981s][debug][gc,nmethod  ] Register NMethod: java.util.HashMap.calculateHashMapCapacity (0x000071df3f78c508) [0x000071df3f78c620, 0x000071df3f78c7b8] Compiler: c1, Barriers: 0, Oops: 0, ImmediateOops: 0, NonImmediateOops: No
[1,981s][debug][gc,nmethod  ] Register NMethod: java.nio.HeapByteBuffer.ix (0x000071df3f78c808) [0x000071df3f78c900, 0x000071df3f78ca08] Compiler: c1, Barriers: 0, Oops: 0, ImmediateOops: 0, NonImmediateOops: No
[1,981s][debug][gc,nmethod  ] Register NMethod: java.lang.StringLatin1.inflate (0x000071df3f78cb08) [0x000071df3f78cc00, 0x000071df3f78cdf0] Compiler: c1, Barriers: 0, Oops: 0, ImmediateOops: 0, NonImmediateOops: No
[1,984s][debug][gc,nmethod  ] Register NMethod: java.lang.invoke.MethodHandle.linkToStatic (0x000071df5ec54608) [0x000071df5ec54700, 0x000071df5ec547f0] Compiler: , Barriers: 0, Oops: 0, ImmediateOops: 0, NonImmediateOops: No
[1,984s][debug][gc,nmethod  ] Register NMethod: java.lang.invoke.MethodHandle.linkToStatic (0x000071df5ec54908) [0x000071df5ec54a00, 0x000071df5ec54af0] Compiler: , Barriers: 0, Oops: 0, ImmediateOops: 0, NonImmediateOops: No
[1,984s][debug][gc,nmethod  ] Register NMethod: java.lang.invoke.MethodHandle.linkToStatic (0x000071df5ec54c08) [0x000071df5ec54d00, 0x000071df5ec54df0] Compiler: , Barriers: 0, Oops: 0, ImmediateOops: 0, NonImmediateOops: No
[1,986s][debug][gc,nmethod  ] Register NMethod: java.lang.invoke.MethodHandle.linkToSpecial (0x000071df5ec54f08) [0x000071df5ec55000, 0x000071df5ec550f8] Compiler: , Barriers: 0, Oops: 0, ImmediateOops: 0, NonImmediateOops: No
[1,986s][debug][gc,nmethod  ] Register NMethod: java.lang.invoke.MethodHandle.invokeBasic (0x000071df5ec55208) [0x000071df5ec55300, 0x000071df5ec55598] Compiler: , Barriers: 0, Oops: 0, ImmediateOops: 0, NonImmediateOops: No
[1,986s][debug][gc,nmethod  ] Register NMethod: java.lang.invoke.MethodHandle.linkToSpecial (0x000071df5ec55608) [0x000071df5ec55700, 0x000071df5ec557f8] Compiler: , Barriers: 0, Oops: 0, ImmediateOops: 0, NonImmediateOops: No
[1,986s][debug][gc,nmethod  ] Register NMethod: java.lang.invoke.MethodHandleStatics.dumper (0x000071df3f78ce08) [0x000071df3f78cf00, 0x000071df3f78cfe8] Compiler: c1, Barriers: 0, Oops: 0, ImmediateOops: 1, NonImmediateOops: No
[1,987s][debug][gc,nmethod  ] Register NMethod: java.lang.invoke.MethodHandle.linkToInterface (0x000071df5ec55908) [0x000071df5ec55a00, 0x000071df5ec55b30] Compiler: , Barriers: 0, Oops: 0, ImmediateOops: 0, NonImmediateOops: No
[1,987s][debug][gc,nmethod  ] Register NMethod: java.lang.invoke.MethodHandle.linkToStatic (0x000071df5ec55c08) [0x000071df5ec55d00, 0x000071df5ec55df0] Compiler: , Barriers: 0, Oops: 0, ImmediateOops: 0, NonImmediateOops: No
[1,987s][debug][gc,nmethod  ] Register NMethod: java.lang.invoke.MethodHandle.linkToStatic (0x000071df5ec55f08) [0x000071df5ec56000, 0x000071df5ec560f0] Compiler: , Barriers: 0, Oops: 0, ImmediateOops: 0, NonImmediateOops: No
[1,988s][debug][gc,nmethod  ] Register NMethod: jdk.internal.classfile.impl.DirectClassBuilder.with (0x000071df3f78d108) [0x000071df3f78d200, 0x000071df3f78dfe0] Compiler: c1, Barriers: 2, Oops: 0, ImmediateOops: 0, NonImmediateOops: No
[1,988s][debug][gc,nmethod  ] Register NMethod: java.util.jar.Manifest$FastInputStream.readLine (0x000071df5ec56208) [0x000071df5ec56300, 0x000071df5ec56bf0] Compiler: jvmci, Barriers: 3, Oops: 0, ImmediateOops: 0, NonImmediateOops: No
[1,988s][debug][gc,nmethod  ] Register NMethod: jdk.internal.classfile.impl.DirectClassBuilder.with (0x000071df3f78e008) [0x000071df3f78e100, 0x000071df3f78f320] Compiler: c1, Barriers: 2, Oops: 0, ImmediateOops: 0, NonImmediateOops: No
[1,989s][debug][gc,director ] Rule Major: Warmup 10%, Used: 78MB, UsedThreshold: 1228MB
[1,989s][debug][gc,nmethod  ] Register NMethod: java.util.KeyValueHolder.<init> (0x000071df3f78f388) [0x000071df3f78f480, 0x000071df3f78f948] Compiler: c1, Barriers: 6, Oops: 0, ImmediateOops: 0, NonImmediateOops: No
[1,991s][debug][gc,nmethod  ] Register NMethod: java.lang.invoke.MethodHandles$Lookup.isArrayClone (0x000071df3f78f988) [0x000071df3f78fa80, 0x000071df3f790cf8] Compiler: c1, Barriers: 7, Oops: 0, ImmediateOops: 2, NonImmediateOops: No
[1,991s][debug][gc,nmethod  ] Register NMethod: sun.invoke.util.VerifyAccess.isMemberAccessible (0x000071df3f790d08) [0x000071df3f790e00, 0x000071df3f7933e8] Compiler: c1, Barriers: 0, Oops: 1, ImmediateOops: 2, NonImmediateOops: No
[1,992s][debug][gc,nmethod  ] Register NMethod: jdk.internal.classfile.impl.DirectCodeBuilder$4.tryGenerateStackMaps (0x000071df3f793408) [0x000071df3f793500, 0x000071df3f793b60] Compiler: c1, Barriers: 0, Oops: 0, ImmediateOops: 0, NonImmediateOops: No
[1,992s][debug][gc,nmethod  ] Register NMethod: jdk.internal.classfile.impl.DirectCodeBuilder$4.generateStackMaps (0x000071df3f793b88) [0x000071df3f793c80, 0x000071df3f7947a0] Compiler: c1, Barriers: 2, Oops: 0, ImmediateOops: 1, NonImmediateOops: No
[1,993s][debug][gc,nmethod  ] Register NMethod: java.lang.invoke.MethodHandleNatives.isCallerSensitive (0x000071df3f794808) [0x000071df3f794900, 0x000071df3f795088] Compiler: c1, Barriers: 0, Oops: 0, ImmediateOops: 0, NonImmediateOops: No
[1,993s][debug][gc,nmethod  ] Register NMethod: java.lang.invoke.MethodHandleNatives.canBeCalledVirtual (0x000071df3f795108) [0x000071df3f795200, 0x000071df3f795c98] Compiler: c1, Barriers: 5, Oops: 0, ImmediateOops: 2, NonImmediateOops: No
[1,995s][debug][gc,nmethod  ] Register NMethod: java.lang.invoke.MethodHandle.linkToStatic (0x000071df5ec56c08) [0x000071df5ec56d00, 0x000071df5ec56df8] Compiler: , Barriers: 0, Oops: 0, ImmediateOops: 0, NonImmediateOops: No
[1,995s][debug][gc,nmethod  ] Register NMethod: java.lang.classfile.TypeKind.from (0x000071df3f795d08) [0x000071df3f795e00, 0x000071df3f796390] Compiler: c1, Barriers: 0, Oops: 0, ImmediateOops: 1, NonImmediateOops: No
[1,995s][debug][gc,nmethod  ] Register NMethod: java.lang.invoke.MethodHandle.linkToSpecial (0x000071df5ec56f08) [0x000071df5ec57000, 0x000071df5ec570f8] Compiler: , Barriers: 0, Oops: 0, ImmediateOops: 0, NonImmediateOops: No
[1,995s][debug][gc,nmethod  ] Register NMethod: java.lang.invoke.MethodHandle.invokeBasic (0x000071df5ec57208) [0x000071df5ec57300, 0x000071df5ec57598] Compiler: , Barriers: 0, Oops: 0, ImmediateOops: 0, NonImmediateOops: No
[1,995s][debug][gc,nmethod  ] Register NMethod: java.lang.invoke.MethodHandle.linkToSpecial (0x000071df5ec57608) [0x000071df5ec57700, 0x000071df5ec577f8] Compiler: , Barriers: 0, Oops: 0, ImmediateOops: 0, NonImmediateOops: No
[1,995s][debug][gc,nmethod  ] Register NMethod: java.lang.invoke.MethodHandleNatives.findMethodHandleType (0x000071df3f796408) [0x000071df3f796500, 0x000071df3f796618] Compiler: c1, Barriers: 0, Oops: 0, ImmediateOops: 0, NonImmediateOops: No
[1,995s][debug][gc,nmethod  ] Register NMethod: java.lang.invoke.MethodHandle.linkToStatic (0x000071df5ec57908) [0x000071df5ec57a00, 0x000071df5ec57af8] Compiler: , Barriers: 0, Oops: 0, ImmediateOops: 0, NonImmediateOops: No
[1,995s][debug][gc,nmethod  ] Register NMethod: sun.invoke.util.Wrapper.isNumeric (0x000071df3f796708) [0x000071df3f796800, 0x000071df3f796950] Compiler: c1, Barriers: 0, Oops: 0, ImmediateOops: 0, NonImmediateOops: No
[1,995s][debug][gc,nmethod  ] Register NMethod: sun.invoke.util.Wrapper.isSingleWord (0x000071df3f796a08) [0x000071df3f796b00, 0x000071df3f796c50] Compiler: c1, Barriers: 0, Oops: 0, ImmediateOops: 0, NonImmediateOops: No
[1,995s][debug][gc,nmethod  ] Register NMethod: sun.invoke.util.Wrapper.isIntegral (0x000071df3f796d08) [0x000071df3f796e00, 0x000071df3f7971e8] Compiler: c1, Barriers: 0, Oops: 0, ImmediateOops: 0, NonImmediateOops: No
[1,995s][debug][gc,nmethod  ] Register NMethod: sun.invoke.util.Wrapper.isSubwordOrInt (0x000071df3f797208) [0x000071df3f797300, 0x000071df3f797be0] Compiler: c1, Barriers: 0, Oops: 0, ImmediateOops: 0, NonImmediateOops: No
[1,996s][debug][gc,nmethod  ] Register NMethod: jdk.internal.classfile.impl.StackMapGenerator.processFieldInstructions (0x000071df3f797c08) [0x000071df3f797d00, 0x000071df3f79b8b8] Compiler: c1, Barriers: 10, Oops: 2, ImmediateOops: 13, NonImmediateOops: No
[1,996s][debug][gc,nmethod  ] Register NMethod: java.lang.invoke.MethodHandle.linkToSpecial (0x000071df5ec57c08) [0x000071df5ec57d00, 0x000071df5ec57df8] Compiler: , Barriers: 0, Oops: 0, ImmediateOops: 0, NonImmediateOops: No
[1,996s][debug][gc,nmethod  ] Register NMethod: jdk.internal.classfile.impl.SplitConstantPool.tryFindUtf8 (0x000071df5ec57f08) [0x000071df5ec58020, 0x000071df5ec58928] Compiler: jvmci, Barriers: 12, Oops: 0, ImmediateOops: 2, NonImmediateOops: No
[1,996s][debug][gc,nmethod  ] Register NMethod: java.lang.invoke.MethodHandle.invokeBasic (0x000071df5ec58988) [0x000071df5ec58a80, 0x000071df5ec58d18] Compiler: , Barriers: 0, Oops: 0, ImmediateOops: 0, NonImmediateOops: No
[1,996s][debug][gc,nmethod  ] Register NMethod: java.lang.invoke.MethodHandle.linkToSpecial (0x000071df5ec58d88) [0x000071df5ec58e80, 0x000071df5ec58f78] Compiler: , Barriers: 0, Oops: 0, ImmediateOops: 0, NonImmediateOops: No
[1,996s][debug][gc,nmethod  ] Register NMethod: sun.invoke.util.VerifyAccess.ensureTypeVisible (0x000071df3f79b908) [0x000071df3f79ba00, 0x000071df3f79c3d0] Compiler: c1, Barriers: 4, Oops: 0, ImmediateOops: 0, NonImmediateOops: No
[1,996s][debug][gc,nmethod  ] Register NMethod: java.lang.classfile.attribute.StackMapFrameInfo.of (0x000071df3f79c408) [0x000071df3f79c500, 0x000071df3f79c698] Compiler: c1, Barriers: 0, Oops: 0, ImmediateOops: 0, NonImmediateOops: No
[1,996s][debug][gc,nmethod  ] Register NMethod: jdk.internal.classfile.impl.StackMapDecoder$StackMapFrameImpl.<init> (0x000071df3f79c708) [0x000071df3f79c800, 0x000071df3f79cda0] Compiler: c1, Barriers: 9, Oops: 0, ImmediateOops: 0, NonImmediateOops: No
[1,997s][debug][gc,nmethod  ] Register NMethod: java.lang.invoke.MethodHandleNatives.refKindIsMethod (0x000071df3f79ce08) [0x000071df3f79cf00, 0x000071df3f79d110] Compiler: c1, Barriers: 0, Oops: 0, ImmediateOops: 0, NonImmediateOops: No
[1,997s][debug][gc,nmethod  ] Register NMethod: jdk.internal.classfile.impl.StackMapDecoder.writeFrame (0x000071df3f79d188) [0x000071df3f79d280, 0x000071df3f7a1e08] Compiler: c1, Barriers: 15, Oops: 0, ImmediateOops: 1, NonImmediateOops: No
[1,998s][debug][gc,nmethod  ] Register NMethod: java.lang.classfile.CodeBuilder.invoke (0x000071df3f7a1e88) [0x000071df3f7a1f80, 0x000071df3f7a2718] Compiler: c1, Barriers: 2, Oops: 0, ImmediateOops: 0, NonImmediateOops: No
[1,998s][debug][gc,nmethod  ] Register NMethod: jdk.internal.classfile.impl.DirectCodeBuilder.invoke (0x000071df3f7a2788) [0x000071df3f7a2880, 0x000071df3f7a56c8] Compiler: c1, Barriers: 7, Oops: 0, ImmediateOops: 1, NonImmediateOops: No
[1,999s][debug][gc,director ] Rule Major: Warmup 10%, Used: 78MB, UsedThreshold: 1228MB
[2,001s][debug][gc,nmethod  ] Register NMethod: java.lang.invoke.MethodHandles$Lookup.in (0x000071df3f7a5708) [0x000071df3f7a5800, 0x000071df3f7a9410] Compiler: c1, Barriers: 9, Oops: 2, ImmediateOops: 6, NonImmediateOops: No
[2,002s][debug][gc,nmethod  ] Register NMethod: java.lang.invoke.MethodHandle.linkToInterface (0x000071df5ec59088) [0x000071df5ec59180, 0x000071df5ec592b0] Compiler: , Barriers: 0, Oops: 0, ImmediateOops: 0, NonImmediateOops: No
[2,002s][debug][gc,nmethod  ] Register NMethod: java.util.Objects.hash (0x000071df3f7a9488) [0x000071df3f7a9580, 0x000071df3f7a9740] Compiler: c1, Barriers: 0, Oops: 0, ImmediateOops: 0, NonImmediateOops: No
[2,003s][debug][gc,nmethod  ] Register NMethod: java.util.List.of (0x000071df3f7a9788) [0x000071df3f7a9880, 0x000071df3f7a9968] Compiler: c1, Barriers: 0, Oops: 0, ImmediateOops: 1, NonImmediateOops: No
[2,003s][debug][gc,nmethod  ] Register NMethod: java.lang.Enum.equals (0x000071df3f7a9a88) [0x000071df3f7a9b80, 0x000071df3f7a9cd0] Compiler: c1, Barriers: 0, Oops: 0, ImmediateOops: 0, NonImmediateOops: No
[2,005s][debug][gc,nmethod  ] Register NMethod: java.lang.invoke.AbstractValidatingLambdaMetafactory.isAdaptableTo (0x000071df3f7a9d88) [0x000071df3f7a9e80, 0x000071df3f7aba50] Compiler: c1, Barriers: 2, Oops: 0, ImmediateOops: 0, NonImmediateOops: No
[2,005s][debug][gc,nmethod  ] Register NMethod: jdk.internal.classfile.impl.DirectCodeBuilder.return_ (0x000071df3f7aba88) [0x000071df3f7abb80, 0x000071df3f7abec8] Compiler: c1, Barriers: 1, Oops: 0, ImmediateOops: 0, NonImmediateOops: No
[2,005s][debug][gc,nmethod  ] Register NMethod: jdk.internal.classfile.impl.DirectClassBuilder.setInterfaces (0x000071df5ec59388) [0x000071df5ec59480, 0x000071df5ec595b0] Compiler: c1, Barriers: 3, Oops: 0, ImmediateOops: 0, NonImmediateOops: No
[2,005s][debug][gc,nmethod  ] Register NMethod: jdk.internal.classfile.impl.TerminalCodeBuilder.setupTopLocal (0x000071df3f7abf08) [0x000071df3f7ac000, 0x000071df3f7ae260] Compiler: c1, Barriers: 0, Oops: 1, ImmediateOops: 3, NonImmediateOops: No
[2,006s][debug][gc,nmethod  ] Register NMethod: java.util.Collections.emptyList (0x000071df3f7ae288) [0x000071df3f7ae380, 0x000071df3f7ae468] Compiler: c1, Barriers: 0, Oops: 0, ImmediateOops: 1, NonImmediateOops: No
[2,006s][debug][gc,nmethod  ] Register NMethod: sun.invoke.util.Wrapper.isDoubleWord (0x000071df3f7ae588) [0x000071df3f7ae680, 0x000071df3f7ae7d0] Compiler: c1, Barriers: 0, Oops: 0, ImmediateOops: 0, NonImmediateOops: No
[2,006s][debug][gc,nmethod  ] Register NMethod: java.lang.invoke.MethodHandle.linkToVirtual (0x000071df5ec59688) [0x000071df5ec59780, 0x000071df5ec597a8] Compiler: , Barriers: 0, Oops: 0, ImmediateOops: 0, NonImmediateOops: No
[2,006s][debug][gc,nmethod  ] Register NMethod: jdk.internal.classfile.impl.DirectCodeBuilder$4.writeBody (0x000071df3f7ae888) [0x000071df3f7ae980, 0x000071df3f7b3238] Compiler: c1, Barriers: 36, Oops: 1, ImmediateOops: 7, NonImmediateOops: No
[2,006s][debug][gc,nmethod  ] Register NMethod: java.lang.reflect.Modifier.isPrivate (0x000071df3f7b3288) [0x000071df3f7b3380, 0x000071df3f7b34b0] Compiler: c1, Barriers: 0, Oops: 0, ImmediateOops: 0, NonImmediateOops: No
[2,007s][debug][gc,nmethod  ] Register NMethod: java.lang.invoke.DirectMethodHandle$Constructor.<init> (0x000071df3f7b3588) [0x000071df3f7b3680, 0x000071df3f7b38d0] Compiler: c1, Barriers: 6, Oops: 0, ImmediateOops: 0, NonImmediateOops: No
[2,007s][debug][gc,nmethod  ] Register NMethod: jdk.internal.classfile.impl.StackMapGenerator.of (0x000071df3f7b3908) [0x000071df3f7b3a00, 0x000071df3f7b4d88] Compiler: c1, Barriers: 12, Oops: 0, ImmediateOops: 0, NonImmediateOops: No
[2,007s][debug][gc,nmethod  ] Register NMethod: java.lang.invoke.MethodHandleNatives.isPullModeBSM (0x000071df5ec59988) [0x000071df5ec59a80, 0x000071df5ec59b20] Compiler: c1, Barriers: 0, Oops: 0, ImmediateOops: 0, NonImmediateOops: No
[2,008s][debug][gc,nmethod  ] Register NMethod: java.lang.invoke.ConstantCallSite.getTarget (0x000071df3f7b4e08) [0x000071df3f7b4f00, 0x000071df3f7b5138] Compiler: c1, Barriers: 1, Oops: 0, ImmediateOops: 0, NonImmediateOops: No
[2,008s][debug][gc,nmethod  ] Register NMethod: java.lang.invoke.MethodHandle.linkToStatic (0x000071df5ec59c88) [0x000071df5ec59d80, 0x000071df5ec59e78] Compiler: , Barriers: 0, Oops: 0, ImmediateOops: 0, NonImmediateOops: No
[2,008s][debug][gc,nmethod  ] Register NMethod: java.lang.invoke.LambdaForm$NamedFunction.intrinsicName (0x000071df3f7b5188) [0x000071df3f7b5280, 0x000071df3f7b5628] Compiler: c1, Barriers: 1, Oops: 0, ImmediateOops: 1, NonImmediateOops: No
[2,009s][debug][gc,nmethod  ] Register NMethod: java.lang.invoke.InvokerBytecodeGenerator.emitStoreResult (0x000071df3f7b5688) [0x000071df3f7b5780, 0x000071df3f7b5e38] Compiler: c1, Barriers: 3, Oops: 0, ImmediateOops: 1, NonImmediateOops: No
[2,009s][debug][gc,nmethod  ] Register NMethod: java.lang.invoke.InvokerBytecodeGenerator.emitPushArguments (0x000071df3f7b5e88) [0x000071df3f7b5f80, 0x000071df3f7b6ba0] Compiler: c1, Barriers: 12, Oops: 0, ImmediateOops: 0, NonImmediateOops: No
[2,009s][debug][gc,director ] Rule Major: Warmup 10%, Used: 80MB, UsedThreshold: 1228MB
[2,009s][debug][gc,nmethod  ] Register NMethod: jdk.internal.classfile.impl.DirectClassBuilder.withField (0x000071df3f7b6c08) [0x000071df3f7b6d00, 0x000071df3f7b7120] Compiler: c1, Barriers: 2, Oops: 0, ImmediateOops: 0, NonImmediateOops: No
[2,009s][debug][gc,nmethod  ] Register NMethod: java.lang.invoke.MethodHandle.linkToSpecial (0x000071df5ec59f88) [0x000071df5ec5a080, 0x000071df5ec5a178] Compiler: , Barriers: 0, Oops: 0, ImmediateOops: 0, NonImmediateOops: No
[2,009s][debug][gc,nmethod  ] Register NMethod: jdk.internal.classfile.impl.DirectClassBuilder.withField (0x000071df3f7b7188) [0x000071df3f7b7280, 0x000071df3f7b7c38] Compiler: c1, Barriers: 9, Oops: 0, ImmediateOops: 0, NonImmediateOops: No
[2,009s][debug][gc,nmethod  ] Register NMethod: jdk.internal.classfile.impl.DirectFieldBuilder.<init> (0x000071df3f7b7c88) [0x000071df3f7b7d80, 0x000071df3f7b8c48] Compiler: c1, Barriers: 21, Oops: 0, ImmediateOops: 1, NonImmediateOops: No
[2,009s][debug][gc,nmethod  ] Register NMethod: jdk.internal.classfile.impl.AbstractPoolEntry$FieldRefEntryImpl.<init> (0x000071df3f7b8c88) [0x000071df3f7b8d80, 0x000071df3f7b8ed0] Compiler: c1, Barriers: 0, Oops: 0, ImmediateOops: 0, NonImmediateOops: No
[2,009s][debug][gc,nmethod  ] Register NMethod: java.lang.invoke.MethodHandle.invokeBasic (0x000071df5ec5a288) [0x000071df5ec5a380, 0x000071df5ec5a618] Compiler: , Barriers: 0, Oops: 0, ImmediateOops: 0, NonImmediateOops: No
[2,009s][debug][gc,nmethod  ] Register NMethod: java.lang.invoke.MethodHandle.linkToSpecial (0x000071df5ec5a688) [0x000071df5ec5a780, 0x000071df5ec5a878] Compiler: , Barriers: 0, Oops: 0, ImmediateOops: 0, NonImmediateOops: No
[2,010s][debug][gc,nmethod  ] Register NMethod: java.lang.ref.SoftReference.<init> (0x000071df3f7b8f88) [0x000071df3f7b9080, 0x000071df3f7b93c8] Compiler: c1, Barriers: 6, Oops: 0, ImmediateOops: 2, NonImmediateOops: No
[2,010s][debug][gc,nmethod  ] Register NMethod: java.lang.invoke.LambdaForm$NamedFunction.member (0x000071df3f7b9408) [0x000071df3f7b9500, 0x000071df3f7b9640] Compiler: c1, Barriers: 1, Oops: 0, ImmediateOops: 0, NonImmediateOops: No
[2,010s][debug][gc,nmethod  ] Register NMethod: java.lang.invoke.MemberName.isPrivate (0x000071df3f7b9708) [0x000071df3f7b9800, 0x000071df3f7b99b0] Compiler: c1, Barriers: 0, Oops: 0, ImmediateOops: 0, NonImmediateOops: No
[2,010s][debug][gc,nmethod  ] Register NMethod: java.lang.invoke.MethodHandle.linkToStatic (0x000071df5ec5a988) [0x000071df5ec5aa80, 0x000071df5ec5ab70] Compiler: , Barriers: 0, Oops: 0, ImmediateOops: 0, NonImmediateOops: No
[2,010s][debug][gc,nmethod  ] Register NMethod: java.lang.invoke.InvokerBytecodeGenerator.refKindOpcode (0x000071df3f7b9a08) [0x000071df3f7b9b00, 0x000071df3f7baa20] Compiler: c1, Barriers: 0, Oops: 1, ImmediateOops: 10, NonImmediateOops: No
[2,010s][debug][gc,nmethod  ] Register NMethod: java.lang.Byte.<init> (0x000071df3f7baa88) [0x000071df3f7bab80, 0x000071df3f7bad40] Compiler: c1, Barriers: 0, Oops: 0, ImmediateOops: 0, NonImmediateOops: No
[2,010s][debug][gc,nmethod  ] Register NMethod: java.lang.Short.<init> (0x000071df3f7bad88) [0x000071df3f7bae80, 0x000071df3f7bb040] Compiler: c1, Barriers: 0, Oops: 0, ImmediateOops: 0, NonImmediateOops: No
[2,010s][debug][gc,nmethod  ] Register NMethod: jdk.internal.classfile.impl.DirectFieldBuilder.writeTo (0x000071df3f7bb088) [0x000071df3f7bb180, 0x000071df3f7bf790] Compiler: c1, Barriers: 5, Oops: 1, ImmediateOops: 6, NonImmediateOops: No
[2,010s][debug][gc,nmethod  ] Register NMethod: java.lang.invoke.LambdaForm.normalizeNames (0x000071df3f7bf808) [0x000071df3f7bf900, 0x000071df3f7c1598] Compiler: c1, Barriers: 14, Oops: 0, ImmediateOops: 0, NonImmediateOops: No
[2,010s][debug][gc,nmethod  ] Register NMethod: java.lang.invoke.InvokerBytecodeGenerator.emitStaticInvoke (0x000071df3f7c1608) [0x000071df3f7c1700, 0x000071df3f7c3de8] Compiler: c1, Barriers: 9, Oops: 0, ImmediateOops: 2, NonImmediateOops: No
[2,010s][debug][gc,nmethod  ] Register NMethod: java.lang.invoke.MethodHandle.linkToSpecial (0x000071df5ec5ac88) [0x000071df5ec5ad80, 0x000071df5ec5ae78] Compiler: , Barriers: 0, Oops: 0, ImmediateOops: 0, NonImmediateOops: No
[2,011s][debug][gc,nmethod  ] Register NMethod: java.lang.invoke.InvokerBytecodeGenerator.isStaticallyInvocable (0x000071df3f7c3e08) [0x000071df3f7c3f00, 0x000071df3f7c6df8] Compiler: c1, Barriers: 4, Oops: 0, ImmediateOops: 3, NonImmediateOops: No
[2,011s][debug][gc,nmethod  ] Register NMethod: java.lang.invoke.MethodHandle.invokeBasic (0x000071df5ec5af88) [0x000071df5ec5b080, 0x000071df5ec5b318] Compiler: , Barriers: 0, Oops: 0, ImmediateOops: 0, NonImmediateOops: No
[2,011s][debug][gc,nmethod  ] Register NMethod: java.lang.invoke.MethodHandle.linkToSpecial (0x000071df5ec5b388) [0x000071df5ec5b480, 0x000071df5ec5b578] Compiler: , Barriers: 0, Oops: 0, ImmediateOops: 0, NonImmediateOops: No
[2,011s][debug][gc,nmethod  ] Register NMethod: java.lang.invoke.MethodHandle.linkToNative (0x000071df5ec5b688) [0x000071df5ec5b780, 0x000071df5ec5b790] Compiler: , Barriers: 0, Oops: 0, ImmediateOops: 0, NonImmediateOops: No
[2,012s][debug][gc,nmethod  ] Register NMethod: java.lang.invoke.MethodHandle.linkToStatic (0x000071df5ec5b988) [0x000071df5ec5ba80, 0x000071df5ec5bb70] Compiler: , Barriers: 0, Oops: 0, ImmediateOops: 0, NonImmediateOops: No
[2,012s][debug][gc,nmethod  ] Register NMethod: java.lang.invoke.InnerClassLambdaMetafactory.argName (0x000071df3f7c6e08) [0x000071df3f7c6f00, 0x000071df3f7c7b78] Compiler: c1, Barriers: 1, Oops: 1, ImmediateOops: 3, NonImmediateOops: No
[2,013s][debug][gc,nmethod  ] Register NMethod: java.lang.Integer.compare (0x000071df3f7c7b88) [0x000071df3f7c7c80, 0x000071df3f7c7e30] Compiler: c1, Barriers: 0, Oops: 0, ImmediateOops: 0, NonImmediateOops: No
[2,013s][debug][gc,nmethod  ] Register NMethod: jdk.internal.classfile.impl.StackMapDecoder$1.compare (0x000071df3f7c7e88) [0x000071df3f7c7f80, 0x000071df3f7c8bf0] Compiler: c1, Barriers: 4, Oops: 0, ImmediateOops: 0, NonImmediateOops: No
[2,013s][debug][gc,nmethod  ] Register NMethod: jdk.internal.classfile.impl.StackMapDecoder$1.compare (0x000071df3f7c8c08) [0x000071df3f7c8d00, 0x000071df3f7c94c0] Compiler: c1, Barriers: 4, Oops: 0, ImmediateOops: 0, NonImmediateOops: No
[2,013s][debug][gc,nmethod  ] Register NMethod: jdk.internal.classfile.impl.DirectCodeBuilder.parameterSlot (0x000071df3f7c9508) [0x000071df3f7c9600, 0x000071df3f7c9940] Compiler: c1, Barriers: 1, Oops: 0, ImmediateOops: 0, NonImmediateOops: No
[2,013s][debug][gc,nmethod  ] Register NMethod: jdk.internal.classfile.impl.DirectMethodBuilder.parameterSlot (0x000071df3f7c9988) [0x000071df3f7c9a80, 0x000071df3f7ca800] Compiler: c1, Barriers: 6, Oops: 0, ImmediateOops: 0, NonImmediateOops: No
[2,013s][debug][gc,nmethod  ] Register NMethod: java.lang.Long.numberOfLeadingZeros (0x000071df3f7ca808) [0x000071df3f7ca900, 0x000071df3f7caaa8] Compiler: c1, Barriers: 0, Oops: 0, ImmediateOops: 0, NonImmediateOops: No
[2,013s][debug][gc,nmethod  ] Register NMethod: java.lang.invoke.DirectMethodHandle.isCrackable (0x000071df5ec5bc88) [0x000071df5ec5bd80, 0x000071df5ec5be40] Compiler: c1, Barriers: 0, Oops: 0, ImmediateOops: 0, NonImmediateOops: No
[2,013s][debug][gc,nmethod  ] Register NMethod: jdk.internal.reflect.Reflection.areNestMates (0x000071df5ec5bf88) [0x000071df5ec5c080, 0x000071df5ec5c208] Compiler: , Barriers: 0, Oops: 0, ImmediateOops: 1, NonImmediateOops: No
[2,014s][debug][gc,nmethod  ] Register NMethod: jdk.internal.classfile.impl.DirectCodeBuilder.localAccess (0x000071df3f7cab08) [0x000071df3f7cac00, 0x000071df3f7cdb00] Compiler: c1, Barriers: 8, Oops: 1, ImmediateOops: 13, NonImmediateOops: No
[2,014s][debug][gc,nmethod  ] Register NMethod: java.util.stream.StreamOpFlag.combineOpFlags (0x000071df3f7cdb88) [0x000071df3f7cdc80, 0x000071df3f7cde20] Compiler: c1, Barriers: 0, Oops: 0, ImmediateOops: 0, NonImmediateOops: No
[2,014s][debug][gc,nmethod  ] Register NMethod: java.util.stream.StreamOpFlag.getMask (0x000071df3f7cde88) [0x000071df3f7cdf80, 0x000071df3f7ce0e0] Compiler: c1, Barriers: 0, Oops: 0, ImmediateOops: 0, NonImmediateOops: No
[2,014s][debug][gc,nmethod  ] Register NMethod: jdk.internal.classfile.impl.BufWriterImpl.<init> (0x000071df3f7ce188) [0x000071df3f7ce280, 0x000071df3f7ce3c8] Compiler: c1, Barriers: 0, Oops: 0, ImmediateOops: 0, NonImmediateOops: No
[2,014s][debug][gc,nmethod  ] Register NMethod: java.lang.invoke.InnerClassLambdaMetafactory.methodDesc (0x000071df3f7ce488) [0x000071df3f7ce580, 0x000071df3f7d15d8] Compiler: c1, Barriers: 25, Oops: 2, ImmediateOops: 5, NonImmediateOops: No
[2,015s][debug][gc,nmethod  ] Register NMethod: java.lang.invoke.MethodHandle.linkToStatic (0x000071df5ec5c288) [0x000071df5ec5c380, 0x000071df5ec5c470] Compiler: , Barriers: 0, Oops: 0, ImmediateOops: 0, NonImmediateOops: No
[2,015s][debug][gc,nmethod  ] Register NMethod: jdk.internal.classfile.impl.BufWriterImpl.cpIndex (0x000071df5ec5c588) [0x000071df5ec5c680, 0x000071df5ec5cb18] Compiler: jvmci, Barriers: 5, Oops: 0, ImmediateOops: 0, NonImmediateOops: No
[2,015s][debug][gc,nmethod  ] Register NMethod: java.lang.Math.min (0x000071df5ec5cb88) [0x000071df5ec5cc80, 0x000071df5ec5cce8] Compiler: jvmci, Barriers: 0, Oops: 0, ImmediateOops: 0, NonImmediateOops: No
[2,016s][debug][gc,nmethod  ] Register NMethod: jdk.internal.util.ReferencedKeyMap.removeStaleReferences (0x000071df5ec5ce88) [0x000071df5ec5cf80, 0x000071df5ec5d0b8] Compiler: jvmci, Barriers: 2, Oops: 0, ImmediateOops: 0, NonImmediateOops: No
[2,016s][debug][gc,nmethod  ] Register NMethod: java.lang.Number.<init> (0x000071df5ec5d188) [0x000071df5ec5d280, 0x000071df5ec5d300] Compiler: jvmci, Barriers: 0, Oops: 0, ImmediateOops: 0, NonImmediateOops: No
[2,016s][debug][gc,nmethod  ] Register NMethod: jdk.internal.classfile.impl.StackMapGenerator.detectFrames (0x000071df3f779b88) [0x000071df3f779c80, 0x000071df3f77d2d8] Compiler: c1, Barriers: 7, Oops: 1, ImmediateOops: 2, NonImmediateOops: No
[2,016s][debug][gc,nmethod  ] Register NMethod: jdk.internal.classfile.impl.DirectCodeBuilder$4.generateStackMaps (0x000071df3f793b88) [0x000071df3f793c80, 0x000071df3f7947a0] Compiler: c1, Barriers: 2, Oops: 0, ImmediateOops: 1, NonImmediateOops: No
[2,017s][debug][gc,nmethod  ] Register NMethod: jdk.internal.classfile.impl.StackMapGenerator$Frame.merge (0x000071df3f7d1608) [0x000071df3f7d1700, 0x000071df3f7d1fb8] Compiler: c1, Barriers: 5, Oops: 0, ImmediateOops: 0, NonImmediateOops: No
[2,017s][debug][gc,nmethod  ] Register NMethod: jdk.internal.classfile.impl.StackMapGenerator$Type.mergeFrom (0x000071df3f7d2008) [0x000071df3f7d2100, 0x000071df3f7d2ba8] Compiler: c1, Barriers: 0, Oops: 0, ImmediateOops: 6, NonImmediateOops: No
[2,017s][debug][gc,nmethod  ] Register NMethod: java.lang.invoke.MethodHandle.linkToStatic (0x000071df5ec5d488) [0x000071df5ec5d580, 0x000071df5ec5d678] Compiler: , Barriers: 0, Oops: 0, ImmediateOops: 0, NonImmediateOops: No
[2,017s][debug][gc,nmethod  ] Register NMethod: java.lang.invoke.MethodHandle.invokeBasic (0x000071df5ec5d788) [0x000071df5ec5d880, 0x000071df5ec5db18] Compiler: , Barriers: 0, Oops: 0, ImmediateOops: 0, NonImmediateOops: No
[2,017s][debug][gc,nmethod  ] Register NMethod: java.lang.invoke.MethodHandle.linkToSpecial (0x000071df5ec5db88) [0x000071df5ec5dc80, 0x000071df5ec5dd78] Compiler: , Barriers: 0, Oops: 0, ImmediateOops: 0, NonImmediateOops: No
[2,018s][debug][gc,nmethod  ] Register NMethod: jdk.internal.constant.PrimitiveClassDescImpl.isPrimitive (0x000071df5ec5de88) [0x000071df5ec5df80, 0x000071df5ec5e040] Compiler: c1, Barriers: 0, Oops: 0, ImmediateOops: 0, NonImmediateOops: No
[2,018s][debug][gc,nmethod  ] Register NMethod: java.lang.invoke.LambdaForm.returnType (0x000071df3f7d2c08) [0x000071df3f7d2d00, 0x000071df3f7d2f20] Compiler: c1, Barriers: 3, Oops: 0, ImmediateOops: 1, NonImmediateOops: No
[2,018s][debug][gc,nmethod  ] Register NMethod: jdk.internal.classfile.impl.AnnotationReader.writeAnnotation (0x000071df3f7d2f88) [0x000071df3f7d3080, 0x000071df3f7d6e80] Compiler: c1, Barriers: 5, Oops: 1, ImmediateOops: 3, NonImmediateOops: No
[2,019s][debug][gc,nmethod  ] Register NMethod: jdk.internal.classfile.impl.DirectCodeBuilder.astore (0x000071df3f7d6f08) [0x000071df3f7d7000, 0x000071df3f7d73f0] Compiler: c1, Barriers: 1, Oops: 0, ImmediateOops: 0, NonImmediateOops: No
[2,019s][debug][gc,nmethod  ] Register NMethod: jdk.internal.classfile.impl.StackMapGenerator$Frame.setLocalRawInternal (0x000071df3f7d7408) [0x000071df3f7d7500, 0x000071df3f7d7e10] Compiler: c1, Barriers: 6, Oops: 0, ImmediateOops: 0, NonImmediateOops: No
[2,019s][debug][gc,nmethod  ] Register NMethod: java.util.List.of (0x000071df3f7d7e88) [0x000071df3f7d7f80, 0x000071df3f7d84d0] Compiler: c1, Barriers: 6, Oops: 0, ImmediateOops: 1, NonImmediateOops: No
[2,019s][debug][gc,director ] Rule Major: Warmup 10%, Used: 80MB, UsedThreshold: 1228MB
[2,019s][debug][gc,nmethod  ] Register NMethod: java.util.Optional.isPresent (0x000071df3f7d8508) [0x000071df3f7d8600, 0x000071df3f7d8780] Compiler: c1, Barriers: 1, Oops: 0, ImmediateOops: 0, NonImmediateOops: No
[2,019s][debug][gc,nmethod  ] Register NMethod: jdk.internal.classfile.impl.AbstractPoolEntry$Utf8EntryImpl.equalsString (0x000071df3f7d8808) [0x000071df3f7d8900, 0x000071df3f7db5d0] Compiler: c1, Barriers: 23, Oops: 1, ImmediateOops: 8, NonImmediateOops: No
[2,019s][debug][gc,nmethod  ] Register NMethod: java.lang.invoke.MethodHandle.linkToNative (0x000071df5ec5e188) [0x000071df5ec5e280, 0x000071df5ec5e288] Compiler: , Barriers: 0, Oops: 0, ImmediateOops: 0, NonImmediateOops: No
[2,020s][debug][gc,nmethod  ] Register NMethod: java.lang.invoke.MethodHandle.linkToStatic (0x000071df5ec5e488) [0x000071df5ec5e580, 0x000071df5ec5e670] Compiler: , Barriers: 0, Oops: 0, ImmediateOops: 0, NonImmediateOops: No
[2,020s][debug][gc,nmethod  ] Register NMethod: jdk.internal.classfile.impl.ClassReaderImpl.readU1 (0x000071df3f7db608) [0x000071df3f7db700, 0x000071df3f7db9a8] Compiler: c1, Barriers: 1, Oops: 0, ImmediateOops: 1, NonImmediateOops: No
[2,020s][debug][gc,nmethod  ] Register NMethod: java.lang.invoke.MethodHandle.invokeBasic (0x000071df5ec5e788) [0x000071df5ec5e880, 0x000071df5ec5eb18] Compiler: , Barriers: 0, Oops: 0, ImmediateOops: 0, NonImmediateOops: No
[2,020s][debug][gc,nmethod  ] Register NMethod: java.lang.invoke.MethodHandle.linkToSpecial (0x000071df5ec5eb88) [0x000071df5ec5ec80, 0x000071df5ec5ed78] Compiler: , Barriers: 0, Oops: 0, ImmediateOops: 0, NonImmediateOops: No
[2,020s][debug][gc,nmethod  ] Register NMethod: java.lang.invoke.InvokerBytecodeGenerator.emitLoadInsn (0x000071df3f7dba08) [0x000071df3f7dbb00, 0x000071df3f7dbe70] Compiler: c1, Barriers: 1, Oops: 0, ImmediateOops: 0, NonImmediateOops: No
[2,020s][debug][gc,nmethod  ] Register NMethod: jdk.internal.misc.VM.isSystemDomainLoader (0x000071df3f7dbe88) [0x000071df3f7dbf80, 0x000071df3f7dc1f0] Compiler: c1, Barriers: 0, Oops: 0, ImmediateOops: 1, NonImmediateOops: No
[2,020s][debug][gc,nmethod  ] Register NMethod: jdk.internal.classfile.impl.EntryMap.nextPowerOfTwo (0x000071df3f7dc208) [0x000071df3f7dc300, 0x000071df3f7dc500] Compiler: c1, Barriers: 0, Oops: 0, ImmediateOops: 0, NonImmediateOops: No
[2,021s][debug][gc,nmethod  ] Register NMethod: jdk.internal.classfile.impl.EntryMap.arraySize (0x000071df3f7dc508) [0x000071df3f7dc600, 0x000071df3f7ddba0] Compiler: c1, Barriers: 0, Oops: 3, ImmediateOops: 4, NonImmediateOops: No
[2,021s][debug][gc,nmethod  ] Register NMethod: java.lang.invoke.InvokerBytecodeGenerator.emitPushArgument (0x000071df3f7ddc08) [0x000071df3f7ddd00, 0x000071df3f7e00a8] Compiler: c1, Barriers: 5, Oops: 0, ImmediateOops: 4, NonImmediateOops: No
[2,021s][debug][gc,nmethod  ] Register NMethod: java.lang.classfile.constantpool.ConstantPoolBuilder.of (0x000071df3f7e0108) [0x000071df3f7e0200, 0x000071df3f7e0380] Compiler: c1, Barriers: 0, Oops: 0, ImmediateOops: 0, NonImmediateOops: No
[2,021s][debug][gc,nmethod  ] Register NMethod: java.lang.invoke.InvokerBytecodeGenerator.emitReferenceCast (0x000071df3f7e0408) [0x000071df3f7e0500, 0x000071df3f7e2068] Compiler: c1, Barriers: 2, Oops: 1, ImmediateOops: 6, NonImmediateOops: No
[2,021s][debug][gc,nmethod  ] Register NMethod: jdk.internal.classfile.impl.SplitConstantPool.<init> (0x000071df3f7e2088) [0x000071df3f7e2180, 0x000071df3f7e2588] Compiler: c1, Barriers: 9, Oops: 0, ImmediateOops: 0, NonImmediateOops: No
[2,021s][debug][gc,nmethod  ] Register NMethod: java.lang.invoke.MemberName.getFieldType (0x000071df3f7e2608) [0x000071df3f7e2700, 0x000071df3f7e4f98] Compiler: c1, Barriers: 12, Oops: 2, ImmediateOops: 3, NonImmediateOops: No
[2,021s][debug][gc,nmethod  ] Register NMethod: jdk.internal.classfile.impl.StackMapGenerator$Frame.setLocal (0x000071df3f7e5008) [0x000071df3f7e5100, 0x000071df3f7e56d8] Compiler: c1, Barriers: 2, Oops: 0, ImmediateOops: 6, NonImmediateOops: No
[2,021s][debug][gc,nmethod  ] Register NMethod: jdk.internal.classfile.impl.ClassFileImpl.build (0x000071df3f7e5708) [0x000071df3f7e5800, 0x000071df3f7e6aa0] Compiler: c1, Barriers: 0, Oops: 0, ImmediateOops: 0, NonImmediateOops: No
[2,021s][debug][gc,nmethod  ] Register NMethod: jdk.internal.classfile.impl.BufWriterImpl.join (0x000071df3f7e6b08) [0x000071df3f7e6c00, 0x000071df3f7e76f8] Compiler: c1, Barriers: 0, Oops: 0, ImmediateOops: 0, NonImmediateOops: No
[2,021s][debug][gc,nmethod  ] Register NMethod: jdk.internal.classfile.impl.DirectClassBuilder.<init> (0x000071df3f7e7708) [0x000071df3f7e7800, 0x000071df3f7e8ba0] Compiler: c1, Barriers: 28, Oops: 0, ImmediateOops: 5, NonImmediateOops: No
[2,022s][debug][gc,nmethod  ] Register NMethod: java.util.stream.StreamOpFlag.isKnown (0x000071df3f7e8c08) [0x000071df3f7e8d00, 0x000071df3f7e8e58] Compiler: c1, Barriers: 0, Oops: 0, ImmediateOops: 0, NonImmediateOops: No
[2,022s][debug][gc,nmethod  ] Register NMethod: java.lang.invoke.MethodHandle.linkToNative (0x000071df5ec5ee88) [0x000071df5ec5ef80, 0x000071df5ec5ef88] Compiler: , Barriers: 0, Oops: 0, ImmediateOops: 0, NonImmediateOops: No
[2,022s][debug][gc,nmethod  ] Register NMethod: jdk.internal.classfile.impl.SplitConstantPool.writeBootstrapMethods (0x000071df3f7e8f08) [0x000071df3f7e9000, 0x000071df3f7eb530] Compiler: c1, Barriers: 14, Oops: 1, ImmediateOops: 2, NonImmediateOops: No
[2,022s][debug][gc,nmethod  ] Register NMethod: java.lang.classfile.CodeBuilder.checkcast (0x000071df3f7eb588) [0x000071df3f7eb680, 0x000071df3f7ebda0] Compiler: c1, Barriers: 0, Oops: 0, ImmediateOops: 0, NonImmediateOops: No
[2,023s][debug][gc,nmethod  ] Register NMethod: jdk.internal.classfile.impl.StackMapGenerator$Type.isCategory2_2nd (0x000071df3f7ebe08) [0x000071df3f7ebf00, 0x000071df3f7ec090] Compiler: c1, Barriers: 0, Oops: 0, ImmediateOops: 2, NonImmediateOops: No
[2,023s][debug][gc,nmethod  ] Register NMethod: java.lang.invoke.MethodHandle.linkToStatic (0x000071df5ec5f188) [0x000071df5ec5f280, 0x000071df5ec5f370] Compiler: , Barriers: 0, Oops: 0, ImmediateOops: 0, NonImmediateOops: No
[2,023s][debug][gc,nmethod  ] Register NMethod: jdk.internal.classfile.impl.ClassReaderImpl.readU2 (0x000071df3f7ec108) [0x000071df3f7ec200, 0x000071df3f7ec4d8] Compiler: c1, Barriers: 1, Oops: 0, ImmediateOops: 1, NonImmediateOops: No
[2,023s][debug][gc,nmethod  ] Register NMethod: jdk.internal.classfile.impl.DirectClassBuilder.withFlags (0x000071df3f7ec508) [0x000071df3f7ec600, 0x000071df3f7ec8d8] Compiler: c1, Barriers: 0, Oops: 0, ImmediateOops: 0, NonImmediateOops: No
[2,023s][debug][gc,nmethod  ] Register NMethod: java.lang.invoke.MethodHandle.invokeBasic (0x000071df5ec5f488) [0x000071df5ec5f580, 0x000071df5ec5f818] Compiler: , Barriers: 0, Oops: 0, ImmediateOops: 0, NonImmediateOops: No
[2,023s][debug][gc,nmethod  ] Register NMethod: java.lang.invoke.MethodHandle.linkToSpecial (0x000071df5ec5f888) [0x000071df5ec5f980, 0x000071df5ec5fa78] Compiler: , Barriers: 0, Oops: 0, ImmediateOops: 0, NonImmediateOops: No
[2,024s][debug][gc,nmethod  ] Register NMethod: jdk.internal.loader.URLClassPath.getResource (0x000071df5ec5fb88) [0x000071df5ec5fc80, 0x000071df5ec641a0] Compiler: jvmci, Barriers: 62, Oops: 4, ImmediateOops: 11, NonImmediateOops: No
[2,024s][debug][gc,nmethod  ] Register NMethod: java.lang.classfile.ClassFile.of (0x000071df3f7ec908) [0x000071df3f7eca00, 0x000071df3f7ecae8] Compiler: c1, Barriers: 0, Oops: 0, ImmediateOops: 1, NonImmediateOops: No
[2,024s][debug][gc,nmethod  ] Register NMethod: jdk.internal.classfile.impl.DirectClassBuilder.setSuperclass (0x000071df5ec64208) [0x000071df5ec64300, 0x000071df5ec64430] Compiler: c1, Barriers: 3, Oops: 0, ImmediateOops: 0, NonImmediateOops: No
[2,024s][debug][gc,nmethod  ] Register NMethod: jdk.internal.classfile.impl.UnboundAttribute$AdHocAttribute.writeTo (0x000071df3f7ecc08) [0x000071df3f7ecd00, 0x000071df3f7ee8f0] Compiler: c1, Barriers: 5, Oops: 0, ImmediateOops: 0, NonImmediateOops: No
[2,024s][debug][gc,nmethod  ] Register NMethod: jdk.internal.classfile.impl.BytecodeHelpers.returnBytecode (0x000071df3f7ee908) [0x000071df3f7eea00, 0x000071df3f7eed60] Compiler: c1, Barriers: 0, Oops: 0, ImmediateOops: 0, NonImmediateOops: No
[2,024s][debug][gc,nmethod  ] Register NMethod: jdk.internal.classfile.impl.DirectCodeBuilder.return_ (0x000071df3f7eed88) [0x000071df3f7eee80, 0x000071df3f7ef498] Compiler: c1, Barriers: 1, Oops: 0, ImmediateOops: 0, NonImmediateOops: No
[2,024s][debug][gc,nmethod  ] Register NMethod: java.lang.invoke.BoundMethodHandle$Species_L.<init> (0x000071df3f7ef508) [0x000071df3f7ef600, 0x000071df3f7ef840] Compiler: c1, Barriers: 3, Oops: 0, ImmediateOops: 0, NonImmediateOops: No
[2,024s][debug][gc,nmethod  ] Register NMethod: java.util.ImmutableCollections$ListN.get (0x000071df5ec64508) [0x000071df5ec64600, 0x000071df5ec64740] Compiler: jvmci, Barriers: 2, Oops: 0, ImmediateOops: 0, NonImmediateOops: No
[2,024s][debug][gc,nmethod  ] Register NMethod: java.lang.invoke.MethodHandle.linkToNative (0x000071df5ec64808) [0x000071df5ec64900, 0x000071df5ec64908] Compiler: , Barriers: 0, Oops: 0, ImmediateOops: 0, NonImmediateOops: No
[2,025s][debug][gc,nmethod  ] Register NMethod: java.util.AbstractCollection.<init> (0x000071df5ec64b08) [0x000071df5ec64c00, 0x000071df5ec64c80] Compiler: jvmci, Barriers: 0, Oops: 0, ImmediateOops: 0, NonImmediateOops: No
[2,025s][debug][gc,nmethod  ] Register NMethod: java.lang.classfile.CodeBuilder.invoke (0x000071df3f7ef888) [0x000071df3f7ef980, 0x000071df3f7f0510] Compiler: c1, Barriers: 0, Oops: 0, ImmediateOops: 0, NonImmediateOops: No
[2,025s][debug][gc,nmethod  ] Register NMethod: jdk.internal.classfile.impl.AbstractPoolEntry$NameAndTypeEntryImpl.name (0x000071df3f7f0588) [0x000071df3f7f0680, 0x000071df3f7f09d0] Compiler: c1, Barriers: 1, Oops: 0, ImmediateOops: 0, NonImmediateOops: No
[2,025s][debug][gc,nmethod  ] Register NMethod: java.lang.ref.Reference.<init> (0x000071df5ec64e08) [0x000071df5ec64f00, 0x000071df5ec65108] Compiler: jvmci, Barriers: 9, Oops: 0, ImmediateOops: 1, NonImmediateOops: No
[2,025s][debug][gc,nmethod  ] Register NMethod: java.lang.invoke.MethodHandle.invokeBasic (0x000071df5ec65188) [0x000071df5ec65280, 0x000071df5ec65518] Compiler: , Barriers: 0, Oops: 0, ImmediateOops: 0, NonImmediateOops: No
[2,025s][debug][gc,nmethod  ] Register NMethod: java.lang.invoke.MethodHandle.linkToSpecial (0x000071df5ec65588) [0x000071df5ec65680, 0x000071df5ec65778] Compiler: , Barriers: 0, Oops: 0, ImmediateOops: 0, NonImmediateOops: No
[2,026s][debug][gc,nmethod  ] Register NMethod: jdk.internal.util.DecimalDigits.uncheckedGetCharsLatin1 (0x000071df3f7f0a08) [0x000071df3f7f0b00, 0x000071df3f7f0ec0] Compiler: c1, Barriers: 0, Oops: 0, ImmediateOops: 0, NonImmediateOops: No
[2,026s][debug][gc,nmethod  ] Register NMethod: java.lang.System$1.defineClass (0x000071df3f7f0f08) [0x000071df3f7f1000, 0x000071df3f7f1170] Compiler: c1, Barriers: 0, Oops: 0, ImmediateOops: 0, NonImmediateOops: No
[2,026s][debug][gc,nmethod  ] Register NMethod: java.lang.invoke.MethodHandles$Lookup$ClassDefiner.<init> (0x000071df3f7f1208) [0x000071df3f7f1300, 0x000071df3f7f16a0] Compiler: c1, Barriers: 12, Oops: 0, ImmediateOops: 0, NonImmediateOops: No
[2,026s][debug][gc,nmethod  ] Register NMethod: java.lang.invoke.MethodHandles$Lookup.makeHiddenClassDefiner (0x000071df3f7f1708) [0x000071df3f7f1800, 0x000071df3f7f1e28] Compiler: c1, Barriers: 2, Oops: 0, ImmediateOops: 1, NonImmediateOops: No
[2,026s][debug][gc,nmethod  ] Register NMethod: java.lang.invoke.MethodHandles$Lookup$ClassDefiner.defineClass (0x000071df3f7f1e88) [0x000071df3f7f1f80, 0x000071df3f7f3cc8] Compiler: c1, Barriers: 21, Oops: 0, ImmediateOops: 2, NonImmediateOops: No
[2,026s][debug][gc,nmethod  ] Register NMethod: java.lang.invoke.MethodHandle.intrinsicName (0x000071df3f7f3d08) [0x000071df3f7f3e00, 0x000071df3f7f3f08] Compiler: c1, Barriers: 0, Oops: 0, ImmediateOops: 1, NonImmediateOops: No
[2,027s][debug][gc,nmethod  ] Register NMethod: java.lang.invoke.InvokerBytecodeGenerator.emitStoreResult (0x000071df3f7f4008) [0x000071df3f7f4100, 0x000071df3f7f4948] Compiler: c1, Barriers: 3, Oops: 0, ImmediateOops: 1, NonImmediateOops: No
[2,029s][debug][gc,nmethod  ] Register NMethod: java.lang.String.getBytes (0x000071df5ec65888) [0x000071df5ec65980, 0x000071df5ec65d20] Compiler: jvmci, Barriers: 1, Oops: 0, ImmediateOops: 0, NonImmediateOops: No
[2,029s][debug][gc,director ] Rule Major: Warmup 10%, Used: 82MB, UsedThreshold: 1228MB
[2,030s][debug][gc,nmethod  ] Register NMethod: org.gradle.internal.io.StreamByteBuffer.access$000 (0x000071df5ec65d88) [0x000071df5ec65e80, 0x000071df5ec65f50] Compiler: c1, Barriers: 1, Oops: 1, ImmediateOops: 0, NonImmediateOops: No
[2,031s][debug][gc,nmethod  ] Register NMethod: java.lang.invoke.MethodHandle.invokeBasic (0x000071df5ec66088) [0x000071df5ec66180, 0x000071df5ec66418] Compiler: , Barriers: 0, Oops: 0, ImmediateOops: 0, NonImmediateOops: No
[2,031s][debug][gc,nmethod  ] Register NMethod: java.lang.invoke.MethodHandle.linkToSpecial (0x000071df5ec66488) [0x000071df5ec66580, 0x000071df5ec66678] Compiler: , Barriers: 0, Oops: 0, ImmediateOops: 0, NonImmediateOops: No
[2,031s][debug][gc,nmethod  ] Register NMethod: java.lang.invoke.MemberName.isField (0x000071df3f7f4988) [0x000071df3f7f4a80, 0x000071df3f7f4c38] Compiler: c1, Barriers: 0, Oops: 0, ImmediateOops: 0, NonImmediateOops: No
[2,031s][debug][gc,nmethod  ] Register NMethod: jdk.internal.classfile.impl.SplitConstantPool.utf8Entry (0x000071df5ec66788) [0x000071df5ec668a0, 0x000071df5ec67df8] Compiler: jvmci, Barriers: 36, Oops: 0, ImmediateOops: 2, NonImmediateOops: No
[2,031s][debug][gc,nmethod  ] Register NMethod: java.util.Collections$EmptyList.size (0x000071df5ec67e08) [0x000071df5ec67f00, 0x000071df5ec67fc0] Compiler: c1, Barriers: 0, Oops: 0, ImmediateOops: 0, NonImmediateOops: No
[2,031s][debug][gc,nmethod  ] Register NMethod: java.lang.invoke.MethodHandle.invokeBasic (0x000071df5ec68108) [0x000071df5ec68200, 0x000071df5ec68498] Compiler: , Barriers: 0, Oops: 0, ImmediateOops: 0, NonImmediateOops: No
[2,032s][debug][gc,nmethod  ] Register NMethod: java.lang.invoke.MethodHandle.linkToSpecial (0x000071df5ec68508) [0x000071df5ec68600, 0x000071df5ec686f8] Compiler: , Barriers: 0, Oops: 0, ImmediateOops: 0, NonImmediateOops: No
[2,032s][debug][gc,nmethod  ] Register NMethod: java.lang.invoke.InvokerBytecodeGenerator.emitStaticInvoke (0x000071df3f7f4c88) [0x000071df3f7f4d80, 0x000071df3f7f7400] Compiler: c1, Barriers: 9, Oops: 0, ImmediateOops: 2, NonImmediateOops: No
[2,032s][debug][gc,nmethod  ] Register NMethod: java.lang.invoke.InvokerBytecodeGenerator.methodDesc (0x000071df3f7f7408) [0x000071df3f7f7500, 0x000071df3f7f8608] Compiler: c1, Barriers: 19, Oops: 1, ImmediateOops: 1, NonImmediateOops: No
[2,032s][debug][gc,nmethod  ] Register NMethod: org.gradle.internal.io.StreamByteBuffer$StreamByteBufferChunk.spaceLeft (0x000071df3f7f8688) [0x000071df3f7f8780, 0x000071df3f7f8888] Compiler: c1, Barriers: 0, Oops: 1, ImmediateOops: 0, NonImmediateOops: No
[2,032s][debug][gc,nmethod  ] Register NMethod: org.gradle.internal.io.StreamByteBuffer$StreamByteBufferChunk.write (0x000071df3f7f8988) [0x000071df3f7f8a80, 0x000071df3f7f8c48] Compiler: c1, Barriers: 1, Oops: 1, ImmediateOops: 0, NonImmediateOops: No
[2,032s][debug][gc,nmethod  ] Register NMethod: org.gradle.internal.io.StreamByteBuffer$StreamByteBufferOutputStream.write (0x000071df3f7f8c88) [0x000071df3f7f8d80, 0x000071df3f7f8ff0] Compiler: c1, Barriers: 3, Oops: 1, ImmediateOops: 0, NonImmediateOops: No
[2,032s][debug][gc,nmethod  ] Register NMethod: org.gradle.internal.io.LineBufferingOutputStream.endsWithLineSeparator (0x000071df3f7f9008) [0x000071df3f7f9100, 0x000071df3f7f9288] Compiler: c1, Barriers: 0, Oops: 1, ImmediateOops: 0, NonImmediateOops: No
[2,032s][debug][gc,nmethod  ] Register NMethod: java.nio.Buffer.position (0x000071df5ec68808) [0x000071df5ec68900, 0x000071df5ec689c0] Compiler: c1, Barriers: 0, Oops: 0, ImmediateOops: 0, NonImmediateOops: No
[2,032s][debug][gc,nmethod  ] Register NMethod: java.lang.String.rangeCheck (0x000071df3f7f9308) [0x000071df3f7f9400, 0x000071df3f7f9668] Compiler: c1, Barriers: 0, Oops: 1, ImmediateOops: 1, NonImmediateOops: No
[2,032s][debug][gc,nmethod  ] Register NMethod: java.lang.StringBuilder.toString (0x000071df5ec68b08) [0x000071df5ec68c00, 0x000071df5ec69008] Compiler: jvmci, Barriers: 3, Oops: 0, ImmediateOops: 1, NonImmediateOops: No
[2,032s][debug][gc,nmethod  ] Register NMethod: jdk.internal.classfile.impl.AbstractPoolEntry$Utf8EntryImpl.<init> (0x000071df5ec69088) [0x000071df5ec69180, 0x000071df5ec69460] Compiler: jvmci, Barriers: 12, Oops: 0, ImmediateOops: 1, NonImmediateOops: No
[2,032s][debug][gc,nmethod  ] Register NMethod: org.gradle.internal.io.StreamByteBuffer.allocateSpace (0x000071df3f7f9688) [0x000071df3f7f9780, 0x000071df3f7f9f68] Compiler: c1, Barriers: 9, Oops: 1, ImmediateOops: 0, NonImmediateOops: No
[2,032s][debug][gc,nmethod  ] Register NMethod: java.util.regex.Pattern.isSupplementary (0x000071df3f7f9f88) [0x000071df3f7fa080, 0x000071df3f7fa2b8] Compiler: c1, Barriers: 0, Oops: 0, ImmediateOops: 0, NonImmediateOops: No
[2,032s][debug][gc,nmethod  ] Register NMethod: java.lang.String.<init> (0x000071df3f7fa308) [0x000071df3f7fa400, 0x000071df3f7fa740] Compiler: c1, Barriers: 0, Oops: 1, ImmediateOops: 1, NonImmediateOops: No
[2,033s][debug][gc,nmethod  ] Register NMethod: org.gradle.internal.io.LineBufferingOutputStream.write (0x000071df3f7fa788) [0x000071df3f7fa880, 0x000071df3f7fc068] Compiler: c1, Barriers: 4, Oops: 1, ImmediateOops: 2, NonImmediateOops: No
[2,033s][debug][gc,nmethod  ] Register NMethod: java.lang.Character.isSurrogate (0x000071df3f7fc088) [0x000071df3f7fc180, 0x000071df3f7fc2e0] Compiler: c1, Barriers: 0, Oops: 0, ImmediateOops: 0, NonImmediateOops: No
[2,033s][debug][gc,nmethod  ] Register NMethod: java.lang.String.codePointAt (0x000071df3f7fc388) [0x000071df3f7fc480, 0x000071df3f7fcad8] Compiler: c1, Barriers: 2, Oops: 1, ImmediateOops: 2, NonImmediateOops: No
[2,033s][debug][gc,nmethod  ] Register NMethod: java.util.Calendar.internalSet (0x000071df3f7fcb08) [0x000071df3f7fcc00, 0x000071df3f7fcd58] Compiler: c1, Barriers: 1, Oops: 0, ImmediateOops: 0, NonImmediateOops: No
[2,033s][debug][gc,nmethod  ] Register NMethod: ch.qos.logback.core.pattern.Converter.getNext (0x000071df5ec69488) [0x000071df5ec69580, 0x000071df5ec69668] Compiler: c1, Barriers: 1, Oops: 1, ImmediateOops: 0, NonImmediateOops: No
[2,033s][debug][gc,nmethod  ] Register NMethod: java.nio.Buffer.position (0x000071df3f7fce08) [0x000071df3f7fcf00, 0x000071df3f7fd140] Compiler: c1, Barriers: 0, Oops: 0, ImmediateOops: 0, NonImmediateOops: No
[2,033s][debug][gc,nmethod  ] Register NMethod: java.lang.invoke.MethodHandle.invokeBasic (0x000071df5ec69788) [0x000071df5ec69880, 0x000071df5ec69b18] Compiler: , Barriers: 0, Oops: 0, ImmediateOops: 0, NonImmediateOops: No
[2,033s][debug][gc,nmethod  ] Register NMethod: java.lang.invoke.MethodHandle.linkToSpecial (0x000071df5ec69b88) [0x000071df5ec69c80, 0x000071df5ec69d78] Compiler: , Barriers: 0, Oops: 0, ImmediateOops: 0, NonImmediateOops: No
[2,034s][debug][gc,nmethod  ] Register NMethod: jdk.internal.classfile.impl.UnboundAttribute$UnboundRuntimeVisibleAnnotationsAttribute.annotations (0x000071df5ec69e88) [0x000071df5ec69f80, 0x000071df5ec6a068] Compiler: c1, Barriers: 1, Oops: 0, ImmediateOops: 0, NonImmediateOops: No
[2,034s][debug][gc,nmethod  ] Register NMethod: java.lang.invoke.MethodHandle.invokeBasic (0x000071df5ec6a188) [0x000071df5ec6a280, 0x000071df5ec6a518] Compiler: , Barriers: 0, Oops: 0, ImmediateOops: 0, NonImmediateOops: No
[2,034s][debug][gc,nmethod  ] Register NMethod: java.lang.invoke.MethodHandle.linkToSpecial (0x000071df5ec6a588) [0x000071df5ec6a680, 0x000071df5ec6a778] Compiler: , Barriers: 0, Oops: 0, ImmediateOops: 0, NonImmediateOops: No
[2,034s][debug][gc,nmethod  ] Register NMethod: java.lang.invoke.DirectMethodHandle.make (0x000071df3f7fd188) [0x000071df3f7fd280, 0x000071df3f7ffaa0] Compiler: c1, Barriers: 4, Oops: 0, ImmediateOops: 1, NonImmediateOops: No
[2,034s][debug][gc,nmethod  ] Register NMethod: jdk.internal.constant.ConstantUtils.internalNameToDesc (0x000071df3f7ffb08) [0x000071df3f7ffc00, 0x000071df3f802018] Compiler: c1, Barriers: 4, Oops: 2, ImmediateOops: 12, NonImmediateOops: No
[2,034s][debug][gc,nmethod  ] Register NMethod: jdk.internal.misc.Unsafe.putReference (0x000071df5ec6a888) [0x000071df5ec6a980, 0x000071df5ec6aaf0] Compiler: , Barriers: 0, Oops: 0, ImmediateOops: 0, NonImmediateOops: No
[2,035s][debug][gc,nmethod  ] Register NMethod: jdk.internal.misc.Unsafe.getUnsafe (0x000071df3f802088) [0x000071df3f802180, 0x000071df3f802268] Compiler: c1, Barriers: 0, Oops: 0, ImmediateOops: 1, NonImmediateOops: No
[2,035s][debug][gc,nmethod  ] Register NMethod: java.lang.invoke.MethodHandle.invokeBasic (0x000071df5ec6ab88) [0x000071df5ec6ac80, 0x000071df5ec6af18] Compiler: , Barriers: 0, Oops: 0, ImmediateOops: 0, NonImmediateOops: No
[2,035s][debug][gc,nmethod  ] Register NMethod: java.util.concurrent.ConcurrentLinkedDeque$Node.<init> (0x000071df3f802388) [0x000071df3f802480, 0x000071df3f8025d8] Compiler: c1, Barriers: 0, Oops: 0, ImmediateOops: 0, NonImmediateOops: No
[2,035s][debug][gc,nmethod  ] Register NMethod: jdk.internal.misc.Unsafe.addressSize (0x000071df3f802688) [0x000071df3f802780, 0x000071df3f802888] Compiler: c1, Barriers: 0, Oops: 0, ImmediateOops: 0, NonImmediateOops: No
[2,035s][debug][gc,nmethod  ] Register NMethod: java.lang.invoke.VarHandleReferences$FieldInstanceReadWrite.set (0x000071df3f802988) [0x000071df3f802a80, 0x000071df3f803aa8] Compiler: c1, Barriers: 5, Oops: 1, ImmediateOops: 0, NonImmediateOops: No
[2,035s][debug][gc,nmethod  ] Register NMethod: jdk.internal.foreign.NativeMemorySegmentImpl.<init> (0x000071df3f803b08) [0x000071df3f803c00, 0x000071df3f8040c8] Compiler: c1, Barriers: 3, Oops: 0, ImmediateOops: 1, NonImmediateOops: No
[2,035s][debug][gc,nmethod  ] Register NMethod: jdk.internal.foreign.AbstractMemorySegmentImpl.<init> (0x000071df3f804108) [0x000071df3f804200, 0x000071df3f8043e0] Compiler: c1, Barriers: 3, Oops: 0, ImmediateOops: 0, NonImmediateOops: No
[2,035s][debug][gc,nmethod  ] Register NMethod: jdk.internal.foreign.AbstractMemorySegmentImpl.asSlice (0x000071df3f804408) [0x000071df3f804500, 0x000071df3f8047f8] Compiler: c1, Barriers: 0, Oops: 0, ImmediateOops: 0, NonImmediateOops: No
[2,035s][debug][gc,nmethod  ] Register NMethod: java.lang.invoke.VarHandleReferences$FieldInstanceReadWrite.compareAndSet (0x000071df3f804808) [0x000071df3f804900, 0x000071df3f805eb8] Compiler: c1, Barriers: 7, Oops: 1, ImmediateOops: 0, NonImmediateOops: No
[2,035s][debug][gc,nmethod  ] Register NMethod: jdk.internal.foreign.AbstractMemorySegmentImpl.asSlice (0x000071df3f805f08) [0x000071df3f806000, 0x000071df3f8064f8] Compiler: c1, Barriers: 0, Oops: 0, ImmediateOops: 0, NonImmediateOops: No
[2,035s][debug][gc,nmethod  ] Register NMethod: java.lang.invoke.VarHandleGuards.guard_LLL_Z (0x000071df3f806508) [0x000071df3f806600, 0x000071df3f809500] Compiler: c1, Barriers: 28, Oops: 0, ImmediateOops: 2, NonImmediateOops: No
[2,035s][debug][gc,nmethod  ] Register NMethod: jdk.internal.util.Preconditions.checkIndex (0x000071df3f809508) [0x000071df3f809600, 0x000071df3f809790] Compiler: c1, Barriers: 0, Oops: 0, ImmediateOops: 0, NonImmediateOops: No
[2,035s][debug][gc,nmethod  ] Register NMethod: jdk.internal.foreign.AbstractMemorySegmentImpl.checkBounds (0x000071df3f809808) [0x000071df3f809900, 0x000071df3f809b90] Compiler: c1, Barriers: 0, Oops: 0, ImmediateOops: 0, NonImmediateOops: No
[2,035s][debug][gc,nmethod  ] Register NMethod: jdk.internal.foreign.AbstractMemorySegmentImpl.asSliceNoCheck (0x000071df3f809c08) [0x000071df3f809d00, 0x000071df3f80a040] Compiler: c1, Barriers: 1, Oops: 0, ImmediateOops: 0, NonImmediateOops: No
[2,035s][debug][gc,nmethod  ] Register NMethod: java.util.concurrent.ConcurrentLinkedDeque.offer (0x000071df3f80a088) [0x000071df3f80a180, 0x000071df3f80a318] Compiler: c1, Barriers: 0, Oops: 0, ImmediateOops: 0, NonImmediateOops: No
[2,036s][debug][gc,nmethod  ] Register NMethod: java.util.concurrent.ConcurrentLinkedDeque.offerLast (0x000071df3f80a388) [0x000071df3f80a480, 0x000071df3f80a5b8] Compiler: c1, Barriers: 0, Oops: 0, ImmediateOops: 0, NonImmediateOops: No
[2,036s][debug][gc,nmethod  ] Register NMethod: jdk.internal.foreign.NativeMemorySegmentImpl.dup (0x000071df3f80a688) [0x000071df3f80a780, 0x000071df3f80ad78] Compiler: c1, Barriers: 3, Oops: 0, ImmediateOops: 1, NonImmediateOops: No
[2,036s][debug][gc,nmethod  ] Register NMethod: jdk.internal.foreign.NativeMemorySegmentImpl.dup (0x000071df3f80ad88) [0x000071df3f80ae80, 0x000071df3f80b418] Compiler: c1, Barriers: 3, Oops: 0, ImmediateOops: 1, NonImmediateOops: No
[2,036s][debug][gc,nmethod  ] Register NMethod: jdk.internal.misc.Unsafe.weakCompareAndSetReference (0x000071df3f80b488) [0x000071df3f80b580, 0x000071df3f80b700] Compiler: c1, Barriers: 5, Oops: 0, ImmediateOops: 0, NonImmediateOops: No
[2,036s][debug][gc,nmethod  ] Register NMethod: java.lang.invoke.VarHandleGuards.guard_LL_V (0x000071df3f80b788) [0x000071df3f80b880, 0x000071df3f810468] Compiler: c1, Barriers: 46, Oops: 1, ImmediateOops: 6, NonImmediateOops: No
[2,036s][debug][gc,nmethod  ] Register NMethod: java.util.concurrent.ConcurrentLinkedDeque.newNode (0x000071df3f810488) [0x000071df3f810580, 0x000071df3f811750] Compiler: c1, Barriers: 3, Oops: 6, ImmediateOops: 7, NonImmediateOops: No
[2,036s][debug][gc,nmethod  ] Register NMethod: java.lang.invoke.VarHandleReferences$FieldInstanceReadWrite.weakCompareAndSet (0x000071df3f811788) [0x000071df3f811880, 0x000071df3f812fb8] Compiler: c1, Barriers: 2, Oops: 1, ImmediateOops: 1, NonImmediateOops: No
[2,037s][debug][gc,nmethod  ] Register NMethod: java.util.regex.Pattern$BmpCharPropertyGreedy.match (0x000071df5ec6af88) [0x000071df5ec6b080, 0x000071df5ec6b4c8] Compiler: jvmci, Barriers: 4, Oops: 0, ImmediateOops: 1, NonImmediateOops: No
[2,037s][debug][gc,nmethod  ] Register NMethod: java.util.concurrent.ConcurrentLinkedDeque.linkLast (0x000071df3f813008) [0x000071df3f813100, 0x000071df3f8181f8] Compiler: c1, Barriers: 16, Oops: 13, ImmediateOops: 33, NonImmediateOops: No
[2,037s][debug][gc,nmethod  ] Register NMethod: jdk.internal.misc.Unsafe.weakCompareAndSetReference (0x000071df5ec6b508) [0x000071df5ec6b600, 0x000071df5ec6b6f0] Compiler: jvmci, Barriers: 5, Oops: 0, ImmediateOops: 0, NonImmediateOops: No
[2,038s][debug][gc,nmethod  ] Register NMethod: java.lang.Class.cast (0x000071df5ec6b808) [0x000071df5ec6b900, 0x000071df5ec6baf0] Compiler: jvmci, Barriers: 0, Oops: 0, ImmediateOops: 0, NonImmediateOops: No
[2,039s][debug][gc,director ] Rule Major: Warmup 10%, Used: 84MB, UsedThreshold: 1228MB
[2,044s][debug][gc,nmethod  ] Register NMethod: java.lang.invoke.VarHandle.checkAccessModeThenIsDirect (0x000071df5ec6bb08) [0x000071df5ec6bc00, 0x000071df5ec6c0b0] Compiler: jvmci, Barriers: 11, Oops: 0, ImmediateOops: 1, NonImmediateOops: No
[2,044s][debug][gc,nmethod  ] Register NMethod: io.sirix.cache.LinuxMemorySegmentAllocator.partitionVirtualRegion (0x000071df3f818288) [0x000071df3f818380, 0x000071df3f819300] Compiler: c1, Barriers: 7, Oops: 4, ImmediateOops: 5, NonImmediateOops: No
[2,045s][debug][gc,nmethod  ] Register NMethod: io.sirix.cache.LinuxMemorySegmentAllocator.partitionVirtualRegion (0x000071df3f819388) [0x000071df3f819480, 0x000071df3f81a298] Compiler: c1, Barriers: 7, Oops: 4, ImmediateOops: 5, NonImmediateOops: No
[2,045s][debug][gc,nmethod  ] Register NMethod: jdk.internal.classfile.impl.AbstractPoolEntry$Utf8EntryImpl.writeTo (0x000071df5ec6c108) [0x000071df5ec6c220, 0x000071df5ec6cd90] Compiler: jvmci, Barriers: 7, Oops: 0, ImmediateOops: 0, NonImmediateOops: No
[2,046s][debug][gc,nmethod  ] Register NMethod: java.lang.StringUTF16.compress (0x000071df5ec6ce08) [0x000071df5ec6cfc0, 0x000071df5ec6d418] Compiler: jvmci, Barriers: 0, Oops: 0, ImmediateOops: 0, NonImmediateOops: No
[2,046s][debug][gc,nmethod  ] Register NMethod: jdk.internal.foreign.AbstractMemorySegmentImpl.asSlice (0x000071df5ec6d488) [0x000071df5ec6d580, 0x000071df5ec6d768] Compiler: jvmci, Barriers: 3, Oops: 0, ImmediateOops: 0, NonImmediateOops: No
[2,047s][debug][gc,nmethod  ] Register NMethod: jdk.internal.foreign.AbstractMemorySegmentImpl.asSlice (0x000071df5ec6d788) [0x000071df5ec6d880, 0x000071df5ec6da68] Compiler: jvmci, Barriers: 3, Oops: 0, ImmediateOops: 0, NonImmediateOops: No
[2,047s][debug][gc,nmethod  ] Register NMethod: java.lang.invoke.VarForm.getMemberName (0x000071df5ec6da88) [0x000071df5ec6db80, 0x000071df5ec6dd40] Compiler: jvmci, Barriers: 2, Oops: 0, ImmediateOops: 0, NonImmediateOops: No
[2,048s][debug][gc,nmethod  ] Register NMethod: jdk.internal.foreign.AbstractMemorySegmentImpl.asSliceNoCheck (0x000071df5ec6dd88) [0x000071df5ec6de80, 0x000071df5ec6dff8] Compiler: jvmci, Barriers: 3, Oops: 0, ImmediateOops: 0, NonImmediateOops: No
[2,049s][debug][gc,nmethod  ] Register NMethod: java.util.concurrent.ConcurrentLinkedDeque.offer (0x000071df5ec6e088) [0x000071df5ec6e180, 0x000071df5ec6e558] Compiler: jvmci, Barriers: 18, Oops: 1, ImmediateOops: 0, NonImmediateOops: No
[2,049s][debug][gc,director ] Rule Major: Warmup 10%, Used: 94MB, UsedThreshold: 1228MB
[2,050s][debug][gc,nmethod  ] Register NMethod: jdk.internal.foreign.NativeMemorySegmentImpl.dup (0x000071df5ec6e588) [0x000071df5ec6e6a0, 0x000071df5ec6e7f0] Compiler: jvmci, Barriers: 2, Oops: 0, ImmediateOops: 0, NonImmediateOops: No
[2,051s][debug][gc,alloc    ] Mutator Allocation Rate: 127,1MB/s Predicted: 127,1MB/s, Avg: 127,1(+/-0,0)MB/s
[2,051s][debug][gc,director ] Rule Major: Warmup 10%, Used: 100MB, UsedThreshold: 1228MB
[2,051s][debug][gc,nmethod  ] Register NMethod: java.util.concurrent.ConcurrentLinkedDeque.linkLast (0x000071df5ec6e888) [0x000071df5ec6e980, 0x000071df5ec6ed58] Compiler: jvmci, Barriers: 18, Oops: 1, ImmediateOops: 0, NonImmediateOops: No
[2,054s][debug][gc,nmethod  ] Register NMethod: java.lang.StringLatin1.getBytes (0x000071df5ec6ed88) [0x000071df5ec6ee80, 0x000071df5ec6f0f8] Compiler: jvmci, Barriers: 0, Oops: 0, ImmediateOops: 0, NonImmediateOops: No
[2,054s][debug][gc,nmethod  ] Register NMethod: java.lang.invoke.VarHandleGuards.guard_LL_V (0x000071df5ec6f108) [0x000071df5ec6f200, 0x000071df5ec6fa90] Compiler: jvmci, Barriers: 26, Oops: 0, ImmediateOops: 5, NonImmediateOops: No
[2,060s][debug][gc,nmethod  ] Register NMethod: io.sirix.cache.LinuxMemorySegmentAllocator.partitionVirtualRegion (0x000071df5ec6fb08) [0x000071df5ec6fc00, 0x000071df5ec70b70] Compiler: jvmci, Barriers: 57, Oops: 3, ImmediateOops: 0, NonImmediateOops: No
[2,061s][debug][gc,director ] Rule Major: Warmup 10%, Used: 130MB, UsedThreshold: 1228MB
[2,065s][debug][gc,nmethod  ] Register NMethod: jdk.internal.classfile.impl.BufWriterImpl.writeUtfEntry (0x000071df5ec70c08) [0x000071df5ec70d20, 0x000071df5ec71830] Compiler: jvmci, Barriers: 5, Oops: 0, ImmediateOops: 0, NonImmediateOops: No
[2,071s][debug][gc,director ] Rule Major: Warmup 10%, Used: 162MB, UsedThreshold: 1228MB
[2,072s][debug][gc,nmethod  ] Register NMethod: java.nio.ByteBuffer.position (0x000071df3f81a308) [0x000071df3f81a400, 0x000071df3f81a548] Compiler: c1, Barriers: 0, Oops: 0, ImmediateOops: 0, NonImmediateOops: No
[2,081s][debug][gc,director ] Rule Major: Warmup 10%, Used: 194MB, UsedThreshold: 1228MB
[2,081s][debug][gc,alloc    ] Mutator Allocation Rate: 244,4MB/s Predicted: 361,6MB/s, Avg: 185,7(+/-58,6)MB/s
[2,081s][debug][gc,director ] Rule Major: Warmup 10%, Used: 196MB, UsedThreshold: 1228MB
[2,085s][debug][gc,nmethod  ] Register NMethod: java.util.concurrent.TimeUnit.toMillis (0x000071df3f81a608) [0x000071df3f81a700, 0x000071df3f81a9b8] Compiler: c1, Barriers: 0, Oops: 0, ImmediateOops: 0, NonImmediateOops: No
[2,085s][debug][gc,nmethod  ] Register NMethod: jdk.internal.misc.Unsafe.putInt (0x000071df5ec71888) [0x000071df5ec71980, 0x000071df5ec71ad8] Compiler: , Barriers: 0, Oops: 0, ImmediateOops: 0, NonImmediateOops: No
[2,090s][debug][gc,nmethod  ] Register NMethod: java.lang.Boolean.booleanValue (0x000071df5ec71b88) [0x000071df5ec71c80, 0x000071df5ec71d40] Compiler: c1, Barriers: 0, Oops: 0, ImmediateOops: 0, NonImmediateOops: No
[2,090s][debug][gc,nmethod  ] Register NMethod: java.util.concurrent.CopyOnWriteArrayList.getArray (0x000071df5ec71e88) [0x000071df5ec71f80, 0x000071df5ec72068] Compiler: c1, Barriers: 1, Oops: 0, ImmediateOops: 0, NonImmediateOops: No
[2,092s][debug][gc,director ] Rule Major: Warmup 10%, Used: 228MB, UsedThreshold: 1228MB
[2,092s][debug][gc,nmethod  ] Register NMethod: io.sirix.cache.LinuxMemorySegmentAllocator.partitionVirtualRegion (0x000071df5ec72188) [0x000071df5ec72280, 0x000071df5ec73b18] Compiler: jvmci, Barriers: 84, Oops: 10, ImmediateOops: 8, NonImmediateOops: No
[2,098s][debug][gc,nmethod  ] Register NMethod: java.text.StringBufFactory$StringBuilderImpl.length (0x000071df3f81aa08) [0x000071df3f81ab00, 0x000071df3f81ae70] Compiler: c1, Barriers: 1, Oops: 0, ImmediateOops: 0, NonImmediateOops: No
[2,098s][debug][gc,nmethod  ] Register NMethod: java.lang.Class.isArray (0x000071df5ec73b88) [0x000071df5ec73c80, 0x000071df5ec73d38] Compiler: jvmci, Barriers: 1, Oops: 0, ImmediateOops: 0, NonImmediateOops: No
[2,098s][debug][gc,nmethod  ] Register NMethod: java.nio.Buffer.limit (0x000071df3f81ae88) [0x000071df3f81af80, 0x000071df3f81b1f0] Compiler: c1, Barriers: 0, Oops: 0, ImmediateOops: 0, NonImmediateOops: No
[2,098s][debug][gc,nmethod  ] Register NMethod: java.lang.Long.longValue (0x000071df5ec73e88) [0x000071df5ec73f80, 0x000071df5ec74040] Compiler: c1, Barriers: 0, Oops: 0, ImmediateOops: 0, NonImmediateOops: No
[2,098s][debug][gc,nmethod  ] Register NMethod: org.gradle.internal.remote.internal.hub.MessageHub.access$300 (0x000071df5ec74188) [0x000071df5ec74280, 0x000071df5ec74350] Compiler: c1, Barriers: 1, Oops: 1, ImmediateOops: 0, NonImmediateOops: No
[2,098s][debug][gc,nmethod  ] Register NMethod: jdk.internal.misc.Unsafe.getIntVolatile (0x000071df5ec74488) [0x000071df5ec74580, 0x000071df5ec746e8] Compiler: , Barriers: 0, Oops: 0, ImmediateOops: 0, NonImmediateOops: No
[2,098s][debug][gc,nmethod  ] Register NMethod: java.nio.ByteBuffer.limit (0x000071df3f81b208) [0x000071df3f81b300, 0x000071df3f81b448] Compiler: c1, Barriers: 0, Oops: 0, ImmediateOops: 0, NonImmediateOops: No
[2,098s][debug][gc,nmethod  ] Register NMethod: java.util.concurrent.locks.AbstractQueuedSynchronizer.compareAndSetState (0x000071df3f81b508) [0x000071df3f81b600, 0x000071df3f81b718] Compiler: c1, Barriers: 0, Oops: 0, ImmediateOops: 0, NonImmediateOops: No
[2,098s][debug][gc,nmethod  ] Register NMethod: java.nio.ByteBuffer.position (0x000071df3f81b808) [0x000071df3f81b900, 0x000071df3f81bc00] Compiler: c1, Barriers: 0, Oops: 0, ImmediateOops: 0, NonImmediateOops: No
[2,099s][debug][gc,nmethod  ] Register NMethod: com.esotericsoftware.kryo.io.Output.require (0x000071df3f81bc08) [0x000071df3f81bd00, 0x000071df3f81e440] Compiler: c1, Barriers: 4, Oops: 4, ImmediateOops: 6, NonImmediateOops: No
[2,099s][debug][gc,nmethod  ] Register NMethod: java.util.concurrent.locks.AbstractQueuedSynchronizer.release (0x000071df3f81e488) [0x000071df3f81e580, 0x000071df3f81f3b8] Compiler: c1, Barriers: 3, Oops: 0, ImmediateOops: 2, NonImmediateOops: No
[2,101s][debug][gc,nmethod  ] Register NMethod: org.gradle.internal.io.StreamByteBuffer.hasRemaining (0x000071df3f81f408) [0x000071df3f81f500, 0x000071df3f81f8f0] Compiler: c1, Barriers: 0, Oops: 1, ImmediateOops: 0, NonImmediateOops: No
[2,101s][debug][gc,nmethod  ] Register NMethod: java.util.concurrent.locks.ReentrantLock$Sync.tryRelease (0x000071df3f81f908) [0x000071df3f81fa00, 0x000071df3f820500] Compiler: c1, Barriers: 5, Oops: 0, ImmediateOops: 0, NonImmediateOops: No
[2,101s][debug][gc,nmethod  ] Register NMethod: ch.qos.logback.core.pattern.FormattingConverter.write (0x000071df3f820508) [0x000071df3f820600, 0x000071df3f823508] Compiler: c1, Barriers: 2, Oops: 1, ImmediateOops: 0, NonImmediateOops: No
[2,102s][debug][gc,director ] Rule Major: Warmup 10%, Used: 244MB, UsedThreshold: 1228MB
[2,102s][debug][gc,nmethod  ] Register NMethod: java.lang.Class.getClassData (0x000071df5ec74788) [0x000071df5ec74880, 0x000071df5ec74968] Compiler: c1, Barriers: 1, Oops: 0, ImmediateOops: 0, NonImmediateOops: No
[2,104s][debug][gc,nmethod  ] Register NMethod: java.util.zip.ZipFile$CleanableResource.releaseInflater (0x000071df3f823588) [0x000071df3f823680, 0x000071df3f823cf8] Compiler: c1, Barriers: 2, Oops: 0, ImmediateOops: 0, NonImmediateOops: No
[2,104s][debug][gc,nmethod  ] Register NMethod: java.util.zip.ZipFile$CleanableResource.getInflater (0x000071df3f823d08) [0x000071df3f823e00, 0x000071df3f824660] Compiler: c1, Barriers: 2, Oops: 0, ImmediateOops: 0, NonImmediateOops: No
[2,112s][debug][gc,director ] Rule Major: Warmup 10%, Used: 244MB, UsedThreshold: 1228MB
[2,112s][debug][gc,nmethod  ] Register NMethod: java.lang.invoke.MethodHandle.linkToSpecial (0x000071df5ec74a88) [0x000071df5ec74b80, 0x000071df5ec74c78] Compiler: , Barriers: 0, Oops: 0, ImmediateOops: 0, NonImmediateOops: No
[2,113s][debug][gc,nmethod  ] Register NMethod: jdk.internal.classfile.impl.UnboundAttribute$UnboundSourceFileAttribute.sourceFile (0x000071df5ec74d88) [0x000071df5ec74e80, 0x000071df5ec74f68] Compiler: c1, Barriers: 1, Oops: 0, ImmediateOops: 0, NonImmediateOops: No
[2,113s][debug][gc,nmethod  ] Register NMethod: java.lang.invoke.MethodHandle.invokeBasic (0x000071df5ec75088) [0x000071df5ec75180, 0x000071df5ec75418] Compiler: , Barriers: 0, Oops: 0, ImmediateOops: 0, NonImmediateOops: No
[2,113s][debug][gc,nmethod  ] Register NMethod: java.lang.invoke.MethodHandle.linkToSpecial (0x000071df5ec75488) [0x000071df5ec75580, 0x000071df5ec75678] Compiler: , Barriers: 0, Oops: 0, ImmediateOops: 0, NonImmediateOops: No
[2,116s][debug][gc,nmethod  ] Register NMethod: java.lang.AbstractStringBuilder.needsNewBuffer (0x000071df5ec75788) [0x000071df5ec75880, 0x000071df5ec75958] Compiler: jvmci, Barriers: 0, Oops: 0, ImmediateOops: 0, NonImmediateOops: No
[2,117s][debug][gc,nmethod  ] Register NMethod: java.lang.AbstractStringBuilder.ensureCapacityNewCoder (0x000071df5ec75a88) [0x000071df5ec75b80, 0x000071df5ec76140] Compiler: jvmci, Barriers: 0, Oops: 0, ImmediateOops: 0, NonImmediateOops: No
[2,117s][debug][gc,nmethod  ] Register NMethod: jdk.internal.classfile.impl.BufWriterImpl.patchInt (0x000071df5ec76188) [0x000071df5ec76280, 0x000071df5ec763e8] Compiler: jvmci, Barriers: 1, Oops: 0, ImmediateOops: 0, NonImmediateOops: No
[2,117s][debug][gc,nmethod  ] Register NMethod: java.lang.Integer.hashCode (0x000071df5ec76488) [0x000071df5ec76580, 0x000071df5ec76608] Compiler: jvmci, Barriers: 0, Oops: 0, ImmediateOops: 0, NonImmediateOops: No
[2,117s][debug][gc,nmethod  ] Register NMethod: java.lang.AbstractStringBuilder.newCapacity (0x000071df5ec76788) [0x000071df5ec76880, 0x000071df5ec76970] Compiler: jvmci, Barriers: 0, Oops: 0, ImmediateOops: 0, NonImmediateOops: No
[2,118s][debug][gc,nmethod  ] Register NMethod: java.lang.reflect.Modifier.isFinal (0x000071df3f824688) [0x000071df3f824780, 0x000071df3f8248b0] Compiler: c1, Barriers: 0, Oops: 0, ImmediateOops: 0, NonImmediateOops: No
[2,118s][debug][gc,nmethod  ] Register NMethod: java.lang.invoke.MethodHandle.linkToStatic (0x000071df5ec76a88) [0x000071df5ec76b80, 0x000071df5ec76c70] Compiler: , Barriers: 0, Oops: 0, ImmediateOops: 0, NonImmediateOops: No
[2,118s][debug][gc,nmethod  ] Register NMethod: sun.invoke.util.Wrapper.forBasicType (0x000071df3f824988) [0x000071df3f824a80, 0x000071df3f824ef8] Compiler: c1, Barriers: 0, Oops: 0, ImmediateOops: 19, NonImmediateOops: No
[2,120s][debug][gc,nmethod  ] Register NMethod: java.lang.invoke.MethodHandles$Lookup.checkMethodName (0x000071df3f824f08) [0x000071df3f825000, 0x000071df3f826168] Compiler: c1, Barriers: 0, Oops: 2, ImmediateOops: 3, NonImmediateOops: No
[2,120s][debug][gc,nmethod  ] Register NMethod: java.lang.invoke.MethodHandles$Lookup.resolveOrFail (0x000071df3f826188) [0x000071df3f826280, 0x000071df3f827000] Compiler: c1, Barriers: 1, Oops: 1, ImmediateOops: 3, NonImmediateOops: No
[2,121s][debug][gc,nmethod  ] Register NMethod: io.sirix.cache.LinuxMemorySegmentAllocator.partitionVirtualRegion (0x000071df5ec76d88) [0x000071df5ec76e80, 0x000071df5ec78ca8] Compiler: jvmci, Barriers: 91, Oops: 12, ImmediateOops: 11, NonImmediateOops: No
[2,121s][debug][gc,nmethod  ] Register NMethod: java.util.concurrent.atomic.AtomicLong.get (0x000071df5ec78d88) [0x000071df5ec78e80, 0x000071df5ec78f48] Compiler: c1, Barriers: 0, Oops: 0, ImmediateOops: 0, NonImmediateOops: No
[2,122s][debug][gc,director ] Rule Major: Warmup 10%, Used: 246MB, UsedThreshold: 1228MB
[2,122s][debug][gc,nmethod  ] Register NMethod: java.lang.invoke.MethodHandle.linkToStatic (0x000071df5ec79088) [0x000071df5ec79180, 0x000071df5ec79270] Compiler: , Barriers: 0, Oops: 0, ImmediateOops: 0, NonImmediateOops: No
[2,122s][debug][gc,nmethod  ] Register NMethod: io.sirix.access.trx.RevisionEpochTracker$Slot.<init> (0x000071df3f827088) [0x000071df3f827180, 0x000071df3f8272f8] Compiler: c1, Barriers: 0, Oops: 1, ImmediateOops: 0, NonImmediateOops: No
[2,122s][debug][gc,nmethod  ] Register NMethod: java.lang.invoke.VarHandleReferences$Array.runtimeTypeCheck (0x000071df3f827388) [0x000071df3f827480, 0x000071df3f828850] Compiler: c1, Barriers: 5, Oops: 0, ImmediateOops: 0, NonImmediateOops: No
[2,123s][debug][gc,nmethod  ] Register NMethod: java.lang.invoke.MethodHandle.invokeBasic (0x000071df5ec79388) [0x000071df5ec79480, 0x000071df5ec79718] Compiler: , Barriers: 0, Oops: 0, ImmediateOops: 0, NonImmediateOops: No
[2,123s][debug][gc,nmethod  ] Register NMethod: java.lang.invoke.VarHandleReferences$Array.setVolatile (0x000071df3f828888) [0x000071df3f828980, 0x000071df3f82a878] Compiler: c1, Barriers: 8, Oops: 2, ImmediateOops: 1, NonImmediateOops: No
[2,123s][debug][gc,nmethod  ] Register NMethod: java.util.concurrent.atomic.AtomicReferenceArray.set (0x000071df3f82a908) [0x000071df3f82aa00, 0x000071df3f82c9f8] Compiler: c1, Barriers: 7, Oops: 7, ImmediateOops: 10, NonImmediateOops: No
[2,123s][debug][gc,nmethod  ] Register NMethod: jdk.internal.util.Preconditions.checkIndex (0x000071df5ec79788) [0x000071df5ec79880, 0x000071df5ec79920] Compiler: jvmci, Barriers: 0, Oops: 0, ImmediateOops: 0, NonImmediateOops: No
[2,123s][debug][gc,nmethod  ] Register NMethod: java.lang.invoke.VarHandleGuards.guard_LIL_V (0x000071df3f82ca88) [0x000071df3f82cb80, 0x000071df3f831780] Compiler: c1, Barriers: 46, Oops: 1, ImmediateOops: 6, NonImmediateOops: No
[2,124s][debug][gc,nmethod  ] Register NMethod: java.util.ArrayList.addAll (0x000071df3f831808) [0x000071df3f831900, 0x000071df3f831ea0] Compiler: c1, Barriers: 1, Oops: 0, ImmediateOops: 0, NonImmediateOops: No
[2,124s][debug][gc,nmethod  ] Register NMethod: java.util.concurrent.locks.ReentrantLock$NonfairSync.initialTryLock (0x000071df3f831f08) [0x000071df3f832000, 0x000071df3f832cf0] Compiler: c1, Barriers: 5, Oops: 0, ImmediateOops: 1, NonImmediateOops: No
[2,124s][debug][gc,nmethod  ] Register NMethod: java.nio.Buffer.<init> (0x000071df3f832d08) [0x000071df3f832e00, 0x000071df3f8347f8] Compiler: c1, Barriers: 3, Oops: 3, ImmediateOops: 4, NonImmediateOops: No
[2,124s][debug][gc,nmethod  ] Register NMethod: java.util.concurrent.locks.ReentrantLock.unlock (0x000071df3f834888) [0x000071df3f834980, 0x000071df3f834f98] Compiler: c1, Barriers: 2, Oops: 0, ImmediateOops: 0, NonImmediateOops: No
[2,127s][debug][gc,nmethod  ] Register NMethod: java.lang.String.indexOf (0x000071df5ec79a88) [0x000071df5ec79b80, 0x000071df5ec79cd8] Compiler: jvmci, Barriers: 1, Oops: 0, ImmediateOops: 0, NonImmediateOops: No
[2,131s][debug][gc,nmethod  ] Register NMethod: java.lang.AbstractStringBuilder.append (0x000071df5ec79d88) [0x000071df5ec79e80, 0x000071df5ec7a6c0] Compiler: jvmci, Barriers: 4, Oops: 0, ImmediateOops: 0, NonImmediateOops: No
[2,131s][info ][gc          ] GC(0) Major Collection (Metadata GC Threshold)
[2,131s][info ][gc,task     ] GC(0) Using 1 Workers for Young Generation
[2,131s][info ][gc,task     ] GC(0) Using 1 Workers for Old Generation
[2,131s][debug][gc,heap     ] GC(0) Y: Heap Before GC invocations=0 (full 0):
[2,131s][debug][gc,heap     ] GC(0) Y:  ZHeap           used 248M, capacity 5120M, max capacity 12288M
[2,131s][debug][gc,heap     ] GC(0) Y:   Cache          4872M (1)
[2,131s][debug][gc,heap     ] GC(0) Y:    size classes  4G (1)
[2,131s][debug][gc,metaspace] GC(0) Y: Metaspace Before GC invocations=0 (full 0):
[2,131s][debug][gc,metaspace] GC(0) Y:  Metaspace       used 21207K, committed 21568K, reserved 1114112K
[2,131s][debug][gc,metaspace] GC(0) Y:   class space    used 1778K, committed 1920K, reserved 1048576K
[2,131s][info ][gc,phases   ] GC(0) Y: Young Generation
[2,131s][debug][gc,reloc    ] Synchronize all workers 1 _nworkers: 0 _nsynchronized: 0
[2,131s][debug][gc,reloc    ] Synchronize all workers 1 _nworkers: 0 _nsynchronized: 0
[2,132s][debug][gc,phases,start] GC(0) Y: Pause Mark Start (Major)
[2,132s][debug][gc,tlab        ] GC(0) Y: TLAB usage update: used 0M -> 216M, capacity: 0M -> 216M
[2,132s][debug][gc,marking     ] GC(0) Y: Using 1 mark stripes
[2,132s][debug][gc,marking     ] GC(0) Y: Mark Worker/Stripe Distribution
[2,132s][debug][gc,marking     ] GC(0) Y:   Worker 0(1) -> Stripe 0(1)
[2,132s][debug][gc,marking     ] GC(0) Y: Using 1 mark stripes
[2,132s][debug][gc,marking     ] GC(0) Y: Mark Worker/Stripe Distribution
[2,132s][debug][gc,marking     ] GC(0) Y:   Worker 0(1) -> Stripe 0(1)
[2,132s][info ][gc,phases      ] GC(0) Y: Pause Mark Start (Major) 0,093ms
[2,132s][debug][gc,reloc       ] Desynchronize all workers _nworkers: 0 _nsynchronized: 0
[2,132s][debug][gc,reloc       ] Desynchronize all workers _nworkers: 0 _nsynchronized: 0
[2,132s][debug][gc,marking     ] Resurrection broke termination
[2,132s][debug][gc,phases,start] GC(0) Y: Concurrent Mark
[2,132s][debug][gc,phases,start] GC(0) Y: Concurrent Mark Roots
[2,132s][debug][gc,task        ] GC(0) Y: Executing ZMarkYoungRootsTask using ZWorkerYoung with 1 workers
[2,135s][debug][gc,nmethod     ] Register NMethod: java.lang.ClassLoader.checkName (0x000071df5ec7a708) [0x000071df5ec7a800, 0x000071df5ec7a988] Compiler: jvmci, Barriers: 1, Oops: 0, ImmediateOops: 0, NonImmediateOops: No
[2,135s][debug][gc,tlab        ] GC(0) Y: TLAB totals: thrds: 15  refills: 802 max: 787 slow allocs: 56 max 56 waste:  1,9% gc: 3379288B max: 261952B slow: 523848B max: 523248B
[2,135s][debug][gc,phases      ] GC(0) Y: Concurrent Mark Roots 3,460ms
[2,135s][debug][gc,phases,start] GC(0) Y: Concurrent Mark Follow
[2,135s][debug][gc,marking     ] GC(0) Y: Using 1 mark stripes
[2,135s][debug][gc,task        ] GC(0) Y: Executing ZRememberedScanMarkFollowTask using ZWorkerYoung with 1 workers
[2,151s][debug][gc,nmethod     ] Register NMethod: java.lang.Class.getConstantPool (0x000071df5ec7aa08) [0x000071df5ec7ab00, 0x000071df5ec7ae20] Compiler: , Barriers: 0, Oops: 0, ImmediateOops: 0, NonImmediateOops: No
[2,151s][debug][gc,nmethod     ] Register NMethod: java.lang.Byte.hashCode (0x000071df3f835008) [0x000071df3f835100, 0x000071df3f8351e0] Compiler: c1, Barriers: 0, Oops: 0, ImmediateOops: 0, NonImmediateOops: No
[2,151s][debug][gc,nmethod     ] Register NMethod: java.lang.Byte.hashCode (0x000071df3f835308) [0x000071df3f835400, 0x000071df3f835558] Compiler: c1, Barriers: 0, Oops: 0, ImmediateOops: 0, NonImmediateOops: No
[2,151s][debug][gc,nmethod     ] Register NMethod: jdk.internal.misc.Unsafe.shouldBeInitialized (0x000071df3f835608) [0x000071df3f835700, 0x000071df3f835920] Compiler: c1, Barriers: 0, Oops: 0, ImmediateOops: 0, NonImmediateOops: No
[2,151s][debug][gc,nmethod     ] Register NMethod: java.lang.reflect.Executable.declaredAnnotations (0x000071df3f835988) [0x000071df3f835a80, 0x000071df3f836c60] Compiler: c1, Barriers: 6, Oops: 0, ImmediateOops: 1, NonImmediateOops: No
[2,152s][debug][gc,nmethod     ] Register NMethod: java.lang.reflect.Constructor.getDeclaringClass (0x000071df5ec7ae88) [0x000071df5ec7af80, 0x000071df5ec7b068] Compiler: c1, Barriers: 1, Oops: 0, ImmediateOops: 0, NonImmediateOops: No
[2,152s][debug][gc,nmethod     ] Register NMethod: java.util.concurrent.ConcurrentHashMap.putIfAbsent (0x000071df5ec7b188) [0x000071df5ec7b280, 0x000071df5ec7da20] Compiler: jvmci, Barriers: 92, Oops: 0, ImmediateOops: 0, NonImmediateOops: No
[2,152s][debug][gc,nmethod     ] Register NMethod: java.lang.Object.<init> (0x000071df5ec7da88) [0x000071df5ec7db80, 0x000071df5ec7dc38] Compiler: jvmci, Barriers: 0, Oops: 0, ImmediateOops: 0, NonImmediateOops: No
[2,153s][debug][gc,nmethod     ] Register NMethod: java.lang.invoke.Invokers.checkCustomized (0x000071df3f836c88) [0x000071df3f836d80, 0x000071df3f836fa0] Compiler: c1, Barriers: 2, Oops: 0, ImmediateOops: 0, NonImmediateOops: No
[2,153s][debug][gc,nmethod     ] Register NMethod: java.lang.invoke.Invokers.maybeCustomize (0x000071df3f837008) [0x000071df3f837100, 0x000071df3f8373d8] Compiler: c1, Barriers: 0, Oops: 0, ImmediateOops: 0, NonImmediateOops: No
[2,153s][debug][gc,nmethod     ] Register NMethod: java.lang.invoke.MethodHandle.maybeCustomize (0x000071df3f837408) [0x000071df3f837500, 0x000071df3f837b98] Compiler: c1, Barriers: 2, Oops: 0, ImmediateOops: 0, NonImmediateOops: No
[2,153s][debug][gc,nmethod     ] Register NMethod: java.lang.invoke.Invokers.checkExactType (0x000071df3f837c08) [0x000071df3f837d00, 0x000071df3f838060] Compiler: c1, Barriers: 1, Oops: 0, ImmediateOops: 0, NonImmediateOops: No
[2,154s][debug][gc,nmethod     ] Register NMethod: jdk.internal.classfile.impl.UnboundAttribute.writeTo (0x000071df3f838088) [0x000071df3f838180, 0x000071df3f8385c8] Compiler: c1, Barriers: 2, Oops: 0, ImmediateOops: 0, NonImmediateOops: No
[2,154s][debug][gc,nmethod     ] Register NMethod: jdk.internal.classfile.impl.DirectMethodBuilder.with (0x000071df3f838608) [0x000071df3f838700, 0x000071df3f8394e0] Compiler: c1, Barriers: 2, Oops: 0, ImmediateOops: 0, NonImmediateOops: No
[2,154s][debug][gc,nmethod     ] Register NMethod: jdk.internal.classfile.impl.DirectMethodBuilder.with (0x000071df3f839508) [0x000071df3f839600, 0x000071df3f83a820] Compiler: c1, Barriers: 2, Oops: 0, ImmediateOops: 0, NonImmediateOops: No
[2,156s][debug][gc,nmethod     ] Register NMethod: java.lang.invoke.MethodHandle.linkToVirtual (0x000071df5ec7dd88) [0x000071df5ec7de80, 0x000071df5ec7dea8] Compiler: , Barriers: 0, Oops: 0, ImmediateOops: 0, NonImmediateOops: No
[2,157s][debug][gc,nmethod     ] Register NMethod: java.lang.invoke.MethodHandle.linkToVirtual (0x000071df5ec7e088) [0x000071df5ec7e180, 0x000071df5ec7e1a8] Compiler: , Barriers: 0, Oops: 0, ImmediateOops: 0, NonImmediateOops: No
[2,159s][debug][gc,nmethod     ] Register NMethod: ch.qos.logback.classic.Logger.appendLoopOnAppenders (0x000071df3f83a888) [0x000071df3f83a980, 0x000071df3f83ab60] Compiler: c1, Barriers: 1, Oops: 1, ImmediateOops: 0, NonImmediateOops: No
[2,159s][debug][gc,nmethod     ] Register NMethod: java.lang.Module.allows (0x000071df3f83ab88) [0x000071df3f83ac80, 0x000071df3f83b7e8] Compiler: c1, Barriers: 1, Oops: 0, ImmediateOops: 3, NonImmediateOops: No
[2,160s][debug][gc,nmethod     ] Register NMethod: java.lang.invoke.MemberName.<init> (0x000071df3f83b808) [0x000071df3f83b900, 0x000071df3f83d808] Compiler: c1, Barriers: 0, Oops: 4, ImmediateOops: 6, NonImmediateOops: No
[2,161s][debug][gc,nmethod     ] Register NMethod: java.lang.invoke.MethodHandle.linkToStatic (0x000071df5ec7e388) [0x000071df5ec7e480, 0x000071df5ec7e570] Compiler: , Barriers: 0, Oops: 0, ImmediateOops: 0, NonImmediateOops: No
[2,161s][debug][gc,nmethod     ] Register NMethod: java.lang.invoke.MethodHandle.linkToStatic (0x000071df5ec7e688) [0x000071df5ec7e780, 0x000071df5ec7e870] Compiler: , Barriers: 0, Oops: 0, ImmediateOops: 0, NonImmediateOops: No
[2,162s][debug][gc,nmethod     ] Register NMethod: sun.invoke.util.Wrapper.basicTypeChar (0x000071df5ec7e988) [0x000071df5ec7ea80, 0x000071df5ec7eb48] Compiler: c1, Barriers: 0, Oops: 0, ImmediateOops: 0, NonImmediateOops: No
[2,162s][debug][gc,nmethod     ] Register NMethod: java.lang.invoke.MemberName$Factory.resolveOrNull (0x000071df3f83d888) [0x000071df3f83d980, 0x000071df3f83ddf8] Compiler: c1, Barriers: 1, Oops: 0, ImmediateOops: 0, NonImmediateOops: No
[2,162s][debug][gc,nmethod     ] Register NMethod: java.util.concurrent.locks.ReentrantLock$Sync.lock (0x000071df3f83de08) [0x000071df3f83df00, 0x000071df3f83e478] Compiler: c1, Barriers: 0, Oops: 0, ImmediateOops: 0, NonImmediateOops: No
[2,162s][debug][gc,nmethod     ] Register NMethod: java.util.concurrent.locks.ReentrantLock.lock (0x000071df3f83e488) [0x000071df3f83e580, 0x000071df3f83ed50] Compiler: c1, Barriers: 1, Oops: 0, ImmediateOops: 0, NonImmediateOops: No
[2,162s][debug][gc,nmethod     ] Register NMethod: jdk.internal.misc.Unsafe.checkSize (0x000071df3f83ed88) [0x000071df3f83ee80, 0x000071df3f83f0e0] Compiler: c1, Barriers: 0, Oops: 0, ImmediateOops: 0, NonImmediateOops: No
[2,162s][debug][gc,nmethod     ] Register NMethod: java.lang.invoke.MemberName.hashCode (0x000071df3f83f108) [0x000071df3f83f200, 0x000071df3f840c20] Compiler: c1, Barriers: 14, Oops: 0, ImmediateOops: 0, NonImmediateOops: No
[2,163s][debug][gc,nmethod     ] Register NMethod: java.util.ArrayDeque.isEmpty (0x000071df3f840c88) [0x000071df3f840d80, 0x000071df3f840ed0] Compiler: c1, Barriers: 0, Oops: 0, ImmediateOops: 0, NonImmediateOops: No
[2,163s][debug][gc,nmethod     ] Register NMethod: ch.qos.logback.classic.Logger.getName (0x000071df5ec7ec88) [0x000071df5ec7ed80, 0x000071df5ec7ee68] Compiler: c1, Barriers: 1, Oops: 1, ImmediateOops: 0, NonImmediateOops: No
[2,163s][debug][gc,nmethod     ] Register NMethod: jdk.internal.misc.Unsafe.copyMemory (0x000071df3f840f88) [0x000071df3f841080, 0x000071df3f842640] Compiler: c1, Barriers: 4, Oops: 0, ImmediateOops: 0, NonImmediateOops: No
[2,163s][debug][gc,nmethod     ] Register NMethod: jdk.internal.misc.Unsafe.copyMemoryChecks (0x000071df3f842688) [0x000071df3f842780, 0x000071df3f843d38] Compiler: c1, Barriers: 4, Oops: 0, ImmediateOops: 0, NonImmediateOops: No
[2,164s][debug][gc,nmethod     ] Register NMethod: java.util.Formatter$Flags.contains (0x000071df3f843d88) [0x000071df3f843e80, 0x000071df3f843fb0] Compiler: c1, Barriers: 0, Oops: 0, ImmediateOops: 0, NonImmediateOops: No
[2,164s][debug][gc,nmethod     ] Register NMethod: java.nio.charset.CoderResult.isUnderflow (0x000071df3f844088) [0x000071df3f844180, 0x000071df3f8442d0] Compiler: c1, Barriers: 0, Oops: 0, ImmediateOops: 0, NonImmediateOops: No
[2,164s][debug][gc,nmethod     ] Register NMethod: java.nio.Buffer.capacity (0x000071df5ec7ef88) [0x000071df5ec7f080, 0x000071df5ec7f140] Compiler: c1, Barriers: 0, Oops: 0, ImmediateOops: 0, NonImmediateOops: No
[2,164s][debug][gc,nmethod     ] Register NMethod: java.nio.ByteBuffer.arrayOffset (0x000071df3f844388) [0x000071df3f844480, 0x000071df3f844760] Compiler: c1, Barriers: 1, Oops: 0, ImmediateOops: 0, NonImmediateOops: No
[2,164s][debug][gc,nmethod     ] Register NMethod: java.nio.Buffer.hasRemaining (0x000071df3f844788) [0x000071df3f844880, 0x000071df3f8449d0] Compiler: c1, Barriers: 0, Oops: 0, ImmediateOops: 0, NonImmediateOops: No
[2,164s][debug][gc,nmethod     ] Register NMethod: java.nio.Buffer.remaining (0x000071df3f844a88) [0x000071df3f844b80, 0x000071df3f844cf0] Compiler: c1, Barriers: 0, Oops: 0, ImmediateOops: 0, NonImmediateOops: No
[2,164s][debug][gc,nmethod     ] Register NMethod: java.nio.CharBuffer.arrayOffset (0x000071df3f844d88) [0x000071df3f844e80, 0x000071df3f845160] Compiler: c1, Barriers: 1, Oops: 0, ImmediateOops: 0, NonImmediateOops: No
[2,165s][debug][gc,nmethod     ] Register NMethod: java.nio.CharBuffer.position (0x000071df3f845188) [0x000071df3f845280, 0x000071df3f8455e0] Compiler: c1, Barriers: 0, Oops: 0, ImmediateOops: 0, NonImmediateOops: No
[2,165s][debug][gc,nmethod     ] Register NMethod: java.nio.CharBuffer.position (0x000071df3f845608) [0x000071df3f845700, 0x000071df3f845848] Compiler: c1, Barriers: 0, Oops: 0, ImmediateOops: 0, NonImmediateOops: No
[2,181s][debug][gc,nmethod     ] Register NMethod: java.util.logging.LogManager$LoggerContext.getOwner (0x000071df5ec7f288) [0x000071df5ec7f380, 0x000071df5ec7f468] Compiler: c1, Barriers: 1, Oops: 0, ImmediateOops: 0, NonImmediateOops: No
[2,182s][debug][gc,nmethod     ] Register NMethod: java.util.Locale.getDefault (0x000071df3f845908) [0x000071df3f845a00, 0x000071df3f845b28] Compiler: c1, Barriers: 1, Oops: 0, ImmediateOops: 1, NonImmediateOops: No
[2,183s][debug][gc,nmethod     ] Register NMethod: java.lang.String.toLowerCase (0x000071df3f845c08) [0x000071df3f845d00, 0x000071df3f846468] Compiler: c1, Barriers: 3, Oops: 0, ImmediateOops: 1, NonImmediateOops: No
[2,185s][debug][gc,nmethod     ] Register NMethod: com.google.protobuf.GeneratedMessageV3$Builder.onChanged (0x000071df3f846488) [0x000071df3f846580, 0x000071df3f846920] Compiler: c1, Barriers: 1, Oops: 1, ImmediateOops: 0, NonImmediateOops: No
[2,185s][debug][gc,nmethod     ] Register NMethod: java.util.concurrent.ConcurrentHashMap.get (0x000071df5ec7f588) [0x000071df5ec7f680, 0x000071df5ec80450] Compiler: jvmci, Barriers: 22, Oops: 0, ImmediateOops: 1, NonImmediateOops: No
[2,185s][debug][gc,nmethod     ] Register NMethod: java.util.ArrayList.toArray (0x000071df3f846988) [0x000071df3f846a80, 0x000071df3f846e60] Compiler: c1, Barriers: 2, Oops: 0, ImmediateOops: 0, NonImmediateOops: No
[2,186s][debug][gc,nmethod     ] Register NMethod: java.lang.Float.floatToRawIntBits (0x000071df5ec80488) [0x000071df5ec80580, 0x000071df5ec806d8] Compiler: , Barriers: 0, Oops: 0, ImmediateOops: 1, NonImmediateOops: No
[2,186s][debug][gc,nmethod     ] Register NMethod: jdk.internal.loader.URLClassPath$JarLoader$1.getCodeSourceURL (0x000071df5ec80788) [0x000071df5ec80880, 0x000071df5ec80988] Compiler: jvmci, Barriers: 2, Oops: 0, ImmediateOops: 0, NonImmediateOops: No
[2,186s][debug][gc,nmethod     ] Register NMethod: java.nio.charset.CharsetEncoder.maxBytesPerChar (0x000071df5ec80a88) [0x000071df5ec80b80, 0x000071df5ec80c40] Compiler: c1, Barriers: 0, Oops: 0, ImmediateOops: 0, NonImmediateOops: No
[2,186s][debug][gc,nmethod     ] Register NMethod: java.nio.CharBuffer.hasArray (0x000071df3f846e88) [0x000071df3f846f80, 0x000071df3f847130] Compiler: c1, Barriers: 1, Oops: 0, ImmediateOops: 0, NonImmediateOops: No
[2,186s][debug][gc,nmethod     ] Register NMethod: java.nio.ByteBuffer.array (0x000071df3f847188) [0x000071df3f847280, 0x000071df3f847560] Compiler: c1, Barriers: 1, Oops: 0, ImmediateOops: 0, NonImmediateOops: No
[2,186s][debug][gc,nmethod     ] Register NMethod: java.nio.ByteBuffer.hasArray (0x000071df3f847588) [0x000071df3f847680, 0x000071df3f847830] Compiler: c1, Barriers: 1, Oops: 0, ImmediateOops: 0, NonImmediateOops: No
[2,186s][debug][gc,nmethod     ] Register NMethod: java.nio.CharBuffer.array (0x000071df3f847888) [0x000071df3f847980, 0x000071df3f847c60] Compiler: c1, Barriers: 1, Oops: 0, ImmediateOops: 0, NonImmediateOops: No
[2,186s][debug][gc,nmethod     ] Register NMethod: java.nio.CharBuffer.limit (0x000071df3f847c88) [0x000071df3f847d80, 0x000071df3f847ec8] Compiler: c1, Barriers: 0, Oops: 0, ImmediateOops: 0, NonImmediateOops: No
[2,186s][debug][gc,nmethod     ] Register NMethod: java.nio.charset.CoderResult.isOverflow (0x000071df3f847f88) [0x000071df3f848080, 0x000071df3f8481d0] Compiler: c1, Barriers: 0, Oops: 0, ImmediateOops: 0, NonImmediateOops: No
[2,186s][debug][gc,nmethod     ] Register NMethod: java.nio.CharBuffer.<init> (0x000071df3f848288) [0x000071df3f848380, 0x000071df3f848550] Compiler: c1, Barriers: 3, Oops: 0, ImmediateOops: 0, NonImmediateOops: No
[2,186s][debug][gc,nmethod     ] Register NMethod: sun.nio.cs.UTF_8.updatePositions (0x000071df3f848588) [0x000071df3f848680, 0x000071df3f848fa8] Compiler: c1, Barriers: 0, Oops: 0, ImmediateOops: 0, NonImmediateOops: No
[2,186s][debug][gc,nmethod     ] Register NMethod: java.nio.CharBuffer.limit (0x000071df3f849008) [0x000071df3f849100, 0x000071df3f849460] Compiler: c1, Barriers: 0, Oops: 0, ImmediateOops: 0, NonImmediateOops: No
[2,188s][debug][gc,nmethod     ] Register NMethod: com.google.gson.stream.JsonReader.nextNonWhitespace (0x000071df3f849488) [0x000071df3f849580, 0x000071df3f84d228] Compiler: c1, Barriers: 1, Oops: 4, ImmediateOops: 9, NonImmediateOops: No
[2,189s][debug][gc,nmethod     ] Register NMethod: sun.net.util.IPAddressUtil.scan (0x000071df5ec80d88) [0x000071df5ec80e80, 0x000071df5ec80f98] Compiler: jvmci, Barriers: 1, Oops: 0, ImmediateOops: 0, NonImmediateOops: No
[2,189s][debug][gc,nmethod     ] Register NMethod: java.lang.NamedPackage.<init> (0x000071df3f84d288) [0x000071df3f84d380, 0x000071df3f84ec50] Compiler: c1, Barriers: 8, Oops: 1, ImmediateOops: 3, NonImmediateOops: No
[2,190s][debug][gc,nmethod     ] Register NMethod: sun.net.util.IPAddressUtil.checkHostString (0x000071df5ec81088) [0x000071df5ec81180, 0x000071df5ec812e8] Compiler: jvmci, Barriers: 1, Oops: 0, ImmediateOops: 0, NonImmediateOops: No
[2,191s][debug][gc,nmethod     ] Register NMethod: java.lang.Math.clamp (0x000071df5ec81388) [0x000071df5ec81480, 0x000071df5ec81530] Compiler: jvmci, Barriers: 0, Oops: 0, ImmediateOops: 0, NonImmediateOops: No
[2,192s][debug][gc,nmethod     ] Register NMethod: sun.nio.fs.UnixPath.toUnixPath (0x000071df3f84ec88) [0x000071df3f84ed80, 0x000071df3f84f400] Compiler: c1, Barriers: 0, Oops: 0, ImmediateOops: 0, NonImmediateOops: No
[2,196s][debug][gc,nmethod     ] Register NMethod: java.lang.String.indexOf (0x000071df5ec81688) [0x000071df5ec81780, 0x000071df5ec81a58] Compiler: jvmci, Barriers: 2, Oops: 0, ImmediateOops: 0, NonImmediateOops: No
[2,198s][debug][gc,nmethod     ] Register NMethod: sun.nio.fs.UnixPath.<init> (0x000071df3f84f408) [0x000071df3f84f500, 0x000071df3f84f748] Compiler: c1, Barriers: 6, Oops: 0, ImmediateOops: 0, NonImmediateOops: No
[2,201s][debug][gc,nmethod     ] Register NMethod: java.lang.invoke.DirectMethodHandle.make (0x000071df3f84f788) [0x000071df3f84f880, 0x000071df3f8500f8] Compiler: c1, Barriers: 2, Oops: 0, ImmediateOops: 0, NonImmediateOops: No
[2,203s][debug][gc,nmethod     ] Register NMethod: jdk.internal.misc.Unsafe.putLongUnaligned (0x000071df3f850108) [0x000071df3f850200, 0x000071df3f850638] Compiler: c1, Barriers: 0, Oops: 0, ImmediateOops: 0, NonImmediateOops: No
[2,205s][debug][gc,nmethod     ] Register NMethod: java.lang.invoke.MethodHandle.linkToSpecial (0x000071df5ec81a88) [0x000071df5ec81b80, 0x000071df5ec81c78] Compiler: , Barriers: 0, Oops: 0, ImmediateOops: 0, NonImmediateOops: No
[2,206s][debug][gc,nmethod     ] Register NMethod: jdk.internal.classfile.impl.DirectCodeBuilder.storeLocal (0x000071df3f850688) [0x000071df3f850780, 0x000071df3f852650] Compiler: c1, Barriers: 5, Oops: 0, ImmediateOops: 2, NonImmediateOops: No
[2,208s][debug][gc,nmethod     ] Register NMethod: java.net.URL.<init> (0x000071df5ec81d88) [0x000071df5ec81e80, 0x000071df5ec830a8] Compiler: jvmci, Barriers: 52, Oops: 1, ImmediateOops: 0, NonImmediateOops: No
[2,211s][debug][gc,nmethod     ] Register NMethod: java.lang.invoke.BoundMethodHandle$Species_L.make (0x000071df3f852688) [0x000071df3f852780, 0x000071df3f8529e8] Compiler: c1, Barriers: 3, Oops: 0, ImmediateOops: 0, NonImmediateOops: No
[2,214s][debug][gc,nmethod     ] Register NMethod: java.util.zip.ZipFile$1.getManifestName (0x000071df3f852a08) [0x000071df3f852b00, 0x000071df3f852c48] Compiler: c1, Barriers: 0, Oops: 0, ImmediateOops: 0, NonImmediateOops: No
[2,214s][debug][gc,nmethod     ] Register NMethod: java.util.zip.ZipFile.getManifestName (0x000071df3f852d08) [0x000071df3f852e00, 0x000071df3f8532c8] Compiler: c1, Barriers: 3, Oops: 0, ImmediateOops: 0, NonImmediateOops: No
[2,214s][debug][gc,nmethod     ] Register NMethod: java.lang.Class.desiredAssertionStatus (0x000071df3f853308) [0x000071df3f853400, 0x000071df3f853d60] Compiler: c1, Barriers: 4, Oops: 0, ImmediateOops: 0, NonImmediateOops: No
[2,225s][debug][gc,nmethod     ] Register NMethod: java.lang.invoke.VarHandleReferences$Array.getVolatile (0x000071df3f853d88) [0x000071df3f853e80, 0x000071df3f8549e8] Compiler: c1, Barriers: 2, Oops: 2, ImmediateOops: 1, NonImmediateOops: No
[2,225s][debug][gc,nmethod     ] Register NMethod: java.util.concurrent.atomic.AtomicReferenceArray.get (0x000071df3f854a08) [0x000071df3f854b00, 0x000071df3f855d18] Compiler: c1, Barriers: 2, Oops: 7, ImmediateOops: 9, NonImmediateOops: No
[2,226s][debug][gc,nmethod     ] Register NMethod: java.lang.invoke.VarHandleGuards.guard_LI_L (0x000071df3f855d88) [0x000071df3f855e80, 0x000071df3f859330] Compiler: c1, Barriers: 29, Oops: 0, ImmediateOops: 2, NonImmediateOops: No
[2,227s][debug][gc,nmethod     ] Register NMethod: java.util.concurrent.atomic.AtomicReferenceArray.get (0x000071df5ec83108) [0x000071df5ec83200, 0x000071df5ec83360] Compiler: jvmci, Barriers: 2, Oops: 0, ImmediateOops: 0, NonImmediateOops: No
[2,231s][debug][gc,nmethod     ] Register NMethod: java.lang.String.<init> (0x000071df5ec83408) [0x000071df5ec83500, 0x000071df5ec83a78] Compiler: jvmci, Barriers: 4, Oops: 0, ImmediateOops: 0, NonImmediateOops: No
[2,232s][debug][gc,nmethod     ] Register NMethod: java.lang.invoke.MethodHandle.linkToSpecial (0x000071df5ec83a88) [0x000071df5ec83b80, 0x000071df5ec83c78] Compiler: , Barriers: 0, Oops: 0, ImmediateOops: 0, NonImmediateOops: No
[2,232s][debug][gc,nmethod     ] Register NMethod: java.lang.invoke.DirectMethodHandle.make (0x000071df3f7fd188) [0x000071df3f7fd280, 0x000071df3f7ffaa0] Compiler: c1, Barriers: 4, Oops: 0, ImmediateOops: 1, NonImmediateOops: No
[2,232s][debug][gc,nmethod     ] Register NMethod: java.lang.invoke.MethodHandle.linkToSpecial (0x000071df5ec83d88) [0x000071df5ec83e80, 0x000071df5ec83f78] Compiler: , Barriers: 0, Oops: 0, ImmediateOops: 0, NonImmediateOops: No
[2,233s][debug][gc,nmethod     ] Register NMethod: java.lang.invoke.MethodHandle.invokeBasic (0x000071df5ec84088) [0x000071df5ec84180, 0x000071df5ec84418] Compiler: , Barriers: 0, Oops: 0, ImmediateOops: 0, NonImmediateOops: No
[2,233s][debug][gc,nmethod     ] Register NMethod: java.lang.invoke.MethodHandle.linkToSpecial (0x000071df5ec84488) [0x000071df5ec84580, 0x000071df5ec84678] Compiler: , Barriers: 0, Oops: 0, ImmediateOops: 0, NonImmediateOops: No
[2,233s][debug][gc,nmethod     ] Register NMethod: java.lang.invoke.InvokerBytecodeGenerator.isStaticallyNameable (0x000071df3f859388) [0x000071df3f859480, 0x000071df3f85aad0] Compiler: c1, Barriers: 3, Oops: 1, ImmediateOops: 5, NonImmediateOops: No
[2,240s][debug][gc,nmethod     ] Register NMethod: jdk.internal.misc.Unsafe.putLongUnaligned (0x000071df5ec84788) [0x000071df5ec84880, 0x000071df5ec84940] Compiler: jvmci, Barriers: 0, Oops: 0, ImmediateOops: 0, NonImmediateOops: No
[2,240s][debug][gc,nmethod     ] Register NMethod: java.lang.invoke.MethodHandle.linkToSpecial (0x000071df5ec84a88) [0x000071df5ec84b80, 0x000071df5ec84c78] Compiler: , Barriers: 0, Oops: 0, ImmediateOops: 0, NonImmediateOops: No
[2,240s][debug][gc,nmethod     ] Register NMethod: java.lang.invoke.MethodHandle.linkToSpecial (0x000071df5ec84d88) [0x000071df5ec84e80, 0x000071df5ec84f78] Compiler: , Barriers: 0, Oops: 0, ImmediateOops: 0, NonImmediateOops: No
[2,241s][debug][gc,nmethod     ] Register NMethod: java.lang.invoke.MethodHandle.invokeBasic (0x000071df5ec85088) [0x000071df5ec85180, 0x000071df5ec85418] Compiler: , Barriers: 0, Oops: 0, ImmediateOops: 0, NonImmediateOops: No
[2,241s][debug][gc,nmethod     ] Register NMethod: java.lang.invoke.MethodHandle.linkToSpecial (0x000071df5ec85488) [0x000071df5ec85580, 0x000071df5ec85678] Compiler: , Barriers: 0, Oops: 0, ImmediateOops: 0, NonImmediateOops: No
[2,241s][debug][gc,nmethod     ] Register NMethod: java.lang.invoke.MemberName.getFactory (0x000071df3f85ab08) [0x000071df3f85ac00, 0x000071df3f85ace8] Compiler: c1, Barriers: 0, Oops: 0, ImmediateOops: 1, NonImmediateOops: No
[2,246s][debug][gc,nmethod     ] Register NMethod: java.util.jar.JarFile.checkForSpecialAttributes (0x000071df5ec85788) [0x000071df5ec85880, 0x000071df5ec861d8] Compiler: jvmci, Barriers: 7, Oops: 2, ImmediateOops: 8, NonImmediateOops: No
[2,247s][debug][gc,nmethod     ] Register NMethod: java.util.LinkedHashMap.get (0x000071df3f85ae08) [0x000071df3f85af00, 0x000071df3f85b4c0] Compiler: c1, Barriers: 1, Oops: 0, ImmediateOops: 0, NonImmediateOops: No
[2,248s][debug][gc,nmethod     ] Register NMethod: java.net.URL.set (0x000071df5ec86208) [0x000071df5ec86300, 0x000071df5ec868e8] Compiler: jvmci, Barriers: 25, Oops: 0, ImmediateOops: 0, NonImmediateOops: No
[2,248s][debug][gc,nmethod     ] Register NMethod: java.io.UnixFileSystem.normalize (0x000071df5ec86908) [0x000071df5ec86a00, 0x000071df5ec86be8] Compiler: jvmci, Barriers: 1, Oops: 0, ImmediateOops: 0, NonImmediateOops: No
[2,249s][debug][gc,nmethod     ] Register NMethod: sun.net.util.IPAddressUtil.scan (0x000071df5ec86c08) [0x000071df5ec86d00, 0x000071df5ec86e38] Compiler: jvmci, Barriers: 1, Oops: 0, ImmediateOops: 0, NonImmediateOops: No
[2,251s][debug][gc,nmethod     ] Register NMethod: java.net.URLStreamHandler.setURL (0x000071df5ec86f08) [0x000071df5ec87000, 0x000071df5ec87ca8] Compiler: jvmci, Barriers: 32, Oops: 1, ImmediateOops: 1, NonImmediateOops: No
[2,253s][debug][gc,nmethod     ] Register NMethod: java.lang.invoke.MethodHandle.linkToSpecial (0x000071df5ec87d08) [0x000071df5ec87e00, 0x000071df5ec87ef8] Compiler: , Barriers: 0, Oops: 0, ImmediateOops: 0, NonImmediateOops: No
[2,254s][debug][gc,nmethod     ] Register NMethod: java.lang.invoke.MethodHandle.linkToStatic (0x000071df5ec88008) [0x000071df5ec88100, 0x000071df5ec881f0] Compiler: , Barriers: 0, Oops: 0, ImmediateOops: 0, NonImmediateOops: No
[2,254s][debug][gc,nmethod     ] Register NMethod: java.lang.invoke.MethodHandle.linkToStatic (0x000071df5ec88308) [0x000071df5ec88400, 0x000071df5ec884f0] Compiler: , Barriers: 0, Oops: 0, ImmediateOops: 0, NonImmediateOops: No
[2,254s][debug][gc,nmethod     ] Register NMethod: java.lang.invoke.MethodHandles$Lookup.getDirectMethod (0x000071df3f85b508) [0x000071df3f85b600, 0x000071df3f85b740] Compiler: c1, Barriers: 0, Oops: 0, ImmediateOops: 0, NonImmediateOops: No
[2,254s][debug][gc,nmethod     ] Register NMethod: java.lang.invoke.MethodHandle.linkToStatic (0x000071df5ec88608) [0x000071df5ec88700, 0x000071df5ec887f0] Compiler: , Barriers: 0, Oops: 0, ImmediateOops: 0, NonImmediateOops: No
[2,254s][debug][gc,nmethod     ] Register NMethod: java.lang.invoke.MethodHandle.linkToStatic (0x000071df5ec88908) [0x000071df5ec88a00, 0x000071df5ec88af0] Compiler: , Barriers: 0, Oops: 0, ImmediateOops: 0, NonImmediateOops: No
[2,254s][debug][gc,nmethod     ] Register NMethod: java.lang.invoke.MethodHandle.linkToStatic (0x000071df5ec88c08) [0x000071df5ec88d00, 0x000071df5ec88df0] Compiler: , Barriers: 0, Oops: 0, ImmediateOops: 0, NonImmediateOops: No
[2,254s][debug][gc,nmethod     ] Register NMethod: java.util.Arrays.copyOfRange (0x000071df3f85b808) [0x000071df3f85b900, 0x000071df3f85d038] Compiler: c1, Barriers: 1, Oops: 1, ImmediateOops: 3, NonImmediateOops: No
[2,254s][debug][gc,nmethod     ] Register NMethod: java.lang.invoke.MethodHandle.linkToStatic (0x000071df5ec88f08) [0x000071df5ec89000, 0x000071df5ec890f0] Compiler: , Barriers: 0, Oops: 0, ImmediateOops: 0, NonImmediateOops: No
[2,254s][debug][gc,nmethod     ] Register NMethod: java.lang.invoke.MethodHandles$Lookup.maybeBindCaller (0x000071df3f85d088) [0x000071df3f85d180, 0x000071df3f85de10] Compiler: c1, Barriers: 1, Oops: 0, ImmediateOops: 1, NonImmediateOops: No
[2,254s][debug][gc,nmethod     ] Register NMethod: java.lang.invoke.MethodHandles$Lookup.findBoundCallerLookup (0x000071df3f85de88) [0x000071df3f85df80, 0x000071df3f85ead0] Compiler: c1, Barriers: 0, Oops: 0, ImmediateOops: 1, NonImmediateOops: No
[2,254s][debug][gc,nmethod     ] Register NMethod: java.lang.invoke.MethodHandle.linkToStatic (0x000071df5ec89208) [0x000071df5ec89300, 0x000071df5ec893f0] Compiler: , Barriers: 0, Oops: 0, ImmediateOops: 0, NonImmediateOops: No
[2,254s][debug][gc,nmethod     ] Register NMethod: java.lang.invoke.MethodHandles$Lookup.checkMethod (0x000071df3f85eb08) [0x000071df3f85ec00, 0x000071df3f85fae8] Compiler: c1, Barriers: 0, Oops: 0, ImmediateOops: 4, NonImmediateOops: No
[2,254s][debug][gc,nmethod     ] Register NMethod: java.lang.invoke.MethodHandle.linkToStatic (0x000071df5ec89508) [0x000071df5ec89600, 0x000071df5ec896f0] Compiler: , Barriers: 0, Oops: 0, ImmediateOops: 0, NonImmediateOops: No
[2,255s][debug][gc,nmethod     ] Register NMethod: java.lang.invoke.MethodHandle.invokeBasic (0x000071df5ec89808) [0x000071df5ec89900, 0x000071df5ec89b98] Compiler: , Barriers: 0, Oops: 0, ImmediateOops: 0, NonImmediateOops: No
[2,255s][debug][gc,nmethod     ] Register NMethod: java.lang.invoke.MethodHandle.linkToSpecial (0x000071df5ec89c08) [0x000071df5ec89d00, 0x000071df5ec89df8] Compiler: , Barriers: 0, Oops: 0, ImmediateOops: 0, NonImmediateOops: No
[2,255s][debug][gc,nmethod     ] Register NMethod: java.lang.invoke.MethodHandle.invokeBasic (0x000071df5ec89f08) [0x000071df5ec8a000, 0x000071df5ec8a298] Compiler: , Barriers: 0, Oops: 0, ImmediateOops: 0, NonImmediateOops: No
[2,255s][debug][gc,nmethod     ] Register NMethod: java.lang.invoke.MethodHandles$Lookup.getDirectMethodCommon (0x000071df3f85fb08) [0x000071df3f85fc00, 0x000071df3f863070] Compiler: c1, Barriers: 11, Oops: 1, ImmediateOops: 1, NonImmediateOops: No
[2,256s][debug][gc,nmethod     ] Register NMethod: java.lang.invoke.MethodHandle.linkToSpecial (0x000071df5ec8a308) [0x000071df5ec8a400, 0x000071df5ec8a4f8] Compiler: , Barriers: 0, Oops: 0, ImmediateOops: 0, NonImmediateOops: No
[2,256s][debug][gc,nmethod     ] Register NMethod: java.lang.Class.getName (0x000071df5ec8a608) [0x000071df5ec8a700, 0x000071df5ec8a808] Compiler: jvmci, Barriers: 1, Oops: 0, ImmediateOops: 0, NonImmediateOops: No
[2,256s][debug][gc,nmethod     ] Register NMethod: java.lang.invoke.MethodHandle.invokeBasic (0x000071df5ec8a908) [0x000071df5ec8aa00, 0x000071df5ec8ac98] Compiler: , Barriers: 0, Oops: 0, ImmediateOops: 0, NonImmediateOops: No
[2,256s][debug][gc,nmethod     ] Register NMethod: java.lang.invoke.MethodHandle.linkToSpecial (0x000071df5ec8ad08) [0x000071df5ec8ae00, 0x000071df5ec8aef8] Compiler: , Barriers: 0, Oops: 0, ImmediateOops: 0, NonImmediateOops: No
[2,256s][debug][gc,nmethod     ] Register NMethod: java.lang.invoke.LambdaForm.fixResult (0x000071df3f863088) [0x000071df3f863180, 0x000071df3f863390] Compiler: c1, Barriers: 2, Oops: 0, ImmediateOops: 1, NonImmediateOops: No
[2,256s][debug][gc,nmethod     ] Register NMethod: java.lang.invoke.InvokerBytecodeGenerator.generateCustomizedCode (0x000071df3f863408) [0x000071df3f863500, 0x000071df3f8637a8] Compiler: c1, Barriers: 0, Oops: 0, ImmediateOops: 1, NonImmediateOops: No
[2,256s][debug][gc,nmethod     ] Register NMethod: java.lang.invoke.LambdaForm.<init> (0x000071df3f863808) [0x000071df3f863900, 0x000071df3f863c60] Compiler: c1, Barriers: 12, Oops: 0, ImmediateOops: 0, NonImmediateOops: No
[2,256s][debug][gc,nmethod     ] Register NMethod: java.lang.invoke.MethodHandle.invokeBasic (0x000071df5ec8b008) [0x000071df5ec8b100, 0x000071df5ec8b398] Compiler: , Barriers: 0, Oops: 0, ImmediateOops: 0, NonImmediateOops: No
[2,256s][debug][gc,nmethod     ] Register NMethod: java.lang.invoke.LambdaForm.create (0x000071df3f863c88) [0x000071df3f863d80, 0x000071df3f8645d8] Compiler: c1, Barriers: 2, Oops: 0, ImmediateOops: 1, NonImmediateOops: No
[2,257s][debug][gc,nmethod     ] Register NMethod: java.lang.invoke.MethodHandle.linkToSpecial (0x000071df5ec8b408) [0x000071df5ec8b500, 0x000071df5ec8b5f8] Compiler: , Barriers: 0, Oops: 0, ImmediateOops: 0, NonImmediateOops: No
[2,257s][debug][gc,nmethod     ] Register NMethod: java.lang.StringBuilder.append (0x000071df3f864608) [0x000071df3f864700, 0x000071df3f864848] Compiler: c1, Barriers: 0, Oops: 0, ImmediateOops: 0, NonImmediateOops: No
[2,257s][debug][gc,nmethod     ] Register NMethod: java.lang.invoke.LambdaForm$Name.<init> (0x000071df3f864908) [0x000071df3f864a00, 0x000071df3f865cb8] Compiler: c1, Barriers: 11, Oops: 0, ImmediateOops: 0, NonImmediateOops: No
[2,257s][debug][gc,nmethod     ] Register NMethod: java.lang.AbstractStringBuilder.append (0x000071df3f865d08) [0x000071df3f865e00, 0x000071df3f8661d8] Compiler: c1, Barriers: 4, Oops: 0, ImmediateOops: 0, NonImmediateOops: No
[2,257s][debug][gc,nmethod     ] Register NMethod: java.lang.invoke.InvokerBytecodeGenerator.lookupPregenerated (0x000071df3f866208) [0x000071df3f866300, 0x000071df3f869528] Compiler: c1, Barriers: 10, Oops: 1, ImmediateOops: 13, NonImmediateOops: No
[2,264s][debug][gc,nmethod     ] Register NMethod: java.lang.invoke.MethodHandle.isAncestorLoaderOf (0x000071df3f869588) [0x000071df3f869680, 0x000071df3f869e38] Compiler: c1, Barriers: 1, Oops: 0, ImmediateOops: 4, NonImmediateOops: No
[2,264s][debug][gc,nmethod     ] Register NMethod: java.lang.invoke.MethodHandleNatives.linkMethodHandleConstant (0x000071df3f869e88) [0x000071df3f869f80, 0x000071df3f86a4f0] Compiler: c1, Barriers: 0, Oops: 0, ImmediateOops: 1, NonImmediateOops: No
[2,265s][debug][gc,nmethod     ] Register NMethod: java.util.jar.JarFile.getEntry (0x000071df5ec8b708) [0x000071df5ec8b800, 0x000071df5ec8ce80] Compiler: jvmci, Barriers: 14, Oops: 2, ImmediateOops: 8, NonImmediateOops: No
[2,265s][debug][gc,nmethod     ] Register NMethod: java.lang.invoke.MethodHandles$Lookup.linkMethodHandleConstant (0x000071df3f86a508) [0x000071df3f86a600, 0x000071df3f86de78] Compiler: c1, Barriers: 12, Oops: 0, ImmediateOops: 6, NonImmediateOops: No
[2,266s][debug][gc,nmethod     ] Register NMethod: jdk.internal.misc.Unsafe.getLongVolatile (0x000071df5ec8cf08) [0x000071df5ec8d000, 0x000071df5ec8d168] Compiler: , Barriers: 0, Oops: 0, ImmediateOops: 0, NonImmediateOops: No
[2,266s][debug][gc,nmethod     ] Register NMethod: java.lang.Thread.onSpinWait (0x000071df3f86de88) [0x000071df3f86df80, 0x000071df3f86e060] Compiler: c1, Barriers: 0, Oops: 0, ImmediateOops: 0, NonImmediateOops: No
[2,268s][debug][gc,nmethod     ] Register NMethod: java.lang.invoke.MethodHandle.linkToStatic (0x000071df5ec8d208) [0x000071df5ec8d300, 0x000071df5ec8d3f0] Compiler: , Barriers: 0, Oops: 0, ImmediateOops: 0, NonImmediateOops: No
[2,268s][debug][gc,nmethod     ] Register NMethod: java.lang.invoke.DirectMethodHandle.shouldBeInitialized (0x000071df3f86e188) [0x000071df3f86e280, 0x000071df3f86f3b8] Compiler: c1, Barriers: 1, Oops: 1, ImmediateOops: 9, NonImmediateOops: No
[2,268s][debug][gc,nmethod     ] Register NMethod: java.lang.invoke.MethodHandle.linkToInterface (0x000071df5ec8d508) [0x000071df5ec8d600, 0x000071df5ec8d730] Compiler: , Barriers: 0, Oops: 0, ImmediateOops: 0, NonImmediateOops: No
[2,268s][debug][gc,nmethod     ] Register NMethod: jdk.internal.foreign.SegmentFactories.initNativeMemory (0x000071df3f86f408) [0x000071df3f86f500, 0x000071df3f86f720] Compiler: c1, Barriers: 0, Oops: 0, ImmediateOops: 0, NonImmediateOops: No
[2,268s][debug][gc,nmethod     ] Register NMethod: jdk.internal.foreign.SegmentFactories.initNativeMemory (0x000071df3f86f788) [0x000071df3f86f880, 0x000071df3f86fa20] Compiler: c1, Barriers: 0, Oops: 0, ImmediateOops: 0, NonImmediateOops: No
[2,268s][debug][gc,nmethod     ] Register NMethod: java.lang.invoke.MethodHandle.linkToInterface (0x000071df5ec8d808) [0x000071df5ec8d900, 0x000071df5ec8da30] Compiler: , Barriers: 0, Oops: 0, ImmediateOops: 0, NonImmediateOops: No
[2,268s][debug][gc,nmethod     ] Register NMethod: java.lang.invoke.MethodHandle.linkToStatic (0x000071df5ec8db08) [0x000071df5ec8dc00, 0x000071df5ec8dcf0] Compiler: , Barriers: 0, Oops: 0, ImmediateOops: 0, NonImmediateOops: No
[2,269s][debug][gc,nmethod     ] Register NMethod: java.lang.invoke.MethodHandle.linkToStatic (0x000071df5ec8de08) [0x000071df5ec8df00, 0x000071df5ec8dff0] Compiler: , Barriers: 0, Oops: 0, ImmediateOops: 0, NonImmediateOops: No
[2,269s][debug][gc,nmethod     ] Register NMethod: jdk.internal.classfile.impl.TemporaryConstantPool.utf8Entry (0x000071df3f86fa88) [0x000071df3f86fb80, 0x000071df3f86fd30] Compiler: c1, Barriers: 0, Oops: 0, ImmediateOops: 0, NonImmediateOops: No
[2,269s][debug][gc,nmethod     ] Register NMethod: jdk.internal.classfile.impl.AbstractPoolEntry$Utf8EntryImpl.<init> (0x000071df3f86fd88) [0x000071df3f86fe80, 0x000071df3f8701d8] Compiler: c1, Barriers: 0, Oops: 0, ImmediateOops: 0, NonImmediateOops: No
[2,269s][debug][gc,nmethod     ] Register NMethod: java.lang.invoke.MethodTypeForm.setCachedLambdaForm (0x000071df3f870208) [0x000071df3f870300, 0x000071df3f871348] Compiler: c1, Barriers: 12, Oops: 0, ImmediateOops: 2, NonImmediateOops: No
[2,270s][debug][gc,nmethod     ] Register NMethod: java.lang.invoke.MethodHandle.linkToStatic (0x000071df5ec8e108) [0x000071df5ec8e200, 0x000071df5ec8e2f0] Compiler: , Barriers: 0, Oops: 0, ImmediateOops: 0, NonImmediateOops: No
[2,270s][debug][gc,nmethod     ] Register NMethod: java.lang.invoke.MemberName.asConstructor (0x000071df3f871388) [0x000071df3f871480, 0x000071df3f8720b0] Compiler: c1, Barriers: 0, Oops: 0, ImmediateOops: 0, NonImmediateOops: No
[2,270s][debug][gc,nmethod     ] Register NMethod: java.lang.invoke.MethodTypeForm.<init> (0x000071df3f872108) [0x000071df3f872200, 0x000071df3f875190] Compiler: c1, Barriers: 28, Oops: 1, ImmediateOops: 7, NonImmediateOops: No
[2,270s][debug][gc,nmethod     ] Register NMethod: jdk.internal.foreign.NativeMemorySegmentImpl.unsafeGetOffset (0x000071df5ec8e408) [0x000071df5ec8e500, 0x000071df5ec8e5c0] Compiler: c1, Barriers: 0, Oops: 0, ImmediateOops: 0, NonImmediateOops: No
[2,270s][debug][gc,nmethod     ] Register NMethod: jdk.internal.foreign.AbstractMemorySegmentImpl.sessionImpl (0x000071df5ec8e708) [0x000071df5ec8e800, 0x000071df5ec8e8e8] Compiler: c1, Barriers: 1, Oops: 0, ImmediateOops: 0, NonImmediateOops: No
[2,270s][debug][gc,nmethod     ] Register NMethod: jdk.internal.foreign.NativeMemorySegmentImpl.unsafeGetBase (0x000071df5ec8ea08) [0x000071df5ec8eb00, 0x000071df5ec8ebc8] Compiler: c1, Barriers: 0, Oops: 0, ImmediateOops: 0, NonImmediateOops: No
[2,270s][debug][gc,nmethod     ] Register NMethod: jdk.internal.foreign.layout.AbstractLayout.byteSize (0x000071df5ec8ed08) [0x000071df5ec8ee00, 0x000071df5ec8eec0] Compiler: c1, Barriers: 0, Oops: 0, ImmediateOops: 0, NonImmediateOops: No
[2,271s][debug][gc,nmethod     ] Register NMethod: jdk.internal.foreign.layout.AbstractLayout.byteAlignment (0x000071df5ec8f008) [0x000071df5ec8f100, 0x000071df5ec8f1c0] Compiler: c1, Barriers: 0, Oops: 0, ImmediateOops: 0, NonImmediateOops: No
[2,271s][debug][gc,nmethod     ] Register NMethod: java.lang.Long.valueOf (0x000071df3f875208) [0x000071df3f875300, 0x000071df3f875640] Compiler: c1, Barriers: 1, Oops: 0, ImmediateOops: 1, NonImmediateOops: No
[2,271s][debug][gc,nmethod     ] Register NMethod: java.lang.invoke.MethodHandle.linkToStatic (0x000071df5ec8f308) [0x000071df5ec8f400, 0x000071df5ec8f4f0] Compiler: , Barriers: 0, Oops: 0, ImmediateOops: 0, NonImmediateOops: No
[2,271s][debug][gc,nmethod     ] Register NMethod: java.util.jar.JarFile.getJarEntry (0x000071df5ec8f608) [0x000071df5ec8f700, 0x000071df5ec90cc0] Compiler: jvmci, Barriers: 14, Oops: 2, ImmediateOops: 8, NonImmediateOops: No
[2,271s][debug][gc,nmethod     ] Register NMethod: jdk.internal.foreign.NativeMemorySegmentImpl.maxAlignMask (0x000071df5ec90d08) [0x000071df5ec90e00, 0x000071df5ec90ec0] Compiler: c1, Barriers: 0, Oops: 0, ImmediateOops: 0, NonImmediateOops: No
[2,272s][debug][gc,nmethod     ] Register NMethod: java.lang.invoke.MethodHandle.linkToStatic (0x000071df5ec91008) [0x000071df5ec91100, 0x000071df5ec911f0] Compiler: , Barriers: 0, Oops: 0, ImmediateOops: 0, NonImmediateOops: No
[2,273s][debug][gc,nmethod     ] Register NMethod: jdk.internal.foreign.MemorySessionImpl.checkValidStateRaw (0x000071df3f875688) [0x000071df3f875780, 0x000071df3f8759b0] Compiler: c1, Barriers: 2, Oops: 0, ImmediateOops: 2, NonImmediateOops: No
[2,273s][debug][gc,nmethod     ] Register NMethod: io.sirix.page.KeyValueLeafPage.isSlotSet (0x000071df3f875a08) [0x000071df3f875b00, 0x000071df3f875ca8] Compiler: c1, Barriers: 1, Oops: 1, ImmediateOops: 0, NonImmediateOops: No
[2,273s][debug][gc,nmethod     ] Register NMethod: java.util.HashMap.<init> (0x000071df3f875d08) [0x000071df3f875e20, 0x000071df3f875f58] Compiler: c1, Barriers: 0, Oops: 0, ImmediateOops: 0, NonImmediateOops: No
[2,273s][debug][gc,nmethod     ] Register NMethod: java.lang.Long.hashCode (0x000071df3f876008) [0x000071df3f876100, 0x000071df3f876238] Compiler: c1, Barriers: 0, Oops: 0, ImmediateOops: 0, NonImmediateOops: No
[2,273s][debug][gc,nmethod     ] Register NMethod: java.lang.classfile.CodeBuilder.loadConstant (0x000071df3f876308) [0x000071df3f876400, 0x000071df3f8780c0] Compiler: c1, Barriers: 0, Oops: 0, ImmediateOops: 0, NonImmediateOops: No
[2,273s][debug][gc,nmethod     ] Register NMethod: java.nio.ByteOrder.nativeOrder (0x000071df3f878108) [0x000071df3f878200, 0x000071df3f8782e8] Compiler: c1, Barriers: 0, Oops: 0, ImmediateOops: 1, NonImmediateOops: No
[2,274s][debug][gc,nmethod     ] Register NMethod: jdk.internal.classfile.impl.AbstractPoolEntry$ClassEntryImpl.<init> (0x000071df3f878408) [0x000071df3f878500, 0x000071df3f878648] Compiler: c1, Barriers: 0, Oops: 0, ImmediateOops: 0, NonImmediateOops: No
[2,274s][debug][gc,nmethod     ] Register NMethod: jdk.internal.classfile.impl.DirectCodeBuilder$DeferredLabel.<init> (0x000071df3f878708) [0x000071df3f878800, 0x000071df3f878a40] Compiler: c1, Barriers: 3, Oops: 0, ImmediateOops: 0, NonImmediateOops: No
[2,274s][debug][gc,nmethod     ] Register NMethod: jdk.internal.classfile.impl.DirectCodeBuilder.addLabel (0x000071df3f878a88) [0x000071df3f878b80, 0x000071df3f879550] Compiler: c1, Barriers: 9, Oops: 0, ImmediateOops: 0, NonImmediateOops: No
[2,274s][debug][gc,nmethod     ] Register NMethod: jdk.internal.foreign.AbstractMemorySegmentImpl.checkReadOnly (0x000071df3f879588) [0x000071df3f879680, 0x000071df3f8798a8] Compiler: c1, Barriers: 0, Oops: 0, ImmediateOops: 1, NonImmediateOops: No
[2,274s][debug][gc,nmethod     ] Register NMethod: jdk.internal.constant.ConstantUtils.classDesc (0x000071df3f879908) [0x000071df3f879a00, 0x000071df3f87ab00] Compiler: c1, Barriers: 3, Oops: 1, ImmediateOops: 2, NonImmediateOops: No
[2,274s][debug][gc,nmethod     ] Register NMethod: jdk.internal.foreign.AbstractMemorySegmentImpl.isAlignedForElement (0x000071df3f87ab88) [0x000071df3f87ac80, 0x000071df3f87b2c8] Compiler: c1, Barriers: 0, Oops: 0, ImmediateOops: 0, NonImmediateOops: No
[2,274s][debug][gc,nmethod     ] Register NMethod: jdk.internal.foreign.AbstractMemorySegmentImpl.checkAccess (0x000071df3f87b308) [0x000071df3f87b400, 0x000071df3f87bc10] Compiler: c1, Barriers: 0, Oops: 0, ImmediateOops: 1, NonImmediateOops: No
[2,274s][debug][gc,nmethod     ] Register NMethod: jdk.internal.classfile.impl.SplitConstantPool.tryFindClassEntry (0x000071df3f87bc88) [0x000071df3f87bd80, 0x000071df3f87d3e0] Compiler: c1, Barriers: 2, Oops: 0, ImmediateOops: 0, NonImmediateOops: No
[2,275s][debug][gc,nmethod     ] Register NMethod: java.lang.invoke.SegmentVarHandle.offset (0x000071df3f87d408) [0x000071df3f87d500, 0x000071df3f87d618] Compiler: c1, Barriers: 0, Oops: 0, ImmediateOops: 0, NonImmediateOops: No
[2,275s][debug][gc,nmethod     ] Register NMethod: jdk.internal.classfile.impl.TemporaryConstantPool.classEntry (0x000071df3f87d708) [0x000071df3f87d800, 0x000071df3f87dbb8] Compiler: c1, Barriers: 0, Oops: 0, ImmediateOops: 0, NonImmediateOops: No
[2,275s][debug][gc,nmethod     ] Register NMethod: jdk.internal.foreign.AbstractMemorySegmentImpl.isAlignedForElement (0x000071df3f87dc08) [0x000071df3f87dd00, 0x000071df3f87ded0] Compiler: c1, Barriers: 0, Oops: 0, ImmediateOops: 0, NonImmediateOops: No
[2,275s][debug][gc,nmethod     ] Register NMethod: jdk.internal.foreign.layout.ValueLayouts$AbstractValueLayout.varHandle (0x000071df3f87df08) [0x000071df3f87e000, 0x000071df3f87e9b8] Compiler: c1, Barriers: 4, Oops: 3, ImmediateOops: 3, NonImmediateOops: No
[2,275s][debug][gc,nmethod     ] Register NMethod: jdk.internal.foreign.AbstractMemorySegmentImpl.byteSize (0x000071df5ec91308) [0x000071df5ec91400, 0x000071df5ec914c0] Compiler: c1, Barriers: 0, Oops: 0, ImmediateOops: 0, NonImmediateOops: No
[2,275s][debug][gc,nmethod     ] Register NMethod: java.util.stream.ReferencePipeline$Head.<init> (0x000071df3f87ea08) [0x000071df3f87eb00, 0x000071df3f87ec90] Compiler: c1, Barriers: 0, Oops: 0, ImmediateOops: 0, NonImmediateOops: No
[2,275s][debug][gc,nmethod     ] Register NMethod: java.util.stream.StreamOpFlag.fromCharacteristics (0x000071df3f87ed08) [0x000071df3f87ee00, 0x000071df3f87f388] Compiler: c1, Barriers: 0, Oops: 0, ImmediateOops: 0, NonImmediateOops: No
[2,275s][debug][gc,nmethod     ] Register NMethod: java.util.stream.ReferencePipeline.<init> (0x000071df3f87f408) [0x000071df3f87f500, 0x000071df3f87f630] Compiler: c1, Barriers: 0, Oops: 0, ImmediateOops: 0, NonImmediateOops: No
[2,275s][debug][gc,nmethod     ] Register NMethod: java.util.stream.AbstractPipeline.<init> (0x000071df3f87f708) [0x000071df3f87f800, 0x000071df3f87fb48] Compiler: c1, Barriers: 9, Oops: 0, ImmediateOops: 0, NonImmediateOops: No
[2,275s][debug][gc,nmethod     ] Register NMethod: java.util.stream.StreamSupport.stream (0x000071df3f87fb88) [0x000071df3f87fc80, 0x000071df3f880070] Compiler: c1, Barriers: 0, Oops: 0, ImmediateOops: 0, NonImmediateOops: No
[2,276s][debug][gc,nmethod     ] Register NMethod: jdk.internal.classfile.impl.StackMapGenerator$Frame.popStack (0x000071df3f880088) [0x000071df3f880180, 0x000071df3f880478] Compiler: c1, Barriers: 4, Oops: 1, ImmediateOops: 1, NonImmediateOops: No
[2,276s][debug][gc,nmethod     ] Register NMethod: jdk.internal.foreign.AbstractMemorySegmentImpl.checkEnclosingLayout (0x000071df3f880488) [0x000071df3f880580, 0x000071df3f883528] Compiler: c1, Barriers: 19, Oops: 1, ImmediateOops: 3, NonImmediateOops: No
[2,276s][debug][gc,nmethod     ] Register NMethod: java.lang.classfile.constantpool.ConstantPoolBuilder.classEntry (0x000071df3f883588) [0x000071df3f883680, 0x000071df3f8867b8] Compiler: c1, Barriers: 9, Oops: 1, ImmediateOops: 2, NonImmediateOops: No
[2,276s][debug][gc,nmethod     ] Register NMethod: java.lang.invoke.SegmentVarHandle.checkSegment (0x000071df3f886808) [0x000071df3f886900, 0x000071df3f889e68] Compiler: c1, Barriers: 20, Oops: 1, ImmediateOops: 3, NonImmediateOops: No
[2,276s][debug][gc,nmethod     ] Register NMethod: jdk.internal.misc.Unsafe.checkOffset (0x000071df3f889e88) [0x000071df3f889f80, 0x000071df3f88a1e0] Compiler: c1, Barriers: 0, Oops: 0, ImmediateOops: 0, NonImmediateOops: No
[2,277s][debug][gc,nmethod     ] Register NMethod: java.lang.invoke.MethodHandles$Lookup.getDirectConstructor (0x000071df3f88a208) [0x000071df3f88a300, 0x000071df3f88a430] Compiler: c1, Barriers: 0, Oops: 0, ImmediateOops: 0, NonImmediateOops: No
[2,277s][debug][gc,nmethod     ] Register NMethod: jdk.internal.misc.Unsafe.storeFence (0x000071df3f88a508) [0x000071df3f88a600, 0x000071df3f88a8d8] Compiler: c1, Barriers: 0, Oops: 0, ImmediateOops: 0, NonImmediateOops: No
[2,277s][debug][gc,nmethod     ] Register NMethod: jdk.internal.classfile.impl.StackMapGenerator$Frame.initializeObject (0x000071df3f88a908) [0x000071df3f88aa00, 0x000071df3f88b828] Compiler: c1, Barriers: 12, Oops: 0, ImmediateOops: 1, NonImmediateOops: No
[2,277s][debug][gc,nmethod     ] Register NMethod: java.lang.invoke.MethodHandles$Lookup.getDirectConstructorCommon (0x000071df3f88b888) [0x000071df3f88b980, 0x000071df3f88c698] Compiler: c1, Barriers: 2, Oops: 0, ImmediateOops: 0, NonImmediateOops: No
[2,278s][debug][gc,nmethod     ] Register NMethod: jdk.internal.loader.URLClassPath$JarLoader.getResource (0x000071df5ec91608) [0x000071df5ec91700, 0x000071df5ec92ef0] Compiler: jvmci, Barriers: 19, Oops: 2, ImmediateOops: 8, NonImmediateOops: No
[2,278s][debug][gc,nmethod     ] Register NMethod: jdk.internal.foreign.Utils$BaseAndScale.scale (0x000071df5ec92f08) [0x000071df5ec93000, 0x000071df5ec930c0] Compiler: c1, Barriers: 0, Oops: 0, ImmediateOops: 0, NonImmediateOops: No
[2,278s][debug][gc,nmethod     ] Register NMethod: io.sirix.node.GrowingMemorySegment.ensureCapacity (0x000071df3f88c708) [0x000071df3f88c800, 0x000071df3f88c960] Compiler: c1, Barriers: 0, Oops: 1, ImmediateOops: 0, NonImmediateOops: No
[2,278s][debug][gc,nmethod     ] Register NMethod: jdk.internal.misc.Unsafe.checkNativeAddress (0x000071df3f88ca08) [0x000071df3f88cb00, 0x000071df3f88cc10] Compiler: c1, Barriers: 0, Oops: 0, ImmediateOops: 0, NonImmediateOops: No
[2,278s][debug][gc,nmethod     ] Register NMethod: java.lang.invoke.TypeConvertingMethodAdapter.convertType (0x000071df3f88cd08) [0x000071df3f88ce00, 0x000071df3f892138] Compiler: c1, Barriers: 0, Oops: 3, ImmediateOops: 31, NonImmediateOops: No
[2,278s][debug][gc,nmethod     ] Register NMethod: io.sirix.page.KeyValueLeafPage.getSlotAsByteArray (0x000071df3f892188) [0x000071df3f892280, 0x000071df3f892918] Compiler: c1, Barriers: 0, Oops: 1, ImmediateOops: 1, NonImmediateOops: No
[2,278s][debug][gc,nmethod     ] Register NMethod: jdk.internal.classfile.impl.StackMapGenerator.processBlock (0x000071df5ec93208) [0x000071df5ec93300, 0x000071df5ec952b0] Compiler: jvmci, Barriers: 29, Oops: 0, ImmediateOops: 21, NonImmediateOops: No
[2,279s][debug][gc,nmethod     ] Register NMethod: java.lang.Integer.hashCode (0x000071df5ec95308) [0x000071df5ec95400, 0x000071df5ec95468] Compiler: jvmci, Barriers: 0, Oops: 0, ImmediateOops: 0, NonImmediateOops: No
[2,279s][debug][gc,nmethod     ] Register NMethod: jdk.internal.foreign.AbstractMemorySegmentImpl.isAlignedForElement (0x000071df3f892988) [0x000071df3f892a80, 0x000071df3f893010] Compiler: c1, Barriers: 0, Oops: 0, ImmediateOops: 0, NonImmediateOops: No
[2,279s][debug][gc,nmethod     ] Register NMethod: jdk.internal.foreign.AbstractMemorySegmentImpl.checkBounds (0x000071df5ec95608) [0x000071df5ec95700, 0x000071df5ec95858] Compiler: jvmci, Barriers: 0, Oops: 0, ImmediateOops: 0, NonImmediateOops: No
[2,279s][debug][gc,nmethod     ] Register NMethod: jdk.internal.foreign.AbstractMemorySegmentImpl.isAlignedForElement (0x000071df3f893088) [0x000071df3f893180, 0x000071df3f893b40] Compiler: c1, Barriers: 0, Oops: 0, ImmediateOops: 0, NonImmediateOops: No
[2,279s][debug][gc,nmethod     ] Register NMethod: java.lang.invoke.MethodHandle.invokeBasic (0x000071df5ec95908) [0x000071df5ec95a00, 0x000071df5ec95c98] Compiler: , Barriers: 0, Oops: 0, ImmediateOops: 0, NonImmediateOops: No
[2,279s][debug][gc,nmethod     ] Register NMethod: jdk.internal.classfile.impl.DirectClassBuilder.build (0x000071df3f893b88) [0x000071df3f893c80, 0x000071df3f89bf10] Compiler: c1, Barriers: 26, Oops: 2, ImmediateOops: 6, NonImmediateOops: No
[2,280s][debug][gc,nmethod     ] Register NMethod: java.lang.Integer.rotateRight (0x000071df3f89bf88) [0x000071df3f89c080, 0x000071df3f89c170] Compiler: c1, Barriers: 0, Oops: 0, ImmediateOops: 0, NonImmediateOops: No
[2,280s][debug][gc,nmethod     ] Register NMethod: jdk.internal.misc.Unsafe.putIntUnaligned (0x000071df3f89c288) [0x000071df3f89c380, 0x000071df3f89c5b0] Compiler: c1, Barriers: 0, Oops: 0, ImmediateOops: 0, NonImmediateOops: No
[2,280s][debug][gc,nmethod     ] Register NMethod: jdk.internal.misc.Unsafe.putIntUnaligned (0x000071df3f89c608) [0x000071df3f89c700, 0x000071df3f89c9a0] Compiler: c1, Barriers: 0, Oops: 0, ImmediateOops: 0, NonImmediateOops: No
[2,280s][debug][gc,nmethod     ] Register NMethod: java.lang.invoke.VarHandleGuards.guard_LJI_V (0x000071df3f89ca08) [0x000071df3f89cb00, 0x000071df3f8a1708] Compiler: c1, Barriers: 46, Oops: 1, ImmediateOops: 6, NonImmediateOops: No
[2,280s][debug][gc,nmethod     ] Register NMethod: java.lang.Integer.rotateRight (0x000071df5ec95d08) [0x000071df5ec95e00, 0x000071df5ec95e70] Compiler: jvmci, Barriers: 0, Oops: 0, ImmediateOops: 0, NonImmediateOops: No
[2,281s][debug][gc,nmethod     ] Register NMethod: java.lang.invoke.MethodHandle.invokeBasic (0x000071df5ec96008) [0x000071df5ec96100, 0x000071df5ec96398] Compiler: , Barriers: 0, Oops: 0, ImmediateOops: 0, NonImmediateOops: No
[2,282s][debug][gc,nmethod     ] Register NMethod: java.lang.invoke.VarHandleGuards.guard_LII_V (0x000071df3f8a1788) [0x000071df3f8a1880, 0x000071df3f8a6480] Compiler: c1, Barriers: 46, Oops: 1, ImmediateOops: 6, NonImmediateOops: No
[2,282s][debug][gc,nmethod     ] Register NMethod: jdk.internal.classfile.impl.BufWriterImpl.writeU1U2 (0x000071df5ec96408) [0x000071df5ec96500, 0x000071df5ec96a00] Compiler: jvmci, Barriers: 4, Oops: 0, ImmediateOops: 0, NonImmediateOops: No
[2,282s][debug][gc,nmethod     ] Register NMethod: java.lang.reflect.Field.getModifiers (0x000071df5ec96a08) [0x000071df5ec96b00, 0x000071df5ec96bc0] Compiler: c1, Barriers: 0, Oops: 0, ImmediateOops: 0, NonImmediateOops: No
[2,284s][debug][gc,nmethod     ] Register NMethod: jdk.internal.foreign.AbstractMemorySegmentImpl.asSlice (0x000071df5ec96d08) [0x000071df5ec96e00, 0x000071df5ec97118] Compiler: jvmci, Barriers: 5, Oops: 0, ImmediateOops: 0, NonImmediateOops: No
[2,284s][debug][gc,nmethod     ] Register NMethod: java.util.WeakHashMap.hash (0x000071df5ec97188) [0x000071df5ec97280, 0x000071df5ec973d0] Compiler: jvmci, Barriers: 0, Oops: 0, ImmediateOops: 0, NonImmediateOops: No
[2,284s][debug][gc,nmethod     ] Register NMethod: io.sirix.page.KeyValueLeafPage.getSlot (0x000071df3f8a6508) [0x000071df3f8a6600, 0x000071df3f8bc830] Compiler: c1, Barriers: 194, Oops: 13, ImmediateOops: 50, NonImmediateOops: No
[2,285s][debug][gc,nmethod     ] Register NMethod: net.jpountz.util.Native$1.accept (0x000071df3f8bc908) [0x000071df3f8bca00, 0x000071df3f8bdcb8] Compiler: c1, Barriers: 1, Oops: 3, ImmediateOops: 3, NonImmediateOops: No
[2,285s][debug][gc,nmethod     ] Register NMethod: jdk.internal.jimage.ImageStringsReader.match (0x000071df3f8bdd08) [0x000071df3f8bde00, 0x000071df3f8be130] Compiler: c1, Barriers: 1, Oops: 0, ImmediateOops: 0, NonImmediateOops: No
[2,286s][debug][gc,nmethod     ] Register NMethod: jdk.internal.jimage.BasicImageReader.match (0x000071df3f8be188) [0x000071df3f8be280, 0x000071df3f8be6d8] Compiler: c1, Barriers: 1, Oops: 0, ImmediateOops: 1, NonImmediateOops: No
[2,286s][debug][gc,nmethod     ] Register NMethod: sun.net.www.protocol.file.Handler.parseURL (0x000071df5ec97488) [0x000071df5ec97580, 0x000071df5ec97650] Compiler: jvmci, Barriers: 0, Oops: 0, ImmediateOops: 0, NonImmediateOops: No
[2,286s][debug][gc,nmethod     ] Register NMethod: sun.nio.fs.UnixFileAttributes$UnixAsBasicFileAttributes.fileKey (0x000071df3f8be708) [0x000071df3f8be800, 0x000071df3f8be988] Compiler: c1, Barriers: 1, Oops: 0, ImmediateOops: 0, NonImmediateOops: No
[2,286s][debug][gc,nmethod     ] Register NMethod: sun.nio.fs.UnixFileAttributes.fileKey (0x000071df3f8bea08) [0x000071df3f8beb00, 0x000071df3f8bf038] Compiler: c1, Barriers: 6, Oops: 0, ImmediateOops: 0, NonImmediateOops: No
[2,286s][debug][gc,nmethod     ] Register NMethod: jdk.internal.jimage.ImageStringsReader.stringFromByteBufferMatches (0x000071df3f8bf088) [0x000071df3f8bf180, 0x000071df3f8c1070] Compiler: c1, Barriers: 5, Oops: 1, ImmediateOops: 4, NonImmediateOops: No
[2,286s][debug][gc,nmethod     ] Register NMethod: jdk.internal.jimage.ImageLocation.verifyName (0x000071df3f8c1088) [0x000071df3f8c1180, 0x000071df3f8c3758] Compiler: c1, Barriers: 9, Oops: 1, ImmediateOops: 4, NonImmediateOops: No
[2,286s][debug][gc,nmethod     ] Register NMethod: java.util.regex.Pattern.peek (0x000071df3f8c3788) [0x000071df3f8c3880, 0x000071df3f8c3b00] Compiler: c1, Barriers: 1, Oops: 0, ImmediateOops: 0, NonImmediateOops: No
[2,287s][debug][gc,nmethod     ] Register NMethod: java.lang.String.startsWith (0x000071df5ec97788) [0x000071df5ec97880, 0x000071df5ec97b70] Compiler: jvmci, Barriers: 2, Oops: 0, ImmediateOops: 0, NonImmediateOops: No
[2,288s][debug][gc,nmethod     ] Register NMethod: java.util.zip.Inflater.ensureOpen (0x000071df5ec97b88) [0x000071df5ec97c80, 0x000071df5ec97d88] Compiler: jvmci, Barriers: 1, Oops: 0, ImmediateOops: 0, NonImmediateOops: No
[2,288s][debug][gc,nmethod     ] Register NMethod: jdk.internal.util.ArraysSupport.mismatch (0x000071df3f8c3b08) [0x000071df3f8c3c00, 0x000071df3f8c3fb8] Compiler: c1, Barriers: 0, Oops: 0, ImmediateOops: 0, NonImmediateOops: No
[2,292s][debug][gc,nmethod     ] Register NMethod: java.lang.Thread.onSpinWait (0x000071df5ec97e88) [0x000071df5ec97f80, 0x000071df5ec97fe0] Compiler: jvmci, Barriers: 0, Oops: 0, ImmediateOops: 0, NonImmediateOops: No
[2,292s][debug][gc,nmethod     ] Register NMethod: java.lang.invoke.MethodHandle.invokeBasic (0x000071df5ec98188) [0x000071df5ec98280, 0x000071df5ec98518] Compiler: , Barriers: 0, Oops: 0, ImmediateOops: 0, NonImmediateOops: No
[2,292s][debug][gc,nmethod     ] Register NMethod: java.lang.invoke.MethodHandle.linkToSpecial (0x000071df5ec98588) [0x000071df5ec98680, 0x000071df5ec98778] Compiler: , Barriers: 0, Oops: 0, ImmediateOops: 0, NonImmediateOops: No
[2,293s][debug][gc,nmethod     ] Register NMethod: jdk.internal.classfile.impl.StackMapGenerator$Frame.getLocal (0x000071df3f8c4008) [0x000071df3f8c4100, 0x000071df3f8c4530] Compiler: c1, Barriers: 2, Oops: 0, ImmediateOops: 0, NonImmediateOops: No
[2,293s][debug][gc,nmethod     ] Register NMethod: java.lang.invoke.MethodHandle.invokeBasic (0x000071df5ec98888) [0x000071df5ec98980, 0x000071df5ec98c18] Compiler: , Barriers: 0, Oops: 0, ImmediateOops: 0, NonImmediateOops: No
[2,293s][debug][gc,nmethod     ] Register NMethod: java.lang.invoke.MethodHandle.linkToSpecial (0x000071df5ec98c88) [0x000071df5ec98d80, 0x000071df5ec98e78] Compiler: , Barriers: 0, Oops: 0, ImmediateOops: 0, NonImmediateOops: No
[2,294s][debug][gc,nmethod     ] Register NMethod: java.lang.classfile.CodeBuilder.putstatic (0x000071df3f8c4588) [0x000071df3f8c4680, 0x000071df3f8c4990] Compiler: c1, Barriers: 0, Oops: 0, ImmediateOops: 1, NonImmediateOops: No
[2,295s][debug][gc,nmethod     ] Register NMethod: java.lang.reflect.Array.getLength (0x000071df5ec98f88) [0x000071df5ec99080, 0x000071df5ec991e8] Compiler: , Barriers: 0, Oops: 0, ImmediateOops: 1, NonImmediateOops: No
[2,295s][debug][gc,nmethod     ] Register NMethod: jdk.internal.foreign.layout.ValueLayouts$AbstractValueLayout.carrier (0x000071df5ec99288) [0x000071df5ec99380, 0x000071df5ec99468] Compiler: c1, Barriers: 1, Oops: 0, ImmediateOops: 0, NonImmediateOops: No
[2,295s][debug][gc,nmethod     ] Register NMethod: java.lang.invoke.SegmentVarHandle.offset (0x000071df3f8c4a08) [0x000071df3f8c4b00, 0x000071df3f8c4e00] Compiler: c1, Barriers: 0, Oops: 0, ImmediateOops: 0, NonImmediateOops: No
[2,296s][debug][gc,nmethod     ] Register NMethod: jdk.internal.foreign.Utils$BaseAndScale.base (0x000071df5ec99588) [0x000071df5ec99680, 0x000071df5ec99740] Compiler: c1, Barriers: 0, Oops: 0, ImmediateOops: 0, NonImmediateOops: No
[2,296s][debug][gc,nmethod     ] Register NMethod: jdk.internal.misc.Unsafe.pick (0x000071df3f8c4e08) [0x000071df3f8c4f00, 0x000071df3f8c4ff8] Compiler: c1, Barriers: 0, Oops: 0, ImmediateOops: 0, NonImmediateOops: No
[2,296s][debug][gc,nmethod     ] Register NMethod: java.lang.invoke.MethodHandle.linkToStatic (0x000071df5ec99888) [0x000071df5ec99980, 0x000071df5ec99a70] Compiler: , Barriers: 0, Oops: 0, ImmediateOops: 0, NonImmediateOops: No
[2,296s][debug][gc,nmethod     ] Register NMethod: jdk.internal.foreign.AbstractMemorySegmentImpl.checkEnclosingLayout (0x000071df3f8c5108) [0x000071df3f8c5200, 0x000071df3f8c8558] Compiler: c1, Barriers: 19, Oops: 1, ImmediateOops: 3, NonImmediateOops: No
[2,297s][debug][gc,nmethod     ] Register NMethod: java.lang.invoke.SegmentVarHandle.checkSegment (0x000071df3f8c8588) [0x000071df3f8c8680, 0x000071df3f8cbf98] Compiler: c1, Barriers: 20, Oops: 1, ImmediateOops: 3, NonImmediateOops: No
[2,297s][debug][gc,nmethod     ] Register NMethod: java.util.Arrays.fill (0x000071df5ec99b88) [0x000071df5ec99c80, 0x000071df5ec99e18] Compiler: jvmci, Barriers: 3, Oops: 0, ImmediateOops: 0, NonImmediateOops: No
[2,297s][debug][gc,nmethod     ] Register NMethod: java.nio.Buffer.session (0x000071df5ec99e88) [0x000071df5ec99f80, 0x000071df5ec9a068] Compiler: jvmci, Barriers: 1, Oops: 0, ImmediateOops: 0, NonImmediateOops: No
[2,297s][debug][gc,nmethod     ] Register NMethod: java.io.UnixFileSystem.resolve (0x000071df5ec9a188) [0x000071df5ec9a380, 0x000071df5ec9b1d0] Compiler: jvmci, Barriers: 6, Oops: 0, ImmediateOops: 2, NonImmediateOops: No
[2,298s][debug][gc,nmethod     ] Register NMethod: java.lang.invoke.MethodHandle.linkToSpecial (0x000071df5ec9b208) [0x000071df5ec9b300, 0x000071df5ec9b3f8] Compiler: , Barriers: 0, Oops: 0, ImmediateOops: 0, NonImmediateOops: No
[2,298s][debug][gc,nmethod     ] Register NMethod: java.lang.invoke.MethodHandle.linkToSpecial (0x000071df5ec9b508) [0x000071df5ec9b600, 0x000071df5ec9b6f8] Compiler: , Barriers: 0, Oops: 0, ImmediateOops: 0, NonImmediateOops: No
[2,298s][debug][gc,nmethod     ] Register NMethod: java.lang.invoke.MethodHandle.invokeBasic (0x000071df5ec9b808) [0x000071df5ec9b900, 0x000071df5ec9bb98] Compiler: , Barriers: 0, Oops: 0, ImmediateOops: 0, NonImmediateOops: No
[2,298s][debug][gc,nmethod     ] Register NMethod: java.lang.invoke.MethodHandle.linkToSpecial (0x000071df5ec9bc08) [0x000071df5ec9bd00, 0x000071df5ec9bdf8] Compiler: , Barriers: 0, Oops: 0, ImmediateOops: 0, NonImmediateOops: No
[2,299s][debug][gc,nmethod     ] Register NMethod: jdk.internal.classfile.impl.RawBytecodeHelper.isWide (0x000071df3f8cc008) [0x000071df3f8cc100, 0x000071df3f8cc258] Compiler: c1, Barriers: 0, Oops: 0, ImmediateOops: 0, NonImmediateOops: No
[2,299s][debug][gc,nmethod     ] Register NMethod: java.lang.invoke.MethodHandle.linkToStatic (0x000071df5ec9bf08) [0x000071df5ec9c000, 0x000071df5ec9c0f0] Compiler: , Barriers: 0, Oops: 0, ImmediateOops: 0, NonImmediateOops: No
[2,299s][debug][gc,nmethod     ] Register NMethod: jdk.internal.classfile.impl.RawBytecodeHelper.getIndex (0x000071df3f8cc308) [0x000071df3f8cc400, 0x000071df3f8ccf00] Compiler: c1, Barriers: 2, Oops: 0, ImmediateOops: 0, NonImmediateOops: No
[2,299s][debug][gc,nmethod     ] Register NMethod: java.lang.invoke.MethodHandle.linkToSpecial (0x000071df5ec9c208) [0x000071df5ec9c300, 0x000071df5ec9c3f8] Compiler: , Barriers: 0, Oops: 0, ImmediateOops: 0, NonImmediateOops: No
[2,299s][debug][gc,nmethod     ] Register NMethod: java.lang.invoke.MethodHandle.linkToSpecial (0x000071df5ec9c508) [0x000071df5ec9c600, 0x000071df5ec9c6f8] Compiler: , Barriers: 0, Oops: 0, ImmediateOops: 0, NonImmediateOops: No
[2,299s][debug][gc,nmethod     ] Register NMethod: java.lang.invoke.MethodHandle.invokeBasic (0x000071df5ec9c808) [0x000071df5ec9c900, 0x000071df5ec9cb98] Compiler: , Barriers: 0, Oops: 0, ImmediateOops: 0, NonImmediateOops: No
[2,299s][debug][gc,nmethod     ] Register NMethod: java.lang.invoke.MethodHandle.linkToSpecial (0x000071df5ec9cc08) [0x000071df5ec9cd00, 0x000071df5ec9cdf8] Compiler: , Barriers: 0, Oops: 0, ImmediateOops: 0, NonImmediateOops: No
[2,300s][debug][gc,nmethod     ] Register NMethod: java.lang.invoke.VarHandleByteArrayAsInts$ArrayHandle.set (0x000071df3f8ccf08) [0x000071df3f8cd000, 0x000071df3f8cd7b0] Compiler: c1, Barriers: 0, Oops: 2, ImmediateOops: 2, NonImmediateOops: No
[2,302s][debug][gc,nmethod     ] Register NMethod: java.lang.invoke.MethodHandle.linkToStatic (0x000071df5ec9cf08) [0x000071df5ec9d000, 0x000071df5ec9d0f0] Compiler: , Barriers: 0, Oops: 0, ImmediateOops: 0, NonImmediateOops: No
[2,302s][debug][gc,nmethod     ] Register NMethod: java.util.Arrays.fill (0x000071df5ec9d208) [0x000071df5ec9d300, 0x000071df5ec9d528] Compiler: jvmci, Barriers: 6, Oops: 0, ImmediateOops: 0, NonImmediateOops: No
[2,302s][debug][gc,nmethod     ] Register NMethod: java.io.File.<init> (0x000071df5ec9d588) [0x000071df5ec9d780, 0x000071df5ec9e468] Compiler: jvmci, Barriers: 15, Oops: 1, ImmediateOops: 4, NonImmediateOops: No
[2,303s][debug][gc,nmethod     ] Register NMethod: java.lang.Thread.isVirtual (0x000071df3f8cd808) [0x000071df3f8cd900, 0x000071df3f8cdc08] Compiler: c1, Barriers: 0, Oops: 0, ImmediateOops: 0, NonImmediateOops: No
[2,303s][debug][gc,nmethod     ] Register NMethod: java.nio.ByteBuffer.<init> (0x000071df3f8cdc88) [0x000071df3f8cdd80, 0x000071df3f8cdfc8] Compiler: c1, Barriers: 3, Oops: 0, ImmediateOops: 0, NonImmediateOops: No
[2,303s][debug][gc,nmethod     ] Register NMethod: jdk.internal.misc.ScopedMemoryAccess.copyMemoryInternal (0x000071df3f8ce008) [0x000071df3f8ce100, 0x000071df3f8ced60] Compiler: c1, Barriers: 4, Oops: 0, ImmediateOops: 5, NonImmediateOops: No
[2,303s][debug][gc,nmethod     ] Register NMethod: jdk.internal.misc.ScopedMemoryAccess.copyMemory (0x000071df3f8ced88) [0x000071df3f8cee80, 0x000071df3f8d01f8] Compiler: c1, Barriers: 5, Oops: 0, ImmediateOops: 5, NonImmediateOops: No
[2,305s][debug][gc,nmethod     ] Register NMethod: sun.nio.fs.UnixPath.getFileSystem (0x000071df3f8d0208) [0x000071df3f8d0300, 0x000071df3f8d0458] Compiler: c1, Barriers: 1, Oops: 0, ImmediateOops: 0, NonImmediateOops: No
[2,306s][debug][gc,nmethod     ] Register NMethod: java.lang.classfile.ClassBuilder.withField (0x000071df3f8d0508) [0x000071df3f8d0600, 0x000071df3f8d1340] Compiler: c1, Barriers: 6, Oops: 0, ImmediateOops: 0, NonImmediateOops: No
[2,306s][debug][gc,nmethod     ] Register NMethod: java.lang.invoke.MethodTypeForm.canonicalize (0x000071df5ec9e488) [0x000071df5ec9e580, 0x000071df5ec9e6b0] Compiler: jvmci, Barriers: 0, Oops: 0, ImmediateOops: 1, NonImmediateOops: No
[2,306s][debug][gc,nmethod     ] Register NMethod: java.lang.classfile.CodeBuilder.getfield (0x000071df3f8d1388) [0x000071df3f8d1480, 0x000071df3f8d1790] Compiler: c1, Barriers: 0, Oops: 0, ImmediateOops: 1, NonImmediateOops: No
[2,307s][debug][gc,nmethod     ] Register NMethod: java.lang.invoke.MethodHandle.linkToStatic (0x000071df5ec9e788) [0x000071df5ec9e880, 0x000071df5ec9e970] Compiler: , Barriers: 0, Oops: 0, ImmediateOops: 0, NonImmediateOops: No
[2,307s][debug][gc,nmethod     ] Register NMethod: org.magicwerk.brownies.collections.GapList.size (0x000071df5ec9ea88) [0x000071df5ec9eb80, 0x000071df5ec9ec40] Compiler: c1, Barriers: 0, Oops: 1, ImmediateOops: 0, NonImmediateOops: No
[2,307s][debug][gc,nmethod     ] Register NMethod: java.lang.String.concat (0x000071df5ec9ed88) [0x000071df5ec9ee80, 0x000071df5ec9f550] Compiler: jvmci, Barriers: 4, Oops: 0, ImmediateOops: 0, NonImmediateOops: No
[2,308s][debug][gc,nmethod     ] Register NMethod: java.lang.invoke.MethodHandle.linkToSpecial (0x000071df5ec9f588) [0x000071df5ec9f680, 0x000071df5ec9f778] Compiler: , Barriers: 0, Oops: 0, ImmediateOops: 0, NonImmediateOops: No
[2,308s][debug][gc,nmethod     ] Register NMethod: java.lang.invoke.MethodHandle.linkToSpecial (0x000071df5ec9f888) [0x000071df5ec9f980, 0x000071df5ec9fa78] Compiler: , Barriers: 0, Oops: 0, ImmediateOops: 0, NonImmediateOops: No
[2,308s][debug][gc,nmethod     ] Register NMethod: java.lang.invoke.MethodHandle.invokeBasic (0x000071df5ec9fb88) [0x000071df5ec9fc80, 0x000071df5ec9ff18] Compiler: , Barriers: 0, Oops: 0, ImmediateOops: 0, NonImmediateOops: No
[2,308s][debug][gc,nmethod     ] Register NMethod: java.lang.invoke.MethodHandle.linkToSpecial (0x000071df5ec9ff88) [0x000071df5eca0080, 0x000071df5eca0178] Compiler: , Barriers: 0, Oops: 0, ImmediateOops: 0, NonImmediateOops: No
[2,309s][debug][gc,nmethod     ] Register NMethod: java.lang.invoke.MethodHandle.linkToSpecial (0x000071df5eca0288) [0x000071df5eca0380, 0x000071df5eca0478] Compiler: , Barriers: 0, Oops: 0, ImmediateOops: 0, NonImmediateOops: No
[2,309s][debug][gc,nmethod     ] Register NMethod: java.lang.invoke.LambdaForm.methodType (0x000071df3f8d1808) [0x000071df3f8d1900, 0x000071df3f8d20f8] Compiler: c1, Barriers: 9, Oops: 0, ImmediateOops: 1, NonImmediateOops: No
[2,309s][debug][gc,nmethod     ] Register NMethod: java.lang.invoke.MethodHandle.linkToSpecial (0x000071df5eca0588) [0x000071df5eca0680, 0x000071df5eca0778] Compiler: , Barriers: 0, Oops: 0, ImmediateOops: 0, NonImmediateOops: No
[2,310s][debug][gc,nmethod     ] Register NMethod: java.lang.invoke.MethodHandle.invokeBasic (0x000071df5eca0888) [0x000071df5eca0980, 0x000071df5eca0c18] Compiler: , Barriers: 0, Oops: 0, ImmediateOops: 0, NonImmediateOops: No
[2,310s][debug][gc,nmethod     ] Register NMethod: java.lang.invoke.MethodHandle.linkToSpecial (0x000071df5eca0c88) [0x000071df5eca0d80, 0x000071df5eca0e78] Compiler: , Barriers: 0, Oops: 0, ImmediateOops: 0, NonImmediateOops: No
[2,311s][debug][gc,nmethod     ] Register NMethod: java.util.Arrays.fill (0x000071df5eca0f88) [0x000071df5eca1080, 0x000071df5eca1318] Compiler: jvmci, Barriers: 3, Oops: 0, ImmediateOops: 0, NonImmediateOops: No
[2,311s][debug][gc,nmethod     ] Register NMethod: java.util.concurrent.ForkJoinPool.slotOffset (0x000071df3f8d2108) [0x000071df3f8d2200, 0x000071df3f8d22f8] Compiler: c1, Barriers: 0, Oops: 0, ImmediateOops: 0, NonImmediateOops: No
[2,311s][debug][gc,nmethod     ] Register NMethod: java.lang.invoke.DirectMethodHandle$Holder.invokeStatic (0x000071df3f8d2408) [0x000071df3f8d2500, 0x000071df3f8d28c8] Compiler: c1, Barriers: 1, Oops: 0, ImmediateOops: 0, NonImmediateOops: No
[2,311s][debug][gc,nmethod     ] Register NMethod: java.lang.invoke.MethodHandleNatives.getCharType (0x000071df3f8d2908) [0x000071df3f8d2a00, 0x000071df3f8d2cf8] Compiler: c1, Barriers: 0, Oops: 0, ImmediateOops: 0, NonImmediateOops: No
[2,312s][debug][gc,nmethod     ] Register NMethod: java.lang.invoke.Invokers$Holder.linkToTargetMethod (0x000071df3f8d2d08) [0x000071df3f8d2e00, 0x000071df3f8d32f8] Compiler: c1, Barriers: 0, Oops: 0, ImmediateOops: 0, NonImmediateOops: No
[2,313s][debug][gc,nmethod     ] Register NMethod: java.lang.System.currentTimeMillis (0x000071df5eca1388) [0x000071df5eca1480, 0x000071df5eca15d8] Compiler: , Barriers: 0, Oops: 0, ImmediateOops: 1, NonImmediateOops: No
[2,313s][debug][gc,nmethod     ] Register NMethod: java.lang.Thread.isInterrupted (0x000071df5eca1688) [0x000071df5eca1780, 0x000071df5eca1840] Compiler: c1, Barriers: 0, Oops: 0, ImmediateOops: 0, NonImmediateOops: No
[2,313s][debug][gc,nmethod     ] Register NMethod: jdk.internal.misc.Unsafe.weakCompareAndSetLong (0x000071df3f8d3308) [0x000071df3f8d3400, 0x000071df3f8d3520] Compiler: c1, Barriers: 0, Oops: 0, ImmediateOops: 0, NonImmediateOops: No
[2,313s][debug][gc,nmethod     ] Register NMethod: jdk.internal.classfile.impl.BufWriterImpl.writeU1 (0x000071df5eca1988) [0x000071df5eca1a80, 0x000071df5eca1ea0] Compiler: jvmci, Barriers: 4, Oops: 0, ImmediateOops: 0, NonImmediateOops: No
[2,313s][debug][gc,nmethod     ] Register NMethod: jdk.internal.misc.Unsafe.toUnsignedLong (0x000071df3f8d3608) [0x000071df3f8d3700, 0x000071df3f8d37f0] Compiler: c1, Barriers: 0, Oops: 0, ImmediateOops: 0, NonImmediateOops: No
[2,314s][debug][gc,nmethod     ] Register NMethod: java.lang.invoke.TypeConvertingMethodAdapter.classDesc (0x000071df3f8d3908) [0x000071df3f8d3a00, 0x000071df3f8d4ba8] Compiler: c1, Barriers: 3, Oops: 1, ImmediateOops: 6, NonImmediateOops: No
[2,314s][debug][gc,nmethod     ] Register NMethod: jdk.internal.classfile.impl.Util.paramSlotSize (0x000071df3f8d4c08) [0x000071df3f8d4d00, 0x000071df3f8d4f30] Compiler: c1, Barriers: 0, Oops: 0, ImmediateOops: 2, NonImmediateOops: No
[2,314s][debug][gc,nmethod     ] Register NMethod: java.lang.invoke.MethodHandle.linkToSpecial (0x000071df5eca1f08) [0x000071df5eca2000, 0x000071df5eca20f8] Compiler: , Barriers: 0, Oops: 0, ImmediateOops: 0, NonImmediateOops: No
[2,314s][debug][gc,nmethod     ] Register NMethod: java.lang.invoke.MethodHandle.invokeBasic (0x000071df5eca2208) [0x000071df5eca2300, 0x000071df5eca2598] Compiler: , Barriers: 0, Oops: 0, ImmediateOops: 0, NonImmediateOops: No
[2,314s][debug][gc,nmethod     ] Register NMethod: java.lang.invoke.MethodHandle.linkToSpecial (0x000071df5eca2608) [0x000071df5eca2700, 0x000071df5eca27f8] Compiler: , Barriers: 0, Oops: 0, ImmediateOops: 0, NonImmediateOops: No
[2,315s][debug][gc,nmethod     ] Register NMethod: java.lang.invoke.MethodHandle.invokeBasic (0x000071df5eca2908) [0x000071df5eca2a00, 0x000071df5eca2c98] Compiler: , Barriers: 0, Oops: 0, ImmediateOops: 0, NonImmediateOops: No
[2,315s][debug][gc,nmethod     ] Register NMethod: jdk.internal.constant.ArrayClassDescImpl.descriptorString (0x000071df3f8d4f88) [0x000071df3f8d5080, 0x000071df3f8d7b60] Compiler: c1, Barriers: 11, Oops: 0, ImmediateOops: 5, NonImmediateOops: No
[2,315s][debug][gc,nmethod     ] Register NMethod: java.util.concurrent.ConcurrentHashMap.putIfAbsent (0x000071df3f8d7b88) [0x000071df3f8d7c80, 0x000071df3f8d7f80] Compiler: c1, Barriers: 0, Oops: 0, ImmediateOops: 0, NonImmediateOops: No
[2,315s][debug][gc,nmethod     ] Register NMethod: jdk.internal.misc.Unsafe.weakCompareAndSetInt (0x000071df3f8d7f88) [0x000071df3f8d8080, 0x000071df3f8d8198] Compiler: c1, Barriers: 0, Oops: 0, ImmediateOops: 0, NonImmediateOops: No
[2,316s][debug][gc,nmethod     ] Register NMethod: java.lang.invoke.MethodHandle.invokeBasic (0x000071df5eca2d08) [0x000071df5eca2e00, 0x000071df5eca3098] Compiler: , Barriers: 0, Oops: 0, ImmediateOops: 0, NonImmediateOops: No
[2,316s][debug][gc,nmethod     ] Register NMethod: java.lang.invoke.MethodHandle.linkToSpecial (0x000071df5eca3108) [0x000071df5eca3200, 0x000071df5eca32f8] Compiler: , Barriers: 0, Oops: 0, ImmediateOops: 0, NonImmediateOops: No
[2,316s][debug][gc,nmethod     ] Register NMethod: io.sirix.page.KeyValueLeafPage.isSlotSet (0x000071df5eca3408) [0x000071df5eca3500, 0x000071df5eca3618] Compiler: jvmci, Barriers: 1, Oops: 1, ImmediateOops: 0, NonImmediateOops: No
[2,317s][debug][gc,nmethod     ] Register NMethod: java.nio.MappedByteBuffer.position (0x000071df3f8d8288) [0x000071df3f8d8380, 0x000071df3f8d8520] Compiler: c1, Barriers: 0, Oops: 0, ImmediateOops: 0, NonImmediateOops: No
[2,317s][debug][gc,nmethod     ] Register NMethod: java.nio.Buffer.session (0x000071df3f8d8588) [0x000071df3f8d8680, 0x000071df3f8d8c20] Compiler: c1, Barriers: 2, Oops: 0, ImmediateOops: 0, NonImmediateOops: No
[2,317s][debug][gc,nmethod     ] Register NMethod: java.nio.ByteBuffer.limit (0x000071df3f8d8c88) [0x000071df3f8d8d80, 0x000071df3f8d9080] Compiler: c1, Barriers: 0, Oops: 0, ImmediateOops: 0, NonImmediateOops: No
[2,318s][debug][gc,nmethod     ] Register NMethod: jdk.internal.misc.Unsafe.getAndAddLong (0x000071df3f8d9088) [0x000071df3f8d9180, 0x000071df3f8d9570] Compiler: c1, Barriers: 0, Oops: 0, ImmediateOops: 0, NonImmediateOops: No
[2,318s][debug][gc,nmethod     ] Register NMethod: java.lang.StringBuilder.append (0x000071df5eca3708) [0x000071df5eca3800, 0x000071df5eca4040] Compiler: jvmci, Barriers: 4, Oops: 0, ImmediateOops: 0, NonImmediateOops: No
[2,318s][debug][gc,nmethod     ] Register NMethod: jdk.internal.util.Architecture.isLittleEndian (0x000071df5eca4088) [0x000071df5eca4180, 0x000071df5eca4220] Compiler: c1, Barriers: 0, Oops: 0, ImmediateOops: 0, NonImmediateOops: No
[2,318s][debug][gc,nmethod     ] Register NMethod: jdk.internal.misc.ScopedMemoryAccess.getIntUnalignedInternal (0x000071df3f8d9588) [0x000071df3f8d9680, 0x000071df3f8d9df8] Compiler: c1, Barriers: 2, Oops: 0, ImmediateOops: 3, NonImmediateOops: No
[2,318s][debug][gc,nmethod     ] Register NMethod: jdk.internal.misc.ScopedMemoryAccess.getIntUnaligned (0x000071df3f8d9e08) [0x000071df3f8d9f00, 0x000071df3f8dad68] Compiler: c1, Barriers: 3, Oops: 0, ImmediateOops: 3, NonImmediateOops: No
[2,319s][debug][gc,nmethod     ] Register NMethod: java.lang.invoke.MethodHandle.invokeBasic (0x000071df5eca4388) [0x000071df5eca4480, 0x000071df5eca4718] Compiler: , Barriers: 0, Oops: 0, ImmediateOops: 0, NonImmediateOops: No
[2,319s][debug][gc,nmethod     ] Register NMethod: io.sirix.page.KeyValueLeafPage.alignOffset (0x000071df3f8dad88) [0x000071df3f8dae80, 0x000071df3f8daf68] Compiler: c1, Barriers: 0, Oops: 1, ImmediateOops: 0, NonImmediateOops: No
[2,319s][debug][gc,nmethod     ] Register NMethod: java.util.BitSet.<init> (0x000071df3f8db088) [0x000071df3f8db180, 0x000071df3f8dc0c8] Compiler: c1, Barriers: 3, Oops: 1, ImmediateOops: 2, NonImmediateOops: No
[2,319s][debug][gc,nmethod     ] Register NMethod: ch.qos.logback.classic.spi.LoggingEvent.getLevel (0x000071df5eca4788) [0x000071df5eca4880, 0x000071df5eca4968] Compiler: c1, Barriers: 1, Oops: 1, ImmediateOops: 0, NonImmediateOops: No
[2,319s][debug][gc,nmethod     ] Register NMethod: java.lang.invoke.VarHandleGuards.guard_LJ_I (0x000071df3f8dc108) [0x000071df3f8dc200, 0x000071df3f8df0c0] Compiler: c1, Barriers: 28, Oops: 0, ImmediateOops: 2, NonImmediateOops: No
[2,319s][debug][gc,nmethod     ] Register NMethod: io.sirix.page.KeyValueLeafPage.getDeweyId (0x000071df3f8df108) [0x000071df3f8df200, 0x000071df3f8e49c8] Compiler: c1, Barriers: 21, Oops: 7, ImmediateOops: 12, NonImmediateOops: No
[2,320s][debug][gc,nmethod     ] Register NMethod: io.sirix.page.PageReference.setPage (0x000071df5eca4a88) [0x000071df5eca4b80, 0x000071df5eca4cb0] Compiler: c1, Barriers: 3, Oops: 1, ImmediateOops: 0, NonImmediateOops: No
[2,320s][debug][gc,nmethod     ] Register NMethod: java.nio.Buffer.nextGetIndex (0x000071df3f8e4a08) [0x000071df3f8e4b00, 0x000071df3f8e4cc0] Compiler: c1, Barriers: 0, Oops: 0, ImmediateOops: 0, NonImmediateOops: No
[2,320s][debug][gc,nmethod     ] Register NMethod: java.nio.HeapByteBuffer.get (0x000071df3f8e4d08) [0x000071df3f8e4e00, 0x000071df3f8e52b8] Compiler: c1, Barriers: 1, Oops: 0, ImmediateOops: 0, NonImmediateOops: No
[2,320s][debug][gc,nmethod     ] Register NMethod: jdk.internal.foreign.Utils.checkElementAlignment (0x000071df3f8e5308) [0x000071df3f8e5400, 0x000071df3f8e5aa8] Compiler: c1, Barriers: 0, Oops: 0, ImmediateOops: 0, NonImmediateOops: No
[2,320s][debug][gc,nmethod     ] Register NMethod: io.sirix.access.trx.page.NodePageReadOnlyTrx.assertNotClosed (0x000071df3f8e5b08) [0x000071df3f8e5c00, 0x000071df3f8e5e18] Compiler: c1, Barriers: 0, Oops: 1, ImmediateOops: 1, NonImmediateOops: No
[2,320s][debug][gc,nmethod     ] Register NMethod: java.util.Objects.checkIndex (0x000071df5eca4d88) [0x000071df5eca4e80, 0x000071df5eca4f20] Compiler: jvmci, Barriers: 0, Oops: 0, ImmediateOops: 0, NonImmediateOops: No
[2,321s][debug][gc,nmethod     ] Register NMethod: jdk.internal.misc.ScopedMemoryAccess.getScopedMemoryAccess (0x000071df3f8e5e88) [0x000071df3f8e5f80, 0x000071df3f8e6068] Compiler: c1, Barriers: 0, Oops: 0, ImmediateOops: 1, NonImmediateOops: No
[2,321s][debug][gc,nmethod     ] Register NMethod: jdk.internal.misc.Unsafe.putShort (0x000071df5eca5088) [0x000071df5eca5180, 0x000071df5eca52d8] Compiler: , Barriers: 0, Oops: 0, ImmediateOops: 0, NonImmediateOops: No
[2,321s][debug][gc,nmethod     ] Register NMethod: java.lang.ThreadLocal$ThreadLocalMap.set (0x000071df3f8e6188) [0x000071df3f8e6280, 0x000071df3f8e7700] Compiler: c1, Barriers: 12, Oops: 0, ImmediateOops: 0, NonImmediateOops: No
[2,321s][debug][gc,nmethod     ] Register NMethod: jdk.internal.misc.Unsafe.putLongUnaligned (0x000071df3f8e7708) [0x000071df3f8e7800, 0x000071df3f8e7c38] Compiler: c1, Barriers: 0, Oops: 0, ImmediateOops: 0, NonImmediateOops: No
[2,321s][debug][gc,nmethod     ] Register NMethod: jdk.internal.misc.Unsafe.convEndian (0x000071df3f8e7c88) [0x000071df3f8e7d80, 0x000071df3f8e7ed8] Compiler: c1, Barriers: 0, Oops: 0, ImmediateOops: 0, NonImmediateOops: No
[2,321s][debug][gc,nmethod     ] Register NMethod: java.lang.ThreadLocal.get (0x000071df3f8e7f88) [0x000071df3f8e8080, 0x000071df3f8e8200] Compiler: c1, Barriers: 1, Oops: 0, ImmediateOops: 0, NonImmediateOops: No
[2,321s][debug][gc,nmethod     ] Register NMethod: java.lang.ThreadLocal.set (0x000071df3f8e8288) [0x000071df3f8e8380, 0x000071df3f8e8948] Compiler: c1, Barriers: 0, Oops: 0, ImmediateOops: 0, NonImmediateOops: No
[2,321s][debug][gc,nmethod     ] Register NMethod: java.lang.ThreadLocal.set (0x000071df3f8e8988) [0x000071df3f8e8a80, 0x000071df3f8e90e8] Compiler: c1, Barriers: 1, Oops: 0, ImmediateOops: 0, NonImmediateOops: No
[2,322s][debug][gc,nmethod     ] Register NMethod: java.util.BitSet.expandTo (0x000071df5eca5388) [0x000071df5eca5480, 0x000071df5eca55a0] Compiler: jvmci, Barriers: 1, Oops: 0, ImmediateOops: 0, NonImmediateOops: No
[2,322s][debug][gc,nmethod     ] Register NMethod: java.util.Arrays.fill (0x000071df5eca5688) [0x000071df5eca5780, 0x000071df5eca5978] Compiler: jvmci, Barriers: 0, Oops: 0, ImmediateOops: 0, NonImmediateOops: No
[2,323s][debug][gc,nmethod     ] Register NMethod: io.sirix.settings.Fixed.getStandardProperty (0x000071df5eca5988) [0x000071df5eca5a80, 0x000071df5eca5b40] Compiler: c1, Barriers: 0, Oops: 1, ImmediateOops: 0, NonImmediateOops: No
[2,326s][debug][gc,nmethod     ] Register NMethod: io.sirix.page.KeyValueLeafPage.getSlot (0x000071df5eca5c88) [0x000071df5eca5d80, 0x000071df5eca6420] Compiler: jvmci, Barriers: 9, Oops: 4, ImmediateOops: 0, NonImmediateOops: No
[2,327s][debug][gc,nmethod     ] Register NMethod: java.lang.invoke.MethodHandle.linkToSpecial (0x000071df5eca6488) [0x000071df5eca6580, 0x000071df5eca6678] Compiler: , Barriers: 0, Oops: 0, ImmediateOops: 0, NonImmediateOops: No
[2,328s][debug][gc,nmethod     ] Register NMethod: io.sirix.page.RevisionRootPage.delegate (0x000071df5eca6788) [0x000071df5eca6880, 0x000071df5eca6968] Compiler: c1, Barriers: 1, Oops: 1, ImmediateOops: 0, NonImmediateOops: No
[2,328s][debug][gc,nmethod     ] Register NMethod: java.lang.invoke.MethodHandle.linkToSpecial (0x000071df5eca6a88) [0x000071df5eca6b80, 0x000071df5eca6c78] Compiler: , Barriers: 0, Oops: 0, ImmediateOops: 0, NonImmediateOops: No
[2,328s][debug][gc,nmethod     ] Register NMethod: java.util.BitSet.recalculateWordsInUse (0x000071df3f8e9108) [0x000071df3f8e9200, 0x000071df3f8e9440] Compiler: c1, Barriers: 1, Oops: 0, ImmediateOops: 0, NonImmediateOops: No
[2,328s][debug][gc,nmethod     ] Register NMethod: java.lang.invoke.MethodHandle.invokeBasic (0x000071df5eca6d88) [0x000071df5eca6e80, 0x000071df5eca7118] Compiler: , Barriers: 0, Oops: 0, ImmediateOops: 0, NonImmediateOops: No
[2,328s][debug][gc,nmethod     ] Register NMethod: java.lang.invoke.MethodHandle.linkToSpecial (0x000071df5eca7188) [0x000071df5eca7280, 0x000071df5eca7378] Compiler: , Barriers: 0, Oops: 0, ImmediateOops: 0, NonImmediateOops: No
[2,329s][debug][gc,nmethod     ] Register NMethod: jdk.internal.misc.ScopedMemoryAccess.getByte (0x000071df5eca7488) [0x000071df5eca7580, 0x000071df5eca7708] Compiler: jvmci, Barriers: 2, Oops: 0, ImmediateOops: 0, NonImmediateOops: No
[2,329s][debug][gc,nmethod     ] Register NMethod: java.lang.invoke.LambdaForm.compileToBytecode (0x000071df3f8e9488) [0x000071df3f8e9580, 0x000071df3f8e9f60] Compiler: c1, Barriers: 9, Oops: 1, ImmediateOops: 4, NonImmediateOops: No
[2,329s][debug][gc,nmethod     ] Register NMethod: java.lang.invoke.BootstrapMethodInvoker.widenAndCast (0x000071df3f8e9f88) [0x000071df3f8ea080, 0x000071df3f8eb7b0] Compiler: c1, Barriers: 0, Oops: 0, ImmediateOops: 0, NonImmediateOops: No
[2,329s][debug][gc,nmethod     ] Register NMethod: java.util.Optional.of (0x000071df3f8eb808) [0x000071df3f8eb900, 0x000071df3f8ebca8] Compiler: c1, Barriers: 3, Oops: 0, ImmediateOops: 0, NonImmediateOops: No
[2,329s][debug][gc,nmethod     ] Register NMethod: jdk.internal.foreign.layout.AbstractGroupLayout.memberLayouts (0x000071df5eca7788) [0x000071df5eca7880, 0x000071df5eca7968] Compiler: c1, Barriers: 1, Oops: 0, ImmediateOops: 0, NonImmediateOops: No
[2,329s][debug][gc,nmethod     ] Register NMethod: jdk.internal.foreign.layout.AbstractLayout.name (0x000071df5eca7a88) [0x000071df5eca7b80, 0x000071df5eca7c68] Compiler: c1, Barriers: 1, Oops: 0, ImmediateOops: 0, NonImmediateOops: No
[2,331s][debug][gc,nmethod     ] Register NMethod: java.util.Arrays.fill (0x000071df5eca7d88) [0x000071df5eca7e80, 0x000071df5eca8030] Compiler: jvmci, Barriers: 0, Oops: 0, ImmediateOops: 0, NonImmediateOops: No
[2,334s][debug][gc,nmethod     ] Register NMethod: io.sirix.page.RevisionRootPage.getRevision (0x000071df5eca8088) [0x000071df5eca8180, 0x000071df5eca8240] Compiler: c1, Barriers: 0, Oops: 1, ImmediateOops: 0, NonImmediateOops: No
[2,334s][debug][gc,nmethod     ] Register NMethod: java.lang.Record.<init> (0x000071df5eca8388) [0x000071df5eca8480, 0x000071df5eca8500] Compiler: jvmci, Barriers: 0, Oops: 0, ImmediateOops: 0, NonImmediateOops: No
[2,335s][debug][gc,nmethod     ] Register NMethod: io.sirix.page.KeyValueLeafPage.getDeweyId (0x000071df5eca8688) [0x000071df5eca8780, 0x000071df5eca88b8] Compiler: jvmci, Barriers: 1, Oops: 1, ImmediateOops: 0, NonImmediateOops: No
[2,336s][debug][gc,nmethod     ] Register NMethod: io.sirix.page.PageReference.getPage (0x000071df5eca8988) [0x000071df5eca8a80, 0x000071df5eca8b68] Compiler: c1, Barriers: 1, Oops: 1, ImmediateOops: 0, NonImmediateOops: No
[2,336s][debug][gc,nmethod     ] Register NMethod: jdk.internal.loader.URLClassPath.getResource (0x000071df5eca8c88) [0x000071df5eca8d80, 0x000071df5ecac6b0] Compiler: jvmci, Barriers: 50, Oops: 3, ImmediateOops: 11, NonImmediateOops: No
[2,337s][debug][gc,nmethod     ] Register NMethod: io.sirix.page.KeyValueLeafPage.isClosed (0x000071df5ecac708) [0x000071df5ecac800, 0x000071df5ecac8c0] Compiler: c1, Barriers: 0, Oops: 1, ImmediateOops: 0, NonImmediateOops: No
[2,337s][debug][gc,nmethod     ] Register NMethod: java.util.BitSet.wordIndex (0x000071df5ecaca08) [0x000071df5ecacb00, 0x000071df5ecacb68] Compiler: jvmci, Barriers: 0, Oops: 0, ImmediateOops: 0, NonImmediateOops: No
[2,338s][debug][gc,nmethod     ] Register NMethod: java.util.Spliterators$ArraySpliterator.characteristics (0x000071df5ecacd08) [0x000071df5ecace00, 0x000071df5ecacec0] Compiler: c1, Barriers: 0, Oops: 0, ImmediateOops: 0, NonImmediateOops: No
[2,338s][debug][gc,nmethod     ] Register NMethod: java.util.Spliterator.getExactSizeIfKnown (0x000071df3f8ebd08) [0x000071df3f8ebe00, 0x000071df3f8ec350] Compiler: c1, Barriers: 0, Oops: 0, ImmediateOops: 0, NonImmediateOops: No
[2,339s][debug][gc,nmethod     ] Register NMethod: java.lang.StringCoding.hasNegatives (0x000071df3f8ec388) [0x000071df3f8ec480, 0x000071df3f8ec5e8] Compiler: c1, Barriers: 0, Oops: 0, ImmediateOops: 0, NonImmediateOops: No
[2,339s][debug][gc,nmethod     ] Register NMethod: jdk.internal.misc.Unsafe.getBooleanVolatile (0x000071df5ecad008) [0x000071df5ecad100, 0x000071df5ecad270] Compiler: , Barriers: 0, Oops: 0, ImmediateOops: 0, NonImmediateOops: No
[2,339s][debug][gc,nmethod     ] Register NMethod: jdk.internal.misc.ScopedMemoryAccess.putIntUnalignedInternal (0x000071df3f8ec688) [0x000071df3f8ec780, 0x000071df3f8ecf08] Compiler: c1, Barriers: 2, Oops: 0, ImmediateOops: 3, NonImmediateOops: No
[2,339s][debug][gc,nmethod     ] Register NMethod: jdk.internal.misc.ScopedMemoryAccess.putIntUnaligned (0x000071df3f8ecf88) [0x000071df3f8ed080, 0x000071df3f8edf08] Compiler: c1, Barriers: 3, Oops: 0, ImmediateOops: 3, NonImmediateOops: No
[2,339s][debug][gc,nmethod     ] Register NMethod: jdk.internal.misc.Unsafe.getLongUnaligned (0x000071df3f8edf88) [0x000071df3f8ee080, 0x000071df3f8ee260] Compiler: c1, Barriers: 0, Oops: 0, ImmediateOops: 0, NonImmediateOops: No
[2,339s][debug][gc,nmethod     ] Register NMethod: jdk.internal.misc.Unsafe.pick (0x000071df3f8ee288) [0x000071df3f8ee380, 0x000071df3f8ee470] Compiler: c1, Barriers: 0, Oops: 0, ImmediateOops: 0, NonImmediateOops: No
[2,339s][debug][gc,nmethod     ] Register NMethod: io.sirix.cache.PageContainer.getModified (0x000071df5ecad308) [0x000071df5ecad400, 0x000071df5ecad4e8] Compiler: c1, Barriers: 1, Oops: 1, ImmediateOops: 0, NonImmediateOops: No
[2,339s][debug][gc,nmethod     ] Register NMethod: jdk.internal.misc.ScopedMemoryAccess.getLongUnalignedInternal (0x000071df3f8ee588) [0x000071df3f8ee680, 0x000071df3f8eedf8] Compiler: c1, Barriers: 2, Oops: 0, ImmediateOops: 3, NonImmediateOops: No
[2,339s][debug][gc,nmethod     ] Register NMethod: jdk.internal.misc.ScopedMemoryAccess.getLongUnaligned (0x000071df3f8eee08) [0x000071df3f8eef00, 0x000071df3f8efd68] Compiler: c1, Barriers: 3, Oops: 0, ImmediateOops: 3, NonImmediateOops: No
[2,339s][debug][gc,nmethod     ] Register NMethod: io.sirix.node.delegates.NodeDelegate.getNodeKey (0x000071df5ecad608) [0x000071df5ecad700, 0x000071df5ecad7c0] Compiler: c1, Barriers: 0, Oops: 1, ImmediateOops: 0, NonImmediateOops: No
[2,340s][debug][gc,nmethod     ] Register NMethod: jdk.internal.misc.Unsafe.putLongUnaligned (0x000071df3f8efd88) [0x000071df3f8efe80, 0x000071df3f8f0088] Compiler: c1, Barriers: 0, Oops: 0, ImmediateOops: 0, NonImmediateOops: No
[2,340s][debug][gc,nmethod     ] Register NMethod: java.lang.Module.implIsExportedOrOpen (0x000071df3f8f0108) [0x000071df3f8f0200, 0x000071df3f8f14a0] Compiler: c1, Barriers: 5, Oops: 0, ImmediateOops: 0, NonImmediateOops: No
[2,340s][debug][gc,nmethod     ] Register NMethod: jdk.internal.misc.ScopedMemoryAccess.putLongUnaligned (0x000071df3f8f1508) [0x000071df3f8f1600, 0x000071df3f8f2488] Compiler: c1, Barriers: 3, Oops: 0, ImmediateOops: 3, NonImmediateOops: No
[2,340s][debug][gc,nmethod     ] Register NMethod: jdk.internal.misc.ScopedMemoryAccess.putLongUnalignedInternal (0x000071df3f8f2508) [0x000071df3f8f2600, 0x000071df3f8f2d88] Compiler: c1, Barriers: 2, Oops: 0, ImmediateOops: 3, NonImmediateOops: No
[2,340s][debug][gc,nmethod     ] Register NMethod: io.sirix.cache.PageContainer.getComplete (0x000071df5ecad908) [0x000071df5ecada00, 0x000071df5ecadae8] Compiler: c1, Barriers: 1, Oops: 1, ImmediateOops: 0, NonImmediateOops: No
[2,340s][debug][gc,nmethod     ] Register NMethod: io.sirix.access.trx.node.AbstractNodeReadOnlyTrx.getCurrentNode (0x000071df5ecadc08) [0x000071df5ecadd00, 0x000071df5ecadde8] Compiler: c1, Barriers: 1, Oops: 1, ImmediateOops: 0, NonImmediateOops: No
[2,340s][debug][gc,nmethod     ] Register NMethod: io.sirix.access.trx.node.AbstractNodeReadOnlyTrx.assertNotClosed (0x000071df3f8f2e08) [0x000071df3f8f2f00, 0x000071df3f8f3108] Compiler: c1, Barriers: 0, Oops: 1, ImmediateOops: 1, NonImmediateOops: No
[2,340s][debug][gc,nmethod     ] Register NMethod: sun.misc.Unsafe.beforeMemoryAccess (0x000071df3f8f3188) [0x000071df3f8f3280, 0x000071df3f8f3488] Compiler: c1, Barriers: 0, Oops: 0, ImmediateOops: 1, NonImmediateOops: No
[2,340s][debug][gc,nmethod     ] Register NMethod: sun.misc.Unsafe.isMemoryAccessWarned (0x000071df3f8f3508) [0x000071df3f8f3600, 0x000071df3f8f3700] Compiler: c1, Barriers: 0, Oops: 0, ImmediateOops: 1, NonImmediateOops: No
[2,340s][debug][gc,nmethod     ] Register NMethod: java.lang.invoke.MethodHandle.invokeBasic (0x000071df5ecadf08) [0x000071df5ecae000, 0x000071df5ecae298] Compiler: , Barriers: 0, Oops: 0, ImmediateOops: 0, NonImmediateOops: No
[2,340s][debug][gc,nmethod     ] Register NMethod: io.sirix.access.trx.page.NodePageTrx.delegate (0x000071df5ecae308) [0x000071df5ecae400, 0x000071df5ecae4e8] Compiler: c1, Barriers: 1, Oops: 1, ImmediateOops: 0, NonImmediateOops: No
[2,340s][debug][gc,nmethod     ] Register NMethod: java.util.stream.Sink$ChainedReference.end (0x000071df3f8f3808) [0x000071df3f8f3900, 0x000071df3f8f3c40] Compiler: c1, Barriers: 1, Oops: 0, ImmediateOops: 0, NonImmediateOops: No
[2,341s][debug][gc,nmethod     ] Register NMethod: jdk.internal.misc.Unsafe.getReference (0x000071df5ecae608) [0x000071df5ecae700, 0x000071df5ecaea30] Compiler: , Barriers: 0, Oops: 0, ImmediateOops: 0, NonImmediateOops: No
[2,341s][debug][gc,nmethod     ] Register NMethod: java.lang.invoke.VarHandleGuards.guard_LJ_J (0x000071df3f8f3c88) [0x000071df3f8f3d80, 0x000071df3f8f6c40] Compiler: c1, Barriers: 28, Oops: 0, ImmediateOops: 2, NonImmediateOops: No
[2,341s][debug][gc,nmethod     ] Register NMethod: jdk.internal.ref.CleanerFactory.cleaner (0x000071df5ecaea88) [0x000071df5ecaeb80, 0x000071df5ecaebf0] Compiler: jvmci, Barriers: 0, Oops: 0, ImmediateOops: 1, NonImmediateOops: No
[2,341s][debug][gc,nmethod     ] Register NMethod: java.lang.invoke.VarHandleSegmentAsLongs.get (0x000071df3f8f6c88) [0x000071df3f8f6d80, 0x000071df3f8fc220] Compiler: c1, Barriers: 24, Oops: 2, ImmediateOops: 6, NonImmediateOops: No
[2,342s][debug][gc,nmethod     ] Register NMethod: java.lang.invoke.VarHandleSegmentAsLongs.get (0x000071df3f8fc288) [0x000071df3f8fc380, 0x000071df3f9015a8] Compiler: c1, Barriers: 24, Oops: 2, ImmediateOops: 6, NonImmediateOops: No
[2,342s][debug][gc,nmethod     ] Register NMethod: java.lang.invoke.VarHandleSegmentAsInts.set (0x000071df3f901608) [0x000071df3f901700, 0x000071df3f906cd0] Compiler: c1, Barriers: 24, Oops: 2, ImmediateOops: 7, NonImmediateOops: No
[2,342s][debug][gc,nmethod     ] Register NMethod: jdk.internal.foreign.AbstractMemorySegmentImpl.set (0x000071df3f906d08) [0x000071df3f906e00, 0x000071df3f90c380] Compiler: c1, Barriers: 42, Oops: 6, ImmediateOops: 18, NonImmediateOops: No
[2,342s][debug][gc,nmethod     ] Register NMethod: jdk.internal.foreign.Utils$BaseAndScale$$TypeSwitch/0x00000000ae1e73d0.typeSwitch (0x000071df3f90c408) [0x000071df3f90c500, 0x000071df3f90d828] Compiler: c1, Barriers: 0, Oops: 0, ImmediateOops: 0, NonImmediateOops: No
[2,342s][debug][gc,nmethod     ] Register NMethod: java.lang.Class.componentType (0x000071df3f90d888) [0x000071df3f90d980, 0x000071df3f90dc80] Compiler: c1, Barriers: 1, Oops: 0, ImmediateOops: 0, NonImmediateOops: No
[2,342s][debug][gc,nmethod     ] Register NMethod: jdk.internal.misc.Unsafe.allocateMemory0 (0x000071df5ecaed88) [0x000071df5ecaee80, 0x000071df5ecaefd8] Compiler: , Barriers: 0, Oops: 0, ImmediateOops: 0, NonImmediateOops: No
[2,342s][debug][gc,nmethod     ] Register NMethod: jdk.internal.misc.ScopedMemoryAccess.putByteInternal (0x000071df3f90dc88) [0x000071df3f90dd80, 0x000071df3f90e2f8] Compiler: c1, Barriers: 2, Oops: 0, ImmediateOops: 2, NonImmediateOops: No
[2,342s][debug][gc,nmethod     ] Register NMethod: jdk.internal.misc.ScopedMemoryAccess.putByte (0x000071df3f90e308) [0x000071df3f90e400, 0x000071df3f90f078] Compiler: c1, Barriers: 3, Oops: 0, ImmediateOops: 2, NonImmediateOops: No
[2,343s][debug][gc,nmethod     ] Register NMethod: jdk.internal.foreign.Utils$BaseAndScale.of (0x000071df3f90f088) [0x000071df3f90f180, 0x000071df3f910798] Compiler: c1, Barriers: 1, Oops: 2, ImmediateOops: 10, NonImmediateOops: No
[2,343s][debug][gc,nmethod     ] Register NMethod: io.sirix.node.MemorySegmentBytesOut.writeInt (0x000071df3f910808) [0x000071df3f910900, 0x000071df3f910a98] Compiler: c1, Barriers: 1, Oops: 1, ImmediateOops: 0, NonImmediateOops: No
[2,343s][debug][gc,nmethod     ] Register NMethod: java.lang.invoke.VarHandleSegmentAsInts.set (0x000071df3f910b08) [0x000071df3f910c00, 0x000071df3f915f58] Compiler: c1, Barriers: 24, Oops: 2, ImmediateOops: 7, NonImmediateOops: No
[2,343s][debug][gc,nmethod     ] Register NMethod: java.lang.invoke.VarHandleSegmentAsInts.get (0x000071df3f915f88) [0x000071df3f916080, 0x000071df3f91b520] Compiler: c1, Barriers: 24, Oops: 2, ImmediateOops: 6, NonImmediateOops: No
[2,343s][debug][gc,nmethod     ] Register NMethod: jdk.internal.foreign.AbstractMemorySegmentImpl.get (0x000071df3f91b588) [0x000071df3f91b680, 0x000071df3f91efb0] Compiler: c1, Barriers: 27, Oops: 5, ImmediateOops: 12, NonImmediateOops: No
[2,344s][debug][gc,nmethod     ] Register NMethod: io.sirix.node.MemorySegmentBytesOut.writeByte (0x000071df3f91f008) [0x000071df3f91f100, 0x000071df3f91f298] Compiler: c1, Barriers: 1, Oops: 1, ImmediateOops: 0, NonImmediateOops: No
[2,344s][debug][gc,nmethod     ] Register NMethod: java.lang.invoke.VarHandleSegmentAsInts.get (0x000071df3f91f308) [0x000071df3f91f400, 0x000071df3f924628] Compiler: c1, Barriers: 24, Oops: 2, ImmediateOops: 6, NonImmediateOops: No
[2,344s][debug][gc,remset      ] GC(0) Y: Remset forwarding retained: 0,000ms count: 0 ZWorkerYoung#1
[2,344s][debug][gc,remset      ] GC(0) Y: Remset forwarding released: 0,000ms count: 0 ZWorkerYoung#1
[2,344s][debug][gc,marking     ] GC(0) Y: Try terminate after resurrection
[2,344s][debug][gc,phases      ] GC(0) Y: Concurrent Mark Follow 208,824ms
[2,344s][info ][gc,phases      ] GC(0) Y: Concurrent Mark 212,332ms
[2,344s][debug][gc,reloc       ] Synchronize all workers 1 _nworkers: 0 _nsynchronized: 0
[2,344s][debug][gc,reloc       ] Synchronize all workers 1 _nworkers: 0 _nsynchronized: 0
[2,344s][debug][gc,phases,start] GC(0) Y: Pause Mark End
[2,344s][info ][gc,phases      ] GC(0) Y: Pause Mark End 0,016ms
[2,344s][debug][gc,reloc       ] Desynchronize all workers _nworkers: 0 _nsynchronized: 0
[2,344s][debug][gc,reloc       ] Desynchronize all workers _nworkers: 0 _nsynchronized: 0
[2,344s][debug][gc,phases,start] GC(0) Y: Concurrent Mark Free
[2,344s][info ][gc,phases      ] GC(0) Y: Concurrent Mark Free 0,010ms
[2,344s][debug][gc,phases,start] GC(0) Y: Concurrent Reset Relocation Set
[2,344s][info ][gc,phases      ] GC(0) Y: Concurrent Reset Relocation Set 0,008ms
[2,344s][debug][gc,phases,start] GC(0) Y: Concurrent Select Relocation Set
[2,344s][debug][gc,reloc       ] GC(0) Y: Relocation Set (Medium Pages): 0->0, 1 skipped, 0 forwarding entries
[2,344s][debug][gc,reloc       ] GC(0) Y: Relocation Set (Small Pages): 26->4, 1 skipped, 346160 forwarding entries
[2,344s][debug][gc,reloc       ] GC(0) Y: Allocated To Garbage: 41943040,0
[2,344s][debug][gc,reloc       ] GC(0) Y: Young Log Residency: 1,5
[2,344s][debug][gc,reloc       ] GC(0) Y: Life Decay Factor: 1,0
[2,344s][info ][gc,reloc       ] GC(0) Y: Using tenuring threshold: 1 (Computed)
[2,344s][debug][gc,task        ] GC(0) Y: Executing ZRelocationSetInstallTask using ZWorkerYoung with 1 workers
[2,344s][debug][gc,nmethod     ] Register NMethod: io.sirix.node.GrowingMemorySegment.writeInt (0x000071df3f924688) [0x000071df3f924780, 0x000071df3f9285b0] Compiler: c1, Barriers: 5, Oops: 6, ImmediateOops: 11, NonImmediateOops: No
[2,345s][debug][gc,nmethod     ] Register NMethod: io.sirix.node.GrowingMemorySegment.writeByte (0x000071df3f928608) [0x000071df3f928700, 0x000071df3f92c330] Compiler: c1, Barriers: 5, Oops: 6, ImmediateOops: 10, NonImmediateOops: No
[2,345s][debug][gc,nmethod     ] Register NMethod: net.jpountz.util.SafeUtils.checkRange (0x000071df3f92c388) [0x000071df3f92c480, 0x000071df3f92c680] Compiler: c1, Barriers: 0, Oops: 1, ImmediateOops: 0, NonImmediateOops: No
[2,345s][debug][gc,nmethod     ] Register NMethod: java.lang.invoke.MethodHandle.invokeBasic (0x000071df5ecaf088) [0x000071df5ecaf180, 0x000071df5ecaf418] Compiler: , Barriers: 0, Oops: 0, ImmediateOops: 0, NonImmediateOops: No
[2,345s][debug][gc,nmethod     ] Register NMethod: java.util.BitSet.set (0x000071df5ecaf488) [0x000071df5ecaf580, 0x000071df5ecaf6f0] Compiler: jvmci, Barriers: 1, Oops: 0, ImmediateOops: 0, NonImmediateOops: No
[2,345s][debug][gc,nmethod     ] Register NMethod: jdk.internal.foreign.AbstractMemorySegmentImpl.set (0x000071df3f92c708) [0x000071df3f92c800, 0x000071df3f931d80] Compiler: c1, Barriers: 42, Oops: 6, ImmediateOops: 18, NonImmediateOops: No
[2,345s][debug][gc,nmethod     ] Register NMethod: java.lang.invoke.VarHandleSegmentAsBytes.set (0x000071df3f931e08) [0x000071df3f931f00, 0x000071df3f9372a0] Compiler: c1, Barriers: 24, Oops: 2, ImmediateOops: 6, NonImmediateOops: No
[2,345s][debug][gc,nmethod     ] Register NMethod: java.lang.invoke.VarHandleSegmentAsBytes.set (0x000071df3f937308) [0x000071df3f937400, 0x000071df3f93c540] Compiler: c1, Barriers: 24, Oops: 2, ImmediateOops: 6, NonImmediateOops: No
[2,346s][debug][gc,task        ] GC(0) Y: Executing ZPromotePagesTask using ZWorkerYoung with 1 workers
[2,346s][debug][gc,task        ] GC(0) Y: Executing ZPromotePagesTask using ZWorkerYoung with 1 workers
[2,346s][debug][gc,nmethod     ] Register NMethod: io.sirix.node.MemorySegmentBytesOut.writeLong (0x000071df3f93c588) [0x000071df3f93c680, 0x000071df3f93c818] Compiler: c1, Barriers: 1, Oops: 1, ImmediateOops: 0, NonImmediateOops: No
[2,346s][debug][gc,task        ] GC(0) Y: Executing ZPromotePagesTask using ZWorkerYoung with 1 workers
[2,346s][info ][gc,phases      ] GC(0) Y: Concurrent Select Relocation Set 1,492ms
[2,346s][debug][gc,reloc       ] Synchronize all workers 1 _nworkers: 0 _nsynchronized: 0
[2,346s][debug][gc,reloc       ] Synchronize all workers 1 _nworkers: 0 _nsynchronized: 0
[2,346s][debug][gc,nmethod     ] Register NMethod: java.lang.invoke.VarHandleSegmentAsLongs.set (0x000071df3f93c888) [0x000071df3f93c980, 0x000071df3f941f50] Compiler: c1, Barriers: 24, Oops: 2, ImmediateOops: 7, NonImmediateOops: No
[2,346s][debug][gc,phases,start] GC(0) Y: Pause Relocate Start
[2,346s][debug][gc,reloc       ] GC(0) Y: Joining workers: 1
[2,346s][info ][gc,phases      ] GC(0) Y: Pause Relocate Start 0,018ms
[2,346s][debug][gc,reloc       ] Desynchronize all workers _nworkers: 0 _nsynchronized: 0
[2,346s][debug][gc,reloc       ] Desynchronize all workers _nworkers: 1 _nsynchronized: 0
[2,346s][debug][gc,alloc       ] Mutator Allocation Rate: 274,2MB/s Predicted: 362,3MB/s, Avg: 215,2(+/-63,5)MB/s
[2,346s][debug][gc,phases,start] GC(0) Y: Concurrent Relocate
[2,346s][debug][gc,task        ] GC(0) Y: Executing ZRelocateStoreBufferInstallBasePointersTask using ZWorkerYoung with 1 workers
[2,346s][debug][gc,nmethod     ] Register NMethod: java.lang.invoke.VarHandleGuards.guard_LJJ_V (0x000071df3f941f88) [0x000071df3f942080, 0x000071df3f946c50] Compiler: c1, Barriers: 46, Oops: 1, ImmediateOops: 6, NonImmediateOops: No
[2,346s][debug][gc,task        ] GC(0) Y: Executing ZRelocateTask using ZWorkerYoung with 1 workers
[2,346s][debug][gc,nmethod     ] Register NMethod: jdk.internal.foreign.MemorySessionImpl.checkValidState (0x000071df3f946c88) [0x000071df3f946d80, 0x000071df3f947868] Compiler: c1, Barriers: 3, Oops: 0, ImmediateOops: 2, NonImmediateOops: No
[2,346s][debug][gc,nmethod     ] Register NMethod: io.sirix.node.GrowingMemorySegment.position (0x000071df5ecaf788) [0x000071df5ecaf880, 0x000071df5ecaf940] Compiler: c1, Barriers: 0, Oops: 1, ImmediateOops: 0, NonImmediateOops: No
[2,346s][debug][gc,nmethod     ] Register NMethod: java.util.stream.ReferencePipeline.<init> (0x000071df3f947888) [0x000071df3f947980, 0x000071df3f947ab0] Compiler: c1, Barriers: 0, Oops: 0, ImmediateOops: 0, NonImmediateOops: No
[2,346s][debug][gc,nmethod     ] Register NMethod: jdk.internal.foreign.Utils.checkNonNegativeIndex (0x000071df3f947b88) [0x000071df3f947c80, 0x000071df3f948e48] Compiler: c1, Barriers: 0, Oops: 2, ImmediateOops: 3, NonImmediateOops: No
[2,346s][debug][gc,nmethod     ] Register NMethod: java.util.stream.AbstractPipeline.<init> (0x000071df3f948e88) [0x000071df3f948f80, 0x000071df3f949510] Compiler: c1, Barriers: 10, Oops: 0, ImmediateOops: 1, NonImmediateOops: No
[2,346s][debug][gc,nmethod     ] Register NMethod: sun.nio.fs.UnixPath.isEmpty (0x000071df3f949588) [0x000071df3f949680, 0x000071df3f949808] Compiler: c1, Barriers: 1, Oops: 0, ImmediateOops: 0, NonImmediateOops: No
[2,347s][debug][gc,nmethod     ] Register NMethod: java.util.stream.AbstractPipeline.copyInto (0x000071df3f949888) [0x000071df3f949980, 0x000071df3f94aaa0] Compiler: c1, Barriers: 0, Oops: 1, ImmediateOops: 1, NonImmediateOops: No
[2,347s][debug][gc,nmethod     ] Register NMethod: java.io.ByteArrayInputStream.read (0x000071df3f94ab08) [0x000071df3f94ac00, 0x000071df3f94b2e8] Compiler: c1, Barriers: 1, Oops: 0, ImmediateOops: 0, NonImmediateOops: No
[2,347s][debug][gc,nmethod     ] Register NMethod: java.lang.Long.hashCode (0x000071df5ecafa88) [0x000071df5ecafb80, 0x000071df5ecafbf0] Compiler: jvmci, Barriers: 0, Oops: 0, ImmediateOops: 0, NonImmediateOops: No
[2,347s][debug][gc,nmethod     ] Register NMethod: io.sirix.node.GrowingMemorySegment.writeLong (0x000071df3f94b308) [0x000071df3f94b400, 0x000071df3f94f240] Compiler: c1, Barriers: 5, Oops: 6, ImmediateOops: 11, NonImmediateOops: No
[2,347s][debug][gc,nmethod     ] Register NMethod: java.lang.invoke.VarHandleSegmentAsLongs.set (0x000071df3f94f288) [0x000071df3f94f380, 0x000071df3f9546d8] Compiler: c1, Barriers: 24, Oops: 2, ImmediateOops: 7, NonImmediateOops: No
[2,347s][debug][gc,nmethod     ] Register NMethod: jdk.internal.foreign.AbstractMemorySegmentImpl.set (0x000071df3f954708) [0x000071df3f954800, 0x000071df3f959d80] Compiler: c1, Barriers: 42, Oops: 6, ImmediateOops: 18, NonImmediateOops: No
[2,348s][debug][gc,nmethod     ] Register NMethod: java.util.concurrent.atomic.AtomicLong.incrementAndGet (0x000071df3f959e08) [0x000071df3f959f00, 0x000071df3f95a018] Compiler: c1, Barriers: 0, Oops: 0, ImmediateOops: 0, NonImmediateOops: No
[2,348s][debug][gc,nmethod     ] Register NMethod: io.sirix.page.PageReference.getLogKey (0x000071df5ecafd88) [0x000071df5ecafe80, 0x000071df5ecaff40] Compiler: c1, Barriers: 0, Oops: 1, ImmediateOops: 0, NonImmediateOops: No
[2,349s][debug][gc,nmethod     ] Register NMethod: org.magicwerk.brownies.collections.GapList.doGet (0x000071df3f95a108) [0x000071df3f95a200, 0x000071df3f95a538] Compiler: c1, Barriers: 2, Oops: 1, ImmediateOops: 0, NonImmediateOops: No
[2,349s][debug][gc,nmethod     ] Register NMethod: org.magicwerk.brownies.collections.GapList.get (0x000071df3f95a588) [0x000071df3f95a680, 0x000071df3f95c078] Compiler: c1, Barriers: 0, Oops: 4, ImmediateOops: 4, NonImmediateOops: No
[2,349s][debug][gc,nmethod     ] Register NMethod: sun.nio.ch.NativeThread.current0 (0x000071df5ecb0088) [0x000071df5ecb0180, 0x000071df5ecb02d8] Compiler: , Barriers: 0, Oops: 0, ImmediateOops: 1, NonImmediateOops: No
[2,349s][debug][gc,nmethod     ] Register NMethod: net.jpountz.xxhash.XXHashJNI.XXH32_init (0x000071df5ecb0388) [0x000071df5ecb0480, 0x000071df5ecb05e8] Compiler: , Barriers: 0, Oops: 1, ImmediateOops: 1, NonImmediateOops: No
[2,349s][debug][gc,nmethod     ] Register NMethod: jdk.internal.misc.Unsafe.getReferenceAcquire (0x000071df5ecb0688) [0x000071df5ecb0780, 0x000071df5ecb0830] Compiler: jvmci, Barriers: 1, Oops: 0, ImmediateOops: 0, NonImmediateOops: No
[2,350s][debug][gc,nmethod     ] Register NMethod: jdk.internal.foreign.AbstractMemorySegmentImpl.get (0x000071df3f95c108) [0x000071df3f95c200, 0x000071df3f95fb10] Compiler: c1, Barriers: 27, Oops: 5, ImmediateOops: 12, NonImmediateOops: No
[2,350s][debug][gc,nmethod     ] Register NMethod: java.nio.channels.spi.AbstractInterruptibleChannel.isOpen (0x000071df3f95fb88) [0x000071df3f95fc80, 0x000071df3f95fdd0] Compiler: c1, Barriers: 0, Oops: 0, ImmediateOops: 0, NonImmediateOops: No
[2,350s][debug][gc,nmethod     ] Register NMethod: io.sirix.node.MemorySegmentBytesIn.readByte (0x000071df3f95fe88) [0x000071df3f95ff80, 0x000071df3f9639a0] Compiler: c1, Barriers: 5, Oops: 6, ImmediateOops: 9, NonImmediateOops: No
[2,350s][debug][gc,nmethod     ] Register NMethod: jdk.internal.misc.Unsafe.getAndAddInt (0x000071df3f963a08) [0x000071df3f963b00, 0x000071df3f963ed8] Compiler: c1, Barriers: 0, Oops: 0, ImmediateOops: 0, NonImmediateOops: No
[2,350s][debug][gc,nmethod     ] Register NMethod: io.sirix.page.KeyValueLeafPage.getLastIndex (0x000071df3f963f08) [0x000071df3f964000, 0x000071df3f964158] Compiler: c1, Barriers: 0, Oops: 1, ImmediateOops: 0, NonImmediateOops: No
[2,350s][debug][gc,nmethod     ] Register NMethod: java.lang.invoke.VarHandleSegmentAsBytes.get (0x000071df3f964208) [0x000071df3f964300, 0x000071df3f969588] Compiler: c1, Barriers: 24, Oops: 2, ImmediateOops: 5, NonImmediateOops: No
[2,350s][debug][gc,nmethod     ] Register NMethod: java.lang.invoke.VarHandleSegmentAsBytes.get (0x000071df3f969608) [0x000071df3f969700, 0x000071df3f96e720] Compiler: c1, Barriers: 24, Oops: 2, ImmediateOops: 5, NonImmediateOops: No
[2,350s][debug][gc,nmethod     ] Register NMethod: java.lang.foreign.MemorySegment.copy (0x000071df3f96e788) [0x000071df3f96e880, 0x000071df3f976870] Compiler: c1, Barriers: 10, Oops: 3, ImmediateOops: 15, NonImmediateOops: No
[2,350s][debug][gc,reloc       ] GC(0) Y: Leaving workers: left: 0 _synchronize: 0 _nsynchronized: 0
[2,350s][debug][gc,phases,start] GC(0) Y: Concurrent Relocate Remset FP
[2,350s][debug][gc,task        ] GC(0) Y: Executing ZRelocateAddRemsetForFlipPromoted using ZWorkerYoung with 1 workers
[2,351s][debug][gc,phases      ] GC(0) Y: Concurrent Relocate Remset FP 0,039ms
[2,351s][info ][gc,phases      ] GC(0) Y: Concurrent Relocate 4,699ms
[2,351s][debug][gc,heap        ] GC(0) Y: Heap After GC invocations=1 (full 1):
[2,351s][debug][gc,heap        ] GC(0) Y:  ZHeap           used 262M, capacity 5120M, max capacity 12288M
[2,351s][debug][gc,heap        ] GC(0) Y:   Cache          4858M (5)
[2,351s][debug][gc,heap        ] GC(0) Y:    size classes  2M (2), 4M (1), 16M (1), 4G (1)
[2,351s][debug][gc,nmethod     ] Register NMethod: jdk.internal.access.SharedSecrets.getJavaUtilCollectionAccess (0x000071df3f976908) [0x000071df3f976a00, 0x000071df3f976c90] Compiler: c1, Barriers: 2, Oops: 1, ImmediateOops: 3, NonImmediateOops: No
[2,351s][debug][gc,metaspace   ] GC(0) Y: Metaspace After GC invocations=1 (full 1):
[2,351s][debug][gc,metaspace   ] GC(0) Y:  Metaspace       used 26993K, committed 27456K, reserved 1114112K
[2,351s][debug][gc,metaspace   ] GC(0) Y:   class space    used 2277K, committed 2496K, reserved 1048576K
[2,351s][info ][gc,alloc       ] GC(0) Y:                         Mark Start        Mark End      Relocate Start    Relocate End   
[2,351s][info ][gc,alloc       ] GC(0) Y: Allocation Stalls:          0                0                0                0         
[2,351s][info ][gc,load        ] GC(0) Y: Load: 3,08 (15%) / 1,69 (8%) / 1,36 (7%)
[2,351s][info ][gc,mmu         ] GC(0) Y: MMU: 2ms/95,3%, 5ms/98,1%, 10ms/99,1%, 20ms/99,5%, 50ms/99,8%, 100ms/99,9%
[2,351s][info ][gc,marking     ] GC(0) Y: Mark: 1 stripe(s), 2 proactive flush(es), 1 terminate flush(es), 0 completion(s), 0 continuation(s) 
[2,351s][info ][gc,nmethod     ] GC(0) Y: NMethods: 2390 registered, 0 unregistered
[2,351s][info ][gc,metaspace   ] GC(0) Y: Metaspace: 26M used, 26M committed, 1088M reserved
[2,351s][info ][gc,reloc       ] GC(0) Y:                        Candidates     Selected     In-Place         Size        Empty    Relocated 
[2,351s][info ][gc,reloc       ] GC(0) Y: Small Pages:                  108           22            0         216M           0M           4M 
[2,351s][info ][gc,reloc       ] GC(0) Y: Medium Pages:                   1            0            0          32M           0M           0M 
[2,351s][info ][gc,reloc       ] GC(0) Y: Large Pages:                    0            0            0           0M           0M           0M 
[2,351s][info ][gc,reloc       ] GC(0) Y: Forwarding Usage: 2M
[2,351s][info ][gc,reloc       ] GC(0) Y: Age Table:
[2,351s][info ][gc,reloc       ] GC(0) Y:                    Live             Garbage             Small              Medium             Large        
[2,351s][debug][gc,nmethod     ] Register NMethod: java.lang.invoke.VarHandleReferences$FieldInstanceReadWrite.set (0x000071df5ecb0988) [0x000071df5ecb0a80, 0x000071df5ecb1018] Compiler: jvmci, Barriers: 5, Oops: 0, ImmediateOops: 0, NonImmediateOops: No
[2,351s][info ][gc,reloc       ] GC(0) Y: Eden             171M (1%)           76M (1%)         108 / 22             1 / 0              0 / 0        
[2,351s][info ][gc,heap        ] GC(0) Y: Min Capacity: 5120M(42%)
[2,351s][info ][gc,heap        ] GC(0) Y: Max Capacity: 12288M(100%)
[2,351s][info ][gc,heap        ] GC(0) Y: Soft Max Capacity: 12288M(100%)
[2,351s][info ][gc,heap        ] GC(0) Y: Heap Statistics:
[2,351s][info ][gc,heap        ] GC(0) Y:                Mark Start          Mark End        Relocate Start      Relocate End           High               Low         
[2,351s][debug][gc,nmethod     ] Register NMethod: java.lang.invoke.MethodHandleNatives.staticArgumentsPulled (0x000071df3f976d08) [0x000071df3f976e00, 0x000071df3f9770e8] Compiler: c1, Barriers: 0, Oops: 0, ImmediateOops: 0, NonImmediateOops: No
[2,351s][info ][gc,heap        ] GC(0) Y:  Capacity:     5120M (42%)        5120M (42%)        5120M (42%)        5120M (42%)        5120M (42%)        5120M (42%)    
[2,351s][info ][gc,heap        ] GC(0) Y:      Free:    12040M (98%)       12000M (98%)       11998M (98%)       12026M (98%)       12040M (98%)       11986M (98%)    
[2,351s][info ][gc,heap        ] GC(0) Y:      Used:      248M (2%)          288M (2%)          290M (2%)          262M (2%)          302M (2%)          248M (2%)     
[2,351s][info ][gc,heap        ] GC(0) Y: Young Generation Statistics:
[2,351s][info ][gc,heap        ] GC(0) Y:                Mark Start          Mark End        Relocate Start      Relocate End    
[2,351s][info ][gc,heap        ] GC(0) Y:      Used:      248M (2%)          288M (2%)          290M (2%)          262M (2%)     
[2,351s][info ][gc,heap        ] GC(0) Y:      Live:         -               171M (1%)          171M (1%)          171M (1%)     
[2,351s][info ][gc,heap        ] GC(0) Y:   Garbage:         -                76M (1%)           76M (1%)           30M (0%)     
[2,351s][info ][gc,heap        ] GC(0) Y: Allocated:         -                40M (0%)           42M (0%)           59M (0%)     
[2,351s][info ][gc,heap        ] GC(0) Y: Reclaimed:         -                  -                 0M (0%)           45M (0%)     
[2,351s][info ][gc,heap        ] GC(0) Y:  Promoted:         -                  -                 0M (0%)            0M (0%)     
[2,351s][info ][gc,heap        ] GC(0) Y: Compacted:         -                  -                  -                 6M (0%)     
[2,351s][info ][gc,phases      ] GC(0) Y: Young Generation 248M(2%)->262M(2%) 0,219s
[2,351s][debug][gc,heap        ] GC(0) O: Heap Before GC invocations=1 (full 1):
[2,351s][debug][gc,heap        ] GC(0) O:  ZHeap           used 262M, capacity 5120M, max capacity 12288M
[2,351s][debug][gc,heap        ] GC(0) O:   Cache          4858M (5)
[2,351s][debug][gc,heap        ] GC(0) O:    size classes  2M (2), 4M (1), 16M (1), 4G (1)
[2,351s][debug][gc,metaspace   ] GC(0) O: Metaspace Before GC invocations=1 (full 1):
[2,351s][debug][gc,metaspace   ] GC(0) O:  Metaspace       used 27004K, committed 27456K, reserved 1114112K
[2,351s][debug][gc,metaspace   ] GC(0) O:   class space    used 2277K, committed 2496K, reserved 1048576K
[2,351s][info ][gc,phases      ] GC(0) O: Old Generation
[2,351s][debug][gc,phases,start] GC(0) O: Concurrent Mark
[2,351s][debug][gc,phases,start] GC(0) O: Concurrent Mark Roots
[2,351s][debug][gc,task        ] GC(0) O: Executing ZMarkOldRootsTask using ZWorkerOld with 1 workers
[2,351s][debug][gc,nmethod     ] Register NMethod: java.lang.invoke.CallSite.<init> (0x000071df3f977108) [0x000071df3f977200, 0x000071df3f9775e0] Compiler: c1, Barriers: 4, Oops: 0, ImmediateOops: 0, NonImmediateOops: No
[2,351s][debug][gc,nmethod     ] Register NMethod: java.lang.invoke.ConstantCallSite.<init> (0x000071df3f977608) [0x000071df3f977700, 0x000071df3f977d18] Compiler: c1, Barriers: 4, Oops: 0, ImmediateOops: 1, NonImmediateOops: No
[2,351s][debug][gc,tlab        ] GC(0) O: TLAB totals: thrds: 16  refills: 147 max: 66 slow allocs: 121 max 50 waste:  2,7% gc: 422344B max: 64344B slow: 132648B max: 87600B
[2,351s][debug][gc,phases      ] GC(0) O: Concurrent Mark Roots 0,288ms
[2,351s][debug][gc,phases,start] GC(0) O: Concurrent Mark Follow
[2,351s][debug][gc,marking     ] GC(0) O: Using 1 mark stripes
[2,351s][debug][gc,task        ] GC(0) O: Executing ZMarkTask using ZWorkerOld with 1 workers
[2,351s][debug][gc,phases      ] GC(0) O: Concurrent Mark Follow 0,111ms
[2,351s][info ][gc,phases      ] GC(0) O: Concurrent Mark 0,416ms
[2,351s][debug][gc,reloc       ] Synchronize all workers 1 _nworkers: 0 _nsynchronized: 0
[2,351s][debug][gc,reloc       ] Synchronize all workers 1 _nworkers: 0 _nsynchronized: 0
[2,351s][debug][gc,phases,start] GC(0) O: Pause Mark End
[2,351s][info ][gc,phases      ] GC(0) O: Pause Mark End 0,017ms
[2,351s][debug][gc,reloc       ] Desynchronize all workers _nworkers: 0 _nsynchronized: 0
[2,351s][debug][gc,reloc       ] Desynchronize all workers _nworkers: 0 _nsynchronized: 0
[2,351s][debug][gc,phases,start] GC(0) O: Concurrent Mark Free
[2,351s][info ][gc,phases      ] GC(0) O: Concurrent Mark Free 0,006ms
[2,351s][debug][gc,nmethod     ] Register NMethod: java.lang.invoke.MethodHandleNatives.linkCallSiteImpl (0x000071df3f977d88) [0x000071df3f977e80, 0x000071df3f978d08] Compiler: c1, Barriers: 9, Oops: 0, ImmediateOops: 0, NonImmediateOops: No
[2,351s][debug][gc,phases,start] GC(0) O: Concurrent Process Non-Strong
[2,352s][debug][gc,phases,start] GC(0) O: Concurrent References Process
[2,352s][debug][gc,task        ] GC(0) O: Executing ZReferenceProcessorTask using ZWorkerOld with 1 workers
[2,352s][debug][gc,phases      ] GC(0) O: Concurrent References Process 0,023ms
[2,352s][debug][gc,task        ] GC(0) O: Executing ZProcessWeakRootsTask using ZWorkerOld with 1 workers
[2,352s][debug][gc,nmethod     ] Register NMethod: java.lang.invoke.MethodHandleNatives.linkCallSite (0x000071df3f978d88) [0x000071df3f978e80, 0x000071df3f9799f0] Compiler: c1, Barriers: 0, Oops: 0, ImmediateOops: 0, NonImmediateOops: No
[2,352s][debug][gc,nmethod     ] Register NMethod: io.sirix.page.KeyValueLeafPage.getAvailableSpace (0x000071df3f979a08) [0x000071df3f979b00, 0x000071df3f97f5c0] Compiler: c1, Barriers: 19, Oops: 7, ImmediateOops: 12, NonImmediateOops: No
[2,352s][debug][gc,nmethod     ] Register NMethod: java.lang.invoke.Invokers.callSiteForm (0x000071df3f97f608) [0x000071df3f97f700, 0x000071df3f982150] Compiler: c1, Barriers: 23, Oops: 1, ImmediateOops: 5, NonImmediateOops: No
[2,352s][debug][gc,phases,start] GC(0) O: Concurrent Classes Unlink
[2,352s][debug][gc,phases,start] GC(0) O: ClassLoaderData
[2,352s][debug][gc,phases      ] GC(0) O: ClassLoaderData 0,020ms
[2,352s][debug][gc,phases,start] GC(0) O: Trigger cleanups
[2,352s][debug][gc,phases      ] GC(0) O: Trigger cleanups 0,006ms
[2,352s][debug][gc,nmethod     ] Register NMethod: io.sirix.page.KeyValueLeafPage.getSlotAsByteArray (0x000071df5ecb1088) [0x000071df5ecb1180, 0x000071df5ecb1750] Compiler: jvmci, Barriers: 7, Oops: 1, ImmediateOops: 4, NonImmediateOops: No
[2,352s][debug][gc,task        ] GC(0) O: Executing ZNMethodUnlinkTask using ZWorkerOld with 1 workers
[2,352s][debug][gc,nmethod     ] GC(0) O: Unregister NMethod: jdk.internal.classfile.impl.SplitConstantPool.internalAdd (0x000071df3f425c08) [0x000071df3f425d00, 0x000071df3f426ae8] 
[2,353s][debug][gc,nmethod     ] GC(0) O: Unregister NMethod: java.lang.invoke.VarHandleGuards.guard_LL_V (0x000071df3f80b788) [0x000071df3f80b880, 0x000071df3f810468] 
[2,353s][debug][gc,nmethod     ] GC(0) O: Unregister NMethod: jdk.internal.util.ArraysSupport.unsignedHashCode (0x000071df3f400008) [0x000071df3f400100, 0x000071df3f400310] 
[2,353s][debug][gc,nmethod     ] GC(0) O: Unregister NMethod: jdk.internal.classfile.impl.UnboundAttribute$AdHocAttribute.writeTo (0x000071df3f6c2908) [0x000071df3f6c2a00, 0x000071df3f6c4440] 
[2,353s][debug][gc,nmethod     ] GC(0) O: Unregister NMethod: java.net.URLClassLoader.findClass (0x000071df3f601b88) [0x000071df3f601c80, 0x000071df3f6048a0] 
[2,353s][debug][gc,nmethod     ] GC(0) O: Unregister NMethod: jdk.internal.misc.Unsafe.weakCompareAndSetReference (0x000071df3f80b488) [0x000071df3f80b580, 0x000071df3f80b700] 
[2,353s][debug][gc,nmethod     ] GC(0) O: Unregister NMethod: jdk.internal.constant.MethodTypeDescImpl.parameterCount (0x000071df3f4c0f88) [0x000071df3f4c1080, 0x000071df3f4c11b8] 
[2,353s][debug][gc,nmethod     ] GC(0) O: Unregister NMethod: io.sirix.cache.LinuxMemorySegmentAllocator.partitionVirtualRegion (0x000071df5ec6fb08) [0x000071df5ec6fc00, 0x000071df5ec70b70] 
[2,353s][debug][gc,nmethod     ] Register NMethod: jdk.internal.foreign.SegmentFactories.initNativeMemory (0x000071df5ecb1788) [0x000071df5ecb1880, 0x000071df5ecb1b28] Compiler: jvmci, Barriers: 0, Oops: 0, ImmediateOops: 0, NonImmediateOops: No
[2,353s][debug][gc,nmethod     ] GC(0) O: Unregister NMethod: java.util.WeakHashMap.getTable (0x000071df3f48aa88) [0x000071df3f48ab80, 0x000071df3f48acf8] 
[2,353s][debug][gc,nmethod     ] GC(0) O: Unregister NMethod: java.util.Arrays.copyOfRange (0x000071df3f43f988) [0x000071df3f43fa80, 0x000071df3f440d50] 
[2,353s][debug][gc,nmethod     ] GC(0) O: Unregister NMethod: java.util.zip.ZipUtils.CENHOW (0x000071df3f46f308) [0x000071df3f46f400, 0x000071df3f46f510] 
[2,353s][debug][gc,nmethod     ] GC(0) O: Unregister NMethod: jdk.internal.foreign.AbstractMemorySegmentImpl.asSlice (0x000071df5ec6d788) [0x000071df5ec6d880, 0x000071df5ec6da68] 
[2,353s][debug][gc,nmethod     ] Register NMethod: java.lang.invoke.BootstrapMethodInvoker.invoke (0x000071df3f982188) [0x000071df3f982280, 0x000071df3f98cf60] Compiler: c1, Barriers: 60, Oops: 2, ImmediateOops: 15, NonImmediateOops: No
[2,353s][debug][gc,nmethod     ] GC(0) O: Unregister NMethod: java.lang.ref.ReferenceQueue.poll (0x000071df3f417f88) [0x000071df3f418080, 0x000071df3f4184a0] 
[2,353s][debug][gc,nmethod     ] GC(0) O: Unregister NMethod: java.util.ImmutableCollections$ListN.size (0x000071df3f5a5488) [0x000071df3f5a5580, 0x000071df3f5a56b8] 
[2,353s][debug][gc,nmethod     ] GC(0) O: Unregister NMethod: java.lang.StringBuilder.toString (0x000071df3f475508) [0x000071df3f475600, 0x000071df3f475a38] 
[2,353s][debug][gc,nmethod     ] GC(0) O: Unregister NMethod: java.lang.classfile.CodeBuilder.invoke (0x000071df3f7a1e88) [0x000071df3f7a1f80, 0x000071df3f7a2718] 
[2,353s][debug][gc,nmethod     ] GC(0) O: Unregister NMethod: jdk.internal.misc.Unsafe.getIntUnaligned (0x000071df3f454608) [0x000071df3f454700, 0x000071df3f454948] 
[2,353s][debug][gc,nmethod     ] GC(0) O: Unregister NMethod: java.util.HashMap.putIfAbsent (0x000071df5ec17888) [0x000071df5ec179a0, 0x000071df5ec191b0] 
[2,353s][debug][gc,nmethod     ] GC(0) O: Unregister NMethod: jdk.internal.classfile.impl.DirectCodeBuilder$4.writeBody (0x000071df3f6ce008) [0x000071df3f6ce100, 0x000071df3f6d20e8] 
[2,353s][debug][gc,nmethod     ] GC(0) O: Unregister NMethod: java.util.HashMap.get (0x000071df3f432488) [0x000071df3f432580, 0x000071df3f432918] 
[2,353s][debug][gc,nmethod     ] GC(0) O: Unregister NMethod: java.lang.StringLatin1.replace (0x000071df3f453408) [0x000071df3f453500, 0x000071df3f4545a0] 
[2,353s][debug][gc,nmethod     ] GC(0) O: Unregister NMethod: java.util.jar.JarFile.checkForSpecialAttributes (0x000071df3f4c3d88) [0x000071df3f4c3e80, 0x000071df3f4c5460] 
[2,353s][debug][gc,nmethod     ] GC(0) O: Unregister NMethod: java.lang.StringBuilder.length (0x000071df3f44f308) [0x000071df3f44f400, 0x000071df3f44f518] 
[2,353s][debug][gc,nmethod     ] GC(0) O: Unregister NMethod: jdk.internal.loader.URLClassPath$JarLoader.ensureOpen (0x000071df3f47f108) [0x000071df3f47f200, 0x000071df3f47f468] 
[2,353s][debug][gc,nmethod     ] GC(0) O: Unregister NMethod: io.sirix.cache.LinuxMemorySegmentAllocator.partitionVirtualRegion (0x000071df5ec76d88) [0x000071df5ec76e80, 0x000071df5ec78ca8] 
[2,353s][debug][gc,nmethod     ] Register NMethod: java.lang.invoke.MethodHandle.linkToStatic (0x000071df5ecb1b88) [0x000071df5ecb1c80, 0x000071df5ecb1d70] Compiler: , Barriers: 0, Oops: 0, ImmediateOops: 0, NonImmediateOops: No
[2,353s][debug][gc,nmethod     ] GC(0) O: Unregister NMethod: jdk.internal.foreign.AbstractMemorySegmentImpl.asSliceNoCheck (0x000071df3f809c08) [0x000071df3f809d00, 0x000071df3f80a040] 
[2,353s][debug][gc,nmethod     ] GC(0) O: Unregister NMethod: java.lang.String.startsWith (0x000071df3f410f08) [0x000071df3f411000, 0x000071df3f4112f8] 
[2,353s][debug][gc,nmethod     ] GC(0) O: Unregister NMethod: java.util.zip.ZipFile.ensureOpen (0x000071df3f478f88) [0x000071df3f479080, 0x000071df3f479350] 
[2,353s][debug][gc,nmethod     ] GC(0) O: Unregister NMethod: java.util.AbstractCollection.<init> (0x000071df3f407388) [0x000071df3f407480, 0x000071df3f4075d8] 
[2,354s][debug][gc,nmethod     ] GC(0) O: Unregister NMethod: java.lang.ref.Reference.<init> (0x000071df3f469c88) [0x000071df3f469d80, 0x000071df3f46a018] 
[2,354s][debug][gc,nmethod     ] GC(0) O: Unregister NMethod: java.lang.CharacterDataLatin1.equalsIgnoreCase (0x000071df5ec4ea88) [0x000071df5ec4eb80, 0x000071df5ec4ec90] 
[2,354s][debug][gc,nmethod     ] GC(0) O: Unregister NMethod: java.util.HashMap.afterNodeInsertion (0x000071df3f42a308) [0x000071df3f42a400, 0x000071df3f42a500] 
[2,354s][debug][gc,nmethod     ] GC(0) O: Unregister NMethod: jdk.internal.loader.URLClassPath.getLoader (0x000071df3f488308) [0x000071df3f488400, 0x000071df3f48a2c8] 
[2,354s][debug][gc,nmethod     ] GC(0) O: Unregister NMethod: java.lang.CharacterDataLatin1.equalsIgnoreCase (0x000071df3f4c3188) [0x000071df3f4c3280, 0x000071df3f4c3518] 
[2,354s][debug][gc,nmethod     ] GC(0) O: Unregister NMethod: java.util.HashMap.resize (0x000071df5ebf6088) [0x000071df5ebf61a0, 0x000071df5ebf6d00] 
[2,354s][debug][gc,nmethod     ] GC(0) O: Unregister NMethod: java.lang.String.length (0x000071df3f40c008) [0x000071df3f40c100, 0x000071df3f40c480] 
[2,354s][debug][gc,nmethod     ] GC(0) O: Unregister NMethod: jdk.internal.util.ArraysSupport.mismatch (0x000071df3f411c08) [0x000071df3f411d00, 0x000071df3f4120e0] 
[2,354s][debug][gc,nmethod     ] GC(0) O: Unregister NMethod: java.lang.Math.max (0x000071df3f445008) [0x000071df3f445100, 0x000071df3f445228] 
[2,354s][debug][gc,nmethod     ] GC(0) O: Unregister NMethod: worker.org.gradle.internal.stream.EncodedStream$EncodedInput.hexToByte (0x000071df3f451f88) [0x000071df3f452080, 0x000071df3f4527c8] 
[2,354s][debug][gc,nmethod     ] GC(0) O: Unregister NMethod: java.util.zip.ZipFile$Source.isMetaName (0x000071df3f471208) [0x000071df3f471300, 0x000071df3f471760] 
[2,354s][debug][gc,nmethod     ] GC(0) O: Unregister NMethod: java.lang.String.equals (0x000071df3f405b08) [0x000071df3f405c00, 0x000071df3f4062c0] 
[2,354s][debug][gc,nmethod     ] GC(0) O: Unregister NMethod: java.util.zip.ZipFile$Source.getEntryPos (0x000071df3f481d08) [0x000071df3f481e00, 0x000071df3f483aa8] 
[2,354s][debug][gc,nmethod     ] GC(0) O: Unregister NMethod: java.util.zip.ZipFile.zipCoderFor (0x000071df3f470888) [0x000071df3f470980, 0x000071df3f470dd0] 
[2,354s][debug][gc,nmethod     ] GC(0) O: Unregister NMethod: java.util.HashMap.put (0x000071df3f42ae88) [0x000071df3f42af80, 0x000071df3f42b568] 
[2,354s][debug][gc,nmethod     ] GC(0) O: Unregister NMethod: java.lang.invoke.InvokerBytecodeGenerator.emitStoreResult (0x000071df3f7b5688) [0x000071df3f7b5780, 0x000071df3f7b5e38] 
[2,354s][debug][gc,nmethod     ] GC(0) O: Unregister NMethod: java.util.ImmutableCollections$SetN.isEmpty (0x000071df3f429088) [0x000071df3f429180, 0x000071df3f4292d0] 
[2,354s][debug][gc,nmethod     ] GC(0) O: Unregister NMethod: jdk.internal.misc.Unsafe.putReferenceRelease (0x000071df3f46d108) [0x000071df3f46d200, 0x000071df3f46d378] 
[2,354s][debug][gc,nmethod     ] GC(0) O: Unregister NMethod: java.lang.invoke.InvokerBytecodeGenerator.emitStaticInvoke (0x000071df3f7c1608) [0x000071df3f7c1700, 0x000071df3f7c3de8] 
[2,354s][debug][gc,nmethod     ] GC(0) O: Unregister NMethod: jdk.internal.classfile.impl.RawBytecodeHelper.opcode (0x000071df3f44b508) [0x000071df3f44b600, 0x000071df3f44b708] 
[2,354s][debug][gc,nmethod     ] GC(0) O: Unregister NMethod: jdk.internal.loader.Resource.getByteBuffer (0x000071df3f5dc588) [0x000071df3f5dc680, 0x000071df3f5dd3f8] 
[2,354s][debug][gc,nmethod     ] GC(0) O: Unregister NMethod: jdk.internal.classfile.impl.SplitConstantPool.tryFindUtf8 (0x000071df3f45c008) [0x000071df3f45c100, 0x000071df3f45d938] 
[2,354s][debug][gc,nmethod     ] GC(0) O: Unregister NMethod: java.util.ArrayList.get (0x000071df3f478288) [0x000071df3f478380, 0x000071df3f478628] 
[2,354s][debug][gc,nmethod     ] GC(0) O: Unregister NMethod: java.util.HashMap.newNode (0x000071df3f42aa08) [0x000071df3f42ab00, 0x000071df3f42ae80] 
[2,354s][debug][gc,nmethod     ] GC(0) O: Unregister NMethod: java.lang.invoke.VarForm.getMemberName (0x000071df3f57b488) [0x000071df3f57b580, 0x000071df3f57bd00] 
[2,354s][debug][gc,nmethod     ] GC(0) O: Unregister NMethod: java.lang.String.isLatin1 (0x000071df3f40d408) [0x000071df3f40d500, 0x000071df3f40d660] 
[2,354s][debug][gc,nmethod     ] GC(0) O: Unregister NMethod: java.util.jar.JarFile.getEntry (0x000071df3f487a88) [0x000071df3f487b80, 0x000071df3f4882c8] 
[2,354s][debug][gc,nmethod     ] Register NMethod: jdk.internal.classfile.impl.StackMapGenerator.processLdc (0x000071df3f98cf88) [0x000071df3f98d080, 0x000071df3f992ca8] Compiler: c1, Barriers: 31, Oops: 2, ImmediateOops: 20, NonImmediateOops: No
[2,354s][debug][gc,nmethod     ] Register NMethod: java.lang.invoke.MethodHandle.linkToSpecial (0x000071df5ecb1e88) [0x000071df5ecb1f80, 0x000071df5ecb2078] Compiler: , Barriers: 0, Oops: 0, ImmediateOops: 0, NonImmediateOops: No
[2,354s][debug][gc,nmethod     ] Register NMethod: java.lang.invoke.MemberName.asSpecial (0x000071df3f992d08) [0x000071df3f992e00, 0x000071df3f994648] Compiler: c1, Barriers: 0, Oops: 0, ImmediateOops: 0, NonImmediateOops: No
[2,354s][debug][gc,nmethod     ] GC(0) O: Unregister NMethod: jdk.internal.util.ArraysSupport.hashCodeOfUnsigned (0x000071df3f405488) [0x000071df3f405580, 0x000071df3f4057f8] 
[2,354s][debug][gc,nmethod     ] GC(0) O: Unregister NMethod: java.lang.StringCoding.countNonZeroAsciiLatin1 (0x000071df3f41e288) [0x000071df3f41e380, 0x000071df3f41e588] 
[2,354s][debug][gc,nmethod     ] GC(0) O: Unregister NMethod: java.util.HashMap.putIfAbsent (0x000071df3f43d188) [0x000071df3f43d280, 0x000071df3f43d868] 
[2,354s][debug][gc,nmethod     ] Register NMethod: jdk.internal.misc.CDS.isLoggingLambdaFormInvokers (0x000071df3f994688) [0x000071df3f994780, 0x000071df3f994878] Compiler: c1, Barriers: 0, Oops: 0, ImmediateOops: 0, NonImmediateOops: No
[2,354s][debug][gc,nmethod     ] GC(0) O: Unregister NMethod: java.lang.String.hashCode (0x000071df5ebe8388) [0x000071df5ebe8480, 0x000071df5ebe8620] 
[2,354s][debug][gc,nmethod     ] GC(0) O: Unregister NMethod: java.util.jar.JarFile.checkForSpecialAttributes (0x000071df3f480688) [0x000071df3f480780, 0x000071df3f481ce8] 
[2,354s][debug][gc,nmethod     ] GC(0) O: Unregister NMethod: java.lang.invoke.MethodType.parameterCount (0x000071df3f421d88) [0x000071df3f421e80, 0x000071df3f421fb8] 
[2,355s][debug][gc,nmethod     ] GC(0) O: Unregister NMethod: java.lang.String.hashCode (0x000071df3f417488) [0x000071df3f417580, 0x000071df3f417b28] 
[2,355s][debug][gc,nmethod     ] GC(0) O: Unregister NMethod: java.util.zip.ZipFile$Source.isMetaName (0x000071df3f527708) [0x000071df3f527800, 0x000071df3f527c60] 
[2,355s][debug][gc,nmethod     ] GC(0) O: Unregister NMethod: jdk.internal.loader.URLClassPath.getResource (0x000071df3f598e88) [0x000071df3f598f80, 0x000071df3f5993e8] 
[2,355s][debug][gc,nmethod     ] GC(0) O: Unregister NMethod: java.lang.String.charAt (0x000071df5ebe8088) [0x000071df5ebe8180, 0x000071df5ebe82b0] 
[2,355s][debug][gc,nmethod     ] GC(0) O: Unregister NMethod: jdk.internal.loader.Resource.cachedInputStream (0x000071df3f50ca08) [0x000071df3f50cb00, 0x000071df3f50d178] 
[2,355s][debug][gc,nmethod     ] GC(0) O: Unregister NMethod: java.lang.invoke.MemberName.getReferenceKind (0x000071df3f47d208) [0x000071df3f47d300, 0x000071df3f47d410] 
[2,355s][debug][gc,nmethod     ] GC(0) O: Unregister NMethod: java.util.zip.Checksum.update (0x000071df3f61e188) [0x000071df3f61e280, 0x000071df3f61e5b8] 
[2,355s][debug][gc,nmethod     ] GC(0) O: Unregister NMethod: jdk.internal.loader.URLClassPath$JarLoader.getResource (0x000071df3f487388) [0x000071df3f487480, 0x000071df3f487a50] 
[2,355s][debug][gc,nmethod     ] GC(0) O: Unregister NMethod: java.lang.StringBuilder.<init> (0x000071df3f477c88) [0x000071df3f477d80, 0x000071df3f477eb8] 
[2,355s][debug][gc,nmethod     ] GC(0) O: Unregister NMethod: java.util.ImmutableCollections$ListN.get (0x000071df3f40b588) [0x000071df3f40b680, 0x000071df3f40b808] 
[2,355s][debug][gc,nmethod     ] GC(0) O: Unregister NMethod: java.lang.StringUTF16.compress (0x000071df3f552608) [0x000071df3f552700, 0x000071df3f552930] 
[2,355s][debug][gc,nmethod     ] GC(0) O: Unregister NMethod: java.io.BufferedInputStream.getBufIfOpen (0x000071df3f450c08) [0x000071df3f450d00, 0x000071df3f451118] 
[2,355s][debug][gc,nmethod     ] GC(0) O: Unregister NMethod: java.net.URLClassLoader.defineClass (0x000071df3f604908) [0x000071df3f604a00, 0x000071df3f609298] 
[2,355s][debug][gc,nmethod     ] GC(0) O: Unregister NMethod: java.lang.AbstractStringBuilder.needsNewBuffer (0x000071df5ec1df88) [0x000071df5ec1e080, 0x000071df5ec1e168] 
[2,355s][debug][gc,nmethod     ] GC(0) O: Unregister NMethod: java.lang.String.<init> (0x000071df3f475a88) [0x000071df3f475b80, 0x000071df3f476520] 
[2,355s][debug][gc,nmethod     ] GC(0) O: Unregister NMethod: jdk.internal.classfile.impl.RawBytecodeHelper.endBci (0x000071df3f449c08) [0x000071df3f449d00, 0x000071df3f449e38] 
[2,355s][debug][gc,nmethod     ] GC(0) O: Unregister NMethod: java.util.zip.ZipCoder$UTF8ZipCoder.checkedHash (0x000071df3f471788) [0x000071df3f471880, 0x000071df3f471ca0] 
[2,355s][debug][gc,nmethod     ] Register NMethod: java.lang.invoke.MethodHandles$Lookup.hasFullPrivilegeAccess (0x000071df3f994988) [0x000071df3f994a80, 0x000071df3f994bd8] Compiler: c1, Barriers: 0, Oops: 0, ImmediateOops: 0, NonImmediateOops: No
[2,355s][debug][gc,nmethod     ] GC(0) O: Unregister NMethod: java.io.BufferedInputStream.read (0x000071df3f451188) [0x000071df3f451280, 0x000071df3f4516d8] 
[2,355s][debug][gc,nmethod     ] GC(0) O: Unregister NMethod: java.util.concurrent.ConcurrentLinkedDeque.offer (0x000071df3f80a088) [0x000071df3f80a180, 0x000071df3f80a318] 
[2,355s][debug][gc,nmethod     ] GC(0) O: Unregister NMethod: java.lang.classfile.CodeBuilder.checkcast (0x000071df3f711f88) [0x000071df3f712080, 0x000071df3f7129b8] 
[2,355s][debug][gc,nmethod     ] GC(0) O: Unregister NMethod: java.lang.StringLatin1.equals (0x000071df3f401d08) [0x000071df3f401e00, 0x000071df3f402068] 
[2,355s][debug][gc,nmethod     ] Register NMethod: java.lang.classfile.Interfaces.of (0x000071df3f994c88) [0x000071df3f994d80, 0x000071df3f9950d8] Compiler: c1, Barriers: 3, Oops: 0, ImmediateOops: 0, NonImmediateOops: No
[2,355s][debug][gc,nmethod     ] GC(0) O: Unregister NMethod: jdk.internal.classfile.impl.AbstractPoolEntry$Utf8EntryImpl.<init> (0x000071df3f45ea88) [0x000071df3f45eb80, 0x000071df3f45f3e8] 
[2,355s][debug][gc,nmethod     ] Register NMethod: java.lang.classfile.ClassBuilder.withInterfaces (0x000071df3f995108) [0x000071df3f995200, 0x000071df3f995a90] Compiler: c1, Barriers: 3, Oops: 0, ImmediateOops: 0, NonImmediateOops: No
[2,355s][debug][gc,nmethod     ] GC(0) O: Unregister NMethod: java.util.jar.JarFile.isMultiRelease (0x000071df3f483b08) [0x000071df3f483c00, 0x000071df3f483df8] 
[2,355s][debug][gc,nmethod     ] GC(0) O: Unregister NMethod: jdk.internal.util.Preconditions.checkIndex (0x000071df3f40e408) [0x000071df3f40e500, 0x000071df3f40e688] 
[2,355s][debug][gc,nmethod     ] GC(0) O: Unregister NMethod: java.lang.invoke.VarHandle.checkAccessModeThenIsDirect (0x000071df3f57c608) [0x000071df3f57c700, 0x000071df3f57d8a8] 
[2,355s][debug][gc,nmethod     ] GC(0) O: Unregister NMethod: java.lang.String.startsWith (0x000071df5ec3e208) [0x000071df5ec3e300, 0x000071df5ec3e618] 
[2,355s][debug][gc,nmethod     ] GC(0) O: Unregister NMethod: java.util.zip.CRC32.<init> (0x000071df3f5df588) [0x000071df3f5df680, 0x000071df3f5df7d8] 
[2,355s][debug][gc,nmethod     ] GC(0) O: Unregister NMethod: jdk.internal.loader.URLClassPath$JarLoader$1.getBytes (0x000071df3f5e2388) [0x000071df3f5e2480, 0x000071df3f5e2d68] 
[2,355s][debug][gc,nmethod     ] GC(0) O: Unregister NMethod: jdk.internal.classfile.impl.EntryMap.put (0x000071df3f425408) [0x000071df3f425500, 0x000071df3f425bd0] 
[2,355s][debug][gc,nmethod     ] GC(0) O: Unregister NMethod: java.util.HashMap.hash (0x000071df3f426b08) [0x000071df3f426c00, 0x000071df3f426f38] 
[2,355s][debug][gc,nmethod     ] GC(0) O: Unregister NMethod: java.lang.CharacterDataLatin1.getProperties (0x000071df3f4e6208) [0x000071df3f4e6300, 0x000071df3f4e6430] 
[2,356s][debug][gc,nmethod     ] GC(0) O: Unregister NMethod: java.lang.AbstractStringBuilder.newCapacity (0x000071df3f47e488) [0x000071df3f47e580, 0x000071df3f47e918] 
[2,356s][debug][gc,nmethod     ] GC(0) O: Unregister NMethod: java.util.zip.ZipFile$CleanableResource.getInflater (0x000071df3f54c988) [0x000071df3f54ca80, 0x000071df3f54d1b0] 
[2,356s][debug][gc,nmethod     ] GC(0) O: Unregister NMethod: java.lang.AbstractStringBuilder.needsNewBuffer (0x000071df3f444508) [0x000071df3f444600, 0x000071df3f4447a0] 
[2,356s][debug][gc,nmethod     ] GC(0) O: Unregister NMethod: java.lang.StringLatin1.indexOfChar (0x000071df3f40ee08) [0x000071df3f40ef00, 0x000071df3f40f100] 
[2,356s][debug][gc,nmethod     ] Register NMethod: java.lang.invoke.MethodHandle.linkToInterface (0x000071df5ecb2188) [0x000071df5ecb2280, 0x000071df5ecb23b0] Compiler: , Barriers: 0, Oops: 0, ImmediateOops: 0, NonImmediateOops: No
[2,356s][debug][gc,nmethod     ] GC(0) O: Unregister NMethod: jdk.internal.foreign.AbstractMemorySegmentImpl.asSlice (0x000071df3f804408) [0x000071df3f804500, 0x000071df3f8047f8] 
[2,356s][debug][gc,nmethod     ] GC(0) O: Unregister NMethod: java.util.Arrays.copyOf (0x000071df3f474488) [0x000071df3f474580, 0x000071df3f474948] 
[2,356s][debug][gc,nmethod     ] GC(0) O: Unregister NMethod: java.lang.AbstractStringBuilder.needsNewBuffer (0x000071df3f670d88) [0x000071df3f670e80, 0x000071df3f671020] 
[2,356s][debug][gc,nmethod     ] GC(0) O: Unregister NMethod: java.lang.String.indexOf (0x000071df3f40f408) [0x000071df3f40f500, 0x000071df3f40fb28] 
[2,356s][debug][gc,nmethod     ] GC(0) O: Unregister NMethod: java.lang.invoke.MethodType.parameterType (0x000071df3f44b808) [0x000071df3f44b900, 0x000071df3f44ba88] 
[2,356s][debug][gc,nmethod     ] GC(0) O: Unregister NMethod: jdk.internal.classfile.impl.BufWriterImpl.patchInt (0x000071df3f5f3a88) [0x000071df3f5f3b80, 0x000071df3f5f3d60] 
[2,356s][debug][gc,nmethod     ] GC(0) O: Unregister NMethod: java.util.ImmutableCollections$SetN$SetNIterator.next (0x000071df3f413608) [0x000071df3f413700, 0x000071df3f413a68] 
[2,356s][debug][gc,nmethod     ] GC(0) O: Unregister NMethod: java.util.HashSet.add (0x000071df3f42fc88) [0x000071df3f42fd80, 0x000071df3f42ff60] 
[2,356s][debug][gc,nmethod     ] GC(0) O: Unregister NMethod: java.util.concurrent.ConcurrentHashMap.addCount (0x000071df3f413a88) [0x000071df3f413b80, 0x000071df3f414820] 
[2,356s][debug][gc,nmethod     ] GC(0) O: Unregister NMethod: jdk.internal.classfile.impl.TerminalCodeBuilder.setupTopLocal (0x000071df3f6bca08) [0x000071df3f6bcb00, 0x000071df3f6bf088] 
[2,356s][debug][gc,nmethod     ] GC(0) O: Unregister NMethod: java.util.BitSet.checkInvariants (0x000071df3f527f88) [0x000071df3f528080, 0x000071df3f5281b0] 
[2,356s][debug][gc,nmethod     ] GC(0) O: Unregister NMethod: java.lang.String.isEmpty (0x000071df3f411908) [0x000071df3f411a00, 0x000071df3f411b88] 
[2,356s][debug][gc,nmethod     ] GC(0) O: Unregister NMethod: jdk.internal.loader.URLClassPath$JarLoader.getResource (0x000071df3f4c1888) [0x000071df3f4c1980, 0x000071df3f4c22b0] 
[2,356s][debug][gc,nmethod     ] GC(0) O: Unregister NMethod: jdk.internal.classfile.impl.AbstractPoolEntry$Utf8EntryImpl.writeTo (0x000071df3f45f408) [0x000071df3f45f500, 0x000071df3f45fd10] 
[2,356s][debug][gc,nmethod     ] GC(0) O: Unregister NMethod: java.util.HashMap.putVal (0x000071df5ebf7108) [0x000071df5ebf7220, 0x000071df5ebf8af8] 
[2,356s][debug][gc,nmethod     ] GC(0) O: Unregister NMethod: jdk.internal.foreign.AbstractMemorySegmentImpl.asSliceNoCheck (0x000071df5ec6dd88) [0x000071df5ec6de80, 0x000071df5ec6dff8] 
[2,356s][debug][gc,nmethod     ] GC(0) O: Unregister NMethod: java.lang.Number.<init> (0x000071df3f528288) [0x000071df3f528380, 0x000071df3f5284d8] 
[2,356s][debug][gc,nmethod     ] GC(0) O: Unregister NMethod: jdk.internal.classfile.impl.SplitConstantPool.entryByIndex (0x000071df3f41e908) [0x000071df3f41ea00, 0x000071df3f420ab0] 
[2,356s][debug][gc,nmethod     ] GC(0) O: Unregister NMethod: java.lang.String.indexOf (0x000071df3f51c108) [0x000071df3f51c200, 0x000071df3f51cd00] 
[2,356s][debug][gc,nmethod     ] Register NMethod: java.lang.invoke.MethodHandle.linkToStatic (0x000071df5ecb2488) [0x000071df5ecb2580, 0x000071df5ecb2670] Compiler: , Barriers: 0, Oops: 0, ImmediateOops: 0, NonImmediateOops: No
[2,356s][debug][gc,nmethod     ] GC(0) O: Unregister NMethod: java.lang.String.<init> (0x000071df5ec4a808) [0x000071df5ec4a900, 0x000071df5ec4ace0] 
[2,356s][debug][gc,nmethod     ] GC(0) O: Unregister NMethod: jdk.internal.foreign.NativeMemorySegmentImpl.dup (0x000071df3f80a688) [0x000071df3f80a780, 0x000071df3f80ad78] 
[2,356s][debug][gc,nmethod     ] GC(0) O: Unregister NMethod: java.util.Objects.requireNonNull (0x000071df3f421788) [0x000071df3f421880, 0x000071df3f421a58] 
[2,356s][debug][gc,nmethod     ] GC(0) O: Unregister NMethod: java.lang.String.isLatin1 (0x000071df5ebe7a88) [0x000071df5ebe7b80, 0x000071df5ebe7c40] 
[2,356s][debug][gc,nmethod     ] GC(0) O: Unregister NMethod: jdk.internal.loader.Resource.getBytes (0x000071df3f5da888) [0x000071df3f5da980, 0x000071df3f5dbe70] 
[2,356s][debug][gc,nmethod     ] GC(0) O: Unregister NMethod: java.util.jar.JarFile.getEntry (0x000071df3f4c2308) [0x000071df3f4c2400, 0x000071df3f4c2b48] 
[2,356s][debug][gc,nmethod     ] GC(0) O: Unregister NMethod: java.util.zip.ZipFile.getEntry (0x000071df3f484788) [0x000071df3f484880, 0x000071df3f484e48] 
[2,356s][debug][gc,nmethod     ] GC(0) O: Unregister NMethod: jdk.internal.util.ReferencedKeyMap.removeStaleReferences (0x000071df3f418b88) [0x000071df3f418c80, 0x000071df3f4192a0] 
[2,356s][debug][gc,nmethod     ] GC(0) O: Unregister NMethod: jdk.internal.classfile.impl.EntryMap.firstToken (0x000071df3f421188) [0x000071df3f421280, 0x000071df3f421770] 
[2,356s][debug][gc,nmethod     ] GC(0) O: Unregister NMethod: java.lang.String.substring (0x000071df3f441688) [0x000071df3f441780, 0x000071df3f4422a0] 
[2,356s][debug][gc,nmethod     ] GC(0) O: Unregister NMethod: java.lang.Class.isArray (0x000071df3f41df88) [0x000071df3f41e080, 0x000071df3f41e200] 
[2,356s][debug][gc,nmethod     ] GC(0) O: Unregister NMethod: java.util.concurrent.ConcurrentHashMap.get (0x000071df3f41ba88) [0x000071df3f41bb80, 0x000071df3f41cb98] 
[2,356s][debug][gc,nmethod     ] GC(0) O: Unregister NMethod: java.util.HashMap.put (0x000071df3f432988) [0x000071df3f432a80, 0x000071df3f433068] 
[2,356s][debug][gc,nmethod     ] Register NMethod: jdk.internal.classfile.impl.DirectCodeBuilder.invokestatic (0x000071df3f995b08) [0x000071df3f995c00, 0x000071df3f996770] Compiler: c1, Barriers: 2, Oops: 0, ImmediateOops: 0, NonImmediateOops: No
[2,356s][debug][gc,nmethod     ] Register NMethod: jdk.internal.classfile.impl.EntryMap.getIndexByToken (0x000071df3f996788) [0x000071df3f996880, 0x000071df3f9969d8] Compiler: c1, Barriers: 1, Oops: 0, ImmediateOops: 0, NonImmediateOops: No
[2,356s][debug][gc,nmethod     ] GC(0) O: Unregister NMethod: jdk.internal.classfile.impl.RawBytecodeHelper.next (0x000071df3f449f08) [0x000071df3f44a000, 0x000071df3f44a778] 
[2,356s][debug][gc,nmethod     ] GC(0) O: Unregister NMethod: jdk.internal.foreign.NativeMemorySegmentImpl.dup (0x000071df5ec6e588) [0x000071df5ec6e6a0, 0x000071df5ec6e7f0] 
[2,356s][debug][gc,nmethod     ] GC(0) O: Unregister NMethod: java.util.concurrent.ConcurrentHashMap.putVal (0x000071df3f414888) [0x000071df3f414980, 0x000071df3f416e78] 
[2,356s][debug][gc,nmethod     ] GC(0) O: Unregister NMethod: jdk.internal.classfile.impl.SplitConstantPool.canWriteDirect (0x000071df3f449808) [0x000071df3f449900, 0x000071df3f449bf8] 
[2,356s][debug][gc,nmethod     ] GC(0) O: Unregister NMethod: java.lang.StringLatin1.lastIndexOf (0x000071df3f44ce88) [0x000071df3f44cf80, 0x000071df3f44d348] 
[2,356s][debug][gc,nmethod     ] GC(0) O: Unregister NMethod: jdk.internal.misc.Unsafe.allocateUninitializedArray (0x000071df3f422888) [0x000071df3f422980, 0x000071df3f422f48] 
[2,356s][debug][gc,nmethod     ] GC(0) O: Unregister NMethod: sun.net.www.ParseUtil.firstEncodeIndex (0x000071df3f456708) [0x000071df3f456800, 0x000071df3f4576d8] 
[2,357s][debug][gc,nmethod     ] GC(0) O: Unregister NMethod: jdk.internal.classfile.impl.BufWriterImpl.writeUtfEntry (0x000071df3f466788) [0x000071df3f466880, 0x000071df3f469640] 
[2,357s][debug][gc,nmethod     ] GC(0) O: Unregister NMethod: java.lang.StringUTF16.getChar (0x000071df3f670a88) [0x000071df3f670b80, 0x000071df3f670ce0] 
[2,357s][debug][gc,nmethod     ] GC(0) O: Unregister NMethod: java.lang.String.startsWith (0x000071df3f74ea88) [0x000071df3f74eb80, 0x000071df3f74fda0] 
[2,357s][debug][gc,nmethod     ] GC(0) O: Unregister NMethod: java.util.HashMap$HashIterator.hasNext (0x000071df3f42ff88) [0x000071df3f430080, 0x000071df3f430200] 
[2,357s][debug][gc,nmethod     ] GC(0) O: Unregister NMethod: java.lang.StringLatin1.indexOf (0x000071df3f44f608) [0x000071df3f44f700, 0x000071df3f44fa58] 
[2,357s][debug][gc,nmethod     ] GC(0) O: Unregister NMethod: java.util.concurrent.ConcurrentHashMap.get (0x000071df5ec34108) [0x000071df5ec34200, 0x000071df5ec34d38] 
[2,357s][debug][gc,nmethod     ] GC(0) O: Unregister NMethod: java.lang.ref.Reference.reachabilityFence (0x000071df3f476588) [0x000071df3f476680, 0x000071df3f476760] 
[2,357s][debug][gc,nmethod     ] GC(0) O: Unregister NMethod: java.util.zip.ZipFile$CleanableResource.releaseInflater (0x000071df3f550608) [0x000071df3f550700, 0x000071df3f550c58] 
[2,357s][debug][gc,nmethod     ] GC(0) O: Unregister NMethod: java.util.WeakHashMap.remove (0x000071df3f4ced88) [0x000071df3f4cee80, 0x000071df3f4d0290] 
[2,357s][debug][gc,nmethod     ] GC(0) O: Unregister NMethod: sun.util.locale.BaseLocale.hashCode (0x000071df3f62a788) [0x000071df3f62a880, 0x000071df3f62e708] 
[2,357s][debug][gc,nmethod     ] Register NMethod: java.lang.invoke.MethodHandles$Lookup.findConstructor (0x000071df3f996a88) [0x000071df3f996b80, 0x000071df3f9980a8] Compiler: c1, Barriers: 2, Oops: 1, ImmediateOops: 3, NonImmediateOops: No
[2,357s][debug][gc,nmethod     ] GC(0) O: Unregister NMethod: jdk.internal.classfile.impl.SplitConstantPool.map (0x000071df3f419a88) [0x000071df3f419ba0, 0x000071df3f41b2a0] 
[2,357s][debug][gc,nmethod     ] GC(0) O: Unregister NMethod: java.lang.String.indexOf (0x000071df3f4d5788) [0x000071df3f4d5880, 0x000071df3f4d6238] 
[2,357s][debug][gc,nmethod     ] GC(0) O: Unregister NMethod: java.lang.StringLatin1.indexOf (0x000071df3f411308) [0x000071df3f411400, 0x000071df3f411888] 
[2,357s][debug][gc,nmethod     ] GC(0) O: Unregister NMethod: java.util.Objects.requireNonNull (0x000071df3f405808) [0x000071df3f405900, 0x000071df3f405ad0] 
[2,357s][debug][gc,nmethod     ] GC(0) O: Unregister NMethod: java.util.jar.Manifest$FastInputStream.readLine (0x000071df3f483e08) [0x000071df3f483f00, 0x000071df3f484758] 
[2,357s][debug][gc,nmethod     ] GC(0) O: Unregister NMethod: java.lang.AbstractStringBuilder.ensureCapacityNewCoder (0x000071df3f474c88) [0x000071df3f474d80, 0x000071df3f475090] 
[2,357s][debug][gc,nmethod     ] GC(0) O: Unregister NMethod: java.lang.StringBuilder.append (0x000071df3f44be08) [0x000071df3f44bf00, 0x000071df3f44c048] 
[2,357s][debug][gc,nmethod     ] GC(0) O: Unregister NMethod: java.util.zip.Checksum.update (0x000071df3f5e2088) [0x000071df3f5e2180, 0x000071df3f5e2308] 
[2,357s][debug][gc,nmethod     ] GC(0) O: Unregister NMethod: java.nio.DirectLongBufferU.ix (0x000071df3f486688) [0x000071df3f486780, 0x000071df3f486890] 
[2,357s][debug][gc,nmethod     ] GC(0) O: Unregister NMethod: java.lang.StringLatin1.regionMatchesCI (0x000071df3f4c3988) [0x000071df3f4c3a80, 0x000071df3f4c3d20] 
[2,357s][debug][gc,nmethod     ] GC(0) O: Unregister NMethod: sun.nio.fs.UnixPath.checkNotNul (0x000071df3f46e408) [0x000071df3f46e500, 0x000071df3f46e6a0] 
[2,357s][debug][gc,nmethod     ] GC(0) O: Unregister NMethod: java.util.HashMap.getNode (0x000071df3f42e808) [0x000071df3f42e900, 0x000071df3f42fc10] 
[2,357s][debug][gc,nmethod     ] GC(0) O: Unregister NMethod: jdk.internal.classfile.impl.StackMapGenerator.of (0x000071df3f774b88) [0x000071df3f774c80, 0x000071df3f7761f0] 
[2,357s][debug][gc,nmethod     ] GC(0) O: Unregister NMethod: jdk.internal.foreign.AbstractMemorySegmentImpl.asSlice (0x000071df3f805f08) [0x000071df3f806000, 0x000071df3f8064f8] 
[2,357s][debug][gc,nmethod     ] GC(0) O: Unregister NMethod: java.util.WeakHashMap.put (0x000071df3f534e08) [0x000071df3f534f00, 0x000071df3f536840] 
[2,357s][debug][gc,nmethod     ] GC(0) O: Unregister NMethod: io.sirix.cache.LinuxMemorySegmentAllocator.partitionVirtualRegion (0x000071df5ec72188) [0x000071df5ec72280, 0x000071df5ec73b18] 
[2,357s][debug][gc,nmethod     ] GC(0) O: Unregister NMethod: java.lang.String.coder (0x000071df3f40bd08) [0x000071df3f40be00, 0x000071df3f40bf28] 
[2,357s][debug][gc,nmethod     ] GC(0) O: Unregister NMethod: jdk.internal.classfile.impl.BufWriterImpl.cpIndex (0x000071df3f460988) [0x000071df3f460a80, 0x000071df3f462a78] 
[2,357s][debug][gc,nmethod     ] GC(0) O: Unregister NMethod: jdk.internal.foreign.AbstractMemorySegmentImpl.asSlice (0x000071df5ec6d488) [0x000071df5ec6d580, 0x000071df5ec6d768] 
[2,357s][debug][gc,nmethod     ] GC(0) O: Unregister NMethod: java.nio.DirectByteBuffer.ix (0x000071df3f4bf088) [0x000071df3f4bf180, 0x000071df3f4bf288] 
[2,357s][debug][gc,nmethod     ] GC(0) O: Unregister NMethod: java.lang.Object.<init> (0x000071df3f400388) [0x000071df3f400480, 0x000071df3f400580] 
[2,357s][debug][gc,nmethod     ] GC(0) O: Unregister NMethod: java.lang.AbstractStringBuilder.<init> (0x000071df3f475108) [0x000071df3f475200, 0x000071df3f475488] 
[2,357s][debug][gc,nmethod     ] GC(0) O: Unregister NMethod: java.util.jar.JarFile.getEntry (0x000071df5ec3cc88) [0x000071df5ec3cd80, 0x000071df5ec3e1f0] 
[2,357s][debug][gc,nmethod     ] GC(0) O: Unregister NMethod: java.util.concurrent.ConcurrentLinkedDeque.linkLast (0x000071df3f813008) [0x000071df3f813100, 0x000071df3f8181f8] 
[2,357s][debug][gc,nmethod     ] GC(0) O: Unregister NMethod: java.util.HashMap.put (0x000071df5ec2d908) [0x000071df5ec2da20, 0x000071df5ec2f248] 
[2,357s][debug][gc,nmethod     ] GC(0) O: Unregister NMethod: java.util.zip.ZipFile$Source.checkAndAddEntry (0x000071df3f471d08) [0x000071df3f471e00, 0x000071df3f474100] 
[2,357s][debug][gc,nmethod     ] GC(0) O: Unregister NMethod: io.sirix.cache.LinuxMemorySegmentAllocator.partitionVirtualRegion (0x000071df3f818288) [0x000071df3f818380, 0x000071df3f819300] 
[2,357s][debug][gc,nmethod     ] GC(0) O: Unregister NMethod: jdk.internal.util.StrongReferenceKey.hashCode (0x000071df3f41d908) [0x000071df3f41da00, 0x000071df3f41df10] 
[2,357s][debug][gc,nmethod     ] GC(0) O: Unregister NMethod: worker.org.gradle.internal.stream.EncodedStream$EncodedInput.read (0x000071df3f451708) [0x000071df3f451800, 0x000071df3f451f58] 
[2,357s][debug][gc,nmethod     ] GC(0) O: Unregister NMethod: java.util.regex.Pattern$BmpCharPropertyGreedy.match (0x000071df3f624c88) [0x000071df3f624d80, 0x000071df3f6256f0] 
[2,357s][debug][gc,nmethod     ] GC(0) O: Unregister NMethod: jdk.internal.jimage.ImageStringsReader.unmaskedHashCode (0x000071df3f51a108) [0x000071df3f51a200, 0x000071df3f51b400] 
[2,357s][debug][gc,nmethod     ] GC(0) O: Unregister NMethod: java.lang.String.charAt (0x000071df3f671388) [0x000071df3f671480, 0x000071df3f671bb8] 
[2,357s][debug][gc,nmethod     ] GC(0) O: Unregister NMethod: jdk.internal.classfile.impl.SplitConstantPool.utf8Entry (0x000071df3f465b88) [0x000071df3f465c80, 0x000071df3f466778] 
[2,357s][debug][gc,nmethod     ] GC(0) O: Unregister NMethod: java.util.HashMap.get (0x000071df3f430a08) [0x000071df3f430b00, 0x000071df3f430e98] 
[2,358s][debug][gc,nmethod     ] GC(0) O: Unregister NMethod: java.util.zip.ZipUtils.get16 (0x000071df3f44d988) [0x000071df3f44da80, 0x000071df3f44de80] 
[2,358s][debug][gc,nmethod     ] GC(0) O: Unregister NMethod: java.lang.String.getBytes (0x000071df3f464c88) [0x000071df3f464d80, 0x000071df3f465b08] 
[2,358s][debug][gc,nmethod     ] GC(0) O: Unregister NMethod: jdk.internal.loader.URLClassPath$JarLoader.getResource (0x000071df5ec42908) [0x000071df5ec42a00, 0x000071df5ec44120] 
[2,358s][debug][gc,nmethod     ] GC(0) O: Unregister NMethod: java.util.concurrent.ConcurrentHashMap.putVal (0x000071df5ec2f588) [0x000071df5ec2f680, 0x000071df5ec30798] 
[2,358s][debug][gc,nmethod     ] Register NMethod: it.unimi.dsi.fastutil.HashCommon.mix (0x000071df3f998108) [0x000071df3f998200, 0x000071df3f9982f0] Compiler: c1, Barriers: 0, Oops: 1, ImmediateOops: 0, NonImmediateOops: No
[2,358s][debug][gc,nmethod     ] GC(0) O: Unregister NMethod: java.lang.StringLatin1.getBytes (0x000071df3f464988) [0x000071df3f464a80, 0x000071df3f464c18] 
[2,358s][debug][gc,nmethod     ] GC(0) O: Unregister NMethod: java.lang.String.replace (0x000071df3f46c688) [0x000071df3f46c780, 0x000071df3f46cc88] 
[2,358s][debug][gc,nmethod     ] GC(0) O: Unregister NMethod: java.lang.String.hashCode (0x000071df3f400988) [0x000071df3f400a80, 0x000071df3f401028] 
[2,358s][debug][gc,nmethod     ] GC(0) O: Unregister NMethod: jdk.internal.misc.Unsafe.getShortUnaligned (0x000071df3f44e488) [0x000071df3f44e580, 0x000071df3f44e7a8] 
[2,358s][debug][gc,nmethod     ] GC(0) O: Unregister NMethod: java.lang.Integer.rotateLeft (0x000071df3f578508) [0x000071df3f578600, 0x000071df3f5786f0] 
[2,358s][debug][gc,nmethod     ] GC(0) O: Unregister NMethod: java.lang.invoke.InvokerBytecodeGenerator.emitPushArgument (0x000071df3f6a0d88) [0x000071df3f6a0e80, 0x000071df3f6a3a48] 
[2,358s][debug][gc,nmethod     ] GC(0) O: Unregister NMethod: java.util.zip.ZipCoder.hash (0x000071df3f485708) [0x000071df3f485800, 0x000071df3f486638] 
[2,358s][debug][gc,nmethod     ] GC(0) O: Unregister NMethod: jdk.internal.loader.URLClassPath$JarLoader.findResource (0x000071df3f67e188) [0x000071df3f67e280, 0x000071df3f67e488] 
[2,358s][debug][gc,nmethod     ] GC(0) O: Unregister NMethod: java.lang.System$1.uncheckedCountPositives (0x000071df3f46f908) [0x000071df3f46fa00, 0x000071df3f46fc58] 
[2,358s][debug][gc,nmethod     ] GC(0) O: Unregister NMethod: java.lang.StringCoding.countPositives (0x000071df3f46e088) [0x000071df3f46e180, 0x000071df3f46e388] 
[2,358s][debug][gc,nmethod     ] GC(0) O: Unregister NMethod: java.lang.StringLatin1.canEncode (0x000071df3f40f108) [0x000071df3f40f200, 0x000071df3f40f360] 
[2,358s][debug][gc,nmethod     ] GC(0) O: Unregister NMethod: java.util.zip.ZipFile$Source.nextEntryPos (0x000071df3f470e08) [0x000071df3f470f00, 0x000071df3f4711b8] 
[2,358s][debug][gc,nmethod     ] GC(0) O: Unregister NMethod: java.util.jar.JarFile.getJarEntry (0x000071df3f486988) [0x000071df3f486a80, 0x000071df3f487328] 
[2,358s][debug][gc,nmethod     ] GC(0) O: Unregister NMethod: sun.reflect.generics.parser.SignatureParser.current (0x000071df3f5ac688) [0x000071df3f5ac780, 0x000071df3f5ad590] 
[2,358s][debug][gc,nmethod     ] GC(0) O: Unregister NMethod: java.util.zip.ZipUtils.get32 (0x000071df3f454c88) [0x000071df3f454d80, 0x000071df3f455188] 
[2,358s][debug][gc,nmethod     ] GC(0) O: Unregister NMethod: java.util.ImmutableCollections$SetN$SetNIterator.hasNext (0x000071df3f406d88) [0x000071df3f406e80, 0x000071df3f406fd0] 
[2,358s][debug][gc,nmethod     ] GC(0) O: Unregister NMethod: java.util.zip.ZipUtils.CENLEN (0x000071df3f46f608) [0x000071df3f46f700, 0x000071df3f46f810] 
[2,358s][debug][gc,nmethod     ] GC(0) O: Unregister NMethod: java.lang.Class.cast (0x000071df3f550f88) [0x000071df3f551080, 0x000071df3f5514d8] 
[2,358s][debug][gc,nmethod     ] GC(0) O: Unregister NMethod: sun.util.locale.LocaleUtils.toLower (0x000071df3f629a88) [0x000071df3f629b80, 0x000071df3f629d80] 
[2,358s][debug][gc,nmethod     ] GC(0) O: Unregister NMethod: java.lang.AbstractStringBuilder.append (0x000071df3f44c108) [0x000071df3f44c200, 0x000071df3f44ce50] 
[2,358s][debug][gc,nmethod     ] GC(0) O: Unregister NMethod: java.lang.String.startsWith (0x000071df5ec3e988) [0x000071df5ec3ea80, 0x000071df5ec3ed78] 
[2,358s][debug][gc,nmethod     ] GC(0) O: Unregister NMethod: java.util.zip.ZipFile$Source.isMetaName (0x000071df5ec11508) [0x000071df5ec11600, 0x000071df5ec11930] 
[2,358s][debug][gc,nmethod     ] GC(0) O: Unregister NMethod: io.sirix.cache.LinuxMemorySegmentAllocator.partitionVirtualRegion (0x000071df3f819388) [0x000071df3f819480, 0x000071df3f81a298] 
[2,358s][debug][gc,nmethod     ] GC(0) O: Unregister NMethod: java.lang.String.regionMatches (0x000071df3f4c5488) [0x000071df3f4c5580, 0x000071df3f4c6978] 
[2,358s][debug][gc,nmethod     ] Register NMethod: java.util.concurrent.atomic.AtomicInteger.<init> (0x000071df3f998408) [0x000071df3f998500, 0x000071df3f9986c0] Compiler: c1, Barriers: 0, Oops: 0, ImmediateOops: 0, NonImmediateOops: No
[2,358s][debug][gc,nmethod     ] GC(0) O: Unregister NMethod: java.lang.module.ModuleDescriptor$Exports.isQualified (0x000071df3f427b08) [0x000071df3f427c00, 0x000071df3f427f90] 
[2,358s][debug][gc,nmethod     ] GC(0) O: Unregister NMethod: java.util.concurrent.ConcurrentHashMap.casTabAt (0x000071df3f443888) [0x000071df3f443980, 0x000071df3f443af0] 
[2,358s][debug][gc,nmethod     ] Register NMethod: io.sirix.page.PageReference.getKey (0x000071df5ecb2788) [0x000071df5ecb2880, 0x000071df5ecb2940] Compiler: c1, Barriers: 0, Oops: 1, ImmediateOops: 0, NonImmediateOops: No
[2,358s][debug][gc,nmethod     ] GC(0) O: Unregister NMethod: java.util.HashMap.resize (0x000071df3f43db88) [0x000071df3f43dca0, 0x000071df3f43f980] 
[2,358s][debug][gc,nmethod     ] Register NMethod: io.sirix.page.AbstractForwardingPage.getOrCreateReference (0x000071df3f998708) [0x000071df3f998800, 0x000071df3f998d10] Compiler: c1, Barriers: 0, Oops: 1, ImmediateOops: 0, NonImmediateOops: No
[2,358s][debug][gc,nmethod     ] GC(0) O: Unregister NMethod: java.io.BufferedInputStream.getBufIfOpen (0x000071df5ebfab08) [0x000071df5ebfac00, 0x000071df5ebfad30] 
[2,358s][debug][gc,nmethod     ] GC(0) O: Unregister NMethod: java.util.HashMap.putVal (0x000071df3f435888) [0x000071df3f435980, 0x000071df3f437d10] 
[2,358s][debug][gc,nmethod     ] GC(0) O: Unregister NMethod: java.lang.String.charAt (0x000071df3f40e708) [0x000071df3f40e800, 0x000071df3f40ed90] 
[2,358s][debug][gc,nmethod     ] GC(0) O: Unregister NMethod: java.lang.Integer.hashCode (0x000071df3f52c788) [0x000071df3f52c880, 0x000071df3f52c9d8] 
[2,358s][debug][gc,nmethod     ] GC(0) O: Unregister NMethod: java.io.BufferedInputStream.getBufIfOpen (0x000071df3f450908) [0x000071df3f450a00, 0x000071df3f450b38] 
[2,358s][debug][gc,nmethod     ] GC(0) O: Unregister NMethod: java.util.HashMap.putVal (0x000071df3f42ca08) [0x000071df3f42cb00, 0x000071df3f42e7e0] 
[2,358s][debug][gc,nmethod     ] GC(0) O: Unregister NMethod: java.lang.Math.min (0x000071df3f416e88) [0x000071df3f416f80, 0x000071df3f4170a8] 
[2,359s][debug][gc,nmethod     ] GC(0) O: Unregister NMethod: java.util.concurrent.ConcurrentHashMap.tabAt (0x000071df3f412908) [0x000071df3f412a00, 0x000071df3f412f48] 
[2,359s][debug][gc,nmethod     ] GC(0) O: Unregister NMethod: java.lang.AbstractStringBuilder.append (0x000071df3f48ec88) [0x000071df3f48ed80, 0x000071df3f48f238] 
[2,359s][debug][gc,nmethod     ] GC(0) O: Unregister NMethod: java.util.regex.Pattern$BmpCharPropertyGreedy.match (0x000071df5ec29888) [0x000071df5ec29980, 0x000071df5ec29d50] 
[2,359s][debug][gc,nmethod     ] GC(0) O: Unregister NMethod: java.lang.StringLatin1.newString (0x000071df3f440d88) [0x000071df3f440e80, 0x000071df3f4411a0] 
[2,359s][debug][gc,nmethod     ] GC(0) O: Unregister NMethod: java.lang.String.getBytes (0x000071df3f418508) [0x000071df3f418600, 0x000071df3f418b08] 
[2,359s][debug][gc,nmethod     ] GC(0) O: Unregister NMethod: java.lang.String.startsWith (0x000071df3f40fb88) [0x000071df3f40fc80, 0x000071df3f410f00] 
[2,359s][debug][gc,nmethod     ] GC(0) O: Unregister NMethod: java.util.ImmutableCollections$SetN.probe (0x000071df3f401388) [0x000071df3f401480, 0x000071df3f401ca8] 
[2,359s][debug][gc,nmethod     ] GC(0) O: Unregister NMethod: java.util.concurrent.ConcurrentHashMap.setTabAt (0x000071df3f46cd08) [0x000071df3f46ce00, 0x000071df3f46d100] 
[2,359s][debug][gc,nmethod     ] GC(0) O: Unregister NMethod: java.io.BufferedInputStream.read (0x000071df5ebfb488) [0x000071df5ebfb580, 0x000071df5ebfb860] 
[2,359s][debug][gc,nmethod     ] GC(0) O: Unregister NMethod: jdk.internal.misc.Unsafe.getIntUnaligned (0x000071df5ec00508) [0x000071df5ec00600, 0x000071df5ec006c0] 
[2,359s][debug][gc,nmethod     ] GC(0) O: Unregister NMethod: java.lang.String.toString (0x000071df3f4e7c08) [0x000071df3f4e7d00, 0x000071df3f4e7e00] 
[2,359s][debug][gc,phases      ] GC(0) O: Concurrent Classes Unlink 6,385ms
[2,359s][debug][gc,phases,start] GC(0) O: Concurrent Classes Purge
[2,359s][debug][gc,nmethod     ] GC(0) O: Purge NMethod: jdk.internal.classfile.impl.SplitConstantPool.internalAdd (0x000071df3f425c08) [0x000071df3f425d00, 0x000071df3f426ae8] 
[2,359s][debug][gc,nmethod     ] GC(0) O: Purge NMethod: java.lang.invoke.VarHandleGuards.guard_LL_V (0x000071df3f80b788) [0x000071df3f80b880, 0x000071df3f810468] 
[2,359s][debug][gc,nmethod     ] GC(0) O: Purge NMethod: jdk.internal.util.ArraysSupport.unsignedHashCode (0x000071df3f400008) [0x000071df3f400100, 0x000071df3f400310] 
[2,359s][debug][gc,nmethod     ] GC(0) O: Purge NMethod: jdk.internal.classfile.impl.UnboundAttribute$AdHocAttribute.writeTo (0x000071df3f6c2908) [0x000071df3f6c2a00, 0x000071df3f6c4440] 
[2,359s][debug][gc,nmethod     ] GC(0) O: Purge NMethod: java.net.URLClassLoader.findClass (0x000071df3f601b88) [0x000071df3f601c80, 0x000071df3f6048a0] 
[2,359s][debug][gc,nmethod     ] GC(0) O: Purge NMethod: jdk.internal.misc.Unsafe.weakCompareAndSetReference (0x000071df3f80b488) [0x000071df3f80b580, 0x000071df3f80b700] 
[2,359s][debug][gc,nmethod     ] GC(0) O: Purge NMethod: jdk.internal.constant.MethodTypeDescImpl.parameterCount (0x000071df3f4c0f88) [0x000071df3f4c1080, 0x000071df3f4c11b8] 
[2,359s][debug][gc,nmethod     ] GC(0) O: Purge NMethod: io.sirix.cache.LinuxMemorySegmentAllocator.partitionVirtualRegion (0x000071df5ec6fb08) [0x000071df5ec6fc00, 0x000071df5ec70b70] 
[2,359s][debug][gc,nmethod     ] GC(0) O: Purge NMethod: java.util.WeakHashMap.getTable (0x000071df3f48aa88) [0x000071df3f48ab80, 0x000071df3f48acf8] 
[2,359s][debug][gc,nmethod     ] GC(0) O: Purge NMethod: java.util.Arrays.copyOfRange (0x000071df3f43f988) [0x000071df3f43fa80, 0x000071df3f440d50] 
[2,359s][debug][gc,nmethod     ] GC(0) O: Purge NMethod: java.util.zip.ZipUtils.CENHOW (0x000071df3f46f308) [0x000071df3f46f400, 0x000071df3f46f510] 
[2,359s][debug][gc,nmethod     ] GC(0) O: Purge NMethod: jdk.internal.foreign.AbstractMemorySegmentImpl.asSlice (0x000071df5ec6d788) [0x000071df5ec6d880, 0x000071df5ec6da68] 
[2,359s][debug][gc,nmethod     ] GC(0) O: Purge NMethod: java.lang.ref.ReferenceQueue.poll (0x000071df3f417f88) [0x000071df3f418080, 0x000071df3f4184a0] 
[2,359s][debug][gc,nmethod     ] GC(0) O: Purge NMethod: java.util.ImmutableCollections$ListN.size (0x000071df3f5a5488) [0x000071df3f5a5580, 0x000071df3f5a56b8] 
[2,359s][debug][gc,nmethod     ] GC(0) O: Purge NMethod: java.lang.StringBuilder.toString (0x000071df3f475508) [0x000071df3f475600, 0x000071df3f475a38] 
[2,359s][debug][gc,nmethod     ] GC(0) O: Purge NMethod: java.lang.classfile.CodeBuilder.invoke (0x000071df3f7a1e88) [0x000071df3f7a1f80, 0x000071df3f7a2718] 
[2,359s][debug][gc,nmethod     ] GC(0) O: Purge NMethod: jdk.internal.misc.Unsafe.getIntUnaligned (0x000071df3f454608) [0x000071df3f454700, 0x000071df3f454948] 
[2,359s][debug][gc,nmethod     ] GC(0) O: Purge NMethod: java.util.HashMap.putIfAbsent (0x000071df5ec17888) [0x000071df5ec179a0, 0x000071df5ec191b0] 
[2,359s][debug][gc,nmethod     ] GC(0) O: Purge NMethod: jdk.internal.classfile.impl.DirectCodeBuilder$4.writeBody (0x000071df3f6ce008) [0x000071df3f6ce100, 0x000071df3f6d20e8] 
[2,359s][debug][gc,nmethod     ] GC(0) O: Purge NMethod: java.util.HashMap.get (0x000071df3f432488) [0x000071df3f432580, 0x000071df3f432918] 
[2,359s][debug][gc,nmethod     ] GC(0) O: Purge NMethod: java.lang.StringLatin1.replace (0x000071df3f453408) [0x000071df3f453500, 0x000071df3f4545a0] 
[2,359s][debug][gc,nmethod     ] GC(0) O: Purge NMethod: java.util.jar.JarFile.checkForSpecialAttributes (0x000071df3f4c3d88) [0x000071df3f4c3e80, 0x000071df3f4c5460] 
[2,359s][debug][gc,nmethod     ] GC(0) O: Purge NMethod: java.lang.StringBuilder.length (0x000071df3f44f308) [0x000071df3f44f400, 0x000071df3f44f518] 
[2,359s][debug][gc,nmethod     ] GC(0) O: Purge NMethod: jdk.internal.loader.URLClassPath$JarLoader.ensureOpen (0x000071df3f47f108) [0x000071df3f47f200, 0x000071df3f47f468] 
[2,359s][debug][gc,nmethod     ] GC(0) O: Purge NMethod: io.sirix.cache.LinuxMemorySegmentAllocator.partitionVirtualRegion (0x000071df5ec76d88) [0x000071df5ec76e80, 0x000071df5ec78ca8] 
[2,359s][debug][gc,nmethod     ] GC(0) O: Purge NMethod: jdk.internal.foreign.AbstractMemorySegmentImpl.asSliceNoCheck (0x000071df3f809c08) [0x000071df3f809d00, 0x000071df3f80a040] 
[2,359s][debug][gc,nmethod     ] GC(0) O: Purge NMethod: java.lang.String.startsWith (0x000071df3f410f08) [0x000071df3f411000, 0x000071df3f4112f8] 
[2,359s][debug][gc,nmethod     ] GC(0) O: Purge NMethod: java.util.zip.ZipFile.ensureOpen (0x000071df3f478f88) [0x000071df3f479080, 0x000071df3f479350] 
[2,359s][debug][gc,nmethod     ] GC(0) O: Purge NMethod: java.util.AbstractCollection.<init> (0x000071df3f407388) [0x000071df3f407480, 0x000071df3f4075d8] 
[2,359s][debug][gc,nmethod     ] GC(0) O: Purge NMethod: java.lang.ref.Reference.<init> (0x000071df3f469c88) [0x000071df3f469d80, 0x000071df3f46a018] 
[2,359s][debug][gc,nmethod     ] GC(0) O: Purge NMethod: java.lang.CharacterDataLatin1.equalsIgnoreCase (0x000071df5ec4ea88) [0x000071df5ec4eb80, 0x000071df5ec4ec90] 
[2,359s][debug][gc,nmethod     ] GC(0) O: Purge NMethod: java.util.HashMap.afterNodeInsertion (0x000071df3f42a308) [0x000071df3f42a400, 0x000071df3f42a500] 
[2,359s][debug][gc,nmethod     ] GC(0) O: Purge NMethod: jdk.internal.loader.URLClassPath.getLoader (0x000071df3f488308) [0x000071df3f488400, 0x000071df3f48a2c8] 
[2,359s][debug][gc,nmethod     ] GC(0) O: Purge NMethod: java.lang.CharacterDataLatin1.equalsIgnoreCase (0x000071df3f4c3188) [0x000071df3f4c3280, 0x000071df3f4c3518] 
[2,359s][debug][gc,nmethod     ] GC(0) O: Purge NMethod: java.util.HashMap.resize (0x000071df5ebf6088) [0x000071df5ebf61a0, 0x000071df5ebf6d00] 
[2,359s][debug][gc,nmethod     ] GC(0) O: Purge NMethod: java.lang.String.length (0x000071df3f40c008) [0x000071df3f40c100, 0x000071df3f40c480] 
[2,359s][debug][gc,nmethod     ] GC(0) O: Purge NMethod: jdk.internal.util.ArraysSupport.mismatch (0x000071df3f411c08) [0x000071df3f411d00, 0x000071df3f4120e0] 
[2,359s][debug][gc,nmethod     ] GC(0) O: Purge NMethod: java.lang.Math.max (0x000071df3f445008) [0x000071df3f445100, 0x000071df3f445228] 
[2,359s][debug][gc,nmethod     ] GC(0) O: Purge NMethod: worker.org.gradle.internal.stream.EncodedStream$EncodedInput.hexToByte (0x000071df3f451f88) [0x000071df3f452080, 0x000071df3f4527c8] 
[2,359s][debug][gc,nmethod     ] GC(0) O: Purge NMethod: java.util.zip.ZipFile$Source.isMetaName (0x000071df3f471208) [0x000071df3f471300, 0x000071df3f471760] 
[2,359s][debug][gc,nmethod     ] GC(0) O: Purge NMethod: java.lang.String.equals (0x000071df3f405b08) [0x000071df3f405c00, 0x000071df3f4062c0] 
[2,359s][debug][gc,nmethod     ] GC(0) O: Purge NMethod: java.util.zip.ZipFile$Source.getEntryPos (0x000071df3f481d08) [0x000071df3f481e00, 0x000071df3f483aa8] 
[2,359s][debug][gc,nmethod     ] GC(0) O: Purge NMethod: java.util.zip.ZipFile.zipCoderFor (0x000071df3f470888) [0x000071df3f470980, 0x000071df3f470dd0] 
[2,359s][debug][gc,nmethod     ] GC(0) O: Purge NMethod: java.util.HashMap.put (0x000071df3f42ae88) [0x000071df3f42af80, 0x000071df3f42b568] 
[2,359s][debug][gc,nmethod     ] GC(0) O: Purge NMethod: java.lang.invoke.InvokerBytecodeGenerator.emitStoreResult (0x000071df3f7b5688) [0x000071df3f7b5780, 0x000071df3f7b5e38] 
[2,359s][debug][gc,nmethod     ] GC(0) O: Purge NMethod: java.util.ImmutableCollections$SetN.isEmpty (0x000071df3f429088) [0x000071df3f429180, 0x000071df3f4292d0] 
[2,359s][debug][gc,nmethod     ] GC(0) O: Purge NMethod: jdk.internal.misc.Unsafe.putReferenceRelease (0x000071df3f46d108) [0x000071df3f46d200, 0x000071df3f46d378] 
[2,359s][debug][gc,nmethod     ] GC(0) O: Purge NMethod: java.lang.invoke.InvokerBytecodeGenerator.emitStaticInvoke (0x000071df3f7c1608) [0x000071df3f7c1700, 0x000071df3f7c3de8] 
[2,359s][debug][gc,nmethod     ] GC(0) O: Purge NMethod: jdk.internal.classfile.impl.RawBytecodeHelper.opcode (0x000071df3f44b508) [0x000071df3f44b600, 0x000071df3f44b708] 
[2,359s][debug][gc,nmethod     ] GC(0) O: Purge NMethod: jdk.internal.loader.Resource.getByteBuffer (0x000071df3f5dc588) [0x000071df3f5dc680, 0x000071df3f5dd3f8] 
[2,359s][debug][gc,nmethod     ] GC(0) O: Purge NMethod: jdk.internal.classfile.impl.SplitConstantPool.tryFindUtf8 (0x000071df3f45c008) [0x000071df3f45c100, 0x000071df3f45d938] 
[2,359s][debug][gc,nmethod     ] GC(0) O: Purge NMethod: java.util.ArrayList.get (0x000071df3f478288) [0x000071df3f478380, 0x000071df3f478628] 
[2,359s][debug][gc,nmethod     ] GC(0) O: Purge NMethod: java.util.HashMap.newNode (0x000071df3f42aa08) [0x000071df3f42ab00, 0x000071df3f42ae80] 
[2,359s][debug][gc,nmethod     ] GC(0) O: Purge NMethod: java.lang.invoke.VarForm.getMemberName (0x000071df3f57b488) [0x000071df3f57b580, 0x000071df3f57bd00] 
[2,359s][debug][gc,nmethod     ] GC(0) O: Purge NMethod: java.lang.String.isLatin1 (0x000071df3f40d408) [0x000071df3f40d500, 0x000071df3f40d660] 
[2,359s][debug][gc,nmethod     ] GC(0) O: Purge NMethod: java.util.jar.JarFile.getEntry (0x000071df3f487a88) [0x000071df3f487b80, 0x000071df3f4882c8] 
[2,359s][debug][gc,nmethod     ] GC(0) O: Purge NMethod: jdk.internal.util.ArraysSupport.hashCodeOfUnsigned (0x000071df3f405488) [0x000071df3f405580, 0x000071df3f4057f8] 
[2,359s][debug][gc,nmethod     ] GC(0) O: Purge NMethod: java.lang.StringCoding.countNonZeroAsciiLatin1 (0x000071df3f41e288) [0x000071df3f41e380, 0x000071df3f41e588] 
[2,359s][debug][gc,nmethod     ] GC(0) O: Purge NMethod: java.util.HashMap.putIfAbsent (0x000071df3f43d188) [0x000071df3f43d280, 0x000071df3f43d868] 
[2,359s][debug][gc,nmethod     ] GC(0) O: Purge NMethod: java.lang.String.hashCode (0x000071df5ebe8388) [0x000071df5ebe8480, 0x000071df5ebe8620] 
[2,359s][debug][gc,nmethod     ] GC(0) O: Purge NMethod: java.util.jar.JarFile.checkForSpecialAttributes (0x000071df3f480688) [0x000071df3f480780, 0x000071df3f481ce8] 
[2,359s][debug][gc,nmethod     ] GC(0) O: Purge NMethod: java.lang.invoke.MethodType.parameterCount (0x000071df3f421d88) [0x000071df3f421e80, 0x000071df3f421fb8] 
[2,359s][debug][gc,nmethod     ] GC(0) O: Purge NMethod: java.lang.String.hashCode (0x000071df3f417488) [0x000071df3f417580, 0x000071df3f417b28] 
[2,359s][debug][gc,nmethod     ] GC(0) O: Purge NMethod: java.util.zip.ZipFile$Source.isMetaName (0x000071df3f527708) [0x000071df3f527800, 0x000071df3f527c60] 
[2,359s][debug][gc,nmethod     ] GC(0) O: Purge NMethod: jdk.internal.loader.URLClassPath.getResource (0x000071df3f598e88) [0x000071df3f598f80, 0x000071df3f5993e8] 
[2,359s][debug][gc,nmethod     ] GC(0) O: Purge NMethod: java.lang.String.charAt (0x000071df5ebe8088) [0x000071df5ebe8180, 0x000071df5ebe82b0] 
[2,359s][debug][gc,nmethod     ] GC(0) O: Purge NMethod: jdk.internal.loader.Resource.cachedInputStream (0x000071df3f50ca08) [0x000071df3f50cb00, 0x000071df3f50d178] 
[2,359s][debug][gc,nmethod     ] GC(0) O: Purge NMethod: java.lang.invoke.MemberName.getReferenceKind (0x000071df3f47d208) [0x000071df3f47d300, 0x000071df3f47d410] 
[2,359s][debug][gc,nmethod     ] GC(0) O: Purge NMethod: java.util.zip.Checksum.update (0x000071df3f61e188) [0x000071df3f61e280, 0x000071df3f61e5b8] 
[2,359s][debug][gc,nmethod     ] GC(0) O: Purge NMethod: jdk.internal.loader.URLClassPath$JarLoader.getResource (0x000071df3f487388) [0x000071df3f487480, 0x000071df3f487a50] 
[2,359s][debug][gc,nmethod     ] GC(0) O: Purge NMethod: java.lang.StringBuilder.<init> (0x000071df3f477c88) [0x000071df3f477d80, 0x000071df3f477eb8] 
[2,359s][debug][gc,nmethod     ] GC(0) O: Purge NMethod: java.util.ImmutableCollections$ListN.get (0x000071df3f40b588) [0x000071df3f40b680, 0x000071df3f40b808] 
[2,359s][debug][gc,nmethod     ] GC(0) O: Purge NMethod: java.lang.StringUTF16.compress (0x000071df3f552608) [0x000071df3f552700, 0x000071df3f552930] 
[2,359s][debug][gc,nmethod     ] GC(0) O: Purge NMethod: java.io.BufferedInputStream.getBufIfOpen (0x000071df3f450c08) [0x000071df3f450d00, 0x000071df3f451118] 
[2,359s][debug][gc,nmethod     ] GC(0) O: Purge NMethod: java.net.URLClassLoader.defineClass (0x000071df3f604908) [0x000071df3f604a00, 0x000071df3f609298] 
[2,359s][debug][gc,nmethod     ] GC(0) O: Purge NMethod: java.lang.AbstractStringBuilder.needsNewBuffer (0x000071df5ec1df88) [0x000071df5ec1e080, 0x000071df5ec1e168] 
[2,359s][debug][gc,nmethod     ] GC(0) O: Purge NMethod: java.lang.String.<init> (0x000071df3f475a88) [0x000071df3f475b80, 0x000071df3f476520] 
[2,359s][debug][gc,nmethod     ] GC(0) O: Purge NMethod: jdk.internal.classfile.impl.RawBytecodeHelper.endBci (0x000071df3f449c08) [0x000071df3f449d00, 0x000071df3f449e38] 
[2,359s][debug][gc,nmethod     ] GC(0) O: Purge NMethod: java.util.zip.ZipCoder$UTF8ZipCoder.checkedHash (0x000071df3f471788) [0x000071df3f471880, 0x000071df3f471ca0] 
[2,359s][debug][gc,nmethod     ] GC(0) O: Purge NMethod: java.io.BufferedInputStream.read (0x000071df3f451188) [0x000071df3f451280, 0x000071df3f4516d8] 
[2,359s][debug][gc,nmethod     ] GC(0) O: Purge NMethod: java.util.concurrent.ConcurrentLinkedDeque.offer (0x000071df3f80a088) [0x000071df3f80a180, 0x000071df3f80a318] 
[2,359s][debug][gc,nmethod     ] GC(0) O: Purge NMethod: java.lang.classfile.CodeBuilder.checkcast (0x000071df3f711f88) [0x000071df3f712080, 0x000071df3f7129b8] 
[2,359s][debug][gc,nmethod     ] GC(0) O: Purge NMethod: java.lang.StringLatin1.equals (0x000071df3f401d08) [0x000071df3f401e00, 0x000071df3f402068] 
[2,359s][debug][gc,nmethod     ] GC(0) O: Purge NMethod: jdk.internal.classfile.impl.AbstractPoolEntry$Utf8EntryImpl.<init> (0x000071df3f45ea88) [0x000071df3f45eb80, 0x000071df3f45f3e8] 
[2,359s][debug][gc,nmethod     ] GC(0) O: Purge NMethod: java.util.jar.JarFile.isMultiRelease (0x000071df3f483b08) [0x000071df3f483c00, 0x000071df3f483df8] 
[2,359s][debug][gc,nmethod     ] GC(0) O: Purge NMethod: jdk.internal.util.Preconditions.checkIndex (0x000071df3f40e408) [0x000071df3f40e500, 0x000071df3f40e688] 
[2,359s][debug][gc,nmethod     ] GC(0) O: Purge NMethod: java.lang.invoke.VarHandle.checkAccessModeThenIsDirect (0x000071df3f57c608) [0x000071df3f57c700, 0x000071df3f57d8a8] 
[2,359s][debug][gc,nmethod     ] GC(0) O: Purge NMethod: java.lang.String.startsWith (0x000071df5ec3e208) [0x000071df5ec3e300, 0x000071df5ec3e618] 
[2,360s][debug][gc,nmethod     ] Register NMethod: java.lang.String.<init> (0x000071df3f998d88) [0x000071df3f998e80, 0x000071df3f999120] Compiler: c1, Barriers: 0, Oops: 0, ImmediateOops: 0, NonImmediateOops: No
[2,360s][debug][gc,nmethod     ] GC(0) O: Purge NMethod: java.util.zip.CRC32.<init> (0x000071df3f5df588) [0x000071df3f5df680, 0x000071df3f5df7d8] 
[2,360s][debug][gc,nmethod     ] GC(0) O: Purge NMethod: jdk.internal.loader.URLClassPath$JarLoader$1.getBytes (0x000071df3f5e2388) [0x000071df3f5e2480, 0x000071df3f5e2d68] 
[2,360s][debug][gc,nmethod     ] GC(0) O: Purge NMethod: jdk.internal.classfile.impl.EntryMap.put (0x000071df3f425408) [0x000071df3f425500, 0x000071df3f425bd0] 
[2,360s][debug][gc,nmethod     ] GC(0) O: Purge NMethod: java.util.HashMap.hash (0x000071df3f426b08) [0x000071df3f426c00, 0x000071df3f426f38] 
[2,360s][debug][gc,nmethod     ] GC(0) O: Purge NMethod: java.lang.CharacterDataLatin1.getProperties (0x000071df3f4e6208) [0x000071df3f4e6300, 0x000071df3f4e6430] 
[2,360s][debug][gc,nmethod     ] GC(0) O: Purge NMethod: java.lang.AbstractStringBuilder.newCapacity (0x000071df3f47e488) [0x000071df3f47e580, 0x000071df3f47e918] 
[2,360s][debug][gc,nmethod     ] GC(0) O: Purge NMethod: java.util.zip.ZipFile$CleanableResource.getInflater (0x000071df3f54c988) [0x000071df3f54ca80, 0x000071df3f54d1b0] 
[2,360s][debug][gc,nmethod     ] GC(0) O: Purge NMethod: java.lang.AbstractStringBuilder.needsNewBuffer (0x000071df3f444508) [0x000071df3f444600, 0x000071df3f4447a0] 
[2,360s][debug][gc,nmethod     ] GC(0) O: Purge NMethod: java.lang.StringLatin1.indexOfChar (0x000071df3f40ee08) [0x000071df3f40ef00, 0x000071df3f40f100] 
[2,360s][debug][gc,nmethod     ] GC(0) O: Purge NMethod: jdk.internal.foreign.AbstractMemorySegmentImpl.asSlice (0x000071df3f804408) [0x000071df3f804500, 0x000071df3f8047f8] 
[2,360s][debug][gc,nmethod     ] GC(0) O: Purge NMethod: java.util.Arrays.copyOf (0x000071df3f474488) [0x000071df3f474580, 0x000071df3f474948] 
[2,360s][debug][gc,nmethod     ] GC(0) O: Purge NMethod: java.lang.AbstractStringBuilder.needsNewBuffer (0x000071df3f670d88) [0x000071df3f670e80, 0x000071df3f671020] 
[2,360s][debug][gc,nmethod     ] GC(0) O: Purge NMethod: java.lang.String.indexOf (0x000071df3f40f408) [0x000071df3f40f500, 0x000071df3f40fb28] 
[2,360s][debug][gc,nmethod     ] GC(0) O: Purge NMethod: java.lang.invoke.MethodType.parameterType (0x000071df3f44b808) [0x000071df3f44b900, 0x000071df3f44ba88] 
[2,360s][debug][gc,nmethod     ] GC(0) O: Purge NMethod: jdk.internal.classfile.impl.BufWriterImpl.patchInt (0x000071df3f5f3a88) [0x000071df3f5f3b80, 0x000071df3f5f3d60] 
[2,360s][debug][gc,nmethod     ] GC(0) O: Purge NMethod: java.util.ImmutableCollections$SetN$SetNIterator.next (0x000071df3f413608) [0x000071df3f413700, 0x000071df3f413a68] 
[2,360s][debug][gc,nmethod     ] GC(0) O: Purge NMethod: java.util.HashSet.add (0x000071df3f42fc88) [0x000071df3f42fd80, 0x000071df3f42ff60] 
[2,360s][debug][gc,nmethod     ] GC(0) O: Purge NMethod: java.util.concurrent.ConcurrentHashMap.addCount (0x000071df3f413a88) [0x000071df3f413b80, 0x000071df3f414820] 
[2,360s][debug][gc,nmethod     ] GC(0) O: Purge NMethod: jdk.internal.classfile.impl.TerminalCodeBuilder.setupTopLocal (0x000071df3f6bca08) [0x000071df3f6bcb00, 0x000071df3f6bf088] 
[2,360s][debug][gc,nmethod     ] GC(0) O: Purge NMethod: java.util.BitSet.checkInvariants (0x000071df3f527f88) [0x000071df3f528080, 0x000071df3f5281b0] 
[2,360s][debug][gc,nmethod     ] GC(0) O: Purge NMethod: java.lang.String.isEmpty (0x000071df3f411908) [0x000071df3f411a00, 0x000071df3f411b88] 
[2,360s][debug][gc,nmethod     ] GC(0) O: Purge NMethod: jdk.internal.loader.URLClassPath$JarLoader.getResource (0x000071df3f4c1888) [0x000071df3f4c1980, 0x000071df3f4c22b0] 
[2,360s][debug][gc,nmethod     ] GC(0) O: Purge NMethod: jdk.internal.classfile.impl.AbstractPoolEntry$Utf8EntryImpl.writeTo (0x000071df3f45f408) [0x000071df3f45f500, 0x000071df3f45fd10] 
[2,360s][debug][gc,nmethod     ] GC(0) O: Purge NMethod: java.util.HashMap.putVal (0x000071df5ebf7108) [0x000071df5ebf7220, 0x000071df5ebf8af8] 
[2,360s][debug][gc,nmethod     ] GC(0) O: Purge NMethod: jdk.internal.foreign.AbstractMemorySegmentImpl.asSliceNoCheck (0x000071df5ec6dd88) [0x000071df5ec6de80, 0x000071df5ec6dff8] 
[2,360s][debug][gc,nmethod     ] GC(0) O: Purge NMethod: java.lang.Number.<init> (0x000071df3f528288) [0x000071df3f528380, 0x000071df3f5284d8] 
[2,360s][debug][gc,nmethod     ] GC(0) O: Purge NMethod: jdk.internal.classfile.impl.SplitConstantPool.entryByIndex (0x000071df3f41e908) [0x000071df3f41ea00, 0x000071df3f420ab0] 
[2,360s][debug][gc,nmethod     ] GC(0) O: Purge NMethod: java.lang.String.indexOf (0x000071df3f51c108) [0x000071df3f51c200, 0x000071df3f51cd00] 
[2,360s][debug][gc,nmethod     ] GC(0) O: Purge NMethod: java.lang.String.<init> (0x000071df5ec4a808) [0x000071df5ec4a900, 0x000071df5ec4ace0] 
[2,360s][debug][gc,nmethod     ] GC(0) O: Purge NMethod: jdk.internal.foreign.NativeMemorySegmentImpl.dup (0x000071df3f80a688) [0x000071df3f80a780, 0x000071df3f80ad78] 
[2,360s][debug][gc,nmethod     ] GC(0) O: Purge NMethod: java.util.Objects.requireNonNull (0x000071df3f421788) [0x000071df3f421880, 0x000071df3f421a58] 
[2,360s][debug][gc,nmethod     ] GC(0) O: Purge NMethod: java.lang.String.isLatin1 (0x000071df5ebe7a88) [0x000071df5ebe7b80, 0x000071df5ebe7c40] 
[2,360s][debug][gc,nmethod     ] GC(0) O: Purge NMethod: jdk.internal.loader.Resource.getBytes (0x000071df3f5da888) [0x000071df3f5da980, 0x000071df3f5dbe70] 
[2,360s][debug][gc,nmethod     ] GC(0) O: Purge NMethod: java.util.jar.JarFile.getEntry (0x000071df3f4c2308) [0x000071df3f4c2400, 0x000071df3f4c2b48] 
[2,360s][debug][gc,nmethod     ] GC(0) O: Purge NMethod: java.util.zip.ZipFile.getEntry (0x000071df3f484788) [0x000071df3f484880, 0x000071df3f484e48] 
[2,360s][debug][gc,nmethod     ] GC(0) O: Purge NMethod: jdk.internal.util.ReferencedKeyMap.removeStaleReferences (0x000071df3f418b88) [0x000071df3f418c80, 0x000071df3f4192a0] 
[2,360s][debug][gc,nmethod     ] GC(0) O: Purge NMethod: jdk.internal.classfile.impl.EntryMap.firstToken (0x000071df3f421188) [0x000071df3f421280, 0x000071df3f421770] 
[2,360s][debug][gc,nmethod     ] GC(0) O: Purge NMethod: java.lang.String.substring (0x000071df3f441688) [0x000071df3f441780, 0x000071df3f4422a0] 
[2,360s][debug][gc,nmethod     ] GC(0) O: Purge NMethod: java.lang.Class.isArray (0x000071df3f41df88) [0x000071df3f41e080, 0x000071df3f41e200] 
[2,360s][debug][gc,nmethod     ] GC(0) O: Purge NMethod: java.util.concurrent.ConcurrentHashMap.get (0x000071df3f41ba88) [0x000071df3f41bb80, 0x000071df3f41cb98] 
[2,360s][debug][gc,nmethod     ] GC(0) O: Purge NMethod: java.util.HashMap.put (0x000071df3f432988) [0x000071df3f432a80, 0x000071df3f433068] 
[2,360s][debug][gc,nmethod     ] GC(0) O: Purge NMethod: jdk.internal.classfile.impl.RawBytecodeHelper.next (0x000071df3f449f08) [0x000071df3f44a000, 0x000071df3f44a778] 
[2,360s][debug][gc,nmethod     ] GC(0) O: Purge NMethod: jdk.internal.foreign.NativeMemorySegmentImpl.dup (0x000071df5ec6e588) [0x000071df5ec6e6a0, 0x000071df5ec6e7f0] 
[2,360s][debug][gc,nmethod     ] GC(0) O: Purge NMethod: java.util.concurrent.ConcurrentHashMap.putVal (0x000071df3f414888) [0x000071df3f414980, 0x000071df3f416e78] 
[2,360s][debug][gc,nmethod     ] GC(0) O: Purge NMethod: jdk.internal.classfile.impl.SplitConstantPool.canWriteDirect (0x000071df3f449808) [0x000071df3f449900, 0x000071df3f449bf8] 
[2,360s][debug][gc,nmethod     ] GC(0) O: Purge NMethod: java.lang.StringLatin1.lastIndexOf (0x000071df3f44ce88) [0x000071df3f44cf80, 0x000071df3f44d348] 
[2,360s][debug][gc,nmethod     ] GC(0) O: Purge NMethod: jdk.internal.misc.Unsafe.allocateUninitializedArray (0x000071df3f422888) [0x000071df3f422980, 0x000071df3f422f48] 
[2,360s][debug][gc,nmethod     ] GC(0) O: Purge NMethod: sun.net.www.ParseUtil.firstEncodeIndex (0x000071df3f456708) [0x000071df3f456800, 0x000071df3f4576d8] 
[2,360s][debug][gc,nmethod     ] GC(0) O: Purge NMethod: jdk.internal.classfile.impl.BufWriterImpl.writeUtfEntry (0x000071df3f466788) [0x000071df3f466880, 0x000071df3f469640] 
[2,360s][debug][gc,nmethod     ] GC(0) O: Purge NMethod: java.lang.StringUTF16.getChar (0x000071df3f670a88) [0x000071df3f670b80, 0x000071df3f670ce0] 
[2,360s][debug][gc,nmethod     ] GC(0) O: Purge NMethod: java.lang.String.startsWith (0x000071df3f74ea88) [0x000071df3f74eb80, 0x000071df3f74fda0] 
[2,360s][debug][gc,nmethod     ] GC(0) O: Purge NMethod: java.util.HashMap$HashIterator.hasNext (0x000071df3f42ff88) [0x000071df3f430080, 0x000071df3f430200] 
[2,360s][debug][gc,nmethod     ] GC(0) O: Purge NMethod: java.lang.StringLatin1.indexOf (0x000071df3f44f608) [0x000071df3f44f700, 0x000071df3f44fa58] 
[2,360s][debug][gc,nmethod     ] GC(0) O: Purge NMethod: java.util.concurrent.ConcurrentHashMap.get (0x000071df5ec34108) [0x000071df5ec34200, 0x000071df5ec34d38] 
[2,360s][debug][gc,nmethod     ] GC(0) O: Purge NMethod: java.lang.ref.Reference.reachabilityFence (0x000071df3f476588) [0x000071df3f476680, 0x000071df3f476760] 
[2,360s][debug][gc,nmethod     ] GC(0) O: Purge NMethod: java.util.zip.ZipFile$CleanableResource.releaseInflater (0x000071df3f550608) [0x000071df3f550700, 0x000071df3f550c58] 
[2,360s][debug][gc,nmethod     ] GC(0) O: Purge NMethod: java.util.WeakHashMap.remove (0x000071df3f4ced88) [0x000071df3f4cee80, 0x000071df3f4d0290] 
[2,360s][debug][gc,nmethod     ] GC(0) O: Purge NMethod: sun.util.locale.BaseLocale.hashCode (0x000071df3f62a788) [0x000071df3f62a880, 0x000071df3f62e708] 
[2,360s][debug][gc,nmethod     ] GC(0) O: Purge NMethod: jdk.internal.classfile.impl.SplitConstantPool.map (0x000071df3f419a88) [0x000071df3f419ba0, 0x000071df3f41b2a0] 
[2,360s][debug][gc,nmethod     ] GC(0) O: Purge NMethod: java.lang.String.indexOf (0x000071df3f4d5788) [0x000071df3f4d5880, 0x000071df3f4d6238] 
[2,360s][debug][gc,nmethod     ] GC(0) O: Purge NMethod: java.lang.StringLatin1.indexOf (0x000071df3f411308) [0x000071df3f411400, 0x000071df3f411888] 
[2,360s][debug][gc,nmethod     ] GC(0) O: Purge NMethod: java.util.Objects.requireNonNull (0x000071df3f405808) [0x000071df3f405900, 0x000071df3f405ad0] 
[2,360s][debug][gc,nmethod     ] GC(0) O: Purge NMethod: java.util.jar.Manifest$FastInputStream.readLine (0x000071df3f483e08) [0x000071df3f483f00, 0x000071df3f484758] 
[2,360s][debug][gc,nmethod     ] GC(0) O: Purge NMethod: java.lang.AbstractStringBuilder.ensureCapacityNewCoder (0x000071df3f474c88) [0x000071df3f474d80, 0x000071df3f475090] 
[2,360s][debug][gc,nmethod     ] GC(0) O: Purge NMethod: java.lang.StringBuilder.append (0x000071df3f44be08) [0x000071df3f44bf00, 0x000071df3f44c048] 
[2,360s][debug][gc,nmethod     ] GC(0) O: Purge NMethod: java.util.zip.Checksum.update (0x000071df3f5e2088) [0x000071df3f5e2180, 0x000071df3f5e2308] 
[2,360s][debug][gc,nmethod     ] GC(0) O: Purge NMethod: java.nio.DirectLongBufferU.ix (0x000071df3f486688) [0x000071df3f486780, 0x000071df3f486890] 
[2,360s][debug][gc,nmethod     ] GC(0) O: Purge NMethod: java.lang.StringLatin1.regionMatchesCI (0x000071df3f4c3988) [0x000071df3f4c3a80, 0x000071df3f4c3d20] 
[2,360s][debug][gc,nmethod     ] GC(0) O: Purge NMethod: sun.nio.fs.UnixPath.checkNotNul (0x000071df3f46e408) [0x000071df3f46e500, 0x000071df3f46e6a0] 
[2,360s][debug][gc,nmethod     ] GC(0) O: Purge NMethod: java.util.HashMap.getNode (0x000071df3f42e808) [0x000071df3f42e900, 0x000071df3f42fc10] 
[2,360s][debug][gc,nmethod     ] GC(0) O: Purge NMethod: jdk.internal.classfile.impl.StackMapGenerator.of (0x000071df3f774b88) [0x000071df3f774c80, 0x000071df3f7761f0] 
[2,360s][debug][gc,nmethod     ] GC(0) O: Purge NMethod: jdk.internal.foreign.AbstractMemorySegmentImpl.asSlice (0x000071df3f805f08) [0x000071df3f806000, 0x000071df3f8064f8] 
[2,360s][debug][gc,nmethod     ] GC(0) O: Purge NMethod: java.util.WeakHashMap.put (0x000071df3f534e08) [0x000071df3f534f00, 0x000071df3f536840] 
[2,360s][debug][gc,nmethod     ] GC(0) O: Purge NMethod: io.sirix.cache.LinuxMemorySegmentAllocator.partitionVirtualRegion (0x000071df5ec72188) [0x000071df5ec72280, 0x000071df5ec73b18] 
[2,360s][debug][gc,nmethod     ] GC(0) O: Purge NMethod: java.lang.String.coder (0x000071df3f40bd08) [0x000071df3f40be00, 0x000071df3f40bf28] 
[2,360s][debug][gc,nmethod     ] GC(0) O: Purge NMethod: jdk.internal.classfile.impl.BufWriterImpl.cpIndex (0x000071df3f460988) [0x000071df3f460a80, 0x000071df3f462a78] 
[2,360s][debug][gc,nmethod     ] GC(0) O: Purge NMethod: jdk.internal.foreign.AbstractMemorySegmentImpl.asSlice (0x000071df5ec6d488) [0x000071df5ec6d580, 0x000071df5ec6d768] 
[2,360s][debug][gc,nmethod     ] GC(0) O: Purge NMethod: java.nio.DirectByteBuffer.ix (0x000071df3f4bf088) [0x000071df3f4bf180, 0x000071df3f4bf288] 
[2,360s][debug][gc,nmethod     ] GC(0) O: Purge NMethod: java.lang.Object.<init> (0x000071df3f400388) [0x000071df3f400480, 0x000071df3f400580] 
[2,360s][debug][gc,nmethod     ] GC(0) O: Purge NMethod: java.lang.AbstractStringBuilder.<init> (0x000071df3f475108) [0x000071df3f475200, 0x000071df3f475488] 
[2,360s][debug][gc,nmethod     ] GC(0) O: Purge NMethod: java.util.jar.JarFile.getEntry (0x000071df5ec3cc88) [0x000071df5ec3cd80, 0x000071df5ec3e1f0] 
[2,360s][debug][gc,nmethod     ] GC(0) O: Purge NMethod: java.util.concurrent.ConcurrentLinkedDeque.linkLast (0x000071df3f813008) [0x000071df3f813100, 0x000071df3f8181f8] 
[2,360s][debug][gc,nmethod     ] GC(0) O: Purge NMethod: java.util.HashMap.put (0x000071df5ec2d908) [0x000071df5ec2da20, 0x000071df5ec2f248] 
[2,360s][debug][gc,nmethod     ] GC(0) O: Purge NMethod: java.util.zip.ZipFile$Source.checkAndAddEntry (0x000071df3f471d08) [0x000071df3f471e00, 0x000071df3f474100] 
[2,360s][debug][gc,nmethod     ] GC(0) O: Purge NMethod: io.sirix.cache.LinuxMemorySegmentAllocator.partitionVirtualRegion (0x000071df3f818288) [0x000071df3f818380, 0x000071df3f819300] 
[2,360s][debug][gc,nmethod     ] GC(0) O: Purge NMethod: jdk.internal.util.StrongReferenceKey.hashCode (0x000071df3f41d908) [0x000071df3f41da00, 0x000071df3f41df10] 
[2,360s][debug][gc,nmethod     ] GC(0) O: Purge NMethod: worker.org.gradle.internal.stream.EncodedStream$EncodedInput.read (0x000071df3f451708) [0x000071df3f451800, 0x000071df3f451f58] 
[2,360s][debug][gc,nmethod     ] GC(0) O: Purge NMethod: java.util.regex.Pattern$BmpCharPropertyGreedy.match (0x000071df3f624c88) [0x000071df3f624d80, 0x000071df3f6256f0] 
[2,360s][debug][gc,nmethod     ] GC(0) O: Purge NMethod: jdk.internal.jimage.ImageStringsReader.unmaskedHashCode (0x000071df3f51a108) [0x000071df3f51a200, 0x000071df3f51b400] 
[2,360s][debug][gc,nmethod     ] GC(0) O: Purge NMethod: java.lang.String.charAt (0x000071df3f671388) [0x000071df3f671480, 0x000071df3f671bb8] 
[2,360s][debug][gc,nmethod     ] GC(0) O: Purge NMethod: jdk.internal.classfile.impl.SplitConstantPool.utf8Entry (0x000071df3f465b88) [0x000071df3f465c80, 0x000071df3f466778] 
[2,360s][debug][gc,nmethod     ] GC(0) O: Purge NMethod: java.util.HashMap.get (0x000071df3f430a08) [0x000071df3f430b00, 0x000071df3f430e98] 
[2,360s][debug][gc,nmethod     ] GC(0) O: Purge NMethod: java.util.zip.ZipUtils.get16 (0x000071df3f44d988) [0x000071df3f44da80, 0x000071df3f44de80] 
[2,360s][debug][gc,nmethod     ] GC(0) O: Purge NMethod: java.lang.String.getBytes (0x000071df3f464c88) [0x000071df3f464d80, 0x000071df3f465b08] 
[2,360s][debug][gc,nmethod     ] GC(0) O: Purge NMethod: jdk.internal.loader.URLClassPath$JarLoader.getResource (0x000071df5ec42908) [0x000071df5ec42a00, 0x000071df5ec44120] 
[2,360s][debug][gc,nmethod     ] GC(0) O: Purge NMethod: java.util.concurrent.ConcurrentHashMap.putVal (0x000071df5ec2f588) [0x000071df5ec2f680, 0x000071df5ec30798] 
[2,360s][debug][gc,nmethod     ] GC(0) O: Purge NMethod: java.lang.StringLatin1.getBytes (0x000071df3f464988) [0x000071df3f464a80, 0x000071df3f464c18] 
[2,360s][debug][gc,nmethod     ] GC(0) O: Purge NMethod: java.lang.String.replace (0x000071df3f46c688) [0x000071df3f46c780, 0x000071df3f46cc88] 
[2,360s][debug][gc,nmethod     ] GC(0) O: Purge NMethod: java.lang.String.hashCode (0x000071df3f400988) [0x000071df3f400a80, 0x000071df3f401028] 
[2,360s][debug][gc,nmethod     ] GC(0) O: Purge NMethod: jdk.internal.misc.Unsafe.getShortUnaligned (0x000071df3f44e488) [0x000071df3f44e580, 0x000071df3f44e7a8] 
[2,360s][debug][gc,nmethod     ] GC(0) O: Purge NMethod: java.lang.Integer.rotateLeft (0x000071df3f578508) [0x000071df3f578600, 0x000071df3f5786f0] 
[2,360s][debug][gc,nmethod     ] GC(0) O: Purge NMethod: java.lang.invoke.InvokerBytecodeGenerator.emitPushArgument (0x000071df3f6a0d88) [0x000071df3f6a0e80, 0x000071df3f6a3a48] 
[2,360s][debug][gc,nmethod     ] GC(0) O: Purge NMethod: java.util.zip.ZipCoder.hash (0x000071df3f485708) [0x000071df3f485800, 0x000071df3f486638] 
[2,360s][debug][gc,nmethod     ] GC(0) O: Purge NMethod: jdk.internal.loader.URLClassPath$JarLoader.findResource (0x000071df3f67e188) [0x000071df3f67e280, 0x000071df3f67e488] 
[2,360s][debug][gc,nmethod     ] GC(0) O: Purge NMethod: java.lang.System$1.uncheckedCountPositives (0x000071df3f46f908) [0x000071df3f46fa00, 0x000071df3f46fc58] 
[2,360s][debug][gc,nmethod     ] GC(0) O: Purge NMethod: java.lang.StringCoding.countPositives (0x000071df3f46e088) [0x000071df3f46e180, 0x000071df3f46e388] 
[2,360s][debug][gc,nmethod     ] GC(0) O: Purge NMethod: java.lang.StringLatin1.canEncode (0x000071df3f40f108) [0x000071df3f40f200, 0x000071df3f40f360] 
[2,360s][debug][gc,nmethod     ] GC(0) O: Purge NMethod: java.util.zip.ZipFile$Source.nextEntryPos (0x000071df3f470e08) [0x000071df3f470f00, 0x000071df3f4711b8] 
[2,360s][debug][gc,nmethod     ] GC(0) O: Purge NMethod: java.util.jar.JarFile.getJarEntry (0x000071df3f486988) [0x000071df3f486a80, 0x000071df3f487328] 
[2,360s][debug][gc,nmethod     ] GC(0) O: Purge NMethod: sun.reflect.generics.parser.SignatureParser.current (0x000071df3f5ac688) [0x000071df3f5ac780, 0x000071df3f5ad590] 
[2,360s][debug][gc,nmethod     ] GC(0) O: Purge NMethod: java.util.zip.ZipUtils.get32 (0x000071df3f454c88) [0x000071df3f454d80, 0x000071df3f455188] 
[2,360s][debug][gc,nmethod     ] GC(0) O: Purge NMethod: java.util.ImmutableCollections$SetN$SetNIterator.hasNext (0x000071df3f406d88) [0x000071df3f406e80, 0x000071df3f406fd0] 
[2,360s][debug][gc,nmethod     ] GC(0) O: Purge NMethod: java.util.zip.ZipUtils.CENLEN (0x000071df3f46f608) [0x000071df3f46f700, 0x000071df3f46f810] 
[2,360s][debug][gc,nmethod     ] GC(0) O: Purge NMethod: java.lang.Class.cast (0x000071df3f550f88) [0x000071df3f551080, 0x000071df3f5514d8] 
[2,360s][debug][gc,nmethod     ] GC(0) O: Purge NMethod: sun.util.locale.LocaleUtils.toLower (0x000071df3f629a88) [0x000071df3f629b80, 0x000071df3f629d80] 
[2,360s][debug][gc,nmethod     ] GC(0) O: Purge NMethod: java.lang.AbstractStringBuilder.append (0x000071df3f44c108) [0x000071df3f44c200, 0x000071df3f44ce50] 
[2,360s][debug][gc,nmethod     ] GC(0) O: Purge NMethod: java.lang.String.startsWith (0x000071df5ec3e988) [0x000071df5ec3ea80, 0x000071df5ec3ed78] 
[2,360s][debug][gc,nmethod     ] GC(0) O: Purge NMethod: java.util.zip.ZipFile$Source.isMetaName (0x000071df5ec11508) [0x000071df5ec11600, 0x000071df5ec11930] 
[2,360s][debug][gc,nmethod     ] GC(0) O: Purge NMethod: io.sirix.cache.LinuxMemorySegmentAllocator.partitionVirtualRegion (0x000071df3f819388) [0x000071df3f819480, 0x000071df3f81a298] 
[2,360s][debug][gc,nmethod     ] GC(0) O: Purge NMethod: java.lang.String.regionMatches (0x000071df3f4c5488) [0x000071df3f4c5580, 0x000071df3f4c6978] 
[2,360s][debug][gc,nmethod     ] GC(0) O: Purge NMethod: java.lang.module.ModuleDescriptor$Exports.isQualified (0x000071df3f427b08) [0x000071df3f427c00, 0x000071df3f427f90] 
[2,360s][debug][gc,nmethod     ] GC(0) O: Purge NMethod: java.util.concurrent.ConcurrentHashMap.casTabAt (0x000071df3f443888) [0x000071df3f443980, 0x000071df3f443af0] 
[2,360s][debug][gc,nmethod     ] GC(0) O: Purge NMethod: java.util.HashMap.resize (0x000071df3f43db88) [0x000071df3f43dca0, 0x000071df3f43f980] 
[2,360s][debug][gc,nmethod     ] GC(0) O: Purge NMethod: java.io.BufferedInputStream.getBufIfOpen (0x000071df5ebfab08) [0x000071df5ebfac00, 0x000071df5ebfad30] 
[2,361s][debug][gc,nmethod     ] GC(0) O: Purge NMethod: java.util.HashMap.putVal (0x000071df3f435888) [0x000071df3f435980, 0x000071df3f437d10] 
[2,361s][debug][gc,nmethod     ] GC(0) O: Purge NMethod: java.lang.String.charAt (0x000071df3f40e708) [0x000071df3f40e800, 0x000071df3f40ed90] 
[2,361s][debug][gc,nmethod     ] GC(0) O: Purge NMethod: java.lang.Integer.hashCode (0x000071df3f52c788) [0x000071df3f52c880, 0x000071df3f52c9d8] 
[2,361s][debug][gc,nmethod     ] GC(0) O: Purge NMethod: java.io.BufferedInputStream.getBufIfOpen (0x000071df3f450908) [0x000071df3f450a00, 0x000071df3f450b38] 
[2,361s][debug][gc,nmethod     ] GC(0) O: Purge NMethod: java.util.HashMap.putVal (0x000071df3f42ca08) [0x000071df3f42cb00, 0x000071df3f42e7e0] 
[2,361s][debug][gc,nmethod     ] GC(0) O: Purge NMethod: java.lang.Math.min (0x000071df3f416e88) [0x000071df3f416f80, 0x000071df3f4170a8] 
[2,361s][debug][gc,nmethod     ] GC(0) O: Purge NMethod: java.util.concurrent.ConcurrentHashMap.tabAt (0x000071df3f412908) [0x000071df3f412a00, 0x000071df3f412f48] 
[2,361s][debug][gc,nmethod     ] GC(0) O: Purge NMethod: java.lang.AbstractStringBuilder.append (0x000071df3f48ec88) [0x000071df3f48ed80, 0x000071df3f48f238] 
[2,361s][debug][gc,nmethod     ] GC(0) O: Purge NMethod: java.util.regex.Pattern$BmpCharPropertyGreedy.match (0x000071df5ec29888) [0x000071df5ec29980, 0x000071df5ec29d50] 
[2,361s][debug][gc,nmethod     ] GC(0) O: Purge NMethod: java.lang.StringLatin1.newString (0x000071df3f440d88) [0x000071df3f440e80, 0x000071df3f4411a0] 
[2,361s][debug][gc,nmethod     ] GC(0) O: Purge NMethod: java.lang.String.getBytes (0x000071df3f418508) [0x000071df3f418600, 0x000071df3f418b08] 
[2,361s][debug][gc,nmethod     ] GC(0) O: Purge NMethod: java.lang.String.startsWith (0x000071df3f40fb88) [0x000071df3f40fc80, 0x000071df3f410f00] 
[2,361s][debug][gc,nmethod     ] GC(0) O: Purge NMethod: java.util.ImmutableCollections$SetN.probe (0x000071df3f401388) [0x000071df3f401480, 0x000071df3f401ca8] 
[2,361s][debug][gc,nmethod     ] GC(0) O: Purge NMethod: java.util.concurrent.ConcurrentHashMap.setTabAt (0x000071df3f46cd08) [0x000071df3f46ce00, 0x000071df3f46d100] 
[2,361s][debug][gc,nmethod     ] GC(0) O: Purge NMethod: java.io.BufferedInputStream.read (0x000071df5ebfb488) [0x000071df5ebfb580, 0x000071df5ebfb860] 
[2,361s][debug][gc,nmethod     ] GC(0) O: Purge NMethod: jdk.internal.misc.Unsafe.getIntUnaligned (0x000071df5ec00508) [0x000071df5ec00600, 0x000071df5ec006c0] 
[2,361s][debug][gc,nmethod     ] GC(0) O: Purge NMethod: java.lang.String.toString (0x000071df3f4e7c08) [0x000071df3f4e7d00, 0x000071df3f4e7e00] 
[2,361s][debug][gc,nmethod     ] Register NMethod: java.util.stream.Sink$ChainedReference.<init> (0x000071df3f999188) [0x000071df3f999280, 0x000071df3f9997b8] Compiler: c1, Barriers: 3, Oops: 0, ImmediateOops: 0, NonImmediateOops: No
[2,361s][debug][gc,phases      ] GC(0) O: Concurrent Classes Purge 1,841ms
[2,361s][debug][gc,phases,start] GC(0) O: Concurrent References Enqueue
[2,361s][debug][gc,phases      ] GC(0) O: Concurrent References Enqueue 0,006ms
[2,361s][debug][gc,reloc       ] Synchronize all workers 1 _nworkers: 0 _nsynchronized: 0
[2,361s][debug][gc,reloc       ] Synchronize all workers 1 _nworkers: 0 _nsynchronized: 0
[2,361s][info ][gc,phases      ] GC(0) O: Concurrent Process Non-Strong 9,230ms
[2,361s][debug][gc,phases,start] GC(0) O: Concurrent Reset Relocation Set
[2,361s][info ][gc,phases      ] GC(0) O: Concurrent Reset Relocation Set 0,006ms
[2,361s][debug][gc,phases,start] GC(0) O: Concurrent Select Relocation Set
[2,361s][debug][gc,nmethod     ] Register NMethod: java.util.concurrent.atomic.AtomicBoolean.get (0x000071df3f406d88) [0x000071df3f406e80, 0x000071df3f406fd0] Compiler: c1, Barriers: 0, Oops: 0, ImmediateOops: 0, NonImmediateOops: No
[2,361s][debug][gc,reloc       ] GC(0) O: Relocation Set (Medium Pages): 0->0, 0 skipped, 0 forwarding entries
[2,361s][debug][gc,reloc       ] GC(0) O: Relocation Set (Small Pages): 0->0, 0 skipped, 0 forwarding entries
[2,361s][debug][gc,task        ] GC(0) O: Executing ZRelocationSetInstallTask using ZWorkerOld with 1 workers
[2,361s][debug][gc,reloc       ] Desynchronize all workers _nworkers: 0 _nsynchronized: 0
[2,361s][debug][gc,reloc       ] Desynchronize all workers _nworkers: 0 _nsynchronized: 0
[2,361s][info ][gc,phases      ] GC(0) O: Concurrent Select Relocation Set 0,471ms
[2,361s][debug][gc,phases,start] GC(0) O: Concurrent Remap Roots
[2,361s][info ][gc,task        ] GC(0) O: Using 2 Workers for Old Generation
[2,361s][debug][gc,task        ] GC(0) O: Executing ZRemapYoungRootsTask using ZWorkerOld with 2 workers
[2,361s][debug][gc,nmethod     ] Register NMethod: java.util.BitSet.cardinality (0x000071df3f44e488) [0x000071df3f44e580, 0x000071df3f44e7e0] Compiler: c1, Barriers: 1, Oops: 0, ImmediateOops: 0, NonImmediateOops: No
[2,361s][debug][gc,nmethod     ] Register NMethod: it.unimi.dsi.fastutil.shorts.ShortArrayList$1.hasNext (0x000071df3f407388) [0x000071df3f407480, 0x000071df3f407610] Compiler: c1, Barriers: 1, Oops: 1, ImmediateOops: 0, NonImmediateOops: No
[2,362s][debug][gc,nmethod     ] Register NMethod: java.nio.channels.spi.AbstractInterruptibleChannel.blockedOn (0x000071df3f44d988) [0x000071df3f44da80, 0x000071df3f44def8] Compiler: c1, Barriers: 2, Oops: 0, ImmediateOops: 1, NonImmediateOops: No
[2,362s][debug][gc,nmethod     ] Register NMethod: java.lang.System$1.blockedOn (0x000071df3f61e188) [0x000071df3f61e280, 0x000071df3f61e5d8] Compiler: c1, Barriers: 1, Oops: 0, ImmediateOops: 0, NonImmediateOops: No
[2,362s][debug][gc,nmethod     ] Register NMethod: java.lang.Thread.blockedOn (0x000071df3f427b08) [0x000071df3f427c00, 0x000071df3f427f38] Compiler: c1, Barriers: 4, Oops: 0, ImmediateOops: 0, NonImmediateOops: No
[2,362s][debug][gc,nmethod     ] Register NMethod: java.nio.MappedByteBuffer.position (0x000071df3f430a08) [0x000071df3f430b00, 0x000071df3f430ec0] Compiler: c1, Barriers: 0, Oops: 0, ImmediateOops: 0, NonImmediateOops: No
[2,362s][debug][gc,nmethod     ] Register NMethod: io.sirix.node.MemorySegmentBytesIn.readInt (0x000071df3f62a788) [0x000071df3f62a880, 0x000071df3f62e490] Compiler: c1, Barriers: 5, Oops: 6, ImmediateOops: 10, NonImmediateOops: No
[2,362s][info ][gc,task        ] GC(0) O: Using 1 Workers for Old Generation
[2,362s][info ][gc,phases      ] GC(0) O: Concurrent Remap Roots 0,963ms
[2,362s][debug][gc,reloc       ] Synchronize all workers 1 _nworkers: 0 _nsynchronized: 0
[2,362s][debug][gc,reloc       ] Synchronize all workers 1 _nworkers: 0 _nsynchronized: 0
[2,362s][debug][gc,phases,start] GC(0) O: Pause Relocate Start
[2,362s][debug][gc,reloc       ] GC(0) O: Joining workers: 1
[2,362s][info ][gc,phases      ] GC(0) O: Pause Relocate Start 0,021ms
[2,362s][debug][gc,reloc       ] Desynchronize all workers _nworkers: 1 _nsynchronized: 0
[2,362s][debug][gc,reloc       ] Desynchronize all workers _nworkers: 0 _nsynchronized: 0
[2,362s][debug][gc,phases,start] GC(0) O: Concurrent Relocate
[2,362s][debug][gc,task        ] GC(0) O: Executing ZRelocateStoreBufferInstallBasePointersTask using ZWorkerOld with 1 workers
[2,362s][debug][gc,nmethod     ] Register NMethod: ch.qos.logback.core.util.COWArrayList.isFresh (0x000071df3f474488) [0x000071df3f474580, 0x000071df3f474928] Compiler: c1, Barriers: 1, Oops: 1, ImmediateOops: 0, NonImmediateOops: No
[2,362s][debug][gc,task        ] GC(0) O: Executing ZRelocateTask using ZWorkerOld with 1 workers
[2,362s][debug][gc,nmethod     ] Register NMethod: ch.qos.logback.core.util.COWArrayList.asTypedArray (0x000071df3f432488) [0x000071df3f432580, 0x000071df3f433008] Compiler: c1, Barriers: 8, Oops: 1, ImmediateOops: 0, NonImmediateOops: No
[2,362s][debug][gc,reloc       ] GC(0) O: Leaving workers: left: 0 _synchronize: 0 _nsynchronized: 0
[2,362s][info ][gc,phases      ] GC(0) O: Concurrent Relocate 0,109ms
[2,362s][debug][gc,nmethod     ] Register NMethod: java.lang.Short.shortValue (0x000071df5ebe7a88) [0x000071df5ebe7b80, 0x000071df5ebe7c48] Compiler: c1, Barriers: 0, Oops: 0, ImmediateOops: 0, NonImmediateOops: No
[2,362s][debug][gc,heap        ] GC(0) O: Heap After GC invocations=1 (full 1):
[2,362s][debug][gc,heap        ] GC(0) O:  ZHeap           used 262M, capacity 5120M, max capacity 12288M
[2,362s][debug][gc,heap        ] GC(0) O:   Cache          4858M (5)
[2,362s][debug][gc,nmethod     ] Register NMethod: ch.qos.logback.core.util.COWArrayList.refreshCopyIfNecessary (0x000071df3f4d5788) [0x000071df3f4d5880, 0x000071df3f4d6278] Compiler: c1, Barriers: 7, Oops: 1, ImmediateOops: 0, NonImmediateOops: No
[2,362s][debug][gc,heap        ] GC(0) O:    size classes  2M (2), 4M (1), 16M (1), 4G (1)
[2,363s][debug][gc,nmethod     ] Register NMethod: ch.qos.logback.core.filter.Filter.isStarted (0x000071df5ebfab08) [0x000071df5ebfac00, 0x000071df5ebfacc0] Compiler: c1, Barriers: 0, Oops: 1, ImmediateOops: 0, NonImmediateOops: No
[2,363s][debug][gc,metaspace   ] GC(0) O: Metaspace After GC invocations=1 (full 1):
[2,363s][debug][gc,metaspace   ] GC(0) O:  Metaspace       used 27139K, committed 27584K, reserved 1114112K
[2,363s][debug][gc,metaspace   ] GC(0) O:   class space    used 2301K, committed 2496K, reserved 1048576K
[2,363s][info ][gc,alloc       ] GC(0) O:                         Mark Start        Mark End      Relocate Start    Relocate End   
[2,363s][info ][gc,alloc       ] GC(0) O: Allocation Stalls:          0                0                0                0         
[2,363s][info ][gc,load        ] GC(0) O: Load: 3,08 (15%) / 1,69 (8%) / 1,36 (7%)
[2,363s][info ][gc,mmu         ] GC(0) O: MMU: 2ms/95,3%, 5ms/98,1%, 10ms/99,1%, 20ms/99,5%, 50ms/99,8%, 100ms/99,9%
[2,363s][info ][gc,marking     ] GC(0) O: Mark: 1 stripe(s), 1 proactive flush(es), 1 terminate flush(es), 0 completion(s), 0 continuation(s) 
[2,363s][info ][gc,nmethod     ] GC(0) O: NMethods: 2204 registered, 229 unregistered
[2,363s][info ][gc,metaspace   ] GC(0) O: Metaspace: 26M used, 26M committed, 1088M reserved
[2,363s][info ][gc,ref         ] GC(0) O:                       Encountered   Discovered     Enqueued 
[2,363s][info ][gc,ref         ] GC(0) O: Soft References:             2772            0            0 
[2,363s][info ][gc,ref         ] GC(0) O: Weak References:             1178            0            0 
[2,363s][info ][gc,ref         ] GC(0) O: Final References:               0            0            0 
[2,363s][info ][gc,ref         ] GC(0) O: Phantom References:           371            0            0 
[2,363s][info ][gc,heap        ] GC(0) O: Min Capacity: 5120M(42%)
[2,363s][info ][gc,heap        ] GC(0) O: Max Capacity: 12288M(100%)
[2,363s][info ][gc,heap        ] GC(0) O: Soft Max Capacity: 12288M(100%)
[2,363s][info ][gc,heap        ] GC(0) O: Heap Statistics:
[2,363s][info ][gc,heap        ] GC(0) O:                Mark Start          Mark End        Relocate Start      Relocate End           High               Low         
[2,363s][debug][gc,nmethod     ] Register NMethod: io.sirix.page.PageReference.hashCode (0x000071df3f45ea88) [0x000071df3f45eb80, 0x000071df3f45fc00] Compiler: c1, Barriers: 13, Oops: 1, ImmediateOops: 1, NonImmediateOops: No
[2,363s][info ][gc,heap        ] GC(0) O:  Capacity:     5120M (42%)        5120M (42%)        5120M (42%)        5120M (42%)        5120M (42%)        5120M (42%)    
[2,363s][info ][gc,heap        ] GC(0) O:      Free:    12040M (98%)       12026M (98%)       12026M (98%)       12026M (98%)       12040M (98%)       11986M (98%)    
[2,363s][info ][gc,heap        ] GC(0) O:      Used:      248M (2%)          262M (2%)          262M (2%)          262M (2%)          302M (2%)          248M (2%)     
[2,363s][info ][gc,heap        ] GC(0) O: Old Generation Statistics:
[2,363s][info ][gc,heap        ] GC(0) O:                Mark Start          Mark End        Relocate Start      Relocate End    
[2,363s][info ][gc,heap        ] GC(0) O:      Used:        0M (0%)            0M (0%)            0M (0%)            0M (0%)     
[2,363s][info ][gc,heap        ] GC(0) O:      Live:         -                 0M (0%)            0M (0%)            0M (0%)     
[2,363s][info ][gc,heap        ] GC(0) O:   Garbage:         -                 0M (0%)            0M (0%)            0M (0%)     
[2,363s][info ][gc,heap        ] GC(0) O: Allocated:         -                 0M (0%)            0M (0%)            0M (0%)     
[2,363s][info ][gc,heap        ] GC(0) O: Reclaimed:         -                  -                 0M (0%)            0M (0%)     
[2,363s][info ][gc,heap        ] GC(0) O: Compacted:         -                  -                  -                 0M (0%)     
[2,363s][info ][gc,phases      ] GC(0) O: Old Generation 262M(2%)->262M(2%) 0,012s
[2,363s][info ][gc             ] GC(0) Major Collection (Metadata GC Threshold) 248M(2%)->262M(2%) 0,232s
[2,363s][debug][gc,nmethod     ] Register NMethod: ch.qos.logback.classic.Logger.getLoggerContext (0x000071df5ec00508) [0x000071df5ec00600, 0x000071df5ec006e8] Compiler: c1, Barriers: 1, Oops: 1, ImmediateOops: 0, NonImmediateOops: No
[2,363s][debug][gc,nmethod     ] Register NMethod: ch.qos.logback.classic.LoggerContext.getLoggerContextRemoteView (0x000071df5ec1df88) [0x000071df5ec1e080, 0x000071df5ec1e168] Compiler: c1, Barriers: 1, Oops: 1, ImmediateOops: 0, NonImmediateOops: No
[2,363s][debug][gc,nmethod     ] Register NMethod: io.sirix.access.trx.page.NodePageReadOnlyTrx.pageKey (0x000071df3f421188) [0x000071df3f421280, 0x000071df3f421a00] Compiler: c1, Barriers: 0, Oops: 1, ImmediateOops: 2, NonImmediateOops: No
[2,363s][debug][gc,nmethod     ] Register NMethod: java.util.BitSet.and (0x000071df3f454c88) [0x000071df3f454d80, 0x000071df3f4551d0] Compiler: c1, Barriers: 3, Oops: 0, ImmediateOops: 0, NonImmediateOops: No
[2,363s][debug][gc,nmethod     ] Register NMethod: io.sirix.page.delegates.BitmapReferencesPage.getOrCreateReference (0x000071df3f7b5688) [0x000071df3f7b5780, 0x000071df3f7b5e38] Compiler: c1, Barriers: 2, Oops: 1, ImmediateOops: 0, NonImmediateOops: No
[2,363s][debug][gc,nmethod     ] Register NMethod: io.sirix.page.delegates.BitmapReferencesPage.index (0x000071df3f400988) [0x000071df3f400a80, 0x000071df3f401008] Compiler: c1, Barriers: 4, Oops: 1, ImmediateOops: 0, NonImmediateOops: No
[2,363s][debug][gc,nmethod     ] Register NMethod: java.util.BitSet.size (0x000071df3f40b588) [0x000071df3f40b680, 0x000071df3f40b7b8] Compiler: c1, Barriers: 1, Oops: 0, ImmediateOops: 0, NonImmediateOops: No
[2,363s][debug][gc,nmethod     ] Register NMethod: java.util.BitSet.clear (0x000071df3f40d408) [0x000071df3f40d500, 0x000071df3f40d700] Compiler: c1, Barriers: 1, Oops: 0, ImmediateOops: 0, NonImmediateOops: No
[2,364s][debug][gc,nmethod     ] Register NMethod: java.nio.Buffer.flip (0x000071df3f421d88) [0x000071df3f421e80, 0x000071df3f421f98] Compiler: c1, Barriers: 0, Oops: 0, ImmediateOops: 0, NonImmediateOops: No
[2,364s][debug][gc,nmethod     ] Register NMethod: sun.nio.fs.UnixPath.getByteArrayForSysCalls (0x000071df3f7a1e88) [0x000071df3f7a1f80, 0x000071df3f7a2778] Compiler: c1, Barriers: 4, Oops: 0, ImmediateOops: 0, NonImmediateOops: No
[2,364s][debug][gc,nmethod     ] Register NMethod: java.util.BitSet.flip (0x000071df3f40bd08) [0x000071df3f40be00, 0x000071df3f40c408] Compiler: c1, Barriers: 2, Oops: 0, ImmediateOops: 0, NonImmediateOops: No
[2,364s][debug][gc,nmethod     ] Register NMethod: io.sirix.node.MemorySegmentBytesOut.write (0x000071df3f47f108) [0x000071df3f47f200, 0x000071df3f47f418] Compiler: c1, Barriers: 1, Oops: 1, ImmediateOops: 0, NonImmediateOops: No
[2,364s][debug][gc,nmethod     ] Register NMethod: java.util.BitSet.checkRange (0x000071df3f6a0d88) [0x000071df3f6a0e80, 0x000071df3f6a3808] Compiler: c1, Barriers: 0, Oops: 4, ImmediateOops: 7, NonImmediateOops: No
[2,364s][debug][gc,nmethod     ] Register NMethod: io.sirix.node.MemorySegmentBytesOut.write (0x000071df3f429088) [0x000071df3f429180, 0x000071df3f429318] Compiler: c1, Barriers: 1, Oops: 1, ImmediateOops: 0, NonImmediateOops: No
[2,364s][debug][gc,nmethod     ] Register NMethod: io.sirix.cache.BufferManagerImpl.getRecordPageFragmentCache (0x000071df5ec4ea88) [0x000071df5ec4eb80, 0x000071df5ec4ec68] Compiler: c1, Barriers: 1, Oops: 1, ImmediateOops: 0, NonImmediateOops: No
[2,364s][debug][gc,nmethod     ] Register NMethod: java.util.ArrayList$ArrayListSpliterator.characteristics (0x000071df5ec6dd88) [0x000071df5ec6de80, 0x000071df5ec6df40] Compiler: c1, Barriers: 0, Oops: 0, ImmediateOops: 0, NonImmediateOops: No
[2,364s][debug][gc,nmethod     ] Register NMethod: io.sirix.cache.IndexLogKey.getIndexType (0x000071df5ec6e588) [0x000071df5ec6e680, 0x000071df5ec6e768] Compiler: c1, Barriers: 1, Oops: 1, ImmediateOops: 0, NonImmediateOops: No
[2,364s][debug][gc,nmethod     ] Register NMethod: java.util.stream.Collectors$CollectorImpl.characteristics (0x000071df5ebfb488) [0x000071df5ebfb580, 0x000071df5ebfb668] Compiler: c1, Barriers: 1, Oops: 0, ImmediateOops: 0, NonImmediateOops: No
[2,364s][debug][gc,nmethod     ] Register NMethod: jdk.internal.foreign.NativeMemorySegmentImpl.address (0x000071df5ec3e988) [0x000071df5ec3ea80, 0x000071df5ec3eb40] Compiler: c1, Barriers: 0, Oops: 0, ImmediateOops: 0, NonImmediateOops: No
[2,364s][debug][gc,nmethod     ] Register NMethod: java.util.stream.ReferencePipeline$StatelessOp.<init> (0x000071df3f42a308) [0x000071df3f42a400, 0x000071df3f42a5b8] Compiler: c1, Barriers: 0, Oops: 0, ImmediateOops: 0, NonImmediateOops: No
[2,365s][debug][gc,nmethod     ] Register NMethod: jdk.internal.foreign.SegmentFactories.initNativeMemory (0x000071df5ec11508) [0x000071df5ec11600, 0x000071df5ec117a8] Compiler: jvmci, Barriers: 0, Oops: 0, ImmediateOops: 0, NonImmediateOops: No
[2,365s][debug][gc,nmethod     ] Register NMethod: net.jpountz.util.SafeUtils.readIntLE (0x000071df3f443888) [0x000071df3f443980, 0x000071df3f443b20] Compiler: c1, Barriers: 0, Oops: 1, ImmediateOops: 0, NonImmediateOops: No
[2,365s][debug][gc,nmethod     ] Register NMethod: io.sirix.page.PageReference.getPageFragments (0x000071df5ec29888) [0x000071df5ec29980, 0x000071df5ec29a68] Compiler: c1, Barriers: 1, Oops: 1, ImmediateOops: 0, NonImmediateOops: No
[2,365s][debug][gc,nmethod     ] Register NMethod: io.sirix.access.trx.node.AbstractResourceSession.assertNotClosed (0x000071df3f552608) [0x000071df3f552700, 0x000071df3f552908] Compiler: c1, Barriers: 0, Oops: 1, ImmediateOops: 1, NonImmediateOops: No
[2,366s][debug][gc,nmethod     ] Register NMethod: jdk.internal.foreign.AbstractMemorySegmentImpl.copy (0x000071df3f999808) [0x000071df3f999900, 0x000071df3f9a24d8] Compiler: c1, Barriers: 10, Oops: 6, ImmediateOops: 18, NonImmediateOops: No
[2,366s][debug][gc,nmethod     ] Register NMethod: java.lang.foreign.MemorySegment.copy (0x000071df3f9a2588) [0x000071df3f9a2680, 0x000071df3f9ab668] Compiler: c1, Barriers: 10, Oops: 6, ImmediateOops: 18, NonImmediateOops: No
[2,366s][debug][gc,nmethod     ] Register NMethod: java.util.stream.AbstractPipeline.wrapSink (0x000071df3f400008) [0x000071df3f400100, 0x000071df3f400678] Compiler: c1, Barriers: 2, Oops: 0, ImmediateOops: 0, NonImmediateOops: No
[2,366s][debug][gc,director    ] Rule Major: Warmup 10%, Used: 266MB, UsedThreshold: 1228MB
[2,366s][debug][gc,nmethod     ] Register NMethod: java.util.stream.AbstractPipeline.sourceSpliterator (0x000071df3f474c88) [0x000071df3f474d80, 0x000071df3f476848] Compiler: c1, Barriers: 14, Oops: 1, ImmediateOops: 2, NonImmediateOops: No
[2,367s][debug][gc,nmethod     ] Register NMethod: jdk.internal.classfile.impl.Util.pow31 (0x000071df3f469c88) [0x000071df3f469d80, 0x000071df3f46a030] Compiler: c1, Barriers: 0, Oops: 1, ImmediateOops: 1, NonImmediateOops: No
[2,367s][debug][gc,nmethod     ] Register NMethod: io.sirix.index.path.summary.PathNode.delegate (0x000071df5ec4a808) [0x000071df5ec4a900, 0x000071df5ec4a9e8] Compiler: c1, Barriers: 1, Oops: 1, ImmediateOops: 0, NonImmediateOops: No
[2,368s][debug][gc,nmethod     ] Register NMethod: io.sirix.cache.IndexLogKey.getRecordPageKey (0x000071df5ebe8388) [0x000071df5ebe8480, 0x000071df5ebe8540] Compiler: c1, Barriers: 0, Oops: 1, ImmediateOops: 0, NonImmediateOops: No
[2,368s][debug][gc,nmethod     ] Register NMethod: io.sirix.api.PageReadOnlyTrx.recordPageOffset (0x000071df3f444508) [0x000071df3f444600, 0x000071df3f4446f8] Compiler: c1, Barriers: 0, Oops: 1, ImmediateOops: 0, NonImmediateOops: No
[2,368s][debug][gc,nmethod     ] Register NMethod: io.sirix.cache.BufferManagerImpl.getRecordPageCache (0x000071df5ebe8088) [0x000071df5ebe8180, 0x000071df5ebe8268] Compiler: c1, Barriers: 1, Oops: 1, ImmediateOops: 0, NonImmediateOops: No
[2,368s][debug][gc,nmethod     ] Register NMethod: io.sirix.access.trx.page.NodePageReadOnlyTrx.getPage (0x000071df3f47e488) [0x000071df3f47e580, 0x000071df3f47e920] Compiler: c1, Barriers: 3, Oops: 1, ImmediateOops: 0, NonImmediateOops: No
[2,368s][debug][gc,nmethod     ] Register NMethod: jdk.internal.foreign.NativeMemorySegmentImpl.isNative (0x000071df5ec6d788) [0x000071df5ec6d880, 0x000071df5ec6d940] Compiler: c1, Barriers: 0, Oops: 0, ImmediateOops: 0, NonImmediateOops: No
[2,368s][debug][gc,nmethod     ] Register NMethod: io.sirix.access.trx.page.NodePageReadOnlyTrx.loadPage (0x000071df3f460988) [0x000071df3f460a80, 0x000071df3f462920] Compiler: c1, Barriers: 15, Oops: 2, ImmediateOops: 2, NonImmediateOops: No
[2,369s][debug][gc,nmethod     ] Register NMethod: sun.nio.fs.NativeBuffer.release (0x000071df3f445008) [0x000071df3f445100, 0x000071df3f445230] Compiler: c1, Barriers: 0, Oops: 0, ImmediateOops: 0, NonImmediateOops: No
[2,369s][debug][gc,nmethod     ] Register NMethod: sun.nio.fs.NativeBuffer.close (0x000071df3f477c88) [0x000071df3f477d80, 0x000071df3f477f20] Compiler: c1, Barriers: 0, Oops: 0, ImmediateOops: 0, NonImmediateOops: No
[2,369s][debug][gc,nmethod     ] Register NMethod: sun.nio.fs.NativeBuffers.getNativeBufferFromCache (0x000071df3f46c688) [0x000071df3f46c780, 0x000071df3f46d388] Compiler: c1, Barriers: 4, Oops: 1, ImmediateOops: 2, NonImmediateOops: No
[2,369s][debug][gc,nmethod     ] Register NMethod: java.util.concurrent.atomic.AtomicInteger.get (0x000071df5ec6d488) [0x000071df5ec6d580, 0x000071df5ec6d640] Compiler: c1, Barriers: 0, Oops: 0, ImmediateOops: 0, NonImmediateOops: No
[2,369s][debug][gc,nmethod     ] Register NMethod: sun.nio.fs.UnixNativeDispatcher.copyToNativeBuffer (0x000071df3f44b508) [0x000071df3f44b600, 0x000071df3f44bab0] Compiler: c1, Barriers: 4, Oops: 0, ImmediateOops: 0, NonImmediateOops: No
[2,370s][debug][gc,nmethod     ] Register NMethod: sun.nio.fs.NativeBuffers.releaseNativeBuffer (0x000071df3f43db88) [0x000071df3f43dc80, 0x000071df3f4411b8] Compiler: c1, Barriers: 15, Oops: 2, ImmediateOops: 7, NonImmediateOops: No
[2,370s][debug][gc,nmethod     ] Register NMethod: com.google.gson.stream.JsonReader.nextQuotedValue (0x000071df3f6bca08) [0x000071df3f6bcb00, 0x000071df3f6bf060] Compiler: c1, Barriers: 1, Oops: 2, ImmediateOops: 3, NonImmediateOops: No
[2,370s][debug][gc,nmethod     ] Register NMethod: jdk.internal.classfile.impl.SplitConstantPool.utf8Entry (0x000071df5ec42908) [0x000071df5ec42a20, 0x000071df5ec43f58] Compiler: jvmci, Barriers: 36, Oops: 0, ImmediateOops: 2, NonImmediateOops: No
[2,372s][debug][gc,nmethod     ] Register NMethod: java.lang.invoke.MethodHandle.linkToSpecial (0x000071df5ebf6a08) [0x000071df5ebf6b00, 0x000071df5ebf6bf8] Compiler: , Barriers: 0, Oops: 0, ImmediateOops: 0, NonImmediateOops: No
[2,373s][debug][gc,nmethod     ] Register NMethod: jdk.internal.classfile.impl.InterfacesImpl.writeTo (0x000071df3f527708) [0x000071df3f527800, 0x000071df3f527b88] Compiler: c1, Barriers: 4, Oops: 0, ImmediateOops: 0, NonImmediateOops: No
[2,373s][debug][gc,nmethod     ] Register NMethod: jdk.internal.classfile.impl.StackMapGenerator.cpIndexToType (0x000071df3f417488) [0x000071df3f417580, 0x000071df3f417b40] Compiler: c1, Barriers: 0, Oops: 0, ImmediateOops: 1, NonImmediateOops: No
[2,374s][debug][gc,nmethod     ] Register NMethod: java.lang.invoke.LambdaFormEditor.lambdaFormEditor (0x000071df3f478288) [0x000071df3f478380, 0x000071df3f478648] Compiler: c1, Barriers: 3, Oops: 0, ImmediateOops: 0, NonImmediateOops: No
[2,374s][debug][gc,nmethod     ] Register NMethod: java.lang.invoke.LambdaForm.editor (0x000071df3f550f88) [0x000071df3f551080, 0x000071df3f5513b8] Compiler: c1, Barriers: 3, Oops: 0, ImmediateOops: 0, NonImmediateOops: No
[2,374s][debug][gc,nmethod     ] Register NMethod: java.lang.invoke.LambdaFormEditor.<init> (0x000071df3f47d208) [0x000071df3f47d300, 0x000071df3f47d4d0] Compiler: c1, Barriers: 3, Oops: 0, ImmediateOops: 0, NonImmediateOops: No
[2,375s][debug][gc,nmethod     ] Register NMethod: com.google.gson.stream.JsonReader.doPeek (0x000071df3f9ab708) [0x000071df3f9ab800, 0x000071df3f9b9788] Compiler: c1, Barriers: 4, Oops: 8, ImmediateOops: 33, NonImmediateOops: No
[2,375s][debug][gc,nmethod     ] Register NMethod: java.lang.invoke.LambdaFormEditor.getInCache (0x000071df3f45c008) [0x000071df3f45c100, 0x000071df3f45d930] Compiler: c1, Barriers: 7, Oops: 0, ImmediateOops: 0, NonImmediateOops: No
[2,375s][debug][gc,nmethod     ] Register NMethod: java.lang.invoke.LambdaFormEditor$TransformKey.<init> (0x000071df3f48aa88) [0x000071df3f48ab80, 0x000071df3f48ad60] Compiler: c1, Barriers: 3, Oops: 0, ImmediateOops: 0, NonImmediateOops: No
[2,375s][debug][gc,nmethod     ] Register NMethod: java.lang.invoke.LambdaFormEditor$TransformKey.inRange (0x000071df3f4bf088) [0x000071df3f4bf180, 0x000071df3f4bf2c0] Compiler: c1, Barriers: 0, Oops: 0, ImmediateOops: 0, NonImmediateOops: No
[2,375s][debug][gc,nmethod     ] Register NMethod: java.util.Arrays.equals (0x000071df3f478f88) [0x000071df3f479080, 0x000071df3f479320] Compiler: c1, Barriers: 0, Oops: 0, ImmediateOops: 0, NonImmediateOops: No
[2,376s][debug][gc,nmethod     ] Register NMethod: java.lang.invoke.MethodHandle.invokeBasic (0x000071df5ebf6608) [0x000071df5ebf6700, 0x000071df5ebf6998] Compiler: , Barriers: 0, Oops: 0, ImmediateOops: 0, NonImmediateOops: No
[2,376s][debug][gc,nmethod     ] Register NMethod: java.util.concurrent.ForkJoinPool.slotOffset (0x000071df5ebf6088) [0x000071df5ebf6180, 0x000071df5ebf61f0] Compiler: jvmci, Barriers: 0, Oops: 0, ImmediateOops: 0, NonImmediateOops: No
[2,376s][debug][gc,nmethod     ] Register NMethod: java.lang.invoke.MethodHandle.linkToSpecial (0x000071df5ec34a88) [0x000071df5ec34b80, 0x000071df5ec34c78] Compiler: , Barriers: 0, Oops: 0, ImmediateOops: 0, NonImmediateOops: No
[2,376s][debug][gc,nmethod     ] Register NMethod: java.lang.invoke.LambdaFormBuffer.changeName (0x000071df3f42aa08) [0x000071df3f42ab00, 0x000071df3f42b570] Compiler: c1, Barriers: 10, Oops: 0, ImmediateOops: 0, NonImmediateOops: No
[2,376s][debug][gc,director    ] Rule Major: Warmup 10%, Used: 266MB, UsedThreshold: 1228MB
[2,376s][debug][gc,nmethod     ] Register NMethod: java.lang.invoke.MethodHandle.invokeBasic (0x000071df5ec34688) [0x000071df5ec34780, 0x000071df5ec34a18] Compiler: , Barriers: 0, Oops: 0, ImmediateOops: 0, NonImmediateOops: No
[2,376s][debug][gc,nmethod     ] Register NMethod: java.lang.invoke.MethodHandle.linkToSpecial (0x000071df5ec34108) [0x000071df5ec34200, 0x000071df5ec342f8] Compiler: , Barriers: 0, Oops: 0, ImmediateOops: 0, NonImmediateOops: No
[2,377s][debug][gc,nmethod     ] Register NMethod: java.lang.invoke.MethodHandleStatics.traceLambdaForm (0x000071df3f4c0f88) [0x000071df3f4c1080, 0x000071df3f4c11e8] Compiler: c1, Barriers: 0, Oops: 0, ImmediateOops: 0, NonImmediateOops: No
[2,377s][debug][gc,nmethod     ] Register NMethod: java.lang.invoke.MethodHandle.linkToStatic (0x000071df5ec70908) [0x000071df5ec70a00, 0x000071df5ec70af0] Compiler: , Barriers: 0, Oops: 0, ImmediateOops: 0, NonImmediateOops: No
[2,377s][debug][gc,nmethod     ] Register NMethod: java.lang.invoke.MethodHandle.invokeBasic (0x000071df5ec70508) [0x000071df5ec70600, 0x000071df5ec70898] Compiler: , Barriers: 0, Oops: 0, ImmediateOops: 0, NonImmediateOops: No
[2,378s][debug][gc,nmethod     ] Register NMethod: java.lang.invoke.MethodHandle.linkToStatic (0x000071df5ec70208) [0x000071df5ec70300, 0x000071df5ec703f8] Compiler: , Barriers: 0, Oops: 0, ImmediateOops: 0, NonImmediateOops: No
[2,379s][debug][gc,nmethod     ] Register NMethod: io.sirix.page.PageReference.setKey (0x000071df3f4e6208) [0x000071df3f4e6300, 0x000071df3f4e6410] Compiler: c1, Barriers: 0, Oops: 1, ImmediateOops: 0, NonImmediateOops: No
[2,380s][debug][gc,nmethod     ] Register NMethod: java.lang.invoke.MethodHandle.linkToStatic (0x000071df5ec6ff08) [0x000071df5ec70000, 0x000071df5ec700f0] Compiler: , Barriers: 0, Oops: 0, ImmediateOops: 0, NonImmediateOops: No
[2,380s][debug][gc,nmethod     ] Register NMethod: java.lang.invoke.MethodHandle.invokeBasic (0x000071df5ec6fb08) [0x000071df5ec6fc00, 0x000071df5ec6fe98] Compiler: , Barriers: 0, Oops: 0, ImmediateOops: 0, NonImmediateOops: No
[2,380s][debug][gc,nmethod     ] Register NMethod: java.lang.invoke.MethodHandle.linkToSpecial (0x000071df5ec30508) [0x000071df5ec30600, 0x000071df5ec306f8] Compiler: , Barriers: 0, Oops: 0, ImmediateOops: 0, NonImmediateOops: No
[2,381s][debug][gc,nmethod     ] Register NMethod: jdk.internal.classfile.impl.SplitConstantPool.maybeCloneUtf8Entry (0x000071df5ec2ff88) [0x000071df5ec30080, 0x000071df5ec304b8] Compiler: jvmci, Barriers: 4, Oops: 0, ImmediateOops: 1, NonImmediateOops: No
[2,381s][debug][gc,nmethod     ] Register NMethod: java.lang.invoke.MethodHandle.invokeBasic (0x000071df5ec2fb88) [0x000071df5ec2fc80, 0x000071df5ec2ff18] Compiler: , Barriers: 0, Oops: 0, ImmediateOops: 0, NonImmediateOops: No
[2,382s][debug][gc,nmethod     ] Register NMethod: java.util.concurrent.atomic.AtomicLong.compareAndSet (0x000071df3f4e7c08) [0x000071df3f4e7d00, 0x000071df3f4e7e20] Compiler: c1, Barriers: 0, Oops: 0, ImmediateOops: 0, NonImmediateOops: No
[2,382s][debug][gc,nmethod     ] Register NMethod: net.jpountz.xxhash.StreamingXXHash32JNI.checkState (0x000071df3f67e188) [0x000071df3f67e280, 0x000071df3f67e490] Compiler: c1, Barriers: 0, Oops: 1, ImmediateOops: 1, NonImmediateOops: No
[2,382s][debug][gc,nmethod     ] Register NMethod: io.sirix.page.PageReference.setHash (0x000071df5ec2f888) [0x000071df5ec2f980, 0x000071df5ec2fab0] Compiler: c1, Barriers: 3, Oops: 1, ImmediateOops: 0, NonImmediateOops: No
[2,382s][debug][gc,nmethod     ] Register NMethod: net.jpountz.util.SafeUtils.checkLength (0x000071df3f52c788) [0x000071df3f52c880, 0x000071df3f52ca58] Compiler: c1, Barriers: 0, Oops: 1, ImmediateOops: 1, NonImmediateOops: No
[2,382s][debug][gc,nmethod     ] Register NMethod: net.jpountz.util.SafeUtils.checkRange (0x000071df3f412908) [0x000071df3f412a00, 0x000071df3f412f38] Compiler: c1, Barriers: 0, Oops: 1, ImmediateOops: 1, NonImmediateOops: No
[2,383s][debug][gc,nmethod     ] Register NMethod: io.sirix.node.MemorySegmentBytesIn.read (0x000071df3f578508) [0x000071df3f578600, 0x000071df3f578758] Compiler: c1, Barriers: 0, Oops: 1, ImmediateOops: 0, NonImmediateOops: No
[2,383s][debug][gc,nmethod     ] Register NMethod: sun.nio.ch.UnixFileDispatcherImpl.pread0 (0x000071df5ec2f588) [0x000071df5ec2f680, 0x000071df5ec2f7f8] Compiler: , Barriers: 0, Oops: 0, ImmediateOops: 1, NonImmediateOops: No
[2,384s][debug][gc,nmethod     ] Register NMethod: io.sirix.page.KeyValueLeafPage.setData (0x000071df3f9b9808) [0x000071df3f9b9900, 0x000071df3f9ff0b0] Compiler: c1, Barriers: 182, Oops: 16, ImmediateOops: 164, NonImmediateOops: No
[2,384s][debug][gc,nmethod     ] Register NMethod: jdk.internal.foreign.AbstractMemorySegmentImpl.get (0x000071df3f413608) [0x000071df3f413700, 0x000071df3f417030] Compiler: c1, Barriers: 27, Oops: 5, ImmediateOops: 12, NonImmediateOops: No
[2,384s][debug][gc,nmethod     ] Register NMethod: io.sirix.node.MemorySegmentBytesIn.readLong (0x000071df3f6ce388) [0x000071df3f6ce480, 0x000071df3f6d2090] Compiler: c1, Barriers: 5, Oops: 6, ImmediateOops: 10, NonImmediateOops: No
[2,384s][debug][gc,nmethod     ] Register NMethod: io.sirix.page.PageReference.setDatabaseId (0x000071df3f5a5488) [0x000071df3f5a5580, 0x000071df3f5a5690] Compiler: c1, Barriers: 0, Oops: 1, ImmediateOops: 0, NonImmediateOops: No
[2,384s][debug][gc,nmethod     ] Register NMethod: io.sirix.page.PageReference.setResourceId (0x000071df3f5df588) [0x000071df3f5df680, 0x000071df3f5df790] Compiler: c1, Barriers: 0, Oops: 1, ImmediateOops: 0, NonImmediateOops: No
[2,384s][debug][gc,nmethod     ] Register NMethod: com.github.benmanes.caffeine.cache.DisabledTicker.read (0x000071df5ec18f08) [0x000071df5ec19000, 0x000071df5ec190c0] Compiler: c1, Barriers: 0, Oops: 1, ImmediateOops: 0, NonImmediateOops: No
[2,384s][debug][gc,nmethod     ] Register NMethod: java.nio.ByteBuffer.flip (0x000071df3f5f3a88) [0x000071df3f5f3b80, 0x000071df3f5f3cf8] Compiler: c1, Barriers: 0, Oops: 0, ImmediateOops: 0, NonImmediateOops: No
[2,384s][debug][gc,nmethod     ] Register NMethod: sun.nio.ch.NativeDispatcher.needsPositionLock (0x000071df5ec18c08) [0x000071df5ec18d00, 0x000071df5ec18dc0] Compiler: c1, Barriers: 0, Oops: 0, ImmediateOops: 0, NonImmediateOops: No
[2,384s][debug][gc,nmethod     ] Register NMethod: io.sirix.page.PageReference.<init> (0x000071df3f44f308) [0x000071df3f44f400, 0x000071df3f44fa30] Compiler: c1, Barriers: 9, Oops: 1, ImmediateOops: 1, NonImmediateOops: No
[2,384s][debug][gc,nmethod     ] Register NMethod: com.github.benmanes.caffeine.cache.BoundedLocalCache.expiresVariable (0x000071df5ec18908) [0x000071df5ec18a00, 0x000071df5ec18ac0] Compiler: c1, Barriers: 0, Oops: 1, ImmediateOops: 0, NonImmediateOops: No
[2,384s][debug][gc,nmethod     ] Register NMethod: java.lang.Enum.hashCode (0x000071df3f629a88) [0x000071df3f629b80, 0x000071df3f629cf8] Compiler: c1, Barriers: 0, Oops: 0, ImmediateOops: 0, NonImmediateOops: No
[2,384s][debug][gc,nmethod     ] Register NMethod: java.util.concurrent.atomic.AtomicReference.get (0x000071df5ec18608) [0x000071df5ec18700, 0x000071df5ec187e8] Compiler: c1, Barriers: 1, Oops: 0, ImmediateOops: 0, NonImmediateOops: No
[2,384s][debug][gc,nmethod     ] Register NMethod: java.nio.DirectByteBuffer.isReadOnly (0x000071df5ec18308) [0x000071df5ec18400, 0x000071df5ec184c0] Compiler: c1, Barriers: 0, Oops: 0, ImmediateOops: 0, NonImmediateOops: No
[2,385s][debug][gc,nmethod     ] Register NMethod: java.nio.file.Files.provider (0x000071df3f598e88) [0x000071df3f598f80, 0x000071df3f599358] Compiler: c1, Barriers: 2, Oops: 0, ImmediateOops: 0, NonImmediateOops: No
[2,385s][debug][gc,nmethod     ] Register NMethod: java.nio.ByteBuffer.order (0x000071df3f6ce008) [0x000071df3f6ce100, 0x000071df3f6ce320] Compiler: c1, Barriers: 0, Oops: 0, ImmediateOops: 1, NonImmediateOops: No
[2,385s][debug][gc,nmethod     ] Register NMethod: com.github.benmanes.caffeine.cache.BoundedLocalCache.expiresAfterWrite (0x000071df5ec18008) [0x000071df5ec18100, 0x000071df5ec181c0] Compiler: c1, Barriers: 0, Oops: 1, ImmediateOops: 0, NonImmediateOops: No
[2,385s][debug][gc,nmethod     ] Register NMethod: jdk.internal.misc.Unsafe.putByte (0x000071df3f4c3188) [0x000071df3f4c3280, 0x000071df3f4c3390] Compiler: c1, Barriers: 0, Oops: 0, ImmediateOops: 0, NonImmediateOops: No
[2,385s][debug][gc,nmethod     ] Register NMethod: java.util.concurrent.locks.AbstractQueuedSynchronizer.signalNext (0x000071df3f417f88) [0x000071df3f418080, 0x000071df3f4192f8] Compiler: c1, Barriers: 2, Oops: 0, ImmediateOops: 2, NonImmediateOops: No
[2,385s][debug][gc,nmethod     ] Register NMethod: java.nio.HeapByteBuffer.isReadOnly (0x000071df5ec17d08) [0x000071df5ec17e00, 0x000071df5ec17ec0] Compiler: c1, Barriers: 0, Oops: 0, ImmediateOops: 0, NonImmediateOops: No
[2,385s][debug][gc,nmethod     ] Register NMethod: java.nio.DirectByteBuffer.base (0x000071df5ec17888) [0x000071df5ec17980, 0x000071df5ec17a48] Compiler: c1, Barriers: 0, Oops: 0, ImmediateOops: 0, NonImmediateOops: No
[2,385s][debug][gc,nmethod     ] Register NMethod: java.lang.Long.bitCount (0x000071df3f804408) [0x000071df3f804500, 0x000071df3f804668] Compiler: c1, Barriers: 0, Oops: 0, ImmediateOops: 0, NonImmediateOops: No
[2,385s][debug][gc,nmethod     ] Register NMethod: java.nio.MappedByteBuffer.limit (0x000071df3f48ef88) [0x000071df3f48f080, 0x000071df3f48f220] Compiler: c1, Barriers: 0, Oops: 0, ImmediateOops: 0, NonImmediateOops: No
[2,386s][debug][gc,nmethod     ] Register NMethod: jdk.internal.misc.Unsafe.allocateMemory (0x000071df3f44be08) [0x000071df3f44bf00, 0x000071df3f44d1b0] Compiler: c1, Barriers: 0, Oops: 2, ImmediateOops: 3, NonImmediateOops: No
[2,386s][debug][gc,nmethod     ] Register NMethod: java.lang.Math.max (0x000071df5ec2ef88) [0x000071df5ec2f080, 0x000071df5ec2f0f0] Compiler: jvmci, Barriers: 0, Oops: 0, ImmediateOops: 0, NonImmediateOops: No
[2,386s][debug][gc,nmethod     ] Register NMethod: io.sirix.node.MemorySegmentBytesIn.read (0x000071df3f813688) [0x000071df3f813780, 0x000071df3f81a290] Compiler: c1, Barriers: 7, Oops: 9, ImmediateOops: 16, NonImmediateOops: No
[2,386s][debug][gc,nmethod     ] Register NMethod: jdk.internal.classfile.impl.StackMapGenerator$Frame.pushStack (0x000071df5ec2e708) [0x000071df5ec2e800, 0x000071df5ec2ef78] Compiler: jvmci, Barriers: 20, Oops: 1, ImmediateOops: 2, NonImmediateOops: No
[2,386s][debug][gc,director    ] Rule Major: Warmup 10%, Used: 268MB, UsedThreshold: 1228MB
[2,386s][debug][gc,nmethod     ] Register NMethod: jdk.internal.misc.VM.isDirectMemoryPageAligned (0x000071df3f527f88) [0x000071df3f528080, 0x000071df3f528360] Compiler: c1, Barriers: 0, Oops: 0, ImmediateOops: 1, NonImmediateOops: No
[2,387s][debug][gc,nmethod     ] Register NMethod: io.sirix.page.SerializationType.readHash (0x000071df3f46e088) [0x000071df3f46e180, 0x000071df3f46e6e8] Compiler: c1, Barriers: 3, Oops: 1, ImmediateOops: 0, NonImmediateOops: No
[2,387s][debug][gc,nmethod     ] Register NMethod: io.sirix.access.trx.node.AbstractResourceSession.getResourceConfig (0x000071df3f670a88) [0x000071df3f670b80, 0x000071df3f670e20] Compiler: c1, Barriers: 1, Oops: 1, ImmediateOops: 1, NonImmediateOops: No
[2,387s][debug][gc,nmethod     ] Register NMethod: java.util.concurrent.atomic.AtomicLong.addAndGet (0x000071df3f48ec88) [0x000071df3f48ed80, 0x000071df3f48ee90] Compiler: c1, Barriers: 0, Oops: 0, ImmediateOops: 0, NonImmediateOops: No
[2,387s][debug][gc,nmethod     ] Register NMethod: io.sirix.page.SerializationType.readPageFragments (0x000071df3f405488) [0x000071df3f405580, 0x000071df3f406180] Compiler: c1, Barriers: 1, Oops: 1, ImmediateOops: 0, NonImmediateOops: No
[2,387s][debug][gc,nmethod     ] Register NMethod: jdk.internal.classfile.impl.StackMapGenerator$Frame.checkStack (0x000071df5ec2df08) [0x000071df5ec2e000, 0x000071df5ec2e6b8] Compiler: jvmci, Barriers: 17, Oops: 1, ImmediateOops: 2, NonImmediateOops: No
[2,387s][debug][gc,nmethod     ] Register NMethod: java.util.stream.AbstractPipeline.wrapAndCopyInto (0x000071df3f46f308) [0x000071df3f46f400, 0x000071df3f46fc70] Compiler: c1, Barriers: 0, Oops: 0, ImmediateOops: 0, NonImmediateOops: No
[2,387s][debug][gc,nmethod     ] Register NMethod: java.util.ArrayList.getFirst (0x000071df3f805f08) [0x000071df3f806000, 0x000071df3f806300] Compiler: c1, Barriers: 2, Oops: 0, ImmediateOops: 0, NonImmediateOops: No
[2,390s][debug][gc,nmethod     ] Register NMethod: java.lang.invoke.MethodHandle.linkToStatic (0x000071df5ec2dc08) [0x000071df5ec2dd00, 0x000071df5ec2ddf0] Compiler: , Barriers: 0, Oops: 0, ImmediateOops: 0, NonImmediateOops: No
[2,392s][debug][gc,nmethod     ] Register NMethod: java.util.Arrays$ArrayItr.hasNext (0x000071df3f550988) [0x000071df3f550a80, 0x000071df3f550c10] Compiler: c1, Barriers: 1, Oops: 0, ImmediateOops: 0, NonImmediateOops: No
[2,392s][debug][gc,nmethod     ] Register NMethod: java.util.Arrays$ArrayItr.next (0x000071df3f813008) [0x000071df3f813100, 0x000071df3f8133a0] Compiler: c1, Barriers: 2, Oops: 0, ImmediateOops: 0, NonImmediateOops: No
[2,393s][debug][gc,nmethod     ] Register NMethod: jdk.internal.classfile.impl.StackMapGenerator.processBlock (0x000071df3f9ff188) [0x000071df3f9ff280, 0x000071df3fa2f120] Compiler: c1, Barriers: 294, Oops: 4, ImmediateOops: 159, NonImmediateOops: No
[2,393s][debug][gc,nmethod     ] Register NMethod: java.util.concurrent.ConcurrentHashMap$KeyIterator.next (0x000071df3f422888) [0x000071df3f422980, 0x000071df3f422e60] Compiler: c1, Barriers: 5, Oops: 0, ImmediateOops: 0, NonImmediateOops: No
[2,393s][debug][gc,nmethod     ] Register NMethod: jdk.internal.loader.ClassLoaders.platformClassLoader (0x000071df3f550608) [0x000071df3f550700, 0x000071df3f5507e8] Compiler: c1, Barriers: 0, Oops: 0, ImmediateOops: 1, NonImmediateOops: No
[2,394s][debug][gc,nmethod     ] Register NMethod: jdk.internal.jimage.ImageLocation.verify (0x000071df3f425408) [0x000071df3f425500, 0x000071df3f426f70] Compiler: c1, Barriers: 1, Oops: 1, ImmediateOops: 2, NonImmediateOops: No
[2,394s][debug][gc,nmethod     ] Register NMethod: java.io.BufferedInputStream.getBufIfOpen (0x000071df5ebf8688) [0x000071df5ebf8780, 0x000071df5ebf8af8] Compiler: jvmci, Barriers: 6, Oops: 0, ImmediateOops: 1, NonImmediateOops: No
[2,394s][debug][gc,nmethod     ] Register NMethod: java.util.ArrayList.add (0x000071df5ebf7e08) [0x000071df5ebf7f00, 0x000071df5ebf8628] Compiler: jvmci, Barriers: 16, Oops: 0, ImmediateOops: 1, NonImmediateOops: No
[2,395s][debug][gc,nmethod     ] Register NMethod: java.time.temporal.ValueRange.getMinimum (0x000071df5ec2d908) [0x000071df5ec2da00, 0x000071df5ec2dac0] Compiler: c1, Barriers: 0, Oops: 0, ImmediateOops: 0, NonImmediateOops: No
[2,395s][debug][gc,nmethod     ] Register NMethod: java.time.ZoneOffset.getTotalSeconds (0x000071df5ebf7b08) [0x000071df5ebf7c00, 0x000071df5ebf7cc0] Compiler: c1, Barriers: 0, Oops: 0, ImmediateOops: 0, NonImmediateOops: No
[2,395s][debug][gc,nmethod     ] Register NMethod: java.time.temporal.ChronoField.range (0x000071df5ebf7808) [0x000071df5ebf7900, 0x000071df5ebf79e8] Compiler: c1, Barriers: 1, Oops: 0, ImmediateOops: 0, NonImmediateOops: No
[2,395s][debug][gc,nmethod     ] Register NMethod: java.time.temporal.ValueRange.getMaximum (0x000071df5ebf7508) [0x000071df5ebf7600, 0x000071df5ebf76c0] Compiler: c1, Barriers: 0, Oops: 0, ImmediateOops: 0, NonImmediateOops: No
[2,395s][debug][gc,nmethod     ] Register NMethod: java.lang.Math.floorMod (0x000071df3f43d588) [0x000071df3f43d680, 0x000071df3f43d830] Compiler: c1, Barriers: 0, Oops: 0, ImmediateOops: 0, NonImmediateOops: No
[2,395s][debug][gc,nmethod     ] Register NMethod: java.time.temporal.ChronoField.checkValidValue (0x000071df3f80a688) [0x000071df3f80a780, 0x000071df3f80ac88] Compiler: c1, Barriers: 1, Oops: 0, ImmediateOops: 0, NonImmediateOops: No
[2,395s][debug][gc,nmethod     ] Register NMethod: java.lang.invoke.MethodHandle.linkToStatic (0x000071df5ebf7108) [0x000071df5ebf7200, 0x000071df5ebf72f0] Compiler: , Barriers: 0, Oops: 0, ImmediateOops: 0, NonImmediateOops: No
[2,395s][debug][gc,nmethod     ] Register NMethod: java.time.temporal.ValueRange.isValidValue (0x000071df3f50ca08) [0x000071df3f50cb00, 0x000071df3f50d028] Compiler: c1, Barriers: 0, Oops: 0, ImmediateOops: 0, NonImmediateOops: No
[2,395s][debug][gc,nmethod     ] Register NMethod: java.time.temporal.ValueRange.checkValidValue (0x000071df3f624c88) [0x000071df3f624d80, 0x000071df3f6255b8] Compiler: c1, Barriers: 0, Oops: 0, ImmediateOops: 0, NonImmediateOops: No
[2,396s][debug][gc,nmethod     ] Register NMethod: java.nio.DirectByteBuffer.get (0x000071df5ec3e308) [0x000071df5ec3e400, 0x000071df5ec3e678] Compiler: jvmci, Barriers: 4, Oops: 0, ImmediateOops: 0, NonImmediateOops: No
[2,396s][debug][gc,director    ] Rule Major: Warmup 10%, Used: 270MB, UsedThreshold: 1228MB
[2,397s][debug][gc,nmethod     ] Register NMethod: java.lang.invoke.InfoFromMemberName.getMethodType (0x000071df3f809f08) [0x000071df3f80a000, 0x000071df3f80a330] Compiler: c1, Barriers: 1, Oops: 0, ImmediateOops: 0, NonImmediateOops: No
[2,397s][debug][gc,nmethod     ] Register NMethod: java.lang.invoke.InfoFromMemberName.getName (0x000071df3f711f88) [0x000071df3f712080, 0x000071df3f7128b8] Compiler: c1, Barriers: 6, Oops: 0, ImmediateOops: 0, NonImmediateOops: No
[2,399s][debug][gc,nmethod     ] Register NMethod: java.io.BufferedInputStream.read1 (0x000071df5ec3da88) [0x000071df5ec3db80, 0x000071df5ec3e2e8] Compiler: jvmci, Barriers: 7, Oops: 0, ImmediateOops: 1, NonImmediateOops: No
[2,400s][debug][gc,nmethod     ] Register NMethod: java.util.AbstractMap$SimpleImmutableEntry.getKey (0x000071df5ec3d788) [0x000071df5ec3d880, 0x000071df5ec3d968] Compiler: c1, Barriers: 1, Oops: 0, ImmediateOops: 0, NonImmediateOops: No
[2,401s][debug][gc,nmethod     ] Register NMethod: java.lang.invoke.InnerClassLambdaMetafactory.sanitizedTargetClassName (0x000071df3f51c108) [0x000071df3f51c200, 0x000071df3f51cbe0] Compiler: c1, Barriers: 1, Oops: 0, ImmediateOops: 0, NonImmediateOops: No
[2,401s][debug][gc,nmethod     ] Register NMethod: jdk.internal.classfile.impl.DirectCodeBuilder.invokespecial (0x000071df3f441688) [0x000071df3f441780, 0x000071df3f4422f0] Compiler: c1, Barriers: 2, Oops: 0, ImmediateOops: 0, NonImmediateOops: No
[2,401s][debug][gc,nmethod     ] Register NMethod: java.util.ImmutableCollections.listFromTrustedArray (0x000071df3f4c1888) [0x000071df3f4c1980, 0x000071df3f4c2b60] Compiler: c1, Barriers: 19, Oops: 0, ImmediateOops: 2, NonImmediateOops: No
[2,402s][debug][gc,nmethod     ] Register NMethod: java.io.BufferedInputStream.read (0x000071df5ec72c88) [0x000071df5ec72d80, 0x000071df5ec73b80] Compiler: jvmci, Barriers: 9, Oops: 0, ImmediateOops: 1, NonImmediateOops: No
[2,406s][debug][gc,director    ] Rule Major: Warmup 10%, Used: 270MB, UsedThreshold: 1228MB
[2,408s][debug][gc,nmethod     ] Register NMethod: java.lang.reflect.Field.getType (0x000071df5ec3d488) [0x000071df5ec3d580, 0x000071df5ec3d668] Compiler: c1, Barriers: 1, Oops: 0, ImmediateOops: 0, NonImmediateOops: No
[2,409s][debug][gc,nmethod     ] Register NMethod: jdk.internal.misc.Unsafe.park (0x000071df5ec3d188) [0x000071df5ec3d280, 0x000071df5ec3d3c8] Compiler: , Barriers: 0, Oops: 0, ImmediateOops: 0, NonImmediateOops: No
[2,409s][debug][gc,nmethod     ] Register NMethod: net.jpountz.lz4.LZ4BlockInputStream.tryReadFully (0x000071df3f54c988) [0x000071df3f54ca80, 0x000071df3f54d000] Compiler: c1, Barriers: 1, Oops: 1, ImmediateOops: 0, NonImmediateOops: No
[2,409s][debug][gc,nmethod     ] Register NMethod: com.google.common.base.Preconditions.checkArgument (0x000071df3f57b488) [0x000071df3f57b580, 0x000071df3f57ba00] Compiler: c1, Barriers: 0, Oops: 1, ImmediateOops: 1, NonImmediateOops: No
[2,410s][debug][gc,nmethod     ] Register NMethod: java.io.DataInputStream.readFully (0x000071df5ec77708) [0x000071df5ec77800, 0x000071df5ec78d50] Compiler: jvmci, Barriers: 11, Oops: 0, ImmediateOops: 1, NonImmediateOops: No
[2,410s][debug][gc,nmethod     ] Register NMethod: java.lang.invoke.VarHandleGuards.guard_L_L (0x000071df3f42cd08) [0x000071df3f42ce00, 0x000071df3f430280] Compiler: c1, Barriers: 29, Oops: 0, ImmediateOops: 2, NonImmediateOops: No
[2,417s][debug][gc,director    ] Rule Major: Warmup 10%, Used: 272MB, UsedThreshold: 1228MB
[2,417s][debug][gc,nmethod     ] Register NMethod: java.util.zip.ZipEntry.getName (0x000071df5ec3cc88) [0x000071df5ec3cd80, 0x000071df5ec3ce68] Compiler: c1, Barriers: 1, Oops: 0, ImmediateOops: 0, NonImmediateOops: No
[2,422s][debug][gc,nmethod     ] Register NMethod: java.util.jar.JarFile.maybeInstantiateVerifier (0x000071df5ec77088) [0x000071df5ec77180, 0x000071df5ec77688] Compiler: jvmci, Barriers: 4, Oops: 0, ImmediateOops: 0, NonImmediateOops: No
[2,427s][debug][gc,director    ] Rule Major: Warmup 10%, Used: 272MB, UsedThreshold: 1228MB
[2,433s][debug][gc,nmethod     ] Register NMethod: io.sirix.cache.IndexLogKey.getIndexNumber (0x000071df5ec76d88) [0x000071df5ec76e80, 0x000071df5ec76f40] Compiler: c1, Barriers: 0, Oops: 1, ImmediateOops: 0, NonImmediateOops: No
[2,434s][debug][gc,nmethod     ] Register NMethod: java.lang.invoke.MethodHandle.linkToStatic (0x000071df5ec72988) [0x000071df5ec72a80, 0x000071df5ec72b70] Compiler: , Barriers: 0, Oops: 0, ImmediateOops: 0, NonImmediateOops: No
[2,435s][debug][gc,nmethod     ] Register NMethod: io.sirix.cache.IndexLogKey.getRevisionNumber (0x000071df5ec72688) [0x000071df5ec72780, 0x000071df5ec72840] Compiler: c1, Barriers: 0, Oops: 1, ImmediateOops: 0, NonImmediateOops: No
[2,435s][debug][gc,nmethod     ] Register NMethod: kotlin.jvm.internal.Intrinsics.checkNotNullParameter (0x000071df3f401788) [0x000071df3f401880, 0x000071df3f402068] Compiler: c1, Barriers: 1, Oops: 2, ImmediateOops: 2, NonImmediateOops: No
[2,436s][debug][gc,nmethod     ] Register NMethod: io.sirix.page.KeyValueLeafPage.getRecord (0x000071df3f42ca08) [0x000071df3f42cb00, 0x000071df3f42cc90] Compiler: c1, Barriers: 2, Oops: 1, ImmediateOops: 0, NonImmediateOops: No
[2,436s][debug][gc,nmethod     ] Register NMethod: io.sirix.access.trx.page.NodePageReadOnlyTrx.getValue (0x000071df3f450908) [0x000071df3f450a00, 0x000071df3f452560] Compiler: c1, Barriers: 6, Oops: 1, ImmediateOops: 1, NonImmediateOops: No
[2,437s][debug][gc,director    ] Rule Major: Warmup 10%, Used: 274MB, UsedThreshold: 1228MB
[2,437s][debug][gc,nmethod     ] Register NMethod: java.util.concurrent.ConcurrentHashMap.compute (0x000071df3f470888) [0x000071df3f470980, 0x000071df3f473eb8] Compiler: c1, Barriers: 33, Oops: 0, ImmediateOops: 2, NonImmediateOops: No
[2,437s][debug][gc,nmethod     ] Register NMethod: java.lang.Class.getPackageName (0x000071df5ecb2a88) [0x000071df5ecb2b80, 0x000071df5ecb3248] Compiler: jvmci, Barriers: 9, Oops: 0, ImmediateOops: 1, NonImmediateOops: No
[2,438s][debug][gc,nmethod     ] Register NMethod: java.lang.Integer.valueOf (0x000071df5ec72188) [0x000071df5ec72280, 0x000071df5ec723f0] Compiler: jvmci, Barriers: 1, Oops: 0, ImmediateOops: 1, NonImmediateOops: No
[2,439s][debug][gc,nmethod     ] Register NMethod: java.util.concurrent.atomic.AtomicReferenceFieldUpdater$AtomicReferenceFieldUpdaterImpl.accessCheck (0x000071df3f671708) [0x000071df3f671800, 0x000071df3f671b90] Compiler: c1, Barriers: 1, Oops: 0, ImmediateOops: 0, NonImmediateOops: No
[2,440s][debug][gc,nmethod     ] Register NMethod: java.lang.reflect.Executable.isVarArgs (0x000071df3f41e188) [0x000071df3f41e280, 0x000071df3f41e5d0] Compiler: c1, Barriers: 0, Oops: 0, ImmediateOops: 0, NonImmediateOops: No
[2,444s][debug][gc,nmethod     ] Register NMethod: java.util.WeakHashMap.expungeStaleEntries (0x000071df5ecb3288) [0x000071df5ecb3380, 0x000071df5ecb34b8] Compiler: jvmci, Barriers: 2, Oops: 0, ImmediateOops: 0, NonImmediateOops: No
[2,446s][debug][gc,nmethod     ] Register NMethod: java.lang.ref.Cleaner$1.apply (0x000071df5ecb3588) [0x000071df5ecb3680, 0x000071df5ecb37c0] Compiler: jvmci, Barriers: 1, Oops: 0, ImmediateOops: 0, NonImmediateOops: No
[2,447s][debug][gc,director    ] Rule Major: Warmup 10%, Used: 274MB, UsedThreshold: 1228MB
[2,447s][debug][gc,nmethod     ] Register NMethod: org.magicwerk.brownies.collections.IList$Iter.hasNext (0x000071df3f41dc08) [0x000071df3f41dd00, 0x000071df3f41e110] Compiler: c1, Barriers: 1, Oops: 1, ImmediateOops: 0, NonImmediateOops: No
[2,447s][debug][gc,nmethod     ] Register NMethod: com.github.benmanes.caffeine.cache.BoundedLocalCache.expiresAfterAccess (0x000071df5ecb3888) [0x000071df5ecb3980, 0x000071df5ecb3a40] Compiler: c1, Barriers: 0, Oops: 1, ImmediateOops: 0, NonImmediateOops: No
[2,447s][debug][gc,nmethod     ] Register NMethod: java.util.concurrent.atomic.AtomicInteger.incrementAndGet (0x000071df3f41d908) [0x000071df3f41da00, 0x000071df3f41db10] Compiler: c1, Barriers: 0, Oops: 0, ImmediateOops: 0, NonImmediateOops: No
[2,448s][debug][gc,nmethod     ] Register NMethod: jdk.internal.misc.Unsafe.setMemory0 (0x000071df5ecb3b88) [0x000071df5ecb3c80, 0x000071df5ecb3dd8] Compiler: , Barriers: 0, Oops: 0, ImmediateOops: 0, NonImmediateOops: No
[2,448s][debug][gc,nmethod     ] Register NMethod: org.magicwerk.brownies.collections.IList$Iter.next (0x000071df3f5e2488) [0x000071df3f5e2580, 0x000071df3f5e2d78] Compiler: c1, Barriers: 2, Oops: 1, ImmediateOops: 0, NonImmediateOops: No
[2,449s][debug][gc,nmethod     ] Register NMethod: jdk.internal.foreign.layout.ValueLayouts$AbstractValueLayout.varHandle (0x000071df5ecb3e88) [0x000071df5ecb3f80, 0x000071df5ecb4060] Compiler: jvmci, Barriers: 1, Oops: 0, ImmediateOops: 0, NonImmediateOops: No
[2,449s][debug][gc,nmethod     ] Register NMethod: sun.nio.ch.IOUtil.bufferAddress (0x000071df3f809c08) [0x000071df3f809d00, 0x000071df3f809e60] Compiler: c1, Barriers: 0, Oops: 0, ImmediateOops: 1, NonImmediateOops: No
[2,449s][debug][gc,nmethod     ] Register NMethod: sun.nio.ch.IOStatus.normalize (0x000071df3f671388) [0x000071df3f671480, 0x000071df3f6715b8] Compiler: c1, Barriers: 0, Oops: 0, ImmediateOops: 0, NonImmediateOops: No
[2,449s][debug][gc,nmethod     ] Register NMethod: sun.nio.fs.Util.followLinks (0x000071df3f5dcf08) [0x000071df3f5dd000, 0x000071df3f5dd3e8] Compiler: c1, Barriers: 1, Oops: 0, ImmediateOops: 2, NonImmediateOops: No
[2,449s][debug][gc,nmethod     ] Register NMethod: sun.nio.ch.IOUtil.releaseScope (0x000071df3f449808) [0x000071df3f449900, 0x000071df3f44a508] Compiler: c1, Barriers: 2, Oops: 0, ImmediateOops: 1, NonImmediateOops: No
[2,449s][debug][gc,nmethod     ] Register NMethod: java.lang.invoke.DirectMethodHandle.fieldOffset (0x000071df3f401388) [0x000071df3f401480, 0x000071df3f401770] Compiler: c1, Barriers: 0, Oops: 0, ImmediateOops: 0, NonImmediateOops: No
[2,449s][debug][gc,nmethod     ] Register NMethod: sun.nio.fs.UnixPath.resolve (0x000071df3f5ac688) [0x000071df3f5ac780, 0x000071df3f5ad438] Compiler: c1, Barriers: 9, Oops: 0, ImmediateOops: 0, NonImmediateOops: No
[2,449s][debug][gc,nmethod     ] Register NMethod: java.lang.invoke.DirectMethodHandle.checkBase (0x000071df3f43d188) [0x000071df3f43d280, 0x000071df3f43d4b0] Compiler: c1, Barriers: 0, Oops: 0, ImmediateOops: 0, NonImmediateOops: No
[2,449s][debug][gc,nmethod     ] Register NMethod: sun.nio.ch.IOUtil.acquireScope (0x000071df3f5da888) [0x000071df3f5da980, 0x000071df3f5dbe60] Compiler: c1, Barriers: 5, Oops: 0, ImmediateOops: 3, NonImmediateOops: No
[2,449s][debug][gc,nmethod     ] Register NMethod: org.magicwerk.brownies.collections.GapList.add (0x000071df3f5dc888) [0x000071df3f5dc980, 0x000071df3f5dce98] Compiler: c1, Barriers: 0, Oops: 1, ImmediateOops: 0, NonImmediateOops: No
[2,449s][debug][gc,nmethod     ] Register NMethod: net.jpountz.xxhash.XXHashJNI.XXH32_update (0x000071df5ecb4188) [0x000071df5ecb4280, 0x000071df5ecb43f0] Compiler: , Barriers: 0, Oops: 1, ImmediateOops: 1, NonImmediateOops: No
[2,449s][debug][gc,nmethod     ] Register NMethod: net.jpountz.xxhash.XXHashJNI.XXH32_digest (0x000071df5ecb4488) [0x000071df5ecb4580, 0x000071df5ecb46e8] Compiler: , Barriers: 0, Oops: 1, ImmediateOops: 1, NonImmediateOops: No
[2,449s][debug][gc,nmethod     ] Register NMethod: sun.nio.ch.NativeThread.current (0x000071df3f457008) [0x000071df3f457100, 0x000071df3f4576e0] Compiler: c1, Barriers: 1, Oops: 0, ImmediateOops: 0, NonImmediateOops: No
[2,449s][debug][gc,nmethod     ] Register NMethod: jdk.internal.misc.Unsafe.putReferenceOpaque (0x000071df3f5dc588) [0x000071df3f5dc680, 0x000071df3f5dc7f8] Compiler: c1, Barriers: 3, Oops: 0, ImmediateOops: 0, NonImmediateOops: No
[2,450s][debug][gc,nmethod     ] Register NMethod: net.jpountz.xxhash.XXHashJNI.XXH32_free (0x000071df5ecb4788) [0x000071df5ecb4880, 0x000071df5ecb49d8] Compiler: , Barriers: 0, Oops: 1, ImmediateOops: 1, NonImmediateOops: No
[2,450s][debug][gc,nmethod     ] Register NMethod: sun.nio.ch.FileChannelImpl.ensureOpen (0x000071df3f456a88) [0x000071df3f456b80, 0x000071df3f456f98] Compiler: c1, Barriers: 0, Oops: 0, ImmediateOops: 0, NonImmediateOops: No
[2,450s][debug][gc,nmethod     ] Register NMethod: org.magicwerk.brownies.collections.GapList.doEnsureCapacity (0x000071df3f41c208) [0x000071df3f41c300, 0x000071df3f41cba8] Compiler: c1, Barriers: 6, Oops: 1, ImmediateOops: 0, NonImmediateOops: No
[2,450s][debug][gc,nmethod     ] Register NMethod: org.magicwerk.brownies.collections.IList.checkIndexAdd (0x000071df3f534e08) [0x000071df3f534f00, 0x000071df3f536708] Compiler: c1, Barriers: 0, Oops: 4, ImmediateOops: 4, NonImmediateOops: No
[2,450s][debug][gc,nmethod     ] Register NMethod: sun.nio.ch.FileChannelImpl.beginBlocking (0x000071df3f41bd88) [0x000071df3f41be80, 0x000071df3f41c1a8] Compiler: c1, Barriers: 0, Oops: 0, ImmediateOops: 0, NonImmediateOops: No
[2,450s][debug][gc,nmethod     ] Register NMethod: sun.nio.ch.NativeThread.isNativeThread (0x000071df3f41ba88) [0x000071df3f41bb80, 0x000071df3f41bce8] Compiler: c1, Barriers: 0, Oops: 0, ImmediateOops: 0, NonImmediateOops: No
[2,450s][debug][gc,nmethod     ] Register NMethod: sun.nio.ch.FileChannelImpl.endBlocking (0x000071df3f57d488) [0x000071df3f57d580, 0x000071df3f57d8a8] Compiler: c1, Barriers: 0, Oops: 0, ImmediateOops: 0, NonImmediateOops: No
[2,450s][debug][gc,nmethod     ] Register NMethod: net.jpountz.util.Native.isLoaded (0x000071df3f456708) [0x000071df3f456800, 0x000071df3f456a48] Compiler: c1, Barriers: 0, Oops: 1, ImmediateOops: 2, NonImmediateOops: No
[2,450s][debug][gc,nmethod     ] Register NMethod: io.sirix.node.MemorySegmentBytesOut.clear (0x000071df3f5e2088) [0x000071df3f5e2180, 0x000071df3f5e2338] Compiler: c1, Barriers: 1, Oops: 1, ImmediateOops: 0, NonImmediateOops: No
[2,450s][debug][gc,nmethod     ] Register NMethod: sun.nio.ch.NativeThreadSet.remove (0x000071df3f57cc88) [0x000071df3f57cd80, 0x000071df3f57d428] Compiler: c1, Barriers: 1, Oops: 0, ImmediateOops: 0, NonImmediateOops: No
[2,450s][debug][gc,nmethod     ] Register NMethod: io.sirix.node.GrowingMemorySegment.reset (0x000071df3f57c988) [0x000071df3f57ca80, 0x000071df3f57cb88] Compiler: c1, Barriers: 0, Oops: 1, ImmediateOops: 0, NonImmediateOops: No
[2,450s][debug][gc,nmethod     ] Register NMethod: sun.nio.ch.NativeThreadSet.add (0x000071df3f51a408) [0x000071df3f51a500, 0x000071df3f51b410] Compiler: c1, Barriers: 9, Oops: 0, ImmediateOops: 0, NonImmediateOops: No
[2,450s][debug][gc,nmethod     ] Register NMethod: org.magicwerk.brownies.collections.GapList.doAdd (0x000071df3f41e908) [0x000071df3f41ea00, 0x000071df3f4209c0] Compiler: c1, Barriers: 13, Oops: 1, ImmediateOops: 0, NonImmediateOops: No
[2,450s][debug][gc,nmethod     ] Register NMethod: java.util.Vector.size (0x000071df5ecb4a88) [0x000071df5ecb4b80, 0x000071df5ecb4d88] Compiler: c1, Barriers: 0, Oops: 0, ImmediateOops: 0, NonImmediateOops: No
[2,450s][debug][gc,nmethod     ] Register NMethod: sun.nio.fs.UnixFileSystem.normalizeNativePath (0x000071df3f51a108) [0x000071df3f51a200, 0x000071df3f51a300] Compiler: c1, Barriers: 0, Oops: 0, ImmediateOops: 0, NonImmediateOops: No
[2,450s][debug][gc,nmethod     ] Register NMethod: sun.nio.fs.Util.jnuEncoding (0x000071df3f57c608) [0x000071df3f57c700, 0x000071df3f57c7e8] Compiler: c1, Barriers: 0, Oops: 0, ImmediateOops: 1, NonImmediateOops: No
[2,450s][debug][gc,nmethod     ] Register NMethod: sun.nio.fs.UnixPath.<init> (0x000071df3f74f988) [0x000071df3f74fa80, 0x000071df3f74fda8] Compiler: c1, Barriers: 6, Oops: 0, ImmediateOops: 0, NonImmediateOops: No
[2,451s][debug][gc,nmethod     ] Register NMethod: java.nio.MappedByteBuffer.flip (0x000071df3f74f688) [0x000071df3f74f780, 0x000071df3f74f958] Compiler: c1, Barriers: 0, Oops: 0, ImmediateOops: 0, NonImmediateOops: No
[2,451s][debug][gc,nmethod     ] Register NMethod: sun.nio.fs.UnixPath.resolve (0x000071df3f74f388) [0x000071df3f74f480, 0x000071df3f74f5c8] Compiler: c1, Barriers: 0, Oops: 0, ImmediateOops: 0, NonImmediateOops: No
[2,451s][debug][gc,nmethod     ] Register NMethod: java.util.ArrayList$Itr.next (0x000071df3f74ea88) [0x000071df3f74eb80, 0x000071df3f74f1c8] Compiler: c1, Barriers: 3, Oops: 0, ImmediateOops: 0, NonImmediateOops: No
[2,451s][debug][gc,nmethod     ] Register NMethod: sun.nio.fs.UnixPath.encode (0x000071df3f453788) [0x000071df3f453880, 0x000071df3f454950] Compiler: c1, Barriers: 1, Oops: 2, ImmediateOops: 3, NonImmediateOops: No
[2,451s][debug][gc,nmethod     ] Register NMethod: java.net.URLStreamHandler.parseURL (0x000071df5ecb4e08) [0x000071df5ecb4f00, 0x000071df5ecb7328] Compiler: jvmci, Barriers: 47, Oops: 2, ImmediateOops: 5, NonImmediateOops: No
[2,451s][debug][gc,nmethod     ] Register NMethod: sun.nio.fs.UnixPath.resolve (0x000071df3f4cfc08) [0x000071df3f4cfd00, 0x000071df3f4d02c8] Compiler: c1, Barriers: 0, Oops: 0, ImmediateOops: 0, NonImmediateOops: No
[2,451s][debug][gc,nmethod     ] Register NMethod: io.sirix.access.DatabaseConfiguration.getDatabaseId (0x000071df5ecb7388) [0x000071df5ecb7480, 0x000071df5ecb7540] Compiler: c1, Barriers: 0, Oops: 1, ImmediateOops: 0, NonImmediateOops: No
[2,451s][debug][gc,nmethod     ] Register NMethod: io.sirix.access.ResourceConfiguration.getID (0x000071df5ecb7688) [0x000071df5ecb7780, 0x000071df5ecb7840] Compiler: c1, Barriers: 0, Oops: 1, ImmediateOops: 0, NonImmediateOops: No
[2,451s][debug][gc,nmethod     ] Register NMethod: sun.nio.fs.UnixFileSystem.getPath (0x000071df3f6c2908) [0x000071df3f6c2a00, 0x000071df3f6c4330] Compiler: c1, Barriers: 8, Oops: 0, ImmediateOops: 1, NonImmediateOops: No
[2,451s][debug][gc,nmethod     ] Register NMethod: java.util.Vector.elementData (0x000071df3f453408) [0x000071df3f453500, 0x000071df3f453690] Compiler: c1, Barriers: 2, Oops: 0, ImmediateOops: 0, NonImmediateOops: No
[2,451s][debug][gc,nmethod     ] Register NMethod: io.sirix.access.trx.page.NodePageReadOnlyTrx$RecordPage.page (0x000071df5ecb7988) [0x000071df5ecb7a80, 0x000071df5ecb7b68] Compiler: c1, Barriers: 1, Oops: 1, ImmediateOops: 0, NonImmediateOops: No
[2,451s][debug][gc,nmethod     ] Register NMethod: com.github.benmanes.caffeine.cache.BoundedLocalCache$BoundedLocalManualCache.cache (0x000071df5ecb7c88) [0x000071df5ecb7d80, 0x000071df5ecb7e68] Compiler: c1, Barriers: 1, Oops: 1, ImmediateOops: 0, NonImmediateOops: No
[2,451s][debug][gc,nmethod     ] Register NMethod: com.google.common.collect.testing.Helpers$1$1.hasNext (0x000071df3f4cf788) [0x000071df3f4cf880, 0x000071df3f4cfbc8] Compiler: c1, Barriers: 1, Oops: 1, ImmediateOops: 0, NonImmediateOops: No
[2,451s][debug][gc,nmethod     ] Register NMethod: java.lang.invoke.MethodHandleImpl$CountingWrapper.getTarget (0x000071df5ecb7f88) [0x000071df5ecb8080, 0x000071df5ecb8168] Compiler: c1, Barriers: 1, Oops: 0, ImmediateOops: 0, NonImmediateOops: No
[2,451s][debug][gc,nmethod     ] Register NMethod: java.nio.Buffer.checkIndex (0x000071df5ecb8288) [0x000071df5ecb8380, 0x000071df5ecb8448] Compiler: jvmci, Barriers: 0, Oops: 0, ImmediateOops: 0, NonImmediateOops: No
[2,452s][debug][gc,nmethod     ] Register NMethod: java.util.UUID.parse4Nibbles (0x000071df3f435888) [0x000071df3f435980, 0x000071df3f437d28] Compiler: c1, Barriers: 8, Oops: 2, ImmediateOops: 9, NonImmediateOops: No
[2,452s][debug][gc,nmethod     ] Register NMethod: java.lang.Thread.getAndClearInterrupt (0x000071df3f4cf488) [0x000071df3f4cf580, 0x000071df3f4cf700] Compiler: c1, Barriers: 0, Oops: 0, ImmediateOops: 0, NonImmediateOops: No
[2,452s][debug][gc,nmethod     ] Register NMethod: sun.nio.fs.UnixNativeDispatcher.access0 (0x000071df5ecb8588) [0x000071df5ecb8680, 0x000071df5ecb87e0] Compiler: , Barriers: 0, Oops: 0, ImmediateOops: 1, NonImmediateOops: No
[2,452s][debug][gc,nmethod     ] Register NMethod: com.google.common.collect.testing.Helpers$1$1.next (0x000071df3f4ced88) [0x000071df3f4cee80, 0x000071df3f4cf1c0] Compiler: c1, Barriers: 1, Oops: 1, ImmediateOops: 0, NonImmediateOops: No
[2,452s][debug][gc,nmethod     ] Register NMethod: java.util.Vector$ListItr.hasPrevious (0x000071df3f775f08) [0x000071df3f776000, 0x000071df3f776150] Compiler: c1, Barriers: 0, Oops: 0, ImmediateOops: 0, NonImmediateOops: No
[2,452s][debug][gc,nmethod     ] Register NMethod: com.github.benmanes.caffeine.cache.BoundedLocalCache.refreshAfterWrite (0x000071df5ecb8888) [0x000071df5ecb8980, 0x000071df5ecb8a40] Compiler: c1, Barriers: 0, Oops: 1, ImmediateOops: 0, NonImmediateOops: No
[2,452s][debug][gc,nmethod     ] Register NMethod: jdk.internal.misc.Unsafe.unpark (0x000071df5ecb8b88) [0x000071df5ecb8c80, 0x000071df5ecb8dd8] Compiler: , Barriers: 0, Oops: 0, ImmediateOops: 0, NonImmediateOops: No
[2,452s][debug][gc,nmethod     ] Register NMethod: java.lang.Thread.interrupted (0x000071df3f775a88) [0x000071df3f775b80, 0x000071df3f775eb8] Compiler: c1, Barriers: 1, Oops: 0, ImmediateOops: 0, NonImmediateOops: No
[2,452s][debug][gc,nmethod     ] Register NMethod: java.io.FileDescriptor.<init> (0x000071df3f775788) [0x000071df3f775880, 0x000071df3f7759f0] Compiler: c1, Barriers: 0, Oops: 0, ImmediateOops: 0, NonImmediateOops: No
[2,452s][debug][gc,nmethod     ] Register NMethod: com.github.benmanes.caffeine.cache.Ticker.disabledTicker (0x000071df3f775488) [0x000071df3f775580, 0x000071df3f775668] Compiler: c1, Barriers: 0, Oops: 1, ImmediateOops: 1, NonImmediateOops: No
[2,452s][debug][gc,nmethod     ] Register NMethod: com.github.benmanes.caffeine.cache.BoundedLocalCache.expirationTicker (0x000071df3f775188) [0x000071df3f775280, 0x000071df3f7753e0] Compiler: c1, Barriers: 0, Oops: 1, ImmediateOops: 1, NonImmediateOops: No
[2,452s][debug][gc,nmethod     ] Register NMethod: java.util.Vector$Itr.checkForComodification (0x000071df3f774e88) [0x000071df3f774f80, 0x000071df3f775168] Compiler: c1, Barriers: 1, Oops: 0, ImmediateOops: 0, NonImmediateOops: No
[2,453s][debug][gc,nmethod     ] Register NMethod: java.nio.Bits.tryReserveMemory (0x000071df3f41a808) [0x000071df3f41a900, 0x000071df3f41b2f0] Compiler: c1, Barriers: 0, Oops: 0, ImmediateOops: 5, NonImmediateOops: No
[2,453s][debug][gc,nmethod     ] Register NMethod: java.util.concurrent.ForkJoinPool.deactivate (0x000071df3f419a88) [0x000071df3f419b80, 0x000071df3f41a628] Compiler: c1, Barriers: 4, Oops: 0, ImmediateOops: 0, NonImmediateOops: No
[2,453s][debug][gc,nmethod     ] Register NMethod: java.util.Vector$ListItr.previous (0x000071df3f7c3308) [0x000071df3f7c3400, 0x000071df3f7c3dc0] Compiler: c1, Barriers: 5, Oops: 0, ImmediateOops: 0, NonImmediateOops: No
[2,453s][debug][gc,nmethod     ] Register NMethod: jdk.internal.misc.Blocker.end (0x000071df3f7c2d88) [0x000071df3f7c2e80, 0x000071df3f7c32f8] Compiler: c1, Barriers: 1, Oops: 0, ImmediateOops: 1, NonImmediateOops: No
[2,453s][debug][gc,nmethod     ] Register NMethod: java.lang.invoke.VarHandleReferences$FieldInstanceReadOnly.get (0x000071df3f7c2208) [0x000071df3f7c2300, 0x000071df3f7c2d28] Compiler: c1, Barriers: 2, Oops: 1, ImmediateOops: 0, NonImmediateOops: No
[2,453s][debug][gc,nmethod     ] Register NMethod: jdk.internal.foreign.SegmentFactories.ensureInitialized (0x000071df3f774b88) [0x000071df3f774c80, 0x000071df3f774d60] Compiler: c1, Barriers: 0, Oops: 0, ImmediateOops: 0, NonImmediateOops: No
[2,453s][debug][gc,nmethod     ] Register NMethod: java.lang.invoke.LambdaForm$MH/0x00000000ae084400.invoke (0x000071df3f7c1988) [0x000071df3f7c1a80, 0x000071df3f7c21f0] Compiler: c1, Barriers: 2, Oops: 1, ImmediateOops: 0, NonImmediateOops: No
[2,453s][debug][gc,nmethod     ] Register NMethod: java.lang.invoke.DirectMethodHandle$Holder.invokeSpecial (0x000071df3f4c6488) [0x000071df3f4c6580, 0x000071df3f4c6948] Compiler: c1, Barriers: 1, Oops: 0, ImmediateOops: 0, NonImmediateOops: No
[2,453s][debug][gc,nmethod     ] Register NMethod: io.sirix.access.ResourceConfiguration$ResourcePaths.getPath (0x000071df5ecb8e88) [0x000071df5ecb8f80, 0x000071df5ecb9068] Compiler: c1, Barriers: 1, Oops: 1, ImmediateOops: 0, NonImmediateOops: No
[2,454s][debug][gc,nmethod     ] Register NMethod: jdk.internal.misc.Blocker.begin (0x000071df3f7c1608) [0x000071df3f7c1700, 0x000071df3f7c1858] Compiler: c1, Barriers: 0, Oops: 0, ImmediateOops: 0, NonImmediateOops: No
[2,454s][debug][gc,nmethod     ] Register NMethod: java.nio.Bits.reserveMemory (0x000071df3f40f088) [0x000071df3f40f180, 0x000071df3f4120d8] Compiler: c1, Barriers: 4, Oops: 4, ImmediateOops: 13, NonImmediateOops: No
[2,454s][debug][gc,nmethod     ] Register NMethod: java.util.concurrent.locks.LockSupport.setCurrentBlocker (0x000071df3f40ec08) [0x000071df3f40ed00, 0x000071df3f40f038] Compiler: c1, Barriers: 1, Oops: 0, ImmediateOops: 1, NonImmediateOops: No
[2,454s][debug][gc,nmethod     ] Register NMethod: java.lang.invoke.DirectMethodHandle$Holder.fieldAccess (0x000071df3f40e408) [0x000071df3f40e500, 0x000071df3f40e9f8] Compiler: c1, Barriers: 0, Oops: 0, ImmediateOops: 0, NonImmediateOops: No
[2,454s][debug][gc,nmethod     ] Register NMethod: sun.nio.ch.IOUtil.read (0x000071df3f4c6188) [0x000071df3f4c6280, 0x000071df3f4c63a8] Compiler: c1, Barriers: 0, Oops: 0, ImmediateOops: 0, NonImmediateOops: No
[2,454s][debug][gc,nmethod     ] Register NMethod: java.nio.MappedByteBuffer.flip (0x000071df3f4c5c88) [0x000071df3f4c5d80, 0x000071df3f4c6170] Compiler: c1, Barriers: 0, Oops: 0, ImmediateOops: 0, NonImmediateOops: No
[2,454s][debug][gc,nmethod     ] Register NMethod: sun.nio.ch.IOUtil.read (0x000071df3f4c4b88) [0x000071df3f4c4c80, 0x000071df3f4c5c08] Compiler: c1, Barriers: 0, Oops: 0, ImmediateOops: 1, NonImmediateOops: No
[2,455s][debug][gc,nmethod     ] Register NMethod: jdk.internal.util.Preconditions.checkFromIndexSize (0x000071df5ecb9188) [0x000071df5ecb9280, 0x000071df5ecb9330] Compiler: jvmci, Barriers: 0, Oops: 0, ImmediateOops: 0, NonImmediateOops: No
[2,455s][debug][gc,nmethod     ] Register NMethod: sun.nio.ch.IOUtil.readIntoNativeBuffer (0x000071df3f482688) [0x000071df3f482780, 0x000071df3f484e08] Compiler: c1, Barriers: 4, Oops: 0, ImmediateOops: 4, NonImmediateOops: No
[2,455s][debug][gc,nmethod     ] Register NMethod: java.lang.invoke.DirectMethodHandle$Holder.invokeStatic (0x000071df3f4c4688) [0x000071df3f4c4780, 0x000071df3f4c4b48] Compiler: c1, Barriers: 1, Oops: 0, ImmediateOops: 0, NonImmediateOops: No
[2,455s][debug][gc,nmethod     ] Register NMethod: io.sirix.cache.IndexLogKey.<init> (0x000071df3f4c4388) [0x000071df3f4c4480, 0x000071df3f4c4660] Compiler: c1, Barriers: 3, Oops: 1, ImmediateOops: 0, NonImmediateOops: No
[2,456s][debug][gc,nmethod     ] Register NMethod: io.sirix.io.bytepipe.ByteHandler.supportsMemorySegments (0x000071df5ecb9488) [0x000071df5ecb9580, 0x000071df5ecb9640] Compiler: c1, Barriers: 0, Oops: 1, ImmediateOops: 0, NonImmediateOops: No
[2,456s][debug][gc,nmethod     ] Register NMethod: sun.nio.ch.FileChannelImpl.read (0x000071df3f4c4008) [0x000071df3f4c4100, 0x000071df3f4c4348] Compiler: c1, Barriers: 0, Oops: 0, ImmediateOops: 1, NonImmediateOops: No
[2,456s][debug][gc,nmethod     ] Register NMethod: sun.nio.ch.UnixFileDispatcherImpl.pread (0x000071df3f4c3d08) [0x000071df3f4c3e00, 0x000071df3f4c3f40] Compiler: c1, Barriers: 0, Oops: 0, ImmediateOops: 0, NonImmediateOops: No
[2,456s][debug][gc,nmethod     ] Register NMethod: net.jpountz.lz4.LZ4BlockInputStream.read (0x000071df3f481c88) [0x000071df3f481d80, 0x000071df3f482660] Compiler: c1, Barriers: 1, Oops: 1, ImmediateOops: 1, NonImmediateOops: No
[2,456s][debug][gc,nmethod     ] Register NMethod: sun.nio.ch.FileChannelImpl.implRead (0x000071df3f481188) [0x000071df3f481280, 0x000071df3f481c78] Compiler: c1, Barriers: 0, Oops: 0, ImmediateOops: 2, NonImmediateOops: No
[2,456s][debug][gc,nmethod     ] Register NMethod: sun.nio.fs.NativeBuffers.copyCStringToNativeBuffer (0x000071df3f480a88) [0x000071df3f480b80, 0x000071df3f481140] Compiler: c1, Barriers: 0, Oops: 1, ImmediateOops: 1, NonImmediateOops: No
[2,456s][debug][gc,nmethod     ] Register NMethod: sun.nio.ch.FileChannelImpl.readInternal (0x000071df3f488188) [0x000071df3f488280, 0x000071df3f48a2a0] Compiler: c1, Barriers: 7, Oops: 0, ImmediateOops: 3, NonImmediateOops: No
[2,457s][debug][gc,nmethod     ] Register NMethod: net.jpountz.lz4.LZ4BlockInputStream.refill (0x000071df3f486008) [0x000071df3f486100, 0x000071df3f488120] Compiler: c1, Barriers: 22, Oops: 1, ImmediateOops: 11, NonImmediateOops: No
[2,457s][debug][gc,director    ] Rule Major: Warmup 10%, Used: 276MB, UsedThreshold: 1228MB
[2,457s][debug][gc,nmethod     ] Register NMethod: io.sirix.node.MemorySegmentBytesIn.readShort (0x000071df3f465908) [0x000071df3f465a00, 0x000071df3f469638] Compiler: c1, Barriers: 5, Oops: 6, ImmediateOops: 10, NonImmediateOops: No
[2,457s][debug][gc,nmethod     ] Register NMethod: io.sirix.node.GrowingMemorySegment.getUsedSegment (0x000071df3f485708) [0x000071df3f485800, 0x000071df3f485e10] Compiler: c1, Barriers: 2, Oops: 1, ImmediateOops: 0, NonImmediateOops: No
[2,457s][debug][gc,nmethod     ] Register NMethod: net.jpountz.lz4.LZ4Factory.fastDecompressor (0x000071df5ecb9788) [0x000071df5ecb9880, 0x000071df5ecb9968] Compiler: c1, Barriers: 1, Oops: 1, ImmediateOops: 0, NonImmediateOops: No
[2,457s][debug][gc,nmethod     ] Register NMethod: java.lang.invoke.VarHandleSegmentAsShorts.get (0x000071df3f603f88) [0x000071df3f604080, 0x000071df3f6092b8] Compiler: c1, Barriers: 24, Oops: 2, ImmediateOops: 6, NonImmediateOops: No
[2,458s][debug][gc,nmethod     ] Register NMethod: jdk.internal.foreign.AbstractMemorySegmentImpl.get (0x000071df3f80ca08) [0x000071df3f80cb00, 0x000071df3f810410] Compiler: c1, Barriers: 27, Oops: 5, ImmediateOops: 12, NonImmediateOops: No
[2,458s][debug][gc,nmethod     ] Register NMethod: java.lang.invoke.VarHandleSegmentAsShorts.get (0x000071df3fa2f188) [0x000071df3fa2f280, 0x000071df3fa34738] Compiler: c1, Barriers: 24, Oops: 2, ImmediateOops: 6, NonImmediateOops: No
[2,458s][debug][gc,nmethod     ] Register NMethod: it.unimi.dsi.fastutil.ints.Int2LongOpenHashMap.put (0x000071df3f4c3988) [0x000071df3f4c3a80, 0x000071df3f4c3ce8] Compiler: c1, Barriers: 1, Oops: 1, ImmediateOops: 0, NonImmediateOops: No
[2,458s][debug][gc,nmethod     ] Register NMethod: it.unimi.dsi.fastutil.ints.Int2LongOpenHashMap.find (0x000071df3f465388) [0x000071df3f465480, 0x000071df3f4658e8] Compiler: c1, Barriers: 1, Oops: 1, ImmediateOops: 0, NonImmediateOops: No
[2,459s][debug][gc,nmethod     ] Register NMethod: io.sirix.node.AbstractForwardingNode.getNodeKey (0x000071df3f464f08) [0x000071df3f465000, 0x000071df3f465330] Compiler: c1, Barriers: 0, Oops: 1, ImmediateOops: 0, NonImmediateOops: No
[2,459s][debug][gc,nmethod     ] Register NMethod: sun.nio.fs.UnixNativeDispatcher.open0 (0x000071df5ecb9a88) [0x000071df5ecb9b80, 0x000071df5ecb9ce0] Compiler: , Barriers: 0, Oops: 0, ImmediateOops: 1, NonImmediateOops: No
[2,459s][debug][gc,nmethod     ] Register NMethod: io.sirix.node.MemorySegmentBytesIn.<init> (0x000071df3f480688) [0x000071df3f480780, 0x000071df3f480960] Compiler: c1, Barriers: 3, Oops: 1, ImmediateOops: 0, NonImmediateOops: No
[2,460s][debug][gc,nmethod     ] Register NMethod: java.lang.Math.addExact (0x000071df3f464988) [0x000071df3f464a80, 0x000071df3f464c68] Compiler: c1, Barriers: 0, Oops: 0, ImmediateOops: 1, NonImmediateOops: No
[2,460s][debug][gc,nmethod     ] Register NMethod: io.sirix.page.KeyValueLeafPage.markAccessed (0x000071df3f80c708) [0x000071df3f80c800, 0x000071df3f80c910] Compiler: c1, Barriers: 0, Oops: 1, ImmediateOops: 0, NonImmediateOops: No
[2,460s][debug][gc,nmethod     ] Register NMethod: io.sirix.node.xml.ElementNode.getNodeKey (0x000071df5ecb9d88) [0x000071df5ecb9e80, 0x000071df5ecb9f40] Compiler: c1, Barriers: 0, Oops: 1, ImmediateOops: 0, NonImmediateOops: No
[2,460s][debug][gc,nmethod     ] Register NMethod: io.sirix.node.xml.XmlDocumentRootNode.delegate (0x000071df5ecba088) [0x000071df5ecba180, 0x000071df5ecba268] Compiler: c1, Barriers: 1, Oops: 1, ImmediateOops: 0, NonImmediateOops: No
[2,460s][debug][gc,nmethod     ] Register NMethod: net.jpountz.lz4.LZ4JNI.LZ4_decompress_fast (0x000071df5ecba388) [0x000071df5ecba480, 0x000071df5ecba648] Compiler: , Barriers: 0, Oops: 1, ImmediateOops: 1, NonImmediateOops: No
[2,460s][debug][gc,nmethod     ] Register NMethod: it.unimi.dsi.fastutil.ints.Int2IntOpenHashMap.put (0x000071df3f80c388) [0x000071df3f80c480, 0x000071df3f80c6e8] Compiler: c1, Barriers: 1, Oops: 1, ImmediateOops: 0, NonImmediateOops: No
[2,460s][debug][gc,nmethod     ] Register NMethod: it.unimi.dsi.fastutil.ints.Int2IntOpenHashMap.find (0x000071df3f80be08) [0x000071df3f80bf00, 0x000071df3f80c368] Compiler: c1, Barriers: 1, Oops: 1, ImmediateOops: 0, NonImmediateOops: No
[2,461s][debug][gc,nmethod     ] Register NMethod: java.lang.Boolean.valueOf (0x000071df3f80bb08) [0x000071df3f80bc00, 0x000071df3f80bd58] Compiler: c1, Barriers: 0, Oops: 0, ImmediateOops: 2, NonImmediateOops: No
[2,461s][debug][gc,nmethod     ] Register NMethod: java.lang.ref.Finalizer.register (0x000071df3f80b808) [0x000071df3f80b900, 0x000071df3f80baa0] Compiler: c1, Barriers: 0, Oops: 0, ImmediateOops: 0, NonImmediateOops: No
[2,461s][debug][gc,nmethod     ] Register NMethod: java.lang.ref.FinalReference.<init> (0x000071df3f603b88) [0x000071df3f603c80, 0x000071df3f603f70] Compiler: c1, Barriers: 6, Oops: 0, ImmediateOops: 1, NonImmediateOops: No
[2,461s][debug][gc,nmethod     ] Register NMethod: java.util.ArrayList$Itr.hasNext (0x000071df5ecba688) [0x000071df5ecba780, 0x000071df5ecba868] Compiler: jvmci, Barriers: 1, Oops: 0, ImmediateOops: 0, NonImmediateOops: No
[2,461s][debug][gc,nmethod     ] Register NMethod: java.lang.ref.Finalizer.<init> (0x000071df3f603308) [0x000071df3f603400, 0x000071df3f603b28] Compiler: c1, Barriers: 17, Oops: 1, ImmediateOops: 7, NonImmediateOops: No
[2,461s][debug][gc,nmethod     ] Register NMethod: java.lang.runtime.ObjectMethods.hashCombiner (0x000071df3f80b488) [0x000071df3f80b580, 0x000071df3f80b670] Compiler: c1, Barriers: 0, Oops: 0, ImmediateOops: 0, NonImmediateOops: No
[2,461s][debug][gc,nmethod     ] Register NMethod: java.lang.invoke.LambdaForm$MH/0x00000000ae241800.invoke (0x000071df3f602208) [0x000071df3f602300, 0x000071df3f6032b8] Compiler: c1, Barriers: 3, Oops: 1, ImmediateOops: 0, NonImmediateOops: No
[2,461s][debug][gc,nmethod     ] Register NMethod: com.github.benmanes.caffeine.cache.UnboundedLocalCache$UnboundedLocalAsyncCache.cache (0x000071df5ecba988) [0x000071df5ecbaa80, 0x000071df5ecbab68] Compiler: c1, Barriers: 1, Oops: 1, ImmediateOops: 0, NonImmediateOops: No
[2,462s][debug][gc,nmethod     ] Register NMethod: java.lang.invoke.MethodHandleImpl.profileBoolean (0x000071df3f601b88) [0x000071df3f601c80, 0x000071df3f602048] Compiler: c1, Barriers: 0, Oops: 0, ImmediateOops: 1, NonImmediateOops: No
[2,462s][debug][gc,nmethod     ] Register NMethod: java.lang.invoke.VarHandleGuards.guard_L_I (0x000071df3fa34788) [0x000071df3fa34880, 0x000071df3fa37720] Compiler: c1, Barriers: 28, Oops: 0, ImmediateOops: 2, NonImmediateOops: No
[2,462s][debug][gc,nmethod     ] Register NMethod: java.nio.MappedByteBuffer.limit (0x000071df3fa37788) [0x000071df3fa37880, 0x000071df3fa37c40] Compiler: c1, Barriers: 0, Oops: 0, ImmediateOops: 0, NonImmediateOops: No
[2,462s][debug][gc,nmethod     ] Register NMethod: java.nio.DirectByteBuffer.attachment (0x000071df5ecbac88) [0x000071df5ecbad80, 0x000071df5ecbae68] Compiler: c1, Barriers: 1, Oops: 0, ImmediateOops: 0, NonImmediateOops: No
[2,462s][debug][gc,nmethod     ] Register NMethod: java.nio.ByteBuffer.<init> (0x000071df3fa37c88) [0x000071df3fa37d80, 0x000071df3fa37ec8] Compiler: c1, Barriers: 0, Oops: 0, ImmediateOops: 0, NonImmediateOops: No
[2,462s][debug][gc,nmethod     ] Register NMethod: java.nio.MappedByteBuffer.position (0x000071df3fa37f88) [0x000071df3fa38080, 0x000071df3fa38440] Compiler: c1, Barriers: 0, Oops: 0, ImmediateOops: 0, NonImmediateOops: No
[2,462s][debug][gc,nmethod     ] Register NMethod: java.nio.channels.spi.AbstractInterruptibleChannel.begin (0x000071df3fa38488) [0x000071df3fa38580, 0x000071df3fa39198] Compiler: c1, Barriers: 6, Oops: 0, ImmediateOops: 1, NonImmediateOops: No
[2,463s][debug][gc,nmethod     ] Register NMethod: io.sirix.axis.AbstractAxis.getCursor (0x000071df5ecbaf88) [0x000071df5ecbb080, 0x000071df5ecbb168] Compiler: c1, Barriers: 1, Oops: 1, ImmediateOops: 0, NonImmediateOops: No
[2,463s][debug][gc,nmethod     ] Register NMethod: java.util.Vector.add (0x000071df3fa39208) [0x000071df3fa39300, 0x000071df3fa397c0] Compiler: c1, Barriers: 3, Oops: 0, ImmediateOops: 0, NonImmediateOops: No
[2,463s][debug][gc,nmethod     ] Register NMethod: java.nio.channels.spi.AbstractInterruptibleChannel.end (0x000071df3fa39808) [0x000071df3fa39900, 0x000071df3fa3a3a0] Compiler: c1, Barriers: 8, Oops: 0, ImmediateOops: 1, NonImmediateOops: No
[2,463s][debug][gc,nmethod     ] Register NMethod: com.github.benmanes.caffeine.cache.BoundedLocalCache.expiry (0x000071df5ecbb288) [0x000071df5ecbb380, 0x000071df5ecbb448] Compiler: c1, Barriers: 0, Oops: 1, ImmediateOops: 0, NonImmediateOops: No
[2,463s][debug][gc,nmethod     ] Register NMethod: com.github.benmanes.caffeine.cache.BoundedLocalCache.keyReferenceQueue (0x000071df5ecbb588) [0x000071df5ecbb680, 0x000071df5ecbb748] Compiler: c1, Barriers: 0, Oops: 1, ImmediateOops: 0, NonImmediateOops: No
[2,463s][debug][gc,nmethod     ] Register NMethod: com.github.benmanes.caffeine.cache.BoundedLocalCache.valueReferenceQueue (0x000071df5ecbb888) [0x000071df5ecbb980, 0x000071df5ecbba48] Compiler: c1, Barriers: 0, Oops: 1, ImmediateOops: 0, NonImmediateOops: No
[2,463s][debug][gc,nmethod     ] Register NMethod: jdk.internal.misc.Unsafe.compareAndExchangeLong (0x000071df5ecbbb88) [0x000071df5ecbbc80, 0x000071df5ecbbde8] Compiler: , Barriers: 0, Oops: 0, ImmediateOops: 0, NonImmediateOops: No
[2,463s][debug][gc,nmethod     ] Register NMethod: it.unimi.dsi.fastutil.shorts.ShortArrayList.grow (0x000071df3fa3a408) [0x000071df3fa3a500, 0x000071df3fa3ab48] Compiler: c1, Barriers: 8, Oops: 1, ImmediateOops: 0, NonImmediateOops: No
[2,463s][debug][gc,nmethod     ] Register NMethod: it.unimi.dsi.fastutil.shorts.ShortArrayList.add (0x000071df3fa3ab88) [0x000071df3fa3ac80, 0x000071df3fa3af58] Compiler: c1, Barriers: 1, Oops: 1, ImmediateOops: 0, NonImmediateOops: No
[2,463s][debug][gc,nmethod     ] Register NMethod: java.nio.MappedByteBuffer.<init> (0x000071df3fa3af88) [0x000071df3fa3b080, 0x000071df3fa3b250] Compiler: c1, Barriers: 3, Oops: 0, ImmediateOops: 0, NonImmediateOops: No
[2,463s][debug][gc,nmethod     ] Register NMethod: java.util.concurrent.atomic.AtomicInteger.decrementAndGet (0x000071df3fa3b288) [0x000071df3fa3b380, 0x000071df3fa3b490] Compiler: c1, Barriers: 0, Oops: 0, ImmediateOops: 0, NonImmediateOops: No
[2,463s][debug][gc,nmethod     ] Register NMethod: jdk.internal.misc.Unsafe.getIntOpaque (0x000071df3fa3b588) [0x000071df3fa3b680, 0x000071df3fa3b780] Compiler: c1, Barriers: 0, Oops: 0, ImmediateOops: 0, NonImmediateOops: No
[2,464s][debug][gc,nmethod     ] Register NMethod: io.sirix.page.NamePage.delegate (0x000071df5ecbbe88) [0x000071df5ecbbf80, 0x000071df5ecbc068] Compiler: c1, Barriers: 1, Oops: 1, ImmediateOops: 0, NonImmediateOops: No
[2,464s][debug][gc,nmethod     ] Register NMethod: java.lang.invoke.VarHandleInts$FieldInstanceReadOnly.getOpaque (0x000071df3fa3b888) [0x000071df3fa3b980, 0x000071df3fa3c590] Compiler: c1, Barriers: 1, Oops: 1, ImmediateOops: 1, NonImmediateOops: No
[2,464s][debug][gc,nmethod     ] Register NMethod: com.github.benmanes.caffeine.cache.BLCHeader$DrainStatusRef.drainStatusOpaque (0x000071df3fa3c608) [0x000071df3fa3c700, 0x000071df3fa3d540] Compiler: c1, Barriers: 0, Oops: 6, ImmediateOops: 6, NonImmediateOops: No
[2,464s][debug][gc,nmethod     ] Register NMethod: io.sirix.page.UberPage.getRevisionNumber (0x000071df3fa3d588) [0x000071df3fa3d680, 0x000071df3fa3d788] Compiler: c1, Barriers: 0, Oops: 1, ImmediateOops: 0, NonImmediateOops: No
[2,464s][debug][gc,nmethod     ] Register NMethod: io.sirix.node.MemorySegmentBytesOut.getDestination (0x000071df3fa3d888) [0x000071df3fa3d980, 0x000071df3fa3db08] Compiler: c1, Barriers: 1, Oops: 1, ImmediateOops: 0, NonImmediateOops: No
[2,464s][debug][gc,nmethod     ] Register NMethod: com.github.benmanes.caffeine.cache.SSLSMW.frequencySketch (0x000071df5ecbc188) [0x000071df5ecbc280, 0x000071df5ecbc370] Compiler: c1, Barriers: 1, Oops: 1, ImmediateOops: 0, NonImmediateOops: No
[2,464s][debug][gc,nmethod     ] Register NMethod: java.util.concurrent.ForkJoinTask.noUserHelp (0x000071df3fa3db88) [0x000071df3fa3dc80, 0x000071df3fa3dd90] Compiler: c1, Barriers: 0, Oops: 0, ImmediateOops: 0, NonImmediateOops: No
[2,464s][debug][gc,nmethod     ] Register NMethod: java.nio.HeapByteBuffer.<init> (0x000071df3fa3de88) [0x000071df3fa3df80, 0x000071df3fa3e0f8] Compiler: c1, Barriers: 0, Oops: 0, ImmediateOops: 0, NonImmediateOops: No
[2,464s][debug][gc,nmethod     ] Register NMethod: java.nio.ByteBuffer.wrap (0x000071df3fa3e188) [0x000071df3fa3e280, 0x000071df3fa3e4f0] Compiler: c1, Barriers: 0, Oops: 0, ImmediateOops: 0, NonImmediateOops: No
[2,464s][debug][gc,nmethod     ] Register NMethod: io.sirix.access.trx.page.NodePageReadOnlyTrx.checkItemIfDeleted (0x000071df3fa3e508) [0x000071df3fa3e600, 0x000071df3fa3e960] Compiler: c1, Barriers: 0, Oops: 1, ImmediateOops: 0, NonImmediateOops: No
[2,464s][debug][gc,nmethod     ] Register NMethod: java.lang.invoke.MethodHandle.invokeBasic (0x000071df5ecbc488) [0x000071df5ecbc580, 0x000071df5ecbc818] Compiler: , Barriers: 0, Oops: 0, ImmediateOops: 0, NonImmediateOops: No
[2,464s][debug][gc,nmethod     ] Register NMethod: io.sirix.page.PageReference.equals (0x000071df3fa3e988) [0x000071df3fa3ea80, 0x000071df3fa3f0d0] Compiler: c1, Barriers: 0, Oops: 1, ImmediateOops: 0, NonImmediateOops: No
[2,464s][debug][gc,nmethod     ] Register NMethod: io.sirix.access.trx.node.AbstractResourceSession.getMostRecentRevisionNumber (0x000071df3fa3f108) [0x000071df3fa3f200, 0x000071df3fa3fac0] Compiler: c1, Barriers: 2, Oops: 1, ImmediateOops: 1, NonImmediateOops: No
[2,465s][debug][gc,nmethod     ] Register NMethod: com.github.benmanes.caffeine.cache.BoundedLocalCache.isAsync (0x000071df5ecbc888) [0x000071df5ecbc980, 0x000071df5ecbca48] Compiler: c1, Barriers: 0, Oops: 1, ImmediateOops: 0, NonImmediateOops: No
[2,465s][debug][gc,nmethod     ] Register NMethod: com.github.benmanes.caffeine.cache.RemovalCause$2.wasEvicted (0x000071df5ecbcb88) [0x000071df5ecbcc80, 0x000071df5ecbcd40] Compiler: c1, Barriers: 0, Oops: 1, ImmediateOops: 0, NonImmediateOops: No
[2,465s][debug][gc,nmethod     ] Register NMethod: io.sirix.page.RevisionRootPage.getNamePageReference (0x000071df3fa3fb08) [0x000071df3fa3fc00, 0x000071df3fa40170] Compiler: c1, Barriers: 1, Oops: 1, ImmediateOops: 0, NonImmediateOops: No
[2,465s][debug][gc,nmethod     ] Register NMethod: java.util.ArrayList$ListItr.hasPrevious (0x000071df3fa40188) [0x000071df3fa40280, 0x000071df3fa403d0] Compiler: c1, Barriers: 0, Oops: 0, ImmediateOops: 0, NonImmediateOops: No
[2,465s][debug][gc,nmethod     ] Register NMethod: java.util.Vector.add (0x000071df3fa40488) [0x000071df3fa40580, 0x000071df3fa40c48] Compiler: c1, Barriers: 4, Oops: 0, ImmediateOops: 0, NonImmediateOops: No
[2,465s][debug][gc,nmethod     ] Register NMethod: io.sirix.node.GrowingMemorySegment.write (0x000071df3fa40c88) [0x000071df3fa40d80, 0x000071df3fa46930] Compiler: c1, Barriers: 7, Oops: 6, ImmediateOops: 13, NonImmediateOops: No
[2,465s][debug][gc,nmethod     ] Register NMethod: com.google.common.collect.testing.Helpers.addAll (0x000071df3fa46988) [0x000071df3fa46a80, 0x000071df3fa47438] Compiler: c1, Barriers: 0, Oops: 1, ImmediateOops: 0, NonImmediateOops: No
[2,465s][debug][gc,nmethod     ] Register NMethod: java.lang.invoke.LambdaForm$MH/0x00000000ae269800.guard (0x000071df3fa47488) [0x000071df3fa47580, 0x000071df3fa48820] Compiler: c1, Barriers: 4, Oops: 1, ImmediateOops: 0, NonImmediateOops: No
[2,465s][debug][gc,nmethod     ] Register NMethod: java.lang.invoke.VarHandleGuards.guard_LJJ_Z (0x000071df3fa48888) [0x000071df3fa48980, 0x000071df3fa4b860] Compiler: c1, Barriers: 28, Oops: 0, ImmediateOops: 2, NonImmediateOops: No
[2,465s][debug][gc,nmethod     ] Register NMethod: java.nio.ByteBuffer.allocateDirect (0x000071df3fa4b888) [0x000071df3fa4b980, 0x000071df3fa4bb08] Compiler: c1, Barriers: 0, Oops: 0, ImmediateOops: 0, NonImmediateOops: No
[2,465s][debug][gc,nmethod     ] Register NMethod: java.nio.Bits.pageSize (0x000071df3fa4bb88) [0x000071df3fa4bc80, 0x000071df3fa4bfe0] Compiler: c1, Barriers: 0, Oops: 0, ImmediateOops: 4, NonImmediateOops: No
[2,465s][debug][gc,nmethod     ] Register NMethod: jdk.internal.misc.Unsafe.setMemory (0x000071df3fa4c008) [0x000071df3fa4c100, 0x000071df3fa4c410] Compiler: c1, Barriers: 0, Oops: 0, ImmediateOops: 0, NonImmediateOops: No
[2,465s][debug][gc,nmethod     ] Register NMethod: java.nio.DirectByteBuffer$Deallocator.<init> (0x000071df3fa4c488) [0x000071df3fa4c580, 0x000071df3fa4c758] Compiler: c1, Barriers: 0, Oops: 0, ImmediateOops: 0, NonImmediateOops: No
[2,465s][debug][gc,nmethod     ] Register NMethod: jdk.internal.ref.Cleaner.<init> (0x000071df3fa4c788) [0x000071df3fa4c880, 0x000071df3fa4cd18] Compiler: c1, Barriers: 15, Oops: 1, ImmediateOops: 1, NonImmediateOops: No
[2,465s][debug][gc,nmethod     ] Register NMethod: jdk.internal.ref.Cleaner.add (0x000071df3fa4cd88) [0x000071df3fa4ce80, 0x000071df3fa4d2a8] Compiler: c1, Barriers: 10, Oops: 0, ImmediateOops: 3, NonImmediateOops: No
[2,465s][debug][gc,nmethod     ] Register NMethod: jdk.internal.misc.Unsafe.setMemory (0x000071df3fa4d308) [0x000071df3fa4d400, 0x000071df3fa4e030] Compiler: c1, Barriers: 2, Oops: 0, ImmediateOops: 0, NonImmediateOops: No
[2,465s][debug][gc,nmethod     ] Register NMethod: jdk.internal.ref.Cleaner.create (0x000071df3fa4e088) [0x000071df3fa4e180, 0x000071df3fa4eae8] Compiler: c1, Barriers: 25, Oops: 1, ImmediateOops: 4, NonImmediateOops: No
[2,465s][debug][gc,nmethod     ] Register NMethod: jdk.internal.misc.Unsafe.setMemoryChecks (0x000071df3fa4eb08) [0x000071df3fa4ec00, 0x000071df3fa4f858] Compiler: c1, Barriers: 2, Oops: 0, ImmediateOops: 0, NonImmediateOops: No
[2,466s][debug][gc,nmethod     ] Register NMethod: java.nio.DirectByteBuffer.<init> (0x000071df3fa4f888) [0x000071df3fa4f980, 0x000071df3fa512f0] Compiler: c1, Barriers: 25, Oops: 2, ImmediateOops: 14, NonImmediateOops: No
[2,466s][debug][gc,nmethod     ] Register NMethod: io.sirix.cache.ShardedPageCache.lambda$getAndGuard$0 (0x000071df3fa51308) [0x000071df3fa51400, 0x000071df3fa51b70] Compiler: c1, Barriers: 0, Oops: 1, ImmediateOops: 0, NonImmediateOops: No
[2,466s][debug][gc,nmethod     ] Register NMethod: io.sirix.cache.ShardedPageCache$$Lambda/0x00000000ae2548a8.apply (0x000071df3fa51b88) [0x000071df3fa51c80, 0x000071df3fa52850] Compiler: c1, Barriers: 0, Oops: 1, ImmediateOops: 0, NonImmediateOops: No
[2,466s][debug][gc,nmethod     ] Register NMethod: io.sirix.cache.ShardedPageCache.getAndGuard (0x000071df3fa52888) [0x000071df3fa52980, 0x000071df3fa531e8] Compiler: c1, Barriers: 1, Oops: 2, ImmediateOops: 1, NonImmediateOops: No
[2,466s][debug][gc,nmethod     ] Register NMethod: io.sirix.cache.ShardedPageCache.getAndGuard (0x000071df3fa53208) [0x000071df3fa53300, 0x000071df3fa53750] Compiler: c1, Barriers: 1, Oops: 2, ImmediateOops: 1, NonImmediateOops: No
[2,466s][debug][gc,nmethod     ] Register NMethod: com.github.benmanes.caffeine.cache.FrequencySketch.isNotInitialized (0x000071df3fa53788) [0x000071df3fa53880, 0x000071df3fa53a00] Compiler: c1, Barriers: 1, Oops: 1, ImmediateOops: 0, NonImmediateOops: No
[2,466s][debug][gc,nmethod     ] Register NMethod: com.github.benmanes.caffeine.cache.SSMS.frequencySketch (0x000071df5ecbce88) [0x000071df5ecbcf80, 0x000071df5ecbd070] Compiler: c1, Barriers: 1, Oops: 1, ImmediateOops: 0, NonImmediateOops: No
[2,466s][debug][gc,nmethod     ] Register NMethod: java.util.ArrayList$ListItr.previous (0x000071df3fa53a88) [0x000071df3fa53b80, 0x000071df3fa541f0] Compiler: c1, Barriers: 4, Oops: 0, ImmediateOops: 0, NonImmediateOops: No
[2,466s][debug][gc,nmethod     ] Register NMethod: java.lang.invoke.DirectMethodHandle$Holder.fieldAccess (0x000071df3fa54208) [0x000071df3fa54300, 0x000071df3fa547f8] Compiler: c1, Barriers: 0, Oops: 0, ImmediateOops: 0, NonImmediateOops: No
[2,466s][debug][gc,nmethod     ] Register NMethod: java.util.HashMap$HashIterator.nextNode (0x000071df5ecbd188) [0x000071df5ecbd280, 0x000071df5ecbd650] Compiler: jvmci, Barriers: 14, Oops: 0, ImmediateOops: 0, NonImmediateOops: No
[2,466s][debug][gc,nmethod     ] Register NMethod: java.lang.invoke.LambdaForm$MH/0x00000000ae240c00.invoke (0x000071df3fa54808) [0x000071df3fa54900, 0x000071df3fa55470] Compiler: c1, Barriers: 2, Oops: 1, ImmediateOops: 0, NonImmediateOops: No
[2,466s][debug][gc,nmethod     ] Register NMethod: java.lang.invoke.DirectMethodHandle$Holder.invokeStatic (0x000071df3fa55488) [0x000071df3fa55580, 0x000071df3fa55948] Compiler: c1, Barriers: 1, Oops: 0, ImmediateOops: 0, NonImmediateOops: No
[2,466s][debug][gc,nmethod     ] Register NMethod: com.github.benmanes.caffeine.cache.FrequencySketch.incrementAt (0x000071df3fa55988) [0x000071df3fa55a80, 0x000071df3fa55c68] Compiler: c1, Barriers: 1, Oops: 1, ImmediateOops: 0, NonImmediateOops: No
[2,466s][debug][gc,nmethod     ] Register NMethod: io.sirix.access.ResourceConfiguration.getDatabaseId (0x000071df3fa55c88) [0x000071df3fa55d80, 0x000071df3fa560d8] Compiler: c1, Barriers: 1, Oops: 1, ImmediateOops: 0, NonImmediateOops: No
[2,466s][debug][gc,nmethod     ] Register NMethod: io.sirix.access.trx.page.NodePageReadOnlyTrx.getNamePage (0x000071df3fa56108) [0x000071df3fa56200, 0x000071df3fa571d8] Compiler: c1, Barriers: 4, Oops: 1, ImmediateOops: 1, NonImmediateOops: No
[2,466s][debug][gc,nmethod     ] Register NMethod: java.util.Vector$Itr.<init> (0x000071df3fa57208) [0x000071df3fa57300, 0x000071df3fa57630] Compiler: c1, Barriers: 3, Oops: 0, ImmediateOops: 0, NonImmediateOops: No
[2,466s][debug][gc,nmethod     ] Register NMethod: sun.nio.ch.Util.isBufferTooLarge (0x000071df3fa57688) [0x000071df3fa57780, 0x000071df3fa578c0] Compiler: c1, Barriers: 0, Oops: 0, ImmediateOops: 0, NonImmediateOops: No
[2,467s][debug][gc,nmethod     ] Register NMethod: it.unimi.dsi.fastutil.ints.Int2LongOpenHashMap.insert (0x000071df3fa57988) [0x000071df3fa57a80, 0x000071df3fa57d40] Compiler: c1, Barriers: 2, Oops: 1, ImmediateOops: 0, NonImmediateOops: No
[2,467s][debug][gc,nmethod     ] Register NMethod: java.nio.ByteBuffer.base (0x000071df5ecbd688) [0x000071df5ecbd780, 0x000071df5ecbd868] Compiler: c1, Barriers: 1, Oops: 0, ImmediateOops: 0, NonImmediateOops: No
[2,467s][debug][gc,nmethod     ] Register NMethod: java.lang.Byte.valueOf (0x000071df3fa57d88) [0x000071df3fa57e80, 0x000071df3fa57fc0] Compiler: c1, Barriers: 1, Oops: 0, ImmediateOops: 1, NonImmediateOops: No
[2,467s][debug][gc,director    ] Rule Major: Warmup 10%, Used: 276MB, UsedThreshold: 1228MB
[2,467s][debug][gc,nmethod     ] Register NMethod: com.google.common.collect.ForwardingObject.<init> (0x000071df3fa58088) [0x000071df3fa58180, 0x000071df3fa582f0] Compiler: c1, Barriers: 0, Oops: 1, ImmediateOops: 0, NonImmediateOops: No
[2,468s][debug][gc,nmethod     ] Register NMethod: it.unimi.dsi.fastutil.ints.Int2IntOpenHashMap.insert (0x000071df3fa58388) [0x000071df3fa58480, 0x000071df3fa58740] Compiler: c1, Barriers: 2, Oops: 1, ImmediateOops: 0, NonImmediateOops: No
[2,468s][debug][gc,nmethod     ] Register NMethod: java.util.Vector$Itr.hasNext (0x000071df3fa58788) [0x000071df3fa58880, 0x000071df3fa58a10] Compiler: c1, Barriers: 1, Oops: 0, ImmediateOops: 0, NonImmediateOops: No
[2,468s][debug][gc,nmethod     ] Register NMethod: io.sirix.page.PageUtils.fixupPageReferenceIds (0x000071df3fa58a88) [0x000071df3fa58b80, 0x000071df3fa59c68] Compiler: c1, Barriers: 0, Oops: 1, ImmediateOops: 0, NonImmediateOops: No
[2,468s][debug][gc,nmethod     ] Register NMethod: io.sirix.access.trx.page.NodePageReadOnlyTrx$PageReferenceToPage.<init> (0x000071df3fa59c88) [0x000071df3fa59d80, 0x000071df3fa5a028] Compiler: c1, Barriers: 6, Oops: 1, ImmediateOops: 0, NonImmediateOops: No
[2,469s][debug][gc,nmethod     ] Register NMethod: java.lang.invoke.DelegatingMethodHandle$Holder.delegate (0x000071df3fa5a088) [0x000071df3fa5a180, 0x000071df3fa5a888] Compiler: c1, Barriers: 0, Oops: 0, ImmediateOops: 0, NonImmediateOops: No
[2,469s][debug][gc,nmethod     ] Register NMethod: io.sirix.access.trx.page.NodePageReadOnlyTrx.getRecord (0x000071df3fa5a908) [0x000071df3fa5aa00, 0x000071df3fa5c420] Compiler: c1, Barriers: 4, Oops: 1, ImmediateOops: 3, NonImmediateOops: No
[2,469s][debug][gc,nmethod     ] Register NMethod: java.util.concurrent.atomic.AtomicReferenceFieldUpdater$AtomicReferenceFieldUpdaterImpl.get (0x000071df3fa5c488) [0x000071df3fa5c580, 0x000071df3fa5c9b8] Compiler: c1, Barriers: 2, Oops: 0, ImmediateOops: 0, NonImmediateOops: No
[2,469s][debug][gc,nmethod     ] Register NMethod: java.util.concurrent.atomic.AtomicLongFieldUpdater$CASUpdater.accessCheck (0x000071df3fa5ca08) [0x000071df3fa5cb00, 0x000071df3fa5ce90] Compiler: c1, Barriers: 1, Oops: 0, ImmediateOops: 0, NonImmediateOops: No
[2,469s][debug][gc,nmethod     ] Register NMethod: java.lang.Object.equals (0x000071df5ecbd988) [0x000071df5ecbda80, 0x000071df5ecbdb10] Compiler: jvmci, Barriers: 0, Oops: 0, ImmediateOops: 0, NonImmediateOops: No
[2,469s][debug][gc,nmethod     ] Register NMethod: io.sirix.access.trx.node.AbstractNodeReadOnlyTrx.setCurrentNode (0x000071df3fa5cf08) [0x000071df3fa5d000, 0x000071df3fa5d490] Compiler: c1, Barriers: 3, Oops: 1, ImmediateOops: 1, NonImmediateOops: No
[2,469s][debug][gc,nmethod     ] Register NMethod: net.jpountz.util.SafeUtils.readIntLE (0x000071df5ecbdc88) [0x000071df5ecbdd80, 0x000071df5ecbde98] Compiler: jvmci, Barriers: 0, Oops: 1, ImmediateOops: 0, NonImmediateOops: No
[2,469s][debug][gc,nmethod     ] Register NMethod: jdk.internal.misc.Unsafe.getIntUnaligned (0x000071df5ecbdf88) [0x000071df5ecbe080, 0x000071df5ecbe140] Compiler: jvmci, Barriers: 0, Oops: 0, ImmediateOops: 0, NonImmediateOops: No
[2,470s][debug][gc,nmethod     ] Register NMethod: net.jpountz.xxhash.StreamingXXHash32JNI.<init> (0x000071df3fa5d508) [0x000071df3fa5d600, 0x000071df3fa5d820] Compiler: c1, Barriers: 0, Oops: 1, ImmediateOops: 0, NonImmediateOops: No
[2,470s][debug][gc,nmethod     ] Register NMethod: net.jpountz.xxhash.StreamingXXHash32JNI$Factory.newStreamingHash (0x000071df3fa5d888) [0x000071df3fa5d980, 0x000071df3fa5dc58] Compiler: c1, Barriers: 0, Oops: 1, ImmediateOops: 0, NonImmediateOops: No
[2,470s][debug][gc,nmethod     ] Register NMethod: net.jpountz.xxhash.StreamingXXHash32.<init> (0x000071df3fa5dc88) [0x000071df3fa5dd80, 0x000071df3fa5df00] Compiler: c1, Barriers: 0, Oops: 1, ImmediateOops: 0, NonImmediateOops: No
[2,470s][debug][gc,nmethod     ] Register NMethod: net.jpountz.xxhash.XXHashFactory.newStreamingHash32 (0x000071df3fa5df88) [0x000071df3fa5e080, 0x000071df3fa5e430] Compiler: c1, Barriers: 1, Oops: 1, ImmediateOops: 0, NonImmediateOops: No
[2,470s][debug][gc,nmethod     ] Register NMethod: net.jpountz.xxhash.StreamingXXHash32JNI.update (0x000071df3fa5e488) [0x000071df3fa5e580, 0x000071df3fa5e988] Compiler: c1, Barriers: 0, Oops: 1, ImmediateOops: 1, NonImmediateOops: No
[2,470s][debug][gc,nmethod     ] Register NMethod: net.jpountz.xxhash.StreamingXXHash32JNI.getValue (0x000071df3fa5ea08) [0x000071df3fa5eb00, 0x000071df3fa5eef8] Compiler: c1, Barriers: 0, Oops: 1, ImmediateOops: 1, NonImmediateOops: No
[2,470s][debug][gc,nmethod     ] Register NMethod: com.github.benmanes.caffeine.cache.PS.getKey (0x000071df3fa5ef08) [0x000071df3fa5f000, 0x000071df3fa601d8] Compiler: c1, Barriers: 1, Oops: 7, ImmediateOops: 8, NonImmediateOops: No
[2,470s][debug][gc,nmethod     ] Register NMethod: net.jpountz.lz4.LZ4Factory.nativeInstance (0x000071df3fa60288) [0x000071df3fa60380, 0x000071df3fa608f0] Compiler: c1, Barriers: 5, Oops: 2, ImmediateOops: 5, NonImmediateOops: No
[2,470s][debug][gc,nmethod     ] Register NMethod: net.jpountz.xxhash.XXHashFactory.nativeInstance (0x000071df3fa60908) [0x000071df3fa60a00, 0x000071df3fa60f70] Compiler: c1, Barriers: 5, Oops: 2, ImmediateOops: 5, NonImmediateOops: No
[2,470s][debug][gc,nmethod     ] Register NMethod: net.jpountz.xxhash.StreamingXXHash32.asChecksum (0x000071df3fa60f88) [0x000071df3fa61080, 0x000071df3fa61308] Compiler: c1, Barriers: 3, Oops: 1, ImmediateOops: 0, NonImmediateOops: No
[2,470s][debug][gc,nmethod     ] Register NMethod: net.jpountz.xxhash.StreamingXXHash32$1.<init> (0x000071df3fa61388) [0x000071df3fa61480, 0x000071df3fa61658] Compiler: c1, Barriers: 3, Oops: 1, ImmediateOops: 0, NonImmediateOops: No
[2,470s][debug][gc,nmethod     ] Register NMethod: net.jpountz.xxhash.StreamingXXHash32$1.getValue (0x000071df3fa61688) [0x000071df3fa61780, 0x000071df3fa61c70] Compiler: c1, Barriers: 1, Oops: 1, ImmediateOops: 1, NonImmediateOops: No
[2,470s][debug][gc,nmethod     ] Register NMethod: net.jpountz.xxhash.StreamingXXHash32$1.reset (0x000071df3fa61c88) [0x000071df3fa61d80, 0x000071df3fa62290] Compiler: c1, Barriers: 1, Oops: 1, ImmediateOops: 1, NonImmediateOops: No
[2,470s][debug][gc,nmethod     ] Register NMethod: net.jpountz.xxhash.StreamingXXHash32$1.update (0x000071df3fa62308) [0x000071df3fa62400, 0x000071df3fa62588] Compiler: c1, Barriers: 1, Oops: 1, ImmediateOops: 0, NonImmediateOops: No
[2,470s][debug][gc,nmethod     ] Register NMethod: net.jpountz.xxhash.StreamingXXHash32JNI.reset (0x000071df3fa62608) [0x000071df3fa62700, 0x000071df3fa62b40] Compiler: c1, Barriers: 0, Oops: 1, ImmediateOops: 1, NonImmediateOops: No
[2,470s][debug][gc,nmethod     ] Register NMethod: java.lang.System$1.currentCarrierThread (0x000071df3fa62b88) [0x000071df3fa62c80, 0x000071df3fa62dc8] Compiler: c1, Barriers: 1, Oops: 0, ImmediateOops: 0, NonImmediateOops: No
[2,470s][debug][gc,nmethod     ] Register NMethod: net.jpountz.xxhash.XXHashFactory.fastestInstance (0x000071df3fa62e88) [0x000071df3fa62f80, 0x000071df3fa65a28] Compiler: c1, Barriers: 35, Oops: 5, ImmediateOops: 38, NonImmediateOops: No
[2,470s][debug][gc,nmethod     ] Register NMethod: it.unimi.dsi.fastutil.HashCommon.nextPowerOfTwo (0x000071df3fa65a88) [0x000071df3fa65b80, 0x000071df3fa65d80] Compiler: c1, Barriers: 0, Oops: 1, ImmediateOops: 0, NonImmediateOops: No
[2,470s][debug][gc,nmethod     ] Register NMethod: it.unimi.dsi.fastutil.HashCommon.maxFill (0x000071df3fa65e08) [0x000071df3fa65f00, 0x000071df3fa66160] Compiler: c1, Barriers: 0, Oops: 1, ImmediateOops: 0, NonImmediateOops: No
[2,470s][debug][gc,nmethod     ] Register NMethod: com.github.benmanes.caffeine.cache.BoundedLocalCache$BoundedLocalManualCache.cache (0x000071df3fa66188) [0x000071df3fa66280, 0x000071df3fa663d8] Compiler: c1, Barriers: 1, Oops: 1, ImmediateOops: 0, NonImmediateOops: No
[2,471s][debug][gc,nmethod     ] Register NMethod: net.jpountz.lz4.LZ4Factory.fastestInstance (0x000071df3fa66488) [0x000071df3fa66580, 0x000071df3fa69028] Compiler: c1, Barriers: 35, Oops: 5, ImmediateOops: 38, NonImmediateOops: No
[2,471s][debug][gc,nmethod     ] Register NMethod: sun.nio.fs.UnixPath.toString (0x000071df3fa69088) [0x000071df3fa69180, 0x000071df3fa696f8] Compiler: c1, Barriers: 6, Oops: 0, ImmediateOops: 1, NonImmediateOops: No
[2,471s][debug][gc,nmethod     ] Register NMethod: io.sirix.access.trx.node.AbstractNodeReadOnlyTrx.getStructuralNode (0x000071df3fa69708) [0x000071df3fa69800, 0x000071df3fa6a2b8] Compiler: c1, Barriers: 4, Oops: 1, ImmediateOops: 0, NonImmediateOops: No
[2,471s][debug][gc,nmethod     ] Register NMethod: io.sirix.node.BytesOut.asBytesIn (0x000071df3fa6a308) [0x000071df3fa6a400, 0x000071df3fa6b0a8] Compiler: c1, Barriers: 4, Oops: 1, ImmediateOops: 0, NonImmediateOops: No
[2,471s][debug][gc,nmethod     ] Register NMethod: java.lang.Boolean.equals (0x000071df3fa6b108) [0x000071df3fa6b200, 0x000071df3fa6b990] Compiler: c1, Barriers: 0, Oops: 0, ImmediateOops: 0, NonImmediateOops: No
[2,471s][debug][gc,nmethod     ] Register NMethod: sun.nio.fs.UnixFileSystemProvider.exists (0x000071df3fa6ba08) [0x000071df3fa6bb00, 0x000071df3fa6c350] Compiler: c1, Barriers: 0, Oops: 0, ImmediateOops: 0, NonImmediateOops: No
[2,471s][debug][gc,nmethod     ] Register NMethod: java.lang.invoke.VarHandleReferences$FieldInstanceReadWrite.setRelease (0x000071df3fa6c388) [0x000071df3fa6c480, 0x000071df3fa6d630] Compiler: c1, Barriers: 2, Oops: 1, ImmediateOops: 1, NonImmediateOops: No
[2,471s][debug][gc,nmethod     ] Register NMethod: sun.nio.fs.UnixNativeDispatcher.access (0x000071df3fa6d688) [0x000071df3fa6d780, 0x000071df3fa6ddd0] Compiler: c1, Barriers: 0, Oops: 0, ImmediateOops: 0, NonImmediateOops: No
[2,471s][debug][gc,nmethod     ] Register NMethod: java.nio.file.Files.exists (0x000071df3fa6de08) [0x000071df3fa6df00, 0x000071df3fa6e6c8] Compiler: c1, Barriers: 2, Oops: 0, ImmediateOops: 0, NonImmediateOops: No
[2,471s][debug][gc,nmethod     ] Register NMethod: io.sirix.page.delegates.ReferencesPage4.getReferences (0x000071df5ecbe288) [0x000071df5ecbe380, 0x000071df5ecbe468] Compiler: c1, Barriers: 1, Oops: 1, ImmediateOops: 0, NonImmediateOops: No
[2,471s][debug][gc,nmethod     ] Register NMethod: io.sirix.access.trx.page.NodePageReadOnlyTrx.getRecordPage (0x000071df3fa6e708) [0x000071df3fa6e800, 0x000071df3fa79d88] Compiler: c1, Barriers: 96, Oops: 5, ImmediateOops: 16, NonImmediateOops: No
[2,471s][debug][gc,nmethod     ] Register NMethod: java.nio.ByteOrder.nativeOrder (0x000071df5ecbe588) [0x000071df5ecbe680, 0x000071df5ecbe6f0] Compiler: jvmci, Barriers: 0, Oops: 0, ImmediateOops: 1, NonImmediateOops: No
[2,472s][debug][gc,nmethod     ] Register NMethod: java.io.ByteArrayInputStream.<init> (0x000071df3fa79e08) [0x000071df3fa79f00, 0x000071df3fa7a148] Compiler: c1, Barriers: 3, Oops: 0, ImmediateOops: 0, NonImmediateOops: No
[2,472s][debug][gc,nmethod     ] Register NMethod: io.sirix.page.delegates.BitmapReferencesPage.getReferences (0x000071df5ecbe888) [0x000071df5ecbe980, 0x000071df5ecbea68] Compiler: c1, Barriers: 1, Oops: 1, ImmediateOops: 0, NonImmediateOops: No
[2,472s][debug][gc,nmethod     ] Register NMethod: java.nio.file.Path.resolve (0x000071df3fa7a188) [0x000071df3fa7a280, 0x000071df3fa7a7d0] Compiler: c1, Barriers: 1, Oops: 0, ImmediateOops: 0, NonImmediateOops: No
[2,472s][debug][gc,nmethod     ] Register NMethod: java.io.FilterInputStream.close (0x000071df3fa7a808) [0x000071df3fa7a900, 0x000071df3fa7ac40] Compiler: c1, Barriers: 1, Oops: 0, ImmediateOops: 0, NonImmediateOops: No
[2,473s][debug][gc,nmethod     ] Register NMethod: com.github.benmanes.caffeine.cache.SSLSMW.fastpath (0x000071df5ecbeb88) [0x000071df5ecbec80, 0x000071df5ecbed40] Compiler: c1, Barriers: 0, Oops: 1, ImmediateOops: 0, NonImmediateOops: No
[2,473s][debug][gc,nmethod     ] Register NMethod: io.sirix.BinaryEncodingVersion.values (0x000071df3fa7ac88) [0x000071df3fa7ad80, 0x000071df3fa7b260] Compiler: c1, Barriers: 0, Oops: 1, ImmediateOops: 1, NonImmediateOops: No
[2,473s][debug][gc,nmethod     ] Register NMethod: java.io.ByteArrayInputStream.close (0x000071df3fa7b288) [0x000071df3fa7b380, 0x000071df3fa7b480] Compiler: c1, Barriers: 0, Oops: 0, ImmediateOops: 0, NonImmediateOops: No
[2,473s][debug][gc,nmethod     ] Register NMethod: java.nio.DirectByteBuffer.getInt (0x000071df3fa7b588) [0x000071df3fa7b680, 0x000071df3fa7bbb8] Compiler: c1, Barriers: 0, Oops: 0, ImmediateOops: 0, NonImmediateOops: No
[2,473s][debug][gc,nmethod     ] Register NMethod: io.sirix.io.bytepipe.ByteHandlerPipeline.deserialize (0x000071df3fa7bc08) [0x000071df3fa7bd00, 0x000071df3fa7c920] Compiler: c1, Barriers: 1, Oops: 1, ImmediateOops: 0, NonImmediateOops: No
[2,473s][debug][gc,nmethod     ] Register NMethod: jdk.internal.misc.Unsafe.putIntVolatile (0x000071df5ecbee88) [0x000071df5ecbef80, 0x000071df5ecbf0d8] Compiler: , Barriers: 0, Oops: 0, ImmediateOops: 0, NonImmediateOops: No
[2,473s][debug][gc,nmethod     ] Register NMethod: java.nio.DirectByteBuffer.getInt (0x000071df3fa7c988) [0x000071df3fa7ca80, 0x000071df3fa7e2b0] Compiler: c1, Barriers: 5, Oops: 1, ImmediateOops: 4, NonImmediateOops: No
[2,473s][debug][gc,nmethod     ] Register NMethod: io.sirix.access.trx.RevisionEpochTracker.register (0x000071df3fa7e308) [0x000071df3fa7e400, 0x000071df3fa7ffd8] Compiler: c1, Barriers: 3, Oops: 8, ImmediateOops: 9, NonImmediateOops: No
[2,473s][debug][gc,nmethod     ] Register NMethod: com.google.common.collect.testing.Helpers.reverse (0x000071df3fa80088) [0x000071df3fa80180, 0x000071df3fa803e8] Compiler: c1, Barriers: 3, Oops: 1, ImmediateOops: 0, NonImmediateOops: No
[2,473s][debug][gc,nmethod     ] Register NMethod: java.lang.invoke.Invokers$Holder.linkToTargetMethod (0x000071df3fa80408) [0x000071df3fa80500, 0x000071df3fa809f8] Compiler: c1, Barriers: 0, Oops: 0, ImmediateOops: 0, NonImmediateOops: No
[2,474s][debug][gc,nmethod     ] Register NMethod: io.sirix.io.bytepipe.LZ4Compressor.deserialize (0x000071df3fa80a08) [0x000071df3fa80b00, 0x000071df3fa838f0] Compiler: c1, Barriers: 36, Oops: 5, ImmediateOops: 38, NonImmediateOops: No
[2,474s][debug][gc,nmethod     ] Register NMethod: io.sirix.io.AbstractReader.deserialize (0x000071df3fa83988) [0x000071df3fa83a80, 0x000071df3fa86988] Compiler: c1, Barriers: 15, Oops: 2, ImmediateOops: 2, NonImmediateOops: No
[2,474s][debug][gc,nmethod     ] Register NMethod: java.lang.invoke.VarHandleReferences$Array.setRelease (0x000071df3fa86a08) [0x000071df3fa86b00, 0x000071df3fa88b68] Compiler: c1, Barriers: 5, Oops: 2, ImmediateOops: 2, NonImmediateOops: No
[2,474s][debug][gc,nmethod     ] Register NMethod: java.io.InputStream.readNBytes (0x000071df3fa88b88) [0x000071df3fa88c80, 0x000071df3fa8ad40] Compiler: c1, Barriers: 6, Oops: 1, ImmediateOops: 5, NonImmediateOops: No
[2,474s][debug][gc,nmethod     ] Register NMethod: com.google.common.collect.testing.Helpers$1.<init> (0x000071df3fa8ad88) [0x000071df3fa8ae80, 0x000071df3fa8b058] Compiler: c1, Barriers: 3, Oops: 1, ImmediateOops: 0, NonImmediateOops: No
[2,474s][debug][gc,nmethod     ] Register NMethod: com.google.common.collect.testing.Helpers$1$1.<init> (0x000071df3fa8b088) [0x000071df3fa8b180, 0x000071df3fa8b358] Compiler: c1, Barriers: 3, Oops: 1, ImmediateOops: 0, NonImmediateOops: No
[2,474s][debug][gc,nmethod     ] Register NMethod: net.jpountz.lz4.LZ4BlockInputStream.<init> (0x000071df3fa8b388) [0x000071df3fa8b480, 0x000071df3fa8e1a8] Compiler: c1, Barriers: 36, Oops: 5, ImmediateOops: 38, NonImmediateOops: No
[2,474s][debug][gc,nmethod     ] Register NMethod: com.google.common.collect.testing.Helpers$1.iterator (0x000071df3fa8e208) [0x000071df3fa8e300, 0x000071df3fa8e9d8] Compiler: c1, Barriers: 4, Oops: 1, ImmediateOops: 0, NonImmediateOops: No
[2,474s][debug][gc,nmethod     ] Register NMethod: java.io.InputStream.readAllBytes (0x000071df3fa8ea08) [0x000071df3fa8eb00, 0x000071df3fa8ee08] Compiler: c1, Barriers: 0, Oops: 0, ImmediateOops: 0, NonImmediateOops: No
[2,474s][debug][gc,nmethod     ] Register NMethod: net.jpountz.lz4.LZ4BlockInputStream.<init> (0x000071df3fa8ee88) [0x000071df3fa8ef80, 0x000071df3fa8f520] Compiler: c1, Barriers: 15, Oops: 1, ImmediateOops: 0, NonImmediateOops: No
[2,474s][debug][gc,nmethod     ] Register NMethod: io.sirix.page.PageKind.getKind (0x000071df3fa8f588) [0x000071df3fa8f680, 0x000071df3fa8ffa0] Compiler: c1, Barriers: 2, Oops: 2, ImmediateOops: 2, NonImmediateOops: No
[2,474s][debug][gc,nmethod     ] Register NMethod: io.sirix.page.PagePersister.deserializePage (0x000071df3fa90008) [0x000071df3fa90100, 0x000071df3fa90d40] Compiler: c1, Barriers: 2, Oops: 2, ImmediateOops: 2, NonImmediateOops: No
[2,474s][debug][gc,nmethod     ] Register NMethod: io.sirix.BinaryEncodingVersion.fromByte (0x000071df3fa90d88) [0x000071df3fa90e80, 0x000071df3fa915f0] Compiler: c1, Barriers: 1, Oops: 1, ImmediateOops: 1, NonImmediateOops: No
[2,474s][debug][gc,nmethod     ] Register NMethod: java.lang.invoke.Invokers$Holder.linkToTargetMethod (0x000071df3fa91608) [0x000071df3fa91700, 0x000071df3fa91c08] Compiler: c1, Barriers: 0, Oops: 0, ImmediateOops: 0, NonImmediateOops: No
[2,474s][debug][gc,nmethod     ] Register NMethod: java.util.Collections.addAll (0x000071df3fa91c88) [0x000071df3fa91d80, 0x000071df3fa92188] Compiler: c1, Barriers: 1, Oops: 0, ImmediateOops: 0, NonImmediateOops: No
[2,474s][debug][gc,nmethod     ] Register NMethod: java.lang.invoke.LambdaForm$DMH/0x00000000ae168400.newInvokeSpecial (0x000071df3fa92208) [0x000071df3fa92300, 0x000071df3fa92ba8] Compiler: c1, Barriers: 2, Oops: 1, ImmediateOops: 1, NonImmediateOops: No
[2,475s][debug][gc,nmethod     ] Register NMethod: java.util.concurrent.atomic.LongAdder.add (0x000071df3fa92c08) [0x000071df3fa92d00, 0x000071df3fa93688] Compiler: c1, Barriers: 3, Oops: 1, ImmediateOops: 2, NonImmediateOops: No
[2,475s][debug][gc,nmethod     ] Register NMethod: java.lang.invoke.VarHandleLongs$FieldInstanceReadWrite.weakCompareAndSetRelease (0x000071df3fa93708) [0x000071df3fa93800, 0x000071df3fa94428] Compiler: c1, Barriers: 1, Oops: 1, ImmediateOops: 1, NonImmediateOops: No
[2,475s][debug][gc,nmethod     ] Register NMethod: java.util.concurrent.atomic.Striped64.casBase (0x000071df3fa94488) [0x000071df3fa94580, 0x000071df3fa953f0] Compiler: c1, Barriers: 0, Oops: 5, ImmediateOops: 6, NonImmediateOops: No
[2,475s][debug][gc,nmethod     ] Register NMethod: jdk.internal.misc.Unsafe.weakCompareAndSetLongRelease (0x000071df3fa95488) [0x000071df3fa95580, 0x000071df3fa956a0] Compiler: c1, Barriers: 0, Oops: 0, ImmediateOops: 0, NonImmediateOops: No
[2,475s][debug][gc,nmethod     ] Register NMethod: net.jpountz.lz4.LZ4JNIFastDecompressor.decompress (0x000071df3fa95788) [0x000071df3fa95880, 0x000071df3fa96f10] Compiler: c1, Barriers: 0, Oops: 3, ImmediateOops: 4, NonImmediateOops: No
[2,475s][debug][gc,nmethod     ] Register NMethod: com.google.common.base.Preconditions.checkState (0x000071df3fa96f88) [0x000071df3fa97080, 0x000071df3fa97250] Compiler: c1, Barriers: 0, Oops: 1, ImmediateOops: 0, NonImmediateOops: No
[2,475s][debug][gc,nmethod     ] Register NMethod: java.lang.invoke.DirectMethodHandle$Holder.newInvokeSpecial (0x000071df3fa97288) [0x000071df3fa97380, 0x000071df3fa97c00] Compiler: c1, Barriers: 2, Oops: 0, ImmediateOops: 1, NonImmediateOops: No
[2,475s][debug][gc,nmethod     ] Register NMethod: jdk.internal.foreign.MemorySessionImpl$ResourceList$ResourceCleanup.<init> (0x000071df3fa97c08) [0x000071df3fa97d00, 0x000071df3fa97e58] Compiler: c1, Barriers: 0, Oops: 0, ImmediateOops: 0, NonImmediateOops: No
[2,475s][debug][gc,nmethod     ] Register NMethod: java.nio.ByteBuffer.wrap (0x000071df3fa97f08) [0x000071df3fa98000, 0x000071df3fa98120] Compiler: c1, Barriers: 0, Oops: 0, ImmediateOops: 0, NonImmediateOops: No
[2,475s][debug][gc,nmethod     ] Register NMethod: jdk.internal.foreign.MemorySessionImpl.addOrCleanupIfFail (0x000071df3fa98208) [0x000071df3fa98300, 0x000071df3fa98850] Compiler: c1, Barriers: 0, Oops: 0, ImmediateOops: 0, NonImmediateOops: No
[2,475s][debug][gc,nmethod     ] Register NMethod: sun.nio.fs.UnixNativeDispatcher.open (0x000071df3fa98888) [0x000071df3fa98980, 0x000071df3fa98fd8] Compiler: c1, Barriers: 0, Oops: 0, ImmediateOops: 0, NonImmediateOops: No
[2,475s][debug][gc,nmethod     ] Register NMethod: jdk.internal.foreign.Utils.checkNonNegativeArgument (0x000071df3fa99008) [0x000071df3fa99100, 0x000071df3fa9a2c8] Compiler: c1, Barriers: 0, Oops: 2, ImmediateOops: 3, NonImmediateOops: No
[2,475s][debug][gc,nmethod     ] Register NMethod: sun.nio.fs.UnixFileModeAttribute.toUnixMode (0x000071df3fa9a308) [0x000071df3fa9a400, 0x000071df3fa9c0f8] Compiler: c1, Barriers: 1, Oops: 2, ImmediateOops: 5, NonImmediateOops: No
[2,475s][debug][gc,nmethod     ] Rebuilding NMethod Table: 4096->4096 entries, 2639(64%->64%) registered, 229(6%->0%) unregistered
[2,475s][debug][gc,nmethod     ] Register NMethod: jdk.internal.foreign.MemorySessionImpl.addInternal (0x000071df3fa9c188) [0x000071df3fa9c280, 0x000071df3fa9d1f0] Compiler: c1, Barriers: 4, Oops: 0, ImmediateOops: 2, NonImmediateOops: No
[2,475s][debug][gc,nmethod     ] Register NMethod: net.jpountz.lz4.LZ4BlockInputStream.<init> (0x000071df3fa9d208) [0x000071df3fa9d300, 0x000071df3faa0688] Compiler: c1, Barriers: 39, Oops: 5, ImmediateOops: 38, NonImmediateOops: No
[2,475s][debug][gc,nmethod     ] Register NMethod: jdk.internal.foreign.SegmentFactories.allocateMemoryWrapper (0x000071df3faa0708) [0x000071df3faa0800, 0x000071df3faa0bb8] Compiler: c1, Barriers: 0, Oops: 0, ImmediateOops: 1, NonImmediateOops: No
[2,475s][debug][gc,nmethod     ] Register NMethod: jdk.internal.foreign.SegmentFactories.allocateNativeSegment (0x000071df3faa0c08) [0x000071df3faa0d00, 0x000071df3faa12c0] Compiler: c1, Barriers: 3, Oops: 0, ImmediateOops: 1, NonImmediateOops: No
[2,475s][debug][gc,nmethod     ] Register NMethod: java.nio.ByteBuffer.allocate (0x000071df3faa1308) [0x000071df3faa1400, 0x000071df3faa15f8] Compiler: c1, Barriers: 0, Oops: 0, ImmediateOops: 0, NonImmediateOops: No
[2,475s][debug][gc,nmethod     ] Register NMethod: java.nio.HeapByteBuffer.<init> (0x000071df3faa1608) [0x000071df3faa1700, 0x000071df3faa1900] Compiler: c1, Barriers: 0, Oops: 0, ImmediateOops: 0, NonImmediateOops: No
[2,475s][debug][gc,nmethod     ] Register NMethod: io.sirix.page.KeyValueLeafPage.acquireGuard (0x000071df3faa1908) [0x000071df3faa1a00, 0x000071df3faa1d48] Compiler: c1, Barriers: 1, Oops: 1, ImmediateOops: 0, NonImmediateOops: No
[2,476s][debug][gc,nmethod     ] Register NMethod: com.github.benmanes.caffeine.cache.PSMW.getWeight (0x000071df5ecbf188) [0x000071df5ecbf280, 0x000071df5ecbf340] Compiler: c1, Barriers: 0, Oops: 1, ImmediateOops: 0, NonImmediateOops: No
[2,476s][debug][gc,nmethod     ] Register NMethod: ch.qos.logback.classic.util.ContextSelectorStaticBinder.getContextSelector (0x000071df5ecbf488) [0x000071df5ecbf580, 0x000071df5ecbf668] Compiler: c1, Barriers: 1, Oops: 1, ImmediateOops: 0, NonImmediateOops: No
[2,476s][debug][gc,nmethod     ] Register NMethod: jdk.internal.foreign.MemorySessionImpl.<init> (0x000071df3faa1d88) [0x000071df3faa1e80, 0x000071df3faa20c8] Compiler: c1, Barriers: 6, Oops: 0, ImmediateOops: 0, NonImmediateOops: No
[2,476s][debug][gc,nmethod     ] Register NMethod: jdk.internal.foreign.ArenaImpl.allocate (0x000071df3faa2108) [0x000071df3faa2200, 0x000071df3faa2380] Compiler: c1, Barriers: 1, Oops: 0, ImmediateOops: 0, NonImmediateOops: No
[2,476s][debug][gc,nmethod     ] Register NMethod: jdk.internal.foreign.ArenaImpl.allocate (0x000071df3faa2408) [0x000071df3faa2500, 0x000071df3faa27f8] Compiler: c1, Barriers: 0, Oops: 0, ImmediateOops: 0, NonImmediateOops: No
[2,476s][debug][gc,nmethod     ] Register NMethod: jdk.internal.foreign.Utils.checkAlign (0x000071df3faa2808) [0x000071df3faa2900, 0x000071df3faa3658] Compiler: c1, Barriers: 0, Oops: 1, ImmediateOops: 2, NonImmediateOops: No
[2,476s][debug][gc,nmethod     ] Register NMethod: jdk.internal.foreign.Utils.alignUp (0x000071df3faa3688) [0x000071df3faa3780, 0x000071df3faa3878] Compiler: c1, Barriers: 0, Oops: 0, ImmediateOops: 0, NonImmediateOops: No
[2,476s][debug][gc,nmethod     ] Register NMethod: jdk.internal.foreign.Utils.checkAllocationSizeAndAlign (0x000071df3faa3988) [0x000071df3faa3a80, 0x000071df3faa4d10] Compiler: c1, Barriers: 0, Oops: 3, ImmediateOops: 4, NonImmediateOops: No
[2,476s][debug][gc,nmethod     ] Register NMethod: com.github.benmanes.caffeine.cache.PS.getKeyReference (0x000071df3faa4d88) [0x000071df3faa4e80, 0x000071df3faa6058] Compiler: c1, Barriers: 1, Oops: 7, ImmediateOops: 8, NonImmediateOops: No
[2,476s][debug][gc,nmethod     ] Register NMethod: sun.nio.fs.UnixChannelFactory$Flags.toFlags (0x000071df3faa6108) [0x000071df3faa6200, 0x000071df3faa8cb8] Compiler: c1, Barriers: 1, Oops: 1, ImmediateOops: 5, NonImmediateOops: No
[2,476s][debug][gc,nmethod     ] Register NMethod: com.github.benmanes.caffeine.cache.BoundedLocalCache.skipReadBuffer (0x000071df3faa8d08) [0x000071df3faa8e00, 0x000071df3faa9618] Compiler: c1, Barriers: 1, Oops: 1, ImmediateOops: 0, NonImmediateOops: No
[2,476s][debug][gc,nmethod     ] Register NMethod: java.nio.channels.spi.AbstractInterruptibleChannel$1.<init> (0x000071df3faa9688) [0x000071df3faa9780, 0x000071df3faa9aa8] Compiler: c1, Barriers: 3, Oops: 0, ImmediateOops: 0, NonImmediateOops: No
[2,476s][debug][gc,nmethod     ] Register NMethod: sun.nio.fs.UnixChannelFactory.newFileChannel (0x000071df3faa9b08) [0x000071df3faa9c00, 0x000071df3faa9d28] Compiler: c1, Barriers: 0, Oops: 0, ImmediateOops: 0, NonImmediateOops: No
[2,476s][debug][gc,nmethod     ] Register NMethod: java.nio.channels.spi.AbstractInterruptibleChannel.<init> (0x000071df3faa9e08) [0x000071df3faa9f00, 0x000071df3faaa3e0] Compiler: c1, Barriers: 9, Oops: 0, ImmediateOops: 0, NonImmediateOops: No
[2,476s][debug][gc,nmethod     ] Register NMethod: sun.nio.fs.UnixFileSystemProvider.newFileChannel (0x000071df3faaa408) [0x000071df3faaa500, 0x000071df3faaae08] Compiler: c1, Barriers: 0, Oops: 0, ImmediateOops: 0, NonImmediateOops: No
[2,477s][debug][gc,nmethod     ] Register NMethod: jdk.internal.foreign.SegmentFactories.allocateNativeInternal (0x000071df3faaae88) [0x000071df3faaaf80, 0x000071df3faae3d8] Compiler: c1, Barriers: 3, Oops: 3, ImmediateOops: 11, NonImmediateOops: No
[2,477s][debug][gc,nmethod     ] Register NMethod: sun.nio.fs.UnixChannelFactory$Flags.<init> (0x000071df3faae408) [0x000071df3faae500, 0x000071df3faae658] Compiler: c1, Barriers: 0, Oops: 0, ImmediateOops: 0, NonImmediateOops: No
[2,477s][debug][gc,nmethod     ] Register NMethod: java.io.FileDescriptor.set (0x000071df3faae708) [0x000071df3faae800, 0x000071df3faaed70] Compiler: c1, Barriers: 4, Oops: 0, ImmediateOops: 0, NonImmediateOops: No
[2,477s][debug][gc,nmethod     ] Register NMethod: java.io.FileDescriptor$1.setAppend (0x000071df3faaed88) [0x000071df3faaee80, 0x000071df3faaef88] Compiler: c1, Barriers: 0, Oops: 0, ImmediateOops: 0, NonImmediateOops: No
[2,477s][debug][gc,nmethod     ] Register NMethod: java.io.FileDescriptor$1.set (0x000071df3faaf088) [0x000071df3faaf180, 0x000071df3faaf930] Compiler: c1, Barriers: 4, Oops: 0, ImmediateOops: 0, NonImmediateOops: No
[2,477s][debug][gc,nmethod     ] Register NMethod: sun.nio.ch.FileChannelImpl.open (0x000071df3faaf988) [0x000071df3faafa80, 0x000071df3faafc38] Compiler: c1, Barriers: 0, Oops: 0, ImmediateOops: 0, NonImmediateOops: No
[2,477s][debug][gc,nmethod     ] Register NMethod: sun.nio.fs.UnixChannelFactory.newFileChannel (0x000071df3faafc88) [0x000071df3faafd80, 0x000071df3fab07f0] Compiler: c1, Barriers: 6, Oops: 0, ImmediateOops: 3, NonImmediateOops: No
[2,477s][debug][gc,nmethod     ] Register NMethod: java.nio.channels.FileChannel.<init> (0x000071df3fab0808) [0x000071df3fab0900, 0x000071df3fab0e48] Compiler: c1, Barriers: 9, Oops: 0, ImmediateOops: 0, NonImmediateOops: No
[2,477s][debug][gc,nmethod     ] Register NMethod: sun.nio.ch.NativeThreadSet.<init> (0x000071df3fab0e88) [0x000071df3fab0f80, 0x000071df3fab10e0] Compiler: c1, Barriers: 0, Oops: 0, ImmediateOops: 0, NonImmediateOops: No
[2,477s][debug][gc,nmethod     ] Register NMethod: sun.nio.ch.FileChannelImpl$Closer.<init> (0x000071df3fab1188) [0x000071df3fab1280, 0x000071df3fab1450] Compiler: c1, Barriers: 3, Oops: 0, ImmediateOops: 0, NonImmediateOops: No
[2,477s][debug][gc,nmethod     ] Register NMethod: jdk.internal.foreign.SegmentFactories$1.<init> (0x000071df3fab1488) [0x000071df3fab1580, 0x000071df3fab1750] Compiler: c1, Barriers: 0, Oops: 0, ImmediateOops: 0, NonImmediateOops: No
[2,477s][debug][gc,nmethod     ] Register NMethod: io.sirix.node.MemorySegmentBytesIn.readUtf8 (0x000071df3fab1788) [0x000071df3fab1880, 0x000071df3fab1d60] Compiler: c1, Barriers: 0, Oops: 1, ImmediateOops: 1, NonImmediateOops: No
[2,477s][debug][gc,nmethod     ] Register NMethod: java.util.Arrays.asList (0x000071df3fab1d88) [0x000071df3fab1e80, 0x000071df3fab22f0] Compiler: c1, Barriers: 3, Oops: 0, ImmediateOops: 0, NonImmediateOops: No
[2,477s][debug][gc,nmethod     ] Register NMethod: io.sirix.axis.AbstractAxis.hasNext (0x000071df3fab2308) [0x000071df3fab2400, 0x000071df3fab2eb0] Compiler: c1, Barriers: 2, Oops: 1, ImmediateOops: 1, NonImmediateOops: No
[2,477s][debug][gc,nmethod     ] Register NMethod: java.util.Arrays$ArrayList.<init> (0x000071df3fab2f08) [0x000071df3fab3000, 0x000071df3fab33d8] Compiler: c1, Barriers: 3, Oops: 0, ImmediateOops: 0, NonImmediateOops: No
[2,477s][debug][gc,nmethod     ] Register NMethod: io.sirix.page.AbstractForwardingPage.<init> (0x000071df3fab3408) [0x000071df3fab3500, 0x000071df3fab36b8] Compiler: c1, Barriers: 0, Oops: 1, ImmediateOops: 0, NonImmediateOops: No
[2,477s][debug][gc,nmethod     ] Register NMethod: com.github.benmanes.caffeine.cache.SSLS.statsTicker (0x000071df3fab3708) [0x000071df3fab3800, 0x000071df3fab3960] Compiler: c1, Barriers: 0, Oops: 1, ImmediateOops: 1, NonImmediateOops: No
[2,477s][debug][gc,director    ] Rule Major: Warmup 10%, Used: 278MB, UsedThreshold: 1228MB
[2,477s][debug][gc,nmethod     ] Register NMethod: com.github.benmanes.caffeine.cache.Ticker.systemTicker (0x000071df3fab3a08) [0x000071df3fab3b00, 0x000071df3fab3be8] Compiler: c1, Barriers: 0, Oops: 1, ImmediateOops: 1, NonImmediateOops: No
[2,477s][debug][gc,nmethod     ] Register NMethod: java.util.concurrent.ForkJoinTask$InterruptibleTask.postExec (0x000071df5ecbf788) [0x000071df5ecbf880, 0x000071df5ecbf940] Compiler: c1, Barriers: 0, Oops: 0, ImmediateOops: 0, NonImmediateOops: No
[2,477s][debug][gc,nmethod     ] Register NMethod: com.github.benmanes.caffeine.cache.SystemTicker.read (0x000071df3fab3d08) [0x000071df3fab3e00, 0x000071df3fab3f20] Compiler: c1, Barriers: 0, Oops: 1, ImmediateOops: 0, NonImmediateOops: No
[2,477s][debug][gc,nmethod     ] Register NMethod: java.lang.Thread.threadId (0x000071df5ecbfa88) [0x000071df5ecbfb80, 0x000071df5ecbfc40] Compiler: c1, Barriers: 0, Oops: 0, ImmediateOops: 0, NonImmediateOops: No
[2,477s][debug][gc,nmethod     ] Register NMethod: sun.nio.ch.FileChannelImpl.<init> (0x000071df3fab4008) [0x000071df3fab4100, 0x000071df3fab5220] Compiler: c1, Barriers: 30, Oops: 1, ImmediateOops: 2, NonImmediateOops: No
[2,477s][debug][gc,nmethod     ] Register NMethod: com.github.benmanes.caffeine.cache.SSLS.isRecordingStats (0x000071df5ecbfd88) [0x000071df5ecbfe80, 0x000071df5ecbff40] Compiler: c1, Barriers: 0, Oops: 1, ImmediateOops: 0, NonImmediateOops: No
[2,477s][debug][gc,nmethod     ] Register NMethod: io.sirix.page.DeserializedReferencesPage4Tuple.references (0x000071df5ecc0088) [0x000071df5ecc0180, 0x000071df5ecc0268] Compiler: c1, Barriers: 1, Oops: 1, ImmediateOops: 0, NonImmediateOops: No
[2,477s][debug][gc,nmethod     ] Register NMethod: io.sirix.page.DeserializedReferencesPage4Tuple.offsets (0x000071df5ecc0388) [0x000071df5ecc0480, 0x000071df5ecc0568] Compiler: c1, Barriers: 1, Oops: 1, ImmediateOops: 0, NonImmediateOops: No
[2,477s][debug][gc,nmethod     ] Register NMethod: com.github.benmanes.caffeine.cache.SSLS.statsCounter (0x000071df5ecc0688) [0x000071df5ecc0780, 0x000071df5ecc0870] Compiler: c1, Barriers: 1, Oops: 1, ImmediateOops: 0, NonImmediateOops: No
[2,478s][debug][gc,nmethod     ] Register NMethod: io.sirix.access.trx.node.AbstractNodeReadOnlyTrx.moveTo (0x000071df3fab5288) [0x000071df3fab5380, 0x000071df3fab6eb0] Compiler: c1, Barriers: 11, Oops: 1, ImmediateOops: 4, NonImmediateOops: No
[2,478s][debug][gc,nmethod     ] Register NMethod: sun.nio.fs.UnixChannelFactory.open (0x000071df3fab6f08) [0x000071df3fab7000, 0x000071df3fab9308] Compiler: c1, Barriers: 10, Oops: 1, ImmediateOops: 5, NonImmediateOops: No
[2,478s][debug][gc,nmethod     ] Register NMethod: com.github.benmanes.caffeine.cache.UnboundedLocalCache$UnboundedLocalAsyncCache.cache (0x000071df3fab9388) [0x000071df3fab9480, 0x000071df3fab9780] Compiler: c1, Barriers: 1, Oops: 1, ImmediateOops: 0, NonImmediateOops: No
[2,478s][debug][gc,nmethod     ] Register NMethod: com.github.benmanes.caffeine.cache.BoundedLocalCache.discardRefresh (0x000071df3fab9808) [0x000071df3fab9900, 0x000071df3fab9eb0] Compiler: c1, Barriers: 1, Oops: 1, ImmediateOops: 0, NonImmediateOops: No
[2,478s][debug][gc,nmethod     ] Register NMethod: java.nio.channels.FileChannel.open (0x000071df3fab9f08) [0x000071df3faba000, 0x000071df3faba5e8] Compiler: c1, Barriers: 2, Oops: 0, ImmediateOops: 0, NonImmediateOops: No
[2,478s][debug][gc,nmethod     ] Register NMethod: com.github.benmanes.caffeine.cache.PS.isAlive (0x000071df3faba608) [0x000071df3faba700, 0x000071df3fabbb78] Compiler: c1, Barriers: 1, Oops: 7, ImmediateOops: 10, NonImmediateOops: No
[2,478s][debug][gc,nmethod     ] Register NMethod: java.nio.channels.FileChannel.open (0x000071df3fabbc08) [0x000071df3fabbd00, 0x000071df3fabc2d0] Compiler: c1, Barriers: 3, Oops: 0, ImmediateOops: 2, NonImmediateOops: No
[2,478s][debug][gc,nmethod     ] Register NMethod: com.github.benmanes.caffeine.cache.SSL.hasRemovalListener (0x000071df5ecc0988) [0x000071df5ecc0a80, 0x000071df5ecc0b40] Compiler: c1, Barriers: 0, Oops: 1, ImmediateOops: 0, NonImmediateOops: No
[2,478s][debug][gc,nmethod     ] Register NMethod: com.github.benmanes.caffeine.cache.BoundedLocalCache.isComputingAsync (0x000071df3fabc308) [0x000071df3fabc400, 0x000071df3fabdba0] Compiler: c1, Barriers: 1, Oops: 7, ImmediateOops: 8, NonImmediateOops: No
[2,478s][debug][gc,nmethod     ] Register NMethod: com.github.benmanes.caffeine.cache.SSL.removalListener (0x000071df5ecc0c88) [0x000071df5ecc0d80, 0x000071df5ecc0e70] Compiler: c1, Barriers: 1, Oops: 1, ImmediateOops: 0, NonImmediateOops: No
[2,478s][debug][gc,nmethod     ] Register NMethod: com.github.benmanes.caffeine.cache.UnboundedLocalCache.statsTicker (0x000071df5ecc0f88) [0x000071df5ecc1080, 0x000071df5ecc1168] Compiler: c1, Barriers: 1, Oops: 1, ImmediateOops: 0, NonImmediateOops: No
[2,478s][debug][gc,nmethod     ] Register NMethod: io.sirix.page.AbstractForwardingPage.getReferences (0x000071df3fabdc08) [0x000071df3fabdd00, 0x000071df3fabe200] Compiler: c1, Barriers: 0, Oops: 1, ImmediateOops: 0, NonImmediateOops: No
[2,479s][debug][gc,nmethod     ] Register NMethod: com.github.benmanes.caffeine.cache.LocalManualCache.asMap (0x000071df3fabe288) [0x000071df3fabe380, 0x000071df3fabe560] Compiler: c1, Barriers: 1, Oops: 1, ImmediateOops: 0, NonImmediateOops: No
[2,479s][debug][gc,nmethod     ] Register NMethod: java.util.Vector.iterator (0x000071df3fabe588) [0x000071df3fabe680, 0x000071df3fabead0] Compiler: c1, Barriers: 3, Oops: 0, ImmediateOops: 0, NonImmediateOops: No
[2,479s][debug][gc,nmethod     ] Register NMethod: java.lang.invoke.Invokers$Holder.linkToTargetMethod (0x000071df3fabeb08) [0x000071df3fabec00, 0x000071df3fabf0f8] Compiler: c1, Barriers: 0, Oops: 0, ImmediateOops: 0, NonImmediateOops: No
[2,479s][debug][gc,nmethod     ] Register NMethod: io.sirix.node.GrowingMemorySegment.<init> (0x000071df3fabf108) [0x000071df3fabf200, 0x000071df3fabf678] Compiler: c1, Barriers: 6, Oops: 1, ImmediateOops: 0, NonImmediateOops: No
[2,479s][debug][gc,nmethod     ] Register NMethod: com.github.benmanes.caffeine.cache.SSMS.fastpath (0x000071df5ecc1288) [0x000071df5ecc1380, 0x000071df5ecc1440] Compiler: c1, Barriers: 0, Oops: 1, ImmediateOops: 0, NonImmediateOops: No
[2,479s][debug][gc,nmethod     ] Register NMethod: com.github.benmanes.caffeine.cache.LocalCache.compute (0x000071df3fabf688) [0x000071df3fabf780, 0x000071df3fabfcb0] Compiler: c1, Barriers: 0, Oops: 1, ImmediateOops: 0, NonImmediateOops: No
[2,479s][debug][gc,nmethod     ] Register NMethod: com.github.benmanes.caffeine.cache.NodeFactory.newReferenceKey (0x000071df3fabfd08) [0x000071df3fabfe00, 0x000071df3fabff00] Compiler: c1, Barriers: 0, Oops: 1, ImmediateOops: 0, NonImmediateOops: No
[2,479s][debug][gc,nmethod     ] Register NMethod: java.lang.invoke.LambdaForm$DMH/0x00000000ae220000.newInvokeSpecial (0x000071df3fac0008) [0x000071df3fac0100, 0x000071df3fac0980] Compiler: c1, Barriers: 2, Oops: 1, ImmediateOops: 1, NonImmediateOops: No
[2,479s][debug][gc,nmethod     ] Register NMethod: java.lang.invoke.LambdaForm$MH/0x00000000ae253400.linkToTargetMethod (0x000071df3fac0a08) [0x000071df3fac0b00, 0x000071df3fac10b0] Compiler: c1, Barriers: 0, Oops: 1, ImmediateOops: 0, NonImmediateOops: No
[2,479s][debug][gc,nmethod     ] Register NMethod: com.github.benmanes.caffeine.cache.LocalCache.statsAware (0x000071df3fac1108) [0x000071df3fac1200, 0x000071df3fac1ad0] Compiler: c1, Barriers: 6, Oops: 4, ImmediateOops: 2, NonImmediateOops: No
[2,479s][debug][gc,nmethod     ] Register NMethod: java.lang.invoke.LambdaForm$DMH/0x00000000ae252c00.newInvokeSpecial (0x000071df3fac1b08) [0x000071df3fac1c00, 0x000071df3fac2538] Compiler: c1, Barriers: 2, Oops: 1, ImmediateOops: 1, NonImmediateOops: No
[2,480s][debug][gc,nmethod     ] Register NMethod: com.github.benmanes.caffeine.cache.BoundedLocalCache.compute (0x000071df3fac2588) [0x000071df3fac2680, 0x000071df3fac3cc0] Compiler: c1, Barriers: 1, Oops: 4, ImmediateOops: 4, NonImmediateOops: No
[2,480s][debug][gc,nmethod     ] Register NMethod: com.github.benmanes.caffeine.cache.BoundedLocalCache$$Lambda/0x00000000ae24f868.<init> (0x000071df3fac3d08) [0x000071df3fac3e00, 0x000071df3fac4510] Compiler: c1, Barriers: 36, Oops: 1, ImmediateOops: 0, NonImmediateOops: No
[2,480s][debug][gc,nmethod     ] Register NMethod: com.github.benmanes.caffeine.cache.SSMS.evicts (0x000071df5ecc1588) [0x000071df5ecc1680, 0x000071df5ecc1740] Compiler: c1, Barriers: 0, Oops: 1, ImmediateOops: 0, NonImmediateOops: No
[2,480s][debug][gc,nmethod     ] Register NMethod: com.github.benmanes.caffeine.cache.BoundedLocalCache$$Lambda/0x00000000ae24f868.apply (0x000071df3fac4588) [0x000071df3fac4680, 0x000071df3fac4d28] Compiler: c1, Barriers: 12, Oops: 1, ImmediateOops: 0, NonImmediateOops: No
[2,480s][debug][gc,nmethod     ] Register NMethod: com.google.common.collect.testing.AbstractIteratorTester$MultiExceptionListIterator.access$400 (0x000071df3fac4d88) [0x000071df3fac4e80, 0x000071df3fac54d0] Compiler: c1, Barriers: 8, Oops: 1, ImmediateOops: 1, NonImmediateOops: No
[2,480s][debug][gc,nmethod     ] Register NMethod: com.google.common.collect.testing.AbstractIteratorTester$MultiExceptionListIterator.getElements (0x000071df3fac5508) [0x000071df3fac5600, 0x000071df3fac5c10] Compiler: c1, Barriers: 8, Oops: 1, ImmediateOops: 1, NonImmediateOops: No
[2,480s][debug][gc,nmethod     ] Register NMethod: com.google.common.collect.testing.AbstractIteratorTester.verify (0x000071df3fac5c88) [0x000071df3fac5d80, 0x000071df3fac5e80] Compiler: c1, Barriers: 0, Oops: 1, ImmediateOops: 0, NonImmediateOops: No
[2,480s][debug][gc,nmethod     ] Register NMethod: com.github.benmanes.caffeine.cache.BoundedLocalCache.remap (0x000071df3fac5f88) [0x000071df3fac6080, 0x000071df3fac8e80] Compiler: c1, Barriers: 25, Oops: 4, ImmediateOops: 4, NonImmediateOops: No
[2,480s][debug][gc,nmethod     ] Register NMethod: com.github.benmanes.caffeine.cache.BoundedLocalCache.setVariableTime (0x000071df3fac8f08) [0x000071df3fac9000, 0x000071df3fac9328] Compiler: c1, Barriers: 0, Oops: 1, ImmediateOops: 0, NonImmediateOops: No
[2,480s][debug][gc,nmethod     ] Register NMethod: java.util.Vector$ListItr.<init> (0x000071df3fac9388) [0x000071df3fac9480, 0x000071df3fac99c0] Compiler: c1, Barriers: 6, Oops: 0, ImmediateOops: 0, NonImmediateOops: No
[2,480s][debug][gc,nmethod     ] Register NMethod: com.github.benmanes.caffeine.cache.BoundedLocalCache.setAccessTime (0x000071df3fac9a08) [0x000071df3fac9b00, 0x000071df3fac9e28] Compiler: c1, Barriers: 0, Oops: 1, ImmediateOops: 0, NonImmediateOops: No
[2,480s][debug][gc,nmethod     ] Register NMethod: io.sirix.node.MemorySegmentBytesIn.readBoolean (0x000071df3fac9e88) [0x000071df3fac9f80, 0x000071df3faca118] Compiler: c1, Barriers: 0, Oops: 1, ImmediateOops: 0, NonImmediateOops: No
[2,480s][debug][gc,nmethod     ] Register NMethod: com.github.benmanes.caffeine.cache.BoundedLocalCache.setWriteTime (0x000071df3faca188) [0x000071df3faca280, 0x000071df3faca7d0] Compiler: c1, Barriers: 0, Oops: 1, ImmediateOops: 0, NonImmediateOops: No
[2,480s][debug][gc,nmethod     ] Register NMethod: com.github.benmanes.caffeine.cache.LocalAsyncCache$CacheView.asyncCache (0x000071df5ecc1888) [0x000071df5ecc1980, 0x000071df5ecc1a68] Compiler: c1, Barriers: 1, Oops: 1, ImmediateOops: 0, NonImmediateOops: No
[2,480s][debug][gc,nmethod     ] Register NMethod: io.sirix.io.RevisionFileData.offset (0x000071df5ecc1b88) [0x000071df5ecc1c80, 0x000071df5ecc1d40] Compiler: c1, Barriers: 0, Oops: 1, ImmediateOops: 0, NonImmediateOops: No
[2,480s][debug][gc,nmethod     ] Register NMethod: io.sirix.page.DeserializedBitmapReferencesPageTuple.getReferences (0x000071df5ecc1e88) [0x000071df5ecc1f80, 0x000071df5ecc2068] Compiler: c1, Barriers: 1, Oops: 1, ImmediateOops: 0, NonImmediateOops: No
[2,480s][debug][gc,nmethod     ] Register NMethod: io.sirix.page.DeserializedBitmapReferencesPageTuple.getBitmap (0x000071df5ecc2188) [0x000071df5ecc2280, 0x000071df5ecc2368] Compiler: c1, Barriers: 1, Oops: 1, ImmediateOops: 0, NonImmediateOops: No
[2,480s][debug][gc,nmethod     ] Register NMethod: io.sirix.access.trx.node.AbstractResourceSession.getRevisionEpochTracker (0x000071df5ecc2488) [0x000071df5ecc2580, 0x000071df5ecc2668] Compiler: c1, Barriers: 1, Oops: 1, ImmediateOops: 0, NonImmediateOops: No
[2,480s][debug][gc,nmethod     ] Register NMethod: java.util.Vector.listIterator (0x000071df3faca808) [0x000071df3faca900, 0x000071df3facbb10] Compiler: c1, Barriers: 6, Oops: 1, ImmediateOops: 2, NonImmediateOops: No
[2,480s][debug][gc,nmethod     ] Register NMethod: java.util.Stack.peek (0x000071df3facbb88) [0x000071df3facbc80, 0x000071df3facc4b0] Compiler: c1, Barriers: 0, Oops: 0, ImmediateOops: 0, NonImmediateOops: No
[2,480s][debug][gc,nmethod     ] Register NMethod: com.github.benmanes.caffeine.cache.PSMW.setWeight (0x000071df5ecc2788) [0x000071df5ecc2880, 0x000071df5ecc2940] Compiler: c1, Barriers: 0, Oops: 1, ImmediateOops: 0, NonImmediateOops: No
[2,480s][debug][gc,nmethod     ] Register NMethod: com.github.benmanes.caffeine.cache.BoundedLocalCache.requireIsAlive (0x000071df3facc508) [0x000071df3facc600, 0x000071df3face0a8] Compiler: c1, Barriers: 1, Oops: 7, ImmediateOops: 10, NonImmediateOops: No
[2,480s][debug][gc,nmethod     ] Register NMethod: io.sirix.cache.BufferManagerImpl.getRevisionRootPageCache (0x000071df5ecc2a88) [0x000071df5ecc2b80, 0x000071df5ecc2c68] Compiler: c1, Barriers: 1, Oops: 1, ImmediateOops: 0, NonImmediateOops: No
[2,480s][debug][gc,nmethod     ] Register NMethod: com.github.benmanes.caffeine.cache.BoundedLocalCache.isRecordingStats (0x000071df5ecc2d88) [0x000071df5ecc2e80, 0x000071df5ecc2f40] Compiler: c1, Barriers: 0, Oops: 1, ImmediateOops: 0, NonImmediateOops: No
[2,480s][debug][gc,nmethod     ] Register NMethod: com.github.benmanes.caffeine.cache.SingletonWeigher.weigh (0x000071df5ecc3088) [0x000071df5ecc3180, 0x000071df5ecc3240] Compiler: c1, Barriers: 0, Oops: 1, ImmediateOops: 0, NonImmediateOops: No
[2,481s][debug][gc,nmethod     ] Register NMethod: com.github.benmanes.caffeine.cache.BoundedLocalCache.hasExpired (0x000071df3face108) [0x000071df3face200, 0x000071df3fad02a8] Compiler: c1, Barriers: 1, Oops: 7, ImmediateOops: 8, NonImmediateOops: No
[2,481s][debug][gc,nmethod     ] Register NMethod: com.github.benmanes.caffeine.cache.BoundedLocalCache.expireAfterUpdate (0x000071df3fad0308) [0x000071df3fad0400, 0x000071df3fad0730] Compiler: c1, Barriers: 0, Oops: 1, ImmediateOops: 0, NonImmediateOops: No
[2,481s][debug][gc,nmethod     ] Register NMethod: java.util.Vector.isEmpty (0x000071df3fad0788) [0x000071df3fad0880, 0x000071df3fad0b18] Compiler: c1, Barriers: 0, Oops: 0, ImmediateOops: 0, NonImmediateOops: No
[2,481s][debug][gc,nmethod     ] Register NMethod: java.util.Vector.elementAt (0x000071df3fad0b88) [0x000071df3fad0c80, 0x000071df3fad1ff8] Compiler: c1, Barriers: 2, Oops: 1, ImmediateOops: 2, NonImmediateOops: No
[2,481s][debug][gc,nmethod     ] Register NMethod: com.github.benmanes.caffeine.cache.BoundedLocalCache.refreshIfNeeded (0x000071df3fad2008) [0x000071df3fad2100, 0x000071df3fad2440] Compiler: c1, Barriers: 0, Oops: 1, ImmediateOops: 0, NonImmediateOops: No
[2,481s][debug][gc,nmethod     ] Register NMethod: java.lang.runtime.ObjectMethods.eq (0x000071df3fad2488) [0x000071df3fad2580, 0x000071df3fad26b0] Compiler: c1, Barriers: 0, Oops: 0, ImmediateOops: 0, NonImmediateOops: No
[2,481s][debug][gc,nmethod     ] Register NMethod: com.github.benmanes.caffeine.cache.PS.setValue (0x000071df3fad2788) [0x000071df3fad2880, 0x000071df3fad3c70] Compiler: c1, Barriers: 0, Oops: 7, ImmediateOops: 9, NonImmediateOops: No
[2,481s][debug][gc,nmethod     ] Register NMethod: java.lang.invoke.LambdaForm$MH/0x00000000ae269000.invoke (0x000071df3fad3d08) [0x000071df3fad3e00, 0x000071df3fad4b70] Compiler: c1, Barriers: 2, Oops: 1, ImmediateOops: 0, NonImmediateOops: No
[2,481s][debug][gc,nmethod     ] Register NMethod: java.lang.invoke.DirectMethodHandle$Holder.invokeStatic (0x000071df3fad4b88) [0x000071df3fad4c80, 0x000071df3fad5048] Compiler: c1, Barriers: 1, Oops: 0, ImmediateOops: 0, NonImmediateOops: No
[2,481s][debug][gc,nmethod     ] Register NMethod: com.github.benmanes.caffeine.cache.Node.getWeight (0x000071df5ecc3388) [0x000071df5ecc3480, 0x000071df5ecc3540] Compiler: c1, Barriers: 0, Oops: 1, ImmediateOops: 0, NonImmediateOops: No
[2,481s][debug][gc,nmethod     ] Register NMethod: com.github.benmanes.caffeine.cache.BoundedLocalCache.hasRemovalListener (0x000071df5ecc3688) [0x000071df5ecc3780, 0x000071df5ecc3840] Compiler: c1, Barriers: 0, Oops: 1, ImmediateOops: 0, NonImmediateOops: No
[2,481s][debug][gc,nmethod     ] Register NMethod: com.github.benmanes.caffeine.cache.BLCHeader$DrainStatusRef.shouldDrainBuffers (0x000071df3fad5088) [0x000071df3fad5180, 0x000071df3fad6448] Compiler: c1, Barriers: 0, Oops: 6, ImmediateOops: 6, NonImmediateOops: No
[2,481s][debug][gc,nmethod     ] Register NMethod: java.util.concurrent.atomic.AtomicLongFieldUpdater$CASUpdater.get (0x000071df3fad6488) [0x000071df3fad6580, 0x000071df3fad6988] Compiler: c1, Barriers: 1, Oops: 0, ImmediateOops: 0, NonImmediateOops: No
[2,481s][debug][gc,nmethod     ] Register NMethod: io.sirix.access.trx.page.NodePageReadOnlyTrx.getMostRecentPage (0x000071df3fad6a08) [0x000071df3fad6b00, 0x000071df3fad7418] Compiler: c1, Barriers: 11, Oops: 1, ImmediateOops: 1, NonImmediateOops: No
[2,481s][debug][gc,nmethod     ] Register NMethod: java.util.Vector$Itr.next (0x000071df3fad7488) [0x000071df3fad7580, 0x000071df3fad7f08] Compiler: c1, Barriers: 4, Oops: 0, ImmediateOops: 0, NonImmediateOops: No
[2,482s][debug][gc,nmethod     ] Register NMethod: io.sirix.access.trx.node.AbstractResourceSession.assertAccess (0x000071df3fad7f88) [0x000071df3fad8080, 0x000071df3fad97f0] Compiler: c1, Barriers: 4, Oops: 1, ImmediateOops: 3, NonImmediateOops: No
[2,482s][debug][gc,nmethod     ] Register NMethod: io.sirix.page.RevisionRootPage.getCurrentMaxLevelOfDocumentIndexIndirectPages (0x000071df5ecc3988) [0x000071df5ecc3a80, 0x000071df5ecc3b40] Compiler: c1, Barriers: 0, Oops: 1, ImmediateOops: 0, NonImmediateOops: No
[2,482s][debug][gc,nmethod     ] Register NMethod: junit.framework.Assert.assertEquals (0x000071df3fad9808) [0x000071df3fad9900, 0x000071df3fad9fb0] Compiler: c1, Barriers: 0, Oops: 1, ImmediateOops: 0, NonImmediateOops: No
[2,482s][debug][gc,nmethod     ] Register NMethod: java.lang.invoke.Invokers$Holder.linkToTargetMethod (0x000071df3fada008) [0x000071df3fada100, 0x000071df3fada5f8] Compiler: c1, Barriers: 0, Oops: 0, ImmediateOops: 0, NonImmediateOops: No
[2,482s][debug][gc,nmethod     ] Register NMethod: java.lang.invoke.LambdaForm$MH/0x00000000ae240000.invoke (0x000071df3fada608) [0x000071df3fada700, 0x000071df3fada9f0] Compiler: c1, Barriers: 0, Oops: 1, ImmediateOops: 0, NonImmediateOops: No
[2,482s][debug][gc,nmethod     ] Register NMethod: java.lang.invoke.LambdaForm$MH/0x00000000ae241c00.invoke (0x000071df3fadaa08) [0x000071df3fadab00, 0x000071df3fadb670] Compiler: c1, Barriers: 2, Oops: 1, ImmediateOops: 0, NonImmediateOops: No
[2,482s][debug][gc,nmethod     ] Register NMethod: it.unimi.dsi.fastutil.HashCommon.arraySize (0x000071df3fadb688) [0x000071df3fadb780, 0x000071df3fadcd20] Compiler: c1, Barriers: 0, Oops: 4, ImmediateOops: 4, NonImmediateOops: No
[2,482s][debug][gc,nmethod     ] Register NMethod: java.lang.invoke.DirectMethodHandle$Holder.invokeStatic (0x000071df3fadcd88) [0x000071df3fadce80, 0x000071df3fadd248] Compiler: c1, Barriers: 1, Oops: 0, ImmediateOops: 0, NonImmediateOops: No
[2,482s][debug][gc,nmethod     ] Register NMethod: com.github.benmanes.caffeine.cache.SSMS.accessOrderWindowDeque (0x000071df5ecc3c88) [0x000071df5ecc3d80, 0x000071df5ecc3e70] Compiler: c1, Barriers: 1, Oops: 1, ImmediateOops: 0, NonImmediateOops: No
[2,482s][debug][gc,nmethod     ] Register NMethod: com.github.benmanes.caffeine.cache.SSMS.hitsInSample (0x000071df5ecc3f88) [0x000071df5ecc4080, 0x000071df5ecc4140] Compiler: c1, Barriers: 0, Oops: 1, ImmediateOops: 0, NonImmediateOops: No
[2,482s][debug][gc,nmethod     ] Register NMethod: kotlin.coroutines.AbstractCoroutineContextElement.getKey (0x000071df5ecc4288) [0x000071df5ecc4380, 0x000071df5ecc4468] Compiler: c1, Barriers: 1, Oops: 1, ImmediateOops: 0, NonImmediateOops: No
[2,482s][debug][gc,nmethod     ] Register NMethod: com.github.benmanes.caffeine.cache.PSMS.getPreviousInAccessOrder (0x000071df5ecc4588) [0x000071df5ecc4680, 0x000071df5ecc4768] Compiler: c1, Barriers: 1, Oops: 1, ImmediateOops: 0, NonImmediateOops: No
[2,482s][debug][gc,nmethod     ] Register NMethod: com.github.benmanes.caffeine.cache.SSMS.setHitsInSample (0x000071df5ecc4888) [0x000071df5ecc4980, 0x000071df5ecc4a40] Compiler: c1, Barriers: 0, Oops: 1, ImmediateOops: 0, NonImmediateOops: No
[2,482s][debug][gc,nmethod     ] Register NMethod: com.github.benmanes.caffeine.cache.PSMS.getNextInAccessOrder (0x000071df5ecc4b88) [0x000071df5ecc4c80, 0x000071df5ecc4d68] Compiler: c1, Barriers: 1, Oops: 1, ImmediateOops: 0, NonImmediateOops: No
[2,482s][debug][gc,nmethod     ] Register NMethod: com.github.benmanes.caffeine.cache.PSMS.getQueueType (0x000071df5ecc4e88) [0x000071df5ecc4f80, 0x000071df5ecc5040] Compiler: c1, Barriers: 0, Oops: 1, ImmediateOops: 0, NonImmediateOops: No
[2,483s][debug][gc,nmethod     ] Register NMethod: io.sirix.cache.RevisionRootPageCacheKey.hashCode (0x000071df3fadd288) [0x000071df3fadd380, 0x000071df3faddfc0] Compiler: c1, Barriers: 0, Oops: 13, ImmediateOops: 2, NonImmediateOops: No
[2,483s][debug][gc,nmethod     ] Register NMethod: kotlin.jvm.internal.Intrinsics.checkNotNull (0x000071df3fade088) [0x000071df3fade180, 0x000071df3fade928] Compiler: c1, Barriers: 1, Oops: 2, ImmediateOops: 2, NonImmediateOops: No
[2,483s][debug][gc,nmethod     ] Register NMethod: kotlinx.coroutines.CoroutineDispatcher.get (0x000071df3fade988) [0x000071df3fadea80, 0x000071df3fadebb0] Compiler: c1, Barriers: 0, Oops: 1, ImmediateOops: 0, NonImmediateOops: No
[2,483s][debug][gc,nmethod     ] Register NMethod: kotlin.jvm.internal.Intrinsics.checkNotNull (0x000071df3fadec88) [0x000071df3faded80, 0x000071df3fadf520] Compiler: c1, Barriers: 1, Oops: 2, ImmediateOops: 2, NonImmediateOops: No
[2,483s][debug][gc,nmethod     ] Register NMethod: io.sirix.page.KeyValueLeafPage.releaseGuard (0x000071df3fadf588) [0x000071df3fadf680, 0x000071df3fadf9c8] Compiler: c1, Barriers: 1, Oops: 1, ImmediateOops: 0, NonImmediateOops: No
[2,483s][debug][gc,nmethod     ] Register NMethod: io.sirix.access.trx.node.AbstractNodeReadOnlyTrx.getNodeKey (0x000071df3fadfa08) [0x000071df3fadfb00, 0x000071df3fae0150] Compiler: c1, Barriers: 1, Oops: 1, ImmediateOops: 1, NonImmediateOops: No
[2,483s][debug][gc,nmethod     ] Register NMethod: com.github.benmanes.caffeine.cache.BoundedLocalCache.lambda$remap$16 (0x000071df3fae0188) [0x000071df3fae0280, 0x000071df3faee680] Compiler: c1, Barriers: 64, Oops: 12, ImmediateOops: 54, NonImmediateOops: No
[2,483s][debug][gc,nmethod     ] Register NMethod: kotlin.coroutines.ContinuationInterceptor$DefaultImpls.get (0x000071df3faee708) [0x000071df3faee800, 0x000071df3faf1f80] Compiler: c1, Barriers: 7, Oops: 5, ImmediateOops: 13, NonImmediateOops: No
[2,484s][debug][gc,nmethod     ] Register NMethod: io.sirix.node.xml.XmlDocumentRootNode.structDelegate (0x000071df5ecc5188) [0x000071df5ecc5280, 0x000071df5ecc5368] Compiler: c1, Barriers: 1, Oops: 1, ImmediateOops: 0, NonImmediateOops: No
[2,484s][debug][gc,nmethod     ] Register NMethod: java.util.concurrent.ForkJoinPool.compareAndSetCtl (0x000071df3faf2008) [0x000071df3faf2100, 0x000071df3faf2220] Compiler: c1, Barriers: 0, Oops: 0, ImmediateOops: 0, NonImmediateOops: No
[2,484s][debug][gc,nmethod     ] Register NMethod: java.util.ArrayDeque.<init> (0x000071df3faf2308) [0x000071df3faf2400, 0x000071df3faf26c0] Compiler: c1, Barriers: 3, Oops: 0, ImmediateOops: 0, NonImmediateOops: No
[2,484s][debug][gc,nmethod     ] Register NMethod: java.util.concurrent.ForkJoinPool.awaitWork (0x000071df3faf2708) [0x000071df3faf2800, 0x000071df3faf3510] Compiler: c1, Barriers: 2, Oops: 0, ImmediateOops: 1, NonImmediateOops: No
[2,484s][debug][gc,nmethod     ] Register NMethod: jdk.internal.misc.Unsafe.checkSize (0x000071df5ecc5488) [0x000071df5ecc5580, 0x000071df5ecc5638] Compiler: jvmci, Barriers: 0, Oops: 0, ImmediateOops: 0, NonImmediateOops: No
[2,485s][debug][gc,nmethod     ] Register NMethod: io.sirix.node.delegates.StructNodeDelegate.getFirstChildKey (0x000071df5ecc5788) [0x000071df5ecc5880, 0x000071df5ecc5940] Compiler: c1, Barriers: 0, Oops: 1, ImmediateOops: 0, NonImmediateOops: No
[2,485s][debug][gc,nmethod     ] Register NMethod: com.google.common.collect.testing.AbstractIteratorTester$2.execute (0x000071df3faf3588) [0x000071df3faf3680, 0x000071df3faf3988] Compiler: c1, Barriers: 0, Oops: 1, ImmediateOops: 0, NonImmediateOops: No
[2,485s][debug][gc,nmethod     ] Register NMethod: kotlin.jvm.internal.Intrinsics.areEqual (0x000071df3faf3a08) [0x000071df3faf3b00, 0x000071df3faf3e78] Compiler: c1, Barriers: 0, Oops: 1, ImmediateOops: 0, NonImmediateOops: No
[2,486s][debug][gc,nmethod     ] Register NMethod: io.sirix.node.xml.TextNode.getNodeKey (0x000071df5ecc5a88) [0x000071df5ecc5b80, 0x000071df5ecc5c40] Compiler: c1, Barriers: 0, Oops: 1, ImmediateOops: 0, NonImmediateOops: No
[2,486s][debug][gc,nmethod     ] Register NMethod: java.util.concurrent.atomic.AtomicIntegerFieldUpdater$AtomicIntegerFieldUpdaterImpl.accessCheck (0x000071df3faf3e88) [0x000071df3faf3f80, 0x000071df3faf4310] Compiler: c1, Barriers: 1, Oops: 0, ImmediateOops: 0, NonImmediateOops: No
[2,486s][debug][gc,nmethod     ] Register NMethod: sun.nio.ch.Util.getTemporaryDirectBuffer (0x000071df3faf4388) [0x000071df3faf4480, 0x000071df3faf5bc0] Compiler: c1, Barriers: 0, Oops: 2, ImmediateOops: 9, NonImmediateOops: No
[2,486s][debug][gc,nmethod     ] Register NMethod: sun.nio.ch.Util.offerFirstTemporaryDirectBuffer (0x000071df3faf5c08) [0x000071df3faf5d00, 0x000071df3faf7f98] Compiler: c1, Barriers: 0, Oops: 2, ImmediateOops: 8, NonImmediateOops: No
[2,486s][debug][gc,nmethod     ] Register NMethod: jdk.internal.foreign.MemorySessionImpl.asArena (0x000071df3faf8008) [0x000071df3faf8100, 0x000071df3faf8590] Compiler: c1, Barriers: 3, Oops: 0, ImmediateOops: 0, NonImmediateOops: No
[2,486s][debug][gc,nmethod     ] Register NMethod: java.util.concurrent.ForkJoinTask.<init> (0x000071df3faf8608) [0x000071df3faf8700, 0x000071df3faf8858] Compiler: c1, Barriers: 0, Oops: 0, ImmediateOops: 0, NonImmediateOops: No
[2,486s][debug][gc,nmethod     ] Register NMethod: kotlin.coroutines.CoroutineContext$Element$DefaultImpls.get (0x000071df3faf8908) [0x000071df3faf8a00, 0x000071df3faf9ea8] Compiler: c1, Barriers: 2, Oops: 4, ImmediateOops: 6, NonImmediateOops: No
[2,486s][debug][gc,nmethod     ] Register NMethod: jdk.internal.misc.Unsafe.getLongUnaligned (0x000071df5ecc5d88) [0x000071df5ecc5e80, 0x000071df5ecc5f40] Compiler: jvmci, Barriers: 0, Oops: 0, ImmediateOops: 0, NonImmediateOops: No
[2,487s][debug][gc,nmethod     ] Register NMethod: java.lang.invoke.MethodHandle.invokeBasic (0x000071df5ecc6088) [0x000071df5ecc6180, 0x000071df5ecc6418] Compiler: , Barriers: 0, Oops: 0, ImmediateOops: 0, NonImmediateOops: No
[2,487s][debug][gc,nmethod     ] Register NMethod: java.lang.invoke.VarHandleGuards.guard_L_J (0x000071df3faf9f08) [0x000071df3fafa000, 0x000071df3fafcea0] Compiler: c1, Barriers: 28, Oops: 0, ImmediateOops: 2, NonImmediateOops: No
[2,487s][debug][gc,nmethod     ] Register NMethod: io.sirix.page.UberPage.getPageCountExp (0x000071df3fafcf08) [0x000071df3fafd000, 0x000071df3fafd548] Compiler: c1, Barriers: 0, Oops: 1, ImmediateOops: 4, NonImmediateOops: No
[2,487s][debug][gc,nmethod     ] Register NMethod: jdk.internal.misc.Unsafe.checkNativeAddress (0x000071df5ecc6488) [0x000071df5ecc6580, 0x000071df5ecc6600] Compiler: jvmci, Barriers: 0, Oops: 0, ImmediateOops: 0, NonImmediateOops: No
[2,487s][debug][gc,director    ] Rule Major: Warmup 10%, Used: 282MB, UsedThreshold: 1228MB
[2,487s][debug][gc,nmethod     ] Register NMethod: jdk.internal.foreign.MemorySessionImpl$ResourceList.<init> (0x000071df3fafd588) [0x000071df3fafd680, 0x000071df3fafd7d8] Compiler: c1, Barriers: 0, Oops: 0, ImmediateOops: 0, NonImmediateOops: No
[2,487s][debug][gc,nmethod     ] Register NMethod: java.util.concurrent.atomic.AtomicIntegerFieldUpdater$AtomicIntegerFieldUpdaterImpl.get (0x000071df3fafd888) [0x000071df3fafd980, 0x000071df3fafdd88] Compiler: c1, Barriers: 1, Oops: 0, ImmediateOops: 0, NonImmediateOops: No
[2,488s][debug][gc,nmethod     ] Register NMethod: java.util.HashSet.add (0x000071df5ecc6788) [0x000071df5ecc68a0, 0x000071df5ecc7a80] Compiler: jvmci, Barriers: 36, Oops: 1, ImmediateOops: 1, NonImmediateOops: No
[2,488s][debug][gc,nmethod     ] Register NMethod: kotlin.coroutines.CombinedContext.get (0x000071df3fafde08) [0x000071df3fafdf00, 0x000071df3faff148] Compiler: c1, Barriers: 3, Oops: 3, ImmediateOops: 3, NonImmediateOops: No
[2,488s][debug][gc,nmethod     ] Register NMethod: java.util.concurrent.ForkJoinTask.doExec (0x000071df3faff188) [0x000071df3faff280, 0x000071df3faffd40] Compiler: c1, Barriers: 0, Oops: 0, ImmediateOops: 0, NonImmediateOops: No
[2,488s][debug][gc,nmethod     ] Register NMethod: java.util.concurrent.ForkJoinPool.compareAndExchangeCtl (0x000071df3faffd88) [0x000071df3faffe80, 0x000071df3fb00190] Compiler: c1, Barriers: 0, Oops: 0, ImmediateOops: 1, NonImmediateOops: No
[2,488s][debug][gc,nmethod     ] Register NMethod: io.sirix.access.trx.page.NodePageReadOnlyTrx.getCurrentMaxIndirectPageTreeLevel (0x000071df3fb00208) [0x000071df3fb00300, 0x000071df3fb07ac8] Compiler: c1, Barriers: 20, Oops: 1, ImmediateOops: 6, NonImmediateOops: No
[2,488s][debug][gc,nmethod     ] Register NMethod: io.sirix.access.trx.page.NodePageReadOnlyTrx.getPageReference (0x000071df3fb07b08) [0x000071df3fb07c00, 0x000071df3fb10ca8] Compiler: c1, Barriers: 28, Oops: 1, ImmediateOops: 7, NonImmediateOops: No
[2,489s][debug][gc,nmethod     ] Register NMethod: java.util.concurrent.ForkJoinPool.signalWork (0x000071df3fb10d08) [0x000071df3fb10e00, 0x000071df3fb116b8] Compiler: c1, Barriers: 3, Oops: 0, ImmediateOops: 1, NonImmediateOops: No
[2,489s][debug][gc,nmethod     ] Register NMethod: kotlin.coroutines.jvm.internal.ContinuationImpl.getContext (0x000071df3fb11708) [0x000071df3fb11800, 0x000071df3fb12068] Compiler: c1, Barriers: 2, Oops: 2, ImmediateOops: 2, NonImmediateOops: No
[2,489s][debug][gc,nmethod     ] Register NMethod: java.util.concurrent.ForkJoinPool$WorkQueue.push (0x000071df3fb12088) [0x000071df3fb12180, 0x000071df3fb12e70] Compiler: c1, Barriers: 9, Oops: 0, ImmediateOops: 1, NonImmediateOops: No
[2,489s][debug][gc,nmethod     ] Register NMethod: kotlinx.coroutines.DebugKt.getASSERTIONS_ENABLED (0x000071df3fb12e88) [0x000071df3fb12f80, 0x000071df3fb13068] Compiler: c1, Barriers: 0, Oops: 1, ImmediateOops: 0, NonImmediateOops: No
[2,489s][debug][gc,nmethod     ] Register NMethod: java.util.concurrent.ForkJoinPool$WorkQueue.nextLocalTask (0x000071df3fb13188) [0x000071df3fb13280, 0x000071df3fb142d8] Compiler: c1, Barriers: 9, Oops: 1, ImmediateOops: 1, NonImmediateOops: No
[2,489s][debug][gc,nmethod     ] Register NMethod: kotlin.coroutines.AbstractCoroutineContextElement.get (0x000071df3fb14308) [0x000071df3fb14400, 0x000071df3fb152a8] Compiler: c1, Barriers: 1, Oops: 4, ImmediateOops: 3, NonImmediateOops: No
[2,489s][debug][gc,nmethod     ] Register NMethod: java.lang.foreign.Arena.ofAuto (0x000071df3fb15308) [0x000071df3fb15400, 0x000071df3fb15f08] Compiler: c1, Barriers: 6, Oops: 1, ImmediateOops: 1, NonImmediateOops: No
[2,489s][debug][gc,nmethod     ] Register NMethod: java.lang.invoke.VarHandleReferences$FieldInstanceReadOnly.getVolatile (0x000071df3fb15f88) [0x000071df3fb16080, 0x000071df3fb16aa8] Compiler: c1, Barriers: 2, Oops: 1, ImmediateOops: 0, NonImmediateOops: No
[2,489s][debug][gc,nmethod     ] Register NMethod: kotlin.coroutines.CombinedContext.fold (0x000071df3fb16b08) [0x000071df3fb16c00, 0x000071df3fb17940] Compiler: c1, Barriers: 3, Oops: 3, ImmediateOops: 3, NonImmediateOops: No
[2,489s][debug][gc,nmethod     ] Register NMethod: java.nio.MappedByteBuffer.limit (0x000071df3fb17988) [0x000071df3fb17a80, 0x000071df3fb17e40] Compiler: c1, Barriers: 0, Oops: 0, ImmediateOops: 0, NonImmediateOops: No
[2,490s][debug][gc,nmethod     ] Register NMethod: io.sirix.node.GrowingMemorySegment.<init> (0x000071df3fb17e88) [0x000071df3fb17f80, 0x000071df3fb18b50] Compiler: c1, Barriers: 6, Oops: 2, ImmediateOops: 1, NonImmediateOops: No
[2,490s][debug][gc,nmethod     ] Register NMethod: kotlin.coroutines.CoroutineContext$Element$DefaultImpls.fold (0x000071df3fb18b88) [0x000071df3fb18c80, 0x000071df3fb19708] Compiler: c1, Barriers: 1, Oops: 3, ImmediateOops: 3, NonImmediateOops: No
[2,490s][debug][gc,nmethod     ] Register NMethod: kotlinx.coroutines.channels.BufferedChannel.getBufferEndCounter (0x000071df3fb19788) [0x000071df3fb19880, 0x000071df3fb19ce8] Compiler: c1, Barriers: 0, Oops: 2, ImmediateOops: 3, NonImmediateOops: No
[2,490s][debug][gc,nmethod     ] Register NMethod: java.util.concurrent.ForkJoinPool$WorkQueue.topLevelExec (0x000071df3fb19d08) [0x000071df3fb19e00, 0x000071df3fb1abc0] Compiler: c1, Barriers: 0, Oops: 0, ImmediateOops: 0, NonImmediateOops: No
[2,490s][debug][gc,nmethod     ] Register NMethod: jdk.internal.foreign.SharedSession$SharedResourceList.add (0x000071df3fb1ac08) [0x000071df3fb1ad00, 0x000071df3fb1d7d0] Compiler: c1, Barriers: 9, Oops: 7, ImmediateOops: 21, NonImmediateOops: No
[2,490s][debug][gc,nmethod     ] Register NMethod: kotlin.coroutines.CombinedContext.<init> (0x000071df3fb1d888) [0x000071df3fb1d980, 0x000071df3fb1ea90] Compiler: c1, Barriers: 8, Oops: 4, ImmediateOops: 6, NonImmediateOops: No
[2,490s][debug][gc,nmethod     ] Register NMethod: com.github.benmanes.caffeine.cache.BoundedLocalCache.notifyRemoval (0x000071df3fb1eb08) [0x000071df3fb1ec00, 0x000071df3fb1fb38] Compiler: c1, Barriers: 14, Oops: 4, ImmediateOops: 4, NonImmediateOops: No
[2,490s][debug][gc,nmethod     ] Register NMethod: com.github.benmanes.caffeine.cache.LocalCache.notifyOnReplace (0x000071df3fb1fb88) [0x000071df3fb1fc80, 0x000071df3fb20d48] Compiler: c1, Barriers: 0, Oops: 1, ImmediateOops: 1, NonImmediateOops: No
[2,490s][debug][gc,nmethod     ] Register NMethod: kotlin.coroutines.CombinedContext.minusKey (0x000071df3fb20d88) [0x000071df3fb20e80, 0x000071df3fb23068] Compiler: c1, Barriers: 15, Oops: 5, ImmediateOops: 10, NonImmediateOops: No
[2,490s][debug][gc,nmethod     ] Register NMethod: jdk.internal.util.DecimalDigits.uncheckedPutPairLatin1 (0x000071df3fb23108) [0x000071df3fb23200, 0x000071df3fb23388] Compiler: c1, Barriers: 0, Oops: 0, ImmediateOops: 1, NonImmediateOops: No
[2,490s][debug][gc,nmethod     ] Register NMethod: java.lang.String.lastIndexOf (0x000071df3fb23408) [0x000071df3fb23500, 0x000071df3fb23d20] Compiler: c1, Barriers: 1, Oops: 0, ImmediateOops: 0, NonImmediateOops: No
[2,490s][debug][gc,nmethod     ] Register NMethod: java.lang.String.lastIndexOf (0x000071df3fb23d88) [0x000071df3fb23e80, 0x000071df3fb248e0] Compiler: c1, Barriers: 1, Oops: 0, ImmediateOops: 0, NonImmediateOops: No
[2,490s][debug][gc,nmethod     ] Register NMethod: kotlin.jvm.internal.Intrinsics.checkNotNullExpressionValue (0x000071df3fb24908) [0x000071df3fb24a00, 0x000071df3fb25c68] Compiler: c1, Barriers: 1, Oops: 3, ImmediateOops: 4, NonImmediateOops: No
[2,491s][debug][gc,nmethod     ] Register NMethod: java.util.concurrent.ForkJoinWorkerThread$InnocuousForkJoinWorkerThread.onThreadLocalReset (0x000071df3fb25c88) [0x000071df3fb25d80, 0x000071df3fb25f88] Compiler: c1, Barriers: 3, Oops: 0, ImmediateOops: 0, NonImmediateOops: No
[2,491s][debug][gc,nmethod     ] Register NMethod: com.github.benmanes.caffeine.cache.BoundedLocalCache.afterRead (0x000071df3fb26008) [0x000071df3fb26100, 0x000071df3fb27858] Compiler: c1, Barriers: 2, Oops: 1, ImmediateOops: 0, NonImmediateOops: No
[2,491s][debug][gc,nmethod     ] Register NMethod: io.sirix.access.trx.page.NodePageReadOnlyTrx.getReferenceToLeafOfSubtree (0x000071df3fb27888) [0x000071df3fb27980, 0x000071df3fb28c60] Compiler: c1, Barriers: 1, Oops: 1, ImmediateOops: 2, NonImmediateOops: No
[2,491s][debug][gc,nmethod     ] Register NMethod: io.sirix.node.MemorySegmentBytesIn.readByte (0x000071df5ecc7b08) [0x000071df5ecc7c00, 0x000071df5ecc7e40] Compiler: jvmci, Barriers: 4, Oops: 1, ImmediateOops: 0, NonImmediateOops: No
[2,493s][debug][gc,nmethod     ] Register NMethod: java.lang.invoke.VarHandleSegmentAsLongs.get (0x000071df5ecc7e88) [0x000071df5ecc7f80, 0x000071df5ecc8570] Compiler: jvmci, Barriers: 4, Oops: 0, ImmediateOops: 0, NonImmediateOops: No
[2,495s][debug][gc,nmethod     ] Register NMethod: java.lang.invoke.VarHandleGuards.guard_LJ_J (0x000071df5ecc8588) [0x000071df5ecc8680, 0x000071df5ecc8f10] Compiler: jvmci, Barriers: 26, Oops: 0, ImmediateOops: 5, NonImmediateOops: No
[2,497s][debug][gc,director    ] Rule Major: Warmup 10%, Used: 282MB, UsedThreshold: 1228MB
[2,500s][debug][gc,nmethod     ] Register NMethod: java.util.concurrent.ForkJoinPool.deactivate (0x000071df5ecc8f88) [0x000071df5ecc9080, 0x000071df5ecc9b48] Compiler: jvmci, Barriers: 21, Oops: 0, ImmediateOops: 1, NonImmediateOops: No
[2,502s][debug][gc,nmethod     ] Register NMethod: java.nio.ByteBuffer.rewind (0x000071df3fb28c88) [0x000071df3fb28d80, 0x000071df3fb28ee8] Compiler: c1, Barriers: 0, Oops: 0, ImmediateOops: 0, NonImmediateOops: No
[2,502s][debug][gc,nmethod     ] Register NMethod: java.nio.MappedByteBuffer.rewind (0x000071df3fb28f88) [0x000071df3fb29080, 0x000071df3fb29250] Compiler: c1, Barriers: 0, Oops: 0, ImmediateOops: 0, NonImmediateOops: No
[2,502s][debug][gc,nmethod     ] Register NMethod: java.nio.MappedByteBuffer.rewind (0x000071df3fb29288) [0x000071df3fb29380, 0x000071df3fb29768] Compiler: c1, Barriers: 0, Oops: 0, ImmediateOops: 0, NonImmediateOops: No
[2,502s][debug][gc,nmethod     ] Register NMethod: java.nio.Buffer.rewind (0x000071df3fb29788) [0x000071df3fb29880, 0x000071df3fb29990] Compiler: c1, Barriers: 0, Oops: 0, ImmediateOops: 0, NonImmediateOops: No
[2,503s][debug][gc,nmethod     ] Register NMethod: jdk.internal.misc.Unsafe.weakCompareAndSetInt (0x000071df5ecc9b88) [0x000071df5ecc9c80, 0x000071df5ecc9d10] Compiler: jvmci, Barriers: 0, Oops: 0, ImmediateOops: 0, NonImmediateOops: No
[2,503s][debug][gc,nmethod     ] Register NMethod: java.util.concurrent.atomic.AtomicReferenceArray.length (0x000071df3fb29a88) [0x000071df3fb29b80, 0x000071df3fb29cb8] Compiler: c1, Barriers: 1, Oops: 0, ImmediateOops: 0, NonImmediateOops: No
[2,503s][debug][gc,nmethod     ] Register NMethod: io.sirix.axis.AbstractAxis.resetToLastKey (0x000071df3fb29d88) [0x000071df3fb29e80, 0x000071df3fb2a438] Compiler: c1, Barriers: 2, Oops: 1, ImmediateOops: 0, NonImmediateOops: No
[2,503s][debug][gc,nmethod     ] Register NMethod: io.sirix.axis.AbstractAxis.tryToComputeNext (0x000071df3fb2a488) [0x000071df3fb2a580, 0x000071df3fb2acb0] Compiler: c1, Barriers: 10, Oops: 1, ImmediateOops: 5, NonImmediateOops: No
[2,503s][debug][gc,nmethod     ] Register NMethod: java.util.concurrent.atomic.AtomicReferenceFieldUpdater$AtomicReferenceFieldUpdaterImpl.valueCheck (0x000071df3fb2ad08) [0x000071df3fb2ae00, 0x000071df3fb2b290] Compiler: c1, Barriers: 1, Oops: 0, ImmediateOops: 0, NonImmediateOops: No
[2,503s][debug][gc,nmethod     ] Register NMethod: java.util.Arrays$ArrayItr.<init> (0x000071df3fb2b308) [0x000071df3fb2b400, 0x000071df3fb2b5d0] Compiler: c1, Barriers: 3, Oops: 0, ImmediateOops: 0, NonImmediateOops: No
[2,504s][debug][gc,nmethod     ] Register NMethod: kotlinx.coroutines.internal.ResizableAtomicArray.get (0x000071df3fb2b608) [0x000071df3fb2b700, 0x000071df3fb2cdc8] Compiler: c1, Barriers: 3, Oops: 8, ImmediateOops: 9, NonImmediateOops: No
[2,504s][debug][gc,nmethod     ] Register NMethod: java.util.Arrays$ArrayList.iterator (0x000071df3fb2ce88) [0x000071df3fb2cf80, 0x000071df3fb2d238] Compiler: c1, Barriers: 4, Oops: 0, ImmediateOops: 0, NonImmediateOops: No
[2,504s][debug][gc,nmethod     ] Register NMethod: sun.nio.ch.Util$BufferCache.next (0x000071df3fb2d288) [0x000071df3fb2d380, 0x000071df3fb2d4a8] Compiler: c1, Barriers: 0, Oops: 0, ImmediateOops: 0, NonImmediateOops: No
[2,505s][debug][gc,nmethod     ] Register NMethod: io.sirix.node.xml.ElementNode.getFirstChildKey (0x000071df3fb2d588) [0x000071df3fb2d680, 0x000071df3fb32670] Compiler: c1, Barriers: 19, Oops: 7, ImmediateOops: 11, NonImmediateOops: No
[2,505s][debug][gc,nmethod     ] Register NMethod: java.nio.Buffer.checkSession (0x000071df3fb32708) [0x000071df3fb32800, 0x000071df3fb33bc0] Compiler: c1, Barriers: 5, Oops: 0, ImmediateOops: 2, NonImmediateOops: No
[2,505s][debug][gc,nmethod     ] Register NMethod: java.nio.HeapByteBuffer.put (0x000071df3fb33c08) [0x000071df3fb33d00, 0x000071df3fb35338] Compiler: c1, Barriers: 5, Oops: 0, ImmediateOops: 2, NonImmediateOops: No
[2,505s][debug][gc,nmethod     ] Register NMethod: com.google.common.collect.testing.AbstractIteratorTester.access$600 (0x000071df3fb35388) [0x000071df3fb35480, 0x000071df3fb355a0] Compiler: c1, Barriers: 0, Oops: 1, ImmediateOops: 0, NonImmediateOops: No
[2,505s][debug][gc,nmethod     ] Register NMethod: java.lang.Long.equals (0x000071df3fb35688) [0x000071df3fb35780, 0x000071df3fb35f10] Compiler: c1, Barriers: 0, Oops: 0, ImmediateOops: 0, NonImmediateOops: No
[2,505s][debug][gc,nmethod     ] Register NMethod: java.nio.ByteBuffer.put (0x000071df3fb35f88) [0x000071df3fb36080, 0x000071df3fb37478] Compiler: c1, Barriers: 0, Oops: 0, ImmediateOops: 1, NonImmediateOops: No
[2,505s][debug][gc,nmethod     ] Register NMethod: java.util.concurrent.ForkJoinPool$WorkQueue.tryLockPhase (0x000071df3fb37488) [0x000071df3fb37580, 0x000071df3fb37728] Compiler: c1, Barriers: 0, Oops: 0, ImmediateOops: 0, NonImmediateOops: No
[2,505s][debug][gc,nmethod     ] Register NMethod: java.util.concurrent.atomic.AtomicInteger.incrementAndGet (0x000071df5ecc9e88) [0x000071df5ecc9f80, 0x000071df5ecca010] Compiler: jvmci, Barriers: 0, Oops: 0, ImmediateOops: 0, NonImmediateOops: No
[2,505s][debug][gc,nmethod     ] Register NMethod: com.google.common.collect.testing.Helpers$1$1.hasNext (0x000071df5ecca188) [0x000071df5ecca280, 0x000071df5ecca3e0] Compiler: jvmci, Barriers: 1, Oops: 1, ImmediateOops: 0, NonImmediateOops: No
[2,505s][debug][gc,nmethod     ] Register NMethod: java.util.concurrent.ForkJoinPool.execute (0x000071df3fb37788) [0x000071df3fb37880, 0x000071df3fb383b8] Compiler: c1, Barriers: 3, Oops: 0, ImmediateOops: 0, NonImmediateOops: No
[2,505s][debug][gc,nmethod     ] Register NMethod: java.util.concurrent.ForkJoinPool.poolSubmit (0x000071df3fb38408) [0x000071df3fb38500, 0x000071df3fb38f90] Compiler: c1, Barriers: 4, Oops: 1, ImmediateOops: 2, NonImmediateOops: No
[2,505s][debug][gc,nmethod     ] Register NMethod: java.nio.ByteBuffer.putBuffer (0x000071df3fb39008) [0x000071df3fb39100, 0x000071df3fb3b9f8] Compiler: c1, Barriers: 9, Oops: 1, ImmediateOops: 6, NonImmediateOops: No
[2,505s][debug][gc,nmethod     ] Register NMethod: kotlin.jvm.internal.Ref$LongRef.<init> (0x000071df3fb3ba08) [0x000071df3fb3bb00, 0x000071df3fb3bc58] Compiler: c1, Barriers: 0, Oops: 1, ImmediateOops: 0, NonImmediateOops: No
[2,506s][debug][gc,nmethod     ] Register NMethod: com.google.common.collect.testing.AbstractIteratorTester.internalExecuteAndCompare (0x000071df3fb3bd08) [0x000071df3fb3be00, 0x000071df3fb3f4c8] Compiler: c1, Barriers: 2, Oops: 3, ImmediateOops: 9, NonImmediateOops: No
[2,506s][debug][gc,nmethod     ] Register NMethod: io.sirix.axis.CoroutineDescendantAxis.nextKey (0x000071df3fb3f508) [0x000071df3fb3f600, 0x000071df3fb42518] Compiler: c1, Barriers: 21, Oops: 2, ImmediateOops: 5, NonImmediateOops: No
[2,506s][debug][gc,nmethod     ] Register NMethod: java.util.concurrent.atomic.AtomicLong.incrementAndGet (0x000071df5ecca488) [0x000071df5ecca580, 0x000071df5ecca610] Compiler: jvmci, Barriers: 0, Oops: 0, ImmediateOops: 0, NonImmediateOops: No
[2,506s][debug][gc,nmethod     ] Register NMethod: kotlinx.coroutines.scheduling.CoroutineScheduler.access$getControlState$FU$p (0x000071df3fb42588) [0x000071df3fb42680, 0x000071df3fb42768] Compiler: c1, Barriers: 0, Oops: 1, ImmediateOops: 1, NonImmediateOops: No
[2,507s][debug][gc,nmethod     ] Register NMethod: io.sirix.node.MemorySegmentBytesOut.<init> (0x000071df3fb42888) [0x000071df3fb42980, 0x000071df3fb436f8] Compiler: c1, Barriers: 9, Oops: 2, ImmediateOops: 1, NonImmediateOops: No
[2,507s][debug][gc,nmethod     ] Register NMethod: kotlin.coroutines.AbstractCoroutineContextElement.fold (0x000071df3fb43788) [0x000071df3fb43880, 0x000071df3fb44390] Compiler: c1, Barriers: 1, Oops: 3, ImmediateOops: 3, NonImmediateOops: No
[2,507s][debug][gc,nmethod     ] Register NMethod: io.sirix.access.trx.node.AbstractNodeReadOnlyTrx.hasFirstChild (0x000071df3fb44408) [0x000071df3fb44500, 0x000071df3fb44d08] Compiler: c1, Barriers: 0, Oops: 1, ImmediateOops: 1, NonImmediateOops: No
[2,507s][debug][gc,nmethod     ] Register NMethod: java.lang.Thread.setNativeName (0x000071df5ecca788) [0x000071df5ecca880, 0x000071df5ecca9d8] Compiler: , Barriers: 0, Oops: 0, ImmediateOops: 0, NonImmediateOops: No
[2,507s][debug][gc,nmethod     ] Register NMethod: io.sirix.page.KeyValueLeafPage.getVersion (0x000071df3fb44d88) [0x000071df3fb44e80, 0x000071df3fb45190] Compiler: c1, Barriers: 1, Oops: 1, ImmediateOops: 0, NonImmediateOops: No
[2,507s][debug][gc,nmethod     ] Register NMethod: io.sirix.access.trx.node.AbstractNodeReadOnlyTrx.hasRightSibling (0x000071df3fb45208) [0x000071df3fb45300, 0x000071df3fb45b08] Compiler: c1, Barriers: 0, Oops: 1, ImmediateOops: 1, NonImmediateOops: No
[2,507s][debug][gc,nmethod     ] Register NMethod: io.sirix.cache.PageGuard.fromAcquired (0x000071df3fb45b88) [0x000071df3fb45c80, 0x000071df3fb46330] Compiler: c1, Barriers: 4, Oops: 1, ImmediateOops: 0, NonImmediateOops: No
[2,507s][debug][gc,nmethod     ] Rebuilding NMethod Table: 4096->8192 entries, 2868(70%->35%) registered, 0(0%->0%) unregistered
[2,507s][debug][gc,nmethod     ] Register NMethod: io.sirix.cache.PageGuard.<init> (0x000071df3fb46388) [0x000071df3fb46480, 0x000071df3fb46ca8] Compiler: c1, Barriers: 4, Oops: 1, ImmediateOops: 0, NonImmediateOops: No
[2,507s][debug][gc,nmethod     ] Register NMethod: io.sirix.access.trx.page.NodePageReadOnlyTrx.closeCurrentPageGuard (0x000071df3fb46d08) [0x000071df3fb46e00, 0x000071df3fb47678] Compiler: c1, Barriers: 4, Oops: 3, ImmediateOops: 2, NonImmediateOops: No
[2,507s][debug][gc,nmethod     ] Register NMethod: jdk.internal.misc.Unsafe.checkOffset (0x000071df5eccaa88) [0x000071df5eccab80, 0x000071df5eccac38] Compiler: jvmci, Barriers: 0, Oops: 0, ImmediateOops: 0, NonImmediateOops: No
[2,507s][debug][gc,nmethod     ] Register NMethod: io.sirix.access.trx.page.NodePageReadOnlyTrx.getLeafPageReference (0x000071df3fb47708) [0x000071df3fb47800, 0x000071df3fb47d88] Compiler: c1, Barriers: 2, Oops: 1, ImmediateOops: 0, NonImmediateOops: No
[2,507s][debug][gc,nmethod     ] Register NMethod: io.sirix.access.trx.page.NodePageReadOnlyTrx.setMostRecentPage (0x000071df3fb47e08) [0x000071df3fb47f00, 0x000071df3fb49338] Compiler: c1, Barriers: 35, Oops: 1, ImmediateOops: 1, NonImmediateOops: No
[2,507s][debug][gc,nmethod     ] Register NMethod: io.sirix.node.MemorySegmentBytesIn.readLong (0x000071df5eccad88) [0x000071df5eccae80, 0x000071df5eccb0e8] Compiler: jvmci, Barriers: 4, Oops: 1, ImmediateOops: 0, NonImmediateOops: No
[2,508s][debug][gc,nmethod     ] Register NMethod: java.util.BitSet.valueOf (0x000071df3fb49388) [0x000071df3fb49480, 0x000071df3fb49628] Compiler: c1, Barriers: 0, Oops: 0, ImmediateOops: 0, NonImmediateOops: No
[2,508s][debug][gc,director    ] Rule Major: Warmup 10%, Used: 286MB, UsedThreshold: 1228MB
[2,508s][debug][gc,nmethod     ] Register NMethod: io.sirix.io.filechannel.FileChannelReader.read (0x000071df3fb49688) [0x000071df3fb49780, 0x000071df3fb4b148] Compiler: c1, Barriers: 3, Oops: 1, ImmediateOops: 4, NonImmediateOops: No
[2,508s][debug][gc,nmethod     ] Register NMethod: io.sirix.page.SerializationType.deserializeBitSet (0x000071df3fb4b188) [0x000071df3fb4b280, 0x000071df3fb4b688] Compiler: c1, Barriers: 0, Oops: 1, ImmediateOops: 0, NonImmediateOops: No
[2,508s][debug][gc,nmethod     ] Register NMethod: java.nio.HeapByteBuffer.<init> (0x000071df3fb4b708) [0x000071df3fb4b800, 0x000071df3fb4b988] Compiler: c1, Barriers: 0, Oops: 0, ImmediateOops: 0, NonImmediateOops: No
[2,508s][debug][gc,nmethod     ] Register NMethod: io.sirix.access.trx.page.NodePageReadOnlyTrx.getInMemoryPageInstance (0x000071df3fb4ba08) [0x000071df3fb4bb00, 0x000071df3fb4df68] Compiler: c1, Barriers: 18, Oops: 2, ImmediateOops: 3, NonImmediateOops: No
[2,508s][debug][gc,nmethod     ] Register NMethod: java.nio.HeapByteBuffer.slice (0x000071df3fb4df88) [0x000071df3fb4e080, 0x000071df3fb4e6a8] Compiler: c1, Barriers: 2, Oops: 0, ImmediateOops: 0, NonImmediateOops: No
[2,508s][debug][gc,nmethod     ] Register NMethod: java.util.ArrayList$Itr.<init> (0x000071df3fb4e708) [0x000071df3fb4e800, 0x000071df3fb4eb30] Compiler: c1, Barriers: 3, Oops: 0, ImmediateOops: 0, NonImmediateOops: No
[2,508s][debug][gc,nmethod     ] Register NMethod: java.util.BitSet.valueOf (0x000071df3fb4eb88) [0x000071df3fb4ec80, 0x000071df3fb50628] Compiler: c1, Barriers: 3, Oops: 0, ImmediateOops: 1, NonImmediateOops: No
[2,508s][debug][gc,nmethod     ] Register NMethod: java.util.BitSet.<init> (0x000071df3fb50688) [0x000071df3fb50780, 0x000071df3fb509a0] Compiler: c1, Barriers: 3, Oops: 0, ImmediateOops: 0, NonImmediateOops: No
[2,508s][debug][gc,nmethod     ] Register NMethod: io.sirix.access.trx.page.NodePageReadOnlyTrx.setMostRecentlyReadRecordPage (0x000071df3fb50a08) [0x000071df3fb50b00, 0x000071df3fb54538] Compiler: c1, Barriers: 27, Oops: 1, ImmediateOops: 1, NonImmediateOops: No
[2,509s][debug][gc,nmethod     ] Register NMethod: com.google.common.collect.testing.AbstractIteratorTester.recurse (0x000071df3fb54588) [0x000071df3fb54680, 0x000071df3fb561e8] Compiler: c1, Barriers: 25, Oops: 1, ImmediateOops: 0, NonImmediateOops: No
[2,509s][debug][gc,nmethod     ] Register NMethod: io.sirix.access.trx.page.NodePageReadOnlyTrx.getFromBufferManager (0x000071df3fb56208) [0x000071df3fb56300, 0x000071df3fb59868] Compiler: c1, Barriers: 21, Oops: 2, ImmediateOops: 4, NonImmediateOops: No
[2,509s][debug][gc,nmethod     ] Register NMethod: io.sirix.node.Bytes.elasticOffHeapByteBuffer (0x000071df3fb59888) [0x000071df3fb59980, 0x000071df3fb5a788] Compiler: c1, Barriers: 9, Oops: 2, ImmediateOops: 1, NonImmediateOops: No
[2,509s][debug][gc,nmethod     ] Register NMethod: java.lang.runtime.ObjectMethods.hashCombiner (0x000071df5eccb108) [0x000071df5eccb200, 0x000071df5eccb270] Compiler: jvmci, Barriers: 0, Oops: 0, ImmediateOops: 0, NonImmediateOops: No
[2,510s][debug][gc,nmethod     ] Register NMethod: it.unimi.dsi.fastutil.ints.AbstractInt2LongFunction.<init> (0x000071df3fb5a808) [0x000071df3fb5a900, 0x000071df3fb5aa58] Compiler: c1, Barriers: 0, Oops: 1, ImmediateOops: 0, NonImmediateOops: No
[2,510s][debug][gc,nmethod     ] Register NMethod: it.unimi.dsi.fastutil.ints.AbstractInt2LongMap.<init> (0x000071df3fb5ab08) [0x000071df3fb5ac00, 0x000071df3fb5adb8] Compiler: c1, Barriers: 0, Oops: 1, ImmediateOops: 0, NonImmediateOops: No
[2,510s][debug][gc,nmethod     ] Register NMethod: it.unimi.dsi.fastutil.ints.AbstractInt2IntMap.<init> (0x000071df3fb5ae08) [0x000071df3fb5af00, 0x000071df3fb5b0b8] Compiler: c1, Barriers: 0, Oops: 1, ImmediateOops: 0, NonImmediateOops: No
[2,510s][debug][gc,nmethod     ] Register NMethod: io.sirix.node.MemorySegmentBytesIn.readInt (0x000071df5eccb408) [0x000071df5eccb500, 0x000071df5eccb778] Compiler: jvmci, Barriers: 4, Oops: 1, ImmediateOops: 0, NonImmediateOops: No
[2,510s][debug][gc,nmethod     ] Register NMethod: it.unimi.dsi.fastutil.ints.AbstractInt2IntFunction.<init> (0x000071df3fb5b108) [0x000071df3fb5b200, 0x000071df3fb5b358] Compiler: c1, Barriers: 0, Oops: 1, ImmediateOops: 0, NonImmediateOops: No
[2,510s][debug][gc,nmethod     ] Register NMethod: it.unimi.dsi.fastutil.ints.Int2IntOpenHashMap.<init> (0x000071df3fb5b408) [0x000071df3fb5b520, 0x000071df3fb5bdc0] Compiler: c1, Barriers: 6, Oops: 1, ImmediateOops: 2, NonImmediateOops: No
[2,510s][debug][gc,nmethod     ] Register NMethod: it.unimi.dsi.fastutil.ints.Int2LongOpenHashMap.<init> (0x000071df3fb5be08) [0x000071df3fb5bf20, 0x000071df3fb5c7c0] Compiler: c1, Barriers: 6, Oops: 1, ImmediateOops: 2, NonImmediateOops: No
[2,510s][debug][gc,nmethod     ] Register NMethod: java.util.Stack.pop (0x000071df3fb5c808) [0x000071df3fb5c900, 0x000071df3fb5d8a8] Compiler: c1, Barriers: 0, Oops: 0, ImmediateOops: 0, NonImmediateOops: No
[2,510s][debug][gc,nmethod     ] Register NMethod: jdk.internal.misc.Unsafe.copyMemory (0x000071df5eccb788) [0x000071df5eccb880, 0x000071df5eccbb60] Compiler: jvmci, Barriers: 4, Oops: 0, ImmediateOops: 0, NonImmediateOops: No
[2,510s][debug][gc,nmethod     ] Register NMethod: java.util.concurrent.CompletableFuture.join (0x000071df3fb5d908) [0x000071df3fb5da00, 0x000071df3fb5dbd8] Compiler: c1, Barriers: 1, Oops: 0, ImmediateOops: 1, NonImmediateOops: No
[2,510s][debug][gc,nmethod     ] Register NMethod: java.util.Vector.removeElementAt (0x000071df3fb5dc08) [0x000071df3fb5dd00, 0x000071df3fb5f308] Compiler: c1, Barriers: 5, Oops: 1, ImmediateOops: 2, NonImmediateOops: No
[2,510s][debug][gc,nmethod     ] Register NMethod: java.util.concurrent.CompletableFuture.reportJoin (0x000071df3fb5f388) [0x000071df3fb5f480, 0x000071df3fb603a8] Compiler: c1, Barriers: 1, Oops: 0, ImmediateOops: 0, NonImmediateOops: No
[2,510s][debug][gc,nmethod     ] Register NMethod: java.nio.HeapByteBuffer.get (0x000071df3fb60408) [0x000071df3fb60500, 0x000071df3fb60940] Compiler: c1, Barriers: 1, Oops: 1, ImmediateOops: 1, NonImmediateOops: No
[2,511s][debug][gc,nmethod     ] Register NMethod: com.github.benmanes.caffeine.cache.Caffeine.requireArgument (0x000071df3fb60988) [0x000071df3fb60a80, 0x000071df3fb60c50] Compiler: c1, Barriers: 0, Oops: 1, ImmediateOops: 0, NonImmediateOops: No
[2,511s][debug][gc,nmethod     ] Register NMethod: io.sirix.io.bytepipe.LZ4Compressor.<init> (0x000071df3fb60c88) [0x000071df3fb60d80, 0x000071df3fb60ed8] Compiler: c1, Barriers: 0, Oops: 1, ImmediateOops: 0, NonImmediateOops: No
[2,511s][debug][gc,nmethod     ] Register NMethod: ch.qos.logback.classic.selector.DefaultContextSelector.getDefaultLoggerContext (0x000071df5eccbb88) [0x000071df5eccbc80, 0x000071df5eccbd68] Compiler: c1, Barriers: 1, Oops: 1, ImmediateOops: 0, NonImmediateOops: No
[2,511s][debug][gc,nmethod     ] Register NMethod: it.unimi.dsi.fastutil.ints.Int2IntOpenHashMap.<init> (0x000071df3fb60f88) [0x000071df3fb610a0, 0x000071df3fb611d8] Compiler: c1, Barriers: 0, Oops: 1, ImmediateOops: 0, NonImmediateOops: No
[2,511s][debug][gc,nmethod     ] Register NMethod: it.unimi.dsi.fastutil.ints.Int2LongOpenHashMap.<init> (0x000071df3fb61288) [0x000071df3fb613a0, 0x000071df3fb614d8] Compiler: c1, Barriers: 0, Oops: 1, ImmediateOops: 0, NonImmediateOops: No
[2,511s][debug][gc,nmethod     ] Register NMethod: it.unimi.dsi.fastutil.shorts.AbstractShortList.<init> (0x000071df3fb61588) [0x000071df3fb61680, 0x000071df3fb61898] Compiler: c1, Barriers: 0, Oops: 1, ImmediateOops: 0, NonImmediateOops: No
[2,511s][debug][gc,nmethod     ] Register NMethod: it.unimi.dsi.fastutil.shorts.ShortArrayList.<init> (0x000071df3fb61908) [0x000071df3fb61a00, 0x000071df3fb61ca8] Compiler: c1, Barriers: 0, Oops: 1, ImmediateOops: 0, NonImmediateOops: No
[2,511s][debug][gc,nmethod     ] Register NMethod: it.unimi.dsi.fastutil.shorts.AbstractShortCollection.<init> (0x000071df3fb61d08) [0x000071df3fb61e00, 0x000071df3fb61fb8] Compiler: c1, Barriers: 0, Oops: 1, ImmediateOops: 0, NonImmediateOops: No
[2,511s][debug][gc,nmethod     ] Register NMethod: jdk.internal.misc.Unsafe.getAndBitwiseOrInt (0x000071df3fb62008) [0x000071df3fb62100, 0x000071df3fb624d8] Compiler: c1, Barriers: 0, Oops: 0, ImmediateOops: 0, NonImmediateOops: No
[2,511s][debug][gc,nmethod     ] Register NMethod: com.google.common.collect.testing.Helpers$1$1.next (0x000071df5eccbe88) [0x000071df5eccbf80, 0x000071df5eccc580] Compiler: jvmci, Barriers: 10, Oops: 1, ImmediateOops: 0, NonImmediateOops: No
[2,511s][debug][gc,nmethod     ] Register NMethod: java.util.concurrent.ForkJoinTask$RunnableExecuteAction.compute (0x000071df3fb62508) [0x000071df3fb62600, 0x000071df3fb62950] Compiler: c1, Barriers: 1, Oops: 0, ImmediateOops: 0, NonImmediateOops: No
[2,511s][debug][gc,nmethod     ] Register NMethod: it.unimi.dsi.fastutil.shorts.ShortArrayList.initArrayFromCapacity (0x000071df3fb62988) [0x000071df3fb62a80, 0x000071df3fb63c50] Compiler: c1, Barriers: 7, Oops: 3, ImmediateOops: 3, NonImmediateOops: No
[2,511s][debug][gc,nmethod     ] Register NMethod: java.util.concurrent.ForkJoinPool.poolIsStopping (0x000071df3fb63c88) [0x000071df3fb63d80, 0x000071df3fb63ef8] Compiler: c1, Barriers: 0, Oops: 0, ImmediateOops: 0, NonImmediateOops: No
[2,511s][debug][gc,nmethod     ] Register NMethod: java.util.concurrent.ForkJoinTask$RunnableExecuteAction.compute (0x000071df3fb63f88) [0x000071df3fb64080, 0x000071df3fb645e0] Compiler: c1, Barriers: 1, Oops: 0, ImmediateOops: 0, NonImmediateOops: No
[2,511s][debug][gc,nmethod     ] Register NMethod: java.util.concurrent.ForkJoinTask$RunnableExecuteAction.setRawResult (0x000071df3fb64608) [0x000071df3fb64700, 0x000071df3fb64c18] Compiler: c1, Barriers: 0, Oops: 0, ImmediateOops: 0, NonImmediateOops: No
[2,511s][debug][gc,nmethod     ] Register NMethod: java.util.concurrent.ForkJoinTask$RunnableExecuteAction.setRawResult (0x000071df3fb64c88) [0x000071df3fb64d80, 0x000071df3fb64e80] Compiler: c1, Barriers: 0, Oops: 0, ImmediateOops: 0, NonImmediateOops: No
[2,512s][debug][gc,nmethod     ] Register NMethod: io.sirix.axis.AbstractAxis.getStartKey (0x000071df5eccc608) [0x000071df5eccc700, 0x000071df5eccc7c0] Compiler: c1, Barriers: 0, Oops: 1, ImmediateOops: 0, NonImmediateOops: No
[2,512s][debug][gc,nmethod     ] Register NMethod: io.sirix.io.filechannel.FileChannelStorage.getDataFilePath (0x000071df3fb64f88) [0x000071df3fb65080, 0x000071df3fb65aa8] Compiler: c1, Barriers: 3, Oops: 2, ImmediateOops: 2, NonImmediateOops: No
[2,512s][debug][gc,nmethod     ] Register NMethod: kotlinx.coroutines.internal.ThreadContextKt$countAll$1.invoke (0x000071df3fb65b08) [0x000071df3fb65c00, 0x000071df3fb66110] Compiler: c1, Barriers: 0, Oops: 1, ImmediateOops: 0, NonImmediateOops: No
[2,512s][debug][gc,nmethod     ] Register NMethod: com.github.benmanes.caffeine.cache.LocalCache$$Lambda/0x00000000ae24f628.apply (0x000071df3fb66188) [0x000071df3fb66280, 0x000071df3fb66658] Compiler: c1, Barriers: 2, Oops: 1, ImmediateOops: 0, NonImmediateOops: No
[2,512s][debug][gc,nmethod     ] Register NMethod: java.util.concurrent.ForkJoinTask$InterruptibleTask.exec (0x000071df3fb66688) [0x000071df3fb66780, 0x000071df3fb68c98] Compiler: c1, Barriers: 13, Oops: 0, ImmediateOops: 0, NonImmediateOops: No
[2,512s][debug][gc,nmethod     ] Register NMethod: kotlinx.coroutines.internal.ThreadContextKt$findOne$1.invoke (0x000071df3fb68d08) [0x000071df3fb68e00, 0x000071df3fb69a28] Compiler: c1, Barriers: 0, Oops: 1, ImmediateOops: 0, NonImmediateOops: No
[2,512s][debug][gc,nmethod     ] Register NMethod: kotlinx.coroutines.internal.ThreadContextKt$findOne$1.invoke (0x000071df3fb69a88) [0x000071df3fb69b80, 0x000071df3fb6a180] Compiler: c1, Barriers: 0, Oops: 1, ImmediateOops: 0, NonImmediateOops: No
[2,512s][debug][gc,nmethod     ] Register NMethod: kotlinx.coroutines.internal.ThreadContextKt$countAll$1.invoke (0x000071df3fb6a208) [0x000071df3fb6a300, 0x000071df3fb6afd0] Compiler: c1, Barriers: 1, Oops: 1, ImmediateOops: 1, NonImmediateOops: No
[2,512s][debug][gc,nmethod     ] Register NMethod: java.util.Stack.push (0x000071df3fb6b008) [0x000071df3fb6b100, 0x000071df3fb6ba10] Compiler: c1, Barriers: 4, Oops: 0, ImmediateOops: 0, NonImmediateOops: No
[2,512s][debug][gc,nmethod     ] Register NMethod: io.sirix.axis.AbstractAxis.nextLong (0x000071df3fb6ba88) [0x000071df3fb6bb80, 0x000071df3fb6c600] Compiler: c1, Barriers: 5, Oops: 1, ImmediateOops: 1, NonImmediateOops: No
[2,512s][debug][gc,nmethod     ] Register NMethod: java.util.Vector.addElement (0x000071df3fb6c688) [0x000071df3fb6c780, 0x000071df3fb6ce40] Compiler: c1, Barriers: 4, Oops: 0, ImmediateOops: 0, NonImmediateOops: No
[2,512s][debug][gc,nmethod     ] Register NMethod: com.github.benmanes.caffeine.cache.LocalCache.lambda$statsAware$3 (0x000071df3fb6ce88) [0x000071df3fb6cf80, 0x000071df3fb6ec30] Compiler: c1, Barriers: 0, Oops: 1, ImmediateOops: 0, NonImmediateOops: No
[2,512s][debug][gc,nmethod     ] Register NMethod: kotlinx.coroutines.JobSupport.getKey (0x000071df3fb6ec88) [0x000071df3fb6ed80, 0x000071df3fb6ee88] Compiler: c1, Barriers: 0, Oops: 1, ImmediateOops: 1, NonImmediateOops: No
[2,513s][debug][gc,nmethod     ] Register NMethod: io.sirix.page.SerializationType$1.deserializeReferencesPage4 (0x000071df3fb6ef88) [0x000071df3fb6f080, 0x000071df3fb70528] Compiler: c1, Barriers: 13, Oops: 1, ImmediateOops: 0, NonImmediateOops: No
[2,513s][debug][gc,nmethod     ] Register NMethod: java.util.Collections.frequency (0x000071df3fb70588) [0x000071df3fb70680, 0x000071df3fb71788] Compiler: c1, Barriers: 0, Oops: 0, ImmediateOops: 0, NonImmediateOops: No
[2,513s][debug][gc,nmethod     ] Register NMethod: io.sirix.page.DeserializedReferencesPage4Tuple.<init> (0x000071df3fb71808) [0x000071df3fb71900, 0x000071df3fb71ba8] Compiler: c1, Barriers: 6, Oops: 1, ImmediateOops: 0, NonImmediateOops: No
[2,513s][debug][gc,nmethod     ] Register NMethod: io.sirix.page.delegates.ReferencesPage4.<init> (0x000071df3fb71c08) [0x000071df3fb71d00, 0x000071df3fb723b8] Compiler: c1, Barriers: 8, Oops: 1, ImmediateOops: 0, NonImmediateOops: No
[2,513s][debug][gc,nmethod     ] Register NMethod: io.sirix.access.trx.page.NodePageReadOnlyTrx.lambda$loadPage$0 (0x000071df3fb72408) [0x000071df3fb72500, 0x000071df3fb72d40] Compiler: c1, Barriers: 3, Oops: 1, ImmediateOops: 1, NonImmediateOops: No
[2,513s][debug][gc,nmethod     ] Register NMethod: io.sirix.access.trx.page.NodePageReadOnlyTrx$$Lambda/0x00000000ae24f3e8.apply (0x000071df3fb72d88) [0x000071df3fb72e80, 0x000071df3fb73bc8] Compiler: c1, Barriers: 5, Oops: 1, ImmediateOops: 1, NonImmediateOops: No
[2,513s][debug][gc,nmethod     ] Register NMethod: com.github.benmanes.caffeine.cache.stats.ConcurrentStatsCounter.recordLoadSuccess (0x000071df3fb73c08) [0x000071df3fb73d00, 0x000071df3fb73f98] Compiler: c1, Barriers: 2, Oops: 1, ImmediateOops: 0, NonImmediateOops: No
[2,513s][debug][gc,nmethod     ] Register NMethod: io.sirix.access.trx.node.AbstractNodeReadOnlyTrx.getFirstChildKey (0x000071df3fb74008) [0x000071df3fb74100, 0x000071df3fb74908] Compiler: c1, Barriers: 0, Oops: 1, ImmediateOops: 1, NonImmediateOops: No
[2,513s][debug][gc,nmethod     ] Register NMethod: io.sirix.page.PageUtils.createDelegate (0x000071df3fb74988) [0x000071df3fb74a80, 0x000071df3fb75b80] Compiler: c1, Barriers: 16, Oops: 1, ImmediateOops: 0, NonImmediateOops: No
[2,513s][debug][gc,nmethod     ] Register NMethod: it.unimi.dsi.fastutil.longs.LongIterator.next (0x000071df3fb75c08) [0x000071df3fb75d00, 0x000071df3fb76058] Compiler: c1, Barriers: 0, Oops: 1, ImmediateOops: 0, NonImmediateOops: No
[2,513s][debug][gc,nmethod     ] Register NMethod: java.util.concurrent.atomic.LongAdder.increment (0x000071df3fb76088) [0x000071df3fb76180, 0x000071df3fb762c8] Compiler: c1, Barriers: 0, Oops: 0, ImmediateOops: 0, NonImmediateOops: No
[2,513s][debug][gc,nmethod     ] Register NMethod: io.sirix.cache.PageCache$$Lambda/0x00000000ae1b5888.weigh (0x000071df3fb76388) [0x000071df3fb76480, 0x000071df3fb77498] Compiler: c1, Barriers: 1, Oops: 1, ImmediateOops: 0, NonImmediateOops: No
[2,513s][debug][gc,nmethod     ] Register NMethod: io.sirix.node.xml.TextNode.hasFirstChild (0x000071df5eccc908) [0x000071df5eccca00, 0x000071df5ecccac0] Compiler: c1, Barriers: 0, Oops: 1, ImmediateOops: 0, NonImmediateOops: No
[2,513s][debug][gc,nmethod     ] Register NMethod: com.github.benmanes.caffeine.cache.BoundedWeigher.weigh (0x000071df3fb77508) [0x000071df3fb77600, 0x000071df3fb77ad0] Compiler: c1, Barriers: 1, Oops: 1, ImmediateOops: 0, NonImmediateOops: No
[2,513s][debug][gc,nmethod     ] Register NMethod: io.sirix.cache.PageCache.lambda$new$1 (0x000071df3fb77b08) [0x000071df3fb77c00, 0x000071df3fb787b8] Compiler: c1, Barriers: 1, Oops: 1, ImmediateOops: 0, NonImmediateOops: No
[2,513s][debug][gc,nmethod     ] Register NMethod: java.time.zone.ZoneOffsetTransition.getOffsetAfter (0x000071df5ecccc08) [0x000071df5ecccd00, 0x000071df5ecccde8] Compiler: c1, Barriers: 1, Oops: 0, ImmediateOops: 0, NonImmediateOops: No
[2,513s][debug][gc,nmethod     ] Register NMethod: java.util.Vector.<init> (0x000071df3fb78808) [0x000071df3fb78900, 0x000071df3fb78a38] Compiler: c1, Barriers: 0, Oops: 0, ImmediateOops: 0, NonImmediateOops: No
[2,513s][debug][gc,nmethod     ] Register NMethod: java.util.Stack.<init> (0x000071df3fb78b08) [0x000071df3fb78c00, 0x000071df3fb78e00] Compiler: c1, Barriers: 0, Oops: 0, ImmediateOops: 0, NonImmediateOops: No
[2,513s][debug][gc,nmethod     ] Register NMethod: java.util.Vector.<init> (0x000071df3fb78e08) [0x000071df3fb78f00, 0x000071df3fb79098] Compiler: c1, Barriers: 0, Oops: 0, ImmediateOops: 0, NonImmediateOops: No
[2,513s][debug][gc,nmethod     ] Register NMethod: com.google.common.collect.testing.AbstractIteratorTester$6.executeAndCompare (0x000071df3fb79108) [0x000071df3fb79200, 0x000071df3fb79970] Compiler: c1, Barriers: 0, Oops: 1, ImmediateOops: 4, NonImmediateOops: No
[2,513s][debug][gc,nmethod     ] Register NMethod: com.google.common.collect.testing.AbstractIteratorTester$MultiExceptionListIterator.hasNext (0x000071df3fb79988) [0x000071df3fb79a80, 0x000071df3fb79fe0] Compiler: c1, Barriers: 1, Oops: 1, ImmediateOops: 0, NonImmediateOops: No
[2,513s][debug][gc,nmethod     ] Register NMethod: java.util.Vector.<init> (0x000071df3fb7a008) [0x000071df3fb7a100, 0x000071df3fb7b030] Compiler: c1, Barriers: 3, Oops: 1, ImmediateOops: 2, NonImmediateOops: No
[2,514s][debug][gc,nmethod     ] Register NMethod: com.google.common.collect.testing.AbstractIteratorTester.access$500 (0x000071df3fb7b088) [0x000071df3fb7b180, 0x000071df3fb7b268] Compiler: c1, Barriers: 0, Oops: 1, ImmediateOops: 1, NonImmediateOops: No
[2,514s][debug][gc,nmethod     ] Register NMethod: com.google.common.collect.testing.AbstractIteratorTester$7.executeAndCompare (0x000071df3fb7b388) [0x000071df3fb7b480, 0x000071df3fb7b6c0] Compiler: c1, Barriers: 1, Oops: 2, ImmediateOops: 1, NonImmediateOops: No
[2,514s][debug][gc,nmethod     ] Register NMethod: it.unimi.dsi.fastutil.longs.LongIterator.next (0x000071df3fb7b708) [0x000071df3fb7b800, 0x000071df3fb7bda0] Compiler: c1, Barriers: 0, Oops: 1, ImmediateOops: 0, NonImmediateOops: No
[2,514s][debug][gc,nmethod     ] Register NMethod: junit.framework.Assert.assertEquals (0x000071df3fb7be08) [0x000071df3fb7bf00, 0x000071df3fb7c758] Compiler: c1, Barriers: 0, Oops: 1, ImmediateOops: 4, NonImmediateOops: No
[2,514s][debug][gc,nmethod     ] Register NMethod: junit.framework.Assert.assertEquals (0x000071df3fb7c788) [0x000071df3fb7c880, 0x000071df3fb7d130] Compiler: c1, Barriers: 0, Oops: 1, ImmediateOops: 4, NonImmediateOops: No
[2,514s][debug][gc,nmethod     ] Register NMethod: com.google.common.collect.testing.AbstractIteratorTester.access$100 (0x000071df5ecccf08) [0x000071df5eccd000, 0x000071df5eccd0a0] Compiler: c1, Barriers: 0, Oops: 1, ImmediateOops: 0, NonImmediateOops: No
[2,514s][debug][gc,nmethod     ] Register NMethod: io.sirix.axis.AbstractAxis.includeSelf (0x000071df5eccd208) [0x000071df5eccd300, 0x000071df5eccd3e8] Compiler: c1, Barriers: 1, Oops: 1, ImmediateOops: 0, NonImmediateOops: No
[2,514s][debug][gc,nmethod     ] Register NMethod: com.google.common.collect.testing.AbstractIteratorTester$MultiExceptionListIterator.transferElement (0x000071df3fb7d188) [0x000071df3fb7d280, 0x000071df3fb7e8d8] Compiler: c1, Barriers: 7, Oops: 1, ImmediateOops: 1, NonImmediateOops: No
[2,514s][debug][gc,nmethod     ] Register NMethod: io.sirix.api.PageReadOnlyTrx.recordPageOffset (0x000071df5eccd508) [0x000071df5eccd600, 0x000071df5eccd670] Compiler: jvmci, Barriers: 0, Oops: 1, ImmediateOops: 0, NonImmediateOops: No
[2,514s][debug][gc,nmethod     ] Register NMethod: com.google.common.collect.testing.AbstractIteratorTester$MultiExceptionListIterator.next (0x000071df3fb7e908) [0x000071df3fb7ea00, 0x000071df3fb80158] Compiler: c1, Barriers: 9, Oops: 1, ImmediateOops: 1, NonImmediateOops: No
[2,514s][debug][gc,nmethod     ] Register NMethod: com.google.common.collect.testing.AbstractIteratorTester$1.execute (0x000071df3fb80188) [0x000071df3fb80280, 0x000071df3fb80598] Compiler: c1, Barriers: 0, Oops: 1, ImmediateOops: 0, NonImmediateOops: No
[2,514s][debug][gc,nmethod     ] Register NMethod: com.google.common.collect.testing.AbstractIteratorTester.access$200 (0x000071df5eccd808) [0x000071df5eccd900, 0x000071df5eccd9d0] Compiler: c1, Barriers: 1, Oops: 1, ImmediateOops: 0, NonImmediateOops: No
[2,514s][debug][gc,nmethod     ] Register NMethod: io.sirix.node.xml.ElementNode.getRightSiblingKey (0x000071df3fb80608) [0x000071df3fb80700, 0x000071df3fb856f0] Compiler: c1, Barriers: 19, Oops: 7, ImmediateOops: 11, NonImmediateOops: No
[2,515s][debug][gc,nmethod     ] Register NMethod: io.sirix.access.trx.node.AbstractNodeReadOnlyTrx.assertNotClosed (0x000071df5eccdb08) [0x000071df5eccdc00, 0x000071df5eccdcc0] Compiler: jvmci, Barriers: 0, Oops: 1, ImmediateOops: 0, NonImmediateOops: No
[2,515s][debug][gc,nmethod     ] Register NMethod: io.sirix.axis.DescendantAxis.nextKey (0x000071df3fb85788) [0x000071df3fb85880, 0x000071df3fb87e60] Compiler: c1, Barriers: 5, Oops: 1, ImmediateOops: 2, NonImmediateOops: No
[2,515s][debug][gc,nmethod     ] Register NMethod: java.util.concurrent.atomic.AtomicInteger.decrementAndGet (0x000071df5eccde08) [0x000071df5eccdf00, 0x000071df5eccdf90] Compiler: jvmci, Barriers: 0, Oops: 0, ImmediateOops: 0, NonImmediateOops: No
[2,515s][debug][gc,nmethod     ] Register NMethod: io.sirix.node.xml.TextNode.getRightSiblingKey (0x000071df3fb87e88) [0x000071df3fb87f80, 0x000071df3fb8cf70] Compiler: c1, Barriers: 19, Oops: 7, ImmediateOops: 11, NonImmediateOops: No
[2,515s][debug][gc,nmethod     ] Register NMethod: com.google.common.collect.testing.AbstractIteratorTester.compareResultsForThisListOfStimuli (0x000071df3fb8d008) [0x000071df3fb8d100, 0x000071df3fb90440] Compiler: c1, Barriers: 20, Oops: 2, ImmediateOops: 7, NonImmediateOops: No
[2,515s][debug][gc,nmethod     ] Register NMethod: io.sirix.node.xml.ElementNode.hasRightSibling (0x000071df3fb90488) [0x000071df3fb90580, 0x000071df3fb959b8] Compiler: c1, Barriers: 19, Oops: 7, ImmediateOops: 12, NonImmediateOops: No
[2,516s][debug][gc,nmethod     ] Register NMethod: io.sirix.node.xml.ElementNode.hasFirstChild (0x000071df3fb95a08) [0x000071df3fb95b00, 0x000071df3fb9af38] Compiler: c1, Barriers: 19, Oops: 7, ImmediateOops: 12, NonImmediateOops: No
[2,516s][debug][gc,nmethod     ] Register NMethod: java.lang.invoke.MethodHandle.invokeBasic (0x000071df5ecce108) [0x000071df5ecce200, 0x000071df5ecce498] Compiler: , Barriers: 0, Oops: 0, ImmediateOops: 0, NonImmediateOops: No
[2,516s][debug][gc,nmethod     ] Register NMethod: java.lang.invoke.MethodHandle.linkToSpecial (0x000071df5ecce508) [0x000071df5ecce600, 0x000071df5ecce6f8] Compiler: , Barriers: 0, Oops: 0, ImmediateOops: 0, NonImmediateOops: No
[2,516s][debug][gc,nmethod     ] Register NMethod: java.lang.invoke.LambdaForm$Name.internArguments (0x000071df3fb9af88) [0x000071df3fb9b080, 0x000071df3fb9bca8] Compiler: c1, Barriers: 6, Oops: 0, ImmediateOops: 0, NonImmediateOops: No
[2,516s][debug][gc,nmethod     ] Register NMethod: org.gradle.internal.io.StreamByteBuffer$StreamByteBufferChunk.bytesUnread (0x000071df3fb9bd08) [0x000071df3fb9be00, 0x000071df3fb9bf08] Compiler: c1, Barriers: 0, Oops: 1, ImmediateOops: 0, NonImmediateOops: No
[2,517s][debug][gc,nmethod     ] Register NMethod: org.gradle.internal.io.StreamByteBuffer$StreamByteBufferOutputStream.write (0x000071df5ecce808) [0x000071df5ecce900, 0x000071df5ecceaf0] Compiler: jvmci, Barriers: 3, Oops: 1, ImmediateOops: 0, NonImmediateOops: No
[2,517s][debug][gc,nmethod     ] Register NMethod: java.util.concurrent.ConcurrentHashMap.remove (0x000071df3fb9c008) [0x000071df3fb9c100, 0x000071df3fb9c410] Compiler: c1, Barriers: 0, Oops: 0, ImmediateOops: 0, NonImmediateOops: No
[2,517s][debug][gc,nmethod     ] Register NMethod: java.io.FileDescriptor.close0 (0x000071df5ecceb08) [0x000071df5eccec00, 0x000071df5ecced48] Compiler: , Barriers: 0, Oops: 0, ImmediateOops: 0, NonImmediateOops: No
[2,518s][debug][gc,nmethod     ] Register NMethod: java.io.FileDescriptor.valid (0x000071df3fb9c488) [0x000071df3fb9c580, 0x000071df3fb9c708] Compiler: c1, Barriers: 0, Oops: 0, ImmediateOops: 0, NonImmediateOops: No
[2,518s][debug][gc,director    ] Rule Major: Warmup 10%, Used: 290MB, UsedThreshold: 1228MB
[2,518s][debug][gc,nmethod     ] Register NMethod: io.sirix.access.trx.page.NodePageReadOnlyTrx.closeMostRecentPageIfOrphaned (0x000071df3fb9c788) [0x000071df3fb9c880, 0x000071df3fb9dae8] Compiler: c1, Barriers: 5, Oops: 1, ImmediateOops: 0, NonImmediateOops: No
[2,518s][debug][gc,nmethod     ] Register NMethod: java.io.FileDescriptor.unregisterCleanup (0x000071df3fb9db08) [0x000071df3fb9dc00, 0x000071df3fb9e138] Compiler: c1, Barriers: 4, Oops: 0, ImmediateOops: 0, NonImmediateOops: No
[2,518s][debug][gc,nmethod     ] Register NMethod: java.io.FileDescriptor.close (0x000071df3fb9e188) [0x000071df3fb9e280, 0x000071df3fb9eb78] Compiler: c1, Barriers: 4, Oops: 0, ImmediateOops: 0, NonImmediateOops: No
[2,518s][debug][gc,nmethod     ] Register NMethod: java.nio.channels.spi.AbstractInterruptibleChannel.close (0x000071df3fb9eb88) [0x000071df3fb9ec80, 0x000071df3fb9f208] Compiler: c1, Barriers: 1, Oops: 0, ImmediateOops: 0, NonImmediateOops: No
[2,518s][debug][gc,nmethod     ] Register NMethod: java.util.concurrent.ConcurrentHashMap.replaceNode (0x000071df3fb9f288) [0x000071df3fb9f380, 0x000071df3fba16f8] Compiler: c1, Barriers: 18, Oops: 0, ImmediateOops: 1, NonImmediateOops: No
[2,518s][debug][gc,nmethod     ] Register NMethod: java.io.FileDescriptor$1.close (0x000071df3fba1708) [0x000071df3fba1800, 0x000071df3fba2360] Compiler: c1, Barriers: 4, Oops: 0, ImmediateOops: 0, NonImmediateOops: No
[2,518s][debug][gc,nmethod     ] Register NMethod: sun.nio.ch.FileChannelImpl$Closer.run (0x000071df3fba2388) [0x000071df3fba2480, 0x000071df3fba31b0] Compiler: c1, Barriers: 5, Oops: 0, ImmediateOops: 2, NonImmediateOops: No
[2,519s][debug][gc,nmethod     ] Register NMethod: sun.nio.ch.NativeThreadSet.signalAndWait (0x000071df3fba3208) [0x000071df3fba3300, 0x000071df3fba3e50] Compiler: c1, Barriers: 2, Oops: 0, ImmediateOops: 0, NonImmediateOops: No
[2,519s][debug][gc,nmethod     ] Register NMethod: sun.nio.ch.FileChannelImpl.implCloseChannel (0x000071df3fba3e88) [0x000071df3fba3f80, 0x000071df3fba6328] Compiler: c1, Barriers: 8, Oops: 1, ImmediateOops: 1, NonImmediateOops: No
[2,519s][debug][gc,nmethod     ] Register NMethod: org.gradle.internal.io.LineBufferingOutputStream.write (0x000071df5eccee08) [0x000071df5eccef00, 0x000071df5eccf210] Compiler: jvmci, Barriers: 4, Oops: 1, ImmediateOops: 0, NonImmediateOops: No
[2,519s][debug][gc,nmethod     ] Register NMethod: java.lang.invoke.MethodHandle.linkToSpecial (0x000071df5eccf288) [0x000071df5eccf380, 0x000071df5eccf478] Compiler: , Barriers: 0, Oops: 0, ImmediateOops: 0, NonImmediateOops: No
[2,520s][debug][gc,nmethod     ] Register NMethod: io.sirix.access.trx.page.NodePageReadOnlyTrx.close (0x000071df3fba6388) [0x000071df3fba6480, 0x000071df3fba9310] Compiler: c1, Barriers: 30, Oops: 1, ImmediateOops: 5, NonImmediateOops: No
[2,520s][debug][gc,nmethod     ] Register NMethod: java.lang.invoke.InfoFromMemberName.getModifiers (0x000071df3fba9388) [0x000071df3fba9480, 0x000071df3fba97d8] Compiler: c1, Barriers: 1, Oops: 0, ImmediateOops: 0, NonImmediateOops: No
[2,520s][debug][gc,nmethod     ] Register NMethod: java.lang.invoke.MethodHandle.linkToSpecial (0x000071df5eccf588) [0x000071df5eccf680, 0x000071df5eccf778] Compiler: , Barriers: 0, Oops: 0, ImmediateOops: 0, NonImmediateOops: No
[2,520s][debug][gc,nmethod     ] Register NMethod: java.lang.invoke.MethodHandle.invokeBasic (0x000071df5eccf888) [0x000071df5eccf980, 0x000071df5eccfc18] Compiler: , Barriers: 0, Oops: 0, ImmediateOops: 0, NonImmediateOops: No
[2,520s][debug][gc,nmethod     ] Register NMethod: java.lang.invoke.MethodHandle.linkToSpecial (0x000071df5eccfc88) [0x000071df5eccfd80, 0x000071df5eccfe78] Compiler: , Barriers: 0, Oops: 0, ImmediateOops: 0, NonImmediateOops: No
[2,520s][debug][gc,nmethod     ] Register NMethod: java.lang.invoke.MethodHandle.asType (0x000071df3fba9808) [0x000071df3fba9900, 0x000071df3fba9b68] Compiler: c1, Barriers: 1, Oops: 0, ImmediateOops: 0, NonImmediateOops: No
[2,521s][debug][gc,nmethod     ] Register NMethod: com.github.benmanes.caffeine.cache.BoundedLocalCache.lambda$notifyRemoval$1 (0x000071df3fba9b88) [0x000071df3fba9c80, 0x000071df3fbaa2c8] Compiler: c1, Barriers: 1, Oops: 2, ImmediateOops: 2, NonImmediateOops: No
[2,521s][debug][gc,nmethod     ] Register NMethod: io.sirix.cache.PageCache$$Lambda/0x00000000ae1b4fc8.onRemoval (0x000071df3fbaa308) [0x000071df3fbaa400, 0x000071df3fbaa960] Compiler: c1, Barriers: 0, Oops: 1, ImmediateOops: 0, NonImmediateOops: No
[2,521s][debug][gc,nmethod     ] Register NMethod: io.sirix.cache.PageCache.lambda$new$0 (0x000071df3fbaa988) [0x000071df3fbaaa80, 0x000071df3fbad118] Compiler: c1, Barriers: 15, Oops: 5, ImmediateOops: 6, NonImmediateOops: No
[2,521s][debug][gc,nmethod     ] Register NMethod: com.github.benmanes.caffeine.cache.PS.getValue (0x000071df3fbad188) [0x000071df3fbad280, 0x000071df3fbae458] Compiler: c1, Barriers: 1, Oops: 7, ImmediateOops: 8, NonImmediateOops: No
[2,522s][debug][gc,nmethod     ] Register NMethod: java.util.concurrent.ForkJoinPool.deactivate (0x000071df5eccff88) [0x000071df5ecd0080, 0x000071df5ecd1830] Compiler: jvmci, Barriers: 46, Oops: 0, ImmediateOops: 1, NonImmediateOops: No
[2,522s][debug][gc,nmethod     ] Register NMethod: java.lang.invoke.ClassSpecializer$SpeciesData.getterFunction (0x000071df3fbae508) [0x000071df3fbae600, 0x000071df3fbaeb70] Compiler: c1, Barriers: 1, Oops: 0, ImmediateOops: 0, NonImmediateOops: No
[2,522s][debug][gc,nmethod     ] Register NMethod: java.lang.invoke.InvokerBytecodeGenerator.assertStaticType (0x000071df3fbaeb88) [0x000071df3fbaec80, 0x000071df3fbaf818] Compiler: c1, Barriers: 6, Oops: 0, ImmediateOops: 0, NonImmediateOops: No
[2,523s][debug][gc,nmethod     ] Register NMethod: java.util.regex.Pattern$$Lambda/0x00000000ae10d9f0.is (0x000071df3fbaf888) [0x000071df3fbaf980, 0x000071df3fbafae0] Compiler: c1, Barriers: 0, Oops: 0, ImmediateOops: 0, NonImmediateOops: No
[2,523s][debug][gc,nmethod     ] Register NMethod: java.lang.Character.isLowSurrogate (0x000071df3fbafb88) [0x000071df3fbafc80, 0x000071df3fbafde0] Compiler: c1, Barriers: 0, Oops: 0, ImmediateOops: 0, NonImmediateOops: No
[2,523s][debug][gc,nmethod     ] Register NMethod: java.util.regex.Pattern$BmpCharProperty.match (0x000071df3fbafe88) [0x000071df3fbaff80, 0x000071df3fbb0818] Compiler: c1, Barriers: 2, Oops: 0, ImmediateOops: 0, NonImmediateOops: No
[2,523s][debug][gc,nmethod     ] Register NMethod: java.util.regex.Pattern$GroupTail.match (0x000071df3fbb0888) [0x000071df3fbb0980, 0x000071df3fbb0f18] Compiler: c1, Barriers: 4, Oops: 0, ImmediateOops: 0, NonImmediateOops: No
[2,523s][debug][gc,nmethod     ] Register NMethod: java.lang.Character.codePointBefore (0x000071df3fbb0f88) [0x000071df3fbb1080, 0x000071df3fbb1848] Compiler: c1, Barriers: 0, Oops: 0, ImmediateOops: 0, NonImmediateOops: No
[2,524s][debug][gc,nmethod     ] Register NMethod: java.util.regex.Pattern$$Lambda/0x00000000ae0b27a0.is (0x000071df5ecd1888) [0x000071df5ecd1980, 0x000071df5ecd1a10] Compiler: jvmci, Barriers: 0, Oops: 0, ImmediateOops: 0, NonImmediateOops: No
[2,524s][debug][gc,nmethod     ] Register NMethod: java.util.concurrent.locks.AbstractQueuedLongSynchronizer.getState (0x000071df5ecd1b88) [0x000071df5ecd1c80, 0x000071df5ecd1d48] Compiler: c1, Barriers: 0, Oops: 0, ImmediateOops: 0, NonImmediateOops: No
[2,524s][debug][gc,nmethod     ] Register NMethod: java.util.concurrent.locks.ReentrantReadWriteLock.readLock (0x000071df5ecd1e88) [0x000071df5ecd1f80, 0x000071df5ecd2068] Compiler: c1, Barriers: 1, Oops: 0, ImmediateOops: 0, NonImmediateOops: No
[2,524s][debug][gc,nmethod     ] Register NMethod: java.util.concurrent.CopyOnWriteArrayList.size (0x000071df3fbb1888) [0x000071df3fbb1980, 0x000071df3fbb1c88] Compiler: c1, Barriers: 1, Oops: 0, ImmediateOops: 0, NonImmediateOops: No
[2,524s][debug][gc,nmethod     ] Register NMethod: jdk.internal.misc.Unsafe.getLongOpaque (0x000071df3fbb1d08) [0x000071df3fbb1e00, 0x000071df3fbb1f08] Compiler: c1, Barriers: 0, Oops: 0, ImmediateOops: 0, NonImmediateOops: No
[2,525s][debug][gc,nmethod     ] Register NMethod: java.lang.invoke.VarHandleLongs$FieldInstanceReadOnly.getOpaque (0x000071df3fbb2008) [0x000071df3fbb2100, 0x000071df3fbb2d18] Compiler: c1, Barriers: 1, Oops: 1, ImmediateOops: 1, NonImmediateOops: No
[2,525s][debug][gc,nmethod     ] Register NMethod: java.util.concurrent.ConcurrentHashMap.sumCount (0x000071df3fbb2d88) [0x000071df3fbb2e80, 0x000071df3fbb3110] Compiler: c1, Barriers: 2, Oops: 0, ImmediateOops: 0, NonImmediateOops: No
[2,525s][debug][gc,nmethod     ] Register NMethod: com.github.benmanes.caffeine.cache.BBHeader$ReadAndWriteCounterRef.writeCounterOpaque (0x000071df3fbb3188) [0x000071df3fbb3280, 0x000071df3fbb40c8] Compiler: c1, Barriers: 0, Oops: 6, ImmediateOops: 6, NonImmediateOops: No
[2,525s][debug][gc,nmethod     ] Register NMethod: java.nio.CharBuffer.wrap (0x000071df3fbb4108) [0x000071df3fbb4200, 0x000071df3fbb4470] Compiler: c1, Barriers: 0, Oops: 0, ImmediateOops: 0, NonImmediateOops: No
[2,525s][debug][gc,nmethod     ] Register NMethod: java.nio.HeapCharBuffer.<init> (0x000071df3fbb4488) [0x000071df3fbb4580, 0x000071df3fbb46f8] Compiler: c1, Barriers: 0, Oops: 0, ImmediateOops: 0, NonImmediateOops: No
[2,525s][debug][gc,nmethod     ] Register NMethod: java.lang.StringCoding.implEncodeAsciiArray (0x000071df3fbb4788) [0x000071df3fbb4880, 0x000071df3fbb4aa8] Compiler: c1, Barriers: 0, Oops: 0, ImmediateOops: 0, NonImmediateOops: No
[2,525s][debug][gc,nmethod     ] Register NMethod: java.lang.System$1.uncheckedEncodeASCII (0x000071df3fbb4b08) [0x000071df3fbb4c00, 0x000071df3fbb4d40] Compiler: c1, Barriers: 0, Oops: 0, ImmediateOops: 0, NonImmediateOops: No
[2,526s][debug][gc,nmethod     ] Register NMethod: sun.nio.cs.UTF_8$Encoder.encodeLoop (0x000071df3fbb4e08) [0x000071df3fbb4f00, 0x000071df3fbb5688] Compiler: c1, Barriers: 2, Oops: 0, ImmediateOops: 0, NonImmediateOops: No
[2,526s][debug][gc,nmethod     ] Register NMethod: sun.nio.cs.StreamEncoder.ensureOpen (0x000071df3fbb5708) [0x000071df3fbb5800, 0x000071df3fbb59f8] Compiler: c1, Barriers: 0, Oops: 0, ImmediateOops: 1, NonImmediateOops: No
[2,526s][debug][gc,nmethod     ] Register NMethod: sun.nio.cs.StreamEncoder.write (0x000071df3fbb5a08) [0x000071df3fbb5b00, 0x000071df3fbb65e8] Compiler: c1, Barriers: 1, Oops: 0, ImmediateOops: 1, NonImmediateOops: No
[2,526s][debug][gc,nmethod     ] Register NMethod: sun.nio.cs.StreamEncoder.implWrite (0x000071df3fbb6608) [0x000071df3fbb6700, 0x000071df3fbb6a38] Compiler: c1, Barriers: 0, Oops: 0, ImmediateOops: 0, NonImmediateOops: No
[2,526s][debug][gc,nmethod     ] Register NMethod: java.lang.Math.round (0x000071df3fbb6a88) [0x000071df3fbb6b80, 0x000071df3fbb6d48] Compiler: c1, Barriers: 0, Oops: 0, ImmediateOops: 0, NonImmediateOops: No
[2,526s][debug][gc,nmethod     ] Register NMethod: sun.nio.cs.StreamEncoder.implWrite (0x000071df3fbb6d88) [0x000071df3fbb6e80, 0x000071df3fbb88a8] Compiler: c1, Barriers: 3, Oops: 0, ImmediateOops: 0, NonImmediateOops: No
[2,526s][debug][gc,nmethod     ] Register NMethod: sun.nio.cs.StreamEncoder.growByteBufferIfNeeded (0x000071df3fbb8908) [0x000071df3fbb8a00, 0x000071df3fbb95b0] Compiler: c1, Barriers: 6, Oops: 0, ImmediateOops: 0, NonImmediateOops: No
[2,526s][debug][gc,nmethod     ] Register NMethod: java.nio.charset.CharsetEncoder.encode (0x000071df3fbb9608) [0x000071df3fbb9700, 0x000071df3fbbc4c8] Compiler: c1, Barriers: 5, Oops: 0, ImmediateOops: 5, NonImmediateOops: No
[2,526s][debug][gc,nmethod     ] Register NMethod: sun.nio.cs.UTF_8$Encoder.encodeArrayLoop (0x000071df3fbbc508) [0x000071df3fbbc600, 0x000071df3fbbf2c0] Compiler: c1, Barriers: 2, Oops: 1, ImmediateOops: 2, NonImmediateOops: No
[2,527s][debug][gc,nmethod     ] Register NMethod: java.util.concurrent.ConcurrentHashMap.<init> (0x000071df3fbbf308) [0x000071df3fbbf400, 0x000071df3fbbf5b8] Compiler: c1, Barriers: 0, Oops: 0, ImmediateOops: 0, NonImmediateOops: No
[2,527s][debug][gc,nmethod     ] Register NMethod: java.util.concurrent.ConcurrentHashMap$Traverser.advance (0x000071df5ecd2188) [0x000071df5ecd2280, 0x000071df5ecd2640] Compiler: jvmci, Barriers: 10, Oops: 0, ImmediateOops: 0, NonImmediateOops: No
[2,527s][debug][gc,nmethod     ] Register NMethod: sun.nio.fs.UnixNativeDispatcher.stat0 (0x000071df5ecd2688) [0x000071df5ecd2780, 0x000071df5ecd28f0] Compiler: , Barriers: 0, Oops: 0, ImmediateOops: 1, NonImmediateOops: No
[2,527s][debug][gc,nmethod     ] Register NMethod: java.nio.Buffer.position (0x000071df5ecd2988) [0x000071df5ecd2a80, 0x000071df5ecd2b60] Compiler: jvmci, Barriers: 0, Oops: 0, ImmediateOops: 0, NonImmediateOops: No
[2,527s][debug][gc,nmethod     ] Register NMethod: it.unimi.dsi.fastutil.shorts.ShortArrayList.size (0x000071df5ecd2c88) [0x000071df5ecd2d80, 0x000071df5ecd2e40] Compiler: c1, Barriers: 0, Oops: 1, ImmediateOops: 0, NonImmediateOops: No
[2,527s][debug][gc,nmethod     ] Register NMethod: io.sirix.access.trx.page.NodePageTrx.getMostRecentPageContainer (0x000071df3fbbf608) [0x000071df3fbbf700, 0x000071df3fbbfd30] Compiler: c1, Barriers: 9, Oops: 1, ImmediateOops: 1, NonImmediateOops: No
[2,528s][debug][gc,nmethod     ] Register NMethod: java.util.ArrayList$ArrayListSpliterator.getFence (0x000071df3fbbfd88) [0x000071df3fbbfe80, 0x000071df3fbbfff0] Compiler: c1, Barriers: 1, Oops: 0, ImmediateOops: 0, NonImmediateOops: No
[2,528s][debug][gc,director    ] Rule Major: Warmup 10%, Used: 290MB, UsedThreshold: 1228MB
[2,528s][debug][gc,nmethod     ] Register NMethod: io.sirix.node.xml.AbstractStructForwardingNode.getFirstChildKey (0x000071df3fbc0088) [0x000071df3fbc0180, 0x000071df3fbc04b0] Compiler: c1, Barriers: 0, Oops: 1, ImmediateOops: 0, NonImmediateOops: No
[2,528s][debug][gc,nmethod     ] Register NMethod: jdk.internal.foreign.HeapMemorySegmentImpl.unsafeGetOffset (0x000071df5ecd2f88) [0x000071df5ecd3080, 0x000071df5ecd3140] Compiler: c1, Barriers: 0, Oops: 0, ImmediateOops: 0, NonImmediateOops: No
[2,529s][debug][gc,nmethod     ] Register NMethod: net.jpountz.lz4.LZ4BlockOutputStream.writeIntLE (0x000071df3fbc0508) [0x000071df3fbc0600, 0x000071df3fbc0788] Compiler: c1, Barriers: 0, Oops: 1, ImmediateOops: 0, NonImmediateOops: No
[2,530s][debug][gc,nmethod     ] Register NMethod: sun.security.provider.SHA2.implCompress0 (0x000071df3fbc0808) [0x000071df3fbc0900, 0x000071df3fbc15b0] Compiler: c1, Barriers: 8, Oops: 0, ImmediateOops: 1, NonImmediateOops: No
[2,530s][debug][gc,nmethod     ] Register NMethod: com.github.benmanes.caffeine.cache.LocalCache.notifyOnReplace (0x000071df3fb1fb88) [0x000071df3fb1fc80, 0x000071df3fb20d48] Compiler: c1, Barriers: 0, Oops: 1, ImmediateOops: 2, NonImmediateOops: No
[2,530s][debug][gc,nmethod     ] Register NMethod: jdk.internal.classfile.impl.Util.entryList (0x000071df3fbc1608) [0x000071df3fbc1700, 0x000071df3fbc24f8] Compiler: c1, Barriers: 3, Oops: 1, ImmediateOops: 1, NonImmediateOops: No
[2,531s][debug][gc,nmethod     ] Register NMethod: java.lang.invoke.DirectMethodHandle$Holder.invokeStatic (0x000071df3fbc2508) [0x000071df3fbc2600, 0x000071df3fbc29d8] Compiler: c1, Barriers: 1, Oops: 0, ImmediateOops: 0, NonImmediateOops: No
[2,531s][debug][gc,nmethod     ] Register NMethod: io.sirix.page.KeyValueLeafPage.getPageKey (0x000071df5ecd3288) [0x000071df5ecd3380, 0x000071df5ecd3440] Compiler: c1, Barriers: 0, Oops: 1, ImmediateOops: 0, NonImmediateOops: No
[2,533s][debug][gc,nmethod     ] Register NMethod: io.sirix.io.bytepipe.ByteHandlerPipeline.<init> (0x000071df3fbc2a08) [0x000071df3fbc2b00, 0x000071df3fbc3d18] Compiler: c1, Barriers: 6, Oops: 1, ImmediateOops: 0, NonImmediateOops: No
[2,533s][debug][gc,nmethod     ] Register NMethod: io.sirix.io.filechannel.FileChannelStorage.getRevisionFilePath (0x000071df3fbc3d88) [0x000071df3fbc3e80, 0x000071df3fbc48a8] Compiler: c1, Barriers: 3, Oops: 2, ImmediateOops: 2, NonImmediateOops: No
[2,533s][debug][gc,nmethod     ] Register NMethod: io.sirix.io.filechannel.FileChannelStorage.createRevisionsOffsetFileIfNotExists (0x000071df3fbc4908) [0x000071df3fbc4a00, 0x000071df3fbc5d68] Compiler: c1, Barriers: 4, Oops: 2, ImmediateOops: 1, NonImmediateOops: No
[2,533s][debug][gc,nmethod     ] Register NMethod: io.sirix.io.filechannel.FileChannelStorage.createRevisionsOffsetFileChannel (0x000071df3fbc5d88) [0x000071df3fbc5e80, 0x000071df3fbc6a20] Compiler: c1, Barriers: 9, Oops: 1, ImmediateOops: 3, NonImmediateOops: No
[2,533s][debug][gc,nmethod     ] Register NMethod: io.sirix.io.bytepipe.LZ4Compressor.getInstance (0x000071df3fbc6a88) [0x000071df3fbc6b80, 0x000071df3fbc6d88] Compiler: c1, Barriers: 0, Oops: 1, ImmediateOops: 0, NonImmediateOops: No
[2,533s][debug][gc,nmethod     ] Register NMethod: io.sirix.page.PagePersister.<init> (0x000071df3fbc6e08) [0x000071df3fbc6f00, 0x000071df3fbc7058] Compiler: c1, Barriers: 0, Oops: 1, ImmediateOops: 0, NonImmediateOops: No
[2,533s][debug][gc,nmethod     ] Register NMethod: java.util.concurrent.atomic.AtomicLong.compareAndSet (0x000071df5ecd3588) [0x000071df5ecd3680, 0x000071df5ecd3710] Compiler: jvmci, Barriers: 0, Oops: 0, ImmediateOops: 0, NonImmediateOops: No
[2,533s][debug][gc,nmethod     ] Register NMethod: io.sirix.io.filechannel.FileChannelStorage.createDataFileChannel (0x000071df3fbc7108) [0x000071df3fbc7200, 0x000071df3fbc8040] Compiler: c1, Barriers: 12, Oops: 1, ImmediateOops: 4, NonImmediateOops: No
[2,533s][debug][gc,nmethod     ] Register NMethod: com.github.benmanes.caffeine.cache.UnboundedLocalCache$UnboundedLocalAsyncCache.synchronous (0x000071df3fbc8088) [0x000071df3fbc8180, 0x000071df3fbc85e0] Compiler: c1, Barriers: 7, Oops: 1, ImmediateOops: 0, NonImmediateOops: No
[2,533s][debug][gc,nmethod     ] Register NMethod: io.sirix.io.filechannel.FileChannelReader.<init> (0x000071df3fbc8608) [0x000071df3fbc8700, 0x000071df3fbc9510] Compiler: c1, Barriers: 27, Oops: 2, ImmediateOops: 2, NonImmediateOops: No
[2,533s][debug][gc,nmethod     ] Register NMethod: org.magicwerk.brownies.collections.IList.<init> (0x000071df3fbc9588) [0x000071df3fbc9680, 0x000071df3fbc98a0] Compiler: c1, Barriers: 0, Oops: 1, ImmediateOops: 0, NonImmediateOops: No
[2,533s][debug][gc,nmethod     ] Register NMethod: io.sirix.io.filechannel.FileChannelStorage.createDirectoriesAndFile (0x000071df3fbc9908) [0x000071df3fbc9a00, 0x000071df3fbcb6b8] Compiler: c1, Barriers: 7, Oops: 3, ImmediateOops: 3, NonImmediateOops: No
[2,533s][debug][gc,nmethod     ] Register NMethod: com.github.benmanes.caffeine.cache.BoundedLocalCache$$Lambda/0x00000000ae254678.run (0x000071df3fbcb708) [0x000071df3fbcb800, 0x000071df3fbcba18] Compiler: c1, Barriers: 4, Oops: 1, ImmediateOops: 0, NonImmediateOops: No
[2,533s][debug][gc,nmethod     ] Register NMethod: com.github.benmanes.caffeine.cache.Node.inWindow (0x000071df3fbcba88) [0x000071df3fbcbb80, 0x000071df3fbcbec8] Compiler: c1, Barriers: 0, Oops: 1, ImmediateOops: 0, NonImmediateOops: No
[2,533s][debug][gc,nmethod     ] Register NMethod: org.magicwerk.brownies.collections.IList.iterator (0x000071df3fbcbf08) [0x000071df3fbcc000, 0x000071df3fbcc1a8] Compiler: c1, Barriers: 0, Oops: 1, ImmediateOops: 0, NonImmediateOops: No
[2,534s][debug][gc,nmethod     ] Register NMethod: org.magicwerk.brownies.collections.IList$Iter.<init> (0x000071df3fbcc208) [0x000071df3fbcc300, 0x000071df3fbcc710] Compiler: c1, Barriers: 3, Oops: 1, ImmediateOops: 0, NonImmediateOops: No
[2,534s][debug][gc,nmethod     ] Register NMethod: org.magicwerk.brownies.collections.GapList.init (0x000071df3fbcc788) [0x000071df3fbcc880, 0x000071df3fbcca18] Compiler: c1, Barriers: 3, Oops: 1, ImmediateOops: 0, NonImmediateOops: No
[2,534s][debug][gc,nmethod     ] Register NMethod: com.github.benmanes.caffeine.cache.SSLSMW.evicts (0x000071df5ecd3888) [0x000071df5ecd3980, 0x000071df5ecd3a40] Compiler: c1, Barriers: 0, Oops: 1, ImmediateOops: 0, NonImmediateOops: No
[2,534s][debug][gc,nmethod     ] Register NMethod: io.sirix.node.Bytes.allocateElasticOnHeap (0x000071df3fbcca88) [0x000071df3fbccb80, 0x000071df3fbcd430] Compiler: c1, Barriers: 3, Oops: 2, ImmediateOops: 1, NonImmediateOops: No
[2,534s][debug][gc,nmethod     ] Register NMethod: io.sirix.node.Bytes.elasticHeapByteBuffer (0x000071df3fbcd488) [0x000071df3fbcd580, 0x000071df3fbcdec8] Compiler: c1, Barriers: 6, Oops: 2, ImmediateOops: 1, NonImmediateOops: No
[2,534s][debug][gc,nmethod     ] Register NMethod: java.util.concurrent.ForkJoinPool.deactivate (0x000071df3fbcdf08) [0x000071df3fbce000, 0x000071df3fbceaa8] Compiler: c1, Barriers: 4, Oops: 0, ImmediateOops: 0, NonImmediateOops: No
[2,534s][debug][gc,nmethod     ] Register NMethod: io.sirix.index.IndexType.getID (0x000071df5ecd3b88) [0x000071df5ecd3c80, 0x000071df5ecd3d48] Compiler: c1, Barriers: 0, Oops: 1, ImmediateOops: 0, NonImmediateOops: No
[2,534s][debug][gc,nmethod     ] Register NMethod: io.sirix.io.AbstractReader.<init> (0x000071df3fbceb08) [0x000071df3fbcec00, 0x000071df3fbcf788] Compiler: c1, Barriers: 15, Oops: 2, ImmediateOops: 1, NonImmediateOops: No
[2,534s][debug][gc,nmethod     ] Register NMethod: org.magicwerk.brownies.collections.GapList.<init> (0x000071df3fbcf808) [0x000071df3fbcf900, 0x000071df3fbcfe00] Compiler: c1, Barriers: 0, Oops: 1, ImmediateOops: 0, NonImmediateOops: No
[2,534s][debug][gc,nmethod     ] Register NMethod: io.sirix.access.trx.page.NodePageReadOnlyTrx.loadRevRoot (0x000071df3fbcfe88) [0x000071df3fbcff80, 0x000071df3fbd3140] Compiler: c1, Barriers: 16, Oops: 3, ImmediateOops: 3, NonImmediateOops: No
[2,535s][debug][gc,nmethod     ] Register NMethod: io.sirix.page.KeyValueLeafPage.setSlot (0x000071df3fbd3188) [0x000071df3fbd3280, 0x000071df3fbd3428] Compiler: c1, Barriers: 2, Oops: 1, ImmediateOops: 0, NonImmediateOops: No
[2,535s][debug][gc,nmethod     ] Register NMethod: java.lang.Integer.numberOfTrailingZeros (0x000071df3fbd3488) [0x000071df3fbd3580, 0x000071df3fbd3798] Compiler: c1, Barriers: 0, Oops: 0, ImmediateOops: 0, NonImmediateOops: No
[2,536s][debug][gc,nmethod     ] Register NMethod: java.lang.Short.valueOf (0x000071df3fbd3808) [0x000071df3fbd3900, 0x000071df3fbd3c18] Compiler: c1, Barriers: 1, Oops: 0, ImmediateOops: 1, NonImmediateOops: No
[2,536s][debug][gc,nmethod     ] Register NMethod: com.github.benmanes.caffeine.cache.LocalCache$$Lambda/0x00000000ae24f628.<init> (0x000071df3fbd3c88) [0x000071df3fbd3d80, 0x000071df3fbd3fd8] Compiler: c1, Barriers: 6, Oops: 1, ImmediateOops: 0, NonImmediateOops: No
[2,536s][debug][gc,nmethod     ] Register NMethod: java.lang.invoke.VarHandleGuards.guard_LI_I (0x000071df5ecd3e88) [0x000071df5ecd3f80, 0x000071df5ecd4808] Compiler: jvmci, Barriers: 26, Oops: 0, ImmediateOops: 5, NonImmediateOops: No
[2,536s][debug][gc,nmethod     ] Register NMethod: java.lang.invoke.VarHandleReferences$FieldInstanceReadWrite.compareAndSet (0x000071df5ecd4888) [0x000071df5ecd4980, 0x000071df5ecd50b8] Compiler: jvmci, Barriers: 7, Oops: 0, ImmediateOops: 0, NonImmediateOops: No
[2,537s][debug][gc,nmethod     ] Register NMethod: it.unimi.dsi.fastutil.shorts.ShortListIterator.next (0x000071df3fbd4008) [0x000071df3fbd4100, 0x000071df3fbd45a8] Compiler: c1, Barriers: 0, Oops: 1, ImmediateOops: 0, NonImmediateOops: No
[2,537s][debug][gc,nmethod     ] Register NMethod: it.unimi.dsi.fastutil.shorts.ShortListIterator.next (0x000071df3fbd4608) [0x000071df3fbd4700, 0x000071df3fbd4958] Compiler: c1, Barriers: 0, Oops: 1, ImmediateOops: 0, NonImmediateOops: No
[2,537s][debug][gc,nmethod     ] Register NMethod: io.sirix.index.path.summary.PathSummaryReader.assertNotClosed (0x000071df3fbd4988) [0x000071df3fbd4a80, 0x000071df3fbd4c78] Compiler: c1, Barriers: 0, Oops: 1, ImmediateOops: 1, NonImmediateOops: No
[2,537s][debug][gc,nmethod     ] Register NMethod: io.sirix.page.KeyValueLeafPage.findFreeSpaceForSlots (0x000071df3fbd4c88) [0x000071df3fbd4d80, 0x000071df3fbd5a48] Compiler: c1, Barriers: 4, Oops: 1, ImmediateOops: 0, NonImmediateOops: No
[2,537s][debug][gc,nmethod     ] Register NMethod: io.sirix.page.KeyValueLeafPage.updateLastSlotIndex (0x000071df3fbd5a88) [0x000071df3fbd5b80, 0x000071df3fbd5f00] Compiler: c1, Barriers: 2, Oops: 1, ImmediateOops: 0, NonImmediateOops: No
[2,537s][debug][gc,nmethod     ] Register NMethod: net.openhft.hashing.Access.i64 (0x000071df3fbd5f88) [0x000071df3fbd6080, 0x000071df3fbd6380] Compiler: c1, Barriers: 0, Oops: 1, ImmediateOops: 0, NonImmediateOops: No
[2,538s][debug][gc,nmethod     ] Register NMethod: sun.misc.Unsafe.getLong (0x000071df3fbd6408) [0x000071df3fbd6500, 0x000071df3fbd6778] Compiler: c1, Barriers: 0, Oops: 0, ImmediateOops: 1, NonImmediateOops: No
[2,538s][debug][gc,nmethod     ] Register NMethod: net.openhft.hashing.UnsafeAccess.getLong (0x000071df3fbd6788) [0x000071df3fbd6880, 0x000071df3fbd6d20] Compiler: c1, Barriers: 0, Oops: 1, ImmediateOops: 2, NonImmediateOops: No
[2,538s][debug][gc,director    ] Rule Major: Warmup 10%, Used: 294MB, UsedThreshold: 1228MB
[2,538s][debug][gc,nmethod     ] Register NMethod: io.sirix.axis.AbstractAxis.reset (0x000071df3fbd6d88) [0x000071df3fbd6e80, 0x000071df3fbd7008] Compiler: c1, Barriers: 3, Oops: 1, ImmediateOops: 1, NonImmediateOops: No
[2,538s][debug][gc,nmethod     ] Register NMethod: io.sirix.index.path.summary.PathNode.structDelegate (0x000071df5ecd5108) [0x000071df5ecd5200, 0x000071df5ecd52e8] Compiler: c1, Barriers: 1, Oops: 1, ImmediateOops: 0, NonImmediateOops: No
[2,538s][debug][gc,nmethod     ] Register NMethod: io.sirix.axis.AbstractAxis.<init> (0x000071df3fbd7088) [0x000071df3fbd7180, 0x000071df3fbd7bd0] Compiler: c1, Barriers: 9, Oops: 1, ImmediateOops: 2, NonImmediateOops: No
[2,538s][debug][gc,nmethod     ] Register NMethod: io.sirix.node.xml.ElementNode.getKind (0x000071df3fbd7c08) [0x000071df3fbd7d00, 0x000071df3fbd7e08] Compiler: c1, Barriers: 0, Oops: 1, ImmediateOops: 1, NonImmediateOops: No
[2,539s][debug][gc,nmethod     ] Register NMethod: io.sirix.node.NodeKind.getId (0x000071df5ecd5408) [0x000071df5ecd5500, 0x000071df5ecd55c8] Compiler: c1, Barriers: 0, Oops: 1, ImmediateOops: 0, NonImmediateOops: No
[2,539s][debug][gc,nmethod     ] Register NMethod: io.sirix.access.ResourceConfiguration.storeChildCount (0x000071df5ecd5708) [0x000071df5ecd5800, 0x000071df5ecd58c0] Compiler: c1, Barriers: 0, Oops: 1, ImmediateOops: 0, NonImmediateOops: No
[2,539s][debug][gc,nmethod     ] Register NMethod: jdk.internal.misc.Unsafe.freeMemory0 (0x000071df5ecd5a08) [0x000071df5ecd5b00, 0x000071df5ecd5c48] Compiler: , Barriers: 0, Oops: 0, ImmediateOops: 0, NonImmediateOops: No
[2,539s][debug][gc,nmethod     ] Register NMethod: jdk.internal.misc.Unsafe.putShortUnaligned (0x000071df3fbd7f08) [0x000071df3fbd8000, 0x000071df3fbd81c8] Compiler: c1, Barriers: 0, Oops: 0, ImmediateOops: 0, NonImmediateOops: No
[2,539s][debug][gc,nmethod     ] Register NMethod: io.sirix.page.KeyValueLeafPage.updateFreeSpaceStart (0x000071df3fbd8208) [0x000071df3fbd8300, 0x000071df3fbd8888] Compiler: c1, Barriers: 0, Oops: 1, ImmediateOops: 0, NonImmediateOops: No
[2,539s][debug][gc,nmethod     ] Register NMethod: java.util.stream.Sink.end (0x000071df3fbd8908) [0x000071df3fbd8a00, 0x000071df3fbd8b00] Compiler: c1, Barriers: 0, Oops: 0, ImmediateOops: 0, NonImmediateOops: No
[2,539s][debug][gc,nmethod     ] Register NMethod: java.util.concurrent.atomic.AtomicLong.addAndGet (0x000071df5ecd5d08) [0x000071df5ecd5e00, 0x000071df5ecd5e90] Compiler: jvmci, Barriers: 0, Oops: 0, ImmediateOops: 0, NonImmediateOops: No
[2,539s][debug][gc,nmethod     ] Register NMethod: java.io.OutputStream.<init> (0x000071df3fbd8c08) [0x000071df3fbd8d00, 0x000071df3fbd8e58] Compiler: c1, Barriers: 0, Oops: 0, ImmediateOops: 0, NonImmediateOops: No
[2,540s][debug][gc,nmethod     ] Register NMethod: io.sirix.page.PageReference.getHash (0x000071df5ecd6008) [0x000071df5ecd6100, 0x000071df5ecd61e8] Compiler: c1, Barriers: 1, Oops: 1, ImmediateOops: 0, NonImmediateOops: No
[2,540s][debug][gc,nmethod     ] Register NMethod: jdk.internal.misc.ScopedMemoryAccess.getLongUnaligned (0x000071df5ecd6308) [0x000071df5ecd6400, 0x000071df5ecd65b8] Compiler: jvmci, Barriers: 2, Oops: 0, ImmediateOops: 0, NonImmediateOops: No
[2,542s][debug][gc,nmethod     ] Register NMethod: io.sirix.io.filechannel.FileChannelReader.close (0x000071df3fbd8f08) [0x000071df3fbd9000, 0x000071df3fbd9668] Compiler: c1, Barriers: 2, Oops: 1, ImmediateOops: 0, NonImmediateOops: No
[2,542s][debug][gc,nmethod     ] Register NMethod: io.sirix.access.User.<init> (0x000071df3fbd9688) [0x000071df3fbd9780, 0x000071df3fbd9c48] Compiler: c1, Barriers: 6, Oops: 1, ImmediateOops: 0, NonImmediateOops: No
[2,542s][debug][gc,nmethod     ] Register NMethod: com.github.benmanes.caffeine.cache.AccessOrderDeque.contains (0x000071df3fbd9c88) [0x000071df3fbd9d80, 0x000071df3fbda378] Compiler: c1, Barriers: 1, Oops: 1, ImmediateOops: 0, NonImmediateOops: No
[2,543s][debug][gc,nmethod     ] Register NMethod: com.github.benmanes.caffeine.cache.AbstractLinkedDeque.peekFirst (0x000071df5ecd6608) [0x000071df5ecd6700, 0x000071df5ecd67e8] Compiler: c1, Barriers: 1, Oops: 1, ImmediateOops: 0, NonImmediateOops: No
[2,543s][debug][gc,nmethod     ] Register NMethod: io.sirix.page.PageKind.deserializeMaxNodeKeys (0x000071df3fbda388) [0x000071df3fbda4a0, 0x000071df3fbda958] Compiler: c1, Barriers: 0, Oops: 1, ImmediateOops: 0, NonImmediateOops: No
[2,543s][debug][gc,nmethod     ] Register NMethod: java.util.concurrent.ForkJoinWorkerThread.resetThreadLocals (0x000071df3fbda988) [0x000071df3fbdaa80, 0x000071df3fbdaf50] Compiler: c1, Barriers: 8, Oops: 0, ImmediateOops: 0, NonImmediateOops: No
[2,543s][debug][gc,nmethod     ] Register NMethod: io.sirix.page.PageKind.deserializeCurrentMaxLevelsOfIndirectPages (0x000071df3fbdaf88) [0x000071df3fbdb0a0, 0x000071df3fbdb558] Compiler: c1, Barriers: 0, Oops: 1, ImmediateOops: 0, NonImmediateOops: No
[2,544s][debug][gc,nmethod     ] Register NMethod: io.sirix.page.KeyValueLeafPage.getNumberOfNonNullEntries (0x000071df3fbdb588) [0x000071df3fbdb680, 0x000071df3fbdbc30] Compiler: c1, Barriers: 2, Oops: 1, ImmediateOops: 0, NonImmediateOops: No
[2,544s][debug][gc,nmethod     ] Register NMethod: io.sirix.page.KeyValueLeafPage.getNumberOfNonNullEntries (0x000071df3fbdbc88) [0x000071df3fbdbd80, 0x000071df3fbdc2a0] Compiler: c1, Barriers: 2, Oops: 1, ImmediateOops: 0, NonImmediateOops: No
[2,544s][debug][gc,nmethod     ] Register NMethod: io.sirix.access.trx.page.NodePageReadOnlyTrx$PageFragmentsResult.pages (0x000071df5ecd6908) [0x000071df5ecd6a00, 0x000071df5ecd6ae8] Compiler: c1, Barriers: 1, Oops: 1, ImmediateOops: 0, NonImmediateOops: No
[2,544s][debug][gc,nmethod     ] Register NMethod: java.util.Collection.stream (0x000071df3fbdc308) [0x000071df3fbdc400, 0x000071df3fbdc738] Compiler: c1, Barriers: 0, Oops: 0, ImmediateOops: 0, NonImmediateOops: No
[2,545s][debug][gc,nmethod     ] Register NMethod: io.sirix.page.KeyValueLeafPage.setDeweyId (0x000071df3fbdc788) [0x000071df3fbdc880, 0x000071df3fbdcad8] Compiler: c1, Barriers: 5, Oops: 1, ImmediateOops: 0, NonImmediateOops: No
[2,545s][debug][gc,nmethod     ] Register NMethod: io.sirix.utils.OS.isWindows (0x000071df3fbdcb08) [0x000071df3fbdcc00, 0x000071df3fbdcce8] Compiler: c1, Barriers: 0, Oops: 1, ImmediateOops: 0, NonImmediateOops: No
[2,545s][debug][gc,nmethod     ] Register NMethod: io.sirix.cache.LinuxMemorySegmentAllocator.getInstance (0x000071df3fbdce08) [0x000071df3fbdcf00, 0x000071df3fbdcfe8] Compiler: c1, Barriers: 0, Oops: 1, ImmediateOops: 1, NonImmediateOops: No
[2,545s][debug][gc,nmethod     ] Register NMethod: jdk.internal.misc.Unsafe.putShortUnaligned (0x000071df3fbdd108) [0x000071df3fbdd200, 0x000071df3fbdd430] Compiler: c1, Barriers: 0, Oops: 0, ImmediateOops: 0, NonImmediateOops: No
[2,545s][debug][gc,nmethod     ] Register NMethod: io.sirix.node.HashCountEntryNode.getNodeKey (0x000071df5ecd6c08) [0x000071df5ecd6d00, 0x000071df5ecd6dc0] Compiler: c1, Barriers: 0, Oops: 1, ImmediateOops: 0, NonImmediateOops: No
[2,546s][debug][gc,nmethod     ] Register NMethod: java.util.RegularEnumSet.contains (0x000071df3fbdd488) [0x000071df3fbdd580, 0x000071df3fbde020] Compiler: c1, Barriers: 3, Oops: 0, ImmediateOops: 0, NonImmediateOops: No
[2,546s][debug][gc,nmethod     ] Register NMethod: io.sirix.cache.ShardedPageCache.get (0x000071df3fbde088) [0x000071df3fbde180, 0x000071df3fbde758] Compiler: c1, Barriers: 1, Oops: 1, ImmediateOops: 0, NonImmediateOops: No
[2,546s][debug][gc,nmethod     ] Register NMethod: io.sirix.page.PageFragmentKeyImpl.<init> (0x000071df3fbde788) [0x000071df3fbde880, 0x000071df3fbdea48] Compiler: c1, Barriers: 0, Oops: 1, ImmediateOops: 0, NonImmediateOops: No
[2,546s][debug][gc,nmethod     ] Register NMethod: io.sirix.cache.ShardedPageCache.get (0x000071df3fbdea88) [0x000071df3fbdeb80, 0x000071df3fbdf570] Compiler: c1, Barriers: 1, Oops: 1, ImmediateOops: 0, NonImmediateOops: No
[2,546s][debug][gc,nmethod     ] Register NMethod: java.util.LinkedHashMap.newNode (0x000071df3fbdf588) [0x000071df3fbdf680, 0x000071df3fbdf868] Compiler: c1, Barriers: 0, Oops: 0, ImmediateOops: 0, NonImmediateOops: No
[2,547s][debug][gc,nmethod     ] Register NMethod: com.google.common.base.Preconditions.checkArgument (0x000071df3fbdf888) [0x000071df3fbdf980, 0x000071df3fbdfb50] Compiler: c1, Barriers: 0, Oops: 1, ImmediateOops: 0, NonImmediateOops: No
[2,547s][debug][gc,nmethod     ] Register NMethod: io.sirix.cache.TransactionIntentLog.get (0x000071df3fbdfb88) [0x000071df3fbdfc80, 0x000071df3fbe0420] Compiler: c1, Barriers: 1, Oops: 1, ImmediateOops: 0, NonImmediateOops: No
[2,547s][debug][gc,nmethod     ] Register NMethod: jdk.internal.foreign.GlobalSession.acquire0 (0x000071df3fbe0488) [0x000071df3fbe0580, 0x000071df3fbe0680] Compiler: c1, Barriers: 0, Oops: 0, ImmediateOops: 0, NonImmediateOops: No
[2,547s][debug][gc,nmethod     ] Register NMethod: jdk.internal.foreign.GlobalSession.release0 (0x000071df3fbe0788) [0x000071df3fbe0880, 0x000071df3fbe0980] Compiler: c1, Barriers: 0, Oops: 0, ImmediateOops: 0, NonImmediateOops: No
[2,547s][debug][gc,nmethod     ] Register NMethod: java.lang.invoke.MethodHandle.maybeCustomize (0x000071df3f837408) [0x000071df3f837500, 0x000071df3f837b98] Compiler: c1, Barriers: 2, Oops: 0, ImmediateOops: 0, NonImmediateOops: No
[2,547s][debug][gc,nmethod     ] Register NMethod: io.sirix.io.filechannel.FileChannelStorage.createReader (0x000071df3fbe0a88) [0x000071df3fbe0b80, 0x000071df3fbe41c8] Compiler: c1, Barriers: 43, Oops: 5, ImmediateOops: 7, NonImmediateOops: No
[2,547s][debug][gc,nmethod     ] Register NMethod: io.sirix.cache.SegmentAllocators.getIndexForSize (0x000071df3fbe4208) [0x000071df3fbe4300, 0x000071df3fbe4838] Compiler: c1, Barriers: 0, Oops: 1, ImmediateOops: 2, NonImmediateOops: No
[2,547s][debug][gc,nmethod     ] Register NMethod: jdk.internal.foreign.abi.SharedUtils.checkNative (0x000071df3fbe4888) [0x000071df3fbe4980, 0x000071df3fbe5d20] Compiler: c1, Barriers: 0, Oops: 1, ImmediateOops: 3, NonImmediateOops: No
[2,548s][debug][gc,nmethod     ] Register NMethod: ch.qos.logback.core.UnsynchronizedAppenderBase.getFilterChainDecision (0x000071df3fbe5d88) [0x000071df3fbe5e80, 0x000071df3fbe61b0] Compiler: c1, Barriers: 1, Oops: 1, ImmediateOops: 0, NonImmediateOops: No
[2,548s][debug][gc,nmethod     ] Register NMethod: ch.qos.logback.classic.filter.LevelFilter.decide (0x000071df3fbe6208) [0x000071df3fbe6300, 0x000071df3fbe6668] Compiler: c1, Barriers: 0, Oops: 1, ImmediateOops: 0, NonImmediateOops: No
[2,548s][debug][gc,nmethod     ] Register NMethod: ch.qos.logback.classic.filter.LevelFilter.decide (0x000071df3fbe6688) [0x000071df3fbe6780, 0x000071df3fbe6e98] Compiler: c1, Barriers: 4, Oops: 1, ImmediateOops: 1, NonImmediateOops: No
[2,548s][debug][gc,director    ] Rule Major: Warmup 10%, Used: 296MB, UsedThreshold: 1228MB
[2,548s][debug][gc,nmethod     ] Register NMethod: ch.qos.logback.core.spi.FilterAttachableImpl.getFilterChainDecision (0x000071df3fbe6f08) [0x000071df3fbe7000, 0x000071df3fbe81d8] Compiler: c1, Barriers: 10, Oops: 1, ImmediateOops: 3, NonImmediateOops: No
[2,548s][debug][gc,nmethod     ] Register NMethod: java.util.UUID.<init> (0x000071df3fbe8208) [0x000071df3fbe8300, 0x000071df3fbe8460] Compiler: c1, Barriers: 0, Oops: 0, ImmediateOops: 0, NonImmediateOops: No
[2,549s][debug][gc,nmethod     ] Register NMethod: java.nio.ByteBuffer.get (0x000071df3fbe8508) [0x000071df3fbe8600, 0x000071df3fbe8f78] Compiler: c1, Barriers: 0, Oops: 0, ImmediateOops: 0, NonImmediateOops: No
[2,549s][debug][gc,nmethod     ] Register NMethod: io.sirix.io.filechannel.FileChannelReader$$Lambda/0x00000000ae24eaf0.<init> (0x000071df3fbe8f88) [0x000071df3fbe9080, 0x000071df3fbe9258] Compiler: c1, Barriers: 3, Oops: 1, ImmediateOops: 0, NonImmediateOops: No
[2,549s][debug][gc,nmethod     ] Register NMethod: ch.qos.logback.core.UnsynchronizedAppenderBase.doAppend (0x000071df3fbe9288) [0x000071df3fbe9380, 0x000071df3fbed9a0] Compiler: c1, Barriers: 10, Oops: 6, ImmediateOops: 14, NonImmediateOops: No
[2,549s][debug][gc,nmethod     ] Register NMethod: com.github.benmanes.caffeine.cache.LocalAsyncCache$$Lambda/0x00000000ae24ed40.<init> (0x000071df3fbeda08) [0x000071df3fbedb00, 0x000071df3fbedd48] Compiler: c1, Barriers: 6, Oops: 1, ImmediateOops: 0, NonImmediateOops: No
[2,549s][debug][gc,nmethod     ] Register NMethod: java.nio.ByteBuffer.getArray (0x000071df3fbedd88) [0x000071df3fbede80, 0x000071df3fbefd78] Compiler: c1, Barriers: 5, Oops: 1, ImmediateOops: 4, NonImmediateOops: No
[2,549s][debug][gc,nmethod     ] Register NMethod: com.github.benmanes.caffeine.cache.LocalAsyncCache.get (0x000071df3fbefd88) [0x000071df3fbefe80, 0x000071df3fbf01a8] Compiler: c1, Barriers: 0, Oops: 1, ImmediateOops: 0, NonImmediateOops: No
[2,549s][debug][gc,nmethod     ] Register NMethod: com.github.benmanes.caffeine.cache.LocalAsyncCache.get (0x000071df3fbf0208) [0x000071df3fbf0300, 0x000071df3fbf0f10] Compiler: c1, Barriers: 6, Oops: 2, ImmediateOops: 2, NonImmediateOops: No
[2,549s][debug][gc,nmethod     ] Register NMethod: com.github.benmanes.caffeine.cache.LocalAsyncCache$AbstractCacheView.get (0x000071df3fbf0f88) [0x000071df3fbf1080, 0x000071df3fbf2118] Compiler: c1, Barriers: 6, Oops: 2, ImmediateOops: 2, NonImmediateOops: No
[2,549s][debug][gc,nmethod     ] Register NMethod: io.sirix.io.filechannel.FileChannelReader.readRevisionRootPage (0x000071df3fbf2188) [0x000071df3fbf2280, 0x000071df3fbf4b98] Compiler: c1, Barriers: 7, Oops: 3, ImmediateOops: 7, NonImmediateOops: No
[2,549s][debug][gc,nmethod     ] Register NMethod: com.github.benmanes.caffeine.cache.LocalAsyncCache$$Lambda/0x00000000ae24ef80.<init> (0x000071df3fbf4c08) [0x000071df3fbf4d00, 0x000071df3fbf5038] Compiler: c1, Barriers: 12, Oops: 1, ImmediateOops: 0, NonImmediateOops: No
[2,549s][debug][gc,nmethod     ] Register NMethod: com.github.benmanes.caffeine.cache.stats.DisabledStatsCounter.recordHits (0x000071df3fbf5088) [0x000071df3fbf5180, 0x000071df3fbf5280] Compiler: c1, Barriers: 0, Oops: 1, ImmediateOops: 0, NonImmediateOops: No
[2,549s][debug][gc,nmethod     ] Register NMethod: java.nio.ByteBuffer.get (0x000071df3fbf5388) [0x000071df3fbf5480, 0x000071df3fbf5790] Compiler: c1, Barriers: 0, Oops: 0, ImmediateOops: 0, NonImmediateOops: No
[2,549s][debug][gc,nmethod     ] Register NMethod: io.sirix.page.DeserializedBitmapReferencesPageTuple.<init> (0x000071df3fbf5808) [0x000071df3fbf5900, 0x000071df3fbf5b48] Compiler: c1, Barriers: 6, Oops: 1, ImmediateOops: 0, NonImmediateOops: No
[2,550s][debug][gc,nmethod     ] Register NMethod: com.github.benmanes.caffeine.cache.LocalAsyncCache$AbstractCacheView.resolve (0x000071df3fbf5b88) [0x000071df3fbf5c80, 0x000071df3fbf7060] Compiler: c1, Barriers: 1, Oops: 1, ImmediateOops: 2, NonImmediateOops: No
[2,550s][debug][gc,nmethod     ] Register NMethod: jdk.internal.foreign.SharedSession$SharedResourceList.<init> (0x000071df3fbf7088) [0x000071df3fbf7180, 0x000071df3fbf7338] Compiler: c1, Barriers: 0, Oops: 0, ImmediateOops: 0, NonImmediateOops: No
[2,550s][debug][gc,nmethod     ] Register NMethod: com.github.benmanes.caffeine.cache.UnboundedLocalCache.computeIfAbsent (0x000071df3fbf7388) [0x000071df3fbf7480, 0x000071df3fbf7eb0] Compiler: c1, Barriers: 4, Oops: 1, ImmediateOops: 0, NonImmediateOops: No
[2,550s][debug][gc,nmethod     ] Register NMethod: com.github.benmanes.caffeine.cache.LocalAsyncCache.get (0x000071df3fbf7f08) [0x000071df3fbf8000, 0x000071df3fbf9490] Compiler: c1, Barriers: 16, Oops: 3, ImmediateOops: 2, NonImmediateOops: No
[2,550s][debug][gc,nmethod     ] Register NMethod: io.sirix.page.RevisionRootPage.<init> (0x000071df3fbf9508) [0x000071df3fbf9600, 0x000071df3fbf99c8] Compiler: c1, Barriers: 9, Oops: 1, ImmediateOops: 0, NonImmediateOops: No
[2,550s][debug][gc,nmethod     ] Register NMethod: jdk.internal.foreign.SharedSession.<init> (0x000071df3fbf9a08) [0x000071df3fbf9b00, 0x000071df3fbf9f18] Compiler: c1, Barriers: 6, Oops: 0, ImmediateOops: 0, NonImmediateOops: No
[2,550s][debug][gc,nmethod     ] Register NMethod: jdk.internal.foreign.ImplicitSession.<init> (0x000071df3fbf9f88) [0x000071df3fbfa080, 0x000071df3fbfa710] Compiler: c1, Barriers: 6, Oops: 0, ImmediateOops: 0, NonImmediateOops: No
[2,550s][debug][gc,nmethod     ] Register NMethod: java.lang.invoke.VarHandleGuards.guard_LLL_Z (0x000071df5ecd6f08) [0x000071df5ecd7020, 0x000071df5ecd78e8] Compiler: jvmci, Barriers: 26, Oops: 0, ImmediateOops: 5, NonImmediateOops: No
[2,550s][debug][gc,nmethod     ] Register NMethod: sun.nio.ch.Util$BufferCache.offerFirst (0x000071df3fbfa788) [0x000071df3fbfa880, 0x000071df3fbfad28] Compiler: c1, Barriers: 4, Oops: 0, ImmediateOops: 0, NonImmediateOops: No
[2,550s][debug][gc,nmethod     ] Register NMethod: sun.nio.ch.Util$BufferCache.get (0x000071df3fbfad88) [0x000071df3fbfae80, 0x000071df3fbfc110] Compiler: c1, Barriers: 9, Oops: 0, ImmediateOops: 0, NonImmediateOops: No
[2,550s][debug][gc,nmethod     ] Register NMethod: io.sirix.page.PageKind$5.deserializePage (0x000071df3fbfc188) [0x000071df3fbfc280, 0x000071df3fbfdea0] Compiler: c1, Barriers: 14, Oops: 1, ImmediateOops: 2, NonImmediateOops: No
[2,550s][debug][gc,nmethod     ] Register NMethod: io.sirix.page.PageKind$2.deserializePage (0x000071df3fbfdf08) [0x000071df3fbfe000, 0x000071df3fbfe960] Compiler: c1, Barriers: 9, Oops: 1, ImmediateOops: 1, NonImmediateOops: No
[2,550s][debug][gc,nmethod     ] Register NMethod: java.util.concurrent.ForkJoinPool.tryTrim (0x000071df3fbfe988) [0x000071df3fbfea80, 0x000071df3fbff240] Compiler: c1, Barriers: 3, Oops: 0, ImmediateOops: 1, NonImmediateOops: No
[2,551s][debug][gc,nmethod     ] Register NMethod: io.sirix.access.trx.page.RevisionRootPageReader.<init> (0x000071df3fbff288) [0x000071df3fbff380, 0x000071df3fbff4d8] Compiler: c1, Barriers: 0, Oops: 1, ImmediateOops: 0, NonImmediateOops: No
[2,551s][debug][gc,nmethod     ] Register NMethod: io.sirix.page.NamePage.<init> (0x000071df3fbff588) [0x000071df3fbff680, 0x000071df3fbffa00] Compiler: c1, Barriers: 9, Oops: 1, ImmediateOops: 0, NonImmediateOops: No
[2,551s][debug][gc,nmethod     ] Register NMethod: io.sirix.access.trx.page.RevisionRootPageReader.loadRevisionRootPage (0x000071df3fbffa88) [0x000071df3fbffb80, 0x000071df3fbffe90] Compiler: c1, Barriers: 0, Oops: 1, ImmediateOops: 0, NonImmediateOops: No
[2,551s][debug][gc,nmethod     ] Register NMethod: java.util.concurrent.ForkJoinPool$WorkQueue.unlockPhase (0x000071df3fbfff08) [0x000071df3fc00000, 0x000071df3fc00110] Compiler: c1, Barriers: 0, Oops: 0, ImmediateOops: 0, NonImmediateOops: No
[2,551s][debug][gc,nmethod     ] Register NMethod: io.sirix.access.trx.page.RevisionRootPageReader.getNamePage (0x000071df3fc00208) [0x000071df3fc00300, 0x000071df3fc00610] Compiler: c1, Barriers: 0, Oops: 1, ImmediateOops: 0, NonImmediateOops: No
[2,551s][debug][gc,nmethod     ] Register NMethod: io.sirix.access.trx.page.NodePageReadOnlyTrx.lambda$loadRevRoot$0 (0x000071df3fc00688) [0x000071df3fc00780, 0x000071df3fc00af0] Compiler: c1, Barriers: 2, Oops: 1, ImmediateOops: 0, NonImmediateOops: No
[2,551s][debug][gc,nmethod     ] Register NMethod: java.util.UUID.fromString (0x000071df3fc00b08) [0x000071df3fc00c00, 0x000071df3fc03620] Compiler: c1, Barriers: 1, Oops: 1, ImmediateOops: 8, NonImmediateOops: No
[2,551s][debug][gc,nmethod     ] Register NMethod: io.sirix.access.trx.page.NodePageReadOnlyTrx$$Lambda/0x00000000ae266b00.apply (0x000071df3fc03688) [0x000071df3fc03780, 0x000071df3fc03f98] Compiler: c1, Barriers: 3, Oops: 1, ImmediateOops: 0, NonImmediateOops: No
[2,551s][debug][gc,nmethod     ] Register NMethod: java.lang.invoke.Invokers$Holder.linkToTargetMethod (0x000071df3fc04008) [0x000071df3fc04100, 0x000071df3fc045f8] Compiler: c1, Barriers: 0, Oops: 0, ImmediateOops: 0, NonImmediateOops: No
[2,551s][debug][gc,nmethod     ] Register NMethod: java.lang.runtime.ObjectMethods.eq (0x000071df3fc04608) [0x000071df3fc04700, 0x000071df3fc04830] Compiler: c1, Barriers: 0, Oops: 0, ImmediateOops: 0, NonImmediateOops: No
[2,551s][debug][gc,nmethod     ] Register NMethod: java.lang.invoke.LambdaForm$MH/0x00000000ae268800.invoke (0x000071df3fc04908) [0x000071df3fc04a00, 0x000071df3fc05168] Compiler: c1, Barriers: 2, Oops: 1, ImmediateOops: 0, NonImmediateOops: No
[2,551s][debug][gc,nmethod     ] Register NMethod: java.lang.invoke.DirectMethodHandle$Holder.invokeSpecial (0x000071df3fc05188) [0x000071df3fc05280, 0x000071df3fc05648] Compiler: c1, Barriers: 1, Oops: 0, ImmediateOops: 0, NonImmediateOops: No
[2,551s][debug][gc,nmethod     ] Register NMethod: ch.qos.logback.classic.Logger.callAppenders (0x000071df3fc05688) [0x000071df3fc05780, 0x000071df3fc05d38] Compiler: c1, Barriers: 3, Oops: 1, ImmediateOops: 0, NonImmediateOops: No
[2,551s][debug][gc,nmethod     ] Register NMethod: java.lang.invoke.LambdaForm$MH/0x00000000ae26a000.invoke (0x000071df3fc05d88) [0x000071df3fc05e80, 0x000071df3fc07558] Compiler: c1, Barriers: 5, Oops: 1, ImmediateOops: 0, NonImmediateOops: No
[2,551s][debug][gc,nmethod     ] Register NMethod: ch.qos.logback.classic.Logger.buildLoggingEventAndAppend (0x000071df3fc07588) [0x000071df3fc07680, 0x000071df3fc07c60] Compiler: c1, Barriers: 4, Oops: 1, ImmediateOops: 1, NonImmediateOops: No
[2,551s][debug][gc,nmethod     ] Register NMethod: io.sirix.access.trx.page.NodePageReadOnlyTrx.<init> (0x000071df3fc07c88) [0x000071df3fc07d80, 0x000071df3fc0b398] Compiler: c1, Barriers: 44, Oops: 2, ImmediateOops: 4, NonImmediateOops: No
[2,551s][debug][gc,nmethod     ] Register NMethod: java.lang.runtime.ObjectMethods.eq (0x000071df3fc0b408) [0x000071df3fc0b500, 0x000071df3fc0b630] Compiler: c1, Barriers: 0, Oops: 0, ImmediateOops: 0, NonImmediateOops: No
[2,552s][debug][gc,nmethod     ] Register NMethod: io.sirix.access.trx.node.AbstractResourceSession.beginPageReadOnlyTrx (0x000071df3fc0b708) [0x000071df3fc0b800, 0x000071df3fc0e100] Compiler: c1, Barriers: 11, Oops: 1, ImmediateOops: 5, NonImmediateOops: No
[2,552s][debug][gc,nmethod     ] Register NMethod: io.sirix.cache.RevisionRootPageCacheKey.equals (0x000071df3fc0e188) [0x000071df3fc0e280, 0x000071df3fc0fcb8] Compiler: c1, Barriers: 0, Oops: 27, ImmediateOops: 13, NonImmediateOops: No
[2,552s][debug][gc,nmethod     ] Register NMethod: java.lang.invoke.LambdaForm$MH/0x00000000ae269c00.invoke (0x000071df3fc0fe08) [0x000071df3fc0ff00, 0x000071df3fc10c70] Compiler: c1, Barriers: 2, Oops: 1, ImmediateOops: 0, NonImmediateOops: No
[2,552s][debug][gc,nmethod     ] Register NMethod: ch.qos.logback.classic.spi.EventArgUtil.extractThrowable (0x000071df3fc10c88) [0x000071df3fc10d80, 0x000071df3fc113a8] Compiler: c1, Barriers: 1, Oops: 1, ImmediateOops: 0, NonImmediateOops: No
[2,552s][debug][gc,nmethod     ] Register NMethod: ch.qos.logback.classic.spi.LoggingEvent.<init> (0x000071df3fc11408) [0x000071df3fc11500, 0x000071df3fc12498] Compiler: c1, Barriers: 32, Oops: 1, ImmediateOops: 0, NonImmediateOops: No
[2,552s][debug][gc,nmethod     ] Register NMethod: java.lang.invoke.LambdaForm$MH/0x00000000ae268000.invoke (0x000071df3fc12508) [0x000071df3fc12600, 0x000071df3fc128f0] Compiler: c1, Barriers: 0, Oops: 1, ImmediateOops: 0, NonImmediateOops: No
[2,552s][debug][gc,nmethod     ] Register NMethod: ch.qos.logback.classic.spi.EventArgUtil.successfulExtraction (0x000071df3fc12908) [0x000071df3fc12a00, 0x000071df3fc12b30] Compiler: c1, Barriers: 0, Oops: 1, ImmediateOops: 0, NonImmediateOops: No
[2,552s][debug][gc,nmethod     ] Register NMethod: ch.qos.logback.classic.spi.LoggingEvent.setMarker (0x000071df3fc12c08) [0x000071df3fc12d00, 0x000071df3fc12fa0] Compiler: c1, Barriers: 4, Oops: 1, ImmediateOops: 1, NonImmediateOops: No
[2,552s][debug][gc,nmethod     ] Register NMethod: com.github.benmanes.caffeine.cache.Node.setWeight (0x000071df3fc13008) [0x000071df3fc13100, 0x000071df3fc13200] Compiler: c1, Barriers: 0, Oops: 1, ImmediateOops: 0, NonImmediateOops: No
[2,552s][debug][gc,nmethod     ] Register NMethod: ch.qos.logback.classic.spi.LoggingEvent.extractThrowableAnRearrangeArguments (0x000071df3fc13308) [0x000071df3fc13400, 0x000071df3fc13bf8] Compiler: c1, Barriers: 4, Oops: 1, ImmediateOops: 0, NonImmediateOops: No
[2,552s][debug][gc,nmethod     ] Register NMethod: com.github.benmanes.caffeine.cache.StripedBuffer.mix64 (0x000071df3fc13c08) [0x000071df3fc13d00, 0x000071df3fc13e30] Compiler: c1, Barriers: 0, Oops: 1, ImmediateOops: 0, NonImmediateOops: No
[2,552s][debug][gc,nmethod     ] Register NMethod: java.lang.Thread.getId (0x000071df3fc13f08) [0x000071df3fc14000, 0x000071df3fc142d8] Compiler: c1, Barriers: 0, Oops: 0, ImmediateOops: 0, NonImmediateOops: No
[2,552s][debug][gc,nmethod     ] Register NMethod: com.github.benmanes.caffeine.cache.StripedBuffer.offer (0x000071df3fc14308) [0x000071df3fc14400, 0x000071df3fc14fb0] Compiler: c1, Barriers: 3, Oops: 1, ImmediateOops: 0, NonImmediateOops: No
[2,552s][debug][gc,nmethod     ] Register NMethod: io.sirix.page.KeyValueLeafPage.setRecord (0x000071df3fc15008) [0x000071df3fc15100, 0x000071df3fc15738] Compiler: c1, Barriers: 4, Oops: 1, ImmediateOops: 0, NonImmediateOops: No
[2,552s][debug][gc,nmethod     ] Register NMethod: com.github.benmanes.caffeine.cache.FrequencySketch.increment (0x000071df3fc15788) [0x000071df3fc15880, 0x000071df3fc16ec8] Compiler: c1, Barriers: 1, Oops: 1, ImmediateOops: 0, NonImmediateOops: No
[2,553s][debug][gc,nmethod     ] Register NMethod: java.util.concurrent.atomic.AtomicLongFieldUpdater$CASUpdater.getAndAdd (0x000071df3fc16f08) [0x000071df3fc17000, 0x000071df3fc17418] Compiler: c1, Barriers: 1, Oops: 0, ImmediateOops: 0, NonImmediateOops: No
[2,553s][debug][gc,nmethod     ] Register NMethod: com.github.benmanes.caffeine.cache.BoundedBuffer$RingBuffer.offer (0x000071df3fc17488) [0x000071df3fc17580, 0x000071df3fc1a938] Compiler: c1, Barriers: 4, Oops: 12, ImmediateOops: 17, NonImmediateOops: No
[2,553s][debug][gc,nmethod     ] Register NMethod: kotlinx.coroutines.internal.LockFreeTaskQueue.removeFirstOrNull (0x000071df3fc1aa08) [0x000071df3fc1ab00, 0x000071df3fc1b730] Compiler: c1, Barriers: 1, Oops: 2, ImmediateOops: 5, NonImmediateOops: No
[2,554s][debug][gc,nmethod     ] Register NMethod: java.util.ArrayList.rangeCheckForAdd (0x000071df3fc1b788) [0x000071df3fc1b880, 0x000071df3fc1cb20] Compiler: c1, Barriers: 0, Oops: 2, ImmediateOops: 3, NonImmediateOops: No
[2,554s][debug][gc,nmethod     ] Register NMethod: kotlinx.coroutines.internal.LockFreeTaskQueueCore.removeFirstOrNull (0x000071df3fc1cb88) [0x000071df3fc1cc80, 0x000071df3fc207e8] Compiler: c1, Barriers: 11, Oops: 10, ImmediateOops: 23, NonImmediateOops: No
[2,556s][debug][gc,nmethod     ] Register NMethod: java.lang.invoke.VarHandleLongs$FieldInstanceReadWrite.weakCompareAndSet (0x000071df3fc20888) [0x000071df3fc20980, 0x000071df3fc215a8] Compiler: c1, Barriers: 1, Oops: 1, ImmediateOops: 1, NonImmediateOops: No
[2,556s][debug][gc,nmethod     ] Register NMethod: io.sirix.access.trx.node.AbstractNodeReadOnlyTrx.getId (0x000071df3fc21608) [0x000071df3fc21700, 0x000071df3fc21b18] Compiler: c1, Barriers: 0, Oops: 1, ImmediateOops: 1, NonImmediateOops: No
[2,556s][debug][gc,nmethod     ] Register NMethod: com.github.benmanes.caffeine.cache.PSMS.getPreviousInAccessOrder (0x000071df3fc21b88) [0x000071df3fc21c80, 0x000071df3fc21f80] Compiler: c1, Barriers: 1, Oops: 1, ImmediateOops: 0, NonImmediateOops: No
[2,556s][debug][gc,nmethod     ] Register NMethod: com.github.benmanes.caffeine.cache.AccessOrderDeque.contains (0x000071df3fc22008) [0x000071df3fc22100, 0x000071df3fc22dc0] Compiler: c1, Barriers: 1, Oops: 1, ImmediateOops: 0, NonImmediateOops: No
[2,556s][debug][gc,nmethod     ] Register NMethod: com.github.benmanes.caffeine.cache.PSMS.getNextInAccessOrder (0x000071df3fc22e08) [0x000071df3fc22f00, 0x000071df3fc23200] Compiler: c1, Barriers: 1, Oops: 1, ImmediateOops: 0, NonImmediateOops: No
[2,556s][debug][gc,nmethod     ] Register NMethod: com.github.benmanes.caffeine.cache.BoundedLocalCache$$Lambda/0x00000000ae1b8b80.accept (0x000071df3fc23288) [0x000071df3fc23380, 0x000071df3fc238b8] Compiler: c1, Barriers: 1, Oops: 1, ImmediateOops: 0, NonImmediateOops: No
[2,556s][debug][gc,nmethod     ] Register NMethod: com.github.benmanes.caffeine.cache.AbstractLinkedDeque.moveToBack (0x000071df3fc23908) [0x000071df3fc23a00, 0x000071df3fc23f70] Compiler: c1, Barriers: 1, Oops: 1, ImmediateOops: 0, NonImmediateOops: No
[2,556s][debug][gc,nmethod     ] Register NMethod: com.github.benmanes.caffeine.cache.BoundedLocalCache.reorder (0x000071df3fc23f88) [0x000071df3fc24080, 0x000071df3fc24d78] Compiler: c1, Barriers: 1, Oops: 1, ImmediateOops: 0, NonImmediateOops: No
[2,556s][debug][gc,nmethod     ] Register NMethod: java.lang.invoke.VarHandleReferences$Array.getAcquire (0x000071df3fc24d88) [0x000071df3fc24e80, 0x000071df3fc25c08] Compiler: c1, Barriers: 2, Oops: 2, ImmediateOops: 2, NonImmediateOops: No
[2,556s][debug][gc,nmethod     ] Register NMethod: jdk.internal.foreign.Utils$BaseAndScale$$TypeSwitch/0x00000000ae1e73d0.typeSwitch (0x000071df5ecd7908) [0x000071df5ecd7a00, 0x000071df5ecd7af8] Compiler: jvmci, Barriers: 0, Oops: 0, ImmediateOops: 0, NonImmediateOops: No
[2,556s][debug][gc,nmethod     ] Register NMethod: jdk.internal.foreign.Utils$BaseAndScale.of (0x000071df5ecd7c08) [0x000071df5ecd7d00, 0x000071df5ecd7dc8] Compiler: jvmci, Barriers: 0, Oops: 0, ImmediateOops: 1, NonImmediateOops: No
[2,557s][debug][gc,nmethod     ] Register NMethod: io.sirix.access.trx.node.AbstractResourceSession.getDocumentNode (0x000071df3fc25c88) [0x000071df3fc25d80, 0x000071df3fc26770] Compiler: c1, Barriers: 0, Oops: 1, ImmediateOops: 3, NonImmediateOops: No
[2,557s][debug][gc,nmethod     ] Register NMethod: io.sirix.service.xml.xpath.ItemListImpl.<init> (0x000071df3fc26788) [0x000071df3fc26880, 0x000071df3fc26ca0] Compiler: c1, Barriers: 6, Oops: 1, ImmediateOops: 1, NonImmediateOops: No
[2,557s][debug][gc,nmethod     ] Register NMethod: io.sirix.access.trx.node.xml.XmlNodeReadOnlyTrxImpl.<init> (0x000071df3fc26d08) [0x000071df3fc26e00, 0x000071df3fc27328] Compiler: c1, Barriers: 6, Oops: 1, ImmediateOops: 1, NonImmediateOops: No
[2,557s][debug][gc,nmethod     ] Register NMethod: com.github.benmanes.caffeine.cache.BoundedLocalCache.onAccess (0x000071df3fc27388) [0x000071df3fc27480, 0x000071df3fc2c048] Compiler: c1, Barriers: 3, Oops: 7, ImmediateOops: 8, NonImmediateOops: No
[2,557s][debug][gc,nmethod     ] Register NMethod: io.sirix.access.trx.node.AbstractNodeReadOnlyTrx.<init> (0x000071df3fc2c088) [0x000071df3fc2c180, 0x000071df3fc2cee8] Compiler: c1, Barriers: 12, Oops: 1, ImmediateOops: 0, NonImmediateOops: No
[2,557s][debug][gc,nmethod     ] Register NMethod: io.sirix.axis.CoroutineDescendantAxis.access$getCapacity$p (0x000071df5ecd7f08) [0x000071df5ecd8000, 0x000071df5ecd80a0] Compiler: c1, Barriers: 0, Oops: 1, ImmediateOops: 0, NonImmediateOops: No
[2,557s][debug][gc,nmethod     ] Register NMethod: java.util.concurrent.ForkJoinTask.getAndBitwiseOrStatus (0x000071df3fc2cf08) [0x000071df3fc2d000, 0x000071df3fc2d5f8] Compiler: c1, Barriers: 0, Oops: 1, ImmediateOops: 2, NonImmediateOops: No
[2,557s][debug][gc,nmethod     ] Register NMethod: java.util.concurrent.ForkJoinTask.signalWaiters (0x000071df3fc2d608) [0x000071df3fc2d700, 0x000071df3fc2e9c0] Compiler: c1, Barriers: 4, Oops: 0, ImmediateOops: 2, NonImmediateOops: No
[2,557s][debug][gc,nmethod     ] Register NMethod: io.sirix.api.ResourceSession.beginNodeReadOnlyTrx (0x000071df3fc2ea08) [0x000071df3fc2eb00, 0x000071df3fc2f830] Compiler: c1, Barriers: 2, Oops: 1, ImmediateOops: 1, NonImmediateOops: No
[2,557s][debug][gc,nmethod     ] Register NMethod: io.sirix.access.trx.node.xml.XmlResourceSessionImpl.createNodeReadOnlyTrx (0x000071df3fc2f888) [0x000071df3fc2f980, 0x000071df3fc2fc78] Compiler: c1, Barriers: 0, Oops: 1, ImmediateOops: 0, NonImmediateOops: No
[2,558s][debug][gc,nmethod     ] Register NMethod: io.sirix.access.trx.node.xml.XmlResourceSessionImpl.createNodeReadOnlyTrx (0x000071df3fc2fc88) [0x000071df3fc2fd80, 0x000071df3fc30158] Compiler: c1, Barriers: 0, Oops: 1, ImmediateOops: 0, NonImmediateOops: No
[2,558s][debug][gc,nmethod     ] Register NMethod: java.lang.Long.bitCount (0x000071df5ecd8208) [0x000071df5ecd8300, 0x000071df5ecd83d0] Compiler: jvmci, Barriers: 0, Oops: 0, ImmediateOops: 0, NonImmediateOops: No
[2,558s][debug][gc,nmethod     ] Register NMethod: io.sirix.access.trx.node.AbstractResourceSession.beginNodeReadOnlyTrx (0x000071df3fc30188) [0x000071df3fc30280, 0x000071df3fc32fb8] Compiler: c1, Barriers: 10, Oops: 1, ImmediateOops: 5, NonImmediateOops: No
[2,558s][debug][gc,director    ] Rule Major: Warmup 10%, Used: 298MB, UsedThreshold: 1228MB
[2,558s][debug][gc,nmethod     ] Register NMethod: io.sirix.axis.CoroutineDescendantAxis.access$getResourceSession$p (0x000071df5ecd8508) [0x000071df5ecd8600, 0x000071df5ecd86d0] Compiler: c1, Barriers: 1, Oops: 1, ImmediateOops: 0, NonImmediateOops: No
[2,558s][debug][gc,nmethod     ] Register NMethod: java.util.concurrent.ForkJoinPool.submissionQueue (0x000071df3fc33008) [0x000071df3fc33100, 0x000071df3fc34338] Compiler: c1, Barriers: 8, Oops: 1, ImmediateOops: 1, NonImmediateOops: No
[2,560s][debug][gc,nmethod     ] Register NMethod: java.util.ArrayList$Itr.next (0x000071df5ecd8808) [0x000071df5ecd8900, 0x000071df5ecd8ae0] Compiler: jvmci, Barriers: 3, Oops: 0, ImmediateOops: 0, NonImmediateOops: No
[2,560s][debug][gc,nmethod     ] Register NMethod: kotlin.jvm.internal.Intrinsics.checkNotNullParameter (0x000071df5ecd8b08) [0x000071df5ecd8c00, 0x000071df5ecd8c90] Compiler: jvmci, Barriers: 0, Oops: 1, ImmediateOops: 0, NonImmediateOops: No
[2,560s][debug][gc,nmethod     ] Register NMethod: java.util.concurrent.ForkJoinTask.setNoUserHelp (0x000071df3fc34388) [0x000071df3fc34480, 0x000071df3fc34590] Compiler: c1, Barriers: 0, Oops: 0, ImmediateOops: 0, NonImmediateOops: No
[2,561s][debug][gc,nmethod     ] Register NMethod: java.util.ArrayList$ListItr.<init> (0x000071df3fc34688) [0x000071df3fc34780, 0x000071df3fc34cc0] Compiler: c1, Barriers: 6, Oops: 0, ImmediateOops: 0, NonImmediateOops: No
[2,561s][debug][gc,nmethod     ] Register NMethod: java.util.ArrayList.listIterator (0x000071df3fc34d08) [0x000071df3fc34e00, 0x000071df3fc35420] Compiler: c1, Barriers: 6, Oops: 0, ImmediateOops: 0, NonImmediateOops: No
[2,561s][debug][gc,nmethod     ] Register NMethod: jdk.internal.foreign.ArenaImpl.<init> (0x000071df3fc35488) [0x000071df3fc35580, 0x000071df3fc35960] Compiler: c1, Barriers: 3, Oops: 0, ImmediateOops: 0, NonImmediateOops: No
[2,561s][debug][gc,nmethod     ] Register NMethod: java.lang.ThreadLocal.getMap (0x000071df5ecd8e08) [0x000071df5ecd8f00, 0x000071df5ecd90b0] Compiler: jvmci, Barriers: 3, Oops: 0, ImmediateOops: 0, NonImmediateOops: No
[2,562s][debug][gc,nmethod     ] Register NMethod: io.sirix.access.trx.page.NodePageReadOnlyTrx$RecordPage.<init> (0x000071df3fc35988) [0x000071df3fc35a80, 0x000071df3fc35db8] Compiler: c1, Barriers: 9, Oops: 1, ImmediateOops: 0, NonImmediateOops: No
[2,562s][debug][gc,nmethod     ] Register NMethod: java.util.HashMap$KeyIterator.next (0x000071df5ecd9108) [0x000071df5ecd9200, 0x000071df5ecd95f0] Compiler: jvmci, Barriers: 15, Oops: 0, ImmediateOops: 0, NonImmediateOops: No
[2,563s][debug][gc,nmethod     ] Register NMethod: io.sirix.page.SerializationType$1.deserializeBitmapReferencesPage (0x000071df3fc35e08) [0x000071df3fc35f00, 0x000071df3fc37918] Compiler: c1, Barriers: 9, Oops: 1, ImmediateOops: 0, NonImmediateOops: No
[2,563s][debug][gc,nmethod     ] Register NMethod: java.util.Arrays$ArrayItr.hasNext (0x000071df5ecd9608) [0x000071df5ecd9700, 0x000071df5ecd97e8] Compiler: jvmci, Barriers: 1, Oops: 0, ImmediateOops: 0, NonImmediateOops: No
[2,563s][debug][gc,nmethod     ] Register NMethod: jdk.internal.misc.Unsafe.weakCompareAndSetLong (0x000071df5ecd9908) [0x000071df5ecd9a00, 0x000071df5ecd9a90] Compiler: jvmci, Barriers: 0, Oops: 0, ImmediateOops: 0, NonImmediateOops: No
[2,564s][debug][gc,nmethod     ] Register NMethod: io.sirix.node.delegates.StructNodeDelegate.getRightSiblingKey (0x000071df5ecd9c08) [0x000071df5ecd9d00, 0x000071df5ecd9dc0] Compiler: c1, Barriers: 0, Oops: 1, ImmediateOops: 0, NonImmediateOops: No
[2,564s][debug][gc,nmethod     ] Register NMethod: com.google.common.collect.testing.AbstractIteratorTester$MultiExceptionListIterator.<init> (0x000071df3fc37988) [0x000071df3fc37a80, 0x000071df3fc38db8] Compiler: c1, Barriers: 22, Oops: 1, ImmediateOops: 0, NonImmediateOops: No
[2,565s][debug][gc,nmethod     ] Register NMethod: com.github.benmanes.caffeine.cache.BBHeader$ReadAndWriteCounterRef.casWriteCounter (0x000071df3fc38e08) [0x000071df3fc38f00, 0x000071df3fc39d70] Compiler: c1, Barriers: 0, Oops: 6, ImmediateOops: 6, NonImmediateOops: No
[2,565s][debug][gc,nmethod     ] Register NMethod: io.sirix.axis.CoroutineDescendantAxis.nextKeyForFirstChild (0x000071df3fc39e08) [0x000071df3fc39f00, 0x000071df3fc3ae98] Compiler: c1, Barriers: 4, Oops: 1, ImmediateOops: 0, NonImmediateOops: No
[2,565s][debug][gc,nmethod     ] Register NMethod: io.sirix.access.trx.node.AbstractNodeReadOnlyTrx.getRightSiblingKey (0x000071df3fc3af08) [0x000071df3fc3b000, 0x000071df3fc3b808] Compiler: c1, Barriers: 0, Oops: 1, ImmediateOops: 1, NonImmediateOops: No
[2,566s][debug][gc,nmethod     ] Register NMethod: kotlin.coroutines.intrinsics.IntrinsicsKt__IntrinsicsKt.getCOROUTINE_SUSPENDED (0x000071df3fc3b888) [0x000071df3fc3b980, 0x000071df3fc3ba68] Compiler: c1, Barriers: 0, Oops: 1, ImmediateOops: 1, NonImmediateOops: No
[2,566s][debug][gc,nmethod     ] Register NMethod: java.lang.Thread.getName (0x000071df5ecd9f08) [0x000071df5ecda000, 0x000071df5ecda0e8] Compiler: c1, Barriers: 1, Oops: 0, ImmediateOops: 0, NonImmediateOops: No
[2,566s][debug][gc,nmethod     ] Register NMethod: java.lang.ThreadLocal$ThreadLocalMap.getEntry (0x000071df5ecda208) [0x000071df5ecda300, 0x000071df5ecda508] Compiler: jvmci, Barriers: 4, Oops: 0, ImmediateOops: 0, NonImmediateOops: No
[2,566s][debug][gc,nmethod     ] Register NMethod: io.sirix.node.MemorySegmentBytesIn.read (0x000071df5ecda588) [0x000071df5ecda680, 0x000071df5ecdaa68] Compiler: jvmci, Barriers: 4, Oops: 3, ImmediateOops: 0, NonImmediateOops: No
[2,567s][debug][gc,nmethod     ] Register NMethod: java.lang.ThreadLocal.get (0x000071df5ecdaa88) [0x000071df5ecdab80, 0x000071df5ecdaf38] Compiler: jvmci, Barriers: 8, Oops: 0, ImmediateOops: 0, NonImmediateOops: No
[2,567s][debug][gc,nmethod     ] Register NMethod: java.nio.ByteBuffer.position (0x000071df5ecdaf88) [0x000071df5ecdb080, 0x000071df5ecdb160] Compiler: jvmci, Barriers: 0, Oops: 0, ImmediateOops: 0, NonImmediateOops: No
[2,567s][debug][gc,nmethod     ] Register NMethod: jdk.internal.misc.Unsafe.putReferenceOpaque (0x000071df5ecdb288) [0x000071df5ecdb380, 0x000071df5ecdb470] Compiler: jvmci, Barriers: 3, Oops: 0, ImmediateOops: 0, NonImmediateOops: No
[2,568s][debug][gc,director    ] Rule Major: Warmup 10%, Used: 308MB, UsedThreshold: 1228MB
[2,568s][debug][gc,nmethod     ] Register NMethod: org.magicwerk.brownies.collections.GapList.get (0x000071df5ecdb588) [0x000071df5ecdb680, 0x000071df5ecdb880] Compiler: jvmci, Barriers: 3, Oops: 1, ImmediateOops: 0, NonImmediateOops: No
[2,568s][debug][gc,nmethod     ] Register NMethod: java.util.concurrent.ForkJoinPool.runWorker (0x000071df3fc3bb88) [0x000071df3fc3bc80, 0x000071df3fc3d9c0] Compiler: c1, Barriers: 13, Oops: 1, ImmediateOops: 1, NonImmediateOops: No
[2,569s][debug][gc,nmethod     ] Register NMethod: java.util.concurrent.ForkJoinPool.runWorker (0x000071df3fc3da08) [0x000071df3fc3db00, 0x000071df3fc3f610] Compiler: c1, Barriers: 13, Oops: 1, ImmediateOops: 1, NonImmediateOops: No
[2,569s][debug][gc,nmethod     ] Register NMethod: java.lang.Exception.<init> (0x000071df3fc3f688) [0x000071df3fc3f780, 0x000071df3fc3f8b0] Compiler: c1, Barriers: 0, Oops: 0, ImmediateOops: 0, NonImmediateOops: No
[2,570s][debug][gc,nmethod     ] Register NMethod: java.lang.Throwable.<init> (0x000071df3fc3f988) [0x000071df3fc3fa80, 0x000071df3fc401c8] Compiler: c1, Barriers: 10, Oops: 0, ImmediateOops: 3, NonImmediateOops: No
[2,570s][debug][gc,nmethod     ] Register NMethod: jdk.internal.util.DecimalDigits.stringSize (0x000071df3fc40208) [0x000071df3fc40300, 0x000071df3fc40538] Compiler: c1, Barriers: 0, Oops: 0, ImmediateOops: 0, NonImmediateOops: No
[2,570s][debug][gc,nmethod     ] Register NMethod: kotlin.Result.constructor-impl (0x000071df3fc40588) [0x000071df3fc40680, 0x000071df3fc40760] Compiler: c1, Barriers: 0, Oops: 1, ImmediateOops: 0, NonImmediateOops: No
[2,570s][debug][gc,nmethod     ] Register NMethod: java.util.concurrent.ForkJoinPool.deactivate (0x000071df5ecdb908) [0x000071df5ecdba00, 0x000071df5ecdc558] Compiler: jvmci, Barriers: 21, Oops: 0, ImmediateOops: 1, NonImmediateOops: No
[2,570s][debug][gc,nmethod     ] Register NMethod: kotlinx.coroutines.JobSupport.getState$kotlinx_coroutines_core (0x000071df3fc40888) [0x000071df3fc40980, 0x000071df3fc414b0] Compiler: c1, Barriers: 1, Oops: 2, ImmediateOops: 3, NonImmediateOops: No
[2,570s][debug][gc,nmethod     ] Register NMethod: jdk.internal.util.DecimalDigits.uncheckedGetCharsLatin1 (0x000071df3fc41508) [0x000071df3fc41600, 0x000071df3fc41b10] Compiler: c1, Barriers: 0, Oops: 0, ImmediateOops: 0, NonImmediateOops: No
[2,571s][debug][gc,nmethod     ] Register NMethod: kotlinx.coroutines.JobSupport.get (0x000071df3fc41b88) [0x000071df3fc41c80, 0x000071df3fc42b80] Compiler: c1, Barriers: 1, Oops: 4, ImmediateOops: 3, NonImmediateOops: No
[2,571s][debug][gc,nmethod     ] Register NMethod: kotlin.coroutines.CoroutineContext$DefaultImpls.plus (0x000071df3fc42c08) [0x000071df3fc42d00, 0x000071df3fc43aa8] Compiler: c1, Barriers: 1, Oops: 4, ImmediateOops: 5, NonImmediateOops: No
[2,571s][debug][gc,nmethod     ] Register NMethod: kotlinx.coroutines.Job$DefaultImpls.get (0x000071df3fc43b08) [0x000071df3fc43c00, 0x000071df3fc45350] Compiler: c1, Barriers: 2, Oops: 4, ImmediateOops: 6, NonImmediateOops: No
[2,571s][debug][gc,nmethod     ] Register NMethod: java.nio.Buffer.limit (0x000071df5ecdc588) [0x000071df5ecdc680, 0x000071df5ecdc790] Compiler: jvmci, Barriers: 0, Oops: 0, ImmediateOops: 0, NonImmediateOops: No
[2,573s][debug][gc,nmethod     ] Register NMethod: java.util.Arrays$ArrayItr.next (0x000071df5ecdc888) [0x000071df5ecdc980, 0x000071df5ecdcad0] Compiler: jvmci, Barriers: 2, Oops: 0, ImmediateOops: 0, NonImmediateOops: No
[2,574s][debug][gc,nmethod     ] Register NMethod: io.sirix.access.trx.RevisionEpochTracker.register (0x000071df5ecdcb88) [0x000071df5ecdcc80, 0x000071df5ecdd3c8] Compiler: jvmci, Barriers: 6, Oops: 2, ImmediateOops: 0, NonImmediateOops: No
[2,574s][debug][gc,nmethod     ] Register NMethod: kotlinx.coroutines.channels.BufferedChannel.isRendezvousOrUnlimited (0x000071df3fc45388) [0x000071df3fc45480, 0x000071df3fc459d0] Compiler: c1, Barriers: 0, Oops: 2, ImmediateOops: 3, NonImmediateOops: No
[2,575s][debug][gc,nmethod     ] Register NMethod: org.slf4j.impl.StaticLoggerBinder.getSingleton (0x000071df3fc45a08) [0x000071df3fc45b00, 0x000071df3fc45c28] Compiler: c1, Barriers: 1, Oops: 1, ImmediateOops: 1, NonImmediateOops: No
[2,575s][debug][gc,nmethod     ] Register NMethod: ch.qos.logback.classic.selector.DefaultContextSelector.getLoggerContext (0x000071df3fc45d08) [0x000071df3fc45e00, 0x000071df3fc45f58] Compiler: c1, Barriers: 1, Oops: 1, ImmediateOops: 0, NonImmediateOops: No
[2,575s][debug][gc,nmethod     ] Register NMethod: org.slf4j.impl.StaticLoggerBinder.getLoggerFactory (0x000071df3fc46008) [0x000071df3fc46100, 0x000071df3fc46530] Compiler: c1, Barriers: 4, Oops: 1, ImmediateOops: 1, NonImmediateOops: No
[2,575s][debug][gc,nmethod     ] Register NMethod: org.slf4j.LoggerFactory.getLogger (0x000071df3fc46588) [0x000071df3fc46680, 0x000071df3fc469a8] Compiler: c1, Barriers: 0, Oops: 1, ImmediateOops: 0, NonImmediateOops: No
[2,576s][debug][gc,nmethod     ] Register NMethod: ch.qos.logback.classic.LoggerContext.getLogger (0x000071df3fc46a08) [0x000071df3fc46b00, 0x000071df3fc46df8] Compiler: c1, Barriers: 0, Oops: 1, ImmediateOops: 0, NonImmediateOops: No
[2,576s][debug][gc,nmethod     ] Register NMethod: ch.qos.logback.classic.LoggerContext.getLogger (0x000071df3fc46e08) [0x000071df3fc46f00, 0x000071df3fc48460] Compiler: c1, Barriers: 4, Oops: 1, ImmediateOops: 2, NonImmediateOops: No
[2,576s][debug][gc,nmethod     ] Register NMethod: org.slf4j.LoggerFactory.getILoggerFactory (0x000071df3fc48488) [0x000071df3fc48580, 0x000071df3fc48cf0] Compiler: c1, Barriers: 1, Oops: 2, ImmediateOops: 12, NonImmediateOops: No
[2,576s][debug][gc,nmethod     ] Register NMethod: java.lang.Long.valueOf (0x000071df5ecdd408) [0x000071df5ecdd500, 0x000071df5ecdd6a8] Compiler: jvmci, Barriers: 1, Oops: 0, ImmediateOops: 1, NonImmediateOops: No
[2,577s][debug][gc,nmethod     ] Register NMethod: sun.nio.fs.UnixPath.normalizeAndCheck (0x000071df5ecdd708) [0x000071df5ecdd800, 0x000071df5ecddf58] Compiler: jvmci, Barriers: 1, Oops: 0, ImmediateOops: 0, NonImmediateOops: No
[2,577s][debug][gc,nmethod     ] Register NMethod: java.lang.RuntimeException.<init> (0x000071df3fc48d08) [0x000071df3fc48e00, 0x000071df3fc48f90] Compiler: c1, Barriers: 0, Oops: 0, ImmediateOops: 0, NonImmediateOops: No
[2,577s][debug][gc,nmethod     ] Register NMethod: org.slf4j.LoggerFactory.getLogger (0x000071df3fc49008) [0x000071df3fc49100, 0x000071df3fc4cd60] Compiler: c1, Barriers: 18, Oops: 4, ImmediateOops: 10, NonImmediateOops: No
[2,577s][debug][gc,nmethod     ] Register NMethod: java.util.concurrent.atomic.AtomicReferenceArray.<init> (0x000071df3fc4cd88) [0x000071df3fc4ce80, 0x000071df3fc4d0e0] Compiler: c1, Barriers: 3, Oops: 0, ImmediateOops: 0, NonImmediateOops: No
[2,578s][debug][gc,nmethod     ] Register NMethod: io.sirix.page.PageReference.<init> (0x000071df5ecddf88) [0x000071df5ecde080, 0x000071df5ecde338] Compiler: jvmci, Barriers: 8, Oops: 1, ImmediateOops: 1, NonImmediateOops: No
[2,578s][debug][gc,director    ] Rule Major: Warmup 10%, Used: 310MB, UsedThreshold: 1228MB
[2,580s][debug][gc,nmethod     ] Register NMethod: kotlinx.coroutines.channels.BufferedChannelKt.access$getNO_CLOSE_CAUSE$p (0x000071df3fc4d108) [0x000071df3fc4d200, 0x000071df3fc4d2e8] Compiler: c1, Barriers: 0, Oops: 1, ImmediateOops: 1, NonImmediateOops: No
[2,580s][debug][gc,nmethod     ] Register NMethod: kotlinx.coroutines.internal.ConcurrentLinkedListNode.<init> (0x000071df3fc4d408) [0x000071df3fc4d500, 0x000071df3fc4d6d8] Compiler: c1, Barriers: 3, Oops: 1, ImmediateOops: 0, NonImmediateOops: No
[2,581s][debug][gc,nmethod     ] Register NMethod: kotlinx.coroutines.internal.Segment.<init> (0x000071df3fc4d708) [0x000071df3fc4d800, 0x000071df3fc4da48] Compiler: c1, Barriers: 3, Oops: 1, ImmediateOops: 0, NonImmediateOops: No
[2,581s][debug][gc,nmethod     ] Register NMethod: kotlinx.coroutines.channels.ChannelSegment.<init> (0x000071df3fc4da88) [0x000071df3fc4db80, 0x000071df3fc4e130] Compiler: c1, Barriers: 12, Oops: 1, ImmediateOops: 0, NonImmediateOops: No
[2,581s][debug][gc,nmethod     ] Register NMethod: kotlinx.coroutines.channels.BufferedChannelKt.access$initialBufferEnd (0x000071df3fc4e188) [0x000071df3fc4e280, 0x000071df3fc4e390] Compiler: c1, Barriers: 0, Oops: 1, ImmediateOops: 0, NonImmediateOops: No
[2,581s][debug][gc,nmethod     ] Register NMethod: kotlinx.coroutines.channels.BufferedChannelKt.initialBufferEnd (0x000071df3fc4e488) [0x000071df3fc4e580, 0x000071df3fc4e6f8] Compiler: c1, Barriers: 0, Oops: 1, ImmediateOops: 0, NonImmediateOops: No
[2,581s][debug][gc,nmethod     ] Register NMethod: kotlinx.coroutines.channels.ChannelKt.Channel$default (0x000071df3fc4e788) [0x000071df3fc4e880, 0x000071df3fc4ea40] Compiler: c1, Barriers: 0, Oops: 1, ImmediateOops: 1, NonImmediateOops: No
[2,581s][debug][gc,nmethod     ] Register NMethod: io.sirix.utils.LogWrapper.<init> (0x000071df3fc4ea88) [0x000071df3fc4eb80, 0x000071df3fc4f0b8] Compiler: c1, Barriers: 3, Oops: 1, ImmediateOops: 0, NonImmediateOops: No
[2,581s][debug][gc,nmethod     ] Register NMethod: kotlinx.coroutines.channels.ChannelKt.Channel (0x000071df3fc4f108) [0x000071df3fc4f200, 0x000071df3fc50a68] Compiler: c1, Barriers: 1, Oops: 2, ImmediateOops: 6, NonImmediateOops: No
[2,582s][debug][gc,nmethod     ] Register NMethod: kotlinx.coroutines.channels.BufferedChannel.<init> (0x000071df3fc50a88) [0x000071df3fc50b80, 0x000071df3fc52ad8] Compiler: c1, Barriers: 19, Oops: 6, ImmediateOops: 8, NonImmediateOops: No
[2,582s][debug][gc,nmethod     ] Register NMethod: com.google.common.collect.testing.AbstractIteratorTester.access$700 (0x000071df3fc52b88) [0x000071df3fc52c80, 0x000071df3fc52d68] Compiler: c1, Barriers: 0, Oops: 1, ImmediateOops: 1, NonImmediateOops: No
[2,582s][debug][gc,nmethod     ] Register NMethod: com.google.common.collect.testing.AbstractIteratorTester$8.executeAndCompare (0x000071df3fc52e88) [0x000071df3fc52f80, 0x000071df3fc531c0] Compiler: c1, Barriers: 1, Oops: 2, ImmediateOops: 1, NonImmediateOops: No
[2,582s][debug][gc,nmethod     ] Register NMethod: io.sirix.axis.AbstractAxis.remove (0x000071df3fc53208) [0x000071df3fc53300, 0x000071df3fc53478] Compiler: c1, Barriers: 0, Oops: 1, ImmediateOops: 0, NonImmediateOops: No
[2,582s][debug][gc,nmethod     ] Register NMethod: com.google.common.collect.testing.AbstractIteratorTester$MultiExceptionListIterator.throwIfInvalid (0x000071df3fc53508) [0x000071df3fc53600, 0x000071df3fc53ac0] Compiler: c1, Barriers: 4, Oops: 1, ImmediateOops: 3, NonImmediateOops: No
[2,582s][debug][gc,nmethod     ] Register NMethod: io.sirix.axis.CoroutineDescendantAxis.reset (0x000071df3fc53b08) [0x000071df3fc53c00, 0x000071df3fc53df0] Compiler: c1, Barriers: 3, Oops: 1, ImmediateOops: 1, NonImmediateOops: No
[2,582s][debug][gc,nmethod     ] Register NMethod: com.google.common.collect.testing.AbstractIteratorTester$MultiExceptionListIterator.remove (0x000071df3fc53e08) [0x000071df3fc53f00, 0x000071df3fc54160] Compiler: c1, Barriers: 4, Oops: 1, ImmediateOops: 1, NonImmediateOops: No
[2,582s][debug][gc,nmethod     ] Register NMethod: io.sirix.page.SerializationType.readPageFragments (0x000071df5ecde388) [0x000071df5ecde480, 0x000071df5ecdf498] Compiler: jvmci, Barriers: 24, Oops: 2, ImmediateOops: 1, NonImmediateOops: No
[2,583s][debug][gc,nmethod     ] Register NMethod: io.sirix.axis.CoroutineDescendantAxis$Producer.<init> (0x000071df3fc54188) [0x000071df3fc54280, 0x000071df3fc55ab0] Compiler: c1, Barriers: 19, Oops: 1, ImmediateOops: 3, NonImmediateOops: No
[2,583s][debug][gc,nmethod     ] Register NMethod: io.sirix.access.trx.node.AbstractNodeReadOnlyTrx.getLeftSiblingKey (0x000071df3fc55b08) [0x000071df3fc55c00, 0x000071df3fc56408] Compiler: c1, Barriers: 0, Oops: 1, ImmediateOops: 1, NonImmediateOops: No
[2,584s][debug][gc,nmethod     ] Register NMethod: kotlinx.coroutines.channels.ChannelSegment.casState$kotlinx_coroutines_core (0x000071df3fc56488) [0x000071df3fc56580, 0x000071df3fc568c0] Compiler: c1, Barriers: 1, Oops: 1, ImmediateOops: 0, NonImmediateOops: No
[2,585s][debug][gc,nmethod     ] Register NMethod: java.lang.invoke.MethodHandle.invokeBasic (0x000071df5ecdf508) [0x000071df5ecdf600, 0x000071df5ecdf898] Compiler: , Barriers: 0, Oops: 0, ImmediateOops: 0, NonImmediateOops: No
[2,585s][debug][gc,nmethod     ] Register NMethod: kotlinx.coroutines.channels.ChannelSegment.getState$kotlinx_coroutines_core (0x000071df3fc56908) [0x000071df3fc56a00, 0x000071df3fc57e68] Compiler: c1, Barriers: 3, Oops: 8, ImmediateOops: 9, NonImmediateOops: No
[2,585s][debug][gc,nmethod     ] Register NMethod: java.lang.invoke.VarHandleReferences$Array.compareAndSet (0x000071df3fc57f08) [0x000071df3fc58000, 0x000071df3fc5a478] Compiler: c1, Barriers: 10, Oops: 2, ImmediateOops: 1, NonImmediateOops: No
[2,585s][debug][gc,nmethod     ] Register NMethod: java.util.concurrent.atomic.AtomicReferenceArray.compareAndSet (0x000071df3fc5a508) [0x000071df3fc5a600, 0x000071df3fc5cb78] Compiler: c1, Barriers: 9, Oops: 7, ImmediateOops: 13, NonImmediateOops: No
[2,586s][debug][gc,nmethod     ] Register NMethod: io.sirix.node.xml.TextNode.hasRightSibling (0x000071df3fc5cc08) [0x000071df3fc5cd00, 0x000071df3fc62138] Compiler: c1, Barriers: 19, Oops: 7, ImmediateOops: 12, NonImmediateOops: No
[2,586s][debug][gc,nmethod     ] Register NMethod: sun.nio.fs.UnixPath.normalizeAndCheck (0x000071df5ecdf908) [0x000071df5ecdfa00, 0x000071df5ece01a0] Compiler: jvmci, Barriers: 1, Oops: 0, ImmediateOops: 0, NonImmediateOops: No
[2,586s][debug][gc,nmethod     ] Register NMethod: java.lang.invoke.VarHandleGuards.guard_LILL_Z (0x000071df3fc62188) [0x000071df3fc62280, 0x000071df3fc65170] Compiler: c1, Barriers: 28, Oops: 0, ImmediateOops: 2, NonImmediateOops: No
[2,586s][debug][gc,nmethod     ] Register NMethod: java.util.concurrent.ForkJoinPool.deactivate (0x000071df5ece0208) [0x000071df5ece0300, 0x000071df5ece12a0] Compiler: jvmci, Barriers: 28, Oops: 0, ImmediateOops: 1, NonImmediateOops: No
[2,588s][debug][gc,director    ] Rule Major: Warmup 10%, Used: 312MB, UsedThreshold: 1228MB
[2,589s][debug][gc,nmethod     ] Register NMethod: org.magicwerk.brownies.collections.IList$Iter.hasNext (0x000071df5ece1308) [0x000071df5ece1400, 0x000071df5ece1540] Compiler: jvmci, Barriers: 1, Oops: 1, ImmediateOops: 0, NonImmediateOops: No
[2,590s][debug][gc,nmethod     ] Register NMethod: java.lang.ThreadLocal.getCarrierThreadLocal (0x000071df5ece1608) [0x000071df5ece1700, 0x000071df5ece1ac0] Compiler: jvmci, Barriers: 9, Oops: 0, ImmediateOops: 0, NonImmediateOops: No
[2,590s][debug][gc,nmethod     ] Register NMethod: java.io.ByteArrayInputStream.close (0x000071df5ece1b08) [0x000071df5ece1c00, 0x000071df5ece1c80] Compiler: jvmci, Barriers: 0, Oops: 0, ImmediateOops: 0, NonImmediateOops: No
[2,593s][debug][gc,nmethod     ] Register NMethod: kotlinx.coroutines.AbstractCoroutine.getContext (0x000071df5ece1e08) [0x000071df5ece1f00, 0x000071df5ece1fe8] Compiler: c1, Barriers: 1, Oops: 1, ImmediateOops: 0, NonImmediateOops: No
[2,593s][debug][gc,nmethod     ] Register NMethod: kotlin.coroutines.CoroutineContext$DefaultImpls$$Lambda/0x00000000ae2806e0.invoke (0x000071df3fc65188) [0x000071df3fc65280, 0x000071df3fc657f8] Compiler: c1, Barriers: 0, Oops: 1, ImmediateOops: 0, NonImmediateOops: No
[2,593s][debug][gc,nmethod     ] Register NMethod: io.sirix.access.trx.RevisionEpochTracker.register (0x000071df5ece2108) [0x000071df5ece2200, 0x000071df5ece3318] Compiler: jvmci, Barriers: 18, Oops: 2, ImmediateOops: 0, NonImmediateOops: No
[2,593s][debug][gc,nmethod     ] Register NMethod: kotlinx.coroutines.scheduling.CoroutineScheduler$Worker.nextInt (0x000071df3fc65808) [0x000071df3fc65900, 0x000071df3fc65ab8] Compiler: c1, Barriers: 0, Oops: 1, ImmediateOops: 0, NonImmediateOops: No
[2,594s][debug][gc,nmethod     ] Register NMethod: kotlin.coroutines.jvm.internal.BaseContinuationImpl.<init> (0x000071df3fc65b08) [0x000071df3fc65c00, 0x000071df3fc65dd0] Compiler: c1, Barriers: 3, Oops: 1, ImmediateOops: 0, NonImmediateOops: No
[2,594s][debug][gc,nmethod     ] Register NMethod: kotlin.coroutines.jvm.internal.ContinuationImpl.<init> (0x000071df3fc65e08) [0x000071df3fc65f00, 0x000071df3fc661a8] Compiler: c1, Barriers: 6, Oops: 1, ImmediateOops: 0, NonImmediateOops: No
[2,594s][debug][gc,nmethod     ] Register NMethod: kotlin.coroutines.jvm.internal.ContinuationImpl.<init> (0x000071df3fc66208) [0x000071df3fc66300, 0x000071df3fc66880] Compiler: c1, Barriers: 6, Oops: 1, ImmediateOops: 0, NonImmediateOops: No
[2,594s][debug][gc,nmethod     ] Register NMethod: jdk.internal.misc.Unsafe.weakCompareAndSetLongRelease (0x000071df5ece3388) [0x000071df5ece3480, 0x000071df5ece3510] Compiler: jvmci, Barriers: 0, Oops: 0, ImmediateOops: 0, NonImmediateOops: No
[2,594s][debug][gc,nmethod     ] Register NMethod: io.sirix.node.xml.ElementNode.getLeftSiblingKey (0x000071df3fc66908) [0x000071df3fc66a00, 0x000071df3fc6b9f0] Compiler: c1, Barriers: 19, Oops: 7, ImmediateOops: 11, NonImmediateOops: No
[2,594s][debug][gc,nmethod     ] Register NMethod: java.lang.Thread.blockedOn (0x000071df5ece3688) [0x000071df5ece3780, 0x000071df5ece3a40] Compiler: jvmci, Barriers: 4, Oops: 0, ImmediateOops: 0, NonImmediateOops: No
[2,594s][debug][gc,nmethod     ] Register NMethod: java.lang.UnsupportedOperationException.<init> (0x000071df3fc6ba88) [0x000071df3fc6bb80, 0x000071df3fc6bd70] Compiler: c1, Barriers: 0, Oops: 0, ImmediateOops: 0, NonImmediateOops: No
[2,595s][debug][gc,nmethod     ] Register NMethod: kotlin.coroutines.CoroutineContext$DefaultImpls.plus$lambda$0 (0x000071df3fc6bd88) [0x000071df3fc6be80, 0x000071df3fc71fd0] Compiler: c1, Barriers: 33, Oops: 5, ImmediateOops: 31, NonImmediateOops: No
[2,596s][debug][gc,nmethod     ] Register NMethod: io.sirix.axis.CoroutineDescendantAxis.hasNextNode (0x000071df3fc72008) [0x000071df3fc72100, 0x000071df3fc73088] Compiler: c1, Barriers: 1, Oops: 1, ImmediateOops: 1, NonImmediateOops: No
[2,596s][debug][gc,nmethod     ] Register NMethod: kotlinx.coroutines.internal.DispatchedContinuation.getContext (0x000071df3fc73108) [0x000071df3fc73200, 0x000071df3fc73540] Compiler: c1, Barriers: 1, Oops: 1, ImmediateOops: 0, NonImmediateOops: No
[2,596s][debug][gc,nmethod     ] Register NMethod: kotlinx.coroutines.scheduling.CoroutineScheduler$Worker.getIndexInArray (0x000071df5ece3a88) [0x000071df5ece3b80, 0x000071df5ece3c40] Compiler: c1, Barriers: 0, Oops: 1, ImmediateOops: 0, NonImmediateOops: No
[2,596s][debug][gc,nmethod     ] Register NMethod: kotlinx.coroutines.scheduling.CoroutineScheduler$Worker.inStack (0x000071df3fc73588) [0x000071df3fc73680, 0x000071df3fc73818] Compiler: c1, Barriers: 1, Oops: 1, ImmediateOops: 1, NonImmediateOops: No
[2,596s][debug][gc,nmethod     ] Register NMethod: kotlinx.coroutines.scheduling.WorkQueue.trySteal (0x000071df3fc73888) [0x000071df3fc73980, 0x000071df3fc73c60] Compiler: c1, Barriers: 3, Oops: 1, ImmediateOops: 0, NonImmediateOops: No
[2,596s][debug][gc,nmethod     ] Register NMethod: kotlin.Result.exceptionOrNull-impl (0x000071df3fc73c88) [0x000071df3fc73d80, 0x000071df3fc742f0] Compiler: c1, Barriers: 1, Oops: 1, ImmediateOops: 0, NonImmediateOops: No
[2,597s][debug][gc,nmethod     ] Register NMethod: kotlinx.coroutines.scheduling.CoroutineScheduler$Worker.setNextParkedWorker (0x000071df5ece3d88) [0x000071df5ece3e80, 0x000071df5ece3fc0] Compiler: c1, Barriers: 3, Oops: 1, ImmediateOops: 0, NonImmediateOops: No
[2,597s][debug][gc,nmethod     ] Register NMethod: kotlinx.coroutines.scheduling.CoroutineScheduler$Worker.getNextParkedWorker (0x000071df5ece4088) [0x000071df5ece4180, 0x000071df5ece4270] Compiler: c1, Barriers: 1, Oops: 1, ImmediateOops: 0, NonImmediateOops: No
[2,597s][debug][gc,nmethod     ] Register NMethod: kotlinx.coroutines.internal.DispatchedContinuationKt.access$getUNDEFINED$p (0x000071df3fc74308) [0x000071df3fc74400, 0x000071df3fc744e8] Compiler: c1, Barriers: 0, Oops: 1, ImmediateOops: 1, NonImmediateOops: No
[2,597s][debug][gc,nmethod     ] Register NMethod: kotlinx.coroutines.scheduling.WorkQueue.pollBuffer (0x000071df3fc74608) [0x000071df3fc74700, 0x000071df3fc757e0] Compiler: c1, Barriers: 2, Oops: 4, ImmediateOops: 8, NonImmediateOops: No
[2,597s][debug][gc,nmethod     ] Register NMethod: kotlin.coroutines.jvm.internal.SuspendLambda.<init> (0x000071df3fc75808) [0x000071df3fc75900, 0x000071df3fc75f00] Compiler: c1, Barriers: 6, Oops: 1, ImmediateOops: 0, NonImmediateOops: No
[2,597s][debug][gc,nmethod     ] Register NMethod: kotlinx.coroutines.scheduling.WorkQueue.tryStealLastScheduled (0x000071df3fc75f88) [0x000071df3fc76080, 0x000071df3fc76be0] Compiler: c1, Barriers: 6, Oops: 2, ImmediateOops: 5, NonImmediateOops: No
[2,597s][debug][gc,nmethod     ] Register NMethod: java.util.concurrent.atomic.AtomicLongFieldUpdater$CASUpdater.compareAndSet (0x000071df3fc76c08) [0x000071df3fc76d00, 0x000071df3fc77140] Compiler: c1, Barriers: 1, Oops: 0, ImmediateOops: 0, NonImmediateOops: No
[2,597s][debug][gc,nmethod     ] Register NMethod: kotlin.coroutines.CombinedContext.plus (0x000071df3fc77188) [0x000071df3fc77280, 0x000071df3fc780b0] Compiler: c1, Barriers: 1, Oops: 4, ImmediateOops: 5, NonImmediateOops: No
[2,597s][debug][gc,nmethod     ] Register NMethod: java.lang.Thread.setName (0x000071df3fc78108) [0x000071df3fc78200, 0x000071df3fc78aa0] Compiler: c1, Barriers: 4, Oops: 0, ImmediateOops: 1, NonImmediateOops: No
[2,597s][debug][gc,nmethod     ] Register NMethod: java.util.concurrent.atomic.AtomicReferenceFieldUpdater$AtomicReferenceFieldUpdaterImpl.set (0x000071df3fc78b08) [0x000071df3fc78c00, 0x000071df3fc79478] Compiler: c1, Barriers: 5, Oops: 0, ImmediateOops: 0, NonImmediateOops: No
[2,597s][debug][gc,nmethod     ] Register NMethod: java.util.concurrent.atomic.AtomicLongFieldUpdater$CASUpdater.getAndIncrement (0x000071df3fc79488) [0x000071df3fc79580, 0x000071df3fc79878] Compiler: c1, Barriers: 0, Oops: 0, ImmediateOops: 0, NonImmediateOops: No
[2,597s][debug][gc,nmethod     ] Register NMethod: kotlin.coroutines.jvm.internal.Boxing.boxLong (0x000071df3fc79888) [0x000071df3fc79980, 0x000071df3fc79bd0] Compiler: c1, Barriers: 0, Oops: 1, ImmediateOops: 0, NonImmediateOops: No
[2,598s][debug][gc,nmethod     ] Register NMethod: kotlinx.coroutines.Empty.getList (0x000071df5ece4388) [0x000071df5ece4480, 0x000071df5ece4548] Compiler: c1, Barriers: 0, Oops: 1, ImmediateOops: 0, NonImmediateOops: No
[2,598s][debug][gc,nmethod     ] Register NMethod: java.util.concurrent.atomic.AtomicReferenceFieldUpdater$AtomicReferenceFieldUpdaterImpl.compareAndSet (0x000071df3fc79c08) [0x000071df3fc79d00, 0x000071df3fc7a590] Compiler: c1, Barriers: 7, Oops: 0, ImmediateOops: 0, NonImmediateOops: No
[2,598s][debug][gc,nmethod     ] Register NMethod: kotlinx.coroutines.JobSupport.getParentHandle$kotlinx_coroutines_core (0x000071df3fc7a608) [0x000071df3fc7a700, 0x000071df3fc7adb8] Compiler: c1, Barriers: 1, Oops: 2, ImmediateOops: 3, NonImmediateOops: No
[2,598s][debug][gc,nmethod     ] Register NMethod: kotlinx.coroutines.JobSupport.setParentHandle$kotlinx_coroutines_core (0x000071df3fc7ae08) [0x000071df3fc7af00, 0x000071df3fc7b058] Compiler: c1, Barriers: 0, Oops: 1, ImmediateOops: 1, NonImmediateOops: No
[2,598s][debug][gc,nmethod     ] Register NMethod: kotlinx.coroutines.scheduling.CoroutineScheduler.isTerminated (0x000071df3fc7b108) [0x000071df3fc7b200, 0x000071df3fc7b6b0] Compiler: c1, Barriers: 0, Oops: 2, ImmediateOops: 3, NonImmediateOops: No
[2,598s][debug][gc,director    ] Rule Major: Warmup 10%, Used: 316MB, UsedThreshold: 1228MB
[2,598s][debug][gc,nmethod     ] Register NMethod: kotlin.ResultKt.throwOnFailure (0x000071df3fc7b708) [0x000071df3fc7b800, 0x000071df3fc7bd58] Compiler: c1, Barriers: 1, Oops: 1, ImmediateOops: 0, NonImmediateOops: No
[2,599s][debug][gc,nmethod     ] Register NMethod: kotlinx.coroutines.AbstractTimeSourceKt.getTimeSource (0x000071df3fc7bd88) [0x000071df3fc7be80, 0x000071df3fc7bfa8] Compiler: c1, Barriers: 1, Oops: 1, ImmediateOops: 1, NonImmediateOops: No
[2,599s][debug][gc,nmethod     ] Register NMethod: org.magicwerk.brownies.collections.IList.checkIndexAdd (0x000071df5ece4688) [0x000071df5ece4780, 0x000071df5ece4870] Compiler: jvmci, Barriers: 0, Oops: 1, ImmediateOops: 0, NonImmediateOops: No
[2,599s][debug][gc,nmethod     ] Register NMethod: kotlinx.coroutines.channels.BufferedChannel.isClosed (0x000071df3fc7c088) [0x000071df3fc7c180, 0x000071df3fc7d540] Compiler: c1, Barriers: 0, Oops: 2, ImmediateOops: 2, NonImmediateOops: No
[2,599s][debug][gc,nmethod     ] Register NMethod: java.lang.Long.hashCode (0x000071df5ece4988) [0x000071df5ece4a80, 0x000071df5ece4b18] Compiler: jvmci, Barriers: 0, Oops: 0, ImmediateOops: 0, NonImmediateOops: No
[2,599s][debug][gc,nmethod     ] Register NMethod: java.util.concurrent.atomic.AtomicReferenceArray.lazySet (0x000071df3fc7d588) [0x000071df3fc7d680, 0x000071df3fc7f7f0] Compiler: c1, Barriers: 4, Oops: 7, ImmediateOops: 11, NonImmediateOops: No
[2,599s][debug][gc,nmethod     ] Register NMethod: kotlinx.coroutines.channels.ChannelSegment.setElementLazy (0x000071df3fc7f888) [0x000071df3fc7f980, 0x000071df3fc81d40] Compiler: c1, Barriers: 5, Oops: 8, ImmediateOops: 11, NonImmediateOops: No
[2,600s][debug][gc,nmethod     ] Register NMethod: org.magicwerk.brownies.collections.IList$Iter.next (0x000071df5ece4c88) [0x000071df5ece4d80, 0x000071df5ece5030] Compiler: jvmci, Barriers: 4, Oops: 1, ImmediateOops: 0, NonImmediateOops: No
[2,600s][debug][gc,nmethod     ] Register NMethod: kotlinx.coroutines.channels.BufferedChannel.isClosedForSend0 (0x000071df3fc81d88) [0x000071df3fc81e80, 0x000071df3fc81fc0] Compiler: c1, Barriers: 0, Oops: 1, ImmediateOops: 0, NonImmediateOops: No
[2,600s][debug][gc,nmethod     ] Register NMethod: kotlinx.coroutines.channels.BufferedChannel.access$isClosedForSend0 (0x000071df3fc82088) [0x000071df3fc82180, 0x000071df3fc82308] Compiler: c1, Barriers: 0, Oops: 1, ImmediateOops: 0, NonImmediateOops: No
[2,600s][debug][gc,nmethod     ] Register NMethod: kotlinx.coroutines.channels.BufferedChannel.send (0x000071df3fc82388) [0x000071df3fc82480, 0x000071df3fc825b0] Compiler: c1, Barriers: 0, Oops: 1, ImmediateOops: 0, NonImmediateOops: No
[2,600s][debug][gc,nmethod     ] Register NMethod: kotlinx.coroutines.channels.BufferedChannel.access$getSendSegment$FU$p (0x000071df3fc82688) [0x000071df3fc82780, 0x000071df3fc82868] Compiler: c1, Barriers: 0, Oops: 1, ImmediateOops: 1, NonImmediateOops: No
[2,600s][debug][gc,nmethod     ] Register NMethod: kotlinx.coroutines.channels.BufferedChannel.access$getSendersAndCloseStatus$FU$p (0x000071df3fc82988) [0x000071df3fc82a80, 0x000071df3fc82b68] Compiler: c1, Barriers: 0, Oops: 1, ImmediateOops: 1, NonImmediateOops: No
[2,600s][debug][gc,nmethod     ] Register NMethod: java.nio.ByteBuffer.limit (0x000071df5ece5088) [0x000071df5ece5180, 0x000071df5ece5290] Compiler: jvmci, Barriers: 0, Oops: 0, ImmediateOops: 0, NonImmediateOops: No
[2,600s][debug][gc,nmethod     ] Register NMethod: kotlinx.coroutines.channels.BufferedChannel.access$updateCellSend (0x000071df3fc82c88) [0x000071df3fc82d80, 0x000071df3fc82ea8] Compiler: c1, Barriers: 0, Oops: 1, ImmediateOops: 0, NonImmediateOops: No
[2,600s][debug][gc,nmethod     ] Register NMethod: kotlinx.coroutines.channels.BufferedChannel.bufferOrRendezvousSend (0x000071df3fc82f88) [0x000071df3fc83080, 0x000071df3fc83b40] Compiler: c1, Barriers: 0, Oops: 3, ImmediateOops: 6, NonImmediateOops: No
[2,600s][debug][gc,nmethod     ] Register NMethod: kotlinx.coroutines.channels.ChannelSegment.storeElement$kotlinx_coroutines_core (0x000071df3fc83b88) [0x000071df3fc83c80, 0x000071df3fc860a0] Compiler: c1, Barriers: 5, Oops: 8, ImmediateOops: 11, NonImmediateOops: No
[2,601s][debug][gc,nmethod     ] Register NMethod: kotlinx.coroutines.channels.BufferedChannel.send$suspendImpl (0x000071df3fc86108) [0x000071df3fc86200, 0x000071df3fc88c70] Compiler: c1, Barriers: 1, Oops: 5, ImmediateOops: 16, NonImmediateOops: No
[2,602s][debug][gc,nmethod     ] Register NMethod: java.util.UUID.parse4Nibbles (0x000071df5ece5388) [0x000071df5ece5480, 0x000071df5ece5758] Compiler: jvmci, Barriers: 1, Oops: 0, ImmediateOops: 1, NonImmediateOops: No
[2,602s][debug][gc,nmethod     ] Register NMethod: com.google.common.collect.testing.Helpers.addAll (0x000071df5ece5788) [0x000071df5ece58a0, 0x000071df5ece80d8] Compiler: jvmci, Barriers: 61, Oops: 3, ImmediateOops: 1, NonImmediateOops: No
[2,603s][debug][gc,nmethod     ] Register NMethod: kotlinx.coroutines.channels.BufferedChannel.updateCellSend (0x000071df3fc88d08) [0x000071df3fc88e00, 0x000071df3fc92600] Compiler: c1, Barriers: 25, Oops: 13, ImmediateOops: 47, NonImmediateOops: No
[2,608s][debug][gc,director    ] Rule Major: Warmup 10%, Used: 318MB, UsedThreshold: 1228MB
[2,611s][debug][gc,nmethod     ] Register NMethod: net.jpountz.lz4.LZ4BlockInputStream.refill (0x000071df5ece8108) [0x000071df5ece8200, 0x000071df5ecea6f8] Compiler: jvmci, Barriers: 25, Oops: 1, ImmediateOops: 1, NonImmediateOops: No
[2,611s][debug][gc,nmethod     ] Register NMethod: java.lang.invoke.DirectMethodHandle$Holder.fieldAccess (0x000071df5ecea708) [0x000071df5ecea800, 0x000071df5ecea910] Compiler: jvmci, Barriers: 0, Oops: 0, ImmediateOops: 0, NonImmediateOops: No
[2,612s][debug][gc,nmethod     ] Register NMethod: kotlinx.coroutines.scheduling.TaskContextImpl.getTaskMode (0x000071df5eceaa08) [0x000071df5eceab00, 0x000071df5eceabc0] Compiler: c1, Barriers: 0, Oops: 1, ImmediateOops: 0, NonImmediateOops: No
[2,612s][debug][gc,nmethod     ] Register NMethod: kotlinx.coroutines.CoroutineContextKt.hasCopyableElements (0x000071df3fc92688) [0x000071df3fc92780, 0x000071df3fc92ec8] Compiler: c1, Barriers: 0, Oops: 1, ImmediateOops: 2, NonImmediateOops: No
[2,612s][debug][gc,nmethod     ] Register NMethod: com.google.common.collect.testing.AbstractIteratorTester$PermittedMetaException.assertPermitted (0x000071df3fc92f08) [0x000071df3fc93000, 0x000071df3fc95aa8] Compiler: c1, Barriers: 4, Oops: 3, ImmediateOops: 6, NonImmediateOops: No
[2,612s][debug][gc,nmethod     ] Register NMethod: kotlinx.coroutines.EventLoop_commonKt.access$getCLOSED_EMPTY$p (0x000071df3fc95b08) [0x000071df3fc95c00, 0x000071df3fc95ce8] Compiler: c1, Barriers: 0, Oops: 1, ImmediateOops: 1, NonImmediateOops: No
[2,612s][debug][gc,nmethod     ] Register NMethod: java.lang.StringBuilder.<init> (0x000071df3fc95e08) [0x000071df3fc95f00, 0x000071df3fc96030] Compiler: c1, Barriers: 0, Oops: 0, ImmediateOops: 0, NonImmediateOops: No
[2,612s][debug][gc,nmethod     ] Register NMethod: java.nio.Buffer.<init> (0x000071df5ecead08) [0x000071df5eceae00, 0x000071df5eceb150] Compiler: jvmci, Barriers: 3, Oops: 0, ImmediateOops: 0, NonImmediateOops: No
[2,613s][debug][gc,nmethod     ] Register NMethod: kotlin.coroutines.CoroutineContext$Element$DefaultImpls.minusKey (0x000071df3fc96108) [0x000071df3fc96200, 0x000071df3fc971f0] Compiler: c1, Barriers: 1, Oops: 3, ImmediateOops: 4, NonImmediateOops: No
[2,613s][debug][gc,nmethod     ] Register NMethod: kotlin.coroutines.AbstractCoroutineContextElement.minusKey (0x000071df3fc97288) [0x000071df3fc97380, 0x000071df3fc981c0] Compiler: c1, Barriers: 1, Oops: 3, ImmediateOops: 4, NonImmediateOops: No
[2,613s][debug][gc,nmethod     ] Register NMethod: java.util.concurrent.atomic.AtomicLongFieldUpdater$CASUpdater.addAndGet (0x000071df3fc98208) [0x000071df3fc98300, 0x000071df3fc98608] Compiler: c1, Barriers: 0, Oops: 0, ImmediateOops: 0, NonImmediateOops: No
[2,614s][debug][gc,nmethod     ] Register NMethod: kotlinx.coroutines.scheduling.CoroutineScheduler$Worker.findTask (0x000071df3fc98688) [0x000071df3fc98780, 0x000071df3fc98980] Compiler: c1, Barriers: 0, Oops: 1, ImmediateOops: 0, NonImmediateOops: No
[2,614s][debug][gc,nmethod     ] Register NMethod: kotlinx.coroutines.Empty.isActive (0x000071df5eceb188) [0x000071df5eceb280, 0x000071df5eceb340] Compiler: c1, Barriers: 0, Oops: 1, ImmediateOops: 0, NonImmediateOops: No
[2,614s][debug][gc,nmethod     ] Register NMethod: kotlin.coroutines.AbstractCoroutineContextElement.<init> (0x000071df3fc98a08) [0x000071df3fc98b00, 0x000071df3fc99448] Compiler: c1, Barriers: 4, Oops: 3, ImmediateOops: 3, NonImmediateOops: No
[2,614s][debug][gc,nmethod     ] Register NMethod: kotlinx.coroutines.CoroutineDispatcher.isDispatchNeeded (0x000071df5eceb488) [0x000071df5eceb580, 0x000071df5eceb640] Compiler: c1, Barriers: 0, Oops: 1, ImmediateOops: 0, NonImmediateOops: No
[2,614s][debug][gc,nmethod     ] Register NMethod: kotlinx.coroutines.scheduling.CoroutineScheduler$Worker.tryAcquireCpuPermit (0x000071df3fc99488) [0x000071df3fc99580, 0x000071df3fc99dd0] Compiler: c1, Barriers: 5, Oops: 2, ImmediateOops: 7, NonImmediateOops: No
[2,614s][debug][gc,nmethod     ] Register NMethod: kotlinx.coroutines.scheduling.CoroutineScheduler$Worker.pollGlobalQueues (0x000071df3fc99e08) [0x000071df3fc99f00, 0x000071df3fc9b4c0] Compiler: c1, Barriers: 8, Oops: 1, ImmediateOops: 0, NonImmediateOops: No
[2,615s][debug][gc,nmethod     ] Register NMethod: kotlinx.coroutines.CompletionStateKt.toState (0x000071df3fc9b508) [0x000071df3fc9b600, 0x000071df3fc9bdc0] Compiler: c1, Barriers: 1, Oops: 1, ImmediateOops: 0, NonImmediateOops: No
[2,615s][debug][gc,nmethod     ] Register NMethod: kotlinx.coroutines.CoroutineContextKt$hasCopyableElements$1.invoke (0x000071df3fc9be08) [0x000071df3fc9bf00, 0x000071df3fc9cb78] Compiler: c1, Barriers: 0, Oops: 1, ImmediateOops: 2, NonImmediateOops: No
[2,615s][debug][gc,nmethod     ] Register NMethod: kotlinx.coroutines.CoroutineContextKt$hasCopyableElements$1.invoke (0x000071df3fc9cb88) [0x000071df3fc9cc80, 0x000071df3fc9d0e0] Compiler: c1, Barriers: 0, Oops: 1, ImmediateOops: 2, NonImmediateOops: No
[2,616s][debug][gc,nmethod     ] Register NMethod: java.util.ArrayList.iterator (0x000071df5eceb788) [0x000071df5eceb880, 0x000071df5eceb9c0] Compiler: jvmci, Barriers: 2, Oops: 0, ImmediateOops: 0, NonImmediateOops: No
[2,616s][debug][gc,nmethod     ] Register NMethod: kotlinx.coroutines.UndispatchedMarker.getKey (0x000071df3fc9d108) [0x000071df3fc9d200, 0x000071df3fc9d300] Compiler: c1, Barriers: 0, Oops: 1, ImmediateOops: 0, NonImmediateOops: No
[2,616s][debug][gc,nmethod     ] Register NMethod: kotlinx.coroutines.CoroutineName.getName (0x000071df5eceba88) [0x000071df5ecebb80, 0x000071df5ecebc68] Compiler: c1, Barriers: 1, Oops: 1, ImmediateOops: 0, NonImmediateOops: No
[2,616s][debug][gc,nmethod     ] Register NMethod: kotlinx.coroutines.internal.LockFreeTaskQueueCore$Companion.wo (0x000071df3fc9d408) [0x000071df3fc9d500, 0x000071df3fc9d610] Compiler: c1, Barriers: 0, Oops: 1, ImmediateOops: 0, NonImmediateOops: No
[2,616s][debug][gc,nmethod     ] Register NMethod: kotlinx.coroutines.DebugKt.getASSERTIONS_ENABLED (0x000071df5ecebd88) [0x000071df5ecebe80, 0x000071df5ecebee8] Compiler: jvmci, Barriers: 0, Oops: 1, ImmediateOops: 0, NonImmediateOops: No
[2,617s][debug][gc,nmethod     ] Register NMethod: kotlinx.coroutines.scheduling.CoroutineScheduler$Worker.tryPark (0x000071df3fc9d708) [0x000071df3fc9d800, 0x000071df3fc9ed88] Compiler: c1, Barriers: 6, Oops: 3, ImmediateOops: 11, NonImmediateOops: No
[2,617s][debug][gc,nmethod     ] Register NMethod: io.sirix.axis.AbstractAxis.<init> (0x000071df3fc9ee08) [0x000071df3fc9ef00, 0x000071df3fc9fa88] Compiler: c1, Barriers: 9, Oops: 1, ImmediateOops: 1, NonImmediateOops: No
[2,617s][debug][gc,nmethod     ] Register NMethod: kotlinx.coroutines.scheduling.CoroutineScheduler$Worker.trySteal (0x000071df3fc9fb08) [0x000071df3fc9fc00, 0x000071df3fca2748] Compiler: c1, Barriers: 13, Oops: 9, ImmediateOops: 12, NonImmediateOops: No
[2,617s][debug][gc,nmethod     ] Register NMethod: io.sirix.axis.AbstractAxis.nextLong (0x000071df3fb6ba88) [0x000071df3fb6bb80, 0x000071df3fb6c600] Compiler: c1, Barriers: 5, Oops: 1, ImmediateOops: 1, NonImmediateOops: No
[2,617s][debug][gc,nmethod     ] Register NMethod: java.util.concurrent.atomic.AtomicIntegerFieldUpdater$AtomicIntegerFieldUpdaterImpl.getAndAdd (0x000071df3fca2808) [0x000071df3fca2900, 0x000071df3fca2d18] Compiler: c1, Barriers: 1, Oops: 0, ImmediateOops: 0, NonImmediateOops: No
[2,618s][debug][gc,nmethod     ] Register NMethod: kotlinx.coroutines.JobSupportKt.access$getCOMPLETING_ALREADY$p (0x000071df3fca2d88) [0x000071df3fca2e80, 0x000071df3fca2f68] Compiler: c1, Barriers: 0, Oops: 1, ImmediateOops: 1, NonImmediateOops: No
[2,618s][debug][gc,nmethod     ] Register NMethod: java.util.concurrent.ForkJoinPool.deactivate (0x000071df3fca3088) [0x000071df3fca3180, 0x000071df3fca3c28] Compiler: c1, Barriers: 4, Oops: 0, ImmediateOops: 0, NonImmediateOops: No
[2,618s][debug][gc,nmethod     ] Register NMethod: org.magicwerk.brownies.collections.GapList.doEnsureCapacity (0x000071df5ecec088) [0x000071df5ecec180, 0x000071df5ecec288] Compiler: jvmci, Barriers: 1, Oops: 1, ImmediateOops: 0, NonImmediateOops: No
[2,618s][debug][gc,nmethod     ] Register NMethod: kotlinx.coroutines.scheduling.Task.<init> (0x000071df3fca3c88) [0x000071df3fca3d80, 0x000071df3fca3f58] Compiler: c1, Barriers: 3, Oops: 1, ImmediateOops: 0, NonImmediateOops: No
[2,618s][debug][gc,nmethod     ] Register NMethod: kotlinx.coroutines.JobSupportKt.access$getEMPTY_ACTIVE$p (0x000071df3fca3f88) [0x000071df3fca4080, 0x000071df3fca4168] Compiler: c1, Barriers: 0, Oops: 1, ImmediateOops: 1, NonImmediateOops: No
[2,619s][debug][gc,director    ] Rule Major: Warmup 10%, Used: 322MB, UsedThreshold: 1228MB
[2,619s][debug][gc,nmethod     ] Register NMethod: java.nio.ByteBuffer.<init> (0x000071df5ecec388) [0x000071df5ecec480, 0x000071df5ecec7d0] Compiler: jvmci, Barriers: 6, Oops: 0, ImmediateOops: 0, NonImmediateOops: No
[2,619s][debug][gc,nmethod     ] Register NMethod: kotlinx.coroutines.CoroutineId.updateThreadContext (0x000071df3fca4288) [0x000071df3fca4380, 0x000071df3fca4678] Compiler: c1, Barriers: 0, Oops: 1, ImmediateOops: 0, NonImmediateOops: No
[2,619s][debug][gc,nmethod     ] Register NMethod: kotlinx.coroutines.scheduling.CoroutineScheduler$Worker.findAnyTask (0x000071df3fca4688) [0x000071df3fca4780, 0x000071df3fca5308] Compiler: c1, Barriers: 2, Oops: 1, ImmediateOops: 1, NonImmediateOops: No
[2,619s][debug][gc,nmethod     ] Register NMethod: java.lang.StringBuilder.append (0x000071df3fca5388) [0x000071df3fca5480, 0x000071df3fca55c8] Compiler: c1, Barriers: 0, Oops: 0, ImmediateOops: 0, NonImmediateOops: No
[2,619s][debug][gc,nmethod     ] Register NMethod: kotlin.text.StringsKt__StringsKt.lastIndexOf$default (0x000071df3fca5688) [0x000071df3fca5780, 0x000071df3fca6350] Compiler: c1, Barriers: 1, Oops: 3, ImmediateOops: 3, NonImmediateOops: No
[2,619s][debug][gc,nmethod     ] Register NMethod: java.lang.AbstractStringBuilder.append (0x000071df3fca6388) [0x000071df3fca6480, 0x000071df3fca6860] Compiler: c1, Barriers: 4, Oops: 0, ImmediateOops: 0, NonImmediateOops: No
[2,619s][debug][gc,nmethod     ] Register NMethod: kotlinx.coroutines.internal.ThreadContextKt.updateThreadContext (0x000071df3fca6888) [0x000071df3fca6980, 0x000071df3fca8aa8] Compiler: c1, Barriers: 2, Oops: 3, ImmediateOops: 9, NonImmediateOops: No
[2,619s][debug][gc,nmethod     ] Register NMethod: kotlin.text.StringsKt__StringsKt.getLastIndex (0x000071df3fca8b08) [0x000071df3fca8c00, 0x000071df3fca9658] Compiler: c1, Barriers: 1, Oops: 3, ImmediateOops: 3, NonImmediateOops: No
[2,619s][debug][gc,nmethod     ] Register NMethod: kotlinx.coroutines.CoroutineId.restoreThreadContext (0x000071df3fca9688) [0x000071df3fca9780, 0x000071df3fca9ee0] Compiler: c1, Barriers: 1, Oops: 1, ImmediateOops: 0, NonImmediateOops: No
[2,619s][debug][gc,nmethod     ] Register NMethod: kotlinx.coroutines.CoroutineId.restoreThreadContext (0x000071df3fca9f08) [0x000071df3fcaa000, 0x000071df3fcaa348] Compiler: c1, Barriers: 1, Oops: 1, ImmediateOops: 0, NonImmediateOops: No
[2,619s][debug][gc,nmethod     ] Register NMethod: kotlin.text.StringsKt__StringsKt.lastIndexOf (0x000071df3fcaa388) [0x000071df3fcaa480, 0x000071df3fcabb38] Compiler: c1, Barriers: 2, Oops: 4, ImmediateOops: 6, NonImmediateOops: No
[2,619s][debug][gc,nmethod     ] Register NMethod: kotlinx.coroutines.JobSupport.<init> (0x000071df3fcabb88) [0x000071df3fcabc80, 0x000071df3fcabf60] Compiler: c1, Barriers: 3, Oops: 1, ImmediateOops: 2, NonImmediateOops: No
[2,619s][debug][gc,nmethod     ] Register NMethod: kotlinx.coroutines.AbstractCoroutine.<init> (0x000071df3fcabf88) [0x000071df3fcac080, 0x000071df3fcaccb8] Compiler: c1, Barriers: 6, Oops: 1, ImmediateOops: 3, NonImmediateOops: No
[2,619s][debug][gc,nmethod     ] Register NMethod: kotlinx.coroutines.internal.ThreadContextKt.restoreThreadContext (0x000071df3fcacd08) [0x000071df3fcace00, 0x000071df3fcae860] Compiler: c1, Barriers: 2, Oops: 3, ImmediateOops: 5, NonImmediateOops: No
[2,620s][debug][gc,nmethod     ] Register NMethod: kotlinx.coroutines.JobSupport.fold (0x000071df3fcae888) [0x000071df3fcae980, 0x000071df3fcaf4e8] Compiler: c1, Barriers: 1, Oops: 3, ImmediateOops: 3, NonImmediateOops: No
[2,620s][debug][gc,nmethod     ] Register NMethod: kotlinx.coroutines.Job$DefaultImpls.fold (0x000071df3fcaf508) [0x000071df3fcaf600, 0x000071df3fcb0318] Compiler: c1, Barriers: 1, Oops: 3, ImmediateOops: 3, NonImmediateOops: No
[2,620s][debug][gc,nmethod     ] Register NMethod: kotlinx.coroutines.CoroutineId.updateThreadContext (0x000071df3fcb0388) [0x000071df3fcb0480, 0x000071df3fcb3aa0] Compiler: c1, Barriers: 7, Oops: 4, ImmediateOops: 10, NonImmediateOops: No
[2,620s][debug][gc,nmethod     ] Register NMethod: kotlinx.coroutines.JobSupport.initParentJob (0x000071df3fcb3b08) [0x000071df3fcb3c00, 0x000071df3fcb5aa8] Compiler: c1, Barriers: 1, Oops: 3, ImmediateOops: 8, NonImmediateOops: No
[2,620s][debug][gc,nmethod     ] Register NMethod: kotlinx.coroutines.JobSupport.tryMakeCompleting (0x000071df3fcb5b08) [0x000071df3fcb5c00, 0x000071df3fcb6e18] Compiler: c1, Barriers: 0, Oops: 1, ImmediateOops: 2, NonImmediateOops: No
[2,620s][debug][gc,nmethod     ] Register NMethod: kotlinx.coroutines.JobSupport.onCancelling (0x000071df3fcb6e88) [0x000071df3fcb6f80, 0x000071df3fcb7080] Compiler: c1, Barriers: 0, Oops: 1, ImmediateOops: 0, NonImmediateOops: No
[2,620s][debug][gc,nmethod     ] Register NMethod: kotlinx.coroutines.AbstractCoroutine.onCompleted (0x000071df3fcb7188) [0x000071df3fcb7280, 0x000071df3fcb7380] Compiler: c1, Barriers: 0, Oops: 1, ImmediateOops: 0, NonImmediateOops: No
[2,620s][debug][gc,nmethod     ] Register NMethod: kotlinx.coroutines.JobSupportKt.boxIncomplete (0x000071df3fcb7488) [0x000071df3fcb7580, 0x000071df3fcb7bb0] Compiler: c1, Barriers: 0, Oops: 1, ImmediateOops: 0, NonImmediateOops: No
[2,620s][debug][gc,nmethod     ] Register NMethod: kotlinx.coroutines.JobSupport.makeCompletingOnce$kotlinx_coroutines_core (0x000071df3fcb7c08) [0x000071df3fcb7d00, 0x000071df3fcba128] Compiler: c1, Barriers: 1, Oops: 3, ImmediateOops: 6, NonImmediateOops: No
[2,620s][debug][gc,nmethod     ] Register NMethod: kotlinx.coroutines.AbstractCoroutine.onCompletionInternal (0x000071df3fcba188) [0x000071df3fcba280, 0x000071df3fcbb060] Compiler: c1, Barriers: 1, Oops: 1, ImmediateOops: 0, NonImmediateOops: No
[2,620s][debug][gc,nmethod     ] Register NMethod: kotlinx.coroutines.JobSupport.tryFinalizeSimpleState (0x000071df3fcbb088) [0x000071df3fcbb180, 0x000071df3fcbc6d0] Compiler: c1, Barriers: 0, Oops: 2, ImmediateOops: 1, NonImmediateOops: No
[2,620s][debug][gc,nmethod     ] Register NMethod: kotlinx.coroutines.NonDisposableHandle.dispose (0x000071df3fcbc708) [0x000071df3fcbc800, 0x000071df3fcbc900] Compiler: c1, Barriers: 0, Oops: 1, ImmediateOops: 0, NonImmediateOops: No
[2,620s][debug][gc,nmethod     ] Register NMethod: kotlinx.coroutines.JobSupportKt.access$getCOMPLETING_RETRY$p (0x000071df3fcbca08) [0x000071df3fcbcb00, 0x000071df3fcbcbe8] Compiler: c1, Barriers: 0, Oops: 1, ImmediateOops: 1, NonImmediateOops: No
[2,620s][debug][gc,nmethod     ] Register NMethod: kotlinx.coroutines.scheduling.TaskContextImpl.afterTask (0x000071df3fcbcd08) [0x000071df3fcbce00, 0x000071df3fcbcf00] Compiler: c1, Barriers: 0, Oops: 1, ImmediateOops: 0, NonImmediateOops: No
[2,620s][debug][gc,nmethod     ] Register NMethod: java.util.concurrent.atomic.AtomicIntegerFieldUpdater$AtomicIntegerFieldUpdaterImpl.incrementAndGet (0x000071df3fcbd008) [0x000071df3fcbd100, 0x000071df3fcbd3f8] Compiler: c1, Barriers: 0, Oops: 0, ImmediateOops: 0, NonImmediateOops: No
[2,621s][debug][gc,nmethod     ] Register NMethod: kotlinx.coroutines.UndispatchedMarker.get (0x000071df3fcbd408) [0x000071df3fcbd500, 0x000071df3fcbe1e0] Compiler: c1, Barriers: 1, Oops: 4, ImmediateOops: 3, NonImmediateOops: No
[2,621s][debug][gc,nmethod     ] Register NMethod: kotlinx.coroutines.JobSupport.completeStateFinalization (0x000071df3fcbe208) [0x000071df3fcbe300, 0x000071df3fcc2878] Compiler: c1, Barriers: 4, Oops: 5, ImmediateOops: 10, NonImmediateOops: No
[2,621s][debug][gc,nmethod     ] Register NMethod: java.nio.MappedByteBuffer.position (0x000071df5ecec808) [0x000071df5ecec900, 0x000071df5ecec9e0] Compiler: jvmci, Barriers: 0, Oops: 0, ImmediateOops: 0, NonImmediateOops: No
[2,622s][debug][gc,nmethod     ] Register NMethod: kotlinx.coroutines.channels.ChannelSegment.getNumberOfSlots (0x000071df3fcc2908) [0x000071df3fcc2a00, 0x000071df3fcc2b08] Compiler: c1, Barriers: 0, Oops: 1, ImmediateOops: 0, NonImmediateOops: No
[2,622s][debug][gc,nmethod     ] Register NMethod: kotlinx.coroutines.internal.Segment.onSlotCleaned (0x000071df3fcc2c08) [0x000071df3fcc2d00, 0x000071df3fcc32e8] Compiler: c1, Barriers: 0, Oops: 2, ImmediateOops: 1, NonImmediateOops: No
[2,622s][debug][gc,nmethod     ] Register NMethod: java.util.concurrent.atomic.AtomicReferenceFieldUpdater$AtomicReferenceFieldUpdaterImpl.get (0x000071df5ececb08) [0x000071df5ececc00, 0x000071df5ecece50] Compiler: jvmci, Barriers: 2, Oops: 0, ImmediateOops: 0, NonImmediateOops: No
[2,623s][debug][gc,nmethod     ] Register NMethod: com.github.benmanes.caffeine.cache.BoundedLocalCache.pacer (0x000071df5ecece88) [0x000071df5ececf80, 0x000071df5eced048] Compiler: c1, Barriers: 0, Oops: 1, ImmediateOops: 0, NonImmediateOops: No
[2,623s][debug][gc,nmethod     ] Register NMethod: com.github.benmanes.caffeine.cache.BoundedLocalCache.collectKeys (0x000071df5eced188) [0x000071df5eced280, 0x000071df5eced340] Compiler: c1, Barriers: 0, Oops: 1, ImmediateOops: 0, NonImmediateOops: No
[2,623s][debug][gc,nmethod     ] Register NMethod: kotlinx.coroutines.BlockingEventLoop.getThread (0x000071df5eced488) [0x000071df5eced580, 0x000071df5eced668] Compiler: c1, Barriers: 1, Oops: 1, ImmediateOops: 0, NonImmediateOops: No
[2,623s][debug][gc,nmethod     ] Register NMethod: kotlinx.coroutines.EventLoop.processUnconfinedEvent (0x000071df3fcc3308) [0x000071df3fcc3400, 0x000071df3fcc3a18] Compiler: c1, Barriers: 1, Oops: 1, ImmediateOops: 0, NonImmediateOops: No
[2,623s][debug][gc,nmethod     ] Register NMethod: kotlinx.coroutines.EventLoopImplBase.isCompleted (0x000071df3fcc3a88) [0x000071df3fcc3b80, 0x000071df3fcc4030] Compiler: c1, Barriers: 0, Oops: 2, ImmediateOops: 3, NonImmediateOops: No
[2,623s][debug][gc,nmethod     ] Register NMethod: kotlinx.coroutines.CoroutineDispatcher.minusKey (0x000071df3fcc4088) [0x000071df3fcc4180, 0x000071df3fcc42b0] Compiler: c1, Barriers: 0, Oops: 1, ImmediateOops: 0, NonImmediateOops: No
[2,624s][debug][gc,nmethod     ] Register NMethod: kotlin.coroutines.EmptyCoroutineContext.plus (0x000071df3fcc4388) [0x000071df3fcc4480, 0x000071df3fcc4cf0] Compiler: c1, Barriers: 1, Oops: 3, ImmediateOops: 3, NonImmediateOops: No
[2,624s][debug][gc,nmethod     ] Register NMethod: kotlinx.coroutines.EventLoop.delta (0x000071df3fcc4d88) [0x000071df3fcc4e80, 0x000071df3fcc4ff0] Compiler: c1, Barriers: 0, Oops: 1, ImmediateOops: 0, NonImmediateOops: No
[2,624s][debug][gc,nmethod     ] Register NMethod: java.lang.invoke.VarHandleGuards.guard_LIL_V (0x000071df5eced788) [0x000071df5eced880, 0x000071df5ecee130] Compiler: jvmci, Barriers: 26, Oops: 0, ImmediateOops: 5, NonImmediateOops: No
[2,624s][debug][gc,nmethod     ] Register NMethod: java.util.concurrent.atomic.AtomicIntegerFieldUpdater$AtomicIntegerFieldUpdaterImpl.set (0x000071df3fcc5088) [0x000071df3fcc5180, 0x000071df3fcc5598] Compiler: c1, Barriers: 1, Oops: 0, ImmediateOops: 0, NonImmediateOops: No
[2,624s][debug][gc,nmethod     ] Register NMethod: kotlinx.coroutines.EventLoopImplBase.dequeue (0x000071df3fcc5608) [0x000071df3fcc5700, 0x000071df3fcc7bf8] Compiler: c1, Barriers: 3, Oops: 5, ImmediateOops: 13, NonImmediateOops: No
[2,624s][debug][gc,nmethod     ] Register NMethod: kotlinx.coroutines.EventLoopImplBase.processNextEvent (0x000071df3fcc7c88) [0x000071df3fcc7d80, 0x000071df3fcc9f58] Compiler: c1, Barriers: 3, Oops: 2, ImmediateOops: 4, NonImmediateOops: No
[2,624s][debug][gc,nmethod     ] Register NMethod: kotlinx.coroutines.channels.BufferedChannelKt.getCHANNEL_CLOSED (0x000071df3fcc9f88) [0x000071df3fcca080, 0x000071df3fcca168] Compiler: c1, Barriers: 0, Oops: 1, ImmediateOops: 1, NonImmediateOops: No
[2,624s][debug][gc,nmethod     ] Register NMethod: kotlinx.coroutines.scheduling.CoroutineScheduler$Worker.tryReleaseCpu (0x000071df3fcca288) [0x000071df3fcca380, 0x000071df3fcca938] Compiler: c1, Barriers: 5, Oops: 2, ImmediateOops: 2, NonImmediateOops: No
[2,624s][debug][gc,nmethod     ] Register NMethod: kotlin.coroutines.ContinuationInterceptor$DefaultImpls.minusKey (0x000071df3fcca988) [0x000071df3fccaa80, 0x000071df3fccdb10] Compiler: c1, Barriers: 6, Oops: 4, ImmediateOops: 12, NonImmediateOops: No
[2,625s][debug][gc,nmethod     ] Register NMethod: kotlinx.coroutines.DispatchedTaskKt.isCancellableMode (0x000071df3fccdb88) [0x000071df3fccdc80, 0x000071df3fccddd8] Compiler: c1, Barriers: 0, Oops: 1, ImmediateOops: 0, NonImmediateOops: No
[2,625s][debug][gc,nmethod     ] Register NMethod: kotlinx.coroutines.DebugKt.getDEBUG (0x000071df3fccde88) [0x000071df3fccdf80, 0x000071df3fcce068] Compiler: c1, Barriers: 0, Oops: 1, ImmediateOops: 0, NonImmediateOops: No
[2,625s][debug][gc,nmethod     ] Register NMethod: kotlinx.coroutines.scheduling.Task.<init> (0x000071df3fcce188) [0x000071df3fcce280, 0x000071df3fcce4c8] Compiler: c1, Barriers: 3, Oops: 2, ImmediateOops: 1, NonImmediateOops: No
[2,625s][debug][gc,nmethod     ] Register NMethod: kotlinx.coroutines.AbstractCoroutine.isActive (0x000071df3fcce508) [0x000071df3fcce600, 0x000071df3fccf008] Compiler: c1, Barriers: 0, Oops: 1, ImmediateOops: 0, NonImmediateOops: No
[2,625s][debug][gc,nmethod     ] Register NMethod: kotlinx.coroutines.DispatchedTask.<init> (0x000071df3fccf088) [0x000071df3fccf180, 0x000071df3fccf428] Compiler: c1, Barriers: 3, Oops: 2, ImmediateOops: 1, NonImmediateOops: No
[2,625s][debug][gc,nmethod     ] Register NMethod: kotlin.coroutines.jvm.internal.ContinuationImpl.intercepted (0x000071df3fccf488) [0x000071df3fccf580, 0x000071df3fcd0880] Compiler: c1, Barriers: 6, Oops: 2, ImmediateOops: 3, NonImmediateOops: No
[2,625s][debug][gc,nmethod     ] Register NMethod: kotlinx.coroutines.JobSupport.isActive (0x000071df3fcd0908) [0x000071df3fcd0a00, 0x000071df3fcd13b0] Compiler: c1, Barriers: 0, Oops: 1, ImmediateOops: 0, NonImmediateOops: No
[2,625s][debug][gc,nmethod     ] Register NMethod: org.magicwerk.brownies.collections.GapList.doAdd (0x000071df5ecee188) [0x000071df5ecee280, 0x000071df5eceec08] Compiler: jvmci, Barriers: 14, Oops: 1, ImmediateOops: 0, NonImmediateOops: No
[2,626s][debug][gc,nmethod     ] Register NMethod: java.lang.StrictMath.ceil (0x000071df5eceec88) [0x000071df5eceeda0, 0x000071df5eceeec0] Compiler: jvmci, Barriers: 0, Oops: 0, ImmediateOops: 0, NonImmediateOops: No
[2,626s][debug][gc,nmethod     ] Register NMethod: kotlin.coroutines.intrinsics.IntrinsicsKt__IntrinsicsJvmKt.intercepted (0x000071df3fcd1408) [0x000071df3fcd1500, 0x000071df3fcd23f8] Compiler: c1, Barriers: 1, Oops: 3, ImmediateOops: 3, NonImmediateOops: No
[2,626s][debug][gc,nmethod     ] Register NMethod: kotlinx.coroutines.DispatchedTask.getExceptionalResult$kotlinx_coroutines_core (0x000071df3fcd2488) [0x000071df3fcd2580, 0x000071df3fcd2b58] Compiler: c1, Barriers: 1, Oops: 1, ImmediateOops: 0, NonImmediateOops: No
[2,626s][debug][gc,nmethod     ] Register NMethod: java.util.concurrent.locks.LockSupport.unpark (0x000071df3fcd2b88) [0x000071df3fcd2c80, 0x000071df3fcd3ba8] Compiler: c1, Barriers: 0, Oops: 0, ImmediateOops: 2, NonImmediateOops: No
[2,626s][debug][gc,nmethod     ] Register NMethod: kotlin.coroutines.jvm.internal.DebugProbesKt.probeCoroutineResumed (0x000071df3fcd3c08) [0x000071df3fcd3d00, 0x000071df3fcd4540] Compiler: c1, Barriers: 1, Oops: 3, ImmediateOops: 3, NonImmediateOops: No
[2,626s][debug][gc,nmethod     ] Register NMethod: java.lang.StrictMath.floorOrCeil (0x000071df5eceef88) [0x000071df5ecef080, 0x000071df5ecef1f8] Compiler: jvmci, Barriers: 0, Oops: 0, ImmediateOops: 0, NonImmediateOops: No
[2,626s][debug][gc,nmethod     ] Register NMethod: kotlinx.coroutines.CoroutineContextKt.updateUndispatchedCompletion (0x000071df3fcd4588) [0x000071df3fcd4680, 0x000071df3fcd53e8] Compiler: c1, Barriers: 1, Oops: 1, ImmediateOops: 1, NonImmediateOops: No
[2,626s][debug][gc,nmethod     ] Register NMethod: kotlinx.coroutines.CoroutineContextKt.newCoroutineContext (0x000071df3fcd5408) [0x000071df3fcd5500, 0x000071df3fcd6510] Compiler: c1, Barriers: 3, Oops: 3, ImmediateOops: 6, NonImmediateOops: No
[2,626s][debug][gc,nmethod     ] Register NMethod: kotlinx.coroutines.DebugKt.getCOROUTINE_ID (0x000071df3fcd6588) [0x000071df3fcd6680, 0x000071df3fcd6768] Compiler: c1, Barriers: 0, Oops: 1, ImmediateOops: 1, NonImmediateOops: No
[2,626s][debug][gc,nmethod     ] Register NMethod: kotlinx.coroutines.CoroutineId.<init> (0x000071df3fcd6888) [0x000071df3fcd6980, 0x000071df3fcd6c38] Compiler: c1, Barriers: 3, Oops: 3, ImmediateOops: 2, NonImmediateOops: No
[2,626s][debug][gc,nmethod     ] Register NMethod: kotlin.coroutines.EmptyCoroutineContext.fold (0x000071df3fcd6c88) [0x000071df3fcd6d80, 0x000071df3fcd75f0] Compiler: c1, Barriers: 1, Oops: 3, ImmediateOops: 3, NonImmediateOops: No
[2,626s][debug][gc,nmethod     ] Register NMethod: kotlin.coroutines.AbstractCoroutineContextElement.plus (0x000071df3fcd7688) [0x000071df3fcd7780, 0x000071df3fcd80a0] Compiler: c1, Barriers: 1, Oops: 3, ImmediateOops: 3, NonImmediateOops: No
[2,626s][debug][gc,nmethod     ] Register NMethod: kotlinx.coroutines.Dispatchers.getDefault (0x000071df3fcd8108) [0x000071df3fcd8200, 0x000071df3fcd82e8] Compiler: c1, Barriers: 0, Oops: 1, ImmediateOops: 1, NonImmediateOops: No
[2,627s][debug][gc,nmethod     ] Register NMethod: kotlinx.coroutines.AbstractCoroutine.start (0x000071df3fcd8408) [0x000071df3fcd8500, 0x000071df3fcd8808] Compiler: c1, Barriers: 0, Oops: 1, ImmediateOops: 0, NonImmediateOops: No
[2,627s][debug][gc,nmethod     ] Register NMethod: kotlin.coroutines.jvm.internal.BaseContinuationImpl.resumeWith (0x000071df3fcd8888) [0x000071df3fcd8980, 0x000071df3fcdb0b0] Compiler: c1, Barriers: 4, Oops: 4, ImmediateOops: 9, NonImmediateOops: No
[2,627s][debug][gc,nmethod     ] Register NMethod: kotlinx.coroutines.DispatchedTask.handleFatalException$kotlinx_coroutines_core (0x000071df3fcdb108) [0x000071df3fcdb200, 0x000071df3fcdd4d8] Compiler: c1, Barriers: 1, Oops: 4, ImmediateOops: 5, NonImmediateOops: No
[2,627s][debug][gc,nmethod     ] Register NMethod: kotlinx.coroutines.CoroutineContextKt.foldCopies (0x000071df3fcdd508) [0x000071df3fcdd600, 0x000071df3fcdfbf8] Compiler: c1, Barriers: 9, Oops: 2, ImmediateOops: 6, NonImmediateOops: No
[2,627s][debug][gc,nmethod     ] Register NMethod: kotlinx.coroutines.intrinsics.CancellableKt.startCoroutineCancellable$default (0x000071df3fcdfc88) [0x000071df3fcdfd80, 0x000071df3fcdfed0] Compiler: c1, Barriers: 0, Oops: 1, ImmediateOops: 0, NonImmediateOops: No
[2,627s][debug][gc,nmethod     ] Register NMethod: kotlinx.coroutines.CoroutineStart.invoke (0x000071df3fcdff88) [0x000071df3fce0080, 0x000071df3fce0698] Compiler: c1, Barriers: 0, Oops: 1, ImmediateOops: 1, NonImmediateOops: No
[2,627s][debug][gc,nmethod     ] Register NMethod: kotlin.coroutines.CoroutineContext$Element$DefaultImpls.plus (0x000071df3fce0708) [0x000071df3fce0800, 0x000071df3fce1f78] Compiler: c1, Barriers: 2, Oops: 4, ImmediateOops: 8, NonImmediateOops: No
[2,627s][debug][gc,nmethod     ] Register NMethod: kotlinx.coroutines.internal.DispatchedContinuation.getDelegate$kotlinx_coroutines_core (0x000071df3fce2008) [0x000071df3fce2100, 0x000071df3fce2200] Compiler: c1, Barriers: 0, Oops: 1, ImmediateOops: 0, NonImmediateOops: No
[2,627s][debug][gc,nmethod     ] Register NMethod: kotlinx.coroutines.internal.DispatchedContinuation.takeState$kotlinx_coroutines_core (0x000071df3fce2308) [0x000071df3fce2400, 0x000071df3fce2830] Compiler: c1, Barriers: 4, Oops: 1, ImmediateOops: 3, NonImmediateOops: No
[2,627s][debug][gc,nmethod     ] Register NMethod: kotlin.coroutines.jvm.internal.DebugProbesKt.probeCoroutineCreated (0x000071df3fce2888) [0x000071df3fce2980, 0x000071df3fce31d0] Compiler: c1, Barriers: 1, Oops: 3, ImmediateOops: 3, NonImmediateOops: No
[2,628s][debug][gc,nmethod     ] Register NMethod: kotlinx.coroutines.DispatchedTask.getSuccessfulResult$kotlinx_coroutines_core (0x000071df3fce3208) [0x000071df3fce3300, 0x000071df3fce3400] Compiler: c1, Barriers: 0, Oops: 1, ImmediateOops: 0, NonImmediateOops: No
[2,628s][debug][gc,nmethod     ] Register NMethod: kotlin.coroutines.intrinsics.IntrinsicsKt__IntrinsicsJvmKt.createCoroutineUnintercepted (0x000071df3fce3508) [0x000071df3fce3600, 0x000071df3fce5b78] Compiler: c1, Barriers: 3, Oops: 4, ImmediateOops: 10, NonImmediateOops: No
[2,628s][debug][gc,nmethod     ] Register NMethod: kotlinx.coroutines.intrinsics.CancellableKt.startCoroutineCancellable (0x000071df3fce5c08) [0x000071df3fce5d00, 0x000071df3fce78c0] Compiler: c1, Barriers: 2, Oops: 5, ImmediateOops: 7, NonImmediateOops: No
[2,628s][debug][gc,nmethod     ] Register NMethod: jdk.internal.ref.CleanerImpl$CleanableList.insert (0x000071df5ecef288) [0x000071df5ecef380, 0x000071df5ecef798] Compiler: jvmci, Barriers: 8, Oops: 0, ImmediateOops: 0, NonImmediateOops: No
[2,628s][debug][gc,nmethod     ] Register NMethod: kotlinx.coroutines.internal.DispatchedContinuation.release$kotlinx_coroutines_core (0x000071df3fce7908) [0x000071df3fce7a00, 0x000071df3fce9040] Compiler: c1, Barriers: 2, Oops: 3, ImmediateOops: 8, NonImmediateOops: No
[2,628s][debug][gc,nmethod     ] Register NMethod: kotlinx.coroutines.internal.DispatchedContinuation.getReusableCancellableContinuation (0x000071df3fce9088) [0x000071df3fce9180, 0x000071df3fce9a78] Compiler: c1, Barriers: 1, Oops: 2, ImmediateOops: 3, NonImmediateOops: No
[2,628s][debug][gc,nmethod     ] Register NMethod: kotlinx.coroutines.internal.DispatchedContinuation.awaitReusability$kotlinx_coroutines_core (0x000071df3fce9b08) [0x000071df3fce9c00, 0x000071df3fcea118] Compiler: c1, Barriers: 1, Oops: 2, ImmediateOops: 4, NonImmediateOops: No
[2,628s][debug][gc,nmethod     ] Register NMethod: kotlinx.coroutines.AbstractCoroutine.resumeWith (0x000071df3fcea188) [0x000071df3fcea280, 0x000071df3fcea888] Compiler: c1, Barriers: 0, Oops: 1, ImmediateOops: 1, NonImmediateOops: No
[2,628s][debug][gc,nmethod     ] Register NMethod: kotlinx.coroutines.CompletionStateKt.toState$default (0x000071df3fcea908) [0x000071df3fceaa00, 0x000071df3fceab50] Compiler: c1, Barriers: 0, Oops: 1, ImmediateOops: 0, NonImmediateOops: No
[2,628s][debug][gc,nmethod     ] Register NMethod: kotlinx.coroutines.JobSupportKt.unboxState (0x000071df3fceac08) [0x000071df3fcead00, 0x000071df3fceb2d0] Compiler: c1, Barriers: 1, Oops: 1, ImmediateOops: 0, NonImmediateOops: No
[2,628s][debug][gc,nmethod     ] Register NMethod: kotlinx.coroutines.CoroutineDispatcher.releaseInterceptedContinuation (0x000071df3fceb308) [0x000071df3fceb400, 0x000071df3fced580] Compiler: c1, Barriers: 3, Oops: 5, ImmediateOops: 11, NonImmediateOops: No
[2,628s][debug][gc,nmethod     ] Register NMethod: kotlinx.coroutines.internal.DispatchedContinuationKt.resumeCancellableWith (0x000071df3fced608) [0x000071df3fced700, 0x000071df3fcf3200] Compiler: c1, Barriers: 17, Oops: 3, ImmediateOops: 6, NonImmediateOops: No
[2,629s][debug][gc,nmethod     ] Register NMethod: kotlinx.coroutines.AbstractCoroutine.afterResume (0x000071df3fcf3288) [0x000071df3fcf3380, 0x000071df3fcf3680] Compiler: c1, Barriers: 0, Oops: 1, ImmediateOops: 0, NonImmediateOops: No
[2,629s][debug][gc,director    ] Rule Major: Warmup 10%, Used: 326MB, UsedThreshold: 1228MB
[2,629s][debug][gc,nmethod     ] Register NMethod: kotlin.coroutines.jvm.internal.ContinuationImpl.releaseIntercepted (0x000071df3fcf3708) [0x000071df3fcf3800, 0x000071df3fcf68c8] Compiler: c1, Barriers: 9, Oops: 4, ImmediateOops: 12, NonImmediateOops: No
[2,629s][debug][gc,nmethod     ] Register NMethod: java.util.jar.JarFile$JarFileEntry.getRealName (0x000071df3fcf6908) [0x000071df3fcf6a00, 0x000071df3fcf6b40] Compiler: c1, Barriers: 1, Oops: 0, ImmediateOops: 0, NonImmediateOops: No
[2,629s][debug][gc,nmethod     ] Register NMethod: java.lang.Throwable.<init> (0x000071df3fcf6c08) [0x000071df3fcf6d00, 0x000071df3fcf74c0] Compiler: c1, Barriers: 13, Oops: 0, ImmediateOops: 3, NonImmediateOops: No
[2,629s][debug][gc,nmethod     ] Register NMethod: kotlinx.coroutines.internal.ThreadContextKt.threadContextElements (0x000071df3fcf7508) [0x000071df3fcf7600, 0x000071df3fcf80b0] Compiler: c1, Barriers: 1, Oops: 2, ImmediateOops: 4, NonImmediateOops: No
[2,629s][debug][gc,nmethod     ] Register NMethod: io.sirix.axis.CoroutineDescendantAxis$Producer.access$getProducingTask$p (0x000071df5ecef808) [0x000071df5ecef900, 0x000071df5ecef9d0] Compiler: c1, Barriers: 1, Oops: 1, ImmediateOops: 0, NonImmediateOops: No
[2,629s][debug][gc,nmethod     ] Register NMethod: java.util.concurrent.ConcurrentHashMap$Traverser.<init> (0x000071df3fcf8108) [0x000071df3fcf8200, 0x000071df3fcf8460] Compiler: c1, Barriers: 6, Oops: 0, ImmediateOops: 0, NonImmediateOops: No
[2,630s][debug][gc,nmethod     ] Register NMethod: kotlinx.coroutines.NonCancellable.isActive (0x000071df5ecefb08) [0x000071df5ecefc00, 0x000071df5ecefcc0] Compiler: c1, Barriers: 0, Oops: 1, ImmediateOops: 0, NonImmediateOops: No
[2,630s][debug][gc,nmethod     ] Register NMethod: io.sirix.axis.CoroutineDescendantAxis$Producer$run$1.<init> (0x000071df3fcf8488) [0x000071df3fcf8580, 0x000071df3fcf8c48] Compiler: c1, Barriers: 9, Oops: 1, ImmediateOops: 0, NonImmediateOops: No
[2,630s][debug][gc,nmethod     ] Register NMethod: kotlinx.coroutines.NonCancellable.start (0x000071df5ecefe08) [0x000071df5eceff00, 0x000071df5eceffc0] Compiler: c1, Barriers: 0, Oops: 1, ImmediateOops: 0, NonImmediateOops: No
[2,630s][debug][gc,nmethod     ] Register NMethod: kotlin.coroutines.jvm.internal.SuspendLambda.getArity (0x000071df5ecf0108) [0x000071df5ecf0200, 0x000071df5ecf02c0] Compiler: c1, Barriers: 0, Oops: 1, ImmediateOops: 0, NonImmediateOops: No
[2,630s][debug][gc,nmethod     ] Register NMethod: io.sirix.axis.CoroutineDescendantAxis$Producer.access$getResults$p (0x000071df5ecf0408) [0x000071df5ecf0500, 0x000071df5ecf05d0] Compiler: c1, Barriers: 1, Oops: 1, ImmediateOops: 0, NonImmediateOops: No
[2,630s][debug][gc,nmethod     ] Register NMethod: io.sirix.axis.CoroutineDescendantAxis$Producer$run$2.<init> (0x000071df3fcf8c88) [0x000071df3fcf8d80, 0x000071df3fcf9448] Compiler: c1, Barriers: 9, Oops: 1, ImmediateOops: 0, NonImmediateOops: No
[2,630s][debug][gc,nmethod     ] Register NMethod: io.sirix.axis.CoroutineDescendantAxis$Producer$produceFinishSign$2.<init> (0x000071df3fcf9488) [0x000071df3fcf9580, 0x000071df3fcf9c48] Compiler: c1, Barriers: 9, Oops: 1, ImmediateOops: 0, NonImmediateOops: No
[2,630s][debug][gc,nmethod     ] Register NMethod: kotlinx.coroutines.CoroutineDispatcher.get (0x000071df5ecf0708) [0x000071df5ecf0800, 0x000071df5ecf0908] Compiler: jvmci, Barriers: 0, Oops: 1, ImmediateOops: 1, NonImmediateOops: No
[2,630s][debug][gc,nmethod     ] Register NMethod: kotlinx.coroutines.internal.LockFreeTaskQueueCore$Companion.updateTail (0x000071df3fcf9c88) [0x000071df3fcf9d80, 0x000071df3fcfa098] Compiler: c1, Barriers: 0, Oops: 1, ImmediateOops: 0, NonImmediateOops: No
[2,630s][debug][gc,nmethod     ] Register NMethod: kotlinx.coroutines.internal.LockFreeTaskQueue.addLast (0x000071df3fcfa108) [0x000071df3fcfa200, 0x000071df3fcfae98] Compiler: c1, Barriers: 1, Oops: 2, ImmediateOops: 4, NonImmediateOops: No
[2,630s][debug][gc,nmethod     ] Register NMethod: kotlinx.coroutines.scheduling.CoroutineScheduler.tryUnpark (0x000071df3fcfaf08) [0x000071df3fcfb000, 0x000071df3fcfc180] Compiler: c1, Barriers: 0, Oops: 1, ImmediateOops: 3, NonImmediateOops: No
[2,631s][debug][gc,nmethod     ] Register NMethod: java.lang.String.regionMatches (0x000071df3fcfc208) [0x000071df3fcfc300, 0x000071df3fcfd6f8] Compiler: c1, Barriers: 2, Oops: 0, ImmediateOops: 0, NonImmediateOops: No
[2,631s][debug][gc,nmethod     ] Register NMethod: kotlin.coroutines.ContinuationInterceptor$DefaultImpls.get (0x000071df5ecf0a08) [0x000071df5ecf0b00, 0x000071df5ecf0cd8] Compiler: jvmci, Barriers: 0, Oops: 1, ImmediateOops: 1, NonImmediateOops: No
[2,631s][debug][gc,nmethod     ] Register NMethod: java.lang.StringLatin1.regionMatchesCI (0x000071df3fcfd708) [0x000071df3fcfd800, 0x000071df3fcfdaa0] Compiler: c1, Barriers: 0, Oops: 0, ImmediateOops: 0, NonImmediateOops: No
[2,631s][debug][gc,nmethod     ] Register NMethod: kotlinx.coroutines.scheduling.CoroutineScheduler.parkedWorkersStackPop (0x000071df3fcfdb08) [0x000071df3fcfdc00, 0x000071df3fcfff90] Compiler: c1, Barriers: 7, Oops: 9, ImmediateOops: 14, NonImmediateOops: No
[2,631s][debug][gc,nmethod     ] Register NMethod: java.net.URL.<init> (0x000071df3fd00008) [0x000071df3fd00100, 0x000071df3fd06b00] Compiler: c1, Barriers: 55, Oops: 4, ImmediateOops: 14, NonImmediateOops: No
[2,631s][debug][gc,nmethod     ] Register NMethod: kotlinx.coroutines.scheduling.CoroutineScheduler.parkedWorkersStackPush (0x000071df3fd06b88) [0x000071df3fd06c80, 0x000071df3fd092d0] Compiler: c1, Barriers: 8, Oops: 9, ImmediateOops: 14, NonImmediateOops: No
[2,631s][debug][gc,nmethod     ] Register NMethod: kotlinx.coroutines.scheduling.CoroutineScheduler.parkedWorkersStackNextIndex (0x000071df3fd09388) [0x000071df3fd09480, 0x000071df3fd09ed0] Compiler: c1, Barriers: 2, Oops: 1, ImmediateOops: 1, NonImmediateOops: No
[2,631s][debug][gc,nmethod     ] Register NMethod: kotlinx.coroutines.scheduling.CoroutineScheduler$Worker.park (0x000071df3fd09f08) [0x000071df3fd0a000, 0x000071df3fd0a2d0] Compiler: c1, Barriers: 2, Oops: 1, ImmediateOops: 0, NonImmediateOops: No
[2,631s][debug][gc,nmethod     ] Register NMethod: java.util.concurrent.locks.LockSupport.parkNanos (0x000071df3fd0a308) [0x000071df3fd0a400, 0x000071df3fd0ac48] Compiler: c1, Barriers: 1, Oops: 0, ImmediateOops: 2, NonImmediateOops: No
[2,632s][debug][gc,nmethod     ] Register NMethod: io.sirix.access.trx.node.AbstractNodeReadOnlyTrx.setPageReadTransaction (0x000071df3fd0ac88) [0x000071df3fd0ad80, 0x000071df3fd0b210] Compiler: c1, Barriers: 3, Oops: 1, ImmediateOops: 1, NonImmediateOops: No
[2,632s][debug][gc,nmethod     ] Register NMethod: io.sirix.access.trx.node.AbstractResourceSession.removeFromPageMapping (0x000071df3fd0b288) [0x000071df3fd0b380, 0x000071df3fd0ba68] Compiler: c1, Barriers: 2, Oops: 1, ImmediateOops: 1, NonImmediateOops: No
[2,632s][debug][gc,nmethod     ] Register NMethod: kotlinx.coroutines.internal.LimitedDispatcher.obtainTaskOrDeallocateWorker (0x000071df3fd0ba88) [0x000071df3fd0bb80, 0x000071df3fd0d2e0] Compiler: c1, Barriers: 4, Oops: 3, ImmediateOops: 5, NonImmediateOops: No
[2,632s][debug][gc,nmethod     ] Register NMethod: kotlinx.coroutines.internal.LockFreeTaskQueueCore.addLast (0x000071df3fd0d308) [0x000071df3fd0d400, 0x000071df3fd11cb8] Compiler: c1, Barriers: 11, Oops: 10, ImmediateOops: 28, NonImmediateOops: No
[2,633s][debug][gc,nmethod     ] Register NMethod: java.util.concurrent.atomic.AtomicLongFieldUpdater$CASUpdater.get (0x000071df5ecf0d08) [0x000071df5ecf0e00, 0x000071df5ecf1028] Compiler: jvmci, Barriers: 1, Oops: 0, ImmediateOops: 0, NonImmediateOops: No
[2,634s][debug][gc,nmethod     ] Register NMethod: io.sirix.access.trx.node.AbstractNodeReadOnlyTrx.close (0x000071df3fd11d88) [0x000071df3fd11e80, 0x000071df3fd130d0] Compiler: c1, Barriers: 12, Oops: 1, ImmediateOops: 3, NonImmediateOops: No
[2,634s][debug][gc,nmethod     ] Register NMethod: com.google.common.collect.testing.Helpers.addAll (0x000071df3fd13108) [0x000071df3fd13200, 0x000071df3fd13bb8] Compiler: c1, Barriers: 0, Oops: 1, ImmediateOops: 0, NonImmediateOops: No
[2,634s][debug][gc,nmethod     ] Register NMethod: io.sirix.access.trx.node.AbstractResourceSession.closeReadTransaction (0x000071df3fd13c08) [0x000071df3fd13d00, 0x000071df3fd14818] Compiler: c1, Barriers: 3, Oops: 1, ImmediateOops: 3, NonImmediateOops: No
[2,636s][debug][gc,nmethod     ] Register NMethod: java.lang.Integer.equals (0x000071df3fd14888) [0x000071df3fd14980, 0x000071df3fd15108] Compiler: c1, Barriers: 0, Oops: 0, ImmediateOops: 0, NonImmediateOops: No
[2,636s][debug][gc,nmethod     ] Register NMethod: java.lang.ref.Cleaner.register (0x000071df5ecf1088) [0x000071df5ecf1180, 0x000071df5ecf1a88] Compiler: jvmci, Barriers: 26, Oops: 0, ImmediateOops: 2, NonImmediateOops: No
[2,637s][debug][gc,nmethod     ] Register NMethod: io.sirix.page.PageReference.hashCode (0x000071df5ecf1b08) [0x000071df5ecf1c00, 0x000071df5ecf2228] Compiler: jvmci, Barriers: 12, Oops: 1, ImmediateOops: 2, NonImmediateOops: No
[2,637s][debug][gc,nmethod     ] Register NMethod: com.google.common.collect.testing.AbstractIteratorTester$PermittedMetaException$2.isPermitted (0x000071df3fd15188) [0x000071df3fd15280, 0x000071df3fd15588] Compiler: c1, Barriers: 0, Oops: 1, ImmediateOops: 0, NonImmediateOops: No
[2,637s][debug][gc,nmethod     ] Register NMethod: io.sirix.axis.CoroutineDescendantAxis.<init> (0x000071df3fd15608) [0x000071df3fd15700, 0x000071df3fd175d8] Compiler: c1, Barriers: 15, Oops: 5, ImmediateOops: 10, NonImmediateOops: No
[2,637s][debug][gc,nmethod     ] Register NMethod: kotlinx.coroutines.channels.BufferedChannelKt.getCHANNEL_CLOSED (0x000071df5ecf2288) [0x000071df5ecf2380, 0x000071df5ecf23f0] Compiler: jvmci, Barriers: 0, Oops: 1, ImmediateOops: 1, NonImmediateOops: No
[2,637s][debug][gc,nmethod     ] Register NMethod: kotlin.Result.constructor-impl (0x000071df5ecf2588) [0x000071df5ecf2680, 0x000071df5ecf26e8] Compiler: jvmci, Barriers: 0, Oops: 1, ImmediateOops: 0, NonImmediateOops: No
[2,639s][debug][gc,director    ] Rule Major: Warmup 10%, Used: 334MB, UsedThreshold: 1228MB
[2,639s][debug][gc,nmethod     ] Register NMethod: java.lang.Enum.hashCode (0x000071df5ecf2888) [0x000071df5ecf2980, 0x000071df5ecf2a90] Compiler: jvmci, Barriers: 0, Oops: 0, ImmediateOops: 0, NonImmediateOops: No
[2,640s][debug][gc,nmethod     ] Register NMethod: java.lang.invoke.VarHandleGuards.guard_LI_L (0x000071df5ecf2b88) [0x000071df5ecf2c80, 0x000071df5ecf3848] Compiler: jvmci, Barriers: 28, Oops: 0, ImmediateOops: 5, NonImmediateOops: No
[2,642s][debug][gc,nmethod     ] Register NMethod: java.util.BitSet.recalculateWordsInUse (0x000071df5ecf3888) [0x000071df5ecf3980, 0x000071df5ecf3ad0] Compiler: jvmci, Barriers: 1, Oops: 0, ImmediateOops: 0, NonImmediateOops: No
[2,643s][debug][gc,alloc       ] Mutator Allocation Rate: 304,4MB/s Predicted: 377,9MB/s, Avg: 237,5(+/-67,2)MB/s
[2,643s][debug][gc,director    ] Rule Major: Warmup 10%, Used: 370MB, UsedThreshold: 1228MB
[2,643s][debug][gc,nmethod     ] Register NMethod: java.lang.invoke.MethodHandleImpl.profileBoolean (0x000071df5ecf3b88) [0x000071df5ecf3ca0, 0x000071df5ecf3d88] Compiler: jvmci, Barriers: 0, Oops: 0, ImmediateOops: 0, NonImmediateOops: No
[2,643s][debug][gc,nmethod     ] Register NMethod: io.sirix.node.MemorySegmentBytesIn.readShort (0x000071df5ecf3e88) [0x000071df5ecf3f80, 0x000071df5ecf41f8] Compiler: jvmci, Barriers: 4, Oops: 1, ImmediateOops: 0, NonImmediateOops: No
[2,643s][debug][gc,nmethod     ] Register NMethod: java.util.concurrent.ForkJoinPool$WorkQueue.unlockPhase (0x000071df5ecf4208) [0x000071df5ecf4300, 0x000071df5ecf4390] Compiler: jvmci, Barriers: 0, Oops: 0, ImmediateOops: 0, NonImmediateOops: No
[2,644s][debug][gc,nmethod     ] Register NMethod: kotlinx.coroutines.internal.ConcurrentLinkedListKt.access$getCLOSED$p (0x000071df3fd17608) [0x000071df3fd17700, 0x000071df3fd177e8] Compiler: c1, Barriers: 0, Oops: 1, ImmediateOops: 1, NonImmediateOops: No
[2,645s][debug][gc,nmethod     ] Register NMethod: java.lang.invoke.LambdaForm$MH/0x00000000ae241800.invoke (0x000071df5ecf4508) [0x000071df5ecf4600, 0x000071df5ecf4930] Compiler: jvmci, Barriers: 3, Oops: 1, ImmediateOops: 0, NonImmediateOops: No
[2,646s][debug][gc,nmethod     ] Register NMethod: kotlinx.coroutines.channels.BufferedChannel.isConflatedDropOldest (0x000071df5ecf4988) [0x000071df5ecf4a80, 0x000071df5ecf4b40] Compiler: c1, Barriers: 0, Oops: 1, ImmediateOops: 0, NonImmediateOops: No
[2,646s][debug][gc,nmethod     ] Register NMethod: java.util.concurrent.ForkJoinPool.deactivate (0x000071df5ecf4c88) [0x000071df5ecf4d80, 0x000071df5ecf5c18] Compiler: jvmci, Barriers: 28, Oops: 0, ImmediateOops: 1, NonImmediateOops: No
[2,646s][debug][gc,nmethod     ] Register NMethod: java.util.concurrent.ForkJoinPool.compareAndSetCtl (0x000071df5ecf5c88) [0x000071df5ecf5d80, 0x000071df5ecf5e18] Compiler: jvmci, Barriers: 0, Oops: 0, ImmediateOops: 0, NonImmediateOops: No
[2,646s][debug][gc,nmethod     ] Register NMethod: io.sirix.cache.PageGuard.close (0x000071df3fd17908) [0x000071df3fd17a00, 0x000071df3fd18728] Compiler: c1, Barriers: 4, Oops: 1, ImmediateOops: 0, NonImmediateOops: No
[2,647s][debug][gc,nmethod     ] Register NMethod: io.sirix.access.trx.RevisionEpochTracker.deregister (0x000071df3fd18788) [0x000071df3fd18880, 0x000071df3fd1a0f0] Compiler: c1, Barriers: 3, Oops: 8, ImmediateOops: 9, NonImmediateOops: No
[2,647s][debug][gc,nmethod     ] Register NMethod: io.sirix.page.PageReference.equals (0x000071df5ecf5f88) [0x000071df5ecf6080, 0x000071df5ecf61c0] Compiler: jvmci, Barriers: 0, Oops: 1, ImmediateOops: 0, NonImmediateOops: No
[2,647s][debug][gc,nmethod     ] Register NMethod: kotlinx.coroutines.channels.BufferedChannel.cancelSuspendedReceiveRequests (0x000071df3fd1a188) [0x000071df3fd1a280, 0x000071df3fd1fe08] Compiler: c1, Barriers: 11, Oops: 13, ImmediateOops: 20, NonImmediateOops: No
[2,649s][debug][gc,nmethod     ] Register NMethod: com.github.benmanes.caffeine.cache.SSLSMW.weightedSize (0x000071df5ecf6288) [0x000071df5ecf6380, 0x000071df5ecf6440] Compiler: c1, Barriers: 0, Oops: 1, ImmediateOops: 0, NonImmediateOops: No
[2,649s][debug][gc,nmethod     ] Register NMethod: java.util.concurrent.ConcurrentHashMap.clear (0x000071df3fd1fe88) [0x000071df3fd1ff80, 0x000071df3fd20da0] Compiler: c1, Barriers: 3, Oops: 0, ImmediateOops: 0, NonImmediateOops: No
[2,649s][debug][gc,nmethod     ] Register NMethod: java.util.ArrayDeque.sub (0x000071df3fd20e08) [0x000071df3fd20f00, 0x000071df3fd21010] Compiler: c1, Barriers: 0, Oops: 0, ImmediateOops: 0, NonImmediateOops: No
[2,649s][debug][gc,nmethod     ] Register NMethod: java.util.ArrayDeque.size (0x000071df3fd21108) [0x000071df3fd21200, 0x000071df3fd213d0] Compiler: c1, Barriers: 1, Oops: 0, ImmediateOops: 0, NonImmediateOops: No
[2,649s][debug][gc,nmethod     ] Register NMethod: java.io.FileInputStream.readBytes (0x000071df5ecf6588) [0x000071df5ecf6680, 0x000071df5ecf67e8] Compiler: , Barriers: 0, Oops: 0, ImmediateOops: 0, NonImmediateOops: No
[2,650s][debug][gc,nmethod     ] Register NMethod: java.util.Spliterators$IteratorSpliterator.characteristics (0x000071df5ecf6888) [0x000071df5ecf6980, 0x000071df5ecf6a40] Compiler: c1, Barriers: 0, Oops: 0, ImmediateOops: 0, NonImmediateOops: No
[2,650s][debug][gc,nmethod     ] Register NMethod: io.sirix.access.trx.page.NodePageReadOnlyTrx.closeMostRecentPageIfOrphaned (0x000071df5ecf6b88) [0x000071df5ecf6c80, 0x000071df5ecf6f78] Compiler: jvmci, Barriers: 4, Oops: 1, ImmediateOops: 0, NonImmediateOops: No
[2,651s][debug][gc,nmethod     ] Register NMethod: com.google.gson.stream.JsonReader.nextName (0x000071df3fd21408) [0x000071df3fd21500, 0x000071df3fd22e98] Compiler: c1, Barriers: 4, Oops: 2, ImmediateOops: 3, NonImmediateOops: No
[2,651s][debug][gc,nmethod     ] Register NMethod: java.util.concurrent.locks.AbstractQueuedLongSynchronizer.compareAndSetState (0x000071df3fd22f08) [0x000071df3fd23000, 0x000071df3fd23120] Compiler: c1, Barriers: 0, Oops: 0, ImmediateOops: 0, NonImmediateOops: No
[2,651s][debug][gc,nmethod     ] Register NMethod: java.util.AbstractList.<init> (0x000071df5ecf6f88) [0x000071df5ecf7080, 0x000071df5ecf7108] Compiler: jvmci, Barriers: 0, Oops: 0, ImmediateOops: 0, NonImmediateOops: No
[2,651s][debug][gc,nmethod     ] Register NMethod: com.github.benmanes.caffeine.cache.BaseMpscLinkedArrayQueue.modifiedCalcElementOffset (0x000071df3fd23208) [0x000071df3fd23300, 0x000071df3fd233f0] Compiler: c1, Barriers: 0, Oops: 1, ImmediateOops: 0, NonImmediateOops: No
[2,651s][debug][gc,nmethod     ] Register NMethod: java.io.OutputStreamWriter.write (0x000071df3fd23508) [0x000071df3fd23600, 0x000071df3fd23930] Compiler: c1, Barriers: 1, Oops: 0, ImmediateOops: 0, NonImmediateOops: No
[2,651s][debug][gc,nmethod     ] Register NMethod: sun.nio.cs.StreamEncoder.write (0x000071df3fd23988) [0x000071df3fd23a80, 0x000071df3fd23e18] Compiler: c1, Barriers: 0, Oops: 0, ImmediateOops: 0, NonImmediateOops: No
[2,651s][debug][gc,nmethod     ] Register NMethod: jdk.internal.misc.Unsafe.putLongVolatile (0x000071df5ecf7288) [0x000071df5ecf7380, 0x000071df5ecf74d8] Compiler: , Barriers: 0, Oops: 0, ImmediateOops: 0, NonImmediateOops: No
[2,651s][debug][gc,nmethod     ] Register NMethod: java.lang.StringLatin1.getChars (0x000071df3fd23e88) [0x000071df3fd23f80, 0x000071df3fd240a0] Compiler: c1, Barriers: 0, Oops: 0, ImmediateOops: 0, NonImmediateOops: No
[2,652s][debug][gc,nmethod     ] Register NMethod: sun.nio.cs.StreamEncoder.write (0x000071df3fd24188) [0x000071df3fd24280, 0x000071df3fd24918] Compiler: c1, Barriers: 0, Oops: 0, ImmediateOops: 0, NonImmediateOops: No
[2,652s][debug][gc,nmethod     ] Register NMethod: java.lang.String.<init> (0x000071df5ecf7588) [0x000071df5ecf7680, 0x000071df5ecf7770] Compiler: jvmci, Barriers: 3, Oops: 0, ImmediateOops: 0, NonImmediateOops: No
[2,652s][debug][gc,nmethod     ] Register NMethod: java.lang.String.getChars (0x000071df3fd24988) [0x000071df3fd24a80, 0x000071df3fd256c0] Compiler: c1, Barriers: 1, Oops: 1, ImmediateOops: 2, NonImmediateOops: No
[2,652s][debug][gc,nmethod     ] Register NMethod: io.sirix.cache.PageContainer.getModifiedAsUnorderedKeyValuePage (0x000071df3fd25708) [0x000071df3fd25800, 0x000071df3fd25b38] Compiler: c1, Barriers: 1, Oops: 1, ImmediateOops: 0, NonImmediateOops: No
[2,652s][debug][gc,nmethod     ] Register NMethod: it.unimi.dsi.fastutil.shorts.ShortArrayList$1.nextShort (0x000071df3fd25b88) [0x000071df3fd25c80, 0x000071df3fd25fc0] Compiler: c1, Barriers: 2, Oops: 1, ImmediateOops: 0, NonImmediateOops: No
[2,652s][debug][gc,nmethod     ] Register NMethod: java.util.ArrayList$ArrayListSpliterator.estimateSize (0x000071df3fd26008) [0x000071df3fd26100, 0x000071df3fd262d8] Compiler: c1, Barriers: 1, Oops: 0, ImmediateOops: 0, NonImmediateOops: No
[2,653s][debug][gc,director    ] Rule Major: Warmup 10%, Used: 374MB, UsedThreshold: 1228MB
[2,653s][debug][gc,nmethod     ] Register NMethod: sun.security.provider.DigestBase.engineGetDigestLength (0x000071df5ecf7888) [0x000071df5ecf7980, 0x000071df5ecf7a40] Compiler: c1, Barriers: 0, Oops: 0, ImmediateOops: 0, NonImmediateOops: No
[2,653s][debug][gc,nmethod     ] Register NMethod: jdk.internal.foreign.HeapMemorySegmentImpl$OfByte.unsafeGetOffset (0x000071df3fd26308) [0x000071df3fd26400, 0x000071df3fd26518] Compiler: c1, Barriers: 0, Oops: 0, ImmediateOops: 0, NonImmediateOops: No
[2,653s][debug][gc,nmethod     ] Register NMethod: io.sirix.access.trx.page.NodePageTrx.prepareRecordPage (0x000071df3fd26608) [0x000071df3fd26700, 0x000071df3fd28ca8] Compiler: c1, Barriers: 38, Oops: 4, ImmediateOops: 3, NonImmediateOops: No
[2,654s][debug][gc,nmethod     ] Register NMethod: io.sirix.node.MemorySegmentBytesOut.writePosition (0x000071df3fd28d08) [0x000071df3fd28e00, 0x000071df3fd28fd8] Compiler: c1, Barriers: 1, Oops: 1, ImmediateOops: 0, NonImmediateOops: No
[2,654s][debug][gc,nmethod     ] Register NMethod: io.sirix.node.MemorySegmentBytesOut.position (0x000071df3fd29008) [0x000071df3fd29100, 0x000071df3fd29260] Compiler: c1, Barriers: 1, Oops: 1, ImmediateOops: 0, NonImmediateOops: No
[2,654s][debug][gc,nmethod     ] Register NMethod: io.sirix.access.trx.page.NodePageReadOnlyTrx.getResourceSession (0x000071df3fd29308) [0x000071df3fd29400, 0x000071df3fd29870] Compiler: c1, Barriers: 1, Oops: 1, ImmediateOops: 1, NonImmediateOops: No
[2,654s][debug][gc,nmethod     ] Register NMethod: io.sirix.page.KeyValueLeafPage.close (0x000071df3fd29888) [0x000071df3fd29980, 0x000071df3fd2b7f8] Compiler: c1, Barriers: 34, Oops: 4, ImmediateOops: 6, NonImmediateOops: No
[2,655s][debug][gc,nmethod     ] Register NMethod: java.lang.invoke.MethodHandleImpl.makePairwiseConvert (0x000071df3fd2b888) [0x000071df3fd2b980, 0x000071df3fd2ba98] Compiler: c1, Barriers: 0, Oops: 0, ImmediateOops: 0, NonImmediateOops: No
[2,656s][debug][gc,nmethod     ] Register NMethod: java.lang.invoke.MethodHandle.setAsTypeCache (0x000071df3fd2bb88) [0x000071df3fd2bc80, 0x000071df3fd2c558] Compiler: c1, Barriers: 14, Oops: 0, ImmediateOops: 2, NonImmediateOops: No
[2,656s][debug][gc,nmethod     ] Register NMethod: java.lang.invoke.MethodHandle.getApproximateCommonClassLoader (0x000071df3fd2c588) [0x000071df3fd2c680, 0x000071df3fd2d7d0] Compiler: c1, Barriers: 6, Oops: 0, ImmediateOops: 4, NonImmediateOops: No
[2,656s][debug][gc,nmethod     ] Register NMethod: java.lang.invoke.MethodHandleImpl.computeValueConversions (0x000071df3fd2d808) [0x000071df3fd2d900, 0x000071df3fd2ebe0] Compiler: c1, Barriers: 10, Oops: 0, ImmediateOops: 0, NonImmediateOops: No
[2,656s][debug][gc,nmethod     ] Register NMethod: java.lang.invoke.MethodType.isConvertibleTo (0x000071df3fd2ec08) [0x000071df3fd2ed00, 0x000071df3fd30260] Compiler: c1, Barriers: 12, Oops: 0, ImmediateOops: 0, NonImmediateOops: No
[2,656s][debug][gc,nmethod     ] Register NMethod: java.lang.invoke.MethodHandle.asTypeUncached (0x000071df3fd30288) [0x000071df3fd30380, 0x000071df3fd31fb0] Compiler: c1, Barriers: 1, Oops: 2, ImmediateOops: 4, NonImmediateOops: No
[2,656s][debug][gc,nmethod     ] Register NMethod: java.lang.invoke.MethodHandleImpl.countNonNull (0x000071df3fd32008) [0x000071df3fd32100, 0x000071df3fd32348] Compiler: c1, Barriers: 1, Oops: 0, ImmediateOops: 0, NonImmediateOops: No
[2,656s][debug][gc,nmethod     ] Register NMethod: java.lang.invoke.BoundMethodHandle.editor (0x000071df3fd32388) [0x000071df3fd32480, 0x000071df3fd32858] Compiler: c1, Barriers: 4, Oops: 0, ImmediateOops: 0, NonImmediateOops: No
[2,656s][debug][gc,nmethod     ] Register NMethod: java.util.HashMap.entrySet (0x000071df3fd32888) [0x000071df3fd32980, 0x000071df3fd32e48] Compiler: c1, Barriers: 7, Oops: 0, ImmediateOops: 0, NonImmediateOops: No
[2,656s][debug][gc,nmethod     ] Register NMethod: java.util.LinkedHashMap.afterNodeInsertion (0x000071df3fd32e88) [0x000071df3fd32f80, 0x000071df3fd33860] Compiler: c1, Barriers: 2, Oops: 0, ImmediateOops: 0, NonImmediateOops: No
[2,656s][debug][gc,nmethod     ] Register NMethod: java.util.HashMap$EntrySet.iterator (0x000071df3fd33888) [0x000071df3fd33980, 0x000071df3fd33d00] Compiler: c1, Barriers: 1, Oops: 0, ImmediateOops: 0, NonImmediateOops: No
[2,656s][debug][gc,nmethod     ] Register NMethod: java.util.HashMap$EntryIterator.<init> (0x000071df3fd33d08) [0x000071df3fd33e00, 0x000071df3fd34080] Compiler: c1, Barriers: 0, Oops: 0, ImmediateOops: 0, NonImmediateOops: No
[2,656s][debug][gc,nmethod     ] Register NMethod: java.lang.invoke.MethodHandleImpl.makePairwiseConvert (0x000071df3fd34088) [0x000071df3fd34180, 0x000071df3fd344f0] Compiler: c1, Barriers: 1, Oops: 0, ImmediateOops: 0, NonImmediateOops: No
[2,657s][debug][gc,nmethod     ] Register NMethod: java.lang.invoke.MethodHandle.keepsAlive (0x000071df3fd34508) [0x000071df3fd34600, 0x000071df3fd355c8] Compiler: c1, Barriers: 5, Oops: 0, ImmediateOops: 4, NonImmediateOops: No
[2,657s][debug][gc,nmethod     ] Register NMethod: java.lang.CharacterData.of (0x000071df5ecf7b88) [0x000071df5ecf7c80, 0x000071df5ecf7d68] Compiler: jvmci, Barriers: 0, Oops: 0, ImmediateOops: 2, NonImmediateOops: No
[2,657s][debug][gc,nmethod     ] Register NMethod: io.sirix.access.DatabaseConfiguration$DatabasePaths.getFile (0x000071df5ecf7e88) [0x000071df5ecf7f80, 0x000071df5ecf8068] Compiler: c1, Barriers: 1, Oops: 1, ImmediateOops: 0, NonImmediateOops: No
[2,657s][debug][gc,nmethod     ] Register NMethod: jdk.internal.classfile.impl.DirectCodeBuilder.athrow (0x000071df3fd35608) [0x000071df3fd35700, 0x000071df3fd35a48] Compiler: c1, Barriers: 1, Oops: 0, ImmediateOops: 0, NonImmediateOops: No
[2,657s][debug][gc,nmethod     ] Register NMethod: java.lang.classfile.CodeBuilder.newBoundLabel (0x000071df3fd35a88) [0x000071df3fd35b80, 0x000071df3fd36090] Compiler: c1, Barriers: 0, Oops: 0, ImmediateOops: 0, NonImmediateOops: No
[2,657s][debug][gc,nmethod     ] Register NMethod: java.lang.classfile.instruction.ExceptionCatch.of (0x000071df3fd36108) [0x000071df3fd36200, 0x000071df3fd36860] Compiler: c1, Barriers: 1, Oops: 0, ImmediateOops: 0, NonImmediateOops: No
[2,657s][debug][gc,nmethod     ] Register NMethod: java.lang.classfile.CodeBuilder.exceptionCatch (0x000071df3fd36888) [0x000071df3fd36980, 0x000071df3fd37208] Compiler: c1, Barriers: 0, Oops: 0, ImmediateOops: 0, NonImmediateOops: No
[2,657s][debug][gc,nmethod     ] Register NMethod: jdk.internal.classfile.impl.DirectCodeBuilder.invokevirtual (0x000071df3fd37288) [0x000071df3fd37380, 0x000071df3fd37ad0] Compiler: c1, Barriers: 1, Oops: 0, ImmediateOops: 0, NonImmediateOops: No
[2,657s][debug][gc,nmethod     ] Register NMethod: java.lang.classfile.CodeBuilder.ldc (0x000071df3fd37b08) [0x000071df3fd37c00, 0x000071df3fd38690] Compiler: c1, Barriers: 0, Oops: 0, ImmediateOops: 0, NonImmediateOops: No
[2,657s][debug][gc,nmethod     ] Register NMethod: java.lang.classfile.CodeBuilder.exceptionCatch (0x000071df3fd38708) [0x000071df3fd38800, 0x000071df3fd38fa8] Compiler: c1, Barriers: 3, Oops: 0, ImmediateOops: 1, NonImmediateOops: No
[2,658s][debug][gc,nmethod     ] Register NMethod: io.sirix.cache.ShardedPageCache.remove (0x000071df3fd39008) [0x000071df3fd39100, 0x000071df3fd39ee8] Compiler: c1, Barriers: 1, Oops: 1, ImmediateOops: 0, NonImmediateOops: No
[2,658s][debug][gc,nmethod     ] Register NMethod: java.lang.invoke.VarHandleLongs$FieldInstanceReadOnly.getVolatile (0x000071df3fd39f08) [0x000071df3fd3a000, 0x000071df3fd3a9f8] Compiler: c1, Barriers: 1, Oops: 1, ImmediateOops: 0, NonImmediateOops: No
[2,658s][debug][gc,nmethod     ] Register NMethod: io.sirix.cache.ShardedPageCache.remove (0x000071df3fd3aa08) [0x000071df3fd3ab00, 0x000071df3fd3b4d0] Compiler: c1, Barriers: 1, Oops: 1, ImmediateOops: 0, NonImmediateOops: No
[2,658s][debug][gc,nmethod     ] Register NMethod: jdk.internal.classfile.impl.UnboundAttribute$UnboundExceptionsAttribute.exceptions (0x000071df5ecf8188) [0x000071df5ecf8280, 0x000071df5ecf8368] Compiler: c1, Barriers: 1, Oops: 0, ImmediateOops: 0, NonImmediateOops: No
[2,658s][debug][gc,nmethod     ] Register NMethod: com.github.benmanes.caffeine.cache.BoundedLocalCache.collectValues (0x000071df5ecf8488) [0x000071df5ecf8580, 0x000071df5ecf8640] Compiler: c1, Barriers: 0, Oops: 1, ImmediateOops: 0, NonImmediateOops: No
[2,658s][debug][gc,nmethod     ] Register NMethod: java.lang.StringConcatHelper.newArray (0x000071df5ecf8788) [0x000071df5ecf8880, 0x000071df5ecf89d0] Compiler: jvmci, Barriers: 0, Oops: 0, ImmediateOops: 0, NonImmediateOops: No
[2,658s][debug][gc,nmethod     ] Register NMethod: java.util.ImmutableCollections$AbstractImmutableList.equals (0x000071df3fd3b508) [0x000071df3fd3b600, 0x000071df3fd3cca0] Compiler: c1, Barriers: 0, Oops: 0, ImmediateOops: 0, NonImmediateOops: No
[2,658s][debug][gc,nmethod     ] Register NMethod: java.lang.classfile.constantpool.ConstantPoolBuilder.loadableConstantEntry (0x000071df3fd3cd08) [0x000071df3fd3ce00, 0x000071df3fd42598] Compiler: c1, Barriers: 0, Oops: 1, ImmediateOops: 3, NonImmediateOops: No
[2,659s][debug][gc,nmethod     ] Register NMethod: java.lang.Long.numberOfTrailingZeros (0x000071df3fd42608) [0x000071df3fd42700, 0x000071df3fd428a8] Compiler: c1, Barriers: 0, Oops: 0, ImmediateOops: 0, NonImmediateOops: No
[2,659s][debug][gc,nmethod     ] Register NMethod: io.sirix.cache.BufferManagerImpl.getPageCache (0x000071df5ecf8a88) [0x000071df5ecf8b80, 0x000071df5ecf8c68] Compiler: c1, Barriers: 1, Oops: 1, ImmediateOops: 0, NonImmediateOops: No
[2,659s][debug][gc,nmethod     ] Register NMethod: java.util.ArrayList.<init> (0x000071df5ecf8d88) [0x000071df5ecf8e80, 0x000071df5ecf8f78] Compiler: jvmci, Barriers: 3, Oops: 0, ImmediateOops: 1, NonImmediateOops: No
[2,659s][debug][gc,nmethod     ] Register NMethod: io.sirix.page.KeyValueLeafPage.getIndexType (0x000071df5ecf9088) [0x000071df5ecf9180, 0x000071df5ecf9270] Compiler: c1, Barriers: 1, Oops: 1, ImmediateOops: 0, NonImmediateOops: No
[2,659s][debug][gc,nmethod     ] Register NMethod: jdk.internal.util.ArraysSupport.hashCode (0x000071df5ecf9388) [0x000071df5ecf9480, 0x000071df5ecfa0e0] Compiler: jvmci, Barriers: 18, Oops: 0, ImmediateOops: 0, NonImmediateOops: No
[2,659s][debug][gc,nmethod     ] Register NMethod: ch.qos.logback.classic.LoggerContext.getTurboFilterChainDecision_0_3OrMore (0x000071df3fd42908) [0x000071df3fd42a00, 0x000071df3fd431f8] Compiler: c1, Barriers: 3, Oops: 1, ImmediateOops: 1, NonImmediateOops: No
[2,660s][debug][gc,nmethod     ] Register NMethod: java.lang.invoke.VarHandleGuards.guard_LI_V (0x000071df3fd43208) [0x000071df3fd43300, 0x000071df3fd47ea8] Compiler: c1, Barriers: 46, Oops: 1, ImmediateOops: 6, NonImmediateOops: No
[2,660s][debug][gc,nmethod     ] Register NMethod: java.lang.invoke.DelegatingMethodHandle.whichKind (0x000071df3fd47f08) [0x000071df3fd48000, 0x000071df3fd481c0] Compiler: c1, Barriers: 0, Oops: 0, ImmediateOops: 3, NonImmediateOops: No
[2,660s][debug][gc,nmethod     ] Register NMethod: sun.reflect.generics.parser.SignatureParser.advance (0x000071df5ecfa108) [0x000071df5ecfa200, 0x000071df5ecfa378] Compiler: jvmci, Barriers: 2, Oops: 0, ImmediateOops: 0, NonImmediateOops: No
[2,660s][debug][gc,nmethod     ] Register NMethod: java.lang.invoke.MethodHandleImpl.makePairwiseConvertByEditor (0x000071df3fd48208) [0x000071df3fd48300, 0x000071df3fd53408] Compiler: c1, Barriers: 43, Oops: 3, ImmediateOops: 15, NonImmediateOops: No
[2,660s][debug][gc,nmethod     ] Register NMethod: java.util.Arrays.fill (0x000071df3fd53488) [0x000071df3fd53580, 0x000071df3fd53a28] Compiler: c1, Barriers: 3, Oops: 0, ImmediateOops: 0, NonImmediateOops: No
[2,661s][debug][gc,nmethod     ] Register NMethod: java.lang.invoke.BoundMethodHandle$SpeciesData.extendWith (0x000071df3fd53a88) [0x000071df3fd53b80, 0x000071df3fd55728] Compiler: c1, Barriers: 7, Oops: 1, ImmediateOops: 2, NonImmediateOops: No
[2,661s][debug][gc,nmethod     ] Register NMethod: java.lang.StringConcatHelper.checkOverflow (0x000071df5ecfa408) [0x000071df5ecfa500, 0x000071df5ecfa598] Compiler: jvmci, Barriers: 0, Oops: 0, ImmediateOops: 0, NonImmediateOops: No
[2,661s][debug][gc,nmethod     ] Register NMethod: ch.qos.logback.core.spi.AppenderAttachableImpl.appendLoopOnAppenders (0x000071df3fd55788) [0x000071df3fd55880, 0x000071df3fd56910] Compiler: c1, Barriers: 10, Oops: 1, ImmediateOops: 0, NonImmediateOops: No
[2,661s][debug][gc,nmethod     ] Register NMethod: it.unimi.dsi.fastutil.shorts.AbstractShortList.iterator (0x000071df3fd56988) [0x000071df3fd56a80, 0x000071df3fd570a8] Compiler: c1, Barriers: 0, Oops: 1, ImmediateOops: 0, NonImmediateOops: No
[2,661s][debug][gc,nmethod     ] Register NMethod: it.unimi.dsi.fastutil.shorts.AbstractShortList.listIterator (0x000071df3fd57108) [0x000071df3fd57200, 0x000071df3fd57700] Compiler: c1, Barriers: 3, Oops: 1, ImmediateOops: 0, NonImmediateOops: No
[2,661s][debug][gc,nmethod     ] Register NMethod: it.unimi.dsi.fastutil.shorts.ShortArrayList.listIterator (0x000071df3fd57788) [0x000071df3fd57880, 0x000071df3fd57d20] Compiler: c1, Barriers: 3, Oops: 1, ImmediateOops: 0, NonImmediateOops: No
[2,661s][debug][gc,nmethod     ] Register NMethod: java.lang.invoke.DelegatingMethodHandle.makeReinvokerForm (0x000071df3fd57d88) [0x000071df3fd57e80, 0x000071df3fd5b9f0] Compiler: c1, Barriers: 37, Oops: 0, ImmediateOops: 2, NonImmediateOops: No
[2,661s][debug][gc,nmethod     ] Register NMethod: it.unimi.dsi.fastutil.shorts.ShortArrayList$1.<init> (0x000071df3fd5ba08) [0x000071df3fd5bb00, 0x000071df3fd5bce0] Compiler: c1, Barriers: 3, Oops: 1, ImmediateOops: 0, NonImmediateOops: No
[2,662s][debug][gc,nmethod     ] Register NMethod: it.unimi.dsi.fastutil.shorts.AbstractShortList.ensureIndex (0x000071df3fd5bd08) [0x000071df3fd5be00, 0x000071df3fd5e0f0] Compiler: c1, Barriers: 0, Oops: 5, ImmediateOops: 7, NonImmediateOops: No
[2,662s][debug][gc,nmethod     ] Register NMethod: io.sirix.access.trx.page.NodePageTrx.getPageContainer (0x000071df3fd5e188) [0x000071df3fd5e280, 0x000071df3fd5f3c0] Compiler: c1, Barriers: 12, Oops: 4, ImmediateOops: 2, NonImmediateOops: No
[2,662s][debug][gc,nmethod     ] Register NMethod: java.util.concurrent.ConcurrentHashMap.put (0x000071df5ecfa708) [0x000071df5ecfa800, 0x000071df5ecfbbb8] Compiler: jvmci, Barriers: 42, Oops: 0, ImmediateOops: 0, NonImmediateOops: No
[2,662s][debug][gc,nmethod     ] Register NMethod: io.sirix.access.trx.page.NodePageTrx.getRecord (0x000071df3fd5f408) [0x000071df3fd5f500, 0x000071df3fd614a0] Compiler: c1, Barriers: 8, Oops: 1, ImmediateOops: 2, NonImmediateOops: No
[2,662s][debug][gc,nmethod     ] Register NMethod: io.sirix.page.RevisionRootPage.getPathSummaryPageReference (0x000071df3fd61508) [0x000071df3fd61600, 0x000071df3fd61b70] Compiler: c1, Barriers: 1, Oops: 1, ImmediateOops: 0, NonImmediateOops: No
[2,662s][debug][gc,nmethod     ] Register NMethod: io.brackit.query.atomic.QNm.getPrefix (0x000071df5ecfbc08) [0x000071df5ecfbd00, 0x000071df5ecfbde8] Compiler: c1, Barriers: 1, Oops: 1, ImmediateOops: 0, NonImmediateOops: No
[2,663s][debug][gc,nmethod     ] Register NMethod: java.lang.Class.searchMethods (0x000071df3fd61b88) [0x000071df3fd61c80, 0x000071df3fd630e8] Compiler: c1, Barriers: 10, Oops: 0, ImmediateOops: 4, NonImmediateOops: No
[2,663s][debug][gc,nmethod     ] Register NMethod: java.lang.invoke.DelegatingMethodHandle.makeReinvokerForm (0x000071df3fd63108) [0x000071df3fd63200, 0x000071df3fd63328] Compiler: c1, Barriers: 0, Oops: 0, ImmediateOops: 0, NonImmediateOops: No
[2,663s][debug][gc,nmethod     ] Register NMethod: java.lang.invoke.DirectMethodHandle$Holder.invokeStatic (0x000071df3fd63408) [0x000071df3fd63500, 0x000071df3fd638d0] Compiler: c1, Barriers: 1, Oops: 0, ImmediateOops: 0, NonImmediateOops: No
[2,663s][debug][gc,director    ] Rule Major: Warmup 10%, Used: 376MB, UsedThreshold: 1228MB
[2,663s][debug][gc,nmethod     ] Register NMethod: java.lang.reflect.Constructor.newInstanceWithCaller (0x000071df3fd63908) [0x000071df3fd63a00, 0x000071df3fd64018] Compiler: c1, Barriers: 2, Oops: 0, ImmediateOops: 0, NonImmediateOops: No
[2,663s][debug][gc,nmethod     ] Register NMethod: io.sirix.node.xml.TextNode.getKind (0x000071df3fd64088) [0x000071df3fd64180, 0x000071df3fd64288] Compiler: c1, Barriers: 0, Oops: 1, ImmediateOops: 1, NonImmediateOops: No
[2,663s][debug][gc,nmethod     ] Register NMethod: jdk.internal.reflect.DirectConstructorHandleAccessor.invokeImpl (0x000071df3fd64388) [0x000071df3fd64480, 0x000071df3fd65e30] Compiler: c1, Barriers: 17, Oops: 2, ImmediateOops: 4, NonImmediateOops: No
[2,663s][debug][gc,nmethod     ] Register NMethod: java.lang.StackTraceElement.getClassName (0x000071df5ecfbf08) [0x000071df5ecfc000, 0x000071df5ecfc0e8] Compiler: c1, Barriers: 1, Oops: 0, ImmediateOops: 0, NonImmediateOops: No
[2,664s][debug][gc,nmethod     ] Register NMethod: jdk.internal.misc.Unsafe.freeMemoryChecks (0x000071df3fd65e88) [0x000071df3fd65f80, 0x000071df3fd66178] Compiler: c1, Barriers: 0, Oops: 0, ImmediateOops: 0, NonImmediateOops: No
[2,664s][debug][gc,nmethod     ] Register NMethod: kotlinx.coroutines.CompletionStateKt.toState (0x000071df3fc9b508) [0x000071df3fc9b600, 0x000071df3fc9bdc0] Compiler: c1, Barriers: 1, Oops: 1, ImmediateOops: 0, NonImmediateOops: No
[2,664s][debug][gc,nmethod     ] Register NMethod: jdk.internal.misc.Unsafe.freeMemory (0x000071df3fd66188) [0x000071df3fd66280, 0x000071df3fd66548] Compiler: c1, Barriers: 0, Oops: 0, ImmediateOops: 0, NonImmediateOops: No
[2,664s][debug][gc,nmethod     ] Register NMethod: jdk.internal.foreign.SegmentFactories$1.cleanup (0x000071df3fd66588) [0x000071df3fd66680, 0x000071df3fd66c40] Compiler: c1, Barriers: 0, Oops: 1, ImmediateOops: 4, NonImmediateOops: No
[2,664s][debug][gc,nmethod     ] Register NMethod: java.util.ArrayDeque.dec (0x000071df3fd66c88) [0x000071df3fd66d80, 0x000071df3fd66e98] Compiler: c1, Barriers: 0, Oops: 0, ImmediateOops: 0, NonImmediateOops: No
[2,664s][debug][gc,nmethod     ] Register NMethod: java.io.OutputStream.flush (0x000071df3fd66f88) [0x000071df3fd67080, 0x000071df3fd67180] Compiler: c1, Barriers: 0, Oops: 0, ImmediateOops: 0, NonImmediateOops: No
[2,664s][debug][gc,nmethod     ] Register NMethod: sun.reflect.annotation.AnnotationInvocationHandler.invoke (0x000071df3fd67288) [0x000071df3fd67380, 0x000071df3fd69610] Compiler: c1, Barriers: 10, Oops: 0, ImmediateOops: 7, NonImmediateOops: No
[2,664s][debug][gc,nmethod     ] Register NMethod: jdk.internal.reflect.DirectConstructorHandleAccessor.newInstance (0x000071df3fd69688) [0x000071df3fd69780, 0x000071df3fd6c928] Compiler: c1, Barriers: 17, Oops: 4, ImmediateOops: 10, NonImmediateOops: No
[2,664s][debug][gc,nmethod     ] Register NMethod: jdk.internal.foreign.NativeMemorySegmentImpl.dup (0x000071df5ecfc208) [0x000071df5ecfc320, 0x000071df5ecfc470] Compiler: jvmci, Barriers: 2, Oops: 0, ImmediateOops: 0, NonImmediateOops: No
[2,664s][debug][gc,nmethod     ] Register NMethod: jdk.internal.foreign.AbstractMemorySegmentImpl.asSliceNoCheck (0x000071df5ecfc508) [0x000071df5ecfc600, 0x000071df5ecfc7b0] Compiler: jvmci, Barriers: 3, Oops: 0, ImmediateOops: 0, NonImmediateOops: No
[2,665s][debug][gc,nmethod     ] Register NMethod: io.sirix.access.trx.page.NodePageReadOnlyTrx.assertNotClosed (0x000071df5ecfc808) [0x000071df5ecfc900, 0x000071df5ecfc9c0] Compiler: jvmci, Barriers: 0, Oops: 1, ImmediateOops: 0, NonImmediateOops: No
[2,667s][debug][gc,nmethod     ] Register NMethod: sun.security.provider.ByteArrayAccess.b2iBig64 (0x000071df3fd6c988) [0x000071df3fd6ca80, 0x000071df3fd773c0] Compiler: c1, Barriers: 0, Oops: 5, ImmediateOops: 80, NonImmediateOops: No
[2,668s][debug][gc,nmethod     ] Register NMethod: jdk.internal.classfile.impl.SplitConstantPool.findEntry (0x000071df5ecfcb08) [0x000071df5ecfcc20, 0x000071df5ecfd4d8] Compiler: jvmci, Barriers: 10, Oops: 0, ImmediateOops: 0, NonImmediateOops: No
[2,668s][debug][gc,nmethod     ] Register NMethod: io.sirix.page.PageKind$1.serializePage (0x000071df3fd77408) [0x000071df3fd77500, 0x000071df3fd85260] Compiler: c1, Barriers: 65, Oops: 7, ImmediateOops: 10, NonImmediateOops: No
[2,668s][debug][gc,nmethod     ] Register NMethod: com.github.benmanes.caffeine.cache.SSLSMW.windowWeightedSize (0x000071df5ecfd508) [0x000071df5ecfd600, 0x000071df5ecfd6c0] Compiler: c1, Barriers: 0, Oops: 1, ImmediateOops: 0, NonImmediateOops: No
[2,668s][debug][gc,nmethod     ] Register NMethod: java.util.concurrent.ConcurrentHashMap$BaseIterator.<init> (0x000071df3fd85308) [0x000071df3fd85400, 0x000071df3fd857a8] Compiler: c1, Barriers: 3, Oops: 0, ImmediateOops: 0, NonImmediateOops: No
[2,669s][debug][gc,nmethod     ] Register NMethod: io.sirix.access.trx.page.AbstractForwardingPageReadOnlyTrx.getResourceSession (0x000071df3fd85808) [0x000071df3fd85900, 0x000071df3fd85e38] Compiler: c1, Barriers: 2, Oops: 1, ImmediateOops: 1, NonImmediateOops: No
[2,669s][debug][gc,nmethod     ] Register NMethod: jdk.internal.misc.Unsafe.putIntRelease (0x000071df3fd85e88) [0x000071df3fd85f80, 0x000071df3fd86088] Compiler: c1, Barriers: 0, Oops: 0, ImmediateOops: 0, NonImmediateOops: No
[2,669s][debug][gc,nmethod     ] Register NMethod: java.lang.invoke.VarHandleInts$FieldInstanceReadWrite.setRelease (0x000071df3fd86188) [0x000071df3fd86280, 0x000071df3fd86e80] Compiler: c1, Barriers: 1, Oops: 1, ImmediateOops: 1, NonImmediateOops: No
[2,669s][debug][gc,nmethod     ] Register NMethod: com.github.benmanes.caffeine.cache.BLCHeader$DrainStatusRef.setDrainStatusRelease (0x000071df3fd86f08) [0x000071df3fd87000, 0x000071df3fd87e60] Compiler: c1, Barriers: 0, Oops: 6, ImmediateOops: 6, NonImmediateOops: No
[2,670s][debug][gc,nmethod     ] Register NMethod: com.github.benmanes.caffeine.cache.SSLSMW.maximum (0x000071df5ecfd808) [0x000071df5ecfd900, 0x000071df5ecfd9c0] Compiler: c1, Barriers: 0, Oops: 1, ImmediateOops: 0, NonImmediateOops: No
[2,670s][debug][gc,nmethod     ] Register NMethod: com.github.benmanes.caffeine.cache.SSLSMW.accessOrderWindowDeque (0x000071df5ecfdb08) [0x000071df5ecfdc00, 0x000071df5ecfdcf0] Compiler: c1, Barriers: 1, Oops: 1, ImmediateOops: 0, NonImmediateOops: No
[2,670s][debug][gc,nmethod     ] Register NMethod: org.gradle.internal.dispatch.MethodInvocation.getMethod (0x000071df5ecfde08) [0x000071df5ecfdf00, 0x000071df5ecfdfe8] Compiler: c1, Barriers: 1, Oops: 1, ImmediateOops: 0, NonImmediateOops: No
[2,670s][debug][gc,nmethod     ] Register NMethod: org.gradle.internal.dispatch.MethodInvocation.getArguments (0x000071df5ecfe108) [0x000071df5ecfe200, 0x000071df5ecfe2e8] Compiler: c1, Barriers: 1, Oops: 1, ImmediateOops: 0, NonImmediateOops: No
[2,670s][debug][gc,nmethod     ] Register NMethod: com.github.benmanes.caffeine.cache.BaseMpscLinkedArrayQueue.lvProducerIndex (0x000071df3fd87f08) [0x000071df3fd88000, 0x000071df3fd88d08] Compiler: c1, Barriers: 0, Oops: 6, ImmediateOops: 5, NonImmediateOops: No
[2,670s][debug][gc,nmethod     ] Register NMethod: org.gradle.internal.serialize.kryo.KryoBackedEncoder.writeSmallInt (0x000071df3fd88d88) [0x000071df3fd88e80, 0x000071df3fd89078] Compiler: c1, Barriers: 1, Oops: 1, ImmediateOops: 0, NonImmediateOops: No
[2,671s][debug][gc,nmethod     ] Register NMethod: com.esotericsoftware.kryo.io.Output.writeInt (0x000071df3fd89088) [0x000071df3fd89180, 0x000071df3fd892c8] Compiler: c1, Barriers: 0, Oops: 1, ImmediateOops: 0, NonImmediateOops: No
[2,671s][debug][gc,nmethod     ] Register NMethod: java.util.LinkedList.size (0x000071df5ecfe408) [0x000071df5ecfe500, 0x000071df5ecfe5c0] Compiler: c1, Barriers: 0, Oops: 0, ImmediateOops: 0, NonImmediateOops: No
[2,671s][debug][gc,nmethod     ] Register NMethod: com.esotericsoftware.kryo.io.Output.writeVarInt (0x000071df3fd89388) [0x000071df3fd89480, 0x000071df3fd89ce8] Compiler: c1, Barriers: 5, Oops: 1, ImmediateOops: 0, NonImmediateOops: No
[2,671s][debug][gc,nmethod     ] Register NMethod: io.sirix.node.HashEntryNode.getNodeKey (0x000071df5ecfe708) [0x000071df5ecfe800, 0x000071df5ecfe8c0] Compiler: c1, Barriers: 0, Oops: 1, ImmediateOops: 0, NonImmediateOops: No
[2,671s][debug][gc,nmethod     ] Register NMethod: ch.qos.logback.classic.Logger.filterAndLog_0_Or3Plus (0x000071df3fd89d08) [0x000071df3fd89e00, 0x000071df3fd8a2f0] Compiler: c1, Barriers: 1, Oops: 1, ImmediateOops: 2, NonImmediateOops: No
[2,671s][debug][gc,nmethod     ] Register NMethod: java.util.TimSort.sort (0x000071df3fd8a308) [0x000071df3fd8a400, 0x000071df3fd8ab18] Compiler: c1, Barriers: 2, Oops: 0, ImmediateOops: 0, NonImmediateOops: No
[2,671s][debug][gc,nmethod     ] Register NMethod: org.gradle.internal.serialize.kryo.KryoBackedEncoder.writeLong (0x000071df3fd8ab88) [0x000071df3fd8ac80, 0x000071df3fd8ae08] Compiler: c1, Barriers: 1, Oops: 1, ImmediateOops: 0, NonImmediateOops: No
[2,671s][debug][gc,nmethod     ] Register NMethod: com.esotericsoftware.kryo.io.Output.writeLong (0x000071df3fd8ae88) [0x000071df3fd8af80, 0x000071df3fd8b2c8] Compiler: c1, Barriers: 1, Oops: 1, ImmediateOops: 0, NonImmediateOops: No
[2,672s][debug][gc,nmethod     ] Register NMethod: java.io.OutputStream.write (0x000071df3fd8b308) [0x000071df3fd8b400, 0x000071df3fd8b978] Compiler: c1, Barriers: 0, Oops: 0, ImmediateOops: 0, NonImmediateOops: No
[2,672s][debug][gc,nmethod     ] Register NMethod: java.io.PrintStream.ensureOpen (0x000071df3fd8b988) [0x000071df3fd8ba80, 0x000071df3fd8bcb0] Compiler: c1, Barriers: 1, Oops: 0, ImmediateOops: 1, NonImmediateOops: No
[2,672s][debug][gc,nmethod     ] Register NMethod: com.esotericsoftware.kryo.io.Output.writeString (0x000071df3fd8bd08) [0x000071df3fd8be00, 0x000071df3fd8c6c0] Compiler: c1, Barriers: 1, Oops: 1, ImmediateOops: 0, NonImmediateOops: No
[2,672s][debug][gc,nmethod     ] Register NMethod: org.gradle.internal.io.StreamByteBuffer.prepareRead (0x000071df3fd8c708) [0x000071df3fd8c800, 0x000071df3fd8d350] Compiler: c1, Barriers: 10, Oops: 1, ImmediateOops: 0, NonImmediateOops: No
[2,672s][debug][gc,nmethod     ] Register NMethod: java.lang.System$1.uncheckedDecodeASCII (0x000071df3fd8d388) [0x000071df3fd8d480, 0x000071df3fd8d5c0] Compiler: c1, Barriers: 0, Oops: 0, ImmediateOops: 0, NonImmediateOops: No
[2,672s][debug][gc,nmethod     ] Register NMethod: java.lang.String.decodeASCII (0x000071df3fd8d688) [0x000071df3fd8d780, 0x000071df3fd8da10] Compiler: c1, Barriers: 0, Oops: 0, ImmediateOops: 0, NonImmediateOops: No
[2,672s][debug][gc,nmethod     ] Register NMethod: sun.nio.cs.UTF_8$Decoder.decodeLoop (0x000071df3fd8da88) [0x000071df3fd8db80, 0x000071df3fd8e308] Compiler: c1, Barriers: 2, Oops: 0, ImmediateOops: 0, NonImmediateOops: No
[2,672s][debug][gc,nmethod     ] Register NMethod: java.nio.charset.Charset.defaultCharset (0x000071df3fd8e388) [0x000071df3fd8e480, 0x000071df3fd8e578] Compiler: c1, Barriers: 0, Oops: 0, ImmediateOops: 1, NonImmediateOops: No
[2,672s][debug][gc,nmethod     ] Register NMethod: java.io.Writer.write (0x000071df3fd8e688) [0x000071df3fd8e780, 0x000071df3fd8ef30] Compiler: c1, Barriers: 1, Oops: 0, ImmediateOops: 0, NonImmediateOops: No
[2,672s][debug][gc,nmethod     ] Register NMethod: java.lang.StringBuilder.append (0x000071df3fd8ef88) [0x000071df3fd8f080, 0x000071df3fd8f698] Compiler: c1, Barriers: 0, Oops: 0, ImmediateOops: 1, NonImmediateOops: No
[2,673s][debug][gc,nmethod     ] Register NMethod: sun.nio.cs.UTF_8$Decoder.xflow (0x000071df3fd8f708) [0x000071df3fd8f800, 0x000071df3fd90230] Compiler: c1, Barriers: 0, Oops: 0, ImmediateOops: 2, NonImmediateOops: No
[2,673s][debug][gc,nmethod     ] Register NMethod: java.util.ArrayDeque.removeFirst (0x000071df3fd90288) [0x000071df3fd90380, 0x000071df3fd905b8] Compiler: c1, Barriers: 0, Oops: 0, ImmediateOops: 0, NonImmediateOops: No
[2,673s][debug][gc,nmethod     ] Register NMethod: java.util.ArrayDeque.peekFirst (0x000071df3fd90608) [0x000071df3fd90700, 0x000071df3fd908f0] Compiler: c1, Barriers: 2, Oops: 0, ImmediateOops: 0, NonImmediateOops: No
[2,673s][debug][gc,nmethod     ] Register NMethod: it.unimi.dsi.fastutil.ints.Int2IntOpenHashMap.get (0x000071df3fd90908) [0x000071df3fd90a00, 0x000071df3fd90f60] Compiler: c1, Barriers: 4, Oops: 1, ImmediateOops: 0, NonImmediateOops: No
[2,673s][debug][gc,nmethod     ] Register NMethod: java.io.BufferedWriter.ensureOpen (0x000071df3fd90f88) [0x000071df3fd91080, 0x000071df3fd912b0] Compiler: c1, Barriers: 1, Oops: 0, ImmediateOops: 1, NonImmediateOops: No
[2,673s][debug][gc,nmethod     ] Register NMethod: org.gradle.internal.io.StreamByteBuffer.totalBytesUnread (0x000071df3fd91308) [0x000071df3fd91400, 0x000071df3fd916e8] Compiler: c1, Barriers: 2, Oops: 1, ImmediateOops: 0, NonImmediateOops: No
[2,673s][debug][gc,nmethod     ] Register NMethod: java.util.ArrayList.clear (0x000071df3fd91708) [0x000071df3fd91800, 0x000071df3fd91cb8] Compiler: c1, Barriers: 4, Oops: 0, ImmediateOops: 0, NonImmediateOops: No
[2,673s][debug][gc,director    ] Rule Major: Warmup 10%, Used: 380MB, UsedThreshold: 1228MB
[2,673s][debug][gc,nmethod     ] Register NMethod: java.lang.StackTraceElement.length (0x000071df3fd91d08) [0x000071df3fd91e00, 0x000071df3fd923e8] Compiler: c1, Barriers: 1, Oops: 0, ImmediateOops: 0, NonImmediateOops: No
[2,673s][debug][gc,nmethod     ] Register NMethod: java.util.concurrent.locks.ReentrantLock$Sync.isHeldExclusively (0x000071df3fd92408) [0x000071df3fd92500, 0x000071df3fd92898] Compiler: c1, Barriers: 2, Oops: 0, ImmediateOops: 0, NonImmediateOops: No
[2,673s][debug][gc,nmethod     ] Register NMethod: io.sirix.page.delegates.ReferencesPage4.getOrCreateReference (0x000071df3fd92908) [0x000071df3fd92a00, 0x000071df3fd94418] Compiler: c1, Barriers: 5, Oops: 1, ImmediateOops: 0, NonImmediateOops: No
[2,673s][debug][gc,nmethod     ] Register NMethod: org.gradle.internal.remote.internal.hub.protocol.ChannelMessage.getChannel (0x000071df5ecfea08) [0x000071df5ecfeb00, 0x000071df5ecfebe8] Compiler: c1, Barriers: 1, Oops: 1, ImmediateOops: 0, NonImmediateOops: No
[2,673s][debug][gc,nmethod     ] Register NMethod: org.gradle.internal.id.CompositeIdGenerator$CompositeId.getId (0x000071df5ecfed08) [0x000071df5ecfee00, 0x000071df5ecfeee8] Compiler: c1, Barriers: 1, Oops: 1, ImmediateOops: 0, NonImmediateOops: No
[2,673s][debug][gc,nmethod     ] Register NMethod: java.nio.charset.CharsetDecoder.decode (0x000071df3fd94488) [0x000071df3fd94580, 0x000071df3fd97a70] Compiler: c1, Barriers: 6, Oops: 0, ImmediateOops: 5, NonImmediateOops: No
[2,673s][debug][gc,nmethod     ] Register NMethod: org.gradle.internal.remote.internal.hub.protocol.ChannelMessage.getPayload (0x000071df5ecff008) [0x000071df5ecff100, 0x000071df5ecff1e8] Compiler: c1, Barriers: 1, Oops: 1, ImmediateOops: 0, NonImmediateOops: No
[2,674s][debug][gc,nmethod     ] Register NMethod: org.gradle.internal.id.CompositeIdGenerator$CompositeId.getScope (0x000071df5ecff308) [0x000071df5ecff400, 0x000071df5ecff4e8] Compiler: c1, Barriers: 1, Oops: 1, ImmediateOops: 0, NonImmediateOops: No
[2,674s][debug][gc,nmethod     ] Register NMethod: org.gradle.internal.remote.internal.hub.MessageHub.access$700 (0x000071df5ecff608) [0x000071df5ecff700, 0x000071df5ecff7d0] Compiler: c1, Barriers: 1, Oops: 1, ImmediateOops: 0, NonImmediateOops: No
[2,674s][debug][gc,nmethod     ] Register NMethod: java.lang.invoke.VarHandleReferences$Array.getVolatile (0x000071df5ecff908) [0x000071df5ecffa00, 0x000071df5ecffe10] Compiler: jvmci, Barriers: 2, Oops: 0, ImmediateOops: 0, NonImmediateOops: No
[2,674s][debug][gc,nmethod     ] Register NMethod: org.gradle.internal.serialize.kryo.TypeSafeSerializer.access$000 (0x000071df5ecffe88) [0x000071df5ecfff80, 0x000071df5ed00050] Compiler: c1, Barriers: 1, Oops: 1, ImmediateOops: 0, NonImmediateOops: No
[2,674s][debug][gc,nmethod     ] Register NMethod: org.gradle.api.internal.tasks.testing.DefaultTestOutputEvent.getLogTime (0x000071df5ed00188) [0x000071df5ed00280, 0x000071df5ed00340] Compiler: c1, Barriers: 0, Oops: 1, ImmediateOops: 0, NonImmediateOops: No
[2,674s][debug][gc,nmethod     ] Register NMethod: org.gradle.api.internal.tasks.testing.DefaultTestOutputEvent.getDestination (0x000071df5ed00488) [0x000071df5ed00580, 0x000071df5ed00668] Compiler: c1, Barriers: 1, Oops: 1, ImmediateOops: 0, NonImmediateOops: No
[2,674s][debug][gc,nmethod     ] Register NMethod: org.gradle.api.internal.tasks.testing.DefaultTestOutputEvent.getMessage (0x000071df5ed00788) [0x000071df5ed00880, 0x000071df5ed00968] Compiler: c1, Barriers: 1, Oops: 1, ImmediateOops: 0, NonImmediateOops: No
[2,674s][debug][gc,nmethod     ] Register NMethod: java.util.stream.AbstractPipeline.evaluate (0x000071df3fd97a88) [0x000071df3fd97b80, 0x000071df3fd98c58] Compiler: c1, Barriers: 1, Oops: 0, ImmediateOops: 1, NonImmediateOops: No
[2,674s][debug][gc,nmethod     ] Register NMethod: io.sirix.cache.IndexLogKey.hashCode (0x000071df3fd98c88) [0x000071df3fd98d80, 0x000071df3fd99128] Compiler: c1, Barriers: 1, Oops: 1, ImmediateOops: 0, NonImmediateOops: No
[2,675s][debug][gc,nmethod     ] Register NMethod: sun.nio.cs.UTF_8$Decoder.decodeArrayLoop (0x000071df3fd99188) [0x000071df3fd99280, 0x000071df3fda3170] Compiler: c1, Barriers: 2, Oops: 1, ImmediateOops: 10, NonImmediateOops: No
[2,675s][debug][gc,nmethod     ] Register NMethod: java.lang.VirtualThread.notifyJvmtiDisableSuspend (0x000071df5ed00a88) [0x000071df5ed00b80, 0x000071df5ed00cd0] Compiler: , Barriers: 0, Oops: 0, ImmediateOops: 1, NonImmediateOops: No
[2,676s][debug][gc,nmethod     ] Register NMethod: java.lang.String.encode (0x000071df3fda3188) [0x000071df3fda3280, 0x000071df3fda35b8] Compiler: c1, Barriers: 0, Oops: 0, ImmediateOops: 3, NonImmediateOops: No
[2,677s][debug][gc,nmethod     ] Register NMethod: java.nio.ByteBuffer.order (0x000071df5ed00d88) [0x000071df5ed00e80, 0x000071df5ed00f50] Compiler: jvmci, Barriers: 0, Oops: 0, ImmediateOops: 1, NonImmediateOops: No
[2,677s][debug][gc,nmethod     ] Register NMethod: io.sirix.page.KeyValueLeafPage.getNumberOfNonNullEntries (0x000071df5ed01088) [0x000071df5ed01180, 0x000071df5ed01550] Compiler: jvmci, Barriers: 3, Oops: 1, ImmediateOops: 0, NonImmediateOops: No
[2,677s][debug][gc,nmethod     ] Register NMethod: com.github.benmanes.caffeine.cache.BaseMpscLinkedArrayQueue.lvElement (0x000071df3fda3608) [0x000071df3fda3700, 0x000071df3fda48c8] Compiler: c1, Barriers: 1, Oops: 8, ImmediateOops: 9, NonImmediateOops: No
[2,677s][debug][gc,nmethod     ] Register NMethod: java.util.stream.Collectors$CollectorImpl.accumulator (0x000071df5ed01588) [0x000071df5ed01680, 0x000071df5ed01768] Compiler: c1, Barriers: 1, Oops: 0, ImmediateOops: 0, NonImmediateOops: No
[2,677s][debug][gc,nmethod     ] Register NMethod: java.util.stream.Collectors$CollectorImpl.combiner (0x000071df5ed01888) [0x000071df5ed01980, 0x000071df5ed01a68] Compiler: c1, Barriers: 1, Oops: 0, ImmediateOops: 0, NonImmediateOops: No
[2,678s][debug][gc,nmethod     ] Register NMethod: java.util.stream.Collectors$CollectorImpl.supplier (0x000071df5ed01b88) [0x000071df5ed01c80, 0x000071df5ed01d68] Compiler: c1, Barriers: 1, Oops: 0, ImmediateOops: 0, NonImmediateOops: No
[2,678s][debug][gc,nmethod     ] Register NMethod: java.util.stream.ReduceOps$Box.get (0x000071df5ed01e88) [0x000071df5ed01f80, 0x000071df5ed02068] Compiler: c1, Barriers: 1, Oops: 0, ImmediateOops: 0, NonImmediateOops: No
[2,678s][debug][gc,nmethod     ] Register NMethod: java.lang.StringLatin1.inflate (0x000071df5ed02188) [0x000071df5ed02280, 0x000071df5ed024f8] Compiler: jvmci, Barriers: 0, Oops: 0, ImmediateOops: 0, NonImmediateOops: No
[2,678s][debug][gc,nmethod     ] Register NMethod: io.sirix.access.trx.page.NodePageReadOnlyTrx.getPathSummaryPage (0x000071df3fda4988) [0x000071df3fda4a80, 0x000071df3fda5a58] Compiler: c1, Barriers: 4, Oops: 1, ImmediateOops: 1, NonImmediateOops: No
[2,679s][debug][gc,nmethod     ] Register NMethod: java.lang.Class.getClassLoader0 (0x000071df5ed02508) [0x000071df5ed02600, 0x000071df5ed026e8] Compiler: c1, Barriers: 1, Oops: 0, ImmediateOops: 0, NonImmediateOops: No
[2,681s][debug][gc,nmethod     ] Register NMethod: com.github.benmanes.caffeine.cache.BaseMpscLinkedArrayQueue.poll (0x000071df3fda5a88) [0x000071df3fda5b80, 0x000071df3fdab548] Compiler: c1, Barriers: 6, Oops: 16, ImmediateOops: 39, NonImmediateOops: No
[2,681s][debug][gc,nmethod     ] Register NMethod: java.lang.invoke.LambdaForm$Holder.constant_L (0x000071df5ed02808) [0x000071df5ed02900, 0x000071df5ed02a20] Compiler: jvmci, Barriers: 1, Oops: 0, ImmediateOops: 0, NonImmediateOops: No
[2,682s][debug][gc,nmethod     ] Register NMethod: jdk.internal.misc.VM.isJavaLangInvokeInited (0x000071df3fdab608) [0x000071df3fdab700, 0x000071df3fdab7e8] Compiler: c1, Barriers: 0, Oops: 0, ImmediateOops: 0, NonImmediateOops: No
[2,683s][debug][gc,nmethod     ] Register NMethod: java.lang.invoke.BoundMethodHandle$Species_LL.make (0x000071df3fdab908) [0x000071df3fdaba00, 0x000071df3fdabcf0] Compiler: c1, Barriers: 6, Oops: 0, ImmediateOops: 0, NonImmediateOops: No
[2,683s][debug][gc,nmethod     ] Register NMethod: java.lang.invoke.BoundMethodHandle$Species_LL.<init> (0x000071df3fdabd08) [0x000071df3fdabe00, 0x000071df3fdac0c0] Compiler: c1, Barriers: 6, Oops: 0, ImmediateOops: 0, NonImmediateOops: No
[2,683s][debug][gc,director    ] Rule Major: Warmup 10%, Used: 382MB, UsedThreshold: 1228MB
[2,684s][debug][gc,nmethod     ] Register NMethod: io.sirix.node.xml.TextNode.getLeftSiblingKey (0x000071df3fdac108) [0x000071df3fdac200, 0x000071df3fdb11f0] Compiler: c1, Barriers: 19, Oops: 7, ImmediateOops: 11, NonImmediateOops: No
[2,686s][debug][gc,nmethod     ] Register NMethod: java.util.concurrent.ForkJoinTask.setNoUserHelp (0x000071df5ed02b08) [0x000071df5ed02c00, 0x000071df5ed02c88] Compiler: jvmci, Barriers: 0, Oops: 0, ImmediateOops: 0, NonImmediateOops: No
[2,686s][debug][gc,nmethod     ] Register NMethod: jdk.internal.misc.Unsafe.allocateMemory (0x000071df5ed02e08) [0x000071df5ed02f00, 0x000071df5ed03048] Compiler: jvmci, Barriers: 0, Oops: 0, ImmediateOops: 0, NonImmediateOops: No
[2,691s][debug][gc,nmethod     ] Register NMethod: java.lang.String.<init> (0x000071df5ed03108) [0x000071df5ed03200, 0x000071df5ed036d0] Compiler: jvmci, Barriers: 6, Oops: 0, ImmediateOops: 3, NonImmediateOops: No
[2,693s][debug][gc,director    ] Rule Major: Warmup 10%, Used: 384MB, UsedThreshold: 1228MB
[2,694s][debug][gc,nmethod     ] Register NMethod: java.lang.String.<init> (0x000071df5ed03708) [0x000071df5ed03800, 0x000071df5ed03f00] Compiler: jvmci, Barriers: 6, Oops: 0, ImmediateOops: 3, NonImmediateOops: No
[2,695s][debug][gc,nmethod     ] Register NMethod: com.github.benmanes.caffeine.cache.stats.DisabledStatsCounter.recordHits (0x000071df5ed03f08) [0x000071df5ed04000, 0x000071df5ed04080] Compiler: jvmci, Barriers: 0, Oops: 1, ImmediateOops: 0, NonImmediateOops: No
[2,696s][debug][gc,nmethod     ] Register NMethod: com.github.benmanes.caffeine.cache.Node.setWeight (0x000071df5ed04208) [0x000071df5ed04300, 0x000071df5ed04380] Compiler: jvmci, Barriers: 0, Oops: 1, ImmediateOops: 0, NonImmediateOops: No
[2,696s][debug][gc,nmethod     ] Register NMethod: sun.nio.fs.UnixPath.getByteArrayForSysCalls (0x000071df5ed04508) [0x000071df5ed04600, 0x000071df5ed04778] Compiler: jvmci, Barriers: 2, Oops: 0, ImmediateOops: 0, NonImmediateOops: No
[2,696s][debug][gc,nmethod     ] Register NMethod: java.util.Vector$Itr.hasNext (0x000071df5ed04808) [0x000071df5ed04900, 0x000071df5ed049e8] Compiler: jvmci, Barriers: 1, Oops: 0, ImmediateOops: 0, NonImmediateOops: No
[2,696s][debug][gc,nmethod     ] Register NMethod: com.github.benmanes.caffeine.cache.StripedBuffer.mix64 (0x000071df5ed04b08) [0x000071df5ed04c00, 0x000071df5ed04ca0] Compiler: jvmci, Barriers: 0, Oops: 1, ImmediateOops: 0, NonImmediateOops: No
[2,696s][debug][gc,nmethod     ] Register NMethod: kotlinx.coroutines.internal.LockFreeTaskQueueCore$Companion.updateHead (0x000071df3fdb1288) [0x000071df3fdb1380, 0x000071df3fdb1688] Compiler: c1, Barriers: 0, Oops: 1, ImmediateOops: 0, NonImmediateOops: No
[2,696s][debug][gc,nmethod     ] Register NMethod: sun.nio.fs.UnixPath.resolve (0x000071df5ed04e08) [0x000071df5ed04f00, 0x000071df5ed053a0] Compiler: jvmci, Barriers: 0, Oops: 0, ImmediateOops: 0, NonImmediateOops: No
[2,698s][debug][gc,nmethod     ] Register NMethod: java.util.concurrent.atomic.AtomicIntegerFieldUpdater$AtomicIntegerFieldUpdaterImpl.compareAndSet (0x000071df3fdb1708) [0x000071df3fdb1800, 0x000071df3fdb1c30] Compiler: c1, Barriers: 1, Oops: 0, ImmediateOops: 0, NonImmediateOops: No
[2,699s][debug][gc,nmethod     ] Register NMethod: sun.nio.ch.FileChannelImpl.implRead (0x000071df5ed05408) [0x000071df5ed05500, 0x000071df5ed05658] Compiler: jvmci, Barriers: 0, Oops: 0, ImmediateOops: 0, NonImmediateOops: No
[2,699s][debug][gc,nmethod     ] Register NMethod: java.lang.invoke.DelegatingMethodHandle$Holder.delegate (0x000071df5ed05708) [0x000071df5ed05800, 0x000071df5ed05948] Compiler: jvmci, Barriers: 1, Oops: 0, ImmediateOops: 0, NonImmediateOops: No
[2,700s][debug][gc,nmethod     ] Register NMethod: java.util.concurrent.ConcurrentHashMap.compute (0x000071df5ed05a08) [0x000071df5ed05ba0, 0x000071df5ed0aef8] Compiler: jvmci, Barriers: 146, Oops: 13, ImmediateOops: 2, NonImmediateOops: No
[2,700s][debug][gc,nmethod     ] Register NMethod: io.sirix.page.KeyValueLeafPage.acquireGuard (0x000071df5ed0af88) [0x000071df5ed0b080, 0x000071df5ed0b168] Compiler: jvmci, Barriers: 1, Oops: 1, ImmediateOops: 0, NonImmediateOops: No
[2,701s][debug][gc,nmethod     ] Register NMethod: io.sirix.access.trx.node.xml.XmlNodeReadOnlyTrxImpl.getNode (0x000071df3fdb1c88) [0x000071df3fdb1d80, 0x000071df3fdb2078] Compiler: c1, Barriers: 0, Oops: 1, ImmediateOops: 0, NonImmediateOops: No
[2,701s][debug][gc,nmethod     ] Register NMethod: java.lang.invoke.LambdaForm$MH/0x00000000ae269800.guard (0x000071df5ed0b288) [0x000071df5ed0b380, 0x000071df5ed0b790] Compiler: jvmci, Barriers: 4, Oops: 1, ImmediateOops: 0, NonImmediateOops: No
[2,701s][debug][gc,nmethod     ] Register NMethod: kotlinx.coroutines.DispatchedTask.run (0x000071df3fdb2088) [0x000071df3fdb2180, 0x000071df3fdbc670] Compiler: c1, Barriers: 32, Oops: 5, ImmediateOops: 38, NonImmediateOops: No
[2,701s][debug][gc,nmethod     ] Register NMethod: io.sirix.access.trx.node.xml.XmlNodeReadOnlyTrxImpl.getNode (0x000071df3fdbc708) [0x000071df3fdbc800, 0x000071df3fdbf010] Compiler: c1, Barriers: 10, Oops: 2, ImmediateOops: 3, NonImmediateOops: No
[2,703s][debug][gc,nmethod     ] Register NMethod: kotlinx.coroutines.internal.DispatchedContinuation.<init> (0x000071df3fdbf088) [0x000071df3fdbf180, 0x000071df3fdc04e0] Compiler: c1, Barriers: 16, Oops: 3, ImmediateOops: 5, NonImmediateOops: No
[2,703s][debug][gc,director    ] Rule Major: Warmup 10%, Used: 394MB, UsedThreshold: 1228MB
[2,704s][debug][gc,nmethod     ] Register NMethod: io.sirix.Holder.getXmlNodeReadTrx (0x000071df5ed0b808) [0x000071df5ed0b900, 0x000071df5ed0b9e8] Compiler: c1, Barriers: 1, Oops: 1, ImmediateOops: 0, NonImmediateOops: No
[2,704s][debug][gc,nmethod     ] Register NMethod: io.sirix.axis.CoroutineDescendantAxisTest.access$getHolder$p (0x000071df5ed0bb08) [0x000071df5ed0bc00, 0x000071df5ed0bcd0] Compiler: c1, Barriers: 1, Oops: 1, ImmediateOops: 0, NonImmediateOops: No
[2,705s][debug][gc,nmethod     ] Register NMethod: java.util.ArrayDeque.addFirst (0x000071df3fdc0508) [0x000071df3fdc0600, 0x000071df3fdc0be0] Compiler: c1, Barriers: 4, Oops: 0, ImmediateOops: 0, NonImmediateOops: No
[2,705s][debug][gc,nmethod     ] Register NMethod: io.sirix.axis.CoroutineDescendantAxis.nextKeyForRightSibling (0x000071df3fdc0c08) [0x000071df3fdc0d00, 0x000071df3fdc18c8] Compiler: c1, Barriers: 3, Oops: 1, ImmediateOops: 1, NonImmediateOops: No
[2,706s][debug][gc,nmethod     ] Register NMethod: io.sirix.axis.CoroutineDescendantAxis.access$hasNextNode (0x000071df3fdc1908) [0x000071df3fdc1a00, 0x000071df3fdc1b20] Compiler: c1, Barriers: 0, Oops: 1, ImmediateOops: 0, NonImmediateOops: No
[2,707s][debug][gc,nmethod     ] Register NMethod: kotlinx.coroutines.JobSupport.isCompleted (0x000071df3fdc1c08) [0x000071df3fdc1d00, 0x000071df3fdc2260] Compiler: c1, Barriers: 0, Oops: 1, ImmediateOops: 0, NonImmediateOops: No
[2,707s][debug][gc,nmethod     ] Register NMethod: kotlinx.coroutines.EventLoopImplBase.dispatch (0x000071df3fdc2288) [0x000071df3fdc2380, 0x000071df3fdc2680] Compiler: c1, Barriers: 0, Oops: 1, ImmediateOops: 0, NonImmediateOops: No
[2,708s][debug][gc,nmethod     ] Register NMethod: java.util.concurrent.atomic.AtomicInteger.getAndAdd (0x000071df3fdc2708) [0x000071df3fdc2800, 0x000071df3fdc2908] Compiler: c1, Barriers: 0, Oops: 0, ImmediateOops: 0, NonImmediateOops: No
[2,708s][debug][gc,nmethod     ] Register NMethod: kotlinx.coroutines.CoroutineDispatcher.<init> (0x000071df3fdc2a08) [0x000071df3fdc2b00, 0x000071df3fdc2db0] Compiler: c1, Barriers: 3, Oops: 3, ImmediateOops: 2, NonImmediateOops: No
[2,708s][debug][gc,nmethod     ] Register NMethod: kotlinx.coroutines.EventLoopImplPlatform.unpark (0x000071df3fdc2e08) [0x000071df3fdc2f00, 0x000071df3fdc4268] Compiler: c1, Barriers: 2, Oops: 1, ImmediateOops: 4, NonImmediateOops: No
[2,708s][debug][gc,nmethod     ] Register NMethod: kotlinx.coroutines.EventLoopImplBase.enqueue (0x000071df3fdc4288) [0x000071df3fdc4380, 0x000071df3fdc52f0] Compiler: c1, Barriers: 0, Oops: 2, ImmediateOops: 11, NonImmediateOops: No
[2,708s][debug][gc,nmethod     ] Register NMethod: kotlinx.coroutines.EventLoop.getNextTime (0x000071df3fdc5308) [0x000071df3fdc5400, 0x000071df3fdc5638] Compiler: c1, Barriers: 1, Oops: 1, ImmediateOops: 0, NonImmediateOops: No
[2,708s][debug][gc,nmethod     ] Register NMethod: kotlinx.coroutines.EventLoopImplBase.<init> (0x000071df3fdc5688) [0x000071df3fdc5780, 0x000071df3fdc5b60] Compiler: c1, Barriers: 3, Oops: 3, ImmediateOops: 2, NonImmediateOops: No
[2,708s][debug][gc,nmethod     ] Register NMethod: kotlinx.coroutines.EventLoopImplPlatform.<init> (0x000071df3fdc5b88) [0x000071df3fdc5c80, 0x000071df3fdc5fe8] Compiler: c1, Barriers: 3, Oops: 3, ImmediateOops: 2, NonImmediateOops: No
[2,708s][debug][gc,nmethod     ] Register NMethod: kotlinx.coroutines.EventLoop.<init> (0x000071df3fdc6008) [0x000071df3fdc6100, 0x000071df3fdc6410] Compiler: c1, Barriers: 3, Oops: 3, ImmediateOops: 2, NonImmediateOops: No
[2,708s][debug][gc,nmethod     ] Register NMethod: kotlinx.coroutines.EventLoopImplBase.enqueueImpl (0x000071df3fdc6488) [0x000071df3fdc6580, 0x000071df3fdc9238] Compiler: c1, Barriers: 3, Oops: 6, ImmediateOops: 16, NonImmediateOops: No
[2,709s][debug][gc,nmethod     ] Register NMethod: kotlinx.coroutines.EventLoopImplBase.getNextTime (0x000071df3fdc9288) [0x000071df3fdc9380, 0x000071df3fdcac30] Compiler: c1, Barriers: 4, Oops: 3, ImmediateOops: 8, NonImmediateOops: No
[2,709s][debug][gc,nmethod     ] Register NMethod: kotlinx.coroutines.EventLoop.incrementUseCount$default (0x000071df3fdcac88) [0x000071df3fdcad80, 0x000071df3fdcb178] Compiler: c1, Barriers: 0, Oops: 1, ImmediateOops: 1, NonImmediateOops: No
[2,709s][debug][gc,nmethod     ] Register NMethod: kotlinx.coroutines.GlobalScope.getCoroutineContext (0x000071df3fdcb188) [0x000071df3fdcb280, 0x000071df3fdcb388] Compiler: c1, Barriers: 0, Oops: 1, ImmediateOops: 1, NonImmediateOops: No
[2,709s][debug][gc,nmethod     ] Register NMethod: kotlin.coroutines.EmptyCoroutineContext.get (0x000071df3fdcb488) [0x000071df3fdcb580, 0x000071df3fdcbde8] Compiler: c1, Barriers: 1, Oops: 3, ImmediateOops: 3, NonImmediateOops: No
[2,709s][debug][gc,nmethod     ] Register NMethod: io.sirix.access.trx.page.NodePageReadOnlyTrx.getValue (0x000071df5ed0be08) [0x000071df5ed0bf00, 0x000071df5ed0c838] Compiler: jvmci, Barriers: 13, Oops: 1, ImmediateOops: 1, NonImmediateOops: No
[2,709s][debug][gc,nmethod     ] Register NMethod: kotlinx.coroutines.BlockingEventLoop.<init> (0x000071df3fdcbe08) [0x000071df3fdcbf00, 0x000071df3fdcc3b0] Compiler: c1, Barriers: 6, Oops: 3, ImmediateOops: 2, NonImmediateOops: No
[2,709s][debug][gc,nmethod     ] Register NMethod: kotlinx.coroutines.EventLoopKt.createEventLoop (0x000071df3fdcc408) [0x000071df3fdcc500, 0x000071df3fdcca90] Compiler: c1, Barriers: 7, Oops: 3, ImmediateOops: 2, NonImmediateOops: No
[2,709s][debug][gc,nmethod     ] Register NMethod: kotlinx.coroutines.BlockingCoroutine.<init> (0x000071df3fdccb08) [0x000071df3fdccc00, 0x000071df3fdcce50] Compiler: c1, Barriers: 6, Oops: 1, ImmediateOops: 0, NonImmediateOops: No
[2,709s][debug][gc,nmethod     ] Register NMethod: kotlinx.coroutines.EventLoop.decrementUseCount$default (0x000071df3fdcce88) [0x000071df3fdccf80, 0x000071df3fdcd378] Compiler: c1, Barriers: 0, Oops: 1, ImmediateOops: 1, NonImmediateOops: No
[2,709s][debug][gc,nmethod     ] Register NMethod: kotlinx.coroutines.BlockingCoroutine.joinBlocking (0x000071df3fdcd388) [0x000071df3fdcd480, 0x000071df3fdd0128] Compiler: c1, Barriers: 11, Oops: 1, ImmediateOops: 5, NonImmediateOops: No
[2,709s][debug][gc,nmethod     ] Register NMethod: kotlinx.coroutines.EventLoopImplBase.setCompleted (0x000071df3fdd0188) [0x000071df3fdd0280, 0x000071df3fdd03c8] Compiler: c1, Barriers: 0, Oops: 1, ImmediateOops: 1, NonImmediateOops: No
[2,710s][debug][gc,nmethod     ] Register NMethod: kotlinx.coroutines.BlockingCoroutine.afterCompletion (0x000071df3fdd0488) [0x000071df3fdd0580, 0x000071df3fdd1a60] Compiler: c1, Barriers: 4, Oops: 1, ImmediateOops: 4, NonImmediateOops: No
[2,710s][debug][gc,nmethod     ] Register NMethod: kotlinx.coroutines.ThreadLocalEventLoop.resetEventLoop$kotlinx_coroutines_core (0x000071df3fdd1a88) [0x000071df3fdd1b80, 0x000071df3fdd2af8] Compiler: c1, Barriers: 4, Oops: 2, ImmediateOops: 3, NonImmediateOops: No
[2,710s][debug][gc,nmethod     ] Register NMethod: kotlinx.coroutines.EventLoopImplBase.shutdown (0x000071df3fdd2b88) [0x000071df3fdd2c80, 0x000071df3fdd4208] Compiler: c1, Barriers: 4, Oops: 2, ImmediateOops: 5, NonImmediateOops: No
[2,710s][debug][gc,nmethod     ] Register NMethod: java.lang.ThreadLocal.nextHashCode (0x000071df3fdd4288) [0x000071df3fdd4380, 0x000071df3fdd4668] Compiler: c1, Barriers: 0, Oops: 0, ImmediateOops: 1, NonImmediateOops: No
[2,710s][debug][gc,nmethod     ] Register NMethod: java.util.ArrayDeque.push (0x000071df3fdd4688) [0x000071df3fdd4780, 0x000071df3fdd48c8] Compiler: c1, Barriers: 0, Oops: 0, ImmediateOops: 0, NonImmediateOops: No
[2,710s][debug][gc,nmethod     ] Register NMethod: java.lang.ThreadLocal.<init> (0x000071df3fdd4988) [0x000071df3fdd4a80, 0x000071df3fdd4e48] Compiler: c1, Barriers: 0, Oops: 0, ImmediateOops: 1, NonImmediateOops: No
[2,710s][debug][gc,nmethod     ] Register NMethod: kotlinx.coroutines.EventLoopImplBase.rescheduleAllDelayed (0x000071df3fdd4e88) [0x000071df3fdd4f80, 0x000071df3fdd5ce0] Compiler: c1, Barriers: 2, Oops: 2, ImmediateOops: 4, NonImmediateOops: No
[2,710s][debug][gc,nmethod     ] Register NMethod: kotlinx.coroutines.EventLoopImplBase.closeQueue (0x000071df3fdd5d08) [0x000071df3fdd5e00, 0x000071df3fdd7d68] Compiler: c1, Barriers: 2, Oops: 5, ImmediateOops: 13, NonImmediateOops: No
[2,710s][debug][gc,nmethod     ] Register NMethod: it.unimi.dsi.fastutil.ints.Int2IntOpenHashMap.insert (0x000071df5ed0c888) [0x000071df5ed0c9a0, 0x000071df5ed0d438] Compiler: jvmci, Barriers: 8, Oops: 1, ImmediateOops: 0, NonImmediateOops: No
[2,711s][debug][gc,nmethod     ] Register NMethod: java.lang.ref.Reference.refersToImpl (0x000071df5ed0d488) [0x000071df5ed0d580, 0x000071df5ed0d640] Compiler: jvmci, Barriers: 2, Oops: 0, ImmediateOops: 0, NonImmediateOops: No
[2,711s][debug][gc,nmethod     ] Register NMethod: kotlinx.coroutines.EventLoop.incrementUseCount (0x000071df3fdd7e08) [0x000071df3fdd7f00, 0x000071df3fdd80e8] Compiler: c1, Barriers: 0, Oops: 1, ImmediateOops: 0, NonImmediateOops: No
[2,711s][debug][gc,nmethod     ] Register NMethod: kotlinx.coroutines.BuildersKt.runBlocking (0x000071df3fdd8108) [0x000071df3fdd8200, 0x000071df3fdd8310] Compiler: c1, Barriers: 0, Oops: 1, ImmediateOops: 0, NonImmediateOops: No
[2,712s][debug][gc,nmethod     ] Register NMethod: kotlinx.coroutines.BuildersKt.runBlocking$default (0x000071df3fdd8408) [0x000071df3fdd8500, 0x000071df3fdd8700] Compiler: c1, Barriers: 0, Oops: 1, ImmediateOops: 1, NonImmediateOops: No
[2,712s][debug][gc,nmethod     ] Register NMethod: kotlinx.coroutines.BuildersKt__BuildersKt.runBlocking$default (0x000071df3fdd8788) [0x000071df3fdd8880, 0x000071df3fdd8a20] Compiler: c1, Barriers: 0, Oops: 1, ImmediateOops: 1, NonImmediateOops: No
[2,712s][debug][gc,nmethod     ] Register NMethod: kotlinx.coroutines.EventLoop.decrementUseCount (0x000071df3fdd8a88) [0x000071df3fdd8b80, 0x000071df3fdd9170] Compiler: c1, Barriers: 0, Oops: 1, ImmediateOops: 0, NonImmediateOops: No
[2,712s][debug][gc,nmethod     ] Register NMethod: kotlinx.coroutines.AbstractTimeSourceKt.getTimeSource (0x000071df5ed0d788) [0x000071df5ed0d880, 0x000071df5ed0d928] Compiler: jvmci, Barriers: 1, Oops: 1, ImmediateOops: 1, NonImmediateOops: No
[2,712s][debug][gc,nmethod     ] Register NMethod: kotlinx.coroutines.ThreadLocalEventLoop.getEventLoop$kotlinx_coroutines_core (0x000071df3fdd9188) [0x000071df3fdd9280, 0x000071df3fddabe0] Compiler: c1, Barriers: 12, Oops: 4, ImmediateOops: 6, NonImmediateOops: No
[2,712s][debug][gc,nmethod     ] Register NMethod: io.sirix.node.immutable.xml.ImmutableText.getNodeKey (0x000071df3fddac08) [0x000071df3fddad00, 0x000071df3fddb010] Compiler: c1, Barriers: 1, Oops: 1, ImmediateOops: 0, NonImmediateOops: No
[2,712s][debug][gc,nmethod     ] Register NMethod: kotlinx.coroutines.BuildersKt__BuildersKt.runBlocking (0x000071df3fddb088) [0x000071df3fddb180, 0x000071df3fddd178] Compiler: c1, Barriers: 8, Oops: 4, ImmediateOops: 7, NonImmediateOops: No
[2,714s][debug][gc,director    ] Rule Major: Warmup 10%, Used: 400MB, UsedThreshold: 1228MB
[2,715s][debug][gc,nmethod     ] Register NMethod: com.google.common.collect.testing.AbstractIteratorTester$PermittedMetaException$1.isPermitted (0x000071df3fddd208) [0x000071df3fddd300, 0x000071df3fddd880] Compiler: c1, Barriers: 0, Oops: 1, ImmediateOops: 0, NonImmediateOops: No
[2,716s][debug][gc,nmethod     ] Register NMethod: io.sirix.access.trx.node.AbstractNodeReadOnlyTrx.getStructuralNode (0x000071df5ed0da88) [0x000071df5ed0db80, 0x000071df5ed0de90] Compiler: jvmci, Barriers: 3, Oops: 1, ImmediateOops: 0, NonImmediateOops: No
[2,716s][debug][gc,nmethod     ] Register NMethod: io.sirix.access.trx.page.NodePageReadOnlyTrx.getRecord (0x000071df5ed0df08) [0x000071df5ed0e000, 0x000071df5ed0fb88] Compiler: jvmci, Barriers: 47, Oops: 3, ImmediateOops: 2, NonImmediateOops: No
[2,717s][debug][gc,nmethod     ] Register NMethod: kotlin.jvm.internal.Intrinsics.checkNotNull (0x000071df5ed0fc08) [0x000071df5ed0fd00, 0x000071df5ed0fd90] Compiler: jvmci, Barriers: 0, Oops: 1, ImmediateOops: 0, NonImmediateOops: No
[2,717s][debug][gc,nmethod     ] Register NMethod: io.sirix.access.trx.page.NodePageReadOnlyTrx.pageKey (0x000071df5ed0ff08) [0x000071df5ed10000, 0x000071df5ed10150] Compiler: jvmci, Barriers: 0, Oops: 1, ImmediateOops: 0, NonImmediateOops: No
[2,720s][debug][gc,nmethod     ] Register NMethod: java.util.concurrent.ConcurrentHashMap.transfer (0x000071df5ed10208) [0x000071df5ed10300, 0x000071df5ed11d88] Compiler: jvmci, Barriers: 71, Oops: 1, ImmediateOops: 0, NonImmediateOops: No
[2,720s][debug][gc,nmethod     ] Register NMethod: kotlinx.coroutines.channels.BufferedChannelKt.access$getNO_CLOSE_CAUSE$p (0x000071df5ed11e08) [0x000071df5ed11f00, 0x000071df5ed11f70] Compiler: jvmci, Barriers: 0, Oops: 1, ImmediateOops: 1, NonImmediateOops: No
[2,721s][debug][gc,nmethod     ] Register NMethod: com.google.common.collect.testing.AbstractIteratorTester$PermittedMetaException$4.isPermitted (0x000071df3fddd908) [0x000071df3fddda00, 0x000071df3fdddd08] Compiler: c1, Barriers: 0, Oops: 1, ImmediateOops: 0, NonImmediateOops: No
[2,721s][debug][gc,nmethod     ] Register NMethod: java.util.NoSuchElementException.<init> (0x000071df3fdddd88) [0x000071df3fddde80, 0x000071df3fdde070] Compiler: c1, Barriers: 0, Oops: 0, ImmediateOops: 0, NonImmediateOops: No
[2,722s][debug][gc,nmethod     ] Register NMethod: sun.nio.ch.IOUtil.acquireScope (0x000071df5ed12108) [0x000071df5ed12200, 0x000071df5ed123b8] Compiler: jvmci, Barriers: 2, Oops: 0, ImmediateOops: 0, NonImmediateOops: No
[2,723s][debug][gc,nmethod     ] Register NMethod: java.util.concurrent.atomic.AtomicReferenceArray.compareAndSet (0x000071df5ed12408) [0x000071df5ed12500, 0x000071df5ed126b0] Compiler: jvmci, Barriers: 6, Oops: 0, ImmediateOops: 0, NonImmediateOops: No
[2,724s][debug][gc,director    ] Rule Major: Warmup 10%, Used: 408MB, UsedThreshold: 1228MB
[2,725s][debug][gc,nmethod     ] Register NMethod: java.util.concurrent.atomic.AtomicIntegerFieldUpdater$AtomicIntegerFieldUpdaterImpl.getAndAdd (0x000071df5ed12708) [0x000071df5ed12800, 0x000071df5ed12a30] Compiler: jvmci, Barriers: 1, Oops: 0, ImmediateOops: 0, NonImmediateOops: No
[2,725s][debug][gc,nmethod     ] Register NMethod: java.util.concurrent.ConcurrentHashMap.values (0x000071df3fdde088) [0x000071df3fdde180, 0x000071df3fdde558] Compiler: c1, Barriers: 7, Oops: 0, ImmediateOops: 0, NonImmediateOops: No
[2,728s][debug][gc,nmethod     ] Register NMethod: io.sirix.access.trx.page.NodePageReadOnlyTrx.getRecordPage (0x000071df5ed12a88) [0x000071df5ed12b80, 0x000071df5ed14560] Compiler: jvmci, Barriers: 61, Oops: 1, ImmediateOops: 1, NonImmediateOops: No
[2,729s][debug][gc,nmethod     ] Register NMethod: java.lang.invoke.MethodHandle.asTypeCached (0x000071df3fdde588) [0x000071df3fdde680, 0x000071df3fddeda0] Compiler: c1, Barriers: 4, Oops: 0, ImmediateOops: 0, NonImmediateOops: No
[2,729s][debug][gc,nmethod     ] Register NMethod: io.sirix.page.KeyValueLeafPage.releaseGuard (0x000071df5ed14588) [0x000071df5ed14680, 0x000071df5ed14768] Compiler: jvmci, Barriers: 1, Oops: 1, ImmediateOops: 0, NonImmediateOops: No
[2,729s][debug][gc,nmethod     ] Register NMethod: java.lang.reflect.Constructor.newInstance (0x000071df3fddee08) [0x000071df3fddef00, 0x000071df3fddf2e0] Compiler: c1, Barriers: 0, Oops: 0, ImmediateOops: 0, NonImmediateOops: No
[2,729s][debug][gc,nmethod     ] Register NMethod: java.lang.Class.getInterfaces (0x000071df3fddf308) [0x000071df3fddf400, 0x000071df3fddfad8] Compiler: c1, Barriers: 4, Oops: 0, ImmediateOops: 0, NonImmediateOops: No
[2,730s][debug][gc,nmethod     ] Register NMethod: java.util.stream.Sink$ChainedReference.begin (0x000071df3fddfb08) [0x000071df3fddfc00, 0x000071df3fddff40] Compiler: c1, Barriers: 1, Oops: 0, ImmediateOops: 0, NonImmediateOops: No
[2,730s][debug][gc,nmethod     ] Register NMethod: java.util.StringJoiner.checkAddLength (0x000071df3fddff88) [0x000071df3fde0080, 0x000071df3fde0c40] Compiler: c1, Barriers: 4, Oops: 0, ImmediateOops: 1, NonImmediateOops: No
[2,730s][debug][gc,nmethod     ] Register NMethod: java.util.Collections$UnmodifiableCollection$1.hasNext (0x000071df3fde0c88) [0x000071df3fde0d80, 0x000071df3fde10c8] Compiler: c1, Barriers: 1, Oops: 0, ImmediateOops: 0, NonImmediateOops: No
[2,730s][debug][gc,nmethod     ] Register NMethod: java.util.ArrayList.<init> (0x000071df3fde1108) [0x000071df3fde1200, 0x000071df3fde1ad0] Compiler: c1, Barriers: 9, Oops: 0, ImmediateOops: 3, NonImmediateOops: No
[2,730s][debug][gc,nmethod     ] Register NMethod: java.util.Collections$EmptyIterator.hasNext (0x000071df5ed14888) [0x000071df5ed14980, 0x000071df5ed14a40] Compiler: c1, Barriers: 0, Oops: 0, ImmediateOops: 0, NonImmediateOops: No
[2,730s][debug][gc,nmethod     ] Register NMethod: sun.nio.fs.UnixNativeDispatcher.readdir0 (0x000071df5ed14b88) [0x000071df5ed14c80, 0x000071df5ed14fa8] Compiler: , Barriers: 0, Oops: 0, ImmediateOops: 1, NonImmediateOops: No
[2,731s][debug][gc,nmethod     ] Register NMethod: sun.nio.fs.UnixDirectoryStream.readLock (0x000071df3fde1b08) [0x000071df3fde1c00, 0x000071df3fde1d90] Compiler: c1, Barriers: 2, Oops: 0, ImmediateOops: 0, NonImmediateOops: No
[2,731s][debug][gc,nmethod     ] Register NMethod: sun.nio.fs.UnixNativeDispatcher.copyToNativeBuffer (0x000071df5ed15008) [0x000071df5ed15100, 0x000071df5ed157f0] Compiler: jvmci, Barriers: 17, Oops: 1, ImmediateOops: 1, NonImmediateOops: No
[2,731s][debug][gc,nmethod     ] Register NMethod: org.gradle.internal.remote.internal.hub.queue.MultiEndPointQueue.flush (0x000071df3fde1e08) [0x000071df3fde1f00, 0x000071df3fde5e60] Compiler: c1, Barriers: 14, Oops: 5, ImmediateOops: 6, NonImmediateOops: No
[2,734s][debug][gc,nmethod     ] Register NMethod: sun.nio.fs.NativeBuffers.getNativeBufferFromCache (0x000071df5ed15808) [0x000071df5ed15900, 0x000071df5ed15d68] Compiler: jvmci, Barriers: 11, Oops: 1, ImmediateOops: 1, NonImmediateOops: No
[2,734s][debug][gc,nmethod     ] Register NMethod: com.google.gson.stream.JsonWriter.peek (0x000071df3fde5f08) [0x000071df3fde6000, 0x000071df3fde6258] Compiler: c1, Barriers: 1, Oops: 1, ImmediateOops: 1, NonImmediateOops: No
[2,734s][debug][gc,director    ] Rule Major: Warmup 10%, Used: 412MB, UsedThreshold: 1228MB
[2,734s][debug][gc,nmethod     ] Register NMethod: sun.nio.fs.NativeBuffers.releaseNativeBuffer (0x000071df5ed15d88) [0x000071df5ed15e80, 0x000071df5ed162f0] Compiler: jvmci, Barriers: 12, Oops: 1, ImmediateOops: 1, NonImmediateOops: No
[2,734s][debug][gc,nmethod     ] Register NMethod: com.google.gson.stream.JsonWriter.string (0x000071df3fde6288) [0x000071df3fde6380, 0x000071df3fde8748] Compiler: c1, Barriers: 10, Oops: 2, ImmediateOops: 6, NonImmediateOops: No
[2,735s][debug][gc,nmethod     ] Register NMethod: java.lang.String.encodeUTF8 (0x000071df3fde8788) [0x000071df3fde8880, 0x000071df3fde8f08] Compiler: c1, Barriers: 0, Oops: 0, ImmediateOops: 0, NonImmediateOops: No
[2,735s][debug][gc,nmethod     ] Register NMethod: it.unimi.dsi.fastutil.HashCommon.mix (0x000071df5ed16308) [0x000071df5ed16400, 0x000071df5ed16470] Compiler: jvmci, Barriers: 0, Oops: 1, ImmediateOops: 0, NonImmediateOops: No
[2,735s][debug][gc,nmethod     ] Register NMethod: io.sirix.page.KeyValueLeafPage.getRevision (0x000071df5ed16608) [0x000071df5ed16700, 0x000071df5ed167c0] Compiler: c1, Barriers: 0, Oops: 1, ImmediateOops: 0, NonImmediateOops: No
[2,735s][debug][gc,nmethod     ] Register NMethod: sun.security.provider.SHA2.implCompressCheck (0x000071df3fde8f88) [0x000071df3fde9080, 0x000071df3fde93e8] Compiler: c1, Barriers: 0, Oops: 1, ImmediateOops: 1, NonImmediateOops: No
[2,735s][debug][gc,nmethod     ] Register NMethod: sun.security.provider.SHA2.implCompress (0x000071df3fde9408) [0x000071df3fde9500, 0x000071df3fde9910] Compiler: c1, Barriers: 0, Oops: 1, ImmediateOops: 1, NonImmediateOops: No
[2,735s][debug][gc,nmethod     ] Register NMethod: jdk.internal.foreign.layout.AbstractLayout.<init> (0x000071df3fde9988) [0x000071df3fde9a80, 0x000071df3fde9e28] Compiler: c1, Barriers: 3, Oops: 0, ImmediateOops: 0, NonImmediateOops: No
[2,736s][debug][gc,nmethod     ] Register NMethod: jdk.internal.foreign.layout.AbstractLayout.requirePowerOfTwoAndGreaterOrEqualToOne (0x000071df3fde9e88) [0x000071df3fde9f80, 0x000071df3fdead00] Compiler: c1, Barriers: 0, Oops: 1, ImmediateOops: 2, NonImmediateOops: No
[2,736s][debug][gc,nmethod     ] Register NMethod: jdk.internal.foreign.layout.MemoryLayoutUtil.requireByteSizeValid (0x000071df3fdead88) [0x000071df3fdeae80, 0x000071df3fdebbe8] Compiler: c1, Barriers: 0, Oops: 1, ImmediateOops: 2, NonImmediateOops: No
[2,736s][debug][gc,nmethod     ] Register NMethod: io.sirix.node.GrowingMemorySegment.setPosition (0x000071df5ed16908) [0x000071df5ed16a00, 0x000071df5ed16ac0] Compiler: c1, Barriers: 0, Oops: 1, ImmediateOops: 0, NonImmediateOops: No
[2,739s][debug][gc,nmethod     ] Register NMethod: io.sirix.page.PageUtils.fixupPageReferenceIds (0x000071df5ed16c08) [0x000071df5ed16d00, 0x000071df5ed18100] Compiler: jvmci, Barriers: 29, Oops: 1, ImmediateOops: 0, NonImmediateOops: No
[2,740s][debug][gc,nmethod     ] Register NMethod: io.sirix.page.PageKind$1.serializePage (0x000071df3fdebc08) [0x000071df3fdebd00, 0x000071df3fdf9638] Compiler: c1, Barriers: 65, Oops: 7, ImmediateOops: 10, NonImmediateOops: No
[2,741s][debug][gc,nmethod     ] Register NMethod: sun.nio.fs.UnixPath.initOffsets (0x000071df3fdf9688) [0x000071df3fdf9780, 0x000071df3fdfa168] Compiler: c1, Barriers: 8, Oops: 0, ImmediateOops: 0, NonImmediateOops: No
[2,741s][debug][gc,nmethod     ] Register NMethod: io.sirix.io.filechannel.FileChannelWriter.delegate (0x000071df5ed18188) [0x000071df5ed18280, 0x000071df5ed18368] Compiler: c1, Barriers: 1, Oops: 1, ImmediateOops: 0, NonImmediateOops: No
[2,742s][debug][gc,nmethod     ] Register NMethod: com.github.benmanes.caffeine.cache.SSLSMW.setMissesInSample (0x000071df5ed18488) [0x000071df5ed18580, 0x000071df5ed18640] Compiler: c1, Barriers: 0, Oops: 1, ImmediateOops: 0, NonImmediateOops: No
[2,742s][debug][gc,nmethod     ] Register NMethod: java.lang.invoke.MethodHandle.invokeBasic (0x000071df5ed18788) [0x000071df5ed18880, 0x000071df5ed18b18] Compiler: , Barriers: 0, Oops: 0, ImmediateOops: 0, NonImmediateOops: No
[2,742s][debug][gc,nmethod     ] Register NMethod: java.lang.invoke.VarHandleInts$FieldInstanceReadWrite.compareAndSet (0x000071df3fdfa188) [0x000071df3fdfa280, 0x000071df3fdfacb0] Compiler: c1, Barriers: 1, Oops: 1, ImmediateOops: 0, NonImmediateOops: No
[2,743s][debug][gc,nmethod     ] Register NMethod: java.util.concurrent.ConcurrentHashMap$KeySetView.add (0x000071df3fdfad08) [0x000071df3fdfae00, 0x000071df3fdfb2a8] Compiler: c1, Barriers: 2, Oops: 0, ImmediateOops: 0, NonImmediateOops: No
[2,743s][debug][gc,nmethod     ] Register NMethod: java.lang.invoke.VarHandleGuards.guard_LII_Z (0x000071df3fdfb308) [0x000071df3fdfb400, 0x000071df3fdfe2d8] Compiler: c1, Barriers: 28, Oops: 0, ImmediateOops: 2, NonImmediateOops: No
[2,743s][debug][gc,nmethod     ] Register NMethod: sun.nio.fs.UnixPath.resolve (0x000071df5ed18b88) [0x000071df5ed18c80, 0x000071df5ed19400] Compiler: jvmci, Barriers: 7, Oops: 0, ImmediateOops: 0, NonImmediateOops: No
[2,744s][debug][gc,director    ] Rule Major: Warmup 10%, Used: 414MB, UsedThreshold: 1228MB
[2,744s][debug][gc,nmethod     ] Register NMethod: sun.nio.ch.NativeThreadSet.add (0x000071df5ed19408) [0x000071df5ed19500, 0x000071df5ed19b30] Compiler: jvmci, Barriers: 5, Oops: 0, ImmediateOops: 0, NonImmediateOops: No
[2,744s][debug][gc,nmethod     ] Register NMethod: sun.nio.fs.UnixPath.resolve (0x000071df5ed19b88) [0x000071df5ed19c80, 0x000071df5ed1a400] Compiler: jvmci, Barriers: 7, Oops: 0, ImmediateOops: 0, NonImmediateOops: No
[2,745s][debug][gc,nmethod     ] Register NMethod: com.github.benmanes.caffeine.cache.BLCHeader$DrainStatusRef.casDrainStatus (0x000071df3fdfe308) [0x000071df3fdfe400, 0x000071df3fdff050] Compiler: c1, Barriers: 0, Oops: 6, ImmediateOops: 5, NonImmediateOops: No
[2,746s][debug][gc,nmethod     ] Register NMethod: io.sirix.settings.VersioningType$4.combineRecordPages (0x000071df3fdff088) [0x000071df3fdff180, 0x000071df3fe03ce0] Compiler: c1, Barriers: 8, Oops: 1, ImmediateOops: 0, NonImmediateOops: No
[2,746s][debug][gc,nmethod     ] Register NMethod: java.nio.Bits.tryReserveMemory (0x000071df5ed1a408) [0x000071df5ed1a500, 0x000071df5ed1a688] Compiler: jvmci, Barriers: 0, Oops: 0, ImmediateOops: 4, NonImmediateOops: No
[2,746s][debug][gc,nmethod     ] Register NMethod: java.lang.invoke.InnerClassLambdaMetafactory.forwardingMethod (0x000071df3fe03d08) [0x000071df3fe03e00, 0x000071df3fe04168] Compiler: c1, Barriers: 6, Oops: 0, ImmediateOops: 0, NonImmediateOops: No
[2,746s][debug][gc,nmethod     ] Register NMethod: jdk.internal.classfile.impl.AbstractPoolEntry$Utf8EntryImpl.mayBeArrayDescriptor (0x000071df3fe04188) [0x000071df3fe04280, 0x000071df3fe04760] Compiler: c1, Barriers: 2, Oops: 0, ImmediateOops: 1, NonImmediateOops: No
[2,746s][debug][gc,nmethod     ] Register NMethod: io.sirix.page.KeyValueLeafPage.getNumberOfNonNullEntries (0x000071df5ed1a708) [0x000071df5ed1a800, 0x000071df5ed1aa00] Compiler: jvmci, Barriers: 2, Oops: 1, ImmediateOops: 0, NonImmediateOops: No
[2,746s][debug][gc,nmethod     ] Register NMethod: java.util.concurrent.ConcurrentHashMap.get (0x000071df3fe04788) [0x000071df3fe04880, 0x000071df3fe05898] Compiler: c1, Barriers: 7, Oops: 0, ImmediateOops: 0, NonImmediateOops: No
[2,746s][debug][gc,nmethod     ] Register NMethod: java.lang.invoke.InnerClassLambdaMetafactory.implClassDesc (0x000071df3fe05908) [0x000071df3fe05a00, 0x000071df3fe068a8] Compiler: c1, Barriers: 2, Oops: 1, ImmediateOops: 2, NonImmediateOops: No
[2,747s][debug][gc,nmethod     ] Register NMethod: java.lang.invoke.InnerClassLambdaMetafactory.lambdaClassName (0x000071df3fe06908) [0x000071df3fe06a00, 0x000071df3fe09798] Compiler: c1, Barriers: 6, Oops: 1, ImmediateOops: 8, NonImmediateOops: No
[2,747s][debug][gc,nmethod     ] Register NMethod: jdk.xml.internal.XMLSecurityManager$Limit.systemProperty (0x000071df5ed1aa88) [0x000071df5ed1ab80, 0x000071df5ed1ac68] Compiler: c1, Barriers: 1, Oops: 0, ImmediateOops: 0, NonImmediateOops: No
[2,747s][debug][gc,nmethod     ] Register NMethod: sun.nio.ch.NativeThreadSet.remove (0x000071df5ed1ad88) [0x000071df5ed1ae80, 0x000071df5ed1b1e0] Compiler: jvmci, Barriers: 1, Oops: 0, ImmediateOops: 0, NonImmediateOops: No
[2,747s][debug][gc,nmethod     ] Register NMethod: java.lang.invoke.AbstractValidatingLambdaMetafactory.isAdaptableToAsReturn (0x000071df3fe09808) [0x000071df3fe09900, 0x000071df3fe09fe0] Compiler: c1, Barriers: 0, Oops: 1, ImmediateOops: 2, NonImmediateOops: No
[2,747s][debug][gc,nmethod     ] Register NMethod: java.lang.invoke.AbstractValidatingLambdaMetafactory.isAdaptableToAsReturnStrict (0x000071df3fe0a008) [0x000071df3fe0a100, 0x000071df3fe0aa28] Compiler: c1, Barriers: 0, Oops: 1, ImmediateOops: 2, NonImmediateOops: No
[2,748s][debug][gc,nmethod     ] Register NMethod: java.lang.invoke.InnerClassLambdaMetafactory.buildCallSite (0x000071df3fe0aa88) [0x000071df3fe0ab80, 0x000071df3fe0cb28] Compiler: c1, Barriers: 16, Oops: 1, ImmediateOops: 6, NonImmediateOops: No
[2,748s][debug][gc,nmethod     ] Register NMethod: jdk.xml.internal.XMLSecurityManager$Limit.is (0x000071df3fe0cb88) [0x000071df3fe0cc80, 0x000071df3fe0d290] Compiler: c1, Barriers: 2, Oops: 0, ImmediateOops: 0, NonImmediateOops: No
[2,748s][debug][gc,nmethod     ] Register NMethod: com.sun.org.apache.xerces.internal.impl.XMLEntityScanner.checkEntityLimit (0x000071df3fe0d308) [0x000071df3fe0d400, 0x000071df3fe0d6f8] Compiler: c1, Barriers: 0, Oops: 0, ImmediateOops: 4, NonImmediateOops: No
[2,749s][debug][gc,nmethod     ] Register NMethod: sun.nio.ch.FileChannelImpl.endBlocking (0x000071df5ed1b208) [0x000071df5ed1b300, 0x000071df5ed1b850] Compiler: jvmci, Barriers: 7, Oops: 0, ImmediateOops: 1, NonImmediateOops: No
[2,750s][debug][gc,nmethod     ] Register NMethod: com.github.benmanes.caffeine.cache.FrequencySketch.incrementAt (0x000071df5ed1b888) [0x000071df5ed1b980, 0x000071df5ed1baf8] Compiler: jvmci, Barriers: 1, Oops: 1, ImmediateOops: 0, NonImmediateOops: No
[2,750s][debug][gc,nmethod     ] Register NMethod: kotlin.coroutines.intrinsics.IntrinsicsKt__IntrinsicsKt.getCOROUTINE_SUSPENDED (0x000071df5ed1bb88) [0x000071df5ed1bc80, 0x000071df5ed1bcf0] Compiler: jvmci, Barriers: 0, Oops: 1, ImmediateOops: 1, NonImmediateOops: No
[2,751s][debug][gc,nmethod     ] Register NMethod: java.lang.invoke.AbstractValidatingLambdaMetafactory.validateMetafactoryArgs (0x000071df3fe0d708) [0x000071df3fe0d800, 0x000071df3fe1b750] Compiler: c1, Barriers: 156, Oops: 7, ImmediateOops: 25, NonImmediateOops: No
[2,751s][debug][gc,nmethod     ] Register NMethod: io.brackit.query.atomic.QNm.getLocalName (0x000071df5ed1be88) [0x000071df5ed1bf80, 0x000071df5ed1c068] Compiler: c1, Barriers: 1, Oops: 1, ImmediateOops: 0, NonImmediateOops: No
[2,752s][debug][gc,nmethod     ] Register NMethod: java.util.BitSet.cardinality (0x000071df5ed1c188) [0x000071df5ed1c280, 0x000071df5ed1c3d0] Compiler: jvmci, Barriers: 1, Oops: 0, ImmediateOops: 0, NonImmediateOops: No
[2,752s][debug][gc,nmethod     ] Register NMethod: java.nio.channels.spi.AbstractInterruptibleChannel.begin (0x000071df5ed1c488) [0x000071df5ed1c580, 0x000071df5ed1cd70] Compiler: jvmci, Barriers: 13, Oops: 0, ImmediateOops: 1, NonImmediateOops: No
[2,752s][debug][gc,nmethod     ] Register NMethod: com.sun.org.apache.xerces.internal.impl.XMLDocumentFragmentScannerImpl.setScannerState (0x000071df5ed1cd88) [0x000071df5ed1ce80, 0x000071df5ed1cf40] Compiler: c1, Barriers: 0, Oops: 0, ImmediateOops: 0, NonImmediateOops: No
[2,752s][debug][gc,nmethod     ] Register NMethod: io.sirix.index.path.summary.PathSummaryReader.getNodeKey (0x000071df3fe1b808) [0x000071df3fe1b900, 0x000071df3fe1bd98] Compiler: c1, Barriers: 1, Oops: 1, ImmediateOops: 1, NonImmediateOops: No
[2,753s][debug][gc,nmethod     ] Register NMethod: io.sirix.access.trx.page.NodePageTrx.prepareRecordForModification (0x000071df3fe1be08) [0x000071df3fe1bf00, 0x000071df3fe1dd88] Compiler: c1, Barriers: 7, Oops: 2, ImmediateOops: 4, NonImmediateOops: No
[2,753s][debug][gc,nmethod     ] Register NMethod: io.sirix.axis.filter.AbstractFilter.getTrx (0x000071df5ed1d088) [0x000071df5ed1d180, 0x000071df5ed1d268] Compiler: c1, Barriers: 1, Oops: 1, ImmediateOops: 0, NonImmediateOops: No
[2,753s][debug][gc,nmethod     ] Register NMethod: java.nio.Bits.reserveMemory (0x000071df5ed1d388) [0x000071df5ed1d480, 0x000071df5ed1d628] Compiler: jvmci, Barriers: 0, Oops: 0, ImmediateOops: 4, NonImmediateOops: No
[2,753s][debug][gc,nmethod     ] Register NMethod: java.nio.channels.spi.AbstractInterruptibleChannel.end (0x000071df5ed1d688) [0x000071df5ed1d780, 0x000071df5ed1def8] Compiler: jvmci, Barriers: 10, Oops: 0, ImmediateOops: 1, NonImmediateOops: No
[2,754s][debug][gc,nmethod     ] Register NMethod: io.sirix.index.path.summary.PathSummaryReader.moveTo (0x000071df3fe1de08) [0x000071df3fe1df00, 0x000071df3fe1ebf0] Compiler: c1, Barriers: 13, Oops: 1, ImmediateOops: 2, NonImmediateOops: No
[2,754s][debug][gc,nmethod     ] Register NMethod: java.lang.Math.multiplyHigh (0x000071df3fe1ec08) [0x000071df3fe1ed00, 0x000071df3fe1ee58] Compiler: c1, Barriers: 0, Oops: 0, ImmediateOops: 0, NonImmediateOops: No
[2,754s][debug][gc,director    ] Rule Major: Warmup 10%, Used: 414MB, UsedThreshold: 1228MB
[2,754s][debug][gc,nmethod     ] Register NMethod: net.openhft.hashing.Maths.unsignedLongMulXorFold (0x000071df3fe1ef08) [0x000071df3fe1f000, 0x000071df3fe1f138] Compiler: c1, Barriers: 0, Oops: 1, ImmediateOops: 1, NonImmediateOops: No
[2,754s][debug][gc,nmethod     ] Register NMethod: net.openhft.hashing.MathsJDK9.unsignedLongMulXorFoldImp (0x000071df3fe1f208) [0x000071df3fe1f300, 0x000071df3fe1f480] Compiler: c1, Barriers: 0, Oops: 1, ImmediateOops: 0, NonImmediateOops: No
[2,754s][debug][gc,nmethod     ] Register NMethod: io.sirix.node.AbstractForwardingNode.<init> (0x000071df3fe1f508) [0x000071df3fe1f600, 0x000071df3fe1f7b8] Compiler: c1, Barriers: 0, Oops: 1, ImmediateOops: 0, NonImmediateOops: No
[2,754s][debug][gc,nmethod     ] Register NMethod: net.openhft.hashing.XXH3.XXH3_mix16B (0x000071df3fe1f808) [0x000071df3fe1f900, 0x000071df3fe21290] Compiler: c1, Barriers: 0, Oops: 3, ImmediateOops: 8, NonImmediateOops: No
[2,755s][debug][gc,nmethod     ] Register NMethod: io.sirix.node.xml.ElementNode.getParentKey (0x000071df3fe21308) [0x000071df3fe21400, 0x000071df3fe263e8] Compiler: c1, Barriers: 19, Oops: 7, ImmediateOops: 11, NonImmediateOops: No
[2,755s][debug][gc,nmethod     ] Register NMethod: io.sirix.access.trx.node.xml.XmlNodeHashing.getCurrentNode (0x000071df3fe26488) [0x000071df3fe26580, 0x000071df3fe26b10] Compiler: c1, Barriers: 2, Oops: 1, ImmediateOops: 0, NonImmediateOops: No
[2,755s][debug][gc,nmethod     ] Register NMethod: io.sirix.access.trx.node.xml.XmlNodeHashing.getCurrentNode (0x000071df3fe26b88) [0x000071df3fe26c80, 0x000071df3fe27428] Compiler: c1, Barriers: 2, Oops: 1, ImmediateOops: 0, NonImmediateOops: No
[2,755s][debug][gc,nmethod     ] Register NMethod: it.unimi.dsi.fastutil.longs.LongArrayList.size (0x000071df5ed1df08) [0x000071df5ed1e000, 0x000071df5ed1e0c0] Compiler: c1, Barriers: 0, Oops: 1, ImmediateOops: 0, NonImmediateOops: No
[2,756s][debug][gc,nmethod     ] Register NMethod: io.sirix.access.trx.node.xml.XmlNodeTrxImpl.nodeReadOnlyTrxDelegate (0x000071df3fe27488) [0x000071df3fe27580, 0x000071df3fe278d0] Compiler: c1, Barriers: 1, Oops: 1, ImmediateOops: 0, NonImmediateOops: No
[2,756s][debug][gc,nmethod     ] Register NMethod: io.sirix.node.xml.ElementNode.getHash (0x000071df3fe27908) [0x000071df3fe27a00, 0x000071df3fe2b270] Compiler: c1, Barriers: 7, Oops: 6, ImmediateOops: 10, NonImmediateOops: No
[2,757s][debug][gc,nmethod     ] Register NMethod: io.sirix.node.xml.XmlDocumentRootNode.getHash (0x000071df5ed1e208) [0x000071df5ed1e300, 0x000071df5ed1e3c0] Compiler: c1, Barriers: 0, Oops: 1, ImmediateOops: 0, NonImmediateOops: No
[2,757s][debug][gc,nmethod     ] Register NMethod: com.sun.org.apache.xerces.internal.impl.XMLEntityScanner.checkBeforeLoad (0x000071df3fe2b308) [0x000071df3fe2b400, 0x000071df3fe2b958] Compiler: c1, Barriers: 4, Oops: 0, ImmediateOops: 1, NonImmediateOops: No
[2,757s][debug][gc,nmethod     ] Register NMethod: io.sirix.access.trx.node.AbstractNodeHashing.setAddDescendants (0x000071df3fe2b988) [0x000071df3fe2ba80, 0x000071df3fe2c608] Compiler: c1, Barriers: 0, Oops: 1, ImmediateOops: 0, NonImmediateOops: No
[2,758s][debug][gc,nmethod     ] Register NMethod: io.sirix.access.trx.node.AbstractNodeTrxImpl.getCurrentNode (0x000071df3fe2c688) [0x000071df3fe2c780, 0x000071df3fe2caf0] Compiler: c1, Barriers: 2, Oops: 1, ImmediateOops: 0, NonImmediateOops: No
[2,758s][debug][gc,nmethod     ] Register NMethod: io.sirix.node.delegates.NodeDelegate.getParentKey (0x000071df5ed1e508) [0x000071df5ed1e600, 0x000071df5ed1e6c0] Compiler: c1, Barriers: 0, Oops: 1, ImmediateOops: 0, NonImmediateOops: No
[2,758s][debug][gc,nmethod     ] Register NMethod: io.brackit.query.atomic.QNm.getNamespaceURI (0x000071df5ed1e808) [0x000071df5ed1e900, 0x000071df5ed1e9e8] Compiler: c1, Barriers: 1, Oops: 1, ImmediateOops: 0, NonImmediateOops: No
[2,758s][debug][gc,nmethod     ] Register NMethod: io.sirix.index.path.summary.PathSummaryReader.getStructuralNode (0x000071df3fe2cb08) [0x000071df3fe2cc00, 0x000071df3fe2cfb8] Compiler: c1, Barriers: 1, Oops: 1, ImmediateOops: 0, NonImmediateOops: No
[2,759s][debug][gc,nmethod     ] Register NMethod: io.sirix.node.xml.ElementNode.setHash (0x000071df3fe2d008) [0x000071df3fe2d100, 0x000071df3fe30a88] Compiler: c1, Barriers: 7, Oops: 6, ImmediateOops: 11, NonImmediateOops: No
[2,759s][debug][gc,nmethod     ] Register NMethod: io.sirix.node.xml.ElementNode.getDescendantCount (0x000071df3fe30b08) [0x000071df3fe30c00, 0x000071df3fe34478] Compiler: c1, Barriers: 7, Oops: 6, ImmediateOops: 10, NonImmediateOops: No
[2,759s][debug][gc,nmethod     ] Register NMethod: com.sun.org.apache.xerces.internal.util.XMLAttributesImpl.getLength (0x000071df5ed1eb08) [0x000071df5ed1ec00, 0x000071df5ed1ecc0] Compiler: c1, Barriers: 0, Oops: 0, ImmediateOops: 0, NonImmediateOops: No
[2,760s][debug][gc,nmethod     ] Register NMethod: com.sun.xml.internal.stream.events.DummyEvent.getEventType (0x000071df5ed1ee08) [0x000071df5ed1ef00, 0x000071df5ed1efc0] Compiler: c1, Barriers: 0, Oops: 0, ImmediateOops: 0, NonImmediateOops: No
[2,760s][debug][gc,nmethod     ] Register NMethod: jdk.internal.foreign.Utils.isAligned (0x000071df3fe34508) [0x000071df3fe34600, 0x000071df3fe34740] Compiler: c1, Barriers: 0, Oops: 0, ImmediateOops: 0, NonImmediateOops: No
[2,760s][debug][gc,nmethod     ] Register NMethod: com.sun.org.apache.xerces.internal.util.XMLResourceIdentifierImpl.getExpandedSystemId (0x000071df5ed1f108) [0x000071df5ed1f200, 0x000071df5ed1f2e8] Compiler: c1, Barriers: 1, Oops: 0, ImmediateOops: 0, NonImmediateOops: No
[2,760s][debug][gc,nmethod     ] Register NMethod: com.sun.org.apache.xerces.internal.util.XMLResourceIdentifierImpl.getPublicId (0x000071df5ed1f408) [0x000071df5ed1f500, 0x000071df5ed1f5e8] Compiler: c1, Barriers: 1, Oops: 0, ImmediateOops: 0, NonImmediateOops: No
[2,760s][debug][gc,nmethod     ] Register NMethod: java.lang.StringLatin1.compareTo (0x000071df3fe34808) [0x000071df3fe34900, 0x000071df3fe34a30] Compiler: c1, Barriers: 0, Oops: 0, ImmediateOops: 0, NonImmediateOops: No
[2,760s][debug][gc,nmethod     ] Register NMethod: jdk.xml.internal.XMLSecurityPropertyManager$Property.equalsName (0x000071df3fe34b08) [0x000071df3fe34c00, 0x000071df3fe35230] Compiler: c1, Barriers: 2, Oops: 0, ImmediateOops: 0, NonImmediateOops: No
[2,760s][debug][gc,nmethod     ] Register NMethod: io.sirix.node.delegates.StructNodeDelegate.getDescendantCount (0x000071df5ed1f708) [0x000071df5ed1f800, 0x000071df5ed1f8c0] Compiler: c1, Barriers: 0, Oops: 1, ImmediateOops: 0, NonImmediateOops: No
[2,760s][debug][gc,nmethod     ] Register NMethod: java.lang.String.compareTo (0x000071df3fe35288) [0x000071df3fe35380, 0x000071df3fe35bb0] Compiler: c1, Barriers: 2, Oops: 0, ImmediateOops: 0, NonImmediateOops: No
[2,760s][debug][gc,nmethod     ] Register NMethod: java.lang.StringLatin1.compareTo (0x000071df3fe35c08) [0x000071df3fe35d00, 0x000071df3fe36050] Compiler: c1, Barriers: 0, Oops: 0, ImmediateOops: 0, NonImmediateOops: No
[2,760s][debug][gc,nmethod     ] Register NMethod: io.sirix.utils.XMLToken.cl (0x000071df3fe36088) [0x000071df3fe36180, 0x000071df3fe36360] Compiler: c1, Barriers: 0, Oops: 1, ImmediateOops: 1, NonImmediateOops: No
[2,760s][debug][gc,nmethod     ] Register NMethod: io.sirix.utils.XMLToken.cp (0x000071df3fe36388) [0x000071df3fe36480, 0x000071df3fe368b8] Compiler: c1, Barriers: 0, Oops: 1, ImmediateOops: 1, NonImmediateOops: No
[2,760s][debug][gc,nmethod     ] Register NMethod: io.sirix.utils.XMLToken.isNCStartChar (0x000071df3fe36908) [0x000071df3fe36a00, 0x000071df3fe37070] Compiler: c1, Barriers: 0, Oops: 1, ImmediateOops: 0, NonImmediateOops: No
[2,760s][debug][gc,nmethod     ] Register NMethod: jdk.internal.foreign.AbstractMemorySegmentImpl.checkArraySize (0x000071df3fe37088) [0x000071df3fe37180, 0x000071df3fe39f40] Compiler: c1, Barriers: 27, Oops: 2, ImmediateOops: 5, NonImmediateOops: No
[2,760s][debug][gc,nmethod     ] Register NMethod: io.sirix.utils.XMLToken.cl (0x000071df3fe39f88) [0x000071df3fe3a080, 0x000071df3fe3a1e0] Compiler: c1, Barriers: 0, Oops: 1, ImmediateOops: 1, NonImmediateOops: No
[2,761s][debug][gc,nmethod     ] Register NMethod: com.sun.org.apache.xerces.internal.impl.XMLStreamReaderImpl.hasNext (0x000071df3fe3a288) [0x000071df3fe3a380, 0x000071df3fe3a528] Compiler: c1, Barriers: 0, Oops: 0, ImmediateOops: 0, NonImmediateOops: No
[2,761s][debug][gc,nmethod     ] Register NMethod: io.sirix.access.trx.page.NodePageTrx.createRecord (0x000071df3fe3a588) [0x000071df3fe3a680, 0x000071df3fe40ac0] Compiler: c1, Barriers: 30, Oops: 1, ImmediateOops: 6, NonImmediateOops: No
[2,761s][debug][gc,nmethod     ] Register NMethod: io.sirix.node.delegates.NameNodeDelegate.getLocalNameKey (0x000071df5ed1fa08) [0x000071df5ed1fb00, 0x000071df5ed1fbc0] Compiler: c1, Barriers: 0, Oops: 1, ImmediateOops: 0, NonImmediateOops: No
[2,762s][debug][gc,nmethod     ] Register NMethod: io.sirix.node.xml.TextNode.getParentKey (0x000071df3fe40b08) [0x000071df3fe40c00, 0x000071df3fe45be8] Compiler: c1, Barriers: 19, Oops: 7, ImmediateOops: 11, NonImmediateOops: No
[2,762s][debug][gc,nmethod     ] Register NMethod: io.sirix.node.xml.ElementNode.setDescendantCount (0x000071df3fe45c88) [0x000071df3fe45d80, 0x000071df3fe49710] Compiler: c1, Barriers: 7, Oops: 6, ImmediateOops: 11, NonImmediateOops: No
[2,762s][debug][gc,nmethod     ] Register NMethod: com.sun.xml.internal.stream.events.DummyEvent.setEventType (0x000071df5ed1fd08) [0x000071df5ed1fe00, 0x000071df5ed1fec0] Compiler: c1, Barriers: 0, Oops: 0, ImmediateOops: 0, NonImmediateOops: No
[2,762s][debug][gc,nmethod     ] Register NMethod: com.sun.org.apache.xerces.internal.impl.XMLEntityScanner.skipChar (0x000071df3fe49788) [0x000071df3fe49880, 0x000071df3fe49dc8] Compiler: c1, Barriers: 3, Oops: 0, ImmediateOops: 0, NonImmediateOops: No
[2,762s][debug][gc,nmethod     ] Register NMethod: io.sirix.node.delegates.StructNodeDelegate.hasRightSibling (0x000071df3fe49e08) [0x000071df3fe49f00, 0x000071df3fe4a258] Compiler: c1, Barriers: 0, Oops: 1, ImmediateOops: 1, NonImmediateOops: No
[2,762s][debug][gc,nmethod     ] Register NMethod: io.sirix.node.xml.AbstractStructForwardingNode.hasRightSibling (0x000071df3fe4a288) [0x000071df3fe4a380, 0x000071df3fe4a948] Compiler: c1, Barriers: 0, Oops: 1, ImmediateOops: 1, NonImmediateOops: No
[2,763s][debug][gc,nmethod     ] Register NMethod: com.sun.org.apache.xerces.internal.impl.XMLStreamReaderImpl.getEventType (0x000071df5ed20008) [0x000071df5ed20100, 0x000071df5ed201c0] Compiler: c1, Barriers: 0, Oops: 0, ImmediateOops: 0, NonImmediateOops: No
[2,763s][debug][gc,nmethod     ] Register NMethod: com.sun.org.apache.xerces.internal.impl.XMLEntityScanner.peekChar (0x000071df3fe4a988) [0x000071df3fe4aa80, 0x000071df3fe4af38] Compiler: c1, Barriers: 3, Oops: 0, ImmediateOops: 0, NonImmediateOops: No
[2,763s][debug][gc,nmethod     ] Register NMethod: io.sirix.node.xml.ElementNode.getKind (0x000071df5ed20308) [0x000071df5ed20400, 0x000071df5ed20490] Compiler: jvmci, Barriers: 0, Oops: 1, ImmediateOops: 1, NonImmediateOops: No
[2,764s][debug][gc,nmethod     ] Register NMethod: io.sirix.utils.XMLToken.isNCChar (0x000071df3fe4af88) [0x000071df3fe4b080, 0x000071df3fe4b468] Compiler: c1, Barriers: 0, Oops: 1, ImmediateOops: 0, NonImmediateOops: No
[2,764s][debug][gc,nmethod     ] Register NMethod: io.sirix.page.RevisionRootPage.getMaxNodeKeyInDocumentIndex (0x000071df5ed20608) [0x000071df5ed20700, 0x000071df5ed207c0] Compiler: c1, Barriers: 0, Oops: 1, ImmediateOops: 0, NonImmediateOops: No
[2,764s][debug][gc,director    ] Rule Major: Warmup 10%, Used: 414MB, UsedThreshold: 1228MB
[2,764s][debug][gc,nmethod     ] Register NMethod: java.util.LinkedHashMap.afterNodeAccess (0x000071df3fe4b488) [0x000071df3fe4b580, 0x000071df3fe4c630] Compiler: c1, Barriers: 54, Oops: 0, ImmediateOops: 0, NonImmediateOops: No
[2,764s][debug][gc,nmethod     ] Register NMethod: it.unimi.dsi.fastutil.longs.AbstractLongList.<init> (0x000071df3fe4c688) [0x000071df3fe4c780, 0x000071df3fe4c998] Compiler: c1, Barriers: 0, Oops: 1, ImmediateOops: 0, NonImmediateOops: No
[2,764s][debug][gc,nmethod     ] Register NMethod: io.sirix.node.xml.AbstractStructForwardingNode.hasFirstChild (0x000071df3fe4ca08) [0x000071df3fe4cb00, 0x000071df3fe4d0c8] Compiler: c1, Barriers: 0, Oops: 1, ImmediateOops: 1, NonImmediateOops: No
[2,764s][debug][gc,nmethod     ] Register NMethod: it.unimi.dsi.fastutil.longs.AbstractLongCollection.<init> (0x000071df3fe4d108) [0x000071df3fe4d200, 0x000071df3fe4d3b8] Compiler: c1, Barriers: 0, Oops: 1, ImmediateOops: 0, NonImmediateOops: No
[2,765s][debug][gc,nmethod     ] Register NMethod: io.sirix.axis.AbstractAxis.reset (0x000071df5ed20908) [0x000071df5ed20a00, 0x000071df5ed20b00] Compiler: jvmci, Barriers: 3, Oops: 1, ImmediateOops: 1, NonImmediateOops: No
[2,765s][debug][gc,nmethod     ] Register NMethod: io.sirix.node.xml.AttributeNode.getNodeKey (0x000071df5ed20c08) [0x000071df5ed20d00, 0x000071df5ed20dc0] Compiler: c1, Barriers: 0, Oops: 1, ImmediateOops: 0, NonImmediateOops: No
[2,766s][debug][gc,nmethod     ] Register NMethod: io.sirix.access.trx.node.AbstractNodeReadOnlyTrx.moveTo (0x000071df5ed20f08) [0x000071df5ed21000, 0x000071df5ed21958] Compiler: jvmci, Barriers: 15, Oops: 2, ImmediateOops: 1, NonImmediateOops: No
[2,766s][debug][gc,nmethod     ] Register NMethod: com.sun.org.apache.xerces.internal.impl.XMLDocumentFragmentScannerImpl.getElementQName (0x000071df3fe4d408) [0x000071df3fe4d500, 0x000071df3fe4db18] Compiler: c1, Barriers: 21, Oops: 0, ImmediateOops: 0, NonImmediateOops: No
[2,766s][debug][gc,nmethod     ] Register NMethod: java.lang.String.getBytes (0x000071df3fe4db88) [0x000071df3fe4dc80, 0x000071df3fe4e118] Compiler: c1, Barriers: 1, Oops: 0, ImmediateOops: 0, NonImmediateOops: No
[2,767s][debug][gc,nmethod     ] Register NMethod: jdk.xml.internal.XMLSecurityManager.getIndex (0x000071df3fe4e188) [0x000071df3fe4e280, 0x000071df3fe4f488] Compiler: c1, Barriers: 3, Oops: 0, ImmediateOops: 2, NonImmediateOops: No
[2,767s][debug][gc,nmethod     ] Register NMethod: io.sirix.node.xml.XmlDocumentRootNode.setHash (0x000071df5ed21988) [0x000071df5ed21a80, 0x000071df5ed21b40] Compiler: c1, Barriers: 0, Oops: 1, ImmediateOops: 0, NonImmediateOops: No
[2,767s][debug][gc,nmethod     ] Register NMethod: io.sirix.access.trx.node.AbstractNodeReadOnlyTrx.getKind (0x000071df3fe4f508) [0x000071df3fe4f600, 0x000071df3fe4fc50] Compiler: c1, Barriers: 1, Oops: 1, ImmediateOops: 1, NonImmediateOops: No
[2,767s][debug][gc,nmethod     ] Register NMethod: com.sun.xml.internal.stream.XMLEventReaderImpl.hasNext (0x000071df3fe4fc88) [0x000071df3fe4fd80, 0x000071df3fe500c0] Compiler: c1, Barriers: 2, Oops: 0, ImmediateOops: 0, NonImmediateOops: No
[2,767s][debug][gc,nmethod     ] Register NMethod: com.sun.org.apache.xerces.internal.impl.XMLEntityScanner.scanContent (0x000071df3fe50108) [0x000071df3fe50200, 0x000071df3fe511b8] Compiler: c1, Barriers: 11, Oops: 0, ImmediateOops: 1, NonImmediateOops: No
[2,767s][debug][gc,nmethod     ] Register NMethod: jdk.xml.internal.XMLLimitAnalyzer.getTotalValue (0x000071df3fe51208) [0x000071df3fe51300, 0x000071df3fe51458] Compiler: c1, Barriers: 1, Oops: 0, ImmediateOops: 0, NonImmediateOops: No
[2,767s][debug][gc,nmethod     ] Register NMethod: jdk.xml.internal.XMLSecurityManager.isOverLimit (0x000071df3fe51508) [0x000071df3fe51600, 0x000071df3fe51ad8] Compiler: c1, Barriers: 0, Oops: 0, ImmediateOops: 0, NonImmediateOops: No
[2,767s][debug][gc,nmethod     ] Register NMethod: jdk.xml.internal.XMLSecurityManager.isOverLimit (0x000071df3fe51b08) [0x000071df3fe51c00, 0x000071df3fe531e0] Compiler: c1, Barriers: 4, Oops: 0, ImmediateOops: 7, NonImmediateOops: No
[2,768s][debug][gc,nmethod     ] Register NMethod: com.google.common.collect.testing.Helpers.addAll (0x000071df5ed21c88) [0x000071df5ed21da0, 0x000071df5ed24020] Compiler: jvmci, Barriers: 47, Oops: 3, ImmediateOops: 1, NonImmediateOops: No
[2,768s][debug][gc,nmethod     ] Register NMethod: it.unimi.dsi.fastutil.longs.LongArrayList.isEmpty (0x000071df3fe53208) [0x000071df3fe53300, 0x000071df3fe53450] Compiler: c1, Barriers: 0, Oops: 1, ImmediateOops: 0, NonImmediateOops: No
[2,768s][debug][gc,nmethod     ] Register NMethod: it.unimi.dsi.fastutil.ints.Int2ObjectOpenHashMap.get (0x000071df3fe53508) [0x000071df3fe53600, 0x000071df3fe53c70] Compiler: c1, Barriers: 10, Oops: 1, ImmediateOops: 0, NonImmediateOops: No
[2,768s][debug][gc,nmethod     ] Register NMethod: it.unimi.dsi.fastutil.ints.Int2LongOpenHashMap.get (0x000071df3fe53c88) [0x000071df3fe53d80, 0x000071df3fe542d0] Compiler: c1, Barriers: 4, Oops: 1, ImmediateOops: 0, NonImmediateOops: No
[2,768s][debug][gc,nmethod     ] Register NMethod: com.sun.org.apache.xerces.internal.impl.XMLNSDocumentScannerImpl.next (0x000071df3fe54308) [0x000071df3fe54400, 0x000071df3fe548e8] Compiler: c1, Barriers: 2, Oops: 0, ImmediateOops: 0, NonImmediateOops: No
[2,768s][debug][gc,nmethod     ] Register NMethod: com.sun.org.apache.xerces.internal.impl.XMLDocumentScannerImpl.next (0x000071df3fe54908) [0x000071df3fe54a00, 0x000071df3fe54d48] Compiler: c1, Barriers: 1, Oops: 0, ImmediateOops: 0, NonImmediateOops: No
[2,769s][debug][gc,nmethod     ] Register NMethod: it.unimi.dsi.fastutil.longs.LongArrayList.<init> (0x000071df3fe54d88) [0x000071df3fe54e80, 0x000071df3fe55178] Compiler: c1, Barriers: 3, Oops: 1, ImmediateOops: 1, NonImmediateOops: No
[2,769s][debug][gc,nmethod     ] Register NMethod: com.sun.org.apache.xerces.internal.util.XMLChar.isSpace (0x000071df3fe55188) [0x000071df3fe55280, 0x000071df3fe55408] Compiler: c1, Barriers: 0, Oops: 0, ImmediateOops: 1, NonImmediateOops: No
[2,769s][debug][gc,nmethod     ] Register NMethod: javax.xml.namespace.QName.getLocalPart (0x000071df5ed24088) [0x000071df5ed24180, 0x000071df5ed24268] Compiler: c1, Barriers: 1, Oops: 0, ImmediateOops: 0, NonImmediateOops: No
[2,769s][debug][gc,nmethod     ] Register NMethod: javax.xml.namespace.QName.getPrefix (0x000071df5ed24388) [0x000071df5ed24480, 0x000071df5ed24568] Compiler: c1, Barriers: 1, Oops: 0, ImmediateOops: 0, NonImmediateOops: No
[2,769s][debug][gc,nmethod     ] Register NMethod: javax.xml.namespace.QName.getNamespaceURI (0x000071df5ed24688) [0x000071df5ed24780, 0x000071df5ed24868] Compiler: c1, Barriers: 1, Oops: 0, ImmediateOops: 0, NonImmediateOops: No
[2,769s][debug][gc,nmethod     ] Register NMethod: java.lang.foreign.MemorySegment.copy (0x000071df5ed24988) [0x000071df5ed24a80, 0x000071df5ed24f88] Compiler: jvmci, Barriers: 6, Oops: 1, ImmediateOops: 0, NonImmediateOops: No
[2,770s][debug][gc,nmethod     ] Register NMethod: com.sun.org.apache.xerces.internal.impl.XMLEntityScanner.getColumnNumber (0x000071df3fe55488) [0x000071df3fe55580, 0x000071df3fe55720] Compiler: c1, Barriers: 1, Oops: 0, ImmediateOops: 0, NonImmediateOops: No
[2,770s][debug][gc,nmethod     ] Register NMethod: com.sun.org.apache.xerces.internal.impl.XMLEntityScanner.getLineNumber (0x000071df3fe55788) [0x000071df3fe55880, 0x000071df3fe55a20] Compiler: c1, Barriers: 1, Oops: 0, ImmediateOops: 0, NonImmediateOops: No
[2,770s][debug][gc,nmethod     ] Register NMethod: com.sun.org.apache.xerces.internal.impl.XMLEntityScanner.getExpandedSystemId (0x000071df3fe55a88) [0x000071df3fe55b80, 0x000071df3fe55fb8] Compiler: c1, Barriers: 3, Oops: 0, ImmediateOops: 0, NonImmediateOops: No
[2,770s][debug][gc,nmethod     ] Register NMethod: io.sirix.access.trx.node.AbstractNodeReadOnlyTrx.setCurrentNode (0x000071df5ed25008) [0x000071df5ed25100, 0x000071df5ed25228] Compiler: jvmci, Barriers: 3, Oops: 1, ImmediateOops: 0, NonImmediateOops: No
[2,770s][debug][gc,nmethod     ] Register NMethod: com.sun.org.apache.xerces.internal.impl.XMLEntityScanner.getPublicId (0x000071df3fe56008) [0x000071df3fe56100, 0x000071df3fe56538] Compiler: c1, Barriers: 3, Oops: 0, ImmediateOops: 0, NonImmediateOops: No
[2,770s][debug][gc,nmethod     ] Register NMethod: io.sirix.node.delegates.StructNodeDelegate.setDescendantCount (0x000071df5ed25308) [0x000071df5ed25400, 0x000071df5ed254c0] Compiler: c1, Barriers: 0, Oops: 1, ImmediateOops: 0, NonImmediateOops: No
[2,771s][debug][gc,nmethod     ] Register NMethod: io.sirix.axis.ChildAxis.nextKey (0x000071df3fe56588) [0x000071df3fe56680, 0x000071df3fe576b0] Compiler: c1, Barriers: 1, Oops: 1, ImmediateOops: 1, NonImmediateOops: No
[2,771s][debug][gc,nmethod     ] Register NMethod: com.sun.xml.internal.stream.events.DummyEvent.<init> (0x000071df3fe57708) [0x000071df3fe57800, 0x000071df3fe57a20] Compiler: c1, Barriers: 4, Oops: 0, ImmediateOops: 1, NonImmediateOops: No
[2,771s][debug][gc,nmethod     ] Register NMethod: com.sun.org.apache.xerces.internal.impl.XMLDocumentScannerImpl.getNamespaceContext (0x000071df5ed25608) [0x000071df5ed25700, 0x000071df5ed257f0] Compiler: c1, Barriers: 1, Oops: 0, ImmediateOops: 0, NonImmediateOops: No
[2,771s][debug][gc,nmethod     ] Register NMethod: jdk.internal.misc.Unsafe.putLongUnaligned (0x000071df5ed25908) [0x000071df5ed25a00, 0x000071df5ed25ab8] Compiler: jvmci, Barriers: 0, Oops: 0, ImmediateOops: 0, NonImmediateOops: No
[2,772s][debug][gc,nmethod     ] Register NMethod: com.sun.org.apache.xerces.internal.impl.XMLStreamReaderImpl.getLocation (0x000071df3fe57a88) [0x000071df3fe57b80, 0x000071df3fe57d28] Compiler: c1, Barriers: 0, Oops: 0, ImmediateOops: 0, NonImmediateOops: No
[2,772s][debug][gc,nmethod     ] Register NMethod: com.sun.xml.internal.stream.events.XMLEventAllocatorImpl.allocate (0x000071df3fe57d88) [0x000071df3fe57e80, 0x000071df3fe580d0] Compiler: c1, Barriers: 0, Oops: 0, ImmediateOops: 1, NonImmediateOops: No
[2,772s][debug][gc,nmethod     ] Register NMethod: com.sun.org.apache.xerces.internal.impl.XMLEntityScanner.getCharacterOffset (0x000071df3fe58108) [0x000071df3fe58200, 0x000071df3fe58388] Compiler: c1, Barriers: 1, Oops: 0, ImmediateOops: 0, NonImmediateOops: No
[2,772s][debug][gc,nmethod     ] Register NMethod: com.sun.xml.internal.stream.events.DummyEvent.setLocation (0x000071df3fe58408) [0x000071df3fe58500, 0x000071df3fe58798] Compiler: c1, Barriers: 7, Oops: 0, ImmediateOops: 1, NonImmediateOops: No
[2,773s][debug][gc,nmethod     ] Register NMethod: com.sun.xml.internal.stream.XMLEventReaderImpl.nextEvent (0x000071df3fe58808) [0x000071df3fe58900, 0x000071df3fe59188] Compiler: c1, Barriers: 16, Oops: 0, ImmediateOops: 1, NonImmediateOops: No
[2,773s][debug][gc,nmethod     ] Register NMethod: com.sun.org.apache.xerces.internal.impl.XMLDocumentFragmentScannerImpl$FragmentContentDriver.next (0x000071df3fe59208) [0x000071df3fe59300, 0x000071df3fe67180] Compiler: c1, Barriers: 140, Oops: 1, ImmediateOops: 14, NonImmediateOops: No
[2,773s][debug][gc,nmethod     ] Register NMethod: com.sun.org.apache.xerces.internal.impl.XMLStreamReaderImpl$1.<init> (0x000071df3fe67208) [0x000071df3fe67300, 0x000071df3fe68970] Compiler: c1, Barriers: 18, Oops: 0, ImmediateOops: 0, NonImmediateOops: No
[2,773s][debug][gc,nmethod     ] Register NMethod: io.sirix.index.path.summary.PathNode.getLevel (0x000071df5ed25c08) [0x000071df5ed25d00, 0x000071df5ed25dc0] Compiler: c1, Barriers: 0, Oops: 1, ImmediateOops: 0, NonImmediateOops: No
[2,773s][debug][gc,nmethod     ] Register NMethod: java.nio.Buffer.session (0x000071df5ed25f08) [0x000071df5ed26000, 0x000071df5ed26158] Compiler: jvmci, Barriers: 2, Oops: 0, ImmediateOops: 0, NonImmediateOops: No
[2,773s][debug][gc,nmethod     ] Register NMethod: it.unimi.dsi.fastutil.longs.LongArrayList.grow (0x000071df3fe68988) [0x000071df3fe68a80, 0x000071df3fe68fe0] Compiler: c1, Barriers: 5, Oops: 1, ImmediateOops: 1, NonImmediateOops: No
[2,773s][debug][gc,nmethod     ] Register NMethod: com.sun.xml.internal.stream.events.CharacterEvent.getData (0x000071df5ed26208) [0x000071df5ed26300, 0x000071df5ed263e8] Compiler: c1, Barriers: 1, Oops: 0, ImmediateOops: 0, NonImmediateOops: No
[2,774s][debug][gc,nmethod     ] Register NMethod: com.sun.org.apache.xerces.internal.impl.XMLEntityScanner.skipSpaces (0x000071df3fe69008) [0x000071df3fe69100, 0x000071df3fe6a3a0] Compiler: c1, Barriers: 16, Oops: 0, ImmediateOops: 2, NonImmediateOops: No
[2,774s][debug][gc,nmethod     ] Register NMethod: com.sun.org.apache.xerces.internal.impl.XMLStreamReaderImpl.next (0x000071df3fe6a408) [0x000071df3fe6a500, 0x000071df3fe6cd58] Compiler: c1, Barriers: 24, Oops: 0, ImmediateOops: 6, NonImmediateOops: No
[2,774s][debug][gc,nmethod     ] Register NMethod: io.sirix.access.trx.page.NodePageTrx.getActualRevisionRootPage (0x000071df3fe6cd88) [0x000071df3fe6ce80, 0x000071df3fe6d328] Compiler: c1, Barriers: 2, Oops: 1, ImmediateOops: 1, NonImmediateOops: No
[2,774s][debug][gc,director    ] Rule Major: Warmup 10%, Used: 414MB, UsedThreshold: 1228MB
[2,774s][debug][gc,nmethod     ] Register NMethod: io.sirix.axis.AbstractAxis.hasNext (0x000071df5ed26508) [0x000071df5ed26600, 0x000071df5ed26b48] Compiler: jvmci, Barriers: 7, Oops: 1, ImmediateOops: 1, NonImmediateOops: No
[2,775s][debug][gc,nmethod     ] Register NMethod: io.sirix.node.xml.ElementNode.getChildCount (0x000071df3fe6d388) [0x000071df3fe6d480, 0x000071df3fe70e88] Compiler: c1, Barriers: 6, Oops: 6, ImmediateOops: 9, NonImmediateOops: No
[2,776s][debug][gc,nmethod     ] Register NMethod: com.sun.xml.internal.stream.events.XMLEventAllocatorImpl.getXMLEvent (0x000071df3fe70f08) [0x000071df3fe71000, 0x000071df3fe79160] Compiler: c1, Barriers: 99, Oops: 0, ImmediateOops: 13, NonImmediateOops: No
[2,776s][debug][gc,nmethod     ] Register NMethod: io.sirix.node.MemorySegmentBytesOut.toByteArray (0x000071df3fe79188) [0x000071df3fe79280, 0x000071df3fe793f8] Compiler: c1, Barriers: 1, Oops: 1, ImmediateOops: 0, NonImmediateOops: No
[2,776s][debug][gc,nmethod     ] Register NMethod: io.sirix.index.path.summary.PathSummaryReader.getPathNode (0x000071df3fe79488) [0x000071df3fe79580, 0x000071df3fe79c68] Compiler: c1, Barriers: 1, Oops: 1, ImmediateOops: 1, NonImmediateOops: No
[2,776s][debug][gc,nmethod     ] Register NMethod: it.unimi.dsi.fastutil.longs.LongArrayList.add (0x000071df3fe79c88) [0x000071df3fe79d80, 0x000071df3fe7a058] Compiler: c1, Barriers: 1, Oops: 1, ImmediateOops: 0, NonImmediateOops: No
[2,776s][debug][gc,nmethod     ] Register NMethod: io.sirix.node.AbstractForwardingNode.getParentKey (0x000071df3fe7a088) [0x000071df3fe7a180, 0x000071df3fe7a4b0] Compiler: c1, Barriers: 0, Oops: 1, ImmediateOops: 0, NonImmediateOops: No
[2,777s][debug][gc,nmethod     ] Register NMethod: java.lang.String.trim (0x000071df3fe7a508) [0x000071df3fe7a600, 0x000071df3fe7aad8] Compiler: c1, Barriers: 2, Oops: 0, ImmediateOops: 0, NonImmediateOops: No
[2,777s][debug][gc,nmethod     ] Register NMethod: java.lang.StringLatin1.trim (0x000071df3fe7ab08) [0x000071df3fe7ac00, 0x000071df3fe7af78] Compiler: c1, Barriers: 0, Oops: 0, ImmediateOops: 0, NonImmediateOops: No
[2,777s][debug][gc,nmethod     ] Register NMethod: io.sirix.axis.filter.AbstractFilter.<init> (0x000071df3fe7af88) [0x000071df3fe7b080, 0x000071df3fe7b5b8] Compiler: c1, Barriers: 3, Oops: 1, ImmediateOops: 0, NonImmediateOops: No
[2,777s][debug][gc,nmethod     ] Register NMethod: io.sirix.axis.filter.AbstractFilter.getTrx (0x000071df3fe7b608) [0x000071df3fe7b700, 0x000071df3fe7ba00] Compiler: c1, Barriers: 1, Oops: 1, ImmediateOops: 0, NonImmediateOops: No
[2,777s][debug][gc,nmethod     ] Register NMethod: io.sirix.node.GrowingMemorySegment.toByteArray (0x000071df3fe7ba88) [0x000071df3fe7bb80, 0x000071df3fe82698] Compiler: c1, Barriers: 7, Oops: 9, ImmediateOops: 16, NonImmediateOops: No
[2,778s][debug][gc,nmethod     ] Register NMethod: io.sirix.node.Bytes.elasticOffHeapByteBuffer (0x000071df3fe82708) [0x000071df3fe82800, 0x000071df3fe83148] Compiler: c1, Barriers: 6, Oops: 2, ImmediateOops: 1, NonImmediateOops: No
[2,778s][debug][gc,nmethod     ] Register NMethod: io.sirix.node.GrowingMemorySegment.<init> (0x000071df3fe83188) [0x000071df3fe83280, 0x000071df3fe83eb0] Compiler: c1, Barriers: 6, Oops: 2, ImmediateOops: 1, NonImmediateOops: No
[2,778s][debug][gc,nmethod     ] Register NMethod: io.sirix.node.MemorySegmentBytesOut.<init> (0x000071df3fe83f08) [0x000071df3fe84000, 0x000071df3fe84dd0] Compiler: c1, Barriers: 9, Oops: 2, ImmediateOops: 1, NonImmediateOops: No
[2,778s][debug][gc,nmethod     ] Register NMethod: io.sirix.page.RevisionRootPage.incrementAndGetMaxNodeKeyInDocumentIndex (0x000071df3fe84e08) [0x000071df3fe84f00, 0x000071df3fe85010] Compiler: c1, Barriers: 0, Oops: 1, ImmediateOops: 0, NonImmediateOops: No
[2,778s][debug][gc,nmethod     ] Register NMethod: io.sirix.index.path.summary.PathNode.getLocalNameKey (0x000071df3fe85108) [0x000071df3fe85200, 0x000071df3fe85360] Compiler: c1, Barriers: 1, Oops: 1, ImmediateOops: 0, NonImmediateOops: No
[2,779s][debug][gc,nmethod     ] Register NMethod: it.unimi.dsi.fastutil.longs.AbstractLongList.push (0x000071df3fe85408) [0x000071df3fe85500, 0x000071df3fe85648] Compiler: c1, Barriers: 0, Oops: 1, ImmediateOops: 0, NonImmediateOops: No
[2,779s][debug][gc,nmethod     ] Register NMethod: io.brackit.query.atomic.AbstractAtomic.<init> (0x000071df3fe85708) [0x000071df3fe85800, 0x000071df3fe85a18] Compiler: c1, Barriers: 0, Oops: 1, ImmediateOops: 0, NonImmediateOops: No
[2,779s][debug][gc,nmethod     ] Register NMethod: io.brackit.query.sequence.AbstractSequence.<init> (0x000071df3fe85a88) [0x000071df3fe85b80, 0x000071df3fe85cd8] Compiler: c1, Barriers: 0, Oops: 1, ImmediateOops: 0, NonImmediateOops: No
[2,779s][debug][gc,nmethod     ] Register NMethod: it.unimi.dsi.fastutil.longs.LongArrayList.getLong (0x000071df3fe85d88) [0x000071df3fe85e80, 0x000071df3fe87310] Compiler: c1, Barriers: 1, Oops: 4, ImmediateOops: 4, NonImmediateOops: No
[2,779s][debug][gc,nmethod     ] Register NMethod: io.brackit.query.jdm.AbstractItem.<init> (0x000071df3fe87388) [0x000071df3fe87480, 0x000071df3fe87638] Compiler: c1, Barriers: 0, Oops: 1, ImmediateOops: 0, NonImmediateOops: No
[2,779s][debug][gc,nmethod     ] Register NMethod: io.sirix.access.trx.page.AbstractForwardingPageReadOnlyTrx.getNamePage (0x000071df3fe87688) [0x000071df3fe87780, 0x000071df3fe88828] Compiler: c1, Barriers: 5, Oops: 1, ImmediateOops: 1, NonImmediateOops: No
[2,779s][debug][gc,nmethod     ] Register NMethod: io.sirix.utils.NamePageHash.generateHashForString (0x000071df3fe88888) [0x000071df3fe88980, 0x000071df3fe88c58] Compiler: c1, Barriers: 0, Oops: 1, ImmediateOops: 0, NonImmediateOops: No
[2,780s][debug][gc,nmethod     ] Register NMethod: io.sirix.node.xml.AttributeNode.getKind (0x000071df3fe88c88) [0x000071df3fe88d80, 0x000071df3fe88e88] Compiler: c1, Barriers: 0, Oops: 1, ImmediateOops: 1, NonImmediateOops: No
[2,780s][debug][gc,nmethod     ] Register NMethod: it.unimi.dsi.fastutil.longs.AbstractLongList.topLong (0x000071df3fe88f88) [0x000071df3fe89080, 0x000071df3fe89398] Compiler: c1, Barriers: 0, Oops: 1, ImmediateOops: 0, NonImmediateOops: No
[2,780s][debug][gc,nmethod     ] Register NMethod: io.sirix.index.path.summary.PathNode.getPathKind (0x000071df5ed26b88) [0x000071df5ed26c80, 0x000071df5ed26d68] Compiler: c1, Barriers: 1, Oops: 1, ImmediateOops: 0, NonImmediateOops: No
[2,780s][debug][gc,nmethod     ] Register NMethod: it.unimi.dsi.fastutil.longs.AbstractLongList.popLong (0x000071df3fe89408) [0x000071df3fe89500, 0x000071df3fe897e8] Compiler: c1, Barriers: 0, Oops: 1, ImmediateOops: 0, NonImmediateOops: No
[2,780s][debug][gc,nmethod     ] Register NMethod: jdk.internal.foreign.AbstractMemorySegmentImpl.asSlice (0x000071df3fe89808) [0x000071df3fe89900, 0x000071df3fe89bf8] Compiler: c1, Barriers: 0, Oops: 0, ImmediateOops: 0, NonImmediateOops: No
[2,780s][debug][gc,nmethod     ] Register NMethod: io.sirix.node.MemorySegmentBytesIn.getUnderlying (0x000071df3fe89c08) [0x000071df3fe89d00, 0x000071df3fe8a2e8] Compiler: c1, Barriers: 1, Oops: 1, ImmediateOops: 0, NonImmediateOops: No
[2,780s][debug][gc,nmethod     ] Register NMethod: io.sirix.node.MemorySegmentBytesIn.getUnderlying (0x000071df3fe8a308) [0x000071df3fe8a400, 0x000071df3fe8a980] Compiler: c1, Barriers: 1, Oops: 1, ImmediateOops: 0, NonImmediateOops: No
[2,780s][debug][gc,nmethod     ] Register NMethod: it.unimi.dsi.fastutil.longs.LongArrayList.removeLong (0x000071df3fe8aa08) [0x000071df3fe8ab00, 0x000071df3fe8c230] Compiler: c1, Barriers: 2, Oops: 4, ImmediateOops: 4, NonImmediateOops: No
[2,780s][debug][gc,nmethod     ] Register NMethod: jdk.internal.foreign.AbstractMemorySegmentImpl.asSlice (0x000071df3fe8c288) [0x000071df3fe8c380, 0x000071df3fe8c7c0] Compiler: c1, Barriers: 0, Oops: 0, ImmediateOops: 0, NonImmediateOops: No
[2,781s][debug][gc,nmethod     ] Register NMethod: jdk.xml.internal.XMLLimitAnalyzer.addValue (0x000071df3fe8c808) [0x000071df3fe8c900, 0x000071df3fe8cdd0] Compiler: c1, Barriers: 0, Oops: 0, ImmediateOops: 0, NonImmediateOops: No
[2,781s][debug][gc,nmethod     ] Register NMethod: io.sirix.index.path.summary.PathSummaryReader.isNameNode (0x000071df3fe8ce08) [0x000071df3fe8cf00, 0x000071df3fe8d3a8] Compiler: c1, Barriers: 1, Oops: 1, ImmediateOops: 1, NonImmediateOops: No
[2,781s][debug][gc,nmethod     ] Register NMethod: io.sirix.index.path.summary.PathSummaryReader.getLocalNameKey (0x000071df3fe8d408) [0x000071df3fe8d500, 0x000071df3fe8de20] Compiler: c1, Barriers: 1, Oops: 1, ImmediateOops: 1, NonImmediateOops: No
[2,781s][debug][gc,nmethod     ] Register NMethod: io.sirix.axis.filter.PathNameFilter.filter (0x000071df3fe8de88) [0x000071df3fe8df80, 0x000071df3fe90720] Compiler: c1, Barriers: 5, Oops: 1, ImmediateOops: 3, NonImmediateOops: No
[2,781s][debug][gc,nmethod     ] Register NMethod: io.sirix.node.delegates.NameNodeDelegate.getPrefixKey (0x000071df5ed26e88) [0x000071df5ed26f80, 0x000071df5ed27040] Compiler: c1, Barriers: 0, Oops: 1, ImmediateOops: 0, NonImmediateOops: No
[2,781s][debug][gc,nmethod     ] Register NMethod: jdk.xml.internal.XMLLimitAnalyzer.addValue (0x000071df3fe90788) [0x000071df3fe908a0, 0x000071df3fe939c0] Compiler: c1, Barriers: 17, Oops: 0, ImmediateOops: 12, NonImmediateOops: No
[2,782s][debug][gc,nmethod     ] Register NMethod: java.lang.Math.multiplyHigh (0x000071df5ed27188) [0x000071df5ed27280, 0x000071df5ed27330] Compiler: jvmci, Barriers: 0, Oops: 0, ImmediateOops: 0, NonImmediateOops: No
[2,782s][debug][gc,nmethod     ] Register NMethod: net.openhft.hashing.XXH3.XXH3_avalanche (0x000071df3fe93a08) [0x000071df3fe93b00, 0x000071df3fe93c10] Compiler: c1, Barriers: 0, Oops: 1, ImmediateOops: 0, NonImmediateOops: No
[2,783s][debug][gc,nmethod     ] Register NMethod: io.brackit.query.atomic.QNm.<init> (0x000071df3fe93d08) [0x000071df3fe93e00, 0x000071df3fe942a8] Compiler: c1, Barriers: 9, Oops: 1, ImmediateOops: 3, NonImmediateOops: No
[2,783s][debug][gc,nmethod     ] Register NMethod: io.sirix.node.xml.AbstractStructForwardingNode.getDescendantCount (0x000071df3fe94308) [0x000071df3fe94400, 0x000071df3fe94730] Compiler: c1, Barriers: 0, Oops: 1, ImmediateOops: 0, NonImmediateOops: No
[2,783s][debug][gc,nmethod     ] Register NMethod: jdk.xml.internal.XMLSecurityPropertyManager$Property.values (0x000071df3fe94788) [0x000071df3fe94880, 0x000071df3fe94d60] Compiler: c1, Barriers: 0, Oops: 0, ImmediateOops: 1, NonImmediateOops: No
[2,784s][debug][gc,nmethod     ] Register NMethod: io.sirix.node.xml.ElementNode.getLastChildKey (0x000071df3fe94d88) [0x000071df3fe94e80, 0x000071df3fe99e70] Compiler: c1, Barriers: 19, Oops: 7, ImmediateOops: 11, NonImmediateOops: No
[2,784s][debug][gc,nmethod     ] Register NMethod: net.openhft.hashing.Access.byteOrder (0x000071df3fe99f08) [0x000071df3fe9a000, 0x000071df3fe9a558] Compiler: c1, Barriers: 0, Oops: 1, ImmediateOops: 0, NonImmediateOops: No
[2,784s][debug][gc,nmethod     ] Register NMethod: io.sirix.node.xml.ElementNode.getPathNodeKey (0x000071df3fe9a588) [0x000071df3fe9a680, 0x000071df3fe9f670] Compiler: c1, Barriers: 19, Oops: 7, ImmediateOops: 11, NonImmediateOops: No
[2,784s][debug][gc,nmethod     ] Register NMethod: io.sirix.node.xml.AttributeNode.getParentKey (0x000071df3fe9f708) [0x000071df3fe9f800, 0x000071df3fea47e8] Compiler: c1, Barriers: 19, Oops: 7, ImmediateOops: 11, NonImmediateOops: No
[2,784s][debug][gc,nmethod     ] Register NMethod: com.sun.org.apache.xerces.internal.impl.XMLEntityScanner.normalizeNewlines (0x000071df3fea4888) [0x000071df3fea4980, 0x000071df3fea5ca0] Compiler: c1, Barriers: 17, Oops: 0, ImmediateOops: 0, NonImmediateOops: No
[2,784s][debug][gc,nmethod     ] Register NMethod: net.openhft.hashing.UnsafeAccess.byteOrder (0x000071df3fea5d08) [0x000071df3fea5e00, 0x000071df3fea5f60] Compiler: c1, Barriers: 0, Oops: 1, ImmediateOops: 1, NonImmediateOops: No
[2,784s][debug][gc,director    ] Rule Major: Warmup 10%, Used: 414MB, UsedThreshold: 1228MB
[2,784s][debug][gc,nmethod     ] Register NMethod: io.sirix.access.trx.node.xml.ForwardingXmlNodeReadOnlyTrx.storeDeweyIDs (0x000071df3fea6008) [0x000071df3fea6100, 0x000071df3fea6700] Compiler: c1, Barriers: 1, Oops: 1, ImmediateOops: 0, NonImmediateOops: No
[2,784s][debug][gc,nmethod     ] Register NMethod: io.sirix.access.trx.node.AbstractNodeTrxImpl.assertRunning (0x000071df3fea6788) [0x000071df3fea6880, 0x000071df3fea6df0] Compiler: c1, Barriers: 3, Oops: 1, ImmediateOops: 2, NonImmediateOops: No
[2,784s][debug][gc,nmethod     ] Register NMethod: io.sirix.access.trx.node.AbstractNodeTrxImpl.checkAccessAndCommit (0x000071df3fea6e08) [0x000071df3fea6f00, 0x000071df3fea7a58] Compiler: c1, Barriers: 4, Oops: 1, ImmediateOops: 3, NonImmediateOops: No
[2,785s][debug][gc,nmethod     ] Register NMethod: io.sirix.access.trx.node.AbstractNodeTrxImpl.intermediateCommitIfRequired (0x000071df3fea7a88) [0x000071df3fea7b80, 0x000071df3fea88f0] Compiler: c1, Barriers: 1, Oops: 3, ImmediateOops: 4, NonImmediateOops: No
[2,785s][debug][gc,nmethod     ] Register NMethod: jdk.xml.internal.JdkProperty$ImplPropMap.is (0x000071df3fea8988) [0x000071df3fea8a80, 0x000071df3fea9348] Compiler: c1, Barriers: 3, Oops: 0, ImmediateOops: 0, NonImmediateOops: No
[2,785s][debug][gc,nmethod     ] Register NMethod: io.sirix.node.xml.TextNode.getKind (0x000071df5ed27488) [0x000071df5ed27580, 0x000071df5ed27610] Compiler: jvmci, Barriers: 0, Oops: 1, ImmediateOops: 1, NonImmediateOops: No
[2,785s][debug][gc,nmethod     ] Register NMethod: com.sun.org.apache.xerces.internal.util.XMLChar.isNameStart (0x000071df3fea9388) [0x000071df3fea9480, 0x000071df3fea9610] Compiler: c1, Barriers: 0, Oops: 0, ImmediateOops: 1, NonImmediateOops: No
[2,785s][debug][gc,nmethod     ] Register NMethod: jdk.xml.internal.JdkXmlUtils.getProperty (0x000071df3fea9688) [0x000071df3fea9780, 0x000071df3feaa4d8] Compiler: c1, Barriers: 2, Oops: 0, ImmediateOops: 0, NonImmediateOops: No
[2,785s][debug][gc,nmethod     ] Register NMethod: jdk.xml.internal.XMLSecurityPropertyManager.getIndex (0x000071df3feaa508) [0x000071df3feaa600, 0x000071df3feab090] Compiler: c1, Barriers: 1, Oops: 0, ImmediateOops: 1, NonImmediateOops: No
[2,785s][debug][gc,nmethod     ] Register NMethod: io.sirix.access.trx.node.xml.XmlNodeHashing.getStructuralNode (0x000071df3feab108) [0x000071df3feab200, 0x000071df3feab560] Compiler: c1, Barriers: 1, Oops: 1, ImmediateOops: 0, NonImmediateOops: No
[2,785s][debug][gc,nmethod     ] Register NMethod: io.sirix.access.trx.node.AbstractNodeHashing.adaptHashesWithAdd (0x000071df3feab588) [0x000071df3feab680, 0x000071df3feabb58] Compiler: c1, Barriers: 1, Oops: 1, ImmediateOops: 1, NonImmediateOops: No
[2,785s][debug][gc,nmethod     ] Register NMethod: io.sirix.access.trx.node.AbstractNodeReadOnlyTrx.storeDeweyIDs (0x000071df3feabb88) [0x000071df3feabc80, 0x000071df3feac198] Compiler: c1, Barriers: 2, Oops: 1, ImmediateOops: 1, NonImmediateOops: No
[2,785s][debug][gc,nmethod     ] Register NMethod: io.sirix.access.trx.node.AbstractNodeHashing.rollingAdd (0x000071df3feac208) [0x000071df3feac300, 0x000071df3feb1650] Compiler: c1, Barriers: 15, Oops: 1, ImmediateOops: 2, NonImmediateOops: No
[2,785s][debug][gc,nmethod     ] Register NMethod: net.openhft.hashing.LongHashFunction.unsafeHash (0x000071df3feb1688) [0x000071df3feb1780, 0x000071df3feb1a90] Compiler: c1, Barriers: 0, Oops: 1, ImmediateOops: 1, NonImmediateOops: No
[2,785s][debug][gc,nmethod     ] Register NMethod: io.sirix.access.trx.node.AbstractNodeHashing.isValueNode (0x000071df3feb1b08) [0x000071df3feb1c00, 0x000071df3feb37c8] Compiler: c1, Barriers: 0, Oops: 1, ImmediateOops: 12, NonImmediateOops: No
[2,785s][debug][gc,nmethod     ] Register NMethod: net.openhft.hashing.XXH3.access$100 (0x000071df3feb3808) [0x000071df3feb3900, 0x000071df3feb39e8] Compiler: c1, Barriers: 0, Oops: 1, ImmediateOops: 1, NonImmediateOops: No
[2,786s][debug][gc,nmethod     ] Register NMethod: net.openhft.hashing.XXH3$AsLongHashFunction.hash (0x000071df3feb3b08) [0x000071df3feb3c00, 0x000071df3feb4450] Compiler: c1, Barriers: 0, Oops: 3, ImmediateOops: 2, NonImmediateOops: No
[2,786s][debug][gc,nmethod     ] Register NMethod: net.openhft.hashing.XXH3.access$500 (0x000071df3feb4488) [0x000071df3feb4580, 0x000071df3feb4690] Compiler: c1, Barriers: 0, Oops: 1, ImmediateOops: 0, NonImmediateOops: No
[2,786s][debug][gc,nmethod     ] Register NMethod: io.sirix.access.trx.node.xml.XmlNodeHashing.setCurrentNode (0x000071df3feb4788) [0x000071df3feb4880, 0x000071df3feb4f90] Compiler: c1, Barriers: 4, Oops: 1, ImmediateOops: 1, NonImmediateOops: No
[2,786s][debug][gc,nmethod     ] Register NMethod: jdk.internal.misc.Unsafe.putIntUnaligned (0x000071df5ed27788) [0x000071df5ed27880, 0x000071df5ed27938] Compiler: jvmci, Barriers: 0, Oops: 0, ImmediateOops: 0, NonImmediateOops: No
[2,786s][debug][gc,nmethod     ] Register NMethod: io.sirix.access.trx.node.xml.XmlNodeHashing.setCurrentNode (0x000071df3feb5008) [0x000071df3feb5100, 0x000071df3feb5c58] Compiler: c1, Barriers: 4, Oops: 1, ImmediateOops: 1, NonImmediateOops: No
[2,786s][debug][gc,nmethod     ] Register NMethod: jdk.xml.internal.FeaturePropertyBase.getValue (0x000071df3feb5c88) [0x000071df3feb5d80, 0x000071df3feb61d0] Compiler: c1, Barriers: 2, Oops: 0, ImmediateOops: 0, NonImmediateOops: No
[2,786s][debug][gc,nmethod     ] Register NMethod: jdk.xml.internal.XMLSecurityManager.getLimitAsString (0x000071df3feb6208) [0x000071df3feb6300, 0x000071df3feb7218] Compiler: c1, Barriers: 4, Oops: 0, ImmediateOops: 1, NonImmediateOops: No
[2,786s][debug][gc,nmethod     ] Register NMethod: com.sun.org.apache.xerces.internal.util.NamespaceSupport.getDeclaredPrefixCount (0x000071df3feb7288) [0x000071df3feb7380, 0x000071df3feb7508] Compiler: c1, Barriers: 1, Oops: 0, ImmediateOops: 0, NonImmediateOops: No
[2,786s][debug][gc,nmethod     ] Register NMethod: jdk.internal.foreign.MemorySessionImpl.ownerThread (0x000071df5ed27a88) [0x000071df5ed27b80, 0x000071df5ed27c68] Compiler: c1, Barriers: 1, Oops: 0, ImmediateOops: 0, NonImmediateOops: No
[2,786s][debug][gc,nmethod     ] Register NMethod: io.sirix.access.trx.node.AbstractIndexController.notifyChange (0x000071df3feb7588) [0x000071df3feb7680, 0x000071df3feb8538] Compiler: c1, Barriers: 2, Oops: 1, ImmediateOops: 0, NonImmediateOops: No
[2,786s][debug][gc,nmethod     ] Register NMethod: java.lang.AbstractStringBuilder.setLength (0x000071df3feb8588) [0x000071df3feb8680, 0x000071df3feb8a28] Compiler: c1, Barriers: 4, Oops: 0, ImmediateOops: 0, NonImmediateOops: No
[2,787s][debug][gc,nmethod     ] Register NMethod: com.sun.xml.internal.stream.util.ReadOnlyIterator.hasNext (0x000071df3feb8a88) [0x000071df3feb8b80, 0x000071df3feb8f18] Compiler: c1, Barriers: 1, Oops: 0, ImmediateOops: 0, NonImmediateOops: No
[2,787s][debug][gc,nmethod     ] Register NMethod: javax.xml.namespace.QName.<init> (0x000071df3feb8f88) [0x000071df3feb9080, 0x000071df3feb95d0] Compiler: c1, Barriers: 12, Oops: 0, ImmediateOops: 3, NonImmediateOops: No
[2,787s][debug][gc,nmethod     ] Register NMethod: com.sun.org.apache.xerces.internal.util.NamespaceSupport.pushContext (0x000071df3feb9608) [0x000071df3feb9700, 0x000071df3feb9a70] Compiler: c1, Barriers: 5, Oops: 0, ImmediateOops: 0, NonImmediateOops: No
[2,787s][debug][gc,nmethod     ] Register NMethod: com.sun.org.apache.xerces.internal.xni.XMLString.toString (0x000071df3feb9a88) [0x000071df3feb9b80, 0x000071df3feb9dc8] Compiler: c1, Barriers: 1, Oops: 0, ImmediateOops: 1, NonImmediateOops: No
[2,787s][debug][gc,nmethod     ] Register NMethod: io.sirix.node.xml.ElementNode.hasLeftSibling (0x000071df3feb9e08) [0x000071df3feb9f00, 0x000071df3febf338] Compiler: c1, Barriers: 19, Oops: 7, ImmediateOops: 12, NonImmediateOops: No
[2,788s][debug][gc,nmethod     ] Register NMethod: io.sirix.access.trx.page.NodePageTrx.createNameKey (0x000071df3febf388) [0x000071df3febf480, 0x000071df3fec0eb8] Compiler: c1, Barriers: 7, Oops: 1, ImmediateOops: 3, NonImmediateOops: No
[2,788s][debug][gc,nmethod     ] Register NMethod: io.sirix.node.xml.AbstractStructForwardingNode.getRightSiblingKey (0x000071df3fec0f08) [0x000071df3fec1000, 0x000071df3fec1330] Compiler: c1, Barriers: 0, Oops: 1, ImmediateOops: 0, NonImmediateOops: No
[2,788s][debug][gc,nmethod     ] Register NMethod: io.sirix.page.NamePage.setName (0x000071df3fec1388) [0x000071df3fec1480, 0x000071df3fec2a20] Compiler: c1, Barriers: 25, Oops: 1, ImmediateOops: 2, NonImmediateOops: No
[2,788s][debug][gc,nmethod     ] Register NMethod: io.sirix.access.trx.page.NodePageTrx.getMostRecentPageContainer (0x000071df5ed27d88) [0x000071df5ed27e80, 0x000071df5ed28298] Compiler: jvmci, Barriers: 9, Oops: 1, ImmediateOops: 1, NonImmediateOops: No
[2,788s][debug][gc,nmethod     ] Register NMethod: io.sirix.index.path.summary.PathSummaryReader.putMapping (0x000071df3fec2a88) [0x000071df3fec2b80, 0x000071df3fec35b8] Compiler: c1, Barriers: 9, Oops: 1, ImmediateOops: 0, NonImmediateOops: No
[2,788s][debug][gc,nmethod     ] Register NMethod: com.sun.org.apache.xerces.internal.impl.XMLDocumentFragmentScannerImpl.getCharacterData (0x000071df3fec3608) [0x000071df3fec3700, 0x000071df3fec38c8] Compiler: c1, Barriers: 2, Oops: 0, ImmediateOops: 0, NonImmediateOops: No
[2,788s][debug][gc,nmethod     ] Register NMethod: com.sun.xml.internal.stream.events.StartElementEvent.getName (0x000071df5ed28308) [0x000071df5ed28400, 0x000071df5ed284e8] Compiler: c1, Barriers: 1, Oops: 0, ImmediateOops: 0, NonImmediateOops: No
[2,789s][debug][gc,nmethod     ] Register NMethod: com.sun.org.apache.xerces.internal.util.NamespaceContextWrapper.getNamespaceContext (0x000071df5ed28608) [0x000071df5ed28700, 0x000071df5ed287e8] Compiler: c1, Barriers: 1, Oops: 0, ImmediateOops: 0, NonImmediateOops: No
[2,789s][debug][gc,nmethod     ] Register NMethod: com.sun.xml.internal.stream.events.StartElementEvent.setNamespaceContext (0x000071df5ed28908) [0x000071df5ed28a00, 0x000071df5ed28b30] Compiler: c1, Barriers: 3, Oops: 0, ImmediateOops: 0, NonImmediateOops: No
[2,789s][debug][gc,nmethod     ] Register NMethod: com.sun.org.apache.xerces.internal.impl.XMLStreamReaderImpl.getNamespaceContext (0x000071df5ed28c08) [0x000071df5ed28d00, 0x000071df5ed28de8] Compiler: c1, Barriers: 1, Oops: 0, ImmediateOops: 0, NonImmediateOops: No
[2,789s][debug][gc,nmethod     ] Register NMethod: io.sirix.index.name.Names.setName (0x000071df3fec3908) [0x000071df3fec3a00, 0x000071df3fec5ca8] Compiler: c1, Barriers: 12, Oops: 2, ImmediateOops: 4, NonImmediateOops: No
[2,789s][debug][gc,nmethod     ] Register NMethod: com.sun.xml.internal.stream.util.ReadOnlyIterator.<init> (0x000071df3fec5d08) [0x000071df3fec5e00, 0x000071df3fec6058] Compiler: c1, Barriers: 6, Oops: 0, ImmediateOops: 0, NonImmediateOops: No
[2,789s][debug][gc,nmethod     ] Register NMethod: java.lang.StringBuilder.setLength (0x000071df3fec6088) [0x000071df3fec6180, 0x000071df3fec62b0] Compiler: c1, Barriers: 0, Oops: 0, ImmediateOops: 0, NonImmediateOops: No
[2,790s][debug][gc,nmethod     ] Register NMethod: io.sirix.access.trx.node.xml.ForwardingXmlNodeReadOnlyTrx.moveTo (0x000071df3fec6388) [0x000071df3fec6480, 0x000071df3fec6a80] Compiler: c1, Barriers: 1, Oops: 1, ImmediateOops: 0, NonImmediateOops: No
[2,790s][debug][gc,nmethod     ] Register NMethod: com.sun.org.apache.xerces.internal.impl.XMLStreamReaderImpl.getNamespaceURI (0x000071df3fec6b08) [0x000071df3fec6c00, 0x000071df3fec7248] Compiler: c1, Barriers: 7, Oops: 0, ImmediateOops: 0, NonImmediateOops: No
[2,790s][debug][gc,nmethod     ] Register NMethod: com.sun.org.apache.xerces.internal.impl.XMLStreamReaderImpl.getNamespaceCount (0x000071df3fec7288) [0x000071df3fec7380, 0x000071df3fec7a78] Compiler: c1, Barriers: 3, Oops: 0, ImmediateOops: 0, NonImmediateOops: No
[2,790s][debug][gc,nmethod     ] Register NMethod: com.sun.org.apache.xerces.internal.impl.XMLStreamReaderImpl.getPrefix (0x000071df3fec7a88) [0x000071df3fec7b80, 0x000071df3fec8210] Compiler: c1, Barriers: 7, Oops: 0, ImmediateOops: 1, NonImmediateOops: No
[2,790s][debug][gc,nmethod     ] Register NMethod: net.openhft.hashing.UnsafeAccess.getLong (0x000071df5ed28f08) [0x000071df5ed29000, 0x000071df5ed29088] Compiler: jvmci, Barriers: 0, Oops: 1, ImmediateOops: 0, NonImmediateOops: No
[2,790s][debug][gc,nmethod     ] Register NMethod: io.sirix.index.path.summary.PathSummaryReader.hasRightSibling (0x000071df3fec8288) [0x000071df3fec8380, 0x000071df3fec8b08] Compiler: c1, Barriers: 1, Oops: 1, ImmediateOops: 1, NonImmediateOops: No
[2,790s][debug][gc,nmethod     ] Register NMethod: io.sirix.node.xml.AbstractStructForwardingNode.setDescendantCount (0x000071df3fec8b88) [0x000071df3fec8c80, 0x000071df3fec8fc0] Compiler: c1, Barriers: 0, Oops: 1, ImmediateOops: 0, NonImmediateOops: No
[2,790s][debug][gc,nmethod     ] Register NMethod: net.openhft.hashing.Access.i64 (0x000071df5ed29208) [0x000071df5ed29300, 0x000071df5ed293c0] Compiler: jvmci, Barriers: 0, Oops: 1, ImmediateOops: 0, NonImmediateOops: No
[2,790s][debug][gc,nmethod     ] Register NMethod: com.sun.xml.internal.stream.events.EndElementEvent.getName (0x000071df5ed29508) [0x000071df5ed29600, 0x000071df5ed296e8] Compiler: c1, Barriers: 1, Oops: 0, ImmediateOops: 0, NonImmediateOops: No
[2,790s][debug][gc,nmethod     ] Register NMethod: io.sirix.access.trx.node.xml.XmlNodeTrxImpl.adaptForInsert (0x000071df3fec9008) [0x000071df3fec9100, 0x000071df3fecbec8] Compiler: c1, Barriers: 3, Oops: 1, ImmediateOops: 3, NonImmediateOops: No
[2,791s][debug][gc,nmethod     ] Register NMethod: io.sirix.node.xml.ElementNode.incrementChildCount (0x000071df3fecbf08) [0x000071df3fecc000, 0x000071df3fecc730] Compiler: c1, Barriers: 1, Oops: 1, ImmediateOops: 0, NonImmediateOops: No
[2,791s][debug][gc,nmethod     ] Register NMethod: com.sun.xml.internal.stream.events.XMLEventAllocatorImpl.getQName (0x000071df3fecc788) [0x000071df3fecc880, 0x000071df3fecd100] Compiler: c1, Barriers: 7, Oops: 0, ImmediateOops: 0, NonImmediateOops: No
[2,791s][debug][gc,nmethod     ] Register NMethod: com.sun.org.apache.xerces.internal.impl.XMLStreamReaderImpl.getProperty (0x000071df3fecd108) [0x000071df3fecd200, 0x000071df3fecda30] Compiler: c1, Barriers: 2, Oops: 0, ImmediateOops: 2, NonImmediateOops: No
[2,791s][debug][gc,nmethod     ] Register NMethod: io.sirix.index.path.summary.PathSummaryReader.getRightSiblingKey (0x000071df3fecda88) [0x000071df3fecdb80, 0x000071df3fece300] Compiler: c1, Barriers: 1, Oops: 1, ImmediateOops: 1, NonImmediateOops: No
[2,792s][debug][gc,nmethod     ] Register NMethod: io.sirix.node.xml.ElementNode.setChildCount (0x000071df3fece388) [0x000071df3fece480, 0x000071df3fed1fa0] Compiler: c1, Barriers: 6, Oops: 6, ImmediateOops: 10, NonImmediateOops: No
[2,792s][debug][gc,nmethod     ] Register NMethod: com.sun.org.apache.xerces.internal.impl.PropertyManager.getProperty (0x000071df3fed2008) [0x000071df3fed2100, 0x000071df3fed3bc0] Compiler: c1, Barriers: 7, Oops: 1, ImmediateOops: 4, NonImmediateOops: No
[2,792s][debug][gc,nmethod     ] Register NMethod: com.sun.org.apache.xerces.internal.impl.XMLStreamReaderImpl.getLocalName (0x000071df3fed3c08) [0x000071df3fed3d00, 0x000071df3fed4708] Compiler: c1, Barriers: 9, Oops: 0, ImmediateOops: 0, NonImmediateOops: No
[2,792s][debug][gc,nmethod     ] Register NMethod: com.sun.org.apache.xerces.internal.impl.XMLEntityScanner.checkNodeCount (0x000071df3fed4788) [0x000071df3fed4880, 0x000071df3fed4a48] Compiler: c1, Barriers: 0, Oops: 0, ImmediateOops: 1, NonImmediateOops: No
[2,792s][debug][gc,nmethod     ] Register NMethod: com.sun.xml.internal.stream.events.DummyEvent.asCharacters (0x000071df3fed4a88) [0x000071df3fed4b80, 0x000071df3fed4ea0] Compiler: c1, Barriers: 0, Oops: 0, ImmediateOops: 0, NonImmediateOops: No
[2,793s][debug][gc,nmethod     ] Register NMethod: com.sun.xml.internal.stream.XMLEventReaderImpl.peek (0x000071df3fed4f08) [0x000071df3fed5000, 0x000071df3fed5798] Compiler: c1, Barriers: 8, Oops: 0, ImmediateOops: 1, NonImmediateOops: No
[2,793s][debug][gc,nmethod     ] Register NMethod: com.sun.org.apache.xerces.internal.impl.XMLStreamReaderImpl.getText (0x000071df3fed5808) [0x000071df3fed5900, 0x000071df3fed7df8] Compiler: c1, Barriers: 18, Oops: 0, ImmediateOops: 0, NonImmediateOops: No
[2,793s][debug][gc,nmethod     ] Register NMethod: io.sirix.service.xml.shredder.AbstractShredder.processText (0x000071df3fed7e08) [0x000071df3fed7f00, 0x000071df3feda1d0] Compiler: c1, Barriers: 8, Oops: 1, ImmediateOops: 1, NonImmediateOops: No
[2,794s][debug][gc,nmethod     ] Register NMethod: io.sirix.node.xml.TextNode.getDescendantCount (0x000071df5ed29808) [0x000071df5ed29900, 0x000071df5ed299c0] Compiler: c1, Barriers: 0, Oops: 1, ImmediateOops: 0, NonImmediateOops: No
[2,794s][debug][gc,nmethod     ] Register NMethod: com.sun.org.apache.xerces.internal.impl.XMLEntityScanner.scanChar (0x000071df3feda208) [0x000071df3feda300, 0x000071df3fedad28] Compiler: c1, Barriers: 8, Oops: 0, ImmediateOops: 0, NonImmediateOops: No
[2,794s][debug][gc,director    ] Rule Major: Warmup 10%, Used: 414MB, UsedThreshold: 1228MB
[2,794s][debug][gc,nmethod     ] Register NMethod: com.sun.org.apache.xerces.internal.impl.XMLDocumentFragmentScannerImpl.getAttributeIterator (0x000071df3fedad88) [0x000071df3fedae80, 0x000071df3fedb118] Compiler: c1, Barriers: 4, Oops: 0, ImmediateOops: 0, NonImmediateOops: No
[2,794s][debug][gc,nmethod     ] Register NMethod: java.lang.invoke.VarHandleSegmentAsLongs.set (0x000071df5ed29b08) [0x000071df5ed29c00, 0x000071df5ed2a2e0] Compiler: jvmci, Barriers: 4, Oops: 0, ImmediateOops: 0, NonImmediateOops: No
[2,795s][debug][gc,nmethod     ] Register NMethod: java.lang.String.getBytes (0x000071df3fedb188) [0x000071df3fedb280, 0x000071df3fedb668] Compiler: c1, Barriers: 1, Oops: 0, ImmediateOops: 0, NonImmediateOops: No
[2,795s][debug][gc,nmethod     ] Register NMethod: net.openhft.hashing.XXH3.XXH3_64bits_internal (0x000071df3fedb688) [0x000071df3fedb780, 0x000071df3fefa148] Compiler: c1, Barriers: 0, Oops: 3, ImmediateOops: 136, NonImmediateOops: No
[2,796s][debug][gc,nmethod     ] Register NMethod: java.lang.invoke.VarHandleGuards.guard_LJJ_V (0x000071df5ed2a308) [0x000071df5ed2a400, 0x000071df5ed2acb8] Compiler: jvmci, Barriers: 26, Oops: 0, ImmediateOops: 5, NonImmediateOops: No
[2,796s][debug][gc,nmethod     ] Register NMethod: io.sirix.node.xml.TextNode.hasLeftSibling (0x000071df3fefa188) [0x000071df3fefa280, 0x000071df3feff6b8] Compiler: c1, Barriers: 19, Oops: 7, ImmediateOops: 12, NonImmediateOops: No
[2,797s][debug][gc,nmethod     ] Register NMethod: io.sirix.index.path.summary.PathNode.getName (0x000071df5ed2ad08) [0x000071df5ed2ae00, 0x000071df5ed2aee8] Compiler: c1, Barriers: 1, Oops: 1, ImmediateOops: 0, NonImmediateOops: No
[2,798s][debug][gc,nmethod     ] Register NMethod: com.sun.org.apache.xerces.internal.xni.QName.setValues (0x000071df3feff708) [0x000071df3feff800, 0x000071df3feffbb8] Compiler: c1, Barriers: 16, Oops: 0, ImmediateOops: 0, NonImmediateOops: No
[2,799s][debug][gc,nmethod     ] Register NMethod: io.sirix.index.path.summary.PathSummaryReader.getFirstChildKey (0x000071df3feffc08) [0x000071df3feffd00, 0x000071df3ff00480] Compiler: c1, Barriers: 1, Oops: 1, ImmediateOops: 1, NonImmediateOops: No
[2,799s][debug][gc,nmethod     ] Register NMethod: com.sun.org.apache.xerces.internal.util.SymbolTable.addSymbol (0x000071df3ff00508) [0x000071df3ff00600, 0x000071df3ff00b40] Compiler: c1, Barriers: 5, Oops: 0, ImmediateOops: 0, NonImmediateOops: No
[2,800s][debug][gc,nmethod     ] Register NMethod: java.lang.invoke.VarHandleSegmentAsInts.get (0x000071df5ed2b008) [0x000071df5ed2b100, 0x000071df5ed2b748] Compiler: jvmci, Barriers: 4, Oops: 0, ImmediateOops: 0, NonImmediateOops: No
[2,800s][debug][gc,nmethod     ] Register NMethod: it.unimi.dsi.fastutil.ints.Int2IntOpenHashMap.find (0x000071df5ed2b788) [0x000071df5ed2b880, 0x000071df5ed2baf8] Compiler: jvmci, Barriers: 1, Oops: 1, ImmediateOops: 0, NonImmediateOops: No
[2,801s][debug][gc,nmethod     ] Register NMethod: java.lang.invoke.VarHandleGuards.guard_LJ_I (0x000071df5ed2bb08) [0x000071df5ed2bc00, 0x000071df5ed2c490] Compiler: jvmci, Barriers: 26, Oops: 0, ImmediateOops: 5, NonImmediateOops: No
[2,802s][debug][gc,nmethod     ] Register NMethod: io.sirix.utils.XMLToken.isNCName (0x000071df3ff00b88) [0x000071df3ff00c80, 0x000071df3ff00e20] Compiler: c1, Barriers: 0, Oops: 1, ImmediateOops: 0, NonImmediateOops: No
[2,802s][debug][gc,nmethod     ] Register NMethod: io.sirix.index.path.summary.PathSummaryReader.keyForName (0x000071df3ff00e88) [0x000071df3ff00f80, 0x000071df3ff01430] Compiler: c1, Barriers: 0, Oops: 1, ImmediateOops: 1, NonImmediateOops: No
[2,802s][debug][gc,nmethod     ] Register NMethod: io.sirix.utils.XMLToken.ncName (0x000071df3ff01488) [0x000071df3ff01580, 0x000071df3ff019d8] Compiler: c1, Barriers: 0, Oops: 1, ImmediateOops: 1, NonImmediateOops: No
[2,803s][debug][gc,nmethod     ] Register NMethod: com.sun.xml.internal.stream.events.XMLEventAllocatorImpl.setNamespaceContext (0x000071df3ff01a08) [0x000071df3ff01b00, 0x000071df3ff01f90] Compiler: c1, Barriers: 8, Oops: 0, ImmediateOops: 0, NonImmediateOops: No
[2,803s][debug][gc,nmethod     ] Register NMethod: com.sun.xml.internal.stream.events.XMLEventAllocatorImpl.fillNamespaceAttributes (0x000071df3ff02008) [0x000071df3ff02100, 0x000071df3ff027b0] Compiler: c1, Barriers: 1, Oops: 0, ImmediateOops: 1, NonImmediateOops: No
[2,803s][debug][gc,nmethod     ] Register NMethod: com.sun.xml.internal.stream.events.XMLEventAllocatorImpl.fillAttributes (0x000071df3ff02808) [0x000071df3ff02900, 0x000071df3ff03408] Compiler: c1, Barriers: 16, Oops: 0, ImmediateOops: 2, NonImmediateOops: No
[2,803s][debug][gc,nmethod     ] Register NMethod: com.sun.org.apache.xerces.internal.xni.QName.setValues (0x000071df3ff03488) [0x000071df3ff03580, 0x000071df3ff03858] Compiler: c1, Barriers: 12, Oops: 0, ImmediateOops: 0, NonImmediateOops: No
[2,803s][debug][gc,nmethod     ] Register NMethod: com.sun.org.apache.xerces.internal.util.NamespaceSupport.getURI (0x000071df3ff03888) [0x000071df3ff03980, 0x000071df3ff03c70] Compiler: c1, Barriers: 3, Oops: 0, ImmediateOops: 0, NonImmediateOops: No
[2,803s][debug][gc,nmethod     ] Register NMethod: io.sirix.axis.ChildAxis.<init> (0x000071df3ff03c88) [0x000071df3ff03d80, 0x000071df3ff03eb0] Compiler: c1, Barriers: 0, Oops: 1, ImmediateOops: 0, NonImmediateOops: No
[2,804s][debug][gc,nmethod     ] Register NMethod: io.sirix.axis.filter.FilterAxis.nextKey (0x000071df3ff03f88) [0x000071df3ff04080, 0x000071df3ff05690] Compiler: c1, Barriers: 3, Oops: 1, ImmediateOops: 1, NonImmediateOops: No
[2,804s][debug][gc,nmethod     ] Register NMethod: com.sun.org.apache.xerces.internal.impl.XMLDocumentFragmentScannerImpl.seekCloseOfStartTag (0x000071df3ff05708) [0x000071df3ff05800, 0x000071df3ff06dd0] Compiler: c1, Barriers: 15, Oops: 1, ImmediateOops: 4, NonImmediateOops: No
[2,804s][debug][gc,nmethod     ] Register NMethod: io.sirix.utils.XMLToken.isValidQName (0x000071df3ff06e08) [0x000071df3ff06f00, 0x000071df3ff08450] Compiler: c1, Barriers: 6, Oops: 1, ImmediateOops: 0, NonImmediateOops: No
[2,804s][debug][gc,nmethod     ] Register NMethod: io.sirix.axis.ChildAxis.reset (0x000071df3ff08488) [0x000071df3ff08580, 0x000071df3ff08768] Compiler: c1, Barriers: 3, Oops: 1, ImmediateOops: 1, NonImmediateOops: No
[2,804s][debug][gc,nmethod     ] Register NMethod: io.sirix.axis.filter.PathKindFilter.<init> (0x000071df3ff08788) [0x000071df3ff08880, 0x000071df3ff08fc0] Compiler: c1, Barriers: 6, Oops: 1, ImmediateOops: 0, NonImmediateOops: No
[2,804s][debug][gc,nmethod     ] Register NMethod: com.sun.org.apache.xerces.internal.impl.XMLEntityScanner.scanQName (0x000071df3ff09008) [0x000071df3ff09100, 0x000071df3ff0b548] Compiler: c1, Barriers: 55, Oops: 2, ImmediateOops: 10, NonImmediateOops: No
[2,804s][debug][gc,director    ] Rule Major: Warmup 10%, Used: 416MB, UsedThreshold: 1228MB
[2,804s][debug][gc,nmethod     ] Register NMethod: io.sirix.axis.filter.FilterAxis.reset (0x000071df3ff0b588) [0x000071df3ff0b680, 0x000071df3ff0bad0] Compiler: c1, Barriers: 4, Oops: 1, ImmediateOops: 1, NonImmediateOops: No
[2,805s][debug][gc,nmethod     ] Register NMethod: io.sirix.axis.filter.PathNameFilter.<init> (0x000071df3ff0bb08) [0x000071df3ff0bc00, 0x000071df3ff0d858] Compiler: c1, Barriers: 4, Oops: 1, ImmediateOops: 3, NonImmediateOops: No
[2,805s][debug][gc,nmethod     ] Register NMethod: io.sirix.index.path.summary.PathSummaryWriter.getPathNodeKey (0x000071df3ff0d888) [0x000071df3ff0d980, 0x000071df3ff117a8] Compiler: c1, Barriers: 25, Oops: 1, ImmediateOops: 8, NonImmediateOops: No
[2,805s][debug][gc,nmethod     ] Register NMethod: io.sirix.axis.filter.FilterAxis.<init> (0x000071df3ff11808) [0x000071df3ff11900, 0x000071df3ff14488] Compiler: c1, Barriers: 24, Oops: 1, ImmediateOops: 3, NonImmediateOops: No
[2,805s][debug][gc,nmethod     ] Register NMethod: java.util.ArrayList.getLast (0x000071df3ff14508) [0x000071df3ff14600, 0x000071df3ff148f8] Compiler: c1, Barriers: 2, Oops: 0, ImmediateOops: 0, NonImmediateOops: No
[2,805s][debug][gc,nmethod     ] Register NMethod: io.sirix.node.immutable.xml.ImmutableElement.getKind (0x000071df3ff14908) [0x000071df3ff14a00, 0x000071df3ff14d58] Compiler: c1, Barriers: 1, Oops: 1, ImmediateOops: 1, NonImmediateOops: No
[2,805s][debug][gc,nmethod     ] Register NMethod: com.sun.org.apache.xerces.internal.util.XMLChar.isContent (0x000071df5ed2c508) [0x000071df5ed2c600, 0x000071df5ed2c6c8] Compiler: jvmci, Barriers: 0, Oops: 0, ImmediateOops: 1, NonImmediateOops: No
[2,805s][debug][gc,nmethod     ] Register NMethod: io.sirix.access.trx.node.xml.ForwardingXmlNodeReadOnlyTrx.getNodeKey (0x000071df3ff14d88) [0x000071df3ff14e80, 0x000071df3ff15460] Compiler: c1, Barriers: 1, Oops: 1, ImmediateOops: 0, NonImmediateOops: No
[2,805s][debug][gc,nmethod     ] Register NMethod: io.sirix.access.trx.node.AbstractNodeReadOnlyTrx.moveToParent (0x000071df3ff15488) [0x000071df3ff15580, 0x000071df3ff15dc8] Compiler: c1, Barriers: 1, Oops: 1, ImmediateOops: 1, NonImmediateOops: No
[2,805s][debug][gc,nmethod     ] Register NMethod: io.sirix.access.trx.node.xml.ForwardingXmlNodeReadOnlyTrx.moveToParent (0x000071df3ff15e08) [0x000071df3ff15f00, 0x000071df3ff16500] Compiler: c1, Barriers: 1, Oops: 1, ImmediateOops: 0, NonImmediateOops: No
[2,805s][debug][gc,nmethod     ] Register NMethod: io.sirix.index.path.summary.PathSummaryReader.hasFirstChild (0x000071df3ff16588) [0x000071df3ff16680, 0x000071df3ff16e08] Compiler: c1, Barriers: 1, Oops: 1, ImmediateOops: 1, NonImmediateOops: No
[2,807s][debug][gc,nmethod     ] Register NMethod: io.sirix.node.immutable.xml.ImmutableElement.getPathNodeKey (0x000071df3ff16e88) [0x000071df3ff16f80, 0x000071df3ff1c1c8] Compiler: c1, Barriers: 20, Oops: 7, ImmediateOops: 11, NonImmediateOops: No
[2,808s][debug][gc,nmethod     ] Register NMethod: io.sirix.node.xml.ElementNode.getHash (0x000071df5ed2c808) [0x000071df5ed2c900, 0x000071df5ed2cc28] Compiler: jvmci, Barriers: 6, Oops: 1, ImmediateOops: 1, NonImmediateOops: No
[2,808s][debug][gc,nmethod     ] Register NMethod: java.util.BitSet.<init> (0x000071df5ed2cc88) [0x000071df5ed2cd80, 0x000071df5ed2d040] Compiler: jvmci, Barriers: 3, Oops: 0, ImmediateOops: 0, NonImmediateOops: No
[2,808s][debug][gc,nmethod     ] Register NMethod: io.sirix.node.xml.ElementNode.<init> (0x000071df3ff1c208) [0x000071df3ff1c300, 0x000071df3ff1d310] Compiler: c1, Barriers: 19, Oops: 1, ImmediateOops: 3, NonImmediateOops: No
[2,808s][debug][gc,nmethod     ] Register NMethod: com.sun.org.apache.xerces.internal.impl.XMLEntityScanner.checkLimit (0x000071df3ff1d388) [0x000071df3ff1d480, 0x000071df3ff25c40] Compiler: c1, Barriers: 73, Oops: 3, ImmediateOops: 18, NonImmediateOops: No
[2,809s][debug][gc,nmethod     ] Register NMethod: jdk.internal.foreign.AbstractMemorySegmentImpl.asByteBuffer (0x000071df3ff25c88) [0x000071df3ff25d80, 0x000071df3ff26308] Compiler: c1, Barriers: 0, Oops: 0, ImmediateOops: 1, NonImmediateOops: No
[2,809s][debug][gc,nmethod     ] Register NMethod: io.sirix.node.MemorySegmentBytesOut.underlyingObject (0x000071df3ff26388) [0x000071df3ff26480, 0x000071df3ff26f38] Compiler: c1, Barriers: 1, Oops: 1, ImmediateOops: 2, NonImmediateOops: No
[2,809s][debug][gc,nmethod     ] Register NMethod: jdk.internal.foreign.NativeMemorySegmentImpl.makeByteBuffer (0x000071df3ff26f88) [0x000071df3ff27080, 0x000071df3ff271f0] Compiler: c1, Barriers: 0, Oops: 0, ImmediateOops: 1, NonImmediateOops: No
[2,809s][debug][gc,nmethod     ] Register NMethod: java.nio.Buffer$2.newDirectByteBuffer (0x000071df3ff27288) [0x000071df3ff27380, 0x000071df3ff27530] Compiler: c1, Barriers: 0, Oops: 0, ImmediateOops: 0, NonImmediateOops: No
[2,809s][debug][gc,nmethod     ] Register NMethod: io.sirix.node.MemorySegmentBytesOut.writeLong (0x000071df5ed2d088) [0x000071df5ed2d180, 0x000071df5ed2d628] Compiler: jvmci, Barriers: 7, Oops: 1, ImmediateOops: 0, NonImmediateOops: No
[2,809s][debug][gc,nmethod     ] Register NMethod: io.sirix.node.MemorySegmentBytesOut.readLimit (0x000071df3ff27588) [0x000071df3ff27680, 0x000071df3ff277e0] Compiler: c1, Barriers: 1, Oops: 1, ImmediateOops: 0, NonImmediateOops: No
[2,809s][debug][gc,nmethod     ] Register NMethod: java.nio.DirectByteBuffer.<init> (0x000071df3ff27888) [0x000071df3ff27980, 0x000071df3ff27bf8] Compiler: c1, Barriers: 6, Oops: 0, ImmediateOops: 0, NonImmediateOops: No
[2,809s][debug][gc,nmethod     ] Register NMethod: io.sirix.index.path.summary.PathNode.getPrefixKey (0x000071df3ff27c08) [0x000071df3ff27d00, 0x000071df3ff27e60] Compiler: c1, Barriers: 1, Oops: 1, ImmediateOops: 0, NonImmediateOops: No
[2,809s][debug][gc,nmethod     ] Register NMethod: io.sirix.node.xml.ElementNode.getPrefixKey (0x000071df3ff27f08) [0x000071df3ff28000, 0x000071df3ff2cff0] Compiler: c1, Barriers: 19, Oops: 7, ImmediateOops: 11, NonImmediateOops: No
[2,810s][debug][gc,nmethod     ] Register NMethod: io.sirix.node.xml.ElementNode.getLocalNameKey (0x000071df3ff2d088) [0x000071df3ff2d180, 0x000071df3ff32170] Compiler: c1, Barriers: 19, Oops: 7, ImmediateOops: 11, NonImmediateOops: No
[2,810s][debug][gc,nmethod     ] Register NMethod: io.sirix.node.xml.ElementNode.getURIKey (0x000071df3ff32208) [0x000071df3ff32300, 0x000071df3ff372f0] Compiler: c1, Barriers: 19, Oops: 7, ImmediateOops: 11, NonImmediateOops: No
[2,810s][debug][gc,nmethod     ] Register NMethod: java.util.HashMap.values (0x000071df3ff37388) [0x000071df3ff37480, 0x000071df3ff378a8] Compiler: c1, Barriers: 7, Oops: 0, ImmediateOops: 0, NonImmediateOops: No
[2,810s][debug][gc,nmethod     ] Register NMethod: java.util.HashMap$ValueIterator.<init> (0x000071df3ff37908) [0x000071df3ff37a00, 0x000071df3ff37c80] Compiler: c1, Barriers: 0, Oops: 0, ImmediateOops: 0, NonImmediateOops: No
[2,810s][debug][gc,nmethod     ] Register NMethod: java.util.HashMap$Values.iterator (0x000071df3ff37c88) [0x000071df3ff37d80, 0x000071df3ff38100] Compiler: c1, Barriers: 1, Oops: 0, ImmediateOops: 0, NonImmediateOops: No
[2,810s][debug][gc,nmethod     ] Register NMethod: com.sun.org.apache.xerces.internal.util.XMLAttributesIteratorImpl.removeAllAttributes (0x000071df3ff38108) [0x000071df3ff38200, 0x000071df3ff38368] Compiler: c1, Barriers: 0, Oops: 0, ImmediateOops: 0, NonImmediateOops: No
[2,810s][debug][gc,nmethod     ] Register NMethod: com.sun.org.apache.xerces.internal.util.XMLAttributesImpl.removeAllAttributes (0x000071df3ff38408) [0x000071df3ff38500, 0x000071df3ff38608] Compiler: c1, Barriers: 0, Oops: 0, ImmediateOops: 0, NonImmediateOops: No
[2,810s][debug][gc,nmethod     ] Register NMethod: io.sirix.node.xml.ElementNode.getParentKey (0x000071df5ed2d688) [0x000071df5ed2d780, 0x000071df5ed2da18] Compiler: jvmci, Barriers: 4, Oops: 1, ImmediateOops: 0, NonImmediateOops: No
[2,811s][debug][gc,nmethod     ] Register NMethod: com.sun.org.apache.xerces.internal.impl.XMLDocumentFragmentScannerImpl$ElementStack.nextElement (0x000071df3ff38708) [0x000071df3ff38800, 0x000071df3ff39210] Compiler: c1, Barriers: 13, Oops: 0, ImmediateOops: 0, NonImmediateOops: No
[2,811s][debug][gc,nmethod     ] Register NMethod: io.sirix.node.xml.ElementNode.getHashFunction (0x000071df3ff39288) [0x000071df3ff39380, 0x000071df3ff394e8] Compiler: c1, Barriers: 2, Oops: 1, ImmediateOops: 0, NonImmediateOops: No
[2,811s][debug][gc,nmethod     ] Register NMethod: net.openhft.hashing.LongHashFunction.hashBytes (0x000071df3ff39588) [0x000071df3ff39680, 0x000071df3ff397c8] Compiler: c1, Barriers: 0, Oops: 1, ImmediateOops: 0, NonImmediateOops: No
[2,811s][debug][gc,nmethod     ] Register NMethod: com.sun.org.apache.xerces.internal.impl.XMLDocumentFragmentScannerImpl.checkDepth (0x000071df3ff39888) [0x000071df3ff39980, 0x000071df3ff3cbd8] Compiler: c1, Barriers: 26, Oops: 2, ImmediateOops: 8, NonImmediateOops: No
[2,811s][debug][gc,nmethod     ] Register NMethod: net.openhft.hashing.LongHashFunction.hashBytes (0x000071df3ff3cc08) [0x000071df3ff3cd00, 0x000071df3ff3d280] Compiler: c1, Barriers: 0, Oops: 1, ImmediateOops: 0, NonImmediateOops: No
[2,812s][debug][gc,nmethod     ] Register NMethod: net.openhft.hashing.LongHashFunction.hashByteBuffer (0x000071df3ff3d308) [0x000071df3ff3d400, 0x000071df3ff3e968] Compiler: c1, Barriers: 2, Oops: 1, ImmediateOops: 0, NonImmediateOops: No
[2,812s][debug][gc,nmethod     ] Register NMethod: java.nio.DirectByteBuffer.address (0x000071df3ff3e988) [0x000071df3ff3ea80, 0x000071df3ff403c0] Compiler: c1, Barriers: 5, Oops: 0, ImmediateOops: 3, NonImmediateOops: No
[2,812s][debug][gc,nmethod     ] Register NMethod: jdk.internal.foreign.MemorySessionImpl.isCloseable (0x000071df3ff40408) [0x000071df3ff40500, 0x000071df3ff40650] Compiler: c1, Barriers: 0, Oops: 0, ImmediateOops: 0, NonImmediateOops: No
[2,812s][debug][gc,nmethod     ] Register NMethod: com.sun.org.apache.xerces.internal.impl.XMLNSDocumentScannerImpl.scanStartElement (0x000071df3ff40708) [0x000071df3ff40800, 0x000071df3ff49830] Compiler: c1, Barriers: 176, Oops: 11, ImmediateOops: 26, NonImmediateOops: No
[2,812s][debug][gc,nmethod     ] Register NMethod: io.sirix.access.trx.node.xml.XmlNodeTrxImpl.getBytes (0x000071df3ff49908) [0x000071df3ff49a00, 0x000071df3ff49fc8] Compiler: c1, Barriers: 1, Oops: 2, ImmediateOops: 1, NonImmediateOops: No
[2,812s][debug][gc,nmethod     ] Register NMethod: com.sun.xml.internal.stream.events.DummyEvent.asStartElement (0x000071df3ff4a008) [0x000071df3ff4a100, 0x000071df3ff4a420] Compiler: c1, Barriers: 0, Oops: 0, ImmediateOops: 0, NonImmediateOops: No
[2,813s][debug][gc,nmethod     ] Register NMethod: io.sirix.index.path.summary.PathSummaryReader.getPathKind (0x000071df3ff4a488) [0x000071df3ff4a580, 0x000071df3ff4ae78] Compiler: c1, Barriers: 2, Oops: 1, ImmediateOops: 2, NonImmediateOops: No
[2,813s][debug][gc,nmethod     ] Register NMethod: io.sirix.axis.filter.PathKindFilter.filter (0x000071df3ff4ae88) [0x000071df3ff4af80, 0x000071df3ff4bf08] Compiler: c1, Barriers: 4, Oops: 1, ImmediateOops: 2, NonImmediateOops: No
[2,813s][debug][gc,nmethod     ] Register NMethod: io.sirix.access.trx.node.xml.XmlNodeFactoryImpl.createElementNode (0x000071df3ff4bf88) [0x000071df3ff4c080, 0x000071df3ff508d0] Compiler: c1, Barriers: 40, Oops: 2, ImmediateOops: 13, NonImmediateOops: No
[2,813s][debug][gc,nmethod     ] Register NMethod: com.sun.org.apache.xerces.internal.util.NamespaceSupport$Prefixes.hasMoreElements (0x000071df3ff50908) [0x000071df3ff50a00, 0x000071df3ff50b50] Compiler: c1, Barriers: 0, Oops: 0, ImmediateOops: 0, NonImmediateOops: No
[2,813s][debug][gc,nmethod     ] Register NMethod: com.sun.org.apache.xerces.internal.util.NamespaceSupport$Prefixes.<init> (0x000071df3ff50c08) [0x000071df3ff50d00, 0x000071df3ff510b0] Compiler: c1, Barriers: 6, Oops: 0, ImmediateOops: 0, NonImmediateOops: No
[2,813s][debug][gc,nmethod     ] Register NMethod: com.sun.org.apache.xerces.internal.util.NamespaceSupport.getAllPrefixes (0x000071df3ff51108) [0x000071df3ff51200, 0x000071df3ff51d68] Compiler: c1, Barriers: 20, Oops: 0, ImmediateOops: 0, NonImmediateOops: No
[2,813s][debug][gc,nmethod     ] Register NMethod: com.sun.xml.internal.stream.events.StartElementEvent.getNamespaces (0x000071df3ff51d88) [0x000071df3ff51e80, 0x000071df3ff52528] Compiler: c1, Barriers: 7, Oops: 0, ImmediateOops: 0, NonImmediateOops: No
[2,814s][debug][gc,nmethod     ] Register NMethod: com.sun.xml.internal.stream.events.StartElementEvent.getAttributes (0x000071df3ff52588) [0x000071df3ff52680, 0x000071df3ff52f30] Compiler: c1, Barriers: 7, Oops: 0, ImmediateOops: 0, NonImmediateOops: No
[2,814s][debug][gc,nmethod     ] Register NMethod: com.sun.xml.internal.stream.events.DummyEvent.asEndElement (0x000071df3ff52f88) [0x000071df3ff53080, 0x000071df3ff533a0] Compiler: c1, Barriers: 0, Oops: 0, ImmediateOops: 0, NonImmediateOops: No
[2,814s][debug][gc,nmethod     ] Register NMethod: io.sirix.service.xml.shredder.XmlShredder.addNewElement (0x000071df3ff53408) [0x000071df3ff53500, 0x000071df3ff56898] Compiler: c1, Barriers: 22, Oops: 1, ImmediateOops: 3, NonImmediateOops: No
[2,815s][debug][gc,director    ] Rule Major: Warmup 10%, Used: 416MB, UsedThreshold: 1228MB
[2,815s][debug][gc,nmethod     ] Register NMethod: io.sirix.service.xml.shredder.AbstractShredder.processEndTag (0x000071df3ff56908) [0x000071df3ff56a00, 0x000071df3ff57b48] Compiler: c1, Barriers: 4, Oops: 1, ImmediateOops: 0, NonImmediateOops: No
[2,815s][debug][gc,nmethod     ] Register NMethod: io.sirix.access.trx.node.AbstractDeweyIDManager.newRightSiblingID (0x000071df3ff57b88) [0x000071df3ff57c80, 0x000071df3ff5ac20] Compiler: c1, Barriers: 13, Oops: 1, ImmediateOops: 2, NonImmediateOops: No
[2,815s][debug][gc,nmethod     ] Register NMethod: io.sirix.service.xml.shredder.AbstractShredder.processStartTag (0x000071df3ff5ac88) [0x000071df3ff5ad80, 0x000071df3ff60a88] Compiler: c1, Barriers: 27, Oops: 1, ImmediateOops: 11, NonImmediateOops: No
[2,816s][debug][gc,nmethod     ] Register NMethod: com.sun.org.apache.xerces.internal.impl.XMLEntityScanner.arrangeCapacity (0x000071df3ff60b08) [0x000071df3ff60c00, 0x000071df3ff61558] Compiler: c1, Barriers: 10, Oops: 0, ImmediateOops: 0, NonImmediateOops: No
[2,817s][debug][gc,nmethod     ] Register NMethod: io.sirix.node.xml.TextNode.getRawValue (0x000071df3ff61588) [0x000071df3ff61680, 0x000071df3ff61998] Compiler: c1, Barriers: 9, Oops: 1, ImmediateOops: 0, NonImmediateOops: No
[2,817s][debug][gc,nmethod     ] Register NMethod: io.sirix.node.xml.TextNode.<init> (0x000071df3ff61a08) [0x000071df3ff61b00, 0x000071df3ff62320] Compiler: c1, Barriers: 21, Oops: 1, ImmediateOops: 0, NonImmediateOops: No
[2,817s][debug][gc,nmethod     ] Register NMethod: io.sirix.access.trx.node.AbstractDeweyIDManager.newFirstChildID (0x000071df3ff62388) [0x000071df3ff62480, 0x000071df3ff65328] Compiler: c1, Barriers: 12, Oops: 1, ImmediateOops: 2, NonImmediateOops: No
[2,818s][debug][gc,nmethod     ] Register NMethod: io.sirix.node.GrowingMemorySegment.writeLong (0x000071df5ed2da88) [0x000071df5ed2db80, 0x000071df5ed2dfc0] Compiler: jvmci, Barriers: 6, Oops: 1, ImmediateOops: 0, NonImmediateOops: No
[2,818s][debug][gc,nmethod     ] Register NMethod: com.sun.org.apache.xerces.internal.util.SymbolTable.hash (0x000071df3ff65388) [0x000071df3ff65480, 0x000071df3ff65720] Compiler: c1, Barriers: 1, Oops: 0, ImmediateOops: 0, NonImmediateOops: No
[2,818s][debug][gc,nmethod     ] Register NMethod: com.sun.org.apache.xerces.internal.impl.XMLEntityScanner.skipString (0x000071df3ff65788) [0x000071df3ff65880, 0x000071df3ff669a0] Compiler: c1, Barriers: 6, Oops: 1, ImmediateOops: 2, NonImmediateOops: No
[2,818s][debug][gc,nmethod     ] Register NMethod: io.sirix.node.xml.ElementNode.setFirstChildKey (0x000071df3ff66a08) [0x000071df3ff66b00, 0x000071df3ff6bc28] Compiler: c1, Barriers: 19, Oops: 7, ImmediateOops: 12, NonImmediateOops: No
[2,818s][debug][gc,nmethod     ] Register NMethod: io.sirix.access.trx.node.xml.ForwardingXmlNodeReadOnlyTrx.hasNode (0x000071df3ff6bc88) [0x000071df3ff6bd80, 0x000071df3ff6c380] Compiler: c1, Barriers: 1, Oops: 1, ImmediateOops: 0, NonImmediateOops: No
[2,818s][debug][gc,nmethod     ] Register NMethod: io.sirix.access.trx.node.AbstractNodeReadOnlyTrx.hasNode (0x000071df3ff6c408) [0x000071df3ff6c500, 0x000071df3ff6d0f8] Compiler: c1, Barriers: 4, Oops: 1, ImmediateOops: 2, NonImmediateOops: No
[2,819s][debug][gc,nmethod     ] Register NMethod: it.unimi.dsi.fastutil.ints.Int2IntOpenHashMap.put (0x000071df5ed2e008) [0x000071df5ed2e120, 0x000071df5ed2ed20] Compiler: jvmci, Barriers: 8, Oops: 1, ImmediateOops: 0, NonImmediateOops: No
[2,819s][debug][gc,nmethod     ] Register NMethod: io.sirix.access.trx.node.xml.XmlNodeFactoryImpl.createTextNode (0x000071df3ff6d108) [0x000071df3ff6d200, 0x000071df3ff6f248] Compiler: c1, Barriers: 13, Oops: 2, ImmediateOops: 3, NonImmediateOops: No
[2,820s][debug][gc,nmethod     ] Register NMethod: com.sun.org.apache.xerces.internal.util.NamespaceSupport.popContext (0x000071df3ff6f288) [0x000071df3ff6f380, 0x000071df3ff6f4e8] Compiler: c1, Barriers: 1, Oops: 0, ImmediateOops: 0, NonImmediateOops: No
[2,821s][debug][gc,nmethod     ] Register NMethod: io.sirix.access.trx.page.NodePageTrx.prepareRecordPage (0x000071df5ed2ed88) [0x000071df5ed2ee80, 0x000071df5ed2fb68] Compiler: jvmci, Barriers: 39, Oops: 3, ImmediateOops: 1, NonImmediateOops: No
[2,821s][debug][gc,nmethod     ] Register NMethod: io.sirix.node.AbstractForwardingNode.getNodeKey (0x000071df5ed2fb88) [0x000071df5ed2fc80, 0x000071df5ed2fdd0] Compiler: jvmci, Barriers: 2, Oops: 1, ImmediateOops: 0, NonImmediateOops: No
[2,822s][debug][gc,nmethod     ] Register NMethod: io.sirix.index.path.summary.PathSummaryReader.getLevel (0x000071df3ff6f588) [0x000071df3ff6f680, 0x000071df3ff70d90] Compiler: c1, Barriers: 1, Oops: 1, ImmediateOops: 3, NonImmediateOops: No
[2,822s][debug][gc,nmethod     ] Register NMethod: io.sirix.access.Utils.buildName (0x000071df3ff70e08) [0x000071df3ff70f00, 0x000071df3ff71ed8] Compiler: c1, Barriers: 4, Oops: 2, ImmediateOops: 2, NonImmediateOops: No
[2,822s][debug][gc,nmethod     ] Register NMethod: io.sirix.index.path.summary.PathSummaryWriter.movePathSummary (0x000071df3ff71f08) [0x000071df3ff72000, 0x000071df3ff746c0] Compiler: c1, Barriers: 11, Oops: 1, ImmediateOops: 3, NonImmediateOops: No
[2,822s][debug][gc,nmethod     ] Register NMethod: io.sirix.access.trx.page.NodePageTrx.prepareRecordForModification (0x000071df5ed2fe88) [0x000071df5ed2ff80, 0x000071df5ed312f0] Compiler: jvmci, Barriers: 39, Oops: 3, ImmediateOops: 2, NonImmediateOops: No
[2,823s][debug][gc,nmethod     ] Register NMethod: com.sun.org.apache.xerces.internal.impl.XMLStreamReaderImpl.getAttributeCount (0x000071df3ff74708) [0x000071df3ff74800, 0x000071df3ff74ee8] Compiler: c1, Barriers: 1, Oops: 0, ImmediateOops: 0, NonImmediateOops: No
[2,823s][debug][gc,nmethod     ] Register NMethod: com.sun.org.apache.xerces.internal.util.NamespaceSupport.<init> (0x000071df3ff74f08) [0x000071df3ff75000, 0x000071df3ff75ca0] Compiler: c1, Barriers: 9, Oops: 0, ImmediateOops: 0, NonImmediateOops: No
[2,823s][debug][gc,nmethod     ] Register NMethod: com.sun.xml.internal.stream.events.XMLEventAllocatorImpl.fillNamespaceAttributes (0x000071df3ff75d08) [0x000071df3ff75e00, 0x000071df3ff764b0] Compiler: c1, Barriers: 1, Oops: 0, ImmediateOops: 1, NonImmediateOops: No
[2,823s][debug][gc,nmethod     ] Register NMethod: io.sirix.node.xml.TextNode.computeHash (0x000071df3ff76508) [0x000071df3ff76600, 0x000071df3ff87da8] Compiler: c1, Barriers: 75, Oops: 9, ImmediateOops: 36, NonImmediateOops: No
[2,824s][debug][gc,nmethod     ] Register NMethod: com.sun.org.apache.xerces.internal.impl.XMLDocumentFragmentScannerImpl.scanEndElement (0x000071df3ff87e08) [0x000071df3ff87f00, 0x000071df3ff89628] Compiler: c1, Barriers: 17, Oops: 3, ImmediateOops: 4, NonImmediateOops: No
[2,825s][debug][gc,director    ] Rule Major: Warmup 10%, Used: 416MB, UsedThreshold: 1228MB
[2,825s][debug][gc,nmethod     ] Register NMethod: io.sirix.node.xml.ElementNode.computeHash (0x000071df3ff89688) [0x000071df3ff89780, 0x000071df3ffb8dc8] Compiler: c1, Barriers: 186, Oops: 16, ImmediateOops: 101, NonImmediateOops: No
[2,826s][debug][gc,nmethod     ] Register NMethod: io.sirix.access.trx.node.xml.ForwardingXmlNodeReadOnlyTrx.isDocumentRoot (0x000071df3ffb8e88) [0x000071df3ffb8f80, 0x000071df3ffb9580] Compiler: c1, Barriers: 1, Oops: 1, ImmediateOops: 0, NonImmediateOops: No
[2,826s][debug][gc,nmethod     ] Register NMethod: io.sirix.access.trx.node.xml.XmlNodeReadOnlyTrxImpl.isDocumentRoot (0x000071df3ffb9608) [0x000071df3ffb9700, 0x000071df3ffba198] Compiler: c1, Barriers: 1, Oops: 1, ImmediateOops: 2, NonImmediateOops: No
[2,826s][debug][gc,nmethod     ] Register NMethod: io.sirix.node.xml.ElementNode.setHash (0x000071df5ed31388) [0x000071df5ed31480, 0x000071df5ed317d8] Compiler: jvmci, Barriers: 6, Oops: 1, ImmediateOops: 1, NonImmediateOops: No
[2,827s][debug][gc,nmethod     ] Register NMethod: io.sirix.node.xml.ElementNode.setRightSiblingKey (0x000071df3ffba208) [0x000071df3ffba300, 0x000071df3ffbf428] Compiler: c1, Barriers: 19, Oops: 7, ImmediateOops: 12, NonImmediateOops: No
[2,828s][debug][gc,nmethod     ] Register NMethod: io.sirix.node.xml.ElementNode.getDescendantCount (0x000071df5ed31808) [0x000071df5ed31900, 0x000071df5ed31c28] Compiler: jvmci, Barriers: 6, Oops: 1, ImmediateOops: 1, NonImmediateOops: No
[2,828s][debug][gc,nmethod     ] Register NMethod: io.sirix.access.trx.node.xml.XmlNodeTrxImpl.insertTextAsFirstChild (0x000071df3ffbf488) [0x000071df3ffbf580, 0x000071df3ffc7518] Compiler: c1, Barriers: 35, Oops: 2, ImmediateOops: 8, NonImmediateOops: No
[2,828s][debug][gc,nmethod     ] Register NMethod: com.sun.org.apache.xerces.internal.impl.XMLDocumentFragmentScannerImpl$ElementStack.popElement (0x000071df3ffc7588) [0x000071df3ffc7680, 0x000071df3ffc79d0] Compiler: c1, Barriers: 6, Oops: 0, ImmediateOops: 0, NonImmediateOops: No
[2,829s][debug][gc,nmethod     ] Register NMethod: com.sun.org.apache.xerces.internal.xni.QName.setValues (0x000071df5ed31c88) [0x000071df5ed31d80, 0x000071df5ed32098] Compiler: jvmci, Barriers: 16, Oops: 0, ImmediateOops: 0, NonImmediateOops: No
[2,830s][debug][gc,nmethod     ] Register NMethod: io.sirix.access.trx.node.AbstractNodeHashing.setAddDescendants (0x000071df5ed32108) [0x000071df5ed32200, 0x000071df5ed32ae8] Compiler: jvmci, Barriers: 13, Oops: 1, ImmediateOops: 1, NonImmediateOops: No
[2,831s][debug][gc,nmethod     ] Register NMethod: io.sirix.access.trx.page.NodePageTrx$IndexLogKeyToPageContainer.<init> (0x000071df3ffc7a08) [0x000071df3ffc7b00, 0x000071df3ffc7db0] Compiler: c1, Barriers: 6, Oops: 1, ImmediateOops: 0, NonImmediateOops: No
[2,831s][debug][gc,nmethod     ] Register NMethod: io.sirix.cache.IndexLogKey.equals (0x000071df3ffc7e08) [0x000071df3ffc7f00, 0x000071df3ffc8848] Compiler: c1, Barriers: 4, Oops: 1, ImmediateOops: 0, NonImmediateOops: No
[2,833s][debug][gc,nmethod     ] Register NMethod: com.google.common.base.Objects.hashCode (0x000071df3ffc8888) [0x000071df3ffc8980, 0x000071df3ffc8b40] Compiler: c1, Barriers: 0, Oops: 1, ImmediateOops: 0, NonImmediateOops: No
[2,833s][debug][gc,nmethod     ] Register NMethod: io.sirix.access.trx.page.NodePageTrx.getRecord (0x000071df5ed32b08) [0x000071df5ed32c00, 0x000071df5ed33b00] Compiler: jvmci, Barriers: 27, Oops: 3, ImmediateOops: 2, NonImmediateOops: No
[2,834s][debug][gc,nmethod     ] Register NMethod: io.sirix.access.trx.page.NodePageTrx.getPageContainer (0x000071df5ed33b88) [0x000071df5ed33c80, 0x000071df5ed34360] Compiler: jvmci, Barriers: 17, Oops: 3, ImmediateOops: 1, NonImmediateOops: No
[2,835s][debug][gc,director    ] Rule Major: Warmup 10%, Used: 416MB, UsedThreshold: 1228MB
[2,835s][debug][gc,nmethod     ] Register NMethod: io.sirix.access.trx.node.xml.XmlNodeTrxImpl.insertElementAsRightSibling (0x000071df3ffc8b88) [0x000071df3ffc8c80, 0x000071df3ffcf980] Compiler: c1, Barriers: 31, Oops: 1, ImmediateOops: 7, NonImmediateOops: No
[2,837s][debug][gc,nmethod     ] Register NMethod: net.openhft.hashing.Maths.unsignedLongMulXorFold (0x000071df5ed34388) [0x000071df5ed34480, 0x000071df5ed34510] Compiler: jvmci, Barriers: 0, Oops: 1, ImmediateOops: 0, NonImmediateOops: No
[2,839s][debug][gc,nmethod     ] Register NMethod: net.openhft.hashing.XXH3.XXH3_mix16B (0x000071df5ed34688) [0x000071df5ed34780, 0x000071df5ed34898] Compiler: jvmci, Barriers: 0, Oops: 1, ImmediateOops: 1, NonImmediateOops: No
[2,839s][debug][gc,nmethod     ] Register NMethod: io.sirix.node.GrowingMemorySegment.getUsedSegment (0x000071df5ed34988) [0x000071df5ed34a80, 0x000071df5ed34df0] Compiler: jvmci, Barriers: 6, Oops: 1, ImmediateOops: 0, NonImmediateOops: No
[2,840s][debug][gc,nmethod     ] Register NMethod: java.util.BitSet.get (0x000071df5ed34e08) [0x000071df5ed34f00, 0x000071df5ed35088] Compiler: jvmci, Barriers: 1, Oops: 0, ImmediateOops: 0, NonImmediateOops: No
[2,840s][debug][gc,nmethod     ] Register NMethod: java.lang.invoke.DirectMethodHandle$Holder.invokeStatic (0x000071df3ffcfa08) [0x000071df3ffcfb00, 0x000071df3ffcfec8] Compiler: c1, Barriers: 1, Oops: 0, ImmediateOops: 0, NonImmediateOops: No
[2,841s][debug][gc,nmethod     ] Register NMethod: java.lang.StringConcatHelper.simpleConcat (0x000071df3ffcff08) [0x000071df3ffd0000, 0x000071df3ffd2cb0] Compiler: c1, Barriers: 6, Oops: 0, ImmediateOops: 6, NonImmediateOops: No
[2,841s][debug][gc,nmethod     ] Register NMethod: io.sirix.node.xml.TextNode.getParentKey (0x000071df5ed35108) [0x000071df5ed35200, 0x000071df5ed35498] Compiler: jvmci, Barriers: 4, Oops: 1, ImmediateOops: 0, NonImmediateOops: No
[2,841s][debug][gc,nmethod     ] Register NMethod: io.sirix.node.GrowingMemorySegment.writeInt (0x000071df5ed35508) [0x000071df5ed35600, 0x000071df5ed35a30] Compiler: jvmci, Barriers: 6, Oops: 1, ImmediateOops: 0, NonImmediateOops: No
[2,842s][debug][gc,nmethod     ] Register NMethod: com.sun.org.apache.xerces.internal.impl.io.UTF8Reader.read (0x000071df3ffd2d08) [0x000071df3ffd2e00, 0x000071df3ffd62d8] Compiler: c1, Barriers: 26, Oops: 0, ImmediateOops: 0, NonImmediateOops: No
[2,842s][debug][gc,nmethod     ] Register NMethod: io.sirix.page.RevisionRootPage.incrementAndGetMaxNodeKeyInDocumentIndex (0x000071df5ed35a88) [0x000071df5ed35b80, 0x000071df5ed35c10] Compiler: jvmci, Barriers: 0, Oops: 1, ImmediateOops: 0, NonImmediateOops: No
[2,845s][debug][gc,director    ] Rule Major: Warmup 10%, Used: 416MB, UsedThreshold: 1228MB
[2,845s][debug][gc,nmethod     ] Register NMethod: net.openhft.hashing.XXH3.XXH3_avalanche (0x000071df5ed35d88) [0x000071df5ed35e80, 0x000071df5ed35f08] Compiler: jvmci, Barriers: 0, Oops: 1, ImmediateOops: 0, NonImmediateOops: No
[2,846s][debug][gc,nmethod     ] Register NMethod: net.openhft.hashing.XXH3.XXH3_mix2Accs (0x000071df3ffd6308) [0x000071df3ffd6400, 0x000071df3ffd7500] Compiler: c1, Barriers: 0, Oops: 2, ImmediateOops: 6, NonImmediateOops: No
[2,846s][debug][gc,nmethod     ] Register NMethod: com.sun.org.apache.xerces.internal.impl.io.UTF8Reader.read (0x000071df3ffd7588) [0x000071df3ffd7680, 0x000071df3ffda8f8] Compiler: c1, Barriers: 26, Oops: 0, ImmediateOops: 0, NonImmediateOops: No
[2,849s][debug][gc,nmethod     ] Register NMethod: java.util.concurrent.ForkJoinPool.runWorker (0x000071df5ed36088) [0x000071df5ed36180, 0x000071df5ed40428] Compiler: jvmci, Barriers: 337, Oops: 2, ImmediateOops: 2, NonImmediateOops: No
[2,849s][debug][gc,nmethod     ] Register NMethod: io.sirix.page.delegates.BitmapReferencesPage.index (0x000071df5ed40488) [0x000071df5ed40580, 0x000071df5ed40b38] Compiler: jvmci, Barriers: 2, Oops: 2, ImmediateOops: 0, NonImmediateOops: No
[2,850s][debug][gc,nmethod     ] Register NMethod: com.sun.org.apache.xerces.internal.impl.XMLEntityScanner.scanContent (0x000071df5ed40b88) [0x000071df5ed40ca0, 0x000071df5ed41bc8] Compiler: jvmci, Barriers: 18, Oops: 0, ImmediateOops: 1, NonImmediateOops: No
[2,850s][debug][gc,nmethod     ] Register NMethod: com.sun.org.apache.xerces.internal.impl.XMLEntityScanner.checkEntityLimit (0x000071df5ed41c08) [0x000071df5ed41d00, 0x000071df5ed41de0] Compiler: jvmci, Barriers: 0, Oops: 0, ImmediateOops: 0, NonImmediateOops: No
[2,850s][debug][gc,nmethod     ] Register NMethod: com.sun.xml.internal.stream.events.AttributeImpl.getName (0x000071df5ed41f08) [0x000071df5ed42000, 0x000071df5ed420e8] Compiler: c1, Barriers: 1, Oops: 0, ImmediateOops: 0, NonImmediateOops: No
[2,851s][debug][gc,nmethod     ] Register NMethod: jdk.xml.internal.XMLSecurityManager.getIndex (0x000071df5ed42208) [0x000071df5ed42300, 0x000071df5ed42e90] Compiler: jvmci, Barriers: 44, Oops: 1, ImmediateOops: 20, NonImmediateOops: No
[2,855s][debug][gc,nmethod     ] Register NMethod: io.sirix.access.trx.node.AbstractNodeReadOnlyTrx.getNodeKey (0x000071df5ed42f08) [0x000071df5ed43000, 0x000071df5ed431b0] Compiler: jvmci, Barriers: 2, Oops: 1, ImmediateOops: 0, NonImmediateOops: No
[2,855s][debug][gc,director    ] Rule Major: Warmup 10%, Used: 418MB, UsedThreshold: 1228MB
[2,856s][debug][gc,nmethod     ] Register NMethod: io.sirix.axis.AbstractAxis.tryToComputeNext (0x000071df5ed43208) [0x000071df5ed43300, 0x000071df5ed43f10] Compiler: jvmci, Barriers: 20, Oops: 1, ImmediateOops: 3, NonImmediateOops: No
[2,856s][debug][gc,nmethod     ] Register NMethod: io.sirix.utils.XMLToken.cp (0x000071df5ed43f88) [0x000071df5ed44080, 0x000071df5ed44160] Compiler: jvmci, Barriers: 0, Oops: 1, ImmediateOops: 0, NonImmediateOops: No
[2,859s][debug][gc,nmethod     ] Register NMethod: io.sirix.access.trx.node.xml.XmlNodeTrxImpl.insertElementAsFirstChild (0x000071df3ffda908) [0x000071df3ffdaa00, 0x000071df3ffdf530] Compiler: c1, Barriers: 25, Oops: 1, ImmediateOops: 10, NonImmediateOops: No
[2,861s][debug][gc,nmethod     ] Register NMethod: io.sirix.node.NullNode.getDescendantCount (0x000071df5ed44288) [0x000071df5ed44380, 0x000071df5ed44440] Compiler: c1, Barriers: 0, Oops: 1, ImmediateOops: 0, NonImmediateOops: No
[2,861s][debug][gc,nmethod     ] Register NMethod: io.sirix.node.xml.AttributeNode.getKind (0x000071df5ed44588) [0x000071df5ed44680, 0x000071df5ed44710] Compiler: jvmci, Barriers: 0, Oops: 1, ImmediateOops: 1, NonImmediateOops: No
[2,863s][debug][gc,nmethod     ] Register NMethod: java.lang.ref.Cleaner.register (0x000071df3ffdf588) [0x000071df3ffdf680, 0x000071df3ffdfb98] Compiler: c1, Barriers: 3, Oops: 2, ImmediateOops: 2, NonImmediateOops: No
[2,863s][debug][gc,nmethod     ] Register NMethod: io.sirix.node.BytesOut.asBytesIn (0x000071df5ed44888) [0x000071df5ed44980, 0x000071df5ed44f58] Compiler: jvmci, Barriers: 13, Oops: 1, ImmediateOops: 0, NonImmediateOops: No
[2,865s][debug][gc,director    ] Rule Major: Warmup 10%, Used: 418MB, UsedThreshold: 1228MB
[2,865s][debug][gc,nmethod     ] Register NMethod: com.sun.org.apache.xerces.internal.xni.XMLString.append (0x000071df3ffdfc08) [0x000071df3ffdfd00, 0x000071df3ffe01d8] Compiler: c1, Barriers: 5, Oops: 0, ImmediateOops: 0, NonImmediateOops: No
[2,866s][debug][gc,nmethod     ] Register NMethod: io.sirix.node.MemorySegmentBytesOut.writeInt (0x000071df5ed44f88) [0x000071df5ed45080, 0x000071df5ed45510] Compiler: jvmci, Barriers: 7, Oops: 1, ImmediateOops: 0, NonImmediateOops: No
[2,866s][debug][gc,nmethod     ] Register NMethod: com.sun.org.apache.xerces.internal.impl.XMLEntityScanner.checkBeforeLoad (0x000071df5ed45588) [0x000071df5ed45680, 0x000071df5ed45c28] Compiler: jvmci, Barriers: 6, Oops: 1, ImmediateOops: 0, NonImmediateOops: No
[2,866s][debug][gc,nmethod     ] Register NMethod: io.sirix.axis.AbstractAxis.nextLong (0x000071df5ed45c88) [0x000071df5ed45f60, 0x000071df5ed47058] Compiler: jvmci, Barriers: 41, Oops: 4, ImmediateOops: 7, NonImmediateOops: No
[2,866s][debug][gc,nmethod     ] Register NMethod: io.sirix.utils.XMLToken.isNCStartChar (0x000071df5ed47088) [0x000071df5ed47180, 0x000071df5ed47260] Compiler: jvmci, Barriers: 0, Oops: 1, ImmediateOops: 0, NonImmediateOops: No
[2,866s][debug][gc,nmethod     ] Register NMethod: com.sun.org.apache.xerces.internal.impl.io.UTF8Reader.read (0x000071df5ed47388) [0x000071df5ed47480, 0x000071df5ed47840] Compiler: jvmci, Barriers: 1, Oops: 0, ImmediateOops: 0, NonImmediateOops: No
[2,868s][debug][gc,nmethod     ] Register NMethod: java.nio.MappedByteBuffer.<init> (0x000071df5ed47888) [0x000071df5ed47980, 0x000071df5ed47c40] Compiler: jvmci, Barriers: 7, Oops: 0, ImmediateOops: 0, NonImmediateOops: No
[2,868s][debug][gc,nmethod     ] Register NMethod: java.nio.ByteBuffer.<init> (0x000071df5ed47c88) [0x000071df5ed47d80, 0x000071df5ed480a8] Compiler: jvmci, Barriers: 5, Oops: 0, ImmediateOops: 0, NonImmediateOops: No
[2,870s][debug][gc,nmethod     ] Register NMethod: java.util.HashMap.computeIfAbsent (0x000071df5ed48108) [0x000071df5ed48200, 0x000071df5ed493b0] Compiler: jvmci, Barriers: 27, Oops: 1, ImmediateOops: 0, NonImmediateOops: No
[2,871s][debug][gc,nmethod     ] Register NMethod: io.sirix.node.xml.TextNode.setRightSiblingKey (0x000071df3ffe0208) [0x000071df3ffe0300, 0x000071df3ffe5428] Compiler: c1, Barriers: 19, Oops: 7, ImmediateOops: 12, NonImmediateOops: No
[2,871s][debug][gc,nmethod     ] Register NMethod: com.sun.org.apache.xerces.internal.xni.XMLString.setValues (0x000071df3ffe5488) [0x000071df3ffe5580, 0x000071df3ffe5700] Compiler: c1, Barriers: 3, Oops: 0, ImmediateOops: 0, NonImmediateOops: No
[2,872s][debug][gc,nmethod     ] Register NMethod: io.sirix.utils.XMLToken.isNCChar (0x000071df5ed49408) [0x000071df5ed49500, 0x000071df5ed495e0] Compiler: jvmci, Barriers: 0, Oops: 1, ImmediateOops: 0, NonImmediateOops: No
[2,872s][debug][gc,nmethod     ] Register NMethod: io.sirix.index.path.summary.PathSummaryReader.getNodeKey (0x000071df5ed49708) [0x000071df5ed49800, 0x000071df5ed49980] Compiler: jvmci, Barriers: 2, Oops: 1, ImmediateOops: 0, NonImmediateOops: No
[2,873s][debug][gc,nmethod     ] Register NMethod: io.sirix.node.GrowingMemorySegment.write (0x000071df5ed49a08) [0x000071df5ed49b00, 0x000071df5ed4a078] Compiler: jvmci, Barriers: 5, Oops: 3, ImmediateOops: 0, NonImmediateOops: No
[2,873s][debug][gc,nmethod     ] Register NMethod: jdk.xml.internal.XMLSecurityPropertyManager$Property.equalsName (0x000071df5ed4a108) [0x000071df5ed4a200, 0x000071df5ed4a5c8] Compiler: jvmci, Barriers: 5, Oops: 0, ImmediateOops: 0, NonImmediateOops: No
[2,874s][debug][gc,nmethod     ] Register NMethod: com.sun.org.apache.xerces.internal.util.NamespaceSupport.popContext (0x000071df5ed4a608) [0x000071df5ed4a700, 0x000071df5ed4a828] Compiler: jvmci, Barriers: 1, Oops: 0, ImmediateOops: 0, NonImmediateOops: No
[2,875s][debug][gc,director    ] Rule Major: Warmup 10%, Used: 420MB, UsedThreshold: 1228MB
[2,875s][debug][gc,nmethod     ] Register NMethod: java.lang.invoke.DelegatingMethodHandle$Holder.reinvoke_L (0x000071df3ffe5788) [0x000071df3ffe5880, 0x000071df3ffe5fb0] Compiler: c1, Barriers: 1, Oops: 0, ImmediateOops: 0, NonImmediateOops: No
[2,875s][debug][gc,nmethod     ] Register NMethod: io.sirix.access.trx.node.xml.ForwardingXmlNodeReadOnlyTrx.isElement (0x000071df3ffe6008) [0x000071df3ffe6100, 0x000071df3ffe6700] Compiler: c1, Barriers: 1, Oops: 1, ImmediateOops: 0, NonImmediateOops: No
[2,876s][debug][gc,nmethod     ] Register NMethod: io.sirix.access.trx.node.xml.ForwardingXmlNodeReadOnlyTrx.getNameNode (0x000071df3ffe6788) [0x000071df3ffe6880, 0x000071df3ffe6e78] Compiler: c1, Barriers: 1, Oops: 1, ImmediateOops: 0, NonImmediateOops: No
[2,876s][debug][gc,nmethod     ] Register NMethod: io.sirix.access.trx.node.xml.XmlNodeReadOnlyTrxImpl.getNameNode (0x000071df3ffe6e88) [0x000071df3ffe6f80, 0x000071df3ffe77b0] Compiler: c1, Barriers: 1, Oops: 1, ImmediateOops: 1, NonImmediateOops: No
[2,876s][debug][gc,nmethod     ] Register NMethod: io.sirix.access.trx.node.xml.XmlNodeReadOnlyTrxImpl.isElement (0x000071df3ffe7808) [0x000071df3ffe7900, 0x000071df3ffe8398] Compiler: c1, Barriers: 1, Oops: 1, ImmediateOops: 2, NonImmediateOops: No
[2,877s][debug][gc,nmethod     ] Register NMethod: com.sun.org.apache.xerces.internal.impl.XMLEntityScanner.skipChar (0x000071df5ed4a908) [0x000071df5ed4aa00, 0x000071df5ed4adf8] Compiler: jvmci, Barriers: 4, Oops: 0, ImmediateOops: 0, NonImmediateOops: No
[2,877s][debug][gc,nmethod     ] Register NMethod: io.sirix.page.AbstractForwardingPage.getOrCreateReference (0x000071df5ed4ae08) [0x000071df5ed4af00, 0x000071df5ed4b880] Compiler: jvmci, Barriers: 16, Oops: 1, ImmediateOops: 1, NonImmediateOops: No
[2,878s][debug][gc,nmethod     ] Register NMethod: java.lang.String.<init> (0x000071df3ffe8408) [0x000071df3ffe8500, 0x000071df3ffe8728] Compiler: c1, Barriers: 4, Oops: 0, ImmediateOops: 0, NonImmediateOops: No
[2,878s][debug][gc,nmethod     ] Register NMethod: com.sun.org.apache.xerces.internal.impl.XMLEntityScanner.peekChar (0x000071df5ed4b908) [0x000071df5ed4ba00, 0x000071df5ed4bbb8] Compiler: jvmci, Barriers: 2, Oops: 0, ImmediateOops: 0, NonImmediateOops: No
[2,878s][debug][gc,nmethod     ] Register NMethod: com.sun.org.apache.xerces.internal.impl.io.UTF8Reader.read (0x000071df5ed4bc08) [0x000071df5ed4bd00, 0x000071df5ed4c6e8] Compiler: jvmci, Barriers: 7, Oops: 0, ImmediateOops: 0, NonImmediateOops: No
[2,878s][debug][gc,nmethod     ] Register NMethod: com.sun.org.apache.xerces.internal.impl.XMLScanner.isValidNameStartHighSurrogate (0x000071df5ed4c708) [0x000071df5ed4c800, 0x000071df5ed4c8c0] Compiler: c1, Barriers: 0, Oops: 0, ImmediateOops: 0, NonImmediateOops: No
[2,879s][debug][gc,nmethod     ] Register NMethod: com.sun.org.apache.xerces.internal.impl.XMLEntityScanner.peekChar (0x000071df3ffe8788) [0x000071df3ffe8880, 0x000071df3ffe8d38] Compiler: c1, Barriers: 3, Oops: 0, ImmediateOops: 0, NonImmediateOops: No
[2,880s][debug][gc,nmethod     ] Register NMethod: io.sirix.node.xml.ElementNode.getAttributeCount (0x000071df3ffe8d88) [0x000071df3ffe8e80, 0x000071df3ffe9010] Compiler: c1, Barriers: 1, Oops: 1, ImmediateOops: 0, NonImmediateOops: No
[2,880s][debug][gc,nmethod     ] Register NMethod: com.sun.org.apache.xerces.internal.impl.XMLEntityScanner.scanLiteral (0x000071df3ffe9088) [0x000071df3ffe9180, 0x000071df3ffea3c8] Compiler: c1, Barriers: 13, Oops: 0, ImmediateOops: 2, NonImmediateOops: No
[2,881s][debug][gc,nmethod     ] Register NMethod: io.sirix.node.xml.ElementNode.getRightSiblingKey (0x000071df5ed4ca08) [0x000071df5ed4cb00, 0x000071df5ed4cd98] Compiler: jvmci, Barriers: 4, Oops: 1, ImmediateOops: 0, NonImmediateOops: No
[2,881s][debug][gc,nmethod     ] Register NMethod: io.sirix.node.xml.ElementNode.getLeftSiblingKey (0x000071df5ed4ce08) [0x000071df5ed4cf00, 0x000071df5ed4d198] Compiler: jvmci, Barriers: 4, Oops: 1, ImmediateOops: 0, NonImmediateOops: No
[2,881s][debug][gc,nmethod     ] Register NMethod: net.openhft.hashing.LongHashFunction.xx3 (0x000071df3ffea408) [0x000071df3ffea500, 0x000071df3ffea6a0] Compiler: c1, Barriers: 0, Oops: 1, ImmediateOops: 1, NonImmediateOops: No
[2,881s][debug][gc,nmethod     ] Register NMethod: net.openhft.hashing.XXH3.asLongHashFunctionWithoutSeed (0x000071df3ffea708) [0x000071df3ffea800, 0x000071df3ffea940] Compiler: c1, Barriers: 0, Oops: 1, ImmediateOops: 1, NonImmediateOops: No
[2,881s][debug][gc,nmethod     ] Register NMethod: com.sun.xml.internal.stream.XMLEventReaderImpl.hasNext (0x000071df5ed4d208) [0x000071df5ed4d300, 0x000071df5ed4d4b0] Compiler: jvmci, Barriers: 2, Oops: 0, ImmediateOops: 0, NonImmediateOops: No
[2,882s][debug][gc,nmethod     ] Register NMethod: io.sirix.access.trx.node.xml.XmlNodeTrxImpl.insertTextAsRightSibling (0x000071df3ffeaa08) [0x000071df3ffeab00, 0x000071df3fff9510] Compiler: c1, Barriers: 52, Oops: 5, ImmediateOops: 18, NonImmediateOops: No
[2,882s][debug][gc,nmethod     ] Register NMethod: io.brackit.query.atomic.QNm.atomicCode (0x000071df5ed4d508) [0x000071df5ed4d600, 0x000071df5ed4d6c0] Compiler: c1, Barriers: 0, Oops: 1, ImmediateOops: 0, NonImmediateOops: No
[2,883s][debug][gc,nmethod     ] Register NMethod: com.sun.org.apache.xerces.internal.util.AugmentationsImpl.removeAllItems (0x000071df3fff9588) [0x000071df3fff9680, 0x000071df3fff9808] Compiler: c1, Barriers: 1, Oops: 0, ImmediateOops: 0, NonImmediateOops: No
[2,883s][debug][gc,nmethod     ] Register NMethod: com.sun.org.apache.xerces.internal.util.AugmentationsImpl$SmallContainer.clear (0x000071df3fff9888) [0x000071df3fff9980, 0x000071df3fffa100] Compiler: c1, Barriers: 7, Oops: 0, ImmediateOops: 0, NonImmediateOops: No
[2,883s][debug][gc,nmethod     ] Register NMethod: io.sirix.node.xml.AttributeNode.getPrefixKey (0x000071df3fffa108) [0x000071df3fffa200, 0x000071df3ffff1f0] Compiler: c1, Barriers: 19, Oops: 7, ImmediateOops: 11, NonImmediateOops: No
[2,883s][debug][gc,nmethod     ] Register NMethod: io.sirix.node.xml.AttributeNode.getLocalNameKey (0x000071df3ffff288) [0x000071df3ffff380, 0x000071df40004370] Compiler: c1, Barriers: 19, Oops: 7, ImmediateOops: 11, NonImmediateOops: No
[2,883s][debug][gc,nmethod     ] Register NMethod: io.sirix.node.xml.AttributeNode.getURIKey (0x000071df40004408) [0x000071df40004500, 0x000071df400094f0] Compiler: c1, Barriers: 19, Oops: 7, ImmediateOops: 11, NonImmediateOops: No
[2,883s][debug][gc,nmethod     ] Register NMethod: com.sun.org.apache.xerces.internal.impl.XMLDocumentFragmentScannerImpl.getString (0x000071df40009588) [0x000071df40009680, 0x000071df4000a2b0] Compiler: c1, Barriers: 8, Oops: 0, ImmediateOops: 0, NonImmediateOops: No
[2,883s][debug][gc,nmethod     ] Register NMethod: com.sun.org.apache.xerces.internal.util.XMLAttributesImpl.setSpecified (0x000071df4000a308) [0x000071df4000a400, 0x000071df4000a598] Compiler: c1, Barriers: 2, Oops: 0, ImmediateOops: 0, NonImmediateOops: No
[2,884s][debug][gc,nmethod     ] Register NMethod: com.sun.org.apache.xerces.internal.util.XMLAttributesImpl.setValue (0x000071df4000a608) [0x000071df4000a700, 0x000071df4000a9f8] Compiler: c1, Barriers: 11, Oops: 0, ImmediateOops: 0, NonImmediateOops: No
[2,884s][debug][gc,nmethod     ] Register NMethod: com.sun.org.apache.xerces.internal.util.XMLAttributesImpl.getType (0x000071df4000aa08) [0x000071df4000ab00, 0x000071df4000b628] Compiler: c1, Barriers: 5, Oops: 1, ImmediateOops: 3, NonImmediateOops: No
[2,884s][debug][gc,nmethod     ] Register NMethod: com.sun.org.apache.xerces.internal.util.XMLAttributesImpl.getReportableType (0x000071df4000b688) [0x000071df4000b780, 0x000071df4000c120] Compiler: c1, Barriers: 2, Oops: 1, ImmediateOops: 3, NonImmediateOops: No
[2,884s][debug][gc,nmethod     ] Register NMethod: com.sun.org.apache.xerces.internal.util.XMLAttributesImpl.getValue (0x000071df4000c188) [0x000071df4000c280, 0x000071df4000c8b0] Compiler: c1, Barriers: 10, Oops: 0, ImmediateOops: 0, NonImmediateOops: No
[2,884s][debug][gc,nmethod     ] Register NMethod: com.sun.org.apache.xerces.internal.util.XMLAttributesImpl.addAttributeNS (0x000071df4000c908) [0x000071df4000ca00, 0x000071df4000df00] Compiler: c1, Barriers: 47, Oops: 0, ImmediateOops: 0, NonImmediateOops: No
[2,884s][debug][gc,nmethod     ] Register NMethod: com.sun.org.apache.xerces.internal.impl.XMLScanner.isValidNameStartChar (0x000071df4000df08) [0x000071df4000e000, 0x000071df4000e208] Compiler: c1, Barriers: 0, Oops: 0, ImmediateOops: 1, NonImmediateOops: No
[2,884s][debug][gc,nmethod     ] Register NMethod: io.sirix.node.xml.AttributeNode.<init> (0x000071df4000e288) [0x000071df4000e380, 0x000071df4000e9f0] Compiler: c1, Barriers: 12, Oops: 1, ImmediateOops: 0, NonImmediateOops: No
[2,884s][debug][gc,nmethod     ] Register NMethod: io.sirix.node.xml.ElementNode.insertAttribute (0x000071df4000ea08) [0x000071df4000eb00, 0x000071df4000ecb8] Compiler: c1, Barriers: 1, Oops: 1, ImmediateOops: 0, NonImmediateOops: No
[2,885s][debug][gc,nmethod     ] Register NMethod: io.sirix.axis.AbstractAxis.resetToLastKey (0x000071df5ed4d808) [0x000071df5ed4d900, 0x000071df5ed4dcb8] Compiler: jvmci, Barriers: 6, Oops: 1, ImmediateOops: 0, NonImmediateOops: No
[2,885s][debug][gc,nmethod     ] Register NMethod: com.sun.xml.internal.stream.XMLEventReaderImpl.nextEvent (0x000071df5ed4dd08) [0x000071df5ed4de00, 0x000071df5ed4e208] Compiler: jvmci, Barriers: 12, Oops: 0, ImmediateOops: 0, NonImmediateOops: No
[2,885s][debug][gc,nmethod     ] Register NMethod: io.sirix.access.trx.node.xml.XmlDeweyIDManager.newAttributeID (0x000071df4000ed08) [0x000071df4000ee00, 0x000071df40012ff0] Compiler: c1, Barriers: 17, Oops: 1, ImmediateOops: 2, NonImmediateOops: No
[2,885s][debug][gc,nmethod     ] Register NMethod: io.sirix.access.trx.node.xml.XmlNodeFactoryImpl.createAttributeNode (0x000071df40013008) [0x000071df40013100, 0x000071df40015900] Compiler: c1, Barriers: 21, Oops: 2, ImmediateOops: 6, NonImmediateOops: No
[2,885s][debug][gc,nmethod     ] Register NMethod: com.sun.org.apache.xerces.internal.util.XMLAttributesImpl.getQualifiedName (0x000071df40015988) [0x000071df40015a80, 0x000071df40015cd0] Compiler: c1, Barriers: 3, Oops: 0, ImmediateOops: 0, NonImmediateOops: No
[2,885s][debug][gc,director    ] Rule Major: Warmup 10%, Used: 422MB, UsedThreshold: 1228MB
[2,885s][debug][gc,nmethod     ] Register NMethod: javax.xml.namespace.QName.<init> (0x000071df40015d08) [0x000071df40015e00, 0x000071df40015f40] Compiler: c1, Barriers: 0, Oops: 0, ImmediateOops: 1, NonImmediateOops: No
[2,885s][debug][gc,nmethod     ] Register NMethod: com.sun.org.apache.xerces.internal.impl.XMLStreamReaderImpl.convertXNIQNametoJavaxQName (0x000071df40016008) [0x000071df40016100, 0x000071df40016550] Compiler: c1, Barriers: 5, Oops: 0, ImmediateOops: 1, NonImmediateOops: No
[2,885s][debug][gc,nmethod     ] Register NMethod: com.sun.org.apache.xerces.internal.util.XMLAttributesImpl.isSpecified (0x000071df40016588) [0x000071df40016680, 0x000071df40016818] Compiler: c1, Barriers: 2, Oops: 0, ImmediateOops: 0, NonImmediateOops: No
[2,885s][debug][gc,nmethod     ] Register NMethod: com.sun.xml.internal.stream.events.DummyEvent.isNamespace (0x000071df40016888) [0x000071df40016980, 0x000071df40016ad0] Compiler: c1, Barriers: 0, Oops: 0, ImmediateOops: 0, NonImmediateOops: No
[2,886s][debug][gc,nmethod     ] Register NMethod: com.sun.xml.internal.stream.util.ReadOnlyIterator.next (0x000071df40016b88) [0x000071df40016c80, 0x000071df40017018] Compiler: c1, Barriers: 1, Oops: 0, ImmediateOops: 0, NonImmediateOops: No
[2,886s][debug][gc,nmethod     ] Register NMethod: javax.xml.namespace.QName.hashCode (0x000071df40017088) [0x000071df40017180, 0x000071df400176f0] Compiler: c1, Barriers: 2, Oops: 0, ImmediateOops: 0, NonImmediateOops: No
[2,886s][debug][gc,nmethod     ] Register NMethod: com.sun.org.apache.xerces.internal.impl.XMLScanner.scanAttributeValue (0x000071df40017708) [0x000071df40017800, 0x000071df400220b8] Compiler: c1, Barriers: 92, Oops: 8, ImmediateOops: 16, NonImmediateOops: No
[2,887s][debug][gc,nmethod     ] Register NMethod: java.util.HashMap$HashIterator.<init> (0x000071df5ed4e288) [0x000071df5ed4e380, 0x000071df5ed4e718] Compiler: jvmci, Barriers: 12, Oops: 0, ImmediateOops: 0, NonImmediateOops: No
[2,888s][debug][gc,nmethod     ] Register NMethod: it.unimi.dsi.fastutil.longs.LongArrays.forceCapacity (0x000071df40022108) [0x000071df40022200, 0x000071df40022418] Compiler: c1, Barriers: 0, Oops: 1, ImmediateOops: 0, NonImmediateOops: No
[2,888s][debug][gc,nmethod     ] Register NMethod: it.unimi.dsi.fastutil.ints.Int2LongOpenHashMap.find (0x000071df5ed4e788) [0x000071df5ed4e880, 0x000071df5ed4eae8] Compiler: jvmci, Barriers: 1, Oops: 1, ImmediateOops: 0, NonImmediateOops: No
[2,889s][debug][gc,nmethod     ] Register NMethod: io.sirix.access.trx.node.xml.XmlNodeReadOnlyTrxImpl.getNode (0x000071df5ed4eb08) [0x000071df5ed4ec00, 0x000071df5ed4f140] Compiler: jvmci, Barriers: 7, Oops: 2, ImmediateOops: 1, NonImmediateOops: No
[2,889s][debug][gc,nmethod     ] Register NMethod: com.sun.org.apache.xerces.internal.impl.XMLStreamReaderImpl.getAttributeValue (0x000071df40022488) [0x000071df40022580, 0x000071df40022c90] Compiler: c1, Barriers: 1, Oops: 0, ImmediateOops: 0, NonImmediateOops: No
[2,889s][debug][gc,nmethod     ] Register NMethod: com.sun.org.apache.xerces.internal.impl.XMLStreamReaderImpl.isAttributeSpecified (0x000071df40022d08) [0x000071df40022e00, 0x000071df400235d8] Compiler: c1, Barriers: 3, Oops: 0, ImmediateOops: 0, NonImmediateOops: No
[2,889s][debug][gc,nmethod     ] Register NMethod: com.sun.org.apache.xerces.internal.impl.XMLStreamReaderImpl.getAttributeName (0x000071df40023608) [0x000071df40023700, 0x000071df40023fb0] Compiler: c1, Barriers: 4, Oops: 0, ImmediateOops: 0, NonImmediateOops: No
[2,889s][debug][gc,nmethod     ] Register NMethod: com.sun.xml.internal.stream.events.StartElementEvent.addAttribute (0x000071df40024008) [0x000071df40024100, 0x000071df40024c40] Compiler: c1, Barriers: 3, Oops: 0, ImmediateOops: 0, NonImmediateOops: No
[2,890s][debug][gc,nmethod     ] Register NMethod: com.sun.org.apache.xerces.internal.impl.XMLStreamReaderImpl.getAttributeType (0x000071df40024c88) [0x000071df40024d80, 0x000071df40025ec8] Compiler: c1, Barriers: 6, Oops: 1, ImmediateOops: 3, NonImmediateOops: No
[2,890s][debug][gc,nmethod     ] Register NMethod: io.sirix.page.delegates.BitmapReferencesPage.getOrCreateReference (0x000071df5ed4f188) [0x000071df5ed4f280, 0x000071df5ed4fb00] Compiler: jvmci, Barriers: 6, Oops: 2, ImmediateOops: 0, NonImmediateOops: No
[2,891s][debug][gc,nmethod     ] Register NMethod: io.sirix.node.xml.AttributeNode.computeHash (0x000071df40025f08) [0x000071df40026000, 0x000071df4003c860] Compiler: c1, Barriers: 86, Oops: 13, ImmediateOops: 49, NonImmediateOops: No
[2,891s][debug][gc,nmethod     ] Register NMethod: io.sirix.node.delegates.StructNodeDelegate.getLeftSiblingKey (0x000071df5ed4fb88) [0x000071df5ed4fc80, 0x000071df5ed4fd40] Compiler: c1, Barriers: 0, Oops: 1, ImmediateOops: 0, NonImmediateOops: No
[2,892s][debug][gc,nmethod     ] Register NMethod: com.sun.org.apache.xerces.internal.impl.XMLNSDocumentScannerImpl.scanAttribute (0x000071df4003c908) [0x000071df4003ca00, 0x000071df40045498] Compiler: c1, Barriers: 128, Oops: 9, ImmediateOops: 41, NonImmediateOops: No
[2,892s][debug][gc,nmethod     ] Register NMethod: com.sun.org.apache.xerces.internal.impl.XMLStreamReaderImpl$1.<init> (0x000071df5ed4fe88) [0x000071df5ed4ff80, 0x000071df5ed50310] Compiler: jvmci, Barriers: 14, Oops: 0, ImmediateOops: 0, NonImmediateOops: No
[2,893s][debug][gc,nmethod     ] Register NMethod: io.sirix.access.trx.node.AbstractNodeTrxImpl.getCurrentNode (0x000071df5ed50388) [0x000071df5ed50480, 0x000071df5ed505b8] Compiler: jvmci, Barriers: 2, Oops: 1, ImmediateOops: 0, NonImmediateOops: No
[2,893s][debug][gc,nmethod     ] Register NMethod: com.sun.org.apache.xerces.internal.impl.XMLNSDocumentScannerImpl.next (0x000071df5ed50688) [0x000071df5ed50780, 0x000071df5ed523e0] Compiler: jvmci, Barriers: 41, Oops: 1, ImmediateOops: 2, NonImmediateOops: No
[2,894s][debug][gc,nmethod     ] Register NMethod: io.sirix.cache.IndexLogKey.hashCode (0x000071df5ed52408) [0x000071df5ed52500, 0x000071df5ed52638] Compiler: jvmci, Barriers: 1, Oops: 1, ImmediateOops: 0, NonImmediateOops: No
[2,894s][debug][gc,nmethod     ] Register NMethod: io.sirix.access.trx.node.AbstractResourceSession.getResourceConfig (0x000071df5ed52708) [0x000071df5ed52800, 0x000071df5ed528e8] Compiler: jvmci, Barriers: 1, Oops: 1, ImmediateOops: 0, NonImmediateOops: No
[2,895s][debug][gc,nmethod     ] Register NMethod: io.sirix.access.trx.node.xml.XmlNodeTrxImpl.insertAttribute (0x000071df40045508) [0x000071df40045600, 0x000071df40055680] Compiler: c1, Barriers: 58, Oops: 8, ImmediateOops: 23, NonImmediateOops: No
[2,895s][debug][gc,nmethod     ] Register NMethod: java.util.LinkedHashMap.afterNodeAccess (0x000071df5ed52a08) [0x000071df5ed52b00, 0x000071df5ed531d0] Compiler: jvmci, Barriers: 34, Oops: 0, ImmediateOops: 0, NonImmediateOops: No
[2,895s][debug][gc,nmethod     ] Register NMethod: com.sun.org.apache.xerces.internal.xni.XMLString.append (0x000071df40055708) [0x000071df40055800, 0x000071df40055b40] Compiler: c1, Barriers: 1, Oops: 0, ImmediateOops: 0, NonImmediateOops: No
[2,895s][debug][gc,director    ] Rule Major: Warmup 10%, Used: 424MB, UsedThreshold: 1228MB
[2,896s][debug][gc,nmethod     ] Register NMethod: io.brackit.query.atomic.QNm.hashCode (0x000071df40055b88) [0x000071df40055c80, 0x000071df400561f0] Compiler: c1, Barriers: 2, Oops: 1, ImmediateOops: 0, NonImmediateOops: No
[2,897s][debug][gc,nmethod     ] Register NMethod: com.sun.org.apache.xerces.internal.impl.XMLDocumentFragmentScannerImpl$FragmentContentDriver.startOfMarkup (0x000071df40056208) [0x000071df40056300, 0x000071df40058368] Compiler: c1, Barriers: 16, Oops: 0, ImmediateOops: 7, NonImmediateOops: No
[2,898s][debug][gc,nmethod     ] Register NMethod: com.sun.org.apache.xerces.internal.impl.XMLStreamReaderImpl.next (0x000071df5ed53208) [0x000071df5ed53300, 0x000071df5ed535f0] Compiler: jvmci, Barriers: 4, Oops: 0, ImmediateOops: 0, NonImmediateOops: No
[2,898s][debug][gc,nmethod     ] Register NMethod: com.sun.org.apache.xerces.internal.impl.XMLDocumentFragmentScannerImpl.scanContent (0x000071df40058388) [0x000071df40058480, 0x000071df40059a70] Compiler: c1, Barriers: 11, Oops: 0, ImmediateOops: 1, NonImmediateOops: No
[2,898s][debug][gc,nmethod     ] Register NMethod: java.util.HashMap.computeIfAbsent (0x000071df40059a88) [0x000071df40059b80, 0x000071df4005c388] Compiler: c1, Barriers: 11, Oops: 0, ImmediateOops: 0, NonImmediateOops: No
[2,898s][debug][gc,nmethod     ] Register NMethod: it.unimi.dsi.fastutil.ints.Int2LongOpenHashMap.put (0x000071df5ed53608) [0x000071df5ed53720, 0x000071df5ed54348] Compiler: jvmci, Barriers: 8, Oops: 1, ImmediateOops: 0, NonImmediateOops: No
[2,898s][debug][gc,nmethod     ] Register NMethod: com.sun.org.apache.xerces.internal.impl.XMLDocumentFragmentScannerImpl$FragmentContentDriver.next (0x000071df5ed54388) [0x000071df5ed54480, 0x000071df5ed560c0] Compiler: jvmci, Barriers: 42, Oops: 1, ImmediateOops: 1, NonImmediateOops: No
[2,899s][debug][gc,nmethod     ] Register NMethod: io.sirix.index.path.summary.PathNode.getLocalNameKey (0x000071df5ed56108) [0x000071df5ed56200, 0x000071df5ed562e0] Compiler: jvmci, Barriers: 1, Oops: 1, ImmediateOops: 0, NonImmediateOops: No
[2,899s][debug][gc,nmethod     ] Register NMethod: io.sirix.access.trx.node.AbstractNodeReadOnlyTrx.getKind (0x000071df5ed56408) [0x000071df5ed56500, 0x000071df5ed56650] Compiler: jvmci, Barriers: 1, Oops: 1, ImmediateOops: 1, NonImmediateOops: No
[2,900s][debug][gc,nmethod     ] Register NMethod: jdk.internal.foreign.MemorySessionImpl.addInternal (0x000071df5ed56708) [0x000071df5ed56800, 0x000071df5ed56ba8] Compiler: jvmci, Barriers: 12, Oops: 0, ImmediateOops: 1, NonImmediateOops: No
[2,901s][debug][gc,nmethod     ] Register NMethod: java.util.HashMap.afterNodeAccess (0x000071df4005c408) [0x000071df4005c500, 0x000071df4005c600] Compiler: c1, Barriers: 0, Oops: 0, ImmediateOops: 0, NonImmediateOops: No
[2,903s][debug][gc,nmethod     ] Register NMethod: it.unimi.dsi.fastutil.longs.LongArrayList.add (0x000071df5ed56c08) [0x000071df5ed56d00, 0x000071df5ed57200] Compiler: jvmci, Barriers: 4, Oops: 1, ImmediateOops: 1, NonImmediateOops: No
[2,903s][debug][gc,nmethod     ] Register NMethod: io.sirix.node.delegates.StructNodeDelegate.setFirstChildKey (0x000071df5ed57288) [0x000071df5ed57380, 0x000071df5ed57440] Compiler: c1, Barriers: 0, Oops: 1, ImmediateOops: 0, NonImmediateOops: No
[2,904s][debug][gc,nmethod     ] Register NMethod: jdk.xml.internal.XMLSecurityManager.isOverLimit (0x000071df5ed57588) [0x000071df5ed57680, 0x000071df5ed578e8] Compiler: jvmci, Barriers: 2, Oops: 0, ImmediateOops: 0, NonImmediateOops: No
[2,905s][debug][gc,nmethod     ] Register NMethod: com.sun.org.apache.xerces.internal.impl.XMLEntityScanner.scanContent (0x000071df4005c708) [0x000071df4005c800, 0x000071df4005d7f8] Compiler: c1, Barriers: 11, Oops: 0, ImmediateOops: 1, NonImmediateOops: No
[2,906s][debug][gc,director    ] Rule Major: Warmup 10%, Used: 426MB, UsedThreshold: 1228MB
[2,906s][debug][gc,nmethod     ] Register NMethod: com.sun.org.apache.xerces.internal.impl.XMLNSDocumentScannerImpl.next (0x000071df4005d808) [0x000071df4005d900, 0x000071df4005ddd0] Compiler: c1, Barriers: 2, Oops: 0, ImmediateOops: 0, NonImmediateOops: No
[2,906s][debug][gc,nmethod     ] Register NMethod: com.sun.org.apache.xerces.internal.impl.XMLEntityScanner.scanContent (0x000071df4005de08) [0x000071df4005df00, 0x000071df4005ee78] Compiler: c1, Barriers: 11, Oops: 0, ImmediateOops: 1, NonImmediateOops: No
[2,906s][debug][gc,nmethod     ] Register NMethod: io.sirix.axis.filter.PathNameFilter.filter (0x000071df5ed57908) [0x000071df5ed57a00, 0x000071df5ed57ed8] Compiler: jvmci, Barriers: 6, Oops: 1, ImmediateOops: 0, NonImmediateOops: No
[2,907s][debug][gc,nmethod     ] Register NMethod: com.sun.xml.internal.stream.events.XMLEventAllocatorImpl.getXMLEvent (0x000071df5ed57f08) [0x000071df5ed58020, 0x000071df5ed59810] Compiler: jvmci, Barriers: 63, Oops: 6, ImmediateOops: 6, NonImmediateOops: No
[2,907s][debug][gc,nmethod     ] Register NMethod: io.sirix.cache.IndexLogKey.equals (0x000071df5ed59888) [0x000071df5ed59980, 0x000071df5ed59b48] Compiler: jvmci, Barriers: 2, Oops: 1, ImmediateOops: 0, NonImmediateOops: No
[2,909s][debug][gc,nmethod     ] Register NMethod: io.sirix.index.path.summary.PathSummaryReader.moveTo (0x000071df5ed59b88) [0x000071df5ed59c80, 0x000071df5ed59ec0] Compiler: jvmci, Barriers: 5, Oops: 1, ImmediateOops: 0, NonImmediateOops: No
[2,909s][debug][gc,nmethod     ] Register NMethod: jdk.internal.foreign.ArenaImpl.allocate (0x000071df5ed59f08) [0x000071df5ed5a000, 0x000071df5ed5abd0] Compiler: jvmci, Barriers: 16, Oops: 1, ImmediateOops: 6, NonImmediateOops: No
[2,910s][debug][gc,nmethod     ] Register NMethod: java.util.concurrent.ConcurrentLinkedDeque.poll (0x000071df4005ee88) [0x000071df4005ef80, 0x000071df4005f0c8] Compiler: c1, Barriers: 0, Oops: 0, ImmediateOops: 0, NonImmediateOops: No
[2,910s][debug][gc,nmethod     ] Register NMethod: java.util.concurrent.ConcurrentLinkedDeque.first (0x000071df4005f188) [0x000071df4005f280, 0x000071df4005f880] Compiler: c1, Barriers: 4, Oops: 1, ImmediateOops: 1, NonImmediateOops: No
[2,910s][debug][gc,nmethod     ] Register NMethod: java.util.concurrent.ConcurrentLinkedDeque.pollFirst (0x000071df4005f908) [0x000071df4005fa00, 0x000071df40061418] Compiler: c1, Barriers: 9, Oops: 6, ImmediateOops: 9, NonImmediateOops: No
[2,911s][debug][gc,nmethod     ] Register NMethod: io.sirix.cache.LinuxMemorySegmentAllocator.allocate (0x000071df40061488) [0x000071df400615a0, 0x000071df40067248] Compiler: c1, Barriers: 54, Oops: 6, ImmediateOops: 11, NonImmediateOops: No
[2,911s][debug][gc,nmethod     ] Register NMethod: java.util.concurrent.ConcurrentLinkedDeque.unlink (0x000071df40067288) [0x000071df40067380, 0x000071df4006a8f8] Compiler: c1, Barriers: 14, Oops: 6, ImmediateOops: 20, NonImmediateOops: No
[2,916s][debug][gc,director    ] Rule Major: Warmup 10%, Used: 428MB, UsedThreshold: 1228MB
[2,918s][debug][gc,nmethod     ] Register NMethod: jdk.internal.ref.CleanerImpl$CleanableList.insert (0x000071df4006a988) [0x000071df4006aa80, 0x000071df4006b500] Compiler: c1, Barriers: 22, Oops: 0, ImmediateOops: 0, NonImmediateOops: No
[2,918s][debug][gc,nmethod     ] Register NMethod: jdk.internal.foreign.SegmentFactories.allocateNativeSegment (0x000071df5ed5ac08) [0x000071df5ed5ad20, 0x000071df5ed5b878] Compiler: jvmci, Barriers: 15, Oops: 1, ImmediateOops: 6, NonImmediateOops: No
[2,918s][debug][gc,nmethod     ] Register NMethod: jdk.internal.foreign.ArenaImpl.allocate (0x000071df5ed5b888) [0x000071df5ed5b980, 0x000071df5ed5c550] Compiler: jvmci, Barriers: 16, Oops: 1, ImmediateOops: 6, NonImmediateOops: No
[2,920s][debug][gc,nmethod     ] Register NMethod: com.sun.org.apache.xerces.internal.util.SymbolTable.hash (0x000071df5ed5c588) [0x000071df5ed5c680, 0x000071df5ed5c900] Compiler: jvmci, Barriers: 1, Oops: 0, ImmediateOops: 0, NonImmediateOops: No
[2,921s][debug][gc,nmethod     ] Register NMethod: com.sun.org.apache.xerces.internal.util.SymbolTable.addSymbol (0x000071df5ed5c908) [0x000071df5ed5ca00, 0x000071df5ed5d280] Compiler: jvmci, Barriers: 7, Oops: 0, ImmediateOops: 0, NonImmediateOops: No
[2,921s][debug][gc,nmethod     ] Register NMethod: io.sirix.access.trx.page.NodePageTrx$IndexLogKeyToPageContainer.<init> (0x000071df5ed5d288) [0x000071df5ed5d380, 0x000071df5ed5d4e8] Compiler: jvmci, Barriers: 6, Oops: 1, ImmediateOops: 0, NonImmediateOops: No
[2,922s][debug][gc,nmethod     ] Register NMethod: it.unimi.dsi.fastutil.longs.LongArrayList.getLong (0x000071df5ed5d588) [0x000071df5ed5d680, 0x000071df5ed5d7b0] Compiler: jvmci, Barriers: 1, Oops: 1, ImmediateOops: 0, NonImmediateOops: No
[2,923s][debug][gc,nmethod     ] Register NMethod: io.sirix.node.xml.ElementNode.getChildCount (0x000071df5ed5d888) [0x000071df5ed5d980, 0x000071df5ed5dc78] Compiler: jvmci, Barriers: 5, Oops: 1, ImmediateOops: 0, NonImmediateOops: No
[2,924s][debug][gc,nmethod     ] Register NMethod: it.unimi.dsi.fastutil.longs.LongArrayList.removeLong (0x000071df5ed5dc88) [0x000071df5ed5dd80, 0x000071df5ed5df00] Compiler: jvmci, Barriers: 1, Oops: 1, ImmediateOops: 0, NonImmediateOops: No
[2,926s][debug][gc,director    ] Rule Major: Warmup 10%, Used: 432MB, UsedThreshold: 1228MB
[2,926s][debug][gc,nmethod     ] Register NMethod: jdk.xml.internal.XMLSecurityPropertyManager.getIndex (0x000071df5ed5df88) [0x000071df5ed5e080, 0x000071df5ed5e690] Compiler: jvmci, Barriers: 1, Oops: 4, ImmediateOops: 12, NonImmediateOops: No
[2,927s][debug][gc,nmethod     ] Register NMethod: java.lang.String.<init> (0x000071df5ed5e708) [0x000071df5ed5e800, 0x000071df5ed5eb48] Compiler: jvmci, Barriers: 3, Oops: 0, ImmediateOops: 0, NonImmediateOops: No
[2,928s][debug][gc,nmethod     ] Register NMethod: io.sirix.node.xml.TextNode.getLeftSiblingKey (0x000071df5ed5eb88) [0x000071df5ed5ec80, 0x000071df5ed5ef18] Compiler: jvmci, Barriers: 4, Oops: 1, ImmediateOops: 0, NonImmediateOops: No
[2,930s][debug][gc,nmethod     ] Register NMethod: com.sun.org.apache.xerces.internal.impl.XMLEntityScanner.skipSpaces (0x000071df5ed5ef88) [0x000071df5ed5f080, 0x000071df5ed5f380] Compiler: jvmci, Barriers: 2, Oops: 0, ImmediateOops: 1, NonImmediateOops: No
[2,930s][debug][gc,nmethod     ] Register NMethod: io.sirix.utils.XMLToken.ncName (0x000071df5ed5f388) [0x000071df5ed5f480, 0x000071df5ed5f7d8] Compiler: jvmci, Barriers: 0, Oops: 1, ImmediateOops: 0, NonImmediateOops: No
[2,932s][debug][gc,nmethod     ] Register NMethod: io.sirix.access.trx.RevisionEpochTracker.minActiveRevision (0x000071df4006b508) [0x000071df4006b600, 0x000071df4006cf18] Compiler: c1, Barriers: 3, Oops: 8, ImmediateOops: 9, NonImmediateOops: No
[2,936s][debug][gc,nmethod     ] Register NMethod: jdk.internal.foreign.ArenaImpl.<init> (0x000071df5ed5f808) [0x000071df5ed5f900, 0x000071df5ed5fa20] Compiler: jvmci, Barriers: 3, Oops: 0, ImmediateOops: 0, NonImmediateOops: No
[2,936s][debug][gc,director    ] Rule Major: Warmup 10%, Used: 434MB, UsedThreshold: 1228MB
[2,937s][debug][gc,nmethod     ] Register NMethod: java.util.HashMap.computeIfAbsent (0x000071df5ed5fb08) [0x000071df5ed5fc20, 0x000071df5ed61e70] Compiler: jvmci, Barriers: 94, Oops: 1, ImmediateOops: 0, NonImmediateOops: No
[2,939s][debug][gc,nmethod     ] Register NMethod: io.sirix.node.xml.ElementNode.getFirstChildKey (0x000071df5ed61e88) [0x000071df5ed61f80, 0x000071df5ed62218] Compiler: jvmci, Barriers: 4, Oops: 1, ImmediateOops: 0, NonImmediateOops: No
[2,941s][debug][gc,nmethod     ] Register NMethod: io.sirix.axis.AbstractAxis.<init> (0x000071df5ed62288) [0x000071df5ed62380, 0x000071df5ed62af0] Compiler: jvmci, Barriers: 23, Oops: 1, ImmediateOops: 2, NonImmediateOops: No
[2,942s][debug][gc,nmethod     ] Register NMethod: io.sirix.node.xml.AbstractStructForwardingNode.hasRightSibling (0x000071df5ed62b08) [0x000071df5ed62c00, 0x000071df5ed62d18] Compiler: jvmci, Barriers: 1, Oops: 1, ImmediateOops: 0, NonImmediateOops: No
[2,943s][debug][gc,nmethod     ] Register NMethod: io.sirix.node.GrowingMemorySegment.<init> (0x000071df5ed62e08) [0x000071df5ed62f00, 0x000071df5ed63b90] Compiler: jvmci, Barriers: 22, Oops: 2, ImmediateOops: 6, NonImmediateOops: No
[2,944s][debug][gc,nmethod     ] Register NMethod: io.sirix.node.xml.AbstractStructForwardingNode.getRightSiblingKey (0x000071df5ed63c08) [0x000071df5ed63d00, 0x000071df5ed63e10] Compiler: jvmci, Barriers: 1, Oops: 1, ImmediateOops: 0, NonImmediateOops: No
[2,944s][debug][gc,nmethod     ] Register NMethod: io.sirix.node.GrowingMemorySegment.writeByte (0x000071df5ed63f08) [0x000071df5ed64000, 0x000071df5ed64428] Compiler: jvmci, Barriers: 6, Oops: 1, ImmediateOops: 0, NonImmediateOops: No
[2,945s][debug][gc,nmethod     ] Register NMethod: jdk.internal.foreign.ImplicitSession.<init> (0x000071df5ed64488) [0x000071df5ed64580, 0x000071df5ed65308] Compiler: jvmci, Barriers: 46, Oops: 1, ImmediateOops: 2, NonImmediateOops: No
[2,945s][debug][gc,nmethod     ] Register NMethod: java.lang.String.<init> (0x000071df5ed65388) [0x000071df5ed65480, 0x000071df5ed65800] Compiler: jvmci, Barriers: 3, Oops: 0, ImmediateOops: 0, NonImmediateOops: No
[2,946s][debug][gc,nmethod     ] Register NMethod: java.lang.String.encode (0x000071df5ed65808) [0x000071df5ed65900, 0x000071df5ed65ad8] Compiler: jvmci, Barriers: 0, Oops: 0, ImmediateOops: 1, NonImmediateOops: No
[2,946s][debug][gc,nmethod     ] Register NMethod: java.lang.String.encodeUTF8 (0x000071df5ed65b08) [0x000071df5ed65c00, 0x000071df5ed65db8] Compiler: jvmci, Barriers: 0, Oops: 0, ImmediateOops: 0, NonImmediateOops: No
[2,946s][debug][gc,director    ] Rule Major: Warmup 10%, Used: 436MB, UsedThreshold: 1228MB
[2,946s][debug][gc,nmethod     ] Register NMethod: com.sun.org.apache.xerces.internal.impl.XMLEntityScanner.scanQName (0x000071df5ed65e08) [0x000071df5ed65f00, 0x000071df5ed67150] Compiler: jvmci, Barriers: 28, Oops: 1, ImmediateOops: 3, NonImmediateOops: No
[2,946s][debug][gc,nmethod     ] Register NMethod: io.brackit.query.atomic.QNm.<init> (0x000071df5ed67188) [0x000071df5ed67280, 0x000071df5ed674c0] Compiler: jvmci, Barriers: 9, Oops: 1, ImmediateOops: 0, NonImmediateOops: No
[2,947s][debug][gc,nmethod     ] Register NMethod: jdk.xml.internal.XMLLimitAnalyzer.addValue (0x000071df5ed67508) [0x000071df5ed67600, 0x000071df5ed67808] Compiler: jvmci, Barriers: 2, Oops: 0, ImmediateOops: 0, NonImmediateOops: No
[2,947s][debug][gc,nmethod     ] Register NMethod: javax.xml.namespace.QName.<init> (0x000071df5ed67888) [0x000071df5ed67980, 0x000071df5ed67bd0] Compiler: jvmci, Barriers: 9, Oops: 0, ImmediateOops: 1, NonImmediateOops: No
[2,947s][debug][gc,nmethod     ] Register NMethod: com.sun.xml.internal.stream.util.ReadOnlyIterator.hasNext (0x000071df5ed67c08) [0x000071df5ed67d00, 0x000071df5ed67ec0] Compiler: jvmci, Barriers: 3, Oops: 0, ImmediateOops: 0, NonImmediateOops: No
[2,948s][debug][gc,nmethod     ] Register NMethod: com.sun.org.apache.xerces.internal.impl.XMLEntityScanner.scanContent (0x000071df5ed67f08) [0x000071df5ed680a0, 0x000071df5ed68b58] Compiler: jvmci, Barriers: 8, Oops: 0, ImmediateOops: 1, NonImmediateOops: No
[2,949s][debug][gc,nmethod     ] Register NMethod: java.lang.AbstractStringBuilder.ensureCapacitySameCoder (0x000071df5ed68b88) [0x000071df5ed68c80, 0x000071df5ed68fc0] Compiler: jvmci, Barriers: 0, Oops: 0, ImmediateOops: 0, NonImmediateOops: No
[2,950s][debug][gc,nmethod     ] Register NMethod: com.sun.org.apache.xerces.internal.xni.XMLString.toString (0x000071df5ed69008) [0x000071df5ed69100, 0x000071df5ed694e0] Compiler: jvmci, Barriers: 3, Oops: 1, ImmediateOops: 0, NonImmediateOops: No
[2,951s][debug][gc,nmethod     ] Register NMethod: io.sirix.node.AbstractForwardingNode.getParentKey (0x000071df5ed69508) [0x000071df5ed69600, 0x000071df5ed697a0] Compiler: jvmci, Barriers: 2, Oops: 1, ImmediateOops: 0, NonImmediateOops: No
[2,953s][debug][gc,nmethod     ] Register NMethod: jdk.internal.foreign.AbstractMemorySegmentImpl.asSlice (0x000071df5ed69808) [0x000071df5ed69900, 0x000071df5ed69ae8] Compiler: jvmci, Barriers: 3, Oops: 0, ImmediateOops: 0, NonImmediateOops: No
[2,953s][debug][gc,nmethod     ] Register NMethod: net.openhft.hashing.UnsafeAccess.byteOrder (0x000071df5ed69b08) [0x000071df5ed69c00, 0x000071df5ed69c90] Compiler: jvmci, Barriers: 0, Oops: 1, ImmediateOops: 1, NonImmediateOops: No
[2,954s][debug][gc,nmethod     ] Register NMethod: io.sirix.access.trx.node.AbstractNodeTrxImpl.checkAccessAndCommit (0x000071df5ed69e08) [0x000071df5ed69f00, 0x000071df5ed6a160] Compiler: jvmci, Barriers: 3, Oops: 1, ImmediateOops: 1, NonImmediateOops: No
[2,955s][debug][gc,nmethod     ] Register NMethod: io.sirix.access.trx.node.AbstractNodeTrxImpl.intermediateCommitIfRequired (0x000071df5ed6a188) [0x000071df5ed6a280, 0x000071df5ed6a3d8] Compiler: jvmci, Barriers: 1, Oops: 1, ImmediateOops: 0, NonImmediateOops: No
[2,955s][debug][gc,nmethod     ] Register NMethod: com.sun.org.apache.xerces.internal.impl.XMLNSDocumentScannerImpl.next (0x000071df5ed6a488) [0x000071df5ed6a580, 0x000071df5ed6a7e0] Compiler: jvmci, Barriers: 3, Oops: 0, ImmediateOops: 0, NonImmediateOops: No
[2,956s][debug][gc,director    ] Rule Major: Warmup 10%, Used: 438MB, UsedThreshold: 1228MB
[2,956s][debug][gc,nmethod     ] Register NMethod: io.sirix.access.trx.page.NodePageReadOnlyTrx.loadPage (0x000071df5ed6a808) [0x000071df5ed6a900, 0x000071df5ed6b250] Compiler: jvmci, Barriers: 19, Oops: 3, ImmediateOops: 0, NonImmediateOops: No
[2,958s][debug][gc,nmethod     ] Register NMethod: io.sirix.access.trx.node.AbstractNodeHashing.isValueNode (0x000071df5ed6b288) [0x000071df5ed6b380, 0x000071df5ed6b5a0] Compiler: jvmci, Barriers: 0, Oops: 1, ImmediateOops: 5, NonImmediateOops: No
[2,959s][debug][gc,nmethod     ] Register NMethod: java.util.HashSet.isEmpty (0x000071df5ed6b608) [0x000071df5ed6b700, 0x000071df5ed6b7e8] Compiler: jvmci, Barriers: 1, Oops: 0, ImmediateOops: 0, NonImmediateOops: No
[2,959s][debug][gc,nmethod     ] Register NMethod: com.sun.org.apache.xerces.internal.impl.XMLEntityScanner.skipString (0x000071df5ed6b908) [0x000071df5ed6ba00, 0x000071df5ed6c6c8] Compiler: jvmci, Barriers: 9, Oops: 0, ImmediateOops: 0, NonImmediateOops: No
[2,959s][debug][gc,nmethod     ] Register NMethod: io.sirix.node.xml.ElementNode.hasLeftSibling (0x000071df5ed6c708) [0x000071df5ed6c800, 0x000071df5ed6cab0] Compiler: jvmci, Barriers: 4, Oops: 1, ImmediateOops: 0, NonImmediateOops: No
[2,961s][debug][gc,nmethod     ] Register NMethod: com.sun.org.apache.xerces.internal.util.NamespaceSupport.pushContext (0x000071df5ed6cb08) [0x000071df5ed6cc00, 0x000071df5ed6cd40] Compiler: jvmci, Barriers: 1, Oops: 0, ImmediateOops: 0, NonImmediateOops: No
[2,961s][debug][gc,nmethod     ] Register NMethod: io.sirix.access.trx.page.NodePageTrx.createRecord (0x000071df5ed6ce08) [0x000071df5ed6cf00, 0x000071df5ed6e518] Compiler: jvmci, Barriers: 41, Oops: 3, ImmediateOops: 1, NonImmediateOops: No
[2,961s][debug][gc,nmethod     ] Register NMethod: io.sirix.page.KeyValueLeafPage.setRecord (0x000071df5ed6e588) [0x000071df5ed6e680, 0x000071df5ed6ea00] Compiler: jvmci, Barriers: 4, Oops: 1, ImmediateOops: 0, NonImmediateOops: No
[2,963s][debug][gc,nmethod     ] Register NMethod: com.sun.org.apache.xerces.internal.impl.XMLStreamReaderImpl.getLocalName (0x000071df5ed6ea88) [0x000071df5ed6eb80, 0x000071df5ed6f0d0] Compiler: jvmci, Barriers: 22, Oops: 0, ImmediateOops: 0, NonImmediateOops: No
[2,963s][debug][gc,nmethod     ] Register NMethod: com.sun.org.apache.xerces.internal.impl.XMLStreamReaderImpl.getPrefix (0x000071df5ed6f108) [0x000071df5ed6f200, 0x000071df5ed6f788] Compiler: jvmci, Barriers: 22, Oops: 0, ImmediateOops: 1, NonImmediateOops: No
[2,964s][debug][gc,nmethod     ] Register NMethod: java.lang.StringLatin1.trim (0x000071df5ed6f808) [0x000071df5ed6f900, 0x000071df5ed6fd98] Compiler: jvmci, Barriers: 2, Oops: 0, ImmediateOops: 2, NonImmediateOops: No
[2,966s][debug][gc,nmethod     ] Register NMethod: net.openhft.hashing.XXH3.XXH3_64bits_internal (0x000071df5ed6fe08) [0x000071df5ed6ff00, 0x000071df5ed723d0] Compiler: jvmci, Barriers: 0, Oops: 1, ImmediateOops: 0, NonImmediateOops: No
[2,966s][debug][gc,director    ] Rule Major: Warmup 10%, Used: 440MB, UsedThreshold: 1228MB
[2,968s][debug][gc,nmethod     ] Register NMethod: java.lang.StringBuilder.setLength (0x000071df5ed72408) [0x000071df5ed72500, 0x000071df5ed72948] Compiler: jvmci, Barriers: 4, Oops: 0, ImmediateOops: 0, NonImmediateOops: No
[2,968s][debug][gc,nmethod     ] Register NMethod: com.sun.xml.internal.stream.events.XMLEventAllocatorImpl.getQName (0x000071df5ed72988) [0x000071df5ed72a80, 0x000071df5ed73898] Compiler: jvmci, Barriers: 66, Oops: 1, ImmediateOops: 1, NonImmediateOops: No
[2,969s][debug][gc,nmethod     ] Register NMethod: io.sirix.access.trx.node.AbstractNodeReadOnlyTrx.storeDeweyIDs (0x000071df5ed73908) [0x000071df5ed73a00, 0x000071df5ed73b98] Compiler: jvmci, Barriers: 2, Oops: 1, ImmediateOops: 0, NonImmediateOops: No
[2,969s][debug][gc,nmethod     ] Register NMethod: java.lang.AbstractStringBuilder.setLength (0x000071df5ed73c08) [0x000071df5ed73d00, 0x000071df5ed74148] Compiler: jvmci, Barriers: 4, Oops: 0, ImmediateOops: 0, NonImmediateOops: No
[2,972s][debug][gc,nmethod     ] Register NMethod: jdk.xml.internal.JdkXmlUtils.getProperty (0x000071df5ed74188) [0x000071df5ed74280, 0x000071df5ed75638] Compiler: jvmci, Barriers: 31, Oops: 20, ImmediateOops: 20, NonImmediateOops: No
[2,973s][debug][gc,nmethod     ] Register NMethod: net.openhft.hashing.XXH3$AsLongHashFunction.hash (0x000071df5ed75708) [0x000071df5ed75800, 0x000071df5ed75928] Compiler: jvmci, Barriers: 0, Oops: 1, ImmediateOops: 1, NonImmediateOops: No
[2,975s][debug][gc,nmethod     ] Register NMethod: net.openhft.hashing.XXH3.access$500 (0x000071df5ed75a08) [0x000071df5ed75b00, 0x000071df5ed75b88] Compiler: jvmci, Barriers: 0, Oops: 1, ImmediateOops: 0, NonImmediateOops: No
[2,975s][debug][gc,nmethod     ] Register NMethod: io.sirix.node.xml.TextNode.getRightSiblingKey (0x000071df5ed75d08) [0x000071df5ed75e00, 0x000071df5ed76098] Compiler: jvmci, Barriers: 4, Oops: 1, ImmediateOops: 0, NonImmediateOops: No
[2,975s][debug][gc,nmethod     ] Register NMethod: java.lang.String.trim (0x000071df5ed76108) [0x000071df5ed76200, 0x000071df5ed76728] Compiler: jvmci, Barriers: 3, Oops: 0, ImmediateOops: 1, NonImmediateOops: No
[2,975s][debug][gc,nmethod     ] Register NMethod: com.sun.org.apache.xerces.internal.impl.XMLEntityScanner.peekChar (0x000071df5ed76788) [0x000071df5ed76880, 0x000071df5ed76b98] Compiler: jvmci, Barriers: 4, Oops: 0, ImmediateOops: 0, NonImmediateOops: No
[2,976s][debug][gc,nmethod     ] Register NMethod: io.sirix.access.trx.node.AbstractIndexController.notifyChange (0x000071df5ed76c08) [0x000071df5ed76d00, 0x000071df5ed76e80] Compiler: jvmci, Barriers: 2, Oops: 1, ImmediateOops: 0, NonImmediateOops: No
[2,976s][debug][gc,director    ] Rule Major: Warmup 10%, Used: 444MB, UsedThreshold: 1228MB
[2,977s][debug][gc,nmethod     ] Register NMethod: com.sun.xml.internal.stream.events.DummyEvent.asCharacters (0x000071df5ed76f08) [0x000071df5ed77000, 0x000071df5ed770c0] Compiler: jvmci, Barriers: 0, Oops: 0, ImmediateOops: 0, NonImmediateOops: No
[2,978s][debug][gc,nmethod     ] Register NMethod: io.sirix.node.xml.ElementNode.getPathNodeKey (0x000071df5ed77208) [0x000071df5ed77300, 0x000071df5ed77598] Compiler: jvmci, Barriers: 4, Oops: 1, ImmediateOops: 0, NonImmediateOops: No
[2,979s][debug][gc,nmethod     ] Register NMethod: com.sun.xml.internal.stream.XMLEventReaderImpl.peek (0x000071df5ed77608) [0x000071df5ed77700, 0x000071df5ed77c28] Compiler: jvmci, Barriers: 11, Oops: 0, ImmediateOops: 0, NonImmediateOops: No
[2,980s][debug][gc,nmethod     ] Register NMethod: net.openhft.hashing.LongHashFunction.unsafeHash (0x000071df5ed77c88) [0x000071df5ed77d80, 0x000071df5ed77e88] Compiler: jvmci, Barriers: 0, Oops: 1, ImmediateOops: 2, NonImmediateOops: No
[2,982s][debug][gc,nmethod     ] Register NMethod: io.sirix.node.xml.ElementNode.incrementChildCount (0x000071df5ed77f88) [0x000071df5ed78080, 0x000071df5ed78388] Compiler: jvmci, Barriers: 5, Oops: 1, ImmediateOops: 0, NonImmediateOops: No
[2,983s][debug][gc,nmethod     ] Register NMethod: com.sun.org.apache.xerces.internal.impl.XMLStreamReaderImpl.getText (0x000071df5ed78408) [0x000071df5ed78500, 0x000071df5ed78a10] Compiler: jvmci, Barriers: 6, Oops: 1, ImmediateOops: 0, NonImmediateOops: No
[2,984s][debug][gc,nmethod     ] Register NMethod: it.unimi.dsi.fastutil.ints.Int2LongOpenHashMap.get (0x000071df5ed78a88) [0x000071df5ed78b80, 0x000071df5ed78ee0] Compiler: jvmci, Barriers: 2, Oops: 1, ImmediateOops: 0, NonImmediateOops: No
[2,986s][debug][gc,director    ] Rule Major: Warmup 10%, Used: 450MB, UsedThreshold: 1228MB
[2,986s][debug][gc,nmethod     ] Register NMethod: it.unimi.dsi.fastutil.ints.Int2ObjectOpenHashMap.get (0x000071df5ed78f08) [0x000071df5ed79000, 0x000071df5ed79478] Compiler: jvmci, Barriers: 7, Oops: 1, ImmediateOops: 0, NonImmediateOops: No
[2,987s][debug][gc,nmethod     ] Register NMethod: io.sirix.node.xml.ElementNode.setChildCount (0x000071df5ed79488) [0x000071df5ed79580, 0x000071df5ed798a0] Compiler: jvmci, Barriers: 5, Oops: 1, ImmediateOops: 0, NonImmediateOops: No
[2,987s][debug][gc,nmethod     ] Register NMethod: it.unimi.dsi.fastutil.ints.Int2IntOpenHashMap.get (0x000071df5ed79908) [0x000071df5ed79a00, 0x000071df5ed79d60] Compiler: jvmci, Barriers: 2, Oops: 1, ImmediateOops: 0, NonImmediateOops: No
[2,987s][debug][gc,nmethod     ] Register NMethod: com.sun.org.apache.xerces.internal.impl.XMLDocumentFragmentScannerImpl.getAttributeIterator (0x000071df5ed79d88) [0x000071df5ed79e80, 0x000071df5ed79fa8] Compiler: jvmci, Barriers: 2, Oops: 0, ImmediateOops: 0, NonImmediateOops: No
[2,988s][debug][gc,nmethod     ] Register NMethod: com.sun.org.apache.xerces.internal.impl.XMLEntityScanner.scanChar (0x000071df5ed7a088) [0x000071df5ed7a180, 0x000071df5ed7a3a8] Compiler: jvmci, Barriers: 2, Oops: 0, ImmediateOops: 0, NonImmediateOops: No
[2,989s][debug][gc,nmethod     ] Register NMethod: io.sirix.service.xml.shredder.AbstractShredder.processText (0x000071df5ed7a408) [0x000071df5ed7a500, 0x000071df5ed7b128] Compiler: jvmci, Barriers: 15, Oops: 1, ImmediateOops: 1, NonImmediateOops: No
[2,990s][debug][gc,nmethod     ] Register NMethod: io.brackit.query.atomic.QNm.atomicCmpInternal (0x000071df4006cf88) [0x000071df4006d080, 0x000071df4006d8b0] Compiler: c1, Barriers: 4, Oops: 1, ImmediateOops: 0, NonImmediateOops: No
[2,990s][debug][gc,nmethod     ] Register NMethod: io.sirix.node.xml.AttributeNode.getParentKey (0x000071df5ed7b188) [0x000071df5ed7b280, 0x000071df5ed7b518] Compiler: jvmci, Barriers: 4, Oops: 1, ImmediateOops: 0, NonImmediateOops: No
[2,990s][debug][gc,nmethod     ] Register NMethod: io.brackit.query.atomic.AbstractAtomic.atomicCmp (0x000071df4006d908) [0x000071df4006da00, 0x000071df4006e3b8] Compiler: c1, Barriers: 4, Oops: 1, ImmediateOops: 0, NonImmediateOops: No
[2,990s][debug][gc,nmethod     ] Register NMethod: io.sirix.node.xml.TextNode.hasLeftSibling (0x000071df5ed7b588) [0x000071df5ed7b680, 0x000071df5ed7b930] Compiler: jvmci, Barriers: 4, Oops: 1, ImmediateOops: 0, NonImmediateOops: No
[2,991s][debug][gc,nmethod     ] Register NMethod: sun.misc.Unsafe.isMemoryAccessWarned (0x000071df5ed7b988) [0x000071df5ed7ba80, 0x000071df5ed7bae8] Compiler: jvmci, Barriers: 0, Oops: 0, ImmediateOops: 0, NonImmediateOops: No
[2,991s][debug][gc,nmethod     ] Register NMethod: java.nio.MappedByteBuffer.limit (0x000071df5ed7bc88) [0x000071df5ed7bd80, 0x000071df5ed7be90] Compiler: jvmci, Barriers: 0, Oops: 0, ImmediateOops: 0, NonImmediateOops: No
[2,992s][debug][gc,nmethod     ] Register NMethod: io.sirix.access.trx.page.NodePageTrx.createNameKey (0x000071df5ed7bf88) [0x000071df5ed7c080, 0x000071df5ed7c4c8] Compiler: jvmci, Barriers: 6, Oops: 1, ImmediateOops: 0, NonImmediateOops: No
[2,993s][debug][gc,nmethod     ] Register NMethod: java.nio.MappedByteBuffer.rewind (0x000071df5ed7c508) [0x000071df5ed7c600, 0x000071df5ed7c698] Compiler: jvmci, Barriers: 0, Oops: 0, ImmediateOops: 0, NonImmediateOops: No
[2,993s][debug][gc,nmethod     ] Register NMethod: java.util.ArrayList.grow (0x000071df5ed7c808) [0x000071df5ed7c900, 0x000071df5ed7cea0] Compiler: jvmci, Barriers: 13, Oops: 0, ImmediateOops: 1, NonImmediateOops: No
[2,994s][debug][gc,nmethod     ] Register NMethod: io.sirix.node.xml.AbstractStructForwardingNode.getFirstChildKey (0x000071df5ed7cf08) [0x000071df5ed7d000, 0x000071df5ed7d1a0] Compiler: jvmci, Barriers: 2, Oops: 1, ImmediateOops: 0, NonImmediateOops: No
[2,994s][debug][gc,nmethod     ] Register NMethod: java.util.ArrayList.getFirst (0x000071df5ed7d208) [0x000071df5ed7d300, 0x000071df5ed7d458] Compiler: jvmci, Barriers: 2, Oops: 0, ImmediateOops: 0, NonImmediateOops: No
[2,995s][debug][gc,nmethod     ] Register NMethod: java.nio.charset.Charset.defaultCharset (0x000071df5ed7d508) [0x000071df5ed7d600, 0x000071df5ed7d670] Compiler: jvmci, Barriers: 0, Oops: 0, ImmediateOops: 1, NonImmediateOops: No
[2,995s][debug][gc,nmethod     ] Register NMethod: io.sirix.node.xml.AbstractStructForwardingNode.<init> (0x000071df4006e408) [0x000071df4006e500, 0x000071df4006e718] Compiler: c1, Barriers: 0, Oops: 1, ImmediateOops: 0, NonImmediateOops: No
[2,995s][debug][gc,nmethod     ] Register NMethod: com.sun.org.apache.xerces.internal.util.NamespaceSupport.getURI (0x000071df5ed7d808) [0x000071df5ed7d900, 0x000071df5ed7dae8] Compiler: jvmci, Barriers: 2, Oops: 0, ImmediateOops: 0, NonImmediateOops: No
[2,996s][debug][gc,nmethod     ] Register NMethod: io.sirix.node.xml.AbstractStructForwardingNode.hasFirstChild (0x000071df5ed7db08) [0x000071df5ed7dc00, 0x000071df5ed7dd18] Compiler: jvmci, Barriers: 1, Oops: 1, ImmediateOops: 0, NonImmediateOops: No
[2,996s][debug][gc,nmethod     ] Register NMethod: io.sirix.page.NamePage.setName (0x000071df5ed7de08) [0x000071df5ed7df00, 0x000071df5ed7e1d0] Compiler: jvmci, Barriers: 3, Oops: 1, ImmediateOops: 0, NonImmediateOops: No
[2,996s][debug][gc,nmethod     ] Register NMethod: io.sirix.index.path.summary.PathSummaryReader.putMapping (0x000071df5ed7e208) [0x000071df5ed7e300, 0x000071df5ed7e618] Compiler: jvmci, Barriers: 4, Oops: 1, ImmediateOops: 0, NonImmediateOops: No
[2,996s][debug][gc,nmethod     ] Register NMethod: com.sun.org.apache.xerces.internal.util.XMLStringBuffer.clear (0x000071df4006e788) [0x000071df4006e880, 0x000071df4006e990] Compiler: c1, Barriers: 0, Oops: 0, ImmediateOops: 0, NonImmediateOops: No
[2,997s][debug][gc,director    ] Rule Major: Warmup 10%, Used: 454MB, UsedThreshold: 1228MB
[2,998s][debug][gc,nmethod     ] Register NMethod: com.sun.org.apache.xerces.internal.impl.XMLDocumentFragmentScannerImpl.bufferContent (0x000071df4006ea88) [0x000071df4006eb80, 0x000071df4006f1c0] Compiler: c1, Barriers: 4, Oops: 0, ImmediateOops: 0, NonImmediateOops: No
[3,000s][debug][gc,nmethod     ] Register NMethod: com.sun.org.apache.xerces.internal.impl.XMLScanner.isInvalidLiteral (0x000071df4006f208) [0x000071df4006f300, 0x000071df4006f4e8] Compiler: c1, Barriers: 0, Oops: 0, ImmediateOops: 0, NonImmediateOops: No
[3,002s][debug][gc,nmethod     ] Register NMethod: com.sun.org.apache.xerces.internal.impl.XMLDocumentFragmentScannerImpl$FragmentContentDriver.next (0x000071df4006f508) [0x000071df4006f600, 0x000071df4007d410] Compiler: c1, Barriers: 140, Oops: 1, ImmediateOops: 14, NonImmediateOops: No
[3,002s][debug][gc,nmethod     ] Register NMethod: com.sun.org.apache.xerces.internal.impl.XMLDocumentFragmentScannerImpl.seekCloseOfStartTag (0x000071df5ed7e688) [0x000071df5ed7e780, 0x000071df5ed7ef68] Compiler: jvmci, Barriers: 5, Oops: 1, ImmediateOops: 2, NonImmediateOops: No
[3,003s][debug][gc,nmethod     ] Register NMethod: io.brackit.query.atomic.AbstractAtomic.equals (0x000071df4007d488) [0x000071df4007d580, 0x000071df4007dd50] Compiler: c1, Barriers: 0, Oops: 1, ImmediateOops: 0, NonImmediateOops: No
[3,007s][debug][gc,nmethod     ] Register NMethod: com.sun.org.apache.xerces.internal.impl.XMLEntityScanner.scanQName (0x000071df4007dd88) [0x000071df4007de80, 0x000071df40080260] Compiler: c1, Barriers: 55, Oops: 2, ImmediateOops: 10, NonImmediateOops: No
[3,007s][debug][gc,director    ] Rule Major: Warmup 10%, Used: 458MB, UsedThreshold: 1228MB
[3,007s][debug][gc,nmethod     ] Register NMethod: java.io.FileInputStream.read (0x000071df40080288) [0x000071df40080380, 0x000071df400805d8] Compiler: c1, Barriers: 0, Oops: 0, ImmediateOops: 1, NonImmediateOops: No
[3,012s][debug][gc,nmethod     ] Register NMethod: io.sirix.index.path.summary.PathSummaryWriter.getPathNodeKey (0x000071df5ed7ef88) [0x000071df5ed7f080, 0x000071df5ed80880] Compiler: jvmci, Barriers: 53, Oops: 5, ImmediateOops: 7, NonImmediateOops: No
[3,014s][debug][gc,nmethod     ] Register NMethod: io.sirix.access.trx.node.xml.XmlNodeTrxImpl.adaptForInsert (0x000071df5ed80908) [0x000071df5ed80a00, 0x000071df5ed83b58] Compiler: jvmci, Barriers: 79, Oops: 4, ImmediateOops: 1, NonImmediateOops: No
[3,017s][debug][gc,director    ] Rule Major: Warmup 10%, Used: 464MB, UsedThreshold: 1228MB
[3,020s][debug][gc,alloc       ] Mutator Allocation Rate: 293,5MB/s Predicted: 366,5MB/s, Avg: 248,7(+/-64,1)MB/s
[3,020s][debug][gc,director    ] Rule Major: Warmup 10%, Used: 466MB, UsedThreshold: 1228MB
[3,020s][debug][gc,nmethod     ] Register NMethod: io.sirix.utils.XMLToken.isValidQName (0x000071df5ed83b88) [0x000071df5ed83e00, 0x000071df5ed84ce0] Compiler: jvmci, Barriers: 4, Oops: 1, ImmediateOops: 0, NonImmediateOops: No
[3,021s][debug][gc,nmethod     ] Register NMethod: com.sun.org.apache.xerces.internal.util.XMLChar.isNameStart (0x000071df5ed84d08) [0x000071df5ed84e00, 0x000071df5ed84ec8] Compiler: jvmci, Barriers: 0, Oops: 0, ImmediateOops: 1, NonImmediateOops: No
[3,023s][debug][gc,nmethod     ] Register NMethod: io.sirix.access.trx.page.NodePageReadOnlyTrx.getNamePage (0x000071df5ed85008) [0x000071df5ed85100, 0x000071df5ed867e0] Compiler: jvmci, Barriers: 40, Oops: 3, ImmediateOops: 0, NonImmediateOops: No
[3,026s][debug][gc,nmethod     ] Register NMethod: io.sirix.axis.filter.FilterAxis.<init> (0x000071df5ed86808) [0x000071df5ed86900, 0x000071df5ed87c90] Compiler: jvmci, Barriers: 51, Oops: 1, ImmediateOops: 3, NonImmediateOops: No
[3,027s][debug][gc,nmethod     ] Register NMethod: io.sirix.axis.filter.PathNameFilter.<init> (0x000071df5ed87d08) [0x000071df5ed87e00, 0x000071df5ed88110] Compiler: jvmci, Barriers: 4, Oops: 1, ImmediateOops: 0, NonImmediateOops: No
[3,027s][debug][gc,nmethod     ] Register NMethod: java.util.ArrayList.getLast (0x000071df5ed88188) [0x000071df5ed88280, 0x000071df5ed883d0] Compiler: jvmci, Barriers: 2, Oops: 0, ImmediateOops: 0, NonImmediateOops: No
[3,029s][debug][gc,nmethod     ] Register NMethod: io.sirix.node.immutable.xml.ImmutableElement.getPathNodeKey (0x000071df5ed88488) [0x000071df5ed88580, 0x000071df5ed88870] Compiler: jvmci, Barriers: 5, Oops: 1, ImmediateOops: 0, NonImmediateOops: No
[3,030s][debug][gc,director    ] Rule Major: Warmup 10%, Used: 470MB, UsedThreshold: 1228MB
[3,031s][debug][gc,nmethod     ] Register NMethod: io.sirix.axis.filter.PathKindFilter.filter (0x000071df5ed88888) [0x000071df5ed88980, 0x000071df5ed88bc0] Compiler: jvmci, Barriers: 4, Oops: 1, ImmediateOops: 0, NonImmediateOops: No
[3,032s][debug][gc,nmethod     ] Register NMethod: io.sirix.access.trx.RevisionEpochTracker.minActiveRevision (0x000071df40080608) [0x000071df40080700, 0x000071df40081f68] Compiler: c1, Barriers: 3, Oops: 8, ImmediateOops: 9, NonImmediateOops: No
[3,032s][debug][gc,nmethod     ] Register NMethod: com.sun.org.apache.xerces.internal.impl.XMLEntityScanner.skipSpaces (0x000071df40082008) [0x000071df40082100, 0x000071df40083390] Compiler: c1, Barriers: 16, Oops: 0, ImmediateOops: 2, NonImmediateOops: No
[3,035s][debug][gc,nmethod     ] Register NMethod: com.sun.org.apache.xerces.internal.impl.XMLDocumentFragmentScannerImpl$FragmentContentDriver.next (0x000071df5ed88c08) [0x000071df5ed88d00, 0x000071df5ed8a9b8] Compiler: jvmci, Barriers: 43, Oops: 1, ImmediateOops: 1, NonImmediateOops: No
[3,040s][debug][gc,director    ] Rule Major: Warmup 10%, Used: 476MB, UsedThreshold: 1228MB
[3,041s][debug][gc,nmethod     ] Register NMethod: io.sirix.index.name.Names.setName (0x000071df5ed8aa08) [0x000071df5ed8ab00, 0x000071df5ed8d270] Compiler: jvmci, Barriers: 51, Oops: 5, ImmediateOops: 4, NonImmediateOops: No
[3,043s][debug][gc,nmethod     ] Register NMethod: io.sirix.access.trx.page.NodePageTrx$$Lambda/0x00000000ae23c270.<init> (0x000071df40083408) [0x000071df40083500, 0x000071df40083750] Compiler: c1, Barriers: 6, Oops: 1, ImmediateOops: 0, NonImmediateOops: No
[3,043s][debug][gc,nmethod     ] Register NMethod: jdk.internal.foreign.AbstractMemorySegmentImpl.checkArraySize (0x000071df5ed8d308) [0x000071df5ed8d400, 0x000071df5ed8d4e8] Compiler: jvmci, Barriers: 0, Oops: 0, ImmediateOops: 0, NonImmediateOops: No
[3,043s][debug][gc,nmethod     ] Register NMethod: io.sirix.access.trx.node.AbstractNodeReadOnlyTrx.moveToParent (0x000071df5ed8d608) [0x000071df5ed8d700, 0x000071df5ed8e708] Compiler: jvmci, Barriers: 28, Oops: 2, ImmediateOops: 1, NonImmediateOops: No
[3,044s][debug][gc,nmethod     ] Register NMethod: com.sun.xml.internal.stream.events.XMLEventAllocatorImpl.fillAttributes (0x000071df5ed8e788) [0x000071df5ed8e880, 0x000071df5ed90a00] Compiler: jvmci, Barriers: 103, Oops: 5, ImmediateOops: 3, NonImmediateOops: No
[3,045s][debug][gc,nmethod     ] Register NMethod: io.sirix.index.name.Names.getName (0x000071df40083788) [0x000071df40083880, 0x000071df40083d38] Compiler: c1, Barriers: 1, Oops: 1, ImmediateOops: 1, NonImmediateOops: No
[3,045s][debug][gc,nmethod     ] Register NMethod: jdk.internal.foreign.NativeMemorySegmentImpl.makeByteBuffer (0x000071df5ed90a88) [0x000071df5ed90b80, 0x000071df5ed90d18] Compiler: jvmci, Barriers: 2, Oops: 0, ImmediateOops: 0, NonImmediateOops: No
[3,046s][debug][gc,nmethod     ] Register NMethod: java.nio.Buffer$2.newDirectByteBuffer (0x000071df5ed90d88) [0x000071df5ed90e80, 0x000071df5ed91020] Compiler: jvmci, Barriers: 4, Oops: 0, ImmediateOops: 0, NonImmediateOops: No
[3,046s][debug][gc,nmethod     ] Register NMethod: io.sirix.page.NamePage.getName (0x000071df40083d88) [0x000071df40083e80, 0x000071df400854d0] Compiler: c1, Barriers: 25, Oops: 1, ImmediateOops: 4, NonImmediateOops: No
[3,047s][debug][gc,nmethod     ] Register NMethod: java.nio.DirectByteBuffer.<init> (0x000071df5ed91088) [0x000071df5ed91180, 0x000071df5ed91460] Compiler: jvmci, Barriers: 12, Oops: 0, ImmediateOops: 0, NonImmediateOops: No
[3,048s][debug][gc,nmethod     ] Register NMethod: java.nio.DirectByteBuffer.address (0x000071df5ed91488) [0x000071df5ed91580, 0x000071df5ed91748] Compiler: jvmci, Barriers: 3, Oops: 0, ImmediateOops: 0, NonImmediateOops: No
[3,049s][debug][gc,nmethod     ] Register NMethod: io.sirix.node.xml.ElementNode.<init> (0x000071df5ed91788) [0x000071df5ed91880, 0x000071df5ed91d00] Compiler: jvmci, Barriers: 19, Oops: 1, ImmediateOops: 1, NonImmediateOops: No
[3,050s][debug][gc,nmethod     ] Register NMethod: com.sun.org.apache.xerces.internal.impl.XMLNSDocumentScannerImpl.scanStartElement (0x000071df5ed91d88) [0x000071df5ed91e80, 0x000071df5ed94120] Compiler: jvmci, Barriers: 81, Oops: 1, ImmediateOops: 6, NonImmediateOops: No
[3,050s][debug][gc,nmethod     ] Register NMethod: java.util.HashMap.values (0x000071df5ed94188) [0x000071df5ed94280, 0x000071df5ed94470] Compiler: jvmci, Barriers: 6, Oops: 0, ImmediateOops: 0, NonImmediateOops: No
[3,050s][debug][gc,director    ] Rule Major: Warmup 10%, Used: 480MB, UsedThreshold: 1228MB
[3,051s][debug][gc,nmethod     ] Register NMethod: io.sirix.node.GrowingMemorySegment.toByteArray (0x000071df5ed94488) [0x000071df5ed94580, 0x000071df5ed94a10] Compiler: jvmci, Barriers: 4, Oops: 1, ImmediateOops: 0, NonImmediateOops: No
[3,052s][debug][gc,nmethod     ] Register NMethod: net.openhft.hashing.LongHashFunction.hashByteBuffer (0x000071df5ed94a88) [0x000071df5ed94b80, 0x000071df5ed94e38] Compiler: jvmci, Barriers: 4, Oops: 1, ImmediateOops: 2, NonImmediateOops: No
[3,053s][debug][gc,nmethod     ] Register NMethod: io.sirix.index.path.summary.PathSummaryWriter.movePathSummary (0x000071df5ed94e88) [0x000071df5ed94f80, 0x000071df5ed96778] Compiler: jvmci, Barriers: 40, Oops: 2, ImmediateOops: 4, NonImmediateOops: No
[3,053s][debug][gc,nmethod     ] Register NMethod: java.util.HashMap$Values.iterator (0x000071df5ed96808) [0x000071df5ed96900, 0x000071df5ed96c90] Compiler: jvmci, Barriers: 9, Oops: 1, ImmediateOops: 0, NonImmediateOops: No
[3,053s][debug][gc,nmethod     ] Register NMethod: com.sun.xml.internal.stream.events.DummyEvent.asStartElement (0x000071df5ed96d08) [0x000071df5ed96e00, 0x000071df5ed96ec0] Compiler: jvmci, Barriers: 0, Oops: 0, ImmediateOops: 0, NonImmediateOops: No
[3,055s][debug][gc,nmethod     ] Register NMethod: io.sirix.node.delegates.StructNodeDelegate.<init> (0x000071df40085508) [0x000071df40085600, 0x000071df40085ba0] Compiler: c1, Barriers: 3, Oops: 1, ImmediateOops: 2, NonImmediateOops: No
[3,057s][debug][gc,nmethod     ] Register NMethod: net.openhft.hashing.LongHashFunction.hashBytes (0x000071df5ed97008) [0x000071df5ed97100, 0x000071df5ed97228] Compiler: jvmci, Barriers: 0, Oops: 1, ImmediateOops: 2, NonImmediateOops: No
[3,057s][debug][gc,nmethod     ] Register NMethod: com.sun.org.apache.xerces.internal.util.NamespaceSupport.<init> (0x000071df5ed97308) [0x000071df5ed97400, 0x000071df5ed979c0] Compiler: jvmci, Barriers: 11, Oops: 0, ImmediateOops: 0, NonImmediateOops: No
[3,059s][debug][gc,nmethod     ] Register NMethod: io.sirix.node.delegates.StructNodeDelegate.setLeftSiblingKey (0x000071df5ed97a08) [0x000071df5ed97b00, 0x000071df5ed97bc0] Compiler: c1, Barriers: 0, Oops: 1, ImmediateOops: 0, NonImmediateOops: No
[3,060s][debug][gc,nmethod     ] Register NMethod: io.sirix.page.PathSummaryPage.getMaxNodeKey (0x000071df40085c08) [0x000071df40085d00, 0x000071df40085eb8] Compiler: c1, Barriers: 1, Oops: 1, ImmediateOops: 0, NonImmediateOops: No
[3,060s][debug][gc,nmethod     ] Register NMethod: io.sirix.node.delegates.NodeDelegate.<init> (0x000071df40085f08) [0x000071df40086000, 0x000071df40086558] Compiler: c1, Barriers: 6, Oops: 1, ImmediateOops: 1, NonImmediateOops: No
[3,060s][debug][gc,nmethod     ] Register NMethod: io.sirix.node.delegates.NameNodeDelegate.<init> (0x000071df40086588) [0x000071df40086680, 0x000071df40086a30] Compiler: c1, Barriers: 3, Oops: 1, ImmediateOops: 1, NonImmediateOops: No
[3,060s][debug][gc,director    ] Rule Major: Warmup 10%, Used: 486MB, UsedThreshold: 1228MB
[3,060s][debug][gc,nmethod     ] Register NMethod: io.sirix.index.path.summary.PathNode.hashCode (0x000071df40086a88) [0x000071df40086b80, 0x000071df400873c0] Compiler: c1, Barriers: 8, Oops: 1, ImmediateOops: 0, NonImmediateOops: No
[3,061s][debug][gc,nmethod     ] Register NMethod: io.sirix.node.delegates.NodeDelegate.hashCode (0x000071df40087408) [0x000071df40087500, 0x000071df40088268] Compiler: c1, Barriers: 10, Oops: 1, ImmediateOops: 1, NonImmediateOops: No
[3,061s][debug][gc,nmethod     ] Register NMethod: io.sirix.index.path.summary.PathNode.<init> (0x000071df40088288) [0x000071df40088380, 0x000071df40088fc8] Compiler: c1, Barriers: 15, Oops: 2, ImmediateOops: 2, NonImmediateOops: No
[3,061s][debug][gc,nmethod     ] Register NMethod: io.sirix.index.path.summary.PathSummaryReader.getName (0x000071df40089008) [0x000071df40089100, 0x000071df4008c0b8] Compiler: c1, Barriers: 12, Oops: 1, ImmediateOops: 5, NonImmediateOops: No
[3,061s][debug][gc,nmethod     ] Register NMethod: io.sirix.node.delegates.NameNodeDelegate.hashCode (0x000071df4008c108) [0x000071df4008c200, 0x000071df4008d3d8] Compiler: c1, Barriers: 12, Oops: 1, ImmediateOops: 3, NonImmediateOops: No
[3,064s][debug][gc,nmethod     ] Register NMethod: io.sirix.access.trx.page.AbstractForwardingPageReadOnlyTrx.getPathSummaryPage (0x000071df4008d408) [0x000071df4008d500, 0x000071df4008e5a8] Compiler: c1, Barriers: 5, Oops: 1, ImmediateOops: 1, NonImmediateOops: No
[3,071s][debug][gc,director    ] Rule Major: Warmup 10%, Used: 492MB, UsedThreshold: 1228MB
[3,074s][debug][gc,nmethod     ] Register NMethod: com.sun.org.apache.xerces.internal.impl.XMLEntityScanner.scanQName (0x000071df5ed97d08) [0x000071df5ed97e00, 0x000071df5ed991b8] Compiler: jvmci, Barriers: 30, Oops: 1, ImmediateOops: 3, NonImmediateOops: No
[3,076s][debug][gc,nmethod     ] Register NMethod: io.sirix.service.xml.shredder.XmlShredder.addNewElement (0x000071df5ed99208) [0x000071df5ed99300, 0x000071df5ed9a070] Compiler: jvmci, Barriers: 38, Oops: 3, ImmediateOops: 1, NonImmediateOops: No
[3,077s][debug][gc,nmethod     ] Register NMethod: io.sirix.index.path.summary.PathSummaryReader.assertNotClosed (0x000071df5ed9a108) [0x000071df5ed9a200, 0x000071df5ed9a2b8] Compiler: jvmci, Barriers: 0, Oops: 1, ImmediateOops: 0, NonImmediateOops: No
[3,078s][debug][gc,nmethod     ] Register NMethod: com.sun.xml.internal.stream.events.DummyEvent.asEndElement (0x000071df5ed9a408) [0x000071df5ed9a500, 0x000071df5ed9a5c0] Compiler: jvmci, Barriers: 0, Oops: 0, ImmediateOops: 0, NonImmediateOops: No
[3,080s][debug][gc,nmethod     ] Register NMethod: io.sirix.node.delegates.StructNodeDelegate.incrementChildCount (0x000071df4008e608) [0x000071df4008e700, 0x000071df4008e810] Compiler: c1, Barriers: 0, Oops: 1, ImmediateOops: 0, NonImmediateOops: No
[3,080s][debug][gc,nmethod     ] Register NMethod: io.sirix.node.xml.AbstractStructForwardingNode.setFirstChildKey (0x000071df4008e908) [0x000071df4008ea00, 0x000071df4008ed40] Compiler: c1, Barriers: 0, Oops: 1, ImmediateOops: 0, NonImmediateOops: No
[3,080s][debug][gc,nmethod     ] Register NMethod: io.sirix.node.xml.AbstractStructForwardingNode.incrementChildCount (0x000071df4008ed88) [0x000071df4008ee80, 0x000071df4008f1d0] Compiler: c1, Barriers: 0, Oops: 1, ImmediateOops: 0, NonImmediateOops: No
[3,081s][debug][gc,director    ] Rule Major: Warmup 10%, Used: 498MB, UsedThreshold: 1228MB
[3,087s][debug][gc,nmethod     ] Register NMethod: io.sirix.service.xml.shredder.XmlShredder.insertNewContent (0x000071df4008f208) [0x000071df4008f300, 0x000071df40096b80] Compiler: c1, Barriers: 24, Oops: 1, ImmediateOops: 1, NonImmediateOops: No
[3,091s][debug][gc,director    ] Rule Major: Warmup 10%, Used: 502MB, UsedThreshold: 1228MB
[3,092s][debug][gc,nmethod     ] Register NMethod: io.sirix.service.xml.shredder.XmlShredder.insertNewContent (0x000071df40096c08) [0x000071df40096d00, 0x000071df4009e378] Compiler: c1, Barriers: 24, Oops: 1, ImmediateOops: 1, NonImmediateOops: No
[3,093s][debug][gc,nmethod     ] Register NMethod: io.sirix.service.xml.shredder.AbstractShredder.processEndTag (0x000071df5ed9a708) [0x000071df5ed9a800, 0x000071df5ed9b3c8] Compiler: jvmci, Barriers: 19, Oops: 2, ImmediateOops: 1, NonImmediateOops: No
[3,093s][debug][gc,nmethod     ] Register NMethod: io.sirix.axis.filter.FilterAxis.nextKey (0x000071df5ed9b408) [0x000071df5ed9b500, 0x000071df5ed9c860] Compiler: jvmci, Barriers: 39, Oops: 2, ImmediateOops: 3, NonImmediateOops: No
[3,096s][debug][gc,nmethod     ] Register NMethod: io.sirix.access.trx.node.xml.XmlNodeFactoryImpl.createElementNode (0x000071df5ed9c888) [0x000071df5ed9c980, 0x000071df5eda14f0] Compiler: jvmci, Barriers: 121, Oops: 2, ImmediateOops: 4, NonImmediateOops: No
[3,098s][debug][gc,nmethod     ] Register NMethod: io.sirix.access.trx.node.AbstractDeweyIDManager.newRightSiblingID (0x000071df5eda1508) [0x000071df5eda1600, 0x000071df5eda1890] Compiler: jvmci, Barriers: 4, Oops: 1, ImmediateOops: 0, NonImmediateOops: No
[3,098s][debug][gc,nmethod     ] Register NMethod: com.sun.org.apache.xerces.internal.impl.XMLEntityScanner.skipSpaces (0x000071df5eda1908) [0x000071df5eda1a00, 0x000071df5eda1f68] Compiler: jvmci, Barriers: 4, Oops: 0, ImmediateOops: 2, NonImmediateOops: No
[3,098s][debug][gc,nmethod     ] Register NMethod: io.sirix.cache.IndexLogKey.<init> (0x000071df5eda1f88) [0x000071df5eda2080, 0x000071df5eda2178] Compiler: jvmci, Barriers: 3, Oops: 1, ImmediateOops: 0, NonImmediateOops: No
[3,099s][debug][gc,nmethod     ] Register NMethod: com.sun.org.apache.xerces.internal.impl.XMLDocumentFragmentScannerImpl$ElementStack.popElement (0x000071df5eda2288) [0x000071df5eda2380, 0x000071df5eda2560] Compiler: jvmci, Barriers: 3, Oops: 0, ImmediateOops: 0, NonImmediateOops: No
[3,100s][debug][gc,nmethod     ] Register NMethod: io.sirix.access.trx.node.AbstractDeweyIDManager.newFirstChildID (0x000071df5eda2588) [0x000071df5eda2680, 0x000071df5eda2910] Compiler: jvmci, Barriers: 4, Oops: 1, ImmediateOops: 0, NonImmediateOops: No
[3,101s][debug][gc,director    ] Rule Major: Warmup 10%, Used: 510MB, UsedThreshold: 1228MB
[3,103s][debug][gc,nmethod     ] Register NMethod: io.sirix.page.KeyValueLeafPage.<init> (0x000071df4009e388) [0x000071df4009e480, 0x000071df4009f590] Compiler: c1, Barriers: 41, Oops: 1, ImmediateOops: 3, NonImmediateOops: No
[3,103s][debug][gc,nmethod     ] Register NMethod: com.sun.xml.internal.stream.events.StartElementEvent.getAttributes (0x000071df5eda2988) [0x000071df5eda2a80, 0x000071df5eda3190] Compiler: jvmci, Barriers: 21, Oops: 2, ImmediateOops: 0, NonImmediateOops: No
[3,105s][debug][gc,nmethod     ] Register NMethod: com.sun.org.apache.xerces.internal.impl.XMLDocumentFragmentScannerImpl.refresh (0x000071df4009f608) [0x000071df4009f700, 0x000071df400a0340] Compiler: c1, Barriers: 5, Oops: 0, ImmediateOops: 0, NonImmediateOops: No
[3,106s][debug][gc,nmethod     ] Register NMethod: com.sun.org.apache.xerces.internal.impl.XMLDocumentScannerImpl.refresh (0x000071df400a0388) [0x000071df400a0480, 0x000071df400a16d8] Compiler: c1, Barriers: 9, Oops: 0, ImmediateOops: 0, NonImmediateOops: No
[3,109s][debug][gc,nmethod     ] Register NMethod: io.sirix.service.xml.shredder.AbstractShredder.processStartTag (0x000071df5eda3208) [0x000071df5eda3480, 0x000071df5eda7890] Compiler: jvmci, Barriers: 84, Oops: 1, ImmediateOops: 5, NonImmediateOops: No
[3,110s][debug][gc,nmethod     ] Register NMethod: io.sirix.node.xml.TextNode.<init> (0x000071df5eda7908) [0x000071df5eda7a20, 0x000071df5eda7d70] Compiler: jvmci, Barriers: 14, Oops: 1, ImmediateOops: 0, NonImmediateOops: No
[3,111s][debug][gc,director    ] Rule Major: Warmup 10%, Used: 516MB, UsedThreshold: 1228MB
[3,115s][debug][gc,nmethod     ] Register NMethod: com.sun.org.apache.xerces.internal.impl.XMLEntityScanner.invokeListeners (0x000071df400a1708) [0x000071df400a1800, 0x000071df400a2030] Compiler: c1, Barriers: 3, Oops: 0, ImmediateOops: 0, NonImmediateOops: No
[3,117s][debug][gc,nmethod     ] Register NMethod: io.sirix.node.MemorySegmentBytesOut.<init> (0x000071df5eda7d88) [0x000071df5eda7e80, 0x000071df5eda95e0] Compiler: jvmci, Barriers: 65, Oops: 6, ImmediateOops: 9, NonImmediateOops: No
[3,119s][debug][gc,nmethod     ] Register NMethod: io.sirix.access.trx.node.AbstractNodeReadOnlyTrx.hasNode (0x000071df5eda9688) [0x000071df5eda9780, 0x000071df5edaa488] Compiler: jvmci, Barriers: 21, Oops: 2, ImmediateOops: 1, NonImmediateOops: No
[3,120s][debug][gc,nmethod     ] Register NMethod: com.sun.org.apache.xerces.internal.impl.XMLEntityScanner.scanLiteral (0x000071df5edaa508) [0x000071df5edaa600, 0x000071df5edab428] Compiler: jvmci, Barriers: 10, Oops: 0, ImmediateOops: 1, NonImmediateOops: No
[3,121s][debug][gc,director    ] Rule Major: Warmup 10%, Used: 522MB, UsedThreshold: 1228MB
[3,124s][debug][gc,nmethod     ] Register NMethod: com.sun.org.apache.xerces.internal.impl.XMLEntityScanner.load (0x000071df400a2088) [0x000071df400a2180, 0x000071df400a2ad8] Compiler: c1, Barriers: 7, Oops: 0, ImmediateOops: 1, NonImmediateOops: No
[3,125s][debug][gc,nmethod     ] Register NMethod: com.sun.org.apache.xerces.internal.impl.XMLDocumentFragmentScannerImpl.scanEndElement (0x000071df5edab488) [0x000071df5edab580, 0x000071df5edacbb0] Compiler: jvmci, Barriers: 27, Oops: 1, ImmediateOops: 1, NonImmediateOops: No
[3,128s][debug][gc,nmethod     ] Register NMethod: io.sirix.access.trx.node.xml.XmlNodeReadOnlyTrxImpl.isDocumentRoot (0x000071df5edacc08) [0x000071df5edacd00, 0x000071df5edacf48] Compiler: jvmci, Barriers: 1, Oops: 1, ImmediateOops: 0, NonImmediateOops: No
[3,129s][debug][gc,nmethod     ] Register NMethod: io.sirix.access.trx.page.NodePageTrx$$Lambda/0x00000000ae23c270.<init> (0x000071df5edacf88) [0x000071df5edad080, 0x000071df5edad1e0] Compiler: jvmci, Barriers: 6, Oops: 1, ImmediateOops: 0, NonImmediateOops: No
[3,131s][debug][gc,nmethod     ] Register NMethod: com.sun.org.apache.xerces.internal.impl.XMLEntityScanner.skipSpaces (0x000071df400a2b08) [0x000071df400a2c00, 0x000071df400a3e90] Compiler: c1, Barriers: 16, Oops: 0, ImmediateOops: 2, NonImmediateOops: No
[3,131s][debug][gc,director    ] Rule Major: Warmup 10%, Used: 530MB, UsedThreshold: 1228MB
[3,133s][debug][gc,nmethod     ] Register NMethod: io.sirix.node.xml.ElementNode.computeHash (0x000071df5edad288) [0x000071df5edad380, 0x000071df5edb1e60] Compiler: jvmci, Barriers: 127, Oops: 1, ImmediateOops: 2, NonImmediateOops: No
[3,136s][debug][gc,nmethod     ] Register NMethod: com.sun.org.apache.xerces.internal.util.NamespaceSupport.getAllPrefixes (0x000071df5edb1e88) [0x000071df5edb1f80, 0x000071df5edb21c0] Compiler: jvmci, Barriers: 6, Oops: 0, ImmediateOops: 0, NonImmediateOops: No
[3,137s][debug][gc,nmethod     ] Register NMethod: com.sun.org.apache.xerces.internal.util.NamespaceSupport$Prefixes.hasMoreElements (0x000071df5edb2208) [0x000071df5edb2300, 0x000071df5edb23c0] Compiler: jvmci, Barriers: 0, Oops: 0, ImmediateOops: 0, NonImmediateOops: No
[3,141s][debug][gc,nmethod     ] Register NMethod: com.sun.org.apache.xerces.internal.impl.XMLEntityScanner.checkLimit (0x000071df5edb2508) [0x000071df5edb2600, 0x000071df5edb2a18] Compiler: jvmci, Barriers: 5, Oops: 0, ImmediateOops: 0, NonImmediateOops: No
[3,141s][debug][gc,director    ] Rule Major: Warmup 10%, Used: 538MB, UsedThreshold: 1228MB
[3,142s][debug][gc,nmethod     ] Register NMethod: com.sun.org.apache.xerces.internal.impl.XMLDocumentFragmentScannerImpl$ElementStack.nextElement (0x000071df5edb2a88) [0x000071df5edb2b80, 0x000071df5edb2d58] Compiler: jvmci, Barriers: 3, Oops: 0, ImmediateOops: 0, NonImmediateOops: No
[3,143s][debug][gc,nmethod     ] Register NMethod: io.sirix.node.xml.TextNode.computeHash (0x000071df5edb2d88) [0x000071df5edb2e80, 0x000071df5edb50a0] Compiler: jvmci, Barriers: 58, Oops: 1, ImmediateOops: 0, NonImmediateOops: No
[3,144s][debug][gc,nmethod     ] Register NMethod: com.sun.org.apache.xerces.internal.impl.XMLStreamReaderImpl.getAttributeCount (0x000071df5edb5108) [0x000071df5edb5200, 0x000071df5edb53b8] Compiler: jvmci, Barriers: 3, Oops: 0, ImmediateOops: 0, NonImmediateOops: No
[3,145s][debug][gc,nmethod     ] Register NMethod: net.openhft.hashing.XXH3.XXH3_mix2Accs (0x000071df5edb5408) [0x000071df5edb5500, 0x000071df5edb55a0] Compiler: jvmci, Barriers: 0, Oops: 1, ImmediateOops: 0, NonImmediateOops: No
[3,145s][debug][gc,nmethod     ] Register NMethod: com.sun.org.apache.xerces.internal.impl.XMLDocumentFragmentScannerImpl.checkDepth (0x000071df5edb5708) [0x000071df5edb5800, 0x000071df5edb5b18] Compiler: jvmci, Barriers: 6, Oops: 0, ImmediateOops: 0, NonImmediateOops: No
[3,145s][debug][gc,nmethod     ] Register NMethod: com.sun.xml.internal.stream.events.XMLEventAllocatorImpl.fillAttributes (0x000071df400a3f08) [0x000071df400a4000, 0x000071df400a4af8] Compiler: c1, Barriers: 16, Oops: 0, ImmediateOops: 2, NonImmediateOops: No
[3,145s][debug][gc,nmethod     ] Register NMethod: com.sun.org.apache.xerces.internal.impl.XMLDocumentFragmentScannerImpl.seekCloseOfStartTag (0x000071df400a4b08) [0x000071df400a4c00, 0x000071df400a6180] Compiler: c1, Barriers: 15, Oops: 1, ImmediateOops: 4, NonImmediateOops: No
[3,145s][debug][gc,nmethod     ] Register NMethod: io.sirix.access.Utils.buildName (0x000071df5edb5b88) [0x000071df5edb5c80, 0x000071df5edb5e10] Compiler: jvmci, Barriers: 3, Oops: 1, ImmediateOops: 0, NonImmediateOops: No
[3,146s][debug][gc,nmethod     ] Register NMethod: io.sirix.index.path.summary.PathSummaryReader.getLevel (0x000071df5edb5e88) [0x000071df5edb5f80, 0x000071df5edb60a0] Compiler: jvmci, Barriers: 1, Oops: 1, ImmediateOops: 0, NonImmediateOops: No
[3,147s][debug][gc,nmethod     ] Register NMethod: io.sirix.node.immutable.xml.ImmutableElement.getKind (0x000071df5edb6188) [0x000071df5edb6280, 0x000071df5edb6368] Compiler: jvmci, Barriers: 1, Oops: 1, ImmediateOops: 1, NonImmediateOops: No
[3,148s][debug][gc,nmethod     ] Register NMethod: io.sirix.access.trx.node.xml.XmlNodeTrxImpl.insertElementAsRightSibling (0x000071df5edb6488) [0x000071df5edb6580, 0x000071df5edb8f60] Compiler: jvmci, Barriers: 67, Oops: 1, ImmediateOops: 3, NonImmediateOops: No
[3,148s][debug][gc,nmethod     ] Register NMethod: jdk.internal.foreign.AbstractMemorySegmentImpl.asByteBuffer (0x000071df5edb8f88) [0x000071df5edb9080, 0x000071df5edb9260] Compiler: jvmci, Barriers: 2, Oops: 0, ImmediateOops: 0, NonImmediateOops: No
[3,148s][debug][gc,nmethod     ] Register NMethod: com.sun.org.apache.xerces.internal.util.XMLStringBuffer.clear (0x000071df5edb9288) [0x000071df5edb9380, 0x000071df5edb9410] Compiler: jvmci, Barriers: 0, Oops: 0, ImmediateOops: 0, NonImmediateOops: No
[3,149s][debug][gc,nmethod     ] Register NMethod: jdk.internal.foreign.Utils.checkAlign (0x000071df5edb9588) [0x000071df5edb9680, 0x000071df5edb9728] Compiler: jvmci, Barriers: 0, Oops: 0, ImmediateOops: 0, NonImmediateOops: No
[3,150s][debug][gc,nmethod     ] Register NMethod: io.sirix.node.xml.ElementNode.hasRightSibling (0x000071df5edb9888) [0x000071df5edb9980, 0x000071df5edb9c30] Compiler: jvmci, Barriers: 4, Oops: 1, ImmediateOops: 0, NonImmediateOops: No
[3,152s][debug][gc,director    ] Rule Major: Warmup 10%, Used: 546MB, UsedThreshold: 1228MB
[3,154s][debug][gc,nmethod     ] Register NMethod: io.sirix.access.trx.node.xml.XmlNodeFactoryImpl.createTextNode (0x000071df5edb9c88) [0x000071df5edb9d80, 0x000071df5edbca58] Compiler: jvmci, Barriers: 117, Oops: 12, ImmediateOops: 10, NonImmediateOops: No
[3,155s][debug][gc,nmethod     ] Register NMethod: io.sirix.access.trx.page.NodePageTrx.getName (0x000071df400a6208) [0x000071df400a6300, 0x000071df400a8668] Compiler: c1, Barriers: 11, Oops: 1, ImmediateOops: 3, NonImmediateOops: No
[3,157s][debug][gc,nmethod     ] Register NMethod: jdk.internal.foreign.SegmentFactories.allocateNativeInternal (0x000071df5edbcb08) [0x000071df5edbcc20, 0x000071df5edbd6d0] Compiler: jvmci, Barriers: 13, Oops: 1, ImmediateOops: 6, NonImmediateOops: No
[3,159s][debug][gc,nmethod     ] Register NMethod: com.sun.org.apache.xerces.internal.xni.XMLString.append (0x000071df5edbd708) [0x000071df5edbd800, 0x000071df5edbdb60] Compiler: jvmci, Barriers: 1, Oops: 0, ImmediateOops: 0, NonImmediateOops: No
[3,159s][debug][gc,nmethod     ] Register NMethod: com.sun.org.apache.xerces.internal.impl.XMLEntityScanner.skipSpaces (0x000071df5edbdb88) [0x000071df5edbdc80, 0x000071df5edbe158] Compiler: jvmci, Barriers: 6, Oops: 0, ImmediateOops: 1, NonImmediateOops: No
[3,162s][debug][gc,director    ] Rule Major: Warmup 10%, Used: 554MB, UsedThreshold: 1228MB
[3,162s][debug][gc,nmethod     ] Register NMethod: java.lang.String.<init> (0x000071df5edbe188) [0x000071df5edbe280, 0x000071df5edbe3e0] Compiler: jvmci, Barriers: 4, Oops: 0, ImmediateOops: 0, NonImmediateOops: No
[3,166s][debug][gc,nmethod     ] Register NMethod: io.sirix.access.trx.node.xml.XmlNodeReadOnlyTrxImpl.isElement (0x000071df5edbe488) [0x000071df5edbe580, 0x000071df5edbe6c8] Compiler: jvmci, Barriers: 1, Oops: 1, ImmediateOops: 0, NonImmediateOops: No
[3,166s][debug][gc,nmethod     ] Register NMethod: io.sirix.access.trx.node.AbstractNodeHashing.rollingAdd (0x000071df5edbe788) [0x000071df5edbeb40, 0x000071df5edd3cc8] Compiler: jvmci, Barriers: 599, Oops: 10, ImmediateOops: 7, NonImmediateOops: No
[3,166s][debug][gc,nmethod     ] Register NMethod: io.sirix.page.PageReference.setLogKey (0x000071df400a8688) [0x000071df400a8780, 0x000071df400a8890] Compiler: c1, Barriers: 0, Oops: 1, ImmediateOops: 0, NonImmediateOops: No
[3,168s][debug][gc,nmethod     ] Register NMethod: java.util.HashMap.resize (0x000071df5edd3d88) [0x000071df5edd3ea0, 0x000071df5edd48f0] Compiler: jvmci, Barriers: 28, Oops: 0, ImmediateOops: 0, NonImmediateOops: No
[3,170s][debug][gc,alloc       ] Mutator Allocation Rate: 321,1MB/s Predicted: 375,5MB/s, Avg: 260,8(+/-64,4)MB/s
[3,171s][debug][gc,director    ] Rule Major: Warmup 10%, Used: 562MB, UsedThreshold: 1228MB
[3,172s][debug][gc,nmethod     ] Register NMethod: io.sirix.index.path.summary.PathSummaryReader$$Lambda/0x00000000ae25ced8.<init> (0x000071df400a8988) [0x000071df400a8a80, 0x000071df400a8c50] Compiler: c1, Barriers: 3, Oops: 1, ImmediateOops: 0, NonImmediateOops: No
[3,172s][debug][gc,nmethod     ] Register NMethod: io.sirix.index.path.summary.PathSummaryReader.removeFromCache (0x000071df400a8c88) [0x000071df400a8d80, 0x000071df400a9790] Compiler: c1, Barriers: 4, Oops: 2, ImmediateOops: 2, NonImmediateOops: No
[3,172s][debug][gc,nmethod     ] Register NMethod: java.util.Collection.removeIf (0x000071df400a9808) [0x000071df400a9900, 0x000071df400aa6a8] Compiler: c1, Barriers: 0, Oops: 0, ImmediateOops: 0, NonImmediateOops: No
[3,172s][debug][gc,nmethod     ] Register NMethod: io.sirix.node.xml.AbstractStructForwardingNode.hasLeftSibling (0x000071df400aa708) [0x000071df400aa800, 0x000071df400aadc8] Compiler: c1, Barriers: 0, Oops: 1, ImmediateOops: 1, NonImmediateOops: No
[3,172s][debug][gc,nmethod     ] Register NMethod: io.sirix.node.delegates.StructNodeDelegate.hasLeftSibling (0x000071df400aae08) [0x000071df400aaf00, 0x000071df400ab248] Compiler: c1, Barriers: 0, Oops: 1, ImmediateOops: 1, NonImmediateOops: No
[3,173s][debug][gc,nmethod     ] Register NMethod: io.sirix.index.path.summary.PathSummaryReader.putQNameMapping (0x000071df400ab288) [0x000071df400ab380, 0x000071df400ac010] Compiler: c1, Barriers: 2, Oops: 2, ImmediateOops: 1, NonImmediateOops: No
[3,173s][debug][gc,nmethod     ] Register NMethod: io.sirix.index.path.summary.PathSummaryWriter.adaptForInsert (0x000071df400ac088) [0x000071df400ac180, 0x000071df400af680] Compiler: c1, Barriers: 6, Oops: 1, ImmediateOops: 3, NonImmediateOops: No
[3,173s][debug][gc,nmethod     ] Register NMethod: io.sirix.access.trx.node.xml.XmlNodeFactoryImpl.createPathNode (0x000071df400af708) [0x000071df400af800, 0x000071df400b2978] Compiler: c1, Barriers: 16, Oops: 1, ImmediateOops: 4, NonImmediateOops: No
[3,174s][debug][gc,nmethod     ] Register NMethod: io.sirix.page.PathSummaryPage.incrementAndGetMaxNodeKey (0x000071df400b2988) [0x000071df400b2a80, 0x000071df400b2cf8] Compiler: c1, Barriers: 2, Oops: 1, ImmediateOops: 0, NonImmediateOops: No
[3,174s][debug][gc,nmethod     ] Register NMethod: io.sirix.node.NullNode.<init> (0x000071df400b2d08) [0x000071df400b2e00, 0x000071df400b3338] Compiler: c1, Barriers: 3, Oops: 1, ImmediateOops: 0, NonImmediateOops: No
[3,174s][debug][gc,nmethod     ] Register NMethod: io.sirix.access.trx.node.xml.XmlNodeTrxImpl.insertTextAsFirstChild (0x000071df5edd4908) [0x000071df5edd4a00, 0x000071df5edd7188] Compiler: jvmci, Barriers: 71, Oops: 1, ImmediateOops: 3, NonImmediateOops: No
[3,176s][debug][gc,nmethod     ] Register NMethod: com.sun.org.apache.xerces.internal.impl.XMLNSDocumentScannerImpl.scanAttribute (0x000071df5edd7208) [0x000071df5edd7300, 0x000071df5edd8be0] Compiler: jvmci, Barriers: 65, Oops: 3, ImmediateOops: 5, NonImmediateOops: No
[3,180s][debug][gc,nmethod     ] Register NMethod: io.sirix.index.path.summary.PathSummaryWriter.insertPathAsFirstChild (0x000071df400b3388) [0x000071df400b3480, 0x000071df400b63b0] Compiler: c1, Barriers: 17, Oops: 2, ImmediateOops: 5, NonImmediateOops: No
[3,181s][debug][gc,director    ] Rule Major: Warmup 10%, Used: 570MB, UsedThreshold: 1228MB
[3,183s][debug][gc,nmethod     ] Register NMethod: io.sirix.access.trx.page.NodePageTrx.getActualRevisionRootPage (0x000071df5edd8c08) [0x000071df5edd8d00, 0x000071df5edd8e38] Compiler: jvmci, Barriers: 2, Oops: 1, ImmediateOops: 0, NonImmediateOops: No
[3,186s][debug][gc,nmethod     ] Register NMethod: io.sirix.access.trx.node.xml.XmlNodeTrxImpl.insertTextAsRightSibling (0x000071df5edd8f08) [0x000071df5edd9000, 0x000071df5eddb4b8] Compiler: jvmci, Barriers: 70, Oops: 2, ImmediateOops: 3, NonImmediateOops: No
[3,188s][debug][gc,nmethod     ] Register NMethod: io.sirix.utils.NamePageHash.generateHashForString (0x000071df5eddb508) [0x000071df5eddb600, 0x000071df5eddb7a8] Compiler: jvmci, Barriers: 1, Oops: 1, ImmediateOops: 0, NonImmediateOops: No
[3,188s][debug][gc,nmethod     ] Register NMethod: java.util.HashMap.putVal (0x000071df5eddb808) [0x000071df5eddb900, 0x000071df5eddc638] Compiler: jvmci, Barriers: 32, Oops: 0, ImmediateOops: 0, NonImmediateOops: No
[3,190s][debug][gc,nmethod     ] Register NMethod: com.sun.org.apache.xerces.internal.util.XMLChar.isValid (0x000071df5eddc688) [0x000071df5eddc780, 0x000071df5eddc850] Compiler: jvmci, Barriers: 0, Oops: 0, ImmediateOops: 1, NonImmediateOops: No
[3,191s][debug][gc,director    ] Rule Major: Warmup 10%, Used: 582MB, UsedThreshold: 1228MB
[3,194s][debug][gc,nmethod     ] Register NMethod: java.util.HashMap.put (0x000071df5eddc988) [0x000071df5eddcaa0, 0x000071df5edde560] Compiler: jvmci, Barriers: 66, Oops: 0, ImmediateOops: 0, NonImmediateOops: No
[3,195s][debug][gc,nmethod     ] Register NMethod: org.magicwerk.brownies.collections.GapList.doEnsureCapacity (0x000071df400b6408) [0x000071df400b6500, 0x000071df400b6da8] Compiler: c1, Barriers: 6, Oops: 1, ImmediateOops: 0, NonImmediateOops: No
[3,196s][debug][gc,nmethod     ] Register NMethod: java.util.concurrent.ConcurrentHashMap.computeIfPresent (0x000071df400b6e08) [0x000071df400b6f00, 0x000071df400b91c0] Compiler: c1, Barriers: 17, Oops: 0, ImmediateOops: 1, NonImmediateOops: No
[3,200s][debug][gc,nmethod     ] Register NMethod: java.lang.invoke.DirectMethodHandle.constructorMethod (0x000071df5edde588) [0x000071df5edde680, 0x000071df5edde7a0] Compiler: jvmci, Barriers: 1, Oops: 0, ImmediateOops: 0, NonImmediateOops: No
[3,200s][debug][gc,nmethod     ] Register NMethod: io.sirix.access.trx.node.xml.XmlNodeTrxImpl.insertElementAsFirstChild (0x000071df5edde888) [0x000071df5edde980, 0x000071df5eddfd28] Compiler: jvmci, Barriers: 37, Oops: 1, ImmediateOops: 4, NonImmediateOops: No
[3,201s][debug][gc,director    ] Rule Major: Warmup 10%, Used: 592MB, UsedThreshold: 1228MB
[3,203s][debug][gc,nmethod     ] Register NMethod: com.sun.org.apache.xerces.internal.impl.XMLEntityScanner.scanLiteral (0x000071df400b9208) [0x000071df400b9300, 0x000071df400ba508] Compiler: c1, Barriers: 13, Oops: 0, ImmediateOops: 2, NonImmediateOops: No
[3,203s][debug][gc,nmethod     ] Register NMethod: io.sirix.access.trx.node.xml.XmlDeweyIDManager.newAttributeID (0x000071df5eddfd88) [0x000071df5eddfe80, 0x000071df5ede0110] Compiler: jvmci, Barriers: 4, Oops: 1, ImmediateOops: 0, NonImmediateOops: No
[3,204s][debug][gc,nmethod     ] Register NMethod: io.sirix.node.xml.AttributeNode.<init> (0x000071df5ede0188) [0x000071df5ede02a0, 0x000071df5ede0568] Compiler: jvmci, Barriers: 12, Oops: 1, ImmediateOops: 0, NonImmediateOops: No
[3,206s][debug][gc,nmethod     ] Register NMethod: io.sirix.access.trx.node.xml.XmlNodeTrxImpl.insertAttribute (0x000071df5ede0588) [0x000071df5ede0800, 0x000071df5ede3638] Compiler: jvmci, Barriers: 55, Oops: 2, ImmediateOops: 5, NonImmediateOops: No
[3,207s][debug][gc,nmethod     ] Register NMethod: io.sirix.access.trx.page.AbstractForwardingPageReadOnlyTrx.getResourceSession (0x000071df5ede3688) [0x000071df5ede3780, 0x000071df5ede38b8] Compiler: jvmci, Barriers: 2, Oops: 1, ImmediateOops: 0, NonImmediateOops: No
[3,207s][debug][gc,nmethod     ] Register NMethod: java.lang.invoke.DirectMethodHandle.allocateInstance (0x000071df5ede3988) [0x000071df5ede3a80, 0x000071df5ede3de0] Compiler: jvmci, Barriers: 2, Oops: 0, ImmediateOops: 1, NonImmediateOops: No
[3,211s][debug][gc,director    ] Rule Major: Warmup 10%, Used: 602MB, UsedThreshold: 1228MB
[3,221s][debug][gc,director    ] Rule Major: Warmup 10%, Used: 614MB, UsedThreshold: 1228MB
[3,221s][debug][gc,nmethod     ] Register NMethod: io.sirix.access.trx.node.AbstractNodeHashing.adaptHashesWithAdd (0x000071df5ede3e08) [0x000071df5ede4240, 0x000071df5edf7228] Compiler: jvmci, Barriers: 529, Oops: 8, ImmediateOops: 7, NonImmediateOops: No
[3,222s][debug][gc,nmethod     ] Register NMethod: com.sun.xml.internal.stream.events.XMLEventAllocatorImpl.fillAttributes (0x000071df5edf7288) [0x000071df5edf7380, 0x000071df5edf94b8] Compiler: jvmci, Barriers: 103, Oops: 5, ImmediateOops: 3, NonImmediateOops: No
[3,222s][debug][gc,nmethod     ] Register NMethod: com.sun.org.apache.xerces.internal.impl.XMLEntityScanner.normalizeNewlines (0x000071df5edf9508) [0x000071df5edf9600, 0x000071df5edf99e8] Compiler: jvmci, Barriers: 2, Oops: 0, ImmediateOops: 0, NonImmediateOops: No
[3,222s][debug][gc,nmethod     ] Register NMethod: io.sirix.access.trx.node.xml.XmlNodeFactoryImpl.createAttributeNode (0x000071df5edf9a08) [0x000071df5edf9b00, 0x000071df5edfb378] Compiler: jvmci, Barriers: 56, Oops: 10, ImmediateOops: 4, NonImmediateOops: No
[3,223s][debug][gc,nmethod     ] Register NMethod: com.sun.org.apache.xerces.internal.impl.XMLScanner.scanAttributeValue (0x000071df5edfb408) [0x000071df5edfb500, 0x000071df5edfd158] Compiler: jvmci, Barriers: 33, Oops: 1, ImmediateOops: 1, NonImmediateOops: No
[3,224s][debug][gc,nmethod     ] Register NMethod: com.sun.org.apache.xerces.internal.impl.XMLEntityScanner.scanContent (0x000071df400ba588) [0x000071df400ba680, 0x000071df400bb5f8] Compiler: c1, Barriers: 11, Oops: 0, ImmediateOops: 1, NonImmediateOops: No
[3,230s][debug][gc,nmethod     ] Register NMethod: java.lang.Integer.numberOfLeadingZeros (0x000071df5edfd188) [0x000071df5edfd280, 0x000071df5edfd3c8] Compiler: jvmci, Barriers: 0, Oops: 0, ImmediateOops: 0, NonImmediateOops: No
[3,231s][debug][gc,nmethod     ] Register NMethod: io.sirix.node.xml.AttributeNode.computeHash (0x000071df5edfd488) [0x000071df5edfd580, 0x000071df5edffd08] Compiler: jvmci, Barriers: 66, Oops: 3, ImmediateOops: 2, NonImmediateOops: No
[3,231s][debug][gc,director    ] Rule Major: Warmup 10%, Used: 624MB, UsedThreshold: 1228MB
[3,231s][debug][gc,director    ] Rule Minor: High Usage, Free: 11622MB(94,6%)
[3,232s][debug][gc,nmethod     ] Register NMethod: com.sun.org.apache.xerces.internal.impl.XMLEntityScanner.normalizeNewlines (0x000071df400bb608) [0x000071df400bb700, 0x000071df400bca10] Compiler: c1, Barriers: 17, Oops: 0, ImmediateOops: 0, NonImmediateOops: No
[3,238s][debug][gc,nmethod     ] Register NMethod: com.sun.org.apache.xerces.internal.impl.XMLEntityScanner.scanContent (0x000071df5edffd88) [0x000071df5edfff20, 0x000071df5ee00b08] Compiler: jvmci, Barriers: 11, Oops: 0, ImmediateOops: 1, NonImmediateOops: No
[3,242s][debug][gc,director    ] Rule Major: Warmup 10%, Used: 636MB, UsedThreshold: 1228MB
[3,242s][debug][gc,director    ] Rule Minor: High Usage, Free: 11610MB(94,5%)
[3,249s][debug][gc,nmethod     ] Register NMethod: com.sun.org.apache.xerces.internal.impl.XMLDocumentFragmentScannerImpl$FragmentContentDriver.startOfMarkup (0x000071df5ee00b88) [0x000071df5ee00c80, 0x000071df5ee01338] Compiler: jvmci, Barriers: 11, Oops: 1, ImmediateOops: 1, NonImmediateOops: No
[3,251s][debug][gc,nmethod     ] Register NMethod: org.magicwerk.brownies.collections.GapList.doAdd (0x000071df400bca88) [0x000071df400bcb80, 0x000071df400beb40] Compiler: c1, Barriers: 13, Oops: 1, ImmediateOops: 0, NonImmediateOops: No
[3,251s][debug][gc,nmethod     ] Register NMethod: jdk.internal.ref.CleanerImpl$CleanableList.insert (0x000071df5ee01388) [0x000071df5ee01480, 0x000071df5ee01b80] Compiler: jvmci, Barriers: 22, Oops: 0, ImmediateOops: 0, NonImmediateOops: No
[3,252s][debug][gc,nmethod     ] Register NMethod: io.sirix.access.trx.page.NodePageReadOnlyTrx.getRevisionNumber (0x000071df400beb88) [0x000071df400bec80, 0x000071df400bf2c0] Compiler: c1, Barriers: 1, Oops: 1, ImmediateOops: 1, NonImmediateOops: No
[3,252s][debug][gc,director    ] Rule Major: Warmup 10%, Used: 648MB, UsedThreshold: 1228MB
[3,252s][debug][gc,director    ] Rule Minor: High Usage, Free: 11598MB(94,4%)
[3,259s][debug][gc,alloc       ] Mutator Allocation Rate: 355,6MB/s Predicted: 396,9MB/s, Avg: 274,3(+/-68,3)MB/s
[3,259s][debug][gc,director    ] Rule Major: Warmup 10%, Used: 658MB, UsedThreshold: 1228MB
[3,259s][debug][gc,director    ] Rule Minor: High Usage, Free: 11588MB(94,3%)
[3,263s][debug][gc,nmethod     ] Register NMethod: com.sun.org.apache.xerces.internal.impl.XMLDocumentFragmentScannerImpl.scanContent (0x000071df5ee01b88) [0x000071df5ee01d20, 0x000071df5ee02d90] Compiler: jvmci, Barriers: 17, Oops: 0, ImmediateOops: 1, NonImmediateOops: No
[3,264s][debug][gc,nmethod     ] Register NMethod: io.sirix.cache.IndexLogKey.hashCode (0x000071df400bf308) [0x000071df400bf400, 0x000071df400bf7a8] Compiler: c1, Barriers: 1, Oops: 1, ImmediateOops: 0, NonImmediateOops: No
[3,265s][debug][gc,nmethod     ] Register NMethod: java.util.HashMap.computeIfAbsent (0x000071df400bf808) [0x000071df400bf900, 0x000071df400c2108] Compiler: c1, Barriers: 11, Oops: 0, ImmediateOops: 0, NonImmediateOops: No
[3,267s][debug][gc,nmethod     ] Register NMethod: io.sirix.cache.IndexLogKey.hashCode (0x000071df5ee02e08) [0x000071df5ee02f00, 0x000071df5ee03040] Compiler: jvmci, Barriers: 1, Oops: 1, ImmediateOops: 0, NonImmediateOops: No
[3,269s][debug][gc,director    ] Rule Major: Warmup 10%, Used: 668MB, UsedThreshold: 1228MB
[3,269s][debug][gc,director    ] Rule Minor: High Usage, Free: 11578MB(94,2%)
[3,272s][debug][gc,nmethod     ] Register NMethod: com.github.benmanes.caffeine.cache.NodeFactory.newLookupKey (0x000071df400c2188) [0x000071df400c2280, 0x000071df400c2380] Compiler: c1, Barriers: 0, Oops: 1, ImmediateOops: 0, NonImmediateOops: No
[3,279s][debug][gc,director    ] Rule Major: Warmup 10%, Used: 682MB, UsedThreshold: 1228MB
[3,279s][debug][gc,director    ] Rule Minor: High Usage, Free: 11564MB(94,1%)
[3,279s][debug][gc,nmethod     ] Register NMethod: java.util.HashMap.computeIfAbsent (0x000071df5ee03108) [0x000071df5ee03200, 0x000071df5ee049a0] Compiler: jvmci, Barriers: 60, Oops: 1, ImmediateOops: 0, NonImmediateOops: No
[3,286s][debug][gc,nmethod     ] Register NMethod: com.sun.org.apache.xerces.internal.impl.XMLDocumentFragmentScannerImpl.seekCloseOfStartTag (0x000071df5ee04a08) [0x000071df5ee04b00, 0x000071df5ee059c0] Compiler: jvmci, Barriers: 20, Oops: 1, ImmediateOops: 2, NonImmediateOops: No
[3,289s][debug][gc,director    ] Rule Major: Warmup 10%, Used: 694MB, UsedThreshold: 1228MB
[3,290s][debug][gc,director    ] Rule Minor: High Usage, Free: 11552MB(94,0%)
[3,292s][debug][gc,nmethod     ] Register NMethod: io.sirix.node.NullNode.<init> (0x000071df5ee05a08) [0x000071df5ee05b00, 0x000071df5ee05cd8] Compiler: jvmci, Barriers: 3, Oops: 1, ImmediateOops: 0, NonImmediateOops: No
[3,294s][debug][gc,nmethod     ] Register NMethod: io.sirix.cache.PageContainer.<init> (0x000071df400c2488) [0x000071df400c2580, 0x000071df400c27c8] Compiler: c1, Barriers: 6, Oops: 1, ImmediateOops: 0, NonImmediateOops: No
[3,296s][debug][gc,nmethod     ] Register NMethod: io.sirix.page.PageReference.clearCachedHash (0x000071df400c2808) [0x000071df400c2900, 0x000071df400c2a08] Compiler: c1, Barriers: 0, Oops: 1, ImmediateOops: 0, NonImmediateOops: No
[3,296s][debug][gc,nmethod     ] Register NMethod: io.sirix.cache.PageCache.remove (0x000071df400c2b08) [0x000071df400c2c00, 0x000071df400c3360] Compiler: c1, Barriers: 1, Oops: 1, ImmediateOops: 0, NonImmediateOops: No
[3,296s][debug][gc,nmethod     ] Register NMethod: com.github.benmanes.caffeine.cache.LocalManualCache.invalidate (0x000071df400c3388) [0x000071df400c3480, 0x000071df400c3868] Compiler: c1, Barriers: 1, Oops: 1, ImmediateOops: 0, NonImmediateOops: No
[3,297s][debug][gc,nmethod     ] Register NMethod: io.sirix.cache.PageContainer.getInstance (0x000071df400c3888) [0x000071df400c3980, 0x000071df400c3e80] Compiler: c1, Barriers: 6, Oops: 1, ImmediateOops: 0, NonImmediateOops: No
[3,297s][debug][gc,nmethod     ] Register NMethod: io.sirix.cache.PageCache.remove (0x000071df400c3f08) [0x000071df400c4000, 0x000071df400c4340] Compiler: c1, Barriers: 1, Oops: 1, ImmediateOops: 0, NonImmediateOops: No
[3,297s][debug][gc,nmethod     ] Register NMethod: java.lang.invoke.LambdaForm$DMH/0x00000000ae220800.newInvokeSpecial (0x000071df400c4388) [0x000071df400c4480, 0x000071df400c4d90] Compiler: c1, Barriers: 2, Oops: 1, ImmediateOops: 1, NonImmediateOops: No
[3,297s][debug][gc,nmethod     ] Register NMethod: java.lang.invoke.Invokers$Holder.linkToTargetMethod (0x000071df400c4e08) [0x000071df400c4f00, 0x000071df400c5420] Compiler: c1, Barriers: 0, Oops: 0, ImmediateOops: 0, NonImmediateOops: No
[3,297s][debug][gc,nmethod     ] Register NMethod: com.github.benmanes.caffeine.cache.BoundedLocalCache$$Lambda/0x00000000ae22cf70.<init> (0x000071df400c5488) [0x000071df400c5580, 0x000071df400c5a20] Compiler: c1, Barriers: 21, Oops: 1, ImmediateOops: 0, NonImmediateOops: No
[3,297s][debug][gc,nmethod     ] Register NMethod: io.sirix.cache.TransactionIntentLog.put (0x000071df400c5a88) [0x000071df400c5b80, 0x000071df400ca778] Compiler: c1, Barriers: 17, Oops: 1, ImmediateOops: 0, NonImmediateOops: No
[3,297s][debug][gc,nmethod     ] Register NMethod: com.github.benmanes.caffeine.cache.BoundedLocalCache.remove (0x000071df400ca788) [0x000071df400ca880, 0x000071df400cba88] Compiler: c1, Barriers: 14, Oops: 3, ImmediateOops: 4, NonImmediateOops: No
[3,300s][debug][gc,director    ] Rule Major: Warmup 10%, Used: 706MB, UsedThreshold: 1228MB
[3,300s][debug][gc,director    ] Rule Minor: High Usage, Free: 11540MB(93,9%)
[3,305s][debug][gc,nmethod     ] Register NMethod: io.sirix.node.xml.ElementNode.getAttributeKey (0x000071df400cbb08) [0x000071df400cbc00, 0x000071df400cc018] Compiler: c1, Barriers: 1, Oops: 1, ImmediateOops: 1, NonImmediateOops: No
[3,305s][debug][gc,nmethod     ] Register NMethod: com.sun.org.apache.xerces.internal.util.XMLAttributesImpl.checkDuplicatesNS (0x000071df400cc088) [0x000071df400cc180, 0x000071df400cc720] Compiler: c1, Barriers: 9, Oops: 0, ImmediateOops: 0, NonImmediateOops: No
[3,305s][debug][gc,nmethod     ] Register NMethod: io.sirix.access.trx.node.xml.XmlNodeReadOnlyTrxImpl.getName (0x000071df400cc788) [0x000071df400cc880, 0x000071df400cea20] Compiler: c1, Barriers: 4, Oops: 1, ImmediateOops: 4, NonImmediateOops: No
[3,306s][debug][gc,nmethod     ] Register NMethod: io.sirix.utils.XMLToken.isNCChar (0x000071df400cea88) [0x000071df400ceb80, 0x000071df400cef68] Compiler: c1, Barriers: 0, Oops: 1, ImmediateOops: 0, NonImmediateOops: No
[3,306s][debug][gc,nmethod     ] Register NMethod: io.sirix.utils.XMLToken.isNCStartChar (0x000071df400cef88) [0x000071df400cf080, 0x000071df400cf6f0] Compiler: c1, Barriers: 0, Oops: 1, ImmediateOops: 0, NonImmediateOops: No
[3,306s][debug][gc,nmethod     ] Register NMethod: com.sun.org.apache.xerces.internal.impl.XMLEntityScanner.scanQName (0x000071df400cf708) [0x000071df400cf800, 0x000071df400d1be0] Compiler: c1, Barriers: 55, Oops: 2, ImmediateOops: 10, NonImmediateOops: No
[3,306s][debug][gc,nmethod     ] Register NMethod: io.sirix.utils.XMLToken.isValidQName (0x000071df400d1c08) [0x000071df400d1d00, 0x000071df400d3230] Compiler: c1, Barriers: 6, Oops: 1, ImmediateOops: 0, NonImmediateOops: No
[3,306s][debug][gc,nmethod     ] Register NMethod: io.sirix.utils.XMLToken.ncName (0x000071df400d3288) [0x000071df400d3380, 0x000071df400d37d8] Compiler: c1, Barriers: 0, Oops: 1, ImmediateOops: 1, NonImmediateOops: No
[3,306s][debug][gc,nmethod     ] Register NMethod: io.sirix.utils.XMLToken.cl (0x000071df5ee05d08) [0x000071df5ee05e00, 0x000071df5ee05ee0] Compiler: jvmci, Barriers: 0, Oops: 1, ImmediateOops: 0, NonImmediateOops: No
[3,310s][debug][gc,director    ] Rule Major: Warmup 10%, Used: 716MB, UsedThreshold: 1228MB
[3,310s][debug][gc,director    ] Rule Minor: High Usage, Free: 11530MB(93,8%)
[3,310s][debug][gc,nmethod     ] Register NMethod: io.sirix.access.trx.node.xml.XmlNodeTrxImpl.insertAttribute (0x000071df400d3808) [0x000071df400d3900, 0x000071df400e3940] Compiler: c1, Barriers: 58, Oops: 8, ImmediateOops: 23, NonImmediateOops: No
[3,312s][debug][gc,nmethod     ] Register NMethod: io.sirix.utils.XMLToken.isNCStartChar (0x000071df5ee06008) [0x000071df5ee06100, 0x000071df5ee06210] Compiler: jvmci, Barriers: 0, Oops: 1, ImmediateOops: 0, NonImmediateOops: No
[3,312s][debug][gc,nmethod     ] Register NMethod: io.sirix.utils.XMLToken.isNCChar (0x000071df5ee06308) [0x000071df5ee06400, 0x000071df5ee06510] Compiler: jvmci, Barriers: 0, Oops: 1, ImmediateOops: 0, NonImmediateOops: No
[3,320s][debug][gc,director    ] Rule Major: Warmup 10%, Used: 730MB, UsedThreshold: 1228MB
[3,320s][debug][gc,director    ] Rule Minor: High Usage, Free: 11516MB(93,7%)
[3,323s][debug][gc,nmethod     ] Register NMethod: io.sirix.utils.XMLToken.ncName (0x000071df5ee06608) [0x000071df5ee06700, 0x000071df5ee06a50] Compiler: jvmci, Barriers: 0, Oops: 1, ImmediateOops: 0, NonImmediateOops: No
[3,327s][debug][gc,nmethod     ] Register NMethod: com.sun.org.apache.xerces.internal.impl.XMLEntityScanner.scanQName (0x000071df5ee06a88) [0x000071df5ee06b80, 0x000071df5ee07e60] Compiler: jvmci, Barriers: 31, Oops: 1, ImmediateOops: 3, NonImmediateOops: No
[3,329s][debug][gc,nmethod     ] Register NMethod: io.sirix.page.IndirectPage.delegate (0x000071df5ee07e88) [0x000071df5ee07f80, 0x000071df5ee08068] Compiler: c1, Barriers: 1, Oops: 1, ImmediateOops: 0, NonImmediateOops: No
[3,330s][debug][gc,director    ] Rule Major: Warmup 10%, Used: 742MB, UsedThreshold: 1228MB
[3,330s][debug][gc,director    ] Rule Minor: High Usage, Free: 11504MB(93,6%)
[3,338s][debug][gc,alloc       ] Mutator Allocation Rate: 388,7MB/s Predicted: 423,5MB/s, Avg: 288,6(+/-74,2)MB/s
[3,338s][debug][gc,director    ] Rule Major: Warmup 10%, Used: 754MB, UsedThreshold: 1228MB
[3,338s][debug][gc,director    ] Rule Minor: High Usage, Free: 11492MB(93,5%)
[3,343s][debug][gc,nmethod     ] Register NMethod: java.util.concurrent.ConcurrentLinkedDeque.updateHead (0x000071df400e3988) [0x000071df400e3a80, 0x000071df400e4180] Compiler: c1, Barriers: 6, Oops: 1, ImmediateOops: 1, NonImmediateOops: No
[3,343s][debug][gc,nmethod     ] Register NMethod: java.util.concurrent.ConcurrentLinkedDeque.updateTail (0x000071df400e4208) [0x000071df400e4300, 0x000071df400e4a00] Compiler: c1, Barriers: 6, Oops: 1, ImmediateOops: 1, NonImmediateOops: No
[3,343s][debug][gc,nmethod     ] Register NMethod: java.util.concurrent.ConcurrentLinkedDeque.skipDeletedSuccessors (0x000071df400e4a88) [0x000071df400e4b80, 0x000071df400e68b0] Compiler: c1, Barriers: 11, Oops: 5, ImmediateOops: 11, NonImmediateOops: No
[3,343s][debug][gc,nmethod     ] Register NMethod: java.util.concurrent.ConcurrentLinkedDeque.skipDeletedPredecessors (0x000071df400e6908) [0x000071df400e6a00, 0x000071df400e8730] Compiler: c1, Barriers: 11, Oops: 5, ImmediateOops: 11, NonImmediateOops: No
[3,349s][debug][gc,director    ] Rule Major: Warmup 10%, Used: 766MB, UsedThreshold: 1228MB
[3,349s][debug][gc,director    ] Rule Minor: High Usage, Free: 11480MB(93,4%)
[3,359s][debug][gc,director    ] Rule Major: Warmup 10%, Used: 778MB, UsedThreshold: 1228MB
[3,359s][debug][gc,director    ] Rule Minor: High Usage, Free: 11468MB(93,3%)
[3,362s][debug][gc,nmethod     ] Register NMethod: io.sirix.utils.XMLToken.isValidQName (0x000071df5ee08188) [0x000071df5ee08280, 0x000071df5ee087c8] Compiler: jvmci, Barriers: 4, Oops: 1, ImmediateOops: 0, NonImmediateOops: No
[3,369s][debug][gc,director    ] Rule Major: Warmup 10%, Used: 786MB, UsedThreshold: 1228MB
[3,369s][debug][gc,director    ] Rule Minor: High Usage, Free: 11460MB(93,3%)
[3,375s][debug][gc,nmethod     ] Register NMethod: io.sirix.page.delegates.BitmapReferencesPage.index (0x000071df400e8788) [0x000071df400e8880, 0x000071df400e8da0] Compiler: c1, Barriers: 4, Oops: 1, ImmediateOops: 0, NonImmediateOops: No
[3,379s][debug][gc,director    ] Rule Major: Warmup 10%, Used: 796MB, UsedThreshold: 1228MB
[3,379s][debug][gc,director    ] Rule Minor: High Usage, Free: 11450MB(93,2%)
[3,384s][debug][gc,nmethod     ] Register NMethod: io.sirix.service.xml.shredder.XmlShredder.insertNewContent (0x000071df5ee08808) [0x000071df5ee08900, 0x000071df5ee145b0] Compiler: jvmci, Barriers: 272, Oops: 9, ImmediateOops: 6, NonImmediateOops: No
[3,389s][debug][gc,director    ] Rule Major: Warmup 10%, Used: 810MB, UsedThreshold: 1228MB
[3,389s][debug][gc,director    ] Rule Minor: High Usage, Free: 11436MB(93,1%)
[3,393s][debug][gc,nmethod     ] Register NMethod: io.sirix.access.trx.node.xml.XmlNodeTrxImpl.insertAttribute (0x000071df5ee14608) [0x000071df5ee14700, 0x000071df5ee16bb0] Compiler: jvmci, Barriers: 55, Oops: 2, ImmediateOops: 5, NonImmediateOops: No
[3,400s][debug][gc,director    ] Rule Major: Warmup 10%, Used: 820MB, UsedThreshold: 1228MB
[3,400s][debug][gc,director    ] Rule Minor: High Usage, Free: 11426MB(93,0%)
[3,410s][debug][gc,director    ] Rule Major: Warmup 10%, Used: 830MB, UsedThreshold: 1228MB
[3,410s][debug][gc,director    ] Rule Minor: High Usage, Free: 11416MB(92,9%)
[3,420s][debug][gc,director    ] Rule Major: Warmup 10%, Used: 840MB, UsedThreshold: 1228MB
[3,420s][debug][gc,director    ] Rule Minor: High Usage, Free: 11406MB(92,8%)
[3,427s][debug][gc,alloc       ] Mutator Allocation Rate: 417,5MB/s Predicted: 450,8MB/s, Avg: 302,9(+/-80,9)MB/s
[3,427s][debug][gc,director    ] Rule Major: Warmup 10%, Used: 850MB, UsedThreshold: 1228MB
[3,428s][debug][gc,director    ] Rule Minor: High Usage, Free: 11396MB(92,7%)
[3,438s][debug][gc,director    ] Rule Major: Warmup 10%, Used: 862MB, UsedThreshold: 1228MB
[3,438s][debug][gc,director    ] Rule Minor: High Usage, Free: 11384MB(92,6%)
[3,442s][debug][gc,nmethod     ] Register NMethod: it.unimi.dsi.fastutil.ints.Int2LongOpenHashMap.getOrDefault (0x000071df400e8e08) [0x000071df400e8f00, 0x000071df400e9458] Compiler: c1, Barriers: 4, Oops: 1, ImmediateOops: 0, NonImmediateOops: No
[3,442s][debug][gc,nmethod     ] Register NMethod: io.sirix.node.xml.AbstractStructForwardingNode.setLeftSiblingKey (0x000071df400e9488) [0x000071df400e9580, 0x000071df400e98c0] Compiler: c1, Barriers: 0, Oops: 1, ImmediateOops: 0, NonImmediateOops: No
[3,444s][debug][gc,nmethod     ] Register NMethod: io.sirix.service.xml.shredder.AbstractShredder.processStartTag (0x000071df400e9908) [0x000071df400e9a00, 0x000071df400ef6e0] Compiler: c1, Barriers: 27, Oops: 1, ImmediateOops: 11, NonImmediateOops: No
[3,448s][debug][gc,director    ] Rule Major: Warmup 10%, Used: 870MB, UsedThreshold: 1228MB
[3,448s][debug][gc,director    ] Rule Minor: High Usage, Free: 11376MB(92,6%)
[3,458s][debug][gc,director    ] Rule Major: Warmup 10%, Used: 882MB, UsedThreshold: 1228MB
[3,458s][debug][gc,director    ] Rule Minor: High Usage, Free: 11364MB(92,5%)
[3,468s][debug][gc,director    ] Rule Major: Warmup 10%, Used: 892MB, UsedThreshold: 1228MB
[3,468s][debug][gc,director    ] Rule Minor: High Usage, Free: 11354MB(92,4%)
[3,476s][debug][gc,nmethod     ] Register NMethod: io.sirix.access.trx.page.NodePageReadOnlyTrx.getUberPage (0x000071df400ef708) [0x000071df400ef800, 0x000071df400efc70] Compiler: c1, Barriers: 1, Oops: 1, ImmediateOops: 1, NonImmediateOops: No
[3,478s][debug][gc,director    ] Rule Major: Warmup 10%, Used: 904MB, UsedThreshold: 1228MB
[3,478s][debug][gc,director    ] Rule Minor: High Usage, Free: 11342MB(92,3%)
[3,488s][debug][gc,director    ] Rule Major: Warmup 10%, Used: 916MB, UsedThreshold: 1228MB
[3,488s][debug][gc,director    ] Rule Minor: High Usage, Free: 11330MB(92,2%)
[3,489s][debug][gc,nmethod     ] Register NMethod: io.sirix.access.trx.page.NodePageTrx$1.removeEldestEntry (0x000071df400efc88) [0x000071df400efd80, 0x000071df400f04e8] Compiler: c1, Barriers: 0, Oops: 1, ImmediateOops: 0, NonImmediateOops: No
[3,492s][debug][gc,nmethod     ] Register NMethod: io.sirix.access.trx.page.AbstractForwardingPageReadOnlyTrx.getUberPage (0x000071df400f0508) [0x000071df400f0600, 0x000071df400f0b38] Compiler: c1, Barriers: 2, Oops: 1, ImmediateOops: 1, NonImmediateOops: No
[3,499s][debug][gc,director    ] Rule Major: Warmup 10%, Used: 926MB, UsedThreshold: 1228MB
[3,499s][debug][gc,director    ] Rule Minor: High Usage, Free: 11320MB(92,1%)
[3,502s][debug][gc,nmethod     ] Register NMethod: io.sirix.service.xml.shredder.AbstractShredder.processStartTag (0x000071df5ee16c08) [0x000071df5ee16d00, 0x000071df5ee1a7c8] Compiler: jvmci, Barriers: 84, Oops: 1, ImmediateOops: 5, NonImmediateOops: No
[3,508s][debug][gc,nmethod     ] Register NMethod: io.sirix.access.trx.page.AbstractForwardingPageReadOnlyTrx.getCurrentMaxIndirectPageTreeLevel (0x000071df400f0b88) [0x000071df400f0c80, 0x000071df400f0e30] Compiler: c1, Barriers: 1, Oops: 1, ImmediateOops: 0, NonImmediateOops: No
[3,508s][debug][gc,nmethod     ] Register NMethod: io.sirix.access.trx.page.NodePageTrx$$Lambda/0x00000000ae23c270.apply (0x000071df400f0e88) [0x000071df400f0f80, 0x000071df400f1348] Compiler: c1, Barriers: 2, Oops: 1, ImmediateOops: 0, NonImmediateOops: No
[3,509s][debug][gc,director    ] Rule Major: Warmup 10%, Used: 936MB, UsedThreshold: 1228MB
[3,509s][debug][gc,director    ] Rule Minor: High Usage, Free: 11310MB(92,0%)
[3,509s][debug][gc,nmethod     ] Register NMethod: io.sirix.access.trx.page.TreeModifierImpl.prepareLeafOfTree (0x000071df400f1388) [0x000071df400f1480, 0x000071df400f4db8] Compiler: c1, Barriers: 20, Oops: 1, ImmediateOops: 2, NonImmediateOops: No
[3,510s][debug][gc,nmethod     ] Register NMethod: io.sirix.access.trx.page.NodePageTrx.lambda$prepareRecordPage$0 (0x000071df400f4e08) [0x000071df400f4f00, 0x000071df400fac68] Compiler: c1, Barriers: 26, Oops: 2, ImmediateOops: 15, NonImmediateOops: No
[3,516s][debug][gc,alloc       ] Mutator Allocation Rate: 444,0MB/s Predicted: 477,6MB/s, Avg: 317,0(+/-87,6)MB/s
[3,517s][debug][gc,director    ] Rule Major: Warmup 10%, Used: 946MB, UsedThreshold: 1228MB
[3,517s][debug][gc,director    ] Rule Minor: High Usage, Free: 11300MB(92,0%)
[3,527s][debug][gc,director    ] Rule Major: Warmup 10%, Used: 956MB, UsedThreshold: 1228MB
[3,527s][debug][gc,director    ] Rule Minor: High Usage, Free: 11290MB(91,9%)
[3,531s][debug][gc,nmethod     ] Register NMethod: java.util.HashMap.removeNode (0x000071df400fac88) [0x000071df400fad80, 0x000071df400fce28] Compiler: c1, Barriers: 15, Oops: 0, ImmediateOops: 0, NonImmediateOops: No
[3,537s][debug][gc,director    ] Rule Major: Warmup 10%, Used: 966MB, UsedThreshold: 1228MB
[3,537s][debug][gc,director    ] Rule Minor: High Usage, Free: 11280MB(91,8%)
[3,547s][debug][gc,director    ] Rule Major: Warmup 10%, Used: 976MB, UsedThreshold: 1228MB
[3,547s][debug][gc,director    ] Rule Minor: High Usage, Free: 11270MB(91,7%)
[3,552s][debug][gc,nmethod     ] Register NMethod: java.util.BitSet.set (0x000071df400fce88) [0x000071df400fcf80, 0x000071df400fd168] Compiler: c1, Barriers: 0, Oops: 0, ImmediateOops: 0, NonImmediateOops: No
[3,557s][debug][gc,director    ] Rule Major: Warmup 10%, Used: 988MB, UsedThreshold: 1228MB
[3,557s][debug][gc,director    ] Rule Minor: High Usage, Free: 11258MB(91,6%)
[3,567s][debug][gc,director    ] Rule Major: Warmup 10%, Used: 998MB, UsedThreshold: 1228MB
[3,568s][debug][gc,director    ] Rule Minor: High Usage, Free: 11248MB(91,5%)
[3,578s][debug][gc,director    ] Rule Major: Warmup 10%, Used: 1010MB, UsedThreshold: 1228MB
[3,578s][debug][gc,director    ] Rule Minor: High Usage, Free: 11236MB(91,4%)
[3,582s][debug][gc,nmethod     ] Register NMethod: io.sirix.page.delegates.BitmapReferencesPage.createNewReference (0x000071df400fd188) [0x000071df400fd280, 0x000071df400fd898] Compiler: c1, Barriers: 3, Oops: 1, ImmediateOops: 0, NonImmediateOops: No
[3,588s][debug][gc,director    ] Rule Major: Warmup 10%, Used: 1020MB, UsedThreshold: 1228MB
[3,588s][debug][gc,director    ] Rule Minor: High Usage, Free: 11226MB(91,4%)
[3,598s][debug][gc,director    ] Rule Major: Warmup 10%, Used: 1032MB, UsedThreshold: 1228MB
[3,598s][debug][gc,director    ] Rule Minor: High Usage, Free: 11214MB(91,3%)
[3,606s][debug][gc,alloc       ] Mutator Allocation Rate: 468,2MB/s Predicted: 503,4MB/s, Avg: 330,8(+/-94,2)MB/s
[3,607s][debug][gc,director    ] Rule Major: Warmup 10%, Used: 1042MB, UsedThreshold: 1228MB
[3,607s][debug][gc,director    ] Rule Minor: High Usage, Free: 11204MB(91,2%)
[3,617s][debug][gc,director    ] Rule Major: Warmup 10%, Used: 1052MB, UsedThreshold: 1228MB
[3,617s][debug][gc,director    ] Rule Minor: High Usage, Free: 11194MB(91,1%)
[3,627s][debug][gc,director    ] Rule Major: Warmup 10%, Used: 1064MB, UsedThreshold: 1228MB
[3,627s][debug][gc,director    ] Rule Minor: High Usage, Free: 11182MB(91,0%)
[3,637s][debug][gc,director    ] Rule Major: Warmup 10%, Used: 1076MB, UsedThreshold: 1228MB
[3,637s][debug][gc,director    ] Rule Minor: High Usage, Free: 11170MB(90,9%)
[3,638s][debug][gc,nmethod     ] Register NMethod: java.util.concurrent.ConcurrentHashMap.putVal (0x000071df5ee1a808) [0x000071df5ee1a900, 0x000071df5ee1b9a0] Compiler: jvmci, Barriers: 31, Oops: 0, ImmediateOops: 0, NonImmediateOops: No
[3,643s][debug][gc,nmethod     ] Register NMethod: io.sirix.access.trx.RevisionEpochTracker.minActiveRevision (0x000071df5ee1ba08) [0x000071df5ee1bb00, 0x000071df5ee1bf90] Compiler: jvmci, Barriers: 6, Oops: 1, ImmediateOops: 0, NonImmediateOops: No
[3,647s][debug][gc,director    ] Rule Major: Warmup 10%, Used: 1088MB, UsedThreshold: 1228MB
[3,647s][debug][gc,director    ] Rule Minor: High Usage, Free: 11158MB(90,8%)
[3,657s][debug][gc,director    ] Rule Major: Warmup 10%, Used: 1098MB, UsedThreshold: 1228MB
[3,657s][debug][gc,director    ] Rule Minor: High Usage, Free: 11148MB(90,7%)
[3,663s][debug][gc,nmethod     ] Register NMethod: java.util.concurrent.ConcurrentHashMap.replaceNode (0x000071df5ee1c008) [0x000071df5ee1c100, 0x000071df5ee1d2b0] Compiler: jvmci, Barriers: 29, Oops: 1, ImmediateOops: 2, NonImmediateOops: No
[3,668s][debug][gc,director    ] Rule Major: Warmup 10%, Used: 1110MB, UsedThreshold: 1228MB
[3,668s][debug][gc,director    ] Rule Minor: High Usage, Free: 11136MB(90,6%)
[3,673s][debug][gc,nmethod     ] Register NMethod: java.util.LinkedHashMap.afterNodeRemoval (0x000071df400fd908) [0x000071df400fda00, 0x000071df400fe0f0] Compiler: c1, Barriers: 20, Oops: 0, ImmediateOops: 0, NonImmediateOops: No
[3,678s][debug][gc,director    ] Rule Major: Warmup 10%, Used: 1120MB, UsedThreshold: 1228MB
[3,678s][debug][gc,director    ] Rule Minor: High Usage, Free: 11126MB(90,5%)
[3,681s][debug][gc,nmethod     ] Register NMethod: io.sirix.service.xml.shredder.XmlShredder.insertNewContent (0x000071df5ee1d308) [0x000071df5ee1d400, 0x000071df5ee2ea58] Compiler: jvmci, Barriers: 449, Oops: 13, ImmediateOops: 6, NonImmediateOops: No
[3,688s][debug][gc,director    ] Rule Major: Warmup 10%, Used: 1134MB, UsedThreshold: 1228MB
[3,688s][debug][gc,director    ] Rule Minor: High Usage, Free: 11112MB(90,4%)
[3,691s][debug][gc,alloc       ] Mutator Allocation Rate: 491,8MB/s Predicted: 528,3MB/s, Avg: 344,2(+/-100,5)MB/s
[3,691s][debug][gc,director    ] Rule Major: Warmup 10%, Used: 1138MB, UsedThreshold: 1228MB
[3,691s][debug][gc,director    ] Rule Minor: High Usage, Free: 11108MB(90,4%)
[3,701s][debug][gc,director    ] Rule Major: Warmup 10%, Used: 1152MB, UsedThreshold: 1228MB
[3,701s][debug][gc,director    ] Rule Minor: High Usage, Free: 11094MB(90,3%)
[3,711s][debug][gc,director    ] Rule Major: Warmup 10%, Used: 1166MB, UsedThreshold: 1228MB
[3,711s][debug][gc,director    ] Rule Minor: High Usage, Free: 11080MB(90,2%)
[3,722s][debug][gc,director    ] Rule Major: Warmup 10%, Used: 1182MB, UsedThreshold: 1228MB
[3,722s][debug][gc,director    ] Rule Minor: High Usage, Free: 11064MB(90,0%)
[3,732s][debug][gc,director    ] Rule Major: Warmup 10%, Used: 1196MB, UsedThreshold: 1228MB
[3,732s][debug][gc,director    ] Rule Minor: High Usage, Free: 11050MB(89,9%)
[3,742s][debug][gc,director    ] Rule Major: Warmup 10%, Used: 1212MB, UsedThreshold: 1228MB
[3,742s][debug][gc,director    ] Rule Minor: High Usage, Free: 11034MB(89,8%)
[3,747s][debug][gc,nmethod     ] Register NMethod: io.sirix.access.trx.RevisionEpochTracker.minActiveRevision (0x000071df5ee2eb08) [0x000071df5ee2ec00, 0x000071df5ee2fd30] Compiler: jvmci, Barriers: 30, Oops: 1, ImmediateOops: 0, NonImmediateOops: No
[3,748s][debug][gc,nmethod     ] Register NMethod: jdk.internal.vm.Continuation.pin (0x000071df5ee2fd88) [0x000071df5ee2fe80, 0x000071df5ee2ffc8] Compiler: , Barriers: 0, Oops: 0, ImmediateOops: 1, NonImmediateOops: No
[3,748s][debug][gc,nmethod     ] Register NMethod: jdk.internal.vm.Continuation.unpin (0x000071df5ee30088) [0x000071df5ee30180, 0x000071df5ee302c8] Compiler: , Barriers: 0, Oops: 0, ImmediateOops: 1, NonImmediateOops: No
[3,749s][debug][gc,nmethod     ] Register NMethod: jdk.internal.foreign.ConfinedSession$ConfinedResourceList.add (0x000071df400fe108) [0x000071df400fe200, 0x000071df400fe698] Compiler: c1, Barriers: 11, Oops: 0, ImmediateOops: 2, NonImmediateOops: No
[3,749s][debug][gc,nmethod     ] Register NMethod: io.sirix.node.MemorySegmentBytesOut.<init> (0x000071df400fe708) [0x000071df400fe800, 0x000071df400fea88] Compiler: c1, Barriers: 3, Oops: 1, ImmediateOops: 0, NonImmediateOops: No
[3,749s][debug][gc,nmethod     ] Register NMethod: io.sirix.node.MemorySegmentBytesOut.writeStopBit (0x000071df400feb08) [0x000071df400fec00, 0x000071df400fefa0] Compiler: c1, Barriers: 2, Oops: 1, ImmediateOops: 0, NonImmediateOops: No
[3,749s][debug][gc,nmethod     ] Register NMethod: jdk.internal.foreign.AbstractMemorySegmentImpl.overlaps (0x000071df400ff008) [0x000071df400ff100, 0x000071df400ffec0] Compiler: c1, Barriers: 0, Oops: 0, ImmediateOops: 0, NonImmediateOops: No
[3,749s][debug][gc,nmethod     ] Register NMethod: io.sirix.node.MemorySegmentBytesOut.writePosition (0x000071df400fff08) [0x000071df40100000, 0x000071df401001b0] Compiler: c1, Barriers: 1, Oops: 1, ImmediateOops: 0, NonImmediateOops: No
[3,749s][debug][gc,nmethod     ] Register NMethod: io.sirix.node.MemorySegmentBytesOut.position (0x000071df40100208) [0x000071df40100300, 0x000071df40100450] Compiler: c1, Barriers: 1, Oops: 1, ImmediateOops: 0, NonImmediateOops: No
[3,749s][debug][gc,nmethod     ] Register NMethod: io.sirix.node.json.JsonNodeSerializer.writeEndPadding (0x000071df40100508) [0x000071df40100600, 0x000071df40100a68] Compiler: c1, Barriers: 2, Oops: 1, ImmediateOops: 0, NonImmediateOops: No
[3,750s][debug][gc,nmethod     ] Register NMethod: io.sirix.node.Utils.putVarLong (0x000071df40100a88) [0x000071df40100b80, 0x000071df40100cd0] Compiler: c1, Barriers: 0, Oops: 1, ImmediateOops: 0, NonImmediateOops: No
[3,750s][debug][gc,nmethod     ] Register NMethod: io.sirix.node.NodeSerializerImpl.serialize (0x000071df40100d88) [0x000071df40100e80, 0x000071df401018a0] Compiler: c1, Barriers: 1, Oops: 1, ImmediateOops: 0, NonImmediateOops: No
[3,750s][debug][gc,nmethod     ] Register NMethod: jdk.internal.foreign.Utils.checkNonNegativeIndex (0x000071df5ee30388) [0x000071df5ee30480, 0x000071df5ee30518] Compiler: jvmci, Barriers: 0, Oops: 0, ImmediateOops: 0, NonImmediateOops: No
[3,750s][debug][gc,nmethod     ] Register NMethod: io.sirix.node.xml.ElementNode.getNamespaceCount (0x000071df40101908) [0x000071df40101a00, 0x000071df40101b80] Compiler: c1, Barriers: 1, Oops: 1, ImmediateOops: 0, NonImmediateOops: No
[3,751s][debug][gc,nmethod     ] Register NMethod: jdk.internal.misc.ScopedMemoryAccess.putLongUnaligned (0x000071df5ee30688) [0x000071df5ee30780, 0x000071df5ee30918] Compiler: jvmci, Barriers: 2, Oops: 0, ImmediateOops: 0, NonImmediateOops: No
[3,751s][debug][gc,nmethod     ] Register NMethod: io.sirix.node.xml.ElementNode.getAttributeCount (0x000071df5ee30988) [0x000071df5ee30a80, 0x000071df5ee30b90] Compiler: jvmci, Barriers: 1, Oops: 1, ImmediateOops: 0, NonImmediateOops: No
[3,752s][debug][gc,nmethod     ] Register NMethod: jdk.internal.foreign.MemorySessionImpl.checkValidStateRaw (0x000071df5ee30c88) [0x000071df5ee30d80, 0x000071df5ee30ef8] Compiler: jvmci, Barriers: 2, Oops: 0, ImmediateOops: 0, NonImmediateOops: No
[3,753s][debug][gc,director    ] Rule Major: Warmup 10%, Used: 1222MB, UsedThreshold: 1228MB
[3,753s][debug][gc,director    ] Rule Minor: High Usage, Free: 11024MB(89,7%)
[3,753s][debug][gc,nmethod     ] Register NMethod: jdk.internal.foreign.SegmentBulkOperations.copy (0x000071df40101c08) [0x000071df40101d00, 0x000071df401121c0] Compiler: c1, Barriers: 39, Oops: 4, ImmediateOops: 41, NonImmediateOops: No
[3,753s][debug][gc,nmethod     ] Register NMethod: io.sirix.node.json.JsonNodeSerializer.writeSizePrefix (0x000071df40112208) [0x000071df40112300, 0x000071df40112928] Compiler: c1, Barriers: 4, Oops: 1, ImmediateOops: 0, NonImmediateOops: No
[3,753s][debug][gc,nmethod     ] Register NMethod: io.sirix.node.json.JsonNodeSerializer.updateSizePrefix (0x000071df40112988) [0x000071df40112a80, 0x000071df401130f0] Compiler: c1, Barriers: 2, Oops: 1, ImmediateOops: 0, NonImmediateOops: No
[3,753s][debug][gc,nmethod     ] Register NMethod: io.sirix.node.xml.ElementNode.getKind (0x000071df40113108) [0x000071df40113200, 0x000071df40113520] Compiler: c1, Barriers: 0, Oops: 1, ImmediateOops: 1, NonImmediateOops: No
[3,754s][debug][gc,nmethod     ] Register NMethod: java.lang.foreign.MemorySegment.copy (0x000071df40113588) [0x000071df40113680, 0x000071df40123f88] Compiler: c1, Barriers: 39, Oops: 4, ImmediateOops: 41, NonImmediateOops: No
[3,754s][debug][gc,nmethod     ] Register NMethod: jdk.internal.foreign.AbstractMemorySegmentImpl.checkAccess (0x000071df5ee30f88) [0x000071df5ee31080, 0x000071df5ee311f8] Compiler: jvmci, Barriers: 0, Oops: 0, ImmediateOops: 0, NonImmediateOops: No
[3,754s][debug][gc,nmethod     ] Register NMethod: io.sirix.node.GrowingMemorySegment.grow (0x000071df40124008) [0x000071df40124100, 0x000071df40134f48] Compiler: c1, Barriers: 44, Oops: 5, ImmediateOops: 42, NonImmediateOops: No
[3,754s][debug][gc,nmethod     ] Register NMethod: io.sirix.node.NodeKind.writeHash (0x000071df40134f88) [0x000071df40135080, 0x000071df40135270] Compiler: c1, Barriers: 1, Oops: 1, ImmediateOops: 0, NonImmediateOops: No
[3,757s][debug][gc,nmethod     ] Register NMethod: io.sirix.node.xml.TextNode.getPreviousRevisionNumber (0x000071df40135288) [0x000071df40135380, 0x000071df4013a370] Compiler: c1, Barriers: 19, Oops: 7, ImmediateOops: 11, NonImmediateOops: No
[3,757s][debug][gc,nmethod     ] Register NMethod: io.sirix.node.MemorySegmentBytesOut.writeByte (0x000071df5ee31288) [0x000071df5ee31380, 0x000071df5ee31808] Compiler: jvmci, Barriers: 7, Oops: 1, ImmediateOops: 0, NonImmediateOops: No
[3,758s][debug][gc,nmethod     ] Register NMethod: io.sirix.node.xml.TextNode.getKind (0x000071df4013a408) [0x000071df4013a500, 0x000071df4013a820] Compiler: c1, Barriers: 0, Oops: 1, ImmediateOops: 1, NonImmediateOops: No
[3,762s][debug][gc,nmethod     ] Register NMethod: jdk.internal.misc.ScopedMemoryAccess.getIntUnaligned (0x000071df5ee31888) [0x000071df5ee31980, 0x000071df5ee31b10] Compiler: jvmci, Barriers: 2, Oops: 0, ImmediateOops: 0, NonImmediateOops: No
[3,762s][debug][gc,nmethod     ] Register NMethod: io.sirix.node.xml.ElementNode.getLastChildKey (0x000071df5ee31b88) [0x000071df5ee31c80, 0x000071df5ee31f18] Compiler: jvmci, Barriers: 4, Oops: 1, ImmediateOops: 0, NonImmediateOops: No
[3,763s][debug][gc,nmethod     ] Register NMethod: io.sirix.node.xml.ElementNode.getLastModifiedRevisionNumber (0x000071df4013a888) [0x000071df4013a980, 0x000071df4013f970] Compiler: c1, Barriers: 19, Oops: 7, ImmediateOops: 11, NonImmediateOops: No
[3,763s][debug][gc,director    ] Rule Major: Warmup 10%, Used: 1222MB, UsedThreshold: 1228MB
[3,763s][debug][gc,director    ] Rule Minor: High Usage, Free: 11024MB(89,7%)
[3,764s][debug][gc,nmethod     ] Register NMethod: io.sirix.node.xml.TextNode.getLastModifiedRevisionNumber (0x000071df4013fa08) [0x000071df4013fb00, 0x000071df40144af0] Compiler: c1, Barriers: 19, Oops: 7, ImmediateOops: 11, NonImmediateOops: No
[3,764s][debug][gc,nmethod     ] Register NMethod: jdk.internal.misc.ScopedMemoryAccess.putShortUnalignedInternal (0x000071df40144b88) [0x000071df40144c80, 0x000071df40145408] Compiler: c1, Barriers: 2, Oops: 0, ImmediateOops: 3, NonImmediateOops: No
[3,764s][debug][gc,nmethod     ] Register NMethod: jdk.internal.misc.ScopedMemoryAccess.putShortUnaligned (0x000071df40145488) [0x000071df40145580, 0x000071df40146408] Compiler: c1, Barriers: 3, Oops: 0, ImmediateOops: 3, NonImmediateOops: No
[3,765s][debug][gc,nmethod     ] Register NMethod: io.sirix.node.xml.AttributeNode.getKind (0x000071df40146488) [0x000071df40146580, 0x000071df401468a0] Compiler: c1, Barriers: 0, Oops: 1, ImmediateOops: 1, NonImmediateOops: No
[3,765s][debug][gc,nmethod     ] Register NMethod: io.sirix.node.MemorySegmentBytesOut.write (0x000071df5ee31f88) [0x000071df5ee32080, 0x000071df5ee32728] Compiler: jvmci, Barriers: 7, Oops: 4, ImmediateOops: 1, NonImmediateOops: No
[3,766s][debug][gc,nmethod     ] Register NMethod: io.sirix.node.MemorySegmentBytesOut.writePosition (0x000071df5ee32788) [0x000071df5ee32880, 0x000071df5ee32960] Compiler: jvmci, Barriers: 1, Oops: 1, ImmediateOops: 0, NonImmediateOops: No
[3,767s][debug][gc,nmethod     ] Register NMethod: io.sirix.node.NodeKind$1.serialize (0x000071df40146908) [0x000071df40146a00, 0x000071df401819c8] Compiler: c1, Barriers: 235, Oops: 19, ImmediateOops: 124, NonImmediateOops: No
[3,767s][debug][gc,nmethod     ] Register NMethod: io.sirix.node.xml.ElementNode.getPreviousRevisionNumber (0x000071df40181a88) [0x000071df40181b80, 0x000071df40186b70] Compiler: c1, Barriers: 19, Oops: 7, ImmediateOops: 11, NonImmediateOops: No
[3,767s][debug][gc,nmethod     ] Register NMethod: io.sirix.node.xml.ElementNode.getURIKey (0x000071df5ee32a88) [0x000071df5ee32b80, 0x000071df5ee32e30] Compiler: jvmci, Barriers: 4, Oops: 1, ImmediateOops: 0, NonImmediateOops: No
[3,767s][debug][gc,nmethod     ] Register NMethod: io.sirix.node.xml.ElementNode.getPrefixKey (0x000071df5ee32e88) [0x000071df5ee32f80, 0x000071df5ee33230] Compiler: jvmci, Barriers: 4, Oops: 1, ImmediateOops: 0, NonImmediateOops: No
[3,768s][debug][gc,nmethod     ] Register NMethod: jdk.internal.foreign.ConfinedSession$ConfinedResourceList.add (0x000071df5ee33288) [0x000071df5ee33380, 0x000071df5ee33638] Compiler: jvmci, Barriers: 11, Oops: 0, ImmediateOops: 1, NonImmediateOops: No
[3,768s][debug][gc,nmethod     ] Register NMethod: io.sirix.node.NodeKind$4.serialize (0x000071df40186c08) [0x000071df40186d00, 0x000071df401a1478] Compiler: c1, Barriers: 110, Oops: 13, ImmediateOops: 55, NonImmediateOops: No
[3,768s][debug][gc,nmethod     ] Register NMethod: io.sirix.node.xml.AttributeNode.isCompressed (0x000071df5ee33688) [0x000071df5ee33780, 0x000071df5ee33840] Compiler: c1, Barriers: 0, Oops: 1, ImmediateOops: 0, NonImmediateOops: No
[3,768s][debug][gc,nmethod     ] Register NMethod: io.sirix.node.xml.AttributeNode.getLastModifiedRevisionNumber (0x000071df401a1508) [0x000071df401a1600, 0x000071df401a65f0] Compiler: c1, Barriers: 19, Oops: 7, ImmediateOops: 11, NonImmediateOops: No
[3,768s][debug][gc,nmethod     ] Register NMethod: io.sirix.node.xml.ElementNode.getLocalNameKey (0x000071df5ee33988) [0x000071df5ee33a80, 0x000071df5ee33d30] Compiler: jvmci, Barriers: 4, Oops: 1, ImmediateOops: 0, NonImmediateOops: No
[3,768s][debug][gc,nmethod     ] Register NMethod: io.sirix.node.xml.AttributeNode.getRawValue (0x000071df5ee33d88) [0x000071df5ee33e80, 0x000071df5ee33f68] Compiler: c1, Barriers: 1, Oops: 1, ImmediateOops: 0, NonImmediateOops: No
[3,769s][debug][gc,nmethod     ] Register NMethod: io.sirix.node.xml.AttributeNode.getPathNodeKey (0x000071df401a6688) [0x000071df401a6780, 0x000071df401ab770] Compiler: c1, Barriers: 19, Oops: 7, ImmediateOops: 11, NonImmediateOops: No
[3,769s][debug][gc,nmethod     ] Register NMethod: io.sirix.node.xml.TextNode.isCompressed (0x000071df5ee34088) [0x000071df5ee34180, 0x000071df5ee34240] Compiler: c1, Barriers: 0, Oops: 1, ImmediateOops: 0, NonImmediateOops: No
[3,769s][debug][gc,nmethod     ] Register NMethod: java.lang.Math.min (0x000071df5ee34388) [0x000071df5ee34480, 0x000071df5ee344f0] Compiler: jvmci, Barriers: 0, Oops: 0, ImmediateOops: 0, NonImmediateOops: No
[3,769s][debug][gc,nmethod     ] Register NMethod: io.sirix.node.xml.TextNode.getRawValue (0x000071df5ee34688) [0x000071df5ee34780, 0x000071df5ee34860] Compiler: jvmci, Barriers: 1, Oops: 1, ImmediateOops: 0, NonImmediateOops: No
[3,770s][debug][gc,nmethod     ] Register NMethod: io.sirix.page.KeyValueLeafPage.getAvailableSpace (0x000071df5ee34988) [0x000071df5ee34a80, 0x000071df5ee34e30] Compiler: jvmci, Barriers: 4, Oops: 1, ImmediateOops: 0, NonImmediateOops: No
[3,770s][debug][gc,nmethod     ] Register NMethod: io.sirix.node.MemorySegmentBytesOut.getDestination (0x000071df5ee34e88) [0x000071df5ee34f80, 0x000071df5ee35340] Compiler: jvmci, Barriers: 7, Oops: 1, ImmediateOops: 0, NonImmediateOops: No
[3,770s][debug][gc,nmethod     ] Register NMethod: io.sirix.node.xml.ElementNode.getNamespaceCount (0x000071df5ee35388) [0x000071df5ee35480, 0x000071df5ee35590] Compiler: jvmci, Barriers: 1, Oops: 1, ImmediateOops: 0, NonImmediateOops: No
[3,772s][debug][gc,nmethod     ] Register NMethod: io.sirix.page.KeyValueLeafPage.updateLastSlotIndex (0x000071df5ee35688) [0x000071df5ee35780, 0x000071df5ee35910] Compiler: jvmci, Barriers: 1, Oops: 1, ImmediateOops: 0, NonImmediateOops: No
[3,773s][debug][gc,nmethod     ] Register NMethod: io.sirix.node.xml.AttributeNode.getPreviousRevisionNumber (0x000071df401ab808) [0x000071df401ab900, 0x000071df401b08f0] Compiler: c1, Barriers: 19, Oops: 7, ImmediateOops: 11, NonImmediateOops: No
[3,773s][debug][gc,nmethod     ] Register NMethod: java.util.ArrayList$ArrayListSpliterator.<init> (0x000071df401b0988) [0x000071df401b0a80, 0x000071df401b0dc0] Compiler: c1, Barriers: 3, Oops: 0, ImmediateOops: 0, NonImmediateOops: No
[3,773s][debug][gc,nmethod     ] Register NMethod: java.util.concurrent.ConcurrentHashMap$KeySetView.remove (0x000071df401b0e08) [0x000071df401b0f00, 0x000071df401b1310] Compiler: c1, Barriers: 1, Oops: 0, ImmediateOops: 0, NonImmediateOops: No
[3,773s][debug][gc,director    ] Rule Major: Warmup 10%, Used: 1222MB, UsedThreshold: 1228MB
[3,773s][debug][gc,director    ] Rule Minor: High Usage, Free: 11024MB(89,7%)
[3,778s][debug][gc,nmethod     ] Register NMethod: io.sirix.node.NodeKind$2.serialize (0x000071df401b1388) [0x000071df401b1480, 0x000071df401d5e00] Compiler: c1, Barriers: 145, Oops: 15, ImmediateOops: 77, NonImmediateOops: No
[3,783s][debug][gc,director    ] Rule Major: Warmup 10%, Used: 1222MB, UsedThreshold: 1228MB
[3,783s][debug][gc,director    ] Rule Minor: High Usage, Free: 11024MB(89,7%)
[3,786s][debug][gc,nmethod     ] Register NMethod: io.sirix.page.KeyValueLeafPage.setSlot (0x000071df5ee35988) [0x000071df5ee35a80, 0x000071df5ee35b80] Compiler: jvmci, Barriers: 2, Oops: 1, ImmediateOops: 0, NonImmediateOops: No
[3,786s][debug][gc,nmethod     ] Register NMethod: io.sirix.node.NodeSerializerImpl.serialize (0x000071df5ee35c88) [0x000071df5ee35d80, 0x000071df5ee36360] Compiler: jvmci, Barriers: 7, Oops: 1, ImmediateOops: 3, NonImmediateOops: No
[3,787s][debug][gc,nmethod     ] Register NMethod: io.sirix.node.json.JsonNodeSerializer.writeEndPadding (0x000071df5ee36388) [0x000071df5ee36480, 0x000071df5ee36d70] Compiler: jvmci, Barriers: 14, Oops: 1, ImmediateOops: 0, NonImmediateOops: No
[3,787s][debug][gc,nmethod     ] Register NMethod: io.sirix.page.KeyValueLeafPage.alignOffset (0x000071df5ee36d88) [0x000071df5ee36e80, 0x000071df5ee36ee8] Compiler: jvmci, Barriers: 0, Oops: 1, ImmediateOops: 0, NonImmediateOops: No
[3,787s][debug][gc,nmethod     ] Register NMethod: io.sirix.node.MemorySegmentBytesOut.<init> (0x000071df5ee37088) [0x000071df5ee37180, 0x000071df5ee37ff8] Compiler: jvmci, Barriers: 34, Oops: 3, ImmediateOops: 6, NonImmediateOops: No
[3,788s][debug][gc,nmethod     ] Register NMethod: io.sirix.page.KeyValueLeafPage.findFreeSpaceForSlots (0x000071df5ee38088) [0x000071df5ee38180, 0x000071df5ee382d8] Compiler: jvmci, Barriers: 1, Oops: 1, ImmediateOops: 0, NonImmediateOops: No
[3,788s][debug][gc,nmethod     ] Register NMethod: jdk.internal.foreign.AbstractMemorySegmentImpl.equals (0x000071df401d5e88) [0x000071df401d5f80, 0x000071df401d6d58] Compiler: c1, Barriers: 0, Oops: 0, ImmediateOops: 0, NonImmediateOops: No
[3,789s][debug][gc,nmethod     ] Register NMethod: jdk.internal.foreign.abi.SharedUtils.checkSymbol (0x000071df401d6d88) [0x000071df401d6e80, 0x000071df401d83a0] Compiler: c1, Barriers: 0, Oops: 1, ImmediateOops: 4, NonImmediateOops: No
[3,791s][debug][gc,nmethod     ] Register NMethod: io.sirix.page.KeyValueLeafPage.updateFreeSpaceStart (0x000071df5ee38388) [0x000071df5ee38480, 0x000071df5ee38888] Compiler: jvmci, Barriers: 4, Oops: 1, ImmediateOops: 0, NonImmediateOops: No
[3,793s][debug][gc,director    ] Rule Major: Warmup 10%, Used: 1222MB, UsedThreshold: 1228MB
[3,793s][debug][gc,director    ] Rule Minor: High Usage, Free: 11024MB(89,7%)
[3,794s][debug][gc,nmethod     ] Register NMethod: jdk.internal.foreign.MemorySessionImpl$ResourceList.cleanupSingle (0x000071df401d8408) [0x000071df401d8500, 0x000071df401d8aa8] Compiler: c1, Barriers: 0, Oops: 0, ImmediateOops: 0, NonImmediateOops: No
[3,795s][debug][gc,nmethod     ] Register NMethod: java.lang.invoke.NativeMethodHandle.internalNativeEntryPoint (0x000071df401d8b08) [0x000071df401d8c00, 0x000071df401d8f20] Compiler: c1, Barriers: 1, Oops: 0, ImmediateOops: 0, NonImmediateOops: No
[3,795s][debug][gc,nmethod     ] Register NMethod: jdk.internal.foreign.abi.SharedUtils$1.close (0x000071df401d8f88) [0x000071df401d9080, 0x000071df401d9180] Compiler: c1, Barriers: 0, Oops: 0, ImmediateOops: 0, NonImmediateOops: No
[3,798s][debug][gc,nmethod     ] Register NMethod: jdk.internal.foreign.layout.ValueLayouts$AbstractValueLayout.assertCarrierSize (0x000071df401d9288) [0x000071df401d9380, 0x000071df401d9490] Compiler: c1, Barriers: 0, Oops: 0, ImmediateOops: 0, NonImmediateOops: No
[3,798s][debug][gc,nmethod     ] Register NMethod: java.lang.Class.getSimpleName (0x000071df401d9588) [0x000071df401d9680, 0x000071df401d98e0] Compiler: c1, Barriers: 4, Oops: 0, ImmediateOops: 0, NonImmediateOops: No
[3,798s][debug][gc,nmethod     ] Register NMethod: jdk.internal.foreign.Utils.isPowerOfTwo (0x000071df401d9908) [0x000071df401d9a00, 0x000071df401d9b40] Compiler: c1, Barriers: 0, Oops: 0, ImmediateOops: 0, NonImmediateOops: No
[3,798s][debug][gc,nmethod     ] Register NMethod: jdk.internal.foreign.SegmentFactories.fromArray (0x000071df401d9c08) [0x000071df401d9d00, 0x000071df401da800] Compiler: c1, Barriers: 3, Oops: 0, ImmediateOops: 1, NonImmediateOops: No
[3,799s][debug][gc,nmethod     ] Register NMethod: jdk.internal.foreign.layout.ValueLayouts$AbstractValueLayout.<init> (0x000071df401da808) [0x000071df401da900, 0x000071df401dae68] Compiler: c1, Barriers: 9, Oops: 0, ImmediateOops: 0, NonImmediateOops: No
[3,801s][debug][gc,nmethod     ] Register NMethod: io.sirix.node.MemorySegmentBytesOut.writeStopBit (0x000071df5ee38908) [0x000071df5ee38a00, 0x000071df5ee392c0] Compiler: jvmci, Barriers: 13, Oops: 1, ImmediateOops: 0, NonImmediateOops: No
[3,803s][debug][gc,nmethod     ] Register NMethod: io.sirix.node.json.JsonNodeSerializer.updateSizePrefix (0x000071df5ee39308) [0x000071df5ee39400, 0x000071df5ee39948] Compiler: jvmci, Barriers: 8, Oops: 1, ImmediateOops: 0, NonImmediateOops: No
[3,803s][debug][gc,nmethod     ] Register NMethod: jdk.internal.foreign.layout.ValueLayouts$OfByteImpl.<init> (0x000071df401dae88) [0x000071df401daf80, 0x000071df401db0d8] Compiler: c1, Barriers: 0, Oops: 0, ImmediateOops: 1, NonImmediateOops: No
[3,803s][debug][gc,nmethod     ] Register NMethod: jdk.internal.foreign.AbstractMemorySegmentImpl$$Lambda/0x00000000ae1ec240.apply (0x000071df401db188) [0x000071df401db280, 0x000071df401db3c8] Compiler: c1, Barriers: 0, Oops: 0, ImmediateOops: 0, NonImmediateOops: No
[3,804s][debug][gc,director    ] Rule Major: Warmup 10%, Used: 1224MB, UsedThreshold: 1228MB
[3,804s][debug][gc,director    ] Rule Minor: High Usage, Free: 11022MB(89,7%)
[3,804s][debug][gc,nmethod     ] Register NMethod: jdk.internal.foreign.AbstractMemorySegmentImpl.copy (0x000071df401db488) [0x000071df401db580, 0x000071df401dce40] Compiler: c1, Barriers: 14, Oops: 4, ImmediateOops: 20, NonImmediateOops: No
[3,804s][debug][gc,nmethod     ] Register NMethod: jdk.internal.foreign.layout.ValueLayouts$AbstractValueLayout.withOrder (0x000071df401dce88) [0x000071df401dcf80, 0x000071df401dd1a0] Compiler: c1, Barriers: 1, Oops: 0, ImmediateOops: 0, NonImmediateOops: No
[3,804s][debug][gc,nmethod     ] Register NMethod: jdk.internal.foreign.layout.ValueLayouts$OfByteImpl.dup (0x000071df401dd208) [0x000071df401dd300, 0x000071df401dd418] Compiler: c1, Barriers: 0, Oops: 0, ImmediateOops: 0, NonImmediateOops: No
[3,805s][debug][gc,nmethod     ] Register NMethod: jdk.internal.foreign.AbstractMemorySegmentImpl.lambda$toArray$0 (0x000071df401dd508) [0x000071df401dd600, 0x000071df401dd760] Compiler: c1, Barriers: 0, Oops: 0, ImmediateOops: 0, NonImmediateOops: No
[3,805s][debug][gc,nmethod     ] Register NMethod: jdk.internal.foreign.HeapMemorySegmentImpl$OfByte.unsafeGetBase (0x000071df401dd808) [0x000071df401dd900, 0x000071df401ddb08] Compiler: c1, Barriers: 1, Oops: 0, ImmediateOops: 0, NonImmediateOops: No
[3,805s][debug][gc,nmethod     ] Register NMethod: jdk.internal.foreign.HeapMemorySegmentImpl$OfByte.unsafeGetBase (0x000071df401ddb88) [0x000071df401ddc80, 0x000071df401dde88] Compiler: c1, Barriers: 1, Oops: 0, ImmediateOops: 0, NonImmediateOops: No
[3,805s][debug][gc,nmethod     ] Register NMethod: jdk.internal.foreign.AbstractMemorySegmentImpl$$Lambda/0x00000000ae1eae98.apply (0x000071df401ddf08) [0x000071df401de000, 0x000071df401de180] Compiler: c1, Barriers: 0, Oops: 0, ImmediateOops: 0, NonImmediateOops: No
[3,805s][debug][gc,nmethod     ] Register NMethod: jdk.internal.foreign.MemorySessionImpl.createHeap (0x000071df401de208) [0x000071df401de300, 0x000071df401de578] Compiler: c1, Barriers: 3, Oops: 0, ImmediateOops: 0, NonImmediateOops: No
[3,805s][debug][gc,nmethod     ] Register NMethod: jdk.internal.foreign.GlobalSession$HeapSession.<init> (0x000071df401de588) [0x000071df401de680, 0x000071df401de9b0] Compiler: c1, Barriers: 9, Oops: 0, ImmediateOops: 0, NonImmediateOops: No
[3,807s][debug][gc,nmethod     ] Register NMethod: jdk.internal.foreign.AbstractMemorySegmentImpl.toArray (0x000071df401dea08) [0x000071df401deb00, 0x000071df401e06c0] Compiler: c1, Barriers: 14, Oops: 4, ImmediateOops: 21, NonImmediateOops: No
[3,807s][debug][gc,nmethod     ] Register NMethod: java.lang.foreign.MemorySegment.copy (0x000071df401e0708) [0x000071df401e0800, 0x000071df401e2388] Compiler: c1, Barriers: 14, Oops: 4, ImmediateOops: 20, NonImmediateOops: No
[3,807s][debug][gc,nmethod     ] Register NMethod: jdk.internal.foreign.HeapMemorySegmentImpl$OfByte.maxAlignMask (0x000071df401e2408) [0x000071df401e2500, 0x000071df401e2600] Compiler: c1, Barriers: 0, Oops: 0, ImmediateOops: 0, NonImmediateOops: No
[3,807s][debug][gc,nmethod     ] Register NMethod: java.lang.foreign.MemorySegment.ofArray (0x000071df401e2708) [0x000071df401e2800, 0x000071df401e2910] Compiler: c1, Barriers: 0, Oops: 0, ImmediateOops: 0, NonImmediateOops: No
[3,807s][debug][gc,nmethod     ] Register NMethod: jdk.internal.foreign.HeapMemorySegmentImpl.<init> (0x000071df401e2a08) [0x000071df401e2b00, 0x000071df401e2cf0] Compiler: c1, Barriers: 6, Oops: 0, ImmediateOops: 0, NonImmediateOops: No
[3,807s][debug][gc,nmethod     ] Register NMethod: jdk.internal.foreign.HeapMemorySegmentImpl$OfByte.<init> (0x000071df401e2d08) [0x000071df401e2e00, 0x000071df401e3000] Compiler: c1, Barriers: 6, Oops: 0, ImmediateOops: 0, NonImmediateOops: No
[3,808s][debug][gc,nmethod     ] Register NMethod: java.nio.Buffer.nextPutIndex (0x000071df401e3008) [0x000071df401e3100, 0x000071df401e32c0] Compiler: c1, Barriers: 0, Oops: 0, ImmediateOops: 0, NonImmediateOops: No
[3,808s][debug][gc,nmethod     ] Register NMethod: java.util.concurrent.ConcurrentHashMap$EntrySpliterator.characteristics (0x000071df5ee39988) [0x000071df5ee39a80, 0x000071df5ee39b40] Compiler: c1, Barriers: 0, Oops: 0, ImmediateOops: 0, NonImmediateOops: No
[3,808s][debug][gc,nmethod     ] Register NMethod: java.lang.invoke.LambdaForm$DMH/0x00000000ae19e800.invokeStatic (0x000071df401e3308) [0x000071df401e3400, 0x000071df401e37c8] Compiler: c1, Barriers: 1, Oops: 1, ImmediateOops: 0, NonImmediateOops: No
[3,808s][debug][gc,nmethod     ] Register NMethod: jdk.internal.foreign.layout.ValueLayouts$OfByteImpl.dup (0x000071df401e3808) [0x000071df401e3900, 0x000071df401e3a90] Compiler: c1, Barriers: 0, Oops: 0, ImmediateOops: 0, NonImmediateOops: No
[3,809s][debug][gc,nmethod     ] Register NMethod: jdk.internal.foreign.AbstractMemorySegmentImpl.isAlignedForElement (0x000071df5ee39c88) [0x000071df5ee39d80, 0x000071df5ee39ff8] Compiler: jvmci, Barriers: 0, Oops: 0, ImmediateOops: 0, NonImmediateOops: No
[3,813s][debug][gc,nmethod     ] Register NMethod: jdk.internal.foreign.GlobalSession.<init> (0x000071df401e3b08) [0x000071df401e3c00, 0x000071df401e3e00] Compiler: c1, Barriers: 6, Oops: 0, ImmediateOops: 0, NonImmediateOops: No
[3,813s][debug][gc,nmethod     ] Register NMethod: jdk.internal.foreign.layout.ValueLayouts$OfByteImpl.withOrder (0x000071df401e3e08) [0x000071df401e3f00, 0x000071df401e4060] Compiler: c1, Barriers: 0, Oops: 0, ImmediateOops: 0, NonImmediateOops: No
[3,815s][debug][gc,director    ] Rule Major: Warmup 10%, Used: 1226MB, UsedThreshold: 1228MB
[3,815s][debug][gc,director    ] Rule Minor: High Usage, Free: 11020MB(89,7%)
[3,816s][debug][gc,nmethod     ] Register NMethod: jdk.internal.misc.ScopedMemoryAccess.copyMemory (0x000071df5ee3a008) [0x000071df5ee3a100, 0x000071df5ee3a550] Compiler: jvmci, Barriers: 7, Oops: 1, ImmediateOops: 0, NonImmediateOops: No
[3,816s][debug][gc,nmethod     ] Register NMethod: sun.security.provider.DigestBase.engineUpdate (0x000071df401e4108) [0x000071df401e4200, 0x000071df401e53e0] Compiler: c1, Barriers: 4, Oops: 1, ImmediateOops: 1, NonImmediateOops: No
[3,816s][debug][gc,nmethod     ] Register NMethod: java.nio.HeapByteBuffer.putLong (0x000071df401e5408) [0x000071df401e5500, 0x000071df401e7010] Compiler: c1, Barriers: 6, Oops: 1, ImmediateOops: 4, NonImmediateOops: No
[3,817s][debug][gc,nmethod     ] Register NMethod: io.sirix.node.json.JsonNodeSerializer.writeSizePrefix (0x000071df5ee3a588) [0x000071df5ee3a680, 0x000071df5ee3b8f0] Compiler: jvmci, Barriers: 31, Oops: 1, ImmediateOops: 0, NonImmediateOops: No
[3,817s][debug][gc,nmethod     ] Register NMethod: jdk.internal.foreign.HeapMemorySegmentImpl$OfByte.unsafeGetOffset (0x000071df5ee3b908) [0x000071df5ee3ba00, 0x000071df5ee3ba88] Compiler: jvmci, Barriers: 0, Oops: 0, ImmediateOops: 0, NonImmediateOops: No
[3,818s][debug][gc,nmethod     ] Register NMethod: jdk.internal.foreign.SegmentFactories$1.cleanup (0x000071df5ee3bc08) [0x000071df5ee3bd00, 0x000071df5ee3be20] Compiler: jvmci, Barriers: 0, Oops: 0, ImmediateOops: 1, NonImmediateOops: No
[3,819s][debug][gc,nmethod     ] Register NMethod: jdk.internal.foreign.AbstractMemorySegmentImpl.<init> (0x000071df5ee3bf08) [0x000071df5ee3c020, 0x000071df5ee3c118] Compiler: jvmci, Barriers: 3, Oops: 0, ImmediateOops: 0, NonImmediateOops: No
[3,819s][debug][gc,nmethod     ] Register NMethod: jdk.internal.misc.ScopedMemoryAccess.getScopedMemoryAccess (0x000071df5ee3c208) [0x000071df5ee3c300, 0x000071df5ee3c370] Compiler: jvmci, Barriers: 0, Oops: 0, ImmediateOops: 1, NonImmediateOops: No
[3,819s][debug][gc,nmethod     ] Register NMethod: jdk.internal.foreign.MemorySessionImpl$ResourceList.cleanupSingle (0x000071df5ee3c508) [0x000071df5ee3c600, 0x000071df5ee3c758] Compiler: jvmci, Barriers: 0, Oops: 0, ImmediateOops: 1, NonImmediateOops: No
[3,819s][debug][gc,nmethod     ] Register NMethod: java.lang.ref.SoftReference.get (0x000071df5ee3c808) [0x000071df5ee3c900, 0x000071df5ee3ca38] Compiler: jvmci, Barriers: 2, Oops: 0, ImmediateOops: 1, NonImmediateOops: No
[3,820s][debug][gc,nmethod     ] Register NMethod: jdk.internal.foreign.MemorySessionImpl.<init> (0x000071df5ee3cb08) [0x000071df5ee3cc00, 0x000071df5ee3cd58] Compiler: jvmci, Barriers: 6, Oops: 0, ImmediateOops: 0, NonImmediateOops: No
[3,822s][debug][gc,nmethod     ] Register NMethod: io.sirix.page.KeyValueLeafPage.setData (0x000071df5ee3ce08) [0x000071df5ee3cf00, 0x000071df5ee3f4a8] Compiler: jvmci, Barriers: 34, Oops: 3, ImmediateOops: 3, NonImmediateOops: No
[3,823s][debug][gc,nmethod     ] Register NMethod: jdk.internal.foreign.layout.ValueLayouts$OfByteImpl.<init> (0x000071df5ee3f508) [0x000071df5ee3f600, 0x000071df5ee3f850] Compiler: jvmci, Barriers: 9, Oops: 1, ImmediateOops: 1, NonImmediateOops: No
[3,825s][debug][gc,nmethod     ] Register NMethod: io.sirix.node.GrowingMemorySegment.grow (0x000071df5ee3f888) [0x000071df5ee3f980, 0x000071df5ee41348] Compiler: jvmci, Barriers: 39, Oops: 3, ImmediateOops: 6, NonImmediateOops: No
[3,826s][debug][gc,nmethod     ] Register NMethod: jdk.internal.foreign.SegmentFactories.fromArray (0x000071df5ee41388) [0x000071df5ee41480, 0x000071df5ee41700] Compiler: jvmci, Barriers: 7, Oops: 0, ImmediateOops: 0, NonImmediateOops: No
[3,827s][debug][gc,nmethod     ] Register NMethod: jdk.internal.foreign.layout.MemoryLayoutUtil.requireByteSizeValid (0x000071df5ee41708) [0x000071df5ee41800, 0x000071df5ee418b0] Compiler: jvmci, Barriers: 0, Oops: 0, ImmediateOops: 0, NonImmediateOops: No
[3,828s][debug][gc,nmethod     ] Register NMethod: jdk.internal.foreign.Utils.isPowerOfTwo (0x000071df5ee41a08) [0x000071df5ee41b00, 0x000071df5ee41ba8] Compiler: jvmci, Barriers: 0, Oops: 0, ImmediateOops: 0, NonImmediateOops: No
[3,828s][debug][gc,nmethod     ] Register NMethod: jdk.internal.foreign.layout.AbstractLayout.requirePowerOfTwoAndGreaterOrEqualToOne (0x000071df5ee41d08) [0x000071df5ee41e00, 0x000071df5ee41eb8] Compiler: jvmci, Barriers: 0, Oops: 0, ImmediateOops: 0, NonImmediateOops: No
[3,828s][debug][gc,nmethod     ] Register NMethod: jdk.internal.foreign.layout.ValueLayouts$AbstractValueLayout.assertCarrierSize (0x000071df5ee42008) [0x000071df5ee42100, 0x000071df5ee42160] Compiler: jvmci, Barriers: 0, Oops: 0, ImmediateOops: 0, NonImmediateOops: No
[3,829s][debug][gc,director    ] Rule Major: Warmup 10%, Used: 1226MB, UsedThreshold: 1228MB
[3,829s][debug][gc,director    ] Rule Minor: High Usage, Free: 11020MB(89,7%)
[3,832s][debug][gc,nmethod     ] Register NMethod: jdk.internal.foreign.layout.ValueLayouts$AbstractValueLayout.<init> (0x000071df5ee42308) [0x000071df5ee42400, 0x000071df5ee42680] Compiler: jvmci, Barriers: 9, Oops: 0, ImmediateOops: 0, NonImmediateOops: No
[3,834s][debug][gc,nmethod     ] Register NMethod: java.lang.Class.reflectionData (0x000071df5ee42688) [0x000071df5ee42780, 0x000071df5ee42d88] Compiler: jvmci, Barriers: 17, Oops: 0, ImmediateOops: 2, NonImmediateOops: No
[3,834s][debug][gc,nmethod     ] Register NMethod: io.sirix.node.xml.AttributeNode.getPrefixKey (0x000071df5ee42e08) [0x000071df5ee42f00, 0x000071df5ee431b0] Compiler: jvmci, Barriers: 4, Oops: 1, ImmediateOops: 0, NonImmediateOops: No
[3,835s][debug][gc,nmethod     ] Register NMethod: jdk.internal.foreign.HeapMemorySegmentImpl$OfByte.unsafeGetBase (0x000071df5ee43208) [0x000071df5ee43300, 0x000071df5ee43408] Compiler: jvmci, Barriers: 1, Oops: 0, ImmediateOops: 0, NonImmediateOops: No
[3,837s][debug][gc,nmethod     ] Register NMethod: io.sirix.node.xml.AttributeNode.getLocalNameKey (0x000071df5ee43508) [0x000071df5ee43600, 0x000071df5ee438b0] Compiler: jvmci, Barriers: 4, Oops: 1, ImmediateOops: 0, NonImmediateOops: No
[3,837s][debug][gc,nmethod     ] Register NMethod: io.sirix.node.xml.AttributeNode.getURIKey (0x000071df5ee43908) [0x000071df5ee43a00, 0x000071df5ee43cb0] Compiler: jvmci, Barriers: 4, Oops: 1, ImmediateOops: 0, NonImmediateOops: No
[3,839s][debug][gc,director    ] Rule Major: Warmup 10%, Used: 1226MB, UsedThreshold: 1228MB
[3,839s][debug][gc,director    ] Rule Minor: High Usage, Free: 11020MB(89,7%)
[3,839s][debug][gc,nmethod     ] Register NMethod: jdk.internal.foreign.Utils.checkElementAlignment (0x000071df5ee43d08) [0x000071df5ee43e00, 0x000071df5ee43ee0] Compiler: jvmci, Barriers: 0, Oops: 0, ImmediateOops: 0, NonImmediateOops: No
[3,841s][debug][gc,nmethod     ] Register NMethod: java.lang.Class.getSimpleName (0x000071df5ee44008) [0x000071df5ee44100, 0x000071df5ee44420] Compiler: jvmci, Barriers: 7, Oops: 0, ImmediateOops: 1, NonImmediateOops: No
[3,842s][debug][gc,nmethod     ] Register NMethod: jdk.internal.foreign.AbstractMemorySegmentImpl$$Lambda/0x00000000ae1ec240.apply (0x000071df5ee44488) [0x000071df5ee44580, 0x000071df5ee44878] Compiler: jvmci, Barriers: 7, Oops: 0, ImmediateOops: 0, NonImmediateOops: No
[3,842s][debug][gc,nmethod     ] Register NMethod: jdk.internal.foreign.layout.ValueLayouts$OfByteImpl.withOrder (0x000071df5ee44888) [0x000071df5ee44980, 0x000071df5ee44bd0] Compiler: jvmci, Barriers: 7, Oops: 0, ImmediateOops: 1, NonImmediateOops: No
[3,844s][debug][gc,nmethod     ] Register NMethod: jdk.internal.foreign.layout.ValueLayouts$AbstractValueLayout.withOrder (0x000071df5ee44c08) [0x000071df5ee44d00, 0x000071df5ee44f70] Compiler: jvmci, Barriers: 7, Oops: 0, ImmediateOops: 1, NonImmediateOops: No
[3,844s][debug][gc,nmethod     ] Register NMethod: jdk.internal.foreign.layout.ValueLayouts$OfByteImpl.dup (0x000071df5ee44f88) [0x000071df5ee45080, 0x000071df5ee45278] Compiler: jvmci, Barriers: 6, Oops: 0, ImmediateOops: 1, NonImmediateOops: No
[3,844s][debug][gc,nmethod     ] Register NMethod: jdk.internal.foreign.HeapMemorySegmentImpl$OfByte.maxAlignMask (0x000071df5ee45288) [0x000071df5ee45380, 0x000071df5ee45408] Compiler: jvmci, Barriers: 0, Oops: 0, ImmediateOops: 0, NonImmediateOops: No
[3,845s][debug][gc,nmethod     ] Register NMethod: jdk.internal.foreign.HeapMemorySegmentImpl$OfByte.<init> (0x000071df5ee45588) [0x000071df5ee456a0, 0x000071df5ee45808] Compiler: jvmci, Barriers: 6, Oops: 0, ImmediateOops: 0, NonImmediateOops: No
[3,847s][debug][gc,nmethod     ] Register NMethod: jdk.internal.foreign.AbstractMemorySegmentImpl$$Lambda/0x00000000ae1eae98.apply (0x000071df5ee45888) [0x000071df5ee45980, 0x000071df5ee45b80] Compiler: jvmci, Barriers: 0, Oops: 0, ImmediateOops: 0, NonImmediateOops: No
[3,849s][debug][gc,director    ] Rule Major: Warmup 10%, Used: 1226MB, UsedThreshold: 1228MB
[3,849s][debug][gc,director    ] Rule Minor: High Usage, Free: 11020MB(89,7%)
[3,849s][debug][gc,nmethod     ] Register NMethod: jdk.internal.foreign.layout.ValueLayouts$OfByteImpl.dup (0x000071df5ee45b88) [0x000071df5ee45c80, 0x000071df5ee45e78] Compiler: jvmci, Barriers: 6, Oops: 0, ImmediateOops: 1, NonImmediateOops: No
[3,854s][debug][gc,nmethod     ] Register NMethod: jdk.internal.foreign.AbstractMemorySegmentImpl.copy (0x000071df5ee45e88) [0x000071df5ee45f80, 0x000071df5ee46758] Compiler: jvmci, Barriers: 6, Oops: 0, ImmediateOops: 0, NonImmediateOops: No
[3,859s][debug][gc,director    ] Rule Major: Warmup 10%, Used: 1226MB, UsedThreshold: 1228MB
[3,859s][debug][gc,director    ] Rule Minor: High Usage, Free: 11020MB(89,7%)
[3,862s][debug][gc,nmethod     ] Register NMethod: sun.security.provider.SHA2.implCompress0 (0x000071df5ee46788) [0x000071df5ee46880, 0x000071df5ee47608] Compiler: jvmci, Barriers: 5, Oops: 0, ImmediateOops: 1, NonImmediateOops: No
[3,864s][debug][gc,nmethod     ] Register NMethod: net.jpountz.lz4.LZ4JNI.LZ4_compress_limitedOutput (0x000071df5ee47688) [0x000071df5ee47780, 0x000071df5ee47950] Compiler: , Barriers: 0, Oops: 1, ImmediateOops: 1, NonImmediateOops: No
[3,864s][debug][gc,alloc       ] Mutator Allocation Rate: 496,0MB/s Predicted: 546,7MB/s, Avg: 355,9(+/-104,7)MB/s
[3,864s][debug][gc,director    ] Rule Major: Warmup 10%, Used: 1234MB, UsedThreshold: 1228MB
[3,864s][info ][gc             ] GC(1) Major Collection (Warmup)
[3,864s][info ][gc,task        ] GC(1) Using 5 Workers for Young Generation
[3,864s][info ][gc,task        ] GC(1) Using 3 Workers for Old Generation
[3,864s][debug][gc,heap        ] GC(1) Y: Heap Before GC invocations=1 (full 1):
[3,864s][debug][gc,heap        ] GC(1) Y:  ZHeap           used 1234M, capacity 5120M, max capacity 12288M
[3,864s][debug][gc,heap        ] GC(1) Y:   Cache          3886M (1)
[3,864s][debug][gc,heap        ] GC(1) Y:    size classes  2G (1)
[3,864s][debug][gc,metaspace   ] GC(1) Y: Metaspace Before GC invocations=1 (full 1):
[3,864s][debug][gc,metaspace   ] GC(1) Y:  Metaspace       used 32956K, committed 33344K, reserved 1114112K
[3,864s][debug][gc,metaspace   ] GC(1) Y:   class space    used 2600K, committed 2752K, reserved 1048576K
[3,864s][info ][gc,phases      ] GC(1) Y: Young Generation
[3,864s][debug][gc,reloc       ] Synchronize all workers 1 _nworkers: 0 _nsynchronized: 0
[3,865s][debug][gc,reloc       ] Synchronize all workers 1 _nworkers: 0 _nsynchronized: 0
[3,865s][debug][gc,phases,start] GC(1) Y: Pause Mark Start (Major)
[3,865s][debug][gc,tlab        ] GC(1) Y: TLAB usage update: used 216M -> 982M, capacity: 216M -> 445M
[3,865s][debug][gc,marking     ] GC(1) Y: Using 4 mark stripes
[3,865s][debug][gc,marking     ] GC(1) Y: Mark Worker/Stripe Distribution
[3,865s][debug][gc,marking     ] GC(1) Y:   Worker 0(5) -> Stripe 0(4)
[3,865s][debug][gc,marking     ] GC(1) Y:   Worker 1(5) -> Stripe 1(4)
[3,865s][debug][gc,marking     ] GC(1) Y:   Worker 2(5) -> Stripe 2(4)
[3,865s][debug][gc,marking     ] GC(1) Y:   Worker 3(5) -> Stripe 3(4)
[3,865s][debug][gc,marking     ] GC(1) Y:   Worker 4(5) -> Stripe 0(4)
[3,865s][debug][gc,marking     ] GC(1) Y: Using 2 mark stripes
[3,865s][debug][gc,marking     ] GC(1) Y: Mark Worker/Stripe Distribution
[3,865s][debug][gc,marking     ] GC(1) Y:   Worker 0(3) -> Stripe 0(2)
[3,865s][debug][gc,marking     ] GC(1) Y:   Worker 1(3) -> Stripe 1(2)
[3,865s][debug][gc,marking     ] GC(1) Y:   Worker 2(3) -> Stripe 0(2)
[3,865s][info ][gc,phases      ] GC(1) Y: Pause Mark Start (Major) 0,135ms
[3,865s][debug][gc,marking     ] Resurrection broke termination
[3,865s][debug][gc,reloc       ] Desynchronize all workers _nworkers: 0 _nsynchronized: 0
[3,865s][debug][gc,reloc       ] Desynchronize all workers _nworkers: 0 _nsynchronized: 0
[3,865s][debug][gc,nmethod     ] Register NMethod: net.jpountz.lz4.LZ4Factory.fastCompressor (0x000071df5ee47988) [0x000071df5ee47a80, 0x000071df5ee47b68] Compiler: c1, Barriers: 1, Oops: 1, ImmediateOops: 0, NonImmediateOops: No
[3,865s][debug][gc,phases,start] GC(1) Y: Concurrent Mark
[3,865s][debug][gc             ] JNI Critical Stall (ForkJoinPool.commonPool-worker-5) 0,530ms
[3,865s][debug][gc,phases,start] GC(1) Y: Concurrent Mark Roots
[3,865s][debug][gc,task        ] GC(1) Y: Executing ZMarkYoungRootsTask using ZWorkerYoung with 5 workers
[3,865s][debug][gc,nmethod     ] Register NMethod: sun.security.provider.ByteArrayAccess.i2bBig4 (0x000071df401e7088) [0x000071df401e7180, 0x000071df401e7cf0] Compiler: c1, Barriers: 0, Oops: 5, ImmediateOops: 5, NonImmediateOops: No
[3,865s][debug][gc             ] JNI Critical Stall (ForkJoinPool.commonPool-worker-18) 0,653ms
[3,865s][debug][gc             ] JNI Critical Stall (ForkJoinPool.commonPool-worker-3) 0,791ms
[3,865s][debug][gc             ] JNI Critical Stall (ForkJoinPool.commonPool-worker-19) 0,339ms
[3,865s][debug][gc             ] JNI Critical Stall (ForkJoinPool.commonPool-worker-16) 0,695ms
[3,865s][debug][gc             ] JNI Critical Stall (ForkJoinPool.commonPool-worker-12) 0,924ms
[3,866s][debug][gc,nmethod     ] Register NMethod: net.jpountz.lz4.LZ4BlockOutputStream.flush (0x000071df401e7d88) [0x000071df401e7e80, 0x000071df401e8290] Compiler: c1, Barriers: 2, Oops: 1, ImmediateOops: 0, NonImmediateOops: No
[3,866s][debug][gc,nmethod     ] Register NMethod: net.jpountz.lz4.LZ4BlockOutputStream.ensureNotFinished (0x000071df401e8308) [0x000071df401e8400, 0x000071df401e85f8] Compiler: c1, Barriers: 0, Oops: 1, ImmediateOops: 1, NonImmediateOops: No
[3,871s][debug][gc,nmethod     ] Register NMethod: sun.security.provider.SHA2.implCompress (0x000071df5ee47c88) [0x000071df5ee47d80, 0x000071df5ee47eb8] Compiler: jvmci, Barriers: 1, Oops: 0, ImmediateOops: 0, NonImmediateOops: No
[3,872s][debug][gc,tlab        ] GC(1) Y: TLAB totals: thrds: 37  refills: 3757 max: 3623 slow allocs: 547 max 411 waste:  0,4% gc: 1527088B max: 260304B slow: 2668344B max: 2591080B
[3,872s][debug][gc,phases      ] GC(1) Y: Concurrent Mark Roots 7,123ms
[3,872s][debug][gc,phases,start] GC(1) Y: Concurrent Mark Follow
[3,872s][debug][gc,marking     ] GC(1) Y: Using 4 mark stripes
[3,872s][debug][gc,task        ] GC(1) Y: Executing ZRememberedScanMarkFollowTask using ZWorkerYoung with 5 workers
[3,874s][debug][gc,nmethod     ] Register NMethod: jdk.internal.foreign.AbstractMemorySegmentImpl.toArray (0x000071df5ee47f88) [0x000071df5ee48080, 0x000071df5ee48bf0] Compiler: jvmci, Barriers: 12, Oops: 5, ImmediateOops: 1, NonImmediateOops: No
[3,882s][debug][gc,nmethod     ] Register NMethod: io.sirix.page.KeyValueLeafPage.processEntries (0x000071df401e8608) [0x000071df401e8700, 0x000071df401fcbf8] Compiler: c1, Barriers: 62, Oops: 5, ImmediateOops: 41, NonImmediateOops: No
[3,890s][debug][gc,nmethod     ] Register NMethod: jdk.internal.foreign.abi.DowncallStub/0x00000000ae1a9400.invoke (0x000071df401fcc88) [0x000071df401fcd80, 0x000071df401ff3f0] Compiler: c1, Barriers: 2, Oops: 6, ImmediateOops: 4, NonImmediateOops: No
[3,891s][debug][gc,nmethod     ] Register NMethod: java.lang.invoke.LambdaForm$DMH/0x00000000ae1a9800.invokeStatic (0x000071df401ff488) [0x000071df401ff580, 0x000071df401ff950] Compiler: c1, Barriers: 1, Oops: 1, ImmediateOops: 0, NonImmediateOops: No
[3,891s][debug][gc,nmethod     ] Register NMethod: java.lang.invoke.LambdaForm$MH/0x00000000ae24c800.invokeExact_MT (0x000071df401ff988) [0x000071df401ffa80, 0x000071df40200608] Compiler: c1, Barriers: 3, Oops: 1, ImmediateOops: 0, NonImmediateOops: No
[3,891s][debug][gc,nmethod     ] Register NMethod: java.lang.invoke.LambdaForm$MH/0x00000000ae24d000.invokeExact_MT (0x000071df40200688) [0x000071df40200780, 0x000071df40201320] Compiler: c1, Barriers: 3, Oops: 1, ImmediateOops: 0, NonImmediateOops: No
[3,894s][debug][gc,nmethod     ] Register NMethod: java.nio.HeapByteBuffer.put (0x000071df40201388) [0x000071df40201480, 0x000071df40201938] Compiler: c1, Barriers: 1, Oops: 0, ImmediateOops: 0, NonImmediateOops: No
[3,894s][debug][gc,nmethod     ] Register NMethod: java.nio.Buffer.nextPutIndex (0x000071df40201988) [0x000071df40201a80, 0x000071df40201c40] Compiler: c1, Barriers: 0, Oops: 0, ImmediateOops: 0, NonImmediateOops: No
[3,897s][debug][gc,nmethod     ] Register NMethod: java.util.stream.Sink.begin (0x000071df40201c88) [0x000071df40201d80, 0x000071df40201e80] Compiler: c1, Barriers: 0, Oops: 0, ImmediateOops: 0, NonImmediateOops: No
[3,897s][debug][gc,nmethod     ] Register NMethod: io.sirix.page.KeyValueLeafPage.processEntries (0x000071df40201f88) [0x000071df40202080, 0x000071df40216628] Compiler: c1, Barriers: 66, Oops: 5, ImmediateOops: 41, NonImmediateOops: No
[3,909s][debug][gc,nmethod     ] Register NMethod: sun.security.provider.DigestBase.implCompressMultiBlock0 (0x000071df5ee48c88) [0x000071df5ee48d80, 0x000071df5ee490b0] Compiler: jvmci, Barriers: 1, Oops: 0, ImmediateOops: 0, NonImmediateOops: No
[3,910s][debug][gc,nmethod     ] Register NMethod: sun.security.provider.DigestBase.engineUpdate (0x000071df40216688) [0x000071df40216780, 0x000071df40217628] Compiler: c1, Barriers: 4, Oops: 1, ImmediateOops: 1, NonImmediateOops: No
[3,920s][debug][gc,nmethod     ] Register NMethod: jdk.internal.foreign.MemorySessionImpl$ResourceList.cleanup (0x000071df40217688) [0x000071df40217780, 0x000071df40217f18] Compiler: c1, Barriers: 1, Oops: 0, ImmediateOops: 0, NonImmediateOops: No
[3,921s][debug][gc,nmethod     ] Register NMethod: io.sirix.node.NodeKind$4.serialize (0x000071df5ee49108) [0x000071df5ee49200, 0x000071df5ee4c498] Compiler: jvmci, Barriers: 85, Oops: 3, ImmediateOops: 0, NonImmediateOops: No
[3,925s][debug][gc,nmethod     ] Register NMethod: jdk.internal.foreign.MemorySessionImpl$ResourceList.cleanup (0x000071df40217f88) [0x000071df40218080, 0x000071df402187b0] Compiler: c1, Barriers: 1, Oops: 0, ImmediateOops: 0, NonImmediateOops: No
[3,930s][debug][gc,nmethod     ] Register NMethod: java.util.stream.Node.getChildCount (0x000071df5ee4c508) [0x000071df5ee4c600, 0x000071df5ee4c6c0] Compiler: c1, Barriers: 0, Oops: 0, ImmediateOops: 0, NonImmediateOops: No
[3,930s][debug][gc,nmethod     ] Register NMethod: sun.security.provider.DigestBase.implCompressMultiBlock0 (0x000071df5ee4c808) [0x000071df5ee4c900, 0x000071df5ee4cae0] Compiler: jvmci, Barriers: 1, Oops: 0, ImmediateOops: 0, NonImmediateOops: No
[3,930s][debug][gc,nmethod     ] Register NMethod: io.sirix.cache.LinuxMemorySegmentAllocator.release (0x000071df40218808) [0x000071df40218900, 0x000071df40224770] Compiler: c1, Barriers: 94, Oops: 27, ImmediateOops: 36, NonImmediateOops: No
[3,930s][debug][gc,nmethod     ] Register NMethod: io.sirix.page.KeyValueLeafPage.resizeMemorySegment (0x000071df5ee4cb08) [0x000071df5ee4cc00, 0x000071df5ee4d298] Compiler: jvmci, Barriers: 5, Oops: 1, ImmediateOops: 0, NonImmediateOops: No
[3,930s][debug][gc,nmethod     ] Register NMethod: java.util.stream.ReferencePipeline$2$1.begin (0x000071df40224888) [0x000071df40224980, 0x000071df40224cc0] Compiler: c1, Barriers: 1, Oops: 0, ImmediateOops: 0, NonImmediateOops: No
[3,932s][debug][gc,nmethod     ] Register NMethod: com.google.common.base.Preconditions.checkPositionIndexes (0x000071df40224d08) [0x000071df40224e00, 0x000071df40225068] Compiler: c1, Barriers: 0, Oops: 1, ImmediateOops: 0, NonImmediateOops: No
[3,937s][debug][gc,nmethod     ] Register NMethod: com.google.common.hash.MessageDigestHashFunction$MessageDigestHasher.checkNotDone (0x000071df40225088) [0x000071df40225180, 0x000071df402254f0] Compiler: c1, Barriers: 0, Oops: 2, ImmediateOops: 2, NonImmediateOops: No
[3,937s][debug][gc,nmethod     ] Register NMethod: com.google.common.base.Preconditions.checkState (0x000071df40225508) [0x000071df40225600, 0x000071df40225a80] Compiler: c1, Barriers: 0, Oops: 1, ImmediateOops: 1, NonImmediateOops: No
[3,938s][debug][gc,nmethod     ] Register NMethod: java.io.DataOutputStream.flush (0x000071df40225b08) [0x000071df40225c00, 0x000071df40225f40] Compiler: c1, Barriers: 1, Oops: 0, ImmediateOops: 0, NonImmediateOops: No
[3,945s][debug][gc,nmethod     ] Register NMethod: jdk.internal.foreign.AbstractMemorySegmentImpl.set (0x000071df40225f88) [0x000071df40226080, 0x000071df4022b600] Compiler: c1, Barriers: 42, Oops: 6, ImmediateOops: 18, NonImmediateOops: No
[3,945s][debug][gc,nmethod     ] Register NMethod: java.lang.invoke.VarHandleSegmentAsShorts.set (0x000071df4022b688) [0x000071df4022b780, 0x000071df40230d50] Compiler: c1, Barriers: 24, Oops: 2, ImmediateOops: 7, NonImmediateOops: No
[3,947s][debug][gc,nmethod     ] Register NMethod: java.lang.invoke.VarHandleSegmentAsShorts.set (0x000071df40230d88) [0x000071df40230e80, 0x000071df402361d8] Compiler: c1, Barriers: 24, Oops: 2, ImmediateOops: 7, NonImmediateOops: No
[3,947s][debug][gc,nmethod     ] Register NMethod: io.sirix.node.GrowingMemorySegment.writeShort (0x000071df40236208) [0x000071df40236300, 0x000071df4023a130] Compiler: c1, Barriers: 5, Oops: 6, ImmediateOops: 11, NonImmediateOops: No
[3,951s][debug][gc,nmethod     ] Register NMethod: java.util.BitSet.toByteArray (0x000071df4023a188) [0x000071df4023a280, 0x000071df4023af00] Compiler: c1, Barriers: 3, Oops: 0, ImmediateOops: 1, NonImmediateOops: No
[3,951s][debug][gc,nmethod     ] Register NMethod: java.util.stream.AbstractSpinedBuffer.count (0x000071df4023af08) [0x000071df4023b000, 0x000071df4023b1d8] Compiler: c1, Barriers: 1, Oops: 0, ImmediateOops: 0, NonImmediateOops: No
[3,953s][debug][gc,nmethod     ] Register NMethod: io.sirix.node.MemorySegmentBytesIn.toByteArray (0x000071df4023b208) [0x000071df4023b300, 0x000071df40242140] Compiler: c1, Barriers: 7, Oops: 9, ImmediateOops: 16, NonImmediateOops: No
[3,954s][debug][gc,nmethod     ] Register NMethod: io.sirix.node.NodeKind$1.serialize (0x000071df5ee4d308) [0x000071df5ee4d400, 0x000071df5ee54d00] Compiler: jvmci, Barriers: 214, Oops: 1, ImmediateOops: 1, NonImmediateOops: No
[3,966s][debug][gc,nmethod     ] Register NMethod: net.jpountz.lz4.LZ4BlockOutputStream.writeIntLE (0x000071df5ee54d88) [0x000071df5ee54e80, 0x000071df5ee54f98] Compiler: jvmci, Barriers: 0, Oops: 1, ImmediateOops: 0, NonImmediateOops: No
[3,966s][debug][gc,nmethod     ] Register NMethod: net.jpountz.lz4.LZ4Compressor.compress (0x000071df40242208) [0x000071df40242300, 0x000071df40242608] Compiler: c1, Barriers: 0, Oops: 1, ImmediateOops: 0, NonImmediateOops: No
[3,967s][debug][gc,nmethod     ] Register NMethod: net.jpountz.lz4.LZ4BlockOutputStream.flushBufferedData (0x000071df40242688) [0x000071df40242780, 0x000071df40243820] Compiler: c1, Barriers: 14, Oops: 1, ImmediateOops: 0, NonImmediateOops: No
[3,967s][debug][gc,nmethod     ] Register NMethod: net.jpountz.lz4.LZ4JNICompressor.compress (0x000071df40243888) [0x000071df40243980, 0x000071df402445c0] Compiler: c1, Barriers: 0, Oops: 1, ImmediateOops: 3, NonImmediateOops: No
[3,967s][debug][gc,nmethod     ] Register NMethod: jdk.internal.foreign.MemorySessionImpl$ResourceList.cleanup (0x000071df5ee55088) [0x000071df5ee55180, 0x000071df5ee55518] Compiler: jvmci, Barriers: 2, Oops: 0, ImmediateOops: 1, NonImmediateOops: No
[3,968s][debug][gc,nmethod     ] Register NMethod: java.util.stream.AbstractPipeline.isParallel (0x000071df5ee55588) [0x000071df5ee55680, 0x000071df5ee55760] Compiler: jvmci, Barriers: 1, Oops: 0, ImmediateOops: 0, NonImmediateOops: No
[3,968s][debug][gc,alloc       ] Mutator Allocation Rate: 512,7MB/s Predicted: 564,2MB/s, Avg: 367,1(+/-108,7)MB/s
[3,969s][debug][gc,nmethod     ] Register NMethod: io.sirix.page.KeyValueLeafPage.addReferences (0x000071df40244608) [0x000071df40244700, 0x000071df40245820] Compiler: c1, Barriers: 6, Oops: 1, ImmediateOops: 0, NonImmediateOops: No
[3,970s][debug][gc,nmethod     ] Register NMethod: java.util.concurrent.ConcurrentHashMap$CollectionView.<init> (0x000071df40245888) [0x000071df40245980, 0x000071df40245b50] Compiler: c1, Barriers: 3, Oops: 0, ImmediateOops: 0, NonImmediateOops: No
[3,973s][debug][gc,nmethod     ] Register NMethod: net.jpountz.util.SafeUtils.checkRange (0x000071df5ee55888) [0x000071df5ee55980, 0x000071df5ee55a80] Compiler: jvmci, Barriers: 0, Oops: 1, ImmediateOops: 0, NonImmediateOops: No
[3,973s][debug][gc,nmethod     ] Register NMethod: com.google.common.base.Preconditions.checkArgument (0x000071df40245b88) [0x000071df40245c80, 0x000071df40246438] Compiler: c1, Barriers: 4, Oops: 1, ImmediateOops: 1, NonImmediateOops: No
[3,973s][debug][gc,nmethod     ] Register NMethod: com.google.common.hash.MessageDigestHashFunction.newHasher (0x000071df40246488) [0x000071df40246580, 0x000071df40247a30] Compiler: c1, Barriers: 15, Oops: 1, ImmediateOops: 2, NonImmediateOops: No
[3,974s][debug][gc,nmethod     ] Register NMethod: jdk.internal.foreign.MemorySessionImpl$ResourceList.cleanup (0x000071df5ee55b88) [0x000071df5ee55c80, 0x000071df5ee55e38] Compiler: jvmci, Barriers: 1, Oops: 0, ImmediateOops: 1, NonImmediateOops: No
[3,974s][debug][gc,nmethod     ] Register NMethod: java.security.MessageDigest.update (0x000071df40247a88) [0x000071df40247b80, 0x000071df402482c0] Compiler: c1, Barriers: 1, Oops: 0, ImmediateOops: 2, NonImmediateOops: No
[3,975s][debug][gc,nmethod     ] Register NMethod: com.google.common.hash.MessageDigestHashFunction$MessageDigestHasher.hash (0x000071df40248308) [0x000071df40248400, 0x000071df4024aef0] Compiler: c1, Barriers: 13, Oops: 2, ImmediateOops: 2, NonImmediateOops: No
[3,975s][debug][gc,nmethod     ] Register NMethod: java.io.ByteArrayOutputStream.<init> (0x000071df4024af08) [0x000071df4024b000, 0x000071df4024bec8] Compiler: c1, Barriers: 3, Oops: 1, ImmediateOops: 2, NonImmediateOops: No
[3,975s][debug][gc,nmethod     ] Register NMethod: java.util.ArrayList$ArrayListSpliterator.forEachRemaining (0x000071df4024bf08) [0x000071df4024c000, 0x000071df4024c758] Compiler: c1, Barriers: 4, Oops: 0, ImmediateOops: 0, NonImmediateOops: No
[3,975s][debug][gc,nmethod     ] Register NMethod: java.util.stream.AbstractPipeline.evaluateToArrayNode (0x000071df4024c788) [0x000071df4024c880, 0x000071df4024d818] Compiler: c1, Barriers: 3, Oops: 0, ImmediateOops: 1, NonImmediateOops: No
[3,976s][debug][gc,nmethod     ] Register NMethod: java.io.FilterOutputStream.close (0x000071df4024d888) [0x000071df4024d980, 0x000071df4024e968] Compiler: c1, Barriers: 4, Oops: 0, ImmediateOops: 0, NonImmediateOops: No
[3,976s][debug][gc,nmethod     ] Register NMethod: io.sirix.io.bytepipe.ByteHandlerPipeline.serialize (0x000071df4024e988) [0x000071df4024ea80, 0x000071df4024f6a0] Compiler: c1, Barriers: 1, Oops: 1, ImmediateOops: 0, NonImmediateOops: No
[3,976s][debug][gc,nmethod     ] Register NMethod: java.util.stream.Nodes.flatten (0x000071df4024f708) [0x000071df4024f800, 0x000071df40250538] Compiler: c1, Barriers: 3, Oops: 0, ImmediateOops: 1, NonImmediateOops: No
[3,980s][debug][gc,nmethod     ] Register NMethod: java.util.stream.ForEachOps$ForEachOp$OfRef.accept (0x000071df40250588) [0x000071df40250680, 0x000071df402509c0] Compiler: c1, Barriers: 1, Oops: 0, ImmediateOops: 0, NonImmediateOops: No
[3,981s][debug][gc,nmethod     ] Register NMethod: sun.security.provider.ByteArrayAccess.i2bBig (0x000071df40250a08) [0x000071df40250b00, 0x000071df40251760] Compiler: c1, Barriers: 0, Oops: 5, ImmediateOops: 5, NonImmediateOops: No
[3,981s][debug][gc,nmethod     ] Register NMethod: sun.security.provider.DigestBase.engineDigest (0x000071df40251808) [0x000071df40251900, 0x000071df40251d48] Compiler: c1, Barriers: 0, Oops: 0, ImmediateOops: 1, NonImmediateOops: No
[3,981s][debug][gc,nmethod     ] Register NMethod: java.security.MessageDigestSpi.<init> (0x000071df40251d88) [0x000071df40251e80, 0x000071df40251fd8] Compiler: c1, Barriers: 0, Oops: 0, ImmediateOops: 0, NonImmediateOops: No
[3,983s][debug][gc,nmethod     ] Register NMethod: java.security.MessageDigest.<init> (0x000071df40252088) [0x000071df40252180, 0x000071df40252430] Compiler: c1, Barriers: 6, Oops: 0, ImmediateOops: 0, NonImmediateOops: No
[3,983s][debug][gc,nmethod     ] Register NMethod: java.security.MessageDigest$Delegate.<init> (0x000071df40252488) [0x000071df40252580, 0x000071df40252900] Compiler: c1, Barriers: 9, Oops: 0, ImmediateOops: 0, NonImmediateOops: No
[3,983s][debug][gc,nmethod     ] Register NMethod: io.sirix.access.trx.page.NodePageTrx$$Lambda/0x00000000ae244248.test (0x000071df40252908) [0x000071df40252a00, 0x000071df40252f88] Compiler: c1, Barriers: 0, Oops: 1, ImmediateOops: 0, NonImmediateOops: No
[3,983s][debug][gc,nmethod     ] Register NMethod: io.sirix.access.trx.page.NodePageTrx.lambda$parallelSerializationOfKeyValuePages$0 (0x000071df40253008) [0x000071df40253100, 0x000071df402533e8] Compiler: c1, Barriers: 0, Oops: 1, ImmediateOops: 0, NonImmediateOops: No
[3,983s][debug][gc,nmethod     ] Register NMethod: io.sirix.access.trx.page.NodePageTrx$$Lambda/0x00000000ae244000.apply (0x000071df40253408) [0x000071df40253500, 0x000071df40253a18] Compiler: c1, Barriers: 1, Oops: 1, ImmediateOops: 0, NonImmediateOops: No
[3,984s][debug][gc,nmethod     ] Register NMethod: java.security.MessageDigest$Delegate$CloneableDelegate.<init> (0x000071df40253a88) [0x000071df40253b80, 0x000071df40253f68] Compiler: c1, Barriers: 9, Oops: 0, ImmediateOops: 0, NonImmediateOops: No
[3,985s][debug][gc,nmethod     ] Register NMethod: sun.security.provider.SHA2.clone (0x000071df40253f88) [0x000071df40254080, 0x000071df40254a28] Compiler: c1, Barriers: 14, Oops: 0, ImmediateOops: 0, NonImmediateOops: No
[3,985s][debug][gc,nmethod     ] Register NMethod: sun.security.provider.SHA2$SHA256.clone (0x000071df40254a88) [0x000071df40254b80, 0x000071df40255590] Compiler: c1, Barriers: 14, Oops: 0, ImmediateOops: 0, NonImmediateOops: No
[3,986s][debug][gc,nmethod     ] Register NMethod: sun.security.provider.DigestBase.clone (0x000071df40255608) [0x000071df40255700, 0x000071df40255c40] Compiler: c1, Barriers: 7, Oops: 0, ImmediateOops: 0, NonImmediateOops: No
[3,986s][debug][gc,nmethod     ] Register NMethod: net.jpountz.lz4.LZ4Compressor.maxCompressedLength (0x000071df40255c88) [0x000071df40255d80, 0x000071df40255eb0] Compiler: c1, Barriers: 0, Oops: 1, ImmediateOops: 0, NonImmediateOops: No
[3,988s][debug][gc,nmethod     ] Register NMethod: sun.security.provider.SHA2.implDigest (0x000071df40255f88) [0x000071df40256080, 0x000071df40258218] Compiler: c1, Barriers: 4, Oops: 5, ImmediateOops: 12, NonImmediateOops: No
[3,988s][debug][gc,nmethod     ] Register NMethod: net.jpountz.lz4.LZ4BlockOutputStream.write (0x000071df40258288) [0x000071df40258380, 0x000071df40258e18] Compiler: c1, Barriers: 2, Oops: 1, ImmediateOops: 2, NonImmediateOops: No
[3,990s][debug][gc,nmethod     ] Register NMethod: io.sirix.page.KeyValueLeafPage.resizeMemorySegment (0x000071df5ee55e88) [0x000071df5ee55f80, 0x000071df5ee57660] Compiler: jvmci, Barriers: 24, Oops: 1, ImmediateOops: 0, NonImmediateOops: No
[3,990s][debug][gc,nmethod     ] Register NMethod: net.jpountz.lz4.LZ4BlockOutputStream.<init> (0x000071df40258e88) [0x000071df40258f80, 0x000071df4025c318] Compiler: c1, Barriers: 39, Oops: 5, ImmediateOops: 38, NonImmediateOops: No
[3,990s][debug][gc,nmethod     ] Register NMethod: net.jpountz.lz4.LZ4BlockOutputStream.close (0x000071df4025c388) [0x000071df4025c480, 0x000071df4025c8f8] Compiler: c1, Barriers: 4, Oops: 1, ImmediateOops: 0, NonImmediateOops: No
[3,991s][debug][gc,nmethod     ] Register NMethod: net.jpountz.lz4.LZ4BlockOutputStream.finish (0x000071df4025c908) [0x000071df4025ca00, 0x000071df4025d2f8] Compiler: c1, Barriers: 6, Oops: 1, ImmediateOops: 1, NonImmediateOops: No
[3,991s][debug][gc,nmethod     ] Register NMethod: net.jpountz.lz4.LZ4BlockOutputStream.<init> (0x000071df4025d308) [0x000071df4025d400, 0x000071df4025de08] Compiler: c1, Barriers: 18, Oops: 1, ImmediateOops: 1, NonImmediateOops: No
[3,992s][debug][gc,nmethod     ] Register NMethod: java.util.Arrays.sort (0x000071df4025de88) [0x000071df4025df80, 0x000071df4025e1b0] Compiler: c1, Barriers: 0, Oops: 0, ImmediateOops: 0, NonImmediateOops: No
[3,992s][debug][gc,nmethod     ] Register NMethod: java.util.stream.ReferencePipeline$StatefulOp.<init> (0x000071df4025e208) [0x000071df4025e300, 0x000071df4025e4b8] Compiler: c1, Barriers: 0, Oops: 0, ImmediateOops: 0, NonImmediateOops: No
[3,992s][debug][gc,nmethod     ] Register NMethod: java.util.stream.ReferencePipeline.makeNodeBuilder (0x000071df4025e508) [0x000071df4025e600, 0x000071df4025e738] Compiler: c1, Barriers: 0, Oops: 0, ImmediateOops: 0, NonImmediateOops: No
[3,992s][debug][gc,nmethod     ] Register NMethod: java.util.stream.Nodes.builder (0x000071df4025e808) [0x000071df4025e900, 0x000071df4025eed8] Compiler: c1, Barriers: 3, Oops: 0, ImmediateOops: 0, NonImmediateOops: No
[3,993s][debug][gc,nmethod     ] Register NMethod: java.util.stream.SpinedBuffer.capacity (0x000071df4025ef08) [0x000071df4025f000, 0x000071df4025f2a0] Compiler: c1, Barriers: 4, Oops: 0, ImmediateOops: 0, NonImmediateOops: No
[3,993s][debug][gc,nmethod     ] Register NMethod: java.util.stream.SortedOps$OfRef.opWrapSink (0x000071df4025f308) [0x000071df4025f400, 0x000071df40260910] Compiler: c1, Barriers: 14, Oops: 2, ImmediateOops: 2, NonImmediateOops: No
[3,994s][debug][gc,nmethod     ] Register NMethod: io.sirix.io.bytepipe.LZ4Compressor.serialize (0x000071df40260988) [0x000071df40260a80, 0x000071df40260f38] Compiler: c1, Barriers: 1, Oops: 1, ImmediateOops: 0, NonImmediateOops: No
[3,995s][debug][gc,nmethod     ] Register NMethod: sun.security.provider.DigestBase.implCompressMultiBlockCheck (0x000071df40260f88) [0x000071df40261080, 0x000071df40261490] Compiler: c1, Barriers: 0, Oops: 1, ImmediateOops: 1, NonImmediateOops: No
[3,995s][debug][gc,nmethod     ] Register NMethod: java.util.stream.SortedOps$AbstractRefSortingSink.<init> (0x000071df40261508) [0x000071df40261600, 0x000071df40261c10] Compiler: c1, Barriers: 6, Oops: 0, ImmediateOops: 0, NonImmediateOops: No
[3,995s][debug][gc,nmethod     ] Register NMethod: net.jpountz.lz4.LZ4BlockOutputStream.<init> (0x000071df40261c88) [0x000071df40261d80, 0x000071df40264b10] Compiler: c1, Barriers: 36, Oops: 5, ImmediateOops: 38, NonImmediateOops: No
[3,996s][debug][gc,nmethod     ] Register NMethod: net.jpountz.lz4.LZ4BlockOutputStream.<init> (0x000071df40264b88) [0x000071df40264c80, 0x000071df402679c0] Compiler: c1, Barriers: 36, Oops: 5, ImmediateOops: 38, NonImmediateOops: No
[3,996s][debug][gc,nmethod     ] Register NMethod: net.jpountz.lz4.LZ4BlockOutputStream.compressionLevel (0x000071df40267a08) [0x000071df40267b00, 0x000071df40269838] Compiler: c1, Barriers: 0, Oops: 3, ImmediateOops: 4, NonImmediateOops: No
[3,996s][debug][gc,nmethod     ] Register NMethod: java.util.stream.AbstractPipeline.exactOutputSizeIfKnown (0x000071df40269888) [0x000071df40269980, 0x000071df4026a998] Compiler: c1, Barriers: 3, Oops: 2, ImmediateOops: 2, NonImmediateOops: No
[3,996s][debug][gc,nmethod     ] Register NMethod: java.util.stream.SpinedBuffer.ensureCapacity (0x000071df4026aa08) [0x000071df4026ab00, 0x000071df4026c300] Compiler: c1, Barriers: 26, Oops: 0, ImmediateOops: 0, NonImmediateOops: No
[4,001s][debug][gc,marking     ] GC(1) Y: Using 2 mark stripes
[4,001s][debug][gc,nmethod     ] Register NMethod: java.util.stream.Nodes$SpinedNodeBuilder.begin (0x000071df4026c308) [0x000071df4026c400, 0x000071df4026c918] Compiler: c1, Barriers: 0, Oops: 0, ImmediateOops: 0, NonImmediateOops: No
[4,002s][debug][gc,nmethod     ] Register NMethod: java.util.stream.SpinedBuffer.copyInto (0x000071df4026c988) [0x000071df4026ca80, 0x000071df4026d678] Compiler: c1, Barriers: 7, Oops: 0, ImmediateOops: 1, NonImmediateOops: No
[4,003s][debug][gc,nmethod     ] Register NMethod: io.sirix.access.trx.page.NodePageTrx.lambda$parallelSerializationOfKeyValuePages$1 (0x000071df4026d688) [0x000071df4026d780, 0x000071df4026e230] Compiler: c1, Barriers: 6, Oops: 2, ImmediateOops: 3, NonImmediateOops: No
[4,003s][debug][gc,nmethod     ] Register NMethod: java.util.stream.SpinedBuffer.clear (0x000071df4026e288) [0x000071df4026e380, 0x000071df4026ee00] Compiler: c1, Barriers: 19, Oops: 0, ImmediateOops: 0, NonImmediateOops: No
[4,003s][debug][gc,nmethod     ] Register NMethod: java.util.ArrayList.forEach (0x000071df4026ee08) [0x000071df4026ef00, 0x000071df4026f600] Compiler: c1, Barriers: 2, Oops: 0, ImmediateOops: 0, NonImmediateOops: No
[4,004s][debug][gc,nmethod     ] Register NMethod: java.util.ArrayList.sortRange (0x000071df4026f608) [0x000071df4026f700, 0x000071df4026f930] Compiler: c1, Barriers: 1, Oops: 0, ImmediateOops: 0, NonImmediateOops: No
[4,004s][debug][gc,nmethod     ] Register NMethod: java.util.stream.Nodes$SpinedNodeBuilder.copyInto (0x000071df4026f988) [0x000071df4026fa80, 0x000071df4026fbc0] Compiler: c1, Barriers: 0, Oops: 0, ImmediateOops: 0, NonImmediateOops: No
[4,004s][debug][gc,nmethod     ] Register NMethod: java.util.ArrayList.sort (0x000071df4026fc88) [0x000071df4026fd80, 0x000071df4026fee0] Compiler: c1, Barriers: 0, Oops: 0, ImmediateOops: 0, NonImmediateOops: No
[4,004s][debug][gc,nmethod     ] Register NMethod: java.util.stream.ReferencePipeline$$Lambda/0x00000000ae1c9320.apply (0x000071df4026ff88) [0x000071df40270080, 0x000071df40270260] Compiler: c1, Barriers: 0, Oops: 0, ImmediateOops: 0, NonImmediateOops: No
[4,004s][debug][gc,nmethod     ] Register NMethod: java.util.stream.ReferencePipeline.lambda$toArray$0 (0x000071df40270288) [0x000071df40270380, 0x000071df402704e8] Compiler: c1, Barriers: 0, Oops: 0, ImmediateOops: 0, NonImmediateOops: No
[4,004s][debug][gc,nmethod     ] Register NMethod: java.util.stream.SortedOps$RefSortingSink.begin (0x000071df40270588) [0x000071df40270680, 0x000071df40270c40] Compiler: c1, Barriers: 6, Oops: 0, ImmediateOops: 2, NonImmediateOops: No
[4,005s][debug][gc,nmethod     ] Register NMethod: java.util.stream.SortedOps$RefSortingSink.end (0x000071df40270c88) [0x000071df40270d80, 0x000071df402729e8] Compiler: c1, Barriers: 20, Oops: 1, ImmediateOops: 2, NonImmediateOops: No
[4,005s][debug][gc,nmethod     ] Register NMethod: java.util.stream.Nodes$SpinedNodeBuilder.build (0x000071df40272a08) [0x000071df40272b00, 0x000071df40272c10] Compiler: c1, Barriers: 0, Oops: 0, ImmediateOops: 0, NonImmediateOops: No
[4,006s][debug][gc,marking     ] GC(1) Y: Using 4 mark stripes
[4,007s][debug][gc,alloc       ] Mutator Allocation Rate: 540,7MB/s Predicted: 584,3MB/s, Avg: 378,7(+/-113,6)MB/s
[4,007s][debug][gc,nmethod     ] Register NMethod: java.util.concurrent.ConcurrentHashMap.entrySet (0x000071df40272d08) [0x000071df40272e00, 0x000071df402731d8] Compiler: c1, Barriers: 7, Oops: 0, ImmediateOops: 0, NonImmediateOops: No
[4,007s][debug][gc,nmethod     ] Register NMethod: java.util.concurrent.ConcurrentHashMap$EntrySetView.<init> (0x000071df40273208) [0x000071df40273300, 0x000071df40273530] Compiler: c1, Barriers: 3, Oops: 0, ImmediateOops: 0, NonImmediateOops: No
[4,007s][debug][gc,nmethod     ] Register NMethod: java.util.concurrent.ConcurrentHashMap$EntrySpliterator.<init> (0x000071df40273588) [0x000071df40273680, 0x000071df40273850] Compiler: c1, Barriers: 3, Oops: 0, ImmediateOops: 0, NonImmediateOops: No
[4,007s][debug][gc,nmethod     ] Register NMethod: java.util.stream.SpinedBuffer.asArray (0x000071df40273888) [0x000071df40273980, 0x000071df40274470] Compiler: c1, Barriers: 1, Oops: 0, ImmediateOops: 1, NonImmediateOops: No
[4,007s][debug][gc,nmethod     ] Register NMethod: java.util.stream.Nodes$SpinedNodeBuilder.end (0x000071df40274488) [0x000071df40274580, 0x000071df40274698] Compiler: c1, Barriers: 0, Oops: 0, ImmediateOops: 0, NonImmediateOops: No
[4,008s][debug][gc,nmethod     ] Register NMethod: java.util.concurrent.ConcurrentHashMap$EntrySpliterator.forEachRemaining (0x000071df40274788) [0x000071df40274880, 0x000071df40275260] Compiler: c1, Barriers: 12, Oops: 0, ImmediateOops: 0, NonImmediateOops: No
[4,008s][debug][gc,nmethod     ] Register NMethod: java.util.stream.Nodes$SpinedNodeBuilder.asArray (0x000071df40275288) [0x000071df40275380, 0x000071df402754c0] Compiler: c1, Barriers: 0, Oops: 0, ImmediateOops: 0, NonImmediateOops: No
[4,008s][debug][gc,nmethod     ] Register NMethod: jdk.internal.foreign.ConfinedSession$ConfinedResourceList.cleanup (0x000071df40275588) [0x000071df40275680, 0x000071df40275d18] Compiler: c1, Barriers: 5, Oops: 0, ImmediateOops: 4, NonImmediateOops: No
[4,009s][debug][gc,nmethod     ] Register NMethod: io.sirix.node.xml.ElementNode.getKind (0x000071df5ee57688) [0x000071df5ee57780, 0x000071df5ee57810] Compiler: jvmci, Barriers: 0, Oops: 1, ImmediateOops: 1, NonImmediateOops: No
[4,010s][debug][gc,nmethod     ] Register NMethod: io.sirix.access.trx.page.NodePageTrx$$Lambda/0x00000000ae2444a0.accept (0x000071df40275d88) [0x000071df40275e80, 0x000071df40276210] Compiler: c1, Barriers: 1, Oops: 1, ImmediateOops: 0, NonImmediateOops: No
[4,010s][debug][gc,nmethod     ] Register NMethod: io.sirix.node.xml.TextNode.getKind (0x000071df5ee57988) [0x000071df5ee57a80, 0x000071df5ee57b10] Compiler: jvmci, Barriers: 0, Oops: 1, ImmediateOops: 1, NonImmediateOops: No
[4,010s][debug][gc,nmethod     ] Register NMethod: java.util.concurrent.ConcurrentHashMap$EntrySetView.spliterator (0x000071df40276288) [0x000071df40276380, 0x000071df40276840] Compiler: c1, Barriers: 2, Oops: 0, ImmediateOops: 0, NonImmediateOops: No
[4,011s][debug][gc,nmethod     ] Register NMethod: jdk.internal.foreign.ConfinedSession.justClose (0x000071df40276888) [0x000071df40276980, 0x000071df40278238] Compiler: c1, Barriers: 3, Oops: 5, ImmediateOops: 7, NonImmediateOops: No
[4,012s][debug][gc,nmethod     ] Register NMethod: java.util.stream.SortedOps$RefSortingSink$$Lambda/0x00000000ae1da0a8.<init> (0x000071df40278288) [0x000071df40278380, 0x000071df40278550] Compiler: c1, Barriers: 3, Oops: 0, ImmediateOops: 0, NonImmediateOops: No
[4,012s][debug][gc,nmethod     ] Register NMethod: io.sirix.node.NodeSerializerImpl.serialize (0x000071df40278588) [0x000071df40278680, 0x000071df402790a0] Compiler: c1, Barriers: 1, Oops: 1, ImmediateOops: 0, NonImmediateOops: No
[4,012s][debug][gc,nmethod     ] Register NMethod: java.lang.invoke.VarHandleInts$FieldInstanceReadOnly.getVolatile (0x000071df40279108) [0x000071df40279200, 0x000071df40279bf0] Compiler: c1, Barriers: 1, Oops: 1, ImmediateOops: 0, NonImmediateOops: No
[4,019s][debug][gc,nmethod     ] Register NMethod: java.util.stream.SortedOps$OfRef.<init> (0x000071df40279c08) [0x000071df40279d00, 0x000071df4027a310] Compiler: c1, Barriers: 3, Oops: 1, ImmediateOops: 0, NonImmediateOops: No
[4,023s][debug][gc,nmethod     ] Register NMethod: java.security.MessageDigest$Delegate.clone (0x000071df4027a388) [0x000071df4027a480, 0x000071df4027b128] Compiler: c1, Barriers: 12, Oops: 0, ImmediateOops: 0, NonImmediateOops: No
[4,024s][debug][gc,nmethod     ] Register NMethod: io.sirix.node.xml.AttributeNode.getKind (0x000071df5ee57c88) [0x000071df5ee57d80, 0x000071df5ee57e10] Compiler: jvmci, Barriers: 0, Oops: 1, ImmediateOops: 1, NonImmediateOops: No
[4,024s][debug][gc,nmethod     ] Register NMethod: java.util.ImmutableCollections.listFromTrustedArrayNullsAllowed (0x000071df4027b188) [0x000071df4027b280, 0x000071df4027b680] Compiler: c1, Barriers: 3, Oops: 0, ImmediateOops: 1, NonImmediateOops: No
[4,024s][debug][gc,nmethod     ] Register NMethod: io.sirix.node.delegates.NameNodeDelegate.getURIKey (0x000071df5ee57f88) [0x000071df5ee58080, 0x000071df5ee58140] Compiler: c1, Barriers: 0, Oops: 1, ImmediateOops: 0, NonImmediateOops: No
[4,027s][debug][gc,nmethod     ] Register NMethod: io.sirix.node.delegates.NodeDelegate.getPreviousRevisionNumber (0x000071df5ee58288) [0x000071df5ee58380, 0x000071df5ee58440] Compiler: c1, Barriers: 0, Oops: 1, ImmediateOops: 0, NonImmediateOops: No
[4,028s][debug][gc,nmethod     ] Register NMethod: io.sirix.node.delegates.StructNodeDelegate.getChildCount (0x000071df5ee58588) [0x000071df5ee58680, 0x000071df5ee58740] Compiler: c1, Barriers: 0, Oops: 1, ImmediateOops: 0, NonImmediateOops: No
[4,028s][debug][gc,nmethod     ] Register NMethod: io.sirix.index.path.summary.PathNode.getNameNodeDelegate (0x000071df5ee58888) [0x000071df5ee58980, 0x000071df5ee58a68] Compiler: c1, Barriers: 1, Oops: 1, ImmediateOops: 0, NonImmediateOops: No
[4,028s][debug][gc,nmethod     ] Register NMethod: io.sirix.node.delegates.NodeDelegate.getLastModifiedRevisionNumber (0x000071df5ee58b88) [0x000071df5ee58c80, 0x000071df5ee58d40] Compiler: c1, Barriers: 0, Oops: 1, ImmediateOops: 0, NonImmediateOops: No
[4,028s][debug][gc,nmethod     ] Register NMethod: io.sirix.node.delegates.StructNodeDelegate.getLastChildKey (0x000071df5ee58e88) [0x000071df5ee58f80, 0x000071df5ee59040] Compiler: c1, Barriers: 0, Oops: 1, ImmediateOops: 0, NonImmediateOops: No
[4,028s][debug][gc,nmethod     ] Register NMethod: io.sirix.node.delegates.NameNodeDelegate.getPathNodeKey (0x000071df5ee59188) [0x000071df5ee59280, 0x000071df5ee59340] Compiler: c1, Barriers: 0, Oops: 1, ImmediateOops: 0, NonImmediateOops: No
[4,028s][debug][gc,nmethod     ] Register NMethod: io.sirix.index.path.summary.PathNode.getReferences (0x000071df5ee59488) [0x000071df5ee59580, 0x000071df5ee59640] Compiler: c1, Barriers: 0, Oops: 1, ImmediateOops: 0, NonImmediateOops: No
[4,029s][debug][gc,nmethod     ] Register NMethod: io.sirix.node.Bytes.wrapForWrite (0x000071df4027b688) [0x000071df4027b780, 0x000071df4027c760] Compiler: c1, Barriers: 9, Oops: 2, ImmediateOops: 1, NonImmediateOops: No
[4,029s][debug][gc,nmethod     ] Register NMethod: io.sirix.index.path.summary.PathNode.getKind (0x000071df4027c788) [0x000071df4027c880, 0x000071df4027cba0] Compiler: c1, Barriers: 0, Oops: 1, ImmediateOops: 1, NonImmediateOops: No
[4,029s][debug][gc,nmethod     ] Register NMethod: io.sirix.index.path.summary.PathNode.getKind (0x000071df4027cc08) [0x000071df4027cd00, 0x000071df4027ce08] Compiler: c1, Barriers: 0, Oops: 1, ImmediateOops: 1, NonImmediateOops: No
[4,029s][debug][gc,nmethod     ] Register NMethod: io.sirix.node.NodeKind$13.serialize (0x000071df4027cf08) [0x000071df4027d000, 0x000071df4027e560] Compiler: c1, Barriers: 7, Oops: 1, ImmediateOops: 0, NonImmediateOops: No
[4,029s][debug][gc,nmethod     ] Register NMethod: io.sirix.node.AbstractForwardingNode.getNodeDelegate (0x000071df4027e588) [0x000071df4027e680, 0x000071df4027e980] Compiler: c1, Barriers: 0, Oops: 1, ImmediateOops: 0, NonImmediateOops: No
[4,030s][debug][gc,nmethod     ] Register NMethod: io.sirix.node.NodeKind.serializeDelegateWithoutIDs (0x000071df4027ea08) [0x000071df4027eb00, 0x000071df4027ef38] Compiler: c1, Barriers: 2, Oops: 1, ImmediateOops: 0, NonImmediateOops: No
[4,030s][debug][gc,nmethod     ] Register NMethod: io.sirix.node.xml.AbstractStructForwardingNode.getStructNodeDelegate (0x000071df4027ef88) [0x000071df4027f080, 0x000071df4027f380] Compiler: c1, Barriers: 0, Oops: 1, ImmediateOops: 0, NonImmediateOops: No
[4,030s][debug][gc,nmethod     ] Register NMethod: io.sirix.node.NodeKind.serializeStructDelegate (0x000071df4027f408) [0x000071df4027f500, 0x000071df40280088] Compiler: c1, Barriers: 7, Oops: 1, ImmediateOops: 5, NonImmediateOops: No
[4,031s][debug][gc,nmethod     ] Register NMethod: io.sirix.node.NodeKind.serializeNameDelegate (0x000071df40280108) [0x000071df40280200, 0x000071df40280738] Compiler: c1, Barriers: 3, Oops: 1, ImmediateOops: 0, NonImmediateOops: No
[4,031s][debug][gc,nmethod     ] Register NMethod: java.util.stream.AbstractPipeline.evaluate (0x000071df40280788) [0x000071df40280880, 0x000071df40282010] Compiler: c1, Barriers: 1, Oops: 0, ImmediateOops: 0, NonImmediateOops: No
[4,035s][debug][gc,nmethod     ] Register NMethod: sun.security.provider.DigestBase.engineDigest (0x000071df40282088) [0x000071df40282180, 0x000071df40283e20] Compiler: c1, Barriers: 2, Oops: 3, ImmediateOops: 5, NonImmediateOops: No
[4,036s][debug][gc,nmethod     ] Register NMethod: io.sirix.node.Utils.putVarLong (0x000071df5ee59788) [0x000071df5ee59880, 0x000071df5ee5a170] Compiler: jvmci, Barriers: 13, Oops: 1, ImmediateOops: 0, NonImmediateOops: No
[4,043s][debug][gc,nmethod     ] Register NMethod: io.sirix.page.PageKind$1.serializePage (0x000071df5ee5a188) [0x000071df5ee5a280, 0x000071df5ee5e080] Compiler: jvmci, Barriers: 84, Oops: 15, ImmediateOops: 5, NonImmediateOops: No
[4,044s][debug][gc,nmethod     ] Register NMethod: io.sirix.node.HashCountEntryNode.getValue (0x000071df5ee5e108) [0x000071df5ee5e200, 0x000071df5ee5e2c0] Compiler: c1, Barriers: 0, Oops: 1, ImmediateOops: 0, NonImmediateOops: No
[4,044s][debug][gc,nmethod     ] Register NMethod: java.security.MessageDigestSpi.clone (0x000071df40283e88) [0x000071df40283f80, 0x000071df402847d8] Compiler: c1, Barriers: 5, Oops: 0, ImmediateOops: 0, NonImmediateOops: No
[4,044s][debug][gc,nmethod     ] Register NMethod: io.sirix.node.NodeSerializerImpl.serialize (0x000071df5ee5e408) [0x000071df5ee5e500, 0x000071df5ee5eb50] Compiler: jvmci, Barriers: 7, Oops: 1, ImmediateOops: 3, NonImmediateOops: No
[4,044s][debug][gc,nmethod     ] Register NMethod: io.sirix.node.HashEntryNode.getKey (0x000071df5ee5eb88) [0x000071df5ee5ec80, 0x000071df5ee5ed40] Compiler: c1, Barriers: 0, Oops: 1, ImmediateOops: 0, NonImmediateOops: No
[4,044s][debug][gc,nmethod     ] Register NMethod: net.jpountz.lz4.LZ4Utils.maxCompressedLength (0x000071df40284808) [0x000071df40284900, 0x000071df40285708] Compiler: c1, Barriers: 0, Oops: 2, ImmediateOops: 3, NonImmediateOops: No
[4,048s][debug][gc,nmethod     ] Register NMethod: io.sirix.node.HashEntryNode.getValue (0x000071df5ee5ee88) [0x000071df5ee5ef80, 0x000071df5ee5f068] Compiler: c1, Barriers: 1, Oops: 1, ImmediateOops: 0, NonImmediateOops: No
[4,049s][debug][gc,nmethod     ] Register NMethod: io.sirix.node.NodeKind$2.serialize (0x000071df5ee5f188) [0x000071df5ee5f280, 0x000071df5ee64478] Compiler: jvmci, Barriers: 139, Oops: 4, ImmediateOops: 1, NonImmediateOops: No
[4,050s][debug][gc,alloc       ] Mutator Allocation Rate: 567,1MB/s Predicted: 605,7MB/s, Avg: 390,4(+/-119,1)MB/s
[4,050s][debug][gc,nmethod     ] Register NMethod: java.io.OutputStream.flush (0x000071df5ee64508) [0x000071df5ee64600, 0x000071df5ee64680] Compiler: jvmci, Barriers: 0, Oops: 0, ImmediateOops: 0, NonImmediateOops: No
[4,054s][debug][gc,nmethod     ] Register NMethod: sun.nio.ch.UnixFileDispatcherImpl.size0 (0x000071df5ee64808) [0x000071df5ee64900, 0x000071df5ee64a68] Compiler: , Barriers: 0, Oops: 0, ImmediateOops: 1, NonImmediateOops: No
[4,055s][debug][gc,nmethod     ] Register NMethod: java.util.concurrent.ConcurrentHashMap$ValueIterator.<init> (0x000071df40285788) [0x000071df40285880, 0x000071df402859b0] Compiler: c1, Barriers: 0, Oops: 0, ImmediateOops: 0, NonImmediateOops: No
[4,055s][debug][gc,nmethod     ] Register NMethod: java.util.concurrent.ConcurrentHashMap$ValuesView.iterator (0x000071df40285a88) [0x000071df40285b80, 0x000071df40285df0] Compiler: c1, Barriers: 2, Oops: 0, ImmediateOops: 0, NonImmediateOops: No
[4,058s][debug][gc,nmethod     ] Register NMethod: jdk.internal.foreign.GlobalSession.acquire0 (0x000071df5ee64b08) [0x000071df5ee64c00, 0x000071df5ee64c80] Compiler: jvmci, Barriers: 0, Oops: 0, ImmediateOops: 0, NonImmediateOops: No
[4,058s][debug][gc,nmethod     ] Register NMethod: jdk.internal.foreign.GlobalSession.release0 (0x000071df5ee64e08) [0x000071df5ee64f00, 0x000071df5ee64f80] Compiler: jvmci, Barriers: 0, Oops: 0, ImmediateOops: 0, NonImmediateOops: No
[4,059s][debug][gc,nmethod     ] Register NMethod: java.nio.channels.spi.AbstractInterruptibleChannel.isOpen (0x000071df5ee65108) [0x000071df5ee65200, 0x000071df5ee652c0] Compiler: jvmci, Barriers: 0, Oops: 0, ImmediateOops: 0, NonImmediateOops: No
[4,061s][debug][gc,marking     ] GC(1) Y: Using 2 mark stripes
[4,061s][debug][gc,marking     ] GC(1) Y: Using 4 mark stripes
[4,061s][debug][gc,nmethod     ] Register NMethod: io.sirix.page.KeyValueLeafPage.getHashCode (0x000071df5ee65408) [0x000071df5ee65500, 0x000071df5ee655f0] Compiler: c1, Barriers: 1, Oops: 1, ImmediateOops: 0, NonImmediateOops: No
[4,062s][debug][gc,nmethod     ] Register NMethod: jdk.internal.misc.Blocker.end (0x000071df5ee65708) [0x000071df5ee65800, 0x000071df5ee65898] Compiler: jvmci, Barriers: 0, Oops: 0, ImmediateOops: 0, NonImmediateOops: No
[4,063s][debug][gc,nmethod     ] Register NMethod: sun.nio.ch.UnixFileDispatcherImpl.size (0x000071df40285e08) [0x000071df40285f00, 0x000071df40286030] Compiler: c1, Barriers: 0, Oops: 0, ImmediateOops: 0, NonImmediateOops: No
[4,064s][debug][gc,nmethod     ] Register NMethod: sun.nio.ch.IOStatus.normalize (0x000071df40286108) [0x000071df40286200, 0x000071df40286340] Compiler: c1, Barriers: 0, Oops: 0, ImmediateOops: 0, NonImmediateOops: No
[4,064s][debug][gc,marking     ] GC(1) Y: Using 2 mark stripes
[4,064s][debug][gc,nmethod     ] Register NMethod: sun.nio.ch.FileChannelImpl.size (0x000071df40286408) [0x000071df40286500, 0x000071df402882b8] Compiler: c1, Barriers: 6, Oops: 0, ImmediateOops: 1, NonImmediateOops: No
[4,064s][debug][gc,marking     ] GC(1) Y: Using 1 mark stripes
[4,064s][debug][gc,marking     ] GC(1) Y: Using 2 mark stripes
[4,065s][debug][gc,marking     ] GC(1) Y: Using 4 mark stripes
[4,067s][debug][gc,marking     ] GC(1) Y: Using 2 mark stripes
[4,067s][debug][gc,marking     ] GC(1) Y: Using 4 mark stripes
[4,067s][debug][gc,nmethod     ] Register NMethod: jdk.internal.misc.Blocker.begin (0x000071df5ee65a08) [0x000071df5ee65b00, 0x000071df5ee65ba0] Compiler: jvmci, Barriers: 0, Oops: 0, ImmediateOops: 0, NonImmediateOops: No
[4,068s][debug][gc,marking     ] GC(1) Y: Using 2 mark stripes
[4,068s][debug][gc,nmethod     ] Register NMethod: io.sirix.page.PageKind.getKind (0x000071df40288308) [0x000071df40288400, 0x000071df40288c68] Compiler: c1, Barriers: 1, Oops: 2, ImmediateOops: 1, NonImmediateOops: No
[4,068s][debug][gc,marking     ] GC(1) Y: Using 1 mark stripes
[4,069s][debug][gc,nmethod     ] Register NMethod: io.sirix.page.PagePersister.serializePage (0x000071df40288c88) [0x000071df40288d80, 0x000071df40289aa0] Compiler: c1, Barriers: 1, Oops: 2, ImmediateOops: 1, NonImmediateOops: No
[4,069s][debug][gc,nmethod     ] Register NMethod: io.sirix.io.filechannel.FileChannelWriter.write (0x000071df40289b08) [0x000071df40289c00, 0x000071df40289ef8] Compiler: c1, Barriers: 0, Oops: 1, ImmediateOops: 0, NonImmediateOops: No
[4,070s][debug][gc,nmethod     ] Register NMethod: io.sirix.io.filechannel.FileChannelWriter.write (0x000071df40289f08) [0x000071df4028a000, 0x000071df4028a2a8] Compiler: c1, Barriers: 0, Oops: 1, ImmediateOops: 0, NonImmediateOops: No
[4,070s][debug][gc,nmethod     ] Register NMethod: io.sirix.access.trx.page.NodePageTrx.commit (0x000071df4028a308) [0x000071df4028a400, 0x000071df4028c678] Compiler: c1, Barriers: 12, Oops: 1, ImmediateOops: 2, NonImmediateOops: No
[4,070s][debug][gc,nmethod     ] Register NMethod: io.sirix.io.filechannel.FileChannelWriter.getOffset (0x000071df4028c688) [0x000071df4028c780, 0x000071df4028cc28] Compiler: c1, Barriers: 3, Oops: 1, ImmediateOops: 0, NonImmediateOops: No
[4,070s][debug][gc,nmethod     ] Register NMethod: sun.nio.ch.UnixFileDispatcherImpl.pwrite0 (0x000071df5ee65d08) [0x000071df5ee65e00, 0x000071df5ee65f78] Compiler: , Barriers: 0, Oops: 0, ImmediateOops: 1, NonImmediateOops: No
[4,072s][debug][gc,nmethod     ] Register NMethod: io.sirix.io.filechannel.FileChannelWriter.writePageReference (0x000071df4028cc88) [0x000071df4028cd80, 0x000071df40295ef0] Compiler: c1, Barriers: 52, Oops: 5, ImmediateOops: 14, NonImmediateOops: No
[4,073s][debug][gc,nmethod     ] Register NMethod: io.sirix.page.KeyValueLeafPage.commit (0x000071df40295f88) [0x000071df40296080, 0x000071df40297f98] Compiler: c1, Barriers: 5, Oops: 1, ImmediateOops: 2, NonImmediateOops: No
[4,074s][debug][gc,nmethod     ] Register NMethod: sun.nio.ch.IOUtil.write (0x000071df40298008) [0x000071df40298100, 0x000071df40299328] Compiler: c1, Barriers: 0, Oops: 0, ImmediateOops: 0, NonImmediateOops: No
[4,074s][debug][gc,nmethod     ] Register NMethod: sun.nio.ch.IOUtil.writeFromNativeBuffer (0x000071df40299388) [0x000071df40299480, 0x000071df4029bb08] Compiler: c1, Barriers: 4, Oops: 0, ImmediateOops: 4, NonImmediateOops: No
[4,079s][debug][gc,nmethod     ] Register NMethod: sun.nio.ch.FileChannelImpl.ensureOpen (0x000071df5ee66008) [0x000071df5ee66100, 0x000071df5ee661c0] Compiler: jvmci, Barriers: 0, Oops: 0, ImmediateOops: 0, NonImmediateOops: No
[4,082s][debug][gc,nmethod     ] Register NMethod: java.util.concurrent.ConcurrentHashMap$BaseIterator.hasNext (0x000071df5ee66308) [0x000071df5ee66400, 0x000071df5ee664b8] Compiler: jvmci, Barriers: 1, Oops: 0, ImmediateOops: 0, NonImmediateOops: No
[4,083s][debug][gc,nmethod     ] Register NMethod: io.sirix.node.MemorySegmentBytesOut.clear (0x000071df5ee66608) [0x000071df5ee66700, 0x000071df5ee667e8] Compiler: jvmci, Barriers: 1, Oops: 1, ImmediateOops: 0, NonImmediateOops: No
[4,083s][debug][gc,nmethod     ] Register NMethod: io.sirix.page.SerializationType.writeHash (0x000071df4029bb88) [0x000071df4029bc80, 0x000071df4029c770] Compiler: c1, Barriers: 5, Oops: 1, ImmediateOops: 0, NonImmediateOops: No
[4,083s][debug][gc,nmethod     ] Register NMethod: io.sirix.page.SerializationType.writePageFragments (0x000071df4029c788) [0x000071df4029c880, 0x000071df4029dd20] Compiler: c1, Barriers: 5, Oops: 1, ImmediateOops: 0, NonImmediateOops: No
[4,083s][debug][gc,nmethod     ] Register NMethod: io.sirix.page.PageFragmentKeyImpl.key (0x000071df5ee66908) [0x000071df5ee66a00, 0x000071df5ee66ac0] Compiler: c1, Barriers: 0, Oops: 1, ImmediateOops: 0, NonImmediateOops: No
[4,106s][debug][gc,nmethod     ] Register NMethod: io.sirix.page.KeyValueLeafPage.setSlot (0x000071df4029dd88) [0x000071df4029de80, 0x000071df4029e028] Compiler: c1, Barriers: 2, Oops: 1, ImmediateOops: 0, NonImmediateOops: No
[4,106s][debug][gc,nmethod     ] Register NMethod: io.sirix.settings.VersioningType$4.combineRecordPages (0x000071df4029e088) [0x000071df4029e180, 0x000071df402a2a10] Compiler: c1, Barriers: 8, Oops: 1, ImmediateOops: 0, NonImmediateOops: No
[4,107s][debug][gc,nmethod     ] Register NMethod: java.util.BitSet.nextSetBit (0x000071df402a2a88) [0x000071df402a2b80, 0x000071df402a3b70] Compiler: c1, Barriers: 1, Oops: 1, ImmediateOops: 2, NonImmediateOops: No
[4,107s][debug][gc,nmethod     ] Register NMethod: io.sirix.access.trx.page.NodePageTrx$$Lambda/0x00000000ae2322f0.apply (0x000071df402a3b88) [0x000071df402a3c80, 0x000071df402a4048] Compiler: c1, Barriers: 2, Oops: 1, ImmediateOops: 0, NonImmediateOops: No
[4,107s][debug][gc,nmethod     ] Register NMethod: io.sirix.node.NodeKind.getKind (0x000071df402a4088) [0x000071df402a4180, 0x000071df402a42b8] Compiler: c1, Barriers: 1, Oops: 1, ImmediateOops: 1, NonImmediateOops: No
[4,107s][debug][gc,nmethod     ] Register NMethod: io.sirix.access.trx.page.NodePageReadOnlyTrx.getLeafPageReference (0x000071df402a4388) [0x000071df402a4480, 0x000071df402a4778] Compiler: c1, Barriers: 0, Oops: 1, ImmediateOops: 0, NonImmediateOops: No
[4,107s][debug][gc,nmethod     ] Register NMethod: io.sirix.access.trx.page.NodePageTrx.lambda$getPageContainer$0 (0x000071df402a4788) [0x000071df402a4880, 0x000071df402a5778] Compiler: c1, Barriers: 6, Oops: 1, ImmediateOops: 0, NonImmediateOops: No
[4,108s][debug][gc,nmethod     ] Register NMethod: io.sirix.node.NodeSerializerImpl.deserialize (0x000071df402a5788) [0x000071df402a5880, 0x000071df402a5ce8] Compiler: c1, Barriers: 1, Oops: 1, ImmediateOops: 1, NonImmediateOops: No
[4,108s][debug][gc,nmethod     ] Register NMethod: io.sirix.page.KeyValueLeafPage.getDeweyIdAsByteArray (0x000071df402a5d08) [0x000071df402a5e00, 0x000071df402a6388] Compiler: c1, Barriers: 0, Oops: 1, ImmediateOops: 1, NonImmediateOops: No
[4,108s][debug][gc,nmethod     ] Register NMethod: io.sirix.node.HashEntryNode.getKind (0x000071df402a6408) [0x000071df402a6500, 0x000071df402a6820] Compiler: c1, Barriers: 0, Oops: 1, ImmediateOops: 1, NonImmediateOops: No
[4,109s][debug][gc,nmethod     ] Register NMethod: io.sirix.node.HashEntryNode.getKind (0x000071df402a6888) [0x000071df402a6980, 0x000071df402a6a88] Compiler: c1, Barriers: 0, Oops: 1, ImmediateOops: 1, NonImmediateOops: No
[4,109s][debug][gc,nmethod     ] Register NMethod: io.sirix.access.trx.page.NodePageReadOnlyTrx.getDataRecord (0x000071df402a6b88) [0x000071df402a6c80, 0x000071df402a7a88] Compiler: c1, Barriers: 6, Oops: 1, ImmediateOops: 1, NonImmediateOops: No
[4,109s][debug][gc,nmethod     ] Register NMethod: io.sirix.node.HashEntryNode.<init> (0x000071df402a7b08) [0x000071df402a7c00, 0x000071df402a7f28] Compiler: c1, Barriers: 3, Oops: 1, ImmediateOops: 0, NonImmediateOops: No
[4,109s][debug][gc,nmethod     ] Register NMethod: it.unimi.dsi.fastutil.ints.Int2ObjectOpenHashMap.insert (0x000071df402a7f88) [0x000071df402a8080, 0x000071df402a85d8] Compiler: c1, Barriers: 5, Oops: 1, ImmediateOops: 0, NonImmediateOops: No
[4,109s][debug][gc,nmethod     ] Register NMethod: it.unimi.dsi.fastutil.ints.Int2ObjectOpenHashMap.find (0x000071df402a8608) [0x000071df402a8700, 0x000071df402a8b68] Compiler: c1, Barriers: 1, Oops: 1, ImmediateOops: 0, NonImmediateOops: No
[4,109s][debug][gc,nmethod     ] Register NMethod: it.unimi.dsi.fastutil.ints.Int2ObjectOpenHashMap.put (0x000071df402a8b88) [0x000071df402a8c80, 0x000071df402a91e8] Compiler: c1, Barriers: 6, Oops: 1, ImmediateOops: 0, NonImmediateOops: No
[4,110s][debug][gc,nmethod     ] Register NMethod: java.util.LinkedHashMap$LinkedHashIterator.<init> (0x000071df402a9208) [0x000071df402a9300, 0x000071df402a97d8] Compiler: c1, Barriers: 11, Oops: 0, ImmediateOops: 0, NonImmediateOops: No
[4,110s][debug][gc,nmethod     ] Register NMethod: com.github.benmanes.caffeine.cache.SSLSMW.windowMaximum (0x000071df5ee66c08) [0x000071df5ee66d00, 0x000071df5ee66dc0] Compiler: c1, Barriers: 0, Oops: 1, ImmediateOops: 0, NonImmediateOops: No
[4,110s][debug][gc,nmethod     ] Register NMethod: java.io.InputStream.readNBytes (0x000071df3fa88b88) [0x000071df3fa88c80, 0x000071df3fa8ad40] Compiler: c1, Barriers: 6, Oops: 1, ImmediateOops: 5, NonImmediateOops: No
[4,111s][debug][gc,nmethod     ] Register NMethod: jdk.internal.misc.ScopedMemoryAccess.getLongUnaligned (0x000071df402a9808) [0x000071df402a9900, 0x000071df402aa768] Compiler: c1, Barriers: 3, Oops: 0, ImmediateOops: 3, NonImmediateOops: No
[4,111s][debug][gc,nmethod     ] Register NMethod: java.lang.String.getBytes (0x000071df5ee66f08) [0x000071df5ee67000, 0x000071df5ee67250] Compiler: jvmci, Barriers: 1, Oops: 0, ImmediateOops: 1, NonImmediateOops: No
[4,112s][debug][gc,nmethod     ] Register NMethod: java.util.concurrent.atomic.AtomicInteger.<init> (0x000071df5ee67288) [0x000071df5ee67380, 0x000071df5ee67410] Compiler: jvmci, Barriers: 0, Oops: 0, ImmediateOops: 0, NonImmediateOops: No
[4,112s][debug][gc,nmethod     ] Register NMethod: io.sirix.index.path.summary.PathSummaryReader.moveTo (0x000071df402aa788) [0x000071df402aa880, 0x000071df402ab570] Compiler: c1, Barriers: 13, Oops: 1, ImmediateOops: 2, NonImmediateOops: No
[4,112s][debug][gc,nmethod     ] Register NMethod: io.sirix.node.Utils.getVarLong (0x000071df402ab588) [0x000071df402ab680, 0x000071df402ab7e0] Compiler: c1, Barriers: 0, Oops: 1, ImmediateOops: 0, NonImmediateOops: No
[4,112s][debug][gc,nmethod     ] Register NMethod: io.sirix.node.MemorySegmentBytesIn.readStopBit (0x000071df402ab888) [0x000071df402ab980, 0x000071df402abbb0] Compiler: c1, Barriers: 0, Oops: 1, ImmediateOops: 0, NonImmediateOops: No
[4,112s][debug][gc,nmethod     ] Register NMethod: it.unimi.dsi.fastutil.ints.Int2IntOpenHashMap.getOrDefault (0x000071df402abc08) [0x000071df402abd00, 0x000071df402ac270] Compiler: c1, Barriers: 4, Oops: 1, ImmediateOops: 0, NonImmediateOops: No
[4,113s][debug][gc,nmethod     ] Register NMethod: io.sirix.access.trx.page.NodePageReadOnlyTrx.isMostRecentlyReadPathSummaryPage (0x000071df402ac288) [0x000071df402ac380, 0x000071df402acb18] Compiler: c1, Barriers: 1, Oops: 1, ImmediateOops: 0, NonImmediateOops: No
[4,113s][debug][gc,nmethod     ] Register NMethod: io.sirix.node.xml.AbstractStructForwardingNode.hasFirstChild (0x000071df402acb88) [0x000071df402acc80, 0x000071df402ad228] Compiler: c1, Barriers: 0, Oops: 1, ImmediateOops: 1, NonImmediateOops: No
[4,113s][debug][gc,nmethod     ] Register NMethod: io.sirix.index.path.summary.PathSummaryReader.getPathNode (0x000071df5ee67588) [0x000071df5ee67680, 0x000071df5ee677a0] Compiler: jvmci, Barriers: 1, Oops: 1, ImmediateOops: 0, NonImmediateOops: No
[4,113s][debug][gc,nmethod     ] Register NMethod: java.util.ArrayDeque.pop (0x000071df402ad288) [0x000071df402ad380, 0x000071df402ad610] Compiler: c1, Barriers: 0, Oops: 0, ImmediateOops: 0, NonImmediateOops: No
[4,113s][debug][gc,nmethod     ] Register NMethod: io.sirix.index.path.summary.PathNode.getRightSibling (0x000071df5ee67888) [0x000071df5ee67980, 0x000071df5ee67a68] Compiler: c1, Barriers: 1, Oops: 1, ImmediateOops: 0, NonImmediateOops: No
[4,113s][debug][gc,nmethod     ] Register NMethod: io.sirix.index.path.summary.PathNode.getParent (0x000071df5ee67b88) [0x000071df5ee67c80, 0x000071df5ee67d68] Compiler: c1, Barriers: 1, Oops: 1, ImmediateOops: 0, NonImmediateOops: No
[4,113s][debug][gc,nmethod     ] Register NMethod: io.sirix.index.path.summary.PathNode.setParent (0x000071df5ee67e88) [0x000071df5ee67f80, 0x000071df5ee680b0] Compiler: c1, Barriers: 3, Oops: 1, ImmediateOops: 0, NonImmediateOops: No
[4,113s][debug][gc,nmethod     ] Register NMethod: io.sirix.node.delegates.StructNodeDelegate.hasFirstChild (0x000071df5ee68188) [0x000071df5ee68280, 0x000071df5ee68310] Compiler: jvmci, Barriers: 0, Oops: 1, ImmediateOops: 0, NonImmediateOops: No
[4,113s][debug][gc,nmethod     ] Register NMethod: io.sirix.index.path.summary.PathNode.getURIKey (0x000071df402ad688) [0x000071df402ad780, 0x000071df402ad8e0] Compiler: c1, Barriers: 1, Oops: 1, ImmediateOops: 0, NonImmediateOops: No
[4,114s][debug][gc,nmethod     ] Register NMethod: io.sirix.axis.pathsummary.AbstractAxis.hasNext (0x000071df402ad988) [0x000071df402ada80, 0x000071df402ae118] Compiler: c1, Barriers: 2, Oops: 1, ImmediateOops: 1, NonImmediateOops: No
[4,114s][debug][gc,nmethod     ] Register NMethod: io.sirix.index.path.summary.PathNode.getFirstChild (0x000071df5ee68488) [0x000071df5ee68580, 0x000071df5ee68668] Compiler: c1, Barriers: 1, Oops: 1, ImmediateOops: 0, NonImmediateOops: No
[4,114s][debug][gc,nmethod     ] Register NMethod: io.sirix.index.path.summary.PathSummaryReader.getStructuralNode (0x000071df5ee68788) [0x000071df5ee68880, 0x000071df5ee68960] Compiler: jvmci, Barriers: 1, Oops: 1, ImmediateOops: 0, NonImmediateOops: No
[4,114s][debug][gc,nmethod     ] Register NMethod: io.sirix.index.path.summary.PathNode.setRightSibling (0x000071df5ee68a88) [0x000071df5ee68b80, 0x000071df5ee68cb0] Compiler: c1, Barriers: 3, Oops: 1, ImmediateOops: 0, NonImmediateOops: No
[4,114s][debug][gc,nmethod     ] Register NMethod: io.sirix.index.path.summary.PathNode.getLeftSibling (0x000071df5ee68d88) [0x000071df5ee68e80, 0x000071df5ee68f68] Compiler: c1, Barriers: 1, Oops: 1, ImmediateOops: 0, NonImmediateOops: No
[4,114s][debug][gc,nmethod     ] Register NMethod: io.sirix.index.path.summary.PathNode.setLeftSibling (0x000071df5ee69088) [0x000071df5ee69180, 0x000071df5ee692b0] Compiler: c1, Barriers: 3, Oops: 1, ImmediateOops: 0, NonImmediateOops: No
[4,116s][debug][gc,nmethod     ] Register NMethod: io.sirix.node.MemorySegmentBytesIn.read (0x000071df5ee69388) [0x000071df5ee69480, 0x000071df5ee697b0] Compiler: jvmci, Barriers: 4, Oops: 3, ImmediateOops: 0, NonImmediateOops: No
[4,116s][debug][gc,nmethod     ] Register NMethod: io.sirix.node.NodeKind.deserializeNodeDelegateWithoutIDs (0x000071df402ae188) [0x000071df402ae280, 0x000071df402ae658] Compiler: c1, Barriers: 1, Oops: 1, ImmediateOops: 0, NonImmediateOops: No
[4,116s][debug][gc,nmethod     ] Register NMethod: io.sirix.node.NodeKind$13.deserialize (0x000071df402ae688) [0x000071df402ae780, 0x000071df402aeca8] Compiler: c1, Barriers: 1, Oops: 1, ImmediateOops: 1, NonImmediateOops: No
[4,116s][debug][gc,nmethod     ] Register NMethod: io.sirix.node.delegates.StructNodeDelegate.<init> (0x000071df402aed08) [0x000071df402aee00, 0x000071df402af1c8] Compiler: c1, Barriers: 3, Oops: 1, ImmediateOops: 1, NonImmediateOops: No
[4,116s][debug][gc,nmethod     ] Register NMethod: io.sirix.index.path.summary.PathNode.setFirstChild (0x000071df5ee69808) [0x000071df5ee69900, 0x000071df5ee69a30] Compiler: c1, Barriers: 3, Oops: 1, ImmediateOops: 0, NonImmediateOops: No
[4,116s][debug][gc,nmethod     ] Register NMethod: io.sirix.axis.pathsummary.AbstractAxis.next (0x000071df402af208) [0x000071df402af300, 0x000071df402af798] Compiler: c1, Barriers: 4, Oops: 1, ImmediateOops: 1, NonImmediateOops: No
[4,116s][debug][gc,nmethod     ] Register NMethod: io.sirix.node.NodeKind.deserializeStructDel (0x000071df402af808) [0x000071df402af900, 0x000071df402b0578] Compiler: c1, Barriers: 1, Oops: 1, ImmediateOops: 6, NonImmediateOops: No
[4,116s][debug][gc,nmethod     ] Register NMethod: io.sirix.axis.pathsummary.AbstractAxis.tryToComputeNext (0x000071df402b0588) [0x000071df402b0680, 0x000071df402b0a80] Compiler: c1, Barriers: 13, Oops: 1, ImmediateOops: 4, NonImmediateOops: No
[4,117s][debug][gc,nmethod     ] Register NMethod: io.sirix.node.NodeKind.deserializeNameDelegate (0x000071df402b0b08) [0x000071df402b0c00, 0x000071df402b0fc8] Compiler: c1, Barriers: 0, Oops: 1, ImmediateOops: 0, NonImmediateOops: No
[4,117s][debug][gc,nmethod     ] Register NMethod: io.sirix.axis.pathsummary.LevelOrderSettingInMemoryInstancesAxis.nextNode (0x000071df402b1008) [0x000071df402b1100, 0x000071df402b73f8] Compiler: c1, Barriers: 30, Oops: 1, ImmediateOops: 11, NonImmediateOops: No
[4,118s][debug][gc,nmethod     ] Register NMethod: io.sirix.index.path.summary.PathSummaryReader.moveToRightSibling (0x000071df402b7408) [0x000071df402b7500, 0x000071df402b8fa0] Compiler: c1, Barriers: 6, Oops: 1, ImmediateOops: 1, NonImmediateOops: No
[4,120s][debug][gc,nmethod     ] Register NMethod: java.lang.invoke.ClassSpecializer$SpeciesData.factory (0x000071df402b9008) [0x000071df402b9100, 0x000071df402b9648] Compiler: c1, Barriers: 1, Oops: 0, ImmediateOops: 0, NonImmediateOops: No
[4,122s][debug][gc,nmethod     ] Register NMethod: io.sirix.page.PageUtils.createDelegate (0x000071df3fb74988) [0x000071df3fb74a80, 0x000071df3fb75b80] Compiler: c1, Barriers: 16, Oops: 1, ImmediateOops: 0, NonImmediateOops: No
[4,122s][debug][gc,remset      ] GC(1) Y: Remset forwarding retained: 0,000ms count: 0 ZWorkerYoung#4
[4,122s][debug][gc,remset      ] GC(1) Y: Remset forwarding released: 0,000ms count: 0 ZWorkerYoung#4
[4,122s][debug][gc,remset      ] GC(1) Y: Remset forwarding retained: 0,000ms count: 0 ZWorkerYoung#2
[4,122s][debug][gc,remset      ] GC(1) Y: Remset forwarding released: 0,000ms count: 0 ZWorkerYoung#2
[4,122s][debug][gc,remset      ] GC(1) Y: Remset forwarding retained: 0,000ms count: 0 ZWorkerYoung#3
[4,122s][debug][gc,remset      ] GC(1) Y: Remset forwarding retained: 0,000ms count: 0 ZWorkerYoung#1
[4,122s][debug][gc,remset      ] GC(1) Y: Remset forwarding released: 0,000ms count: 0 ZWorkerYoung#1
[4,122s][debug][gc,remset      ] GC(1) Y: Remset forwarding released: 0,000ms count: 0 ZWorkerYoung#3
[4,122s][debug][gc,remset      ] GC(1) Y: Remset forwarding retained: 0,000ms count: 0 ZWorkerYoung#0
[4,123s][debug][gc,remset      ] GC(1) Y: Remset forwarding released: 0,000ms count: 0 ZWorkerYoung#0
[4,123s][debug][gc,marking     ] GC(1) Y: Try terminate after resurrection
[4,123s][debug][gc,phases      ] GC(1) Y: Concurrent Mark Follow 250,529ms
[4,123s][info ][gc,phases      ] GC(1) Y: Concurrent Mark 257,772ms
[4,123s][debug][gc,reloc       ] Synchronize all workers 1 _nworkers: 0 _nsynchronized: 0
[4,123s][debug][gc,reloc       ] Synchronize all workers 1 _nworkers: 0 _nsynchronized: 0
[4,123s][debug][gc,phases,start] GC(1) Y: Pause Mark End
[4,123s][info ][gc,phases      ] GC(1) Y: Pause Mark End 0,018ms
[4,123s][debug][gc,reloc       ] Desynchronize all workers _nworkers: 0 _nsynchronized: 0
[4,123s][debug][gc,reloc       ] Desynchronize all workers _nworkers: 0 _nsynchronized: 0
[4,123s][debug][gc,phases,start] GC(1) Y: Concurrent Mark Free
[4,123s][info ][gc,phases      ] GC(1) Y: Concurrent Mark Free 0,011ms
[4,123s][debug][gc,phases,start] GC(1) Y: Concurrent Reset Relocation Set
[4,123s][info ][gc,phases      ] GC(1) Y: Concurrent Reset Relocation Set 0,008ms
[4,123s][debug][gc,phases,start] GC(1) Y: Concurrent Select Relocation Set
[4,123s][debug][gc,reloc       ] GC(1) Y: Relocation Set (Medium Pages): 0->0, 1 skipped, 0 forwarding entries
[4,123s][debug][gc,reloc       ] GC(1) Y: Relocation Set (Small Pages): 500->87, 0 skipped, 6862354 forwarding entries
[4,123s][debug][gc,reloc       ] GC(1) Y: Allocated To Garbage: 4,3
[4,123s][debug][gc,reloc       ] GC(1) Y: Young Log Residency: 1,3
[4,123s][debug][gc,reloc       ] GC(1) Y: Life Decay Factor: 0,9
[4,123s][info ][gc,reloc       ] GC(1) Y: Using tenuring threshold: 1 (Computed)
[4,123s][debug][gc,task        ] GC(1) Y: Executing ZRelocationSetInstallTask using ZWorkerYoung with 5 workers
[4,130s][debug][gc,task        ] GC(1) Y: Executing ZPromotePagesTask using ZWorkerYoung with 5 workers
[4,130s][debug][gc,nmethod     ] Register NMethod: sun.nio.ch.IOUtil.readIntoNativeBuffer (0x000071df5ee69b08) [0x000071df5ee69c00, 0x000071df5ee6a268] Compiler: jvmci, Barriers: 6, Oops: 0, ImmediateOops: 0, NonImmediateOops: No
[4,131s][debug][gc,nmethod     ] Register NMethod: io.sirix.page.PageReference.setDatabaseId (0x000071df5ee6a288) [0x000071df5ee6a380, 0x000071df5ee6a410] Compiler: jvmci, Barriers: 0, Oops: 1, ImmediateOops: 0, NonImmediateOops: No
[4,131s][debug][gc,nmethod     ] Register NMethod: sun.nio.ch.IOUtil.read (0x000071df5ee6a588) [0x000071df5ee6a680, 0x000071df5ee6b488] Compiler: jvmci, Barriers: 20, Oops: 1, ImmediateOops: 1, NonImmediateOops: No
[4,131s][debug][gc,nmethod     ] Register NMethod: io.sirix.node.MemorySegmentBytesIn.position (0x000071df5ee6b508) [0x000071df5ee6b600, 0x000071df5ee6b6c0] Compiler: c1, Barriers: 0, Oops: 1, ImmediateOops: 0, NonImmediateOops: No
[4,131s][debug][gc,nmethod     ] Register NMethod: io.sirix.page.PageReference.setResourceId (0x000071df5ee6b808) [0x000071df5ee6b900, 0x000071df5ee6b990] Compiler: jvmci, Barriers: 0, Oops: 1, ImmediateOops: 0, NonImmediateOops: No
[4,131s][debug][gc,nmethod     ] Register NMethod: io.sirix.axis.AbstractAxis.tryToComputeNext (0x000071df402b9688) [0x000071df402b9780, 0x000071df402b9eb0] Compiler: c1, Barriers: 10, Oops: 1, ImmediateOops: 5, NonImmediateOops: No
[4,131s][debug][gc,nmethod     ] Register NMethod: io.sirix.cache.PageGuard.page (0x000071df402b9f08) [0x000071df402ba000, 0x000071df402ba1f0] Compiler: c1, Barriers: 1, Oops: 1, ImmediateOops: 1, NonImmediateOops: No
[4,131s][debug][gc,nmethod     ] Register NMethod: io.sirix.node.MemorySegmentBytesIn.position (0x000071df5ee6bb08) [0x000071df5ee6bc00, 0x000071df5ee6bcc0] Compiler: c1, Barriers: 0, Oops: 1, ImmediateOops: 0, NonImmediateOops: No
[4,132s][debug][gc,nmethod     ] Register NMethod: io.sirix.access.trx.node.xml.XmlNodeReadOnlyTrxImpl.isNameNode (0x000071df402ba208) [0x000071df402ba300, 0x000071df402bab38] Compiler: c1, Barriers: 1, Oops: 1, ImmediateOops: 1, NonImmediateOops: No
[4,132s][debug][gc,nmethod     ] Register NMethod: io.sirix.axis.filter.xml.XmlNameFilter.filter (0x000071df402bab88) [0x000071df402bac80, 0x000071df402bc0c8] Compiler: c1, Barriers: 3, Oops: 1, ImmediateOops: 0, NonImmediateOops: No
[4,132s][debug][gc,nmethod     ] Register NMethod: it.unimi.dsi.fastutil.longs.LongArrayList.<init> (0x000071df402bc108) [0x000071df402bc200, 0x000071df402bc4a8] Compiler: c1, Barriers: 0, Oops: 1, ImmediateOops: 0, NonImmediateOops: No
[4,133s][debug][gc,nmethod     ] Register NMethod: it.unimi.dsi.fastutil.longs.LongArrayList.initArrayFromCapacity (0x000071df402bc508) [0x000071df402bc600, 0x000071df402bd748] Compiler: c1, Barriers: 6, Oops: 3, ImmediateOops: 4, NonImmediateOops: No
[4,133s][debug][gc,nmethod     ] Register NMethod: kotlinx.coroutines.internal.ConcurrentLinkedListNode.getNextOrClosed (0x000071df402bd788) [0x000071df402bd880, 0x000071df402bdd18] Compiler: c1, Barriers: 1, Oops: 2, ImmediateOops: 3, NonImmediateOops: No
[4,133s][debug][gc,nmethod     ] Register NMethod: io.sirix.access.trx.node.xml.XmlNodeReadOnlyTrxImpl.getLocalNameKey (0x000071df402bdd88) [0x000071df402bde80, 0x000071df402bed48] Compiler: c1, Barriers: 1, Oops: 1, ImmediateOops: 1, NonImmediateOops: No
[4,133s][debug][gc,nmethod     ] Register NMethod: kotlinx.coroutines.internal.ConcurrentLinkedListNode.access$getNextOrClosed (0x000071df402bed88) [0x000071df402bee80, 0x000071df402bf370] Compiler: c1, Barriers: 1, Oops: 2, ImmediateOops: 3, NonImmediateOops: No
[4,133s][debug][gc,nmethod     ] Register NMethod: io.sirix.axis.DescendantAxis.hasNextNode (0x000071df402bf388) [0x000071df402bf480, 0x000071df402c03e8] Compiler: c1, Barriers: 1, Oops: 1, ImmediateOops: 1, NonImmediateOops: No
[4,133s][debug][gc,nmethod     ] Register NMethod: io.sirix.page.KeyValueLeafPage.processEntries (0x000071df5ee6be08) [0x000071df5ee6bf00, 0x000071df5ee6feb8] Compiler: jvmci, Barriers: 78, Oops: 6, ImmediateOops: 9, NonImmediateOops: No
[4,134s][debug][gc,nmethod     ] Register NMethod: io.brackit.query.atomic.QNm.<init> (0x000071df402c0408) [0x000071df402c0500, 0x000071df402c0938] Compiler: c1, Barriers: 9, Oops: 1, ImmediateOops: 4, NonImmediateOops: No
[4,134s][debug][gc,nmethod     ] Register NMethod: io.sirix.node.json.JsonNodeSerializer.readSizePrefix (0x000071df402c0988) [0x000071df402c0a80, 0x000071df402c0ca0] Compiler: c1, Barriers: 0, Oops: 1, ImmediateOops: 0, NonImmediateOops: No
[4,134s][debug][gc,nmethod     ] Register NMethod: io.sirix.node.xml.ElementNode.<init> (0x000071df402c0d08) [0x000071df402c0e00, 0x000071df402c1118] Compiler: c1, Barriers: 3, Oops: 1, ImmediateOops: 0, NonImmediateOops: No
[4,134s][debug][gc,nmethod     ] Register NMethod: net.jpountz.lz4.LZ4BlockInputStream.readFully (0x000071df402c1188) [0x000071df402c1280, 0x000071df402c14a0] Compiler: c1, Barriers: 0, Oops: 1, ImmediateOops: 1, NonImmediateOops: No
[4,135s][debug][gc,nmethod     ] Register NMethod: io.sirix.node.xml.TextNode.<init> (0x000071df402c1508) [0x000071df402c1600, 0x000071df402c1900] Compiler: c1, Barriers: 3, Oops: 1, ImmediateOops: 0, NonImmediateOops: No
[4,135s][debug][gc,nmethod     ] Register NMethod: io.sirix.access.trx.page.NodePageReadOnlyTrx.getRecordPage (0x000071df402c1988) [0x000071df402c1a80, 0x000071df402ccf78] Compiler: c1, Barriers: 96, Oops: 5, ImmediateOops: 16, NonImmediateOops: No
[4,135s][debug][gc,nmethod     ] Register NMethod: io.sirix.node.NodeKind$4.deserialize (0x000071df402cd008) [0x000071df402cd100, 0x000071df402cecb8] Compiler: c1, Barriers: 10, Oops: 2, ImmediateOops: 1, NonImmediateOops: No
[4,136s][debug][gc,nmethod     ] Register NMethod: io.sirix.node.NodeKind$1.deserialize (0x000071df402ced08) [0x000071df402cee00, 0x000071df402d2448] Compiler: c1, Barriers: 28, Oops: 3, ImmediateOops: 7, NonImmediateOops: No
[4,137s][debug][gc,nmethod     ] Register NMethod: net.jpountz.lz4.LZ4BlockInputStream.refill (0x000071df402d2488) [0x000071df402d2580, 0x000071df402d4590] Compiler: c1, Barriers: 22, Oops: 1, ImmediateOops: 11, NonImmediateOops: No
[4,137s][debug][gc,nmethod     ] Register NMethod: io.sirix.axis.filter.FilterAxis.nextKey (0x000071df402d4608) [0x000071df402d4700, 0x000071df402d5d10] Compiler: c1, Barriers: 3, Oops: 1, ImmediateOops: 1, NonImmediateOops: No
[4,139s][debug][gc,nmethod     ] Register NMethod: io.sirix.page.IndirectPage.getOrCreateReference (0x000071df402d5d88) [0x000071df402d5e80, 0x000071df402d7390] Compiler: c1, Barriers: 8, Oops: 1, ImmediateOops: 0, NonImmediateOops: No
[4,140s][debug][gc,nmethod     ] Register NMethod: net.jpountz.lz4.LZ4BlockInputStream.read (0x000071df5ee6ff08) [0x000071df5ee70000, 0x000071df5ee70460] Compiler: jvmci, Barriers: 1, Oops: 1, ImmediateOops: 0, NonImmediateOops: No
[4,142s][debug][gc,nmethod     ] Register NMethod: io.sirix.page.PageUtils.fixupPageReferenceIds (0x000071df5ee70488) [0x000071df5ee70580, 0x000071df5ee71a20] Compiler: jvmci, Barriers: 29, Oops: 1, ImmediateOops: 0, NonImmediateOops: No
[4,143s][debug][gc,nmethod     ] Register NMethod: com.google.common.base.Preconditions.checkArgument (0x000071df5ee71a88) [0x000071df5ee71b80, 0x000071df5ee71c18] Compiler: jvmci, Barriers: 0, Oops: 1, ImmediateOops: 0, NonImmediateOops: No
[4,143s][debug][gc,task        ] GC(1) Y: Executing ZPromotePagesTask using ZWorkerYoung with 5 workers
[4,144s][debug][gc,nmethod     ] Register NMethod: java.nio.HeapByteBuffer.getLong (0x000071df402d7408) [0x000071df402d7500, 0x000071df402d8fc8] Compiler: c1, Barriers: 6, Oops: 1, ImmediateOops: 4, NonImmediateOops: No
[4,144s][debug][gc,task        ] GC(1) Y: Executing ZPromotePagesTask using ZWorkerYoung with 5 workers
[4,144s][info ][gc,phases      ] GC(1) Y: Concurrent Select Relocation Set 21,012ms
[4,144s][debug][gc,reloc       ] Synchronize all workers 1 _nworkers: 0 _nsynchronized: 0
[4,144s][debug][gc,reloc       ] Synchronize all workers 1 _nworkers: 0 _nsynchronized: 0
[4,144s][debug][gc,phases,start] GC(1) Y: Pause Relocate Start
[4,144s][debug][gc,reloc       ] GC(1) Y: Joining workers: 5
[4,144s][info ][gc,phases      ] GC(1) Y: Pause Relocate Start 0,039ms
[4,144s][debug][gc,reloc       ] Desynchronize all workers _nworkers: 0 _nsynchronized: 0
[4,144s][debug][gc,reloc       ] Desynchronize all workers _nworkers: 5 _nsynchronized: 0
[4,144s][debug][gc,phases,start] GC(1) Y: Concurrent Relocate
[4,144s][debug][gc,task        ] GC(1) Y: Executing ZRelocateStoreBufferInstallBasePointersTask using ZWorkerYoung with 5 workers
[4,144s][debug][gc,task        ] GC(1) Y: Executing ZRelocateTask using ZWorkerYoung with 5 workers
[4,144s][debug][gc,nmethod     ] Register NMethod: io.sirix.node.MemorySegmentBytesIn.getUnderlying (0x000071df5ee71d88) [0x000071df5ee71e80, 0x000071df5ee720c0] Compiler: jvmci, Barriers: 4, Oops: 1, ImmediateOops: 0, NonImmediateOops: No
[4,151s][debug][gc,nmethod     ] Register NMethod: sun.nio.ch.IOUtil.read (0x000071df5ee72108) [0x000071df5ee72200, 0x000071df5ee732c8] Compiler: jvmci, Barriers: 24, Oops: 1, ImmediateOops: 1, NonImmediateOops: No
[4,152s][debug][gc,nmethod     ] Register NMethod: java.nio.channels.spi.AbstractInterruptibleChannel.begin (0x000071df402d9008) [0x000071df402d9100, 0x000071df402d9d18] Compiler: c1, Barriers: 6, Oops: 0, ImmediateOops: 1, NonImmediateOops: No
[4,157s][debug][gc,nmethod     ] Register NMethod: java.nio.channels.spi.AbstractInterruptibleChannel.end (0x000071df402d9d88) [0x000071df402d9e80, 0x000071df402da920] Compiler: c1, Barriers: 8, Oops: 0, ImmediateOops: 1, NonImmediateOops: No
[4,163s][debug][gc,nmethod     ] Register NMethod: org.magicwerk.brownies.collections.GapList.doAdd (0x000071df5ee73308) [0x000071df5ee73400, 0x000071df5ee740a8] Compiler: jvmci, Barriers: 21, Oops: 1, ImmediateOops: 0, NonImmediateOops: No
[4,165s][debug][gc,nmethod     ] Register NMethod: io.sirix.access.trx.page.NodePageReadOnlyTrx.getRecordPage (0x000071df5ee74108) [0x000071df5ee74200, 0x000071df5ee75b80] Compiler: jvmci, Barriers: 61, Oops: 1, ImmediateOops: 1, NonImmediateOops: No
[4,167s][debug][gc,nmethod     ] Register NMethod: org.magicwerk.brownies.collections.GapList.doEnsureCapacity (0x000071df5ee75c08) [0x000071df5ee75d00, 0x000071df5ee760d8] Compiler: jvmci, Barriers: 8, Oops: 1, ImmediateOops: 0, NonImmediateOops: No
[4,168s][debug][gc,nmethod     ] Register NMethod: io.sirix.page.PageKind$1.serializePage (0x000071df5ee76108) [0x000071df5ee76200, 0x000071df5ee7a7b8] Compiler: jvmci, Barriers: 108, Oops: 16, ImmediateOops: 6, NonImmediateOops: No
[4,168s][debug][gc,nmethod     ] Register NMethod: io.sirix.access.trx.page.NodePageReadOnlyTrx$PageReferenceToPage.<init> (0x000071df5ee7a888) [0x000071df5ee7a980, 0x000071df5ee7aad8] Compiler: jvmci, Barriers: 6, Oops: 1, ImmediateOops: 0, NonImmediateOops: No
[4,168s][debug][gc,nmethod     ] Register NMethod: io.sirix.cache.ShardedPageCache.getAndGuard (0x000071df5ee7ab88) [0x000071df5ee7ad60, 0x000071df5ee7cc80] Compiler: jvmci, Barriers: 55, Oops: 3, ImmediateOops: 2, NonImmediateOops: No
[4,169s][debug][gc,nmethod     ] Register NMethod: io.sirix.node.Bytes.elasticOffHeapByteBuffer (0x000071df5ee7cd08) [0x000071df5ee7ce00, 0x000071df5ee7e500] Compiler: jvmci, Barriers: 65, Oops: 7, ImmediateOops: 9, NonImmediateOops: No
[4,169s][debug][gc,nmethod     ] Register NMethod: java.lang.Integer.numberOfTrailingZeros (0x000071df5ee7e588) [0x000071df5ee7e680, 0x000071df5ee7e780] Compiler: jvmci, Barriers: 0, Oops: 0, ImmediateOops: 0, NonImmediateOops: No
[4,170s][debug][gc,nmethod     ] Register NMethod: io.sirix.access.trx.page.NodePageReadOnlyTrx.getMostRecentPage (0x000071df5ee7e888) [0x000071df5ee7e980, 0x000071df5ee7ec18] Compiler: jvmci, Barriers: 4, Oops: 1, ImmediateOops: 0, NonImmediateOops: No
[4,171s][debug][gc,nmethod     ] Register NMethod: java.lang.Long.numberOfTrailingZeros (0x000071df5ee7ec88) [0x000071df5ee7ed80, 0x000071df5ee7ee00] Compiler: jvmci, Barriers: 0, Oops: 0, ImmediateOops: 0, NonImmediateOops: No
[4,171s][debug][gc,nmethod     ] Register NMethod: java.util.BitSet.nextSetBit (0x000071df5ee7ef88) [0x000071df5ee7f080, 0x000071df5ee7f200] Compiler: jvmci, Barriers: 1, Oops: 0, ImmediateOops: 0, NonImmediateOops: No
[4,171s][debug][gc,nmethod     ] Register NMethod: io.sirix.axis.AbstractAxis.tryToComputeNext (0x000071df5ee7f288) [0x000071df5ee7f380, 0x000071df5ee7f638] Compiler: jvmci, Barriers: 10, Oops: 1, ImmediateOops: 3, NonImmediateOops: No
[4,174s][debug][gc,nmethod     ] Register NMethod: io.sirix.page.KeyValueLeafPage.setDeweyId (0x000071df5ee7f688) [0x000071df5ee7f780, 0x000071df5ee7f8c0] Compiler: jvmci, Barriers: 2, Oops: 1, ImmediateOops: 0, NonImmediateOops: No
[4,174s][debug][gc,nmethod     ] Register NMethod: io.sirix.node.xml.TextNode.hasRightSibling (0x000071df5ee7f988) [0x000071df5ee7fa80, 0x000071df5ee7fd48] Compiler: jvmci, Barriers: 4, Oops: 1, ImmediateOops: 0, NonImmediateOops: No
[4,178s][debug][gc,nmethod     ] Register NMethod: io.sirix.node.MemorySegmentBytesIn.readStopBit (0x000071df5ee7fd88) [0x000071df5ee7fe80, 0x000071df5ee801a0] Compiler: jvmci, Barriers: 4, Oops: 1, ImmediateOops: 0, NonImmediateOops: No
[4,179s][debug][gc,alloc       ] Mutator Allocation Rate: 575,1MB/s Predicted: 623,8MB/s, Avg: 401,3(+/-123,4)MB/s
[4,180s][debug][gc,nmethod     ] Register NMethod: io.sirix.access.trx.node.AbstractNodeReadOnlyTrx.hasFirstChild (0x000071df5ee80208) [0x000071df5ee80300, 0x000071df5ee808c0] Compiler: jvmci, Barriers: 8, Oops: 1, ImmediateOops: 0, NonImmediateOops: No
[4,182s][debug][gc,nmethod     ] Register NMethod: io.sirix.access.trx.node.AbstractNodeReadOnlyTrx.hasRightSibling (0x000071df5ee80908) [0x000071df5ee80a00, 0x000071df5ee81180] Compiler: jvmci, Barriers: 12, Oops: 1, ImmediateOops: 0, NonImmediateOops: No
[4,182s][debug][gc,reloc       ] GC(1) Y: Leaving workers: left: 4 _synchronize: 0 _nsynchronized: 0
[4,182s][debug][gc,reloc       ] GC(1) Y: Leaving workers: left: 3 _synchronize: 0 _nsynchronized: 0
[4,182s][debug][gc,reloc       ] GC(1) Y: Leaving workers: left: 2 _synchronize: 0 _nsynchronized: 0
[4,182s][debug][gc,reloc       ] GC(1) Y: Leaving workers: left: 1 _synchronize: 0 _nsynchronized: 0
[4,183s][debug][gc,reloc       ] GC(1) Y: Leaving workers: left: 0 _synchronize: 0 _nsynchronized: 0
[4,184s][debug][gc,phases,start] GC(1) Y: Concurrent Relocate Remset FP
[4,184s][debug][gc,task        ] GC(1) Y: Executing ZRelocateAddRemsetForFlipPromoted using ZWorkerYoung with 5 workers
[4,184s][debug][gc,nmethod     ] Register NMethod: io.sirix.access.trx.node.xml.XmlNodeReadOnlyTrxImpl.isNameNode (0x000071df5ee81208) [0x000071df5ee81300, 0x000071df5ee81490] Compiler: jvmci, Barriers: 1, Oops: 1, ImmediateOops: 0, NonImmediateOops: No
[4,184s][debug][gc,nmethod     ] Register NMethod: java.util.LinkedHashMap.<init> (0x000071df402da988) [0x000071df402daa80, 0x000071df402dacb0] Compiler: c1, Barriers: 0, Oops: 0, ImmediateOops: 0, NonImmediateOops: No
[4,187s][debug][gc,nmethod     ] Register NMethod: io.sirix.cache.ShardedPageCache.getAndGuard (0x000071df5ee81508) [0x000071df5ee81740, 0x000071df5ee836d0] Compiler: jvmci, Barriers: 55, Oops: 3, ImmediateOops: 2, NonImmediateOops: No
[4,187s][debug][gc,nmethod     ] Register NMethod: it.unimi.dsi.fastutil.longs.LongArrayList.initArrayFromCapacity (0x000071df5ee83708) [0x000071df5ee83800, 0x000071df5ee83b20] Compiler: jvmci, Barriers: 6, Oops: 1, ImmediateOops: 1, NonImmediateOops: No
[4,189s][debug][gc,nmethod     ] Register NMethod: io.sirix.axis.filter.xml.XmlNameFilter.filter (0x000071df5ee83b88) [0x000071df5ee83c80, 0x000071df5ee84490] Compiler: jvmci, Barriers: 10, Oops: 1, ImmediateOops: 0, NonImmediateOops: No
[4,191s][debug][gc,nmethod     ] Register NMethod: io.sirix.access.trx.page.NodePageReadOnlyTrx.getRecordPage (0x000071df402dad08) [0x000071df402dae00, 0x000071df402e62f8] Compiler: c1, Barriers: 96, Oops: 5, ImmediateOops: 16, NonImmediateOops: No
[4,193s][debug][gc,nmethod     ] Register NMethod: io.sirix.node.NodeSerializerImpl.deserialize (0x000071df5ee84508) [0x000071df5ee84600, 0x000071df5ee84938] Compiler: jvmci, Barriers: 5, Oops: 1, ImmediateOops: 1, NonImmediateOops: No
[4,198s][debug][gc,nmethod     ] Register NMethod: java.util.LinkedHashMap.values (0x000071df402e6388) [0x000071df402e6480, 0x000071df402e6778] Compiler: c1, Barriers: 0, Oops: 0, ImmediateOops: 0, NonImmediateOops: No
[4,199s][debug][gc,nmethod     ] Register NMethod: java.util.LinkedHashMap.sequencedValues (0x000071df402e6788) [0x000071df402e6880, 0x000071df402e6ef0] Compiler: c1, Barriers: 7, Oops: 0, ImmediateOops: 0, NonImmediateOops: No
[4,199s][debug][gc,nmethod     ] Register NMethod: io.sirix.access.trx.node.AbstractNodeReadOnlyTrx.getRightSiblingKey (0x000071df5ee84988) [0x000071df5ee84a80, 0x000071df5ee851e8] Compiler: jvmci, Barriers: 11, Oops: 1, ImmediateOops: 0, NonImmediateOops: No
[4,200s][debug][gc,nmethod     ] Register NMethod: io.sirix.page.KeyValueLeafPage.setSlot (0x000071df5ee85208) [0x000071df5ee85300, 0x000071df5ee85f30] Compiler: jvmci, Barriers: 15, Oops: 1, ImmediateOops: 0, NonImmediateOops: No
[4,201s][debug][gc,nmethod     ] Register NMethod: io.sirix.page.delegates.BitmapReferencesPage.getOrCreateReference (0x000071df402e6f08) [0x000071df402e7000, 0x000071df402e76a8] Compiler: c1, Barriers: 2, Oops: 1, ImmediateOops: 0, NonImmediateOops: No
[4,204s][debug][gc,nmethod     ] Register NMethod: io.sirix.access.trx.page.NodePageReadOnlyTrx.getDataRecord (0x000071df5ee85f88) [0x000071df5ee86080, 0x000071df5ee86868] Compiler: jvmci, Barriers: 13, Oops: 2, ImmediateOops: 1, NonImmediateOops: No
[4,211s][debug][gc,nmethod     ] Register NMethod: io.sirix.access.trx.node.AbstractNodeReadOnlyTrx.getLeftSiblingKey (0x000071df5ee86888) [0x000071df5ee86980, 0x000071df5ee870e8] Compiler: jvmci, Barriers: 11, Oops: 1, ImmediateOops: 0, NonImmediateOops: No
[4,214s][debug][gc,phases      ] GC(1) Y: Concurrent Relocate Remset FP 30,017ms
[4,214s][info ][gc,phases      ] GC(1) Y: Concurrent Relocate 69,599ms
[4,214s][debug][gc,heap        ] GC(1) Y: Heap After GC invocations=2 (full 2):
[4,214s][debug][gc,heap        ] GC(1) Y:  ZHeap           used 776M, capacity 5120M, max capacity 12288M
[4,214s][debug][gc,heap        ] GC(1) Y:   Cache          4344M (3)
[4,214s][debug][gc,heap        ] GC(1) Y:    size classes  4M (1), 512M (1), 2G (1)
[4,214s][debug][gc,metaspace   ] GC(1) Y: Metaspace After GC invocations=2 (full 2):
[4,214s][debug][gc,metaspace   ] GC(1) Y:  Metaspace       used 33194K, committed 33664K, reserved 1114112K
[4,214s][debug][gc,metaspace   ] GC(1) Y:   class space    used 2611K, committed 2816K, reserved 1048576K
[4,214s][info ][gc,alloc       ] GC(1) Y:                         Mark Start        Mark End      Relocate Start    Relocate End   
[4,214s][info ][gc,alloc       ] GC(1) Y: Allocation Stalls:          0                0                0                0         
[4,214s][info ][gc,load        ] GC(1) Y: Load: 5,31 (27%) / 2,18 (11%) / 1,52 (8%)
[4,214s][info ][gc,mmu         ] GC(1) Y: MMU: 2ms/93,2%, 5ms/97,3%, 10ms/98,6%, 20ms/99,3%, 50ms/99,7%, 100ms/99,9%
[4,214s][info ][gc,marking     ] GC(1) Y: Mark: 4 stripe(s), 10 proactive flush(es), 1 terminate flush(es), 0 completion(s), 0 continuation(s) 
[4,214s][info ][gc,nmethod     ] GC(1) Y: NMethods: 5109 registered, 0 unregistered
[4,214s][info ][gc,metaspace   ] GC(1) Y: Metaspace: 32M used, 32M committed, 1088M reserved
[4,214s][info ][gc,reloc       ] GC(1) Y:                        Candidates     Selected     In-Place         Size        Empty    Relocated 
[4,214s][info ][gc,reloc       ] GC(1) Y: Small Pages:                  585          413            0        1170M           2M         121M 
[4,214s][info ][gc,reloc       ] GC(1) Y: Medium Pages:                   2            0            0          64M          32M           0M 
[4,214s][info ][gc,reloc       ] GC(1) Y: Large Pages:                    0            0            0           0M           0M           0M 
[4,214s][info ][gc,reloc       ] GC(1) Y: Forwarding Usage: 52M
[4,214s][info ][gc,reloc       ] GC(1) Y: Age Table:
[4,214s][info ][gc,reloc       ] GC(1) Y:                    Live             Garbage             Small              Medium             Large        
[4,214s][info ][gc,reloc       ] GC(1) Y: Eden             150M (1%)          863M (7%)         491 / 404            1 / 0              0 / 0        
[4,214s][info ][gc,reloc       ] GC(1) Y: Survivor 1       171M (1%)           48M (0%)          94 / 9              1 / 0              0 / 0        
[4,214s][info ][gc,heap        ] GC(1) Y: Min Capacity: 5120M(42%)
[4,214s][info ][gc,heap        ] GC(1) Y: Max Capacity: 12288M(100%)
[4,214s][info ][gc,heap        ] GC(1) Y: Soft Max Capacity: 12288M(100%)
[4,214s][info ][gc,heap        ] GC(1) Y: Heap Statistics:
[4,214s][info ][gc,heap        ] GC(1) Y:                Mark Start          Mark End        Relocate Start      Relocate End           High               Low         
[4,214s][info ][gc,heap        ] GC(1) Y:  Capacity:     5120M (42%)        5120M (42%)        5120M (42%)        5120M (42%)        5120M (42%)        5120M (42%)    
[4,214s][info ][gc,heap        ] GC(1) Y:      Free:    11054M (90%)       10726M (87%)       10748M (87%)       11512M (94%)       11534M (94%)       10724M (87%)    
[4,214s][info ][gc,heap        ] GC(1) Y:      Used:     1234M (10%)        1562M (13%)        1540M (13%)         776M (6%)         1564M (13%)         754M (6%)     
[4,214s][info ][gc,heap        ] GC(1) Y: Young Generation Statistics:
[4,214s][info ][gc,heap        ] GC(1) Y:                Mark Start          Mark End        Relocate Start      Relocate End    
[4,214s][info ][gc,heap        ] GC(1) Y:      Used:     1234M (10%)        1562M (13%)        1340M (11%)         548M (4%)     
[4,214s][info ][gc,heap        ] GC(1) Y:      Live:         -               321M (3%)          151M (1%)          150M (1%)     
[4,214s][info ][gc,heap        ] GC(1) Y:   Garbage:         -               912M (7%)          848M (7%)            0M (0%)     
[4,214s][info ][gc,heap        ] GC(1) Y: Allocated:         -               328M (3%)          340M (3%)          397M (3%)     
[4,214s][info ][gc,heap        ] GC(1) Y: Reclaimed:         -                  -                63M (1%)          912M (7%)     
[4,214s][info ][gc,heap        ] GC(1) Y:  Promoted:         -                  -               170M (1%)          171M (1%)     
[4,214s][info ][gc,heap        ] GC(1) Y: Compacted:         -                  -                  -               150M (1%)     
[4,214s][info ][gc,phases      ] GC(1) Y: Young Generation 1234M(10%)->776M(6%) 0,349s
[4,214s][debug][gc,heap        ] GC(1) O: Heap Before GC invocations=2 (full 2):
[4,214s][debug][gc,heap        ] GC(1) O:  ZHeap           used 776M, capacity 5120M, max capacity 12288M
[4,214s][debug][gc,heap        ] GC(1) O:   Cache          4344M (3)
[4,214s][debug][gc,heap        ] GC(1) O:    size classes  4M (1), 512M (1), 2G (1)
[4,214s][debug][gc,metaspace   ] GC(1) O: Metaspace Before GC invocations=2 (full 2):
[4,214s][debug][gc,metaspace   ] GC(1) O:  Metaspace       used 33194K, committed 33664K, reserved 1114112K
[4,214s][debug][gc,metaspace   ] GC(1) O:   class space    used 2611K, committed 2816K, reserved 1048576K
[4,214s][info ][gc,phases      ] GC(1) O: Old Generation
[4,214s][debug][gc,phases,start] GC(1) O: Concurrent Mark
[4,214s][debug][gc,phases,start] GC(1) O: Concurrent Mark Roots
[4,214s][debug][gc,task        ] GC(1) O: Executing ZMarkOldRootsTask using ZWorkerOld with 3 workers
[4,214s][debug][gc,tlab        ] GC(1) O: TLAB totals: thrds: 33  refills: 849 max: 58 slow allocs: 2092 max 696 waste:  1,3% gc: 1768744B max: 262104B slow: 655976B max: 110872B
[4,214s][debug][gc,phases      ] GC(1) O: Concurrent Mark Roots 0,361ms
[4,214s][debug][gc,phases,start] GC(1) O: Concurrent Mark Follow
[4,214s][debug][gc,marking     ] GC(1) O: Using 2 mark stripes
[4,214s][debug][gc,task        ] GC(1) O: Executing ZMarkTask using ZWorkerOld with 3 workers
[4,214s][debug][gc,marking     ] GC(1) O: Using 1 mark stripes
[4,215s][debug][gc,phases      ] GC(1) O: Concurrent Mark Follow 0,583ms
[4,215s][info ][gc,phases      ] GC(1) O: Concurrent Mark 0,986ms
[4,215s][debug][gc,reloc       ] Synchronize all workers 1 _nworkers: 0 _nsynchronized: 0
[4,215s][debug][gc,reloc       ] Synchronize all workers 1 _nworkers: 0 _nsynchronized: 0
[4,215s][debug][gc,phases,start] GC(1) O: Pause Mark End
[4,215s][info ][gc,phases      ] GC(1) O: Pause Mark End 0,027ms
[4,215s][debug][gc,reloc       ] Desynchronize all workers _nworkers: 0 _nsynchronized: 0
[4,215s][debug][gc,reloc       ] Desynchronize all workers _nworkers: 0 _nsynchronized: 0
[4,215s][debug][gc,phases,start] GC(1) O: Concurrent Mark Free
[4,215s][info ][gc,phases      ] GC(1) O: Concurrent Mark Free 0,008ms
[4,215s][debug][gc,phases,start] GC(1) O: Concurrent Process Non-Strong
[4,215s][debug][gc,phases,start] GC(1) O: Concurrent References Process
[4,215s][debug][gc,task        ] GC(1) O: Executing ZReferenceProcessorTask using ZWorkerOld with 3 workers
[4,215s][debug][gc,phases      ] GC(1) O: Concurrent References Process 0,056ms
[4,215s][debug][gc,task        ] GC(1) O: Executing ZProcessWeakRootsTask using ZWorkerOld with 3 workers
[4,216s][debug][gc,phases,start] GC(1) O: Concurrent Classes Unlink
[4,216s][debug][gc,phases,start] GC(1) O: ClassLoaderData
[4,216s][debug][gc,phases      ] GC(1) O: ClassLoaderData 0,039ms
[4,216s][debug][gc,phases,start] GC(1) O: Trigger cleanups
[4,216s][debug][gc,phases      ] GC(1) O: Trigger cleanups 0,007ms
[4,216s][debug][gc,task        ] GC(1) O: Executing ZNMethodUnlinkTask using ZWorkerOld with 3 workers
[4,216s][debug][gc,nmethod     ] GC(1) O: Unregister NMethod: java.lang.String.<init> (0x000071df3f4e2288) [0x000071df3f4e2380, 0x000071df3f4e61f0] 
[4,216s][debug][gc,nmethod     ] GC(1) O: Unregister NMethod: jdk.internal.foreign.SegmentFactories.allocateNativeSegment (0x000071df3faa0c08) [0x000071df3faa0d00, 0x000071df3faa12c0] 
[4,216s][debug][gc,nmethod     ] GC(1) O: Unregister NMethod: java.lang.runtime.ObjectMethods.hashCombiner (0x000071df3f80b488) [0x000071df3f80b580, 0x000071df3f80b670] 
[4,216s][debug][gc,nmethod     ] GC(1) O: Unregister NMethod: jdk.internal.foreign.layout.MemoryLayoutUtil.requireByteSizeValid (0x000071df3fdead88) [0x000071df3fdeae80, 0x000071df3fdebbe8] 
[4,216s][debug][gc,nmethod     ] GC(1) O: Unregister NMethod: java.lang.String.encodeUTF8 (0x000071df3fde8788) [0x000071df3fde8880, 0x000071df3fde8f08] 
[4,216s][debug][gc,nmethod     ] GC(1) O: Unregister NMethod: jdk.internal.loader.URLClassPath$JarLoader$1.getCodeSourceURL (0x000071df3f5da588) [0x000071df3f5da680, 0x000071df3f5da7e8] 
[4,216s][debug][gc,nmethod     ] GC(1) O: Unregister NMethod: org.gradle.internal.io.LineBufferingOutputStream.write (0x000071df3f7fa788) [0x000071df3f7fa880, 0x000071df3f7fc068] 
[4,216s][debug][gc,nmethod     ] GC(1) O: Unregister NMethod: java.lang.String.startsWith (0x000071df3f74e688) [0x000071df3f74e780, 0x000071df3f74ea78] 
[4,216s][debug][gc,nmethod     ] GC(1) O: Unregister NMethod: java.nio.Buffer$2.newDirectByteBuffer (0x000071df3ff27288) [0x000071df3ff27380, 0x000071df3ff27530] 
[4,216s][debug][gc,nmethod     ] GC(1) O: Unregister NMethod: jdk.internal.misc.ScopedMemoryAccess.getIntUnaligned (0x000071df3f8d9e08) [0x000071df3f8d9f00, 0x000071df3f8dad68] 
[4,216s][debug][gc,nmethod     ] GC(1) O: Unregister NMethod: java.lang.String.encode (0x000071df3fda3188) [0x000071df3fda3280, 0x000071df3fda35b8] 
[4,216s][debug][gc,nmethod     ] GC(1) O: Unregister NMethod: com.sun.org.apache.xerces.internal.impl.XMLEntityScanner.checkBeforeLoad (0x000071df3fe2b308) [0x000071df3fe2b400, 0x000071df3fe2b958] 
[4,216s][debug][gc,nmethod     ] GC(1) O: Unregister NMethod: sun.nio.ch.FileChannelImpl.endBlocking (0x000071df3f57d488) [0x000071df3f57d580, 0x000071df3f57d8a8] 
[4,216s][debug][gc,nmethod     ] GC(1) O: Unregister NMethod: jdk.internal.foreign.ArenaImpl.allocate (0x000071df3faa2408) [0x000071df3faa2500, 0x000071df3faa27f8] 
[4,216s][debug][gc,nmethod     ] GC(1) O: Unregister NMethod: org.magicwerk.brownies.collections.GapList.get (0x000071df3f95a588) [0x000071df3f95a680, 0x000071df3f95c078] 
[4,216s][debug][gc,nmethod     ] GC(1) O: Unregister NMethod: jdk.internal.foreign.HeapMemorySegmentImpl$OfByte.unsafeGetBase (0x000071df401ddb88) [0x000071df401ddc80, 0x000071df401dde88] 
[4,216s][debug][gc,nmethod     ] GC(1) O: Unregister NMethod: jdk.internal.foreign.layout.ValueLayouts$AbstractValueLayout.varHandle (0x000071df3f87df08) [0x000071df3f87e000, 0x000071df3f87e9b8] 
[4,216s][debug][gc,nmethod     ] GC(1) O: Unregister NMethod: io.sirix.node.xml.AbstractStructForwardingNode.hasFirstChild (0x000071df3fe4ca08) [0x000071df3fe4cb00, 0x000071df3fe4d0c8] 
[4,216s][debug][gc,nmethod     ] GC(1) O: Unregister NMethod: java.lang.Integer.rotateRight (0x000071df3f89bf88) [0x000071df3f89c080, 0x000071df3f89c170] 
[4,216s][debug][gc,nmethod     ] GC(1) O: Unregister NMethod: jdk.internal.classfile.impl.StackMapGenerator$Frame.checkStack (0x000071df3f4f6808) [0x000071df3f4f6900, 0x000071df3f4f7548] 
[4,216s][debug][gc,nmethod     ] GC(1) O: Unregister NMethod: java.lang.ref.Reference.refersToImpl (0x000071df3f506908) [0x000071df3f506a00, 0x000071df3f506b38] 
[4,216s][debug][gc,nmethod     ] GC(1) O: Unregister NMethod: jdk.internal.foreign.MemorySessionImpl.<init> (0x000071df3faa1d88) [0x000071df3faa1e80, 0x000071df3faa20c8] 
[4,216s][debug][gc,nmethod     ] GC(1) O: Unregister NMethod: java.nio.Bits.reserveMemory (0x000071df3f40f088) [0x000071df3f40f180, 0x000071df3f4120d8] 
[4,216s][debug][gc,nmethod     ] GC(1) O: Unregister NMethod: java.util.HashMap.computeIfAbsent (0x000071df3f52e308) [0x000071df3f52e400, 0x000071df3f530c08] 
[4,216s][debug][gc,nmethod     ] GC(1) O: Unregister NMethod: jdk.internal.foreign.Utils$BaseAndScale$$TypeSwitch/0x00000000ae1e73d0.typeSwitch (0x000071df3f90c408) [0x000071df3f90c500, 0x000071df3f90d828] 
[4,216s][debug][gc,nmethod     ] GC(1) O: Unregister NMethod: jdk.internal.foreign.MemorySessionImpl.checkValidStateRaw (0x000071df3f875688) [0x000071df3f875780, 0x000071df3f8759b0] 
[4,216s][debug][gc,nmethod     ] GC(1) O: Unregister NMethod: net.openhft.hashing.XXH3.XXH3_64bits_internal (0x000071df3fedb688) [0x000071df3fedb780, 0x000071df3fefa148] 
[4,216s][debug][gc,nmethod     ] GC(1) O: Unregister NMethod: io.sirix.access.trx.node.AbstractDeweyIDManager.newFirstChildID (0x000071df3ff62388) [0x000071df3ff62480, 0x000071df3ff65328] 
[4,216s][debug][gc,nmethod     ] GC(1) O: Unregister NMethod: sun.nio.fs.UnixPath.getByteArrayForSysCalls (0x000071df3f7a1e88) [0x000071df3f7a1f80, 0x000071df3f7a2778] 
[4,216s][debug][gc,nmethod     ] GC(1) O: Unregister NMethod: io.sirix.node.xml.ElementNode.getNamespaceCount (0x000071df40101908) [0x000071df40101a00, 0x000071df40101b80] 
[4,216s][debug][gc,nmethod     ] GC(1) O: Unregister NMethod: java.lang.invoke.SegmentVarHandle.checkSegment (0x000071df3f886808) [0x000071df3f886900, 0x000071df3f889e68] 
[4,216s][debug][gc,nmethod     ] GC(1) O: Unregister NMethod: com.sun.org.apache.xerces.internal.impl.XMLEntityScanner.skipString (0x000071df3ff65788) [0x000071df3ff65880, 0x000071df3ff669a0] 
[4,216s][debug][gc,nmethod     ] GC(1) O: Unregister NMethod: io.sirix.node.xml.AttributeNode.getURIKey (0x000071df40004408) [0x000071df40004500, 0x000071df400094f0] 
[4,216s][debug][gc,nmethod     ] GC(1) O: Unregister NMethod: com.sun.org.apache.xerces.internal.impl.XMLEntityScanner.scanQName (0x000071df4007dd88) [0x000071df4007de80, 0x000071df40080260] 
[4,216s][debug][gc,nmethod     ] GC(1) O: Unregister NMethod: com.sun.org.apache.xerces.internal.impl.XMLEntityScanner.scanQName (0x000071df3ff09008) [0x000071df3ff09100, 0x000071df3ff0b548] 
[4,216s][debug][gc,nmethod     ] GC(1) O: Unregister NMethod: io.sirix.page.PageReference.<init> (0x000071df3f44f308) [0x000071df3f44f400, 0x000071df3f44fa30] 
[4,216s][debug][gc,nmethod     ] GC(1) O: Unregister NMethod: com.google.common.collect.testing.Helpers.addAll (0x000071df3fa46988) [0x000071df3fa46a80, 0x000071df3fa47438] 
[4,216s][debug][gc,nmethod     ] GC(1) O: Unregister NMethod: io.sirix.node.MemorySegmentBytesOut.write (0x000071df3f47f108) [0x000071df3f47f200, 0x000071df3f47f418] 
[4,216s][debug][gc,nmethod     ] GC(1) O: Unregister NMethod: io.sirix.page.KeyValueLeafPage.isSlotSet (0x000071df3f875a08) [0x000071df3f875b00, 0x000071df3f875ca8] 
[4,216s][debug][gc,nmethod     ] GC(1) O: Unregister NMethod: com.sun.org.apache.xerces.internal.xni.QName.setValues (0x000071df3feff708) [0x000071df3feff800, 0x000071df3feffbb8] 
[4,216s][debug][gc,nmethod     ] GC(1) O: Unregister NMethod: java.lang.invoke.DirectMethodHandle.constructorMethod (0x000071df3f5b1888) [0x000071df3f5b1980, 0x000071df3f5b1ca0] 
[4,217s][debug][gc,nmethod     ] GC(1) O: Unregister NMethod: sun.net.util.IPAddressUtil.scan (0x000071df3f6a9988) [0x000071df3f6a9a80, 0x000071df3f6aaad0] 
[4,217s][debug][gc,nmethod     ] GC(1) O: Unregister NMethod: java.nio.Buffer.session (0x000071df3f484e88) [0x000071df3f484f80, 0x000071df3f485388] 
[4,217s][debug][gc,nmethod     ] GC(1) O: Unregister NMethod: java.lang.Math.clamp (0x000071df3f596408) [0x000071df3f596500, 0x000071df3f5975c8] 
[4,217s][debug][gc,nmethod     ] GC(1) O: Unregister NMethod: jdk.internal.foreign.HeapMemorySegmentImpl$OfByte.maxAlignMask (0x000071df401e2408) [0x000071df401e2500, 0x000071df401e2600] 
[4,217s][debug][gc,nmethod     ] GC(1) O: Unregister NMethod: java.nio.MappedByteBuffer.limit (0x000071df3fb17988) [0x000071df3fb17a80, 0x000071df3fb17e40] 
[4,217s][debug][gc,nmethod     ] GC(1) O: Unregister NMethod: java.lang.invoke.DirectMethodHandle.allocateInstance (0x000071df3f5b0d08) [0x000071df3f5b0e00, 0x000071df3f5b1320] 
[4,217s][debug][gc,nmethod     ] GC(1) O: Unregister NMethod: java.util.jar.JarFile.checkForSpecialAttributes (0x000071df5ec36308) [0x000071df5ec36400, 0x000071df5ec36d58] 
[4,217s][debug][gc,nmethod     ] GC(1) O: Unregister NMethod: io.sirix.axis.filter.PathNameFilter.filter (0x000071df3fe8de88) [0x000071df3fe8df80, 0x000071df3fe90720] 
[4,217s][debug][gc,nmethod     ] GC(1) O: Unregister NMethod: java.lang.Thread.onSpinWait (0x000071df3f86de88) [0x000071df3f86df80, 0x000071df3f86e060] 
[4,217s][debug][gc,nmethod     ] GC(1) O: Unregister NMethod: java.nio.Buffer.checkIndex (0x000071df3f485408) [0x000071df3f485500, 0x000071df3f485650] 
[4,217s][debug][gc,nmethod     ] GC(1) O: Unregister NMethod: java.nio.Buffer.position (0x000071df3f7fce08) [0x000071df3f7fcf00, 0x000071df3f7fd140] 
[4,217s][debug][gc,nmethod     ] GC(1) O: Unregister NMethod: java.io.BufferedInputStream.read1 (0x000071df3f611e88) [0x000071df3f611f80, 0x000071df3f612850] 
[4,217s][debug][gc,nmethod     ] GC(1) O: Unregister NMethod: io.sirix.page.PageUtils.fixupPageReferenceIds (0x000071df3fa58a88) [0x000071df3fa58b80, 0x000071df3fa59c68] 
[4,217s][debug][gc,nmethod     ] GC(1) O: Unregister NMethod: com.sun.org.apache.xerces.internal.impl.XMLStreamReaderImpl.getPrefix (0x000071df3fec7a88) [0x000071df3fec7b80, 0x000071df3fec8210] 
[4,217s][debug][gc,nmethod     ] GC(1) O: Unregister NMethod: io.sirix.page.NamePage.setName (0x000071df3fec1388) [0x000071df3fec1480, 0x000071df3fec2a20] 
[4,217s][debug][gc,nmethod     ] GC(1) O: Unregister NMethod: java.lang.String.indexOf (0x000071df3f597608) [0x000071df3f597700, 0x000071df3f597f20] 
[4,217s][debug][gc,nmethod     ] GC(1) O: Unregister NMethod: java.lang.String.<init> (0x000071df3f419308) [0x000071df3f419400, 0x000071df3f4195d8] 
[4,217s][debug][gc,nmethod     ] GC(1) O: Unregister NMethod: com.sun.org.apache.xerces.internal.impl.XMLDocumentFragmentScannerImpl.scanEndElement (0x000071df3ff87e08) [0x000071df3ff87f00, 0x000071df3ff89628] 
[4,217s][debug][gc,nmethod     ] GC(1) O: Unregister NMethod: java.net.URL.<init> (0x000071df3f5be608) [0x000071df3f5be700, 0x000071df3f5c4e18] 
[4,217s][debug][gc,nmethod     ] GC(1) O: Unregister NMethod: io.sirix.index.path.summary.PathSummaryWriter.getPathNodeKey (0x000071df3ff0d888) [0x000071df3ff0d980, 0x000071df3ff117a8] 
[4,217s][debug][gc,nmethod     ] GC(1) O: Unregister NMethod: jdk.internal.foreign.Utils.checkElementAlignment (0x000071df3f8e5308) [0x000071df3f8e5400, 0x000071df3f8e5aa8] 
[4,217s][debug][gc,nmethod     ] GC(1) O: Unregister NMethod: io.sirix.node.xml.ElementNode.getFirstChildKey (0x000071df3fb2d588) [0x000071df3fb2d680, 0x000071df3fb32670] 
[4,217s][debug][gc,nmethod     ] GC(1) O: Unregister NMethod: java.util.concurrent.ConcurrentHashMap.compute (0x000071df3f470888) [0x000071df3f470980, 0x000071df3f473eb8] 
[4,217s][debug][gc,nmethod     ] GC(1) O: Unregister NMethod: io.sirix.node.xml.AttributeNode.getPrefixKey (0x000071df3fffa108) [0x000071df3fffa200, 0x000071df3ffff1f0] 
[4,217s][debug][gc,nmethod     ] GC(1) O: Unregister NMethod: java.nio.charset.Charset.defaultCharset (0x000071df3fd8e388) [0x000071df3fd8e480, 0x000071df3fd8e578] 
[4,217s][debug][gc,nmethod     ] GC(1) O: Unregister NMethod: com.sun.org.apache.xerces.internal.impl.XMLNSDocumentScannerImpl.scanStartElement (0x000071df3ff40708) [0x000071df3ff40800, 0x000071df3ff49830] 
[4,217s][debug][gc,nmethod     ] GC(1) O: Unregister NMethod: jdk.internal.foreign.SegmentFactories.initNativeMemory (0x000071df3f86f408) [0x000071df3f86f500, 0x000071df3f86f720] 
[4,217s][debug][gc,nmethod     ] GC(1) O: Unregister NMethod: java.util.concurrent.ConcurrentHashMap.putVal (0x000071df3f6aab08) [0x000071df3f6aac00, 0x000071df3f6ad148] 
[4,217s][debug][gc,nmethod     ] GC(1) O: Unregister NMethod: com.sun.xml.internal.stream.events.DummyEvent.asEndElement (0x000071df3ff52f88) [0x000071df3ff53080, 0x000071df3ff533a0] 
[4,217s][debug][gc,nmethod     ] GC(1) O: Unregister NMethod: jdk.internal.foreign.ImplicitSession.<init> (0x000071df3fbf9f88) [0x000071df3fbfa080, 0x000071df3fbfa710] 
[4,217s][debug][gc,nmethod     ] GC(1) O: Unregister NMethod: io.sirix.utils.XMLToken.isNCChar (0x000071df5ed49408) [0x000071df5ed49500, 0x000071df5ed495e0] 
[4,217s][debug][gc,nmethod     ] GC(1) O: Unregister NMethod: jdk.internal.foreign.AbstractMemorySegmentImpl$$Lambda/0x00000000ae1ec240.apply (0x000071df401db188) [0x000071df401db280, 0x000071df401db3c8] 
[4,217s][debug][gc,nmethod     ] GC(1) O: Unregister NMethod: it.unimi.dsi.fastutil.ints.Int2LongOpenHashMap.get (0x000071df3fe53c88) [0x000071df3fe53d80, 0x000071df3fe542d0] 
[4,217s][debug][gc,nmethod     ] GC(1) O: Unregister NMethod: io.sirix.access.trx.page.AbstractForwardingPageReadOnlyTrx.getResourceSession (0x000071df3fd85808) [0x000071df3fd85900, 0x000071df3fd85e38] 
[4,217s][debug][gc,nmethod     ] GC(1) O: Unregister NMethod: java.lang.String.concat (0x000071df3f4d0308) [0x000071df3f4d0400, 0x000071df3f4d2700] 
[4,217s][debug][gc,nmethod     ] GC(1) O: Unregister NMethod: jdk.internal.misc.Unsafe.putReferenceOpaque (0x000071df3f5dc588) [0x000071df3f5dc680, 0x000071df3f5dc7f8] 
[4,217s][debug][gc,nmethod     ] GC(1) O: Unregister NMethod: sun.nio.fs.UnixPath.normalizeAndCheck (0x000071df5ecdd708) [0x000071df5ecdd800, 0x000071df5ecddf58] 
[4,217s][debug][gc,nmethod     ] GC(1) O: Unregister NMethod: io.sirix.page.RevisionRootPage.incrementAndGetMaxNodeKeyInDocumentIndex (0x000071df3fe84e08) [0x000071df3fe84f00, 0x000071df3fe85010] 
[4,217s][debug][gc,nmethod     ] GC(1) O: Unregister NMethod: io.brackit.query.atomic.QNm.<init> (0x000071df3fe93d08) [0x000071df3fe93e00, 0x000071df3fe942a8] 
[4,217s][debug][gc,nmethod     ] GC(1) O: Unregister NMethod: com.sun.org.apache.xerces.internal.impl.XMLDocumentFragmentScannerImpl.scanContent (0x000071df40058388) [0x000071df40058480, 0x000071df40059a70] 
[4,217s][debug][gc,nmethod     ] GC(1) O: Unregister NMethod: jdk.internal.misc.Unsafe.putLongUnaligned (0x000071df3f8efd88) [0x000071df3f8efe80, 0x000071df3f8f0088] 
[4,217s][debug][gc,nmethod     ] GC(1) O: Unregister NMethod: java.util.BitSet.recalculateWordsInUse (0x000071df3f8e9108) [0x000071df3f8e9200, 0x000071df3f8e9440] 
[4,217s][debug][gc,nmethod     ] GC(1) O: Unregister NMethod: org.magicwerk.brownies.collections.GapList.doEnsureCapacity (0x000071df5ecec088) [0x000071df5ecec180, 0x000071df5ecec288] 
[4,217s][debug][gc,nmethod     ] GC(1) O: Unregister NMethod: io.sirix.node.xml.ElementNode.getChildCount (0x000071df3fe6d388) [0x000071df3fe6d480, 0x000071df3fe70e88] 
[4,217s][debug][gc,nmethod     ] GC(1) O: Unregister NMethod: jdk.internal.classfile.impl.StackMapGenerator.processBlock (0x000071df3f48f588) [0x000071df3f48f680, 0x000071df3f4be948] 
[4,217s][debug][gc,nmethod     ] GC(1) O: Unregister NMethod: io.sirix.service.xml.shredder.AbstractShredder.processText (0x000071df3fed7e08) [0x000071df3fed7f00, 0x000071df3feda1d0] 
[4,217s][debug][gc,nmethod     ] GC(1) O: Unregister NMethod: java.net.URLStreamHandler.setURL (0x000071df3f5bac88) [0x000071df3f5bad80, 0x000071df3f5bc9b8] 
[4,217s][debug][gc,nmethod     ] GC(1) O: Unregister NMethod: org.gradle.internal.io.StreamByteBuffer$StreamByteBufferOutputStream.write (0x000071df3f7f8c88) [0x000071df3f7f8d80, 0x000071df3f7f8ff0] 
[4,217s][debug][gc,nmethod     ] GC(1) O: Unregister NMethod: com.sun.xml.internal.stream.XMLEventReaderImpl.hasNext (0x000071df3fe4fc88) [0x000071df3fe4fd80, 0x000071df3fe500c0] 
[4,217s][debug][gc,nmethod     ] GC(1) O: Unregister NMethod: com.sun.org.apache.xerces.internal.impl.XMLStreamReaderImpl$1.<init> (0x000071df3fe67208) [0x000071df3fe67300, 0x000071df3fe68970] 
[4,217s][debug][gc,nmethod     ] GC(1) O: Unregister NMethod: com.sun.org.apache.xerces.internal.impl.XMLDocumentFragmentScannerImpl$ElementStack.popElement (0x000071df3ffc7588) [0x000071df3ffc7680, 0x000071df3ffc79d0] 
[4,217s][debug][gc,nmethod     ] GC(1) O: Unregister NMethod: io.sirix.node.xml.AbstractStructForwardingNode.getRightSiblingKey (0x000071df3fec0f08) [0x000071df3fec1000, 0x000071df3fec1330] 
[4,217s][debug][gc,nmethod     ] GC(1) O: Unregister NMethod: it.unimi.dsi.fastutil.ints.Int2IntOpenHashMap.insert (0x000071df3fa58388) [0x000071df3fa58480, 0x000071df3fa58740] 
[4,217s][debug][gc,nmethod     ] GC(1) O: Unregister NMethod: io.sirix.utils.XMLToken.ncName (0x000071df400d3288) [0x000071df400d3380, 0x000071df400d37d8] 
[4,217s][debug][gc,nmethod     ] GC(1) O: Unregister NMethod: jdk.xml.internal.JdkXmlUtils.getProperty (0x000071df3fea9688) [0x000071df3fea9780, 0x000071df3feaa4d8] 
[4,217s][debug][gc,nmethod     ] GC(1) O: Unregister NMethod: java.lang.Math.multiplyHigh (0x000071df3fe1ec08) [0x000071df3fe1ed00, 0x000071df3fe1ee58] 
[4,217s][debug][gc,nmethod     ] GC(1) O: Unregister NMethod: java.lang.ref.Cleaner$1.apply (0x000071df3f47c608) [0x000071df3f47c700, 0x000071df3f47cab0] 
[4,217s][debug][gc,nmethod     ] GC(1) O: Unregister NMethod: io.sirix.page.SerializationType.readPageFragments (0x000071df3f405488) [0x000071df3f405580, 0x000071df3f406180] 
[4,217s][debug][gc,nmethod     ] GC(1) O: Unregister NMethod: java.nio.Buffer.limit (0x000071df3f81ae88) [0x000071df3f81af80, 0x000071df3f81b1f0] 
[4,217s][debug][gc,nmethod     ] GC(1) O: Unregister NMethod: com.sun.org.apache.xerces.internal.impl.XMLDocumentFragmentScannerImpl$FragmentContentDriver.next (0x000071df4006f508) [0x000071df4006f600, 0x000071df4007d410] 
[4,217s][debug][gc,nmethod     ] GC(1) O: Unregister NMethod: jdk.internal.classfile.impl.BufWriterImpl.writeU1U2 (0x000071df3f4e7f08) [0x000071df3f4e8000, 0x000071df3f4e8498] 
[4,217s][debug][gc,nmethod     ] GC(1) O: Unregister NMethod: java.lang.ref.SoftReference.get (0x000071df3f566d88) [0x000071df3f566e80, 0x000071df3f567040] 
[4,217s][debug][gc,nmethod     ] GC(1) O: Unregister NMethod: java.lang.invoke.VarHandleGuards.guard_LLL_Z (0x000071df3f806508) [0x000071df3f806600, 0x000071df3f809500] 
[4,217s][debug][gc,nmethod     ] GC(1) O: Unregister NMethod: io.sirix.node.MemorySegmentBytesOut.writeByte (0x000071df3f91f008) [0x000071df3f91f100, 0x000071df3f91f298] 
[4,217s][debug][gc,nmethod     ] GC(1) O: Unregister NMethod: jdk.internal.foreign.AbstractMemorySegmentImpl.asSlice (0x000071df3fe8c288) [0x000071df3fe8c380, 0x000071df3fe8c7c0] 
[4,217s][debug][gc,nmethod     ] GC(1) O: Unregister NMethod: it.unimi.dsi.fastutil.longs.LongArrayList.add (0x000071df3fe79c88) [0x000071df3fe79d80, 0x000071df3fe7a058] 
[4,217s][debug][gc,nmethod     ] GC(1) O: Unregister NMethod: sun.nio.fs.UnixPath.resolve (0x000071df3f4cfc08) [0x000071df3f4cfd00, 0x000071df3f4d02c8] 
[4,217s][debug][gc,nmethod     ] GC(1) O: Unregister NMethod: com.sun.org.apache.xerces.internal.util.NamespaceSupport.getURI (0x000071df3ff03888) [0x000071df3ff03980, 0x000071df3ff03c70] 
[4,217s][debug][gc,nmethod     ] GC(1) O: Unregister NMethod: io.sirix.node.xml.TextNode.getLeftSiblingKey (0x000071df3fdac108) [0x000071df3fdac200, 0x000071df3fdb11f0] 
[4,217s][debug][gc,nmethod     ] GC(1) O: Unregister NMethod: com.sun.xml.internal.stream.events.StartElementEvent.getAttributes (0x000071df3ff52588) [0x000071df3ff52680, 0x000071df3ff52f30] 
[4,217s][debug][gc,nmethod     ] GC(1) O: Unregister NMethod: com.sun.org.apache.xerces.internal.impl.XMLStreamReaderImpl.getText (0x000071df3fed5808) [0x000071df3fed5900, 0x000071df3fed7df8] 
[4,217s][debug][gc,nmethod     ] GC(1) O: Unregister NMethod: io.sirix.cache.IndexLogKey.hashCode (0x000071df5ed52408) [0x000071df5ed52500, 0x000071df5ed52638] 
[4,217s][debug][gc,nmethod     ] GC(1) O: Unregister NMethod: net.openhft.hashing.XXH3.XXH3_mix16B (0x000071df3fe1f808) [0x000071df3fe1f900, 0x000071df3fe21290] 
[4,217s][debug][gc,nmethod     ] GC(1) O: Unregister NMethod: jdk.internal.foreign.HeapMemorySegmentImpl$OfByte.unsafeGetOffset (0x000071df3fd26308) [0x000071df3fd26400, 0x000071df3fd26518] 
[4,217s][debug][gc,nmethod     ] GC(1) O: Unregister NMethod: java.util.concurrent.atomic.AtomicReferenceArray.get (0x000071df3f854a08) [0x000071df3f854b00, 0x000071df3f855d18] 
[4,217s][debug][gc,nmethod     ] GC(1) O: Unregister NMethod: jdk.internal.foreign.ConfinedSession$ConfinedResourceList.add (0x000071df400fe108) [0x000071df400fe200, 0x000071df400fe698] 
[4,217s][debug][gc,nmethod     ] GC(1) O: Unregister NMethod: java.util.HashMap$KeyIterator.next (0x000071df3f435408) [0x000071df3f435500, 0x000071df3f435830] 
[4,217s][debug][gc,nmethod     ] GC(1) O: Unregister NMethod: io.sirix.node.AbstractForwardingNode.getNodeKey (0x000071df3f464f08) [0x000071df3f465000, 0x000071df3f465330] 
[4,218s][debug][gc,nmethod     ] GC(1) O: Unregister NMethod: java.lang.String.<init> (0x000071df3f636e88) [0x000071df3f636f80, 0x000071df3f637558] 
[4,218s][debug][gc,nmethod     ] GC(1) O: Unregister NMethod: jdk.internal.misc.Unsafe.copyMemory (0x000071df3f840f88) [0x000071df3f841080, 0x000071df3f842640] 
[4,218s][debug][gc,nmethod     ] GC(1) O: Unregister NMethod: com.sun.org.apache.xerces.internal.util.NamespaceSupport.getAllPrefixes (0x000071df3ff51108) [0x000071df3ff51200, 0x000071df3ff51d68] 
[4,218s][debug][gc,nmethod     ] GC(1) O: Unregister NMethod: java.nio.ByteBuffer.<init> (0x000071df3fa37c88) [0x000071df3fa37d80, 0x000071df3fa37ec8] 
[4,218s][debug][gc,nmethod     ] GC(1) O: Unregister NMethod: io.sirix.access.trx.node.xml.XmlNodeReadOnlyTrxImpl.isElement (0x000071df3ffe7808) [0x000071df3ffe7900, 0x000071df3ffe8398] 
[4,218s][debug][gc,nmethod     ] GC(1) O: Unregister NMethod: java.util.concurrent.ForkJoinPool.deactivate (0x000071df3fbcdf08) [0x000071df3fbce000, 0x000071df3fbceaa8] 
[4,218s][debug][gc,nmethod     ] GC(1) O: Unregister NMethod: io.sirix.node.xml.ElementNode.getDescendantCount (0x000071df3fe30b08) [0x000071df3fe30c00, 0x000071df3fe34478] 
[4,218s][debug][gc,nmethod     ] GC(1) O: Unregister NMethod: kotlinx.coroutines.DebugKt.getASSERTIONS_ENABLED (0x000071df3fb12e88) [0x000071df3fb12f80, 0x000071df3fb13068] 
[4,218s][debug][gc,nmethod     ] GC(1) O: Unregister NMethod: java.nio.channels.spi.AbstractInterruptibleChannel.end (0x000071df3fa39808) [0x000071df3fa39900, 0x000071df3fa3a3a0] 
[4,218s][debug][gc,nmethod     ] GC(1) O: Unregister NMethod: com.sun.org.apache.xerces.internal.impl.XMLEntityScanner.skipSpaces (0x000071df3fe69008) [0x000071df3fe69100, 0x000071df3fe6a3a0] 
[4,218s][debug][gc,nmethod     ] GC(1) O: Unregister NMethod: java.lang.invoke.VarHandleSegmentAsInts.get (0x000071df3f915f88) [0x000071df3f916080, 0x000071df3f91b520] 
[4,218s][debug][gc,nmethod     ] GC(1) O: Unregister NMethod: io.sirix.service.xml.shredder.XmlShredder.insertNewContent (0x000071df5ee08808) [0x000071df5ee08900, 0x000071df5ee145b0] 
[4,218s][debug][gc,nmethod     ] GC(1) O: Unregister NMethod: io.sirix.axis.filter.PathKindFilter.filter (0x000071df3ff4ae88) [0x000071df3ff4af80, 0x000071df3ff4bf08] 
[4,218s][debug][gc,nmethod     ] GC(1) O: Unregister NMethod: java.util.concurrent.ConcurrentHashMap.putIfAbsent (0x000071df5ec7b188) [0x000071df5ec7b280, 0x000071df5ec7da20] 
[4,218s][debug][gc,nmethod     ] GC(1) O: Unregister NMethod: java.lang.StrictMath.floorOrCeil (0x000071df3f5fc408) [0x000071df3f5fc500, 0x000071df3f5fc930] 
[4,218s][debug][gc,nmethod     ] GC(1) O: Unregister NMethod: java.lang.invoke.VarHandleGuards.guard_LIL_V (0x000071df3f82ca88) [0x000071df3f82cb80, 0x000071df3f831780] 
[4,218s][debug][gc,nmethod     ] GC(1) O: Unregister NMethod: io.sirix.access.trx.node.AbstractNodeReadOnlyTrx.setCurrentNode (0x000071df3fa5cf08) [0x000071df3fa5d000, 0x000071df3fa5d490] 
[4,218s][debug][gc,nmethod     ] GC(1) O: Unregister NMethod: net.openhft.hashing.Access.i64 (0x000071df3fbd5f88) [0x000071df3fbd6080, 0x000071df3fbd6380] 
[4,218s][debug][gc,nmethod     ] GC(1) O: Unregister NMethod: io.sirix.page.KeyValueLeafPage.setSlot (0x000071df3fbd3188) [0x000071df3fbd3280, 0x000071df3fbd3428] 
[4,218s][debug][gc,nmethod     ] GC(1) O: Unregister NMethod: java.lang.ThreadLocal.getCarrierThreadLocal (0x000071df3f53b188) [0x000071df3f53b280, 0x000071df3f53b418] 
[4,218s][debug][gc,nmethod     ] GC(1) O: Unregister NMethod: com.sun.org.apache.xerces.internal.impl.XMLDocumentFragmentScannerImpl$FragmentContentDriver.next (0x000071df3fe59208) [0x000071df3fe59300, 0x000071df3fe67180] 
[4,218s][debug][gc,nmethod     ] GC(1) O: Unregister NMethod: sun.misc.Unsafe.isMemoryAccessWarned (0x000071df3f8f3508) [0x000071df3f8f3600, 0x000071df3f8f3700] 
[4,218s][debug][gc,nmethod     ] GC(1) O: Unregister NMethod: io.sirix.page.KeyValueLeafPage.setData (0x000071df3f9b9808) [0x000071df3f9b9900, 0x000071df3f9ff0b0] 
[4,218s][debug][gc,nmethod     ] GC(1) O: Unregister NMethod: com.sun.org.apache.xerces.internal.impl.io.UTF8Reader.read (0x000071df3ffd7588) [0x000071df3ffd7680, 0x000071df3ffda8f8] 
[4,218s][debug][gc,nmethod     ] GC(1) O: Unregister NMethod: it.unimi.dsi.fastutil.HashCommon.mix (0x000071df3f998108) [0x000071df3f998200, 0x000071df3f9982f0] 
[4,218s][debug][gc,nmethod     ] GC(1) O: Unregister NMethod: jdk.xml.internal.XMLSecurityManager.getIndex (0x000071df3fe4e188) [0x000071df3fe4e280, 0x000071df3fe4f488] 
[4,218s][debug][gc,nmethod     ] GC(1) O: Unregister NMethod: java.util.concurrent.ForkJoinTask.setNoUserHelp (0x000071df3fc34388) [0x000071df3fc34480, 0x000071df3fc34590] 
[4,218s][debug][gc,nmethod     ] GC(1) O: Unregister NMethod: jdk.internal.classfile.impl.SplitConstantPool.utf8Entry (0x000071df3f4e7808) [0x000071df3f4e7900, 0x000071df3f4e7bf8] 
[4,218s][debug][gc,nmethod     ] GC(1) O: Unregister NMethod: com.sun.xml.internal.stream.events.DummyEvent.asStartElement (0x000071df3ff4a008) [0x000071df3ff4a100, 0x000071df3ff4a420] 
[4,218s][debug][gc,nmethod     ] GC(1) O: Unregister NMethod: io.sirix.page.KeyValueLeafPage.alignOffset (0x000071df3f8dad88) [0x000071df3f8dae80, 0x000071df3f8daf68] 
[4,218s][debug][gc,nmethod     ] GC(1) O: Unregister NMethod: jdk.internal.classfile.impl.StackMapGenerator.processBlock (0x000071df5ec93208) [0x000071df5ec93300, 0x000071df5ec952b0] 
[4,218s][debug][gc,nmethod     ] GC(1) O: Unregister NMethod: io.sirix.page.KeyValueLeafPage.getSlot (0x000071df3f8a6508) [0x000071df3f8a6600, 0x000071df3f8bc830] 
[4,218s][debug][gc,nmethod     ] GC(1) O: Unregister NMethod: java.lang.StringConcatHelper.checkOverflow (0x000071df3f4ce788) [0x000071df3f4ce880, 0x000071df3f4cea58] 
[4,218s][debug][gc,nmethod     ] GC(1) O: Unregister NMethod: java.util.ArrayList.<init> (0x000071df3f593408) [0x000071df3f593500, 0x000071df3f5937a0] 
[4,218s][debug][gc,nmethod     ] GC(1) O: Unregister NMethod: org.magicwerk.brownies.collections.GapList.doAdd (0x000071df5ecee188) [0x000071df5ecee280, 0x000071df5eceec08] 
[4,218s][debug][gc,nmethod     ] GC(1) O: Unregister NMethod: java.lang.Long.valueOf (0x000071df3f875208) [0x000071df3f875300, 0x000071df3f875640] 
[4,218s][debug][gc,nmethod     ] GC(1) O: Unregister NMethod: java.util.AbstractList.<init> (0x000071df3f48f288) [0x000071df3f48f380, 0x000071df3f48f540] 
[4,218s][debug][gc,nmethod     ] GC(1) O: Unregister NMethod: java.util.concurrent.ForkJoinPool$WorkQueue.unlockPhase (0x000071df3fbfff08) [0x000071df3fc00000, 0x000071df3fc00110] 
[4,218s][debug][gc,nmethod     ] GC(1) O: Unregister NMethod: com.sun.org.apache.xerces.internal.impl.XMLEntityScanner.scanContent (0x000071df5ed40b88) [0x000071df5ed40ca0, 0x000071df5ed41bc8] 
[4,218s][debug][gc,nmethod     ] GC(1) O: Unregister NMethod: java.io.DataInputStream.readFully (0x000071df3f60fb08) [0x000071df3f60fc00, 0x000071df3f6102b0] 
[4,218s][debug][gc,nmethod     ] GC(1) O: Unregister NMethod: java.util.Vector$Itr.hasNext (0x000071df3fa58788) [0x000071df3fa58880, 0x000071df3fa58a10] 
[4,218s][debug][gc,nmethod     ] GC(1) O: Unregister NMethod: sun.security.provider.SHA2.implCompress0 (0x000071df3fbc0808) [0x000071df3fbc0900, 0x000071df3fbc15b0] 
[4,218s][debug][gc,nmethod     ] GC(1) O: Unregister NMethod: io.sirix.utils.XMLToken.isValidQName (0x000071df400d1c08) [0x000071df400d1d00, 0x000071df400d3230] 
[4,218s][debug][gc,nmethod     ] GC(1) O: Unregister NMethod: sun.nio.fs.UnixPath.normalizeAndCheck (0x000071df3f532508) [0x000071df3f532600, 0x000071df3f5338f8] 
[4,218s][debug][gc,nmethod     ] GC(1) O: Unregister NMethod: java.lang.Long.bitCount (0x000071df3f804408) [0x000071df3f804500, 0x000071df3f804668] 
[4,218s][debug][gc,nmethod     ] GC(1) O: Unregister NMethod: io.sirix.api.PageReadOnlyTrx.recordPageOffset (0x000071df3f444508) [0x000071df3f444600, 0x000071df3f4446f8] 
[4,218s][debug][gc,nmethod     ] GC(1) O: Unregister NMethod: jdk.internal.misc.Unsafe.putIntUnaligned (0x000071df3f89c288) [0x000071df3f89c380, 0x000071df3f89c5b0] 
[4,218s][debug][gc,nmethod     ] GC(1) O: Unregister NMethod: com.sun.org.apache.xerces.internal.util.SymbolTable.hash (0x000071df3ff65388) [0x000071df3ff65480, 0x000071df3ff65720] 
[4,218s][debug][gc,nmethod     ] GC(1) O: Unregister NMethod: io.sirix.access.trx.node.AbstractNodeReadOnlyTrx.storeDeweyIDs (0x000071df3feabb88) [0x000071df3feabc80, 0x000071df3feac198] 
[4,218s][debug][gc,nmethod     ] GC(1) O: Unregister NMethod: java.lang.StringBuilder.setLength (0x000071df3fec6088) [0x000071df3fec6180, 0x000071df3fec62b0] 
[4,218s][debug][gc,nmethod     ] GC(1) O: Unregister NMethod: java.util.ArrayList$Itr.next (0x000071df3f56f308) [0x000071df3f56f400, 0x000071df3f56f9f0] 
[4,218s][debug][gc,nmethod     ] GC(1) O: Unregister NMethod: io.sirix.cache.IndexLogKey.hashCode (0x000071df400bf308) [0x000071df400bf400, 0x000071df400bf7a8] 
[4,218s][debug][gc,nmethod     ] GC(1) O: Unregister NMethod: com.sun.org.apache.xerces.internal.impl.XMLDocumentFragmentScannerImpl$FragmentContentDriver.next (0x000071df5ed54388) [0x000071df5ed54480, 0x000071df5ed560c0] 
[4,218s][debug][gc,nmethod     ] GC(1) O: Unregister NMethod: io.sirix.node.xml.TextNode.<init> (0x000071df3ff61a08) [0x000071df3ff61b00, 0x000071df3ff62320] 
[4,218s][debug][gc,nmethod     ] GC(1) O: Unregister NMethod: io.sirix.node.xml.ElementNode.getPrefixKey (0x000071df3ff27f08) [0x000071df3ff28000, 0x000071df3ff2cff0] 
[4,218s][debug][gc,nmethod     ] GC(1) O: Unregister NMethod: io.sirix.page.KeyValueLeafPage.getSlotAsByteArray (0x000071df3f892188) [0x000071df3f892280, 0x000071df3f892918] 
[4,218s][debug][gc,nmethod     ] GC(1) O: Unregister NMethod: io.sirix.access.trx.page.NodePageReadOnlyTrx.closeMostRecentPageIfOrphaned (0x000071df3fb9c788) [0x000071df3fb9c880, 0x000071df3fb9dae8] 
[4,218s][debug][gc,nmethod     ] GC(1) O: Unregister NMethod: sun.security.provider.SHA2.implCompress (0x000071df3fde9408) [0x000071df3fde9500, 0x000071df3fde9910] 
[4,218s][debug][gc,nmethod     ] GC(1) O: Unregister NMethod: io.sirix.axis.AbstractAxis.nextLong (0x000071df3fb6ba88) [0x000071df3fb6bb80, 0x000071df3fb6c600] 
[4,218s][debug][gc,nmethod     ] GC(1) O: Unregister NMethod: io.sirix.node.MemorySegmentBytesOut.writeLong (0x000071df3f93c588) [0x000071df3f93c680, 0x000071df3f93c818] 
[4,218s][debug][gc,nmethod     ] GC(1) O: Unregister NMethod: com.sun.xml.internal.stream.events.DummyEvent.asCharacters (0x000071df3fed4a88) [0x000071df3fed4b80, 0x000071df3fed4ea0] 
[4,218s][debug][gc,nmethod     ] GC(1) O: Unregister NMethod: jdk.internal.foreign.AbstractMemorySegmentImpl.asByteBuffer (0x000071df3ff25c88) [0x000071df3ff25d80, 0x000071df3ff26308] 
[4,218s][debug][gc,nmethod     ] GC(1) O: Unregister NMethod: io.sirix.access.trx.RevisionEpochTracker.register (0x000071df3fa7e308) [0x000071df3fa7e400, 0x000071df3fa7ffd8] 
[4,218s][debug][gc,nmethod     ] Register NMethod: io.sirix.page.PageKind$1.deserializePage (0x000071df402e7708) [0x000071df402e7800, 0x000071df402eb880] Compiler: c1, Barriers: 3, Oops: 3, ImmediateOops: 5, NonImmediateOops: No
[4,218s][debug][gc,nmethod     ] GC(1) O: Unregister NMethod: java.nio.MappedByteBuffer.rewind (0x000071df3fb29288) [0x000071df3fb29380, 0x000071df3fb29768] 
[4,218s][debug][gc,nmethod     ] GC(1) O: Unregister NMethod: io.sirix.node.MemorySegmentBytesOut.getDestination (0x000071df3fa3d888) [0x000071df3fa3d980, 0x000071df3fa3db08] 
[4,218s][debug][gc,nmethod     ] GC(1) O: Unregister NMethod: io.sirix.node.NullNode.<init> (0x000071df400b2d08) [0x000071df400b2e00, 0x000071df400b3338] 
[4,218s][debug][gc,nmethod     ] GC(1) O: Unregister NMethod: io.sirix.node.GrowingMemorySegment.writeByte (0x000071df3f928608) [0x000071df3f928700, 0x000071df3f92c330] 
[4,218s][debug][gc,nmethod     ] GC(1) O: Unregister NMethod: com.sun.org.apache.xerces.internal.impl.XMLDocumentFragmentScannerImpl.getAttributeIterator (0x000071df3fedad88) [0x000071df3fedae80, 0x000071df3fedb118] 
[4,218s][debug][gc,nmethod     ] GC(1) O: Unregister NMethod: com.sun.org.apache.xerces.internal.util.NamespaceSupport.pushContext (0x000071df3feb9608) [0x000071df3feb9700, 0x000071df3feb9a70] 
[4,218s][debug][gc,nmethod     ] GC(1) O: Unregister NMethod: java.util.concurrent.ConcurrentHashMap.replaceNode (0x000071df3fb9f288) [0x000071df3fb9f380, 0x000071df3fba16f8] 
[4,218s][debug][gc,nmethod     ] GC(1) O: Unregister NMethod: io.sirix.access.Utils.buildName (0x000071df3ff70e08) [0x000071df3ff70f00, 0x000071df3ff71ed8] 
[4,218s][debug][gc,nmethod     ] GC(1) O: Unregister NMethod: io.sirix.utils.XMLToken.cl (0x000071df3fe36088) [0x000071df3fe36180, 0x000071df3fe36360] 
[4,218s][debug][gc,nmethod     ] GC(1) O: Unregister NMethod: com.sun.org.apache.xerces.internal.impl.XMLDocumentFragmentScannerImpl$ElementStack.nextElement (0x000071df3ff38708) [0x000071df3ff38800, 0x000071df3ff39210] 
[4,218s][debug][gc,nmethod     ] GC(1) O: Unregister NMethod: io.sirix.access.trx.page.NodePageReadOnlyTrx.pageKey (0x000071df3f421188) [0x000071df3f421280, 0x000071df3f421a00] 
[4,218s][debug][gc,nmethod     ] GC(1) O: Unregister NMethod: java.lang.ThreadLocal.getMap (0x000071df3f53a888) [0x000071df3f53a980, 0x000071df3f53b170] 
[4,218s][debug][gc,nmethod     ] GC(1) O: Unregister NMethod: java.lang.StringLatin1.trim (0x000071df3fe7ab08) [0x000071df3fe7ac00, 0x000071df3fe7af78] 
[4,218s][debug][gc,nmethod     ] GC(1) O: Unregister NMethod: io.sirix.utils.XMLToken.isNCChar (0x000071df400cea88) [0x000071df400ceb80, 0x000071df400cef68] 
[4,218s][debug][gc,nmethod     ] GC(1) O: Unregister NMethod: com.sun.org.apache.xerces.internal.impl.XMLEntityScanner.scanLiteral (0x000071df3ffe9088) [0x000071df3ffe9180, 0x000071df3ffea3c8] 
[4,219s][debug][gc,nmethod     ] GC(1) O: Unregister NMethod: sun.nio.fs.UnixPath.resolve (0x000071df3f74f388) [0x000071df3f74f480, 0x000071df3f74f5c8] 
[4,219s][debug][gc,nmethod     ] GC(1) O: Unregister NMethod: jdk.internal.foreign.layout.ValueLayouts$AbstractValueLayout.withOrder (0x000071df401dce88) [0x000071df401dcf80, 0x000071df401dd1a0] 
[4,219s][debug][gc,nmethod     ] GC(1) O: Unregister NMethod: java.net.URL.<init> (0x000071df5ec81d88) [0x000071df5ec81e80, 0x000071df5ec830a8] 
[4,219s][debug][gc,nmethod     ] GC(1) O: Unregister NMethod: io.sirix.access.trx.node.AbstractNodeTrxImpl.intermediateCommitIfRequired (0x000071df3fea7a88) [0x000071df3fea7b80, 0x000071df3fea88f0] 
[4,219s][debug][gc,nmethod     ] GC(1) O: Unregister NMethod: io.sirix.node.xml.AttributeNode.getParentKey (0x000071df3fe9f708) [0x000071df3fe9f800, 0x000071df3fea47e8] 
[4,219s][debug][gc,nmethod     ] GC(1) O: Unregister NMethod: java.lang.invoke.VarHandleReferences$FieldInstanceReadWrite.set (0x000071df3f802988) [0x000071df3f802a80, 0x000071df3f803aa8] 
[4,219s][debug][gc,nmethod     ] GC(1) O: Unregister NMethod: com.sun.org.apache.xerces.internal.impl.XMLDocumentFragmentScannerImpl.seekCloseOfStartTag (0x000071df3ff05708) [0x000071df3ff05800, 0x000071df3ff06dd0] 
[4,219s][debug][gc,nmethod     ] GC(1) O: Unregister NMethod: io.sirix.access.trx.node.xml.XmlNodeReadOnlyTrxImpl.getNode (0x000071df3fdb1c88) [0x000071df3fdb1d80, 0x000071df3fdb2078] 
[4,219s][debug][gc,nmethod     ] GC(1) O: Unregister NMethod: jdk.xml.internal.XMLLimitAnalyzer.addValue (0x000071df3fe90788) [0x000071df3fe908a0, 0x000071df3fe939c0] 
[4,219s][debug][gc,nmethod     ] GC(1) O: Unregister NMethod: java.util.LinkedHashMap.afterNodeAccess (0x000071df3fe4b488) [0x000071df3fe4b580, 0x000071df3fe4c630] 
[4,219s][debug][gc,nmethod     ] GC(1) O: Unregister NMethod: com.sun.org.apache.xerces.internal.impl.XMLStreamReaderImpl.next (0x000071df3fe6a408) [0x000071df3fe6a500, 0x000071df3fe6cd58] 
[4,219s][debug][gc,nmethod     ] GC(1) O: Unregister NMethod: io.sirix.service.xml.shredder.AbstractShredder.processStartTag (0x000071df400e9908) [0x000071df400e9a00, 0x000071df400ef6e0] 
[4,219s][debug][gc,nmethod     ] GC(1) O: Unregister NMethod: io.sirix.node.xml.ElementNode.getURIKey (0x000071df3ff32208) [0x000071df3ff32300, 0x000071df3ff372f0] 
[4,219s][debug][gc,nmethod     ] GC(1) O: Unregister NMethod: java.util.LinkedHashMap.afterNodeInsertion (0x000071df3f525308) [0x000071df3f525400, 0x000071df3f525608] 
[4,219s][debug][gc,nmethod     ] GC(1) O: Unregister NMethod: io.sirix.access.trx.node.xml.XmlNodeTrxImpl.insertAttribute (0x000071df40045508) [0x000071df40045600, 0x000071df40055680] 
[4,219s][debug][gc,nmethod     ] GC(1) O: Unregister NMethod: io.sirix.service.xml.shredder.AbstractShredder.processStartTag (0x000071df5eda3208) [0x000071df5eda3480, 0x000071df5eda7890] 
[4,219s][debug][gc,nmethod     ] GC(1) O: Unregister NMethod: io.sirix.access.trx.node.xml.XmlNodeFactoryImpl.createElementNode (0x000071df3ff4bf88) [0x000071df3ff4c080, 0x000071df3ff508d0] 
[4,219s][debug][gc,nmethod     ] GC(1) O: Unregister NMethod: kotlin.Result.constructor-impl (0x000071df3fc40588) [0x000071df3fc40680, 0x000071df3fc40760] 
[4,219s][debug][gc,nmethod     ] GC(1) O: Unregister NMethod: java.lang.ThreadLocal$ThreadLocalMap.getEntry (0x000071df3f53c488) [0x000071df3f53c580, 0x000071df3f53cc80] 
[4,219s][debug][gc,nmethod     ] GC(1) O: Unregister NMethod: com.sun.org.apache.xerces.internal.util.XMLChar.isContent (0x000071df3f751688) [0x000071df3f751780, 0x000071df3f751968] 
[4,219s][debug][gc,nmethod     ] GC(1) O: Unregister NMethod: jdk.internal.misc.ScopedMemoryAccess.putLongUnaligned (0x000071df3f8f1508) [0x000071df3f8f1600, 0x000071df3f8f2488] 
[4,219s][debug][gc,nmethod     ] GC(1) O: Unregister NMethod: io.sirix.access.trx.node.AbstractNodeTrxImpl.checkAccessAndCommit (0x000071df3fea6e08) [0x000071df3fea6f00, 0x000071df3fea7a58] 
[4,219s][debug][gc,nmethod     ] GC(1) O: Unregister NMethod: jdk.internal.foreign.Utils.checkNonNegativeIndex (0x000071df3f947b88) [0x000071df3f947c80, 0x000071df3f948e48] 
[4,219s][debug][gc,nmethod     ] GC(1) O: Unregister NMethod: io.sirix.access.trx.node.AbstractResourceSession.getResourceConfig (0x000071df3f670a88) [0x000071df3f670b80, 0x000071df3f670e20] 
[4,219s][debug][gc,nmethod     ] GC(1) O: Unregister NMethod: java.lang.Integer.hashCode (0x000071df3f52c488) [0x000071df3f52c580, 0x000071df3f52c660] 
[4,219s][debug][gc,nmethod     ] GC(1) O: Unregister NMethod: java.util.ArrayList$Itr.next (0x000071df3f74ea88) [0x000071df3f74eb80, 0x000071df3f74f1c8] 
[4,219s][debug][gc,nmethod     ] GC(1) O: Unregister NMethod: com.sun.org.apache.xerces.internal.impl.XMLScanner.scanAttributeValue (0x000071df40017708) [0x000071df40017800, 0x000071df400220b8] 
[4,219s][debug][gc,nmethod     ] GC(1) O: Unregister NMethod: com.sun.org.apache.xerces.internal.impl.XMLEntityScanner.scanContent (0x000071df3fe50108) [0x000071df3fe50200, 0x000071df3fe511b8] 
[4,219s][debug][gc,nmethod     ] GC(1) O: Unregister NMethod: io.sirix.node.xml.ElementNode.setChildCount (0x000071df3fece388) [0x000071df3fece480, 0x000071df3fed1fa0] 
[4,219s][debug][gc,nmethod     ] GC(1) O: Unregister NMethod: io.sirix.node.xml.AttributeNode.<init> (0x000071df4000e288) [0x000071df4000e380, 0x000071df4000e9f0] 
[4,219s][debug][gc,nmethod     ] GC(1) O: Unregister NMethod: io.sirix.page.PageReference.equals (0x000071df3fa3e988) [0x000071df3fa3ea80, 0x000071df3fa3f0d0] 
[4,219s][debug][gc,nmethod     ] GC(1) O: Unregister NMethod: jdk.internal.foreign.AbstractMemorySegmentImpl$$Lambda/0x00000000ae1eae98.apply (0x000071df401ddf08) [0x000071df401de000, 0x000071df401de180] 
[4,219s][debug][gc,nmethod     ] GC(1) O: Unregister NMethod: java.util.HashMap$Values.iterator (0x000071df3ff37c88) [0x000071df3ff37d80, 0x000071df3ff38100] 
[4,219s][debug][gc,nmethod     ] GC(1) O: Unregister NMethod: java.lang.invoke.DelegatingMethodHandle$Holder.delegate (0x000071df3fa5a088) [0x000071df3fa5a180, 0x000071df3fa5a888] 
[4,219s][debug][gc,nmethod     ] GC(1) O: Unregister NMethod: java.lang.invoke.SegmentVarHandle.offset (0x000071df3f87d408) [0x000071df3f87d500, 0x000071df3f87d618] 
[4,219s][debug][gc,nmethod     ] GC(1) O: Unregister NMethod: io.sirix.node.MemorySegmentBytesIn.readInt (0x000071df3f62a788) [0x000071df3f62a880, 0x000071df3f62e490] 
[4,219s][debug][gc,nmethod     ] GC(1) O: Unregister NMethod: com.google.common.collect.testing.Helpers$1$1.next (0x000071df3f4ced88) [0x000071df3f4cee80, 0x000071df3f4cf1c0] 
[4,219s][debug][gc,nmethod     ] GC(1) O: Unregister NMethod: java.lang.StringLatin1.regionMatchesCI (0x000071df5ec54308) [0x000071df5ec54400, 0x000071df5ec545d0] 
[4,219s][debug][gc,nmethod     ] GC(1) O: Unregister NMethod: kotlin.jvm.internal.Intrinsics.checkNotNull (0x000071df3fadec88) [0x000071df3faded80, 0x000071df3fadf520] 
[4,219s][debug][gc,nmethod     ] GC(1) O: Unregister NMethod: io.sirix.index.path.summary.PathSummaryReader.assertNotClosed (0x000071df3fbd4988) [0x000071df3fbd4a80, 0x000071df3fbd4c78] 
[4,219s][debug][gc,nmethod     ] GC(1) O: Unregister NMethod: com.sun.org.apache.xerces.internal.impl.XMLEntityScanner.skipChar (0x000071df3fe49788) [0x000071df3fe49880, 0x000071df3fe49dc8] 
[4,219s][debug][gc,nmethod     ] GC(1) O: Unregister NMethod: java.util.BitSet.set (0x000071df3f52a808) [0x000071df3f52a900, 0x000071df3f52b848] 
[4,219s][debug][gc,nmethod     ] GC(1) O: Unregister NMethod: io.sirix.utils.XMLToken.isNCStartChar (0x000071df3fe36908) [0x000071df3fe36a00, 0x000071df3fe37070] 
[4,219s][debug][gc,nmethod     ] GC(1) O: Unregister NMethod: sun.nio.ch.FileChannelImpl.implRead (0x000071df3f481188) [0x000071df3f481280, 0x000071df3f481c78] 
[4,219s][debug][gc,nmethod     ] GC(1) O: Unregister NMethod: io.sirix.node.immutable.xml.ImmutableElement.getPathNodeKey (0x000071df3ff16e88) [0x000071df3ff16f80, 0x000071df3ff1c1c8] 
[4,219s][debug][gc,nmethod     ] GC(1) O: Unregister NMethod: javax.xml.namespace.QName.<init> (0x000071df3feb8f88) [0x000071df3feb9080, 0x000071df3feb95d0] 
[4,219s][debug][gc,nmethod     ] GC(1) O: Unregister NMethod: jdk.internal.misc.Unsafe.allocateMemory (0x000071df3f44be08) [0x000071df3f44bf00, 0x000071df3f44d1b0] 
[4,219s][debug][gc,nmethod     ] GC(1) O: Unregister NMethod: io.sirix.access.trx.node.xml.XmlNodeFactoryImpl.createAttributeNode (0x000071df40013008) [0x000071df40013100, 0x000071df40015900] 
[4,219s][debug][gc,nmethod     ] GC(1) O: Unregister NMethod: io.sirix.utils.XMLToken.isNCChar (0x000071df3fe4af88) [0x000071df3fe4b080, 0x000071df3fe4b468] 
[4,219s][debug][gc,nmethod     ] GC(1) O: Unregister NMethod: com.google.common.collect.testing.Helpers.addAll (0x000071df5ece5788) [0x000071df5ece58a0, 0x000071df5ece80d8] 
[4,219s][debug][gc,nmethod     ] GC(1) O: Unregister NMethod: io.sirix.utils.XMLToken.isNCStartChar (0x000071df400cef88) [0x000071df400cf080, 0x000071df400cf6f0] 
[4,219s][debug][gc,nmethod     ] GC(1) O: Unregister NMethod: it.unimi.dsi.fastutil.longs.LongArrayList.removeLong (0x000071df3fe8aa08) [0x000071df3fe8ab00, 0x000071df3fe8c230] 
[4,219s][debug][gc,nmethod     ] GC(1) O: Unregister NMethod: com.sun.org.apache.xerces.internal.impl.XMLEntityScanner.scanQName (0x000071df5ed65e08) [0x000071df5ed65f00, 0x000071df5ed67150] 
[4,219s][debug][gc,nmethod     ] GC(1) O: Unregister NMethod: it.unimi.dsi.fastutil.ints.Int2LongOpenHashMap.put (0x000071df3f4c3988) [0x000071df3f4c3a80, 0x000071df3f4c3ce8] 
[4,219s][debug][gc,nmethod     ] GC(1) O: Unregister NMethod: io.sirix.access.trx.node.xml.XmlNodeTrxImpl.insertTextAsRightSibling (0x000071df3ffeaa08) [0x000071df3ffeab00, 0x000071df3fff9510] 
[4,219s][debug][gc,nmethod     ] GC(1) O: Unregister NMethod: io.sirix.node.json.JsonNodeSerializer.updateSizePrefix (0x000071df40112988) [0x000071df40112a80, 0x000071df401130f0] 
[4,219s][debug][gc,nmethod     ] GC(1) O: Unregister NMethod: io.sirix.index.path.summary.PathSummaryReader.moveTo (0x000071df3fe1de08) [0x000071df3fe1df00, 0x000071df3fe1ebf0] 
[4,219s][debug][gc,nmethod     ] GC(1) O: Unregister NMethod: io.sirix.access.trx.page.NodePageTrx.createRecord (0x000071df3fe3a588) [0x000071df3fe3a680, 0x000071df3fe40ac0] 
[4,219s][debug][gc,nmethod     ] GC(1) O: Unregister NMethod: java.util.Objects.checkIndex (0x000071df3f477f88) [0x000071df3f478080, 0x000071df3f4781b0] 
[4,219s][debug][gc,nmethod     ] GC(1) O: Unregister NMethod: jdk.internal.foreign.MemorySessionImpl.addInternal (0x000071df3fa9c188) [0x000071df3fa9c280, 0x000071df3fa9d1f0] 
[4,219s][debug][gc,nmethod     ] GC(1) O: Unregister NMethod: java.util.ArrayList.getFirst (0x000071df3f805f08) [0x000071df3f806000, 0x000071df3f806300] 
[4,219s][debug][gc,nmethod     ] GC(1) O: Unregister NMethod: io.sirix.access.trx.node.AbstractNodeReadOnlyTrx.moveToParent (0x000071df3ff15488) [0x000071df3ff15580, 0x000071df3ff15dc8] 
[4,219s][debug][gc,nmethod     ] GC(1) O: Unregister NMethod: org.magicwerk.brownies.collections.IList.checkIndexAdd (0x000071df3f534e08) [0x000071df3f534f00, 0x000071df3f536708] 
[4,219s][debug][gc,nmethod     ] GC(1) O: Unregister NMethod: jdk.internal.foreign.layout.AbstractLayout.requirePowerOfTwoAndGreaterOrEqualToOne (0x000071df3fde9e88) [0x000071df3fde9f80, 0x000071df3fdead00] 
[4,219s][debug][gc,nmethod     ] GC(1) O: Unregister NMethod: java.lang.invoke.VarHandleGuards.guard_LI_L (0x000071df3f855d88) [0x000071df3f855e80, 0x000071df3f859330] 
[4,219s][debug][gc,nmethod     ] GC(1) O: Unregister NMethod: jdk.internal.foreign.AbstractMemorySegmentImpl.checkAccess (0x000071df3f87b308) [0x000071df3f87b400, 0x000071df3f87bc10] 
[4,219s][debug][gc,nmethod     ] GC(1) O: Unregister NMethod: io.sirix.access.trx.page.NodePageReadOnlyTrx.loadPage (0x000071df3f460988) [0x000071df3f460a80, 0x000071df3f462920] 
[4,219s][debug][gc,nmethod     ] GC(1) O: Unregister NMethod: io.sirix.index.path.summary.PathNode.getLocalNameKey (0x000071df3fe85108) [0x000071df3fe85200, 0x000071df3fe85360] 
[4,219s][debug][gc,nmethod     ] GC(1) O: Unregister NMethod: java.util.Arrays$ArrayItr.next (0x000071df3f813008) [0x000071df3f813100, 0x000071df3f8133a0] 
[4,219s][debug][gc,nmethod     ] GC(1) O: Unregister NMethod: jdk.internal.ref.CleanerImpl$CleanableList.insert (0x000071df3f4da308) [0x000071df3f4da400, 0x000071df3f4dae80] 
[4,219s][debug][gc,nmethod     ] GC(1) O: Unregister NMethod: io.sirix.access.trx.page.NodePageTrx.prepareRecordPage (0x000071df3fd26608) [0x000071df3fd26700, 0x000071df3fd28ca8] 
[4,219s][debug][gc,nmethod     ] GC(1) O: Unregister NMethod: com.sun.org.apache.xerces.internal.impl.XMLEntityScanner.skipSpaces (0x000071df40082008) [0x000071df40082100, 0x000071df40083390] 
[4,219s][debug][gc,nmethod     ] GC(1) O: Unregister NMethod: java.lang.Class.getPackageName (0x000071df3f48bf88) [0x000071df3f48c080, 0x000071df3f48e288] 
[4,219s][debug][gc,nmethod     ] GC(1) O: Unregister NMethod: io.sirix.access.trx.node.AbstractNodeReadOnlyTrx.moveTo (0x000071df3fab5288) [0x000071df3fab5380, 0x000071df3fab6eb0] 
[4,219s][debug][gc,nmethod     ] GC(1) O: Unregister NMethod: java.lang.CharacterData.of (0x000071df3f4e6508) [0x000071df3f4e6600, 0x000071df3f4e6d40] 
[4,219s][debug][gc,nmethod     ] GC(1) O: Unregister NMethod: io.sirix.node.NodeSerializerImpl.serialize (0x000071df40100d88) [0x000071df40100e80, 0x000071df401018a0] 
[4,219s][debug][gc,nmethod     ] GC(1) O: Unregister NMethod: jdk.internal.foreign.Utils.isPowerOfTwo (0x000071df401d9908) [0x000071df401d9a00, 0x000071df401d9b40] 
[4,219s][debug][gc,nmethod     ] GC(1) O: Unregister NMethod: java.lang.invoke.VarHandleReferences$Array.getVolatile (0x000071df3f853d88) [0x000071df3f853e80, 0x000071df3f8549e8] 
[4,219s][debug][gc,nmethod     ] GC(1) O: Unregister NMethod: jdk.internal.classfile.impl.SplitConstantPool.maybeCloneUtf8Entry (0x000071df3f4e8508) [0x000071df3f4e8600, 0x000071df3f4e96a0] 
[4,219s][debug][gc,nmethod     ] GC(1) O: Unregister NMethod: io.sirix.node.xml.ElementNode.getHash (0x000071df3fe27908) [0x000071df3fe27a00, 0x000071df3fe2b270] 
[4,219s][debug][gc,nmethod     ] GC(1) O: Unregister NMethod: kotlinx.coroutines.channels.BufferedChannelKt.access$getNO_CLOSE_CAUSE$p (0x000071df3fc4d108) [0x000071df3fc4d200, 0x000071df3fc4d2e8] 
[4,219s][debug][gc,nmethod     ] GC(1) O: Unregister NMethod: io.sirix.node.xml.ElementNode.getParentKey (0x000071df3fe21308) [0x000071df3fe21400, 0x000071df3fe263e8] 
[4,219s][debug][gc,nmethod     ] GC(1) O: Unregister NMethod: java.util.jar.JarFile.maybeInstantiateVerifier (0x000071df3f4d4808) [0x000071df3f4d4900, 0x000071df3f4d4dd0] 
[4,219s][debug][gc,nmethod     ] GC(1) O: Unregister NMethod: java.lang.Long.hashCode (0x000071df3f876008) [0x000071df3f876100, 0x000071df3f876238] 
[4,220s][debug][gc,nmethod     ] GC(1) O: Unregister NMethod: java.util.LinkedHashMap.newNode (0x000071df3f524408) [0x000071df3f524500, 0x000071df3f5246e8] 
[4,220s][debug][gc,nmethod     ] GC(1) O: Unregister NMethod: jdk.internal.foreign.Utils.checkAlign (0x000071df3faa2808) [0x000071df3faa2900, 0x000071df3faa3658] 
[4,220s][debug][gc,nmethod     ] GC(1) O: Unregister NMethod: java.util.regex.Pattern$$Lambda/0x00000000ae0b27a0.is (0x000071df3f624108) [0x000071df3f624200, 0x000071df3f6243b0] 
[4,220s][debug][gc,nmethod     ] GC(1) O: Unregister NMethod: java.util.concurrent.atomic.AtomicReferenceFieldUpdater$AtomicReferenceFieldUpdaterImpl.get (0x000071df3fa5c488) [0x000071df3fa5c580, 0x000071df3fa5c9b8] 
[4,220s][debug][gc,nmethod     ] GC(1) O: Unregister NMethod: io.sirix.node.xml.ElementNode.<init> (0x000071df3ff1c208) [0x000071df3ff1c300, 0x000071df3ff1d310] 
[4,220s][debug][gc,nmethod     ] GC(1) O: Unregister NMethod: java.util.BitSet.cardinality (0x000071df3f44e488) [0x000071df3f44e580, 0x000071df3f44e7e0] 
[4,220s][debug][gc,nmethod     ] GC(1) O: Unregister NMethod: net.openhft.hashing.XXH3.XXH3_avalanche (0x000071df3fe93a08) [0x000071df3fe93b00, 0x000071df3fe93c10] 
[4,220s][debug][gc,nmethod     ] GC(1) O: Unregister NMethod: io.sirix.access.trx.node.AbstractNodeTrxImpl.getCurrentNode (0x000071df3fe2c688) [0x000071df3fe2c780, 0x000071df3fe2caf0] 
[4,220s][debug][gc,nmethod     ] GC(1) O: Unregister NMethod: java.io.ByteArrayInputStream.close (0x000071df3fa7b288) [0x000071df3fa7b380, 0x000071df3fa7b480] 
[4,220s][debug][gc,nmethod     ] GC(1) O: Unregister NMethod: java.util.HashMap.values (0x000071df3ff37388) [0x000071df3ff37480, 0x000071df3ff378a8] 
[4,220s][debug][gc,nmethod     ] GC(1) O: Unregister NMethod: io.sirix.node.xml.ElementNode.getLastChildKey (0x000071df3fe94d88) [0x000071df3fe94e80, 0x000071df3fe99e70] 
[4,220s][debug][gc,nmethod     ] GC(1) O: Unregister NMethod: java.net.URLStreamHandler.parseURL (0x000071df3f6ec288) [0x000071df3f6ec380, 0x000071df3f70b298] 
[4,220s][debug][gc,nmethod     ] GC(1) O: Unregister NMethod: sun.nio.ch.NativeThreadSet.add (0x000071df3f51a408) [0x000071df3f51a500, 0x000071df3f51b410] 
[4,220s][debug][gc,nmethod     ] GC(1) O: Unregister NMethod: com.sun.org.apache.xerces.internal.impl.XMLNSDocumentScannerImpl.scanAttribute (0x000071df4003c908) [0x000071df4003ca00, 0x000071df40045498] 
[4,220s][debug][gc,nmethod     ] GC(1) O: Unregister NMethod: com.sun.xml.internal.stream.events.XMLEventAllocatorImpl.fillAttributes (0x000071df5ed8e788) [0x000071df5ed8e880, 0x000071df5ed90a00] 
[4,220s][debug][gc,nmethod     ] GC(1) O: Unregister NMethod: jdk.internal.misc.Unsafe.weakCompareAndSetLongRelease (0x000071df3fa95488) [0x000071df3fa95580, 0x000071df3fa956a0] 
[4,220s][debug][gc,nmethod     ] GC(1) O: Unregister NMethod: com.sun.org.apache.xerces.internal.impl.XMLEntityScanner.checkEntityLimit (0x000071df3fe0d308) [0x000071df3fe0d400, 0x000071df3fe0d6f8] 
[4,220s][debug][gc,nmethod     ] GC(1) O: Unregister NMethod: jdk.internal.foreign.layout.ValueLayouts$OfByteImpl.dup (0x000071df401e3808) [0x000071df401e3900, 0x000071df401e3a90] 
[4,220s][debug][gc,nmethod     ] GC(1) O: Unregister NMethod: sun.nio.fs.UnixPath.resolve (0x000071df3f5ac688) [0x000071df3f5ac780, 0x000071df3f5ad438] 
[4,220s][debug][gc,nmethod     ] GC(1) O: Unregister NMethod: jdk.internal.misc.Unsafe.putLongUnaligned (0x000071df5ec84788) [0x000071df5ec84880, 0x000071df5ec84940] 
[4,220s][debug][gc,nmethod     ] GC(1) O: Unregister NMethod: java.lang.invoke.VarHandleGuards.guard_LI_I (0x000071df3f57e908) [0x000071df3f57ea00, 0x000071df3f5818d8] 
[4,220s][debug][gc,nmethod     ] GC(1) O: Unregister NMethod: java.lang.invoke.LambdaForm$Holder.constant_L (0x000071df3f52c008) [0x000071df3f52c100, 0x000071df3f52c420] 
[4,220s][debug][gc,nmethod     ] GC(1) O: Unregister NMethod: java.util.concurrent.ConcurrentHashMap$Traverser.advance (0x000071df3f67c088) [0x000071df3f67c180, 0x000071df3f67d278] 
[4,220s][debug][gc,nmethod     ] GC(1) O: Unregister NMethod: java.nio.ByteBuffer.position (0x000071df3f81a308) [0x000071df3f81a400, 0x000071df3f81a548] 
[4,220s][debug][gc,nmethod     ] GC(1) O: Unregister NMethod: io.sirix.node.xml.TextNode.getRightSiblingKey (0x000071df3fb87e88) [0x000071df3fb87f80, 0x000071df3fb8cf70] 
[4,220s][debug][gc,nmethod     ] Register NMethod: io.sirix.access.trx.node.AbstractNodeReadOnlyTrx.getFirstChildKey (0x000071df5ee87108) [0x000071df5ee87200, 0x000071df5ee877f8] Compiler: jvmci, Barriers: 8, Oops: 1, ImmediateOops: 0, NonImmediateOops: No
[4,220s][debug][gc,nmethod     ] GC(1) O: Unregister NMethod: io.sirix.utils.XMLToken.isValidQName (0x000071df5ed83b88) [0x000071df5ed83e00, 0x000071df5ed84ce0] 
[4,220s][debug][gc,nmethod     ] GC(1) O: Unregister NMethod: net.openhft.hashing.LongHashFunction.hashByteBuffer (0x000071df3ff3d308) [0x000071df3ff3d400, 0x000071df3ff3e968] 
[4,220s][debug][gc,nmethod     ] GC(1) O: Unregister NMethod: sun.nio.fs.NativeBuffers.releaseNativeBuffer (0x000071df3f43db88) [0x000071df3f43dc80, 0x000071df3f4411b8] 
[4,220s][debug][gc,nmethod     ] GC(1) O: Unregister NMethod: net.jpountz.util.SafeUtils.readIntLE (0x000071df3f443888) [0x000071df3f443980, 0x000071df3f443b20] 
[4,220s][debug][gc,nmethod     ] GC(1) O: Unregister NMethod: jdk.internal.util.Preconditions.checkFromIndexSize (0x000071df3f452808) [0x000071df3f452900, 0x000071df3f452a98] 
[4,220s][debug][gc,nmethod     ] GC(1) O: Unregister NMethod: io.sirix.axis.AbstractAxis.<init> (0x000071df3fbd7088) [0x000071df3fbd7180, 0x000071df3fbd7bd0] 
[4,220s][debug][gc,nmethod     ] GC(1) O: Unregister NMethod: com.sun.org.apache.xerces.internal.util.XMLChar.isNameStart (0x000071df3fea9388) [0x000071df3fea9480, 0x000071df3fea9610] 
[4,220s][debug][gc,nmethod     ] GC(1) O: Unregister NMethod: java.lang.ref.Cleaner.register (0x000071df3f507a08) [0x000071df3f507b00, 0x000071df3f508018] 
[4,220s][debug][gc,nmethod     ] GC(1) O: Unregister NMethod: java.util.HashMap.computeIfAbsent (0x000071df5ed48108) [0x000071df5ed48200, 0x000071df5ed493b0] 
[4,220s][debug][gc,nmethod     ] GC(1) O: Unregister NMethod: io.sirix.node.xml.ElementNode.hasRightSibling (0x000071df3fb90488) [0x000071df3fb90580, 0x000071df3fb959b8] 
[4,220s][debug][gc,nmethod     ] GC(1) O: Unregister NMethod: java.util.UUID.parse4Nibbles (0x000071df3f435888) [0x000071df3f435980, 0x000071df3f437d28] 
[4,220s][debug][gc,nmethod     ] GC(1) O: Unregister NMethod: jdk.internal.foreign.AbstractMemorySegmentImpl.isAlignedForElement (0x000071df3f87dc08) [0x000071df3f87dd00, 0x000071df3f87ded0] 
[4,220s][debug][gc,nmethod     ] GC(1) O: Unregister NMethod: java.util.concurrent.ConcurrentHashMap.get (0x000071df3f710288) [0x000071df3f710380, 0x000071df3f711398] 
[4,220s][debug][gc,nmethod     ] GC(1) O: Unregister NMethod: io.sirix.access.trx.page.NodePageReadOnlyTrx.getValue (0x000071df3f450908) [0x000071df3f450a00, 0x000071df3f452560] 
[4,220s][debug][gc,nmethod     ] GC(1) O: Unregister NMethod: java.nio.ByteOrder.nativeOrder (0x000071df3f878108) [0x000071df3f878200, 0x000071df3f8782e8] 
[4,220s][debug][gc,nmethod     ] GC(1) O: Unregister NMethod: it.unimi.dsi.fastutil.ints.Int2IntOpenHashMap.find (0x000071df3f80be08) [0x000071df3f80bf00, 0x000071df3f80c368] 
[4,220s][debug][gc,nmethod     ] GC(1) O: Unregister NMethod: com.sun.xml.internal.stream.util.ReadOnlyIterator.hasNext (0x000071df3feb8a88) [0x000071df3feb8b80, 0x000071df3feb8f18] 
[4,220s][debug][gc,nmethod     ] GC(1) O: Unregister NMethod: java.util.ArrayList.grow (0x000071df3f5a2d88) [0x000071df3f5a2e80, 0x000071df3f5a36d0] 
[4,220s][debug][gc,nmethod     ] GC(1) O: Unregister NMethod: io.sirix.node.xml.AttributeNode.getLocalNameKey (0x000071df3ffff288) [0x000071df3ffff380, 0x000071df40004370] 
[4,220s][debug][gc,nmethod     ] GC(1) O: Unregister NMethod: java.io.BufferedInputStream.read (0x000071df3f610f08) [0x000071df3f611000, 0x000071df3f611b38] 
[4,220s][debug][gc,nmethod     ] GC(1) O: Unregister NMethod: io.sirix.access.trx.node.AbstractNodeReadOnlyTrx.hasNode (0x000071df3ff6c408) [0x000071df3ff6c500, 0x000071df3ff6d0f8] 
[4,220s][debug][gc,nmethod     ] GC(1) O: Unregister NMethod: jdk.internal.foreign.layout.ValueLayouts$OfByteImpl.<init> (0x000071df401dae88) [0x000071df401daf80, 0x000071df401db0d8] 
[4,220s][debug][gc,nmethod     ] GC(1) O: Unregister NMethod: io.sirix.node.xml.AttributeNode.computeHash (0x000071df40025f08) [0x000071df40026000, 0x000071df4003c860] 
[4,220s][debug][gc,nmethod     ] GC(1) O: Unregister NMethod: java.nio.Buffer.session (0x000071df3f8d8588) [0x000071df3f8d8680, 0x000071df3f8d8c20] 
[4,220s][debug][gc,nmethod     ] GC(1) O: Unregister NMethod: com.sun.org.apache.xerces.internal.impl.XMLEntityScanner.scanQName (0x000071df5ed97d08) [0x000071df5ed97e00, 0x000071df5ed991b8] 
[4,220s][debug][gc,nmethod     ] GC(1) O: Unregister NMethod: java.util.WeakHashMap.hash (0x000071df3f48a608) [0x000071df3f48a700, 0x000071df3f48aa28] 
[4,220s][debug][gc,nmethod     ] GC(1) O: Unregister NMethod: java.net.URL.set (0x000071df3f5b9688) [0x000071df3f5b9780, 0x000071df3f5bac78] 
[4,220s][debug][gc,nmethod     ] GC(1) O: Unregister NMethod: io.sirix.utils.XMLToken.ncName (0x000071df5ed5f388) [0x000071df5ed5f480, 0x000071df5ed5f7d8] 
[4,220s][debug][gc,nmethod     ] GC(1) O: Unregister NMethod: kotlinx.coroutines.AbstractTimeSourceKt.getTimeSource (0x000071df3fc7bd88) [0x000071df3fc7be80, 0x000071df3fc7bfa8] 
[4,220s][debug][gc,nmethod     ] GC(1) O: Unregister NMethod: java.util.concurrent.atomic.AtomicLong.addAndGet (0x000071df3f48ec88) [0x000071df3f48ed80, 0x000071df3f48ee90] 
[4,220s][debug][gc,nmethod     ] GC(1) O: Unregister NMethod: com.sun.org.apache.xerces.internal.impl.XMLStreamReaderImpl.getLocalName (0x000071df3fed3c08) [0x000071df3fed3d00, 0x000071df3fed4708] 
[4,220s][debug][gc,nmethod     ] GC(1) O: Unregister NMethod: io.sirix.index.path.summary.PathSummaryReader.getNodeKey (0x000071df3fe1b808) [0x000071df3fe1b900, 0x000071df3fe1bd98] 
[4,220s][debug][gc,nmethod     ] GC(1) O: Unregister NMethod: java.util.concurrent.atomic.AtomicLong.compareAndSet (0x000071df3f4e7c08) [0x000071df3f4e7d00, 0x000071df3f4e7e20] 
[4,220s][debug][gc,nmethod     ] GC(1) O: Unregister NMethod: com.sun.org.apache.xerces.internal.impl.XMLEntityScanner.peekChar (0x000071df5ed4b908) [0x000071df5ed4ba00, 0x000071df5ed4bbb8] 
[4,220s][debug][gc,nmethod     ] Register NMethod: io.sirix.axis.DescendantAxis.nextKey (0x000071df5ee87808) [0x000071df5ee87900, 0x000071df5ee8a0a8] Compiler: jvmci, Barriers: 56, Oops: 1, ImmediateOops: 1, NonImmediateOops: No
[4,220s][debug][gc,nmethod     ] GC(1) O: Unregister NMethod: io.sirix.node.MemorySegmentBytesOut.writeStopBit (0x000071df400feb08) [0x000071df400fec00, 0x000071df400fefa0] 
[4,220s][debug][gc,nmethod     ] GC(1) O: Unregister NMethod: java.nio.channels.spi.AbstractInterruptibleChannel.begin (0x000071df3fa38488) [0x000071df3fa38580, 0x000071df3fa39198] 
[4,220s][debug][gc,nmethod     ] GC(1) O: Unregister NMethod: io.sirix.node.xml.TextNode.computeHash (0x000071df3ff76508) [0x000071df3ff76600, 0x000071df3ff87da8] 
[4,220s][debug][gc,nmethod     ] GC(1) O: Unregister NMethod: it.unimi.dsi.fastutil.longs.LongArrayList.getLong (0x000071df3fe85d88) [0x000071df3fe85e80, 0x000071df3fe87310] 
[4,220s][debug][gc,nmethod     ] GC(1) O: Unregister NMethod: io.sirix.node.xml.ElementNode.setHash (0x000071df3fe2d008) [0x000071df3fe2d100, 0x000071df3fe30a88] 
[4,220s][debug][gc,nmethod     ] GC(1) O: Unregister NMethod: java.util.Arrays.fill (0x000071df5ec99b88) [0x000071df5ec99c80, 0x000071df5ec99e18] 
[4,220s][debug][gc,nmethod     ] GC(1) O: Unregister NMethod: com.sun.org.apache.xerces.internal.impl.XMLEntityScanner.scanQName (0x000071df400cf708) [0x000071df400cf800, 0x000071df400d1be0] 
[4,220s][debug][gc,nmethod     ] GC(1) O: Unregister NMethod: jdk.internal.foreign.SegmentFactories$1.cleanup (0x000071df3fd66588) [0x000071df3fd66680, 0x000071df3fd66c40] 
[4,220s][debug][gc,nmethod     ] GC(1) O: Unregister NMethod: java.lang.invoke.MethodHandleImpl.profileBoolean (0x000071df3f601b88) [0x000071df3f601c80, 0x000071df3f602048] 
[4,220s][debug][gc,nmethod     ] GC(1) O: Unregister NMethod: net.openhft.hashing.XXH3$AsLongHashFunction.hash (0x000071df3feb3b08) [0x000071df3feb3c00, 0x000071df3feb4450] 
[4,220s][debug][gc,nmethod     ] GC(1) O: Unregister NMethod: com.sun.org.apache.xerces.internal.impl.XMLEntityScanner.scanContent (0x000071df5ed67f08) [0x000071df5ed680a0, 0x000071df5ed68b58] 
[4,220s][debug][gc,nmethod     ] GC(1) O: Unregister NMethod: java.util.jar.JarFile.getJarEntry (0x000071df3f4c1288) [0x000071df3f4c1380, 0x000071df3f4c1880] 
[4,220s][debug][gc,nmethod     ] GC(1) O: Unregister NMethod: io.sirix.access.trx.page.NodePageReadOnlyTrx.getRecordPage (0x000071df3fa6e708) [0x000071df3fa6e800, 0x000071df3fa79d88] 
[4,220s][debug][gc,nmethod     ] GC(1) O: Unregister NMethod: java.lang.invoke.VarHandleGuards.guard_LJ_J (0x000071df3f8f3c88) [0x000071df3f8f3d80, 0x000071df3f8f6c40] 
[4,221s][debug][gc,nmethod     ] GC(1) O: Unregister NMethod: java.util.HashMap$HashIterator.<init> (0x000071df3f43bc08) [0x000071df3f43bd00, 0x000071df3f43c350] 
[4,221s][debug][gc,nmethod     ] GC(1) O: Unregister NMethod: sun.net.www.protocol.file.Handler.parseURL (0x000071df3f6cdb88) [0x000071df3f6cdc80, 0x000071df3f6cdff0] 
[4,221s][debug][gc,nmethod     ] GC(1) O: Unregister NMethod: java.util.concurrent.ForkJoinPool.deactivate (0x000071df5ece0208) [0x000071df5ece0300, 0x000071df5ece12a0] 
[4,221s][debug][gc,nmethod     ] GC(1) O: Unregister NMethod: io.sirix.cache.IndexLogKey.equals (0x000071df3ffc7e08) [0x000071df3ffc7f00, 0x000071df3ffc8848] 
[4,221s][debug][gc,nmethod     ] GC(1) O: Unregister NMethod: it.unimi.dsi.fastutil.ints.Int2LongOpenHashMap.find (0x000071df3f465388) [0x000071df3f465480, 0x000071df3f4658e8] 
[4,221s][debug][gc,nmethod     ] GC(1) O: Unregister NMethod: java.lang.Class.getSimpleName (0x000071df401d9588) [0x000071df401d9680, 0x000071df401d98e0] 
[4,221s][debug][gc,nmethod     ] GC(1) O: Unregister NMethod: io.sirix.page.KeyValueLeafPage.getNumberOfNonNullEntries (0x000071df3fbdb588) [0x000071df3fbdb680, 0x000071df3fbdbc30] 
[4,221s][debug][gc,nmethod     ] GC(1) O: Unregister NMethod: java.lang.Math.max (0x000071df3f507408) [0x000071df3f507500, 0x000071df3f507628] 
[4,221s][debug][gc,nmethod     ] GC(1) O: Unregister NMethod: io.sirix.page.KeyValueLeafPage.findFreeSpaceForSlots (0x000071df3fbd4c88) [0x000071df3fbd4d80, 0x000071df3fbd5a48] 
[4,221s][debug][gc,nmethod     ] GC(1) O: Unregister NMethod: java.util.WeakHashMap.expungeStaleEntries (0x000071df3f48b088) [0x000071df3f48b180, 0x000071df3f48bf18] 
[4,221s][debug][gc,nmethod     ] GC(1) O: Unregister NMethod: java.io.File.<init> (0x000071df3f6d8688) [0x000071df3f6d8780, 0x000071df3f6d9648] 
[4,221s][debug][gc,nmethod     ] GC(1) O: Unregister NMethod: java.util.concurrent.ConcurrentHashMap.get (0x000071df5ec7f588) [0x000071df5ec7f680, 0x000071df5ec80450] 
[4,221s][debug][gc,nmethod     ] GC(1) O: Unregister NMethod: io.sirix.utils.NamePageHash.generateHashForString (0x000071df3fe88888) [0x000071df3fe88980, 0x000071df3fe88c58] 
[4,221s][debug][gc,nmethod     ] GC(1) O: Unregister NMethod: io.sirix.access.trx.RevisionEpochTracker.minActiveRevision (0x000071df4006b508) [0x000071df4006b600, 0x000071df4006cf18] 
[4,221s][debug][gc,nmethod     ] GC(1) O: Unregister NMethod: com.sun.org.apache.xerces.internal.util.XMLChar.isValid (0x000071df3f751388) [0x000071df3f751480, 0x000071df3f751668] 
[4,221s][debug][gc,nmethod     ] GC(1) O: Unregister NMethod: io.sirix.axis.filter.FilterAxis.nextKey (0x000071df3ff03f88) [0x000071df3ff04080, 0x000071df3ff05690] 
[4,221s][debug][gc,nmethod     ] Register NMethod: io.sirix.access.trx.page.NodePageReadOnlyTrx.getRecordPage (0x000071df5ee8a108) [0x000071df5ee8a200, 0x000071df5ee8bd28] Compiler: jvmci, Barriers: 65, Oops: 1, ImmediateOops: 1, NonImmediateOops: No
[4,221s][debug][gc,nmethod     ] GC(1) O: Unregister NMethod: io.sirix.node.MemorySegmentBytesOut.<init> (0x000071df3fe83f08) [0x000071df3fe84000, 0x000071df3fe84dd0] 
[4,221s][debug][gc,nmethod     ] GC(1) O: Unregister NMethod: io.sirix.access.trx.node.AbstractNodeHashing.setAddDescendants (0x000071df3fe2b988) [0x000071df3fe2ba80, 0x000071df3fe2c608] 
[4,221s][debug][gc,nmethod     ] GC(1) O: Unregister NMethod: java.util.concurrent.atomic.AtomicIntegerFieldUpdater$AtomicIntegerFieldUpdaterImpl.getAndAdd (0x000071df3fca2808) [0x000071df3fca2900, 0x000071df3fca2d18] 
[4,221s][debug][gc,nmethod     ] GC(1) O: Unregister NMethod: java.lang.ref.Cleaner.register (0x000071df5ecf1088) [0x000071df5ecf1180, 0x000071df5ecf1a88] 
[4,221s][debug][gc,nmethod     ] GC(1) O: Unregister NMethod: io.sirix.access.trx.page.NodePageTrx.getPageContainer (0x000071df3fd5e188) [0x000071df3fd5e280, 0x000071df3fd5f3c0] 
[4,221s][debug][gc,nmethod     ] GC(1) O: Unregister NMethod: io.sirix.utils.XMLToken.cp (0x000071df3fe36388) [0x000071df3fe36480, 0x000071df3fe368b8] 
[4,221s][debug][gc,nmethod     ] GC(1) O: Unregister NMethod: java.util.concurrent.ForkJoinPool.compareAndSetCtl (0x000071df3faf2008) [0x000071df3faf2100, 0x000071df3faf2220] 
[4,221s][debug][gc,nmethod     ] GC(1) O: Unregister NMethod: io.sirix.index.path.summary.PathSummaryWriter.movePathSummary (0x000071df3ff71f08) [0x000071df3ff72000, 0x000071df3ff746c0] 
[4,221s][debug][gc,nmethod     ] GC(1) O: Unregister NMethod: sun.net.util.IPAddressUtil.scan (0x000071df3f4d8f88) [0x000071df3f4d9080, 0x000071df3f4da2d8] 
[4,221s][debug][gc,nmethod     ] GC(1) O: Unregister NMethod: java.nio.ByteBuffer.order (0x000071df3f6ce008) [0x000071df3f6ce100, 0x000071df3f6ce320] 
[4,221s][debug][gc,nmethod     ] GC(1) O: Unregister NMethod: com.sun.org.apache.xerces.internal.impl.XMLDocumentFragmentScannerImpl.checkDepth (0x000071df3ff39888) [0x000071df3ff39980, 0x000071df3ff3cbd8] 
[4,221s][debug][gc,nmethod     ] GC(1) O: Unregister NMethod: com.sun.org.apache.xerces.internal.util.NamespaceSupport.popContext (0x000071df3ff6f288) [0x000071df3ff6f380, 0x000071df3ff6f4e8] 
[4,221s][debug][gc,nmethod     ] GC(1) O: Unregister NMethod: com.sun.org.apache.xerces.internal.impl.XMLNSDocumentScannerImpl.next (0x000071df4005d808) [0x000071df4005d900, 0x000071df4005ddd0] 
[4,221s][debug][gc,nmethod     ] GC(1) O: Unregister NMethod: io.sirix.page.AbstractForwardingPage.getOrCreateReference (0x000071df3f998708) [0x000071df3f998800, 0x000071df3f998d10] 
[4,221s][debug][gc,nmethod     ] GC(1) O: Unregister NMethod: com.sun.org.apache.xerces.internal.impl.XMLDocumentFragmentScannerImpl.seekCloseOfStartTag (0x000071df400a4b08) [0x000071df400a4c00, 0x000071df400a6180] 
[4,221s][debug][gc,nmethod     ] GC(1) O: Unregister NMethod: io.sirix.access.trx.node.AbstractNodeReadOnlyTrx.assertNotClosed (0x000071df3f8f2e08) [0x000071df3f8f2f00, 0x000071df3f8f3108] 
[4,221s][debug][gc,nmethod     ] GC(1) O: Unregister NMethod: jdk.internal.classfile.impl.SplitConstantPool.findEntry (0x000071df3f4f4a08) [0x000071df3f4f4b00, 0x000071df3f4f6208] 
[4,221s][debug][gc,nmethod     ] GC(1) O: Unregister NMethod: java.util.ArrayList$Itr.<init> (0x000071df3f5a3f08) [0x000071df3f5a4000, 0x000071df3f5a4330] 
[4,221s][debug][gc,nmethod     ] GC(1) O: Unregister NMethod: net.openhft.hashing.UnsafeAccess.byteOrder (0x000071df3fea5d08) [0x000071df3fea5e00, 0x000071df3fea5f60] 
[4,221s][debug][gc,nmethod     ] GC(1) O: Unregister NMethod: java.util.ArrayList.add (0x000071df3f46da08) [0x000071df3f46db00, 0x000071df3f46e070] 
[4,221s][debug][gc,nmethod     ] GC(1) O: Unregister NMethod: com.sun.org.apache.xerces.internal.impl.XMLEntityScanner.scanChar (0x000071df3feda208) [0x000071df3feda300, 0x000071df3fedad28] 
[4,221s][debug][gc,nmethod     ] GC(1) O: Unregister NMethod: java.lang.Object.equals (0x000071df3f43a408) [0x000071df3f43a500, 0x000071df3f43a650] 
[4,221s][debug][gc,nmethod     ] GC(1) O: Unregister NMethod: jdk.internal.misc.Unsafe.getReferenceAcquire (0x000071df3f412608) [0x000071df3f412700, 0x000071df3f412830] 
[4,221s][debug][gc,nmethod     ] GC(1) O: Unregister NMethod: java.lang.Math.min (0x000071df3f581908) [0x000071df3f581a00, 0x000071df3f581b28] 
[4,221s][debug][gc,nmethod     ] GC(1) O: Unregister NMethod: io.sirix.node.xml.TextNode.getRawValue (0x000071df3ff61588) [0x000071df3ff61680, 0x000071df3ff61998] 
[4,221s][debug][gc,nmethod     ] GC(1) O: Unregister NMethod: io.sirix.access.trx.node.xml.XmlNodeTrxImpl.insertTextAsFirstChild (0x000071df3ffbf488) [0x000071df3ffbf580, 0x000071df3ffc7518] 
[4,221s][debug][gc,nmethod     ] GC(1) O: Unregister NMethod: io.sirix.node.json.JsonNodeSerializer.writeEndPadding (0x000071df40100508) [0x000071df40100600, 0x000071df40100a68] 
[4,221s][debug][gc,nmethod     ] GC(1) O: Unregister NMethod: jdk.internal.foreign.ArenaImpl.allocate (0x000071df3faa2108) [0x000071df3faa2200, 0x000071df3faa2380] 
[4,221s][debug][gc,nmethod     ] GC(1) O: Unregister NMethod: com.sun.org.apache.xerces.internal.impl.XMLDocumentFragmentScannerImpl$FragmentContentDriver.startOfMarkup (0x000071df40056208) [0x000071df40056300, 0x000071df40058368] 
[4,221s][debug][gc,nmethod     ] GC(1) O: Unregister NMethod: jdk.internal.misc.ScopedMemoryAccess.copyMemory (0x000071df3f8ced88) [0x000071df3f8cee80, 0x000071df3f8d01f8] 
[4,221s][debug][gc,nmethod     ] GC(1) O: Unregister NMethod: io.sirix.page.KeyValueLeafPage.acquireGuard (0x000071df3faa1908) [0x000071df3faa1a00, 0x000071df3faa1d48] 
[4,221s][debug][gc,nmethod     ] GC(1) O: Unregister NMethod: io.sirix.node.xml.ElementNode.hasLeftSibling (0x000071df3feb9e08) [0x000071df3feb9f00, 0x000071df3febf338] 
[4,221s][debug][gc,nmethod     ] GC(1) O: Unregister NMethod: java.nio.DirectByteBuffer.get (0x000071df3f4bfb88) [0x000071df3f4bfc80, 0x000071df3f4c0a80] 
[4,221s][debug][gc,nmethod     ] GC(1) O: Unregister NMethod: jdk.internal.foreign.AbstractMemorySegmentImpl.<init> (0x000071df3f804108) [0x000071df3f804200, 0x000071df3f8043e0] 
[4,221s][debug][gc,nmethod     ] GC(1) O: Unregister NMethod: io.sirix.node.BytesOut.asBytesIn (0x000071df3fa6a308) [0x000071df3fa6a400, 0x000071df3fa6b0a8] 
[4,221s][debug][gc,nmethod     ] GC(1) O: Unregister NMethod: io.sirix.service.xml.shredder.XmlShredder.insertNewContent (0x000071df5ee1d308) [0x000071df5ee1d400, 0x000071df5ee2ea58] 
[4,221s][debug][gc,nmethod     ] GC(1) O: Unregister NMethod: jdk.xml.internal.XMLSecurityPropertyManager.getIndex (0x000071df3feaa508) [0x000071df3feaa600, 0x000071df3feab090] 
[4,221s][debug][gc,nmethod     ] GC(1) O: Unregister NMethod: io.sirix.page.delegates.BitmapReferencesPage.getOrCreateReference (0x000071df3f7b5688) [0x000071df3f7b5780, 0x000071df3f7b5e38] 
[4,221s][debug][gc,nmethod     ] GC(1) O: Unregister NMethod: io.sirix.access.trx.page.NodePageReadOnlyTrx.assertNotClosed (0x000071df3f8e5b08) [0x000071df3f8e5c00, 0x000071df3f8e5e18] 
[4,221s][debug][gc,nmethod     ] GC(1) O: Unregister NMethod: kotlin.coroutines.ContinuationInterceptor$DefaultImpls.get (0x000071df3faee708) [0x000071df3faee800, 0x000071df3faf1f80] 
[4,221s][debug][gc,nmethod     ] GC(1) O: Unregister NMethod: java.lang.invoke.LambdaForm$MH/0x00000000ae241800.invoke (0x000071df3f602208) [0x000071df3f602300, 0x000071df3f6032b8] 
[4,221s][debug][gc,nmethod     ] GC(1) O: Unregister NMethod: com.sun.org.apache.xerces.internal.xni.XMLString.append (0x000071df3ffdfc08) [0x000071df3ffdfd00, 0x000071df3ffe01d8] 
[4,221s][debug][gc,nmethod     ] GC(1) O: Unregister NMethod: io.sirix.node.MemorySegmentBytesIn.read (0x000071df3f813688) [0x000071df3f813780, 0x000071df3f81a290] 
[4,221s][debug][gc,nmethod     ] GC(1) O: Unregister NMethod: sun.nio.fs.UnixNativeDispatcher.copyToNativeBuffer (0x000071df3f44b508) [0x000071df3f44b600, 0x000071df3f44bab0] 
[4,221s][debug][gc,nmethod     ] GC(1) O: Unregister NMethod: io.sirix.node.xml.TextNode.getParentKey (0x000071df3fe40b08) [0x000071df3fe40c00, 0x000071df3fe45be8] 
[4,221s][debug][gc,nmethod     ] GC(1) O: Unregister NMethod: com.sun.org.apache.xerces.internal.impl.XMLEntityScanner.normalizeNewlines (0x000071df3fea4888) [0x000071df3fea4980, 0x000071df3fea5ca0] 
[4,221s][debug][gc,nmethod     ] GC(1) O: Unregister NMethod: java.lang.Integer.valueOf (0x000071df3f528f08) [0x000071df3f529000, 0x000071df3f529318] 
[4,221s][debug][gc,nmethod     ] GC(1) O: Unregister NMethod: jdk.internal.foreign.layout.ValueLayouts$AbstractValueLayout.<init> (0x000071df401da808) [0x000071df401da900, 0x000071df401dae68] 
[4,221s][debug][gc,nmethod     ] GC(1) O: Unregister NMethod: org.magicwerk.brownies.collections.IList$Iter.hasNext (0x000071df3f41dc08) [0x000071df3f41dd00, 0x000071df3f41e110] 
[4,221s][debug][gc,nmethod     ] GC(1) O: Unregister NMethod: com.sun.org.apache.xerces.internal.util.SymbolTable.addSymbol (0x000071df3ff00508) [0x000071df3ff00600, 0x000071df3ff00b40] 
[4,221s][debug][gc,nmethod     ] GC(1) O: Unregister NMethod: io.sirix.access.trx.page.NodePageTrx.getMostRecentPageContainer (0x000071df3fbbf608) [0x000071df3fbbf700, 0x000071df3fbbfd30] 
[4,221s][debug][gc,nmethod     ] GC(1) O: Unregister NMethod: java.lang.String.<init> (0x000071df3f998d88) [0x000071df3f998e80, 0x000071df3f999120] 
[4,221s][debug][gc,nmethod     ] GC(1) O: Unregister NMethod: io.sirix.page.KeyValueLeafPage.getNumberOfNonNullEntries (0x000071df3fbdbc88) [0x000071df3fbdbd80, 0x000071df3fbdc2a0] 
[4,221s][debug][gc,nmethod     ] GC(1) O: Unregister NMethod: java.lang.String.<init> (0x000071df3ffe8408) [0x000071df3ffe8500, 0x000071df3ffe8728] 
[4,221s][debug][gc,nmethod     ] GC(1) O: Unregister NMethod: jdk.internal.ref.CleanerFactory.cleaner (0x000071df3f4d8c88) [0x000071df3f4d8d80, 0x000071df3f4d8e68] 
[4,221s][debug][gc,nmethod     ] GC(1) O: Unregister NMethod: com.sun.org.apache.xerces.internal.impl.XMLEntityScanner.checkLimit (0x000071df3ff1d388) [0x000071df3ff1d480, 0x000071df3ff25c40] 
[4,221s][debug][gc,nmethod     ] GC(1) O: Unregister NMethod: java.util.concurrent.ConcurrentHashMap.put (0x000071df3f56bf08) [0x000071df3f56c000, 0x000071df3f56c300] 
[4,221s][debug][gc,nmethod     ] GC(1) O: Unregister NMethod: io.sirix.access.trx.node.AbstractNodeHashing.rollingAdd (0x000071df3feac208) [0x000071df3feac300, 0x000071df3feb1650] 
[4,221s][debug][gc,nmethod     ] GC(1) O: Unregister NMethod: java.lang.invoke.VarHandleReferences$FieldInstanceReadWrite.compareAndSet (0x000071df3f804808) [0x000071df3f804900, 0x000071df3f805eb8] 
[4,221s][debug][gc,nmethod     ] GC(1) O: Unregister NMethod: jdk.internal.misc.Unsafe.weakCompareAndSetInt (0x000071df3f8d7f88) [0x000071df3f8d8080, 0x000071df3f8d8198] 
[4,221s][debug][gc,nmethod     ] GC(1) O: Unregister NMethod: java.util.ArrayList.getLast (0x000071df3ff14508) [0x000071df3ff14600, 0x000071df3ff148f8] 
[4,221s][debug][gc,nmethod     ] GC(1) O: Unregister NMethod: io.sirix.access.trx.RevisionEpochTracker.minActiveRevision (0x000071df40080608) [0x000071df40080700, 0x000071df40081f68] 
[4,221s][debug][gc,nmethod     ] GC(1) O: Unregister NMethod: jdk.internal.ref.CleanerImpl$CleanableList.insert (0x000071df5ecef288) [0x000071df5ecef380, 0x000071df5ecef798] 
[4,221s][debug][gc,nmethod     ] GC(1) O: Unregister NMethod: io.sirix.access.trx.node.xml.XmlNodeTrxImpl.insertAttribute (0x000071df400d3808) [0x000071df400d3900, 0x000071df400e3940] 
[4,221s][debug][gc,nmethod     ] GC(1) O: Unregister NMethod: io.sirix.cache.IndexLogKey.hashCode (0x000071df3fd98c88) [0x000071df3fd98d80, 0x000071df3fd99128] 
[4,221s][debug][gc,nmethod     ] GC(1) O: Unregister NMethod: net.openhft.hashing.LongHashFunction.hashBytes (0x000071df3ff39588) [0x000071df3ff39680, 0x000071df3ff397c8] 
[4,221s][debug][gc,nmethod     ] GC(1) O: Unregister NMethod: io.sirix.index.path.summary.PathSummaryReader.getLevel (0x000071df3ff6f588) [0x000071df3ff6f680, 0x000071df3ff70d90] 
[4,222s][debug][gc,nmethod     ] GC(1) O: Unregister NMethod: io.sirix.access.trx.node.AbstractNodeHashing.isValueNode (0x000071df3feb1b08) [0x000071df3feb1c00, 0x000071df3feb37c8] 
[4,222s][debug][gc,nmethod     ] GC(1) O: Unregister NMethod: io.sirix.axis.filter.FilterAxis.<init> (0x000071df3ff11808) [0x000071df3ff11900, 0x000071df3ff14488] 
[4,221s][debug][gc,nmethod     ] GC(1) O: Unregister NMethod: jdk.internal.classfile.impl.BufWriterImpl.writeU1 (0x000071df3f4f6288) [0x000071df3f4f6380, 0x000071df3f4f67c8] 
[4,222s][debug][gc,nmethod     ] GC(1) O: Unregister NMethod: com.sun.org.apache.xerces.internal.impl.XMLStreamReaderImpl.getAttributeCount (0x000071df3ff74708) [0x000071df3ff74800, 0x000071df3ff74ee8] 
[4,222s][debug][gc,nmethod     ] GC(1) O: Unregister NMethod: java.io.UnixFileSystem.resolve (0x000071df3f6d5088) [0x000071df3f6d5180, 0x000071df3f6d8610] 
[4,222s][debug][gc,nmethod     ] GC(1) O: Unregister NMethod: com.sun.org.apache.xerces.internal.impl.XMLNSDocumentScannerImpl.next (0x000071df5ed50688) [0x000071df5ed50780, 0x000071df5ed523e0] 
[4,222s][debug][gc,nmethod     ] GC(1) O: Unregister NMethod: io.sirix.node.GrowingMemorySegment.<init> (0x000071df3fabf108) [0x000071df3fabf200, 0x000071df3fabf678] 
[4,222s][debug][gc,nmethod     ] GC(1) O: Unregister NMethod: jdk.xml.internal.XMLSecurityPropertyManager$Property.equalsName (0x000071df3fe34b08) [0x000071df3fe34c00, 0x000071df3fe35230] 
[4,222s][debug][gc,nmethod     ] GC(1) O: Unregister NMethod: io.sirix.node.xml.AbstractStructForwardingNode.getFirstChildKey (0x000071df3fbc0088) [0x000071df3fbc0180, 0x000071df3fbc04b0] 
[4,222s][debug][gc,nmethod     ] GC(1) O: Unregister NMethod: io.sirix.node.xml.ElementNode.getAttributeCount (0x000071df3ffe8d88) [0x000071df3ffe8e80, 0x000071df3ffe9010] 
[4,222s][debug][gc,nmethod     ] GC(1) O: Unregister NMethod: java.util.ArrayList.iterator (0x000071df3f5a3b08) [0x000071df3f5a3c00, 0x000071df3f5a3f00] 
[4,222s][debug][gc,nmethod     ] GC(1) O: Unregister NMethod: java.util.HashSet.isEmpty (0x000071df3f444b08) [0x000071df3f444c00, 0x000071df3f444fa8] 
[4,222s][debug][gc,nmethod     ] GC(1) O: Unregister NMethod: com.sun.org.apache.xerces.internal.impl.XMLEntityScanner.skipSpaces (0x000071df5ed5ef88) [0x000071df5ed5f080, 0x000071df5ed5f380] 
[4,222s][debug][gc,nmethod     ] GC(1) O: Unregister NMethod: jdk.internal.foreign.layout.ValueLayouts$AbstractValueLayout.assertCarrierSize (0x000071df401d9288) [0x000071df401d9380, 0x000071df401d9490] 
[4,222s][debug][gc,nmethod     ] GC(1) O: Unregister NMethod: java.lang.ClassLoader.checkName (0x000071df3f47f488) [0x000071df3f47f580, 0x000071df3f4802c8] 
[4,222s][debug][gc,nmethod     ] GC(1) O: Unregister NMethod: jdk.internal.misc.Unsafe.getIntUnaligned (0x000071df3f578808) [0x000071df3f578900, 0x000071df3f578b48] 
[4,222s][debug][gc,nmethod     ] GC(1) O: Unregister NMethod: jdk.internal.foreign.SegmentFactories.fromArray (0x000071df401d9c08) [0x000071df401d9d00, 0x000071df401da800] 
[4,222s][debug][gc,nmethod     ] GC(1) O: Unregister NMethod: io.sirix.node.GrowingMemorySegment.toByteArray (0x000071df3fe7ba88) [0x000071df3fe7bb80, 0x000071df3fe82698] 
[4,222s][debug][gc,nmethod     ] GC(1) O: Unregister NMethod: java.lang.String.regionMatches (0x000071df5ec53e88) [0x000071df5ec53f80, 0x000071df5ec542c0] 
[4,222s][debug][gc,nmethod     ] GC(1) O: Unregister NMethod: io.sirix.access.trx.node.AbstractNodeReadOnlyTrx.getNodeKey (0x000071df3fadfa08) [0x000071df3fadfb00, 0x000071df3fae0150] 
[4,222s][debug][gc,nmethod     ] GC(1) O: Unregister NMethod: java.util.Arrays.fill (0x000071df3f533e08) [0x000071df3f533f00, 0x000071df3f534088] 
[4,222s][debug][gc,nmethod     ] GC(1) O: Unregister NMethod: java.lang.invoke.VarHandleSegmentAsLongs.get (0x000071df3f8f6c88) [0x000071df3f8f6d80, 0x000071df3f8fc220] 
[4,222s][debug][gc,nmethod     ] GC(1) O: Unregister NMethod: sun.reflect.generics.parser.SignatureParser.advance (0x000071df3f5abf08) [0x000071df3f5ac000, 0x000071df3f5ac618] 
[4,222s][debug][gc,nmethod     ] GC(1) O: Unregister NMethod: java.lang.invoke.VarHandleGuards.guard_LJJ_V (0x000071df3f941f88) [0x000071df3f942080, 0x000071df3f946c50] 
[4,222s][debug][gc,nmethod     ] GC(1) O: Unregister NMethod: net.openhft.hashing.UnsafeAccess.getLong (0x000071df3fbd6788) [0x000071df3fbd6880, 0x000071df3fbd6d20] 
[4,222s][debug][gc,nmethod     ] GC(1) O: Unregister NMethod: jdk.internal.foreign.layout.ValueLayouts$OfByteImpl.dup (0x000071df401dd208) [0x000071df401dd300, 0x000071df401dd418] 
[4,222s][debug][gc,nmethod     ] GC(1) O: Unregister NMethod: io.sirix.page.PageReference.hashCode (0x000071df3f45ea88) [0x000071df3f45eb80, 0x000071df3f45fc00] 
[4,222s][debug][gc,nmethod     ] GC(1) O: Unregister NMethod: io.sirix.node.MemorySegmentBytesIn.readShort (0x000071df3f465908) [0x000071df3f465a00, 0x000071df3f469638] 
[4,222s][debug][gc,nmethod     ] GC(1) O: Unregister NMethod: kotlin.jvm.internal.Intrinsics.checkNotNullParameter (0x000071df3f401788) [0x000071df3f401880, 0x000071df3f402068] 
[4,222s][debug][gc,nmethod     ] GC(1) O: Unregister NMethod: java.lang.String.trim (0x000071df3fe7a508) [0x000071df3fe7a600, 0x000071df3fe7aad8] 
[4,222s][debug][gc,nmethod     ] GC(1) O: Unregister NMethod: io.sirix.node.MemorySegmentBytesOut.<init> (0x000071df400fe708) [0x000071df400fe800, 0x000071df400fea88] 
[4,222s][debug][gc,nmethod     ] GC(1) O: Unregister NMethod: jdk.internal.misc.ScopedMemoryAccess.getByte (0x000071df3f4bf708) [0x000071df3f4bf800, 0x000071df3f4bfb18] 
[4,222s][debug][gc,nmethod     ] GC(1) O: Unregister NMethod: com.sun.org.apache.xerces.internal.impl.XMLEntityScanner.peekChar (0x000071df3ffe8788) [0x000071df3ffe8880, 0x000071df3ffe8d38] 
[4,222s][debug][gc,nmethod     ] GC(1) O: Unregister NMethod: java.util.BitSet.<init> (0x000071df3f8db088) [0x000071df3f8db180, 0x000071df3f8dc0c8] 
[4,222s][debug][gc,nmethod     ] GC(1) O: Unregister NMethod: java.lang.invoke.DirectMethodHandle$Holder.fieldAccess (0x000071df3f40e408) [0x000071df3f40e500, 0x000071df3f40e9f8] 
[4,222s][debug][gc,nmethod     ] GC(1) O: Unregister NMethod: java.util.HashMap.putVal (0x000071df3f479a88) [0x000071df3f479b80, 0x000071df3f47bf10] 
[4,222s][debug][gc,nmethod     ] GC(1) O: Unregister NMethod: io.sirix.page.delegates.BitmapReferencesPage.index (0x000071df5ed40488) [0x000071df5ed40580, 0x000071df5ed40b38] 
[4,222s][debug][gc,nmethod     ] GC(1) O: Unregister NMethod: java.lang.Record.<init> (0x000071df3f453108) [0x000071df3f453200, 0x000071df3f453358] 
[4,222s][debug][gc,nmethod     ] GC(1) O: Unregister NMethod: java.nio.DirectByteBuffer.<init> (0x000071df3ff27888) [0x000071df3ff27980, 0x000071df3ff27bf8] 
[4,222s][debug][gc,nmethod     ] GC(1) O: Unregister NMethod: net.jpountz.lz4.LZ4BlockInputStream.refill (0x000071df3f486008) [0x000071df3f486100, 0x000071df3f488120] 
[4,222s][debug][gc,nmethod     ] GC(1) O: Unregister NMethod: jdk.internal.foreign.AbstractMemorySegmentImpl.copy (0x000071df401db488) [0x000071df401db580, 0x000071df401dce40] 
[4,222s][debug][gc,nmethod     ] GC(1) O: Unregister NMethod: java.util.concurrent.ConcurrentHashMap.putIfAbsent (0x000071df3f417b88) [0x000071df3f417c80, 0x000071df3f417f80] 
[4,222s][debug][gc,nmethod     ] GC(1) O: Unregister NMethod: java.util.concurrent.ForkJoinPool.deactivate (0x000071df5eccff88) [0x000071df5ecd0080, 0x000071df5ecd1830] 
[4,222s][debug][gc,nmethod     ] GC(1) O: Unregister NMethod: java.lang.StringLatin1.inflate (0x000071df3f78cb08) [0x000071df3f78cc00, 0x000071df3f78cdf0] 
[4,222s][debug][gc,nmethod     ] GC(1) O: Unregister NMethod: java.lang.ThreadLocal.get (0x000071df3f53bf08) [0x000071df3f53c000, 0x000071df3f53c448] 
[4,222s][debug][gc,nmethod     ] GC(1) O: Unregister NMethod: io.sirix.utils.XMLToken.ncName (0x000071df3ff01488) [0x000071df3ff01580, 0x000071df3ff019d8] 
[4,222s][debug][gc,nmethod     ] Register NMethod: io.sirix.node.xml.ElementNode.<init> (0x000071df5ee8bd88) [0x000071df5ee8be80, 0x000071df5ee8c380] Compiler: jvmci, Barriers: 20, Oops: 1, ImmediateOops: 1, NonImmediateOops: No
[4,222s][debug][gc,nmethod     ] GC(1) O: Unregister NMethod: io.sirix.node.xml.ElementNode.getRightSiblingKey (0x000071df3fb80608) [0x000071df3fb80700, 0x000071df3fb856f0] 
[4,222s][debug][gc,nmethod     ] GC(1) O: Unregister NMethod: com.sun.org.apache.xerces.internal.impl.XMLNSDocumentScannerImpl.next (0x000071df3fe54308) [0x000071df3fe54400, 0x000071df3fe548e8] 
[4,222s][debug][gc,nmethod     ] GC(1) O: Unregister NMethod: com.sun.org.apache.xerces.internal.impl.io.UTF8Reader.read (0x000071df3ffd2d08) [0x000071df3ffd2e00, 0x000071df3ffd62d8] 
[4,222s][debug][gc,nmethod     ] GC(1) O: Unregister NMethod: jdk.internal.classfile.impl.StackMapGenerator$Frame.pushStack (0x000071df3f55e688) [0x000071df3f55e780, 0x000071df3f55ebe0] 
[4,222s][debug][gc,nmethod     ] GC(1) O: Unregister NMethod: io.sirix.access.trx.page.NodePageTrx$$Lambda/0x00000000ae23c270.<init> (0x000071df40083408) [0x000071df40083500, 0x000071df40083750] 
[4,222s][debug][gc,nmethod     ] GC(1) O: Unregister NMethod: io.sirix.access.trx.page.NodePageReadOnlyTrx.getRecord (0x000071df3fa5a908) [0x000071df3fa5aa00, 0x000071df3fa5c420] 
[4,222s][debug][gc,nmethod     ] GC(1) O: Unregister NMethod: java.io.UnixFileSystem.normalize (0x000071df3f51e308) [0x000071df3f51e400, 0x000071df3f51f9f8] 
[4,222s][debug][gc,nmethod     ] GC(1) O: Unregister NMethod: com.sun.org.apache.xerces.internal.impl.XMLEntityScanner.skipSpaces (0x000071df400a2b08) [0x000071df400a2c00, 0x000071df400a3e90] 
[4,222s][debug][gc,nmethod     ] GC(1) O: Unregister NMethod: java.util.concurrent.ForkJoinPool.deactivate (0x000071df3fca3088) [0x000071df3fca3180, 0x000071df3fca3c28] 
[4,222s][debug][gc,nmethod     ] GC(1) O: Unregister NMethod: io.sirix.node.xml.ElementNode.getLocalNameKey (0x000071df3ff2d088) [0x000071df3ff2d180, 0x000071df3ff32170] 
[4,222s][debug][gc,nmethod     ] GC(1) O: Unregister NMethod: java.lang.AbstractStringBuilder.setLength (0x000071df3feb8588) [0x000071df3feb8680, 0x000071df3feb8a28] 
[4,222s][debug][gc,nmethod     ] GC(1) O: Unregister NMethod: com.sun.org.apache.xerces.internal.xni.XMLString.toString (0x000071df3feb9a88) [0x000071df3feb9b80, 0x000071df3feb9dc8] 
[4,222s][debug][gc,nmethod     ] GC(1) O: Unregister NMethod: io.sirix.index.name.Names.setName (0x000071df3fec3908) [0x000071df3fec3a00, 0x000071df3fec5ca8] 
[4,222s][debug][gc,nmethod     ] GC(1) O: Unregister NMethod: com.github.benmanes.caffeine.cache.Node.setWeight (0x000071df3fc13008) [0x000071df3fc13100, 0x000071df3fc13200] 
[4,222s][debug][gc,nmethod     ] GC(1) O: Unregister NMethod: io.sirix.access.trx.page.NodePageTrx$IndexLogKeyToPageContainer.<init> (0x000071df3ffc7a08) [0x000071df3ffc7b00, 0x000071df3ffc7db0] 
[4,222s][debug][gc,nmethod     ] GC(1) O: Unregister NMethod: io.sirix.page.KeyValueLeafPage.setRecord (0x000071df3fc15008) [0x000071df3fc15100, 0x000071df3fc15738] 
[4,222s][debug][gc,nmethod     ] GC(1) O: Unregister NMethod: io.sirix.node.AbstractForwardingNode.getParentKey (0x000071df3fe7a088) [0x000071df3fe7a180, 0x000071df3fe7a4b0] 
[4,222s][debug][gc,nmethod     ] GC(1) O: Unregister NMethod: io.sirix.page.PageKind$1.serializePage (0x000071df3fd77408) [0x000071df3fd77500, 0x000071df3fd85260] 
[4,222s][debug][gc,nmethod     ] GC(1) O: Unregister NMethod: java.nio.ByteBuffer.limit (0x000071df3f81b208) [0x000071df3f81b300, 0x000071df3f81b448] 
[4,222s][debug][gc,nmethod     ] GC(1) O: Unregister NMethod: io.sirix.access.trx.node.xml.XmlNodeTrxImpl.adaptForInsert (0x000071df3fec9008) [0x000071df3fec9100, 0x000071df3fecbec8] 
[4,222s][debug][gc,nmethod     ] GC(1) O: Unregister NMethod: io.sirix.access.trx.node.xml.XmlNodeReadOnlyTrxImpl.isDocumentRoot (0x000071df3ffb9608) [0x000071df3ffb9700, 0x000071df3ffba198] 
[4,222s][debug][gc,nmethod     ] GC(1) O: Unregister NMethod: java.nio.Buffer.<init> (0x000071df3f832d08) [0x000071df3f832e00, 0x000071df3f8347f8] 
[4,222s][debug][gc,nmethod     ] GC(1) O: Unregister NMethod: org.magicwerk.brownies.collections.IList$Iter.next (0x000071df3f5e2488) [0x000071df3f5e2580, 0x000071df3f5e2d78] 
[4,222s][debug][gc,nmethod     ] GC(1) O: Unregister NMethod: io.sirix.access.trx.node.AbstractNodeHashing.adaptHashesWithAdd (0x000071df3feab588) [0x000071df3feab680, 0x000071df3feabb58] 
[4,222s][debug][gc,nmethod     ] GC(1) O: Unregister NMethod: jdk.internal.misc.Unsafe.checkOffset (0x000071df3f889e88) [0x000071df3f889f80, 0x000071df3f88a1e0] 
[4,222s][debug][gc,nmethod     ] GC(1) O: Unregister NMethod: io.sirix.node.immutable.xml.ImmutableElement.getKind (0x000071df3ff14908) [0x000071df3ff14a00, 0x000071df3ff14d58] 
[4,222s][debug][gc,nmethod     ] GC(1) O: Unregister NMethod: com.sun.org.apache.xerces.internal.impl.XMLEntityScanner.scanContent (0x000071df4005de08) [0x000071df4005df00, 0x000071df4005ee78] 
[4,222s][debug][gc,nmethod     ] GC(1) O: Unregister NMethod: java.lang.invoke.VarHandleGuards.guard_LJ_I (0x000071df3f8dc108) [0x000071df3f8dc200, 0x000071df3f8df0c0] 
[4,222s][debug][gc,nmethod     ] GC(1) O: Unregister NMethod: java.lang.AbstractStringBuilder.ensureCapacitySameCoder (0x000071df3f767d08) [0x000071df3f767e00, 0x000071df3f767fa8] 
[4,222s][debug][gc,nmethod     ] GC(1) O: Unregister NMethod: com.sun.org.apache.xerces.internal.util.NamespaceSupport.<init> (0x000071df3ff74f08) [0x000071df3ff75000, 0x000071df3ff75ca0] 
[4,222s][debug][gc,nmethod     ] GC(1) O: Unregister NMethod: org.magicwerk.brownies.collections.GapList.doAdd (0x000071df3f41e908) [0x000071df3f41ea00, 0x000071df3f4209c0] 
[4,222s][debug][gc,nmethod     ] GC(1) O: Unregister NMethod: java.util.zip.Inflater.ensureOpen (0x000071df3f4c3588) [0x000071df3f4c3680, 0x000071df3f4c3908] 
[4,222s][debug][gc,nmethod     ] GC(1) O: Unregister NMethod: java.nio.ByteBuffer.<init> (0x000071df3f8cdc88) [0x000071df3f8cdd80, 0x000071df3f8cdfc8] 
[4,222s][debug][gc,nmethod     ] GC(1) O: Unregister NMethod: io.sirix.axis.AbstractAxis.hasNext (0x000071df3fab2308) [0x000071df3fab2400, 0x000071df3fab2eb0] 
[4,222s][debug][gc,nmethod     ] GC(1) O: Unregister NMethod: io.sirix.node.MemorySegmentBytesOut.writePosition (0x000071df3fd28d08) [0x000071df3fd28e00, 0x000071df3fd28fd8] 
[4,223s][debug][gc,nmethod     ] GC(1) O: Unregister NMethod: java.util.ArrayList$Itr.hasNext (0x000071df3f56e708) [0x000071df3f56e800, 0x000071df3f56e990] 
[4,223s][debug][gc,nmethod     ] GC(1) O: Unregister NMethod: sun.nio.ch.IOUtil.acquireScope (0x000071df3f5da888) [0x000071df3f5da980, 0x000071df3f5dbe60] 
[4,222s][debug][gc,nmethod     ] GC(1) O: Unregister NMethod: sun.net.util.IPAddressUtil.checkHostString (0x000071df3f4d6288) [0x000071df3f4d6380, 0x000071df3f4d6580] 
[4,223s][debug][gc,nmethod     ] GC(1) O: Unregister NMethod: java.util.HashMap$HashIterator.nextNode (0x000071df3f430288) [0x000071df3f430380, 0x000071df3f430998] 
[4,223s][debug][gc,nmethod     ] GC(1) O: Unregister NMethod: java.lang.invoke.VarHandleSegmentAsLongs.set (0x000071df3f93c888) [0x000071df3f93c980, 0x000071df3f941f50] 
[4,223s][debug][gc,nmethod     ] GC(1) O: Unregister NMethod: jdk.internal.misc.ScopedMemoryAccess.getLongUnaligned (0x000071df3f8eee08) [0x000071df3f8eef00, 0x000071df3f8efd68] 
[4,223s][debug][gc,nmethod     ] GC(1) O: Unregister NMethod: jdk.internal.foreign.SegmentFactories.initNativeMemory (0x000071df3f86f788) [0x000071df3f86f880, 0x000071df3f86fa20] 
[4,223s][debug][gc,nmethod     ] GC(1) O: Unregister NMethod: jdk.internal.foreign.AbstractMemorySegmentImpl.toArray (0x000071df401dea08) [0x000071df401deb00, 0x000071df401e06c0] 
[4,223s][debug][gc,nmethod     ] GC(1) O: Unregister NMethod: io.sirix.node.xml.TextNode.getKind (0x000071df3fd64088) [0x000071df3fd64180, 0x000071df3fd64288] 
[4,223s][debug][gc,nmethod     ] GC(1) O: Unregister NMethod: io.sirix.service.xml.shredder.XmlShredder.insertNewContent (0x000071df4008f208) [0x000071df4008f300, 0x000071df40096b80] 
[4,223s][debug][gc,nmethod     ] GC(1) O: Unregister NMethod: io.sirix.node.xml.ElementNode.computeHash (0x000071df3ff89688) [0x000071df3ff89780, 0x000071df3ffb8dc8] 
[4,223s][debug][gc,nmethod     ] GC(1) O: Unregister NMethod: java.lang.foreign.MemorySegment.copy (0x000071df3f9a2588) [0x000071df3f9a2680, 0x000071df3f9ab668] 
[4,223s][debug][gc,nmethod     ] GC(1) O: Unregister NMethod: io.sirix.page.KeyValueLeafPage.updateLastSlotIndex (0x000071df3fbd5a88) [0x000071df3fbd5b80, 0x000071df3fbd5f00] 
[4,223s][debug][gc,nmethod     ] GC(1) O: Unregister NMethod: io.sirix.node.GrowingMemorySegment.write (0x000071df3fa40c88) [0x000071df3fa40d80, 0x000071df3fa46930] 
[4,223s][debug][gc,nmethod     ] GC(1) O: Unregister NMethod: jdk.internal.foreign.Utils$BaseAndScale.of (0x000071df3f90f088) [0x000071df3f90f180, 0x000071df3f910798] 
[4,223s][debug][gc,nmethod     ] GC(1) O: Unregister NMethod: io.sirix.node.json.JsonNodeSerializer.writeSizePrefix (0x000071df40112208) [0x000071df40112300, 0x000071df40112928] 
[4,223s][debug][gc,nmethod     ] GC(1) O: Unregister NMethod: io.sirix.access.trx.page.NodePageTrx.prepareRecordForModification (0x000071df3fe1be08) [0x000071df3fe1bf00, 0x000071df3fe1dd88] 
[4,223s][debug][gc,nmethod     ] GC(1) O: Unregister NMethod: io.sirix.access.trx.node.AbstractDeweyIDManager.newRightSiblingID (0x000071df3ff57b88) [0x000071df3ff57c80, 0x000071df3ff5ac20] 
[4,223s][debug][gc,nmethod     ] GC(1) O: Unregister NMethod: jdk.xml.internal.XMLSecurityManager.isOverLimit (0x000071df3fe51b08) [0x000071df3fe51c00, 0x000071df3fe531e0] 
[4,223s][debug][gc,nmethod     ] GC(1) O: Unregister NMethod: io.sirix.utils.XMLToken.isValidQName (0x000071df3ff06e08) [0x000071df3ff06f00, 0x000071df3ff08450] 
[4,223s][debug][gc,nmethod     ] GC(1) O: Unregister NMethod: io.sirix.access.trx.page.NodePageTrx.getRecord (0x000071df3fd5f408) [0x000071df3fd5f500, 0x000071df3fd614a0] 
[4,223s][debug][gc,nmethod     ] GC(1) O: Unregister NMethod: io.sirix.index.path.summary.PathSummaryReader.putMapping (0x000071df3fec2a88) [0x000071df3fec2b80, 0x000071df3fec35b8] 
[4,223s][debug][gc,nmethod     ] GC(1) O: Unregister NMethod: jdk.internal.foreign.AbstractMemorySegmentImpl.isAlignedForElement (0x000071df3f893088) [0x000071df3f893180, 0x000071df3f893b40] 
[4,223s][debug][gc,nmethod     ] GC(1) O: Unregister NMethod: io.sirix.service.xml.shredder.AbstractShredder.processStartTag (0x000071df3ff5ac88) [0x000071df3ff5ad80, 0x000071df3ff60a88] 
[4,223s][debug][gc,nmethod     ] GC(1) O: Unregister NMethod: sun.nio.ch.NativeThreadSet.remove (0x000071df3f57cc88) [0x000071df3f57cd80, 0x000071df3f57d428] 
[4,223s][debug][gc,nmethod     ] GC(1) O: Unregister NMethod: com.github.benmanes.caffeine.cache.StripedBuffer.mix64 (0x000071df3fc13c08) [0x000071df3fc13d00, 0x000071df3fc13e30] 
[4,223s][debug][gc,nmethod     ] GC(1) O: Unregister NMethod: net.openhft.hashing.XXH3.XXH3_mix2Accs (0x000071df3ffd6308) [0x000071df3ffd6400, 0x000071df3ffd7500] 
[4,223s][debug][gc,nmethod     ] GC(1) O: Unregister NMethod: io.sirix.page.KeyValueLeafPage.releaseGuard (0x000071df3fadf588) [0x000071df3fadf680, 0x000071df3fadf9c8] 
[4,223s][debug][gc,nmethod     ] GC(1) O: Unregister NMethod: io.sirix.node.MemorySegmentBytesIn.readByte (0x000071df3f95fe88) [0x000071df3f95ff80, 0x000071df3f9639a0] 
[4,223s][debug][gc,nmethod     ] GC(1) O: Unregister NMethod: java.nio.Buffer.session (0x000071df5ec99e88) [0x000071df5ec99f80, 0x000071df5ec9a068] 
[4,223s][debug][gc,nmethod     ] GC(1) O: Unregister NMethod: io.sirix.access.trx.node.xml.XmlNodeTrxImpl.insertAttribute (0x000071df5ede0588) [0x000071df5ede0800, 0x000071df5ede3638] 
[4,223s][debug][gc,nmethod     ] GC(1) O: Unregister NMethod: java.util.concurrent.ForkJoinPool.slotOffset (0x000071df3f8d2108) [0x000071df3f8d2200, 0x000071df3f8d22f8] 
[4,223s][debug][gc,nmethod     ] GC(1) O: Unregister NMethod: io.sirix.node.xml.ElementNode.getKind (0x000071df3fbd7c08) [0x000071df3fbd7d00, 0x000071df3fbd7e08] 
[4,223s][debug][gc,nmethod     ] GC(1) O: Unregister NMethod: com.sun.xml.internal.stream.XMLEventReaderImpl.nextEvent (0x000071df3fe58808) [0x000071df3fe58900, 0x000071df3fe59188] 
[4,223s][debug][gc,nmethod     ] GC(1) O: Unregister NMethod: jdk.internal.misc.Unsafe.getLongUnaligned (0x000071df3f8edf88) [0x000071df3f8ee080, 0x000071df3f8ee260] 
[4,223s][debug][gc,nmethod     ] GC(1) O: Unregister NMethod: io.sirix.service.xml.shredder.XmlShredder.addNewElement (0x000071df3ff53408) [0x000071df3ff53500, 0x000071df3ff56898] 
[4,223s][debug][gc,nmethod     ] GC(1) O: Unregister NMethod: java.util.HashMap.resize (0x000071df3f609608) [0x000071df3f609720, 0x000071df3f60b400] 
[4,223s][debug][gc,nmethod     ] GC(1) O: Unregister NMethod: io.sirix.node.MemorySegmentBytesIn.readLong (0x000071df3f6ce388) [0x000071df3f6ce480, 0x000071df3f6d2090] 
[4,223s][debug][gc,nmethod     ] GC(1) O: Unregister NMethod: io.sirix.node.xml.AttributeNode.getKind (0x000071df3fe88c88) [0x000071df3fe88d80, 0x000071df3fe88e88] 
[4,223s][debug][gc,nmethod     ] GC(1) O: Unregister NMethod: io.sirix.node.GrowingMemorySegment.writeInt (0x000071df3f924688) [0x000071df3f924780, 0x000071df3f9285b0] 
[4,223s][debug][gc,nmethod     ] GC(1) O: Unregister NMethod: java.util.BitSet.expandTo (0x000071df3f529388) [0x000071df3f529480, 0x000071df3f529608] 
[4,223s][debug][gc,nmethod     ] GC(1) O: Unregister NMethod: it.unimi.dsi.fastutil.ints.Int2ObjectOpenHashMap.get (0x000071df3fe53508) [0x000071df3fe53600, 0x000071df3fe53c70] 
[4,223s][debug][gc,nmethod     ] GC(1) O: Unregister NMethod: java.util.HashMap.put (0x000071df3f6e5b08) [0x000071df3f6e5c00, 0x000071df3f6e61e8] 
[4,223s][debug][gc,nmethod     ] GC(1) O: Unregister NMethod: io.sirix.node.GrowingMemorySegment.grow (0x000071df40124008) [0x000071df40124100, 0x000071df40134f48] 
[4,223s][debug][gc,nmethod     ] GC(1) O: Unregister NMethod: java.util.Arrays$ArrayItr.hasNext (0x000071df3f550988) [0x000071df3f550a80, 0x000071df3f550c10] 
[4,223s][debug][gc,nmethod     ] GC(1) O: Unregister NMethod: java.util.concurrent.ForkJoinPool.deactivate (0x000071df3f419a88) [0x000071df3f419b80, 0x000071df3f41a628] 
[4,223s][debug][gc,nmethod     ] GC(1) O: Unregister NMethod: java.lang.String.<init> (0x000071df3f7fa308) [0x000071df3f7fa400, 0x000071df3f7fa740] 
[4,223s][debug][gc,nmethod     ] GC(1) O: Unregister NMethod: jdk.internal.foreign.ArenaImpl.<init> (0x000071df3fc35488) [0x000071df3fc35580, 0x000071df3fc35960] 
[4,223s][debug][gc,nmethod     ] GC(1) O: Unregister NMethod: java.util.Arrays.fill (0x000071df3f5c4e88) [0x000071df3f5c4f80, 0x000071df3f5c53a8] 
[4,223s][debug][gc,nmethod     ] GC(1) O: Unregister NMethod: com.sun.xml.internal.stream.events.XMLEventAllocatorImpl.fillAttributes (0x000071df400a3f08) [0x000071df400a4000, 0x000071df400a4af8] 
[4,223s][debug][gc,nmethod     ] GC(1) O: Unregister NMethod: io.sirix.service.xml.shredder.AbstractShredder.processEndTag (0x000071df3ff56908) [0x000071df3ff56a00, 0x000071df3ff57b48] 
[4,223s][debug][gc,nmethod     ] GC(1) O: Unregister NMethod: java.lang.Integer.numberOfLeadingZeros (0x000071df3f4e6d88) [0x000071df3f4e6e80, 0x000071df3f4e7100] 
[4,223s][debug][gc,nmethod     ] GC(1) O: Unregister NMethod: java.lang.Object.<init> (0x000071df5ebe6808) [0x000071df5ebe6900, 0x000071df5ebe6980] 
[4,223s][debug][gc,nmethod     ] GC(1) O: Unregister NMethod: io.sirix.node.GrowingMemorySegment.writeLong (0x000071df3f94b308) [0x000071df3f94b400, 0x000071df3f94f240] 
[4,223s][debug][gc,nmethod     ] GC(1) O: Unregister NMethod: java.util.concurrent.ForkJoinPool.deactivate (0x000071df5ecc8f88) [0x000071df5ecc9080, 0x000071df5ecc9b48] 
[4,223s][debug][gc,nmethod     ] GC(1) O: Unregister NMethod: io.sirix.node.xml.TextNode.hasLeftSibling (0x000071df3fefa188) [0x000071df3fefa280, 0x000071df3feff6b8] 
[4,223s][debug][gc,nmethod     ] GC(1) O: Unregister NMethod: jdk.internal.misc.Unsafe.putLongUnaligned (0x000071df3f850108) [0x000071df3f850200, 0x000071df3f850638] 
[4,223s][debug][gc,nmethod     ] GC(1) O: Unregister NMethod: java.lang.Class.getName (0x000071df3f452b08) [0x000071df3f452c00, 0x000071df3f452db0] 
[4,223s][debug][gc,nmethod     ] GC(1) O: Unregister NMethod: java.util.concurrent.atomic.AtomicInteger.decrementAndGet (0x000071df3fa3b288) [0x000071df3fa3b380, 0x000071df3fa3b490] 
[4,223s][debug][gc,nmethod     ] GC(1) O: Unregister NMethod: jdk.internal.foreign.HeapMemorySegmentImpl$OfByte.<init> (0x000071df401e2d08) [0x000071df401e2e00, 0x000071df401e3000] 
[4,223s][debug][gc,nmethod     ] GC(1) O: Unregister NMethod: java.util.BitSet.get (0x000071df3f69b288) [0x000071df3f69b380, 0x000071df3f69c228] 
[4,223s][debug][gc,nmethod     ] GC(1) O: Unregister NMethod: io.sirix.access.trx.node.xml.XmlDeweyIDManager.newAttributeID (0x000071df4000ed08) [0x000071df4000ee00, 0x000071df40012ff0] 
[4,223s][debug][gc,nmethod     ] GC(1) O: Unregister NMethod: com.google.common.collect.testing.Helpers$1$1.hasNext (0x000071df3f4cf788) [0x000071df3f4cf880, 0x000071df3f4cfbc8] 
[4,223s][debug][gc,nmethod     ] GC(1) O: Unregister NMethod: java.lang.String.<init> (0x000071df3f768008) [0x000071df3f768100, 0x000071df3f768cc0] 
[4,223s][debug][gc,nmethod     ] GC(1) O: Unregister NMethod: io.sirix.node.xml.ElementNode.incrementChildCount (0x000071df3fecbf08) [0x000071df3fecc000, 0x000071df3fecc730] 
[4,223s][debug][gc,nmethod     ] GC(1) O: Unregister NMethod: io.sirix.utils.XMLToken.isNCStartChar (0x000071df5ed47088) [0x000071df5ed47180, 0x000071df5ed47260] 
[4,223s][debug][gc,nmethod     ] GC(1) O: Unregister NMethod: io.sirix.node.xml.ElementNode.getLeftSiblingKey (0x000071df3fc66908) [0x000071df3fc66a00, 0x000071df3fc6b9f0] 
[4,223s][debug][gc,nmethod     ] GC(1) O: Unregister NMethod: org.magicwerk.brownies.collections.GapList.doEnsureCapacity (0x000071df3f41c208) [0x000071df3f41c300, 0x000071df3f41cba8] 
[4,223s][debug][gc,nmethod     ] GC(1) O: Unregister NMethod: java.util.concurrent.atomic.AtomicReferenceArray.compareAndSet (0x000071df3fc5a508) [0x000071df3fc5a600, 0x000071df3fc5cb78] 
[4,223s][debug][gc,nmethod     ] GC(1) O: Unregister NMethod: com.sun.org.apache.xerces.internal.impl.XMLEntityScanner.peekChar (0x000071df3fe4a988) [0x000071df3fe4aa80, 0x000071df3fe4af38] 
[4,223s][debug][gc,nmethod     ] GC(1) O: Unregister NMethod: com.sun.xml.internal.stream.events.XMLEventAllocatorImpl.fillAttributes (0x000071df3ff02808) [0x000071df3ff02900, 0x000071df3ff03408] 
[4,223s][debug][gc,nmethod     ] GC(1) O: Unregister NMethod: io.sirix.access.trx.node.AbstractIndexController.notifyChange (0x000071df3feb7588) [0x000071df3feb7680, 0x000071df3feb8538] 
[4,223s][debug][gc,nmethod     ] GC(1) O: Unregister NMethod: com.sun.org.apache.xerces.internal.impl.XMLDocumentFragmentScannerImpl$FragmentContentDriver.next (0x000071df5ed88c08) [0x000071df5ed88d00, 0x000071df5ed8a9b8] 
[4,223s][debug][gc,nmethod     ] GC(1) O: Unregister NMethod: io.sirix.node.xml.AbstractStructForwardingNode.hasRightSibling (0x000071df3fe4a288) [0x000071df3fe4a380, 0x000071df3fe4a948] 
[4,223s][debug][gc,nmethod     ] GC(1) O: Unregister NMethod: java.util.concurrent.atomic.AtomicInteger.incrementAndGet (0x000071df3f41d908) [0x000071df3f41da00, 0x000071df3f41db10] 
[4,223s][debug][gc,nmethod     ] GC(1) O: Unregister NMethod: com.sun.org.apache.xerces.internal.util.XMLStringBuffer.clear (0x000071df4006e788) [0x000071df4006e880, 0x000071df4006e990] 
[4,223s][debug][gc,nmethod     ] GC(1) O: Unregister NMethod: jdk.internal.foreign.AbstractMemorySegmentImpl.isAlignedForElement (0x000071df3f87ab88) [0x000071df3f87ac80, 0x000071df3f87b2c8] 
[4,223s][debug][gc,nmethod     ] GC(1) O: Unregister NMethod: java.io.BufferedInputStream.getBufIfOpen (0x000071df3f60f208) [0x000071df3f60f300, 0x000071df3f60f718] 
[4,223s][debug][gc,nmethod     ] GC(1) O: Unregister NMethod: java.lang.StrictMath.ceil (0x000071df3f5f6b88) [0x000071df3f5f6ca0, 0x000071df3f5f6dc8] 
[4,223s][debug][gc,nmethod     ] GC(1) O: Unregister NMethod: java.nio.MappedByteBuffer.position (0x000071df3f430a08) [0x000071df3f430b00, 0x000071df3f430ec0] 
[4,224s][debug][gc,nmethod     ] GC(1) O: Unregister NMethod: java.lang.StringBuilder.append (0x000071df3f48e688) [0x000071df3f48e780, 0x000071df3f48e8c8] 
[4,224s][debug][gc,nmethod     ] GC(1) O: Unregister NMethod: java.util.HashMap.computeIfAbsent (0x000071df400bf808) [0x000071df400bf900, 0x000071df400c2108] 
[4,224s][debug][gc,nmethod     ] GC(1) O: Unregister NMethod: com.github.benmanes.caffeine.cache.stats.DisabledStatsCounter.recordHits (0x000071df3fbf5088) [0x000071df3fbf5180, 0x000071df3fbf5280] 
[4,224s][debug][gc,nmethod     ] GC(1) O: Unregister NMethod: io.sirix.page.KeyValueLeafPage.updateFreeSpaceStart (0x000071df3fbd8208) [0x000071df3fbd8300, 0x000071df3fbd8888] 
[4,224s][debug][gc,nmethod     ] GC(1) O: Unregister NMethod: jdk.internal.misc.Unsafe.checkSize (0x000071df3f83ed88) [0x000071df3f83ee80, 0x000071df3f83f0e0] 
[4,224s][debug][gc,nmethod     ] GC(1) O: Unregister NMethod: sun.nio.fs.NativeBuffers.getNativeBufferFromCache (0x000071df3f46c688) [0x000071df3f46c780, 0x000071df3f46d388] 
[4,224s][debug][gc,nmethod     ] GC(1) O: Unregister NMethod: java.lang.Class.reflectionData (0x000071df3f5a6488) [0x000071df3f5a6580, 0x000071df3f5a6bd8] 
[4,224s][debug][gc,nmethod     ] GC(1) O: Unregister NMethod: io.sirix.node.MemorySegmentBytesOut.writeInt (0x000071df3f910808) [0x000071df3f910900, 0x000071df3f910a98] 
[4,224s][debug][gc,nmethod     ] GC(1) O: Unregister NMethod: io.sirix.access.trx.node.xml.XmlNodeTrxImpl.insertElementAsFirstChild (0x000071df3ffda908) [0x000071df3ffdaa00, 0x000071df3ffdf530] 
[4,224s][debug][gc,nmethod     ] GC(1) O: Unregister NMethod: io.sirix.page.delegates.BitmapReferencesPage.index (0x000071df3f400988) [0x000071df3f400a80, 0x000071df3f401008] 
[4,224s][debug][gc,nmethod     ] GC(1) O: Unregister NMethod: it.unimi.dsi.fastutil.ints.Int2IntOpenHashMap.get (0x000071df3fd90908) [0x000071df3fd90a00, 0x000071df3fd90f60] 
[4,224s][debug][gc,nmethod     ] GC(1) O: Unregister NMethod: com.sun.org.apache.xerces.internal.impl.XMLEntityScanner.scanLiteral (0x000071df5edaa508) [0x000071df5edaa600, 0x000071df5edab428] 
[4,224s][debug][gc,nmethod     ] GC(1) O: Unregister NMethod: jdk.internal.loader.URLClassPath.getResource (0x000071df5ec5fb88) [0x000071df5ec5fc80, 0x000071df5ec641a0] 
[4,224s][debug][gc,nmethod     ] Register NMethod: io.sirix.node.xml.TextNode.<init> (0x000071df5ee8c408) [0x000071df5ee8c520, 0x000071df5ee8c8f8] Compiler: jvmci, Barriers: 15, Oops: 1, ImmediateOops: 0, NonImmediateOops: No
[4,224s][debug][gc,nmethod     ] GC(1) O: Unregister NMethod: com.sun.xml.internal.stream.XMLEventReaderImpl.peek (0x000071df3fed4f08) [0x000071df3fed5000, 0x000071df3fed5798] 
[4,224s][debug][gc,nmethod     ] GC(1) O: Unregister NMethod: jdk.internal.foreign.AbstractMemorySegmentImpl.checkArraySize (0x000071df3fe37088) [0x000071df3fe37180, 0x000071df3fe39f40] 
[4,224s][debug][gc,nmethod     ] GC(1) O: Unregister NMethod: io.sirix.access.trx.page.NodePageReadOnlyTrx.getNamePage (0x000071df3fa56108) [0x000071df3fa56200, 0x000071df3fa571d8] 
[4,224s][debug][gc,nmethod     ] GC(1) O: Unregister NMethod: jdk.internal.misc.ScopedMemoryAccess.getScopedMemoryAccess (0x000071df3f8e5e88) [0x000071df3f8e5f80, 0x000071df3f8e6068] 
[4,224s][debug][gc,nmethod     ] GC(1) O: Unregister NMethod: com.sun.xml.internal.stream.events.XMLEventAllocatorImpl.getQName (0x000071df3fecc788) [0x000071df3fecc880, 0x000071df3fecd100] 
[4,224s][debug][gc,nmethod     ] GC(1) O: Unregister NMethod: io.sirix.node.GrowingMemorySegment.getUsedSegment (0x000071df3f485708) [0x000071df3f485800, 0x000071df3f485e10] 
[4,224s][debug][gc,nmethod     ] GC(1) O: Unregister NMethod: java.util.concurrent.atomic.AtomicLong.incrementAndGet (0x000071df3f959e08) [0x000071df3f959f00, 0x000071df3f95a018] 
[4,224s][debug][gc,nmethod     ] GC(1) O: Unregister NMethod: com.sun.xml.internal.stream.events.XMLEventAllocatorImpl.getXMLEvent (0x000071df3fe70f08) [0x000071df3fe71000, 0x000071df3fe79160] 
[4,224s][debug][gc,nmethod     ] GC(1) O: Unregister NMethod: jdk.internal.foreign.AbstractMemorySegmentImpl.checkEnclosingLayout (0x000071df3f880488) [0x000071df3f880580, 0x000071df3f883528] 
[4,224s][debug][gc,nmethod     ] GC(1) O: Unregister NMethod: jdk.internal.foreign.MemorySessionImpl$ResourceList.cleanupSingle (0x000071df401d8408) [0x000071df401d8500, 0x000071df401d8aa8] 
[4,224s][debug][gc,nmethod     ] GC(1) O: Unregister NMethod: io.sirix.page.KeyValueLeafPage.getDeweyId (0x000071df3f8df108) [0x000071df3f8df200, 0x000071df3f8e49c8] 
[4,224s][debug][gc,nmethod     ] GC(1) O: Unregister NMethod: io.sirix.cache.IndexLogKey.<init> (0x000071df3f4c4388) [0x000071df3f4c4480, 0x000071df3f4c4660] 
[4,224s][debug][gc,nmethod     ] GC(1) O: Unregister NMethod: java.lang.Enum.hashCode (0x000071df3f629a88) [0x000071df3f629b80, 0x000071df3f629cf8] 
[4,224s][debug][gc,nmethod     ] GC(1) O: Unregister NMethod: net.openhft.hashing.XXH3.access$500 (0x000071df3feb4488) [0x000071df3feb4580, 0x000071df3feb4690] 
[4,224s][debug][gc,nmethod     ] GC(1) O: Unregister NMethod: io.sirix.access.trx.page.NodePageTrx.getActualRevisionRootPage (0x000071df3fe6cd88) [0x000071df3fe6ce80, 0x000071df3fe6d328] 
[4,224s][debug][gc,nmethod     ] GC(1) O: Unregister NMethod: java.util.HashSet.add (0x000071df3f433088) [0x000071df3f433180, 0x000071df3f433510] 
[4,224s][debug][gc,nmethod     ] GC(1) O: Unregister NMethod: java.util.HashMap.computeIfAbsent (0x000071df5ed5fb08) [0x000071df5ed5fc20, 0x000071df5ed61e70] 
[4,224s][debug][gc,nmethod     ] GC(1) O: Unregister NMethod: jdk.internal.misc.Unsafe.weakCompareAndSetLong (0x000071df3f8d3308) [0x000071df3f8d3400, 0x000071df3f8d3520] 
[4,224s][debug][gc,nmethod     ] GC(1) O: Unregister NMethod: jdk.internal.misc.Unsafe.checkNativeAddress (0x000071df3f88ca08) [0x000071df3f88cb00, 0x000071df3f88cc10] 
[4,224s][debug][gc,nmethod     ] GC(1) O: Unregister NMethod: jdk.internal.foreign.layout.ValueLayouts$OfByteImpl.withOrder (0x000071df401e3e08) [0x000071df401e3f00, 0x000071df401e4060] 
[4,224s][debug][gc,nmethod     ] GC(1) O: Unregister NMethod: java.lang.Thread.blockedOn (0x000071df3f427b08) [0x000071df3f427c00, 0x000071df3f427f38] 
[4,224s][debug][gc,nmethod     ] GC(1) O: Unregister NMethod: io.sirix.page.KeyValueLeafPage.getAvailableSpace (0x000071df3f979a08) [0x000071df3f979b00, 0x000071df3f97f5c0] 
[4,224s][debug][gc,nmethod     ] GC(1) O: Unregister NMethod: java.util.LinkedHashMap.get (0x000071df3f4e0588) [0x000071df3f4e0680, 0x000071df3f4e0a98] 
[4,224s][debug][gc,nmethod     ] GC(1) O: Unregister NMethod: net.openhft.hashing.Maths.unsignedLongMulXorFold (0x000071df3fe1ef08) [0x000071df3fe1f000, 0x000071df3fe1f138] 
[4,224s][debug][gc,nmethod     ] GC(1) O: Unregister NMethod: kotlinx.coroutines.CoroutineDispatcher.get (0x000071df3fade988) [0x000071df3fadea80, 0x000071df3fadebb0] 
[4,224s][debug][gc,nmethod     ] GC(1) O: Unregister NMethod: java.util.Arrays.fill (0x000071df5ec9d208) [0x000071df5ec9d300, 0x000071df5ec9d528] 
[4,224s][debug][gc,nmethod     ] GC(1) O: Unregister NMethod: com.sun.org.apache.xerces.internal.impl.XMLEntityScanner.skipSpaces (0x000071df5eda1908) [0x000071df5eda1a00, 0x000071df5eda1f68] 
[4,224s][debug][gc,nmethod     ] GC(1) O: Unregister NMethod: kotlin.coroutines.intrinsics.IntrinsicsKt__IntrinsicsKt.getCOROUTINE_SUSPENDED (0x000071df3fc3b888) [0x000071df3fc3b980, 0x000071df3fc3ba68] 
[4,224s][debug][gc,nmethod     ] GC(1) O: Unregister NMethod: io.sirix.access.trx.node.xml.XmlNodeTrxImpl.insertElementAsRightSibling (0x000071df3ffc8b88) [0x000071df3ffc8c80, 0x000071df3ffcf980] 
[4,224s][debug][gc,nmethod     ] GC(1) O: Unregister NMethod: io.sirix.axis.AbstractAxis.reset (0x000071df3fbd6d88) [0x000071df3fbd6e80, 0x000071df3fbd7008] 
[4,224s][debug][gc,nmethod     ] GC(1) O: Unregister NMethod: java.lang.StringConcatHelper.newArray (0x000071df3f422f88) [0x000071df3f423080, 0x000071df3f423658] 
[4,224s][debug][gc,nmethod     ] GC(1) O: Unregister NMethod: io.sirix.axis.AbstractAxis.resetToLastKey (0x000071df3fb29d88) [0x000071df3fb29e80, 0x000071df3fb2a438] 
[4,224s][debug][gc,nmethod     ] GC(1) O: Unregister NMethod: java.nio.DirectByteBuffer.address (0x000071df3ff3e988) [0x000071df3ff3ea80, 0x000071df3ff403c0] 
[4,224s][debug][gc,nmethod     ] GC(1) O: Unregister NMethod: java.nio.MappedByteBuffer.<init> (0x000071df3fa3af88) [0x000071df3fa3b080, 0x000071df3fa3b250] 
[4,224s][debug][gc,nmethod     ] GC(1) O: Unregister NMethod: kotlinx.coroutines.channels.BufferedChannelKt.getCHANNEL_CLOSED (0x000071df3fcc9f88) [0x000071df3fcca080, 0x000071df3fcca168] 
[4,224s][debug][gc,nmethod     ] GC(1) O: Unregister NMethod: io.sirix.access.trx.page.NodePageTrx.createNameKey (0x000071df3febf388) [0x000071df3febf480, 0x000071df3fec0eb8] 
[4,224s][debug][gc,nmethod     ] GC(1) O: Unregister NMethod: com.google.common.collect.testing.Helpers.addAll (0x000071df3fd13108) [0x000071df3fd13200, 0x000071df3fd13bb8] 
[4,224s][debug][gc,nmethod     ] GC(1) O: Unregister NMethod: java.lang.invoke.LambdaForm$MH/0x00000000ae269800.guard (0x000071df3fa47488) [0x000071df3fa47580, 0x000071df3fa48820] 
[4,224s][debug][gc,nmethod     ] GC(1) O: Unregister NMethod: io.sirix.access.trx.node.xml.XmlNodeFactoryImpl.createTextNode (0x000071df3ff6d108) [0x000071df3ff6d200, 0x000071df3ff6f248] 
[4,224s][debug][gc,nmethod     ] GC(1) O: Unregister NMethod: jdk.internal.foreign.SegmentFactories.allocateNativeInternal (0x000071df3faaae88) [0x000071df3faaaf80, 0x000071df3faae3d8] 
[4,224s][debug][gc,nmethod     ] GC(1) O: Unregister NMethod: it.unimi.dsi.fastutil.ints.Int2IntOpenHashMap.put (0x000071df3f80c388) [0x000071df3f80c480, 0x000071df3f80c6e8] 
[4,224s][debug][gc,nmethod     ] GC(1) O: Unregister NMethod: net.openhft.hashing.LongHashFunction.unsafeHash (0x000071df3feb1688) [0x000071df3feb1780, 0x000071df3feb1a90] 
[4,224s][debug][gc,nmethod     ] GC(1) O: Unregister NMethod: java.util.HashMap.computeIfAbsent (0x000071df40059a88) [0x000071df40059b80, 0x000071df4005c388] 
[4,224s][debug][gc,nmethod     ] GC(1) O: Unregister NMethod: io.sirix.access.trx.node.AbstractNodeReadOnlyTrx.getKind (0x000071df3fe4f508) [0x000071df3fe4f600, 0x000071df3fe4fc50] 
[4,224s][debug][gc,nmethod     ] GC(1) O: Unregister NMethod: com.sun.org.apache.xerces.internal.impl.XMLEntityScanner.normalizeNewlines (0x000071df5edf9508) [0x000071df5edf9600, 0x000071df5edf99e8] 
[4,224s][debug][gc,nmethod     ] GC(1) O: Unregister NMethod: io.sirix.node.xml.ElementNode.getPathNodeKey (0x000071df3fe9a588) [0x000071df3fe9a680, 0x000071df3fe9f670] 
[4,224s][debug][gc,nmethod     ] GC(1) O: Unregister NMethod: jdk.internal.ref.CleanerImpl$CleanableList.insert (0x000071df4006a988) [0x000071df4006aa80, 0x000071df4006b500] 
[4,224s][debug][gc,nmethod     ] GC(1) O: Unregister NMethod: jdk.internal.foreign.NativeMemorySegmentImpl.makeByteBuffer (0x000071df3ff26f88) [0x000071df3ff27080, 0x000071df3ff271f0] 
[4,224s][debug][gc,nmethod     ] GC(1) O: Unregister NMethod: java.nio.Bits.tryReserveMemory (0x000071df3f41a808) [0x000071df3f41a900, 0x000071df3f41b2f0] 
[4,224s][debug][gc,nmethod     ] GC(1) O: Unregister NMethod: java.util.BitSet.wordIndex (0x000071df3f527c88) [0x000071df3f527d80, 0x000071df3f527e68] 
[4,224s][debug][gc,nmethod     ] Register NMethod: io.sirix.node.json.JsonNodeSerializer.readSizePrefix (0x000071df5ee8c908) [0x000071df5ee8ca00, 0x000071df5ee8ccc8] Compiler: jvmci, Barriers: 4, Oops: 1, ImmediateOops: 0, NonImmediateOops: No
[4,224s][debug][gc,nmethod     ] GC(1) O: Unregister NMethod: com.sun.org.apache.xerces.internal.util.NamespaceSupport$Prefixes.hasMoreElements (0x000071df3ff50908) [0x000071df3ff50a00, 0x000071df3ff50b50] 
[4,224s][debug][gc,nmethod     ] GC(1) O: Unregister NMethod: java.lang.invoke.MethodTypeForm.canonicalize (0x000071df3f44a788) [0x000071df3f44a880, 0x000071df3f44b4d8] 
[4,224s][debug][gc,nmethod     ] GC(1) O: Unregister NMethod: com.sun.org.apache.xerces.internal.impl.XMLDocumentFragmentScannerImpl.seekCloseOfStartTag (0x000071df5ed7e688) [0x000071df5ed7e780, 0x000071df5ed7ef68] 
[4,224s][debug][gc,nmethod     ] GC(1) O: Unregister NMethod: java.util.concurrent.atomic.AtomicLongFieldUpdater$CASUpdater.get (0x000071df3fad6488) [0x000071df3fad6580, 0x000071df3fad6988] 
[4,224s][debug][gc,nmethod     ] GC(1) O: Unregister NMethod: io.sirix.axis.AbstractAxis.tryToComputeNext (0x000071df3fb2a488) [0x000071df3fb2a580, 0x000071df3fb2acb0] 
[4,224s][debug][gc,nmethod     ] GC(1) O: Unregister NMethod: jdk.internal.util.ArraysSupport.hashCode (0x000071df3f70db88) [0x000071df3f70dc80, 0x000071df3f70e130] 
[4,224s][debug][gc,nmethod     ] GC(1) O: Unregister NMethod: com.sun.org.apache.xerces.internal.impl.XMLEntityScanner.scanContent (0x000071df400ba588) [0x000071df400ba680, 0x000071df400bb5f8] 
[4,224s][debug][gc,nmethod     ] GC(1) O: Unregister NMethod: java.lang.Long.hashCode (0x000071df3f51cd08) [0x000071df3f51ce00, 0x000071df3f51cef0] 
[4,224s][debug][gc,nmethod     ] GC(1) O: Unregister NMethod: jdk.internal.foreign.AbstractMemorySegmentImpl.checkBounds (0x000071df3f809808) [0x000071df3f809900, 0x000071df3f809b90] 
[4,224s][debug][gc,nmethod     ] GC(1) O: Unregister NMethod: io.sirix.axis.filter.PathNameFilter.<init> (0x000071df3ff0bb08) [0x000071df3ff0bc00, 0x000071df3ff0d858] 
[4,224s][debug][gc,nmethod     ] GC(1) O: Unregister NMethod: com.github.benmanes.caffeine.cache.FrequencySketch.incrementAt (0x000071df3fa55988) [0x000071df3fa55a80, 0x000071df3fa55c68] 
[4,225s][debug][gc,nmethod     ] GC(1) O: Unregister NMethod: io.sirix.access.trx.node.AbstractNodeReadOnlyTrx.getStructuralNode (0x000071df3fa69708) [0x000071df3fa69800, 0x000071df3fa6a2b8] 
[4,225s][debug][gc,phases      ] GC(1) O: Concurrent Classes Unlink 8,845ms
[4,225s][debug][gc,phases,start] GC(1) O: Concurrent Classes Purge
[4,225s][debug][gc,nmethod     ] GC(1) O: Purge NMethod: java.lang.String.<init> (0x000071df3f4e2288) [0x000071df3f4e2380, 0x000071df3f4e61f0] 
[4,225s][debug][gc,nmethod     ] GC(1) O: Purge NMethod: jdk.internal.foreign.layout.MemoryLayoutUtil.requireByteSizeValid (0x000071df3fdead88) [0x000071df3fdeae80, 0x000071df3fdebbe8] 
[4,225s][debug][gc,nmethod     ] GC(1) O: Purge NMethod: org.gradle.internal.io.LineBufferingOutputStream.write (0x000071df3f7fa788) [0x000071df3f7fa880, 0x000071df3f7fc068] 
[4,225s][debug][gc,nmethod     ] GC(1) O: Purge NMethod: java.nio.Buffer$2.newDirectByteBuffer (0x000071df3ff27288) [0x000071df3ff27380, 0x000071df3ff27530] 
[4,225s][debug][gc,nmethod     ] GC(1) O: Purge NMethod: jdk.internal.misc.ScopedMemoryAccess.getIntUnaligned (0x000071df3f8d9e08) [0x000071df3f8d9f00, 0x000071df3f8dad68] 
[4,225s][debug][gc,nmethod     ] GC(1) O: Purge NMethod: java.util.HashMap.computeIfAbsent (0x000071df3f52e308) [0x000071df3f52e400, 0x000071df3f530c08] 
[4,225s][debug][gc,nmethod     ] GC(1) O: Purge NMethod: jdk.internal.foreign.MemorySessionImpl.checkValidStateRaw (0x000071df3f875688) [0x000071df3f875780, 0x000071df3f8759b0] 
[4,225s][debug][gc,nmethod     ] GC(1) O: Purge NMethod: sun.nio.fs.UnixPath.getByteArrayForSysCalls (0x000071df3f7a1e88) [0x000071df3f7a1f80, 0x000071df3f7a2778] 
[4,225s][debug][gc,nmethod     ] GC(1) O: Purge NMethod: com.sun.org.apache.xerces.internal.impl.XMLEntityScanner.skipString (0x000071df3ff65788) [0x000071df3ff65880, 0x000071df3ff669a0] 
[4,225s][debug][gc,nmethod     ] GC(1) O: Purge NMethod: com.sun.org.apache.xerces.internal.impl.XMLEntityScanner.scanQName (0x000071df4007dd88) [0x000071df4007de80, 0x000071df40080260] 
[4,225s][debug][gc,nmethod     ] GC(1) O: Purge NMethod: io.sirix.page.PageReference.<init> (0x000071df3f44f308) [0x000071df3f44f400, 0x000071df3f44fa30] 
[4,225s][debug][gc,nmethod     ] GC(1) O: Purge NMethod: io.sirix.node.MemorySegmentBytesOut.write (0x000071df3f47f108) [0x000071df3f47f200, 0x000071df3f47f418] 
[4,225s][debug][gc,nmethod     ] GC(1) O: Purge NMethod: sun.net.util.IPAddressUtil.scan (0x000071df3f6a9988) [0x000071df3f6a9a80, 0x000071df3f6aaad0] 
[4,225s][debug][gc,nmethod     ] GC(1) O: Purge NMethod: java.lang.Math.clamp (0x000071df3f596408) [0x000071df3f596500, 0x000071df3f5975c8] 
[4,225s][debug][gc,nmethod     ] GC(1) O: Purge NMethod: java.lang.invoke.DirectMethodHandle.allocateInstance (0x000071df3f5b0d08) [0x000071df3f5b0e00, 0x000071df3f5b1320] 
[4,225s][debug][gc,nmethod     ] GC(1) O: Purge NMethod: java.util.jar.JarFile.checkForSpecialAttributes (0x000071df5ec36308) [0x000071df5ec36400, 0x000071df5ec36d58] 
[4,225s][debug][gc,nmethod     ] GC(1) O: Purge NMethod: java.lang.Thread.onSpinWait (0x000071df3f86de88) [0x000071df3f86df80, 0x000071df3f86e060] 
[4,225s][debug][gc,nmethod     ] GC(1) O: Purge NMethod: java.io.BufferedInputStream.read1 (0x000071df3f611e88) [0x000071df3f611f80, 0x000071df3f612850] 
[4,225s][debug][gc,nmethod     ] GC(1) O: Purge NMethod: java.lang.String.<init> (0x000071df3f419308) [0x000071df3f419400, 0x000071df3f4195d8] 
[4,225s][debug][gc,nmethod     ] GC(1) O: Purge NMethod: java.net.URL.<init> (0x000071df3f5be608) [0x000071df3f5be700, 0x000071df3f5c4e18] 
[4,225s][debug][gc,nmethod     ] GC(1) O: Purge NMethod: jdk.internal.foreign.Utils.checkElementAlignment (0x000071df3f8e5308) [0x000071df3f8e5400, 0x000071df3f8e5aa8] 
[4,225s][debug][gc,nmethod     ] GC(1) O: Purge NMethod: io.sirix.node.xml.AttributeNode.getPrefixKey (0x000071df3fffa108) [0x000071df3fffa200, 0x000071df3ffff1f0] 
[4,225s][debug][gc,nmethod     ] GC(1) O: Purge NMethod: com.sun.org.apache.xerces.internal.impl.XMLNSDocumentScannerImpl.scanStartElement (0x000071df3ff40708) [0x000071df3ff40800, 0x000071df3ff49830] 
[4,225s][debug][gc,nmethod     ] GC(1) O: Purge NMethod: com.sun.xml.internal.stream.events.DummyEvent.asEndElement (0x000071df3ff52f88) [0x000071df3ff53080, 0x000071df3ff533a0] 
[4,225s][debug][gc,nmethod     ] GC(1) O: Purge NMethod: io.sirix.utils.XMLToken.isNCChar (0x000071df5ed49408) [0x000071df5ed49500, 0x000071df5ed495e0] 
[4,225s][debug][gc,nmethod     ] GC(1) O: Purge NMethod: java.lang.String.concat (0x000071df3f4d0308) [0x000071df3f4d0400, 0x000071df3f4d2700] 
[4,225s][debug][gc,nmethod     ] GC(1) O: Purge NMethod: sun.nio.fs.UnixPath.normalizeAndCheck (0x000071df5ecdd708) [0x000071df5ecdd800, 0x000071df5ecddf58] 
[4,225s][debug][gc,nmethod     ] GC(1) O: Purge NMethod: com.sun.org.apache.xerces.internal.impl.XMLDocumentFragmentScannerImpl.scanContent (0x000071df40058388) [0x000071df40058480, 0x000071df40059a70] 
[4,225s][debug][gc,nmethod     ] GC(1) O: Purge NMethod: java.util.BitSet.recalculateWordsInUse (0x000071df3f8e9108) [0x000071df3f8e9200, 0x000071df3f8e9440] 
[4,225s][debug][gc,nmethod     ] GC(1) O: Purge NMethod: io.sirix.node.xml.ElementNode.getChildCount (0x000071df3fe6d388) [0x000071df3fe6d480, 0x000071df3fe70e88] 
[4,225s][debug][gc,nmethod     ] GC(1) O: Purge NMethod: java.net.URLStreamHandler.setURL (0x000071df3f5bac88) [0x000071df3f5bad80, 0x000071df3f5bc9b8] 
[4,225s][debug][gc,nmethod     ] GC(1) O: Purge NMethod: com.sun.org.apache.xerces.internal.impl.XMLDocumentFragmentScannerImpl$ElementStack.popElement (0x000071df3ffc7588) [0x000071df3ffc7680, 0x000071df3ffc79d0] 
[4,225s][debug][gc,nmethod     ] GC(1) O: Purge NMethod: io.sirix.utils.XMLToken.ncName (0x000071df400d3288) [0x000071df400d3380, 0x000071df400d37d8] 
[4,225s][debug][gc,nmethod     ] GC(1) O: Purge NMethod: java.lang.Math.multiplyHigh (0x000071df3fe1ec08) [0x000071df3fe1ed00, 0x000071df3fe1ee58] 
[4,225s][debug][gc,nmethod     ] GC(1) O: Purge NMethod: io.sirix.page.SerializationType.readPageFragments (0x000071df3f405488) [0x000071df3f405580, 0x000071df3f406180] 
[4,225s][debug][gc,nmethod     ] GC(1) O: Purge NMethod: com.sun.org.apache.xerces.internal.impl.XMLDocumentFragmentScannerImpl$FragmentContentDriver.next (0x000071df4006f508) [0x000071df4006f600, 0x000071df4007d410] 
[4,225s][debug][gc,nmethod     ] GC(1) O: Purge NMethod: java.lang.invoke.VarHandleGuards.guard_LLL_Z (0x000071df3f806508) [0x000071df3f806600, 0x000071df3f809500] 
[4,225s][debug][gc,nmethod     ] GC(1) O: Purge NMethod: it.unimi.dsi.fastutil.longs.LongArrayList.add (0x000071df3fe79c88) [0x000071df3fe79d80, 0x000071df3fe7a058] 
[4,225s][debug][gc,nmethod     ] GC(1) O: Purge NMethod: com.sun.org.apache.xerces.internal.util.NamespaceSupport.getURI (0x000071df3ff03888) [0x000071df3ff03980, 0x000071df3ff03c70] 
[4,225s][debug][gc,nmethod     ] GC(1) O: Purge NMethod: io.sirix.cache.IndexLogKey.hashCode (0x000071df5ed52408) [0x000071df5ed52500, 0x000071df5ed52638] 
[4,225s][debug][gc,nmethod     ] GC(1) O: Purge NMethod: jdk.internal.foreign.HeapMemorySegmentImpl$OfByte.unsafeGetOffset (0x000071df3fd26308) [0x000071df3fd26400, 0x000071df3fd26518] 
[4,225s][debug][gc,nmethod     ] GC(1) O: Purge NMethod: jdk.internal.foreign.ConfinedSession$ConfinedResourceList.add (0x000071df400fe108) [0x000071df400fe200, 0x000071df400fe698] 
[4,225s][debug][gc,nmethod     ] GC(1) O: Purge NMethod: jdk.internal.misc.Unsafe.copyMemory (0x000071df3f840f88) [0x000071df3f841080, 0x000071df3f842640] 
[4,225s][debug][gc,nmethod     ] GC(1) O: Purge NMethod: java.nio.ByteBuffer.<init> (0x000071df3fa37c88) [0x000071df3fa37d80, 0x000071df3fa37ec8] 
[4,225s][debug][gc,nmethod     ] GC(1) O: Purge NMethod: io.sirix.node.xml.ElementNode.getDescendantCount (0x000071df3fe30b08) [0x000071df3fe30c00, 0x000071df3fe34478] 
[4,225s][debug][gc,nmethod     ] GC(1) O: Purge NMethod: java.lang.invoke.VarHandleSegmentAsInts.get (0x000071df3f915f88) [0x000071df3f916080, 0x000071df3f91b520] 
[4,225s][debug][gc,nmethod     ] GC(1) O: Purge NMethod: io.sirix.axis.filter.PathKindFilter.filter (0x000071df3ff4ae88) [0x000071df3ff4af80, 0x000071df3ff4bf08] 
[4,225s][debug][gc,nmethod     ] GC(1) O: Purge NMethod: java.lang.StrictMath.floorOrCeil (0x000071df3f5fc408) [0x000071df3f5fc500, 0x000071df3f5fc930] 
[4,225s][debug][gc,nmethod     ] GC(1) O: Purge NMethod: java.lang.invoke.VarHandleGuards.guard_LIL_V (0x000071df3f82ca88) [0x000071df3f82cb80, 0x000071df3f831780] 
[4,225s][debug][gc,nmethod     ] GC(1) O: Purge NMethod: io.sirix.access.trx.node.AbstractNodeReadOnlyTrx.setCurrentNode (0x000071df3fa5cf08) [0x000071df3fa5d000, 0x000071df3fa5d490] 
[4,225s][debug][gc,nmethod     ] GC(1) O: Purge NMethod: io.sirix.page.KeyValueLeafPage.setSlot (0x000071df3fbd3188) [0x000071df3fbd3280, 0x000071df3fbd3428] 
[4,225s][debug][gc,nmethod     ] GC(1) O: Purge NMethod: sun.misc.Unsafe.isMemoryAccessWarned (0x000071df3f8f3508) [0x000071df3f8f3600, 0x000071df3f8f3700] 
[4,225s][debug][gc,nmethod     ] GC(1) O: Purge NMethod: it.unimi.dsi.fastutil.HashCommon.mix (0x000071df3f998108) [0x000071df3f998200, 0x000071df3f9982f0] 
[4,225s][debug][gc,nmethod     ] GC(1) O: Purge NMethod: jdk.internal.classfile.impl.SplitConstantPool.utf8Entry (0x000071df3f4e7808) [0x000071df3f4e7900, 0x000071df3f4e7bf8] 
[4,225s][debug][gc,nmethod     ] GC(1) O: Purge NMethod: io.sirix.page.KeyValueLeafPage.alignOffset (0x000071df3f8dad88) [0x000071df3f8dae80, 0x000071df3f8daf68] 
[4,225s][debug][gc,nmethod     ] GC(1) O: Purge NMethod: java.lang.StringConcatHelper.checkOverflow (0x000071df3f4ce788) [0x000071df3f4ce880, 0x000071df3f4cea58] 
[4,225s][debug][gc,nmethod     ] GC(1) O: Purge NMethod: java.util.ArrayList.<init> (0x000071df3f593408) [0x000071df3f593500, 0x000071df3f5937a0] 
[4,225s][debug][gc,nmethod     ] GC(1) O: Purge NMethod: java.lang.Long.valueOf (0x000071df3f875208) [0x000071df3f875300, 0x000071df3f875640] 
[4,225s][debug][gc,nmethod     ] GC(1) O: Purge NMethod: com.sun.org.apache.xerces.internal.impl.XMLEntityScanner.scanContent (0x000071df5ed40b88) [0x000071df5ed40ca0, 0x000071df5ed41bc8] 
[4,225s][debug][gc,nmethod     ] GC(1) O: Purge NMethod: java.util.Vector$Itr.hasNext (0x000071df3fa58788) [0x000071df3fa58880, 0x000071df3fa58a10] 
[4,225s][debug][gc,nmethod     ] GC(1) O: Purge NMethod: sun.nio.fs.UnixPath.normalizeAndCheck (0x000071df3f532508) [0x000071df3f532600, 0x000071df3f5338f8] 
[4,225s][debug][gc,nmethod     ] GC(1) O: Purge NMethod: io.sirix.access.trx.node.AbstractNodeReadOnlyTrx.storeDeweyIDs (0x000071df3feabb88) [0x000071df3feabc80, 0x000071df3feac198] 
[4,225s][debug][gc,nmethod     ] GC(1) O: Purge NMethod: io.sirix.cache.IndexLogKey.hashCode (0x000071df400bf308) [0x000071df400bf400, 0x000071df400bf7a8] 
[4,225s][debug][gc,nmethod     ] GC(1) O: Purge NMethod: io.sirix.node.xml.TextNode.<init> (0x000071df3ff61a08) [0x000071df3ff61b00, 0x000071df3ff62320] 
[4,225s][debug][gc,nmethod     ] GC(1) O: Purge NMethod: io.sirix.access.trx.page.NodePageReadOnlyTrx.closeMostRecentPageIfOrphaned (0x000071df3fb9c788) [0x000071df3fb9c880, 0x000071df3fb9dae8] 
[4,225s][debug][gc,nmethod     ] GC(1) O: Purge NMethod: io.sirix.access.trx.RevisionEpochTracker.register (0x000071df3fa7e308) [0x000071df3fa7e400, 0x000071df3fa7ffd8] 
[4,225s][debug][gc,nmethod     ] GC(1) O: Purge NMethod: io.sirix.node.MemorySegmentBytesOut.getDestination (0x000071df3fa3d888) [0x000071df3fa3d980, 0x000071df3fa3db08] 
[4,225s][debug][gc,nmethod     ] GC(1) O: Purge NMethod: io.sirix.node.NullNode.<init> (0x000071df400b2d08) [0x000071df400b2e00, 0x000071df400b3338] 
[4,225s][debug][gc,nmethod     ] GC(1) O: Purge NMethod: com.sun.org.apache.xerces.internal.util.NamespaceSupport.pushContext (0x000071df3feb9608) [0x000071df3feb9700, 0x000071df3feb9a70] 
[4,225s][debug][gc,nmethod     ] GC(1) O: Purge NMethod: io.sirix.access.Utils.buildName (0x000071df3ff70e08) [0x000071df3ff70f00, 0x000071df3ff71ed8] 
[4,225s][debug][gc,nmethod     ] GC(1) O: Purge NMethod: io.sirix.access.trx.page.NodePageReadOnlyTrx.pageKey (0x000071df3f421188) [0x000071df3f421280, 0x000071df3f421a00] 
[4,225s][debug][gc,nmethod     ] GC(1) O: Purge NMethod: java.lang.StringLatin1.trim (0x000071df3fe7ab08) [0x000071df3fe7ac00, 0x000071df3fe7af78] 
[4,225s][debug][gc,nmethod     ] GC(1) O: Purge NMethod: sun.nio.fs.UnixPath.resolve (0x000071df3f74f388) [0x000071df3f74f480, 0x000071df3f74f5c8] 
[4,225s][debug][gc,nmethod     ] GC(1) O: Purge NMethod: io.sirix.access.trx.node.AbstractNodeTrxImpl.intermediateCommitIfRequired (0x000071df3fea7a88) [0x000071df3fea7b80, 0x000071df3fea88f0] 
[4,225s][debug][gc,nmethod     ] GC(1) O: Purge NMethod: com.sun.org.apache.xerces.internal.impl.XMLDocumentFragmentScannerImpl.seekCloseOfStartTag (0x000071df3ff05708) [0x000071df3ff05800, 0x000071df3ff06dd0] 
[4,226s][debug][gc,nmethod     ] GC(1) O: Purge NMethod: io.sirix.access.trx.node.xml.XmlNodeReadOnlyTrxImpl.getNode (0x000071df3fdb1c88) [0x000071df3fdb1d80, 0x000071df3fdb2078] 
[4,226s][debug][gc,nmethod     ] GC(1) O: Purge NMethod: com.sun.org.apache.xerces.internal.impl.XMLStreamReaderImpl.next (0x000071df3fe6a408) [0x000071df3fe6a500, 0x000071df3fe6cd58] 
[4,226s][debug][gc,nmethod     ] GC(1) O: Purge NMethod: java.util.LinkedHashMap.afterNodeInsertion (0x000071df3f525308) [0x000071df3f525400, 0x000071df3f525608] 
[4,226s][debug][gc,nmethod     ] GC(1) O: Purge NMethod: io.sirix.service.xml.shredder.AbstractShredder.processStartTag (0x000071df5eda3208) [0x000071df5eda3480, 0x000071df5eda7890] 
[4,226s][debug][gc,nmethod     ] GC(1) O: Purge NMethod: java.lang.ThreadLocal$ThreadLocalMap.getEntry (0x000071df3f53c488) [0x000071df3f53c580, 0x000071df3f53cc80] 
[4,226s][debug][gc,nmethod     ] GC(1) O: Purge NMethod: jdk.internal.misc.ScopedMemoryAccess.putLongUnaligned (0x000071df3f8f1508) [0x000071df3f8f1600, 0x000071df3f8f2488] 
[4,226s][debug][gc,nmethod     ] GC(1) O: Purge NMethod: io.sirix.access.trx.node.AbstractNodeTrxImpl.checkAccessAndCommit (0x000071df3fea6e08) [0x000071df3fea6f00, 0x000071df3fea7a58] 
[4,226s][debug][gc,nmethod     ] GC(1) O: Purge NMethod: java.util.ArrayList$Itr.next (0x000071df3f74ea88) [0x000071df3f74eb80, 0x000071df3f74f1c8] 
[4,226s][debug][gc,nmethod     ] GC(1) O: Purge NMethod: com.sun.org.apache.xerces.internal.impl.XMLScanner.scanAttributeValue (0x000071df40017708) [0x000071df40017800, 0x000071df400220b8] 
[4,226s][debug][gc,nmethod     ] GC(1) O: Purge NMethod: io.sirix.node.xml.AttributeNode.<init> (0x000071df4000e288) [0x000071df4000e380, 0x000071df4000e9f0] 
[4,226s][debug][gc,nmethod     ] GC(1) O: Purge NMethod: jdk.internal.foreign.AbstractMemorySegmentImpl$$Lambda/0x00000000ae1eae98.apply (0x000071df401ddf08) [0x000071df401de000, 0x000071df401de180] 
[4,226s][debug][gc,nmethod     ] GC(1) O: Purge NMethod: java.lang.invoke.SegmentVarHandle.offset (0x000071df3f87d408) [0x000071df3f87d500, 0x000071df3f87d618] 
[4,226s][debug][gc,nmethod     ] GC(1) O: Purge NMethod: java.lang.StringLatin1.regionMatchesCI (0x000071df5ec54308) [0x000071df5ec54400, 0x000071df5ec545d0] 
[4,226s][debug][gc,nmethod     ] GC(1) O: Purge NMethod: io.sirix.index.path.summary.PathSummaryReader.assertNotClosed (0x000071df3fbd4988) [0x000071df3fbd4a80, 0x000071df3fbd4c78] 
[4,226s][debug][gc,nmethod     ] GC(1) O: Purge NMethod: java.util.BitSet.set (0x000071df3f52a808) [0x000071df3f52a900, 0x000071df3f52b848] 
[4,226s][debug][gc,nmethod     ] GC(1) O: Purge NMethod: io.sirix.node.immutable.xml.ImmutableElement.getPathNodeKey (0x000071df3ff16e88) [0x000071df3ff16f80, 0x000071df3ff1c1c8] 
[4,226s][debug][gc,nmethod     ] GC(1) O: Purge NMethod: jdk.internal.misc.Unsafe.allocateMemory (0x000071df3f44be08) [0x000071df3f44bf00, 0x000071df3f44d1b0] 
[4,226s][debug][gc,nmethod     ] GC(1) O: Purge NMethod: io.sirix.utils.XMLToken.isNCChar (0x000071df3fe4af88) [0x000071df3fe4b080, 0x000071df3fe4b468] 
[4,226s][debug][gc,nmethod     ] GC(1) O: Purge NMethod: it.unimi.dsi.fastutil.longs.LongArrayList.removeLong (0x000071df3fe8aa08) [0x000071df3fe8ab00, 0x000071df3fe8c230] 
[4,226s][debug][gc,nmethod     ] GC(1) O: Purge NMethod: io.sirix.access.trx.node.xml.XmlNodeTrxImpl.insertTextAsRightSibling (0x000071df3ffeaa08) [0x000071df3ffeab00, 0x000071df3fff9510] 
[4,226s][debug][gc,nmethod     ] GC(1) O: Purge NMethod: io.sirix.index.path.summary.PathSummaryReader.moveTo (0x000071df3fe1de08) [0x000071df3fe1df00, 0x000071df3fe1ebf0] 
[4,226s][debug][gc,nmethod     ] GC(1) O: Purge NMethod: jdk.internal.foreign.MemorySessionImpl.addInternal (0x000071df3fa9c188) [0x000071df3fa9c280, 0x000071df3fa9d1f0] 
[4,226s][debug][gc,nmethod     ] GC(1) O: Purge NMethod: org.magicwerk.brownies.collections.IList.checkIndexAdd (0x000071df3f534e08) [0x000071df3f534f00, 0x000071df3f536708] 
[4,226s][debug][gc,nmethod     ] GC(1) O: Purge NMethod: jdk.internal.foreign.AbstractMemorySegmentImpl.checkAccess (0x000071df3f87b308) [0x000071df3f87b400, 0x000071df3f87bc10] 
[4,226s][debug][gc,nmethod     ] GC(1) O: Purge NMethod: java.util.Arrays$ArrayItr.next (0x000071df3f813008) [0x000071df3f813100, 0x000071df3f8133a0] 
[4,226s][debug][gc,nmethod     ] GC(1) O: Purge NMethod: io.sirix.access.trx.page.NodePageTrx.prepareRecordPage (0x000071df3fd26608) [0x000071df3fd26700, 0x000071df3fd28ca8] 
[4,226s][debug][gc,nmethod     ] GC(1) O: Purge NMethod: com.sun.org.apache.xerces.internal.impl.XMLEntityScanner.skipSpaces (0x000071df40082008) [0x000071df40082100, 0x000071df40083390] 
[4,226s][debug][gc,nmethod     ] GC(1) O: Purge NMethod: io.sirix.node.NodeSerializerImpl.serialize (0x000071df40100d88) [0x000071df40100e80, 0x000071df401018a0] 
[4,226s][debug][gc,nmethod     ] GC(1) O: Purge NMethod: jdk.internal.classfile.impl.SplitConstantPool.maybeCloneUtf8Entry (0x000071df3f4e8508) [0x000071df3f4e8600, 0x000071df3f4e96a0] 
[4,226s][debug][gc,nmethod     ] GC(1) O: Purge NMethod: io.sirix.node.xml.ElementNode.getParentKey (0x000071df3fe21308) [0x000071df3fe21400, 0x000071df3fe263e8] 
[4,226s][debug][gc,nmethod     ] GC(1) O: Purge NMethod: java.lang.Long.hashCode (0x000071df3f876008) [0x000071df3f876100, 0x000071df3f876238] 
[4,226s][debug][gc,nmethod     ] GC(1) O: Purge NMethod: java.util.regex.Pattern$$Lambda/0x00000000ae0b27a0.is (0x000071df3f624108) [0x000071df3f624200, 0x000071df3f6243b0] 
[4,226s][debug][gc,nmethod     ] GC(1) O: Purge NMethod: java.util.BitSet.cardinality (0x000071df3f44e488) [0x000071df3f44e580, 0x000071df3f44e7e0] 
[4,226s][debug][gc,nmethod     ] GC(1) O: Purge NMethod: java.io.ByteArrayInputStream.close (0x000071df3fa7b288) [0x000071df3fa7b380, 0x000071df3fa7b480] 
[4,226s][debug][gc,nmethod     ] GC(1) O: Purge NMethod: io.sirix.node.xml.ElementNode.getLastChildKey (0x000071df3fe94d88) [0x000071df3fe94e80, 0x000071df3fe99e70] 
[4,226s][debug][gc,nmethod     ] GC(1) O: Purge NMethod: jdk.internal.misc.Unsafe.weakCompareAndSetLongRelease (0x000071df3fa95488) [0x000071df3fa95580, 0x000071df3fa956a0] 
[4,226s][debug][gc,nmethod     ] GC(1) O: Purge NMethod: com.sun.org.apache.xerces.internal.impl.XMLEntityScanner.checkEntityLimit (0x000071df3fe0d308) [0x000071df3fe0d400, 0x000071df3fe0d6f8] 
[4,226s][debug][gc,nmethod     ] GC(1) O: Purge NMethod: sun.nio.fs.UnixPath.resolve (0x000071df3f5ac688) [0x000071df3f5ac780, 0x000071df3f5ad438] 
[4,226s][debug][gc,nmethod     ] GC(1) O: Purge NMethod: jdk.internal.misc.Unsafe.putLongUnaligned (0x000071df5ec84788) [0x000071df5ec84880, 0x000071df5ec84940] 
[4,226s][debug][gc,nmethod     ] GC(1) O: Purge NMethod: java.lang.invoke.LambdaForm$Holder.constant_L (0x000071df3f52c008) [0x000071df3f52c100, 0x000071df3f52c420] 
[4,226s][debug][gc,nmethod     ] GC(1) O: Purge NMethod: io.sirix.utils.XMLToken.isValidQName (0x000071df5ed83b88) [0x000071df5ed83e00, 0x000071df5ed84ce0] 
[4,226s][debug][gc,nmethod     ] GC(1) O: Purge NMethod: net.openhft.hashing.LongHashFunction.hashByteBuffer (0x000071df3ff3d308) [0x000071df3ff3d400, 0x000071df3ff3e968] 
[4,226s][debug][gc,nmethod     ] GC(1) O: Purge NMethod: sun.nio.fs.NativeBuffers.releaseNativeBuffer (0x000071df3f43db88) [0x000071df3f43dc80, 0x000071df3f4411b8] 
[4,226s][debug][gc,nmethod     ] GC(1) O: Purge NMethod: jdk.internal.util.Preconditions.checkFromIndexSize (0x000071df3f452808) [0x000071df3f452900, 0x000071df3f452a98] 
[4,226s][debug][gc,nmethod     ] GC(1) O: Purge NMethod: java.lang.ref.Cleaner.register (0x000071df3f507a08) [0x000071df3f507b00, 0x000071df3f508018] 
[4,226s][debug][gc,nmethod     ] GC(1) O: Purge NMethod: io.sirix.node.xml.ElementNode.hasRightSibling (0x000071df3fb90488) [0x000071df3fb90580, 0x000071df3fb959b8] 
[4,226s][debug][gc,nmethod     ] GC(1) O: Purge NMethod: jdk.internal.foreign.AbstractMemorySegmentImpl.isAlignedForElement (0x000071df3f87dc08) [0x000071df3f87dd00, 0x000071df3f87ded0] 
[4,226s][debug][gc,nmethod     ] GC(1) O: Purge NMethod: java.nio.ByteOrder.nativeOrder (0x000071df3f878108) [0x000071df3f878200, 0x000071df3f8782e8] 
[4,226s][debug][gc,nmethod     ] GC(1) O: Purge NMethod: java.util.ArrayList.grow (0x000071df3f5a2d88) [0x000071df3f5a2e80, 0x000071df3f5a36d0] 
[4,226s][debug][gc,nmethod     ] GC(1) O: Purge NMethod: io.sirix.access.trx.node.AbstractNodeReadOnlyTrx.hasNode (0x000071df3ff6c408) [0x000071df3ff6c500, 0x000071df3ff6d0f8] 
[4,226s][debug][gc,nmethod     ] GC(1) O: Purge NMethod: jdk.internal.foreign.layout.ValueLayouts$OfByteImpl.<init> (0x000071df401dae88) [0x000071df401daf80, 0x000071df401db0d8] 
[4,226s][debug][gc,nmethod     ] GC(1) O: Purge NMethod: java.net.URL.set (0x000071df3f5b9688) [0x000071df3f5b9780, 0x000071df3f5bac78] 
[4,226s][debug][gc,nmethod     ] GC(1) O: Purge NMethod: io.sirix.utils.XMLToken.ncName (0x000071df5ed5f388) [0x000071df5ed5f480, 0x000071df5ed5f7d8] 
[4,226s][debug][gc,nmethod     ] GC(1) O: Purge NMethod: com.sun.org.apache.xerces.internal.impl.XMLStreamReaderImpl.getLocalName (0x000071df3fed3c08) [0x000071df3fed3d00, 0x000071df3fed4708] 
[4,226s][debug][gc,nmethod     ] GC(1) O: Purge NMethod: com.sun.org.apache.xerces.internal.impl.XMLEntityScanner.peekChar (0x000071df5ed4b908) [0x000071df5ed4ba00, 0x000071df5ed4bbb8] 
[4,226s][debug][gc,nmethod     ] GC(1) O: Purge NMethod: io.sirix.node.xml.TextNode.computeHash (0x000071df3ff76508) [0x000071df3ff76600, 0x000071df3ff87da8] 
[4,226s][debug][gc,nmethod     ] GC(1) O: Purge NMethod: com.sun.org.apache.xerces.internal.impl.XMLEntityScanner.scanQName (0x000071df400cf708) [0x000071df400cf800, 0x000071df400d1be0] 
[4,226s][debug][gc,nmethod     ] GC(1) O: Purge NMethod: jdk.internal.foreign.SegmentFactories$1.cleanup (0x000071df3fd66588) [0x000071df3fd66680, 0x000071df3fd66c40] 
[4,226s][debug][gc,nmethod     ] GC(1) O: Purge NMethod: com.sun.org.apache.xerces.internal.impl.XMLEntityScanner.scanContent (0x000071df5ed67f08) [0x000071df5ed680a0, 0x000071df5ed68b58] 
[4,226s][debug][gc,nmethod     ] GC(1) O: Purge NMethod: java.util.HashMap$HashIterator.<init> (0x000071df3f43bc08) [0x000071df3f43bd00, 0x000071df3f43c350] 
[4,226s][debug][gc,nmethod     ] GC(1) O: Purge NMethod: java.util.concurrent.ForkJoinPool.deactivate (0x000071df5ece0208) [0x000071df5ece0300, 0x000071df5ece12a0] 
[4,226s][debug][gc,nmethod     ] GC(1) O: Purge NMethod: io.sirix.cache.IndexLogKey.equals (0x000071df3ffc7e08) [0x000071df3ffc7f00, 0x000071df3ffc8848] 
[4,226s][debug][gc,nmethod     ] GC(1) O: Purge NMethod: java.lang.Math.max (0x000071df3f507408) [0x000071df3f507500, 0x000071df3f507628] 
[4,226s][debug][gc,nmethod     ] GC(1) O: Purge NMethod: java.io.File.<init> (0x000071df3f6d8688) [0x000071df3f6d8780, 0x000071df3f6d9648] 
[4,226s][debug][gc,nmethod     ] GC(1) O: Purge NMethod: io.sirix.utils.NamePageHash.generateHashForString (0x000071df3fe88888) [0x000071df3fe88980, 0x000071df3fe88c58] 
[4,226s][debug][gc,nmethod     ] GC(1) O: Purge NMethod: com.sun.org.apache.xerces.internal.util.XMLChar.isValid (0x000071df3f751388) [0x000071df3f751480, 0x000071df3f751668] 
[4,226s][debug][gc,nmethod     ] GC(1) O: Purge NMethod: io.sirix.node.MemorySegmentBytesOut.<init> (0x000071df3fe83f08) [0x000071df3fe84000, 0x000071df3fe84dd0] 
[4,226s][debug][gc,nmethod     ] GC(1) O: Purge NMethod: java.util.concurrent.atomic.AtomicIntegerFieldUpdater$AtomicIntegerFieldUpdaterImpl.getAndAdd (0x000071df3fca2808) [0x000071df3fca2900, 0x000071df3fca2d18] 
[4,226s][debug][gc,nmethod     ] GC(1) O: Purge NMethod: io.sirix.access.trx.page.NodePageTrx.getPageContainer (0x000071df3fd5e188) [0x000071df3fd5e280, 0x000071df3fd5f3c0] 
[4,227s][debug][gc,nmethod     ] GC(1) O: Purge NMethod: io.sirix.index.path.summary.PathSummaryWriter.movePathSummary (0x000071df3ff71f08) [0x000071df3ff72000, 0x000071df3ff746c0] 
[4,227s][debug][gc,nmethod     ] GC(1) O: Purge NMethod: java.nio.ByteBuffer.order (0x000071df3f6ce008) [0x000071df3f6ce100, 0x000071df3f6ce320] 
[4,227s][debug][gc,nmethod     ] GC(1) O: Purge NMethod: com.sun.org.apache.xerces.internal.util.NamespaceSupport.popContext (0x000071df3ff6f288) [0x000071df3ff6f380, 0x000071df3ff6f4e8] 
[4,227s][debug][gc,nmethod     ] GC(1) O: Purge NMethod: io.sirix.page.AbstractForwardingPage.getOrCreateReference (0x000071df3f998708) [0x000071df3f998800, 0x000071df3f998d10] 
[4,227s][debug][gc,nmethod     ] GC(1) O: Purge NMethod: jdk.internal.classfile.impl.SplitConstantPool.findEntry (0x000071df3f4f4a08) [0x000071df3f4f4b00, 0x000071df3f4f6208] 
[4,227s][debug][gc,nmethod     ] GC(1) O: Purge NMethod: java.util.ArrayList.add (0x000071df3f46da08) [0x000071df3f46db00, 0x000071df3f46e070] 
[4,227s][debug][gc,nmethod     ] GC(1) O: Purge NMethod: java.lang.Object.equals (0x000071df3f43a408) [0x000071df3f43a500, 0x000071df3f43a650] 
[4,227s][debug][gc,nmethod     ] GC(1) O: Purge NMethod: io.sirix.access.trx.node.xml.XmlNodeTrxImpl.insertTextAsFirstChild (0x000071df3ffbf488) [0x000071df3ffbf580, 0x000071df3ffc7518] 
[4,227s][debug][gc,nmethod     ] GC(1) O: Purge NMethod: com.sun.org.apache.xerces.internal.impl.XMLDocumentFragmentScannerImpl$FragmentContentDriver.startOfMarkup (0x000071df40056208) [0x000071df40056300, 0x000071df40058368] 
[4,227s][debug][gc,nmethod     ] GC(1) O: Purge NMethod: io.sirix.page.KeyValueLeafPage.acquireGuard (0x000071df3faa1908) [0x000071df3faa1a00, 0x000071df3faa1d48] 
[4,227s][debug][gc,nmethod     ] GC(1) O: Purge NMethod: io.sirix.node.xml.ElementNode.hasLeftSibling (0x000071df3feb9e08) [0x000071df3feb9f00, 0x000071df3febf338] 
[4,227s][debug][gc,nmethod     ] GC(1) O: Purge NMethod: java.nio.DirectByteBuffer.get (0x000071df3f4bfb88) [0x000071df3f4bfc80, 0x000071df3f4c0a80] 
[4,227s][debug][gc,nmethod     ] GC(1) O: Purge NMethod: io.sirix.service.xml.shredder.XmlShredder.insertNewContent (0x000071df5ee1d308) [0x000071df5ee1d400, 0x000071df5ee2ea58] 
[4,227s][debug][gc,nmethod     ] GC(1) O: Purge NMethod: io.sirix.access.trx.page.NodePageReadOnlyTrx.assertNotClosed (0x000071df3f8e5b08) [0x000071df3f8e5c00, 0x000071df3f8e5e18] 
[4,227s][debug][gc,nmethod     ] GC(1) O: Purge NMethod: java.lang.invoke.LambdaForm$MH/0x00000000ae241800.invoke (0x000071df3f602208) [0x000071df3f602300, 0x000071df3f6032b8] 
[4,227s][debug][gc,nmethod     ] GC(1) O: Purge NMethod: com.sun.org.apache.xerces.internal.xni.XMLString.append (0x000071df3ffdfc08) [0x000071df3ffdfd00, 0x000071df3ffe01d8] 
[4,227s][debug][gc,nmethod     ] GC(1) O: Purge NMethod: sun.nio.fs.UnixNativeDispatcher.copyToNativeBuffer (0x000071df3f44b508) [0x000071df3f44b600, 0x000071df3f44bab0] 
[4,227s][debug][gc,nmethod     ] GC(1) O: Purge NMethod: org.magicwerk.brownies.collections.IList$Iter.hasNext (0x000071df3f41dc08) [0x000071df3f41dd00, 0x000071df3f41e110] 
[4,227s][debug][gc,nmethod     ] GC(1) O: Purge NMethod: java.lang.String.<init> (0x000071df3f998d88) [0x000071df3f998e80, 0x000071df3f999120] 
[4,227s][debug][gc,nmethod     ] GC(1) O: Purge NMethod: jdk.internal.ref.CleanerFactory.cleaner (0x000071df3f4d8c88) [0x000071df3f4d8d80, 0x000071df3f4d8e68] 
[4,227s][debug][gc,nmethod     ] GC(1) O: Purge NMethod: java.util.ArrayList.getLast (0x000071df3ff14508) [0x000071df3ff14600, 0x000071df3ff148f8] 
[4,227s][debug][gc,nmethod     ] GC(1) O: Purge NMethod: io.sirix.access.trx.RevisionEpochTracker.minActiveRevision (0x000071df40080608) [0x000071df40080700, 0x000071df40081f68] 
[4,227s][debug][gc,nmethod     ] GC(1) O: Purge NMethod: io.sirix.cache.IndexLogKey.hashCode (0x000071df3fd98c88) [0x000071df3fd98d80, 0x000071df3fd99128] 
[4,227s][debug][gc,nmethod     ] GC(1) O: Purge NMethod: io.sirix.index.path.summary.PathSummaryReader.getLevel (0x000071df3ff6f588) [0x000071df3ff6f680, 0x000071df3ff70d90] 
[4,227s][debug][gc,nmethod     ] GC(1) O: Purge NMethod: io.sirix.access.trx.node.AbstractNodeHashing.isValueNode (0x000071df3feb1b08) [0x000071df3feb1c00, 0x000071df3feb37c8] 
[4,227s][debug][gc,nmethod     ] GC(1) O: Purge NMethod: com.sun.org.apache.xerces.internal.impl.XMLStreamReaderImpl.getAttributeCount (0x000071df3ff74708) [0x000071df3ff74800, 0x000071df3ff74ee8] 
[4,227s][debug][gc,nmethod     ] GC(1) O: Purge NMethod: com.sun.org.apache.xerces.internal.impl.XMLNSDocumentScannerImpl.next (0x000071df5ed50688) [0x000071df5ed50780, 0x000071df5ed523e0] 
[4,227s][debug][gc,nmethod     ] GC(1) O: Purge NMethod: io.sirix.node.xml.AbstractStructForwardingNode.getFirstChildKey (0x000071df3fbc0088) [0x000071df3fbc0180, 0x000071df3fbc04b0] 
[4,227s][debug][gc,nmethod     ] GC(1) O: Purge NMethod: java.util.ArrayList.iterator (0x000071df3f5a3b08) [0x000071df3f5a3c00, 0x000071df3f5a3f00] 
[4,227s][debug][gc,nmethod     ] GC(1) O: Purge NMethod: java.util.HashSet.isEmpty (0x000071df3f444b08) [0x000071df3f444c00, 0x000071df3f444fa8] 
[4,227s][debug][gc,nmethod     ] GC(1) O: Purge NMethod: jdk.internal.misc.Unsafe.getIntUnaligned (0x000071df3f578808) [0x000071df3f578900, 0x000071df3f578b48] 
[4,227s][debug][gc,nmethod     ] GC(1) O: Purge NMethod: io.sirix.access.trx.node.AbstractNodeReadOnlyTrx.getNodeKey (0x000071df3fadfa08) [0x000071df3fadfb00, 0x000071df3fae0150] 
[4,227s][debug][gc,nmethod     ] GC(1) O: Purge NMethod: sun.reflect.generics.parser.SignatureParser.advance (0x000071df3f5abf08) [0x000071df3f5ac000, 0x000071df3f5ac618] 
[4,227s][debug][gc,nmethod     ] GC(1) O: Purge NMethod: io.sirix.node.MemorySegmentBytesIn.readShort (0x000071df3f465908) [0x000071df3f465a00, 0x000071df3f469638] 
[4,227s][debug][gc,nmethod     ] GC(1) O: Purge NMethod: java.lang.String.trim (0x000071df3fe7a508) [0x000071df3fe7a600, 0x000071df3fe7aad8] 
[4,227s][debug][gc,nmethod     ] GC(1) O: Purge NMethod: io.sirix.node.MemorySegmentBytesOut.<init> (0x000071df400fe708) [0x000071df400fe800, 0x000071df400fea88] 
[4,227s][debug][gc,nmethod     ] GC(1) O: Purge NMethod: jdk.internal.misc.ScopedMemoryAccess.getByte (0x000071df3f4bf708) [0x000071df3f4bf800, 0x000071df3f4bfb18] 
[4,227s][debug][gc,nmethod     ] GC(1) O: Purge NMethod: com.sun.org.apache.xerces.internal.impl.XMLEntityScanner.peekChar (0x000071df3ffe8788) [0x000071df3ffe8880, 0x000071df3ffe8d38] 
[4,227s][debug][gc,nmethod     ] GC(1) O: Purge NMethod: java.util.BitSet.<init> (0x000071df3f8db088) [0x000071df3f8db180, 0x000071df3f8dc0c8] 
[4,227s][debug][gc,nmethod     ] GC(1) O: Purge NMethod: java.util.HashMap.putVal (0x000071df3f479a88) [0x000071df3f479b80, 0x000071df3f47bf10] 
[4,227s][debug][gc,nmethod     ] GC(1) O: Purge NMethod: java.nio.DirectByteBuffer.<init> (0x000071df3ff27888) [0x000071df3ff27980, 0x000071df3ff27bf8] 
[4,227s][debug][gc,nmethod     ] GC(1) O: Purge NMethod: jdk.internal.foreign.AbstractMemorySegmentImpl.copy (0x000071df401db488) [0x000071df401db580, 0x000071df401dce40] 
[4,227s][debug][gc,nmethod     ] GC(1) O: Purge NMethod: java.lang.StringLatin1.inflate (0x000071df3f78cb08) [0x000071df3f78cc00, 0x000071df3f78cdf0] 
[4,227s][debug][gc,nmethod     ] GC(1) O: Purge NMethod: io.sirix.node.xml.ElementNode.getRightSiblingKey (0x000071df3fb80608) [0x000071df3fb80700, 0x000071df3fb856f0] 
[4,227s][debug][gc,nmethod     ] GC(1) O: Purge NMethod: com.sun.org.apache.xerces.internal.impl.XMLNSDocumentScannerImpl.next (0x000071df3fe54308) [0x000071df3fe54400, 0x000071df3fe548e8] 
[4,227s][debug][gc,nmethod     ] GC(1) O: Purge NMethod: io.sirix.access.trx.page.NodePageTrx$$Lambda/0x00000000ae23c270.<init> (0x000071df40083408) [0x000071df40083500, 0x000071df40083750] 
[4,227s][debug][gc,nmethod     ] GC(1) O: Purge NMethod: java.io.UnixFileSystem.normalize (0x000071df3f51e308) [0x000071df3f51e400, 0x000071df3f51f9f8] 
[4,227s][debug][gc,nmethod     ] GC(1) O: Purge NMethod: com.sun.org.apache.xerces.internal.impl.XMLEntityScanner.skipSpaces (0x000071df400a2b08) [0x000071df400a2c00, 0x000071df400a3e90] 
[4,227s][debug][gc,nmethod     ] GC(1) O: Purge NMethod: com.sun.org.apache.xerces.internal.xni.XMLString.toString (0x000071df3feb9a88) [0x000071df3feb9b80, 0x000071df3feb9dc8] 
[4,227s][debug][gc,nmethod     ] GC(1) O: Purge NMethod: io.sirix.access.trx.page.NodePageTrx$IndexLogKeyToPageContainer.<init> (0x000071df3ffc7a08) [0x000071df3ffc7b00, 0x000071df3ffc7db0] 
[4,227s][debug][gc,nmethod     ] GC(1) O: Purge NMethod: io.sirix.node.AbstractForwardingNode.getParentKey (0x000071df3fe7a088) [0x000071df3fe7a180, 0x000071df3fe7a4b0] 
[4,227s][debug][gc,nmethod     ] GC(1) O: Purge NMethod: io.sirix.access.trx.node.xml.XmlNodeTrxImpl.adaptForInsert (0x000071df3fec9008) [0x000071df3fec9100, 0x000071df3fecbec8] 
[4,227s][debug][gc,nmethod     ] GC(1) O: Purge NMethod: org.magicwerk.brownies.collections.IList$Iter.next (0x000071df3f5e2488) [0x000071df3f5e2580, 0x000071df3f5e2d78] 
[4,227s][debug][gc,nmethod     ] GC(1) O: Purge NMethod: io.sirix.access.trx.node.AbstractNodeHashing.adaptHashesWithAdd (0x000071df3feab588) [0x000071df3feab680, 0x000071df3feabb58] 
[4,227s][debug][gc,nmethod     ] GC(1) O: Purge NMethod: io.sirix.node.immutable.xml.ImmutableElement.getKind (0x000071df3ff14908) [0x000071df3ff14a00, 0x000071df3ff14d58] 
[4,227s][debug][gc,nmethod     ] GC(1) O: Purge NMethod: com.sun.org.apache.xerces.internal.impl.XMLEntityScanner.scanContent (0x000071df4005de08) [0x000071df4005df00, 0x000071df4005ee78] 
[4,227s][debug][gc,nmethod     ] GC(1) O: Purge NMethod: java.lang.AbstractStringBuilder.ensureCapacitySameCoder (0x000071df3f767d08) [0x000071df3f767e00, 0x000071df3f767fa8] 
[4,227s][debug][gc,nmethod     ] GC(1) O: Purge NMethod: org.magicwerk.brownies.collections.GapList.doAdd (0x000071df3f41e908) [0x000071df3f41ea00, 0x000071df3f4209c0] 
[4,227s][debug][gc,nmethod     ] GC(1) O: Purge NMethod: java.util.zip.Inflater.ensureOpen (0x000071df3f4c3588) [0x000071df3f4c3680, 0x000071df3f4c3908] 
[4,227s][debug][gc,nmethod     ] GC(1) O: Purge NMethod: io.sirix.node.MemorySegmentBytesOut.writePosition (0x000071df3fd28d08) [0x000071df3fd28e00, 0x000071df3fd28fd8] 
[4,227s][debug][gc,nmethod     ] GC(1) O: Purge NMethod: java.util.ArrayList$Itr.hasNext (0x000071df3f56e708) [0x000071df3f56e800, 0x000071df3f56e990] 
[4,227s][debug][gc,nmethod     ] GC(1) O: Purge NMethod: java.util.HashMap$HashIterator.nextNode (0x000071df3f430288) [0x000071df3f430380, 0x000071df3f430998] 
[4,227s][debug][gc,nmethod     ] GC(1) O: Purge NMethod: jdk.internal.misc.ScopedMemoryAccess.getLongUnaligned (0x000071df3f8eee08) [0x000071df3f8eef00, 0x000071df3f8efd68] 
[4,227s][debug][gc,nmethod     ] GC(1) O: Purge NMethod: io.sirix.service.xml.shredder.XmlShredder.insertNewContent (0x000071df4008f208) [0x000071df4008f300, 0x000071df40096b80] 
[4,227s][debug][gc,nmethod     ] GC(1) O: Purge NMethod: java.lang.foreign.MemorySegment.copy (0x000071df3f9a2588) [0x000071df3f9a2680, 0x000071df3f9ab668] 
[4,227s][debug][gc,nmethod     ] GC(1) O: Purge NMethod: io.sirix.page.KeyValueLeafPage.updateLastSlotIndex (0x000071df3fbd5a88) [0x000071df3fbd5b80, 0x000071df3fbd5f00] 
[4,227s][debug][gc,nmethod     ] GC(1) O: Purge NMethod: jdk.internal.foreign.Utils$BaseAndScale.of (0x000071df3f90f088) [0x000071df3f90f180, 0x000071df3f910798] 
[4,227s][debug][gc,nmethod     ] GC(1) O: Purge NMethod: io.sirix.access.trx.node.AbstractDeweyIDManager.newRightSiblingID (0x000071df3ff57b88) [0x000071df3ff57c80, 0x000071df3ff5ac20] 
[4,227s][debug][gc,nmethod     ] GC(1) O: Purge NMethod: io.sirix.access.trx.page.NodePageTrx.getRecord (0x000071df3fd5f408) [0x000071df3fd5f500, 0x000071df3fd614a0] 
[4,227s][debug][gc,nmethod     ] GC(1) O: Purge NMethod: jdk.internal.foreign.AbstractMemorySegmentImpl.isAlignedForElement (0x000071df3f893088) [0x000071df3f893180, 0x000071df3f893b40] 
[4,227s][debug][gc,nmethod     ] GC(1) O: Purge NMethod: sun.nio.ch.NativeThreadSet.remove (0x000071df3f57cc88) [0x000071df3f57cd80, 0x000071df3f57d428] 
[4,227s][debug][gc,nmethod     ] GC(1) O: Purge NMethod: com.github.benmanes.caffeine.cache.StripedBuffer.mix64 (0x000071df3fc13c08) [0x000071df3fc13d00, 0x000071df3fc13e30] 
[4,228s][debug][gc,nmethod     ] GC(1) O: Purge NMethod: io.sirix.node.MemorySegmentBytesIn.readByte (0x000071df3f95fe88) [0x000071df3f95ff80, 0x000071df3f9639a0] 
[4,228s][debug][gc,nmethod     ] GC(1) O: Purge NMethod: java.util.concurrent.ForkJoinPool.slotOffset (0x000071df3f8d2108) [0x000071df3f8d2200, 0x000071df3f8d22f8] 
[4,228s][debug][gc,nmethod     ] GC(1) O: Purge NMethod: com.sun.xml.internal.stream.XMLEventReaderImpl.nextEvent (0x000071df3fe58808) [0x000071df3fe58900, 0x000071df3fe59188] 
[4,228s][debug][gc,nmethod     ] GC(1) O: Purge NMethod: java.util.HashMap.resize (0x000071df3f609608) [0x000071df3f609720, 0x000071df3f60b400] 
[4,228s][debug][gc,nmethod     ] GC(1) O: Purge NMethod: io.sirix.node.MemorySegmentBytesIn.readLong (0x000071df3f6ce388) [0x000071df3f6ce480, 0x000071df3f6d2090] 
[4,228s][debug][gc,nmethod     ] GC(1) O: Purge NMethod: io.sirix.node.xml.AttributeNode.getKind (0x000071df3fe88c88) [0x000071df3fe88d80, 0x000071df3fe88e88] 
[4,228s][debug][gc,nmethod     ] GC(1) O: Purge NMethod: java.util.HashMap.put (0x000071df3f6e5b08) [0x000071df3f6e5c00, 0x000071df3f6e61e8] 
[4,228s][debug][gc,nmethod     ] GC(1) O: Purge NMethod: java.util.concurrent.ForkJoinPool.deactivate (0x000071df3f419a88) [0x000071df3f419b80, 0x000071df3f41a628] 
[4,228s][debug][gc,nmethod     ] GC(1) O: Purge NMethod: java.lang.String.<init> (0x000071df3f7fa308) [0x000071df3f7fa400, 0x000071df3f7fa740] 
[4,228s][debug][gc,nmethod     ] GC(1) O: Purge NMethod: com.sun.xml.internal.stream.events.XMLEventAllocatorImpl.fillAttributes (0x000071df400a3f08) [0x000071df400a4000, 0x000071df400a4af8] 
[4,228s][debug][gc,nmethod     ] GC(1) O: Purge NMethod: java.lang.Integer.numberOfLeadingZeros (0x000071df3f4e6d88) [0x000071df3f4e6e80, 0x000071df3f4e7100] 
[4,228s][debug][gc,nmethod     ] GC(1) O: Purge NMethod: java.lang.Object.<init> (0x000071df5ebe6808) [0x000071df5ebe6900, 0x000071df5ebe6980] 
[4,228s][debug][gc,nmethod     ] GC(1) O: Purge NMethod: java.util.concurrent.ForkJoinPool.deactivate (0x000071df5ecc8f88) [0x000071df5ecc9080, 0x000071df5ecc9b48] 
[4,228s][debug][gc,nmethod     ] GC(1) O: Purge NMethod: jdk.internal.misc.Unsafe.putLongUnaligned (0x000071df3f850108) [0x000071df3f850200, 0x000071df3f850638] 
[4,228s][debug][gc,nmethod     ] GC(1) O: Purge NMethod: java.util.BitSet.get (0x000071df3f69b288) [0x000071df3f69b380, 0x000071df3f69c228] 
[4,228s][debug][gc,nmethod     ] GC(1) O: Purge NMethod: com.google.common.collect.testing.Helpers$1$1.hasNext (0x000071df3f4cf788) [0x000071df3f4cf880, 0x000071df3f4cfbc8] 
[4,228s][debug][gc,nmethod     ] GC(1) O: Purge NMethod: io.sirix.utils.XMLToken.isNCStartChar (0x000071df5ed47088) [0x000071df5ed47180, 0x000071df5ed47260] 
[4,228s][debug][gc,nmethod     ] GC(1) O: Purge NMethod: org.magicwerk.brownies.collections.GapList.doEnsureCapacity (0x000071df3f41c208) [0x000071df3f41c300, 0x000071df3f41cba8] 
[4,228s][debug][gc,nmethod     ] GC(1) O: Purge NMethod: com.sun.org.apache.xerces.internal.impl.XMLDocumentFragmentScannerImpl$FragmentContentDriver.next (0x000071df5ed88c08) [0x000071df5ed88d00, 0x000071df5ed8a9b8] 
[4,228s][debug][gc,nmethod     ] GC(1) O: Purge NMethod: java.util.concurrent.atomic.AtomicInteger.incrementAndGet (0x000071df3f41d908) [0x000071df3f41da00, 0x000071df3f41db10] 
[4,228s][debug][gc,nmethod     ] GC(1) O: Purge NMethod: java.io.BufferedInputStream.getBufIfOpen (0x000071df3f60f208) [0x000071df3f60f300, 0x000071df3f60f718] 
[4,228s][debug][gc,nmethod     ] GC(1) O: Purge NMethod: java.nio.MappedByteBuffer.position (0x000071df3f430a08) [0x000071df3f430b00, 0x000071df3f430ec0] 
[4,228s][debug][gc,nmethod     ] GC(1) O: Purge NMethod: com.github.benmanes.caffeine.cache.stats.DisabledStatsCounter.recordHits (0x000071df3fbf5088) [0x000071df3fbf5180, 0x000071df3fbf5280] 
[4,228s][debug][gc,nmethod     ] GC(1) O: Purge NMethod: sun.nio.fs.NativeBuffers.getNativeBufferFromCache (0x000071df3f46c688) [0x000071df3f46c780, 0x000071df3f46d388] 
[4,228s][debug][gc,nmethod     ] GC(1) O: Purge NMethod: io.sirix.access.trx.node.xml.XmlNodeTrxImpl.insertElementAsFirstChild (0x000071df3ffda908) [0x000071df3ffdaa00, 0x000071df3ffdf530] 
[4,228s][debug][gc,nmethod     ] GC(1) O: Purge NMethod: com.sun.org.apache.xerces.internal.impl.XMLEntityScanner.scanLiteral (0x000071df5edaa508) [0x000071df5edaa600, 0x000071df5edab428] 
[4,228s][debug][gc,nmethod     ] GC(1) O: Purge NMethod: com.sun.xml.internal.stream.XMLEventReaderImpl.peek (0x000071df3fed4f08) [0x000071df3fed5000, 0x000071df3fed5798] 
[4,228s][debug][gc,nmethod     ] GC(1) O: Purge NMethod: jdk.internal.foreign.AbstractMemorySegmentImpl.checkArraySize (0x000071df3fe37088) [0x000071df3fe37180, 0x000071df3fe39f40] 
[4,228s][debug][gc,nmethod     ] GC(1) O: Purge NMethod: com.sun.xml.internal.stream.events.XMLEventAllocatorImpl.getQName (0x000071df3fecc788) [0x000071df3fecc880, 0x000071df3fecd100] 
[4,228s][debug][gc,nmethod     ] GC(1) O: Purge NMethod: io.sirix.node.GrowingMemorySegment.getUsedSegment (0x000071df3f485708) [0x000071df3f485800, 0x000071df3f485e10] 
[4,228s][debug][gc,nmethod     ] GC(1) O: Purge NMethod: java.util.concurrent.atomic.AtomicLong.incrementAndGet (0x000071df3f959e08) [0x000071df3f959f00, 0x000071df3f95a018] 
[4,228s][debug][gc,nmethod     ] GC(1) O: Purge NMethod: com.sun.xml.internal.stream.events.XMLEventAllocatorImpl.getXMLEvent (0x000071df3fe70f08) [0x000071df3fe71000, 0x000071df3fe79160] 
[4,228s][debug][gc,nmethod     ] GC(1) O: Purge NMethod: jdk.internal.foreign.MemorySessionImpl$ResourceList.cleanupSingle (0x000071df401d8408) [0x000071df401d8500, 0x000071df401d8aa8] 
[4,228s][debug][gc,nmethod     ] GC(1) O: Purge NMethod: net.openhft.hashing.XXH3.access$500 (0x000071df3feb4488) [0x000071df3feb4580, 0x000071df3feb4690] 
[4,228s][debug][gc,nmethod     ] GC(1) O: Purge NMethod: java.util.HashMap.computeIfAbsent (0x000071df5ed5fb08) [0x000071df5ed5fc20, 0x000071df5ed61e70] 
[4,228s][debug][gc,nmethod     ] GC(1) O: Purge NMethod: jdk.internal.foreign.layout.ValueLayouts$OfByteImpl.withOrder (0x000071df401e3e08) [0x000071df401e3f00, 0x000071df401e4060] 
[4,228s][debug][gc,nmethod     ] GC(1) O: Purge NMethod: io.sirix.page.KeyValueLeafPage.getAvailableSpace (0x000071df3f979a08) [0x000071df3f979b00, 0x000071df3f97f5c0] 
[4,228s][debug][gc,nmethod     ] GC(1) O: Purge NMethod: net.openhft.hashing.Maths.unsignedLongMulXorFold (0x000071df3fe1ef08) [0x000071df3fe1f000, 0x000071df3fe1f138] 
[4,228s][debug][gc,nmethod     ] GC(1) O: Purge NMethod: com.sun.org.apache.xerces.internal.impl.XMLEntityScanner.skipSpaces (0x000071df5eda1908) [0x000071df5eda1a00, 0x000071df5eda1f68] 
[4,228s][debug][gc,nmethod     ] GC(1) O: Purge NMethod: io.sirix.access.trx.node.xml.XmlNodeTrxImpl.insertElementAsRightSibling (0x000071df3ffc8b88) [0x000071df3ffc8c80, 0x000071df3ffcf980] 
[4,228s][debug][gc,nmethod     ] GC(1) O: Purge NMethod: java.lang.StringConcatHelper.newArray (0x000071df3f422f88) [0x000071df3f423080, 0x000071df3f423658] 
[4,228s][debug][gc,nmethod     ] GC(1) O: Purge NMethod: java.nio.DirectByteBuffer.address (0x000071df3ff3e988) [0x000071df3ff3ea80, 0x000071df3ff403c0] 
[4,228s][debug][gc,nmethod     ] GC(1) O: Purge NMethod: io.sirix.access.trx.page.NodePageTrx.createNameKey (0x000071df3febf388) [0x000071df3febf480, 0x000071df3fec0eb8] 
[4,228s][debug][gc,nmethod     ] GC(1) O: Purge NMethod: io.sirix.access.trx.node.xml.XmlNodeFactoryImpl.createTextNode (0x000071df3ff6d108) [0x000071df3ff6d200, 0x000071df3ff6f248] 
[4,228s][debug][gc,nmethod     ] GC(1) O: Purge NMethod: net.openhft.hashing.LongHashFunction.unsafeHash (0x000071df3feb1688) [0x000071df3feb1780, 0x000071df3feb1a90] 
[4,228s][debug][gc,nmethod     ] GC(1) O: Purge NMethod: java.util.HashMap.computeIfAbsent (0x000071df40059a88) [0x000071df40059b80, 0x000071df4005c388] 
[4,228s][debug][gc,nmethod     ] GC(1) O: Purge NMethod: com.sun.org.apache.xerces.internal.impl.XMLEntityScanner.normalizeNewlines (0x000071df5edf9508) [0x000071df5edf9600, 0x000071df5edf99e8] 
[4,228s][debug][gc,nmethod     ] GC(1) O: Purge NMethod: jdk.internal.foreign.NativeMemorySegmentImpl.makeByteBuffer (0x000071df3ff26f88) [0x000071df3ff27080, 0x000071df3ff271f0] 
[4,228s][debug][gc,nmethod     ] GC(1) O: Purge NMethod: com.sun.org.apache.xerces.internal.util.NamespaceSupport$Prefixes.hasMoreElements (0x000071df3ff50908) [0x000071df3ff50a00, 0x000071df3ff50b50] 
[4,228s][debug][gc,nmethod     ] GC(1) O: Purge NMethod: com.sun.org.apache.xerces.internal.impl.XMLDocumentFragmentScannerImpl.seekCloseOfStartTag (0x000071df5ed7e688) [0x000071df5ed7e780, 0x000071df5ed7ef68] 
[4,228s][debug][gc,nmethod     ] GC(1) O: Purge NMethod: jdk.internal.util.ArraysSupport.hashCode (0x000071df3f70db88) [0x000071df3f70dc80, 0x000071df3f70e130] 
[4,228s][debug][gc,nmethod     ] GC(1) O: Purge NMethod: com.github.benmanes.caffeine.cache.FrequencySketch.incrementAt (0x000071df3fa55988) [0x000071df3fa55a80, 0x000071df3fa55c68] 
[4,228s][debug][gc,nmethod     ] GC(1) O: Purge NMethod: io.sirix.access.trx.node.AbstractNodeReadOnlyTrx.getStructuralNode (0x000071df3fa69708) [0x000071df3fa69800, 0x000071df3fa6a2b8] 
[4,228s][debug][gc,nmethod     ] GC(1) O: Purge NMethod: jdk.internal.foreign.SegmentFactories.allocateNativeSegment (0x000071df3faa0c08) [0x000071df3faa0d00, 0x000071df3faa12c0] 
[4,228s][debug][gc,nmethod     ] GC(1) O: Purge NMethod: java.lang.String.encodeUTF8 (0x000071df3fde8788) [0x000071df3fde8880, 0x000071df3fde8f08] 
[4,228s][debug][gc,nmethod     ] GC(1) O: Purge NMethod: java.lang.String.startsWith (0x000071df3f74e688) [0x000071df3f74e780, 0x000071df3f74ea78] 
[4,228s][debug][gc,nmethod     ] GC(1) O: Purge NMethod: java.lang.String.encode (0x000071df3fda3188) [0x000071df3fda3280, 0x000071df3fda35b8] 
[4,228s][debug][gc,nmethod     ] GC(1) O: Purge NMethod: sun.nio.ch.FileChannelImpl.endBlocking (0x000071df3f57d488) [0x000071df3f57d580, 0x000071df3f57d8a8] 
[4,228s][debug][gc,nmethod     ] GC(1) O: Purge NMethod: jdk.internal.foreign.ArenaImpl.allocate (0x000071df3faa2408) [0x000071df3faa2500, 0x000071df3faa27f8] 
[4,228s][debug][gc,nmethod     ] GC(1) O: Purge NMethod: org.magicwerk.brownies.collections.GapList.get (0x000071df3f95a588) [0x000071df3f95a680, 0x000071df3f95c078] 
[4,228s][debug][gc,nmethod     ] GC(1) O: Purge NMethod: jdk.internal.foreign.layout.ValueLayouts$AbstractValueLayout.varHandle (0x000071df3f87df08) [0x000071df3f87e000, 0x000071df3f87e9b8] 
[4,228s][debug][gc,nmethod     ] GC(1) O: Purge NMethod: java.lang.Integer.rotateRight (0x000071df3f89bf88) [0x000071df3f89c080, 0x000071df3f89c170] 
[4,228s][debug][gc,nmethod     ] GC(1) O: Purge NMethod: jdk.internal.foreign.MemorySessionImpl.<init> (0x000071df3faa1d88) [0x000071df3faa1e80, 0x000071df3faa20c8] 
[4,228s][debug][gc,nmethod     ] GC(1) O: Purge NMethod: jdk.internal.foreign.Utils$BaseAndScale$$TypeSwitch/0x00000000ae1e73d0.typeSwitch (0x000071df3f90c408) [0x000071df3f90c500, 0x000071df3f90d828] 
[4,228s][debug][gc,nmethod     ] GC(1) O: Purge NMethod: io.sirix.access.trx.node.AbstractDeweyIDManager.newFirstChildID (0x000071df3ff62388) [0x000071df3ff62480, 0x000071df3ff65328] 
[4,228s][debug][gc,nmethod     ] GC(1) O: Purge NMethod: io.sirix.node.xml.ElementNode.getNamespaceCount (0x000071df40101908) [0x000071df40101a00, 0x000071df40101b80] 
[4,228s][debug][gc,nmethod     ] GC(1) O: Purge NMethod: io.sirix.node.xml.AttributeNode.getURIKey (0x000071df40004408) [0x000071df40004500, 0x000071df400094f0] 
[4,228s][debug][gc,nmethod     ] GC(1) O: Purge NMethod: com.sun.org.apache.xerces.internal.impl.XMLEntityScanner.scanQName (0x000071df3ff09008) [0x000071df3ff09100, 0x000071df3ff0b548] 
[4,229s][debug][gc,nmethod     ] GC(1) O: Purge NMethod: io.sirix.page.KeyValueLeafPage.isSlotSet (0x000071df3f875a08) [0x000071df3f875b00, 0x000071df3f875ca8] 
[4,229s][debug][gc,nmethod     ] GC(1) O: Purge NMethod: java.lang.invoke.DirectMethodHandle.constructorMethod (0x000071df3f5b1888) [0x000071df3f5b1980, 0x000071df3f5b1ca0] 
[4,229s][debug][gc,nmethod     ] GC(1) O: Purge NMethod: jdk.internal.foreign.HeapMemorySegmentImpl$OfByte.maxAlignMask (0x000071df401e2408) [0x000071df401e2500, 0x000071df401e2600] 
[4,229s][debug][gc,nmethod     ] GC(1) O: Purge NMethod: java.nio.Buffer.checkIndex (0x000071df3f485408) [0x000071df3f485500, 0x000071df3f485650] 
[4,229s][debug][gc,nmethod     ] GC(1) O: Purge NMethod: java.nio.Buffer.position (0x000071df3f7fce08) [0x000071df3f7fcf00, 0x000071df3f7fd140] 
[4,229s][debug][gc,nmethod     ] GC(1) O: Purge NMethod: com.sun.org.apache.xerces.internal.impl.XMLStreamReaderImpl.getPrefix (0x000071df3fec7a88) [0x000071df3fec7b80, 0x000071df3fec8210] 
[4,229s][debug][gc,nmethod     ] GC(1) O: Purge NMethod: java.lang.String.indexOf (0x000071df3f597608) [0x000071df3f597700, 0x000071df3f597f20] 
[4,229s][debug][gc,nmethod     ] GC(1) O: Purge NMethod: io.sirix.index.path.summary.PathSummaryWriter.getPathNodeKey (0x000071df3ff0d888) [0x000071df3ff0d980, 0x000071df3ff117a8] 
[4,229s][debug][gc,nmethod     ] GC(1) O: Purge NMethod: java.util.concurrent.ConcurrentHashMap.compute (0x000071df3f470888) [0x000071df3f470980, 0x000071df3f473eb8] 
[4,229s][debug][gc,nmethod     ] GC(1) O: Purge NMethod: jdk.internal.foreign.SegmentFactories.initNativeMemory (0x000071df3f86f408) [0x000071df3f86f500, 0x000071df3f86f720] 
[4,229s][debug][gc,nmethod     ] GC(1) O: Purge NMethod: jdk.internal.foreign.ImplicitSession.<init> (0x000071df3fbf9f88) [0x000071df3fbfa080, 0x000071df3fbfa710] 
[4,229s][debug][gc,nmethod     ] GC(1) O: Purge NMethod: it.unimi.dsi.fastutil.ints.Int2LongOpenHashMap.get (0x000071df3fe53c88) [0x000071df3fe53d80, 0x000071df3fe542d0] 
[4,229s][debug][gc,nmethod     ] GC(1) O: Purge NMethod: jdk.internal.misc.Unsafe.putReferenceOpaque (0x000071df3f5dc588) [0x000071df3f5dc680, 0x000071df3f5dc7f8] 
[4,229s][debug][gc,nmethod     ] GC(1) O: Purge NMethod: io.brackit.query.atomic.QNm.<init> (0x000071df3fe93d08) [0x000071df3fe93e00, 0x000071df3fe942a8] 
[4,229s][debug][gc,nmethod     ] GC(1) O: Purge NMethod: org.magicwerk.brownies.collections.GapList.doEnsureCapacity (0x000071df5ecec088) [0x000071df5ecec180, 0x000071df5ecec288] 
[4,229s][debug][gc,nmethod     ] GC(1) O: Purge NMethod: io.sirix.service.xml.shredder.AbstractShredder.processText (0x000071df3fed7e08) [0x000071df3fed7f00, 0x000071df3feda1d0] 
[4,229s][debug][gc,nmethod     ] GC(1) O: Purge NMethod: org.gradle.internal.io.StreamByteBuffer$StreamByteBufferOutputStream.write (0x000071df3f7f8c88) [0x000071df3f7f8d80, 0x000071df3f7f8ff0] 
[4,229s][debug][gc,nmethod     ] GC(1) O: Purge NMethod: com.sun.org.apache.xerces.internal.impl.XMLStreamReaderImpl$1.<init> (0x000071df3fe67208) [0x000071df3fe67300, 0x000071df3fe68970] 
[4,229s][debug][gc,nmethod     ] GC(1) O: Purge NMethod: it.unimi.dsi.fastutil.ints.Int2IntOpenHashMap.insert (0x000071df3fa58388) [0x000071df3fa58480, 0x000071df3fa58740] 
[4,229s][debug][gc,nmethod     ] GC(1) O: Purge NMethod: java.nio.Buffer.limit (0x000071df3f81ae88) [0x000071df3f81af80, 0x000071df3f81b1f0] 
[4,229s][debug][gc,nmethod     ] GC(1) O: Purge NMethod: java.lang.ref.SoftReference.get (0x000071df3f566d88) [0x000071df3f566e80, 0x000071df3f567040] 
[4,229s][debug][gc,nmethod     ] GC(1) O: Purge NMethod: jdk.internal.foreign.AbstractMemorySegmentImpl.asSlice (0x000071df3fe8c288) [0x000071df3fe8c380, 0x000071df3fe8c7c0] 
[4,229s][debug][gc,nmethod     ] GC(1) O: Purge NMethod: sun.nio.fs.UnixPath.resolve (0x000071df3f4cfc08) [0x000071df3f4cfd00, 0x000071df3f4d02c8] 
[4,229s][debug][gc,nmethod     ] GC(1) O: Purge NMethod: io.sirix.node.xml.TextNode.getLeftSiblingKey (0x000071df3fdac108) [0x000071df3fdac200, 0x000071df3fdb11f0] 
[4,229s][debug][gc,nmethod     ] GC(1) O: Purge NMethod: com.sun.org.apache.xerces.internal.impl.XMLStreamReaderImpl.getText (0x000071df3fed5808) [0x000071df3fed5900, 0x000071df3fed7df8] 
[4,229s][debug][gc,nmethod     ] GC(1) O: Purge NMethod: java.util.concurrent.atomic.AtomicReferenceArray.get (0x000071df3f854a08) [0x000071df3f854b00, 0x000071df3f855d18] 
[4,229s][debug][gc,nmethod     ] GC(1) O: Purge NMethod: java.util.HashMap$KeyIterator.next (0x000071df3f435408) [0x000071df3f435500, 0x000071df3f435830] 
[4,229s][debug][gc,nmethod     ] GC(1) O: Purge NMethod: io.sirix.node.AbstractForwardingNode.getNodeKey (0x000071df3f464f08) [0x000071df3f465000, 0x000071df3f465330] 
[4,229s][debug][gc,nmethod     ] GC(1) O: Purge NMethod: com.sun.org.apache.xerces.internal.util.NamespaceSupport.getAllPrefixes (0x000071df3ff51108) [0x000071df3ff51200, 0x000071df3ff51d68] 
[4,229s][debug][gc,nmethod     ] GC(1) O: Purge NMethod: java.util.concurrent.ForkJoinPool.deactivate (0x000071df3fbcdf08) [0x000071df3fbce000, 0x000071df3fbceaa8] 
[4,229s][debug][gc,nmethod     ] GC(1) O: Purge NMethod: java.nio.channels.spi.AbstractInterruptibleChannel.end (0x000071df3fa39808) [0x000071df3fa39900, 0x000071df3fa3a3a0] 
[4,229s][debug][gc,nmethod     ] GC(1) O: Purge NMethod: io.sirix.service.xml.shredder.XmlShredder.insertNewContent (0x000071df5ee08808) [0x000071df5ee08900, 0x000071df5ee145b0] 
[4,229s][debug][gc,nmethod     ] GC(1) O: Purge NMethod: net.openhft.hashing.Access.i64 (0x000071df3fbd5f88) [0x000071df3fbd6080, 0x000071df3fbd6380] 
[4,229s][debug][gc,nmethod     ] GC(1) O: Purge NMethod: java.lang.ThreadLocal.getCarrierThreadLocal (0x000071df3f53b188) [0x000071df3f53b280, 0x000071df3f53b418] 
[4,229s][debug][gc,nmethod     ] GC(1) O: Purge NMethod: com.sun.org.apache.xerces.internal.impl.XMLDocumentFragmentScannerImpl$FragmentContentDriver.next (0x000071df3fe59208) [0x000071df3fe59300, 0x000071df3fe67180] 
[4,229s][debug][gc,nmethod     ] GC(1) O: Purge NMethod: com.sun.org.apache.xerces.internal.impl.io.UTF8Reader.read (0x000071df3ffd7588) [0x000071df3ffd7680, 0x000071df3ffda8f8] 
[4,229s][debug][gc,nmethod     ] GC(1) O: Purge NMethod: jdk.xml.internal.XMLSecurityManager.getIndex (0x000071df3fe4e188) [0x000071df3fe4e280, 0x000071df3fe4f488] 
[4,229s][debug][gc,nmethod     ] GC(1) O: Purge NMethod: com.sun.xml.internal.stream.events.DummyEvent.asStartElement (0x000071df3ff4a008) [0x000071df3ff4a100, 0x000071df3ff4a420] 
[4,229s][debug][gc,nmethod     ] GC(1) O: Purge NMethod: io.sirix.page.KeyValueLeafPage.getSlot (0x000071df3f8a6508) [0x000071df3f8a6600, 0x000071df3f8bc830] 
[4,229s][debug][gc,nmethod     ] GC(1) O: Purge NMethod: java.util.concurrent.ForkJoinPool$WorkQueue.unlockPhase (0x000071df3fbfff08) [0x000071df3fc00000, 0x000071df3fc00110] 
[4,229s][debug][gc,nmethod     ] GC(1) O: Purge NMethod: java.io.DataInputStream.readFully (0x000071df3f60fb08) [0x000071df3f60fc00, 0x000071df3f6102b0] 
[4,229s][debug][gc,nmethod     ] GC(1) O: Purge NMethod: io.sirix.utils.XMLToken.isValidQName (0x000071df400d1c08) [0x000071df400d1d00, 0x000071df400d3230] 
[4,229s][debug][gc,nmethod     ] GC(1) O: Purge NMethod: io.sirix.api.PageReadOnlyTrx.recordPageOffset (0x000071df3f444508) [0x000071df3f444600, 0x000071df3f4446f8] 
[4,229s][debug][gc,nmethod     ] GC(1) O: Purge NMethod: com.sun.org.apache.xerces.internal.util.SymbolTable.hash (0x000071df3ff65388) [0x000071df3ff65480, 0x000071df3ff65720] 
[4,229s][debug][gc,nmethod     ] GC(1) O: Purge NMethod: java.util.ArrayList$Itr.next (0x000071df3f56f308) [0x000071df3f56f400, 0x000071df3f56f9f0] 
[4,229s][debug][gc,nmethod     ] GC(1) O: Purge NMethod: com.sun.org.apache.xerces.internal.impl.XMLDocumentFragmentScannerImpl$FragmentContentDriver.next (0x000071df5ed54388) [0x000071df5ed54480, 0x000071df5ed560c0] 
[4,229s][debug][gc,nmethod     ] GC(1) O: Purge NMethod: io.sirix.page.KeyValueLeafPage.getSlotAsByteArray (0x000071df3f892188) [0x000071df3f892280, 0x000071df3f892918] 
[4,229s][debug][gc,nmethod     ] GC(1) O: Purge NMethod: sun.security.provider.SHA2.implCompress (0x000071df3fde9408) [0x000071df3fde9500, 0x000071df3fde9910] 
[4,229s][debug][gc,nmethod     ] GC(1) O: Purge NMethod: io.sirix.node.MemorySegmentBytesOut.writeLong (0x000071df3f93c588) [0x000071df3f93c680, 0x000071df3f93c818] 
[4,229s][debug][gc,nmethod     ] GC(1) O: Purge NMethod: jdk.internal.foreign.AbstractMemorySegmentImpl.asByteBuffer (0x000071df3ff25c88) [0x000071df3ff25d80, 0x000071df3ff26308] 
[4,229s][debug][gc,nmethod     ] GC(1) O: Purge NMethod: java.nio.MappedByteBuffer.rewind (0x000071df3fb29288) [0x000071df3fb29380, 0x000071df3fb29768] 
[4,229s][debug][gc,nmethod     ] GC(1) O: Purge NMethod: io.sirix.node.GrowingMemorySegment.writeByte (0x000071df3f928608) [0x000071df3f928700, 0x000071df3f92c330] 
[4,229s][debug][gc,nmethod     ] GC(1) O: Purge NMethod: io.sirix.utils.XMLToken.cl (0x000071df3fe36088) [0x000071df3fe36180, 0x000071df3fe36360] 
[4,229s][debug][gc,nmethod     ] GC(1) O: Purge NMethod: java.lang.ThreadLocal.getMap (0x000071df3f53a888) [0x000071df3f53a980, 0x000071df3f53b170] 
[4,229s][debug][gc,nmethod     ] GC(1) O: Purge NMethod: io.sirix.utils.XMLToken.isNCChar (0x000071df400cea88) [0x000071df400ceb80, 0x000071df400cef68] 
[4,229s][debug][gc,nmethod     ] GC(1) O: Purge NMethod: jdk.internal.foreign.layout.ValueLayouts$AbstractValueLayout.withOrder (0x000071df401dce88) [0x000071df401dcf80, 0x000071df401dd1a0] 
[4,229s][debug][gc,nmethod     ] GC(1) O: Purge NMethod: io.sirix.node.xml.AttributeNode.getParentKey (0x000071df3fe9f708) [0x000071df3fe9f800, 0x000071df3fea47e8] 
[4,229s][debug][gc,nmethod     ] GC(1) O: Purge NMethod: java.util.LinkedHashMap.afterNodeAccess (0x000071df3fe4b488) [0x000071df3fe4b580, 0x000071df3fe4c630] 
[4,229s][debug][gc,nmethod     ] GC(1) O: Purge NMethod: io.sirix.node.xml.ElementNode.getURIKey (0x000071df3ff32208) [0x000071df3ff32300, 0x000071df3ff372f0] 
[4,229s][debug][gc,nmethod     ] GC(1) O: Purge NMethod: io.sirix.access.trx.node.xml.XmlNodeTrxImpl.insertAttribute (0x000071df40045508) [0x000071df40045600, 0x000071df40055680] 
[4,229s][debug][gc,nmethod     ] GC(1) O: Purge NMethod: io.sirix.access.trx.node.xml.XmlNodeFactoryImpl.createElementNode (0x000071df3ff4bf88) [0x000071df3ff4c080, 0x000071df3ff508d0] 
[4,229s][debug][gc,nmethod     ] GC(1) O: Purge NMethod: com.sun.org.apache.xerces.internal.util.XMLChar.isContent (0x000071df3f751688) [0x000071df3f751780, 0x000071df3f751968] 
[4,229s][debug][gc,nmethod     ] GC(1) O: Purge NMethod: jdk.internal.foreign.Utils.checkNonNegativeIndex (0x000071df3f947b88) [0x000071df3f947c80, 0x000071df3f948e48] 
[4,229s][debug][gc,nmethod     ] GC(1) O: Purge NMethod: java.lang.Integer.hashCode (0x000071df3f52c488) [0x000071df3f52c580, 0x000071df3f52c660] 
[4,229s][debug][gc,nmethod     ] GC(1) O: Purge NMethod: com.sun.org.apache.xerces.internal.impl.XMLEntityScanner.scanContent (0x000071df3fe50108) [0x000071df3fe50200, 0x000071df3fe511b8] 
[4,229s][debug][gc,nmethod     ] GC(1) O: Purge NMethod: java.lang.invoke.DelegatingMethodHandle$Holder.delegate (0x000071df3fa5a088) [0x000071df3fa5a180, 0x000071df3fa5a888] 
[4,229s][debug][gc,nmethod     ] GC(1) O: Purge NMethod: com.google.common.collect.testing.Helpers$1$1.next (0x000071df3f4ced88) [0x000071df3f4cee80, 0x000071df3f4cf1c0] 
[4,229s][debug][gc,nmethod     ] GC(1) O: Purge NMethod: kotlin.jvm.internal.Intrinsics.checkNotNull (0x000071df3fadec88) [0x000071df3faded80, 0x000071df3fadf520] 
[4,229s][debug][gc,nmethod     ] GC(1) O: Purge NMethod: io.sirix.utils.XMLToken.isNCStartChar (0x000071df3fe36908) [0x000071df3fe36a00, 0x000071df3fe37070] 
[4,230s][debug][gc,nmethod     ] GC(1) O: Purge NMethod: com.google.common.collect.testing.Helpers.addAll (0x000071df5ece5788) [0x000071df5ece58a0, 0x000071df5ece80d8] 
[4,230s][debug][gc,nmethod     ] GC(1) O: Purge NMethod: com.sun.org.apache.xerces.internal.impl.XMLEntityScanner.scanQName (0x000071df5ed65e08) [0x000071df5ed65f00, 0x000071df5ed67150] 
[4,230s][debug][gc,nmethod     ] GC(1) O: Purge NMethod: io.sirix.node.json.JsonNodeSerializer.updateSizePrefix (0x000071df40112988) [0x000071df40112a80, 0x000071df401130f0] 
[4,230s][debug][gc,nmethod     ] GC(1) O: Purge NMethod: java.util.Objects.checkIndex (0x000071df3f477f88) [0x000071df3f478080, 0x000071df3f4781b0] 
[4,230s][debug][gc,nmethod     ] GC(1) O: Purge NMethod: io.sirix.access.trx.node.AbstractNodeReadOnlyTrx.moveToParent (0x000071df3ff15488) [0x000071df3ff15580, 0x000071df3ff15dc8] 
[4,230s][debug][gc,nmethod     ] GC(1) O: Purge NMethod: java.lang.invoke.VarHandleGuards.guard_LI_L (0x000071df3f855d88) [0x000071df3f855e80, 0x000071df3f859330] 
[4,230s][debug][gc,nmethod     ] GC(1) O: Purge NMethod: io.sirix.index.path.summary.PathNode.getLocalNameKey (0x000071df3fe85108) [0x000071df3fe85200, 0x000071df3fe85360] 
[4,230s][debug][gc,nmethod     ] GC(1) O: Purge NMethod: jdk.internal.ref.CleanerImpl$CleanableList.insert (0x000071df3f4da308) [0x000071df3f4da400, 0x000071df3f4dae80] 
[4,230s][debug][gc,nmethod     ] GC(1) O: Purge NMethod: java.lang.Class.getPackageName (0x000071df3f48bf88) [0x000071df3f48c080, 0x000071df3f48e288] 
[4,230s][debug][gc,nmethod     ] GC(1) O: Purge NMethod: io.sirix.access.trx.node.AbstractNodeReadOnlyTrx.moveTo (0x000071df3fab5288) [0x000071df3fab5380, 0x000071df3fab6eb0] 
[4,230s][debug][gc,nmethod     ] GC(1) O: Purge NMethod: java.lang.invoke.VarHandleReferences$Array.getVolatile (0x000071df3f853d88) [0x000071df3f853e80, 0x000071df3f8549e8] 
[4,230s][debug][gc,nmethod     ] GC(1) O: Purge NMethod: kotlinx.coroutines.channels.BufferedChannelKt.access$getNO_CLOSE_CAUSE$p (0x000071df3fc4d108) [0x000071df3fc4d200, 0x000071df3fc4d2e8] 
[4,230s][debug][gc,nmethod     ] GC(1) O: Purge NMethod: jdk.internal.foreign.Utils.checkAlign (0x000071df3faa2808) [0x000071df3faa2900, 0x000071df3faa3658] 
[4,230s][debug][gc,nmethod     ] GC(1) O: Purge NMethod: io.sirix.node.xml.ElementNode.<init> (0x000071df3ff1c208) [0x000071df3ff1c300, 0x000071df3ff1d310] 
[4,230s][debug][gc,nmethod     ] GC(1) O: Purge NMethod: net.openhft.hashing.XXH3.XXH3_avalanche (0x000071df3fe93a08) [0x000071df3fe93b00, 0x000071df3fe93c10] 
[4,230s][debug][gc,nmethod     ] GC(1) O: Purge NMethod: java.net.URLStreamHandler.parseURL (0x000071df3f6ec288) [0x000071df3f6ec380, 0x000071df3f70b298] 
[4,230s][debug][gc,nmethod     ] GC(1) O: Purge NMethod: com.sun.org.apache.xerces.internal.impl.XMLNSDocumentScannerImpl.scanAttribute (0x000071df4003c908) [0x000071df4003ca00, 0x000071df40045498] 
[4,230s][debug][gc,nmethod     ] GC(1) O: Purge NMethod: jdk.internal.foreign.layout.ValueLayouts$OfByteImpl.dup (0x000071df401e3808) [0x000071df401e3900, 0x000071df401e3a90] 
[4,230s][debug][gc,nmethod     ] GC(1) O: Purge NMethod: java.util.concurrent.ConcurrentHashMap$Traverser.advance (0x000071df3f67c088) [0x000071df3f67c180, 0x000071df3f67d278] 
[4,230s][debug][gc,nmethod     ] GC(1) O: Purge NMethod: java.nio.ByteBuffer.position (0x000071df3f81a308) [0x000071df3f81a400, 0x000071df3f81a548] 
[4,230s][debug][gc,nmethod     ] GC(1) O: Purge NMethod: net.jpountz.util.SafeUtils.readIntLE (0x000071df3f443888) [0x000071df3f443980, 0x000071df3f443b20] 
[4,230s][debug][gc,nmethod     ] GC(1) O: Purge NMethod: com.sun.org.apache.xerces.internal.util.XMLChar.isNameStart (0x000071df3fea9388) [0x000071df3fea9480, 0x000071df3fea9610] 
[4,230s][debug][gc,nmethod     ] GC(1) O: Purge NMethod: java.util.UUID.parse4Nibbles (0x000071df3f435888) [0x000071df3f435980, 0x000071df3f437d28] 
[4,230s][debug][gc,nmethod     ] GC(1) O: Purge NMethod: io.sirix.access.trx.page.NodePageReadOnlyTrx.getValue (0x000071df3f450908) [0x000071df3f450a00, 0x000071df3f452560] 
[4,230s][debug][gc,nmethod     ] GC(1) O: Purge NMethod: com.sun.xml.internal.stream.util.ReadOnlyIterator.hasNext (0x000071df3feb8a88) [0x000071df3feb8b80, 0x000071df3feb8f18] 
[4,230s][debug][gc,nmethod     ] GC(1) O: Purge NMethod: java.io.BufferedInputStream.read (0x000071df3f610f08) [0x000071df3f611000, 0x000071df3f611b38] 
[4,230s][debug][gc,nmethod     ] GC(1) O: Purge NMethod: io.sirix.node.xml.AttributeNode.computeHash (0x000071df40025f08) [0x000071df40026000, 0x000071df4003c860] 
[4,230s][debug][gc,nmethod     ] GC(1) O: Purge NMethod: com.sun.org.apache.xerces.internal.impl.XMLEntityScanner.scanQName (0x000071df5ed97d08) [0x000071df5ed97e00, 0x000071df5ed991b8] 
[4,230s][debug][gc,nmethod     ] GC(1) O: Purge NMethod: java.util.concurrent.atomic.AtomicLong.addAndGet (0x000071df3f48ec88) [0x000071df3f48ed80, 0x000071df3f48ee90] 
[4,230s][debug][gc,nmethod     ] GC(1) O: Purge NMethod: java.util.concurrent.atomic.AtomicLong.compareAndSet (0x000071df3f4e7c08) [0x000071df3f4e7d00, 0x000071df3f4e7e20] 
[4,230s][debug][gc,nmethod     ] GC(1) O: Purge NMethod: java.nio.channels.spi.AbstractInterruptibleChannel.begin (0x000071df3fa38488) [0x000071df3fa38580, 0x000071df3fa39198] 
[4,230s][debug][gc,nmethod     ] GC(1) O: Purge NMethod: io.sirix.node.xml.ElementNode.setHash (0x000071df3fe2d008) [0x000071df3fe2d100, 0x000071df3fe30a88] 
[4,230s][debug][gc,nmethod     ] GC(1) O: Purge NMethod: net.openhft.hashing.XXH3$AsLongHashFunction.hash (0x000071df3feb3b08) [0x000071df3feb3c00, 0x000071df3feb4450] 
[4,230s][debug][gc,nmethod     ] GC(1) O: Purge NMethod: io.sirix.access.trx.page.NodePageReadOnlyTrx.getRecordPage (0x000071df3fa6e708) [0x000071df3fa6e800, 0x000071df3fa79d88] 
[4,230s][debug][gc,nmethod     ] GC(1) O: Purge NMethod: sun.net.www.protocol.file.Handler.parseURL (0x000071df3f6cdb88) [0x000071df3f6cdc80, 0x000071df3f6cdff0] 
[4,230s][debug][gc,nmethod     ] GC(1) O: Purge NMethod: it.unimi.dsi.fastutil.ints.Int2LongOpenHashMap.find (0x000071df3f465388) [0x000071df3f465480, 0x000071df3f4658e8] 
[4,230s][debug][gc,nmethod     ] GC(1) O: Purge NMethod: io.sirix.page.KeyValueLeafPage.getNumberOfNonNullEntries (0x000071df3fbdb588) [0x000071df3fbdb680, 0x000071df3fbdbc30] 
[4,230s][debug][gc,nmethod     ] GC(1) O: Purge NMethod: java.util.WeakHashMap.expungeStaleEntries (0x000071df3f48b088) [0x000071df3f48b180, 0x000071df3f48bf18] 
[4,230s][debug][gc,nmethod     ] GC(1) O: Purge NMethod: java.util.concurrent.ConcurrentHashMap.get (0x000071df5ec7f588) [0x000071df5ec7f680, 0x000071df5ec80450] 
[4,230s][debug][gc,nmethod     ] GC(1) O: Purge NMethod: io.sirix.axis.filter.FilterAxis.nextKey (0x000071df3ff03f88) [0x000071df3ff04080, 0x000071df3ff05690] 
[4,230s][debug][gc,nmethod     ] GC(1) O: Purge NMethod: io.sirix.access.trx.node.AbstractNodeHashing.setAddDescendants (0x000071df3fe2b988) [0x000071df3fe2ba80, 0x000071df3fe2c608] 
[4,230s][debug][gc,nmethod     ] GC(1) O: Purge NMethod: io.sirix.utils.XMLToken.cp (0x000071df3fe36388) [0x000071df3fe36480, 0x000071df3fe368b8] 
[4,230s][debug][gc,nmethod     ] GC(1) O: Purge NMethod: sun.net.util.IPAddressUtil.scan (0x000071df3f4d8f88) [0x000071df3f4d9080, 0x000071df3f4da2d8] 
[4,230s][debug][gc,nmethod     ] GC(1) O: Purge NMethod: com.sun.org.apache.xerces.internal.impl.XMLDocumentFragmentScannerImpl.checkDepth (0x000071df3ff39888) [0x000071df3ff39980, 0x000071df3ff3cbd8] 
[4,230s][debug][gc,nmethod     ] GC(1) O: Purge NMethod: com.sun.org.apache.xerces.internal.impl.XMLDocumentFragmentScannerImpl.seekCloseOfStartTag (0x000071df400a4b08) [0x000071df400a4c00, 0x000071df400a6180] 
[4,230s][debug][gc,nmethod     ] GC(1) O: Purge NMethod: java.util.ArrayList$Itr.<init> (0x000071df3f5a3f08) [0x000071df3f5a4000, 0x000071df3f5a4330] 
[4,230s][debug][gc,nmethod     ] GC(1) O: Purge NMethod: net.openhft.hashing.UnsafeAccess.byteOrder (0x000071df3fea5d08) [0x000071df3fea5e00, 0x000071df3fea5f60] 
[4,230s][debug][gc,nmethod     ] GC(1) O: Purge NMethod: jdk.internal.misc.Unsafe.getReferenceAcquire (0x000071df3f412608) [0x000071df3f412700, 0x000071df3f412830] 
[4,230s][debug][gc,nmethod     ] GC(1) O: Purge NMethod: io.sirix.node.xml.TextNode.getRawValue (0x000071df3ff61588) [0x000071df3ff61680, 0x000071df3ff61998] 
[4,230s][debug][gc,nmethod     ] GC(1) O: Purge NMethod: io.sirix.node.json.JsonNodeSerializer.writeEndPadding (0x000071df40100508) [0x000071df40100600, 0x000071df40100a68] 
[4,230s][debug][gc,nmethod     ] GC(1) O: Purge NMethod: jdk.internal.misc.ScopedMemoryAccess.copyMemory (0x000071df3f8ced88) [0x000071df3f8cee80, 0x000071df3f8d01f8] 
[4,230s][debug][gc,nmethod     ] GC(1) O: Purge NMethod: jdk.internal.foreign.AbstractMemorySegmentImpl.<init> (0x000071df3f804108) [0x000071df3f804200, 0x000071df3f8043e0] 
[4,230s][debug][gc,nmethod     ] GC(1) O: Purge NMethod: jdk.xml.internal.XMLSecurityPropertyManager.getIndex (0x000071df3feaa508) [0x000071df3feaa600, 0x000071df3feab090] 
[4,230s][debug][gc,nmethod     ] GC(1) O: Purge NMethod: kotlin.coroutines.ContinuationInterceptor$DefaultImpls.get (0x000071df3faee708) [0x000071df3faee800, 0x000071df3faf1f80] 
[4,230s][debug][gc,nmethod     ] GC(1) O: Purge NMethod: io.sirix.node.xml.TextNode.getParentKey (0x000071df3fe40b08) [0x000071df3fe40c00, 0x000071df3fe45be8] 
[4,230s][debug][gc,nmethod     ] GC(1) O: Purge NMethod: java.lang.Integer.valueOf (0x000071df3f528f08) [0x000071df3f529000, 0x000071df3f529318] 
[4,230s][debug][gc,nmethod     ] GC(1) O: Purge NMethod: jdk.internal.foreign.layout.ValueLayouts$AbstractValueLayout.<init> (0x000071df401da808) [0x000071df401da900, 0x000071df401dae68] 
[4,230s][debug][gc,nmethod     ] GC(1) O: Purge NMethod: com.sun.org.apache.xerces.internal.util.SymbolTable.addSymbol (0x000071df3ff00508) [0x000071df3ff00600, 0x000071df3ff00b40] 
[4,230s][debug][gc,nmethod     ] GC(1) O: Purge NMethod: io.sirix.page.KeyValueLeafPage.getNumberOfNonNullEntries (0x000071df3fbdbc88) [0x000071df3fbdbd80, 0x000071df3fbdc2a0] 
[4,230s][debug][gc,nmethod     ] GC(1) O: Purge NMethod: com.sun.org.apache.xerces.internal.impl.XMLEntityScanner.checkLimit (0x000071df3ff1d388) [0x000071df3ff1d480, 0x000071df3ff25c40] 
[4,230s][debug][gc,nmethod     ] GC(1) O: Purge NMethod: java.util.concurrent.ConcurrentHashMap.put (0x000071df3f56bf08) [0x000071df3f56c000, 0x000071df3f56c300] 
[4,230s][debug][gc,nmethod     ] GC(1) O: Purge NMethod: java.lang.invoke.VarHandleReferences$FieldInstanceReadWrite.compareAndSet (0x000071df3f804808) [0x000071df3f804900, 0x000071df3f805eb8] 
[4,230s][debug][gc,nmethod     ] GC(1) O: Purge NMethod: jdk.internal.misc.Unsafe.weakCompareAndSetInt (0x000071df3f8d7f88) [0x000071df3f8d8080, 0x000071df3f8d8198] 
[4,230s][debug][gc,nmethod     ] GC(1) O: Purge NMethod: jdk.internal.ref.CleanerImpl$CleanableList.insert (0x000071df5ecef288) [0x000071df5ecef380, 0x000071df5ecef798] 
[4,230s][debug][gc,nmethod     ] GC(1) O: Purge NMethod: net.openhft.hashing.LongHashFunction.hashBytes (0x000071df3ff39588) [0x000071df3ff39680, 0x000071df3ff397c8] 
[4,230s][debug][gc,nmethod     ] GC(1) O: Purge NMethod: io.sirix.axis.filter.FilterAxis.<init> (0x000071df3ff11808) [0x000071df3ff11900, 0x000071df3ff14488] 
[4,230s][debug][gc,nmethod     ] GC(1) O: Purge NMethod: java.io.UnixFileSystem.resolve (0x000071df3f6d5088) [0x000071df3f6d5180, 0x000071df3f6d8610] 
[4,230s][debug][gc,nmethod     ] GC(1) O: Purge NMethod: jdk.xml.internal.XMLSecurityPropertyManager$Property.equalsName (0x000071df3fe34b08) [0x000071df3fe34c00, 0x000071df3fe35230] 
[4,230s][debug][gc,nmethod     ] GC(1) O: Purge NMethod: com.sun.org.apache.xerces.internal.impl.XMLEntityScanner.skipSpaces (0x000071df5ed5ef88) [0x000071df5ed5f080, 0x000071df5ed5f380] 
[4,230s][debug][gc,nmethod     ] GC(1) O: Purge NMethod: jdk.internal.foreign.layout.ValueLayouts$AbstractValueLayout.assertCarrierSize (0x000071df401d9288) [0x000071df401d9380, 0x000071df401d9490] 
[4,230s][debug][gc,nmethod     ] GC(1) O: Purge NMethod: io.sirix.node.GrowingMemorySegment.toByteArray (0x000071df3fe7ba88) [0x000071df3fe7bb80, 0x000071df3fe82698] 
[4,231s][debug][gc,nmethod     ] GC(1) O: Purge NMethod: java.util.Arrays.fill (0x000071df3f533e08) [0x000071df3f533f00, 0x000071df3f534088] 
[4,231s][debug][gc,nmethod     ] GC(1) O: Purge NMethod: java.lang.invoke.VarHandleGuards.guard_LJJ_V (0x000071df3f941f88) [0x000071df3f942080, 0x000071df3f946c50] 
[4,231s][debug][gc,nmethod     ] GC(1) O: Purge NMethod: jdk.internal.foreign.layout.ValueLayouts$OfByteImpl.dup (0x000071df401dd208) [0x000071df401dd300, 0x000071df401dd418] 
[4,231s][debug][gc,nmethod     ] GC(1) O: Purge NMethod: kotlin.jvm.internal.Intrinsics.checkNotNullParameter (0x000071df3f401788) [0x000071df3f401880, 0x000071df3f402068] 
[4,231s][debug][gc,nmethod     ] GC(1) O: Purge NMethod: java.lang.invoke.DirectMethodHandle$Holder.fieldAccess (0x000071df3f40e408) [0x000071df3f40e500, 0x000071df3f40e9f8] 
[4,231s][debug][gc,nmethod     ] GC(1) O: Purge NMethod: java.lang.Record.<init> (0x000071df3f453108) [0x000071df3f453200, 0x000071df3f453358] 
[4,231s][debug][gc,nmethod     ] GC(1) O: Purge NMethod: java.util.concurrent.ForkJoinPool.deactivate (0x000071df5eccff88) [0x000071df5ecd0080, 0x000071df5ecd1830] 
[4,231s][debug][gc,nmethod     ] GC(1) O: Purge NMethod: io.sirix.utils.XMLToken.ncName (0x000071df3ff01488) [0x000071df3ff01580, 0x000071df3ff019d8] 
[4,231s][debug][gc,nmethod     ] GC(1) O: Purge NMethod: com.sun.org.apache.xerces.internal.impl.io.UTF8Reader.read (0x000071df3ffd2d08) [0x000071df3ffd2e00, 0x000071df3ffd62d8] 
[4,231s][debug][gc,nmethod     ] GC(1) O: Purge NMethod: io.sirix.access.trx.page.NodePageReadOnlyTrx.getRecord (0x000071df3fa5a908) [0x000071df3fa5aa00, 0x000071df3fa5c420] 
[4,231s][debug][gc,nmethod     ] GC(1) O: Purge NMethod: io.sirix.node.xml.ElementNode.getLocalNameKey (0x000071df3ff2d088) [0x000071df3ff2d180, 0x000071df3ff32170] 
[4,231s][debug][gc,nmethod     ] GC(1) O: Purge NMethod: io.sirix.index.name.Names.setName (0x000071df3fec3908) [0x000071df3fec3a00, 0x000071df3fec5ca8] 
[4,231s][debug][gc,nmethod     ] GC(1) O: Purge NMethod: io.sirix.page.PageKind$1.serializePage (0x000071df3fd77408) [0x000071df3fd77500, 0x000071df3fd85260] 
[4,231s][debug][gc,nmethod     ] GC(1) O: Purge NMethod: io.sirix.access.trx.node.xml.XmlNodeReadOnlyTrxImpl.isDocumentRoot (0x000071df3ffb9608) [0x000071df3ffb9700, 0x000071df3ffba198] 
[4,231s][debug][gc,nmethod     ] GC(1) O: Purge NMethod: java.nio.Buffer.<init> (0x000071df3f832d08) [0x000071df3f832e00, 0x000071df3f8347f8] 
[4,231s][debug][gc,nmethod     ] GC(1) O: Purge NMethod: jdk.internal.misc.Unsafe.checkOffset (0x000071df3f889e88) [0x000071df3f889f80, 0x000071df3f88a1e0] 
[4,231s][debug][gc,nmethod     ] GC(1) O: Purge NMethod: java.lang.invoke.VarHandleGuards.guard_LJ_I (0x000071df3f8dc108) [0x000071df3f8dc200, 0x000071df3f8df0c0] 
[4,231s][debug][gc,nmethod     ] GC(1) O: Purge NMethod: com.sun.org.apache.xerces.internal.util.NamespaceSupport.<init> (0x000071df3ff74f08) [0x000071df3ff75000, 0x000071df3ff75ca0] 
[4,231s][debug][gc,nmethod     ] GC(1) O: Purge NMethod: io.sirix.axis.AbstractAxis.hasNext (0x000071df3fab2308) [0x000071df3fab2400, 0x000071df3fab2eb0] 
[4,231s][debug][gc,nmethod     ] GC(1) O: Purge NMethod: sun.nio.ch.IOUtil.acquireScope (0x000071df3f5da888) [0x000071df3f5da980, 0x000071df3f5dbe60] 
[4,231s][debug][gc,nmethod     ] GC(1) O: Purge NMethod: java.lang.invoke.VarHandleSegmentAsLongs.set (0x000071df3f93c888) [0x000071df3f93c980, 0x000071df3f941f50] 
[4,231s][debug][gc,nmethod     ] GC(1) O: Purge NMethod: jdk.internal.foreign.AbstractMemorySegmentImpl.toArray (0x000071df401dea08) [0x000071df401deb00, 0x000071df401e06c0] 
[4,231s][debug][gc,nmethod     ] GC(1) O: Purge NMethod: io.sirix.node.xml.ElementNode.computeHash (0x000071df3ff89688) [0x000071df3ff89780, 0x000071df3ffb8dc8] 
[4,231s][debug][gc,nmethod     ] GC(1) O: Purge NMethod: io.sirix.node.GrowingMemorySegment.write (0x000071df3fa40c88) [0x000071df3fa40d80, 0x000071df3fa46930] 
[4,231s][debug][gc,nmethod     ] GC(1) O: Purge NMethod: io.sirix.access.trx.page.NodePageTrx.prepareRecordForModification (0x000071df3fe1be08) [0x000071df3fe1bf00, 0x000071df3fe1dd88] 
[4,231s][debug][gc,nmethod     ] GC(1) O: Purge NMethod: io.sirix.utils.XMLToken.isValidQName (0x000071df3ff06e08) [0x000071df3ff06f00, 0x000071df3ff08450] 
[4,231s][debug][gc,nmethod     ] GC(1) O: Purge NMethod: io.sirix.index.path.summary.PathSummaryReader.putMapping (0x000071df3fec2a88) [0x000071df3fec2b80, 0x000071df3fec35b8] 
[4,231s][debug][gc,nmethod     ] GC(1) O: Purge NMethod: net.openhft.hashing.XXH3.XXH3_mix2Accs (0x000071df3ffd6308) [0x000071df3ffd6400, 0x000071df3ffd7500] 
[4,231s][debug][gc,nmethod     ] GC(1) O: Purge NMethod: java.nio.Buffer.session (0x000071df5ec99e88) [0x000071df5ec99f80, 0x000071df5ec9a068] 
[4,231s][debug][gc,nmethod     ] GC(1) O: Purge NMethod: jdk.internal.misc.Unsafe.getLongUnaligned (0x000071df3f8edf88) [0x000071df3f8ee080, 0x000071df3f8ee260] 
[4,231s][debug][gc,nmethod     ] GC(1) O: Purge NMethod: io.sirix.node.GrowingMemorySegment.writeInt (0x000071df3f924688) [0x000071df3f924780, 0x000071df3f9285b0] 
[4,231s][debug][gc,nmethod     ] GC(1) O: Purge NMethod: it.unimi.dsi.fastutil.ints.Int2ObjectOpenHashMap.get (0x000071df3fe53508) [0x000071df3fe53600, 0x000071df3fe53c70] 
[4,231s][debug][gc,nmethod     ] GC(1) O: Purge NMethod: java.util.Arrays$ArrayItr.hasNext (0x000071df3f550988) [0x000071df3f550a80, 0x000071df3f550c10] 
[4,231s][debug][gc,nmethod     ] GC(1) O: Purge NMethod: jdk.internal.foreign.ArenaImpl.<init> (0x000071df3fc35488) [0x000071df3fc35580, 0x000071df3fc35960] 
[4,231s][debug][gc,nmethod     ] GC(1) O: Purge NMethod: io.sirix.service.xml.shredder.AbstractShredder.processEndTag (0x000071df3ff56908) [0x000071df3ff56a00, 0x000071df3ff57b48] 
[4,231s][debug][gc,nmethod     ] GC(1) O: Purge NMethod: io.sirix.node.GrowingMemorySegment.writeLong (0x000071df3f94b308) [0x000071df3f94b400, 0x000071df3f94f240] 
[4,231s][debug][gc,nmethod     ] GC(1) O: Purge NMethod: java.util.concurrent.atomic.AtomicInteger.decrementAndGet (0x000071df3fa3b288) [0x000071df3fa3b380, 0x000071df3fa3b490] 
[4,231s][debug][gc,nmethod     ] GC(1) O: Purge NMethod: io.sirix.access.trx.node.xml.XmlDeweyIDManager.newAttributeID (0x000071df4000ed08) [0x000071df4000ee00, 0x000071df40012ff0] 
[4,231s][debug][gc,nmethod     ] GC(1) O: Purge NMethod: java.lang.String.<init> (0x000071df3f768008) [0x000071df3f768100, 0x000071df3f768cc0] 
[4,231s][debug][gc,nmethod     ] GC(1) O: Purge NMethod: io.sirix.node.xml.ElementNode.getLeftSiblingKey (0x000071df3fc66908) [0x000071df3fc66a00, 0x000071df3fc6b9f0] 
[4,231s][debug][gc,nmethod     ] GC(1) O: Purge NMethod: com.sun.org.apache.xerces.internal.impl.XMLEntityScanner.peekChar (0x000071df3fe4a988) [0x000071df3fe4aa80, 0x000071df3fe4af38] 
[4,231s][debug][gc,nmethod     ] GC(1) O: Purge NMethod: com.sun.xml.internal.stream.events.XMLEventAllocatorImpl.fillAttributes (0x000071df3ff02808) [0x000071df3ff02900, 0x000071df3ff03408] 
[4,231s][debug][gc,nmethod     ] GC(1) O: Purge NMethod: io.sirix.node.xml.AbstractStructForwardingNode.hasRightSibling (0x000071df3fe4a288) [0x000071df3fe4a380, 0x000071df3fe4a948] 
[4,231s][debug][gc,nmethod     ] GC(1) O: Purge NMethod: jdk.internal.foreign.AbstractMemorySegmentImpl.isAlignedForElement (0x000071df3f87ab88) [0x000071df3f87ac80, 0x000071df3f87b2c8] 
[4,231s][debug][gc,nmethod     ] GC(1) O: Purge NMethod: java.lang.StringBuilder.append (0x000071df3f48e688) [0x000071df3f48e780, 0x000071df3f48e8c8] 
[4,231s][debug][gc,nmethod     ] GC(1) O: Purge NMethod: java.util.HashMap.computeIfAbsent (0x000071df400bf808) [0x000071df400bf900, 0x000071df400c2108] 
[4,231s][debug][gc,nmethod     ] GC(1) O: Purge NMethod: io.sirix.page.KeyValueLeafPage.updateFreeSpaceStart (0x000071df3fbd8208) [0x000071df3fbd8300, 0x000071df3fbd8888] 
[4,231s][debug][gc,nmethod     ] GC(1) O: Purge NMethod: io.sirix.node.MemorySegmentBytesOut.writeInt (0x000071df3f910808) [0x000071df3f910900, 0x000071df3f910a98] 
[4,231s][debug][gc,nmethod     ] GC(1) O: Purge NMethod: io.sirix.page.delegates.BitmapReferencesPage.index (0x000071df3f400988) [0x000071df3f400a80, 0x000071df3f401008] 
[4,231s][debug][gc,nmethod     ] GC(1) O: Purge NMethod: jdk.internal.loader.URLClassPath.getResource (0x000071df5ec5fb88) [0x000071df5ec5fc80, 0x000071df5ec641a0] 
[4,231s][debug][gc,nmethod     ] GC(1) O: Purge NMethod: jdk.internal.misc.ScopedMemoryAccess.getScopedMemoryAccess (0x000071df3f8e5e88) [0x000071df3f8e5f80, 0x000071df3f8e6068] 
[4,231s][debug][gc,nmethod     ] GC(1) O: Purge NMethod: jdk.internal.foreign.AbstractMemorySegmentImpl.checkEnclosingLayout (0x000071df3f880488) [0x000071df3f880580, 0x000071df3f883528] 
[4,231s][debug][gc,nmethod     ] GC(1) O: Purge NMethod: io.sirix.page.KeyValueLeafPage.getDeweyId (0x000071df3f8df108) [0x000071df3f8df200, 0x000071df3f8e49c8] 
[4,231s][debug][gc,nmethod     ] GC(1) O: Purge NMethod: java.lang.Enum.hashCode (0x000071df3f629a88) [0x000071df3f629b80, 0x000071df3f629cf8] 
[4,231s][debug][gc,nmethod     ] GC(1) O: Purge NMethod: java.util.HashSet.add (0x000071df3f433088) [0x000071df3f433180, 0x000071df3f433510] 
[4,231s][debug][gc,nmethod     ] GC(1) O: Purge NMethod: jdk.internal.misc.Unsafe.checkNativeAddress (0x000071df3f88ca08) [0x000071df3f88cb00, 0x000071df3f88cc10] 
[4,231s][debug][gc,nmethod     ] GC(1) O: Purge NMethod: java.util.Arrays.fill (0x000071df5ec9d208) [0x000071df5ec9d300, 0x000071df5ec9d528] 
[4,231s][debug][gc,nmethod     ] GC(1) O: Purge NMethod: io.sirix.axis.AbstractAxis.reset (0x000071df3fbd6d88) [0x000071df3fbd6e80, 0x000071df3fbd7008] 
[4,231s][debug][gc,nmethod     ] GC(1) O: Purge NMethod: kotlinx.coroutines.channels.BufferedChannelKt.getCHANNEL_CLOSED (0x000071df3fcc9f88) [0x000071df3fcca080, 0x000071df3fcca168] 
[4,231s][debug][gc,nmethod     ] GC(1) O: Purge NMethod: com.google.common.collect.testing.Helpers.addAll (0x000071df3fd13108) [0x000071df3fd13200, 0x000071df3fd13bb8] 
[4,231s][debug][gc,nmethod     ] GC(1) O: Purge NMethod: it.unimi.dsi.fastutil.ints.Int2IntOpenHashMap.put (0x000071df3f80c388) [0x000071df3f80c480, 0x000071df3f80c6e8] 
[4,231s][debug][gc,nmethod     ] GC(1) O: Purge NMethod: io.sirix.access.trx.node.AbstractNodeReadOnlyTrx.getKind (0x000071df3fe4f508) [0x000071df3fe4f600, 0x000071df3fe4fc50] 
[4,231s][debug][gc,nmethod     ] GC(1) O: Purge NMethod: io.sirix.node.xml.ElementNode.getPathNodeKey (0x000071df3fe9a588) [0x000071df3fe9a680, 0x000071df3fe9f670] 
[4,231s][debug][gc,nmethod     ] GC(1) O: Purge NMethod: java.util.BitSet.wordIndex (0x000071df3f527c88) [0x000071df3f527d80, 0x000071df3f527e68] 
[4,231s][debug][gc,nmethod     ] GC(1) O: Purge NMethod: java.lang.invoke.MethodTypeForm.canonicalize (0x000071df3f44a788) [0x000071df3f44a880, 0x000071df3f44b4d8] 
[4,231s][debug][gc,nmethod     ] GC(1) O: Purge NMethod: java.util.concurrent.atomic.AtomicLongFieldUpdater$CASUpdater.get (0x000071df3fad6488) [0x000071df3fad6580, 0x000071df3fad6988] 
[4,231s][debug][gc,nmethod     ] GC(1) O: Purge NMethod: com.sun.org.apache.xerces.internal.impl.XMLEntityScanner.scanContent (0x000071df400ba588) [0x000071df400ba680, 0x000071df400bb5f8] 
[4,231s][debug][gc,nmethod     ] GC(1) O: Purge NMethod: jdk.internal.foreign.AbstractMemorySegmentImpl.checkBounds (0x000071df3f809808) [0x000071df3f809900, 0x000071df3f809b90] 
[4,231s][debug][gc,nmethod     ] GC(1) O: Purge NMethod: java.lang.runtime.ObjectMethods.hashCombiner (0x000071df3f80b488) [0x000071df3f80b580, 0x000071df3f80b670] 
[4,231s][debug][gc,nmethod     ] GC(1) O: Purge NMethod: jdk.internal.loader.URLClassPath$JarLoader$1.getCodeSourceURL (0x000071df3f5da588) [0x000071df3f5da680, 0x000071df3f5da7e8] 
[4,231s][debug][gc,nmethod     ] GC(1) O: Purge NMethod: com.sun.org.apache.xerces.internal.impl.XMLEntityScanner.checkBeforeLoad (0x000071df3fe2b308) [0x000071df3fe2b400, 0x000071df3fe2b958] 
[4,232s][debug][gc,nmethod     ] GC(1) O: Purge NMethod: jdk.internal.foreign.HeapMemorySegmentImpl$OfByte.unsafeGetBase (0x000071df401ddb88) [0x000071df401ddc80, 0x000071df401dde88] 
[4,232s][debug][gc,nmethod     ] GC(1) O: Purge NMethod: io.sirix.node.xml.AbstractStructForwardingNode.hasFirstChild (0x000071df3fe4ca08) [0x000071df3fe4cb00, 0x000071df3fe4d0c8] 
[4,232s][debug][gc,nmethod     ] GC(1) O: Purge NMethod: jdk.internal.classfile.impl.StackMapGenerator$Frame.checkStack (0x000071df3f4f6808) [0x000071df3f4f6900, 0x000071df3f4f7548] 
[4,232s][debug][gc,nmethod     ] GC(1) O: Purge NMethod: java.lang.ref.Reference.refersToImpl (0x000071df3f506908) [0x000071df3f506a00, 0x000071df3f506b38] 
[4,232s][debug][gc,nmethod     ] GC(1) O: Purge NMethod: java.nio.Bits.reserveMemory (0x000071df3f40f088) [0x000071df3f40f180, 0x000071df3f4120d8] 
[4,232s][debug][gc,nmethod     ] GC(1) O: Purge NMethod: net.openhft.hashing.XXH3.XXH3_64bits_internal (0x000071df3fedb688) [0x000071df3fedb780, 0x000071df3fefa148] 
[4,232s][debug][gc,nmethod     ] GC(1) O: Purge NMethod: java.lang.invoke.SegmentVarHandle.checkSegment (0x000071df3f886808) [0x000071df3f886900, 0x000071df3f889e68] 
[4,232s][debug][gc,nmethod     ] GC(1) O: Purge NMethod: com.google.common.collect.testing.Helpers.addAll (0x000071df3fa46988) [0x000071df3fa46a80, 0x000071df3fa47438] 
[4,232s][debug][gc,nmethod     ] GC(1) O: Purge NMethod: com.sun.org.apache.xerces.internal.xni.QName.setValues (0x000071df3feff708) [0x000071df3feff800, 0x000071df3feffbb8] 
[4,232s][debug][gc,nmethod     ] GC(1) O: Purge NMethod: java.nio.Buffer.session (0x000071df3f484e88) [0x000071df3f484f80, 0x000071df3f485388] 
[4,232s][debug][gc,nmethod     ] GC(1) O: Purge NMethod: java.nio.MappedByteBuffer.limit (0x000071df3fb17988) [0x000071df3fb17a80, 0x000071df3fb17e40] 
[4,232s][debug][gc,nmethod     ] GC(1) O: Purge NMethod: io.sirix.axis.filter.PathNameFilter.filter (0x000071df3fe8de88) [0x000071df3fe8df80, 0x000071df3fe90720] 
[4,232s][debug][gc,nmethod     ] GC(1) O: Purge NMethod: io.sirix.page.PageUtils.fixupPageReferenceIds (0x000071df3fa58a88) [0x000071df3fa58b80, 0x000071df3fa59c68] 
[4,232s][debug][gc,nmethod     ] GC(1) O: Purge NMethod: io.sirix.page.NamePage.setName (0x000071df3fec1388) [0x000071df3fec1480, 0x000071df3fec2a20] 
[4,232s][debug][gc,nmethod     ] GC(1) O: Purge NMethod: com.sun.org.apache.xerces.internal.impl.XMLDocumentFragmentScannerImpl.scanEndElement (0x000071df3ff87e08) [0x000071df3ff87f00, 0x000071df3ff89628] 
[4,232s][debug][gc,nmethod     ] GC(1) O: Purge NMethod: io.sirix.node.xml.ElementNode.getFirstChildKey (0x000071df3fb2d588) [0x000071df3fb2d680, 0x000071df3fb32670] 
[4,232s][debug][gc,nmethod     ] GC(1) O: Purge NMethod: java.nio.charset.Charset.defaultCharset (0x000071df3fd8e388) [0x000071df3fd8e480, 0x000071df3fd8e578] 
[4,232s][debug][gc,nmethod     ] GC(1) O: Purge NMethod: java.util.concurrent.ConcurrentHashMap.putVal (0x000071df3f6aab08) [0x000071df3f6aac00, 0x000071df3f6ad148] 
[4,232s][debug][gc,nmethod     ] GC(1) O: Purge NMethod: jdk.internal.foreign.AbstractMemorySegmentImpl$$Lambda/0x00000000ae1ec240.apply (0x000071df401db188) [0x000071df401db280, 0x000071df401db3c8] 
[4,232s][debug][gc,nmethod     ] GC(1) O: Purge NMethod: io.sirix.access.trx.page.AbstractForwardingPageReadOnlyTrx.getResourceSession (0x000071df3fd85808) [0x000071df3fd85900, 0x000071df3fd85e38] 
[4,232s][debug][gc,nmethod     ] GC(1) O: Purge NMethod: io.sirix.page.RevisionRootPage.incrementAndGetMaxNodeKeyInDocumentIndex (0x000071df3fe84e08) [0x000071df3fe84f00, 0x000071df3fe85010] 
[4,232s][debug][gc,nmethod     ] GC(1) O: Purge NMethod: jdk.internal.misc.Unsafe.putLongUnaligned (0x000071df3f8efd88) [0x000071df3f8efe80, 0x000071df3f8f0088] 
[4,232s][debug][gc,nmethod     ] GC(1) O: Purge NMethod: jdk.internal.classfile.impl.StackMapGenerator.processBlock (0x000071df3f48f588) [0x000071df3f48f680, 0x000071df3f4be948] 
[4,232s][debug][gc,nmethod     ] GC(1) O: Purge NMethod: com.sun.xml.internal.stream.XMLEventReaderImpl.hasNext (0x000071df3fe4fc88) [0x000071df3fe4fd80, 0x000071df3fe500c0] 
[4,232s][debug][gc,nmethod     ] GC(1) O: Purge NMethod: io.sirix.node.xml.AbstractStructForwardingNode.getRightSiblingKey (0x000071df3fec0f08) [0x000071df3fec1000, 0x000071df3fec1330] 
[4,232s][debug][gc,nmethod     ] GC(1) O: Purge NMethod: jdk.xml.internal.JdkXmlUtils.getProperty (0x000071df3fea9688) [0x000071df3fea9780, 0x000071df3feaa4d8] 
[4,232s][debug][gc,nmethod     ] GC(1) O: Purge NMethod: java.lang.ref.Cleaner$1.apply (0x000071df3f47c608) [0x000071df3f47c700, 0x000071df3f47cab0] 
[4,232s][debug][gc,nmethod     ] GC(1) O: Purge NMethod: jdk.internal.classfile.impl.BufWriterImpl.writeU1U2 (0x000071df3f4e7f08) [0x000071df3f4e8000, 0x000071df3f4e8498] 
[4,232s][debug][gc,nmethod     ] GC(1) O: Purge NMethod: io.sirix.node.MemorySegmentBytesOut.writeByte (0x000071df3f91f008) [0x000071df3f91f100, 0x000071df3f91f298] 
[4,232s][debug][gc,nmethod     ] GC(1) O: Purge NMethod: com.sun.xml.internal.stream.events.StartElementEvent.getAttributes (0x000071df3ff52588) [0x000071df3ff52680, 0x000071df3ff52f30] 
[4,232s][debug][gc,nmethod     ] GC(1) O: Purge NMethod: net.openhft.hashing.XXH3.XXH3_mix16B (0x000071df3fe1f808) [0x000071df3fe1f900, 0x000071df3fe21290] 
[4,232s][debug][gc,nmethod     ] GC(1) O: Purge NMethod: java.lang.String.<init> (0x000071df3f636e88) [0x000071df3f636f80, 0x000071df3f637558] 
[4,232s][debug][gc,nmethod     ] GC(1) O: Purge NMethod: io.sirix.access.trx.node.xml.XmlNodeReadOnlyTrxImpl.isElement (0x000071df3ffe7808) [0x000071df3ffe7900, 0x000071df3ffe8398] 
[4,232s][debug][gc,nmethod     ] GC(1) O: Purge NMethod: kotlinx.coroutines.DebugKt.getASSERTIONS_ENABLED (0x000071df3fb12e88) [0x000071df3fb12f80, 0x000071df3fb13068] 
[4,232s][debug][gc,nmethod     ] GC(1) O: Purge NMethod: com.sun.org.apache.xerces.internal.impl.XMLEntityScanner.skipSpaces (0x000071df3fe69008) [0x000071df3fe69100, 0x000071df3fe6a3a0] 
[4,232s][debug][gc,nmethod     ] GC(1) O: Purge NMethod: java.util.concurrent.ConcurrentHashMap.putIfAbsent (0x000071df5ec7b188) [0x000071df5ec7b280, 0x000071df5ec7da20] 
[4,232s][debug][gc,nmethod     ] GC(1) O: Purge NMethod: io.sirix.page.KeyValueLeafPage.setData (0x000071df3f9b9808) [0x000071df3f9b9900, 0x000071df3f9ff0b0] 
[4,232s][debug][gc,nmethod     ] GC(1) O: Purge NMethod: java.util.concurrent.ForkJoinTask.setNoUserHelp (0x000071df3fc34388) [0x000071df3fc34480, 0x000071df3fc34590] 
[4,232s][debug][gc,nmethod     ] GC(1) O: Purge NMethod: jdk.internal.classfile.impl.StackMapGenerator.processBlock (0x000071df5ec93208) [0x000071df5ec93300, 0x000071df5ec952b0] 
[4,232s][debug][gc,nmethod     ] GC(1) O: Purge NMethod: org.magicwerk.brownies.collections.GapList.doAdd (0x000071df5ecee188) [0x000071df5ecee280, 0x000071df5eceec08] 
[4,232s][debug][gc,nmethod     ] GC(1) O: Purge NMethod: java.util.AbstractList.<init> (0x000071df3f48f288) [0x000071df3f48f380, 0x000071df3f48f540] 
[4,232s][debug][gc,nmethod     ] GC(1) O: Purge NMethod: sun.security.provider.SHA2.implCompress0 (0x000071df3fbc0808) [0x000071df3fbc0900, 0x000071df3fbc15b0] 
[4,232s][debug][gc,nmethod     ] GC(1) O: Purge NMethod: java.lang.Long.bitCount (0x000071df3f804408) [0x000071df3f804500, 0x000071df3f804668] 
[4,232s][debug][gc,nmethod     ] GC(1) O: Purge NMethod: jdk.internal.misc.Unsafe.putIntUnaligned (0x000071df3f89c288) [0x000071df3f89c380, 0x000071df3f89c5b0] 
[4,232s][debug][gc,nmethod     ] GC(1) O: Purge NMethod: java.lang.StringBuilder.setLength (0x000071df3fec6088) [0x000071df3fec6180, 0x000071df3fec62b0] 
[4,232s][debug][gc,nmethod     ] GC(1) O: Purge NMethod: io.sirix.node.xml.ElementNode.getPrefixKey (0x000071df3ff27f08) [0x000071df3ff28000, 0x000071df3ff2cff0] 
[4,232s][debug][gc,nmethod     ] GC(1) O: Purge NMethod: io.sirix.axis.AbstractAxis.nextLong (0x000071df3fb6ba88) [0x000071df3fb6bb80, 0x000071df3fb6c600] 
[4,232s][debug][gc,nmethod     ] GC(1) O: Purge NMethod: com.sun.xml.internal.stream.events.DummyEvent.asCharacters (0x000071df3fed4a88) [0x000071df3fed4b80, 0x000071df3fed4ea0] 
[4,232s][debug][gc,nmethod     ] GC(1) O: Purge NMethod: com.sun.org.apache.xerces.internal.impl.XMLDocumentFragmentScannerImpl.getAttributeIterator (0x000071df3fedad88) [0x000071df3fedae80, 0x000071df3fedb118] 
[4,232s][debug][gc,nmethod     ] GC(1) O: Purge NMethod: java.util.concurrent.ConcurrentHashMap.replaceNode (0x000071df3fb9f288) [0x000071df3fb9f380, 0x000071df3fba16f8] 
[4,232s][debug][gc,nmethod     ] GC(1) O: Purge NMethod: com.sun.org.apache.xerces.internal.impl.XMLDocumentFragmentScannerImpl$ElementStack.nextElement (0x000071df3ff38708) [0x000071df3ff38800, 0x000071df3ff39210] 
[4,232s][debug][gc,nmethod     ] GC(1) O: Purge NMethod: com.sun.org.apache.xerces.internal.impl.XMLEntityScanner.scanLiteral (0x000071df3ffe9088) [0x000071df3ffe9180, 0x000071df3ffea3c8] 
[4,232s][debug][gc,nmethod     ] GC(1) O: Purge NMethod: java.net.URL.<init> (0x000071df5ec81d88) [0x000071df5ec81e80, 0x000071df5ec830a8] 
[4,232s][debug][gc,nmethod     ] GC(1) O: Purge NMethod: java.lang.invoke.VarHandleReferences$FieldInstanceReadWrite.set (0x000071df3f802988) [0x000071df3f802a80, 0x000071df3f803aa8] 
[4,232s][debug][gc,nmethod     ] GC(1) O: Purge NMethod: jdk.xml.internal.XMLLimitAnalyzer.addValue (0x000071df3fe90788) [0x000071df3fe908a0, 0x000071df3fe939c0] 
[4,232s][debug][gc,nmethod     ] GC(1) O: Purge NMethod: io.sirix.service.xml.shredder.AbstractShredder.processStartTag (0x000071df400e9908) [0x000071df400e9a00, 0x000071df400ef6e0] 
[4,232s][debug][gc,nmethod     ] GC(1) O: Purge NMethod: kotlin.Result.constructor-impl (0x000071df3fc40588) [0x000071df3fc40680, 0x000071df3fc40760] 
[4,232s][debug][gc,nmethod     ] GC(1) O: Purge NMethod: io.sirix.access.trx.node.AbstractResourceSession.getResourceConfig (0x000071df3f670a88) [0x000071df3f670b80, 0x000071df3f670e20] 
[4,232s][debug][gc,nmethod     ] GC(1) O: Purge NMethod: io.sirix.node.xml.ElementNode.setChildCount (0x000071df3fece388) [0x000071df3fece480, 0x000071df3fed1fa0] 
[4,232s][debug][gc,nmethod     ] GC(1) O: Purge NMethod: io.sirix.page.PageReference.equals (0x000071df3fa3e988) [0x000071df3fa3ea80, 0x000071df3fa3f0d0] 
[4,232s][debug][gc,nmethod     ] GC(1) O: Purge NMethod: java.util.HashMap$Values.iterator (0x000071df3ff37c88) [0x000071df3ff37d80, 0x000071df3ff38100] 
[4,232s][debug][gc,nmethod     ] GC(1) O: Purge NMethod: io.sirix.node.MemorySegmentBytesIn.readInt (0x000071df3f62a788) [0x000071df3f62a880, 0x000071df3f62e490] 
[4,232s][debug][gc,nmethod     ] GC(1) O: Purge NMethod: com.sun.org.apache.xerces.internal.impl.XMLEntityScanner.skipChar (0x000071df3fe49788) [0x000071df3fe49880, 0x000071df3fe49dc8] 
[4,232s][debug][gc,nmethod     ] GC(1) O: Purge NMethod: sun.nio.ch.FileChannelImpl.implRead (0x000071df3f481188) [0x000071df3f481280, 0x000071df3f481c78] 
[4,232s][debug][gc,nmethod     ] GC(1) O: Purge NMethod: javax.xml.namespace.QName.<init> (0x000071df3feb8f88) [0x000071df3feb9080, 0x000071df3feb95d0] 
[4,232s][debug][gc,nmethod     ] GC(1) O: Purge NMethod: io.sirix.access.trx.node.xml.XmlNodeFactoryImpl.createAttributeNode (0x000071df40013008) [0x000071df40013100, 0x000071df40015900] 
[4,232s][debug][gc,nmethod     ] GC(1) O: Purge NMethod: io.sirix.utils.XMLToken.isNCStartChar (0x000071df400cef88) [0x000071df400cf080, 0x000071df400cf6f0] 
[4,232s][debug][gc,nmethod     ] GC(1) O: Purge NMethod: it.unimi.dsi.fastutil.ints.Int2LongOpenHashMap.put (0x000071df3f4c3988) [0x000071df3f4c3a80, 0x000071df3f4c3ce8] 
[4,232s][debug][gc,nmethod     ] GC(1) O: Purge NMethod: io.sirix.access.trx.page.NodePageTrx.createRecord (0x000071df3fe3a588) [0x000071df3fe3a680, 0x000071df3fe40ac0] 
[4,232s][debug][gc,nmethod     ] GC(1) O: Purge NMethod: java.util.ArrayList.getFirst (0x000071df3f805f08) [0x000071df3f806000, 0x000071df3f806300] 
[4,233s][debug][gc,nmethod     ] GC(1) O: Purge NMethod: jdk.internal.foreign.layout.AbstractLayout.requirePowerOfTwoAndGreaterOrEqualToOne (0x000071df3fde9e88) [0x000071df3fde9f80, 0x000071df3fdead00] 
[4,233s][debug][gc,nmethod     ] GC(1) O: Purge NMethod: io.sirix.access.trx.page.NodePageReadOnlyTrx.loadPage (0x000071df3f460988) [0x000071df3f460a80, 0x000071df3f462920] 
[4,233s][debug][gc,nmethod     ] GC(1) O: Purge NMethod: java.lang.CharacterData.of (0x000071df3f4e6508) [0x000071df3f4e6600, 0x000071df3f4e6d40] 
[4,233s][debug][gc,nmethod     ] GC(1) O: Purge NMethod: jdk.internal.foreign.Utils.isPowerOfTwo (0x000071df401d9908) [0x000071df401d9a00, 0x000071df401d9b40] 
[4,233s][debug][gc,nmethod     ] GC(1) O: Purge NMethod: io.sirix.node.xml.ElementNode.getHash (0x000071df3fe27908) [0x000071df3fe27a00, 0x000071df3fe2b270] 
[4,233s][debug][gc,nmethod     ] GC(1) O: Purge NMethod: java.util.jar.JarFile.maybeInstantiateVerifier (0x000071df3f4d4808) [0x000071df3f4d4900, 0x000071df3f4d4dd0] 
[4,233s][debug][gc,nmethod     ] GC(1) O: Purge NMethod: java.util.LinkedHashMap.newNode (0x000071df3f524408) [0x000071df3f524500, 0x000071df3f5246e8] 
[4,233s][debug][gc,nmethod     ] GC(1) O: Purge NMethod: java.util.concurrent.atomic.AtomicReferenceFieldUpdater$AtomicReferenceFieldUpdaterImpl.get (0x000071df3fa5c488) [0x000071df3fa5c580, 0x000071df3fa5c9b8] 
[4,233s][debug][gc,nmethod     ] GC(1) O: Purge NMethod: io.sirix.access.trx.node.AbstractNodeTrxImpl.getCurrentNode (0x000071df3fe2c688) [0x000071df3fe2c780, 0x000071df3fe2caf0] 
[4,233s][debug][gc,nmethod     ] GC(1) O: Purge NMethod: java.util.HashMap.values (0x000071df3ff37388) [0x000071df3ff37480, 0x000071df3ff378a8] 
[4,233s][debug][gc,nmethod     ] GC(1) O: Purge NMethod: sun.nio.ch.NativeThreadSet.add (0x000071df3f51a408) [0x000071df3f51a500, 0x000071df3f51b410] 
[4,233s][debug][gc,nmethod     ] GC(1) O: Purge NMethod: com.sun.xml.internal.stream.events.XMLEventAllocatorImpl.fillAttributes (0x000071df5ed8e788) [0x000071df5ed8e880, 0x000071df5ed90a00] 
[4,233s][debug][gc,nmethod     ] GC(1) O: Purge NMethod: java.lang.invoke.VarHandleGuards.guard_LI_I (0x000071df3f57e908) [0x000071df3f57ea00, 0x000071df3f5818d8] 
[4,233s][debug][gc,nmethod     ] GC(1) O: Purge NMethod: io.sirix.node.xml.TextNode.getRightSiblingKey (0x000071df3fb87e88) [0x000071df3fb87f80, 0x000071df3fb8cf70] 
[4,233s][debug][gc,nmethod     ] GC(1) O: Purge NMethod: io.sirix.axis.AbstractAxis.<init> (0x000071df3fbd7088) [0x000071df3fbd7180, 0x000071df3fbd7bd0] 
[4,233s][debug][gc,nmethod     ] GC(1) O: Purge NMethod: java.util.HashMap.computeIfAbsent (0x000071df5ed48108) [0x000071df5ed48200, 0x000071df5ed493b0] 
[4,233s][debug][gc,nmethod     ] GC(1) O: Purge NMethod: java.util.concurrent.ConcurrentHashMap.get (0x000071df3f710288) [0x000071df3f710380, 0x000071df3f711398] 
[4,233s][debug][gc,nmethod     ] GC(1) O: Purge NMethod: it.unimi.dsi.fastutil.ints.Int2IntOpenHashMap.find (0x000071df3f80be08) [0x000071df3f80bf00, 0x000071df3f80c368] 
[4,233s][debug][gc,nmethod     ] GC(1) O: Purge NMethod: io.sirix.node.xml.AttributeNode.getLocalNameKey (0x000071df3ffff288) [0x000071df3ffff380, 0x000071df40004370] 
[4,233s][debug][gc,nmethod     ] GC(1) O: Purge NMethod: java.nio.Buffer.session (0x000071df3f8d8588) [0x000071df3f8d8680, 0x000071df3f8d8c20] 
[4,233s][debug][gc,nmethod     ] GC(1) O: Purge NMethod: java.util.WeakHashMap.hash (0x000071df3f48a608) [0x000071df3f48a700, 0x000071df3f48aa28] 
[4,233s][debug][gc,nmethod     ] GC(1) O: Purge NMethod: kotlinx.coroutines.AbstractTimeSourceKt.getTimeSource (0x000071df3fc7bd88) [0x000071df3fc7be80, 0x000071df3fc7bfa8] 
[4,233s][debug][gc,nmethod     ] GC(1) O: Purge NMethod: io.sirix.index.path.summary.PathSummaryReader.getNodeKey (0x000071df3fe1b808) [0x000071df3fe1b900, 0x000071df3fe1bd98] 
[4,233s][debug][gc,nmethod     ] GC(1) O: Purge NMethod: io.sirix.node.MemorySegmentBytesOut.writeStopBit (0x000071df400feb08) [0x000071df400fec00, 0x000071df400fefa0] 
[4,233s][debug][gc,nmethod     ] GC(1) O: Purge NMethod: it.unimi.dsi.fastutil.longs.LongArrayList.getLong (0x000071df3fe85d88) [0x000071df3fe85e80, 0x000071df3fe87310] 
[4,233s][debug][gc,nmethod     ] GC(1) O: Purge NMethod: java.util.Arrays.fill (0x000071df5ec99b88) [0x000071df5ec99c80, 0x000071df5ec99e18] 
[4,233s][debug][gc,nmethod     ] GC(1) O: Purge NMethod: java.lang.invoke.MethodHandleImpl.profileBoolean (0x000071df3f601b88) [0x000071df3f601c80, 0x000071df3f602048] 
[4,233s][debug][gc,nmethod     ] GC(1) O: Purge NMethod: java.util.jar.JarFile.getJarEntry (0x000071df3f4c1288) [0x000071df3f4c1380, 0x000071df3f4c1880] 
[4,233s][debug][gc,nmethod     ] GC(1) O: Purge NMethod: java.lang.invoke.VarHandleGuards.guard_LJ_J (0x000071df3f8f3c88) [0x000071df3f8f3d80, 0x000071df3f8f6c40] 
[4,233s][debug][gc,nmethod     ] GC(1) O: Purge NMethod: java.lang.Class.getSimpleName (0x000071df401d9588) [0x000071df401d9680, 0x000071df401d98e0] 
[4,233s][debug][gc,nmethod     ] GC(1) O: Purge NMethod: io.sirix.page.KeyValueLeafPage.findFreeSpaceForSlots (0x000071df3fbd4c88) [0x000071df3fbd4d80, 0x000071df3fbd5a48] 
[4,233s][debug][gc,nmethod     ] GC(1) O: Purge NMethod: io.sirix.access.trx.RevisionEpochTracker.minActiveRevision (0x000071df4006b508) [0x000071df4006b600, 0x000071df4006cf18] 
[4,233s][debug][gc,nmethod     ] GC(1) O: Purge NMethod: java.lang.ref.Cleaner.register (0x000071df5ecf1088) [0x000071df5ecf1180, 0x000071df5ecf1a88] 
[4,233s][debug][gc,nmethod     ] GC(1) O: Purge NMethod: java.util.concurrent.ForkJoinPool.compareAndSetCtl (0x000071df3faf2008) [0x000071df3faf2100, 0x000071df3faf2220] 
[4,233s][debug][gc,nmethod     ] GC(1) O: Purge NMethod: com.sun.org.apache.xerces.internal.impl.XMLNSDocumentScannerImpl.next (0x000071df4005d808) [0x000071df4005d900, 0x000071df4005ddd0] 
[4,233s][debug][gc,nmethod     ] GC(1) O: Purge NMethod: io.sirix.access.trx.node.AbstractNodeReadOnlyTrx.assertNotClosed (0x000071df3f8f2e08) [0x000071df3f8f2f00, 0x000071df3f8f3108] 
[4,233s][debug][gc,nmethod     ] GC(1) O: Purge NMethod: com.sun.org.apache.xerces.internal.impl.XMLEntityScanner.scanChar (0x000071df3feda208) [0x000071df3feda300, 0x000071df3fedad28] 
[4,233s][debug][gc,nmethod     ] GC(1) O: Purge NMethod: java.lang.Math.min (0x000071df3f581908) [0x000071df3f581a00, 0x000071df3f581b28] 
[4,233s][debug][gc,nmethod     ] GC(1) O: Purge NMethod: jdk.internal.foreign.ArenaImpl.allocate (0x000071df3faa2108) [0x000071df3faa2200, 0x000071df3faa2380] 
[4,233s][debug][gc,nmethod     ] GC(1) O: Purge NMethod: io.sirix.node.BytesOut.asBytesIn (0x000071df3fa6a308) [0x000071df3fa6a400, 0x000071df3fa6b0a8] 
[4,233s][debug][gc,nmethod     ] GC(1) O: Purge NMethod: io.sirix.page.delegates.BitmapReferencesPage.getOrCreateReference (0x000071df3f7b5688) [0x000071df3f7b5780, 0x000071df3f7b5e38] 
[4,233s][debug][gc,nmethod     ] GC(1) O: Purge NMethod: io.sirix.node.MemorySegmentBytesIn.read (0x000071df3f813688) [0x000071df3f813780, 0x000071df3f81a290] 
[4,233s][debug][gc,nmethod     ] GC(1) O: Purge NMethod: com.sun.org.apache.xerces.internal.impl.XMLEntityScanner.normalizeNewlines (0x000071df3fea4888) [0x000071df3fea4980, 0x000071df3fea5ca0] 
[4,233s][debug][gc,nmethod     ] GC(1) O: Purge NMethod: io.sirix.access.trx.page.NodePageTrx.getMostRecentPageContainer (0x000071df3fbbf608) [0x000071df3fbbf700, 0x000071df3fbbfd30] 
[4,233s][debug][gc,nmethod     ] GC(1) O: Purge NMethod: java.lang.String.<init> (0x000071df3ffe8408) [0x000071df3ffe8500, 0x000071df3ffe8728] 
[4,233s][debug][gc,nmethod     ] GC(1) O: Purge NMethod: io.sirix.access.trx.node.AbstractNodeHashing.rollingAdd (0x000071df3feac208) [0x000071df3feac300, 0x000071df3feb1650] 
[4,233s][debug][gc,nmethod     ] GC(1) O: Purge NMethod: io.sirix.access.trx.node.xml.XmlNodeTrxImpl.insertAttribute (0x000071df400d3808) [0x000071df400d3900, 0x000071df400e3940] 
[4,233s][debug][gc,nmethod     ] GC(1) O: Purge NMethod: jdk.internal.classfile.impl.BufWriterImpl.writeU1 (0x000071df3f4f6288) [0x000071df3f4f6380, 0x000071df3f4f67c8] 
[4,233s][debug][gc,nmethod     ] GC(1) O: Purge NMethod: io.sirix.node.GrowingMemorySegment.<init> (0x000071df3fabf108) [0x000071df3fabf200, 0x000071df3fabf678] 
[4,233s][debug][gc,nmethod     ] GC(1) O: Purge NMethod: io.sirix.node.xml.ElementNode.getAttributeCount (0x000071df3ffe8d88) [0x000071df3ffe8e80, 0x000071df3ffe9010] 
[4,233s][debug][gc,nmethod     ] GC(1) O: Purge NMethod: java.lang.ClassLoader.checkName (0x000071df3f47f488) [0x000071df3f47f580, 0x000071df3f4802c8] 
[4,233s][debug][gc,nmethod     ] GC(1) O: Purge NMethod: jdk.internal.foreign.SegmentFactories.fromArray (0x000071df401d9c08) [0x000071df401d9d00, 0x000071df401da800] 
[4,233s][debug][gc,nmethod     ] GC(1) O: Purge NMethod: java.lang.String.regionMatches (0x000071df5ec53e88) [0x000071df5ec53f80, 0x000071df5ec542c0] 
[4,233s][debug][gc,nmethod     ] GC(1) O: Purge NMethod: java.lang.invoke.VarHandleSegmentAsLongs.get (0x000071df3f8f6c88) [0x000071df3f8f6d80, 0x000071df3f8fc220] 
[4,233s][debug][gc,nmethod     ] GC(1) O: Purge NMethod: net.openhft.hashing.UnsafeAccess.getLong (0x000071df3fbd6788) [0x000071df3fbd6880, 0x000071df3fbd6d20] 
[4,233s][debug][gc,nmethod     ] GC(1) O: Purge NMethod: io.sirix.page.PageReference.hashCode (0x000071df3f45ea88) [0x000071df3f45eb80, 0x000071df3f45fc00] 
[4,233s][debug][gc,nmethod     ] GC(1) O: Purge NMethod: io.sirix.page.delegates.BitmapReferencesPage.index (0x000071df5ed40488) [0x000071df5ed40580, 0x000071df5ed40b38] 
[4,233s][debug][gc,nmethod     ] GC(1) O: Purge NMethod: net.jpountz.lz4.LZ4BlockInputStream.refill (0x000071df3f486008) [0x000071df3f486100, 0x000071df3f488120] 
[4,233s][debug][gc,nmethod     ] GC(1) O: Purge NMethod: java.util.concurrent.ConcurrentHashMap.putIfAbsent (0x000071df3f417b88) [0x000071df3f417c80, 0x000071df3f417f80] 
[4,233s][debug][gc,nmethod     ] GC(1) O: Purge NMethod: java.lang.ThreadLocal.get (0x000071df3f53bf08) [0x000071df3f53c000, 0x000071df3f53c448] 
[4,233s][debug][gc,nmethod     ] GC(1) O: Purge NMethod: jdk.internal.classfile.impl.StackMapGenerator$Frame.pushStack (0x000071df3f55e688) [0x000071df3f55e780, 0x000071df3f55ebe0] 
[4,233s][debug][gc,nmethod     ] GC(1) O: Purge NMethod: java.util.concurrent.ForkJoinPool.deactivate (0x000071df3fca3088) [0x000071df3fca3180, 0x000071df3fca3c28] 
[4,233s][debug][gc,nmethod     ] GC(1) O: Purge NMethod: java.lang.AbstractStringBuilder.setLength (0x000071df3feb8588) [0x000071df3feb8680, 0x000071df3feb8a28] 
[4,233s][debug][gc,nmethod     ] GC(1) O: Purge NMethod: com.github.benmanes.caffeine.cache.Node.setWeight (0x000071df3fc13008) [0x000071df3fc13100, 0x000071df3fc13200] 
[4,233s][debug][gc,nmethod     ] GC(1) O: Purge NMethod: io.sirix.page.KeyValueLeafPage.setRecord (0x000071df3fc15008) [0x000071df3fc15100, 0x000071df3fc15738] 
[4,233s][debug][gc,nmethod     ] GC(1) O: Purge NMethod: java.nio.ByteBuffer.limit (0x000071df3f81b208) [0x000071df3f81b300, 0x000071df3f81b448] 
[4,233s][debug][gc,nmethod     ] GC(1) O: Purge NMethod: java.nio.ByteBuffer.<init> (0x000071df3f8cdc88) [0x000071df3f8cdd80, 0x000071df3f8cdfc8] 
[4,233s][debug][gc,nmethod     ] GC(1) O: Purge NMethod: sun.net.util.IPAddressUtil.checkHostString (0x000071df3f4d6288) [0x000071df3f4d6380, 0x000071df3f4d6580] 
[4,233s][debug][gc,nmethod     ] GC(1) O: Purge NMethod: jdk.internal.foreign.SegmentFactories.initNativeMemory (0x000071df3f86f788) [0x000071df3f86f880, 0x000071df3f86fa20] 
[4,233s][debug][gc,nmethod     ] GC(1) O: Purge NMethod: io.sirix.node.xml.TextNode.getKind (0x000071df3fd64088) [0x000071df3fd64180, 0x000071df3fd64288] 
[4,233s][debug][gc,nmethod     ] GC(1) O: Purge NMethod: io.sirix.node.json.JsonNodeSerializer.writeSizePrefix (0x000071df40112208) [0x000071df40112300, 0x000071df40112928] 
[4,233s][debug][gc,nmethod     ] GC(1) O: Purge NMethod: jdk.xml.internal.XMLSecurityManager.isOverLimit (0x000071df3fe51b08) [0x000071df3fe51c00, 0x000071df3fe531e0] 
[4,233s][debug][gc,nmethod     ] GC(1) O: Purge NMethod: io.sirix.service.xml.shredder.AbstractShredder.processStartTag (0x000071df3ff5ac88) [0x000071df3ff5ad80, 0x000071df3ff60a88] 
[4,234s][debug][gc,nmethod     ] GC(1) O: Purge NMethod: io.sirix.page.KeyValueLeafPage.releaseGuard (0x000071df3fadf588) [0x000071df3fadf680, 0x000071df3fadf9c8] 
[4,234s][debug][gc,nmethod     ] GC(1) O: Purge NMethod: io.sirix.access.trx.node.xml.XmlNodeTrxImpl.insertAttribute (0x000071df5ede0588) [0x000071df5ede0800, 0x000071df5ede3638] 
[4,234s][debug][gc,nmethod     ] GC(1) O: Purge NMethod: io.sirix.node.xml.ElementNode.getKind (0x000071df3fbd7c08) [0x000071df3fbd7d00, 0x000071df3fbd7e08] 
[4,234s][debug][gc,nmethod     ] GC(1) O: Purge NMethod: io.sirix.service.xml.shredder.XmlShredder.addNewElement (0x000071df3ff53408) [0x000071df3ff53500, 0x000071df3ff56898] 
[4,234s][debug][gc,nmethod     ] GC(1) O: Purge NMethod: java.util.BitSet.expandTo (0x000071df3f529388) [0x000071df3f529480, 0x000071df3f529608] 
[4,234s][debug][gc,nmethod     ] GC(1) O: Purge NMethod: io.sirix.node.GrowingMemorySegment.grow (0x000071df40124008) [0x000071df40124100, 0x000071df40134f48] 
[4,234s][debug][gc,nmethod     ] GC(1) O: Purge NMethod: java.util.Arrays.fill (0x000071df3f5c4e88) [0x000071df3f5c4f80, 0x000071df3f5c53a8] 
[4,234s][debug][gc,nmethod     ] GC(1) O: Purge NMethod: io.sirix.node.xml.TextNode.hasLeftSibling (0x000071df3fefa188) [0x000071df3fefa280, 0x000071df3feff6b8] 
[4,234s][debug][gc,nmethod     ] GC(1) O: Purge NMethod: java.lang.Class.getName (0x000071df3f452b08) [0x000071df3f452c00, 0x000071df3f452db0] 
[4,234s][debug][gc,nmethod     ] GC(1) O: Purge NMethod: jdk.internal.foreign.HeapMemorySegmentImpl$OfByte.<init> (0x000071df401e2d08) [0x000071df401e2e00, 0x000071df401e3000] 
[4,234s][debug][gc,nmethod     ] GC(1) O: Purge NMethod: io.sirix.node.xml.ElementNode.incrementChildCount (0x000071df3fecbf08) [0x000071df3fecc000, 0x000071df3fecc730] 
[4,234s][debug][gc,nmethod     ] GC(1) O: Purge NMethod: java.util.concurrent.atomic.AtomicReferenceArray.compareAndSet (0x000071df3fc5a508) [0x000071df3fc5a600, 0x000071df3fc5cb78] 
[4,234s][debug][gc,nmethod     ] GC(1) O: Purge NMethod: io.sirix.access.trx.node.AbstractIndexController.notifyChange (0x000071df3feb7588) [0x000071df3feb7680, 0x000071df3feb8538] 
[4,234s][debug][gc,nmethod     ] GC(1) O: Purge NMethod: com.sun.org.apache.xerces.internal.util.XMLStringBuffer.clear (0x000071df4006e788) [0x000071df4006e880, 0x000071df4006e990] 
[4,234s][debug][gc,nmethod     ] GC(1) O: Purge NMethod: java.lang.StrictMath.ceil (0x000071df3f5f6b88) [0x000071df3f5f6ca0, 0x000071df3f5f6dc8] 
[4,234s][debug][gc,nmethod     ] GC(1) O: Purge NMethod: jdk.internal.misc.Unsafe.checkSize (0x000071df3f83ed88) [0x000071df3f83ee80, 0x000071df3f83f0e0] 
[4,234s][debug][gc,nmethod     ] GC(1) O: Purge NMethod: java.lang.Class.reflectionData (0x000071df3f5a6488) [0x000071df3f5a6580, 0x000071df3f5a6bd8] 
[4,234s][debug][gc,nmethod     ] GC(1) O: Purge NMethod: it.unimi.dsi.fastutil.ints.Int2IntOpenHashMap.get (0x000071df3fd90908) [0x000071df3fd90a00, 0x000071df3fd90f60] 
[4,234s][debug][gc,nmethod     ] GC(1) O: Purge NMethod: io.sirix.access.trx.page.NodePageReadOnlyTrx.getNamePage (0x000071df3fa56108) [0x000071df3fa56200, 0x000071df3fa571d8] 
[4,234s][debug][gc,nmethod     ] GC(1) O: Purge NMethod: io.sirix.cache.IndexLogKey.<init> (0x000071df3f4c4388) [0x000071df3f4c4480, 0x000071df3f4c4660] 
[4,234s][debug][gc,nmethod     ] GC(1) O: Purge NMethod: io.sirix.access.trx.page.NodePageTrx.getActualRevisionRootPage (0x000071df3fe6cd88) [0x000071df3fe6ce80, 0x000071df3fe6d328] 
[4,234s][debug][gc,nmethod     ] GC(1) O: Purge NMethod: jdk.internal.misc.Unsafe.weakCompareAndSetLong (0x000071df3f8d3308) [0x000071df3f8d3400, 0x000071df3f8d3520] 
[4,234s][debug][gc,nmethod     ] GC(1) O: Purge NMethod: java.lang.Thread.blockedOn (0x000071df3f427b08) [0x000071df3f427c00, 0x000071df3f427f38] 
[4,234s][debug][gc,nmethod     ] GC(1) O: Purge NMethod: java.util.LinkedHashMap.get (0x000071df3f4e0588) [0x000071df3f4e0680, 0x000071df3f4e0a98] 
[4,234s][debug][gc,nmethod     ] GC(1) O: Purge NMethod: kotlinx.coroutines.CoroutineDispatcher.get (0x000071df3fade988) [0x000071df3fadea80, 0x000071df3fadebb0] 
[4,234s][debug][gc,nmethod     ] GC(1) O: Purge NMethod: kotlin.coroutines.intrinsics.IntrinsicsKt__IntrinsicsKt.getCOROUTINE_SUSPENDED (0x000071df3fc3b888) [0x000071df3fc3b980, 0x000071df3fc3ba68] 
[4,234s][debug][gc,nmethod     ] GC(1) O: Purge NMethod: io.sirix.axis.AbstractAxis.resetToLastKey (0x000071df3fb29d88) [0x000071df3fb29e80, 0x000071df3fb2a438] 
[4,234s][debug][gc,nmethod     ] GC(1) O: Purge NMethod: java.nio.MappedByteBuffer.<init> (0x000071df3fa3af88) [0x000071df3fa3b080, 0x000071df3fa3b250] 
[4,234s][debug][gc,nmethod     ] GC(1) O: Purge NMethod: java.lang.invoke.LambdaForm$MH/0x00000000ae269800.guard (0x000071df3fa47488) [0x000071df3fa47580, 0x000071df3fa48820] 
[4,234s][debug][gc,nmethod     ] GC(1) O: Purge NMethod: jdk.internal.foreign.SegmentFactories.allocateNativeInternal (0x000071df3faaae88) [0x000071df3faaaf80, 0x000071df3faae3d8] 
[4,234s][debug][gc,nmethod     ] GC(1) O: Purge NMethod: jdk.internal.ref.CleanerImpl$CleanableList.insert (0x000071df4006a988) [0x000071df4006aa80, 0x000071df4006b500] 
[4,234s][debug][gc,nmethod     ] GC(1) O: Purge NMethod: java.nio.Bits.tryReserveMemory (0x000071df3f41a808) [0x000071df3f41a900, 0x000071df3f41b2f0] 
[4,234s][debug][gc,nmethod     ] GC(1) O: Purge NMethod: io.sirix.axis.AbstractAxis.tryToComputeNext (0x000071df3fb2a488) [0x000071df3fb2a580, 0x000071df3fb2acb0] 
[4,234s][debug][gc,nmethod     ] GC(1) O: Purge NMethod: java.lang.Long.hashCode (0x000071df3f51cd08) [0x000071df3f51ce00, 0x000071df3f51cef0] 
[4,234s][debug][gc,nmethod     ] GC(1) O: Purge NMethod: io.sirix.axis.filter.PathNameFilter.<init> (0x000071df3ff0bb08) [0x000071df3ff0bc00, 0x000071df3ff0d858] 
[4,234s][debug][gc,nmethod     ] Register NMethod: io.sirix.access.trx.node.xml.XmlNodeReadOnlyTrxImpl.getLocalNameKey (0x000071df5ee8cd08) [0x000071df5ee8ce00, 0x000071df5ee8d138] Compiler: jvmci, Barriers: 5, Oops: 1, ImmediateOops: 0, NonImmediateOops: No
[4,234s][debug][gc,phases      ] GC(1) O: Concurrent Classes Purge 9,660ms
[4,234s][debug][gc,phases,start] GC(1) O: Concurrent References Enqueue
[4,234s][debug][gc,phases      ] GC(1) O: Concurrent References Enqueue 0,014ms
[4,234s][debug][gc,nmethod     ] Register NMethod: io.sirix.access.trx.page.NodePageReadOnlyTrx$PageFragmentsResult.originalKeys (0x000071df5ebe6808) [0x000071df5ebe6900, 0x000071df5ebe69e8] Compiler: c1, Barriers: 1, Oops: 1, ImmediateOops: 0, NonImmediateOops: No
[4,234s][debug][gc,reloc       ] Synchronize all workers 1 _nworkers: 0 _nsynchronized: 0
[4,234s][debug][gc,reloc       ] Synchronize all workers 1 _nworkers: 0 _nsynchronized: 0
[4,234s][info ][gc,phases      ] GC(1) O: Concurrent Process Non-Strong 19,246ms
[4,234s][debug][gc,phases,start] GC(1) O: Concurrent Reset Relocation Set
[4,234s][info ][gc,phases      ] GC(1) O: Concurrent Reset Relocation Set 0,011ms
[4,234s][debug][gc,phases,start] GC(1) O: Concurrent Select Relocation Set
[4,235s][debug][gc,reloc       ] Desynchronize all workers _nworkers: 0 _nsynchronized: 0
[4,235s][debug][gc,reloc       ] Desynchronize all workers _nworkers: 0 _nsynchronized: 0
[4,235s][debug][gc,nmethod     ] Register NMethod: io.sirix.access.trx.page.NodePageReadOnlyTrx$PageFragmentsResult.storageKeyForFirstFragment (0x000071df5ec84788) [0x000071df5ec84880, 0x000071df5ec84940] Compiler: c1, Barriers: 0, Oops: 1, ImmediateOops: 0, NonImmediateOops: No
[4,235s][debug][gc,reloc       ] GC(1) O: Relocation Set (Medium Pages): 0->0, 0 skipped, 0 forwarding entries
[4,235s][debug][gc,reloc       ] GC(1) O: Relocation Set (Small Pages): 0->0, 0 skipped, 0 forwarding entries
[4,235s][debug][gc,task        ] GC(1) O: Executing ZRelocationSetInstallTask using ZWorkerOld with 3 workers
[4,235s][info ][gc,phases      ] GC(1) O: Concurrent Select Relocation Set 0,199ms
[4,235s][debug][gc,phases,start] GC(1) O: Concurrent Remap Roots
[4,235s][info ][gc,task        ] GC(1) O: Using 5 Workers for Old Generation
[4,235s][debug][gc,task        ] GC(1) O: Executing ZRemapYoungRootsTask using ZWorkerOld with 5 workers
[4,237s][info ][gc,task        ] GC(1) O: Using 3 Workers for Old Generation
[4,237s][info ][gc,phases      ] GC(1) O: Concurrent Remap Roots 2,563ms
[4,237s][debug][gc,reloc       ] Synchronize all workers 1 _nworkers: 0 _nsynchronized: 0
[4,237s][debug][gc,reloc       ] Synchronize all workers 1 _nworkers: 0 _nsynchronized: 0
[4,237s][debug][gc,phases,start] GC(1) O: Pause Relocate Start
[4,237s][debug][gc,reloc       ] GC(1) O: Joining workers: 3
[4,237s][info ][gc,phases      ] GC(1) O: Pause Relocate Start 0,023ms
[4,237s][debug][gc,reloc       ] Desynchronize all workers _nworkers: 3 _nsynchronized: 0
[4,237s][debug][gc,reloc       ] Desynchronize all workers _nworkers: 0 _nsynchronized: 0
[4,237s][debug][gc,phases,start] GC(1) O: Concurrent Relocate
[4,237s][debug][gc,task        ] GC(1) O: Executing ZRelocateStoreBufferInstallBasePointersTask using ZWorkerOld with 3 workers
[4,238s][debug][gc,task        ] GC(1) O: Executing ZRelocateTask using ZWorkerOld with 3 workers
[4,238s][debug][gc,reloc       ] GC(1) O: Leaving workers: left: 2 _synchronize: 0 _nsynchronized: 0
[4,238s][debug][gc,reloc       ] GC(1) O: Leaving workers: left: 1 _synchronize: 0 _nsynchronized: 0
[4,238s][debug][gc,reloc       ] GC(1) O: Leaving workers: left: 0 _synchronize: 0 _nsynchronized: 0
[4,238s][info ][gc,phases      ] GC(1) O: Concurrent Relocate 0,264ms
[4,238s][debug][gc,heap        ] GC(1) O: Heap After GC invocations=2 (full 2):
[4,238s][debug][gc,heap        ] GC(1) O:  ZHeap           used 798M, capacity 5120M, max capacity 12288M
[4,238s][debug][gc,heap        ] GC(1) O:   Cache          4322M (3)
[4,238s][debug][gc,heap        ] GC(1) O:    size classes  4M (1), 512M (1), 2G (1)
[4,238s][debug][gc,metaspace   ] GC(1) O: Metaspace After GC invocations=2 (full 2):
[4,238s][debug][gc,metaspace   ] GC(1) O:  Metaspace       used 33204K, committed 33664K, reserved 1114112K
[4,238s][debug][gc,metaspace   ] GC(1) O:   class space    used 2611K, committed 2816K, reserved 1048576K
[4,238s][info ][gc,alloc       ] GC(1) O:                         Mark Start        Mark End      Relocate Start    Relocate End   
[4,238s][info ][gc,alloc       ] GC(1) O: Allocation Stalls:          0                0                0                0         
[4,238s][info ][gc,load        ] GC(1) O: Load: 5,31 (27%) / 2,18 (11%) / 1,52 (8%)
[4,238s][info ][gc,mmu         ] GC(1) O: MMU: 2ms/93,2%, 5ms/97,3%, 10ms/98,6%, 20ms/99,3%, 50ms/99,7%, 100ms/99,9%
[4,238s][info ][gc,marking     ] GC(1) O: Mark: 2 stripe(s), 1 proactive flush(es), 1 terminate flush(es), 0 completion(s), 0 continuation(s) 
[4,238s][info ][gc,nmethod     ] GC(1) O: NMethods: 4446 registered, 673 unregistered
[4,238s][info ][gc,metaspace   ] GC(1) O: Metaspace: 32M used, 32M committed, 1088M reserved
[4,238s][info ][gc,ref         ] GC(1) O:                       Encountered   Discovered     Enqueued 
[4,238s][info ][gc,ref         ] GC(1) O: Soft References:             3011            0            0 
[4,238s][info ][gc,ref         ] GC(1) O: Weak References:             2022            0            0 
[4,238s][info ][gc,ref         ] GC(1) O: Final References:            4684            0            0 
[4,238s][info ][gc,ref         ] GC(1) O: Phantom References:        332124            0            0 
[4,238s][info ][gc,heap        ] GC(1) O: Min Capacity: 5120M(42%)
[4,238s][info ][gc,heap        ] GC(1) O: Max Capacity: 12288M(100%)
[4,238s][info ][gc,heap        ] GC(1) O: Soft Max Capacity: 12288M(100%)
[4,238s][info ][gc,heap        ] GC(1) O: Heap Statistics:
[4,238s][info ][gc,heap        ] GC(1) O:                Mark Start          Mark End        Relocate Start      Relocate End           High               Low         
[4,238s][info ][gc,heap        ] GC(1) O:  Capacity:     5120M (42%)        5120M (42%)        5120M (42%)        5120M (42%)        5120M (42%)        5120M (42%)    
[4,238s][info ][gc,heap        ] GC(1) O:      Free:    11054M (90%)       11510M (94%)       11490M (94%)       11490M (94%)       11534M (94%)       10724M (87%)    
[4,238s][info ][gc,heap        ] GC(1) O:      Used:     1234M (10%)         778M (6%)          798M (6%)          798M (6%)         1564M (13%)         754M (6%)     
[4,238s][info ][gc,heap        ] GC(1) O: Old Generation Statistics:
[4,238s][info ][gc,heap        ] GC(1) O:                Mark Start          Mark End        Relocate Start      Relocate End    
[4,238s][info ][gc,heap        ] GC(1) O:      Used:        0M (0%)          228M (2%)          228M (2%)          228M (2%)     
[4,238s][info ][gc,heap        ] GC(1) O:      Live:         -                 0M (0%)            0M (0%)            0M (0%)     
[4,238s][info ][gc,heap        ] GC(1) O:   Garbage:         -                 0M (0%)            0M (0%)            0M (0%)     
[4,238s][info ][gc,heap        ] GC(1) O: Allocated:         -               228M (2%)          228M (2%)          228M (2%)     
[4,238s][info ][gc,heap        ] GC(1) O: Reclaimed:         -                  -                 0M (0%)            0M (0%)     
[4,238s][info ][gc,heap        ] GC(1) O: Compacted:         -                  -                  -                 0M (0%)     
[4,238s][info ][gc,phases      ] GC(1) O: Old Generation 776M(6%)->798M(6%) 0,024s
[4,238s][info ][gc             ] GC(1) Major Collection (Warmup) 1234M(10%)->798M(6%) 0,374s
[4,239s][debug][gc,director    ] Rule Major: Warmup 20%, Used: 800MB, UsedThreshold: 2457MB
[4,241s][debug][gc,nmethod     ] Register NMethod: java.util.concurrent.ConcurrentHashMap.size (0x000071df3f427b08) [0x000071df3f427c00, 0x000071df3f427fd0] Compiler: c1, Barriers: 0, Oops: 0, ImmediateOops: 0, NonImmediateOops: No
[4,241s][debug][gc,nmethod     ] Register NMethod: io.sirix.axis.DescendantAxis.hasNextNode (0x000071df5ed54388) [0x000071df5ed54480, 0x000071df5ed55fe0] Compiler: jvmci, Barriers: 45, Oops: 2, ImmediateOops: 2, NonImmediateOops: No
[4,242s][debug][gc,nmethod     ] Register NMethod: java.lang.invoke.DirectMethodHandle.internalMemberName (0x000071df5ecec088) [0x000071df5ecec180, 0x000071df5ecec278] Compiler: jvmci, Barriers: 1, Oops: 0, ImmediateOops: 0, NonImmediateOops: No
[4,243s][debug][gc,nmethod     ] Register NMethod: java.nio.MappedByteBuffer.flip (0x000071df5ed47088) [0x000071df5ed47180, 0x000071df5ed47218] Compiler: jvmci, Barriers: 0, Oops: 0, ImmediateOops: 0, NonImmediateOops: No
[4,244s][debug][gc,nmethod     ] Register NMethod: io.sirix.page.KeyValueLeafPage.markAccessed (0x000071df5ed4b908) [0x000071df5ed4ba00, 0x000071df5ed4ba90] Compiler: jvmci, Barriers: 0, Oops: 1, ImmediateOops: 0, NonImmediateOops: No
[4,245s][debug][gc,nmethod     ] Register NMethod: sun.nio.ch.UnixFileDispatcherImpl.pread (0x000071df5ec9d208) [0x000071df5ec9d300, 0x000071df5ec9d3b8] Compiler: jvmci, Barriers: 0, Oops: 0, ImmediateOops: 0, NonImmediateOops: No
[4,246s][debug][gc,nmethod     ] Register NMethod: io.sirix.cache.PageGuard.page (0x000071df5edf9508) [0x000071df5edf9600, 0x000071df5edf96e8] Compiler: jvmci, Barriers: 1, Oops: 1, ImmediateOops: 0, NonImmediateOops: No
[4,248s][debug][gc,nmethod     ] Register NMethod: java.util.concurrent.ConcurrentHashMap.compute (0x000071df3f43db88) [0x000071df3f43dc80, 0x000071df3f441190] Compiler: c1, Barriers: 33, Oops: 0, ImmediateOops: 2, NonImmediateOops: No
[4,249s][debug][gc,director    ] Rule Major: Warmup 20%, Used: 810MB, UsedThreshold: 2457MB
[4,251s][debug][gc,nmethod     ] Register NMethod: ch.qos.logback.classic.Logger.debug (0x000071df3f412608) [0x000071df3f412700, 0x000071df3f412870] Compiler: c1, Barriers: 0, Oops: 1, ImmediateOops: 2, NonImmediateOops: No
[4,259s][debug][gc,nmethod     ] Register NMethod: java.lang.StringConcatHelper.stringSize (0x000071df3f44e488) [0x000071df3f44e580, 0x000071df3f44e7e8] Compiler: c1, Barriers: 0, Oops: 0, ImmediateOops: 1, NonImmediateOops: No
[4,259s][debug][gc,nmethod     ] Register NMethod: java.lang.StringConcatHelper.prepend (0x000071df3f51a408) [0x000071df3f51a500, 0x000071df3f51b428] Compiler: c1, Barriers: 2, Oops: 0, ImmediateOops: 0, NonImmediateOops: No
[4,259s][debug][gc,director    ] Rule Major: Warmup 20%, Used: 822MB, UsedThreshold: 2457MB
[4,264s][debug][gc,nmethod     ] Register NMethod: java.lang.ref.Finalizer.register (0x000071df5eda1908) [0x000071df5eda1a00, 0x000071df5eda1f68] Compiler: jvmci, Barriers: 17, Oops: 1, ImmediateOops: 3, NonImmediateOops: No
[4,269s][debug][gc,nmethod     ] Register NMethod: sun.nio.ch.FileChannelImpl.readInternal (0x000071df5ede0b88) [0x000071df5ede0c80, 0x000071df5ede3620] Compiler: jvmci, Barriers: 54, Oops: 2, ImmediateOops: 3, NonImmediateOops: No
[4,269s][debug][gc,nmethod     ] Register NMethod: java.lang.StringConcatHelper.stringSize (0x000071df3f525308) [0x000071df3f525400, 0x000071df3f525668] Compiler: c1, Barriers: 0, Oops: 0, ImmediateOops: 1, NonImmediateOops: No
[4,269s][debug][gc,director    ] Rule Major: Warmup 20%, Used: 832MB, UsedThreshold: 2457MB
[4,270s][debug][gc,nmethod     ] Register NMethod: java.lang.StringConcatHelper.prepend (0x000071df3f52a808) [0x000071df3f52a900, 0x000071df3f52b828] Compiler: c1, Barriers: 2, Oops: 0, ImmediateOops: 0, NonImmediateOops: No
[4,271s][debug][gc,nmethod     ] Register NMethod: java.io.ByteArrayInputStream.read (0x000071df5ec99b88) [0x000071df5ec99c80, 0x000071df5ec9a150] Compiler: jvmci, Barriers: 1, Oops: 0, ImmediateOops: 0, NonImmediateOops: No
[4,272s][debug][gc,nmethod     ] Register NMethod: io.sirix.node.NodeKind$1.deserialize (0x000071df5ec5fb88) [0x000071df5ec5fc80, 0x000071df5ec63f40] Compiler: jvmci, Barriers: 142, Oops: 10, ImmediateOops: 13, NonImmediateOops: No
[4,279s][debug][gc,nmethod     ] Register NMethod: io.sirix.page.SerializationType$1.deserializeBitmapReferencesPage (0x000071df5eda3788) [0x000071df5eda3880, 0x000071df5eda7888] Compiler: jvmci, Barriers: 74, Oops: 8, ImmediateOops: 1, NonImmediateOops: No
[4,280s][debug][gc,director    ] Rule Major: Warmup 20%, Used: 844MB, UsedThreshold: 2457MB
[4,280s][debug][gc,director    ] Select Minor GC Workers (Not Warm), GCWorkers: 5,000
[4,280s][debug][gc,director    ] Rule Minor: Allocation Rate (Dynamic GC Workers), MaxAllocRate: 401,3MB/s (+/-30,8%), Free: 11402MB, GCCPUTime: 3,576, GCDuration: 0,717s, TimeUntilOOM: 21,730s, TimeUntilGC: 21,013s, GCWorkers: 5
[4,280s][debug][gc,director    ] Select Minor GC Workers (Not Warm), GCWorkers: 5,000
[4,280s][debug][gc,director    ] Rule Minor: Allocation Rate (Dynamic GC Workers), MaxAllocRate: 1653,7MB/s (+/-30,8%), Free: 11402MB, GCCPUTime: 3,576, GCDuration: 0,717s, TimeUntilOOM: 5,273s, TimeUntilGC: 4,556s, GCWorkers: 5
[4,280s][debug][gc,director    ] Rule Minor: High Usage, Free: 11402MB(92,8%)
[4,280s][debug][gc,alloc       ] Mutator Allocation Rate: 587,7MB/s Predicted: 640,5MB/s, Avg: 411,7(+/-127,3)MB/s
[4,281s][debug][gc,director    ] Rule Major: Warmup 20%, Used: 846MB, UsedThreshold: 2457MB
[4,281s][debug][gc,director    ] Select Minor GC Workers (Not Warm), GCWorkers: 5,000
[4,281s][debug][gc,director    ] Rule Minor: Allocation Rate (Dynamic GC Workers), MaxAllocRate: 411,7MB/s (+/-30,9%), Free: 11400MB, GCCPUTime: 3,576, GCDuration: 0,717s, TimeUntilOOM: 21,152s, TimeUntilGC: 20,435s, GCWorkers: 5
[4,281s][debug][gc,director    ] Select Minor GC Workers (Not Warm), GCWorkers: 5,000
[4,281s][debug][gc,director    ] Rule Minor: Allocation Rate (Dynamic GC Workers), MaxAllocRate: 1699,9MB/s (+/-30,9%), Free: 11400MB, GCCPUTime: 3,576, GCDuration: 0,717s, TimeUntilOOM: 5,122s, TimeUntilGC: 4,405s, GCWorkers: 5
[4,281s][debug][gc,director    ] Rule Minor: High Usage, Free: 11400MB(92,8%)
[4,282s][debug][gc,nmethod     ] Register NMethod: io.sirix.node.NodeKind$4.deserialize (0x000071df5ee11988) [0x000071df5ee11a80, 0x000071df5ee145a0] Compiler: jvmci, Barriers: 89, Oops: 8, ImmediateOops: 9, NonImmediateOops: No
[4,291s][debug][gc,director    ] Rule Major: Warmup 20%, Used: 858MB, UsedThreshold: 2457MB
[4,291s][debug][gc,director    ] Select Minor GC Workers (Not Warm), GCWorkers: 5,000
[4,291s][debug][gc,director    ] Rule Minor: Allocation Rate (Dynamic GC Workers), MaxAllocRate: 411,7MB/s (+/-30,9%), Free: 11388MB, GCCPUTime: 3,576, GCDuration: 0,717s, TimeUntilOOM: 21,130s, TimeUntilGC: 20,412s, GCWorkers: 5
[4,291s][debug][gc,director    ] Select Minor GC Workers (Not Warm), GCWorkers: 5,000
[4,291s][debug][gc,director    ] Rule Minor: Allocation Rate (Dynamic GC Workers), MaxAllocRate: 1699,9MB/s (+/-30,9%), Free: 11388MB, GCCPUTime: 3,576, GCDuration: 0,717s, TimeUntilOOM: 5,117s, TimeUntilGC: 4,400s, GCWorkers: 5
[4,291s][debug][gc,director    ] Rule Minor: High Usage, Free: 11388MB(92,7%)
[4,295s][debug][gc,nmethod     ] Register NMethod: jdk.internal.util.DecimalDigits.uncheckedPutCharLatin1 (0x000071df5ecef288) [0x000071df5ecef380, 0x000071df5ecef3e8] Compiler: jvmci, Barriers: 0, Oops: 0, ImmediateOops: 0, NonImmediateOops: No
[4,296s][debug][gc,nmethod     ] Register NMethod: net.jpountz.lz4.LZ4BlockInputStream.tryReadFully (0x000071df5ec53e88) [0x000071df5ec53f80, 0x000071df5ec545b0] Compiler: jvmci, Barriers: 2, Oops: 1, ImmediateOops: 0, NonImmediateOops: No
[4,301s][debug][gc,director    ] Rule Major: Warmup 20%, Used: 870MB, UsedThreshold: 2457MB
[4,301s][debug][gc,director    ] Select Minor GC Workers (Not Warm), GCWorkers: 5,000
[4,301s][debug][gc,director    ] Rule Minor: Allocation Rate (Dynamic GC Workers), MaxAllocRate: 411,7MB/s (+/-30,9%), Free: 11376MB, GCCPUTime: 3,576, GCDuration: 0,717s, TimeUntilOOM: 21,107s, TimeUntilGC: 20,390s, GCWorkers: 5
[4,301s][debug][gc,director    ] Select Minor GC Workers (Not Warm), GCWorkers: 5,000
[4,301s][debug][gc,director    ] Rule Minor: Allocation Rate (Dynamic GC Workers), MaxAllocRate: 1699,9MB/s (+/-30,9%), Free: 11376MB, GCCPUTime: 3,576, GCDuration: 0,717s, TimeUntilOOM: 5,112s, TimeUntilGC: 4,394s, GCWorkers: 5
[4,301s][debug][gc,director    ] Rule Minor: High Usage, Free: 11376MB(92,6%)
[4,311s][debug][gc,director    ] Rule Major: Warmup 20%, Used: 882MB, UsedThreshold: 2457MB
[4,311s][debug][gc,director    ] Select Minor GC Workers (Not Warm), GCWorkers: 5,000
[4,311s][debug][gc,director    ] Rule Minor: Allocation Rate (Dynamic GC Workers), MaxAllocRate: 411,7MB/s (+/-30,9%), Free: 11364MB, GCCPUTime: 3,576, GCDuration: 0,717s, TimeUntilOOM: 21,085s, TimeUntilGC: 20,368s, GCWorkers: 5
[4,311s][debug][gc,director    ] Select Minor GC Workers (Not Warm), GCWorkers: 5,000
[4,311s][debug][gc,director    ] Rule Minor: Allocation Rate (Dynamic GC Workers), MaxAllocRate: 1699,9MB/s (+/-30,9%), Free: 11364MB, GCCPUTime: 3,576, GCDuration: 0,717s, TimeUntilOOM: 5,106s, TimeUntilGC: 4,389s, GCWorkers: 5
[4,311s][debug][gc,director    ] Rule Minor: High Usage, Free: 11364MB(92,5%)
[4,319s][debug][gc,nmethod     ] Register NMethod: io.sirix.page.KeyValueLeafPage.newInstance (0x000071df3f46c688) [0x000071df3f46c780, 0x000071df3f46d330] Compiler: c1, Barriers: 1, Oops: 2, ImmediateOops: 3, NonImmediateOops: No
[4,321s][debug][gc,director    ] Rule Major: Warmup 20%, Used: 894MB, UsedThreshold: 2457MB
[4,321s][debug][gc,director    ] Select Minor GC Workers (Not Warm), GCWorkers: 5,000
[4,321s][debug][gc,director    ] Rule Minor: Allocation Rate (Dynamic GC Workers), MaxAllocRate: 411,7MB/s (+/-30,9%), Free: 11352MB, GCCPUTime: 3,576, GCDuration: 0,717s, TimeUntilOOM: 21,063s, TimeUntilGC: 20,346s, GCWorkers: 5
[4,321s][debug][gc,director    ] Select Minor GC Workers (Not Warm), GCWorkers: 5,000
[4,321s][debug][gc,director    ] Rule Minor: Allocation Rate (Dynamic GC Workers), MaxAllocRate: 1699,9MB/s (+/-30,9%), Free: 11352MB, GCCPUTime: 3,576, GCDuration: 0,717s, TimeUntilOOM: 5,101s, TimeUntilGC: 4,384s, GCWorkers: 5
[4,321s][debug][gc,director    ] Rule Minor: High Usage, Free: 11352MB(92,4%)
[4,321s][debug][gc,nmethod     ] Register NMethod: java.util.concurrent.ConcurrentHashMap.transfer (0x000071df5ed83b88) [0x000071df5ed83c80, 0x000071df5ed84cc8] Compiler: jvmci, Barriers: 43, Oops: 1, ImmediateOops: 0, NonImmediateOops: No
[4,322s][debug][gc,nmethod     ] Register NMethod: io.sirix.page.PageKind$1.deserializePage (0x000071df5ec93208) [0x000071df5ec93300, 0x000071df5ec952c0] Compiler: jvmci, Barriers: 31, Oops: 1, ImmediateOops: 0, NonImmediateOops: No
[4,331s][debug][gc,director    ] Rule Major: Warmup 20%, Used: 906MB, UsedThreshold: 2457MB
[4,332s][debug][gc,director    ] Select Minor GC Workers (Not Warm), GCWorkers: 5,000
[4,332s][debug][gc,director    ] Rule Minor: Allocation Rate (Dynamic GC Workers), MaxAllocRate: 411,7MB/s (+/-30,9%), Free: 11340MB, GCCPUTime: 3,576, GCDuration: 0,717s, TimeUntilOOM: 21,041s, TimeUntilGC: 20,323s, GCWorkers: 5
[4,332s][debug][gc,director    ] Select Minor GC Workers (Not Warm), GCWorkers: 5,000
[4,332s][debug][gc,director    ] Rule Minor: Allocation Rate (Dynamic GC Workers), MaxAllocRate: 1699,9MB/s (+/-30,9%), Free: 11340MB, GCCPUTime: 3,576, GCDuration: 0,717s, TimeUntilOOM: 5,095s, TimeUntilGC: 4,378s, GCWorkers: 5
[4,332s][debug][gc,director    ] Rule Minor: High Usage, Free: 11340MB(92,3%)
[4,341s][debug][gc,nmethod     ] Register NMethod: java.lang.invoke.Invokers$Holder.linkToTargetMethod (0x000071df3f4c1288) [0x000071df3f4c1380, 0x000071df3f4c1878] Compiler: c1, Barriers: 0, Oops: 0, ImmediateOops: 0, NonImmediateOops: No
[4,342s][debug][gc,director    ] Rule Major: Warmup 20%, Used: 920MB, UsedThreshold: 2457MB
[4,342s][debug][gc,director    ] Select Minor GC Workers (Not Warm), GCWorkers: 5,000
[4,342s][debug][gc,director    ] Rule Minor: Allocation Rate (Dynamic GC Workers), MaxAllocRate: 411,7MB/s (+/-30,9%), Free: 11326MB, GCCPUTime: 3,576, GCDuration: 0,717s, TimeUntilOOM: 21,015s, TimeUntilGC: 20,297s, GCWorkers: 5
[4,342s][debug][gc,director    ] Select Minor GC Workers (Not Warm), GCWorkers: 5,000
[4,342s][debug][gc,director    ] Rule Minor: Allocation Rate (Dynamic GC Workers), MaxAllocRate: 1699,9MB/s (+/-30,9%), Free: 11326MB, GCCPUTime: 3,576, GCDuration: 0,717s, TimeUntilOOM: 5,089s, TimeUntilGC: 4,372s, GCWorkers: 5
[4,342s][debug][gc,director    ] Rule Minor: High Usage, Free: 11326MB(92,2%)
[4,344s][debug][gc,nmethod     ] Register NMethod: java.util.LinkedHashMap$LinkedValues.toArray (0x000071df3f46da08) [0x000071df3f46db00, 0x000071df3f46e038] Compiler: c1, Barriers: 1, Oops: 0, ImmediateOops: 0, NonImmediateOops: No
[4,344s][debug][gc,nmethod     ] Register NMethod: java.util.HashMap.prepareArray (0x000071df3f4e6508) [0x000071df3f4e6600, 0x000071df3f4e70f8] Compiler: c1, Barriers: 5, Oops: 0, ImmediateOops: 0, NonImmediateOops: No
[4,344s][debug][gc,nmethod     ] Register NMethod: java.util.LinkedHashMap.valuesToArray (0x000071df3f998708) [0x000071df3f998800, 0x000071df3f999168] Compiler: c1, Barriers: 12, Oops: 0, ImmediateOops: 0, NonImmediateOops: No
[4,347s][debug][gc,nmethod     ] Register NMethod: java.lang.invoke.LambdaForm$MH/0x00000000ae258400.invoke (0x000071df3f41d908) [0x000071df3f41da00, 0x000071df3f41e170] Compiler: c1, Barriers: 2, Oops: 1, ImmediateOops: 0, NonImmediateOops: No
[4,347s][debug][gc,nmethod     ] Register NMethod: java.lang.invoke.DirectMethodHandle$Holder.invokeSpecial (0x000071df3f433088) [0x000071df3f433180, 0x000071df3f433550] Compiler: c1, Barriers: 1, Oops: 0, ImmediateOops: 0, NonImmediateOops: No
[4,351s][debug][gc,nmethod     ] Register NMethod: java.util.BitSet.checkRange (0x000071df5eda3208) [0x000071df5eda3300, 0x000071df5eda33b8] Compiler: jvmci, Barriers: 0, Oops: 0, ImmediateOops: 0, NonImmediateOops: No
[4,352s][debug][gc,director    ] Rule Major: Warmup 20%, Used: 932MB, UsedThreshold: 2457MB
[4,352s][debug][gc,director    ] Select Minor GC Workers (Not Warm), GCWorkers: 5,000
[4,352s][debug][gc,director    ] Rule Minor: Allocation Rate (Dynamic GC Workers), MaxAllocRate: 411,7MB/s (+/-30,9%), Free: 11314MB, GCCPUTime: 3,576, GCDuration: 0,717s, TimeUntilOOM: 20,992s, TimeUntilGC: 20,275s, GCWorkers: 5
[4,352s][debug][gc,director    ] Select Minor GC Workers (Not Warm), GCWorkers: 5,000
[4,352s][debug][gc,director    ] Rule Minor: Allocation Rate (Dynamic GC Workers), MaxAllocRate: 1699,9MB/s (+/-30,9%), Free: 11314MB, GCCPUTime: 3,576, GCDuration: 0,717s, TimeUntilOOM: 5,084s, TimeUntilGC: 4,366s, GCWorkers: 5
[4,352s][debug][gc,director    ] Rule Minor: High Usage, Free: 11314MB(92,1%)
[4,355s][debug][gc,nmethod     ] Register NMethod: java.util.BitSet.and (0x000071df5ede0588) [0x000071df5ede0680, 0x000071df5ede0988] Compiler: jvmci, Barriers: 2, Oops: 0, ImmediateOops: 0, NonImmediateOops: No
[4,356s][debug][gc,nmethod     ] Register NMethod: java.util.BitSet.flip (0x000071df5ecdd708) [0x000071df5ecdd840, 0x000071df5ecddca0] Compiler: jvmci, Barriers: 1, Oops: 0, ImmediateOops: 0, NonImmediateOops: No
[4,360s][debug][gc,nmethod     ] Register NMethod: io.sirix.settings.VersioningType$4.combineRecordPages (0x000071df5ee0b088) [0x000071df5ee0b180, 0x000071df5ee118f0] Compiler: jvmci, Barriers: 90, Oops: 3, ImmediateOops: 2, NonImmediateOops: No
[4,361s][debug][gc,alloc       ] Mutator Allocation Rate: 603,5MB/s Predicted: 656,8MB/s, Avg: 421,8(+/-131,1)MB/s
[4,361s][debug][gc,director    ] Rule Major: Warmup 20%, Used: 942MB, UsedThreshold: 2457MB
[4,361s][debug][gc,director    ] Select Minor GC Workers (Not Warm), GCWorkers: 5,000
[4,361s][debug][gc,director    ] Rule Minor: Allocation Rate (Dynamic GC Workers), MaxAllocRate: 421,8MB/s (+/-31,1%), Free: 11304MB, GCCPUTime: 3,576, GCDuration: 0,717s, TimeUntilOOM: 20,446s, TimeUntilGC: 19,729s, GCWorkers: 5
[4,361s][debug][gc,director    ] Select Minor GC Workers (Not Warm), GCWorkers: 5,000
[4,361s][debug][gc,director    ] Rule Minor: Allocation Rate (Dynamic GC Workers), MaxAllocRate: 1745,0MB/s (+/-31,1%), Free: 11304MB, GCCPUTime: 3,576, GCDuration: 0,717s, TimeUntilOOM: 4,942s, TimeUntilGC: 4,224s, GCWorkers: 5
[4,361s][debug][gc,director    ] Rule Minor: High Usage, Free: 11304MB(92,0%)
[4,370s][debug][gc,nmethod     ] Register NMethod: io.sirix.page.IndirectPage.<init> (0x000071df3f417b88) [0x000071df3f417c80, 0x000071df3f417f10] Compiler: c1, Barriers: 3, Oops: 1, ImmediateOops: 0, NonImmediateOops: No
[4,370s][debug][gc,nmethod     ] Register NMethod: io.sirix.page.PageKind$4.deserializePage (0x000071df3f5a3b08) [0x000071df3f5a3c00, 0x000071df3f5a4350] Compiler: c1, Barriers: 3, Oops: 1, ImmediateOops: 1, NonImmediateOops: No
[4,371s][debug][gc,director    ] Rule Major: Warmup 20%, Used: 952MB, UsedThreshold: 2457MB
[4,371s][debug][gc,director    ] Select Minor GC Workers (Not Warm), GCWorkers: 5,000
[4,371s][debug][gc,director    ] Rule Minor: Allocation Rate (Dynamic GC Workers), MaxAllocRate: 421,8MB/s (+/-31,1%), Free: 11294MB, GCCPUTime: 3,576, GCDuration: 0,717s, TimeUntilOOM: 20,428s, TimeUntilGC: 19,711s, GCWorkers: 5
[4,371s][debug][gc,director    ] Select Minor GC Workers (Not Warm), GCWorkers: 5,000
[4,371s][debug][gc,director    ] Rule Minor: Allocation Rate (Dynamic GC Workers), MaxAllocRate: 1745,0MB/s (+/-31,1%), Free: 11294MB, GCCPUTime: 3,576, GCDuration: 0,717s, TimeUntilOOM: 4,937s, TimeUntilGC: 4,220s, GCWorkers: 5
[4,371s][debug][gc,director    ] Rule Minor: High Usage, Free: 11294MB(91,9%)
[4,376s][debug][gc,nmethod     ] Register NMethod: io.sirix.page.KeyValueLeafPage.<init> (0x000071df3f69b288) [0x000071df3f69b380, 0x000071df3f69c230] Compiler: c1, Barriers: 40, Oops: 1, ImmediateOops: 2, NonImmediateOops: No
[4,381s][debug][gc,director    ] Rule Major: Warmup 20%, Used: 966MB, UsedThreshold: 2457MB
[4,381s][debug][gc,director    ] Select Minor GC Workers (Not Warm), GCWorkers: 5,000
[4,381s][debug][gc,director    ] Rule Minor: Allocation Rate (Dynamic GC Workers), MaxAllocRate: 421,8MB/s (+/-31,1%), Free: 11280MB, GCCPUTime: 3,576, GCDuration: 0,717s, TimeUntilOOM: 20,403s, TimeUntilGC: 19,686s, GCWorkers: 5
[4,381s][debug][gc,director    ] Select Minor GC Workers (Not Warm), GCWorkers: 5,000
[4,381s][debug][gc,director    ] Rule Minor: Allocation Rate (Dynamic GC Workers), MaxAllocRate: 1745,0MB/s (+/-31,1%), Free: 11280MB, GCCPUTime: 3,576, GCDuration: 0,717s, TimeUntilOOM: 4,931s, TimeUntilGC: 4,214s, GCWorkers: 5
[4,381s][debug][gc,director    ] Rule Minor: High Usage, Free: 11280MB(91,8%)
[4,382s][debug][gc,nmethod     ] Register NMethod: io.sirix.page.PageKind$1.deserializePage (0x000071df5ed8e788) [0x000071df5ed8e8a0, 0x000071df5ed909a8] Compiler: jvmci, Barriers: 34, Oops: 3, ImmediateOops: 1, NonImmediateOops: No
[4,386s][debug][gc,nmethod     ] Register NMethod: io.sirix.settings.VersioningType$4.convertIntegers (0x000071df3f53bf08) [0x000071df3f53c000, 0x000071df3f53cc38] Compiler: c1, Barriers: 0, Oops: 1, ImmediateOops: 0, NonImmediateOops: No
[4,386s][debug][gc,nmethod     ] Register NMethod: io.sirix.settings.VersioningType$4.getRevisionRoots (0x000071df3fa38488) [0x000071df3fa38580, 0x000071df3fa39130] Compiler: c1, Barriers: 5, Oops: 1, ImmediateOops: 1, NonImmediateOops: No
[4,386s][debug][gc,nmethod     ] Register NMethod: io.sirix.access.trx.page.NodePageReadOnlyTrx$PageFragmentsResult.<init> (0x000071df3f56bf08) [0x000071df3f56c000, 0x000071df3f56c2a8] Compiler: c1, Barriers: 6, Oops: 1, ImmediateOops: 0, NonImmediateOops: No
[4,387s][debug][gc,nmethod     ] Register NMethod: java.lang.String$$StringConcat/0x00000000ae258000.prepend (0x000071df3f578808) [0x000071df3f578900, 0x000071df3f578b10] Compiler: c1, Barriers: 2, Oops: 1, ImmediateOops: 0, NonImmediateOops: No
[4,387s][debug][gc,nmethod     ] Register NMethod: java.lang.String$$StringConcat/0x00000000ae258000.length (0x000071df3f4d4808) [0x000071df3f4d4900, 0x000071df3f4d4db0] Compiler: c1, Barriers: 0, Oops: 1, ImmediateOops: 2, NonImmediateOops: No
[4,387s][debug][gc,nmethod     ] Register NMethod: java.lang.String$$StringConcat/0x00000000ae258000.concat (0x000071df3f609608) [0x000071df3f609700, 0x000071df3f60b398] Compiler: c1, Barriers: 8, Oops: 1, ImmediateOops: 5, NonImmediateOops: No
[4,388s][debug][gc,nmethod     ] Register NMethod: io.sirix.access.trx.page.NodePageReadOnlyTrx.getPageFragments (0x000071df3fb2d588) [0x000071df3fb2d680, 0x000071df3fb324d0] Compiler: c1, Barriers: 35, Oops: 2, ImmediateOops: 5, NonImmediateOops: No
[4,389s][debug][gc,nmethod     ] Register NMethod: io.sirix.access.trx.page.NodePageReadOnlyTrx.closeOrphanedFragments (0x000071df3f924688) [0x000071df3f924780, 0x000071df3f92c2a0] Compiler: c1, Barriers: 17, Oops: 15, ImmediateOops: 27, NonImmediateOops: No
[4,391s][debug][gc,director    ] Rule Major: Warmup 20%, Used: 976MB, UsedThreshold: 2457MB
[4,391s][debug][gc,director    ] Select Minor GC Workers (Not Warm), GCWorkers: 5,000
[4,391s][debug][gc,director    ] Rule Minor: Allocation Rate (Dynamic GC Workers), MaxAllocRate: 421,8MB/s (+/-31,1%), Free: 11270MB, GCCPUTime: 3,576, GCDuration: 0,717s, TimeUntilOOM: 20,385s, TimeUntilGC: 19,668s, GCWorkers: 5
[4,391s][debug][gc,director    ] Select Minor GC Workers (Not Warm), GCWorkers: 5,000
[4,391s][debug][gc,director    ] Rule Minor: Allocation Rate (Dynamic GC Workers), MaxAllocRate: 1745,0MB/s (+/-31,1%), Free: 11270MB, GCCPUTime: 3,576, GCDuration: 0,717s, TimeUntilOOM: 4,927s, TimeUntilGC: 4,210s, GCWorkers: 5
[4,391s][debug][gc,director    ] Rule Minor: High Usage, Free: 11270MB(91,7%)
[4,396s][debug][gc,nmethod     ] Register NMethod: java.util.concurrent.ForkJoinPool.runWorker (0x000071df5ee1ee08) [0x000071df5ee1f1e0, 0x000071df5ee2eab0] Compiler: jvmci, Barriers: 662, Oops: 9, ImmediateOops: 8, NonImmediateOops: No
[4,402s][debug][gc,director    ] Rule Major: Warmup 20%, Used: 990MB, UsedThreshold: 2457MB
[4,402s][debug][gc,director    ] Select Minor GC Workers (Not Warm), GCWorkers: 5,000
[4,402s][debug][gc,director    ] Rule Minor: Allocation Rate (Dynamic GC Workers), MaxAllocRate: 421,8MB/s (+/-31,1%), Free: 11256MB, GCCPUTime: 3,576, GCDuration: 0,717s, TimeUntilOOM: 20,360s, TimeUntilGC: 19,642s, GCWorkers: 5
[4,402s][debug][gc,director    ] Select Minor GC Workers (Not Warm), GCWorkers: 5,000
[4,402s][debug][gc,director    ] Rule Minor: Allocation Rate (Dynamic GC Workers), MaxAllocRate: 1745,0MB/s (+/-31,1%), Free: 11256MB, GCCPUTime: 3,576, GCDuration: 0,717s, TimeUntilOOM: 4,921s, TimeUntilGC: 4,203s, GCWorkers: 5
[4,402s][debug][gc,director    ] Rule Minor: High Usage, Free: 11256MB(91,6%)
[4,404s][debug][gc,nmethod     ] Register NMethod: java.lang.invoke.Invokers$Holder.linkToTargetMethod (0x000071df3f670a88) [0x000071df3f670b80, 0x000071df3f671078] Compiler: c1, Barriers: 0, Oops: 0, ImmediateOops: 0, NonImmediateOops: No
[4,404s][debug][gc,nmethod     ] Register NMethod: java.lang.invoke.DirectMethodHandle$Holder.invokeSpecial (0x000071df3f444b08) [0x000071df3f444c00, 0x000071df3f444fd0] Compiler: c1, Barriers: 1, Oops: 0, ImmediateOops: 0, NonImmediateOops: No
[4,404s][debug][gc,nmethod     ] Register NMethod: java.lang.String$$StringConcat/0x00000000ae253800.length (0x000071df3f70db88) [0x000071df3f70dc80, 0x000071df3f70e108] Compiler: c1, Barriers: 0, Oops: 1, ImmediateOops: 2, NonImmediateOops: No
[4,404s][debug][gc,nmethod     ] Register NMethod: java.lang.String$$StringConcat/0x00000000ae253800.prepend (0x000071df3f7f8c88) [0x000071df3f7f8d80, 0x000071df3f7f8f88] Compiler: c1, Barriers: 2, Oops: 1, ImmediateOops: 0, NonImmediateOops: No
[4,404s][debug][gc,nmethod     ] Register NMethod: io.sirix.page.KeyValueLeafPage.getReferences (0x000071df3f5a2d88) [0x000071df3f5a2e80, 0x000071df3f5a3690] Compiler: c1, Barriers: 1, Oops: 1, ImmediateOops: 0, NonImmediateOops: No
[4,404s][debug][gc,nmethod     ] Register NMethod: java.lang.invoke.LambdaForm$MH/0x00000000ae253c00.invoke (0x000071df3f401788) [0x000071df3f401880, 0x000071df3f401ff0] Compiler: c1, Barriers: 2, Oops: 1, ImmediateOops: 0, NonImmediateOops: No
[4,405s][debug][gc,nmethod     ] Register NMethod: java.lang.String$$StringConcat/0x00000000ae253800.concat (0x000071df3f7fa308) [0x000071df3f7fa400, 0x000071df3f7fc060] Compiler: c1, Barriers: 8, Oops: 1, ImmediateOops: 5, NonImmediateOops: No
[4,412s][debug][gc,director    ] Rule Major: Warmup 20%, Used: 1002MB, UsedThreshold: 2457MB
[4,412s][debug][gc,director    ] Select Minor GC Workers (Not Warm), GCWorkers: 5,000
[4,412s][debug][gc,director    ] Rule Minor: Allocation Rate (Dynamic GC Workers), MaxAllocRate: 421,8MB/s (+/-31,1%), Free: 11244MB, GCCPUTime: 3,576, GCDuration: 0,717s, TimeUntilOOM: 20,338s, TimeUntilGC: 19,621s, GCWorkers: 5
[4,412s][debug][gc,director    ] Select Minor GC Workers (Not Warm), GCWorkers: 5,000
[4,412s][debug][gc,director    ] Rule Minor: Allocation Rate (Dynamic GC Workers), MaxAllocRate: 1745,0MB/s (+/-31,1%), Free: 11244MB, GCCPUTime: 3,576, GCDuration: 0,717s, TimeUntilOOM: 4,915s, TimeUntilGC: 4,198s, GCWorkers: 5
[4,412s][debug][gc,director    ] Rule Minor: High Usage, Free: 11244MB(91,5%)
[4,422s][debug][gc,director    ] Rule Major: Warmup 20%, Used: 1016MB, UsedThreshold: 2457MB
[4,422s][debug][gc,director    ] Select Minor GC Workers (Not Warm), GCWorkers: 5,000
[4,422s][debug][gc,director    ] Rule Minor: Allocation Rate (Dynamic GC Workers), MaxAllocRate: 421,8MB/s (+/-31,1%), Free: 11230MB, GCCPUTime: 3,576, GCDuration: 0,717s, TimeUntilOOM: 20,312s, TimeUntilGC: 19,595s, GCWorkers: 5
[4,422s][debug][gc,director    ] Select Minor GC Workers (Not Warm), GCWorkers: 5,000
[4,422s][debug][gc,director    ] Rule Minor: Allocation Rate (Dynamic GC Workers), MaxAllocRate: 1745,0MB/s (+/-31,1%), Free: 11230MB, GCCPUTime: 3,576, GCDuration: 0,717s, TimeUntilOOM: 4,909s, TimeUntilGC: 4,192s, GCWorkers: 5
[4,422s][debug][gc,director    ] Rule Minor: High Usage, Free: 11230MB(91,4%)
[4,424s][debug][gc,nmethod     ] Register NMethod: java.util.concurrent.ConcurrentHashMap.transfer (0x000071df5ee1d308) [0x000071df5ee1d400, 0x000071df5ee1ecc0] Compiler: jvmci, Barriers: 64, Oops: 1, ImmediateOops: 0, NonImmediateOops: No
[4,429s][debug][gc,nmethod     ] Register NMethod: io.sirix.settings.VersioningType$4.combineRecordPages (0x000071df5ee8d188) [0x000071df5ee8d280, 0x000071df5ee900c8] Compiler: jvmci, Barriers: 45, Oops: 2, ImmediateOops: 0, NonImmediateOops: No
[4,432s][debug][gc,nmethod     ] Register NMethod: io.sirix.access.trx.page.NodePageReadOnlyTrx.getResourceSession (0x000071df5ed5f508) [0x000071df5ed5f600, 0x000071df5ed5f6e8] Compiler: jvmci, Barriers: 1, Oops: 1, ImmediateOops: 0, NonImmediateOops: No
[4,432s][debug][gc,director    ] Rule Major: Warmup 20%, Used: 1030MB, UsedThreshold: 2457MB
[4,432s][debug][gc,director    ] Select Minor GC Workers (Not Warm), GCWorkers: 5,000
[4,432s][debug][gc,director    ] Rule Minor: Allocation Rate (Dynamic GC Workers), MaxAllocRate: 421,8MB/s (+/-31,1%), Free: 11216MB, GCCPUTime: 3,576, GCDuration: 0,717s, TimeUntilOOM: 20,287s, TimeUntilGC: 19,570s, GCWorkers: 5
[4,432s][debug][gc,director    ] Select Minor GC Workers (Not Warm), GCWorkers: 5,000
[4,432s][debug][gc,director    ] Rule Minor: Allocation Rate (Dynamic GC Workers), MaxAllocRate: 1745,0MB/s (+/-31,1%), Free: 11216MB, GCCPUTime: 3,576, GCDuration: 0,717s, TimeUntilOOM: 4,903s, TimeUntilGC: 4,186s, GCWorkers: 5
[4,432s][debug][gc,director    ] Rule Minor: High Usage, Free: 11216MB(91,3%)
[4,435s][debug][gc,nmethod     ] Register NMethod: java.nio.ByteBuffer.flip (0x000071df5ed5ef88) [0x000071df5ed5f080, 0x000071df5ed5f118] Compiler: jvmci, Barriers: 0, Oops: 0, ImmediateOops: 0, NonImmediateOops: No
[4,437s][debug][gc,nmethod     ] Register NMethod: io.sirix.access.trx.page.NodePageReadOnlyTrx.getPageReference (0x000071df5ed7eb08) [0x000071df5ed7ec00, 0x000071df5ed7ef40] Compiler: jvmci, Barriers: 3, Oops: 1, ImmediateOops: 0, NonImmediateOops: No
[4,438s][debug][gc,alloc       ] Mutator Allocation Rate: 619,3MB/s Predicted: 672,8MB/s, Avg: 431,6(+/-134,8)MB/s
[4,438s][debug][gc,director    ] Rule Major: Warmup 20%, Used: 1038MB, UsedThreshold: 2457MB
[4,438s][debug][gc,director    ] Select Minor GC Workers (Not Warm), GCWorkers: 5,000
[4,438s][debug][gc,director    ] Rule Minor: Allocation Rate (Dynamic GC Workers), MaxAllocRate: 431,6MB/s (+/-31,2%), Free: 11208MB, GCCPUTime: 3,576, GCDuration: 0,717s, TimeUntilOOM: 19,786s, TimeUntilGC: 19,068s, GCWorkers: 5
[4,438s][debug][gc,director    ] Select Minor GC Workers (Not Warm), GCWorkers: 5,000
[4,438s][debug][gc,director    ] Rule Minor: Allocation Rate (Dynamic GC Workers), MaxAllocRate: 1789,3MB/s (+/-31,2%), Free: 11208MB, GCCPUTime: 3,576, GCDuration: 0,717s, TimeUntilOOM: 4,773s, TimeUntilGC: 4,056s, GCWorkers: 5
[4,438s][debug][gc,director    ] Rule Minor: High Usage, Free: 11208MB(91,2%)
[4,438s][debug][gc,nmethod     ] Register NMethod: io.sirix.cache.SegmentAllocators.roundUpToPowerOfTwo (0x000071df3f460988) [0x000071df3f460a80, 0x000071df3f462920] Compiler: c1, Barriers: 3, Oops: 8, ImmediateOops: 12, NonImmediateOops: No
[4,439s][debug][gc,nmethod     ] Register NMethod: io.sirix.access.trx.page.NodePageReadOnlyTrx.loadDataPageFromDurableStorageAndCombinePageFragments (0x000071df401d9288) [0x000071df401d9380, 0x000071df401dd4c0] Compiler: c1, Barriers: 13, Oops: 1, ImmediateOops: 0, NonImmediateOops: No
[4,448s][debug][gc,director    ] Rule Major: Warmup 20%, Used: 1050MB, UsedThreshold: 2457MB
[4,448s][debug][gc,director    ] Select Minor GC Workers (Not Warm), GCWorkers: 5,000
[4,448s][debug][gc,director    ] Rule Minor: Allocation Rate (Dynamic GC Workers), MaxAllocRate: 431,6MB/s (+/-31,2%), Free: 11196MB, GCCPUTime: 3,576, GCDuration: 0,717s, TimeUntilOOM: 19,764s, TimeUntilGC: 19,047s, GCWorkers: 5
[4,448s][debug][gc,director    ] Select Minor GC Workers (Not Warm), GCWorkers: 5,000
[4,448s][debug][gc,director    ] Rule Minor: Allocation Rate (Dynamic GC Workers), MaxAllocRate: 1789,3MB/s (+/-31,2%), Free: 11196MB, GCCPUTime: 3,576, GCDuration: 0,717s, TimeUntilOOM: 4,768s, TimeUntilGC: 4,050s, GCWorkers: 5
[4,448s][debug][gc,director    ] Rule Minor: High Usage, Free: 11196MB(91,1%)
[4,458s][debug][gc,director    ] Rule Major: Warmup 20%, Used: 1064MB, UsedThreshold: 2457MB
[4,458s][debug][gc,director    ] Select Minor GC Workers (Not Warm), GCWorkers: 5,000
[4,458s][debug][gc,director    ] Rule Minor: Allocation Rate (Dynamic GC Workers), MaxAllocRate: 431,6MB/s (+/-31,2%), Free: 11182MB, GCCPUTime: 3,576, GCDuration: 0,717s, TimeUntilOOM: 19,740s, TimeUntilGC: 19,022s, GCWorkers: 5
[4,458s][debug][gc,director    ] Select Minor GC Workers (Not Warm), GCWorkers: 5,000
[4,458s][debug][gc,director    ] Rule Minor: Allocation Rate (Dynamic GC Workers), MaxAllocRate: 1789,3MB/s (+/-31,2%), Free: 11182MB, GCCPUTime: 3,576, GCDuration: 0,717s, TimeUntilOOM: 4,762s, TimeUntilGC: 4,044s, GCWorkers: 5
[4,458s][debug][gc,director    ] Rule Minor: High Usage, Free: 11182MB(91,0%)
[4,468s][debug][gc,director    ] Rule Major: Warmup 20%, Used: 1078MB, UsedThreshold: 2457MB
[4,468s][debug][gc,director    ] Select Minor GC Workers (Not Warm), GCWorkers: 5,000
[4,468s][debug][gc,director    ] Rule Minor: Allocation Rate (Dynamic GC Workers), MaxAllocRate: 431,6MB/s (+/-31,2%), Free: 11168MB, GCCPUTime: 3,576, GCDuration: 0,717s, TimeUntilOOM: 19,715s, TimeUntilGC: 18,998s, GCWorkers: 5
[4,468s][debug][gc,director    ] Select Minor GC Workers (Not Warm), GCWorkers: 5,000
[4,468s][debug][gc,director    ] Rule Minor: Allocation Rate (Dynamic GC Workers), MaxAllocRate: 1789,3MB/s (+/-31,2%), Free: 11168MB, GCCPUTime: 3,576, GCDuration: 0,717s, TimeUntilOOM: 4,756s, TimeUntilGC: 4,039s, GCWorkers: 5
[4,468s][debug][gc,director    ] Rule Minor: High Usage, Free: 11168MB(90,9%)
[4,479s][debug][gc,director    ] Rule Major: Warmup 20%, Used: 1092MB, UsedThreshold: 2457MB
[4,479s][debug][gc,director    ] Select Minor GC Workers (Not Warm), GCWorkers: 5,000
[4,479s][debug][gc,director    ] Rule Minor: Allocation Rate (Dynamic GC Workers), MaxAllocRate: 431,6MB/s (+/-31,2%), Free: 11154MB, GCCPUTime: 3,576, GCDuration: 0,717s, TimeUntilOOM: 19,690s, TimeUntilGC: 18,973s, GCWorkers: 5
[4,479s][debug][gc,director    ] Select Minor GC Workers (Not Warm), GCWorkers: 5,000
[4,479s][debug][gc,director    ] Rule Minor: Allocation Rate (Dynamic GC Workers), MaxAllocRate: 1789,3MB/s (+/-31,2%), Free: 11154MB, GCCPUTime: 3,576, GCDuration: 0,717s, TimeUntilOOM: 4,750s, TimeUntilGC: 4,033s, GCWorkers: 5
[4,479s][debug][gc,director    ] Rule Minor: High Usage, Free: 11154MB(90,8%)
[4,489s][debug][gc,director    ] Rule Major: Warmup 20%, Used: 1106MB, UsedThreshold: 2457MB
[4,489s][debug][gc,director    ] Select Minor GC Workers (Not Warm), GCWorkers: 5,000
[4,489s][debug][gc,director    ] Rule Minor: Allocation Rate (Dynamic GC Workers), MaxAllocRate: 431,6MB/s (+/-31,2%), Free: 11140MB, GCCPUTime: 3,576, GCDuration: 0,717s, TimeUntilOOM: 19,665s, TimeUntilGC: 18,948s, GCWorkers: 5
[4,489s][debug][gc,director    ] Select Minor GC Workers (Not Warm), GCWorkers: 5,000
[4,489s][debug][gc,director    ] Rule Minor: Allocation Rate (Dynamic GC Workers), MaxAllocRate: 1789,3MB/s (+/-31,2%), Free: 11140MB, GCCPUTime: 3,576, GCDuration: 0,717s, TimeUntilOOM: 4,744s, TimeUntilGC: 4,027s, GCWorkers: 5
[4,489s][debug][gc,director    ] Rule Minor: High Usage, Free: 11140MB(90,7%)
[4,498s][debug][gc,nmethod     ] Register NMethod: io.sirix.index.IndexType.getType (0x000071df3f481188) [0x000071df3f481280, 0x000071df3f481ba0] Compiler: c1, Barriers: 2, Oops: 2, ImmediateOops: 2, NonImmediateOops: No
[4,499s][debug][gc,director    ] Rule Major: Warmup 20%, Used: 1120MB, UsedThreshold: 2457MB
[4,499s][debug][gc,director    ] Select Minor GC Workers (Not Warm), GCWorkers: 5,000
[4,499s][debug][gc,director    ] Rule Minor: Allocation Rate (Dynamic GC Workers), MaxAllocRate: 431,6MB/s (+/-31,2%), Free: 11126MB, GCCPUTime: 3,576, GCDuration: 0,717s, TimeUntilOOM: 19,641s, TimeUntilGC: 18,924s, GCWorkers: 5
[4,499s][debug][gc,director    ] Select Minor GC Workers (Not Warm), GCWorkers: 5,000
[4,499s][debug][gc,director    ] Rule Minor: Allocation Rate (Dynamic GC Workers), MaxAllocRate: 1789,3MB/s (+/-31,2%), Free: 11126MB, GCCPUTime: 3,576, GCDuration: 0,717s, TimeUntilOOM: 4,738s, TimeUntilGC: 4,021s, GCWorkers: 5
[4,499s][debug][gc,director    ] Rule Minor: High Usage, Free: 11126MB(90,5%)
[4,503s][debug][gc,nmethod     ] Register NMethod: io.sirix.cache.ShardedPageCache$$Lambda/0x00000000ae2548a8.apply (0x000071df5ed7e688) [0x000071df5ed7e780, 0x000071df5ed7e950] Compiler: jvmci, Barriers: 1, Oops: 1, ImmediateOops: 0, NonImmediateOops: No
[4,507s][debug][gc,nmethod     ] Register NMethod: java.lang.StringConcatHelper.prepend (0x000071df3f45ea88) [0x000071df3f45eb80, 0x000071df3f45fc88] Compiler: c1, Barriers: 2, Oops: 0, ImmediateOops: 0, NonImmediateOops: No
[4,508s][debug][gc,nmethod     ] Register NMethod: java.nio.HeapByteBuffer.getLong (0x000071df5ec36988) [0x000071df5ec36a80, 0x000071df5ec36d60] Compiler: jvmci, Barriers: 5, Oops: 1, ImmediateOops: 0, NonImmediateOops: No
[4,508s][debug][gc,alloc       ] Mutator Allocation Rate: 635,7MB/s Predicted: 688,7MB/s, Avg: 441,3(+/-138,6)MB/s
[4,508s][debug][gc,director    ] Rule Major: Warmup 20%, Used: 1134MB, UsedThreshold: 2457MB
[4,508s][debug][gc,director    ] Select Minor GC Workers (Not Warm), GCWorkers: 5,000
[4,508s][debug][gc,director    ] Rule Minor: Allocation Rate (Dynamic GC Workers), MaxAllocRate: 441,3MB/s (+/-31,4%), Free: 11112MB, GCCPUTime: 3,576, GCDuration: 0,717s, TimeUntilOOM: 19,161s, TimeUntilGC: 18,444s, GCWorkers: 5
[4,508s][debug][gc,director    ] Select Minor GC Workers (Not Warm), GCWorkers: 5,000
[4,508s][debug][gc,director    ] Rule Minor: Allocation Rate (Dynamic GC Workers), MaxAllocRate: 1833,4MB/s (+/-31,4%), Free: 11112MB, GCCPUTime: 3,576, GCDuration: 0,717s, TimeUntilOOM: 4,612s, TimeUntilGC: 3,895s, GCWorkers: 5
[4,508s][debug][gc,director    ] Rule Minor: High Usage, Free: 11112MB(90,4%)
[4,518s][debug][gc,director    ] Rule Major: Warmup 20%, Used: 1148MB, UsedThreshold: 2457MB
[4,518s][debug][gc,director    ] Select Minor GC Workers (Not Warm), GCWorkers: 5,000
[4,518s][debug][gc,director    ] Rule Minor: Allocation Rate (Dynamic GC Workers), MaxAllocRate: 441,3MB/s (+/-31,4%), Free: 11098MB, GCCPUTime: 3,576, GCDuration: 0,717s, TimeUntilOOM: 19,137s, TimeUntilGC: 18,419s, GCWorkers: 5
[4,518s][debug][gc,director    ] Select Minor GC Workers (Not Warm), GCWorkers: 5,000
[4,518s][debug][gc,director    ] Rule Minor: Allocation Rate (Dynamic GC Workers), MaxAllocRate: 1833,4MB/s (+/-31,4%), Free: 11098MB, GCCPUTime: 3,576, GCDuration: 0,717s, TimeUntilOOM: 4,607s, TimeUntilGC: 3,889s, GCWorkers: 5
[4,518s][debug][gc,director    ] Rule Minor: High Usage, Free: 11098MB(90,3%)
[4,525s][debug][gc,nmethod     ] Register NMethod: java.lang.Byte.hashCode (0x000071df5ec36688) [0x000071df5ec36780, 0x000071df5ec36808] Compiler: jvmci, Barriers: 0, Oops: 0, ImmediateOops: 0, NonImmediateOops: No
[4,528s][debug][gc,director    ] Rule Major: Warmup 20%, Used: 1162MB, UsedThreshold: 2457MB
[4,528s][debug][gc,director    ] Select Minor GC Workers (Not Warm), GCWorkers: 5,000
[4,528s][debug][gc,director    ] Rule Minor: Allocation Rate (Dynamic GC Workers), MaxAllocRate: 441,3MB/s (+/-31,4%), Free: 11084MB, GCCPUTime: 3,576, GCDuration: 0,717s, TimeUntilOOM: 19,113s, TimeUntilGC: 18,395s, GCWorkers: 5
[4,528s][debug][gc,director    ] Select Minor GC Workers (Not Warm), GCWorkers: 5,000
[4,528s][debug][gc,director    ] Rule Minor: Allocation Rate (Dynamic GC Workers), MaxAllocRate: 1833,4MB/s (+/-31,4%), Free: 11084MB, GCCPUTime: 3,576, GCDuration: 0,717s, TimeUntilOOM: 4,601s, TimeUntilGC: 3,884s, GCWorkers: 5
[4,528s][debug][gc,director    ] Rule Minor: High Usage, Free: 11084MB(90,2%)
[4,531s][debug][gc,nmethod     ] Register NMethod: java.util.concurrent.locks.AbstractQueuedSynchronizer.compareAndSetState (0x000071df5ec36308) [0x000071df5ec36400, 0x000071df5ec36490] Compiler: jvmci, Barriers: 0, Oops: 0, ImmediateOops: 0, NonImmediateOops: No
[4,535s][debug][gc,nmethod     ] Register NMethod: java.util.LinkedHashMap.clear (0x000071df3f7fce08) [0x000071df3f7fcf00, 0x000071df3f7fd148] Compiler: c1, Barriers: 6, Oops: 0, ImmediateOops: 0, NonImmediateOops: No
[4,535s][debug][gc,nmethod     ] Register NMethod: java.util.HashMap.clear (0x000071df3f751388) [0x000071df3f751480, 0x000071df3f751970] Compiler: c1, Barriers: 4, Oops: 0, ImmediateOops: 0, NonImmediateOops: No
[4,537s][debug][gc,nmethod     ] Register NMethod: java.util.concurrent.locks.ReentrantReadWriteLock$Sync.exclusiveCount (0x000071df3f419308) [0x000071df3f419400, 0x000071df3f4194f0] Compiler: c1, Barriers: 0, Oops: 0, ImmediateOops: 0, NonImmediateOops: No
[4,538s][debug][gc,nmethod     ] Register NMethod: java.util.concurrent.locks.AbstractQueuedLongSynchronizer.hasQueuedPredecessors (0x000071df3f400988) [0x000071df3f400a80, 0x000071df3f401050] Compiler: c1, Barriers: 5, Oops: 0, ImmediateOops: 0, NonImmediateOops: No
[4,538s][debug][gc,director    ] Rule Major: Warmup 20%, Used: 1162MB, UsedThreshold: 2457MB
[4,538s][debug][gc,director    ] Select Minor GC Workers (Not Warm), GCWorkers: 5,000
[4,539s][debug][gc,director    ] Rule Minor: Allocation Rate (Dynamic GC Workers), MaxAllocRate: 441,3MB/s (+/-31,4%), Free: 11084MB, GCCPUTime: 3,576, GCDuration: 0,717s, TimeUntilOOM: 19,113s, TimeUntilGC: 18,395s, GCWorkers: 5
[4,539s][debug][gc,director    ] Select Minor GC Workers (Not Warm), GCWorkers: 5,000
[4,539s][debug][gc,nmethod     ] Register NMethod: java.util.concurrent.locks.AbstractQueuedLongSynchronizer.signalNext (0x000071df3f8eee08) [0x000071df3f8eef00, 0x000071df3f8f0030] Compiler: c1, Barriers: 2, Oops: 0, ImmediateOops: 2, NonImmediateOops: No
[4,539s][debug][gc,director    ] Rule Minor: Allocation Rate (Dynamic GC Workers), MaxAllocRate: 1833,4MB/s (+/-31,4%), Free: 11084MB, GCCPUTime: 3,576, GCDuration: 0,717s, TimeUntilOOM: 4,601s, TimeUntilGC: 3,884s, GCWorkers: 5
[4,539s][debug][gc,director    ] Rule Minor: High Usage, Free: 11084MB(90,2%)
[4,539s][debug][gc,nmethod     ] Register NMethod: java.text.StringBufFactory$StringBuilderImpl.append (0x000071df3f47c608) [0x000071df3f47c700, 0x000071df3f47caa0] Compiler: c1, Barriers: 1, Oops: 0, ImmediateOops: 0, NonImmediateOops: No
[4,539s][debug][gc,nmethod     ] Register NMethod: com.google.gson.stream.JsonWriter.replaceTop (0x000071df3f43a408) [0x000071df3f43a500, 0x000071df3f43a660] Compiler: c1, Barriers: 1, Oops: 1, ImmediateOops: 0, NonImmediateOops: No
[4,539s][debug][gc,nmethod     ] Register NMethod: java.io.OutputStreamWriter.write (0x000071df3f48a608) [0x000071df3f48a700, 0x000071df3f48aa30] Compiler: c1, Barriers: 1, Oops: 0, ImmediateOops: 0, NonImmediateOops: No
[4,545s][debug][gc,nmethod     ] Register NMethod: io.sirix.access.trx.RevisionEpochTracker.minActiveRevision (0x000071df3fa69708) [0x000071df3fa69800, 0x000071df3fa6b068] Compiler: c1, Barriers: 3, Oops: 8, ImmediateOops: 9, NonImmediateOops: No
[4,549s][debug][gc,nmethod     ] Register NMethod: io.sirix.page.NamePage.incrementAndGetMaxNodeKey (0x000071df3f80b488) [0x000071df3f80b580, 0x000071df3f80b7f8] Compiler: c1, Barriers: 2, Oops: 1, ImmediateOops: 0, NonImmediateOops: No
[4,549s][debug][gc,director    ] Rule Major: Warmup 20%, Used: 1162MB, UsedThreshold: 2457MB
[4,549s][debug][gc,director    ] Select Minor GC Workers (Not Warm), GCWorkers: 5,000
[4,549s][debug][gc,director    ] Rule Minor: Allocation Rate (Dynamic GC Workers), MaxAllocRate: 441,3MB/s (+/-31,4%), Free: 11084MB, GCCPUTime: 3,576, GCDuration: 0,717s, TimeUntilOOM: 19,113s, TimeUntilGC: 18,395s, GCWorkers: 5
[4,549s][debug][gc,director    ] Select Minor GC Workers (Not Warm), GCWorkers: 5,000
[4,549s][debug][gc,director    ] Rule Minor: Allocation Rate (Dynamic GC Workers), MaxAllocRate: 1833,4MB/s (+/-31,4%), Free: 11084MB, GCCPUTime: 3,576, GCDuration: 0,717s, TimeUntilOOM: 4,601s, TimeUntilGC: 3,884s, GCWorkers: 5
[4,549s][debug][gc,director    ] Rule Minor: High Usage, Free: 11084MB(90,2%)
[4,552s][debug][gc,nmethod     ] Register NMethod: jdk.internal.ref.PhantomCleanable.<init> (0x000071df5ecc8f88) [0x000071df5ecc9080, 0x000071df5ecc9b50] Compiler: jvmci, Barriers: 37, Oops: 0, ImmediateOops: 2, NonImmediateOops: No
[4,556s][debug][gc,nmethod     ] Register NMethod: sun.nio.fs.UnixPath.compareTo (0x000071df3fb17988) [0x000071df3fb17a80, 0x000071df3fb17e28] Compiler: c1, Barriers: 2, Oops: 0, ImmediateOops: 0, NonImmediateOops: No
[4,556s][debug][gc,nmethod     ] Register NMethod: java.util.Arrays.compareUnsigned (0x000071df3fa3af88) [0x000071df3fa3b080, 0x000071df3fa3b580] Compiler: c1, Barriers: 0, Oops: 0, ImmediateOops: 0, NonImmediateOops: No
[4,558s][debug][gc,nmethod     ] Register NMethod: io.sirix.index.path.summary.PathSummaryReader.moveToFirstChild (0x000071df3fab5288) [0x000071df3fab5380, 0x000071df3fab6e20] Compiler: c1, Barriers: 6, Oops: 1, ImmediateOops: 1, NonImmediateOops: No
[4,558s][debug][gc,nmethod     ] Register NMethod: jdk.xml.internal.XMLSecurityManager$Limit.values (0x000071df3fa5cf08) [0x000071df3fa5d000, 0x000071df3fa5d4e0] Compiler: c1, Barriers: 0, Oops: 0, ImmediateOops: 1, NonImmediateOops: No
[4,558s][debug][gc,nmethod     ] Register NMethod: java.lang.Character.digit (0x000071df3f5b1888) [0x000071df3f5b1980, 0x000071df3f5b1cb0] Compiler: c1, Barriers: 0, Oops: 0, ImmediateOops: 0, NonImmediateOops: No
[4,558s][debug][gc,nmethod     ] Register NMethod: java.util.Collections$UnmodifiableMap.get (0x000071df3fbc0088) [0x000071df3fbc0180, 0x000071df3fbc04c0] Compiler: c1, Barriers: 1, Oops: 0, ImmediateOops: 0, NonImmediateOops: No
[4,558s][debug][gc,nmethod     ] Register NMethod: java.lang.CharacterDataLatin1.digit (0x000071df3f83ed88) [0x000071df3f83ee80, 0x000071df3f83f098] Compiler: c1, Barriers: 0, Oops: 0, ImmediateOops: 1, NonImmediateOops: No
[4,558s][debug][gc,nmethod     ] Register NMethod: java.lang.Character.digit (0x000071df3fb29288) [0x000071df3fb29380, 0x000071df3fb29708] Compiler: c1, Barriers: 0, Oops: 0, ImmediateOops: 0, NonImmediateOops: No
[4,558s][debug][gc,nmethod     ] Register NMethod: java.lang.Enum.compareTo (0x000071df3f8ced88) [0x000071df3f8cee80, 0x000071df3f8d01a0] Compiler: c1, Barriers: 4, Oops: 0, ImmediateOops: 2, NonImmediateOops: No
[4,559s][debug][gc,director    ] Rule Major: Warmup 20%, Used: 1166MB, UsedThreshold: 2457MB
[4,559s][debug][gc,director    ] Select Minor GC Workers (Not Warm), GCWorkers: 5,000
[4,559s][debug][gc,director    ] Rule Minor: Allocation Rate (Dynamic GC Workers), MaxAllocRate: 441,3MB/s (+/-31,4%), Free: 11080MB, GCCPUTime: 3,576, GCDuration: 0,717s, TimeUntilOOM: 19,106s, TimeUntilGC: 18,388s, GCWorkers: 5
[4,559s][debug][gc,director    ] Select Minor GC Workers (Not Warm), GCWorkers: 5,000
[4,559s][debug][gc,director    ] Rule Minor: Allocation Rate (Dynamic GC Workers), MaxAllocRate: 1833,4MB/s (+/-31,4%), Free: 11080MB, GCCPUTime: 3,576, GCDuration: 0,717s, TimeUntilOOM: 4,599s, TimeUntilGC: 3,882s, GCWorkers: 5
[4,559s][debug][gc,director    ] Rule Minor: High Usage, Free: 11080MB(90,2%)
[4,559s][debug][gc,nmethod     ] Register NMethod: io.sirix.index.path.summary.PathSummaryReader.getNodeKey (0x000071df3ff26f88) [0x000071df3ff27080, 0x000071df3ff27518] Compiler: c1, Barriers: 1, Oops: 1, ImmediateOops: 1, NonImmediateOops: No
[4,560s][debug][gc,nmethod     ] Register NMethod: io.sirix.settings.VersioningType$4.combineRecordPagesForModification (0x000071df3ff6c408) [0x000071df3ff6c500, 0x000071df3ff75ad0] Compiler: c1, Barriers: 27, Oops: 1, ImmediateOops: 0, NonImmediateOops: No
[4,560s][debug][gc,nmethod     ] Register NMethod: it.unimi.dsi.fastutil.ints.Int2LongOpenHashMap.get (0x000071df3f507a08) [0x000071df3f507b00, 0x000071df3f508050] Compiler: c1, Barriers: 4, Oops: 1, ImmediateOops: 0, NonImmediateOops: No
[4,560s][debug][gc,nmethod     ] Register NMethod: jdk.xml.internal.XMLSecurityManager$Limit.is (0x000071df5ecf1608) [0x000071df5ecf1700, 0x000071df5ecf1a88] Compiler: jvmci, Barriers: 6, Oops: 0, ImmediateOops: 0, NonImmediateOops: No
[4,560s][debug][gc,nmethod     ] Register NMethod: java.util.ArrayList.<init> (0x000071df5ecf1088) [0x000071df5ecf1180, 0x000071df5ecf14b8] Compiler: jvmci, Barriers: 6, Oops: 0, ImmediateOops: 1, NonImmediateOops: No
[4,560s][debug][gc,nmethod     ] Register NMethod: io.sirix.node.HashCountEntryNode.<init> (0x000071df3f443888) [0x000071df3f443980, 0x000071df3f443ae0] Compiler: c1, Barriers: 0, Oops: 1, ImmediateOops: 0, NonImmediateOops: No
[4,560s][debug][gc,nmethod     ] Register NMethod: io.sirix.axis.AbstractAxis.<init> (0x000071df3fed3c08) [0x000071df3fed3d00, 0x000071df3fed4750] Compiler: c1, Barriers: 9, Oops: 1, ImmediateOops: 2, NonImmediateOops: No
[4,561s][debug][gc,nmethod     ] Register NMethod: io.sirix.node.xml.AbstractStructForwardingNode.hasRightSibling (0x000071df3f422f88) [0x000071df3f423080, 0x000071df3f423628] Compiler: c1, Barriers: 0, Oops: 1, ImmediateOops: 1, NonImmediateOops: No
[4,561s][debug][gc,nmethod     ] Register NMethod: com.sun.xml.internal.stream.events.DummyEvent.setLocation (0x000071df5ecee988) [0x000071df5eceea80, 0x000071df5eceeb98] Compiler: jvmci, Barriers: 3, Oops: 0, ImmediateOops: 0, NonImmediateOops: No
[4,561s][debug][gc,nmethod     ] Register NMethod: io.sirix.access.trx.page.NodePageTrx.prepareRecordForModification (0x000071df3f41e908) [0x000071df3f41ea00, 0x000071df3f420888] Compiler: c1, Barriers: 7, Oops: 2, ImmediateOops: 4, NonImmediateOops: No
[4,561s][debug][gc,nmethod     ] Register NMethod: io.sirix.index.path.summary.PathSummaryWriter.getPathNodeKey (0x000071df3f4e2288) [0x000071df3f4e2380, 0x000071df3f4e6190] Compiler: c1, Barriers: 25, Oops: 1, ImmediateOops: 8, NonImmediateOops: No
[4,561s][debug][gc,nmethod     ] Register NMethod: io.sirix.node.HashCountEntryNode.incrementValue (0x000071df5ecee688) [0x000071df5ecee780, 0x000071df5ecee808] Compiler: jvmci, Barriers: 0, Oops: 1, ImmediateOops: 0, NonImmediateOops: No
[4,561s][debug][gc,nmethod     ] Register NMethod: io.sirix.index.path.summary.PathSummaryReader.putMapping (0x000071df3ff38708) [0x000071df3ff38800, 0x000071df3ff39238] Compiler: c1, Barriers: 9, Oops: 1, ImmediateOops: 0, NonImmediateOops: No
[4,562s][debug][gc,nmethod     ] Register NMethod: com.sun.xml.internal.stream.events.XMLEventAllocatorImpl.getXMLEvent (0x000071df3feab588) [0x000071df3feab680, 0x000071df3feb3640] Compiler: c1, Barriers: 99, Oops: 0, ImmediateOops: 13, NonImmediateOops: No
[4,562s][debug][gc,nmethod     ] Register NMethod: com.sun.xml.internal.stream.events.CharacterEvent.<init> (0x000071df3f5b0d08) [0x000071df3f5b0e00, 0x000071df3f5b1330] Compiler: c1, Barriers: 7, Oops: 0, ImmediateOops: 1, NonImmediateOops: No
[4,562s][debug][gc,nmethod     ] Register NMethod: io.sirix.index.name.Names.setName (0x000071df3fe4a288) [0x000071df3fe4a380, 0x000071df3fe4c570] Compiler: c1, Barriers: 12, Oops: 2, ImmediateOops: 4, NonImmediateOops: No
[4,562s][debug][gc,nmethod     ] Register NMethod: com.sun.xml.internal.stream.events.CharacterEvent.init (0x000071df3f593408) [0x000071df3f593500, 0x000071df3f5937d8] Compiler: c1, Barriers: 0, Oops: 0, ImmediateOops: 0, NonImmediateOops: No
[4,562s][debug][gc,nmethod     ] Register NMethod: com.sun.org.apache.xerces.internal.impl.XMLStreamReaderImpl.getText (0x000071df4006a988) [0x000071df4006aa80, 0x000071df4006cf78] Compiler: c1, Barriers: 18, Oops: 0, ImmediateOops: 0, NonImmediateOops: No
[4,562s][debug][gc,nmethod     ] Register NMethod: com.sun.xml.internal.stream.events.DummyEvent.<init> (0x000071df5ecee188) [0x000071df5ecee280, 0x000071df5ecee3a8] Compiler: jvmci, Barriers: 4, Oops: 0, ImmediateOops: 1, NonImmediateOops: No
[4,562s][debug][gc,nmethod     ] Register NMethod: com.sun.xml.internal.stream.events.StartElementEvent.<init> (0x000071df3fbdb588) [0x000071df3fbdb680, 0x000071df3fbdc298] Compiler: c1, Barriers: 19, Oops: 0, ImmediateOops: 2, NonImmediateOops: No
[4,562s][debug][gc,nmethod     ] Register NMethod: io.sirix.page.NamePage.setName (0x000071df3f51e308) [0x000071df3f51e400, 0x000071df3f51f9a0] Compiler: c1, Barriers: 25, Oops: 1, ImmediateOops: 2, NonImmediateOops: No
[4,562s][debug][gc,nmethod     ] Register NMethod: com.sun.xml.internal.stream.events.StartElementEvent.init (0x000071df3f421188) [0x000071df3f421280, 0x000071df3f421a08] Compiler: c1, Barriers: 9, Oops: 0, ImmediateOops: 1, NonImmediateOops: No
[4,563s][debug][gc,nmethod     ] Register NMethod: io.sirix.access.trx.node.xml.XmlNodeTrxImpl.adaptForInsert (0x000071df3f4cf788) [0x000071df3f4cf880, 0x000071df3f4d2628] Compiler: c1, Barriers: 3, Oops: 1, ImmediateOops: 3, NonImmediateOops: No
[4,563s][debug][gc,nmethod     ] Register NMethod: com.sun.org.apache.xerces.internal.impl.XMLStreamReaderImpl.next (0x000071df3f435408) [0x000071df3f435500, 0x000071df3f437d58] Compiler: c1, Barriers: 24, Oops: 0, ImmediateOops: 6, NonImmediateOops: No
[4,563s][debug][gc,nmethod     ] Register NMethod: io.sirix.index.path.summary.PathNode.incrementReferenceCount (0x000071df5ed68888) [0x000071df5ed68980, 0x000071df5ed68a08] Compiler: jvmci, Barriers: 0, Oops: 1, ImmediateOops: 0, NonImmediateOops: No
[4,563s][debug][gc,nmethod     ] Register NMethod: com.sun.xml.internal.stream.events.EndElementEvent.init (0x000071df3f4ced88) [0x000071df3f4cee80, 0x000071df3f4cf418] Compiler: c1, Barriers: 6, Oops: 0, ImmediateOops: 1, NonImmediateOops: No
[4,563s][debug][gc,nmethod     ] Register NMethod: com.sun.xml.internal.stream.events.EndElementEvent.<init> (0x000071df3f53a888) [0x000071df3f53a980, 0x000071df3f53b3a8] Compiler: c1, Barriers: 16, Oops: 0, ImmediateOops: 2, NonImmediateOops: No
[4,563s][debug][gc,nmethod     ] Register NMethod: it.unimi.dsi.fastutil.ints.Int2ObjectOpenHashMap.get (0x000071df3f43bc08) [0x000071df3f43bd00, 0x000071df3f43c370] Compiler: c1, Barriers: 10, Oops: 1, ImmediateOops: 0, NonImmediateOops: No
[4,563s][debug][gc,nmethod     ] Register NMethod: com.sun.org.apache.xerces.internal.impl.XMLDocumentFragmentScannerImpl$FragmentContentDriver.next (0x000071df4006f508) [0x000071df4006f600, 0x000071df4007d400] Compiler: c1, Barriers: 140, Oops: 1, ImmediateOops: 14, NonImmediateOops: No
[4,563s][debug][gc,nmethod     ] Register NMethod: com.sun.org.apache.xerces.internal.util.NamespaceSupport.pushContext (0x000071df3fda3188) [0x000071df3fda3280, 0x000071df3fda35f0] Compiler: c1, Barriers: 5, Oops: 0, ImmediateOops: 0, NonImmediateOops: No
[4,563s][debug][gc,nmethod     ] Register NMethod: io.sirix.axis.filter.FilterAxis.<init> (0x000071df3fd26308) [0x000071df3fd26400, 0x000071df3fd28f88] Compiler: c1, Barriers: 24, Oops: 1, ImmediateOops: 3, NonImmediateOops: No
[4,563s][debug][gc,nmethod     ] Register NMethod: io.sirix.access.trx.node.AbstractNodeHashing.adaptHashesWithAdd (0x000071df3ffdfc08) [0x000071df3ffdfd00, 0x000071df3ffe01d8] Compiler: c1, Barriers: 1, Oops: 1, ImmediateOops: 1, NonImmediateOops: No
[4,563s][debug][gc,nmethod     ] Register NMethod: com.sun.org.apache.xerces.internal.impl.XMLStreamReaderImpl.hasNext (0x000071df5ed68588) [0x000071df5ed68680, 0x000071df5ed68758] Compiler: jvmci, Barriers: 0, Oops: 0, ImmediateOops: 0, NonImmediateOops: No
[4,564s][debug][gc,nmethod     ] Register NMethod: com.sun.org.apache.xerces.internal.impl.XMLStreamReaderImpl.getLocation (0x000071df5ed67f08) [0x000071df5ed68000, 0x000071df5ed68308] Compiler: jvmci, Barriers: 11, Oops: 0, ImmediateOops: 0, NonImmediateOops: No
[4,564s][debug][gc,nmethod     ] Register NMethod: com.sun.org.apache.xerces.internal.impl.XMLNSDocumentScannerImpl.scanStartElement (0x000071df3f9a2588) [0x000071df3f9a2680, 0x000071df3f9ab620] Compiler: c1, Barriers: 176, Oops: 11, ImmediateOops: 26, NonImmediateOops: No
[4,565s][debug][gc,nmethod     ] Register NMethod: com.sun.org.apache.xerces.internal.xni.XMLString.append (0x000071df3f81ae88) [0x000071df3f81af80, 0x000071df3f81b458] Compiler: c1, Barriers: 5, Oops: 0, ImmediateOops: 0, NonImmediateOops: No
[4,566s][debug][gc,nmethod     ] Register NMethod: io.sirix.access.trx.node.xml.XmlNodeTrxImpl.insertElementAsFirstChild (0x000071df3f82ca88) [0x000071df3f82cb80, 0x000071df3f8316b0] Compiler: c1, Barriers: 25, Oops: 1, ImmediateOops: 10, NonImmediateOops: No
[4,569s][debug][gc,director    ] Rule Major: Warmup 20%, Used: 1168MB, UsedThreshold: 2457MB
[4,569s][debug][gc,director    ] Select Minor GC Workers (Not Warm), GCWorkers: 5,000
[4,569s][debug][gc,director    ] Rule Minor: Allocation Rate (Dynamic GC Workers), MaxAllocRate: 441,3MB/s (+/-31,4%), Free: 11078MB, GCCPUTime: 3,576, GCDuration: 0,717s, TimeUntilOOM: 19,102s, TimeUntilGC: 18,385s, GCWorkers: 5
[4,569s][debug][gc,director    ] Select Minor GC Workers (Not Warm), GCWorkers: 5,000
[4,569s][debug][gc,director    ] Rule Minor: Allocation Rate (Dynamic GC Workers), MaxAllocRate: 1833,4MB/s (+/-31,4%), Free: 11078MB, GCCPUTime: 3,576, GCDuration: 0,717s, TimeUntilOOM: 4,598s, TimeUntilGC: 3,881s, GCWorkers: 5
[4,569s][debug][gc,director    ] Rule Minor: High Usage, Free: 11078MB(90,2%)
[4,579s][debug][gc,director    ] Rule Major: Warmup 20%, Used: 1176MB, UsedThreshold: 2457MB
[4,579s][debug][gc,director    ] Select Minor GC Workers (Not Warm), GCWorkers: 5,000
[4,579s][debug][gc,director    ] Rule Minor: Allocation Rate (Dynamic GC Workers), MaxAllocRate: 441,3MB/s (+/-31,4%), Free: 11070MB, GCCPUTime: 3,576, GCDuration: 0,717s, TimeUntilOOM: 19,088s, TimeUntilGC: 18,371s, GCWorkers: 5
[4,579s][debug][gc,director    ] Select Minor GC Workers (Not Warm), GCWorkers: 5,000
[4,579s][debug][gc,director    ] Rule Minor: Allocation Rate (Dynamic GC Workers), MaxAllocRate: 1833,4MB/s (+/-31,4%), Free: 11070MB, GCCPUTime: 3,576, GCDuration: 0,717s, TimeUntilOOM: 4,595s, TimeUntilGC: 3,878s, GCWorkers: 5
[4,579s][debug][gc,director    ] Rule Minor: High Usage, Free: 11070MB(90,1%)
[4,582s][debug][gc,nmethod     ] Register NMethod: com.sun.org.apache.xerces.internal.impl.PropertyManager.getProperty (0x000071df5ed89008) [0x000071df5ed89100, 0x000071df5ed8a948] Compiler: jvmci, Barriers: 29, Oops: 22, ImmediateOops: 19, NonImmediateOops: No
[4,583s][debug][gc,nmethod     ] Register NMethod: com.sun.org.apache.xerces.internal.impl.XMLStreamReaderImpl.getProperty (0x000071df5ed50c88) [0x000071df5ed50d80, 0x000071df5ed525e0] Compiler: jvmci, Barriers: 24, Oops: 22, ImmediateOops: 23, NonImmediateOops: No
[4,590s][debug][gc,director    ] Rule Major: Warmup 20%, Used: 1186MB, UsedThreshold: 2457MB
[4,590s][debug][gc,director    ] Select Minor GC Workers (Not Warm), GCWorkers: 5,000
[4,590s][debug][gc,director    ] Rule Minor: Allocation Rate (Dynamic GC Workers), MaxAllocRate: 441,3MB/s (+/-31,4%), Free: 11060MB, GCCPUTime: 3,576, GCDuration: 0,717s, TimeUntilOOM: 19,071s, TimeUntilGC: 18,354s, GCWorkers: 5
[4,590s][debug][gc,director    ] Select Minor GC Workers (Not Warm), GCWorkers: 5,000
[4,590s][debug][gc,director    ] Rule Minor: Allocation Rate (Dynamic GC Workers), MaxAllocRate: 1833,4MB/s (+/-31,4%), Free: 11060MB, GCCPUTime: 3,576, GCDuration: 0,717s, TimeUntilOOM: 4,591s, TimeUntilGC: 3,874s, GCWorkers: 5
[4,590s][debug][gc,director    ] Rule Minor: High Usage, Free: 11060MB(90,0%)
[4,590s][debug][gc,nmethod     ] Register NMethod: io.sirix.index.path.summary.PathSummaryReader.getNodeKey (0x000071df5ed88c08) [0x000071df5ed88d00, 0x000071df5ed88ec0] Compiler: jvmci, Barriers: 2, Oops: 1, ImmediateOops: 0, NonImmediateOops: No
[4,593s][debug][gc,nmethod     ] Register NMethod: io.sirix.access.trx.page.NodePageTrx.prepareRecordForModification (0x000071df5ed48108) [0x000071df5ed48200, 0x000071df5ed496a8] Compiler: jvmci, Barriers: 41, Oops: 3, ImmediateOops: 2, NonImmediateOops: No
[4,594s][debug][gc,nmethod     ] Register NMethod: com.sun.org.apache.xerces.internal.impl.XMLDocumentFragmentScannerImpl$FragmentContentDriver.next (0x000071df5ed5ff88) [0x000071df5ed60080, 0x000071df5ed61e78] Compiler: jvmci, Barriers: 44, Oops: 1, ImmediateOops: 1, NonImmediateOops: No
[4,595s][debug][gc,nmethod     ] Register NMethod: io.sirix.node.xml.AbstractStructForwardingNode.hasRightSibling (0x000071df5ed5fb08) [0x000071df5ed5fc00, 0x000071df5ed5fd70] Compiler: jvmci, Barriers: 1, Oops: 1, ImmediateOops: 0, NonImmediateOops: No
[4,599s][debug][gc,nmethod     ] Register NMethod: com.sun.org.apache.xerces.internal.impl.XMLStreamReaderImpl.getText (0x000071df5ec7fe08) [0x000071df5ec7ff00, 0x000071df5ec80428] Compiler: jvmci, Barriers: 6, Oops: 1, ImmediateOops: 0, NonImmediateOops: No
[4,600s][debug][gc,director    ] Rule Major: Warmup 20%, Used: 1194MB, UsedThreshold: 2457MB
[4,600s][debug][gc,director    ] Select Minor GC Workers (Not Warm), GCWorkers: 5,000
[4,600s][debug][gc,director    ] Rule Minor: Allocation Rate (Dynamic GC Workers), MaxAllocRate: 441,3MB/s (+/-31,4%), Free: 11052MB, GCCPUTime: 3,576, GCDuration: 0,717s, TimeUntilOOM: 19,057s, TimeUntilGC: 18,340s, GCWorkers: 5
[4,600s][debug][gc,director    ] Select Minor GC Workers (Not Warm), GCWorkers: 5,000
[4,600s][debug][gc,director    ] Rule Minor: Allocation Rate (Dynamic GC Workers), MaxAllocRate: 1833,4MB/s (+/-31,4%), Free: 11052MB, GCCPUTime: 3,576, GCDuration: 0,717s, TimeUntilOOM: 4,587s, TimeUntilGC: 3,870s, GCWorkers: 5
[4,600s][debug][gc,director    ] Rule Minor: High Usage, Free: 11052MB(89,9%)
[4,601s][debug][gc,nmethod     ] Register NMethod: it.unimi.dsi.fastutil.ints.Int2LongOpenHashMap.get (0x000071df5ed50688) [0x000071df5ed50780, 0x000071df5ed50ad0] Compiler: jvmci, Barriers: 2, Oops: 1, ImmediateOops: 0, NonImmediateOops: No
[4,603s][debug][gc,nmethod     ] Register NMethod: it.unimi.dsi.fastutil.ints.Int2ObjectOpenHashMap.get (0x000071df5ec7f888) [0x000071df5ec7f980, 0x000071df5ec7fdf8] Compiler: jvmci, Barriers: 8, Oops: 1, ImmediateOops: 0, NonImmediateOops: No
[4,608s][debug][gc,nmethod     ] Register NMethod: io.sirix.axis.AbstractAxis.<init> (0x000071df5edaaa08) [0x000071df5edaab00, 0x000071df5edab428] Compiler: jvmci, Barriers: 30, Oops: 1, ImmediateOops: 3, NonImmediateOops: No
[4,610s][debug][gc,director    ] Rule Major: Warmup 20%, Used: 1202MB, UsedThreshold: 2457MB
[4,610s][debug][gc,director    ] Select Minor GC Workers (Not Warm), GCWorkers: 5,000
[4,610s][debug][gc,director    ] Rule Minor: Allocation Rate (Dynamic GC Workers), MaxAllocRate: 441,3MB/s (+/-31,4%), Free: 11044MB, GCCPUTime: 3,576, GCDuration: 0,717s, TimeUntilOOM: 19,044s, TimeUntilGC: 18,326s, GCWorkers: 5
[4,610s][debug][gc,director    ] Select Minor GC Workers (Not Warm), GCWorkers: 5,000
[4,610s][debug][gc,director    ] Rule Minor: Allocation Rate (Dynamic GC Workers), MaxAllocRate: 1833,4MB/s (+/-31,4%), Free: 11044MB, GCCPUTime: 3,576, GCDuration: 0,717s, TimeUntilOOM: 4,584s, TimeUntilGC: 3,867s, GCWorkers: 5
[4,610s][debug][gc,director    ] Rule Minor: High Usage, Free: 11044MB(89,9%)
[4,612s][debug][gc,nmethod     ] Register NMethod: io.sirix.access.trx.page.TreeModifierImpl.prepareIndirectPage (0x000071df3fe8aa08) [0x000071df3fe8ab00, 0x000071df3fe8c7e0] Compiler: c1, Barriers: 11, Oops: 1, ImmediateOops: 0, NonImmediateOops: No
[4,615s][debug][gc,nmethod     ] Register NMethod: io.sirix.axis.filter.FilterAxis.nextKey (0x000071df5eccff88) [0x000071df5ecd0080, 0x000071df5ecd17e8] Compiler: jvmci, Barriers: 43, Oops: 2, ImmediateOops: 3, NonImmediateOops: No
[4,616s][debug][gc,nmethod     ] Register NMethod: com.sun.org.apache.xerces.internal.impl.XMLStreamReaderImpl.next (0x000071df5edaa508) [0x000071df5edaa600, 0x000071df5edaa8e0] Compiler: jvmci, Barriers: 4, Oops: 0, ImmediateOops: 0, NonImmediateOops: No
[4,620s][debug][gc,director    ] Rule Major: Warmup 20%, Used: 1212MB, UsedThreshold: 2457MB
[4,620s][debug][gc,director    ] Select Minor GC Workers (Not Warm), GCWorkers: 5,000
[4,620s][debug][gc,director    ] Rule Minor: Allocation Rate (Dynamic GC Workers), MaxAllocRate: 441,3MB/s (+/-31,4%), Free: 11034MB, GCCPUTime: 3,576, GCDuration: 0,717s, TimeUntilOOM: 19,026s, TimeUntilGC: 18,309s, GCWorkers: 5
[4,620s][debug][gc,director    ] Select Minor GC Workers (Not Warm), GCWorkers: 5,000
[4,620s][debug][gc,director    ] Rule Minor: Allocation Rate (Dynamic GC Workers), MaxAllocRate: 1833,4MB/s (+/-31,4%), Free: 11034MB, GCCPUTime: 3,576, GCDuration: 0,717s, TimeUntilOOM: 4,580s, TimeUntilGC: 3,863s, GCWorkers: 5
[4,620s][debug][gc,director    ] Rule Minor: High Usage, Free: 11034MB(89,8%)
[4,624s][debug][gc,nmethod     ] Register NMethod: io.sirix.access.trx.node.xml.XmlNodeTrxImpl.adaptForInsert (0x000071df5ee90108) [0x000071df5ee90200, 0x000071df5ee93360] Compiler: jvmci, Barriers: 89, Oops: 4, ImmediateOops: 1, NonImmediateOops: No
[4,626s][debug][gc,nmethod     ] Register NMethod: io.sirix.index.name.Names.setName (0x000071df5ee93388) [0x000071df5ee93480, 0x000071df5ee95d10] Compiler: jvmci, Barriers: 53, Oops: 5, ImmediateOops: 4, NonImmediateOops: No
[4,627s][debug][gc,nmethod     ] Register NMethod: io.sirix.node.xml.AbstractStructForwardingNode.hasFirstChild (0x000071df5ec7f588) [0x000071df5ec7f680, 0x000071df5ec7f7f0] Compiler: jvmci, Barriers: 1, Oops: 1, ImmediateOops: 0, NonImmediateOops: No
[4,630s][debug][gc,director    ] Rule Major: Warmup 20%, Used: 1222MB, UsedThreshold: 2457MB
[4,630s][debug][gc,director    ] Select Minor GC Workers (Not Warm), GCWorkers: 5,000
[4,630s][debug][gc,director    ] Rule Minor: Allocation Rate (Dynamic GC Workers), MaxAllocRate: 441,3MB/s (+/-31,4%), Free: 11024MB, GCCPUTime: 3,576, GCDuration: 0,717s, TimeUntilOOM: 19,009s, TimeUntilGC: 18,292s, GCWorkers: 5
[4,630s][debug][gc,director    ] Select Minor GC Workers (Not Warm), GCWorkers: 5,000
[4,630s][debug][gc,director    ] Rule Minor: Allocation Rate (Dynamic GC Workers), MaxAllocRate: 1833,4MB/s (+/-31,4%), Free: 11024MB, GCCPUTime: 3,576, GCDuration: 0,717s, TimeUntilOOM: 4,576s, TimeUntilGC: 3,859s, GCWorkers: 5
[4,630s][debug][gc,director    ] Rule Minor: High Usage, Free: 11024MB(89,7%)
[4,632s][debug][gc,nmethod     ] Register NMethod: io.sirix.index.path.summary.PathSummaryReader.putMapping (0x000071df5ece0a88) [0x000071df5ece0b80, 0x000071df5ece12b0] Compiler: jvmci, Barriers: 16, Oops: 1, ImmediateOops: 0, NonImmediateOops: No
[4,634s][debug][gc,nmethod     ] Register NMethod: io.sirix.axis.filter.FilterAxis.<init> (0x000071df5ee09888) [0x000071df5ee09980, 0x000071df5ee0b030] Compiler: jvmci, Barriers: 64, Oops: 1, ImmediateOops: 4, NonImmediateOops: No
[4,637s][debug][gc,alloc       ] Mutator Allocation Rate: 639,8MB/s Predicted: 702,3MB/s, Avg: 450,4(+/-141,6)MB/s
[4,637s][debug][gc,director    ] Rule Major: Warmup 20%, Used: 1230MB, UsedThreshold: 2457MB
[4,637s][debug][gc,director    ] Select Minor GC Workers (Not Warm), GCWorkers: 5,000
[4,637s][debug][gc,director    ] Rule Minor: Allocation Rate (Dynamic GC Workers), MaxAllocRate: 450,4MB/s (+/-31,4%), Free: 11016MB, GCCPUTime: 3,576, GCDuration: 0,717s, TimeUntilOOM: 18,610s, TimeUntilGC: 17,893s, GCWorkers: 5
[4,637s][debug][gc,director    ] Select Minor GC Workers (Not Warm), GCWorkers: 5,000
[4,637s][debug][gc,director    ] Rule Minor: Allocation Rate (Dynamic GC Workers), MaxAllocRate: 1870,5MB/s (+/-31,4%), Free: 11016MB, GCCPUTime: 3,576, GCDuration: 0,717s, TimeUntilOOM: 4,481s, TimeUntilGC: 3,764s, GCWorkers: 5
[4,637s][debug][gc,director    ] Rule Minor: High Usage, Free: 11016MB(89,6%)
[4,638s][debug][gc,nmethod     ] Register NMethod: io.sirix.page.NamePage.setName (0x000071df5ece0208) [0x000071df5ece0300, 0x000071df5ece09b8] Compiler: jvmci, Barriers: 16, Oops: 1, ImmediateOops: 0, NonImmediateOops: No
[4,639s][debug][gc,nmethod     ] Register NMethod: io.sirix.page.PageKind$1.serializePage (0x000071df5ee95d88) [0x000071df5ee95e80, 0x000071df5ee9ae70] Compiler: jvmci, Barriers: 122, Oops: 15, ImmediateOops: 5, NonImmediateOops: No
[4,640s][debug][gc,nmethod     ] Register NMethod: io.sirix.index.path.summary.PathSummaryReader.hasRightSibling (0x000071df5ee09588) [0x000071df5ee09680, 0x000071df5ee09810] Compiler: jvmci, Barriers: 2, Oops: 1, ImmediateOops: 0, NonImmediateOops: No
[4,641s][debug][gc,nmethod     ] Register NMethod: io.sirix.index.path.summary.PathSummaryReader.getRightSiblingKey (0x000071df5ee09288) [0x000071df5ee09380, 0x000071df5ee09500] Compiler: jvmci, Barriers: 2, Oops: 1, ImmediateOops: 0, NonImmediateOops: No
[4,642s][debug][gc,nmethod     ] Register NMethod: com.sun.org.apache.xerces.internal.impl.XMLNSDocumentScannerImpl.scanStartElement (0x000071df5ec7b188) [0x000071df5ec7b280, 0x000071df5ec7d920] Compiler: jvmci, Barriers: 84, Oops: 2, ImmediateOops: 5, NonImmediateOops: No
[4,642s][debug][gc,nmethod     ] Register NMethod: com.sun.org.apache.xerces.internal.impl.XMLEntityScanner.checkNodeCount (0x000071df5ee08f88) [0x000071df5ee09080, 0x000071df5ee09160] Compiler: jvmci, Barriers: 0, Oops: 0, ImmediateOops: 0, NonImmediateOops: No
[4,642s][debug][gc,nmethod     ] Register NMethod: com.sun.org.apache.xerces.internal.util.NamespaceSupport.pushContext (0x000071df5ee08808) [0x000071df5ee08900, 0x000071df5ee08cf0] Compiler: jvmci, Barriers: 4, Oops: 0, ImmediateOops: 0, NonImmediateOops: No
[4,643s][debug][gc,nmethod     ] Register NMethod: com.sun.org.apache.xerces.internal.impl.XMLStreamReaderImpl.getNamespaceCount (0x000071df5ec82d88) [0x000071df5ec82e80, 0x000071df5ec83098] Compiler: jvmci, Barriers: 3, Oops: 0, ImmediateOops: 0, NonImmediateOops: No
[4,643s][debug][gc,nmethod     ] Register NMethod: io.sirix.axis.ChildAxis.nextKey (0x000071df5ec82508) [0x000071df5ec82600, 0x000071df5ec82d30] Compiler: jvmci, Barriers: 9, Oops: 1, ImmediateOops: 0, NonImmediateOops: No
[4,643s][debug][gc,nmethod     ] Register NMethod: com.sun.org.apache.xerces.internal.impl.XMLEntityScanner.skipSpaces (0x000071df3f4bf708) [0x000071df3f4bf800, 0x000071df3f4c0a90] Compiler: c1, Barriers: 16, Oops: 0, ImmediateOops: 2, NonImmediateOops: No
[4,643s][debug][gc,nmethod     ] Register NMethod: io.sirix.index.path.summary.PathSummaryReader.getFirstChildKey (0x000071df5ec82208) [0x000071df5ec82300, 0x000071df5ec824b8] Compiler: jvmci, Barriers: 2, Oops: 1, ImmediateOops: 0, NonImmediateOops: No
[4,643s][debug][gc,nmethod     ] Register NMethod: io.sirix.index.path.summary.PathSummaryReader.hasFirstChild (0x000071df5ec81d88) [0x000071df5ec81e80, 0x000071df5ec82040] Compiler: jvmci, Barriers: 2, Oops: 1, ImmediateOops: 0, NonImmediateOops: No
[4,644s][debug][gc,nmethod     ] Register NMethod: com.sun.xml.internal.stream.events.XMLEventAllocatorImpl.fillNamespaceAttributes (0x000071df5ed66e08) [0x000071df5ed66f00, 0x000071df5ed67180] Compiler: jvmci, Barriers: 3, Oops: 0, ImmediateOops: 0, NonImmediateOops: No
[4,645s][debug][gc,nmethod     ] Register NMethod: com.sun.xml.internal.stream.events.XMLEventAllocatorImpl.fillNamespaceAttributes (0x000071df5ed66a88) [0x000071df5ed66b80, 0x000071df5ed66e00] Compiler: jvmci, Barriers: 3, Oops: 0, ImmediateOops: 0, NonImmediateOops: No
[4,645s][debug][gc,nmethod     ] Register NMethod: io.sirix.node.xml.ElementNode.setFirstChildKey (0x000071df5ed66688) [0x000071df5ed66780, 0x000071df5ed66a48] Compiler: jvmci, Barriers: 4, Oops: 1, ImmediateOops: 0, NonImmediateOops: No
[4,646s][debug][gc,nmethod     ] Register NMethod: io.sirix.page.KeyValueLeafPage.processEntries (0x000071df5ee9af08) [0x000071df5ee9b000, 0x000071df5ee9f908] Compiler: jvmci, Barriers: 97, Oops: 6, ImmediateOops: 9, NonImmediateOops: No
[4,646s][debug][gc,nmethod     ] Register NMethod: io.sirix.axis.ChildAxis.reset (0x000071df5ed66388) [0x000071df5ed66480, 0x000071df5ed66580] Compiler: jvmci, Barriers: 3, Oops: 1, ImmediateOops: 1, NonImmediateOops: No
[4,646s][debug][gc,nmethod     ] Register NMethod: io.sirix.node.xml.ElementNode.setRightSiblingKey (0x000071df5ed65e08) [0x000071df5ed65f00, 0x000071df5ed661c8] Compiler: jvmci, Barriers: 4, Oops: 1, ImmediateOops: 0, NonImmediateOops: No
[4,647s][debug][gc,nmethod     ] Register NMethod: io.sirix.axis.filter.FilterAxis.reset (0x000071df5ed98d08) [0x000071df5ed98e00, 0x000071df5ed991f8] Compiler: jvmci, Barriers: 15, Oops: 1, ImmediateOops: 2, NonImmediateOops: No
[4,647s][debug][gc,director    ] Rule Major: Warmup 20%, Used: 1240MB, UsedThreshold: 2457MB
[4,647s][debug][gc,director    ] Select Minor GC Workers (Not Warm), GCWorkers: 5,000
[4,647s][debug][gc,director    ] Rule Minor: Allocation Rate (Dynamic GC Workers), MaxAllocRate: 450,4MB/s (+/-31,4%), Free: 11006MB, GCCPUTime: 3,576, GCDuration: 0,717s, TimeUntilOOM: 18,593s, TimeUntilGC: 17,876s, GCWorkers: 5
[4,647s][debug][gc,director    ] Select Minor GC Workers (Not Warm), GCWorkers: 5,000
[4,647s][debug][gc,director    ] Rule Minor: Allocation Rate (Dynamic GC Workers), MaxAllocRate: 1870,5MB/s (+/-31,4%), Free: 11006MB, GCCPUTime: 3,576, GCDuration: 0,717s, TimeUntilOOM: 4,477s, TimeUntilGC: 3,760s, GCWorkers: 5
[4,648s][debug][gc,director    ] Rule Minor: High Usage, Free: 11006MB(89,6%)
[4,648s][debug][gc,nmethod     ] Register NMethod: com.sun.xml.internal.stream.events.XMLEventAllocatorImpl.setNamespaceContext (0x000071df5ed98388) [0x000071df5ed98480, 0x000071df5ed98cc0] Compiler: jvmci, Barriers: 19, Oops: 0, ImmediateOops: 0, NonImmediateOops: No
[4,656s][debug][gc,nmethod     ] Register NMethod: com.sun.xml.internal.stream.events.XMLEventAllocatorImpl.getXMLEvent (0x000071df5ee9f988) [0x000071df5ee9faa0, 0x000071df5eea33f8] Compiler: jvmci, Barriers: 223, Oops: 9, ImmediateOops: 43, NonImmediateOops: No
[4,658s][debug][gc,director    ] Rule Major: Warmup 20%, Used: 1252MB, UsedThreshold: 2457MB
[4,658s][debug][gc,director    ] Select Minor GC Workers (Not Warm), GCWorkers: 5,000
[4,658s][debug][gc,director    ] Rule Minor: Allocation Rate (Dynamic GC Workers), MaxAllocRate: 450,4MB/s (+/-31,4%), Free: 10994MB, GCCPUTime: 3,576, GCDuration: 0,717s, TimeUntilOOM: 18,573s, TimeUntilGC: 17,856s, GCWorkers: 5
[4,658s][debug][gc,director    ] Select Minor GC Workers (Not Warm), GCWorkers: 5,000
[4,658s][debug][gc,director    ] Rule Minor: Allocation Rate (Dynamic GC Workers), MaxAllocRate: 1870,5MB/s (+/-31,4%), Free: 10994MB, GCCPUTime: 3,576, GCDuration: 0,717s, TimeUntilOOM: 4,472s, TimeUntilGC: 3,755s, GCWorkers: 5
[4,658s][debug][gc,director    ] Rule Minor: High Usage, Free: 10994MB(89,5%)
[4,668s][debug][gc,director    ] Rule Major: Warmup 20%, Used: 1264MB, UsedThreshold: 2457MB
[4,668s][debug][gc,director    ] Select Minor GC Workers (Not Warm), GCWorkers: 5,000
[4,668s][debug][gc,director    ] Rule Minor: Allocation Rate (Dynamic GC Workers), MaxAllocRate: 450,4MB/s (+/-31,4%), Free: 10982MB, GCCPUTime: 3,576, GCDuration: 0,717s, TimeUntilOOM: 18,553s, TimeUntilGC: 17,835s, GCWorkers: 5
[4,668s][debug][gc,director    ] Select Minor GC Workers (Not Warm), GCWorkers: 5,000
[4,668s][debug][gc,director    ] Rule Minor: Allocation Rate (Dynamic GC Workers), MaxAllocRate: 1870,5MB/s (+/-31,4%), Free: 10982MB, GCCPUTime: 3,576, GCDuration: 0,717s, TimeUntilOOM: 4,467s, TimeUntilGC: 3,750s, GCWorkers: 5
[4,668s][debug][gc,director    ] Rule Minor: High Usage, Free: 10982MB(89,4%)
[4,670s][debug][gc,nmethod     ] Register NMethod: com.sun.org.apache.xerces.internal.impl.XMLEntityScanner.skipSpaces (0x000071df5ed97d08) [0x000071df5ed97e00, 0x000071df5ed98318] Compiler: jvmci, Barriers: 6, Oops: 0, ImmediateOops: 1, NonImmediateOops: No
[4,675s][debug][gc,nmethod     ] Register NMethod: jdk.xml.internal.JdkProperty$ImplPropMap.is (0x000071df5ed41688) [0x000071df5ed41780, 0x000071df5ed41bf0] Compiler: jvmci, Barriers: 7, Oops: 0, ImmediateOops: 0, NonImmediateOops: No
[4,678s][debug][gc,nmethod     ] Register NMethod: io.sirix.access.trx.page.NodePageReadOnlyTrx.getPathSummaryPage (0x000071df5ece6888) [0x000071df5ece6980, 0x000071df5ece80d0] Compiler: jvmci, Barriers: 42, Oops: 3, ImmediateOops: 0, NonImmediateOops: No
[4,678s][debug][gc,director    ] Rule Major: Warmup 20%, Used: 1276MB, UsedThreshold: 2457MB
[4,678s][debug][gc,director    ] Select Minor GC Workers (Not Warm), GCWorkers: 5,000
[4,678s][debug][gc,director    ] Rule Minor: Allocation Rate (Dynamic GC Workers), MaxAllocRate: 450,4MB/s (+/-31,4%), Free: 10970MB, GCCPUTime: 3,576, GCDuration: 0,717s, TimeUntilOOM: 18,532s, TimeUntilGC: 17,815s, GCWorkers: 5
[4,678s][debug][gc,director    ] Select Minor GC Workers (Not Warm), GCWorkers: 5,000
[4,678s][debug][gc,director    ] Rule Minor: Allocation Rate (Dynamic GC Workers), MaxAllocRate: 1870,5MB/s (+/-31,4%), Free: 10970MB, GCCPUTime: 3,576, GCDuration: 0,717s, TimeUntilOOM: 4,462s, TimeUntilGC: 3,745s, GCWorkers: 5
[4,678s][debug][gc,director    ] Rule Minor: High Usage, Free: 10970MB(89,3%)
[4,683s][debug][gc,nmethod     ] Register NMethod: io.sirix.node.xml.ElementNode.getAttributeKey (0x000071df5ece6588) [0x000071df5ece6680, 0x000071df5ece6820] Compiler: jvmci, Barriers: 2, Oops: 1, ImmediateOops: 0, NonImmediateOops: No
[4,688s][debug][gc,director    ] Rule Major: Warmup 20%, Used: 1290MB, UsedThreshold: 2457MB
[4,688s][debug][gc,director    ] Select Minor GC Workers (Not Warm), GCWorkers: 5,000
[4,688s][debug][gc,director    ] Rule Minor: Allocation Rate (Dynamic GC Workers), MaxAllocRate: 450,4MB/s (+/-31,4%), Free: 10956MB, GCCPUTime: 3,576, GCDuration: 0,717s, TimeUntilOOM: 18,509s, TimeUntilGC: 17,791s, GCWorkers: 5
[4,688s][debug][gc,director    ] Select Minor GC Workers (Not Warm), GCWorkers: 5,000
[4,688s][debug][gc,director    ] Rule Minor: Allocation Rate (Dynamic GC Workers), MaxAllocRate: 1870,5MB/s (+/-31,4%), Free: 10956MB, GCCPUTime: 3,576, GCDuration: 0,717s, TimeUntilOOM: 4,456s, TimeUntilGC: 3,739s, GCWorkers: 5
[4,688s][debug][gc,director    ] Rule Minor: High Usage, Free: 10956MB(89,2%)
[4,689s][debug][gc,nmethod     ] Register NMethod: io.sirix.index.path.summary.PathSummaryWriter.getPathNodeKey (0x000071df5eea3488) [0x000071df5eea3580, 0x000071df5eea63a8] Compiler: jvmci, Barriers: 95, Oops: 12, ImmediateOops: 9, NonImmediateOops: No
[4,698s][debug][gc,director    ] Rule Major: Warmup 20%, Used: 1302MB, UsedThreshold: 2457MB
[4,698s][debug][gc,director    ] Select Minor GC Workers (Not Warm), GCWorkers: 5,000
[4,698s][debug][gc,director    ] Rule Minor: Allocation Rate (Dynamic GC Workers), MaxAllocRate: 450,4MB/s (+/-31,4%), Free: 10944MB, GCCPUTime: 3,576, GCDuration: 0,717s, TimeUntilOOM: 18,488s, TimeUntilGC: 17,771s, GCWorkers: 5
[4,698s][debug][gc,director    ] Select Minor GC Workers (Not Warm), GCWorkers: 5,000
[4,698s][debug][gc,director    ] Rule Minor: Allocation Rate (Dynamic GC Workers), MaxAllocRate: 1870,5MB/s (+/-31,4%), Free: 10944MB, GCCPUTime: 3,576, GCDuration: 0,717s, TimeUntilOOM: 4,452s, TimeUntilGC: 3,734s, GCWorkers: 5
[4,698s][debug][gc,director    ] Rule Minor: High Usage, Free: 10944MB(89,1%)
[4,709s][debug][gc,director    ] Rule Major: Warmup 20%, Used: 1314MB, UsedThreshold: 2457MB
[4,709s][debug][gc,director    ] Select Minor GC Workers (Not Warm), GCWorkers: 5,000
[4,709s][debug][gc,director    ] Rule Minor: Allocation Rate (Dynamic GC Workers), MaxAllocRate: 450,4MB/s (+/-31,4%), Free: 10932MB, GCCPUTime: 3,576, GCDuration: 0,717s, TimeUntilOOM: 18,468s, TimeUntilGC: 17,751s, GCWorkers: 5
[4,709s][debug][gc,director    ] Select Minor GC Workers (Not Warm), GCWorkers: 5,000
[4,709s][debug][gc,director    ] Rule Minor: Allocation Rate (Dynamic GC Workers), MaxAllocRate: 1870,5MB/s (+/-31,4%), Free: 10932MB, GCCPUTime: 3,576, GCDuration: 0,717s, TimeUntilOOM: 4,447s, TimeUntilGC: 3,730s, GCWorkers: 5
[4,709s][debug][gc,director    ] Rule Minor: High Usage, Free: 10932MB(89,0%)
[4,709s][debug][gc,nmethod     ] Register NMethod: io.sirix.index.path.summary.PathSummaryReader.moveTo (0x000071df5ed40488) [0x000071df5ed40580, 0x000071df5ed413a8] Compiler: jvmci, Barriers: 29, Oops: 4, ImmediateOops: 1, NonImmediateOops: No
[4,717s][debug][gc,alloc       ] Mutator Allocation Rate: 652,9MB/s Predicted: 715,6MB/s, Avg: 459,2(+/-144,5)MB/s
[4,717s][debug][gc,director    ] Rule Major: Warmup 20%, Used: 1326MB, UsedThreshold: 2457MB
[4,717s][debug][gc,director    ] Select Minor GC Workers (Not Warm), GCWorkers: 5,000
[4,717s][debug][gc,director    ] Rule Minor: Allocation Rate (Dynamic GC Workers), MaxAllocRate: 459,2MB/s (+/-31,5%), Free: 10920MB, GCCPUTime: 3,576, GCDuration: 0,717s, TimeUntilOOM: 18,089s, TimeUntilGC: 17,372s, GCWorkers: 5
[4,717s][debug][gc,director    ] Select Minor GC Workers (Not Warm), GCWorkers: 5,000
[4,717s][debug][gc,director    ] Rule Minor: Allocation Rate (Dynamic GC Workers), MaxAllocRate: 1906,7MB/s (+/-31,5%), Free: 10920MB, GCCPUTime: 3,576, GCDuration: 0,717s, TimeUntilOOM: 4,356s, TimeUntilGC: 3,639s, GCWorkers: 5
[4,717s][debug][gc,director    ] Rule Minor: High Usage, Free: 10920MB(88,9%)
[4,727s][debug][gc,director    ] Rule Major: Warmup 20%, Used: 1338MB, UsedThreshold: 2457MB
[4,727s][debug][gc,director    ] Select Minor GC Workers (Not Warm), GCWorkers: 5,000
[4,727s][debug][gc,director    ] Rule Minor: Allocation Rate (Dynamic GC Workers), MaxAllocRate: 459,2MB/s (+/-31,5%), Free: 10908MB, GCCPUTime: 3,576, GCDuration: 0,717s, TimeUntilOOM: 18,069s, TimeUntilGC: 17,352s, GCWorkers: 5
[4,727s][debug][gc,director    ] Select Minor GC Workers (Not Warm), GCWorkers: 5,000
[4,727s][debug][gc,director    ] Rule Minor: Allocation Rate (Dynamic GC Workers), MaxAllocRate: 1906,7MB/s (+/-31,5%), Free: 10908MB, GCCPUTime: 3,576, GCDuration: 0,717s, TimeUntilOOM: 4,352s, TimeUntilGC: 3,634s, GCWorkers: 5
[4,727s][debug][gc,director    ] Rule Minor: High Usage, Free: 10908MB(88,8%)
[4,736s][debug][gc,nmethod     ] Register NMethod: io.sirix.access.trx.node.xml.XmlNodeTrxImpl.insertElementAsFirstChild (0x000071df5eea6488) [0x000071df5eea6580, 0x000071df5eeaa020] Compiler: jvmci, Barriers: 101, Oops: 4, ImmediateOops: 4, NonImmediateOops: No
[4,737s][debug][gc,director    ] Rule Major: Warmup 20%, Used: 1352MB, UsedThreshold: 2457MB
[4,737s][debug][gc,director    ] Select Minor GC Workers (Not Warm), GCWorkers: 5,000
[4,738s][debug][gc,director    ] Rule Minor: Allocation Rate (Dynamic GC Workers), MaxAllocRate: 459,2MB/s (+/-31,5%), Free: 10894MB, GCCPUTime: 3,576, GCDuration: 0,717s, TimeUntilOOM: 18,046s, TimeUntilGC: 17,329s, GCWorkers: 5
[4,738s][debug][gc,director    ] Select Minor GC Workers (Not Warm), GCWorkers: 5,000
[4,738s][debug][gc,director    ] Rule Minor: Allocation Rate (Dynamic GC Workers), MaxAllocRate: 1906,7MB/s (+/-31,5%), Free: 10894MB, GCCPUTime: 3,576, GCDuration: 0,717s, TimeUntilOOM: 4,346s, TimeUntilGC: 3,629s, GCWorkers: 5
[4,738s][debug][gc,director    ] Rule Minor: High Usage, Free: 10894MB(88,7%)
[4,748s][debug][gc,director    ] Rule Major: Warmup 20%, Used: 1364MB, UsedThreshold: 2457MB
[4,748s][debug][gc,director    ] Select Minor GC Workers (Not Warm), GCWorkers: 5,000
[4,748s][debug][gc,director    ] Rule Minor: Allocation Rate (Dynamic GC Workers), MaxAllocRate: 459,2MB/s (+/-31,5%), Free: 10882MB, GCCPUTime: 3,576, GCDuration: 0,717s, TimeUntilOOM: 18,026s, TimeUntilGC: 17,309s, GCWorkers: 5
[4,748s][debug][gc,director    ] Select Minor GC Workers (Not Warm), GCWorkers: 5,000
[4,748s][debug][gc,director    ] Rule Minor: Allocation Rate (Dynamic GC Workers), MaxAllocRate: 1906,7MB/s (+/-31,5%), Free: 10882MB, GCCPUTime: 3,576, GCDuration: 0,717s, TimeUntilOOM: 4,341s, TimeUntilGC: 3,624s, GCWorkers: 5
[4,748s][debug][gc,director    ] Rule Minor: High Usage, Free: 10882MB(88,6%)
[4,758s][debug][gc,director    ] Rule Major: Warmup 20%, Used: 1378MB, UsedThreshold: 2457MB
[4,758s][debug][gc,director    ] Select Minor GC Workers (Not Warm), GCWorkers: 5,000
[4,758s][debug][gc,director    ] Rule Minor: Allocation Rate (Dynamic GC Workers), MaxAllocRate: 459,2MB/s (+/-31,5%), Free: 10868MB, GCCPUTime: 3,576, GCDuration: 0,717s, TimeUntilOOM: 18,003s, TimeUntilGC: 17,286s, GCWorkers: 5
[4,758s][debug][gc,director    ] Select Minor GC Workers (Not Warm), GCWorkers: 5,000
[4,758s][debug][gc,director    ] Rule Minor: Allocation Rate (Dynamic GC Workers), MaxAllocRate: 1906,7MB/s (+/-31,5%), Free: 10868MB, GCCPUTime: 3,576, GCDuration: 0,717s, TimeUntilOOM: 4,336s, TimeUntilGC: 3,618s, GCWorkers: 5
[4,758s][debug][gc,director    ] Rule Minor: High Usage, Free: 10868MB(88,4%)
[4,768s][debug][gc,director    ] Rule Major: Warmup 20%, Used: 1390MB, UsedThreshold: 2457MB
[4,768s][debug][gc,director    ] Select Minor GC Workers (Not Warm), GCWorkers: 5,000
[4,768s][debug][gc,director    ] Rule Minor: Allocation Rate (Dynamic GC Workers), MaxAllocRate: 459,2MB/s (+/-31,5%), Free: 10856MB, GCCPUTime: 3,576, GCDuration: 0,717s, TimeUntilOOM: 17,983s, TimeUntilGC: 17,266s, GCWorkers: 5
[4,768s][debug][gc,director    ] Select Minor GC Workers (Not Warm), GCWorkers: 5,000
[4,768s][debug][gc,director    ] Rule Minor: Allocation Rate (Dynamic GC Workers), MaxAllocRate: 1906,7MB/s (+/-31,5%), Free: 10856MB, GCCPUTime: 3,576, GCDuration: 0,717s, TimeUntilOOM: 4,331s, TimeUntilGC: 3,614s, GCWorkers: 5
[4,768s][debug][gc,director    ] Rule Minor: High Usage, Free: 10856MB(88,3%)
[4,775s][debug][gc,nmethod     ] Register NMethod: com.sun.org.apache.xerces.internal.xni.XMLString.append (0x000071df5ece5e08) [0x000071df5ece5f00, 0x000071df5ece6548] Compiler: jvmci, Barriers: 4, Oops: 0, ImmediateOops: 0, NonImmediateOops: No
[4,776s][debug][gc,nmethod     ] Register NMethod: jdk.internal.util.ArraysSupport.mismatch (0x000071df5ece5788) [0x000071df5ece5880, 0x000071df5ece5b28] Compiler: jvmci, Barriers: 0, Oops: 0, ImmediateOops: 0, NonImmediateOops: No
[4,778s][debug][gc,director    ] Rule Major: Warmup 20%, Used: 1404MB, UsedThreshold: 2457MB
[4,778s][debug][gc,director    ] Select Minor GC Workers (Not Warm), GCWorkers: 5,000
[4,778s][debug][gc,director    ] Rule Minor: Allocation Rate (Dynamic GC Workers), MaxAllocRate: 459,2MB/s (+/-31,5%), Free: 10842MB, GCCPUTime: 3,576, GCDuration: 0,717s, TimeUntilOOM: 17,960s, TimeUntilGC: 17,243s, GCWorkers: 5
[4,778s][debug][gc,director    ] Select Minor GC Workers (Not Warm), GCWorkers: 5,000
[4,778s][debug][gc,director    ] Rule Minor: Allocation Rate (Dynamic GC Workers), MaxAllocRate: 1906,7MB/s (+/-31,5%), Free: 10842MB, GCCPUTime: 3,576, GCDuration: 0,717s, TimeUntilOOM: 4,325s, TimeUntilGC: 3,608s, GCWorkers: 5
[4,778s][debug][gc,director    ] Rule Minor: High Usage, Free: 10842MB(88,2%)
[4,782s][debug][gc,nmethod     ] Register NMethod: io.sirix.access.trx.node.AbstractNodeHashing.adaptHashesWithAdd (0x000071df5eeaa088) [0x000071df5eeaa4c0, 0x000071df5eeb1ba0] Compiler: jvmci, Barriers: 207, Oops: 8, ImmediateOops: 5, NonImmediateOops: No
[4,788s][debug][gc,director    ] Rule Major: Warmup 20%, Used: 1418MB, UsedThreshold: 2457MB
[4,788s][debug][gc,director    ] Select Minor GC Workers (Not Warm), GCWorkers: 5,000
[4,788s][debug][gc,director    ] Rule Minor: Allocation Rate (Dynamic GC Workers), MaxAllocRate: 459,2MB/s (+/-31,5%), Free: 10828MB, GCCPUTime: 3,576, GCDuration: 0,717s, TimeUntilOOM: 17,937s, TimeUntilGC: 17,220s, GCWorkers: 5
[4,788s][debug][gc,director    ] Select Minor GC Workers (Not Warm), GCWorkers: 5,000
[4,788s][debug][gc,director    ] Rule Minor: Allocation Rate (Dynamic GC Workers), MaxAllocRate: 1906,7MB/s (+/-31,5%), Free: 10828MB, GCCPUTime: 3,576, GCDuration: 0,717s, TimeUntilOOM: 4,320s, TimeUntilGC: 3,602s, GCWorkers: 5
[4,788s][debug][gc,director    ] Rule Minor: High Usage, Free: 10828MB(88,1%)
[4,791s][debug][gc,alloc       ] Mutator Allocation Rate: 666,6MB/s Predicted: 728,8MB/s, Avg: 467,8(+/-147,4)MB/s
[4,791s][debug][gc,director    ] Rule Major: Warmup 20%, Used: 1422MB, UsedThreshold: 2457MB
[4,791s][debug][gc,director    ] Select Minor GC Workers (Not Warm), GCWorkers: 5,000
[4,791s][debug][gc,director    ] Rule Minor: Allocation Rate (Dynamic GC Workers), MaxAllocRate: 467,8MB/s (+/-31,5%), Free: 10824MB, GCCPUTime: 3,576, GCDuration: 0,717s, TimeUntilOOM: 17,594s, TimeUntilGC: 16,877s, GCWorkers: 5
[4,791s][debug][gc,director    ] Select Minor GC Workers (Not Warm), GCWorkers: 5,000
[4,791s][debug][gc,director    ] Rule Minor: Allocation Rate (Dynamic GC Workers), MaxAllocRate: 1942,7MB/s (+/-31,5%), Free: 10824MB, GCCPUTime: 3,576, GCDuration: 0,717s, TimeUntilOOM: 4,237s, TimeUntilGC: 3,520s, GCWorkers: 5
[4,791s][debug][gc,director    ] Rule Minor: High Usage, Free: 10824MB(88,1%)
[4,800s][debug][gc,nmethod     ] Register NMethod: java.util.HashMap.keySet (0x000071df5eeb1c08) [0x000071df5eeb1d00, 0x000071df5eeb1ef8] Compiler: jvmci, Barriers: 6, Oops: 0, ImmediateOops: 0, NonImmediateOops: No
[4,801s][debug][gc,director    ] Rule Major: Warmup 20%, Used: 1434MB, UsedThreshold: 2457MB
[4,801s][debug][gc,director    ] Select Minor GC Workers (Not Warm), GCWorkers: 5,000
[4,801s][debug][gc,director    ] Rule Minor: Allocation Rate (Dynamic GC Workers), MaxAllocRate: 467,8MB/s (+/-31,5%), Free: 10812MB, GCCPUTime: 3,576, GCDuration: 0,717s, TimeUntilOOM: 17,574s, TimeUntilGC: 16,857s, GCWorkers: 5
[4,801s][debug][gc,director    ] Select Minor GC Workers (Not Warm), GCWorkers: 5,000
[4,801s][debug][gc,director    ] Rule Minor: Allocation Rate (Dynamic GC Workers), MaxAllocRate: 1942,7MB/s (+/-31,5%), Free: 10812MB, GCCPUTime: 3,576, GCDuration: 0,717s, TimeUntilOOM: 4,232s, TimeUntilGC: 3,515s, GCWorkers: 5
[4,801s][debug][gc,director    ] Rule Minor: High Usage, Free: 10812MB(88,0%)
[4,803s][debug][gc,nmethod     ] Register NMethod: java.lang.String.compareTo (0x000071df5eeb1f08) [0x000071df5eeb2000, 0x000071df5eeb21b8] Compiler: jvmci, Barriers: 2, Oops: 0, ImmediateOops: 0, NonImmediateOops: No
[4,812s][debug][gc,director    ] Rule Major: Warmup 20%, Used: 1448MB, UsedThreshold: 2457MB
[4,812s][debug][gc,director    ] Select Minor GC Workers (Not Warm), GCWorkers: 5,000
[4,812s][debug][gc,director    ] Rule Minor: Allocation Rate (Dynamic GC Workers), MaxAllocRate: 467,8MB/s (+/-31,5%), Free: 10798MB, GCCPUTime: 3,576, GCDuration: 0,717s, TimeUntilOOM: 17,552s, TimeUntilGC: 16,834s, GCWorkers: 5
[4,812s][debug][gc,director    ] Select Minor GC Workers (Not Warm), GCWorkers: 5,000
[4,812s][debug][gc,director    ] Rule Minor: Allocation Rate (Dynamic GC Workers), MaxAllocRate: 1942,7MB/s (+/-31,5%), Free: 10798MB, GCCPUTime: 3,576, GCDuration: 0,717s, TimeUntilOOM: 4,227s, TimeUntilGC: 3,509s, GCWorkers: 5
[4,812s][debug][gc,director    ] Rule Minor: High Usage, Free: 10798MB(87,9%)
[4,822s][debug][gc,director    ] Rule Major: Warmup 20%, Used: 1462MB, UsedThreshold: 2457MB
[4,822s][debug][gc,director    ] Select Minor GC Workers (Not Warm), GCWorkers: 5,000
[4,822s][debug][gc,director    ] Rule Minor: Allocation Rate (Dynamic GC Workers), MaxAllocRate: 467,8MB/s (+/-31,5%), Free: 10784MB, GCCPUTime: 3,576, GCDuration: 0,717s, TimeUntilOOM: 17,529s, TimeUntilGC: 16,812s, GCWorkers: 5
[4,822s][debug][gc,director    ] Select Minor GC Workers (Not Warm), GCWorkers: 5,000
[4,822s][debug][gc,director    ] Rule Minor: Allocation Rate (Dynamic GC Workers), MaxAllocRate: 1942,7MB/s (+/-31,5%), Free: 10784MB, GCCPUTime: 3,576, GCDuration: 0,717s, TimeUntilOOM: 4,221s, TimeUntilGC: 3,504s, GCWorkers: 5
[4,822s][debug][gc,director    ] Rule Minor: High Usage, Free: 10784MB(87,8%)
[4,832s][debug][gc,director    ] Rule Major: Warmup 20%, Used: 1476MB, UsedThreshold: 2457MB
[4,832s][debug][gc,director    ] Select Minor GC Workers (Not Warm), GCWorkers: 5,000
[4,832s][debug][gc,director    ] Rule Minor: Allocation Rate (Dynamic GC Workers), MaxAllocRate: 467,8MB/s (+/-31,5%), Free: 10770MB, GCCPUTime: 3,576, GCDuration: 0,717s, TimeUntilOOM: 17,506s, TimeUntilGC: 16,789s, GCWorkers: 5
[4,832s][debug][gc,director    ] Select Minor GC Workers (Not Warm), GCWorkers: 5,000
[4,832s][debug][gc,director    ] Rule Minor: Allocation Rate (Dynamic GC Workers), MaxAllocRate: 1942,7MB/s (+/-31,5%), Free: 10770MB, GCCPUTime: 3,576, GCDuration: 0,717s, TimeUntilOOM: 4,216s, TimeUntilGC: 3,498s, GCWorkers: 5
[4,832s][debug][gc,director    ] Rule Minor: High Usage, Free: 10770MB(87,6%)
[4,842s][debug][gc,director    ] Rule Major: Warmup 20%, Used: 1492MB, UsedThreshold: 2457MB
[4,842s][debug][gc,director    ] Select Minor GC Workers (Not Warm), GCWorkers: 5,000
[4,842s][debug][gc,director    ] Rule Minor: Allocation Rate (Dynamic GC Workers), MaxAllocRate: 467,8MB/s (+/-31,5%), Free: 10754MB, GCCPUTime: 3,576, GCDuration: 0,717s, TimeUntilOOM: 17,480s, TimeUntilGC: 16,763s, GCWorkers: 5
[4,842s][debug][gc,director    ] Select Minor GC Workers (Not Warm), GCWorkers: 5,000
[4,842s][debug][gc,director    ] Rule Minor: Allocation Rate (Dynamic GC Workers), MaxAllocRate: 1942,7MB/s (+/-31,5%), Free: 10754MB, GCCPUTime: 3,576, GCDuration: 0,717s, TimeUntilOOM: 4,209s, TimeUntilGC: 3,492s, GCWorkers: 5
[4,842s][debug][gc,director    ] Rule Minor: High Usage, Free: 10754MB(87,5%)
[4,852s][debug][gc,director    ] Rule Major: Warmup 20%, Used: 1506MB, UsedThreshold: 2457MB
[4,852s][debug][gc,director    ] Select Minor GC Workers (Not Warm), GCWorkers: 5,000
[4,852s][debug][gc,director    ] Rule Minor: Allocation Rate (Dynamic GC Workers), MaxAllocRate: 467,8MB/s (+/-31,5%), Free: 10740MB, GCCPUTime: 3,576, GCDuration: 0,717s, TimeUntilOOM: 17,457s, TimeUntilGC: 16,740s, GCWorkers: 5
[4,852s][debug][gc,director    ] Select Minor GC Workers (Not Warm), GCWorkers: 5,000
[4,852s][debug][gc,director    ] Rule Minor: Allocation Rate (Dynamic GC Workers), MaxAllocRate: 1942,7MB/s (+/-31,5%), Free: 10740MB, GCCPUTime: 3,576, GCDuration: 0,717s, TimeUntilOOM: 4,204s, TimeUntilGC: 3,487s, GCWorkers: 5
[4,852s][debug][gc,director    ] Rule Minor: High Usage, Free: 10740MB(87,4%)
[4,860s][debug][gc,alloc       ] Mutator Allocation Rate: 680,6MB/s Predicted: 742,0MB/s, Avg: 476,3(+/-150,3)MB/s
[4,860s][debug][gc,director    ] Rule Major: Warmup 20%, Used: 1518MB, UsedThreshold: 2457MB
[4,860s][debug][gc,director    ] Select Minor GC Workers (Not Warm), GCWorkers: 5,000
[4,860s][debug][gc,director    ] Rule Minor: Allocation Rate (Dynamic GC Workers), MaxAllocRate: 476,3MB/s (+/-31,6%), Free: 10728MB, GCCPUTime: 3,576, GCDuration: 0,717s, TimeUntilOOM: 17,120s, TimeUntilGC: 16,402s, GCWorkers: 5
[4,860s][debug][gc,director    ] Select Minor GC Workers (Not Warm), GCWorkers: 5,000
[4,860s][debug][gc,director    ] Rule Minor: Allocation Rate (Dynamic GC Workers), MaxAllocRate: 1978,6MB/s (+/-31,6%), Free: 10728MB, GCCPUTime: 3,576, GCDuration: 0,717s, TimeUntilOOM: 4,121s, TimeUntilGC: 3,404s, GCWorkers: 5
[4,860s][debug][gc,director    ] Rule Minor: High Usage, Free: 10728MB(87,3%)
[4,871s][debug][gc,director    ] Rule Major: Warmup 20%, Used: 1532MB, UsedThreshold: 2457MB
[4,871s][debug][gc,director    ] Select Minor GC Workers (Not Warm), GCWorkers: 5,000
[4,871s][debug][gc,director    ] Rule Minor: Allocation Rate (Dynamic GC Workers), MaxAllocRate: 476,3MB/s (+/-31,6%), Free: 10714MB, GCCPUTime: 3,576, GCDuration: 0,717s, TimeUntilOOM: 17,097s, TimeUntilGC: 16,380s, GCWorkers: 5
[4,871s][debug][gc,director    ] Select Minor GC Workers (Not Warm), GCWorkers: 5,000
[4,871s][debug][gc,director    ] Rule Minor: Allocation Rate (Dynamic GC Workers), MaxAllocRate: 1978,6MB/s (+/-31,6%), Free: 10714MB, GCCPUTime: 3,576, GCDuration: 0,717s, TimeUntilOOM: 4,116s, TimeUntilGC: 3,399s, GCWorkers: 5
[4,871s][debug][gc,director    ] Rule Minor: High Usage, Free: 10714MB(87,2%)
[4,881s][debug][gc,director    ] Rule Major: Warmup 20%, Used: 1546MB, UsedThreshold: 2457MB
[4,881s][debug][gc,director    ] Select Minor GC Workers (Not Warm), GCWorkers: 5,000
[4,881s][debug][gc,director    ] Rule Minor: Allocation Rate (Dynamic GC Workers), MaxAllocRate: 476,3MB/s (+/-31,6%), Free: 10700MB, GCCPUTime: 3,576, GCDuration: 0,717s, TimeUntilOOM: 17,075s, TimeUntilGC: 16,358s, GCWorkers: 5
[4,881s][debug][gc,director    ] Select Minor GC Workers (Not Warm), GCWorkers: 5,000
[4,881s][debug][gc,director    ] Rule Minor: Allocation Rate (Dynamic GC Workers), MaxAllocRate: 1978,6MB/s (+/-31,6%), Free: 10700MB, GCCPUTime: 3,576, GCDuration: 0,717s, TimeUntilOOM: 4,111s, TimeUntilGC: 3,393s, GCWorkers: 5
[4,881s][debug][gc,director    ] Rule Minor: High Usage, Free: 10700MB(87,1%)
[4,891s][debug][gc,director    ] Rule Major: Warmup 20%, Used: 1560MB, UsedThreshold: 2457MB
[4,891s][debug][gc,director    ] Select Minor GC Workers (Not Warm), GCWorkers: 5,000
[4,891s][debug][gc,director    ] Rule Minor: Allocation Rate (Dynamic GC Workers), MaxAllocRate: 476,3MB/s (+/-31,6%), Free: 10686MB, GCCPUTime: 3,576, GCDuration: 0,717s, TimeUntilOOM: 17,053s, TimeUntilGC: 16,335s, GCWorkers: 5
[4,891s][debug][gc,director    ] Select Minor GC Workers (Not Warm), GCWorkers: 5,000
[4,891s][debug][gc,director    ] Rule Minor: Allocation Rate (Dynamic GC Workers), MaxAllocRate: 1978,6MB/s (+/-31,6%), Free: 10686MB, GCCPUTime: 3,576, GCDuration: 0,717s, TimeUntilOOM: 4,105s, TimeUntilGC: 3,388s, GCWorkers: 5
[4,891s][debug][gc,director    ] Rule Minor: High Usage, Free: 10686MB(87,0%)
[4,901s][debug][gc,director    ] Rule Major: Warmup 20%, Used: 1574MB, UsedThreshold: 2457MB
[4,901s][debug][gc,director    ] Select Minor GC Workers (Not Warm), GCWorkers: 5,000
[4,901s][debug][gc,director    ] Rule Minor: Allocation Rate (Dynamic GC Workers), MaxAllocRate: 476,3MB/s (+/-31,6%), Free: 10672MB, GCCPUTime: 3,576, GCDuration: 0,717s, TimeUntilOOM: 17,030s, TimeUntilGC: 16,313s, GCWorkers: 5
[4,901s][debug][gc,director    ] Select Minor GC Workers (Not Warm), GCWorkers: 5,000
[4,901s][debug][gc,director    ] Rule Minor: Allocation Rate (Dynamic GC Workers), MaxAllocRate: 1978,6MB/s (+/-31,6%), Free: 10672MB, GCCPUTime: 3,576, GCDuration: 0,717s, TimeUntilOOM: 4,100s, TimeUntilGC: 3,383s, GCWorkers: 5
[4,901s][debug][gc,director    ] Rule Minor: High Usage, Free: 10672MB(86,8%)
[4,911s][debug][gc,director    ] Rule Major: Warmup 20%, Used: 1590MB, UsedThreshold: 2457MB
[4,911s][debug][gc,director    ] Select Minor GC Workers (Not Warm), GCWorkers: 5,000
[4,911s][debug][gc,director    ] Rule Minor: Allocation Rate (Dynamic GC Workers), MaxAllocRate: 476,3MB/s (+/-31,6%), Free: 10656MB, GCCPUTime: 3,576, GCDuration: 0,717s, TimeUntilOOM: 17,005s, TimeUntilGC: 16,288s, GCWorkers: 5
[4,911s][debug][gc,director    ] Select Minor GC Workers (Not Warm), GCWorkers: 5,000
[4,911s][debug][gc,director    ] Rule Minor: Allocation Rate (Dynamic GC Workers), MaxAllocRate: 1978,6MB/s (+/-31,6%), Free: 10656MB, GCCPUTime: 3,576, GCDuration: 0,717s, TimeUntilOOM: 4,094s, TimeUntilGC: 3,377s, GCWorkers: 5
[4,911s][debug][gc,director    ] Rule Minor: High Usage, Free: 10656MB(86,7%)
[4,922s][debug][gc,director    ] Rule Major: Warmup 20%, Used: 1604MB, UsedThreshold: 2457MB
[4,922s][debug][gc,director    ] Select Minor GC Workers (Not Warm), GCWorkers: 5,000
[4,922s][debug][gc,director    ] Rule Minor: Allocation Rate (Dynamic GC Workers), MaxAllocRate: 476,3MB/s (+/-31,6%), Free: 10642MB, GCCPUTime: 3,576, GCDuration: 0,717s, TimeUntilOOM: 16,982s, TimeUntilGC: 16,265s, GCWorkers: 5
[4,922s][debug][gc,director    ] Select Minor GC Workers (Not Warm), GCWorkers: 5,000
[4,922s][debug][gc,director    ] Rule Minor: Allocation Rate (Dynamic GC Workers), MaxAllocRate: 1978,6MB/s (+/-31,6%), Free: 10642MB, GCCPUTime: 3,576, GCDuration: 0,717s, TimeUntilOOM: 4,088s, TimeUntilGC: 3,371s, GCWorkers: 5
[4,922s][debug][gc,director    ] Rule Minor: High Usage, Free: 10642MB(86,6%)
[4,926s][debug][gc,nmethod     ] Register NMethod: io.sirix.service.xml.shredder.XmlShredder.insertNewContent (0x000071df5eeb2208) [0x000071df5eeb2300, 0x000071df5eec1b00] Compiler: jvmci, Barriers: 424, Oops: 17, ImmediateOops: 14, NonImmediateOops: No
[4,928s][debug][gc,alloc       ] Mutator Allocation Rate: 694,3MB/s Predicted: 755,1MB/s, Avg: 484,7(+/-153,2)MB/s
[4,928s][debug][gc,director    ] Rule Major: Warmup 20%, Used: 1614MB, UsedThreshold: 2457MB
[4,929s][debug][gc,director    ] Select Minor GC Workers (Not Warm), GCWorkers: 5,000
[4,929s][debug][gc,director    ] Rule Minor: Allocation Rate (Dynamic GC Workers), MaxAllocRate: 484,7MB/s (+/-31,6%), Free: 10632MB, GCCPUTime: 3,576, GCDuration: 0,717s, TimeUntilOOM: 16,666s, TimeUntilGC: 15,949s, GCWorkers: 5
[4,929s][debug][gc,director    ] Select Minor GC Workers (Not Warm), GCWorkers: 5,000
[4,929s][debug][gc,director    ] Rule Minor: Allocation Rate (Dynamic GC Workers), MaxAllocRate: 2014,4MB/s (+/-31,6%), Free: 10632MB, GCCPUTime: 3,576, GCDuration: 0,717s, TimeUntilOOM: 4,010s, TimeUntilGC: 3,293s, GCWorkers: 5
[4,929s][debug][gc,director    ] Rule Minor: High Usage, Free: 10632MB(86,5%)
[4,939s][debug][gc,director    ] Rule Major: Warmup 20%, Used: 1628MB, UsedThreshold: 2457MB
[4,939s][debug][gc,director    ] Select Minor GC Workers (Not Warm), GCWorkers: 5,000
[4,939s][debug][gc,director    ] Rule Minor: Allocation Rate (Dynamic GC Workers), MaxAllocRate: 484,7MB/s (+/-31,6%), Free: 10618MB, GCCPUTime: 3,576, GCDuration: 0,717s, TimeUntilOOM: 16,644s, TimeUntilGC: 15,927s, GCWorkers: 5
[4,939s][debug][gc,director    ] Select Minor GC Workers (Not Warm), GCWorkers: 5,000
[4,939s][debug][gc,director    ] Rule Minor: Allocation Rate (Dynamic GC Workers), MaxAllocRate: 2014,4MB/s (+/-31,6%), Free: 10618MB, GCCPUTime: 3,576, GCDuration: 0,717s, TimeUntilOOM: 4,005s, TimeUntilGC: 3,288s, GCWorkers: 5
[4,939s][debug][gc,director    ] Rule Minor: High Usage, Free: 10618MB(86,4%)
[4,949s][debug][gc,director    ] Rule Major: Warmup 20%, Used: 1642MB, UsedThreshold: 2457MB
[4,949s][debug][gc,director    ] Select Minor GC Workers (Not Warm), GCWorkers: 5,000
[4,949s][debug][gc,director    ] Rule Minor: Allocation Rate (Dynamic GC Workers), MaxAllocRate: 484,7MB/s (+/-31,6%), Free: 10604MB, GCCPUTime: 3,576, GCDuration: 0,717s, TimeUntilOOM: 16,622s, TimeUntilGC: 15,905s, GCWorkers: 5
[4,949s][debug][gc,director    ] Select Minor GC Workers (Not Warm), GCWorkers: 5,000
[4,949s][debug][gc,director    ] Rule Minor: Allocation Rate (Dynamic GC Workers), MaxAllocRate: 2014,4MB/s (+/-31,6%), Free: 10604MB, GCCPUTime: 3,576, GCDuration: 0,717s, TimeUntilOOM: 4,000s, TimeUntilGC: 3,282s, GCWorkers: 5
[4,949s][debug][gc,director    ] Rule Minor: High Usage, Free: 10604MB(86,3%)
[4,959s][debug][gc,director    ] Rule Major: Warmup 20%, Used: 1656MB, UsedThreshold: 2457MB
[4,959s][debug][gc,director    ] Select Minor GC Workers (Not Warm), GCWorkers: 5,000
[4,959s][debug][gc,director    ] Rule Minor: Allocation Rate (Dynamic GC Workers), MaxAllocRate: 484,7MB/s (+/-31,6%), Free: 10590MB, GCCPUTime: 3,576, GCDuration: 0,717s, TimeUntilOOM: 16,600s, TimeUntilGC: 15,883s, GCWorkers: 5
[4,959s][debug][gc,director    ] Select Minor GC Workers (Not Warm), GCWorkers: 5,000
[4,959s][debug][gc,director    ] Rule Minor: Allocation Rate (Dynamic GC Workers), MaxAllocRate: 2014,4MB/s (+/-31,6%), Free: 10590MB, GCCPUTime: 3,576, GCDuration: 0,717s, TimeUntilOOM: 3,994s, TimeUntilGC: 3,277s, GCWorkers: 5
[4,959s][debug][gc,director    ] Rule Minor: High Usage, Free: 10590MB(86,2%)
[4,969s][debug][gc,director    ] Rule Major: Warmup 20%, Used: 1672MB, UsedThreshold: 2457MB
[4,969s][debug][gc,director    ] Select Minor GC Workers (Not Warm), GCWorkers: 5,000
[4,969s][debug][gc,director    ] Rule Minor: Allocation Rate (Dynamic GC Workers), MaxAllocRate: 484,7MB/s (+/-31,6%), Free: 10574MB, GCCPUTime: 3,576, GCDuration: 0,717s, TimeUntilOOM: 16,575s, TimeUntilGC: 15,858s, GCWorkers: 5
[4,969s][debug][gc,director    ] Select Minor GC Workers (Not Warm), GCWorkers: 5,000
[4,969s][debug][gc,director    ] Rule Minor: Allocation Rate (Dynamic GC Workers), MaxAllocRate: 2014,4MB/s (+/-31,6%), Free: 10574MB, GCCPUTime: 3,576, GCDuration: 0,717s, TimeUntilOOM: 3,988s, TimeUntilGC: 3,271s, GCWorkers: 5
[4,969s][debug][gc,director    ] Rule Minor: High Usage, Free: 10574MB(86,1%)
[4,979s][debug][gc,director    ] Rule Major: Warmup 20%, Used: 1686MB, UsedThreshold: 2457MB
[4,979s][debug][gc,director    ] Select Minor GC Workers (Not Warm), GCWorkers: 5,000
[4,979s][debug][gc,director    ] Rule Minor: Allocation Rate (Dynamic GC Workers), MaxAllocRate: 484,7MB/s (+/-31,6%), Free: 10560MB, GCCPUTime: 3,576, GCDuration: 0,717s, TimeUntilOOM: 16,553s, TimeUntilGC: 15,836s, GCWorkers: 5
[4,979s][debug][gc,director    ] Select Minor GC Workers (Not Warm), GCWorkers: 5,000
[4,979s][debug][gc,director    ] Rule Minor: Allocation Rate (Dynamic GC Workers), MaxAllocRate: 2014,4MB/s (+/-31,6%), Free: 10560MB, GCCPUTime: 3,576, GCDuration: 0,717s, TimeUntilOOM: 3,983s, TimeUntilGC: 3,266s, GCWorkers: 5
[4,979s][debug][gc,director    ] Rule Minor: High Usage, Free: 10560MB(85,9%)
[4,990s][debug][gc,director    ] Rule Major: Warmup 20%, Used: 1702MB, UsedThreshold: 2457MB
[4,990s][debug][gc,director    ] Select Minor GC Workers (Not Warm), GCWorkers: 5,000
[4,990s][debug][gc,director    ] Rule Minor: Allocation Rate (Dynamic GC Workers), MaxAllocRate: 484,7MB/s (+/-31,6%), Free: 10544MB, GCCPUTime: 3,576, GCDuration: 0,717s, TimeUntilOOM: 16,528s, TimeUntilGC: 15,811s, GCWorkers: 5
[4,990s][debug][gc,director    ] Select Minor GC Workers (Not Warm), GCWorkers: 5,000
[4,990s][debug][gc,director    ] Rule Minor: Allocation Rate (Dynamic GC Workers), MaxAllocRate: 2014,4MB/s (+/-31,6%), Free: 10544MB, GCCPUTime: 3,576, GCDuration: 0,717s, TimeUntilOOM: 3,977s, TimeUntilGC: 3,260s, GCWorkers: 5
[4,990s][debug][gc,director    ] Rule Minor: High Usage, Free: 10544MB(85,8%)
[4,992s][debug][gc,nmethod     ] Register NMethod: java.util.ArrayList.isEmpty (0x000071df5eec1c08) [0x000071df5eec1d00, 0x000071df5eec1d90] Compiler: jvmci, Barriers: 0, Oops: 0, ImmediateOops: 0, NonImmediateOops: No
[4,996s][debug][gc,alloc       ] Mutator Allocation Rate: 707,4MB/s Predicted: 768,0MB/s, Avg: 493,0(+/-156,1)MB/s
[4,997s][debug][gc,director    ] Rule Major: Warmup 20%, Used: 1710MB, UsedThreshold: 2457MB
[4,997s][debug][gc,director    ] Select Minor GC Workers (Not Warm), GCWorkers: 5,000
[4,997s][debug][gc,director    ] Rule Minor: Allocation Rate (Dynamic GC Workers), MaxAllocRate: 493,0MB/s (+/-31,7%), Free: 10536MB, GCCPUTime: 3,576, GCDuration: 0,717s, TimeUntilOOM: 16,232s, TimeUntilGC: 15,514s, GCWorkers: 5
[4,997s][debug][gc,director    ] Select Minor GC Workers (Not Warm), GCWorkers: 5,000
[4,997s][debug][gc,director    ] Rule Minor: Allocation Rate (Dynamic GC Workers), MaxAllocRate: 2049,9MB/s (+/-31,7%), Free: 10536MB, GCCPUTime: 3,576, GCDuration: 0,717s, TimeUntilOOM: 3,903s, TimeUntilGC: 3,186s, GCWorkers: 5
[4,997s][debug][gc,director    ] Rule Minor: High Usage, Free: 10536MB(85,7%)
[5,007s][debug][gc,director    ] Rule Major: Warmup 20%, Used: 1724MB, UsedThreshold: 2457MB
[5,007s][debug][gc,director    ] Select Minor GC Workers (Not Warm), GCWorkers: 5,000
[5,007s][debug][gc,director    ] Rule Minor: Allocation Rate (Dynamic GC Workers), MaxAllocRate: 493,0MB/s (+/-31,7%), Free: 10522MB, GCCPUTime: 3,576, GCDuration: 0,717s, TimeUntilOOM: 16,210s, TimeUntilGC: 15,493s, GCWorkers: 5
[5,007s][debug][gc,director    ] Select Minor GC Workers (Not Warm), GCWorkers: 5,000
[5,007s][debug][gc,director    ] Rule Minor: Allocation Rate (Dynamic GC Workers), MaxAllocRate: 2049,9MB/s (+/-31,7%), Free: 10522MB, GCCPUTime: 3,576, GCDuration: 0,717s, TimeUntilOOM: 3,898s, TimeUntilGC: 3,181s, GCWorkers: 5
[5,007s][debug][gc,director    ] Rule Minor: High Usage, Free: 10522MB(85,6%)
[5,017s][debug][gc,director    ] Rule Major: Warmup 20%, Used: 1738MB, UsedThreshold: 2457MB
[5,017s][debug][gc,director    ] Select Minor GC Workers (Not Warm), GCWorkers: 5,000
[5,017s][debug][gc,director    ] Rule Minor: Allocation Rate (Dynamic GC Workers), MaxAllocRate: 493,0MB/s (+/-31,7%), Free: 10508MB, GCCPUTime: 3,576, GCDuration: 0,717s, TimeUntilOOM: 16,188s, TimeUntilGC: 15,471s, GCWorkers: 5
[5,017s][debug][gc,director    ] Select Minor GC Workers (Not Warm), GCWorkers: 5,000
[5,017s][debug][gc,director    ] Rule Minor: Allocation Rate (Dynamic GC Workers), MaxAllocRate: 2049,9MB/s (+/-31,7%), Free: 10508MB, GCCPUTime: 3,576, GCDuration: 0,717s, TimeUntilOOM: 3,893s, TimeUntilGC: 3,176s, GCWorkers: 5
[5,017s][debug][gc,director    ] Rule Minor: High Usage, Free: 10508MB(85,5%)
[5,027s][debug][gc,director    ] Rule Major: Warmup 20%, Used: 1752MB, UsedThreshold: 2457MB
[5,027s][debug][gc,director    ] Select Minor GC Workers (Not Warm), GCWorkers: 5,000
[5,027s][debug][gc,director    ] Rule Minor: Allocation Rate (Dynamic GC Workers), MaxAllocRate: 493,0MB/s (+/-31,7%), Free: 10494MB, GCCPUTime: 3,576, GCDuration: 0,717s, TimeUntilOOM: 16,167s, TimeUntilGC: 15,450s, GCWorkers: 5
[5,027s][debug][gc,director    ] Select Minor GC Workers (Not Warm), GCWorkers: 5,000
[5,027s][debug][gc,director    ] Rule Minor: Allocation Rate (Dynamic GC Workers), MaxAllocRate: 2049,9MB/s (+/-31,7%), Free: 10494MB, GCCPUTime: 3,576, GCDuration: 0,717s, TimeUntilOOM: 3,888s, TimeUntilGC: 3,171s, GCWorkers: 5
[5,027s][debug][gc,director    ] Rule Minor: High Usage, Free: 10494MB(85,4%)
[5,037s][debug][gc,director    ] Rule Major: Warmup 20%, Used: 1768MB, UsedThreshold: 2457MB
[5,038s][debug][gc,director    ] Select Minor GC Workers (Not Warm), GCWorkers: 5,000
[5,038s][debug][gc,director    ] Rule Minor: Allocation Rate (Dynamic GC Workers), MaxAllocRate: 493,0MB/s (+/-31,7%), Free: 10478MB, GCCPUTime: 3,576, GCDuration: 0,717s, TimeUntilOOM: 16,142s, TimeUntilGC: 15,425s, GCWorkers: 5
[5,038s][debug][gc,director    ] Select Minor GC Workers (Not Warm), GCWorkers: 5,000
[5,038s][debug][gc,director    ] Rule Minor: Allocation Rate (Dynamic GC Workers), MaxAllocRate: 2049,9MB/s (+/-31,7%), Free: 10478MB, GCCPUTime: 3,576, GCDuration: 0,717s, TimeUntilOOM: 3,882s, TimeUntilGC: 3,165s, GCWorkers: 5
[5,038s][debug][gc,director    ] Rule Minor: High Usage, Free: 10478MB(85,3%)
[5,048s][debug][gc,director    ] Rule Major: Warmup 20%, Used: 1782MB, UsedThreshold: 2457MB
[5,048s][debug][gc,director    ] Select Minor GC Workers (Not Warm), GCWorkers: 5,000
[5,048s][debug][gc,director    ] Rule Minor: Allocation Rate (Dynamic GC Workers), MaxAllocRate: 493,0MB/s (+/-31,7%), Free: 10464MB, GCCPUTime: 3,576, GCDuration: 0,717s, TimeUntilOOM: 16,121s, TimeUntilGC: 15,403s, GCWorkers: 5
[5,048s][debug][gc,director    ] Select Minor GC Workers (Not Warm), GCWorkers: 5,000
[5,048s][debug][gc,director    ] Rule Minor: Allocation Rate (Dynamic GC Workers), MaxAllocRate: 2049,9MB/s (+/-31,7%), Free: 10464MB, GCCPUTime: 3,576, GCDuration: 0,717s, TimeUntilOOM: 3,877s, TimeUntilGC: 3,159s, GCWorkers: 5
[5,048s][debug][gc,director    ] Rule Minor: High Usage, Free: 10464MB(85,2%)
[5,058s][debug][gc,director    ] Rule Major: Warmup 20%, Used: 1796MB, UsedThreshold: 2457MB
[5,058s][debug][gc,director    ] Select Minor GC Workers (Not Warm), GCWorkers: 5,000
[5,058s][debug][gc,director    ] Rule Minor: Allocation Rate (Dynamic GC Workers), MaxAllocRate: 493,0MB/s (+/-31,7%), Free: 10450MB, GCCPUTime: 3,576, GCDuration: 0,717s, TimeUntilOOM: 16,099s, TimeUntilGC: 15,382s, GCWorkers: 5
[5,058s][debug][gc,director    ] Select Minor GC Workers (Not Warm), GCWorkers: 5,000
[5,058s][debug][gc,director    ] Rule Minor: Allocation Rate (Dynamic GC Workers), MaxAllocRate: 2049,9MB/s (+/-31,7%), Free: 10450MB, GCCPUTime: 3,576, GCDuration: 0,717s, TimeUntilOOM: 3,871s, TimeUntilGC: 3,154s, GCWorkers: 5
[5,058s][debug][gc,director    ] Rule Minor: High Usage, Free: 10450MB(85,0%)
[5,065s][debug][gc,alloc       ] Mutator Allocation Rate: 720,1MB/s Predicted: 780,8MB/s, Avg: 501,1(+/-159,0)MB/s
[5,065s][debug][gc,director    ] Rule Major: Warmup 20%, Used: 1806MB, UsedThreshold: 2457MB
[5,065s][debug][gc,director    ] Select Minor GC Workers (Not Warm), GCWorkers: 5,000
[5,065s][debug][gc,director    ] Rule Minor: Allocation Rate (Dynamic GC Workers), MaxAllocRate: 501,1MB/s (+/-31,7%), Free: 10440MB, GCCPUTime: 3,576, GCDuration: 0,717s, TimeUntilOOM: 15,816s, TimeUntilGC: 15,099s, GCWorkers: 5
[5,065s][debug][gc,director    ] Select Minor GC Workers (Not Warm), GCWorkers: 5,000
[5,065s][debug][gc,director    ] Rule Minor: Allocation Rate (Dynamic GC Workers), MaxAllocRate: 2084,9MB/s (+/-31,7%), Free: 10440MB, GCCPUTime: 3,576, GCDuration: 0,717s, TimeUntilOOM: 3,801s, TimeUntilGC: 3,084s, GCWorkers: 5
[5,065s][debug][gc,director    ] Rule Minor: High Usage, Free: 10440MB(85,0%)
[5,075s][debug][gc,director    ] Rule Major: Warmup 20%, Used: 1820MB, UsedThreshold: 2457MB
[5,075s][debug][gc,director    ] Select Minor GC Workers (Not Warm), GCWorkers: 5,000
[5,075s][debug][gc,director    ] Rule Minor: Allocation Rate (Dynamic GC Workers), MaxAllocRate: 501,1MB/s (+/-31,7%), Free: 10426MB, GCCPUTime: 3,576, GCDuration: 0,717s, TimeUntilOOM: 15,795s, TimeUntilGC: 15,078s, GCWorkers: 5
[5,075s][debug][gc,director    ] Select Minor GC Workers (Not Warm), GCWorkers: 5,000
[5,075s][debug][gc,director    ] Rule Minor: Allocation Rate (Dynamic GC Workers), MaxAllocRate: 2084,9MB/s (+/-31,7%), Free: 10426MB, GCCPUTime: 3,576, GCDuration: 0,717s, TimeUntilOOM: 3,796s, TimeUntilGC: 3,079s, GCWorkers: 5
[5,075s][debug][gc,director    ] Rule Minor: High Usage, Free: 10426MB(84,8%)
[5,085s][debug][gc,director    ] Rule Major: Warmup 20%, Used: 1828MB, UsedThreshold: 2457MB
[5,085s][debug][gc,director    ] Select Minor GC Workers (Not Warm), GCWorkers: 5,000
[5,085s][debug][gc,director    ] Rule Minor: Allocation Rate (Dynamic GC Workers), MaxAllocRate: 501,1MB/s (+/-31,7%), Free: 10418MB, GCCPUTime: 3,576, GCDuration: 0,717s, TimeUntilOOM: 15,783s, TimeUntilGC: 15,065s, GCWorkers: 5
[5,085s][debug][gc,director    ] Select Minor GC Workers (Not Warm), GCWorkers: 5,000
[5,085s][debug][gc,director    ] Rule Minor: Allocation Rate (Dynamic GC Workers), MaxAllocRate: 2084,9MB/s (+/-31,7%), Free: 10418MB, GCCPUTime: 3,576, GCDuration: 0,717s, TimeUntilOOM: 3,793s, TimeUntilGC: 3,076s, GCWorkers: 5
[5,085s][debug][gc,director    ] Rule Minor: High Usage, Free: 10418MB(84,8%)
[5,095s][debug][gc,director    ] Rule Major: Warmup 20%, Used: 1842MB, UsedThreshold: 2457MB
[5,095s][debug][gc,director    ] Select Minor GC Workers (Not Warm), GCWorkers: 5,000
[5,095s][debug][gc,director    ] Rule Minor: Allocation Rate (Dynamic GC Workers), MaxAllocRate: 501,1MB/s (+/-31,7%), Free: 10404MB, GCCPUTime: 3,576, GCDuration: 0,717s, TimeUntilOOM: 15,761s, TimeUntilGC: 15,044s, GCWorkers: 5
[5,095s][debug][gc,director    ] Select Minor GC Workers (Not Warm), GCWorkers: 5,000
[5,095s][debug][gc,director    ] Rule Minor: Allocation Rate (Dynamic GC Workers), MaxAllocRate: 2084,9MB/s (+/-31,7%), Free: 10404MB, GCCPUTime: 3,576, GCDuration: 0,717s, TimeUntilOOM: 3,788s, TimeUntilGC: 3,071s, GCWorkers: 5
[5,095s][debug][gc,director    ] Rule Minor: High Usage, Free: 10404MB(84,7%)
[5,103s][debug][gc,nmethod     ] Register NMethod: java.util.HashMap$KeySet.iterator (0x000071df5eec1f08) [0x000071df5eec2000, 0x000071df5eec2390] Compiler: jvmci, Barriers: 9, Oops: 1, ImmediateOops: 0, NonImmediateOops: No
[5,106s][debug][gc,director    ] Rule Major: Warmup 20%, Used: 1856MB, UsedThreshold: 2457MB
[5,106s][debug][gc,director    ] Select Minor GC Workers (Not Warm), GCWorkers: 5,000
[5,106s][debug][gc,director    ] Rule Minor: Allocation Rate (Dynamic GC Workers), MaxAllocRate: 501,1MB/s (+/-31,7%), Free: 10390MB, GCCPUTime: 3,576, GCDuration: 0,717s, TimeUntilOOM: 15,740s, TimeUntilGC: 15,023s, GCWorkers: 5
[5,106s][debug][gc,director    ] Select Minor GC Workers (Not Warm), GCWorkers: 5,000
[5,106s][debug][gc,director    ] Rule Minor: Allocation Rate (Dynamic GC Workers), MaxAllocRate: 2084,9MB/s (+/-31,7%), Free: 10390MB, GCCPUTime: 3,576, GCDuration: 0,717s, TimeUntilOOM: 3,783s, TimeUntilGC: 3,066s, GCWorkers: 5
[5,106s][debug][gc,director    ] Rule Minor: High Usage, Free: 10390MB(84,6%)
[5,116s][debug][gc,director    ] Rule Major: Warmup 20%, Used: 1870MB, UsedThreshold: 2457MB
[5,116s][debug][gc,director    ] Select Minor GC Workers (Not Warm), GCWorkers: 5,000
[5,116s][debug][gc,director    ] Rule Minor: Allocation Rate (Dynamic GC Workers), MaxAllocRate: 501,1MB/s (+/-31,7%), Free: 10376MB, GCCPUTime: 3,576, GCDuration: 0,717s, TimeUntilOOM: 15,719s, TimeUntilGC: 15,002s, GCWorkers: 5
[5,116s][debug][gc,director    ] Select Minor GC Workers (Not Warm), GCWorkers: 5,000
[5,116s][debug][gc,director    ] Rule Minor: Allocation Rate (Dynamic GC Workers), MaxAllocRate: 2084,9MB/s (+/-31,7%), Free: 10376MB, GCCPUTime: 3,576, GCDuration: 0,717s, TimeUntilOOM: 3,778s, TimeUntilGC: 3,060s, GCWorkers: 5
[5,116s][debug][gc,director    ] Rule Minor: High Usage, Free: 10376MB(84,4%)
[5,126s][debug][gc,director    ] Rule Major: Warmup 20%, Used: 1886MB, UsedThreshold: 2457MB
[5,126s][debug][gc,director    ] Select Minor GC Workers (Not Warm), GCWorkers: 5,000
[5,126s][debug][gc,director    ] Rule Minor: Allocation Rate (Dynamic GC Workers), MaxAllocRate: 501,1MB/s (+/-31,7%), Free: 10360MB, GCCPUTime: 3,576, GCDuration: 0,717s, TimeUntilOOM: 15,695s, TimeUntilGC: 14,978s, GCWorkers: 5
[5,126s][debug][gc,director    ] Select Minor GC Workers (Not Warm), GCWorkers: 5,000
[5,126s][debug][gc,director    ] Rule Minor: Allocation Rate (Dynamic GC Workers), MaxAllocRate: 2084,9MB/s (+/-31,7%), Free: 10360MB, GCCPUTime: 3,576, GCDuration: 0,717s, TimeUntilOOM: 3,772s, TimeUntilGC: 3,055s, GCWorkers: 5
[5,126s][debug][gc,director    ] Rule Minor: High Usage, Free: 10360MB(84,3%)
[5,136s][debug][gc,director    ] Rule Major: Warmup 20%, Used: 1900MB, UsedThreshold: 2457MB
[5,136s][debug][gc,director    ] Select Minor GC Workers (Not Warm), GCWorkers: 5,000
[5,136s][debug][gc,director    ] Rule Minor: Allocation Rate (Dynamic GC Workers), MaxAllocRate: 501,1MB/s (+/-31,7%), Free: 10346MB, GCCPUTime: 3,576, GCDuration: 0,717s, TimeUntilOOM: 15,674s, TimeUntilGC: 14,956s, GCWorkers: 5
[5,136s][debug][gc,director    ] Select Minor GC Workers (Not Warm), GCWorkers: 5,000
[5,136s][debug][gc,director    ] Rule Minor: Allocation Rate (Dynamic GC Workers), MaxAllocRate: 2084,9MB/s (+/-31,7%), Free: 10346MB, GCCPUTime: 3,576, GCDuration: 0,717s, TimeUntilOOM: 3,767s, TimeUntilGC: 3,050s, GCWorkers: 5
[5,136s][debug][gc,director    ] Rule Minor: High Usage, Free: 10346MB(84,2%)
[5,136s][debug][gc,alloc       ] Mutator Allocation Rate: 731,6MB/s Predicted: 793,3MB/s, Avg: 509,0(+/-161,8)MB/s
[5,137s][debug][gc,director    ] Rule Major: Warmup 20%, Used: 1902MB, UsedThreshold: 2457MB
[5,137s][debug][gc,director    ] Select Minor GC Workers (Not Warm), GCWorkers: 5,000
[5,137s][debug][gc,director    ] Rule Minor: Allocation Rate (Dynamic GC Workers), MaxAllocRate: 509,0MB/s (+/-31,8%), Free: 10344MB, GCCPUTime: 3,576, GCDuration: 0,717s, TimeUntilOOM: 15,420s, TimeUntilGC: 14,702s, GCWorkers: 5
[5,137s][debug][gc,director    ] Select Minor GC Workers (Not Warm), GCWorkers: 5,000
[5,137s][debug][gc,director    ] Rule Minor: Allocation Rate (Dynamic GC Workers), MaxAllocRate: 2119,2MB/s (+/-31,8%), Free: 10344MB, GCCPUTime: 3,576, GCDuration: 0,717s, TimeUntilOOM: 3,704s, TimeUntilGC: 2,987s, GCWorkers: 5
[5,137s][debug][gc,director    ] Rule Minor: High Usage, Free: 10344MB(84,2%)
[5,147s][debug][gc,nmethod     ] Register NMethod: io.sirix.access.trx.RevisionEpochTracker.minActiveRevision (0x000071df5eec2408) [0x000071df5eec2500, 0x000071df5eec2998] Compiler: jvmci, Barriers: 6, Oops: 1, ImmediateOops: 0, NonImmediateOops: No
[5,147s][debug][gc,director    ] Rule Major: Warmup 20%, Used: 1912MB, UsedThreshold: 2457MB
[5,147s][debug][gc,director    ] Select Minor GC Workers (Not Warm), GCWorkers: 5,000
[5,147s][debug][gc,director    ] Rule Minor: Allocation Rate (Dynamic GC Workers), MaxAllocRate: 509,0MB/s (+/-31,8%), Free: 10334MB, GCCPUTime: 3,576, GCDuration: 0,717s, TimeUntilOOM: 15,405s, TimeUntilGC: 14,687s, GCWorkers: 5
[5,147s][debug][gc,director    ] Select Minor GC Workers (Not Warm), GCWorkers: 5,000
[5,147s][debug][gc,director    ] Rule Minor: Allocation Rate (Dynamic GC Workers), MaxAllocRate: 2119,2MB/s (+/-31,8%), Free: 10334MB, GCCPUTime: 3,576, GCDuration: 0,717s, TimeUntilOOM: 3,700s, TimeUntilGC: 2,983s, GCWorkers: 5
[5,147s][debug][gc,director    ] Rule Minor: High Usage, Free: 10334MB(84,1%)
[5,157s][debug][gc,director    ] Rule Major: Warmup 20%, Used: 1926MB, UsedThreshold: 2457MB
[5,157s][debug][gc,director    ] Select Minor GC Workers (Not Warm), GCWorkers: 5,000
[5,157s][debug][gc,director    ] Rule Minor: Allocation Rate (Dynamic GC Workers), MaxAllocRate: 509,0MB/s (+/-31,8%), Free: 10320MB, GCCPUTime: 3,576, GCDuration: 0,717s, TimeUntilOOM: 15,384s, TimeUntilGC: 14,667s, GCWorkers: 5
[5,157s][debug][gc,director    ] Select Minor GC Workers (Not Warm), GCWorkers: 5,000
[5,157s][debug][gc,director    ] Rule Minor: Allocation Rate (Dynamic GC Workers), MaxAllocRate: 2119,2MB/s (+/-31,8%), Free: 10320MB, GCCPUTime: 3,576, GCDuration: 0,717s, TimeUntilOOM: 3,695s, TimeUntilGC: 2,978s, GCWorkers: 5
[5,157s][debug][gc,director    ] Rule Minor: High Usage, Free: 10320MB(84,0%)
[5,166s][info ][gc             ] GC(2) Major Collection (System.gc())
[5,166s][info ][gc,task        ] GC(2) Using 5 Workers for Young Generation
[5,166s][info ][gc,task        ] GC(2) Using 5 Workers for Old Generation
[5,166s][debug][gc,heap        ] GC(2) Y: Heap Before GC invocations=2 (full 2):
[5,166s][debug][gc,heap        ] GC(2) Y:  ZHeap           used 1934M, capacity 5120M, max capacity 12288M
[5,166s][debug][gc,heap        ] GC(2) Y:   Cache          3186M (1)
[5,166s][debug][gc,heap        ] GC(2) Y:    size classes  2G (1)
[5,166s][debug][gc,metaspace   ] GC(2) Y: Metaspace Before GC invocations=2 (full 2):
[5,166s][debug][gc,metaspace   ] GC(2) Y:  Metaspace       used 33246K, committed 33728K, reserved 1114112K
[5,166s][debug][gc,metaspace   ] GC(2) Y:   class space    used 2611K, committed 2816K, reserved 1048576K
[5,166s][debug][gc,nmethod     ] Register NMethod: java.util.concurrent.CountedCompleter.<init> (0x000071df3f8cdc88) [0x000071df3f8cdd80, 0x000071df3f8cdfb0] Compiler: c1, Barriers: 3, Oops: 0, ImmediateOops: 0, NonImmediateOops: No
[5,166s][info ][gc,phases      ] GC(2) Y: Young Generation (Promote All)
[5,166s][debug][gc,reloc       ] Synchronize all workers 1 _nworkers: 0 _nsynchronized: 0
[5,166s][debug][gc,reloc       ] Synchronize all workers 1 _nworkers: 0 _nsynchronized: 0
[5,167s][debug][gc,phases,start] GC(2) Y: Pause Mark Start
[5,167s][debug][gc,tlab        ] GC(2) Y: TLAB usage update: used 982M -> 1534M, capacity: 445M -> 772M
[5,167s][debug][gc,marking     ] GC(2) Y: Using 4 mark stripes
[5,167s][debug][gc,marking     ] GC(2) Y: Mark Worker/Stripe Distribution
[5,167s][debug][gc,marking     ] GC(2) Y:   Worker 0(5) -> Stripe 0(4)
[5,167s][debug][gc,marking     ] GC(2) Y:   Worker 1(5) -> Stripe 1(4)
[5,167s][debug][gc,marking     ] GC(2) Y:   Worker 2(5) -> Stripe 2(4)
[5,167s][debug][gc,marking     ] GC(2) Y:   Worker 3(5) -> Stripe 3(4)
[5,167s][debug][gc,marking     ] GC(2) Y:   Worker 4(5) -> Stripe 0(4)
[5,167s][info ][gc,phases      ] GC(2) Y: Pause Mark Start 0,070ms
[5,167s][debug][gc,reloc       ] Desynchronize all workers _nworkers: 0 _nsynchronized: 0
[5,167s][debug][gc,reloc       ] Desynchronize all workers _nworkers: 0 _nsynchronized: 0
[5,167s][debug][gc,marking     ] Resurrection broke termination
[5,167s][debug][gc,phases,start] GC(2) Y: Concurrent Mark
[5,167s][debug][gc,phases,start] GC(2) Y: Concurrent Mark Roots
[5,167s][debug][gc,task        ] GC(2) Y: Executing ZMarkYoungRootsTask using ZWorkerYoung with 5 workers
[5,167s][debug][gc,nmethod     ] Register NMethod: io.sirix.node.GrowingMemorySegment.<init> (0x000071df3f4e0588) [0x000071df3f4e0680, 0x000071df3f4e0af8] Compiler: c1, Barriers: 6, Oops: 1, ImmediateOops: 0, NonImmediateOops: No
[5,167s][debug][gc,nmethod     ] Register NMethod: jdk.internal.foreign.ArenaImpl.allocate (0x000071df3f809808) [0x000071df3f809900, 0x000071df3f809bf8] Compiler: c1, Barriers: 0, Oops: 0, ImmediateOops: 0, NonImmediateOops: No
[5,167s][debug][gc,nmethod     ] Register NMethod: jdk.internal.foreign.ArenaImpl.allocate (0x000071df3f444508) [0x000071df3f444600, 0x000071df3f444780] Compiler: c1, Barriers: 1, Oops: 0, ImmediateOops: 0, NonImmediateOops: No
[5,167s][debug][gc,director    ] Select Minor GC Workers (Not Warm), GCWorkers: 5,000
[5,167s][debug][gc,director    ] Rule Minor: Allocation Rate (Dynamic GC Workers), MaxAllocRate: 509,0MB/s (+/-31,8%), Free: 10294MB, GCCPUTime: 3,576, GCDuration: 0,717s, TimeUntilOOM: 15,345s, TimeUntilGC: 14,628s, GCWorkers: 5
[5,167s][debug][gc,nmethod     ] Register NMethod: jdk.internal.foreign.SegmentFactories$1.<init> (0x000071df5eec2a08) [0x000071df5eec2b20, 0x000071df5eec2bb8] Compiler: jvmci, Barriers: 0, Oops: 0, ImmediateOops: 0, NonImmediateOops: No
[5,167s][debug][gc,nmethod     ] Register NMethod: jdk.internal.foreign.SegmentFactories.allocateNativeSegment (0x000071df3f56f308) [0x000071df3f56f400, 0x000071df3f56f9c0] Compiler: c1, Barriers: 3, Oops: 0, ImmediateOops: 1, NonImmediateOops: No
[5,168s][debug][gc,nmethod     ] Register NMethod: jdk.internal.foreign.SegmentFactories.allocateMemoryWrapper (0x000071df5eec2d08) [0x000071df5eec2e00, 0x000071df5eec2f30] Compiler: jvmci, Barriers: 0, Oops: 0, ImmediateOops: 1, NonImmediateOops: No
[5,168s][debug][gc,tlab        ] GC(2) Y: TLAB totals: thrds: 26  refills: 5107 max: 3083 slow allocs: 2983 max 2939 waste:  0,6% gc: 3142016B max: 228616B slow: 3710544B max: 1995616B
[5,168s][debug][gc,phases      ] GC(2) Y: Concurrent Mark Roots 1,805ms
[5,169s][debug][gc,phases,start] GC(2) Y: Concurrent Mark Follow
[5,169s][debug][gc,marking     ] GC(2) Y: Using 4 mark stripes
[5,169s][debug][gc,task        ] GC(2) Y: Executing ZRememberedScanMarkFollowTask using ZWorkerYoung with 5 workers
[5,169s][debug][gc,nmethod     ] Register NMethod: jdk.internal.foreign.SegmentFactories.allocateNativeInternal (0x000071df3faaae88) [0x000071df3faaaf80, 0x000071df3faae3c8] Compiler: c1, Barriers: 3, Oops: 3, ImmediateOops: 11, NonImmediateOops: No
[5,169s][debug][gc,nmethod     ] Register NMethod: jdk.internal.foreign.SegmentFactories.ensureInitialized (0x000071df5eec3008) [0x000071df5eec3100, 0x000071df5eec3160] Compiler: jvmci, Barriers: 0, Oops: 0, ImmediateOops: 0, NonImmediateOops: No
[5,169s][debug][gc,nmethod     ] Register NMethod: jdk.internal.foreign.MemorySessionImpl.checkValidState (0x000071df5eec3308) [0x000071df5eec3400, 0x000071df5eec3578] Compiler: jvmci, Barriers: 2, Oops: 0, ImmediateOops: 0, NonImmediateOops: No
[5,169s][debug][gc,nmethod     ] Register NMethod: java.util.stream.ForEachOps$ForEachTask.compute (0x000071df3f4d8c88) [0x000071df3f4d8d80, 0x000071df3f4dac18] Compiler: c1, Barriers: 21, Oops: 1, ImmediateOops: 1, NonImmediateOops: No
[5,169s][debug][gc,nmethod     ] Register NMethod: jdk.internal.misc.VM.isDirectMemoryPageAligned (0x000071df5eec3608) [0x000071df5eec3700, 0x000071df5eec3768] Compiler: jvmci, Barriers: 0, Oops: 0, ImmediateOops: 0, NonImmediateOops: No
[5,169s][debug][gc,nmethod     ] Register NMethod: java.util.concurrent.ForkJoinTask.fork (0x000071df3fa39808) [0x000071df3fa39900, 0x000071df3fa3a338] Compiler: c1, Barriers: 3, Oops: 1, ImmediateOops: 1, NonImmediateOops: No
[5,170s][debug][gc,nmethod     ] Register NMethod: java.util.concurrent.CountedCompleter.addToPendingCount (0x000071df3f453108) [0x000071df3f453200, 0x000071df3f453308] Compiler: c1, Barriers: 0, Oops: 0, ImmediateOops: 0, NonImmediateOops: No
[5,170s][debug][gc,nmethod     ] Register NMethod: java.util.ArrayList$ArrayListSpliterator.trySplit (0x000071df3fdb1c88) [0x000071df3fdb1d80, 0x000071df3fdb2078] Compiler: c1, Barriers: 0, Oops: 0, ImmediateOops: 0, NonImmediateOops: No
[5,170s][debug][gc,nmethod     ] Register NMethod: jdk.internal.foreign.Utils.alignUp (0x000071df5eec3908) [0x000071df5eec3a00, 0x000071df5eec3a70] Compiler: jvmci, Barriers: 0, Oops: 0, ImmediateOops: 0, NonImmediateOops: No
[5,170s][debug][gc,nmethod     ] Register NMethod: java.util.ArrayList$ArrayListSpliterator.trySplit (0x000071df3f636e88) [0x000071df3f636f80, 0x000071df3f637510] Compiler: c1, Barriers: 5, Oops: 0, ImmediateOops: 0, NonImmediateOops: No
[5,170s][debug][gc,nmethod     ] Register NMethod: jdk.internal.foreign.Utils.checkAllocationSizeAndAlign (0x000071df5eec3c08) [0x000071df5eec3d00, 0x000071df5eec3dc8] Compiler: jvmci, Barriers: 0, Oops: 0, ImmediateOops: 0, NonImmediateOops: No
[5,170s][debug][gc,nmethod     ] Register NMethod: java.util.stream.ForEachOps$ForEachTask.<init> (0x000071df3f55e688) [0x000071df3f55e780, 0x000071df3f55ebe8] Compiler: c1, Barriers: 14, Oops: 0, ImmediateOops: 0, NonImmediateOops: No
[5,170s][debug][gc,nmethod     ] Register NMethod: java.util.concurrent.CountedCompleter.exec (0x000071df3f477f88) [0x000071df3f478080, 0x000071df3f4781d0] Compiler: c1, Barriers: 0, Oops: 0, ImmediateOops: 0, NonImmediateOops: No
[5,175s][debug][gc,nmethod     ] Register NMethod: io.sirix.node.GrowingMemorySegment.grow (0x000071df40124008) [0x000071df40124100, 0x000071df40134f48] Compiler: c1, Barriers: 44, Oops: 5, ImmediateOops: 42, NonImmediateOops: No
[5,177s][debug][gc,director    ] Select Minor GC Workers (Not Warm), GCWorkers: 5,000
[5,178s][debug][gc,director    ] Rule Minor: Allocation Rate (Dynamic GC Workers), MaxAllocRate: 509,0MB/s (+/-31,8%), Free: 10292MB, GCCPUTime: 3,576, GCDuration: 0,717s, TimeUntilOOM: 15,342s, TimeUntilGC: 14,625s, GCWorkers: 5
[5,178s][debug][gc,nmethod     ] Register NMethod: io.sirix.service.xml.shredder.XmlShredder.insertNewContent (0x000071df5eec3f08) [0x000071df5eec4000, 0x000071df5eed1d48] Compiler: jvmci, Barriers: 351, Oops: 13, ImmediateOops: 9, NonImmediateOops: No
[5,180s][debug][gc,nmethod     ] Register NMethod: java.lang.foreign.MemorySegment.copy (0x000071df5eed1e08) [0x000071df5eed1f00, 0x000071df5eed2ac8] Compiler: jvmci, Barriers: 15, Oops: 0, ImmediateOops: 0, NonImmediateOops: No
[5,182s][debug][gc,nmethod     ] Register NMethod: jdk.internal.foreign.SegmentBulkOperations.copy (0x000071df5eed2b08) [0x000071df5eed2c00, 0x000071df5eed3ab0] Compiler: jvmci, Barriers: 25, Oops: 0, ImmediateOops: 0, NonImmediateOops: No
[5,188s][debug][gc,director    ] Select Minor GC Workers (Not Warm), GCWorkers: 5,000
[5,188s][debug][gc,director    ] Rule Minor: Allocation Rate (Dynamic GC Workers), MaxAllocRate: 509,0MB/s (+/-31,8%), Free: 10292MB, GCCPUTime: 3,576, GCDuration: 0,717s, TimeUntilOOM: 15,342s, TimeUntilGC: 14,625s, GCWorkers: 5
[5,192s][debug][gc,nmethod     ] Register NMethod: jdk.internal.foreign.ArenaImpl.allocate (0x000071df5eed3b08) [0x000071df5eed3c00, 0x000071df5eed4ae8] Compiler: jvmci, Barriers: 27, Oops: 1, ImmediateOops: 8, NonImmediateOops: No
[5,194s][debug][gc,nmethod     ] Register NMethod: jdk.internal.foreign.ArenaImpl.allocate (0x000071df5eed4b08) [0x000071df5eed4c00, 0x000071df5eed5b00] Compiler: jvmci, Barriers: 27, Oops: 1, ImmediateOops: 8, NonImmediateOops: No
[5,194s][debug][gc,nmethod     ] Register NMethod: jdk.internal.foreign.SegmentFactories.allocateNativeSegment (0x000071df5eed5b88) [0x000071df5eed5ca0, 0x000071df5eed6b80] Compiler: jvmci, Barriers: 26, Oops: 1, ImmediateOops: 8, NonImmediateOops: No
[5,198s][debug][gc,director    ] Select Minor GC Workers (Not Warm), GCWorkers: 5,000
[5,198s][debug][gc,director    ] Rule Minor: Allocation Rate (Dynamic GC Workers), MaxAllocRate: 509,0MB/s (+/-31,8%), Free: 10292MB, GCCPUTime: 3,576, GCDuration: 0,717s, TimeUntilOOM: 15,342s, TimeUntilGC: 14,625s, GCWorkers: 5
[5,204s][debug][gc,nmethod     ] Register NMethod: io.sirix.node.GrowingMemorySegment.grow (0x000071df5eed6c08) [0x000071df5eed6d00, 0x000071df5eed87c0] Compiler: jvmci, Barriers: 41, Oops: 3, ImmediateOops: 8, NonImmediateOops: No
[5,204s][debug][gc,nmethod     ] Register NMethod: jdk.internal.foreign.SegmentFactories.allocateNativeInternal (0x000071df5eed8808) [0x000071df5eed8920, 0x000071df5eed9750] Compiler: jvmci, Barriers: 24, Oops: 1, ImmediateOops: 8, NonImmediateOops: No
[5,208s][debug][gc,director    ] Select Minor GC Workers (Not Warm), GCWorkers: 5,000
[5,208s][debug][gc,director    ] Rule Minor: Allocation Rate (Dynamic GC Workers), MaxAllocRate: 509,0MB/s (+/-31,8%), Free: 10292MB, GCCPUTime: 3,576, GCDuration: 0,717s, TimeUntilOOM: 15,342s, TimeUntilGC: 14,625s, GCWorkers: 5
[5,218s][debug][gc,director    ] Select Minor GC Workers (Not Warm), GCWorkers: 5,000
[5,218s][debug][gc,director    ] Rule Minor: Allocation Rate (Dynamic GC Workers), MaxAllocRate: 509,0MB/s (+/-31,8%), Free: 10292MB, GCCPUTime: 3,576, GCDuration: 0,717s, TimeUntilOOM: 15,342s, TimeUntilGC: 14,625s, GCWorkers: 5
[5,229s][debug][gc,director    ] Select Minor GC Workers (Not Warm), GCWorkers: 5,000
[5,229s][debug][gc,director    ] Rule Minor: Allocation Rate (Dynamic GC Workers), MaxAllocRate: 509,0MB/s (+/-31,8%), Free: 10292MB, GCCPUTime: 3,576, GCDuration: 0,717s, TimeUntilOOM: 15,342s, TimeUntilGC: 14,625s, GCWorkers: 5
[5,239s][debug][gc,director    ] Select Minor GC Workers (Not Warm), GCWorkers: 5,000
[5,239s][debug][gc,director    ] Rule Minor: Allocation Rate (Dynamic GC Workers), MaxAllocRate: 509,0MB/s (+/-31,8%), Free: 10292MB, GCCPUTime: 3,576, GCDuration: 0,717s, TimeUntilOOM: 15,342s, TimeUntilGC: 14,625s, GCWorkers: 5
[5,242s][debug][gc,nmethod     ] Register NMethod: java.util.concurrent.locks.ReentrantLock.tryLock (0x000071df3ff37c88) [0x000071df3ff37d80, 0x000071df3ff380b8] Compiler: c1, Barriers: 1, Oops: 0, ImmediateOops: 0, NonImmediateOops: No
[5,242s][debug][gc,nmethod     ] Register NMethod: java.util.concurrent.locks.ReentrantLock$Sync.tryLock (0x000071df400fe108) [0x000071df400fe200, 0x000071df400feff8] Compiler: c1, Barriers: 5, Oops: 0, ImmediateOops: 1, NonImmediateOops: No
[5,249s][debug][gc,director    ] Select Minor GC Workers (Not Warm), GCWorkers: 5,000
[5,249s][debug][gc,director    ] Rule Minor: Allocation Rate (Dynamic GC Workers), MaxAllocRate: 509,0MB/s (+/-31,8%), Free: 10288MB, GCCPUTime: 3,576, GCDuration: 0,717s, TimeUntilOOM: 15,336s, TimeUntilGC: 14,619s, GCWorkers: 5
[5,256s][debug][gc,nmethod     ] Register NMethod: io.sirix.access.trx.RevisionEpochTracker.minActiveRevision (0x000071df5eed9788) [0x000071df5eed9880, 0x000071df5eeda9b8] Compiler: jvmci, Barriers: 30, Oops: 1, ImmediateOops: 0, NonImmediateOops: No
[5,259s][debug][gc,director    ] Select Minor GC Workers (Not Warm), GCWorkers: 5,000
[5,259s][debug][gc,director    ] Rule Minor: Allocation Rate (Dynamic GC Workers), MaxAllocRate: 509,0MB/s (+/-31,8%), Free: 10288MB, GCCPUTime: 3,576, GCDuration: 0,717s, TimeUntilOOM: 15,336s, TimeUntilGC: 14,619s, GCWorkers: 5
[5,264s][debug][gc,marking     ] GC(2) Y: Using 2 mark stripes
[5,264s][debug][gc,marking     ] GC(2) Y: Using 1 mark stripes
[5,270s][debug][gc,director    ] Select Minor GC Workers (Not Warm), GCWorkers: 5,000
[5,270s][debug][gc,director    ] Rule Minor: Allocation Rate (Dynamic GC Workers), MaxAllocRate: 509,0MB/s (+/-31,8%), Free: 10288MB, GCCPUTime: 3,576, GCDuration: 0,717s, TimeUntilOOM: 15,336s, TimeUntilGC: 14,619s, GCWorkers: 5
[5,271s][debug][gc,remset      ] GC(2) Y: Remset forwarding retained: 0,000ms count: 0 ZWorkerYoung#1
[5,271s][debug][gc,remset      ] GC(2) Y: Remset forwarding released: 0,000ms count: 0 ZWorkerYoung#1
[5,271s][debug][gc,remset      ] GC(2) Y: Remset forwarding retained: 0,000ms count: 0 ZWorkerYoung#2
[5,271s][debug][gc,remset      ] GC(2) Y: Remset forwarding released: 0,000ms count: 0 ZWorkerYoung#2
[5,271s][debug][gc,remset      ] GC(2) Y: Remset forwarding retained: 0,000ms count: 0 ZWorkerYoung#3
[5,271s][debug][gc,remset      ] GC(2) Y: Remset forwarding released: 0,000ms count: 0 ZWorkerYoung#3
[5,271s][debug][gc,remset      ] GC(2) Y: Remset forwarding retained: 0,000ms count: 0 ZWorkerYoung#0
[5,271s][debug][gc,remset      ] GC(2) Y: Remset forwarding released: 0,000ms count: 0 ZWorkerYoung#0
[5,271s][debug][gc,remset      ] GC(2) Y: Remset forwarding retained: 0,000ms count: 0 ZWorkerYoung#4
[5,271s][debug][gc,remset      ] GC(2) Y: Remset forwarding released: 0,000ms count: 0 ZWorkerYoung#4
[5,271s][debug][gc,marking     ] GC(2) Y: Try terminate after resurrection
[5,271s][debug][gc,phases      ] GC(2) Y: Concurrent Mark Follow 102,797ms
[5,271s][info ][gc,phases      ] GC(2) Y: Concurrent Mark 104,669ms
[5,271s][debug][gc,reloc       ] Synchronize all workers 1 _nworkers: 0 _nsynchronized: 0
[5,271s][debug][gc,reloc       ] Synchronize all workers 1 _nworkers: 0 _nsynchronized: 0
[5,271s][debug][gc,phases,start] GC(2) Y: Pause Mark End
[5,271s][info ][gc,phases      ] GC(2) Y: Pause Mark End 0,017ms
[5,271s][debug][gc,reloc       ] Desynchronize all workers _nworkers: 0 _nsynchronized: 0
[5,271s][debug][gc,reloc       ] Desynchronize all workers _nworkers: 0 _nsynchronized: 0
[5,271s][debug][gc,phases,start] GC(2) Y: Concurrent Mark Free
[5,272s][info ][gc,phases      ] GC(2) Y: Concurrent Mark Free 0,034ms
[5,272s][debug][gc,phases,start] GC(2) Y: Concurrent Reset Relocation Set
[5,272s][info ][gc,phases      ] GC(2) Y: Concurrent Reset Relocation Set 0,067ms
[5,272s][debug][gc,phases,start] GC(2) Y: Concurrent Select Relocation Set
[5,272s][debug][gc,reloc       ] GC(2) Y: Relocation Set (Medium Pages): 0->0, 0 skipped, 0 forwarding entries
[5,272s][debug][gc,reloc       ] GC(2) Y: Relocation Set (Small Pages): 837->157, 6 skipped, 13917398 forwarding entries
[5,272s][info ][gc,reloc       ] GC(2) Y: Using tenuring threshold: 0 (Promote All)
[5,272s][debug][gc,task        ] GC(2) Y: Executing ZRelocationSetInstallTask using ZWorkerYoung with 5 workers
[5,280s][debug][gc,director    ] Select Minor GC Workers (Not Warm), GCWorkers: 5,000
[5,280s][debug][gc,director    ] Rule Minor: Allocation Rate (Dynamic GC Workers), MaxAllocRate: 509,0MB/s (+/-31,8%), Free: 10308MB, GCCPUTime: 3,576, GCDuration: 0,717s, TimeUntilOOM: 15,366s, TimeUntilGC: 14,649s, GCWorkers: 5
[5,290s][debug][gc,director    ] Select Minor GC Workers (Not Warm), GCWorkers: 5,000
[5,290s][debug][gc,director    ] Rule Minor: Allocation Rate (Dynamic GC Workers), MaxAllocRate: 509,0MB/s (+/-31,8%), Free: 10308MB, GCCPUTime: 3,576, GCDuration: 0,717s, TimeUntilOOM: 15,366s, TimeUntilGC: 14,649s, GCWorkers: 5
[5,300s][debug][gc,director    ] Select Minor GC Workers (Not Warm), GCWorkers: 5,000
[5,300s][debug][gc,director    ] Rule Minor: Allocation Rate (Dynamic GC Workers), MaxAllocRate: 509,0MB/s (+/-31,8%), Free: 10308MB, GCCPUTime: 3,576, GCDuration: 0,717s, TimeUntilOOM: 15,366s, TimeUntilGC: 14,649s, GCWorkers: 5
[5,310s][debug][gc,director    ] Select Minor GC Workers (Not Warm), GCWorkers: 5,000
[5,310s][debug][gc,director    ] Rule Minor: Allocation Rate (Dynamic GC Workers), MaxAllocRate: 509,0MB/s (+/-31,8%), Free: 10308MB, GCCPUTime: 3,576, GCDuration: 0,717s, TimeUntilOOM: 15,366s, TimeUntilGC: 14,649s, GCWorkers: 5
[5,314s][debug][gc,task        ] GC(2) Y: Executing ZPromotePagesTask using ZWorkerYoung with 5 workers
[5,316s][debug][gc,task        ] GC(2) Y: Executing ZPromotePagesTask using ZWorkerYoung with 5 workers
[5,316s][debug][gc,task        ] GC(2) Y: Executing ZPromotePagesTask using ZWorkerYoung with 5 workers
[5,317s][info ][gc,phases      ] GC(2) Y: Concurrent Select Relocation Set 44,951ms
[5,317s][debug][gc,reloc       ] Synchronize all workers 1 _nworkers: 0 _nsynchronized: 0
[5,317s][debug][gc,reloc       ] Synchronize all workers 1 _nworkers: 0 _nsynchronized: 0
[5,317s][debug][gc,phases,start] GC(2) Y: Pause Relocate Start
[5,317s][debug][gc,reloc       ] GC(2) Y: Joining workers: 5
[5,317s][info ][gc,phases      ] GC(2) Y: Pause Relocate Start 0,021ms
[5,317s][debug][gc,reloc       ] Desynchronize all workers _nworkers: 0 _nsynchronized: 0
[5,317s][debug][gc,reloc       ] Desynchronize all workers _nworkers: 5 _nsynchronized: 0
[5,317s][debug][gc,phases,start] GC(2) Y: Concurrent Relocate
[5,317s][debug][gc,task        ] GC(2) Y: Executing ZRelocateStoreBufferInstallBasePointersTask using ZWorkerYoung with 5 workers
[5,317s][debug][gc,task        ] GC(2) Y: Executing ZRelocateTask using ZWorkerYoung with 5 workers
[5,321s][debug][gc,director    ] Select Minor GC Workers (Not Warm), GCWorkers: 5,000
[5,321s][debug][gc,director    ] Rule Minor: Allocation Rate (Dynamic GC Workers), MaxAllocRate: 509,0MB/s (+/-31,8%), Free: 10706MB, GCCPUTime: 3,576, GCDuration: 0,717s, TimeUntilOOM: 15,959s, TimeUntilGC: 15,242s, GCWorkers: 5
[5,331s][debug][gc,director    ] Select Minor GC Workers (Not Warm), GCWorkers: 5,000
[5,331s][debug][gc,director    ] Rule Minor: Allocation Rate (Dynamic GC Workers), MaxAllocRate: 509,0MB/s (+/-31,8%), Free: 10890MB, GCCPUTime: 3,576, GCDuration: 0,717s, TimeUntilOOM: 16,233s, TimeUntilGC: 15,516s, GCWorkers: 5
[5,341s][debug][gc,director    ] Select Minor GC Workers (Not Warm), GCWorkers: 5,000
[5,341s][debug][gc,director    ] Rule Minor: Allocation Rate (Dynamic GC Workers), MaxAllocRate: 509,0MB/s (+/-31,8%), Free: 11040MB, GCCPUTime: 3,576, GCDuration: 0,717s, TimeUntilOOM: 16,457s, TimeUntilGC: 15,740s, GCWorkers: 5
[5,351s][debug][gc,director    ] Select Minor GC Workers (Not Warm), GCWorkers: 5,000
[5,351s][debug][gc,director    ] Rule Minor: Allocation Rate (Dynamic GC Workers), MaxAllocRate: 509,0MB/s (+/-31,8%), Free: 11166MB, GCCPUTime: 3,576, GCDuration: 0,717s, TimeUntilOOM: 16,645s, TimeUntilGC: 15,928s, GCWorkers: 5
[5,361s][debug][gc,director    ] Select Minor GC Workers (Not Warm), GCWorkers: 5,000
[5,362s][debug][gc,director    ] Rule Minor: Allocation Rate (Dynamic GC Workers), MaxAllocRate: 509,0MB/s (+/-31,8%), Free: 11294MB, GCCPUTime: 3,576, GCDuration: 0,717s, TimeUntilOOM: 16,836s, TimeUntilGC: 16,118s, GCWorkers: 5
[5,372s][debug][gc,director    ] Select Minor GC Workers (Not Warm), GCWorkers: 5,000
[5,372s][debug][gc,director    ] Rule Minor: Allocation Rate (Dynamic GC Workers), MaxAllocRate: 509,0MB/s (+/-31,8%), Free: 11420MB, GCCPUTime: 3,576, GCDuration: 0,717s, TimeUntilOOM: 17,023s, TimeUntilGC: 16,306s, GCWorkers: 5
[5,382s][debug][gc,director    ] Select Minor GC Workers (Not Warm), GCWorkers: 5,000
[5,382s][debug][gc,director    ] Rule Minor: Allocation Rate (Dynamic GC Workers), MaxAllocRate: 509,0MB/s (+/-31,8%), Free: 11528MB, GCCPUTime: 3,576, GCDuration: 0,717s, TimeUntilOOM: 17,184s, TimeUntilGC: 16,467s, GCWorkers: 5
[5,392s][debug][gc,director    ] Select Minor GC Workers (Not Warm), GCWorkers: 5,000
[5,392s][debug][gc,director    ] Rule Minor: Allocation Rate (Dynamic GC Workers), MaxAllocRate: 509,0MB/s (+/-31,8%), Free: 11634MB, GCCPUTime: 3,576, GCDuration: 0,717s, TimeUntilOOM: 17,342s, TimeUntilGC: 16,625s, GCWorkers: 5
[5,402s][debug][gc,director    ] Select Minor GC Workers (Not Warm), GCWorkers: 5,000
[5,402s][debug][gc,director    ] Rule Minor: Allocation Rate (Dynamic GC Workers), MaxAllocRate: 509,0MB/s (+/-31,8%), Free: 11668MB, GCCPUTime: 3,576, GCDuration: 0,717s, TimeUntilOOM: 17,393s, TimeUntilGC: 16,676s, GCWorkers: 5
[5,412s][debug][gc,director    ] Select Minor GC Workers (Not Warm), GCWorkers: 5,000
[5,412s][debug][gc,director    ] Rule Minor: Allocation Rate (Dynamic GC Workers), MaxAllocRate: 509,0MB/s (+/-31,8%), Free: 11692MB, GCCPUTime: 3,576, GCDuration: 0,717s, TimeUntilOOM: 17,429s, TimeUntilGC: 16,712s, GCWorkers: 5
[5,414s][debug][gc,reloc       ] GC(2) Y: Leaving workers: left: 4 _synchronize: 0 _nsynchronized: 0
[5,416s][debug][gc,reloc       ] GC(2) Y: Leaving workers: left: 3 _synchronize: 0 _nsynchronized: 0
[5,416s][debug][gc,reloc       ] GC(2) Y: Leaving workers: left: 2 _synchronize: 0 _nsynchronized: 0
[5,416s][debug][gc,reloc       ] GC(2) Y: Leaving workers: left: 1 _synchronize: 0 _nsynchronized: 0
[5,416s][debug][gc,reloc       ] GC(2) Y: Leaving workers: left: 0 _synchronize: 0 _nsynchronized: 0
[5,416s][debug][gc,phases,start] GC(2) Y: Concurrent Relocate Remset FP
[5,416s][debug][gc,task        ] GC(2) Y: Executing ZRelocateAddRemsetForFlipPromoted using ZWorkerYoung with 5 workers
[5,418s][debug][gc,phases      ] GC(2) Y: Concurrent Relocate Remset FP 2,215ms
[5,418s][info ][gc,phases      ] GC(2) Y: Concurrent Relocate 101,430ms
[5,418s][debug][gc,heap        ] GC(2) Y: Heap After GC invocations=3 (full 2):
[5,418s][debug][gc,heap        ] GC(2) Y:  ZHeap           used 546M, capacity 5120M, max capacity 12288M
[5,418s][debug][gc,heap        ] GC(2) Y:   Cache          4574M (15)
[5,418s][debug][gc,heap        ] GC(2) Y:    size classes  2M (3), 4M (2), 8M (2), 16M (2), 32M (1), 64M (1), 128M (1), 256M (1), 512M (1), 2G (1)
[5,418s][debug][gc,metaspace   ] GC(2) Y: Metaspace After GC invocations=3 (full 2):
[5,418s][debug][gc,metaspace   ] GC(2) Y:  Metaspace       used 33254K, committed 33728K, reserved 1114112K
[5,418s][debug][gc,metaspace   ] GC(2) Y:   class space    used 2611K, committed 2816K, reserved 1048576K
[5,418s][info ][gc,alloc       ] GC(2) Y:                         Mark Start        Mark End      Relocate Start    Relocate End   
[5,418s][info ][gc,alloc       ] GC(2) Y: Allocation Stalls:          0                0                0                0         
[5,418s][info ][gc,load        ] GC(2) Y: Load: 5,31 (27%) / 2,18 (11%) / 1,52 (8%)
[5,418s][info ][gc,mmu         ] GC(2) Y: MMU: 2ms/93,2%, 5ms/97,3%, 10ms/98,6%, 20ms/99,3%, 50ms/99,7%, 100ms/99,9%
[5,418s][info ][gc,marking     ] GC(2) Y: Mark: 4 stripe(s), 10 proactive flush(es), 1 terminate flush(es), 0 completion(s), 0 continuation(s) 
[5,418s][info ][gc,nmethod     ] GC(2) Y: NMethods: 4657 registered, 673 unregistered
[5,418s][info ][gc,metaspace   ] GC(2) Y: Metaspace: 32M used, 32M committed, 1088M reserved
[5,418s][info ][gc,reloc       ] GC(2) Y:                        Candidates     Selected     In-Place         Size        Empty    Relocated 
[5,418s][info ][gc,reloc       ] GC(2) Y: Small Pages:                  853          680            0        1706M          20M         195M 
[5,418s][info ][gc,reloc       ] GC(2) Y: Medium Pages:                   0            0            0           0M           0M           0M 
[5,418s][info ][gc,reloc       ] GC(2) Y: Large Pages:                    0            0            0           0M           0M           0M 
[5,418s][info ][gc,reloc       ] GC(2) Y: Forwarding Usage: 106M
[5,418s][info ][gc,reloc       ] GC(2) Y: Age Table:
[5,418s][info ][gc,reloc       ] GC(2) Y:                    Live             Garbage             Small              Medium             Large        
[5,418s][info ][gc,reloc       ] GC(2) Y: Eden             204M (2%)         1329M (11%)        767 / 641            0 / 0              0 / 0        
[5,418s][info ][gc,reloc       ] GC(2) Y: Survivor 1        77M (1%)           94M (1%)          86 / 39             0 / 0              0 / 0        
[5,418s][info ][gc,heap        ] GC(2) Y: Min Capacity: 5120M(42%)
[5,418s][info ][gc,heap        ] GC(2) Y: Max Capacity: 12288M(100%)
[5,418s][info ][gc,heap        ] GC(2) Y: Soft Max Capacity: 12288M(100%)
[5,418s][info ][gc,heap        ] GC(2) Y: Heap Statistics:
[5,418s][info ][gc,heap        ] GC(2) Y:                Mark Start          Mark End        Relocate Start      Relocate End           High               Low         
[5,418s][info ][gc,heap        ] GC(2) Y:  Capacity:     5120M (42%)        5120M (42%)        5120M (42%)        5120M (42%)        5120M (42%)        5120M (42%)    
[5,418s][info ][gc,heap        ] GC(2) Y:      Free:    10354M (84%)       10330M (84%)       10350M (84%)       11742M (96%)       11742M (96%)       10330M (84%)    
[5,418s][info ][gc,heap        ] GC(2) Y:      Used:     1934M (16%)        1958M (16%)        1938M (16%)         546M (4%)         1958M (16%)         546M (4%)     
[5,418s][info ][gc,heap        ] GC(2) Y: Young Generation Statistics:
[5,418s][info ][gc,heap        ] GC(2) Y:                Mark Start          Mark End        Relocate Start      Relocate End    
[5,418s][info ][gc,heap        ] GC(2) Y:      Used:     1706M (14%)        1730M (14%)        1698M (14%)          24M (0%)     
[5,418s][info ][gc,heap        ] GC(2) Y:      Live:         -               282M (2%)          274M (2%)            0M (0%)     
[5,418s][info ][gc,heap        ] GC(2) Y:   Garbage:         -              1423M (12%)        1399M (11%)           0M (0%)     
[5,418s][info ][gc,heap        ] GC(2) Y: Allocated:         -                24M (0%)           24M (0%)           24M (0%)     
[5,418s][info ][gc,heap        ] GC(2) Y: Reclaimed:         -                  -                23M (0%)         1423M (12%)    
[5,418s][info ][gc,heap        ] GC(2) Y:  Promoted:         -                  -                 8M (0%)          282M (2%)     
[5,418s][info ][gc,heap        ] GC(2) Y: Compacted:         -                  -                  -                 0M (0%)     
[5,418s][info ][gc,phases      ] GC(2) Y: Young Generation (Promote All) 1934M(16%)->546M(4%) 0,252s
[5,418s][debug][gc,heap        ] GC(2) Y: Heap Before GC invocations=3 (full 2):
[5,418s][debug][gc,heap        ] GC(2) Y:  ZHeap           used 546M, capacity 5120M, max capacity 12288M
[5,418s][debug][gc,heap        ] GC(2) Y:   Cache          4574M (15)
[5,418s][debug][gc,heap        ] GC(2) Y:    size classes  2M (3), 4M (2), 8M (2), 16M (2), 32M (1), 64M (1), 128M (1), 256M (1), 512M (1), 2G (1)
[5,418s][debug][gc,metaspace   ] GC(2) Y: Metaspace Before GC invocations=3 (full 2):
[5,418s][debug][gc,metaspace   ] GC(2) Y:  Metaspace       used 33254K, committed 33728K, reserved 1114112K
[5,419s][debug][gc,metaspace   ] GC(2) Y:   class space    used 2611K, committed 2816K, reserved 1048576K
[5,419s][info ][gc,phases      ] GC(2) Y: Young Generation (Collect Roots)
[5,419s][debug][gc,reloc       ] Synchronize all workers 1 _nworkers: 0 _nsynchronized: 0
[5,419s][debug][gc,reloc       ] Synchronize all workers 1 _nworkers: 0 _nsynchronized: 0
[5,419s][debug][gc,phases,start] GC(2) Y: Pause Mark Start (Major)
[5,419s][debug][gc,tlab        ] GC(2) Y: TLAB usage update: used 1534M -> 24M, capacity: 772M -> 547M
[5,419s][debug][gc,marking     ] GC(2) Y: Using 4 mark stripes
[5,419s][debug][gc,marking     ] GC(2) Y: Mark Worker/Stripe Distribution
[5,419s][debug][gc,marking     ] GC(2) Y:   Worker 0(5) -> Stripe 0(4)
[5,419s][debug][gc,marking     ] GC(2) Y:   Worker 1(5) -> Stripe 1(4)
[5,419s][debug][gc,marking     ] GC(2) Y:   Worker 2(5) -> Stripe 2(4)
[5,419s][debug][gc,marking     ] GC(2) Y:   Worker 3(5) -> Stripe 3(4)
[5,419s][debug][gc,marking     ] GC(2) Y:   Worker 4(5) -> Stripe 0(4)
[5,419s][debug][gc,marking     ] GC(2) Y: Using 4 mark stripes
[5,419s][debug][gc,marking     ] GC(2) Y: Mark Worker/Stripe Distribution
[5,419s][debug][gc,marking     ] GC(2) Y:   Worker 0(5) -> Stripe 0(4)
[5,419s][debug][gc,marking     ] GC(2) Y:   Worker 1(5) -> Stripe 1(4)
[5,419s][debug][gc,marking     ] GC(2) Y:   Worker 2(5) -> Stripe 2(4)
[5,419s][debug][gc,marking     ] GC(2) Y:   Worker 3(5) -> Stripe 3(4)
[5,419s][debug][gc,marking     ] GC(2) Y:   Worker 4(5) -> Stripe 0(4)
[5,419s][info ][gc,phases      ] GC(2) Y: Pause Mark Start (Major) 0,093ms
[5,419s][debug][gc,reloc       ] Desynchronize all workers _nworkers: 0 _nsynchronized: 0
[5,419s][debug][gc,reloc       ] Desynchronize all workers _nworkers: 0 _nsynchronized: 0
[5,419s][debug][gc,phases,start] GC(2) Y: Concurrent Mark
[5,419s][debug][gc,phases,start] GC(2) Y: Concurrent Mark Roots
[5,419s][debug][gc,task        ] GC(2) Y: Executing ZMarkYoungRootsTask using ZWorkerYoung with 5 workers
[5,420s][debug][gc,marking     ] GC(2) Y: Resurrection broke termination
[5,421s][debug][gc,tlab        ] GC(2) Y: TLAB totals: thrds: 13  refills: 24 max: 2 slow allocs: 0 max 0 waste: 35,9% gc: 1797368B max: 257576B slow: 6840B max: 688B
[5,421s][debug][gc,phases      ] GC(2) Y: Concurrent Mark Roots 1,818ms
[5,421s][debug][gc,phases,start] GC(2) Y: Concurrent Mark Follow
[5,421s][debug][gc,marking     ] GC(2) Y: Using 4 mark stripes
[5,421s][debug][gc,task        ] GC(2) Y: Executing ZRememberedScanMarkFollowTask using ZWorkerYoung with 5 workers
[5,423s][debug][gc,director    ] Select Minor GC Workers (Not Warm), GCWorkers: 5,000
[5,423s][debug][gc,director    ] Rule Minor: Allocation Rate (Dynamic GC Workers), MaxAllocRate: 509,0MB/s (+/-31,8%), Free: 11700MB, GCCPUTime: 3,576, GCDuration: 0,717s, TimeUntilOOM: 17,441s, TimeUntilGC: 16,724s, GCWorkers: 5
[5,433s][debug][gc,director    ] Select Minor GC Workers (Not Warm), GCWorkers: 5,000
[5,433s][debug][gc,director    ] Rule Minor: Allocation Rate (Dynamic GC Workers), MaxAllocRate: 509,0MB/s (+/-31,8%), Free: 11700MB, GCCPUTime: 3,576, GCDuration: 0,717s, TimeUntilOOM: 17,441s, TimeUntilGC: 16,724s, GCWorkers: 5
[5,443s][debug][gc,director    ] Select Minor GC Workers (Not Warm), GCWorkers: 5,000
[5,443s][debug][gc,director    ] Rule Minor: Allocation Rate (Dynamic GC Workers), MaxAllocRate: 509,0MB/s (+/-31,8%), Free: 11698MB, GCCPUTime: 3,576, GCDuration: 0,717s, TimeUntilOOM: 17,438s, TimeUntilGC: 16,721s, GCWorkers: 5
[5,453s][debug][gc,director    ] Select Minor GC Workers (Not Warm), GCWorkers: 5,000
[5,453s][debug][gc,director    ] Rule Minor: Allocation Rate (Dynamic GC Workers), MaxAllocRate: 509,0MB/s (+/-31,8%), Free: 11696MB, GCCPUTime: 3,576, GCDuration: 0,717s, TimeUntilOOM: 17,435s, TimeUntilGC: 16,718s, GCWorkers: 5
[5,460s][debug][gc,marking     ] GC(2) Y: Using 2 mark stripes
[5,460s][debug][gc,marking     ] GC(2) Y: Using 1 mark stripes
[5,462s][debug][gc,remset      ] GC(2) Y: Remset forwarding retained: 0,000ms count: 0 ZWorkerYoung#2
[5,462s][debug][gc,remset      ] GC(2) Y: Remset forwarding released: 0,000ms count: 0 ZWorkerYoung#2
[5,462s][debug][gc,remset      ] GC(2) Y: Remset forwarding retained: 0,000ms count: 0 ZWorkerYoung#0
[5,462s][debug][gc,remset      ] GC(2) Y: Remset forwarding released: 0,000ms count: 0 ZWorkerYoung#0
[5,462s][debug][gc,remset      ] GC(2) Y: Remset forwarding retained: 0,000ms count: 0 ZWorkerYoung#1
[5,462s][debug][gc,remset      ] GC(2) Y: Remset forwarding released: 0,000ms count: 0 ZWorkerYoung#1
[5,462s][debug][gc,remset      ] GC(2) Y: Remset forwarding retained: 0,000ms count: 0 ZWorkerYoung#3
[5,462s][debug][gc,remset      ] GC(2) Y: Remset forwarding released: 0,000ms count: 0 ZWorkerYoung#3
[5,462s][debug][gc,remset      ] GC(2) Y: Remset forwarding retained: 0,000ms count: 0 ZWorkerYoung#4
[5,462s][debug][gc,remset      ] GC(2) Y: Remset forwarding released: 0,000ms count: 0 ZWorkerYoung#4
[5,463s][debug][gc,phases      ] GC(2) Y: Concurrent Mark Follow 41,973ms
[5,463s][info ][gc,phases      ] GC(2) Y: Concurrent Mark 43,840ms
[5,463s][debug][gc,reloc       ] Synchronize all workers 1 _nworkers: 0 _nsynchronized: 0
[5,463s][debug][gc,reloc       ] Synchronize all workers 1 _nworkers: 0 _nsynchronized: 0
[5,463s][debug][gc,phases,start] GC(2) Y: Pause Mark End
[5,463s][info ][gc,phases      ] GC(2) Y: Pause Mark End 0,017ms
[5,463s][debug][gc,reloc       ] Desynchronize all workers _nworkers: 0 _nsynchronized: 0
[5,463s][debug][gc,reloc       ] Desynchronize all workers _nworkers: 0 _nsynchronized: 0
[5,463s][debug][gc,phases,start] GC(2) Y: Concurrent Mark Free
[5,463s][info ][gc,phases      ] GC(2) Y: Concurrent Mark Free 0,026ms
[5,463s][debug][gc,phases,start] GC(2) Y: Concurrent Reset Relocation Set
[5,463s][info ][gc,phases      ] GC(2) Y: Concurrent Reset Relocation Set 0,050ms
[5,463s][debug][gc,phases,start] GC(2) Y: Concurrent Select Relocation Set
[5,463s][debug][gc,reloc       ] GC(2) Y: Relocation Set (Medium Pages): 0->0, 0 skipped, 0 forwarding entries
[5,463s][debug][gc,reloc       ] GC(2) Y: Relocation Set (Small Pages): 10->1, 0 skipped, 288 forwarding entries
[5,463s][debug][gc,reloc       ] GC(2) Y: Allocated To Garbage: 0,0
[5,463s][debug][gc,reloc       ] GC(2) Y: Young Log Residency: 21,0
[5,463s][debug][gc,reloc       ] GC(2) Y: Life Decay Factor: 1,0
[5,463s][info ][gc,reloc       ] GC(2) Y: Using tenuring threshold: 1 (Computed)
[5,463s][debug][gc,director    ] Select Minor GC Workers (Not Warm), GCWorkers: 5,000
[5,463s][debug][gc,director    ] Rule Minor: Allocation Rate (Dynamic GC Workers), MaxAllocRate: 509,0MB/s (+/-31,8%), Free: 11700MB, GCCPUTime: 3,576, GCDuration: 0,717s, TimeUntilOOM: 17,441s, TimeUntilGC: 16,724s, GCWorkers: 5
[5,466s][debug][gc,task        ] GC(2) Y: Executing ZRelocationSetInstallTask using ZWorkerYoung with 5 workers
[5,466s][debug][gc,task        ] GC(2) Y: Executing ZPromotePagesTask using ZWorkerYoung with 5 workers
[5,466s][debug][gc,task        ] GC(2) Y: Executing ZPromotePagesTask using ZWorkerYoung with 5 workers
[5,466s][debug][gc,task        ] GC(2) Y: Executing ZPromotePagesTask using ZWorkerYoung with 5 workers
[5,466s][info ][gc,phases      ] GC(2) Y: Concurrent Select Relocation Set 3,364ms
[5,466s][debug][gc,reloc       ] Synchronize all workers 1 _nworkers: 0 _nsynchronized: 0
[5,466s][debug][gc,reloc       ] Synchronize all workers 1 _nworkers: 0 _nsynchronized: 0
[5,466s][debug][gc,phases,start] GC(2) Y: Pause Relocate Start
[5,466s][debug][gc,reloc       ] GC(2) Y: Joining workers: 5
[5,466s][info ][gc,phases      ] GC(2) Y: Pause Relocate Start 0,015ms
[5,466s][debug][gc,reloc       ] Desynchronize all workers _nworkers: 0 _nsynchronized: 0
[5,466s][debug][gc,reloc       ] Desynchronize all workers _nworkers: 5 _nsynchronized: 0
[5,466s][debug][gc,phases,start] GC(2) Y: Concurrent Relocate
[5,466s][debug][gc,task        ] GC(2) Y: Executing ZRelocateStoreBufferInstallBasePointersTask using ZWorkerYoung with 5 workers
[5,467s][debug][gc,task        ] GC(2) Y: Executing ZRelocateTask using ZWorkerYoung with 5 workers
[5,467s][debug][gc,reloc       ] GC(2) Y: Leaving workers: left: 4 _synchronize: 0 _nsynchronized: 0
[5,467s][debug][gc,reloc       ] GC(2) Y: Leaving workers: left: 3 _synchronize: 0 _nsynchronized: 0
[5,467s][debug][gc,reloc       ] GC(2) Y: Leaving workers: left: 2 _synchronize: 0 _nsynchronized: 0
[5,467s][debug][gc,reloc       ] GC(2) Y: Leaving workers: left: 1 _synchronize: 0 _nsynchronized: 0
[5,467s][debug][gc,reloc       ] GC(2) Y: Leaving workers: left: 0 _synchronize: 0 _nsynchronized: 0
[5,467s][debug][gc,phases,start] GC(2) Y: Concurrent Relocate Remset FP
[5,467s][debug][gc,task        ] GC(2) Y: Executing ZRelocateAddRemsetForFlipPromoted using ZWorkerYoung with 5 workers
[5,467s][debug][gc,phases      ] GC(2) Y: Concurrent Relocate Remset FP 0,036ms
[5,467s][info ][gc,phases      ] GC(2) Y: Concurrent Relocate 0,574ms
[5,467s][debug][gc,heap        ] GC(2) Y: Heap After GC invocations=4 (full 3):
[5,467s][debug][gc,heap        ] GC(2) Y:  ZHeap           used 536M, capacity 5120M, max capacity 12288M
[5,467s][debug][gc,heap        ] GC(2) Y:   Cache          4584M (12)
[5,467s][debug][gc,heap        ] GC(2) Y:    size classes  2M (1), 4M (2), 8M (3), 16M (1), 32M (1), 64M (1), 128M (1), 512M (1), 2G (1)
[5,467s][debug][gc,metaspace   ] GC(2) Y: Metaspace After GC invocations=4 (full 3):
[5,467s][debug][gc,metaspace   ] GC(2) Y:  Metaspace       used 33254K, committed 33728K, reserved 1114112K
[5,467s][debug][gc,metaspace   ] GC(2) Y:   class space    used 2611K, committed 2816K, reserved 1048576K
[5,467s][info ][gc,alloc       ] GC(2) Y:                         Mark Start        Mark End      Relocate Start    Relocate End   
[5,467s][info ][gc,alloc       ] GC(2) Y: Allocation Stalls:          0                0                0                0         
[5,467s][info ][gc,load        ] GC(2) Y: Load: 5,31 (27%) / 2,18 (11%) / 1,52 (8%)
[5,467s][info ][gc,mmu         ] GC(2) Y: MMU: 2ms/93,2%, 5ms/97,3%, 10ms/98,6%, 20ms/99,3%, 50ms/99,7%, 100ms/99,9%
[5,467s][info ][gc,marking     ] GC(2) Y: Mark: 4 stripe(s), 1 proactive flush(es), 1 terminate flush(es), 0 completion(s), 0 continuation(s) 
[5,467s][info ][gc,nmethod     ] GC(2) Y: NMethods: 4657 registered, 673 unregistered
[5,467s][info ][gc,metaspace   ] GC(2) Y: Metaspace: 32M used, 32M committed, 1088M reserved
[5,467s][info ][gc,reloc       ] GC(2) Y:                        Candidates     Selected     In-Place         Size        Empty    Relocated 
[5,467s][info ][gc,reloc       ] GC(2) Y: Small Pages:                   12            9            0          24M           4M           0M 
[5,467s][info ][gc,reloc       ] GC(2) Y: Medium Pages:                   0            0            0           0M           0M           0M 
[5,467s][info ][gc,reloc       ] GC(2) Y: Large Pages:                    0            0            0           0M           0M           0M 
[5,467s][info ][gc,reloc       ] GC(2) Y: Forwarding Usage: 0M
[5,467s][info ][gc,reloc       ] GC(2) Y: Age Table:
[5,467s][info ][gc,reloc       ] GC(2) Y:                    Live             Garbage             Small              Medium             Large        
[5,467s][info ][gc,reloc       ] GC(2) Y: Eden               0M (0%)           23M (0%)          12 / 9              0 / 0              0 / 0        
[5,467s][info ][gc,heap        ] GC(2) Y: Min Capacity: 5120M(42%)
[5,467s][info ][gc,heap        ] GC(2) Y: Max Capacity: 12288M(100%)
[5,467s][info ][gc,heap        ] GC(2) Y: Soft Max Capacity: 12288M(100%)
[5,467s][info ][gc,heap        ] GC(2) Y: Heap Statistics:
[5,467s][info ][gc,heap        ] GC(2) Y:                Mark Start          Mark End        Relocate Start      Relocate End           High               Low         
[5,467s][info ][gc,heap        ] GC(2) Y:  Capacity:     5120M (42%)        5120M (42%)        5120M (42%)        5120M (42%)        5120M (42%)        5120M (42%)    
[5,467s][info ][gc,heap        ] GC(2) Y:      Free:    11742M (96%)       11738M (96%)       11742M (96%)       11752M (96%)       11752M (96%)       11736M (96%)    
[5,467s][info ][gc,heap        ] GC(2) Y:      Used:      546M (4%)          550M (4%)          546M (4%)          536M (4%)          552M (4%)          536M (4%)     
[5,467s][info ][gc,heap        ] GC(2) Y: Young Generation Statistics:
[5,467s][info ][gc,heap        ] GC(2) Y:                Mark Start          Mark End        Relocate Start      Relocate End    
[5,467s][info ][gc,heap        ] GC(2) Y:      Used:       24M (0%)           28M (0%)           24M (0%)           14M (0%)     
[5,467s][info ][gc,heap        ] GC(2) Y:      Live:         -                 0M (0%)            0M (0%)            0M (0%)     
[5,467s][info ][gc,heap        ] GC(2) Y:   Garbage:         -                23M (0%)           19M (0%)            0M (0%)     
[5,467s][info ][gc,heap        ] GC(2) Y: Allocated:         -                 4M (0%)            4M (0%)           13M (0%)     
[5,467s][info ][gc,heap        ] GC(2) Y: Reclaimed:         -                  -                 4M (0%)           23M (0%)     
[5,467s][info ][gc,heap        ] GC(2) Y:  Promoted:         -                  -                 0M (0%)            0M (0%)     
[5,467s][info ][gc,heap        ] GC(2) Y: Compacted:         -                  -                  -                 0M (0%)     
[5,467s][info ][gc,phases      ] GC(2) Y: Young Generation (Collect Roots) 546M(4%)->536M(4%) 0,049s
[5,467s][debug][gc,heap        ] GC(2) O: Heap Before GC invocations=4 (full 3):
[5,467s][debug][gc,heap        ] GC(2) O:  ZHeap           used 536M, capacity 5120M, max capacity 12288M
[5,467s][debug][gc,heap        ] GC(2) O:   Cache          4584M (12)
[5,467s][debug][gc,heap        ] GC(2) O:    size classes  2M (1), 4M (2), 8M (3), 16M (1), 32M (1), 64M (1), 128M (1), 512M (1), 2G (1)
[5,467s][debug][gc,metaspace   ] GC(2) O: Metaspace Before GC invocations=4 (full 3):
[5,467s][debug][gc,metaspace   ] GC(2) O:  Metaspace       used 33254K, committed 33728K, reserved 1114112K
[5,467s][debug][gc,metaspace   ] GC(2) O:   class space    used 2611K, committed 2816K, reserved 1048576K
[5,467s][info ][gc,phases      ] GC(2) O: Old Generation
[5,467s][debug][gc,phases,start] GC(2) O: Concurrent Mark
[5,467s][debug][gc,phases,start] GC(2) O: Concurrent Mark Roots
[5,467s][debug][gc,task        ] GC(2) O: Executing ZMarkOldRootsTask using ZWorkerOld with 5 workers
[5,468s][debug][gc,tlab        ] GC(2) O: TLAB totals: thrds: 2  refills: 2 max: 1 slow allocs: 0 max 0 waste: 93,7% gc: 4976B max: 2488B slow: 0B max: 0B
[5,468s][debug][gc,phases      ] GC(2) O: Concurrent Mark Roots 0,181ms
[5,468s][debug][gc,phases,start] GC(2) O: Concurrent Mark Follow
[5,468s][debug][gc,marking     ] GC(2) O: Using 4 mark stripes
[5,468s][debug][gc,task        ] GC(2) O: Executing ZMarkTask using ZWorkerOld with 5 workers
[5,568s][debug][gc,marking     ] GC(2) O: Using 2 mark stripes
[5,572s][debug][gc,marking     ] GC(2) O: Using 4 mark stripes
[5,575s][debug][gc,marking     ] GC(2) O: Using 2 mark stripes
[5,575s][debug][gc,marking     ] GC(2) O: Using 1 mark stripes
[5,576s][debug][gc,marking     ] GC(2) O: Using 2 mark stripes
[5,576s][debug][gc,marking     ] GC(2) O: Using 4 mark stripes
[5,577s][debug][gc,marking     ] GC(2) O: Using 2 mark stripes
[5,578s][debug][gc,marking     ] GC(2) O: Using 1 mark stripes
[5,622s][debug][gc,marking     ] GC(2) O: Try terminate after resurrection
[5,622s][debug][gc,phases      ] GC(2) O: Concurrent Mark Follow 154,677ms
[5,622s][info ][gc,phases      ] GC(2) O: Concurrent Mark 154,880ms
[5,622s][debug][gc,reloc       ] Synchronize all workers 1 _nworkers: 0 _nsynchronized: 0
[5,622s][debug][gc,reloc       ] Synchronize all workers 1 _nworkers: 0 _nsynchronized: 0
[5,622s][debug][gc,phases,start] GC(2) O: Pause Mark End
[5,622s][info ][gc,phases      ] GC(2) O: Pause Mark End 0,017ms
[5,622s][debug][gc,reloc       ] Desynchronize all workers _nworkers: 0 _nsynchronized: 0
[5,622s][debug][gc,reloc       ] Desynchronize all workers _nworkers: 0 _nsynchronized: 0
[5,622s][debug][gc,phases,start] GC(2) O: Concurrent Mark Free
[5,622s][info ][gc,phases      ] GC(2) O: Concurrent Mark Free 0,013ms
[5,622s][debug][gc,phases,start] GC(2) O: Concurrent Process Non-Strong
[5,622s][debug][gc,phases,start] GC(2) O: Concurrent References Process
[5,622s][debug][gc,task        ] GC(2) O: Executing ZReferenceProcessorTask using ZWorkerOld with 5 workers
[5,632s][debug][gc,phases      ] GC(2) O: Concurrent References Process 9,628ms
[5,632s][debug][gc,task        ] GC(2) O: Executing ZProcessWeakRootsTask using ZWorkerOld with 5 workers
[5,632s][debug][gc,phases,start] GC(2) O: Concurrent Classes Unlink
[5,632s][debug][gc,phases,start] GC(2) O: ClassLoaderData
[5,632s][debug][gc,phases      ] GC(2) O: ClassLoaderData 0,087ms
[5,632s][debug][gc,phases,start] GC(2) O: Trigger cleanups
[5,632s][debug][gc,phases      ] GC(2) O: Trigger cleanups 0,009ms
[5,635s][debug][gc,task        ] GC(2) O: Executing ZNMethodUnlinkTask using ZWorkerOld with 5 workers
[5,635s][debug][gc,nmethod     ] GC(2) O: Unregister NMethod: io.sirix.index.path.summary.PathSummaryWriter.getPathNodeKey (0x000071df3f4e2288) [0x000071df3f4e2380, 0x000071df3f4e6190] 
[5,635s][debug][gc,nmethod     ] GC(2) O: Unregister NMethod: com.sun.org.apache.xerces.internal.impl.XMLStreamReaderImpl.getProperty (0x000071df3fecd108) [0x000071df3fecd200, 0x000071df3fecda30] 
[5,635s][debug][gc,nmethod     ] GC(2) O: Unregister NMethod: io.sirix.access.trx.node.AbstractNodeReadOnlyTrx.hasFirstChild (0x000071df3fb44408) [0x000071df3fb44500, 0x000071df3fb44d08] 
[5,635s][debug][gc,nmethod     ] GC(2) O: Unregister NMethod: io.sirix.access.trx.page.NodePageTrx.prepareRecordForModification (0x000071df5ed2fe88) [0x000071df5ed2ff80, 0x000071df5ed312f0] 
[5,635s][debug][gc,nmethod     ] GC(2) O: Unregister NMethod: com.sun.org.apache.xerces.internal.util.NamespaceSupport.pushContext (0x000071df3fda3188) [0x000071df3fda3280, 0x000071df3fda35f0] 
[5,635s][debug][gc,nmethod     ] GC(2) O: Unregister NMethod: io.sirix.index.path.summary.PathSummaryReader.hasFirstChild (0x000071df3ff16588) [0x000071df3ff16680, 0x000071df3ff16e08] 
[5,635s][debug][gc,nmethod     ] GC(2) O: Unregister NMethod: io.sirix.node.NodeSerializerImpl.deserialize (0x000071df402a5788) [0x000071df402a5880, 0x000071df402a5ce8] 
[5,635s][debug][gc,nmethod     ] GC(2) O: Unregister NMethod: io.sirix.index.path.summary.PathSummaryReader.putMapping (0x000071df5ed7e208) [0x000071df5ed7e300, 0x000071df5ed7e618] 
[5,635s][debug][gc,nmethod     ] GC(2) O: Unregister NMethod: io.sirix.access.trx.node.xml.XmlNodeTrxImpl.insertElementAsFirstChild (0x000071df5edde888) [0x000071df5edde980, 0x000071df5eddfd28] 
[5,635s][debug][gc,nmethod     ] GC(2) O: Unregister NMethod: java.nio.channels.spi.AbstractInterruptibleChannel.begin (0x000071df5ed1c488) [0x000071df5ed1c580, 0x000071df5ed1cd70] 
[5,635s][debug][gc,nmethod     ] GC(2) O: Unregister NMethod: jdk.internal.ref.PhantomCleanable.<init> (0x000071df3f4d7988) [0x000071df3f4d7a80, 0x000071df3f4d8c70] 
[5,635s][debug][gc,nmethod     ] GC(2) O: Unregister NMethod: com.sun.org.apache.xerces.internal.xni.XMLString.append (0x000071df5edbd708) [0x000071df5edbd800, 0x000071df5edbdb60] 
[5,635s][debug][gc,nmethod     ] GC(2) O: Unregister NMethod: com.sun.xml.internal.stream.events.DummyEvent.<init> (0x000071df3fe57708) [0x000071df3fe57800, 0x000071df3fe57a20] 
[5,635s][debug][gc,nmethod     ] GC(2) O: Unregister NMethod: io.sirix.settings.VersioningType$4.combineRecordPages (0x000071df4029e088) [0x000071df4029e180, 0x000071df402a2a10] 
[5,635s][debug][gc,nmethod     ] GC(2) O: Unregister NMethod: io.sirix.access.trx.node.AbstractNodeHashing.adaptHashesWithAdd (0x000071df5ede3e08) [0x000071df5ede4240, 0x000071df5edf7228] 
[5,635s][debug][gc,nmethod     ] GC(2) O: Unregister NMethod: io.sirix.service.xml.shredder.XmlShredder.insertNewContent (0x000071df40096c08) [0x000071df40096d00, 0x000071df4009e378] 
[5,635s][debug][gc,nmethod     ] GC(2) O: Unregister NMethod: java.lang.foreign.MemorySegment.copy (0x000071df40113588) [0x000071df40113680, 0x000071df40123f88] 
[5,635s][debug][gc,nmethod     ] GC(2) O: Unregister NMethod: io.sirix.index.path.summary.PathSummaryReader.moveTo (0x000071df5ed59b88) [0x000071df5ed59c80, 0x000071df5ed59ec0] 
[5,635s][debug][gc,nmethod     ] GC(2) O: Unregister NMethod: io.sirix.node.xml.ElementNode.setFirstChildKey (0x000071df3ff66a08) [0x000071df3ff66b00, 0x000071df3ff6bc28] 
[5,635s][debug][gc,nmethod     ] GC(2) O: Unregister NMethod: java.util.stream.AbstractPipeline.isParallel (0x000071df3f70b308) [0x000071df3f70b400, 0x000071df3f70b538] 
[5,635s][debug][gc,nmethod     ] GC(2) O: Unregister NMethod: io.sirix.access.trx.page.NodePageTrx.createNameKey (0x000071df5ed7bf88) [0x000071df5ed7c080, 0x000071df5ed7c4c8] 
[5,635s][debug][gc,nmethod     ] GC(2) O: Unregister NMethod: io.sirix.node.xml.TextNode.hasRightSibling (0x000071df3fc5cc08) [0x000071df3fc5cd00, 0x000071df3fc62138] 
[5,635s][debug][gc,nmethod     ] GC(2) O: Unregister NMethod: com.google.common.base.Preconditions.checkArgument (0x000071df3f57b488) [0x000071df3f57b580, 0x000071df3f57ba00] 
[5,635s][debug][gc,nmethod     ] GC(2) O: Unregister NMethod: io.sirix.access.trx.node.AbstractNodeReadOnlyTrx.getFirstChildKey (0x000071df3fb74008) [0x000071df3fb74100, 0x000071df3fb74908] 
[5,635s][debug][gc,nmethod     ] GC(2) O: Unregister NMethod: io.sirix.node.NodeSerializerImpl.serialize (0x000071df5ee35c88) [0x000071df5ee35d80, 0x000071df5ee36360] 
[5,635s][debug][gc,nmethod     ] GC(2) O: Unregister NMethod: io.sirix.page.PageUtils.fixupPageReferenceIds (0x000071df5ed16c08) [0x000071df5ed16d00, 0x000071df5ed18100] 
[5,635s][debug][gc,nmethod     ] GC(2) O: Unregister NMethod: com.sun.xml.internal.stream.events.XMLEventAllocatorImpl.fillNamespaceAttributes (0x000071df3ff02008) [0x000071df3ff02100, 0x000071df3ff027b0] 
[5,635s][debug][gc,nmethod     ] GC(2) O: Unregister NMethod: io.sirix.node.xml.AttributeNode.getKind (0x000071df40146488) [0x000071df40146580, 0x000071df401468a0] 
[5,635s][debug][gc,nmethod     ] GC(2) O: Unregister NMethod: io.sirix.node.NodeKind$2.serialize (0x000071df401b1388) [0x000071df401b1480, 0x000071df401d5e00] 
[5,635s][debug][gc,nmethod     ] GC(2) O: Unregister NMethod: com.sun.org.apache.xerces.internal.impl.XMLDocumentFragmentScannerImpl$FragmentContentDriver.next (0x000071df4006f508) [0x000071df4006f600, 0x000071df4007d400] 
[5,635s][debug][gc,nmethod     ] GC(2) O: Unregister NMethod: com.sun.org.apache.xerces.internal.xni.XMLString.append (0x000071df3f81ae88) [0x000071df3f81af80, 0x000071df3f81b458] 
[5,635s][debug][gc,nmethod     ] GC(2) O: Unregister NMethod: jdk.internal.foreign.SegmentFactories.allocateMemoryWrapper (0x000071df3faa0708) [0x000071df3faa0800, 0x000071df3faa0bb8] 
[5,635s][debug][gc,nmethod     ] GC(2) O: Unregister NMethod: io.sirix.axis.AbstractAxis.tryToComputeNext (0x000071df5ed43208) [0x000071df5ed43300, 0x000071df5ed43f10] 
[5,635s][debug][gc,nmethod     ] GC(2) O: Unregister NMethod: io.sirix.index.path.summary.PathSummaryWriter.getPathNodeKey (0x000071df5ed7ef88) [0x000071df5ed7f080, 0x000071df5ed80880] 
[5,635s][debug][gc,nmethod     ] GC(2) O: Unregister NMethod: sun.nio.ch.IOUtil.read (0x000071df3f4c4b88) [0x000071df3f4c4c80, 0x000071df3f4c5c08] 
[5,635s][debug][gc,nmethod     ] GC(2) O: Unregister NMethod: jdk.xml.internal.XMLLimitAnalyzer.addValue (0x000071df5ed67508) [0x000071df5ed67600, 0x000071df5ed67808] 
[5,635s][debug][gc,nmethod     ] GC(2) O: Unregister NMethod: io.sirix.axis.filter.FilterAxis.<init> (0x000071df3fd26308) [0x000071df3fd26400, 0x000071df3fd28f88] 
[5,635s][debug][gc,nmethod     ] GC(2) O: Unregister NMethod: io.sirix.access.trx.RevisionEpochTracker.minActiveRevision (0x000071df5ee2eb08) [0x000071df5ee2ec00, 0x000071df5ee2fd30] 
[5,635s][debug][gc,nmethod     ] GC(2) O: Unregister NMethod: io.sirix.axis.filter.FilterAxis.nextKey (0x000071df5ed9b408) [0x000071df5ed9b500, 0x000071df5ed9c860] 
[5,635s][debug][gc,nmethod     ] GC(2) O: Unregister NMethod: com.sun.org.apache.xerces.internal.impl.XMLStreamReaderImpl.next (0x000071df3f435408) [0x000071df3f435500, 0x000071df3f437d58] 
[5,635s][debug][gc,nmethod     ] GC(2) O: Unregister NMethod: java.lang.String.getBytes (0x000071df3fe4db88) [0x000071df3fe4dc80, 0x000071df3fe4e118] 
[5,635s][debug][gc,nmethod     ] GC(2) O: Unregister NMethod: com.sun.org.apache.xerces.internal.impl.XMLStreamReaderImpl.hasNext (0x000071df3fe3a288) [0x000071df3fe3a380, 0x000071df3fe3a528] 
[5,635s][debug][gc,nmethod     ] GC(2) O: Unregister NMethod: io.sirix.access.trx.node.xml.XmlNodeTrxImpl.insertElementAsFirstChild (0x000071df3f82ca88) [0x000071df3f82cb80, 0x000071df3f8316b0] 
[5,635s][debug][gc,nmethod     ] GC(2) O: Unregister NMethod: sun.nio.ch.FileChannelImpl.readInternal (0x000071df3f488188) [0x000071df3f488280, 0x000071df3f48a2a0] 
[5,635s][debug][gc,nmethod     ] GC(2) O: Unregister NMethod: io.sirix.node.GrowingMemorySegment.grow (0x000071df5ee3f888) [0x000071df5ee3f980, 0x000071df5ee41348] 
[5,635s][debug][gc,nmethod     ] GC(2) O: Unregister NMethod: io.sirix.access.trx.page.NodePageReadOnlyTrx.getPathSummaryPage (0x000071df3fda4988) [0x000071df3fda4a80, 0x000071df3fda5a58] 
[5,635s][debug][gc,nmethod     ] GC(2) O: Unregister NMethod: java.lang.invoke.DirectMethodHandle.internalMemberName (0x000071df3f689288) [0x000071df3f689380, 0x000071df3f6896a0] 
[5,635s][debug][gc,nmethod     ] GC(2) O: Unregister NMethod: io.sirix.page.PageReference.setResourceId (0x000071df3f5df588) [0x000071df3f5df680, 0x000071df3f5df790] 
[5,635s][debug][gc,nmethod     ] GC(2) O: Unregister NMethod: io.sirix.cache.ShardedPageCache.getAndGuard (0x000071df3fa53208) [0x000071df3fa53300, 0x000071df3fa53750] 
[5,635s][debug][gc,nmethod     ] GC(2) O: Unregister NMethod: jdk.internal.foreign.MemorySessionImpl$ResourceList.cleanup (0x000071df40217688) [0x000071df40217780, 0x000071df40217f18] 
[5,635s][debug][gc,nmethod     ] GC(2) O: Unregister NMethod: jdk.internal.util.ArraysSupport.mismatch (0x000071df3f8c3b08) [0x000071df3f8c3c00, 0x000071df3f8c3fb8] 
[5,635s][debug][gc,nmethod     ] GC(2) O: Unregister NMethod: jdk.internal.misc.VM.isDirectMemoryPageAligned (0x000071df3f527f88) [0x000071df3f528080, 0x000071df3f528360] 
[5,635s][debug][gc,nmethod     ] GC(2) O: Unregister NMethod: java.nio.channels.spi.AbstractInterruptibleChannel.isOpen (0x000071df3f95fb88) [0x000071df3f95fc80, 0x000071df3f95fdd0] 
[5,635s][debug][gc,nmethod     ] GC(2) O: Unregister NMethod: io.sirix.index.name.Names.setName (0x000071df5ed8aa08) [0x000071df5ed8ab00, 0x000071df5ed8d270] 
[5,635s][debug][gc,nmethod     ] GC(2) O: Unregister NMethod: io.sirix.page.KeyValueLeafPage.setSlot (0x000071df4029dd88) [0x000071df4029de80, 0x000071df4029e028] 
[5,635s][debug][gc,nmethod     ] GC(2) O: Unregister NMethod: io.sirix.axis.ChildAxis.reset (0x000071df3ff08488) [0x000071df3ff08580, 0x000071df3ff08768] 
[5,635s][debug][gc,nmethod     ] GC(2) O: Unregister NMethod: sun.nio.ch.FileChannelImpl.ensureOpen (0x000071df3f456a88) [0x000071df3f456b80, 0x000071df3f456f98] 
[5,635s][debug][gc,nmethod     ] GC(2) O: Unregister NMethod: io.sirix.access.trx.page.NodePageReadOnlyTrx.getRecordPage (0x000071df5ed12a88) [0x000071df5ed12b80, 0x000071df5ed14560] 
[5,635s][debug][gc,nmethod     ] GC(2) O: Unregister NMethod: com.sun.org.apache.xerces.internal.impl.XMLStreamReaderImpl.getText (0x000071df5ed78408) [0x000071df5ed78500, 0x000071df5ed78a10] 
[5,635s][debug][gc,nmethod     ] GC(2) O: Unregister NMethod: java.util.concurrent.atomic.AtomicInteger.<init> (0x000071df3f998408) [0x000071df3f998500, 0x000071df3f9986c0] 
[5,635s][debug][gc,nmethod     ] GC(2) O: Unregister NMethod: io.sirix.node.json.JsonNodeSerializer.readSizePrefix (0x000071df402c0988) [0x000071df402c0a80, 0x000071df402c0ca0] 
[5,635s][debug][gc,nmethod     ] GC(2) O: Unregister NMethod: it.unimi.dsi.fastutil.ints.Int2LongOpenHashMap.get (0x000071df5ed78a88) [0x000071df5ed78b80, 0x000071df5ed78ee0] 
[5,635s][debug][gc,nmethod     ] GC(2) O: Unregister NMethod: io.sirix.index.path.summary.PathSummaryReader.putMapping (0x000071df3ff38708) [0x000071df3ff38800, 0x000071df3ff39238] 
[5,635s][debug][gc,nmethod     ] GC(2) O: Unregister NMethod: io.sirix.axis.DescendantAxis.hasNextNode (0x000071df402bf388) [0x000071df402bf480, 0x000071df402c03e8] 
[5,635s][debug][gc,nmethod     ] GC(2) O: Unregister NMethod: io.sirix.axis.filter.FilterAxis.<init> (0x000071df5ed86808) [0x000071df5ed86900, 0x000071df5ed87c90] 
[5,635s][debug][gc,nmethod     ] GC(2) O: Unregister NMethod: io.sirix.access.trx.node.AbstractNodeReadOnlyTrx.getLeftSiblingKey (0x000071df3fc55b08) [0x000071df3fc55c00, 0x000071df3fc56408] 
[5,635s][debug][gc,nmethod     ] GC(2) O: Unregister NMethod: java.nio.Bits.reserveMemory (0x000071df5ed1d388) [0x000071df5ed1d480, 0x000071df5ed1d628] 
[5,635s][debug][gc,nmethod     ] GC(2) O: Unregister NMethod: io.sirix.settings.VersioningType$4.combineRecordPages (0x000071df3fdff088) [0x000071df3fdff180, 0x000071df3fe03ce0] 
[5,635s][debug][gc,nmethod     ] GC(2) O: Unregister NMethod: net.jpountz.lz4.LZ4BlockInputStream.read (0x000071df3f481c88) [0x000071df3f481d80, 0x000071df3f482660] 
[5,635s][debug][gc,nmethod     ] GC(2) O: Unregister NMethod: io.sirix.access.trx.page.NodePageReadOnlyTrx.getPageReference (0x000071df3fb07b08) [0x000071df3fb07c00, 0x000071df3fb10ca8] 
[5,635s][debug][gc,nmethod     ] GC(2) O: Unregister NMethod: jdk.internal.misc.ScopedMemoryAccess.getLongUnaligned (0x000071df5ecd6308) [0x000071df5ecd6400, 0x000071df5ecd65b8] 
[5,635s][debug][gc,nmethod     ] GC(2) O: Unregister NMethod: sun.security.provider.DigestBase.engineUpdate (0x000071df401e4108) [0x000071df401e4200, 0x000071df401e53e0] 
[5,635s][debug][gc,nmethod     ] GC(2) O: Unregister NMethod: io.sirix.access.trx.page.NodePageReadOnlyTrx$PageReferenceToPage.<init> (0x000071df3fa59c88) [0x000071df3fa59d80, 0x000071df3fa5a028] 
[5,635s][debug][gc,nmethod     ] GC(2) O: Unregister NMethod: com.sun.org.apache.xerces.internal.impl.PropertyManager.getProperty (0x000071df3fed2008) [0x000071df3fed2100, 0x000071df3fed3bc0] 
[5,635s][debug][gc,nmethod     ] GC(2) O: Unregister NMethod: io.sirix.index.path.summary.PathSummaryReader.getNodeKey (0x000071df5ed49708) [0x000071df5ed49800, 0x000071df5ed49980] 
[5,635s][debug][gc,nmethod     ] GC(2) O: Unregister NMethod: jdk.internal.foreign.SegmentFactories.ensureInitialized (0x000071df3f774b88) [0x000071df3f774c80, 0x000071df3f774d60] 
[5,636s][debug][gc,nmethod     ] GC(2) O: Unregister NMethod: com.sun.xml.internal.stream.events.XMLEventAllocatorImpl.getXMLEvent (0x000071df5ed57f08) [0x000071df5ed58020, 0x000071df5ed59810] 
[5,636s][debug][gc,nmethod     ] GC(2) O: Unregister NMethod: java.lang.Long.numberOfTrailingZeros (0x000071df3fd42608) [0x000071df3fd42700, 0x000071df3fd428a8] 
[5,636s][debug][gc,nmethod     ] GC(2) O: Unregister NMethod: com.sun.org.apache.xerces.internal.impl.XMLStreamReaderImpl.getNamespaceCount (0x000071df3fec7288) [0x000071df3fec7380, 0x000071df3fec7a78] 
[5,636s][debug][gc,nmethod     ] GC(2) O: Unregister NMethod: com.sun.org.apache.xerces.internal.impl.XMLNSDocumentScannerImpl.scanStartElement (0x000071df5ed91d88) [0x000071df5ed91e80, 0x000071df5ed94120] 
[5,636s][debug][gc,nmethod     ] GC(2) O: Unregister NMethod: java.lang.String.compareTo (0x000071df3fe35288) [0x000071df3fe35380, 0x000071df3fe35bb0] 
[5,636s][debug][gc,nmethod     ] GC(2) O: Unregister NMethod: io.sirix.node.MemorySegmentBytesIn.readStopBit (0x000071df402ab888) [0x000071df402ab980, 0x000071df402abbb0] 
[5,636s][debug][gc,nmethod     ] GC(2) O: Unregister NMethod: io.sirix.access.trx.page.NodePageReadOnlyTrx.getRecordPage (0x000071df5ee74108) [0x000071df5ee74200, 0x000071df5ee75b80] 
[5,636s][debug][gc,nmethod     ] GC(2) O: Unregister NMethod: io.sirix.node.NodeSerializerImpl.serialize (0x000071df40278588) [0x000071df40278680, 0x000071df402790a0] 
[5,636s][debug][gc,nmethod     ] GC(2) O: Unregister NMethod: io.sirix.node.xml.AbstractStructForwardingNode.hasRightSibling (0x000071df5ed62b08) [0x000071df5ed62c00, 0x000071df5ed62d18] 
[5,636s][debug][gc,nmethod     ] GC(2) O: Unregister NMethod: io.sirix.node.MemorySegmentBytesIn.read (0x000071df3f578508) [0x000071df3f578600, 0x000071df3f578758] 
[5,636s][debug][gc,nmethod     ] GC(2) O: Unregister NMethod: io.sirix.page.KeyValueLeafPage.processEntries (0x000071df401e8608) [0x000071df401e8700, 0x000071df401fcbf8] 
[5,636s][debug][gc,nmethod     ] GC(2) O: Unregister NMethod: java.lang.Integer.numberOfTrailingZeros (0x000071df3fbd3488) [0x000071df3fbd3580, 0x000071df3fbd3798] 
[5,636s][debug][gc,nmethod     ] GC(2) O: Unregister NMethod: io.sirix.page.SerializationType$1.deserializeBitmapReferencesPage (0x000071df3fc35e08) [0x000071df3fc35f00, 0x000071df3fc37918] 
[5,636s][debug][gc,nmethod     ] GC(2) O: Unregister NMethod: io.sirix.node.NodeKind$1.serialize (0x000071df40146908) [0x000071df40146a00, 0x000071df401819c8] 
[5,636s][debug][gc,nmethod     ] GC(2) O: Unregister NMethod: java.util.BitSet.and (0x000071df3f454c88) [0x000071df3f454d80, 0x000071df3f4551d0] 
[5,636s][debug][gc,nmethod     ] GC(2) O: Unregister NMethod: io.sirix.node.NodeKind$4.serialize (0x000071df40186c08) [0x000071df40186d00, 0x000071df401a1478] 
[5,636s][debug][gc,nmethod     ] GC(2) O: Unregister NMethod: java.util.HashMap$KeySet.iterator (0x000071df3f43ae08) [0x000071df3f43af00, 0x000071df3f43b280] 
[5,636s][debug][gc,nmethod     ] GC(2) O: Unregister NMethod: io.sirix.page.KeyValueLeafPage.setDeweyId (0x000071df3fbdc788) [0x000071df3fbdc880, 0x000071df3fbdcad8] 
[5,636s][debug][gc,nmethod     ] GC(2) O: Unregister NMethod: io.sirix.node.MemorySegmentBytesIn.getUnderlying (0x000071df3fe89c08) [0x000071df3fe89d00, 0x000071df3fe8a2e8] 
[5,636s][debug][gc,nmethod     ] GC(2) O: Unregister NMethod: org.magicwerk.brownies.collections.GapList.doEnsureCapacity (0x000071df400b6408) [0x000071df400b6500, 0x000071df400b6da8] 
[5,636s][debug][gc,nmethod     ] GC(2) O: Unregister NMethod: net.jpountz.lz4.LZ4BlockOutputStream.writeIntLE (0x000071df3fbc0508) [0x000071df3fbc0600, 0x000071df3fbc0788] 
[5,636s][debug][gc,nmethod     ] GC(2) O: Unregister NMethod: java.lang.ref.Finalizer.register (0x000071df3f80b808) [0x000071df3f80b900, 0x000071df3f80baa0] 
[5,636s][debug][gc,nmethod     ] GC(2) O: Unregister NMethod: it.unimi.dsi.fastutil.ints.Int2LongOpenHashMap.get (0x000071df3f507a08) [0x000071df3f507b00, 0x000071df3f508050] 
[5,636s][debug][gc,nmethod     ] GC(2) O: Unregister NMethod: com.sun.xml.internal.stream.events.DummyEvent.setLocation (0x000071df3fe58408) [0x000071df3fe58500, 0x000071df3fe58798] 
[5,636s][debug][gc,nmethod     ] GC(2) O: Unregister NMethod: io.sirix.access.trx.RevisionEpochTracker.minActiveRevision (0x000071df5ee1ba08) [0x000071df5ee1bb00, 0x000071df5ee1bf90] 
[5,636s][debug][gc,nmethod     ] GC(2) O: Unregister NMethod: it.unimi.dsi.fastutil.ints.Int2ObjectOpenHashMap.get (0x000071df5ed78f08) [0x000071df5ed79000, 0x000071df5ed79478] 
[5,636s][debug][gc,nmethod     ] GC(2) O: Unregister NMethod: io.sirix.access.trx.page.NodePageReadOnlyTrx.getRecordPage (0x000071df402c1988) [0x000071df402c1a80, 0x000071df402ccf78] 
[5,636s][debug][gc,nmethod     ] GC(2) O: Unregister NMethod: sun.nio.ch.IOUtil.readIntoNativeBuffer (0x000071df3f482688) [0x000071df3f482780, 0x000071df3f484e08] 
[5,636s][debug][gc,nmethod     ] GC(2) O: Unregister NMethod: java.util.concurrent.locks.AbstractQueuedSynchronizer.compareAndSetState (0x000071df3f81b508) [0x000071df3f81b600, 0x000071df3f81b718] 
[5,636s][debug][gc,nmethod     ] GC(2) O: Unregister NMethod: java.util.concurrent.ConcurrentHashMap$BaseIterator.hasNext (0x000071df3f67b908) [0x000071df3f67ba00, 0x000071df3f67bb80] 
[5,636s][debug][gc,nmethod     ] GC(2) O: Unregister NMethod: io.sirix.access.trx.node.AbstractNodeReadOnlyTrx.hasRightSibling (0x000071df3fb45208) [0x000071df3fb45300, 0x000071df3fb45b08] 
[5,636s][debug][gc,nmethod     ] GC(2) O: Unregister NMethod: java.nio.DirectByteBuffer.address (0x000071df5ed91488) [0x000071df5ed91580, 0x000071df5ed91748] 
[5,636s][debug][gc,nmethod     ] GC(2) O: Unregister NMethod: io.sirix.access.trx.page.NodePageReadOnlyTrx.getResourceSession (0x000071df3fd29308) [0x000071df3fd29400, 0x000071df3fd29870] 
[5,636s][debug][gc,nmethod     ] GC(2) O: Unregister NMethod: io.sirix.axis.AbstractAxis.<init> (0x000071df3fed3c08) [0x000071df3fed3d00, 0x000071df3fed4750] 
[5,636s][debug][gc,nmethod     ] GC(2) O: Unregister NMethod: it.unimi.dsi.fastutil.ints.Int2ObjectOpenHashMap.get (0x000071df3f43bc08) [0x000071df3f43bd00, 0x000071df3f43c370] 
[5,636s][debug][gc,nmethod     ] GC(2) O: Unregister NMethod: it.unimi.dsi.fastutil.longs.LongArrayList.initArrayFromCapacity (0x000071df402bc508) [0x000071df402bc600, 0x000071df402bd748] 
[5,636s][debug][gc,nmethod     ] GC(2) O: Unregister NMethod: jdk.xml.internal.XMLSecurityManager$Limit.is (0x000071df3fe0cb88) [0x000071df3fe0cc80, 0x000071df3fe0d290] 
[5,636s][debug][gc,nmethod     ] GC(2) O: Unregister NMethod: io.sirix.page.PageReference.setDatabaseId (0x000071df3f5a5488) [0x000071df3f5a5580, 0x000071df3f5a5690] 
[5,636s][debug][gc,nmethod     ] GC(2) O: Unregister NMethod: jdk.internal.foreign.SegmentFactories.allocateNativeInternal (0x000071df5edbcb08) [0x000071df5edbcc20, 0x000071df5edbd6d0] 
[5,636s][debug][gc,nmethod     ] GC(2) O: Unregister NMethod: jdk.internal.foreign.ArenaImpl.allocate (0x000071df5ed5b888) [0x000071df5ed5b980, 0x000071df5ed5c550] 
[5,636s][debug][gc,nmethod     ] GC(2) O: Unregister NMethod: io.sirix.node.NodeKind$4.deserialize (0x000071df402cd008) [0x000071df402cd100, 0x000071df402cecb8] 
[5,636s][debug][gc,nmethod     ] GC(2) O: Unregister NMethod: io.sirix.access.trx.node.xml.XmlNodeReadOnlyTrxImpl.getLocalNameKey (0x000071df402bdd88) [0x000071df402bde80, 0x000071df402bed48] 
[5,636s][debug][gc,nmethod     ] GC(2) O: Unregister NMethod: io.sirix.axis.filter.xml.XmlNameFilter.filter (0x000071df402bab88) [0x000071df402bac80, 0x000071df402bc0c8] 
[5,636s][debug][gc,nmethod     ] GC(2) O: Unregister NMethod: io.sirix.cache.ShardedPageCache.getAndGuard (0x000071df3fa52888) [0x000071df3fa52980, 0x000071df3fa531e8] 
[5,636s][debug][gc,nmethod     ] GC(2) O: Unregister NMethod: io.sirix.axis.filter.FilterAxis.reset (0x000071df3ff0b588) [0x000071df3ff0b680, 0x000071df3ff0bad0] 
[5,636s][debug][gc,nmethod     ] GC(2) O: Unregister NMethod: io.sirix.node.Utils.putVarLong (0x000071df40100a88) [0x000071df40100b80, 0x000071df40100cd0] 
[5,636s][debug][gc,nmethod     ] GC(2) O: Unregister NMethod: java.nio.Bits.tryReserveMemory (0x000071df5ed1a408) [0x000071df5ed1a500, 0x000071df5ed1a688] 
[5,636s][debug][gc,nmethod     ] GC(2) O: Unregister NMethod: java.util.concurrent.ConcurrentHashMap.compute (0x000071df5ed05a08) [0x000071df5ed05ba0, 0x000071df5ed0aef8] 
[5,636s][debug][gc,nmethod     ] GC(2) O: Unregister NMethod: io.sirix.page.KeyValueLeafPage.markAccessed (0x000071df3f80c708) [0x000071df3f80c800, 0x000071df3f80c910] 
[5,636s][debug][gc,nmethod     ] GC(2) O: Unregister NMethod: java.nio.MappedByteBuffer.flip (0x000071df3f4c5c88) [0x000071df3f4c5d80, 0x000071df3f4c6170] 
[5,636s][debug][gc,nmethod     ] GC(2) O: Unregister NMethod: java.io.OutputStream.flush (0x000071df3fd66f88) [0x000071df3fd67080, 0x000071df3fd67180] 
[5,636s][debug][gc,nmethod     ] GC(2) O: Unregister NMethod: java.util.BitSet.nextSetBit (0x000071df402a2a88) [0x000071df402a2b80, 0x000071df402a3b70] 
[5,636s][debug][gc,nmethod     ] GC(2) O: Unregister NMethod: jdk.internal.misc.Blocker.begin (0x000071df3f7c1608) [0x000071df3f7c1700, 0x000071df3f7c1858] 
[5,636s][debug][gc,nmethod     ] GC(2) O: Unregister NMethod: io.sirix.node.GrowingMemorySegment.<init> (0x000071df5ed62e08) [0x000071df5ed62f00, 0x000071df5ed63b90] 
[5,636s][debug][gc,nmethod     ] GC(2) O: Unregister NMethod: com.sun.org.apache.xerces.internal.impl.XMLEntityScanner.skipSpaces (0x000071df5edbdb88) [0x000071df5edbdc80, 0x000071df5edbe158] 
[5,636s][debug][gc,nmethod     ] GC(2) O: Unregister NMethod: io.sirix.cache.PageGuard.page (0x000071df402b9f08) [0x000071df402ba000, 0x000071df402ba1f0] 
[5,636s][debug][gc,nmethod     ] GC(2) O: Unregister NMethod: com.sun.org.apache.xerces.internal.impl.XMLStreamReaderImpl.getLocation (0x000071df3fe57a88) [0x000071df3fe57b80, 0x000071df3fe57d28] 
[5,636s][debug][gc,nmethod     ] GC(2) O: Unregister NMethod: io.sirix.access.trx.node.AbstractNodeHashing.adaptHashesWithAdd (0x000071df3ffdfc08) [0x000071df3ffdfd00, 0x000071df3ffe01d8] 
[5,636s][debug][gc,nmethod     ] GC(2) O: Unregister NMethod: io.sirix.node.xml.AbstractStructForwardingNode.hasFirstChild (0x000071df5ed7db08) [0x000071df5ed7dc00, 0x000071df5ed7dd18] 
[5,636s][debug][gc,nmethod     ] GC(2) O: Unregister NMethod: io.sirix.page.PageKind$1.deserializePage (0x000071df402e7708) [0x000071df402e7800, 0x000071df402eb880] 
[5,636s][debug][gc,nmethod     ] GC(2) O: Unregister NMethod: sun.nio.ch.UnixFileDispatcherImpl.pread (0x000071df3f4c3d08) [0x000071df3f4c3e00, 0x000071df3f4c3f40] 
[5,636s][debug][gc,nmethod     ] GC(2) O: Unregister NMethod: io.sirix.access.trx.page.NodePageReadOnlyTrx.getDataRecord (0x000071df402a6b88) [0x000071df402a6c80, 0x000071df402a7a88] 
[5,636s][debug][gc,nmethod     ] GC(2) O: Unregister NMethod: jdk.internal.foreign.MemorySessionImpl.checkValidState (0x000071df3f946c88) [0x000071df3f946d80, 0x000071df3f947868] 
[5,636s][debug][gc,nmethod     ] GC(2) O: Unregister NMethod: io.sirix.node.xml.ElementNode.getKind (0x000071df40113108) [0x000071df40113200, 0x000071df40113520] 
[5,636s][debug][gc,nmethod     ] GC(2) O: Unregister NMethod: io.sirix.axis.AbstractAxis.<init> (0x000071df5ed62288) [0x000071df5ed62380, 0x000071df5ed62af0] 
[5,636s][debug][gc,nmethod     ] GC(2) O: Unregister NMethod: io.sirix.node.xml.ElementNode.getAttributeKey (0x000071df400cbb08) [0x000071df400cbc00, 0x000071df400cc018] 
[5,636s][debug][gc,nmethod     ] GC(2) O: Unregister NMethod: io.sirix.page.PageKind$1.serializePage (0x000071df3fdebc08) [0x000071df3fdebd00, 0x000071df3fdf9638] 
[5,636s][debug][gc,nmethod     ] GC(2) O: Unregister NMethod: com.sun.xml.internal.stream.events.XMLEventAllocatorImpl.fillNamespaceAttributes (0x000071df3ff75d08) [0x000071df3ff75e00, 0x000071df3ff764b0] 
[5,636s][debug][gc,nmethod     ] GC(2) O: Unregister NMethod: jdk.internal.util.DecimalDigits.uncheckedPutCharLatin1 (0x000071df3f784708) [0x000071df3f784800, 0x000071df3f784900] 
[5,636s][debug][gc,nmethod     ] GC(2) O: Unregister NMethod: java.util.ArrayList.isEmpty (0x000071df3f517c08) [0x000071df3f517d00, 0x000071df3f517e50] 
[5,636s][debug][gc,nmethod     ] GC(2) O: Unregister NMethod: io.sirix.index.path.summary.PathSummaryReader.getStructuralNode (0x000071df3fe2cb08) [0x000071df3fe2cc00, 0x000071df3fe2cfb8] 
[5,636s][debug][gc,nmethod     ] GC(2) O: Unregister NMethod: io.sirix.node.xml.TextNode.<init> (0x000071df402c1508) [0x000071df402c1600, 0x000071df402c1900] 
[5,636s][debug][gc,nmethod     ] GC(2) O: Unregister NMethod: io.sirix.page.delegates.BitmapReferencesPage.getOrCreateReference (0x000071df5ed4f188) [0x000071df5ed4f280, 0x000071df5ed4fb00] 
[5,636s][debug][gc,nmethod     ] GC(2) O: Unregister NMethod: io.sirix.access.trx.node.xml.XmlNodeReadOnlyTrxImpl.isNameNode (0x000071df402ba208) [0x000071df402ba300, 0x000071df402bab38] 
[5,636s][debug][gc,nmethod     ] GC(2) O: Unregister NMethod: io.sirix.node.xml.AbstractStructForwardingNode.hasFirstChild (0x000071df402acb88) [0x000071df402acc80, 0x000071df402ad228] 
[5,636s][debug][gc,nmethod     ] GC(2) O: Unregister NMethod: io.sirix.index.path.summary.PathSummaryReader.hasRightSibling (0x000071df3fec8288) [0x000071df3fec8380, 0x000071df3fec8b08] 
[5,636s][debug][gc,nmethod     ] GC(2) O: Unregister NMethod: com.sun.org.apache.xerces.internal.impl.XMLEntityScanner.skipSpaces (0x000071df3f4bf708) [0x000071df3f4bf800, 0x000071df3f4c0a90] 
[5,636s][debug][gc,nmethod     ] GC(2) O: Unregister NMethod: io.sirix.node.Bytes.elasticOffHeapByteBuffer (0x000071df3fe82708) [0x000071df3fe82800, 0x000071df3fe83148] 
[5,636s][debug][gc,nmethod     ] GC(2) O: Unregister NMethod: com.sun.org.apache.xerces.internal.util.NamespaceSupport.pushContext (0x000071df5ed6cb08) [0x000071df5ed6cc00, 0x000071df5ed6cd40] 
[5,636s][debug][gc,nmethod     ] GC(2) O: Unregister NMethod: io.sirix.axis.AbstractAxis.tryToComputeNext (0x000071df402b9688) [0x000071df402b9780, 0x000071df402b9eb0] 
[5,636s][debug][gc,nmethod     ] GC(2) O: Unregister NMethod: io.sirix.axis.DescendantAxis.nextKey (0x000071df3fb85788) [0x000071df3fb85880, 0x000071df3fb87e60] 
[5,636s][debug][gc,nmethod     ] GC(2) O: Unregister NMethod: net.jpountz.lz4.LZ4BlockInputStream.tryReadFully (0x000071df3f54c988) [0x000071df3f54ca80, 0x000071df3f54d000] 
[5,636s][debug][gc,nmethod     ] GC(2) O: Unregister NMethod: io.sirix.page.NamePage.setName (0x000071df3f51e308) [0x000071df3f51e400, 0x000071df3f51f9a0] 
[5,636s][debug][gc,nmethod     ] GC(2) O: Unregister NMethod: org.magicwerk.brownies.collections.GapList.doAdd (0x000071df400bca88) [0x000071df400bcb80, 0x000071df400beb40] 
[5,636s][debug][gc,nmethod     ] GC(2) O: Unregister NMethod: io.sirix.node.xml.ElementNode.setRightSiblingKey (0x000071df3ffba208) [0x000071df3ffba300, 0x000071df3ffbf428] 
[5,636s][debug][gc,nmethod     ] GC(2) O: Unregister NMethod: jdk.internal.foreign.SegmentFactories.allocateNativeSegment (0x000071df5ed5ac08) [0x000071df5ed5ad20, 0x000071df5ed5b878] 
[5,636s][debug][gc,nmethod     ] GC(2) O: Unregister NMethod: java.nio.ByteBuffer.flip (0x000071df3f5f3a88) [0x000071df3f5f3b80, 0x000071df3f5f3cf8] 
[5,636s][debug][gc,nmethod     ] GC(2) O: Unregister NMethod: io.sirix.index.path.summary.PathSummaryReader.getPathNode (0x000071df3fe79488) [0x000071df3fe79580, 0x000071df3fe79c68] 
[5,636s][debug][gc,nmethod     ] GC(2) O: Unregister NMethod: jdk.internal.foreign.SegmentFactories$1.<init> (0x000071df3fab1488) [0x000071df3fab1580, 0x000071df3fab1750] 
[5,636s][debug][gc,nmethod     ] GC(2) O: Unregister NMethod: io.sirix.axis.filter.FilterAxis.nextKey (0x000071df402d4608) [0x000071df402d4700, 0x000071df402d5d10] 
[5,636s][debug][gc,nmethod     ] GC(2) O: Unregister NMethod: com.sun.xml.internal.stream.events.XMLEventAllocatorImpl.getXMLEvent (0x000071df3feab588) [0x000071df3feab680, 0x000071df3feb3640] 
[5,636s][debug][gc,nmethod     ] GC(2) O: Unregister NMethod: jdk.internal.misc.Blocker.end (0x000071df3f7c2d88) [0x000071df3f7c2e80, 0x000071df3f7c32f8] 
[5,636s][debug][gc,nmethod     ] GC(2) O: Unregister NMethod: java.io.ByteArrayInputStream.read (0x000071df3f94ab08) [0x000071df3f94ac00, 0x000071df3f94b2e8] 
[5,636s][debug][gc,nmethod     ] GC(2) O: Unregister NMethod: io.sirix.access.trx.page.NodePageTrx.prepareRecordForModification (0x000071df3f41e908) [0x000071df3f41ea00, 0x000071df3f420888] 
[5,636s][debug][gc,nmethod     ] GC(2) O: Unregister NMethod: jdk.internal.foreign.ArenaImpl.allocate (0x000071df5ed59f08) [0x000071df5ed5a000, 0x000071df5ed5abd0] 
[5,636s][debug][gc,nmethod     ] GC(2) O: Unregister NMethod: java.nio.channels.spi.AbstractInterruptibleChannel.end (0x000071df5ed1d688) [0x000071df5ed1d780, 0x000071df5ed1def8] 
[5,636s][debug][gc,nmethod     ] GC(2) O: Unregister NMethod: java.nio.HeapByteBuffer.getLong (0x000071df402d7408) [0x000071df402d7500, 0x000071df402d8fc8] 
[5,636s][debug][gc,nmethod     ] GC(2) O: Unregister NMethod: com.sun.org.apache.xerces.internal.impl.XMLNSDocumentScannerImpl.scanStartElement (0x000071df3f9a2588) [0x000071df3f9a2680, 0x000071df3f9ab620] 
[5,636s][debug][gc,nmethod     ] GC(2) O: Unregister NMethod: io.sirix.page.NamePage.setName (0x000071df5ed7de08) [0x000071df5ed7df00, 0x000071df5ed7e1d0] 
[5,636s][debug][gc,nmethod     ] GC(2) O: Unregister NMethod: io.sirix.node.xml.TextNode.getKind (0x000071df4013a408) [0x000071df4013a500, 0x000071df4013a820] 
[5,636s][debug][gc,nmethod     ] GC(2) O: Unregister NMethod: io.sirix.index.path.summary.PathSummaryReader.getFirstChildKey (0x000071df3feffc08) [0x000071df3feffd00, 0x000071df3ff00480] 
[5,637s][debug][gc,nmethod     ] GC(2) O: Unregister NMethod: io.sirix.index.path.summary.PathSummaryReader.getRightSiblingKey (0x000071df3fecda88) [0x000071df3fecdb80, 0x000071df3fece300] 
[5,637s][debug][gc,nmethod     ] GC(2) O: Unregister NMethod: com.sun.org.apache.xerces.internal.impl.XMLEntityScanner.checkNodeCount (0x000071df3fed4788) [0x000071df3fed4880, 0x000071df3fed4a48] 
[5,637s][debug][gc,nmethod     ] GC(2) O: Unregister NMethod: java.lang.Byte.hashCode (0x000071df3f835308) [0x000071df3f835400, 0x000071df3f835558] 
[5,637s][debug][gc,nmethod     ] GC(2) O: Unregister NMethod: jdk.internal.foreign.GlobalSession.acquire0 (0x000071df3fbe0488) [0x000071df3fbe0580, 0x000071df3fbe0680] 
[5,637s][debug][gc,nmethod     ] GC(2) O: Unregister NMethod: jdk.xml.internal.XMLSecurityManager.isOverLimit (0x000071df5ed57588) [0x000071df5ed57680, 0x000071df5ed578e8] 
[5,637s][debug][gc,nmethod     ] GC(2) O: Unregister NMethod: io.sirix.node.MemorySegmentBytesOut.clear (0x000071df3f5e2088) [0x000071df3f5e2180, 0x000071df3f5e2338] 
[5,637s][debug][gc,nmethod     ] GC(2) O: Unregister NMethod: io.sirix.access.trx.node.xml.XmlNodeTrxImpl.adaptForInsert (0x000071df3f4cf788) [0x000071df3f4cf880, 0x000071df3f4d2628] 
[5,637s][debug][gc,nmethod     ] GC(2) O: Unregister NMethod: jdk.internal.foreign.GlobalSession.release0 (0x000071df3fbe0788) [0x000071df3fbe0880, 0x000071df3fbe0980] 
[5,637s][debug][gc,nmethod     ] GC(2) O: Unregister NMethod: io.sirix.node.NodeKind$1.deserialize (0x000071df402ced08) [0x000071df402cee00, 0x000071df402d2448] 
[5,637s][debug][gc,nmethod     ] GC(2) O: Unregister NMethod: io.sirix.access.trx.page.NodePageReadOnlyTrx.getMostRecentPage (0x000071df3fad6a08) [0x000071df3fad6b00, 0x000071df3fad7418] 
[5,637s][debug][gc,nmethod     ] GC(2) O: Unregister NMethod: java.util.BitSet.flip (0x000071df3f40bd08) [0x000071df3f40be00, 0x000071df3f40c408] 
[5,637s][debug][gc,nmethod     ] GC(2) O: Unregister NMethod: net.jpountz.lz4.LZ4BlockInputStream.refill (0x000071df5ece8108) [0x000071df5ece8200, 0x000071df5ecea6f8] 
[5,637s][debug][gc,nmethod     ] GC(2) O: Unregister NMethod: io.sirix.access.trx.node.AbstractNodeReadOnlyTrx.getRightSiblingKey (0x000071df3fc3af08) [0x000071df3fc3b000, 0x000071df3fc3b808] 
[5,637s][debug][gc,nmethod     ] GC(2) O: Unregister NMethod: io.sirix.index.name.Names.setName (0x000071df3fe4a288) [0x000071df3fe4a380, 0x000071df3fe4c570] 
[5,637s][debug][gc,nmethod     ] GC(2) O: Unregister NMethod: com.sun.org.apache.xerces.internal.impl.XMLStreamReaderImpl.next (0x000071df5ed53208) [0x000071df5ed53300, 0x000071df5ed535f0] 
[5,637s][debug][gc,nmethod     ] GC(2) O: Unregister NMethod: io.sirix.access.trx.node.xml.XmlNodeTrxImpl.adaptForInsert (0x000071df5ed80908) [0x000071df5ed80a00, 0x000071df5ed83b58] 
[5,637s][debug][gc,nmethod     ] GC(2) O: Unregister NMethod: java.util.ArrayList.<init> (0x000071df3f5f4d08) [0x000071df3f5f4e00, 0x000071df3f5f5e18] 
[5,637s][debug][gc,nmethod     ] GC(2) O: Unregister NMethod: java.util.HashMap.keySet (0x000071df3f43b608) [0x000071df3f43b700, 0x000071df3f43bb88] 
[5,637s][debug][gc,nmethod     ] GC(2) O: Unregister NMethod: io.sirix.axis.ChildAxis.nextKey (0x000071df3fe56588) [0x000071df3fe56680, 0x000071df3fe576b0] 
[5,637s][debug][gc,nmethod     ] GC(2) O: Unregister NMethod: java.util.BitSet.checkRange (0x000071df3f6a0d88) [0x000071df3f6a0e80, 0x000071df3f6a3808] 
[5,637s][debug][gc,nmethod     ] GC(2) O: Unregister NMethod: io.sirix.index.path.summary.PathSummaryReader.moveTo (0x000071df402aa788) [0x000071df402aa880, 0x000071df402ab570] 
[5,637s][debug][gc,nmethod     ] GC(2) O: Unregister NMethod: sun.nio.ch.IOUtil.read (0x000071df3f4c6188) [0x000071df3f4c6280, 0x000071df3f4c63a8] 
[5,637s][debug][gc,nmethod     ] GC(2) O: Unregister NMethod: jdk.xml.internal.JdkProperty$ImplPropMap.is (0x000071df3fea8988) [0x000071df3fea8a80, 0x000071df3fea9348] 
[5,637s][debug][gc,nmethod     ] GC(2) O: Unregister NMethod: jdk.internal.foreign.MemorySessionImpl$ResourceList.cleanup (0x000071df40217f88) [0x000071df40218080, 0x000071df402187b0] 
[5,637s][debug][gc,nmethod     ] GC(2) O: Unregister NMethod: jdk.internal.foreign.Utils.checkAllocationSizeAndAlign (0x000071df3faa3988) [0x000071df3faa3a80, 0x000071df3faa4d10] 
[5,637s][debug][gc,nmethod     ] GC(2) O: Unregister NMethod: io.sirix.node.xml.AbstractStructForwardingNode.hasRightSibling (0x000071df3f422f88) [0x000071df3f423080, 0x000071df3f423628] 
[5,637s][debug][gc,nmethod     ] GC(2) O: Unregister NMethod: io.sirix.node.xml.ElementNode.<init> (0x000071df402c0d08) [0x000071df402c0e00, 0x000071df402c1118] 
[5,637s][debug][gc,nmethod     ] GC(2) O: Unregister NMethod: io.sirix.cache.ShardedPageCache$$Lambda/0x00000000ae2548a8.apply (0x000071df3fa51b88) [0x000071df3fa51c80, 0x000071df3fa52850] 
[5,637s][debug][gc,nmethod     ] GC(2) O: Unregister NMethod: jdk.internal.foreign.Utils.alignUp (0x000071df3faa3688) [0x000071df3faa3780, 0x000071df3faa3878] 
[5,637s][debug][gc,nmethod     ] GC(2) O: Unregister NMethod: net.jpountz.util.SafeUtils.checkRange (0x000071df3f412908) [0x000071df3f412a00, 0x000071df3f412f38] 
[5,637s][debug][gc,nmethod     ] GC(2) O: Unregister NMethod: io.sirix.index.path.summary.PathSummaryReader.getNodeKey (0x000071df3ff26f88) [0x000071df3ff27080, 0x000071df3ff27518] 
[5,637s][debug][gc,nmethod     ] GC(2) O: Unregister NMethod: io.sirix.axis.DescendantAxis.nextKey (0x000071df5ee87808) [0x000071df5ee87900, 0x000071df5ee8a0a8] 
[5,637s][debug][gc,nmethod     ] GC(2) O: Unregister NMethod: io.sirix.page.KeyValueLeafPage.processEntries (0x000071df40201f88) [0x000071df40202080, 0x000071df40216628] 
[5,637s][debug][gc,nmethod     ] GC(2) O: Unregister NMethod: io.sirix.access.trx.page.NodePageReadOnlyTrx.getRecordPage (0x000071df402dad08) [0x000071df402dae00, 0x000071df402e62f8] 
[5,637s][debug][gc,nmethod     ] GC(2) O: Unregister NMethod: com.sun.org.apache.xerces.internal.impl.XMLStreamReaderImpl.getText (0x000071df4006a988) [0x000071df4006aa80, 0x000071df4006cf78] 
[5,637s][debug][gc,nmethod     ] GC(2) O: Unregister NMethod: com.sun.xml.internal.stream.events.XMLEventAllocatorImpl.setNamespaceContext (0x000071df3ff01a08) [0x000071df3ff01b00, 0x000071df3ff01f90] 
[5,637s][debug][gc,nmethod     ] GC(2) O: Unregister NMethod: io.sirix.access.trx.RevisionEpochTracker.minActiveRevision (0x000071df3fa69708) [0x000071df3fa69800, 0x000071df3fa6b068] 
[5,637s][debug][gc,phases      ] GC(2) O: Concurrent Classes Unlink 4,602ms
[5,637s][debug][gc,phases,start] GC(2) O: Concurrent Classes Purge
[5,637s][debug][gc,nmethod     ] GC(2) O: Purge NMethod: com.sun.org.apache.xerces.internal.impl.XMLStreamReaderImpl.getProperty (0x000071df3fecd108) [0x000071df3fecd200, 0x000071df3fecda30] 
[5,637s][debug][gc,nmethod     ] GC(2) O: Purge NMethod: io.sirix.index.path.summary.PathSummaryReader.hasFirstChild (0x000071df3ff16588) [0x000071df3ff16680, 0x000071df3ff16e08] 
[5,637s][debug][gc,nmethod     ] GC(2) O: Purge NMethod: io.sirix.node.NodeSerializerImpl.deserialize (0x000071df402a5788) [0x000071df402a5880, 0x000071df402a5ce8] 
[5,637s][debug][gc,nmethod     ] GC(2) O: Purge NMethod: com.sun.org.apache.xerces.internal.xni.XMLString.append (0x000071df5edbd708) [0x000071df5edbd800, 0x000071df5edbdb60] 
[5,637s][debug][gc,nmethod     ] GC(2) O: Purge NMethod: java.lang.foreign.MemorySegment.copy (0x000071df40113588) [0x000071df40113680, 0x000071df40123f88] 
[5,637s][debug][gc,nmethod     ] GC(2) O: Purge NMethod: io.sirix.node.xml.TextNode.hasRightSibling (0x000071df3fc5cc08) [0x000071df3fc5cd00, 0x000071df3fc62138] 
[5,637s][debug][gc,nmethod     ] GC(2) O: Purge NMethod: io.sirix.node.NodeKind$2.serialize (0x000071df401b1388) [0x000071df401b1480, 0x000071df401d5e00] 
[5,637s][debug][gc,nmethod     ] GC(2) O: Purge NMethod: io.sirix.axis.AbstractAxis.tryToComputeNext (0x000071df5ed43208) [0x000071df5ed43300, 0x000071df5ed43f10] 
[5,637s][debug][gc,nmethod     ] GC(2) O: Purge NMethod: io.sirix.axis.filter.FilterAxis.<init> (0x000071df3fd26308) [0x000071df3fd26400, 0x000071df3fd28f88] 
[5,637s][debug][gc,nmethod     ] GC(2) O: Purge NMethod: io.sirix.access.trx.page.NodePageReadOnlyTrx.getPathSummaryPage (0x000071df3fda4988) [0x000071df3fda4a80, 0x000071df3fda5a58] 
[5,637s][debug][gc,nmethod     ] GC(2) O: Purge NMethod: io.sirix.cache.ShardedPageCache.getAndGuard (0x000071df3fa53208) [0x000071df3fa53300, 0x000071df3fa53750] 
[5,637s][debug][gc,nmethod     ] GC(2) O: Purge NMethod: jdk.internal.misc.VM.isDirectMemoryPageAligned (0x000071df3f527f88) [0x000071df3f528080, 0x000071df3f528360] 
[5,637s][debug][gc,nmethod     ] GC(2) O: Purge NMethod: io.sirix.axis.ChildAxis.reset (0x000071df3ff08488) [0x000071df3ff08580, 0x000071df3ff08768] 
[5,637s][debug][gc,nmethod     ] GC(2) O: Purge NMethod: com.sun.org.apache.xerces.internal.impl.XMLStreamReaderImpl.getText (0x000071df5ed78408) [0x000071df5ed78500, 0x000071df5ed78a10] 
[5,637s][debug][gc,nmethod     ] GC(2) O: Purge NMethod: io.sirix.node.json.JsonNodeSerializer.readSizePrefix (0x000071df402c0988) [0x000071df402c0a80, 0x000071df402c0ca0] 
[5,637s][debug][gc,nmethod     ] GC(2) O: Purge NMethod: io.sirix.axis.DescendantAxis.hasNextNode (0x000071df402bf388) [0x000071df402bf480, 0x000071df402c03e8] 
[5,637s][debug][gc,nmethod     ] GC(2) O: Purge NMethod: io.sirix.settings.VersioningType$4.combineRecordPages (0x000071df3fdff088) [0x000071df3fdff180, 0x000071df3fe03ce0] 
[5,637s][debug][gc,nmethod     ] GC(2) O: Purge NMethod: io.sirix.access.trx.page.NodePageReadOnlyTrx$PageReferenceToPage.<init> (0x000071df3fa59c88) [0x000071df3fa59d80, 0x000071df3fa5a028] 
[5,637s][debug][gc,nmethod     ] GC(2) O: Purge NMethod: java.lang.Long.numberOfTrailingZeros (0x000071df3fd42608) [0x000071df3fd42700, 0x000071df3fd428a8] 
[5,637s][debug][gc,nmethod     ] GC(2) O: Purge NMethod: java.lang.Integer.numberOfTrailingZeros (0x000071df3fbd3488) [0x000071df3fbd3580, 0x000071df3fbd3798] 
[5,637s][debug][gc,nmethod     ] GC(2) O: Purge NMethod: java.util.BitSet.and (0x000071df3f454c88) [0x000071df3f454d80, 0x000071df3f4551d0] 
[5,637s][debug][gc,nmethod     ] GC(2) O: Purge NMethod: io.sirix.page.KeyValueLeafPage.setDeweyId (0x000071df3fbdc788) [0x000071df3fbdc880, 0x000071df3fbdcad8] 
[5,637s][debug][gc,nmethod     ] GC(2) O: Purge NMethod: io.sirix.node.MemorySegmentBytesIn.getUnderlying (0x000071df3fe89c08) [0x000071df3fe89d00, 0x000071df3fe8a2e8] 
[5,637s][debug][gc,nmethod     ] GC(2) O: Purge NMethod: com.sun.xml.internal.stream.events.DummyEvent.setLocation (0x000071df3fe58408) [0x000071df3fe58500, 0x000071df3fe58798] 
[5,637s][debug][gc,nmethod     ] GC(2) O: Purge NMethod: io.sirix.access.trx.node.AbstractNodeReadOnlyTrx.hasRightSibling (0x000071df3fb45208) [0x000071df3fb45300, 0x000071df3fb45b08] 
[5,637s][debug][gc,nmethod     ] GC(2) O: Purge NMethod: io.sirix.axis.AbstractAxis.<init> (0x000071df3fed3c08) [0x000071df3fed3d00, 0x000071df3fed4750] 
[5,637s][debug][gc,nmethod     ] GC(2) O: Purge NMethod: jdk.xml.internal.XMLSecurityManager$Limit.is (0x000071df3fe0cb88) [0x000071df3fe0cc80, 0x000071df3fe0d290] 
[5,637s][debug][gc,nmethod     ] GC(2) O: Purge NMethod: io.sirix.node.NodeKind$4.deserialize (0x000071df402cd008) [0x000071df402cd100, 0x000071df402cecb8] 
[5,637s][debug][gc,nmethod     ] GC(2) O: Purge NMethod: java.nio.MappedByteBuffer.flip (0x000071df3f4c5c88) [0x000071df3f4c5d80, 0x000071df3f4c6170] 
[5,637s][debug][gc,nmethod     ] GC(2) O: Purge NMethod: com.sun.org.apache.xerces.internal.impl.XMLEntityScanner.skipSpaces (0x000071df5edbdb88) [0x000071df5edbdc80, 0x000071df5edbe158] 
[5,637s][debug][gc,nmethod     ] GC(2) O: Purge NMethod: io.sirix.access.trx.node.AbstractNodeHashing.adaptHashesWithAdd (0x000071df3ffdfc08) [0x000071df3ffdfd00, 0x000071df3ffe01d8] 
[5,637s][debug][gc,nmethod     ] GC(2) O: Purge NMethod: io.sirix.access.trx.page.NodePageReadOnlyTrx.getDataRecord (0x000071df402a6b88) [0x000071df402a6c80, 0x000071df402a7a88] 
[5,637s][debug][gc,nmethod     ] GC(2) O: Purge NMethod: io.sirix.page.PageKind$1.serializePage (0x000071df3fdebc08) [0x000071df3fdebd00, 0x000071df3fdf9638] 
[5,637s][debug][gc,nmethod     ] GC(2) O: Purge NMethod: io.sirix.page.delegates.BitmapReferencesPage.getOrCreateReference (0x000071df5ed4f188) [0x000071df5ed4f280, 0x000071df5ed4fb00] 
[5,637s][debug][gc,nmethod     ] GC(2) O: Purge NMethod: com.sun.org.apache.xerces.internal.impl.XMLEntityScanner.skipSpaces (0x000071df3f4bf708) [0x000071df3f4bf800, 0x000071df3f4c0a90] 
[5,637s][debug][gc,nmethod     ] GC(2) O: Purge NMethod: jdk.internal.foreign.SegmentFactories.allocateNativeSegment (0x000071df5ed5ac08) [0x000071df5ed5ad20, 0x000071df5ed5b878] 
[5,637s][debug][gc,nmethod     ] GC(2) O: Purge NMethod: com.sun.xml.internal.stream.events.XMLEventAllocatorImpl.getXMLEvent (0x000071df3feab588) [0x000071df3feab680, 0x000071df3feb3640] 
[5,637s][debug][gc,nmethod     ] GC(2) O: Purge NMethod: io.sirix.access.trx.page.NodePageTrx.prepareRecordForModification (0x000071df3f41e908) [0x000071df3f41ea00, 0x000071df3f420888] 
[5,637s][debug][gc,nmethod     ] GC(2) O: Purge NMethod: jdk.internal.foreign.ArenaImpl.allocate (0x000071df5ed59f08) [0x000071df5ed5a000, 0x000071df5ed5abd0] 
[5,637s][debug][gc,nmethod     ] GC(2) O: Purge NMethod: io.sirix.index.path.summary.PathSummaryReader.getFirstChildKey (0x000071df3feffc08) [0x000071df3feffd00, 0x000071df3ff00480] 
[5,637s][debug][gc,nmethod     ] GC(2) O: Purge NMethod: jdk.xml.internal.XMLSecurityManager.isOverLimit (0x000071df5ed57588) [0x000071df5ed57680, 0x000071df5ed578e8] 
[5,637s][debug][gc,nmethod     ] GC(2) O: Purge NMethod: jdk.internal.foreign.GlobalSession.release0 (0x000071df3fbe0788) [0x000071df3fbe0880, 0x000071df3fbe0980] 
[5,637s][debug][gc,nmethod     ] GC(2) O: Purge NMethod: net.jpountz.lz4.LZ4BlockInputStream.refill (0x000071df5ece8108) [0x000071df5ece8200, 0x000071df5ecea6f8] 
[5,637s][debug][gc,nmethod     ] GC(2) O: Purge NMethod: com.sun.org.apache.xerces.internal.impl.XMLStreamReaderImpl.next (0x000071df5ed53208) [0x000071df5ed53300, 0x000071df5ed535f0] 
[5,637s][debug][gc,nmethod     ] GC(2) O: Purge NMethod: jdk.internal.foreign.MemorySessionImpl$ResourceList.cleanup (0x000071df40217f88) [0x000071df40218080, 0x000071df402187b0] 
[5,637s][debug][gc,nmethod     ] GC(2) O: Purge NMethod: io.sirix.cache.ShardedPageCache$$Lambda/0x00000000ae2548a8.apply (0x000071df3fa51b88) [0x000071df3fa51c80, 0x000071df3fa52850] 
[5,637s][debug][gc,nmethod     ] GC(2) O: Purge NMethod: io.sirix.axis.DescendantAxis.nextKey (0x000071df5ee87808) [0x000071df5ee87900, 0x000071df5ee8a0a8] 
[5,637s][debug][gc,nmethod     ] GC(2) O: Purge NMethod: com.sun.org.apache.xerces.internal.impl.XMLStreamReaderImpl.getText (0x000071df4006a988) [0x000071df4006aa80, 0x000071df4006cf78] 
[5,637s][debug][gc,nmethod     ] GC(2) O: Purge NMethod: io.sirix.index.path.summary.PathSummaryWriter.getPathNodeKey (0x000071df3f4e2288) [0x000071df3f4e2380, 0x000071df3f4e6190] 
[5,637s][debug][gc,nmethod     ] GC(2) O: Purge NMethod: io.sirix.access.trx.node.xml.XmlNodeTrxImpl.insertElementAsFirstChild (0x000071df5edde888) [0x000071df5edde980, 0x000071df5eddfd28] 
[5,637s][debug][gc,nmethod     ] GC(2) O: Purge NMethod: io.sirix.page.PageUtils.fixupPageReferenceIds (0x000071df5ed16c08) [0x000071df5ed16d00, 0x000071df5ed18100] 
[5,637s][debug][gc,nmethod     ] GC(2) O: Purge NMethod: io.sirix.index.path.summary.PathSummaryWriter.getPathNodeKey (0x000071df5ed7ef88) [0x000071df5ed7f080, 0x000071df5ed80880] 
[5,637s][debug][gc,nmethod     ] GC(2) O: Purge NMethod: io.sirix.access.trx.RevisionEpochTracker.minActiveRevision (0x000071df5ee2eb08) [0x000071df5ee2ec00, 0x000071df5ee2fd30] 
[5,637s][debug][gc,nmethod     ] GC(2) O: Purge NMethod: sun.nio.ch.FileChannelImpl.readInternal (0x000071df3f488188) [0x000071df3f488280, 0x000071df3f48a2a0] 
[5,637s][debug][gc,nmethod     ] GC(2) O: Purge NMethod: jdk.internal.util.ArraysSupport.mismatch (0x000071df3f8c3b08) [0x000071df3f8c3c00, 0x000071df3f8c3fb8] 
[5,637s][debug][gc,nmethod     ] GC(2) O: Purge NMethod: io.sirix.page.KeyValueLeafPage.setSlot (0x000071df4029dd88) [0x000071df4029de80, 0x000071df4029e028] 
[5,637s][debug][gc,nmethod     ] GC(2) O: Purge NMethod: java.util.concurrent.atomic.AtomicInteger.<init> (0x000071df3f998408) [0x000071df3f998500, 0x000071df3f9986c0] 
[5,637s][debug][gc,nmethod     ] GC(2) O: Purge NMethod: io.sirix.access.trx.node.AbstractNodeReadOnlyTrx.getLeftSiblingKey (0x000071df3fc55b08) [0x000071df3fc55c00, 0x000071df3fc56408] 
[5,637s][debug][gc,nmethod     ] GC(2) O: Purge NMethod: io.sirix.access.trx.page.NodePageReadOnlyTrx.getPageReference (0x000071df3fb07b08) [0x000071df3fb07c00, 0x000071df3fb10ca8] 
[5,637s][debug][gc,nmethod     ] GC(2) O: Purge NMethod: sun.security.provider.DigestBase.engineUpdate (0x000071df401e4108) [0x000071df401e4200, 0x000071df401e53e0] 
[5,637s][debug][gc,nmethod     ] GC(2) O: Purge NMethod: com.sun.org.apache.xerces.internal.impl.PropertyManager.getProperty (0x000071df3fed2008) [0x000071df3fed2100, 0x000071df3fed3bc0] 
[5,637s][debug][gc,nmethod     ] GC(2) O: Purge NMethod: java.lang.ref.Finalizer.register (0x000071df3f80b808) [0x000071df3f80b900, 0x000071df3f80baa0] 
[5,637s][debug][gc,nmethod     ] GC(2) O: Purge NMethod: java.util.concurrent.locks.AbstractQueuedSynchronizer.compareAndSetState (0x000071df3f81b508) [0x000071df3f81b600, 0x000071df3f81b718] 
[5,637s][debug][gc,nmethod     ] GC(2) O: Purge NMethod: it.unimi.dsi.fastutil.ints.Int2ObjectOpenHashMap.get (0x000071df3f43bc08) [0x000071df3f43bd00, 0x000071df3f43c370] 
[5,637s][debug][gc,nmethod     ] GC(2) O: Purge NMethod: io.sirix.access.trx.node.xml.XmlNodeReadOnlyTrxImpl.getLocalNameKey (0x000071df402bdd88) [0x000071df402bde80, 0x000071df402bed48] 
[5,637s][debug][gc,nmethod     ] GC(2) O: Purge NMethod: io.sirix.axis.filter.FilterAxis.reset (0x000071df3ff0b588) [0x000071df3ff0b680, 0x000071df3ff0bad0] 
[5,637s][debug][gc,nmethod     ] GC(2) O: Purge NMethod: java.util.concurrent.ConcurrentHashMap.compute (0x000071df5ed05a08) [0x000071df5ed05ba0, 0x000071df5ed0aef8] 
[5,637s][debug][gc,nmethod     ] GC(2) O: Purge NMethod: io.sirix.node.GrowingMemorySegment.<init> (0x000071df5ed62e08) [0x000071df5ed62f00, 0x000071df5ed63b90] 
[5,637s][debug][gc,nmethod     ] GC(2) O: Purge NMethod: io.sirix.node.xml.AbstractStructForwardingNode.hasFirstChild (0x000071df5ed7db08) [0x000071df5ed7dc00, 0x000071df5ed7dd18] 
[5,637s][debug][gc,nmethod     ] GC(2) O: Purge NMethod: io.sirix.index.path.summary.PathSummaryReader.hasRightSibling (0x000071df3fec8288) [0x000071df3fec8380, 0x000071df3fec8b08] 
[5,637s][debug][gc,nmethod     ] GC(2) O: Purge NMethod: org.magicwerk.brownies.collections.GapList.doAdd (0x000071df400bca88) [0x000071df400bcb80, 0x000071df400beb40] 
[5,637s][debug][gc,nmethod     ] GC(2) O: Purge NMethod: jdk.internal.foreign.SegmentFactories$1.<init> (0x000071df3fab1488) [0x000071df3fab1580, 0x000071df3fab1750] 
[5,638s][debug][gc,nmethod     ] GC(2) O: Purge NMethod: io.sirix.page.NamePage.setName (0x000071df5ed7de08) [0x000071df5ed7df00, 0x000071df5ed7e1d0] 
[5,638s][debug][gc,nmethod     ] GC(2) O: Purge NMethod: com.sun.org.apache.xerces.internal.impl.XMLEntityScanner.checkNodeCount (0x000071df3fed4788) [0x000071df3fed4880, 0x000071df3fed4a48] 
[5,638s][debug][gc,nmethod     ] GC(2) O: Purge NMethod: io.sirix.access.trx.node.xml.XmlNodeTrxImpl.adaptForInsert (0x000071df3f4cf788) [0x000071df3f4cf880, 0x000071df3f4d2628] 
[5,638s][debug][gc,nmethod     ] GC(2) O: Purge NMethod: io.sirix.access.trx.node.AbstractNodeReadOnlyTrx.getRightSiblingKey (0x000071df3fc3af08) [0x000071df3fc3b000, 0x000071df3fc3b808] 
[5,638s][debug][gc,nmethod     ] GC(2) O: Purge NMethod: io.sirix.axis.ChildAxis.nextKey (0x000071df3fe56588) [0x000071df3fe56680, 0x000071df3fe576b0] 
[5,638s][debug][gc,nmethod     ] GC(2) O: Purge NMethod: io.sirix.index.path.summary.PathSummaryReader.moveTo (0x000071df402aa788) [0x000071df402aa880, 0x000071df402ab570] 
[5,638s][debug][gc,nmethod     ] GC(2) O: Purge NMethod: jdk.internal.foreign.Utils.checkAllocationSizeAndAlign (0x000071df3faa3988) [0x000071df3faa3a80, 0x000071df3faa4d10] 
[5,638s][debug][gc,nmethod     ] GC(2) O: Purge NMethod: io.sirix.page.KeyValueLeafPage.processEntries (0x000071df40201f88) [0x000071df40202080, 0x000071df40216628] 
[5,638s][debug][gc,nmethod     ] GC(2) O: Purge NMethod: io.sirix.access.trx.node.AbstractNodeReadOnlyTrx.hasFirstChild (0x000071df3fb44408) [0x000071df3fb44500, 0x000071df3fb44d08] 
[5,638s][debug][gc,nmethod     ] GC(2) O: Purge NMethod: io.sirix.service.xml.shredder.XmlShredder.insertNewContent (0x000071df40096c08) [0x000071df40096d00, 0x000071df4009e378] 
[5,638s][debug][gc,nmethod     ] GC(2) O: Purge NMethod: io.sirix.node.xml.ElementNode.setFirstChildKey (0x000071df3ff66a08) [0x000071df3ff66b00, 0x000071df3ff6bc28] 
[5,638s][debug][gc,nmethod     ] GC(2) O: Purge NMethod: java.util.stream.AbstractPipeline.isParallel (0x000071df3f70b308) [0x000071df3f70b400, 0x000071df3f70b538] 
[5,638s][debug][gc,nmethod     ] GC(2) O: Purge NMethod: io.sirix.access.trx.node.AbstractNodeReadOnlyTrx.getFirstChildKey (0x000071df3fb74008) [0x000071df3fb74100, 0x000071df3fb74908] 
[5,638s][debug][gc,nmethod     ] GC(2) O: Purge NMethod: com.sun.org.apache.xerces.internal.impl.XMLDocumentFragmentScannerImpl$FragmentContentDriver.next (0x000071df4006f508) [0x000071df4006f600, 0x000071df4007d400] 
[5,638s][debug][gc,nmethod     ] GC(2) O: Purge NMethod: com.sun.org.apache.xerces.internal.impl.XMLStreamReaderImpl.hasNext (0x000071df3fe3a288) [0x000071df3fe3a380, 0x000071df3fe3a528] 
[5,638s][debug][gc,nmethod     ] GC(2) O: Purge NMethod: java.lang.invoke.DirectMethodHandle.internalMemberName (0x000071df3f689288) [0x000071df3f689380, 0x000071df3f6896a0] 
[5,638s][debug][gc,nmethod     ] GC(2) O: Purge NMethod: jdk.internal.foreign.MemorySessionImpl$ResourceList.cleanup (0x000071df40217688) [0x000071df40217780, 0x000071df40217f18] 
[5,638s][debug][gc,nmethod     ] GC(2) O: Purge NMethod: io.sirix.index.name.Names.setName (0x000071df5ed8aa08) [0x000071df5ed8ab00, 0x000071df5ed8d270] 
[5,638s][debug][gc,nmethod     ] GC(2) O: Purge NMethod: java.nio.Bits.reserveMemory (0x000071df5ed1d388) [0x000071df5ed1d480, 0x000071df5ed1d628] 
[5,638s][debug][gc,nmethod     ] GC(2) O: Purge NMethod: com.sun.xml.internal.stream.events.XMLEventAllocatorImpl.getXMLEvent (0x000071df5ed57f08) [0x000071df5ed58020, 0x000071df5ed59810] 
[5,638s][debug][gc,nmethod     ] GC(2) O: Purge NMethod: com.sun.org.apache.xerces.internal.impl.XMLNSDocumentScannerImpl.scanStartElement (0x000071df5ed91d88) [0x000071df5ed91e80, 0x000071df5ed94120] 
[5,638s][debug][gc,nmethod     ] GC(2) O: Purge NMethod: io.sirix.node.MemorySegmentBytesIn.readStopBit (0x000071df402ab888) [0x000071df402ab980, 0x000071df402abbb0] 
[5,638s][debug][gc,nmethod     ] GC(2) O: Purge NMethod: io.sirix.node.NodeSerializerImpl.serialize (0x000071df40278588) [0x000071df40278680, 0x000071df402790a0] 
[5,638s][debug][gc,nmethod     ] GC(2) O: Purge NMethod: io.sirix.node.MemorySegmentBytesIn.read (0x000071df3f578508) [0x000071df3f578600, 0x000071df3f578758] 
[5,638s][debug][gc,nmethod     ] GC(2) O: Purge NMethod: io.sirix.page.SerializationType$1.deserializeBitmapReferencesPage (0x000071df3fc35e08) [0x000071df3fc35f00, 0x000071df3fc37918] 
[5,638s][debug][gc,nmethod     ] GC(2) O: Purge NMethod: io.sirix.node.NodeKind$4.serialize (0x000071df40186c08) [0x000071df40186d00, 0x000071df401a1478] 
[5,638s][debug][gc,nmethod     ] GC(2) O: Purge NMethod: org.magicwerk.brownies.collections.GapList.doEnsureCapacity (0x000071df400b6408) [0x000071df400b6500, 0x000071df400b6da8] 
[5,638s][debug][gc,nmethod     ] GC(2) O: Purge NMethod: io.sirix.access.trx.RevisionEpochTracker.minActiveRevision (0x000071df5ee1ba08) [0x000071df5ee1bb00, 0x000071df5ee1bf90] 
[5,638s][debug][gc,nmethod     ] GC(2) O: Purge NMethod: io.sirix.cache.ShardedPageCache.getAndGuard (0x000071df3fa52888) [0x000071df3fa52980, 0x000071df3fa531e8] 
[5,638s][debug][gc,nmethod     ] GC(2) O: Purge NMethod: io.sirix.page.KeyValueLeafPage.markAccessed (0x000071df3f80c708) [0x000071df3f80c800, 0x000071df3f80c910] 
[5,638s][debug][gc,nmethod     ] GC(2) O: Purge NMethod: jdk.internal.misc.Blocker.begin (0x000071df3f7c1608) [0x000071df3f7c1700, 0x000071df3f7c1858] 
[5,638s][debug][gc,nmethod     ] GC(2) O: Purge NMethod: com.sun.org.apache.xerces.internal.impl.XMLStreamReaderImpl.getLocation (0x000071df3fe57a88) [0x000071df3fe57b80, 0x000071df3fe57d28] 
[5,638s][debug][gc,nmethod     ] GC(2) O: Purge NMethod: io.sirix.axis.AbstractAxis.<init> (0x000071df5ed62288) [0x000071df5ed62380, 0x000071df5ed62af0] 
[5,638s][debug][gc,nmethod     ] GC(2) O: Purge NMethod: jdk.internal.util.DecimalDigits.uncheckedPutCharLatin1 (0x000071df3f784708) [0x000071df3f784800, 0x000071df3f784900] 
[5,638s][debug][gc,nmethod     ] GC(2) O: Purge NMethod: io.sirix.access.trx.node.xml.XmlNodeReadOnlyTrxImpl.isNameNode (0x000071df402ba208) [0x000071df402ba300, 0x000071df402bab38] 
[5,638s][debug][gc,nmethod     ] GC(2) O: Purge NMethod: io.sirix.axis.AbstractAxis.tryToComputeNext (0x000071df402b9688) [0x000071df402b9780, 0x000071df402b9eb0] 
[5,638s][debug][gc,nmethod     ] GC(2) O: Purge NMethod: io.sirix.node.xml.ElementNode.setRightSiblingKey (0x000071df3ffba208) [0x000071df3ffba300, 0x000071df3ffbf428] 
[5,638s][debug][gc,nmethod     ] GC(2) O: Purge NMethod: java.io.ByteArrayInputStream.read (0x000071df3f94ab08) [0x000071df3f94ac00, 0x000071df3f94b2e8] 
[5,638s][debug][gc,nmethod     ] GC(2) O: Purge NMethod: com.sun.org.apache.xerces.internal.impl.XMLNSDocumentScannerImpl.scanStartElement (0x000071df3f9a2588) [0x000071df3f9a2680, 0x000071df3f9ab620] 
[5,638s][debug][gc,nmethod     ] GC(2) O: Purge NMethod: io.sirix.node.xml.TextNode.getKind (0x000071df4013a408) [0x000071df4013a500, 0x000071df4013a820] 
[5,638s][debug][gc,nmethod     ] GC(2) O: Purge NMethod: java.lang.Byte.hashCode (0x000071df3f835308) [0x000071df3f835400, 0x000071df3f835558] 
[5,638s][debug][gc,nmethod     ] GC(2) O: Purge NMethod: io.sirix.node.NodeKind$1.deserialize (0x000071df402ced08) [0x000071df402cee00, 0x000071df402d2448] 
[5,638s][debug][gc,nmethod     ] GC(2) O: Purge NMethod: java.util.HashMap.keySet (0x000071df3f43b608) [0x000071df3f43b700, 0x000071df3f43bb88] 
[5,638s][debug][gc,nmethod     ] GC(2) O: Purge NMethod: sun.nio.ch.IOUtil.read (0x000071df3f4c6188) [0x000071df3f4c6280, 0x000071df3f4c63a8] 
[5,638s][debug][gc,nmethod     ] GC(2) O: Purge NMethod: jdk.internal.foreign.Utils.alignUp (0x000071df3faa3688) [0x000071df3faa3780, 0x000071df3faa3878] 
[5,638s][debug][gc,nmethod     ] GC(2) O: Purge NMethod: io.sirix.index.path.summary.PathSummaryReader.getNodeKey (0x000071df3ff26f88) [0x000071df3ff27080, 0x000071df3ff27518] 
[5,638s][debug][gc,nmethod     ] GC(2) O: Purge NMethod: com.sun.xml.internal.stream.events.XMLEventAllocatorImpl.setNamespaceContext (0x000071df3ff01a08) [0x000071df3ff01b00, 0x000071df3ff01f90] 
[5,638s][debug][gc,nmethod     ] GC(2) O: Purge NMethod: io.sirix.access.trx.RevisionEpochTracker.minActiveRevision (0x000071df3fa69708) [0x000071df3fa69800, 0x000071df3fa6b068] 
[5,638s][debug][gc,nmethod     ] GC(2) O: Purge NMethod: io.sirix.access.trx.page.NodePageTrx.prepareRecordForModification (0x000071df5ed2fe88) [0x000071df5ed2ff80, 0x000071df5ed312f0] 
[5,638s][debug][gc,nmethod     ] GC(2) O: Purge NMethod: io.sirix.index.path.summary.PathSummaryReader.putMapping (0x000071df5ed7e208) [0x000071df5ed7e300, 0x000071df5ed7e618] 
[5,638s][debug][gc,nmethod     ] GC(2) O: Purge NMethod: jdk.internal.ref.PhantomCleanable.<init> (0x000071df3f4d7988) [0x000071df3f4d7a80, 0x000071df3f4d8c70] 
[5,638s][debug][gc,nmethod     ] GC(2) O: Purge NMethod: com.sun.xml.internal.stream.events.DummyEvent.<init> (0x000071df3fe57708) [0x000071df3fe57800, 0x000071df3fe57a20] 
[5,638s][debug][gc,nmethod     ] GC(2) O: Purge NMethod: io.sirix.access.trx.node.AbstractNodeHashing.adaptHashesWithAdd (0x000071df5ede3e08) [0x000071df5ede4240, 0x000071df5edf7228] 
[5,638s][debug][gc,nmethod     ] GC(2) O: Purge NMethod: io.sirix.access.trx.page.NodePageTrx.createNameKey (0x000071df5ed7bf88) [0x000071df5ed7c080, 0x000071df5ed7c4c8] 
[5,638s][debug][gc,nmethod     ] GC(2) O: Purge NMethod: io.sirix.node.NodeSerializerImpl.serialize (0x000071df5ee35c88) [0x000071df5ee35d80, 0x000071df5ee36360] 
[5,638s][debug][gc,nmethod     ] GC(2) O: Purge NMethod: com.sun.xml.internal.stream.events.XMLEventAllocatorImpl.fillNamespaceAttributes (0x000071df3ff02008) [0x000071df3ff02100, 0x000071df3ff027b0] 
[5,638s][debug][gc,nmethod     ] GC(2) O: Purge NMethod: com.sun.org.apache.xerces.internal.xni.XMLString.append (0x000071df3f81ae88) [0x000071df3f81af80, 0x000071df3f81b458] 
[5,638s][debug][gc,nmethod     ] GC(2) O: Purge NMethod: jdk.xml.internal.XMLLimitAnalyzer.addValue (0x000071df5ed67508) [0x000071df5ed67600, 0x000071df5ed67808] 
[5,638s][debug][gc,nmethod     ] GC(2) O: Purge NMethod: com.sun.org.apache.xerces.internal.impl.XMLStreamReaderImpl.next (0x000071df3f435408) [0x000071df3f435500, 0x000071df3f437d58] 
[5,638s][debug][gc,nmethod     ] GC(2) O: Purge NMethod: io.sirix.access.trx.node.xml.XmlNodeTrxImpl.insertElementAsFirstChild (0x000071df3f82ca88) [0x000071df3f82cb80, 0x000071df3f8316b0] 
[5,638s][debug][gc,nmethod     ] GC(2) O: Purge NMethod: io.sirix.node.GrowingMemorySegment.grow (0x000071df5ee3f888) [0x000071df5ee3f980, 0x000071df5ee41348] 
[5,638s][debug][gc,nmethod     ] GC(2) O: Purge NMethod: sun.nio.ch.FileChannelImpl.ensureOpen (0x000071df3f456a88) [0x000071df3f456b80, 0x000071df3f456f98] 
[5,638s][debug][gc,nmethod     ] GC(2) O: Purge NMethod: io.sirix.index.path.summary.PathSummaryReader.putMapping (0x000071df3ff38708) [0x000071df3ff38800, 0x000071df3ff39238] 
[5,638s][debug][gc,nmethod     ] GC(2) O: Purge NMethod: net.jpountz.lz4.LZ4BlockInputStream.read (0x000071df3f481c88) [0x000071df3f481d80, 0x000071df3f482660] 
[5,638s][debug][gc,nmethod     ] GC(2) O: Purge NMethod: io.sirix.index.path.summary.PathSummaryReader.getNodeKey (0x000071df5ed49708) [0x000071df5ed49800, 0x000071df5ed49980] 
[5,638s][debug][gc,nmethod     ] GC(2) O: Purge NMethod: io.sirix.node.xml.AbstractStructForwardingNode.hasRightSibling (0x000071df5ed62b08) [0x000071df5ed62c00, 0x000071df5ed62d18] 
[5,638s][debug][gc,nmethod     ] GC(2) O: Purge NMethod: io.sirix.node.NodeKind$1.serialize (0x000071df40146908) [0x000071df40146a00, 0x000071df401819c8] 
[5,638s][debug][gc,nmethod     ] GC(2) O: Purge NMethod: net.jpountz.lz4.LZ4BlockOutputStream.writeIntLE (0x000071df3fbc0508) [0x000071df3fbc0600, 0x000071df3fbc0788] 
[5,638s][debug][gc,nmethod     ] GC(2) O: Purge NMethod: io.sirix.access.trx.page.NodePageReadOnlyTrx.getRecordPage (0x000071df402c1988) [0x000071df402c1a80, 0x000071df402ccf78] 
[5,638s][debug][gc,nmethod     ] GC(2) O: Purge NMethod: io.sirix.access.trx.page.NodePageReadOnlyTrx.getResourceSession (0x000071df3fd29308) [0x000071df3fd29400, 0x000071df3fd29870] 
[5,638s][debug][gc,nmethod     ] GC(2) O: Purge NMethod: jdk.internal.foreign.SegmentFactories.allocateNativeInternal (0x000071df5edbcb08) [0x000071df5edbcc20, 0x000071df5edbd6d0] 
[5,638s][debug][gc,nmethod     ] GC(2) O: Purge NMethod: io.sirix.node.Utils.putVarLong (0x000071df40100a88) [0x000071df40100b80, 0x000071df40100cd0] 
[5,638s][debug][gc,nmethod     ] GC(2) O: Purge NMethod: java.util.BitSet.nextSetBit (0x000071df402a2a88) [0x000071df402a2b80, 0x000071df402a3b70] 
[5,638s][debug][gc,nmethod     ] GC(2) O: Purge NMethod: io.sirix.cache.PageGuard.page (0x000071df402b9f08) [0x000071df402ba000, 0x000071df402ba1f0] 
[5,638s][debug][gc,nmethod     ] GC(2) O: Purge NMethod: io.sirix.page.PageKind$1.deserializePage (0x000071df402e7708) [0x000071df402e7800, 0x000071df402eb880] 
[5,638s][debug][gc,nmethod     ] GC(2) O: Purge NMethod: jdk.internal.foreign.MemorySessionImpl.checkValidState (0x000071df3f946c88) [0x000071df3f946d80, 0x000071df3f947868] 
[5,638s][debug][gc,nmethod     ] GC(2) O: Purge NMethod: com.sun.xml.internal.stream.events.XMLEventAllocatorImpl.fillNamespaceAttributes (0x000071df3ff75d08) [0x000071df3ff75e00, 0x000071df3ff764b0] 
[5,638s][debug][gc,nmethod     ] GC(2) O: Purge NMethod: io.sirix.index.path.summary.PathSummaryReader.getStructuralNode (0x000071df3fe2cb08) [0x000071df3fe2cc00, 0x000071df3fe2cfb8] 
[5,638s][debug][gc,nmethod     ] GC(2) O: Purge NMethod: io.sirix.node.xml.TextNode.<init> (0x000071df402c1508) [0x000071df402c1600, 0x000071df402c1900] 
[5,638s][debug][gc,nmethod     ] GC(2) O: Purge NMethod: io.sirix.node.xml.AbstractStructForwardingNode.hasFirstChild (0x000071df402acb88) [0x000071df402acc80, 0x000071df402ad228] 
[5,638s][debug][gc,nmethod     ] GC(2) O: Purge NMethod: com.sun.org.apache.xerces.internal.util.NamespaceSupport.pushContext (0x000071df5ed6cb08) [0x000071df5ed6cc00, 0x000071df5ed6cd40] 
[5,638s][debug][gc,nmethod     ] GC(2) O: Purge NMethod: io.sirix.axis.DescendantAxis.nextKey (0x000071df3fb85788) [0x000071df3fb85880, 0x000071df3fb87e60] 
[5,638s][debug][gc,nmethod     ] GC(2) O: Purge NMethod: io.sirix.page.NamePage.setName (0x000071df3f51e308) [0x000071df3f51e400, 0x000071df3f51f9a0] 
[5,638s][debug][gc,nmethod     ] GC(2) O: Purge NMethod: io.sirix.index.path.summary.PathSummaryReader.getPathNode (0x000071df3fe79488) [0x000071df3fe79580, 0x000071df3fe79c68] 
[5,638s][debug][gc,nmethod     ] GC(2) O: Purge NMethod: jdk.internal.misc.Blocker.end (0x000071df3f7c2d88) [0x000071df3f7c2e80, 0x000071df3f7c32f8] 
[5,638s][debug][gc,nmethod     ] GC(2) O: Purge NMethod: java.nio.HeapByteBuffer.getLong (0x000071df402d7408) [0x000071df402d7500, 0x000071df402d8fc8] 
[5,638s][debug][gc,nmethod     ] GC(2) O: Purge NMethod: jdk.internal.foreign.GlobalSession.acquire0 (0x000071df3fbe0488) [0x000071df3fbe0580, 0x000071df3fbe0680] 
[5,638s][debug][gc,nmethod     ] GC(2) O: Purge NMethod: io.sirix.access.trx.page.NodePageReadOnlyTrx.getMostRecentPage (0x000071df3fad6a08) [0x000071df3fad6b00, 0x000071df3fad7418] 
[5,638s][debug][gc,nmethod     ] GC(2) O: Purge NMethod: io.sirix.index.name.Names.setName (0x000071df3fe4a288) [0x000071df3fe4a380, 0x000071df3fe4c570] 
[5,638s][debug][gc,nmethod     ] GC(2) O: Purge NMethod: java.util.ArrayList.<init> (0x000071df3f5f4d08) [0x000071df3f5f4e00, 0x000071df3f5f5e18] 
[5,638s][debug][gc,nmethod     ] GC(2) O: Purge NMethod: java.util.BitSet.checkRange (0x000071df3f6a0d88) [0x000071df3f6a0e80, 0x000071df3f6a3808] 
[5,638s][debug][gc,nmethod     ] GC(2) O: Purge NMethod: jdk.xml.internal.JdkProperty$ImplPropMap.is (0x000071df3fea8988) [0x000071df3fea8a80, 0x000071df3fea9348] 
[5,638s][debug][gc,nmethod     ] GC(2) O: Purge NMethod: io.sirix.node.xml.AbstractStructForwardingNode.hasRightSibling (0x000071df3f422f88) [0x000071df3f423080, 0x000071df3f423628] 
[5,638s][debug][gc,nmethod     ] GC(2) O: Purge NMethod: io.sirix.node.xml.ElementNode.<init> (0x000071df402c0d08) [0x000071df402c0e00, 0x000071df402c1118] 
[5,638s][debug][gc,nmethod     ] GC(2) O: Purge NMethod: net.jpountz.util.SafeUtils.checkRange (0x000071df3f412908) [0x000071df3f412a00, 0x000071df3f412f38] 
[5,638s][debug][gc,nmethod     ] GC(2) O: Purge NMethod: io.sirix.access.trx.page.NodePageReadOnlyTrx.getRecordPage (0x000071df402dad08) [0x000071df402dae00, 0x000071df402e62f8] 
[5,638s][debug][gc,nmethod     ] GC(2) O: Purge NMethod: com.sun.org.apache.xerces.internal.util.NamespaceSupport.pushContext (0x000071df3fda3188) [0x000071df3fda3280, 0x000071df3fda35f0] 
[5,638s][debug][gc,nmethod     ] GC(2) O: Purge NMethod: java.nio.channels.spi.AbstractInterruptibleChannel.begin (0x000071df5ed1c488) [0x000071df5ed1c580, 0x000071df5ed1cd70] 
[5,638s][debug][gc,nmethod     ] GC(2) O: Purge NMethod: io.sirix.settings.VersioningType$4.combineRecordPages (0x000071df4029e088) [0x000071df4029e180, 0x000071df402a2a10] 
[5,638s][debug][gc,nmethod     ] GC(2) O: Purge NMethod: io.sirix.index.path.summary.PathSummaryReader.moveTo (0x000071df5ed59b88) [0x000071df5ed59c80, 0x000071df5ed59ec0] 
[5,638s][debug][gc,nmethod     ] GC(2) O: Purge NMethod: com.google.common.base.Preconditions.checkArgument (0x000071df3f57b488) [0x000071df3f57b580, 0x000071df3f57ba00] 
[5,638s][debug][gc,nmethod     ] GC(2) O: Purge NMethod: io.sirix.node.xml.AttributeNode.getKind (0x000071df40146488) [0x000071df40146580, 0x000071df401468a0] 
[5,638s][debug][gc,nmethod     ] GC(2) O: Purge NMethod: jdk.internal.foreign.SegmentFactories.allocateMemoryWrapper (0x000071df3faa0708) [0x000071df3faa0800, 0x000071df3faa0bb8] 
[5,638s][debug][gc,nmethod     ] GC(2) O: Purge NMethod: sun.nio.ch.IOUtil.read (0x000071df3f4c4b88) [0x000071df3f4c4c80, 0x000071df3f4c5c08] 
[5,638s][debug][gc,nmethod     ] GC(2) O: Purge NMethod: io.sirix.axis.filter.FilterAxis.nextKey (0x000071df5ed9b408) [0x000071df5ed9b500, 0x000071df5ed9c860] 
[5,638s][debug][gc,nmethod     ] GC(2) O: Purge NMethod: java.lang.String.getBytes (0x000071df3fe4db88) [0x000071df3fe4dc80, 0x000071df3fe4e118] 
[5,638s][debug][gc,nmethod     ] GC(2) O: Purge NMethod: io.sirix.page.PageReference.setResourceId (0x000071df3f5df588) [0x000071df3f5df680, 0x000071df3f5df790] 
[5,638s][debug][gc,nmethod     ] GC(2) O: Purge NMethod: java.nio.channels.spi.AbstractInterruptibleChannel.isOpen (0x000071df3f95fb88) [0x000071df3f95fc80, 0x000071df3f95fdd0] 
[5,638s][debug][gc,nmethod     ] GC(2) O: Purge NMethod: io.sirix.access.trx.page.NodePageReadOnlyTrx.getRecordPage (0x000071df5ed12a88) [0x000071df5ed12b80, 0x000071df5ed14560] 
[5,638s][debug][gc,nmethod     ] GC(2) O: Purge NMethod: it.unimi.dsi.fastutil.ints.Int2LongOpenHashMap.get (0x000071df5ed78a88) [0x000071df5ed78b80, 0x000071df5ed78ee0] 
[5,638s][debug][gc,nmethod     ] GC(2) O: Purge NMethod: io.sirix.axis.filter.FilterAxis.<init> (0x000071df5ed86808) [0x000071df5ed86900, 0x000071df5ed87c90] 
[5,638s][debug][gc,nmethod     ] GC(2) O: Purge NMethod: jdk.internal.misc.ScopedMemoryAccess.getLongUnaligned (0x000071df5ecd6308) [0x000071df5ecd6400, 0x000071df5ecd65b8] 
[5,638s][debug][gc,nmethod     ] GC(2) O: Purge NMethod: jdk.internal.foreign.SegmentFactories.ensureInitialized (0x000071df3f774b88) [0x000071df3f774c80, 0x000071df3f774d60] 
[5,638s][debug][gc,nmethod     ] GC(2) O: Purge NMethod: com.sun.org.apache.xerces.internal.impl.XMLStreamReaderImpl.getNamespaceCount (0x000071df3fec7288) [0x000071df3fec7380, 0x000071df3fec7a78] 
[5,638s][debug][gc,nmethod     ] GC(2) O: Purge NMethod: java.lang.String.compareTo (0x000071df3fe35288) [0x000071df3fe35380, 0x000071df3fe35bb0] 
[5,638s][debug][gc,nmethod     ] GC(2) O: Purge NMethod: io.sirix.access.trx.page.NodePageReadOnlyTrx.getRecordPage (0x000071df5ee74108) [0x000071df5ee74200, 0x000071df5ee75b80] 
[5,638s][debug][gc,nmethod     ] GC(2) O: Purge NMethod: io.sirix.page.KeyValueLeafPage.processEntries (0x000071df401e8608) [0x000071df401e8700, 0x000071df401fcbf8] 
[5,638s][debug][gc,nmethod     ] GC(2) O: Purge NMethod: java.util.HashMap$KeySet.iterator (0x000071df3f43ae08) [0x000071df3f43af00, 0x000071df3f43b280] 
[5,639s][debug][gc,nmethod     ] GC(2) O: Purge NMethod: it.unimi.dsi.fastutil.ints.Int2LongOpenHashMap.get (0x000071df3f507a08) [0x000071df3f507b00, 0x000071df3f508050] 
[5,639s][debug][gc,nmethod     ] GC(2) O: Purge NMethod: it.unimi.dsi.fastutil.ints.Int2ObjectOpenHashMap.get (0x000071df5ed78f08) [0x000071df5ed79000, 0x000071df5ed79478] 
[5,639s][debug][gc,nmethod     ] GC(2) O: Purge NMethod: sun.nio.ch.IOUtil.readIntoNativeBuffer (0x000071df3f482688) [0x000071df3f482780, 0x000071df3f484e08] 
[5,639s][debug][gc,nmethod     ] GC(2) O: Purge NMethod: java.util.concurrent.ConcurrentHashMap$BaseIterator.hasNext (0x000071df3f67b908) [0x000071df3f67ba00, 0x000071df3f67bb80] 
[5,639s][debug][gc,nmethod     ] GC(2) O: Purge NMethod: java.nio.DirectByteBuffer.address (0x000071df5ed91488) [0x000071df5ed91580, 0x000071df5ed91748] 
[5,639s][debug][gc,nmethod     ] GC(2) O: Purge NMethod: it.unimi.dsi.fastutil.longs.LongArrayList.initArrayFromCapacity (0x000071df402bc508) [0x000071df402bc600, 0x000071df402bd748] 
[5,639s][debug][gc,nmethod     ] GC(2) O: Purge NMethod: io.sirix.page.PageReference.setDatabaseId (0x000071df3f5a5488) [0x000071df3f5a5580, 0x000071df3f5a5690] 
[5,639s][debug][gc,nmethod     ] GC(2) O: Purge NMethod: jdk.internal.foreign.ArenaImpl.allocate (0x000071df5ed5b888) [0x000071df5ed5b980, 0x000071df5ed5c550] 
[5,639s][debug][gc,nmethod     ] GC(2) O: Purge NMethod: io.sirix.axis.filter.xml.XmlNameFilter.filter (0x000071df402bab88) [0x000071df402bac80, 0x000071df402bc0c8] 
[5,639s][debug][gc,nmethod     ] GC(2) O: Purge NMethod: java.nio.Bits.tryReserveMemory (0x000071df5ed1a408) [0x000071df5ed1a500, 0x000071df5ed1a688] 
[5,639s][debug][gc,nmethod     ] GC(2) O: Purge NMethod: java.io.OutputStream.flush (0x000071df3fd66f88) [0x000071df3fd67080, 0x000071df3fd67180] 
[5,639s][debug][gc,nmethod     ] GC(2) O: Purge NMethod: sun.nio.ch.UnixFileDispatcherImpl.pread (0x000071df3f4c3d08) [0x000071df3f4c3e00, 0x000071df3f4c3f40] 
[5,639s][debug][gc,nmethod     ] GC(2) O: Purge NMethod: io.sirix.node.xml.ElementNode.getKind (0x000071df40113108) [0x000071df40113200, 0x000071df40113520] 
[5,639s][debug][gc,nmethod     ] GC(2) O: Purge NMethod: io.sirix.node.xml.ElementNode.getAttributeKey (0x000071df400cbb08) [0x000071df400cbc00, 0x000071df400cc018] 
[5,639s][debug][gc,nmethod     ] GC(2) O: Purge NMethod: java.util.ArrayList.isEmpty (0x000071df3f517c08) [0x000071df3f517d00, 0x000071df3f517e50] 
[5,639s][debug][gc,nmethod     ] GC(2) O: Purge NMethod: io.sirix.node.Bytes.elasticOffHeapByteBuffer (0x000071df3fe82708) [0x000071df3fe82800, 0x000071df3fe83148] 
[5,639s][debug][gc,nmethod     ] GC(2) O: Purge NMethod: net.jpountz.lz4.LZ4BlockInputStream.tryReadFully (0x000071df3f54c988) [0x000071df3f54ca80, 0x000071df3f54d000] 
[5,639s][debug][gc,nmethod     ] GC(2) O: Purge NMethod: java.nio.ByteBuffer.flip (0x000071df3f5f3a88) [0x000071df3f5f3b80, 0x000071df3f5f3cf8] 
[5,639s][debug][gc,nmethod     ] GC(2) O: Purge NMethod: io.sirix.axis.filter.FilterAxis.nextKey (0x000071df402d4608) [0x000071df402d4700, 0x000071df402d5d10] 
[5,639s][debug][gc,nmethod     ] GC(2) O: Purge NMethod: java.nio.channels.spi.AbstractInterruptibleChannel.end (0x000071df5ed1d688) [0x000071df5ed1d780, 0x000071df5ed1def8] 
[5,639s][debug][gc,nmethod     ] GC(2) O: Purge NMethod: io.sirix.index.path.summary.PathSummaryReader.getRightSiblingKey (0x000071df3fecda88) [0x000071df3fecdb80, 0x000071df3fece300] 
[5,639s][debug][gc,nmethod     ] GC(2) O: Purge NMethod: io.sirix.node.MemorySegmentBytesOut.clear (0x000071df3f5e2088) [0x000071df3f5e2180, 0x000071df3f5e2338] 
[5,639s][debug][gc,nmethod     ] GC(2) O: Purge NMethod: java.util.BitSet.flip (0x000071df3f40bd08) [0x000071df3f40be00, 0x000071df3f40c408] 
[5,639s][debug][gc,nmethod     ] GC(2) O: Purge NMethod: io.sirix.access.trx.node.xml.XmlNodeTrxImpl.adaptForInsert (0x000071df5ed80908) [0x000071df5ed80a00, 0x000071df5ed83b58] 
[5,639s][debug][gc,phases      ] GC(2) O: Concurrent Classes Purge 1,868ms
[5,639s][debug][gc,phases,start] GC(2) O: Concurrent References Enqueue
[5,639s][debug][gc,phases      ] GC(2) O: Concurrent References Enqueue 0,008ms
[5,639s][info ][gc,phases      ] GC(2) O: Concurrent Process Non-Strong 16,473ms
[5,639s][debug][gc,phases,start] GC(2) O: Concurrent Reset Relocation Set
[5,639s][info ][gc,phases      ] GC(2) O: Concurrent Reset Relocation Set 0,005ms
[5,639s][debug][gc,phases,start] GC(2) O: Concurrent Select Relocation Set
[5,639s][debug][gc,reloc       ] GC(2) O: Relocation Set (Medium Pages): 0->0, 1 skipped, 0 forwarding entries
[5,639s][debug][gc,reloc       ] GC(2) O: Relocation Set (Small Pages): 55->35, 46 skipped, 2486962 forwarding entries
[5,639s][debug][gc,task        ] GC(2) O: Executing ZRelocationSetInstallTask using ZWorkerOld with 5 workers
[5,639s][debug][gc,nmethod     ] Register NMethod: java.lang.Object.notifyAll (0x000071df5ecd6308) [0x000071df5ecd6400, 0x000071df5ecd6548] Compiler: , Barriers: 0, Oops: 0, ImmediateOops: 0, NonImmediateOops: No
[5,639s][debug][gc,nmethod     ] Register NMethod: java.lang.ref.Finalizer.reportComplete (0x000071df5ed1a408) [0x000071df5ed1a500, 0x000071df5ed1a658] Compiler: , Barriers: 0, Oops: 0, ImmediateOops: 1, NonImmediateOops: No
[5,639s][debug][gc,nmethod     ] Register NMethod: jdk.internal.misc.VM.addFinalRefCount (0x000071df3f48e688) [0x000071df3f48e780, 0x000071df3f48e8d0] Compiler: c1, Barriers: 0, Oops: 0, ImmediateOops: 2, NonImmediateOops: No
[5,640s][debug][gc,nmethod     ] Register NMethod: java.lang.ref.ReferenceQueue.remove0 (0x000071df3f40bd08) [0x000071df3f40be00, 0x000071df3f40c428] Compiler: c1, Barriers: 1, Oops: 0, ImmediateOops: 0, NonImmediateOops: No
[5,640s][debug][gc,nmethod     ] Register NMethod: java.lang.ref.Reference.enqueueFromPending (0x000071df3f43ae08) [0x000071df3f43af00, 0x000071df3f43b278] Compiler: c1, Barriers: 1, Oops: 0, ImmediateOops: 1, NonImmediateOops: No
[5,640s][debug][gc,nmethod     ] Register NMethod: java.lang.ref.ReferenceQueue.enqueue (0x000071df3ff03888) [0x000071df3ff03980, 0x000071df3ff03c68] Compiler: c1, Barriers: 1, Oops: 0, ImmediateOops: 0, NonImmediateOops: No
[5,640s][debug][gc,nmethod     ] Register NMethod: java.lang.ref.ReferenceQueue.poll0 (0x000071df3f40e408) [0x000071df3f40e500, 0x000071df3f40eb90] Compiler: c1, Barriers: 11, Oops: 0, ImmediateOops: 3, NonImmediateOops: No
[5,640s][debug][gc,nmethod     ] Register NMethod: java.lang.ref.ReferenceQueue.enqueue0 (0x000071df3f4c3588) [0x000071df3f4c3680, 0x000071df3f4c3fc8] Compiler: c1, Barriers: 13, Oops: 0, ImmediateOops: 5, NonImmediateOops: No
[5,640s][debug][gc,nmethod     ] Register NMethod: java.lang.ref.ReferenceQueue.remove (0x000071df3f81ae88) [0x000071df3f81af80, 0x000071df3f81b7b0] Compiler: c1, Barriers: 2, Oops: 0, ImmediateOops: 0, NonImmediateOops: No
[5,640s][debug][gc,nmethod     ] Register NMethod: java.lang.ref.FinalReference.get (0x000071df3f689288) [0x000071df3f689380, 0x000071df3f689678] Compiler: c1, Barriers: 0, Oops: 0, ImmediateOops: 0, NonImmediateOops: No
[5,640s][debug][gc,nmethod     ] Register NMethod: java.lang.ref.Reference.getFromInactiveFinalReference (0x000071df3f48ec88) [0x000071df3f48ed80, 0x000071df3f48eed0] Compiler: c1, Barriers: 1, Oops: 0, ImmediateOops: 0, NonImmediateOops: No
[5,640s][debug][gc,nmethod     ] Register NMethod: java.lang.System$1.invokeFinalize (0x000071df3fda3188) [0x000071df3fda3280, 0x000071df3fda3588] Compiler: c1, Barriers: 0, Oops: 0, ImmediateOops: 0, NonImmediateOops: No
[5,640s][debug][gc,nmethod     ] Register NMethod: java.lang.ref.FinalReference.clear (0x000071df3ff4a008) [0x000071df3ff4a100, 0x000071df3ff4a3f8] Compiler: c1, Barriers: 0, Oops: 0, ImmediateOops: 0, NonImmediateOops: No
[5,640s][debug][gc,nmethod     ] Register NMethod: java.lang.ref.Reference.clearInactiveFinalReference (0x000071df3f4c4388) [0x000071df3f4c4480, 0x000071df3f4c4620] Compiler: c1, Barriers: 3, Oops: 0, ImmediateOops: 0, NonImmediateOops: No
[5,640s][debug][gc,nmethod     ] Register NMethod: net.jpountz.xxhash.StreamingXXHash32JNI.finalize (0x000071df4013a408) [0x000071df4013a500, 0x000071df4013a828] Compiler: c1, Barriers: 0, Oops: 1, ImmediateOops: 0, NonImmediateOops: No
[5,641s][debug][gc,nmethod     ] Register NMethod: java.lang.Object.finalize (0x000071df3f4ce788) [0x000071df3f4ce880, 0x000071df3f4ce980] Compiler: c1, Barriers: 0, Oops: 0, ImmediateOops: 0, NonImmediateOops: No
[5,641s][debug][gc,nmethod     ] Register NMethod: java.lang.ref.Finalizer.runFinalizer (0x000071df3f90c408) [0x000071df3f90c500, 0x000071df3f90d808] Compiler: c1, Barriers: 20, Oops: 1, ImmediateOops: 6, NonImmediateOops: No
[5,641s][info ][gc,phases      ] GC(2) O: Concurrent Select Relocation Set 1,890ms
[5,641s][debug][gc,phases,start] GC(2) O: Concurrent Remap Roots
[5,641s][info ][gc,task        ] GC(2) O: Using 5 Workers for Old Generation
[5,641s][debug][gc,task        ] GC(2) O: Executing ZRemapYoungRootsTask using ZWorkerOld with 5 workers
[5,642s][debug][gc,nmethod     ] Register NMethod: java.lang.invoke.MethodHandles$Lookup.revealDirect (0x000071df400bf308) [0x000071df400bf400, 0x000071df400c2110] Compiler: c1, Barriers: 2, Oops: 2, ImmediateOops: 4, NonImmediateOops: No
[5,642s][debug][gc,nmethod     ] Register NMethod: jdk.internal.foreign.MemorySessionImpl$ResourceList.cleanup (0x000071df3f54c988) [0x000071df3f54ca80, 0x000071df3f54d1b0] Compiler: c1, Barriers: 1, Oops: 0, ImmediateOops: 0, NonImmediateOops: No
[5,643s][debug][gc,nmethod     ] Register NMethod: jdk.internal.foreign.MemorySessionImpl$ResourceList.cleanupSingle (0x000071df3f422f88) [0x000071df3f423080, 0x000071df3f423628] Compiler: c1, Barriers: 0, Oops: 0, ImmediateOops: 0, NonImmediateOops: No
[5,643s][debug][gc,nmethod     ] Register NMethod: jdk.internal.foreign.SegmentFactories$1.cleanup (0x000071df3f6e5b08) [0x000071df3f6e5c00, 0x000071df3f6e61b0] Compiler: c1, Barriers: 0, Oops: 1, ImmediateOops: 4, NonImmediateOops: No
[5,643s][debug][gc,nmethod     ] Register NMethod: java.lang.invoke.InnerClassLambdaMetafactory.convertArgumentTypes (0x000071df4005d808) [0x000071df4005d900, 0x000071df4005ee18] Compiler: c1, Barriers: 11, Oops: 0, ImmediateOops: 1, NonImmediateOops: No
[5,644s][debug][gc,nmethod     ] Register NMethod: java.nio.Bits.unreserveMemory (0x000071df3f60fb08) [0x000071df3f60fc00, 0x000071df3f6102f8] Compiler: c1, Barriers: 0, Oops: 0, ImmediateOops: 3, NonImmediateOops: No
[5,644s][debug][gc,nmethod     ] Register NMethod: java.lang.invoke.AbstractValidatingLambdaMetafactory.<init> (0x000071df3f93c588) [0x000071df3f93c680, 0x000071df3f947798] Compiler: c1, Barriers: 117, Oops: 5, ImmediateOops: 13, NonImmediateOops: No
[5,644s][debug][gc,nmethod     ] Register NMethod: java.util.concurrent.atomic.AtomicLong.decrementAndGet (0x000071df3f4d6288) [0x000071df3f4d6380, 0x000071df3f4d64a0] Compiler: c1, Barriers: 0, Oops: 0, ImmediateOops: 0, NonImmediateOops: No
[5,644s][debug][gc,nmethod     ] Register NMethod: jdk.internal.misc.InnocuousThread.eraseThreadLocals (0x000071df3f7c1608) [0x000071df3f7c1700, 0x000071df3f7c1908] Compiler: c1, Barriers: 6, Oops: 0, ImmediateOops: 0, NonImmediateOops: No
[5,644s][debug][gc,nmethod     ] Register NMethod: jdk.internal.ref.CleanerImpl$CleanableList.isEmpty (0x000071df3f8c3b08) [0x000071df3f8c3c00, 0x000071df3f8c3ed8] Compiler: c1, Barriers: 1, Oops: 0, ImmediateOops: 0, NonImmediateOops: No
[5,644s][debug][gc,nmethod     ] Register NMethod: java.lang.ref.ReferenceQueue.remove0 (0x000071df3f8d8588) [0x000071df3f8d8680, 0x000071df3f8d8c30] Compiler: c1, Barriers: 1, Oops: 0, ImmediateOops: 0, NonImmediateOops: No
[5,644s][debug][gc,nmethod     ] Register NMethod: jdk.internal.foreign.MemorySessionImpl$ResourceList.run (0x000071df3fc35488) [0x000071df3fc35580, 0x000071df3fc35880] Compiler: c1, Barriers: 0, Oops: 0, ImmediateOops: 0, NonImmediateOops: No
[5,645s][debug][gc,nmethod     ] Register NMethod: java.lang.ref.ReferenceQueue.remove (0x000071df3fb29d88) [0x000071df3fb29e80, 0x000071df3fb2ac50] Compiler: c1, Barriers: 3, Oops: 0, ImmediateOops: 1, NonImmediateOops: No
[5,645s][debug][gc,nmethod     ] Register NMethod: java.nio.Buffer$2.unreserveMemory (0x000071df3f506908) [0x000071df3f506a00, 0x000071df3f506b38] Compiler: c1, Barriers: 0, Oops: 0, ImmediateOops: 0, NonImmediateOops: No
[5,645s][debug][gc,nmethod     ] Register NMethod: java.lang.invoke.VarHandleReferences$FieldInstanceReadOnly.getAcquire (0x000071df3f43b608) [0x000071df3f43b700, 0x000071df3f43c340] Compiler: c1, Barriers: 2, Oops: 1, ImmediateOops: 1, NonImmediateOops: No
[5,645s][debug][gc,nmethod     ] Register NMethod: jdk.internal.foreign.MemorySessionImpl$ResourceList.cleanup (0x000071df3f507408) [0x000071df3f507500, 0x000071df3f507618] Compiler: c1, Barriers: 0, Oops: 0, ImmediateOops: 0, NonImmediateOops: No
[5,645s][info ][gc,task        ] GC(2) O: Using 5 Workers for Old Generation
[5,645s][info ][gc,phases      ] GC(2) O: Concurrent Remap Roots 4,732ms
[5,645s][debug][gc,reloc       ] Synchronize all workers 1 _nworkers: 0 _nsynchronized: 0
[5,646s][debug][gc,reloc       ] Synchronize all workers 1 _nworkers: 0 _nsynchronized: 0
[5,646s][debug][gc,nmethod     ] Register NMethod: java.lang.ref.Reference.enqueueFromPending (0x000071df5ed1c488) [0x000071df5ed1c580, 0x000071df5ed1ccf8] Compiler: jvmci, Barriers: 24, Oops: 0, ImmediateOops: 3, NonImmediateOops: No
[5,646s][debug][gc,phases,start] GC(2) O: Pause Relocate Start
[5,646s][debug][gc,reloc       ] GC(2) O: Joining workers: 5
[5,646s][info ][gc,phases      ] GC(2) O: Pause Relocate Start 0,026ms
[5,646s][debug][gc,reloc       ] Desynchronize all workers _nworkers: 5 _nsynchronized: 0
[5,646s][debug][gc,reloc       ] Desynchronize all workers _nworkers: 0 _nsynchronized: 0
[5,646s][debug][gc,phases,start] GC(2) O: Concurrent Relocate
[5,646s][debug][gc,task        ] GC(2) O: Executing ZRelocateStoreBufferInstallBasePointersTask using ZWorkerOld with 5 workers
[5,646s][debug][gc,task        ] GC(2) O: Executing ZRelocateTask using ZWorkerOld with 5 workers
[5,646s][debug][gc,nmethod     ] Register NMethod: java.lang.invoke.InnerClassLambdaMetafactory$3.accept (0x000071df3f4e7808) [0x000071df3f4e7900, 0x000071df3f4e9688] Compiler: c1, Barriers: 13, Oops: 0, ImmediateOops: 4, NonImmediateOops: No
[5,647s][debug][gc,nmethod     ] Register NMethod: jdk.internal.misc.CDS.isDumpingArchive (0x000071df3f517c08) [0x000071df3f517d00, 0x000071df3f517df8] Compiler: c1, Barriers: 0, Oops: 0, ImmediateOops: 0, NonImmediateOops: No
[5,647s][debug][gc,nmethod     ] Register NMethod: jdk.internal.foreign.SharedSession$SharedResourceList.cleanup (0x000071df3f4e2288) [0x000071df3f4e2380, 0x000071df3f4e6148] Compiler: c1, Barriers: 7, Oops: 10, ImmediateOops: 33, NonImmediateOops: No
[5,647s][debug][gc,nmethod     ] Register NMethod: java.lang.invoke.InfoFromMemberName.<init> (0x000071df3f51cd08) [0x000071df3f51ce00, 0x000071df3f51cff8] Compiler: c1, Barriers: 3, Oops: 0, ImmediateOops: 0, NonImmediateOops: No
[5,647s][debug][gc,nmethod     ] Register NMethod: java.lang.invoke.MethodHandles$Lookup.makeHiddenClassDefiner (0x000071df3fd98c88) [0x000071df3fd98d80, 0x000071df3fd99028] Compiler: c1, Barriers: 0, Oops: 0, ImmediateOops: 0, NonImmediateOops: No
[5,647s][debug][gc,nmethod     ] Register NMethod: jdk.internal.misc.CDS.isUsingArchive (0x000071df3f524408) [0x000071df3f524500, 0x000071df3f5245f8] Compiler: c1, Barriers: 0, Oops: 0, ImmediateOops: 0, NonImmediateOops: No
[5,647s][debug][gc,nmethod     ] Register NMethod: java.lang.invoke.InnerClassLambdaMetafactory$6.accept (0x000071df3f454c88) [0x000071df3f454d80, 0x000071df3f4550e8] Compiler: c1, Barriers: 0, Oops: 0, ImmediateOops: 0, NonImmediateOops: No
[5,647s][debug][gc,nmethod     ] Register NMethod: java.lang.invoke.InnerClassLambdaMetafactory.generateConstructor (0x000071df3f412908) [0x000071df3f412a00, 0x000071df3f412f78] Compiler: c1, Barriers: 4, Oops: 1, ImmediateOops: 1, NonImmediateOops: No
[5,647s][debug][gc,nmethod     ] Register NMethod: jdk.internal.misc.InnocuousThread.eraseThreadLocals (0x000071df5ed49708) [0x000071df5ed49800, 0x000071df5ed49940] Compiler: jvmci, Barriers: 4, Oops: 0, ImmediateOops: 0, NonImmediateOops: No
[5,652s][debug][gc,nmethod     ] Register NMethod: java.util.concurrent.atomic.AtomicLong.decrementAndGet (0x000071df5ed6cb08) [0x000071df5ed6cc00, 0x000071df5ed6cc90] Compiler: jvmci, Barriers: 0, Oops: 0, ImmediateOops: 0, NonImmediateOops: No
[5,653s][debug][gc,nmethod     ] Register NMethod: java.lang.invoke.VarHandleGuards.guard_L_L (0x000071df5ed43208) [0x000071df5ed43300, 0x000071df5ed43e98] Compiler: jvmci, Barriers: 28, Oops: 0, ImmediateOops: 5, NonImmediateOops: No
[5,654s][debug][gc,nmethod     ] Register NMethod: java.lang.ref.ReferenceQueue.enqueue0 (0x000071df5ed4f188) [0x000071df5ed4f280, 0x000071df5ed4f888] Compiler: jvmci, Barriers: 23, Oops: 0, ImmediateOops: 3, NonImmediateOops: No
[5,654s][debug][gc,nmethod     ] Register NMethod: java.lang.invoke.VarHandleReferences$FieldInstanceReadOnly.getVolatile (0x000071df5ed53208) [0x000071df5ed53300, 0x000071df5ed535f8] Compiler: jvmci, Barriers: 2, Oops: 0, ImmediateOops: 0, NonImmediateOops: No
[5,655s][debug][gc,nmethod     ] Register NMethod: java.lang.ref.ReferenceQueue.enqueue (0x000071df5ed1d688) [0x000071df5ed1d780, 0x000071df5ed1deb0] Compiler: jvmci, Barriers: 23, Oops: 0, ImmediateOops: 3, NonImmediateOops: No
[5,657s][debug][gc,nmethod     ] Register NMethod: jdk.internal.ref.CleanerImpl$CleanableList.remove (0x000071df5ed7db08) [0x000071df5ed7dc00, 0x000071df5ed7e570] Compiler: jvmci, Barriers: 30, Oops: 0, ImmediateOops: 0, NonImmediateOops: No
[5,657s][debug][gc,nmethod     ] Register NMethod: java.lang.ref.ReferenceQueue.poll0 (0x000071df5ed7bf88) [0x000071df5ed7c080, 0x000071df5ed7c370] Compiler: jvmci, Barriers: 11, Oops: 0, ImmediateOops: 2, NonImmediateOops: No
[5,658s][debug][gc,reloc       ] GC(2) O: Leaving workers: left: 4 _synchronize: 0 _nsynchronized: 0
[5,658s][debug][gc,reloc       ] GC(2) O: Leaving workers: left: 3 _synchronize: 0 _nsynchronized: 0
[5,658s][debug][gc,reloc       ] GC(2) O: Leaving workers: left: 2 _synchronize: 0 _nsynchronized: 0
[5,659s][debug][gc,nmethod     ] Register NMethod: jdk.internal.ref.CleanerImpl$CleanableList.isEmpty (0x000071df5ed57588) [0x000071df5ed57680, 0x000071df5ed578f8] Compiler: jvmci, Barriers: 1, Oops: 0, ImmediateOops: 0, NonImmediateOops: No
[5,659s][debug][gc,reloc       ] GC(2) O: Leaving workers: left: 1 _synchronize: 0 _nsynchronized: 0
[5,659s][debug][gc,nmethod     ] Register NMethod: java.lang.ref.Reference.processPendingReferences (0x000071df3fe83f08) [0x000071df3fe84000, 0x000071df3fe85310] Compiler: c1, Barriers: 5, Oops: 1, ImmediateOops: 12, NonImmediateOops: No
[5,659s][debug][gc,reloc       ] GC(2) O: Leaving workers: left: 0 _synchronize: 0 _nsynchronized: 0
[5,659s][info ][gc,phases      ] GC(2) O: Concurrent Relocate 12,648ms
[5,659s][debug][gc,heap        ] GC(2) O: Heap After GC invocations=4 (full 3):
[5,659s][debug][gc,heap        ] GC(2) O:  ZHeap           used 524M, capacity 5120M, max capacity 12288M
[5,659s][debug][gc,heap        ] GC(2) O:   Cache          4596M (17)
[5,659s][debug][gc,heap        ] GC(2) O:    size classes  2M (6), 4M (7), 16M (1), 128M (1), 512M (1), 2G (1)
[5,659s][debug][gc,metaspace   ] GC(2) O: Metaspace After GC invocations=4 (full 3):
[5,659s][debug][gc,metaspace   ] GC(2) O:  Metaspace       used 33283K, committed 33728K, reserved 1114112K
[5,659s][debug][gc,metaspace   ] GC(2) O:   class space    used 2610K, committed 2816K, reserved 1048576K
[5,659s][info ][gc,alloc       ] GC(2) O:                         Mark Start        Mark End      Relocate Start    Relocate End   
[5,659s][info ][gc,alloc       ] GC(2) O: Allocation Stalls:          0                0                0                0         
[5,659s][info ][gc,load        ] GC(2) O: Load: 5,31 (27%) / 2,18 (11%) / 1,52 (8%)
[5,659s][info ][gc,mmu         ] GC(2) O: MMU: 2ms/93,2%, 5ms/97,3%, 10ms/98,6%, 20ms/99,3%, 50ms/99,7%, 100ms/99,9%
[5,659s][info ][gc,marking     ] GC(2) O: Mark: 4 stripe(s), 10 proactive flush(es), 1 terminate flush(es), 0 completion(s), 0 continuation(s) 
[5,659s][info ][gc,nmethod     ] GC(2) O: NMethods: 4495 registered, 887 unregistered
[5,659s][info ][gc,metaspace   ] GC(2) O: Metaspace: 32M used, 32M committed, 1088M reserved
[5,659s][info ][gc,ref         ] GC(2) O:                       Encountered   Discovered     Enqueued 
[5,659s][info ][gc,ref         ] GC(2) O: Soft References:             3011            0            0 
[5,659s][info ][gc,ref         ] GC(2) O: Weak References:             2031         1175          409 
[5,659s][info ][gc,ref         ] GC(2) O: Final References:            7268         6655         6616 
[5,659s][info ][gc,ref         ] GC(2) O: Phantom References:        944435       722930       619718 
[5,659s][info ][gc,reloc       ] GC(2) O:                        Candidates     Selected     In-Place         Size        Empty    Relocated 
[5,659s][info ][gc,reloc       ] GC(2) O: Small Pages:                  245           20            0         490M           2M           8M 
[5,659s][info ][gc,reloc       ] GC(2) O: Medium Pages:                   1            0            0          32M           0M           0M 
[5,659s][info ][gc,reloc       ] GC(2) O: Large Pages:                    0            0            0           0M           0M           0M 
[5,659s][info ][gc,reloc       ] GC(2) O: Forwarding Usage: 18M
[5,659s][info ][gc,heap        ] GC(2) O: Min Capacity: 5120M(42%)
[5,659s][info ][gc,heap        ] GC(2) O: Max Capacity: 12288M(100%)
[5,659s][info ][gc,heap        ] GC(2) O: Soft Max Capacity: 12288M(100%)
[5,659s][info ][gc,heap        ] GC(2) O: Heap Statistics:
[5,659s][info ][gc,heap        ] GC(2) O:                Mark Start          Mark End        Relocate Start      Relocate End           High               Low         
[5,659s][info ][gc,heap        ] GC(2) O:  Capacity:     5120M (42%)        5120M (42%)        5120M (42%)        5120M (42%)        5120M (42%)        5120M (42%)    
[5,659s][debug][gc,nmethod     ] Register NMethod: java.lang.ref.Reference.processPendingReferences (0x000071df3f4bf708) [0x000071df3f4bf800, 0x000071df3f4c0ac8] Compiler: c1, Barriers: 5, Oops: 1, ImmediateOops: 12, NonImmediateOops: No
[5,659s][info ][gc,heap        ] GC(2) O:      Free:    11742M (96%)       11752M (96%)       11748M (96%)       11764M (96%)       11764M (96%)       11722M (95%)    
[5,659s][info ][gc,heap        ] GC(2) O:      Used:      546M (4%)          536M (4%)          540M (4%)          524M (4%)          566M (5%)          524M (4%)     
[5,659s][info ][gc,heap        ] GC(2) O: Old Generation Statistics:
[5,659s][info ][gc,heap        ] GC(2) O:                Mark Start          Mark End        Relocate Start      Relocate End    
[5,659s][info ][gc,heap        ] GC(2) O:      Used:      522M (4%)          522M (4%)          520M (4%)          502M (4%)     
[5,659s][info ][gc,heap        ] GC(2) O:      Live:         -               429M (3%)          429M (3%)          429M (3%)     
[5,659s][info ][gc,heap        ] GC(2) O:   Garbage:         -                92M (1%)           90M (1%)           41M (0%)     
[5,659s][info ][gc,heap        ] GC(2) O: Allocated:         -                 0M (0%)            0M (0%)           30M (0%)     
[5,659s][info ][gc,heap        ] GC(2) O: Reclaimed:         -                  -                 2M (0%)           50M (0%)     
[5,659s][info ][gc,heap        ] GC(2) O: Compacted:         -                  -                  -                61M (0%)     
[5,660s][info ][gc,phases      ] GC(2) O: Old Generation 536M(4%)->524M(4%) 0,192s
[5,660s][debug][gc,nmethod     ] Register NMethod: jdk.internal.foreign.MemorySessionImpl$ResourceList.cleanup (0x000071df5ed67508) [0x000071df5ed67600, 0x000071df5ed67838] Compiler: jvmci, Barriers: 2, Oops: 0, ImmediateOops: 4, NonImmediateOops: No
[5,660s][info ][gc             ] GC(2) Major Collection (System.gc()) 1934M(16%)->524M(4%) 0,493s
[5,660s][info ][gc             ] GC(3) Major Collection (System.gc())
[5,660s][info ][gc,task        ] GC(3) Using 5 Workers for Young Generation
[5,660s][info ][gc,task        ] GC(3) Using 5 Workers for Old Generation
[5,660s][debug][gc,heap        ] GC(3) Y: Heap Before GC invocations=4 (full 3):
[5,660s][debug][gc,heap        ] GC(3) Y:  ZHeap           used 524M, capacity 5120M, max capacity 12288M
[5,660s][debug][gc,heap        ] GC(3) Y:   Cache          4596M (17)
[5,660s][debug][gc,heap        ] GC(3) Y:    size classes  2M (6), 4M (7), 16M (1), 128M (1), 512M (1), 2G (1)
[5,660s][debug][gc,metaspace   ] GC(3) Y: Metaspace Before GC invocations=4 (full 3):
[5,660s][debug][gc,alloc       ] Mutator Allocation Rate: 665,9MB/s Predicted: 795,3MB/s, Avg: 514,2(+/-161,6)MB/s
[5,660s][debug][gc,nmethod     ] Register NMethod: jdk.internal.foreign.SegmentFactories$1.cleanup (0x000071df5ed1d388) [0x000071df5ed1d480, 0x000071df5ed1d5e8] Compiler: jvmci, Barriers: 0, Oops: 0, ImmediateOops: 4, NonImmediateOops: No
[5,660s][debug][gc,metaspace   ] GC(3) Y:  Metaspace       used 33283K, committed 33728K, reserved 1114112K
[5,660s][debug][gc,metaspace   ] GC(3) Y:   class space    used 2610K, committed 2816K, reserved 1048576K
[5,660s][info ][gc,phases      ] GC(3) Y: Young Generation (Promote All)
[5,660s][debug][gc,reloc       ] Synchronize all workers 1 _nworkers: 0 _nsynchronized: 0
[5,660s][debug][gc,reloc       ] Synchronize all workers 1 _nworkers: 0 _nsynchronized: 0
[5,660s][debug][gc,phases,start] GC(3) Y: Pause Mark Start
[5,660s][debug][gc,tlab        ] GC(3) Y: TLAB usage update: used 24M -> 20M, capacity: 547M -> 389M
[5,660s][debug][gc,marking     ] GC(3) Y: Using 4 mark stripes
[5,660s][debug][gc,marking     ] GC(3) Y: Mark Worker/Stripe Distribution
[5,660s][debug][gc,marking     ] GC(3) Y:   Worker 0(5) -> Stripe 0(4)
[5,660s][debug][gc,marking     ] GC(3) Y:   Worker 1(5) -> Stripe 1(4)
[5,660s][debug][gc,marking     ] GC(3) Y:   Worker 2(5) -> Stripe 2(4)
[5,660s][debug][gc,marking     ] GC(3) Y:   Worker 3(5) -> Stripe 3(4)
[5,660s][debug][gc,marking     ] GC(3) Y:   Worker 4(5) -> Stripe 0(4)
[5,660s][info ][gc,phases      ] GC(3) Y: Pause Mark Start 0,059ms
[5,660s][debug][gc,reloc       ] Desynchronize all workers _nworkers: 0 _nsynchronized: 0
[5,660s][debug][gc,reloc       ] Desynchronize all workers _nworkers: 0 _nsynchronized: 0
[5,660s][debug][gc,phases,start] GC(3) Y: Concurrent Mark
[5,660s][debug][gc,phases,start] GC(3) Y: Concurrent Mark Roots
[5,660s][debug][gc,marking     ] Resurrection broke termination
[5,660s][debug][gc,task        ] GC(3) Y: Executing ZMarkYoungRootsTask using ZWorkerYoung with 5 workers
[5,662s][debug][gc,tlab        ] GC(3) Y: TLAB totals: thrds: 12  refills: 30 max: 19 slow allocs: 10 max 10 waste: 76,5% gc: 813544B max: 262072B slow: 10768B max: 10768B
[5,662s][debug][gc,nmethod     ] Register NMethod: java.lang.ref.ReferenceQueue.remove0 (0x000071df5ee1ba08) [0x000071df5ee1bb00, 0x000071df5ee1be18] Compiler: jvmci, Barriers: 11, Oops: 0, ImmediateOops: 2, NonImmediateOops: No
[5,663s][debug][gc,phases      ] GC(3) Y: Concurrent Mark Roots 2,594ms
[5,663s][debug][gc,phases,start] GC(3) Y: Concurrent Mark Follow
[5,663s][debug][gc,marking     ] GC(3) Y: Using 4 mark stripes
[5,663s][debug][gc,task        ] GC(3) Y: Executing ZRememberedScanMarkFollowTask using ZWorkerYoung with 5 workers
[5,663s][debug][gc,remset      ] GC(3) Y: scan_forwarding failed retain safe 0x0000000000400000
[5,663s][debug][gc,remset      ] GC(3) Y: scan_forwarding failed retain safe 0x0000000000600000
[5,663s][debug][gc,remset      ] GC(3) Y: scan_forwarding failed retain safe 0x0000000000800000
[5,664s][debug][gc,remset      ] GC(3) Y: scan_forwarding failed retain safe 0x0000000000e00000
[5,664s][debug][gc,nmethod     ] Register NMethod: java.util.stream.ReferencePipeline.sorted (0x000071df3f8e9108) [0x000071df3f8e9200, 0x000071df3f8e9408] Compiler: c1, Barriers: 0, Oops: 0, ImmediateOops: 0, NonImmediateOops: No
[5,664s][debug][gc,nmethod     ] Register NMethod: java.util.stream.SortedOps.makeRef (0x000071df3f533e08) [0x000071df3f533f00, 0x000071df3f534090] Compiler: c1, Barriers: 0, Oops: 0, ImmediateOops: 0, NonImmediateOops: No
[5,664s][debug][gc,remset      ] GC(3) Y: scan_forwarding failed retain safe 0x0000000003200000
[5,665s][debug][gc,remset      ] GC(3) Y: scan_forwarding failed retain safe 0x0000000003400000
[5,665s][debug][gc,nmethod     ] Register NMethod: java.lang.ref.ReferenceQueue.remove (0x000071df5ee35c88) [0x000071df5ee35d80, 0x000071df5ee36268] Compiler: jvmci, Barriers: 12, Oops: 0, ImmediateOops: 2, NonImmediateOops: No
[5,665s][debug][gc,remset      ] GC(3) Y: scan_forwarding failed retain safe 0x0000000003600000
[5,665s][debug][gc,remset      ] GC(3) Y: scan_forwarding failed retain safe 0x0000000003800000
[5,665s][debug][gc,remset      ] GC(3) Y: scan_forwarding failed retain safe 0x0000000003a00000
[5,665s][debug][gc,remset      ] GC(3) Y: scan_forwarding failed retain safe 0x0000000003c00000
[5,666s][debug][gc,remset      ] GC(3) Y: scan_forwarding failed retain safe 0x0000000003e00000
[5,666s][debug][gc,remset      ] GC(3) Y: scan_forwarding failed retain safe 0x0000000004200000
[5,666s][debug][gc,remset      ] GC(3) Y: scan_forwarding failed retain safe 0x0000000004400000
[5,666s][debug][gc,remset      ] GC(3) Y: scan_forwarding failed retain safe 0x0000000004800000
[5,666s][debug][gc,remset      ] GC(3) Y: scan_forwarding failed retain safe 0x0000000004a00000
[5,666s][debug][gc,remset      ] GC(3) Y: scan_forwarding failed retain safe 0x0000000004e00000
[5,666s][debug][gc,remset      ] GC(3) Y: scan_forwarding failed retain safe 0x0000000005000000
[5,667s][debug][gc,remset      ] GC(3) Y: scan_forwarding failed retain safe 0x000000000f200000
[5,667s][debug][gc,remset      ] GC(3) Y: scan_forwarding failed retain safe 0x000000000f400000
[5,667s][debug][gc,nmethod     ] Register NMethod: com.google.common.hash.MessageDigestHashFunction$MessageDigestHasher.update (0x000071df3f44f308) [0x000071df3f44f400, 0x000071df3f44fa48] Compiler: c1, Barriers: 1, Oops: 2, ImmediateOops: 2, NonImmediateOops: No
[5,667s][debug][gc,remset      ] GC(3) Y: scan_forwarding failed retain safe 0x000000000f600000
[5,667s][debug][gc,nmethod     ] Register NMethod: io.sirix.node.MemorySegmentBytesOut.writeShort (0x000071df3f550988) [0x000071df3f550a80, 0x000071df3f550c08] Compiler: c1, Barriers: 1, Oops: 1, ImmediateOops: 0, NonImmediateOops: No
[5,667s][debug][gc,remset      ] GC(3) Y: scan_forwarding failed retain safe 0x000000000fa00000
[5,667s][debug][gc,nmethod     ] Register NMethod: com.google.common.hash.AbstractByteHasher.putBytes (0x000071df3f57b488) [0x000071df3f57b580, 0x000071df3f57bc88] Compiler: c1, Barriers: 1, Oops: 2, ImmediateOops: 2, NonImmediateOops: No
[5,667s][debug][gc,remset      ] GC(3) Y: scan_forwarding failed retain safe 0x000000000fc00000
[5,668s][debug][gc,remset      ] GC(3) Y: scan_forwarding failed retain safe 0x0000000010800000
[5,668s][debug][gc,remset      ] GC(3) Y: scan_forwarding failed retain safe 0x0000000010e00000
[5,668s][debug][gc,remset      ] GC(3) Y: scan_forwarding failed retain safe 0x0000000011000000
[5,668s][debug][gc,nmethod     ] Register NMethod: jdk.internal.foreign.SharedSession$SharedResourceList.cleanup (0x000071df5ed79008) [0x000071df5ed79100, 0x000071df5ed79448] Compiler: jvmci, Barriers: 9, Oops: 0, ImmediateOops: 5, NonImmediateOops: No
[5,669s][debug][gc,remset      ] GC(3) Y: scan_forwarding failed retain safe 0x0000000011200000
[5,669s][debug][gc,remset      ] GC(3) Y: scan_forwarding failed retain safe 0x0000000011600000
[5,669s][debug][gc,nmethod     ] Register NMethod: jdk.internal.foreign.MemorySessionImpl$ResourceList.run (0x000071df5ed78b88) [0x000071df5ed78c80, 0x000071df5ed78fe8] Compiler: jvmci, Barriers: 9, Oops: 0, ImmediateOops: 5, NonImmediateOops: No
[5,669s][debug][gc,nmethod     ] Register NMethod: java.util.ImmutableCollections$Access$1.listFromTrustedArrayNullsAllowed (0x000071df3f566d88) [0x000071df3f566e80, 0x000071df3f566fb0] Compiler: c1, Barriers: 0, Oops: 0, ImmediateOops: 0, NonImmediateOops: No
[5,669s][debug][gc,nmethod     ] Register NMethod: java.util.stream.ReferencePipeline.toArray (0x000071df3f507a08) [0x000071df3f507b00, 0x000071df3f508040] Compiler: c1, Barriers: 0, Oops: 0, ImmediateOops: 0, NonImmediateOops: No
[5,669s][debug][gc,remset      ] GC(3) Y: scan_forwarding failed retain safe 0x0000000011800000
[5,669s][debug][gc,remset      ] GC(3) Y: scan_forwarding failed retain safe 0x0000000011c00000
[5,669s][debug][gc,remset      ] GC(3) Y: scan_forwarding failed retain safe 0x0000000011e00000
[5,669s][debug][gc,nmethod     ] Register NMethod: java.util.stream.ReferencePipeline.toArray (0x000071df3fb44408) [0x000071df3fb44500, 0x000071df3fb44d18] Compiler: c1, Barriers: 0, Oops: 2, ImmediateOops: 1, NonImmediateOops: No
[5,669s][debug][gc,nmethod     ] Register NMethod: io.sirix.page.SerializationType.serializeBitSet (0x000071df3f456a88) [0x000071df3f456b80, 0x000071df3f456f48] Compiler: c1, Barriers: 2, Oops: 1, ImmediateOops: 0, NonImmediateOops: No
[5,670s][debug][gc,nmethod     ] Register NMethod: java.util.stream.ReferencePipeline.toList (0x000071df3f430288) [0x000071df3f430380, 0x000071df3f430ec0] Compiler: c1, Barriers: 0, Oops: 2, ImmediateOops: 1, NonImmediateOops: No
[5,670s][debug][gc,remset      ] GC(3) Y: scan_forwarding failed retain safe 0x0000000012000000
[5,670s][debug][gc,remset      ] GC(3) Y: scan_forwarding failed retain safe 0x0000000012400000
[5,670s][debug][gc,nmethod     ] Register NMethod: java.nio.Bits.unreserveMemory (0x000071df5ed91488) [0x000071df5ed91580, 0x000071df5ed91628] Compiler: jvmci, Barriers: 0, Oops: 0, ImmediateOops: 3, NonImmediateOops: No
[5,670s][debug][gc,remset      ] GC(3) Y: scan_forwarding failed retain safe 0x0000000012600000
[5,670s][debug][gc,remset      ] GC(3) Y: scan_forwarding failed retain safe 0x0000000012800000
[5,670s][debug][gc,remset      ] GC(3) Y: scan_forwarding failed retain safe 0x0000000012e00000
[5,670s][debug][gc,remset      ] GC(3) Y: scan_forwarding failed retain safe 0x0000000014400000
[5,670s][debug][gc,remset      ] GC(3) Y: scan_forwarding failed retain safe 0x0000000014800000
[5,670s][debug][gc,remset      ] GC(3) Y: scan_forwarding failed retain safe 0x0000000014600000
[5,670s][debug][gc,director    ] Select Minor GC Workers (Not Warm), GCWorkers: 5,000
[5,670s][debug][gc,remset      ] GC(3) Y: scan_forwarding failed retain safe 0x0000000015400000
[5,670s][debug][gc,remset      ] GC(3) Y: scan_forwarding failed retain safe 0x0000000015200000
[5,670s][debug][gc,director    ] Rule Minor: Allocation Rate (Dynamic GC Workers), MaxAllocRate: 514,2MB/s (+/-31,4%), Free: 11682MB, GCCPUTime: 3,576, GCDuration: 0,717s, TimeUntilOOM: 17,286s, TimeUntilGC: 16,568s, GCWorkers: 5
[5,670s][debug][gc,remset      ] GC(3) Y: scan_forwarding failed retain safe 0x0000000016200000
[5,670s][debug][gc,remset      ] GC(3) Y: scan_forwarding failed retain safe 0x0000000016400000
[5,671s][debug][gc,remset      ] GC(3) Y: scan_forwarding failed retain safe 0x0000000016600000
[5,671s][debug][gc,remset      ] GC(3) Y: scan_forwarding failed retain safe 0x0000000016a00000
[5,671s][debug][gc,remset      ] GC(3) Y: scan_forwarding failed retain safe 0x0000000016e00000
[5,671s][debug][gc,remset      ] GC(3) Y: scan_forwarding failed retain safe 0x0000000017000000
[5,671s][debug][gc,remset      ] GC(3) Y: scan_forwarding failed retain safe 0x0000000016c00000
[5,671s][debug][gc,nmethod     ] Register NMethod: jdk.internal.ref.CleanerImpl$PhantomCleanableRef.performCleanup (0x000071df5ed57f08) [0x000071df5ed58000, 0x000071df5ed59728] Compiler: jvmci, Barriers: 60, Oops: 0, ImmediateOops: 6, NonImmediateOops: No
[5,671s][debug][gc,nmethod     ] Register NMethod: java.io.ByteArrayOutputStream.close (0x000071df3f56e708) [0x000071df3f56e800, 0x000071df3f56e900] Compiler: c1, Barriers: 0, Oops: 0, ImmediateOops: 0, NonImmediateOops: No
[5,672s][debug][gc,remset      ] GC(3) Y: scan_forwarding failed retain safe 0x000000001a800000
[5,672s][debug][gc,remset      ] GC(3) Y: scan_forwarding failed retain safe 0x000000001ac00000
[5,675s][debug][gc,nmethod     ] Register NMethod: java.nio.HeapByteBuffer.putLong (0x000071df5ed78788) [0x000071df5ed78880, 0x000071df5ed78b68] Compiler: jvmci, Barriers: 5, Oops: 1, ImmediateOops: 0, NonImmediateOops: No
[5,675s][debug][gc,nmethod     ] Register NMethod: java.util.concurrent.CountedCompleter.weakCompareAndSetPendingCount (0x000071df3f5fc408) [0x000071df3f5fc500, 0x000071df3f5fc810] Compiler: c1, Barriers: 0, Oops: 0, ImmediateOops: 1, NonImmediateOops: No
[5,675s][debug][gc,remset      ] GC(3) Y: scan_forwarding failed retain safe 0x0000000024400000
[5,675s][debug][gc,remset      ] GC(3) Y: scan_forwarding failed retain safe 0x0000000024600000
[5,675s][debug][gc,remset      ] GC(3) Y: scan_forwarding failed retain safe 0x0000000024a00000
[5,675s][debug][gc,remset      ] GC(3) Y: scan_forwarding failed retain safe 0x000000004ca00000
[5,675s][debug][gc,remset      ] GC(3) Y: scan_forwarding failed retain safe 0x0000000061a00000
[5,675s][debug][gc,marking     ] GC(3) Y: Using 2 mark stripes
[5,675s][debug][gc,remset      ] GC(3) Y: scan_forwarding failed retain safe 0x0000000024800000
[5,675s][debug][gc,marking     ] GC(3) Y: Using 1 mark stripes
[5,676s][debug][gc,remset      ] GC(3) Y: Remset forwarding retained: 0,000ms count: 0 ZWorkerYoung#2
[5,676s][debug][gc,remset      ] GC(3) Y: Remset forwarding released: 0,232ms count: 11 ZWorkerYoung#2
[5,676s][debug][gc,remset      ] GC(3) Y:   0,040ms
[5,676s][debug][gc,remset      ] GC(3) Y:   0,038ms
[5,676s][debug][gc,remset      ] GC(3) Y:   0,025ms
[5,676s][debug][gc,remset      ] GC(3) Y:   0,023ms
[5,676s][debug][gc,remset      ] GC(3) Y:   0,021ms
[5,676s][debug][gc,remset      ] GC(3) Y:   0,014ms
[5,676s][debug][gc,remset      ] GC(3) Y:   0,013ms
[5,676s][debug][gc,remset      ] GC(3) Y:   0,012ms
[5,676s][debug][gc,remset      ] GC(3) Y:   0,011ms
[5,676s][debug][gc,remset      ] GC(3) Y:   0,011ms
[5,676s][debug][gc,remset      ] GC(3) Y: Remset forwarding retained: 0,000ms count: 0 ZWorkerYoung#3
[5,676s][debug][gc,remset      ] GC(3) Y: Remset forwarding released: 0,338ms count: 10 ZWorkerYoung#3
[5,676s][debug][gc,remset      ] GC(3) Y:   0,057ms
[5,676s][debug][gc,remset      ] GC(3) Y:   0,055ms
[5,676s][debug][gc,remset      ] GC(3) Y:   0,050ms
[5,676s][debug][gc,remset      ] GC(3) Y:   0,042ms
[5,676s][debug][gc,remset      ] GC(3) Y:   0,042ms
[5,676s][debug][gc,remset      ] GC(3) Y:   0,025ms
[5,676s][debug][gc,remset      ] GC(3) Y:   0,023ms
[5,676s][debug][gc,remset      ] GC(3) Y:   0,017ms
[5,676s][debug][gc,remset      ] GC(3) Y:   0,016ms
[5,676s][debug][gc,remset      ] GC(3) Y:   0,000ms
[5,676s][debug][gc,remset      ] GC(3) Y: Remset forwarding retained: 0,000ms count: 0 ZWorkerYoung#4
[5,676s][debug][gc,remset      ] GC(3) Y: Remset forwarding released: 0,390ms count: 13 ZWorkerYoung#4
[5,676s][debug][gc,remset      ] GC(3) Y:   0,120ms
[5,676s][debug][gc,remset      ] GC(3) Y:   0,047ms
[5,676s][debug][gc,remset      ] GC(3) Y:   0,040ms
[5,676s][debug][gc,remset      ] GC(3) Y:   0,028ms
[5,676s][debug][gc,remset      ] GC(3) Y:   0,025ms
[5,676s][debug][gc,remset      ] GC(3) Y:   0,022ms
[5,676s][debug][gc,remset      ] GC(3) Y:   0,020ms
[5,676s][debug][gc,remset      ] GC(3) Y:   0,019ms
[5,676s][debug][gc,remset      ] GC(3) Y:   0,017ms
[5,676s][debug][gc,remset      ] GC(3) Y:   0,011ms
[5,676s][debug][gc,remset      ] GC(3) Y: Remset forwarding retained: 0,000ms count: 0 ZWorkerYoung#1
[5,676s][debug][gc,remset      ] GC(3) Y: Remset forwarding released: 0,387ms count: 10 ZWorkerYoung#1
[5,676s][debug][gc,remset      ] GC(3) Y:   0,126ms
[5,676s][debug][gc,remset      ] GC(3) Y:   0,093ms
[5,676s][debug][gc,remset      ] GC(3) Y:   0,035ms
[5,676s][debug][gc,remset      ] GC(3) Y:   0,028ms
[5,676s][debug][gc,remset      ] GC(3) Y:   0,027ms
[5,676s][debug][gc,remset      ] GC(3) Y:   0,019ms
[5,676s][debug][gc,remset      ] GC(3) Y:   0,019ms
[5,676s][debug][gc,remset      ] GC(3) Y:   0,010ms
[5,676s][debug][gc,remset      ] GC(3) Y:   0,009ms
[5,676s][debug][gc,remset      ] GC(3) Y:   0,000ms
[5,676s][debug][gc,remset      ] GC(3) Y: Remset forwarding retained: 0,000ms count: 0 ZWorkerYoung#0
[5,676s][debug][gc,remset      ] GC(3) Y: Remset forwarding released: 0,344ms count: 11 ZWorkerYoung#0
[5,676s][debug][gc,remset      ] GC(3) Y:   0,053ms
[5,676s][debug][gc,remset      ] GC(3) Y:   0,048ms
[5,676s][debug][gc,remset      ] GC(3) Y:   0,047ms
[5,676s][debug][gc,remset      ] GC(3) Y:   0,033ms
[5,676s][debug][gc,remset      ] GC(3) Y:   0,030ms
[5,676s][debug][gc,remset      ] GC(3) Y:   0,028ms
[5,676s][debug][gc,remset      ] GC(3) Y:   0,028ms
[5,676s][debug][gc,remset      ] GC(3) Y:   0,027ms
[5,676s][debug][gc,remset      ] GC(3) Y:   0,008ms
[5,676s][debug][gc,remset      ] GC(3) Y:   0,007ms
[5,677s][debug][gc,marking     ] GC(3) Y: Try terminate after resurrection
[5,677s][debug][gc,nmethod     ] Register NMethod: jdk.internal.ref.PhantomCleanable.clean (0x000071df5ed12a88) [0x000071df5ed12b80, 0x000071df5ed14430] Compiler: jvmci, Barriers: 64, Oops: 0, ImmediateOops: 6, NonImmediateOops: No
[5,677s][debug][gc,phases      ] GC(3) Y: Concurrent Mark Follow 13,944ms
[5,677s][info ][gc,phases      ] GC(3) Y: Concurrent Mark 16,597ms
[5,677s][debug][gc,reloc       ] Synchronize all workers 1 _nworkers: 0 _nsynchronized: 0
[5,677s][debug][gc,reloc       ] Synchronize all workers 1 _nworkers: 0 _nsynchronized: 0
[5,677s][debug][gc,phases,start] GC(3) Y: Pause Mark End
[5,677s][info ][gc,phases      ] GC(3) Y: Pause Mark End 0,018ms
[5,677s][debug][gc,reloc       ] Desynchronize all workers _nworkers: 0 _nsynchronized: 0
[5,677s][debug][gc,reloc       ] Desynchronize all workers _nworkers: 0 _nsynchronized: 0
[5,677s][debug][gc,phases,start] GC(3) Y: Concurrent Mark Free
[5,677s][info ][gc,phases      ] GC(3) Y: Concurrent Mark Free 0,014ms
[5,677s][debug][gc,phases,start] GC(3) Y: Concurrent Reset Relocation Set
[5,677s][info ][gc,phases      ] GC(3) Y: Concurrent Reset Relocation Set 0,009ms
[5,677s][debug][gc,phases,start] GC(3) Y: Concurrent Select Relocation Set
[5,677s][debug][gc,reloc       ] GC(3) Y: Relocation Set (Medium Pages): 0->0, 0 skipped, 0 forwarding entries
[5,677s][debug][gc,reloc       ] GC(3) Y: Relocation Set (Small Pages): 14->1, 0 skipped, 5500 forwarding entries
[5,677s][info ][gc,reloc       ] GC(3) Y: Using tenuring threshold: 0 (Promote All)
[5,677s][debug][gc,task        ] GC(3) Y: Executing ZRelocationSetInstallTask using ZWorkerYoung with 5 workers
[5,677s][debug][gc,task        ] GC(3) Y: Executing ZPromotePagesTask using ZWorkerYoung with 5 workers
[5,677s][debug][gc,task        ] GC(3) Y: Executing ZPromotePagesTask using ZWorkerYoung with 5 workers
[5,677s][debug][gc,task        ] GC(3) Y: Executing ZPromotePagesTask using ZWorkerYoung with 5 workers
[5,677s][info ][gc,phases      ] GC(3) Y: Concurrent Select Relocation Set 0,295ms
[5,677s][debug][gc,reloc       ] Synchronize all workers 1 _nworkers: 0 _nsynchronized: 0
[5,677s][debug][gc,reloc       ] Synchronize all workers 1 _nworkers: 0 _nsynchronized: 0
[5,677s][debug][gc,phases,start] GC(3) Y: Pause Relocate Start
[5,677s][debug][gc,reloc       ] GC(3) Y: Joining workers: 5
[5,677s][info ][gc,phases      ] GC(3) Y: Pause Relocate Start 0,021ms
[5,677s][debug][gc,reloc       ] Desynchronize all workers _nworkers: 0 _nsynchronized: 0
[5,677s][debug][gc,reloc       ] Desynchronize all workers _nworkers: 5 _nsynchronized: 0
[5,677s][debug][gc,phases,start] GC(3) Y: Concurrent Relocate
[5,677s][debug][gc             ] JNI Critical Stall (ForkJoinPool.commonPool-worker-8) 0,216ms
[5,677s][debug][gc,task        ] GC(3) Y: Executing ZRelocateStoreBufferInstallBasePointersTask using ZWorkerYoung with 5 workers
[5,677s][debug][gc,task        ] GC(3) Y: Executing ZRelocateTask using ZWorkerYoung with 5 workers
[5,677s][debug][gc,nmethod     ] Register NMethod: jdk.internal.ref.Cleaner.remove (0x000071df3f527c88) [0x000071df3f527d80, 0x000071df3f528550] Compiler: c1, Barriers: 23, Oops: 0, ImmediateOops: 4, NonImmediateOops: No
[5,677s][debug][gc,reloc       ] GC(3) Y: Leaving workers: left: 4 _synchronize: 0 _nsynchronized: 0
[5,678s][debug][gc,nmethod     ] Register NMethod: java.nio.DirectByteBuffer$Deallocator.run (0x000071df3f86f408) [0x000071df3f86f500, 0x000071df3f86fa20] Compiler: c1, Barriers: 0, Oops: 1, ImmediateOops: 3, NonImmediateOops: No
[5,678s][debug][gc,reloc       ] GC(3) Y: Leaving workers: left: 3 _synchronize: 0 _nsynchronized: 0
[5,678s][debug][gc,reloc       ] GC(3) Y: Leaving workers: left: 2 _synchronize: 0 _nsynchronized: 0
[5,678s][debug][gc,reloc       ] GC(3) Y: Leaving workers: left: 1 _synchronize: 0 _nsynchronized: 0
[5,678s][debug][gc,reloc       ] GC(3) Y: Leaving workers: left: 0 _synchronize: 0 _nsynchronized: 0
[5,678s][debug][gc,nmethod     ] Register NMethod: jdk.internal.ref.Cleaner.clean (0x000071df3fa9c188) [0x000071df3fa9c280, 0x000071df3fa9d1a8] Compiler: c1, Barriers: 6, Oops: 0, ImmediateOops: 4, NonImmediateOops: No
[5,678s][debug][gc,phases,start] GC(3) Y: Concurrent Relocate Remset FP
[5,678s][debug][gc,task        ] GC(3) Y: Executing ZRelocateAddRemsetForFlipPromoted using ZWorkerYoung with 5 workers
[5,678s][debug][gc,phases      ] GC(3) Y: Concurrent Relocate Remset FP 0,073ms
[5,678s][info ][gc,phases      ] GC(3) Y: Concurrent Relocate 0,427ms
[5,678s][debug][gc,heap        ] GC(3) Y: Heap After GC invocations=5 (full 3):
[5,678s][debug][gc,heap        ] GC(3) Y:  ZHeap           used 572M, capacity 5120M, max capacity 12288M
[5,678s][debug][gc,heap        ] GC(3) Y:   Cache          4548M (7)
[5,678s][debug][gc,heap        ] GC(3) Y:    size classes  2M (2), 4M (1), 16M (1), 128M (1), 512M (1), 2G (1)
[5,678s][debug][gc,metaspace   ] GC(3) Y: Metaspace After GC invocations=5 (full 3):
[5,678s][debug][gc,metaspace   ] GC(3) Y:  Metaspace       used 33290K, committed 33792K, reserved 1114112K
[5,678s][debug][gc,metaspace   ] GC(3) Y:   class space    used 2610K, committed 2816K, reserved 1048576K
[5,678s][info ][gc,alloc       ] GC(3) Y:                         Mark Start        Mark End      Relocate Start    Relocate End   
[5,678s][info ][gc,alloc       ] GC(3) Y: Allocation Stalls:          0                0                0                0         
[5,678s][info ][gc,load        ] GC(3) Y: Load: 5,31 (27%) / 2,18 (11%) / 1,52 (8%)
[5,678s][info ][gc,mmu         ] GC(3) Y: MMU: 2ms/93,2%, 5ms/97,3%, 10ms/98,6%, 20ms/99,3%, 50ms/99,7%, 100ms/99,9%
[5,678s][info ][gc,marking     ] GC(3) Y: Mark: 4 stripe(s), 2 proactive flush(es), 1 terminate flush(es), 0 completion(s), 0 continuation(s) 
[5,678s][info ][gc,nmethod     ] GC(3) Y: NMethods: 4521 registered, 887 unregistered
[5,678s][info ][gc,metaspace   ] GC(3) Y: Metaspace: 32M used, 33M committed, 1088M reserved
[5,678s][info ][gc,reloc       ] GC(3) Y:                        Candidates     Selected     In-Place         Size        Empty    Relocated 
[5,678s][info ][gc,reloc       ] GC(3) Y: Small Pages:                   15           13            0          30M           2M           0M 
[5,678s][info ][gc,reloc       ] GC(3) Y: Medium Pages:                   0            0            0           0M           0M           0M 
[5,678s][info ][gc,reloc       ] GC(3) Y: Large Pages:                    0            0            0           0M           0M           0M 
[5,678s][info ][gc,reloc       ] GC(3) Y: Forwarding Usage: 0M
[5,678s][info ][gc,reloc       ] GC(3) Y: Age Table:
[5,678s][info ][gc,reloc       ] GC(3) Y:                    Live             Garbage             Small              Medium             Large        
[5,678s][info ][gc,reloc       ] GC(3) Y: Eden               0M (0%)           19M (0%)          10 / 8              0 / 0              0 / 0        
[5,678s][info ][gc,reloc       ] GC(3) Y: Survivor 1         0M (0%)            9M (0%)           5 / 5              0 / 0              0 / 0        
[5,678s][info ][gc,heap        ] GC(3) Y: Min Capacity: 5120M(42%)
[5,678s][info ][gc,heap        ] GC(3) Y: Max Capacity: 12288M(100%)
[5,678s][info ][gc,heap        ] GC(3) Y: Soft Max Capacity: 12288M(100%)
[5,678s][info ][gc,heap        ] GC(3) Y: Heap Statistics:
[5,678s][info ][gc,heap        ] GC(3) Y:                Mark Start          Mark End        Relocate Start      Relocate End           High               Low         
[5,678s][info ][gc,heap        ] GC(3) Y:  Capacity:     5120M (42%)        5120M (42%)        5120M (42%)        5120M (42%)        5120M (42%)        5120M (42%)    
[5,678s][info ][gc,heap        ] GC(3) Y:      Free:    11756M (96%)       11700M (95%)       11700M (95%)       11716M (95%)       11756M (96%)       11692M (95%)    
[5,678s][debug][gc,nmethod     ] Register NMethod: jdk.internal.misc.Unsafe.freeMemory (0x000071df5ed78408) [0x000071df5ed78500, 0x000071df5ed785d8] Compiler: jvmci, Barriers: 0, Oops: 0, ImmediateOops: 0, NonImmediateOops: No
[5,678s][info ][gc,heap        ] GC(3) Y:      Used:      532M (4%)          588M (5%)          588M (5%)          572M (5%)          596M (5%)          532M (4%)     
[5,678s][info ][gc,heap        ] GC(3) Y: Young Generation Statistics:
[5,678s][info ][gc,heap        ] GC(3) Y:                Mark Start          Mark End        Relocate Start      Relocate End    
[5,678s][info ][gc,heap        ] GC(3) Y:      Used:       30M (0%)           86M (1%)           86M (1%)           60M (0%)     
[5,678s][info ][gc,heap        ] GC(3) Y:      Live:         -                 0M (0%)            0M (0%)            0M (0%)     
[5,678s][info ][gc,heap        ] GC(3) Y:   Garbage:         -                29M (0%)           27M (0%)            0M (0%)     
[5,678s][info ][gc,heap        ] GC(3) Y: Allocated:         -                56M (0%)           58M (0%)           60M (0%)     
[5,678s][info ][gc,heap        ] GC(3) Y: Reclaimed:         -                  -                 2M (0%)           29M (0%)     
[5,678s][info ][gc,heap        ] GC(3) Y:  Promoted:         -                  -                 0M (0%)            0M (0%)     
[5,678s][info ][gc,heap        ] GC(3) Y: Compacted:         -                  -                  -                 0M (0%)     
[5,678s][info ][gc,phases      ] GC(3) Y: Young Generation (Promote All) 532M(4%)->572M(5%) 0,018s
[5,678s][debug][gc,heap        ] GC(3) Y: Heap Before GC invocations=5 (full 3):
[5,678s][debug][gc,heap        ] GC(3) Y:  ZHeap           used 572M, capacity 5120M, max capacity 12288M
[5,678s][debug][gc,heap        ] GC(3) Y:   Cache          4548M (7)
[5,678s][debug][gc,heap        ] GC(3) Y:    size classes  2M (2), 4M (1), 16M (1), 128M (1), 512M (1), 2G (1)
[5,678s][debug][gc,metaspace   ] GC(3) Y: Metaspace Before GC invocations=5 (full 3):
[5,678s][debug][gc,metaspace   ] GC(3) Y:  Metaspace       used 33290K, committed 33792K, reserved 1114112K
[5,678s][debug][gc,metaspace   ] GC(3) Y:   class space    used 2610K, committed 2816K, reserved 1048576K
[5,678s][info ][gc,phases      ] GC(3) Y: Young Generation (Collect Roots)
[5,679s][debug][gc,reloc       ] Synchronize all workers 1 _nworkers: 0 _nsynchronized: 0
[5,679s][debug][gc,reloc       ] Synchronize all workers 1 _nworkers: 0 _nsynchronized: 0
[5,679s][debug][gc,phases,start] GC(3) Y: Pause Mark Start (Major)
[5,679s][debug][gc,tlab        ] GC(3) Y: TLAB usage update: used 20M -> 62M, capacity: 389M -> 291M
[5,679s][debug][gc,marking     ] GC(3) Y: Using 4 mark stripes
[5,679s][debug][gc,marking     ] GC(3) Y: Mark Worker/Stripe Distribution
[5,679s][debug][gc,marking     ] GC(3) Y:   Worker 0(5) -> Stripe 0(4)
[5,679s][debug][gc,marking     ] GC(3) Y:   Worker 1(5) -> Stripe 1(4)
[5,679s][debug][gc,marking     ] GC(3) Y:   Worker 2(5) -> Stripe 2(4)
[5,679s][debug][gc,marking     ] GC(3) Y:   Worker 3(5) -> Stripe 3(4)
[5,679s][debug][gc,marking     ] GC(3) Y:   Worker 4(5) -> Stripe 0(4)
[5,679s][debug][gc,marking     ] GC(3) Y: Using 4 mark stripes
[5,679s][debug][gc,marking     ] GC(3) Y: Mark Worker/Stripe Distribution
[5,679s][debug][gc,marking     ] GC(3) Y:   Worker 0(5) -> Stripe 0(4)
[5,679s][debug][gc,marking     ] GC(3) Y:   Worker 1(5) -> Stripe 1(4)
[5,679s][debug][gc,marking     ] GC(3) Y:   Worker 2(5) -> Stripe 2(4)
[5,679s][debug][gc,marking     ] GC(3) Y:   Worker 3(5) -> Stripe 3(4)
[5,679s][debug][gc,marking     ] GC(3) Y:   Worker 4(5) -> Stripe 0(4)
[5,679s][info ][gc,phases      ] GC(3) Y: Pause Mark Start (Major) 0,135ms
[5,679s][debug][gc,reloc       ] Desynchronize all workers _nworkers: 0 _nsynchronized: 0
[5,679s][debug][gc,reloc       ] Desynchronize all workers _nworkers: 0 _nsynchronized: 0
[5,679s][debug][gc,marking     ] Resurrection broke termination
[5,679s][debug][gc,phases,start] GC(3) Y: Concurrent Mark
[5,679s][debug][gc,phases,start] GC(3) Y: Concurrent Mark Roots
[5,679s][debug][gc,marking     ] Resurrection broke termination
[5,679s][debug][gc,task        ] GC(3) Y: Executing ZMarkYoungRootsTask using ZWorkerYoung with 5 workers
[5,679s][debug][gc             ] JNI Critical Stall (ForkJoinPool.commonPool-worker-8) 0,280ms
[5,679s][debug][gc             ] JNI Critical Stall (ForkJoinPool.commonPool-worker-1) 0,327ms
[5,680s][debug][gc,director    ] Select Minor GC Workers (Not Warm), GCWorkers: 5,000
[5,680s][debug][gc,director    ] Rule Minor: Allocation Rate (Dynamic GC Workers), MaxAllocRate: 514,2MB/s (+/-31,4%), Free: 11662MB, GCCPUTime: 3,576, GCDuration: 0,717s, TimeUntilOOM: 17,256s, TimeUntilGC: 16,539s, GCWorkers: 5
[5,681s][debug][gc,tlab        ] GC(3) Y: TLAB totals: thrds: 6  refills: 269 max: 65 slow allocs: 381 max 86 waste:  1,4% gc: 238120B max: 91208B slow: 162952B max: 40016B
[5,681s][debug][gc,phases      ] GC(3) Y: Concurrent Mark Roots 2,012ms
[5,681s][debug][gc,phases,start] GC(3) Y: Concurrent Mark Follow
[5,681s][debug][gc,marking     ] GC(3) Y: Using 4 mark stripes
[5,681s][debug][gc,task        ] GC(3) Y: Executing ZRememberedScanMarkFollowTask using ZWorkerYoung with 5 workers
[5,683s][debug][gc,marking     ] GC(3) Y: Using 2 mark stripes
[5,683s][debug][gc,marking     ] GC(3) Y: Using 1 mark stripes
[5,683s][debug][gc,remset      ] GC(3) Y: Remset forwarding retained: 0,000ms count: 0 ZWorkerYoung#2
[5,683s][debug][gc,remset      ] GC(3) Y: Remset forwarding released: 0,000ms count: 0 ZWorkerYoung#2
[5,683s][debug][gc,remset      ] GC(3) Y: Remset forwarding retained: 0,000ms count: 0 ZWorkerYoung#4
[5,683s][debug][gc,remset      ] GC(3) Y: Remset forwarding released: 0,000ms count: 0 ZWorkerYoung#4
[5,683s][debug][gc,remset      ] GC(3) Y: Remset forwarding retained: 0,000ms count: 0 ZWorkerYoung#3
[5,683s][debug][gc,remset      ] GC(3) Y: Remset forwarding released: 0,000ms count: 0 ZWorkerYoung#3
[5,683s][debug][gc,remset      ] GC(3) Y: Remset forwarding retained: 0,000ms count: 0 ZWorkerYoung#1
[5,683s][debug][gc,remset      ] GC(3) Y: Remset forwarding released: 0,000ms count: 0 ZWorkerYoung#1
[5,683s][debug][gc,remset      ] GC(3) Y: Remset forwarding retained: 0,000ms count: 0 ZWorkerYoung#0
[5,683s][debug][gc,remset      ] GC(3) Y: Remset forwarding released: 0,000ms count: 0 ZWorkerYoung#0
[5,683s][debug][gc,marking     ] GC(3) Y: Try terminate after resurrection
[5,683s][debug][gc,phases      ] GC(3) Y: Concurrent Mark Follow 2,498ms
[5,683s][info ][gc,phases      ] GC(3) Y: Concurrent Mark 4,557ms
[5,683s][debug][gc,reloc       ] Synchronize all workers 1 _nworkers: 0 _nsynchronized: 0
[5,683s][debug][gc,reloc       ] Synchronize all workers 1 _nworkers: 0 _nsynchronized: 0
[5,683s][debug][gc,phases,start] GC(3) Y: Pause Mark End
[5,683s][info ][gc,phases      ] GC(3) Y: Pause Mark End 0,018ms
[5,683s][debug][gc,reloc       ] Desynchronize all workers _nworkers: 0 _nsynchronized: 0
[5,683s][debug][gc,reloc       ] Desynchronize all workers _nworkers: 0 _nsynchronized: 0
[5,683s][debug][gc,phases,start] GC(3) Y: Concurrent Mark Free
[5,683s][info ][gc,phases      ] GC(3) Y: Concurrent Mark Free 0,015ms
[5,684s][debug][gc,phases,start] GC(3) Y: Concurrent Reset Relocation Set
[5,684s][info ][gc,phases      ] GC(3) Y: Concurrent Reset Relocation Set 0,009ms
[5,684s][debug][gc,phases,start] GC(3) Y: Concurrent Select Relocation Set
[5,684s][debug][gc,reloc       ] GC(3) Y: Relocation Set (Medium Pages): 0->0, 0 skipped, 0 forwarding entries
[5,684s][debug][gc,reloc       ] GC(3) Y: Relocation Set (Small Pages): 31->1, 0 skipped, 14560 forwarding entries
[5,684s][debug][gc,reloc       ] GC(3) Y: Allocated To Garbage: 0,7
[5,684s][debug][gc,reloc       ] GC(3) Y: Young Log Residency: 4,1
[5,684s][debug][gc,reloc       ] GC(3) Y: Life Decay Factor: 1,0
[5,684s][info ][gc,reloc       ] GC(3) Y: Using tenuring threshold: 1 (Computed)
[5,684s][debug][gc,task        ] GC(3) Y: Executing ZRelocationSetInstallTask using ZWorkerYoung with 5 workers
[5,684s][debug][gc,task        ] GC(3) Y: Executing ZPromotePagesTask using ZWorkerYoung with 5 workers
[5,684s][debug][gc,task        ] GC(3) Y: Executing ZPromotePagesTask using ZWorkerYoung with 5 workers
[5,684s][debug][gc,task        ] GC(3) Y: Executing ZPromotePagesTask using ZWorkerYoung with 5 workers
[5,684s][info ][gc,phases      ] GC(3) Y: Concurrent Select Relocation Set 0,241ms
[5,684s][debug][gc,reloc       ] Synchronize all workers 1 _nworkers: 0 _nsynchronized: 0
[5,684s][debug][gc,reloc       ] Synchronize all workers 1 _nworkers: 0 _nsynchronized: 0
[5,684s][debug][gc,phases,start] GC(3) Y: Pause Relocate Start
[5,684s][debug][gc,reloc       ] GC(3) Y: Joining workers: 5
[5,684s][info ][gc,phases      ] GC(3) Y: Pause Relocate Start 0,017ms
[5,684s][debug][gc,reloc       ] Desynchronize all workers _nworkers: 0 _nsynchronized: 0
[5,684s][debug][gc,reloc       ] Desynchronize all workers _nworkers: 5 _nsynchronized: 0
[5,684s][debug][gc,phases,start] GC(3) Y: Concurrent Relocate
[5,684s][debug][gc,task        ] GC(3) Y: Executing ZRelocateStoreBufferInstallBasePointersTask using ZWorkerYoung with 5 workers
[5,684s][debug][gc,task        ] GC(3) Y: Executing ZRelocateTask using ZWorkerYoung with 5 workers
[5,684s][debug][gc,nmethod     ] Register NMethod: java.lang.ref.Reference.processPendingReferences (0x000071df5ee2eb08) [0x000071df5ee2ec00, 0x000071df5ee2fc28] Compiler: jvmci, Barriers: 45, Oops: 0, ImmediateOops: 3, NonImmediateOops: No
[5,684s][debug][gc,reloc       ] GC(3) Y: Leaving workers: left: 4 _synchronize: 0 _nsynchronized: 0
[5,684s][debug][gc,reloc       ] GC(3) Y: Leaving workers: left: 3 _synchronize: 0 _nsynchronized: 0
[5,684s][debug][gc,reloc       ] GC(3) Y: Leaving workers: left: 2 _synchronize: 0 _nsynchronized: 0
[5,684s][debug][gc,reloc       ] GC(3) Y: Leaving workers: left: 1 _synchronize: 0 _nsynchronized: 0
[5,684s][debug][gc,reloc       ] GC(3) Y: Leaving workers: left: 0 _synchronize: 0 _nsynchronized: 0
[5,684s][debug][gc,phases,start] GC(3) Y: Concurrent Relocate Remset FP
[5,684s][debug][gc,task        ] GC(3) Y: Executing ZRelocateAddRemsetForFlipPromoted using ZWorkerYoung with 5 workers
[5,684s][debug][gc,phases      ] GC(3) Y: Concurrent Relocate Remset FP 0,027ms
[5,684s][info ][gc,phases      ] GC(3) Y: Concurrent Relocate 0,302ms
[5,684s][debug][gc,heap        ] GC(3) Y: Heap After GC invocations=6 (full 4):
[5,684s][debug][gc,heap        ] GC(3) Y:  ZHeap           used 544M, capacity 5120M, max capacity 12288M
[5,684s][debug][gc,heap        ] GC(3) Y:   Cache          4576M (17)
[5,684s][debug][gc,heap        ] GC(3) Y:    size classes  2M (6), 4M (7), 16M (1), 128M (1), 512M (1), 2G (1)
[5,684s][debug][gc,metaspace   ] GC(3) Y: Metaspace After GC invocations=6 (full 4):
[5,684s][debug][gc,metaspace   ] GC(3) Y:  Metaspace       used 33290K, committed 33792K, reserved 1114112K
[5,684s][debug][gc,metaspace   ] GC(3) Y:   class space    used 2610K, committed 2816K, reserved 1048576K
[5,684s][info ][gc,alloc       ] GC(3) Y:                         Mark Start        Mark End      Relocate Start    Relocate End   
[5,684s][info ][gc,alloc       ] GC(3) Y: Allocation Stalls:          0                0                0                0         
[5,684s][info ][gc,load        ] GC(3) Y: Load: 5,31 (27%) / 2,18 (11%) / 1,52 (8%)
[5,684s][info ][gc,mmu         ] GC(3) Y: MMU: 2ms/92,0%, 5ms/96,5%, 10ms/97,9%, 20ms/98,8%, 50ms/99,4%, 100ms/99,7%
[5,684s][info ][gc,marking     ] GC(3) Y: Mark: 4 stripe(s), 2 proactive flush(es), 1 terminate flush(es), 0 completion(s), 0 continuation(s) 
[5,684s][info ][gc,nmethod     ] GC(3) Y: NMethods: 4523 registered, 887 unregistered
[5,684s][info ][gc,metaspace   ] GC(3) Y: Metaspace: 32M used, 33M committed, 1088M reserved
[5,684s][info ][gc,reloc       ] GC(3) Y:                        Candidates     Selected     In-Place         Size        Empty    Relocated 
[5,684s][info ][gc,reloc       ] GC(3) Y: Small Pages:                   31           30            0          62M           0M           0M 
[5,684s][info ][gc,reloc       ] GC(3) Y: Medium Pages:                   0            0            0           0M           0M           0M 
[5,684s][info ][gc,reloc       ] GC(3) Y: Large Pages:                    0            0            0           0M           0M           0M 
[5,684s][info ][gc,reloc       ] GC(3) Y: Forwarding Usage: 0M
[5,684s][info ][gc,reloc       ] GC(3) Y: Age Table:
[5,684s][info ][gc,reloc       ] GC(3) Y:                    Live             Garbage             Small              Medium             Large        
[5,684s][info ][gc,reloc       ] GC(3) Y: Eden               0M (0%)           61M (0%)          31 / 30             0 / 0              0 / 0        
[5,684s][info ][gc,heap        ] GC(3) Y: Min Capacity: 5120M(42%)
[5,684s][info ][gc,heap        ] GC(3) Y: Max Capacity: 12288M(100%)
[5,684s][info ][gc,heap        ] GC(3) Y: Soft Max Capacity: 12288M(100%)
[5,684s][info ][gc,heap        ] GC(3) Y: Heap Statistics:
[5,684s][info ][gc,heap        ] GC(3) Y:                Mark Start          Mark End        Relocate Start      Relocate End           High               Low         
[5,684s][info ][gc,heap        ] GC(3) Y:  Capacity:     5120M (42%)        5120M (42%)        5120M (42%)        5120M (42%)        5120M (42%)        5120M (42%)    
[5,685s][info ][gc,heap        ] GC(3) Y:      Free:    11714M (95%)       11694M (95%)       11694M (95%)       11744M (96%)       11744M (96%)       11684M (95%)    
[5,685s][info ][gc,heap        ] GC(3) Y:      Used:      574M (5%)          594M (5%)          594M (5%)          544M (4%)          604M (5%)          544M (4%)     
[5,685s][info ][gc,heap        ] GC(3) Y: Young Generation Statistics:
[5,685s][info ][gc,heap        ] GC(3) Y:                Mark Start          Mark End        Relocate Start      Relocate End    
[5,685s][info ][gc,heap        ] GC(3) Y:      Used:       62M (1%)           82M (1%)           82M (1%)           32M (0%)     
[5,685s][info ][gc,heap        ] GC(3) Y:      Live:         -                 0M (0%)            0M (0%)            0M (0%)     
[5,685s][info ][gc,heap        ] GC(3) Y:   Garbage:         -                61M (0%)           61M (0%)            0M (0%)     
[5,685s][info ][gc,heap        ] GC(3) Y: Allocated:         -                20M (0%)           20M (0%)           31M (0%)     
[5,685s][info ][gc,heap        ] GC(3) Y: Reclaimed:         -                  -                 0M (0%)           61M (0%)     
[5,685s][info ][gc,heap        ] GC(3) Y:  Promoted:         -                  -                 0M (0%)            0M (0%)     
[5,685s][info ][gc,heap        ] GC(3) Y: Compacted:         -                  -                  -                 0M (0%)     
[5,685s][info ][gc,phases      ] GC(3) Y: Young Generation (Collect Roots) 572M(5%)->544M(4%) 0,006s
[5,685s][debug][gc,heap        ] GC(3) O: Heap Before GC invocations=6 (full 4):
[5,685s][debug][gc,heap        ] GC(3) O:  ZHeap           used 546M, capacity 5120M, max capacity 12288M
[5,685s][debug][gc,heap        ] GC(3) O:   Cache          4574M (16)
[5,685s][debug][gc,heap        ] GC(3) O:    size classes  2M (5), 4M (7), 16M (1), 128M (1), 512M (1), 2G (1)
[5,685s][debug][gc,metaspace   ] GC(3) O: Metaspace Before GC invocations=6 (full 4):
[5,685s][debug][gc,metaspace   ] GC(3) O:  Metaspace       used 33294K, committed 33792K, reserved 1114112K
[5,685s][debug][gc,metaspace   ] GC(3) O:   class space    used 2610K, committed 2816K, reserved 1048576K
[5,685s][info ][gc,phases      ] GC(3) O: Old Generation
[5,685s][debug][gc,phases,start] GC(3) O: Concurrent Mark
[5,685s][debug][gc,phases,start] GC(3) O: Concurrent Mark Roots
[5,685s][debug][gc,task        ] GC(3) O: Executing ZMarkOldRootsTask using ZWorkerOld with 5 workers
[5,685s][debug][gc,nmethod     ] Register NMethod: jdk.internal.ref.Cleaner.remove (0x000071df5ed9c208) [0x000071df5ed9c300, 0x000071df5ed9c810] Compiler: jvmci, Barriers: 16, Oops: 1, ImmediateOops: 1, NonImmediateOops: No
[5,685s][debug][gc,tlab        ] GC(3) O: TLAB totals: thrds: 5  refills: 96 max: 23 slow allocs: 104 max 27 waste:  3,5% gc: 206464B max: 71808B slow: 56280B max: 13504B
[5,685s][debug][gc,phases      ] GC(3) O: Concurrent Mark Roots 0,154ms
[5,685s][debug][gc,phases,start] GC(3) O: Concurrent Mark Follow
[5,685s][debug][gc,marking     ] GC(3) O: Using 4 mark stripes
[5,685s][debug][gc,task        ] GC(3) O: Executing ZMarkTask using ZWorkerOld with 5 workers
[5,686s][debug][gc,alloc       ] Mutator Allocation Rate: 683,8MB/s Predicted: 799,0MB/s, Avg: 519,7(+/-161,7)MB/s
[5,686s][debug][gc,nmethod     ] Register NMethod: io.sirix.page.KeyValueLeafPage.finalize (0x000071df40056208) [0x000071df40056300, 0x000071df4005c210] Compiler: c1, Barriers: 49, Oops: 9, ImmediateOops: 15, NonImmediateOops: No
[5,688s][debug][gc,nmethod     ] Register NMethod: jdk.internal.ref.Cleaner.clean (0x000071df5ed9ba88) [0x000071df5ed9bb80, 0x000071df5ed9c1b0] Compiler: jvmci, Barriers: 17, Oops: 1, ImmediateOops: 5, NonImmediateOops: No
[5,691s][debug][gc,nmethod     ] Register NMethod: java.util.concurrent.ConcurrentHashMap.putVal (0x000071df3f435708) [0x000071df3f435800, 0x000071df3f437d38] Compiler: c1, Barriers: 28, Oops: 0, ImmediateOops: 1, NonImmediateOops: No
[5,700s][debug][gc,nmethod     ] Register NMethod: io.sirix.cache.SegmentAllocators.getIndexForSize (0x000071df5ed9b788) [0x000071df5ed9b880, 0x000071df5ed9b9f0] Compiler: jvmci, Barriers: 0, Oops: 1, ImmediateOops: 1, NonImmediateOops: No
[5,709s][debug][gc,nmethod     ] Register NMethod: jdk.internal.foreign.ArenaImpl.allocate (0x000071df3f60f208) [0x000071df3f60f300, 0x000071df3f60f5f8] Compiler: c1, Barriers: 0, Oops: 0, ImmediateOops: 0, NonImmediateOops: No
[5,709s][debug][gc,nmethod     ] Register NMethod: jdk.internal.ref.Cleaner.clean (0x000071df400ba588) [0x000071df400ba680, 0x000071df400bb5a8] Compiler: c1, Barriers: 6, Oops: 0, ImmediateOops: 4, NonImmediateOops: No
[5,709s][debug][gc,nmethod     ] Register NMethod: io.sirix.node.GrowingMemorySegment.grow (0x000071df3f5e2088) [0x000071df3f5e2180, 0x000071df3f5e2d30] Compiler: c1, Barriers: 5, Oops: 1, ImmediateOops: 1, NonImmediateOops: No
[5,709s][debug][gc,nmethod     ] Register NMethod: java.lang.ref.Reference.processPendingReferences (0x000071df3f44be08) [0x000071df3f44bf00, 0x000071df3f44d200] Compiler: c1, Barriers: 5, Oops: 1, ImmediateOops: 12, NonImmediateOops: No
[5,711s][debug][gc,nmethod     ] Register NMethod: jdk.internal.misc.Unsafe.putShortUnaligned (0x000071df5ed9b408) [0x000071df5ed9b500, 0x000071df5ed9b5c0] Compiler: jvmci, Barriers: 0, Oops: 0, ImmediateOops: 0, NonImmediateOops: No
[5,724s][debug][gc,nmethod     ] Register NMethod: jdk.internal.ref.CleanerImpl.run (0x000071df401dea08) [0x000071df401deb00, 0x000071df401e0660] Compiler: c1, Barriers: 5, Oops: 0, ImmediateOops: 0, NonImmediateOops: No
[5,725s][debug][gc,nmethod     ] Register NMethod: jdk.internal.ref.CleanerImpl.run (0x000071df3fa51b88) [0x000071df3fa51c80, 0x000071df3fa53770] Compiler: c1, Barriers: 5, Oops: 0, ImmediateOops: 0, NonImmediateOops: No
[5,726s][debug][gc,nmethod     ] Register NMethod: java.util.BitSet.toByteArray (0x000071df5ed30a08) [0x000071df5ed30b00, 0x000071df5ed31350] Compiler: jvmci, Barriers: 1, Oops: 1, ImmediateOops: 0, NonImmediateOops: No
[5,729s][debug][gc,nmethod     ] Register NMethod: jdk.internal.foreign.SegmentBulkOperations.copy (0x000071df5ed86d88) [0x000071df5ed86e80, 0x000071df5ed87cd8] Compiler: jvmci, Barriers: 27, Oops: 0, ImmediateOops: 0, NonImmediateOops: No
[5,730s][debug][gc,nmethod     ] Register NMethod: java.lang.ref.PhantomReference.clearImpl (0x000071df5ed86808) [0x000071df5ed86900, 0x000071df5ed86a40] Compiler: jvmci, Barriers: 4, Oops: 0, ImmediateOops: 0, NonImmediateOops: No
[5,732s][debug][gc,alloc       ] Mutator Allocation Rate: 698,2MB/s Predicted: 803,9MB/s, Avg: 525,3(+/-162,2)MB/s
[5,733s][debug][gc,nmethod     ] Register NMethod: jdk.internal.ref.Cleaner.remove (0x000071df3f7a1e88) [0x000071df3f7a1f80, 0x000071df3f7a2750] Compiler: c1, Barriers: 23, Oops: 0, ImmediateOops: 4, NonImmediateOops: No
[5,733s][debug][gc,nmethod     ] Register NMethod: jdk.internal.foreign.ArenaImpl.allocate (0x000071df5edded88) [0x000071df5eddee80, 0x000071df5eddfd40] Compiler: jvmci, Barriers: 27, Oops: 1, ImmediateOops: 8, NonImmediateOops: No
[5,735s][debug][gc,nmethod     ] Register NMethod: jdk.internal.misc.Unsafe.putIntOpaque (0x000071df3f435408) [0x000071df3f435500, 0x000071df3f435608] Compiler: c1, Barriers: 0, Oops: 0, ImmediateOops: 0, NonImmediateOops: No
[5,747s][debug][gc,nmethod     ] Register NMethod: java.lang.ref.Cleaner.register (0x000071df5ed17408) [0x000071df5ed17500, 0x000071df5ed18108] Compiler: jvmci, Barriers: 40, Oops: 0, ImmediateOops: 2, NonImmediateOops: No
[5,763s][debug][gc,nmethod     ] Register NMethod: io.sirix.node.GrowingMemorySegment.grow (0x000071df5ed92608) [0x000071df5ed92700, 0x000071df5ed940f0] Compiler: jvmci, Barriers: 41, Oops: 3, ImmediateOops: 8, NonImmediateOops: No
[5,767s][debug][gc,nmethod     ] Register NMethod: java.lang.ref.Reference.processPendingReferences (0x000071df5ece8888) [0x000071df5ece8980, 0x000071df5ecea688] Compiler: jvmci, Barriers: 72, Oops: 2, ImmediateOops: 9, NonImmediateOops: No
[5,772s][debug][gc,nmethod     ] Register NMethod: java.lang.ref.ReferenceQueue.remove (0x000071df5ed2fe88) [0x000071df5ed2ff80, 0x000071df5ed30858] Compiler: jvmci, Barriers: 27, Oops: 0, ImmediateOops: 3, NonImmediateOops: No
[5,829s][debug][gc,nmethod     ] Register NMethod: jdk.internal.ref.CleanerImpl.run (0x000071df5edf1808) [0x000071df5edf1900, 0x000071df5edf7260] Compiler: jvmci, Barriers: 274, Oops: 0, ImmediateOops: 8, NonImmediateOops: No
[5,833s][debug][gc,marking     ] GC(3) O: Using 2 mark stripes
[5,833s][debug][gc,marking     ] GC(3) O: Using 1 mark stripes
[5,833s][debug][gc,marking     ] GC(3) O: Using 2 mark stripes
[5,833s][debug][gc,marking     ] GC(3) O: Using 4 mark stripes
[5,833s][debug][gc,marking     ] GC(3) O: Using 2 mark stripes
[5,833s][debug][gc,marking     ] GC(3) O: Using 1 mark stripes
[5,835s][debug][gc,marking     ] GC(3) O: Using 2 mark stripes
[5,835s][debug][gc,marking     ] GC(3) O: Using 1 mark stripes
[5,881s][debug][gc,marking     ] GC(3) O: Try terminate after resurrection
[5,881s][debug][gc,phases      ] GC(3) O: Concurrent Mark Follow 195,814ms
[5,881s][info ][gc,phases      ] GC(3) O: Concurrent Mark 195,994ms
[5,881s][debug][gc,reloc       ] Synchronize all workers 1 _nworkers: 0 _nsynchronized: 0
[5,881s][debug][gc,reloc       ] Synchronize all workers 1 _nworkers: 0 _nsynchronized: 0
[5,881s][debug][gc,phases,start] GC(3) O: Pause Mark End
[5,881s][info ][gc,phases      ] GC(3) O: Pause Mark End 0,020ms
[5,881s][debug][gc,reloc       ] Desynchronize all workers _nworkers: 0 _nsynchronized: 0
[5,881s][debug][gc,reloc       ] Desynchronize all workers _nworkers: 0 _nsynchronized: 0
[5,881s][debug][gc,phases,start] GC(3) O: Concurrent Mark Free
[5,881s][info ][gc,phases      ] GC(3) O: Concurrent Mark Free 0,008ms
[5,881s][debug][gc,phases,start] GC(3) O: Concurrent Process Non-Strong
[5,881s][debug][gc,phases,start] GC(3) O: Concurrent References Process
[5,881s][debug][gc,task        ] GC(3) O: Executing ZReferenceProcessorTask using ZWorkerOld with 5 workers
[5,885s][debug][gc,phases      ] GC(3) O: Concurrent References Process 3,844ms
[5,885s][debug][gc,task        ] GC(3) O: Executing ZProcessWeakRootsTask using ZWorkerOld with 5 workers
[5,885s][debug][gc,phases,start] GC(3) O: Concurrent Classes Unlink
[5,885s][debug][gc,phases,start] GC(3) O: ClassLoaderData
[5,885s][debug][gc,phases      ] GC(3) O: ClassLoaderData 0,031ms
[5,885s][debug][gc,phases,start] GC(3) O: Trigger cleanups
[5,885s][debug][gc,phases      ] GC(3) O: Trigger cleanups 0,005ms
[5,885s][debug][gc,task        ] GC(3) O: Executing ZNMethodUnlinkTask using ZWorkerOld with 5 workers
[5,885s][debug][gc,nmethod     ] GC(3) O: Unregister NMethod: jdk.internal.foreign.SharedSession$SharedResourceList.cleanup (0x000071df3f4e2288) [0x000071df3f4e2380, 0x000071df3f4e6148] 
[5,885s][debug][gc,nmethod     ] GC(3) O: Unregister NMethod: jdk.internal.misc.Unsafe.freeMemory (0x000071df3fd66188) [0x000071df3fd66280, 0x000071df3fd66548] 
[5,885s][debug][gc,nmethod     ] GC(3) O: Unregister NMethod: java.lang.ref.ReferenceQueue.enqueue (0x000071df3ff03888) [0x000071df3ff03980, 0x000071df3ff03c68] 
[5,885s][debug][gc,nmethod     ] GC(3) O: Unregister NMethod: jdk.internal.ref.PhantomCleanable.clean (0x000071df3f53de88) [0x000071df3f53df80, 0x000071df3f53e7a0] 
[5,885s][debug][gc,nmethod     ] GC(3) O: Unregister NMethod: java.nio.Bits.unreserveMemory (0x000071df3f60fb08) [0x000071df3f60fc00, 0x000071df3f6102f8] 
[5,885s][debug][gc,nmethod     ] GC(3) O: Unregister NMethod: jdk.internal.ref.CleanerImpl$CleanableList.isEmpty (0x000071df3f8c3b08) [0x000071df3f8c3c00, 0x000071df3f8c3ed8] 
[5,885s][debug][gc,nmethod     ] GC(3) O: Unregister NMethod: java.nio.HeapByteBuffer.putLong (0x000071df401e5408) [0x000071df401e5500, 0x000071df401e7010] 
[5,885s][debug][gc,nmethod     ] GC(3) O: Unregister NMethod: jdk.internal.foreign.MemorySessionImpl$ResourceList.cleanup (0x000071df5ee55b88) [0x000071df5ee55c80, 0x000071df5ee55e38] 
[5,886s][debug][gc,nmethod     ] GC(3) O: Unregister NMethod: jdk.internal.foreign.MemorySessionImpl$ResourceList.cleanupSingle (0x000071df5ee3c508) [0x000071df5ee3c600, 0x000071df5ee3c758] 
[5,886s][debug][gc,nmethod     ] GC(3) O: Unregister NMethod: java.lang.ref.Reference.enqueueFromPending (0x000071df3f43ae08) [0x000071df3f43af00, 0x000071df3f43b278] 
[5,886s][debug][gc,nmethod     ] GC(3) O: Unregister NMethod: java.util.concurrent.ConcurrentHashMap.putVal (0x000071df5ee1a808) [0x000071df5ee1a900, 0x000071df5ee1b9a0] 
[5,886s][debug][gc,nmethod     ] GC(3) O: Unregister NMethod: java.lang.ref.ReferenceQueue.remove0 (0x000071df3f8d8588) [0x000071df3f8d8680, 0x000071df3f8d8c30] 
[5,886s][debug][gc,nmethod     ] GC(3) O: Unregister NMethod: jdk.internal.ref.CleanerImpl$CleanableList.remove (0x000071df3f53f308) [0x000071df3f53f400, 0x000071df3f540230] 
[5,886s][debug][gc,nmethod     ] GC(3) O: Unregister NMethod: jdk.internal.foreign.SegmentFactories$1.cleanup (0x000071df5ee3bc08) [0x000071df5ee3bd00, 0x000071df5ee3be20] 
[5,886s][debug][gc,nmethod     ] GC(3) O: Unregister NMethod: jdk.internal.misc.InnocuousThread.eraseThreadLocals (0x000071df3f7c1608) [0x000071df3f7c1700, 0x000071df3f7c1908] 
[5,886s][debug][gc,nmethod     ] GC(3) O: Unregister NMethod: java.lang.invoke.VarHandleGuards.guard_L_L (0x000071df3f42cd08) [0x000071df3f42ce00, 0x000071df3f430280] 
[5,886s][debug][gc,nmethod     ] GC(3) O: Unregister NMethod: java.lang.ref.ReferenceQueue.poll0 (0x000071df3f40e408) [0x000071df3f40e500, 0x000071df3f40eb90] 
[5,886s][debug][gc,nmethod     ] GC(3) O: Unregister NMethod: jdk.internal.foreign.MemorySessionImpl$ResourceList.cleanup (0x000071df3f54c988) [0x000071df3f54ca80, 0x000071df3f54d1b0] 
[5,886s][debug][gc,nmethod     ] GC(3) O: Unregister NMethod: java.lang.invoke.VarHandleReferences$FieldInstanceReadOnly.getVolatile (0x000071df3fb15f88) [0x000071df3fb16080, 0x000071df3fb16aa8] 
[5,886s][debug][gc,nmethod     ] GC(3) O: Unregister NMethod: java.lang.ref.ReferenceQueue.enqueue0 (0x000071df3f4c3588) [0x000071df3f4c3680, 0x000071df3f4c3fc8] 
[5,886s][debug][gc,nmethod     ] GC(3) O: Unregister NMethod: java.util.concurrent.atomic.AtomicLong.decrementAndGet (0x000071df3f4d6288) [0x000071df3f4d6380, 0x000071df3f4d64a0] 
[5,886s][debug][gc,nmethod     ] GC(3) O: Unregister NMethod: jdk.internal.ref.CleanerImpl$PhantomCleanableRef.performCleanup (0x000071df3f543188) [0x000071df3f543280, 0x000071df3f5435c0] 
[5,886s][debug][gc,nmethod     ] GC(3) O: Unregister NMethod: jdk.internal.foreign.SegmentFactories$1.cleanup (0x000071df3f6e5b08) [0x000071df3f6e5c00, 0x000071df3f6e61b0] 
[5,886s][debug][gc,nmethod     ] GC(3) O: Unregister NMethod: jdk.internal.foreign.MemorySessionImpl$ResourceList.run (0x000071df3fc35488) [0x000071df3fc35580, 0x000071df3fc35880] 
[5,886s][debug][gc,nmethod     ] GC(3) O: Unregister NMethod: java.lang.ref.ReferenceQueue.remove (0x000071df3fb29d88) [0x000071df3fb29e80, 0x000071df3fb2ac50] 
[5,886s][debug][gc,phases      ] GC(3) O: Concurrent Classes Unlink 1,356ms
[5,886s][debug][gc,phases,start] GC(3) O: Concurrent Classes Purge
[5,886s][debug][gc,nmethod     ] GC(3) O: Purge NMethod: jdk.internal.ref.PhantomCleanable.clean (0x000071df3f53de88) [0x000071df3f53df80, 0x000071df3f53e7a0] 
[5,886s][debug][gc,nmethod     ] GC(3) O: Purge NMethod: jdk.internal.foreign.MemorySessionImpl$ResourceList.cleanupSingle (0x000071df5ee3c508) [0x000071df5ee3c600, 0x000071df5ee3c758] 
[5,886s][debug][gc,nmethod     ] GC(3) O: Purge NMethod: java.util.concurrent.ConcurrentHashMap.putVal (0x000071df5ee1a808) [0x000071df5ee1a900, 0x000071df5ee1b9a0] 
[5,886s][debug][gc,nmethod     ] GC(3) O: Purge NMethod: jdk.internal.ref.CleanerImpl$CleanableList.remove (0x000071df3f53f308) [0x000071df3f53f400, 0x000071df3f540230] 
[5,886s][debug][gc,nmethod     ] GC(3) O: Purge NMethod: jdk.internal.foreign.SegmentFactories$1.cleanup (0x000071df5ee3bc08) [0x000071df5ee3bd00, 0x000071df5ee3be20] 
[5,886s][debug][gc,nmethod     ] GC(3) O: Purge NMethod: jdk.internal.misc.InnocuousThread.eraseThreadLocals (0x000071df3f7c1608) [0x000071df3f7c1700, 0x000071df3f7c1908] 
[5,886s][debug][gc,nmethod     ] GC(3) O: Purge NMethod: jdk.internal.foreign.MemorySessionImpl$ResourceList.cleanup (0x000071df3f54c988) [0x000071df3f54ca80, 0x000071df3f54d1b0] 
[5,886s][debug][gc,nmethod     ] GC(3) O: Purge NMethod: java.lang.invoke.VarHandleReferences$FieldInstanceReadOnly.getVolatile (0x000071df3fb15f88) [0x000071df3fb16080, 0x000071df3fb16aa8] 
[5,886s][debug][gc,nmethod     ] GC(3) O: Purge NMethod: jdk.internal.foreign.SegmentFactories$1.cleanup (0x000071df3f6e5b08) [0x000071df3f6e5c00, 0x000071df3f6e61b0] 
[5,886s][debug][gc,nmethod     ] GC(3) O: Purge NMethod: jdk.internal.foreign.SharedSession$SharedResourceList.cleanup (0x000071df3f4e2288) [0x000071df3f4e2380, 0x000071df3f4e6148] 
[5,886s][debug][gc,nmethod     ] GC(3) O: Purge NMethod: java.nio.Bits.unreserveMemory (0x000071df3f60fb08) [0x000071df3f60fc00, 0x000071df3f6102f8] 
[5,886s][debug][gc,nmethod     ] GC(3) O: Purge NMethod: java.nio.HeapByteBuffer.putLong (0x000071df401e5408) [0x000071df401e5500, 0x000071df401e7010] 
[5,886s][debug][gc,nmethod     ] GC(3) O: Purge NMethod: java.lang.invoke.VarHandleGuards.guard_L_L (0x000071df3f42cd08) [0x000071df3f42ce00, 0x000071df3f430280] 
[5,886s][debug][gc,nmethod     ] GC(3) O: Purge NMethod: jdk.internal.foreign.MemorySessionImpl$ResourceList.run (0x000071df3fc35488) [0x000071df3fc35580, 0x000071df3fc35880] 
[5,886s][debug][gc,nmethod     ] GC(3) O: Purge NMethod: java.lang.ref.ReferenceQueue.remove (0x000071df3fb29d88) [0x000071df3fb29e80, 0x000071df3fb2ac50] 
[5,886s][debug][gc,nmethod     ] GC(3) O: Purge NMethod: java.lang.ref.ReferenceQueue.remove0 (0x000071df3f8d8588) [0x000071df3f8d8680, 0x000071df3f8d8c30] 
[5,886s][debug][gc,nmethod     ] GC(3) O: Purge NMethod: jdk.internal.ref.CleanerImpl$PhantomCleanableRef.performCleanup (0x000071df3f543188) [0x000071df3f543280, 0x000071df3f5435c0] 
[5,886s][debug][gc,nmethod     ] GC(3) O: Purge NMethod: java.lang.ref.ReferenceQueue.enqueue (0x000071df3ff03888) [0x000071df3ff03980, 0x000071df3ff03c68] 
[5,886s][debug][gc,nmethod     ] GC(3) O: Purge NMethod: jdk.internal.ref.CleanerImpl$CleanableList.isEmpty (0x000071df3f8c3b08) [0x000071df3f8c3c00, 0x000071df3f8c3ed8] 
[5,886s][debug][gc,nmethod     ] GC(3) O: Purge NMethod: jdk.internal.foreign.MemorySessionImpl$ResourceList.cleanup (0x000071df5ee55b88) [0x000071df5ee55c80, 0x000071df5ee55e38] 
[5,886s][debug][gc,nmethod     ] GC(3) O: Purge NMethod: java.lang.ref.ReferenceQueue.poll0 (0x000071df3f40e408) [0x000071df3f40e500, 0x000071df3f40eb90] 
[5,886s][debug][gc,nmethod     ] GC(3) O: Purge NMethod: java.lang.ref.ReferenceQueue.enqueue0 (0x000071df3f4c3588) [0x000071df3f4c3680, 0x000071df3f4c3fc8] 
[5,886s][debug][gc,nmethod     ] GC(3) O: Purge NMethod: jdk.internal.misc.Unsafe.freeMemory (0x000071df3fd66188) [0x000071df3fd66280, 0x000071df3fd66548] 
[5,886s][debug][gc,nmethod     ] GC(3) O: Purge NMethod: java.lang.ref.Reference.enqueueFromPending (0x000071df3f43ae08) [0x000071df3f43af00, 0x000071df3f43b278] 
[5,886s][debug][gc,nmethod     ] GC(3) O: Purge NMethod: java.util.concurrent.atomic.AtomicLong.decrementAndGet (0x000071df3f4d6288) [0x000071df3f4d6380, 0x000071df3f4d64a0] 
[5,887s][debug][gc,phases      ] GC(3) O: Concurrent Classes Purge 0,212ms
[5,887s][debug][gc,phases,start] GC(3) O: Concurrent References Enqueue
[5,887s][debug][gc,phases      ] GC(3) O: Concurrent References Enqueue 0,008ms
[5,887s][info ][gc,phases      ] GC(3) O: Concurrent Process Non-Strong 5,773ms
[5,887s][debug][gc,phases,start] GC(3) O: Concurrent Reset Relocation Set
[5,887s][info ][gc,phases      ] GC(3) O: Concurrent Reset Relocation Set 0,015ms
[5,887s][debug][gc,phases,start] GC(3) O: Concurrent Select Relocation Set
[5,887s][debug][gc,reloc       ] GC(3) O: Relocation Set (Medium Pages): 0->0, 1 skipped, 0 forwarding entries
[5,887s][debug][gc,reloc       ] GC(3) O: Relocation Set (Small Pages): 41->19, 37 skipped, 1443120 forwarding entries
[5,887s][debug][gc,task        ] GC(3) O: Executing ZRelocationSetInstallTask using ZWorkerOld with 5 workers
[5,887s][info ][gc,phases      ] GC(3) O: Concurrent Select Relocation Set 0,584ms
[5,887s][debug][gc,phases,start] GC(3) O: Concurrent Remap Roots
[5,887s][info ][gc,task        ] GC(3) O: Using 5 Workers for Old Generation
[5,887s][debug][gc,task        ] GC(3) O: Executing ZRemapYoungRootsTask using ZWorkerOld with 5 workers
[5,894s][info ][gc,task        ] GC(3) O: Using 5 Workers for Old Generation
[5,894s][info ][gc,phases      ] GC(3) O: Concurrent Remap Roots 6,993ms
[5,894s][debug][gc,reloc       ] Synchronize all workers 1 _nworkers: 0 _nsynchronized: 0
[5,894s][debug][gc,reloc       ] Synchronize all workers 1 _nworkers: 0 _nsynchronized: 0
[5,894s][debug][gc,phases,start] GC(3) O: Pause Relocate Start
[5,894s][debug][gc,reloc       ] GC(3) O: Joining workers: 5
[5,894s][info ][gc,phases      ] GC(3) O: Pause Relocate Start 0,039ms
[5,894s][debug][gc,reloc       ] Desynchronize all workers _nworkers: 5 _nsynchronized: 0
[5,894s][debug][gc,reloc       ] Desynchronize all workers _nworkers: 0 _nsynchronized: 0
[5,894s][debug][gc,phases,start] GC(3) O: Concurrent Relocate
[5,894s][debug][gc,task        ] GC(3) O: Executing ZRelocateStoreBufferInstallBasePointersTask using ZWorkerOld with 5 workers
[5,894s][debug][gc,task        ] GC(3) O: Executing ZRelocateTask using ZWorkerOld with 5 workers
[5,901s][debug][gc,reloc       ] GC(3) O: Leaving workers: left: 4 _synchronize: 0 _nsynchronized: 0
[5,902s][debug][gc,reloc       ] GC(3) O: Leaving workers: left: 3 _synchronize: 0 _nsynchronized: 0
[5,902s][debug][gc,reloc       ] GC(3) O: Leaving workers: left: 2 _synchronize: 0 _nsynchronized: 0
[5,903s][debug][gc,reloc       ] GC(3) O: Leaving workers: left: 1 _synchronize: 0 _nsynchronized: 0
[5,903s][debug][gc,reloc       ] GC(3) O: Leaving workers: left: 0 _synchronize: 0 _nsynchronized: 0
[5,903s][info ][gc,phases      ] GC(3) O: Concurrent Relocate 8,803ms
[5,903s][debug][gc,heap        ] GC(3) O: Heap After GC invocations=6 (full 4):
[5,903s][debug][gc,heap        ] GC(3) O:  ZHeap           used 672M, capacity 5120M, max capacity 12288M
[5,903s][debug][gc,heap        ] GC(3) O:   Cache          4448M (17)
[5,903s][debug][gc,heap        ] GC(3) O:    size classes  2M (11), 4M (4), 8M (1), 4G (1)
[5,903s][debug][gc,metaspace   ] GC(3) O: Metaspace After GC invocations=6 (full 4):
[5,903s][debug][gc,metaspace   ] GC(3) O:  Metaspace       used 33295K, committed 33792K, reserved 1114112K
[5,903s][debug][gc,metaspace   ] GC(3) O:   class space    used 2610K, committed 2816K, reserved 1048576K
[5,903s][info ][gc,alloc       ] GC(3) O:                         Mark Start        Mark End      Relocate Start    Relocate End   
[5,903s][info ][gc,alloc       ] GC(3) O: Allocation Stalls:          0                0                0                0         
[5,903s][info ][gc,load        ] GC(3) O: Load: 5,31 (27%) / 2,18 (11%) / 1,52 (8%)
[5,903s][info ][gc,mmu         ] GC(3) O: MMU: 2ms/92,0%, 5ms/96,5%, 10ms/97,9%, 20ms/98,8%, 50ms/99,4%, 100ms/99,7%
[5,903s][info ][gc,marking     ] GC(3) O: Mark: 4 stripe(s), 10 proactive flush(es), 1 terminate flush(es), 0 completion(s), 0 continuation(s) 
[5,903s][info ][gc,nmethod     ] GC(3) O: NMethods: 4521 registered, 912 unregistered
[5,903s][info ][gc,metaspace   ] GC(3) O: Metaspace: 32M used, 33M committed, 1088M reserved
[5,903s][info ][gc,ref         ] GC(3) O:                       Encountered   Discovered     Enqueued 
[5,903s][info ][gc,ref         ] GC(3) O: Soft References:             3011            0            0 
[5,903s][info ][gc,ref         ] GC(3) O: Weak References:             1630          987            3 
[5,903s][info ][gc,ref         ] GC(3) O: Final References:            2074          272            0 
[5,903s][info ][gc,ref         ] GC(3) O: Phantom References:        324855       170197           15 
[5,903s][info ][gc,reloc       ] GC(3) O:                        Candidates     Selected     In-Place         Size        Empty    Relocated 
[5,903s][info ][gc,reloc       ] GC(3) O: Small Pages:                  240           22            0         480M           2M           6M 
[5,903s][info ][gc,reloc       ] GC(3) O: Medium Pages:                   1            0            0          32M           0M           0M 
[5,903s][info ][gc,reloc       ] GC(3) O: Large Pages:                    0            0            0           0M           0M           0M 
[5,903s][info ][gc,reloc       ] GC(3) O: Forwarding Usage: 11M
[5,903s][info ][gc,heap        ] GC(3) O: Min Capacity: 5120M(42%)
[5,903s][info ][gc,heap        ] GC(3) O: Max Capacity: 12288M(100%)
[5,903s][info ][gc,heap        ] GC(3) O: Soft Max Capacity: 12288M(100%)
[5,903s][info ][gc,heap        ] GC(3) O: Heap Statistics:
[5,903s][info ][gc,heap        ] GC(3) O:                Mark Start          Mark End        Relocate Start      Relocate End           High               Low         
[5,903s][info ][gc,heap        ] GC(3) O:  Capacity:     5120M (42%)        5120M (42%)        5120M (42%)        5120M (42%)        5120M (42%)        5120M (42%)    
[5,903s][info ][gc,heap        ] GC(3) O:      Free:    11714M (95%)       11572M (94%)       11574M (94%)       11616M (95%)       11744M (96%)       11566M (94%)    
[5,903s][info ][gc,heap        ] GC(3) O:      Used:      574M (5%)          716M (6%)          714M (6%)          672M (5%)          722M (6%)          544M (4%)     
[5,903s][info ][gc,heap        ] GC(3) O: Old Generation Statistics:
[5,903s][info ][gc,heap        ] GC(3) O:                Mark Start          Mark End        Relocate Start      Relocate End    
[5,903s][info ][gc,heap        ] GC(3) O:      Used:      512M (4%)          512M (4%)          510M (4%)          468M (4%)     
[5,903s][info ][gc,heap        ] GC(3) O:      Live:         -               422M (3%)          422M (3%)          422M (3%)     
[5,903s][info ][gc,heap        ] GC(3) O:   Garbage:         -                89M (1%)           87M (1%)           38M (0%)     
[5,903s][info ][gc,heap        ] GC(3) O: Allocated:         -                 0M (0%)            0M (0%)            6M (0%)     
[5,903s][info ][gc,heap        ] GC(3) O: Reclaimed:         -                  -                 2M (0%)           50M (0%)     
[5,903s][info ][gc,heap        ] GC(3) O: Compacted:         -                  -                  -                33M (0%)     
[5,903s][info ][gc,phases      ] GC(3) O: Old Generation 546M(4%)->672M(5%) 0,219s
[5,903s][info ][gc             ] GC(3) Major Collection (System.gc()) 524M(4%)->672M(5%) 0,244s
[5,904s][debug][gc,director    ] Rule Major: Warmup 20%, Used: 688MB, UsedThreshold: 2457MB
[5,906s][debug][gc,alloc       ] Mutator Allocation Rate: 692,8MB/s Predicted: 807,3MB/s, Avg: 530,4(+/-162,3)MB/s
[5,906s][debug][gc,director    ] Rule Major: Warmup 20%, Used: 696MB, UsedThreshold: 2457MB
[5,906s][debug][gc,nmethod     ] Register NMethod: java.io.ByteArrayOutputStream.close (0x000071df5ee3bc08) [0x000071df5ee3bd00, 0x000071df5ee3bd80] Compiler: jvmci, Barriers: 0, Oops: 0, ImmediateOops: 0, NonImmediateOops: No
[5,910s][debug][gc,nmethod     ] Register NMethod: java.util.concurrent.CountedCompleter.propagateCompletion (0x000071df3f53de88) [0x000071df3f53df80, 0x000071df3f53e748] Compiler: c1, Barriers: 1, Oops: 0, ImmediateOops: 0, NonImmediateOops: No
[5,914s][debug][gc,nmethod     ] Register NMethod: io.sirix.node.MemorySegmentBytesOut.readLimit (0x000071df5ee3c508) [0x000071df5ee3c600, 0x000071df5ee3c6e0] Compiler: jvmci, Barriers: 1, Oops: 1, ImmediateOops: 0, NonImmediateOops: No
[5,916s][debug][gc,director    ] Rule Major: Warmup 20%, Used: 712MB, UsedThreshold: 2457MB
[5,917s][debug][gc,nmethod     ] Register NMethod: sun.nio.ch.FileChannelImpl.write (0x000071df3f7c1608) [0x000071df3f7c1700, 0x000071df3f7c1948] Compiler: c1, Barriers: 0, Oops: 0, ImmediateOops: 1, NonImmediateOops: No
[5,917s][debug][gc,nmethod     ] Register NMethod: sun.nio.ch.FileChannelImpl.implWrite (0x000071df3f875208) [0x000071df3f875300, 0x000071df3f875cf8] Compiler: c1, Barriers: 0, Oops: 0, ImmediateOops: 2, NonImmediateOops: No
[5,917s][debug][gc,nmethod     ] Register NMethod: io.sirix.node.MemorySegmentBytesOut.underlyingObject (0x000071df5ed16c08) [0x000071df5ed16d00, 0x000071df5ed173b0] Compiler: jvmci, Barriers: 13, Oops: 1, ImmediateOops: 0, NonImmediateOops: No
[5,918s][debug][gc,nmethod     ] Register NMethod: sun.nio.ch.IOUtil.write (0x000071df3f4d6288) [0x000071df3f4d6380, 0x000071df3f4d64a8] Compiler: c1, Barriers: 0, Oops: 0, ImmediateOops: 0, NonImmediateOops: No
[5,918s][debug][gc,nmethod     ] Register NMethod: sun.nio.ch.UnixFileDispatcherImpl.pwrite (0x000071df3f578508) [0x000071df3f578600, 0x000071df3f578740] Compiler: c1, Barriers: 0, Oops: 0, ImmediateOops: 0, NonImmediateOops: No
[5,918s][debug][gc,nmethod     ] Register NMethod: io.sirix.io.filechannel.FileChannelWriter.flushBuffer (0x000071df3fe85d88) [0x000071df3fe85e80, 0x000071df3fe872c8] Compiler: c1, Barriers: 5, Oops: 1, ImmediateOops: 3, NonImmediateOops: No
[5,920s][debug][gc,nmethod     ] Register NMethod: jdk.internal.foreign.abi.SharedUtils.checkNative (0x000071df5ee55b88) [0x000071df5ee55c80, 0x000071df5ee55d60] Compiler: jvmci, Barriers: 0, Oops: 0, ImmediateOops: 0, NonImmediateOops: No
[5,922s][debug][gc,nmethod     ] Register NMethod: jdk.internal.foreign.ImplicitSession.release0 (0x000071df3f5a5488) [0x000071df3f5a5580, 0x000071df3f5a56d8] Compiler: c1, Barriers: 0, Oops: 0, ImmediateOops: 0, NonImmediateOops: No
[5,926s][debug][gc,director    ] Rule Major: Warmup 20%, Used: 724MB, UsedThreshold: 2457MB
[5,934s][debug][gc,nmethod     ] Register NMethod: io.sirix.BinaryEncodingVersion.byteVersion (0x000071df5edde888) [0x000071df5edde980, 0x000071df5eddea48] Compiler: c1, Barriers: 0, Oops: 1, ImmediateOops: 0, NonImmediateOops: No
[5,934s][debug][gc,nmethod     ] Register NMethod: sun.nio.ch.FileChannelImpl.writeInternal (0x000071df3f41e908) [0x000071df3f41ea00, 0x000071df3f420a80] Compiler: c1, Barriers: 7, Oops: 0, ImmediateOops: 3, NonImmediateOops: No
[5,934s][debug][gc,nmethod     ] Register NMethod: io.sirix.access.ResourceConfiguration.getBinaryEncodingVersion (0x000071df5ece8588) [0x000071df5ece8680, 0x000071df5ece8768] Compiler: c1, Barriers: 1, Oops: 1, ImmediateOops: 0, NonImmediateOops: No
[5,936s][debug][gc,director    ] Rule Major: Warmup 20%, Used: 738MB, UsedThreshold: 2457MB
[5,943s][debug][gc,nmethod     ] Register NMethod: java.util.Collections$UnmodifiableCollection.contains (0x000071df3f43ae08) [0x000071df3f43af00, 0x000071df3f43b248] Compiler: c1, Barriers: 1, Oops: 0, ImmediateOops: 0, NonImmediateOops: No
[5,944s][debug][gc,nmethod     ] Register NMethod: io.sirix.node.NodeKind$32.deserialize (0x000071df3ff03888) [0x000071df3ff03980, 0x000071df3ff03c30] Compiler: c1, Barriers: 0, Oops: 1, ImmediateOops: 0, NonImmediateOops: No
[5,945s][debug][gc,nmethod     ] Register NMethod: io.sirix.settings.VersioningType$4.combineRecordPagesForModification (0x000071df3f9a2588) [0x000071df3f9a2680, 0x000071df3f9ab628] Compiler: c1, Barriers: 27, Oops: 1, ImmediateOops: 0, NonImmediateOops: No
[5,945s][debug][gc,nmethod     ] Register NMethod: com.github.benmanes.caffeine.cache.SSLSMW.setWeightedSize (0x000071df5ece8108) [0x000071df5ece8200, 0x000071df5ece82c0] Compiler: c1, Barriers: 0, Oops: 1, ImmediateOops: 0, NonImmediateOops: No
[5,945s][debug][gc,nmethod     ] Register NMethod: com.github.benmanes.caffeine.cache.SSLSMW.setWindowWeightedSize (0x000071df5ed92308) [0x000071df5ed92400, 0x000071df5ed924c0] Compiler: c1, Barriers: 0, Oops: 1, ImmediateOops: 0, NonImmediateOops: No
[5,946s][debug][gc,nmethod     ] Register NMethod: io.sirix.axis.pathsummary.LevelOrderSettingInMemoryInstancesAxis.getRightSibling (0x000071df3fa7e308) [0x000071df3fa7e400, 0x000071df3fa7ff60] Compiler: c1, Barriers: 18, Oops: 1, ImmediateOops: 1, NonImmediateOops: No
[5,946s][debug][gc,nmethod     ] Register NMethod: io.sirix.axis.pathsummary.LevelOrderSettingInMemoryInstancesAxis.getFirstChild (0x000071df3f419a88) [0x000071df3f419b80, 0x000071df3f41b290] Compiler: c1, Barriers: 14, Oops: 1, ImmediateOops: 1, NonImmediateOops: No
[5,946s][debug][gc,nmethod     ] Register NMethod: jdk.internal.misc.Unsafe.setMemory (0x000071df5ed91d88) [0x000071df5ed91e80, 0x000071df5ed91f78] Compiler: jvmci, Barriers: 0, Oops: 0, ImmediateOops: 0, NonImmediateOops: No
[5,946s][debug][gc,director    ] Rule Major: Warmup 20%, Used: 740MB, UsedThreshold: 2457MB
[5,947s][debug][gc,nmethod     ] Register NMethod: java.lang.invoke.Invokers$Holder.linkToTargetMethod (0x000071df5ee1b708) [0x000071df5ee1b800, 0x000071df5ee1b8f0] Compiler: jvmci, Barriers: 0, Oops: 0, ImmediateOops: 0, NonImmediateOops: No
[5,948s][debug][gc,nmethod     ] Register NMethod: com.github.benmanes.caffeine.cache.PSMW.getQueueType (0x000071df5ee1b408) [0x000071df5ee1b500, 0x000071df5ee1b5c0] Compiler: c1, Barriers: 0, Oops: 1, ImmediateOops: 0, NonImmediateOops: No
[5,948s][debug][gc,nmethod     ] Register NMethod: com.github.benmanes.caffeine.cache.PSMW.getPreviousInAccessOrder (0x000071df5ee1b108) [0x000071df5ee1b200, 0x000071df5ee1b2e8] Compiler: c1, Barriers: 1, Oops: 1, ImmediateOops: 0, NonImmediateOops: No
[5,948s][debug][gc,nmethod     ] Register NMethod: dagger.internal.DoubleCheck.get (0x000071df3f54c988) [0x000071df3f54ca80, 0x000071df3f54d198] Compiler: c1, Barriers: 10, Oops: 1, ImmediateOops: 2, NonImmediateOops: No
[5,949s][debug][gc,nmethod     ] Register NMethod: com.google.gson.stream.JsonReader.isLiteral (0x000071df3f5f4d08) [0x000071df3f5f4e00, 0x000071df3f5f5e28] Compiler: c1, Barriers: 0, Oops: 2, ImmediateOops: 2, NonImmediateOops: No
[5,949s][debug][gc,nmethod     ] Register NMethod: org.magicwerk.brownies.collections.GapList.add (0x000071df5edbd608) [0x000071df5edbd700, 0x000071df5edbe138] Compiler: jvmci, Barriers: 16, Oops: 1, ImmediateOops: 0, NonImmediateOops: No
[5,949s][debug][gc,nmethod     ] Register NMethod: com.google.gson.stream.JsonReader.peekKeyword (0x000071df3ff01488) [0x000071df3ff01580, 0x000071df3ff03298] Compiler: c1, Barriers: 8, Oops: 2, ImmediateOops: 10, NonImmediateOops: No
[5,949s][debug][gc,nmethod     ] Register NMethod: io.sirix.access.trx.page.NodePageReadOnlyTrx.getReferenceToLeafOfSubtree (0x000071df5ee1a808) [0x000071df5ee1a900, 0x000071df5ee1af78] Compiler: jvmci, Barriers: 3, Oops: 1, ImmediateOops: 2, NonImmediateOops: No
[5,949s][debug][gc,nmethod     ] Register NMethod: java.nio.Bits.tryReserveMemory (0x000071df3f893088) [0x000071df3f893180, 0x000071df3f893b70] Compiler: c1, Barriers: 0, Oops: 0, ImmediateOops: 5, NonImmediateOops: No
[5,950s][debug][gc,nmethod     ] Register NMethod: jdk.internal.vm.ContinuationSupport.isSupported (0x000071df3f5dc588) [0x000071df3f5dc680, 0x000071df3f5dc768] Compiler: c1, Barriers: 0, Oops: 0, ImmediateOops: 0, NonImmediateOops: No
[5,950s][debug][gc,nmethod     ] Register NMethod: jdk.internal.vm.ContinuationSupport.unpinIfSupported (0x000071df3f5df588) [0x000071df3f5df680, 0x000071df3f5df7f8] Compiler: c1, Barriers: 0, Oops: 0, ImmediateOops: 0, NonImmediateOops: No
[5,950s][debug][gc,nmethod     ] Register NMethod: java.lang.ref.ReferenceQueue.poll (0x000071df3f40e408) [0x000071df3f40e500, 0x000071df3f40eb88] Compiler: c1, Barriers: 2, Oops: 0, ImmediateOops: 0, NonImmediateOops: No
[5,950s][debug][gc,nmethod     ] Register NMethod: jdk.internal.vm.ContinuationSupport.pinIfSupported (0x000071df3f5f3a88) [0x000071df3f5f3b80, 0x000071df3f5f3cf8] Compiler: c1, Barriers: 0, Oops: 0, ImmediateOops: 0, NonImmediateOops: No
[5,951s][debug][gc,nmethod     ] Register NMethod: io.sirix.axis.DescendantAxis.nextKey (0x000071df3f52e608) [0x000071df3f52e700, 0x000071df3f530c78] Compiler: c1, Barriers: 5, Oops: 1, ImmediateOops: 2, NonImmediateOops: No
[5,951s][debug][gc,nmethod     ] Register NMethod: kotlinx.coroutines.channels.BufferedChannelKt.access$getSUSPEND$p (0x000071df3f52e308) [0x000071df3f52e400, 0x000071df3f52e4e8] Compiler: c1, Barriers: 0, Oops: 1, ImmediateOops: 1, NonImmediateOops: No
[5,951s][debug][gc,nmethod     ] Register NMethod: java.util.concurrent.ForkJoinPool.runWorker (0x000071df400bca88) [0x000071df400bcb80, 0x000071df400be8c0] Compiler: c1, Barriers: 13, Oops: 1, ImmediateOops: 1, NonImmediateOops: No
[5,951s][debug][gc,nmethod     ] Register NMethod: kotlinx.coroutines.CancellableContinuationImpl.getDelegate$kotlinx_coroutines_core (0x000071df5edbd308) [0x000071df5edbd400, 0x000071df5edbd4e8] Compiler: c1, Barriers: 1, Oops: 1, ImmediateOops: 0, NonImmediateOops: No
[5,953s][debug][gc,nmethod     ] Register NMethod: kotlinx.coroutines.channels.BufferedChannelKt.access$getSUSPEND_NO_WAITER$p (0x000071df3f5f6b88) [0x000071df3f5f6c80, 0x000071df3f5f6d68] Compiler: c1, Barriers: 0, Oops: 1, ImmediateOops: 1, NonImmediateOops: No
[5,953s][debug][gc,nmethod     ] Register NMethod: kotlinx.coroutines.channels.BufferedChannel.access$updateCellReceive (0x000071df3f624108) [0x000071df3f624200, 0x000071df3f624320] Compiler: c1, Barriers: 0, Oops: 1, ImmediateOops: 0, NonImmediateOops: No
[5,954s][debug][gc,nmethod     ] Register NMethod: java.nio.DirectByteBuffer.<init> (0x000071df5ed62908) [0x000071df5ed62a00, 0x000071df5ed63bd0] Compiler: jvmci, Barriers: 45, Oops: 2, ImmediateOops: 9, NonImmediateOops: No
[5,954s][debug][gc,nmethod     ] Register NMethod: kotlinx.coroutines.channels.BufferedChannel.updateCellReceive (0x000071df402b9688) [0x000071df402b9780, 0x000071df402bc048] Compiler: c1, Barriers: 5, Oops: 10, ImmediateOops: 16, NonImmediateOops: No
[5,954s][debug][gc,nmethod     ] Register NMethod: io.sirix.node.NodeKind$1.deserialize (0x000071df3f42cd08) [0x000071df3f42ce00, 0x000071df3f4301e0] Compiler: c1, Barriers: 28, Oops: 3, ImmediateOops: 7, NonImmediateOops: No
[5,957s][debug][gc,director    ] Rule Major: Warmup 20%, Used: 750MB, UsedThreshold: 2457MB
[5,957s][debug][gc,nmethod     ] Register NMethod: io.sirix.page.delegates.BitmapReferencesPage.index (0x000071df5edbcb08) [0x000071df5edbcc00, 0x000071df5edbd228] Compiler: jvmci, Barriers: 2, Oops: 2, ImmediateOops: 0, NonImmediateOops: No
[5,958s][debug][gc,nmethod     ] Register NMethod: kotlin.coroutines.CombinedContext.get (0x000071df5ed62288) [0x000071df5ed62380, 0x000071df5ed62890] Compiler: jvmci, Barriers: 4, Oops: 1, ImmediateOops: 3, NonImmediateOops: No
[5,961s][debug][gc,nmethod     ] Register NMethod: io.sirix.page.delegates.BitmapReferencesPage.getOrCreateReference (0x000071df5ee40988) [0x000071df5ee40a80, 0x000071df5ee41360] Compiler: jvmci, Barriers: 6, Oops: 2, ImmediateOops: 0, NonImmediateOops: No
[5,962s][debug][gc,nmethod     ] Register NMethod: java.lang.StringLatin1.lastIndexOf (0x000071df5ee40088) [0x000071df5ee40200, 0x000071df5ee40960] Compiler: jvmci, Barriers: 0, Oops: 0, ImmediateOops: 0, NonImmediateOops: No
[5,963s][debug][gc,nmethod     ] Register NMethod: java.util.concurrent.ConcurrentHashMap.remove (0x000071df5ee74b08) [0x000071df5ee74c00, 0x000071df5ee75bc8] Compiler: jvmci, Barriers: 26, Oops: 1, ImmediateOops: 2, NonImmediateOops: No
[5,964s][debug][gc,nmethod     ] Register NMethod: java.util.concurrent.atomic.AtomicReferenceFieldUpdater$AtomicReferenceFieldUpdaterImpl.accessCheck (0x000071df5ee3fd08) [0x000071df5ee3fe00, 0x000071df5ee40020] Compiler: jvmci, Barriers: 1, Oops: 0, ImmediateOops: 0, NonImmediateOops: No
[5,964s][debug][gc,nmethod     ] Register NMethod: io.sirix.page.UberPage.getPageCountExp (0x000071df5ee3f888) [0x000071df5ee3f980, 0x000071df5ee3fad8] Compiler: jvmci, Barriers: 0, Oops: 1, ImmediateOops: 2, NonImmediateOops: No
[5,965s][debug][gc,nmethod     ] Register NMethod: it.unimi.dsi.fastutil.longs.LongArrayList.<init> (0x000071df5ee74688) [0x000071df5ee74780, 0x000071df5ee74aa0] Compiler: jvmci, Barriers: 6, Oops: 1, ImmediateOops: 1, NonImmediateOops: No
[5,966s][debug][gc,nmethod     ] Register NMethod: java.nio.DirectByteBuffer$Deallocator.<init> (0x000071df5ee74108) [0x000071df5ee74200, 0x000071df5ee74290] Compiler: jvmci, Barriers: 0, Oops: 0, ImmediateOops: 0, NonImmediateOops: No
[5,967s][debug][gc,director    ] Rule Major: Warmup 20%, Used: 762MB, UsedThreshold: 2457MB
[5,967s][debug][gc,nmethod     ] Register NMethod: io.sirix.access.trx.page.NodePageReadOnlyTrx.getCurrentMaxIndirectPageTreeLevel (0x000071df5ed8ce88) [0x000071df5ed8cf80, 0x000071df5ed8d2b0] Compiler: jvmci, Barriers: 2, Oops: 1, ImmediateOops: 0, NonImmediateOops: No
[5,968s][debug][gc,nmethod     ] Register NMethod: jdk.internal.misc.Unsafe.setMemory (0x000071df5ed8cb08) [0x000071df5ed8cc00, 0x000071df5ed8ce10] Compiler: jvmci, Barriers: 2, Oops: 0, ImmediateOops: 0, NonImmediateOops: No
[5,976s][debug][gc,nmethod     ] Register NMethod: io.sirix.page.NamePage.getName (0x000071df5ed8b588) [0x000071df5ed8b680, 0x000071df5ed8ca98] Compiler: jvmci, Barriers: 32, Oops: 2, ImmediateOops: 3, NonImmediateOops: No
[5,977s][debug][gc,director    ] Rule Major: Warmup 20%, Used: 776MB, UsedThreshold: 2457MB
[5,981s][debug][gc,nmethod     ] Register NMethod: io.sirix.axis.DescendantAxis.nextKey (0x000071df5ed59b88) [0x000071df5ed59c80, 0x000071df5ed5c4e0] Compiler: jvmci, Barriers: 55, Oops: 1, ImmediateOops: 1, NonImmediateOops: No
[5,981s][debug][gc,nmethod     ] Register NMethod: io.sirix.node.GrowingMemorySegment.<init> (0x000071df5ee88f88) [0x000071df5ee89080, 0x000071df5ee8a088] Compiler: jvmci, Barriers: 33, Oops: 2, ImmediateOops: 8, NonImmediateOops: No
[5,986s][debug][gc,alloc       ] Mutator Allocation Rate: 701,5MB/s Predicted: 811,2MB/s, Avg: 535,4(+/-162,5)MB/s
[5,986s][debug][gc,director    ] Rule Major: Warmup 20%, Used: 792MB, UsedThreshold: 2457MB
[5,996s][debug][gc,director    ] Rule Major: Warmup 20%, Used: 808MB, UsedThreshold: 2457MB
[6,006s][debug][gc,director    ] Rule Major: Warmup 20%, Used: 818MB, UsedThreshold: 2457MB
[6,010s][debug][gc,nmethod     ] Register NMethod: net.jpountz.lz4.LZ4BlockInputStream.refill (0x000071df5ed81588) [0x000071df5ed81680, 0x000071df5ed83b60] Compiler: jvmci, Barriers: 25, Oops: 1, ImmediateOops: 1, NonImmediateOops: No
[6,016s][debug][gc,director    ] Rule Major: Warmup 20%, Used: 830MB, UsedThreshold: 2457MB
[6,026s][debug][gc,director    ] Rule Major: Warmup 20%, Used: 848MB, UsedThreshold: 2457MB
[6,036s][debug][gc,director    ] Rule Major: Warmup 20%, Used: 866MB, UsedThreshold: 2457MB
[6,037s][debug][gc,nmethod     ] Register NMethod: io.sirix.node.NodeKind$1.deserialize (0x000071df5ed07988) [0x000071df5ed07a80, 0x000071df5ed0aec8] Compiler: jvmci, Barriers: 98, Oops: 9, ImmediateOops: 14, NonImmediateOops: No
[6,044s][debug][gc,nmethod     ] Register NMethod: io.sirix.page.KeyValueLeafPage.isHot (0x000071df5ed8b288) [0x000071df5ed8b380, 0x000071df5ed8b440] Compiler: c1, Barriers: 0, Oops: 1, ImmediateOops: 0, NonImmediateOops: No
[6,046s][debug][gc,director    ] Rule Major: Warmup 20%, Used: 884MB, UsedThreshold: 2457MB
[6,048s][debug][gc,alloc       ] Mutator Allocation Rate: 712,5MB/s Predicted: 815,6MB/s, Avg: 540,5(+/-162,8)MB/s
[6,048s][debug][gc,director    ] Rule Major: Warmup 20%, Used: 888MB, UsedThreshold: 2457MB
[6,058s][debug][gc,director    ] Rule Major: Warmup 20%, Used: 908MB, UsedThreshold: 2457MB
[6,068s][debug][gc,director    ] Rule Major: Warmup 20%, Used: 928MB, UsedThreshold: 2457MB
[6,078s][debug][gc,director    ] Rule Major: Warmup 20%, Used: 950MB, UsedThreshold: 2457MB
[6,088s][debug][gc,director    ] Rule Major: Warmup 20%, Used: 970MB, UsedThreshold: 2457MB
[6,094s][debug][gc,alloc       ] Mutator Allocation Rate: 725,6MB/s Predicted: 820,9MB/s, Avg: 545,6(+/-163,4)MB/s
[6,094s][debug][gc,director    ] Rule Major: Warmup 20%, Used: 984MB, UsedThreshold: 2457MB
[6,104s][debug][gc,director    ] Rule Major: Warmup 20%, Used: 1004MB, UsedThreshold: 2457MB
[6,114s][debug][gc,director    ] Rule Major: Warmup 20%, Used: 1024MB, UsedThreshold: 2457MB
[6,125s][debug][gc,director    ] Rule Major: Warmup 20%, Used: 1046MB, UsedThreshold: 2457MB
[6,135s][debug][gc,director    ] Rule Major: Warmup 20%, Used: 1064MB, UsedThreshold: 2457MB
[6,144s][debug][gc,alloc       ] Mutator Allocation Rate: 738,0MB/s Predicted: 826,9MB/s, Avg: 550,8(+/-164,2)MB/s
[6,144s][debug][gc,director    ] Rule Major: Warmup 20%, Used: 1080MB, UsedThreshold: 2457MB
[6,148s][debug][gc,nmethod     ] Register NMethod: java.util.concurrent.ConcurrentHashMap$CollectionView.toArray (0x000071df3f51e308) [0x000071df3f51e400, 0x000071df3f51f800] Compiler: c1, Barriers: 6, Oops: 0, ImmediateOops: 2, NonImmediateOops: No
[6,154s][debug][gc,director    ] Rule Major: Warmup 20%, Used: 1100MB, UsedThreshold: 2457MB
[6,154s][debug][gc,director    ] Select Minor GC Workers (Not Warm), GCWorkers: 5,000
[6,154s][debug][gc,director    ] Rule Minor: Allocation Rate (Dynamic GC Workers), MaxAllocRate: 550,8MB/s (+/-29,8%), Free: 11146MB, GCCPUTime: 3,576, GCDuration: 0,717s, TimeUntilOOM: 15,589s, TimeUntilGC: 14,872s, GCWorkers: 5
[6,154s][debug][gc,director    ] Select Minor GC Workers (Not Warm), GCWorkers: 5,000
[6,154s][debug][gc,director    ] Rule Minor: Allocation Rate (Dynamic GC Workers), MaxAllocRate: 2193,9MB/s (+/-29,8%), Free: 11146MB, GCCPUTime: 3,576, GCDuration: 0,717s, TimeUntilOOM: 3,914s, TimeUntilGC: 3,197s, GCWorkers: 5
[6,154s][debug][gc,director    ] Rule Minor: High Usage, Free: 11146MB(90,7%)
[6,158s][debug][gc,nmethod     ] Register NMethod: java.util.BitSet.valueOf (0x000071df5ee88008) [0x000071df5ee88100, 0x000071df5ee88f68] Compiler: jvmci, Barriers: 13, Oops: 1, ImmediateOops: 0, NonImmediateOops: No
[6,163s][debug][gc,nmethod     ] Register NMethod: java.nio.file.FileTreeWalker$Event.ioeException (0x000071df5ee87d08) [0x000071df5ee87e00, 0x000071df5ee87ee8] Compiler: c1, Barriers: 1, Oops: 0, ImmediateOops: 0, NonImmediateOops: No
[6,164s][debug][gc,nmethod     ] Register NMethod: io.sirix.access.DatabaseConfiguration.getDatabaseFile (0x000071df5ee87808) [0x000071df5ee87900, 0x000071df5ee879e8] Compiler: c1, Barriers: 1, Oops: 1, ImmediateOops: 0, NonImmediateOops: No
[6,164s][debug][gc,director    ] Rule Major: Warmup 20%, Used: 1100MB, UsedThreshold: 2457MB
[6,164s][debug][gc,director    ] Select Minor GC Workers (Not Warm), GCWorkers: 5,000
[6,164s][debug][gc,director    ] Rule Minor: Allocation Rate (Dynamic GC Workers), MaxAllocRate: 550,8MB/s (+/-29,8%), Free: 11146MB, GCCPUTime: 3,576, GCDuration: 0,717s, TimeUntilOOM: 15,589s, TimeUntilGC: 14,872s, GCWorkers: 5
[6,164s][debug][gc,director    ] Select Minor GC Workers (Not Warm), GCWorkers: 5,000
[6,164s][debug][gc,director    ] Rule Minor: Allocation Rate (Dynamic GC Workers), MaxAllocRate: 2193,9MB/s (+/-29,8%), Free: 11146MB, GCCPUTime: 3,576, GCDuration: 0,717s, TimeUntilOOM: 3,914s, TimeUntilGC: 3,197s, GCWorkers: 5
[6,164s][debug][gc,director    ] Rule Minor: High Usage, Free: 11146MB(90,7%)
[6,164s][debug][gc,nmethod     ] Register NMethod: java.lang.ref.Reference.clear (0x000071df5ed8af88) [0x000071df5ed8b080, 0x000071df5ed8b210] Compiler: jvmci, Barriers: 4, Oops: 0, ImmediateOops: 0, NonImmediateOops: No
[6,164s][debug][gc,nmethod     ] Register NMethod: java.io.FileDescriptor.attach (0x000071df3f87ab88) [0x000071df3f87ac80, 0x000071df3f87bc70] Compiler: c1, Barriers: 16, Oops: 0, ImmediateOops: 1, NonImmediateOops: No
[6,164s][debug][gc,nmethod     ] Register NMethod: java.io.FileDescriptor$1.get (0x000071df3f629a88) [0x000071df3f629b80, 0x000071df3f629c88] Compiler: c1, Barriers: 0, Oops: 0, ImmediateOops: 0, NonImmediateOops: No
[6,164s][debug][gc,nmethod     ] Register NMethod: java.io.FileCleanable.<init> (0x000071df3f67b908) [0x000071df3f67ba00, 0x000071df3f67bb60] Compiler: c1, Barriers: 0, Oops: 0, ImmediateOops: 0, NonImmediateOops: No
[6,165s][debug][gc,nmethod     ] Register NMethod: java.io.FileDescriptor$1.getHandle (0x000071df3f774b88) [0x000071df3f774c80, 0x000071df3f774d88] Compiler: c1, Barriers: 0, Oops: 0, ImmediateOops: 0, NonImmediateOops: No
[6,165s][debug][gc,nmethod     ] Register NMethod: java.io.FileDescriptor.registerCleanup (0x000071df3f60fb08) [0x000071df3f60fc00, 0x000071df3f610288] Compiler: c1, Barriers: 4, Oops: 1, ImmediateOops: 1, NonImmediateOops: No
[6,165s][debug][gc,nmethod     ] Register NMethod: java.io.FileCleanable.register (0x000071df3f405488) [0x000071df3f405580, 0x000071df3f4062e8] Compiler: c1, Barriers: 4, Oops: 2, ImmediateOops: 2, NonImmediateOops: No
[6,165s][debug][gc,nmethod     ] Register NMethod: java.lang.Long.parallelSuffix (0x000071df3f784708) [0x000071df3f784800, 0x000071df3f784938] Compiler: c1, Barriers: 0, Oops: 0, ImmediateOops: 0, NonImmediateOops: No
[6,166s][debug][gc,nmethod     ] Register NMethod: it.unimi.dsi.fastutil.shorts.ShortArrayList$1.hasNext (0x000071df5ed8aa08) [0x000071df5ed8ab00, 0x000071df5ed8abe8] Compiler: jvmci, Barriers: 1, Oops: 1, ImmediateOops: 0, NonImmediateOops: No
[6,168s][debug][gc,nmethod     ] Register NMethod: java.lang.invoke.DirectMethodHandle$Holder.newInvokeSpecial (0x000071df3fb45208) [0x000071df3fb45300, 0x000071df3fb45b70] Compiler: c1, Barriers: 2, Oops: 0, ImmediateOops: 1, NonImmediateOops: No
[6,168s][debug][gc,nmethod     ] Register NMethod: java.nio.file.FileSystems.getDefault (0x000071df3f7c2d88) [0x000071df3f7c2e80, 0x000071df3f7c32e0] Compiler: c1, Barriers: 1, Oops: 0, ImmediateOops: 3, NonImmediateOops: No
[6,168s][debug][gc,nmethod     ] Register NMethod: java.util.concurrent.ConcurrentHashMap$ValueIterator.next (0x000071df5ed06b08) [0x000071df5ed06c00, 0x000071df5ed07960] Compiler: jvmci, Barriers: 30, Oops: 0, ImmediateOops: 0, NonImmediateOops: No
[6,169s][debug][gc,nmethod     ] Register NMethod: com.github.benmanes.caffeine.cache.SSLSMW.setHitsInSample (0x000071df5ed06808) [0x000071df5ed06900, 0x000071df5ed069c0] Compiler: c1, Barriers: 0, Oops: 1, ImmediateOops: 0, NonImmediateOops: No
[6,169s][debug][gc,nmethod     ] Register NMethod: com.github.benmanes.caffeine.cache.SSLSMW.setPreviousSampleHitRate (0x000071df5ed06508) [0x000071df5ed06600, 0x000071df5ed066c0] Compiler: c1, Barriers: 0, Oops: 1, ImmediateOops: 0, NonImmediateOops: No
[6,169s][debug][gc,nmethod     ] Register NMethod: com.github.benmanes.caffeine.cache.SSLSMW.mainProtectedWeightedSize (0x000071df5ed06208) [0x000071df5ed06300, 0x000071df5ed063c0] Compiler: c1, Barriers: 0, Oops: 1, ImmediateOops: 0, NonImmediateOops: No
[6,169s][debug][gc,nmethod     ] Register NMethod: com.github.benmanes.caffeine.cache.SSLSMW.mainProtectedMaximum (0x000071df5ed05f08) [0x000071df5ed06000, 0x000071df5ed060c0] Compiler: c1, Barriers: 0, Oops: 1, ImmediateOops: 0, NonImmediateOops: No
[6,169s][debug][gc,nmethod     ] Register NMethod: com.github.benmanes.caffeine.cache.BaseMpscLinkedArrayQueue.lvProducerLimit (0x000071df5ed05a08) [0x000071df5ed05b00, 0x000071df5ed05bc8] Compiler: c1, Barriers: 0, Oops: 1, ImmediateOops: 0, NonImmediateOops: No
[6,169s][debug][gc,nmethod     ] Register NMethod: com.github.benmanes.caffeine.cache.SSLSMW.adjustment (0x000071df5ed81288) [0x000071df5ed81380, 0x000071df5ed81440] Compiler: c1, Barriers: 0, Oops: 1, ImmediateOops: 0, NonImmediateOops: No
[6,169s][debug][gc,nmethod     ] Register NMethod: com.github.benmanes.caffeine.cache.SSLSMW.accessOrderProbationDeque (0x000071df5ed80f88) [0x000071df5ed81080, 0x000071df5ed81170] Compiler: c1, Barriers: 1, Oops: 1, ImmediateOops: 0, NonImmediateOops: No
[6,169s][debug][gc,nmethod     ] Register NMethod: java.lang.System.checkKey (0x000071df3f89bf88) [0x000071df3f89c080, 0x000071df3f89c5e8] Compiler: c1, Barriers: 1, Oops: 0, ImmediateOops: 2, NonImmediateOops: No
[6,170s][debug][gc,nmethod     ] Register NMethod: com.github.benmanes.caffeine.cache.BaseMpscLinkedArrayQueue.soElement (0x000071df3fe4a288) [0x000071df3fe4a380, 0x000071df3fe4c488] Compiler: c1, Barriers: 3, Oops: 8, ImmediateOops: 11, NonImmediateOops: No
[6,170s][debug][gc,nmethod     ] Register NMethod: com.sun.org.apache.xerces.internal.util.XMLChar.isInvalid (0x000071df5ed80c88) [0x000071df5ed80d80, 0x000071df5ed80e50] Compiler: jvmci, Barriers: 0, Oops: 0, ImmediateOops: 1, NonImmediateOops: No
[6,171s][debug][gc,nmethod     ] Register NMethod: io.sirix.access.trx.node.AbstractNodeHashing.rollingAdd (0x000071df3f853d88) [0x000071df3f853e80, 0x000071df3f859328] Compiler: c1, Barriers: 15, Oops: 1, ImmediateOops: 2, NonImmediateOops: No
[6,172s][debug][gc,nmethod     ] Register NMethod: io.sirix.access.trx.node.xml.XmlNodeHashing.getCurrentNode (0x000071df5ed80908) [0x000071df5ed80a00, 0x000071df5ed80c20] Compiler: jvmci, Barriers: 2, Oops: 1, ImmediateOops: 0, NonImmediateOops: No
[6,172s][debug][gc,nmethod     ] Register NMethod: io.sirix.access.trx.node.AbstractNodeHashing.rollingAdd (0x000071df3f804108) [0x000071df3f804200, 0x000071df3f8094f0] Compiler: c1, Barriers: 15, Oops: 1, ImmediateOops: 2, NonImmediateOops: No
[6,173s][debug][gc,nmethod     ] Register NMethod: io.sirix.access.trx.node.xml.XmlNodeHashing.setCurrentNode (0x000071df5ed80508) [0x000071df5ed80600, 0x000071df5ed80890] Compiler: jvmci, Barriers: 4, Oops: 1, ImmediateOops: 0, NonImmediateOops: No
[6,174s][debug][gc,director    ] Rule Major: Warmup 20%, Used: 1108MB, UsedThreshold: 2457MB
[6,174s][debug][gc,director    ] Select Minor GC Workers (Not Warm), GCWorkers: 5,000
[6,174s][debug][gc,director    ] Rule Minor: Allocation Rate (Dynamic GC Workers), MaxAllocRate: 550,8MB/s (+/-29,8%), Free: 11138MB, GCCPUTime: 3,576, GCDuration: 0,717s, TimeUntilOOM: 15,578s, TimeUntilGC: 14,861s, GCWorkers: 5
[6,174s][debug][gc,director    ] Select Minor GC Workers (Not Warm), GCWorkers: 5,000
[6,174s][debug][gc,director    ] Rule Minor: Allocation Rate (Dynamic GC Workers), MaxAllocRate: 2193,9MB/s (+/-29,8%), Free: 11138MB, GCCPUTime: 3,576, GCDuration: 0,717s, TimeUntilOOM: 3,911s, TimeUntilGC: 3,194s, GCWorkers: 5
[6,174s][debug][gc,director    ] Rule Minor: High Usage, Free: 11138MB(90,6%)
[6,175s][debug][gc,nmethod     ] Register NMethod: io.sirix.access.trx.page.NodePageTrx$$Lambda/0x00000000ae2322f0.apply (0x000071df5ed7f908) [0x000071df5ed7fa00, 0x000071df5ed804c0] Compiler: jvmci, Barriers: 13, Oops: 1, ImmediateOops: 2, NonImmediateOops: No
[6,175s][debug][gc,nmethod     ] Register NMethod: io.sirix.access.trx.node.xml.XmlNodeHashing.getStructuralNode (0x000071df5ed7f408) [0x000071df5ed7f500, 0x000071df5ed7f898] Compiler: jvmci, Barriers: 4, Oops: 1, ImmediateOops: 0, NonImmediateOops: No
[6,184s][debug][gc,director    ] Rule Major: Warmup 20%, Used: 1118MB, UsedThreshold: 2457MB
[6,184s][debug][gc,director    ] Select Minor GC Workers (Not Warm), GCWorkers: 5,000
[6,184s][debug][gc,director    ] Rule Minor: Allocation Rate (Dynamic GC Workers), MaxAllocRate: 550,8MB/s (+/-29,8%), Free: 11128MB, GCCPUTime: 3,576, GCDuration: 0,717s, TimeUntilOOM: 15,564s, TimeUntilGC: 14,847s, GCWorkers: 5
[6,184s][debug][gc,director    ] Select Minor GC Workers (Not Warm), GCWorkers: 5,000
[6,184s][debug][gc,director    ] Rule Minor: Allocation Rate (Dynamic GC Workers), MaxAllocRate: 2193,9MB/s (+/-29,8%), Free: 11128MB, GCCPUTime: 3,576, GCDuration: 0,717s, TimeUntilOOM: 3,907s, TimeUntilGC: 3,190s, GCWorkers: 5
[6,184s][debug][gc,director    ] Rule Minor: High Usage, Free: 11128MB(90,6%)
[6,194s][debug][gc,director    ] Rule Major: Warmup 20%, Used: 1132MB, UsedThreshold: 2457MB
[6,194s][debug][gc,director    ] Select Minor GC Workers (Not Warm), GCWorkers: 5,000
[6,194s][debug][gc,director    ] Rule Minor: Allocation Rate (Dynamic GC Workers), MaxAllocRate: 550,8MB/s (+/-29,8%), Free: 11114MB, GCCPUTime: 3,576, GCDuration: 0,717s, TimeUntilOOM: 15,544s, TimeUntilGC: 14,827s, GCWorkers: 5
[6,194s][debug][gc,director    ] Select Minor GC Workers (Not Warm), GCWorkers: 5,000
[6,194s][debug][gc,director    ] Rule Minor: Allocation Rate (Dynamic GC Workers), MaxAllocRate: 2193,9MB/s (+/-29,8%), Free: 11114MB, GCCPUTime: 3,576, GCDuration: 0,717s, TimeUntilOOM: 3,903s, TimeUntilGC: 3,185s, GCWorkers: 5
[6,195s][debug][gc,director    ] Rule Minor: High Usage, Free: 11114MB(90,4%)
[6,197s][debug][gc,nmethod     ] Register NMethod: java.io.InputStream.readNBytes (0x000071df5eded288) [0x000071df5eded380, 0x000071df5edf17c0] Compiler: jvmci, Barriers: 52, Oops: 2, ImmediateOops: 2, NonImmediateOops: No
[6,205s][debug][gc,director    ] Rule Major: Warmup 20%, Used: 1144MB, UsedThreshold: 2457MB
[6,205s][debug][gc,director    ] Select Minor GC Workers (Not Warm), GCWorkers: 5,000
[6,205s][debug][gc,director    ] Rule Minor: Allocation Rate (Dynamic GC Workers), MaxAllocRate: 550,8MB/s (+/-29,8%), Free: 11102MB, GCCPUTime: 3,576, GCDuration: 0,717s, TimeUntilOOM: 15,528s, TimeUntilGC: 14,810s, GCWorkers: 5
[6,205s][debug][gc,director    ] Select Minor GC Workers (Not Warm), GCWorkers: 5,000
[6,205s][debug][gc,director    ] Rule Minor: Allocation Rate (Dynamic GC Workers), MaxAllocRate: 2193,9MB/s (+/-29,8%), Free: 11102MB, GCCPUTime: 3,576, GCDuration: 0,717s, TimeUntilOOM: 3,898s, TimeUntilGC: 3,181s, GCWorkers: 5
[6,205s][debug][gc,director    ] Rule Minor: High Usage, Free: 11102MB(90,3%)
[6,215s][debug][gc,director    ] Rule Major: Warmup 20%, Used: 1156MB, UsedThreshold: 2457MB
[6,215s][debug][gc,director    ] Select Minor GC Workers (Not Warm), GCWorkers: 5,000
[6,215s][debug][gc,director    ] Rule Minor: Allocation Rate (Dynamic GC Workers), MaxAllocRate: 550,8MB/s (+/-29,8%), Free: 11090MB, GCCPUTime: 3,576, GCDuration: 0,717s, TimeUntilOOM: 15,511s, TimeUntilGC: 14,794s, GCWorkers: 5
[6,215s][debug][gc,director    ] Select Minor GC Workers (Not Warm), GCWorkers: 5,000
[6,215s][debug][gc,director    ] Rule Minor: Allocation Rate (Dynamic GC Workers), MaxAllocRate: 2193,9MB/s (+/-29,8%), Free: 11090MB, GCCPUTime: 3,576, GCDuration: 0,717s, TimeUntilOOM: 3,894s, TimeUntilGC: 3,177s, GCWorkers: 5
[6,215s][debug][gc,director    ] Rule Minor: High Usage, Free: 11090MB(90,3%)
[6,220s][debug][gc,nmethod     ] Register NMethod: io.sirix.node.delegates.StructNodeDelegate.incrementChildCount (0x000071df5ed7ef88) [0x000071df5ed7f080, 0x000071df5ed7f108] Compiler: jvmci, Barriers: 0, Oops: 1, ImmediateOops: 0, NonImmediateOops: No
[6,225s][debug][gc,director    ] Rule Major: Warmup 20%, Used: 1170MB, UsedThreshold: 2457MB
[6,225s][debug][gc,director    ] Select Minor GC Workers (Not Warm), GCWorkers: 5,000
[6,225s][debug][gc,director    ] Rule Minor: Allocation Rate (Dynamic GC Workers), MaxAllocRate: 550,8MB/s (+/-29,8%), Free: 11076MB, GCCPUTime: 3,576, GCDuration: 0,717s, TimeUntilOOM: 15,491s, TimeUntilGC: 14,774s, GCWorkers: 5
[6,225s][debug][gc,director    ] Select Minor GC Workers (Not Warm), GCWorkers: 5,000
[6,225s][debug][gc,director    ] Rule Minor: Allocation Rate (Dynamic GC Workers), MaxAllocRate: 2193,9MB/s (+/-29,8%), Free: 11076MB, GCCPUTime: 3,576, GCDuration: 0,717s, TimeUntilOOM: 3,889s, TimeUntilGC: 3,172s, GCWorkers: 5
[6,225s][debug][gc,director    ] Rule Minor: High Usage, Free: 11076MB(90,1%)
[6,229s][debug][gc,alloc       ] Mutator Allocation Rate: 744,7MB/s Predicted: 832,7MB/s, Avg: 555,9(+/-164,9)MB/s
[6,229s][debug][gc,director    ] Rule Major: Warmup 20%, Used: 1176MB, UsedThreshold: 2457MB
[6,229s][debug][gc,director    ] Select Minor GC Workers (Not Warm), GCWorkers: 5,000
[6,229s][debug][gc,director    ] Rule Minor: Allocation Rate (Dynamic GC Workers), MaxAllocRate: 555,9MB/s (+/-29,7%), Free: 11070MB, GCCPUTime: 3,576, GCDuration: 0,717s, TimeUntilOOM: 15,357s, TimeUntilGC: 14,639s, GCWorkers: 5
[6,229s][debug][gc,director    ] Select Minor GC Workers (Not Warm), GCWorkers: 5,000
[6,229s][debug][gc,director    ] Rule Minor: Allocation Rate (Dynamic GC Workers), MaxAllocRate: 2208,2MB/s (+/-29,7%), Free: 11070MB, GCCPUTime: 3,576, GCDuration: 0,717s, TimeUntilOOM: 3,866s, TimeUntilGC: 3,149s, GCWorkers: 5
[6,229s][debug][gc,director    ] Rule Minor: High Usage, Free: 11070MB(90,1%)
[6,239s][debug][gc,director    ] Rule Major: Warmup 20%, Used: 1188MB, UsedThreshold: 2457MB
[6,239s][debug][gc,director    ] Select Minor GC Workers (Not Warm), GCWorkers: 5,000
[6,239s][debug][gc,director    ] Rule Minor: Allocation Rate (Dynamic GC Workers), MaxAllocRate: 555,9MB/s (+/-29,7%), Free: 11058MB, GCCPUTime: 3,576, GCDuration: 0,717s, TimeUntilOOM: 15,340s, TimeUntilGC: 14,623s, GCWorkers: 5
[6,239s][debug][gc,director    ] Select Minor GC Workers (Not Warm), GCWorkers: 5,000
[6,239s][debug][gc,director    ] Rule Minor: Allocation Rate (Dynamic GC Workers), MaxAllocRate: 2208,2MB/s (+/-29,7%), Free: 11058MB, GCCPUTime: 3,576, GCDuration: 0,717s, TimeUntilOOM: 3,862s, TimeUntilGC: 3,145s, GCWorkers: 5
[6,239s][debug][gc,director    ] Rule Minor: High Usage, Free: 11058MB(90,0%)
[6,250s][debug][gc,director    ] Rule Major: Warmup 20%, Used: 1202MB, UsedThreshold: 2457MB
[6,250s][debug][gc,director    ] Select Minor GC Workers (Not Warm), GCWorkers: 5,000
[6,250s][debug][gc,director    ] Rule Minor: Allocation Rate (Dynamic GC Workers), MaxAllocRate: 555,9MB/s (+/-29,7%), Free: 11044MB, GCCPUTime: 3,576, GCDuration: 0,717s, TimeUntilOOM: 15,321s, TimeUntilGC: 14,603s, GCWorkers: 5
[6,250s][debug][gc,director    ] Select Minor GC Workers (Not Warm), GCWorkers: 5,000
[6,250s][debug][gc,director    ] Rule Minor: Allocation Rate (Dynamic GC Workers), MaxAllocRate: 2208,2MB/s (+/-29,7%), Free: 11044MB, GCCPUTime: 3,576, GCDuration: 0,717s, TimeUntilOOM: 3,857s, TimeUntilGC: 3,140s, GCWorkers: 5
[6,250s][debug][gc,director    ] Rule Minor: High Usage, Free: 11044MB(89,9%)
[6,260s][debug][gc,director    ] Rule Major: Warmup 20%, Used: 1216MB, UsedThreshold: 2457MB
[6,260s][debug][gc,director    ] Select Minor GC Workers (Not Warm), GCWorkers: 5,000
