[0.007s][debug][gc,heap] Minimum heap 5368709120  Initial heap 5368709120  Maximum heap 12884901888
[0.007s][info ][gc,init] Initializing The Z Garbage Collector
[0.007s][info ][gc,init] Version: 25+37-LTS-jvmci-b01 (release)
[0.007s][info ][gc,init] NUMA Support: Disabled
[0.007s][info ][gc,init] CPUs: 20 total, 20 available
[0.007s][info ][gc,init] Memory: 31764M
[0.007s][info ][gc,init] Large Page Support: Disabled
[0.008s][info ][gc,init] Address Space Size: unlimited
[0.008s][debug][gc,init] Reserved Space: limit 4096G, desired 192G, requested 192G
[0.008s][info ][gc,init] Reserved Space Type: Contiguous/Unrestricted/Complete
[0.008s][info ][gc,init] Reserved Space Size: 192G
[0.008s][info ][gc,init] Heap Backing File: /memfd:java_heap
[0.008s][info ][gc,init] Heap Backing Filesystem: tmpfs (0x1021994)
[0.008s][info ][gc,init] Min Capacity: 5120M
[0.008s][info ][gc,init] Initial Capacity: 5120M
[0.008s][info ][gc,init] Max Capacity: 12288M
[0.008s][info ][gc,init] Soft Max Capacity: 12288M
[0.008s][info ][gc,init] Page Size Medium: Range [4M, 32M]
[0.008s][info ][gc,init] Pre-touch: Enabled
[0.008s][info ][gc,init] Available space on backing filesystem: N/A
[0.009s][info ][gc,init] Uncommit: Enabled
[0.009s][info ][gc,init] Uncommit Delay: 300s
[0.009s][info ][gc,init] GC Workers for Old Generation: 5 (dynamic)
[0.009s][info ][gc,init] GC Workers for Young Generation: 5 (dynamic)
[0.807s][debug][gc,task] Executing ZPreTouchTask using ZWorkerOld with 5 workers
[1.095s][info ][gc,init] GC Workers Max: 5 (dynamic)
[1.096s][info ][gc,init] Runtime Workers: 12
[1.096s][info ][gc     ] Using The Z Garbage Collector
[1.106s][info ][gc,metaspace] CDS archive(s) not mapped
[1.106s][info ][gc,metaspace] Compressed class space mapped at: 0x000000006c000000-0x00000000ac000000, reserved size: 1073741824
[1.106s][info ][gc,metaspace] UseCompressedClassPointers 1, UseCompactObjectHeaders 0
[1.106s][info ][gc,metaspace] Narrow klass pointer bits 32, Max shift 3
[1.106s][info ][gc,metaspace] Narrow klass base: 0x0000000000000000, Narrow klass shift: 0
[1.106s][info ][gc,metaspace] Encoding Range: [0x0000000000000000 - 0x0000000100000000), (4294967296 bytes)
[1.107s][info ][gc,metaspace] Klass Range:    [0x000000006c000000 - 0x00000000ac000000), (1073741824 bytes)
[1.107s][info ][gc,metaspace] Klass ID Range:  [1811939328 - 2885681145) (1073741817)
[1.107s][info ][gc,metaspace] No protection zone.
[1,141s][debug][gc,heap     ] Uncommitter (0) Timeout: 300000ms
[1,143s][debug][gc,nmethod  ] Register NMethod: jdk.internal.util.ArraysSupport.unsignedHashCode (0x00007ab287400008) [0x00007ab287400100, 0x00007ab287400310] Compiler: c1, Barriers: 0, Oops: 0, ImmediateOops: 0, NonImmediateOops: No
[1,143s][debug][gc,nmethod  ] Rebuilding NMethod Table: 0->1024 entries, 0(0%->0%) registered, 0(0%->0%) unregistered
[1,143s][debug][gc,nmethod  ] Register NMethod: java.lang.Object.<init> (0x00007ab287400388) [0x00007ab287400480, 0x00007ab287400580] Compiler: c1, Barriers: 0, Oops: 0, ImmediateOops: 0, NonImmediateOops: No
[1,143s][debug][gc,nmethod  ] Register NMethod: java.lang.Byte.toUnsignedInt (0x00007ab287400688) [0x00007ab287400780, 0x00007ab287400868] Compiler: c1, Barriers: 0, Oops: 0, ImmediateOops: 0, NonImmediateOops: No
[1,143s][debug][gc,nmethod  ] Register NMethod: java.lang.String.hashCode (0x00007ab287400988) [0x00007ab287400a80, 0x00007ab287401028] Compiler: c1, Barriers: 2, Oops: 0, ImmediateOops: 0, NonImmediateOops: No
[1,146s][debug][gc,nmethod  ] Register NMethod: jdk.internal.misc.Unsafe.getReferenceVolatile (0x00007ab2a6be5008) [0x00007ab2a6be5100, 0x00007ab2a6be5430] Compiler: , Barriers: 0, Oops: 0, ImmediateOops: 0, NonImmediateOops: No
[1,150s][debug][gc,nmethod  ] Register NMethod: java.util.ImmutableCollections$SetN.probe (0x00007ab287401088) [0x00007ab287401180, 0x00007ab2874019a8] Compiler: c1, Barriers: 4, Oops: 0, ImmediateOops: 0, NonImmediateOops: No
[1,150s][debug][gc,nmethod  ] Register NMethod: java.lang.StringLatin1.equals (0x00007ab287401a08) [0x00007ab287401b00, 0x00007ab287401d68] Compiler: c1, Barriers: 0, Oops: 0, ImmediateOops: 0, NonImmediateOops: No
[1,150s][debug][gc,nmethod  ] Register NMethod: java.lang.Math.floorMod (0x00007ab287401d88) [0x00007ab287401e80, 0x00007ab287402010] Compiler: c1, Barriers: 0, Oops: 0, ImmediateOops: 0, NonImmediateOops: No
[1,150s][debug][gc,nmethod  ] Register NMethod: jdk.internal.util.ArraysSupport.hashCodeOfUnsigned (0x00007ab287402088) [0x00007ab287402180, 0x00007ab2874023f8] Compiler: c1, Barriers: 0, Oops: 0, ImmediateOops: 0, NonImmediateOops: No
[1,150s][debug][gc,nmethod  ] Register NMethod: jdk.internal.util.ArraysSupport.vectorizedHashCode (0x00007ab287402408) [0x00007ab287402500, 0x00007ab287404358] Compiler: c1, Barriers: 0, Oops: 1, ImmediateOops: 2, NonImmediateOops: No
[1,150s][debug][gc,nmethod  ] Register NMethod: java.util.Objects.requireNonNull (0x00007ab287404388) [0x00007ab287404480, 0x00007ab287404650] Compiler: c1, Barriers: 0, Oops: 0, ImmediateOops: 0, NonImmediateOops: No
[1,151s][debug][gc,nmethod  ] Register NMethod: java.util.ImmutableCollections$SetN.hashCode (0x00007ab287404688) [0x00007ab287404780, 0x00007ab287404bf0] Compiler: c1, Barriers: 2, Oops: 0, ImmediateOops: 0, NonImmediateOops: No
[1,151s][debug][gc,director ] Rule Major: Warmup 10%, Used: 6MB, UsedThreshold: 1228MB
[1,152s][debug][gc,nmethod  ] Register NMethod: java.lang.module.ModuleDescriptor.modsHashCode (0x00007ab287404c08) [0x00007ab287404d00, 0x00007ab287405ab8] Compiler: c1, Barriers: 1, Oops: 0, ImmediateOops: 0, NonImmediateOops: No
[1,152s][debug][gc,nmethod  ] Register NMethod: java.util.ImmutableCollections$SetN.<init> (0x00007ab287405b08) [0x00007ab287405c00, 0x00007ab2874074d0] Compiler: c1, Barriers: 8, Oops: 1, ImmediateOops: 3, NonImmediateOops: No
[1,152s][debug][gc,nmethod  ] Register NMethod: java.lang.String.equals (0x00007ab287407508) [0x00007ab287407600, 0x00007ab287407cc0] Compiler: c1, Barriers: 2, Oops: 0, ImmediateOops: 0, NonImmediateOops: No
[1,152s][debug][gc,nmethod  ] Register NMethod: java.util.ImmutableCollections$SetN.iterator (0x00007ab287407d08) [0x00007ab287407e00, 0x00007ab287407fa0] Compiler: c1, Barriers: 0, Oops: 0, ImmediateOops: 0, NonImmediateOops: No
[1,152s][debug][gc,nmethod  ] Register NMethod: java.util.Set.of (0x00007ab287408008) [0x00007ab287408100, 0x00007ab2874081e8] Compiler: c1, Barriers: 0, Oops: 0, ImmediateOops: 1, NonImmediateOops: No
[1,152s][debug][gc,nmethod  ] Register NMethod: java.util.ImmutableCollections$SetN$SetNIterator.hasNext (0x00007ab287408308) [0x00007ab287408400, 0x00007ab287408550] Compiler: c1, Barriers: 0, Oops: 0, ImmediateOops: 0, NonImmediateOops: No
[1,152s][debug][gc,nmethod  ] Register NMethod: java.lang.System.arraycopy (0x00007ab2a6be5488) [0x00007ab2a6be5580, 0x00007ab2a6be5700] Compiler: , Barriers: 0, Oops: 0, ImmediateOops: 1, NonImmediateOops: No
[1,153s][debug][gc,nmethod  ] Register NMethod: java.util.ImmutableCollections$AbstractImmutableCollection.<init> (0x00007ab287408608) [0x00007ab287408700, 0x00007ab2874088b8] Compiler: c1, Barriers: 0, Oops: 0, ImmediateOops: 0, NonImmediateOops: No
[1,153s][debug][gc,nmethod  ] Register NMethod: java.util.AbstractCollection.<init> (0x00007ab287408908) [0x00007ab287408a00, 0x00007ab287408b58] Compiler: c1, Barriers: 0, Oops: 0, ImmediateOops: 0, NonImmediateOops: No
[1,153s][debug][gc,nmethod  ] Register NMethod: java.util.ImmutableCollections$SetN$SetNIterator.<init> (0x00007ab287408c08) [0x00007ab287408d00, 0x00007ab287409080] Compiler: c1, Barriers: 4, Oops: 0, ImmediateOops: 0, NonImmediateOops: No
[1,153s][debug][gc,nmethod  ] Register NMethod: java.util.Objects.equals (0x00007ab287409088) [0x00007ab287409180, 0x00007ab287409508] Compiler: c1, Barriers: 0, Oops: 0, ImmediateOops: 0, NonImmediateOops: No
[1,153s][debug][gc,nmethod  ] Register NMethod: java.lang.module.ModuleDescriptor$Exports.<init> (0x00007ab287409588) [0x00007ab287409680, 0x00007ab287409940] Compiler: c1, Barriers: 9, Oops: 0, ImmediateOops: 0, NonImmediateOops: No
[1,153s][debug][gc,nmethod  ] Register NMethod: java.lang.String.coder (0x00007ab287409988) [0x00007ab287409a80, 0x00007ab287409ba8] Compiler: c1, Barriers: 0, Oops: 0, ImmediateOops: 0, NonImmediateOops: No
[1,153s][debug][gc,nmethod  ] Register NMethod: java.lang.module.ModuleDescriptor.name (0x00007ab2a6be5788) [0x00007ab2a6be5880, 0x00007ab2a6be5968] Compiler: c1, Barriers: 1, Oops: 0, ImmediateOops: 0, NonImmediateOops: No
[1,153s][debug][gc,nmethod  ] Register NMethod: java.util.ImmutableCollections$AbstractImmutableSet.<init> (0x00007ab287409c88) [0x00007ab287409d80, 0x00007ab287409f98] Compiler: c1, Barriers: 0, Oops: 0, ImmediateOops: 0, NonImmediateOops: No
[1,153s][debug][gc,nmethod  ] Register NMethod: java.util.ImmutableCollections$ListN.get (0x00007ab28740a008) [0x00007ab28740a100, 0x00007ab28740a288] Compiler: c1, Barriers: 2, Oops: 0, ImmediateOops: 0, NonImmediateOops: No
[1,153s][debug][gc,nmethod  ] Register NMethod: java.util.Objects.hashCode (0x00007ab28740a308) [0x00007ab28740a400, 0x00007ab28740a750] Compiler: c1, Barriers: 0, Oops: 0, ImmediateOops: 0, NonImmediateOops: No
[1,153s][debug][gc,nmethod  ] Register NMethod: java.lang.module.ModuleDescriptor$Exports.hashCode (0x00007ab28740a788) [0x00007ab28740a880, 0x00007ab28740ae98] Compiler: c1, Barriers: 3, Oops: 0, ImmediateOops: 0, NonImmediateOops: No
[1,153s][debug][gc,nmethod  ] Register NMethod: java.lang.String.length (0x00007ab28740af08) [0x00007ab28740b000, 0x00007ab28740b380] Compiler: c1, Barriers: 1, Oops: 0, ImmediateOops: 0, NonImmediateOops: No
[1,153s][debug][gc,nmethod  ] Register NMethod: java.lang.String.isLatin1 (0x00007ab28740b388) [0x00007ab28740b480, 0x00007ab28740b5e0] Compiler: c1, Barriers: 0, Oops: 0, ImmediateOops: 0, NonImmediateOops: No
[1,153s][debug][gc,nmethod  ] Register NMethod: jdk.internal.module.Builder.newExports (0x00007ab28740b688) [0x00007ab28740b780, 0x00007ab28740b8c0] Compiler: c1, Barriers: 0, Oops: 0, ImmediateOops: 1, NonImmediateOops: No
[1,153s][debug][gc,nmethod  ] Register NMethod: java.util.Set.of (0x00007ab28740b988) [0x00007ab28740ba80, 0x00007ab28740c2f0] Compiler: c1, Barriers: 9, Oops: 0, ImmediateOops: 2, NonImmediateOops: No
[1,153s][debug][gc,nmethod  ] Register NMethod: java.lang.module.ModuleDescriptor$1.newExports (0x00007ab28740c308) [0x00007ab28740c400, 0x00007ab28740c778] Compiler: c1, Barriers: 9, Oops: 0, ImmediateOops: 0, NonImmediateOops: No
[1,153s][debug][gc,nmethod  ] Register NMethod: java.net.URI.hash (0x00007ab28740c788) [0x00007ab28740c880, 0x00007ab28740ce40] Compiler: c1, Barriers: 0, Oops: 0, ImmediateOops: 0, NonImmediateOops: No
[1,153s][debug][gc,nmethod  ] Register NMethod: java.lang.StringLatin1.charAt (0x00007ab28740ce88) [0x00007ab28740cf80, 0x00007ab28740d140] Compiler: c1, Barriers: 0, Oops: 1, ImmediateOops: 1, NonImmediateOops: No
[1,153s][debug][gc,nmethod  ] Register NMethod: java.lang.String.checkIndex (0x00007ab28740d188) [0x00007ab28740d280, 0x00007ab28740d3a8] Compiler: c1, Barriers: 0, Oops: 1, ImmediateOops: 1, NonImmediateOops: No
[1,153s][debug][gc,nmethod  ] Register NMethod: java.lang.module.ModuleDescriptor$Exports.equals (0x00007ab28740d488) [0x00007ab28740d580, 0x00007ab28740e3f8] Compiler: c1, Barriers: 6, Oops: 0, ImmediateOops: 0, NonImmediateOops: No
[1,153s][debug][gc,nmethod  ] Register NMethod: java.lang.String.charAt (0x00007ab28740e408) [0x00007ab28740e500, 0x00007ab28740ea90] Compiler: c1, Barriers: 2, Oops: 1, ImmediateOops: 1, NonImmediateOops: No
[1,153s][debug][gc,nmethod  ] Register NMethod: java.lang.module.ModuleReference.descriptor (0x00007ab2a6be5a88) [0x00007ab2a6be5b80, 0x00007ab2a6be5c68] Compiler: c1, Barriers: 1, Oops: 0, ImmediateOops: 0, NonImmediateOops: No
[1,153s][debug][gc,nmethod  ] Register NMethod: jdk.internal.util.Preconditions.checkIndex (0x00007ab28740eb08) [0x00007ab28740ec00, 0x00007ab28740ed88] Compiler: c1, Barriers: 0, Oops: 0, ImmediateOops: 0, NonImmediateOops: No
[1,155s][debug][gc,nmethod  ] Register NMethod: java.lang.StringLatin1.indexOfChar (0x00007ab28740ee08) [0x00007ab28740ef00, 0x00007ab28740f100] Compiler: c1, Barriers: 0, Oops: 0, ImmediateOops: 0, NonImmediateOops: No
[1,155s][debug][gc,nmethod  ] Register NMethod: java.lang.Object.getClass (0x00007ab2a6be5d88) [0x00007ab2a6be5e80, 0x00007ab2a6be61a0] Compiler: , Barriers: 0, Oops: 0, ImmediateOops: 0, NonImmediateOops: No
[1,156s][debug][gc,nmethod  ] Register NMethod: java.io.File.getPath (0x00007ab2a6be6208) [0x00007ab2a6be6300, 0x00007ab2a6be63e8] Compiler: c1, Barriers: 1, Oops: 0, ImmediateOops: 0, NonImmediateOops: No
[1,156s][debug][gc,nmethod  ] Register NMethod: jdk.internal.misc.Unsafe.getLong (0x00007ab2a6be6508) [0x00007ab2a6be6600, 0x00007ab2a6be6768] Compiler: , Barriers: 0, Oops: 0, ImmediateOops: 0, NonImmediateOops: No
[1,156s][debug][gc,nmethod  ] Register NMethod: java.lang.String.indexOf (0x00007ab28740f108) [0x00007ab28740f200, 0x00007ab28740f828] Compiler: c1, Barriers: 2, Oops: 0, ImmediateOops: 0, NonImmediateOops: No
[1,156s][debug][gc,nmethod  ] Register NMethod: java.lang.String.startsWith (0x00007ab28740f888) [0x00007ab28740f980, 0x00007ab287410c00] Compiler: c1, Barriers: 2, Oops: 0, ImmediateOops: 0, NonImmediateOops: No
[1,156s][debug][gc,nmethod  ] Register NMethod: java.lang.String.startsWith (0x00007ab287410c08) [0x00007ab287410d00, 0x00007ab287410ff8] Compiler: c1, Barriers: 0, Oops: 0, ImmediateOops: 0, NonImmediateOops: No
[1,156s][debug][gc,nmethod  ] Register NMethod: java.lang.StringLatin1.indexOf (0x00007ab287411008) [0x00007ab287411100, 0x00007ab287411588] Compiler: c1, Barriers: 0, Oops: 0, ImmediateOops: 0, NonImmediateOops: No
[1,157s][debug][gc,nmethod  ] Register NMethod: java.lang.String.isEmpty (0x00007ab287411608) [0x00007ab287411700, 0x00007ab287411888] Compiler: c1, Barriers: 1, Oops: 0, ImmediateOops: 0, NonImmediateOops: No
[1,157s][debug][gc,nmethod  ] Register NMethod: jdk.internal.misc.Unsafe.getInt (0x00007ab2a6be6808) [0x00007ab2a6be6900, 0x00007ab2a6be6a68] Compiler: , Barriers: 0, Oops: 0, ImmediateOops: 0, NonImmediateOops: No
[1,157s][debug][gc,nmethod  ] Register NMethod: jdk.internal.util.ArraysSupport.mismatch (0x00007ab287411908) [0x00007ab287411a00, 0x00007ab287411de0] Compiler: c1, Barriers: 0, Oops: 0, ImmediateOops: 0, NonImmediateOops: No
[1,157s][debug][gc,nmethod  ] Register NMethod: java.io.File.getPrefixLength (0x00007ab2a6be6b08) [0x00007ab2a6be6c00, 0x00007ab2a6be6cc0] Compiler: c1, Barriers: 0, Oops: 0, ImmediateOops: 0, NonImmediateOops: No
[1,157s][debug][gc,nmethod  ] Register NMethod: jdk.internal.misc.Unsafe.getLongUnaligned (0x00007ab287411e08) [0x00007ab287411f00, 0x00007ab2874122b0] Compiler: c1, Barriers: 0, Oops: 0, ImmediateOops: 0, NonImmediateOops: No
[1,157s][debug][gc,nmethod  ] Register NMethod: java.lang.Object.<init> (0x00007ab2a6be6e08) [0x00007ab2a6be6f00, 0x00007ab2a6be6f80] Compiler: jvmci, Barriers: 0, Oops: 0, ImmediateOops: 0, NonImmediateOops: No
[1,158s][debug][gc,nmethod  ] Register NMethod: jdk.internal.misc.Unsafe.compareAndSetLong (0x00007ab2a6be7108) [0x00007ab2a6be7200, 0x00007ab2a6be7370] Compiler: , Barriers: 0, Oops: 0, ImmediateOops: 0, NonImmediateOops: No
[1,158s][debug][gc,nmethod  ] Register NMethod: jdk.internal.misc.Unsafe.compareAndSetReference (0x00007ab2a6be7408) [0x00007ab2a6be7500, 0x00007ab2a6be7698] Compiler: , Barriers: 0, Oops: 0, ImmediateOops: 0, NonImmediateOops: No
[1,158s][debug][gc,nmethod  ] Register NMethod: java.util.concurrent.ConcurrentHashMap.spread (0x00007ab287412308) [0x00007ab287412400, 0x00007ab2874124f0] Compiler: c1, Barriers: 0, Oops: 0, ImmediateOops: 0, NonImmediateOops: No
[1,158s][debug][gc,nmethod  ] Register NMethod: jdk.internal.misc.Unsafe.getReferenceAcquire (0x00007ab287412608) [0x00007ab287412700, 0x00007ab287412830] Compiler: c1, Barriers: 1, Oops: 0, ImmediateOops: 0, NonImmediateOops: No
[1,158s][debug][gc,nmethod  ] Register NMethod: java.util.concurrent.ConcurrentHashMap.tabAt (0x00007ab287412908) [0x00007ab287412a00, 0x00007ab287412f48] Compiler: c1, Barriers: 1, Oops: 1, ImmediateOops: 1, NonImmediateOops: No
[1,158s][debug][gc,nmethod  ] Register NMethod: java.util.concurrent.ConcurrentHashMap$Node.<init> (0x00007ab287412f88) [0x00007ab287413080, 0x00007ab2874132d0] Compiler: c1, Barriers: 6, Oops: 0, ImmediateOops: 0, NonImmediateOops: No
[1,158s][debug][gc,nmethod  ] Register NMethod: java.util.ImmutableCollections$SetN$SetNIterator.next (0x00007ab287413308) [0x00007ab287413400, 0x00007ab287413768] Compiler: c1, Barriers: 3, Oops: 0, ImmediateOops: 0, NonImmediateOops: No
[1,158s][debug][gc,nmethod  ] Register NMethod: java.util.concurrent.ConcurrentHashMap.addCount (0x00007ab287413788) [0x00007ab287413880, 0x00007ab287414520] Compiler: c1, Barriers: 4, Oops: 0, ImmediateOops: 0, NonImmediateOops: No
[1,159s][debug][gc,nmethod  ] Register NMethod: java.util.concurrent.ConcurrentHashMap.putVal (0x00007ab287414588) [0x00007ab287414680, 0x00007ab287416b78] Compiler: c1, Barriers: 28, Oops: 0, ImmediateOops: 1, NonImmediateOops: No
[1,161s][debug][gc,nmethod  ] Register NMethod: jdk.internal.util.ArraysSupport.unsignedHashCode (0x00007ab2a6be7708) [0x00007ab2a6be7820, 0x00007ab2a6be7a18] Compiler: jvmci, Barriers: 0, Oops: 0, ImmediateOops: 0, NonImmediateOops: No
[1,161s][debug][gc,director ] Rule Major: Warmup 10%, Used: 10MB, UsedThreshold: 1228MB
[1,162s][debug][gc,nmethod  ] Register NMethod: java.lang.String.isLatin1 (0x00007ab2a6be7a88) [0x00007ab2a6be7b80, 0x00007ab2a6be7c40] Compiler: jvmci, Barriers: 0, Oops: 0, ImmediateOops: 0, NonImmediateOops: No
[1,163s][debug][gc,nmethod  ] Register NMethod: java.lang.String.charAt (0x00007ab2a6be7d88) [0x00007ab2a6be7e80, 0x00007ab2a6be7fb0] Compiler: jvmci, Barriers: 1, Oops: 0, ImmediateOops: 0, NonImmediateOops: No
[1,164s][debug][gc,nmethod  ] Register NMethod: java.lang.String.hashCode (0x00007ab2a6be8088) [0x00007ab2a6be8180, 0x00007ab2a6be8320] Compiler: jvmci, Barriers: 1, Oops: 0, ImmediateOops: 0, NonImmediateOops: No
[1,167s][debug][gc,nmethod  ] Register NMethod: java.lang.invoke.MethodHandle.linkToStatic (0x00007ab2a6be8388) [0x00007ab2a6be8480, 0x00007ab2a6be8570] Compiler: , Barriers: 0, Oops: 0, ImmediateOops: 0, NonImmediateOops: No
[1,171s][debug][gc,nmethod  ] Register NMethod: java.lang.Enum.ordinal (0x00007ab2a6be8688) [0x00007ab2a6be8780, 0x00007ab2a6be8840] Compiler: c1, Barriers: 0, Oops: 0, ImmediateOops: 0, NonImmediateOops: No
[1,171s][debug][gc,nmethod  ] Register NMethod: java.lang.Object.hashCode (0x00007ab2a6be8988) [0x00007ab2a6be8a80, 0x00007ab2a6be8bf0] Compiler: , Barriers: 0, Oops: 0, ImmediateOops: 0, NonImmediateOops: No
[1,171s][debug][gc,nmethod  ] Register NMethod: java.lang.Class.isPrimitive (0x00007ab2a6be8c88) [0x00007ab2a6be8d80, 0x00007ab2a6be8e40] Compiler: c1, Barriers: 0, Oops: 0, ImmediateOops: 0, NonImmediateOops: No
[1,171s][debug][gc,director ] Rule Major: Warmup 10%, Used: 10MB, UsedThreshold: 1228MB
[1,172s][debug][gc,nmethod  ] Register NMethod: java.lang.Math.min (0x00007ab287416b88) [0x00007ab287416c80, 0x00007ab287416da8] Compiler: c1, Barriers: 0, Oops: 0, ImmediateOops: 0, NonImmediateOops: No
[1,172s][debug][gc,nmethod  ] Register NMethod: java.lang.invoke.MethodHandle.linkToStatic (0x00007ab2a6be8f88) [0x00007ab2a6be9080, 0x00007ab2a6be9170] Compiler: , Barriers: 0, Oops: 0, ImmediateOops: 0, NonImmediateOops: No
[1,172s][debug][gc,nmethod  ] Register NMethod: java.lang.invoke.MethodHandle.linkToStatic (0x00007ab2a6be9288) [0x00007ab2a6be9380, 0x00007ab2a6be9470] Compiler: , Barriers: 0, Oops: 0, ImmediateOops: 0, NonImmediateOops: No
[1,173s][debug][gc,nmethod  ] Register NMethod: java.lang.invoke.MethodHandle.invokeBasic (0x00007ab2a6be9588) [0x00007ab2a6be9680, 0x00007ab2a6be9918] Compiler: , Barriers: 0, Oops: 0, ImmediateOops: 0, NonImmediateOops: No
[1,173s][debug][gc,nmethod  ] Register NMethod: java.lang.invoke.MethodHandle.linkToSpecial (0x00007ab2a6be9988) [0x00007ab2a6be9a80, 0x00007ab2a6be9b78] Compiler: , Barriers: 0, Oops: 0, ImmediateOops: 0, NonImmediateOops: No
[1,179s][debug][gc,nmethod  ] Register NMethod: java.lang.Enum.<init> (0x00007ab287416e88) [0x00007ab287416f80, 0x00007ab287417158] Compiler: c1, Barriers: 3, Oops: 0, ImmediateOops: 0, NonImmediateOops: No
[1,181s][debug][gc,nmethod  ] Register NMethod: java.lang.String.hashCode (0x00007ab287417188) [0x00007ab287417280, 0x00007ab287417828] Compiler: c1, Barriers: 2, Oops: 0, ImmediateOops: 0, NonImmediateOops: No
[1,182s][debug][gc,director ] Rule Major: Warmup 10%, Used: 10MB, UsedThreshold: 1228MB
[1,182s][debug][gc,nmethod  ] Register NMethod: java.lang.invoke.MethodHandle.invokeBasic (0x00007ab2a6be9c88) [0x00007ab2a6be9d80, 0x00007ab2a6bea018] Compiler: , Barriers: 0, Oops: 0, ImmediateOops: 0, NonImmediateOops: No
[1,182s][debug][gc,nmethod  ] Register NMethod: java.lang.invoke.MethodHandle.linkToSpecial (0x00007ab2a6bea088) [0x00007ab2a6bea180, 0x00007ab2a6bea278] Compiler: , Barriers: 0, Oops: 0, ImmediateOops: 0, NonImmediateOops: No
[1,182s][debug][gc,nmethod  ] Register NMethod: jdk.internal.util.StrongReferenceKey.get (0x00007ab2a6bea388) [0x00007ab2a6bea480, 0x00007ab2a6bea568] Compiler: c1, Barriers: 1, Oops: 0, ImmediateOops: 0, NonImmediateOops: No
[1,183s][debug][gc,nmethod  ] Register NMethod: java.lang.invoke.MethodHandle.linkToStatic (0x00007ab2a6bea688) [0x00007ab2a6bea780, 0x00007ab2a6bea878] Compiler: , Barriers: 0, Oops: 0, ImmediateOops: 0, NonImmediateOops: No
[1,183s][debug][gc,nmethod  ] Register NMethod: java.lang.Object.clone (0x00007ab2a6bea988) [0x00007ab2a6beaa80, 0x00007ab2a6beada0] Compiler: , Barriers: 0, Oops: 0, ImmediateOops: 0, NonImmediateOops: No
[1,183s][debug][gc,nmethod  ] Register NMethod: java.lang.invoke.MethodHandle.linkToStatic (0x00007ab2a6beae08) [0x00007ab2a6beaf00, 0x00007ab2a6beaff0] Compiler: , Barriers: 0, Oops: 0, ImmediateOops: 0, NonImmediateOops: No
[1,183s][debug][gc,nmethod  ] Register NMethod: java.lang.Class.getClassLoader (0x00007ab2a6beb108) [0x00007ab2a6beb200, 0x00007ab2a6beb2e8] Compiler: c1, Barriers: 1, Oops: 0, ImmediateOops: 0, NonImmediateOops: No
[1,183s][debug][gc,nmethod  ] Register NMethod: java.lang.invoke.MethodType.returnType (0x00007ab2a6beb408) [0x00007ab2a6beb500, 0x00007ab2a6beb5e8] Compiler: c1, Barriers: 1, Oops: 0, ImmediateOops: 0, NonImmediateOops: No
[1,183s][debug][gc,nmethod  ] Register NMethod: java.lang.invoke.MethodHandle.invokeBasic (0x00007ab2a6beb708) [0x00007ab2a6beb800, 0x00007ab2a6beba98] Compiler: , Barriers: 0, Oops: 0, ImmediateOops: 0, NonImmediateOops: No
[1,183s][debug][gc,nmethod  ] Register NMethod: jdk.internal.classfile.impl.AbstractPoolEntry.index (0x00007ab2a6bebb08) [0x00007ab2a6bebc00, 0x00007ab2a6bebcc0] Compiler: c1, Barriers: 0, Oops: 0, ImmediateOops: 0, NonImmediateOops: No
[1,183s][debug][gc,nmethod  ] Register NMethod: java.util.concurrent.ConcurrentHashMap.putIfAbsent (0x00007ab287417888) [0x00007ab287417980, 0x00007ab287417c80] Compiler: c1, Barriers: 0, Oops: 0, ImmediateOops: 0, NonImmediateOops: No
[1,184s][debug][gc,nmethod  ] Register NMethod: jdk.internal.classfile.impl.SplitConstantPool.size (0x00007ab2a6bebe08) [0x00007ab2a6bebf00, 0x00007ab2a6bebfc0] Compiler: c1, Barriers: 0, Oops: 0, ImmediateOops: 0, NonImmediateOops: No
[1,184s][debug][gc,nmethod  ] Register NMethod: java.lang.invoke.MethodHandle.linkToSpecial (0x00007ab2a6bec108) [0x00007ab2a6bec200, 0x00007ab2a6bec2f8] Compiler: , Barriers: 0, Oops: 0, ImmediateOops: 0, NonImmediateOops: No
[1,185s][debug][gc,nmethod  ] Register NMethod: jdk.internal.classfile.impl.AbstractPoolEntry.width (0x00007ab2a6bec408) [0x00007ab2a6bec500, 0x00007ab2a6bec5c0] Compiler: c1, Barriers: 0, Oops: 0, ImmediateOops: 0, NonImmediateOops: No
[1,185s][debug][gc,nmethod  ] Register NMethod: java.lang.ref.ReferenceQueue.poll (0x00007ab287417c88) [0x00007ab287417d80, 0x00007ab2874181a0] Compiler: c1, Barriers: 2, Oops: 0, ImmediateOops: 0, NonImmediateOops: No
[1,185s][debug][gc,nmethod  ] Register NMethod: java.lang.String.getBytes (0x00007ab287418208) [0x00007ab287418300, 0x00007ab287418808] Compiler: c1, Barriers: 2, Oops: 0, ImmediateOops: 0, NonImmediateOops: No
[1,185s][debug][gc,nmethod  ] Register NMethod: java.lang.invoke.MethodHandle.linkToStatic (0x00007ab2a6bec708) [0x00007ab2a6bec800, 0x00007ab2a6bec8f0] Compiler: , Barriers: 0, Oops: 0, ImmediateOops: 0, NonImmediateOops: No
[1,185s][debug][gc,nmethod  ] Register NMethod: jdk.internal.util.ReferencedKeyMap.removeStaleReferences (0x00007ab287418888) [0x00007ab287418980, 0x00007ab287418fa0] Compiler: c1, Barriers: 2, Oops: 0, ImmediateOops: 0, NonImmediateOops: No
[1,185s][debug][gc,nmethod  ] Register NMethod: java.lang.String.<init> (0x00007ab287419008) [0x00007ab287419100, 0x00007ab2874192d8] Compiler: c1, Barriers: 3, Oops: 0, ImmediateOops: 0, NonImmediateOops: No
[1,185s][debug][gc,nmethod  ] Register NMethod: java.lang.invoke.MethodHandle.linkToSpecial (0x00007ab2a6beca08) [0x00007ab2a6becb00, 0x00007ab2a6becbf8] Compiler: , Barriers: 0, Oops: 0, ImmediateOops: 0, NonImmediateOops: No
[1,185s][debug][gc,nmethod  ] Register NMethod: jdk.internal.classfile.impl.BufWriterImpl.reserveSpace (0x00007ab287419308) [0x00007ab287419400, 0x00007ab287419718] Compiler: c1, Barriers: 4, Oops: 0, ImmediateOops: 0, NonImmediateOops: No
[1,185s][debug][gc,nmethod  ] Register NMethod: java.lang.invoke.MemberName.getDeclaringClass (0x00007ab2a6becd08) [0x00007ab2a6bece00, 0x00007ab2a6becee8] Compiler: c1, Barriers: 1, Oops: 0, ImmediateOops: 0, NonImmediateOops: No
[1,186s][debug][gc,nmethod  ] Register NMethod: jdk.internal.classfile.impl.RawBytecodeHelper.bci (0x00007ab2a6bed008) [0x00007ab2a6bed100, 0x00007ab2a6bed1c0] Compiler: c1, Barriers: 0, Oops: 0, ImmediateOops: 0, NonImmediateOops: No
[1,186s][debug][gc,nmethod  ] Register NMethod: jdk.internal.classfile.impl.SplitConstantPool.map (0x00007ab287419788) [0x00007ab2874198a0, 0x00007ab28741afa0] Compiler: c1, Barriers: 9, Oops: 0, ImmediateOops: 0, NonImmediateOops: No
[1,186s][debug][gc,nmethod  ] Register NMethod: java.lang.invoke.MethodType.hashCode (0x00007ab28741b008) [0x00007ab28741b100, 0x00007ab28741b780] Compiler: c1, Barriers: 3, Oops: 0, ImmediateOops: 0, NonImmediateOops: No
[1,186s][debug][gc,nmethod  ] Register NMethod: java.util.concurrent.ConcurrentHashMap.get (0x00007ab28741b788) [0x00007ab28741b880, 0x00007ab28741c898] Compiler: c1, Barriers: 7, Oops: 0, ImmediateOops: 0, NonImmediateOops: No
[1,187s][debug][gc,nmethod  ] Register NMethod: java.lang.invoke.MemberName.anyFlagSet (0x00007ab28741c908) [0x00007ab28741ca00, 0x00007ab28741cb50] Compiler: c1, Barriers: 0, Oops: 0, ImmediateOops: 0, NonImmediateOops: No
[1,187s][debug][gc,nmethod  ] Register NMethod: java.lang.invoke.MemberName.isInvocable (0x00007ab28741cc08) [0x00007ab28741cd00, 0x00007ab28741ceb8] Compiler: c1, Barriers: 0, Oops: 0, ImmediateOops: 0, NonImmediateOops: No
[1,187s][debug][gc,nmethod  ] Register NMethod: jdk.internal.util.ReferencedKeyMap.lookupKey (0x00007ab28741cf08) [0x00007ab28741d000, 0x00007ab28741d288] Compiler: c1, Barriers: 3, Oops: 0, ImmediateOops: 0, NonImmediateOops: No
[1,187s][debug][gc,nmethod  ] Register NMethod: jdk.internal.util.StrongReferenceKey.<init> (0x00007ab28741d308) [0x00007ab28741d400, 0x00007ab28741d5d0] Compiler: c1, Barriers: 3, Oops: 0, ImmediateOops: 0, NonImmediateOops: No
[1,187s][debug][gc,nmethod  ] Register NMethod: jdk.internal.util.StrongReferenceKey.hashCode (0x00007ab28741d608) [0x00007ab28741d700, 0x00007ab28741dc10] Compiler: c1, Barriers: 1, Oops: 0, ImmediateOops: 0, NonImmediateOops: No
[1,188s][debug][gc,nmethod  ] Register NMethod: jdk.internal.classfile.impl.AbstractPoolEntry.constantPool (0x00007ab2a6bed308) [0x00007ab2a6bed400, 0x00007ab2a6bed4e8] Compiler: c1, Barriers: 1, Oops: 0, ImmediateOops: 0, NonImmediateOops: No
[1,188s][debug][gc,nmethod  ] Register NMethod: java.lang.invoke.MethodHandle.linkToInterface (0x00007ab2a6bed608) [0x00007ab2a6bed700, 0x00007ab2a6bed830] Compiler: , Barriers: 0, Oops: 0, ImmediateOops: 0, NonImmediateOops: No
[1,189s][debug][gc,nmethod  ] Register NMethod: java.lang.Class.isArray (0x00007ab28741dc88) [0x00007ab28741dd80, 0x00007ab28741df00] Compiler: c1, Barriers: 1, Oops: 0, ImmediateOops: 0, NonImmediateOops: No
[1,189s][debug][gc,nmethod  ] Register NMethod: java.lang.StringCoding.countNonZeroAsciiLatin1 (0x00007ab28741df88) [0x00007ab28741e080, 0x00007ab28741e288] Compiler: c1, Barriers: 0, Oops: 0, ImmediateOops: 0, NonImmediateOops: No
[1,189s][debug][gc,nmethod  ] Register NMethod: java.lang.invoke.MethodHandle.linkToStatic (0x00007ab2a6bed908) [0x00007ab2a6beda00, 0x00007ab2a6bedaf0] Compiler: , Barriers: 0, Oops: 0, ImmediateOops: 0, NonImmediateOops: No
[1,189s][debug][gc,nmethod  ] Register NMethod: jdk.internal.classfile.impl.AbstractPoolEntry.hashString (0x00007ab28741e308) [0x00007ab28741e400, 0x00007ab28741e4e8] Compiler: c1, Barriers: 0, Oops: 0, ImmediateOops: 0, NonImmediateOops: No
[1,189s][debug][gc,nmethod  ] Register NMethod: jdk.internal.classfile.impl.SplitConstantPool.entryByIndex (0x00007ab28741e608) [0x00007ab28741e700, 0x00007ab2874207b0] Compiler: c1, Barriers: 3, Oops: 2, ImmediateOops: 5, NonImmediateOops: No
[1,189s][debug][gc,nmethod  ] Register NMethod: jdk.internal.classfile.impl.BufWriterImpl.size (0x00007ab2a6bedc08) [0x00007ab2a6bedd00, 0x00007ab2a6beddc0] Compiler: c1, Barriers: 0, Oops: 0, ImmediateOops: 0, NonImmediateOops: No
[1,189s][debug][gc,nmethod  ] Register NMethod: jdk.internal.util.Preconditions.checkFromToIndex (0x00007ab287420808) [0x00007ab287420900, 0x00007ab287420ab8] Compiler: c1, Barriers: 0, Oops: 0, ImmediateOops: 0, NonImmediateOops: No
[1,189s][debug][gc,nmethod  ] Register NMethod: java.lang.String.checkBoundsBeginEnd (0x00007ab287420b08) [0x00007ab287420c00, 0x00007ab287420e18] Compiler: c1, Barriers: 0, Oops: 1, ImmediateOops: 1, NonImmediateOops: No
[1,191s][debug][gc,nmethod  ] Register NMethod: jdk.internal.classfile.impl.EntryMap.firstToken (0x00007ab287420e88) [0x00007ab287420f80, 0x00007ab287421470] Compiler: c1, Barriers: 1, Oops: 0, ImmediateOops: 1, NonImmediateOops: No
[1,191s][debug][gc,nmethod  ] Register NMethod: java.lang.String.value (0x00007ab2a6bedf08) [0x00007ab2a6bee000, 0x00007ab2a6bee0e8] Compiler: c1, Barriers: 1, Oops: 0, ImmediateOops: 0, NonImmediateOops: No
[1,191s][debug][gc,nmethod  ] Register NMethod: java.lang.invoke.MethodType.form (0x00007ab2a6bee208) [0x00007ab2a6bee300, 0x00007ab2a6bee3e8] Compiler: c1, Barriers: 1, Oops: 0, ImmediateOops: 0, NonImmediateOops: No
[1,191s][debug][gc,nmethod  ] Register NMethod: java.lang.invoke.MethodHandle.linkToSpecial (0x00007ab2a6bee508) [0x00007ab2a6bee600, 0x00007ab2a6bee6f8] Compiler: , Barriers: 0, Oops: 0, ImmediateOops: 0, NonImmediateOops: No
[1,191s][debug][gc,nmethod  ] Register NMethod: java.util.Objects.requireNonNull (0x00007ab287421488) [0x00007ab287421580, 0x00007ab287421758] Compiler: c1, Barriers: 0, Oops: 0, ImmediateOops: 0, NonImmediateOops: No
[1,192s][debug][gc,nmethod  ] Register NMethod: jdk.internal.classfile.impl.AbstractPoolEntry.<init> (0x00007ab287421788) [0x00007ab287421880, 0x00007ab287421a58] Compiler: c1, Barriers: 3, Oops: 0, ImmediateOops: 0, NonImmediateOops: No
[1,192s][debug][gc,director ] Rule Major: Warmup 10%, Used: 10MB, UsedThreshold: 1228MB
[1,192s][debug][gc,nmethod  ] Register NMethod: jdk.internal.constant.ClassOrInterfaceDescImpl.descriptorString (0x00007ab2a6bee808) [0x00007ab2a6bee900, 0x00007ab2a6bee9e8] Compiler: c1, Barriers: 1, Oops: 0, ImmediateOops: 0, NonImmediateOops: No
[1,192s][debug][gc,nmethod  ] Register NMethod: jdk.internal.util.ReferencedKeyMap.getNoCheckStale (0x00007ab287421a88) [0x00007ab287421b80, 0x00007ab287422200] Compiler: c1, Barriers: 4, Oops: 1, ImmediateOops: 1, NonImmediateOops: No
[1,192s][debug][gc,nmethod  ] Register NMethod: jdk.internal.util.ReferencedKeyMap.get (0x00007ab287422288) [0x00007ab287422380, 0x00007ab2874231a8] Compiler: c1, Barriers: 6, Oops: 1, ImmediateOops: 1, NonImmediateOops: No
[1,192s][debug][gc,nmethod  ] Register NMethod: java.lang.invoke.MethodType.parameterCount (0x00007ab287423208) [0x00007ab287423300, 0x00007ab287423438] Compiler: c1, Barriers: 1, Oops: 0, ImmediateOops: 0, NonImmediateOops: No
[1,192s][debug][gc,nmethod  ] Register NMethod: jdk.internal.misc.Unsafe.allocateUninitializedArray0 (0x00007ab287423508) [0x00007ab287423600, 0x00007ab287423e20] Compiler: c1, Barriers: 0, Oops: 0, ImmediateOops: 8, NonImmediateOops: No
[1,192s][debug][gc,nmethod  ] Register NMethod: jdk.internal.misc.Unsafe.allocateUninitializedArray (0x00007ab287423e88) [0x00007ab287423f80, 0x00007ab287424548] Compiler: c1, Barriers: 0, Oops: 0, ImmediateOops: 3, NonImmediateOops: No
[1,192s][debug][gc,nmethod  ] Register NMethod: java.lang.StringConcatHelper.newArray (0x00007ab287424588) [0x00007ab287424680, 0x00007ab287424c58] Compiler: c1, Barriers: 0, Oops: 0, ImmediateOops: 3, NonImmediateOops: No
[1,192s][debug][gc,nmethod  ] Register NMethod: jdk.internal.classfile.impl.SplitConstantPool.internalAdd (0x00007ab287424c88) [0x00007ab287424d80, 0x00007ab2874250d8] Compiler: c1, Barriers: 0, Oops: 0, ImmediateOops: 0, NonImmediateOops: No
[1,192s][debug][gc,nmethod  ] Register NMethod: jdk.internal.classfile.impl.SplitConstantPool.internalAdd (0x00007ab287425108) [0x00007ab287425200, 0x00007ab287425fe8] Compiler: c1, Barriers: 8, Oops: 0, ImmediateOops: 1, NonImmediateOops: No
[1,193s][debug][gc,nmethod  ] Register NMethod: jdk.internal.classfile.impl.EntryMap.put (0x00007ab287426008) [0x00007ab287426100, 0x00007ab2874267d0] Compiler: c1, Barriers: 1, Oops: 0, ImmediateOops: 1, NonImmediateOops: No
[1,193s][debug][gc,nmethod  ] Register NMethod: java.util.HashMap.hash (0x00007ab287426808) [0x00007ab287426900, 0x00007ab287426c38] Compiler: c1, Barriers: 0, Oops: 0, ImmediateOops: 0, NonImmediateOops: No
[1,193s][debug][gc,nmethod  ] Register NMethod: java.util.stream.FindOps$FindSink.cancellationRequested (0x00007ab2a6beeb08) [0x00007ab2a6beec00, 0x00007ab2a6beecc0] Compiler: c1, Barriers: 0, Oops: 0, ImmediateOops: 0, NonImmediateOops: No
[1,193s][debug][gc,nmethod  ] Register NMethod: java.util.stream.ReferencePipeline$2$1.accept (0x00007ab287426c88) [0x00007ab287426d80, 0x00007ab287427340] Compiler: c1, Barriers: 2, Oops: 0, ImmediateOops: 0, NonImmediateOops: No
[1,193s][debug][gc,nmethod  ] Register NMethod: java.util.stream.Sink$ChainedReference.cancellationRequested (0x00007ab287427388) [0x00007ab287427480, 0x00007ab2874277c8] Compiler: c1, Barriers: 1, Oops: 0, ImmediateOops: 0, NonImmediateOops: No
[1,193s][debug][gc,nmethod  ] Register NMethod: java.lang.module.ModuleDescriptor$Exports.isQualified (0x00007ab287427808) [0x00007ab287427900, 0x00007ab287427c90] Compiler: c1, Barriers: 1, Oops: 0, ImmediateOops: 0, NonImmediateOops: No
[1,193s][debug][gc,nmethod  ] Register NMethod: java.util.ImmutableCollections$SetN.isEmpty (0x00007ab287427d08) [0x00007ab287427e00, 0x00007ab287427f50] Compiler: c1, Barriers: 0, Oops: 0, ImmediateOops: 0, NonImmediateOops: No
[1,193s][debug][gc,nmethod  ] Register NMethod: java.util.Spliterators$IteratorSpliterator.tryAdvance (0x00007ab287428008) [0x00007ab287428100, 0x00007ab287428f30] Compiler: c1, Barriers: 8, Oops: 0, ImmediateOops: 0, NonImmediateOops: No
[1,193s][debug][gc,nmethod  ] Register NMethod: jdk.internal.module.DefaultRoots$$Lambda/0x000000006c057da8.test (0x00007ab287428f88) [0x00007ab287429080, 0x00007ab2874298d8] Compiler: c1, Barriers: 1, Oops: 0, ImmediateOops: 0, NonImmediateOops: No
[1,193s][debug][gc,nmethod  ] Register NMethod: jdk.internal.module.DefaultRoots.lambda$exportsAPI$0 (0x00007ab287429908) [0x00007ab287429a00, 0x00007ab287429fd8] Compiler: c1, Barriers: 1, Oops: 0, ImmediateOops: 0, NonImmediateOops: No
[1,194s][debug][gc,nmethod  ] Register NMethod: java.util.HashMap.afterNodeInsertion (0x00007ab28742a008) [0x00007ab28742a100, 0x00007ab28742a200] Compiler: c1, Barriers: 0, Oops: 0, ImmediateOops: 0, NonImmediateOops: No
[1,194s][debug][gc,nmethod  ] Register NMethod: java.util.HashMap$Node.<init> (0x00007ab28742a308) [0x00007ab28742a400, 0x00007ab28742a6c0] Compiler: c1, Barriers: 9, Oops: 0, ImmediateOops: 0, NonImmediateOops: No
[1,194s][debug][gc,nmethod  ] Register NMethod: java.util.HashMap.newNode (0x00007ab28742a708) [0x00007ab28742a800, 0x00007ab28742ab80] Compiler: c1, Barriers: 9, Oops: 0, ImmediateOops: 0, NonImmediateOops: No
[1,194s][debug][gc,nmethod  ] Register NMethod: java.util.HashMap.put (0x00007ab28742ab88) [0x00007ab28742ac80, 0x00007ab28742b268] Compiler: c1, Barriers: 0, Oops: 0, ImmediateOops: 0, NonImmediateOops: No
[1,194s][debug][gc,nmethod  ] Register NMethod: java.util.Optional.<init> (0x00007ab28742b288) [0x00007ab28742b380, 0x00007ab28742b550] Compiler: c1, Barriers: 3, Oops: 0, ImmediateOops: 0, NonImmediateOops: No
[1,194s][debug][gc,nmethod  ] Register NMethod: java.util.ImmutableCollections$MapN.probe (0x00007ab28742b588) [0x00007ab28742b680, 0x00007ab28742beb0] Compiler: c1, Barriers: 4, Oops: 0, ImmediateOops: 0, NonImmediateOops: No
[1,194s][debug][gc,nmethod  ] Register NMethod: java.util.ImmutableCollections$MapN.get (0x00007ab28742bf08) [0x00007ab28742c000, 0x00007ab28742c3d8] Compiler: c1, Barriers: 2, Oops: 0, ImmediateOops: 0, NonImmediateOops: No
[1,194s][debug][gc,nmethod  ] Register NMethod: jdk.internal.module.ModuleReferenceImpl.moduleResolution (0x00007ab2a6beee08) [0x00007ab2a6beef00, 0x00007ab2a6beefe8] Compiler: c1, Barriers: 1, Oops: 0, ImmediateOops: 0, NonImmediateOops: No
[1,194s][debug][gc,nmethod  ] Register NMethod: java.util.ImmutableCollections$Set12$1.hasNext (0x00007ab28742c408) [0x00007ab28742c500, 0x00007ab28742c650] Compiler: c1, Barriers: 0, Oops: 0, ImmediateOops: 0, NonImmediateOops: No
[1,194s][debug][gc,nmethod  ] Register NMethod: java.util.HashMap.putVal (0x00007ab28742c708) [0x00007ab28742c800, 0x00007ab28742e4f0] Compiler: c1, Barriers: 15, Oops: 0, ImmediateOops: 0, NonImmediateOops: No
[1,195s][debug][gc,nmethod  ] Register NMethod: java.util.HashSet.add (0x00007ab28742e508) [0x00007ab28742e600, 0x00007ab28742e7d0] Compiler: c1, Barriers: 1, Oops: 0, ImmediateOops: 1, NonImmediateOops: No
[1,195s][debug][gc,nmethod  ] Register NMethod: java.util.HashMap$HashIterator.hasNext (0x00007ab28742e808) [0x00007ab28742e900, 0x00007ab28742ea80] Compiler: c1, Barriers: 1, Oops: 0, ImmediateOops: 0, NonImmediateOops: No
[1,195s][debug][gc,nmethod  ] Register NMethod: java.util.HashMap.get (0x00007ab28742eb08) [0x00007ab28742ec00, 0x00007ab28742ef98] Compiler: c1, Barriers: 1, Oops: 0, ImmediateOops: 0, NonImmediateOops: No
[1,195s][debug][gc,nmethod  ] Register NMethod: java.util.HashMap$HashIterator.nextNode (0x00007ab28742f008) [0x00007ab28742f100, 0x00007ab28742f718] Compiler: c1, Barriers: 14, Oops: 0, ImmediateOops: 0, NonImmediateOops: No
[1,195s][debug][gc,nmethod  ] Register NMethod: java.util.Optional.ofNullable (0x00007ab28742f788) [0x00007ab28742f880, 0x00007ab28742fb38] Compiler: c1, Barriers: 3, Oops: 0, ImmediateOops: 1, NonImmediateOops: No
[1,195s][debug][gc,nmethod  ] Register NMethod: java.util.HashMap.getNode (0x00007ab28742fb88) [0x00007ab28742fc80, 0x00007ab287430f90] Compiler: c1, Barriers: 6, Oops: 0, ImmediateOops: 0, NonImmediateOops: No
[1,195s][debug][gc,nmethod  ] Register NMethod: jdk.internal.module.SystemModuleFinders$SystemModuleFinder.find (0x00007ab287431008) [0x00007ab287431100, 0x00007ab2874319d0] Compiler: c1, Barriers: 4, Oops: 0, ImmediateOops: 1, NonImmediateOops: No
[1,195s][debug][gc,nmethod  ] Register NMethod: java.lang.module.ModuleDescriptor$Requires.modifiers (0x00007ab2a6bef108) [0x00007ab2a6bef200, 0x00007ab2a6bef2e8] Compiler: c1, Barriers: 1, Oops: 0, ImmediateOops: 0, NonImmediateOops: No
[1,195s][debug][gc,nmethod  ] Register NMethod: java.lang.module.Resolver.isTracing (0x00007ab287431a08) [0x00007ab287431b00, 0x00007ab287431c80] Compiler: c1, Barriers: 1, Oops: 0, ImmediateOops: 0, NonImmediateOops: No
[1,195s][debug][gc,nmethod  ] Register NMethod: java.lang.module.ModuleDescriptor$Requires.name (0x00007ab2a6bef408) [0x00007ab2a6bef500, 0x00007ab2a6bef5e8] Compiler: c1, Barriers: 1, Oops: 0, ImmediateOops: 0, NonImmediateOops: No
[1,195s][debug][gc,nmethod  ] Register NMethod: java.util.HashMap.containsKey (0x00007ab287431d08) [0x00007ab287431e00, 0x00007ab287432140] Compiler: c1, Barriers: 0, Oops: 0, ImmediateOops: 0, NonImmediateOops: No
[1,195s][debug][gc,nmethod  ] Register NMethod: java.util.HashSet.add (0x00007ab287432188) [0x00007ab287432280, 0x00007ab287432610] Compiler: c1, Barriers: 1, Oops: 0, ImmediateOops: 1, NonImmediateOops: No
[1,195s][debug][gc,nmethod  ] Register NMethod: java.util.HashMap.get (0x00007ab287432688) [0x00007ab287432780, 0x00007ab287432b18] Compiler: c1, Barriers: 1, Oops: 0, ImmediateOops: 0, NonImmediateOops: No
[1,196s][debug][gc,nmethod  ] Register NMethod: java.util.HashMap.put (0x00007ab287432b88) [0x00007ab287432c80, 0x00007ab287433268] Compiler: c1, Barriers: 0, Oops: 0, ImmediateOops: 0, NonImmediateOops: No
[1,196s][debug][gc,nmethod  ] Register NMethod: java.lang.module.ModuleDescriptor.hashCode (0x00007ab287433288) [0x00007ab287433380, 0x00007ab287434bf8] Compiler: c1, Barriers: 12, Oops: 0, ImmediateOops: 0, NonImmediateOops: No
[1,196s][debug][gc,nmethod  ] Register NMethod: java.util.ImmutableCollections$Set12$1.next (0x00007ab287434c08) [0x00007ab287434d00, 0x00007ab2874350a8] Compiler: c1, Barriers: 5, Oops: 0, ImmediateOops: 1, NonImmediateOops: No
[1,196s][debug][gc,nmethod  ] Register NMethod: java.lang.module.ModuleDescriptor.requires (0x00007ab2a6bef708) [0x00007ab2a6bef800, 0x00007ab2a6bef8e8] Compiler: c1, Barriers: 1, Oops: 0, ImmediateOops: 0, NonImmediateOops: No
[1,196s][debug][gc,nmethod  ] Register NMethod: java.util.HashMap$KeyIterator.next (0x00007ab287435108) [0x00007ab287435200, 0x00007ab287435530] Compiler: c1, Barriers: 1, Oops: 0, ImmediateOops: 0, NonImmediateOops: No
[1,196s][debug][gc,nmethod  ] Register NMethod: java.util.ImmutableCollections$Set12.iterator (0x00007ab287435588) [0x00007ab287435680, 0x00007ab287435820] Compiler: c1, Barriers: 0, Oops: 0, ImmediateOops: 0, NonImmediateOops: No
[1,196s][debug][gc,nmethod  ] Register NMethod: java.util.ImmutableCollections$SetN.contains (0x00007ab287435888) [0x00007ab287435980, 0x00007ab287435c80] Compiler: c1, Barriers: 0, Oops: 0, ImmediateOops: 0, NonImmediateOops: No
[1,196s][debug][gc,nmethod  ] Register NMethod: jdk.internal.module.ModuleReferenceImpl.hashCode (0x00007ab287435c88) [0x00007ab287435d80, 0x00007ab287436708] Compiler: c1, Barriers: 3, Oops: 0, ImmediateOops: 0, NonImmediateOops: No
[1,196s][debug][gc,nmethod  ] Register NMethod: java.lang.module.ResolvedModule.hashCode (0x00007ab287436788) [0x00007ab287436880, 0x00007ab287436c50] Compiler: c1, Barriers: 2, Oops: 0, ImmediateOops: 0, NonImmediateOops: No
[1,196s][debug][gc,nmethod  ] Register NMethod: java.util.AbstractMap.<init> (0x00007ab287436c88) [0x00007ab287436d80, 0x00007ab287436ed8] Compiler: c1, Barriers: 0, Oops: 0, ImmediateOops: 0, NonImmediateOops: No
[1,196s][debug][gc,nmethod  ] Register NMethod: java.util.AbstractSet.<init> (0x00007ab287436f88) [0x00007ab287437080, 0x00007ab287437238] Compiler: c1, Barriers: 0, Oops: 0, ImmediateOops: 0, NonImmediateOops: No
[1,196s][debug][gc,nmethod  ] Register NMethod: java.util.HashMap.putVal (0x00007ab287437288) [0x00007ab287437380, 0x00007ab287439710] Compiler: c1, Barriers: 15, Oops: 0, ImmediateOops: 0, NonImmediateOops: No
[1,196s][debug][gc,nmethod  ] Register NMethod: java.lang.Object.equals (0x00007ab287439788) [0x00007ab287439880, 0x00007ab2874399d0] Compiler: c1, Barriers: 0, Oops: 0, ImmediateOops: 0, NonImmediateOops: No
[1,196s][debug][gc,nmethod  ] Register NMethod: java.util.HashMap$ValueIterator.next (0x00007ab287439a88) [0x00007ab287439b80, 0x00007ab287439eb0] Compiler: c1, Barriers: 1, Oops: 0, ImmediateOops: 0, NonImmediateOops: No
[1,196s][debug][gc,nmethod  ] Register NMethod: java.lang.module.ModuleDescriptor.isAutomatic (0x00007ab2a6befa08) [0x00007ab2a6befb00, 0x00007ab2a6befbc0] Compiler: c1, Barriers: 0, Oops: 0, ImmediateOops: 0, NonImmediateOops: No
[1,196s][debug][gc,nmethod  ] Register NMethod: java.util.ImmutableCollections$Set12$1.<init> (0x00007ab287439f08) [0x00007ab28743a000, 0x00007ab28743a3b0] Compiler: c1, Barriers: 4, Oops: 0, ImmediateOops: 1, NonImmediateOops: No
[1,196s][debug][gc,nmethod  ] Register NMethod: java.util.HashMap$Node.getKey (0x00007ab2a6befd08) [0x00007ab2a6befe00, 0x00007ab2a6befee8] Compiler: c1, Barriers: 1, Oops: 0, ImmediateOops: 0, NonImmediateOops: No
[1,196s][debug][gc,nmethod  ] Register NMethod: java.util.HashSet.contains (0x00007ab28743a408) [0x00007ab28743a500, 0x00007ab28743aa98] Compiler: c1, Barriers: 1, Oops: 0, ImmediateOops: 0, NonImmediateOops: No
[1,196s][debug][gc,nmethod  ] Register NMethod: java.util.HashMap$Node.getValue (0x00007ab2a6bf0008) [0x00007ab2a6bf0100, 0x00007ab2a6bf01e8] Compiler: c1, Barriers: 1, Oops: 0, ImmediateOops: 0, NonImmediateOops: No
[1,196s][debug][gc,nmethod  ] Register NMethod: java.util.HashMap$KeySet.iterator (0x00007ab28743ab08) [0x00007ab28743ac00, 0x00007ab28743af80] Compiler: c1, Barriers: 1, Oops: 0, ImmediateOops: 0, NonImmediateOops: No
[1,196s][debug][gc,nmethod  ] Register NMethod: java.util.HashMap$KeyIterator.<init> (0x00007ab28743af88) [0x00007ab28743b080, 0x00007ab28743b300] Compiler: c1, Barriers: 0, Oops: 0, ImmediateOops: 0, NonImmediateOops: No
[1,196s][debug][gc,nmethod  ] Register NMethod: java.util.HashMap$HashIterator.<init> (0x00007ab28743b308) [0x00007ab28743b400, 0x00007ab28743ba50] Compiler: c1, Barriers: 14, Oops: 0, ImmediateOops: 0, NonImmediateOops: No
[1,196s][debug][gc,nmethod  ] Register NMethod: java.util.HashSet.iterator (0x00007ab28743ba88) [0x00007ab28743bb80, 0x00007ab28743c0c8] Compiler: c1, Barriers: 1, Oops: 0, ImmediateOops: 0, NonImmediateOops: No
[1,196s][debug][gc,nmethod  ] Register NMethod: java.util.HashMap.keySet (0x00007ab28743c108) [0x00007ab28743c200, 0x00007ab28743c688] Compiler: c1, Barriers: 7, Oops: 0, ImmediateOops: 0, NonImmediateOops: No
[1,196s][debug][gc,nmethod  ] Register NMethod: java.util.ImmutableCollections$Set12.isEmpty (0x00007ab2a6bf0308) [0x00007ab2a6bf0400, 0x00007ab2a6bf04c0] Compiler: c1, Barriers: 0, Oops: 0, ImmediateOops: 0, NonImmediateOops: No
[1,197s][debug][gc,nmethod  ] Register NMethod: java.lang.module.ModuleDescriptor$Exports.source (0x00007ab2a6bf0608) [0x00007ab2a6bf0700, 0x00007ab2a6bf07e8] Compiler: c1, Barriers: 1, Oops: 0, ImmediateOops: 0, NonImmediateOops: No
[1,197s][debug][gc,nmethod  ] Register NMethod: java.lang.module.ModuleDescriptor$Exports.targets (0x00007ab2a6bf0908) [0x00007ab2a6bf0a00, 0x00007ab2a6bf0ae8] Compiler: c1, Barriers: 1, Oops: 0, ImmediateOops: 0, NonImmediateOops: No
[1,197s][debug][gc,nmethod  ] Register NMethod: java.util.ImmutableCollections$Set12.contains (0x00007ab28743c708) [0x00007ab28743c800, 0x00007ab28743ce08] Compiler: c1, Barriers: 2, Oops: 0, ImmediateOops: 0, NonImmediateOops: No
[1,197s][debug][gc,nmethod  ] Register NMethod: java.util.HashMap.putIfAbsent (0x00007ab28743ce88) [0x00007ab28743cf80, 0x00007ab28743d568] Compiler: c1, Barriers: 0, Oops: 0, ImmediateOops: 0, NonImmediateOops: No
[1,197s][debug][gc,nmethod  ] Register NMethod: java.util.HashMap.<init> (0x00007ab28743d588) [0x00007ab28743d680, 0x00007ab28743d840] Compiler: c1, Barriers: 0, Oops: 0, ImmediateOops: 0, NonImmediateOops: No
[1,197s][debug][gc,nmethod  ] Register NMethod: java.util.HashMap.resize (0x00007ab28743d888) [0x00007ab28743d9a0, 0x00007ab28743f680] Compiler: c1, Barriers: 31, Oops: 0, ImmediateOops: 0, NonImmediateOops: No
[1,197s][debug][gc,nmethod  ] Register NMethod: java.util.Objects.requireNonNull (0x00007ab2a6bf0c08) [0x00007ab2a6bf0d00, 0x00007ab2a6bf0d98] Compiler: jvmci, Barriers: 0, Oops: 0, ImmediateOops: 0, NonImmediateOops: No
[1,197s][debug][gc,nmethod  ] Register NMethod: java.lang.module.ModuleDescriptor.provides (0x00007ab2a6bf0f08) [0x00007ab2a6bf1000, 0x00007ab2a6bf10e8] Compiler: c1, Barriers: 1, Oops: 0, ImmediateOops: 0, NonImmediateOops: No
[1,197s][debug][gc,nmethod  ] Register NMethod: java.lang.module.ModuleDescriptor.exports (0x00007ab2a6bf1208) [0x00007ab2a6bf1300, 0x00007ab2a6bf13e8] Compiler: c1, Barriers: 1, Oops: 0, ImmediateOops: 0, NonImmediateOops: No
[1,197s][debug][gc,nmethod  ] Register NMethod: java.util.HashMap.afterNodeInsertion (0x00007ab2a6bf1508) [0x00007ab2a6bf1600, 0x00007ab2a6bf1680] Compiler: jvmci, Barriers: 0, Oops: 0, ImmediateOops: 0, NonImmediateOops: No
[1,198s][debug][gc,nmethod  ] Register NMethod: java.util.Arrays.copyOfRange (0x00007ab28743f688) [0x00007ab28743f780, 0x00007ab287440a50] Compiler: c1, Barriers: 0, Oops: 1, ImmediateOops: 2, NonImmediateOops: No
[1,198s][debug][gc,nmethod  ] Register NMethod: java.lang.module.ModuleDescriptor$Provides.service (0x00007ab2a6bf1808) [0x00007ab2a6bf1900, 0x00007ab2a6bf19e8] Compiler: c1, Barriers: 1, Oops: 0, ImmediateOops: 0, NonImmediateOops: No
[1,198s][debug][gc,nmethod  ] Register NMethod: java.lang.module.ModuleDescriptor.uses (0x00007ab2a6bf1b08) [0x00007ab2a6bf1c00, 0x00007ab2a6bf1ce8] Compiler: c1, Barriers: 1, Oops: 0, ImmediateOops: 0, NonImmediateOops: No
[1,198s][debug][gc,nmethod  ] Register NMethod: java.lang.StringLatin1.newString (0x00007ab287440a88) [0x00007ab287440b80, 0x00007ab287440ea0] Compiler: c1, Barriers: 3, Oops: 0, ImmediateOops: 1, NonImmediateOops: No
[1,198s][debug][gc,nmethod  ] Register NMethod: java.lang.module.ResolvedModule.descriptor (0x00007ab287440f08) [0x00007ab287441000, 0x00007ab287441340] Compiler: c1, Barriers: 2, Oops: 0, ImmediateOops: 0, NonImmediateOops: No
[1,198s][debug][gc,nmethod  ] Register NMethod: java.lang.String.substring (0x00007ab287441388) [0x00007ab287441480, 0x00007ab287441fa0] Compiler: c1, Barriers: 1, Oops: 1, ImmediateOops: 1, NonImmediateOops: No
[1,198s][debug][gc,nmethod  ] Register NMethod: java.util.ImmutableCollections$SetN$SetNIterator.hasNext (0x00007ab2a6bf1e08) [0x00007ab2a6bf1f00, 0x00007ab2a6bf1f90] Compiler: jvmci, Barriers: 0, Oops: 0, ImmediateOops: 0, NonImmediateOops: No
[1,198s][debug][gc,nmethod  ] Register NMethod: java.util.HashMap$EntryIterator.next (0x00007ab287442008) [0x00007ab287442100, 0x00007ab2874423f8] Compiler: c1, Barriers: 0, Oops: 0, ImmediateOops: 0, NonImmediateOops: No
[1,198s][debug][gc,nmethod  ] Register NMethod: java.util.HashMap$EntryIterator.next (0x00007ab287442408) [0x00007ab287442500, 0x00007ab287442a10] Compiler: c1, Barriers: 0, Oops: 0, ImmediateOops: 0, NonImmediateOops: No
[1,198s][debug][gc,nmethod  ] Register NMethod: java.util.HashSet.<init> (0x00007ab287442a88) [0x00007ab287442b80, 0x00007ab287442f88] Compiler: c1, Barriers: 3, Oops: 0, ImmediateOops: 0, NonImmediateOops: No
[1,198s][debug][gc,nmethod  ] Register NMethod: java.lang.StringLatin1.lastIndexOf (0x00007ab287443008) [0x00007ab287443100, 0x00007ab287443520] Compiler: c1, Barriers: 0, Oops: 0, ImmediateOops: 0, NonImmediateOops: No
[1,199s][debug][gc,nmethod  ] Register NMethod: java.util.KeyValueHolder.getKey (0x00007ab2a6bf2108) [0x00007ab2a6bf2200, 0x00007ab2a6bf22e8] Compiler: c1, Barriers: 1, Oops: 0, ImmediateOops: 0, NonImmediateOops: No
[1,199s][debug][gc,nmethod  ] Register NMethod: java.util.KeyValueHolder.getValue (0x00007ab2a6bf2408) [0x00007ab2a6bf2500, 0x00007ab2a6bf25e8] Compiler: c1, Barriers: 1, Oops: 0, ImmediateOops: 0, NonImmediateOops: No
[1,199s][debug][gc,nmethod  ] Register NMethod: java.lang.module.ModuleDescriptor.packages (0x00007ab2a6bf2708) [0x00007ab2a6bf2800, 0x00007ab2a6bf28e8] Compiler: c1, Barriers: 1, Oops: 0, ImmediateOops: 0, NonImmediateOops: No
[1,199s][debug][gc,nmethod  ] Register NMethod: java.lang.String.hashCode (0x00007ab2a6bf2a08) [0x00007ab2a6bf2b00, 0x00007ab2a6bf2ca0] Compiler: jvmci, Barriers: 1, Oops: 0, ImmediateOops: 0, NonImmediateOops: No
[1,199s][debug][gc,nmethod  ] Register NMethod: java.util.concurrent.ConcurrentHashMap.casTabAt (0x00007ab287443588) [0x00007ab287443680, 0x00007ab2874437f0] Compiler: c1, Barriers: 5, Oops: 0, ImmediateOops: 0, NonImmediateOops: No
[1,199s][debug][gc,nmethod  ] Register NMethod: java.util.Optional.orElse (0x00007ab287443888) [0x00007ab287443980, 0x00007ab287443b18] Compiler: c1, Barriers: 1, Oops: 0, ImmediateOops: 0, NonImmediateOops: No
[1,199s][debug][gc,nmethod  ] Register NMethod: java.lang.module.ResolvedModule.reference (0x00007ab2a6bf2d08) [0x00007ab2a6bf2e00, 0x00007ab2a6bf2ee8] Compiler: c1, Barriers: 1, Oops: 0, ImmediateOops: 0, NonImmediateOops: No
[1,199s][debug][gc,nmethod  ] Register NMethod: java.lang.module.ResolvedModule.name (0x00007ab287443b88) [0x00007ab287443c80, 0x00007ab2874441c8] Compiler: c1, Barriers: 3, Oops: 0, ImmediateOops: 0, NonImmediateOops: No
[1,200s][debug][gc,nmethod  ] Register NMethod: java.lang.AbstractStringBuilder.length (0x00007ab2a6bf3008) [0x00007ab2a6bf3100, 0x00007ab2a6bf31c0] Compiler: c1, Barriers: 0, Oops: 0, ImmediateOops: 0, NonImmediateOops: No
[1,200s][debug][gc,nmethod  ] Register NMethod: java.lang.module.ModuleDescriptor$Version.toString (0x00007ab2a6bf3308) [0x00007ab2a6bf3400, 0x00007ab2a6bf34e8] Compiler: c1, Barriers: 1, Oops: 0, ImmediateOops: 0, NonImmediateOops: No
[1,200s][debug][gc,nmethod  ] Register NMethod: java.lang.AbstractStringBuilder.needsNewBuffer (0x00007ab287444208) [0x00007ab287444300, 0x00007ab2874444a0] Compiler: c1, Barriers: 0, Oops: 0, ImmediateOops: 0, NonImmediateOops: No
[1,201s][debug][gc,nmethod  ] Register NMethod: java.lang.Module.addExports0 (0x00007ab2a6bf3608) [0x00007ab2a6bf3700, 0x00007ab2a6bf3880] Compiler: , Barriers: 0, Oops: 0, ImmediateOops: 1, NonImmediateOops: No
[1,201s][debug][gc,nmethod  ] Register NMethod: java.util.HashMap.isEmpty (0x00007ab287444508) [0x00007ab287444600, 0x00007ab287444750] Compiler: c1, Barriers: 0, Oops: 0, ImmediateOops: 0, NonImmediateOops: No
[1,201s][debug][gc,nmethod  ] Register NMethod: java.lang.Module.addReads0 (0x00007ab2a6bf3908) [0x00007ab2a6bf3a00, 0x00007ab2a6bf3b70] Compiler: , Barriers: 0, Oops: 0, ImmediateOops: 1, NonImmediateOops: No
[1,201s][debug][gc,nmethod  ] Register NMethod: java.lang.module.ResolvedModule.configuration (0x00007ab2a6bf3c08) [0x00007ab2a6bf3d00, 0x00007ab2a6bf3de8] Compiler: c1, Barriers: 1, Oops: 0, ImmediateOops: 0, NonImmediateOops: No
[1,201s][debug][gc,nmethod  ] Register NMethod: java.lang.Double.doubleToRawLongBits (0x00007ab2a6bf3f08) [0x00007ab2a6bf4000, 0x00007ab2a6bf4158] Compiler: , Barriers: 0, Oops: 0, ImmediateOops: 1, NonImmediateOops: No
[1,201s][debug][gc,nmethod  ] Register NMethod: java.lang.Math.max (0x00007ab287444808) [0x00007ab287444900, 0x00007ab287444a28] Compiler: c1, Barriers: 0, Oops: 0, ImmediateOops: 0, NonImmediateOops: No
[1,201s][debug][gc,nmethod  ] Register NMethod: java.lang.Module.addExportsToAll0 (0x00007ab2a6bf4208) [0x00007ab2a6bf4300, 0x00007ab2a6bf4470] Compiler: , Barriers: 0, Oops: 0, ImmediateOops: 1, NonImmediateOops: No
[1,201s][debug][gc,nmethod  ] Register NMethod: java.util.HashSet.isEmpty (0x00007ab287444b08) [0x00007ab287444c00, 0x00007ab287444fa8] Compiler: c1, Barriers: 1, Oops: 0, ImmediateOops: 0, NonImmediateOops: No
[1,201s][debug][gc,nmethod  ] Register NMethod: java.lang.module.ModuleDescriptor.isOpen (0x00007ab2a6bf4508) [0x00007ab2a6bf4600, 0x00007ab2a6bf46c0] Compiler: c1, Barriers: 0, Oops: 0, ImmediateOops: 0, NonImmediateOops: No
[1,201s][debug][gc,nmethod  ] Register NMethod: java.util.HashMap.size (0x00007ab2a6bf4808) [0x00007ab2a6bf4900, 0x00007ab2a6bf49c0] Compiler: c1, Barriers: 0, Oops: 0, ImmediateOops: 0, NonImmediateOops: No
[1,201s][debug][gc,nmethod  ] Register NMethod: java.util.ImmutableCollections$ListItr.hasNext (0x00007ab287445008) [0x00007ab287445100, 0x00007ab287445250] Compiler: c1, Barriers: 0, Oops: 0, ImmediateOops: 0, NonImmediateOops: No
[1,201s][debug][gc,nmethod  ] Register NMethod: java.util.ImmutableCollections$List12.size (0x00007ab287445308) [0x00007ab287445400, 0x00007ab2874455a8] Compiler: c1, Barriers: 1, Oops: 0, ImmediateOops: 1, NonImmediateOops: No
[1,201s][debug][gc,nmethod  ] Register NMethod: java.util.ImmutableCollections$List12.get (0x00007ab287445608) [0x00007ab287445700, 0x00007ab287445b18] Compiler: c1, Barriers: 2, Oops: 0, ImmediateOops: 1, NonImmediateOops: No
[1,201s][debug][gc,nmethod  ] Register NMethod: java.util.ImmutableCollections$ListItr.next (0x00007ab287445b88) [0x00007ab287445c80, 0x00007ab287446070] Compiler: c1, Barriers: 1, Oops: 0, ImmediateOops: 0, NonImmediateOops: No
[1,201s][debug][gc,nmethod  ] Register NMethod: java.util.ImmutableCollections$ListItr.<init> (0x00007ab287446088) [0x00007ab287446180, 0x00007ab287446360] Compiler: c1, Barriers: 3, Oops: 0, ImmediateOops: 0, NonImmediateOops: No
[1,202s][debug][gc,nmethod  ] Register NMethod: java.util.Optional.empty (0x00007ab287446388) [0x00007ab287446480, 0x00007ab287446568] Compiler: c1, Barriers: 0, Oops: 0, ImmediateOops: 1, NonImmediateOops: No
[1,202s][debug][gc,nmethod  ] Register NMethod: java.util.ImmutableCollections$AbstractImmutableList.iterator (0x00007ab287446688) [0x00007ab287446780, 0x00007ab287446c30] Compiler: c1, Barriers: 3, Oops: 0, ImmediateOops: 0, NonImmediateOops: No
[1,202s][debug][gc,nmethod  ] Register NMethod: java.lang.Module.findModule (0x00007ab287446c88) [0x00007ab287446d80, 0x00007ab2874486a8] Compiler: c1, Barriers: 1, Oops: 0, ImmediateOops: 0, NonImmediateOops: No
[1,202s][debug][gc,director ] Rule Major: Warmup 10%, Used: 14MB, UsedThreshold: 1228MB
[1,202s][debug][gc,nmethod  ] Register NMethod: java.lang.ModuleLayer.findModule (0x00007ab287448708) [0x00007ab287448800, 0x00007ab28744a298] Compiler: c1, Barriers: 4, Oops: 0, ImmediateOops: 3, NonImmediateOops: No
[1,202s][debug][gc,nmethod  ] Register NMethod: jdk.internal.module.ServicesCatalog$ServiceProvider.<init> (0x00007ab28744a308) [0x00007ab28744a400, 0x00007ab28744a648] Compiler: c1, Barriers: 6, Oops: 0, ImmediateOops: 0, NonImmediateOops: No
[1,203s][debug][gc,nmethod  ] Register NMethod: jdk.internal.classfile.impl.AbstractPoolEntry.maybeClone (0x00007ab28744a688) [0x00007ab28744a780, 0x00007ab28744b0e8] Compiler: c1, Barriers: 0, Oops: 0, ImmediateOops: 0, NonImmediateOops: No
[1,203s][debug][gc,nmethod  ] Register NMethod: jdk.internal.classfile.impl.SplitConstantPool.canWriteDirect (0x00007ab28744b108) [0x00007ab28744b200, 0x00007ab28744b4f8] Compiler: c1, Barriers: 1, Oops: 0, ImmediateOops: 0, NonImmediateOops: No
[1,203s][debug][gc,nmethod  ] Register NMethod: jdk.internal.classfile.impl.RawBytecodeHelper.endBci (0x00007ab28744b508) [0x00007ab28744b600, 0x00007ab28744b738] Compiler: c1, Barriers: 1, Oops: 0, ImmediateOops: 0, NonImmediateOops: No
[1,203s][debug][gc,nmethod  ] Register NMethod: java.lang.invoke.MethodType.ptypes (0x00007ab2a6bf4b08) [0x00007ab2a6bf4c00, 0x00007ab2a6bf4ce8] Compiler: c1, Barriers: 1, Oops: 0, ImmediateOops: 0, NonImmediateOops: No
[1,203s][debug][gc,nmethod  ] Register NMethod: jdk.internal.classfile.impl.RawBytecodeHelper.next (0x00007ab28744b808) [0x00007ab28744b900, 0x00007ab28744c078] Compiler: c1, Barriers: 2, Oops: 0, ImmediateOops: 1, NonImmediateOops: No
[1,204s][debug][gc,nmethod  ] Register NMethod: java.lang.invoke.MethodTypeForm.canonicalize (0x00007ab28744c088) [0x00007ab28744c180, 0x00007ab28744cdd8] Compiler: c1, Barriers: 1, Oops: 0, ImmediateOops: 2, NonImmediateOops: No
[1,204s][debug][gc,nmethod  ] Register NMethod: java.lang.Class.isInstance (0x00007ab2a6bf4e08) [0x00007ab2a6bf4f00, 0x00007ab2a6bf5070] Compiler: , Barriers: 0, Oops: 0, ImmediateOops: 0, NonImmediateOops: No
[1,204s][debug][gc,nmethod  ] Register NMethod: jdk.internal.classfile.impl.RawBytecodeHelper.opcode (0x00007ab28744ce08) [0x00007ab28744cf00, 0x00007ab28744d008] Compiler: c1, Barriers: 0, Oops: 0, ImmediateOops: 0, NonImmediateOops: No
[1,204s][debug][gc,nmethod  ] Register NMethod: java.lang.invoke.MethodType.parameterType (0x00007ab28744d108) [0x00007ab28744d200, 0x00007ab28744d388] Compiler: c1, Barriers: 2, Oops: 0, ImmediateOops: 0, NonImmediateOops: No
[1,204s][debug][gc,nmethod  ] Register NMethod: java.lang.AbstractStringBuilder.isLatin1 (0x00007ab28744d408) [0x00007ab28744d500, 0x00007ab28744d640] Compiler: c1, Barriers: 0, Oops: 0, ImmediateOops: 0, NonImmediateOops: No
[1,205s][debug][gc,nmethod  ] Register NMethod: jdk.internal.vm.Continuation.enterSpecial (0x00007ab2a6bf5108) [0x00007ab2a6bf5200, 0x00007ab2a6bf53f8] Compiler: , Barriers: 0, Oops: 0, ImmediateOops: 0, NonImmediateOops: No
[1,205s][debug][gc,nmethod  ] Register NMethod: jdk.internal.vm.Continuation.doYield (0x00007ab2a6bf5408) [0x00007ab2a6bf5500, 0x00007ab2a6bf55c8] Compiler: , Barriers: 0, Oops: 0, ImmediateOops: 0, NonImmediateOops: No
[1,206s][debug][gc,nmethod  ] Register NMethod: java.util.ImmutableCollections$SetN$SetNIterator.next (0x00007ab2a6bf5708) [0x00007ab2a6bf5800, 0x00007ab2a6bf5a58] Compiler: jvmci, Barriers: 4, Oops: 0, ImmediateOops: 0, NonImmediateOops: No
[1,210s][debug][gc,nmethod  ] Register NMethod: java.lang.AbstractStringBuilder.getValue (0x00007ab2a6bf5a88) [0x00007ab2a6bf5b80, 0x00007ab2a6bf5c68] Compiler: c1, Barriers: 1, Oops: 0, ImmediateOops: 0, NonImmediateOops: No
[1,210s][debug][gc,nmethod  ] Register NMethod: java.lang.StringLatin1.equals (0x00007ab2a6bf5d88) [0x00007ab2a6bf5e80, 0x00007ab2a6bf6118] Compiler: jvmci, Barriers: 0, Oops: 0, ImmediateOops: 0, NonImmediateOops: No
[1,212s][debug][gc,nmethod  ] Register NMethod: java.lang.StringBuilder.append (0x00007ab28744d708) [0x00007ab28744d800, 0x00007ab28744d948] Compiler: c1, Barriers: 0, Oops: 0, ImmediateOops: 0, NonImmediateOops: No
[1,212s][debug][gc,director ] Rule Major: Warmup 10%, Used: 14MB, UsedThreshold: 1228MB
[1,212s][debug][gc,nmethod  ] Register NMethod: java.lang.AbstractStringBuilder.append (0x00007ab28744da08) [0x00007ab28744db00, 0x00007ab28744e750] Compiler: c1, Barriers: 5, Oops: 0, ImmediateOops: 0, NonImmediateOops: No
[1,213s][debug][gc,nmethod  ] Register NMethod: java.lang.StringLatin1.lastIndexOf (0x00007ab28744e788) [0x00007ab28744e880, 0x00007ab28744ec48] Compiler: c1, Barriers: 0, Oops: 0, ImmediateOops: 0, NonImmediateOops: No
[1,213s][debug][gc,nmethod  ] Register NMethod: java.util.HashMap.newNode (0x00007ab2a6bf6188) [0x00007ab2a6bf6280, 0x00007ab2a6bf63e0] Compiler: jvmci, Barriers: 6, Oops: 0, ImmediateOops: 0, NonImmediateOops: No
[1,214s][debug][gc,nmethod  ] Register NMethod: java.lang.module.ModuleDescriptor$Exports.isQualified (0x00007ab2a6bf6488) [0x00007ab2a6bf6580, 0x00007ab2a6bf66d8] Compiler: jvmci, Barriers: 1, Oops: 0, ImmediateOops: 0, NonImmediateOops: No
[1,214s][debug][gc,nmethod  ] Register NMethod: java.util.HashMap.putVal (0x00007ab2a6bf6788) [0x00007ab2a6bf68a0, 0x00007ab2a6bf7ef0] Compiler: jvmci, Barriers: 77, Oops: 0, ImmediateOops: 0, NonImmediateOops: No
[1,215s][debug][gc,nmethod  ] Register NMethod: java.util.ImmutableCollections$SetN.isEmpty (0x00007ab2a6bf7f08) [0x00007ab2a6bf8000, 0x00007ab2a6bf8090] Compiler: jvmci, Barriers: 0, Oops: 0, ImmediateOops: 0, NonImmediateOops: No
[1,216s][debug][gc,nmethod  ] Register NMethod: java.lang.StringLatin1.indexOf (0x00007ab28744ec88) [0x00007ab28744ed80, 0x00007ab28744f0d8] Compiler: c1, Barriers: 0, Oops: 0, ImmediateOops: 0, NonImmediateOops: No
[1,216s][debug][gc,nmethod  ] Register NMethod: java.util.HashMap.resize (0x00007ab2a6bf8208) [0x00007ab2a6bf8320, 0x00007ab2a6bf8e70] Compiler: jvmci, Barriers: 33, Oops: 0, ImmediateOops: 0, NonImmediateOops: No
[1,218s][debug][gc,nmethod  ] Register NMethod: java.lang.String.equals (0x00007ab2a6bf8e88) [0x00007ab2a6bf8f80, 0x00007ab2a6bf92e8] Compiler: jvmci, Barriers: 2, Oops: 0, ImmediateOops: 0, NonImmediateOops: No
[1,219s][debug][gc,nmethod  ] Register NMethod: jdk.internal.misc.Unsafe.getByte (0x00007ab2a6bf9308) [0x00007ab2a6bf9400, 0x00007ab2a6bf9568] Compiler: , Barriers: 0, Oops: 0, ImmediateOops: 0, NonImmediateOops: No
[1,219s][debug][gc,nmethod  ] Register NMethod: jdk.internal.misc.Unsafe.getShort (0x00007ab2a6bf9608) [0x00007ab2a6bf9700, 0x00007ab2a6bf9868] Compiler: , Barriers: 0, Oops: 0, ImmediateOops: 0, NonImmediateOops: No
[1,219s][debug][gc,nmethod  ] Register NMethod: jdk.internal.misc.Unsafe.toUnsignedInt (0x00007ab28744f108) [0x00007ab28744f200, 0x00007ab28744f2e8] Compiler: c1, Barriers: 0, Oops: 0, ImmediateOops: 0, NonImmediateOops: No
[1,219s][debug][gc,nmethod  ] Register NMethod: jdk.internal.misc.Unsafe.pickPos (0x00007ab28744f408) [0x00007ab28744f500, 0x00007ab28744f5f0] Compiler: c1, Barriers: 0, Oops: 0, ImmediateOops: 0, NonImmediateOops: No
[1,219s][debug][gc,nmethod  ] Register NMethod: java.util.zip.ZipUtils.get16 (0x00007ab28744f708) [0x00007ab28744f800, 0x00007ab28744fc00] Compiler: c1, Barriers: 0, Oops: 1, ImmediateOops: 2, NonImmediateOops: No
[1,219s][debug][gc,nmethod  ] Register NMethod: jdk.internal.misc.Unsafe.getShortUnaligned (0x00007ab28744fc88) [0x00007ab28744fd80, 0x00007ab28744ffa8] Compiler: c1, Barriers: 0, Oops: 0, ImmediateOops: 0, NonImmediateOops: No
[1,219s][debug][gc,nmethod  ] Register NMethod: jdk.internal.misc.Unsafe.getIntUnaligned (0x00007ab287450008) [0x00007ab287450100, 0x00007ab287450550] Compiler: c1, Barriers: 0, Oops: 0, ImmediateOops: 0, NonImmediateOops: No
[1,219s][debug][gc,nmethod  ] Register NMethod: jdk.internal.misc.Unsafe.getShortUnaligned (0x00007ab287450588) [0x00007ab287450680, 0x00007ab287450a10] Compiler: c1, Barriers: 0, Oops: 0, ImmediateOops: 0, NonImmediateOops: No
[1,221s][debug][gc,nmethod  ] Register NMethod: java.lang.StringBuilder.length (0x00007ab287450a88) [0x00007ab287450b80, 0x00007ab287450c98] Compiler: c1, Barriers: 0, Oops: 0, ImmediateOops: 0, NonImmediateOops: No
[1,222s][debug][gc,director ] Rule Major: Warmup 10%, Used: 14MB, UsedThreshold: 1228MB
[1,224s][debug][gc,nmethod  ] Register NMethod: java.lang.invoke.MethodType.checkSlotCount (0x00007ab287450d88) [0x00007ab287450e80, 0x00007ab287451bb8] Compiler: c1, Barriers: 0, Oops: 1, ImmediateOops: 2, NonImmediateOops: No
[1,225s][debug][gc,nmethod  ] Register NMethod: jdk.internal.util.WeakReferenceKey.hashCode (0x00007ab2a6bf9908) [0x00007ab2a6bf9a00, 0x00007ab2a6bf9ac0] Compiler: c1, Barriers: 0, Oops: 0, ImmediateOops: 0, NonImmediateOops: No
[1,225s][debug][gc,nmethod  ] Register NMethod: java.lang.invoke.MethodHandle.linkToStatic (0x00007ab2a6bf9c08) [0x00007ab2a6bf9d00, 0x00007ab2a6bf9df0] Compiler: , Barriers: 0, Oops: 0, ImmediateOops: 0, NonImmediateOops: No
[1,225s][debug][gc,nmethod  ] Register NMethod: java.lang.StringLatin1.indexOfChar (0x00007ab2a6bf9f08) [0x00007ab2a6bfa000, 0x00007ab2a6bfa270] Compiler: jvmci, Barriers: 0, Oops: 0, ImmediateOops: 0, NonImmediateOops: No
[1,225s][debug][gc,nmethod  ] Register NMethod: java.io.BufferedInputStream.getBufIfOpen (0x00007ab287451c08) [0x00007ab287451d00, 0x00007ab287451e38] Compiler: c1, Barriers: 0, Oops: 0, ImmediateOops: 0, NonImmediateOops: No
[1,226s][debug][gc,nmethod  ] Register NMethod: java.io.BufferedInputStream.getBufIfOpen (0x00007ab287451f08) [0x00007ab287452000, 0x00007ab287452418] Compiler: c1, Barriers: 7, Oops: 0, ImmediateOops: 3, NonImmediateOops: No
[1,226s][debug][gc,nmethod  ] Register NMethod: java.io.BufferedInputStream.read (0x00007ab287452488) [0x00007ab287452580, 0x00007ab2874529d8] Compiler: c1, Barriers: 0, Oops: 0, ImmediateOops: 0, NonImmediateOops: No
[1,226s][debug][gc,nmethod  ] Register NMethod: worker.org.gradle.internal.stream.EncodedStream$EncodedInput.hexToByte (0x00007ab287452a08) [0x00007ab287452b00, 0x00007ab287453248] Compiler: c1, Barriers: 3, Oops: 2, ImmediateOops: 1, NonImmediateOops: No
[1,226s][debug][gc,nmethod  ] Register NMethod: worker.org.gradle.internal.stream.EncodedStream$EncodedInput.read (0x00007ab287453288) [0x00007ab287453380, 0x00007ab287453ad8] Compiler: c1, Barriers: 2, Oops: 1, ImmediateOops: 1, NonImmediateOops: No
[1,226s][debug][gc,nmethod  ] Register NMethod: jdk.internal.util.Preconditions.checkFromIndexSize (0x00007ab287453b08) [0x00007ab287453c00, 0x00007ab287453d98] Compiler: c1, Barriers: 0, Oops: 0, ImmediateOops: 0, NonImmediateOops: No
[1,226s][debug][gc,nmethod  ] Register NMethod: java.lang.Class.getName (0x00007ab287453e08) [0x00007ab287453f00, 0x00007ab2874540b0] Compiler: c1, Barriers: 1, Oops: 0, ImmediateOops: 0, NonImmediateOops: No
[1,226s][debug][gc,nmethod  ] Register NMethod: java.net.URL.getHost (0x00007ab2a6bfa288) [0x00007ab2a6bfa380, 0x00007ab2a6bfa468] Compiler: c1, Barriers: 1, Oops: 0, ImmediateOops: 0, NonImmediateOops: No
[1,226s][debug][gc,nmethod  ] Register NMethod: sun.net.util.IPAddressUtil.earlyURLParsing (0x00007ab287454108) [0x00007ab287454200, 0x00007ab287454308] Compiler: c1, Barriers: 0, Oops: 0, ImmediateOops: 0, NonImmediateOops: No
[1,227s][debug][gc,nmethod  ] Register NMethod: java.io.BufferedInputStream.getBufIfOpen (0x00007ab2a6bfa588) [0x00007ab2a6bfa680, 0x00007ab2a6bfa7b0] Compiler: jvmci, Barriers: 1, Oops: 0, ImmediateOops: 1, NonImmediateOops: No
[1,227s][debug][gc,nmethod  ] Register NMethod: java.lang.Record.<init> (0x00007ab287454408) [0x00007ab287454500, 0x00007ab287454658] Compiler: c1, Barriers: 0, Oops: 0, ImmediateOops: 0, NonImmediateOops: No
[1,227s][debug][gc,nmethod  ] Register NMethod: java.lang.StringLatin1.replace (0x00007ab287454708) [0x00007ab287454800, 0x00007ab2874558a0] Compiler: c1, Barriers: 6, Oops: 0, ImmediateOops: 3, NonImmediateOops: No
[1,227s][debug][gc,nmethod  ] Register NMethod: worker.org.gradle.internal.stream.EncodedStream$EncodedInput.hexToByte (0x00007ab2a6bfa888) [0x00007ab2a6bfa980, 0x00007ab2a6bfaa68] Compiler: jvmci, Barriers: 0, Oops: 1, ImmediateOops: 0, NonImmediateOops: No
[1,228s][debug][gc,nmethod  ] Register NMethod: jdk.internal.misc.Unsafe.putReferenceVolatile (0x00007ab2a6bfab88) [0x00007ab2a6bfac80, 0x00007ab2a6bfadf0] Compiler: , Barriers: 0, Oops: 0, ImmediateOops: 0, NonImmediateOops: No
[1,228s][debug][gc,nmethod  ] Register NMethod: jdk.internal.misc.Unsafe.getIntUnaligned (0x00007ab287455908) [0x00007ab287455a00, 0x00007ab287455c48] Compiler: c1, Barriers: 0, Oops: 0, ImmediateOops: 0, NonImmediateOops: No
[1,228s][debug][gc,nmethod  ] Register NMethod: jdk.internal.misc.Unsafe.convEndian (0x00007ab287455c88) [0x00007ab287455d80, 0x00007ab287455f28] Compiler: c1, Barriers: 0, Oops: 0, ImmediateOops: 0, NonImmediateOops: No
[1,228s][debug][gc,nmethod  ] Register NMethod: java.util.zip.ZipUtils.get32 (0x00007ab287455f88) [0x00007ab287456080, 0x00007ab287456488] Compiler: c1, Barriers: 0, Oops: 1, ImmediateOops: 2, NonImmediateOops: No
[1,228s][debug][gc,nmethod  ] Register NMethod: java.lang.String.lastIndexOf (0x00007ab287456508) [0x00007ab287456600, 0x00007ab287456aa0] Compiler: c1, Barriers: 2, Oops: 0, ImmediateOops: 0, NonImmediateOops: No
[1,228s][debug][gc,nmethod  ] Register NMethod: java.lang.Integer.toUnsignedLong (0x00007ab287456b08) [0x00007ab287456c00, 0x00007ab287456cf0] Compiler: c1, Barriers: 0, Oops: 0, ImmediateOops: 0, NonImmediateOops: No
[1,229s][debug][gc,nmethod  ] Register NMethod: java.lang.String.lastIndexOf (0x00007ab287456e08) [0x00007ab287456f00, 0x00007ab2874579f8] Compiler: c1, Barriers: 1, Oops: 0, ImmediateOops: 0, NonImmediateOops: No
[1,229s][debug][gc,nmethod  ] Register NMethod: sun.net.www.ParseUtil.firstEncodeIndex (0x00007ab287457a08) [0x00007ab287457b00, 0x00007ab2874589d8] Compiler: c1, Barriers: 3, Oops: 1, ImmediateOops: 1, NonImmediateOops: No
[1,229s][debug][gc,nmethod  ] Register NMethod: java.lang.invoke.MethodType.<init> (0x00007ab287458a08) [0x00007ab287458b00, 0x00007ab287458d48] Compiler: c1, Barriers: 6, Oops: 0, ImmediateOops: 0, NonImmediateOops: No
[1,229s][debug][gc,nmethod  ] Register NMethod: java.lang.Class.isHidden (0x00007ab2a6bfae88) [0x00007ab2a6bfaf80, 0x00007ab2a6bfb0e0] Compiler: , Barriers: 0, Oops: 0, ImmediateOops: 0, NonImmediateOops: No
[1,230s][debug][gc,nmethod  ] Register NMethod: jdk.internal.util.ReferencedKeySet.get (0x00007ab287458d88) [0x00007ab287458e80, 0x00007ab28745a380] Compiler: c1, Barriers: 7, Oops: 1, ImmediateOops: 1, NonImmediateOops: No
[1,230s][debug][gc,nmethod  ] Register NMethod: java.lang.invoke.MethodType.makeImpl (0x00007ab28745a408) [0x00007ab28745a500, 0x00007ab28745ccb0] Compiler: c1, Barriers: 23, Oops: 2, ImmediateOops: 3, NonImmediateOops: No
[1,230s][debug][gc,nmethod  ] Register NMethod: java.lang.invoke.MethodType.methodType (0x00007ab28745cd08) [0x00007ab28745ce00, 0x00007ab28745d2e0] Compiler: c1, Barriers: 2, Oops: 0, ImmediateOops: 4, NonImmediateOops: No
[1,230s][debug][gc,nmethod  ] Register NMethod: jdk.internal.classfile.impl.AbstractDirectBuilder.constantPool (0x00007ab2a6bfb188) [0x00007ab2a6bfb280, 0x00007ab2a6bfb368] Compiler: c1, Barriers: 1, Oops: 0, ImmediateOops: 0, NonImmediateOops: No
[1,230s][debug][gc,nmethod  ] Register NMethod: java.lang.StringLatin1.indexOfChar (0x00007ab2a6bfb488) [0x00007ab2a6bfb580, 0x00007ab2a6bfb7d8] Compiler: jvmci, Barriers: 0, Oops: 0, ImmediateOops: 0, NonImmediateOops: No
[1,230s][debug][gc,nmethod  ] Register NMethod: java.util.ArrayList.size (0x00007ab2a6bfb808) [0x00007ab2a6bfb900, 0x00007ab2a6bfb9c0] Compiler: c1, Barriers: 0, Oops: 0, ImmediateOops: 0, NonImmediateOops: No
[1,230s][debug][gc,nmethod  ] Register NMethod: java.lang.invoke.MethodHandle.linkToStatic (0x00007ab2a6bfbb08) [0x00007ab2a6bfbc00, 0x00007ab2a6bfbcf0] Compiler: , Barriers: 0, Oops: 0, ImmediateOops: 0, NonImmediateOops: No
[1,231s][debug][gc,nmethod  ] Register NMethod: java.lang.invoke.MemberName.allFlagsSet (0x00007ab28745d308) [0x00007ab28745d400, 0x00007ab28745d550] Compiler: c1, Barriers: 0, Oops: 0, ImmediateOops: 0, NonImmediateOops: No
[1,231s][debug][gc,nmethod  ] Register NMethod: jdk.internal.classfile.impl.SplitConstantPool.tryFindUtf8 (0x00007ab28745d608) [0x00007ab28745d700, 0x00007ab28745ef38] Compiler: c1, Barriers: 1, Oops: 0, ImmediateOops: 0, NonImmediateOops: No
[1,231s][debug][gc,nmethod  ] Register NMethod: java.io.BufferedInputStream.read (0x00007ab2a6bfbe08) [0x00007ab2a6bfbf00, 0x00007ab2a6bfc220] Compiler: jvmci, Barriers: 1, Oops: 0, ImmediateOops: 1, NonImmediateOops: No
[1,231s][debug][gc,nmethod  ] Register NMethod: jdk.internal.classfile.impl.AbstractPoolEntry$Utf8EntryImpl.contentHash (0x00007ab28745ef88) [0x00007ab28745f080, 0x00007ab28745f238] Compiler: c1, Barriers: 1, Oops: 0, ImmediateOops: 1, NonImmediateOops: No
[1,231s][debug][gc,nmethod  ] Register NMethod: jdk.internal.classfile.impl.BufWriterImpl.writeU2 (0x00007ab28745f288) [0x00007ab28745f380, 0x00007ab28745f7f0] Compiler: c1, Barriers: 2, Oops: 0, ImmediateOops: 0, NonImmediateOops: No
[1,231s][debug][gc,nmethod  ] Register NMethod: java.lang.String.length (0x00007ab2a6bfc288) [0x00007ab2a6bfc380, 0x00007ab2a6bfc468] Compiler: jvmci, Barriers: 1, Oops: 0, ImmediateOops: 0, NonImmediateOops: No
[1,232s][debug][gc,director ] Rule Major: Warmup 10%, Used: 14MB, UsedThreshold: 1228MB
[1,232s][debug][gc,nmethod  ] Register NMethod: java.lang.invoke.MethodHandle.linkToInterface (0x00007ab2a6bfc588) [0x00007ab2a6bfc680, 0x00007ab2a6bfc7b0] Compiler: , Barriers: 0, Oops: 0, ImmediateOops: 0, NonImmediateOops: No
[1,233s][debug][gc,nmethod  ] Register NMethod: jdk.internal.classfile.impl.AbstractPoolEntry$Utf8EntryImpl.hashCode (0x00007ab28745f808) [0x00007ab28745f900, 0x00007ab28745fd30] Compiler: c1, Barriers: 1, Oops: 0, ImmediateOops: 1, NonImmediateOops: No
[1,233s][debug][gc,nmethod  ] Register NMethod: jdk.internal.classfile.impl.AbstractPoolEntry$Utf8EntryImpl.<init> (0x00007ab28745fd88) [0x00007ab28745fe80, 0x00007ab2874606e8] Compiler: c1, Barriers: 13, Oops: 0, ImmediateOops: 1, NonImmediateOops: No
[1,233s][debug][gc,nmethod  ] Register NMethod: jdk.internal.classfile.impl.AbstractPoolEntry$Utf8EntryImpl.writeTo (0x00007ab287460708) [0x00007ab287460800, 0x00007ab287461010] Compiler: c1, Barriers: 3, Oops: 0, ImmediateOops: 0, NonImmediateOops: No
[1,233s][debug][gc,nmethod  ] Register NMethod: java.lang.System$1.countNonZeroAscii (0x00007ab287461088) [0x00007ab287461180, 0x00007ab287461c80] Compiler: c1, Barriers: 1, Oops: 0, ImmediateOops: 0, NonImmediateOops: No
[1,233s][debug][gc,nmethod  ] Register NMethod: jdk.internal.classfile.impl.BufWriterImpl.cpIndex (0x00007ab287461c88) [0x00007ab287461d80, 0x00007ab287463d78] Compiler: c1, Barriers: 1, Oops: 1, ImmediateOops: 3, NonImmediateOops: No
[1,233s][debug][gc,nmethod  ] Register NMethod: java.lang.StringCoding.countNonZeroAscii (0x00007ab287463d88) [0x00007ab287463e80, 0x00007ab287464a10] Compiler: c1, Barriers: 1, Oops: 0, ImmediateOops: 0, NonImmediateOops: No
[1,233s][debug][gc,nmethod  ] Register NMethod: jdk.internal.util.ModifiedUtf.utfLen (0x00007ab287464a88) [0x00007ab287464b80, 0x00007ab287465920] Compiler: c1, Barriers: 3, Oops: 1, ImmediateOops: 1, NonImmediateOops: No
[1,233s][debug][gc,nmethod  ] Register NMethod: java.lang.String.checkBoundsOffCount (0x00007ab287465988) [0x00007ab287465a80, 0x00007ab287465c78] Compiler: c1, Barriers: 0, Oops: 1, ImmediateOops: 1, NonImmediateOops: No
[1,234s][debug][gc,nmethod  ] Register NMethod: java.lang.StringLatin1.getBytes (0x00007ab287465c88) [0x00007ab287465d80, 0x00007ab287465f18] Compiler: c1, Barriers: 0, Oops: 0, ImmediateOops: 0, NonImmediateOops: No
[1,234s][debug][gc,nmethod  ] Register NMethod: java.lang.String.getBytes (0x00007ab287465f88) [0x00007ab287466080, 0x00007ab287466e08] Compiler: c1, Barriers: 1, Oops: 1, ImmediateOops: 2, NonImmediateOops: No
[1,234s][debug][gc,nmethod  ] Register NMethod: jdk.internal.classfile.impl.SplitConstantPool.utf8Entry (0x00007ab287466e88) [0x00007ab287466f80, 0x00007ab287467a78] Compiler: c1, Barriers: 1, Oops: 0, ImmediateOops: 1, NonImmediateOops: No
[1,234s][debug][gc,nmethod  ] Register NMethod: java.lang.invoke.MethodHandle.linkToSpecial (0x00007ab2a6bfc888) [0x00007ab2a6bfc980, 0x00007ab2a6bfca78] Compiler: , Barriers: 0, Oops: 0, ImmediateOops: 0, NonImmediateOops: No
[1,234s][debug][gc,nmethod  ] Register NMethod: jdk.internal.classfile.impl.AbstractPoolEntry$ClassEntryImpl.tag (0x00007ab2a6bfcb88) [0x00007ab2a6bfcc80, 0x00007ab2a6bfcd40] Compiler: c1, Barriers: 0, Oops: 0, ImmediateOops: 0, NonImmediateOops: No
[1,234s][debug][gc,nmethod  ] Register NMethod: jdk.internal.classfile.impl.AbstractPoolEntry.hash1 (0x00007ab287467a88) [0x00007ab287467b80, 0x00007ab287467c70] Compiler: c1, Barriers: 0, Oops: 0, ImmediateOops: 0, NonImmediateOops: No
[1,234s][debug][gc,nmethod  ] Register NMethod: jdk.internal.constant.ClassOrInterfaceDescImpl.isClassOrInterface (0x00007ab2a6bfce88) [0x00007ab2a6bfcf80, 0x00007ab2a6bfd040] Compiler: c1, Barriers: 0, Oops: 0, ImmediateOops: 0, NonImmediateOops: No
[1,234s][debug][gc,nmethod  ] Register NMethod: jdk.internal.classfile.impl.BufWriterImpl.writeUtfEntry (0x00007ab287467d88) [0x00007ab287467e80, 0x00007ab28746ac40] Compiler: c1, Barriers: 8, Oops: 1, ImmediateOops: 4, NonImmediateOops: No
[1,234s][debug][gc,nmethod  ] Register NMethod: java.lang.invoke.MethodHandle.linkToSpecial (0x00007ab2a6bfd188) [0x00007ab2a6bfd280, 0x00007ab2a6bfd378] Compiler: , Barriers: 0, Oops: 0, ImmediateOops: 0, NonImmediateOops: No
[1,234s][debug][gc,nmethod  ] Register NMethod: java.lang.invoke.MethodHandle.invokeBasic (0x00007ab2a6bfd488) [0x00007ab2a6bfd580, 0x00007ab2a6bfd818] Compiler: , Barriers: 0, Oops: 0, ImmediateOops: 0, NonImmediateOops: No
[1,234s][debug][gc,nmethod  ] Register NMethod: java.lang.invoke.MethodHandle.linkToSpecial (0x00007ab2a6bfd888) [0x00007ab2a6bfd980, 0x00007ab2a6bfda78] Compiler: , Barriers: 0, Oops: 0, ImmediateOops: 0, NonImmediateOops: No
[1,234s][debug][gc,nmethod  ] Register NMethod: java.lang.invoke.MemberName.initResolved (0x00007ab28746ac88) [0x00007ab28746ad80, 0x00007ab28746af40] Compiler: c1, Barriers: 3, Oops: 0, ImmediateOops: 0, NonImmediateOops: No
[1,234s][debug][gc,nmethod  ] Register NMethod: java.lang.ref.Reference.<init> (0x00007ab28746af88) [0x00007ab28746b080, 0x00007ab28746b318] Compiler: c1, Barriers: 6, Oops: 0, ImmediateOops: 1, NonImmediateOops: No
[1,234s][debug][gc,nmethod  ] Register NMethod: java.lang.String.intern (0x00007ab2a6bfdb88) [0x00007ab2a6bfdc80, 0x00007ab2a6bfdfa0] Compiler: , Barriers: 0, Oops: 0, ImmediateOops: 0, NonImmediateOops: No
[1,235s][debug][gc,nmethod  ] Register NMethod: java.lang.invoke.MemberName.getMethodType (0x00007ab28746b388) [0x00007ab28746b480, 0x00007ab28746d978] Compiler: c1, Barriers: 16, Oops: 1, ImmediateOops: 1, NonImmediateOops: No
[1,235s][debug][gc,nmethod  ] Register NMethod: jdk.internal.misc.Unsafe.allocateInstance (0x00007ab2a6bfe008) [0x00007ab2a6bfe100, 0x00007ab2a6bfe430] Compiler: , Barriers: 0, Oops: 0, ImmediateOops: 0, NonImmediateOops: No
[1,235s][debug][gc,nmethod  ] Register NMethod: jdk.internal.misc.Unsafe.putReferenceRelease (0x00007ab28746d988) [0x00007ab28746da80, 0x00007ab28746dbf8] Compiler: c1, Barriers: 3, Oops: 0, ImmediateOops: 0, NonImmediateOops: No
[1,235s][debug][gc,nmethod  ] Register NMethod: java.util.concurrent.ConcurrentHashMap.setTabAt (0x00007ab28746dc88) [0x00007ab28746dd80, 0x00007ab28746e080] Compiler: c1, Barriers: 0, Oops: 0, ImmediateOops: 1, NonImmediateOops: No
[1,235s][debug][gc,nmethod  ] Register NMethod: java.lang.String.replace (0x00007ab28746e088) [0x00007ab28746e180, 0x00007ab28746e688] Compiler: c1, Barriers: 2, Oops: 0, ImmediateOops: 0, NonImmediateOops: No
[1,235s][debug][gc,nmethod  ] Register NMethod: java.util.concurrent.ConcurrentHashMap.casTabAt (0x00007ab2a6bfe488) [0x00007ab2a6bfe580, 0x00007ab2a6bfe658] Compiler: jvmci, Barriers: 5, Oops: 0, ImmediateOops: 0, NonImmediateOops: No
[1,235s][debug][gc,nmethod  ] Register NMethod: java.net.URL.getProtocol (0x00007ab2a6bfe788) [0x00007ab2a6bfe880, 0x00007ab2a6bfe968] Compiler: c1, Barriers: 1, Oops: 0, ImmediateOops: 0, NonImmediateOops: No
[1,236s][debug][gc,nmethod  ] Register NMethod: java.util.ArrayList.add (0x00007ab28746e708) [0x00007ab28746e800, 0x00007ab28746ed70] Compiler: c1, Barriers: 4, Oops: 0, ImmediateOops: 0, NonImmediateOops: No
[1,236s][debug][gc,nmethod  ] Register NMethod: java.util.ArrayList.add (0x00007ab28746ed88) [0x00007ab28746ee80, 0x00007ab28746f340] Compiler: c1, Barriers: 3, Oops: 0, ImmediateOops: 0, NonImmediateOops: No
[1,236s][debug][gc,nmethod  ] Register NMethod: java.net.URL.getUserInfo (0x00007ab2a6bfea88) [0x00007ab2a6bfeb80, 0x00007ab2a6bfec68] Compiler: c1, Barriers: 1, Oops: 0, ImmediateOops: 0, NonImmediateOops: No
[1,236s][debug][gc,nmethod  ] Register NMethod: java.lang.StringCoding.countPositives (0x00007ab28746f388) [0x00007ab28746f480, 0x00007ab28746f688] Compiler: c1, Barriers: 0, Oops: 0, ImmediateOops: 0, NonImmediateOops: No
[1,237s][debug][gc,nmethod  ] Register NMethod: sun.nio.fs.UnixPath.checkNotNul (0x00007ab28746f708) [0x00007ab28746f800, 0x00007ab28746f9a0] Compiler: c1, Barriers: 0, Oops: 0, ImmediateOops: 1, NonImmediateOops: No
[1,237s][debug][gc,nmethod  ] Register NMethod: java.util.zip.ZipCoder$UTF8ZipCoder.isUTF8 (0x00007ab2a6bfed88) [0x00007ab2a6bfee80, 0x00007ab2a6bfef40] Compiler: c1, Barriers: 0, Oops: 0, ImmediateOops: 0, NonImmediateOops: No
[1,237s][debug][gc,nmethod  ] Register NMethod: java.util.zip.ZipUtils.CENEXT (0x00007ab28746fa08) [0x00007ab28746fb00, 0x00007ab28746fc10] Compiler: c1, Barriers: 0, Oops: 0, ImmediateOops: 0, NonImmediateOops: No
[1,237s][debug][gc,nmethod  ] Register NMethod: java.util.zip.ZipUtils.CENCOM (0x00007ab28746fd08) [0x00007ab28746fe00, 0x00007ab28746ff10] Compiler: c1, Barriers: 0, Oops: 0, ImmediateOops: 0, NonImmediateOops: No
[1,238s][debug][gc,nmethod  ] Register NMethod: java.util.zip.Inflater$InflaterZStreamRef.address (0x00007ab2a6bff088) [0x00007ab2a6bff180, 0x00007ab2a6bff240] Compiler: c1, Barriers: 0, Oops: 0, ImmediateOops: 0, NonImmediateOops: No
[1,239s][debug][gc,nmethod  ] Register NMethod: java.util.zip.ZipUtils.CENSIZ (0x00007ab287470008) [0x00007ab287470100, 0x00007ab287470210] Compiler: c1, Barriers: 0, Oops: 0, ImmediateOops: 0, NonImmediateOops: No
[1,239s][debug][gc,nmethod  ] Register NMethod: java.util.zip.ZipUtils.CENNAM (0x00007ab287470308) [0x00007ab287470400, 0x00007ab287470510] Compiler: c1, Barriers: 0, Oops: 0, ImmediateOops: 0, NonImmediateOops: No
[1,239s][debug][gc,nmethod  ] Register NMethod: java.util.zip.ZipUtils.CENHOW (0x00007ab287470608) [0x00007ab287470700, 0x00007ab287470810] Compiler: c1, Barriers: 0, Oops: 0, ImmediateOops: 0, NonImmediateOops: No
[1,239s][debug][gc,nmethod  ] Register NMethod: java.util.zip.ZipUtils.CENLEN (0x00007ab287470908) [0x00007ab287470a00, 0x00007ab287470b10] Compiler: c1, Barriers: 0, Oops: 0, ImmediateOops: 0, NonImmediateOops: No
[1,239s][debug][gc,nmethod  ] Register NMethod: java.util.zip.ZipUtils.CENFLG (0x00007ab287470c08) [0x00007ab287470d00, 0x00007ab287470e10] Compiler: c1, Barriers: 0, Oops: 0, ImmediateOops: 0, NonImmediateOops: No
[1,239s][debug][gc,nmethod  ] Register NMethod: java.util.zip.ZipUtils.CENOFF (0x00007ab287470f08) [0x00007ab287471000, 0x00007ab287471110] Compiler: c1, Barriers: 0, Oops: 0, ImmediateOops: 0, NonImmediateOops: No
[1,239s][debug][gc,nmethod  ] Register NMethod: java.util.zip.ZipFile.zipCoderFor (0x00007ab287471208) [0x00007ab287471300, 0x00007ab287471750] Compiler: c1, Barriers: 0, Oops: 0, ImmediateOops: 1, NonImmediateOops: No
[1,239s][debug][gc,nmethod  ] Register NMethod: java.lang.System$1.uncheckedCountPositives (0x00007ab287471788) [0x00007ab287471880, 0x00007ab287471ad8] Compiler: c1, Barriers: 0, Oops: 0, ImmediateOops: 0, NonImmediateOops: No
[1,239s][debug][gc,nmethod  ] Register NMethod: java.util.zip.ZipUtils.CENSIG (0x00007ab287471b08) [0x00007ab287471c00, 0x00007ab287471d10] Compiler: c1, Barriers: 0, Oops: 0, ImmediateOops: 0, NonImmediateOops: No
[1,239s][debug][gc,nmethod  ] Register NMethod: java.util.zip.ZipUtils.CENDSK (0x00007ab287471e08) [0x00007ab287471f00, 0x00007ab287472010] Compiler: c1, Barriers: 0, Oops: 0, ImmediateOops: 0, NonImmediateOops: No
[1,239s][debug][gc,nmethod  ] Register NMethod: java.util.zip.ZipFile$Source.isMetaName (0x00007ab287472108) [0x00007ab287472200, 0x00007ab287472660] Compiler: c1, Barriers: 0, Oops: 0, ImmediateOops: 0, NonImmediateOops: No
[1,239s][debug][gc,nmethod  ] Register NMethod: java.util.zip.ZipFile$Source.nextEntryPos (0x00007ab287472688) [0x00007ab287472780, 0x00007ab287472a38] Compiler: c1, Barriers: 2, Oops: 0, ImmediateOops: 0, NonImmediateOops: No
[1,239s][debug][gc,nmethod  ] Register NMethod: java.util.zip.ZipCoder$UTF8ZipCoder.checkedHash (0x00007ab287472a88) [0x00007ab287472b80, 0x00007ab287472f90] Compiler: c1, Barriers: 0, Oops: 0, ImmediateOops: 2, NonImmediateOops: No
[1,240s][debug][gc,nmethod  ] Register NMethod: java.util.zip.ZipFile$Source.checkAndAddEntry (0x00007ab287473008) [0x00007ab287473100, 0x00007ab287475400] Compiler: c1, Barriers: 3, Oops: 7, ImmediateOops: 8, NonImmediateOops: No
[1,240s][debug][gc,nmethod  ] Register NMethod: java.util.ArrayDeque.inc (0x00007ab287475488) [0x00007ab287475580, 0x00007ab287475698] Compiler: c1, Barriers: 0, Oops: 0, ImmediateOops: 0, NonImmediateOops: No
[1,241s][debug][gc,nmethod  ] Register NMethod: jdk.internal.misc.Unsafe.getShortUnaligned (0x00007ab2a6bff388) [0x00007ab2a6bff480, 0x00007ab2a6bff540] Compiler: jvmci, Barriers: 0, Oops: 0, ImmediateOops: 0, NonImmediateOops: No
[1,241s][debug][gc,nmethod  ] Register NMethod: java.util.zip.ZipUtils.get16 (0x00007ab2a6bff688) [0x00007ab2a6bff780, 0x00007ab2a6bff858] Compiler: jvmci, Barriers: 0, Oops: 0, ImmediateOops: 0, NonImmediateOops: No
[1,241s][debug][gc,nmethod  ] Register NMethod: java.util.Arrays.copyOf (0x00007ab287475788) [0x00007ab287475880, 0x00007ab287475c48] Compiler: c1, Barriers: 0, Oops: 0, ImmediateOops: 0, NonImmediateOops: No
[1,241s][debug][gc,nmethod  ] Register NMethod: java.lang.AbstractStringBuilder.isLatin1 (0x00007ab287475c88) [0x00007ab287475d80, 0x00007ab287475f40] Compiler: c1, Barriers: 0, Oops: 0, ImmediateOops: 0, NonImmediateOops: No
[1,241s][debug][gc,nmethod  ] Register NMethod: java.lang.AbstractStringBuilder.ensureCapacityNewCoder (0x00007ab287475f88) [0x00007ab287476080, 0x00007ab287476390] Compiler: c1, Barriers: 0, Oops: 0, ImmediateOops: 0, NonImmediateOops: No
[1,242s][debug][gc,director ] Rule Major: Warmup 10%, Used: 14MB, UsedThreshold: 1228MB
[1,242s][debug][gc,nmethod  ] Register NMethod: java.lang.StringBuilder.toString (0x00007ab287476408) [0x00007ab287476500, 0x00007ab287476938] Compiler: c1, Barriers: 0, Oops: 0, ImmediateOops: 1, NonImmediateOops: No
[1,242s][debug][gc,nmethod  ] Register NMethod: java.lang.AbstractStringBuilder.<init> (0x00007ab287476988) [0x00007ab287476a80, 0x00007ab287476d08] Compiler: c1, Barriers: 3, Oops: 0, ImmediateOops: 0, NonImmediateOops: No
[1,243s][debug][gc,nmethod  ] Register NMethod: java.lang.String.<init> (0x00007ab287476d88) [0x00007ab287476e80, 0x00007ab287477820] Compiler: c1, Barriers: 10, Oops: 0, ImmediateOops: 0, NonImmediateOops: No
[1,243s][debug][gc,nmethod  ] Register NMethod: java.lang.ref.Reference.reachabilityFence (0x00007ab287477888) [0x00007ab287477980, 0x00007ab287477a60] Compiler: c1, Barriers: 0, Oops: 0, ImmediateOops: 0, NonImmediateOops: No
[1,243s][debug][gc,nmethod  ] Register NMethod: java.io.RandomAccessFile.readBytes0 (0x00007ab2a6bff988) [0x00007ab2a6bffa80, 0x00007ab2a6bffbe8] Compiler: , Barriers: 0, Oops: 0, ImmediateOops: 0, NonImmediateOops: No
[1,243s][debug][gc,nmethod  ] Register NMethod: java.lang.StringCoding.countPositives (0x00007ab2a6bffc88) [0x00007ab2a6bffd80, 0x00007ab2a6bfffe8] Compiler: jvmci, Barriers: 0, Oops: 0, ImmediateOops: 0, NonImmediateOops: No
[1,244s][debug][gc,nmethod  ] Register NMethod: java.io.RandomAccessFile.seek0 (0x00007ab2a6c00008) [0x00007ab2a6c00100, 0x00007ab2a6c00248] Compiler: , Barriers: 0, Oops: 0, ImmediateOops: 0, NonImmediateOops: No
[1,244s][debug][gc,nmethod  ] Register NMethod: jdk.internal.util.ArraysSupport.newLength (0x00007ab287477b88) [0x00007ab287477c80, 0x00007ab287477eb8] Compiler: c1, Barriers: 0, Oops: 0, ImmediateOops: 0, NonImmediateOops: No
[1,244s][debug][gc,nmethod  ] Register NMethod: java.lang.String.endsWith (0x00007ab287477f08) [0x00007ab287478000, 0x00007ab287478c30] Compiler: c1, Barriers: 2, Oops: 0, ImmediateOops: 0, NonImmediateOops: No
[1,245s][debug][gc,nmethod  ] Register NMethod: jdk.internal.misc.Unsafe.getIntUnaligned (0x00007ab2a6c00308) [0x00007ab2a6c00400, 0x00007ab2a6c004c0] Compiler: jvmci, Barriers: 0, Oops: 0, ImmediateOops: 0, NonImmediateOops: No
[1,246s][debug][gc,nmethod  ] Register NMethod: java.util.zip.ZipUtils.get32 (0x00007ab2a6c00608) [0x00007ab2a6c00700, 0x00007ab2a6c007d0] Compiler: jvmci, Barriers: 0, Oops: 0, ImmediateOops: 0, NonImmediateOops: No
[1,247s][debug][gc,nmethod  ] Register NMethod: java.util.ArrayList.elementData (0x00007ab287478c88) [0x00007ab287478d80, 0x00007ab287478f10] Compiler: c1, Barriers: 2, Oops: 0, ImmediateOops: 0, NonImmediateOops: No
[1,247s][debug][gc,nmethod  ] Register NMethod: java.lang.StringBuilder.<init> (0x00007ab287478f88) [0x00007ab287479080, 0x00007ab2874791b8] Compiler: c1, Barriers: 0, Oops: 0, ImmediateOops: 0, NonImmediateOops: No
[1,247s][debug][gc,nmethod  ] Register NMethod: java.util.Objects.checkIndex (0x00007ab287479288) [0x00007ab287479380, 0x00007ab2874794b0] Compiler: c1, Barriers: 0, Oops: 0, ImmediateOops: 0, NonImmediateOops: No
[1,247s][debug][gc,nmethod  ] Register NMethod: java.util.ArrayList.get (0x00007ab287479588) [0x00007ab287479680, 0x00007ab287479928] Compiler: c1, Barriers: 2, Oops: 0, ImmediateOops: 0, NonImmediateOops: No
[1,247s][debug][gc,nmethod  ] Register NMethod: java.lang.String.coder (0x00007ab2a6c00908) [0x00007ab2a6c00a00, 0x00007ab2a6c00a88] Compiler: jvmci, Barriers: 0, Oops: 0, ImmediateOops: 0, NonImmediateOops: No
[1,247s][debug][gc,nmethod  ] Register NMethod: java.util.Objects.checkFromIndexSize (0x00007ab287479988) [0x00007ab287479a80, 0x00007ab287479c78] Compiler: c1, Barriers: 0, Oops: 0, ImmediateOops: 0, NonImmediateOops: No
[1,248s][debug][gc,nmethod  ] Register NMethod: java.util.zip.ZipFile$Source.getEntryHash (0x00007ab287479c88) [0x00007ab287479d80, 0x00007ab287479ed8] Compiler: c1, Barriers: 1, Oops: 0, ImmediateOops: 0, NonImmediateOops: No
[1,248s][debug][gc,nmethod  ] Register NMethod: java.util.zip.ZipFile$Source.getEntryNext (0x00007ab287479f88) [0x00007ab28747a080, 0x00007ab28747a1d8] Compiler: c1, Barriers: 1, Oops: 0, ImmediateOops: 0, NonImmediateOops: No
[1,248s][debug][gc,nmethod  ] Register NMethod: java.lang.StringCoding.countPositives (0x00007ab2a6c00c08) [0x00007ab2a6c00d00, 0x00007ab2a6c01088] Compiler: jvmci, Barriers: 0, Oops: 0, ImmediateOops: 0, NonImmediateOops: No
[1,248s][debug][gc,nmethod  ] Register NMethod: java.util.zip.ZipFile.ensureOpen (0x00007ab28747a288) [0x00007ab28747a380, 0x00007ab28747a650] Compiler: c1, Barriers: 2, Oops: 0, ImmediateOops: 2, NonImmediateOops: No
[1,248s][debug][gc,nmethod  ] Register NMethod: java.io.UnixFileSystem.prefixLength (0x00007ab28747a688) [0x00007ab28747a780, 0x00007ab28747ad18] Compiler: c1, Barriers: 0, Oops: 1, ImmediateOops: 1, NonImmediateOops: No
[1,249s][debug][gc,nmethod  ] Register NMethod: jdk.internal.ref.CleanerImpl.getCleanerImpl (0x00007ab28747ad88) [0x00007ab28747ae80, 0x00007ab28747b3b8] Compiler: c1, Barriers: 1, Oops: 0, ImmediateOops: 1, NonImmediateOops: No
[1,249s][debug][gc,nmethod  ] Register NMethod: java.lang.ref.Cleaner$1.apply (0x00007ab28747b408) [0x00007ab28747b500, 0x00007ab28747b630] Compiler: c1, Barriers: 1, Oops: 0, ImmediateOops: 0, NonImmediateOops: No
[1,249s][debug][gc,nmethod  ] Register NMethod: java.lang.ref.Cleaner$1.apply (0x00007ab28747b708) [0x00007ab28747b800, 0x00007ab28747bbb0] Compiler: c1, Barriers: 1, Oops: 0, ImmediateOops: 0, NonImmediateOops: No
[1,249s][debug][gc,nmethod  ] Register NMethod: java.net.URL.getFile (0x00007ab2a6c01108) [0x00007ab2a6c01200, 0x00007ab2a6c012e8] Compiler: c1, Barriers: 1, Oops: 0, ImmediateOops: 0, NonImmediateOops: No
[1,249s][debug][gc,nmethod  ] Register NMethod: java.util.HashMap.putVal (0x00007ab28747bc08) [0x00007ab28747bd00, 0x00007ab28747e090] Compiler: c1, Barriers: 15, Oops: 0, ImmediateOops: 0, NonImmediateOops: No
[1,249s][debug][gc,nmethod  ] Register NMethod: java.lang.Class.getComponentType (0x00007ab2a6c01408) [0x00007ab2a6c01500, 0x00007ab2a6c015e8] Compiler: c1, Barriers: 1, Oops: 0, ImmediateOops: 0, NonImmediateOops: No
[1,250s][debug][gc,nmethod  ] Register NMethod: java.lang.ref.Reference.refersTo0 (0x00007ab2a6c01708) [0x00007ab2a6c01800, 0x00007ab2a6c01970] Compiler: , Barriers: 0, Oops: 0, ImmediateOops: 0, NonImmediateOops: No
[1,250s][debug][gc,nmethod  ] Register NMethod: java.lang.invoke.MethodHandleNatives.resolve (0x00007ab2a6c01a08) [0x00007ab2a6c01b00, 0x00007ab2a6c01e50] Compiler: , Barriers: 0, Oops: 0, ImmediateOops: 1, NonImmediateOops: No
[1,251s][debug][gc,nmethod  ] Register NMethod: java.lang.ref.WeakReference.<init> (0x00007ab28747e108) [0x00007ab28747e200, 0x00007ab28747e4f0] Compiler: c1, Barriers: 6, Oops: 0, ImmediateOops: 1, NonImmediateOops: No
[1,251s][debug][gc,nmethod  ] Register NMethod: java.lang.invoke.MethodHandle.linkToStatic (0x00007ab2a6c01e88) [0x00007ab2a6c01f80, 0x00007ab2a6c02070] Compiler: , Barriers: 0, Oops: 0, ImmediateOops: 0, NonImmediateOops: No
[1,251s][debug][gc,nmethod  ] Register NMethod: java.lang.invoke.MethodHandles$Lookup.lookupClass (0x00007ab2a6c02188) [0x00007ab2a6c02280, 0x00007ab2a6c02368] Compiler: c1, Barriers: 1, Oops: 0, ImmediateOops: 0, NonImmediateOops: No
[1,251s][debug][gc,nmethod  ] Register NMethod: java.lang.invoke.MethodTypeForm.erasedType (0x00007ab2a6c02488) [0x00007ab2a6c02580, 0x00007ab2a6c02668] Compiler: c1, Barriers: 1, Oops: 0, ImmediateOops: 0, NonImmediateOops: No
[1,251s][debug][gc,nmethod  ] Register NMethod: java.lang.invoke.MethodHandle.invokeBasic (0x00007ab2a6c02788) [0x00007ab2a6c02880, 0x00007ab2a6c02b18] Compiler: , Barriers: 0, Oops: 0, ImmediateOops: 0, NonImmediateOops: No
[1,251s][debug][gc,nmethod  ] Register NMethod: java.lang.invoke.MemberName.getReferenceKind (0x00007ab28747e508) [0x00007ab28747e600, 0x00007ab28747e710] Compiler: c1, Barriers: 0, Oops: 0, ImmediateOops: 0, NonImmediateOops: No
[1,251s][debug][gc,nmethod  ] Register NMethod: java.lang.Class.isAssignableFrom (0x00007ab2a6c02b88) [0x00007ab2a6c02c80, 0x00007ab2a6c02df0] Compiler: , Barriers: 0, Oops: 0, ImmediateOops: 0, NonImmediateOops: No
[1,251s][debug][gc,nmethod  ] Register NMethod: jdk.internal.classfile.impl.AbstractPoolEntry.hash2 (0x00007ab28747e808) [0x00007ab28747e900, 0x00007ab28747ea00] Compiler: c1, Barriers: 0, Oops: 0, ImmediateOops: 0, NonImmediateOops: No
[1,251s][debug][gc,nmethod  ] Register NMethod: java.util.Arrays.copyOf (0x00007ab28747eb08) [0x00007ab28747ec00, 0x00007ab28747f480] Compiler: c1, Barriers: 1, Oops: 0, ImmediateOops: 1, NonImmediateOops: No
[1,251s][debug][gc,nmethod  ] Register NMethod: java.lang.invoke.MethodHandle.type (0x00007ab2a6c02e88) [0x00007ab2a6c02f80, 0x00007ab2a6c03068] Compiler: c1, Barriers: 1, Oops: 0, ImmediateOops: 0, NonImmediateOops: No
[1,251s][debug][gc,nmethod  ] Register NMethod: jdk.internal.classfile.impl.AbstractPoolEntry.hashCode (0x00007ab2a6c03188) [0x00007ab2a6c03280, 0x00007ab2a6c03340] Compiler: c1, Barriers: 0, Oops: 0, ImmediateOops: 0, NonImmediateOops: No
[1,252s][debug][gc,nmethod  ] Register NMethod: jdk.internal.classfile.impl.RawBytecodeHelper.isStoreIntoLocal (0x00007ab28747f488) [0x00007ab28747f580, 0x00007ab28747f6d8] Compiler: c1, Barriers: 0, Oops: 0, ImmediateOops: 0, NonImmediateOops: No
[1,252s][debug][gc,nmethod  ] Register NMethod: java.lang.AbstractStringBuilder.newCapacity (0x00007ab28747f788) [0x00007ab28747f880, 0x00007ab28747fc18] Compiler: c1, Barriers: 0, Oops: 0, ImmediateOops: 1, NonImmediateOops: No
[1,252s][debug][gc,nmethod  ] Register NMethod: java.lang.System.nanoTime (0x00007ab2a6c03488) [0x00007ab2a6c03580, 0x00007ab2a6c036d8] Compiler: , Barriers: 0, Oops: 0, ImmediateOops: 1, NonImmediateOops: No
[1,252s][debug][gc,director ] Rule Major: Warmup 10%, Used: 14MB, UsedThreshold: 1228MB
[1,253s][debug][gc,nmethod  ] Register NMethod: java.lang.ClassLoader.findLoadedClass0 (0x00007ab2a6c03788) [0x00007ab2a6c03880, 0x00007ab2a6c03bb0] Compiler: , Barriers: 0, Oops: 0, ImmediateOops: 0, NonImmediateOops: No
[1,253s][debug][gc,nmethod  ] Register NMethod: java.io.RandomAccessFile.readBytes (0x00007ab28747fc88) [0x00007ab28747fd80, 0x00007ab28747ffd8] Compiler: c1, Barriers: 0, Oops: 0, ImmediateOops: 1, NonImmediateOops: No
[1,253s][debug][gc,nmethod  ] Register NMethod: java.io.RandomAccessFile.read (0x00007ab287480008) [0x00007ab287480100, 0x00007ab2874803b8] Compiler: c1, Barriers: 0, Oops: 0, ImmediateOops: 1, NonImmediateOops: No
[1,253s][debug][gc,nmethod  ] Register NMethod: java.security.ProtectionDomain.getCodeSource (0x00007ab2a6c03c08) [0x00007ab2a6c03d00, 0x00007ab2a6c03de8] Compiler: c1, Barriers: 1, Oops: 0, ImmediateOops: 0, NonImmediateOops: No
[1,253s][debug][gc,nmethod  ] Register NMethod: jdk.internal.loader.URLClassPath$JarLoader.ensureOpen (0x00007ab287480408) [0x00007ab287480500, 0x00007ab287480768] Compiler: c1, Barriers: 5, Oops: 0, ImmediateOops: 0, NonImmediateOops: No
[1,253s][debug][gc,nmethod  ] Register NMethod: java.lang.ClassLoader.checkName (0x00007ab287480788) [0x00007ab287480880, 0x00007ab2874815c8] Compiler: c1, Barriers: 3, Oops: 1, ImmediateOops: 1, NonImmediateOops: No
[1,254s][debug][gc,nmethod  ] Register NMethod: java.io.RandomAccessFile.seek (0x00007ab287481608) [0x00007ab287481700, 0x00007ab287481948] Compiler: c1, Barriers: 0, Oops: 0, ImmediateOops: 1, NonImmediateOops: No
[1,254s][debug][gc,nmethod  ] Register NMethod: java.io.UnixFileSystem.getBooleanAttributes0 (0x00007ab2a6c03f08) [0x00007ab2a6c04000, 0x00007ab2a6c04168] Compiler: , Barriers: 0, Oops: 0, ImmediateOops: 0, NonImmediateOops: No
[1,254s][debug][gc,nmethod  ] Register NMethod: java.lang.Integer.intValue (0x00007ab2a6c04208) [0x00007ab2a6c04300, 0x00007ab2a6c043c0] Compiler: c1, Barriers: 0, Oops: 0, ImmediateOops: 0, NonImmediateOops: No
[1,254s][debug][gc,nmethod  ] Register NMethod: java.util.jar.JarFile.checkForSpecialAttributes (0x00007ab287481988) [0x00007ab287481a80, 0x00007ab287482fe8] Compiler: c1, Barriers: 10, Oops: 1, ImmediateOops: 8, NonImmediateOops: No
[1,254s][debug][gc,nmethod  ] Register NMethod: java.util.zip.ZipFile$Source.getEntryPos (0x00007ab287483008) [0x00007ab287483100, 0x00007ab287484da8] Compiler: c1, Barriers: 12, Oops: 1, ImmediateOops: 3, NonImmediateOops: No
[1,255s][debug][gc,nmethod  ] Register NMethod: java.util.jar.JarFile.checkForSpecialAttributes (0x00007ab287481988) [0x00007ab287481a80, 0x00007ab287482fe8] Compiler: c1, Barriers: 10, Oops: 1, ImmediateOops: 8, NonImmediateOops: No
[1,255s][debug][gc,nmethod  ] Register NMethod: java.util.jar.JarFile.checkForSpecialAttributes (0x00007ab287481988) [0x00007ab287481a80, 0x00007ab287482fe8] Compiler: c1, Barriers: 10, Oops: 1, ImmediateOops: 8, NonImmediateOops: No
[1,255s][debug][gc,nmethod  ] Register NMethod: java.util.jar.JarFile.checkForSpecialAttributes (0x00007ab287481988) [0x00007ab287481a80, 0x00007ab287482fe8] Compiler: c1, Barriers: 10, Oops: 1, ImmediateOops: 8, NonImmediateOops: No
[1,256s][debug][gc,nmethod  ] Register NMethod: java.util.jar.JarFile.isMultiRelease (0x00007ab287484e08) [0x00007ab287484f00, 0x00007ab2874850f8] Compiler: c1, Barriers: 0, Oops: 0, ImmediateOops: 0, NonImmediateOops: No
[1,256s][debug][gc,nmethod  ] Register NMethod: java.util.LinkedHashMap.removeEldestEntry (0x00007ab2a6c04508) [0x00007ab2a6c04600, 0x00007ab2a6c046c0] Compiler: c1, Barriers: 0, Oops: 0, ImmediateOops: 0, NonImmediateOops: No
[1,256s][debug][gc,nmethod  ] Register NMethod: java.util.jar.Attributes$Name.hashCode (0x00007ab2a6c04808) [0x00007ab2a6c04900, 0x00007ab2a6c049c0] Compiler: c1, Barriers: 0, Oops: 0, ImmediateOops: 0, NonImmediateOops: No
[1,256s][debug][gc,nmethod  ] Register NMethod: jdk.internal.misc.Unsafe.putLong (0x00007ab2a6c04b08) [0x00007ab2a6c04c00, 0x00007ab2a6c04d58] Compiler: , Barriers: 0, Oops: 0, ImmediateOops: 0, NonImmediateOops: No
[1,256s][debug][gc,nmethod  ] Register NMethod: java.util.jar.Manifest$FastInputStream.readLine (0x00007ab287485108) [0x00007ab287485200, 0x00007ab287485a58] Compiler: c1, Barriers: 1, Oops: 0, ImmediateOops: 0, NonImmediateOops: No
[1,256s][debug][gc,nmethod  ] Register NMethod: java.util.zip.ZipFile.getEntry (0x00007ab287485a88) [0x00007ab287485b80, 0x00007ab287486148] Compiler: c1, Barriers: 4, Oops: 1, ImmediateOops: 1, NonImmediateOops: No
[1,256s][debug][gc,nmethod  ] Register NMethod: java.nio.Buffer.session (0x00007ab287486188) [0x00007ab287486280, 0x00007ab287486688] Compiler: c1, Barriers: 1, Oops: 0, ImmediateOops: 0, NonImmediateOops: No
[1,257s][debug][gc,nmethod  ] Register NMethod: java.util.zip.ZipCoder.hash (0x00007ab287486708) [0x00007ab287486800, 0x00007ab287487638] Compiler: c1, Barriers: 1, Oops: 1, ImmediateOops: 1, NonImmediateOops: No
[1,257s][debug][gc,nmethod  ] Register NMethod: java.nio.Buffer.checkIndex (0x00007ab287487688) [0x00007ab287487780, 0x00007ab2874878d0] Compiler: c1, Barriers: 0, Oops: 1, ImmediateOops: 1, NonImmediateOops: No
[1,257s][debug][gc,nmethod  ] Register NMethod: java.nio.DirectLongBufferU.ix (0x00007ab287487988) [0x00007ab287487a80, 0x00007ab287487b90] Compiler: c1, Barriers: 0, Oops: 0, ImmediateOops: 0, NonImmediateOops: No
[1,257s][debug][gc,nmethod  ] Register NMethod: java.util.jar.JarFile.getJarEntry (0x00007ab287487c88) [0x00007ab287487d80, 0x00007ab287488628] Compiler: c1, Barriers: 0, Oops: 0, ImmediateOops: 0, NonImmediateOops: No
[1,257s][debug][gc,nmethod  ] Register NMethod: jdk.internal.loader.URLClassPath$JarLoader.getResource (0x00007ab287488688) [0x00007ab287488780, 0x00007ab287488d60] Compiler: c1, Barriers: 1, Oops: 0, ImmediateOops: 0, NonImmediateOops: No
[1,257s][debug][gc,nmethod  ] Register NMethod: java.util.jar.JarFile.getEntry (0x00007ab287488d88) [0x00007ab287488e80, 0x00007ab2874895c8] Compiler: c1, Barriers: 0, Oops: 0, ImmediateOops: 0, NonImmediateOops: No
[1,257s][debug][gc,nmethod  ] Register NMethod: java.util.WeakHashMap.maskNull (0x00007ab287489608) [0x00007ab287489700, 0x00007ab287489828] Compiler: c1, Barriers: 0, Oops: 0, ImmediateOops: 1, NonImmediateOops: No
[1,257s][debug][gc,nmethod  ] Register NMethod: java.util.WeakHashMap.hash (0x00007ab287489908) [0x00007ab287489a00, 0x00007ab287489d28] Compiler: c1, Barriers: 0, Oops: 0, ImmediateOops: 0, NonImmediateOops: No
[1,257s][debug][gc,nmethod  ] Register NMethod: java.util.WeakHashMap.getTable (0x00007ab287489d88) [0x00007ab287489e80, 0x00007ab287489ff8] Compiler: c1, Barriers: 1, Oops: 0, ImmediateOops: 0, NonImmediateOops: No
[1,257s][debug][gc,nmethod  ] Register NMethod: jdk.internal.loader.URLClassPath.getLoader (0x00007ab28748a088) [0x00007ab28748a180, 0x00007ab28748c048] Compiler: c1, Barriers: 12, Oops: 0, ImmediateOops: 0, NonImmediateOops: No
[1,257s][debug][gc,nmethod  ] Register NMethod: java.util.WeakHashMap.indexFor (0x00007ab28748c088) [0x00007ab28748c180, 0x00007ab28748c268] Compiler: c1, Barriers: 0, Oops: 0, ImmediateOops: 0, NonImmediateOops: No
[1,258s][debug][gc,nmethod  ] Register NMethod: java.lang.Class.getModule (0x00007ab2a6c04e08) [0x00007ab2a6c04f00, 0x00007ab2a6c04fe8] Compiler: c1, Barriers: 1, Oops: 0, ImmediateOops: 0, NonImmediateOops: No
[1,258s][debug][gc,nmethod  ] Register NMethod: java.util.WeakHashMap.expungeStaleEntries (0x00007ab28748c388) [0x00007ab28748c480, 0x00007ab28748d218] Compiler: c1, Barriers: 14, Oops: 0, ImmediateOops: 0, NonImmediateOops: No
[1,258s][debug][gc,nmethod  ] Register NMethod: java.lang.Class.getPackageName (0x00007ab28748d288) [0x00007ab28748d380, 0x00007ab28748f588] Compiler: c1, Barriers: 8, Oops: 0, ImmediateOops: 2, NonImmediateOops: No
[1,259s][debug][gc,nmethod  ] Register NMethod: java.util.zip.Inflater.inflateBytesBytes (0x00007ab2a6c05108) [0x00007ab2a6c05200, 0x00007ab2a6c05398] Compiler: , Barriers: 0, Oops: 0, ImmediateOops: 0, NonImmediateOops: No
[1,259s][debug][gc,nmethod  ] Register NMethod: java.lang.ClassLoader.findBootstrapClass (0x00007ab2a6c05408) [0x00007ab2a6c05500, 0x00007ab2a6c05838] Compiler: , Barriers: 0, Oops: 0, ImmediateOops: 1, NonImmediateOops: No
[1,259s][debug][gc,nmethod  ] Register NMethod: java.lang.StringLatin1.coderFromChar (0x00007ab28748f608) [0x00007ab28748f700, 0x00007ab28748f7f0] Compiler: c1, Barriers: 0, Oops: 0, ImmediateOops: 0, NonImmediateOops: No
[1,259s][debug][gc,nmethod  ] Register NMethod: java.lang.StringBuilder.append (0x00007ab28748f908) [0x00007ab28748fa00, 0x00007ab28748fb48] Compiler: c1, Barriers: 0, Oops: 0, ImmediateOops: 0, NonImmediateOops: No
[1,259s][debug][gc,nmethod  ] Register NMethod: java.security.CodeSource.getLocationNoFragString (0x00007ab2a6c05888) [0x00007ab2a6c05980, 0x00007ab2a6c05a68] Compiler: c1, Barriers: 1, Oops: 0, ImmediateOops: 0, NonImmediateOops: No
[1,259s][debug][gc,nmethod  ] Register NMethod: java.lang.AbstractStringBuilder.append (0x00007ab28748fc08) [0x00007ab28748fd00, 0x00007ab2874901b8] Compiler: c1, Barriers: 4, Oops: 0, ImmediateOops: 0, NonImmediateOops: No
[1,260s][debug][gc,nmethod  ] Register NMethod: java.lang.Module.getDescriptor (0x00007ab2a6c05b88) [0x00007ab2a6c05c80, 0x00007ab2a6c05d68] Compiler: c1, Barriers: 1, Oops: 0, ImmediateOops: 0, NonImmediateOops: No
[1,261s][debug][gc,nmethod  ] Register NMethod: java.util.AbstractList.<init> (0x00007ab287490208) [0x00007ab287490300, 0x00007ab2874904c0] Compiler: c1, Barriers: 0, Oops: 0, ImmediateOops: 0, NonImmediateOops: No
[1,261s][debug][gc,nmethod  ] Register NMethod: java.util.concurrent.CopyOnWriteArrayList.setArray (0x00007ab2a6c05e88) [0x00007ab2a6c05f80, 0x00007ab2a6c060b0] Compiler: c1, Barriers: 3, Oops: 0, ImmediateOops: 0, NonImmediateOops: No
[1,261s][debug][gc,nmethod  ] Register NMethod: java.lang.module.ModuleDescriptor$Provides.providers (0x00007ab2a6c06188) [0x00007ab2a6c06280, 0x00007ab2a6c06368] Compiler: c1, Barriers: 1, Oops: 0, ImmediateOops: 0, NonImmediateOops: No
[1,261s][debug][gc,nmethod  ] Register NMethod: java.lang.Class.initClassName (0x00007ab2a6c06488) [0x00007ab2a6c06580, 0x00007ab2a6c068a0] Compiler: , Barriers: 0, Oops: 0, ImmediateOops: 0, NonImmediateOops: No
[1,262s][debug][gc,director ] Rule Major: Warmup 10%, Used: 16MB, UsedThreshold: 1228MB
[1,263s][debug][gc,nmethod  ] Register NMethod: jdk.internal.classfile.impl.StackMapGenerator.processBlock (0x00007ab287490508) [0x00007ab287490600, 0x00007ab2874bf8c8] Compiler: c1, Barriers: 287, Oops: 4, ImmediateOops: 158, NonImmediateOops: No
[1,263s][debug][gc,nmethod  ] Register NMethod: java.io.File.isInvalid (0x00007ab2874bf908) [0x00007ab2874bfa00, 0x00007ab2874bffb0] Compiler: c1, Barriers: 5, Oops: 0, ImmediateOops: 4, NonImmediateOops: No
[1,264s][debug][gc,nmethod  ] Register NMethod: java.nio.DirectByteBuffer.ix (0x00007ab2874c0008) [0x00007ab2874c0100, 0x00007ab2874c0208] Compiler: c1, Barriers: 0, Oops: 0, ImmediateOops: 0, NonImmediateOops: No
[1,264s][debug][gc,nmethod  ] Register NMethod: java.nio.DirectByteBuffer.get (0x00007ab2874c0308) [0x00007ab2874c0400, 0x00007ab2874c1200] Compiler: c1, Barriers: 1, Oops: 2, ImmediateOops: 2, NonImmediateOops: No
[1,265s][debug][gc,nmethod  ] Register NMethod: jdk.internal.misc.ScopedMemoryAccess.getByte (0x00007ab2874c1288) [0x00007ab2874c1380, 0x00007ab2874c1698] Compiler: c1, Barriers: 0, Oops: 0, ImmediateOops: 0, NonImmediateOops: No
[1,265s][debug][gc,nmethod  ] Register NMethod: jdk.internal.misc.ScopedMemoryAccess.getByteInternal (0x00007ab2874c1708) [0x00007ab2874c1800, 0x00007ab2874c1a50] Compiler: c1, Barriers: 0, Oops: 0, ImmediateOops: 0, NonImmediateOops: No
[1,265s][debug][gc,nmethod  ] Register NMethod: java.lang.ref.Reference.reachabilityFence (0x00007ab2a6c06908) [0x00007ab2a6c06a00, 0x00007ab2a6c06a60] Compiler: jvmci, Barriers: 0, Oops: 0, ImmediateOops: 0, NonImmediateOops: No
[1,265s][debug][gc,nmethod  ] Register NMethod: java.util.concurrent.ConcurrentHashMap.tabAt (0x00007ab2a6c06c08) [0x00007ab2a6c06d00, 0x00007ab2a6c06d98] Compiler: jvmci, Barriers: 1, Oops: 0, ImmediateOops: 0, NonImmediateOops: No
[1,266s][debug][gc,nmethod  ] Register NMethod: java.lang.invoke.LambdaForm$Name.<init> (0x00007ab2874c1a88) [0x00007ab2874c1b80, 0x00007ab2874c1ee8] Compiler: c1, Barriers: 12, Oops: 0, ImmediateOops: 0, NonImmediateOops: No
[1,266s][debug][gc,nmethod  ] Register NMethod: jdk.internal.constant.MethodTypeDescImpl.parameterCount (0x00007ab2874c1f08) [0x00007ab2874c2000, 0x00007ab2874c2138] Compiler: c1, Barriers: 1, Oops: 0, ImmediateOops: 0, NonImmediateOops: No
[1,266s][debug][gc,nmethod  ] Register NMethod: java.lang.Class.desiredAssertionStatus0 (0x00007ab2a6c06f08) [0x00007ab2a6c07000, 0x00007ab2a6c07170] Compiler: , Barriers: 0, Oops: 0, ImmediateOops: 1, NonImmediateOops: No
[1,270s][debug][gc,nmethod  ] Register NMethod: java.io.RandomAccessFile.readFully (0x00007ab2874c2208) [0x00007ab2874c2300, 0x00007ab2874c27d8] Compiler: c1, Barriers: 0, Oops: 0, ImmediateOops: 1, NonImmediateOops: No
[1,270s][debug][gc,nmethod  ] Register NMethod: jdk.internal.misc.Unsafe.compareAndSetInt (0x00007ab2a6c07208) [0x00007ab2a6c07300, 0x00007ab2a6c07470] Compiler: , Barriers: 0, Oops: 0, ImmediateOops: 0, NonImmediateOops: No
[1,271s][debug][gc,nmethod  ] Register NMethod: java.util.jar.JarFile.getJarEntry (0x00007ab2874c2808) [0x00007ab2874c2900, 0x00007ab2874c2e00] Compiler: c1, Barriers: 0, Oops: 0, ImmediateOops: 0, NonImmediateOops: No
[1,271s][debug][gc,nmethod  ] Register NMethod: java.util.jar.JarFile.getEntry (0x00007ab2874c2e08) [0x00007ab2874c2f00, 0x00007ab2874c3648] Compiler: c1, Barriers: 0, Oops: 0, ImmediateOops: 0, NonImmediateOops: No
[1,271s][debug][gc,nmethod  ] Register NMethod: java.net.URL.getRef (0x00007ab2a6c07508) [0x00007ab2a6c07600, 0x00007ab2a6c076e8] Compiler: c1, Barriers: 1, Oops: 0, ImmediateOops: 0, NonImmediateOops: No
[1,271s][debug][gc,nmethod  ] Register NMethod: jdk.internal.loader.URLClassPath$JarLoader.getResource (0x00007ab2874c3688) [0x00007ab2874c3780, 0x00007ab2874c40b0] Compiler: c1, Barriers: 1, Oops: 0, ImmediateOops: 0, NonImmediateOops: No
[1,271s][debug][gc,nmethod  ] Register NMethod: java.net.URL.getPath (0x00007ab2a6c07808) [0x00007ab2a6c07900, 0x00007ab2a6c079e8] Compiler: c1, Barriers: 1, Oops: 0, ImmediateOops: 0, NonImmediateOops: No
[1,271s][debug][gc,nmethod  ] Register NMethod: jdk.internal.util.ArraysSupport.hashCodeOfUnsigned (0x00007ab2a6c07b08) [0x00007ab2a6c07c00, 0x00007ab2a6c07d30] Compiler: jvmci, Barriers: 0, Oops: 0, ImmediateOops: 0, NonImmediateOops: No
[1,271s][debug][gc,nmethod  ] Register NMethod: java.lang.StringLatin1.indexOf (0x00007ab2874c4108) [0x00007ab2874c4200, 0x00007ab2874c4440] Compiler: c1, Barriers: 0, Oops: 0, ImmediateOops: 0, NonImmediateOops: No
[1,271s][debug][gc,nmethod  ] Register NMethod: java.net.URL.getPort (0x00007ab2a6c07e08) [0x00007ab2a6c07f00, 0x00007ab2a6c07fc0] Compiler: c1, Barriers: 0, Oops: 0, ImmediateOops: 0, NonImmediateOops: No
[1,271s][debug][gc,nmethod  ] Register NMethod: java.net.URL.getQuery (0x00007ab2a6c08108) [0x00007ab2a6c08200, 0x00007ab2a6c082e8] Compiler: c1, Barriers: 1, Oops: 0, ImmediateOops: 0, NonImmediateOops: No
[1,271s][debug][gc,nmethod  ] Register NMethod: java.net.URL.getAuthority (0x00007ab2a6c08408) [0x00007ab2a6c08500, 0x00007ab2a6c085e8] Compiler: c1, Barriers: 1, Oops: 0, ImmediateOops: 0, NonImmediateOops: No
[1,271s][debug][gc,nmethod  ] Register NMethod: java.lang.CharacterDataLatin1.equalsIgnoreCase (0x00007ab2874c4488) [0x00007ab2874c4580, 0x00007ab2874c4818] Compiler: c1, Barriers: 0, Oops: 0, ImmediateOops: 0, NonImmediateOops: No
[1,272s][debug][gc,nmethod  ] Register NMethod: java.util.zip.Inflater.ensureOpen (0x00007ab2874c4888) [0x00007ab2874c4980, 0x00007ab2874c4c08] Compiler: c1, Barriers: 1, Oops: 0, ImmediateOops: 1, NonImmediateOops: No
[1,272s][debug][gc,nmethod  ] Register NMethod: java.lang.StringLatin1.regionMatchesCI (0x00007ab2874c4c88) [0x00007ab2874c4d80, 0x00007ab2874c5020] Compiler: c1, Barriers: 0, Oops: 0, ImmediateOops: 0, NonImmediateOops: No
[1,272s][debug][gc,nmethod  ] Register NMethod: java.util.jar.JarFile.checkForSpecialAttributes (0x00007ab2874c5088) [0x00007ab2874c5180, 0x00007ab2874c6760] Compiler: c1, Barriers: 13, Oops: 1, ImmediateOops: 8, NonImmediateOops: No
[1,272s][debug][gc,nmethod  ] Register NMethod: java.lang.String.regionMatches (0x00007ab2874c6788) [0x00007ab2874c6880, 0x00007ab2874c7c78] Compiler: c1, Barriers: 2, Oops: 0, ImmediateOops: 0, NonImmediateOops: No
[1,272s][debug][gc,nmethod  ] Register NMethod: java.util.zip.ZipFile$Source.readFullyAt (0x00007ab2874c7c88) [0x00007ab2874c7d80, 0x00007ab2874c8618] Compiler: c1, Barriers: 3, Oops: 0, ImmediateOops: 1, NonImmediateOops: No
[1,272s][debug][gc,nmethod  ] Register NMethod: java.lang.ClassLoader.findLoadedClass (0x00007ab2874c8688) [0x00007ab2874c8780, 0x00007ab2874c8950] Compiler: c1, Barriers: 0, Oops: 0, ImmediateOops: 0, NonImmediateOops: No
[1,273s][debug][gc,nmethod  ] Register NMethod: java.lang.ClassLoader.getClassLoadingLock (0x00007ab2874c8988) [0x00007ab2874c8a80, 0x00007ab2874c8f50] Compiler: c1, Barriers: 1, Oops: 0, ImmediateOops: 0, NonImmediateOops: No
[1,273s][debug][gc,director ] Rule Major: Warmup 10%, Used: 16MB, UsedThreshold: 1228MB
[1,273s][debug][gc,nmethod  ] Register NMethod: java.security.CodeSource.getLocation (0x00007ab2a6c08708) [0x00007ab2a6c08800, 0x00007ab2a6c088e8] Compiler: c1, Barriers: 1, Oops: 0, ImmediateOops: 0, NonImmediateOops: No
[1,273s][debug][gc,nmethod  ] Register NMethod: jdk.internal.perf.PerfCounter.get (0x00007ab2874c8f88) [0x00007ab2874c9080, 0x00007ab2874c9350] Compiler: c1, Barriers: 1, Oops: 0, ImmediateOops: 0, NonImmediateOops: No
[1,273s][debug][gc,nmethod  ] Register NMethod: jdk.internal.perf.PerfCounter.add (0x00007ab2874c9388) [0x00007ab2874c9480, 0x00007ab2874c99e0] Compiler: c1, Barriers: 2, Oops: 0, ImmediateOops: 0, NonImmediateOops: No
[1,273s][debug][gc,nmethod  ] Register NMethod: jdk.internal.misc.ScopedMemoryAccess.getLong (0x00007ab2874c9a08) [0x00007ab2874c9b00, 0x00007ab2874c9e10] Compiler: c1, Barriers: 0, Oops: 0, ImmediateOops: 0, NonImmediateOops: No
[1,273s][debug][gc,nmethod  ] Register NMethod: jdk.internal.misc.ScopedMemoryAccess.getLongInternal (0x00007ab2874c9e88) [0x00007ab2874c9f80, 0x00007ab2874ca1d0] Compiler: c1, Barriers: 0, Oops: 0, ImmediateOops: 0, NonImmediateOops: No
[1,273s][debug][gc,nmethod  ] Register NMethod: jdk.internal.misc.ScopedMemoryAccess.putLong (0x00007ab2874ca208) [0x00007ab2874ca300, 0x00007ab2874ca650] Compiler: c1, Barriers: 0, Oops: 0, ImmediateOops: 0, NonImmediateOops: No
[1,273s][debug][gc,nmethod  ] Register NMethod: jdk.internal.misc.ScopedMemoryAccess.putLongInternal (0x00007ab2874ca688) [0x00007ab2874ca780, 0x00007ab2874ca9e0] Compiler: c1, Barriers: 0, Oops: 0, ImmediateOops: 0, NonImmediateOops: No
[1,274s][debug][gc,nmethod  ] Register NMethod: java.nio.DirectLongBufferU.get (0x00007ab2874caa08) [0x00007ab2874cab00, 0x00007ab2874cb8f0] Compiler: c1, Barriers: 1, Oops: 2, ImmediateOops: 2, NonImmediateOops: No
[1,274s][debug][gc,nmethod  ] Register NMethod: java.nio.DirectLongBufferU.put (0x00007ab2874cb908) [0x00007ab2874cba00, 0x00007ab2874cc840] Compiler: c1, Barriers: 1, Oops: 2, ImmediateOops: 2, NonImmediateOops: No
[1,274s][debug][gc,nmethod  ] Register NMethod: jdk.internal.misc.Unsafe.putReferenceRelease (0x00007ab2a6c08a08) [0x00007ab2a6c08b00, 0x00007ab2a6c08bf0] Compiler: jvmci, Barriers: 3, Oops: 0, ImmediateOops: 0, NonImmediateOops: No
[1,275s][debug][gc,nmethod  ] Register NMethod: java.lang.ClassLoader.loadClass (0x00007ab2874cc888) [0x00007ab2874cc980, 0x00007ab2874ccc88] Compiler: c1, Barriers: 0, Oops: 0, ImmediateOops: 0, NonImmediateOops: No
[1,275s][debug][gc,nmethod  ] Register NMethod: java.util.ArrayDeque.addLast (0x00007ab2874ccd08) [0x00007ab2874cce00, 0x00007ab2874cd3e0] Compiler: c1, Barriers: 4, Oops: 0, ImmediateOops: 0, NonImmediateOops: No
[1,275s][debug][gc,nmethod  ] Register NMethod: java.util.Arrays.rangeCheck (0x00007ab2874cd408) [0x00007ab2874cd500, 0x00007ab2874ceae8] Compiler: c1, Barriers: 0, Oops: 3, ImmediateOops: 4, NonImmediateOops: No
[1,275s][debug][gc,nmethod  ] Register NMethod: java.lang.ref.PhantomReference.clear0 (0x00007ab2a6c08d08) [0x00007ab2a6c08e00, 0x00007ab2a6c08f48] Compiler: , Barriers: 0, Oops: 0, ImmediateOops: 0, NonImmediateOops: No
[1,275s][debug][gc,nmethod  ] Register NMethod: java.io.InputStream.<init> (0x00007ab2874ceb08) [0x00007ab2874cec00, 0x00007ab2874ced58] Compiler: c1, Barriers: 0, Oops: 0, ImmediateOops: 0, NonImmediateOops: No
[1,276s][debug][gc,nmethod  ] Register NMethod: java.lang.StringConcatHelper.checkOverflow (0x00007ab2874cee08) [0x00007ab2874cef00, 0x00007ab2874cf0d8] Compiler: c1, Barriers: 0, Oops: 0, ImmediateOops: 1, NonImmediateOops: No
[1,276s][debug][gc,nmethod  ] Register NMethod: java.util.zip.Inflater.reset (0x00007ab2a6c09008) [0x00007ab2a6c09100, 0x00007ab2a6c09250] Compiler: , Barriers: 0, Oops: 0, ImmediateOops: 1, NonImmediateOops: No
[1,276s][debug][gc,nmethod  ] Register NMethod: java.util.zip.Inflater.hasPendingOutput (0x00007ab2a6c09308) [0x00007ab2a6c09400, 0x00007ab2a6c094c0] Compiler: c1, Barriers: 0, Oops: 0, ImmediateOops: 0, NonImmediateOops: No
[1,276s][debug][gc,nmethod  ] Register NMethod: java.util.zip.ZipFile$ZipFileInputStream.close (0x00007ab2874cf108) [0x00007ab2874cf200, 0x00007ab2874cf848] Compiler: c1, Barriers: 6, Oops: 0, ImmediateOops: 0, NonImmediateOops: No
[1,276s][debug][gc,nmethod  ] Register NMethod: java.lang.Throwable.fillInStackTrace (0x00007ab2a6c09608) [0x00007ab2a6c09700, 0x00007ab2a6c09a20] Compiler: , Barriers: 0, Oops: 0, ImmediateOops: 0, NonImmediateOops: No
[1,276s][debug][gc,nmethod  ] Register NMethod: java.util.WeakHashMap.remove (0x00007ab2874cf888) [0x00007ab2874cf980, 0x00007ab2874d0d90] Compiler: c1, Barriers: 12, Oops: 0, ImmediateOops: 1, NonImmediateOops: No
[1,276s][debug][gc,nmethod  ] Register NMethod: java.util.Collections$SetFromMap.remove (0x00007ab2874d0e08) [0x00007ab2874d0f00, 0x00007ab2874d1290] Compiler: c1, Barriers: 1, Oops: 0, ImmediateOops: 0, NonImmediateOops: No
[1,276s][debug][gc,nmethod  ] Register NMethod: java.lang.String.concat (0x00007ab2874d1308) [0x00007ab2874d1400, 0x00007ab2874d3700] Compiler: c1, Barriers: 6, Oops: 0, ImmediateOops: 4, NonImmediateOops: No
[1,276s][debug][gc,nmethod  ] Register NMethod: java.lang.StringConcatHelper.doConcat (0x00007ab2874d3708) [0x00007ab2874d3800, 0x00007ab2874d57a0] Compiler: c1, Barriers: 6, Oops: 0, ImmediateOops: 4, NonImmediateOops: No
[1,276s][debug][gc,nmethod  ] Register NMethod: java.util.ArrayDeque.add (0x00007ab2874d5808) [0x00007ab2874d5900, 0x00007ab2874d5a50] Compiler: c1, Barriers: 0, Oops: 0, ImmediateOops: 0, NonImmediateOops: No
[1,277s][debug][gc,nmethod  ] Register NMethod: java.util.jar.JarFile.maybeInstantiateVerifier (0x00007ab2874d5b08) [0x00007ab2874d5c00, 0x00007ab2874d60d0] Compiler: c1, Barriers: 1, Oops: 0, ImmediateOops: 1, NonImmediateOops: No
[1,278s][debug][gc,nmethod  ] Register NMethod: java.util.ArrayDeque.elementAt (0x00007ab2874d6108) [0x00007ab2874d6200, 0x00007ab2874d6338] Compiler: c1, Barriers: 1, Oops: 0, ImmediateOops: 0, NonImmediateOops: No
[1,278s][debug][gc,nmethod  ] Register NMethod: java.net.URL.isBuiltinStreamHandler (0x00007ab2874d6408) [0x00007ab2874d6500, 0x00007ab2874d6a30] Compiler: c1, Barriers: 0, Oops: 1, ImmediateOops: 1, NonImmediateOops: No
[1,278s][debug][gc,nmethod  ] Register NMethod: sun.net.util.IPAddressUtil.checkHostString (0x00007ab2874d6a88) [0x00007ab2874d6b80, 0x00007ab2874d6d80] Compiler: c1, Barriers: 0, Oops: 0, ImmediateOops: 0, NonImmediateOops: No
[1,278s][debug][gc,nmethod  ] Register NMethod: java.lang.String.indexOf (0x00007ab2874d6d88) [0x00007ab2874d6e80, 0x00007ab2874d7838] Compiler: c1, Barriers: 2, Oops: 0, ImmediateOops: 0, NonImmediateOops: No
[1,278s][debug][gc,nmethod  ] Register NMethod: java.net.URL.isBuiltinStreamHandler (0x00007ab2874d7888) [0x00007ab2874d7980, 0x00007ab2874d8868] Compiler: c1, Barriers: 3, Oops: 1, ImmediateOops: 2, NonImmediateOops: No
[1,278s][debug][gc,nmethod  ] Register NMethod: java.lang.ref.PhantomReference.<init> (0x00007ab2874d8888) [0x00007ab2874d8980, 0x00007ab2874d8c70] Compiler: c1, Barriers: 6, Oops: 0, ImmediateOops: 1, NonImmediateOops: No
[1,278s][debug][gc,nmethod  ] Register NMethod: jdk.internal.ref.PhantomCleanable.<init> (0x00007ab2874d8c88) [0x00007ab2874d8d80, 0x00007ab2874d9f70] Compiler: c1, Barriers: 13, Oops: 0, ImmediateOops: 3, NonImmediateOops: No
[1,278s][debug][gc,nmethod  ] Register NMethod: jdk.internal.ref.CleanerFactory.cleaner (0x00007ab2874d9f88) [0x00007ab2874da080, 0x00007ab2874da168] Compiler: c1, Barriers: 0, Oops: 0, ImmediateOops: 1, NonImmediateOops: No
[1,278s][debug][gc,nmethod  ] Register NMethod: java.net.URLStreamHandler.getDefaultPort (0x00007ab2a6c09a88) [0x00007ab2a6c09b80, 0x00007ab2a6c09c40] Compiler: c1, Barriers: 0, Oops: 0, ImmediateOops: 0, NonImmediateOops: No
[1,278s][debug][gc,nmethod  ] Register NMethod: jdk.internal.ref.CleanerImpl$CleanableList.insert (0x00007ab2874da288) [0x00007ab2874da380, 0x00007ab2874dae00] Compiler: c1, Barriers: 22, Oops: 0, ImmediateOops: 0, NonImmediateOops: No
[1,279s][debug][gc,nmethod  ] Register NMethod: java.util.zip.ZipEntry.getSize (0x00007ab2a6c09d88) [0x00007ab2a6c09e80, 0x00007ab2a6c09f40] Compiler: c1, Barriers: 0, Oops: 0, ImmediateOops: 0, NonImmediateOops: No
[1,279s][debug][gc,nmethod  ] Register NMethod: sun.net.util.IPAddressUtil.scan (0x00007ab2874dae08) [0x00007ab2874daf00, 0x00007ab2874dc158] Compiler: c1, Barriers: 3, Oops: 1, ImmediateOops: 2, NonImmediateOops: No
[1,279s][debug][gc,nmethod  ] Register NMethod: java.lang.NamedPackage.module (0x00007ab2a6c0a088) [0x00007ab2a6c0a180, 0x00007ab2a6c0a268] Compiler: c1, Barriers: 1, Oops: 0, ImmediateOops: 0, NonImmediateOops: No
[1,279s][debug][gc,nmethod  ] Register NMethod: sun.net.util.IPAddressUtil.checkHost (0x00007ab2874dc188) [0x00007ab2874dc280, 0x00007ab2874e1068] Compiler: c1, Barriers: 7, Oops: 5, ImmediateOops: 13, NonImmediateOops: No
[1,279s][debug][gc,nmethod  ] Register NMethod: java.util.zip.Inflater.finished (0x00007ab2874e1108) [0x00007ab2874e1200, 0x00007ab2874e14b0] Compiler: c1, Barriers: 1, Oops: 0, ImmediateOops: 0, NonImmediateOops: No
[1,279s][debug][gc,nmethod  ] Register NMethod: java.util.zip.InflaterInputStream.ensureOpen (0x00007ab2874e1508) [0x00007ab2874e1600, 0x00007ab2874e1808] Compiler: c1, Barriers: 0, Oops: 0, ImmediateOops: 1, NonImmediateOops: No
[1,279s][debug][gc,nmethod  ] Register NMethod: java.util.LinkedHashMap.get (0x00007ab2874e1888) [0x00007ab2874e1980, 0x00007ab2874e1d98] Compiler: c1, Barriers: 1, Oops: 0, ImmediateOops: 0, NonImmediateOops: No
[1,280s][debug][gc,nmethod  ] Register NMethod: java.lang.String.<init> (0x00007ab2874e1e08) [0x00007ab2874e1f00, 0x00007ab2874e2338] Compiler: c1, Barriers: 0, Oops: 1, ImmediateOops: 1, NonImmediateOops: No
[1,280s][debug][gc,nmethod  ] Register NMethod: java.util.zip.InflaterInputStream.read (0x00007ab2874e2388) [0x00007ab2874e2480, 0x00007ab2874e3508] Compiler: c1, Barriers: 7, Oops: 0, ImmediateOops: 2, NonImmediateOops: No
[1,280s][debug][gc,nmethod  ] Register NMethod: java.lang.StringLatin1.lastIndexOf (0x00007ab2a6c0a388) [0x00007ab2a6c0a480, 0x00007ab2a6c0a6f0] Compiler: jvmci, Barriers: 0, Oops: 0, ImmediateOops: 0, NonImmediateOops: No
[1,281s][debug][gc,nmethod  ] Register NMethod: java.lang.String.<init> (0x00007ab2874e3588) [0x00007ab2874e3680, 0x00007ab2874e74f0] Compiler: c1, Barriers: 45, Oops: 1, ImmediateOops: 12, NonImmediateOops: No
[1,282s][debug][gc,nmethod  ] Register NMethod: java.lang.reflect.Array.newArray (0x00007ab2a6c0a708) [0x00007ab2a6c0a800, 0x00007ab2a6c0ab38] Compiler: , Barriers: 0, Oops: 0, ImmediateOops: 1, NonImmediateOops: No
[1,283s][debug][gc,nmethod  ] Register NMethod: jdk.internal.classfile.impl.AbstractDirectBuilder.setOriginal (0x00007ab2a6c0ab88) [0x00007ab2a6c0ac80, 0x00007ab2a6c0adb0] Compiler: c1, Barriers: 3, Oops: 0, ImmediateOops: 0, NonImmediateOops: No
[1,283s][debug][gc,director ] Rule Major: Warmup 10%, Used: 16MB, UsedThreshold: 1228MB
[1,283s][debug][gc,nmethod  ] Register NMethod: java.lang.CharacterData.of (0x00007ab2874e7508) [0x00007ab2874e7600, 0x00007ab2874e7d40] Compiler: c1, Barriers: 7, Oops: 0, ImmediateOops: 1, NonImmediateOops: No
[1,283s][debug][gc,nmethod  ] Register NMethod: java.lang.CharacterDataLatin1.getProperties (0x00007ab2874e7d88) [0x00007ab2874e7e80, 0x00007ab2874e7fb0] Compiler: c1, Barriers: 0, Oops: 0, ImmediateOops: 1, NonImmediateOops: No
[1,283s][debug][gc,nmethod  ] Register NMethod: java.lang.Integer.numberOfLeadingZeros (0x00007ab2874e8088) [0x00007ab2874e8180, 0x00007ab2874e8400] Compiler: c1, Barriers: 0, Oops: 0, ImmediateOops: 0, NonImmediateOops: No
[1,283s][debug][gc,nmethod  ] Register NMethod: jdk.internal.constant.ClassOrInterfaceDescImpl.ofValidated (0x00007ab2874e8408) [0x00007ab2874e8500, 0x00007ab2874e8788] Compiler: c1, Barriers: 3, Oops: 0, ImmediateOops: 0, NonImmediateOops: No
[1,283s][debug][gc,nmethod  ] Register NMethod: jdk.internal.constant.ClassOrInterfaceDescImpl.<init> (0x00007ab2874e8808) [0x00007ab2874e8900, 0x00007ab2874e8ad0] Compiler: c1, Barriers: 3, Oops: 0, ImmediateOops: 0, NonImmediateOops: No
[1,283s][debug][gc,nmethod  ] Register NMethod: jdk.internal.classfile.impl.DirectMethodBuilder.methodType (0x00007ab2a6c0ae88) [0x00007ab2a6c0af80, 0x00007ab2a6c0b068] Compiler: c1, Barriers: 1, Oops: 0, ImmediateOops: 0, NonImmediateOops: No
[1,283s][debug][gc,nmethod  ] Register NMethod: jdk.internal.classfile.impl.DirectMethodBuilder.methodFlags (0x00007ab2a6c0b188) [0x00007ab2a6c0b280, 0x00007ab2a6c0b340] Compiler: c1, Barriers: 0, Oops: 0, ImmediateOops: 0, NonImmediateOops: No
[1,283s][debug][gc,nmethod  ] Register NMethod: jdk.internal.classfile.impl.SplitConstantPool.utf8Entry (0x00007ab2874e8b08) [0x00007ab2874e8c00, 0x00007ab2874e8ef8] Compiler: c1, Barriers: 0, Oops: 0, ImmediateOops: 0, NonImmediateOops: No
[1,284s][debug][gc,nmethod  ] Register NMethod: java.lang.String.toString (0x00007ab2874e8f08) [0x00007ab2874e9000, 0x00007ab2874e9100] Compiler: c1, Barriers: 0, Oops: 0, ImmediateOops: 0, NonImmediateOops: No
[1,284s][debug][gc,nmethod  ] Register NMethod: jdk.internal.classfile.impl.AbstractPoolEntry$Utf8EntryImpl.tag (0x00007ab2a6c0b488) [0x00007ab2a6c0b580, 0x00007ab2a6c0b640] Compiler: c1, Barriers: 0, Oops: 0, ImmediateOops: 0, NonImmediateOops: No
[1,285s][debug][gc,nmethod  ] Register NMethod: jdk.internal.classfile.impl.BufWriterImpl.writeU1U2 (0x00007ab2874e9208) [0x00007ab2874e9300, 0x00007ab2874e9798] Compiler: c1, Barriers: 2, Oops: 0, ImmediateOops: 0, NonImmediateOops: No
[1,285s][debug][gc,nmethod  ] Register NMethod: java.lang.constant.ClassDesc.isPrimitive (0x00007ab2a6c0b788) [0x00007ab2a6c0b880, 0x00007ab2a6c0b940] Compiler: c1, Barriers: 0, Oops: 0, ImmediateOops: 0, NonImmediateOops: No
[1,285s][debug][gc,nmethod  ] Register NMethod: jdk.internal.classfile.impl.SplitConstantPool.maybeCloneUtf8Entry (0x00007ab2874e9808) [0x00007ab2874e9900, 0x00007ab2874ea9a0] Compiler: c1, Barriers: 4, Oops: 0, ImmediateOops: 2, NonImmediateOops: No
[1,285s][debug][gc,nmethod  ] Register NMethod: java.lang.StringConcatHelper.stringOf (0x00007ab2874eaa08) [0x00007ab2874eab00, 0x00007ab2874eae58] Compiler: c1, Barriers: 0, Oops: 0, ImmediateOops: 1, NonImmediateOops: No
[1,286s][debug][gc,nmethod  ] Register NMethod: java.lang.StringConcatHelper.newArrayWithSuffix (0x00007ab2874eae88) [0x00007ab2874eaf80, 0x00007ab2874ebed0] Compiler: c1, Barriers: 1, Oops: 0, ImmediateOops: 3, NonImmediateOops: No
[1,286s][debug][gc,nmethod  ] Register NMethod: jdk.internal.classfile.impl.AbstractElement.<init> (0x00007ab2874ebf08) [0x00007ab2874ec000, 0x00007ab2874ec158] Compiler: c1, Barriers: 0, Oops: 0, ImmediateOops: 0, NonImmediateOops: No
[1,286s][debug][gc,nmethod  ] Register NMethod: jdk.internal.classfile.impl.AbstractPoolEntry$Utf8EntryImpl.stringValue (0x00007ab2874ec208) [0x00007ab2874ec300, 0x00007ab2874ec5f8] Compiler: c1, Barriers: 0, Oops: 0, ImmediateOops: 0, NonImmediateOops: No
[1,286s][debug][gc,nmethod  ] Register NMethod: java.lang.StringConcatHelper.concat (0x00007ab2874ec608) [0x00007ab2874ec700, 0x00007ab2874eeca8] Compiler: c1, Barriers: 6, Oops: 0, ImmediateOops: 6, NonImmediateOops: No
[1,286s][debug][gc,nmethod  ] Register NMethod: java.lang.StringConcatHelper.prepend (0x00007ab2874eed08) [0x00007ab2874eee00, 0x00007ab2874f0550] Compiler: c1, Barriers: 3, Oops: 0, ImmediateOops: 0, NonImmediateOops: No
[1,286s][debug][gc,nmethod  ] Register NMethod: jdk.internal.classfile.impl.StackMapGenerator$Type.<init> (0x00007ab2874f0588) [0x00007ab2874f0680, 0x00007ab2874f08b8] Compiler: c1, Barriers: 3, Oops: 0, ImmediateOops: 0, NonImmediateOops: No
[1,286s][debug][gc,nmethod  ] Register NMethod: java.util.Arrays.copyOf (0x00007ab2874f0908) [0x00007ab2874f0a00, 0x00007ab2874f0d20] Compiler: c1, Barriers: 1, Oops: 0, ImmediateOops: 0, NonImmediateOops: No
[1,286s][debug][gc,nmethod  ] Register NMethod: java.lang.StringConcatHelper.concat0 (0x00007ab2874f0d88) [0x00007ab2874f0e80, 0x00007ab2874f3068] Compiler: c1, Barriers: 6, Oops: 0, ImmediateOops: 3, NonImmediateOops: No
[1,286s][debug][gc,nmethod  ] Register NMethod: jdk.internal.classfile.impl.AbstractPoolEntry$Utf8EntryImpl.toString (0x00007ab2874f3088) [0x00007ab2874f3180, 0x00007ab2874f36c8] Compiler: c1, Barriers: 11, Oops: 0, ImmediateOops: 5, NonImmediateOops: No
[1,286s][debug][gc,nmethod  ] Register NMethod: jdk.internal.classfile.impl.AbstractPoolEntry$ClassEntryImpl.hashCode (0x00007ab2874f3708) [0x00007ab2874f3800, 0x00007ab2874f46f8] Compiler: c1, Barriers: 4, Oops: 0, ImmediateOops: 2, NonImmediateOops: No
[1,286s][debug][gc,nmethod  ] Register NMethod: jdk.internal.constant.MethodTypeDescImpl.parameterType (0x00007ab2874f4708) [0x00007ab2874f4800, 0x00007ab2874f4988] Compiler: c1, Barriers: 2, Oops: 0, ImmediateOops: 0, NonImmediateOops: No
[1,286s][debug][gc,nmethod  ] Register NMethod: sun.invoke.util.VerifyAccess.ensureTypeVisible (0x00007ab2874f4a08) [0x00007ab2874f4b00, 0x00007ab2874f5c90] Compiler: c1, Barriers: 4, Oops: 0, ImmediateOops: 1, NonImmediateOops: No
[1,287s][debug][gc,nmethod  ] Register NMethod: jdk.internal.classfile.impl.SplitConstantPool.findEntry (0x00007ab2874f5d08) [0x00007ab2874f5e00, 0x00007ab2874f7508] Compiler: c1, Barriers: 3, Oops: 0, ImmediateOops: 0, NonImmediateOops: No
[1,287s][debug][gc,nmethod  ] Register NMethod: jdk.internal.classfile.impl.BufWriterImpl.writeU1 (0x00007ab2874f7588) [0x00007ab2874f7680, 0x00007ab2874f7ac8] Compiler: c1, Barriers: 2, Oops: 0, ImmediateOops: 0, NonImmediateOops: No
[1,287s][debug][gc,nmethod  ] Register NMethod: java.lang.invoke.MethodTypeForm.basicType (0x00007ab2a6c0ba88) [0x00007ab2a6c0bb80, 0x00007ab2a6c0bc68] Compiler: c1, Barriers: 1, Oops: 0, ImmediateOops: 0, NonImmediateOops: No
[1,288s][debug][gc,nmethod  ] Register NMethod: jdk.internal.classfile.impl.StackMapGenerator$Frame.checkStack (0x00007ab2874f7b08) [0x00007ab2874f7c00, 0x00007ab2874f8848] Compiler: c1, Barriers: 11, Oops: 1, ImmediateOops: 2, NonImmediateOops: No
[1,288s][debug][gc,nmethod  ] Register NMethod: java.lang.invoke.MethodType.equals (0x00007ab2874f8888) [0x00007ab2874f8980, 0x00007ab2874f9120] Compiler: c1, Barriers: 4, Oops: 0, ImmediateOops: 0, NonImmediateOops: No
[1,288s][debug][gc,nmethod  ] Register NMethod: java.lang.reflect.Modifier.isProtected (0x00007ab2874f9188) [0x00007ab2874f9280, 0x00007ab2874f93b0] Compiler: c1, Barriers: 0, Oops: 0, ImmediateOops: 0, NonImmediateOops: No
[1,288s][debug][gc,nmethod  ] Register NMethod: jdk.internal.classfile.impl.Util.methodTypeSymbol (0x00007ab2874f9488) [0x00007ab2874f9580, 0x00007ab2874fa440] Compiler: c1, Barriers: 4, Oops: 0, ImmediateOops: 0, NonImmediateOops: No
[1,288s][debug][gc,nmethod  ] Register NMethod: jdk.internal.classfile.impl.AbstractPoolEntry$Utf8EntryImpl.methodTypeSymbol (0x00007ab2874fa488) [0x00007ab2874fa580, 0x00007ab2874fb050] Compiler: c1, Barriers: 4, Oops: 0, ImmediateOops: 0, NonImmediateOops: No
[1,288s][debug][gc,nmethod  ] Register NMethod: jdk.internal.classfile.impl.AbstractPoolEntry$AbstractRefEntry.<init> (0x00007ab2874fb088) [0x00007ab2874fb180, 0x00007ab2874fb6d8] Compiler: c1, Barriers: 6, Oops: 0, ImmediateOops: 0, NonImmediateOops: No
[1,288s][debug][gc,nmethod  ] Register NMethod: jdk.internal.classfile.impl.AbstractPoolEntry$NameAndTypeEntryImpl.tag (0x00007ab2a6c0bd88) [0x00007ab2a6c0be80, 0x00007ab2a6c0bf40] Compiler: c1, Barriers: 0, Oops: 0, ImmediateOops: 0, NonImmediateOops: No
[1,288s][debug][gc,nmethod  ] Register NMethod: jdk.internal.classfile.impl.Util.parameterSlots (0x00007ab2874fb708) [0x00007ab2874fb800, 0x00007ab2874fbc90] Compiler: c1, Barriers: 3, Oops: 0, ImmediateOops: 2, NonImmediateOops: No
[1,288s][debug][gc,nmethod  ] Register NMethod: jdk.internal.classfile.impl.AbstractPoolEntry$AbstractNamedEntry.<init> (0x00007ab2874fbd08) [0x00007ab2874fbe00, 0x00007ab2874fbf30] Compiler: c1, Barriers: 0, Oops: 0, ImmediateOops: 0, NonImmediateOops: No
[1,288s][debug][gc,nmethod  ] Register NMethod: java.lang.invoke.MethodType.checkPtypes (0x00007ab2874fc008) [0x00007ab2874fc100, 0x00007ab2874fd2d8] Compiler: c1, Barriers: 1, Oops: 2, ImmediateOops: 6, NonImmediateOops: No
[1,288s][debug][gc,nmethod  ] Register NMethod: jdk.internal.classfile.impl.AbstractPoolEntry$AbstractRefsEntry.<init> (0x00007ab2874fd308) [0x00007ab2874fd400, 0x00007ab2874fdc00] Compiler: c1, Barriers: 9, Oops: 0, ImmediateOops: 0, NonImmediateOops: No
[1,289s][debug][gc,nmethod  ] Register NMethod: java.lang.Class.descriptorString (0x00007ab2874fdc08) [0x00007ab2874fdd00, 0x00007ab287505890] Compiler: c1, Barriers: 14, Oops: 3, ImmediateOops: 21, NonImmediateOops: No
[1,290s][debug][gc,nmethod  ] Register NMethod: jdk.internal.classfile.impl.LabelImpl.labelContext (0x00007ab2a6c0c088) [0x00007ab2a6c0c180, 0x00007ab2a6c0c268] Compiler: c1, Barriers: 1, Oops: 0, ImmediateOops: 0, NonImmediateOops: No
[1,290s][debug][gc,nmethod  ] Register NMethod: jdk.internal.classfile.impl.LabelImpl.getBCI (0x00007ab2a6c0c388) [0x00007ab2a6c0c480, 0x00007ab2a6c0c540] Compiler: c1, Barriers: 0, Oops: 0, ImmediateOops: 0, NonImmediateOops: No
[1,290s][debug][gc,nmethod  ] Register NMethod: java.util.ArrayDeque.poll (0x00007ab287505908) [0x00007ab287505a00, 0x00007ab287505b48] Compiler: c1, Barriers: 0, Oops: 0, ImmediateOops: 0, NonImmediateOops: No
[1,290s][debug][gc,nmethod  ] Register NMethod: jdk.internal.misc.Unsafe.getChar (0x00007ab2a6c0c688) [0x00007ab2a6c0c780, 0x00007ab2a6c0c8e8] Compiler: , Barriers: 0, Oops: 0, ImmediateOops: 0, NonImmediateOops: No
[1,290s][debug][gc,nmethod  ] Register NMethod: jdk.internal.classfile.impl.RawBytecodeHelper.getU1Unchecked (0x00007ab287505c08) [0x00007ab287505d00, 0x00007ab287505ef0] Compiler: c1, Barriers: 2, Oops: 0, ImmediateOops: 0, NonImmediateOops: No
[1,290s][debug][gc,nmethod  ] Register NMethod: java.util.ArrayDeque.pollFirst (0x00007ab287505f08) [0x00007ab287506000, 0x00007ab287506560] Compiler: c1, Barriers: 5, Oops: 0, ImmediateOops: 0, NonImmediateOops: No
[1,290s][debug][gc,nmethod  ] Register NMethod: jdk.internal.classfile.impl.AbstractPoolEntry$AbstractRefsEntry.writeTo (0x00007ab287506588) [0x00007ab287506680, 0x00007ab287507020] Compiler: c1, Barriers: 2, Oops: 0, ImmediateOops: 0, NonImmediateOops: No
[1,290s][debug][gc,nmethod  ] Register NMethod: jdk.internal.classfile.impl.BufWriterImpl.writeU1U2U2 (0x00007ab287507088) [0x00007ab287507180, 0x00007ab287507678] Compiler: c1, Barriers: 2, Oops: 0, ImmediateOops: 0, NonImmediateOops: No
[1,290s][debug][gc,nmethod  ] Register NMethod: java.lang.invoke.MemberName.clone (0x00007ab287507688) [0x00007ab287507780, 0x00007ab287507bf0] Compiler: c1, Barriers: 0, Oops: 0, ImmediateOops: 0, NonImmediateOops: No
[1,292s][debug][gc,nmethod  ] Register NMethod: java.lang.ref.Reference.refersToImpl (0x00007ab287507c08) [0x00007ab287507d00, 0x00007ab287507e38] Compiler: c1, Barriers: 0, Oops: 0, ImmediateOops: 0, NonImmediateOops: No
[1,292s][debug][gc,nmethod  ] Register NMethod: jdk.internal.access.SharedSecrets.javaUtilJarAccess (0x00007ab287507f08) [0x00007ab287508000, 0x00007ab2875086e0] Compiler: c1, Barriers: 2, Oops: 1, ImmediateOops: 4, NonImmediateOops: No
[1,293s][debug][gc,director ] Rule Major: Warmup 10%, Used: 18MB, UsedThreshold: 1228MB
[1,293s][debug][gc,nmethod  ] Register NMethod: java.lang.Math.max (0x00007ab287508708) [0x00007ab287508800, 0x00007ab287508928] Compiler: c1, Barriers: 0, Oops: 0, ImmediateOops: 0, NonImmediateOops: No
[1,294s][debug][gc,nmethod  ] Register NMethod: java.lang.invoke.MethodHandle.linkToStatic (0x00007ab2a6c0c988) [0x00007ab2a6c0ca80, 0x00007ab2a6c0cb70] Compiler: , Barriers: 0, Oops: 0, ImmediateOops: 0, NonImmediateOops: No
[1,297s][debug][gc,nmethod  ] Register NMethod: jdk.internal.ref.CleanerImpl$PhantomCleanableRef.<init> (0x00007ab287508a08) [0x00007ab287508b00, 0x00007ab287508cc0] Compiler: c1, Barriers: 3, Oops: 0, ImmediateOops: 0, NonImmediateOops: No
[1,297s][debug][gc,nmethod  ] Register NMethod: java.lang.ref.Cleaner.register (0x00007ab287508d08) [0x00007ab287508e00, 0x00007ab287509318] Compiler: c1, Barriers: 3, Oops: 2, ImmediateOops: 2, NonImmediateOops: No
[1,298s][debug][gc,nmethod  ] Register NMethod: java.util.HashMap.getNode (0x00007ab2a6c0cc88) [0x00007ab2a6c0cd80, 0x00007ab2a6c0d558] Compiler: jvmci, Barriers: 11, Oops: 0, ImmediateOops: 0, NonImmediateOops: No
[1,298s][debug][gc,nmethod  ] Register NMethod: java.nio.Buffer.limit (0x00007ab2a6c0d588) [0x00007ab2a6c0d680, 0x00007ab2a6c0d740] Compiler: c1, Barriers: 0, Oops: 0, ImmediateOops: 0, NonImmediateOops: No
[1,300s][debug][gc,nmethod  ] Register NMethod: java.util.Properties$LineReader.readLine (0x00007ab287509388) [0x00007ab287509480, 0x00007ab28750ceb0] Compiler: c1, Barriers: 14, Oops: 0, ImmediateOops: 0, NonImmediateOops: No
[1,300s][debug][gc,nmethod  ] Register NMethod: java.lang.invoke.MemberName.getModifiers (0x00007ab28750cf08) [0x00007ab28750d000, 0x00007ab28750d108] Compiler: c1, Barriers: 0, Oops: 0, ImmediateOops: 0, NonImmediateOops: No
[1,301s][debug][gc,nmethod  ] Register NMethod: sun.invoke.util.VerifyAccess.isSamePackage (0x00007ab28750d208) [0x00007ab28750d300, 0x00007ab28750dce0] Compiler: c1, Barriers: 2, Oops: 0, ImmediateOops: 0, NonImmediateOops: No
[1,301s][debug][gc,nmethod  ] Register NMethod: jdk.internal.loader.URLClassPath$Loader.getBaseURL (0x00007ab2a6c0d888) [0x00007ab2a6c0d980, 0x00007ab2a6c0da68] Compiler: c1, Barriers: 1, Oops: 0, ImmediateOops: 0, NonImmediateOops: No
[1,301s][debug][gc,nmethod  ] Register NMethod: java.lang.ClassLoader.defineClass1 (0x00007ab2a6c0db88) [0x00007ab2a6c0dc80, 0x00007ab2a6c0e018] Compiler: , Barriers: 0, Oops: 0, ImmediateOops: 1, NonImmediateOops: No
[1,301s][debug][gc,nmethod  ] Register NMethod: java.util.zip.ZipEntry.getCrc (0x00007ab2a6c0e088) [0x00007ab2a6c0e180, 0x00007ab2a6c0e240] Compiler: c1, Barriers: 0, Oops: 0, ImmediateOops: 0, NonImmediateOops: No
[1,301s][debug][gc,nmethod  ] Register NMethod: jdk.internal.perf.PerfCounter.addElapsedTimeFrom (0x00007ab28750dd08) [0x00007ab28750de00, 0x00007ab28750df88] Compiler: c1, Barriers: 0, Oops: 0, ImmediateOops: 0, NonImmediateOops: No
[1,301s][debug][gc,nmethod  ] Register NMethod: jdk.internal.loader.Resource.cachedInputStream (0x00007ab28750e008) [0x00007ab28750e100, 0x00007ab28750e778] Compiler: c1, Barriers: 8, Oops: 0, ImmediateOops: 0, NonImmediateOops: No
[1,301s][debug][gc,nmethod  ] Register NMethod: java.security.CodeSource.getCertificates (0x00007ab28750e788) [0x00007ab28750e880, 0x00007ab28750fa58] Compiler: c1, Barriers: 10, Oops: 0, ImmediateOops: 1, NonImmediateOops: No
[1,302s][debug][gc,nmethod  ] Register NMethod: java.lang.invoke.MethodHandle.linkToSpecial (0x00007ab2a6c0e388) [0x00007ab2a6c0e480, 0x00007ab2a6c0e578] Compiler: , Barriers: 0, Oops: 0, ImmediateOops: 0, NonImmediateOops: No
[1,302s][debug][gc,nmethod  ] Register NMethod: jdk.internal.classfile.impl.UnboundAttribute.attributeMapper (0x00007ab2a6c0e688) [0x00007ab2a6c0e780, 0x00007ab2a6c0e868] Compiler: c1, Barriers: 1, Oops: 0, ImmediateOops: 0, NonImmediateOops: No
[1,302s][debug][gc,nmethod  ] Register NMethod: java.lang.invoke.MemberName.isConstructor (0x00007ab28750fa88) [0x00007ab28750fb80, 0x00007ab28750fd38] Compiler: c1, Barriers: 0, Oops: 0, ImmediateOops: 0, NonImmediateOops: No
[1,302s][debug][gc,nmethod  ] Register NMethod: jdk.internal.classfile.impl.SplitConstantPool.classEntry (0x00007ab28750fd88) [0x00007ab28750fe80, 0x00007ab287511b38] Compiler: c1, Barriers: 4, Oops: 1, ImmediateOops: 2, NonImmediateOops: No
[1,302s][debug][gc,nmethod  ] Register NMethod: jdk.internal.classfile.impl.SplitConstantPool.classEntryForClassOrInterface (0x00007ab287511b88) [0x00007ab287511c80, 0x00007ab287514210] Compiler: c1, Barriers: 7, Oops: 0, ImmediateOops: 1, NonImmediateOops: No
[1,302s][debug][gc,nmethod  ] Register NMethod: java.lang.reflect.Modifier.isPublic (0x00007ab287514288) [0x00007ab287514380, 0x00007ab2875144b0] Compiler: c1, Barriers: 0, Oops: 0, ImmediateOops: 0, NonImmediateOops: No
[1,302s][debug][gc,nmethod  ] Register NMethod: java.lang.Class.isInterface (0x00007ab287514588) [0x00007ab287514680, 0x00007ab287514838] Compiler: c1, Barriers: 0, Oops: 0, ImmediateOops: 0, NonImmediateOops: No
[1,303s][debug][gc,nmethod  ] Register NMethod: java.lang.reflect.Modifier.isInterface (0x00007ab287514888) [0x00007ab287514980, 0x00007ab287514ab0] Compiler: c1, Barriers: 0, Oops: 0, ImmediateOops: 0, NonImmediateOops: No
[1,303s][debug][gc,nmethod  ] Register NMethod: jdk.internal.classfile.impl.SplitConstantPool.tryFindClassOrInterface (0x00007ab287514b88) [0x00007ab287514c80, 0x00007ab287517838] Compiler: c1, Barriers: 12, Oops: 0, ImmediateOops: 0, NonImmediateOops: No
[1,303s][debug][gc,director ] Rule Major: Warmup 10%, Used: 18MB, UsedThreshold: 1228MB
[1,303s][debug][gc,nmethod  ] Register NMethod: java.lang.invoke.MethodTypeForm.parameterSlotCount (0x00007ab2a6c0e988) [0x00007ab2a6c0ea80, 0x00007ab2a6c0eb40] Compiler: c1, Barriers: 0, Oops: 0, ImmediateOops: 0, NonImmediateOops: No
[1,303s][debug][gc,nmethod  ] Register NMethod: java.lang.invoke.MethodTypeForm.canonicalizeAll (0x00007ab287517888) [0x00007ab287517980, 0x00007ab287518338] Compiler: c1, Barriers: 4, Oops: 0, ImmediateOops: 1, NonImmediateOops: No
[1,303s][debug][gc,nmethod  ] Register NMethod: java.lang.classfile.Opcode.bytecode (0x00007ab2a6c0ec88) [0x00007ab2a6c0ed80, 0x00007ab2a6c0ee40] Compiler: c1, Barriers: 0, Oops: 0, ImmediateOops: 0, NonImmediateOops: No
[1,303s][debug][gc,nmethod  ] Register NMethod: jdk.internal.classfile.impl.AttributeHolder.<init> (0x00007ab287518388) [0x00007ab287518480, 0x00007ab287518660] Compiler: c1, Barriers: 3, Oops: 0, ImmediateOops: 1, NonImmediateOops: No
[1,303s][debug][gc,nmethod  ] Register NMethod: jdk.internal.classfile.impl.AbstractDirectBuilder.<init> (0x00007ab287518688) [0x00007ab287518780, 0x00007ab287518bd0] Compiler: c1, Barriers: 12, Oops: 0, ImmediateOops: 1, NonImmediateOops: No
[1,303s][debug][gc,nmethod  ] Register NMethod: jdk.internal.constant.ConstantUtils.referenceClassDesc (0x00007ab287518c08) [0x00007ab287518d00, 0x00007ab2875196e0] Compiler: c1, Barriers: 2, Oops: 1, ImmediateOops: 2, NonImmediateOops: No
[1,303s][debug][gc,nmethod  ] Register NMethod: java.util.ArrayList.isEmpty (0x00007ab287519708) [0x00007ab287519800, 0x00007ab287519950] Compiler: c1, Barriers: 0, Oops: 0, ImmediateOops: 0, NonImmediateOops: No
[1,303s][debug][gc,nmethod  ] Register NMethod: java.lang.invoke.MethodHandles$Lookup.lookupClassOrNull (0x00007ab287519a08) [0x00007ab287519b00, 0x00007ab287519ca0] Compiler: c1, Barriers: 1, Oops: 0, ImmediateOops: 0, NonImmediateOops: No
[1,303s][debug][gc,nmethod  ] Register NMethod: jdk.internal.classfile.impl.AttributeHolder.writeTo (0x00007ab287519d08) [0x00007ab287519e00, 0x00007ab28751a600] Compiler: c1, Barriers: 4, Oops: 0, ImmediateOops: 0, NonImmediateOops: No
[1,304s][debug][gc,nmethod  ] Register NMethod: jdk.internal.util.StrongReferenceKey.equals (0x00007ab28751a608) [0x00007ab28751a700, 0x00007ab28751b388] Compiler: c1, Barriers: 1, Oops: 0, ImmediateOops: 0, NonImmediateOops: No
[1,305s][debug][gc,nmethod  ] Register NMethod: jdk.internal.jimage.ImageStringsReader.unmaskedHashCode (0x00007ab28751b408) [0x00007ab28751b500, 0x00007ab28751c700] Compiler: c1, Barriers: 3, Oops: 1, ImmediateOops: 2, NonImmediateOops: No
[1,305s][debug][gc,nmethod  ] Register NMethod: jdk.internal.jimage.ImageLocation.readValue (0x00007ab28751c788) [0x00007ab28751c880, 0x00007ab28751cd50] Compiler: c1, Barriers: 0, Oops: 0, ImmediateOops: 1, NonImmediateOops: No
[1,306s][debug][gc,nmethod  ] Register NMethod: java.nio.DirectByteBuffer.ix (0x00007ab2a6c0ef88) [0x00007ab2a6c0f080, 0x00007ab2a6c0f108] Compiler: jvmci, Barriers: 0, Oops: 0, ImmediateOops: 0, NonImmediateOops: No
[1,306s][debug][gc,nmethod  ] Register NMethod: java.io.FilterInputStream.<init> (0x00007ab28751cd88) [0x00007ab28751ce80, 0x00007ab28751d0b8] Compiler: c1, Barriers: 3, Oops: 0, ImmediateOops: 0, NonImmediateOops: No
[1,306s][debug][gc,nmethod  ] Register NMethod: jdk.internal.misc.Unsafe.putByte (0x00007ab2a6c0f288) [0x00007ab2a6c0f380, 0x00007ab2a6c0f4d8] Compiler: , Barriers: 0, Oops: 0, ImmediateOops: 0, NonImmediateOops: No
[1,306s][debug][gc,nmethod  ] Register NMethod: sun.nio.fs.NativeBuffer.address (0x00007ab2a6c0f588) [0x00007ab2a6c0f680, 0x00007ab2a6c0f740] Compiler: c1, Barriers: 0, Oops: 0, ImmediateOops: 0, NonImmediateOops: No
[1,306s][debug][gc,nmethod  ] Register NMethod: java.lang.StringLatin1.indexOf (0x00007ab28751d108) [0x00007ab28751d200, 0x00007ab28751d3e0] Compiler: c1, Barriers: 0, Oops: 0, ImmediateOops: 0, NonImmediateOops: No
[1,306s][debug][gc,nmethod  ] Register NMethod: java.lang.String.indexOf (0x00007ab28751d408) [0x00007ab28751d500, 0x00007ab28751e000] Compiler: c1, Barriers: 6, Oops: 0, ImmediateOops: 0, NonImmediateOops: No
[1,307s][debug][gc,nmethod  ] Register NMethod: sun.nio.fs.UnixPath.checkNotNul (0x00007ab2a6c0f888) [0x00007ab2a6c0f980, 0x00007ab2a6c0fa18] Compiler: jvmci, Barriers: 0, Oops: 0, ImmediateOops: 0, NonImmediateOops: No
[1,307s][debug][gc,nmethod  ] Register NMethod: java.lang.Long.hashCode (0x00007ab28751e008) [0x00007ab28751e100, 0x00007ab28751e1f0] Compiler: c1, Barriers: 0, Oops: 0, ImmediateOops: 0, NonImmediateOops: No
[1,307s][debug][gc,nmethod  ] Register NMethod: java.util.zip.ZipFile.zipCoderFor (0x00007ab2a6c0fb88) [0x00007ab2a6c0fc80, 0x00007ab2a6c0fd40] Compiler: jvmci, Barriers: 0, Oops: 0, ImmediateOops: 0, NonImmediateOops: No
[1,307s][debug][gc,nmethod  ] Register NMethod: java.lang.Thread.currentCarrierThread (0x00007ab2a6c0fe88) [0x00007ab2a6c0ff80, 0x00007ab2a6c102a8] Compiler: , Barriers: 0, Oops: 0, ImmediateOops: 1, NonImmediateOops: No
[1,307s][debug][gc,nmethod  ] Register NMethod: java.lang.String.equalsIgnoreCase (0x00007ab28751e308) [0x00007ab28751e400, 0x00007ab28751f588] Compiler: c1, Barriers: 2, Oops: 0, ImmediateOops: 0, NonImmediateOops: No
[1,308s][debug][gc,nmethod  ] Register NMethod: java.io.UnixFileSystem.normalize (0x00007ab28751f608) [0x00007ab28751f700, 0x00007ab287520cf8] Compiler: c1, Barriers: 2, Oops: 1, ImmediateOops: 3, NonImmediateOops: No
[1,308s][debug][gc,nmethod  ] Register NMethod: java.lang.ref.Reference.refersTo (0x00007ab287520d08) [0x00007ab287520e00, 0x00007ab287521100] Compiler: c1, Barriers: 0, Oops: 0, ImmediateOops: 0, NonImmediateOops: No
[1,308s][debug][gc,nmethod  ] Register NMethod: java.io.File.<init> (0x00007ab287521108) [0x00007ab287521200, 0x00007ab287521a90] Compiler: c1, Barriers: 6, Oops: 1, ImmediateOops: 2, NonImmediateOops: No
[1,309s][debug][gc,nmethod  ] Register NMethod: java.lang.String.isASCII (0x00007ab287521b08) [0x00007ab287521c00, 0x00007ab287521e20] Compiler: c1, Barriers: 0, Oops: 0, ImmediateOops: 0, NonImmediateOops: No
[1,309s][debug][gc,nmethod  ] Register NMethod: java.lang.System$1.uncheckedGetBytesNoRepl (0x00007ab287521e88) [0x00007ab287521f80, 0x00007ab287522c80] Compiler: c1, Barriers: 1, Oops: 0, ImmediateOops: 0, NonImmediateOops: No
[1,309s][debug][gc,nmethod  ] Register NMethod: java.lang.String.getBytesNoRepl (0x00007ab287522c88) [0x00007ab287522d80, 0x00007ab287523a00] Compiler: c1, Barriers: 1, Oops: 0, ImmediateOops: 0, NonImmediateOops: No
[1,309s][debug][gc,nmethod  ] Register NMethod: java.lang.String.getBytesNoRepl1 (0x00007ab287523a08) [0x00007ab287523b00, 0x00007ab287524758] Compiler: c1, Barriers: 1, Oops: 0, ImmediateOops: 3, NonImmediateOops: No
[1,309s][debug][gc,nmethod  ] Register NMethod: java.util.zip.ZipCoder$UTF8ZipCoder.checkedHash (0x00007ab2a6c10308) [0x00007ab2a6c10400, 0x00007ab2a6c10610] Compiler: jvmci, Barriers: 0, Oops: 0, ImmediateOops: 0, NonImmediateOops: No
[1,309s][debug][gc,nmethod  ] Register NMethod: java.util.jar.JarFile.match (0x00007ab287524788) [0x00007ab287524880, 0x00007ab287524d90] Compiler: c1, Barriers: 0, Oops: 0, ImmediateOops: 0, NonImmediateOops: No
[1,309s][debug][gc,nmethod  ] Register NMethod: java.lang.Math.abs (0x00007ab287524e08) [0x00007ab287524f00, 0x00007ab287525058] Compiler: c1, Barriers: 0, Oops: 0, ImmediateOops: 0, NonImmediateOops: No
[1,309s][debug][gc,nmethod  ] Register NMethod: java.util.jar.Manifest$FastInputStream.readLine (0x00007ab287525108) [0x00007ab287525200, 0x00007ab287525358] Compiler: c1, Barriers: 0, Oops: 0, ImmediateOops: 0, NonImmediateOops: No
[1,309s][debug][gc,nmethod  ] Register NMethod: java.util.zip.ZipUtils.LOCSIG (0x00007ab287525408) [0x00007ab287525500, 0x00007ab287525618] Compiler: c1, Barriers: 0, Oops: 0, ImmediateOops: 0, NonImmediateOops: No
[1,309s][debug][gc,nmethod  ] Register NMethod: worker.org.gradle.internal.stream.EncodedStream$EncodedInput.read (0x00007ab2a6c10688) [0x00007ab2a6c10780, 0x00007ab2a6c10fc8] Compiler: jvmci, Barriers: 4, Oops: 1, ImmediateOops: 1, NonImmediateOops: No
[1,310s][debug][gc,nmethod  ] Register NMethod: sun.nio.fs.UnixPath.getFileSystem (0x00007ab2a6c11008) [0x00007ab2a6c11100, 0x00007ab2a6c111e8] Compiler: c1, Barriers: 1, Oops: 0, ImmediateOops: 0, NonImmediateOops: No
[1,310s][debug][gc,nmethod  ] Register NMethod: java.nio.charset.Charset.name (0x00007ab2a6c11308) [0x00007ab2a6c11400, 0x00007ab2a6c114e8] Compiler: c1, Barriers: 1, Oops: 0, ImmediateOops: 0, NonImmediateOops: No
[1,310s][debug][gc,nmethod  ] Register NMethod: java.util.zip.ZipFile$Source.nextEntryPos (0x00007ab2a6c11608) [0x00007ab2a6c11700, 0x00007ab2a6c11850] Compiler: jvmci, Barriers: 1, Oops: 0, ImmediateOops: 0, NonImmediateOops: No
[1,310s][debug][gc,nmethod  ] Register NMethod: java.util.zip.ZipFile$Source.isMetaName (0x00007ab2a6c11908) [0x00007ab2a6c11a00, 0x00007ab2a6c11d30] Compiler: jvmci, Barriers: 0, Oops: 0, ImmediateOops: 0, NonImmediateOops: No
[1,311s][debug][gc,nmethod  ] Register NMethod: java.lang.Math.max (0x00007ab2a6c11d88) [0x00007ab2a6c11e80, 0x00007ab2a6c11ee8] Compiler: jvmci, Barriers: 0, Oops: 0, ImmediateOops: 0, NonImmediateOops: No
[1,313s][debug][gc,director ] Rule Major: Warmup 10%, Used: 50MB, UsedThreshold: 1228MB
[1,314s][debug][gc,nmethod  ] Register NMethod: java.util.LinkedHashMap$Entry.<init> (0x00007ab287525708) [0x00007ab287525800, 0x00007ab287525b20] Compiler: c1, Barriers: 9, Oops: 0, ImmediateOops: 0, NonImmediateOops: No
[1,314s][debug][gc,nmethod  ] Register NMethod: java.util.LinkedHashMap.newNode (0x00007ab287525b88) [0x00007ab287525c80, 0x00007ab287525e68] Compiler: c1, Barriers: 0, Oops: 0, ImmediateOops: 0, NonImmediateOops: No
[1,314s][debug][gc,nmethod  ] Register NMethod: java.util.LinkedHashMap.linkNodeAtEnd (0x00007ab287525e88) [0x00007ab287525f80, 0x00007ab2875265b8] Compiler: c1, Barriers: 26, Oops: 0, ImmediateOops: 0, NonImmediateOops: No
[1,314s][debug][gc,nmethod  ] Register NMethod: java.util.LinkedHashMap.afterNodeInsertion (0x00007ab287526608) [0x00007ab287526700, 0x00007ab287526908] Compiler: c1, Barriers: 1, Oops: 0, ImmediateOops: 0, NonImmediateOops: No
[1,315s][debug][gc,nmethod  ] Register NMethod: java.util.zip.ZipFile$Source.checkExtraFields (0x00007ab287526988) [0x00007ab287526a80, 0x00007ab287528110] Compiler: c1, Barriers: 15, Oops: 3, ImmediateOops: 5, NonImmediateOops: No
[1,317s][debug][gc,nmethod  ] Register NMethod: java.lang.Runtime$Version.feature (0x00007ab287528188) [0x00007ab287528280, 0x00007ab2875289a0] Compiler: c1, Barriers: 1, Oops: 0, ImmediateOops: 0, NonImmediateOops: No
[1,317s][debug][gc,nmethod  ] Register NMethod: java.util.zip.ZipFile$Source.checkAndAddEntry (0x00007ab2a6c12088) [0x00007ab2a6c12180, 0x00007ab2a6c12bc8] Compiler: jvmci, Barriers: 3, Oops: 0, ImmediateOops: 0, NonImmediateOops: No
[1,317s][debug][gc,nmethod  ] Register NMethod: java.lang.StringLatin1.indexOf (0x00007ab2a6c12c08) [0x00007ab2a6c12d00, 0x00007ab2a6c13280] Compiler: jvmci, Barriers: 0, Oops: 0, ImmediateOops: 0, NonImmediateOops: No
[1,318s][debug][gc,nmethod  ] Register NMethod: java.util.zip.ZipFile$Source.isMetaName (0x00007ab287528a08) [0x00007ab287528b00, 0x00007ab287528f60] Compiler: c1, Barriers: 0, Oops: 0, ImmediateOops: 0, NonImmediateOops: No
[1,318s][debug][gc,nmethod  ] Register NMethod: java.util.BitSet.wordIndex (0x00007ab287528f88) [0x00007ab287529080, 0x00007ab287529168] Compiler: c1, Barriers: 0, Oops: 0, ImmediateOops: 0, NonImmediateOops: No
[1,318s][debug][gc,nmethod  ] Register NMethod: java.util.BitSet.checkInvariants (0x00007ab287529288) [0x00007ab287529380, 0x00007ab2875294b0] Compiler: c1, Barriers: 0, Oops: 0, ImmediateOops: 0, NonImmediateOops: No
[1,318s][debug][gc,nmethod  ] Register NMethod: java.lang.Number.<init> (0x00007ab287529588) [0x00007ab287529680, 0x00007ab2875297d8] Compiler: c1, Barriers: 0, Oops: 0, ImmediateOops: 0, NonImmediateOops: No
[1,318s][debug][gc,nmethod  ] Register NMethod: java.lang.Integer.<init> (0x00007ab287529888) [0x00007ab287529980, 0x00007ab287529b40] Compiler: c1, Barriers: 0, Oops: 0, ImmediateOops: 0, NonImmediateOops: No
[1,318s][debug][gc,nmethod  ] Register NMethod: java.util.zip.ZipFile$Source.isManifestName (0x00007ab287529b88) [0x00007ab287529c80, 0x00007ab28752a188] Compiler: c1, Barriers: 1, Oops: 0, ImmediateOops: 0, NonImmediateOops: No
[1,318s][debug][gc,nmethod  ] Register NMethod: java.util.BitSet.expandTo (0x00007ab28752a208) [0x00007ab28752a300, 0x00007ab28752a488] Compiler: c1, Barriers: 0, Oops: 0, ImmediateOops: 0, NonImmediateOops: No
[1,318s][debug][gc,nmethod  ] Register NMethod: java.lang.Integer.valueOf (0x00007ab28752a508) [0x00007ab28752a600, 0x00007ab28752a918] Compiler: c1, Barriers: 1, Oops: 0, ImmediateOops: 1, NonImmediateOops: No
[1,318s][debug][gc,nmethod  ] Register NMethod: jdk.internal.util.DecimalDigits.stringSize (0x00007ab28752a988) [0x00007ab28752aa80, 0x00007ab28752aca8] Compiler: c1, Barriers: 0, Oops: 0, ImmediateOops: 0, NonImmediateOops: No
[1,318s][debug][gc,nmethod  ] Register NMethod: java.util.zip.ZipFile$Source.getMetaVersion (0x00007ab28752ad08) [0x00007ab28752ae00, 0x00007ab28752b4c8] Compiler: c1, Barriers: 1, Oops: 0, ImmediateOops: 0, NonImmediateOops: No
[1,318s][debug][gc,nmethod  ] Register NMethod: java.lang.invoke.Invokers$Holder.linkToTargetMethod (0x00007ab28752b508) [0x00007ab28752b600, 0x00007ab28752bae8] Compiler: c1, Barriers: 0, Oops: 0, ImmediateOops: 0, NonImmediateOops: No
[1,319s][debug][gc,nmethod  ] Register NMethod: java.lang.invoke.LambdaForm$Holder.constant_L (0x00007ab28752bb08) [0x00007ab28752bc00, 0x00007ab28752bf20] Compiler: c1, Barriers: 1, Oops: 0, ImmediateOops: 0, NonImmediateOops: No
[1,319s][debug][gc,nmethod  ] Register NMethod: java.lang.Integer.hashCode (0x00007ab28752bf88) [0x00007ab28752c080, 0x00007ab28752c1d8] Compiler: c1, Barriers: 0, Oops: 0, ImmediateOops: 0, NonImmediateOops: No
[1,319s][debug][gc,nmethod  ] Register NMethod: java.lang.Integer.hashCode (0x00007ab28752c288) [0x00007ab28752c380, 0x00007ab28752c460] Compiler: c1, Barriers: 0, Oops: 0, ImmediateOops: 0, NonImmediateOops: No
[1,319s][debug][gc,nmethod  ] Register NMethod: java.util.BitSet.ensureCapacity (0x00007ab28752c588) [0x00007ab28752c680, 0x00007ab28752c940] Compiler: c1, Barriers: 4, Oops: 0, ImmediateOops: 0, NonImmediateOops: No
[1,319s][debug][gc,nmethod  ] Register NMethod: java.util.BitSet.initWords (0x00007ab28752c988) [0x00007ab28752ca80, 0x00007ab28752cce0] Compiler: c1, Barriers: 3, Oops: 0, ImmediateOops: 0, NonImmediateOops: No
[1,319s][debug][gc,nmethod  ] Register NMethod: java.util.BitSet.set (0x00007ab28752cd08) [0x00007ab28752ce00, 0x00007ab28752dd48] Compiler: c1, Barriers: 1, Oops: 1, ImmediateOops: 2, NonImmediateOops: No
[1,319s][debug][gc,nmethod  ] Register NMethod: java.util.zip.ZipFile$Source.isSignatureRelated (0x00007ab28752dd88) [0x00007ab28752de80, 0x00007ab28752e488] Compiler: c1, Barriers: 1, Oops: 0, ImmediateOops: 0, NonImmediateOops: No
[1,319s][debug][gc,nmethod  ] Register NMethod: java.util.BitSet.<init> (0x00007ab28752e508) [0x00007ab28752e600, 0x00007ab28752e928] Compiler: c1, Barriers: 3, Oops: 0, ImmediateOops: 0, NonImmediateOops: No
[1,319s][debug][gc,nmethod  ] Register NMethod: java.util.zip.ZipFile$Source.lambda$initCEN$0 (0x00007ab28752e988) [0x00007ab28752ea80, 0x00007ab28752ee30] Compiler: c1, Barriers: 3, Oops: 0, ImmediateOops: 0, NonImmediateOops: No
[1,319s][debug][gc,nmethod  ] Register NMethod: java.util.zip.ZipFile$Source$$Lambda/0x000000006c07b820.apply (0x00007ab28752ee88) [0x00007ab28752ef80, 0x00007ab28752f5b0] Compiler: c1, Barriers: 3, Oops: 0, ImmediateOops: 0, NonImmediateOops: No
[1,319s][debug][gc,nmethod  ] Register NMethod: java.util.HashMap.computeIfAbsent (0x00007ab28752f608) [0x00007ab28752f700, 0x00007ab287531f08] Compiler: c1, Barriers: 11, Oops: 0, ImmediateOops: 0, NonImmediateOops: No
[1,319s][debug][gc,nmethod  ] Register NMethod: java.util.BitSet.wordIndex (0x00007ab2a6c13288) [0x00007ab2a6c13380, 0x00007ab2a6c133e8] Compiler: jvmci, Barriers: 0, Oops: 0, ImmediateOops: 0, NonImmediateOops: No
[1,320s][debug][gc,nmethod  ] Register NMethod: java.util.HashMap.hash (0x00007ab2a6c13588) [0x00007ab2a6c13680, 0x00007ab2a6c13870] Compiler: jvmci, Barriers: 1, Oops: 0, ImmediateOops: 0, NonImmediateOops: No
[1,320s][debug][gc,nmethod  ] Register NMethod: java.util.jar.Manifest$FastInputStream.peek (0x00007ab287531f88) [0x00007ab287532080, 0x00007ab2875322b0] Compiler: c1, Barriers: 1, Oops: 0, ImmediateOops: 0, NonImmediateOops: No
[1,321s][debug][gc,nmethod  ] Register NMethod: java.util.jar.Attributes$Name.hash (0x00007ab287532308) [0x00007ab287532400, 0x00007ab287533788] Compiler: c1, Barriers: 3, Oops: 2, ImmediateOops: 3, NonImmediateOops: No
[1,321s][debug][gc,nmethod  ] Register NMethod: java.nio.DirectLongBufferU.ix (0x00007ab2a6c13888) [0x00007ab2a6c13980, 0x00007ab2a6c13a10] Compiler: jvmci, Barriers: 0, Oops: 0, ImmediateOops: 0, NonImmediateOops: No
[1,321s][debug][gc,nmethod  ] Register NMethod: sun.nio.fs.UnixPath.normalizeAndCheck (0x00007ab287533808) [0x00007ab287533900, 0x00007ab287534bf8] Compiler: c1, Barriers: 3, Oops: 1, ImmediateOops: 3, NonImmediateOops: No
[1,322s][debug][gc,nmethod  ] Register NMethod: java.util.zip.ZipFile$Source.isMetaName (0x00007ab2a6c13b88) [0x00007ab2a6c13c80, 0x00007ab2a6c13ec8] Compiler: jvmci, Barriers: 0, Oops: 0, ImmediateOops: 0, NonImmediateOops: No
[1,322s][debug][gc,nmethod  ] Register NMethod: java.util.Collections$SetFromMap.add (0x00007ab287534c08) [0x00007ab287534d00, 0x00007ab287535098] Compiler: c1, Barriers: 1, Oops: 0, ImmediateOops: 1, NonImmediateOops: No
[1,322s][debug][gc,nmethod  ] Register NMethod: java.util.Arrays.fill (0x00007ab287535108) [0x00007ab287535200, 0x00007ab287535388] Compiler: c1, Barriers: 0, Oops: 0, ImmediateOops: 0, NonImmediateOops: No
[1,322s][debug][gc,nmethod  ] Register NMethod: java.util.WeakHashMap$Entry.<init> (0x00007ab287535408) [0x00007ab287535500, 0x00007ab287535938] Compiler: c1, Barriers: 12, Oops: 0, ImmediateOops: 1, NonImmediateOops: No
[1,322s][debug][gc,nmethod  ] Register NMethod: java.util.zip.Inflater.needsInput (0x00007ab287535988) [0x00007ab287535a80, 0x00007ab2875360a8] Compiler: c1, Barriers: 2, Oops: 0, ImmediateOops: 0, NonImmediateOops: No
[1,322s][debug][gc,nmethod  ] Register NMethod: java.lang.ThreadLocal.getMap (0x00007ab287536108) [0x00007ab287536200, 0x00007ab2875369f0] Compiler: c1, Barriers: 3, Oops: 0, ImmediateOops: 0, NonImmediateOops: No
[1,322s][debug][gc,nmethod  ] Register NMethod: java.lang.Thread.terminatingThreadLocals (0x00007ab287536a08) [0x00007ab287536b00, 0x00007ab287536c68] Compiler: c1, Barriers: 2, Oops: 0, ImmediateOops: 0, NonImmediateOops: No
[1,323s][debug][gc,nmethod  ] Register NMethod: java.util.zip.ZipFile$Source.initCEN (0x00007ab287536d08) [0x00007ab287536e00, 0x00007ab28753a988] Compiler: c1, Barriers: 39, Oops: 8, ImmediateOops: 13, NonImmediateOops: No
[1,323s][debug][gc,nmethod  ] Register NMethod: jdk.internal.misc.CarrierThreadLocal.get (0x00007ab28753aa08) [0x00007ab28753ab00, 0x00007ab28753af20] Compiler: c1, Barriers: 1, Oops: 0, ImmediateOops: 1, NonImmediateOops: No
[1,323s][debug][gc,nmethod  ] Register NMethod: java.util.WeakHashMap.put (0x00007ab28753af88) [0x00007ab28753b080, 0x00007ab28753c9c0] Compiler: c1, Barriers: 26, Oops: 0, ImmediateOops: 2, NonImmediateOops: No
[1,323s][debug][gc,nmethod  ] Register NMethod: java.lang.System$1.getCarrierThreadLocal (0x00007ab28753ca08) [0x00007ab28753cb00, 0x00007ab28753cec0] Compiler: c1, Barriers: 1, Oops: 0, ImmediateOops: 0, NonImmediateOops: No
[1,323s][debug][gc,nmethod  ] Register NMethod: java.lang.ThreadLocal.getCarrierThreadLocal (0x00007ab28753cf08) [0x00007ab28753d000, 0x00007ab28753d198] Compiler: c1, Barriers: 1, Oops: 0, ImmediateOops: 0, NonImmediateOops: No
[1,323s][debug][gc,nmethod  ] Register NMethod: java.lang.ThreadLocal$ThreadLocalMap.getEntry (0x00007ab28753d208) [0x00007ab28753d300, 0x00007ab28753da00] Compiler: c1, Barriers: 2, Oops: 0, ImmediateOops: 0, NonImmediateOops: No
[1,323s][debug][gc,nmethod  ] Register NMethod: java.lang.ThreadLocal.get (0x00007ab28753da08) [0x00007ab28753db00, 0x00007ab28753df48] Compiler: c1, Barriers: 1, Oops: 0, ImmediateOops: 0, NonImmediateOops: No
[1,323s][debug][gc,nmethod  ] Register NMethod: java.util.Arrays.mismatch (0x00007ab28753df88) [0x00007ab28753e080, 0x00007ab28753e378] Compiler: c1, Barriers: 0, Oops: 0, ImmediateOops: 0, NonImmediateOops: No
[1,323s][debug][gc,director ] Rule Major: Warmup 10%, Used: 52MB, UsedThreshold: 1228MB
[1,323s][debug][gc,nmethod  ] Register NMethod: jdk.internal.ref.PhantomCleanable.clean (0x00007ab28753e388) [0x00007ab28753e480, 0x00007ab28753eca0] Compiler: c1, Barriers: 1, Oops: 0, ImmediateOops: 0, NonImmediateOops: No
[1,323s][debug][gc,nmethod  ] Register NMethod: java.lang.ref.Reference.clear (0x00007ab28753ed08) [0x00007ab28753ee00, 0x00007ab28753f100] Compiler: c1, Barriers: 0, Oops: 0, ImmediateOops: 0, NonImmediateOops: No
[1,323s][debug][gc,nmethod  ] Register NMethod: jdk.internal.ref.CleanerImpl$CleanableList.remove (0x00007ab28753f108) [0x00007ab28753f200, 0x00007ab287540030] Compiler: c1, Barriers: 30, Oops: 0, ImmediateOops: 0, NonImmediateOops: No
[1,323s][debug][gc,nmethod  ] Register NMethod: java.util.zip.ZipCoder$UTF8ZipCoder.compare (0x00007ab287540088) [0x00007ab287540180, 0x00007ab287541248] Compiler: c1, Barriers: 1, Oops: 1, ImmediateOops: 2, NonImmediateOops: No
[1,323s][debug][gc,nmethod  ] Rebuilding NMethod Table: 1024->2048 entries, 717(70%->35%) registered, 0(0%->0%) unregistered
[1,323s][debug][gc,nmethod  ] Register NMethod: jdk.internal.ref.CleanerImpl$PhantomCleanableRef.performCleanup (0x00007ab287541288) [0x00007ab287541380, 0x00007ab2875416c0] Compiler: c1, Barriers: 1, Oops: 0, ImmediateOops: 0, NonImmediateOops: No
[1,323s][debug][gc,nmethod  ] Register NMethod: java.lang.ref.PhantomReference.clearImpl (0x00007ab287541708) [0x00007ab287541800, 0x00007ab287541930] Compiler: c1, Barriers: 0, Oops: 0, ImmediateOops: 0, NonImmediateOops: No
[1,324s][debug][gc,nmethod  ] Register NMethod: java.util.zip.ZipFile$ZipFileInputStream.<init> (0x00007ab287541a08) [0x00007ab287541b00, 0x00007ab2875421e0] Compiler: c1, Barriers: 5, Oops: 0, ImmediateOops: 0, NonImmediateOops: No
[1,324s][debug][gc,nmethod  ] Register NMethod: java.util.zip.ZipFile.ensureOpenOrZipException (0x00007ab287542208) [0x00007ab287542300, 0x00007ab2875424b8] Compiler: c1, Barriers: 0, Oops: 0, ImmediateOops: 1, NonImmediateOops: No
[1,324s][debug][gc,nmethod  ] Register NMethod: java.util.zip.Inflater.inflate (0x00007ab287542508) [0x00007ab287542600, 0x00007ab2875453f0] Compiler: c1, Barriers: 10, Oops: 1, ImmediateOops: 5, NonImmediateOops: No
[1,324s][debug][gc,nmethod  ] Register NMethod: java.util.zip.ZipFile$ZipFileInputStream.read (0x00007ab287545408) [0x00007ab287545500, 0x00007ab287545d50] Compiler: c1, Barriers: 5, Oops: 0, ImmediateOops: 1, NonImmediateOops: No
[1,324s][debug][gc,nmethod  ] Register NMethod: java.util.zip.ZipUtils.LOCEXT (0x00007ab287545d88) [0x00007ab287545e80, 0x00007ab287545f98] Compiler: c1, Barriers: 0, Oops: 0, ImmediateOops: 0, NonImmediateOops: No
[1,324s][debug][gc,nmethod  ] Register NMethod: java.util.zip.ZipFile.getInputStream (0x00007ab287546088) [0x00007ab287546180, 0x00007ab2875476f8] Compiler: c1, Barriers: 11, Oops: 1, ImmediateOops: 2, NonImmediateOops: No
[1,324s][debug][gc,nmethod  ] Register NMethod: java.util.zip.ZipUtils.LOCNAM (0x00007ab287547708) [0x00007ab287547800, 0x00007ab287547918] Compiler: c1, Barriers: 0, Oops: 0, ImmediateOops: 0, NonImmediateOops: No
[1,324s][debug][gc,nmethod  ] Register NMethod: java.util.zip.ZipFile$ZipFileInputStream.initDataOffset (0x00007ab287547a08) [0x00007ab287547b00, 0x00007ab287548138] Compiler: c1, Barriers: 3, Oops: 0, ImmediateOops: 2, NonImmediateOops: No
[1,324s][debug][gc,nmethod  ] Register NMethod: java.util.HashMap.tableSizeFor (0x00007ab287548188) [0x00007ab287548280, 0x00007ab287548470] Compiler: c1, Barriers: 0, Oops: 0, ImmediateOops: 0, NonImmediateOops: No
[1,324s][debug][gc,nmethod  ] Register NMethod: java.util.zip.ZipFile$CleanableResource.getInflater (0x00007ab287548488) [0x00007ab287548580, 0x00007ab287548cb0] Compiler: c1, Barriers: 2, Oops: 0, ImmediateOops: 0, NonImmediateOops: No
[1,324s][debug][gc,nmethod  ] Register NMethod: java.util.zip.ZipFile$Source.readAt (0x00007ab287548d08) [0x00007ab287548e00, 0x00007ab287549540] Compiler: c1, Barriers: 3, Oops: 0, ImmediateOops: 2, NonImmediateOops: No
[1,324s][debug][gc,nmethod  ] Register NMethod: java.util.zip.ZipFile$ZipFileInflaterInputStream.<init> (0x00007ab287549588) [0x00007ab287549680, 0x00007ab287549e90] Compiler: c1, Barriers: 12, Oops: 1, ImmediateOops: 1, NonImmediateOops: No
[1,324s][debug][gc,nmethod  ] Register NMethod: java.util.zip.ZipFile$ZipFileInflaterInputStream.close (0x00007ab287549f08) [0x00007ab28754a000, 0x00007ab28754b310] Compiler: c1, Barriers: 10, Oops: 0, ImmediateOops: 0, NonImmediateOops: No
[1,324s][debug][gc,nmethod  ] Register NMethod: jdk.internal.misc.Unsafe.copyMemory0 (0x00007ab2a6c13f08) [0x00007ab2a6c14000, 0x00007ab2a6c14170] Compiler: , Barriers: 0, Oops: 0, ImmediateOops: 0, NonImmediateOops: No
[1,324s][debug][gc,nmethod  ] Register NMethod: java.util.zip.ZipFile$InflaterCleanupAction.<init> (0x00007ab28754b388) [0x00007ab28754b480, 0x00007ab28754b6c8] Compiler: c1, Barriers: 6, Oops: 0, ImmediateOops: 0, NonImmediateOops: No
[1,324s][debug][gc,nmethod  ] Register NMethod: java.util.zip.InflaterInputStream.<init> (0x00007ab28754b708) [0x00007ab28754b800, 0x00007ab28754bf20] Compiler: c1, Barriers: 12, Oops: 0, ImmediateOops: 1, NonImmediateOops: No
[1,324s][debug][gc,nmethod  ] Register NMethod: java.util.zip.ZipFile$InflaterCleanupAction.run (0x00007ab28754bf88) [0x00007ab28754c080, 0x00007ab28754c240] Compiler: c1, Barriers: 2, Oops: 0, ImmediateOops: 0, NonImmediateOops: No
[1,324s][debug][gc,nmethod  ] Register NMethod: java.util.zip.ZipFile$ZipFileInflaterInputStream.fill (0x00007ab28754c288) [0x00007ab28754c380, 0x00007ab28754c978] Compiler: c1, Barriers: 5, Oops: 0, ImmediateOops: 1, NonImmediateOops: No
[1,324s][debug][gc,nmethod  ] Register NMethod: java.util.zip.Inflater.setInput (0x00007ab28754c988) [0x00007ab28754ca80, 0x00007ab28754cf70] Compiler: c1, Barriers: 7, Oops: 1, ImmediateOops: 1, NonImmediateOops: No
[1,324s][debug][gc,nmethod  ] Register NMethod: java.util.zip.Inflater.reset (0x00007ab28754cf88) [0x00007ab28754d080, 0x00007ab28754d548] Compiler: c1, Barriers: 8, Oops: 0, ImmediateOops: 1, NonImmediateOops: No
[1,324s][debug][gc,nmethod  ] Register NMethod: jdk.internal.misc.Unsafe.checkPointer (0x00007ab28754d588) [0x00007ab28754d680, 0x00007ab28754d9f0] Compiler: c1, Barriers: 0, Oops: 0, ImmediateOops: 0, NonImmediateOops: No
[1,325s][debug][gc,nmethod  ] Register NMethod: java.util.zip.ZipFile$CleanableResource.releaseInflater (0x00007ab28754da08) [0x00007ab28754db00, 0x00007ab28754e058] Compiler: c1, Barriers: 2, Oops: 0, ImmediateOops: 0, NonImmediateOops: No
[1,325s][debug][gc,nmethod  ] Register NMethod: jdk.internal.misc.Unsafe.checkPrimitivePointer (0x00007ab28754e088) [0x00007ab28754e180, 0x00007ab28754ebe8] Compiler: c1, Barriers: 2, Oops: 0, ImmediateOops: 0, NonImmediateOops: No
[1,325s][debug][gc,nmethod  ] Register NMethod: java.nio.file.attribute.FileTime.<init> (0x00007ab28754ec08) [0x00007ab28754ed00, 0x00007ab28754ef50] Compiler: c1, Barriers: 6, Oops: 0, ImmediateOops: 0, NonImmediateOops: No
[1,325s][debug][gc,nmethod  ] Register NMethod: java.nio.file.attribute.FileTime.from (0x00007ab28754ef88) [0x00007ab28754f080, 0x00007ab28754f458] Compiler: c1, Barriers: 3, Oops: 1, ImmediateOops: 1, NonImmediateOops: No
[1,325s][debug][gc,nmethod  ] Register NMethod: java.util.zip.ZipEntry.isCENHeaderValid (0x00007ab28754f488) [0x00007ab28754f580, 0x00007ab2875500a0] Compiler: c1, Barriers: 2, Oops: 0, ImmediateOops: 0, NonImmediateOops: No
[1,325s][debug][gc,nmethod  ] Register NMethod: sun.nio.fs.UnixFileAttributes.lastModifiedTime (0x00007ab287550108) [0x00007ab287550200, 0x00007ab287550340] Compiler: c1, Barriers: 0, Oops: 0, ImmediateOops: 0, NonImmediateOops: No
[1,325s][debug][gc,nmethod  ] Register NMethod: sun.nio.fs.UnixFileAttributes$UnixAsBasicFileAttributes.lastModifiedTime (0x00007ab287550408) [0x00007ab287550500, 0x00007ab2875506e8] Compiler: c1, Barriers: 1, Oops: 0, ImmediateOops: 0, NonImmediateOops: No
[1,325s][debug][gc,nmethod  ] Register NMethod: java.lang.Math.addExact (0x00007ab287550708) [0x00007ab287550800, 0x00007ab2875509f0] Compiler: c1, Barriers: 0, Oops: 0, ImmediateOops: 1, NonImmediateOops: No
[1,325s][debug][gc,nmethod  ] Register NMethod: sun.nio.fs.UnixFileAttributes.toFileTime (0x00007ab287550a08) [0x00007ab287550b00, 0x00007ab287550df0] Compiler: c1, Barriers: 0, Oops: 0, ImmediateOops: 3, NonImmediateOops: No
[1,325s][debug][gc,nmethod  ] Register NMethod: java.lang.Math.multiplyExact (0x00007ab287550e08) [0x00007ab287550f00, 0x00007ab2875513a0] Compiler: c1, Barriers: 0, Oops: 0, ImmediateOops: 1, NonImmediateOops: No
[1,325s][debug][gc,nmethod  ] Register NMethod: java.lang.Float.isNaN (0x00007ab287551408) [0x00007ab287551500, 0x00007ab287551650] Compiler: c1, Barriers: 0, Oops: 0, ImmediateOops: 0, NonImmediateOops: No
[1,325s][debug][gc,nmethod  ] Register NMethod: java.lang.StringLatin1.indexOf (0x00007ab2a6c14208) [0x00007ab2a6c14300, 0x00007ab2a6c145f0] Compiler: jvmci, Barriers: 0, Oops: 0, ImmediateOops: 0, NonImmediateOops: No
[1,327s][debug][gc,nmethod  ] Register NMethod: java.lang.invoke.MemberName.isResolved (0x00007ab287551708) [0x00007ab287551800, 0x00007ab287551980] Compiler: c1, Barriers: 1, Oops: 0, ImmediateOops: 0, NonImmediateOops: No
[1,327s][debug][gc,nmethod  ] Register NMethod: java.lang.Class.cast (0x00007ab287551a08) [0x00007ab287551b00, 0x00007ab287551f58] Compiler: c1, Barriers: 0, Oops: 0, ImmediateOops: 0, NonImmediateOops: No
[1,327s][debug][gc,nmethod  ] Register NMethod: jdk.internal.util.ReferencedKeyMap.entryKey (0x00007ab287551f88) [0x00007ab287552080, 0x00007ab287552898] Compiler: c1, Barriers: 8, Oops: 0, ImmediateOops: 1, NonImmediateOops: No
[1,327s][debug][gc,nmethod  ] Register NMethod: jdk.internal.util.WeakReferenceKey.<init> (0x00007ab287552908) [0x00007ab287552a00, 0x00007ab287553008] Compiler: c1, Barriers: 6, Oops: 0, ImmediateOops: 1, NonImmediateOops: No
[1,327s][debug][gc,nmethod  ] Register NMethod: java.lang.StringUTF16.compress (0x00007ab287553088) [0x00007ab287553180, 0x00007ab2875533b0] Compiler: c1, Barriers: 0, Oops: 0, ImmediateOops: 0, NonImmediateOops: No
[1,328s][debug][gc,nmethod  ] Register NMethod: java.net.URL.getDefaultPort (0x00007ab287553408) [0x00007ab287553500, 0x00007ab287553850] Compiler: c1, Barriers: 1, Oops: 0, ImmediateOops: 0, NonImmediateOops: No
[1,328s][debug][gc,nmethod  ] Register NMethod: java.util.jar.Attributes.get (0x00007ab287553888) [0x00007ab287553980, 0x00007ab287553cc0] Compiler: c1, Barriers: 1, Oops: 0, ImmediateOops: 0, NonImmediateOops: No
[1,328s][debug][gc,nmethod  ] Register NMethod: java.util.jar.Attributes.getValue (0x00007ab287553d08) [0x00007ab287553e00, 0x00007ab2875543a0] Compiler: c1, Barriers: 1, Oops: 0, ImmediateOops: 0, NonImmediateOops: No
[1,330s][debug][gc,nmethod  ] Register NMethod: jdk.internal.loader.BuiltinClassLoader.loadClassOrNull (0x00007ab287554408) [0x00007ab287554500, 0x00007ab287554808] Compiler: c1, Barriers: 0, Oops: 0, ImmediateOops: 0, NonImmediateOops: No
[1,330s][debug][gc,nmethod  ] Register NMethod: sun.net.www.protocol.jar.Handler.checkNestedProtocol (0x00007ab287554888) [0x00007ab287554980, 0x00007ab287554d08] Compiler: c1, Barriers: 0, Oops: 0, ImmediateOops: 2, NonImmediateOops: No
[1,330s][debug][gc,nmethod  ] Register NMethod: java.net.URL.toExternalForm (0x00007ab287554d88) [0x00007ab287554e80, 0x00007ab2875551b8] Compiler: c1, Barriers: 1, Oops: 0, ImmediateOops: 0, NonImmediateOops: No
[1,330s][debug][gc,nmethod  ] Register NMethod: jdk.internal.loader.BuiltinClassLoader.findLoadedModule (0x00007ab287555208) [0x00007ab287555300, 0x00007ab2875564c0] Compiler: c1, Barriers: 1, Oops: 0, ImmediateOops: 1, NonImmediateOops: No
[1,330s][debug][gc,nmethod  ] Register NMethod: java.net.URL.toString (0x00007ab287556508) [0x00007ab287556600, 0x00007ab287556b50] Compiler: c1, Barriers: 1, Oops: 0, ImmediateOops: 0, NonImmediateOops: No
[1,330s][debug][gc,nmethod  ] Register NMethod: jdk.internal.loader.BuiltinClassLoader.loadClassOrNull (0x00007ab287556b88) [0x00007ab287556c80, 0x00007ab287558718] Compiler: c1, Barriers: 3, Oops: 0, ImmediateOops: 2, NonImmediateOops: No
[1,330s][debug][gc,nmethod  ] Register NMethod: java.util.jar.JavaUtilJarAccessImpl.entryFor (0x00007ab287558788) [0x00007ab287558880, 0x00007ab287558f68] Compiler: c1, Barriers: 6, Oops: 0, ImmediateOops: 0, NonImmediateOops: No
[1,330s][debug][gc,nmethod  ] Register NMethod: java.util.jar.JarFile.entryFor (0x00007ab287558f88) [0x00007ab287559080, 0x00007ab287559468] Compiler: c1, Barriers: 6, Oops: 0, ImmediateOops: 0, NonImmediateOops: No
[1,330s][debug][gc,nmethod  ] Register NMethod: java.util.jar.JarEntry.<init> (0x00007ab287559488) [0x00007ab287559580, 0x00007ab2875596b0] Compiler: c1, Barriers: 0, Oops: 0, ImmediateOops: 0, NonImmediateOops: No
[1,331s][debug][gc,nmethod  ] Register NMethod: java.util.jar.JarFile$JarFileEntry.<init> (0x00007ab287559788) [0x00007ab287559880, 0x00007ab287559c70] Compiler: c1, Barriers: 6, Oops: 0, ImmediateOops: 0, NonImmediateOops: No
[1,331s][debug][gc,nmethod  ] Register NMethod: java.util.zip.ZipUtils.CENTIM (0x00007ab287559c88) [0x00007ab287559d80, 0x00007ab287559e90] Compiler: c1, Barriers: 0, Oops: 0, ImmediateOops: 0, NonImmediateOops: No
[1,331s][debug][gc,nmethod  ] Register NMethod: java.util.zip.ZipUtils.CENCRC (0x00007ab287559f88) [0x00007ab28755a080, 0x00007ab28755a190] Compiler: c1, Barriers: 0, Oops: 0, ImmediateOops: 0, NonImmediateOops: No
[1,331s][debug][gc,nmethod  ] Register NMethod: java.util.zip.ZipEntry.<init> (0x00007ab28755a288) [0x00007ab28755a380, 0x00007ab28755a830] Compiler: c1, Barriers: 3, Oops: 1, ImmediateOops: 2, NonImmediateOops: No
[1,331s][debug][gc,nmethod  ] Register NMethod: java.util.zip.ZipUtils.CENVEM_FA (0x00007ab28755a888) [0x00007ab28755a980, 0x00007ab28755aae8] Compiler: c1, Barriers: 0, Oops: 0, ImmediateOops: 0, NonImmediateOops: No
[1,331s][debug][gc,nmethod  ] Register NMethod: java.net.URLStreamHandler.toExternalForm (0x00007ab28755ab88) [0x00007ab28755ac80, 0x00007ab28755f0c0] Compiler: c1, Barriers: 6, Oops: 1, ImmediateOops: 9, NonImmediateOops: No
[1,331s][debug][gc,nmethod  ] Register NMethod: java.lang.invoke.MethodHandles$Lookup.previousLookupClass (0x00007ab2a6c14608) [0x00007ab2a6c14700, 0x00007ab2a6c147e8] Compiler: c1, Barriers: 1, Oops: 0, ImmediateOops: 0, NonImmediateOops: No
[1,331s][debug][gc,nmethod  ] Register NMethod: jdk.internal.classfile.impl.StackMapGenerator$Frame.pushStack (0x00007ab28755f108) [0x00007ab28755f200, 0x00007ab28755f660] Compiler: c1, Barriers: 4, Oops: 0, ImmediateOops: 0, NonImmediateOops: No
[1,331s][debug][gc,nmethod  ] Register NMethod: jdk.internal.classfile.impl.StackMapGenerator$Type.referenceType (0x00007ab28755f688) [0x00007ab28755f780, 0x00007ab28755fa50] Compiler: c1, Barriers: 3, Oops: 0, ImmediateOops: 0, NonImmediateOops: No
[1,331s][debug][gc,nmethod  ] Register NMethod: jdk.internal.classfile.impl.DirectClassBuilder.constantPool (0x00007ab28755fa88) [0x00007ab28755fb80, 0x00007ab28755fcc0] Compiler: c1, Barriers: 1, Oops: 0, ImmediateOops: 0, NonImmediateOops: No
[1,331s][debug][gc,nmethod  ] Register NMethod: jdk.internal.classfile.impl.RawBytecodeHelper.getU2Unchecked (0x00007ab28755fd88) [0x00007ab28755fe80, 0x00007ab287560208] Compiler: c1, Barriers: 2, Oops: 0, ImmediateOops: 1, NonImmediateOops: No
[1,331s][debug][gc,nmethod  ] Register NMethod: jdk.internal.classfile.impl.RawBytecodeHelper.getIndexU2 (0x00007ab287560288) [0x00007ab287560380, 0x00007ab287560678] Compiler: c1, Barriers: 0, Oops: 0, ImmediateOops: 0, NonImmediateOops: No
[1,332s][debug][gc,nmethod  ] Register NMethod: java.lang.invoke.MethodHandle.linkToSpecial (0x00007ab2a6c14908) [0x00007ab2a6c14a00, 0x00007ab2a6c14af8] Compiler: , Barriers: 0, Oops: 0, ImmediateOops: 0, NonImmediateOops: No
[1,332s][debug][gc,nmethod  ] Register NMethod: jdk.internal.classfile.impl.AbstractPoolEntry$AbstractRefEntry.writeTo (0x00007ab287560688) [0x00007ab287560780, 0x00007ab287560ed8] Compiler: c1, Barriers: 1, Oops: 0, ImmediateOops: 0, NonImmediateOops: No
[1,332s][debug][gc,nmethod  ] Register NMethod: java.lang.invoke.MethodHandle.invokeBasic (0x00007ab2a6c14c08) [0x00007ab2a6c14d00, 0x00007ab2a6c14f98] Compiler: , Barriers: 0, Oops: 0, ImmediateOops: 0, NonImmediateOops: No
[1,332s][debug][gc,nmethod  ] Register NMethod: java.lang.invoke.LambdaForm$Name.withIndex (0x00007ab287560f08) [0x00007ab287561000, 0x00007ab2875612e8] Compiler: c1, Barriers: 4, Oops: 0, ImmediateOops: 0, NonImmediateOops: No
[1,332s][debug][gc,nmethod  ] Register NMethod: jdk.internal.classfile.impl.StackMapGenerator$Frame.checkLocal (0x00007ab287561308) [0x00007ab287561400, 0x00007ab287562058] Compiler: c1, Barriers: 11, Oops: 1, ImmediateOops: 2, NonImmediateOops: No
[1,332s][debug][gc,nmethod  ] Register NMethod: jdk.internal.classfile.impl.BufWriterImpl.writeIndex (0x00007ab287562088) [0x00007ab287562180, 0x00007ab2875645a8] Compiler: c1, Barriers: 1, Oops: 1, ImmediateOops: 3, NonImmediateOops: No
[1,332s][debug][gc,nmethod  ] Register NMethod: java.lang.reflect.Modifier.isStatic (0x00007ab287564608) [0x00007ab287564700, 0x00007ab287564830] Compiler: c1, Barriers: 0, Oops: 0, ImmediateOops: 0, NonImmediateOops: No
[1,332s][debug][gc,nmethod  ] Register NMethod: jdk.internal.classfile.impl.AbstractAttributeMapper.allowMultiple (0x00007ab2a6c15008) [0x00007ab2a6c15100, 0x00007ab2a6c151c0] Compiler: c1, Barriers: 0, Oops: 0, ImmediateOops: 0, NonImmediateOops: No
[1,332s][debug][gc,nmethod  ] Register NMethod: jdk.internal.constant.MethodTypeDescImpl.returnType (0x00007ab2a6c15308) [0x00007ab2a6c15400, 0x00007ab2a6c154e8] Compiler: c1, Barriers: 1, Oops: 0, ImmediateOops: 0, NonImmediateOops: No
[1,332s][debug][gc,nmethod  ] Register NMethod: sun.invoke.util.VerifyAccess.isClassAccessible (0x00007ab287564908) [0x00007ab287564a00, 0x00007ab287566980] Compiler: c1, Barriers: 4, Oops: 0, ImmediateOops: 3, NonImmediateOops: No
[1,332s][debug][gc,nmethod  ] Register NMethod: jdk.internal.classfile.impl.RawBytecodeHelper.opcode (0x00007ab2a6c15608) [0x00007ab2a6c15700, 0x00007ab2a6c15788] Compiler: jvmci, Barriers: 0, Oops: 0, ImmediateOops: 0, NonImmediateOops: No
[1,332s][debug][gc,nmethod  ] Register NMethod: jdk.internal.classfile.impl.StackMapGenerator$Frame.decStack (0x00007ab287566988) [0x00007ab287566a80, 0x00007ab287566ce0] Compiler: c1, Barriers: 2, Oops: 1, ImmediateOops: 1, NonImmediateOops: No
[1,332s][debug][gc,nmethod  ] Register NMethod: java.lang.reflect.Method.getName (0x00007ab2a6c15908) [0x00007ab2a6c15a00, 0x00007ab2a6c15ae8] Compiler: c1, Barriers: 1, Oops: 0, ImmediateOops: 0, NonImmediateOops: No
[1,333s][debug][gc,nmethod  ] Register NMethod: java.util.Objects.requireNonNull (0x00007ab2a6c15c08) [0x00007ab2a6c15d00, 0x00007ab2a6c15d98] Compiler: jvmci, Barriers: 0, Oops: 0, ImmediateOops: 0, NonImmediateOops: No
[1,333s][debug][gc,nmethod  ] Register NMethod: java.lang.Long.<init> (0x00007ab287566d08) [0x00007ab287566e00, 0x00007ab287566fc0] Compiler: c1, Barriers: 0, Oops: 0, ImmediateOops: 0, NonImmediateOops: No
[1,333s][debug][gc,nmethod  ] Register NMethod: java.lang.invoke.MethodHandle.linkToStatic (0x00007ab2a6c15f08) [0x00007ab2a6c16000, 0x00007ab2a6c160f0] Compiler: , Barriers: 0, Oops: 0, ImmediateOops: 0, NonImmediateOops: No
[1,333s][debug][gc,nmethod  ] Register NMethod: java.lang.invoke.MethodTypeForm.canonicalize (0x00007ab287567008) [0x00007ab287567100, 0x00007ab2875677b0] Compiler: c1, Barriers: 2, Oops: 0, ImmediateOops: 0, NonImmediateOops: No
[1,333s][debug][gc,nmethod  ] Register NMethod: java.lang.ref.SoftReference.get (0x00007ab287567808) [0x00007ab287567900, 0x00007ab287567ac0] Compiler: c1, Barriers: 2, Oops: 0, ImmediateOops: 1, NonImmediateOops: No
[1,333s][debug][gc,director ] Rule Major: Warmup 10%, Used: 54MB, UsedThreshold: 1228MB
[1,333s][debug][gc,nmethod  ] Register NMethod: jdk.internal.util.ReferencedKeyMap.existingKey (0x00007ab287567b08) [0x00007ab287567c00, 0x00007ab287569910] Compiler: c1, Barriers: 11, Oops: 1, ImmediateOops: 0, NonImmediateOops: No
[1,333s][debug][gc,nmethod  ] Register NMethod: jdk.internal.util.ReferencedKeyMap.internKey (0x00007ab287569988) [0x00007ab287569a80, 0x00007ab28756b228] Compiler: c1, Barriers: 5, Oops: 0, ImmediateOops: 0, NonImmediateOops: No
[1,334s][debug][gc,nmethod  ] Register NMethod: jdk.internal.classfile.impl.Util.powerOctal (0x00007ab28756b288) [0x00007ab28756b380, 0x00007ab28756b540] Compiler: c1, Barriers: 0, Oops: 1, ImmediateOops: 1, NonImmediateOops: No
[1,334s][debug][gc,nmethod  ] Register NMethod: java.lang.Character.reverseBytes (0x00007ab28756b588) [0x00007ab28756b680, 0x00007ab28756b778] Compiler: c1, Barriers: 0, Oops: 0, ImmediateOops: 0, NonImmediateOops: No
[1,334s][debug][gc,nmethod  ] Register NMethod: jdk.internal.misc.Unsafe.convEndian (0x00007ab28756b888) [0x00007ab28756b980, 0x00007ab28756bb20] Compiler: c1, Barriers: 0, Oops: 0, ImmediateOops: 0, NonImmediateOops: No
[1,334s][debug][gc,nmethod  ] Register NMethod: jdk.internal.misc.Unsafe.getCharUnaligned (0x00007ab28756bb88) [0x00007ab28756bc80, 0x00007ab28756c010] Compiler: c1, Barriers: 0, Oops: 0, ImmediateOops: 0, NonImmediateOops: No
[1,334s][debug][gc,nmethod  ] Register NMethod: java.lang.CharacterDataLatin1.toLowerCase (0x00007ab28756c088) [0x00007ab28756c180, 0x00007ab28756c3c0] Compiler: c1, Barriers: 0, Oops: 0, ImmediateOops: 0, NonImmediateOops: No
[1,335s][debug][gc,nmethod  ] Register NMethod: java.lang.String.getBytes (0x00007ab2a6c16208) [0x00007ab2a6c16300, 0x00007ab2a6c16640] Compiler: jvmci, Barriers: 1, Oops: 0, ImmediateOops: 0, NonImmediateOops: No
[1,336s][debug][gc,nmethod  ] Register NMethod: java.lang.Enum.name (0x00007ab2a6c16688) [0x00007ab2a6c16780, 0x00007ab2a6c16868] Compiler: c1, Barriers: 1, Oops: 0, ImmediateOops: 0, NonImmediateOops: No
[1,337s][debug][gc,nmethod  ] Register NMethod: java.lang.StringLatin1.canEncode (0x00007ab28756c408) [0x00007ab28756c500, 0x00007ab28756c660] Compiler: c1, Barriers: 0, Oops: 0, ImmediateOops: 0, NonImmediateOops: No
[1,337s][debug][gc,nmethod  ] Register NMethod: java.lang.CharacterDataLatin1.toUpperCaseEx (0x00007ab28756c708) [0x00007ab28756c800, 0x00007ab28756cc30] Compiler: c1, Barriers: 0, Oops: 0, ImmediateOops: 1, NonImmediateOops: No
[1,337s][debug][gc,nmethod  ] Register NMethod: java.util.concurrent.ConcurrentHashMap.put (0x00007ab28756cc88) [0x00007ab28756cd80, 0x00007ab28756d080] Compiler: c1, Barriers: 0, Oops: 0, ImmediateOops: 0, NonImmediateOops: No
[1,337s][debug][gc,nmethod  ] Register NMethod: sun.util.locale.BaseLocale.getLanguage (0x00007ab2a6c16988) [0x00007ab2a6c16a80, 0x00007ab2a6c16b68] Compiler: c1, Barriers: 1, Oops: 0, ImmediateOops: 0, NonImmediateOops: No
[1,337s][debug][gc,nmethod  ] Register NMethod: java.util.concurrent.ConcurrentHashMap$Node.<init> (0x00007ab28756d088) [0x00007ab28756d180, 0x00007ab28756d4a8] Compiler: c1, Barriers: 9, Oops: 0, ImmediateOops: 0, NonImmediateOops: No
[1,337s][debug][gc,nmethod  ] Register NMethod: java.lang.StringLatin1.toUpperCase (0x00007ab28756d508) [0x00007ab28756d600, 0x00007ab28756e6c8] Compiler: c1, Barriers: 5, Oops: 0, ImmediateOops: 4, NonImmediateOops: No
[1,337s][debug][gc,nmethod  ] Register NMethod: java.util.Objects.nonNull (0x00007ab28756e708) [0x00007ab28756e800, 0x00007ab28756e930] Compiler: c1, Barriers: 0, Oops: 0, ImmediateOops: 0, NonImmediateOops: No
[1,338s][debug][gc,nmethod  ] Register NMethod: java.lang.StringLatin1.canEncode (0x00007ab2a6c16c88) [0x00007ab2a6c16d80, 0x00007ab2a6c16e20] Compiler: jvmci, Barriers: 0, Oops: 0, ImmediateOops: 0, NonImmediateOops: No
[1,338s][debug][gc,nmethod  ] Register NMethod: java.lang.String.toUpperCase (0x00007ab28756ea08) [0x00007ab28756eb00, 0x00007ab28756efb0] Compiler: c1, Barriers: 2, Oops: 0, ImmediateOops: 0, NonImmediateOops: No
[1,338s][debug][gc,nmethod  ] Register NMethod: java.util.ArrayList$Itr.hasNext (0x00007ab28756f008) [0x00007ab28756f100, 0x00007ab28756f290] Compiler: c1, Barriers: 1, Oops: 0, ImmediateOops: 0, NonImmediateOops: No
[1,338s][debug][gc,nmethod  ] Register NMethod: java.util.Properties.put (0x00007ab28756f308) [0x00007ab28756f400, 0x00007ab28756f900] Compiler: c1, Barriers: 1, Oops: 0, ImmediateOops: 0, NonImmediateOops: No
[1,338s][debug][gc,nmethod  ] Register NMethod: java.util.ArrayList$Itr.checkForComodification (0x00007ab28756f908) [0x00007ab28756fa00, 0x00007ab28756fbe8] Compiler: c1, Barriers: 1, Oops: 0, ImmediateOops: 0, NonImmediateOops: No
[1,338s][debug][gc,nmethod  ] Register NMethod: java.util.ArrayList$Itr.next (0x00007ab28756fc08) [0x00007ab28756fd00, 0x00007ab2875702f0] Compiler: c1, Barriers: 3, Oops: 0, ImmediateOops: 0, NonImmediateOops: No
[1,338s][debug][gc,nmethod  ] Register NMethod: java.security.Provider$Service.getType (0x00007ab2a6c16f88) [0x00007ab2a6c17080, 0x00007ab2a6c17168] Compiler: c1, Barriers: 1, Oops: 0, ImmediateOops: 0, NonImmediateOops: No
[1,338s][debug][gc,nmethod  ] Register NMethod: java.security.Provider$Service.getAlgorithm (0x00007ab2a6c17288) [0x00007ab2a6c17380, 0x00007ab2a6c17468] Compiler: c1, Barriers: 1, Oops: 0, ImmediateOops: 0, NonImmediateOops: No
[1,338s][debug][gc,nmethod  ] Register NMethod: java.security.Provider$Service.getAliases (0x00007ab2a6c17588) [0x00007ab2a6c17680, 0x00007ab2a6c17768] Compiler: c1, Barriers: 1, Oops: 0, ImmediateOops: 0, NonImmediateOops: No
[1,339s][debug][gc,nmethod  ] Register NMethod: java.lang.Integer.rotateLeft (0x00007ab287570308) [0x00007ab287570400, 0x00007ab2875704f0] Compiler: c1, Barriers: 0, Oops: 0, ImmediateOops: 0, NonImmediateOops: No
[1,339s][debug][gc,nmethod  ] Register NMethod: jdk.internal.misc.Unsafe.getIntUnaligned (0x00007ab287570608) [0x00007ab287570700, 0x00007ab287570948] Compiler: c1, Barriers: 0, Oops: 0, ImmediateOops: 0, NonImmediateOops: No
[1,339s][debug][gc,nmethod  ] Register NMethod: java.lang.invoke.MemberName.getMethodOrFieldType (0x00007ab287570988) [0x00007ab287570a80, 0x00007ab287572f18] Compiler: c1, Barriers: 0, Oops: 2, ImmediateOops: 5, NonImmediateOops: No
[1,339s][debug][gc,nmethod  ] Register NMethod: java.lang.invoke.VarForm.getMemberName (0x00007ab287572f88) [0x00007ab287573080, 0x00007ab287573800] Compiler: c1, Barriers: 4, Oops: 0, ImmediateOops: 1, NonImmediateOops: No
[1,339s][debug][gc,nmethod  ] Register NMethod: java.lang.invoke.MethodHandle.invokeBasic (0x00007ab2a6c17888) [0x00007ab2a6c17980, 0x00007ab2a6c17c18] Compiler: , Barriers: 0, Oops: 0, ImmediateOops: 0, NonImmediateOops: No
[1,339s][debug][gc,nmethod  ] Register NMethod: java.lang.Integer.rotateLeft (0x00007ab2a6c17c88) [0x00007ab2a6c17d80, 0x00007ab2a6c17df0] Compiler: jvmci, Barriers: 0, Oops: 0, ImmediateOops: 0, NonImmediateOops: No
[1,339s][debug][gc,nmethod  ] Register NMethod: sun.security.util.KnownOIDs.register (0x00007ab287573808) [0x00007ab287573900, 0x00007ab28757c288] Compiler: c1, Barriers: 24, Oops: 6, ImmediateOops: 22, NonImmediateOops: No
[1,339s][debug][gc,nmethod  ] Register NMethod: java.lang.invoke.VarHandle.checkAccessModeThenIsDirect (0x00007ab28757c308) [0x00007ab28757c400, 0x00007ab28757d5a8] Compiler: c1, Barriers: 10, Oops: 0, ImmediateOops: 1, NonImmediateOops: No
[1,339s][debug][gc,nmethod  ] Register NMethod: java.lang.invoke.VarHandleByteArrayAsInts$ArrayHandle.index (0x00007ab28757d608) [0x00007ab28757d700, 0x00007ab28757d838] Compiler: c1, Barriers: 0, Oops: 1, ImmediateOops: 1, NonImmediateOops: No
[1,340s][debug][gc,nmethod  ] Register NMethod: java.lang.invoke.VarHandleByteArrayAsInts$ArrayHandle.get (0x00007ab28757d908) [0x00007ab28757da00, 0x00007ab28757e1b0] Compiler: c1, Barriers: 0, Oops: 2, ImmediateOops: 2, NonImmediateOops: No
[1,340s][debug][gc,nmethod  ] Register NMethod: java.lang.invoke.VarHandleGuards.guard_LI_I (0x00007ab28757e208) [0x00007ab28757e300, 0x00007ab2875811d8] Compiler: c1, Barriers: 28, Oops: 0, ImmediateOops: 2, NonImmediateOops: No
[1,340s][debug][gc,nmethod  ] Register NMethod: java.lang.invoke.VarHandle.accessModeType (0x00007ab287581208) [0x00007ab287581300, 0x00007ab2875821a8] Compiler: c1, Barriers: 9, Oops: 0, ImmediateOops: 1, NonImmediateOops: No
[1,340s][debug][gc,nmethod  ] Register NMethod: java.lang.Math.min (0x00007ab287582208) [0x00007ab287582300, 0x00007ab287582428] Compiler: c1, Barriers: 0, Oops: 0, ImmediateOops: 0, NonImmediateOops: No
[1,340s][debug][gc,nmethod  ] Register NMethod: java.lang.Throwable.fillInStackTrace (0x00007ab287582508) [0x00007ab287582600, 0x00007ab2875829d8] Compiler: c1, Barriers: 5, Oops: 0, ImmediateOops: 1, NonImmediateOops: No
[1,341s][debug][gc,nmethod  ] Register NMethod: jdk.internal.misc.Unsafe.convEndian (0x00007ab2a6c17f88) [0x00007ab2a6c18080, 0x00007ab2a6c18118] Compiler: jvmci, Barriers: 0, Oops: 0, ImmediateOops: 0, NonImmediateOops: No
[1,342s][debug][gc,nmethod  ] Register NMethod: java.lang.invoke.MethodHandle.invokeBasic (0x00007ab2a6c18288) [0x00007ab2a6c18380, 0x00007ab2a6c18618] Compiler: , Barriers: 0, Oops: 0, ImmediateOops: 0, NonImmediateOops: No
[1,342s][debug][gc,nmethod  ] Register NMethod: java.lang.invoke.MethodHandle.linkToSpecial (0x00007ab2a6c18688) [0x00007ab2a6c18780, 0x00007ab2a6c18878] Compiler: , Barriers: 0, Oops: 0, ImmediateOops: 0, NonImmediateOops: No
[1,342s][debug][gc,nmethod  ] Register NMethod: sun.invoke.util.Wrapper.basicTypeChar (0x00007ab287582a08) [0x00007ab287582b00, 0x00007ab287583030] Compiler: c1, Barriers: 0, Oops: 0, ImmediateOops: 0, NonImmediateOops: No
[1,342s][debug][gc,nmethod  ] Register NMethod: java.lang.invoke.LambdaForm$BasicType.basicType (0x00007ab287583088) [0x00007ab287583180, 0x00007ab287583718] Compiler: c1, Barriers: 0, Oops: 0, ImmediateOops: 0, NonImmediateOops: No
[1,342s][debug][gc,nmethod  ] Register NMethod: java.lang.invoke.LambdaForm$BasicType.basicType (0x00007ab287583788) [0x00007ab287583880, 0x00007ab287584b88] Compiler: c1, Barriers: 0, Oops: 2, ImmediateOops: 10, NonImmediateOops: No
[1,342s][debug][gc,nmethod  ] Register NMethod: java.lang.invoke.MemberName.flagsMods (0x00007ab287584c08) [0x00007ab287584d00, 0x00007ab287584e00] Compiler: c1, Barriers: 0, Oops: 0, ImmediateOops: 0, NonImmediateOops: No
[1,342s][debug][gc,nmethod  ] Register NMethod: java.lang.invoke.MemberName.init (0x00007ab287584f08) [0x00007ab287585000, 0x00007ab287585278] Compiler: c1, Barriers: 9, Oops: 0, ImmediateOops: 0, NonImmediateOops: No
[1,343s][debug][gc,nmethod  ] Register NMethod: java.util.HashMap.putIfAbsent (0x00007ab2a6c18988) [0x00007ab2a6c18aa0, 0x00007ab2a6c1a268] Compiler: jvmci, Barriers: 59, Oops: 0, ImmediateOops: 0, NonImmediateOops: No
[1,343s][debug][gc,nmethod  ] Register NMethod: java.lang.invoke.MethodHandle.invokeBasic (0x00007ab2a6c1a288) [0x00007ab2a6c1a380, 0x00007ab2a6c1a618] Compiler: , Barriers: 0, Oops: 0, ImmediateOops: 0, NonImmediateOops: No
[1,343s][debug][gc,nmethod  ] Register NMethod: java.lang.invoke.MemberName.isStatic (0x00007ab287585288) [0x00007ab287585380, 0x00007ab287585530] Compiler: c1, Barriers: 0, Oops: 0, ImmediateOops: 0, NonImmediateOops: No
[1,343s][debug][gc,director ] Rule Major: Warmup 10%, Used: 54MB, UsedThreshold: 1228MB
[1,343s][debug][gc,nmethod  ] Register NMethod: sun.invoke.util.Wrapper.forPrimitiveType (0x00007ab287585588) [0x00007ab287585680, 0x00007ab287586a10] Compiler: c1, Barriers: 0, Oops: 1, ImmediateOops: 21, NonImmediateOops: No
[1,343s][debug][gc,nmethod  ] Register NMethod: jdk.internal.classfile.impl.AbstractPoolEntry$MethodRefEntryImpl.tag (0x00007ab2a6c1a688) [0x00007ab2a6c1a780, 0x00007ab2a6c1a840] Compiler: c1, Barriers: 0, Oops: 0, ImmediateOops: 0, NonImmediateOops: No
[1,343s][debug][gc,nmethod  ] Register NMethod: java.lang.invoke.MethodType.genericMethodType (0x00007ab287586a88) [0x00007ab287586b80, 0x00007ab2875881d0] Compiler: c1, Barriers: 7, Oops: 1, ImmediateOops: 7, NonImmediateOops: No
[1,344s][debug][gc,nmethod  ] Register NMethod: java.util.Arrays.equals (0x00007ab287588208) [0x00007ab287588300, 0x00007ab2875889d0] Compiler: c1, Barriers: 2, Oops: 0, ImmediateOops: 0, NonImmediateOops: No
[1,344s][debug][gc,nmethod  ] Register NMethod: java.lang.AbstractStringBuilder.needsNewBuffer (0x00007ab2a6c1a988) [0x00007ab2a6c1aa80, 0x00007ab2a6c1ab68] Compiler: jvmci, Barriers: 0, Oops: 0, ImmediateOops: 0, NonImmediateOops: No
[1,344s][debug][gc,nmethod  ] Register NMethod: java.lang.invoke.MethodHandle.linkToStatic (0x00007ab2a6c1ac88) [0x00007ab2a6c1ad80, 0x00007ab2a6c1ae70] Compiler: , Barriers: 0, Oops: 0, ImmediateOops: 0, NonImmediateOops: No
[1,344s][debug][gc,nmethod  ] Register NMethod: java.lang.invoke.MethodHandle.invokeBasic (0x00007ab2a6c1af88) [0x00007ab2a6c1b080, 0x00007ab2a6c1b318] Compiler: , Barriers: 0, Oops: 0, ImmediateOops: 0, NonImmediateOops: No
[1,344s][debug][gc,nmethod  ] Register NMethod: jdk.internal.classfile.impl.AbstractPoolEntry$AbstractMemberRefEntry.nameAndType (0x00007ab287588a08) [0x00007ab287588b00, 0x00007ab287589050] Compiler: c1, Barriers: 1, Oops: 0, ImmediateOops: 0, NonImmediateOops: No
[1,344s][debug][gc,nmethod  ] Register NMethod: jdk.internal.classfile.impl.AbstractPoolEntry$AbstractMemberRefEntry.nameAndType (0x00007ab287589088) [0x00007ab287589180, 0x00007ab2875894b8] Compiler: c1, Barriers: 1, Oops: 0, ImmediateOops: 0, NonImmediateOops: No
[1,344s][debug][gc,nmethod  ] Register NMethod: jdk.internal.classfile.impl.LabelImpl.setBCI (0x00007ab2a6c1b388) [0x00007ab2a6c1b480, 0x00007ab2a6c1b540] Compiler: c1, Barriers: 0, Oops: 0, ImmediateOops: 0, NonImmediateOops: No
[1,345s][debug][gc,nmethod  ] Register NMethod: jdk.internal.classfile.impl.AttributeHolder.withAttribute (0x00007ab287589508) [0x00007ab287589600, 0x00007ab28758a868] Compiler: c1, Barriers: 9, Oops: 0, ImmediateOops: 0, NonImmediateOops: No
[1,345s][debug][gc,nmethod  ] Register NMethod: java.lang.StringCoding.countNonZeroAsciiLatin1 (0x00007ab2a6c1b688) [0x00007ab2a6c1b7a0, 0x00007ab2a6c1bb28] Compiler: jvmci, Barriers: 0, Oops: 0, ImmediateOops: 0, NonImmediateOops: No
[1,345s][debug][gc,nmethod  ] Register NMethod: jdk.internal.classfile.impl.AbstractPoolEntry$NameAndTypeEntryImpl.type (0x00007ab28758a888) [0x00007ab28758a980, 0x00007ab28758acd0] Compiler: c1, Barriers: 1, Oops: 0, ImmediateOops: 0, NonImmediateOops: No
[1,345s][debug][gc,nmethod  ] Register NMethod: java.io.ObjectStreamField.getName (0x00007ab2a6c1bb88) [0x00007ab2a6c1bc80, 0x00007ab2a6c1bd68] Compiler: c1, Barriers: 1, Oops: 0, ImmediateOops: 0, NonImmediateOops: No
[1,346s][debug][gc,nmethod  ] Register NMethod: java.lang.invoke.LambdaForm.forceInterpretation (0x00007ab28758ad08) [0x00007ab28758ae00, 0x00007ab28758af50] Compiler: c1, Barriers: 0, Oops: 0, ImmediateOops: 0, NonImmediateOops: No
[1,346s][debug][gc,nmethod  ] Register NMethod: java.lang.Class.getSuperclass (0x00007ab2a6c1be88) [0x00007ab2a6c1bf80, 0x00007ab2a6c1c2a0] Compiler: , Barriers: 0, Oops: 0, ImmediateOops: 0, NonImmediateOops: No
[1,346s][debug][gc,nmethod  ] Register NMethod: jdk.internal.constant.MethodTypeDescImpl.descriptorString (0x00007ab28758b008) [0x00007ab28758b100, 0x00007ab28758b2c0] Compiler: c1, Barriers: 1, Oops: 0, ImmediateOops: 0, NonImmediateOops: No
[1,346s][debug][gc,nmethod  ] Register NMethod: jdk.internal.classfile.impl.SplitConstantPool.utf8Entry (0x00007ab28758b308) [0x00007ab28758b400, 0x00007ab28758b920] Compiler: c1, Barriers: 5, Oops: 0, ImmediateOops: 0, NonImmediateOops: No
[1,347s][debug][gc,nmethod  ] Register NMethod: java.lang.invoke.MemberName$Factory.resolve (0x00007ab28758b988) [0x00007ab28758ba80, 0x00007ab28758c9e8] Compiler: c1, Barriers: 7, Oops: 0, ImmediateOops: 0, NonImmediateOops: No
[1,347s][debug][gc,nmethod  ] Register NMethod: jdk.internal.classfile.impl.DirectMethodBuilder.methodTypeSymbol (0x00007ab28758ca08) [0x00007ab28758cb00, 0x00007ab28758d268] Compiler: c1, Barriers: 1, Oops: 0, ImmediateOops: 0, NonImmediateOops: No
[1,347s][debug][gc,nmethod  ] Register NMethod: java.lang.invoke.LambdaForm.argument (0x00007ab28758d288) [0x00007ab28758d380, 0x00007ab28758d7f0] Compiler: c1, Barriers: 2, Oops: 0, ImmediateOops: 1, NonImmediateOops: No
[1,347s][debug][gc,nmethod  ] Register NMethod: java.lang.invoke.LambdaForm$Name.index (0x00007ab2a6c1c308) [0x00007ab2a6c1c400, 0x00007ab2a6c1c4c0] Compiler: c1, Barriers: 0, Oops: 0, ImmediateOops: 0, NonImmediateOops: No
[1,347s][debug][gc,nmethod  ] Register NMethod: java.lang.invoke.MemberName.getName (0x00007ab28758d808) [0x00007ab28758d900, 0x00007ab28758dee8] Compiler: c1, Barriers: 5, Oops: 0, ImmediateOops: 0, NonImmediateOops: No
[1,347s][debug][gc,nmethod  ] Register NMethod: jdk.internal.classfile.impl.DirectCodeBuilder.curPc (0x00007ab28758df08) [0x00007ab28758e000, 0x00007ab28758e310] Compiler: c1, Barriers: 1, Oops: 0, ImmediateOops: 0, NonImmediateOops: No
[1,347s][debug][gc,nmethod  ] Register NMethod: java.lang.invoke.LambdaForm$BasicType.basicTypeKind (0x00007ab2a6c1c608) [0x00007ab2a6c1c700, 0x00007ab2a6c1c7e8] Compiler: c1, Barriers: 1, Oops: 0, ImmediateOops: 0, NonImmediateOops: No
[1,347s][debug][gc,nmethod  ] Register NMethod: jdk.internal.classfile.impl.LabelImpl.<init> (0x00007ab28758e388) [0x00007ab28758e480, 0x00007ab28758e6b8] Compiler: c1, Barriers: 3, Oops: 0, ImmediateOops: 0, NonImmediateOops: No
[1,347s][debug][gc,nmethod  ] Register NMethod: jdk.internal.classfile.impl.DirectMethodBuilder.methodName (0x00007ab2a6c1c908) [0x00007ab2a6c1ca00, 0x00007ab2a6c1cae8] Compiler: c1, Barriers: 1, Oops: 0, ImmediateOops: 0, NonImmediateOops: No
[1,347s][debug][gc,nmethod  ] Register NMethod: jdk.internal.classfile.impl.BufWriterImpl.thisClass (0x00007ab2a6c1cc08) [0x00007ab2a6c1cd00, 0x00007ab2a6c1cde8] Compiler: c1, Barriers: 1, Oops: 0, ImmediateOops: 0, NonImmediateOops: No
[1,347s][debug][gc,nmethod  ] Register NMethod: java.util.WeakHashMap.getTable (0x00007ab28758e708) [0x00007ab28758e800, 0x00007ab28758e978] Compiler: c1, Barriers: 1, Oops: 0, ImmediateOops: 0, NonImmediateOops: No
[1,348s][debug][gc,nmethod  ] Register NMethod: java.lang.System$1.findBootstrapClassOrNull (0x00007ab28758ea08) [0x00007ab28758eb00, 0x00007ab28758ed08] Compiler: c1, Barriers: 0, Oops: 0, ImmediateOops: 0, NonImmediateOops: No
[1,348s][debug][gc,nmethod  ] Register NMethod: java.lang.ClassLoader.findBootstrapClassOrNull (0x00007ab28758ed88) [0x00007ab28758ee80, 0x00007ab28758f020] Compiler: c1, Barriers: 0, Oops: 0, ImmediateOops: 0, NonImmediateOops: No
[1,348s][debug][gc,nmethod  ] Register NMethod: jdk.internal.classfile.impl.AbstractPoolEntry$ClassEntryImpl.asSymbol (0x00007ab28758f088) [0x00007ab28758f180, 0x00007ab287593710] Compiler: c1, Barriers: 16, Oops: 2, ImmediateOops: 11, NonImmediateOops: No
[1,348s][debug][gc,nmethod  ] Register NMethod: java.lang.reflect.Field.getName (0x00007ab2a6c1cf08) [0x00007ab2a6c1d000, 0x00007ab2a6c1d0e8] Compiler: c1, Barriers: 1, Oops: 0, ImmediateOops: 0, NonImmediateOops: No
[1,349s][debug][gc,nmethod  ] Register NMethod: java.lang.invoke.LambdaForm.uncustomize (0x00007ab287593788) [0x00007ab287593880, 0x00007ab287593cf8] Compiler: c1, Barriers: 2, Oops: 0, ImmediateOops: 0, NonImmediateOops: No
[1,349s][debug][gc,nmethod  ] Register NMethod: java.lang.StringLatin1.replace (0x00007ab2a6c1d208) [0x00007ab2a6c1d300, 0x00007ab2a6c1d8d8] Compiler: jvmci, Barriers: 2, Oops: 0, ImmediateOops: 0, NonImmediateOops: No
[1,349s][debug][gc,nmethod  ] Register NMethod: java.util.ArrayList.<init> (0x00007ab287593d08) [0x00007ab287593e00, 0x00007ab2875940a0] Compiler: c1, Barriers: 3, Oops: 0, ImmediateOops: 1, NonImmediateOops: No
[1,349s][debug][gc,nmethod  ] Register NMethod: jdk.internal.loader.BuiltinClassLoader.loadClass (0x00007ab287594108) [0x00007ab287594200, 0x00007ab2875945d8] Compiler: c1, Barriers: 0, Oops: 0, ImmediateOops: 0, NonImmediateOops: No
[1,349s][debug][gc,nmethod  ] Register NMethod: jdk.internal.loader.ClassLoaders$BootClassLoader.loadClassOrNull (0x00007ab287594608) [0x00007ab287594700, 0x00007ab287594980] Compiler: c1, Barriers: 0, Oops: 0, ImmediateOops: 1, NonImmediateOops: No
[1,350s][debug][gc,nmethod  ] Register NMethod: worker.org.gradle.internal.classloader.FilteringClassLoader$TrieSet.find (0x00007ab287594988) [0x00007ab287594a80, 0x00007ab287594c08] Compiler: c1, Barriers: 1, Oops: 1, ImmediateOops: 0, NonImmediateOops: No
[1,350s][debug][gc,nmethod  ] Register NMethod: worker.org.gradle.internal.classloader.FilteringClassLoader$Trie.find (0x00007ab287594c88) [0x00007ab287594d80, 0x00007ab287595a40] Compiler: c1, Barriers: 2, Oops: 1, ImmediateOops: 0, NonImmediateOops: No
[1,350s][debug][gc,nmethod  ] Register NMethod: java.lang.Exception.<init> (0x00007ab287595a88) [0x00007ab287595b80, 0x00007ab287595cb0] Compiler: c1, Barriers: 0, Oops: 0, ImmediateOops: 0, NonImmediateOops: No
[1,350s][debug][gc,nmethod  ] Register NMethod: java.lang.Throwable.<init> (0x00007ab287595d88) [0x00007ab287595e80, 0x00007ab2875966c0] Compiler: c1, Barriers: 16, Oops: 0, ImmediateOops: 3, NonImmediateOops: No
[1,350s][debug][gc,nmethod  ] Register NMethod: java.util.jar.Manifest.getEntries (0x00007ab2a6c1d908) [0x00007ab2a6c1da00, 0x00007ab2a6c1dae8] Compiler: c1, Barriers: 1, Oops: 0, ImmediateOops: 0, NonImmediateOops: No
[1,350s][debug][gc,nmethod  ] Register NMethod: java.lang.ReflectiveOperationException.<init> (0x00007ab287596708) [0x00007ab287596800, 0x00007ab287596990] Compiler: c1, Barriers: 0, Oops: 0, ImmediateOops: 0, NonImmediateOops: No
[1,350s][debug][gc,nmethod  ] Register NMethod: java.util.jar.Manifest.getMainAttributes (0x00007ab2a6c1dc08) [0x00007ab2a6c1dd00, 0x00007ab2a6c1dde8] Compiler: c1, Barriers: 1, Oops: 0, ImmediateOops: 0, NonImmediateOops: No
[1,351s][debug][gc,nmethod  ] Register NMethod: jdk.internal.perf.PerfCounter.increment (0x00007ab287596a08) [0x00007ab287596b00, 0x00007ab287596c48] Compiler: c1, Barriers: 0, Oops: 0, ImmediateOops: 0, NonImmediateOops: No
[1,352s][debug][gc,nmethod  ] Register NMethod: java.lang.Math.clamp (0x00007ab287596d08) [0x00007ab287596e00, 0x00007ab287597ec8] Compiler: c1, Barriers: 0, Oops: 1, ImmediateOops: 2, NonImmediateOops: No
[1,352s][debug][gc,nmethod  ] Register NMethod: java.lang.String.indexOf (0x00007ab287597f08) [0x00007ab287598000, 0x00007ab287598820] Compiler: c1, Barriers: 1, Oops: 0, ImmediateOops: 0, NonImmediateOops: No
[1,352s][debug][gc,nmethod  ] Register NMethod: java.lang.String.indexOf (0x00007ab287598888) [0x00007ab287598980, 0x00007ab287599438] Compiler: c1, Barriers: 1, Oops: 0, ImmediateOops: 0, NonImmediateOops: No
[1,352s][debug][gc,nmethod  ] Register NMethod: sun.net.www.ParseUtil.encodePath (0x00007ab287599488) [0x00007ab287599580, 0x00007ab287599768] Compiler: c1, Barriers: 0, Oops: 0, ImmediateOops: 0, NonImmediateOops: No
[1,353s][debug][gc,nmethod  ] Register NMethod: jdk.internal.loader.URLClassPath.getResource (0x00007ab287599788) [0x00007ab287599880, 0x00007ab287599ce8] Compiler: c1, Barriers: 0, Oops: 0, ImmediateOops: 0, NonImmediateOops: No
[1,353s][debug][gc,nmethod  ] Register NMethod: java.util.concurrent.ConcurrentHashMap.computeIfAbsent (0x00007ab287599d08) [0x00007ab287599e00, 0x00007ab28759cfa0] Compiler: c1, Barriers: 24, Oops: 0, ImmediateOops: 2, NonImmediateOops: No
[1,353s][debug][gc,director ] Rule Major: Warmup 10%, Used: 56MB, UsedThreshold: 1228MB
[1,354s][debug][gc,nmethod  ] Register NMethod: java.util.WeakHashMap.remove (0x00007ab28759d008) [0x00007ab28759d100, 0x00007ab28759e510] Compiler: c1, Barriers: 12, Oops: 0, ImmediateOops: 1, NonImmediateOops: No
[1,355s][debug][gc,nmethod  ] Register NMethod: java.util.jar.JarFile.isMultiRelease (0x00007ab28759e588) [0x00007ab28759e680, 0x00007ab28759e878] Compiler: c1, Barriers: 0, Oops: 0, ImmediateOops: 0, NonImmediateOops: No
[1,355s][debug][gc,nmethod  ] Register NMethod: worker.org.gradle.internal.classloader.FilteringClassLoader.loadClass (0x00007ab28759e888) [0x00007ab28759e980, 0x00007ab2875a0198] Compiler: c1, Barriers: 0, Oops: 3, ImmediateOops: 3, NonImmediateOops: No
[1,355s][debug][gc,nmethod  ] Register NMethod: java.lang.ClassLoader.loadClass (0x00007ab2875a0208) [0x00007ab2875a0300, 0x00007ab2875a1740] Compiler: c1, Barriers: 1, Oops: 2, ImmediateOops: 3, NonImmediateOops: No
[1,356s][debug][gc,nmethod  ] Register NMethod: jdk.internal.classfile.impl.DirectCodeBuilder.aload (0x00007ab2875a1788) [0x00007ab2875a1880, 0x00007ab2875a1c70] Compiler: c1, Barriers: 1, Oops: 0, ImmediateOops: 0, NonImmediateOops: No
[1,356s][debug][gc,nmethod  ] Register NMethod: java.lang.invoke.MethodHandle.<init> (0x00007ab2875a1c88) [0x00007ab2875a1d80, 0x00007ab2875a22f8] Compiler: c1, Barriers: 6, Oops: 0, ImmediateOops: 0, NonImmediateOops: No
[1,356s][debug][gc,nmethod  ] Register NMethod: java.lang.invoke.LambdaForm.prepare (0x00007ab2875a2308) [0x00007ab2875a2400, 0x00007ab2875a32e0] Compiler: c1, Barriers: 6, Oops: 0, ImmediateOops: 0, NonImmediateOops: No
[1,356s][debug][gc,nmethod  ] Register NMethod: java.lang.System.identityHashCode (0x00007ab2a6c1df08) [0x00007ab2a6c1e000, 0x00007ab2a6c1e190] Compiler: , Barriers: 0, Oops: 0, ImmediateOops: 1, NonImmediateOops: No
[1,357s][debug][gc,nmethod  ] Register NMethod: java.util.ImmutableCollections$AbstractImmutableList.<init> (0x00007ab2875a3308) [0x00007ab2875a3400, 0x00007ab2875a3618] Compiler: c1, Barriers: 0, Oops: 0, ImmediateOops: 0, NonImmediateOops: No
[1,357s][debug][gc,nmethod  ] Register NMethod: java.lang.CharacterDataLatin1.getProperties (0x00007ab2a6c1e208) [0x00007ab2a6c1e300, 0x00007ab2a6c1e3d0] Compiler: jvmci, Barriers: 0, Oops: 0, ImmediateOops: 1, NonImmediateOops: No
[1,357s][debug][gc,nmethod  ] Register NMethod: jdk.internal.classfile.impl.SplitConstantPool.nameAndTypeEntry (0x00007ab2875a3688) [0x00007ab2875a3780, 0x00007ab2875a3a78] Compiler: c1, Barriers: 0, Oops: 0, ImmediateOops: 0, NonImmediateOops: No
[1,357s][debug][gc,nmethod  ] Register NMethod: java.util.ArrayList.grow (0x00007ab2875a3a88) [0x00007ab2875a3b80, 0x00007ab2875a43d0] Compiler: c1, Barriers: 9, Oops: 0, ImmediateOops: 1, NonImmediateOops: No
[1,357s][debug][gc,nmethod  ] Register NMethod: java.util.ArrayList.iterator (0x00007ab2875a4408) [0x00007ab2875a4500, 0x00007ab2875a4800] Compiler: c1, Barriers: 3, Oops: 0, ImmediateOops: 0, NonImmediateOops: No
[1,357s][debug][gc,nmethod  ] Register NMethod: java.util.ImmutableCollections$ListN.size (0x00007ab2875a4808) [0x00007ab2875a4900, 0x00007ab2875a4a38] Compiler: c1, Barriers: 1, Oops: 0, ImmediateOops: 0, NonImmediateOops: No
[1,357s][debug][gc,nmethod  ] Register NMethod: java.util.ArrayList$Itr.<init> (0x00007ab2875a4b08) [0x00007ab2875a4c00, 0x00007ab2875a4f30] Compiler: c1, Barriers: 3, Oops: 0, ImmediateOops: 0, NonImmediateOops: No
[1,357s][debug][gc,nmethod  ] Register NMethod: jdk.internal.classfile.impl.SplitConstantPool.nameAndTypeEntry (0x00007ab2875a4f88) [0x00007ab2875a5080, 0x00007ab2875a5d80] Compiler: c1, Barriers: 0, Oops: 0, ImmediateOops: 0, NonImmediateOops: No
[1,357s][debug][gc,nmethod  ] Register NMethod: jdk.internal.classfile.impl.BufWriterImpl.constantPool (0x00007ab2a6c1e508) [0x00007ab2a6c1e600, 0x00007ab2a6c1e6e8] Compiler: c1, Barriers: 1, Oops: 0, ImmediateOops: 0, NonImmediateOops: No
[1,357s][debug][gc,nmethod  ] Register NMethod: jdk.internal.classfile.impl.AbstractAttributeMapper.name (0x00007ab2a6c1e808) [0x00007ab2a6c1e900, 0x00007ab2a6c1e9e8] Compiler: c1, Barriers: 1, Oops: 0, ImmediateOops: 0, NonImmediateOops: No
[1,357s][debug][gc,nmethod  ] Register NMethod: jdk.internal.classfile.impl.BufWriterImpl.setLabelContext (0x00007ab2875a5d88) [0x00007ab2875a5e80, 0x00007ab2875a5ff8] Compiler: c1, Barriers: 3, Oops: 0, ImmediateOops: 0, NonImmediateOops: No
[1,357s][debug][gc,nmethod  ] Register NMethod: jdk.internal.classfile.impl.BufWriterImpl.writeU2U2U2 (0x00007ab2875a6088) [0x00007ab2875a6180, 0x00007ab2875a66a0] Compiler: c1, Barriers: 2, Oops: 0, ImmediateOops: 0, NonImmediateOops: No
[1,357s][debug][gc,nmethod  ] Register NMethod: jdk.internal.misc.Unsafe.getCharUnaligned (0x00007ab2875a6708) [0x00007ab2875a6800, 0x00007ab2875a6a28] Compiler: c1, Barriers: 0, Oops: 0, ImmediateOops: 0, NonImmediateOops: No
[1,358s][debug][gc,nmethod  ] Register NMethod: java.lang.Module.isNamed (0x00007ab2875a6a88) [0x00007ab2875a6b80, 0x00007ab2875a6d00] Compiler: c1, Barriers: 1, Oops: 0, ImmediateOops: 0, NonImmediateOops: No
[1,358s][debug][gc,nmethod  ] Register NMethod: java.lang.Class.reflectionData (0x00007ab2875a6d88) [0x00007ab2875a6e80, 0x00007ab2875a74d8] Compiler: c1, Barriers: 1, Oops: 0, ImmediateOops: 0, NonImmediateOops: No
[1,358s][debug][gc,nmethod  ] Register NMethod: java.lang.reflect.Method.getModifiers (0x00007ab2a6c1eb08) [0x00007ab2a6c1ec00, 0x00007ab2a6c1ecc0] Compiler: c1, Barriers: 0, Oops: 0, ImmediateOops: 0, NonImmediateOops: No
[1,358s][debug][gc,nmethod  ] Register NMethod: jdk.internal.classfile.impl.BufWriterImpl.<init> (0x00007ab2875a7508) [0x00007ab2875a7600, 0x00007ab2875a79d0] Compiler: c1, Barriers: 12, Oops: 0, ImmediateOops: 0, NonImmediateOops: No
[1,358s][debug][gc,nmethod  ] Register NMethod: jdk.internal.constant.ClassOrInterfaceDescImpl.equals (0x00007ab2875a7a08) [0x00007ab2875a7b00, 0x00007ab2875a8328] Compiler: c1, Barriers: 2, Oops: 0, ImmediateOops: 0, NonImmediateOops: No
[1,358s][debug][gc,nmethod  ] Register NMethod: jdk.internal.classfile.impl.DirectCodeBuilder.constantPool (0x00007ab2875a8388) [0x00007ab2875a8480, 0x00007ab2875a85c0] Compiler: c1, Barriers: 1, Oops: 0, ImmediateOops: 0, NonImmediateOops: No
[1,358s][debug][gc,nmethod  ] Register NMethod: jdk.internal.classfile.impl.AbstractPoolEntry$ClassEntryImpl.<init> (0x00007ab2875a8688) [0x00007ab2875a8780, 0x00007ab2875a8968] Compiler: c1, Barriers: 3, Oops: 0, ImmediateOops: 0, NonImmediateOops: No
[1,358s][debug][gc,nmethod  ] Register NMethod: jdk.internal.classfile.impl.StackMapDecoder$StackMapFrameImpl.stack (0x00007ab2a6c1ee08) [0x00007ab2a6c1ef00, 0x00007ab2a6c1efe8] Compiler: c1, Barriers: 1, Oops: 0, ImmediateOops: 0, NonImmediateOops: No
[1,358s][debug][gc,nmethod  ] Register NMethod: jdk.internal.classfile.impl.StackCounter.addStackSlot (0x00007ab2875a8988) [0x00007ab2875a8a80, 0x00007ab2875a8bb8] Compiler: c1, Barriers: 0, Oops: 0, ImmediateOops: 0, NonImmediateOops: No
[1,358s][debug][gc,nmethod  ] Register NMethod: java.lang.reflect.Array.newInstance (0x00007ab2875a8c88) [0x00007ab2875a8d80, 0x00007ab2875a8e90] Compiler: c1, Barriers: 0, Oops: 0, ImmediateOops: 0, NonImmediateOops: No
[1,358s][debug][gc,nmethod  ] Register NMethod: jdk.internal.classfile.impl.DirectCodeBuilder.labelToBci (0x00007ab2875a8f88) [0x00007ab2875a9080, 0x00007ab2875a97f0] Compiler: c1, Barriers: 1, Oops: 0, ImmediateOops: 0, NonImmediateOops: No
[1,358s][debug][gc,nmethod  ] Register NMethod: jdk.internal.classfile.impl.RawBytecodeHelper$CodeRange.start (0x00007ab2875a9808) [0x00007ab2875a9900, 0x00007ab2875a9b88] Compiler: c1, Barriers: 3, Oops: 0, ImmediateOops: 0, NonImmediateOops: No
[1,358s][debug][gc,nmethod  ] Register NMethod: jdk.internal.classfile.impl.RawBytecodeHelper.<init> (0x00007ab2875a9c08) [0x00007ab2875a9d00, 0x00007ab2875a9ed0] Compiler: c1, Barriers: 3, Oops: 0, ImmediateOops: 0, NonImmediateOops: No
[1,358s][debug][gc,nmethod  ] Register NMethod: java.lang.reflect.Method.getSharedParameterTypes (0x00007ab2a6c1f108) [0x00007ab2a6c1f200, 0x00007ab2a6c1f2e8] Compiler: c1, Barriers: 1, Oops: 0, ImmediateOops: 0, NonImmediateOops: No
[1,359s][debug][gc,nmethod  ] Register NMethod: jdk.internal.classfile.impl.BufWriterImpl.writeIndex (0x00007ab2875a9f08) [0x00007ab2875aa000, 0x00007ab2875ac798] Compiler: c1, Barriers: 3, Oops: 1, ImmediateOops: 3, NonImmediateOops: No
[1,359s][debug][gc,nmethod  ] Register NMethod: jdk.internal.classfile.impl.RawBytecodeHelper.endBci (0x00007ab2a6c1f408) [0x00007ab2a6c1f500, 0x00007ab2a6c1f5e0] Compiler: jvmci, Barriers: 1, Oops: 0, ImmediateOops: 0, NonImmediateOops: No
[1,359s][debug][gc,nmethod  ] Register NMethod: java.lang.Character.isWhitespace (0x00007ab2875ac808) [0x00007ab2875ac900, 0x00007ab2875acc88] Compiler: c1, Barriers: 0, Oops: 0, ImmediateOops: 0, NonImmediateOops: No
[1,359s][debug][gc,nmethod  ] Register NMethod: sun.reflect.generics.parser.SignatureParser.current (0x00007ab2875acd08) [0x00007ab2875ace00, 0x00007ab2875adc10] Compiler: c1, Barriers: 2, Oops: 1, ImmediateOops: 2, NonImmediateOops: No
[1,360s][debug][gc,nmethod  ] Register NMethod: sun.reflect.generics.parser.SignatureParser.advance (0x00007ab2875adc88) [0x00007ab2875add80, 0x00007ab2875ae398] Compiler: c1, Barriers: 2, Oops: 0, ImmediateOops: 0, NonImmediateOops: No
[1,360s][debug][gc,nmethod  ] Register NMethod: sun.net.util.URLUtil.urlNoFragString (0x00007ab2875ae408) [0x00007ab2875ae500, 0x00007ab2875b15e8] Compiler: c1, Barriers: 7, Oops: 3, ImmediateOops: 10, NonImmediateOops: No
[1,360s][debug][gc,nmethod  ] Register NMethod: java.lang.CharacterDataLatin1.isWhitespace (0x00007ab2875b1608) [0x00007ab2875b1700, 0x00007ab2875b1aa0] Compiler: c1, Barriers: 0, Oops: 0, ImmediateOops: 1, NonImmediateOops: No
[1,360s][debug][gc,nmethod  ] Register NMethod: java.lang.reflect.Method.getReturnType (0x00007ab2a6c1f708) [0x00007ab2a6c1f800, 0x00007ab2a6c1f8e8] Compiler: c1, Barriers: 1, Oops: 0, ImmediateOops: 0, NonImmediateOops: No
[1,360s][debug][gc,nmethod  ] Register NMethod: java.lang.invoke.DirectMethodHandle.allocateInstance (0x00007ab2875b1b08) [0x00007ab2875b1c00, 0x00007ab2875b2120] Compiler: c1, Barriers: 1, Oops: 0, ImmediateOops: 1, NonImmediateOops: No
[1,360s][debug][gc,nmethod  ] Register NMethod: java.lang.Class.getModifiers (0x00007ab2a6c1fa08) [0x00007ab2a6c1fb00, 0x00007ab2a6c1fbc0] Compiler: c1, Barriers: 0, Oops: 0, ImmediateOops: 0, NonImmediateOops: No
[1,360s][debug][gc,nmethod  ] Register NMethod: java.lang.invoke.DirectMethodHandle.constructorMethod (0x00007ab2875b2188) [0x00007ab2875b2280, 0x00007ab2875b25a0] Compiler: c1, Barriers: 1, Oops: 0, ImmediateOops: 0, NonImmediateOops: No
[1,360s][debug][gc,nmethod  ] Register NMethod: java.lang.Character.isWhitespace (0x00007ab2875b2608) [0x00007ab2875b2700, 0x00007ab2875b2a30] Compiler: c1, Barriers: 0, Oops: 0, ImmediateOops: 0, NonImmediateOops: No
[1,360s][debug][gc,nmethod  ] Register NMethod: java.lang.ClassLoader.getDefinedPackage (0x00007ab2875b2a88) [0x00007ab2875b2b80, 0x00007ab2875b34d8] Compiler: c1, Barriers: 2, Oops: 1, ImmediateOops: 1, NonImmediateOops: No
[1,361s][debug][gc,nmethod  ] Register NMethod: java.util.zip.ZipFile.getZipEntry (0x00007ab2875b3508) [0x00007ab2875b3600, 0x00007ab2875b5498] Compiler: c1, Barriers: 17, Oops: 0, ImmediateOops: 2, NonImmediateOops: No
[1,361s][debug][gc,nmethod  ] Register NMethod: java.lang.invoke.MethodHandle.linkToStatic (0x00007ab2a6c1fd08) [0x00007ab2a6c1fe00, 0x00007ab2a6c1fef0] Compiler: , Barriers: 0, Oops: 0, ImmediateOops: 0, NonImmediateOops: No
[1,361s][debug][gc,nmethod  ] Register NMethod: java.lang.invoke.MethodHandle.linkToStatic (0x00007ab2a6c20008) [0x00007ab2a6c20100, 0x00007ab2a6c201f0] Compiler: , Barriers: 0, Oops: 0, ImmediateOops: 0, NonImmediateOops: No
[1,361s][debug][gc,nmethod  ] Register NMethod: java.lang.invoke.MethodHandle.linkToVirtual (0x00007ab2a6c20308) [0x00007ab2a6c20400, 0x00007ab2a6c20428] Compiler: , Barriers: 0, Oops: 0, ImmediateOops: 0, NonImmediateOops: No
[1,362s][debug][gc,nmethod  ] Register NMethod: java.lang.invoke.MethodHandle.linkToVirtual (0x00007ab2a6c20608) [0x00007ab2a6c20700, 0x00007ab2a6c20728] Compiler: , Barriers: 0, Oops: 0, ImmediateOops: 0, NonImmediateOops: No
[1,362s][debug][gc,nmethod  ] Register NMethod: java.lang.StringBuilder.append (0x00007ab2a6c20908) [0x00007ab2a6c20a00, 0x00007ab2a6c21190] Compiler: jvmci, Barriers: 5, Oops: 0, ImmediateOops: 0, NonImmediateOops: No
[1,362s][debug][gc,nmethod  ] Register NMethod: jdk.internal.classfile.impl.AbstractPoolEntry$AbstractMemberRefEntry.<init> (0x00007ab2875b5508) [0x00007ab2875b5600, 0x00007ab2875b5730] Compiler: c1, Barriers: 0, Oops: 0, ImmediateOops: 0, NonImmediateOops: No
[1,362s][debug][gc,nmethod  ] Register NMethod: java.lang.invoke.InvokerBytecodeGenerator.classDesc (0x00007ab2875b5808) [0x00007ab2875b5900, 0x00007ab2875b6c10] Compiler: c1, Barriers: 3, Oops: 1, ImmediateOops: 12, NonImmediateOops: No
[1,362s][debug][gc,nmethod  ] Register NMethod: java.lang.invoke.LambdaForm$BasicType.basicTypeClass (0x00007ab2a6c21208) [0x00007ab2a6c21300, 0x00007ab2a6c213e8] Compiler: c1, Barriers: 1, Oops: 0, ImmediateOops: 0, NonImmediateOops: No
[1,363s][debug][gc,nmethod  ] Register NMethod: jdk.internal.classfile.impl.BufWriterImpl.writeU2U2 (0x00007ab2875b6c88) [0x00007ab2875b6d80, 0x00007ab2875b7248] Compiler: c1, Barriers: 2, Oops: 0, ImmediateOops: 0, NonImmediateOops: No
[1,363s][debug][gc,nmethod  ] Register NMethod: jdk.internal.classfile.impl.ClassReaderImpl.checkType (0x00007ab2875b7288) [0x00007ab2875b7380, 0x00007ab2875b7e60] Compiler: c1, Barriers: 0, Oops: 0, ImmediateOops: 0, NonImmediateOops: No
[1,363s][debug][gc,nmethod  ] Register NMethod: java.lang.invoke.LambdaForm$NamedFunction.methodType (0x00007ab2875b7e88) [0x00007ab2875b7f80, 0x00007ab2875b8668] Compiler: c1, Barriers: 7, Oops: 0, ImmediateOops: 0, NonImmediateOops: No
[1,363s][debug][gc,nmethod  ] Register NMethod: jdk.internal.classfile.impl.SplitConstantPool.entryByIndex (0x00007ab2875b8688) [0x00007ab2875b8780, 0x00007ab2875b94d0] Compiler: c1, Barriers: 0, Oops: 0, ImmediateOops: 0, NonImmediateOops: No
[1,363s][debug][gc,nmethod  ] Register NMethod: java.lang.invoke.MethodType.erase (0x00007ab2875b9508) [0x00007ab2875b9600, 0x00007ab2875b9940] Compiler: c1, Barriers: 2, Oops: 0, ImmediateOops: 0, NonImmediateOops: No
[1,363s][debug][gc,nmethod  ] Register NMethod: java.lang.ClassNotFoundException.<init> (0x00007ab2875b9988) [0x00007ab2875b9a80, 0x00007ab2875b9c80] Compiler: c1, Barriers: 0, Oops: 0, ImmediateOops: 0, NonImmediateOops: No
[1,363s][debug][gc,nmethod  ] Register NMethod: java.net.URL.<init> (0x00007ab2875b9c88) [0x00007ab2875b9d80, 0x00007ab2875b9ec0] Compiler: c1, Barriers: 0, Oops: 0, ImmediateOops: 0, NonImmediateOops: No
[1,363s][debug][gc,nmethod  ] Register NMethod: java.net.URL.set (0x00007ab2875b9f88) [0x00007ab2875ba080, 0x00007ab2875bb578] Compiler: c1, Barriers: 27, Oops: 1, ImmediateOops: 2, NonImmediateOops: No
[1,363s][debug][gc,director ] Rule Major: Warmup 10%, Used: 56MB, UsedThreshold: 1228MB
[1,364s][debug][gc,nmethod  ] Register NMethod: java.net.URLStreamHandler.setURL (0x00007ab2875bb588) [0x00007ab2875bb680, 0x00007ab2875bd2b8] Compiler: c1, Barriers: 5, Oops: 1, ImmediateOops: 3, NonImmediateOops: No
[1,364s][debug][gc,nmethod  ] Register NMethod: java.util.WeakHashMap.put (0x00007ab2875bd308) [0x00007ab2875bd400, 0x00007ab2875beee8] Compiler: c1, Barriers: 26, Oops: 0, ImmediateOops: 2, NonImmediateOops: No
[1,365s][debug][gc,nmethod  ] Register NMethod: java.net.URL.<init> (0x00007ab2875bef08) [0x00007ab2875bf000, 0x00007ab2875c5718] Compiler: c1, Barriers: 55, Oops: 4, ImmediateOops: 14, NonImmediateOops: No
[1,366s][debug][gc,nmethod  ] Register NMethod: java.util.Arrays.fill (0x00007ab2875c5788) [0x00007ab2875c5880, 0x00007ab2875c5ca8] Compiler: c1, Barriers: 3, Oops: 0, ImmediateOops: 0, NonImmediateOops: No
[1,366s][debug][gc,nmethod  ] Register NMethod: java.lang.invoke.MethodTypeForm.cachedLambdaForm (0x00007ab2875c5d08) [0x00007ab2875c5e00, 0x00007ab2875c63f8] Compiler: c1, Barriers: 2, Oops: 0, ImmediateOops: 0, NonImmediateOops: No
[1,366s][debug][gc,nmethod  ] Register NMethod: jdk.internal.classfile.impl.BufWriterImpl.getMajorVersion (0x00007ab2a6c21508) [0x00007ab2a6c21600, 0x00007ab2a6c216c0] Compiler: c1, Barriers: 0, Oops: 0, ImmediateOops: 0, NonImmediateOops: No
[1,366s][debug][gc,nmethod  ] Register NMethod: jdk.internal.classfile.impl.RawBytecodeHelper$CodeRange.length (0x00007ab2a6c21808) [0x00007ab2a6c21900, 0x00007ab2a6c219c0] Compiler: c1, Barriers: 0, Oops: 0, ImmediateOops: 0, NonImmediateOops: No
[1,366s][debug][gc,nmethod  ] Register NMethod: jdk.internal.classfile.impl.StackMapGenerator.maxLocals (0x00007ab2a6c21b08) [0x00007ab2a6c21c00, 0x00007ab2a6c21cc0] Compiler: c1, Barriers: 0, Oops: 0, ImmediateOops: 0, NonImmediateOops: No
[1,366s][debug][gc,nmethod  ] Register NMethod: jdk.internal.classfile.impl.StackMapGenerator.maxStack (0x00007ab2a6c21e08) [0x00007ab2a6c21f00, 0x00007ab2a6c21fc0] Compiler: c1, Barriers: 0, Oops: 0, ImmediateOops: 0, NonImmediateOops: No
[1,366s][debug][gc,nmethod  ] Register NMethod: java.lang.invoke.MethodType.basicType (0x00007ab2875c6408) [0x00007ab2875c6500, 0x00007ab2875c6840] Compiler: c1, Barriers: 2, Oops: 0, ImmediateOops: 0, NonImmediateOops: No
[1,366s][debug][gc,nmethod  ] Register NMethod: java.util.HashMap.get (0x00007ab2a6c22108) [0x00007ab2a6c22200, 0x00007ab2a6c229e8] Compiler: jvmci, Barriers: 12, Oops: 0, ImmediateOops: 0, NonImmediateOops: No
[1,366s][debug][gc,nmethod  ] Register NMethod: java.lang.invoke.InnerClassLambdaMetafactory.classDesc (0x00007ab2875c6888) [0x00007ab2875c6980, 0x00007ab2875c7a38] Compiler: c1, Barriers: 3, Oops: 1, ImmediateOops: 2, NonImmediateOops: No
[1,367s][debug][gc,nmethod  ] Register NMethod: java.lang.invoke.MethodHandle.linkToSpecial (0x00007ab2a6c22a08) [0x00007ab2a6c22b00, 0x00007ab2a6c22bf8] Compiler: , Barriers: 0, Oops: 0, ImmediateOops: 0, NonImmediateOops: No
[1,367s][debug][gc,nmethod  ] Register NMethod: java.lang.invoke.MethodType.parameterSlotCount (0x00007ab2875c7a88) [0x00007ab2875c7b80, 0x00007ab2875c7e90] Compiler: c1, Barriers: 1, Oops: 0, ImmediateOops: 0, NonImmediateOops: No
[1,368s][debug][gc,nmethod  ] Register NMethod: java.lang.invoke.MethodType.parameterType (0x00007ab2a6c22d08) [0x00007ab2a6c22e00, 0x00007ab2a6c22f40] Compiler: jvmci, Barriers: 2, Oops: 0, ImmediateOops: 0, NonImmediateOops: No
[1,368s][debug][gc,nmethod  ] Register NMethod: java.lang.Double.longBitsToDouble (0x00007ab2a6c23008) [0x00007ab2a6c23100, 0x00007ab2a6c23260] Compiler: , Barriers: 0, Oops: 0, ImmediateOops: 1, NonImmediateOops: No
[1,368s][debug][gc,nmethod  ] Register NMethod: jdk.internal.util.ClassFileDumper.isEnabled (0x00007ab2a6c23308) [0x00007ab2a6c23400, 0x00007ab2a6c234c0] Compiler: c1, Barriers: 0, Oops: 0, ImmediateOops: 0, NonImmediateOops: No
[1,369s][debug][gc,nmethod  ] Register NMethod: java.util.Properties$LineReader.readLine (0x00007ab2875c7f08) [0x00007ab2875c8000, 0x00007ab2875cba10] Compiler: c1, Barriers: 14, Oops: 0, ImmediateOops: 0, NonImmediateOops: No
[1,370s][debug][gc,nmethod  ] Register NMethod: java.lang.invoke.MethodType.parameterCount (0x00007ab2a6c23608) [0x00007ab2a6c23700, 0x00007ab2a6c237e0] Compiler: jvmci, Barriers: 1, Oops: 0, ImmediateOops: 0, NonImmediateOops: No
[1,371s][debug][gc,nmethod  ] Register NMethod: java.lang.Class.getReflectionFactory (0x00007ab2875cba88) [0x00007ab2875cbb80, 0x00007ab2875cbdf8] Compiler: c1, Barriers: 4, Oops: 0, ImmediateOops: 4, NonImmediateOops: No
[1,373s][debug][gc,nmethod  ] Register NMethod: java.util.concurrent.ConcurrentHashMap.setTabAt (0x00007ab2a6c23908) [0x00007ab2a6c23a00, 0x00007ab2a6c23ad0] Compiler: jvmci, Barriers: 3, Oops: 0, ImmediateOops: 0, NonImmediateOops: No
[1,374s][debug][gc,director ] Rule Major: Warmup 10%, Used: 56MB, UsedThreshold: 1228MB
[1,374s][debug][gc,nmethod  ] Register NMethod: java.util.zip.ZipFile$ZipFileInflaterInputStream.<init> (0x00007ab2875cbe08) [0x00007ab2875cbf00, 0x00007ab2875cc0a8] Compiler: c1, Barriers: 0, Oops: 0, ImmediateOops: 0, NonImmediateOops: No
[1,376s][debug][gc,nmethod  ] Register NMethod: sun.net.www.protocol.jar.Handler.parseURL (0x00007ab2875cc108) [0x00007ab2875cc200, 0x00007ab2875cdd18] Compiler: c1, Barriers: 3, Oops: 0, ImmediateOops: 3, NonImmediateOops: No
[1,376s][debug][gc,nmethod  ] Register NMethod: sun.net.www.protocol.jar.Handler.canonicalizeString (0x00007ab2875cdd88) [0x00007ab2875cde80, 0x00007ab2875d0530] Compiler: c1, Barriers: 4, Oops: 1, ImmediateOops: 4, NonImmediateOops: No
[1,376s][debug][gc,nmethod  ] Register NMethod: sun.net.www.protocol.jar.Handler.indexOfBangSlash (0x00007ab2875d0588) [0x00007ab2875d0680, 0x00007ab2875d1f80] Compiler: c1, Barriers: 4, Oops: 1, ImmediateOops: 2, NonImmediateOops: No
[1,377s][debug][gc,nmethod  ] Register NMethod: sun.net.www.protocol.jar.Handler.parseContextSpec (0x00007ab2875d2008) [0x00007ab2875d2100, 0x00007ab2875d5eb0] Compiler: c1, Barriers: 11, Oops: 3, ImmediateOops: 8, NonImmediateOops: No
[1,377s][debug][gc,nmethod  ] Register NMethod: java.lang.ClassLoader.addClass (0x00007ab2875d5f08) [0x00007ab2875d6000, 0x00007ab2875d6800] Compiler: c1, Barriers: 6, Oops: 0, ImmediateOops: 0, NonImmediateOops: No
[1,377s][debug][gc,nmethod  ] Register NMethod: jdk.internal.loader.Resource.getBytes (0x00007ab2875d6808) [0x00007ab2875d6900, 0x00007ab2875d7df0] Compiler: c1, Barriers: 9, Oops: 0, ImmediateOops: 1, NonImmediateOops: No
[1,377s][debug][gc,nmethod  ] Register NMethod: java.util.jar.JarFile.getInputStream (0x00007ab2875d7e08) [0x00007ab2875d7f00, 0x00007ab2875d8850] Compiler: c1, Barriers: 3, Oops: 1, ImmediateOops: 1, NonImmediateOops: No
[1,377s][debug][gc,nmethod  ] Register NMethod: jdk.internal.loader.Resource.<init> (0x00007ab2875d8888) [0x00007ab2875d8980, 0x00007ab2875d8ad8] Compiler: c1, Barriers: 0, Oops: 0, ImmediateOops: 0, NonImmediateOops: No
[1,377s][debug][gc,nmethod  ] Register NMethod: jdk.internal.loader.URLClassPath$JarLoader$1.getCodeSourceURL (0x00007ab2875d8b88) [0x00007ab2875d8c80, 0x00007ab2875d8de8] Compiler: c1, Barriers: 2, Oops: 0, ImmediateOops: 0, NonImmediateOops: No
[1,377s][debug][gc,nmethod  ] Register NMethod: java.util.jar.JavaUtilJarAccessImpl.ensureInitialization (0x00007ab2875d8e88) [0x00007ab2875d8f80, 0x00007ab2875d9280] Compiler: c1, Barriers: 0, Oops: 0, ImmediateOops: 0, NonImmediateOops: No
[1,377s][debug][gc,nmethod  ] Register NMethod: jdk.internal.loader.URLClassPath$JarLoader$1.<init> (0x00007ab2875d9288) [0x00007ab2875d9380, 0x00007ab2875d98e0] Compiler: c1, Barriers: 15, Oops: 0, ImmediateOops: 0, NonImmediateOops: No
[1,377s][debug][gc,nmethod  ] Register NMethod: java.util.jar.JarFile.getManifest (0x00007ab2875d9908) [0x00007ab2875d9a00, 0x00007ab2875d9b30] Compiler: c1, Barriers: 0, Oops: 0, ImmediateOops: 0, NonImmediateOops: No
[1,377s][debug][gc,nmethod  ] Register NMethod: java.net.URLStreamHandler.setURL (0x00007ab2875d9c08) [0x00007ab2875d9d00, 0x00007ab2875de0b0] Compiler: c1, Barriers: 5, Oops: 1, ImmediateOops: 2, NonImmediateOops: No
[1,377s][debug][gc,nmethod  ] Register NMethod: java.util.jar.JarFile.ensureInitialization (0x00007ab2875de108) [0x00007ab2875de200, 0x00007ab2875de9f0] Compiler: c1, Barriers: 4, Oops: 0, ImmediateOops: 0, NonImmediateOops: No
[1,377s][debug][gc,nmethod  ] Register NMethod: jdk.internal.loader.URLClassPath$JarLoader$1.getManifest (0x00007ab2875dea08) [0x00007ab2875deb00, 0x00007ab2875df7f0] Compiler: c1, Barriers: 6, Oops: 1, ImmediateOops: 4, NonImmediateOops: No
[1,378s][debug][gc,nmethod  ] Register NMethod: jdk.internal.loader.URLClassPath$JarLoader$1.getContentLength (0x00007ab2875df808) [0x00007ab2875df900, 0x00007ab2875dfc18] Compiler: c1, Barriers: 1, Oops: 0, ImmediateOops: 0, NonImmediateOops: No
[1,378s][debug][gc,nmethod  ] Register NMethod: jdk.internal.loader.Resource.getByteBuffer (0x00007ab2875dfc88) [0x00007ab2875dfd80, 0x00007ab2875e0af8] Compiler: c1, Barriers: 8, Oops: 0, ImmediateOops: 0, NonImmediateOops: No
[1,378s][debug][gc,nmethod  ] Register NMethod: jdk.internal.loader.URLClassPath$JarLoader$1.getBytes (0x00007ab2875e0b08) [0x00007ab2875e0c00, 0x00007ab2875e14e8] Compiler: c1, Barriers: 4, Oops: 0, ImmediateOops: 1, NonImmediateOops: No
[1,378s][debug][gc,nmethod  ] Register NMethod: java.util.zip.CRC32.<init> (0x00007ab2875e1508) [0x00007ab2875e1600, 0x00007ab2875e1758] Compiler: c1, Barriers: 0, Oops: 0, ImmediateOops: 0, NonImmediateOops: No
[1,378s][debug][gc,nmethod  ] Register NMethod: java.util.zip.Checksum.update (0x00007ab2875e1808) [0x00007ab2875e1900, 0x00007ab2875e1a78] Compiler: c1, Barriers: 0, Oops: 0, ImmediateOops: 0, NonImmediateOops: No
[1,378s][debug][gc,nmethod  ] Register NMethod: java.lang.ClassLoader.getNamedPackage (0x00007ab2875e1b08) [0x00007ab2875e1c00, 0x00007ab2875e2588] Compiler: c1, Barriers: 2, Oops: 0, ImmediateOops: 0, NonImmediateOops: No
[1,378s][debug][gc,nmethod  ] Register NMethod: java.util.zip.CRC32.update (0x00007ab2875e2608) [0x00007ab2875e2700, 0x00007ab2875e2af8] Compiler: c1, Barriers: 0, Oops: 1, ImmediateOops: 1, NonImmediateOops: No
[1,378s][debug][gc,nmethod  ] Register NMethod: java.lang.ClassLoader.postDefineClass (0x00007ab2875e2b08) [0x00007ab2875e2c00, 0x00007ab2875e4100] Compiler: c1, Barriers: 6, Oops: 0, ImmediateOops: 0, NonImmediateOops: No
[1,378s][debug][gc,nmethod  ] Register NMethod: java.util.zip.CRC32.updateBytes (0x00007ab2875e4108) [0x00007ab2875e4200, 0x00007ab2875e4598] Compiler: c1, Barriers: 0, Oops: 1, ImmediateOops: 1, NonImmediateOops: No
[1,378s][debug][gc,nmethod  ] Register NMethod: java.util.zip.CRC32.getValue (0x00007ab2875e4608) [0x00007ab2875e4700, 0x00007ab2875e4810] Compiler: c1, Barriers: 0, Oops: 0, ImmediateOops: 0, NonImmediateOops: No
[1,378s][debug][gc,nmethod  ] Register NMethod: java.util.zip.CRC32.updateBytesCheck (0x00007ab2875e4908) [0x00007ab2875e4a00, 0x00007ab2875e4d20] Compiler: c1, Barriers: 0, Oops: 1, ImmediateOops: 1, NonImmediateOops: No
[1,378s][debug][gc,nmethod  ] Register NMethod: jdk.internal.loader.URLClassPath$JarLoader$1.getCodeSigners (0x00007ab2875e4d88) [0x00007ab2875e4e80, 0x00007ab2875e51c0] Compiler: c1, Barriers: 1, Oops: 0, ImmediateOops: 0, NonImmediateOops: No
[1,378s][debug][gc,nmethod  ] Register NMethod: java.lang.invoke.MethodHandle.linkToVirtual (0x00007ab2a6c23c08) [0x00007ab2a6c23d00, 0x00007ab2a6c23d28] Compiler: , Barriers: 0, Oops: 0, ImmediateOops: 0, NonImmediateOops: No
[1,378s][debug][gc,nmethod  ] Register NMethod: java.util.jar.JarFile$JarFileEntry.getCodeSigners (0x00007ab2875e5208) [0x00007ab2875e5300, 0x00007ab2875e5aa0] Compiler: c1, Barriers: 8, Oops: 0, ImmediateOops: 0, NonImmediateOops: No
[1,378s][debug][gc,nmethod  ] Register NMethod: java.security.CodeSource.<init> (0x00007ab2875e5b08) [0x00007ab2875e5c00, 0x00007ab2875e6358] Compiler: c1, Barriers: 18, Oops: 0, ImmediateOops: 0, NonImmediateOops: No
[1,378s][debug][gc,nmethod  ] Register NMethod: java.security.SecureClassLoader.defineClass (0x00007ab2875e6388) [0x00007ab2875e6480, 0x00007ab2875e67e8] Compiler: c1, Barriers: 0, Oops: 0, ImmediateOops: 0, NonImmediateOops: No
[1,378s][debug][gc,nmethod  ] Register NMethod: java.security.SecureClassLoader$CodeSourceKey.<init> (0x00007ab2875e6808) [0x00007ab2875e6900, 0x00007ab2875e6b30] Compiler: c1, Barriers: 3, Oops: 0, ImmediateOops: 0, NonImmediateOops: No
[1,378s][debug][gc,nmethod  ] Register NMethod: java.security.SecureClassLoader$1.<init> (0x00007ab2875e6b88) [0x00007ab2875e6c80, 0x00007ab2875e6fa8] Compiler: c1, Barriers: 3, Oops: 0, ImmediateOops: 0, NonImmediateOops: No
[1,378s][debug][gc,nmethod  ] Register NMethod: java.security.SecureClassLoader$CodeSourceKey.hashCode (0x00007ab2875e7008) [0x00007ab2875e7100, 0x00007ab2875e7398] Compiler: c1, Barriers: 2, Oops: 0, ImmediateOops: 0, NonImmediateOops: No
[1,378s][debug][gc,nmethod  ] Register NMethod: java.util.jar.JarFile.getManifestFromReference (0x00007ab2875e7408) [0x00007ab2875e7500, 0x00007ab2875e9718] Compiler: c1, Barriers: 23, Oops: 0, ImmediateOops: 4, NonImmediateOops: No
[1,378s][debug][gc,nmethod  ] Register NMethod: java.security.SecureClassLoader.getProtectionDomain (0x00007ab2875e9788) [0x00007ab2875e9880, 0x00007ab2875ea1f8] Compiler: c1, Barriers: 7, Oops: 0, ImmediateOops: 0, NonImmediateOops: No
[1,379s][debug][gc,nmethod  ] Register NMethod: java.lang.reflect.Method.getDeclaringClass (0x00007ab2a6c23f08) [0x00007ab2a6c24000, 0x00007ab2a6c240e8] Compiler: c1, Barriers: 1, Oops: 0, ImmediateOops: 0, NonImmediateOops: No
[1,379s][debug][gc,nmethod  ] Register NMethod: java.lang.ClassLoader.defineClass (0x00007ab2875ea208) [0x00007ab2875ea300, 0x00007ab2875eb268] Compiler: c1, Barriers: 3, Oops: 0, ImmediateOops: 0, NonImmediateOops: No
[1,379s][debug][gc,nmethod  ] Register NMethod: java.lang.ClassLoader.defineClassSourceLocation (0x00007ab2875eb288) [0x00007ab2875eb380, 0x00007ab2875ec148] Compiler: c1, Barriers: 3, Oops: 0, ImmediateOops: 0, NonImmediateOops: No
[1,379s][debug][gc,nmethod  ] Register NMethod: java.lang.ClassLoader.preDefineClass (0x00007ab2875ec188) [0x00007ab2875ec280, 0x00007ab2875ef260] Compiler: c1, Barriers: 3, Oops: 3, ImmediateOops: 6, NonImmediateOops: No
[1,379s][debug][gc,nmethod  ] Register NMethod: java.lang.ClassLoader.checkCerts (0x00007ab2875ef288) [0x00007ab2875ef380, 0x00007ab2875f1950] Compiler: c1, Barriers: 2, Oops: 2, ImmediateOops: 5, NonImmediateOops: No
[1,379s][debug][gc,nmethod  ] Register NMethod: java.util.Arrays.copyOfRange (0x00007ab2a6c24208) [0x00007ab2a6c24300, 0x00007ab2a6c24740] Compiler: jvmci, Barriers: 0, Oops: 0, ImmediateOops: 0, NonImmediateOops: No
[1,379s][debug][gc,nmethod  ] Register NMethod: java.lang.invoke.LambdaForm$Name.type (0x00007ab2a6c24788) [0x00007ab2a6c24880, 0x00007ab2a6c24968] Compiler: c1, Barriers: 1, Oops: 0, ImmediateOops: 0, NonImmediateOops: No
[1,380s][debug][gc,nmethod  ] Register NMethod: java.lang.invoke.MethodHandle.linkToStatic (0x00007ab2a6c24a88) [0x00007ab2a6c24b80, 0x00007ab2a6c24c70] Compiler: , Barriers: 0, Oops: 0, ImmediateOops: 0, NonImmediateOops: No
[1,380s][debug][gc,nmethod  ] Register NMethod: java.lang.invoke.MethodHandle.invokeBasic (0x00007ab2a6c24d88) [0x00007ab2a6c24e80, 0x00007ab2a6c25118] Compiler: , Barriers: 0, Oops: 0, ImmediateOops: 0, NonImmediateOops: No
[1,380s][debug][gc,nmethod  ] Register NMethod: java.lang.invoke.MethodHandle.linkToSpecial (0x00007ab2a6c25188) [0x00007ab2a6c25280, 0x00007ab2a6c25378] Compiler: , Barriers: 0, Oops: 0, ImmediateOops: 0, NonImmediateOops: No
[1,380s][debug][gc,nmethod  ] Register NMethod: jdk.internal.classfile.impl.Util.writeAttribute (0x00007ab2875f1988) [0x00007ab2875f1a80, 0x00007ab2875f2840] Compiler: c1, Barriers: 0, Oops: 0, ImmediateOops: 0, NonImmediateOops: No
[1,380s][debug][gc,nmethod  ] Register NMethod: java.lang.invoke.MethodHandle.linkToStatic (0x00007ab2a6c25488) [0x00007ab2a6c25580, 0x00007ab2a6c25670] Compiler: , Barriers: 0, Oops: 0, ImmediateOops: 0, NonImmediateOops: No
[1,381s][debug][gc,nmethod  ] Register NMethod: java.lang.invoke.MethodHandle.invokeBasic (0x00007ab2a6c25788) [0x00007ab2a6c25880, 0x00007ab2a6c25b18] Compiler: , Barriers: 0, Oops: 0, ImmediateOops: 0, NonImmediateOops: No
[1,381s][debug][gc,nmethod  ] Register NMethod: java.lang.invoke.MethodHandle.linkToSpecial (0x00007ab2a6c25b88) [0x00007ab2a6c25c80, 0x00007ab2a6c25d78] Compiler: , Barriers: 0, Oops: 0, ImmediateOops: 0, NonImmediateOops: No
[1,381s][debug][gc,nmethod  ] Register NMethod: jdk.internal.classfile.impl.BufWriterImpl.skip (0x00007ab2875f2888) [0x00007ab2875f2980, 0x00007ab2875f2d78] Compiler: c1, Barriers: 1, Oops: 0, ImmediateOops: 0, NonImmediateOops: No
[1,381s][debug][gc,nmethod  ] Register NMethod: jdk.internal.classfile.impl.AbstractDirectBuilder.writeAttribute (0x00007ab2875f2d88) [0x00007ab2875f2e80, 0x00007ab2875f30b8] Compiler: c1, Barriers: 2, Oops: 0, ImmediateOops: 0, NonImmediateOops: No
[1,381s][debug][gc,nmethod  ] Register NMethod: jdk.internal.constant.MethodTypeDescImpl.<init> (0x00007ab2875f3108) [0x00007ab2875f3200, 0x00007ab2875f3448] Compiler: c1, Barriers: 6, Oops: 0, ImmediateOops: 0, NonImmediateOops: No
[1,381s][debug][gc,nmethod  ] Register NMethod: jdk.internal.classfile.impl.BufWriterImpl.patchInt (0x00007ab2875f3488) [0x00007ab2875f3580, 0x00007ab2875f3760] Compiler: c1, Barriers: 1, Oops: 0, ImmediateOops: 0, NonImmediateOops: No
[1,381s][debug][gc,nmethod  ] Register NMethod: jdk.internal.constant.MethodTypeDescImpl.ofValidated (0x00007ab2875f3788) [0x00007ab2875f3880, 0x00007ab2875f3dc8] Compiler: c1, Barriers: 12, Oops: 1, ImmediateOops: 1, NonImmediateOops: No
[1,381s][debug][gc,nmethod  ] Register NMethod: java.lang.invoke.MethodHandle.invokeBasic (0x00007ab2a6c25e88) [0x00007ab2a6c25f80, 0x00007ab2a6c26218] Compiler: , Barriers: 0, Oops: 0, ImmediateOops: 0, NonImmediateOops: No
[1,381s][debug][gc,nmethod  ] Register NMethod: jdk.internal.classfile.impl.Util.isAttributeAllowed (0x00007ab2875f3e08) [0x00007ab2875f3f00, 0x00007ab2875f4e48] Compiler: c1, Barriers: 3, Oops: 0, ImmediateOops: 0, NonImmediateOops: No
[1,381s][debug][gc,nmethod  ] Register NMethod: java.lang.invoke.MethodHandle.linkToSpecial (0x00007ab2a6c26288) [0x00007ab2a6c26380, 0x00007ab2a6c26478] Compiler: , Barriers: 0, Oops: 0, ImmediateOops: 0, NonImmediateOops: No
[1,381s][debug][gc,nmethod  ] Register NMethod: jdk.internal.constant.PrimitiveClassDescImpl.descriptorString (0x00007ab2a6c26588) [0x00007ab2a6c26680, 0x00007ab2a6c26768] Compiler: c1, Barriers: 1, Oops: 0, ImmediateOops: 0, NonImmediateOops: No
[1,382s][debug][gc,nmethod  ] Register NMethod: java.lang.invoke.LambdaForm$NamedFunction.returnType (0x00007ab2875f4e88) [0x00007ab2875f4f80, 0x00007ab2875f5df0] Compiler: c1, Barriers: 8, Oops: 0, ImmediateOops: 0, NonImmediateOops: No
[1,382s][debug][gc,nmethod  ] Register NMethod: java.util.ArrayList.<init> (0x00007ab2875f5e08) [0x00007ab2875f5f00, 0x00007ab2875f6f18] Compiler: c1, Barriers: 6, Oops: 1, ImmediateOops: 3, NonImmediateOops: No
[1,382s][debug][gc,nmethod  ] Register NMethod: java.lang.invoke.LambdaForm.internArgument (0x00007ab2875f6f88) [0x00007ab2875f7080, 0x00007ab2875f7630] Compiler: c1, Barriers: 4, Oops: 0, ImmediateOops: 1, NonImmediateOops: No
[1,382s][debug][gc,nmethod  ] Register NMethod: java.lang.Math.ceil (0x00007ab2875f7688) [0x00007ab2875f7780, 0x00007ab2875f7890] Compiler: c1, Barriers: 0, Oops: 0, ImmediateOops: 0, NonImmediateOops: No
[1,382s][debug][gc,nmethod  ] Register NMethod: java.lang.StrictMath.ceil (0x00007ab2875f7988) [0x00007ab2875f7aa0, 0x00007ab2875f7bc8] Compiler: c1, Barriers: 0, Oops: 0, ImmediateOops: 0, NonImmediateOops: No
[1,382s][debug][gc,nmethod  ] Register NMethod: sun.invoke.util.VerifyType.isNullConversion (0x00007ab2875f7c88) [0x00007ab2875f7d80, 0x00007ab2875fb850] Compiler: c1, Barriers: 0, Oops: 0, ImmediateOops: 5, NonImmediateOops: No
[1,382s][debug][gc,nmethod  ] Register NMethod: java.lang.invoke.LambdaForm$Name.replaceNames (0x00007ab2875fb888) [0x00007ab2875fb980, 0x00007ab2875fcc00] Compiler: c1, Barriers: 10, Oops: 0, ImmediateOops: 0, NonImmediateOops: No
[1,382s][debug][gc,nmethod  ] Register NMethod: java.lang.StrictMath.floorOrCeil (0x00007ab2875fcc08) [0x00007ab2875fcd00, 0x00007ab2875fd130] Compiler: c1, Barriers: 0, Oops: 0, ImmediateOops: 0, NonImmediateOops: No
[1,382s][debug][gc,nmethod  ] Register NMethod: java.lang.Math.getExponent (0x00007ab2875fd188) [0x00007ab2875fd280, 0x00007ab2875fd3a0] Compiler: c1, Barriers: 0, Oops: 0, ImmediateOops: 0, NonImmediateOops: No
[1,382s][debug][gc,nmethod  ] Register NMethod: jdk.internal.classfile.impl.AbstractPoolEntry$FieldRefEntryImpl.tag (0x00007ab2a6c26888) [0x00007ab2a6c26980, 0x00007ab2a6c26a40] Compiler: c1, Barriers: 0, Oops: 0, ImmediateOops: 0, NonImmediateOops: No
[1,382s][debug][gc,nmethod  ] Register NMethod: java.lang.AbstractStringBuilder.append (0x00007ab2a6c26b88) [0x00007ab2a6c26c80, 0x00007ab2a6c27410] Compiler: jvmci, Barriers: 5, Oops: 0, ImmediateOops: 0, NonImmediateOops: No
[1,382s][debug][gc,nmethod  ] Register NMethod: jdk.internal.classfile.impl.BufWriterImpl.writeInt (0x00007ab2875fd488) [0x00007ab2875fd580, 0x00007ab2875fda48] Compiler: c1, Barriers: 2, Oops: 0, ImmediateOops: 0, NonImmediateOops: No
[1,383s][debug][gc,nmethod  ] Register NMethod: worker.org.gradle.internal.classloader.FilteringClassLoader$TrieSet.contains (0x00007ab2875fda88) [0x00007ab2875fdb80, 0x00007ab2875fdec8] Compiler: c1, Barriers: 1, Oops: 1, ImmediateOops: 0, NonImmediateOops: No
[1,383s][debug][gc,nmethod  ] Register NMethod: java.util.jar.JavaUtilJarAccessImpl.getTrustedAttributes (0x00007ab2875fdf08) [0x00007ab2875fe000, 0x00007ab2875fe158] Compiler: c1, Barriers: 0, Oops: 0, ImmediateOops: 0, NonImmediateOops: No
[1,383s][debug][gc,nmethod  ] Register NMethod: java.util.jar.Manifest.getAttributes (0x00007ab2875fe208) [0x00007ab2875fe300, 0x00007ab2875fe868] Compiler: c1, Barriers: 1, Oops: 0, ImmediateOops: 0, NonImmediateOops: No
[1,383s][debug][gc,nmethod  ] Register NMethod: jdk.internal.perf.PerfCounter.getReadClassBytesTime (0x00007ab2875fe888) [0x00007ab2875fe980, 0x00007ab2875fea68] Compiler: c1, Barriers: 0, Oops: 0, ImmediateOops: 1, NonImmediateOops: No
[1,383s][debug][gc,nmethod  ] Register NMethod: java.util.jar.Manifest.getTrustedAttributes (0x00007ab2875feb88) [0x00007ab2875fec80, 0x00007ab2875fff80] Compiler: c1, Barriers: 2, Oops: 1, ImmediateOops: 2, NonImmediateOops: No
[1,384s][debug][gc,nmethod  ] Register NMethod: jdk.internal.classfile.impl.SplitConstantPool.map (0x00007ab2a6c27488) [0x00007ab2a6c275a0, 0x00007ab2a6c27a30] Compiler: jvmci, Barriers: 6, Oops: 1, ImmediateOops: 0, NonImmediateOops: No
[1,384s][debug][gc,nmethod  ] Register NMethod: java.net.URLClassLoader.findClass (0x00007ab287600008) [0x00007ab287600100, 0x00007ab287602d20] Compiler: c1, Barriers: 7, Oops: 1, ImmediateOops: 8, NonImmediateOops: No
[1,384s][debug][gc,director ] Rule Major: Warmup 10%, Used: 60MB, UsedThreshold: 1228MB
[1,384s][debug][gc,nmethod  ] Register NMethod: java.net.URLClassLoader.getAndVerifyPackage (0x00007ab287602d88) [0x00007ab287602e80, 0x00007ab2876059d8] Compiler: c1, Barriers: 4, Oops: 4, ImmediateOops: 6, NonImmediateOops: No
[1,384s][debug][gc,nmethod  ] Register NMethod: java.lang.reflect.AccessibleObject.<init> (0x00007ab287605a08) [0x00007ab287605b00, 0x00007ab287605c58] Compiler: c1, Barriers: 0, Oops: 0, ImmediateOops: 0, NonImmediateOops: No
[1,384s][debug][gc,nmethod  ] Register NMethod: java.net.URLClassLoader.defineClass (0x00007ab287605d08) [0x00007ab287605e00, 0x00007ab28760a698] Compiler: c1, Barriers: 19, Oops: 2, ImmediateOops: 8, NonImmediateOops: No
[1,385s][debug][gc,nmethod  ] Register NMethod: java.util.Collections$1.hasNext (0x00007ab2a6c27a88) [0x00007ab2a6c27b80, 0x00007ab2a6c27c40] Compiler: c1, Barriers: 0, Oops: 0, ImmediateOops: 0, NonImmediateOops: No
[1,385s][debug][gc,nmethod  ] Register NMethod: java.util.HashMap.resize (0x00007ab28760a708) [0x00007ab28760a820, 0x00007ab28760c500] Compiler: c1, Barriers: 31, Oops: 0, ImmediateOops: 0, NonImmediateOops: No
[1,385s][debug][gc,nmethod  ] Register NMethod: java.security.SecureClassLoader$CodeSourceKey.equals (0x00007ab28760c508) [0x00007ab28760c600, 0x00007ab28760cf58] Compiler: c1, Barriers: 6, Oops: 0, ImmediateOops: 0, NonImmediateOops: No
[1,386s][debug][gc,nmethod  ] Register NMethod: java.security.CodeSource.matchCerts (0x00007ab28760cf88) [0x00007ab28760d080, 0x00007ab28760df30] Compiler: c1, Barriers: 17, Oops: 0, ImmediateOops: 0, NonImmediateOops: No
[1,386s][debug][gc,nmethod  ] Register NMethod: jdk.internal.loader.URLClassPath$JarLoader.createResource (0x00007ab28760df88) [0x00007ab28760e080, 0x00007ab28760eba0] Compiler: c1, Barriers: 2, Oops: 0, ImmediateOops: 0, NonImmediateOops: No
[1,387s][debug][gc,nmethod  ] Register NMethod: jdk.internal.access.SharedSecrets.getJavaLangAccess (0x00007ab28760ec08) [0x00007ab28760ed00, 0x00007ab28760ee28] Compiler: c1, Barriers: 1, Oops: 0, ImmediateOops: 1, NonImmediateOops: No
[1,388s][debug][gc,nmethod  ] Register NMethod: java.lang.invoke.MethodType.rtype (0x00007ab2a6c27d88) [0x00007ab2a6c27e80, 0x00007ab2a6c27f68] Compiler: c1, Barriers: 1, Oops: 0, ImmediateOops: 0, NonImmediateOops: No
[1,388s][debug][gc,nmethod  ] Register NMethod: java.lang.invoke.MemberName$Factory.resolveOrFail (0x00007ab28760ef08) [0x00007ab28760f000, 0x00007ab28760ffe8] Compiler: c1, Barriers: 1, Oops: 0, ImmediateOops: 0, NonImmediateOops: No
[1,391s][debug][gc,nmethod  ] Register NMethod: java.lang.invoke.VarHandleByteArrayAsShorts$ArrayHandle.index (0x00007ab287610008) [0x00007ab287610100, 0x00007ab287610238] Compiler: c1, Barriers: 0, Oops: 1, ImmediateOops: 1, NonImmediateOops: No
[1,391s][debug][gc,nmethod  ] Register NMethod: java.io.BufferedInputStream.getBufIfOpen (0x00007ab287610308) [0x00007ab287610400, 0x00007ab287610818] Compiler: c1, Barriers: 7, Oops: 0, ImmediateOops: 3, NonImmediateOops: No
[1,391s][debug][gc,nmethod  ] Register NMethod: java.io.BufferedInputStream.ensureOpen (0x00007ab287610888) [0x00007ab287610980, 0x00007ab287610bc0] Compiler: c1, Barriers: 1, Oops: 0, ImmediateOops: 1, NonImmediateOops: No
[1,391s][debug][gc,nmethod  ] Register NMethod: java.io.DataInputStream.readFully (0x00007ab287610c08) [0x00007ab287610d00, 0x00007ab2876113b0] Compiler: c1, Barriers: 1, Oops: 0, ImmediateOops: 0, NonImmediateOops: No
[1,391s][debug][gc,nmethod  ] Register NMethod: java.lang.invoke.VarHandleByteArrayAsShorts$ArrayHandle.get (0x00007ab287611408) [0x00007ab287611500, 0x00007ab287611cb0] Compiler: c1, Barriers: 0, Oops: 2, ImmediateOops: 2, NonImmediateOops: No
[1,391s][debug][gc,nmethod  ] Register NMethod: java.io.BufferedInputStream.read (0x00007ab287611d08) [0x00007ab287611e00, 0x00007ab287612938] Compiler: c1, Barriers: 2, Oops: 0, ImmediateOops: 1, NonImmediateOops: No
[1,391s][debug][gc,nmethod  ] Register NMethod: java.io.BufferedInputStream.read1 (0x00007ab287612988) [0x00007ab287612a80, 0x00007ab287613350] Compiler: c1, Barriers: 1, Oops: 0, ImmediateOops: 1, NonImmediateOops: No
[1,391s][debug][gc,nmethod  ] Register NMethod: java.io.DataInputStream.readUTF (0x00007ab287613388) [0x00007ab287613480, 0x00007ab2876135b0] Compiler: c1, Barriers: 0, Oops: 0, ImmediateOops: 0, NonImmediateOops: No
[1,391s][debug][gc,nmethod  ] Register NMethod: java.lang.System$1.uncheckedNewStringNoRepl (0x00007ab287613688) [0x00007ab287613780, 0x00007ab2876138b8] Compiler: c1, Barriers: 0, Oops: 0, ImmediateOops: 0, NonImmediateOops: No
[1,391s][debug][gc,nmethod  ] Register NMethod: java.lang.Short.toUnsignedInt (0x00007ab2a6c28088) [0x00007ab2a6c28180, 0x00007ab2a6c281e8] Compiler: jvmci, Barriers: 0, Oops: 0, ImmediateOops: 0, NonImmediateOops: No
[1,391s][debug][gc,nmethod  ] Register NMethod: java.io.DataInputStream.readUnsignedShort (0x00007ab287613988) [0x00007ab287613a80, 0x00007ab2876146d8] Compiler: c1, Barriers: 2, Oops: 5, ImmediateOops: 4, NonImmediateOops: No
[1,391s][debug][gc,nmethod  ] Register NMethod: java.lang.String.newStringNoRepl (0x00007ab287614708) [0x00007ab287614800, 0x00007ab287615480] Compiler: c1, Barriers: 1, Oops: 0, ImmediateOops: 0, NonImmediateOops: No
[1,392s][debug][gc,nmethod  ] Register NMethod: jdk.internal.util.ByteArray.getUnsignedShort (0x00007ab287615488) [0x00007ab287615580, 0x00007ab287615ef0] Compiler: c1, Barriers: 0, Oops: 5, ImmediateOops: 4, NonImmediateOops: No
[1,392s][debug][gc,nmethod  ] Register NMethod: java.io.DataInputStream.readFully (0x00007ab287615f88) [0x00007ab287616080, 0x00007ab287616388] Compiler: c1, Barriers: 0, Oops: 0, ImmediateOops: 0, NonImmediateOops: No
[1,392s][debug][gc,nmethod  ] Register NMethod: jdk.internal.util.ByteArray.getShort (0x00007ab287616408) [0x00007ab287616500, 0x00007ab287616e10] Compiler: c1, Barriers: 0, Oops: 5, ImmediateOops: 4, NonImmediateOops: No
[1,392s][debug][gc,nmethod  ] Register NMethod: java.io.DataInputStream.readShort (0x00007ab287616e88) [0x00007ab287616f80, 0x00007ab287617b80] Compiler: c1, Barriers: 2, Oops: 5, ImmediateOops: 4, NonImmediateOops: No
[1,392s][debug][gc,nmethod  ] Register NMethod: java.lang.String.newStringNoRepl1 (0x00007ab287617c08) [0x00007ab287617d00, 0x00007ab287619790] Compiler: c1, Barriers: 12, Oops: 0, ImmediateOops: 4, NonImmediateOops: No
[1,392s][debug][gc,nmethod  ] Register NMethod: java.io.DataInputStream.readUTF (0x00007ab287619808) [0x00007ab287619900, 0x00007ab28761dd30] Compiler: c1, Barriers: 9, Oops: 2, ImmediateOops: 13, NonImmediateOops: No
[1,392s][debug][gc,nmethod  ] Register NMethod: java.lang.System$1.uncheckedCountPositives (0x00007ab2a6c28388) [0x00007ab2a6c28480, 0x00007ab2a6c28588] Compiler: jvmci, Barriers: 0, Oops: 0, ImmediateOops: 0, NonImmediateOops: No
[1,393s][debug][gc,nmethod  ] Register NMethod: java.io.ByteArrayInputStream.read (0x00007ab28761dd88) [0x00007ab28761de80, 0x00007ab28761e188] Compiler: c1, Barriers: 1, Oops: 0, ImmediateOops: 0, NonImmediateOops: No
[1,393s][debug][gc,nmethod  ] Register NMethod: java.io.DataInputStream.readUnsignedByte (0x00007ab28761e208) [0x00007ab28761e300, 0x00007ab28761e740] Compiler: c1, Barriers: 1, Oops: 0, ImmediateOops: 0, NonImmediateOops: No
[1,393s][debug][gc,nmethod  ] Register NMethod: java.io.DataInputStream.readByte (0x00007ab28761e788) [0x00007ab28761e880, 0x00007ab28761eed8] Compiler: c1, Barriers: 1, Oops: 0, ImmediateOops: 0, NonImmediateOops: No
[1,393s][debug][gc,nmethod  ] Register NMethod: sun.util.calendar.ZoneInfoFile.indexOf (0x00007ab28761ef08) [0x00007ab28761f000, 0x00007ab28761f228] Compiler: c1, Barriers: 0, Oops: 0, ImmediateOops: 0, NonImmediateOops: No
[1,393s][debug][gc,nmethod  ] Register NMethod: sun.util.calendar.ZoneInfoFile.addTrans (0x00007ab28761f288) [0x00007ab28761f380, 0x00007ab28761f870] Compiler: c1, Barriers: 0, Oops: 0, ImmediateOops: 0, NonImmediateOops: No
[1,393s][debug][gc,nmethod  ] Register NMethod: java.util.zip.Checksum.update (0x00007ab28761f888) [0x00007ab28761f980, 0x00007ab28761fcb8] Compiler: c1, Barriers: 0, Oops: 0, ImmediateOops: 0, NonImmediateOops: No
[1,394s][debug][gc,nmethod  ] Register NMethod: sun.util.calendar.ZoneInfoFile$Checksum.update (0x00007ab28761fd08) [0x00007ab28761fe00, 0x00007ab2876203c8] Compiler: c1, Barriers: 0, Oops: 0, ImmediateOops: 0, NonImmediateOops: No
[1,394s][debug][gc,nmethod  ] Register NMethod: sun.util.calendar.ZoneInfoFile$Checksum.update (0x00007ab287620408) [0x00007ab287620500, 0x00007ab287620b20] Compiler: c1, Barriers: 0, Oops: 0, ImmediateOops: 0, NonImmediateOops: No
[1,394s][debug][gc,director ] Rule Major: Warmup 10%, Used: 60MB, UsedThreshold: 1228MB
[1,396s][debug][gc,nmethod  ] Register NMethod: sun.util.locale.LocaleUtils.isUpper (0x00007ab287620b88) [0x00007ab287620c80, 0x00007ab287620dd8] Compiler: c1, Barriers: 0, Oops: 0, ImmediateOops: 0, NonImmediateOops: No
[1,397s][debug][gc,nmethod  ] Register NMethod: jdk.internal.util.ReferencedKeyMap.internKey (0x00007ab287569988) [0x00007ab287569a80, 0x00007ab28756b228] Compiler: c1, Barriers: 5, Oops: 0, ImmediateOops: 0, NonImmediateOops: No
[1,397s][debug][gc,nmethod  ] Register NMethod: jdk.internal.util.ReferencedKeyMap.entryKey (0x00007ab287551f88) [0x00007ab287552080, 0x00007ab287552898] Compiler: c1, Barriers: 8, Oops: 0, ImmediateOops: 1, NonImmediateOops: No
[1,397s][debug][gc,nmethod  ] Register NMethod: jdk.internal.util.ReferencedKeySet.intern (0x00007ab287620e88) [0x00007ab287620f80, 0x00007ab2876211b8] Compiler: c1, Barriers: 1, Oops: 0, ImmediateOops: 0, NonImmediateOops: No
[1,398s][debug][gc,nmethod  ] Register NMethod: jdk.internal.util.ReferencedKeyMap.intern (0x00007ab287621208) [0x00007ab287621300, 0x00007ab287622ba0] Compiler: c1, Barriers: 9, Oops: 1, ImmediateOops: 0, NonImmediateOops: No
[1,400s][debug][gc,nmethod  ] Register NMethod: java.lang.invoke.MethodHandle.linkToStatic (0x00007ab2a6c28688) [0x00007ab2a6c28780, 0x00007ab2a6c28870] Compiler: , Barriers: 0, Oops: 0, ImmediateOops: 0, NonImmediateOops: No
[1,400s][debug][gc,nmethod  ] Register NMethod: java.lang.invoke.MethodHandle.linkToSpecial (0x00007ab2a6c28988) [0x00007ab2a6c28a80, 0x00007ab2a6c28b78] Compiler: , Barriers: 0, Oops: 0, ImmediateOops: 0, NonImmediateOops: No
[1,400s][debug][gc,nmethod  ] Register NMethod: java.lang.invoke.MethodHandle.invokeBasic (0x00007ab2a6c28c88) [0x00007ab2a6c28d80, 0x00007ab2a6c29018] Compiler: , Barriers: 0, Oops: 0, ImmediateOops: 0, NonImmediateOops: No
[1,400s][debug][gc,nmethod  ] Register NMethod: java.lang.invoke.MethodType.insertParameterTypes (0x00007ab287622c08) [0x00007ab287622d00, 0x00007ab287624778] Compiler: c1, Barriers: 6, Oops: 1, ImmediateOops: 3, NonImmediateOops: No
[1,400s][debug][gc,nmethod  ] Register NMethod: java.lang.invoke.MethodHandle.linkToSpecial (0x00007ab2a6c29088) [0x00007ab2a6c29180, 0x00007ab2a6c29278] Compiler: , Barriers: 0, Oops: 0, ImmediateOops: 0, NonImmediateOops: No
[1,400s][debug][gc,nmethod  ] Register NMethod: java.lang.invoke.MemberName.<init> (0x00007ab287624788) [0x00007ab287624880, 0x00007ab287624f00] Compiler: c1, Barriers: 0, Oops: 0, ImmediateOops: 1, NonImmediateOops: No
[1,402s][debug][gc,nmethod  ] Register NMethod: java.util.regex.Pattern.lambda$Single$0 (0x00007ab287624f08) [0x00007ab287625000, 0x00007ab287625130] Compiler: c1, Barriers: 0, Oops: 0, ImmediateOops: 0, NonImmediateOops: No
[1,402s][debug][gc,nmethod  ] Register NMethod: java.util.regex.Pattern$$Lambda/0x000000006c0b27a0.is (0x00007ab287625208) [0x00007ab287625300, 0x00007ab2876254b0] Compiler: c1, Barriers: 0, Oops: 0, ImmediateOops: 0, NonImmediateOops: No
[1,402s][debug][gc,nmethod  ] Register NMethod: java.util.regex.Matcher.hasMatch (0x00007ab287625508) [0x00007ab287625600, 0x00007ab287625750] Compiler: c1, Barriers: 0, Oops: 0, ImmediateOops: 0, NonImmediateOops: No
[1,402s][debug][gc,nmethod  ] Register NMethod: java.util.regex.Pattern$BmpCharPropertyGreedy.match (0x00007ab287625808) [0x00007ab287625900, 0x00007ab287626270] Compiler: c1, Barriers: 2, Oops: 0, ImmediateOops: 0, NonImmediateOops: No
[1,402s][debug][gc,nmethod  ] Register NMethod: java.util.regex.Matcher.checkMatch (0x00007ab287626288) [0x00007ab287626380, 0x00007ab2876267f0] Compiler: c1, Barriers: 0, Oops: 0, ImmediateOops: 1, NonImmediateOops: No
[1,402s][debug][gc,nmethod  ] Register NMethod: java.util.regex.Matcher.start (0x00007ab287626808) [0x00007ab287626900, 0x00007ab287626dd8] Compiler: c1, Barriers: 0, Oops: 0, ImmediateOops: 1, NonImmediateOops: No
[1,402s][debug][gc,nmethod  ] Register NMethod: java.util.regex.Matcher.end (0x00007ab287626e08) [0x00007ab287626f00, 0x00007ab2876273d8] Compiler: c1, Barriers: 0, Oops: 0, ImmediateOops: 1, NonImmediateOops: No
[1,402s][debug][gc,nmethod  ] Register NMethod: java.util.regex.Matcher.find (0x00007ab287627408) [0x00007ab287627500, 0x00007ab287627998] Compiler: c1, Barriers: 1, Oops: 0, ImmediateOops: 0, NonImmediateOops: No
[1,402s][debug][gc,nmethod  ] Register NMethod: java.util.regex.Pattern$LastNode.match (0x00007ab287627a08) [0x00007ab287627b00, 0x00007ab287627d10] Compiler: c1, Barriers: 1, Oops: 0, ImmediateOops: 0, NonImmediateOops: No
[1,402s][debug][gc,nmethod  ] Register NMethod: java.lang.String.subSequence (0x00007ab287627d88) [0x00007ab287627e80, 0x00007ab287628178] Compiler: c1, Barriers: 0, Oops: 0, ImmediateOops: 0, NonImmediateOops: No
[1,402s][debug][gc,nmethod  ] Register NMethod: java.util.regex.Matcher.search (0x00007ab287628188) [0x00007ab287628280, 0x00007ab287628b50] Compiler: c1, Barriers: 6, Oops: 0, ImmediateOops: 0, NonImmediateOops: No
[1,402s][debug][gc,nmethod  ] Register NMethod: java.util.regex.Pattern$Start.match (0x00007ab287628b88) [0x00007ab287628c80, 0x00007ab2876291e0] Compiler: c1, Barriers: 2, Oops: 0, ImmediateOops: 0, NonImmediateOops: No
[1,403s][debug][gc,nmethod  ] Register NMethod: java.lang.String.toString (0x00007ab2a6c29388) [0x00007ab2a6c29480, 0x00007ab2a6c29508] Compiler: jvmci, Barriers: 0, Oops: 0, ImmediateOops: 0, NonImmediateOops: No
[1,404s][debug][gc,director ] Rule Major: Warmup 10%, Used: 60MB, UsedThreshold: 1228MB
[1,405s][debug][gc,nmethod  ] Register NMethod: jdk.internal.classfile.impl.StackMapGenerator$Frame.pushStack (0x00007ab287629208) [0x00007ab287629300, 0x00007ab287629e20] Compiler: c1, Barriers: 0, Oops: 0, ImmediateOops: 10, NonImmediateOops: No
[1,406s][debug][gc,nmethod  ] Register NMethod: java.lang.invoke.MemberName.getType (0x00007ab287629e88) [0x00007ab287629f80, 0x00007ab28762a788] Compiler: c1, Barriers: 0, Oops: 0, ImmediateOops: 0, NonImmediateOops: No
[1,406s][debug][gc,nmethod  ] Register NMethod: jdk.internal.classfile.impl.UnboundAttribute.<init> (0x00007ab28762a808) [0x00007ab28762a900, 0x00007ab28762ab30] Compiler: c1, Barriers: 3, Oops: 0, ImmediateOops: 0, NonImmediateOops: No
[1,406s][debug][gc,nmethod  ] Register NMethod: sun.util.locale.StringTokenIterator.isDone (0x00007ab2a6c29688) [0x00007ab2a6c29780, 0x00007ab2a6c29840] Compiler: c1, Barriers: 0, Oops: 0, ImmediateOops: 0, NonImmediateOops: No
[1,406s][debug][gc,nmethod  ] Register NMethod: java.util.regex.Pattern$BmpCharPropertyGreedy.match (0x00007ab2a6c29988) [0x00007ab2a6c29a80, 0x00007ab2a6c29e50] Compiler: jvmci, Barriers: 4, Oops: 0, ImmediateOops: 0, NonImmediateOops: No
[1,406s][debug][gc,nmethod  ] Register NMethod: sun.util.locale.LocaleUtils.toLower (0x00007ab28762ab88) [0x00007ab28762ac80, 0x00007ab28762ae80] Compiler: c1, Barriers: 0, Oops: 0, ImmediateOops: 0, NonImmediateOops: No
[1,407s][debug][gc,nmethod  ] Register NMethod: java.text.ParsePosition.getErrorIndex (0x00007ab2a6c29e88) [0x00007ab2a6c29f80, 0x00007ab2a6c2a040] Compiler: c1, Barriers: 0, Oops: 0, ImmediateOops: 0, NonImmediateOops: No
[1,407s][debug][gc,nmethod  ] Register NMethod: sun.util.locale.StringTokenIterator.current (0x00007ab2a6c2a188) [0x00007ab2a6c2a280, 0x00007ab2a6c2a368] Compiler: c1, Barriers: 1, Oops: 0, ImmediateOops: 0, NonImmediateOops: No
[1,407s][debug][gc,nmethod  ] Register NMethod: java.util.Collections$EmptyList.isEmpty (0x00007ab2a6c2a488) [0x00007ab2a6c2a580, 0x00007ab2a6c2a640] Compiler: c1, Barriers: 0, Oops: 0, ImmediateOops: 0, NonImmediateOops: No
[1,407s][debug][gc,nmethod  ] Register NMethod: sun.util.locale.LocaleUtils.isAlpha (0x00007ab28762ae88) [0x00007ab28762af80, 0x00007ab28762b130] Compiler: c1, Barriers: 0, Oops: 0, ImmediateOops: 0, NonImmediateOops: No
[1,407s][debug][gc,nmethod  ] Register NMethod: sun.util.locale.StringTokenIterator.currentEnd (0x00007ab2a6c2a788) [0x00007ab2a6c2a880, 0x00007ab2a6c2a940] Compiler: c1, Barriers: 0, Oops: 0, ImmediateOops: 0, NonImmediateOops: No
[1,407s][debug][gc,nmethod  ] Register NMethod: java.text.ParsePosition.setIndex (0x00007ab2a6c2aa88) [0x00007ab2a6c2ab80, 0x00007ab2a6c2ac40] Compiler: c1, Barriers: 0, Oops: 0, ImmediateOops: 0, NonImmediateOops: No
[1,407s][debug][gc,nmethod  ] Register NMethod: java.util.stream.ReferencePipeline$3$1.accept (0x00007ab28762b188) [0x00007ab28762b280, 0x00007ab28762b808] Compiler: c1, Barriers: 2, Oops: 0, ImmediateOops: 0, NonImmediateOops: No
[1,407s][debug][gc,nmethod  ] Register NMethod: jdk.internal.util.SoftReferenceKey.hashCode (0x00007ab2a6c2ad88) [0x00007ab2a6c2ae80, 0x00007ab2a6c2af40] Compiler: c1, Barriers: 0, Oops: 0, ImmediateOops: 0, NonImmediateOops: No
[1,407s][debug][gc,nmethod  ] Register NMethod: sun.util.locale.BaseLocale.hashCode (0x00007ab28762b888) [0x00007ab28762b980, 0x00007ab28762f808] Compiler: c1, Barriers: 20, Oops: 1, ImmediateOops: 8, NonImmediateOops: No
[1,407s][debug][gc,nmethod  ] Register NMethod: java.util.ImmutableCollections$SetN.probe (0x00007ab2a6c2b088) [0x00007ab2a6c2b180, 0x00007ab2a6c2b8d0] Compiler: jvmci, Barriers: 7, Oops: 0, ImmediateOops: 0, NonImmediateOops: No
[1,408s][debug][gc,nmethod  ] Register NMethod: sun.util.locale.StringTokenIterator.hasNext (0x00007ab28762f888) [0x00007ab28762f980, 0x00007ab28762ffa8] Compiler: c1, Barriers: 2, Oops: 0, ImmediateOops: 0, NonImmediateOops: No
[1,408s][debug][gc,nmethod  ] Register NMethod: sun.util.locale.StringTokenIterator.next (0x00007ab287630008) [0x00007ab287630100, 0x00007ab287630b88] Compiler: c1, Barriers: 10, Oops: 0, ImmediateOops: 0, NonImmediateOops: No
[1,408s][debug][gc,nmethod  ] Register NMethod: java.lang.String.isEmpty (0x00007ab2a6c2b908) [0x00007ab2a6c2ba00, 0x00007ab2a6c2bae8] Compiler: jvmci, Barriers: 1, Oops: 0, ImmediateOops: 0, NonImmediateOops: No
[1,408s][debug][gc,nmethod  ] Register NMethod: sun.util.locale.LocaleUtils.isAlphaString (0x00007ab287630c08) [0x00007ab287630d00, 0x00007ab287631ce8] Compiler: c1, Barriers: 3, Oops: 1, ImmediateOops: 2, NonImmediateOops: No
[1,408s][debug][gc,nmethod  ] Register NMethod: java.lang.ref.SoftReference.<init> (0x00007ab287631d08) [0x00007ab287631e00, 0x00007ab287632108] Compiler: c1, Barriers: 6, Oops: 0, ImmediateOops: 2, NonImmediateOops: No
[1,408s][debug][gc,nmethod  ] Register NMethod: sun.util.locale.LocaleUtils.isLower (0x00007ab287632188) [0x00007ab287632280, 0x00007ab2876323d8] Compiler: c1, Barriers: 0, Oops: 0, ImmediateOops: 0, NonImmediateOops: No
[1,408s][debug][gc,nmethod  ] Register NMethod: sun.util.locale.BaseLocale.getVariant (0x00007ab2a6c2bc08) [0x00007ab2a6c2bd00, 0x00007ab2a6c2bde8] Compiler: c1, Barriers: 1, Oops: 0, ImmediateOops: 0, NonImmediateOops: No
[1,408s][debug][gc,nmethod  ] Register NMethod: sun.util.locale.LocaleUtils.toLowerString (0x00007ab287632488) [0x00007ab287632580, 0x00007ab287634120] Compiler: c1, Barriers: 5, Oops: 1, ImmediateOops: 4, NonImmediateOops: No
[1,408s][debug][gc,nmethod  ] Register NMethod: sun.util.locale.StringTokenIterator.nextDelimiter (0x00007ab287634188) [0x00007ab287634280, 0x00007ab2876369d8] Compiler: c1, Barriers: 13, Oops: 1, ImmediateOops: 6, NonImmediateOops: No
[1,408s][debug][gc,nmethod  ] Register NMethod: sun.util.locale.LanguageTag.extlangs (0x00007ab2a6c2bf08) [0x00007ab2a6c2c000, 0x00007ab2a6c2c0e8] Compiler: c1, Barriers: 1, Oops: 0, ImmediateOops: 0, NonImmediateOops: No
[1,408s][debug][gc,nmethod  ] Register NMethod: sun.util.locale.LocaleUtils.isEmpty (0x00007ab287636a08) [0x00007ab287636b00, 0x00007ab287636e60] Compiler: c1, Barriers: 0, Oops: 0, ImmediateOops: 0, NonImmediateOops: No
[1,408s][debug][gc,nmethod  ] Register NMethod: sun.util.locale.InternalLocaleBuilder.clearExtensions (0x00007ab287636e88) [0x00007ab287636f80, 0x00007ab2876377d8] Compiler: c1, Barriers: 3, Oops: 0, ImmediateOops: 0, NonImmediateOops: No
[1,408s][debug][gc,nmethod  ] Register NMethod: sun.util.locale.LanguageTag.language (0x00007ab2a6c2c208) [0x00007ab2a6c2c300, 0x00007ab2a6c2c3e8] Compiler: c1, Barriers: 1, Oops: 0, ImmediateOops: 0, NonImmediateOops: No
[1,408s][debug][gc,nmethod  ] Register NMethod: sun.util.locale.LanguageTag.script (0x00007ab2a6c2c508) [0x00007ab2a6c2c600, 0x00007ab2a6c2c6e8] Compiler: c1, Barriers: 1, Oops: 0, ImmediateOops: 0, NonImmediateOops: No
[1,408s][debug][gc,nmethod  ] Register NMethod: sun.util.locale.LanguageTag.variants (0x00007ab2a6c2c808) [0x00007ab2a6c2c900, 0x00007ab2a6c2c9e8] Compiler: c1, Barriers: 1, Oops: 0, ImmediateOops: 0, NonImmediateOops: No
[1,408s][debug][gc,nmethod  ] Register NMethod: sun.util.locale.LanguageTag.region (0x00007ab2a6c2cb08) [0x00007ab2a6c2cc00, 0x00007ab2a6c2cce8] Compiler: c1, Barriers: 1, Oops: 0, ImmediateOops: 0, NonImmediateOops: No
[1,408s][debug][gc,nmethod  ] Register NMethod: sun.util.locale.LanguageTag.extensions (0x00007ab2a6c2ce08) [0x00007ab2a6c2cf00, 0x00007ab2a6c2cfe8] Compiler: c1, Barriers: 1, Oops: 0, ImmediateOops: 0, NonImmediateOops: No
[1,408s][debug][gc,nmethod  ] Register NMethod: jdk.internal.util.SoftReferenceKey.<init> (0x00007ab287637808) [0x00007ab287637900, 0x00007ab287637f18] Compiler: c1, Barriers: 6, Oops: 0, ImmediateOops: 2, NonImmediateOops: No
[1,408s][debug][gc,nmethod  ] Register NMethod: sun.util.locale.LanguageTag.privateuse (0x00007ab2a6c2d108) [0x00007ab2a6c2d200, 0x00007ab2a6c2d2e8] Compiler: c1, Barriers: 1, Oops: 0, ImmediateOops: 0, NonImmediateOops: No
[1,408s][debug][gc,nmethod  ] Register NMethod: java.lang.StringUTF16.coderFromArrayLen (0x00007ab287637f88) [0x00007ab287638080, 0x00007ab287638178] Compiler: c1, Barriers: 0, Oops: 0, ImmediateOops: 0, NonImmediateOops: No
[1,408s][debug][gc,nmethod  ] Register NMethod: java.lang.String.<init> (0x00007ab287638288) [0x00007ab287638380, 0x00007ab287638958] Compiler: c1, Barriers: 6, Oops: 0, ImmediateOops: 1, NonImmediateOops: No
[1,408s][debug][gc,nmethod  ] Register NMethod: java.lang.StringUTF16.compress (0x00007ab287638988) [0x00007ab287638a80, 0x00007ab287638dc8] Compiler: c1, Barriers: 0, Oops: 0, ImmediateOops: 0, NonImmediateOops: No
[1,409s][debug][gc,nmethod  ] Register NMethod: sun.util.locale.BaseLocale.getInstance (0x00007ab287638e08) [0x00007ab287638f00, 0x00007ab28763b0d0] Compiler: c1, Barriers: 19, Oops: 2, ImmediateOops: 6, NonImmediateOops: No
[1,409s][debug][gc,nmethod  ] Register NMethod: java.util.stream.Nodes$SpinedNodeBuilder.accept (0x00007ab28763b108) [0x00007ab28763b200, 0x00007ab28763b340] Compiler: c1, Barriers: 0, Oops: 0, ImmediateOops: 0, NonImmediateOops: No
[1,409s][debug][gc,nmethod  ] Register NMethod: java.util.stream.SpinedBuffer.accept (0x00007ab28763b408) [0x00007ab28763b500, 0x00007ab28763c2f0] Compiler: c1, Barriers: 22, Oops: 0, ImmediateOops: 0, NonImmediateOops: No
[1,409s][debug][gc,nmethod  ] Register NMethod: java.util.Locale.<init> (0x00007ab28763c308) [0x00007ab28763c400, 0x00007ab28763c648] Compiler: c1, Barriers: 6, Oops: 0, ImmediateOops: 0, NonImmediateOops: No
[1,409s][debug][gc,nmethod  ] Register NMethod: java.util.Locale.hashCode (0x00007ab28763c688) [0x00007ab28763c780, 0x00007ab28763cb98] Compiler: c1, Barriers: 2, Oops: 0, ImmediateOops: 0, NonImmediateOops: No
[1,409s][debug][gc,nmethod  ] Register NMethod: java.text.ParsePosition.<init> (0x00007ab28763cc08) [0x00007ab28763cd00, 0x00007ab28763ce68] Compiler: c1, Barriers: 0, Oops: 0, ImmediateOops: 0, NonImmediateOops: No
[1,409s][debug][gc,nmethod  ] Register NMethod: sun.util.locale.InternalLocaleBuilder.<init> (0x00007ab28763cf08) [0x00007ab28763d000, 0x00007ab28763d368] Compiler: c1, Barriers: 12, Oops: 0, ImmediateOops: 5, NonImmediateOops: No
[1,409s][debug][gc,nmethod  ] Register NMethod: java.util.Locale.getInstance (0x00007ab28763d388) [0x00007ab28763d480, 0x00007ab28763e5f0] Compiler: c1, Barriers: 1, Oops: 1, ImmediateOops: 5, NonImmediateOops: No
[1,410s][debug][gc,nmethod  ] Register NMethod: sun.util.locale.LanguageTag.parseLanguage (0x00007ab28763e608) [0x00007ab28763e700, 0x00007ab28763f030] Compiler: c1, Barriers: 2, Oops: 0, ImmediateOops: 2, NonImmediateOops: No
[1,410s][debug][gc,nmethod  ] Register NMethod: sun.util.locale.StringTokenIterator.setStart (0x00007ab28763f088) [0x00007ab28763f180, 0x00007ab28763fb40] Compiler: c1, Barriers: 6, Oops: 0, ImmediateOops: 0, NonImmediateOops: No
[1,410s][debug][gc,nmethod  ] Register NMethod: java.util.Locale.forLanguageTag (0x00007ab28763fb88) [0x00007ab28763fc80, 0x00007ab287641528] Compiler: c1, Barriers: 17, Oops: 0, ImmediateOops: 5, NonImmediateOops: No
[1,410s][debug][gc,nmethod  ] Register NMethod: sun.util.locale.StringTokenIterator.<init> (0x00007ab287641588) [0x00007ab287641680, 0x00007ab287642658] Compiler: c1, Barriers: 10, Oops: 1, ImmediateOops: 2, NonImmediateOops: No
[1,410s][debug][gc,nmethod  ] Register NMethod: sun.util.locale.LanguageTag.parseScript (0x00007ab287642688) [0x00007ab287642780, 0x00007ab287643010] Compiler: c1, Barriers: 2, Oops: 0, ImmediateOops: 2, NonImmediateOops: No
[1,410s][debug][gc,nmethod  ] Register NMethod: sun.util.locale.LanguageTag.isLanguage (0x00007ab287643088) [0x00007ab287643180, 0x00007ab287644698] Compiler: c1, Barriers: 3, Oops: 1, ImmediateOops: 2, NonImmediateOops: No
[1,410s][debug][gc,nmethod  ] Register NMethod: sun.util.locale.LanguageTag.parse (0x00007ab287644708) [0x00007ab287644800, 0x00007ab287646b78] Compiler: c1, Barriers: 5, Oops: 3, ImmediateOops: 11, NonImmediateOops: No
[1,410s][debug][gc,nmethod  ] Register NMethod: sun.util.locale.LanguageTag.parseExtlangs (0x00007ab287646c08) [0x00007ab287646d00, 0x00007ab287647c68] Compiler: c1, Barriers: 2, Oops: 0, ImmediateOops: 2, NonImmediateOops: No
[1,410s][debug][gc,nmethod  ] Register NMethod: sun.util.locale.LanguageTag.parseRegion (0x00007ab287647c88) [0x00007ab287647d80, 0x00007ab287648090] Compiler: c1, Barriers: 1, Oops: 0, ImmediateOops: 2, NonImmediateOops: No
[1,411s][debug][gc,nmethod  ] Register NMethod: sun.util.locale.LocaleUtils.toUpperString (0x00007ab287648108) [0x00007ab287648200, 0x00007ab287649da0] Compiler: c1, Barriers: 5, Oops: 1, ImmediateOops: 4, NonImmediateOops: No
[1,411s][debug][gc,nmethod  ] Register NMethod: sun.util.locale.LanguageTag.parseVariants (0x00007ab287649e08) [0x00007ab287649f00, 0x00007ab28764a6a8] Compiler: c1, Barriers: 1, Oops: 0, ImmediateOops: 2, NonImmediateOops: No
[1,411s][debug][gc,nmethod  ] Register NMethod: java.lang.ref.ReferenceQueue.poll (0x00007ab2a6c2d408) [0x00007ab2a6c2d500, 0x00007ab2a6c2d5e8] Compiler: jvmci, Barriers: 1, Oops: 0, ImmediateOops: 0, NonImmediateOops: No
[1,411s][debug][gc,nmethod  ] Register NMethod: sun.util.locale.LanguageTag.<init> (0x00007ab28764a708) [0x00007ab28764a800, 0x00007ab28764ad00] Compiler: c1, Barriers: 21, Oops: 0, ImmediateOops: 0, NonImmediateOops: No
[1,411s][debug][gc,nmethod  ] Register NMethod: sun.util.locale.InternalLocaleBuilder.clear (0x00007ab28764ad08) [0x00007ab28764ae00, 0x00007ab28764b308] Compiler: c1, Barriers: 12, Oops: 0, ImmediateOops: 5, NonImmediateOops: No
[1,411s][debug][gc,nmethod  ] Register NMethod: sun.util.locale.LanguageTag.parsePrivateuse (0x00007ab28764b388) [0x00007ab28764b480, 0x00007ab28764d360] Compiler: c1, Barriers: 4, Oops: 2, ImmediateOops: 6, NonImmediateOops: No
[1,411s][debug][gc,nmethod  ] Register NMethod: sun.util.locale.LocaleUtils.isEmpty (0x00007ab28764d388) [0x00007ab28764d480, 0x00007ab28764d7e0] Compiler: c1, Barriers: 0, Oops: 0, ImmediateOops: 0, NonImmediateOops: No
[1,411s][debug][gc,nmethod  ] Register NMethod: sun.util.locale.LocaleUtils.toTitleString (0x00007ab28764d808) [0x00007ab28764d900, 0x00007ab28764ffd8] Compiler: c1, Barriers: 5, Oops: 1, ImmediateOops: 6, NonImmediateOops: No
[1,411s][debug][gc,nmethod  ] Register NMethod: sun.util.locale.InternalLocaleBuilder.setLanguageTag (0x00007ab287650008) [0x00007ab287650100, 0x00007ab287653be0] Compiler: c1, Barriers: 35, Oops: 1, ImmediateOops: 8, NonImmediateOops: No
[1,411s][debug][gc,nmethod  ] Register NMethod: sun.util.locale.LanguageTag.parseVariants (0x00007ab287649e08) [0x00007ab287649f00, 0x00007ab28764a6a8] Compiler: c1, Barriers: 1, Oops: 0, ImmediateOops: 2, NonImmediateOops: No
[1,411s][debug][gc,nmethod  ] Register NMethod: sun.util.locale.LanguageTag.parseExtensions (0x00007ab287653c08) [0x00007ab287653d00, 0x00007ab287656530] Compiler: c1, Barriers: 4, Oops: 3, ImmediateOops: 7, NonImmediateOops: No
[1,412s][debug][gc,nmethod  ] Register NMethod: sun.util.locale.LocaleUtils.isEmpty (0x00007ab287656588) [0x00007ab287656680, 0x00007ab2876569e0] Compiler: c1, Barriers: 0, Oops: 0, ImmediateOops: 0, NonImmediateOops: No
[1,412s][debug][gc,nmethod  ] Register NMethod: sun.util.locale.InternalLocaleBuilder.getLocaleExtensions (0x00007ab287656a08) [0x00007ab287656b00, 0x00007ab2876577a8] Compiler: c1, Barriers: 6, Oops: 0, ImmediateOops: 0, NonImmediateOops: No
[1,412s][debug][gc,nmethod  ] Register NMethod: sun.util.locale.provider.LocaleProviderAdapter$$Lambda/0x000000006c0b6ec8.apply (0x00007ab287657808) [0x00007ab287657900, 0x00007ab287657c40] Compiler: c1, Barriers: 0, Oops: 0, ImmediateOops: 0, NonImmediateOops: No
[1,412s][debug][gc,nmethod  ] Register NMethod: java.util.stream.DistinctOps$1$2.accept (0x00007ab287657c88) [0x00007ab287657d80, 0x00007ab287658340] Compiler: c1, Barriers: 2, Oops: 0, ImmediateOops: 0, NonImmediateOops: No
[1,412s][debug][gc,nmethod  ] Register NMethod: sun.util.locale.InternalLocaleBuilder.getBaseLocale (0x00007ab287658388) [0x00007ab287658480, 0x00007ab28765aca8] Compiler: c1, Barriers: 7, Oops: 2, ImmediateOops: 7, NonImmediateOops: No
[1,412s][debug][gc,nmethod  ] Register NMethod: java.util.Map.computeIfAbsent (0x00007ab28765ad08) [0x00007ab28765ae00, 0x00007ab28765b708] Compiler: c1, Barriers: 0, Oops: 0, ImmediateOops: 0, NonImmediateOops: No
[1,412s][debug][gc,nmethod  ] Register NMethod: sun.util.locale.InternalLocaleBuilder.setExtensions (0x00007ab28765b788) [0x00007ab28765b8a0, 0x00007ab287661460] Compiler: c1, Barriers: 20, Oops: 1, ImmediateOops: 5, NonImmediateOops: No
[1,412s][debug][gc,nmethod  ] Register NMethod: sun.util.locale.provider.LocaleProviderAdapter.lambda$toLocaleArray$0 (0x00007ab287661488) [0x00007ab287661580, 0x00007ab287662298] Compiler: c1, Barriers: 3, Oops: 0, ImmediateOops: 3, NonImmediateOops: No
[1,412s][debug][gc,nmethod  ] Register NMethod: sun.util.locale.BaseLocale.convertOldISOCodes (0x00007ab287662308) [0x00007ab287662400, 0x00007ab287663680] Compiler: c1, Barriers: 0, Oops: 0, ImmediateOops: 9, NonImmediateOops: No
[1,412s][debug][gc,nmethod  ] Register NMethod: java.util.Locale$LocaleCache.apply (0x00007ab287663688) [0x00007ab287663780, 0x00007ab287663a78] Compiler: c1, Barriers: 0, Oops: 0, ImmediateOops: 0, NonImmediateOops: No
[1,412s][debug][gc,nmethod  ] Register NMethod: jdk.internal.util.ReferencedKeyMap.put (0x00007ab287663a88) [0x00007ab287663b80, 0x00007ab287665468] Compiler: c1, Barriers: 5, Oops: 2, ImmediateOops: 3, NonImmediateOops: No
[1,412s][debug][gc,nmethod  ] Register NMethod: java.lang.String.<init> (0x00007ab287665488) [0x00007ab287665580, 0x00007ab2876656d0] Compiler: c1, Barriers: 0, Oops: 0, ImmediateOops: 0, NonImmediateOops: No
[1,412s][debug][gc,nmethod  ] Register NMethod: java.util.Locale$LocaleCache.apply (0x00007ab287665788) [0x00007ab287665880, 0x00007ab287666470] Compiler: c1, Barriers: 11, Oops: 0, ImmediateOops: 0, NonImmediateOops: No
[1,413s][debug][gc,nmethod  ] Register NMethod: sun.util.locale.LanguageTag.isExtlang (0x00007ab287666488) [0x00007ab287666580, 0x00007ab287667a70] Compiler: c1, Barriers: 3, Oops: 1, ImmediateOops: 2, NonImmediateOops: No
[1,413s][debug][gc,nmethod  ] Register NMethod: sun.util.locale.InternalLocaleBuilder.setLanguageTag (0x00007ab287650008) [0x00007ab287650100, 0x00007ab287653be0] Compiler: c1, Barriers: 35, Oops: 1, ImmediateOops: 8, NonImmediateOops: No
[1,413s][debug][gc,nmethod  ] Register NMethod: sun.util.locale.LanguageTag.isScript (0x00007ab287667a88) [0x00007ab287667b80, 0x00007ab287669070] Compiler: c1, Barriers: 3, Oops: 1, ImmediateOops: 2, NonImmediateOops: No
[1,413s][debug][gc,nmethod  ] Register NMethod: sun.util.locale.LanguageTag.isRegion (0x00007ab287669088) [0x00007ab287669180, 0x00007ab28766b9d8] Compiler: c1, Barriers: 6, Oops: 1, ImmediateOops: 4, NonImmediateOops: No
[1,414s][debug][gc,director ] Rule Major: Warmup 10%, Used: 62MB, UsedThreshold: 1228MB
[1,414s][debug][gc,nmethod  ] Register NMethod: java.util.HashMap.put (0x00007ab2a6c2d708) [0x00007ab2a6c2d820, 0x00007ab2a6c2f018] Compiler: jvmci, Barriers: 59, Oops: 0, ImmediateOops: 0, NonImmediateOops: No
[1,414s][debug][gc,nmethod  ] Register NMethod: java.util.Locale.hasExtensions (0x00007ab28766ba08) [0x00007ab28766bb00, 0x00007ab28766bc80] Compiler: c1, Barriers: 1, Oops: 0, ImmediateOops: 0, NonImmediateOops: No
[1,414s][debug][gc,nmethod  ] Register NMethod: java.util.Locale.stripExtensions (0x00007ab28766bd08) [0x00007ab28766be00, 0x00007ab28766c278] Compiler: c1, Barriers: 2, Oops: 0, ImmediateOops: 0, NonImmediateOops: No
[1,415s][debug][gc,nmethod  ] Register NMethod: java.util.Locale.equals (0x00007ab28766c288) [0x00007ab28766c380, 0x00007ab28766d188] Compiler: c1, Barriers: 5, Oops: 0, ImmediateOops: 0, NonImmediateOops: No
[1,415s][debug][gc,nmethod  ] Register NMethod: sun.util.locale.BaseLocale.equals (0x00007ab28766d208) [0x00007ab28766d300, 0x00007ab28766ddd8] Compiler: c1, Barriers: 8, Oops: 0, ImmediateOops: 0, NonImmediateOops: No
[1,415s][debug][gc,nmethod  ] Register NMethod: sun.util.locale.LocaleUtils.caseIgnoreMatch (0x00007ab28766de08) [0x00007ab28766df00, 0x00007ab28766fee8] Compiler: c1, Barriers: 6, Oops: 1, ImmediateOops: 4, NonImmediateOops: No
[1,416s][debug][gc,nmethod  ] Register NMethod: java.lang.invoke.MethodHandles$Lookup.checkAccess (0x00007ab28766ff08) [0x00007ab287670000, 0x00007ab287671b18] Compiler: c1, Barriers: 5, Oops: 0, ImmediateOops: 1, NonImmediateOops: No
[1,420s][debug][gc,nmethod  ] Register NMethod: sun.util.locale.BaseLocale.hashCode (0x00007ab2a6c2f088) [0x00007ab2a6c2f180, 0x00007ab2a6c2f7d8] Compiler: jvmci, Barriers: 8, Oops: 0, ImmediateOops: 0, NonImmediateOops: No
[1,420s][debug][gc,nmethod  ] Register NMethod: java.util.concurrent.ConcurrentHashMap.putVal (0x00007ab2a6c2f808) [0x00007ab2a6c2f900, 0x00007ab2a6c30a18] Compiler: jvmci, Barriers: 28, Oops: 0, ImmediateOops: 0, NonImmediateOops: No
[1,420s][debug][gc,nmethod  ] Register NMethod: sun.util.locale.LocaleUtils.toLower (0x00007ab2a6c30a88) [0x00007ab2a6c30b80, 0x00007ab2a6c30bf8] Compiler: jvmci, Barriers: 0, Oops: 0, ImmediateOops: 0, NonImmediateOops: No
[1,421s][debug][gc,nmethod  ] Register NMethod: java.lang.StringUTF16.getChar (0x00007ab287671b88) [0x00007ab287671c80, 0x00007ab287671de0] Compiler: c1, Barriers: 0, Oops: 0, ImmediateOops: 0, NonImmediateOops: No
[1,421s][debug][gc,nmethod  ] Register NMethod: java.lang.CharacterData.of (0x00007ab2874e7508) [0x00007ab2874e7600, 0x00007ab2874e7d40] Compiler: c1, Barriers: 7, Oops: 0, ImmediateOops: 3, NonImmediateOops: No
[1,421s][debug][gc,nmethod  ] Register NMethod: java.lang.CharacterData.of (0x00007ab2874e7508) [0x00007ab2874e7600, 0x00007ab2874e7d40] Compiler: c1, Barriers: 7, Oops: 0, ImmediateOops: 3, NonImmediateOops: No
[1,422s][debug][gc,nmethod  ] Register NMethod: java.lang.String.isLatin1 (0x00007ab287671e88) [0x00007ab287671f80, 0x00007ab2876720e0] Compiler: c1, Barriers: 0, Oops: 0, ImmediateOops: 0, NonImmediateOops: No
[1,423s][debug][gc,nmethod  ] Register NMethod: java.lang.invoke.MethodHandle.linkToVirtual (0x00007ab2a6c30d88) [0x00007ab2a6c30e80, 0x00007ab2a6c30ea8] Compiler: , Barriers: 0, Oops: 0, ImmediateOops: 0, NonImmediateOops: No
[1,423s][debug][gc,nmethod  ] Register NMethod: java.lang.StringLatin1.newString (0x00007ab2a6c31088) [0x00007ab2a6c31180, 0x00007ab2a6c31540] Compiler: jvmci, Barriers: 2, Oops: 0, ImmediateOops: 1, NonImmediateOops: No
[1,423s][debug][gc,nmethod  ] Register NMethod: java.lang.String.substring (0x00007ab2a6c31588) [0x00007ab2a6c31680, 0x00007ab2a6c31b38] Compiler: jvmci, Barriers: 3, Oops: 0, ImmediateOops: 1, NonImmediateOops: No
[1,424s][debug][gc,nmethod  ] Register NMethod: java.lang.invoke.LambdaForm.parameter (0x00007ab287672188) [0x00007ab287672280, 0x00007ab287672418] Compiler: c1, Barriers: 2, Oops: 0, ImmediateOops: 0, NonImmediateOops: No
[1,424s][debug][gc,nmethod  ] Register NMethod: jdk.internal.classfile.impl.DirectCodeBuilder.loadLocal (0x00007ab287672488) [0x00007ab287672580, 0x00007ab287674408] Compiler: c1, Barriers: 5, Oops: 0, ImmediateOops: 2, NonImmediateOops: No
[1,424s][debug][gc,nmethod  ] Register NMethod: jdk.internal.classfile.impl.AbstractPoolEntry$NameAndTypeEntryImpl.<init> (0x00007ab287674488) [0x00007ab287674580, 0x00007ab2876746d0] Compiler: c1, Barriers: 0, Oops: 0, ImmediateOops: 0, NonImmediateOops: No
[1,424s][debug][gc,nmethod  ] Register NMethod: java.lang.StringUTF16.getChar (0x00007ab2a6c31b88) [0x00007ab2a6c31c80, 0x00007ab2a6c31d68] Compiler: jvmci, Barriers: 0, Oops: 0, ImmediateOops: 0, NonImmediateOops: No
[1,424s][debug][gc,director ] Rule Major: Warmup 10%, Used: 62MB, UsedThreshold: 1228MB
[1,424s][debug][gc,nmethod  ] Register NMethod: java.lang.invoke.LambdaForm.parameterType (0x00007ab287674788) [0x00007ab287674880, 0x00007ab287674a00] Compiler: c1, Barriers: 1, Oops: 0, ImmediateOops: 0, NonImmediateOops: No
[1,424s][debug][gc,nmethod  ] Register NMethod: java.lang.classfile.constantpool.ConstantPoolBuilder.nameAndTypeEntry (0x00007ab287674a88) [0x00007ab287674b80, 0x00007ab2876752a0] Compiler: c1, Barriers: 0, Oops: 0, ImmediateOops: 0, NonImmediateOops: No
[1,425s][debug][gc,nmethod  ] Register NMethod: jdk.internal.classfile.impl.StackMapGenerator$Frame.getLocalRawInternal (0x00007ab287675308) [0x00007ab287675400, 0x00007ab287675798] Compiler: c1, Barriers: 2, Oops: 0, ImmediateOops: 0, NonImmediateOops: No
[1,425s][debug][gc,nmethod  ] Register NMethod: jdk.internal.classfile.impl.SplitConstantPool.methodRefEntry (0x00007ab287675808) [0x00007ab287675900, 0x00007ab287678258] Compiler: c1, Barriers: 6, Oops: 0, ImmediateOops: 0, NonImmediateOops: No
[1,425s][debug][gc,nmethod  ] Register NMethod: java.util.jar.Attributes.put (0x00007ab287678288) [0x00007ab287678380, 0x00007ab287678ac8] Compiler: c1, Barriers: 1, Oops: 0, ImmediateOops: 0, NonImmediateOops: No
[1,426s][debug][gc,nmethod  ] Register NMethod: java.util.jar.Attributes$Name.of (0x00007ab287678b08) [0x00007ab287678c00, 0x00007ab287679478] Compiler: c1, Barriers: 4, Oops: 1, ImmediateOops: 3, NonImmediateOops: No
[1,426s][debug][gc,nmethod  ] Register NMethod: java.util.jar.Attributes.putValue (0x00007ab287679488) [0x00007ab287679580, 0x00007ab28767a418] Compiler: c1, Barriers: 4, Oops: 0, ImmediateOops: 1, NonImmediateOops: No
[1,426s][debug][gc,nmethod  ] Register NMethod: worker.org.gradle.internal.classloader.FilteringClassLoader.classAllowed (0x00007ab28767a488) [0x00007ab28767a580, 0x00007ab28767b788] Compiler: c1, Barriers: 8, Oops: 3, ImmediateOops: 2, NonImmediateOops: No
[1,426s][debug][gc,nmethod  ] Register NMethod: java.lang.String.charAt (0x00007ab28767b808) [0x00007ab28767b900, 0x00007ab28767c038] Compiler: c1, Barriers: 2, Oops: 1, ImmediateOops: 2, NonImmediateOops: No
[1,427s][debug][gc,nmethod  ] Register NMethod: jdk.internal.jimage.ImageHeader.getTableLength (0x00007ab2a6c31e88) [0x00007ab2a6c31f80, 0x00007ab2a6c32040] Compiler: c1, Barriers: 0, Oops: 0, ImmediateOops: 0, NonImmediateOops: No
[1,427s][debug][gc,nmethod  ] Register NMethod: java.nio.DirectIntBufferU.ix (0x00007ab28767c088) [0x00007ab28767c180, 0x00007ab28767c290] Compiler: c1, Barriers: 0, Oops: 0, ImmediateOops: 0, NonImmediateOops: No
[1,427s][debug][gc,nmethod  ] Register NMethod: jdk.internal.misc.ScopedMemoryAccess.getIntInternal (0x00007ab28767c388) [0x00007ab28767c480, 0x00007ab28767c6d0] Compiler: c1, Barriers: 0, Oops: 0, ImmediateOops: 0, NonImmediateOops: No
[1,427s][debug][gc,nmethod  ] Register NMethod: java.util.concurrent.ConcurrentHashMap$BaseIterator.hasNext (0x00007ab28767c708) [0x00007ab28767c800, 0x00007ab28767c980] Compiler: c1, Barriers: 1, Oops: 0, ImmediateOops: 0, NonImmediateOops: No
[1,427s][debug][gc,nmethod  ] Register NMethod: java.util.concurrent.ConcurrentHashMap$Traverser.advance (0x00007ab28767ca08) [0x00007ab28767cb00, 0x00007ab28767dbf8] Compiler: c1, Barriers: 15, Oops: 0, ImmediateOops: 0, NonImmediateOops: No
[1,427s][debug][gc,nmethod  ] Register NMethod: jdk.internal.misc.ScopedMemoryAccess.getInt (0x00007ab28767dc08) [0x00007ab28767dd00, 0x00007ab28767e010] Compiler: c1, Barriers: 0, Oops: 0, ImmediateOops: 0, NonImmediateOops: No
[1,427s][debug][gc,nmethod  ] Register NMethod: java.nio.DirectIntBufferU.get (0x00007ab28767e088) [0x00007ab28767e180, 0x00007ab28767ef70] Compiler: c1, Barriers: 1, Oops: 2, ImmediateOops: 2, NonImmediateOops: No
[1,427s][debug][gc,nmethod  ] Register NMethod: jdk.internal.loader.URLClassPath$JarLoader.findResource (0x00007ab28767ef88) [0x00007ab28767f080, 0x00007ab28767f270] Compiler: c1, Barriers: 1, Oops: 0, ImmediateOops: 0, NonImmediateOops: No
[1,428s][debug][gc,nmethod  ] Register NMethod: java.util.zip.ZipFile.ensureOpen (0x00007ab2a6c32188) [0x00007ab2a6c32280, 0x00007ab2a6c323e0] Compiler: jvmci, Barriers: 2, Oops: 0, ImmediateOops: 0, NonImmediateOops: No
[1,428s][debug][gc,nmethod  ] Register NMethod: java.lang.AbstractStringBuilder.needsNewBuffer (0x00007ab28767f288) [0x00007ab28767f380, 0x00007ab28767f520] Compiler: c1, Barriers: 0, Oops: 0, ImmediateOops: 0, NonImmediateOops: No
[1,429s][debug][gc,nmethod  ] Register NMethod: java.util.concurrent.ConcurrentHashMap$ValueIterator.next (0x00007ab28767f588) [0x00007ab28767f680, 0x00007ab28767fb60] Compiler: c1, Barriers: 5, Oops: 0, ImmediateOops: 0, NonImmediateOops: No
[1,430s][debug][gc,nmethod  ] Register NMethod: java.util.concurrent.ConcurrentHashMap.addCount (0x00007ab2a6c32488) [0x00007ab2a6c32580, 0x00007ab2a6c33a60] Compiler: jvmci, Barriers: 56, Oops: 0, ImmediateOops: 0, NonImmediateOops: No
[1,432s][debug][gc,nmethod  ] Register NMethod: java.lang.String.charAt (0x00007ab2a6c33a88) [0x00007ab2a6c33b80, 0x00007ab2a6c33ce0] Compiler: jvmci, Barriers: 1, Oops: 0, ImmediateOops: 0, NonImmediateOops: No
[1,432s][debug][gc,nmethod  ] Register NMethod: java.lang.ClassLoader.definePackage (0x00007ab28767fb88) [0x00007ab28767fc80, 0x00007ab2876820d8] Compiler: c1, Barriers: 10, Oops: 2, ImmediateOops: 5, NonImmediateOops: No
[1,433s][debug][gc,nmethod  ] Register NMethod: jdk.internal.reflect.Reflection.getCallerClass (0x00007ab2a6c33d88) [0x00007ab2a6c33e80, 0x00007ab2a6c341a8] Compiler: , Barriers: 0, Oops: 0, ImmediateOops: 1, NonImmediateOops: No
[1,433s][debug][gc,nmethod  ] Register NMethod: java.lang.invoke.MethodHandles$Lookup.isClassAccessible (0x00007ab287682108) [0x00007ab287682200, 0x00007ab287682b28] Compiler: c1, Barriers: 3, Oops: 0, ImmediateOops: 0, NonImmediateOops: No
[1,434s][debug][gc,nmethod  ] Register NMethod: java.lang.invoke.MemberName.ensureTypeVisible (0x00007ab287682b88) [0x00007ab287682c80, 0x00007ab287687520] Compiler: c1, Barriers: 10, Oops: 3, ImmediateOops: 10, NonImmediateOops: No
[1,434s][debug][gc,director ] Rule Major: Warmup 10%, Used: 62MB, UsedThreshold: 1228MB
[1,435s][debug][gc,nmethod  ] Register NMethod: java.util.concurrent.ConcurrentHashMap.get (0x00007ab2a6c34208) [0x00007ab2a6c34300, 0x00007ab2a6c34e60] Compiler: jvmci, Barriers: 15, Oops: 0, ImmediateOops: 0, NonImmediateOops: No
[1,437s][debug][gc,nmethod  ] Register NMethod: java.lang.invoke.MethodHandle.linkToStatic (0x00007ab2a6c34e88) [0x00007ab2a6c34f80, 0x00007ab2a6c35070] Compiler: , Barriers: 0, Oops: 0, ImmediateOops: 0, NonImmediateOops: No
[1,437s][debug][gc,nmethod  ] Register NMethod: java.lang.invoke.MethodType.changeReturnType (0x00007ab287687588) [0x00007ab287687680, 0x00007ab287687a50] Compiler: c1, Barriers: 2, Oops: 0, ImmediateOops: 0, NonImmediateOops: No
[1,438s][debug][gc,nmethod  ] Register NMethod: jdk.internal.loader.URLClassPath$JarLoader.ensureOpen (0x00007ab2a6c35188) [0x00007ab2a6c35280, 0x00007ab2a6c35438] Compiler: jvmci, Barriers: 5, Oops: 0, ImmediateOops: 0, NonImmediateOops: No
[1,438s][debug][gc,nmethod  ] Register NMethod: java.util.zip.ZipCoder.hash (0x00007ab2a6c35488) [0x00007ab2a6c35580, 0x00007ab2a6c357e8] Compiler: jvmci, Barriers: 1, Oops: 0, ImmediateOops: 0, NonImmediateOops: No
[1,438s][debug][gc,nmethod  ] Register NMethod: java.util.zip.CRC32.<init> (0x00007ab287687a88) [0x00007ab287687b80, 0x00007ab287687cd8] Compiler: c1, Barriers: 0, Oops: 0, ImmediateOops: 0, NonImmediateOops: No
[1,438s][debug][gc,nmethod  ] Register NMethod: jdk.internal.loader.URLClassPath$JarLoader$1.getBytes (0x00007ab287687d88) [0x00007ab287687e80, 0x00007ab287688ac0] Compiler: c1, Barriers: 4, Oops: 0, ImmediateOops: 1, NonImmediateOops: No
[1,439s][debug][gc,nmethod  ] Register NMethod: java.lang.classfile.TypeKind.slotSize (0x00007ab2a6c35808) [0x00007ab2a6c35900, 0x00007ab2a6c359c0] Compiler: c1, Barriers: 0, Oops: 0, ImmediateOops: 0, NonImmediateOops: No
[1,439s][debug][gc,nmethod  ] Register NMethod: jdk.internal.classfile.impl.DirectCodeBuilder.setLabelTarget (0x00007ab287688b08) [0x00007ab287688c00, 0x00007ab287689638] Compiler: c1, Barriers: 1, Oops: 0, ImmediateOops: 1, NonImmediateOops: No
[1,439s][debug][gc,nmethod  ] Register NMethod: jdk.internal.classfile.impl.StackMapDecoder$StackMapFrameImpl.locals (0x00007ab2a6c35b08) [0x00007ab2a6c35c00, 0x00007ab2a6c35ce8] Compiler: c1, Barriers: 1, Oops: 0, ImmediateOops: 0, NonImmediateOops: No
[1,439s][debug][gc,nmethod  ] Register NMethod: jdk.internal.classfile.impl.StackMapDecoder$StackMapFrameImpl.target (0x00007ab2a6c35e08) [0x00007ab2a6c35f00, 0x00007ab2a6c35fe8] Compiler: c1, Barriers: 1, Oops: 0, ImmediateOops: 0, NonImmediateOops: No
[1,439s][debug][gc,nmethod  ] Register NMethod: jdk.internal.classfile.impl.AbstractPseudoInstruction$ExceptionCatchImpl.catchTypeEntry (0x00007ab2a6c36108) [0x00007ab2a6c36200, 0x00007ab2a6c362e8] Compiler: c1, Barriers: 1, Oops: 0, ImmediateOops: 0, NonImmediateOops: No
[1,440s][debug][gc,nmethod  ] Register NMethod: java.util.jar.JarFile.checkForSpecialAttributes (0x00007ab2a6c36408) [0x00007ab2a6c36500, 0x00007ab2a6c36e50] Compiler: jvmci, Barriers: 7, Oops: 2, ImmediateOops: 8, NonImmediateOops: No
[1,441s][debug][gc,nmethod  ] Register NMethod: java.lang.Math.min (0x00007ab2a6c36e88) [0x00007ab2a6c36f80, 0x00007ab2a6c36fe8] Compiler: jvmci, Barriers: 0, Oops: 0, ImmediateOops: 0, NonImmediateOops: No
[1,441s][debug][gc,nmethod  ] Register NMethod: java.lang.ClassLoader.compareCerts (0x00007ab287689688) [0x00007ab287689780, 0x00007ab28768a2c0] Compiler: c1, Barriers: 4, Oops: 0, ImmediateOops: 0, NonImmediateOops: No
[1,441s][debug][gc,nmethod  ] Register NMethod: jdk.internal.loader.AbstractClassLoaderValue$Sub.parent (0x00007ab2a6c37188) [0x00007ab2a6c37280, 0x00007ab2a6c37368] Compiler: c1, Barriers: 1, Oops: 0, ImmediateOops: 0, NonImmediateOops: No
[1,442s][debug][gc,nmethod  ] Register NMethod: java.lang.reflect.Method.getRoot (0x00007ab2a6c37488) [0x00007ab2a6c37580, 0x00007ab2a6c37668] Compiler: c1, Barriers: 1, Oops: 0, ImmediateOops: 0, NonImmediateOops: No
[1,442s][debug][gc,nmethod  ] Register NMethod: java.lang.invoke.DirectMethodHandle.internalMemberName (0x00007ab28768a308) [0x00007ab28768a400, 0x00007ab28768a720] Compiler: c1, Barriers: 1, Oops: 0, ImmediateOops: 0, NonImmediateOops: No
[1,444s][debug][gc,nmethod  ] Register NMethod: java.lang.invoke.MemberName.getInvocationType (0x00007ab28768a788) [0x00007ab28768a880, 0x00007ab28768be80] Compiler: c1, Barriers: 7, Oops: 0, ImmediateOops: 0, NonImmediateOops: No
[1,444s][debug][gc,nmethod  ] Register NMethod: java.util.zip.ZipFile$Source.getEntryPos (0x00007ab2a6c37788) [0x00007ab2a6c37880, 0x00007ab2a6c37ff8] Compiler: jvmci, Barriers: 6, Oops: 0, ImmediateOops: 0, NonImmediateOops: No
[1,444s][debug][gc,nmethod  ] Register NMethod: java.lang.invoke.InvokerBytecodeGenerator.emitImplicitConversion (0x00007ab28768be88) [0x00007ab28768bf80, 0x00007ab28768e3b0] Compiler: c1, Barriers: 3, Oops: 2, ImmediateOops: 10, NonImmediateOops: No
[1,444s][debug][gc,director ] Rule Major: Warmup 10%, Used: 64MB, UsedThreshold: 1228MB
[1,445s][debug][gc,nmethod  ] Register NMethod: java.net.URLClassLoader.isSealed (0x00007ab28768e408) [0x00007ab28768e500, 0x00007ab287691fb0] Compiler: c1, Barriers: 10, Oops: 3, ImmediateOops: 15, NonImmediateOops: No
[1,446s][debug][gc,nmethod  ] Register NMethod: java.util.List.copyOf (0x00007ab287692008) [0x00007ab287692100, 0x00007ab287692210] Compiler: c1, Barriers: 0, Oops: 0, ImmediateOops: 0, NonImmediateOops: No
[1,446s][debug][gc,nmethod  ] Register NMethod: java.util.ImmutableCollections.listCopy (0x00007ab287692308) [0x00007ab287692400, 0x00007ab2876932b8] Compiler: c1, Barriers: 0, Oops: 0, ImmediateOops: 1, NonImmediateOops: No
[1,447s][debug][gc,nmethod  ] Register NMethod: jdk.internal.classfile.impl.BufWriterImpl.writeU1U1 (0x00007ab287693308) [0x00007ab287693400, 0x00007ab287693870] Compiler: c1, Barriers: 2, Oops: 0, ImmediateOops: 0, NonImmediateOops: No
[1,447s][debug][gc,nmethod  ] Register NMethod: jdk.internal.constant.MethodTypeDescImpl.parameterCount (0x00007ab2a6c38008) [0x00007ab2a6c38100, 0x00007ab2a6c381e0] Compiler: jvmci, Barriers: 1, Oops: 0, ImmediateOops: 0, NonImmediateOops: No
[1,448s][debug][gc,nmethod  ] Register NMethod: jdk.internal.constant.MethodTypeDescImpl.buildDescriptorString (0x00007ab287693888) [0x00007ab287693980, 0x00007ab28769a620] Compiler: c1, Barriers: 18, Oops: 3, ImmediateOops: 27, NonImmediateOops: No
[1,449s][debug][gc,nmethod  ] Register NMethod: java.lang.StringLatin1.getChar (0x00007ab28769a688) [0x00007ab28769a780, 0x00007ab28769a890] Compiler: c1, Barriers: 0, Oops: 0, ImmediateOops: 0, NonImmediateOops: No
[1,451s][debug][gc,nmethod  ] Register NMethod: java.util.ImmutableCollections$List12.<init> (0x00007ab28769a988) [0x00007ab28769aa80, 0x00007ab28769af30] Compiler: c1, Barriers: 6, Oops: 0, ImmediateOops: 1, NonImmediateOops: No
[1,451s][debug][gc,nmethod  ] Register NMethod: java.lang.classfile.Opcode.sizeIfFixed (0x00007ab2a6c38308) [0x00007ab2a6c38400, 0x00007ab2a6c384c0] Compiler: c1, Barriers: 0, Oops: 0, ImmediateOops: 0, NonImmediateOops: No
[1,451s][debug][gc,nmethod  ] Register NMethod: jdk.internal.classfile.impl.AbstractPoolEntry$Utf8EntryImpl.clone (0x00007ab28769af88) [0x00007ab28769b080, 0x00007ab28769b378] Compiler: c1, Barriers: 0, Oops: 0, ImmediateOops: 0, NonImmediateOops: No
[1,451s][debug][gc,nmethod  ] Register NMethod: jdk.internal.classfile.impl.AbstractPoolEntry$Utf8EntryImpl.clone (0x00007ab28769b388) [0x00007ab28769b480, 0x00007ab28769bfe8] Compiler: c1, Barriers: 8, Oops: 0, ImmediateOops: 1, NonImmediateOops: No
[1,451s][debug][gc,nmethod  ] Register NMethod: java.util.BitSet.get (0x00007ab28769c008) [0x00007ab28769c100, 0x00007ab28769cfa8] Compiler: c1, Barriers: 1, Oops: 1, ImmediateOops: 2, NonImmediateOops: No
[1,451s][debug][gc,nmethod  ] Register NMethod: java.lang.reflect.Executable.<init> (0x00007ab28769d008) [0x00007ab28769d100, 0x00007ab28769d2b8] Compiler: c1, Barriers: 0, Oops: 0, ImmediateOops: 0, NonImmediateOops: No
[1,451s][debug][gc,nmethod  ] Register NMethod: java.lang.PublicMethods$Key.matches (0x00007ab28769d308) [0x00007ab28769d400, 0x00007ab28769daf0] Compiler: c1, Barriers: 2, Oops: 1, ImmediateOops: 2, NonImmediateOops: No
[1,454s][debug][gc,nmethod  ] Register NMethod: java.lang.invoke.MethodHandles$Lookup.checkSymbolicClass (0x00007ab28769db08) [0x00007ab28769dc00, 0x00007ab28769e1e8] Compiler: c1, Barriers: 0, Oops: 0, ImmediateOops: 1, NonImmediateOops: No
[1,454s][debug][gc,director ] Rule Major: Warmup 10%, Used: 64MB, UsedThreshold: 1228MB
[1,455s][debug][gc,nmethod  ] Register NMethod: jdk.internal.loader.URLClassPath.getLoader (0x00007ab2a6c38608) [0x00007ab2a6c38700, 0x00007ab2a6c39410] Compiler: jvmci, Barriers: 12, Oops: 0, ImmediateOops: 0, NonImmediateOops: No
[1,455s][debug][gc,nmethod  ] Register NMethod: java.io.ByteArrayOutputStream.write (0x00007ab28769e208) [0x00007ab28769e300, 0x00007ab28769e840] Compiler: c1, Barriers: 1, Oops: 0, ImmediateOops: 0, NonImmediateOops: No
[1,455s][debug][gc,nmethod  ] Register NMethod: java.io.ByteArrayOutputStream.ensureCapacity (0x00007ab28769e888) [0x00007ab28769e980, 0x00007ab28769ed48] Compiler: c1, Barriers: 4, Oops: 0, ImmediateOops: 0, NonImmediateOops: No
[1,456s][debug][gc,nmethod  ] Register NMethod: java.util.jar.JarFile.getEntry (0x00007ab2a6c39488) [0x00007ab2a6c39580, 0x00007ab2a6c3a9e0] Compiler: jvmci, Barriers: 14, Oops: 2, ImmediateOops: 8, NonImmediateOops: No
[1,456s][debug][gc,nmethod  ] Register NMethod: java.util.zip.ZipFile.getEntry (0x00007ab2a6c3aa08) [0x00007ab2a6c3ab00, 0x00007ab2a6c3b590] Compiler: jvmci, Barriers: 7, Oops: 0, ImmediateOops: 0, NonImmediateOops: No
[1,459s][debug][gc,nmethod  ] Register NMethod: jdk.internal.loader.NativeLibrary.findEntry0 (0x00007ab2a6c3b608) [0x00007ab2a6c3b700, 0x00007ab2a6c3b870] Compiler: , Barriers: 0, Oops: 0, ImmediateOops: 1, NonImmediateOops: No
[1,459s][debug][gc,nmethod  ] Register NMethod: java.lang.Class.forName0 (0x00007ab2a6c3b908) [0x00007ab2a6c3ba00, 0x00007ab2a6c3bd60] Compiler: , Barriers: 0, Oops: 0, ImmediateOops: 1, NonImmediateOops: No
[1,460s][debug][gc,nmethod  ] Register NMethod: java.lang.invoke.MethodHandle.linkToInterface (0x00007ab2a6c3bd88) [0x00007ab2a6c3be80, 0x00007ab2a6c3bfb0] Compiler: , Barriers: 0, Oops: 0, ImmediateOops: 0, NonImmediateOops: No
[1,461s][debug][gc,nmethod  ] Register NMethod: java.lang.invoke.MethodHandle.invokeBasic (0x00007ab2a6c3c088) [0x00007ab2a6c3c180, 0x00007ab2a6c3c418] Compiler: , Barriers: 0, Oops: 0, ImmediateOops: 0, NonImmediateOops: No
[1,462s][debug][gc,nmethod  ] Register NMethod: sun.invoke.util.Wrapper.stackSlots (0x00007ab28769ed88) [0x00007ab28769ee80, 0x00007ab28769ef88] Compiler: c1, Barriers: 0, Oops: 0, ImmediateOops: 0, NonImmediateOops: No
[1,462s][debug][gc,nmethod  ] Register NMethod: java.lang.invoke.DirectMethodHandle.<init> (0x00007ab28769f088) [0x00007ab28769f180, 0x00007ab2876a1610] Compiler: c1, Barriers: 9, Oops: 2, ImmediateOops: 2, NonImmediateOops: No
[1,462s][debug][gc,nmethod  ] Register NMethod: java.lang.invoke.LambdaForm$BasicType.basicTypeSlots (0x00007ab2876a1688) [0x00007ab2876a1780, 0x00007ab2876a1ad8] Compiler: c1, Barriers: 1, Oops: 0, ImmediateOops: 0, NonImmediateOops: No
[1,462s][debug][gc,nmethod  ] Register NMethod: java.lang.invoke.InvokerBytecodeGenerator.emitPushArgument (0x00007ab2876a1b08) [0x00007ab2876a1c00, 0x00007ab2876a47c8] Compiler: c1, Barriers: 6, Oops: 1, ImmediateOops: 5, NonImmediateOops: No
[1,464s][debug][gc,nmethod  ] Register NMethod: java.lang.Character.charCount (0x00007ab2876a4808) [0x00007ab2876a4900, 0x00007ab2876a4a50] Compiler: c1, Barriers: 0, Oops: 0, ImmediateOops: 0, NonImmediateOops: No
[1,464s][debug][gc,director ] Rule Major: Warmup 10%, Used: 66MB, UsedThreshold: 1228MB
[1,465s][debug][gc,nmethod  ] Register NMethod: java.util.Properties$LineReader.readLine (0x00007ab2876a4b08) [0x00007ab2876a4c00, 0x00007ab2876a8108] Compiler: c1, Barriers: 14, Oops: 0, ImmediateOops: 0, NonImmediateOops: No
[1,466s][debug][gc,nmethod  ] Register NMethod: java.lang.classfile.constantpool.MemberRefEntry.type (0x00007ab2876a8188) [0x00007ab2876a8280, 0x00007ab2876a8ce0] Compiler: c1, Barriers: 2, Oops: 0, ImmediateOops: 0, NonImmediateOops: No
[1,466s][debug][gc,nmethod  ] Register NMethod: java.lang.classfile.constantpool.ConstantPoolBuilder.methodRefEntry (0x00007ab2876a8d08) [0x00007ab2876a8e00, 0x00007ab2876a9530] Compiler: c1, Barriers: 0, Oops: 0, ImmediateOops: 0, NonImmediateOops: No
[1,466s][debug][gc,nmethod  ] Register NMethod: java.lang.Character$Subset.<init> (0x00007ab2876a9588) [0x00007ab2876a9680, 0x00007ab2876a9948] Compiler: c1, Barriers: 3, Oops: 0, ImmediateOops: 1, NonImmediateOops: No
[1,466s][debug][gc,nmethod  ] Register NMethod: java.util.LinkedHashMap$LinkedHashIterator.hasNext (0x00007ab2876a9988) [0x00007ab2876a9a80, 0x00007ab2876a9c00] Compiler: c1, Barriers: 1, Oops: 0, ImmediateOops: 0, NonImmediateOops: No
[1,466s][debug][gc,nmethod  ] Register NMethod: java.lang.Character$UnicodeBlock.<init> (0x00007ab2876a9c88) [0x00007ab2876a9d80, 0x00007ab2876aa330] Compiler: c1, Barriers: 4, Oops: 0, ImmediateOops: 1, NonImmediateOops: No
[1,466s][debug][gc,nmethod  ] Register NMethod: java.lang.invoke.MethodHandle.linkToStatic (0x00007ab2a6c3c488) [0x00007ab2a6c3c580, 0x00007ab2a6c3c670] Compiler: , Barriers: 0, Oops: 0, ImmediateOops: 0, NonImmediateOops: No
[1,466s][debug][gc,nmethod  ] Register NMethod: jdk.internal.classfile.impl.StackCounter$Target.<init> (0x00007ab2876aa388) [0x00007ab2876aa480, 0x00007ab2876aa640] Compiler: c1, Barriers: 0, Oops: 0, ImmediateOops: 0, NonImmediateOops: No
[1,466s][debug][gc,nmethod  ] Register NMethod: jdk.internal.classfile.impl.RawBytecodeHelper.reset (0x00007ab2876aa688) [0x00007ab2876aa780, 0x00007ab2876aab30] Compiler: c1, Barriers: 1, Oops: 1, ImmediateOops: 1, NonImmediateOops: No
[1,466s][debug][gc,nmethod  ] Register NMethod: java.lang.ref.Reference.<init> (0x00007ab2876aab88) [0x00007ab2876aac80, 0x00007ab2876aaf58] Compiler: c1, Barriers: 6, Oops: 0, ImmediateOops: 1, NonImmediateOops: No
[1,466s][debug][gc,nmethod  ] Register NMethod: jdk.internal.classfile.impl.AbstractPseudoInstruction$ExceptionCatchImpl.tryEnd (0x00007ab2a6c3c788) [0x00007ab2a6c3c880, 0x00007ab2a6c3c968] Compiler: c1, Barriers: 1, Oops: 0, ImmediateOops: 0, NonImmediateOops: No
[1,466s][debug][gc,nmethod  ] Register NMethod: jdk.internal.classfile.impl.Util.isDoubleSlot (0x00007ab2876aaf88) [0x00007ab2876ab080, 0x00007ab2876ab1f0] Compiler: c1, Barriers: 0, Oops: 0, ImmediateOops: 2, NonImmediateOops: No
[1,466s][debug][gc,nmethod  ] Register NMethod: jdk.internal.classfile.impl.AbstractPseudoInstruction$ExceptionCatchImpl.tryStart (0x00007ab2a6c3ca88) [0x00007ab2a6c3cb80, 0x00007ab2a6c3cc68] Compiler: c1, Barriers: 1, Oops: 0, ImmediateOops: 0, NonImmediateOops: No
[1,466s][debug][gc,nmethod  ] Register NMethod: jdk.internal.classfile.impl.AbstractPseudoInstruction$ExceptionCatchImpl.handler (0x00007ab2a6c3cd88) [0x00007ab2a6c3ce80, 0x00007ab2a6c3cf68] Compiler: c1, Barriers: 1, Oops: 0, ImmediateOops: 0, NonImmediateOops: No
[1,466s][debug][gc,nmethod  ] Register NMethod: jdk.internal.classfile.impl.StackCounter.next (0x00007ab2876ab288) [0x00007ab2876ab380, 0x00007ab2876ac680] Compiler: c1, Barriers: 6, Oops: 1, ImmediateOops: 2, NonImmediateOops: No
[1,466s][debug][gc,nmethod  ] Register NMethod: jdk.internal.classfile.impl.AbstractPoolEntry$StringEntryImpl.tag (0x00007ab2a6c3d088) [0x00007ab2a6c3d180, 0x00007ab2a6c3d240] Compiler: c1, Barriers: 0, Oops: 0, ImmediateOops: 0, NonImmediateOops: No
[1,467s][debug][gc,nmethod  ] Register NMethod: java.lang.invoke.MethodHandle.isBuiltinLoader (0x00007ab2876ac708) [0x00007ab2876ac800, 0x00007ab2876aca50] Compiler: c1, Barriers: 0, Oops: 0, ImmediateOops: 2, NonImmediateOops: No
[1,467s][debug][gc,nmethod  ] Register NMethod: java.io.UnixFileSystem.getFileForSysCalls (0x00007ab2876aca88) [0x00007ab2876acb80, 0x00007ab2876ad0c0] Compiler: c1, Barriers: 3, Oops: 0, ImmediateOops: 0, NonImmediateOops: No
[1,467s][debug][gc,nmethod  ] Register NMethod: java.io.UnixFileSystem.hasBooleanAttributes (0x00007ab2876ad108) [0x00007ab2876ad200, 0x00007ab2876add78] Compiler: c1, Barriers: 3, Oops: 1, ImmediateOops: 1, NonImmediateOops: No
[1,468s][debug][gc,nmethod  ] Register NMethod: java.lang.invoke.MethodHandle.linkToStatic (0x00007ab2a6c3d388) [0x00007ab2a6c3d480, 0x00007ab2a6c3d570] Compiler: , Barriers: 0, Oops: 0, ImmediateOops: 0, NonImmediateOops: No
[1,469s][debug][gc,nmethod  ] Register NMethod: java.util.regex.Pattern.has (0x00007ab2876add88) [0x00007ab2876ade80, 0x00007ab2876adfd0] Compiler: c1, Barriers: 0, Oops: 0, ImmediateOops: 0, NonImmediateOops: No
[1,469s][debug][gc,nmethod  ] Register NMethod: java.util.concurrent.locks.AbstractQueuedSynchronizer.getState (0x00007ab2a6c3d688) [0x00007ab2a6c3d780, 0x00007ab2a6c3d840] Compiler: c1, Barriers: 0, Oops: 0, ImmediateOops: 0, NonImmediateOops: No
[1,469s][debug][gc,nmethod  ] Register NMethod: java.lang.invoke.BoundMethodHandle.<init> (0x00007ab2876ae088) [0x00007ab2876ae180, 0x00007ab2876ae2d8] Compiler: c1, Barriers: 0, Oops: 0, ImmediateOops: 0, NonImmediateOops: No
[1,469s][debug][gc,nmethod  ] Register NMethod: java.util.concurrent.locks.AbstractOwnableSynchronizer.getExclusiveOwnerThread (0x00007ab2a6c3d988) [0x00007ab2a6c3da80, 0x00007ab2a6c3db68] Compiler: c1, Barriers: 1, Oops: 0, ImmediateOops: 0, NonImmediateOops: No
[1,470s][debug][gc,nmethod  ] Register NMethod: sun.net.util.IPAddressUtil.scan (0x00007ab2876ae388) [0x00007ab2876ae480, 0x00007ab2876af4d0] Compiler: c1, Barriers: 3, Oops: 1, ImmediateOops: 2, NonImmediateOops: No
[1,470s][debug][gc,nmethod  ] Register NMethod: java.util.concurrent.ConcurrentHashMap.putVal (0x00007ab2876af508) [0x00007ab2876af600, 0x00007ab2876b1b48] Compiler: c1, Barriers: 28, Oops: 0, ImmediateOops: 1, NonImmediateOops: No
[1,472s][debug][gc,nmethod  ] Register NMethod: jdk.internal.util.ArraysSupport.mismatch (0x00007ab2a6c3dc88) [0x00007ab2a6c3dd80, 0x00007ab2a6c3e010] Compiler: jvmci, Barriers: 0, Oops: 0, ImmediateOops: 0, NonImmediateOops: No
[1,472s][debug][gc,nmethod  ] Register NMethod: java.lang.String.startsWith (0x00007ab2a6c3e088) [0x00007ab2a6c3e180, 0x00007ab2a6c3e498] Compiler: jvmci, Barriers: 2, Oops: 0, ImmediateOops: 0, NonImmediateOops: No
[1,474s][debug][gc,nmethod  ] Register NMethod: java.io.File.exists (0x00007ab2876b1b88) [0x00007ab2876b1c80, 0x00007ab2876b2030] Compiler: c1, Barriers: 0, Oops: 0, ImmediateOops: 1, NonImmediateOops: No
[1,475s][debug][gc,director ] Rule Major: Warmup 10%, Used: 68MB, UsedThreshold: 1228MB
[1,475s][debug][gc,nmethod  ] Register NMethod: java.lang.Package.isSealed (0x00007ab2876b2088) [0x00007ab2876b2180, 0x00007ab2876b2808] Compiler: c1, Barriers: 4, Oops: 0, ImmediateOops: 0, NonImmediateOops: No
[1,475s][debug][gc,nmethod  ] Register NMethod: java.util.jar.JarFile.getVersionedEntry (0x00007ab2876b2888) [0x00007ab2876b2980, 0x00007ab2876b44b0] Compiler: c1, Barriers: 3, Oops: 3, ImmediateOops: 5, NonImmediateOops: No
[1,476s][debug][gc,nmethod  ] Register NMethod: java.util.HashMap.getOrDefault (0x00007ab2876b4508) [0x00007ab2876b4600, 0x00007ab2876b4978] Compiler: c1, Barriers: 1, Oops: 0, ImmediateOops: 0, NonImmediateOops: No
[1,476s][debug][gc,nmethod  ] Register NMethod: java.util.BitSet.length (0x00007ab2876b4988) [0x00007ab2876b4a80, 0x00007ab2876b4d58] Compiler: c1, Barriers: 1, Oops: 0, ImmediateOops: 0, NonImmediateOops: No
[1,478s][debug][gc,nmethod  ] Register NMethod: java.lang.String.startsWith (0x00007ab2a6c3e508) [0x00007ab2a6c3e600, 0x00007ab2a6c3e8f8] Compiler: jvmci, Barriers: 2, Oops: 0, ImmediateOops: 0, NonImmediateOops: No
[1,479s][debug][gc,nmethod  ] Register NMethod: sun.reflect.generics.parser.SignatureParser.skipIdentifier (0x00007ab2876b4d88) [0x00007ab2876b4e80, 0x00007ab2876b54f8] Compiler: c1, Barriers: 0, Oops: 0, ImmediateOops: 0, NonImmediateOops: No
[1,480s][debug][gc,nmethod  ] Register NMethod: jdk.internal.classfile.impl.SplitConstantPool.utf8Entry (0x00007ab2876b5508) [0x00007ab2876b5600, 0x00007ab2876b5e00] Compiler: c1, Barriers: 4, Oops: 0, ImmediateOops: 0, NonImmediateOops: No
[1,480s][debug][gc,nmethod  ] Register NMethod: jdk.internal.classfile.impl.DirectMethodBuilder.run (0x00007ab2876b5e08) [0x00007ab2876b5f00, 0x00007ab2876b6218] Compiler: c1, Barriers: 0, Oops: 0, ImmediateOops: 0, NonImmediateOops: No
[1,480s][debug][gc,nmethod  ] Register NMethod: jdk.internal.classfile.impl.DirectMethodBuilder.withCode (0x00007ab2876b6288) [0x00007ab2876b6380, 0x00007ab2876b64c0] Compiler: c1, Barriers: 0, Oops: 0, ImmediateOops: 0, NonImmediateOops: No
[1,480s][debug][gc,nmethod  ] Register NMethod: jdk.internal.classfile.impl.DirectClassBuilder.withMethod (0x00007ab2876b6588) [0x00007ab2876b6680, 0x00007ab2876b6ee0] Compiler: c1, Barriers: 2, Oops: 0, ImmediateOops: 0, NonImmediateOops: No
[1,480s][debug][gc,nmethod  ] Register NMethod: jdk.internal.classfile.impl.DirectMethodBuilder.withCode (0x00007ab2876b6f08) [0x00007ab2876b7000, 0x00007ab2876b7500] Compiler: c1, Barriers: 4, Oops: 0, ImmediateOops: 0, NonImmediateOops: No
[1,481s][debug][gc,nmethod  ] Register NMethod: jdk.internal.classfile.impl.DirectMethodBuilder.<init> (0x00007ab2876b7508) [0x00007ab2876b7600, 0x00007ab2876b84c8] Compiler: c1, Barriers: 21, Oops: 0, ImmediateOops: 1, NonImmediateOops: No
[1,481s][debug][gc,nmethod  ] Register NMethod: java.lang.classfile.ClassBuilder.withMethod (0x00007ab2876b8508) [0x00007ab2876b8600, 0x00007ab2876b9080] Compiler: c1, Barriers: 7, Oops: 0, ImmediateOops: 0, NonImmediateOops: No
[1,481s][debug][gc,nmethod  ] Register NMethod: jdk.internal.classfile.impl.ClassFileImpl.fixShortJumps (0x00007ab2876b9088) [0x00007ab2876b9180, 0x00007ab2876b93c0] Compiler: c1, Barriers: 2, Oops: 0, ImmediateOops: 0, NonImmediateOops: No
[1,481s][debug][gc,nmethod  ] Register NMethod: jdk.internal.classfile.impl.DirectCodeBuilder.processDeferredLabels (0x00007ab2876b9408) [0x00007ab2876b9500, 0x00007ab2876b9f10] Compiler: c1, Barriers: 5, Oops: 0, ImmediateOops: 0, NonImmediateOops: No
[1,481s][debug][gc,nmethod  ] Register NMethod: jdk.internal.classfile.impl.DirectCodeBuilder.build (0x00007ab2876b9f88) [0x00007ab2876ba080, 0x00007ab2876babe8] Compiler: c1, Barriers: 3, Oops: 0, ImmediateOops: 0, NonImmediateOops: No
[1,481s][debug][gc,nmethod  ] Register NMethod: jdk.internal.classfile.impl.BufWriterImpl.<init> (0x00007ab2876bac08) [0x00007ab2876bad00, 0x00007ab2876bae50] Compiler: c1, Barriers: 0, Oops: 0, ImmediateOops: 0, NonImmediateOops: No
[1,481s][debug][gc,nmethod  ] Register NMethod: jdk.internal.classfile.impl.Util.maxLocals (0x00007ab2876baf08) [0x00007ab2876bb000, 0x00007ab2876bb170] Compiler: c1, Barriers: 0, Oops: 0, ImmediateOops: 0, NonImmediateOops: No
[1,481s][debug][gc,nmethod  ] Register NMethod: java.lang.invoke.DirectMethodHandle$Holder.newInvokeSpecial (0x00007ab2876bb208) [0x00007ab2876bb300, 0x00007ab2876bbb78] Compiler: c1, Barriers: 2, Oops: 0, ImmediateOops: 1, NonImmediateOops: No
[1,481s][debug][gc,nmethod  ] Register NMethod: sun.net.www.ParseUtil.firstEncodeIndex (0x00007ab2a6c3e908) [0x00007ab2a6c3ea00, 0x00007ab2a6c3efd8] Compiler: jvmci, Barriers: 1, Oops: 0, ImmediateOops: 0, NonImmediateOops: No
[1,481s][debug][gc,nmethod  ] Register NMethod: jdk.internal.classfile.impl.ClassFileImpl.passDebugElements (0x00007ab2876bbb88) [0x00007ab2876bbc80, 0x00007ab2876bbec0] Compiler: c1, Barriers: 2, Oops: 0, ImmediateOops: 0, NonImmediateOops: No
[1,481s][debug][gc,nmethod  ] Register NMethod: java.lang.classfile.Attributes.code (0x00007ab2876bbf08) [0x00007ab2876bc000, 0x00007ab2876bc0e8] Compiler: c1, Barriers: 0, Oops: 0, ImmediateOops: 1, NonImmediateOops: No
[1,481s][debug][gc,nmethod  ] Register NMethod: jdk.internal.classfile.impl.DirectCodeBuilder.<init> (0x00007ab2876bc208) [0x00007ab2876bc300, 0x00007ab2876bdfb0] Compiler: c1, Barriers: 56, Oops: 0, ImmediateOops: 6, NonImmediateOops: No
[1,481s][debug][gc,nmethod  ] Register NMethod: jdk.internal.classfile.impl.DirectCodeBuilder.setLabelTarget (0x00007ab2876be008) [0x00007ab2876be100, 0x00007ab2876be818] Compiler: c1, Barriers: 1, Oops: 0, ImmediateOops: 0, NonImmediateOops: No
[1,481s][debug][gc,nmethod  ] Register NMethod: jdk.internal.classfile.impl.DirectCodeBuilder$4.<init> (0x00007ab2876be888) [0x00007ab2876be980, 0x00007ab2876bee40] Compiler: c1, Barriers: 6, Oops: 0, ImmediateOops: 0, NonImmediateOops: No
[1,481s][debug][gc,nmethod  ] Register NMethod: jdk.internal.classfile.impl.DirectCodeBuilder.startLabel (0x00007ab2a6c3f008) [0x00007ab2a6c3f100, 0x00007ab2a6c3f1e8] Compiler: c1, Barriers: 1, Oops: 0, ImmediateOops: 0, NonImmediateOops: No
[1,481s][debug][gc,nmethod  ] Register NMethod: jdk.internal.classfile.impl.UnboundAttribute$AdHocAttribute.<init> (0x00007ab2876bee88) [0x00007ab2876bef80, 0x00007ab2876bf210] Compiler: c1, Barriers: 3, Oops: 0, ImmediateOops: 0, NonImmediateOops: No
[1,481s][debug][gc,nmethod  ] Register NMethod: java.util.LinkedHashMap$LinkedHashIterator.nextNode (0x00007ab2876bf288) [0x00007ab2876bf380, 0x00007ab2876bf840] Compiler: c1, Barriers: 10, Oops: 0, ImmediateOops: 0, NonImmediateOops: No
[1,482s][debug][gc,nmethod  ] Register NMethod: jdk.internal.classfile.impl.DirectCodeBuilder.buildContent (0x00007ab2876bf888) [0x00007ab2876bf980, 0x00007ab2876c1380] Compiler: c1, Barriers: 23, Oops: 1, ImmediateOops: 2, NonImmediateOops: No
[1,482s][debug][gc,nmethod  ] Register NMethod: jdk.internal.classfile.impl.UnboundAttribute$AdHocAttribute.writeTo (0x00007ab2876c1408) [0x00007ab2876c1500, 0x00007ab2876c2f40] Compiler: c1, Barriers: 5, Oops: 0, ImmediateOops: 0, NonImmediateOops: No
[1,482s][debug][gc,nmethod  ] Register NMethod: jdk.internal.classfile.impl.TerminalCodeBuilder.setupTopLocal (0x00007ab2876c2f88) [0x00007ab2876c3080, 0x00007ab2876c5608] Compiler: c1, Barriers: 1, Oops: 1, ImmediateOops: 3, NonImmediateOops: No
[1,482s][debug][gc,nmethod  ] Register NMethod: jdk.internal.classfile.impl.ClassFileImpl.stackMapsWhenRequired (0x00007ab2876c5688) [0x00007ab2876c5780, 0x00007ab2876c5938] Compiler: c1, Barriers: 1, Oops: 0, ImmediateOops: 1, NonImmediateOops: No
[1,482s][debug][gc,nmethod  ] Register NMethod: jdk.internal.classfile.impl.RawBytecodeHelper$CodeRange.<init> (0x00007ab2876c5988) [0x00007ab2876c5a80, 0x00007ab2876c5cb8] Compiler: c1, Barriers: 3, Oops: 0, ImmediateOops: 0, NonImmediateOops: No
[1,482s][debug][gc,nmethod  ] Register NMethod: jdk.internal.classfile.impl.BufWriterImpl.bytecodeView (0x00007ab2876c5d08) [0x00007ab2876c5e00, 0x00007ab2876c6180] Compiler: c1, Barriers: 4, Oops: 0, ImmediateOops: 0, NonImmediateOops: No
[1,482s][debug][gc,nmethod  ] Register NMethod: jdk.internal.classfile.impl.RawBytecodeHelper.of (0x00007ab2876c6188) [0x00007ab2876c6280, 0x00007ab2876c6548] Compiler: c1, Barriers: 3, Oops: 0, ImmediateOops: 0, NonImmediateOops: No
[1,482s][debug][gc,nmethod  ] Register NMethod: java.lang.AbstractStringBuilder.<init> (0x00007ab2a6c3f308) [0x00007ab2a6c3f400, 0x00007ab2a6c3f670] Compiler: jvmci, Barriers: 3, Oops: 0, ImmediateOops: 0, NonImmediateOops: No
[1,482s][debug][gc,nmethod  ] Register NMethod: jdk.internal.classfile.impl.BufWriterImpl.writeBytes (0x00007ab2876c6588) [0x00007ab2876c6680, 0x00007ab2876c69c0] Compiler: c1, Barriers: 1, Oops: 0, ImmediateOops: 0, NonImmediateOops: No
[1,482s][debug][gc,nmethod  ] Register NMethod: java.util.ImmutableCollections$List12.isEmpty (0x00007ab2a6c3f688) [0x00007ab2a6c3f780, 0x00007ab2a6c3f840] Compiler: c1, Barriers: 0, Oops: 0, ImmediateOops: 0, NonImmediateOops: No
[1,482s][debug][gc,nmethod  ] Register NMethod: jdk.internal.classfile.impl.DirectCodeBuilder.writeExceptionHandlers (0x00007ab2876c6a08) [0x00007ab2876c6b00, 0x00007ab2876c7620] Compiler: c1, Barriers: 3, Oops: 0, ImmediateOops: 0, NonImmediateOops: No
[1,482s][debug][gc,nmethod  ] Register NMethod: jdk.internal.classfile.impl.DirectCodeBuilder$4.writeBody (0x00007ab2876c7688) [0x00007ab2876c7780, 0x00007ab2876cb768] Compiler: c1, Barriers: 31, Oops: 1, ImmediateOops: 6, NonImmediateOops: No
[1,482s][debug][gc,nmethod  ] Register NMethod: jdk.internal.classfile.impl.Util.slotSize (0x00007ab2876cb788) [0x00007ab2876cb880, 0x00007ab2876cbb20] Compiler: c1, Barriers: 0, Oops: 0, ImmediateOops: 3, NonImmediateOops: No
[1,482s][debug][gc,nmethod  ] Register NMethod: jdk.internal.classfile.impl.EntryMap.firstToken (0x00007ab2a6c3f988) [0x00007ab2a6c3fa80, 0x00007ab2a6c3fca0] Compiler: jvmci, Barriers: 1, Oops: 0, ImmediateOops: 0, NonImmediateOops: No
[1,482s][debug][gc,nmethod  ] Register NMethod: jdk.internal.classfile.impl.BufWriterImpl.cpIndexOrZero (0x00007ab2876cbb88) [0x00007ab2876cbc80, 0x00007ab2876ce130] Compiler: c1, Barriers: 1, Oops: 1, ImmediateOops: 3, NonImmediateOops: No
[1,482s][debug][gc,nmethod  ] Register NMethod: jdk.internal.classfile.impl.DirectMethodBuilder.writeTo (0x00007ab2876ce188) [0x00007ab2876ce280, 0x00007ab2876d2890] Compiler: c1, Barriers: 5, Oops: 1, ImmediateOops: 6, NonImmediateOops: No
[1,482s][debug][gc,nmethod  ] Register NMethod: jdk.internal.classfile.impl.UnboundAttribute$UnboundStackMapTableAttribute.entries (0x00007ab2a6c3fd08) [0x00007ab2a6c3fe00, 0x00007ab2a6c3fee8] Compiler: c1, Barriers: 1, Oops: 0, ImmediateOops: 0, NonImmediateOops: No
[1,483s][debug][gc,nmethod  ] Register NMethod: jdk.internal.classfile.impl.SplitConstantPool.entryByIndex (0x00007ab2a6c40008) [0x00007ab2a6c40100, 0x00007ab2a6c402c0] Compiler: jvmci, Barriers: 2, Oops: 0, ImmediateOops: 0, NonImmediateOops: No
[1,483s][debug][gc,nmethod  ] Register NMethod: jdk.internal.classfile.impl.SplitConstantPool.writeTo (0x00007ab2876d2908) [0x00007ab2876d2a00, 0x00007ab2876d51e0] Compiler: c1, Barriers: 10, Oops: 1, ImmediateOops: 2, NonImmediateOops: No
[1,483s][debug][gc,nmethod  ] Register NMethod: java.util.BitSet.checkInvariants (0x00007ab2a6c40308) [0x00007ab2a6c40400, 0x00007ab2a6c40480] Compiler: jvmci, Barriers: 0, Oops: 0, ImmediateOops: 0, NonImmediateOops: No
[1,484s][debug][gc,nmethod  ] Register NMethod: sun.net.www.protocol.file.Handler.parseURL (0x00007ab2876d5208) [0x00007ab2876d5300, 0x00007ab2876d5670] Compiler: c1, Barriers: 0, Oops: 0, ImmediateOops: 0, NonImmediateOops: No
[1,484s][debug][gc,nmethod  ] Register NMethod: jdk.internal.loader.Resource.cachedInputStream (0x00007ab2876d5688) [0x00007ab2876d5780, 0x00007ab2876d5ce0] Compiler: c1, Barriers: 5, Oops: 0, ImmediateOops: 0, NonImmediateOops: No
[1,485s][debug][gc,director ] Rule Major: Warmup 10%, Used: 68MB, UsedThreshold: 1228MB
[1,486s][debug][gc,nmethod  ] Register NMethod: java.util.zip.ZipFile.getMetaInfVersions (0x00007ab2876d5d08) [0x00007ab2876d5e00, 0x00007ab2876d6850] Compiler: c1, Barriers: 4, Oops: 0, ImmediateOops: 2, NonImmediateOops: No
[1,486s][debug][gc,nmethod  ] Register NMethod: java.util.BitSet.previousSetBit (0x00007ab2876d6888) [0x00007ab2876d6980, 0x00007ab2876d7b00] Compiler: c1, Barriers: 1, Oops: 1, ImmediateOops: 2, NonImmediateOops: No
[1,486s][debug][gc,nmethod  ] Register NMethod: java.io.UnixFileSystem.trimSeparator (0x00007ab2876d7b88) [0x00007ab2876d7c80, 0x00007ab2876d8c70] Compiler: c1, Barriers: 1, Oops: 1, ImmediateOops: 2, NonImmediateOops: No
[1,486s][debug][gc,nmethod  ] Register NMethod: java.io.UnixFileSystem.resolve (0x00007ab2876d8c88) [0x00007ab2876d8d80, 0x00007ab2876dc210] Compiler: c1, Barriers: 1, Oops: 1, ImmediateOops: 7, NonImmediateOops: No
[1,487s][debug][gc,nmethod  ] Register NMethod: java.io.File.<init> (0x00007ab2876dc288) [0x00007ab2876dc380, 0x00007ab2876dd248] Compiler: c1, Barriers: 15, Oops: 2, ImmediateOops: 6, NonImmediateOops: No
[1,487s][debug][gc,nmethod  ] Register NMethod: jdk.internal.loader.URLClassPath$FileLoader.getResource (0x00007ab2876dd288) [0x00007ab2876dd380, 0x00007ab2876df8f8] Compiler: c1, Barriers: 21, Oops: 1, ImmediateOops: 2, NonImmediateOops: No
[1,487s][debug][gc,nmethod  ] Register NMethod: sun.net.util.IPAddressUtil.checkAuth (0x00007ab2876df908) [0x00007ab2876dfa00, 0x00007ab2876e0f48] Compiler: c1, Barriers: 2, Oops: 2, ImmediateOops: 4, NonImmediateOops: No
[1,490s][debug][gc,nmethod  ] Register NMethod: java.lang.String.indexOf (0x00007ab2a6c40608) [0x00007ab2a6c40700, 0x00007ab2a6c40848] Compiler: jvmci, Barriers: 1, Oops: 0, ImmediateOops: 0, NonImmediateOops: No
[1,491s][debug][gc,nmethod  ] Register NMethod: jdk.internal.loader.URLClassPath$JarLoader.getResource (0x00007ab2a6c40908) [0x00007ab2a6c40a00, 0x00007ab2a6c42100] Compiler: jvmci, Barriers: 19, Oops: 2, ImmediateOops: 8, NonImmediateOops: No
[1,491s][debug][gc,nmethod  ] Register NMethod: java.net.URLStreamHandler.parseURL (0x00007ab2876e0f88) [0x00007ab2876e1080, 0x00007ab2876fff98] Compiler: c1, Barriers: 68, Oops: 8, ImmediateOops: 75, NonImmediateOops: No
[1,493s][debug][gc,nmethod  ] Register NMethod: sun.net.www.ParseUtil.match (0x00007ab287700008) [0x00007ab287700100, 0x00007ab287700350] Compiler: c1, Barriers: 0, Oops: 0, ImmediateOops: 0, NonImmediateOops: No
[1,493s][debug][gc,nmethod  ] Register NMethod: java.nio.HeapByteBuffer.byteOffset (0x00007ab287700388) [0x00007ab287700480, 0x00007ab287700588] Compiler: c1, Barriers: 0, Oops: 0, ImmediateOops: 0, NonImmediateOops: No
[1,493s][debug][gc,nmethod  ] Register NMethod: java.nio.Buffer.nextGetIndex (0x00007ab287700688) [0x00007ab287700780, 0x00007ab287700940] Compiler: c1, Barriers: 0, Oops: 0, ImmediateOops: 0, NonImmediateOops: No
[1,494s][debug][gc,nmethod  ] Register NMethod: sun.net.www.ParseUtil.firstEncodeIndex (0x00007ab2a6c42188) [0x00007ab2a6c42280, 0x00007ab2a6c426e0] Compiler: jvmci, Barriers: 1, Oops: 0, ImmediateOops: 0, NonImmediateOops: No
[1,494s][debug][gc,nmethod  ] Register NMethod: jdk.internal.misc.ScopedMemoryAccess.getShortUnalignedInternal (0x00007ab287700988) [0x00007ab287700a80, 0x00007ab287700ed8] Compiler: c1, Barriers: 0, Oops: 0, ImmediateOops: 1, NonImmediateOops: No
[1,494s][debug][gc,nmethod  ] Register NMethod: jdk.internal.misc.VM.isModuleSystemInited (0x00007ab287700f08) [0x00007ab287701000, 0x00007ab287701140] Compiler: c1, Barriers: 0, Oops: 0, ImmediateOops: 1, NonImmediateOops: No
[1,494s][debug][gc,nmethod  ] Register NMethod: jdk.internal.misc.ScopedMemoryAccess.getShortUnaligned (0x00007ab287701208) [0x00007ab287701300, 0x00007ab287701838] Compiler: c1, Barriers: 0, Oops: 0, ImmediateOops: 1, NonImmediateOops: No
[1,494s][debug][gc,nmethod  ] Register NMethod: java.lang.reflect.ReflectAccess.copyMethod (0x00007ab287701888) [0x00007ab287701980, 0x00007ab287701c80] Compiler: c1, Barriers: 0, Oops: 0, ImmediateOops: 0, NonImmediateOops: No
[1,494s][debug][gc,nmethod  ] Register NMethod: jdk.internal.reflect.ReflectionFactory.copyMethod (0x00007ab287701c88) [0x00007ab287701d80, 0x00007ab287702158] Compiler: c1, Barriers: 1, Oops: 0, ImmediateOops: 0, NonImmediateOops: No
[1,494s][debug][gc,nmethod  ] Register NMethod: java.nio.HeapByteBuffer.getShort (0x00007ab287702188) [0x00007ab287702280, 0x00007ab287703288] Compiler: c1, Barriers: 2, Oops: 1, ImmediateOops: 2, NonImmediateOops: No
[1,494s][debug][gc,nmethod  ] Register NMethod: java.lang.reflect.Method.copy (0x00007ab287703308) [0x00007ab287703400, 0x00007ab287703b00] Compiler: c1, Barriers: 21, Oops: 0, ImmediateOops: 1, NonImmediateOops: No
[1,494s][debug][gc,nmethod  ] Register NMethod: java.lang.reflect.Method.<init> (0x00007ab287703b08) [0x00007ab287703c00, 0x00007ab287704270] Compiler: c1, Barriers: 27, Oops: 0, ImmediateOops: 0, NonImmediateOops: No
[1,494s][debug][gc,nmethod  ] Register NMethod: java.lang.invoke.Invokers$Holder.linkToTargetMethod (0x00007ab287704288) [0x00007ab287704380, 0x00007ab287704878] Compiler: c1, Barriers: 0, Oops: 0, ImmediateOops: 0, NonImmediateOops: No
[1,494s][debug][gc,nmethod  ] Register NMethod: jdk.internal.classfile.impl.StackMapDecoder$ObjectVerificationTypeInfoImpl.className (0x00007ab2a6c42708) [0x00007ab2a6c42800, 0x00007ab2a6c428e8] Compiler: c1, Barriers: 1, Oops: 0, ImmediateOops: 0, NonImmediateOops: No
[1,494s][debug][gc,nmethod  ] Register NMethod: jdk.internal.classfile.impl.StackMapDecoder$ObjectVerificationTypeInfoImpl.tag (0x00007ab2a6c42a08) [0x00007ab2a6c42b00, 0x00007ab2a6c42bc0] Compiler: c1, Barriers: 0, Oops: 0, ImmediateOops: 0, NonImmediateOops: No
[1,494s][debug][gc,nmethod  ] Register NMethod: jdk.internal.classfile.impl.AbstractAttributeMapper.writeAttribute (0x00007ab287704888) [0x00007ab287704980, 0x00007ab287706300] Compiler: c1, Barriers: 2, Oops: 0, ImmediateOops: 0, NonImmediateOops: No
[1,495s][debug][gc,director ] Rule Major: Warmup 10%, Used: 68MB, UsedThreshold: 1228MB
[1,495s][debug][gc,nmethod  ] Register NMethod: java.lang.invoke.MethodHandleImpl.isCompileConstant (0x00007ab2a6c42d08) [0x00007ab2a6c42e00, 0x00007ab2a6c42ea0] Compiler: c1, Barriers: 0, Oops: 0, ImmediateOops: 0, NonImmediateOops: No
[1,495s][debug][gc,nmethod  ] Register NMethod: jdk.internal.classfile.impl.AbstractPoolEntry$MethodRefEntryImpl.<init> (0x00007ab287706308) [0x00007ab287706400, 0x00007ab287706550] Compiler: c1, Barriers: 0, Oops: 0, ImmediateOops: 0, NonImmediateOops: No
[1,495s][debug][gc,nmethod  ] Register NMethod: jdk.internal.classfile.impl.DirectCodeBuilder.with (0x00007ab287706608) [0x00007ab287706700, 0x00007ab287707920] Compiler: c1, Barriers: 2, Oops: 0, ImmediateOops: 0, NonImmediateOops: No
[1,495s][debug][gc,nmethod  ] Register NMethod: jdk.internal.classfile.impl.DirectCodeBuilder.with (0x00007ab287707988) [0x00007ab287707a80, 0x00007ab287708860] Compiler: c1, Barriers: 2, Oops: 0, ImmediateOops: 0, NonImmediateOops: No
[1,496s][debug][gc,nmethod  ] Register NMethod: java.lang.classfile.TypeKind.fromDescriptor (0x00007ab287708888) [0x00007ab287708980, 0x00007ab28770a470] Compiler: c1, Barriers: 0, Oops: 1, ImmediateOops: 14, NonImmediateOops: No
[1,496s][debug][gc,nmethod  ] Register NMethod: java.lang.reflect.Method.getSharedExceptionTypes (0x00007ab2a6c43008) [0x00007ab2a6c43100, 0x00007ab2a6c431e8] Compiler: c1, Barriers: 1, Oops: 0, ImmediateOops: 0, NonImmediateOops: No
[1,496s][debug][gc,nmethod  ] Register NMethod: jdk.internal.classfile.impl.StackCounter.ensureLocalSlot (0x00007ab28770a488) [0x00007ab28770a580, 0x00007ab28770a6b0] Compiler: c1, Barriers: 0, Oops: 0, ImmediateOops: 0, NonImmediateOops: No
[1,497s][debug][gc,nmethod  ] Register NMethod: java.util.HashMap.put (0x00007ab28770a788) [0x00007ab28770a880, 0x00007ab28770ae68] Compiler: c1, Barriers: 0, Oops: 0, ImmediateOops: 0, NonImmediateOops: No
[1,497s][debug][gc,nmethod  ] Register NMethod: java.util.LinkedHashMap$LinkedValueIterator.next (0x00007ab28770ae88) [0x00007ab28770af80, 0x00007ab28770b2b0] Compiler: c1, Barriers: 1, Oops: 0, ImmediateOops: 0, NonImmediateOops: No
[1,497s][debug][gc,nmethod  ] Register NMethod: jdk.internal.classfile.impl.BufWriterImpl.writeBytes (0x00007ab28770b308) [0x00007ab28770b400, 0x00007ab28770b8f0] Compiler: c1, Barriers: 2, Oops: 0, ImmediateOops: 0, NonImmediateOops: No
[1,497s][debug][gc,nmethod  ] Register NMethod: jdk.internal.classfile.impl.SplitConstantPool.canWriteDirect (0x00007ab2a6c43308) [0x00007ab2a6c43400, 0x00007ab2a6c43548] Compiler: jvmci, Barriers: 1, Oops: 0, ImmediateOops: 0, NonImmediateOops: No
[1,497s][debug][gc,nmethod  ] Register NMethod: jdk.internal.misc.Unsafe.shouldBeInitialized0 (0x00007ab2a6c43608) [0x00007ab2a6c43700, 0x00007ab2a6c43870] Compiler: , Barriers: 0, Oops: 0, ImmediateOops: 0, NonImmediateOops: No
[1,497s][debug][gc,nmethod  ] Register NMethod: jdk.internal.classfile.impl.AbstractPoolEntry$Utf8EntryImpl.charAt (0x00007ab28770b908) [0x00007ab28770ba00, 0x00007ab28770c5a0] Compiler: c1, Barriers: 6, Oops: 1, ImmediateOops: 4, NonImmediateOops: No
[1,498s][debug][gc,nmethod  ] Register NMethod: java.lang.String.valueOf (0x00007ab28770c608) [0x00007ab28770c700, 0x00007ab28770ca38] Compiler: c1, Barriers: 0, Oops: 0, ImmediateOops: 1, NonImmediateOops: No
[1,498s][debug][gc,nmethod  ] Register NMethod: java.lang.invoke.MethodHandle.linkToInterface (0x00007ab2a6c43908) [0x00007ab2a6c43a00, 0x00007ab2a6c43b30] Compiler: , Barriers: 0, Oops: 0, ImmediateOops: 0, NonImmediateOops: No
[1,498s][debug][gc,nmethod  ] Register NMethod: jdk.internal.classfile.impl.RawBytecodeHelper.next (0x00007ab2a6c43c08) [0x00007ab2a6c43d00, 0x00007ab2a6c43f28] Compiler: jvmci, Barriers: 2, Oops: 0, ImmediateOops: 1, NonImmediateOops: No
[1,499s][debug][gc,nmethod  ] Register NMethod: java.util.stream.AbstractPipeline.getStreamAndOpFlags (0x00007ab2a6c43f88) [0x00007ab2a6c44080, 0x00007ab2a6c44140] Compiler: c1, Barriers: 0, Oops: 0, ImmediateOops: 0, NonImmediateOops: No
[1,499s][debug][gc,nmethod  ] Register NMethod: java.util.stream.AbstractPipeline.isParallel (0x00007ab28770ca88) [0x00007ab28770cb80, 0x00007ab28770ccb8] Compiler: c1, Barriers: 1, Oops: 0, ImmediateOops: 0, NonImmediateOops: No
[1,499s][debug][gc,nmethod  ] Register NMethod: java.util.stream.PipelineHelper.<init> (0x00007ab28770cd88) [0x00007ab28770ce80, 0x00007ab28770cfd8] Compiler: c1, Barriers: 0, Oops: 0, ImmediateOops: 0, NonImmediateOops: No
[1,499s][debug][gc,nmethod  ] Register NMethod: java.util.Collections$SingletonList.size (0x00007ab2a6c44288) [0x00007ab2a6c44380, 0x00007ab2a6c44440] Compiler: c1, Barriers: 0, Oops: 0, ImmediateOops: 0, NonImmediateOops: No
[1,499s][debug][gc,nmethod  ] Register NMethod: jdk.internal.classfile.impl.UnboundAttribute.writeTo (0x00007ab28770d088) [0x00007ab28770d180, 0x00007ab28770d4e8] Compiler: c1, Barriers: 1, Oops: 0, ImmediateOops: 0, NonImmediateOops: No
[1,500s][debug][gc,nmethod  ] Register NMethod: java.lang.Class.privateGetDeclaredMethods (0x00007ab28770d508) [0x00007ab28770d600, 0x00007ab28770e180] Compiler: c1, Barriers: 10, Oops: 0, ImmediateOops: 2, NonImmediateOops: No
[1,500s][debug][gc,nmethod  ] Register NMethod: jdk.internal.reflect.ConstantPool.getUTF8At0 (0x00007ab2a6c44588) [0x00007ab2a6c44680, 0x00007ab2a6c449b0] Compiler: , Barriers: 0, Oops: 0, ImmediateOops: 0, NonImmediateOops: No
[1,500s][debug][gc,nmethod  ] Register NMethod: java.util.Arrays.hashCode (0x00007ab28770e188) [0x00007ab28770e280, 0x00007ab28770e400] Compiler: c1, Barriers: 0, Oops: 0, ImmediateOops: 0, NonImmediateOops: No
[1,500s][debug][gc,nmethod  ] Register NMethod: jdk.internal.util.ArraysSupport.hashCode (0x00007ab28770e488) [0x00007ab28770e580, 0x00007ab28770ea30] Compiler: c1, Barriers: 1, Oops: 0, ImmediateOops: 0, NonImmediateOops: No
[1,500s][debug][gc,nmethod  ] Register NMethod: jdk.internal.classfile.impl.DirectCodeBuilder.fieldAccess (0x00007ab28770ea88) [0x00007ab28770eb80, 0x00007ab28770f4b8] Compiler: c1, Barriers: 1, Oops: 0, ImmediateOops: 0, NonImmediateOops: No
[1,500s][debug][gc,nmethod  ] Register NMethod: jdk.internal.classfile.impl.AbstractPseudoInstruction.<init> (0x00007ab28770f508) [0x00007ab28770f600, 0x00007ab28770f7b8] Compiler: c1, Barriers: 0, Oops: 0, ImmediateOops: 0, NonImmediateOops: No
[1,500s][debug][gc,nmethod  ] Rebuilding NMethod Table: 2048->4096 entries, 1434(70%->35%) registered, 0(0%->0%) unregistered
[1,500s][debug][gc,nmethod  ] Register NMethod: java.util.concurrent.ConcurrentHashMap.get (0x00007ab28770f808) [0x00007ab28770f900, 0x00007ab287710918] Compiler: c1, Barriers: 7, Oops: 0, ImmediateOops: 0, NonImmediateOops: No
[1,500s][debug][gc,nmethod  ] Register NMethod: java.util.List.of (0x00007ab287710988) [0x00007ab287710a80, 0x00007ab287711788] Compiler: c1, Barriers: 15, Oops: 0, ImmediateOops: 2, NonImmediateOops: No
[1,500s][debug][gc,nmethod  ] Register NMethod: jdk.internal.classfile.impl.AbstractPseudoInstruction$ExceptionCatchImpl.writeTo (0x00007ab287711808) [0x00007ab287711900, 0x00007ab287711c00] Compiler: c1, Barriers: 0, Oops: 0, ImmediateOops: 0, NonImmediateOops: No
[1,500s][debug][gc,nmethod  ] Register NMethod: jdk.internal.classfile.impl.AbstractPseudoInstruction$ExceptionCatchImpl.<init> (0x00007ab287711c08) [0x00007ab287711d00, 0x00007ab287712b10] Compiler: c1, Barriers: 12, Oops: 0, ImmediateOops: 0, NonImmediateOops: No
[1,500s][debug][gc,nmethod  ] Register NMethod: jdk.internal.classfile.impl.AbstractPoolEntry$Utf8EntryImpl.length (0x00007ab287712b88) [0x00007ab287712c80, 0x00007ab287712e38] Compiler: c1, Barriers: 1, Oops: 0, ImmediateOops: 1, NonImmediateOops: No
[1,500s][debug][gc,nmethod  ] Register NMethod: java.lang.classfile.CodeBuilder.checkcast (0x00007ab287712e88) [0x00007ab287712f80, 0x00007ab2877138b8] Compiler: c1, Barriers: 2, Oops: 0, ImmediateOops: 0, NonImmediateOops: No
[1,500s][debug][gc,nmethod  ] Register NMethod: jdk.internal.classfile.impl.DirectCodeBuilder.checkcast (0x00007ab287713908) [0x00007ab287713a00, 0x00007ab287714150] Compiler: c1, Barriers: 1, Oops: 0, ImmediateOops: 0, NonImmediateOops: No
[1,500s][debug][gc,nmethod  ] Register NMethod: jdk.internal.classfile.impl.BufWriterImpl.writeIndexOrZero (0x00007ab287714188) [0x00007ab287714280, 0x00007ab287714f90] Compiler: c1, Barriers: 2, Oops: 0, ImmediateOops: 0, NonImmediateOops: No
[1,501s][debug][gc,nmethod  ] Register NMethod: jdk.internal.classfile.impl.DirectCodeBuilder.addHandler (0x00007ab287715008) [0x00007ab287715100, 0x00007ab287716d08] Compiler: c1, Barriers: 9, Oops: 0, ImmediateOops: 0, NonImmediateOops: No
[1,501s][debug][gc,nmethod  ] Register NMethod: jdk.internal.constant.ConstantUtils.referenceClassDesc (0x00007ab287716d88) [0x00007ab287716e80, 0x00007ab287717ac0] Compiler: c1, Barriers: 2, Oops: 1, ImmediateOops: 2, NonImmediateOops: No
[1,501s][debug][gc,nmethod  ] Register NMethod: java.util.BitSet.set (0x00007ab2a6c44a08) [0x00007ab2a6c44b00, 0x00007ab2a6c44c70] Compiler: jvmci, Barriers: 1, Oops: 0, ImmediateOops: 0, NonImmediateOops: No
[1,503s][debug][gc,nmethod  ] Register NMethod: jdk.internal.loader.URLClassPath$JarLoader$1.getInputStream (0x00007ab287717b08) [0x00007ab287717c00, 0x00007ab287717fa8] Compiler: c1, Barriers: 3, Oops: 0, ImmediateOops: 0, NonImmediateOops: No
[1,503s][debug][gc,nmethod  ] Register NMethod: jdk.internal.loader.Resource.getBytes (0x00007ab287718008) [0x00007ab287718100, 0x00007ab287719460] Compiler: c1, Barriers: 5, Oops: 0, ImmediateOops: 1, NonImmediateOops: No
[1,503s][debug][gc,nmethod  ] Register NMethod: jdk.internal.loader.Resource.getByteBuffer (0x00007ab287719488) [0x00007ab287719580, 0x00007ab28771a200] Compiler: c1, Barriers: 5, Oops: 0, ImmediateOops: 0, NonImmediateOops: No
[1,504s][debug][gc,nmethod  ] Register NMethod: java.lang.Class.getAnnotationType (0x00007ab2a6c44d08) [0x00007ab2a6c44e00, 0x00007ab2a6c44ef0] Compiler: c1, Barriers: 1, Oops: 0, ImmediateOops: 0, NonImmediateOops: No
[1,504s][debug][gc,nmethod  ] Register NMethod: jdk.internal.reflect.ReflectionFactory.getExecutableSharedParameterTypes (0x00007ab28771a208) [0x00007ab28771a300, 0x00007ab28771a6d0] Compiler: c1, Barriers: 1, Oops: 0, ImmediateOops: 0, NonImmediateOops: No
[1,504s][debug][gc,nmethod  ] Register NMethod: java.lang.reflect.ReflectAccess.getExecutableSharedParameterTypes (0x00007ab28771a708) [0x00007ab28771a800, 0x00007ab28771ab08] Compiler: c1, Barriers: 0, Oops: 0, ImmediateOops: 0, NonImmediateOops: No
[1,504s][debug][gc,nmethod  ] Register NMethod: java.lang.classfile.constantpool.LoadableConstantEntry.typeKind (0x00007ab28771ab88) [0x00007ab28771ac80, 0x00007ab28771ad88] Compiler: c1, Barriers: 0, Oops: 0, ImmediateOops: 1, NonImmediateOops: No
[1,504s][debug][gc,nmethod  ] Register NMethod: jdk.internal.classfile.impl.BytecodeHelpers.ldcOpcode (0x00007ab28771ae88) [0x00007ab28771af80, 0x00007ab28771b730] Compiler: c1, Barriers: 0, Oops: 0, ImmediateOops: 3, NonImmediateOops: No
[1,505s][debug][gc,nmethod  ] Register NMethod: jdk.internal.classfile.impl.DirectCodeBuilder.ldc (0x00007ab28771b788) [0x00007ab28771b880, 0x00007ab28771c738] Compiler: c1, Barriers: 2, Oops: 0, ImmediateOops: 0, NonImmediateOops: No
[1,505s][debug][gc,nmethod  ] Register NMethod: jdk.internal.classfile.impl.StackCounter.maxStack (0x00007ab2a6c45008) [0x00007ab2a6c45100, 0x00007ab2a6c451c0] Compiler: c1, Barriers: 0, Oops: 0, ImmediateOops: 0, NonImmediateOops: No
[1,505s][debug][gc,nmethod  ] Register NMethod: jdk.internal.classfile.impl.RawBytecodeHelper.getIndexU1 (0x00007ab28771c788) [0x00007ab28771c880, 0x00007ab28771cc98] Compiler: c1, Barriers: 2, Oops: 0, ImmediateOops: 0, NonImmediateOops: No
[1,505s][debug][gc,nmethod  ] Register NMethod: jdk.internal.classfile.impl.StackCounter.maxLocals (0x00007ab2a6c45308) [0x00007ab2a6c45400, 0x00007ab2a6c454c0] Compiler: c1, Barriers: 0, Oops: 0, ImmediateOops: 0, NonImmediateOops: No
[1,505s][debug][gc,nmethod  ] Register NMethod: jdk.internal.classfile.impl.DirectCodeBuilder.writeDirectLoadConstant (0x00007ab28771cd08) [0x00007ab28771ce00, 0x00007ab28771df18] Compiler: c1, Barriers: 4, Oops: 0, ImmediateOops: 0, NonImmediateOops: No
[1,505s][debug][gc,director ] Rule Major: Warmup 10%, Used: 70MB, UsedThreshold: 1228MB
[1,505s][debug][gc,nmethod  ] Register NMethod: java.lang.invoke.MethodHandle.linkToSpecial (0x00007ab2a6c45608) [0x00007ab2a6c45700, 0x00007ab2a6c457f8] Compiler: , Barriers: 0, Oops: 0, ImmediateOops: 0, NonImmediateOops: No
[1,506s][debug][gc,nmethod  ] Register NMethod: jdk.internal.misc.Unsafe.fullFence (0x00007ab2a6c45908) [0x00007ab2a6c45a00, 0x00007ab2a6c45b48] Compiler: , Barriers: 0, Oops: 0, ImmediateOops: 0, NonImmediateOops: No
[1,506s][debug][gc,nmethod  ] Register NMethod: java.lang.invoke.MethodHandle.linkToSpecial (0x00007ab2a6c45c08) [0x00007ab2a6c45d00, 0x00007ab2a6c45df8] Compiler: , Barriers: 0, Oops: 0, ImmediateOops: 0, NonImmediateOops: No
[1,506s][debug][gc,nmethod  ] Register NMethod: java.lang.classfile.constantpool.ConstantPoolBuilder.nameAndTypeEntry (0x00007ab28771df88) [0x00007ab28771e080, 0x00007ab28771e7a0] Compiler: c1, Barriers: 0, Oops: 0, ImmediateOops: 0, NonImmediateOops: No
[1,506s][debug][gc,nmethod  ] Register NMethod: java.lang.reflect.ProxyGenerator$ProxyMethod.parameterTypes (0x00007ab28771e808) [0x00007ab28771e900, 0x00007ab28771ec40] Compiler: c1, Barriers: 2, Oops: 0, ImmediateOops: 0, NonImmediateOops: No
[1,506s][debug][gc,nmethod  ] Register NMethod: java.lang.CharSequence.isEmpty (0x00007ab28771ec88) [0x00007ab28771ed80, 0x00007ab28771f0c8] Compiler: c1, Barriers: 0, Oops: 0, ImmediateOops: 0, NonImmediateOops: No
[1,506s][debug][gc,nmethod  ] Register NMethod: java.lang.classfile.Attributes.stackMapTable (0x00007ab28771f108) [0x00007ab28771f200, 0x00007ab28771f2e8] Compiler: c1, Barriers: 0, Oops: 0, ImmediateOops: 1, NonImmediateOops: No
[1,506s][debug][gc,nmethod  ] Register NMethod: jdk.internal.classfile.impl.SplitConstantPool.fieldRefEntry (0x00007ab28771f408) [0x00007ab28771f500, 0x00007ab287721e58] Compiler: c1, Barriers: 6, Oops: 0, ImmediateOops: 0, NonImmediateOops: No
[1,507s][debug][gc,nmethod  ] Register NMethod: java.lang.Class.forName (0x00007ab287721e88) [0x00007ab287721f80, 0x00007ab2877220a0] Compiler: c1, Barriers: 0, Oops: 0, ImmediateOops: 0, NonImmediateOops: No
[1,507s][debug][gc,nmethod  ] Register NMethod: jdk.internal.classfile.impl.StackCounter.<init> (0x00007ab287722188) [0x00007ab287722280, 0x00007ab287737ff8] Compiler: c1, Barriers: 88, Oops: 2, ImmediateOops: 17, NonImmediateOops: No
[1,507s][debug][gc,nmethod  ] Register NMethod: jdk.internal.classfile.impl.EntryMap.put (0x00007ab2a6c45f08) [0x00007ab2a6c46000, 0x00007ab2a6c462e0] Compiler: jvmci, Barriers: 1, Oops: 0, ImmediateOops: 0, NonImmediateOops: No
[1,507s][debug][gc,nmethod  ] Register NMethod: jdk.internal.classfile.impl.DirectCodeBuilder.newLabel (0x00007ab287738088) [0x00007ab287738180, 0x00007ab287738468] Compiler: c1, Barriers: 3, Oops: 0, ImmediateOops: 0, NonImmediateOops: No
[1,507s][debug][gc,nmethod  ] Register NMethod: jdk.internal.classfile.impl.DirectCodeBuilder.labelBinding (0x00007ab287738488) [0x00007ab287738580, 0x00007ab287738cb0] Compiler: c1, Barriers: 1, Oops: 0, ImmediateOops: 0, NonImmediateOops: No
[1,507s][debug][gc,nmethod  ] Register NMethod: jdk.internal.classfile.impl.DirectCodeBuilder.methodInfo (0x00007ab2a6c46308) [0x00007ab2a6c46400, 0x00007ab2a6c464e8] Compiler: c1, Barriers: 1, Oops: 0, ImmediateOops: 0, NonImmediateOops: No
[1,507s][debug][gc,nmethod  ] Register NMethod: jdk.internal.classfile.impl.BufWriterImpl.labelContext (0x00007ab2a6c46608) [0x00007ab2a6c46700, 0x00007ab2a6c467e8] Compiler: c1, Barriers: 1, Oops: 0, ImmediateOops: 0, NonImmediateOops: No
[1,507s][debug][gc,nmethod  ] Register NMethod: jdk.internal.classfile.impl.BufWriterImpl.grow (0x00007ab287738d08) [0x00007ab287738e00, 0x00007ab287739090] Compiler: c1, Barriers: 4, Oops: 0, ImmediateOops: 0, NonImmediateOops: No
[1,508s][debug][gc,nmethod  ] Register NMethod: sun.reflect.generics.tree.ClassTypeSignature.getPath (0x00007ab2a6c46908) [0x00007ab2a6c46a00, 0x00007ab2a6c46ae8] Compiler: c1, Barriers: 1, Oops: 0, ImmediateOops: 0, NonImmediateOops: No
[1,508s][debug][gc,nmethod  ] Register NMethod: sun.reflect.generics.visitor.Reifier.getFactory (0x00007ab2a6c46c08) [0x00007ab2a6c46d00, 0x00007ab2a6c46de8] Compiler: c1, Barriers: 1, Oops: 0, ImmediateOops: 0, NonImmediateOops: No
[1,508s][debug][gc,nmethod  ] Register NMethod: sun.reflect.generics.tree.SimpleClassTypeSignature.getTypeArguments (0x00007ab2a6c46f08) [0x00007ab2a6c47000, 0x00007ab2a6c470e8] Compiler: c1, Barriers: 1, Oops: 0, ImmediateOops: 0, NonImmediateOops: No
[1,508s][debug][gc,nmethod  ] Register NMethod: sun.reflect.generics.tree.SimpleClassTypeSignature.getDollar (0x00007ab2a6c47208) [0x00007ab2a6c47300, 0x00007ab2a6c473c0] Compiler: c1, Barriers: 0, Oops: 0, ImmediateOops: 0, NonImmediateOops: No
[1,508s][debug][gc,nmethod  ] Register NMethod: sun.reflect.generics.tree.SimpleClassTypeSignature.getName (0x00007ab2a6c47508) [0x00007ab2a6c47600, 0x00007ab2a6c476e8] Compiler: c1, Barriers: 1, Oops: 0, ImmediateOops: 0, NonImmediateOops: No
[1,508s][debug][gc,nmethod  ] Register NMethod: jdk.internal.reflect.ConstantPool.getUTF8At (0x00007ab287739108) [0x00007ab287739200, 0x00007ab287739370] Compiler: c1, Barriers: 1, Oops: 0, ImmediateOops: 0, NonImmediateOops: No
[1,510s][debug][gc,nmethod  ] Register NMethod: sun.reflect.generics.parser.SignatureParser.current (0x00007ab2a6c47808) [0x00007ab2a6c47900, 0x00007ab2a6c47ac8] Compiler: jvmci, Barriers: 2, Oops: 0, ImmediateOops: 0, NonImmediateOops: No
[1,511s][debug][gc,nmethod  ] Register NMethod: java.lang.invoke.MemberName.isCallerSensitive (0x00007ab287739408) [0x00007ab287739500, 0x00007ab2877396b8] Compiler: c1, Barriers: 0, Oops: 0, ImmediateOops: 0, NonImmediateOops: No
[1,515s][debug][gc,director ] Rule Major: Warmup 10%, Used: 70MB, UsedThreshold: 1228MB
[1,515s][debug][gc,nmethod  ] Register NMethod: jdk.internal.classfile.impl.SplitConstantPool.internalAdd (0x00007ab2a6c47b08) [0x00007ab2a6c47c20, 0x00007ab2a6c48730] Compiler: jvmci, Barriers: 11, Oops: 1, ImmediateOops: 0, NonImmediateOops: No
[1,517s][debug][gc,nmethod  ] Register NMethod: java.lang.Character.isHighSurrogate (0x00007ab287739708) [0x00007ab287739800, 0x00007ab287739960] Compiler: c1, Barriers: 0, Oops: 0, ImmediateOops: 0, NonImmediateOops: No
[1,517s][debug][gc,nmethod  ] Register NMethod: java.util.regex.Pattern.lambda$ALL$0 (0x00007ab2a6c48788) [0x00007ab2a6c48880, 0x00007ab2a6c48920] Compiler: c1, Barriers: 0, Oops: 0, ImmediateOops: 0, NonImmediateOops: No
[1,517s][debug][gc,nmethod  ] Register NMethod: java.lang.invoke.MethodHandle.linkToInterface (0x00007ab2a6c48a88) [0x00007ab2a6c48b80, 0x00007ab2a6c48cb0] Compiler: , Barriers: 0, Oops: 0, ImmediateOops: 0, NonImmediateOops: No
[1,517s][debug][gc,nmethod  ] Register NMethod: java.lang.Character.codePointAt (0x00007ab287739a08) [0x00007ab287739b00, 0x00007ab28773a4d0] Compiler: c1, Barriers: 0, Oops: 0, ImmediateOops: 0, NonImmediateOops: No
[1,517s][debug][gc,nmethod  ] Register NMethod: java.lang.invoke.MethodHandle.invokeBasic (0x00007ab2a6c48d88) [0x00007ab2a6c48e80, 0x00007ab2a6c49118] Compiler: , Barriers: 0, Oops: 0, ImmediateOops: 0, NonImmediateOops: No
[1,517s][debug][gc,nmethod  ] Register NMethod: java.lang.invoke.DirectMethodHandle.internalMemberName (0x00007ab2a6c49188) [0x00007ab2a6c49280, 0x00007ab2a6c49368] Compiler: c1, Barriers: 1, Oops: 0, ImmediateOops: 0, NonImmediateOops: No
[1,518s][debug][gc,nmethod  ] Register NMethod: jdk.internal.classfile.impl.AnnotationImpl.className (0x00007ab2a6c49488) [0x00007ab2a6c49580, 0x00007ab2a6c49668] Compiler: c1, Barriers: 1, Oops: 0, ImmediateOops: 0, NonImmediateOops: No
[1,518s][debug][gc,nmethod  ] Register NMethod: jdk.internal.classfile.impl.AnnotationImpl.elements (0x00007ab2a6c49788) [0x00007ab2a6c49880, 0x00007ab2a6c49968] Compiler: c1, Barriers: 1, Oops: 0, ImmediateOops: 0, NonImmediateOops: No
[1,518s][debug][gc,nmethod  ] Register NMethod: java.lang.classfile.ClassFile.latestMajorVersion (0x00007ab2a6c49a88) [0x00007ab2a6c49b80, 0x00007ab2a6c49c20] Compiler: c1, Barriers: 0, Oops: 0, ImmediateOops: 0, NonImmediateOops: No
[1,518s][debug][gc,nmethod  ] Register NMethod: java.lang.classfile.ClassFile.latestMinorVersion (0x00007ab2a6c49d88) [0x00007ab2a6c49e80, 0x00007ab2a6c49f20] Compiler: c1, Barriers: 0, Oops: 0, ImmediateOops: 0, NonImmediateOops: No
[1,518s][debug][gc,nmethod  ] Register NMethod: jdk.internal.classfile.impl.DirectClassBuilder.setFlags (0x00007ab2a6c4a088) [0x00007ab2a6c4a180, 0x00007ab2a6c4a240] Compiler: c1, Barriers: 0, Oops: 0, ImmediateOops: 0, NonImmediateOops: No
[1,518s][debug][gc,nmethod  ] Register NMethod: jdk.internal.classfile.impl.BufWriterImpl.copyTo (0x00007ab28773a508) [0x00007ab28773a600, 0x00007ab28773a9c0] Compiler: c1, Barriers: 1, Oops: 0, ImmediateOops: 0, NonImmediateOops: No
[1,518s][debug][gc,nmethod  ] Register NMethod: java.lang.invoke.LambdaForm$Name.isParam (0x00007ab28773aa08) [0x00007ab28773ab00, 0x00007ab28773ac80] Compiler: c1, Barriers: 1, Oops: 0, ImmediateOops: 0, NonImmediateOops: No
[1,518s][debug][gc,nmethod  ] Register NMethod: jdk.internal.classfile.impl.Util.writeList (0x00007ab28773ad08) [0x00007ab28773ae00, 0x00007ab28773b790] Compiler: c1, Barriers: 3, Oops: 0, ImmediateOops: 0, NonImmediateOops: No
[1,518s][debug][gc,nmethod  ] Register NMethod: jdk.internal.classfile.impl.AbstractPoolEntry$Utf8EntryImpl.fieldTypeSymbol (0x00007ab28773b808) [0x00007ab28773b900, 0x00007ab28773c8f8] Compiler: c1, Barriers: 5, Oops: 0, ImmediateOops: 0, NonImmediateOops: No
[1,518s][debug][gc,nmethod  ] Register NMethod: jdk.internal.classfile.impl.StackMapGenerator$Type.equals (0x00007ab28773c908) [0x00007ab28773ca00, 0x00007ab28773d350] Compiler: c1, Barriers: 2, Oops: 0, ImmediateOops: 0, NonImmediateOops: No
[1,519s][debug][gc,nmethod  ] Register NMethod: java.lang.invoke.MemberName.getReferenceKind (0x00007ab2a6c4a388) [0x00007ab2a6c4a480, 0x00007ab2a6c4a510] Compiler: jvmci, Barriers: 0, Oops: 0, ImmediateOops: 0, NonImmediateOops: No
[1,520s][debug][gc,nmethod  ] Register NMethod: jdk.internal.jimage.ImageStringsReader.hashCode (0x00007ab28773d388) [0x00007ab28773d480, 0x00007ab28773d5e0] Compiler: c1, Barriers: 0, Oops: 0, ImmediateOops: 0, NonImmediateOops: No
[1,520s][debug][gc,nmethod  ] Register NMethod: jdk.internal.module.SystemModuleFinders$SystemImage.reader (0x00007ab28773d688) [0x00007ab28773d780, 0x00007ab28773d868] Compiler: c1, Barriers: 0, Oops: 0, ImmediateOops: 1, NonImmediateOops: No
[1,520s][debug][gc,nmethod  ] Register NMethod: jdk.internal.jimage.ImageReader.requireOpen (0x00007ab28773d988) [0x00007ab28773da80, 0x00007ab28773dc88] Compiler: c1, Barriers: 0, Oops: 0, ImmediateOops: 1, NonImmediateOops: No
[1,520s][debug][gc,nmethod  ] Register NMethod: jdk.internal.jimage.ImageStringsReader.hashCode (0x00007ab28773dd08) [0x00007ab28773de00, 0x00007ab28773dfb0] Compiler: c1, Barriers: 0, Oops: 0, ImmediateOops: 0, NonImmediateOops: No
[1,520s][debug][gc,nmethod  ] Register NMethod: jdk.internal.loader.BuiltinClassLoader.moduleReaderFor (0x00007ab28773e008) [0x00007ab28773e100, 0x00007ab28773ed08] Compiler: c1, Barriers: 5, Oops: 0, ImmediateOops: 0, NonImmediateOops: No
[1,520s][debug][gc,nmethod  ] Register NMethod: jdk.internal.jimage.BasicImageReader.getLocationIndex (0x00007ab28773ed88) [0x00007ab28773ee80, 0x00007ab28773f648] Compiler: c1, Barriers: 2, Oops: 0, ImmediateOops: 0, NonImmediateOops: No
[1,520s][debug][gc,nmethod  ] Register NMethod: jdk.internal.jimage.ImageReader.verifyLocation (0x00007ab28773f688) [0x00007ab28773f780, 0x00007ab28773fc30] Compiler: c1, Barriers: 1, Oops: 0, ImmediateOops: 1, NonImmediateOops: No
[1,520s][debug][gc,nmethod  ] Register NMethod: jdk.internal.jimage.BasicImageReader.verifyLocation (0x00007ab28773fc88) [0x00007ab28773fd80, 0x00007ab287740218] Compiler: c1, Barriers: 3, Oops: 0, ImmediateOops: 0, NonImmediateOops: No
[1,520s][debug][gc,nmethod  ] Register NMethod: jdk.internal.module.SystemModuleFinders$SystemModuleReader.containsImageLocation (0x00007ab287740288) [0x00007ab287740380, 0x00007ab287740d60] Compiler: c1, Barriers: 2, Oops: 1, ImmediateOops: 4, NonImmediateOops: No
[1,521s][debug][gc,nmethod  ] Register NMethod: jdk.internal.module.SystemModuleFinders$SystemModuleReader.find (0x00007ab287740d88) [0x00007ab287740e80, 0x00007ab2877424f0] Compiler: c1, Barriers: 5, Oops: 2, ImmediateOops: 4, NonImmediateOops: No
[1,523s][debug][gc,nmethod  ] Register NMethod: java.lang.String.<init> (0x00007ab2a6c4a688) [0x00007ab2a6c4a780, 0x00007ab2a6c4ab60] Compiler: jvmci, Barriers: 4, Oops: 0, ImmediateOops: 0, NonImmediateOops: No
[1,523s][debug][gc,nmethod  ] Register NMethod: java.util.Arrays.copyOf (0x00007ab2a6c4ab88) [0x00007ab2a6c4ac80, 0x00007ab2a6c4b048] Compiler: jvmci, Barriers: 0, Oops: 0, ImmediateOops: 0, NonImmediateOops: No
[1,525s][debug][gc,director ] Rule Major: Warmup 10%, Used: 72MB, UsedThreshold: 1228MB
[1,527s][debug][gc,nmethod  ] Register NMethod: jdk.internal.loader.URLClassPath$JarLoader.findResource (0x00007ab287742508) [0x00007ab287742600, 0x00007ab287742990] Compiler: c1, Barriers: 0, Oops: 0, ImmediateOops: 0, NonImmediateOops: No
[1,530s][debug][gc,nmethod  ] Register NMethod: java.util.concurrent.ConcurrentHashMap.putIfAbsent (0x00007ab2a6c4b088) [0x00007ab2a6c4b180, 0x00007ab2a6c4d908] Compiler: jvmci, Barriers: 92, Oops: 0, ImmediateOops: 0, NonImmediateOops: No
[1,531s][debug][gc,nmethod  ] Register NMethod: java.lang.ClassLoader.getUnnamedModule (0x00007ab2a6c4d988) [0x00007ab2a6c4da80, 0x00007ab2a6c4db68] Compiler: c1, Barriers: 1, Oops: 0, ImmediateOops: 0, NonImmediateOops: No
[1,533s][debug][gc,nmethod  ] Register NMethod: java.lang.invoke.MethodHandleNatives.refKindIsField (0x00007ab287742a08) [0x00007ab287742b00, 0x00007ab287742c40] Compiler: c1, Barriers: 0, Oops: 0, ImmediateOops: 0, NonImmediateOops: No
[1,534s][debug][gc,nmethod  ] Register NMethod: jdk.internal.reflect.Reflection.getClassAccessFlags (0x00007ab2a6c4dc88) [0x00007ab2a6c4dd80, 0x00007ab2a6c4dee8] Compiler: , Barriers: 0, Oops: 0, ImmediateOops: 1, NonImmediateOops: No
[1,534s][debug][gc,nmethod  ] Register NMethod: java.util.Properties.loadConvert (0x00007ab287742d08) [0x00007ab287742e00, 0x00007ab287744c70] Compiler: c1, Barriers: 0, Oops: 0, ImmediateOops: 3, NonImmediateOops: No
[1,535s][debug][gc,nmethod  ] Register NMethod: java.lang.invoke.MethodHandle.linkToStatic (0x00007ab2a6c4df88) [0x00007ab2a6c4e080, 0x00007ab2a6c4e170] Compiler: , Barriers: 0, Oops: 0, ImmediateOops: 0, NonImmediateOops: No
[1,535s][debug][gc,nmethod  ] Register NMethod: jdk.internal.classfile.impl.DirectClassBuilder.withMethod (0x00007ab287744c88) [0x00007ab287744d80, 0x00007ab287745738] Compiler: c1, Barriers: 9, Oops: 0, ImmediateOops: 0, NonImmediateOops: No
[1,535s][debug][gc,nmethod  ] Register NMethod: java.lang.invoke.MethodHandle.linkToStatic (0x00007ab2a6c4e288) [0x00007ab2a6c4e380, 0x00007ab2a6c4e470] Compiler: , Barriers: 0, Oops: 0, ImmediateOops: 0, NonImmediateOops: No
[1,535s][debug][gc,director ] Rule Major: Warmup 10%, Used: 72MB, UsedThreshold: 1228MB
[1,537s][debug][gc,nmethod  ] Register NMethod: jdk.internal.classfile.impl.StackMapGenerator.processInvokeInstructions (0x00007ab287745788) [0x00007ab287745880, 0x00007ab28774c350] Compiler: c1, Barriers: 19, Oops: 5, ImmediateOops: 17, NonImmediateOops: No
[1,537s][debug][gc,nmethod  ] Register NMethod: java.lang.invoke.DirectMethodHandle.preparedLambdaForm (0x00007ab28774c388) [0x00007ab28774c480, 0x00007ab28774d310] Compiler: c1, Barriers: 4, Oops: 0, ImmediateOops: 0, NonImmediateOops: No
[1,538s][debug][gc,nmethod  ] Register NMethod: java.lang.invoke.DirectMethodHandle.preparedLambdaForm (0x00007ab28774d388) [0x00007ab28774d480, 0x00007ab28774fee8] Compiler: c1, Barriers: 10, Oops: 0, ImmediateOops: 0, NonImmediateOops: No
[1,539s][debug][gc,nmethod  ] Register NMethod: java.util.Properties.getProperty (0x00007ab28774ff08) [0x00007ab287750000, 0x00007ab2877508a0] Compiler: c1, Barriers: 2, Oops: 0, ImmediateOops: 0, NonImmediateOops: No
[1,541s][debug][gc,nmethod  ] Register NMethod: jdk.internal.jimage.ImageStringsReader.unmaskedHashCode (0x00007ab2a6c4e588) [0x00007ab2a6c4e680, 0x00007ab2a6c4eb50] Compiler: jvmci, Barriers: 1, Oops: 0, ImmediateOops: 0, NonImmediateOops: No
[1,543s][debug][gc,nmethod  ] Register NMethod: java.lang.String.startsWith (0x00007ab287750908) [0x00007ab287750a00, 0x00007ab287750cf8] Compiler: c1, Barriers: 0, Oops: 0, ImmediateOops: 0, NonImmediateOops: No
[1,543s][debug][gc,nmethod  ] Register NMethod: java.lang.String.startsWith (0x00007ab287750d08) [0x00007ab287750e00, 0x00007ab287752020] Compiler: c1, Barriers: 2, Oops: 0, ImmediateOops: 0, NonImmediateOops: No
[1,543s][debug][gc,nmethod  ] Register NMethod: jdk.internal.util.ArraysSupport.mismatch (0x00007ab287752088) [0x00007ab287752180, 0x00007ab287752560] Compiler: c1, Barriers: 0, Oops: 0, ImmediateOops: 0, NonImmediateOops: No
[1,543s][debug][gc,nmethod  ] Register NMethod: java.util.ArrayList.indexOfRange (0x00007ab287752588) [0x00007ab287752680, 0x00007ab287752cb8] Compiler: c1, Barriers: 3, Oops: 0, ImmediateOops: 0, NonImmediateOops: No
[1,543s][debug][gc,nmethod  ] Register NMethod: jdk.internal.util.ArraysSupport.vectorizedMismatch (0x00007ab287752d08) [0x00007ab287752e00, 0x00007ab287753210] Compiler: c1, Barriers: 0, Oops: 0, ImmediateOops: 0, NonImmediateOops: No
[1,544s][debug][gc,nmethod  ] Register NMethod: java.util.ArrayList.contains (0x00007ab287753288) [0x00007ab287753380, 0x00007ab287753598] Compiler: c1, Barriers: 0, Oops: 0, ImmediateOops: 0, NonImmediateOops: No
[1,544s][debug][gc,nmethod  ] Register NMethod: java.util.ArrayList.indexOf (0x00007ab287753608) [0x00007ab287753700, 0x00007ab287753840] Compiler: c1, Barriers: 0, Oops: 0, ImmediateOops: 0, NonImmediateOops: No
[1,545s][debug][gc,director ] Rule Major: Warmup 10%, Used: 72MB, UsedThreshold: 1228MB
[1,546s][debug][gc,nmethod  ] Register NMethod: java.util.Arrays.fill (0x00007ab287753908) [0x00007ab287753a00, 0x00007ab287753c08] Compiler: c1, Barriers: 0, Oops: 0, ImmediateOops: 0, NonImmediateOops: No
[1,546s][debug][gc,nmethod  ] Register NMethod: com.sun.org.apache.xerces.internal.util.Status.isExceptional (0x00007ab2a6c4eb88) [0x00007ab2a6c4ec80, 0x00007ab2a6c4ed40] Compiler: c1, Barriers: 0, Oops: 0, ImmediateOops: 0, NonImmediateOops: No
[1,546s][debug][gc,nmethod  ] Register NMethod: com.sun.org.apache.xerces.internal.util.XMLChar.isValid (0x00007ab287753c88) [0x00007ab287753d80, 0x00007ab287753f68] Compiler: c1, Barriers: 0, Oops: 0, ImmediateOops: 1, NonImmediateOops: No
[1,546s][debug][gc,nmethod  ] Register NMethod: com.sun.org.apache.xerces.internal.util.XMLChar.isInvalid (0x00007ab287753f88) [0x00007ab287754080, 0x00007ab287754310] Compiler: c1, Barriers: 0, Oops: 0, ImmediateOops: 1, NonImmediateOops: No
[1,548s][debug][gc,nmethod  ] Register NMethod: com.sun.org.apache.xerces.internal.util.XMLChar.isContent (0x00007ab287754388) [0x00007ab287754480, 0x00007ab287754668] Compiler: c1, Barriers: 0, Oops: 0, ImmediateOops: 1, NonImmediateOops: No
[1,548s][debug][gc,nmethod  ] Register NMethod: java.util.Arrays.fill (0x00007ab2a6c4ee88) [0x00007ab2a6c4ef80, 0x00007ab2a6c4f178] Compiler: jvmci, Barriers: 0, Oops: 0, ImmediateOops: 0, NonImmediateOops: No
[1,549s][debug][gc,nmethod  ] Register NMethod: java.lang.CharacterDataLatin1.isUpperCase (0x00007ab287754688) [0x00007ab287754780, 0x00007ab287754b18] Compiler: c1, Barriers: 0, Oops: 0, ImmediateOops: 1, NonImmediateOops: No
[1,549s][debug][gc,nmethod  ] Register NMethod: java.lang.CharacterDataLatin1.getPropertiesEx (0x00007ab287754b88) [0x00007ab287754c80, 0x00007ab287754db0] Compiler: c1, Barriers: 0, Oops: 0, ImmediateOops: 1, NonImmediateOops: No
[1,550s][debug][gc,nmethod  ] Register NMethod: java.lang.String.toLowerCase (0x00007ab287754e88) [0x00007ab287754f80, 0x00007ab287755430] Compiler: c1, Barriers: 2, Oops: 0, ImmediateOops: 0, NonImmediateOops: No
[1,550s][debug][gc,nmethod  ] Register NMethod: java.lang.StringLatin1.toLowerCase (0x00007ab287755488) [0x00007ab287755580, 0x00007ab287756850] Compiler: c1, Barriers: 5, Oops: 1, ImmediateOops: 6, NonImmediateOops: No
[1,550s][debug][gc,nmethod  ] Register NMethod: java.util.ArrayList.get (0x00007ab2a6c4f188) [0x00007ab2a6c4f280, 0x00007ab2a6c4f3e8] Compiler: jvmci, Barriers: 2, Oops: 0, ImmediateOops: 0, NonImmediateOops: No
[1,551s][debug][gc,nmethod  ] Register NMethod: jdk.internal.loader.ClassLoaders$AppClassLoader.defineOrCheckPackage (0x00007ab287756888) [0x00007ab287756980, 0x00007ab287756ab0] Compiler: c1, Barriers: 0, Oops: 0, ImmediateOops: 0, NonImmediateOops: No
[1,551s][debug][gc,nmethod  ] Register NMethod: jdk.internal.loader.BuiltinClassLoader.defineOrCheckPackage (0x00007ab287756b88) [0x00007ab287756c80, 0x00007ab287757db8] Compiler: c1, Barriers: 0, Oops: 1, ImmediateOops: 2, NonImmediateOops: No
[1,551s][debug][gc,nmethod  ] Register NMethod: jdk.internal.loader.BuiltinClassLoader.defineClass (0x00007ab287757e08) [0x00007ab287757f00, 0x00007ab28775ae08] Compiler: c1, Barriers: 6, Oops: 0, ImmediateOops: 0, NonImmediateOops: No
[1,552s][debug][gc,nmethod  ] Register NMethod: jdk.internal.loader.BuiltinClassLoader.getAndVerifyPackage (0x00007ab28775ae88) [0x00007ab28775af80, 0x00007ab28775da98] Compiler: c1, Barriers: 4, Oops: 4, ImmediateOops: 6, NonImmediateOops: No
[1,553s][debug][gc,nmethod  ] Register NMethod: jdk.internal.loader.BuiltinClassLoader.findClassOnClassPathOrNull (0x00007ab28775db08) [0x00007ab28775dc00, 0x00007ab2877603c0] Compiler: c1, Barriers: 6, Oops: 1, ImmediateOops: 8, NonImmediateOops: No
[1,555s][debug][gc,nmethod  ] Register NMethod: jdk.internal.misc.Unsafe.allocateUninitializedArray (0x00007ab2a6c4f488) [0x00007ab2a6c4f580, 0x00007ab2a6c4f7e8] Compiler: jvmci, Barriers: 0, Oops: 0, ImmediateOops: 1, NonImmediateOops: No
[1,555s][debug][gc,director ] Rule Major: Warmup 10%, Used: 74MB, UsedThreshold: 1228MB
[1,556s][debug][gc,nmethod  ] Register NMethod: ch.qos.logback.core.joran.spi.ElementPath.get (0x00007ab287760408) [0x00007ab287760500, 0x00007ab287760a40] Compiler: c1, Barriers: 3, Oops: 1, ImmediateOops: 0, NonImmediateOops: No
[1,557s][debug][gc,nmethod  ] Register NMethod: ch.qos.logback.core.joran.spi.ElementPath.size (0x00007ab287760a88) [0x00007ab287760b80, 0x00007ab287760ce0] Compiler: c1, Barriers: 1, Oops: 1, ImmediateOops: 0, NonImmediateOops: No
[1,557s][debug][gc,nmethod  ] Register NMethod: java.lang.PublicMethods$MethodList.<init> (0x00007ab287760d88) [0x00007ab287760e80, 0x00007ab287761050] Compiler: c1, Barriers: 3, Oops: 0, ImmediateOops: 0, NonImmediateOops: No
[1,558s][debug][gc,nmethod  ] Register NMethod: java.lang.PublicMethods$MethodList.length (0x00007ab287761088) [0x00007ab287761180, 0x00007ab287761388] Compiler: c1, Barriers: 2, Oops: 0, ImmediateOops: 0, NonImmediateOops: No
[1,558s][debug][gc,nmethod  ] Register NMethod: java.lang.PublicMethods$Key.hashCode (0x00007ab287761408) [0x00007ab287761500, 0x00007ab287761798] Compiler: c1, Barriers: 2, Oops: 0, ImmediateOops: 0, NonImmediateOops: No
[1,558s][debug][gc,nmethod  ] Register NMethod: java.lang.PublicMethods$Key.<init> (0x00007ab287761808) [0x00007ab287761900, 0x00007ab287761e68] Compiler: c1, Barriers: 8, Oops: 1, ImmediateOops: 2, NonImmediateOops: No
[1,558s][debug][gc,nmethod  ] Register NMethod: java.lang.PublicMethods.merge (0x00007ab287761e88) [0x00007ab287761f80, 0x00007ab287763010] Compiler: c1, Barriers: 14, Oops: 1, ImmediateOops: 2, NonImmediateOops: No
[1,558s][debug][gc,nmethod  ] Register NMethod: java.lang.PublicMethods$MethodList.merge (0x00007ab287763088) [0x00007ab287763180, 0x00007ab2877650a0] Compiler: c1, Barriers: 25, Oops: 0, ImmediateOops: 0, NonImmediateOops: No
[1,558s][debug][gc,nmethod  ] Register NMethod: java.lang.reflect.Method.getParameterTypes (0x00007ab287765108) [0x00007ab287765200, 0x00007ab287765778] Compiler: c1, Barriers: 1, Oops: 0, ImmediateOops: 0, NonImmediateOops: No
[1,558s][debug][gc,nmethod  ] Register NMethod: java.lang.String.replace (0x00007ab2a6c4f808) [0x00007ab2a6c4f900, 0x00007ab2a6c4ffb8] Compiler: jvmci, Barriers: 3, Oops: 0, ImmediateOops: 0, NonImmediateOops: No
[1,559s][debug][gc,nmethod  ] Register NMethod: java.lang.invoke.MemberName.changeReferenceKind (0x00007ab287765788) [0x00007ab287765880, 0x00007ab2877659a0] Compiler: c1, Barriers: 0, Oops: 0, ImmediateOops: 0, NonImmediateOops: No
[1,559s][debug][gc,nmethod  ] Register NMethod: java.lang.String.substring (0x00007ab287765a88) [0x00007ab287765b80, 0x00007ab287766318] Compiler: c1, Barriers: 1, Oops: 0, ImmediateOops: 0, NonImmediateOops: No
[1,560s][debug][gc,nmethod  ] Register NMethod: java.lang.reflect.Method.getParameterCount (0x00007ab287766388) [0x00007ab287766480, 0x00007ab2877665b8] Compiler: c1, Barriers: 1, Oops: 0, ImmediateOops: 0, NonImmediateOops: No
[1,560s][debug][gc,nmethod  ] Register NMethod: java.lang.invoke.LambdaForm$Name.<init> (0x00007ab287766688) [0x00007ab287766780, 0x00007ab287767748] Compiler: c1, Barriers: 8, Oops: 0, ImmediateOops: 1, NonImmediateOops: No
[1,560s][debug][gc,nmethod  ] Register NMethod: java.util.ImmutableCollections$ListN.size (0x00007ab2a6c50008) [0x00007ab2a6c50100, 0x00007ab2a6c501e0] Compiler: jvmci, Barriers: 1, Oops: 0, ImmediateOops: 0, NonImmediateOops: No
[1,561s][debug][gc,nmethod  ] Register NMethod: ch.qos.logback.core.joran.spi.SimpleRuleStore.isKleeneStar (0x00007ab287767788) [0x00007ab287767880, 0x00007ab287767bc8] Compiler: c1, Barriers: 1, Oops: 1, ImmediateOops: 1, NonImmediateOops: No
[1,561s][debug][gc,nmethod  ] Register NMethod: ch.qos.logback.core.joran.spi.ElementPath.peekLast (0x00007ab287767c08) [0x00007ab287767d00, 0x00007ab287768380] Compiler: c1, Barriers: 3, Oops: 1, ImmediateOops: 0, NonImmediateOops: No
[1,562s][debug][gc,nmethod  ] Register NMethod: java.lang.invoke.DirectMethodHandle.preparedLambdaForm (0x00007ab287768408) [0x00007ab287768500, 0x00007ab287768618] Compiler: c1, Barriers: 0, Oops: 0, ImmediateOops: 0, NonImmediateOops: No
[1,562s][debug][gc,nmethod  ] Register NMethod: java.lang.StringBuilder.<init> (0x00007ab2a6c50308) [0x00007ab2a6c50400, 0x00007ab2a6c505a0] Compiler: jvmci, Barriers: 3, Oops: 0, ImmediateOops: 0, NonImmediateOops: No
[1,562s][debug][gc,nmethod  ] Register NMethod: java.lang.invoke.MemberName.isVarargs (0x00007ab287768708) [0x00007ab287768800, 0x00007ab287768cf8] Compiler: c1, Barriers: 0, Oops: 0, ImmediateOops: 0, NonImmediateOops: No
[1,563s][debug][gc,nmethod  ] Register NMethod: java.lang.invoke.MethodHandle.setVarargs (0x00007ab287768d08) [0x00007ab287768e00, 0x00007ab28776a918] Compiler: c1, Barriers: 0, Oops: 2, ImmediateOops: 4, NonImmediateOops: No
[1,565s][debug][gc,nmethod  ] Register NMethod: java.lang.String.indexOf (0x00007ab2a6c50608) [0x00007ab2a6c50700, 0x00007ab2a6c509e0] Compiler: jvmci, Barriers: 2, Oops: 0, ImmediateOops: 0, NonImmediateOops: No
[1,565s][debug][gc,nmethod  ] Register NMethod: java.lang.String.startsWith (0x00007ab2a6c50a08) [0x00007ab2a6c50b00, 0x00007ab2a6c50e00] Compiler: jvmci, Barriers: 2, Oops: 0, ImmediateOops: 0, NonImmediateOops: No
[1,565s][debug][gc,director ] Rule Major: Warmup 10%, Used: 74MB, UsedThreshold: 1228MB
[1,567s][debug][gc,nmethod  ] Register NMethod: jdk.internal.util.ArraysSupport.mismatch (0x00007ab2a6c50e08) [0x00007ab2a6c50f00, 0x00007ab2a6c51198] Compiler: jvmci, Barriers: 0, Oops: 0, ImmediateOops: 0, NonImmediateOops: No
[1,567s][debug][gc,nmethod  ] Register NMethod: java.lang.AbstractStringBuilder.ensureCapacitySameCoder (0x00007ab28776a988) [0x00007ab28776aa80, 0x00007ab28776ac28] Compiler: c1, Barriers: 0, Oops: 0, ImmediateOops: 0, NonImmediateOops: No
[1,568s][debug][gc,nmethod  ] Register NMethod: java.lang.String.<init> (0x00007ab28776ac88) [0x00007ab28776ad80, 0x00007ab28776b940] Compiler: c1, Barriers: 10, Oops: 0, ImmediateOops: 0, NonImmediateOops: No
[1,568s][debug][gc,nmethod  ] Register NMethod: java.lang.reflect.Constructor.getModifiers (0x00007ab2a6c51208) [0x00007ab2a6c51300, 0x00007ab2a6c513c0] Compiler: c1, Barriers: 0, Oops: 0, ImmediateOops: 0, NonImmediateOops: No
[1,569s][debug][gc,nmethod  ] Register NMethod: java.util.concurrent.locks.AbstractOwnableSynchronizer.setExclusiveOwnerThread (0x00007ab2a6c51508) [0x00007ab2a6c51600, 0x00007ab2a6c51730] Compiler: c1, Barriers: 3, Oops: 0, ImmediateOops: 0, NonImmediateOops: No
[1,569s][debug][gc,nmethod  ] Register NMethod: java.util.HashMap.<init> (0x00007ab28776b988) [0x00007ab28776ba80, 0x00007ab28776d6c8] Compiler: c1, Barriers: 0, Oops: 2, ImmediateOops: 4, NonImmediateOops: No
[1,569s][debug][gc,nmethod  ] Register NMethod: jdk.internal.loader.BuiltinClassLoader.isSealed (0x00007ab28776d708) [0x00007ab28776d800, 0x00007ab2877712b0] Compiler: c1, Barriers: 10, Oops: 3, ImmediateOops: 15, NonImmediateOops: No
[1,570s][debug][gc,nmethod  ] Register NMethod: ch.qos.logback.core.joran.spi.ElementSelector.fullPathMatch (0x00007ab287771308) [0x00007ab287771400, 0x00007ab287772cd0] Compiler: c1, Barriers: 8, Oops: 1, ImmediateOops: 0, NonImmediateOops: No
[1,570s][debug][gc,nmethod  ] Register NMethod: java.lang.invoke.MethodHandle.linkToStatic (0x00007ab2a6c51808) [0x00007ab2a6c51900, 0x00007ab2a6c519f0] Compiler: , Barriers: 0, Oops: 0, ImmediateOops: 0, NonImmediateOops: No
[1,570s][debug][gc,nmethod  ] Register NMethod: java.lang.constant.ClassDesc.isArray (0x00007ab2a6c51b08) [0x00007ab2a6c51c00, 0x00007ab2a6c51cc0] Compiler: c1, Barriers: 0, Oops: 0, ImmediateOops: 0, NonImmediateOops: No
[1,570s][debug][gc,nmethod  ] Register NMethod: java.lang.String.isLatin1 (0x00007ab2a6c51e08) [0x00007ab2a6c51f00, 0x00007ab2a6c51f90] Compiler: jvmci, Barriers: 0, Oops: 0, ImmediateOops: 0, NonImmediateOops: No
[1,570s][debug][gc,nmethod  ] Register NMethod: java.lang.invoke.MethodHandle.linkToSpecial (0x00007ab2a6c52108) [0x00007ab2a6c52200, 0x00007ab2a6c522f8] Compiler: , Barriers: 0, Oops: 0, ImmediateOops: 0, NonImmediateOops: No
[1,570s][debug][gc,nmethod  ] Register NMethod: java.lang.invoke.MethodHandle.invokeBasic (0x00007ab2a6c52408) [0x00007ab2a6c52500, 0x00007ab2a6c52798] Compiler: , Barriers: 0, Oops: 0, ImmediateOops: 0, NonImmediateOops: No
[1,570s][debug][gc,nmethod  ] Register NMethod: java.lang.invoke.MethodHandle.linkToSpecial (0x00007ab2a6c52808) [0x00007ab2a6c52900, 0x00007ab2a6c529f8] Compiler: , Barriers: 0, Oops: 0, ImmediateOops: 0, NonImmediateOops: No
[1,570s][debug][gc,nmethod  ] Register NMethod: jdk.internal.classfile.impl.Util.fieldTypeSymbol (0x00007ab287772d08) [0x00007ab287772e00, 0x00007ab287774208] Compiler: c1, Barriers: 5, Oops: 0, ImmediateOops: 0, NonImmediateOops: No
[1,570s][debug][gc,nmethod  ] Register NMethod: java.lang.invoke.InfoFromMemberName.getReferenceKind (0x00007ab2a6c52b08) [0x00007ab2a6c52c00, 0x00007ab2a6c52cc0] Compiler: c1, Barriers: 0, Oops: 0, ImmediateOops: 0, NonImmediateOops: No
[1,570s][debug][gc,nmethod  ] Register NMethod: java.lang.invoke.MethodHandle.keepsAlive (0x00007ab287774288) [0x00007ab287774380, 0x00007ab287774f80] Compiler: c1, Barriers: 2, Oops: 0, ImmediateOops: 6, NonImmediateOops: No
[1,571s][debug][gc,nmethod  ] Register NMethod: ch.qos.logback.core.joran.util.beans.BeanUtil.getParameterCount (0x00007ab287774f88) [0x00007ab287775080, 0x00007ab287775800] Compiler: c1, Barriers: 1, Oops: 1, ImmediateOops: 0, NonImmediateOops: No
[1,571s][debug][gc,nmethod  ] Register NMethod: java.lang.invoke.MethodHandle.linkToVirtual (0x00007ab2a6c52e08) [0x00007ab2a6c52f00, 0x00007ab2a6c52f28] Compiler: , Barriers: 0, Oops: 0, ImmediateOops: 0, NonImmediateOops: No
[1,571s][debug][gc,nmethod  ] Register NMethod: ch.qos.logback.core.joran.spi.SimpleRuleStore.isSuffixPattern (0x00007ab287775888) [0x00007ab287775980, 0x00007ab2877765c0] Compiler: c1, Barriers: 4, Oops: 1, ImmediateOops: 1, NonImmediateOops: No
[1,571s][debug][gc,nmethod  ] Register NMethod: java.lang.classfile.ClassHierarchyResolver.cached (0x00007ab287776608) [0x00007ab287776700, 0x00007ab287776a08] Compiler: c1, Barriers: 0, Oops: 0, ImmediateOops: 1, NonImmediateOops: No
[1,571s][debug][gc,nmethod  ] Register NMethod: java.lang.ClassLoader.defineClass0 (0x00007ab2a6c53108) [0x00007ab2a6c53200, 0x00007ab2a6c535b8] Compiler: , Barriers: 0, Oops: 0, ImmediateOops: 1, NonImmediateOops: No
[1,571s][debug][gc,nmethod  ] Register NMethod: jdk.internal.classfile.impl.ClassFileImpl.classHierarchyResolver (0x00007ab287776a88) [0x00007ab287776b80, 0x00007ab287776f80] Compiler: c1, Barriers: 1, Oops: 0, ImmediateOops: 1, NonImmediateOops: No
[1,572s][debug][gc,nmethod  ] Register NMethod: jdk.internal.classfile.impl.ClassHierarchyImpl.<init> (0x00007ab287776f88) [0x00007ab287777080, 0x00007ab2877777f0] Compiler: c1, Barriers: 3, Oops: 0, ImmediateOops: 0, NonImmediateOops: No
[1,572s][debug][gc,nmethod  ] Register NMethod: java.lang.invoke.MethodHandle.invokeBasic (0x00007ab2a6c53608) [0x00007ab2a6c53700, 0x00007ab2a6c53998] Compiler: , Barriers: 0, Oops: 0, ImmediateOops: 0, NonImmediateOops: No
[1,572s][debug][gc,nmethod  ] Register NMethod: java.lang.invoke.MethodHandle.linkToSpecial (0x00007ab2a6c53a08) [0x00007ab2a6c53b00, 0x00007ab2a6c53bf8] Compiler: , Barriers: 0, Oops: 0, ImmediateOops: 0, NonImmediateOops: No
[1,572s][debug][gc,nmethod  ] Register NMethod: jdk.internal.classfile.impl.StackMapGenerator.of (0x00007ab287777808) [0x00007ab287777900, 0x00007ab287778e70] Compiler: c1, Barriers: 14, Oops: 0, ImmediateOops: 0, NonImmediateOops: No
[1,572s][debug][gc,nmethod  ] Register NMethod: jdk.internal.classfile.impl.StackMapGenerator.<init> (0x00007ab287778e88) [0x00007ab287778f80, 0x00007ab28777ad70] Compiler: c1, Barriers: 42, Oops: 0, ImmediateOops: 2, NonImmediateOops: No
[1,572s][debug][gc,nmethod  ] Register NMethod: jdk.internal.classfile.impl.StackMapGenerator.processMethod (0x00007ab28777ad88) [0x00007ab28777ae80, 0x00007ab28777d3d8] Compiler: c1, Barriers: 15, Oops: 3, ImmediateOops: 4, NonImmediateOops: No
[1,572s][debug][gc,nmethod  ] Register NMethod: java.lang.classfile.ClassHierarchyResolver.cached (0x00007ab28777d408) [0x00007ab28777d500, 0x00007ab28777dad0] Compiler: c1, Barriers: 0, Oops: 0, ImmediateOops: 0, NonImmediateOops: No
[1,572s][debug][gc,nmethod  ] Register NMethod: java.lang.classfile.ClassHierarchyResolver$1Factory.get (0x00007ab28777db08) [0x00007ab28777dc00, 0x00007ab28777e090] Compiler: c1, Barriers: 0, Oops: 0, ImmediateOops: 0, NonImmediateOops: No
[1,572s][debug][gc,nmethod  ] Register NMethod: java.lang.classfile.ClassHierarchyResolver$1Factory.get (0x00007ab28777e108) [0x00007ab28777e200, 0x00007ab28777e480] Compiler: c1, Barriers: 0, Oops: 0, ImmediateOops: 0, NonImmediateOops: No
[1,572s][debug][gc,nmethod  ] Register NMethod: jdk.internal.classfile.impl.ClassHierarchyImpl$CachedClassHierarchyResolver.<init> (0x00007ab28777e488) [0x00007ab28777e580, 0x00007ab28777e9b8] Compiler: c1, Barriers: 9, Oops: 0, ImmediateOops: 0, NonImmediateOops: No
[1,572s][debug][gc,nmethod  ] Register NMethod: jdk.internal.classfile.impl.StackMapGenerator.detectFrames (0x00007ab28777ea08) [0x00007ab28777eb00, 0x00007ab287782158] Compiler: c1, Barriers: 7, Oops: 1, ImmediateOops: 2, NonImmediateOops: No
[1,573s][debug][gc,nmethod  ] Register NMethod: jdk.internal.classfile.impl.StackMapGenerator$Frame.setLocalsFromArg (0x00007ab287782188) [0x00007ab287782280, 0x00007ab2877847e0] Compiler: c1, Barriers: 24, Oops: 1, ImmediateOops: 13, NonImmediateOops: No
[1,573s][debug][gc,nmethod  ] Register NMethod: jdk.internal.classfile.impl.ClassFileImpl.patchDeadCode (0x00007ab287784808) [0x00007ab287784900, 0x00007ab287784b40] Compiler: c1, Barriers: 2, Oops: 0, ImmediateOops: 0, NonImmediateOops: No
[1,573s][debug][gc,nmethod  ] Register NMethod: jdk.internal.classfile.impl.ClassFileImpl.dropDeadLabels (0x00007ab287784b88) [0x00007ab287784c80, 0x00007ab287784ec0] Compiler: c1, Barriers: 2, Oops: 0, ImmediateOops: 0, NonImmediateOops: No
[1,573s][debug][gc,nmethod  ] Register NMethod: jdk.internal.classfile.impl.StackMapGenerator$Frame.<init> (0x00007ab287784f08) [0x00007ab287785000, 0x00007ab287785168] Compiler: c1, Barriers: 0, Oops: 0, ImmediateOops: 0, NonImmediateOops: No
[1,573s][debug][gc,nmethod  ] Register NMethod: jdk.internal.classfile.impl.ClassHierarchyImpl$CachedClassHierarchyResolver$1.<init> (0x00007ab287785208) [0x00007ab287785300, 0x00007ab287785628] Compiler: c1, Barriers: 3, Oops: 0, ImmediateOops: 0, NonImmediateOops: No
[1,573s][debug][gc,nmethod  ] Register NMethod: jdk.internal.classfile.impl.StackMapGenerator.stackMapTableAttribute (0x00007ab287785688) [0x00007ab287785780, 0x00007ab2877859b8] Compiler: c1, Barriers: 0, Oops: 0, ImmediateOops: 1, NonImmediateOops: No
[1,573s][debug][gc,nmethod  ] Register NMethod: jdk.internal.classfile.impl.StackMapGenerator.isAnyFrameDirty (0x00007ab287785a08) [0x00007ab287785b00, 0x00007ab287785d98] Compiler: c1, Barriers: 2, Oops: 0, ImmediateOops: 0, NonImmediateOops: No
[1,573s][debug][gc,nmethod  ] Register NMethod: jdk.internal.classfile.impl.StackMapGenerator$Frame.<init> (0x00007ab287785e08) [0x00007ab287785f00, 0x00007ab2877863d0] Compiler: c1, Barriers: 12, Oops: 0, ImmediateOops: 0, NonImmediateOops: No
[1,573s][debug][gc,nmethod  ] Register NMethod: sun.invoke.util.Wrapper.basicClassDescriptor (0x00007ab2a6c53d08) [0x00007ab2a6c53e00, 0x00007ab2a6c53ee8] Compiler: c1, Barriers: 1, Oops: 0, ImmediateOops: 0, NonImmediateOops: No
[1,573s][debug][gc,nmethod  ] Register NMethod: jdk.internal.classfile.impl.StackMapGenerator.generate (0x00007ab287786408) [0x00007ab287786500, 0x00007ab287786fc0] Compiler: c1, Barriers: 7, Oops: 0, ImmediateOops: 0, NonImmediateOops: No
[1,573s][debug][gc,nmethod  ] Register NMethod: java.lang.invoke.MethodHandles$Lookup.<init> (0x00007ab287787008) [0x00007ab287787100, 0x00007ab287787370] Compiler: c1, Barriers: 6, Oops: 0, ImmediateOops: 0, NonImmediateOops: No
[1,573s][debug][gc,nmethod  ] Register NMethod: java.lang.invoke.MethodHandle.linkToStatic (0x00007ab2a6c54008) [0x00007ab2a6c54100, 0x00007ab2a6c541f0] Compiler: , Barriers: 0, Oops: 0, ImmediateOops: 0, NonImmediateOops: No
[1,573s][debug][gc,nmethod  ] Register NMethod: jdk.internal.misc.Unsafe.ensureClassInitialized0 (0x00007ab2a6c54308) [0x00007ab2a6c54400, 0x00007ab2a6c54558] Compiler: , Barriers: 0, Oops: 0, ImmediateOops: 0, NonImmediateOops: No
[1,573s][debug][gc,nmethod  ] Register NMethod: jdk.internal.util.DecimalDigits.uncheckedPutCharLatin1 (0x00007ab287787388) [0x00007ab287787480, 0x00007ab287787580] Compiler: c1, Barriers: 0, Oops: 0, ImmediateOops: 0, NonImmediateOops: No
[1,573s][debug][gc,nmethod  ] Register NMethod: java.lang.invoke.MethodHandle.invokeBasic (0x00007ab2a6c54608) [0x00007ab2a6c54700, 0x00007ab2a6c54998] Compiler: , Barriers: 0, Oops: 0, ImmediateOops: 0, NonImmediateOops: No
[1,574s][debug][gc,nmethod  ] Register NMethod: java.lang.invoke.MethodHandle.invokeBasic (0x00007ab2a6c54a08) [0x00007ab2a6c54b00, 0x00007ab2a6c54d98] Compiler: , Barriers: 0, Oops: 0, ImmediateOops: 0, NonImmediateOops: No
[1,574s][debug][gc,nmethod  ] Register NMethod: jdk.internal.constant.ConstantUtils.concat (0x00007ab287787688) [0x00007ab287787780, 0x00007ab287789de8] Compiler: c1, Barriers: 6, Oops: 0, ImmediateOops: 7, NonImmediateOops: No
[1,574s][debug][gc,nmethod  ] Register NMethod: java.lang.System$1.concat (0x00007ab287789e08) [0x00007ab287789f00, 0x00007ab28778c518] Compiler: c1, Barriers: 6, Oops: 0, ImmediateOops: 6, NonImmediateOops: No
[1,574s][debug][gc,nmethod  ] Register NMethod: java.lang.invoke.LambdaFormBuffer.ownedCount (0x00007ab28778c588) [0x00007ab28778c680, 0x00007ab28778c788] Compiler: c1, Barriers: 0, Oops: 0, ImmediateOops: 0, NonImmediateOops: No
[1,574s][debug][gc,nmethod  ] Register NMethod: java.lang.invoke.LambdaForm.useCount (0x00007ab28778c888) [0x00007ab28778c980, 0x00007ab28778ce28] Compiler: c1, Barriers: 4, Oops: 0, ImmediateOops: 0, NonImmediateOops: No
[1,574s][debug][gc,nmethod  ] Register NMethod: java.lang.invoke.MemberName.isMethod (0x00007ab28778ce88) [0x00007ab28778cf80, 0x00007ab28778d138] Compiler: c1, Barriers: 0, Oops: 0, ImmediateOops: 0, NonImmediateOops: No
[1,575s][debug][gc,nmethod  ] Register NMethod: java.util.HashMap$HashIterator.hasNext (0x00007ab2a6c54e08) [0x00007ab2a6c54f00, 0x00007ab2a6c54fb8] Compiler: jvmci, Barriers: 1, Oops: 0, ImmediateOops: 0, NonImmediateOops: No
[1,576s][debug][gc,director ] Rule Major: Warmup 10%, Used: 76MB, UsedThreshold: 1228MB
[1,576s][debug][gc,nmethod  ] Register NMethod: java.lang.CharacterDataLatin1.equalsIgnoreCase (0x00007ab2a6c55108) [0x00007ab2a6c55200, 0x00007ab2a6c552f8] Compiler: jvmci, Barriers: 0, Oops: 0, ImmediateOops: 0, NonImmediateOops: No
[1,577s][debug][gc,nmethod  ] Register NMethod: java.util.concurrent.locks.AbstractQueuedSynchronizer.setState (0x00007ab2a6c55408) [0x00007ab2a6c55500, 0x00007ab2a6c555c8] Compiler: c1, Barriers: 0, Oops: 0, ImmediateOops: 0, NonImmediateOops: No
[1,582s][debug][gc,nmethod  ] Register NMethod: java.lang.StringBuilder.length (0x00007ab2a6c55708) [0x00007ab2a6c55800, 0x00007ab2a6c55888] Compiler: jvmci, Barriers: 0, Oops: 0, ImmediateOops: 0, NonImmediateOops: No
[1,583s][debug][gc,nmethod  ] Register NMethod: sun.nio.fs.UnixFileSystem.provider (0x00007ab2a6c55a08) [0x00007ab2a6c55b00, 0x00007ab2a6c55be8] Compiler: c1, Barriers: 1, Oops: 0, ImmediateOops: 0, NonImmediateOops: No
[1,583s][debug][gc,nmethod  ] Register NMethod: sun.nio.fs.UnixFileSystem.needToResolveAgainstDefaultDirectory (0x00007ab2a6c55d08) [0x00007ab2a6c55e00, 0x00007ab2a6c55ec0] Compiler: c1, Barriers: 0, Oops: 0, ImmediateOops: 0, NonImmediateOops: No
[1,583s][debug][gc,nmethod  ] Register NMethod: sun.nio.fs.NativeBuffer.size (0x00007ab2a6c56008) [0x00007ab2a6c56100, 0x00007ab2a6c561c0] Compiler: c1, Barriers: 0, Oops: 0, ImmediateOops: 0, NonImmediateOops: No
[1,583s][debug][gc,nmethod  ] Register NMethod: sun.nio.fs.NativeBuffer.owner (0x00007ab2a6c56308) [0x00007ab2a6c56400, 0x00007ab2a6c564e8] Compiler: c1, Barriers: 1, Oops: 0, ImmediateOops: 0, NonImmediateOops: No
[1,583s][debug][gc,nmethod  ] Register NMethod: sun.nio.fs.NativeBuffer.setOwner (0x00007ab2a6c56608) [0x00007ab2a6c56700, 0x00007ab2a6c56830] Compiler: c1, Barriers: 3, Oops: 0, ImmediateOops: 0, NonImmediateOops: No
[1,585s][debug][gc,nmethod  ] Register NMethod: java.lang.StringLatin1.regionMatchesCI (0x00007ab2a6c56908) [0x00007ab2a6c56a00, 0x00007ab2a6c56bd0] Compiler: jvmci, Barriers: 0, Oops: 0, ImmediateOops: 0, NonImmediateOops: No
[1,585s][debug][gc,nmethod  ] Register NMethod: java.lang.String.regionMatches (0x00007ab2a6c56c08) [0x00007ab2a6c56d00, 0x00007ab2a6c57040] Compiler: jvmci, Barriers: 2, Oops: 0, ImmediateOops: 0, NonImmediateOops: No
[1,585s][debug][gc,nmethod  ] Register NMethod: java.lang.invoke.MethodHandleNatives.refKindHasReceiver (0x00007ab28778d188) [0x00007ab28778d280, 0x00007ab28778d3c0] Compiler: c1, Barriers: 0, Oops: 0, ImmediateOops: 0, NonImmediateOops: No
[1,586s][debug][gc,director ] Rule Major: Warmup 10%, Used: 76MB, UsedThreshold: 1228MB
[1,586s][debug][gc,nmethod  ] Register NMethod: jdk.internal.classfile.impl.Util$1WithCodeMethodHandler.<init> (0x00007ab28778d488) [0x00007ab28778d580, 0x00007ab28778d7b0] Compiler: c1, Barriers: 3, Oops: 0, ImmediateOops: 0, NonImmediateOops: No
[1,586s][debug][gc,nmethod  ] Register NMethod: jdk.internal.classfile.impl.Util.buildingCode (0x00007ab28778d808) [0x00007ab28778d900, 0x00007ab28778dbc0] Compiler: c1, Barriers: 3, Oops: 0, ImmediateOops: 0, NonImmediateOops: No
[1,586s][debug][gc,nmethod  ] Register NMethod: jdk.internal.classfile.impl.Util$1WithCodeMethodHandler.accept (0x00007ab28778dc08) [0x00007ab28778dd00, 0x00007ab28778e350] Compiler: c1, Barriers: 1, Oops: 0, ImmediateOops: 0, NonImmediateOops: No
[1,586s][debug][gc,nmethod  ] Register NMethod: jdk.internal.classfile.impl.Util$1WithCodeMethodHandler.accept (0x00007ab28778e388) [0x00007ab28778e480, 0x00007ab28778e6a0] Compiler: c1, Barriers: 1, Oops: 0, ImmediateOops: 0, NonImmediateOops: No
[1,586s][debug][gc,nmethod  ] Register NMethod: java.lang.classfile.ClassBuilder.withMethodBody (0x00007ab28778e708) [0x00007ab28778e800, 0x00007ab28778ed78] Compiler: c1, Barriers: 3, Oops: 0, ImmediateOops: 0, NonImmediateOops: No
[1,588s][debug][gc,nmethod  ] Register NMethod: java.util.HashMap.calculateHashMapCapacity (0x00007ab28778ed88) [0x00007ab28778eea0, 0x00007ab28778f038] Compiler: c1, Barriers: 0, Oops: 0, ImmediateOops: 0, NonImmediateOops: No
[1,588s][debug][gc,nmethod  ] Register NMethod: java.nio.HeapByteBuffer.ix (0x00007ab28778f088) [0x00007ab28778f180, 0x00007ab28778f288] Compiler: c1, Barriers: 0, Oops: 0, ImmediateOops: 0, NonImmediateOops: No
[1,588s][debug][gc,nmethod  ] Register NMethod: java.lang.StringLatin1.inflate (0x00007ab28778f388) [0x00007ab28778f480, 0x00007ab28778f670] Compiler: c1, Barriers: 0, Oops: 0, ImmediateOops: 0, NonImmediateOops: No
[1,591s][debug][gc,nmethod  ] Register NMethod: java.lang.invoke.MethodHandle.linkToStatic (0x00007ab2a6c57088) [0x00007ab2a6c57180, 0x00007ab2a6c57270] Compiler: , Barriers: 0, Oops: 0, ImmediateOops: 0, NonImmediateOops: No
[1,592s][debug][gc,nmethod  ] Register NMethod: java.lang.invoke.MethodHandle.linkToStatic (0x00007ab2a6c57388) [0x00007ab2a6c57480, 0x00007ab2a6c57570] Compiler: , Barriers: 0, Oops: 0, ImmediateOops: 0, NonImmediateOops: No
[1,592s][debug][gc,nmethod  ] Register NMethod: java.lang.invoke.MethodHandle.linkToStatic (0x00007ab2a6c57688) [0x00007ab2a6c57780, 0x00007ab2a6c57870] Compiler: , Barriers: 0, Oops: 0, ImmediateOops: 0, NonImmediateOops: No
[1,594s][debug][gc,nmethod  ] Register NMethod: java.util.jar.Manifest$FastInputStream.readLine (0x00007ab2a6c57988) [0x00007ab2a6c57a80, 0x00007ab2a6c58370] Compiler: jvmci, Barriers: 3, Oops: 0, ImmediateOops: 0, NonImmediateOops: No
[1,594s][debug][gc,nmethod  ] Register NMethod: java.lang.invoke.MethodHandle.linkToSpecial (0x00007ab2a6c58388) [0x00007ab2a6c58480, 0x00007ab2a6c58578] Compiler: , Barriers: 0, Oops: 0, ImmediateOops: 0, NonImmediateOops: No
[1,594s][debug][gc,nmethod  ] Register NMethod: java.lang.invoke.MethodHandle.invokeBasic (0x00007ab2a6c58688) [0x00007ab2a6c58780, 0x00007ab2a6c58a18] Compiler: , Barriers: 0, Oops: 0, ImmediateOops: 0, NonImmediateOops: No
[1,595s][debug][gc,nmethod  ] Register NMethod: java.lang.invoke.MethodHandle.linkToSpecial (0x00007ab2a6c58a88) [0x00007ab2a6c58b80, 0x00007ab2a6c58c78] Compiler: , Barriers: 0, Oops: 0, ImmediateOops: 0, NonImmediateOops: No
[1,595s][debug][gc,nmethod  ] Register NMethod: java.lang.invoke.MethodHandleStatics.dumper (0x00007ab28778f688) [0x00007ab28778f780, 0x00007ab28778f868] Compiler: c1, Barriers: 0, Oops: 0, ImmediateOops: 1, NonImmediateOops: No
[1,595s][debug][gc,nmethod  ] Register NMethod: java.lang.invoke.MethodHandle.linkToInterface (0x00007ab2a6c58d88) [0x00007ab2a6c58e80, 0x00007ab2a6c58fb0] Compiler: , Barriers: 0, Oops: 0, ImmediateOops: 0, NonImmediateOops: No
[1,596s][debug][gc,director ] Rule Major: Warmup 10%, Used: 78MB, UsedThreshold: 1228MB
[1,596s][debug][gc,nmethod  ] Register NMethod: java.lang.invoke.MethodHandle.linkToStatic (0x00007ab2a6c59088) [0x00007ab2a6c59180, 0x00007ab2a6c59270] Compiler: , Barriers: 0, Oops: 0, ImmediateOops: 0, NonImmediateOops: No
[1,596s][debug][gc,nmethod  ] Register NMethod: java.lang.invoke.MethodHandle.linkToStatic (0x00007ab2a6c59388) [0x00007ab2a6c59480, 0x00007ab2a6c59570] Compiler: , Barriers: 0, Oops: 0, ImmediateOops: 0, NonImmediateOops: No
[1,596s][debug][gc,nmethod  ] Register NMethod: jdk.internal.classfile.impl.DirectClassBuilder.with (0x00007ab28778f988) [0x00007ab28778fa80, 0x00007ab287790ca0] Compiler: c1, Barriers: 2, Oops: 0, ImmediateOops: 0, NonImmediateOops: No
[1,596s][debug][gc,nmethod  ] Register NMethod: jdk.internal.classfile.impl.DirectClassBuilder.with (0x00007ab287790d08) [0x00007ab287790e00, 0x00007ab287791be0] Compiler: c1, Barriers: 2, Oops: 0, ImmediateOops: 0, NonImmediateOops: No
[1,597s][debug][gc,nmethod  ] Register NMethod: jdk.internal.constant.ConstantUtils.dropFirstAndLastChar (0x00007ab287791c08) [0x00007ab287791d00, 0x00007ab287792480] Compiler: c1, Barriers: 1, Oops: 0, ImmediateOops: 0, NonImmediateOops: No
[1,598s][debug][gc,nmethod  ] Register NMethod: java.util.KeyValueHolder.<init> (0x00007ab287792488) [0x00007ab287792580, 0x00007ab287792a48] Compiler: c1, Barriers: 6, Oops: 0, ImmediateOops: 0, NonImmediateOops: No
[1,599s][debug][gc,nmethod  ] Register NMethod: java.lang.invoke.MethodHandles$Lookup.isArrayClone (0x00007ab287792a88) [0x00007ab287792b80, 0x00007ab287793df8] Compiler: c1, Barriers: 7, Oops: 0, ImmediateOops: 2, NonImmediateOops: No
[1,600s][debug][gc,nmethod  ] Register NMethod: sun.invoke.util.VerifyAccess.isMemberAccessible (0x00007ab287793e08) [0x00007ab287793f00, 0x00007ab2877964e8] Compiler: c1, Barriers: 0, Oops: 1, ImmediateOops: 2, NonImmediateOops: No
[1,600s][debug][gc,nmethod  ] Register NMethod: jdk.internal.classfile.impl.DirectCodeBuilder$4.tryGenerateStackMaps (0x00007ab287796508) [0x00007ab287796600, 0x00007ab287796c60] Compiler: c1, Barriers: 0, Oops: 0, ImmediateOops: 0, NonImmediateOops: No
[1,600s][debug][gc,nmethod  ] Register NMethod: jdk.internal.classfile.impl.DirectCodeBuilder$4.generateStackMaps (0x00007ab287796c88) [0x00007ab287796d80, 0x00007ab2877978a0] Compiler: c1, Barriers: 2, Oops: 0, ImmediateOops: 1, NonImmediateOops: No
[1,600s][debug][gc,nmethod  ] Register NMethod: java.lang.invoke.MethodHandleNatives.canBeCalledVirtual (0x00007ab287797908) [0x00007ab287797a00, 0x00007ab287798498] Compiler: c1, Barriers: 5, Oops: 0, ImmediateOops: 2, NonImmediateOops: No
[1,600s][debug][gc,nmethod  ] Register NMethod: java.lang.invoke.MethodHandleNatives.isCallerSensitive (0x00007ab287798508) [0x00007ab287798600, 0x00007ab287798d88] Compiler: c1, Barriers: 0, Oops: 0, ImmediateOops: 0, NonImmediateOops: No
[1,601s][debug][gc,nmethod  ] Register NMethod: jdk.internal.classfile.impl.SplitConstantPool.tryFindUtf8 (0x00007ab2a6c59688) [0x00007ab2a6c597a0, 0x00007ab2a6c5a0a8] Compiler: jvmci, Barriers: 12, Oops: 0, ImmediateOops: 2, NonImmediateOops: No
[1,601s][debug][gc,nmethod  ] Register NMethod: jdk.internal.classfile.impl.BufWriterImpl.cpIndex (0x00007ab2a6c5a108) [0x00007ab2a6c5a200, 0x00007ab2a6c5a6c8] Compiler: jvmci, Barriers: 6, Oops: 0, ImmediateOops: 0, NonImmediateOops: No
[1,602s][debug][gc,nmethod  ] Register NMethod: java.lang.invoke.MethodHandle.linkToStatic (0x00007ab2a6c5a708) [0x00007ab2a6c5a800, 0x00007ab2a6c5a8f8] Compiler: , Barriers: 0, Oops: 0, ImmediateOops: 0, NonImmediateOops: No
[1,602s][debug][gc,nmethod  ] Register NMethod: java.lang.invoke.MethodHandle.linkToSpecial (0x00007ab2a6c5aa08) [0x00007ab2a6c5ab00, 0x00007ab2a6c5abf8] Compiler: , Barriers: 0, Oops: 0, ImmediateOops: 0, NonImmediateOops: No
[1,602s][debug][gc,nmethod  ] Register NMethod: java.lang.classfile.TypeKind.from (0x00007ab287798e08) [0x00007ab287798f00, 0x00007ab287799490] Compiler: c1, Barriers: 0, Oops: 0, ImmediateOops: 1, NonImmediateOops: No
[1,602s][debug][gc,nmethod  ] Register NMethod: java.lang.invoke.MethodHandle.invokeBasic (0x00007ab2a6c5ad08) [0x00007ab2a6c5ae00, 0x00007ab2a6c5b098] Compiler: , Barriers: 0, Oops: 0, ImmediateOops: 0, NonImmediateOops: No
[1,602s][debug][gc,nmethod  ] Register NMethod: java.lang.invoke.MethodHandle.linkToSpecial (0x00007ab2a6c5b108) [0x00007ab2a6c5b200, 0x00007ab2a6c5b2f8] Compiler: , Barriers: 0, Oops: 0, ImmediateOops: 0, NonImmediateOops: No
[1,602s][debug][gc,nmethod  ] Register NMethod: java.lang.invoke.MethodHandle.linkToStatic (0x00007ab2a6c5b408) [0x00007ab2a6c5b500, 0x00007ab2a6c5b5f8] Compiler: , Barriers: 0, Oops: 0, ImmediateOops: 0, NonImmediateOops: No
[1,602s][debug][gc,nmethod  ] Register NMethod: java.lang.invoke.MethodHandleNatives.findMethodHandleType (0x00007ab287799508) [0x00007ab287799600, 0x00007ab287799718] Compiler: c1, Barriers: 0, Oops: 0, ImmediateOops: 0, NonImmediateOops: No
[1,602s][debug][gc,nmethod  ] Register NMethod: sun.invoke.util.Wrapper.isIntegral (0x00007ab287799808) [0x00007ab287799900, 0x00007ab287799ce8] Compiler: c1, Barriers: 0, Oops: 0, ImmediateOops: 0, NonImmediateOops: No
[1,602s][debug][gc,nmethod  ] Register NMethod: sun.invoke.util.Wrapper.isSubwordOrInt (0x00007ab287799d08) [0x00007ab287799e00, 0x00007ab28779a6e0] Compiler: c1, Barriers: 0, Oops: 0, ImmediateOops: 0, NonImmediateOops: No
[1,603s][debug][gc,nmethod  ] Register NMethod: sun.invoke.util.Wrapper.isNumeric (0x00007ab28779a708) [0x00007ab28779a800, 0x00007ab28779a950] Compiler: c1, Barriers: 0, Oops: 0, ImmediateOops: 0, NonImmediateOops: No
[1,603s][debug][gc,nmethod  ] Register NMethod: sun.invoke.util.Wrapper.isSingleWord (0x00007ab28779aa08) [0x00007ab28779ab00, 0x00007ab28779ac50] Compiler: c1, Barriers: 0, Oops: 0, ImmediateOops: 0, NonImmediateOops: No
[1,603s][debug][gc,nmethod  ] Register NMethod: java.lang.invoke.MethodHandle.linkToSpecial (0x00007ab2a6c5b708) [0x00007ab2a6c5b800, 0x00007ab2a6c5b8f8] Compiler: , Barriers: 0, Oops: 0, ImmediateOops: 0, NonImmediateOops: No
[1,603s][debug][gc,nmethod  ] Register NMethod: java.lang.invoke.MethodHandle.invokeBasic (0x00007ab2a6c5ba08) [0x00007ab2a6c5bb00, 0x00007ab2a6c5bd98] Compiler: , Barriers: 0, Oops: 0, ImmediateOops: 0, NonImmediateOops: No
[1,603s][debug][gc,nmethod  ] Register NMethod: java.lang.invoke.MethodHandle.linkToSpecial (0x00007ab2a6c5be08) [0x00007ab2a6c5bf00, 0x00007ab2a6c5bff8] Compiler: , Barriers: 0, Oops: 0, ImmediateOops: 0, NonImmediateOops: No
[1,603s][debug][gc,nmethod  ] Register NMethod: jdk.internal.classfile.impl.StackMapGenerator.processFieldInstructions (0x00007ab28779ad08) [0x00007ab28779ae00, 0x00007ab28779e9b8] Compiler: c1, Barriers: 10, Oops: 2, ImmediateOops: 13, NonImmediateOops: No
[1,603s][debug][gc,nmethod  ] Register NMethod: sun.invoke.util.VerifyAccess.ensureTypeVisible (0x00007ab28779ea08) [0x00007ab28779eb00, 0x00007ab28779f4d0] Compiler: c1, Barriers: 4, Oops: 0, ImmediateOops: 0, NonImmediateOops: No
[1,603s][debug][gc,nmethod  ] Register NMethod: java.lang.classfile.attribute.StackMapFrameInfo.of (0x00007ab28779f508) [0x00007ab28779f600, 0x00007ab28779f798] Compiler: c1, Barriers: 0, Oops: 0, ImmediateOops: 0, NonImmediateOops: No
[1,603s][debug][gc,nmethod  ] Register NMethod: jdk.internal.classfile.impl.StackMapDecoder$StackMapFrameImpl.<init> (0x00007ab28779f808) [0x00007ab28779f900, 0x00007ab28779fea0] Compiler: c1, Barriers: 9, Oops: 0, ImmediateOops: 0, NonImmediateOops: No
[1,603s][debug][gc,nmethod  ] Register NMethod: java.lang.invoke.MethodHandleNatives.refKindIsMethod (0x00007ab28779ff08) [0x00007ab2877a0000, 0x00007ab2877a0210] Compiler: c1, Barriers: 0, Oops: 0, ImmediateOops: 0, NonImmediateOops: No
[1,604s][debug][gc,nmethod  ] Register NMethod: jdk.internal.classfile.impl.StackMapDecoder.writeFrame (0x00007ab2877a0288) [0x00007ab2877a0380, 0x00007ab2877a4f08] Compiler: c1, Barriers: 15, Oops: 0, ImmediateOops: 1, NonImmediateOops: No
[1,605s][debug][gc,nmethod  ] Register NMethod: java.lang.classfile.CodeBuilder.invoke (0x00007ab2877a4f88) [0x00007ab2877a5080, 0x00007ab2877a5818] Compiler: c1, Barriers: 2, Oops: 0, ImmediateOops: 0, NonImmediateOops: No
[1,606s][debug][gc,nmethod  ] Register NMethod: jdk.internal.classfile.impl.DirectCodeBuilder.invoke (0x00007ab2877a5888) [0x00007ab2877a5980, 0x00007ab2877a87c8] Compiler: c1, Barriers: 7, Oops: 0, ImmediateOops: 1, NonImmediateOops: No
[1,606s][debug][gc,director ] Rule Major: Warmup 10%, Used: 78MB, UsedThreshold: 1228MB
[1,606s][debug][gc,nmethod  ] Register NMethod: jdk.internal.util.StrongReferenceKey.hashCode (0x00007ab2a6c5c108) [0x00007ab2a6c5c200, 0x00007ab2a6c5c760] Compiler: jvmci, Barriers: 8, Oops: 0, ImmediateOops: 0, NonImmediateOops: No
[1,608s][debug][gc,nmethod  ] Register NMethod: java.lang.invoke.MethodHandles$Lookup.in (0x00007ab2877a8808) [0x00007ab2877a8900, 0x00007ab2877ac510] Compiler: c1, Barriers: 9, Oops: 2, ImmediateOops: 6, NonImmediateOops: No
[1,610s][debug][gc,nmethod  ] Register NMethod: java.lang.invoke.MethodHandle.linkToInterface (0x00007ab2a6c5c788) [0x00007ab2a6c5c880, 0x00007ab2a6c5c9b0] Compiler: , Barriers: 0, Oops: 0, ImmediateOops: 0, NonImmediateOops: No
[1,610s][debug][gc,nmethod  ] Register NMethod: java.util.Objects.hash (0x00007ab2877ac588) [0x00007ab2877ac680, 0x00007ab2877ac840] Compiler: c1, Barriers: 0, Oops: 0, ImmediateOops: 0, NonImmediateOops: No
[1,611s][debug][gc,nmethod  ] Register NMethod: java.util.List.of (0x00007ab2877ac888) [0x00007ab2877ac980, 0x00007ab2877aca68] Compiler: c1, Barriers: 0, Oops: 0, ImmediateOops: 1, NonImmediateOops: No
[1,612s][debug][gc,nmethod  ] Register NMethod: java.lang.Enum.equals (0x00007ab2877acb88) [0x00007ab2877acc80, 0x00007ab2877acdd0] Compiler: c1, Barriers: 0, Oops: 0, ImmediateOops: 0, NonImmediateOops: No
[1,613s][debug][gc,nmethod  ] Register NMethod: jdk.internal.classfile.impl.DirectCodeBuilder$4.writeBody (0x00007ab2877ace88) [0x00007ab2877acf80, 0x00007ab2877b1838] Compiler: c1, Barriers: 36, Oops: 1, ImmediateOops: 7, NonImmediateOops: No
[1,614s][debug][gc,nmethod  ] Register NMethod: jdk.internal.classfile.impl.DirectCodeBuilder.return_ (0x00007ab2877b1888) [0x00007ab2877b1980, 0x00007ab2877b1cc8] Compiler: c1, Barriers: 1, Oops: 0, ImmediateOops: 0, NonImmediateOops: No
[1,614s][debug][gc,nmethod  ] Register NMethod: java.lang.invoke.AbstractValidatingLambdaMetafactory.isAdaptableTo (0x00007ab2877b1d08) [0x00007ab2877b1e00, 0x00007ab2877b39d0] Compiler: c1, Barriers: 2, Oops: 0, ImmediateOops: 0, NonImmediateOops: No
[1,614s][debug][gc,nmethod  ] Register NMethod: jdk.internal.classfile.impl.TerminalCodeBuilder.setupTopLocal (0x00007ab2877b3a08) [0x00007ab2877b3b00, 0x00007ab2877b5d60] Compiler: c1, Barriers: 0, Oops: 1, ImmediateOops: 3, NonImmediateOops: No
[1,614s][debug][gc,nmethod  ] Register NMethod: jdk.internal.classfile.impl.DirectClassBuilder.setInterfaces (0x00007ab2a6c5ca88) [0x00007ab2a6c5cb80, 0x00007ab2a6c5ccb0] Compiler: c1, Barriers: 3, Oops: 0, ImmediateOops: 0, NonImmediateOops: No
[1,614s][debug][gc,nmethod  ] Register NMethod: java.util.Collections.emptyList (0x00007ab2877b5d88) [0x00007ab2877b5e80, 0x00007ab2877b5f68] Compiler: c1, Barriers: 0, Oops: 0, ImmediateOops: 1, NonImmediateOops: No
[1,614s][debug][gc,nmethod  ] Register NMethod: sun.invoke.util.Wrapper.isDoubleWord (0x00007ab2877b6088) [0x00007ab2877b6180, 0x00007ab2877b62d0] Compiler: c1, Barriers: 0, Oops: 0, ImmediateOops: 0, NonImmediateOops: No
[1,615s][debug][gc,nmethod  ] Register NMethod: java.lang.invoke.MethodHandle.linkToVirtual (0x00007ab2a6c5cd88) [0x00007ab2a6c5ce80, 0x00007ab2a6c5cea8] Compiler: , Barriers: 0, Oops: 0, ImmediateOops: 0, NonImmediateOops: No
[1,615s][debug][gc,nmethod  ] Register NMethod: java.lang.reflect.Modifier.isPrivate (0x00007ab2877b6388) [0x00007ab2877b6480, 0x00007ab2877b65b0] Compiler: c1, Barriers: 0, Oops: 0, ImmediateOops: 0, NonImmediateOops: No
[1,615s][debug][gc,nmethod  ] Register NMethod: java.lang.invoke.DirectMethodHandle$Constructor.<init> (0x00007ab2877b6688) [0x00007ab2877b6780, 0x00007ab2877b69d0] Compiler: c1, Barriers: 6, Oops: 0, ImmediateOops: 0, NonImmediateOops: No
[1,616s][debug][gc,nmethod  ] Register NMethod: jdk.internal.classfile.impl.StackMapGenerator.of (0x00007ab2877b6a08) [0x00007ab2877b6b00, 0x00007ab2877b7e88] Compiler: c1, Barriers: 12, Oops: 0, ImmediateOops: 0, NonImmediateOops: No
[1,616s][debug][gc,nmethod  ] Register NMethod: java.lang.invoke.MethodHandleNatives.isPullModeBSM (0x00007ab2a6c5d088) [0x00007ab2a6c5d180, 0x00007ab2a6c5d220] Compiler: c1, Barriers: 0, Oops: 0, ImmediateOops: 0, NonImmediateOops: No
[1,616s][debug][gc,nmethod  ] Register NMethod: java.lang.invoke.ConstantCallSite.getTarget (0x00007ab2877b7f08) [0x00007ab2877b8000, 0x00007ab2877b8238] Compiler: c1, Barriers: 1, Oops: 0, ImmediateOops: 0, NonImmediateOops: No
[1,616s][debug][gc,director ] Rule Major: Warmup 10%, Used: 80MB, UsedThreshold: 1228MB
[1,616s][debug][gc,nmethod  ] Register NMethod: java.lang.invoke.MethodHandle.linkToStatic (0x00007ab2a6c5d388) [0x00007ab2a6c5d480, 0x00007ab2a6c5d578] Compiler: , Barriers: 0, Oops: 0, ImmediateOops: 0, NonImmediateOops: No
[1,616s][debug][gc,nmethod  ] Register NMethod: java.lang.invoke.LambdaForm$NamedFunction.intrinsicName (0x00007ab2877b8288) [0x00007ab2877b8380, 0x00007ab2877b8728] Compiler: c1, Barriers: 1, Oops: 0, ImmediateOops: 1, NonImmediateOops: No
[1,616s][debug][gc,nmethod  ] Register NMethod: java.lang.invoke.InvokerBytecodeGenerator.emitStoreResult (0x00007ab2877b8788) [0x00007ab2877b8880, 0x00007ab2877b8f38] Compiler: c1, Barriers: 3, Oops: 0, ImmediateOops: 1, NonImmediateOops: No
[1,617s][debug][gc,nmethod  ] Register NMethod: java.lang.invoke.InvokerBytecodeGenerator.emitPushArguments (0x00007ab2877b8f88) [0x00007ab2877b9080, 0x00007ab2877b9ca0] Compiler: c1, Barriers: 12, Oops: 0, ImmediateOops: 0, NonImmediateOops: No
[1,617s][debug][gc,nmethod  ] Register NMethod: jdk.internal.classfile.impl.DirectClassBuilder.withField (0x00007ab2877b9d08) [0x00007ab2877b9e00, 0x00007ab2877ba220] Compiler: c1, Barriers: 2, Oops: 0, ImmediateOops: 0, NonImmediateOops: No
[1,617s][debug][gc,nmethod  ] Register NMethod: java.lang.invoke.MethodHandle.linkToSpecial (0x00007ab2a6c5d688) [0x00007ab2a6c5d780, 0x00007ab2a6c5d878] Compiler: , Barriers: 0, Oops: 0, ImmediateOops: 0, NonImmediateOops: No
[1,617s][debug][gc,nmethod  ] Register NMethod: jdk.internal.classfile.impl.DirectClassBuilder.withField (0x00007ab2877ba288) [0x00007ab2877ba380, 0x00007ab2877bad38] Compiler: c1, Barriers: 9, Oops: 0, ImmediateOops: 0, NonImmediateOops: No
[1,617s][debug][gc,nmethod  ] Register NMethod: jdk.internal.classfile.impl.DirectFieldBuilder.<init> (0x00007ab2877bad88) [0x00007ab2877bae80, 0x00007ab2877bbd48] Compiler: c1, Barriers: 21, Oops: 0, ImmediateOops: 1, NonImmediateOops: No
[1,617s][debug][gc,nmethod  ] Register NMethod: jdk.internal.classfile.impl.AbstractPoolEntry$FieldRefEntryImpl.<init> (0x00007ab2877bbd88) [0x00007ab2877bbe80, 0x00007ab2877bbfd0] Compiler: c1, Barriers: 0, Oops: 0, ImmediateOops: 0, NonImmediateOops: No
[1,617s][debug][gc,nmethod  ] Register NMethod: java.lang.invoke.MethodHandle.invokeBasic (0x00007ab2a6c5d988) [0x00007ab2a6c5da80, 0x00007ab2a6c5dd18] Compiler: , Barriers: 0, Oops: 0, ImmediateOops: 0, NonImmediateOops: No
[1,617s][debug][gc,nmethod  ] Register NMethod: java.lang.invoke.MethodHandle.linkToSpecial (0x00007ab2a6c5dd88) [0x00007ab2a6c5de80, 0x00007ab2a6c5df78] Compiler: , Barriers: 0, Oops: 0, ImmediateOops: 0, NonImmediateOops: No
[1,617s][debug][gc,nmethod  ] Register NMethod: java.lang.ref.SoftReference.<init> (0x00007ab2877bc088) [0x00007ab2877bc180, 0x00007ab2877bc4c8] Compiler: c1, Barriers: 6, Oops: 0, ImmediateOops: 2, NonImmediateOops: No
[1,617s][debug][gc,nmethod  ] Register NMethod: java.lang.invoke.LambdaForm$NamedFunction.member (0x00007ab2877bc508) [0x00007ab2877bc600, 0x00007ab2877bc740] Compiler: c1, Barriers: 1, Oops: 0, ImmediateOops: 0, NonImmediateOops: No
[1,617s][debug][gc,nmethod  ] Register NMethod: java.lang.invoke.MemberName.isPrivate (0x00007ab2877bc808) [0x00007ab2877bc900, 0x00007ab2877bcab0] Compiler: c1, Barriers: 0, Oops: 0, ImmediateOops: 0, NonImmediateOops: No
[1,617s][debug][gc,nmethod  ] Register NMethod: java.lang.invoke.MethodHandle.linkToStatic (0x00007ab2a6c5e088) [0x00007ab2a6c5e180, 0x00007ab2a6c5e270] Compiler: , Barriers: 0, Oops: 0, ImmediateOops: 0, NonImmediateOops: No
[1,618s][debug][gc,nmethod  ] Register NMethod: java.lang.invoke.InvokerBytecodeGenerator.refKindOpcode (0x00007ab2877bcb08) [0x00007ab2877bcc00, 0x00007ab2877bdb20] Compiler: c1, Barriers: 0, Oops: 1, ImmediateOops: 10, NonImmediateOops: No
[1,618s][debug][gc,nmethod  ] Register NMethod: java.lang.invoke.MethodHandle.linkToSpecial (0x00007ab2a6c5e388) [0x00007ab2a6c5e480, 0x00007ab2a6c5e578] Compiler: , Barriers: 0, Oops: 0, ImmediateOops: 0, NonImmediateOops: No
[1,618s][debug][gc,nmethod  ] Register NMethod: jdk.internal.classfile.impl.DirectFieldBuilder.writeTo (0x00007ab2877bdb88) [0x00007ab2877bdc80, 0x00007ab2877c2290] Compiler: c1, Barriers: 5, Oops: 1, ImmediateOops: 6, NonImmediateOops: No
[1,618s][debug][gc,nmethod  ] Register NMethod: java.lang.Byte.<init> (0x00007ab2877c2308) [0x00007ab2877c2400, 0x00007ab2877c25c0] Compiler: c1, Barriers: 0, Oops: 0, ImmediateOops: 0, NonImmediateOops: No
[1,618s][debug][gc,nmethod  ] Register NMethod: java.lang.invoke.LambdaForm.normalizeNames (0x00007ab2877c2608) [0x00007ab2877c2700, 0x00007ab2877c4398] Compiler: c1, Barriers: 14, Oops: 0, ImmediateOops: 0, NonImmediateOops: No
[1,618s][debug][gc,nmethod  ] Register NMethod: java.lang.invoke.MethodHandle.invokeBasic (0x00007ab2a6c5e688) [0x00007ab2a6c5e780, 0x00007ab2a6c5ea18] Compiler: , Barriers: 0, Oops: 0, ImmediateOops: 0, NonImmediateOops: No
[1,618s][debug][gc,nmethod  ] Register NMethod: java.lang.invoke.InvokerBytecodeGenerator.emitStaticInvoke (0x00007ab2877c4408) [0x00007ab2877c4500, 0x00007ab2877c6be8] Compiler: c1, Barriers: 9, Oops: 0, ImmediateOops: 2, NonImmediateOops: No
[1,618s][debug][gc,nmethod  ] Register NMethod: java.lang.invoke.MethodHandle.linkToSpecial (0x00007ab2a6c5ea88) [0x00007ab2a6c5eb80, 0x00007ab2a6c5ec78] Compiler: , Barriers: 0, Oops: 0, ImmediateOops: 0, NonImmediateOops: No
[1,618s][debug][gc,nmethod  ] Register NMethod: java.lang.Number.<init> (0x00007ab2a6c5ed88) [0x00007ab2a6c5ee80, 0x00007ab2a6c5ef00] Compiler: jvmci, Barriers: 0, Oops: 0, ImmediateOops: 0, NonImmediateOops: No
[1,618s][debug][gc,nmethod  ] Register NMethod: java.lang.invoke.InvokerBytecodeGenerator.isStaticallyInvocable (0x00007ab2877c6c08) [0x00007ab2877c6d00, 0x00007ab2877c9bf8] Compiler: c1, Barriers: 4, Oops: 0, ImmediateOops: 3, NonImmediateOops: No
[1,618s][debug][gc,nmethod  ] Register NMethod: java.lang.Short.<init> (0x00007ab2877c9c08) [0x00007ab2877c9d00, 0x00007ab2877c9ec0] Compiler: c1, Barriers: 0, Oops: 0, ImmediateOops: 0, NonImmediateOops: No
[1,618s][debug][gc,nmethod  ] Register NMethod: java.lang.invoke.MethodHandle.linkToNative (0x00007ab2a6c5f088) [0x00007ab2a6c5f180, 0x00007ab2a6c5f190] Compiler: , Barriers: 0, Oops: 0, ImmediateOops: 0, NonImmediateOops: No
[1,619s][debug][gc,nmethod  ] Register NMethod: java.lang.invoke.MethodHandle.linkToStatic (0x00007ab2a6c5f388) [0x00007ab2a6c5f480, 0x00007ab2a6c5f570] Compiler: , Barriers: 0, Oops: 0, ImmediateOops: 0, NonImmediateOops: No
[1,619s][debug][gc,nmethod  ] Register NMethod: java.lang.invoke.InnerClassLambdaMetafactory.argName (0x00007ab2877c9f08) [0x00007ab2877ca000, 0x00007ab2877cac78] Compiler: c1, Barriers: 1, Oops: 1, ImmediateOops: 3, NonImmediateOops: No
[1,620s][debug][gc,nmethod  ] Register NMethod: java.lang.Integer.compare (0x00007ab2877cac88) [0x00007ab2877cad80, 0x00007ab2877caf30] Compiler: c1, Barriers: 0, Oops: 0, ImmediateOops: 0, NonImmediateOops: No
[1,620s][debug][gc,nmethod  ] Register NMethod: jdk.internal.classfile.impl.StackMapDecoder$1.compare (0x00007ab2877caf88) [0x00007ab2877cb080, 0x00007ab2877cb840] Compiler: c1, Barriers: 4, Oops: 0, ImmediateOops: 0, NonImmediateOops: No
[1,620s][debug][gc,nmethod  ] Register NMethod: jdk.internal.classfile.impl.DirectCodeBuilder.parameterSlot (0x00007ab2877cb888) [0x00007ab2877cb980, 0x00007ab2877cbcc0] Compiler: c1, Barriers: 1, Oops: 0, ImmediateOops: 0, NonImmediateOops: No
[1,620s][debug][gc,nmethod  ] Register NMethod: jdk.internal.classfile.impl.StackMapDecoder$1.compare (0x00007ab2877cbd08) [0x00007ab2877cbe00, 0x00007ab2877cca70] Compiler: c1, Barriers: 4, Oops: 0, ImmediateOops: 0, NonImmediateOops: No
[1,620s][debug][gc,nmethod  ] Register NMethod: jdk.internal.classfile.impl.DirectMethodBuilder.parameterSlot (0x00007ab2877cca88) [0x00007ab2877ccb80, 0x00007ab2877cd900] Compiler: c1, Barriers: 6, Oops: 0, ImmediateOops: 0, NonImmediateOops: No
[1,620s][debug][gc,nmethod  ] Register NMethod: java.lang.Long.numberOfLeadingZeros (0x00007ab2877cd908) [0x00007ab2877cda00, 0x00007ab2877cdba8] Compiler: c1, Barriers: 0, Oops: 0, ImmediateOops: 0, NonImmediateOops: No
[1,620s][debug][gc,nmethod  ] Register NMethod: java.lang.invoke.DirectMethodHandle.isCrackable (0x00007ab2a6c5f688) [0x00007ab2a6c5f780, 0x00007ab2a6c5f840] Compiler: c1, Barriers: 0, Oops: 0, ImmediateOops: 0, NonImmediateOops: No
[1,620s][debug][gc,nmethod  ] Register NMethod: jdk.internal.reflect.Reflection.areNestMates (0x00007ab2a6c5f988) [0x00007ab2a6c5fa80, 0x00007ab2a6c5fc08] Compiler: , Barriers: 0, Oops: 0, ImmediateOops: 1, NonImmediateOops: No
[1,621s][debug][gc,nmethod  ] Register NMethod: jdk.internal.classfile.impl.DirectCodeBuilder.localAccess (0x00007ab2877cdc08) [0x00007ab2877cdd00, 0x00007ab2877d0c00] Compiler: c1, Barriers: 8, Oops: 1, ImmediateOops: 13, NonImmediateOops: No
[1,621s][debug][gc,nmethod  ] Register NMethod: java.util.stream.StreamOpFlag.getMask (0x00007ab2877d0c88) [0x00007ab2877d0d80, 0x00007ab2877d0ee0] Compiler: c1, Barriers: 0, Oops: 0, ImmediateOops: 0, NonImmediateOops: No
[1,621s][debug][gc,nmethod  ] Register NMethod: java.lang.invoke.InnerClassLambdaMetafactory.methodDesc (0x00007ab2877d0f88) [0x00007ab2877d1080, 0x00007ab2877d40d8] Compiler: c1, Barriers: 25, Oops: 2, ImmediateOops: 5, NonImmediateOops: No
[1,621s][debug][gc,nmethod  ] Register NMethod: java.util.stream.StreamOpFlag.combineOpFlags (0x00007ab2877d4108) [0x00007ab2877d4200, 0x00007ab2877d43a0] Compiler: c1, Barriers: 0, Oops: 0, ImmediateOops: 0, NonImmediateOops: No
[1,621s][debug][gc,nmethod  ] Register NMethod: jdk.internal.classfile.impl.BufWriterImpl.<init> (0x00007ab2877d4408) [0x00007ab2877d4500, 0x00007ab2877d4648] Compiler: c1, Barriers: 0, Oops: 0, ImmediateOops: 0, NonImmediateOops: No
[1,622s][debug][gc,nmethod  ] Register NMethod: java.lang.invoke.MethodHandle.linkToStatic (0x00007ab2a6c5fc88) [0x00007ab2a6c5fd80, 0x00007ab2a6c5fe70] Compiler: , Barriers: 0, Oops: 0, ImmediateOops: 0, NonImmediateOops: No
[1,623s][debug][gc,nmethod  ] Register NMethod: jdk.internal.classfile.impl.StackMapGenerator.detectFrames (0x00007ab28777ea08) [0x00007ab28777eb00, 0x00007ab287782158] Compiler: c1, Barriers: 7, Oops: 1, ImmediateOops: 2, NonImmediateOops: No
[1,623s][debug][gc,nmethod  ] Register NMethod: jdk.internal.classfile.impl.AbstractPoolEntry$Utf8EntryImpl.<init> (0x00007ab2a6c5ff88) [0x00007ab2a6c60080, 0x00007ab2a6c60360] Compiler: jvmci, Barriers: 12, Oops: 0, ImmediateOops: 1, NonImmediateOops: No
[1,624s][debug][gc,nmethod  ] Register NMethod: jdk.internal.classfile.impl.DirectCodeBuilder$4.generateStackMaps (0x00007ab287796c88) [0x00007ab287796d80, 0x00007ab2877978a0] Compiler: c1, Barriers: 2, Oops: 0, ImmediateOops: 1, NonImmediateOops: No
[1,624s][debug][gc,nmethod  ] Register NMethod: jdk.internal.classfile.impl.StackMapGenerator$Frame.merge (0x00007ab2877d4708) [0x00007ab2877d4800, 0x00007ab2877d50b8] Compiler: c1, Barriers: 5, Oops: 0, ImmediateOops: 0, NonImmediateOops: No
[1,624s][debug][gc,nmethod  ] Register NMethod: jdk.internal.classfile.impl.StackMapGenerator$Type.mergeFrom (0x00007ab2877d5108) [0x00007ab2877d5200, 0x00007ab2877d5ca8] Compiler: c1, Barriers: 0, Oops: 0, ImmediateOops: 6, NonImmediateOops: No
[1,624s][debug][gc,nmethod  ] Register NMethod: java.lang.invoke.MethodHandle.linkToStatic (0x00007ab2a6c60388) [0x00007ab2a6c60480, 0x00007ab2a6c60578] Compiler: , Barriers: 0, Oops: 0, ImmediateOops: 0, NonImmediateOops: No
[1,624s][debug][gc,nmethod  ] Register NMethod: jdk.internal.util.ReferencedKeyMap.removeStaleReferences (0x00007ab2a6c60688) [0x00007ab2a6c60780, 0x00007ab2a6c608b8] Compiler: jvmci, Barriers: 2, Oops: 0, ImmediateOops: 0, NonImmediateOops: No
[1,624s][debug][gc,nmethod  ] Register NMethod: java.lang.invoke.MethodHandle.invokeBasic (0x00007ab2a6c60988) [0x00007ab2a6c60a80, 0x00007ab2a6c60d18] Compiler: , Barriers: 0, Oops: 0, ImmediateOops: 0, NonImmediateOops: No
[1,625s][debug][gc,nmethod  ] Register NMethod: java.lang.invoke.MethodHandle.linkToSpecial (0x00007ab2a6c60d88) [0x00007ab2a6c60e80, 0x00007ab2a6c60f78] Compiler: , Barriers: 0, Oops: 0, ImmediateOops: 0, NonImmediateOops: No
[1,625s][debug][gc,nmethod  ] Register NMethod: jdk.internal.constant.PrimitiveClassDescImpl.isPrimitive (0x00007ab2a6c61088) [0x00007ab2a6c61180, 0x00007ab2a6c61240] Compiler: c1, Barriers: 0, Oops: 0, ImmediateOops: 0, NonImmediateOops: No
[1,625s][debug][gc,nmethod  ] Register NMethod: java.lang.invoke.LambdaForm.returnType (0x00007ab2877d5d08) [0x00007ab2877d5e00, 0x00007ab2877d6020] Compiler: c1, Barriers: 3, Oops: 0, ImmediateOops: 1, NonImmediateOops: No
[1,626s][debug][gc,nmethod  ] Register NMethod: jdk.internal.classfile.impl.AnnotationReader.writeAnnotation (0x00007ab2877d6088) [0x00007ab2877d6180, 0x00007ab2877d9f80] Compiler: c1, Barriers: 5, Oops: 1, ImmediateOops: 3, NonImmediateOops: No
[1,626s][debug][gc,nmethod  ] Register NMethod: jdk.internal.classfile.impl.StackMapGenerator$Frame.setLocalRawInternal (0x00007ab2877da008) [0x00007ab2877da100, 0x00007ab2877daa10] Compiler: c1, Barriers: 6, Oops: 0, ImmediateOops: 0, NonImmediateOops: No
[1,626s][debug][gc,nmethod  ] Register NMethod: jdk.internal.classfile.impl.DirectCodeBuilder.astore (0x00007ab2877daa88) [0x00007ab2877dab80, 0x00007ab2877daf70] Compiler: c1, Barriers: 1, Oops: 0, ImmediateOops: 0, NonImmediateOops: No
[1,626s][debug][gc,nmethod  ] Register NMethod: java.util.List.of (0x00007ab2877daf88) [0x00007ab2877db080, 0x00007ab2877db5d0] Compiler: c1, Barriers: 6, Oops: 0, ImmediateOops: 1, NonImmediateOops: No
[1,626s][debug][gc,director ] Rule Major: Warmup 10%, Used: 80MB, UsedThreshold: 1228MB
[1,626s][debug][gc,nmethod  ] Register NMethod: jdk.internal.classfile.impl.AbstractPoolEntry$Utf8EntryImpl.equalsString (0x00007ab2877db608) [0x00007ab2877db700, 0x00007ab2877de3d0] Compiler: c1, Barriers: 23, Oops: 1, ImmediateOops: 8, NonImmediateOops: No
[1,626s][debug][gc,nmethod  ] Register NMethod: java.util.Optional.isPresent (0x00007ab2877de408) [0x00007ab2877de500, 0x00007ab2877de680] Compiler: c1, Barriers: 1, Oops: 0, ImmediateOops: 0, NonImmediateOops: No
[1,627s][debug][gc,nmethod  ] Register NMethod: java.lang.invoke.MethodHandle.linkToNative (0x00007ab2a6c61388) [0x00007ab2a6c61480, 0x00007ab2a6c61488] Compiler: , Barriers: 0, Oops: 0, ImmediateOops: 0, NonImmediateOops: No
[1,628s][debug][gc,nmethod  ] Register NMethod: java.lang.invoke.MethodHandle.linkToStatic (0x00007ab2a6c61688) [0x00007ab2a6c61780, 0x00007ab2a6c61870] Compiler: , Barriers: 0, Oops: 0, ImmediateOops: 0, NonImmediateOops: No
[1,628s][debug][gc,nmethod  ] Register NMethod: jdk.internal.classfile.impl.ClassReaderImpl.readU1 (0x00007ab2877de708) [0x00007ab2877de800, 0x00007ab2877deaa8] Compiler: c1, Barriers: 1, Oops: 0, ImmediateOops: 1, NonImmediateOops: No
[1,629s][debug][gc,nmethod  ] Register NMethod: java.lang.invoke.MethodHandle.invokeBasic (0x00007ab2a6c61988) [0x00007ab2a6c61a80, 0x00007ab2a6c61d18] Compiler: , Barriers: 0, Oops: 0, ImmediateOops: 0, NonImmediateOops: No
[1,629s][debug][gc,nmethod  ] Register NMethod: java.lang.invoke.MethodHandle.linkToSpecial (0x00007ab2a6c61d88) [0x00007ab2a6c61e80, 0x00007ab2a6c61f78] Compiler: , Barriers: 0, Oops: 0, ImmediateOops: 0, NonImmediateOops: No
[1,629s][debug][gc,nmethod  ] Register NMethod: java.lang.invoke.InvokerBytecodeGenerator.emitLoadInsn (0x00007ab2877deb08) [0x00007ab2877dec00, 0x00007ab2877def70] Compiler: c1, Barriers: 1, Oops: 0, ImmediateOops: 0, NonImmediateOops: No
[1,629s][debug][gc,nmethod  ] Register NMethod: jdk.internal.misc.VM.isSystemDomainLoader (0x00007ab2877def88) [0x00007ab2877df080, 0x00007ab2877df2f0] Compiler: c1, Barriers: 0, Oops: 0, ImmediateOops: 1, NonImmediateOops: No
[1,630s][debug][gc,nmethod  ] Register NMethod: jdk.internal.classfile.impl.EntryMap.nextPowerOfTwo (0x00007ab2877df308) [0x00007ab2877df400, 0x00007ab2877df600] Compiler: c1, Barriers: 0, Oops: 0, ImmediateOops: 0, NonImmediateOops: No
[1,630s][debug][gc,nmethod  ] Register NMethod: java.lang.invoke.InvokerBytecodeGenerator.emitPushArgument (0x00007ab2877df608) [0x00007ab2877df700, 0x00007ab2877e1aa8] Compiler: c1, Barriers: 5, Oops: 0, ImmediateOops: 4, NonImmediateOops: No
[1,630s][debug][gc,nmethod  ] Register NMethod: jdk.internal.classfile.impl.EntryMap.arraySize (0x00007ab2877e1b08) [0x00007ab2877e1c00, 0x00007ab2877e31a0] Compiler: c1, Barriers: 0, Oops: 3, ImmediateOops: 4, NonImmediateOops: No
[1,630s][debug][gc,nmethod  ] Register NMethod: java.lang.classfile.constantpool.ConstantPoolBuilder.of (0x00007ab2877e3208) [0x00007ab2877e3300, 0x00007ab2877e3480] Compiler: c1, Barriers: 0, Oops: 0, ImmediateOops: 0, NonImmediateOops: No
[1,630s][debug][gc,nmethod  ] Register NMethod: java.lang.invoke.InvokerBytecodeGenerator.emitReferenceCast (0x00007ab2877e3508) [0x00007ab2877e3600, 0x00007ab2877e5168] Compiler: c1, Barriers: 2, Oops: 1, ImmediateOops: 6, NonImmediateOops: No
[1,630s][debug][gc,nmethod  ] Register NMethod: jdk.internal.classfile.impl.SplitConstantPool.<init> (0x00007ab2877e5188) [0x00007ab2877e5280, 0x00007ab2877e5688] Compiler: c1, Barriers: 9, Oops: 0, ImmediateOops: 0, NonImmediateOops: No
[1,630s][debug][gc,nmethod  ] Register NMethod: java.lang.invoke.MemberName.getFieldType (0x00007ab2877e5708) [0x00007ab2877e5800, 0x00007ab2877e8098] Compiler: c1, Barriers: 12, Oops: 2, ImmediateOops: 3, NonImmediateOops: No
[1,630s][debug][gc,nmethod  ] Register NMethod: java.lang.String.getBytes (0x00007ab2a6c62088) [0x00007ab2a6c62180, 0x00007ab2a6c62520] Compiler: jvmci, Barriers: 1, Oops: 0, ImmediateOops: 0, NonImmediateOops: No
[1,630s][debug][gc,nmethod  ] Register NMethod: jdk.internal.classfile.impl.StackMapGenerator$Frame.setLocal (0x00007ab2877e8108) [0x00007ab2877e8200, 0x00007ab2877e87d8] Compiler: c1, Barriers: 2, Oops: 0, ImmediateOops: 6, NonImmediateOops: No
[1,631s][debug][gc,nmethod  ] Register NMethod: jdk.internal.classfile.impl.ClassFileImpl.build (0x00007ab2877e8808) [0x00007ab2877e8900, 0x00007ab2877e9ba0] Compiler: c1, Barriers: 0, Oops: 0, ImmediateOops: 0, NonImmediateOops: No
[1,631s][debug][gc,nmethod  ] Register NMethod: jdk.internal.classfile.impl.BufWriterImpl.join (0x00007ab2877e9c08) [0x00007ab2877e9d00, 0x00007ab2877ea7f8] Compiler: c1, Barriers: 0, Oops: 0, ImmediateOops: 0, NonImmediateOops: No
[1,631s][debug][gc,nmethod  ] Register NMethod: jdk.internal.classfile.impl.DirectClassBuilder.<init> (0x00007ab2877ea808) [0x00007ab2877ea900, 0x00007ab2877ebca0] Compiler: c1, Barriers: 28, Oops: 0, ImmediateOops: 5, NonImmediateOops: No
[1,631s][debug][gc,nmethod  ] Register NMethod: jdk.internal.classfile.impl.SplitConstantPool.writeBootstrapMethods (0x00007ab2877ebd08) [0x00007ab2877ebe00, 0x00007ab2877ee330] Compiler: c1, Barriers: 14, Oops: 1, ImmediateOops: 2, NonImmediateOops: No
[1,631s][debug][gc,nmethod  ] Register NMethod: java.util.ImmutableCollections$ListN.get (0x00007ab2a6c62588) [0x00007ab2a6c62680, 0x00007ab2a6c627c0] Compiler: jvmci, Barriers: 2, Oops: 0, ImmediateOops: 0, NonImmediateOops: No
[1,632s][debug][gc,nmethod  ] Register NMethod: java.util.stream.StreamOpFlag.isKnown (0x00007ab2877ee388) [0x00007ab2877ee480, 0x00007ab2877ee5d8] Compiler: c1, Barriers: 0, Oops: 0, ImmediateOops: 0, NonImmediateOops: No
[1,632s][debug][gc,nmethod  ] Register NMethod: java.lang.invoke.MethodHandle.linkToNative (0x00007ab2a6c62888) [0x00007ab2a6c62980, 0x00007ab2a6c62988] Compiler: , Barriers: 0, Oops: 0, ImmediateOops: 0, NonImmediateOops: No
[1,632s][debug][gc,nmethod  ] Register NMethod: java.lang.classfile.CodeBuilder.checkcast (0x00007ab2877ee688) [0x00007ab2877ee780, 0x00007ab2877eeea0] Compiler: c1, Barriers: 0, Oops: 0, ImmediateOops: 0, NonImmediateOops: No
[1,632s][debug][gc,nmethod  ] Register NMethod: jdk.internal.loader.URLClassPath.getResource (0x00007ab2a6c62b88) [0x00007ab2a6c62c80, 0x00007ab2a6c673a0] Compiler: jvmci, Barriers: 62, Oops: 4, ImmediateOops: 11, NonImmediateOops: No
[1,632s][debug][gc,nmethod  ] Register NMethod: jdk.internal.classfile.impl.StackMapGenerator$Type.isCategory2_2nd (0x00007ab2877eef08) [0x00007ab2877ef000, 0x00007ab2877ef190] Compiler: c1, Barriers: 0, Oops: 0, ImmediateOops: 2, NonImmediateOops: No
[1,632s][debug][gc,nmethod  ] Register NMethod: jdk.internal.classfile.impl.ClassReaderImpl.readU2 (0x00007ab2877ef208) [0x00007ab2877ef300, 0x00007ab2877ef5d8] Compiler: c1, Barriers: 1, Oops: 0, ImmediateOops: 1, NonImmediateOops: No
[1,632s][debug][gc,nmethod  ] Register NMethod: java.lang.invoke.MethodHandle.linkToStatic (0x00007ab2a6c67408) [0x00007ab2a6c67500, 0x00007ab2a6c675f0] Compiler: , Barriers: 0, Oops: 0, ImmediateOops: 0, NonImmediateOops: No
[1,632s][debug][gc,nmethod  ] Register NMethod: java.lang.ref.Reference.<init> (0x00007ab2a6c67708) [0x00007ab2a6c67800, 0x00007ab2a6c67a08] Compiler: jvmci, Barriers: 9, Oops: 0, ImmediateOops: 1, NonImmediateOops: No
[1,633s][debug][gc,nmethod  ] Register NMethod: jdk.internal.classfile.impl.DirectClassBuilder.withFlags (0x00007ab2877ef608) [0x00007ab2877ef700, 0x00007ab2877ef9d8] Compiler: c1, Barriers: 0, Oops: 0, ImmediateOops: 0, NonImmediateOops: No
[1,633s][debug][gc,nmethod  ] Register NMethod: jdk.internal.classfile.impl.UnboundAttribute$AdHocAttribute.writeTo (0x00007ab2877efa08) [0x00007ab2877efb00, 0x00007ab2877f16f0] Compiler: c1, Barriers: 5, Oops: 0, ImmediateOops: 0, NonImmediateOops: No
[1,633s][debug][gc,nmethod  ] Register NMethod: java.lang.invoke.MethodHandle.invokeBasic (0x00007ab2a6c67a88) [0x00007ab2a6c67b80, 0x00007ab2a6c67e18] Compiler: , Barriers: 0, Oops: 0, ImmediateOops: 0, NonImmediateOops: No
[1,633s][debug][gc,nmethod  ] Register NMethod: java.lang.invoke.MethodHandle.linkToSpecial (0x00007ab2a6c67e88) [0x00007ab2a6c67f80, 0x00007ab2a6c68078] Compiler: , Barriers: 0, Oops: 0, ImmediateOops: 0, NonImmediateOops: No
[1,634s][debug][gc,nmethod  ] Register NMethod: java.lang.classfile.ClassFile.of (0x00007ab2877f1708) [0x00007ab2877f1800, 0x00007ab2877f18e8] Compiler: c1, Barriers: 0, Oops: 0, ImmediateOops: 1, NonImmediateOops: No
[1,634s][debug][gc,nmethod  ] Register NMethod: jdk.internal.classfile.impl.DirectClassBuilder.setSuperclass (0x00007ab2a6c68188) [0x00007ab2a6c68280, 0x00007ab2a6c683b0] Compiler: c1, Barriers: 3, Oops: 0, ImmediateOops: 0, NonImmediateOops: No
[1,634s][debug][gc,nmethod  ] Register NMethod: jdk.internal.classfile.impl.DirectCodeBuilder.return_ (0x00007ab2877f1a08) [0x00007ab2877f1b00, 0x00007ab2877f2118] Compiler: c1, Barriers: 1, Oops: 0, ImmediateOops: 0, NonImmediateOops: No
[1,634s][debug][gc,nmethod  ] Register NMethod: jdk.internal.classfile.impl.BytecodeHelpers.returnBytecode (0x00007ab2877f2188) [0x00007ab2877f2280, 0x00007ab2877f25e0] Compiler: c1, Barriers: 0, Oops: 0, ImmediateOops: 0, NonImmediateOops: No
[1,634s][debug][gc,nmethod  ] Register NMethod: java.lang.invoke.BoundMethodHandle$Species_L.<init> (0x00007ab2877f2608) [0x00007ab2877f2700, 0x00007ab2877f2940] Compiler: c1, Barriers: 3, Oops: 0, ImmediateOops: 0, NonImmediateOops: No
[1,634s][debug][gc,nmethod  ] Register NMethod: java.lang.invoke.MethodHandle.linkToNative (0x00007ab2a6c68488) [0x00007ab2a6c68580, 0x00007ab2a6c68588] Compiler: , Barriers: 0, Oops: 0, ImmediateOops: 0, NonImmediateOops: No
[1,635s][debug][gc,nmethod  ] Register NMethod: java.lang.classfile.CodeBuilder.invoke (0x00007ab2877f2988) [0x00007ab2877f2a80, 0x00007ab2877f3610] Compiler: c1, Barriers: 0, Oops: 0, ImmediateOops: 0, NonImmediateOops: No
[1,635s][debug][gc,nmethod  ] Register NMethod: jdk.internal.classfile.impl.AbstractPoolEntry$NameAndTypeEntryImpl.name (0x00007ab2877f3688) [0x00007ab2877f3780, 0x00007ab2877f3ad0] Compiler: c1, Barriers: 1, Oops: 0, ImmediateOops: 0, NonImmediateOops: No
[1,635s][debug][gc,nmethod  ] Register NMethod: java.lang.invoke.MethodHandle.invokeBasic (0x00007ab2a6c68788) [0x00007ab2a6c68880, 0x00007ab2a6c68b18] Compiler: , Barriers: 0, Oops: 0, ImmediateOops: 0, NonImmediateOops: No
[1,635s][debug][gc,nmethod  ] Register NMethod: java.lang.invoke.MethodHandle.linkToSpecial (0x00007ab2a6c68b88) [0x00007ab2a6c68c80, 0x00007ab2a6c68d78] Compiler: , Barriers: 0, Oops: 0, ImmediateOops: 0, NonImmediateOops: No
[1,635s][debug][gc,nmethod  ] Register NMethod: jdk.internal.util.DecimalDigits.uncheckedGetCharsLatin1 (0x00007ab2877f3b08) [0x00007ab2877f3c00, 0x00007ab2877f3fc0] Compiler: c1, Barriers: 0, Oops: 0, ImmediateOops: 0, NonImmediateOops: No
[1,636s][debug][gc,nmethod  ] Register NMethod: java.lang.System$1.defineClass (0x00007ab2877f4008) [0x00007ab2877f4100, 0x00007ab2877f4270] Compiler: c1, Barriers: 0, Oops: 0, ImmediateOops: 0, NonImmediateOops: No
[1,636s][debug][gc,nmethod  ] Register NMethod: java.lang.invoke.MethodHandles$Lookup$ClassDefiner.<init> (0x00007ab2877f4308) [0x00007ab2877f4400, 0x00007ab2877f47a0] Compiler: c1, Barriers: 12, Oops: 0, ImmediateOops: 0, NonImmediateOops: No
[1,636s][debug][gc,nmethod  ] Register NMethod: java.lang.invoke.MethodHandles$Lookup.makeHiddenClassDefiner (0x00007ab2877f4808) [0x00007ab2877f4900, 0x00007ab2877f4f28] Compiler: c1, Barriers: 2, Oops: 0, ImmediateOops: 1, NonImmediateOops: No
[1,636s][debug][gc,director ] Rule Major: Warmup 10%, Used: 82MB, UsedThreshold: 1228MB
[1,636s][debug][gc,nmethod  ] Register NMethod: java.lang.invoke.MethodHandles$Lookup$ClassDefiner.defineClass (0x00007ab2877f4f88) [0x00007ab2877f5080, 0x00007ab2877f6dc8] Compiler: c1, Barriers: 21, Oops: 0, ImmediateOops: 2, NonImmediateOops: No
[1,636s][debug][gc,nmethod  ] Register NMethod: java.lang.invoke.MethodHandle.intrinsicName (0x00007ab2877f6e08) [0x00007ab2877f6f00, 0x00007ab2877f7008] Compiler: c1, Barriers: 0, Oops: 0, ImmediateOops: 1, NonImmediateOops: No
[1,636s][debug][gc,nmethod  ] Register NMethod: java.lang.invoke.InvokerBytecodeGenerator.emitStoreResult (0x00007ab2877f7108) [0x00007ab2877f7200, 0x00007ab2877f7a48] Compiler: c1, Barriers: 3, Oops: 0, ImmediateOops: 1, NonImmediateOops: No
[1,639s][debug][gc,nmethod  ] Register NMethod: org.gradle.internal.io.StreamByteBuffer.access$000 (0x00007ab2a6c68e88) [0x00007ab2a6c68f80, 0x00007ab2a6c69050] Compiler: c1, Barriers: 1, Oops: 1, ImmediateOops: 0, NonImmediateOops: No
[1,639s][debug][gc,nmethod  ] Register NMethod: java.nio.Buffer.hasRemaining (0x00007ab2877f7a88) [0x00007ab2877f7b80, 0x00007ab2877f7cd0] Compiler: c1, Barriers: 0, Oops: 0, ImmediateOops: 0, NonImmediateOops: No
[1,640s][debug][gc,nmethod  ] Register NMethod: jdk.internal.classfile.impl.SplitConstantPool.utf8Entry (0x00007ab2a6c69188) [0x00007ab2a6c692a0, 0x00007ab2a6c6a808] Compiler: jvmci, Barriers: 36, Oops: 0, ImmediateOops: 2, NonImmediateOops: No
[1,640s][debug][gc,nmethod  ] Register NMethod: java.lang.invoke.MethodHandle.invokeBasic (0x00007ab2a6c6a888) [0x00007ab2a6c6a980, 0x00007ab2a6c6ac18] Compiler: , Barriers: 0, Oops: 0, ImmediateOops: 0, NonImmediateOops: No
[1,640s][debug][gc,nmethod  ] Register NMethod: java.lang.invoke.MethodHandle.linkToSpecial (0x00007ab2a6c6ac88) [0x00007ab2a6c6ad80, 0x00007ab2a6c6ae78] Compiler: , Barriers: 0, Oops: 0, ImmediateOops: 0, NonImmediateOops: No
[1,641s][debug][gc,nmethod  ] Register NMethod: java.lang.invoke.MemberName.isField (0x00007ab2877f7d88) [0x00007ab2877f7e80, 0x00007ab2877f8038] Compiler: c1, Barriers: 0, Oops: 0, ImmediateOops: 0, NonImmediateOops: No
[1,641s][debug][gc,nmethod  ] Register NMethod: java.util.Collections$EmptyList.size (0x00007ab2a6c6af88) [0x00007ab2a6c6b080, 0x00007ab2a6c6b140] Compiler: c1, Barriers: 0, Oops: 0, ImmediateOops: 0, NonImmediateOops: No
[1,641s][debug][gc,nmethod  ] Register NMethod: java.lang.invoke.MethodHandle.invokeBasic (0x00007ab2a6c6b288) [0x00007ab2a6c6b380, 0x00007ab2a6c6b618] Compiler: , Barriers: 0, Oops: 0, ImmediateOops: 0, NonImmediateOops: No
[1,641s][debug][gc,nmethod  ] Register NMethod: java.lang.invoke.MethodHandle.linkToSpecial (0x00007ab2a6c6b688) [0x00007ab2a6c6b780, 0x00007ab2a6c6b878] Compiler: , Barriers: 0, Oops: 0, ImmediateOops: 0, NonImmediateOops: No
[1,641s][debug][gc,nmethod  ] Register NMethod: java.lang.invoke.InvokerBytecodeGenerator.methodDesc (0x00007ab2877f8088) [0x00007ab2877f8180, 0x00007ab2877f9288] Compiler: c1, Barriers: 19, Oops: 1, ImmediateOops: 1, NonImmediateOops: No
[1,641s][debug][gc,nmethod  ] Register NMethod: java.lang.invoke.InvokerBytecodeGenerator.emitStaticInvoke (0x00007ab2877f9308) [0x00007ab2877f9400, 0x00007ab2877fba80] Compiler: c1, Barriers: 9, Oops: 0, ImmediateOops: 2, NonImmediateOops: No
[1,641s][debug][gc,nmethod  ] Register NMethod: org.gradle.internal.io.StreamByteBuffer$StreamByteBufferChunk.spaceLeft (0x00007ab2877fba88) [0x00007ab2877fbb80, 0x00007ab2877fbc88] Compiler: c1, Barriers: 0, Oops: 1, ImmediateOops: 0, NonImmediateOops: No
[1,641s][debug][gc,nmethod  ] Register NMethod: org.gradle.internal.io.StreamByteBuffer$StreamByteBufferChunk.write (0x00007ab2877fbd88) [0x00007ab2877fbe80, 0x00007ab2877fc048] Compiler: c1, Barriers: 1, Oops: 1, ImmediateOops: 0, NonImmediateOops: No
[1,641s][debug][gc,nmethod  ] Register NMethod: org.gradle.internal.io.StreamByteBuffer$StreamByteBufferOutputStream.write (0x00007ab2877fc088) [0x00007ab2877fc180, 0x00007ab2877fc3f0] Compiler: c1, Barriers: 3, Oops: 1, ImmediateOops: 0, NonImmediateOops: No
[1,641s][debug][gc,nmethod  ] Register NMethod: java.nio.Buffer.position (0x00007ab2a6c6b988) [0x00007ab2a6c6ba80, 0x00007ab2a6c6bb40] Compiler: c1, Barriers: 0, Oops: 0, ImmediateOops: 0, NonImmediateOops: No
[1,642s][debug][gc,nmethod  ] Register NMethod: org.gradle.internal.io.LineBufferingOutputStream.endsWithLineSeparator (0x00007ab2877fc408) [0x00007ab2877fc500, 0x00007ab2877fc688] Compiler: c1, Barriers: 0, Oops: 1, ImmediateOops: 0, NonImmediateOops: No
[1,642s][debug][gc,nmethod  ] Register NMethod: org.gradle.internal.io.StreamByteBuffer.allocateSpace (0x00007ab2877fc708) [0x00007ab2877fc800, 0x00007ab2877fcfe8] Compiler: c1, Barriers: 9, Oops: 1, ImmediateOops: 0, NonImmediateOops: No
[1,642s][debug][gc,nmethod  ] Register NMethod: java.lang.String.rangeCheck (0x00007ab2877fd008) [0x00007ab2877fd100, 0x00007ab2877fd368] Compiler: c1, Barriers: 0, Oops: 1, ImmediateOops: 1, NonImmediateOops: No
[1,642s][debug][gc,nmethod  ] Register NMethod: java.lang.String.<init> (0x00007ab2877fd388) [0x00007ab2877fd480, 0x00007ab2877fd7c0] Compiler: c1, Barriers: 0, Oops: 1, ImmediateOops: 1, NonImmediateOops: No
[1,642s][debug][gc,nmethod  ] Register NMethod: java.lang.StringBuilder.toString (0x00007ab2a6c6bc88) [0x00007ab2a6c6bd80, 0x00007ab2a6c6c178] Compiler: jvmci, Barriers: 3, Oops: 0, ImmediateOops: 1, NonImmediateOops: No
[1,642s][debug][gc,nmethod  ] Register NMethod: java.lang.Character.isSurrogate (0x00007ab2877fd808) [0x00007ab2877fd900, 0x00007ab2877fda60] Compiler: c1, Barriers: 0, Oops: 0, ImmediateOops: 0, NonImmediateOops: No
[1,642s][debug][gc,nmethod  ] Register NMethod: org.gradle.internal.io.LineBufferingOutputStream.write (0x00007ab2877fdb08) [0x00007ab2877fdc00, 0x00007ab2877ff3e8] Compiler: c1, Barriers: 4, Oops: 1, ImmediateOops: 2, NonImmediateOops: No
[1,642s][debug][gc,nmethod  ] Register NMethod: java.util.regex.Pattern.isSupplementary (0x00007ab2877ff408) [0x00007ab2877ff500, 0x00007ab2877ff738] Compiler: c1, Barriers: 0, Oops: 0, ImmediateOops: 0, NonImmediateOops: No
[1,642s][debug][gc,nmethod  ] Register NMethod: java.lang.String.codePointAt (0x00007ab2877ff788) [0x00007ab2877ff880, 0x00007ab2877ffed8] Compiler: c1, Barriers: 2, Oops: 1, ImmediateOops: 2, NonImmediateOops: No
[1,642s][debug][gc,nmethod  ] Register NMethod: java.util.Calendar.internalSet (0x00007ab2877fff08) [0x00007ab287800000, 0x00007ab287800158] Compiler: c1, Barriers: 1, Oops: 0, ImmediateOops: 0, NonImmediateOops: No
[1,642s][debug][gc,nmethod  ] Register NMethod: ch.qos.logback.core.pattern.Converter.getNext (0x00007ab2a6c6c188) [0x00007ab2a6c6c280, 0x00007ab2a6c6c368] Compiler: c1, Barriers: 1, Oops: 1, ImmediateOops: 0, NonImmediateOops: No
[1,642s][debug][gc,nmethod  ] Register NMethod: java.nio.Buffer.position (0x00007ab287800208) [0x00007ab287800300, 0x00007ab287800540] Compiler: c1, Barriers: 0, Oops: 0, ImmediateOops: 0, NonImmediateOops: No
[1,643s][debug][gc,nmethod  ] Register NMethod: java.lang.invoke.MethodHandle.invokeBasic (0x00007ab2a6c6c488) [0x00007ab2a6c6c580, 0x00007ab2a6c6c818] Compiler: , Barriers: 0, Oops: 0, ImmediateOops: 0, NonImmediateOops: No
[1,643s][debug][gc,nmethod  ] Register NMethod: java.lang.invoke.MethodHandle.linkToSpecial (0x00007ab2a6c6c888) [0x00007ab2a6c6c980, 0x00007ab2a6c6ca78] Compiler: , Barriers: 0, Oops: 0, ImmediateOops: 0, NonImmediateOops: No
[1,644s][debug][gc,nmethod  ] Register NMethod: java.lang.invoke.DirectMethodHandle.make (0x00007ab287800588) [0x00007ab287800680, 0x00007ab287802ea0] Compiler: c1, Barriers: 4, Oops: 0, ImmediateOops: 1, NonImmediateOops: No
[1,644s][debug][gc,nmethod  ] Register NMethod: jdk.internal.classfile.impl.UnboundAttribute$UnboundRuntimeVisibleAnnotationsAttribute.annotations (0x00007ab2a6c6cb88) [0x00007ab2a6c6cc80, 0x00007ab2a6c6cd68] Compiler: c1, Barriers: 1, Oops: 0, ImmediateOops: 0, NonImmediateOops: No
[1,644s][debug][gc,nmethod  ] Register NMethod: java.lang.invoke.MethodHandle.invokeBasic (0x00007ab2a6c6ce88) [0x00007ab2a6c6cf80, 0x00007ab2a6c6d218] Compiler: , Barriers: 0, Oops: 0, ImmediateOops: 0, NonImmediateOops: No
[1,644s][debug][gc,nmethod  ] Register NMethod: java.lang.invoke.MethodHandle.linkToSpecial (0x00007ab2a6c6d288) [0x00007ab2a6c6d380, 0x00007ab2a6c6d478] Compiler: , Barriers: 0, Oops: 0, ImmediateOops: 0, NonImmediateOops: No
[1,645s][debug][gc,nmethod  ] Register NMethod: jdk.internal.constant.ConstantUtils.internalNameToDesc (0x00007ab287802f08) [0x00007ab287803000, 0x00007ab287805418] Compiler: c1, Barriers: 4, Oops: 2, ImmediateOops: 12, NonImmediateOops: No
[1,646s][debug][gc,nmethod  ] Register NMethod: jdk.internal.misc.Unsafe.putReference (0x00007ab2a6c6d588) [0x00007ab2a6c6d680, 0x00007ab2a6c6d7f0] Compiler: , Barriers: 0, Oops: 0, ImmediateOops: 0, NonImmediateOops: No
[1,646s][debug][gc,nmethod  ] Register NMethod: jdk.internal.misc.Unsafe.getUnsafe (0x00007ab287805488) [0x00007ab287805580, 0x00007ab287805668] Compiler: c1, Barriers: 0, Oops: 0, ImmediateOops: 1, NonImmediateOops: No
[1,646s][debug][gc,nmethod  ] Register NMethod: java.lang.invoke.MethodHandle.invokeBasic (0x00007ab2a6c6d888) [0x00007ab2a6c6d980, 0x00007ab2a6c6dc18] Compiler: , Barriers: 0, Oops: 0, ImmediateOops: 0, NonImmediateOops: No
[1,646s][debug][gc,director ] Rule Major: Warmup 10%, Used: 82MB, UsedThreshold: 1228MB
[1,646s][debug][gc,nmethod  ] Register NMethod: java.util.concurrent.ConcurrentLinkedDeque$Node.<init> (0x00007ab287805788) [0x00007ab287805880, 0x00007ab2878059d8] Compiler: c1, Barriers: 0, Oops: 0, ImmediateOops: 0, NonImmediateOops: No
[1,646s][debug][gc,nmethod  ] Register NMethod: java.lang.invoke.VarHandleReferences$FieldInstanceReadWrite.set (0x00007ab287805a88) [0x00007ab287805b80, 0x00007ab287806ba8] Compiler: c1, Barriers: 5, Oops: 1, ImmediateOops: 0, NonImmediateOops: No
[1,646s][debug][gc,nmethod  ] Register NMethod: jdk.internal.misc.Unsafe.addressSize (0x00007ab287806c08) [0x00007ab287806d00, 0x00007ab287806e08] Compiler: c1, Barriers: 0, Oops: 0, ImmediateOops: 0, NonImmediateOops: No
[1,646s][debug][gc,nmethod  ] Register NMethod: jdk.internal.classfile.impl.AbstractPoolEntry$Utf8EntryImpl.writeTo (0x00007ab2a6c6dc88) [0x00007ab2a6c6dda0, 0x00007ab2a6c6e8f0] Compiler: jvmci, Barriers: 7, Oops: 0, ImmediateOops: 0, NonImmediateOops: No
[1,646s][debug][gc,nmethod  ] Register NMethod: jdk.internal.foreign.AbstractMemorySegmentImpl.<init> (0x00007ab287806f08) [0x00007ab287807000, 0x00007ab2878071e0] Compiler: c1, Barriers: 3, Oops: 0, ImmediateOops: 0, NonImmediateOops: No
[1,646s][debug][gc,nmethod  ] Register NMethod: jdk.internal.foreign.NativeMemorySegmentImpl.<init> (0x00007ab287807208) [0x00007ab287807300, 0x00007ab2878077c8] Compiler: c1, Barriers: 3, Oops: 0, ImmediateOops: 1, NonImmediateOops: No
[1,646s][debug][gc,nmethod  ] Register NMethod: java.lang.invoke.VarHandleReferences$FieldInstanceReadWrite.compareAndSet (0x00007ab287807808) [0x00007ab287807900, 0x00007ab287808eb8] Compiler: c1, Barriers: 7, Oops: 1, ImmediateOops: 0, NonImmediateOops: No
[1,647s][debug][gc,nmethod  ] Register NMethod: jdk.internal.foreign.AbstractMemorySegmentImpl.asSlice (0x00007ab287808f08) [0x00007ab287809000, 0x00007ab2878092f8] Compiler: c1, Barriers: 0, Oops: 0, ImmediateOops: 0, NonImmediateOops: No
[1,647s][debug][gc,nmethod  ] Register NMethod: jdk.internal.foreign.AbstractMemorySegmentImpl.checkBounds (0x00007ab287809308) [0x00007ab287809400, 0x00007ab287809690] Compiler: c1, Barriers: 0, Oops: 0, ImmediateOops: 0, NonImmediateOops: No
[1,647s][debug][gc,nmethod  ] Register NMethod: jdk.internal.util.Preconditions.checkIndex (0x00007ab287809708) [0x00007ab287809800, 0x00007ab287809990] Compiler: c1, Barriers: 0, Oops: 0, ImmediateOops: 0, NonImmediateOops: No
[1,647s][debug][gc,nmethod  ] Register NMethod: jdk.internal.foreign.AbstractMemorySegmentImpl.asSlice (0x00007ab287809a08) [0x00007ab287809b00, 0x00007ab287809ff8] Compiler: c1, Barriers: 0, Oops: 0, ImmediateOops: 0, NonImmediateOops: No
[1,647s][debug][gc,nmethod  ] Register NMethod: java.lang.invoke.VarHandleGuards.guard_LLL_Z (0x00007ab28780a008) [0x00007ab28780a100, 0x00007ab28780d000] Compiler: c1, Barriers: 28, Oops: 0, ImmediateOops: 2, NonImmediateOops: No
[1,647s][debug][gc,nmethod  ] Register NMethod: jdk.internal.foreign.AbstractMemorySegmentImpl.asSliceNoCheck (0x00007ab28780d008) [0x00007ab28780d100, 0x00007ab28780d440] Compiler: c1, Barriers: 1, Oops: 0, ImmediateOops: 0, NonImmediateOops: No
[1,647s][debug][gc,nmethod  ] Register NMethod: java.util.concurrent.ConcurrentLinkedDeque.offer (0x00007ab28780d488) [0x00007ab28780d580, 0x00007ab28780d718] Compiler: c1, Barriers: 0, Oops: 0, ImmediateOops: 0, NonImmediateOops: No
[1,647s][debug][gc,nmethod  ] Register NMethod: java.util.concurrent.ConcurrentLinkedDeque.offerLast (0x00007ab28780d788) [0x00007ab28780d880, 0x00007ab28780d9b8] Compiler: c1, Barriers: 0, Oops: 0, ImmediateOops: 0, NonImmediateOops: No
[1,647s][debug][gc,nmethod  ] Register NMethod: jdk.internal.foreign.NativeMemorySegmentImpl.dup (0x00007ab28780da88) [0x00007ab28780db80, 0x00007ab28780e118] Compiler: c1, Barriers: 3, Oops: 0, ImmediateOops: 1, NonImmediateOops: No
[1,647s][debug][gc,nmethod  ] Register NMethod: java.lang.invoke.VarHandleGuards.guard_LL_V (0x00007ab28780e188) [0x00007ab28780e280, 0x00007ab287812e68] Compiler: c1, Barriers: 46, Oops: 1, ImmediateOops: 6, NonImmediateOops: No
[1,647s][debug][gc,nmethod  ] Register NMethod: jdk.internal.foreign.NativeMemorySegmentImpl.dup (0x00007ab287812e88) [0x00007ab287812f80, 0x00007ab287813578] Compiler: c1, Barriers: 3, Oops: 0, ImmediateOops: 1, NonImmediateOops: No
[1,647s][debug][gc,nmethod  ] Register NMethod: jdk.internal.classfile.impl.BufWriterImpl.writeU1U2 (0x00007ab2a6c6e908) [0x00007ab2a6c6ea00, 0x00007ab2a6c6ef00] Compiler: jvmci, Barriers: 4, Oops: 0, ImmediateOops: 0, NonImmediateOops: No
[1,647s][debug][gc,nmethod  ] Register NMethod: jdk.internal.misc.Unsafe.weakCompareAndSetReference (0x00007ab287813588) [0x00007ab287813680, 0x00007ab287813800] Compiler: c1, Barriers: 5, Oops: 0, ImmediateOops: 0, NonImmediateOops: No
[1,648s][debug][gc,nmethod  ] Register NMethod: java.util.concurrent.ConcurrentLinkedDeque.newNode (0x00007ab287813888) [0x00007ab287813980, 0x00007ab287814b50] Compiler: c1, Barriers: 3, Oops: 6, ImmediateOops: 7, NonImmediateOops: No
[1,648s][debug][gc,nmethod  ] Register NMethod: java.lang.invoke.VarHandleReferences$FieldInstanceReadWrite.weakCompareAndSet (0x00007ab287814b88) [0x00007ab287814c80, 0x00007ab2878163b8] Compiler: c1, Barriers: 2, Oops: 1, ImmediateOops: 1, NonImmediateOops: No
[1,649s][debug][gc,nmethod  ] Register NMethod: java.util.concurrent.ConcurrentLinkedDeque.linkLast (0x00007ab287816408) [0x00007ab287816500, 0x00007ab28781b5f8] Compiler: c1, Barriers: 16, Oops: 13, ImmediateOops: 33, NonImmediateOops: No
[1,649s][debug][gc,nmethod  ] Register NMethod: java.lang.Class.cast (0x00007ab2a6c6ef08) [0x00007ab2a6c6f000, 0x00007ab2a6c6f1f0] Compiler: jvmci, Barriers: 0, Oops: 0, ImmediateOops: 0, NonImmediateOops: No
[1,651s][debug][gc,nmethod  ] Register NMethod: java.lang.StringUTF16.compress (0x00007ab2a6c6f208) [0x00007ab2a6c6f3c0, 0x00007ab2a6c6f818] Compiler: jvmci, Barriers: 0, Oops: 0, ImmediateOops: 0, NonImmediateOops: No
[1,652s][debug][gc,nmethod  ] Register NMethod: java.lang.invoke.VarHandle.checkAccessModeThenIsDirect (0x00007ab2a6c6f888) [0x00007ab2a6c6f980, 0x00007ab2a6c6fe28] Compiler: jvmci, Barriers: 11, Oops: 0, ImmediateOops: 1, NonImmediateOops: No
[1,654s][debug][gc,nmethod  ] Register NMethod: jdk.internal.foreign.AbstractMemorySegmentImpl.asSlice (0x00007ab2a6c6fe88) [0x00007ab2a6c6ff80, 0x00007ab2a6c70168] Compiler: jvmci, Barriers: 3, Oops: 0, ImmediateOops: 0, NonImmediateOops: No
[1,655s][debug][gc,nmethod  ] Register NMethod: java.lang.invoke.VarForm.getMemberName (0x00007ab2a6c70188) [0x00007ab2a6c70280, 0x00007ab2a6c70440] Compiler: jvmci, Barriers: 2, Oops: 0, ImmediateOops: 0, NonImmediateOops: No
[1,655s][debug][gc,nmethod  ] Register NMethod: io.sirix.cache.LinuxMemorySegmentAllocator.partitionVirtualRegion (0x00007ab28781b688) [0x00007ab28781b780, 0x00007ab28781c700] Compiler: c1, Barriers: 7, Oops: 4, ImmediateOops: 5, NonImmediateOops: No
[1,656s][debug][gc,nmethod  ] Register NMethod: java.lang.invoke.VarHandleGuards.guard_LLL_Z (0x00007ab2a6c70488) [0x00007ab2a6c705a0, 0x00007ab2a6c70e78] Compiler: jvmci, Barriers: 26, Oops: 0, ImmediateOops: 5, NonImmediateOops: No
[1,656s][debug][gc,nmethod  ] Register NMethod: io.sirix.cache.LinuxMemorySegmentAllocator.partitionVirtualRegion (0x00007ab28781c788) [0x00007ab28781c880, 0x00007ab28781d698] Compiler: c1, Barriers: 7, Oops: 4, ImmediateOops: 5, NonImmediateOops: No
[1,656s][debug][gc,director ] Rule Major: Warmup 10%, Used: 88MB, UsedThreshold: 1228MB
[1,656s][debug][gc,nmethod  ] Register NMethod: java.util.concurrent.ConcurrentLinkedDeque.offer (0x00007ab2a6c70e88) [0x00007ab2a6c70f80, 0x00007ab2a6c71358] Compiler: jvmci, Barriers: 18, Oops: 1, ImmediateOops: 0, NonImmediateOops: No
[1,657s][debug][gc,nmethod  ] Register NMethod: jdk.internal.foreign.AbstractMemorySegmentImpl.asSlice (0x00007ab2a6c71388) [0x00007ab2a6c71480, 0x00007ab2a6c71668] Compiler: jvmci, Barriers: 3, Oops: 0, ImmediateOops: 0, NonImmediateOops: No
[1,657s][debug][gc,nmethod  ] Register NMethod: java.util.concurrent.ConcurrentLinkedDeque.linkLast (0x00007ab2a6c71688) [0x00007ab2a6c71780, 0x00007ab2a6c71b58] Compiler: jvmci, Barriers: 18, Oops: 1, ImmediateOops: 0, NonImmediateOops: No
[1,657s][debug][gc,nmethod  ] Register NMethod: jdk.internal.foreign.AbstractMemorySegmentImpl.asSliceNoCheck (0x00007ab2a6c71b88) [0x00007ab2a6c71c80, 0x00007ab2a6c71df8] Compiler: jvmci, Barriers: 3, Oops: 0, ImmediateOops: 0, NonImmediateOops: No
[1,658s][debug][gc,nmethod  ] Register NMethod: jdk.internal.misc.Unsafe.weakCompareAndSetReference (0x00007ab2a6c71e88) [0x00007ab2a6c71f80, 0x00007ab2a6c72070] Compiler: jvmci, Barriers: 5, Oops: 0, ImmediateOops: 0, NonImmediateOops: No
[1,658s][debug][gc,nmethod  ] Register NMethod: jdk.internal.foreign.NativeMemorySegmentImpl.dup (0x00007ab2a6c72188) [0x00007ab2a6c722a0, 0x00007ab2a6c723f0] Compiler: jvmci, Barriers: 2, Oops: 0, ImmediateOops: 0, NonImmediateOops: No
[1,659s][debug][gc,alloc    ] Mutator Allocation Rate: 170,4MB/s Predicted: 170,4MB/s, Avg: 170,4(+/-0,0)MB/s
[1,659s][debug][gc,director ] Rule Major: Warmup 10%, Used: 100MB, UsedThreshold: 1228MB
[1,660s][debug][gc,nmethod  ] Register NMethod: java.lang.invoke.VarHandleReferences$FieldInstanceReadWrite.set (0x00007ab2a6c72488) [0x00007ab2a6c72580, 0x00007ab2a6c72b18] Compiler: jvmci, Barriers: 5, Oops: 0, ImmediateOops: 0, NonImmediateOops: No
[1,661s][debug][gc,nmethod  ] Register NMethod: jdk.internal.classfile.impl.BufWriterImpl.writeUtfEntry (0x00007ab2a6c72b88) [0x00007ab2a6c72ca0, 0x00007ab2a6c737b0] Compiler: jvmci, Barriers: 5, Oops: 0, ImmediateOops: 0, NonImmediateOops: No
[1,662s][debug][gc,nmethod  ] Register NMethod: java.lang.invoke.VarHandleGuards.guard_LL_V (0x00007ab2a6c73808) [0x00007ab2a6c73900, 0x00007ab2a6c74180] Compiler: jvmci, Barriers: 26, Oops: 0, ImmediateOops: 5, NonImmediateOops: No
[1,668s][debug][gc,nmethod  ] Register NMethod: io.sirix.cache.LinuxMemorySegmentAllocator.partitionVirtualRegion (0x00007ab2a6c74188) [0x00007ab2a6c74280, 0x00007ab2a6c751e8] Compiler: jvmci, Barriers: 57, Oops: 3, ImmediateOops: 0, NonImmediateOops: No
[1,670s][debug][gc,director ] Rule Major: Warmup 10%, Used: 132MB, UsedThreshold: 1228MB
[1,679s][debug][gc,nmethod  ] Register NMethod: java.nio.ByteBuffer.position (0x00007ab28781d708) [0x00007ab28781d800, 0x00007ab28781d948] Compiler: c1, Barriers: 0, Oops: 0, ImmediateOops: 0, NonImmediateOops: No
[1,680s][debug][gc,director ] Rule Major: Warmup 10%, Used: 166MB, UsedThreshold: 1228MB
[1,687s][debug][gc,alloc    ] Mutator Allocation Rate: 324,6MB/s Predicted: 478,9MB/s, Avg: 247,5(+/-77,1)MB/s
[1,688s][debug][gc,director ] Rule Major: Warmup 10%, Used: 196MB, UsedThreshold: 1228MB
[1,690s][debug][gc,nmethod  ] Register NMethod: java.util.concurrent.TimeUnit.toMillis (0x00007ab28781da08) [0x00007ab28781db00, 0x00007ab28781ddb8] Compiler: c1, Barriers: 0, Oops: 0, ImmediateOops: 0, NonImmediateOops: No
[1,695s][debug][gc,nmethod  ] Register NMethod: io.sirix.cache.LinuxMemorySegmentAllocator.partitionVirtualRegion (0x00007ab2a6c75208) [0x00007ab2a6c75300, 0x00007ab2a6c76b68] Compiler: jvmci, Barriers: 84, Oops: 10, ImmediateOops: 8, NonImmediateOops: No
[1,695s][debug][gc,nmethod  ] Register NMethod: java.lang.Boolean.booleanValue (0x00007ab2a6c76c08) [0x00007ab2a6c76d00, 0x00007ab2a6c76dc0] Compiler: c1, Barriers: 0, Oops: 0, ImmediateOops: 0, NonImmediateOops: No
[1,696s][debug][gc,nmethod  ] Register NMethod: java.util.concurrent.CopyOnWriteArrayList.getArray (0x00007ab2a6c76f08) [0x00007ab2a6c77000, 0x00007ab2a6c770e8] Compiler: c1, Barriers: 1, Oops: 0, ImmediateOops: 0, NonImmediateOops: No
[1,696s][debug][gc,nmethod  ] Register NMethod: jdk.internal.misc.Unsafe.putInt (0x00007ab2a6c77208) [0x00007ab2a6c77300, 0x00007ab2a6c77458] Compiler: , Barriers: 0, Oops: 0, ImmediateOops: 0, NonImmediateOops: No
[1,698s][debug][gc,director ] Rule Major: Warmup 10%, Used: 228MB, UsedThreshold: 1228MB
[1,702s][debug][gc,nmethod  ] Register NMethod: java.nio.Buffer.limit (0x00007ab28781de08) [0x00007ab28781df00, 0x00007ab28781e170] Compiler: c1, Barriers: 0, Oops: 0, ImmediateOops: 0, NonImmediateOops: No
[1,703s][debug][gc,nmethod  ] Register NMethod: java.lang.Class.isArray (0x00007ab2a6c77508) [0x00007ab2a6c77600, 0x00007ab2a6c776b8] Compiler: jvmci, Barriers: 1, Oops: 0, ImmediateOops: 0, NonImmediateOops: No
[1,703s][debug][gc,nmethod  ] Register NMethod: org.gradle.internal.remote.internal.hub.MessageHub.access$300 (0x00007ab2a6c77808) [0x00007ab2a6c77900, 0x00007ab2a6c779d0] Compiler: c1, Barriers: 1, Oops: 1, ImmediateOops: 0, NonImmediateOops: No
[1,703s][debug][gc,nmethod  ] Register NMethod: jdk.internal.misc.Unsafe.getIntVolatile (0x00007ab2a6c77b08) [0x00007ab2a6c77c00, 0x00007ab2a6c77d68] Compiler: , Barriers: 0, Oops: 0, ImmediateOops: 0, NonImmediateOops: No
[1,703s][debug][gc,nmethod  ] Register NMethod: java.lang.Long.longValue (0x00007ab2a6c77e08) [0x00007ab2a6c77f00, 0x00007ab2a6c77fc0] Compiler: c1, Barriers: 0, Oops: 0, ImmediateOops: 0, NonImmediateOops: No
[1,703s][debug][gc,nmethod  ] Register NMethod: com.esotericsoftware.kryo.io.Output.require (0x00007ab28781e188) [0x00007ab28781e280, 0x00007ab2878209c0] Compiler: c1, Barriers: 4, Oops: 4, ImmediateOops: 6, NonImmediateOops: No
[1,703s][debug][gc,nmethod  ] Register NMethod: java.nio.ByteBuffer.limit (0x00007ab287820a08) [0x00007ab287820b00, 0x00007ab287820c48] Compiler: c1, Barriers: 0, Oops: 0, ImmediateOops: 0, NonImmediateOops: No
[1,703s][debug][gc,nmethod  ] Register NMethod: java.nio.ByteBuffer.position (0x00007ab287820d08) [0x00007ab287820e00, 0x00007ab287821100] Compiler: c1, Barriers: 0, Oops: 0, ImmediateOops: 0, NonImmediateOops: No
[1,703s][debug][gc,nmethod  ] Register NMethod: java.util.concurrent.locks.AbstractQueuedSynchronizer.compareAndSetState (0x00007ab287821108) [0x00007ab287821200, 0x00007ab287821318] Compiler: c1, Barriers: 0, Oops: 0, ImmediateOops: 0, NonImmediateOops: No
[1,706s][debug][gc,nmethod  ] Register NMethod: org.gradle.internal.io.StreamByteBuffer.hasRemaining (0x00007ab287821408) [0x00007ab287821500, 0x00007ab2878218f0] Compiler: c1, Barriers: 0, Oops: 1, ImmediateOops: 0, NonImmediateOops: No
[1,706s][debug][gc,nmethod  ] Register NMethod: java.text.StringBufFactory$StringBuilderImpl.length (0x00007ab287821908) [0x00007ab287821a00, 0x00007ab287821d70] Compiler: c1, Barriers: 1, Oops: 0, ImmediateOops: 0, NonImmediateOops: No
[1,706s][debug][gc,nmethod  ] Register NMethod: java.util.concurrent.locks.AbstractQueuedSynchronizer.release (0x00007ab287821d88) [0x00007ab287821e80, 0x00007ab287822cb8] Compiler: c1, Barriers: 3, Oops: 0, ImmediateOops: 2, NonImmediateOops: No
[1,706s][debug][gc,nmethod  ] Register NMethod: java.util.concurrent.locks.ReentrantLock$Sync.tryRelease (0x00007ab287822d08) [0x00007ab287822e00, 0x00007ab287823900] Compiler: c1, Barriers: 5, Oops: 0, ImmediateOops: 0, NonImmediateOops: No
[1,706s][debug][gc,nmethod  ] Register NMethod: java.util.zip.ZipFile$CleanableResource.getInflater (0x00007ab287823908) [0x00007ab287823a00, 0x00007ab287824260] Compiler: c1, Barriers: 2, Oops: 0, ImmediateOops: 0, NonImmediateOops: No
[1,707s][debug][gc,nmethod  ] Register NMethod: ch.qos.logback.core.pattern.FormattingConverter.write (0x00007ab287824288) [0x00007ab287824380, 0x00007ab287827288] Compiler: c1, Barriers: 2, Oops: 1, ImmediateOops: 0, NonImmediateOops: No
[1,707s][debug][gc,nmethod  ] Register NMethod: java.util.zip.ZipFile$CleanableResource.releaseInflater (0x00007ab287827308) [0x00007ab287827400, 0x00007ab287827a78] Compiler: c1, Barriers: 2, Oops: 0, ImmediateOops: 0, NonImmediateOops: No
[1,707s][debug][gc,nmethod  ] Register NMethod: java.lang.Class.getClassData (0x00007ab2a6c78108) [0x00007ab2a6c78200, 0x00007ab2a6c782e8] Compiler: c1, Barriers: 1, Oops: 0, ImmediateOops: 0, NonImmediateOops: No
[1,708s][debug][gc,director ] Rule Major: Warmup 10%, Used: 242MB, UsedThreshold: 1228MB
[1,716s][debug][gc,nmethod  ] Register NMethod: java.lang.invoke.MethodHandle.linkToSpecial (0x00007ab2a6c78408) [0x00007ab2a6c78500, 0x00007ab2a6c785f8] Compiler: , Barriers: 0, Oops: 0, ImmediateOops: 0, NonImmediateOops: No
[1,716s][debug][gc,nmethod  ] Register NMethod: jdk.internal.classfile.impl.SplitConstantPool.internalAdd (0x00007ab2a6c78708) [0x00007ab2a6c78820, 0x00007ab2a6c793f8] Compiler: jvmci, Barriers: 12, Oops: 0, ImmediateOops: 1, NonImmediateOops: No
[1,716s][debug][gc,nmethod  ] Register NMethod: jdk.internal.classfile.impl.UnboundAttribute$UnboundSourceFileAttribute.sourceFile (0x00007ab2a6c79408) [0x00007ab2a6c79500, 0x00007ab2a6c795e8] Compiler: c1, Barriers: 1, Oops: 0, ImmediateOops: 0, NonImmediateOops: No
[1,716s][debug][gc,nmethod  ] Register NMethod: java.lang.invoke.MethodHandle.invokeBasic (0x00007ab2a6c79708) [0x00007ab2a6c79800, 0x00007ab2a6c79a98] Compiler: , Barriers: 0, Oops: 0, ImmediateOops: 0, NonImmediateOops: No
[1,716s][debug][gc,nmethod  ] Register NMethod: java.lang.invoke.MethodHandle.linkToSpecial (0x00007ab2a6c79b08) [0x00007ab2a6c79c00, 0x00007ab2a6c79cf8] Compiler: , Barriers: 0, Oops: 0, ImmediateOops: 0, NonImmediateOops: No
[1,717s][debug][gc,nmethod  ] Register NMethod: java.lang.AbstractStringBuilder.ensureCapacityNewCoder (0x00007ab2a6c79e08) [0x00007ab2a6c79f00, 0x00007ab2a6c7a4b0] Compiler: jvmci, Barriers: 0, Oops: 0, ImmediateOops: 0, NonImmediateOops: No
[1,717s][debug][gc,nmethod  ] Register NMethod: jdk.internal.classfile.impl.BufWriterImpl.patchInt (0x00007ab2a6c7a508) [0x00007ab2a6c7a600, 0x00007ab2a6c7a768] Compiler: jvmci, Barriers: 1, Oops: 0, ImmediateOops: 0, NonImmediateOops: No
[1,718s][debug][gc,nmethod  ] Register NMethod: java.lang.Integer.hashCode (0x00007ab2a6c7a808) [0x00007ab2a6c7a900, 0x00007ab2a6c7a988] Compiler: jvmci, Barriers: 0, Oops: 0, ImmediateOops: 0, NonImmediateOops: No
[1,718s][debug][gc,director ] Rule Major: Warmup 10%, Used: 242MB, UsedThreshold: 1228MB
[1,719s][debug][gc,nmethod  ] Register NMethod: io.sirix.cache.LinuxMemorySegmentAllocator.partitionVirtualRegion (0x00007ab2a6c7ab08) [0x00007ab2a6c7ac00, 0x00007ab2a6c7ca20] Compiler: jvmci, Barriers: 91, Oops: 12, ImmediateOops: 11, NonImmediateOops: No
[1,721s][debug][gc,nmethod  ] Register NMethod: java.lang.reflect.Modifier.isFinal (0x00007ab287827a88) [0x00007ab287827b80, 0x00007ab287827cb0] Compiler: c1, Barriers: 0, Oops: 0, ImmediateOops: 0, NonImmediateOops: No
[1,721s][debug][gc,nmethod  ] Register NMethod: java.lang.invoke.MethodHandle.linkToStatic (0x00007ab2a6c7ca88) [0x00007ab2a6c7cb80, 0x00007ab2a6c7cc70] Compiler: , Barriers: 0, Oops: 0, ImmediateOops: 0, NonImmediateOops: No
[1,721s][debug][gc,nmethod  ] Register NMethod: sun.invoke.util.Wrapper.forBasicType (0x00007ab287827d88) [0x00007ab287827e80, 0x00007ab2878282f8] Compiler: c1, Barriers: 0, Oops: 0, ImmediateOops: 19, NonImmediateOops: No
[1,722s][debug][gc,nmethod  ] Register NMethod: java.lang.AbstractStringBuilder.needsNewBuffer (0x00007ab2a6c7cd88) [0x00007ab2a6c7ce80, 0x00007ab2a6c7cf58] Compiler: jvmci, Barriers: 0, Oops: 0, ImmediateOops: 0, NonImmediateOops: No
[1,722s][debug][gc,nmethod  ] Register NMethod: java.lang.invoke.MethodHandles$Lookup.resolveOrFail (0x00007ab287828308) [0x00007ab287828400, 0x00007ab287829180] Compiler: c1, Barriers: 1, Oops: 1, ImmediateOops: 3, NonImmediateOops: No
[1,722s][debug][gc,nmethod  ] Register NMethod: java.lang.invoke.MethodHandles$Lookup.checkMethodName (0x00007ab287829208) [0x00007ab287829300, 0x00007ab28782a468] Compiler: c1, Barriers: 0, Oops: 2, ImmediateOops: 3, NonImmediateOops: No
[1,724s][debug][gc,nmethod  ] Register NMethod: java.util.concurrent.atomic.AtomicLong.get (0x00007ab2a6c7d088) [0x00007ab2a6c7d180, 0x00007ab2a6c7d248] Compiler: c1, Barriers: 0, Oops: 0, ImmediateOops: 0, NonImmediateOops: No
[1,724s][debug][gc,nmethod  ] Register NMethod: java.lang.invoke.MethodHandle.linkToStatic (0x00007ab2a6c7d388) [0x00007ab2a6c7d480, 0x00007ab2a6c7d570] Compiler: , Barriers: 0, Oops: 0, ImmediateOops: 0, NonImmediateOops: No
[1,725s][debug][gc,nmethod  ] Register NMethod: io.sirix.access.trx.RevisionEpochTracker$Slot.<init> (0x00007ab28782a488) [0x00007ab28782a580, 0x00007ab28782a6f8] Compiler: c1, Barriers: 0, Oops: 1, ImmediateOops: 0, NonImmediateOops: No
[1,725s][debug][gc,nmethod  ] Register NMethod: java.lang.invoke.MethodHandle.invokeBasic (0x00007ab2a6c7d688) [0x00007ab2a6c7d780, 0x00007ab2a6c7da18] Compiler: , Barriers: 0, Oops: 0, ImmediateOops: 0, NonImmediateOops: No
[1,725s][debug][gc,nmethod  ] Register NMethod: java.lang.invoke.VarHandleReferences$Array.setVolatile (0x00007ab28782a788) [0x00007ab28782a880, 0x00007ab28782c778] Compiler: c1, Barriers: 8, Oops: 2, ImmediateOops: 1, NonImmediateOops: No
[1,725s][debug][gc,nmethod  ] Register NMethod: java.lang.invoke.VarHandleReferences$Array.runtimeTypeCheck (0x00007ab28782c808) [0x00007ab28782c900, 0x00007ab28782dcd0] Compiler: c1, Barriers: 5, Oops: 0, ImmediateOops: 0, NonImmediateOops: No
[1,725s][debug][gc,nmethod  ] Register NMethod: java.util.concurrent.atomic.AtomicReferenceArray.set (0x00007ab28782dd08) [0x00007ab28782de00, 0x00007ab28782fdf8] Compiler: c1, Barriers: 7, Oops: 7, ImmediateOops: 10, NonImmediateOops: No
[1,725s][debug][gc,nmethod  ] Register NMethod: java.lang.invoke.VarHandleGuards.guard_LIL_V (0x00007ab28782fe88) [0x00007ab28782ff80, 0x00007ab287834b80] Compiler: c1, Barriers: 46, Oops: 1, ImmediateOops: 6, NonImmediateOops: No
[1,726s][debug][gc,nmethod  ] Register NMethod: java.nio.Buffer.<init> (0x00007ab287834c08) [0x00007ab287834d00, 0x00007ab2878366f8] Compiler: c1, Barriers: 3, Oops: 3, ImmediateOops: 4, NonImmediateOops: No
[1,726s][debug][gc,nmethod  ] Register NMethod: java.util.ArrayList.addAll (0x00007ab287836788) [0x00007ab287836880, 0x00007ab287836e20] Compiler: c1, Barriers: 1, Oops: 0, ImmediateOops: 0, NonImmediateOops: No
[1,727s][debug][gc,nmethod  ] Register NMethod: java.util.concurrent.locks.ReentrantLock$NonfairSync.initialTryLock (0x00007ab287836e88) [0x00007ab287836f80, 0x00007ab287837c70] Compiler: c1, Barriers: 5, Oops: 0, ImmediateOops: 1, NonImmediateOops: No
[1,728s][debug][gc,nmethod  ] Register NMethod: org.gradle.internal.io.StreamByteBuffer$StreamByteBufferChunk.write (0x00007ab2a6c7da88) [0x00007ab2a6c7db80, 0x00007ab2a6c7dcc8] Compiler: jvmci, Barriers: 1, Oops: 1, ImmediateOops: 0, NonImmediateOops: No
[1,728s][debug][gc,director ] Rule Major: Warmup 10%, Used: 250MB, UsedThreshold: 1228MB
[1,729s][debug][gc,nmethod  ] Register NMethod: java.lang.String.indexOf (0x00007ab2a6c7dd88) [0x00007ab2a6c7de80, 0x00007ab2a6c7dfd8] Compiler: jvmci, Barriers: 1, Oops: 0, ImmediateOops: 0, NonImmediateOops: No
[1,730s][debug][gc,nmethod  ] Register NMethod: org.gradle.internal.io.LineBufferingOutputStream.write (0x00007ab2a6c7e088) [0x00007ab2a6c7e180, 0x00007ab2a6c7e490] Compiler: jvmci, Barriers: 4, Oops: 1, ImmediateOops: 0, NonImmediateOops: No
[1,733s][debug][gc,nmethod  ] Register NMethod: java.lang.AbstractStringBuilder.append (0x00007ab2a6c7e508) [0x00007ab2a6c7e600, 0x00007ab2a6c7ee30] Compiler: jvmci, Barriers: 4, Oops: 0, ImmediateOops: 0, NonImmediateOops: No
[1,734s][info ][gc          ] GC(0) Major Collection (Metadata GC Threshold)
[1,734s][info ][gc,task     ] GC(0) Using 1 Workers for Young Generation
[1,734s][info ][gc,task     ] GC(0) Using 1 Workers for Old Generation
[1,734s][debug][gc,heap     ] GC(0) Y: Heap Before GC invocations=0 (full 0):
[1,734s][debug][gc,heap     ] GC(0) Y:  ZHeap           used 250M, capacity 5120M, max capacity 12288M
[1,734s][debug][gc,heap     ] GC(0) Y:   Cache          4870M (1)
[1,734s][debug][gc,heap     ] GC(0) Y:    size classes  4G (1)
[1,734s][debug][gc,metaspace] GC(0) Y: Metaspace Before GC invocations=0 (full 0):
[1,734s][debug][gc,metaspace] GC(0) Y:  Metaspace       used 21214K, committed 21568K, reserved 1114112K
[1,734s][debug][gc,metaspace] GC(0) Y:   class space    used 1778K, committed 1920K, reserved 1048576K
[1,734s][info ][gc,phases   ] GC(0) Y: Young Generation
[1,735s][debug][gc,reloc    ] Synchronize all workers 1 _nworkers: 0 _nsynchronized: 0
[1,735s][debug][gc,reloc    ] Synchronize all workers 1 _nworkers: 0 _nsynchronized: 0
[1,735s][debug][gc,phases,start] GC(0) Y: Pause Mark Start (Major)
[1,735s][debug][gc,tlab        ] GC(0) Y: TLAB usage update: used 0M -> 218M, capacity: 0M -> 218M
[1,735s][debug][gc,marking     ] GC(0) Y: Using 1 mark stripes
[1,735s][debug][gc,marking     ] GC(0) Y: Mark Worker/Stripe Distribution
[1,735s][debug][gc,marking     ] GC(0) Y:   Worker 0(1) -> Stripe 0(1)
[1,735s][debug][gc,marking     ] GC(0) Y: Using 1 mark stripes
[1,735s][debug][gc,marking     ] GC(0) Y: Mark Worker/Stripe Distribution
[1,735s][debug][gc,marking     ] GC(0) Y:   Worker 0(1) -> Stripe 0(1)
[1,735s][info ][gc,phases      ] GC(0) Y: Pause Mark Start (Major) 0,085ms
[1,735s][debug][gc,reloc       ] Desynchronize all workers _nworkers: 0 _nsynchronized: 0
[1,735s][debug][gc,reloc       ] Desynchronize all workers _nworkers: 0 _nsynchronized: 0
[1,735s][debug][gc,phases,start] GC(0) Y: Concurrent Mark
[1,735s][debug][gc,phases,start] GC(0) Y: Concurrent Mark Roots
[1,735s][debug][gc,task        ] GC(0) Y: Executing ZMarkYoungRootsTask using ZWorkerYoung with 1 workers
[1,735s][debug][gc,marking     ] Resurrection broke termination
[1,737s][debug][gc,tlab        ] GC(0) Y: TLAB totals: thrds: 15  refills: 801 max: 786 slow allocs: 54 max 54 waste:  1,8% gc: 3222216B max: 261928B slow: 517008B max: 516408B
[1,737s][debug][gc,phases      ] GC(0) Y: Concurrent Mark Roots 2,431ms
[1,737s][debug][gc,phases,start] GC(0) Y: Concurrent Mark Follow
[1,737s][debug][gc,marking     ] GC(0) Y: Using 1 mark stripes
[1,737s][debug][gc,task        ] GC(0) Y: Executing ZRememberedScanMarkFollowTask using ZWorkerYoung with 1 workers
[1,738s][debug][gc,nmethod     ] Register NMethod: java.lang.ClassLoader.checkName (0x00007ab2a6c7ee88) [0x00007ab2a6c7ef80, 0x00007ab2a6c7f108] Compiler: jvmci, Barriers: 1, Oops: 0, ImmediateOops: 0, NonImmediateOops: No
[1,752s][debug][gc,nmethod     ] Register NMethod: java.lang.Class.getConstantPool (0x00007ab2a6c7f188) [0x00007ab2a6c7f280, 0x00007ab2a6c7f5a0] Compiler: , Barriers: 0, Oops: 0, ImmediateOops: 0, NonImmediateOops: No
[1,752s][debug][gc,nmethod     ] Register NMethod: java.lang.reflect.Executable.declaredAnnotations (0x00007ab287837c88) [0x00007ab287837d80, 0x00007ab287838f60] Compiler: c1, Barriers: 6, Oops: 0, ImmediateOops: 1, NonImmediateOops: No
[1,752s][debug][gc,nmethod     ] Register NMethod: java.lang.Byte.hashCode (0x00007ab287838f88) [0x00007ab287839080, 0x00007ab2878391d8] Compiler: c1, Barriers: 0, Oops: 0, ImmediateOops: 0, NonImmediateOops: No
[1,752s][debug][gc,nmethod     ] Register NMethod: java.lang.Byte.hashCode (0x00007ab287839288) [0x00007ab287839380, 0x00007ab287839460] Compiler: c1, Barriers: 0, Oops: 0, ImmediateOops: 0, NonImmediateOops: No
[1,752s][debug][gc,nmethod     ] Register NMethod: jdk.internal.misc.Unsafe.shouldBeInitialized (0x00007ab287839588) [0x00007ab287839680, 0x00007ab2878398a0] Compiler: c1, Barriers: 0, Oops: 0, ImmediateOops: 0, NonImmediateOops: No
[1,753s][debug][gc,nmethod     ] Register NMethod: java.lang.reflect.Constructor.getDeclaringClass (0x00007ab2a6c7f608) [0x00007ab2a6c7f700, 0x00007ab2a6c7f7e8] Compiler: c1, Barriers: 1, Oops: 0, ImmediateOops: 0, NonImmediateOops: No
[1,753s][debug][gc,nmethod     ] Register NMethod: java.lang.invoke.Invokers.maybeCustomize (0x00007ab287839908) [0x00007ab287839a00, 0x00007ab287839cd8] Compiler: c1, Barriers: 0, Oops: 0, ImmediateOops: 0, NonImmediateOops: No
[1,754s][debug][gc,nmethod     ] Register NMethod: java.lang.invoke.MethodHandle.maybeCustomize (0x00007ab287839d08) [0x00007ab287839e00, 0x00007ab28783a498] Compiler: c1, Barriers: 2, Oops: 0, ImmediateOops: 0, NonImmediateOops: No
[1,754s][debug][gc,nmethod     ] Register NMethod: java.lang.invoke.Invokers.checkCustomized (0x00007ab28783a508) [0x00007ab28783a600, 0x00007ab28783a820] Compiler: c1, Barriers: 2, Oops: 0, ImmediateOops: 0, NonImmediateOops: No
[1,754s][debug][gc,nmethod     ] Register NMethod: java.lang.invoke.Invokers.checkExactType (0x00007ab28783a888) [0x00007ab28783a980, 0x00007ab28783ace0] Compiler: c1, Barriers: 1, Oops: 0, ImmediateOops: 0, NonImmediateOops: No
[1,754s][debug][gc,nmethod     ] Register NMethod: jdk.internal.classfile.impl.UnboundAttribute.writeTo (0x00007ab28783ad08) [0x00007ab28783ae00, 0x00007ab28783b248] Compiler: c1, Barriers: 2, Oops: 0, ImmediateOops: 0, NonImmediateOops: No
[1,754s][debug][gc,nmethod     ] Register NMethod: jdk.internal.classfile.impl.DirectMethodBuilder.with (0x00007ab28783b288) [0x00007ab28783b380, 0x00007ab28783c160] Compiler: c1, Barriers: 2, Oops: 0, ImmediateOops: 0, NonImmediateOops: No
[1,754s][debug][gc,nmethod     ] Register NMethod: jdk.internal.classfile.impl.DirectMethodBuilder.with (0x00007ab28783c188) [0x00007ab28783c280, 0x00007ab28783d4a0] Compiler: c1, Barriers: 2, Oops: 0, ImmediateOops: 0, NonImmediateOops: No
[1,756s][debug][gc,nmethod     ] Register NMethod: java.lang.invoke.MethodHandle.linkToVirtual (0x00007ab2a6c7f908) [0x00007ab2a6c7fa00, 0x00007ab2a6c7fa28] Compiler: , Barriers: 0, Oops: 0, ImmediateOops: 0, NonImmediateOops: No
[1,757s][debug][gc,nmethod     ] Register NMethod: java.lang.invoke.MethodHandle.linkToVirtual (0x00007ab2a6c7fc08) [0x00007ab2a6c7fd00, 0x00007ab2a6c7fd28] Compiler: , Barriers: 0, Oops: 0, ImmediateOops: 0, NonImmediateOops: No
[1,758s][debug][gc,nmethod     ] Register NMethod: java.lang.Object.<init> (0x00007ab2a6c7ff08) [0x00007ab2a6c80000, 0x00007ab2a6c800b8] Compiler: jvmci, Barriers: 0, Oops: 0, ImmediateOops: 0, NonImmediateOops: No
[1,759s][debug][gc,nmethod     ] Register NMethod: java.lang.Module.allows (0x00007ab28783d508) [0x00007ab28783d600, 0x00007ab28783e168] Compiler: c1, Barriers: 1, Oops: 0, ImmediateOops: 3, NonImmediateOops: No
[1,759s][debug][gc,nmethod     ] Register NMethod: java.lang.invoke.MemberName.<init> (0x00007ab28783e188) [0x00007ab28783e280, 0x00007ab287840188] Compiler: c1, Barriers: 0, Oops: 4, ImmediateOops: 6, NonImmediateOops: No
[1,759s][debug][gc,nmethod     ] Register NMethod: ch.qos.logback.classic.Logger.appendLoopOnAppenders (0x00007ab287840208) [0x00007ab287840300, 0x00007ab2878404e0] Compiler: c1, Barriers: 1, Oops: 1, ImmediateOops: 0, NonImmediateOops: No
[1,760s][debug][gc,nmethod     ] Register NMethod: java.lang.invoke.MethodHandle.linkToStatic (0x00007ab2a6c80208) [0x00007ab2a6c80300, 0x00007ab2a6c803f0] Compiler: , Barriers: 0, Oops: 0, ImmediateOops: 0, NonImmediateOops: No
[1,761s][debug][gc,nmethod     ] Register NMethod: sun.invoke.util.Wrapper.basicTypeChar (0x00007ab2a6c80508) [0x00007ab2a6c80600, 0x00007ab2a6c806c8] Compiler: c1, Barriers: 0, Oops: 0, ImmediateOops: 0, NonImmediateOops: No
[1,761s][debug][gc,nmethod     ] Register NMethod: java.lang.invoke.MethodHandle.linkToStatic (0x00007ab2a6c80808) [0x00007ab2a6c80900, 0x00007ab2a6c809f0] Compiler: , Barriers: 0, Oops: 0, ImmediateOops: 0, NonImmediateOops: No
[1,761s][debug][gc,nmethod     ] Register NMethod: java.lang.invoke.MemberName$Factory.resolveOrNull (0x00007ab287840508) [0x00007ab287840600, 0x00007ab287840a78] Compiler: c1, Barriers: 1, Oops: 0, ImmediateOops: 0, NonImmediateOops: No
[1,761s][debug][gc,nmethod     ] Register NMethod: java.lang.invoke.MemberName.hashCode (0x00007ab287840a88) [0x00007ab287840b80, 0x00007ab2878425a0] Compiler: c1, Barriers: 14, Oops: 0, ImmediateOops: 0, NonImmediateOops: No
[1,761s][debug][gc,nmethod     ] Register NMethod: java.util.concurrent.locks.ReentrantLock.unlock (0x00007ab287842608) [0x00007ab287842700, 0x00007ab287842d18] Compiler: c1, Barriers: 2, Oops: 0, ImmediateOops: 0, NonImmediateOops: No
[1,761s][debug][gc,nmethod     ] Register NMethod: java.util.concurrent.locks.ReentrantLock$Sync.lock (0x00007ab287842d88) [0x00007ab287842e80, 0x00007ab2878433f8] Compiler: c1, Barriers: 0, Oops: 0, ImmediateOops: 0, NonImmediateOops: No
[1,761s][debug][gc,nmethod     ] Register NMethod: java.util.concurrent.locks.ReentrantLock.lock (0x00007ab287843408) [0x00007ab287843500, 0x00007ab287843cd0] Compiler: c1, Barriers: 1, Oops: 0, ImmediateOops: 0, NonImmediateOops: No
[1,761s][debug][gc,nmethod     ] Register NMethod: jdk.internal.misc.Unsafe.checkSize (0x00007ab287843d08) [0x00007ab287843e00, 0x00007ab287844060] Compiler: c1, Barriers: 0, Oops: 0, ImmediateOops: 0, NonImmediateOops: No
[1,762s][debug][gc,nmethod     ] Register NMethod: jdk.internal.util.ArraysSupport.mismatch (0x00007ab287844088) [0x00007ab287844180, 0x00007ab287844538] Compiler: c1, Barriers: 0, Oops: 0, ImmediateOops: 0, NonImmediateOops: No
[1,762s][debug][gc,nmethod     ] Register NMethod: java.util.ArrayDeque.isEmpty (0x00007ab287844588) [0x00007ab287844680, 0x00007ab2878447d0] Compiler: c1, Barriers: 0, Oops: 0, ImmediateOops: 0, NonImmediateOops: No
[1,762s][debug][gc,nmethod     ] Register NMethod: ch.qos.logback.classic.Logger.getName (0x00007ab2a6c80b08) [0x00007ab2a6c80c00, 0x00007ab2a6c80ce8] Compiler: c1, Barriers: 1, Oops: 1, ImmediateOops: 0, NonImmediateOops: No
[1,762s][debug][gc,nmethod     ] Register NMethod: jdk.internal.misc.Unsafe.copyMemoryChecks (0x00007ab287844888) [0x00007ab287844980, 0x00007ab287845f38] Compiler: c1, Barriers: 4, Oops: 0, ImmediateOops: 0, NonImmediateOops: No
[1,762s][debug][gc,nmethod     ] Register NMethod: jdk.internal.misc.Unsafe.copyMemory (0x00007ab287845f88) [0x00007ab287846080, 0x00007ab287847640] Compiler: c1, Barriers: 4, Oops: 0, ImmediateOops: 0, NonImmediateOops: No
[1,763s][debug][gc,nmethod     ] Register NMethod: java.util.Formatter$Flags.contains (0x00007ab287847688) [0x00007ab287847780, 0x00007ab2878478b0] Compiler: c1, Barriers: 0, Oops: 0, ImmediateOops: 0, NonImmediateOops: No
[1,763s][debug][gc,nmethod     ] Register NMethod: java.nio.charset.CoderResult.isUnderflow (0x00007ab287847988) [0x00007ab287847a80, 0x00007ab287847bd0] Compiler: c1, Barriers: 0, Oops: 0, ImmediateOops: 0, NonImmediateOops: No
[1,764s][debug][gc,nmethod     ] Register NMethod: java.nio.ByteBuffer.arrayOffset (0x00007ab287847c88) [0x00007ab287847d80, 0x00007ab287848060] Compiler: c1, Barriers: 1, Oops: 0, ImmediateOops: 0, NonImmediateOops: No
[1,764s][debug][gc,nmethod     ] Register NMethod: java.nio.CharBuffer.arrayOffset (0x00007ab287848088) [0x00007ab287848180, 0x00007ab287848460] Compiler: c1, Barriers: 1, Oops: 0, ImmediateOops: 0, NonImmediateOops: No
[1,764s][debug][gc,nmethod     ] Register NMethod: java.nio.Buffer.remaining (0x00007ab287848488) [0x00007ab287848580, 0x00007ab2878486f0] Compiler: c1, Barriers: 0, Oops: 0, ImmediateOops: 0, NonImmediateOops: No
[1,764s][debug][gc,nmethod     ] Register NMethod: java.nio.Buffer.capacity (0x00007ab2a6c80e08) [0x00007ab2a6c80f00, 0x00007ab2a6c80fc0] Compiler: c1, Barriers: 0, Oops: 0, ImmediateOops: 0, NonImmediateOops: No
[1,764s][debug][gc,nmethod     ] Register NMethod: java.nio.CharBuffer.position (0x00007ab287848788) [0x00007ab287848880, 0x00007ab2878489c8] Compiler: c1, Barriers: 0, Oops: 0, ImmediateOops: 0, NonImmediateOops: No
[1,764s][debug][gc,nmethod     ] Register NMethod: java.nio.CharBuffer.position (0x00007ab287848a88) [0x00007ab287848b80, 0x00007ab287848ee0] Compiler: c1, Barriers: 0, Oops: 0, ImmediateOops: 0, NonImmediateOops: No
[1,782s][debug][gc,nmethod     ] Register NMethod: java.util.logging.LogManager$LoggerContext.getOwner (0x00007ab2a6c81108) [0x00007ab2a6c81200, 0x00007ab2a6c812e8] Compiler: c1, Barriers: 1, Oops: 0, ImmediateOops: 0, NonImmediateOops: No
[1,782s][debug][gc,nmethod     ] Register NMethod: java.util.concurrent.ConcurrentHashMap.get (0x00007ab2a6c81408) [0x00007ab2a6c81500, 0x00007ab2a6c822d0] Compiler: jvmci, Barriers: 22, Oops: 0, ImmediateOops: 1, NonImmediateOops: No
[1,784s][debug][gc,nmethod     ] Register NMethod: java.util.Locale.getDefault (0x00007ab287848f08) [0x00007ab287849000, 0x00007ab287849128] Compiler: c1, Barriers: 1, Oops: 0, ImmediateOops: 1, NonImmediateOops: No
[1,785s][debug][gc,nmethod     ] Register NMethod: java.lang.String.toLowerCase (0x00007ab287849208) [0x00007ab287849300, 0x00007ab287849a68] Compiler: c1, Barriers: 3, Oops: 0, ImmediateOops: 1, NonImmediateOops: No
[1,788s][debug][gc,nmethod     ] Register NMethod: com.google.protobuf.GeneratedMessageV3$Builder.onChanged (0x00007ab287849a88) [0x00007ab287849b80, 0x00007ab287849f20] Compiler: c1, Barriers: 1, Oops: 1, ImmediateOops: 0, NonImmediateOops: No
[1,788s][debug][gc,nmethod     ] Register NMethod: jdk.internal.loader.URLClassPath$JarLoader$1.getCodeSourceURL (0x00007ab2a6c82308) [0x00007ab2a6c82400, 0x00007ab2a6c82508] Compiler: jvmci, Barriers: 2, Oops: 0, ImmediateOops: 0, NonImmediateOops: No
[1,788s][debug][gc,nmethod     ] Register NMethod: java.util.ArrayList.toArray (0x00007ab287849f88) [0x00007ab28784a080, 0x00007ab28784a460] Compiler: c1, Barriers: 2, Oops: 0, ImmediateOops: 0, NonImmediateOops: No
[1,788s][debug][gc,nmethod     ] Register NMethod: java.lang.Float.floatToRawIntBits (0x00007ab2a6c82608) [0x00007ab2a6c82700, 0x00007ab2a6c82858] Compiler: , Barriers: 0, Oops: 0, ImmediateOops: 1, NonImmediateOops: No
[1,788s][debug][gc,nmethod     ] Register NMethod: java.nio.charset.CharsetEncoder.maxBytesPerChar (0x00007ab2a6c82908) [0x00007ab2a6c82a00, 0x00007ab2a6c82ac0] Compiler: c1, Barriers: 0, Oops: 0, ImmediateOops: 0, NonImmediateOops: No
[1,789s][debug][gc,nmethod     ] Register NMethod: java.nio.CharBuffer.hasArray (0x00007ab28784a488) [0x00007ab28784a580, 0x00007ab28784a730] Compiler: c1, Barriers: 1, Oops: 0, ImmediateOops: 0, NonImmediateOops: No
[1,789s][debug][gc,nmethod     ] Register NMethod: java.nio.ByteBuffer.hasArray (0x00007ab28784a788) [0x00007ab28784a880, 0x00007ab28784aa30] Compiler: c1, Barriers: 1, Oops: 0, ImmediateOops: 0, NonImmediateOops: No
[1,789s][debug][gc,nmethod     ] Register NMethod: sun.nio.cs.UTF_8.updatePositions (0x00007ab28784aa88) [0x00007ab28784ab80, 0x00007ab28784b4a8] Compiler: c1, Barriers: 0, Oops: 0, ImmediateOops: 0, NonImmediateOops: No
[1,789s][debug][gc,nmethod     ] Register NMethod: java.nio.CharBuffer.array (0x00007ab28784b508) [0x00007ab28784b600, 0x00007ab28784b8e0] Compiler: c1, Barriers: 1, Oops: 0, ImmediateOops: 0, NonImmediateOops: No
[1,789s][debug][gc,nmethod     ] Register NMethod: java.nio.ByteBuffer.array (0x00007ab28784b908) [0x00007ab28784ba00, 0x00007ab28784bce0] Compiler: c1, Barriers: 1, Oops: 0, ImmediateOops: 0, NonImmediateOops: No
[1,789s][debug][gc,nmethod     ] Register NMethod: java.nio.charset.CoderResult.isOverflow (0x00007ab28784bd08) [0x00007ab28784be00, 0x00007ab28784bf50] Compiler: c1, Barriers: 0, Oops: 0, ImmediateOops: 0, NonImmediateOops: No
[1,789s][debug][gc,nmethod     ] Register NMethod: java.nio.CharBuffer.limit (0x00007ab28784c008) [0x00007ab28784c100, 0x00007ab28784c248] Compiler: c1, Barriers: 0, Oops: 0, ImmediateOops: 0, NonImmediateOops: No
[1,789s][debug][gc,nmethod     ] Register NMethod: java.nio.CharBuffer.limit (0x00007ab28784c308) [0x00007ab28784c400, 0x00007ab28784c760] Compiler: c1, Barriers: 0, Oops: 0, ImmediateOops: 0, NonImmediateOops: No
[1,789s][debug][gc,nmethod     ] Register NMethod: java.lang.String.checkBoundsOffCount (0x00007ab2a6c82c08) [0x00007ab2a6c82d00, 0x00007ab2a6c82db0] Compiler: jvmci, Barriers: 0, Oops: 0, ImmediateOops: 0, NonImmediateOops: No
[1,789s][debug][gc,nmethod     ] Register NMethod: java.nio.CharBuffer.<init> (0x00007ab28784c788) [0x00007ab28784c880, 0x00007ab28784ca50] Compiler: c1, Barriers: 3, Oops: 0, ImmediateOops: 0, NonImmediateOops: No
[1,789s][debug][gc,nmethod     ] Register NMethod: java.lang.String.checkBoundsBeginEnd (0x00007ab2a6c82f08) [0x00007ab2a6c83000, 0x00007ab2a6c830a8] Compiler: jvmci, Barriers: 0, Oops: 0, ImmediateOops: 0, NonImmediateOops: No
[1,790s][debug][gc,nmethod     ] Register NMethod: com.google.gson.stream.JsonReader.nextNonWhitespace (0x00007ab28784ca88) [0x00007ab28784cb80, 0x00007ab287850828] Compiler: c1, Barriers: 1, Oops: 4, ImmediateOops: 9, NonImmediateOops: No
[1,791s][debug][gc,nmethod     ] Register NMethod: java.lang.NamedPackage.<init> (0x00007ab287850888) [0x00007ab287850980, 0x00007ab287852250] Compiler: c1, Barriers: 8, Oops: 1, ImmediateOops: 3, NonImmediateOops: No
[1,792s][debug][gc,nmethod     ] Register NMethod: sun.net.util.IPAddressUtil.scan (0x00007ab2a6c83208) [0x00007ab2a6c83300, 0x00007ab2a6c83418] Compiler: jvmci, Barriers: 1, Oops: 0, ImmediateOops: 0, NonImmediateOops: No
[1,792s][debug][gc,nmethod     ] Register NMethod: sun.net.util.IPAddressUtil.checkHostString (0x00007ab2a6c83508) [0x00007ab2a6c83600, 0x00007ab2a6c83768] Compiler: jvmci, Barriers: 1, Oops: 0, ImmediateOops: 0, NonImmediateOops: No
[1,795s][debug][gc,nmethod     ] Register NMethod: java.lang.Math.clamp (0x00007ab2a6c83808) [0x00007ab2a6c83900, 0x00007ab2a6c839b0] Compiler: jvmci, Barriers: 0, Oops: 0, ImmediateOops: 0, NonImmediateOops: No
[1,796s][debug][gc,nmethod     ] Register NMethod: sun.nio.fs.UnixPath.toUnixPath (0x00007ab287852288) [0x00007ab287852380, 0x00007ab287852a00] Compiler: c1, Barriers: 0, Oops: 0, ImmediateOops: 0, NonImmediateOops: No
[1,799s][debug][gc,nmethod     ] Register NMethod: java.lang.String.indexOf (0x00007ab2a6c83b08) [0x00007ab2a6c83c00, 0x00007ab2a6c83ed8] Compiler: jvmci, Barriers: 2, Oops: 0, ImmediateOops: 0, NonImmediateOops: No
[1,803s][debug][gc,nmethod     ] Register NMethod: sun.nio.fs.UnixPath.<init> (0x00007ab287852a08) [0x00007ab287852b00, 0x00007ab287852d48] Compiler: c1, Barriers: 6, Oops: 0, ImmediateOops: 0, NonImmediateOops: No
[1,807s][debug][gc,nmethod     ] Register NMethod: java.lang.invoke.DirectMethodHandle.make (0x00007ab287852d88) [0x00007ab287852e80, 0x00007ab2878536f8] Compiler: c1, Barriers: 2, Oops: 0, ImmediateOops: 0, NonImmediateOops: No
[1,809s][debug][gc,nmethod     ] Register NMethod: jdk.internal.misc.Unsafe.putLongUnaligned (0x00007ab287853708) [0x00007ab287853800, 0x00007ab287853c38] Compiler: c1, Barriers: 0, Oops: 0, ImmediateOops: 0, NonImmediateOops: No
[1,810s][debug][gc,nmethod     ] Register NMethod: java.lang.invoke.MethodHandle.linkToSpecial (0x00007ab2a6c83f08) [0x00007ab2a6c84000, 0x00007ab2a6c840f8] Compiler: , Barriers: 0, Oops: 0, ImmediateOops: 0, NonImmediateOops: No
[1,811s][debug][gc,nmethod     ] Register NMethod: jdk.internal.classfile.impl.DirectCodeBuilder.storeLocal (0x00007ab287853c88) [0x00007ab287853d80, 0x00007ab287855c50] Compiler: c1, Barriers: 5, Oops: 0, ImmediateOops: 2, NonImmediateOops: No
[1,813s][debug][gc,nmethod     ] Register NMethod: java.net.URL.<init> (0x00007ab2a6c84208) [0x00007ab2a6c84300, 0x00007ab2a6c85580] Compiler: jvmci, Barriers: 52, Oops: 1, ImmediateOops: 0, NonImmediateOops: No
[1,819s][debug][gc,nmethod     ] Register NMethod: java.lang.invoke.BoundMethodHandle$Species_L.make (0x00007ab287855c88) [0x00007ab287855d80, 0x00007ab287855fe8] Compiler: c1, Barriers: 3, Oops: 0, ImmediateOops: 0, NonImmediateOops: No
[1,823s][debug][gc,nmethod     ] Register NMethod: java.util.zip.ZipFile$1.getManifestName (0x00007ab287856008) [0x00007ab287856100, 0x00007ab287856248] Compiler: c1, Barriers: 0, Oops: 0, ImmediateOops: 0, NonImmediateOops: No
[1,823s][debug][gc,nmethod     ] Register NMethod: java.util.zip.ZipFile.getManifestName (0x00007ab287856308) [0x00007ab287856400, 0x00007ab2878568c8] Compiler: c1, Barriers: 3, Oops: 0, ImmediateOops: 0, NonImmediateOops: No
[1,823s][debug][gc,nmethod     ] Register NMethod: java.lang.Class.desiredAssertionStatus (0x00007ab287856908) [0x00007ab287856a00, 0x00007ab287857360] Compiler: c1, Barriers: 4, Oops: 0, ImmediateOops: 0, NonImmediateOops: No
[1,827s][debug][gc,nmethod     ] Register NMethod: java.lang.invoke.VarHandleReferences$Array.getVolatile (0x00007ab287857388) [0x00007ab287857480, 0x00007ab287857fe8] Compiler: c1, Barriers: 2, Oops: 2, ImmediateOops: 1, NonImmediateOops: No
[1,827s][debug][gc,nmethod     ] Register NMethod: java.util.concurrent.atomic.AtomicReferenceArray.get (0x00007ab287858008) [0x00007ab287858100, 0x00007ab287859318] Compiler: c1, Barriers: 2, Oops: 7, ImmediateOops: 9, NonImmediateOops: No
[1,827s][debug][gc,nmethod     ] Register NMethod: java.lang.invoke.VarHandleGuards.guard_LI_L (0x00007ab287859388) [0x00007ab287859480, 0x00007ab28785c930] Compiler: c1, Barriers: 29, Oops: 0, ImmediateOops: 2, NonImmediateOops: No
[1,827s][debug][gc,nmethod     ] Register NMethod: jdk.internal.util.Preconditions.checkIndex (0x00007ab2a6c85608) [0x00007ab2a6c85700, 0x00007ab2a6c857a0] Compiler: jvmci, Barriers: 0, Oops: 0, ImmediateOops: 0, NonImmediateOops: No
[1,843s][debug][gc,nmethod     ] Register NMethod: java.lang.invoke.MethodHandle.linkToSpecial (0x00007ab2a6c85908) [0x00007ab2a6c85a00, 0x00007ab2a6c85af8] Compiler: , Barriers: 0, Oops: 0, ImmediateOops: 0, NonImmediateOops: No
[1,843s][debug][gc,nmethod     ] Register NMethod: java.lang.invoke.DirectMethodHandle.make (0x00007ab287800588) [0x00007ab287800680, 0x00007ab287802ea0] Compiler: c1, Barriers: 4, Oops: 0, ImmediateOops: 1, NonImmediateOops: No
[1,844s][debug][gc,nmethod     ] Register NMethod: java.lang.invoke.MethodHandle.linkToSpecial (0x00007ab2a6c85c08) [0x00007ab2a6c85d00, 0x00007ab2a6c85df8] Compiler: , Barriers: 0, Oops: 0, ImmediateOops: 0, NonImmediateOops: No
[1,844s][debug][gc,nmethod     ] Register NMethod: java.lang.invoke.MethodHandle.invokeBasic (0x00007ab2a6c85f08) [0x00007ab2a6c86000, 0x00007ab2a6c86298] Compiler: , Barriers: 0, Oops: 0, ImmediateOops: 0, NonImmediateOops: No
[1,844s][debug][gc,nmethod     ] Register NMethod: java.lang.invoke.MethodHandle.linkToSpecial (0x00007ab2a6c86308) [0x00007ab2a6c86400, 0x00007ab2a6c864f8] Compiler: , Barriers: 0, Oops: 0, ImmediateOops: 0, NonImmediateOops: No
[1,844s][debug][gc,nmethod     ] Register NMethod: java.lang.invoke.InvokerBytecodeGenerator.isStaticallyNameable (0x00007ab28785c988) [0x00007ab28785ca80, 0x00007ab28785e0d0] Compiler: c1, Barriers: 3, Oops: 1, ImmediateOops: 5, NonImmediateOops: No
[1,851s][debug][gc,nmethod     ] Register NMethod: jdk.internal.misc.Unsafe.putLongUnaligned (0x00007ab2a6c86608) [0x00007ab2a6c86700, 0x00007ab2a6c867c0] Compiler: jvmci, Barriers: 0, Oops: 0, ImmediateOops: 0, NonImmediateOops: No
[1,851s][debug][gc,nmethod     ] Register NMethod: java.lang.invoke.MethodHandle.linkToSpecial (0x00007ab2a6c86908) [0x00007ab2a6c86a00, 0x00007ab2a6c86af8] Compiler: , Barriers: 0, Oops: 0, ImmediateOops: 0, NonImmediateOops: No
[1,852s][debug][gc,nmethod     ] Register NMethod: java.lang.invoke.MethodHandle.linkToSpecial (0x00007ab2a6c86c08) [0x00007ab2a6c86d00, 0x00007ab2a6c86df8] Compiler: , Barriers: 0, Oops: 0, ImmediateOops: 0, NonImmediateOops: No
[1,852s][debug][gc,nmethod     ] Register NMethod: java.lang.invoke.MethodHandle.invokeBasic (0x00007ab2a6c86f08) [0x00007ab2a6c87000, 0x00007ab2a6c87298] Compiler: , Barriers: 0, Oops: 0, ImmediateOops: 0, NonImmediateOops: No
[1,852s][debug][gc,nmethod     ] Register NMethod: java.lang.invoke.MethodHandle.linkToSpecial (0x00007ab2a6c87308) [0x00007ab2a6c87400, 0x00007ab2a6c874f8] Compiler: , Barriers: 0, Oops: 0, ImmediateOops: 0, NonImmediateOops: No
[1,853s][debug][gc,nmethod     ] Register NMethod: java.lang.invoke.MemberName.getFactory (0x00007ab28785e108) [0x00007ab28785e200, 0x00007ab28785e2e8] Compiler: c1, Barriers: 0, Oops: 0, ImmediateOops: 1, NonImmediateOops: No
[1,857s][debug][gc,nmethod     ] Register NMethod: java.io.UnixFileSystem.normalize (0x00007ab2a6c87608) [0x00007ab2a6c87700, 0x00007ab2a6c878e8] Compiler: jvmci, Barriers: 1, Oops: 0, ImmediateOops: 0, NonImmediateOops: No
[1,857s][debug][gc,nmethod     ] Register NMethod: java.util.jar.JarFile.checkForSpecialAttributes (0x00007ab2a6c87908) [0x00007ab2a6c87a00, 0x00007ab2a6c88350] Compiler: jvmci, Barriers: 7, Oops: 2, ImmediateOops: 8, NonImmediateOops: No
[1,858s][debug][gc,nmethod     ] Register NMethod: java.util.LinkedHashMap.get (0x00007ab28785e408) [0x00007ab28785e500, 0x00007ab28785eac0] Compiler: c1, Barriers: 1, Oops: 0, ImmediateOops: 0, NonImmediateOops: No
[1,858s][debug][gc,nmethod     ] Register NMethod: java.net.URL.set (0x00007ab2a6c88388) [0x00007ab2a6c88480, 0x00007ab2a6c88a68] Compiler: jvmci, Barriers: 25, Oops: 0, ImmediateOops: 0, NonImmediateOops: No
[1,860s][debug][gc,nmethod     ] Register NMethod: sun.net.util.IPAddressUtil.scan (0x00007ab2a6c88a88) [0x00007ab2a6c88b80, 0x00007ab2a6c88cb8] Compiler: jvmci, Barriers: 1, Oops: 0, ImmediateOops: 0, NonImmediateOops: No
[1,863s][debug][gc,nmethod     ] Register NMethod: java.net.URLStreamHandler.setURL (0x00007ab2a6c88d88) [0x00007ab2a6c88e80, 0x00007ab2a6c89b30] Compiler: jvmci, Barriers: 32, Oops: 1, ImmediateOops: 1, NonImmediateOops: No
[1,864s][debug][gc,nmethod     ] Register NMethod: java.lang.invoke.MethodHandle.linkToSpecial (0x00007ab2a6c89b88) [0x00007ab2a6c89c80, 0x00007ab2a6c89d78] Compiler: , Barriers: 0, Oops: 0, ImmediateOops: 0, NonImmediateOops: No
[1,865s][debug][gc,nmethod     ] Register NMethod: java.lang.invoke.MethodHandle.linkToStatic (0x00007ab2a6c89e88) [0x00007ab2a6c89f80, 0x00007ab2a6c8a070] Compiler: , Barriers: 0, Oops: 0, ImmediateOops: 0, NonImmediateOops: No
[1,865s][debug][gc,nmethod     ] Register NMethod: java.lang.invoke.MethodHandles$Lookup.getDirectMethod (0x00007ab28785eb08) [0x00007ab28785ec00, 0x00007ab28785ed40] Compiler: c1, Barriers: 0, Oops: 0, ImmediateOops: 0, NonImmediateOops: No
[1,865s][debug][gc,nmethod     ] Register NMethod: java.lang.invoke.MethodHandle.linkToStatic (0x00007ab2a6c8a188) [0x00007ab2a6c8a280, 0x00007ab2a6c8a370] Compiler: , Barriers: 0, Oops: 0, ImmediateOops: 0, NonImmediateOops: No
[1,865s][debug][gc,nmethod     ] Register NMethod: java.util.Arrays.copyOfRange (0x00007ab28785ee08) [0x00007ab28785ef00, 0x00007ab287860638] Compiler: c1, Barriers: 1, Oops: 1, ImmediateOops: 3, NonImmediateOops: No
[1,865s][debug][gc,nmethod     ] Register NMethod: java.lang.invoke.MethodHandle.linkToStatic (0x00007ab2a6c8a488) [0x00007ab2a6c8a580, 0x00007ab2a6c8a670] Compiler: , Barriers: 0, Oops: 0, ImmediateOops: 0, NonImmediateOops: No
[1,866s][debug][gc,nmethod     ] Register NMethod: java.lang.invoke.MethodHandles$Lookup.findBoundCallerLookup (0x00007ab287860688) [0x00007ab287860780, 0x00007ab2878612d0] Compiler: c1, Barriers: 0, Oops: 0, ImmediateOops: 1, NonImmediateOops: No
[1,866s][debug][gc,nmethod     ] Register NMethod: java.lang.invoke.MethodHandles$Lookup.checkMethod (0x00007ab287861308) [0x00007ab287861400, 0x00007ab2878622e8] Compiler: c1, Barriers: 0, Oops: 0, ImmediateOops: 4, NonImmediateOops: No
[1,866s][debug][gc,nmethod     ] Register NMethod: java.lang.invoke.MethodHandle.linkToStatic (0x00007ab2a6c8a788) [0x00007ab2a6c8a880, 0x00007ab2a6c8a970] Compiler: , Barriers: 0, Oops: 0, ImmediateOops: 0, NonImmediateOops: No
[1,866s][debug][gc,nmethod     ] Register NMethod: java.lang.invoke.MethodHandle.linkToStatic (0x00007ab2a6c8aa88) [0x00007ab2a6c8ab80, 0x00007ab2a6c8ac70] Compiler: , Barriers: 0, Oops: 0, ImmediateOops: 0, NonImmediateOops: No
[1,866s][debug][gc,nmethod     ] Register NMethod: java.lang.invoke.MethodHandle.linkToStatic (0x00007ab2a6c8ad88) [0x00007ab2a6c8ae80, 0x00007ab2a6c8af70] Compiler: , Barriers: 0, Oops: 0, ImmediateOops: 0, NonImmediateOops: No
[1,866s][debug][gc,nmethod     ] Register NMethod: java.lang.invoke.MethodHandle.linkToStatic (0x00007ab2a6c8b088) [0x00007ab2a6c8b180, 0x00007ab2a6c8b270] Compiler: , Barriers: 0, Oops: 0, ImmediateOops: 0, NonImmediateOops: No
[1,866s][debug][gc,nmethod     ] Register NMethod: java.lang.invoke.MethodHandles$Lookup.maybeBindCaller (0x00007ab287862308) [0x00007ab287862400, 0x00007ab287863090] Compiler: c1, Barriers: 1, Oops: 0, ImmediateOops: 1, NonImmediateOops: No
[1,866s][debug][gc,nmethod     ] Register NMethod: java.lang.invoke.MethodHandle.linkToStatic (0x00007ab2a6c8b388) [0x00007ab2a6c8b480, 0x00007ab2a6c8b570] Compiler: , Barriers: 0, Oops: 0, ImmediateOops: 0, NonImmediateOops: No
[1,866s][debug][gc,nmethod     ] Register NMethod: java.lang.invoke.MethodHandle.invokeBasic (0x00007ab2a6c8b688) [0x00007ab2a6c8b780, 0x00007ab2a6c8ba18] Compiler: , Barriers: 0, Oops: 0, ImmediateOops: 0, NonImmediateOops: No
[1,866s][debug][gc,nmethod     ] Register NMethod: java.lang.invoke.MethodHandle.linkToSpecial (0x00007ab2a6c8ba88) [0x00007ab2a6c8bb80, 0x00007ab2a6c8bc78] Compiler: , Barriers: 0, Oops: 0, ImmediateOops: 0, NonImmediateOops: No
[1,866s][debug][gc,nmethod     ] Register NMethod: java.lang.invoke.MethodHandles$Lookup.getDirectMethodCommon (0x00007ab287863108) [0x00007ab287863200, 0x00007ab287866670] Compiler: c1, Barriers: 11, Oops: 1, ImmediateOops: 1, NonImmediateOops: No
[1,867s][debug][gc,nmethod     ] Register NMethod: java.lang.invoke.MethodHandle.invokeBasic (0x00007ab2a6c8bd88) [0x00007ab2a6c8be80, 0x00007ab2a6c8c118] Compiler: , Barriers: 0, Oops: 0, ImmediateOops: 0, NonImmediateOops: No
[1,867s][debug][gc,nmethod     ] Register NMethod: java.lang.invoke.MethodHandle.linkToSpecial (0x00007ab2a6c8c188) [0x00007ab2a6c8c280, 0x00007ab2a6c8c378] Compiler: , Barriers: 0, Oops: 0, ImmediateOops: 0, NonImmediateOops: No
[1,867s][debug][gc,nmethod     ] Register NMethod: java.lang.invoke.MethodHandle.invokeBasic (0x00007ab2a6c8c488) [0x00007ab2a6c8c580, 0x00007ab2a6c8c818] Compiler: , Barriers: 0, Oops: 0, ImmediateOops: 0, NonImmediateOops: No
[1,867s][debug][gc,nmethod     ] Register NMethod: java.lang.invoke.MethodHandle.linkToSpecial (0x00007ab2a6c8c888) [0x00007ab2a6c8c980, 0x00007ab2a6c8ca78] Compiler: , Barriers: 0, Oops: 0, ImmediateOops: 0, NonImmediateOops: No
[1,867s][debug][gc,nmethod     ] Register NMethod: java.lang.invoke.LambdaForm.<init> (0x00007ab287866688) [0x00007ab287866780, 0x00007ab287866ae0] Compiler: c1, Barriers: 12, Oops: 0, ImmediateOops: 0, NonImmediateOops: No
[1,867s][debug][gc,nmethod     ] Register NMethod: java.lang.invoke.LambdaForm.fixResult (0x00007ab287866b08) [0x00007ab287866c00, 0x00007ab287866e10] Compiler: c1, Barriers: 2, Oops: 0, ImmediateOops: 1, NonImmediateOops: No
[1,867s][debug][gc,nmethod     ] Register NMethod: java.lang.invoke.LambdaForm.create (0x00007ab287866e88) [0x00007ab287866f80, 0x00007ab2878677d8] Compiler: c1, Barriers: 2, Oops: 0, ImmediateOops: 1, NonImmediateOops: No
[1,867s][debug][gc,nmethod     ] Register NMethod: java.lang.invoke.InvokerBytecodeGenerator.generateCustomizedCode (0x00007ab287867808) [0x00007ab287867900, 0x00007ab287867ba8] Compiler: c1, Barriers: 0, Oops: 0, ImmediateOops: 1, NonImmediateOops: No
[1,868s][debug][gc,nmethod     ] Register NMethod: java.lang.invoke.MethodHandle.invokeBasic (0x00007ab2a6c8cb88) [0x00007ab2a6c8cc80, 0x00007ab2a6c8cf18] Compiler: , Barriers: 0, Oops: 0, ImmediateOops: 0, NonImmediateOops: No
[1,868s][debug][gc,nmethod     ] Register NMethod: java.lang.invoke.MethodHandle.linkToSpecial (0x00007ab2a6c8cf88) [0x00007ab2a6c8d080, 0x00007ab2a6c8d178] Compiler: , Barriers: 0, Oops: 0, ImmediateOops: 0, NonImmediateOops: No
[1,868s][debug][gc,nmethod     ] Register NMethod: java.lang.StringBuilder.append (0x00007ab287867c08) [0x00007ab287867d00, 0x00007ab287867e48] Compiler: c1, Barriers: 0, Oops: 0, ImmediateOops: 0, NonImmediateOops: No
[1,868s][debug][gc,nmethod     ] Register NMethod: java.lang.AbstractStringBuilder.append (0x00007ab287867f08) [0x00007ab287868000, 0x00007ab2878683d8] Compiler: c1, Barriers: 4, Oops: 0, ImmediateOops: 0, NonImmediateOops: No
[1,868s][debug][gc,nmethod     ] Register NMethod: java.lang.invoke.LambdaForm$Name.<init> (0x00007ab287868408) [0x00007ab287868500, 0x00007ab2878697b8] Compiler: c1, Barriers: 11, Oops: 0, ImmediateOops: 0, NonImmediateOops: No
[1,868s][debug][gc,nmethod     ] Register NMethod: java.lang.invoke.InvokerBytecodeGenerator.lookupPregenerated (0x00007ab287869808) [0x00007ab287869900, 0x00007ab28786cb28] Compiler: c1, Barriers: 10, Oops: 1, ImmediateOops: 13, NonImmediateOops: No
[1,874s][debug][gc,nmethod     ] Register NMethod: java.lang.invoke.MethodHandle.isAncestorLoaderOf (0x00007ab28786cb88) [0x00007ab28786cc80, 0x00007ab28786d438] Compiler: c1, Barriers: 1, Oops: 0, ImmediateOops: 4, NonImmediateOops: No
[1,874s][debug][gc,nmethod     ] Register NMethod: java.lang.invoke.MethodHandleNatives.linkMethodHandleConstant (0x00007ab28786d488) [0x00007ab28786d580, 0x00007ab28786daf0] Compiler: c1, Barriers: 0, Oops: 0, ImmediateOops: 1, NonImmediateOops: No
[1,875s][debug][gc,nmethod     ] Register NMethod: java.lang.invoke.MethodHandles$Lookup.linkMethodHandleConstant (0x00007ab28786db08) [0x00007ab28786dc00, 0x00007ab287871478] Compiler: c1, Barriers: 12, Oops: 0, ImmediateOops: 6, NonImmediateOops: No
[1,876s][debug][gc,nmethod     ] Register NMethod: jdk.internal.misc.Unsafe.getLongVolatile (0x00007ab2a6c8d288) [0x00007ab2a6c8d380, 0x00007ab2a6c8d4e8] Compiler: , Barriers: 0, Oops: 0, ImmediateOops: 0, NonImmediateOops: No
[1,877s][debug][gc,nmethod     ] Register NMethod: java.lang.Thread.onSpinWait (0x00007ab287871488) [0x00007ab287871580, 0x00007ab287871660] Compiler: c1, Barriers: 0, Oops: 0, ImmediateOops: 0, NonImmediateOops: No
[1,878s][debug][gc,nmethod     ] Register NMethod: java.util.jar.JarFile.getEntry (0x00007ab2a6c8d588) [0x00007ab2a6c8d680, 0x00007ab2a6c8ed18] Compiler: jvmci, Barriers: 14, Oops: 2, ImmediateOops: 8, NonImmediateOops: No
[1,878s][debug][gc,nmethod     ] Register NMethod: java.lang.invoke.MethodHandle.linkToStatic (0x00007ab2a6c8ed88) [0x00007ab2a6c8ee80, 0x00007ab2a6c8ef70] Compiler: , Barriers: 0, Oops: 0, ImmediateOops: 0, NonImmediateOops: No
[1,879s][debug][gc,nmethod     ] Register NMethod: java.lang.invoke.DirectMethodHandle.shouldBeInitialized (0x00007ab287871788) [0x00007ab287871880, 0x00007ab2878729b8] Compiler: c1, Barriers: 1, Oops: 1, ImmediateOops: 9, NonImmediateOops: No
[1,879s][debug][gc,nmethod     ] Register NMethod: java.lang.invoke.MethodHandle.linkToInterface (0x00007ab2a6c8f088) [0x00007ab2a6c8f180, 0x00007ab2a6c8f2b0] Compiler: , Barriers: 0, Oops: 0, ImmediateOops: 0, NonImmediateOops: No
[1,879s][debug][gc,nmethod     ] Register NMethod: java.lang.invoke.MethodHandle.linkToInterface (0x00007ab2a6c8f388) [0x00007ab2a6c8f480, 0x00007ab2a6c8f5b0] Compiler: , Barriers: 0, Oops: 0, ImmediateOops: 0, NonImmediateOops: No
[1,880s][debug][gc,nmethod     ] Register NMethod: java.lang.invoke.MethodHandle.linkToStatic (0x00007ab2a6c8f688) [0x00007ab2a6c8f780, 0x00007ab2a6c8f870] Compiler: , Barriers: 0, Oops: 0, ImmediateOops: 0, NonImmediateOops: No
[1,880s][debug][gc,nmethod     ] Register NMethod: java.lang.invoke.MethodHandle.linkToStatic (0x00007ab2a6c8f988) [0x00007ab2a6c8fa80, 0x00007ab2a6c8fb70] Compiler: , Barriers: 0, Oops: 0, ImmediateOops: 0, NonImmediateOops: No
[1,881s][debug][gc,nmethod     ] Register NMethod: jdk.internal.classfile.impl.TemporaryConstantPool.utf8Entry (0x00007ab287872a08) [0x00007ab287872b00, 0x00007ab287872cb0] Compiler: c1, Barriers: 0, Oops: 0, ImmediateOops: 0, NonImmediateOops: No
[1,881s][debug][gc,nmethod     ] Register NMethod: jdk.internal.classfile.impl.AbstractPoolEntry$Utf8EntryImpl.<init> (0x00007ab287872d08) [0x00007ab287872e00, 0x00007ab287873158] Compiler: c1, Barriers: 0, Oops: 0, ImmediateOops: 0, NonImmediateOops: No
[1,881s][debug][gc,nmethod     ] Register NMethod: java.lang.invoke.MethodTypeForm.setCachedLambdaForm (0x00007ab287873188) [0x00007ab287873280, 0x00007ab2878742c8] Compiler: c1, Barriers: 12, Oops: 0, ImmediateOops: 2, NonImmediateOops: No
[1,881s][debug][gc,nmethod     ] Register NMethod: java.util.concurrent.ConcurrentHashMap.putIfAbsent (0x00007ab287874308) [0x00007ab287874400, 0x00007ab287874700] Compiler: c1, Barriers: 0, Oops: 0, ImmediateOops: 0, NonImmediateOops: No
[1,881s][debug][gc,nmethod     ] Register NMethod: jdk.internal.loader.URLClassPath$JarLoader.getResource (0x00007ab2a6c8fc88) [0x00007ab2a6c8fd80, 0x00007ab2a6c915a8] Compiler: jvmci, Barriers: 19, Oops: 2, ImmediateOops: 8, NonImmediateOops: No
[1,881s][debug][gc,nmethod     ] Register NMethod: java.lang.invoke.MemberName.asConstructor (0x00007ab287874708) [0x00007ab287874800, 0x00007ab287875430] Compiler: c1, Barriers: 0, Oops: 0, ImmediateOops: 0, NonImmediateOops: No
[1,882s][debug][gc,nmethod     ] Register NMethod: java.lang.invoke.MethodHandle.linkToStatic (0x00007ab2a6c91608) [0x00007ab2a6c91700, 0x00007ab2a6c917f0] Compiler: , Barriers: 0, Oops: 0, ImmediateOops: 0, NonImmediateOops: No
[1,882s][debug][gc,nmethod     ] Register NMethod: jdk.internal.foreign.NativeMemorySegmentImpl.unsafeGetOffset (0x00007ab2a6c91908) [0x00007ab2a6c91a00, 0x00007ab2a6c91ac0] Compiler: c1, Barriers: 0, Oops: 0, ImmediateOops: 0, NonImmediateOops: No
[1,882s][debug][gc,nmethod     ] Register NMethod: jdk.internal.foreign.NativeMemorySegmentImpl.unsafeGetBase (0x00007ab2a6c91c08) [0x00007ab2a6c91d00, 0x00007ab2a6c91dc8] Compiler: c1, Barriers: 0, Oops: 0, ImmediateOops: 0, NonImmediateOops: No
[1,882s][debug][gc,nmethod     ] Register NMethod: jdk.internal.foreign.AbstractMemorySegmentImpl.sessionImpl (0x00007ab2a6c91f08) [0x00007ab2a6c92000, 0x00007ab2a6c920e8] Compiler: c1, Barriers: 1, Oops: 0, ImmediateOops: 0, NonImmediateOops: No
[1,882s][debug][gc,nmethod     ] Register NMethod: java.lang.invoke.MethodHandle.linkToStatic (0x00007ab2a6c92208) [0x00007ab2a6c92300, 0x00007ab2a6c923f0] Compiler: , Barriers: 0, Oops: 0, ImmediateOops: 0, NonImmediateOops: No
[1,883s][debug][gc,nmethod     ] Register NMethod: jdk.internal.foreign.layout.AbstractLayout.byteAlignment (0x00007ab2a6c92508) [0x00007ab2a6c92600, 0x00007ab2a6c926c0] Compiler: c1, Barriers: 0, Oops: 0, ImmediateOops: 0, NonImmediateOops: No
[1,883s][debug][gc,nmethod     ] Register NMethod: jdk.internal.foreign.layout.AbstractLayout.byteSize (0x00007ab2a6c92808) [0x00007ab2a6c92900, 0x00007ab2a6c929c0] Compiler: c1, Barriers: 0, Oops: 0, ImmediateOops: 0, NonImmediateOops: No
[1,883s][debug][gc,nmethod     ] Register NMethod: jdk.internal.foreign.AbstractMemorySegmentImpl.checkBounds (0x00007ab2a6c92b08) [0x00007ab2a6c92c00, 0x00007ab2a6c92cf8] Compiler: jvmci, Barriers: 0, Oops: 0, ImmediateOops: 0, NonImmediateOops: No
[1,883s][debug][gc,nmethod     ] Register NMethod: java.lang.Long.valueOf (0x00007ab287875488) [0x00007ab287875580, 0x00007ab2878758c0] Compiler: c1, Barriers: 1, Oops: 0, ImmediateOops: 1, NonImmediateOops: No
[1,883s][debug][gc,nmethod     ] Register NMethod: java.lang.invoke.MethodTypeForm.<init> (0x00007ab287875908) [0x00007ab287875a00, 0x00007ab287878990] Compiler: c1, Barriers: 28, Oops: 1, ImmediateOops: 7, NonImmediateOops: No
[1,883s][debug][gc,nmethod     ] Register NMethod: jdk.internal.foreign.NativeMemorySegmentImpl.maxAlignMask (0x00007ab2a6c92e08) [0x00007ab2a6c92f00, 0x00007ab2a6c92fc0] Compiler: c1, Barriers: 0, Oops: 0, ImmediateOops: 0, NonImmediateOops: No
[1,883s][debug][gc,nmethod     ] Register NMethod: java.lang.invoke.MethodHandle.linkToStatic (0x00007ab2a6c93108) [0x00007ab2a6c93200, 0x00007ab2a6c932f0] Compiler: , Barriers: 0, Oops: 0, ImmediateOops: 0, NonImmediateOops: No
[1,884s][debug][gc,nmethod     ] Register NMethod: jdk.internal.foreign.MemorySessionImpl.checkValidStateRaw (0x00007ab287878a08) [0x00007ab287878b00, 0x00007ab287878d30] Compiler: c1, Barriers: 2, Oops: 0, ImmediateOops: 2, NonImmediateOops: No
[1,884s][debug][gc,nmethod     ] Register NMethod: io.sirix.page.KeyValueLeafPage.isSlotSet (0x00007ab287878d88) [0x00007ab287878e80, 0x00007ab287879028] Compiler: c1, Barriers: 1, Oops: 1, ImmediateOops: 0, NonImmediateOops: No
[1,884s][debug][gc,nmethod     ] Register NMethod: java.nio.ByteOrder.nativeOrder (0x00007ab287879088) [0x00007ab287879180, 0x00007ab287879268] Compiler: c1, Barriers: 0, Oops: 0, ImmediateOops: 1, NonImmediateOops: No
[1,884s][debug][gc,nmethod     ] Register NMethod: java.lang.Long.hashCode (0x00007ab287879388) [0x00007ab287879480, 0x00007ab2878795b8] Compiler: c1, Barriers: 0, Oops: 0, ImmediateOops: 0, NonImmediateOops: No
[1,884s][debug][gc,nmethod     ] Register NMethod: java.util.HashMap.<init> (0x00007ab287879688) [0x00007ab2878797a0, 0x00007ab2878798d8] Compiler: c1, Barriers: 0, Oops: 0, ImmediateOops: 0, NonImmediateOops: No
[1,884s][debug][gc,nmethod     ] Register NMethod: java.lang.classfile.CodeBuilder.loadConstant (0x00007ab287879988) [0x00007ab287879a80, 0x00007ab28787b740] Compiler: c1, Barriers: 0, Oops: 0, ImmediateOops: 0, NonImmediateOops: No
[1,885s][debug][gc,nmethod     ] Register NMethod: jdk.internal.foreign.AbstractMemorySegmentImpl.byteSize (0x00007ab2a6c93408) [0x00007ab2a6c93500, 0x00007ab2a6c935c0] Compiler: c1, Barriers: 0, Oops: 0, ImmediateOops: 0, NonImmediateOops: No
[1,885s][debug][gc,nmethod     ] Register NMethod: jdk.internal.foreign.AbstractMemorySegmentImpl.checkAccess (0x00007ab28787b788) [0x00007ab28787b880, 0x00007ab28787c090] Compiler: c1, Barriers: 0, Oops: 0, ImmediateOops: 1, NonImmediateOops: No
[1,885s][debug][gc,nmethod     ] Register NMethod: jdk.internal.foreign.AbstractMemorySegmentImpl.isAlignedForElement (0x00007ab28787c108) [0x00007ab28787c200, 0x00007ab28787c848] Compiler: c1, Barriers: 0, Oops: 0, ImmediateOops: 0, NonImmediateOops: No
[1,885s][debug][gc,nmethod     ] Register NMethod: jdk.internal.foreign.AbstractMemorySegmentImpl.checkReadOnly (0x00007ab28787c888) [0x00007ab28787c980, 0x00007ab28787cba8] Compiler: c1, Barriers: 0, Oops: 0, ImmediateOops: 1, NonImmediateOops: No
[1,885s][debug][gc,nmethod     ] Register NMethod: jdk.internal.foreign.AbstractMemorySegmentImpl.isAlignedForElement (0x00007ab28787cc08) [0x00007ab28787cd00, 0x00007ab28787ced0] Compiler: c1, Barriers: 0, Oops: 0, ImmediateOops: 0, NonImmediateOops: No
[1,885s][debug][gc,nmethod     ] Register NMethod: java.lang.invoke.SegmentVarHandle.offset (0x00007ab28787cf08) [0x00007ab28787d000, 0x00007ab28787d118] Compiler: c1, Barriers: 0, Oops: 0, ImmediateOops: 0, NonImmediateOops: No
[1,885s][debug][gc,nmethod     ] Register NMethod: jdk.internal.foreign.layout.ValueLayouts$AbstractValueLayout.varHandle (0x00007ab28787d208) [0x00007ab28787d300, 0x00007ab28787dcb8] Compiler: c1, Barriers: 4, Oops: 3, ImmediateOops: 3, NonImmediateOops: No
[1,885s][debug][gc,nmethod     ] Register NMethod: jdk.internal.foreign.AbstractMemorySegmentImpl.asSlice (0x00007ab2a6c93708) [0x00007ab2a6c93800, 0x00007ab2a6c939e8] Compiler: jvmci, Barriers: 3, Oops: 0, ImmediateOops: 0, NonImmediateOops: No
[1,885s][debug][gc,nmethod     ] Register NMethod: jdk.internal.classfile.impl.AbstractPoolEntry$ClassEntryImpl.<init> (0x00007ab28787dd08) [0x00007ab28787de00, 0x00007ab28787df48] Compiler: c1, Barriers: 0, Oops: 0, ImmediateOops: 0, NonImmediateOops: No
[1,885s][debug][gc,nmethod     ] Register NMethod: java.util.stream.AbstractPipeline.<init> (0x00007ab28787e008) [0x00007ab28787e100, 0x00007ab28787e448] Compiler: c1, Barriers: 9, Oops: 0, ImmediateOops: 0, NonImmediateOops: No
[1,885s][debug][gc,nmethod     ] Register NMethod: java.util.stream.StreamOpFlag.fromCharacteristics (0x00007ab28787e488) [0x00007ab28787e580, 0x00007ab28787eb08] Compiler: c1, Barriers: 0, Oops: 0, ImmediateOops: 0, NonImmediateOops: No
[1,885s][debug][gc,nmethod     ] Register NMethod: jdk.internal.classfile.impl.TemporaryConstantPool.classEntry (0x00007ab28787eb88) [0x00007ab28787ec80, 0x00007ab28787f038] Compiler: c1, Barriers: 0, Oops: 0, ImmediateOops: 0, NonImmediateOops: No
[1,885s][debug][gc,nmethod     ] Register NMethod: java.util.stream.ReferencePipeline$Head.<init> (0x00007ab28787f088) [0x00007ab28787f180, 0x00007ab28787f310] Compiler: c1, Barriers: 0, Oops: 0, ImmediateOops: 0, NonImmediateOops: No
[1,886s][debug][gc,nmethod     ] Register NMethod: java.util.stream.StreamSupport.stream (0x00007ab28787f388) [0x00007ab28787f480, 0x00007ab28787f870] Compiler: c1, Barriers: 0, Oops: 0, ImmediateOops: 0, NonImmediateOops: No
[1,886s][debug][gc,nmethod     ] Register NMethod: java.util.stream.ReferencePipeline.<init> (0x00007ab28787f888) [0x00007ab28787f980, 0x00007ab28787fab0] Compiler: c1, Barriers: 0, Oops: 0, ImmediateOops: 0, NonImmediateOops: No
[1,886s][debug][gc,nmethod     ] Register NMethod: java.lang.classfile.constantpool.ConstantPoolBuilder.classEntry (0x00007ab28787fb88) [0x00007ab28787fc80, 0x00007ab287882db8] Compiler: c1, Barriers: 9, Oops: 1, ImmediateOops: 2, NonImmediateOops: No
[1,886s][debug][gc,nmethod     ] Register NMethod: java.lang.invoke.SegmentVarHandle.checkSegment (0x00007ab287882e08) [0x00007ab287882f00, 0x00007ab287886468] Compiler: c1, Barriers: 20, Oops: 1, ImmediateOops: 3, NonImmediateOops: No
[1,886s][debug][gc,nmethod     ] Register NMethod: jdk.internal.foreign.AbstractMemorySegmentImpl.checkEnclosingLayout (0x00007ab287886488) [0x00007ab287886580, 0x00007ab287889528] Compiler: c1, Barriers: 19, Oops: 1, ImmediateOops: 3, NonImmediateOops: No
[1,886s][debug][gc,nmethod     ] Register NMethod: java.lang.String.<init> (0x00007ab2a6c93a08) [0x00007ab2a6c93b00, 0x00007ab2a6c94068] Compiler: jvmci, Barriers: 4, Oops: 0, ImmediateOops: 0, NonImmediateOops: No
[1,887s][debug][gc,nmethod     ] Register NMethod: jdk.internal.misc.Unsafe.checkOffset (0x00007ab287889588) [0x00007ab287889680, 0x00007ab2878898e0] Compiler: c1, Barriers: 0, Oops: 0, ImmediateOops: 0, NonImmediateOops: No
[1,887s][debug][gc,nmethod     ] Register NMethod: jdk.internal.classfile.impl.StackMapGenerator$Frame.initializeObject (0x00007ab287889908) [0x00007ab287889a00, 0x00007ab28788a828] Compiler: c1, Barriers: 12, Oops: 0, ImmediateOops: 1, NonImmediateOops: No
[1,887s][debug][gc,nmethod     ] Register NMethod: java.lang.invoke.MethodHandles$Lookup.getDirectConstructor (0x00007ab28788a888) [0x00007ab28788a980, 0x00007ab28788aab0] Compiler: c1, Barriers: 0, Oops: 0, ImmediateOops: 0, NonImmediateOops: No
[1,887s][debug][gc,nmethod     ] Register NMethod: jdk.internal.misc.Unsafe.storeFence (0x00007ab28788ab88) [0x00007ab28788ac80, 0x00007ab28788af58] Compiler: c1, Barriers: 0, Oops: 0, ImmediateOops: 0, NonImmediateOops: No
[1,887s][debug][gc,nmethod     ] Register NMethod: java.lang.invoke.MethodHandles$Lookup.getDirectConstructorCommon (0x00007ab28788af88) [0x00007ab28788b080, 0x00007ab28788bd98] Compiler: c1, Barriers: 2, Oops: 0, ImmediateOops: 0, NonImmediateOops: No
[1,888s][debug][gc,nmethod     ] Register NMethod: java.util.concurrent.ConcurrentHashMap.addCount (0x00007ab28788be08) [0x00007ab28788bf00, 0x00007ab28788cc58] Compiler: c1, Barriers: 5, Oops: 1, ImmediateOops: 1, NonImmediateOops: No
[1,888s][debug][gc,nmethod     ] Register NMethod: jdk.internal.classfile.impl.SplitConstantPool.tryFindClassEntry (0x00007ab28788cc88) [0x00007ab28788cd80, 0x00007ab28788e3e0] Compiler: c1, Barriers: 2, Oops: 0, ImmediateOops: 0, NonImmediateOops: No
[1,888s][debug][gc,nmethod     ] Register NMethod: java.lang.invoke.TypeConvertingMethodAdapter.convertType (0x00007ab28788e408) [0x00007ab28788e500, 0x00007ab287893838] Compiler: c1, Barriers: 0, Oops: 3, ImmediateOops: 31, NonImmediateOops: No
[1,888s][debug][gc,nmethod     ] Register NMethod: jdk.internal.misc.Unsafe.checkNativeAddress (0x00007ab287893888) [0x00007ab287893980, 0x00007ab287893a90] Compiler: c1, Barriers: 0, Oops: 0, ImmediateOops: 0, NonImmediateOops: No
[1,888s][debug][gc,nmethod     ] Register NMethod: io.sirix.node.GrowingMemorySegment.ensureCapacity (0x00007ab287893b88) [0x00007ab287893c80, 0x00007ab287893de0] Compiler: c1, Barriers: 0, Oops: 1, ImmediateOops: 0, NonImmediateOops: No
[1,888s][debug][gc,nmethod     ] Register NMethod: jdk.internal.foreign.Utils$BaseAndScale.scale (0x00007ab2a6c94088) [0x00007ab2a6c94180, 0x00007ab2a6c94240] Compiler: c1, Barriers: 0, Oops: 0, ImmediateOops: 0, NonImmediateOops: No
[1,889s][debug][gc,nmethod     ] Register NMethod: io.sirix.page.KeyValueLeafPage.getSlotAsByteArray (0x00007ab287893e88) [0x00007ab287893f80, 0x00007ab287894618] Compiler: c1, Barriers: 0, Oops: 1, ImmediateOops: 1, NonImmediateOops: No
[1,889s][debug][gc,nmethod     ] Register NMethod: jdk.internal.foreign.NativeMemorySegmentImpl.dup (0x00007ab2a6c94388) [0x00007ab2a6c944a0, 0x00007ab2a6c945f0] Compiler: jvmci, Barriers: 2, Oops: 0, ImmediateOops: 0, NonImmediateOops: No
[1,889s][debug][gc,nmethod     ] Register NMethod: jdk.internal.classfile.impl.StackMapGenerator.processBlock (0x00007ab2a6c94688) [0x00007ab2a6c94780, 0x00007ab2a6c96730] Compiler: jvmci, Barriers: 29, Oops: 0, ImmediateOops: 21, NonImmediateOops: No
[1,889s][debug][gc,nmethod     ] Register NMethod: jdk.internal.classfile.impl.DirectClassBuilder.build (0x00007ab287894688) [0x00007ab287894780, 0x00007ab28789ca10] Compiler: c1, Barriers: 26, Oops: 2, ImmediateOops: 6, NonImmediateOops: No
[1,889s][debug][gc,nmethod     ] Register NMethod: jdk.internal.foreign.AbstractMemorySegmentImpl.isAlignedForElement (0x00007ab28789ca88) [0x00007ab28789cb80, 0x00007ab28789d540] Compiler: c1, Barriers: 0, Oops: 0, ImmediateOops: 0, NonImmediateOops: No
[1,889s][debug][gc,nmethod     ] Register NMethod: jdk.internal.foreign.NativeMemorySegmentImpl.dup (0x00007ab2a6c96788) [0x00007ab2a6c968a0, 0x00007ab2a6c969f0] Compiler: jvmci, Barriers: 2, Oops: 0, ImmediateOops: 0, NonImmediateOops: No
[1,889s][debug][gc,nmethod     ] Register NMethod: java.util.Objects.hashCode (0x00007ab2a6c96a88) [0x00007ab2a6c96b80, 0x00007ab2a6c96f50] Compiler: jvmci, Barriers: 4, Oops: 0, ImmediateOops: 0, NonImmediateOops: No
[1,889s][debug][gc,nmethod     ] Register NMethod: jdk.internal.foreign.AbstractMemorySegmentImpl.isAlignedForElement (0x00007ab28789d588) [0x00007ab28789d680, 0x00007ab28789dc10] Compiler: c1, Barriers: 0, Oops: 0, ImmediateOops: 0, NonImmediateOops: No
[1,890s][debug][gc,nmethod     ] Register NMethod: java.lang.invoke.MethodHandle.invokeBasic (0x00007ab2a6c96f88) [0x00007ab2a6c97080, 0x00007ab2a6c97318] Compiler: , Barriers: 0, Oops: 0, ImmediateOops: 0, NonImmediateOops: No
[1,890s][debug][gc,nmethod     ] Register NMethod: java.lang.Integer.rotateRight (0x00007ab28789dc88) [0x00007ab28789dd80, 0x00007ab28789de70] Compiler: c1, Barriers: 0, Oops: 0, ImmediateOops: 0, NonImmediateOops: No
[1,890s][debug][gc,nmethod     ] Register NMethod: jdk.internal.misc.Unsafe.putIntUnaligned (0x00007ab28789df88) [0x00007ab28789e080, 0x00007ab28789e2b0] Compiler: c1, Barriers: 0, Oops: 0, ImmediateOops: 0, NonImmediateOops: No
[1,890s][debug][gc,nmethod     ] Register NMethod: jdk.internal.misc.Unsafe.putIntUnaligned (0x00007ab28789e308) [0x00007ab28789e400, 0x00007ab28789e6a0] Compiler: c1, Barriers: 0, Oops: 0, ImmediateOops: 0, NonImmediateOops: No
[1,891s][debug][gc,nmethod     ] Register NMethod: java.lang.invoke.VarHandleGuards.guard_LJI_V (0x00007ab28789e708) [0x00007ab28789e800, 0x00007ab2878a3408] Compiler: c1, Barriers: 46, Oops: 1, ImmediateOops: 6, NonImmediateOops: No
[1,891s][debug][gc,nmethod     ] Register NMethod: java.lang.Integer.rotateRight (0x00007ab2a6c97388) [0x00007ab2a6c97480, 0x00007ab2a6c974f0] Compiler: jvmci, Barriers: 0, Oops: 0, ImmediateOops: 0, NonImmediateOops: No
[1,891s][debug][gc,nmethod     ] Register NMethod: java.lang.invoke.MethodHandle.invokeBasic (0x00007ab2a6c97688) [0x00007ab2a6c97780, 0x00007ab2a6c97a18] Compiler: , Barriers: 0, Oops: 0, ImmediateOops: 0, NonImmediateOops: No
[1,892s][debug][gc,nmethod     ] Register NMethod: java.lang.invoke.VarHandleGuards.guard_LII_V (0x00007ab2878a3488) [0x00007ab2878a3580, 0x00007ab2878a8180] Compiler: c1, Barriers: 46, Oops: 1, ImmediateOops: 6, NonImmediateOops: No
[1,892s][debug][gc,nmethod     ] Register NMethod: java.lang.reflect.Field.getModifiers (0x00007ab2a6c97a88) [0x00007ab2a6c97b80, 0x00007ab2a6c97c40] Compiler: c1, Barriers: 0, Oops: 0, ImmediateOops: 0, NonImmediateOops: No
[1,893s][debug][gc,nmethod     ] Register NMethod: jdk.internal.classfile.impl.AbstractPoolEntry.maybeClone (0x00007ab2a6c97d88) [0x00007ab2a6c97e80, 0x00007ab2a6c98208] Compiler: jvmci, Barriers: 4, Oops: 0, ImmediateOops: 0, NonImmediateOops: No
[1,894s][debug][gc,nmethod     ] Register NMethod: java.util.WeakHashMap.hash (0x00007ab2a6c98288) [0x00007ab2a6c98380, 0x00007ab2a6c984d0] Compiler: jvmci, Barriers: 0, Oops: 0, ImmediateOops: 0, NonImmediateOops: No
[1,894s][debug][gc,nmethod     ] Register NMethod: java.util.WeakHashMap.expungeStaleEntries (0x00007ab2a6c98588) [0x00007ab2a6c98680, 0x00007ab2a6c987b8] Compiler: jvmci, Barriers: 2, Oops: 0, ImmediateOops: 0, NonImmediateOops: No
[1,895s][debug][gc,nmethod     ] Register NMethod: sun.net.www.protocol.file.Handler.parseURL (0x00007ab2a6c98888) [0x00007ab2a6c98980, 0x00007ab2a6c98a50] Compiler: jvmci, Barriers: 0, Oops: 0, ImmediateOops: 0, NonImmediateOops: No
[1,895s][debug][gc,nmethod     ] Register NMethod: net.jpountz.util.Native$1.accept (0x00007ab2878a8208) [0x00007ab2878a8300, 0x00007ab2878a95b8] Compiler: c1, Barriers: 1, Oops: 3, ImmediateOops: 3, NonImmediateOops: No
[1,896s][debug][gc,nmethod     ] Register NMethod: io.sirix.page.KeyValueLeafPage.getSlot (0x00007ab2878a9608) [0x00007ab2878a9700, 0x00007ab2878bf930] Compiler: c1, Barriers: 194, Oops: 13, ImmediateOops: 50, NonImmediateOops: No
[1,896s][debug][gc,nmethod     ] Register NMethod: jdk.internal.jimage.ImageStringsReader.match (0x00007ab2878bfa08) [0x00007ab2878bfb00, 0x00007ab2878bfe30] Compiler: c1, Barriers: 1, Oops: 0, ImmediateOops: 0, NonImmediateOops: No
[1,896s][debug][gc,nmethod     ] Register NMethod: jdk.internal.jimage.BasicImageReader.match (0x00007ab2878bfe88) [0x00007ab2878bff80, 0x00007ab2878c03d8] Compiler: c1, Barriers: 1, Oops: 0, ImmediateOops: 1, NonImmediateOops: No
[1,897s][debug][gc,nmethod     ] Register NMethod: sun.nio.fs.UnixFileAttributes$UnixAsBasicFileAttributes.fileKey (0x00007ab2878c0408) [0x00007ab2878c0500, 0x00007ab2878c0688] Compiler: c1, Barriers: 1, Oops: 0, ImmediateOops: 0, NonImmediateOops: No
[1,897s][debug][gc,nmethod     ] Register NMethod: sun.nio.fs.UnixFileAttributes.fileKey (0x00007ab2878c0708) [0x00007ab2878c0800, 0x00007ab2878c0d38] Compiler: c1, Barriers: 6, Oops: 0, ImmediateOops: 0, NonImmediateOops: No
[1,897s][debug][gc,nmethod     ] Register NMethod: jdk.internal.jimage.ImageLocation.verifyName (0x00007ab2878c0d88) [0x00007ab2878c0e80, 0x00007ab2878c3458] Compiler: c1, Barriers: 9, Oops: 1, ImmediateOops: 4, NonImmediateOops: No
[1,897s][debug][gc,nmethod     ] Register NMethod: java.util.regex.Pattern.peek (0x00007ab2878c3488) [0x00007ab2878c3580, 0x00007ab2878c3800] Compiler: c1, Barriers: 1, Oops: 0, ImmediateOops: 0, NonImmediateOops: No
[1,897s][debug][gc,nmethod     ] Register NMethod: jdk.internal.jimage.ImageStringsReader.stringFromByteBufferMatches (0x00007ab2878c3808) [0x00007ab2878c3900, 0x00007ab2878c57f0] Compiler: c1, Barriers: 5, Oops: 1, ImmediateOops: 4, NonImmediateOops: No
[1,898s][debug][gc,nmethod     ] Register NMethod: java.util.zip.Inflater.ensureOpen (0x00007ab2a6c98b88) [0x00007ab2a6c98c80, 0x00007ab2a6c98d88] Compiler: jvmci, Barriers: 1, Oops: 0, ImmediateOops: 0, NonImmediateOops: No
[1,900s][debug][gc,nmethod     ] Register NMethod: java.lang.String.startsWith (0x00007ab2a6c98e88) [0x00007ab2a6c98f80, 0x00007ab2a6c99270] Compiler: jvmci, Barriers: 2, Oops: 0, ImmediateOops: 0, NonImmediateOops: No
[1,903s][debug][gc,nmethod     ] Register NMethod: jdk.internal.misc.Unsafe.putLongUnaligned (0x00007ab2878c5808) [0x00007ab2878c5900, 0x00007ab2878c5d38] Compiler: c1, Barriers: 0, Oops: 0, ImmediateOops: 0, NonImmediateOops: No
[1,904s][debug][gc,nmethod     ] Register NMethod: java.lang.invoke.MethodHandle.invokeBasic (0x00007ab2a6c99288) [0x00007ab2a6c99380, 0x00007ab2a6c99618] Compiler: , Barriers: 0, Oops: 0, ImmediateOops: 0, NonImmediateOops: No
[1,904s][debug][gc,nmethod     ] Register NMethod: java.lang.Thread.onSpinWait (0x00007ab2a6c99688) [0x00007ab2a6c99780, 0x00007ab2a6c997e0] Compiler: jvmci, Barriers: 0, Oops: 0, ImmediateOops: 0, NonImmediateOops: No
[1,904s][debug][gc,nmethod     ] Register NMethod: java.lang.invoke.MethodHandle.linkToSpecial (0x00007ab2a6c99988) [0x00007ab2a6c99a80, 0x00007ab2a6c99b78] Compiler: , Barriers: 0, Oops: 0, ImmediateOops: 0, NonImmediateOops: No
[1,904s][debug][gc,nmethod     ] Register NMethod: java.lang.invoke.MethodHandle.invokeBasic (0x00007ab2a6c99c88) [0x00007ab2a6c99d80, 0x00007ab2a6c9a018] Compiler: , Barriers: 0, Oops: 0, ImmediateOops: 0, NonImmediateOops: No
[1,905s][debug][gc,nmethod     ] Register NMethod: java.lang.invoke.MethodHandle.linkToSpecial (0x00007ab2a6c9a088) [0x00007ab2a6c9a180, 0x00007ab2a6c9a278] Compiler: , Barriers: 0, Oops: 0, ImmediateOops: 0, NonImmediateOops: No
[1,905s][debug][gc,nmethod     ] Register NMethod: java.lang.classfile.CodeBuilder.putstatic (0x00007ab2878c5d88) [0x00007ab2878c5e80, 0x00007ab2878c6190] Compiler: c1, Barriers: 0, Oops: 0, ImmediateOops: 1, NonImmediateOops: No
[1,906s][debug][gc,nmethod     ] Register NMethod: java.io.UnixFileSystem.resolve (0x00007ab2a6c9a388) [0x00007ab2a6c9a580, 0x00007ab2a6c9b3b0] Compiler: jvmci, Barriers: 6, Oops: 0, ImmediateOops: 2, NonImmediateOops: No
[1,907s][debug][gc,nmethod     ] Register NMethod: java.lang.reflect.Array.getLength (0x00007ab2a6c9b408) [0x00007ab2a6c9b500, 0x00007ab2a6c9b668] Compiler: , Barriers: 0, Oops: 0, ImmediateOops: 1, NonImmediateOops: No
[1,907s][debug][gc,nmethod     ] Register NMethod: jdk.internal.foreign.layout.ValueLayouts$AbstractValueLayout.carrier (0x00007ab2a6c9b708) [0x00007ab2a6c9b800, 0x00007ab2a6c9b8e8] Compiler: c1, Barriers: 1, Oops: 0, ImmediateOops: 0, NonImmediateOops: No
[1,908s][debug][gc,nmethod     ] Register NMethod: jdk.internal.misc.Unsafe.pick (0x00007ab2878c6208) [0x00007ab2878c6300, 0x00007ab2878c63f8] Compiler: c1, Barriers: 0, Oops: 0, ImmediateOops: 0, NonImmediateOops: No
[1,908s][debug][gc,nmethod     ] Register NMethod: java.lang.invoke.SegmentVarHandle.offset (0x00007ab2878c6508) [0x00007ab2878c6600, 0x00007ab2878c6900] Compiler: c1, Barriers: 0, Oops: 0, ImmediateOops: 0, NonImmediateOops: No
[1,908s][debug][gc,nmethod     ] Register NMethod: jdk.internal.foreign.Utils$BaseAndScale.base (0x00007ab2a6c9ba08) [0x00007ab2a6c9bb00, 0x00007ab2a6c9bbc0] Compiler: c1, Barriers: 0, Oops: 0, ImmediateOops: 0, NonImmediateOops: No
[1,909s][debug][gc,nmethod     ] Register NMethod: java.util.Arrays.fill (0x00007ab2a6c9bd08) [0x00007ab2a6c9be00, 0x00007ab2a6c9bf98] Compiler: jvmci, Barriers: 3, Oops: 0, ImmediateOops: 0, NonImmediateOops: No
[1,909s][debug][gc,nmethod     ] Register NMethod: java.lang.invoke.MethodHandle.linkToStatic (0x00007ab2a6c9c008) [0x00007ab2a6c9c100, 0x00007ab2a6c9c1f0] Compiler: , Barriers: 0, Oops: 0, ImmediateOops: 0, NonImmediateOops: No
[1,909s][debug][gc,nmethod     ] Register NMethod: jdk.internal.foreign.AbstractMemorySegmentImpl.checkEnclosingLayout (0x00007ab2878c6908) [0x00007ab2878c6a00, 0x00007ab2878c9d58] Compiler: c1, Barriers: 19, Oops: 1, ImmediateOops: 3, NonImmediateOops: No
[1,909s][debug][gc,nmethod     ] Register NMethod: java.lang.invoke.SegmentVarHandle.checkSegment (0x00007ab2878c9d88) [0x00007ab2878c9e80, 0x00007ab2878cd798] Compiler: c1, Barriers: 20, Oops: 1, ImmediateOops: 3, NonImmediateOops: No
[1,910s][debug][gc,nmethod     ] Register NMethod: java.io.File.<init> (0x00007ab2a6c9c308) [0x00007ab2a6c9c500, 0x00007ab2a6c9d1e8] Compiler: jvmci, Barriers: 15, Oops: 1, ImmediateOops: 4, NonImmediateOops: No
[1,912s][debug][gc,nmethod     ] Register NMethod: java.util.concurrent.ForkJoinPool.slotOffset (0x00007ab2878cd808) [0x00007ab2878cd900, 0x00007ab2878cd9f8] Compiler: c1, Barriers: 0, Oops: 0, ImmediateOops: 0, NonImmediateOops: No
[1,912s][debug][gc,nmethod     ] Register NMethod: java.lang.invoke.MethodHandle.linkToSpecial (0x00007ab2a6c9d208) [0x00007ab2a6c9d300, 0x00007ab2a6c9d3f8] Compiler: , Barriers: 0, Oops: 0, ImmediateOops: 0, NonImmediateOops: No
[1,913s][debug][gc,nmethod     ] Register NMethod: java.lang.invoke.MethodHandle.linkToSpecial (0x00007ab2a6c9d508) [0x00007ab2a6c9d600, 0x00007ab2a6c9d6f8] Compiler: , Barriers: 0, Oops: 0, ImmediateOops: 0, NonImmediateOops: No
[1,913s][debug][gc,nmethod     ] Register NMethod: java.lang.invoke.MethodHandle.invokeBasic (0x00007ab2a6c9d808) [0x00007ab2a6c9d900, 0x00007ab2a6c9db98] Compiler: , Barriers: 0, Oops: 0, ImmediateOops: 0, NonImmediateOops: No
[1,913s][debug][gc,nmethod     ] Register NMethod: java.lang.invoke.MethodHandle.linkToSpecial (0x00007ab2a6c9dc08) [0x00007ab2a6c9dd00, 0x00007ab2a6c9ddf8] Compiler: , Barriers: 0, Oops: 0, ImmediateOops: 0, NonImmediateOops: No
[1,914s][debug][gc,nmethod     ] Register NMethod: jdk.internal.classfile.impl.RawBytecodeHelper.isWide (0x00007ab2878cdb08) [0x00007ab2878cdc00, 0x00007ab2878cdd58] Compiler: c1, Barriers: 0, Oops: 0, ImmediateOops: 0, NonImmediateOops: No
[1,914s][debug][gc,nmethod     ] Register NMethod: jdk.internal.classfile.impl.RawBytecodeHelper.getIndex (0x00007ab2878cde08) [0x00007ab2878cdf00, 0x00007ab2878cea00] Compiler: c1, Barriers: 2, Oops: 0, ImmediateOops: 0, NonImmediateOops: No
[1,914s][debug][gc,nmethod     ] Register NMethod: java.lang.invoke.MethodHandle.linkToStatic (0x00007ab2a6c9df08) [0x00007ab2a6c9e000, 0x00007ab2a6c9e0f0] Compiler: , Barriers: 0, Oops: 0, ImmediateOops: 0, NonImmediateOops: No
[1,914s][debug][gc,nmethod     ] Register NMethod: java.lang.invoke.MethodHandle.linkToSpecial (0x00007ab2a6c9e208) [0x00007ab2a6c9e300, 0x00007ab2a6c9e3f8] Compiler: , Barriers: 0, Oops: 0, ImmediateOops: 0, NonImmediateOops: No
[1,915s][debug][gc,nmethod     ] Register NMethod: java.lang.invoke.MethodHandle.linkToSpecial (0x00007ab2a6c9e508) [0x00007ab2a6c9e600, 0x00007ab2a6c9e6f8] Compiler: , Barriers: 0, Oops: 0, ImmediateOops: 0, NonImmediateOops: No
[1,915s][debug][gc,nmethod     ] Register NMethod: java.lang.invoke.MethodHandle.invokeBasic (0x00007ab2a6c9e808) [0x00007ab2a6c9e900, 0x00007ab2a6c9eb98] Compiler: , Barriers: 0, Oops: 0, ImmediateOops: 0, NonImmediateOops: No
[1,915s][debug][gc,nmethod     ] Register NMethod: java.lang.invoke.MethodHandle.linkToSpecial (0x00007ab2a6c9ec08) [0x00007ab2a6c9ed00, 0x00007ab2a6c9edf8] Compiler: , Barriers: 0, Oops: 0, ImmediateOops: 0, NonImmediateOops: No
[1,916s][debug][gc,nmethod     ] Register NMethod: jdk.internal.constant.MethodTypeDescImpl.parameterType (0x00007ab2a6c9ef08) [0x00007ab2a6c9f000, 0x00007ab2a6c9f140] Compiler: jvmci, Barriers: 2, Oops: 0, ImmediateOops: 0, NonImmediateOops: No
[1,916s][debug][gc,nmethod     ] Register NMethod: java.nio.Buffer.session (0x00007ab287486188) [0x00007ab287486280, 0x00007ab287486688] Compiler: c1, Barriers: 1, Oops: 0, ImmediateOops: 0, NonImmediateOops: No
[1,917s][debug][gc,nmethod     ] Register NMethod: java.lang.invoke.VarHandleByteArrayAsInts$ArrayHandle.set (0x00007ab2878cea08) [0x00007ab2878ceb00, 0x00007ab2878cf2b0] Compiler: c1, Barriers: 0, Oops: 2, ImmediateOops: 2, NonImmediateOops: No
[1,917s][debug][gc,nmethod     ] Register NMethod: java.nio.Buffer.session (0x00007ab2a6c9f208) [0x00007ab2a6c9f300, 0x00007ab2a6c9f458] Compiler: jvmci, Barriers: 2, Oops: 0, ImmediateOops: 0, NonImmediateOops: No
[1,918s][debug][gc,nmethod     ] Register NMethod: java.lang.invoke.MethodHandle.linkToStatic (0x00007ab2a6c9f508) [0x00007ab2a6c9f600, 0x00007ab2a6c9f6f0] Compiler: , Barriers: 0, Oops: 0, ImmediateOops: 0, NonImmediateOops: No
[1,918s][debug][gc,nmethod     ] Register NMethod: java.lang.invoke.MethodHandleNatives.getCharType (0x00007ab2878cf308) [0x00007ab2878cf400, 0x00007ab2878cf6f8] Compiler: c1, Barriers: 0, Oops: 0, ImmediateOops: 0, NonImmediateOops: No
[1,919s][debug][gc,nmethod     ] Register NMethod: java.util.Arrays.fill (0x00007ab2a6c9f808) [0x00007ab2a6c9f900, 0x00007ab2a6c9fb28] Compiler: jvmci, Barriers: 6, Oops: 0, ImmediateOops: 0, NonImmediateOops: No
[1,919s][debug][gc,nmethod     ] Register NMethod: java.nio.ByteBuffer.<init> (0x00007ab2878cf708) [0x00007ab2878cf800, 0x00007ab2878cfa48] Compiler: c1, Barriers: 3, Oops: 0, ImmediateOops: 0, NonImmediateOops: No
[1,919s][debug][gc,remset      ] GC(0) Y: Remset forwarding retained: 0,000ms count: 0 ZWorkerYoung#1
[1,919s][debug][gc,remset      ] GC(0) Y: Remset forwarding released: 0,000ms count: 0 ZWorkerYoung#1
[1,919s][debug][gc,marking     ] GC(0) Y: Try terminate after resurrection
[1,919s][debug][gc,nmethod     ] Register NMethod: java.lang.Thread.isVirtual (0x00007ab2878cfa88) [0x00007ab2878cfb80, 0x00007ab2878cfe88] Compiler: c1, Barriers: 0, Oops: 0, ImmediateOops: 0, NonImmediateOops: No
[1,919s][debug][gc,phases      ] GC(0) Y: Concurrent Mark Follow 181,818ms
[1,919s][info ][gc,phases      ] GC(0) Y: Concurrent Mark 184,290ms
[1,919s][debug][gc,reloc       ] Synchronize all workers 1 _nworkers: 0 _nsynchronized: 0
[1,919s][debug][gc,reloc       ] Synchronize all workers 1 _nworkers: 0 _nsynchronized: 0
[1,919s][debug][gc,phases,start] GC(0) Y: Pause Mark End
[1,919s][info ][gc,phases      ] GC(0) Y: Pause Mark End 0,022ms
[1,919s][debug][gc,reloc       ] Desynchronize all workers _nworkers: 0 _nsynchronized: 0
[1,919s][debug][gc,reloc       ] Desynchronize all workers _nworkers: 0 _nsynchronized: 0
[1,919s][debug][gc,phases,start] GC(0) Y: Concurrent Mark Free
[1,919s][info ][gc,phases      ] GC(0) Y: Concurrent Mark Free 0,011ms
[1,919s][debug][gc,phases,start] GC(0) Y: Concurrent Reset Relocation Set
[1,919s][info ][gc,phases      ] GC(0) Y: Concurrent Reset Relocation Set 0,009ms
[1,919s][debug][gc,phases,start] GC(0) Y: Concurrent Select Relocation Set
[1,919s][debug][gc,nmethod     ] Register NMethod: java.lang.invoke.MethodTypeForm.canonicalize (0x00007ab2a6c9fb88) [0x00007ab2a6c9fc80, 0x00007ab2a6c9fdb0] Compiler: jvmci, Barriers: 0, Oops: 0, ImmediateOops: 1, NonImmediateOops: No
[1,920s][debug][gc,reloc       ] GC(0) Y: Relocation Set (Medium Pages): 0->0, 1 skipped, 0 forwarding entries
[1,920s][debug][gc,reloc       ] GC(0) Y: Relocation Set (Small Pages): 27->4, 1 skipped, 346928 forwarding entries
[1,920s][debug][gc,reloc       ] GC(0) Y: Allocated To Garbage: 39845888,0
[1,920s][debug][gc,reloc       ] GC(0) Y: Young Log Residency: 1,5
[1,920s][debug][gc,reloc       ] GC(0) Y: Life Decay Factor: 1,0
[1,920s][info ][gc,reloc       ] GC(0) Y: Using tenuring threshold: 1 (Computed)
[1,920s][debug][gc,task        ] GC(0) Y: Executing ZRelocationSetInstallTask using ZWorkerYoung with 1 workers
[1,921s][debug][gc,task        ] GC(0) Y: Executing ZPromotePagesTask using ZWorkerYoung with 1 workers
[1,921s][debug][gc,task        ] GC(0) Y: Executing ZPromotePagesTask using ZWorkerYoung with 1 workers
[1,921s][debug][gc,task        ] GC(0) Y: Executing ZPromotePagesTask using ZWorkerYoung with 1 workers
[1,921s][debug][gc,nmethod     ] Register NMethod: sun.nio.fs.UnixPath.getFileSystem (0x00007ab2878cff08) [0x00007ab2878d0000, 0x00007ab2878d0158] Compiler: c1, Barriers: 1, Oops: 0, ImmediateOops: 0, NonImmediateOops: No
[1,921s][info ][gc,phases      ] GC(0) Y: Concurrent Select Relocation Set 1,445ms
[1,921s][debug][gc,reloc       ] Synchronize all workers 1 _nworkers: 0 _nsynchronized: 0
[1,921s][debug][gc,reloc       ] Synchronize all workers 1 _nworkers: 0 _nsynchronized: 0
[1,921s][debug][gc,phases,start] GC(0) Y: Pause Relocate Start
[1,921s][debug][gc,reloc       ] GC(0) Y: Joining workers: 1
[1,921s][info ][gc,phases      ] GC(0) Y: Pause Relocate Start 0,024ms
[1,921s][debug][gc,reloc       ] Desynchronize all workers _nworkers: 0 _nsynchronized: 0
[1,921s][debug][gc,reloc       ] Desynchronize all workers _nworkers: 1 _nsynchronized: 0
[1,921s][debug][gc,phases,start] GC(0) Y: Concurrent Relocate
[1,921s][debug][gc,task        ] GC(0) Y: Executing ZRelocateStoreBufferInstallBasePointersTask using ZWorkerYoung with 1 workers
[1,921s][debug][gc             ] JNI Critical Stall (Test worker) 0,102ms
[1,921s][debug][gc,task        ] GC(0) Y: Executing ZRelocateTask using ZWorkerYoung with 1 workers
[1,921s][debug][gc,alloc       ] Mutator Allocation Rate: 349,0MB/s Predicted: 460,0MB/s, Avg: 281,3(+/-79,1)MB/s
[1,923s][debug][gc,nmethod     ] Register NMethod: java.lang.classfile.ClassBuilder.withField (0x00007ab2878d0208) [0x00007ab2878d0300, 0x00007ab2878d1040] Compiler: c1, Barriers: 6, Oops: 0, ImmediateOops: 0, NonImmediateOops: No
[1,923s][debug][gc,nmethod     ] Register NMethod: java.lang.classfile.CodeBuilder.getfield (0x00007ab2878d1088) [0x00007ab2878d1180, 0x00007ab2878d1490] Compiler: c1, Barriers: 0, Oops: 0, ImmediateOops: 1, NonImmediateOops: No
[1,923s][debug][gc,nmethod     ] Register NMethod: java.lang.invoke.MethodHandle.linkToStatic (0x00007ab2a6c9fe88) [0x00007ab2a6c9ff80, 0x00007ab2a6ca0070] Compiler: , Barriers: 0, Oops: 0, ImmediateOops: 0, NonImmediateOops: No
[1,923s][debug][gc,nmethod     ] Register NMethod: jdk.internal.misc.ScopedMemoryAccess.copyMemoryInternal (0x00007ab2878d1508) [0x00007ab2878d1600, 0x00007ab2878d2260] Compiler: c1, Barriers: 4, Oops: 0, ImmediateOops: 5, NonImmediateOops: No
[1,923s][debug][gc,nmethod     ] Register NMethod: jdk.internal.misc.ScopedMemoryAccess.copyMemory (0x00007ab2878d2288) [0x00007ab2878d2380, 0x00007ab2878d36f8] Compiler: c1, Barriers: 5, Oops: 0, ImmediateOops: 5, NonImmediateOops: No
[1,924s][debug][gc,nmethod     ] Register NMethod: org.magicwerk.brownies.collections.GapList.size (0x00007ab2a6ca0188) [0x00007ab2a6ca0280, 0x00007ab2a6ca0340] Compiler: c1, Barriers: 0, Oops: 1, ImmediateOops: 0, NonImmediateOops: No
[1,924s][debug][gc,nmethod     ] Register NMethod: java.lang.invoke.MethodHandle.linkToSpecial (0x00007ab2a6ca0488) [0x00007ab2a6ca0580, 0x00007ab2a6ca0678] Compiler: , Barriers: 0, Oops: 0, ImmediateOops: 0, NonImmediateOops: No
[1,924s][debug][gc,nmethod     ] Register NMethod: java.lang.invoke.MethodHandle.linkToSpecial (0x00007ab2a6ca0788) [0x00007ab2a6ca0880, 0x00007ab2a6ca0978] Compiler: , Barriers: 0, Oops: 0, ImmediateOops: 0, NonImmediateOops: No
[1,924s][debug][gc,nmethod     ] Register NMethod: java.lang.invoke.MethodHandle.invokeBasic (0x00007ab2a6ca0a88) [0x00007ab2a6ca0b80, 0x00007ab2a6ca0e18] Compiler: , Barriers: 0, Oops: 0, ImmediateOops: 0, NonImmediateOops: No
[1,924s][debug][gc,nmethod     ] Register NMethod: java.lang.invoke.MethodHandle.linkToSpecial (0x00007ab2a6ca0e88) [0x00007ab2a6ca0f80, 0x00007ab2a6ca1078] Compiler: , Barriers: 0, Oops: 0, ImmediateOops: 0, NonImmediateOops: No
[1,925s][debug][gc,nmethod     ] Register NMethod: java.lang.invoke.MethodHandle.linkToSpecial (0x00007ab2a6ca1188) [0x00007ab2a6ca1280, 0x00007ab2a6ca1378] Compiler: , Barriers: 0, Oops: 0, ImmediateOops: 0, NonImmediateOops: No
[1,925s][debug][gc,nmethod     ] Register NMethod: java.util.Arrays.fill (0x00007ab2a6ca1488) [0x00007ab2a6ca1580, 0x00007ab2a6ca1818] Compiler: jvmci, Barriers: 3, Oops: 0, ImmediateOops: 0, NonImmediateOops: No
[1,925s][debug][gc,nmethod     ] Register NMethod: java.lang.invoke.LambdaForm.methodType (0x00007ab2878d3708) [0x00007ab2878d3800, 0x00007ab2878d3ff8] Compiler: c1, Barriers: 9, Oops: 0, ImmediateOops: 1, NonImmediateOops: No
[1,925s][debug][gc,reloc       ] GC(0) Y: Leaving workers: left: 0 _synchronize: 0 _nsynchronized: 0
[1,925s][debug][gc,phases,start] GC(0) Y: Concurrent Relocate Remset FP
[1,925s][debug][gc,task        ] GC(0) Y: Executing ZRelocateAddRemsetForFlipPromoted using ZWorkerYoung with 1 workers
[1,925s][debug][gc,phases      ] GC(0) Y: Concurrent Relocate Remset FP 0,067ms
[1,925s][info ][gc,phases      ] GC(0) Y: Concurrent Relocate 4,369ms
[1,925s][debug][gc,heap        ] GC(0) Y: Heap After GC invocations=1 (full 1):
[1,925s][debug][gc,heap        ] GC(0) Y:  ZHeap           used 246M, capacity 5120M, max capacity 12288M
[1,925s][debug][gc,heap        ] GC(0) Y:   Cache          4874M (4)
[1,925s][debug][gc,heap        ] GC(0) Y:    size classes  8M (2), 16M (1), 4G (1)
[1,925s][debug][gc,metaspace   ] GC(0) Y: Metaspace After GC invocations=1 (full 1):
[1,925s][debug][gc,metaspace   ] GC(0) Y:  Metaspace       used 26314K, committed 26624K, reserved 1114112K
[1,925s][debug][gc,metaspace   ] GC(0) Y:   class space    used 2211K, committed 2368K, reserved 1048576K
[1,925s][info ][gc,alloc       ] GC(0) Y:                         Mark Start        Mark End      Relocate Start    Relocate End   
[1,925s][info ][gc,alloc       ] GC(0) Y: Allocation Stalls:          0                0                0                0         
[1,925s][info ][gc,load        ] GC(0) Y: Load: 4,74 (24%) / 3,71 (19%) / 2,91 (15%)
[1,925s][info ][gc,mmu         ] GC(0) Y: MMU: 2ms/95,7%, 5ms/98,3%, 10ms/99,1%, 20ms/99,6%, 50ms/99,8%, 100ms/99,9%
[1,925s][info ][gc,marking     ] GC(0) Y: Mark: 1 stripe(s), 2 proactive flush(es), 1 terminate flush(es), 0 completion(s), 0 continuation(s) 
[1,925s][info ][gc,nmethod     ] GC(0) Y: NMethods: 2234 registered, 0 unregistered
[1,925s][info ][gc,metaspace   ] GC(0) Y: Metaspace: 25M used, 26M committed, 1088M reserved
[1,926s][info ][gc,reloc       ] GC(0) Y:                        Candidates     Selected     In-Place         Size        Empty    Relocated 
[1,926s][info ][gc,reloc       ] GC(0) Y: Small Pages:                  109           23            0         218M           0M           4M 
[1,926s][info ][gc,reloc       ] GC(0) Y: Medium Pages:                   1            0            0          32M           0M           0M 
[1,926s][info ][gc,reloc       ] GC(0) Y: Large Pages:                    0            0            0           0M           0M           0M 
[1,926s][info ][gc,reloc       ] GC(0) Y: Forwarding Usage: 2M
[1,926s][info ][gc,reloc       ] GC(0) Y: Age Table:
[1,926s][info ][gc,reloc       ] GC(0) Y:                    Live             Garbage             Small              Medium             Large        
[1,926s][info ][gc,reloc       ] GC(0) Y: Eden             171M (1%)           78M (1%)         109 / 23             1 / 0              0 / 0        
[1,926s][info ][gc,heap        ] GC(0) Y: Min Capacity: 5120M(42%)
[1,926s][info ][gc,heap        ] GC(0) Y: Max Capacity: 12288M(100%)
[1,926s][info ][gc,heap        ] GC(0) Y: Soft Max Capacity: 12288M(100%)
[1,926s][info ][gc,heap        ] GC(0) Y: Heap Statistics:
[1,926s][info ][gc,heap        ] GC(0) Y:                Mark Start          Mark End        Relocate Start      Relocate End           High               Low         
[1,926s][info ][gc,heap        ] GC(0) Y:  Capacity:     5120M (42%)        5120M (42%)        5120M (42%)        5120M (42%)        5120M (42%)        5120M (42%)    
[1,926s][info ][gc,heap        ] GC(0) Y:      Free:    12038M (98%)       12000M (98%)       12000M (98%)       12042M (98%)       12042M (98%)       11994M (98%)    
[1,926s][info ][gc,heap        ] GC(0) Y:      Used:      250M (2%)          288M (2%)          288M (2%)          246M (2%)          294M (2%)          246M (2%)     
[1,926s][info ][gc,heap        ] GC(0) Y: Young Generation Statistics:
[1,926s][info ][gc,heap        ] GC(0) Y:                Mark Start          Mark End        Relocate Start      Relocate End    
[1,926s][info ][gc,heap        ] GC(0) Y:      Used:      250M (2%)          288M (2%)          288M (2%)          246M (2%)     
[1,926s][info ][gc,heap        ] GC(0) Y:      Live:         -               171M (1%)          171M (1%)          171M (1%)     
[1,926s][info ][gc,heap        ] GC(0) Y:   Garbage:         -                78M (1%)           78M (1%)           30M (0%)     
[1,926s][info ][gc,heap        ] GC(0) Y: Allocated:         -                38M (0%)           38M (0%)           43M (0%)     
[1,926s][info ][gc,heap        ] GC(0) Y: Reclaimed:         -                  -                 0M (0%)           47M (0%)     
[1,926s][info ][gc,heap        ] GC(0) Y:  Promoted:         -                  -                 0M (0%)            0M (0%)     
[1,926s][info ][gc,heap        ] GC(0) Y: Compacted:         -                  -                  -                 6M (0%)     
[1,926s][info ][gc,phases      ] GC(0) Y: Young Generation 250M(2%)->246M(2%) 0,191s
[1,926s][debug][gc,heap        ] GC(0) O: Heap Before GC invocations=1 (full 1):
[1,926s][debug][gc,heap        ] GC(0) O:  ZHeap           used 246M, capacity 5120M, max capacity 12288M
[1,926s][debug][gc,heap        ] GC(0) O:   Cache          4874M (4)
[1,926s][debug][gc,heap        ] GC(0) O:    size classes  8M (2), 16M (1), 4G (1)
[1,926s][debug][gc,metaspace   ] GC(0) O: Metaspace Before GC invocations=1 (full 1):
[1,926s][debug][gc,metaspace   ] GC(0) O:  Metaspace       used 26314K, committed 26624K, reserved 1114112K
[1,926s][debug][gc,metaspace   ] GC(0) O:   class space    used 2211K, committed 2368K, reserved 1048576K
[1,926s][info ][gc,phases      ] GC(0) O: Old Generation
[1,926s][debug][gc,nmethod     ] Register NMethod: java.lang.invoke.MethodHandle.linkToSpecial (0x00007ab2a6ca1888) [0x00007ab2a6ca1980, 0x00007ab2a6ca1a78] Compiler: , Barriers: 0, Oops: 0, ImmediateOops: 0, NonImmediateOops: No
[1,926s][debug][gc,phases,start] GC(0) O: Concurrent Mark
[1,926s][debug][gc,phases,start] GC(0) O: Concurrent Mark Roots
[1,926s][debug][gc,nmethod     ] Register NMethod: java.lang.invoke.MethodHandle.invokeBasic (0x00007ab2a6ca1b88) [0x00007ab2a6ca1c80, 0x00007ab2a6ca1f18] Compiler: , Barriers: 0, Oops: 0, ImmediateOops: 0, NonImmediateOops: No
[1,926s][debug][gc,nmethod     ] Register NMethod: java.lang.invoke.MethodHandle.linkToSpecial (0x00007ab2a6ca1f88) [0x00007ab2a6ca2080, 0x00007ab2a6ca2178] Compiler: , Barriers: 0, Oops: 0, ImmediateOops: 0, NonImmediateOops: No
[1,926s][debug][gc,task        ] GC(0) O: Executing ZMarkOldRootsTask using ZWorkerOld with 1 workers
[1,927s][debug][gc,tlab        ] GC(0) O: TLAB totals: thrds: 17  refills: 74 max: 54 slow allocs: 41 max 32 waste:  5,2% gc: 818840B max: 259448B slow: 74208B max: 67928B
[1,927s][debug][gc,phases      ] GC(0) O: Concurrent Mark Roots 0,630ms
[1,927s][debug][gc,phases,start] GC(0) O: Concurrent Mark Follow
[1,927s][debug][gc,marking     ] GC(0) O: Using 1 mark stripes
[1,927s][debug][gc,task        ] GC(0) O: Executing ZMarkTask using ZWorkerOld with 1 workers
[1,927s][debug][gc,phases      ] GC(0) O: Concurrent Mark Follow 0,485ms
[1,927s][info ][gc,phases      ] GC(0) O: Concurrent Mark 1,176ms
[1,927s][debug][gc,reloc       ] Synchronize all workers 1 _nworkers: 0 _nsynchronized: 0
[1,927s][debug][gc,reloc       ] Synchronize all workers 1 _nworkers: 0 _nsynchronized: 0
[1,927s][debug][gc,phases,start] GC(0) O: Pause Mark End
[1,927s][info ][gc,phases      ] GC(0) O: Pause Mark End 0,025ms
[1,927s][debug][gc,reloc       ] Desynchronize all workers _nworkers: 0 _nsynchronized: 0
[1,927s][debug][gc,reloc       ] Desynchronize all workers _nworkers: 0 _nsynchronized: 0
[1,927s][debug][gc,phases,start] GC(0) O: Concurrent Mark Free
[1,927s][info ][gc,phases      ] GC(0) O: Concurrent Mark Free 0,010ms
[1,927s][debug][gc,phases,start] GC(0) O: Concurrent Process Non-Strong
[1,927s][debug][gc,phases,start] GC(0) O: Concurrent References Process
[1,927s][debug][gc,task        ] GC(0) O: Executing ZReferenceProcessorTask using ZWorkerOld with 1 workers
[1,927s][debug][gc,phases      ] GC(0) O: Concurrent References Process 0,035ms
[1,927s][debug][gc,task        ] GC(0) O: Executing ZProcessWeakRootsTask using ZWorkerOld with 1 workers
[1,928s][debug][gc,nmethod     ] Register NMethod: jdk.internal.loader.URLClassPath.getResource (0x00007ab2a6ca2288) [0x00007ab2a6ca2380, 0x00007ab2a6ca54b8] Compiler: jvmci, Barriers: 47, Oops: 4, ImmediateOops: 8, NonImmediateOops: No
[1,928s][debug][gc,nmethod     ] Register NMethod: java.lang.invoke.DirectMethodHandle$Holder.invokeStatic (0x00007ab2878d4008) [0x00007ab2878d4100, 0x00007ab2878d44c8] Compiler: c1, Barriers: 1, Oops: 0, ImmediateOops: 0, NonImmediateOops: No
[1,928s][debug][gc,nmethod     ] Register NMethod: jdk.internal.misc.Unsafe.toUnsignedLong (0x00007ab2878d4508) [0x00007ab2878d4600, 0x00007ab2878d46f0] Compiler: c1, Barriers: 0, Oops: 0, ImmediateOops: 0, NonImmediateOops: No
[1,929s][debug][gc,nmethod     ] Register NMethod: java.lang.invoke.Invokers$Holder.linkToTargetMethod (0x00007ab2878d4808) [0x00007ab2878d4900, 0x00007ab2878d4df8] Compiler: c1, Barriers: 0, Oops: 0, ImmediateOops: 0, NonImmediateOops: No
[1,929s][debug][gc,phases,start] GC(0) O: Concurrent Classes Unlink
[1,929s][debug][gc,phases,start] GC(0) O: ClassLoaderData
[1,929s][debug][gc,phases      ] GC(0) O: ClassLoaderData 0,031ms
[1,929s][debug][gc,phases,start] GC(0) O: Trigger cleanups
[1,929s][debug][gc,phases      ] GC(0) O: Trigger cleanups 0,009ms
[1,929s][debug][gc,task        ] GC(0) O: Executing ZNMethodUnlinkTask using ZWorkerOld with 1 workers
[1,929s][debug][gc,nmethod     ] GC(0) O: Unregister NMethod: java.lang.StringBuilder.toString (0x00007ab287476408) [0x00007ab287476500, 0x00007ab287476938] 
[1,929s][debug][gc,nmethod     ] GC(0) O: Unregister NMethod: java.util.concurrent.ConcurrentHashMap.putVal (0x00007ab287414588) [0x00007ab287414680, 0x00007ab287416b78] 
[1,929s][debug][gc,nmethod     ] GC(0) O: Unregister NMethod: jdk.internal.util.ReferencedKeyMap.removeStaleReferences (0x00007ab287418888) [0x00007ab287418980, 0x00007ab287418fa0] 
[1,929s][debug][gc,nmethod     ] GC(0) O: Unregister NMethod: java.lang.String.isLatin1 (0x00007ab2a6be7a88) [0x00007ab2a6be7b80, 0x00007ab2a6be7c40] 
[1,929s][debug][gc,nmethod     ] GC(0) O: Unregister NMethod: io.sirix.cache.LinuxMemorySegmentAllocator.partitionVirtualRegion (0x00007ab2a6c75208) [0x00007ab2a6c75300, 0x00007ab2a6c76b68] 
[1,929s][debug][gc,nmethod     ] GC(0) O: Unregister NMethod: java.util.BitSet.checkInvariants (0x00007ab287529288) [0x00007ab287529380, 0x00007ab2875294b0] 
[1,929s][debug][gc,nmethod     ] GC(0) O: Unregister NMethod: jdk.internal.loader.URLClassPath$JarLoader.getResource (0x00007ab2874c3688) [0x00007ab2874c3780, 0x00007ab2874c40b0] 
[1,929s][debug][gc,nmethod     ] GC(0) O: Unregister NMethod: java.lang.Integer.hashCode (0x00007ab28752bf88) [0x00007ab28752c080, 0x00007ab28752c1d8] 
[1,929s][debug][gc,nmethod     ] GC(0) O: Unregister NMethod: sun.reflect.generics.parser.SignatureParser.current (0x00007ab2875acd08) [0x00007ab2875ace00, 0x00007ab2875adc10] 
[1,929s][debug][gc,nmethod     ] GC(0) O: Unregister NMethod: java.util.zip.CRC32.<init> (0x00007ab2875e1508) [0x00007ab2875e1600, 0x00007ab2875e1758] 
[1,929s][debug][gc,nmethod     ] GC(0) O: Unregister NMethod: java.util.zip.ZipCoder.hash (0x00007ab287486708) [0x00007ab287486800, 0x00007ab287487638] 
[1,929s][debug][gc,nmethod     ] GC(0) O: Unregister NMethod: java.lang.StringUTF16.compress (0x00007ab287553088) [0x00007ab287553180, 0x00007ab2875533b0] 
[1,929s][debug][gc,nmethod     ] GC(0) O: Unregister NMethod: java.util.zip.ZipFile$Source.nextEntryPos (0x00007ab287472688) [0x00007ab287472780, 0x00007ab287472a38] 
[1,929s][debug][gc,nmethod     ] GC(0) O: Unregister NMethod: sun.util.locale.LocaleUtils.toLower (0x00007ab28762ab88) [0x00007ab28762ac80, 0x00007ab28762ae80] 
[1,929s][debug][gc,nmethod     ] GC(0) O: Unregister NMethod: jdk.internal.foreign.AbstractMemorySegmentImpl.asSliceNoCheck (0x00007ab28780d008) [0x00007ab28780d100, 0x00007ab28780d440] 
[1,929s][debug][gc,nmethod     ] GC(0) O: Unregister NMethod: java.util.HashMap$HashIterator.hasNext (0x00007ab28742e808) [0x00007ab28742e900, 0x00007ab28742ea80] 
[1,929s][debug][gc,nmethod     ] GC(0) O: Unregister NMethod: java.lang.String.charAt (0x00007ab28767b808) [0x00007ab28767b900, 0x00007ab28767c038] 
[1,929s][debug][gc,nmethod     ] GC(0) O: Unregister NMethod: java.lang.StringBuilder.length (0x00007ab287450a88) [0x00007ab287450b80, 0x00007ab287450c98] 
[1,929s][debug][gc,nmethod     ] GC(0) O: Unregister NMethod: java.util.zip.ZipFile$Source.isMetaName (0x00007ab287528a08) [0x00007ab287528b00, 0x00007ab287528f60] 
[1,929s][debug][gc,nmethod     ] GC(0) O: Unregister NMethod: java.util.jar.JarFile.getJarEntry (0x00007ab287487c88) [0x00007ab287487d80, 0x00007ab287488628] 
[1,929s][debug][gc,nmethod     ] GC(0) O: Unregister NMethod: java.util.HashMap.hash (0x00007ab287426808) [0x00007ab287426900, 0x00007ab287426c38] 
[1,929s][debug][gc,nmethod     ] Register NMethod: java.util.concurrent.atomic.AtomicReferenceArray.get (0x00007ab2a6ca5508) [0x00007ab2a6ca5600, 0x00007ab2a6ca5760] Compiler: jvmci, Barriers: 2, Oops: 0, ImmediateOops: 0, NonImmediateOops: No
[1,929s][debug][gc,nmethod     ] GC(0) O: Unregister NMethod: java.util.WeakHashMap.getTable (0x00007ab287489d88) [0x00007ab287489e80, 0x00007ab287489ff8] 
[1,929s][debug][gc,nmethod     ] GC(0) O: Unregister NMethod: java.lang.String.startsWith (0x00007ab2a6c3e508) [0x00007ab2a6c3e600, 0x00007ab2a6c3e8f8] 
[1,929s][debug][gc,nmethod     ] GC(0) O: Unregister NMethod: java.lang.Class.isArray (0x00007ab28741dc88) [0x00007ab28741dd80, 0x00007ab28741df00] 
[1,929s][debug][gc,nmethod     ] GC(0) O: Unregister NMethod: java.util.ArrayList.get (0x00007ab287479588) [0x00007ab287479680, 0x00007ab287479928] 
[1,930s][debug][gc,nmethod     ] GC(0) O: Unregister NMethod: java.lang.String.startsWith (0x00007ab2a6c3e088) [0x00007ab2a6c3e180, 0x00007ab2a6c3e498] 
[1,930s][debug][gc,nmethod     ] GC(0) O: Unregister NMethod: jdk.internal.classfile.impl.SplitConstantPool.map (0x00007ab287419788) [0x00007ab2874198a0, 0x00007ab28741afa0] 
[1,930s][debug][gc,nmethod     ] GC(0) O: Unregister NMethod: java.lang.ref.ReferenceQueue.poll (0x00007ab287417c88) [0x00007ab287417d80, 0x00007ab2874181a0] 
[1,930s][debug][gc,nmethod     ] GC(0) O: Unregister NMethod: worker.org.gradle.internal.stream.EncodedStream$EncodedInput.read (0x00007ab287453288) [0x00007ab287453380, 0x00007ab287453ad8] 
[1,930s][debug][gc,nmethod     ] GC(0) O: Unregister NMethod: java.util.HashMap.put (0x00007ab28742ab88) [0x00007ab28742ac80, 0x00007ab28742b268] 
[1,930s][debug][gc,nmethod     ] GC(0) O: Unregister NMethod: java.lang.StringCoding.countNonZeroAsciiLatin1 (0x00007ab28741df88) [0x00007ab28741e080, 0x00007ab28741e288] 
[1,930s][debug][gc,nmethod     ] GC(0) O: Unregister NMethod: jdk.internal.misc.Unsafe.getShortUnaligned (0x00007ab28744fc88) [0x00007ab28744fd80, 0x00007ab28744ffa8] 
[1,930s][debug][gc,nmethod     ] GC(0) O: Unregister NMethod: java.util.ImmutableCollections$ListN.size (0x00007ab2875a4808) [0x00007ab2875a4900, 0x00007ab2875a4a38] 
[1,930s][debug][gc,nmethod     ] GC(0) O: Unregister NMethod: java.util.zip.ZipFile$Source.isMetaName (0x00007ab287472108) [0x00007ab287472200, 0x00007ab287472660] 
[1,930s][debug][gc,nmethod     ] GC(0) O: Unregister NMethod: io.sirix.cache.LinuxMemorySegmentAllocator.partitionVirtualRegion (0x00007ab2a6c7ab08) [0x00007ab2a6c7ac00, 0x00007ab2a6c7ca20] 
[1,930s][debug][gc,nmethod     ] GC(0) O: Unregister NMethod: java.util.HashMap.newNode (0x00007ab28742a708) [0x00007ab28742a800, 0x00007ab28742ab80] 
[1,930s][debug][gc,nmethod     ] GC(0) O: Unregister NMethod: java.lang.invoke.VarHandleReferences$FieldInstanceReadWrite.set (0x00007ab287805a88) [0x00007ab287805b80, 0x00007ab287806ba8] 
[1,930s][debug][gc,nmethod     ] GC(0) O: Unregister NMethod: java.lang.StringLatin1.canEncode (0x00007ab28756c408) [0x00007ab28756c500, 0x00007ab28756c660] 
[1,930s][debug][gc,nmethod     ] GC(0) O: Unregister NMethod: java.lang.StringLatin1.indexOf (0x00007ab287411008) [0x00007ab287411100, 0x00007ab287411588] 
[1,930s][debug][gc,nmethod     ] GC(0) O: Unregister NMethod: java.lang.ref.Reference.<init> (0x00007ab28746af88) [0x00007ab28746b080, 0x00007ab28746b318] 
[1,930s][debug][gc,nmethod     ] GC(0) O: Unregister NMethod: jdk.internal.foreign.AbstractMemorySegmentImpl.asSlice (0x00007ab2a6c71388) [0x00007ab2a6c71480, 0x00007ab2a6c71668] 
[1,930s][debug][gc,nmethod     ] GC(0) O: Unregister NMethod: java.lang.String.<init> (0x00007ab2a6c4a688) [0x00007ab2a6c4a780, 0x00007ab2a6c4ab60] 
[1,930s][debug][gc,nmethod     ] GC(0) O: Unregister NMethod: jdk.internal.foreign.AbstractMemorySegmentImpl.asSlice (0x00007ab287809a08) [0x00007ab287809b00, 0x00007ab287809ff8] 
[1,930s][debug][gc,nmethod     ] GC(0) O: Unregister NMethod: java.lang.invoke.VarHandleGuards.guard_LL_V (0x00007ab28780e188) [0x00007ab28780e280, 0x00007ab287812e68] 
[1,930s][debug][gc,nmethod     ] GC(0) O: Unregister NMethod: java.util.zip.ZipFile.ensureOpen (0x00007ab28747a288) [0x00007ab28747a380, 0x00007ab28747a650] 
[1,930s][debug][gc,nmethod     ] GC(0) O: Unregister NMethod: java.lang.classfile.CodeBuilder.checkcast (0x00007ab287712e88) [0x00007ab287712f80, 0x00007ab2877138b8] 
[1,930s][debug][gc,nmethod     ] GC(0) O: Unregister NMethod: org.gradle.internal.io.LineBufferingOutputStream.write (0x00007ab2877fdb08) [0x00007ab2877fdc00, 0x00007ab2877ff3e8] 
[1,930s][debug][gc,nmethod     ] GC(0) O: Unregister NMethod: java.util.zip.Checksum.update (0x00007ab2875e1808) [0x00007ab2875e1900, 0x00007ab2875e1a78] 
[1,930s][debug][gc,nmethod     ] GC(0) O: Unregister NMethod: jdk.internal.classfile.impl.RawBytecodeHelper.opcode (0x00007ab28744ce08) [0x00007ab28744cf00, 0x00007ab28744d008] 
[1,930s][debug][gc,nmethod     ] GC(0) O: Unregister NMethod: java.util.zip.ZipUtils.get32 (0x00007ab287455f88) [0x00007ab287456080, 0x00007ab287456488] 
[1,930s][debug][gc,nmethod     ] GC(0) O: Unregister NMethod: java.lang.Integer.rotateLeft (0x00007ab287570308) [0x00007ab287570400, 0x00007ab2875704f0] 
[1,930s][debug][gc,nmethod     ] GC(0) O: Unregister NMethod: java.util.zip.ZipFile$Source.getEntryPos (0x00007ab287483008) [0x00007ab287483100, 0x00007ab287484da8] 
[1,930s][debug][gc,nmethod     ] GC(0) O: Unregister NMethod: jdk.internal.jimage.ImageStringsReader.unmaskedHashCode (0x00007ab28751b408) [0x00007ab28751b500, 0x00007ab28751c700] 
[1,930s][debug][gc,nmethod     ] GC(0) O: Unregister NMethod: java.lang.classfile.CodeBuilder.invoke (0x00007ab2877a4f88) [0x00007ab2877a5080, 0x00007ab2877a5818] 
[1,930s][debug][gc,nmethod     ] GC(0) O: Unregister NMethod: java.util.concurrent.ConcurrentLinkedDeque.linkLast (0x00007ab287816408) [0x00007ab287816500, 0x00007ab28781b5f8] 
[1,930s][debug][gc,nmethod     ] GC(0) O: Unregister NMethod: jdk.internal.foreign.AbstractMemorySegmentImpl.asSliceNoCheck (0x00007ab2a6c71b88) [0x00007ab2a6c71c80, 0x00007ab2a6c71df8] 
[1,930s][debug][gc,nmethod     ] Register NMethod: java.lang.System.currentTimeMillis (0x00007ab2a6ca5808) [0x00007ab2a6ca5900, 0x00007ab2a6ca5a58] Compiler: , Barriers: 0, Oops: 0, ImmediateOops: 1, NonImmediateOops: No
[1,930s][debug][gc,nmethod     ] GC(0) O: Unregister NMethod: java.util.HashMap.putVal (0x00007ab287437288) [0x00007ab287437380, 0x00007ab287439710] 
[1,930s][debug][gc,nmethod     ] Register NMethod: java.lang.StringBuilder.<init> (0x00007ab2878d4e08) [0x00007ab2878d4f00, 0x00007ab2878d5030] Compiler: c1, Barriers: 0, Oops: 0, ImmediateOops: 0, NonImmediateOops: No
[1,930s][debug][gc,nmethod     ] GC(0) O: Unregister NMethod: jdk.internal.loader.URLClassPath$JarLoader.ensureOpen (0x00007ab287480408) [0x00007ab287480500, 0x00007ab287480768] 
[1,930s][debug][gc,nmethod     ] GC(0) O: Unregister NMethod: jdk.internal.loader.Resource.cachedInputStream (0x00007ab28750e008) [0x00007ab28750e100, 0x00007ab28750e778] 
[1,930s][debug][gc,nmethod     ] GC(0) O: Unregister NMethod: java.lang.invoke.VarForm.getMemberName (0x00007ab287572f88) [0x00007ab287573080, 0x00007ab287573800] 
[1,930s][debug][gc,nmethod     ] GC(0) O: Unregister NMethod: java.util.HashMap.put (0x00007ab287432b88) [0x00007ab287432c80, 0x00007ab287433268] 
[1,930s][debug][gc,nmethod     ] GC(0) O: Unregister NMethod: jdk.internal.classfile.impl.TerminalCodeBuilder.setupTopLocal (0x00007ab2876c2f88) [0x00007ab2876c3080, 0x00007ab2876c5608] 
[1,930s][debug][gc,nmethod     ] GC(0) O: Unregister NMethod: jdk.internal.classfile.impl.DirectCodeBuilder$4.writeBody (0x00007ab2876c7688) [0x00007ab2876c7780, 0x00007ab2876cb768] 
[1,930s][debug][gc,nmethod     ] GC(0) O: Unregister NMethod: java.lang.String.startsWith (0x00007ab287410c08) [0x00007ab287410d00, 0x00007ab287410ff8] 
[1,930s][debug][gc,nmethod     ] GC(0) O: Unregister NMethod: java.lang.System$1.uncheckedCountPositives (0x00007ab287471788) [0x00007ab287471880, 0x00007ab287471ad8] 
[1,930s][debug][gc,nmethod     ] Register NMethod: jdk.internal.misc.Unsafe.weakCompareAndSetLong (0x00007ab2878d5108) [0x00007ab2878d5200, 0x00007ab2878d5320] Compiler: c1, Barriers: 0, Oops: 0, ImmediateOops: 0, NonImmediateOops: No
[1,930s][debug][gc,nmethod     ] GC(0) O: Unregister NMethod: java.lang.StringBuilder.<init> (0x00007ab287478f88) [0x00007ab287479080, 0x00007ab2874791b8] 
[1,930s][debug][gc,nmethod     ] GC(0) O: Unregister NMethod: jdk.internal.classfile.impl.RawBytecodeHelper.next (0x00007ab28744b808) [0x00007ab28744b900, 0x00007ab28744c078] 
[1,930s][debug][gc,nmethod     ] GC(0) O: Unregister NMethod: java.lang.String.getBytes (0x00007ab287465f88) [0x00007ab287466080, 0x00007ab287466e08] 
[1,930s][debug][gc,nmethod     ] GC(0) O: Unregister NMethod: jdk.internal.loader.URLClassPath$JarLoader.findResource (0x00007ab28767ef88) [0x00007ab28767f080, 0x00007ab28767f270] 
[1,930s][debug][gc,nmethod     ] GC(0) O: Unregister NMethod: jdk.internal.util.StrongReferenceKey.hashCode (0x00007ab28741d608) [0x00007ab28741d700, 0x00007ab28741dc10] 
[1,930s][debug][gc,nmethod     ] GC(0) O: Unregister NMethod: jdk.internal.classfile.impl.UnboundAttribute$AdHocAttribute.writeTo (0x00007ab2876c1408) [0x00007ab2876c1500, 0x00007ab2876c2f40] 
[1,930s][debug][gc,nmethod     ] GC(0) O: Unregister NMethod: java.lang.StringLatin1.lastIndexOf (0x00007ab28744e788) [0x00007ab28744e880, 0x00007ab28744ec48] 
[1,931s][debug][gc,nmethod     ] GC(0) O: Unregister NMethod: java.lang.Object.<init> (0x00007ab287400388) [0x00007ab287400480, 0x00007ab287400580] 
[1,931s][debug][gc,nmethod     ] GC(0) O: Unregister NMethod: jdk.internal.foreign.AbstractMemorySegmentImpl.asSlice (0x00007ab287808f08) [0x00007ab287809000, 0x00007ab2878092f8] 
[1,931s][debug][gc,nmethod     ] GC(0) O: Unregister NMethod: java.util.concurrent.ConcurrentHashMap.putVal (0x00007ab2a6c2f808) [0x00007ab2a6c2f900, 0x00007ab2a6c30a18] 
[1,931s][debug][gc,nmethod     ] GC(0) O: Unregister NMethod: sun.net.www.ParseUtil.firstEncodeIndex (0x00007ab287457a08) [0x00007ab287457b00, 0x00007ab2874589d8] 
[1,931s][debug][gc,nmethod     ] Register NMethod: jdk.internal.foreign.SegmentFactories.initNativeMemory (0x00007ab2878d5408) [0x00007ab2878d5500, 0x00007ab2878d5720] Compiler: c1, Barriers: 0, Oops: 0, ImmediateOops: 0, NonImmediateOops: No
[1,931s][debug][gc,nmethod     ] GC(0) O: Unregister NMethod: java.lang.CharacterDataLatin1.getProperties (0x00007ab2874e7d88) [0x00007ab2874e7e80, 0x00007ab2874e7fb0] 
[1,931s][debug][gc,nmethod     ] GC(0) O: Unregister NMethod: java.lang.invoke.VarHandle.checkAccessModeThenIsDirect (0x00007ab28757c308) [0x00007ab28757c400, 0x00007ab28757d5a8] 
[1,931s][debug][gc,nmethod     ] GC(0) O: Unregister NMethod: jdk.internal.classfile.impl.EntryMap.put (0x00007ab287426008) [0x00007ab287426100, 0x00007ab2874267d0] 
[1,931s][debug][gc,nmethod     ] GC(0) O: Unregister NMethod: java.util.HashMap.getNode (0x00007ab28742fb88) [0x00007ab28742fc80, 0x00007ab287430f90] 
[1,931s][debug][gc,nmethod     ] GC(0) O: Unregister NMethod: java.util.jar.JarFile.getEntry (0x00007ab2874c2e08) [0x00007ab2874c2f00, 0x00007ab2874c3648] 
[1,931s][debug][gc,nmethod     ] GC(0) O: Unregister NMethod: io.sirix.cache.LinuxMemorySegmentAllocator.partitionVirtualRegion (0x00007ab2a6c74188) [0x00007ab2a6c74280, 0x00007ab2a6c751e8] 
[1,931s][debug][gc,nmethod     ] GC(0) O: Unregister NMethod: java.lang.StringLatin1.regionMatchesCI (0x00007ab2874c4c88) [0x00007ab2874c4d80, 0x00007ab2874c5020] 
[1,931s][debug][gc,nmethod     ] GC(0) O: Unregister NMethod: java.lang.String.indexOf (0x00007ab28751d408) [0x00007ab28751d500, 0x00007ab28751e000] 
[1,931s][debug][gc,nmethod     ] GC(0) O: Unregister NMethod: java.lang.StringCoding.countPositives (0x00007ab28746f388) [0x00007ab28746f480, 0x00007ab28746f688] 
[1,931s][debug][gc,nmethod     ] GC(0) O: Unregister NMethod: java.lang.AbstractStringBuilder.needsNewBuffer (0x00007ab28767f288) [0x00007ab28767f380, 0x00007ab28767f520] 
[1,931s][debug][gc,nmethod     ] GC(0) O: Unregister NMethod: java.util.Arrays.copyOf (0x00007ab287475788) [0x00007ab287475880, 0x00007ab287475c48] 
[1,931s][debug][gc,nmethod     ] GC(0) O: Unregister NMethod: jdk.internal.classfile.impl.EntryMap.firstToken (0x00007ab287420e88) [0x00007ab287420f80, 0x00007ab287421470] 
[1,931s][debug][gc,nmethod     ] GC(0) O: Unregister NMethod: jdk.internal.classfile.impl.BufWriterImpl.writeU1U2 (0x00007ab2874e9208) [0x00007ab2874e9300, 0x00007ab2874e9798] 
[1,931s][debug][gc,nmethod     ] GC(0) O: Unregister NMethod: java.lang.String.charAt (0x00007ab2a6be7d88) [0x00007ab2a6be7e80, 0x00007ab2a6be7fb0] 
[1,931s][debug][gc,nmethod     ] GC(0) O: Unregister NMethod: jdk.internal.loader.Resource.getBytes (0x00007ab2875d6808) [0x00007ab2875d6900, 0x00007ab2875d7df0] 
[1,931s][debug][gc,nmethod     ] GC(0) O: Unregister NMethod: java.util.HashMap.get (0x00007ab28742eb08) [0x00007ab28742ec00, 0x00007ab28742ef98] 
[1,931s][debug][gc,nmethod     ] GC(0) O: Unregister NMethod: java.util.jar.JarFile.checkForSpecialAttributes (0x00007ab287481988) [0x00007ab287481a80, 0x00007ab287482fe8] 
[1,931s][debug][gc,nmethod     ] GC(0) O: Unregister NMethod: java.lang.String.startsWith (0x00007ab28740f888) [0x00007ab28740f980, 0x00007ab287410c00] 
[1,931s][debug][gc,nmethod     ] GC(0) O: Unregister NMethod: java.lang.StringBuilder.append (0x00007ab28744d708) [0x00007ab28744d800, 0x00007ab28744d948] 
[1,931s][debug][gc,nmethod     ] GC(0) O: Unregister NMethod: java.util.zip.Checksum.update (0x00007ab28761f888) [0x00007ab28761f980, 0x00007ab28761fcb8] 
[1,931s][debug][gc,nmethod     ] GC(0) O: Unregister NMethod: jdk.internal.classfile.impl.SplitConstantPool.tryFindUtf8 (0x00007ab28745d608) [0x00007ab28745d700, 0x00007ab28745ef38] 
[1,931s][debug][gc,nmethod     ] GC(0) O: Unregister NMethod: java.util.Objects.requireNonNull (0x00007ab287404388) [0x00007ab287404480, 0x00007ab287404650] 
[1,931s][debug][gc,nmethod     ] GC(0) O: Unregister NMethod: jdk.internal.foreign.AbstractMemorySegmentImpl.asSlice (0x00007ab2a6c6fe88) [0x00007ab2a6c6ff80, 0x00007ab2a6c70168] 
[1,931s][debug][gc,nmethod     ] GC(0) O: Unregister NMethod: java.util.regex.Pattern$BmpCharPropertyGreedy.match (0x00007ab2a6c29988) [0x00007ab2a6c29a80, 0x00007ab2a6c29e50] 
[1,931s][debug][gc,nmethod     ] GC(0) O: Unregister NMethod: java.lang.AbstractStringBuilder.append (0x00007ab28744da08) [0x00007ab28744db00, 0x00007ab28744e750] 
[1,931s][debug][gc,nmethod     ] GC(0) O: Unregister NMethod: java.lang.String.getBytes (0x00007ab287418208) [0x00007ab287418300, 0x00007ab287418808] 
[1,931s][debug][gc,nmethod     ] GC(0) O: Unregister NMethod: java.util.concurrent.ConcurrentHashMap.setTabAt (0x00007ab28746dc88) [0x00007ab28746dd80, 0x00007ab28746e080] 
[1,931s][debug][gc,nmethod     ] GC(0) O: Unregister NMethod: jdk.internal.classfile.impl.StackMapGenerator.of (0x00007ab287777808) [0x00007ab287777900, 0x00007ab287778e70] 
[1,931s][debug][gc,nmethod     ] GC(0) O: Unregister NMethod: java.util.jar.JarFile.getEntry (0x00007ab2a6c39488) [0x00007ab2a6c39580, 0x00007ab2a6c3a9e0] 
[1,931s][debug][gc,nmethod     ] GC(0) O: Unregister NMethod: java.util.HashMap.putIfAbsent (0x00007ab28743ce88) [0x00007ab28743cf80, 0x00007ab28743d568] 
[1,931s][debug][gc,nmethod     ] GC(0) O: Unregister NMethod: java.util.BitSet.wordIndex (0x00007ab287528f88) [0x00007ab287529080, 0x00007ab287529168] 
[1,931s][debug][gc,nmethod     ] GC(0) O: Unregister NMethod: java.lang.String.hashCode (0x00007ab287400988) [0x00007ab287400a80, 0x00007ab287401028] 
[1,931s][debug][gc,nmethod     ] GC(0) O: Unregister NMethod: java.util.jar.Manifest$FastInputStream.readLine (0x00007ab287485108) [0x00007ab287485200, 0x00007ab287485a58] 
[1,931s][debug][gc,nmethod     ] GC(0) O: Unregister NMethod: java.lang.String.isLatin1 (0x00007ab28740b388) [0x00007ab28740b480, 0x00007ab28740b5e0] 
[1,931s][debug][gc,nmethod     ] GC(0) O: Unregister NMethod: jdk.internal.util.ArraysSupport.hashCodeOfUnsigned (0x00007ab287402088) [0x00007ab287402180, 0x00007ab2874023f8] 
[1,931s][debug][gc,nmethod     ] GC(0) O: Unregister NMethod: jdk.internal.classfile.impl.AbstractPoolEntry$Utf8EntryImpl.<init> (0x00007ab28745fd88) [0x00007ab28745fe80, 0x00007ab2874606e8] 
[1,931s][debug][gc,nmethod     ] GC(0) O: Unregister NMethod: java.util.concurrent.ConcurrentHashMap.tabAt (0x00007ab287412908) [0x00007ab287412a00, 0x00007ab287412f48] 
[1,931s][debug][gc,nmethod     ] GC(0) O: Unregister NMethod: java.lang.String.startsWith (0x00007ab287750d08) [0x00007ab287750e00, 0x00007ab287752020] 
[1,931s][debug][gc,nmethod     ] GC(0) O: Unregister NMethod: jdk.internal.util.ArraysSupport.mismatch (0x00007ab2a6c3dc88) [0x00007ab2a6c3dd80, 0x00007ab2a6c3e010] 
[1,931s][debug][gc,nmethod     ] GC(0) O: Unregister NMethod: jdk.internal.constant.MethodTypeDescImpl.parameterCount (0x00007ab2874c1f08) [0x00007ab2874c2000, 0x00007ab2874c2138] 
[1,931s][debug][gc,nmethod     ] GC(0) O: Unregister NMethod: java.lang.invoke.VarHandleGuards.guard_LLL_Z (0x00007ab28780a008) [0x00007ab28780a100, 0x00007ab28780d000] 
[1,931s][debug][gc,nmethod     ] GC(0) O: Unregister NMethod: java.util.BitSet.set (0x00007ab28752cd08) [0x00007ab28752ce00, 0x00007ab28752dd48] 
[1,931s][debug][gc,nmethod     ] GC(0) O: Unregister NMethod: java.lang.String.hashCode (0x00007ab287417188) [0x00007ab287417280, 0x00007ab287417828] 
[1,931s][debug][gc,nmethod     ] GC(0) O: Unregister NMethod: jdk.internal.loader.URLClassPath$JarLoader.getResource (0x00007ab287488688) [0x00007ab287488780, 0x00007ab287488d60] 
[1,931s][debug][gc,nmethod     ] GC(0) O: Unregister NMethod: java.lang.invoke.MethodType.parameterType (0x00007ab28744d108) [0x00007ab28744d200, 0x00007ab28744d388] 
[1,931s][debug][gc,nmethod     ] GC(0) O: Unregister NMethod: java.lang.String.charAt (0x00007ab28740e408) [0x00007ab28740e500, 0x00007ab28740ea90] 
[1,931s][debug][gc,nmethod     ] GC(0) O: Unregister NMethod: java.nio.DirectLongBufferU.ix (0x00007ab287487988) [0x00007ab287487a80, 0x00007ab287487b90] 
[1,931s][debug][gc,nmethod     ] Register NMethod: java.lang.invoke.TypeConvertingMethodAdapter.classDesc (0x00007ab2878d5788) [0x00007ab2878d5880, 0x00007ab2878d6a28] Compiler: c1, Barriers: 3, Oops: 1, ImmediateOops: 6, NonImmediateOops: No
[1,931s][debug][gc,nmethod     ] GC(0) O: Unregister NMethod: worker.org.gradle.internal.stream.EncodedStream$EncodedInput.hexToByte (0x00007ab287452a08) [0x00007ab287452b00, 0x00007ab287453248] 
[1,931s][debug][gc,nmethod     ] GC(0) O: Unregister NMethod: java.util.HashMap.afterNodeInsertion (0x00007ab28742a008) [0x00007ab28742a100, 0x00007ab28742a200] 
[1,931s][debug][gc,nmethod     ] GC(0) O: Unregister NMethod: jdk.internal.misc.Unsafe.putReferenceRelease (0x00007ab28746d988) [0x00007ab28746da80, 0x00007ab28746dbf8] 
[1,931s][debug][gc,nmethod     ] GC(0) O: Unregister NMethod: java.lang.StringLatin1.equals (0x00007ab287401a08) [0x00007ab287401b00, 0x00007ab287401d68] 
[1,931s][debug][gc,nmethod     ] GC(0) O: Unregister NMethod: java.util.HashSet.add (0x00007ab28742e508) [0x00007ab28742e600, 0x00007ab28742e7d0] 
[1,931s][debug][gc,nmethod     ] GC(0) O: Unregister NMethod: java.lang.AbstractStringBuilder.needsNewBuffer (0x00007ab287444208) [0x00007ab287444300, 0x00007ab2874444a0] 
[1,931s][debug][gc,nmethod     ] GC(0) O: Unregister NMethod: java.util.concurrent.ConcurrentHashMap.get (0x00007ab28741b788) [0x00007ab28741b880, 0x00007ab28741c898] 
[1,932s][debug][gc,nmethod     ] Register NMethod: jdk.internal.classfile.impl.Util.paramSlotSize (0x00007ab2878d6a88) [0x00007ab2878d6b80, 0x00007ab2878d6db0] Compiler: c1, Barriers: 0, Oops: 0, ImmediateOops: 2, NonImmediateOops: No
[1,932s][debug][gc,nmethod     ] GC(0) O: Unregister NMethod: java.lang.invoke.InvokerBytecodeGenerator.emitStoreResult (0x00007ab2877b8788) [0x00007ab2877b8880, 0x00007ab2877b8f38] 
[1,932s][debug][gc,nmethod     ] GC(0) O: Unregister NMethod: java.lang.String.equals (0x00007ab287407508) [0x00007ab287407600, 0x00007ab287407cc0] 
[1,932s][debug][gc,nmethod     ] GC(0) O: Unregister NMethod: java.util.jar.JarFile.isMultiRelease (0x00007ab287484e08) [0x00007ab287484f00, 0x00007ab2874850f8] 
[1,932s][debug][gc,nmethod     ] GC(0) O: Unregister NMethod: java.util.jar.JarFile.getEntry (0x00007ab287488d88) [0x00007ab287488e80, 0x00007ab2874895c8] 
[1,932s][debug][gc,nmethod     ] GC(0) O: Unregister NMethod: java.util.zip.ZipFile$CleanableResource.getInflater (0x00007ab287548488) [0x00007ab287548580, 0x00007ab287548cb0] 
[1,932s][debug][gc,nmethod     ] Register NMethod: java.lang.invoke.MethodHandle.linkToSpecial (0x00007ab2a6ca5b08) [0x00007ab2a6ca5c00, 0x00007ab2a6ca5cf8] Compiler: , Barriers: 0, Oops: 0, ImmediateOops: 0, NonImmediateOops: No
[1,932s][debug][gc,nmethod     ] GC(0) O: Unregister NMethod: java.lang.String.substring (0x00007ab287441388) [0x00007ab287441480, 0x00007ab287441fa0] 
[1,932s][debug][gc,nmethod     ] GC(0) O: Unregister NMethod: java.util.ImmutableCollections$SetN.probe (0x00007ab287401088) [0x00007ab287401180, 0x00007ab2874019a8] 
[1,932s][debug][gc,nmethod     ] GC(0) O: Unregister NMethod: java.lang.String.length (0x00007ab28740af08) [0x00007ab28740b000, 0x00007ab28740b380] 
[1,932s][debug][gc,nmethod     ] GC(0) O: Unregister NMethod: java.util.zip.ZipUtils.get16 (0x00007ab28744f708) [0x00007ab28744f800, 0x00007ab28744fc00] 
[1,932s][debug][gc,nmethod     ] Register NMethod: java.lang.invoke.MethodHandle.invokeBasic (0x00007ab2a6ca5e08) [0x00007ab2a6ca5f00, 0x00007ab2a6ca6198] Compiler: , Barriers: 0, Oops: 0, ImmediateOops: 0, NonImmediateOops: No
[1,932s][debug][gc,nmethod     ] GC(0) O: Unregister NMethod: jdk.internal.util.ArraysSupport.mismatch (0x00007ab287411908) [0x00007ab287411a00, 0x00007ab287411de0] 
[1,932s][debug][gc,nmethod     ] Register NMethod: java.lang.invoke.MethodHandle.linkToSpecial (0x00007ab2a6ca6208) [0x00007ab2a6ca6300, 0x00007ab2a6ca63f8] Compiler: , Barriers: 0, Oops: 0, ImmediateOops: 0, NonImmediateOops: No
[1,932s][debug][gc,nmethod     ] GC(0) O: Unregister NMethod: jdk.internal.classfile.impl.SplitConstantPool.canWriteDirect (0x00007ab28744b108) [0x00007ab28744b200, 0x00007ab28744b4f8] 
[1,932s][debug][gc,nmethod     ] GC(0) O: Unregister NMethod: java.util.Objects.requireNonNull (0x00007ab287421488) [0x00007ab287421580, 0x00007ab287421758] 
[1,932s][debug][gc,nmethod     ] GC(0) O: Unregister NMethod: java.util.ImmutableCollections$ListN.get (0x00007ab28740a008) [0x00007ab28740a100, 0x00007ab28740a288] 
[1,932s][debug][gc,nmethod     ] GC(0) O: Unregister NMethod: java.lang.invoke.MethodType.parameterCount (0x00007ab287423208) [0x00007ab287423300, 0x00007ab287423438] 
[1,932s][debug][gc,nmethod     ] GC(0) O: Unregister NMethod: java.lang.AbstractStringBuilder.<init> (0x00007ab287476988) [0x00007ab287476a80, 0x00007ab287476d08] 
[1,932s][debug][gc,nmethod     ] GC(0) O: Unregister NMethod: java.lang.StringLatin1.replace (0x00007ab287454708) [0x00007ab287454800, 0x00007ab2874558a0] 
[1,932s][debug][gc,nmethod     ] GC(0) O: Unregister NMethod: jdk.internal.loader.URLClassPath.getLoader (0x00007ab28748a088) [0x00007ab28748a180, 0x00007ab28748c048] 
[1,932s][debug][gc,nmethod     ] GC(0) O: Unregister NMethod: java.lang.String.hashCode (0x00007ab2a6be8088) [0x00007ab2a6be8180, 0x00007ab2a6be8320] 
[1,932s][debug][gc,nmethod     ] GC(0) O: Unregister NMethod: java.util.HashMap.resize (0x00007ab28743d888) [0x00007ab28743d9a0, 0x00007ab28743f680] 
[1,932s][debug][gc,nmethod     ] GC(0) O: Unregister NMethod: java.util.HashMap.putIfAbsent (0x00007ab2a6c18988) [0x00007ab2a6c18aa0, 0x00007ab2a6c1a268] 
[1,932s][debug][gc,nmethod     ] GC(0) O: Unregister NMethod: java.util.zip.ZipFile$Source.checkAndAddEntry (0x00007ab287473008) [0x00007ab287473100, 0x00007ab287475400] 
[1,932s][debug][gc,nmethod     ] GC(0) O: Unregister NMethod: java.util.HashMap.put (0x00007ab2a6c2d708) [0x00007ab2a6c2d820, 0x00007ab2a6c2f018] 
[1,932s][debug][gc,nmethod     ] GC(0) O: Unregister NMethod: java.lang.module.ModuleDescriptor$Exports.isQualified (0x00007ab287427808) [0x00007ab287427900, 0x00007ab287427c90] 
[1,932s][debug][gc,nmethod     ] GC(0) O: Unregister NMethod: jdk.internal.util.ArraysSupport.mismatch (0x00007ab287752088) [0x00007ab287752180, 0x00007ab287752560] 
[1,932s][debug][gc,nmethod     ] GC(0) O: Unregister NMethod: java.lang.Math.max (0x00007ab287444808) [0x00007ab287444900, 0x00007ab287444a28] 
[1,932s][debug][gc,nmethod     ] GC(0) O: Unregister NMethod: java.net.URLClassLoader.defineClass (0x00007ab287605d08) [0x00007ab287605e00, 0x00007ab28760a698] 
[1,932s][debug][gc,nmethod     ] Register NMethod: java.lang.invoke.MethodHandle.invokeBasic (0x00007ab2a6ca6508) [0x00007ab2a6ca6600, 0x00007ab2a6ca6898] Compiler: , Barriers: 0, Oops: 0, ImmediateOops: 0, NonImmediateOops: No
[1,932s][debug][gc,nmethod     ] GC(0) O: Unregister NMethod: java.util.Arrays.copyOfRange (0x00007ab28743f688) [0x00007ab28743f780, 0x00007ab287440a50] 
[1,932s][debug][gc,nmethod     ] GC(0) O: Unregister NMethod: java.lang.String.isLatin1 (0x00007ab287671e88) [0x00007ab287671f80, 0x00007ab2876720e0] 
[1,932s][debug][gc,nmethod     ] GC(0) O: Unregister NMethod: java.util.concurrent.ConcurrentHashMap.get (0x00007ab2a6c34208) [0x00007ab2a6c34300, 0x00007ab2a6c34e60] 
[1,932s][debug][gc,nmethod     ] GC(0) O: Unregister NMethod: java.util.HashMap.putVal (0x00007ab28742c708) [0x00007ab28742c800, 0x00007ab28742e4f0] 
[1,932s][debug][gc,nmethod     ] GC(0) O: Unregister NMethod: java.lang.CharacterDataLatin1.equalsIgnoreCase (0x00007ab2874c4488) [0x00007ab2874c4580, 0x00007ab2874c4818] 
[1,932s][debug][gc,nmethod     ] GC(0) O: Unregister NMethod: jdk.internal.misc.Unsafe.weakCompareAndSetReference (0x00007ab287813588) [0x00007ab287813680, 0x00007ab287813800] 
[1,932s][debug][gc,nmethod     ] GC(0) O: Unregister NMethod: java.util.concurrent.ConcurrentHashMap.addCount (0x00007ab287413788) [0x00007ab287413880, 0x00007ab287414520] 
[1,932s][debug][gc,nmethod     ] GC(0) O: Unregister NMethod: java.lang.StringLatin1.indexOf (0x00007ab28744ec88) [0x00007ab28744ed80, 0x00007ab28744f0d8] 
[1,932s][debug][gc,nmethod     ] GC(0) O: Unregister NMethod: jdk.internal.classfile.impl.SplitConstantPool.entryByIndex (0x00007ab28741e608) [0x00007ab28741e700, 0x00007ab2874207b0] 
[1,932s][debug][gc,nmethod     ] GC(0) O: Unregister NMethod: jdk.internal.misc.Unsafe.allocateUninitializedArray (0x00007ab287423e88) [0x00007ab287423f80, 0x00007ab287424548] 
[1,932s][debug][gc,nmethod     ] GC(0) O: Unregister NMethod: jdk.internal.loader.URLClassPath$JarLoader.getResource (0x00007ab2a6c40908) [0x00007ab2a6c40a00, 0x00007ab2a6c42100] 
[1,932s][debug][gc,nmethod     ] GC(0) O: Unregister NMethod: jdk.internal.classfile.impl.SplitConstantPool.internalAdd (0x00007ab287425108) [0x00007ab287425200, 0x00007ab287425fe8] 
[1,932s][debug][gc,nmethod     ] GC(0) O: Unregister NMethod: io.sirix.cache.LinuxMemorySegmentAllocator.partitionVirtualRegion (0x00007ab28781c788) [0x00007ab28781c880, 0x00007ab28781d698] 
[1,932s][debug][gc,nmethod     ] GC(0) O: Unregister NMethod: java.lang.AbstractStringBuilder.append (0x00007ab28748fc08) [0x00007ab28748fd00, 0x00007ab2874901b8] 
[1,932s][debug][gc,nmethod     ] GC(0) O: Unregister NMethod: java.util.concurrent.ConcurrentHashMap.casTabAt (0x00007ab287443588) [0x00007ab287443680, 0x00007ab2874437f0] 
[1,932s][debug][gc,nmethod     ] GC(0) O: Unregister NMethod: java.util.ImmutableCollections$SetN$SetNIterator.next (0x00007ab287413308) [0x00007ab287413400, 0x00007ab287413768] 
[1,932s][debug][gc,nmethod     ] GC(0) O: Unregister NMethod: jdk.internal.classfile.impl.BufWriterImpl.cpIndex (0x00007ab287461c88) [0x00007ab287461d80, 0x00007ab287463d78] 
[1,932s][debug][gc,nmethod     ] GC(0) O: Unregister NMethod: java.lang.String.<init> (0x00007ab287476d88) [0x00007ab287476e80, 0x00007ab287477820] 
[1,932s][debug][gc,nmethod     ] GC(0) O: Unregister NMethod: jdk.internal.classfile.impl.BufWriterImpl.patchInt (0x00007ab2875f3488) [0x00007ab2875f3580, 0x00007ab2875f3760] 
[1,932s][debug][gc,nmethod     ] GC(0) O: Unregister NMethod: java.lang.Class.cast (0x00007ab287551a08) [0x00007ab287551b00, 0x00007ab287551f58] 
[1,932s][debug][gc,nmethod     ] GC(0) O: Unregister NMethod: java.nio.DirectByteBuffer.ix (0x00007ab2874c0008) [0x00007ab2874c0100, 0x00007ab2874c0208] 
[1,932s][debug][gc,nmethod     ] GC(0) O: Unregister NMethod: java.util.zip.ZipCoder$UTF8ZipCoder.checkedHash (0x00007ab287472a88) [0x00007ab287472b80, 0x00007ab287472f90] 
[1,932s][debug][gc,nmethod     ] GC(0) O: Unregister NMethod: java.util.zip.ZipFile$CleanableResource.releaseInflater (0x00007ab28754da08) [0x00007ab28754db00, 0x00007ab28754e058] 
[1,932s][debug][gc,nmethod     ] GC(0) O: Unregister NMethod: jdk.internal.classfile.impl.SplitConstantPool.internalAdd (0x00007ab287424c88) [0x00007ab287424d80, 0x00007ab2874250d8] 
[1,932s][debug][gc,nmethod     ] GC(0) O: Unregister NMethod: java.util.HashMap.get (0x00007ab287432688) [0x00007ab287432780, 0x00007ab287432b18] 
[1,932s][debug][gc,nmethod     ] GC(0) O: Unregister NMethod: sun.util.locale.BaseLocale.hashCode (0x00007ab28762b888) [0x00007ab28762b980, 0x00007ab28762f808] 
[1,932s][debug][gc,nmethod     ] GC(0) O: Unregister NMethod: java.lang.ref.Reference.reachabilityFence (0x00007ab287477888) [0x00007ab287477980, 0x00007ab287477a60] 
[1,932s][debug][gc,nmethod     ] GC(0) O: Unregister NMethod: java.util.jar.JarFile.checkForSpecialAttributes (0x00007ab2874c5088) [0x00007ab2874c5180, 0x00007ab2874c6760] 
[1,932s][debug][gc,nmethod     ] GC(0) O: Unregister NMethod: org.gradle.internal.io.StreamByteBuffer$StreamByteBufferChunk.write (0x00007ab2877fbd88) [0x00007ab2877fbe80, 0x00007ab2877fc048] 
[1,932s][debug][gc,nmethod     ] GC(0) O: Unregister NMethod: jdk.internal.misc.Unsafe.getIntUnaligned (0x00007ab287455908) [0x00007ab287455a00, 0x00007ab287455c48] 
[1,932s][debug][gc,nmethod     ] GC(0) O: Unregister NMethod: java.util.zip.ZipFile.getEntry (0x00007ab287485a88) [0x00007ab287485b80, 0x00007ab287486148] 
[1,932s][debug][gc,nmethod     ] GC(0) O: Unregister NMethod: java.util.WeakHashMap.remove (0x00007ab2874cf888) [0x00007ab2874cf980, 0x00007ab2874d0d90] 
[1,932s][debug][gc,nmethod     ] GC(0) O: Unregister NMethod: java.lang.Math.min (0x00007ab287416b88) [0x00007ab287416c80, 0x00007ab287416da8] 
[1,932s][debug][gc,nmethod     ] GC(0) O: Unregister NMethod: java.util.WeakHashMap.put (0x00007ab28753af88) [0x00007ab28753b080, 0x00007ab28753c9c0] 
[1,932s][debug][gc,nmethod     ] GC(0) O: Unregister NMethod: java.net.URLClassLoader.findClass (0x00007ab287600008) [0x00007ab287600100, 0x00007ab287602d20] 
[1,932s][debug][gc,nmethod     ] GC(0) O: Unregister NMethod: io.sirix.cache.LinuxMemorySegmentAllocator.partitionVirtualRegion (0x00007ab28781b688) [0x00007ab28781b780, 0x00007ab28781c700] 
[1,932s][debug][gc,nmethod     ] GC(0) O: Unregister NMethod: java.lang.String.replace (0x00007ab28746e088) [0x00007ab28746e180, 0x00007ab28746e688] 
[1,932s][debug][gc,nmethod     ] GC(0) O: Unregister NMethod: jdk.internal.loader.Resource.getByteBuffer (0x00007ab2875dfc88) [0x00007ab2875dfd80, 0x00007ab2875e0af8] 
[1,932s][debug][gc,nmethod     ] GC(0) O: Unregister NMethod: java.lang.StringUTF16.getChar (0x00007ab287671b88) [0x00007ab287671c80, 0x00007ab287671de0] 
[1,932s][debug][gc,nmethod     ] GC(0) O: Unregister NMethod: java.lang.String.toString (0x00007ab2874e8f08) [0x00007ab2874e9000, 0x00007ab2874e9100] 
[1,932s][debug][gc,nmethod     ] GC(0) O: Unregister NMethod: java.lang.invoke.InvokerBytecodeGenerator.emitPushArgument (0x00007ab2876a1b08) [0x00007ab2876a1c00, 0x00007ab2876a47c8] 
[1,932s][debug][gc,nmethod     ] GC(0) O: Unregister NMethod: java.util.concurrent.ConcurrentHashMap.putIfAbsent (0x00007ab287417888) [0x00007ab287417980, 0x00007ab287417c80] 
[1,932s][debug][gc,nmethod     ] GC(0) O: Unregister NMethod: jdk.internal.classfile.impl.BufWriterImpl.writeUtfEntry (0x00007ab287467d88) [0x00007ab287467e80, 0x00007ab28746ac40] 
[1,932s][debug][gc,nmethod     ] GC(0) O: Unregister NMethod: java.io.BufferedInputStream.getBufIfOpen (0x00007ab287451f08) [0x00007ab287452000, 0x00007ab287452418] 
[1,933s][debug][gc,nmethod     ] GC(0) O: Unregister NMethod: java.lang.Number.<init> (0x00007ab287529588) [0x00007ab287529680, 0x00007ab2875297d8] 
[1,933s][debug][gc,nmethod     ] GC(0) O: Unregister NMethod: java.lang.String.coder (0x00007ab287409988) [0x00007ab287409a80, 0x00007ab287409ba8] 
[1,933s][debug][gc,nmethod     ] GC(0) O: Unregister NMethod: jdk.internal.loader.URLClassPath.getResource (0x00007ab287599788) [0x00007ab287599880, 0x00007ab287599ce8] 
[1,933s][debug][gc,nmethod     ] GC(0) O: Unregister NMethod: java.lang.AbstractStringBuilder.ensureCapacityNewCoder (0x00007ab287475f88) [0x00007ab287476080, 0x00007ab287476390] 
[1,933s][debug][gc,nmethod     ] GC(0) O: Unregister NMethod: jdk.internal.foreign.NativeMemorySegmentImpl.dup (0x00007ab287812e88) [0x00007ab287812f80, 0x00007ab287813578] 
[1,933s][debug][gc,nmethod     ] GC(0) O: Unregister NMethod: jdk.internal.loader.URLClassPath$JarLoader$1.getBytes (0x00007ab2875e0b08) [0x00007ab2875e0c00, 0x00007ab2875e14e8] 
[1,933s][debug][gc,nmethod     ] GC(0) O: Unregister NMethod: java.lang.StringLatin1.newString (0x00007ab287440a88) [0x00007ab287440b80, 0x00007ab287440ea0] 
[1,933s][debug][gc,nmethod     ] GC(0) O: Unregister NMethod: sun.nio.fs.UnixPath.checkNotNul (0x00007ab28746f708) [0x00007ab28746f800, 0x00007ab28746f9a0] 
[1,933s][debug][gc,nmethod     ] GC(0) O: Unregister NMethod: java.util.zip.ZipFile.zipCoderFor (0x00007ab287471208) [0x00007ab287471300, 0x00007ab287471750] 
[1,933s][debug][gc,nmethod     ] GC(0) O: Unregister NMethod: jdk.internal.classfile.impl.RawBytecodeHelper.endBci (0x00007ab28744b508) [0x00007ab28744b600, 0x00007ab28744b738] 
[1,933s][debug][gc,nmethod     ] GC(0) O: Unregister NMethod: java.lang.StringLatin1.indexOfChar (0x00007ab28740ee08) [0x00007ab28740ef00, 0x00007ab28740f100] 
[1,933s][debug][gc,nmethod     ] GC(0) O: Unregister NMethod: jdk.internal.util.ArraysSupport.unsignedHashCode (0x00007ab287400008) [0x00007ab287400100, 0x00007ab287400310] 
[1,933s][debug][gc,nmethod     ] GC(0) O: Unregister NMethod: java.util.ImmutableCollections$SetN$SetNIterator.hasNext (0x00007ab287408308) [0x00007ab287408400, 0x00007ab287408550] 
[1,933s][debug][gc,nmethod     ] GC(0) O: Unregister NMethod: java.lang.AbstractStringBuilder.needsNewBuffer (0x00007ab2a6c1a988) [0x00007ab2a6c1aa80, 0x00007ab2a6c1ab68] 
[1,933s][debug][gc,nmethod     ] GC(0) O: Unregister NMethod: jdk.internal.classfile.impl.AbstractPoolEntry$Utf8EntryImpl.writeTo (0x00007ab287460708) [0x00007ab287460800, 0x00007ab287461010] 
[1,933s][debug][gc,nmethod     ] GC(0) O: Unregister NMethod: java.io.BufferedInputStream.read (0x00007ab287452488) [0x00007ab287452580, 0x00007ab2874529d8] 
[1,933s][debug][gc,nmethod     ] GC(0) O: Unregister NMethod: java.util.regex.Pattern$BmpCharPropertyGreedy.match (0x00007ab287625808) [0x00007ab287625900, 0x00007ab287626270] 
[1,933s][debug][gc,nmethod     ] GC(0) O: Unregister NMethod: java.lang.String.indexOf (0x00007ab2874d6d88) [0x00007ab2874d6e80, 0x00007ab2874d7838] 
[1,933s][debug][gc,nmethod     ] GC(0) O: Unregister NMethod: jdk.internal.misc.Unsafe.getIntUnaligned (0x00007ab2a6c00308) [0x00007ab2a6c00400, 0x00007ab2a6c004c0] 
[1,933s][debug][gc,nmethod     ] GC(0) O: Unregister NMethod: java.lang.invoke.InvokerBytecodeGenerator.emitStaticInvoke (0x00007ab2877c4408) [0x00007ab2877c4500, 0x00007ab2877c6be8] 
[1,933s][debug][gc,nmethod     ] GC(0) O: Unregister NMethod: jdk.internal.foreign.NativeMemorySegmentImpl.dup (0x00007ab2a6c72188) [0x00007ab2a6c722a0, 0x00007ab2a6c723f0] 
[1,933s][debug][gc,nmethod     ] Register NMethod: java.lang.invoke.MethodHandle.invokeBasic (0x00007ab2a6ca6908) [0x00007ab2a6ca6a00, 0x00007ab2a6ca6c98] Compiler: , Barriers: 0, Oops: 0, ImmediateOops: 0, NonImmediateOops: No
[1,933s][debug][gc,nmethod     ] GC(0) O: Unregister NMethod: java.lang.String.regionMatches (0x00007ab2874c6788) [0x00007ab2874c6880, 0x00007ab2874c7c78] 
[1,933s][debug][gc,nmethod     ] Register NMethod: java.lang.invoke.MethodHandle.linkToSpecial (0x00007ab2a6ca6d08) [0x00007ab2a6ca6e00, 0x00007ab2a6ca6ef8] Compiler: , Barriers: 0, Oops: 0, ImmediateOops: 0, NonImmediateOops: No
[1,933s][debug][gc,nmethod     ] GC(0) O: Unregister NMethod: java.util.zip.ZipFile$Source.isMetaName (0x00007ab2a6c11908) [0x00007ab2a6c11a00, 0x00007ab2a6c11d30] 
[1,933s][debug][gc,nmethod     ] GC(0) O: Unregister NMethod: jdk.internal.classfile.impl.SplitConstantPool.utf8Entry (0x00007ab287466e88) [0x00007ab287466f80, 0x00007ab287467a78] 
[1,933s][debug][gc,nmethod     ] Register NMethod: jdk.internal.constant.ConstantUtils.classDesc (0x00007ab2878d6e08) [0x00007ab2878d6f00, 0x00007ab2878d8000] Compiler: c1, Barriers: 3, Oops: 1, ImmediateOops: 2, NonImmediateOops: No
[1,933s][debug][gc,nmethod     ] GC(0) O: Unregister NMethod: java.util.ImmutableCollections$SetN.isEmpty (0x00007ab287427d08) [0x00007ab287427e00, 0x00007ab287427f50] 
[1,933s][debug][gc,nmethod     ] GC(0) O: Unregister NMethod: java.util.concurrent.ConcurrentLinkedDeque.offer (0x00007ab28780d488) [0x00007ab28780d580, 0x00007ab28780d718] 
[1,933s][debug][gc,nmethod     ] GC(0) O: Unregister NMethod: java.lang.String.indexOf (0x00007ab28740f108) [0x00007ab28740f200, 0x00007ab28740f828] 
[1,933s][debug][gc,nmethod     ] GC(0) O: Unregister NMethod: java.io.BufferedInputStream.getBufIfOpen (0x00007ab2a6bfa588) [0x00007ab2a6bfa680, 0x00007ab2a6bfa7b0] 
[1,933s][debug][gc,nmethod     ] GC(0) O: Unregister NMethod: java.util.HashMap.resize (0x00007ab2a6bf8208) [0x00007ab2a6bf8320, 0x00007ab2a6bf8e70] 
[1,933s][debug][gc,nmethod     ] GC(0) O: Unregister NMethod: java.util.HashMap.putVal (0x00007ab2a6bf6788) [0x00007ab2a6bf68a0, 0x00007ab2a6bf7ef0] 
[1,933s][debug][gc,nmethod     ] GC(0) O: Unregister NMethod: java.lang.String.isEmpty (0x00007ab287411608) [0x00007ab287411700, 0x00007ab287411888] 
[1,933s][debug][gc,nmethod     ] GC(0) O: Unregister NMethod: java.lang.invoke.MemberName.getReferenceKind (0x00007ab28747e508) [0x00007ab28747e600, 0x00007ab28747e710] 
[1,933s][debug][gc,phases      ] GC(0) O: Concurrent Classes Unlink 4,149ms
[1,933s][debug][gc,phases,start] GC(0) O: Concurrent Classes Purge
[1,933s][debug][gc,nmethod     ] GC(0) O: Purge NMethod: java.lang.StringBuilder.toString (0x00007ab287476408) [0x00007ab287476500, 0x00007ab287476938] 
[1,933s][debug][gc,nmethod     ] GC(0) O: Purge NMethod: java.util.concurrent.ConcurrentHashMap.putVal (0x00007ab287414588) [0x00007ab287414680, 0x00007ab287416b78] 
[1,933s][debug][gc,nmethod     ] GC(0) O: Purge NMethod: jdk.internal.util.ReferencedKeyMap.removeStaleReferences (0x00007ab287418888) [0x00007ab287418980, 0x00007ab287418fa0] 
[1,933s][debug][gc,nmethod     ] GC(0) O: Purge NMethod: java.lang.String.isLatin1 (0x00007ab2a6be7a88) [0x00007ab2a6be7b80, 0x00007ab2a6be7c40] 
[1,933s][debug][gc,nmethod     ] GC(0) O: Purge NMethod: io.sirix.cache.LinuxMemorySegmentAllocator.partitionVirtualRegion (0x00007ab2a6c75208) [0x00007ab2a6c75300, 0x00007ab2a6c76b68] 
[1,933s][debug][gc,nmethod     ] GC(0) O: Purge NMethod: java.util.BitSet.checkInvariants (0x00007ab287529288) [0x00007ab287529380, 0x00007ab2875294b0] 
[1,933s][debug][gc,nmethod     ] GC(0) O: Purge NMethod: jdk.internal.loader.URLClassPath$JarLoader.getResource (0x00007ab2874c3688) [0x00007ab2874c3780, 0x00007ab2874c40b0] 
[1,933s][debug][gc,nmethod     ] GC(0) O: Purge NMethod: java.lang.Integer.hashCode (0x00007ab28752bf88) [0x00007ab28752c080, 0x00007ab28752c1d8] 
[1,933s][debug][gc,nmethod     ] GC(0) O: Purge NMethod: sun.reflect.generics.parser.SignatureParser.current (0x00007ab2875acd08) [0x00007ab2875ace00, 0x00007ab2875adc10] 
[1,933s][debug][gc,nmethod     ] GC(0) O: Purge NMethod: java.util.zip.CRC32.<init> (0x00007ab2875e1508) [0x00007ab2875e1600, 0x00007ab2875e1758] 
[1,933s][debug][gc,nmethod     ] GC(0) O: Purge NMethod: java.util.zip.ZipCoder.hash (0x00007ab287486708) [0x00007ab287486800, 0x00007ab287487638] 
[1,933s][debug][gc,nmethod     ] GC(0) O: Purge NMethod: java.lang.StringUTF16.compress (0x00007ab287553088) [0x00007ab287553180, 0x00007ab2875533b0] 
[1,933s][debug][gc,nmethod     ] GC(0) O: Purge NMethod: java.util.zip.ZipFile$Source.nextEntryPos (0x00007ab287472688) [0x00007ab287472780, 0x00007ab287472a38] 
[1,933s][debug][gc,nmethod     ] GC(0) O: Purge NMethod: sun.util.locale.LocaleUtils.toLower (0x00007ab28762ab88) [0x00007ab28762ac80, 0x00007ab28762ae80] 
[1,933s][debug][gc,nmethod     ] GC(0) O: Purge NMethod: jdk.internal.foreign.AbstractMemorySegmentImpl.asSliceNoCheck (0x00007ab28780d008) [0x00007ab28780d100, 0x00007ab28780d440] 
[1,933s][debug][gc,nmethod     ] GC(0) O: Purge NMethod: java.util.HashMap$HashIterator.hasNext (0x00007ab28742e808) [0x00007ab28742e900, 0x00007ab28742ea80] 
[1,933s][debug][gc,nmethod     ] GC(0) O: Purge NMethod: java.lang.String.charAt (0x00007ab28767b808) [0x00007ab28767b900, 0x00007ab28767c038] 
[1,933s][debug][gc,nmethod     ] GC(0) O: Purge NMethod: java.lang.StringBuilder.length (0x00007ab287450a88) [0x00007ab287450b80, 0x00007ab287450c98] 
[1,933s][debug][gc,nmethod     ] GC(0) O: Purge NMethod: java.util.zip.ZipFile$Source.isMetaName (0x00007ab287528a08) [0x00007ab287528b00, 0x00007ab287528f60] 
[1,933s][debug][gc,nmethod     ] GC(0) O: Purge NMethod: java.util.jar.JarFile.getJarEntry (0x00007ab287487c88) [0x00007ab287487d80, 0x00007ab287488628] 
[1,933s][debug][gc,nmethod     ] GC(0) O: Purge NMethod: java.util.HashMap.hash (0x00007ab287426808) [0x00007ab287426900, 0x00007ab287426c38] 
[1,933s][debug][gc,nmethod     ] GC(0) O: Purge NMethod: java.util.WeakHashMap.getTable (0x00007ab287489d88) [0x00007ab287489e80, 0x00007ab287489ff8] 
[1,933s][debug][gc,nmethod     ] GC(0) O: Purge NMethod: java.lang.String.startsWith (0x00007ab2a6c3e508) [0x00007ab2a6c3e600, 0x00007ab2a6c3e8f8] 
[1,933s][debug][gc,nmethod     ] GC(0) O: Purge NMethod: java.lang.Class.isArray (0x00007ab28741dc88) [0x00007ab28741dd80, 0x00007ab28741df00] 
[1,933s][debug][gc,nmethod     ] GC(0) O: Purge NMethod: java.util.ArrayList.get (0x00007ab287479588) [0x00007ab287479680, 0x00007ab287479928] 
[1,933s][debug][gc,nmethod     ] GC(0) O: Purge NMethod: java.lang.String.startsWith (0x00007ab2a6c3e088) [0x00007ab2a6c3e180, 0x00007ab2a6c3e498] 
[1,933s][debug][gc,nmethod     ] GC(0) O: Purge NMethod: jdk.internal.classfile.impl.SplitConstantPool.map (0x00007ab287419788) [0x00007ab2874198a0, 0x00007ab28741afa0] 
[1,933s][debug][gc,nmethod     ] GC(0) O: Purge NMethod: java.lang.ref.ReferenceQueue.poll (0x00007ab287417c88) [0x00007ab287417d80, 0x00007ab2874181a0] 
[1,933s][debug][gc,nmethod     ] GC(0) O: Purge NMethod: worker.org.gradle.internal.stream.EncodedStream$EncodedInput.read (0x00007ab287453288) [0x00007ab287453380, 0x00007ab287453ad8] 
[1,933s][debug][gc,nmethod     ] GC(0) O: Purge NMethod: java.util.HashMap.put (0x00007ab28742ab88) [0x00007ab28742ac80, 0x00007ab28742b268] 
[1,933s][debug][gc,nmethod     ] GC(0) O: Purge NMethod: java.lang.StringCoding.countNonZeroAsciiLatin1 (0x00007ab28741df88) [0x00007ab28741e080, 0x00007ab28741e288] 
[1,933s][debug][gc,nmethod     ] GC(0) O: Purge NMethod: jdk.internal.misc.Unsafe.getShortUnaligned (0x00007ab28744fc88) [0x00007ab28744fd80, 0x00007ab28744ffa8] 
[1,933s][debug][gc,nmethod     ] GC(0) O: Purge NMethod: java.util.ImmutableCollections$ListN.size (0x00007ab2875a4808) [0x00007ab2875a4900, 0x00007ab2875a4a38] 
[1,933s][debug][gc,nmethod     ] GC(0) O: Purge NMethod: java.util.zip.ZipFile$Source.isMetaName (0x00007ab287472108) [0x00007ab287472200, 0x00007ab287472660] 
[1,933s][debug][gc,nmethod     ] GC(0) O: Purge NMethod: io.sirix.cache.LinuxMemorySegmentAllocator.partitionVirtualRegion (0x00007ab2a6c7ab08) [0x00007ab2a6c7ac00, 0x00007ab2a6c7ca20] 
[1,933s][debug][gc,nmethod     ] GC(0) O: Purge NMethod: java.util.HashMap.newNode (0x00007ab28742a708) [0x00007ab28742a800, 0x00007ab28742ab80] 
[1,933s][debug][gc,nmethod     ] GC(0) O: Purge NMethod: java.lang.invoke.VarHandleReferences$FieldInstanceReadWrite.set (0x00007ab287805a88) [0x00007ab287805b80, 0x00007ab287806ba8] 
[1,933s][debug][gc,nmethod     ] GC(0) O: Purge NMethod: java.lang.StringLatin1.canEncode (0x00007ab28756c408) [0x00007ab28756c500, 0x00007ab28756c660] 
[1,933s][debug][gc,nmethod     ] GC(0) O: Purge NMethod: java.lang.StringLatin1.indexOf (0x00007ab287411008) [0x00007ab287411100, 0x00007ab287411588] 
[1,933s][debug][gc,nmethod     ] GC(0) O: Purge NMethod: java.lang.ref.Reference.<init> (0x00007ab28746af88) [0x00007ab28746b080, 0x00007ab28746b318] 
[1,933s][debug][gc,nmethod     ] GC(0) O: Purge NMethod: jdk.internal.foreign.AbstractMemorySegmentImpl.asSlice (0x00007ab2a6c71388) [0x00007ab2a6c71480, 0x00007ab2a6c71668] 
[1,933s][debug][gc,nmethod     ] GC(0) O: Purge NMethod: java.lang.String.<init> (0x00007ab2a6c4a688) [0x00007ab2a6c4a780, 0x00007ab2a6c4ab60] 
[1,933s][debug][gc,nmethod     ] GC(0) O: Purge NMethod: jdk.internal.foreign.AbstractMemorySegmentImpl.asSlice (0x00007ab287809a08) [0x00007ab287809b00, 0x00007ab287809ff8] 
[1,933s][debug][gc,nmethod     ] GC(0) O: Purge NMethod: java.lang.invoke.VarHandleGuards.guard_LL_V (0x00007ab28780e188) [0x00007ab28780e280, 0x00007ab287812e68] 
[1,933s][debug][gc,nmethod     ] GC(0) O: Purge NMethod: java.util.zip.ZipFile.ensureOpen (0x00007ab28747a288) [0x00007ab28747a380, 0x00007ab28747a650] 
[1,933s][debug][gc,nmethod     ] GC(0) O: Purge NMethod: java.lang.classfile.CodeBuilder.checkcast (0x00007ab287712e88) [0x00007ab287712f80, 0x00007ab2877138b8] 
[1,933s][debug][gc,nmethod     ] GC(0) O: Purge NMethod: org.gradle.internal.io.LineBufferingOutputStream.write (0x00007ab2877fdb08) [0x00007ab2877fdc00, 0x00007ab2877ff3e8] 
[1,933s][debug][gc,nmethod     ] GC(0) O: Purge NMethod: java.util.zip.Checksum.update (0x00007ab2875e1808) [0x00007ab2875e1900, 0x00007ab2875e1a78] 
[1,933s][debug][gc,nmethod     ] GC(0) O: Purge NMethod: jdk.internal.classfile.impl.RawBytecodeHelper.opcode (0x00007ab28744ce08) [0x00007ab28744cf00, 0x00007ab28744d008] 
[1,933s][debug][gc,nmethod     ] GC(0) O: Purge NMethod: java.util.zip.ZipUtils.get32 (0x00007ab287455f88) [0x00007ab287456080, 0x00007ab287456488] 
[1,933s][debug][gc,nmethod     ] GC(0) O: Purge NMethod: java.lang.Integer.rotateLeft (0x00007ab287570308) [0x00007ab287570400, 0x00007ab2875704f0] 
[1,933s][debug][gc,nmethod     ] GC(0) O: Purge NMethod: java.util.zip.ZipFile$Source.getEntryPos (0x00007ab287483008) [0x00007ab287483100, 0x00007ab287484da8] 
[1,933s][debug][gc,nmethod     ] GC(0) O: Purge NMethod: jdk.internal.jimage.ImageStringsReader.unmaskedHashCode (0x00007ab28751b408) [0x00007ab28751b500, 0x00007ab28751c700] 
[1,933s][debug][gc,nmethod     ] GC(0) O: Purge NMethod: java.lang.classfile.CodeBuilder.invoke (0x00007ab2877a4f88) [0x00007ab2877a5080, 0x00007ab2877a5818] 
[1,933s][debug][gc,nmethod     ] GC(0) O: Purge NMethod: java.util.concurrent.ConcurrentLinkedDeque.linkLast (0x00007ab287816408) [0x00007ab287816500, 0x00007ab28781b5f8] 
[1,933s][debug][gc,nmethod     ] GC(0) O: Purge NMethod: jdk.internal.foreign.AbstractMemorySegmentImpl.asSliceNoCheck (0x00007ab2a6c71b88) [0x00007ab2a6c71c80, 0x00007ab2a6c71df8] 
[1,934s][debug][gc,nmethod     ] GC(0) O: Purge NMethod: java.util.HashMap.putVal (0x00007ab287437288) [0x00007ab287437380, 0x00007ab287439710] 
[1,934s][debug][gc,nmethod     ] GC(0) O: Purge NMethod: jdk.internal.loader.URLClassPath$JarLoader.ensureOpen (0x00007ab287480408) [0x00007ab287480500, 0x00007ab287480768] 
[1,934s][debug][gc,nmethod     ] GC(0) O: Purge NMethod: jdk.internal.loader.Resource.cachedInputStream (0x00007ab28750e008) [0x00007ab28750e100, 0x00007ab28750e778] 
[1,934s][debug][gc,nmethod     ] GC(0) O: Purge NMethod: java.lang.invoke.VarForm.getMemberName (0x00007ab287572f88) [0x00007ab287573080, 0x00007ab287573800] 
[1,934s][debug][gc,nmethod     ] GC(0) O: Purge NMethod: java.util.HashMap.put (0x00007ab287432b88) [0x00007ab287432c80, 0x00007ab287433268] 
[1,934s][debug][gc,nmethod     ] GC(0) O: Purge NMethod: jdk.internal.classfile.impl.TerminalCodeBuilder.setupTopLocal (0x00007ab2876c2f88) [0x00007ab2876c3080, 0x00007ab2876c5608] 
[1,934s][debug][gc,nmethod     ] GC(0) O: Purge NMethod: jdk.internal.classfile.impl.DirectCodeBuilder$4.writeBody (0x00007ab2876c7688) [0x00007ab2876c7780, 0x00007ab2876cb768] 
[1,934s][debug][gc,nmethod     ] GC(0) O: Purge NMethod: java.lang.String.startsWith (0x00007ab287410c08) [0x00007ab287410d00, 0x00007ab287410ff8] 
[1,934s][debug][gc,nmethod     ] GC(0) O: Purge NMethod: java.lang.System$1.uncheckedCountPositives (0x00007ab287471788) [0x00007ab287471880, 0x00007ab287471ad8] 
[1,934s][debug][gc,nmethod     ] GC(0) O: Purge NMethod: java.lang.StringBuilder.<init> (0x00007ab287478f88) [0x00007ab287479080, 0x00007ab2874791b8] 
[1,934s][debug][gc,nmethod     ] GC(0) O: Purge NMethod: jdk.internal.classfile.impl.RawBytecodeHelper.next (0x00007ab28744b808) [0x00007ab28744b900, 0x00007ab28744c078] 
[1,934s][debug][gc,nmethod     ] GC(0) O: Purge NMethod: java.lang.String.getBytes (0x00007ab287465f88) [0x00007ab287466080, 0x00007ab287466e08] 
[1,934s][debug][gc,nmethod     ] GC(0) O: Purge NMethod: jdk.internal.loader.URLClassPath$JarLoader.findResource (0x00007ab28767ef88) [0x00007ab28767f080, 0x00007ab28767f270] 
[1,934s][debug][gc,nmethod     ] GC(0) O: Purge NMethod: jdk.internal.util.StrongReferenceKey.hashCode (0x00007ab28741d608) [0x00007ab28741d700, 0x00007ab28741dc10] 
[1,934s][debug][gc,nmethod     ] GC(0) O: Purge NMethod: jdk.internal.classfile.impl.UnboundAttribute$AdHocAttribute.writeTo (0x00007ab2876c1408) [0x00007ab2876c1500, 0x00007ab2876c2f40] 
[1,934s][debug][gc,nmethod     ] GC(0) O: Purge NMethod: java.lang.StringLatin1.lastIndexOf (0x00007ab28744e788) [0x00007ab28744e880, 0x00007ab28744ec48] 
[1,934s][debug][gc,nmethod     ] GC(0) O: Purge NMethod: java.lang.Object.<init> (0x00007ab287400388) [0x00007ab287400480, 0x00007ab287400580] 
[1,934s][debug][gc,nmethod     ] GC(0) O: Purge NMethod: jdk.internal.foreign.AbstractMemorySegmentImpl.asSlice (0x00007ab287808f08) [0x00007ab287809000, 0x00007ab2878092f8] 
[1,934s][debug][gc,nmethod     ] GC(0) O: Purge NMethod: java.util.concurrent.ConcurrentHashMap.putVal (0x00007ab2a6c2f808) [0x00007ab2a6c2f900, 0x00007ab2a6c30a18] 
[1,934s][debug][gc,nmethod     ] GC(0) O: Purge NMethod: sun.net.www.ParseUtil.firstEncodeIndex (0x00007ab287457a08) [0x00007ab287457b00, 0x00007ab2874589d8] 
[1,934s][debug][gc,nmethod     ] GC(0) O: Purge NMethod: java.lang.CharacterDataLatin1.getProperties (0x00007ab2874e7d88) [0x00007ab2874e7e80, 0x00007ab2874e7fb0] 
[1,934s][debug][gc,nmethod     ] GC(0) O: Purge NMethod: java.lang.invoke.VarHandle.checkAccessModeThenIsDirect (0x00007ab28757c308) [0x00007ab28757c400, 0x00007ab28757d5a8] 
[1,934s][debug][gc,nmethod     ] GC(0) O: Purge NMethod: jdk.internal.classfile.impl.EntryMap.put (0x00007ab287426008) [0x00007ab287426100, 0x00007ab2874267d0] 
[1,934s][debug][gc,nmethod     ] GC(0) O: Purge NMethod: java.util.HashMap.getNode (0x00007ab28742fb88) [0x00007ab28742fc80, 0x00007ab287430f90] 
[1,934s][debug][gc,nmethod     ] GC(0) O: Purge NMethod: java.util.jar.JarFile.getEntry (0x00007ab2874c2e08) [0x00007ab2874c2f00, 0x00007ab2874c3648] 
[1,934s][debug][gc,nmethod     ] GC(0) O: Purge NMethod: io.sirix.cache.LinuxMemorySegmentAllocator.partitionVirtualRegion (0x00007ab2a6c74188) [0x00007ab2a6c74280, 0x00007ab2a6c751e8] 
[1,934s][debug][gc,nmethod     ] GC(0) O: Purge NMethod: java.lang.StringLatin1.regionMatchesCI (0x00007ab2874c4c88) [0x00007ab2874c4d80, 0x00007ab2874c5020] 
[1,934s][debug][gc,nmethod     ] GC(0) O: Purge NMethod: java.lang.String.indexOf (0x00007ab28751d408) [0x00007ab28751d500, 0x00007ab28751e000] 
[1,934s][debug][gc,nmethod     ] GC(0) O: Purge NMethod: java.lang.StringCoding.countPositives (0x00007ab28746f388) [0x00007ab28746f480, 0x00007ab28746f688] 
[1,934s][debug][gc,nmethod     ] GC(0) O: Purge NMethod: java.lang.AbstractStringBuilder.needsNewBuffer (0x00007ab28767f288) [0x00007ab28767f380, 0x00007ab28767f520] 
[1,934s][debug][gc,nmethod     ] GC(0) O: Purge NMethod: java.util.Arrays.copyOf (0x00007ab287475788) [0x00007ab287475880, 0x00007ab287475c48] 
[1,934s][debug][gc,nmethod     ] GC(0) O: Purge NMethod: jdk.internal.classfile.impl.EntryMap.firstToken (0x00007ab287420e88) [0x00007ab287420f80, 0x00007ab287421470] 
[1,934s][debug][gc,nmethod     ] GC(0) O: Purge NMethod: jdk.internal.classfile.impl.BufWriterImpl.writeU1U2 (0x00007ab2874e9208) [0x00007ab2874e9300, 0x00007ab2874e9798] 
[1,934s][debug][gc,nmethod     ] GC(0) O: Purge NMethod: java.lang.String.charAt (0x00007ab2a6be7d88) [0x00007ab2a6be7e80, 0x00007ab2a6be7fb0] 
[1,934s][debug][gc,nmethod     ] GC(0) O: Purge NMethod: jdk.internal.loader.Resource.getBytes (0x00007ab2875d6808) [0x00007ab2875d6900, 0x00007ab2875d7df0] 
[1,934s][debug][gc,nmethod     ] GC(0) O: Purge NMethod: java.util.HashMap.get (0x00007ab28742eb08) [0x00007ab28742ec00, 0x00007ab28742ef98] 
[1,934s][debug][gc,nmethod     ] GC(0) O: Purge NMethod: java.util.jar.JarFile.checkForSpecialAttributes (0x00007ab287481988) [0x00007ab287481a80, 0x00007ab287482fe8] 
[1,934s][debug][gc,nmethod     ] GC(0) O: Purge NMethod: java.lang.String.startsWith (0x00007ab28740f888) [0x00007ab28740f980, 0x00007ab287410c00] 
[1,934s][debug][gc,nmethod     ] GC(0) O: Purge NMethod: java.lang.StringBuilder.append (0x00007ab28744d708) [0x00007ab28744d800, 0x00007ab28744d948] 
[1,934s][debug][gc,nmethod     ] GC(0) O: Purge NMethod: java.util.zip.Checksum.update (0x00007ab28761f888) [0x00007ab28761f980, 0x00007ab28761fcb8] 
[1,934s][debug][gc,nmethod     ] GC(0) O: Purge NMethod: jdk.internal.classfile.impl.SplitConstantPool.tryFindUtf8 (0x00007ab28745d608) [0x00007ab28745d700, 0x00007ab28745ef38] 
[1,934s][debug][gc,nmethod     ] GC(0) O: Purge NMethod: java.util.Objects.requireNonNull (0x00007ab287404388) [0x00007ab287404480, 0x00007ab287404650] 
[1,934s][debug][gc,nmethod     ] GC(0) O: Purge NMethod: jdk.internal.foreign.AbstractMemorySegmentImpl.asSlice (0x00007ab2a6c6fe88) [0x00007ab2a6c6ff80, 0x00007ab2a6c70168] 
[1,934s][debug][gc,nmethod     ] GC(0) O: Purge NMethod: java.util.regex.Pattern$BmpCharPropertyGreedy.match (0x00007ab2a6c29988) [0x00007ab2a6c29a80, 0x00007ab2a6c29e50] 
[1,934s][debug][gc,nmethod     ] GC(0) O: Purge NMethod: java.lang.AbstractStringBuilder.append (0x00007ab28744da08) [0x00007ab28744db00, 0x00007ab28744e750] 
[1,934s][debug][gc,nmethod     ] GC(0) O: Purge NMethod: java.lang.String.getBytes (0x00007ab287418208) [0x00007ab287418300, 0x00007ab287418808] 
[1,934s][debug][gc,nmethod     ] GC(0) O: Purge NMethod: java.util.concurrent.ConcurrentHashMap.setTabAt (0x00007ab28746dc88) [0x00007ab28746dd80, 0x00007ab28746e080] 
[1,934s][debug][gc,nmethod     ] GC(0) O: Purge NMethod: jdk.internal.classfile.impl.StackMapGenerator.of (0x00007ab287777808) [0x00007ab287777900, 0x00007ab287778e70] 
[1,934s][debug][gc,nmethod     ] GC(0) O: Purge NMethod: java.util.jar.JarFile.getEntry (0x00007ab2a6c39488) [0x00007ab2a6c39580, 0x00007ab2a6c3a9e0] 
[1,934s][debug][gc,nmethod     ] GC(0) O: Purge NMethod: java.util.HashMap.putIfAbsent (0x00007ab28743ce88) [0x00007ab28743cf80, 0x00007ab28743d568] 
[1,934s][debug][gc,nmethod     ] GC(0) O: Purge NMethod: java.util.BitSet.wordIndex (0x00007ab287528f88) [0x00007ab287529080, 0x00007ab287529168] 
[1,934s][debug][gc,nmethod     ] GC(0) O: Purge NMethod: java.lang.String.hashCode (0x00007ab287400988) [0x00007ab287400a80, 0x00007ab287401028] 
[1,934s][debug][gc,nmethod     ] GC(0) O: Purge NMethod: java.util.jar.Manifest$FastInputStream.readLine (0x00007ab287485108) [0x00007ab287485200, 0x00007ab287485a58] 
[1,934s][debug][gc,nmethod     ] GC(0) O: Purge NMethod: java.lang.String.isLatin1 (0x00007ab28740b388) [0x00007ab28740b480, 0x00007ab28740b5e0] 
[1,934s][debug][gc,nmethod     ] GC(0) O: Purge NMethod: jdk.internal.util.ArraysSupport.hashCodeOfUnsigned (0x00007ab287402088) [0x00007ab287402180, 0x00007ab2874023f8] 
[1,934s][debug][gc,nmethod     ] GC(0) O: Purge NMethod: jdk.internal.classfile.impl.AbstractPoolEntry$Utf8EntryImpl.<init> (0x00007ab28745fd88) [0x00007ab28745fe80, 0x00007ab2874606e8] 
[1,934s][debug][gc,nmethod     ] GC(0) O: Purge NMethod: java.util.concurrent.ConcurrentHashMap.tabAt (0x00007ab287412908) [0x00007ab287412a00, 0x00007ab287412f48] 
[1,934s][debug][gc,nmethod     ] GC(0) O: Purge NMethod: java.lang.String.startsWith (0x00007ab287750d08) [0x00007ab287750e00, 0x00007ab287752020] 
[1,934s][debug][gc,nmethod     ] GC(0) O: Purge NMethod: jdk.internal.util.ArraysSupport.mismatch (0x00007ab2a6c3dc88) [0x00007ab2a6c3dd80, 0x00007ab2a6c3e010] 
[1,934s][debug][gc,nmethod     ] GC(0) O: Purge NMethod: jdk.internal.constant.MethodTypeDescImpl.parameterCount (0x00007ab2874c1f08) [0x00007ab2874c2000, 0x00007ab2874c2138] 
[1,934s][debug][gc,nmethod     ] GC(0) O: Purge NMethod: java.lang.invoke.VarHandleGuards.guard_LLL_Z (0x00007ab28780a008) [0x00007ab28780a100, 0x00007ab28780d000] 
[1,934s][debug][gc,nmethod     ] GC(0) O: Purge NMethod: java.util.BitSet.set (0x00007ab28752cd08) [0x00007ab28752ce00, 0x00007ab28752dd48] 
[1,934s][debug][gc,nmethod     ] GC(0) O: Purge NMethod: java.lang.String.hashCode (0x00007ab287417188) [0x00007ab287417280, 0x00007ab287417828] 
[1,934s][debug][gc,nmethod     ] GC(0) O: Purge NMethod: jdk.internal.loader.URLClassPath$JarLoader.getResource (0x00007ab287488688) [0x00007ab287488780, 0x00007ab287488d60] 
[1,934s][debug][gc,nmethod     ] GC(0) O: Purge NMethod: java.lang.invoke.MethodType.parameterType (0x00007ab28744d108) [0x00007ab28744d200, 0x00007ab28744d388] 
[1,934s][debug][gc,nmethod     ] GC(0) O: Purge NMethod: java.lang.String.charAt (0x00007ab28740e408) [0x00007ab28740e500, 0x00007ab28740ea90] 
[1,934s][debug][gc,nmethod     ] GC(0) O: Purge NMethod: java.nio.DirectLongBufferU.ix (0x00007ab287487988) [0x00007ab287487a80, 0x00007ab287487b90] 
[1,934s][debug][gc,nmethod     ] GC(0) O: Purge NMethod: worker.org.gradle.internal.stream.EncodedStream$EncodedInput.hexToByte (0x00007ab287452a08) [0x00007ab287452b00, 0x00007ab287453248] 
[1,934s][debug][gc,nmethod     ] GC(0) O: Purge NMethod: java.util.HashMap.afterNodeInsertion (0x00007ab28742a008) [0x00007ab28742a100, 0x00007ab28742a200] 
[1,934s][debug][gc,nmethod     ] GC(0) O: Purge NMethod: jdk.internal.misc.Unsafe.putReferenceRelease (0x00007ab28746d988) [0x00007ab28746da80, 0x00007ab28746dbf8] 
[1,934s][debug][gc,nmethod     ] GC(0) O: Purge NMethod: java.lang.StringLatin1.equals (0x00007ab287401a08) [0x00007ab287401b00, 0x00007ab287401d68] 
[1,934s][debug][gc,nmethod     ] GC(0) O: Purge NMethod: java.util.HashSet.add (0x00007ab28742e508) [0x00007ab28742e600, 0x00007ab28742e7d0] 
[1,934s][debug][gc,nmethod     ] GC(0) O: Purge NMethod: java.lang.AbstractStringBuilder.needsNewBuffer (0x00007ab287444208) [0x00007ab287444300, 0x00007ab2874444a0] 
[1,934s][debug][gc,nmethod     ] GC(0) O: Purge NMethod: java.util.concurrent.ConcurrentHashMap.get (0x00007ab28741b788) [0x00007ab28741b880, 0x00007ab28741c898] 
[1,934s][debug][gc,nmethod     ] GC(0) O: Purge NMethod: java.lang.invoke.InvokerBytecodeGenerator.emitStoreResult (0x00007ab2877b8788) [0x00007ab2877b8880, 0x00007ab2877b8f38] 
[1,934s][debug][gc,nmethod     ] GC(0) O: Purge NMethod: java.lang.String.equals (0x00007ab287407508) [0x00007ab287407600, 0x00007ab287407cc0] 
[1,934s][debug][gc,nmethod     ] GC(0) O: Purge NMethod: java.util.jar.JarFile.isMultiRelease (0x00007ab287484e08) [0x00007ab287484f00, 0x00007ab2874850f8] 
[1,934s][debug][gc,nmethod     ] GC(0) O: Purge NMethod: java.util.jar.JarFile.getEntry (0x00007ab287488d88) [0x00007ab287488e80, 0x00007ab2874895c8] 
[1,934s][debug][gc,nmethod     ] GC(0) O: Purge NMethod: java.util.zip.ZipFile$CleanableResource.getInflater (0x00007ab287548488) [0x00007ab287548580, 0x00007ab287548cb0] 
[1,934s][debug][gc,nmethod     ] GC(0) O: Purge NMethod: java.lang.String.substring (0x00007ab287441388) [0x00007ab287441480, 0x00007ab287441fa0] 
[1,934s][debug][gc,nmethod     ] GC(0) O: Purge NMethod: java.util.ImmutableCollections$SetN.probe (0x00007ab287401088) [0x00007ab287401180, 0x00007ab2874019a8] 
[1,934s][debug][gc,nmethod     ] GC(0) O: Purge NMethod: java.lang.String.length (0x00007ab28740af08) [0x00007ab28740b000, 0x00007ab28740b380] 
[1,934s][debug][gc,nmethod     ] GC(0) O: Purge NMethod: java.util.zip.ZipUtils.get16 (0x00007ab28744f708) [0x00007ab28744f800, 0x00007ab28744fc00] 
[1,934s][debug][gc,nmethod     ] GC(0) O: Purge NMethod: jdk.internal.util.ArraysSupport.mismatch (0x00007ab287411908) [0x00007ab287411a00, 0x00007ab287411de0] 
[1,934s][debug][gc,nmethod     ] GC(0) O: Purge NMethod: jdk.internal.classfile.impl.SplitConstantPool.canWriteDirect (0x00007ab28744b108) [0x00007ab28744b200, 0x00007ab28744b4f8] 
[1,934s][debug][gc,nmethod     ] GC(0) O: Purge NMethod: java.util.Objects.requireNonNull (0x00007ab287421488) [0x00007ab287421580, 0x00007ab287421758] 
[1,934s][debug][gc,nmethod     ] GC(0) O: Purge NMethod: java.util.ImmutableCollections$ListN.get (0x00007ab28740a008) [0x00007ab28740a100, 0x00007ab28740a288] 
[1,934s][debug][gc,nmethod     ] GC(0) O: Purge NMethod: java.lang.invoke.MethodType.parameterCount (0x00007ab287423208) [0x00007ab287423300, 0x00007ab287423438] 
[1,934s][debug][gc,nmethod     ] GC(0) O: Purge NMethod: java.lang.AbstractStringBuilder.<init> (0x00007ab287476988) [0x00007ab287476a80, 0x00007ab287476d08] 
[1,934s][debug][gc,nmethod     ] GC(0) O: Purge NMethod: java.lang.StringLatin1.replace (0x00007ab287454708) [0x00007ab287454800, 0x00007ab2874558a0] 
[1,934s][debug][gc,nmethod     ] GC(0) O: Purge NMethod: jdk.internal.loader.URLClassPath.getLoader (0x00007ab28748a088) [0x00007ab28748a180, 0x00007ab28748c048] 
[1,934s][debug][gc,nmethod     ] GC(0) O: Purge NMethod: java.lang.String.hashCode (0x00007ab2a6be8088) [0x00007ab2a6be8180, 0x00007ab2a6be8320] 
[1,934s][debug][gc,nmethod     ] GC(0) O: Purge NMethod: java.util.HashMap.resize (0x00007ab28743d888) [0x00007ab28743d9a0, 0x00007ab28743f680] 
[1,934s][debug][gc,nmethod     ] GC(0) O: Purge NMethod: java.util.HashMap.putIfAbsent (0x00007ab2a6c18988) [0x00007ab2a6c18aa0, 0x00007ab2a6c1a268] 
[1,934s][debug][gc,nmethod     ] GC(0) O: Purge NMethod: java.util.zip.ZipFile$Source.checkAndAddEntry (0x00007ab287473008) [0x00007ab287473100, 0x00007ab287475400] 
[1,934s][debug][gc,nmethod     ] GC(0) O: Purge NMethod: java.util.HashMap.put (0x00007ab2a6c2d708) [0x00007ab2a6c2d820, 0x00007ab2a6c2f018] 
[1,934s][debug][gc,nmethod     ] GC(0) O: Purge NMethod: java.lang.module.ModuleDescriptor$Exports.isQualified (0x00007ab287427808) [0x00007ab287427900, 0x00007ab287427c90] 
[1,934s][debug][gc,nmethod     ] GC(0) O: Purge NMethod: jdk.internal.util.ArraysSupport.mismatch (0x00007ab287752088) [0x00007ab287752180, 0x00007ab287752560] 
[1,934s][debug][gc,nmethod     ] GC(0) O: Purge NMethod: java.lang.Math.max (0x00007ab287444808) [0x00007ab287444900, 0x00007ab287444a28] 
[1,934s][debug][gc,nmethod     ] GC(0) O: Purge NMethod: java.net.URLClassLoader.defineClass (0x00007ab287605d08) [0x00007ab287605e00, 0x00007ab28760a698] 
[1,934s][debug][gc,nmethod     ] GC(0) O: Purge NMethod: java.util.Arrays.copyOfRange (0x00007ab28743f688) [0x00007ab28743f780, 0x00007ab287440a50] 
[1,934s][debug][gc,nmethod     ] GC(0) O: Purge NMethod: java.lang.String.isLatin1 (0x00007ab287671e88) [0x00007ab287671f80, 0x00007ab2876720e0] 
[1,934s][debug][gc,nmethod     ] GC(0) O: Purge NMethod: java.util.concurrent.ConcurrentHashMap.get (0x00007ab2a6c34208) [0x00007ab2a6c34300, 0x00007ab2a6c34e60] 
[1,934s][debug][gc,nmethod     ] GC(0) O: Purge NMethod: java.util.HashMap.putVal (0x00007ab28742c708) [0x00007ab28742c800, 0x00007ab28742e4f0] 
[1,934s][debug][gc,nmethod     ] GC(0) O: Purge NMethod: java.lang.CharacterDataLatin1.equalsIgnoreCase (0x00007ab2874c4488) [0x00007ab2874c4580, 0x00007ab2874c4818] 
[1,934s][debug][gc,nmethod     ] GC(0) O: Purge NMethod: jdk.internal.misc.Unsafe.weakCompareAndSetReference (0x00007ab287813588) [0x00007ab287813680, 0x00007ab287813800] 
[1,934s][debug][gc,nmethod     ] GC(0) O: Purge NMethod: java.util.concurrent.ConcurrentHashMap.addCount (0x00007ab287413788) [0x00007ab287413880, 0x00007ab287414520] 
[1,934s][debug][gc,nmethod     ] GC(0) O: Purge NMethod: java.lang.StringLatin1.indexOf (0x00007ab28744ec88) [0x00007ab28744ed80, 0x00007ab28744f0d8] 
[1,934s][debug][gc,nmethod     ] GC(0) O: Purge NMethod: jdk.internal.classfile.impl.SplitConstantPool.entryByIndex (0x00007ab28741e608) [0x00007ab28741e700, 0x00007ab2874207b0] 
[1,934s][debug][gc,nmethod     ] GC(0) O: Purge NMethod: jdk.internal.misc.Unsafe.allocateUninitializedArray (0x00007ab287423e88) [0x00007ab287423f80, 0x00007ab287424548] 
[1,934s][debug][gc,nmethod     ] GC(0) O: Purge NMethod: jdk.internal.loader.URLClassPath$JarLoader.getResource (0x00007ab2a6c40908) [0x00007ab2a6c40a00, 0x00007ab2a6c42100] 
[1,934s][debug][gc,nmethod     ] GC(0) O: Purge NMethod: jdk.internal.classfile.impl.SplitConstantPool.internalAdd (0x00007ab287425108) [0x00007ab287425200, 0x00007ab287425fe8] 
[1,934s][debug][gc,nmethod     ] GC(0) O: Purge NMethod: io.sirix.cache.LinuxMemorySegmentAllocator.partitionVirtualRegion (0x00007ab28781c788) [0x00007ab28781c880, 0x00007ab28781d698] 
[1,934s][debug][gc,nmethod     ] GC(0) O: Purge NMethod: java.lang.AbstractStringBuilder.append (0x00007ab28748fc08) [0x00007ab28748fd00, 0x00007ab2874901b8] 
[1,934s][debug][gc,nmethod     ] GC(0) O: Purge NMethod: java.util.concurrent.ConcurrentHashMap.casTabAt (0x00007ab287443588) [0x00007ab287443680, 0x00007ab2874437f0] 
[1,934s][debug][gc,nmethod     ] GC(0) O: Purge NMethod: java.util.ImmutableCollections$SetN$SetNIterator.next (0x00007ab287413308) [0x00007ab287413400, 0x00007ab287413768] 
[1,934s][debug][gc,nmethod     ] GC(0) O: Purge NMethod: jdk.internal.classfile.impl.BufWriterImpl.cpIndex (0x00007ab287461c88) [0x00007ab287461d80, 0x00007ab287463d78] 
[1,934s][debug][gc,nmethod     ] GC(0) O: Purge NMethod: java.lang.String.<init> (0x00007ab287476d88) [0x00007ab287476e80, 0x00007ab287477820] 
[1,934s][debug][gc,nmethod     ] GC(0) O: Purge NMethod: jdk.internal.classfile.impl.BufWriterImpl.patchInt (0x00007ab2875f3488) [0x00007ab2875f3580, 0x00007ab2875f3760] 
[1,934s][debug][gc,nmethod     ] GC(0) O: Purge NMethod: java.lang.Class.cast (0x00007ab287551a08) [0x00007ab287551b00, 0x00007ab287551f58] 
[1,934s][debug][gc,nmethod     ] GC(0) O: Purge NMethod: java.nio.DirectByteBuffer.ix (0x00007ab2874c0008) [0x00007ab2874c0100, 0x00007ab2874c0208] 
[1,934s][debug][gc,nmethod     ] GC(0) O: Purge NMethod: java.util.zip.ZipCoder$UTF8ZipCoder.checkedHash (0x00007ab287472a88) [0x00007ab287472b80, 0x00007ab287472f90] 
[1,934s][debug][gc,nmethod     ] GC(0) O: Purge NMethod: java.util.zip.ZipFile$CleanableResource.releaseInflater (0x00007ab28754da08) [0x00007ab28754db00, 0x00007ab28754e058] 
[1,934s][debug][gc,nmethod     ] GC(0) O: Purge NMethod: jdk.internal.classfile.impl.SplitConstantPool.internalAdd (0x00007ab287424c88) [0x00007ab287424d80, 0x00007ab2874250d8] 
[1,934s][debug][gc,nmethod     ] GC(0) O: Purge NMethod: java.util.HashMap.get (0x00007ab287432688) [0x00007ab287432780, 0x00007ab287432b18] 
[1,934s][debug][gc,nmethod     ] GC(0) O: Purge NMethod: sun.util.locale.BaseLocale.hashCode (0x00007ab28762b888) [0x00007ab28762b980, 0x00007ab28762f808] 
[1,934s][debug][gc,nmethod     ] GC(0) O: Purge NMethod: java.lang.ref.Reference.reachabilityFence (0x00007ab287477888) [0x00007ab287477980, 0x00007ab287477a60] 
[1,934s][debug][gc,nmethod     ] GC(0) O: Purge NMethod: java.util.jar.JarFile.checkForSpecialAttributes (0x00007ab2874c5088) [0x00007ab2874c5180, 0x00007ab2874c6760] 
[1,935s][debug][gc,nmethod     ] GC(0) O: Purge NMethod: org.gradle.internal.io.StreamByteBuffer$StreamByteBufferChunk.write (0x00007ab2877fbd88) [0x00007ab2877fbe80, 0x00007ab2877fc048] 
[1,935s][debug][gc,nmethod     ] GC(0) O: Purge NMethod: jdk.internal.misc.Unsafe.getIntUnaligned (0x00007ab287455908) [0x00007ab287455a00, 0x00007ab287455c48] 
[1,935s][debug][gc,nmethod     ] GC(0) O: Purge NMethod: java.util.zip.ZipFile.getEntry (0x00007ab287485a88) [0x00007ab287485b80, 0x00007ab287486148] 
[1,935s][debug][gc,nmethod     ] GC(0) O: Purge NMethod: java.util.WeakHashMap.remove (0x00007ab2874cf888) [0x00007ab2874cf980, 0x00007ab2874d0d90] 
[1,935s][debug][gc,nmethod     ] GC(0) O: Purge NMethod: java.lang.Math.min (0x00007ab287416b88) [0x00007ab287416c80, 0x00007ab287416da8] 
[1,935s][debug][gc,nmethod     ] GC(0) O: Purge NMethod: java.util.WeakHashMap.put (0x00007ab28753af88) [0x00007ab28753b080, 0x00007ab28753c9c0] 
[1,935s][debug][gc,nmethod     ] GC(0) O: Purge NMethod: java.net.URLClassLoader.findClass (0x00007ab287600008) [0x00007ab287600100, 0x00007ab287602d20] 
[1,935s][debug][gc,nmethod     ] GC(0) O: Purge NMethod: io.sirix.cache.LinuxMemorySegmentAllocator.partitionVirtualRegion (0x00007ab28781b688) [0x00007ab28781b780, 0x00007ab28781c700] 
[1,935s][debug][gc,nmethod     ] GC(0) O: Purge NMethod: java.lang.String.replace (0x00007ab28746e088) [0x00007ab28746e180, 0x00007ab28746e688] 
[1,935s][debug][gc,nmethod     ] GC(0) O: Purge NMethod: jdk.internal.loader.Resource.getByteBuffer (0x00007ab2875dfc88) [0x00007ab2875dfd80, 0x00007ab2875e0af8] 
[1,935s][debug][gc,nmethod     ] GC(0) O: Purge NMethod: java.lang.StringUTF16.getChar (0x00007ab287671b88) [0x00007ab287671c80, 0x00007ab287671de0] 
[1,935s][debug][gc,nmethod     ] GC(0) O: Purge NMethod: java.lang.String.toString (0x00007ab2874e8f08) [0x00007ab2874e9000, 0x00007ab2874e9100] 
[1,935s][debug][gc,nmethod     ] GC(0) O: Purge NMethod: java.lang.invoke.InvokerBytecodeGenerator.emitPushArgument (0x00007ab2876a1b08) [0x00007ab2876a1c00, 0x00007ab2876a47c8] 
[1,935s][debug][gc,nmethod     ] GC(0) O: Purge NMethod: java.util.concurrent.ConcurrentHashMap.putIfAbsent (0x00007ab287417888) [0x00007ab287417980, 0x00007ab287417c80] 
[1,935s][debug][gc,nmethod     ] GC(0) O: Purge NMethod: jdk.internal.classfile.impl.BufWriterImpl.writeUtfEntry (0x00007ab287467d88) [0x00007ab287467e80, 0x00007ab28746ac40] 
[1,935s][debug][gc,nmethod     ] GC(0) O: Purge NMethod: java.io.BufferedInputStream.getBufIfOpen (0x00007ab287451f08) [0x00007ab287452000, 0x00007ab287452418] 
[1,935s][debug][gc,nmethod     ] GC(0) O: Purge NMethod: java.lang.Number.<init> (0x00007ab287529588) [0x00007ab287529680, 0x00007ab2875297d8] 
[1,935s][debug][gc,nmethod     ] GC(0) O: Purge NMethod: java.lang.String.coder (0x00007ab287409988) [0x00007ab287409a80, 0x00007ab287409ba8] 
[1,935s][debug][gc,nmethod     ] GC(0) O: Purge NMethod: jdk.internal.loader.URLClassPath.getResource (0x00007ab287599788) [0x00007ab287599880, 0x00007ab287599ce8] 
[1,935s][debug][gc,nmethod     ] GC(0) O: Purge NMethod: java.lang.AbstractStringBuilder.ensureCapacityNewCoder (0x00007ab287475f88) [0x00007ab287476080, 0x00007ab287476390] 
[1,935s][debug][gc,nmethod     ] GC(0) O: Purge NMethod: jdk.internal.foreign.NativeMemorySegmentImpl.dup (0x00007ab287812e88) [0x00007ab287812f80, 0x00007ab287813578] 
[1,935s][debug][gc,nmethod     ] GC(0) O: Purge NMethod: jdk.internal.loader.URLClassPath$JarLoader$1.getBytes (0x00007ab2875e0b08) [0x00007ab2875e0c00, 0x00007ab2875e14e8] 
[1,935s][debug][gc,nmethod     ] GC(0) O: Purge NMethod: java.lang.StringLatin1.newString (0x00007ab287440a88) [0x00007ab287440b80, 0x00007ab287440ea0] 
[1,935s][debug][gc,nmethod     ] GC(0) O: Purge NMethod: sun.nio.fs.UnixPath.checkNotNul (0x00007ab28746f708) [0x00007ab28746f800, 0x00007ab28746f9a0] 
[1,935s][debug][gc,nmethod     ] GC(0) O: Purge NMethod: java.util.zip.ZipFile.zipCoderFor (0x00007ab287471208) [0x00007ab287471300, 0x00007ab287471750] 
[1,935s][debug][gc,nmethod     ] GC(0) O: Purge NMethod: jdk.internal.classfile.impl.RawBytecodeHelper.endBci (0x00007ab28744b508) [0x00007ab28744b600, 0x00007ab28744b738] 
[1,935s][debug][gc,nmethod     ] GC(0) O: Purge NMethod: java.lang.StringLatin1.indexOfChar (0x00007ab28740ee08) [0x00007ab28740ef00, 0x00007ab28740f100] 
[1,935s][debug][gc,nmethod     ] GC(0) O: Purge NMethod: jdk.internal.util.ArraysSupport.unsignedHashCode (0x00007ab287400008) [0x00007ab287400100, 0x00007ab287400310] 
[1,935s][debug][gc,nmethod     ] GC(0) O: Purge NMethod: java.util.ImmutableCollections$SetN$SetNIterator.hasNext (0x00007ab287408308) [0x00007ab287408400, 0x00007ab287408550] 
[1,935s][debug][gc,nmethod     ] GC(0) O: Purge NMethod: java.lang.AbstractStringBuilder.needsNewBuffer (0x00007ab2a6c1a988) [0x00007ab2a6c1aa80, 0x00007ab2a6c1ab68] 
[1,935s][debug][gc,nmethod     ] GC(0) O: Purge NMethod: jdk.internal.classfile.impl.AbstractPoolEntry$Utf8EntryImpl.writeTo (0x00007ab287460708) [0x00007ab287460800, 0x00007ab287461010] 
[1,935s][debug][gc,nmethod     ] GC(0) O: Purge NMethod: java.io.BufferedInputStream.read (0x00007ab287452488) [0x00007ab287452580, 0x00007ab2874529d8] 
[1,935s][debug][gc,nmethod     ] GC(0) O: Purge NMethod: java.util.regex.Pattern$BmpCharPropertyGreedy.match (0x00007ab287625808) [0x00007ab287625900, 0x00007ab287626270] 
[1,935s][debug][gc,nmethod     ] GC(0) O: Purge NMethod: java.lang.String.indexOf (0x00007ab2874d6d88) [0x00007ab2874d6e80, 0x00007ab2874d7838] 
[1,935s][debug][gc,nmethod     ] GC(0) O: Purge NMethod: jdk.internal.misc.Unsafe.getIntUnaligned (0x00007ab2a6c00308) [0x00007ab2a6c00400, 0x00007ab2a6c004c0] 
[1,935s][debug][gc,nmethod     ] GC(0) O: Purge NMethod: java.lang.invoke.InvokerBytecodeGenerator.emitStaticInvoke (0x00007ab2877c4408) [0x00007ab2877c4500, 0x00007ab2877c6be8] 
[1,935s][debug][gc,nmethod     ] GC(0) O: Purge NMethod: jdk.internal.foreign.NativeMemorySegmentImpl.dup (0x00007ab2a6c72188) [0x00007ab2a6c722a0, 0x00007ab2a6c723f0] 
[1,935s][debug][gc,nmethod     ] GC(0) O: Purge NMethod: java.lang.String.regionMatches (0x00007ab2874c6788) [0x00007ab2874c6880, 0x00007ab2874c7c78] 
[1,935s][debug][gc,nmethod     ] GC(0) O: Purge NMethod: java.util.zip.ZipFile$Source.isMetaName (0x00007ab2a6c11908) [0x00007ab2a6c11a00, 0x00007ab2a6c11d30] 
[1,935s][debug][gc,nmethod     ] GC(0) O: Purge NMethod: jdk.internal.classfile.impl.SplitConstantPool.utf8Entry (0x00007ab287466e88) [0x00007ab287466f80, 0x00007ab287467a78] 
[1,935s][debug][gc,nmethod     ] GC(0) O: Purge NMethod: java.util.ImmutableCollections$SetN.isEmpty (0x00007ab287427d08) [0x00007ab287427e00, 0x00007ab287427f50] 
[1,935s][debug][gc,nmethod     ] GC(0) O: Purge NMethod: java.util.concurrent.ConcurrentLinkedDeque.offer (0x00007ab28780d488) [0x00007ab28780d580, 0x00007ab28780d718] 
[1,935s][debug][gc,nmethod     ] GC(0) O: Purge NMethod: java.lang.String.indexOf (0x00007ab28740f108) [0x00007ab28740f200, 0x00007ab28740f828] 
[1,935s][debug][gc,nmethod     ] GC(0) O: Purge NMethod: java.io.BufferedInputStream.getBufIfOpen (0x00007ab2a6bfa588) [0x00007ab2a6bfa680, 0x00007ab2a6bfa7b0] 
[1,935s][debug][gc,nmethod     ] GC(0) O: Purge NMethod: java.util.HashMap.resize (0x00007ab2a6bf8208) [0x00007ab2a6bf8320, 0x00007ab2a6bf8e70] 
[1,935s][debug][gc,nmethod     ] GC(0) O: Purge NMethod: java.util.HashMap.putVal (0x00007ab2a6bf6788) [0x00007ab2a6bf68a0, 0x00007ab2a6bf7ef0] 
[1,935s][debug][gc,nmethod     ] GC(0) O: Purge NMethod: java.lang.String.isEmpty (0x00007ab287411608) [0x00007ab287411700, 0x00007ab287411888] 
[1,935s][debug][gc,nmethod     ] GC(0) O: Purge NMethod: java.lang.invoke.MemberName.getReferenceKind (0x00007ab28747e508) [0x00007ab28747e600, 0x00007ab28747e710] 
[1,935s][debug][gc,nmethod     ] Register NMethod: jdk.internal.misc.Unsafe.putLongUnaligned (0x00007ab2a6ca7008) [0x00007ab2a6ca7100, 0x00007ab2a6ca7248] Compiler: jvmci, Barriers: 0, Oops: 0, ImmediateOops: 0, NonImmediateOops: No
[1,935s][debug][gc,phases      ] GC(0) O: Concurrent Classes Purge 1,958ms
[1,935s][debug][gc,phases,start] GC(0) O: Concurrent References Enqueue
[1,935s][debug][gc,phases      ] GC(0) O: Concurrent References Enqueue 0,009ms
[1,935s][info ][gc,phases      ] GC(0) O: Concurrent Process Non-Strong 7,637ms
[1,935s][debug][gc,phases,start] GC(0) O: Concurrent Reset Relocation Set
[1,935s][info ][gc,phases      ] GC(0) O: Concurrent Reset Relocation Set 0,009ms
[1,935s][debug][gc,phases,start] GC(0) O: Concurrent Select Relocation Set
[1,935s][debug][gc,reloc       ] Synchronize all workers 1 _nworkers: 0 _nsynchronized: 0
[1,935s][debug][gc,reloc       ] Synchronize all workers 1 _nworkers: 0 _nsynchronized: 0
[1,935s][debug][gc,reloc       ] GC(0) O: Relocation Set (Medium Pages): 0->0, 0 skipped, 0 forwarding entries
[1,935s][debug][gc,reloc       ] GC(0) O: Relocation Set (Small Pages): 0->0, 0 skipped, 0 forwarding entries
[1,935s][debug][gc,task        ] GC(0) O: Executing ZRelocationSetInstallTask using ZWorkerOld with 1 workers
[1,936s][debug][gc,reloc       ] Desynchronize all workers _nworkers: 0 _nsynchronized: 0
[1,936s][debug][gc,reloc       ] Desynchronize all workers _nworkers: 0 _nsynchronized: 0
[1,936s][info ][gc,phases      ] GC(0) O: Concurrent Select Relocation Set 0,590ms
[1,936s][debug][gc,phases,start] GC(0) O: Concurrent Remap Roots
[1,936s][info ][gc,task        ] GC(0) O: Using 2 Workers for Old Generation
[1,936s][debug][gc,task        ] GC(0) O: Executing ZRemapYoungRootsTask using ZWorkerOld with 2 workers
[1,936s][info ][gc,task        ] GC(0) O: Using 1 Workers for Old Generation
[1,937s][info ][gc,phases      ] GC(0) O: Concurrent Remap Roots 0,820ms
[1,937s][debug][gc,reloc       ] Synchronize all workers 1 _nworkers: 0 _nsynchronized: 0
[1,937s][debug][gc,reloc       ] Synchronize all workers 1 _nworkers: 0 _nsynchronized: 0
[1,937s][debug][gc,phases,start] GC(0) O: Pause Relocate Start
[1,937s][debug][gc,reloc       ] GC(0) O: Joining workers: 1
[1,937s][info ][gc,phases      ] GC(0) O: Pause Relocate Start 0,032ms
[1,937s][debug][gc,reloc       ] Desynchronize all workers _nworkers: 1 _nsynchronized: 0
[1,937s][debug][gc,reloc       ] Desynchronize all workers _nworkers: 0 _nsynchronized: 0
[1,937s][debug][gc,phases,start] GC(0) O: Concurrent Relocate
[1,937s][debug][gc,task        ] GC(0) O: Executing ZRelocateStoreBufferInstallBasePointersTask using ZWorkerOld with 1 workers
[1,937s][debug][gc,task        ] GC(0) O: Executing ZRelocateTask using ZWorkerOld with 1 workers
[1,937s][debug][gc,reloc       ] GC(0) O: Leaving workers: left: 0 _synchronize: 0 _nsynchronized: 0
[1,937s][info ][gc,phases      ] GC(0) O: Concurrent Relocate 0,127ms
[1,937s][debug][gc,heap        ] GC(0) O: Heap After GC invocations=1 (full 1):
[1,937s][debug][gc,heap        ] GC(0) O:  ZHeap           used 246M, capacity 5120M, max capacity 12288M
[1,937s][debug][gc,heap        ] GC(0) O:   Cache          4874M (4)
[1,937s][debug][gc,heap        ] GC(0) O:    size classes  8M (2), 16M (1), 4G (1)
[1,937s][debug][gc,metaspace   ] GC(0) O: Metaspace After GC invocations=1 (full 1):
[1,937s][debug][gc,metaspace   ] GC(0) O:  Metaspace       used 26388K, committed 26752K, reserved 1114112K
[1,937s][debug][gc,metaspace   ] GC(0) O:   class space    used 2222K, committed 2368K, reserved 1048576K
[1,937s][info ][gc,alloc       ] GC(0) O:                         Mark Start        Mark End      Relocate Start    Relocate End   
[1,937s][info ][gc,alloc       ] GC(0) O: Allocation Stalls:          0                0                0                0         
[1,937s][info ][gc,load        ] GC(0) O: Load: 4,74 (24%) / 3,71 (19%) / 2,91 (15%)
[1,937s][info ][gc,mmu         ] GC(0) O: MMU: 2ms/95,7%, 5ms/98,3%, 10ms/99,1%, 20ms/99,5%, 50ms/99,8%, 100ms/99,9%
[1,937s][info ][gc,marking     ] GC(0) O: Mark: 1 stripe(s), 1 proactive flush(es), 1 terminate flush(es), 0 completion(s), 0 continuation(s) 
[1,937s][info ][gc,nmethod     ] GC(0) O: NMethods: 2024 registered, 232 unregistered
[1,937s][info ][gc,metaspace   ] GC(0) O: Metaspace: 25M used, 26M committed, 1088M reserved
[1,937s][info ][gc,ref         ] GC(0) O:                       Encountered   Discovered     Enqueued 
[1,937s][info ][gc,ref         ] GC(0) O: Soft References:             2772            0            0 
[1,937s][info ][gc,ref         ] GC(0) O: Weak References:             1178            0            0 
[1,937s][info ][gc,ref         ] GC(0) O: Final References:               0            0            0 
[1,937s][info ][gc,ref         ] GC(0) O: Phantom References:           371            0            0 
[1,937s][info ][gc,heap        ] GC(0) O: Min Capacity: 5120M(42%)
[1,937s][info ][gc,heap        ] GC(0) O: Max Capacity: 12288M(100%)
[1,937s][info ][gc,heap        ] GC(0) O: Soft Max Capacity: 12288M(100%)
[1,937s][info ][gc,heap        ] GC(0) O: Heap Statistics:
[1,937s][info ][gc,heap        ] GC(0) O:                Mark Start          Mark End        Relocate Start      Relocate End           High               Low         
[1,937s][info ][gc,heap        ] GC(0) O:  Capacity:     5120M (42%)        5120M (42%)        5120M (42%)        5120M (42%)        5120M (42%)        5120M (42%)    
[1,937s][info ][gc,heap        ] GC(0) O:      Free:    12038M (98%)       12042M (98%)       12042M (98%)       12042M (98%)       12042M (98%)       11994M (98%)    
[1,937s][info ][gc,heap        ] GC(0) O:      Used:      250M (2%)          246M (2%)          246M (2%)          246M (2%)          294M (2%)          246M (2%)     
[1,937s][info ][gc,heap        ] GC(0) O: Old Generation Statistics:
[1,937s][info ][gc,heap        ] GC(0) O:                Mark Start          Mark End        Relocate Start      Relocate End    
[1,937s][info ][gc,heap        ] GC(0) O:      Used:        0M (0%)            0M (0%)            0M (0%)            0M (0%)     
[1,937s][info ][gc,heap        ] GC(0) O:      Live:         -                 0M (0%)            0M (0%)            0M (0%)     
[1,937s][info ][gc,heap        ] GC(0) O:   Garbage:         -                 0M (0%)            0M (0%)            0M (0%)     
[1,937s][info ][gc,heap        ] GC(0) O: Allocated:         -                 0M (0%)            0M (0%)            0M (0%)     
[1,937s][info ][gc,heap        ] GC(0) O: Reclaimed:         -                  -                 0M (0%)            0M (0%)     
[1,937s][info ][gc,heap        ] GC(0) O: Compacted:         -                  -                  -                 0M (0%)     
[1,937s][debug][gc,nmethod     ] Register NMethod: java.nio.ByteBuffer.limit (0x00007ab28746af88) [0x00007ab28746b080, 0x00007ab28746b380] Compiler: c1, Barriers: 0, Oops: 0, ImmediateOops: 0, NonImmediateOops: No
[1,937s][info ][gc,phases      ] GC(0) O: Old Generation 246M(2%)->246M(2%) 0,011s
[1,937s][info ][gc             ] GC(0) Major Collection (Metadata GC Threshold) 250M(2%)->246M(2%) 0,203s
[1,937s][debug][gc,nmethod     ] Register NMethod: java.lang.Thread.isInterrupted (0x00007ab2a6bfa588) [0x00007ab2a6bfa680, 0x00007ab2a6bfa740] Compiler: c1, Barriers: 0, Oops: 0, ImmediateOops: 0, NonImmediateOops: No
[1,937s][debug][gc,nmethod     ] Register NMethod: jdk.internal.misc.Unsafe.getAndAddLong (0x00007ab287475788) [0x00007ab287475880, 0x00007ab287475c70] Compiler: c1, Barriers: 0, Oops: 0, ImmediateOops: 0, NonImmediateOops: No
[1,937s][debug][gc,nmethod     ] Register NMethod: jdk.internal.misc.Unsafe.weakCompareAndSetInt (0x00007ab287404388) [0x00007ab287404480, 0x00007ab287404598] Compiler: c1, Barriers: 0, Oops: 0, ImmediateOops: 0, NonImmediateOops: No
[1,938s][debug][gc,nmethod     ] Register NMethod: java.net.URLStreamHandler.parseURL (0x00007ab2a6c74688) [0x00007ab2a6c74780, 0x00007ab2a6c76ba8] Compiler: jvmci, Barriers: 47, Oops: 2, ImmediateOops: 5, NonImmediateOops: No
[1,938s][debug][gc,nmethod     ] Register NMethod: io.sirix.page.KeyValueLeafPage.isSlotSet (0x00007ab2a6c00308) [0x00007ab2a6c00400, 0x00007ab2a6c00518] Compiler: jvmci, Barriers: 1, Oops: 1, ImmediateOops: 0, NonImmediateOops: No
[1,938s][debug][gc,nmethod     ] Register NMethod: jdk.internal.util.Architecture.isLittleEndian (0x00007ab2a6c1a988) [0x00007ab2a6c1aa80, 0x00007ab2a6c1ab20] Compiler: c1, Barriers: 0, Oops: 0, ImmediateOops: 0, NonImmediateOops: No
[1,938s][debug][gc,nmethod     ] Register NMethod: jdk.internal.misc.ScopedMemoryAccess.getIntUnalignedInternal (0x00007ab287548488) [0x00007ab287548580, 0x00007ab287548cf8] Compiler: c1, Barriers: 2, Oops: 0, ImmediateOops: 3, NonImmediateOops: No
[1,939s][debug][gc,nmethod     ] Register NMethod: jdk.internal.misc.ScopedMemoryAccess.getIntUnaligned (0x00007ab28744b108) [0x00007ab28744b200, 0x00007ab28744c068] Compiler: c1, Barriers: 3, Oops: 0, ImmediateOops: 3, NonImmediateOops: No
[1,939s][debug][gc,nmethod     ] Register NMethod: java.lang.invoke.MethodHandle.invokeBasic (0x00007ab2a6c11908) [0x00007ab2a6c11a00, 0x00007ab2a6c11c98] Compiler: , Barriers: 0, Oops: 0, ImmediateOops: 0, NonImmediateOops: No
[1,939s][debug][gc,nmethod     ] Register NMethod: java.nio.MappedByteBuffer.position (0x00007ab287408308) [0x00007ab287408400, 0x00007ab2874085a0] Compiler: c1, Barriers: 0, Oops: 0, ImmediateOops: 0, NonImmediateOops: No
[1,939s][debug][gc,nmethod     ] Register NMethod: io.sirix.page.KeyValueLeafPage.alignOffset (0x00007ab287409988) [0x00007ab287409a80, 0x00007ab287409b68] Compiler: c1, Barriers: 0, Oops: 1, ImmediateOops: 0, NonImmediateOops: No
[1,939s][debug][gc,nmethod     ] Register NMethod: java.util.BitSet.<init> (0x00007ab28752cd08) [0x00007ab28752ce00, 0x00007ab28752dd48] Compiler: c1, Barriers: 3, Oops: 1, ImmediateOops: 2, NonImmediateOops: No
[1,939s][debug][gc,nmethod     ] Register NMethod: ch.qos.logback.classic.spi.LoggingEvent.getLevel (0x00007ab2a6c6fe88) [0x00007ab2a6c6ff80, 0x00007ab2a6c70068] Compiler: c1, Barriers: 1, Oops: 1, ImmediateOops: 0, NonImmediateOops: No
[1,939s][debug][gc,nmethod     ] Register NMethod: io.sirix.page.PageReference.setPage (0x00007ab2a6c71388) [0x00007ab2a6c71480, 0x00007ab2a6c715b0] Compiler: c1, Barriers: 3, Oops: 1, ImmediateOops: 0, NonImmediateOops: No
[1,939s][debug][gc,nmethod     ] Register NMethod: java.lang.invoke.VarHandleGuards.guard_LJ_I (0x00007ab28740ee08) [0x00007ab28740ef00, 0x00007ab287411dc0] Compiler: c1, Barriers: 28, Oops: 0, ImmediateOops: 2, NonImmediateOops: No
[1,940s][debug][gc,nmethod     ] Register NMethod: io.sirix.page.KeyValueLeafPage.getDeweyId (0x00007ab287817e08) [0x00007ab287817f00, 0x00007ab28781d6c8] Compiler: c1, Barriers: 21, Oops: 7, ImmediateOops: 12, NonImmediateOops: No
[1,940s][debug][gc,nmethod     ] Register NMethod: java.nio.Buffer.nextGetIndex (0x00007ab28740a008) [0x00007ab28740a100, 0x00007ab28740a2c0] Compiler: c1, Barriers: 0, Oops: 0, ImmediateOops: 0, NonImmediateOops: No
[1,940s][debug][gc,nmethod     ] Register NMethod: jdk.internal.foreign.Utils.checkElementAlignment (0x00007ab287407508) [0x00007ab287407600, 0x00007ab287407ca8] Compiler: c1, Barriers: 0, Oops: 0, ImmediateOops: 0, NonImmediateOops: No
[1,940s][debug][gc,nmethod     ] Register NMethod: java.nio.HeapByteBuffer.get (0x00007ab28744ce08) [0x00007ab28744cf00, 0x00007ab28744d3b8] Compiler: c1, Barriers: 1, Oops: 0, ImmediateOops: 0, NonImmediateOops: No
[1,940s][debug][gc,nmethod     ] Register NMethod: java.util.concurrent.ConcurrentHashMap.transfer (0x00007ab2a6c7ae88) [0x00007ab2a6c7af80, 0x00007ab2a6c7ca08] Compiler: jvmci, Barriers: 71, Oops: 1, ImmediateOops: 0, NonImmediateOops: No
[1,940s][debug][gc,nmethod     ] Register NMethod: io.sirix.access.trx.page.NodeStorageEngineReader.assertNotClosed (0x00007ab287402088) [0x00007ab287402180, 0x00007ab287402398] Compiler: c1, Barriers: 0, Oops: 1, ImmediateOops: 1, NonImmediateOops: No
[1,940s][debug][gc,nmethod     ] Register NMethod: jdk.internal.misc.Unsafe.putShort (0x00007ab2a6c71b88) [0x00007ab2a6c71c80, 0x00007ab2a6c71dd8] Compiler: , Barriers: 0, Oops: 0, ImmediateOops: 0, NonImmediateOops: No
[1,940s][debug][gc,nmethod     ] Register NMethod: jdk.internal.misc.ScopedMemoryAccess.getScopedMemoryAccess (0x00007ab287423208) [0x00007ab287423300, 0x00007ab2874233e8] Compiler: c1, Barriers: 0, Oops: 0, ImmediateOops: 1, NonImmediateOops: No
[1,941s][debug][gc,nmethod     ] Register NMethod: java.lang.ThreadLocal$ThreadLocalMap.set (0x00007ab287454708) [0x00007ab287454800, 0x00007ab287455c80] Compiler: c1, Barriers: 12, Oops: 0, ImmediateOops: 0, NonImmediateOops: No
[1,941s][debug][gc,nmethod     ] Register NMethod: jdk.internal.misc.Unsafe.convEndian (0x00007ab28742a008) [0x00007ab28742a100, 0x00007ab28742a258] Compiler: c1, Barriers: 0, Oops: 0, ImmediateOops: 0, NonImmediateOops: No
[1,941s][debug][gc,nmethod     ] Register NMethod: java.lang.ThreadLocal.set (0x00007ab28740e408) [0x00007ab28740e500, 0x00007ab28740eac8] Compiler: c1, Barriers: 0, Oops: 0, ImmediateOops: 0, NonImmediateOops: No
[1,941s][debug][gc,nmethod     ] Register NMethod: java.lang.ThreadLocal.get (0x00007ab287443588) [0x00007ab287443680, 0x00007ab287443800] Compiler: c1, Barriers: 1, Oops: 0, ImmediateOops: 0, NonImmediateOops: No
[1,941s][debug][gc,nmethod     ] Register NMethod: java.lang.ThreadLocal.set (0x00007ab28740af08) [0x00007ab28740b000, 0x00007ab28740b668] Compiler: c1, Barriers: 1, Oops: 0, ImmediateOops: 0, NonImmediateOops: No
[1,941s][debug][gc,director    ] Rule Major: Warmup 10%, Used: 248MB, UsedThreshold: 1228MB
[1,942s][debug][gc,nmethod     ] Register NMethod: jdk.internal.misc.ScopedMemoryAccess.getByte (0x00007ab2a6c72188) [0x00007ab2a6c72280, 0x00007ab2a6c72408] Compiler: jvmci, Barriers: 2, Oops: 0, ImmediateOops: 0, NonImmediateOops: No
[1,942s][debug][gc,nmethod     ] Register NMethod: java.util.Arrays.fill (0x00007ab2a6c7ab08) [0x00007ab2a6c7ac00, 0x00007ab2a6c7adf8] Compiler: jvmci, Barriers: 0, Oops: 0, ImmediateOops: 0, NonImmediateOops: No
[1,944s][debug][gc,nmethod     ] Register NMethod: io.sirix.settings.Fixed.getStandardProperty (0x00007ab2a6c29988) [0x00007ab2a6c29a80, 0x00007ab2a6c29b40] Compiler: c1, Barriers: 0, Oops: 1, ImmediateOops: 0, NonImmediateOops: No
[1,946s][debug][gc,nmethod     ] Register NMethod: io.sirix.page.KeyValueLeafPage.getSlot (0x00007ab2a6be7a88) [0x00007ab2a6be7b80, 0x00007ab2a6be8220] Compiler: jvmci, Barriers: 9, Oops: 4, ImmediateOops: 0, NonImmediateOops: No
[1,949s][debug][gc,nmethod     ] Register NMethod: java.lang.StringCoding.hasNegatives (0x00007ab287444208) [0x00007ab287444300, 0x00007ab287444468] Compiler: c1, Barriers: 0, Oops: 0, ImmediateOops: 0, NonImmediateOops: No
[1,949s][debug][gc,nmethod     ] Register NMethod: java.util.BitSet.recalculateWordsInUse (0x00007ab287480408) [0x00007ab287480500, 0x00007ab287480740] Compiler: c1, Barriers: 1, Oops: 0, ImmediateOops: 0, NonImmediateOops: No
[1,949s][debug][gc,nmethod     ] Register NMethod: io.sirix.page.RevisionRootPage.delegate (0x00007ab2a6c4a688) [0x00007ab2a6c4a780, 0x00007ab2a6c4a868] Compiler: c1, Barriers: 1, Oops: 1, ImmediateOops: 0, NonImmediateOops: No
[1,950s][debug][gc,nmethod     ] Register NMethod: java.util.Arrays.fill (0x00007ab2a6c74188) [0x00007ab2a6c74280, 0x00007ab2a6c74430] Compiler: jvmci, Barriers: 0, Oops: 0, ImmediateOops: 0, NonImmediateOops: No
[1,951s][debug][gc,nmethod     ] Register NMethod: jdk.internal.foreign.layout.AbstractLayout.name (0x00007ab2a6bf8b88) [0x00007ab2a6bf8c80, 0x00007ab2a6bf8d68] Compiler: c1, Barriers: 1, Oops: 0, ImmediateOops: 0, NonImmediateOops: No
[1,951s][debug][gc,nmethod     ] Register NMethod: jdk.internal.foreign.layout.AbstractGroupLayout.memberLayouts (0x00007ab2a6bf8888) [0x00007ab2a6bf8980, 0x00007ab2a6bf8a68] Compiler: c1, Barriers: 1, Oops: 0, ImmediateOops: 0, NonImmediateOops: No
[1,951s][debug][gc,director    ] Rule Major: Warmup 10%, Used: 250MB, UsedThreshold: 1228MB
[1,955s][debug][gc,nmethod     ] Register NMethod: io.sirix.page.RevisionRootPage.getRevision (0x00007ab2a6bf8588) [0x00007ab2a6bf8680, 0x00007ab2a6bf8740] Compiler: c1, Barriers: 0, Oops: 1, ImmediateOops: 0, NonImmediateOops: No
[1,955s][debug][gc,nmethod     ] Register NMethod: io.sirix.page.KeyValueLeafPage.getDeweyId (0x00007ab2a6bf8208) [0x00007ab2a6bf8300, 0x00007ab2a6bf8438] Compiler: jvmci, Barriers: 1, Oops: 1, ImmediateOops: 0, NonImmediateOops: No
[1,956s][debug][gc,nmethod     ] Register NMethod: io.sirix.page.PageReference.getPage (0x00007ab2a6c34b88) [0x00007ab2a6c34c80, 0x00007ab2a6c34d68] Compiler: c1, Barriers: 1, Oops: 1, ImmediateOops: 0, NonImmediateOops: No
[1,957s][debug][gc,nmethod     ] Register NMethod: io.sirix.page.KeyValueLeafPage.isClosed (0x00007ab2a6c34888) [0x00007ab2a6c34980, 0x00007ab2a6c34a40] Compiler: c1, Barriers: 0, Oops: 1, ImmediateOops: 0, NonImmediateOops: No
[1,958s][debug][gc,nmethod     ] Register NMethod: java.util.Spliterators$ArraySpliterator.characteristics (0x00007ab2a6c34588) [0x00007ab2a6c34680, 0x00007ab2a6c34740] Compiler: c1, Barriers: 0, Oops: 0, ImmediateOops: 0, NonImmediateOops: No
[1,958s][debug][gc,nmethod     ] Register NMethod: jdk.internal.foreign.SegmentFactories.initNativeMemory (0x00007ab287444808) [0x00007ab287444900, 0x00007ab287444aa0] Compiler: c1, Barriers: 0, Oops: 0, ImmediateOops: 0, NonImmediateOops: No
[1,959s][debug][gc,nmethod     ] Register NMethod: jdk.internal.misc.Unsafe.getBooleanVolatile (0x00007ab2a6c34208) [0x00007ab2a6c34300, 0x00007ab2a6c34470] Compiler: , Barriers: 0, Oops: 0, ImmediateOops: 0, NonImmediateOops: No
[1,959s][debug][gc,nmethod     ] Register NMethod: jdk.internal.misc.ScopedMemoryAccess.putIntUnalignedInternal (0x00007ab287420e88) [0x00007ab287420f80, 0x00007ab287421708] Compiler: c1, Barriers: 2, Oops: 0, ImmediateOops: 3, NonImmediateOops: No
[1,959s][debug][gc,nmethod     ] Register NMethod: jdk.internal.misc.Unsafe.getLongUnaligned (0x00007ab287450a88) [0x00007ab287450b80, 0x00007ab287450d60] Compiler: c1, Barriers: 0, Oops: 0, ImmediateOops: 0, NonImmediateOops: No
[1,959s][debug][gc,nmethod     ] Register NMethod: jdk.internal.misc.ScopedMemoryAccess.putIntUnaligned (0x00007ab287457a08) [0x00007ab287457b00, 0x00007ab287458988] Compiler: c1, Barriers: 3, Oops: 0, ImmediateOops: 3, NonImmediateOops: No
[1,959s][debug][gc,nmethod     ] Register NMethod: jdk.internal.misc.ScopedMemoryAccess.getLongUnalignedInternal (0x00007ab287572f88) [0x00007ab287573080, 0x00007ab2875737f8] Compiler: c1, Barriers: 2, Oops: 0, ImmediateOops: 3, NonImmediateOops: No
[1,959s][debug][gc,nmethod     ] Register NMethod: jdk.internal.misc.ScopedMemoryAccess.getLongUnaligned (0x00007ab287486708) [0x00007ab287486800, 0x00007ab287487668] Compiler: c1, Barriers: 3, Oops: 0, ImmediateOops: 3, NonImmediateOops: No
[1,959s][debug][gc,nmethod     ] Register NMethod: io.sirix.cache.PageContainer.getModified (0x00007ab2a6c3e608) [0x00007ab2a6c3e700, 0x00007ab2a6c3e7e8] Compiler: c1, Barriers: 1, Oops: 1, ImmediateOops: 0, NonImmediateOops: No
[1,959s][debug][gc,nmethod     ] Register NMethod: io.sirix.node.delegates.NodeDelegate.getNodeKey (0x00007ab2a6c3e308) [0x00007ab2a6c3e400, 0x00007ab2a6c3e4c0] Compiler: c1, Barriers: 0, Oops: 1, ImmediateOops: 0, NonImmediateOops: No
[1,959s][debug][gc,nmethod     ] Register NMethod: jdk.internal.misc.Unsafe.putLongUnaligned (0x00007ab287553088) [0x00007ab287553180, 0x00007ab287553388] Compiler: c1, Barriers: 0, Oops: 0, ImmediateOops: 0, NonImmediateOops: No
[1,959s][debug][gc,nmethod     ] Register NMethod: jdk.internal.misc.ScopedMemoryAccess.putLongUnaligned (0x00007ab28741b788) [0x00007ab28741b880, 0x00007ab28741c708] Compiler: c1, Barriers: 3, Oops: 0, ImmediateOops: 3, NonImmediateOops: No
[1,959s][debug][gc,nmethod     ] Register NMethod: jdk.internal.misc.ScopedMemoryAccess.putLongUnalignedInternal (0x00007ab28744f708) [0x00007ab28744f800, 0x00007ab28744ff88] Compiler: c1, Barriers: 2, Oops: 0, ImmediateOops: 3, NonImmediateOops: No
[1,960s][debug][gc,nmethod     ] Register NMethod: io.sirix.cache.PageContainer.getComplete (0x00007ab2a6c3e008) [0x00007ab2a6c3e100, 0x00007ab2a6c3e1e8] Compiler: c1, Barriers: 1, Oops: 1, ImmediateOops: 0, NonImmediateOops: No
[1,960s][debug][gc,nmethod     ] Register NMethod: java.lang.invoke.MethodHandle.invokeBasic (0x00007ab2a6c30688) [0x00007ab2a6c30780, 0x00007ab2a6c30a18] Compiler: , Barriers: 0, Oops: 0, ImmediateOops: 0, NonImmediateOops: No
[1,960s][debug][gc,nmethod     ] Register NMethod: io.sirix.access.trx.node.AbstractNodeReadOnlyTrx.assertNotClosed (0x00007ab287479588) [0x00007ab287479680, 0x00007ab287479888] Compiler: c1, Barriers: 0, Oops: 1, ImmediateOops: 1, NonImmediateOops: No
[1,960s][debug][gc,nmethod     ] Register NMethod: sun.misc.Unsafe.beforeMemoryAccess (0x00007ab28747a288) [0x00007ab28747a380, 0x00007ab28747a588] Compiler: c1, Barriers: 0, Oops: 0, ImmediateOops: 1, NonImmediateOops: No
[1,960s][debug][gc,nmethod     ] Register NMethod: io.sirix.access.trx.node.AbstractNodeReadOnlyTrx.getCurrentNode (0x00007ab2a6c3dc88) [0x00007ab2a6c3dd80, 0x00007ab2a6c3de68] Compiler: c1, Barriers: 1, Oops: 1, ImmediateOops: 0, NonImmediateOops: No
[1,960s][debug][gc,nmethod     ] Register NMethod: io.sirix.access.trx.page.NodeStorageEngineWriter.delegate (0x00007ab2a6c30388) [0x00007ab2a6c30480, 0x00007ab2a6c30568] Compiler: c1, Barriers: 1, Oops: 1, ImmediateOops: 0, NonImmediateOops: No
[1,960s][debug][gc,nmethod     ] Register NMethod: sun.misc.Unsafe.isMemoryAccessWarned (0x00007ab287478f88) [0x00007ab287479080, 0x00007ab287479180] Compiler: c1, Barriers: 0, Oops: 0, ImmediateOops: 1, NonImmediateOops: No
[1,960s][debug][gc,nmethod     ] Register NMethod: java.util.Spliterator.getExactSizeIfKnown (0x00007ab287400008) [0x00007ab287400100, 0x00007ab287400650] Compiler: c1, Barriers: 0, Oops: 0, ImmediateOops: 0, NonImmediateOops: No
[1,960s][debug][gc,nmethod     ] Register NMethod: java.lang.invoke.VarHandleGuards.guard_LJ_J (0x00007ab2874c4c88) [0x00007ab2874c4d80, 0x00007ab2874c7c40] Compiler: c1, Barriers: 28, Oops: 0, ImmediateOops: 2, NonImmediateOops: No
[1,960s][debug][gc,nmethod     ] Register NMethod: java.util.stream.Sink$ChainedReference.end (0x00007ab28761f888) [0x00007ab28761f980, 0x00007ab28761fcc0] Compiler: c1, Barriers: 1, Oops: 0, ImmediateOops: 0, NonImmediateOops: No
[1,960s][debug][gc,nmethod     ] Register NMethod: java.lang.invoke.VarHandleSegmentAsLongs.get (0x00007ab28780e508) [0x00007ab28780e600, 0x00007ab287813828] Compiler: c1, Barriers: 24, Oops: 2, ImmediateOops: 6, NonImmediateOops: No
[1,961s][debug][gc,nmethod     ] Register NMethod: jdk.internal.misc.ScopedMemoryAccess.putByte (0x00007ab28746d988) [0x00007ab28746da80, 0x00007ab28746e6f8] Compiler: c1, Barriers: 3, Oops: 0, ImmediateOops: 2, NonImmediateOops: No
[1,961s][debug][gc,nmethod     ] Register NMethod: java.lang.invoke.VarHandleSegmentAsLongs.get (0x00007ab2878d8088) [0x00007ab2878d8180, 0x00007ab2878dd620] Compiler: c1, Barriers: 24, Oops: 2, ImmediateOops: 6, NonImmediateOops: No
[1,961s][debug][gc,nmethod     ] Register NMethod: jdk.internal.misc.ScopedMemoryAccess.putByteInternal (0x00007ab287412908) [0x00007ab287412a00, 0x00007ab287412f78] Compiler: c1, Barriers: 2, Oops: 0, ImmediateOops: 2, NonImmediateOops: No
[1,961s][debug][gc,nmethod     ] Register NMethod: jdk.internal.misc.Unsafe.allocateMemory0 (0x00007ab2a6c30088) [0x00007ab2a6c30180, 0x00007ab2a6c302d8] Compiler: , Barriers: 0, Oops: 0, ImmediateOops: 0, NonImmediateOops: No
[1,961s][debug][gc,nmethod     ] Register NMethod: jdk.internal.misc.Unsafe.getReference (0x00007ab2a6c2fc08) [0x00007ab2a6c2fd00, 0x00007ab2a6c30030] Compiler: , Barriers: 0, Oops: 0, ImmediateOops: 0, NonImmediateOops: No
[1,961s][debug][gc,nmethod     ] Register NMethod: java.lang.invoke.VarHandleSegmentAsInts.set (0x00007ab2878dd688) [0x00007ab2878dd780, 0x00007ab2878e2ad8] Compiler: c1, Barriers: 24, Oops: 2, ImmediateOops: 7, NonImmediateOops: No
[1,961s][debug][gc,nmethod     ] Register NMethod: java.lang.invoke.VarHandleSegmentAsInts.set (0x00007ab2878e2b08) [0x00007ab2878e2c00, 0x00007ab2878e81d0] Compiler: c1, Barriers: 24, Oops: 2, ImmediateOops: 7, NonImmediateOops: No
[1,962s][debug][gc,director    ] Rule Major: Warmup 10%, Used: 254MB, UsedThreshold: 1228MB
[1,962s][debug][gc,nmethod     ] Register NMethod: java.lang.invoke.MethodHandle.invokeBasic (0x00007ab2a6c2f808) [0x00007ab2a6c2f900, 0x00007ab2a6c2fb98] Compiler: , Barriers: 0, Oops: 0, ImmediateOops: 0, NonImmediateOops: No
[1,962s][debug][gc,nmethod     ] Register NMethod: jdk.internal.foreign.AbstractMemorySegmentImpl.set (0x00007ab2878e8208) [0x00007ab2878e8300, 0x00007ab2878ed880] Compiler: c1, Barriers: 42, Oops: 6, ImmediateOops: 18, NonImmediateOops: No
[1,962s][debug][gc,nmethod     ] Register NMethod: jdk.internal.foreign.AbstractMemorySegmentImpl.asSliceNoCheck (0x00007ab2a6c3a708) [0x00007ab2a6c3a800, 0x00007ab2a6c3a9b0] Compiler: jvmci, Barriers: 3, Oops: 0, ImmediateOops: 0, NonImmediateOops: No
[1,962s][debug][gc,nmethod     ] Register NMethod: jdk.internal.ref.CleanerFactory.cleaner (0x00007ab2a6c3a408) [0x00007ab2a6c3a500, 0x00007ab2a6c3a570] Compiler: jvmci, Barriers: 0, Oops: 0, ImmediateOops: 1, NonImmediateOops: No
[1,962s][debug][gc,nmethod     ] Register NMethod: java.lang.invoke.VarHandleSegmentAsLongs.set (0x00007ab2878ed908) [0x00007ab2878eda00, 0x00007ab2878f2fd0] Compiler: c1, Barriers: 24, Oops: 2, ImmediateOops: 7, NonImmediateOops: No
[1,962s][debug][gc,nmethod     ] Register NMethod: jdk.internal.foreign.Utils$BaseAndScale.of (0x00007ab287419788) [0x00007ab287419880, 0x00007ab28741ae98] Compiler: c1, Barriers: 1, Oops: 2, ImmediateOops: 10, NonImmediateOops: No
[1,963s][debug][gc,nmethod     ] Register NMethod: java.lang.invoke.VarHandleGuards.guard_LJJ_V (0x00007ab2878f3008) [0x00007ab2878f3100, 0x00007ab2878f7cd0] Compiler: c1, Barriers: 46, Oops: 1, ImmediateOops: 6, NonImmediateOops: No
[1,963s][debug][gc,nmethod     ] Register NMethod: java.lang.invoke.VarHandleSegmentAsLongs.set (0x00007ab2878f7d08) [0x00007ab2878f7e00, 0x00007ab2878fd158] Compiler: c1, Barriers: 24, Oops: 2, ImmediateOops: 7, NonImmediateOops: No
[1,963s][debug][gc,nmethod     ] Register NMethod: java.util.Objects.checkIndex (0x00007ab2a6c3a108) [0x00007ab2a6c3a200, 0x00007ab2a6c3a2a0] Compiler: jvmci, Barriers: 0, Oops: 0, ImmediateOops: 0, NonImmediateOops: No
[1,963s][debug][gc,nmethod     ] Register NMethod: io.sirix.node.MemorySegmentBytesOut.writeByte (0x00007ab28747e508) [0x00007ab28747e600, 0x00007ab28747e798] Compiler: c1, Barriers: 1, Oops: 1, ImmediateOops: 0, NonImmediateOops: No
[1,963s][debug][gc,nmethod     ] Register NMethod: java.lang.invoke.VarHandleSegmentAsInts.get (0x00007ab2878fd188) [0x00007ab2878fd280, 0x00007ab2879024a8] Compiler: c1, Barriers: 24, Oops: 2, ImmediateOops: 6, NonImmediateOops: No
[1,964s][debug][gc,nmethod     ] Register NMethod: java.lang.invoke.VarHandleSegmentAsInts.get (0x00007ab287902508) [0x00007ab287902600, 0x00007ab287907aa0] Compiler: c1, Barriers: 24, Oops: 2, ImmediateOops: 6, NonImmediateOops: No
[1,964s][debug][gc,nmethod     ] Register NMethod: io.sirix.node.MemorySegmentBytesOut.writeInt (0x00007ab2874c0008) [0x00007ab2874c0100, 0x00007ab2874c0298] Compiler: c1, Barriers: 1, Oops: 1, ImmediateOops: 0, NonImmediateOops: No
[1,964s][debug][gc,nmethod     ] Register NMethod: jdk.internal.foreign.AbstractMemorySegmentImpl.set (0x00007ab287907b08) [0x00007ab287907c00, 0x00007ab28790d180] Compiler: c1, Barriers: 42, Oops: 6, ImmediateOops: 18, NonImmediateOops: No
[1,964s][debug][gc,nmethod     ] Register NMethod: io.sirix.node.GrowingMemorySegment.writeInt (0x00007ab28762b888) [0x00007ab28762b980, 0x00007ab28762f7c0] Compiler: c1, Barriers: 5, Oops: 6, ImmediateOops: 11, NonImmediateOops: No
[1,964s][debug][gc,nmethod     ] Register NMethod: io.sirix.node.GrowingMemorySegment.writeByte (0x00007ab287809a08) [0x00007ab287809b00, 0x00007ab28780d730] Compiler: c1, Barriers: 5, Oops: 6, ImmediateOops: 10, NonImmediateOops: No
[1,964s][debug][gc,nmethod     ] Register NMethod: java.lang.Class.componentType (0x00007ab2874c4488) [0x00007ab2874c4580, 0x00007ab2874c4880] Compiler: c1, Barriers: 1, Oops: 0, ImmediateOops: 0, NonImmediateOops: No
[1,965s][debug][gc,nmethod     ] Register NMethod: java.lang.invoke.VarHandleSegmentAsBytes.set (0x00007ab28790d208) [0x00007ab28790d300, 0x00007ab287912440] Compiler: c1, Barriers: 24, Oops: 2, ImmediateOops: 6, NonImmediateOops: No
[1,965s][debug][gc,nmethod     ] Register NMethod: jdk.internal.foreign.AbstractMemorySegmentImpl.get (0x00007ab287413308) [0x00007ab287413400, 0x00007ab287416d30] Compiler: c1, Barriers: 27, Oops: 5, ImmediateOops: 12, NonImmediateOops: No
[1,965s][debug][gc,nmethod     ] Register NMethod: jdk.internal.foreign.AbstractMemorySegmentImpl.asSlice (0x00007ab2a6c39c88) [0x00007ab2a6c39d80, 0x00007ab2a6c3a098] Compiler: jvmci, Barriers: 5, Oops: 0, ImmediateOops: 0, NonImmediateOops: No
[1,965s][debug][gc,nmethod     ] Register NMethod: jdk.internal.foreign.AbstractMemorySegmentImpl.asSlice (0x00007ab2a6c39808) [0x00007ab2a6c39900, 0x00007ab2a6c39c18] Compiler: jvmci, Barriers: 5, Oops: 0, ImmediateOops: 0, NonImmediateOops: No
[1,965s][debug][gc,nmethod     ] Register NMethod: io.sirix.node.MemorySegmentBytesOut.writeLong (0x00007ab2874c1f08) [0x00007ab2874c2000, 0x00007ab2874c2198] Compiler: c1, Barriers: 1, Oops: 1, ImmediateOops: 0, NonImmediateOops: No
[1,965s][debug][gc,nmethod     ] Register NMethod: net.jpountz.util.SafeUtils.checkRange (0x00007ab28780e188) [0x00007ab28780e280, 0x00007ab28780e480] Compiler: c1, Barriers: 0, Oops: 1, ImmediateOops: 0, NonImmediateOops: No
[1,965s][debug][gc,nmethod     ] Register NMethod: jdk.internal.foreign.Utils$BaseAndScale$$TypeSwitch/0x000000006c1e73d0.typeSwitch (0x00007ab28742fb88) [0x00007ab28742fc80, 0x00007ab287430fa8] Compiler: c1, Barriers: 0, Oops: 0, ImmediateOops: 0, NonImmediateOops: No
[1,965s][debug][gc,nmethod     ] Register NMethod: jdk.internal.foreign.MemorySessionImpl.checkValidState (0x00007ab287432688) [0x00007ab287432780, 0x00007ab287433268] Compiler: c1, Barriers: 3, Oops: 0, ImmediateOops: 2, NonImmediateOops: No
[1,965s][debug][gc,nmethod     ] Register NMethod: java.util.stream.ReferencePipeline.<init> (0x00007ab2874e7d88) [0x00007ab2874e7e80, 0x00007ab2874e7fb0] Compiler: c1, Barriers: 0, Oops: 0, ImmediateOops: 0, NonImmediateOops: No
[1,965s][debug][gc,nmethod     ] Register NMethod: jdk.internal.foreign.Utils.checkNonNegativeIndex (0x00007ab28745fd88) [0x00007ab28745fe80, 0x00007ab287461048] Compiler: c1, Barriers: 0, Oops: 2, ImmediateOops: 3, NonImmediateOops: No
[1,965s][debug][gc,nmethod     ] Register NMethod: io.sirix.node.GrowingMemorySegment.position (0x00007ab2a6c39488) [0x00007ab2a6c39580, 0x00007ab2a6c39640] Compiler: c1, Barriers: 0, Oops: 1, ImmediateOops: 0, NonImmediateOops: No
[1,966s][debug][gc,nmethod     ] Register NMethod: java.util.stream.AbstractPipeline.<init> (0x00007ab287423e88) [0x00007ab287423f80, 0x00007ab287424510] Compiler: c1, Barriers: 10, Oops: 0, ImmediateOops: 1, NonImmediateOops: No
[1,966s][debug][gc,nmethod     ] Register NMethod: io.sirix.node.GrowingMemorySegment.writeLong (0x00007ab2876c7688) [0x00007ab2876c7780, 0x00007ab2876cb5c0] Compiler: c1, Barriers: 5, Oops: 6, ImmediateOops: 11, NonImmediateOops: No
[1,966s][debug][gc,nmethod     ] Register NMethod: java.lang.invoke.VarHandleSegmentAsBytes.set (0x00007ab287912488) [0x00007ab287912580, 0x00007ab287917920] Compiler: c1, Barriers: 24, Oops: 2, ImmediateOops: 6, NonImmediateOops: No
[1,966s][debug][gc,nmethod     ] Register NMethod: sun.nio.fs.UnixPath.isEmpty (0x00007ab28752bf88) [0x00007ab28752c080, 0x00007ab28752c208] Compiler: c1, Barriers: 1, Oops: 0, ImmediateOops: 0, NonImmediateOops: No
[1,966s][debug][gc,nmethod     ] Register NMethod: java.io.ByteArrayInputStream.read (0x00007ab287427808) [0x00007ab287427900, 0x00007ab287427fe8] Compiler: c1, Barriers: 1, Oops: 0, ImmediateOops: 0, NonImmediateOops: No
[1,967s][debug][gc,nmethod     ] Register NMethod: jdk.internal.foreign.AbstractMemorySegmentImpl.set (0x00007ab287917988) [0x00007ab287917a80, 0x00007ab28791d000] Compiler: c1, Barriers: 42, Oops: 6, ImmediateOops: 18, NonImmediateOops: No
[1,967s][debug][gc,nmethod     ] Register NMethod: java.util.concurrent.atomic.AtomicLong.incrementAndGet (0x00007ab28756c408) [0x00007ab28756c500, 0x00007ab28756c618] Compiler: c1, Barriers: 0, Oops: 0, ImmediateOops: 0, NonImmediateOops: No
[1,967s][debug][gc,nmethod     ] Register NMethod: io.sirix.page.PageReference.getLogKey (0x00007ab2a6bf7c08) [0x00007ab2a6bf7d00, 0x00007ab2a6bf7dc0] Compiler: c1, Barriers: 0, Oops: 1, ImmediateOops: 0, NonImmediateOops: No
[1,968s][debug][gc,nmethod     ] Register NMethod: java.lang.Long.hashCode (0x00007ab2a6bf7908) [0x00007ab2a6bf7a00, 0x00007ab2a6bf7a70] Compiler: jvmci, Barriers: 0, Oops: 0, ImmediateOops: 0, NonImmediateOops: No
[1,968s][debug][gc,nmethod     ] Register NMethod: org.magicwerk.brownies.collections.GapList.doGet (0x00007ab287455f88) [0x00007ab287456080, 0x00007ab2874563b8] Compiler: c1, Barriers: 2, Oops: 1, ImmediateOops: 0, NonImmediateOops: No
[1,968s][debug][gc,nmethod     ] Register NMethod: org.magicwerk.brownies.collections.GapList.get (0x00007ab287451f08) [0x00007ab287452000, 0x00007ab2874539f8] Compiler: c1, Barriers: 0, Oops: 4, ImmediateOops: 4, NonImmediateOops: No
[1,968s][debug][gc,nmethod     ] Register NMethod: sun.nio.ch.NativeThread.current0 (0x00007ab2a6bf7608) [0x00007ab2a6bf7700, 0x00007ab2a6bf7858] Compiler: , Barriers: 0, Oops: 0, ImmediateOops: 1, NonImmediateOops: No
[1,968s][debug][gc,nmethod     ] Register NMethod: net.jpountz.xxhash.XXHashJNI.XXH32_init (0x00007ab2a6bf7308) [0x00007ab2a6bf7400, 0x00007ab2a6bf7568] Compiler: , Barriers: 0, Oops: 1, ImmediateOops: 1, NonImmediateOops: No
[1,968s][debug][gc,nmethod     ] Register NMethod: jdk.internal.misc.Unsafe.getReferenceAcquire (0x00007ab2a6bf7008) [0x00007ab2a6bf7100, 0x00007ab2a6bf71b0] Compiler: jvmci, Barriers: 1, Oops: 0, ImmediateOops: 0, NonImmediateOops: No
[1,968s][debug][gc,nmethod     ] Register NMethod: io.sirix.node.MemorySegmentBytesIn.readByte (0x00007ab2876c1b08) [0x00007ab2876c1c00, 0x00007ab2876c5620] Compiler: c1, Barriers: 5, Oops: 6, ImmediateOops: 9, NonImmediateOops: No
[1,969s][debug][gc,nmethod     ] Register NMethod: java.lang.invoke.VarHandleSegmentAsBytes.get (0x00007ab28791d088) [0x00007ab28791d180, 0x00007ab2879221a0] Compiler: c1, Barriers: 24, Oops: 2, ImmediateOops: 5, NonImmediateOops: No
[1,969s][debug][gc,nmethod     ] Register NMethod: jdk.internal.foreign.AbstractMemorySegmentImpl.get (0x00007ab287482708) [0x00007ab287482800, 0x00007ab287486110] Compiler: c1, Barriers: 27, Oops: 5, ImmediateOops: 12, NonImmediateOops: No
[1,969s][debug][gc,nmethod     ] Register NMethod: java.nio.channels.spi.AbstractInterruptibleChannel.isOpen (0x00007ab287570308) [0x00007ab287570400, 0x00007ab287570550] Compiler: c1, Barriers: 0, Oops: 0, ImmediateOops: 0, NonImmediateOops: No
[1,969s][debug][gc,nmethod     ] Register NMethod: jdk.internal.foreign.AbstractMemorySegmentImpl.copy (0x00007ab287922208) [0x00007ab287922300, 0x00007ab287929ee8] Compiler: c1, Barriers: 10, Oops: 3, ImmediateOops: 15, NonImmediateOops: No
[1,969s][debug][gc,nmethod     ] Register NMethod: java.util.concurrent.ThreadLocalRandom.getProbe (0x00007ab2875a4808) [0x00007ab2875a4900, 0x00007ab2875a4a90] Compiler: c1, Barriers: 1, Oops: 1, ImmediateOops: 1, NonImmediateOops: No
[1,969s][debug][gc,nmethod     ] Register NMethod: java.lang.invoke.VarHandleSegmentAsBytes.get (0x00007ab287929f08) [0x00007ab28792a000, 0x00007ab28792f288] Compiler: c1, Barriers: 24, Oops: 2, ImmediateOops: 5, NonImmediateOops: No
[1,969s][debug][gc,nmethod     ] Register NMethod: jdk.internal.misc.Unsafe.getAndAddInt (0x00007ab287551a08) [0x00007ab287551b00, 0x00007ab287551ed8] Compiler: c1, Barriers: 0, Oops: 0, ImmediateOops: 0, NonImmediateOops: No
[1,969s][debug][gc,nmethod     ] Register NMethod: io.sirix.page.KeyValueLeafPage.getLastIndex (0x00007ab2875f3488) [0x00007ab2875f3580, 0x00007ab2875f36d8] Compiler: c1, Barriers: 0, Oops: 1, ImmediateOops: 0, NonImmediateOops: No
[1,969s][debug][gc,nmethod     ] Register NMethod: io.sirix.page.KeyValueLeafPage.getSlotAsByteArray (0x00007ab2a6bf6788) [0x00007ab2a6bf6880, 0x00007ab2a6bf6e50] Compiler: jvmci, Barriers: 7, Oops: 1, ImmediateOops: 4, NonImmediateOops: No
[1,970s][debug][gc,nmethod     ] Register NMethod: jdk.internal.access.SharedSecrets.getJavaUtilCollectionAccess (0x00007ab287808f08) [0x00007ab287809000, 0x00007ab287809290] Compiler: c1, Barriers: 2, Oops: 1, ImmediateOops: 3, NonImmediateOops: No
[1,970s][debug][gc,nmethod     ] Register NMethod: jdk.internal.classfile.impl.StackMapGenerator$Frame.getLocal (0x00007ab287599788) [0x00007ab287599880, 0x00007ab287599cb0] Compiler: c1, Barriers: 2, Oops: 0, ImmediateOops: 0, NonImmediateOops: No
[1,970s][debug][gc,nmethod     ] Register NMethod: io.sirix.page.KeyValueLeafPage.getAvailableSpace (0x00007ab28792f308) [0x00007ab28792f400, 0x00007ab287934ec0] Compiler: c1, Barriers: 19, Oops: 7, ImmediateOops: 12, NonImmediateOops: No
[1,971s][debug][gc,nmethod     ] Register NMethod: java.lang.foreign.MemorySegment.copy (0x00007ab287934f08) [0x00007ab287935000, 0x00007ab28793cff0] Compiler: c1, Barriers: 10, Oops: 3, ImmediateOops: 15, NonImmediateOops: No
[1,971s][debug][gc,nmethod     ] Register NMethod: java.lang.invoke.BootstrapMethodInvoker.widenAndCast (0x00007ab287750d08) [0x00007ab287750e00, 0x00007ab287752530] Compiler: c1, Barriers: 0, Oops: 0, ImmediateOops: 0, NonImmediateOops: No
[1,971s][debug][gc,nmethod     ] Register NMethod: java.lang.invoke.MethodHandle.linkToStatic (0x00007ab2a6c41e88) [0x00007ab2a6c41f80, 0x00007ab2a6c42070] Compiler: , Barriers: 0, Oops: 0, ImmediateOops: 0, NonImmediateOops: No
[1,972s][debug][gc,director    ] Rule Major: Warmup 10%, Used: 256MB, UsedThreshold: 1228MB
[1,972s][debug][gc,nmethod     ] Register NMethod: java.lang.invoke.MethodHandleNatives.linkCallSite (0x00007ab287441388) [0x00007ab287441480, 0x00007ab287441ff0] Compiler: c1, Barriers: 0, Oops: 0, ImmediateOops: 0, NonImmediateOops: No
[1,972s][debug][gc,nmethod     ] Register NMethod: java.lang.invoke.MethodHandle.linkToSpecial (0x00007ab2a6c41b88) [0x00007ab2a6c41c80, 0x00007ab2a6c41d78] Compiler: , Barriers: 0, Oops: 0, ImmediateOops: 0, NonImmediateOops: No
[1,972s][debug][gc,nmethod     ] Register NMethod: jdk.internal.foreign.SegmentFactories.initNativeMemory (0x00007ab2a6c41788) [0x00007ab2a6c41880, 0x00007ab2a6c41b28] Compiler: jvmci, Barriers: 0, Oops: 0, ImmediateOops: 0, NonImmediateOops: No
[1,972s][debug][gc,nmethod     ] Register NMethod: java.lang.invoke.MethodHandleNatives.staticArgumentsPulled (0x00007ab28748fc08) [0x00007ab28748fd00, 0x00007ab28748ffe8] Compiler: c1, Barriers: 0, Oops: 0, ImmediateOops: 0, NonImmediateOops: No
[1,973s][debug][gc,nmethod     ] Register NMethod: java.lang.invoke.ConstantCallSite.dynamicInvoker (0x00007ab287671b88) [0x00007ab287671c80, 0x00007ab2876720d0] Compiler: c1, Barriers: 1, Oops: 0, ImmediateOops: 0, NonImmediateOops: No
[1,973s][debug][gc,nmethod     ] Register NMethod: jdk.internal.misc.Unsafe.storeStoreFence (0x00007ab28767ef88) [0x00007ab28767f080, 0x00007ab28767f350] Compiler: c1, Barriers: 0, Oops: 0, ImmediateOops: 0, NonImmediateOops: No
[1,973s][debug][gc,nmethod     ] Register NMethod: java.lang.invoke.MemberName.asSpecial (0x00007ab28745d608) [0x00007ab28745d700, 0x00007ab28745ef48] Compiler: c1, Barriers: 0, Oops: 0, ImmediateOops: 0, NonImmediateOops: No
[1,973s][debug][gc,nmethod     ] Register NMethod: java.lang.invoke.ConstantCallSite.<init> (0x00007ab28750e008) [0x00007ab28750e100, 0x00007ab28750e718] Compiler: c1, Barriers: 4, Oops: 0, ImmediateOops: 1, NonImmediateOops: No
[1,973s][debug][gc,nmethod     ] Register NMethod: java.lang.invoke.CallSite.<init> (0x00007ab28746f388) [0x00007ab28746f480, 0x00007ab28746f860] Compiler: c1, Barriers: 4, Oops: 0, ImmediateOops: 0, NonImmediateOops: No
[1,973s][debug][gc,nmethod     ] Register NMethod: java.lang.Module.implIsExportedOrOpen (0x00007ab287400988) [0x00007ab287400a80, 0x00007ab287401d20] Compiler: c1, Barriers: 5, Oops: 0, ImmediateOops: 0, NonImmediateOops: No
[1,973s][debug][gc,nmethod     ] Register NMethod: java.lang.invoke.MethodHandle.linkToInterface (0x00007ab2a6c41488) [0x00007ab2a6c41580, 0x00007ab2a6c416b0] Compiler: , Barriers: 0, Oops: 0, ImmediateOops: 0, NonImmediateOops: No
[1,973s][debug][gc,nmethod     ] Register NMethod: java.util.stream.AbstractPipeline.copyInto (0x00007ab2874c2e08) [0x00007ab2874c2f00, 0x00007ab2874c4020] Compiler: c1, Barriers: 0, Oops: 1, ImmediateOops: 1, NonImmediateOops: No
[1,973s][debug][gc,nmethod     ] Register NMethod: java.lang.invoke.LambdaForm.compileToBytecode (0x00007ab2874d6d88) [0x00007ab2874d6e80, 0x00007ab2874d7860] Compiler: c1, Barriers: 9, Oops: 1, ImmediateOops: 4, NonImmediateOops: No
[1,974s][debug][gc,nmethod     ] Register NMethod: java.lang.invoke.MethodHandle.linkToStatic (0x00007ab2a6c41188) [0x00007ab2a6c41280, 0x00007ab2a6c41370] Compiler: , Barriers: 0, Oops: 0, ImmediateOops: 0, NonImmediateOops: No
[1,974s][debug][gc,nmethod     ] Register NMethod: java.lang.invoke.BootstrapMethodInvoker.invoke (0x00007ab28793d088) [0x00007ab28793d180, 0x00007ab287947e60] Compiler: c1, Barriers: 60, Oops: 2, ImmediateOops: 15, NonImmediateOops: No
[1,974s][debug][gc,nmethod     ] Register NMethod: java.lang.invoke.Invokers.callSiteForm (0x00007ab2876a1b08) [0x00007ab2876a1c00, 0x00007ab2876a4650] Compiler: c1, Barriers: 23, Oops: 1, ImmediateOops: 5, NonImmediateOops: No
[1,974s][debug][gc,nmethod     ] Register NMethod: java.lang.invoke.CallSite.makeSite (0x00007ab287600408) [0x00007ab287600500, 0x00007ab287602d20] Compiler: c1, Barriers: 7, Oops: 1, ImmediateOops: 7, NonImmediateOops: No
[1,975s][debug][gc,nmethod     ] Register NMethod: java.lang.invoke.Invokers.linkToTargetMethod (0x00007ab28762ab88) [0x00007ab28762ac80, 0x00007ab28762add0] Compiler: c1, Barriers: 1, Oops: 0, ImmediateOops: 0, NonImmediateOops: No
[1,975s][debug][gc,nmethod     ] Register NMethod: jdk.internal.classfile.impl.BufWriterImpl.writeU1 (0x00007ab2a6c40c08) [0x00007ab2a6c40d00, 0x00007ab2a6c41120] Compiler: jvmci, Barriers: 4, Oops: 0, ImmediateOops: 0, NonImmediateOops: No
[1,976s][debug][gc,nmethod     ] Register NMethod: jdk.internal.classfile.impl.DirectCodeBuilder.iload (0x00007ab28754da08) [0x00007ab28754db00, 0x00007ab28754def0] Compiler: c1, Barriers: 1, Oops: 0, ImmediateOops: 0, NonImmediateOops: No
[1,976s][debug][gc,nmethod     ] Register NMethod: it.unimi.dsi.fastutil.HashCommon.mix (0x00007ab2877fbd88) [0x00007ab2877fbe80, 0x00007ab2877fbf70] Compiler: c1, Barriers: 0, Oops: 1, ImmediateOops: 0, NonImmediateOops: No
[1,976s][debug][gc,nmethod     ] Register NMethod: java.util.concurrent.atomic.AtomicInteger.<init> (0x00007ab287600008) [0x00007ab287600100, 0x00007ab2876002c0] Compiler: c1, Barriers: 0, Oops: 0, ImmediateOops: 0, NonImmediateOops: No
[1,976s][debug][gc,nmethod     ] Register NMethod: io.sirix.page.PageReference.getKey (0x00007ab2a6c40908) [0x00007ab2a6c40a00, 0x00007ab2a6c40ac0] Compiler: c1, Barriers: 0, Oops: 1, ImmediateOops: 0, NonImmediateOops: No
[1,976s][debug][gc,nmethod     ] Register NMethod: io.sirix.page.AbstractForwardingPage.getOrCreateReference (0x00007ab28743ce88) [0x00007ab28743cf80, 0x00007ab28743d490] Compiler: c1, Barriers: 0, Oops: 1, ImmediateOops: 0, NonImmediateOops: No
[1,977s][debug][gc,nmethod     ] Register NMethod: java.util.concurrent.ConcurrentHashMap.sumCount (0x00007ab2876c1708) [0x00007ab2876c1800, 0x00007ab2876c1a90] Compiler: c1, Barriers: 2, Oops: 0, ImmediateOops: 0, NonImmediateOops: No
[1,978s][debug][gc,nmethod     ] Register NMethod: java.lang.String.<init> (0x00007ab2877b8b88) [0x00007ab2877b8c80, 0x00007ab2877b8f20] Compiler: c1, Barriers: 0, Oops: 0, ImmediateOops: 0, NonImmediateOops: No
[1,978s][debug][gc,nmethod     ] Register NMethod: java.util.stream.Sink$ChainedReference.<init> (0x00007ab28767b808) [0x00007ab28767b900, 0x00007ab28767be38] Compiler: c1, Barriers: 3, Oops: 0, ImmediateOops: 0, NonImmediateOops: No
[1,978s][debug][gc,nmethod     ] Register NMethod: java.util.concurrent.atomic.AtomicBoolean.get (0x00007ab2876c1408) [0x00007ab2876c1500, 0x00007ab2876c1650] Compiler: c1, Barriers: 0, Oops: 0, ImmediateOops: 0, NonImmediateOops: No
[1,978s][debug][gc,nmethod     ] Register NMethod: it.unimi.dsi.fastutil.shorts.ShortArrayList$1.hasNext (0x00007ab2877b8788) [0x00007ab2877b8880, 0x00007ab2877b8a10] Compiler: c1, Barriers: 1, Oops: 1, ImmediateOops: 0, NonImmediateOops: No
[1,978s][debug][gc,nmethod     ] Register NMethod: java.util.BitSet.cardinality (0x00007ab287471788) [0x00007ab287471880, 0x00007ab287471ae0] Compiler: c1, Barriers: 1, Oops: 0, ImmediateOops: 0, NonImmediateOops: No
[1,978s][debug][gc,nmethod     ] Register NMethod: io.sirix.node.MemorySegmentBytesIn.readInt (0x00007ab287606988) [0x00007ab287606a80, 0x00007ab28760a690] Compiler: c1, Barriers: 5, Oops: 6, ImmediateOops: 10, NonImmediateOops: No
[1,979s][debug][gc,nmethod     ] Register NMethod: java.lang.System$1.blockedOn (0x00007ab287471208) [0x00007ab287471300, 0x00007ab287471658] Compiler: c1, Barriers: 1, Oops: 0, ImmediateOops: 0, NonImmediateOops: No
[1,979s][debug][gc,nmethod     ] Register NMethod: java.lang.Thread.blockedOn (0x00007ab2874e9388) [0x00007ab2874e9480, 0x00007ab2874e97b8] Compiler: c1, Barriers: 4, Oops: 0, ImmediateOops: 0, NonImmediateOops: No
[1,979s][debug][gc,nmethod     ] Register NMethod: java.nio.channels.spi.AbstractInterruptibleChannel.blockedOn (0x00007ab2877a5308) [0x00007ab2877a5400, 0x00007ab2877a5878] Compiler: c1, Barriers: 2, Oops: 0, ImmediateOops: 1, NonImmediateOops: No
[1,979s][debug][gc,nmethod     ] Register NMethod: ch.qos.logback.core.filter.Filter.isStarted (0x00007ab2a6c19f88) [0x00007ab2a6c1a080, 0x00007ab2a6c1a140] Compiler: c1, Barriers: 0, Oops: 1, ImmediateOops: 0, NonImmediateOops: No
[1,979s][debug][gc,nmethod     ] Register NMethod: ch.qos.logback.core.util.COWArrayList.isFresh (0x00007ab287625d88) [0x00007ab287625e80, 0x00007ab287626228] Compiler: c1, Barriers: 1, Oops: 1, ImmediateOops: 0, NonImmediateOops: No
[1,979s][debug][gc,nmethod     ] Register NMethod: java.lang.Short.shortValue (0x00007ab2a6c19c88) [0x00007ab2a6c19d80, 0x00007ab2a6c19e48] Compiler: c1, Barriers: 0, Oops: 0, ImmediateOops: 0, NonImmediateOops: No
[1,979s][debug][gc,nmethod     ] Register NMethod: ch.qos.logback.core.util.COWArrayList.asTypedArray (0x00007ab28751d408) [0x00007ab28751d500, 0x00007ab28751df88] Compiler: c1, Barriers: 8, Oops: 1, ImmediateOops: 0, NonImmediateOops: No
[1,979s][debug][gc,nmethod     ] Register NMethod: ch.qos.logback.core.util.COWArrayList.refreshCopyIfNecessary (0x00007ab28742a708) [0x00007ab28742a800, 0x00007ab28742b1f8] Compiler: c1, Barriers: 7, Oops: 1, ImmediateOops: 0, NonImmediateOops: No
[1,979s][debug][gc,nmethod     ] Register NMethod: jdk.internal.access.SharedSecrets.getJavaLangAccess (0x00007ab2a6c19988) [0x00007ab2a6c19a80, 0x00007ab2a6c19b28] Compiler: jvmci, Barriers: 1, Oops: 0, ImmediateOops: 1, NonImmediateOops: No
[1,979s][debug][gc,nmethod     ] Register NMethod: io.sirix.page.PageReference.hashCode (0x00007ab28757c308) [0x00007ab28757c400, 0x00007ab28757d480] Compiler: c1, Barriers: 13, Oops: 1, ImmediateOops: 1, NonImmediateOops: No
[1,979s][debug][gc,nmethod     ] Register NMethod: ch.qos.logback.classic.LoggerContext.getLoggerContextRemoteView (0x00007ab2a6c19688) [0x00007ab2a6c19780, 0x00007ab2a6c19868] Compiler: c1, Barriers: 1, Oops: 1, ImmediateOops: 0, NonImmediateOops: No
[1,980s][debug][gc,nmethod     ] Register NMethod: ch.qos.logback.classic.Logger.getLoggerContext (0x00007ab2a6c19388) [0x00007ab2a6c19480, 0x00007ab2a6c19568] Compiler: c1, Barriers: 1, Oops: 1, ImmediateOops: 0, NonImmediateOops: No
[1,980s][debug][gc,nmethod     ] Register NMethod: java.util.BitSet.size (0x00007ab2877a4f88) [0x00007ab2877a5080, 0x00007ab2877a51b8] Compiler: c1, Barriers: 1, Oops: 0, ImmediateOops: 0, NonImmediateOops: No
[1,980s][debug][gc,nmethod     ] Register NMethod: io.sirix.page.delegates.BitmapReferencesPage.getOrCreateReference (0x00007ab287712e88) [0x00007ab287712f80, 0x00007ab287713638] Compiler: c1, Barriers: 2, Oops: 1, ImmediateOops: 0, NonImmediateOops: No
[1,980s][debug][gc,nmethod     ] Register NMethod: io.sirix.access.trx.page.NodeStorageEngineReader.pageKey (0x00007ab287606088) [0x00007ab287606180, 0x00007ab287606900] Compiler: c1, Barriers: 0, Oops: 1, ImmediateOops: 2, NonImmediateOops: No
[1,980s][debug][gc,nmethod     ] Register NMethod: java.nio.MappedByteBuffer.position (0x00007ab287625808) [0x00007ab287625900, 0x00007ab287625cc0] Compiler: c1, Barriers: 0, Oops: 0, ImmediateOops: 0, NonImmediateOops: No
[1,980s][debug][gc,nmethod     ] Register NMethod: java.util.BitSet.and (0x00007ab28741dd88) [0x00007ab28741de80, 0x00007ab28741e2d0] Compiler: c1, Barriers: 3, Oops: 0, ImmediateOops: 0, NonImmediateOops: No
[1,980s][debug][gc,nmethod     ] Register NMethod: java.util.BitSet.clear (0x00007ab287605d08) [0x00007ab287605e00, 0x00007ab287606000] Compiler: c1, Barriers: 1, Oops: 0, ImmediateOops: 0, NonImmediateOops: No
[1,980s][debug][gc,nmethod     ] Register NMethod: io.sirix.page.delegates.BitmapReferencesPage.index (0x00007ab28741d608) [0x00007ab28741d700, 0x00007ab28741dc88] Compiler: c1, Barriers: 4, Oops: 1, ImmediateOops: 0, NonImmediateOops: No
[1,980s][debug][gc,nmethod     ] Register NMethod: sun.nio.fs.UnixPath.getByteArrayForSysCalls (0x00007ab287481e08) [0x00007ab287481f00, 0x00007ab2874826f8] Compiler: c1, Barriers: 4, Oops: 0, ImmediateOops: 0, NonImmediateOops: No
[1,980s][debug][gc,nmethod     ] Register NMethod: java.util.BitSet.flip (0x00007ab287529108) [0x00007ab287529200, 0x00007ab287529808] Compiler: c1, Barriers: 2, Oops: 0, ImmediateOops: 0, NonImmediateOops: No
[1,980s][debug][gc,nmethod     ] Register NMethod: java.lang.System$1.currentCarrierThread (0x00007ab287481988) [0x00007ab287481a80, 0x00007ab287481bc8] Compiler: c1, Barriers: 1, Oops: 0, ImmediateOops: 0, NonImmediateOops: No
[1,980s][debug][gc,nmethod     ] Register NMethod: java.nio.Buffer.flip (0x00007ab2874e8f08) [0x00007ab2874e9000, 0x00007ab2874e9118] Compiler: c1, Barriers: 0, Oops: 0, ImmediateOops: 0, NonImmediateOops: No
[1,980s][debug][gc,nmethod     ] Register NMethod: io.sirix.cache.BufferManagerImpl.getRecordPageFragmentCache (0x00007ab2a6c19088) [0x00007ab2a6c19180, 0x00007ab2a6c19268] Compiler: c1, Barriers: 1, Oops: 1, ImmediateOops: 0, NonImmediateOops: No
[1,980s][debug][gc,nmethod     ] Register NMethod: java.util.BitSet.checkRange (0x00007ab287468188) [0x00007ab287468280, 0x00007ab28746ac08] Compiler: c1, Barriers: 0, Oops: 4, ImmediateOops: 7, NonImmediateOops: No
[1,980s][debug][gc,nmethod     ] Register NMethod: java.util.ArrayList$ArrayListSpliterator.characteristics (0x00007ab2a6c18d88) [0x00007ab2a6c18e80, 0x00007ab2a6c18f40] Compiler: c1, Barriers: 0, Oops: 0, ImmediateOops: 0, NonImmediateOops: No
[1,980s][debug][gc,nmethod     ] Register NMethod: io.sirix.cache.IndexLogKey.getIndexType (0x00007ab2a6c18988) [0x00007ab2a6c18a80, 0x00007ab2a6c18b68] Compiler: c1, Barriers: 1, Oops: 1, ImmediateOops: 0, NonImmediateOops: No
[1,981s][debug][gc,nmethod     ] Register NMethod: java.util.stream.Collectors$CollectorImpl.characteristics (0x00007ab2a6c2ed88) [0x00007ab2a6c2ee80, 0x00007ab2a6c2ef68] Compiler: c1, Barriers: 1, Oops: 0, ImmediateOops: 0, NonImmediateOops: No
[1,981s][debug][gc,nmethod     ] Register NMethod: jdk.internal.foreign.NativeMemorySegmentImpl.address (0x00007ab2a6c2ea88) [0x00007ab2a6c2eb80, 0x00007ab2a6c2ec40] Compiler: c1, Barriers: 0, Oops: 0, ImmediateOops: 0, NonImmediateOops: No
[1,981s][debug][gc,nmethod     ] Register NMethod: java.util.stream.ReferencePipeline$StatelessOp.<init> (0x00007ab287467d88) [0x00007ab287467e80, 0x00007ab287468038] Compiler: c1, Barriers: 0, Oops: 0, ImmediateOops: 0, NonImmediateOops: No
[1,981s][debug][gc,nmethod     ] Register NMethod: io.sirix.page.PageReference.getPageFragments (0x00007ab2a6c2e788) [0x00007ab2a6c2e880, 0x00007ab2a6c2e968] Compiler: c1, Barriers: 1, Oops: 1, ImmediateOops: 0, NonImmediateOops: No
[1,981s][debug][gc,nmethod     ] Register NMethod: net.jpountz.util.SafeUtils.readIntLE (0x00007ab287528e08) [0x00007ab287528f00, 0x00007ab2875290a0] Compiler: c1, Barriers: 0, Oops: 1, ImmediateOops: 0, NonImmediateOops: No
[1,981s][debug][gc,nmethod     ] Register NMethod: io.sirix.node.MemorySegmentBytesOut.write (0x00007ab287528a08) [0x00007ab287528b00, 0x00007ab287528c98] Compiler: c1, Barriers: 1, Oops: 1, ImmediateOops: 0, NonImmediateOops: No
[1,981s][debug][gc,nmethod     ] Register NMethod: io.sirix.access.trx.node.AbstractResourceSession.assertNotClosed (0x00007ab2875ad908) [0x00007ab2875ada00, 0x00007ab2875adc08] Compiler: c1, Barriers: 0, Oops: 1, ImmediateOops: 1, NonImmediateOops: No
[1,981s][debug][gc,nmethod     ] Register NMethod: io.sirix.page.KeyValueLeafPage.updateFreeSpaceStart (0x00007ab2875ad208) [0x00007ab2875ad300, 0x00007ab2875ad888] Compiler: c1, Barriers: 0, Oops: 1, ImmediateOops: 0, NonImmediateOops: No
[1,982s][debug][gc,director    ] Rule Major: Warmup 10%, Used: 256MB, UsedThreshold: 1228MB
[1,982s][debug][gc,nmethod     ] Register NMethod: java.lang.foreign.MemorySegment.copy (0x00007ab287947e88) [0x00007ab287947f80, 0x00007ab287950f68] Compiler: c1, Barriers: 10, Oops: 6, ImmediateOops: 18, NonImmediateOops: No
[1,982s][debug][gc,nmethod     ] Register NMethod: java.util.stream.AbstractPipeline.sourceSpliterator (0x00007ab287475f88) [0x00007ab287476080, 0x00007ab287477b48] Compiler: c1, Barriers: 14, Oops: 1, ImmediateOops: 2, NonImmediateOops: No
[1,982s][debug][gc,nmethod     ] Register NMethod: java.util.stream.AbstractPipeline.wrapSink (0x00007ab287806588) [0x00007ab287806680, 0x00007ab287806bf8] Compiler: c1, Barriers: 2, Oops: 0, ImmediateOops: 0, NonImmediateOops: No
[1,982s][debug][gc,nmethod     ] Register NMethod: io.sirix.node.GrowingMemorySegment.write (0x00007ab287951008) [0x00007ab287951100, 0x00007ab287956cc8] Compiler: c1, Barriers: 7, Oops: 6, ImmediateOops: 13, NonImmediateOops: No
[1,983s][debug][gc,nmethod     ] Register NMethod: jdk.internal.foreign.AbstractMemorySegmentImpl.copy (0x00007ab287956d08) [0x00007ab287956e00, 0x00007ab28795f9d8] Compiler: c1, Barriers: 10, Oops: 6, ImmediateOops: 18, NonImmediateOops: No
[1,983s][debug][gc,nmethod     ] Register NMethod: java.lang.classfile.ClassBuilder.withInterfaces (0x00007ab287805a88) [0x00007ab287805b80, 0x00007ab287806410] Compiler: c1, Barriers: 3, Oops: 0, ImmediateOops: 0, NonImmediateOops: No
[1,983s][debug][gc,nmethod     ] Register NMethod: io.sirix.index.path.summary.PathNode.delegate (0x00007ab2a6c2e488) [0x00007ab2a6c2e580, 0x00007ab2a6c2e668] Compiler: c1, Barriers: 1, Oops: 1, ImmediateOops: 0, NonImmediateOops: No
[1,983s][debug][gc,nmethod     ] Register NMethod: io.sirix.cache.IndexLogKey.getRecordPageKey (0x00007ab2a6c2e188) [0x00007ab2a6c2e280, 0x00007ab2a6c2e340] Compiler: c1, Barriers: 0, Oops: 1, ImmediateOops: 0, NonImmediateOops: No
[1,983s][debug][gc,nmethod     ] Register NMethod: io.sirix.api.StorageEngineReader.recordPageOffset (0x00007ab2875acd08) [0x00007ab2875ace00, 0x00007ab2875acef8] Compiler: c1, Barriers: 0, Oops: 1, ImmediateOops: 0, NonImmediateOops: No
[1,983s][debug][gc,nmethod     ] Register NMethod: io.sirix.cache.BufferManagerImpl.getRecordPageCache (0x00007ab2a6c2de88) [0x00007ab2a6c2df80, 0x00007ab2a6c2e068] Compiler: c1, Barriers: 1, Oops: 1, ImmediateOops: 0, NonImmediateOops: No
[1,983s][debug][gc,nmethod     ] Register NMethod: io.sirix.access.trx.page.NodeStorageEngineReader.getPage (0x00007ab28751c288) [0x00007ab28751c380, 0x00007ab28751c720] Compiler: c1, Barriers: 3, Oops: 1, ImmediateOops: 0, NonImmediateOops: No
[1,984s][debug][gc,nmethod     ] Register NMethod: io.sirix.access.trx.page.NodeStorageEngineReader.loadPage (0x00007ab287424c88) [0x00007ab287424d80, 0x00007ab287426c20] Compiler: c1, Barriers: 15, Oops: 2, ImmediateOops: 2, NonImmediateOops: No
[1,984s][debug][gc,nmethod     ] Register NMethod: jdk.internal.foreign.NativeMemorySegmentImpl.isNative (0x00007ab2a6c2db88) [0x00007ab2a6c2dc80, 0x00007ab2a6c2dd40] Compiler: c1, Barriers: 0, Oops: 0, ImmediateOops: 0, NonImmediateOops: No
[1,984s][debug][gc,nmethod     ] Register NMethod: sun.nio.fs.NativeBuffer.release (0x00007ab28751bf88) [0x00007ab28751c080, 0x00007ab28751c1b0] Compiler: c1, Barriers: 0, Oops: 0, ImmediateOops: 0, NonImmediateOops: No
[1,984s][debug][gc,nmethod     ] Register NMethod: sun.nio.fs.NativeBuffer.close (0x00007ab28751bc88) [0x00007ab28751bd80, 0x00007ab28751bf20] Compiler: c1, Barriers: 0, Oops: 0, ImmediateOops: 0, NonImmediateOops: No
[1,984s][debug][gc,nmethod     ] Register NMethod: java.util.concurrent.atomic.AtomicInteger.get (0x00007ab2a6c2d708) [0x00007ab2a6c2d800, 0x00007ab2a6c2d8c0] Compiler: c1, Barriers: 0, Oops: 0, ImmediateOops: 0, NonImmediateOops: No
[1,984s][debug][gc,nmethod     ] Register NMethod: sun.nio.fs.NativeBuffers.getNativeBufferFromCache (0x00007ab2874d0088) [0x00007ab2874d0180, 0x00007ab2874d0d88] Compiler: c1, Barriers: 4, Oops: 1, ImmediateOops: 2, NonImmediateOops: No
[1,984s][debug][gc,nmethod     ] Register NMethod: sun.nio.fs.UnixNativeDispatcher.copyToNativeBuffer (0x00007ab2874cf888) [0x00007ab2874cf980, 0x00007ab2874cfe30] Compiler: c1, Barriers: 4, Oops: 0, ImmediateOops: 0, NonImmediateOops: No
[1,984s][debug][gc,nmethod     ] Register NMethod: sun.nio.fs.NativeBuffers.releaseNativeBuffer (0x00007ab28743d888) [0x00007ab28743d980, 0x00007ab287440eb8] Compiler: c1, Barriers: 15, Oops: 2, ImmediateOops: 7, NonImmediateOops: No
[1,984s][debug][gc,nmethod     ] Register NMethod: io.sirix.node.MemorySegmentBytesOut.write (0x00007ab28751b908) [0x00007ab28751ba00, 0x00007ab28751bc08] Compiler: c1, Barriers: 1, Oops: 1, ImmediateOops: 0, NonImmediateOops: No
[1,985s][debug][gc,nmethod     ] Register NMethod: com.google.gson.stream.JsonReader.nextQuotedValue (0x00007ab2877c4408) [0x00007ab2877c4500, 0x00007ab2877c6a60] Compiler: c1, Barriers: 1, Oops: 2, ImmediateOops: 3, NonImmediateOops: No
[1,986s][debug][gc,nmethod     ] Register NMethod: java.lang.invoke.MethodHandle.linkToSpecial (0x00007ab2a6ca7308) [0x00007ab2a6ca7400, 0x00007ab2a6ca74f8] Compiler: , Barriers: 0, Oops: 0, ImmediateOops: 0, NonImmediateOops: No
[1,986s][debug][gc,nmethod     ] Register NMethod: java.lang.invoke.LambdaFormEditor.lambdaFormEditor (0x00007ab28751b408) [0x00007ab28751b500, 0x00007ab28751b7c8] Compiler: c1, Barriers: 3, Oops: 0, ImmediateOops: 0, NonImmediateOops: No
[1,987s][debug][gc,nmethod     ] Register NMethod: java.lang.invoke.LambdaForm.editor (0x00007ab2875d7988) [0x00007ab2875d7a80, 0x00007ab2875d7da8] Compiler: c1, Barriers: 3, Oops: 0, ImmediateOops: 0, NonImmediateOops: No
[1,987s][debug][gc,nmethod     ] Register NMethod: java.lang.invoke.LambdaFormEditor.<init> (0x00007ab2875d7688) [0x00007ab2875d7780, 0x00007ab2875d7950] Compiler: c1, Barriers: 3, Oops: 0, ImmediateOops: 0, NonImmediateOops: No
[1,987s][debug][gc,nmethod     ] Register NMethod: com.google.gson.stream.JsonReader.doPeek (0x00007ab28795fa88) [0x00007ab28795fb80, 0x00007ab28796db08] Compiler: c1, Barriers: 4, Oops: 8, ImmediateOops: 33, NonImmediateOops: No
[1,987s][debug][gc,nmethod     ] Register NMethod: java.util.Arrays.equals (0x00007ab2875d7288) [0x00007ab2875d7380, 0x00007ab2875d7620] Compiler: c1, Barriers: 0, Oops: 0, ImmediateOops: 0, NonImmediateOops: No
[1,987s][debug][gc,nmethod     ] Register NMethod: java.lang.invoke.LambdaFormEditor$TransformKey.inRange (0x00007ab2875d6f88) [0x00007ab2875d7080, 0x00007ab2875d71c0] Compiler: c1, Barriers: 0, Oops: 0, ImmediateOops: 0, NonImmediateOops: No
[1,987s][debug][gc,nmethod     ] Register NMethod: java.lang.invoke.LambdaFormEditor$TransformKey.<init> (0x00007ab2875d6c88) [0x00007ab2875d6d80, 0x00007ab2875d6f60] Compiler: c1, Barriers: 3, Oops: 0, ImmediateOops: 0, NonImmediateOops: No
[1,987s][debug][gc,nmethod     ] Register NMethod: java.lang.invoke.LambdaFormEditor.getInCache (0x00007ab28744d708) [0x00007ab28744d800, 0x00007ab28744f030] Compiler: c1, Barriers: 7, Oops: 0, ImmediateOops: 0, NonImmediateOops: No
[1,987s][debug][gc,nmethod     ] Register NMethod: java.lang.invoke.MethodHandle.invokeBasic (0x00007ab2a6ca7608) [0x00007ab2a6ca7700, 0x00007ab2a6ca7998] Compiler: , Barriers: 0, Oops: 0, ImmediateOops: 0, NonImmediateOops: No
[1,987s][debug][gc,nmethod     ] Register NMethod: java.lang.invoke.MethodHandle.linkToSpecial (0x00007ab2a6ca7a08) [0x00007ab2a6ca7b00, 0x00007ab2a6ca7bf8] Compiler: , Barriers: 0, Oops: 0, ImmediateOops: 0, NonImmediateOops: No
[1,987s][debug][gc,nmethod     ] Register NMethod: java.util.concurrent.ForkJoinPool.slotOffset (0x00007ab2a6ca7d08) [0x00007ab2a6ca7e00, 0x00007ab2a6ca7e70] Compiler: jvmci, Barriers: 0, Oops: 0, ImmediateOops: 0, NonImmediateOops: No
[1,987s][debug][gc,nmethod     ] Register NMethod: java.lang.invoke.LambdaFormBuffer.changeName (0x00007ab287778308) [0x00007ab287778400, 0x00007ab287778e70] Compiler: c1, Barriers: 10, Oops: 0, ImmediateOops: 0, NonImmediateOops: No
[1,988s][debug][gc,nmethod     ] Register NMethod: java.lang.invoke.MethodHandle.invokeBasic (0x00007ab2a6ca8008) [0x00007ab2a6ca8100, 0x00007ab2a6ca8398] Compiler: , Barriers: 0, Oops: 0, ImmediateOops: 0, NonImmediateOops: No
[1,988s][debug][gc,nmethod     ] Register NMethod: java.lang.invoke.MethodHandle.linkToSpecial (0x00007ab2a6ca8408) [0x00007ab2a6ca8500, 0x00007ab2a6ca85f8] Compiler: , Barriers: 0, Oops: 0, ImmediateOops: 0, NonImmediateOops: No
[1,988s][debug][gc,nmethod     ] Register NMethod: jdk.internal.misc.CDS.isLoggingLambdaFormInvokers (0x00007ab2875d6808) [0x00007ab2875d6900, 0x00007ab2875d69f8] Compiler: c1, Barriers: 0, Oops: 0, ImmediateOops: 0, NonImmediateOops: No
[1,988s][debug][gc,nmethod     ] Register NMethod: java.lang.invoke.MethodHandle.linkToStatic (0x00007ab2a6ca8708) [0x00007ab2a6ca8800, 0x00007ab2a6ca88f0] Compiler: , Barriers: 0, Oops: 0, ImmediateOops: 0, NonImmediateOops: No
[1,988s][debug][gc,nmethod     ] Register NMethod: java.lang.invoke.MethodHandle.invokeBasic (0x00007ab2a6ca8a08) [0x00007ab2a6ca8b00, 0x00007ab2a6ca8d98] Compiler: , Barriers: 0, Oops: 0, ImmediateOops: 0, NonImmediateOops: No
[1,989s][debug][gc,nmethod     ] Register NMethod: jdk.internal.classfile.impl.DirectCodeBuilder.invokestatic (0x00007ab2877fe788) [0x00007ab2877fe880, 0x00007ab2877ff3f0] Compiler: c1, Barriers: 2, Oops: 0, ImmediateOops: 0, NonImmediateOops: No
[1,989s][debug][gc,nmethod     ] Register NMethod: jdk.internal.foreign.SegmentFactories.initNativeMemory (0x00007ab2a6ca8e08) [0x00007ab2a6ca8f00, 0x00007ab2a6ca90a8] Compiler: jvmci, Barriers: 0, Oops: 0, ImmediateOops: 0, NonImmediateOops: No
[1,989s][debug][gc,nmethod     ] Register NMethod: jdk.internal.classfile.impl.StackMapGenerator.cpIndexToType (0x00007ab287777c08) [0x00007ab287777d00, 0x00007ab2877782c0] Compiler: c1, Barriers: 0, Oops: 0, ImmediateOops: 1, NonImmediateOops: No
[1,989s][debug][gc,nmethod     ] Register NMethod: java.lang.invoke.MethodHandle.linkToStatic (0x00007ab2a6ca9108) [0x00007ab2a6ca9200, 0x00007ab2a6ca92f8] Compiler: , Barriers: 0, Oops: 0, ImmediateOops: 0, NonImmediateOops: No
[1,990s][debug][gc,nmethod     ] Register NMethod: java.util.Arrays.fill (0x00007ab2877fe188) [0x00007ab2877fe280, 0x00007ab2877fe728] Compiler: c1, Barriers: 3, Oops: 0, ImmediateOops: 0, NonImmediateOops: No
[1,990s][debug][gc,nmethod     ] Register NMethod: io.sirix.page.PageReference.setKey (0x00007ab287777808) [0x00007ab287777900, 0x00007ab287777a10] Compiler: c1, Barriers: 0, Oops: 1, ImmediateOops: 0, NonImmediateOops: No
[1,991s][debug][gc,nmethod     ] Register NMethod: java.lang.invoke.MethodHandle.linkToStatic (0x00007ab2a6ca9408) [0x00007ab2a6ca9500, 0x00007ab2a6ca95f0] Compiler: , Barriers: 0, Oops: 0, ImmediateOops: 0, NonImmediateOops: No
[1,991s][debug][gc,nmethod     ] Register NMethod: java.lang.invoke.MethodHandle.invokeBasic (0x00007ab2a6ca9708) [0x00007ab2a6ca9800, 0x00007ab2a6ca9a98] Compiler: , Barriers: 0, Oops: 0, ImmediateOops: 0, NonImmediateOops: No
[1,991s][debug][gc,nmethod     ] Register NMethod: jdk.internal.classfile.impl.StackMapGenerator.processLdc (0x00007ab28796db88) [0x00007ab28796dc80, 0x00007ab2879738a8] Compiler: c1, Barriers: 31, Oops: 2, ImmediateOops: 20, NonImmediateOops: No
[1,991s][debug][gc,nmethod     ] Register NMethod: java.lang.invoke.MethodHandle.linkToSpecial (0x00007ab2a6ca9b08) [0x00007ab2a6ca9c00, 0x00007ab2a6ca9cf8] Compiler: , Barriers: 0, Oops: 0, ImmediateOops: 0, NonImmediateOops: No
[1,991s][debug][gc,nmethod     ] Register NMethod: java.lang.invoke.MethodHandleStatics.traceLambdaForm (0x00007ab2877fde88) [0x00007ab2877fdf80, 0x00007ab2877fe0e8] Compiler: c1, Barriers: 0, Oops: 0, ImmediateOops: 0, NonImmediateOops: No
[1,992s][debug][gc,nmethod     ] Register NMethod: java.lang.invoke.MethodHandle.invokeBasic (0x00007ab2a6ca9e08) [0x00007ab2a6ca9f00, 0x00007ab2a6caa198] Compiler: , Barriers: 0, Oops: 0, ImmediateOops: 0, NonImmediateOops: No
[1,992s][debug][gc,director    ] Rule Major: Warmup 10%, Used: 258MB, UsedThreshold: 1228MB
[1,993s][debug][gc,nmethod     ] Register NMethod: net.jpountz.xxhash.StreamingXXHash32JNI.checkState (0x00007ab2877fdb08) [0x00007ab2877fdc00, 0x00007ab2877fde10] Compiler: c1, Barriers: 0, Oops: 1, ImmediateOops: 1, NonImmediateOops: No
[1,993s][debug][gc,nmethod     ] Register NMethod: java.util.concurrent.atomic.AtomicLong.compareAndSet (0x00007ab287817b08) [0x00007ab287817c00, 0x00007ab287817d20] Compiler: c1, Barriers: 0, Oops: 0, ImmediateOops: 0, NonImmediateOops: No
[1,993s][debug][gc,nmethod     ] Register NMethod: io.sirix.page.PageReference.setHash (0x00007ab2a6caa208) [0x00007ab2a6caa300, 0x00007ab2a6caa430] Compiler: c1, Barriers: 3, Oops: 1, ImmediateOops: 0, NonImmediateOops: No
[1,993s][debug][gc,nmethod     ] Register NMethod: net.jpountz.util.SafeUtils.checkRange (0x00007ab287817488) [0x00007ab287817580, 0x00007ab287817ab8] Compiler: c1, Barriers: 0, Oops: 1, ImmediateOops: 1, NonImmediateOops: No
[1,993s][debug][gc,nmethod     ] Register NMethod: net.jpountz.util.SafeUtils.checkLength (0x00007ab287817188) [0x00007ab287817280, 0x00007ab287817458] Compiler: c1, Barriers: 0, Oops: 1, ImmediateOops: 1, NonImmediateOops: No
[1,993s][debug][gc,nmethod     ] Register NMethod: io.sirix.node.MemorySegmentBytesIn.read (0x00007ab287816e88) [0x00007ab287816f80, 0x00007ab2878170d8] Compiler: c1, Barriers: 0, Oops: 1, ImmediateOops: 0, NonImmediateOops: No
[1,994s][debug][gc,nmethod     ] Register NMethod: sun.nio.ch.UnixFileDispatcherImpl.pread0 (0x00007ab2a6caa508) [0x00007ab2a6caa600, 0x00007ab2a6caa778] Compiler: , Barriers: 0, Oops: 0, ImmediateOops: 1, NonImmediateOops: No
[1,994s][debug][gc,nmethod     ] Register NMethod: io.sirix.node.MemorySegmentBytesIn.readLong (0x00007ab287973908) [0x00007ab287973a00, 0x00007ab287977610] Compiler: c1, Barriers: 5, Oops: 6, ImmediateOops: 10, NonImmediateOops: No
[1,994s][debug][gc,nmethod     ] Register NMethod: jdk.internal.foreign.AbstractMemorySegmentImpl.get (0x00007ab287977688) [0x00007ab287977780, 0x00007ab28797b0b0] Compiler: c1, Barriers: 27, Oops: 5, ImmediateOops: 12, NonImmediateOops: No
[1,994s][debug][gc,nmethod     ] Register NMethod: java.nio.ByteBuffer.flip (0x00007ab287816b88) [0x00007ab287816c80, 0x00007ab287816df8] Compiler: c1, Barriers: 0, Oops: 0, ImmediateOops: 0, NonImmediateOops: No
[1,994s][debug][gc,nmethod     ] Register NMethod: java.lang.invoke.VarHandleGuards.guard_LI_L (0x00007ab2a6caa808) [0x00007ab2a6caa900, 0x00007ab2a6cab360] Compiler: jvmci, Barriers: 25, Oops: 0, ImmediateOops: 5, NonImmediateOops: No
[1,994s][debug][gc,nmethod     ] Register NMethod: io.sirix.page.PageReference.<init> (0x00007ab287816408) [0x00007ab287816500, 0x00007ab287816b30] Compiler: c1, Barriers: 9, Oops: 1, ImmediateOops: 1, NonImmediateOops: No
[1,994s][debug][gc,nmethod     ] Register NMethod: com.github.benmanes.caffeine.cache.DisabledTicker.read (0x00007ab2a6cab388) [0x00007ab2a6cab480, 0x00007ab2a6cab540] Compiler: c1, Barriers: 0, Oops: 1, ImmediateOops: 0, NonImmediateOops: No
[1,995s][debug][gc,nmethod     ] Register NMethod: sun.nio.ch.NativeDispatcher.needsPositionLock (0x00007ab2a6cab688) [0x00007ab2a6cab780, 0x00007ab2a6cab840] Compiler: c1, Barriers: 0, Oops: 0, ImmediateOops: 0, NonImmediateOops: No
[1,995s][debug][gc,nmethod     ] Register NMethod: java.util.concurrent.atomic.AtomicReference.get (0x00007ab2a6cab988) [0x00007ab2a6caba80, 0x00007ab2a6cabb68] Compiler: c1, Barriers: 1, Oops: 0, ImmediateOops: 0, NonImmediateOops: No
[1,995s][debug][gc,nmethod     ] Register NMethod: java.lang.Long.bitCount (0x00007ab28753c708) [0x00007ab28753c800, 0x00007ab28753c968] Compiler: c1, Barriers: 0, Oops: 0, ImmediateOops: 0, NonImmediateOops: No
[1,995s][debug][gc,nmethod     ] Register NMethod: java.nio.file.Files.provider (0x00007ab28753c208) [0x00007ab28753c300, 0x00007ab28753c6d8] Compiler: c1, Barriers: 2, Oops: 0, ImmediateOops: 0, NonImmediateOops: No
[1,995s][debug][gc,nmethod     ] Register NMethod: io.sirix.node.MemorySegmentBytesIn.read (0x00007ab28797b108) [0x00007ab28797b200, 0x00007ab287981d10] Compiler: c1, Barriers: 7, Oops: 9, ImmediateOops: 16, NonImmediateOops: No
[1,995s][debug][gc,nmethod     ] Register NMethod: com.github.benmanes.caffeine.cache.BoundedLocalCache.expiresVariable (0x00007ab2a6cabc88) [0x00007ab2a6cabd80, 0x00007ab2a6cabe40] Compiler: c1, Barriers: 0, Oops: 1, ImmediateOops: 0, NonImmediateOops: No
[1,995s][debug][gc,nmethod     ] Register NMethod: io.sirix.page.PageReference.setDatabaseId (0x00007ab28753bf08) [0x00007ab28753c000, 0x00007ab28753c110] Compiler: c1, Barriers: 0, Oops: 1, ImmediateOops: 0, NonImmediateOops: No
[1,995s][debug][gc,nmethod     ] Register NMethod: io.sirix.page.PageReference.setResourceId (0x00007ab28753bc08) [0x00007ab28753bd00, 0x00007ab28753be10] Compiler: c1, Barriers: 0, Oops: 1, ImmediateOops: 0, NonImmediateOops: No
[1,995s][debug][gc,nmethod     ] Register NMethod: com.github.benmanes.caffeine.cache.BoundedLocalCache.expiresAfterWrite (0x00007ab2a6cabf88) [0x00007ab2a6cac080, 0x00007ab2a6cac140] Compiler: c1, Barriers: 0, Oops: 1, ImmediateOops: 0, NonImmediateOops: No
[1,995s][debug][gc,nmethod     ] Register NMethod: java.nio.ByteBuffer.order (0x00007ab28753b888) [0x00007ab28753b980, 0x00007ab28753bba0] Compiler: c1, Barriers: 0, Oops: 0, ImmediateOops: 1, NonImmediateOops: No
[1,995s][debug][gc,nmethod     ] Register NMethod: java.nio.DirectByteBuffer.isReadOnly (0x00007ab2a6cac288) [0x00007ab2a6cac380, 0x00007ab2a6cac440] Compiler: c1, Barriers: 0, Oops: 0, ImmediateOops: 0, NonImmediateOops: No
[1,995s][debug][gc,nmethod     ] Register NMethod: jdk.internal.classfile.impl.SplitConstantPool.maybeCloneUtf8Entry (0x00007ab2a6cac588) [0x00007ab2a6cac680, 0x00007ab2a6cacab8] Compiler: jvmci, Barriers: 4, Oops: 0, ImmediateOops: 1, NonImmediateOops: No
[1,995s][debug][gc,nmethod     ] Register NMethod: java.nio.HeapByteBuffer.isReadOnly (0x00007ab2a6cacb08) [0x00007ab2a6cacc00, 0x00007ab2a6caccc0] Compiler: c1, Barriers: 0, Oops: 0, ImmediateOops: 0, NonImmediateOops: No
[1,995s][debug][gc,nmethod     ] Register NMethod: jdk.internal.misc.Unsafe.putByte (0x00007ab28753b588) [0x00007ab28753b680, 0x00007ab28753b790] Compiler: c1, Barriers: 0, Oops: 0, ImmediateOops: 0, NonImmediateOops: No
[1,995s][debug][gc,nmethod     ] Register NMethod: java.nio.DirectByteBuffer.base (0x00007ab2a6cace08) [0x00007ab2a6cacf00, 0x00007ab2a6cacfc8] Compiler: c1, Barriers: 0, Oops: 0, ImmediateOops: 0, NonImmediateOops: No
[1,995s][debug][gc,nmethod     ] Register NMethod: jdk.internal.misc.Unsafe.allocateMemoryChecks (0x00007ab28753af88) [0x00007ab28753b080, 0x00007ab28753b338] Compiler: c1, Barriers: 0, Oops: 0, ImmediateOops: 0, NonImmediateOops: No
[1,995s][debug][gc,nmethod     ] Register NMethod: java.nio.MappedByteBuffer.limit (0x00007ab287467788) [0x00007ab287467880, 0x00007ab287467a20] Compiler: c1, Barriers: 0, Oops: 0, ImmediateOops: 0, NonImmediateOops: No
[1,995s][debug][gc,nmethod     ] Register NMethod: jdk.internal.misc.Unsafe.alignToHeapWordSize (0x00007ab287467408) [0x00007ab287467500, 0x00007ab287467770] Compiler: c1, Barriers: 0, Oops: 0, ImmediateOops: 0, NonImmediateOops: No
[1,996s][debug][gc,nmethod     ] Register NMethod: java.lang.Enum.hashCode (0x00007ab287467108) [0x00007ab287467200, 0x00007ab287467378] Compiler: c1, Barriers: 0, Oops: 0, ImmediateOops: 0, NonImmediateOops: No
[1,996s][debug][gc,nmethod     ] Register NMethod: jdk.internal.misc.VM.isDirectMemoryPageAligned (0x00007ab287466d08) [0x00007ab287466e00, 0x00007ab2874670e0] Compiler: c1, Barriers: 0, Oops: 0, ImmediateOops: 1, NonImmediateOops: No
[1,996s][debug][gc,nmethod     ] Register NMethod: jdk.internal.misc.Unsafe.allocateMemory (0x00007ab287488208) [0x00007ab287488300, 0x00007ab2874895b0] Compiler: c1, Barriers: 0, Oops: 2, ImmediateOops: 3, NonImmediateOops: No
[1,996s][debug][gc,nmethod     ] Register NMethod: java.lang.Math.max (0x00007ab2a6cad108) [0x00007ab2a6cad200, 0x00007ab2a6cad270] Compiler: jvmci, Barriers: 0, Oops: 0, ImmediateOops: 0, NonImmediateOops: No
[1,997s][debug][gc,nmethod     ] Register NMethod: io.sirix.page.SerializationType.readHash (0x00007ab287487988) [0x00007ab287487a80, 0x00007ab287487fe8] Compiler: c1, Barriers: 3, Oops: 1, ImmediateOops: 0, NonImmediateOops: No
[1,997s][debug][gc,nmethod     ] Register NMethod: io.sirix.access.trx.node.AbstractResourceSession.getResourceConfig (0x00007ab287466908) [0x00007ab287466a00, 0x00007ab287466ca0] Compiler: c1, Barriers: 1, Oops: 1, ImmediateOops: 1, NonImmediateOops: No
[1,997s][debug][gc,nmethod     ] Register NMethod: io.sirix.page.SerializationType.readPageFragments (0x00007ab287418288) [0x00007ab287418380, 0x00007ab287418f80] Compiler: c1, Barriers: 1, Oops: 1, ImmediateOops: 0, NonImmediateOops: No
[1,997s][debug][gc,nmethod     ] Register NMethod: java.util.concurrent.atomic.AtomicLong.addAndGet (0x00007ab287466608) [0x00007ab287466700, 0x00007ab287466810] Compiler: c1, Barriers: 0, Oops: 0, ImmediateOops: 0, NonImmediateOops: No
[1,998s][debug][gc,nmethod     ] Register NMethod: io.sirix.page.KeyValueLeafPage.setData (0x00007ab287981d88) [0x00007ab287981e80, 0x00007ab2879c7630] Compiler: c1, Barriers: 182, Oops: 16, ImmediateOops: 164, NonImmediateOops: No
[1,999s][debug][gc,nmethod     ] Register NMethod: jdk.internal.classfile.impl.StackMapGenerator.processBlock (0x00007ab2879c7708) [0x00007ab2879c7800, 0x00007ab2879f76a0] Compiler: c1, Barriers: 294, Oops: 4, ImmediateOops: 159, NonImmediateOops: No
[2,000s][debug][gc,nmethod     ] Register NMethod: java.lang.invoke.MethodHandle.linkToStatic (0x00007ab2a6cad408) [0x00007ab2a6cad500, 0x00007ab2a6cad5f0] Compiler: , Barriers: 0, Oops: 0, ImmediateOops: 0, NonImmediateOops: No
[2,001s][debug][gc,nmethod     ] Register NMethod: java.util.Arrays$ArrayItr.hasNext (0x00007ab287466308) [0x00007ab287466400, 0x00007ab287466590] Compiler: c1, Barriers: 1, Oops: 0, ImmediateOops: 0, NonImmediateOops: No
[2,001s][debug][gc,nmethod     ] Register NMethod: java.util.Arrays$ArrayItr.next (0x00007ab287417e88) [0x00007ab287417f80, 0x00007ab287418220] Compiler: c1, Barriers: 2, Oops: 0, ImmediateOops: 0, NonImmediateOops: No
[2,001s][debug][gc,nmethod     ] Register NMethod: java.util.concurrent.ConcurrentHashMap$KeyIterator.next (0x00007ab287417888) [0x00007ab287417980, 0x00007ab287417e60] Compiler: c1, Barriers: 5, Oops: 0, ImmediateOops: 0, NonImmediateOops: No
[2,001s][debug][gc,nmethod     ] Register NMethod: java.lang.invoke.VarHandleReferences$FieldInstanceReadWrite.compareAndSet (0x00007ab2a6cad708) [0x00007ab2a6cad800, 0x00007ab2a6cadf38] Compiler: jvmci, Barriers: 7, Oops: 0, ImmediateOops: 0, NonImmediateOops: No
[2,001s][debug][gc,nmethod     ] Register NMethod: jdk.internal.classfile.impl.StackMapGenerator$Frame.checkStack (0x00007ab2a6cadf88) [0x00007ab2a6cae080, 0x00007ab2a6cae738] Compiler: jvmci, Barriers: 17, Oops: 1, ImmediateOops: 2, NonImmediateOops: No
[2,002s][debug][gc,nmethod     ] Register NMethod: jdk.internal.jimage.ImageLocation.verify (0x00007ab2875dff88) [0x00007ab2875e0080, 0x00007ab2875e1af0] Compiler: c1, Barriers: 1, Oops: 1, ImmediateOops: 2, NonImmediateOops: No
[2,002s][debug][gc,director    ] Rule Major: Warmup 10%, Used: 260MB, UsedThreshold: 1228MB
[2,002s][debug][gc,nmethod     ] Register NMethod: java.time.temporal.ValueRange.getMinimum (0x00007ab2a6cae788) [0x00007ab2a6cae880, 0x00007ab2a6cae940] Compiler: c1, Barriers: 0, Oops: 0, ImmediateOops: 0, NonImmediateOops: No
[2,002s][debug][gc,nmethod     ] Register NMethod: java.time.ZoneOffset.getTotalSeconds (0x00007ab2a6caea88) [0x00007ab2a6caeb80, 0x00007ab2a6caec40] Compiler: c1, Barriers: 0, Oops: 0, ImmediateOops: 0, NonImmediateOops: No
[2,002s][debug][gc,nmethod     ] Register NMethod: java.time.temporal.ValueRange.getMaximum (0x00007ab2a6caed88) [0x00007ab2a6caee80, 0x00007ab2a6caef40] Compiler: c1, Barriers: 0, Oops: 0, ImmediateOops: 0, NonImmediateOops: No
[2,002s][debug][gc,nmethod     ] Register NMethod: java.time.temporal.ChronoField.range (0x00007ab2a6caf088) [0x00007ab2a6caf180, 0x00007ab2a6caf268] Compiler: c1, Barriers: 1, Oops: 0, ImmediateOops: 0, NonImmediateOops: No
[2,002s][debug][gc,nmethod     ] Register NMethod: java.lang.Math.floorMod (0x00007ab2875dfc88) [0x00007ab2875dfd80, 0x00007ab2875dff30] Compiler: c1, Barriers: 0, Oops: 0, ImmediateOops: 0, NonImmediateOops: No
[2,002s][debug][gc,nmethod     ] Register NMethod: java.time.temporal.ChronoField.checkValidValue (0x00007ab287417188) [0x00007ab287417280, 0x00007ab287417788] Compiler: c1, Barriers: 1, Oops: 0, ImmediateOops: 0, NonImmediateOops: No
[2,002s][debug][gc,nmethod     ] Register NMethod: java.time.temporal.ValueRange.isValidValue (0x00007ab287463708) [0x00007ab287463800, 0x00007ab287463d28] Compiler: c1, Barriers: 0, Oops: 0, ImmediateOops: 0, NonImmediateOops: No
[2,002s][debug][gc,nmethod     ] Register NMethod: java.time.temporal.ValueRange.checkValidValue (0x00007ab287462d88) [0x00007ab287462e80, 0x00007ab2874636b8] Compiler: c1, Barriers: 0, Oops: 0, ImmediateOops: 0, NonImmediateOops: No
[2,002s][debug][gc,nmethod     ] Register NMethod: java.lang.invoke.MethodHandle.linkToStatic (0x00007ab2a6caf388) [0x00007ab2a6caf480, 0x00007ab2a6caf570] Compiler: , Barriers: 0, Oops: 0, ImmediateOops: 0, NonImmediateOops: No
[2,003s][debug][gc,nmethod     ] Register NMethod: java.io.BufferedInputStream.getBufIfOpen (0x00007ab2a6caf688) [0x00007ab2a6caf780, 0x00007ab2a6cafaf0] Compiler: jvmci, Barriers: 6, Oops: 0, ImmediateOops: 1, NonImmediateOops: No
[2,003s][debug][gc,nmethod     ] Register NMethod: jdk.internal.classfile.impl.InterfacesImpl.writeTo (0x00007ab287462888) [0x00007ab287462980, 0x00007ab287462d08] Compiler: c1, Barriers: 4, Oops: 0, ImmediateOops: 0, NonImmediateOops: No
[2,003s][debug][gc,nmethod     ] Register NMethod: java.lang.invoke.MethodHandles$Lookup.findConstructor (0x00007ab28741f188) [0x00007ab28741f280, 0x00007ab2874207a8] Compiler: c1, Barriers: 2, Oops: 1, ImmediateOops: 3, NonImmediateOops: No
[2,006s][debug][gc,nmethod     ] Register NMethod: jdk.internal.classfile.impl.SplitConstantPool.utf8Entry (0x00007ab2a6cafb08) [0x00007ab2a6cafc20, 0x00007ab2a6cb1178] Compiler: jvmci, Barriers: 36, Oops: 0, ImmediateOops: 2, NonImmediateOops: No
[2,006s][debug][gc,nmethod     ] Register NMethod: java.util.AbstractMap$SimpleImmutableEntry.getKey (0x00007ab2a6cb1188) [0x00007ab2a6cb1280, 0x00007ab2a6cb1368] Compiler: c1, Barriers: 1, Oops: 0, ImmediateOops: 0, NonImmediateOops: No
[2,006s][debug][gc,nmethod     ] Register NMethod: java.lang.invoke.InnerClassLambdaMetafactory.sanitizedTargetClassName (0x00007ab28741e608) [0x00007ab28741e700, 0x00007ab28741f0e0] Compiler: c1, Barriers: 1, Oops: 0, ImmediateOops: 0, NonImmediateOops: No
[2,006s][debug][gc,nmethod     ] Register NMethod: jdk.internal.classfile.impl.Util.pow31 (0x00007ab287462488) [0x00007ab287462580, 0x00007ab287462830] Compiler: c1, Barriers: 0, Oops: 1, ImmediateOops: 1, NonImmediateOops: No
[2,006s][debug][gc,nmethod     ] Register NMethod: jdk.internal.classfile.impl.DirectCodeBuilder.invokespecial (0x00007ab28748b408) [0x00007ab28748b500, 0x00007ab28748c070] Compiler: c1, Barriers: 2, Oops: 0, ImmediateOops: 0, NonImmediateOops: No
[2,007s][debug][gc,nmethod     ] Register NMethod: java.util.ArrayList.add (0x00007ab2a6cb1488) [0x00007ab2a6cb1580, 0x00007ab2a6cb1c98] Compiler: jvmci, Barriers: 16, Oops: 0, ImmediateOops: 1, NonImmediateOops: No
[2,009s][debug][gc,nmethod     ] Register NMethod: java.util.concurrent.ConcurrentHashMap.transfer (0x00007ab2a6cb1d08) [0x00007ab2a6cb1e00, 0x00007ab2a6cb2e48] Compiler: jvmci, Barriers: 43, Oops: 1, ImmediateOops: 0, NonImmediateOops: No
[2,011s][debug][gc,nmethod     ] Register NMethod: java.io.BufferedInputStream.read (0x00007ab2a6cb2e88) [0x00007ab2a6cb2f80, 0x00007ab2a6cb3d90] Compiler: jvmci, Barriers: 9, Oops: 0, ImmediateOops: 1, NonImmediateOops: No
[2,011s][debug][gc,nmethod     ] Register NMethod: java.io.BufferedInputStream.read1 (0x00007ab2a6cb3e08) [0x00007ab2a6cb3f00, 0x00007ab2a6cb4678] Compiler: jvmci, Barriers: 7, Oops: 0, ImmediateOops: 1, NonImmediateOops: No
[2,012s][debug][gc,director    ] Rule Major: Warmup 10%, Used: 260MB, UsedThreshold: 1228MB
[2,013s][debug][gc,nmethod     ] Register NMethod: java.lang.reflect.Field.getType (0x00007ab2a6cb4688) [0x00007ab2a6cb4780, 0x00007ab2a6cb4868] Compiler: c1, Barriers: 1, Oops: 0, ImmediateOops: 0, NonImmediateOops: No
[2,015s][debug][gc,nmethod     ] Register NMethod: net.jpountz.lz4.LZ4BlockInputStream.tryReadFully (0x00007ab287461c88) [0x00007ab287461d80, 0x00007ab287462300] Compiler: c1, Barriers: 1, Oops: 1, ImmediateOops: 0, NonImmediateOops: No
[2,015s][debug][gc,nmethod     ] Register NMethod: com.google.common.base.Preconditions.checkArgument (0x00007ab28748ae08) [0x00007ab28748af00, 0x00007ab28748b380] Compiler: c1, Barriers: 0, Oops: 1, ImmediateOops: 1, NonImmediateOops: No
[2,015s][debug][gc,nmethod     ] Register NMethod: java.util.concurrent.ConcurrentHashMap.spread (0x00007ab2a6cb4988) [0x00007ab2a6cb4a80, 0x00007ab2a6cb4af0] Compiler: jvmci, Barriers: 0, Oops: 0, ImmediateOops: 0, NonImmediateOops: No
[2,015s][debug][gc,nmethod     ] Register NMethod: java.util.concurrent.locks.AbstractQueuedSynchronizer.signalNext (0x00007ab287438408) [0x00007ab287438500, 0x00007ab287439778] Compiler: c1, Barriers: 2, Oops: 0, ImmediateOops: 2, NonImmediateOops: No
[2,016s][debug][gc,nmethod     ] Register NMethod: java.lang.invoke.VarHandleGuards.guard_L_L (0x00007ab2879f7708) [0x00007ab2879f7800, 0x00007ab2879fac80] Compiler: c1, Barriers: 29, Oops: 0, ImmediateOops: 2, NonImmediateOops: No
[2,021s][debug][gc,nmethod     ] Register NMethod: java.lang.invoke.MethodHandles$Lookup.hasFullPrivilegeAccess (0x00007ab287465f88) [0x00007ab287466080, 0x00007ab2874661d8] Compiler: c1, Barriers: 0, Oops: 0, ImmediateOops: 0, NonImmediateOops: No
[2,021s][debug][gc,nmethod     ] Register NMethod: java.lang.invoke.InfoFromMemberName.getMethodType (0x00007ab28748a988) [0x00007ab28748aa80, 0x00007ab28748adb0] Compiler: c1, Barriers: 1, Oops: 0, ImmediateOops: 0, NonImmediateOops: No
[2,022s][debug][gc,director    ] Rule Major: Warmup 10%, Used: 260MB, UsedThreshold: 1228MB
[2,023s][debug][gc,nmethod     ] Register NMethod: java.io.DataInputStream.readFully (0x00007ab2a6cb4c88) [0x00007ab2a6cb4d80, 0x00007ab2a6cb62f0] Compiler: jvmci, Barriers: 11, Oops: 0, ImmediateOops: 1, NonImmediateOops: No
[2,029s][debug][gc,nmethod     ] Register NMethod: java.util.jar.JarFile.maybeInstantiateVerifier (0x00007ab2a6cb6308) [0x00007ab2a6cb6400, 0x00007ab2a6cb6908] Compiler: jvmci, Barriers: 4, Oops: 0, ImmediateOops: 0, NonImmediateOops: No
[2,031s][debug][gc,nmethod     ] Register NMethod: java.lang.invoke.MethodHandle.linkToSpecial (0x00007ab2a6cb6988) [0x00007ab2a6cb6a80, 0x00007ab2a6cb6b78] Compiler: , Barriers: 0, Oops: 0, ImmediateOops: 0, NonImmediateOops: No
[2,031s][debug][gc,nmethod     ] Register NMethod: java.lang.invoke.MethodHandle.linkToSpecial (0x00007ab2a6cb6c88) [0x00007ab2a6cb6d80, 0x00007ab2a6cb6e78] Compiler: , Barriers: 0, Oops: 0, ImmediateOops: 0, NonImmediateOops: No
[2,032s][debug][gc,nmethod     ] Register NMethod: java.lang.invoke.MethodHandle.invokeBasic (0x00007ab2a6cb6f88) [0x00007ab2a6cb7080, 0x00007ab2a6cb7318] Compiler: , Barriers: 0, Oops: 0, ImmediateOops: 0, NonImmediateOops: No
[2,032s][debug][gc,nmethod     ] Register NMethod: java.util.ImmutableCollections.listFromTrustedArray (0x00007ab28742dd08) [0x00007ab28742de00, 0x00007ab28742efe0] Compiler: c1, Barriers: 19, Oops: 0, ImmediateOops: 2, NonImmediateOops: No
[2,032s][debug][gc,nmethod     ] Register NMethod: java.lang.invoke.MethodHandle.linkToSpecial (0x00007ab2a6cb7388) [0x00007ab2a6cb7480, 0x00007ab2a6cb7578] Compiler: , Barriers: 0, Oops: 0, ImmediateOops: 0, NonImmediateOops: No
[2,032s][debug][gc,nmethod     ] Register NMethod: java.util.ArrayList.getFirst (0x00007ab28748a588) [0x00007ab28748a680, 0x00007ab28748a980] Compiler: c1, Barriers: 2, Oops: 0, ImmediateOops: 0, NonImmediateOops: No
[2,032s][debug][gc,director    ] Rule Major: Warmup 10%, Used: 262MB, UsedThreshold: 1228MB
[2,037s][debug][gc,nmethod     ] Register NMethod: jdk.internal.classfile.impl.StackMapGenerator$Frame.pushStack (0x00007ab2a6cb7688) [0x00007ab2a6cb7780, 0x00007ab2a6cb7ef8] Compiler: jvmci, Barriers: 20, Oops: 1, ImmediateOops: 2, NonImmediateOops: No
[2,042s][debug][gc,nmethod     ] Register NMethod: jdk.internal.misc.Unsafe.park (0x00007ab2a6cb7f08) [0x00007ab2a6cb8000, 0x00007ab2a6cb8148] Compiler: , Barriers: 0, Oops: 0, ImmediateOops: 0, NonImmediateOops: No
[2,042s][debug][gc,nmethod     ] Register NMethod: io.sirix.cache.IndexLogKey.getIndexNumber (0x00007ab2a6cb8208) [0x00007ab2a6cb8300, 0x00007ab2a6cb83c0] Compiler: c1, Barriers: 0, Oops: 1, ImmediateOops: 0, NonImmediateOops: No
[2,042s][debug][gc,director    ] Rule Major: Warmup 10%, Used: 266MB, UsedThreshold: 1228MB
[2,042s][debug][gc,nmethod     ] Register NMethod: java.lang.invoke.MethodHandle.linkToStatic (0x00007ab2a6cb8508) [0x00007ab2a6cb8600, 0x00007ab2a6cb86f0] Compiler: , Barriers: 0, Oops: 0, ImmediateOops: 0, NonImmediateOops: No
[2,043s][debug][gc,nmethod     ] Register NMethod: java.lang.Record.<init> (0x00007ab2a6cb8808) [0x00007ab2a6cb8900, 0x00007ab2a6cb8980] Compiler: jvmci, Barriers: 0, Oops: 0, ImmediateOops: 0, NonImmediateOops: No
[2,044s][debug][gc,nmethod     ] Register NMethod: io.sirix.cache.IndexLogKey.getRevisionNumber (0x00007ab2a6cb8b08) [0x00007ab2a6cb8c00, 0x00007ab2a6cb8cc0] Compiler: c1, Barriers: 0, Oops: 1, ImmediateOops: 0, NonImmediateOops: No
[2,044s][debug][gc,nmethod     ] Register NMethod: kotlin.jvm.internal.Intrinsics.checkNotNullParameter (0x00007ab287437b08) [0x00007ab287437c00, 0x00007ab2874383e8] Compiler: c1, Barriers: 1, Oops: 2, ImmediateOops: 2, NonImmediateOops: No
[2,044s][debug][gc,nmethod     ] Register NMethod: io.sirix.page.KeyValueLeafPage.getRecord (0x00007ab28748a288) [0x00007ab28748a380, 0x00007ab28748a510] Compiler: c1, Barriers: 2, Oops: 1, ImmediateOops: 0, NonImmediateOops: No
[2,044s][debug][gc,nmethod     ] Register NMethod: io.sirix.access.trx.page.NodeStorageEngineReader.getValue (0x00007ab287473808) [0x00007ab287473900, 0x00007ab287475460] Compiler: c1, Barriers: 6, Oops: 1, ImmediateOops: 1, NonImmediateOops: No
[2,045s][debug][gc,nmethod     ] Register NMethod: java.util.concurrent.atomic.AtomicReferenceFieldUpdater$AtomicReferenceFieldUpdaterImpl.accessCheck (0x00007ab287489d88) [0x00007ab287489e80, 0x00007ab28748a210] Compiler: c1, Barriers: 1, Oops: 0, ImmediateOops: 0, NonImmediateOops: No
[2,045s][debug][gc,nmethod     ] Register NMethod: java.util.concurrent.ConcurrentHashMap.compute (0x00007ab2879fac88) [0x00007ab2879fad80, 0x00007ab2879fe2b8] Compiler: c1, Barriers: 33, Oops: 0, ImmediateOops: 2, NonImmediateOops: No
[2,046s][debug][gc,nmethod     ] Register NMethod: sun.net.www.ParseUtil.encodePath (0x00007ab2a6cb8e08) [0x00007ab2a6cb8f00, 0x00007ab2a6cb9380] Compiler: jvmci, Barriers: 1, Oops: 0, ImmediateOops: 0, NonImmediateOops: No
[2,048s][debug][gc,nmethod     ] Register NMethod: java.lang.reflect.Executable.isVarArgs (0x00007ab287437688) [0x00007ab287437780, 0x00007ab287437ad0] Compiler: c1, Barriers: 0, Oops: 0, ImmediateOops: 0, NonImmediateOops: No
[2,052s][debug][gc,director    ] Rule Major: Warmup 10%, Used: 266MB, UsedThreshold: 1228MB
[2,054s][debug][gc,nmethod     ] Register NMethod: java.lang.ref.Cleaner$1.apply (0x00007ab2a6cb9388) [0x00007ab2a6cb9480, 0x00007ab2a6cb95c0] Compiler: jvmci, Barriers: 1, Oops: 0, ImmediateOops: 0, NonImmediateOops: No
[2,055s][debug][gc,nmethod     ] Register NMethod: java.lang.Class.getPackageName (0x00007ab2a6cb9688) [0x00007ab2a6cb9780, 0x00007ab2a6cb9e38] Compiler: jvmci, Barriers: 9, Oops: 0, ImmediateOops: 1, NonImmediateOops: No
[2,055s][debug][gc,nmethod     ] Register NMethod: org.magicwerk.brownies.collections.IList$Iter.hasNext (0x00007ab28742d788) [0x00007ab28742d880, 0x00007ab28742dc90] Compiler: c1, Barriers: 1, Oops: 1, ImmediateOops: 0, NonImmediateOops: No
[2,056s][debug][gc,nmethod     ] Register NMethod: java.util.concurrent.atomic.AtomicInteger.incrementAndGet (0x00007ab287437288) [0x00007ab287437380, 0x00007ab287437490] Compiler: c1, Barriers: 0, Oops: 0, ImmediateOops: 0, NonImmediateOops: No
[2,056s][debug][gc,nmethod     ] Register NMethod: com.github.benmanes.caffeine.cache.BoundedLocalCache.expiresAfterAccess (0x00007ab2a6cb9e88) [0x00007ab2a6cb9f80, 0x00007ab2a6cba040] Compiler: c1, Barriers: 0, Oops: 1, ImmediateOops: 0, NonImmediateOops: No
[2,056s][debug][gc,nmethod     ] Register NMethod: jdk.internal.util.Preconditions.checkFromIndexSize (0x00007ab2a6cba188) [0x00007ab2a6cba280, 0x00007ab2a6cba330] Compiler: jvmci, Barriers: 0, Oops: 0, ImmediateOops: 0, NonImmediateOops: No
[2,057s][debug][gc,nmethod     ] Register NMethod: jdk.internal.misc.Unsafe.setMemory0 (0x00007ab2a6cba488) [0x00007ab2a6cba580, 0x00007ab2a6cba6d8] Compiler: , Barriers: 0, Oops: 0, ImmediateOops: 0, NonImmediateOops: No
[2,057s][debug][gc,nmethod     ] Register NMethod: org.magicwerk.brownies.collections.IList$Iter.next (0x00007ab28742ce88) [0x00007ab28742cf80, 0x00007ab28742d778] Compiler: c1, Barriers: 2, Oops: 1, ImmediateOops: 0, NonImmediateOops: No
[2,057s][debug][gc,nmethod     ] Register NMethod: sun.nio.fs.Util.followLinks (0x00007ab28742c708) [0x00007ab28742c800, 0x00007ab28742cbe8] Compiler: c1, Barriers: 1, Oops: 0, ImmediateOops: 2, NonImmediateOops: No
[2,057s][debug][gc,nmethod     ] Register NMethod: java.lang.invoke.DirectMethodHandle.fieldOffset (0x00007ab287473408) [0x00007ab287473500, 0x00007ab2874737f0] Compiler: c1, Barriers: 0, Oops: 0, ImmediateOops: 0, NonImmediateOops: No
[2,057s][debug][gc,nmethod     ] Register NMethod: java.lang.invoke.DirectMethodHandle.checkBase (0x00007ab287473088) [0x00007ab287473180, 0x00007ab2874733b0] Compiler: c1, Barriers: 0, Oops: 0, ImmediateOops: 0, NonImmediateOops: No
[2,057s][debug][gc,nmethod     ] Register NMethod: sun.nio.ch.IOUtil.bufferAddress (0x00007ab287472d88) [0x00007ab287472e80, 0x00007ab287472fe0] Compiler: c1, Barriers: 0, Oops: 0, ImmediateOops: 1, NonImmediateOops: No
[2,057s][debug][gc,nmethod     ] Register NMethod: sun.nio.fs.UnixPath.resolve (0x00007ab2879fe308) [0x00007ab2879fe400, 0x00007ab2879ff0b8] Compiler: c1, Barriers: 9, Oops: 0, ImmediateOops: 0, NonImmediateOops: No
[2,057s][debug][gc,nmethod     ] Register NMethod: sun.nio.ch.IOStatus.normalize (0x00007ab287472a88) [0x00007ab287472b80, 0x00007ab287472cb8] Compiler: c1, Barriers: 0, Oops: 0, ImmediateOops: 0, NonImmediateOops: No
[2,057s][debug][gc,nmethod     ] Register NMethod: net.jpountz.xxhash.XXHashJNI.XXH32_digest (0x00007ab2a6cba788) [0x00007ab2a6cba880, 0x00007ab2a6cba9e8] Compiler: , Barriers: 0, Oops: 1, ImmediateOops: 1, NonImmediateOops: No
[2,058s][debug][gc,nmethod     ] Register NMethod: org.magicwerk.brownies.collections.GapList.add (0x00007ab287472408) [0x00007ab287472500, 0x00007ab287472a18] Compiler: c1, Barriers: 0, Oops: 1, ImmediateOops: 0, NonImmediateOops: No
[2,058s][debug][gc,nmethod     ] Register NMethod: sun.nio.ch.IOUtil.releaseScope (0x00007ab2879ff108) [0x00007ab2879ff200, 0x00007ab2879ffe08] Compiler: c1, Barriers: 2, Oops: 0, ImmediateOops: 1, NonImmediateOops: No
[2,058s][debug][gc,nmethod     ] Register NMethod: org.magicwerk.brownies.collections.IList.checkIndexAdd (0x00007ab2879ffe88) [0x00007ab2879fff80, 0x00007ab287a01788] Compiler: c1, Barriers: 0, Oops: 4, ImmediateOops: 4, NonImmediateOops: No
[2,058s][debug][gc,nmethod     ] Register NMethod: sun.nio.ch.IOUtil.acquireScope (0x00007ab287a01808) [0x00007ab287a01900, 0x00007ab287a02de0] Compiler: c1, Barriers: 5, Oops: 0, ImmediateOops: 3, NonImmediateOops: No
[2,058s][debug][gc,nmethod     ] Register NMethod: org.magicwerk.brownies.collections.GapList.doEnsureCapacity (0x00007ab287a02e08) [0x00007ab287a02f00, 0x00007ab287a037a8] Compiler: c1, Barriers: 6, Oops: 1, ImmediateOops: 0, NonImmediateOops: No
[2,058s][debug][gc,nmethod     ] Register NMethod: net.jpountz.xxhash.XXHashJNI.XXH32_free (0x00007ab2a6cbaa88) [0x00007ab2a6cbab80, 0x00007ab2a6cbacd8] Compiler: , Barriers: 0, Oops: 1, ImmediateOops: 1, NonImmediateOops: No
[2,058s][debug][gc,nmethod     ] Register NMethod: sun.nio.ch.NativeThread.current (0x00007ab287a03808) [0x00007ab287a03900, 0x00007ab287a03ee0] Compiler: c1, Barriers: 1, Oops: 0, ImmediateOops: 0, NonImmediateOops: No
[2,058s][debug][gc,nmethod     ] Register NMethod: net.jpountz.xxhash.XXHashJNI.XXH32_update (0x00007ab2a6cbad88) [0x00007ab2a6cbae80, 0x00007ab2a6cbaff0] Compiler: , Barriers: 0, Oops: 1, ImmediateOops: 1, NonImmediateOops: No
[2,058s][debug][gc,nmethod     ] Register NMethod: sun.nio.ch.FileChannelImpl.ensureOpen (0x00007ab287a03f08) [0x00007ab287a04000, 0x00007ab287a04418] Compiler: c1, Barriers: 0, Oops: 0, ImmediateOops: 0, NonImmediateOops: No
[2,058s][debug][gc,nmethod     ] Register NMethod: sun.nio.ch.FileChannelImpl.beginBlocking (0x00007ab287a04488) [0x00007ab287a04580, 0x00007ab287a048a8] Compiler: c1, Barriers: 0, Oops: 0, ImmediateOops: 0, NonImmediateOops: No
[2,058s][debug][gc,nmethod     ] Register NMethod: sun.nio.ch.NativeThread.isNativeThread (0x00007ab287472108) [0x00007ab287472200, 0x00007ab287472368] Compiler: c1, Barriers: 0, Oops: 0, ImmediateOops: 0, NonImmediateOops: No
[2,058s][debug][gc,nmethod     ] Register NMethod: net.jpountz.util.Native.isLoaded (0x00007ab287a04908) [0x00007ab287a04a00, 0x00007ab287a04c48] Compiler: c1, Barriers: 0, Oops: 1, ImmediateOops: 2, NonImmediateOops: No
[2,058s][debug][gc,nmethod     ] Register NMethod: sun.nio.ch.FileChannelImpl.endBlocking (0x00007ab287a04c88) [0x00007ab287a04d80, 0x00007ab287a050a8] Compiler: c1, Barriers: 0, Oops: 0, ImmediateOops: 0, NonImmediateOops: No
[2,058s][debug][gc,nmethod     ] Register NMethod: io.sirix.node.GrowingMemorySegment.reset (0x00007ab287a05108) [0x00007ab287a05200, 0x00007ab287a05308] Compiler: c1, Barriers: 0, Oops: 1, ImmediateOops: 0, NonImmediateOops: No
[2,058s][debug][gc,nmethod     ] Register NMethod: io.sirix.node.MemorySegmentBytesOut.clear (0x00007ab287a05408) [0x00007ab287a05500, 0x00007ab287a056b8] Compiler: c1, Barriers: 1, Oops: 1, ImmediateOops: 0, NonImmediateOops: No
[2,058s][debug][gc,nmethod     ] Register NMethod: sun.nio.ch.NativeThreadSet.remove (0x00007ab287a05708) [0x00007ab287a05800, 0x00007ab287a05ea8] Compiler: c1, Barriers: 1, Oops: 0, ImmediateOops: 0, NonImmediateOops: No
[2,058s][debug][gc,nmethod     ] Register NMethod: java.util.Vector.size (0x00007ab2a6cbb088) [0x00007ab2a6cbb180, 0x00007ab2a6cbb388] Compiler: c1, Barriers: 0, Oops: 0, ImmediateOops: 0, NonImmediateOops: No
[2,058s][debug][gc,nmethod     ] Register NMethod: sun.nio.ch.NativeThreadSet.add (0x00007ab287a05f08) [0x00007ab287a06000, 0x00007ab287a06f10] Compiler: c1, Barriers: 9, Oops: 0, ImmediateOops: 0, NonImmediateOops: No
[2,059s][debug][gc,nmethod     ] Register NMethod: sun.nio.fs.UnixFileSystem.normalizeNativePath (0x00007ab287a06f88) [0x00007ab287a07080, 0x00007ab287a07180] Compiler: c1, Barriers: 0, Oops: 0, ImmediateOops: 0, NonImmediateOops: No
[2,059s][debug][gc,nmethod     ] Register NMethod: sun.nio.fs.Util.jnuEncoding (0x00007ab287a07288) [0x00007ab287a07380, 0x00007ab287a07468] Compiler: c1, Barriers: 0, Oops: 0, ImmediateOops: 1, NonImmediateOops: No
[2,059s][debug][gc,nmethod     ] Register NMethod: sun.nio.fs.UnixPath.<init> (0x00007ab287a07588) [0x00007ab287a07680, 0x00007ab287a079a8] Compiler: c1, Barriers: 6, Oops: 0, ImmediateOops: 0, NonImmediateOops: No
[2,059s][debug][gc,nmethod     ] Register NMethod: java.nio.MappedByteBuffer.flip (0x00007ab287a07a08) [0x00007ab287a07b00, 0x00007ab287a07cd8] Compiler: c1, Barriers: 0, Oops: 0, ImmediateOops: 0, NonImmediateOops: No
[2,059s][debug][gc,nmethod     ] Register NMethod: sun.nio.fs.UnixPath.resolve (0x00007ab287a07d08) [0x00007ab287a07e00, 0x00007ab287a07f48] Compiler: c1, Barriers: 0, Oops: 0, ImmediateOops: 0, NonImmediateOops: No
[2,059s][debug][gc,nmethod     ] Register NMethod: org.magicwerk.brownies.collections.GapList.doAdd (0x00007ab287a08008) [0x00007ab287a08100, 0x00007ab287a0a0c0] Compiler: c1, Barriers: 13, Oops: 1, ImmediateOops: 0, NonImmediateOops: No
[2,059s][debug][gc,nmethod     ] Register NMethod: sun.nio.fs.UnixPath.encode (0x00007ab287a0a108) [0x00007ab287a0a200, 0x00007ab287a0b2d0] Compiler: c1, Barriers: 1, Oops: 2, ImmediateOops: 3, NonImmediateOops: No
[2,059s][debug][gc,nmethod     ] Register NMethod: sun.nio.fs.UnixPath.resolve (0x00007ab287a0b308) [0x00007ab287a0b400, 0x00007ab287a0b9c8] Compiler: c1, Barriers: 0, Oops: 0, ImmediateOops: 0, NonImmediateOops: No
[2,059s][debug][gc,nmethod     ] Register NMethod: io.sirix.access.DatabaseConfiguration.getDatabaseId (0x00007ab2a6cbb408) [0x00007ab2a6cbb500, 0x00007ab2a6cbb5c0] Compiler: c1, Barriers: 0, Oops: 1, ImmediateOops: 0, NonImmediateOops: No
[2,059s][debug][gc,nmethod     ] Register NMethod: io.sirix.access.ResourceConfiguration.getID (0x00007ab2a6cbb708) [0x00007ab2a6cbb800, 0x00007ab2a6cbb8c0] Compiler: c1, Barriers: 0, Oops: 1, ImmediateOops: 0, NonImmediateOops: No
[2,059s][debug][gc,nmethod     ] Register NMethod: java.util.Vector.elementData (0x00007ab287a0ba08) [0x00007ab287a0bb00, 0x00007ab287a0bc90] Compiler: c1, Barriers: 2, Oops: 0, ImmediateOops: 0, NonImmediateOops: No
[2,059s][debug][gc,nmethod     ] Register NMethod: jdk.internal.misc.Unsafe.putReferenceOpaque (0x00007ab287a0bd08) [0x00007ab287a0be00, 0x00007ab287a0bf78] Compiler: c1, Barriers: 3, Oops: 0, ImmediateOops: 0, NonImmediateOops: No
[2,059s][debug][gc,nmethod     ] Register NMethod: sun.nio.fs.UnixFileSystem.getPath (0x00007ab287a0c008) [0x00007ab287a0c100, 0x00007ab287a0da30] Compiler: c1, Barriers: 8, Oops: 0, ImmediateOops: 1, NonImmediateOops: No
[2,059s][debug][gc,nmethod     ] Register NMethod: java.util.ArrayList$Itr.next (0x00007ab287a0da88) [0x00007ab287a0db80, 0x00007ab287a0e1c8] Compiler: c1, Barriers: 3, Oops: 0, ImmediateOops: 0, NonImmediateOops: No
[2,059s][debug][gc,nmethod     ] Register NMethod: com.google.common.collect.testing.Helpers$1$1.hasNext (0x00007ab287a0e208) [0x00007ab287a0e300, 0x00007ab287a0e648] Compiler: c1, Barriers: 1, Oops: 1, ImmediateOops: 0, NonImmediateOops: No
[2,059s][debug][gc,nmethod     ] Register NMethod: io.sirix.access.trx.page.NodeStorageEngineReader$RecordPage.page (0x00007ab2a6cbba08) [0x00007ab2a6cbbb00, 0x00007ab2a6cbbbe8] Compiler: c1, Barriers: 1, Oops: 1, ImmediateOops: 0, NonImmediateOops: No
[2,059s][debug][gc,nmethod     ] Register NMethod: java.nio.Buffer.checkIndex (0x00007ab2a6cbbd08) [0x00007ab2a6cbbe00, 0x00007ab2a6cbbec8] Compiler: jvmci, Barriers: 0, Oops: 0, ImmediateOops: 0, NonImmediateOops: No
[2,059s][debug][gc,nmethod     ] Register NMethod: java.lang.invoke.MethodHandleImpl$CountingWrapper.getTarget (0x00007ab2a6cbc008) [0x00007ab2a6cbc100, 0x00007ab2a6cbc1e8] Compiler: c1, Barriers: 1, Oops: 0, ImmediateOops: 0, NonImmediateOops: No
[2,060s][debug][gc,nmethod     ] Register NMethod: com.github.benmanes.caffeine.cache.BoundedLocalCache$BoundedLocalManualCache.cache (0x00007ab2a6cbc308) [0x00007ab2a6cbc400, 0x00007ab2a6cbc4e8] Compiler: c1, Barriers: 1, Oops: 1, ImmediateOops: 0, NonImmediateOops: No
[2,060s][debug][gc,nmethod     ] Register NMethod: java.util.UUID.parse4Nibbles (0x00007ab287a0e688) [0x00007ab287a0e780, 0x00007ab287a10b28] Compiler: c1, Barriers: 8, Oops: 2, ImmediateOops: 9, NonImmediateOops: No
[2,060s][debug][gc,nmethod     ] Register NMethod: jdk.internal.foreign.SegmentFactories.ensureInitialized (0x00007ab287a10b88) [0x00007ab287a10c80, 0x00007ab287a10d60] Compiler: c1, Barriers: 0, Oops: 0, ImmediateOops: 0, NonImmediateOops: No
[2,060s][debug][gc,nmethod     ] Register NMethod: com.google.common.collect.testing.Helpers$1$1.next (0x00007ab287a10e88) [0x00007ab287a10f80, 0x00007ab287a112c0] Compiler: c1, Barriers: 1, Oops: 1, ImmediateOops: 0, NonImmediateOops: No
[2,060s][debug][gc,nmethod     ] Register NMethod: sun.nio.fs.UnixNativeDispatcher.access0 (0x00007ab2a6cbc608) [0x00007ab2a6cbc700, 0x00007ab2a6cbc860] Compiler: , Barriers: 0, Oops: 0, ImmediateOops: 1, NonImmediateOops: No
[2,060s][debug][gc,nmethod     ] Register NMethod: java.util.Vector$ListItr.hasPrevious (0x00007ab287a11308) [0x00007ab287a11400, 0x00007ab287a11550] Compiler: c1, Barriers: 0, Oops: 0, ImmediateOops: 0, NonImmediateOops: No
[2,060s][debug][gc,nmethod     ] Register NMethod: com.github.benmanes.caffeine.cache.BoundedLocalCache.refreshAfterWrite (0x00007ab2a6cbc908) [0x00007ab2a6cbca00, 0x00007ab2a6cbcac0] Compiler: c1, Barriers: 0, Oops: 1, ImmediateOops: 0, NonImmediateOops: No
[2,060s][debug][gc,nmethod     ] Register NMethod: java.io.FileDescriptor.<init> (0x00007ab287a11608) [0x00007ab287a11700, 0x00007ab287a11870] Compiler: c1, Barriers: 0, Oops: 0, ImmediateOops: 0, NonImmediateOops: No
[2,060s][debug][gc,nmethod     ] Register NMethod: com.github.benmanes.caffeine.cache.Ticker.disabledTicker (0x00007ab287a11908) [0x00007ab287a11a00, 0x00007ab287a11ae8] Compiler: c1, Barriers: 0, Oops: 1, ImmediateOops: 1, NonImmediateOops: No
[2,060s][debug][gc,nmethod     ] Register NMethod: com.github.benmanes.caffeine.cache.BoundedLocalCache.expirationTicker (0x00007ab287a11c08) [0x00007ab287a11d00, 0x00007ab287a11e60] Compiler: c1, Barriers: 0, Oops: 1, ImmediateOops: 1, NonImmediateOops: No
[2,061s][debug][gc,nmethod     ] Register NMethod: java.util.Vector$Itr.checkForComodification (0x00007ab287a11f08) [0x00007ab287a12000, 0x00007ab287a121e8] Compiler: c1, Barriers: 1, Oops: 0, ImmediateOops: 0, NonImmediateOops: No
[2,061s][debug][gc,nmethod     ] Register NMethod: java.util.Vector$ListItr.previous (0x00007ab287a12208) [0x00007ab287a12300, 0x00007ab287a12cc0] Compiler: c1, Barriers: 5, Oops: 0, ImmediateOops: 0, NonImmediateOops: No
[2,061s][debug][gc,nmethod     ] Register NMethod: jdk.internal.misc.Blocker.end (0x00007ab287a12d08) [0x00007ab287a12e00, 0x00007ab287a13278] Compiler: c1, Barriers: 1, Oops: 0, ImmediateOops: 1, NonImmediateOops: No
[2,061s][debug][gc,nmethod     ] Register NMethod: java.lang.invoke.VarHandleReferences$FieldInstanceReadOnly.get (0x00007ab287a13288) [0x00007ab287a13380, 0x00007ab287a13da8] Compiler: c1, Barriers: 2, Oops: 1, ImmediateOops: 0, NonImmediateOops: No
[2,061s][debug][gc,nmethod     ] Register NMethod: java.util.concurrent.ForkJoinPool.deactivate (0x00007ab287a13e08) [0x00007ab287a13f00, 0x00007ab287a149a8] Compiler: c1, Barriers: 4, Oops: 0, ImmediateOops: 0, NonImmediateOops: No
[2,061s][debug][gc,nmethod     ] Register NMethod: java.nio.Bits.reserveMemory (0x00007ab287a14a08) [0x00007ab287a14b00, 0x00007ab287a17a58] Compiler: c1, Barriers: 4, Oops: 4, ImmediateOops: 13, NonImmediateOops: No
[2,061s][debug][gc,nmethod     ] Register NMethod: java.lang.Thread.interrupted (0x00007ab287a17a88) [0x00007ab287a17b80, 0x00007ab287a17eb8] Compiler: c1, Barriers: 1, Oops: 0, ImmediateOops: 0, NonImmediateOops: No
[2,062s][debug][gc,nmethod     ] Register NMethod: java.lang.Thread.getAndClearInterrupt (0x00007ab287a17f08) [0x00007ab287a18000, 0x00007ab287a18180] Compiler: c1, Barriers: 0, Oops: 0, ImmediateOops: 0, NonImmediateOops: No
[2,062s][debug][gc,nmethod     ] Register NMethod: java.lang.invoke.DirectMethodHandle$Holder.invokeSpecial (0x00007ab287a18208) [0x00007ab287a18300, 0x00007ab287a186c8] Compiler: c1, Barriers: 1, Oops: 0, ImmediateOops: 0, NonImmediateOops: No
[2,062s][debug][gc,nmethod     ] Register NMethod: java.lang.invoke.LambdaForm$MH/0x000000006c084400.invoke (0x00007ab287a18708) [0x00007ab287a18800, 0x00007ab287a18f70] Compiler: c1, Barriers: 2, Oops: 1, ImmediateOops: 0, NonImmediateOops: No
[2,062s][debug][gc,nmethod     ] Register NMethod: jdk.internal.misc.Unsafe.unpark (0x00007ab2a6cbcc08) [0x00007ab2a6cbcd00, 0x00007ab2a6cbce58] Compiler: , Barriers: 0, Oops: 0, ImmediateOops: 0, NonImmediateOops: No
[2,062s][debug][gc,nmethod     ] Register NMethod: io.sirix.access.ResourceConfiguration$ResourcePaths.getPath (0x00007ab2a6cbcf08) [0x00007ab2a6cbd000, 0x00007ab2a6cbd0e8] Compiler: c1, Barriers: 1, Oops: 1, ImmediateOops: 0, NonImmediateOops: No
[2,062s][debug][gc,nmethod     ] Register NMethod: jdk.internal.misc.Blocker.begin (0x00007ab287a18f88) [0x00007ab287a19080, 0x00007ab287a191d8] Compiler: c1, Barriers: 0, Oops: 0, ImmediateOops: 0, NonImmediateOops: No
[2,062s][debug][gc,nmethod     ] Register NMethod: jdk.internal.foreign.MemorySessionImpl.checkValidStateRaw (0x00007ab2a6cbd208) [0x00007ab2a6cbd300, 0x00007ab2a6cbd478] Compiler: jvmci, Barriers: 2, Oops: 0, ImmediateOops: 0, NonImmediateOops: No
[2,062s][debug][gc,director    ] Rule Major: Warmup 10%, Used: 268MB, UsedThreshold: 1228MB
[2,063s][debug][gc,nmethod     ] Register NMethod: java.lang.invoke.DirectMethodHandle$Holder.fieldAccess (0x00007ab287a19288) [0x00007ab287a19380, 0x00007ab287a19878] Compiler: c1, Barriers: 0, Oops: 0, ImmediateOops: 0, NonImmediateOops: No
[2,063s][debug][gc,nmethod     ] Register NMethod: sun.nio.ch.IOUtil.read (0x00007ab287a19888) [0x00007ab287a19980, 0x00007ab287a19aa8] Compiler: c1, Barriers: 0, Oops: 0, ImmediateOops: 0, NonImmediateOops: No
[2,063s][debug][gc,nmethod     ] Register NMethod: java.nio.MappedByteBuffer.flip (0x00007ab287a19b88) [0x00007ab287a19c80, 0x00007ab287a1a070] Compiler: c1, Barriers: 0, Oops: 0, ImmediateOops: 0, NonImmediateOops: No
[2,063s][debug][gc,nmethod     ] Register NMethod: java.util.concurrent.locks.LockSupport.setCurrentBlocker (0x00007ab287a1a088) [0x00007ab287a1a180, 0x00007ab287a1a4b8] Compiler: c1, Barriers: 1, Oops: 0, ImmediateOops: 1, NonImmediateOops: No
[2,063s][debug][gc,nmethod     ] Register NMethod: sun.nio.ch.IOUtil.read (0x00007ab287a1a508) [0x00007ab287a1a600, 0x00007ab287a1b588] Compiler: c1, Barriers: 0, Oops: 0, ImmediateOops: 1, NonImmediateOops: No
[2,063s][debug][gc,nmethod     ] Register NMethod: sun.nio.ch.IOUtil.readIntoNativeBuffer (0x00007ab287a1b608) [0x00007ab287a1b700, 0x00007ab287a1dd88] Compiler: c1, Barriers: 4, Oops: 0, ImmediateOops: 4, NonImmediateOops: No
[2,063s][debug][gc,nmethod     ] Register NMethod: java.lang.invoke.DirectMethodHandle$Holder.invokeStatic (0x00007ab287a1de08) [0x00007ab287a1df00, 0x00007ab287a1e2c8] Compiler: c1, Barriers: 1, Oops: 0, ImmediateOops: 0, NonImmediateOops: No
[2,063s][debug][gc,nmethod     ] Register NMethod: io.sirix.cache.IndexLogKey.<init> (0x00007ab287a1e308) [0x00007ab287a1e400, 0x00007ab287a1e5e0] Compiler: c1, Barriers: 3, Oops: 1, ImmediateOops: 0, NonImmediateOops: No
[2,064s][debug][gc,nmethod     ] Register NMethod: io.sirix.io.bytepipe.ByteHandler.supportsMemorySegments (0x00007ab2a6cbd508) [0x00007ab2a6cbd600, 0x00007ab2a6cbd6c0] Compiler: c1, Barriers: 0, Oops: 1, ImmediateOops: 0, NonImmediateOops: No
[2,064s][debug][gc,nmethod     ] Register NMethod: sun.nio.ch.UnixFileDispatcherImpl.pread (0x00007ab287a1e608) [0x00007ab287a1e700, 0x00007ab287a1e840] Compiler: c1, Barriers: 0, Oops: 0, ImmediateOops: 0, NonImmediateOops: No
[2,064s][debug][gc,nmethod     ] Register NMethod: sun.nio.ch.FileChannelImpl.read (0x00007ab287a1e908) [0x00007ab287a1ea00, 0x00007ab287a1ec48] Compiler: c1, Barriers: 0, Oops: 0, ImmediateOops: 1, NonImmediateOops: No
[2,064s][debug][gc,nmethod     ] Register NMethod: net.jpountz.lz4.LZ4Factory.fastDecompressor (0x00007ab2a6cbd808) [0x00007ab2a6cbd900, 0x00007ab2a6cbd9e8] Compiler: c1, Barriers: 1, Oops: 1, ImmediateOops: 0, NonImmediateOops: No
[2,064s][debug][gc,nmethod     ] Register NMethod: sun.nio.ch.FileChannelImpl.implRead (0x00007ab287a1ec88) [0x00007ab287a1ed80, 0x00007ab287a1f778] Compiler: c1, Barriers: 0, Oops: 0, ImmediateOops: 2, NonImmediateOops: No
[2,064s][debug][gc,nmethod     ] Register NMethod: net.jpountz.lz4.LZ4BlockInputStream.read (0x00007ab287a1f788) [0x00007ab287a1f880, 0x00007ab287a20160] Compiler: c1, Barriers: 1, Oops: 1, ImmediateOops: 1, NonImmediateOops: No
[2,064s][debug][gc,nmethod     ] Register NMethod: sun.nio.ch.FileChannelImpl.readInternal (0x00007ab287a20188) [0x00007ab287a20280, 0x00007ab287a222a0] Compiler: c1, Barriers: 7, Oops: 0, ImmediateOops: 3, NonImmediateOops: No
[2,064s][debug][gc,nmethod     ] Register NMethod: sun.nio.fs.NativeBuffers.copyCStringToNativeBuffer (0x00007ab287a22308) [0x00007ab287a22400, 0x00007ab287a229c0] Compiler: c1, Barriers: 0, Oops: 1, ImmediateOops: 1, NonImmediateOops: No
[2,064s][debug][gc,nmethod     ] Register NMethod: net.jpountz.lz4.LZ4BlockInputStream.refill (0x00007ab287a22a08) [0x00007ab287a22b00, 0x00007ab287a24b20] Compiler: c1, Barriers: 22, Oops: 1, ImmediateOops: 11, NonImmediateOops: No
[2,065s][debug][gc,nmethod     ] Register NMethod: io.sirix.node.GrowingMemorySegment.getUsedSegment (0x00007ab287a24b88) [0x00007ab287a24c80, 0x00007ab287a25290] Compiler: c1, Barriers: 2, Oops: 1, ImmediateOops: 0, NonImmediateOops: No
[2,065s][debug][gc,nmethod     ] Register NMethod: io.sirix.node.AbstractForwardingNode.getNodeKey (0x00007ab287a25308) [0x00007ab287a25400, 0x00007ab287a25730] Compiler: c1, Barriers: 0, Oops: 1, ImmediateOops: 0, NonImmediateOops: No
[2,065s][debug][gc,nmethod     ] Register NMethod: io.sirix.node.MemorySegmentBytesIn.readShort (0x00007ab287a25788) [0x00007ab287a25880, 0x00007ab287a294b8] Compiler: c1, Barriers: 5, Oops: 6, ImmediateOops: 10, NonImmediateOops: No
[2,065s][debug][gc,nmethod     ] Register NMethod: it.unimi.dsi.fastutil.ints.Int2LongOpenHashMap.find (0x00007ab287a29508) [0x00007ab287a29600, 0x00007ab287a29a68] Compiler: c1, Barriers: 1, Oops: 1, ImmediateOops: 0, NonImmediateOops: No
[2,065s][debug][gc,nmethod     ] Register NMethod: it.unimi.dsi.fastutil.ints.Int2LongOpenHashMap.put (0x00007ab287a29a88) [0x00007ab287a29b80, 0x00007ab287a29de8] Compiler: c1, Barriers: 1, Oops: 1, ImmediateOops: 0, NonImmediateOops: No
[2,065s][debug][gc,nmethod     ] Register NMethod: sun.nio.fs.UnixNativeDispatcher.open0 (0x00007ab2a6cbdb08) [0x00007ab2a6cbdc00, 0x00007ab2a6cbdd60] Compiler: , Barriers: 0, Oops: 0, ImmediateOops: 1, NonImmediateOops: No
[2,065s][debug][gc,nmethod     ] Register NMethod: jdk.internal.foreign.AbstractMemorySegmentImpl.get (0x00007ab287a29e08) [0x00007ab287a29f00, 0x00007ab287a2d810] Compiler: c1, Barriers: 27, Oops: 5, ImmediateOops: 12, NonImmediateOops: No
[2,065s][debug][gc,nmethod     ] Register NMethod: java.lang.invoke.VarHandleSegmentAsShorts.get (0x00007ab287a2d888) [0x00007ab287a2d980, 0x00007ab287a32e38] Compiler: c1, Barriers: 24, Oops: 2, ImmediateOops: 6, NonImmediateOops: No
[2,066s][debug][gc,nmethod     ] Register NMethod: io.sirix.node.MemorySegmentBytesIn.<init> (0x00007ab287a32e88) [0x00007ab287a32f80, 0x00007ab287a33160] Compiler: c1, Barriers: 3, Oops: 1, ImmediateOops: 0, NonImmediateOops: No
[2,066s][debug][gc,nmethod     ] Register NMethod: io.sirix.node.xml.XmlDocumentRootNode.delegate (0x00007ab2a6cbde08) [0x00007ab2a6cbdf00, 0x00007ab2a6cbdfe8] Compiler: c1, Barriers: 1, Oops: 1, ImmediateOops: 0, NonImmediateOops: No
[2,066s][debug][gc,nmethod     ] Register NMethod: java.lang.invoke.VarHandleSegmentAsShorts.get (0x00007ab287a33188) [0x00007ab287a33280, 0x00007ab287a384b8] Compiler: c1, Barriers: 24, Oops: 2, ImmediateOops: 6, NonImmediateOops: No
[2,066s][debug][gc,nmethod     ] Register NMethod: java.util.ArrayList$Itr.<init> (0x00007ab287a38508) [0x00007ab287a38600, 0x00007ab287a38930] Compiler: c1, Barriers: 3, Oops: 0, ImmediateOops: 0, NonImmediateOops: No
[2,066s][debug][gc,nmethod     ] Register NMethod: java.lang.Math.addExact (0x00007ab287a38988) [0x00007ab287a38a80, 0x00007ab287a38c68] Compiler: c1, Barriers: 0, Oops: 0, ImmediateOops: 1, NonImmediateOops: No
[2,066s][debug][gc,nmethod     ] Register NMethod: io.sirix.page.KeyValueLeafPage.markAccessed (0x00007ab287a38c88) [0x00007ab287a38d80, 0x00007ab287a38e90] Compiler: c1, Barriers: 0, Oops: 1, ImmediateOops: 0, NonImmediateOops: No
[2,066s][debug][gc,nmethod     ] Register NMethod: io.sirix.node.xml.ElementNode.getNodeKey (0x00007ab2a6cbe108) [0x00007ab2a6cbe200, 0x00007ab2a6cbe2c0] Compiler: c1, Barriers: 0, Oops: 1, ImmediateOops: 0, NonImmediateOops: No
[2,066s][debug][gc,nmethod     ] Register NMethod: it.unimi.dsi.fastutil.ints.Int2IntOpenHashMap.put (0x00007ab287a38f88) [0x00007ab287a39080, 0x00007ab287a392e8] Compiler: c1, Barriers: 1, Oops: 1, ImmediateOops: 0, NonImmediateOops: No
[2,067s][debug][gc,nmethod     ] Register NMethod: it.unimi.dsi.fastutil.ints.Int2IntOpenHashMap.find (0x00007ab287a39308) [0x00007ab287a39400, 0x00007ab287a39868] Compiler: c1, Barriers: 1, Oops: 1, ImmediateOops: 0, NonImmediateOops: No
[2,067s][debug][gc,nmethod     ] Register NMethod: net.jpountz.lz4.LZ4JNI.LZ4_decompress_fast (0x00007ab2a6cbe408) [0x00007ab2a6cbe500, 0x00007ab2a6cbe6c8] Compiler: , Barriers: 0, Oops: 1, ImmediateOops: 1, NonImmediateOops: No
[2,067s][debug][gc,nmethod     ] Register NMethod: java.lang.Boolean.valueOf (0x00007ab287a39888) [0x00007ab287a39980, 0x00007ab287a39ad8] Compiler: c1, Barriers: 0, Oops: 0, ImmediateOops: 2, NonImmediateOops: No
[2,067s][debug][gc,nmethod     ] Register NMethod: java.lang.ref.Finalizer.register (0x00007ab287a39b88) [0x00007ab287a39c80, 0x00007ab287a39e20] Compiler: c1, Barriers: 0, Oops: 0, ImmediateOops: 0, NonImmediateOops: No
[2,067s][debug][gc,nmethod     ] Register NMethod: java.lang.ref.FinalReference.<init> (0x00007ab287a39e88) [0x00007ab287a39f80, 0x00007ab287a3a270] Compiler: c1, Barriers: 6, Oops: 0, ImmediateOops: 1, NonImmediateOops: No
[2,067s][debug][gc,nmethod     ] Register NMethod: java.lang.ref.Finalizer.<init> (0x00007ab287a3a288) [0x00007ab287a3a380, 0x00007ab287a3aaa8] Compiler: c1, Barriers: 17, Oops: 1, ImmediateOops: 7, NonImmediateOops: No
[2,067s][debug][gc,nmethod     ] Register NMethod: java.lang.runtime.ObjectMethods.hashCombiner (0x00007ab287a3ab08) [0x00007ab287a3ac00, 0x00007ab287a3acf0] Compiler: c1, Barriers: 0, Oops: 0, ImmediateOops: 0, NonImmediateOops: No
[2,067s][debug][gc,nmethod     ] Register NMethod: java.util.ArrayList$Itr.hasNext (0x00007ab2a6cbe708) [0x00007ab2a6cbe800, 0x00007ab2a6cbe8e8] Compiler: jvmci, Barriers: 1, Oops: 0, ImmediateOops: 0, NonImmediateOops: No
[2,067s][debug][gc,nmethod     ] Register NMethod: java.lang.invoke.LambdaForm$MH/0x000000006c241800.invoke (0x00007ab287a3ae08) [0x00007ab287a3af00, 0x00007ab287a3beb8] Compiler: c1, Barriers: 3, Oops: 1, ImmediateOops: 0, NonImmediateOops: No
[2,068s][debug][gc,nmethod     ] Register NMethod: com.github.benmanes.caffeine.cache.UnboundedLocalCache$UnboundedLocalAsyncCache.cache (0x00007ab2a6cbea08) [0x00007ab2a6cbeb00, 0x00007ab2a6cbebe8] Compiler: c1, Barriers: 1, Oops: 1, ImmediateOops: 0, NonImmediateOops: No
[2,068s][debug][gc,nmethod     ] Register NMethod: java.lang.invoke.MethodHandleImpl.profileBoolean (0x00007ab287a3bf08) [0x00007ab287a3c000, 0x00007ab287a3c3c8] Compiler: c1, Barriers: 0, Oops: 0, ImmediateOops: 1, NonImmediateOops: No
[2,068s][debug][gc,nmethod     ] Register NMethod: java.nio.DirectByteBuffer.attachment (0x00007ab2a6cbed08) [0x00007ab2a6cbee00, 0x00007ab2a6cbeee8] Compiler: c1, Barriers: 1, Oops: 0, ImmediateOops: 0, NonImmediateOops: No
[2,068s][debug][gc,nmethod     ] Register NMethod: java.nio.MappedByteBuffer.limit (0x00007ab287a3c408) [0x00007ab287a3c500, 0x00007ab287a3c8c0] Compiler: c1, Barriers: 0, Oops: 0, ImmediateOops: 0, NonImmediateOops: No
[2,068s][debug][gc,nmethod     ] Register NMethod: java.nio.ByteBuffer.<init> (0x00007ab287a3c908) [0x00007ab287a3ca00, 0x00007ab287a3cb48] Compiler: c1, Barriers: 0, Oops: 0, ImmediateOops: 0, NonImmediateOops: No
[2,068s][debug][gc,nmethod     ] Register NMethod: java.nio.MappedByteBuffer.position (0x00007ab287a3cc08) [0x00007ab287a3cd00, 0x00007ab287a3d0c0] Compiler: c1, Barriers: 0, Oops: 0, ImmediateOops: 0, NonImmediateOops: No
[2,069s][debug][gc,nmethod     ] Register NMethod: io.sirix.axis.AbstractAxis.getCursor (0x00007ab2a6cbf008) [0x00007ab2a6cbf100, 0x00007ab2a6cbf1e8] Compiler: c1, Barriers: 1, Oops: 1, ImmediateOops: 0, NonImmediateOops: No
[2,069s][debug][gc,nmethod     ] Register NMethod: java.nio.channels.spi.AbstractInterruptibleChannel.begin (0x00007ab287a3d108) [0x00007ab287a3d200, 0x00007ab287a3de18] Compiler: c1, Barriers: 6, Oops: 0, ImmediateOops: 1, NonImmediateOops: No
[2,069s][debug][gc,nmethod     ] Register NMethod: java.nio.channels.spi.AbstractInterruptibleChannel.end (0x00007ab287a3de88) [0x00007ab287a3df80, 0x00007ab287a3ea20] Compiler: c1, Barriers: 8, Oops: 0, ImmediateOops: 1, NonImmediateOops: No
[2,069s][debug][gc,nmethod     ] Register NMethod: java.util.Vector.add (0x00007ab287a3ea88) [0x00007ab287a3eb80, 0x00007ab287a3f040] Compiler: c1, Barriers: 3, Oops: 0, ImmediateOops: 0, NonImmediateOops: No
[2,069s][debug][gc,nmethod     ] Register NMethod: com.github.benmanes.caffeine.cache.BoundedLocalCache.expiry (0x00007ab2a6cbf308) [0x00007ab2a6cbf400, 0x00007ab2a6cbf4c8] Compiler: c1, Barriers: 0, Oops: 1, ImmediateOops: 0, NonImmediateOops: No
[2,069s][debug][gc,nmethod     ] Register NMethod: com.github.benmanes.caffeine.cache.BoundedLocalCache.keyReferenceQueue (0x00007ab2a6cbf608) [0x00007ab2a6cbf700, 0x00007ab2a6cbf7c8] Compiler: c1, Barriers: 0, Oops: 1, ImmediateOops: 0, NonImmediateOops: No
[2,069s][debug][gc,nmethod     ] Register NMethod: java.lang.invoke.VarHandleGuards.guard_L_I (0x00007ab287a3f088) [0x00007ab287a3f180, 0x00007ab287a42020] Compiler: c1, Barriers: 28, Oops: 0, ImmediateOops: 2, NonImmediateOops: No
[2,069s][debug][gc,nmethod     ] Register NMethod: com.github.benmanes.caffeine.cache.BoundedLocalCache.valueReferenceQueue (0x00007ab2a6cbf908) [0x00007ab2a6cbfa00, 0x00007ab2a6cbfac8] Compiler: c1, Barriers: 0, Oops: 1, ImmediateOops: 0, NonImmediateOops: No
[2,069s][debug][gc,nmethod     ] Register NMethod: it.unimi.dsi.fastutil.shorts.ShortArrayList.add (0x00007ab287a42088) [0x00007ab287a42180, 0x00007ab287a42458] Compiler: c1, Barriers: 1, Oops: 1, ImmediateOops: 0, NonImmediateOops: No
[2,069s][debug][gc,nmethod     ] Register NMethod: it.unimi.dsi.fastutil.shorts.ShortArrayList.grow (0x00007ab287a42488) [0x00007ab287a42580, 0x00007ab287a42bc8] Compiler: c1, Barriers: 8, Oops: 1, ImmediateOops: 0, NonImmediateOops: No
[2,069s][debug][gc,nmethod     ] Register NMethod: java.nio.MappedByteBuffer.<init> (0x00007ab287a42c08) [0x00007ab287a42d00, 0x00007ab287a42ed0] Compiler: c1, Barriers: 3, Oops: 0, ImmediateOops: 0, NonImmediateOops: No
[2,069s][debug][gc,nmethod     ] Register NMethod: java.util.concurrent.atomic.AtomicInteger.decrementAndGet (0x00007ab287a42f08) [0x00007ab287a43000, 0x00007ab287a43110] Compiler: c1, Barriers: 0, Oops: 0, ImmediateOops: 0, NonImmediateOops: No
[2,070s][debug][gc,nmethod     ] Register NMethod: jdk.internal.misc.Unsafe.compareAndExchangeLong (0x00007ab2a6cbfc08) [0x00007ab2a6cbfd00, 0x00007ab2a6cbfe68] Compiler: , Barriers: 0, Oops: 0, ImmediateOops: 0, NonImmediateOops: No
[2,070s][debug][gc,nmethod     ] Register NMethod: io.sirix.page.NamePage.delegate (0x00007ab2a6cbff08) [0x00007ab2a6cc0000, 0x00007ab2a6cc00e8] Compiler: c1, Barriers: 1, Oops: 1, ImmediateOops: 0, NonImmediateOops: No
[2,070s][debug][gc,nmethod     ] Register NMethod: io.sirix.page.UberPage.getRevisionNumber (0x00007ab287a43208) [0x00007ab287a43300, 0x00007ab287a43408] Compiler: c1, Barriers: 0, Oops: 1, ImmediateOops: 0, NonImmediateOops: No
[2,070s][debug][gc,nmethod     ] Register NMethod: io.sirix.node.MemorySegmentBytesOut.getDestination (0x00007ab287a43508) [0x00007ab287a43600, 0x00007ab287a43788] Compiler: c1, Barriers: 1, Oops: 1, ImmediateOops: 0, NonImmediateOops: No
[2,070s][debug][gc,nmethod     ] Register NMethod: jdk.internal.misc.Unsafe.getIntOpaque (0x00007ab287a43808) [0x00007ab287a43900, 0x00007ab287a43a00] Compiler: c1, Barriers: 0, Oops: 0, ImmediateOops: 0, NonImmediateOops: No
[2,070s][debug][gc,nmethod     ] Register NMethod: java.nio.ByteBuffer.wrap (0x00007ab287a43b08) [0x00007ab287a43c00, 0x00007ab287a43e70] Compiler: c1, Barriers: 0, Oops: 0, ImmediateOops: 0, NonImmediateOops: No
[2,070s][debug][gc,nmethod     ] Register NMethod: java.nio.HeapByteBuffer.<init> (0x00007ab287a43e88) [0x00007ab287a43f80, 0x00007ab287a440f8] Compiler: c1, Barriers: 0, Oops: 0, ImmediateOops: 0, NonImmediateOops: No
[2,070s][debug][gc,nmethod     ] Register NMethod: java.util.concurrent.ForkJoinTask.noUserHelp (0x00007ab287a44188) [0x00007ab287a44280, 0x00007ab287a44390] Compiler: c1, Barriers: 0, Oops: 0, ImmediateOops: 0, NonImmediateOops: No
[2,070s][debug][gc,nmethod     ] Register NMethod: io.sirix.access.trx.page.NodeStorageEngineReader.checkItemIfDeleted (0x00007ab287a44488) [0x00007ab287a44580, 0x00007ab287a448e0] Compiler: c1, Barriers: 0, Oops: 1, ImmediateOops: 0, NonImmediateOops: No
[2,071s][debug][gc,nmethod     ] Register NMethod: java.nio.Bits.tryReserveMemory (0x00007ab287a44908) [0x00007ab287a44a00, 0x00007ab287a453f0] Compiler: c1, Barriers: 0, Oops: 0, ImmediateOops: 5, NonImmediateOops: No
[2,071s][debug][gc,nmethod     ] Register NMethod: java.lang.invoke.VarHandleInts$FieldInstanceReadOnly.getOpaque (0x00007ab287a45408) [0x00007ab287a45500, 0x00007ab287a46110] Compiler: c1, Barriers: 1, Oops: 1, ImmediateOops: 1, NonImmediateOops: No
[2,071s][debug][gc,nmethod     ] Register NMethod: com.github.benmanes.caffeine.cache.BLCHeader$DrainStatusRef.drainStatusOpaque (0x00007ab287a46188) [0x00007ab287a46280, 0x00007ab287a470c0] Compiler: c1, Barriers: 0, Oops: 6, ImmediateOops: 6, NonImmediateOops: No
[2,071s][debug][gc,nmethod     ] Register NMethod: java.lang.invoke.MethodHandle.invokeBasic (0x00007ab2a6cc0208) [0x00007ab2a6cc0300, 0x00007ab2a6cc0598] Compiler: , Barriers: 0, Oops: 0, ImmediateOops: 0, NonImmediateOops: No
[2,071s][debug][gc,nmethod     ] Register NMethod: com.github.benmanes.caffeine.cache.SSLSMW.frequencySketch (0x00007ab2a6cc0608) [0x00007ab2a6cc0700, 0x00007ab2a6cc07f0] Compiler: c1, Barriers: 1, Oops: 1, ImmediateOops: 0, NonImmediateOops: No
[2,071s][debug][gc,nmethod     ] Register NMethod: io.sirix.page.PageReference.equals (0x00007ab287a47108) [0x00007ab287a47200, 0x00007ab287a47850] Compiler: c1, Barriers: 0, Oops: 1, ImmediateOops: 0, NonImmediateOops: No
[2,071s][debug][gc,nmethod     ] Register NMethod: io.sirix.access.trx.node.AbstractResourceSession.getMostRecentRevisionNumber (0x00007ab287a47888) [0x00007ab287a47980, 0x00007ab287a48240] Compiler: c1, Barriers: 2, Oops: 1, ImmediateOops: 1, NonImmediateOops: No
[2,071s][debug][gc,nmethod     ] Register NMethod: io.sirix.page.RevisionRootPage.getNamePageReference (0x00007ab287a48288) [0x00007ab287a48380, 0x00007ab287a488f0] Compiler: c1, Barriers: 1, Oops: 1, ImmediateOops: 0, NonImmediateOops: No
[2,071s][debug][gc,nmethod     ] Register NMethod: com.github.benmanes.caffeine.cache.BoundedLocalCache.isAsync (0x00007ab2a6cc0908) [0x00007ab2a6cc0a00, 0x00007ab2a6cc0ac8] Compiler: c1, Barriers: 0, Oops: 1, ImmediateOops: 0, NonImmediateOops: No
[2,071s][debug][gc,nmethod     ] Register NMethod: com.github.benmanes.caffeine.cache.RemovalCause$2.wasEvicted (0x00007ab2a6cc0c08) [0x00007ab2a6cc0d00, 0x00007ab2a6cc0dc0] Compiler: c1, Barriers: 0, Oops: 1, ImmediateOops: 0, NonImmediateOops: No
[2,071s][debug][gc,nmethod     ] Register NMethod: java.util.ArrayList$ListItr.hasPrevious (0x00007ab287a48908) [0x00007ab287a48a00, 0x00007ab287a48b50] Compiler: c1, Barriers: 0, Oops: 0, ImmediateOops: 0, NonImmediateOops: No
[2,071s][debug][gc,nmethod     ] Register NMethod: com.google.common.collect.testing.Helpers.addAll (0x00007ab287a48c08) [0x00007ab287a48d00, 0x00007ab287a496b8] Compiler: c1, Barriers: 0, Oops: 1, ImmediateOops: 0, NonImmediateOops: No
[2,071s][debug][gc,nmethod     ] Register NMethod: java.util.Vector.add (0x00007ab287a49708) [0x00007ab287a49800, 0x00007ab287a49ec8] Compiler: c1, Barriers: 4, Oops: 0, ImmediateOops: 0, NonImmediateOops: No
[2,071s][debug][gc,nmethod     ] Register NMethod: java.lang.invoke.VarHandleGuards.guard_LJJ_Z (0x00007ab287a49f08) [0x00007ab287a4a000, 0x00007ab287a4cee0] Compiler: c1, Barriers: 28, Oops: 0, ImmediateOops: 2, NonImmediateOops: No
[2,071s][debug][gc,nmethod     ] Register NMethod: java.lang.invoke.LambdaForm$MH/0x000000006c267800.guard (0x00007ab287a4cf08) [0x00007ab287a4d000, 0x00007ab287a4e2a0] Compiler: c1, Barriers: 4, Oops: 1, ImmediateOops: 0, NonImmediateOops: No
[2,071s][debug][gc,nmethod     ] Register NMethod: java.nio.ByteBuffer.allocateDirect (0x00007ab287a4e308) [0x00007ab287a4e400, 0x00007ab287a4e588] Compiler: c1, Barriers: 0, Oops: 0, ImmediateOops: 0, NonImmediateOops: No
[2,072s][debug][gc,nmethod     ] Register NMethod: java.nio.Bits.pageSize (0x00007ab287a4e608) [0x00007ab287a4e700, 0x00007ab287a4ea60] Compiler: c1, Barriers: 0, Oops: 0, ImmediateOops: 4, NonImmediateOops: No
[2,072s][debug][gc,nmethod     ] Register NMethod: jdk.internal.misc.Unsafe.setMemory (0x00007ab287a4ea88) [0x00007ab287a4eb80, 0x00007ab287a4ee90] Compiler: c1, Barriers: 0, Oops: 0, ImmediateOops: 0, NonImmediateOops: No
[2,072s][debug][gc,nmethod     ] Register NMethod: java.nio.DirectByteBuffer$Deallocator.<init> (0x00007ab287a4ef08) [0x00007ab287a4f000, 0x00007ab287a4f1d8] Compiler: c1, Barriers: 0, Oops: 0, ImmediateOops: 0, NonImmediateOops: No
[2,072s][debug][gc,nmethod     ] Register NMethod: jdk.internal.ref.Cleaner.create (0x00007ab287a4f208) [0x00007ab287a4f300, 0x00007ab287a4fc68] Compiler: c1, Barriers: 25, Oops: 1, ImmediateOops: 4, NonImmediateOops: No
[2,072s][debug][gc,nmethod     ] Register NMethod: jdk.internal.ref.Cleaner.<init> (0x00007ab287a4fc88) [0x00007ab287a4fd80, 0x00007ab287a50218] Compiler: c1, Barriers: 15, Oops: 1, ImmediateOops: 1, NonImmediateOops: No
[2,072s][debug][gc,nmethod     ] Register NMethod: jdk.internal.misc.Unsafe.setMemory (0x00007ab287a50288) [0x00007ab287a50380, 0x00007ab287a50fb0] Compiler: c1, Barriers: 2, Oops: 0, ImmediateOops: 0, NonImmediateOops: No
[2,072s][debug][gc,nmethod     ] Register NMethod: jdk.internal.misc.Unsafe.setMemoryChecks (0x00007ab287a51008) [0x00007ab287a51100, 0x00007ab287a51d58] Compiler: c1, Barriers: 2, Oops: 0, ImmediateOops: 0, NonImmediateOops: No
[2,072s][debug][gc,nmethod     ] Register NMethod: jdk.internal.ref.Cleaner.add (0x00007ab287a51d88) [0x00007ab287a51e80, 0x00007ab287a522a8] Compiler: c1, Barriers: 10, Oops: 0, ImmediateOops: 3, NonImmediateOops: No
[2,072s][debug][gc,nmethod     ] Register NMethod: java.nio.DirectByteBuffer.<init> (0x00007ab287a52308) [0x00007ab287a52400, 0x00007ab287a53d70] Compiler: c1, Barriers: 25, Oops: 2, ImmediateOops: 14, NonImmediateOops: No
[2,072s][debug][gc,nmethod     ] Register NMethod: io.sirix.cache.ShardedPageCache.getAndGuard (0x00007ab287a53d88) [0x00007ab287a53e80, 0x00007ab287a542d0] Compiler: c1, Barriers: 1, Oops: 2, ImmediateOops: 1, NonImmediateOops: No
[2,072s][debug][gc,nmethod     ] Register NMethod: io.sirix.cache.ShardedPageCache.getAndGuard (0x00007ab287a54308) [0x00007ab287a54400, 0x00007ab287a54c68] Compiler: c1, Barriers: 1, Oops: 2, ImmediateOops: 1, NonImmediateOops: No
[2,072s][debug][gc,nmethod     ] Register NMethod: io.sirix.cache.ShardedPageCache.lambda$getAndGuard$0 (0x00007ab287a54c88) [0x00007ab287a54d80, 0x00007ab287a554f0] Compiler: c1, Barriers: 0, Oops: 1, ImmediateOops: 0, NonImmediateOops: No
[2,072s][debug][gc,nmethod     ] Register NMethod: io.sirix.cache.ShardedPageCache$$Lambda/0x000000006c2548a8.apply (0x00007ab287a55508) [0x00007ab287a55600, 0x00007ab287a561d0] Compiler: c1, Barriers: 0, Oops: 1, ImmediateOops: 0, NonImmediateOops: No
[2,072s][debug][gc,nmethod     ] Register NMethod: com.github.benmanes.caffeine.cache.SSMS.frequencySketch (0x00007ab2a6cc0f08) [0x00007ab2a6cc1000, 0x00007ab2a6cc10f0] Compiler: c1, Barriers: 1, Oops: 1, ImmediateOops: 0, NonImmediateOops: No
[2,073s][debug][gc,nmethod     ] Register NMethod: com.github.benmanes.caffeine.cache.FrequencySketch.isNotInitialized (0x00007ab287a56208) [0x00007ab287a56300, 0x00007ab287a56480] Compiler: c1, Barriers: 1, Oops: 1, ImmediateOops: 0, NonImmediateOops: No
[2,073s][debug][gc,director    ] Rule Major: Warmup 10%, Used: 268MB, UsedThreshold: 1228MB
[2,073s][debug][gc,nmethod     ] Register NMethod: java.util.ArrayList$ListItr.previous (0x00007ab287a56508) [0x00007ab287a56600, 0x00007ab287a56c70] Compiler: c1, Barriers: 4, Oops: 0, ImmediateOops: 0, NonImmediateOops: No
[2,073s][debug][gc,nmethod     ] Register NMethod: java.lang.invoke.DirectMethodHandle$Holder.fieldAccess (0x00007ab287a56c88) [0x00007ab287a56d80, 0x00007ab287a57278] Compiler: c1, Barriers: 0, Oops: 0, ImmediateOops: 0, NonImmediateOops: No
[2,073s][debug][gc,nmethod     ] Register NMethod: java.lang.invoke.DirectMethodHandle$Holder.invokeStatic (0x00007ab287a57288) [0x00007ab287a57380, 0x00007ab287a57748] Compiler: c1, Barriers: 1, Oops: 0, ImmediateOops: 0, NonImmediateOops: No
[2,073s][debug][gc,nmethod     ] Register NMethod: java.lang.invoke.LambdaForm$MH/0x000000006c240c00.invoke (0x00007ab287a57788) [0x00007ab287a57880, 0x00007ab287a583f0] Compiler: c1, Barriers: 2, Oops: 1, ImmediateOops: 0, NonImmediateOops: No
[2,073s][debug][gc,nmethod     ] Register NMethod: com.github.benmanes.caffeine.cache.FrequencySketch.incrementAt (0x00007ab287a58408) [0x00007ab287a58500, 0x00007ab287a586e8] Compiler: c1, Barriers: 1, Oops: 1, ImmediateOops: 0, NonImmediateOops: No
[2,073s][debug][gc,nmethod     ] Register NMethod: java.util.HashMap$HashIterator.nextNode (0x00007ab2a6cc1208) [0x00007ab2a6cc1300, 0x00007ab2a6cc16d0] Compiler: jvmci, Barriers: 14, Oops: 0, ImmediateOops: 0, NonImmediateOops: No
[2,073s][debug][gc,nmethod     ] Register NMethod: jdk.internal.misc.Unsafe.getIntUnaligned (0x00007ab2a6cc1708) [0x00007ab2a6cc1800, 0x00007ab2a6cc18c0] Compiler: jvmci, Barriers: 0, Oops: 0, ImmediateOops: 0, NonImmediateOops: No
[2,073s][debug][gc,nmethod     ] Register NMethod: io.sirix.access.ResourceConfiguration.getDatabaseId (0x00007ab287a58708) [0x00007ab287a58800, 0x00007ab287a58b58] Compiler: c1, Barriers: 1, Oops: 1, ImmediateOops: 0, NonImmediateOops: No
[2,073s][debug][gc,nmethod     ] Register NMethod: io.sirix.access.trx.page.NodeStorageEngineReader.getNamePage (0x00007ab287a58b88) [0x00007ab287a58c80, 0x00007ab287a59c58] Compiler: c1, Barriers: 4, Oops: 1, ImmediateOops: 1, NonImmediateOops: No
[2,073s][debug][gc,nmethod     ] Register NMethod: java.util.Vector$Itr.<init> (0x00007ab287a59c88) [0x00007ab287a59d80, 0x00007ab287a5a0b0] Compiler: c1, Barriers: 3, Oops: 0, ImmediateOops: 0, NonImmediateOops: No
[2,073s][debug][gc,nmethod     ] Register NMethod: sun.nio.ch.Util.isBufferTooLarge (0x00007ab287a5a108) [0x00007ab287a5a200, 0x00007ab287a5a340] Compiler: c1, Barriers: 0, Oops: 0, ImmediateOops: 0, NonImmediateOops: No
[2,074s][debug][gc,nmethod     ] Register NMethod: java.nio.ByteBuffer.base (0x00007ab2a6cc1a08) [0x00007ab2a6cc1b00, 0x00007ab2a6cc1be8] Compiler: c1, Barriers: 1, Oops: 0, ImmediateOops: 0, NonImmediateOops: No
[2,074s][debug][gc,nmethod     ] Register NMethod: it.unimi.dsi.fastutil.ints.Int2LongOpenHashMap.insert (0x00007ab287a5a408) [0x00007ab287a5a500, 0x00007ab287a5a7c0] Compiler: c1, Barriers: 2, Oops: 1, ImmediateOops: 0, NonImmediateOops: No
[2,074s][debug][gc,nmethod     ] Register NMethod: java.lang.Byte.valueOf (0x00007ab287a5a808) [0x00007ab287a5a900, 0x00007ab287a5aa40] Compiler: c1, Barriers: 1, Oops: 0, ImmediateOops: 1, NonImmediateOops: No
[2,075s][debug][gc,nmethod     ] Register NMethod: com.google.common.collect.ForwardingObject.<init> (0x00007ab287a5ab08) [0x00007ab287a5ac00, 0x00007ab287a5ad70] Compiler: c1, Barriers: 0, Oops: 1, ImmediateOops: 0, NonImmediateOops: No
[2,075s][debug][gc,nmethod     ] Register NMethod: it.unimi.dsi.fastutil.ints.Int2IntOpenHashMap.insert (0x00007ab287a5ae08) [0x00007ab287a5af00, 0x00007ab287a5b1c0] Compiler: c1, Barriers: 2, Oops: 1, ImmediateOops: 0, NonImmediateOops: No
[2,075s][debug][gc,nmethod     ] Register NMethod: java.util.Vector$Itr.hasNext (0x00007ab287a5b208) [0x00007ab287a5b300, 0x00007ab287a5b490] Compiler: c1, Barriers: 1, Oops: 0, ImmediateOops: 0, NonImmediateOops: No
[2,075s][debug][gc,nmethod     ] Register NMethod: io.sirix.page.PageUtils.fixupPageReferenceIds (0x00007ab287a5b508) [0x00007ab287a5b600, 0x00007ab287a5c6e8] Compiler: c1, Barriers: 0, Oops: 1, ImmediateOops: 0, NonImmediateOops: No
[2,076s][debug][gc,nmethod     ] Register NMethod: io.sirix.access.trx.page.NodeStorageEngineReader$PageReferenceToPage.<init> (0x00007ab287a5c708) [0x00007ab287a5c800, 0x00007ab287a5caa8] Compiler: c1, Barriers: 6, Oops: 1, ImmediateOops: 0, NonImmediateOops: No
[2,076s][debug][gc,nmethod     ] Register NMethod: java.lang.invoke.DelegatingMethodHandle$Holder.delegate (0x00007ab287a5cb08) [0x00007ab287a5cc00, 0x00007ab287a5d308] Compiler: c1, Barriers: 0, Oops: 0, ImmediateOops: 0, NonImmediateOops: No
[2,076s][debug][gc,nmethod     ] Register NMethod: java.util.concurrent.atomic.AtomicReferenceFieldUpdater$AtomicReferenceFieldUpdaterImpl.get (0x00007ab287a5d388) [0x00007ab287a5d480, 0x00007ab287a5d8b8] Compiler: c1, Barriers: 2, Oops: 0, ImmediateOops: 0, NonImmediateOops: No
[2,076s][debug][gc,nmethod     ] Register NMethod: io.sirix.access.trx.page.NodeStorageEngineReader.getRecord (0x00007ab287a5d908) [0x00007ab287a5da00, 0x00007ab287a5f420] Compiler: c1, Barriers: 4, Oops: 1, ImmediateOops: 3, NonImmediateOops: No
[2,077s][debug][gc,nmethod     ] Register NMethod: java.util.concurrent.atomic.AtomicLongFieldUpdater$CASUpdater.accessCheck (0x00007ab287a5f488) [0x00007ab287a5f580, 0x00007ab287a5f910] Compiler: c1, Barriers: 1, Oops: 0, ImmediateOops: 0, NonImmediateOops: No
[2,077s][debug][gc,nmethod     ] Register NMethod: io.sirix.access.trx.node.AbstractNodeReadOnlyTrx.setCurrentNode (0x00007ab287a5f988) [0x00007ab287a5fa80, 0x00007ab287a5ff10] Compiler: c1, Barriers: 3, Oops: 1, ImmediateOops: 1, NonImmediateOops: No
[2,077s][debug][gc,nmethod     ] Register NMethod: net.jpountz.util.SafeUtils.readIntLE (0x00007ab2a6cc1d08) [0x00007ab2a6cc1e00, 0x00007ab2a6cc1f18] Compiler: jvmci, Barriers: 0, Oops: 1, ImmediateOops: 0, NonImmediateOops: No
[2,077s][debug][gc,nmethod     ] Register NMethod: net.jpountz.xxhash.StreamingXXHash32JNI.<init> (0x00007ab287a5ff88) [0x00007ab287a60080, 0x00007ab287a602a0] Compiler: c1, Barriers: 0, Oops: 1, ImmediateOops: 0, NonImmediateOops: No
[2,077s][debug][gc,nmethod     ] Register NMethod: net.jpountz.xxhash.StreamingXXHash32JNI$Factory.newStreamingHash (0x00007ab287a60308) [0x00007ab287a60400, 0x00007ab287a606d8] Compiler: c1, Barriers: 0, Oops: 1, ImmediateOops: 0, NonImmediateOops: No
[2,077s][debug][gc,nmethod     ] Register NMethod: com.github.benmanes.caffeine.cache.PS.getKey (0x00007ab287a60708) [0x00007ab287a60800, 0x00007ab287a619d8] Compiler: c1, Barriers: 1, Oops: 7, ImmediateOops: 8, NonImmediateOops: No
[2,077s][debug][gc,nmethod     ] Register NMethod: net.jpountz.xxhash.XXHashFactory.newStreamingHash32 (0x00007ab287a61a88) [0x00007ab287a61b80, 0x00007ab287a61f30] Compiler: c1, Barriers: 1, Oops: 1, ImmediateOops: 0, NonImmediateOops: No
[2,077s][debug][gc,nmethod     ] Register NMethod: net.jpountz.xxhash.StreamingXXHash32.<init> (0x00007ab287a61f88) [0x00007ab287a62080, 0x00007ab287a62200] Compiler: c1, Barriers: 0, Oops: 1, ImmediateOops: 0, NonImmediateOops: No
[2,078s][debug][gc,nmethod     ] Register NMethod: net.jpountz.xxhash.StreamingXXHash32JNI.getValue (0x00007ab287a62288) [0x00007ab287a62380, 0x00007ab287a62778] Compiler: c1, Barriers: 0, Oops: 1, ImmediateOops: 1, NonImmediateOops: No
[2,078s][debug][gc,nmethod     ] Register NMethod: net.jpountz.xxhash.StreamingXXHash32JNI.update (0x00007ab287a62788) [0x00007ab287a62880, 0x00007ab287a62c88] Compiler: c1, Barriers: 0, Oops: 1, ImmediateOops: 1, NonImmediateOops: No
[2,078s][debug][gc,nmethod     ] Register NMethod: net.jpountz.xxhash.XXHashFactory.nativeInstance (0x00007ab287a62d08) [0x00007ab287a62e00, 0x00007ab287a63370] Compiler: c1, Barriers: 5, Oops: 2, ImmediateOops: 5, NonImmediateOops: No
[2,078s][debug][gc,nmethod     ] Register NMethod: net.jpountz.xxhash.StreamingXXHash32.asChecksum (0x00007ab287a63388) [0x00007ab287a63480, 0x00007ab287a63708] Compiler: c1, Barriers: 3, Oops: 1, ImmediateOops: 0, NonImmediateOops: No
[2,078s][debug][gc,nmethod     ] Register NMethod: net.jpountz.xxhash.StreamingXXHash32$1.<init> (0x00007ab287a63788) [0x00007ab287a63880, 0x00007ab287a63a58] Compiler: c1, Barriers: 3, Oops: 1, ImmediateOops: 0, NonImmediateOops: No
[2,078s][debug][gc,nmethod     ] Register NMethod: net.jpountz.xxhash.StreamingXXHash32JNI.reset (0x00007ab287a63a88) [0x00007ab287a63b80, 0x00007ab287a63fc0] Compiler: c1, Barriers: 0, Oops: 1, ImmediateOops: 1, NonImmediateOops: No
[2,078s][debug][gc,nmethod     ] Register NMethod: net.jpountz.xxhash.StreamingXXHash32$1.reset (0x00007ab287a64008) [0x00007ab287a64100, 0x00007ab287a64610] Compiler: c1, Barriers: 1, Oops: 1, ImmediateOops: 1, NonImmediateOops: No
[2,078s][debug][gc,nmethod     ] Register NMethod: net.jpountz.lz4.LZ4Factory.nativeInstance (0x00007ab287a64688) [0x00007ab287a64780, 0x00007ab287a64cf0] Compiler: c1, Barriers: 5, Oops: 2, ImmediateOops: 5, NonImmediateOops: No
[2,078s][debug][gc,nmethod     ] Register NMethod: it.unimi.dsi.fastutil.HashCommon.nextPowerOfTwo (0x00007ab287a64d08) [0x00007ab287a64e00, 0x00007ab287a65000] Compiler: c1, Barriers: 0, Oops: 1, ImmediateOops: 0, NonImmediateOops: No
[2,078s][debug][gc,nmethod     ] Register NMethod: net.jpountz.lz4.LZ4Factory.fastestInstance (0x00007ab287a65088) [0x00007ab287a65180, 0x00007ab287a67c28] Compiler: c1, Barriers: 35, Oops: 5, ImmediateOops: 38, NonImmediateOops: No
[2,078s][debug][gc,nmethod     ] Register NMethod: it.unimi.dsi.fastutil.HashCommon.maxFill (0x00007ab287a67c88) [0x00007ab287a67d80, 0x00007ab287a67fe0] Compiler: c1, Barriers: 0, Oops: 1, ImmediateOops: 0, NonImmediateOops: No
[2,078s][debug][gc,nmethod     ] Register NMethod: net.jpountz.xxhash.XXHashFactory.fastestInstance (0x00007ab287a68008) [0x00007ab287a68100, 0x00007ab287a6aba8] Compiler: c1, Barriers: 35, Oops: 5, ImmediateOops: 38, NonImmediateOops: No
[2,078s][debug][gc,nmethod     ] Register NMethod: net.jpountz.xxhash.StreamingXXHash32$1.update (0x00007ab287a6ac08) [0x00007ab287a6ad00, 0x00007ab287a6ae88] Compiler: c1, Barriers: 1, Oops: 1, ImmediateOops: 0, NonImmediateOops: No
[2,078s][debug][gc,nmethod     ] Register NMethod: com.github.benmanes.caffeine.cache.BoundedLocalCache$BoundedLocalManualCache.cache (0x00007ab287a6af08) [0x00007ab287a6b000, 0x00007ab287a6b158] Compiler: c1, Barriers: 1, Oops: 1, ImmediateOops: 0, NonImmediateOops: No
[2,078s][debug][gc,nmethod     ] Register NMethod: net.jpountz.xxhash.StreamingXXHash32$1.getValue (0x00007ab287a6b208) [0x00007ab287a6b300, 0x00007ab287a6b7f0] Compiler: c1, Barriers: 1, Oops: 1, ImmediateOops: 1, NonImmediateOops: No
[2,078s][debug][gc,nmethod     ] Register NMethod: io.sirix.access.trx.node.AbstractNodeReadOnlyTrx.getStructuralNode (0x00007ab287a6b808) [0x00007ab287a6b900, 0x00007ab287a6c3b8] Compiler: c1, Barriers: 4, Oops: 1, ImmediateOops: 0, NonImmediateOops: No
[2,079s][debug][gc,nmethod     ] Register NMethod: sun.nio.fs.UnixPath.toString (0x00007ab287a6c408) [0x00007ab287a6c500, 0x00007ab287a6ca78] Compiler: c1, Barriers: 6, Oops: 0, ImmediateOops: 1, NonImmediateOops: No
[2,079s][debug][gc,nmethod     ] Register NMethod: io.sirix.node.BytesOut.asBytesIn (0x00007ab287a6ca88) [0x00007ab287a6cb80, 0x00007ab287a6d828] Compiler: c1, Barriers: 4, Oops: 1, ImmediateOops: 0, NonImmediateOops: No
[2,079s][debug][gc,nmethod     ] Register NMethod: java.lang.Boolean.equals (0x00007ab287a6d888) [0x00007ab287a6d980, 0x00007ab287a6e110] Compiler: c1, Barriers: 0, Oops: 0, ImmediateOops: 0, NonImmediateOops: No
[2,079s][debug][gc,nmethod     ] Register NMethod: java.lang.invoke.VarHandleReferences$FieldInstanceReadWrite.setRelease (0x00007ab287a6e188) [0x00007ab287a6e280, 0x00007ab287a6f430] Compiler: c1, Barriers: 2, Oops: 1, ImmediateOops: 1, NonImmediateOops: No
[2,079s][debug][gc,nmethod     ] Register NMethod: sun.nio.fs.UnixFileSystemProvider.exists (0x00007ab287a6f488) [0x00007ab287a6f580, 0x00007ab287a6fdd0] Compiler: c1, Barriers: 0, Oops: 0, ImmediateOops: 0, NonImmediateOops: No
[2,079s][debug][gc,nmethod     ] Register NMethod: sun.nio.fs.UnixNativeDispatcher.access (0x00007ab287a6fe08) [0x00007ab287a6ff00, 0x00007ab287a70550] Compiler: c1, Barriers: 0, Oops: 0, ImmediateOops: 0, NonImmediateOops: No
[2,079s][debug][gc,nmethod     ] Register NMethod: java.nio.file.Files.exists (0x00007ab287a70588) [0x00007ab287a70680, 0x00007ab287a70e48] Compiler: c1, Barriers: 2, Oops: 0, ImmediateOops: 0, NonImmediateOops: No
[2,079s][debug][gc,nmethod     ] Register NMethod: io.sirix.access.trx.page.NodeStorageEngineReader.getRecordPage (0x00007ab287a70e88) [0x00007ab287a70f80, 0x00007ab287a7c508] Compiler: c1, Barriers: 96, Oops: 5, ImmediateOops: 16, NonImmediateOops: No
[2,079s][debug][gc,nmethod     ] Register NMethod: io.sirix.page.delegates.ReferencesPage4.getReferences (0x00007ab2a6cc2008) [0x00007ab2a6cc2100, 0x00007ab2a6cc21e8] Compiler: c1, Barriers: 1, Oops: 1, ImmediateOops: 0, NonImmediateOops: No
[2,080s][debug][gc,nmethod     ] Register NMethod: java.nio.ByteOrder.nativeOrder (0x00007ab2a6cc2308) [0x00007ab2a6cc2400, 0x00007ab2a6cc2470] Compiler: jvmci, Barriers: 0, Oops: 0, ImmediateOops: 1, NonImmediateOops: No
[2,080s][debug][gc,nmethod     ] Register NMethod: java.io.ByteArrayInputStream.<init> (0x00007ab287a7c588) [0x00007ab287a7c680, 0x00007ab287a7c8c8] Compiler: c1, Barriers: 3, Oops: 0, ImmediateOops: 0, NonImmediateOops: No
[2,080s][debug][gc,nmethod     ] Register NMethod: io.sirix.page.delegates.BitmapReferencesPage.getReferences (0x00007ab2a6cc2608) [0x00007ab2a6cc2700, 0x00007ab2a6cc27e8] Compiler: c1, Barriers: 1, Oops: 1, ImmediateOops: 0, NonImmediateOops: No
[2,081s][debug][gc,nmethod     ] Register NMethod: java.nio.file.Path.resolve (0x00007ab287a7c908) [0x00007ab287a7ca00, 0x00007ab287a7cf50] Compiler: c1, Barriers: 1, Oops: 0, ImmediateOops: 0, NonImmediateOops: No
[2,081s][debug][gc,nmethod     ] Register NMethod: jdk.internal.foreign.Utils.checkNonNegativeArgument (0x00007ab287a7cf88) [0x00007ab287a7d080, 0x00007ab287a7e248] Compiler: c1, Barriers: 0, Oops: 2, ImmediateOops: 3, NonImmediateOops: No
[2,081s][debug][gc,nmethod     ] Register NMethod: java.io.FilterInputStream.close (0x00007ab287a7e288) [0x00007ab287a7e380, 0x00007ab287a7e6c0] Compiler: c1, Barriers: 1, Oops: 0, ImmediateOops: 0, NonImmediateOops: No
[2,081s][debug][gc,nmethod     ] Register NMethod: io.sirix.BinaryEncodingVersion.values (0x00007ab287a7e708) [0x00007ab287a7e800, 0x00007ab287a7ece0] Compiler: c1, Barriers: 0, Oops: 1, ImmediateOops: 1, NonImmediateOops: No
[2,081s][debug][gc,nmethod     ] Register NMethod: com.github.benmanes.caffeine.cache.SSLSMW.fastpath (0x00007ab2a6cc2908) [0x00007ab2a6cc2a00, 0x00007ab2a6cc2ac0] Compiler: c1, Barriers: 0, Oops: 1, ImmediateOops: 0, NonImmediateOops: No
[2,081s][debug][gc,nmethod     ] Register NMethod: java.io.ByteArrayInputStream.close (0x00007ab287a7ed08) [0x00007ab287a7ee00, 0x00007ab287a7ef00] Compiler: c1, Barriers: 0, Oops: 0, ImmediateOops: 0, NonImmediateOops: No
[2,081s][debug][gc,nmethod     ] Register NMethod: java.lang.Object.equals (0x00007ab2a6cc2c08) [0x00007ab2a6cc2d00, 0x00007ab2a6cc2d90] Compiler: jvmci, Barriers: 0, Oops: 0, ImmediateOops: 0, NonImmediateOops: No
[2,081s][debug][gc,nmethod     ] Register NMethod: java.nio.DirectByteBuffer.getInt (0x00007ab287a7f008) [0x00007ab287a7f100, 0x00007ab287a7f638] Compiler: c1, Barriers: 0, Oops: 0, ImmediateOops: 0, NonImmediateOops: No
[2,081s][debug][gc,nmethod     ] Register NMethod: io.sirix.io.bytepipe.ByteHandlerPipeline.deserialize (0x00007ab287a7f688) [0x00007ab287a7f780, 0x00007ab287a803a0] Compiler: c1, Barriers: 1, Oops: 1, ImmediateOops: 0, NonImmediateOops: No
[2,081s][debug][gc,nmethod     ] Register NMethod: java.nio.DirectByteBuffer.getInt (0x00007ab287a80408) [0x00007ab287a80500, 0x00007ab287a81d30] Compiler: c1, Barriers: 5, Oops: 1, ImmediateOops: 4, NonImmediateOops: No
[2,081s][debug][gc,nmethod     ] Register NMethod: java.lang.invoke.VarHandleReferences$Array.setRelease (0x00007ab287a81d88) [0x00007ab287a81e80, 0x00007ab287a83ee8] Compiler: c1, Barriers: 5, Oops: 2, ImmediateOops: 2, NonImmediateOops: No
[2,081s][debug][gc,nmethod     ] Register NMethod: java.lang.invoke.Invokers$Holder.linkToTargetMethod (0x00007ab287a83f08) [0x00007ab287a84000, 0x00007ab287a844f8] Compiler: c1, Barriers: 0, Oops: 0, ImmediateOops: 0, NonImmediateOops: No
[2,082s][debug][gc,nmethod     ] Register NMethod: io.sirix.access.trx.RevisionEpochTracker.register (0x00007ab287a84508) [0x00007ab287a84600, 0x00007ab287a861d8] Compiler: c1, Barriers: 3, Oops: 8, ImmediateOops: 9, NonImmediateOops: No
[2,082s][debug][gc,nmethod     ] Register NMethod: java.io.InputStream.readNBytes (0x00007ab287a86288) [0x00007ab287a86380, 0x00007ab287a88440] Compiler: c1, Barriers: 6, Oops: 1, ImmediateOops: 5, NonImmediateOops: No
[2,082s][debug][gc,nmethod     ] Register NMethod: io.sirix.io.AbstractReader.deserialize (0x00007ab287a88488) [0x00007ab287a88580, 0x00007ab287a8b488] Compiler: c1, Barriers: 15, Oops: 2, ImmediateOops: 2, NonImmediateOops: No
[2,082s][debug][gc,nmethod     ] Register NMethod: net.jpountz.lz4.LZ4BlockInputStream.<init> (0x00007ab287a8b508) [0x00007ab287a8b600, 0x00007ab287a8e328] Compiler: c1, Barriers: 36, Oops: 5, ImmediateOops: 38, NonImmediateOops: No
[2,082s][debug][gc,nmethod     ] Register NMethod: java.util.Collections.addAll (0x00007ab287a8e388) [0x00007ab287a8e480, 0x00007ab287a8e888] Compiler: c1, Barriers: 1, Oops: 0, ImmediateOops: 0, NonImmediateOops: No
[2,082s][debug][gc,nmethod     ] Register NMethod: java.io.InputStream.readAllBytes (0x00007ab287a8e908) [0x00007ab287a8ea00, 0x00007ab287a8ed08] Compiler: c1, Barriers: 0, Oops: 0, ImmediateOops: 0, NonImmediateOops: No
[2,082s][debug][gc,nmethod     ] Register NMethod: net.jpountz.lz4.LZ4BlockInputStream.<init> (0x00007ab287a8ed88) [0x00007ab287a8ee80, 0x00007ab287a8f420] Compiler: c1, Barriers: 15, Oops: 1, ImmediateOops: 0, NonImmediateOops: No
[2,083s][debug][gc,director    ] Rule Major: Warmup 10%, Used: 270MB, UsedThreshold: 1228MB
[2,083s][debug][gc,nmethod     ] Register NMethod: io.sirix.io.bytepipe.LZ4Compressor.deserialize (0x00007ab287a8f488) [0x00007ab287a8f580, 0x00007ab287a92370] Compiler: c1, Barriers: 36, Oops: 5, ImmediateOops: 38, NonImmediateOops: No
[2,083s][debug][gc,nmethod     ] Register NMethod: io.sirix.page.PagePersister.deserializePage (0x00007ab287a92408) [0x00007ab287a92500, 0x00007ab287a93140] Compiler: c1, Barriers: 2, Oops: 2, ImmediateOops: 2, NonImmediateOops: No
[2,083s][debug][gc,nmethod     ] Register NMethod: io.sirix.BinaryEncodingVersion.fromByte (0x00007ab287a93188) [0x00007ab287a93280, 0x00007ab287a939f0] Compiler: c1, Barriers: 1, Oops: 1, ImmediateOops: 1, NonImmediateOops: No
[2,083s][debug][gc,nmethod     ] Register NMethod: io.sirix.page.PageKind.getKind (0x00007ab287a93a08) [0x00007ab287a93b00, 0x00007ab287a94420] Compiler: c1, Barriers: 2, Oops: 2, ImmediateOops: 2, NonImmediateOops: No
[2,083s][debug][gc,nmethod     ] Register NMethod: net.jpountz.lz4.LZ4BlockInputStream.<init> (0x00007ab287a94488) [0x00007ab287a94580, 0x00007ab287a97908] Compiler: c1, Barriers: 39, Oops: 5, ImmediateOops: 38, NonImmediateOops: No
[2,083s][debug][gc,nmethod     ] Register NMethod: com.google.common.collect.testing.Helpers$1.<init> (0x00007ab287a97988) [0x00007ab287a97a80, 0x00007ab287a97c58] Compiler: c1, Barriers: 3, Oops: 1, ImmediateOops: 0, NonImmediateOops: No
[2,083s][debug][gc,nmethod     ] Register NMethod: com.google.common.collect.testing.Helpers.reverse (0x00007ab287a97c88) [0x00007ab287a97d80, 0x00007ab287a97fe8] Compiler: c1, Barriers: 3, Oops: 1, ImmediateOops: 0, NonImmediateOops: No
[2,083s][debug][gc,nmethod     ] Register NMethod: com.google.common.collect.testing.Helpers$1$1.<init> (0x00007ab287a98008) [0x00007ab287a98100, 0x00007ab287a982d8] Compiler: c1, Barriers: 3, Oops: 1, ImmediateOops: 0, NonImmediateOops: No
[2,083s][debug][gc,nmethod     ] Register NMethod: com.google.common.collect.testing.Helpers$1.iterator (0x00007ab287a98308) [0x00007ab287a98400, 0x00007ab287a98ad8] Compiler: c1, Barriers: 4, Oops: 1, ImmediateOops: 0, NonImmediateOops: No
[2,083s][debug][gc,nmethod     ] Register NMethod: java.lang.invoke.Invokers$Holder.linkToTargetMethod (0x00007ab287a98b08) [0x00007ab287a98c00, 0x00007ab287a99108] Compiler: c1, Barriers: 0, Oops: 0, ImmediateOops: 0, NonImmediateOops: No
[2,083s][debug][gc,nmethod     ] Register NMethod: java.lang.invoke.LambdaForm$DMH/0x000000006c168400.newInvokeSpecial (0x00007ab287a99188) [0x00007ab287a99280, 0x00007ab287a99b28] Compiler: c1, Barriers: 2, Oops: 1, ImmediateOops: 1, NonImmediateOops: No
[2,083s][debug][gc,nmethod     ] Register NMethod: jdk.internal.misc.Unsafe.weakCompareAndSetLongRelease (0x00007ab287a99b88) [0x00007ab287a99c80, 0x00007ab287a99da0] Compiler: c1, Barriers: 0, Oops: 0, ImmediateOops: 0, NonImmediateOops: No
[2,083s][debug][gc,nmethod     ] Register NMethod: java.lang.invoke.DirectMethodHandle$Holder.newInvokeSpecial (0x00007ab287a99e88) [0x00007ab287a99f80, 0x00007ab287a9a800] Compiler: c1, Barriers: 2, Oops: 0, ImmediateOops: 1, NonImmediateOops: No
[2,083s][debug][gc,nmethod     ] Register NMethod: java.util.concurrent.atomic.LongAdder.add (0x00007ab287a9a808) [0x00007ab287a9a900, 0x00007ab287a9b278] Compiler: c1, Barriers: 3, Oops: 1, ImmediateOops: 2, NonImmediateOops: No
[2,083s][debug][gc,nmethod     ] Rebuilding NMethod Table: 4096->4096 entries, 2636(64%->64%) registered, 232(6%->0%) unregistered
[2,083s][debug][gc,nmethod     ] Register NMethod: java.lang.invoke.VarHandleLongs$FieldInstanceReadWrite.weakCompareAndSetRelease (0x00007ab287a9b288) [0x00007ab287a9b380, 0x00007ab287a9bfa8] Compiler: c1, Barriers: 1, Oops: 1, ImmediateOops: 1, NonImmediateOops: No
[2,083s][debug][gc,nmethod     ] Register NMethod: java.util.concurrent.atomic.Striped64.casBase (0x00007ab287a9c008) [0x00007ab287a9c100, 0x00007ab287a9cf70] Compiler: c1, Barriers: 0, Oops: 5, ImmediateOops: 6, NonImmediateOops: No
[2,084s][debug][gc,nmethod     ] Register NMethod: com.google.common.base.Preconditions.checkState (0x00007ab287a9d008) [0x00007ab287a9d100, 0x00007ab287a9d2d0] Compiler: c1, Barriers: 0, Oops: 1, ImmediateOops: 0, NonImmediateOops: No
[2,084s][debug][gc,nmethod     ] Register NMethod: io.sirix.page.KeyValueLeafPage.acquireGuard (0x00007ab287a9d308) [0x00007ab287a9d400, 0x00007ab287a9d748] Compiler: c1, Barriers: 1, Oops: 1, ImmediateOops: 0, NonImmediateOops: No
[2,084s][debug][gc,nmethod     ] Register NMethod: sun.nio.fs.UnixNativeDispatcher.open (0x00007ab287a9d788) [0x00007ab287a9d880, 0x00007ab287a9ded8] Compiler: c1, Barriers: 0, Oops: 0, ImmediateOops: 0, NonImmediateOops: No
[2,084s][debug][gc,nmethod     ] Register NMethod: net.jpountz.lz4.LZ4JNIFastDecompressor.decompress (0x00007ab287a9df08) [0x00007ab287a9e000, 0x00007ab287a9f690] Compiler: c1, Barriers: 0, Oops: 3, ImmediateOops: 4, NonImmediateOops: No
[2,084s][debug][gc,nmethod     ] Register NMethod: com.github.benmanes.caffeine.cache.PS.getKeyReference (0x00007ab287a9f708) [0x00007ab287a9f800, 0x00007ab287aa09d8] Compiler: c1, Barriers: 1, Oops: 7, ImmediateOops: 8, NonImmediateOops: No
[2,084s][debug][gc,nmethod     ] Register NMethod: java.nio.ByteBuffer.wrap (0x00007ab287aa0a88) [0x00007ab287aa0b80, 0x00007ab287aa0ca0] Compiler: c1, Barriers: 0, Oops: 0, ImmediateOops: 0, NonImmediateOops: No
[2,084s][debug][gc,nmethod     ] Register NMethod: sun.nio.fs.UnixFileModeAttribute.toUnixMode (0x00007ab287aa0d88) [0x00007ab287aa0e80, 0x00007ab287aa2b78] Compiler: c1, Barriers: 1, Oops: 2, ImmediateOops: 5, NonImmediateOops: No
[2,084s][debug][gc,nmethod     ] Register NMethod: sun.nio.fs.UnixChannelFactory$Flags.toFlags (0x00007ab287aa2c08) [0x00007ab287aa2d00, 0x00007ab287aa57b8] Compiler: c1, Barriers: 1, Oops: 1, ImmediateOops: 5, NonImmediateOops: No
[2,084s][debug][gc,nmethod     ] Register NMethod: jdk.internal.foreign.MemorySessionImpl.<init> (0x00007ab287aa5808) [0x00007ab287aa5900, 0x00007ab287aa5b48] Compiler: c1, Barriers: 6, Oops: 0, ImmediateOops: 0, NonImmediateOops: No
[2,084s][debug][gc,nmethod     ] Register NMethod: jdk.internal.foreign.ArenaImpl.allocate (0x00007ab287aa5b88) [0x00007ab287aa5c80, 0x00007ab287aa5f78] Compiler: c1, Barriers: 0, Oops: 0, ImmediateOops: 0, NonImmediateOops: No
[2,084s][debug][gc,nmethod     ] Register NMethod: jdk.internal.foreign.ArenaImpl.allocate (0x00007ab287aa5f88) [0x00007ab287aa6080, 0x00007ab287aa6200] Compiler: c1, Barriers: 1, Oops: 0, ImmediateOops: 0, NonImmediateOops: No
[2,084s][debug][gc,nmethod     ] Register NMethod: java.nio.ByteBuffer.allocate (0x00007ab287aa6288) [0x00007ab287aa6380, 0x00007ab287aa6578] Compiler: c1, Barriers: 0, Oops: 0, ImmediateOops: 0, NonImmediateOops: No
[2,084s][debug][gc,nmethod     ] Register NMethod: java.nio.HeapByteBuffer.<init> (0x00007ab287aa6588) [0x00007ab287aa6680, 0x00007ab287aa6880] Compiler: c1, Barriers: 0, Oops: 0, ImmediateOops: 0, NonImmediateOops: No
[2,084s][debug][gc,nmethod     ] Register NMethod: jdk.internal.foreign.SegmentFactories.allocateNativeSegment (0x00007ab287aa6888) [0x00007ab287aa6980, 0x00007ab287aa6f40] Compiler: c1, Barriers: 3, Oops: 0, ImmediateOops: 1, NonImmediateOops: No
[2,084s][debug][gc,nmethod     ] Register NMethod: com.github.benmanes.caffeine.cache.BoundedLocalCache.skipReadBuffer (0x00007ab287aa6f88) [0x00007ab287aa7080, 0x00007ab287aa7898] Compiler: c1, Barriers: 1, Oops: 1, ImmediateOops: 0, NonImmediateOops: No
[2,084s][debug][gc,nmethod     ] Register NMethod: jdk.internal.foreign.Utils.checkAlign (0x00007ab287aa7908) [0x00007ab287aa7a00, 0x00007ab287aa8758] Compiler: c1, Barriers: 0, Oops: 1, ImmediateOops: 2, NonImmediateOops: No
[2,084s][debug][gc,nmethod     ] Register NMethod: jdk.internal.foreign.SegmentFactories.allocateMemoryWrapper (0x00007ab287aa8788) [0x00007ab287aa8880, 0x00007ab287aa8c38] Compiler: c1, Barriers: 0, Oops: 0, ImmediateOops: 1, NonImmediateOops: No
[2,085s][debug][gc,nmethod     ] Register NMethod: jdk.internal.foreign.SegmentFactories$1.<init> (0x00007ab287aa8c88) [0x00007ab287aa8d80, 0x00007ab287aa8f50] Compiler: c1, Barriers: 0, Oops: 0, ImmediateOops: 0, NonImmediateOops: No
[2,085s][debug][gc,nmethod     ] Register NMethod: jdk.internal.foreign.MemorySessionImpl$ResourceList$ResourceCleanup.<init> (0x00007ab287aa8f88) [0x00007ab287aa9080, 0x00007ab287aa91d8] Compiler: c1, Barriers: 0, Oops: 0, ImmediateOops: 0, NonImmediateOops: No
[2,085s][debug][gc,nmethod     ] Register NMethod: java.nio.channels.spi.AbstractInterruptibleChannel$1.<init> (0x00007ab287aa9288) [0x00007ab287aa9380, 0x00007ab287aa96a8] Compiler: c1, Barriers: 3, Oops: 0, ImmediateOops: 0, NonImmediateOops: No
[2,085s][debug][gc,nmethod     ] Register NMethod: jdk.internal.foreign.Utils.alignUp (0x00007ab287aa9708) [0x00007ab287aa9800, 0x00007ab287aa98f8] Compiler: c1, Barriers: 0, Oops: 0, ImmediateOops: 0, NonImmediateOops: No
[2,085s][debug][gc,nmethod     ] Register NMethod: java.nio.channels.spi.AbstractInterruptibleChannel.<init> (0x00007ab287aa9a08) [0x00007ab287aa9b00, 0x00007ab287aa9fe0] Compiler: c1, Barriers: 9, Oops: 0, ImmediateOops: 0, NonImmediateOops: No
[2,085s][debug][gc,nmethod     ] Register NMethod: java.util.Arrays.asList (0x00007ab287aaa008) [0x00007ab287aaa100, 0x00007ab287aaa570] Compiler: c1, Barriers: 3, Oops: 0, ImmediateOops: 0, NonImmediateOops: No
[2,085s][debug][gc,nmethod     ] Register NMethod: java.util.Arrays$ArrayList.<init> (0x00007ab287aaa588) [0x00007ab287aaa680, 0x00007ab287aaaa58] Compiler: c1, Barriers: 3, Oops: 0, ImmediateOops: 0, NonImmediateOops: No
[2,085s][debug][gc,nmethod     ] Register NMethod: jdk.internal.foreign.SegmentFactories.allocateNativeInternal (0x00007ab287aaaa88) [0x00007ab287aaab80, 0x00007ab287aadfd8] Compiler: c1, Barriers: 3, Oops: 3, ImmediateOops: 11, NonImmediateOops: No
[2,085s][debug][gc,nmethod     ] Register NMethod: jdk.internal.foreign.Utils.checkAllocationSizeAndAlign (0x00007ab287aae008) [0x00007ab287aae100, 0x00007ab287aaf390] Compiler: c1, Barriers: 0, Oops: 3, ImmediateOops: 4, NonImmediateOops: No
[2,085s][debug][gc,nmethod     ] Register NMethod: io.sirix.axis.AbstractAxis.hasNext (0x00007ab287aaf408) [0x00007ab287aaf500, 0x00007ab287aaffb0] Compiler: c1, Barriers: 2, Oops: 1, ImmediateOops: 1, NonImmediateOops: No
[2,085s][debug][gc,nmethod     ] Register NMethod: sun.nio.fs.UnixFileSystemProvider.newFileChannel (0x00007ab287ab0008) [0x00007ab287ab0100, 0x00007ab287ab0a08] Compiler: c1, Barriers: 0, Oops: 0, ImmediateOops: 0, NonImmediateOops: No
[2,085s][debug][gc,nmethod     ] Register NMethod: sun.nio.fs.UnixChannelFactory.newFileChannel (0x00007ab287ab0a88) [0x00007ab287ab0b80, 0x00007ab287ab0ca8] Compiler: c1, Barriers: 0, Oops: 0, ImmediateOops: 0, NonImmediateOops: No
[2,085s][debug][gc,nmethod     ] Register NMethod: sun.nio.fs.UnixChannelFactory$Flags.<init> (0x00007ab287ab0d88) [0x00007ab287ab0e80, 0x00007ab287ab0fd8] Compiler: c1, Barriers: 0, Oops: 0, ImmediateOops: 0, NonImmediateOops: No
[2,085s][debug][gc,nmethod     ] Register NMethod: java.io.FileDescriptor$1.setAppend (0x00007ab287ab1088) [0x00007ab287ab1180, 0x00007ab287ab1288] Compiler: c1, Barriers: 0, Oops: 0, ImmediateOops: 0, NonImmediateOops: No
[2,085s][debug][gc,nmethod     ] Register NMethod: java.io.FileDescriptor.set (0x00007ab287ab1388) [0x00007ab287ab1480, 0x00007ab287ab19f0] Compiler: c1, Barriers: 4, Oops: 0, ImmediateOops: 0, NonImmediateOops: No
[2,085s][debug][gc,nmethod     ] Register NMethod: java.io.FileDescriptor$1.set (0x00007ab287ab1a08) [0x00007ab287ab1b00, 0x00007ab287ab22b0] Compiler: c1, Barriers: 4, Oops: 0, ImmediateOops: 0, NonImmediateOops: No
[2,085s][debug][gc,nmethod     ] Register NMethod: sun.nio.fs.UnixChannelFactory.newFileChannel (0x00007ab287ab2308) [0x00007ab287ab2400, 0x00007ab287ab2e70] Compiler: c1, Barriers: 6, Oops: 0, ImmediateOops: 3, NonImmediateOops: No
[2,085s][debug][gc,nmethod     ] Register NMethod: sun.nio.ch.FileChannelImpl.open (0x00007ab287ab2e88) [0x00007ab287ab2f80, 0x00007ab287ab3138] Compiler: c1, Barriers: 0, Oops: 0, ImmediateOops: 0, NonImmediateOops: No
[2,086s][debug][gc,nmethod     ] Register NMethod: sun.nio.ch.NativeThreadSet.<init> (0x00007ab287ab3188) [0x00007ab287ab3280, 0x00007ab287ab33e0] Compiler: c1, Barriers: 0, Oops: 0, ImmediateOops: 0, NonImmediateOops: No
[2,086s][debug][gc,nmethod     ] Register NMethod: sun.nio.ch.FileChannelImpl$Closer.<init> (0x00007ab287ab3488) [0x00007ab287ab3580, 0x00007ab287ab3750] Compiler: c1, Barriers: 3, Oops: 0, ImmediateOops: 0, NonImmediateOops: No
[2,086s][debug][gc,nmethod     ] Register NMethod: java.nio.channels.FileChannel.<init> (0x00007ab287ab3788) [0x00007ab287ab3880, 0x00007ab287ab3dc8] Compiler: c1, Barriers: 9, Oops: 0, ImmediateOops: 0, NonImmediateOops: No
[2,086s][debug][gc,nmethod     ] Register NMethod: io.sirix.page.AbstractForwardingPage.<init> (0x00007ab287ab3e08) [0x00007ab287ab3f00, 0x00007ab287ab40b8] Compiler: c1, Barriers: 0, Oops: 1, ImmediateOops: 0, NonImmediateOops: No
[2,086s][debug][gc,nmethod     ] Register NMethod: io.sirix.node.MemorySegmentBytesIn.readUtf8 (0x00007ab287ab4108) [0x00007ab287ab4200, 0x00007ab287ab46e0] Compiler: c1, Barriers: 0, Oops: 1, ImmediateOops: 1, NonImmediateOops: No
[2,086s][debug][gc,nmethod     ] Register NMethod: com.github.benmanes.caffeine.cache.SSLS.statsTicker (0x00007ab287ab4708) [0x00007ab287ab4800, 0x00007ab287ab4960] Compiler: c1, Barriers: 0, Oops: 1, ImmediateOops: 1, NonImmediateOops: No
[2,086s][debug][gc,nmethod     ] Register NMethod: com.github.benmanes.caffeine.cache.Ticker.systemTicker (0x00007ab287ab4a08) [0x00007ab287ab4b00, 0x00007ab287ab4be8] Compiler: c1, Barriers: 0, Oops: 1, ImmediateOops: 1, NonImmediateOops: No
[2,086s][debug][gc,nmethod     ] Register NMethod: com.github.benmanes.caffeine.cache.SystemTicker.read (0x00007ab287ab4d08) [0x00007ab287ab4e00, 0x00007ab287ab4f20] Compiler: c1, Barriers: 0, Oops: 1, ImmediateOops: 0, NonImmediateOops: No
[2,086s][debug][gc,nmethod     ] Register NMethod: sun.nio.ch.FileChannelImpl.<init> (0x00007ab287ab5008) [0x00007ab287ab5100, 0x00007ab287ab6220] Compiler: c1, Barriers: 30, Oops: 1, ImmediateOops: 2, NonImmediateOops: No
[2,086s][debug][gc,nmethod     ] Register NMethod: com.github.benmanes.caffeine.cache.BoundedLocalCache.discardRefresh (0x00007ab287ab6288) [0x00007ab287ab6380, 0x00007ab287ab6930] Compiler: c1, Barriers: 1, Oops: 1, ImmediateOops: 0, NonImmediateOops: No
[2,086s][debug][gc,nmethod     ] Register NMethod: sun.nio.fs.UnixChannelFactory.open (0x00007ab287ab6988) [0x00007ab287ab6a80, 0x00007ab287ab8d88] Compiler: c1, Barriers: 10, Oops: 1, ImmediateOops: 5, NonImmediateOops: No
[2,086s][debug][gc,nmethod     ] Register NMethod: io.sirix.page.AbstractForwardingPage.getReferences (0x00007ab287ab8e08) [0x00007ab287ab8f00, 0x00007ab287ab9400] Compiler: c1, Barriers: 0, Oops: 1, ImmediateOops: 0, NonImmediateOops: No
[2,086s][debug][gc,nmethod     ] Register NMethod: com.github.benmanes.caffeine.cache.UnboundedLocalCache$UnboundedLocalAsyncCache.cache (0x00007ab287ab9488) [0x00007ab287ab9580, 0x00007ab287ab9880] Compiler: c1, Barriers: 1, Oops: 1, ImmediateOops: 0, NonImmediateOops: No
[2,086s][debug][gc,nmethod     ] Register NMethod: java.nio.channels.FileChannel.open (0x00007ab287ab9908) [0x00007ab287ab9a00, 0x00007ab287ab9fd0] Compiler: c1, Barriers: 3, Oops: 0, ImmediateOops: 2, NonImmediateOops: No
[2,086s][debug][gc,nmethod     ] Register NMethod: com.github.benmanes.caffeine.cache.LocalManualCache.asMap (0x00007ab287aba008) [0x00007ab287aba100, 0x00007ab287aba2e0] Compiler: c1, Barriers: 1, Oops: 1, ImmediateOops: 0, NonImmediateOops: No
[2,086s][debug][gc,nmethod     ] Register NMethod: com.github.benmanes.caffeine.cache.BoundedLocalCache.isComputingAsync (0x00007ab287aba308) [0x00007ab287aba400, 0x00007ab287abbba0] Compiler: c1, Barriers: 1, Oops: 7, ImmediateOops: 8, NonImmediateOops: No
[2,086s][debug][gc,nmethod     ] Register NMethod: com.github.benmanes.caffeine.cache.PS.isAlive (0x00007ab287abbc08) [0x00007ab287abbd00, 0x00007ab287abd178] Compiler: c1, Barriers: 1, Oops: 7, ImmediateOops: 10, NonImmediateOops: No
[2,086s][debug][gc,nmethod     ] Register NMethod: com.github.benmanes.caffeine.cache.SSMS.evicts (0x00007ab2a6cc2f08) [0x00007ab2a6cc3000, 0x00007ab2a6cc30c0] Compiler: c1, Barriers: 0, Oops: 1, ImmediateOops: 0, NonImmediateOops: No
[2,086s][debug][gc,nmethod     ] Register NMethod: java.nio.channels.FileChannel.open (0x00007ab287abd208) [0x00007ab287abd300, 0x00007ab287abd8d8] Compiler: c1, Barriers: 2, Oops: 0, ImmediateOops: 0, NonImmediateOops: No
[2,087s][debug][gc,nmethod     ] Register NMethod: jdk.internal.foreign.MemorySessionImpl.addOrCleanupIfFail (0x00007ab287abd908) [0x00007ab287abda00, 0x00007ab287abdf50] Compiler: c1, Barriers: 0, Oops: 0, ImmediateOops: 0, NonImmediateOops: No
[2,087s][debug][gc,nmethod     ] Register NMethod: java.util.Vector.iterator (0x00007ab287abdf88) [0x00007ab287abe080, 0x00007ab287abe4d0] Compiler: c1, Barriers: 3, Oops: 0, ImmediateOops: 0, NonImmediateOops: No
[2,087s][debug][gc,nmethod     ] Register NMethod: java.lang.invoke.Invokers$Holder.linkToTargetMethod (0x00007ab287abe508) [0x00007ab287abe600, 0x00007ab287abeaf8] Compiler: c1, Barriers: 0, Oops: 0, ImmediateOops: 0, NonImmediateOops: No
[2,087s][debug][gc,nmethod     ] Register NMethod: io.sirix.node.GrowingMemorySegment.<init> (0x00007ab287abeb08) [0x00007ab287abec00, 0x00007ab287abf078] Compiler: c1, Barriers: 6, Oops: 1, ImmediateOops: 0, NonImmediateOops: No
[2,087s][debug][gc,nmethod     ] Register NMethod: jdk.internal.foreign.MemorySessionImpl.addInternal (0x00007ab287abf088) [0x00007ab287abf180, 0x00007ab287ac00f0] Compiler: c1, Barriers: 4, Oops: 0, ImmediateOops: 2, NonImmediateOops: No
[2,087s][debug][gc,nmethod     ] Register NMethod: com.google.common.collect.testing.AbstractIteratorTester$MultiExceptionListIterator.access$400 (0x00007ab287ac0108) [0x00007ab287ac0200, 0x00007ab287ac0850] Compiler: c1, Barriers: 8, Oops: 1, ImmediateOops: 1, NonImmediateOops: No
[2,087s][debug][gc,nmethod     ] Register NMethod: com.google.common.collect.testing.AbstractIteratorTester$MultiExceptionListIterator.getElements (0x00007ab287ac0888) [0x00007ab287ac0980, 0x00007ab287ac0f90] Compiler: c1, Barriers: 8, Oops: 1, ImmediateOops: 1, NonImmediateOops: No
[2,087s][debug][gc,nmethod     ] Register NMethod: java.lang.invoke.LambdaForm$DMH/0x000000006c220000.newInvokeSpecial (0x00007ab287ac1008) [0x00007ab287ac1100, 0x00007ab287ac1980] Compiler: c1, Barriers: 2, Oops: 1, ImmediateOops: 1, NonImmediateOops: No
[2,087s][debug][gc,nmethod     ] Register NMethod: com.google.common.collect.testing.AbstractIteratorTester.verify (0x00007ab287ac1a08) [0x00007ab287ac1b00, 0x00007ab287ac1c00] Compiler: c1, Barriers: 0, Oops: 1, ImmediateOops: 0, NonImmediateOops: No
[2,087s][debug][gc,nmethod     ] Register NMethod: com.github.benmanes.caffeine.cache.LocalCache.compute (0x00007ab287ac1d08) [0x00007ab287ac1e00, 0x00007ab287ac2330] Compiler: c1, Barriers: 0, Oops: 1, ImmediateOops: 0, NonImmediateOops: No
[2,087s][debug][gc,nmethod     ] Register NMethod: com.github.benmanes.caffeine.cache.NodeFactory.newReferenceKey (0x00007ab287ac2388) [0x00007ab287ac2480, 0x00007ab287ac2580] Compiler: c1, Barriers: 0, Oops: 1, ImmediateOops: 0, NonImmediateOops: No
[2,087s][debug][gc,nmethod     ] Register NMethod: java.util.Vector$ListItr.<init> (0x00007ab287ac2688) [0x00007ab287ac2780, 0x00007ab287ac2cc0] Compiler: c1, Barriers: 6, Oops: 0, ImmediateOops: 0, NonImmediateOops: No
[2,087s][debug][gc,nmethod     ] Register NMethod: java.util.Vector.listIterator (0x00007ab287ac2d08) [0x00007ab287ac2e00, 0x00007ab287ac4010] Compiler: c1, Barriers: 6, Oops: 1, ImmediateOops: 2, NonImmediateOops: No
[2,087s][debug][gc,nmethod     ] Register NMethod: io.sirix.access.trx.node.AbstractNodeReadOnlyTrx.moveTo (0x00007ab287ac4088) [0x00007ab287ac4180, 0x00007ab287ac5cb0] Compiler: c1, Barriers: 11, Oops: 1, ImmediateOops: 4, NonImmediateOops: No
[2,087s][debug][gc,nmethod     ] Register NMethod: com.github.benmanes.caffeine.cache.LocalCache.statsAware (0x00007ab287ac5d08) [0x00007ab287ac5e00, 0x00007ab287ac66d0] Compiler: c1, Barriers: 6, Oops: 4, ImmediateOops: 2, NonImmediateOops: No
[2,087s][debug][gc,nmethod     ] Register NMethod: java.lang.invoke.LambdaForm$MH/0x000000006c253400.linkToTargetMethod (0x00007ab287ac6708) [0x00007ab287ac6800, 0x00007ab287ac6db0] Compiler: c1, Barriers: 0, Oops: 1, ImmediateOops: 0, NonImmediateOops: No
[2,087s][debug][gc,nmethod     ] Register NMethod: com.github.benmanes.caffeine.cache.BoundedLocalCache$$Lambda/0x000000006c24f868.<init> (0x00007ab287ac6e08) [0x00007ab287ac6f00, 0x00007ab287ac7610] Compiler: c1, Barriers: 36, Oops: 1, ImmediateOops: 0, NonImmediateOops: No
[2,088s][debug][gc,nmethod     ] Register NMethod: com.github.benmanes.caffeine.cache.BoundedLocalCache.compute (0x00007ab287ac7688) [0x00007ab287ac7780, 0x00007ab287ac8dc0] Compiler: c1, Barriers: 1, Oops: 4, ImmediateOops: 4, NonImmediateOops: No
[2,088s][debug][gc,nmethod     ] Register NMethod: com.github.benmanes.caffeine.cache.BoundedLocalCache$$Lambda/0x000000006c24f868.apply (0x00007ab287ac8e08) [0x00007ab287ac8f00, 0x00007ab287ac95a8] Compiler: c1, Barriers: 12, Oops: 1, ImmediateOops: 0, NonImmediateOops: No
[2,088s][debug][gc,nmethod     ] Register NMethod: java.lang.invoke.LambdaForm$DMH/0x000000006c252c00.newInvokeSpecial (0x00007ab287ac9608) [0x00007ab287ac9700, 0x00007ab287aca038] Compiler: c1, Barriers: 2, Oops: 1, ImmediateOops: 1, NonImmediateOops: No
[2,088s][debug][gc,nmethod     ] Register NMethod: com.github.benmanes.caffeine.cache.BoundedLocalCache.setVariableTime (0x00007ab287aca088) [0x00007ab287aca180, 0x00007ab287aca4a8] Compiler: c1, Barriers: 0, Oops: 1, ImmediateOops: 0, NonImmediateOops: No
[2,088s][debug][gc,nmethod     ] Register NMethod: com.github.benmanes.caffeine.cache.BoundedLocalCache.setWriteTime (0x00007ab287aca508) [0x00007ab287aca600, 0x00007ab287acab50] Compiler: c1, Barriers: 0, Oops: 1, ImmediateOops: 0, NonImmediateOops: No
[2,088s][debug][gc,nmethod     ] Register NMethod: com.github.benmanes.caffeine.cache.BoundedLocalCache.setAccessTime (0x00007ab287acab88) [0x00007ab287acac80, 0x00007ab287acafa8] Compiler: c1, Barriers: 0, Oops: 1, ImmediateOops: 0, NonImmediateOops: No
[2,088s][debug][gc,nmethod     ] Register NMethod: io.sirix.node.MemorySegmentBytesIn.readBoolean (0x00007ab287acb008) [0x00007ab287acb100, 0x00007ab287acb298] Compiler: c1, Barriers: 0, Oops: 1, ImmediateOops: 0, NonImmediateOops: No
[2,088s][debug][gc,nmethod     ] Register NMethod: com.github.benmanes.caffeine.cache.PS.getValue (0x00007ab287acb308) [0x00007ab287acb400, 0x00007ab287acc5d8] Compiler: c1, Barriers: 1, Oops: 7, ImmediateOops: 8, NonImmediateOops: No
[2,088s][debug][gc,nmethod     ] Register NMethod: com.github.benmanes.caffeine.cache.BoundedLocalCache.requireIsAlive (0x00007ab287acc688) [0x00007ab287acc780, 0x00007ab287ace228] Compiler: c1, Barriers: 1, Oops: 7, ImmediateOops: 10, NonImmediateOops: No
[2,088s][debug][gc,nmethod     ] Register NMethod: java.util.Vector.isEmpty (0x00007ab287ace288) [0x00007ab287ace380, 0x00007ab287ace618] Compiler: c1, Barriers: 0, Oops: 0, ImmediateOops: 0, NonImmediateOops: No
[2,088s][debug][gc,nmethod     ] Register NMethod: com.github.benmanes.caffeine.cache.BoundedLocalCache.notifyRemoval (0x00007ab287ace688) [0x00007ab287ace780, 0x00007ab287acf6b8] Compiler: c1, Barriers: 14, Oops: 4, ImmediateOops: 4, NonImmediateOops: No
[2,088s][debug][gc,nmethod     ] Register NMethod: com.github.benmanes.caffeine.cache.BoundedLocalCache.remap (0x00007ab287acf708) [0x00007ab287acf800, 0x00007ab287ad2600] Compiler: c1, Barriers: 25, Oops: 4, ImmediateOops: 4, NonImmediateOops: No
[2,089s][debug][gc,nmethod     ] Register NMethod: com.github.benmanes.caffeine.cache.LocalCache.notifyOnReplace (0x00007ab287ad2688) [0x00007ab287ad2780, 0x00007ab287ad3848] Compiler: c1, Barriers: 0, Oops: 1, ImmediateOops: 1, NonImmediateOops: No
[2,089s][debug][gc,nmethod     ] Register NMethod: com.github.benmanes.caffeine.cache.BoundedLocalCache.hasExpired (0x00007ab287ad3888) [0x00007ab287ad3980, 0x00007ab287ad5a28] Compiler: c1, Barriers: 1, Oops: 7, ImmediateOops: 8, NonImmediateOops: No
[2,089s][debug][gc,nmethod     ] Register NMethod: java.util.Stack.peek (0x00007ab287ad5a88) [0x00007ab287ad5b80, 0x00007ab287ad63b0] Compiler: c1, Barriers: 0, Oops: 0, ImmediateOops: 0, NonImmediateOops: No
[2,089s][debug][gc,nmethod     ] Register NMethod: com.github.benmanes.caffeine.cache.BoundedLocalCache.expireAfterUpdate (0x00007ab287ad6408) [0x00007ab287ad6500, 0x00007ab287ad6830] Compiler: c1, Barriers: 0, Oops: 1, ImmediateOops: 0, NonImmediateOops: No
[2,089s][debug][gc,nmethod     ] Register NMethod: java.lang.invoke.LambdaForm$MH/0x000000006c267000.invoke (0x00007ab287ad6888) [0x00007ab287ad6980, 0x00007ab287ad76f0] Compiler: c1, Barriers: 2, Oops: 1, ImmediateOops: 0, NonImmediateOops: No
[2,089s][debug][gc,nmethod     ] Register NMethod: jdk.internal.misc.Unsafe.putIntVolatile (0x00007ab2a6cc3208) [0x00007ab2a6cc3300, 0x00007ab2a6cc3458] Compiler: , Barriers: 0, Oops: 0, ImmediateOops: 0, NonImmediateOops: No
[2,089s][debug][gc,nmethod     ] Register NMethod: java.lang.runtime.ObjectMethods.eq (0x00007ab287ad7708) [0x00007ab287ad7800, 0x00007ab287ad7930] Compiler: c1, Barriers: 0, Oops: 0, ImmediateOops: 0, NonImmediateOops: No
[2,089s][debug][gc,nmethod     ] Register NMethod: java.util.Vector$Itr.next (0x00007ab287ad7a08) [0x00007ab287ad7b00, 0x00007ab287ad8488] Compiler: c1, Barriers: 4, Oops: 0, ImmediateOops: 0, NonImmediateOops: No
[2,089s][debug][gc,nmethod     ] Register NMethod: io.sirix.access.trx.page.NodeStorageEngineReader.getMostRecentPage (0x00007ab287ad8508) [0x00007ab287ad8600, 0x00007ab287ad8f18] Compiler: c1, Barriers: 11, Oops: 1, ImmediateOops: 1, NonImmediateOops: No
[2,089s][debug][gc,nmethod     ] Register NMethod: java.util.Vector.elementAt (0x00007ab287ad8f88) [0x00007ab287ad9080, 0x00007ab287ada3f8] Compiler: c1, Barriers: 2, Oops: 1, ImmediateOops: 2, NonImmediateOops: No
[2,089s][debug][gc,nmethod     ] Register NMethod: java.lang.invoke.DirectMethodHandle$Holder.invokeStatic (0x00007ab287ada408) [0x00007ab287ada500, 0x00007ab287ada8c8] Compiler: c1, Barriers: 1, Oops: 0, ImmediateOops: 0, NonImmediateOops: No
[2,089s][debug][gc,nmethod     ] Register NMethod: com.github.benmanes.caffeine.cache.BoundedLocalCache.refreshIfNeeded (0x00007ab287ada908) [0x00007ab287adaa00, 0x00007ab287adad40] Compiler: c1, Barriers: 0, Oops: 1, ImmediateOops: 0, NonImmediateOops: No
[2,089s][debug][gc,nmethod     ] Register NMethod: com.github.benmanes.caffeine.cache.BoundedLocalCache.afterRead (0x00007ab287adad88) [0x00007ab287adae80, 0x00007ab287adc5d8] Compiler: c1, Barriers: 2, Oops: 1, ImmediateOops: 0, NonImmediateOops: No
[2,089s][debug][gc,nmethod     ] Register NMethod: java.util.concurrent.atomic.AtomicLongFieldUpdater$CASUpdater.get (0x00007ab287adc608) [0x00007ab287adc700, 0x00007ab287adcb08] Compiler: c1, Barriers: 1, Oops: 0, ImmediateOops: 0, NonImmediateOops: No
[2,089s][debug][gc,nmethod     ] Register NMethod: com.github.benmanes.caffeine.cache.UnboundedLocalCache.statsTicker (0x00007ab2a6cc3508) [0x00007ab2a6cc3600, 0x00007ab2a6cc36e8] Compiler: c1, Barriers: 1, Oops: 1, ImmediateOops: 0, NonImmediateOops: No
[2,089s][debug][gc,nmethod     ] Register NMethod: com.github.benmanes.caffeine.cache.PS.setValue (0x00007ab287adcb88) [0x00007ab287adcc80, 0x00007ab287ade070] Compiler: c1, Barriers: 0, Oops: 7, ImmediateOops: 9, NonImmediateOops: No
[2,089s][debug][gc,nmethod     ] Register NMethod: com.github.benmanes.caffeine.cache.SSMS.fastpath (0x00007ab2a6cc3808) [0x00007ab2a6cc3900, 0x00007ab2a6cc39c0] Compiler: c1, Barriers: 0, Oops: 1, ImmediateOops: 0, NonImmediateOops: No
[2,090s][debug][gc,nmethod     ] Register NMethod: com.github.benmanes.caffeine.cache.LocalAsyncCache$CacheView.asyncCache (0x00007ab2a6cc3b08) [0x00007ab2a6cc3c00, 0x00007ab2a6cc3ce8] Compiler: c1, Barriers: 1, Oops: 1, ImmediateOops: 0, NonImmediateOops: No
[2,090s][debug][gc,nmethod     ] Register NMethod: com.github.benmanes.caffeine.cache.BLCHeader$DrainStatusRef.shouldDrainBuffers (0x00007ab287ade108) [0x00007ab287ade200, 0x00007ab287adf4c8] Compiler: c1, Barriers: 0, Oops: 6, ImmediateOops: 6, NonImmediateOops: No
[2,090s][debug][gc,nmethod     ] Register NMethod: io.sirix.cache.BufferManagerImpl.getRevisionRootPageCache (0x00007ab2a6cc3e08) [0x00007ab2a6cc3f00, 0x00007ab2a6cc3fe8] Compiler: c1, Barriers: 1, Oops: 1, ImmediateOops: 0, NonImmediateOops: No
[2,090s][debug][gc,nmethod     ] Register NMethod: io.sirix.io.RevisionFileData.offset (0x00007ab2a6cc4108) [0x00007ab2a6cc4200, 0x00007ab2a6cc42c0] Compiler: c1, Barriers: 0, Oops: 1, ImmediateOops: 0, NonImmediateOops: No
[2,090s][debug][gc,nmethod     ] Register NMethod: com.github.benmanes.caffeine.cache.BoundedLocalCache.isRecordingStats (0x00007ab2a6cc4408) [0x00007ab2a6cc4500, 0x00007ab2a6cc45c0] Compiler: c1, Barriers: 0, Oops: 1, ImmediateOops: 0, NonImmediateOops: No
[2,090s][debug][gc,nmethod     ] Register NMethod: io.sirix.access.trx.node.AbstractResourceSession.assertAccess (0x00007ab287adf508) [0x00007ab287adf600, 0x00007ab287ae0d70] Compiler: c1, Barriers: 4, Oops: 1, ImmediateOops: 3, NonImmediateOops: No
[2,090s][debug][gc,nmethod     ] Register NMethod: kotlin.coroutines.AbstractCoroutineContextElement.getKey (0x00007ab2a6cc4708) [0x00007ab2a6cc4800, 0x00007ab2a6cc48e8] Compiler: c1, Barriers: 1, Oops: 1, ImmediateOops: 0, NonImmediateOops: No
[2,090s][debug][gc,nmethod     ] Register NMethod: java.lang.invoke.LambdaForm$MH/0x000000006c240000.invoke (0x00007ab287ae0d88) [0x00007ab287ae0e80, 0x00007ab287ae1170] Compiler: c1, Barriers: 0, Oops: 1, ImmediateOops: 0, NonImmediateOops: No
[2,090s][debug][gc,nmethod     ] Register NMethod: kotlin.jvm.internal.Intrinsics.checkNotNull (0x00007ab287ae1188) [0x00007ab287ae1280, 0x00007ab287ae1a28] Compiler: c1, Barriers: 1, Oops: 2, ImmediateOops: 2, NonImmediateOops: No
[2,090s][debug][gc,nmethod     ] Register NMethod: java.lang.invoke.Invokers$Holder.linkToTargetMethod (0x00007ab287ae1a88) [0x00007ab287ae1b80, 0x00007ab287ae2078] Compiler: c1, Barriers: 0, Oops: 0, ImmediateOops: 0, NonImmediateOops: No
[2,090s][debug][gc,nmethod     ] Register NMethod: java.lang.invoke.LambdaForm$MH/0x000000006c241c00.invoke (0x00007ab287ae2088) [0x00007ab287ae2180, 0x00007ab287ae2cf0] Compiler: c1, Barriers: 2, Oops: 1, ImmediateOops: 0, NonImmediateOops: No
[2,090s][debug][gc,nmethod     ] Register NMethod: com.github.benmanes.caffeine.cache.BoundedLocalCache.lambda$remap$16 (0x00007ab287ae2d08) [0x00007ab287ae2e00, 0x00007ab287af1200] Compiler: c1, Barriers: 64, Oops: 12, ImmediateOops: 54, NonImmediateOops: No
[2,090s][debug][gc,nmethod     ] Register NMethod: java.lang.invoke.DirectMethodHandle$Holder.invokeStatic (0x00007ab287af1288) [0x00007ab287af1380, 0x00007ab287af1748] Compiler: c1, Barriers: 1, Oops: 0, ImmediateOops: 0, NonImmediateOops: No
[2,090s][debug][gc,nmethod     ] Register NMethod: kotlinx.coroutines.CoroutineDispatcher.get (0x00007ab287af1788) [0x00007ab287af1880, 0x00007ab287af19b0] Compiler: c1, Barriers: 0, Oops: 1, ImmediateOops: 0, NonImmediateOops: No
[2,090s][debug][gc,nmethod     ] Register NMethod: io.sirix.cache.RevisionRootPageCacheKey.hashCode (0x00007ab287af1a88) [0x00007ab287af1b80, 0x00007ab287af27c0] Compiler: c1, Barriers: 0, Oops: 13, ImmediateOops: 2, NonImmediateOops: No
[2,090s][debug][gc,nmethod     ] Register NMethod: junit.framework.Assert.assertEquals (0x00007ab287af2888) [0x00007ab287af2980, 0x00007ab287af3030] Compiler: c1, Barriers: 0, Oops: 1, ImmediateOops: 0, NonImmediateOops: No
[2,091s][debug][gc,nmethod     ] Register NMethod: kotlin.jvm.internal.Intrinsics.checkNotNull (0x00007ab287af3088) [0x00007ab287af3180, 0x00007ab287af3920] Compiler: c1, Barriers: 1, Oops: 2, ImmediateOops: 2, NonImmediateOops: No
[2,091s][debug][gc,nmethod     ] Register NMethod: it.unimi.dsi.fastutil.HashCommon.arraySize (0x00007ab287af3988) [0x00007ab287af3a80, 0x00007ab287af5020] Compiler: c1, Barriers: 0, Oops: 4, ImmediateOops: 4, NonImmediateOops: No
[2,091s][debug][gc,nmethod     ] Register NMethod: com.github.benmanes.caffeine.cache.SSMS.accessOrderWindowDeque (0x00007ab2a6cc4a08) [0x00007ab2a6cc4b00, 0x00007ab2a6cc4bf0] Compiler: c1, Barriers: 1, Oops: 1, ImmediateOops: 0, NonImmediateOops: No
[2,091s][debug][gc,nmethod     ] Register NMethod: com.github.benmanes.caffeine.cache.SSMS.hitsInSample (0x00007ab2a6cc4d08) [0x00007ab2a6cc4e00, 0x00007ab2a6cc4ec0] Compiler: c1, Barriers: 0, Oops: 1, ImmediateOops: 0, NonImmediateOops: No
[2,091s][debug][gc,nmethod     ] Register NMethod: com.github.benmanes.caffeine.cache.PSMW.getWeight (0x00007ab2a6cc5008) [0x00007ab2a6cc5100, 0x00007ab2a6cc51c0] Compiler: c1, Barriers: 0, Oops: 1, ImmediateOops: 0, NonImmediateOops: No
[2,091s][debug][gc,nmethod     ] Register NMethod: io.sirix.page.KeyValueLeafPage.releaseGuard (0x00007ab287af5088) [0x00007ab287af5180, 0x00007ab287af54c8] Compiler: c1, Barriers: 1, Oops: 1, ImmediateOops: 0, NonImmediateOops: No
[2,091s][debug][gc,nmethod     ] Register NMethod: ch.qos.logback.classic.util.ContextSelectorStaticBinder.getContextSelector (0x00007ab2a6cc5308) [0x00007ab2a6cc5400, 0x00007ab2a6cc54e8] Compiler: c1, Barriers: 1, Oops: 1, ImmediateOops: 0, NonImmediateOops: No
[2,091s][debug][gc,nmethod     ] Register NMethod: io.sirix.access.trx.node.AbstractNodeReadOnlyTrx.getNodeKey (0x00007ab287af5508) [0x00007ab287af5600, 0x00007ab287af5c50] Compiler: c1, Barriers: 1, Oops: 1, ImmediateOops: 1, NonImmediateOops: No
[2,091s][debug][gc,nmethod     ] Register NMethod: java.util.concurrent.ForkJoinTask$InterruptibleTask.postExec (0x00007ab2a6cc5608) [0x00007ab2a6cc5700, 0x00007ab2a6cc57c0] Compiler: c1, Barriers: 0, Oops: 0, ImmediateOops: 0, NonImmediateOops: No
[2,091s][debug][gc,nmethod     ] Register NMethod: java.lang.Thread.threadId (0x00007ab2a6cc5908) [0x00007ab2a6cc5a00, 0x00007ab2a6cc5ac0] Compiler: c1, Barriers: 0, Oops: 0, ImmediateOops: 0, NonImmediateOops: No
[2,091s][debug][gc,nmethod     ] Register NMethod: com.github.benmanes.caffeine.cache.SSLS.isRecordingStats (0x00007ab2a6cc5c08) [0x00007ab2a6cc5d00, 0x00007ab2a6cc5dc0] Compiler: c1, Barriers: 0, Oops: 1, ImmediateOops: 0, NonImmediateOops: No
[2,091s][debug][gc,nmethod     ] Register NMethod: io.sirix.page.DeserializedReferencesPage4Tuple.references (0x00007ab2a6cc5f08) [0x00007ab2a6cc6000, 0x00007ab2a6cc60e8] Compiler: c1, Barriers: 1, Oops: 1, ImmediateOops: 0, NonImmediateOops: No
[2,091s][debug][gc,nmethod     ] Register NMethod: io.sirix.page.DeserializedReferencesPage4Tuple.offsets (0x00007ab2a6cc6208) [0x00007ab2a6cc6300, 0x00007ab2a6cc63e8] Compiler: c1, Barriers: 1, Oops: 1, ImmediateOops: 0, NonImmediateOops: No
[2,091s][debug][gc,nmethod     ] Register NMethod: com.github.benmanes.caffeine.cache.SSLS.statsCounter (0x00007ab2a6cc6508) [0x00007ab2a6cc6600, 0x00007ab2a6cc66f0] Compiler: c1, Barriers: 1, Oops: 1, ImmediateOops: 0, NonImmediateOops: No
[2,091s][debug][gc,nmethod     ] Register NMethod: com.github.benmanes.caffeine.cache.SSL.hasRemovalListener (0x00007ab2a6cc6808) [0x00007ab2a6cc6900, 0x00007ab2a6cc69c0] Compiler: c1, Barriers: 0, Oops: 1, ImmediateOops: 0, NonImmediateOops: No
[2,091s][debug][gc,nmethod     ] Register NMethod: io.sirix.page.DeserializedBitmapReferencesPageTuple.getReferences (0x00007ab2a6cc6b08) [0x00007ab2a6cc6c00, 0x00007ab2a6cc6ce8] Compiler: c1, Barriers: 1, Oops: 1, ImmediateOops: 0, NonImmediateOops: No
[2,091s][debug][gc,nmethod     ] Register NMethod: com.github.benmanes.caffeine.cache.SSL.removalListener (0x00007ab2a6cc6e08) [0x00007ab2a6cc6f00, 0x00007ab2a6cc6ff0] Compiler: c1, Barriers: 1, Oops: 1, ImmediateOops: 0, NonImmediateOops: No
[2,091s][debug][gc,nmethod     ] Register NMethod: io.sirix.access.trx.node.AbstractResourceSession.getRevisionEpochTracker (0x00007ab2a6cc7108) [0x00007ab2a6cc7200, 0x00007ab2a6cc72e8] Compiler: c1, Barriers: 1, Oops: 1, ImmediateOops: 0, NonImmediateOops: No
[2,091s][debug][gc,nmethod     ] Register NMethod: io.sirix.page.DeserializedBitmapReferencesPageTuple.getBitmap (0x00007ab2a6cc7408) [0x00007ab2a6cc7500, 0x00007ab2a6cc75e8] Compiler: c1, Barriers: 1, Oops: 1, ImmediateOops: 0, NonImmediateOops: No
[2,091s][debug][gc,nmethod     ] Register NMethod: com.github.benmanes.caffeine.cache.PSMW.setWeight (0x00007ab2a6cc7708) [0x00007ab2a6cc7800, 0x00007ab2a6cc78c0] Compiler: c1, Barriers: 0, Oops: 1, ImmediateOops: 0, NonImmediateOops: No
[2,091s][debug][gc,nmethod     ] Register NMethod: com.github.benmanes.caffeine.cache.SingletonWeigher.weigh (0x00007ab2a6cc7a08) [0x00007ab2a6cc7b00, 0x00007ab2a6cc7bc0] Compiler: c1, Barriers: 0, Oops: 1, ImmediateOops: 0, NonImmediateOops: No
[2,091s][debug][gc,nmethod     ] Register NMethod: com.github.benmanes.caffeine.cache.BoundedLocalCache.hasRemovalListener (0x00007ab2a6cc7d08) [0x00007ab2a6cc7e00, 0x00007ab2a6cc7ec0] Compiler: c1, Barriers: 0, Oops: 1, ImmediateOops: 0, NonImmediateOops: No
[2,091s][debug][gc,nmethod     ] Register NMethod: com.github.benmanes.caffeine.cache.Node.getWeight (0x00007ab2a6cc8008) [0x00007ab2a6cc8100, 0x00007ab2a6cc81c0] Compiler: c1, Barriers: 0, Oops: 1, ImmediateOops: 0, NonImmediateOops: No
[2,091s][debug][gc,nmethod     ] Register NMethod: com.github.benmanes.caffeine.cache.SSMS.setHitsInSample (0x00007ab2a6cc8308) [0x00007ab2a6cc8400, 0x00007ab2a6cc84c0] Compiler: c1, Barriers: 0, Oops: 1, ImmediateOops: 0, NonImmediateOops: No
[2,091s][debug][gc,nmethod     ] Register NMethod: io.sirix.page.RevisionRootPage.getCurrentMaxLevelOfDocumentIndexIndirectPages (0x00007ab2a6cc8608) [0x00007ab2a6cc8700, 0x00007ab2a6cc87c0] Compiler: c1, Barriers: 0, Oops: 1, ImmediateOops: 0, NonImmediateOops: No
[2,091s][debug][gc,nmethod     ] Register NMethod: io.sirix.node.delegates.StructNodeDelegate.getFirstChildKey (0x00007ab2a6cc8908) [0x00007ab2a6cc8a00, 0x00007ab2a6cc8ac0] Compiler: c1, Barriers: 0, Oops: 1, ImmediateOops: 0, NonImmediateOops: No
[2,091s][debug][gc,nmethod     ] Register NMethod: com.github.benmanes.caffeine.cache.PSMS.getPreviousInAccessOrder (0x00007ab2a6cc8c08) [0x00007ab2a6cc8d00, 0x00007ab2a6cc8de8] Compiler: c1, Barriers: 1, Oops: 1, ImmediateOops: 0, NonImmediateOops: No
[2,091s][debug][gc,nmethod     ] Register NMethod: com.github.benmanes.caffeine.cache.PSMS.getNextInAccessOrder (0x00007ab2a6cc8f08) [0x00007ab2a6cc9000, 0x00007ab2a6cc90e8] Compiler: c1, Barriers: 1, Oops: 1, ImmediateOops: 0, NonImmediateOops: No
[2,091s][debug][gc,nmethod     ] Register NMethod: jdk.internal.misc.Unsafe.checkSize (0x00007ab2a6cc9208) [0x00007ab2a6cc9300, 0x00007ab2a6cc93b8] Compiler: jvmci, Barriers: 0, Oops: 0, ImmediateOops: 0, NonImmediateOops: No
[2,091s][debug][gc,nmethod     ] Register NMethod: io.sirix.node.xml.XmlDocumentRootNode.structDelegate (0x00007ab2a6cc9508) [0x00007ab2a6cc9600, 0x00007ab2a6cc96e8] Compiler: c1, Barriers: 1, Oops: 1, ImmediateOops: 0, NonImmediateOops: No
[2,091s][debug][gc,nmethod     ] Register NMethod: kotlin.coroutines.ContinuationInterceptor$DefaultImpls.get (0x00007ab287af5c88) [0x00007ab287af5d80, 0x00007ab287af9500] Compiler: c1, Barriers: 7, Oops: 5, ImmediateOops: 13, NonImmediateOops: No
[2,091s][debug][gc,nmethod     ] Register NMethod: com.github.benmanes.caffeine.cache.PSMS.getQueueType (0x00007ab2a6cc9808) [0x00007ab2a6cc9900, 0x00007ab2a6cc99c0] Compiler: c1, Barriers: 0, Oops: 1, ImmediateOops: 0, NonImmediateOops: No
[2,091s][debug][gc,nmethod     ] Register NMethod: java.util.ArrayDeque.<init> (0x00007ab287af9588) [0x00007ab287af9680, 0x00007ab287af9940] Compiler: c1, Barriers: 3, Oops: 0, ImmediateOops: 0, NonImmediateOops: No
[2,091s][debug][gc,nmethod     ] Register NMethod: java.util.concurrent.ForkJoinPool.compareAndSetCtl (0x00007ab287af9988) [0x00007ab287af9a80, 0x00007ab287af9ba0] Compiler: c1, Barriers: 0, Oops: 0, ImmediateOops: 0, NonImmediateOops: No
[2,092s][debug][gc,nmethod     ] Register NMethod: java.util.concurrent.ForkJoinPool.awaitWork (0x00007ab287af9c88) [0x00007ab287af9d80, 0x00007ab287afaa90] Compiler: c1, Barriers: 2, Oops: 0, ImmediateOops: 1, NonImmediateOops: No
[2,092s][debug][gc,nmethod     ] Register NMethod: com.google.common.collect.testing.AbstractIteratorTester$2.execute (0x00007ab287afab08) [0x00007ab287afac00, 0x00007ab287afaf08] Compiler: c1, Barriers: 0, Oops: 1, ImmediateOops: 0, NonImmediateOops: No
[2,093s][debug][gc,nmethod     ] Register NMethod: java.util.HashSet.add (0x00007ab2a6cc9b08) [0x00007ab2a6cc9c20, 0x00007ab2a6ccade0] Compiler: jvmci, Barriers: 36, Oops: 1, ImmediateOops: 1, NonImmediateOops: No
[2,093s][debug][gc,director    ] Rule Major: Warmup 10%, Used: 272MB, UsedThreshold: 1228MB
[2,093s][debug][gc,nmethod     ] Register NMethod: kotlin.jvm.internal.Intrinsics.areEqual (0x00007ab287afaf88) [0x00007ab287afb080, 0x00007ab287afb3f8] Compiler: c1, Barriers: 0, Oops: 1, ImmediateOops: 0, NonImmediateOops: No
[2,093s][debug][gc,nmethod     ] Register NMethod: java.util.concurrent.atomic.AtomicIntegerFieldUpdater$AtomicIntegerFieldUpdaterImpl.accessCheck (0x00007ab287afb408) [0x00007ab287afb500, 0x00007ab287afb890] Compiler: c1, Barriers: 1, Oops: 0, ImmediateOops: 0, NonImmediateOops: No
[2,093s][debug][gc,nmethod     ] Register NMethod: io.sirix.node.xml.TextNode.getNodeKey (0x00007ab2a6ccae08) [0x00007ab2a6ccaf00, 0x00007ab2a6ccafc0] Compiler: c1, Barriers: 0, Oops: 1, ImmediateOops: 0, NonImmediateOops: No
[2,093s][debug][gc,nmethod     ] Register NMethod: sun.nio.ch.Util.getTemporaryDirectBuffer (0x00007ab287afb908) [0x00007ab287afba00, 0x00007ab287afd140] Compiler: c1, Barriers: 0, Oops: 2, ImmediateOops: 9, NonImmediateOops: No
[2,093s][debug][gc,nmethod     ] Register NMethod: jdk.internal.foreign.MemorySessionImpl.asArena (0x00007ab287afd188) [0x00007ab287afd280, 0x00007ab287afd710] Compiler: c1, Barriers: 3, Oops: 0, ImmediateOops: 0, NonImmediateOops: No
[2,093s][debug][gc,nmethod     ] Register NMethod: sun.nio.ch.Util.offerFirstTemporaryDirectBuffer (0x00007ab287afd788) [0x00007ab287afd880, 0x00007ab287affb18] Compiler: c1, Barriers: 0, Oops: 2, ImmediateOops: 8, NonImmediateOops: No
[2,094s][debug][gc,nmethod     ] Register NMethod: kotlin.coroutines.CoroutineContext$Element$DefaultImpls.get (0x00007ab287affb88) [0x00007ab287affc80, 0x00007ab287b01128] Compiler: c1, Barriers: 2, Oops: 4, ImmediateOops: 6, NonImmediateOops: No
[2,094s][debug][gc,nmethod     ] Register NMethod: jdk.internal.misc.Unsafe.getLongUnaligned (0x00007ab2a6ccb108) [0x00007ab2a6ccb200, 0x00007ab2a6ccb2c0] Compiler: jvmci, Barriers: 0, Oops: 0, ImmediateOops: 0, NonImmediateOops: No
[2,094s][debug][gc,nmethod     ] Register NMethod: java.util.concurrent.ForkJoinTask.<init> (0x00007ab287b01188) [0x00007ab287b01280, 0x00007ab287b013d8] Compiler: c1, Barriers: 0, Oops: 0, ImmediateOops: 0, NonImmediateOops: No
[2,094s][debug][gc,nmethod     ] Register NMethod: jdk.internal.foreign.MemorySessionImpl$ResourceList.<init> (0x00007ab287b01488) [0x00007ab287b01580, 0x00007ab287b016d8] Compiler: c1, Barriers: 0, Oops: 0, ImmediateOops: 0, NonImmediateOops: No
[2,095s][debug][gc,nmethod     ] Register NMethod: java.lang.invoke.MethodHandle.invokeBasic (0x00007ab2a6ccb408) [0x00007ab2a6ccb500, 0x00007ab2a6ccb798] Compiler: , Barriers: 0, Oops: 0, ImmediateOops: 0, NonImmediateOops: No
[2,095s][debug][gc,nmethod     ] Register NMethod: jdk.internal.misc.Unsafe.checkNativeAddress (0x00007ab2a6ccb808) [0x00007ab2a6ccb900, 0x00007ab2a6ccb980] Compiler: jvmci, Barriers: 0, Oops: 0, ImmediateOops: 0, NonImmediateOops: No
[2,095s][debug][gc,nmethod     ] Register NMethod: java.util.concurrent.atomic.AtomicIntegerFieldUpdater$AtomicIntegerFieldUpdaterImpl.get (0x00007ab287b01788) [0x00007ab287b01880, 0x00007ab287b01c88] Compiler: c1, Barriers: 1, Oops: 0, ImmediateOops: 0, NonImmediateOops: No
[2,095s][debug][gc,nmethod     ] Register NMethod: java.lang.invoke.VarHandleGuards.guard_L_J (0x00007ab287b01d08) [0x00007ab287b01e00, 0x00007ab287b04ca0] Compiler: c1, Barriers: 28, Oops: 0, ImmediateOops: 2, NonImmediateOops: No
[2,095s][debug][gc,nmethod     ] Register NMethod: io.sirix.page.UberPage.getPageCountExp (0x00007ab287b04d08) [0x00007ab287b04e00, 0x00007ab287b05348] Compiler: c1, Barriers: 0, Oops: 1, ImmediateOops: 4, NonImmediateOops: No
[2,095s][debug][gc,nmethod     ] Register NMethod: kotlin.coroutines.CombinedContext.get (0x00007ab287b05388) [0x00007ab287b05480, 0x00007ab287b066c8] Compiler: c1, Barriers: 3, Oops: 3, ImmediateOops: 3, NonImmediateOops: No
[2,096s][debug][gc,nmethod     ] Register NMethod: io.sirix.access.trx.page.NodeStorageEngineReader.getCurrentMaxIndirectPageTreeLevel (0x00007ab287b06708) [0x00007ab287b06800, 0x00007ab287b0dfc8] Compiler: c1, Barriers: 20, Oops: 1, ImmediateOops: 6, NonImmediateOops: No
[2,096s][debug][gc,nmethod     ] Register NMethod: java.util.concurrent.ForkJoinTask.doExec (0x00007ab287b0e008) [0x00007ab287b0e100, 0x00007ab287b0ebc0] Compiler: c1, Barriers: 0, Oops: 0, ImmediateOops: 0, NonImmediateOops: No
[2,096s][debug][gc,nmethod     ] Register NMethod: io.sirix.access.trx.page.NodeStorageEngineReader.getPageReference (0x00007ab287b0ec08) [0x00007ab287b0ed00, 0x00007ab287b17da8] Compiler: c1, Barriers: 28, Oops: 1, ImmediateOops: 7, NonImmediateOops: No
[2,097s][debug][gc,nmethod     ] Register NMethod: kotlin.coroutines.jvm.internal.ContinuationImpl.getContext (0x00007ab287b17e08) [0x00007ab287b17f00, 0x00007ab287b18768] Compiler: c1, Barriers: 2, Oops: 2, ImmediateOops: 2, NonImmediateOops: No
[2,097s][debug][gc,nmethod     ] Register NMethod: kotlinx.coroutines.DebugKt.getASSERTIONS_ENABLED (0x00007ab287b18788) [0x00007ab287b18880, 0x00007ab287b18968] Compiler: c1, Barriers: 0, Oops: 1, ImmediateOops: 0, NonImmediateOops: No
[2,097s][debug][gc,nmethod     ] Register NMethod: java.util.concurrent.ForkJoinPool$WorkQueue.nextLocalTask (0x00007ab287b18a88) [0x00007ab287b18b80, 0x00007ab287b19bd8] Compiler: c1, Barriers: 9, Oops: 1, ImmediateOops: 1, NonImmediateOops: No
[2,097s][debug][gc,nmethod     ] Register NMethod: java.util.concurrent.ForkJoinPool$WorkQueue.push (0x00007ab287b19c08) [0x00007ab287b19d00, 0x00007ab287b1a9f0] Compiler: c1, Barriers: 9, Oops: 0, ImmediateOops: 1, NonImmediateOops: No
[2,097s][debug][gc,nmethod     ] Register NMethod: java.lang.invoke.VarHandleReferences$FieldInstanceReadOnly.getVolatile (0x00007ab287b1aa08) [0x00007ab287b1ab00, 0x00007ab287b1b528] Compiler: c1, Barriers: 2, Oops: 1, ImmediateOops: 0, NonImmediateOops: No
[2,097s][debug][gc,nmethod     ] Register NMethod: java.util.concurrent.ForkJoinPool.compareAndExchangeCtl (0x00007ab287b1b588) [0x00007ab287b1b680, 0x00007ab287b1b990] Compiler: c1, Barriers: 0, Oops: 0, ImmediateOops: 1, NonImmediateOops: No
[2,097s][debug][gc,nmethod     ] Register NMethod: kotlin.coroutines.AbstractCoroutineContextElement.get (0x00007ab287b1ba08) [0x00007ab287b1bb00, 0x00007ab287b1c9a8] Compiler: c1, Barriers: 1, Oops: 4, ImmediateOops: 3, NonImmediateOops: No
[2,097s][debug][gc,nmethod     ] Register NMethod: io.sirix.node.GrowingMemorySegment.<init> (0x00007ab287b1ca08) [0x00007ab287b1cb00, 0x00007ab287b1d6d0] Compiler: c1, Barriers: 6, Oops: 2, ImmediateOops: 1, NonImmediateOops: No
[2,097s][debug][gc,nmethod     ] Register NMethod: kotlin.coroutines.CombinedContext.fold (0x00007ab287b1d708) [0x00007ab287b1d800, 0x00007ab287b1e540] Compiler: c1, Barriers: 3, Oops: 3, ImmediateOops: 3, NonImmediateOops: No
[2,098s][debug][gc,nmethod     ] Register NMethod: java.nio.MappedByteBuffer.limit (0x00007ab287b1e588) [0x00007ab287b1e680, 0x00007ab287b1ea40] Compiler: c1, Barriers: 0, Oops: 0, ImmediateOops: 0, NonImmediateOops: No
[2,098s][debug][gc,nmethod     ] Register NMethod: jdk.internal.foreign.SharedSession$SharedResourceList.add (0x00007ab287b1ea88) [0x00007ab287b1eb80, 0x00007ab287b21650] Compiler: c1, Barriers: 9, Oops: 7, ImmediateOops: 21, NonImmediateOops: No
[2,098s][debug][gc,nmethod     ] Register NMethod: kotlin.coroutines.CoroutineContext$Element$DefaultImpls.fold (0x00007ab287b21708) [0x00007ab287b21800, 0x00007ab287b22288] Compiler: c1, Barriers: 1, Oops: 3, ImmediateOops: 3, NonImmediateOops: No
[2,098s][debug][gc,nmethod     ] Register NMethod: kotlinx.coroutines.channels.BufferedChannel.getBufferEndCounter (0x00007ab287b22308) [0x00007ab287b22400, 0x00007ab287b22868] Compiler: c1, Barriers: 0, Oops: 2, ImmediateOops: 3, NonImmediateOops: No
[2,098s][debug][gc,nmethod     ] Register NMethod: java.lang.invoke.VarHandleSegmentAsLongs.get (0x00007ab2a6ccbb08) [0x00007ab2a6ccbc00, 0x00007ab2a6ccc1f8] Compiler: jvmci, Barriers: 4, Oops: 0, ImmediateOops: 0, NonImmediateOops: No
[2,098s][debug][gc,nmethod     ] Register NMethod: kotlin.coroutines.CombinedContext.<init> (0x00007ab287b22888) [0x00007ab287b22980, 0x00007ab287b23a90] Compiler: c1, Barriers: 8, Oops: 4, ImmediateOops: 6, NonImmediateOops: No
[2,098s][debug][gc,nmethod     ] Register NMethod: kotlin.coroutines.CombinedContext.minusKey (0x00007ab287b23b08) [0x00007ab287b23c00, 0x00007ab287b25de8] Compiler: c1, Barriers: 15, Oops: 5, ImmediateOops: 10, NonImmediateOops: No
[2,099s][debug][gc,nmethod     ] Register NMethod: java.util.concurrent.ForkJoinPool$WorkQueue.topLevelExec (0x00007ab287b25e88) [0x00007ab287b25f80, 0x00007ab287b26d40] Compiler: c1, Barriers: 0, Oops: 0, ImmediateOops: 0, NonImmediateOops: No
[2,099s][debug][gc,nmethod     ] Register NMethod: jdk.internal.util.DecimalDigits.uncheckedPutPairLatin1 (0x00007ab287b26d88) [0x00007ab287b26e80, 0x00007ab287b27008] Compiler: c1, Barriers: 0, Oops: 0, ImmediateOops: 1, NonImmediateOops: No
[2,099s][debug][gc,nmethod     ] Register NMethod: java.lang.String.lastIndexOf (0x00007ab287b27088) [0x00007ab287b27180, 0x00007ab287b279a0] Compiler: c1, Barriers: 1, Oops: 0, ImmediateOops: 0, NonImmediateOops: No
[2,099s][debug][gc,nmethod     ] Register NMethod: java.lang.String.lastIndexOf (0x00007ab287b27a08) [0x00007ab287b27b00, 0x00007ab287b28560] Compiler: c1, Barriers: 1, Oops: 0, ImmediateOops: 0, NonImmediateOops: No
[2,099s][debug][gc,nmethod     ] Register NMethod: kotlin.jvm.internal.Intrinsics.checkNotNullExpressionValue (0x00007ab287b28588) [0x00007ab287b28680, 0x00007ab287b298e8] Compiler: c1, Barriers: 1, Oops: 3, ImmediateOops: 4, NonImmediateOops: No
[2,099s][debug][gc,nmethod     ] Register NMethod: java.util.concurrent.ForkJoinWorkerThread$InnocuousForkJoinWorkerThread.onThreadLocalReset (0x00007ab287b29908) [0x00007ab287b29a00, 0x00007ab287b29c08] Compiler: c1, Barriers: 3, Oops: 0, ImmediateOops: 0, NonImmediateOops: No
[2,099s][debug][gc,nmethod     ] Register NMethod: io.sirix.access.trx.page.NodeStorageEngineReader.getReferenceToLeafOfSubtree (0x00007ab287b29c88) [0x00007ab287b29d80, 0x00007ab287b2b060] Compiler: c1, Barriers: 1, Oops: 1, ImmediateOops: 2, NonImmediateOops: No
[2,099s][debug][gc,nmethod     ] Register NMethod: io.sirix.node.MemorySegmentBytesIn.readByte (0x00007ab2a6ccc208) [0x00007ab2a6ccc300, 0x00007ab2a6ccc540] Compiler: jvmci, Barriers: 4, Oops: 1, ImmediateOops: 0, NonImmediateOops: No
[2,099s][debug][gc,nmethod     ] Register NMethod: java.lang.invoke.VarHandleGuards.guard_LJ_J (0x00007ab2a6ccc588) [0x00007ab2a6ccc680, 0x00007ab2a6cccf00] Compiler: jvmci, Barriers: 26, Oops: 0, ImmediateOops: 5, NonImmediateOops: No
[2,103s][debug][gc,nmethod     ] Register NMethod: java.lang.StringBuilder.append (0x00007ab2a6cccf08) [0x00007ab2a6ccd000, 0x00007ab2a6ccd830] Compiler: jvmci, Barriers: 4, Oops: 0, ImmediateOops: 0, NonImmediateOops: No
[2,103s][debug][gc,director    ] Rule Major: Warmup 10%, Used: 274MB, UsedThreshold: 1228MB
[2,104s][debug][gc,nmethod     ] Register NMethod: java.util.concurrent.ForkJoinPool.deactivate (0x00007ab2a6ccd888) [0x00007ab2a6ccd980, 0x00007ab2a6cce448] Compiler: jvmci, Barriers: 21, Oops: 0, ImmediateOops: 1, NonImmediateOops: No
[2,113s][debug][gc,director    ] Rule Major: Warmup 10%, Used: 274MB, UsedThreshold: 1228MB
[2,113s][debug][gc,nmethod     ] Register NMethod: java.nio.ByteBuffer.rewind (0x00007ab287b2b088) [0x00007ab287b2b180, 0x00007ab287b2b2e8] Compiler: c1, Barriers: 0, Oops: 0, ImmediateOops: 0, NonImmediateOops: No
[2,113s][debug][gc,nmethod     ] Register NMethod: java.nio.MappedByteBuffer.rewind (0x00007ab287b2b388) [0x00007ab287b2b480, 0x00007ab287b2b650] Compiler: c1, Barriers: 0, Oops: 0, ImmediateOops: 0, NonImmediateOops: No
[2,113s][debug][gc,nmethod     ] Register NMethod: java.nio.MappedByteBuffer.rewind (0x00007ab287b2b688) [0x00007ab287b2b780, 0x00007ab287b2bb68] Compiler: c1, Barriers: 0, Oops: 0, ImmediateOops: 0, NonImmediateOops: No
[2,114s][debug][gc,nmethod     ] Register NMethod: java.util.concurrent.atomic.AtomicReferenceArray.length (0x00007ab287b2bb88) [0x00007ab287b2bc80, 0x00007ab287b2bdb8] Compiler: c1, Barriers: 1, Oops: 0, ImmediateOops: 0, NonImmediateOops: No
[2,114s][debug][gc,nmethod     ] Register NMethod: jdk.internal.misc.Unsafe.weakCompareAndSetInt (0x00007ab2a6cce488) [0x00007ab2a6cce580, 0x00007ab2a6cce610] Compiler: jvmci, Barriers: 0, Oops: 0, ImmediateOops: 0, NonImmediateOops: No
[2,114s][debug][gc,nmethod     ] Register NMethod: java.util.Arrays$ArrayItr.<init> (0x00007ab287b2be88) [0x00007ab287b2bf80, 0x00007ab287b2c150] Compiler: c1, Barriers: 3, Oops: 0, ImmediateOops: 0, NonImmediateOops: No
[2,114s][debug][gc,nmethod     ] Register NMethod: java.util.concurrent.atomic.AtomicReferenceFieldUpdater$AtomicReferenceFieldUpdaterImpl.valueCheck (0x00007ab287b2c188) [0x00007ab287b2c280, 0x00007ab287b2c710] Compiler: c1, Barriers: 1, Oops: 0, ImmediateOops: 0, NonImmediateOops: No
[2,114s][debug][gc,nmethod     ] Register NMethod: java.util.Arrays$ArrayList.iterator (0x00007ab287b2c788) [0x00007ab287b2c880, 0x00007ab287b2cb38] Compiler: c1, Barriers: 4, Oops: 0, ImmediateOops: 0, NonImmediateOops: No
[2,115s][debug][gc,nmethod     ] Register NMethod: kotlinx.coroutines.internal.ResizableAtomicArray.get (0x00007ab287b2cb88) [0x00007ab287b2cc80, 0x00007ab287b2e348] Compiler: c1, Barriers: 3, Oops: 8, ImmediateOops: 9, NonImmediateOops: No
[2,115s][debug][gc,nmethod     ] Register NMethod: io.sirix.axis.AbstractAxis.resetToLastKey (0x00007ab287b2e408) [0x00007ab287b2e500, 0x00007ab287b2eab8] Compiler: c1, Barriers: 2, Oops: 1, ImmediateOops: 0, NonImmediateOops: No
[2,115s][debug][gc,nmethod     ] Register NMethod: io.sirix.axis.AbstractAxis.tryToComputeNext (0x00007ab287b2eb08) [0x00007ab287b2ec00, 0x00007ab287b2f330] Compiler: c1, Barriers: 10, Oops: 1, ImmediateOops: 5, NonImmediateOops: No
[2,115s][debug][gc,nmethod     ] Register NMethod: sun.nio.ch.Util$BufferCache.next (0x00007ab287b2f388) [0x00007ab287b2f480, 0x00007ab287b2f5a8] Compiler: c1, Barriers: 0, Oops: 0, ImmediateOops: 0, NonImmediateOops: No
[2,116s][debug][gc,nmethod     ] Register NMethod: io.sirix.node.xml.ElementNode.getFirstChildKey (0x00007ab287b2f688) [0x00007ab287b2f780, 0x00007ab287b34770] Compiler: c1, Barriers: 19, Oops: 7, ImmediateOops: 11, NonImmediateOops: No
[2,116s][debug][gc,nmethod     ] Register NMethod: java.nio.HeapByteBuffer.put (0x00007ab287b34808) [0x00007ab287b34900, 0x00007ab287b35f38] Compiler: c1, Barriers: 5, Oops: 0, ImmediateOops: 2, NonImmediateOops: No
[2,116s][debug][gc,nmethod     ] Register NMethod: java.nio.Buffer.checkSession (0x00007ab287b35f88) [0x00007ab287b36080, 0x00007ab287b37440] Compiler: c1, Barriers: 5, Oops: 0, ImmediateOops: 2, NonImmediateOops: No
[2,116s][debug][gc,nmethod     ] Register NMethod: java.nio.ByteBuffer.put (0x00007ab287b37488) [0x00007ab287b37580, 0x00007ab287b38978] Compiler: c1, Barriers: 0, Oops: 0, ImmediateOops: 1, NonImmediateOops: No
[2,116s][debug][gc,nmethod     ] Register NMethod: java.util.concurrent.atomic.AtomicInteger.incrementAndGet (0x00007ab2a6cce788) [0x00007ab2a6cce880, 0x00007ab2a6cce910] Compiler: jvmci, Barriers: 0, Oops: 0, ImmediateOops: 0, NonImmediateOops: No
[2,116s][debug][gc,nmethod     ] Register NMethod: com.google.common.collect.testing.AbstractIteratorTester.access$600 (0x00007ab287b38988) [0x00007ab287b38a80, 0x00007ab287b38ba0] Compiler: c1, Barriers: 0, Oops: 1, ImmediateOops: 0, NonImmediateOops: No
[2,116s][debug][gc,nmethod     ] Register NMethod: java.lang.Long.equals (0x00007ab287b38c88) [0x00007ab287b38d80, 0x00007ab287b39510] Compiler: c1, Barriers: 0, Oops: 0, ImmediateOops: 0, NonImmediateOops: No
[2,116s][debug][gc,nmethod     ] Register NMethod: java.util.concurrent.ForkJoinPool$WorkQueue.tryLockPhase (0x00007ab287b39588) [0x00007ab287b39680, 0x00007ab287b39828] Compiler: c1, Barriers: 0, Oops: 0, ImmediateOops: 0, NonImmediateOops: No
[2,116s][debug][gc,nmethod     ] Register NMethod: kotlin.jvm.internal.Ref$LongRef.<init> (0x00007ab287b39888) [0x00007ab287b39980, 0x00007ab287b39ad8] Compiler: c1, Barriers: 0, Oops: 1, ImmediateOops: 0, NonImmediateOops: No
[2,116s][debug][gc,nmethod     ] Register NMethod: java.util.concurrent.ForkJoinPool.execute (0x00007ab287b39b88) [0x00007ab287b39c80, 0x00007ab287b3a7b8] Compiler: c1, Barriers: 3, Oops: 0, ImmediateOops: 0, NonImmediateOops: No
[2,116s][debug][gc,nmethod     ] Register NMethod: java.nio.ByteBuffer.putBuffer (0x00007ab287b3a808) [0x00007ab287b3a900, 0x00007ab287b3d1f8] Compiler: c1, Barriers: 9, Oops: 1, ImmediateOops: 6, NonImmediateOops: No
[2,117s][debug][gc,nmethod     ] Register NMethod: java.util.concurrent.ForkJoinPool.poolSubmit (0x00007ab287b3d208) [0x00007ab287b3d300, 0x00007ab287b3dd90] Compiler: c1, Barriers: 4, Oops: 1, ImmediateOops: 2, NonImmediateOops: No
[2,117s][debug][gc,nmethod     ] Register NMethod: io.sirix.axis.CoroutineDescendantAxis.nextKey (0x00007ab287b3de08) [0x00007ab287b3df00, 0x00007ab287b40e18] Compiler: c1, Barriers: 21, Oops: 2, ImmediateOops: 5, NonImmediateOops: No
[2,117s][debug][gc,nmethod     ] Register NMethod: com.google.common.collect.testing.Helpers$1$1.hasNext (0x00007ab2a6ccea88) [0x00007ab2a6cceb80, 0x00007ab2a6ccece0] Compiler: jvmci, Barriers: 1, Oops: 1, ImmediateOops: 0, NonImmediateOops: No
[2,117s][debug][gc,nmethod     ] Register NMethod: java.util.concurrent.atomic.AtomicLong.incrementAndGet (0x00007ab2a6cced88) [0x00007ab2a6ccee80, 0x00007ab2a6ccef10] Compiler: jvmci, Barriers: 0, Oops: 0, ImmediateOops: 0, NonImmediateOops: No
[2,117s][debug][gc,nmethod     ] Register NMethod: com.google.common.collect.testing.AbstractIteratorTester.internalExecuteAndCompare (0x00007ab287b40e88) [0x00007ab287b40f80, 0x00007ab287b44648] Compiler: c1, Barriers: 2, Oops: 3, ImmediateOops: 9, NonImmediateOops: No
[2,117s][debug][gc,nmethod     ] Register NMethod: kotlinx.coroutines.scheduling.CoroutineScheduler.access$getControlState$FU$p (0x00007ab287b44688) [0x00007ab287b44780, 0x00007ab287b44868] Compiler: c1, Barriers: 0, Oops: 1, ImmediateOops: 1, NonImmediateOops: No
[2,117s][debug][gc,nmethod     ] Register NMethod: kotlin.coroutines.AbstractCoroutineContextElement.fold (0x00007ab287b44988) [0x00007ab287b44a80, 0x00007ab287b45590] Compiler: c1, Barriers: 1, Oops: 3, ImmediateOops: 3, NonImmediateOops: No
[2,118s][debug][gc,nmethod     ] Register NMethod: java.lang.Thread.setNativeName (0x00007ab2a6ccf088) [0x00007ab2a6ccf180, 0x00007ab2a6ccf2d8] Compiler: , Barriers: 0, Oops: 0, ImmediateOops: 0, NonImmediateOops: No
[2,118s][debug][gc,nmethod     ] Rebuilding NMethod Table: 4096->8192 entries, 2868(70%->35%) registered, 0(0%->0%) unregistered
[2,118s][debug][gc,nmethod     ] Register NMethod: io.sirix.node.MemorySegmentBytesOut.<init> (0x00007ab287b45608) [0x00007ab287b45700, 0x00007ab287b46478] Compiler: c1, Barriers: 9, Oops: 2, ImmediateOops: 1, NonImmediateOops: No
[2,118s][debug][gc,nmethod     ] Register NMethod: io.sirix.access.trx.node.AbstractNodeReadOnlyTrx.hasFirstChild (0x00007ab287b46508) [0x00007ab287b46600, 0x00007ab287b46e08] Compiler: c1, Barriers: 0, Oops: 1, ImmediateOops: 1, NonImmediateOops: No
[2,118s][debug][gc,nmethod     ] Register NMethod: io.sirix.access.trx.node.AbstractNodeReadOnlyTrx.hasRightSibling (0x00007ab287b46e88) [0x00007ab287b46f80, 0x00007ab287b47788] Compiler: c1, Barriers: 0, Oops: 1, ImmediateOops: 1, NonImmediateOops: No
[2,118s][debug][gc,nmethod     ] Register NMethod: io.sirix.page.KeyValueLeafPage.getVersion (0x00007ab287b47808) [0x00007ab287b47900, 0x00007ab287b47c10] Compiler: c1, Barriers: 1, Oops: 1, ImmediateOops: 0, NonImmediateOops: No
[2,118s][debug][gc,nmethod     ] Register NMethod: io.sirix.cache.PageGuard.fromAcquired (0x00007ab287b47c88) [0x00007ab287b47d80, 0x00007ab287b48430] Compiler: c1, Barriers: 4, Oops: 1, ImmediateOops: 0, NonImmediateOops: No
[2,118s][debug][gc,nmethod     ] Register NMethod: io.sirix.access.trx.page.NodeStorageEngineReader.closeCurrentPageGuard (0x00007ab287b48488) [0x00007ab287b48580, 0x00007ab287b48df8] Compiler: c1, Barriers: 4, Oops: 3, ImmediateOops: 2, NonImmediateOops: No
[2,118s][debug][gc,nmethod     ] Register NMethod: java.lang.Integer.valueOf (0x00007ab2a6ccf388) [0x00007ab2a6ccf480, 0x00007ab2a6ccf5f0] Compiler: jvmci, Barriers: 1, Oops: 0, ImmediateOops: 1, NonImmediateOops: No
[2,118s][debug][gc,nmethod     ] Register NMethod: io.sirix.cache.PageGuard.<init> (0x00007ab287b48e88) [0x00007ab287b48f80, 0x00007ab287b497a8] Compiler: c1, Barriers: 4, Oops: 1, ImmediateOops: 0, NonImmediateOops: No
[2,118s][debug][gc,nmethod     ] Register NMethod: io.sirix.access.trx.page.NodeStorageEngineReader.getLeafPageReference (0x00007ab287b49808) [0x00007ab287b49900, 0x00007ab287b49e88] Compiler: c1, Barriers: 2, Oops: 1, ImmediateOops: 0, NonImmediateOops: No
[2,118s][debug][gc,nmethod     ] Register NMethod: jdk.internal.misc.Unsafe.checkOffset (0x00007ab2a6ccf688) [0x00007ab2a6ccf780, 0x00007ab2a6ccf838] Compiler: jvmci, Barriers: 0, Oops: 0, ImmediateOops: 0, NonImmediateOops: No
[2,118s][debug][gc,nmethod     ] Register NMethod: io.sirix.page.SerializationType.deserializeBitSet (0x00007ab287b49f08) [0x00007ab287b4a000, 0x00007ab287b4a408] Compiler: c1, Barriers: 0, Oops: 1, ImmediateOops: 0, NonImmediateOops: No
[2,118s][debug][gc,nmethod     ] Register NMethod: io.sirix.access.trx.page.NodeStorageEngineReader.setMostRecentPage (0x00007ab287b4a488) [0x00007ab287b4a580, 0x00007ab287b4b9b8] Compiler: c1, Barriers: 35, Oops: 1, ImmediateOops: 1, NonImmediateOops: No
[2,119s][debug][gc,nmethod     ] Register NMethod: io.sirix.io.filechannel.FileChannelReader.read (0x00007ab287b4ba08) [0x00007ab287b4bb00, 0x00007ab287b4d4c8] Compiler: c1, Barriers: 3, Oops: 1, ImmediateOops: 4, NonImmediateOops: No
[2,119s][debug][gc,nmethod     ] Register NMethod: java.util.BitSet.valueOf (0x00007ab287b4d508) [0x00007ab287b4d600, 0x00007ab287b4d7a8] Compiler: c1, Barriers: 0, Oops: 0, ImmediateOops: 0, NonImmediateOops: No
[2,119s][debug][gc,nmethod     ] Register NMethod: io.sirix.access.trx.page.NodeStorageEngineReader.getInMemoryPageInstance (0x00007ab287b4d808) [0x00007ab287b4d900, 0x00007ab287b4fd68] Compiler: c1, Barriers: 18, Oops: 2, ImmediateOops: 3, NonImmediateOops: No
[2,119s][debug][gc,nmethod     ] Register NMethod: java.util.BitSet.valueOf (0x00007ab287b4fd88) [0x00007ab287b4fe80, 0x00007ab287b51828] Compiler: c1, Barriers: 3, Oops: 0, ImmediateOops: 1, NonImmediateOops: No
[2,119s][debug][gc,nmethod     ] Register NMethod: io.sirix.access.trx.page.NodeStorageEngineReader.setMostRecentlyReadRecordPage (0x00007ab287b51888) [0x00007ab287b51980, 0x00007ab287b553b8] Compiler: c1, Barriers: 27, Oops: 1, ImmediateOops: 1, NonImmediateOops: No
[2,119s][debug][gc,nmethod     ] Register NMethod: java.util.BitSet.<init> (0x00007ab287b55408) [0x00007ab287b55500, 0x00007ab287b55720] Compiler: c1, Barriers: 3, Oops: 0, ImmediateOops: 0, NonImmediateOops: No
[2,119s][debug][gc,nmethod     ] Register NMethod: java.nio.HeapByteBuffer.<init> (0x00007ab287b55788) [0x00007ab287b55880, 0x00007ab287b55a08] Compiler: c1, Barriers: 0, Oops: 0, ImmediateOops: 0, NonImmediateOops: No
[2,119s][debug][gc,nmethod     ] Register NMethod: java.nio.HeapByteBuffer.slice (0x00007ab287b55a88) [0x00007ab287b55b80, 0x00007ab287b561a8] Compiler: c1, Barriers: 2, Oops: 0, ImmediateOops: 0, NonImmediateOops: No
[2,119s][debug][gc,nmethod     ] Register NMethod: io.sirix.node.MemorySegmentBytesIn.readLong (0x00007ab2a6ccf988) [0x00007ab2a6ccfa80, 0x00007ab2a6ccfce8] Compiler: jvmci, Barriers: 4, Oops: 1, ImmediateOops: 0, NonImmediateOops: No
[2,119s][debug][gc,nmethod     ] Register NMethod: io.sirix.access.trx.page.NodeStorageEngineReader.getFromBufferManager (0x00007ab287b56208) [0x00007ab287b56300, 0x00007ab287b59868] Compiler: c1, Barriers: 21, Oops: 2, ImmediateOops: 4, NonImmediateOops: No
[2,120s][debug][gc,nmethod     ] Register NMethod: com.google.common.collect.testing.AbstractIteratorTester.recurse (0x00007ab287b59888) [0x00007ab287b59980, 0x00007ab287b5b4e8] Compiler: c1, Barriers: 25, Oops: 1, ImmediateOops: 0, NonImmediateOops: No
[2,120s][debug][gc,nmethod     ] Register NMethod: jdk.internal.misc.Unsafe.copyMemory (0x00007ab2a6ccfd08) [0x00007ab2a6ccfe00, 0x00007ab2a6cd00e0] Compiler: jvmci, Barriers: 4, Oops: 0, ImmediateOops: 0, NonImmediateOops: No
[2,120s][debug][gc,nmethod     ] Register NMethod: io.sirix.node.MemorySegmentBytesIn.readInt (0x00007ab2a6cd0108) [0x00007ab2a6cd0200, 0x00007ab2a6cd0478] Compiler: jvmci, Barriers: 4, Oops: 1, ImmediateOops: 0, NonImmediateOops: No
[2,120s][debug][gc,nmethod     ] Register NMethod: io.sirix.node.Bytes.elasticOffHeapByteBuffer (0x00007ab287b5b508) [0x00007ab287b5b600, 0x00007ab287b5c408] Compiler: c1, Barriers: 9, Oops: 2, ImmediateOops: 1, NonImmediateOops: No
[2,120s][debug][gc,nmethod     ] Register NMethod: java.lang.runtime.ObjectMethods.hashCombiner (0x00007ab2a6cd0488) [0x00007ab2a6cd0580, 0x00007ab2a6cd05f0] Compiler: jvmci, Barriers: 0, Oops: 0, ImmediateOops: 0, NonImmediateOops: No
[2,120s][debug][gc,nmethod     ] Register NMethod: it.unimi.dsi.fastutil.ints.AbstractInt2LongMap.<init> (0x00007ab287b5c488) [0x00007ab287b5c580, 0x00007ab287b5c738] Compiler: c1, Barriers: 0, Oops: 1, ImmediateOops: 0, NonImmediateOops: No
[2,120s][debug][gc,nmethod     ] Register NMethod: it.unimi.dsi.fastutil.ints.AbstractInt2IntFunction.<init> (0x00007ab287b5c788) [0x00007ab287b5c880, 0x00007ab287b5c9d8] Compiler: c1, Barriers: 0, Oops: 1, ImmediateOops: 0, NonImmediateOops: No
[2,120s][debug][gc,nmethod     ] Register NMethod: it.unimi.dsi.fastutil.ints.AbstractInt2IntMap.<init> (0x00007ab287b5ca88) [0x00007ab287b5cb80, 0x00007ab287b5cd38] Compiler: c1, Barriers: 0, Oops: 1, ImmediateOops: 0, NonImmediateOops: No
[2,120s][debug][gc,nmethod     ] Register NMethod: it.unimi.dsi.fastutil.ints.Int2LongOpenHashMap.<init> (0x00007ab287b5cd88) [0x00007ab287b5cea0, 0x00007ab287b5d740] Compiler: c1, Barriers: 6, Oops: 1, ImmediateOops: 2, NonImmediateOops: No
[2,121s][debug][gc,nmethod     ] Register NMethod: it.unimi.dsi.fastutil.ints.Int2IntOpenHashMap.<init> (0x00007ab287b5d788) [0x00007ab287b5d8a0, 0x00007ab287b5e140] Compiler: c1, Barriers: 6, Oops: 1, ImmediateOops: 2, NonImmediateOops: No
[2,121s][debug][gc,nmethod     ] Register NMethod: java.util.Stack.pop (0x00007ab287b5e188) [0x00007ab287b5e280, 0x00007ab287b5f228] Compiler: c1, Barriers: 0, Oops: 0, ImmediateOops: 0, NonImmediateOops: No
[2,121s][debug][gc,nmethod     ] Register NMethod: java.util.concurrent.CompletableFuture.join (0x00007ab287b5f288) [0x00007ab287b5f380, 0x00007ab287b5f558] Compiler: c1, Barriers: 1, Oops: 0, ImmediateOops: 1, NonImmediateOops: No
[2,121s][debug][gc,nmethod     ] Register NMethod: java.util.concurrent.CompletableFuture.reportJoin (0x00007ab287b5f588) [0x00007ab287b5f680, 0x00007ab287b605a8] Compiler: c1, Barriers: 1, Oops: 0, ImmediateOops: 0, NonImmediateOops: No
[2,121s][debug][gc,nmethod     ] Register NMethod: java.util.Vector.removeElementAt (0x00007ab287b60608) [0x00007ab287b60700, 0x00007ab287b61d08] Compiler: c1, Barriers: 5, Oops: 1, ImmediateOops: 2, NonImmediateOops: No
[2,121s][debug][gc,nmethod     ] Register NMethod: java.nio.HeapByteBuffer.get (0x00007ab287b61d88) [0x00007ab287b61e80, 0x00007ab287b622c0] Compiler: c1, Barriers: 1, Oops: 1, ImmediateOops: 1, NonImmediateOops: No
[2,121s][debug][gc,nmethod     ] Register NMethod: com.github.benmanes.caffeine.cache.Caffeine.requireArgument (0x00007ab287b62308) [0x00007ab287b62400, 0x00007ab287b625d0] Compiler: c1, Barriers: 0, Oops: 1, ImmediateOops: 0, NonImmediateOops: No
[2,121s][debug][gc,nmethod     ] Register NMethod: io.sirix.io.bytepipe.LZ4Compressor.<init> (0x00007ab287b62608) [0x00007ab287b62700, 0x00007ab287b62858] Compiler: c1, Barriers: 0, Oops: 1, ImmediateOops: 0, NonImmediateOops: No
[2,121s][debug][gc,nmethod     ] Register NMethod: ch.qos.logback.classic.selector.DefaultContextSelector.getDefaultLoggerContext (0x00007ab2a6cd0788) [0x00007ab2a6cd0880, 0x00007ab2a6cd0968] Compiler: c1, Barriers: 1, Oops: 1, ImmediateOops: 0, NonImmediateOops: No
[2,122s][debug][gc,nmethod     ] Register NMethod: it.unimi.dsi.fastutil.ints.Int2LongOpenHashMap.<init> (0x00007ab287b62908) [0x00007ab287b62a20, 0x00007ab287b62b58] Compiler: c1, Barriers: 0, Oops: 1, ImmediateOops: 0, NonImmediateOops: No
[2,122s][debug][gc,nmethod     ] Register NMethod: it.unimi.dsi.fastutil.ints.Int2IntOpenHashMap.<init> (0x00007ab287b62c08) [0x00007ab287b62d20, 0x00007ab287b62e58] Compiler: c1, Barriers: 0, Oops: 1, ImmediateOops: 0, NonImmediateOops: No
[2,122s][debug][gc,nmethod     ] Register NMethod: it.unimi.dsi.fastutil.shorts.AbstractShortCollection.<init> (0x00007ab287b62f08) [0x00007ab287b63000, 0x00007ab287b631b8] Compiler: c1, Barriers: 0, Oops: 1, ImmediateOops: 0, NonImmediateOops: No
[2,122s][debug][gc,nmethod     ] Register NMethod: it.unimi.dsi.fastutil.shorts.ShortArrayList.<init> (0x00007ab287b63208) [0x00007ab287b63300, 0x00007ab287b635a8] Compiler: c1, Barriers: 0, Oops: 1, ImmediateOops: 0, NonImmediateOops: No
[2,122s][debug][gc,nmethod     ] Register NMethod: it.unimi.dsi.fastutil.shorts.AbstractShortList.<init> (0x00007ab287b63608) [0x00007ab287b63700, 0x00007ab287b63918] Compiler: c1, Barriers: 0, Oops: 1, ImmediateOops: 0, NonImmediateOops: No
[2,122s][debug][gc,nmethod     ] Register NMethod: jdk.internal.misc.Unsafe.getAndBitwiseOrInt (0x00007ab287b63988) [0x00007ab287b63a80, 0x00007ab287b63e58] Compiler: c1, Barriers: 0, Oops: 0, ImmediateOops: 0, NonImmediateOops: No
[2,122s][debug][gc,nmethod     ] Register NMethod: java.util.concurrent.ForkJoinPool.poolIsStopping (0x00007ab287b63e88) [0x00007ab287b63f80, 0x00007ab287b640f8] Compiler: c1, Barriers: 0, Oops: 0, ImmediateOops: 0, NonImmediateOops: No
[2,122s][debug][gc,nmethod     ] Register NMethod: java.util.concurrent.ForkJoinTask$RunnableExecuteAction.compute (0x00007ab287b64188) [0x00007ab287b64280, 0x00007ab287b647e0] Compiler: c1, Barriers: 1, Oops: 0, ImmediateOops: 0, NonImmediateOops: No
[2,122s][debug][gc,nmethod     ] Register NMethod: java.util.concurrent.ForkJoinTask$RunnableExecuteAction.setRawResult (0x00007ab287b64808) [0x00007ab287b64900, 0x00007ab287b64e18] Compiler: c1, Barriers: 0, Oops: 0, ImmediateOops: 0, NonImmediateOops: No
[2,122s][debug][gc,nmethod     ] Register NMethod: java.util.concurrent.ForkJoinTask$RunnableExecuteAction.compute (0x00007ab287b64e88) [0x00007ab287b64f80, 0x00007ab287b652d0] Compiler: c1, Barriers: 1, Oops: 0, ImmediateOops: 0, NonImmediateOops: No
[2,122s][debug][gc,nmethod     ] Register NMethod: it.unimi.dsi.fastutil.shorts.ShortArrayList.initArrayFromCapacity (0x00007ab287b65308) [0x00007ab287b65400, 0x00007ab287b665d0] Compiler: c1, Barriers: 7, Oops: 3, ImmediateOops: 3, NonImmediateOops: No
[2,122s][debug][gc,nmethod     ] Register NMethod: java.util.concurrent.ForkJoinTask$RunnableExecuteAction.setRawResult (0x00007ab287b66608) [0x00007ab287b66700, 0x00007ab287b66800] Compiler: c1, Barriers: 0, Oops: 0, ImmediateOops: 0, NonImmediateOops: No
[2,122s][debug][gc,nmethod     ] Register NMethod: io.sirix.axis.AbstractAxis.getStartKey (0x00007ab2a6cd0a88) [0x00007ab2a6cd0b80, 0x00007ab2a6cd0c40] Compiler: c1, Barriers: 0, Oops: 1, ImmediateOops: 0, NonImmediateOops: No
[2,122s][debug][gc,nmethod     ] Register NMethod: io.sirix.io.filechannel.FileChannelStorage.getDataFilePath (0x00007ab287b66908) [0x00007ab287b66a00, 0x00007ab287b67428] Compiler: c1, Barriers: 3, Oops: 2, ImmediateOops: 2, NonImmediateOops: No
[2,122s][debug][gc,nmethod     ] Register NMethod: kotlinx.coroutines.internal.ThreadContextKt$countAll$1.invoke (0x00007ab287b67488) [0x00007ab287b67580, 0x00007ab287b67a90] Compiler: c1, Barriers: 0, Oops: 1, ImmediateOops: 0, NonImmediateOops: No
[2,122s][debug][gc,nmethod     ] Register NMethod: kotlinx.coroutines.internal.ThreadContextKt$findOne$1.invoke (0x00007ab287b67b08) [0x00007ab287b67c00, 0x00007ab287b68200] Compiler: c1, Barriers: 0, Oops: 1, ImmediateOops: 0, NonImmediateOops: No
[2,122s][debug][gc,nmethod     ] Register NMethod: kotlinx.coroutines.internal.ThreadContextKt$findOne$1.invoke (0x00007ab287b68288) [0x00007ab287b68380, 0x00007ab287b68fa8] Compiler: c1, Barriers: 0, Oops: 1, ImmediateOops: 0, NonImmediateOops: No
[2,123s][debug][gc,nmethod     ] Register NMethod: kotlinx.coroutines.internal.ThreadContextKt$countAll$1.invoke (0x00007ab287b69008) [0x00007ab287b69100, 0x00007ab287b69dd0] Compiler: c1, Barriers: 1, Oops: 1, ImmediateOops: 1, NonImmediateOops: No
[2,123s][debug][gc,nmethod     ] Register NMethod: java.util.concurrent.ForkJoinTask$InterruptibleTask.exec (0x00007ab287b69e08) [0x00007ab287b69f00, 0x00007ab287b6c418] Compiler: c1, Barriers: 13, Oops: 0, ImmediateOops: 0, NonImmediateOops: No
[2,123s][debug][gc,nmethod     ] Register NMethod: com.github.benmanes.caffeine.cache.LocalCache$$Lambda/0x000000006c24f628.apply (0x00007ab287b6c488) [0x00007ab287b6c580, 0x00007ab287b6c958] Compiler: c1, Barriers: 2, Oops: 1, ImmediateOops: 0, NonImmediateOops: No
[2,123s][debug][gc,nmethod     ] Register NMethod: io.sirix.access.trx.page.NodeStorageEngineReader$$Lambda/0x000000006c24f3e8.apply (0x00007ab287b6c988) [0x00007ab287b6ca80, 0x00007ab287b6d7c8] Compiler: c1, Barriers: 5, Oops: 1, ImmediateOops: 1, NonImmediateOops: No
[2,123s][debug][gc,nmethod     ] Register NMethod: io.sirix.access.trx.page.NodeStorageEngineReader.lambda$loadPage$0 (0x00007ab287b6d808) [0x00007ab287b6d900, 0x00007ab287b6e140] Compiler: c1, Barriers: 3, Oops: 1, ImmediateOops: 1, NonImmediateOops: No
[2,123s][debug][gc,nmethod     ] Register NMethod: com.github.benmanes.caffeine.cache.LocalCache.lambda$statsAware$3 (0x00007ab287b6e188) [0x00007ab287b6e280, 0x00007ab287b6ff30] Compiler: c1, Barriers: 0, Oops: 1, ImmediateOops: 0, NonImmediateOops: No
[2,123s][debug][gc,director    ] Rule Major: Warmup 10%, Used: 276MB, UsedThreshold: 1228MB
[2,123s][debug][gc,nmethod     ] Register NMethod: io.sirix.page.PageUtils.createDelegate (0x00007ab287b6ff88) [0x00007ab287b70080, 0x00007ab287b71180] Compiler: c1, Barriers: 16, Oops: 1, ImmediateOops: 0, NonImmediateOops: No
[2,123s][debug][gc,nmethod     ] Register NMethod: io.sirix.axis.AbstractAxis.nextLong (0x00007ab287b71208) [0x00007ab287b71300, 0x00007ab287b71d80] Compiler: c1, Barriers: 5, Oops: 1, ImmediateOops: 1, NonImmediateOops: No
[2,123s][debug][gc,nmethod     ] Register NMethod: java.util.Vector.addElement (0x00007ab287b71e08) [0x00007ab287b71f00, 0x00007ab287b725c0] Compiler: c1, Barriers: 4, Oops: 0, ImmediateOops: 0, NonImmediateOops: No
[2,123s][debug][gc,nmethod     ] Register NMethod: java.util.Stack.push (0x00007ab287b72608) [0x00007ab287b72700, 0x00007ab287b73010] Compiler: c1, Barriers: 4, Oops: 0, ImmediateOops: 0, NonImmediateOops: No
[2,123s][debug][gc,nmethod     ] Register NMethod: kotlinx.coroutines.JobSupport.getKey (0x00007ab287b73088) [0x00007ab287b73180, 0x00007ab287b73288] Compiler: c1, Barriers: 0, Oops: 1, ImmediateOops: 1, NonImmediateOops: No
[2,123s][debug][gc,nmethod     ] Register NMethod: com.google.common.collect.testing.Helpers$1$1.next (0x00007ab2a6cd0d88) [0x00007ab2a6cd0e80, 0x00007ab2a6cd1480] Compiler: jvmci, Barriers: 10, Oops: 1, ImmediateOops: 0, NonImmediateOops: No
[2,123s][debug][gc,nmethod     ] Register NMethod: io.sirix.page.DeserializedReferencesPage4Tuple.<init> (0x00007ab287b73388) [0x00007ab287b73480, 0x00007ab287b73728] Compiler: c1, Barriers: 6, Oops: 1, ImmediateOops: 0, NonImmediateOops: No
[2,123s][debug][gc,nmethod     ] Register NMethod: com.github.benmanes.caffeine.cache.stats.ConcurrentStatsCounter.recordLoadSuccess (0x00007ab287b73788) [0x00007ab287b73880, 0x00007ab287b73b18] Compiler: c1, Barriers: 2, Oops: 1, ImmediateOops: 0, NonImmediateOops: No
[2,123s][debug][gc,nmethod     ] Register NMethod: java.util.concurrent.atomic.LongAdder.increment (0x00007ab287b73b88) [0x00007ab287b73c80, 0x00007ab287b73dc8] Compiler: c1, Barriers: 0, Oops: 0, ImmediateOops: 0, NonImmediateOops: No
[2,123s][debug][gc,nmethod     ] Register NMethod: java.util.Collections.frequency (0x00007ab287b73e88) [0x00007ab287b73f80, 0x00007ab287b75088] Compiler: c1, Barriers: 0, Oops: 0, ImmediateOops: 0, NonImmediateOops: No
[2,124s][debug][gc,nmethod     ] Register NMethod: io.sirix.page.delegates.ReferencesPage4.<init> (0x00007ab287b75108) [0x00007ab287b75200, 0x00007ab287b758b8] Compiler: c1, Barriers: 8, Oops: 1, ImmediateOops: 0, NonImmediateOops: No
[2,124s][debug][gc,nmethod     ] Register NMethod: io.sirix.access.trx.node.AbstractNodeReadOnlyTrx.getFirstChildKey (0x00007ab287b75908) [0x00007ab287b75a00, 0x00007ab287b76208] Compiler: c1, Barriers: 0, Oops: 1, ImmediateOops: 1, NonImmediateOops: No
[2,124s][debug][gc,nmethod     ] Register NMethod: com.github.benmanes.caffeine.cache.BoundedWeigher.weigh (0x00007ab287b76288) [0x00007ab287b76380, 0x00007ab287b76850] Compiler: c1, Barriers: 1, Oops: 1, ImmediateOops: 0, NonImmediateOops: No
[2,124s][debug][gc,nmethod     ] Register NMethod: it.unimi.dsi.fastutil.longs.LongIterator.next (0x00007ab287b76888) [0x00007ab287b76980, 0x00007ab287b76cd8] Compiler: c1, Barriers: 0, Oops: 1, ImmediateOops: 0, NonImmediateOops: No
[2,124s][debug][gc,nmethod     ] Register NMethod: io.sirix.cache.PageCache$$Lambda/0x000000006c1b5888.weigh (0x00007ab287b76d08) [0x00007ab287b76e00, 0x00007ab287b77e18] Compiler: c1, Barriers: 1, Oops: 1, ImmediateOops: 0, NonImmediateOops: No
[2,124s][debug][gc,nmethod     ] Register NMethod: io.sirix.node.xml.TextNode.hasFirstChild (0x00007ab2a6cd1508) [0x00007ab2a6cd1600, 0x00007ab2a6cd16c0] Compiler: c1, Barriers: 0, Oops: 1, ImmediateOops: 0, NonImmediateOops: No
[2,124s][debug][gc,nmethod     ] Register NMethod: java.time.zone.ZoneOffsetTransition.getOffsetAfter (0x00007ab2a6cd1808) [0x00007ab2a6cd1900, 0x00007ab2a6cd19e8] Compiler: c1, Barriers: 1, Oops: 0, ImmediateOops: 0, NonImmediateOops: No
[2,124s][debug][gc,nmethod     ] Register NMethod: io.sirix.cache.PageCache.lambda$new$1 (0x00007ab287b77e88) [0x00007ab287b77f80, 0x00007ab287b78b38] Compiler: c1, Barriers: 1, Oops: 1, ImmediateOops: 0, NonImmediateOops: No
[2,124s][debug][gc,nmethod     ] Register NMethod: java.util.Vector.<init> (0x00007ab287b78b88) [0x00007ab287b78c80, 0x00007ab287b78db8] Compiler: c1, Barriers: 0, Oops: 0, ImmediateOops: 0, NonImmediateOops: No
[2,124s][debug][gc,nmethod     ] Register NMethod: java.util.Stack.<init> (0x00007ab287b78e88) [0x00007ab287b78f80, 0x00007ab287b79180] Compiler: c1, Barriers: 0, Oops: 0, ImmediateOops: 0, NonImmediateOops: No
[2,124s][debug][gc,nmethod     ] Register NMethod: java.util.Vector.<init> (0x00007ab287b79188) [0x00007ab287b79280, 0x00007ab287b79418] Compiler: c1, Barriers: 0, Oops: 0, ImmediateOops: 0, NonImmediateOops: No
[2,124s][debug][gc,nmethod     ] Register NMethod: com.google.common.collect.testing.AbstractIteratorTester$MultiExceptionListIterator.hasNext (0x00007ab287b79488) [0x00007ab287b79580, 0x00007ab287b79ae0] Compiler: c1, Barriers: 1, Oops: 1, ImmediateOops: 0, NonImmediateOops: No
[2,124s][debug][gc,nmethod     ] Register NMethod: com.google.common.collect.testing.AbstractIteratorTester$6.executeAndCompare (0x00007ab287b79b08) [0x00007ab287b79c00, 0x00007ab287b7a370] Compiler: c1, Barriers: 0, Oops: 1, ImmediateOops: 4, NonImmediateOops: No
[2,124s][debug][gc,nmethod     ] Register NMethod: java.util.Vector.<init> (0x00007ab287b7a388) [0x00007ab287b7a480, 0x00007ab287b7b3b0] Compiler: c1, Barriers: 3, Oops: 1, ImmediateOops: 2, NonImmediateOops: No
[2,124s][debug][gc,nmethod     ] Register NMethod: io.sirix.page.SerializationType$1.deserializeReferencesPage4 (0x00007ab287b7b408) [0x00007ab287b7b500, 0x00007ab287b7c9a8] Compiler: c1, Barriers: 13, Oops: 1, ImmediateOops: 0, NonImmediateOops: No
[2,124s][debug][gc,nmethod     ] Register NMethod: junit.framework.Assert.assertEquals (0x00007ab287b7ca08) [0x00007ab287b7cb00, 0x00007ab287b7d358] Compiler: c1, Barriers: 0, Oops: 1, ImmediateOops: 4, NonImmediateOops: No
[2,124s][debug][gc,nmethod     ] Register NMethod: com.google.common.collect.testing.AbstractIteratorTester$7.executeAndCompare (0x00007ab287b7d388) [0x00007ab287b7d480, 0x00007ab287b7d6c0] Compiler: c1, Barriers: 1, Oops: 2, ImmediateOops: 1, NonImmediateOops: No
[2,124s][debug][gc,nmethod     ] Register NMethod: junit.framework.Assert.assertEquals (0x00007ab287b7d708) [0x00007ab287b7d800, 0x00007ab287b7e0b0] Compiler: c1, Barriers: 0, Oops: 1, ImmediateOops: 4, NonImmediateOops: No
[2,124s][debug][gc,nmethod     ] Register NMethod: com.google.common.collect.testing.AbstractIteratorTester.access$500 (0x00007ab287b7e108) [0x00007ab287b7e200, 0x00007ab287b7e2e8] Compiler: c1, Barriers: 0, Oops: 1, ImmediateOops: 1, NonImmediateOops: No
[2,124s][debug][gc,nmethod     ] Register NMethod: it.unimi.dsi.fastutil.longs.LongIterator.next (0x00007ab287b7e408) [0x00007ab287b7e500, 0x00007ab287b7eaa0] Compiler: c1, Barriers: 0, Oops: 1, ImmediateOops: 0, NonImmediateOops: No
[2,125s][debug][gc,nmethod     ] Register NMethod: com.google.common.collect.testing.AbstractIteratorTester$MultiExceptionListIterator.transferElement (0x00007ab287b7eb08) [0x00007ab287b7ec00, 0x00007ab287b80290] Compiler: c1, Barriers: 7, Oops: 1, ImmediateOops: 1, NonImmediateOops: No
[2,125s][debug][gc,nmethod     ] Register NMethod: io.sirix.api.StorageEngineReader.recordPageOffset (0x00007ab2a6cd1b08) [0x00007ab2a6cd1c00, 0x00007ab2a6cd1c70] Compiler: jvmci, Barriers: 0, Oops: 1, ImmediateOops: 0, NonImmediateOops: No
[2,125s][debug][gc,nmethod     ] Register NMethod: com.google.common.collect.testing.AbstractIteratorTester.access$100 (0x00007ab2a6cd1e08) [0x00007ab2a6cd1f00, 0x00007ab2a6cd1fa0] Compiler: c1, Barriers: 0, Oops: 1, ImmediateOops: 0, NonImmediateOops: No
[2,125s][debug][gc,nmethod     ] Register NMethod: io.sirix.axis.AbstractAxis.includeSelf (0x00007ab2a6cd2108) [0x00007ab2a6cd2200, 0x00007ab2a6cd22e8] Compiler: c1, Barriers: 1, Oops: 1, ImmediateOops: 0, NonImmediateOops: No
[2,125s][debug][gc,nmethod     ] Register NMethod: com.google.common.collect.testing.AbstractIteratorTester$MultiExceptionListIterator.next (0x00007ab287b80308) [0x00007ab287b80400, 0x00007ab287b81b20] Compiler: c1, Barriers: 9, Oops: 1, ImmediateOops: 1, NonImmediateOops: No
[2,125s][debug][gc,nmethod     ] Register NMethod: com.google.common.collect.testing.AbstractIteratorTester$1.execute (0x00007ab287b81b88) [0x00007ab287b81c80, 0x00007ab287b81f98] Compiler: c1, Barriers: 0, Oops: 1, ImmediateOops: 0, NonImmediateOops: No
[2,125s][debug][gc,nmethod     ] Register NMethod: io.sirix.node.xml.ElementNode.getRightSiblingKey (0x00007ab287b82008) [0x00007ab287b82100, 0x00007ab287b870f0] Compiler: c1, Barriers: 19, Oops: 7, ImmediateOops: 11, NonImmediateOops: No
[2,125s][debug][gc,nmethod     ] Register NMethod: com.google.common.collect.testing.AbstractIteratorTester.compareResultsForThisListOfStimuli (0x00007ab287b87188) [0x00007ab287b87280, 0x00007ab287b8a5c0] Compiler: c1, Barriers: 20, Oops: 2, ImmediateOops: 7, NonImmediateOops: No
[2,125s][debug][gc,nmethod     ] Register NMethod: com.google.common.collect.testing.AbstractIteratorTester.access$200 (0x00007ab2a6cd2408) [0x00007ab2a6cd2500, 0x00007ab2a6cd25d0] Compiler: c1, Barriers: 1, Oops: 1, ImmediateOops: 0, NonImmediateOops: No
[2,125s][debug][gc,nmethod     ] Register NMethod: java.util.concurrent.atomic.AtomicInteger.decrementAndGet (0x00007ab2a6cd2708) [0x00007ab2a6cd2800, 0x00007ab2a6cd2890] Compiler: jvmci, Barriers: 0, Oops: 0, ImmediateOops: 0, NonImmediateOops: No
[2,126s][debug][gc,nmethod     ] Register NMethod: io.sirix.axis.DescendantAxis.nextKey (0x00007ab287b8a608) [0x00007ab287b8a700, 0x00007ab287b8cce0] Compiler: c1, Barriers: 5, Oops: 1, ImmediateOops: 2, NonImmediateOops: No
[2,126s][debug][gc,nmethod     ] Register NMethod: java.lang.invoke.MethodHandle.invokeBasic (0x00007ab2a6cd2a08) [0x00007ab2a6cd2b00, 0x00007ab2a6cd2d98] Compiler: , Barriers: 0, Oops: 0, ImmediateOops: 0, NonImmediateOops: No
[2,126s][debug][gc,nmethod     ] Register NMethod: java.lang.invoke.MethodHandle.linkToSpecial (0x00007ab2a6cd2e08) [0x00007ab2a6cd2f00, 0x00007ab2a6cd2ff8] Compiler: , Barriers: 0, Oops: 0, ImmediateOops: 0, NonImmediateOops: No
[2,126s][debug][gc,nmethod     ] Register NMethod: java.util.concurrent.ForkJoinPool.deactivate (0x00007ab2a6cd3108) [0x00007ab2a6cd3200, 0x00007ab2a6cd4268] Compiler: jvmci, Barriers: 34, Oops: 0, ImmediateOops: 1, NonImmediateOops: No
[2,126s][debug][gc,nmethod     ] Register NMethod: java.lang.invoke.LambdaForm$Name.internArguments (0x00007ab287b8cd08) [0x00007ab287b8ce00, 0x00007ab287b8da28] Compiler: c1, Barriers: 6, Oops: 0, ImmediateOops: 0, NonImmediateOops: No
[2,126s][debug][gc,nmethod     ] Register NMethod: io.sirix.node.xml.ElementNode.hasFirstChild (0x00007ab287b8da88) [0x00007ab287b8db80, 0x00007ab287b92fb8] Compiler: c1, Barriers: 19, Oops: 7, ImmediateOops: 12, NonImmediateOops: No
[2,126s][debug][gc,nmethod     ] Register NMethod: io.sirix.node.xml.TextNode.getRightSiblingKey (0x00007ab287b93008) [0x00007ab287b93100, 0x00007ab287b980f0] Compiler: c1, Barriers: 19, Oops: 7, ImmediateOops: 11, NonImmediateOops: No
[2,126s][debug][gc,nmethod     ] Register NMethod: org.gradle.internal.io.StreamByteBuffer$StreamByteBufferChunk.bytesUnread (0x00007ab287b98188) [0x00007ab287b98280, 0x00007ab287b98388] Compiler: c1, Barriers: 0, Oops: 1, ImmediateOops: 0, NonImmediateOops: No
[2,126s][debug][gc,nmethod     ] Register NMethod: io.sirix.node.xml.ElementNode.hasRightSibling (0x00007ab287b98488) [0x00007ab287b98580, 0x00007ab287b9d9b8] Compiler: c1, Barriers: 19, Oops: 7, ImmediateOops: 12, NonImmediateOops: No
[2,127s][debug][gc,nmethod     ] Register NMethod: java.util.concurrent.ConcurrentHashMap.remove (0x00007ab287b9da08) [0x00007ab287b9db00, 0x00007ab287b9de10] Compiler: c1, Barriers: 0, Oops: 0, ImmediateOops: 0, NonImmediateOops: No
[2,127s][debug][gc,nmethod     ] Register NMethod: java.io.FileDescriptor.close0 (0x00007ab2a6cd4288) [0x00007ab2a6cd4380, 0x00007ab2a6cd44c8] Compiler: , Barriers: 0, Oops: 0, ImmediateOops: 0, NonImmediateOops: No
[2,128s][debug][gc,nmethod     ] Register NMethod: java.io.FileDescriptor.valid (0x00007ab287b9de88) [0x00007ab287b9df80, 0x00007ab287b9e108] Compiler: c1, Barriers: 0, Oops: 0, ImmediateOops: 0, NonImmediateOops: No
[2,128s][debug][gc,nmethod     ] Register NMethod: io.sirix.access.trx.page.NodeStorageEngineReader.closeMostRecentPageIfOrphaned (0x00007ab287b9e188) [0x00007ab287b9e280, 0x00007ab287b9f4e8] Compiler: c1, Barriers: 5, Oops: 1, ImmediateOops: 0, NonImmediateOops: No
[2,128s][debug][gc,nmethod     ] Register NMethod: java.io.FileDescriptor.close (0x00007ab287b9f508) [0x00007ab287b9f600, 0x00007ab287b9fef8] Compiler: c1, Barriers: 4, Oops: 0, ImmediateOops: 0, NonImmediateOops: No
[2,128s][debug][gc,nmethod     ] Register NMethod: java.io.FileDescriptor.unregisterCleanup (0x00007ab287b9ff08) [0x00007ab287ba0000, 0x00007ab287ba0538] Compiler: c1, Barriers: 4, Oops: 0, ImmediateOops: 0, NonImmediateOops: No
[2,128s][debug][gc,nmethod     ] Register NMethod: java.util.concurrent.ConcurrentHashMap.replaceNode (0x00007ab287ba0588) [0x00007ab287ba0680, 0x00007ab287ba29f8] Compiler: c1, Barriers: 18, Oops: 0, ImmediateOops: 1, NonImmediateOops: No
[2,128s][debug][gc,nmethod     ] Register NMethod: java.nio.channels.spi.AbstractInterruptibleChannel.close (0x00007ab287ba2a08) [0x00007ab287ba2b00, 0x00007ab287ba3088] Compiler: c1, Barriers: 1, Oops: 0, ImmediateOops: 0, NonImmediateOops: No
[2,128s][debug][gc,nmethod     ] Register NMethod: sun.nio.ch.FileChannelImpl$Closer.run (0x00007ab287ba3108) [0x00007ab287ba3200, 0x00007ab287ba3f30] Compiler: c1, Barriers: 5, Oops: 0, ImmediateOops: 2, NonImmediateOops: No
[2,128s][debug][gc,nmethod     ] Register NMethod: java.io.FileDescriptor$1.close (0x00007ab287ba3f88) [0x00007ab287ba4080, 0x00007ab287ba4be0] Compiler: c1, Barriers: 4, Oops: 0, ImmediateOops: 0, NonImmediateOops: No
[2,128s][debug][gc,nmethod     ] Register NMethod: sun.nio.ch.NativeThreadSet.signalAndWait (0x00007ab287ba4c08) [0x00007ab287ba4d00, 0x00007ab287ba5850] Compiler: c1, Barriers: 2, Oops: 0, ImmediateOops: 0, NonImmediateOops: No
[2,128s][debug][gc,nmethod     ] Register NMethod: java.util.Optional.isEmpty (0x00007ab287ba5888) [0x00007ab287ba5980, 0x00007ab287ba5b00] Compiler: c1, Barriers: 1, Oops: 0, ImmediateOops: 0, NonImmediateOops: No
[2,129s][debug][gc,nmethod     ] Register NMethod: sun.nio.ch.FileChannelImpl.implCloseChannel (0x00007ab287ba5b88) [0x00007ab287ba5c80, 0x00007ab287ba8028] Compiler: c1, Barriers: 8, Oops: 1, ImmediateOops: 1, NonImmediateOops: No
[2,129s][debug][gc,nmethod     ] Register NMethod: java.lang.invoke.MethodHandle.linkToSpecial (0x00007ab2a6cd4588) [0x00007ab2a6cd4680, 0x00007ab2a6cd4778] Compiler: , Barriers: 0, Oops: 0, ImmediateOops: 0, NonImmediateOops: No
[2,129s][debug][gc,nmethod     ] Register NMethod: io.sirix.access.trx.page.NodeStorageEngineReader.close (0x00007ab287ba8088) [0x00007ab287ba8180, 0x00007ab287bab010] Compiler: c1, Barriers: 30, Oops: 1, ImmediateOops: 5, NonImmediateOops: No
[2,129s][debug][gc,nmethod     ] Register NMethod: java.lang.invoke.MethodHandle.linkToSpecial (0x00007ab2a6cd4888) [0x00007ab2a6cd4980, 0x00007ab2a6cd4a78] Compiler: , Barriers: 0, Oops: 0, ImmediateOops: 0, NonImmediateOops: No
[2,129s][debug][gc,nmethod     ] Register NMethod: java.lang.invoke.MethodHandle.invokeBasic (0x00007ab2a6cd4b88) [0x00007ab2a6cd4c80, 0x00007ab2a6cd4f18] Compiler: , Barriers: 0, Oops: 0, ImmediateOops: 0, NonImmediateOops: No
[2,129s][debug][gc,nmethod     ] Register NMethod: java.lang.invoke.MethodHandle.linkToSpecial (0x00007ab2a6cd4f88) [0x00007ab2a6cd5080, 0x00007ab2a6cd5178] Compiler: , Barriers: 0, Oops: 0, ImmediateOops: 0, NonImmediateOops: No
[2,130s][debug][gc,nmethod     ] Register NMethod: jdk.internal.constant.ArrayClassDescImpl.descriptorString (0x00007ab287bab088) [0x00007ab287bab180, 0x00007ab287badc60] Compiler: c1, Barriers: 11, Oops: 0, ImmediateOops: 5, NonImmediateOops: No
[2,130s][debug][gc,nmethod     ] Register NMethod: io.sirix.cache.PageCache$$Lambda/0x000000006c1b4fc8.onRemoval (0x00007ab287badc88) [0x00007ab287badd80, 0x00007ab287bae2e0] Compiler: c1, Barriers: 0, Oops: 1, ImmediateOops: 0, NonImmediateOops: No
[2,130s][debug][gc,nmethod     ] Register NMethod: com.github.benmanes.caffeine.cache.BoundedLocalCache$$Lambda/0x000000006c254678.run (0x00007ab287bae308) [0x00007ab287bae400, 0x00007ab287bae618] Compiler: c1, Barriers: 4, Oops: 1, ImmediateOops: 0, NonImmediateOops: No
[2,130s][debug][gc,nmethod     ] Register NMethod: com.github.benmanes.caffeine.cache.BoundedLocalCache.lambda$notifyRemoval$1 (0x00007ab287bae688) [0x00007ab287bae780, 0x00007ab287baedc8] Compiler: c1, Barriers: 1, Oops: 2, ImmediateOops: 2, NonImmediateOops: No
[2,130s][debug][gc,nmethod     ] Register NMethod: io.sirix.cache.PageCache.lambda$new$0 (0x00007ab287baee08) [0x00007ab287baef00, 0x00007ab287bb1598] Compiler: c1, Barriers: 15, Oops: 5, ImmediateOops: 6, NonImmediateOops: No
[2,131s][debug][gc,nmethod     ] Register NMethod: java.lang.invoke.ClassSpecializer$SpeciesData.getterFunction (0x00007ab287bb1608) [0x00007ab287bb1700, 0x00007ab287bb1c70] Compiler: c1, Barriers: 1, Oops: 0, ImmediateOops: 0, NonImmediateOops: No
[2,131s][debug][gc,nmethod     ] Register NMethod: java.lang.invoke.InvokerBytecodeGenerator.assertStaticType (0x00007ab287bb1c88) [0x00007ab287bb1d80, 0x00007ab287bb2918] Compiler: c1, Barriers: 6, Oops: 0, ImmediateOops: 0, NonImmediateOops: No
[2,131s][debug][gc,nmethod     ] Register NMethod: java.util.regex.Pattern$$Lambda/0x000000006c10d9f0.is (0x00007ab287bb2988) [0x00007ab287bb2a80, 0x00007ab287bb2be0] Compiler: c1, Barriers: 0, Oops: 0, ImmediateOops: 0, NonImmediateOops: No
[2,132s][debug][gc,nmethod     ] Register NMethod: java.lang.Character.isLowSurrogate (0x00007ab287bb2c88) [0x00007ab287bb2d80, 0x00007ab287bb2ee0] Compiler: c1, Barriers: 0, Oops: 0, ImmediateOops: 0, NonImmediateOops: No
[2,132s][debug][gc,nmethod     ] Register NMethod: java.util.regex.Pattern$GroupTail.match (0x00007ab287bb2f88) [0x00007ab287bb3080, 0x00007ab287bb3618] Compiler: c1, Barriers: 4, Oops: 0, ImmediateOops: 0, NonImmediateOops: No
[2,132s][debug][gc,nmethod     ] Register NMethod: java.util.regex.Pattern$BmpCharProperty.match (0x00007ab287bb3688) [0x00007ab287bb3780, 0x00007ab287bb4018] Compiler: c1, Barriers: 2, Oops: 0, ImmediateOops: 0, NonImmediateOops: No
[2,132s][debug][gc,nmethod     ] Register NMethod: java.lang.Character.codePointBefore (0x00007ab287bb4088) [0x00007ab287bb4180, 0x00007ab287bb4948] Compiler: c1, Barriers: 0, Oops: 0, ImmediateOops: 0, NonImmediateOops: No
[2,132s][debug][gc,nmethod     ] Register NMethod: java.util.stream.AbstractPipeline.wrapAndCopyInto (0x00007ab287bb4988) [0x00007ab287bb4a80, 0x00007ab287bb52f0] Compiler: c1, Barriers: 0, Oops: 0, ImmediateOops: 0, NonImmediateOops: No
[2,133s][debug][gc,nmethod     ] Register NMethod: java.util.concurrent.locks.AbstractQueuedLongSynchronizer.getState (0x00007ab2a6cd5288) [0x00007ab2a6cd5380, 0x00007ab2a6cd5448] Compiler: c1, Barriers: 0, Oops: 0, ImmediateOops: 0, NonImmediateOops: No
[2,133s][debug][gc,nmethod     ] Register NMethod: java.util.regex.Pattern$$Lambda/0x000000006c0b27a0.is (0x00007ab2a6cd5588) [0x00007ab2a6cd5680, 0x00007ab2a6cd5710] Compiler: jvmci, Barriers: 0, Oops: 0, ImmediateOops: 0, NonImmediateOops: No
[2,133s][debug][gc,nmethod     ] Register NMethod: java.util.stream.AbstractPipeline.evaluate (0x00007ab287bb5308) [0x00007ab287bb5400, 0x00007ab287bb64d8] Compiler: c1, Barriers: 1, Oops: 0, ImmediateOops: 1, NonImmediateOops: No
[2,133s][debug][gc,nmethod     ] Register NMethod: java.util.concurrent.locks.ReentrantReadWriteLock.readLock (0x00007ab2a6cd5888) [0x00007ab2a6cd5980, 0x00007ab2a6cd5a68] Compiler: c1, Barriers: 1, Oops: 0, ImmediateOops: 0, NonImmediateOops: No
[2,133s][debug][gc,nmethod     ] Register NMethod: jdk.internal.misc.Unsafe.getLongOpaque (0x00007ab287bb6508) [0x00007ab287bb6600, 0x00007ab287bb6708] Compiler: c1, Barriers: 0, Oops: 0, ImmediateOops: 0, NonImmediateOops: No
[2,133s][debug][gc,director    ] Rule Major: Warmup 10%, Used: 278MB, UsedThreshold: 1228MB
[2,133s][debug][gc,nmethod     ] Register NMethod: java.lang.invoke.VarHandleLongs$FieldInstanceReadOnly.getOpaque (0x00007ab287bb6808) [0x00007ab287bb6900, 0x00007ab287bb7518] Compiler: c1, Barriers: 1, Oops: 1, ImmediateOops: 1, NonImmediateOops: No
[2,133s][debug][gc,nmethod     ] Register NMethod: com.github.benmanes.caffeine.cache.BBHeader$ReadAndWriteCounterRef.writeCounterOpaque (0x00007ab287bb7588) [0x00007ab287bb7680, 0x00007ab287bb84c8] Compiler: c1, Barriers: 0, Oops: 6, ImmediateOops: 6, NonImmediateOops: No
[2,133s][debug][gc,nmethod     ] Register NMethod: java.util.concurrent.CopyOnWriteArrayList.size (0x00007ab287bb8508) [0x00007ab287bb8600, 0x00007ab287bb8908] Compiler: c1, Barriers: 1, Oops: 0, ImmediateOops: 0, NonImmediateOops: No
[2,133s][debug][gc,nmethod     ] Register NMethod: java.nio.HeapCharBuffer.<init> (0x00007ab287bb8988) [0x00007ab287bb8a80, 0x00007ab287bb8bf8] Compiler: c1, Barriers: 0, Oops: 0, ImmediateOops: 0, NonImmediateOops: No
[2,134s][debug][gc,nmethod     ] Register NMethod: java.nio.CharBuffer.wrap (0x00007ab287bb8c88) [0x00007ab287bb8d80, 0x00007ab287bb8ff0] Compiler: c1, Barriers: 0, Oops: 0, ImmediateOops: 0, NonImmediateOops: No
[2,134s][debug][gc,nmethod     ] Register NMethod: java.lang.StringCoding.implEncodeAsciiArray (0x00007ab287bb9008) [0x00007ab287bb9100, 0x00007ab287bb9328] Compiler: c1, Barriers: 0, Oops: 0, ImmediateOops: 0, NonImmediateOops: No
[2,134s][debug][gc,nmethod     ] Register NMethod: sun.nio.cs.UTF_8$Encoder.encodeLoop (0x00007ab287bb9388) [0x00007ab287bb9480, 0x00007ab287bb9c08] Compiler: c1, Barriers: 2, Oops: 0, ImmediateOops: 0, NonImmediateOops: No
[2,134s][debug][gc,nmethod     ] Register NMethod: java.lang.System$1.uncheckedEncodeASCII (0x00007ab287bb9c88) [0x00007ab287bb9d80, 0x00007ab287bb9ec0] Compiler: c1, Barriers: 0, Oops: 0, ImmediateOops: 0, NonImmediateOops: No
[2,134s][debug][gc,nmethod     ] Register NMethod: sun.nio.cs.StreamEncoder.ensureOpen (0x00007ab287bb9f88) [0x00007ab287bba080, 0x00007ab287bba278] Compiler: c1, Barriers: 0, Oops: 0, ImmediateOops: 1, NonImmediateOops: No
[2,134s][debug][gc,nmethod     ] Register NMethod: sun.nio.cs.StreamEncoder.implWrite (0x00007ab287bba288) [0x00007ab287bba380, 0x00007ab287bba6b8] Compiler: c1, Barriers: 0, Oops: 0, ImmediateOops: 0, NonImmediateOops: No
[2,134s][debug][gc,nmethod     ] Register NMethod: sun.nio.cs.StreamEncoder.write (0x00007ab287bba708) [0x00007ab287bba800, 0x00007ab287bbb2e8] Compiler: c1, Barriers: 1, Oops: 0, ImmediateOops: 1, NonImmediateOops: No
[2,134s][debug][gc,nmethod     ] Register NMethod: sun.nio.cs.StreamEncoder.growByteBufferIfNeeded (0x00007ab287bbb308) [0x00007ab287bbb400, 0x00007ab287bbbfb0] Compiler: c1, Barriers: 6, Oops: 0, ImmediateOops: 0, NonImmediateOops: No
[2,134s][debug][gc,nmethod     ] Register NMethod: java.lang.Math.round (0x00007ab287bbc008) [0x00007ab287bbc100, 0x00007ab287bbc2c8] Compiler: c1, Barriers: 0, Oops: 0, ImmediateOops: 0, NonImmediateOops: No
[2,134s][debug][gc,nmethod     ] Register NMethod: sun.nio.cs.UTF_8$Encoder.encodeArrayLoop (0x00007ab287bbc308) [0x00007ab287bbc400, 0x00007ab287bbf0c0] Compiler: c1, Barriers: 2, Oops: 1, ImmediateOops: 2, NonImmediateOops: No
[2,134s][debug][gc,nmethod     ] Register NMethod: java.nio.charset.CharsetEncoder.encode (0x00007ab287bbf108) [0x00007ab287bbf200, 0x00007ab287bc1fc8] Compiler: c1, Barriers: 5, Oops: 0, ImmediateOops: 5, NonImmediateOops: No
[2,134s][debug][gc,nmethod     ] Register NMethod: sun.nio.cs.StreamEncoder.implWrite (0x00007ab287bc2008) [0x00007ab287bc2100, 0x00007ab287bc3b28] Compiler: c1, Barriers: 3, Oops: 0, ImmediateOops: 0, NonImmediateOops: No
[2,134s][debug][gc,nmethod     ] Register NMethod: java.nio.Buffer.position (0x00007ab2a6cd5b88) [0x00007ab2a6cd5c80, 0x00007ab2a6cd5d60] Compiler: jvmci, Barriers: 0, Oops: 0, ImmediateOops: 0, NonImmediateOops: No
[2,134s][debug][gc,nmethod     ] Register NMethod: java.util.concurrent.ConcurrentHashMap$Traverser.advance (0x00007ab2a6cd5e88) [0x00007ab2a6cd5f80, 0x00007ab2a6cd6340] Compiler: jvmci, Barriers: 10, Oops: 0, ImmediateOops: 0, NonImmediateOops: No
[2,135s][debug][gc,nmethod     ] Register NMethod: java.util.concurrent.ConcurrentHashMap.<init> (0x00007ab287bc3b88) [0x00007ab287bc3c80, 0x00007ab287bc3e38] Compiler: c1, Barriers: 0, Oops: 0, ImmediateOops: 0, NonImmediateOops: No
[2,135s][debug][gc,nmethod     ] Register NMethod: sun.nio.fs.UnixNativeDispatcher.stat0 (0x00007ab2a6cd6388) [0x00007ab2a6cd6480, 0x00007ab2a6cd65f0] Compiler: , Barriers: 0, Oops: 0, ImmediateOops: 1, NonImmediateOops: No
[2,135s][debug][gc,nmethod     ] Register NMethod: it.unimi.dsi.fastutil.shorts.ShortArrayList.size (0x00007ab2a6cd6688) [0x00007ab2a6cd6780, 0x00007ab2a6cd6840] Compiler: c1, Barriers: 0, Oops: 1, ImmediateOops: 0, NonImmediateOops: No
[2,135s][debug][gc,nmethod     ] Register NMethod: io.sirix.access.trx.page.NodeStorageEngineWriter.getMostRecentPageContainer (0x00007ab287bc3e88) [0x00007ab287bc3f80, 0x00007ab287bc45b0] Compiler: c1, Barriers: 9, Oops: 1, ImmediateOops: 1, NonImmediateOops: No
[2,135s][debug][gc,nmethod     ] Register NMethod: java.util.ArrayList$ArrayListSpliterator.getFence (0x00007ab287bc4608) [0x00007ab287bc4700, 0x00007ab287bc4870] Compiler: c1, Barriers: 1, Oops: 0, ImmediateOops: 0, NonImmediateOops: No
[2,136s][debug][gc,nmethod     ] Register NMethod: io.sirix.node.xml.AbstractStructForwardingNode.getFirstChildKey (0x00007ab287bc4908) [0x00007ab287bc4a00, 0x00007ab287bc4d30] Compiler: c1, Barriers: 0, Oops: 1, ImmediateOops: 0, NonImmediateOops: No
[2,136s][debug][gc,nmethod     ] Register NMethod: java.util.concurrent.ForkJoinPool.deactivate (0x00007ab287bc4d88) [0x00007ab287bc4e80, 0x00007ab287bc5928] Compiler: c1, Barriers: 4, Oops: 0, ImmediateOops: 0, NonImmediateOops: No
[2,136s][debug][gc,nmethod     ] Register NMethod: jdk.internal.foreign.HeapMemorySegmentImpl.unsafeGetOffset (0x00007ab2a6cd6988) [0x00007ab2a6cd6a80, 0x00007ab2a6cd6b40] Compiler: c1, Barriers: 0, Oops: 0, ImmediateOops: 0, NonImmediateOops: No
[2,137s][debug][gc,nmethod     ] Register NMethod: net.jpountz.lz4.LZ4BlockOutputStream.writeIntLE (0x00007ab287bc5988) [0x00007ab287bc5a80, 0x00007ab287bc5c08] Compiler: c1, Barriers: 0, Oops: 1, ImmediateOops: 0, NonImmediateOops: No
[2,137s][debug][gc,nmethod     ] Register NMethod: sun.security.provider.SHA2.implCompress0 (0x00007ab287bc5c88) [0x00007ab287bc5d80, 0x00007ab287bc6a30] Compiler: c1, Barriers: 8, Oops: 0, ImmediateOops: 1, NonImmediateOops: No
[2,138s][debug][gc,nmethod     ] Register NMethod: java.lang.invoke.InfoFromMemberName.getModifiers (0x00007ab287bc6a88) [0x00007ab287bc6b80, 0x00007ab287bc6ed8] Compiler: c1, Barriers: 1, Oops: 0, ImmediateOops: 0, NonImmediateOops: No
[2,138s][debug][gc,nmethod     ] Register NMethod: java.lang.invoke.InfoFromMemberName.getName (0x00007ab287bc6f08) [0x00007ab287bc7000, 0x00007ab287bc7838] Compiler: c1, Barriers: 6, Oops: 0, ImmediateOops: 0, NonImmediateOops: No
[2,138s][debug][gc,nmethod     ] Register NMethod: com.github.benmanes.caffeine.cache.LocalCache.notifyOnReplace (0x00007ab287ad2688) [0x00007ab287ad2780, 0x00007ab287ad3848] Compiler: c1, Barriers: 0, Oops: 1, ImmediateOops: 2, NonImmediateOops: No
[2,139s][debug][gc,nmethod     ] Register NMethod: io.sirix.page.KeyValueLeafPage.getPageKey (0x00007ab2a6cd6c88) [0x00007ab2a6cd6d80, 0x00007ab2a6cd6e40] Compiler: c1, Barriers: 0, Oops: 1, ImmediateOops: 0, NonImmediateOops: No
[2,141s][debug][gc,nmethod     ] Register NMethod: io.sirix.io.filechannel.FileChannelStorage.getRevisionFilePath (0x00007ab287bc7888) [0x00007ab287bc7980, 0x00007ab287bc83a8] Compiler: c1, Barriers: 3, Oops: 2, ImmediateOops: 2, NonImmediateOops: No
[2,141s][debug][gc,nmethod     ] Register NMethod: io.sirix.io.filechannel.FileChannelStorage.createRevisionsOffsetFileChannel (0x00007ab287bc8408) [0x00007ab287bc8500, 0x00007ab287bc90a0] Compiler: c1, Barriers: 9, Oops: 1, ImmediateOops: 3, NonImmediateOops: No
[2,141s][debug][gc,nmethod     ] Register NMethod: io.sirix.io.filechannel.FileChannelStorage.createDirectoriesAndFile (0x00007ab287bc9108) [0x00007ab287bc9200, 0x00007ab287bcaeb8] Compiler: c1, Barriers: 7, Oops: 3, ImmediateOops: 3, NonImmediateOops: No
[2,141s][debug][gc,nmethod     ] Register NMethod: io.sirix.io.bytepipe.ByteHandlerPipeline.<init> (0x00007ab287bcaf08) [0x00007ab287bcb000, 0x00007ab287bcc218] Compiler: c1, Barriers: 6, Oops: 1, ImmediateOops: 0, NonImmediateOops: No
[2,141s][debug][gc,nmethod     ] Register NMethod: io.sirix.io.filechannel.FileChannelStorage.createRevisionsOffsetFileIfNotExists (0x00007ab287bcc288) [0x00007ab287bcc380, 0x00007ab287bcd6e8] Compiler: c1, Barriers: 4, Oops: 2, ImmediateOops: 1, NonImmediateOops: No
[2,141s][debug][gc,nmethod     ] Register NMethod: io.sirix.page.PagePersister.<init> (0x00007ab287bcd708) [0x00007ab287bcd800, 0x00007ab287bcd958] Compiler: c1, Barriers: 0, Oops: 1, ImmediateOops: 0, NonImmediateOops: No
[2,141s][debug][gc,nmethod     ] Register NMethod: io.sirix.io.bytepipe.LZ4Compressor.getInstance (0x00007ab287bcda08) [0x00007ab287bcdb00, 0x00007ab287bcdd08] Compiler: c1, Barriers: 0, Oops: 1, ImmediateOops: 0, NonImmediateOops: No
[2,141s][debug][gc,nmethod     ] Register NMethod: org.magicwerk.brownies.collections.IList.<init> (0x00007ab287bcdd88) [0x00007ab287bcde80, 0x00007ab287bce0a0] Compiler: c1, Barriers: 0, Oops: 1, ImmediateOops: 0, NonImmediateOops: No
[2,141s][debug][gc,nmethod     ] Register NMethod: com.github.benmanes.caffeine.cache.UnboundedLocalCache$UnboundedLocalAsyncCache.synchronous (0x00007ab287bce108) [0x00007ab287bce200, 0x00007ab287bce660] Compiler: c1, Barriers: 7, Oops: 1, ImmediateOops: 0, NonImmediateOops: No
[2,141s][debug][gc,nmethod     ] Register NMethod: io.sirix.io.filechannel.FileChannelStorage.createDataFileChannel (0x00007ab287bce688) [0x00007ab287bce780, 0x00007ab287bcf5c0] Compiler: c1, Barriers: 12, Oops: 1, ImmediateOops: 4, NonImmediateOops: No
[2,141s][debug][gc,nmethod     ] Register NMethod: java.util.concurrent.atomic.AtomicLong.compareAndSet (0x00007ab2a6cd6f88) [0x00007ab2a6cd7080, 0x00007ab2a6cd7110] Compiler: jvmci, Barriers: 0, Oops: 0, ImmediateOops: 0, NonImmediateOops: No
[2,141s][debug][gc,nmethod     ] Register NMethod: org.magicwerk.brownies.collections.IList.iterator (0x00007ab287bcf608) [0x00007ab287bcf700, 0x00007ab287bcf8a8] Compiler: c1, Barriers: 0, Oops: 1, ImmediateOops: 0, NonImmediateOops: No
[2,141s][debug][gc,nmethod     ] Register NMethod: com.github.benmanes.caffeine.cache.Node.inWindow (0x00007ab287bcf908) [0x00007ab287bcfa00, 0x00007ab287bcfd48] Compiler: c1, Barriers: 0, Oops: 1, ImmediateOops: 0, NonImmediateOops: No
[2,141s][debug][gc,nmethod     ] Register NMethod: org.magicwerk.brownies.collections.IList$Iter.<init> (0x00007ab287bcfd88) [0x00007ab287bcfe80, 0x00007ab287bd0290] Compiler: c1, Barriers: 3, Oops: 1, ImmediateOops: 0, NonImmediateOops: No
[2,141s][debug][gc,nmethod     ] Register NMethod: org.magicwerk.brownies.collections.GapList.init (0x00007ab287bd0308) [0x00007ab287bd0400, 0x00007ab287bd0598] Compiler: c1, Barriers: 3, Oops: 1, ImmediateOops: 0, NonImmediateOops: No
[2,141s][debug][gc,nmethod     ] Register NMethod: io.sirix.io.filechannel.FileChannelReader.<init> (0x00007ab287bd0608) [0x00007ab287bd0700, 0x00007ab287bd1510] Compiler: c1, Barriers: 27, Oops: 2, ImmediateOops: 2, NonImmediateOops: No
[2,142s][debug][gc,nmethod     ] Register NMethod: io.sirix.access.trx.page.NodeStorageEngineReader.loadRevRoot (0x00007ab287bd1588) [0x00007ab287bd1680, 0x00007ab287bd4840] Compiler: c1, Barriers: 16, Oops: 3, ImmediateOops: 3, NonImmediateOops: No
[2,142s][debug][gc,nmethod     ] Register NMethod: org.magicwerk.brownies.collections.GapList.<init> (0x00007ab287bd4888) [0x00007ab287bd4980, 0x00007ab287bd4e80] Compiler: c1, Barriers: 0, Oops: 1, ImmediateOops: 0, NonImmediateOops: No
[2,142s][debug][gc,nmethod     ] Register NMethod: io.sirix.node.Bytes.allocateElasticOnHeap (0x00007ab287bd4f08) [0x00007ab287bd5000, 0x00007ab287bd58b0] Compiler: c1, Barriers: 3, Oops: 2, ImmediateOops: 1, NonImmediateOops: No
[2,142s][debug][gc,nmethod     ] Register NMethod: io.sirix.index.IndexType.getID (0x00007ab2a6cd7288) [0x00007ab2a6cd7380, 0x00007ab2a6cd7448] Compiler: c1, Barriers: 0, Oops: 1, ImmediateOops: 0, NonImmediateOops: No
[2,142s][debug][gc,nmethod     ] Register NMethod: io.sirix.node.Bytes.elasticHeapByteBuffer (0x00007ab287bd5908) [0x00007ab287bd5a00, 0x00007ab287bd6348] Compiler: c1, Barriers: 6, Oops: 2, ImmediateOops: 1, NonImmediateOops: No
[2,142s][debug][gc,nmethod     ] Register NMethod: com.github.benmanes.caffeine.cache.SSLSMW.evicts (0x00007ab2a6cd7588) [0x00007ab2a6cd7680, 0x00007ab2a6cd7740] Compiler: c1, Barriers: 0, Oops: 1, ImmediateOops: 0, NonImmediateOops: No
[2,142s][debug][gc,nmethod     ] Register NMethod: io.sirix.io.AbstractReader.<init> (0x00007ab287bd6388) [0x00007ab287bd6480, 0x00007ab287bd7008] Compiler: c1, Barriers: 15, Oops: 2, ImmediateOops: 1, NonImmediateOops: No
[2,142s][debug][gc,nmethod     ] Register NMethod: java.lang.invoke.VarHandleGuards.guard_LI_I (0x00007ab2a6cd7888) [0x00007ab2a6cd7980, 0x00007ab2a6cd81f8] Compiler: jvmci, Barriers: 26, Oops: 0, ImmediateOops: 5, NonImmediateOops: No
[2,142s][debug][gc,nmethod     ] Register NMethod: io.sirix.page.KeyValueLeafPage.setSlot (0x00007ab287bd7088) [0x00007ab287bd7180, 0x00007ab287bd7328] Compiler: c1, Barriers: 2, Oops: 1, ImmediateOops: 0, NonImmediateOops: No
[2,142s][debug][gc,nmethod     ] Register NMethod: java.lang.ref.Reference.refersToImpl (0x00007ab2a6cd8208) [0x00007ab2a6cd8300, 0x00007ab2a6cd83c0] Compiler: jvmci, Barriers: 2, Oops: 0, ImmediateOops: 0, NonImmediateOops: No
[2,143s][debug][gc,nmethod     ] Register NMethod: java.lang.Short.valueOf (0x00007ab287bd7388) [0x00007ab287bd7480, 0x00007ab287bd7798] Compiler: c1, Barriers: 1, Oops: 0, ImmediateOops: 1, NonImmediateOops: No
[2,143s][debug][gc,director    ] Rule Major: Warmup 10%, Used: 282MB, UsedThreshold: 1228MB
[2,143s][debug][gc,nmethod     ] Register NMethod: it.unimi.dsi.fastutil.shorts.ShortIterator.next (0x00007ab287bd7808) [0x00007ab287bd7900, 0x00007ab287bd7ab0] Compiler: c1, Barriers: 0, Oops: 1, ImmediateOops: 0, NonImmediateOops: No
[2,143s][debug][gc,nmethod     ] Register NMethod: it.unimi.dsi.fastutil.shorts.ShortListIterator.next (0x00007ab287bd7b08) [0x00007ab287bd7c00, 0x00007ab287bd7e68] Compiler: c1, Barriers: 0, Oops: 1, ImmediateOops: 0, NonImmediateOops: No
[2,144s][debug][gc,nmethod     ] Register NMethod: it.unimi.dsi.fastutil.shorts.ShortListIterator.next (0x00007ab287bd7e88) [0x00007ab287bd7f80, 0x00007ab287bd8418] Compiler: c1, Barriers: 0, Oops: 1, ImmediateOops: 0, NonImmediateOops: No
[2,144s][debug][gc,nmethod     ] Register NMethod: it.unimi.dsi.fastutil.shorts.ShortArrayList$1.nextShort (0x00007ab287bd8488) [0x00007ab287bd8580, 0x00007ab287bd88f0] Compiler: c1, Barriers: 2, Oops: 1, ImmediateOops: 0, NonImmediateOops: No
[2,144s][debug][gc,nmethod     ] Register NMethod: io.sirix.index.path.summary.PathSummaryReader.assertNotClosed (0x00007ab287bd8908) [0x00007ab287bd8a00, 0x00007ab287bd8bf8] Compiler: c1, Barriers: 0, Oops: 1, ImmediateOops: 1, NonImmediateOops: No
[2,144s][debug][gc,nmethod     ] Register NMethod: io.sirix.page.KeyValueLeafPage.updateLastSlotIndex (0x00007ab287bd8c08) [0x00007ab287bd8d00, 0x00007ab287bd9080] Compiler: c1, Barriers: 2, Oops: 1, ImmediateOops: 0, NonImmediateOops: No
[2,144s][debug][gc,nmethod     ] Register NMethod: io.sirix.page.KeyValueLeafPage.findFreeSpaceForSlots (0x00007ab287bd9108) [0x00007ab287bd9200, 0x00007ab287bd9ec8] Compiler: c1, Barriers: 4, Oops: 1, ImmediateOops: 0, NonImmediateOops: No
[2,144s][debug][gc,nmethod     ] Register NMethod: net.openhft.hashing.Access.i64 (0x00007ab287bd9f08) [0x00007ab287bda000, 0x00007ab287bda300] Compiler: c1, Barriers: 0, Oops: 1, ImmediateOops: 0, NonImmediateOops: No
[2,144s][debug][gc,nmethod     ] Register NMethod: sun.misc.Unsafe.getLong (0x00007ab287bda388) [0x00007ab287bda480, 0x00007ab287bda6f8] Compiler: c1, Barriers: 0, Oops: 0, ImmediateOops: 1, NonImmediateOops: No
[2,144s][debug][gc,nmethod     ] Register NMethod: net.openhft.hashing.UnsafeAccess.getLong (0x00007ab287bda708) [0x00007ab287bda800, 0x00007ab287bdaca0] Compiler: c1, Barriers: 0, Oops: 1, ImmediateOops: 2, NonImmediateOops: No
[2,145s][debug][gc,nmethod     ] Register NMethod: io.sirix.axis.AbstractAxis.reset (0x00007ab287bdad08) [0x00007ab287bdae00, 0x00007ab287bdaf88] Compiler: c1, Barriers: 3, Oops: 1, ImmediateOops: 1, NonImmediateOops: No
[2,145s][debug][gc,nmethod     ] Register NMethod: io.sirix.index.path.summary.PathNode.structDelegate (0x00007ab2a6cd8508) [0x00007ab2a6cd8600, 0x00007ab2a6cd86e8] Compiler: c1, Barriers: 1, Oops: 1, ImmediateOops: 0, NonImmediateOops: No
[2,145s][debug][gc,nmethod     ] Register NMethod: io.sirix.node.xml.ElementNode.getKind (0x00007ab287bdb008) [0x00007ab287bdb100, 0x00007ab287bdb208] Compiler: c1, Barriers: 0, Oops: 1, ImmediateOops: 1, NonImmediateOops: No
[2,145s][debug][gc,nmethod     ] Register NMethod: io.sirix.axis.AbstractAxis.<init> (0x00007ab287bdb308) [0x00007ab287bdb400, 0x00007ab287bdbe50] Compiler: c1, Barriers: 9, Oops: 1, ImmediateOops: 2, NonImmediateOops: No
[2,145s][debug][gc,nmethod     ] Register NMethod: io.sirix.node.NodeKind.getId (0x00007ab2a6cd8808) [0x00007ab2a6cd8900, 0x00007ab2a6cd89c8] Compiler: c1, Barriers: 0, Oops: 1, ImmediateOops: 0, NonImmediateOops: No
[2,145s][debug][gc,nmethod     ] Register NMethod: jdk.internal.misc.Unsafe.putShortUnaligned (0x00007ab287bdbe88) [0x00007ab287bdbf80, 0x00007ab287bdc148] Compiler: c1, Barriers: 0, Oops: 0, ImmediateOops: 0, NonImmediateOops: No
[2,145s][debug][gc,nmethod     ] Register NMethod: io.sirix.access.ResourceConfiguration.storeChildCount (0x00007ab2a6cd8b08) [0x00007ab2a6cd8c00, 0x00007ab2a6cd8cc0] Compiler: c1, Barriers: 0, Oops: 1, ImmediateOops: 0, NonImmediateOops: No
[2,145s][debug][gc,nmethod     ] Register NMethod: jdk.internal.misc.Unsafe.freeMemory0 (0x00007ab2a6cd8e08) [0x00007ab2a6cd8f00, 0x00007ab2a6cd9048] Compiler: , Barriers: 0, Oops: 0, ImmediateOops: 0, NonImmediateOops: No
[2,145s][debug][gc,nmethod     ] Register NMethod: java.util.concurrent.atomic.AtomicLong.addAndGet (0x00007ab2a6cd9108) [0x00007ab2a6cd9200, 0x00007ab2a6cd9290] Compiler: jvmci, Barriers: 0, Oops: 0, ImmediateOops: 0, NonImmediateOops: No
[2,145s][debug][gc,nmethod     ] Register NMethod: java.util.stream.Sink.end (0x00007ab287bdc188) [0x00007ab287bdc280, 0x00007ab287bdc380] Compiler: c1, Barriers: 0, Oops: 0, ImmediateOops: 0, NonImmediateOops: No
[2,146s][debug][gc,nmethod     ] Register NMethod: java.io.OutputStream.<init> (0x00007ab287bdc488) [0x00007ab287bdc580, 0x00007ab287bdc6d8] Compiler: c1, Barriers: 0, Oops: 0, ImmediateOops: 0, NonImmediateOops: No
[2,146s][debug][gc,nmethod     ] Register NMethod: io.sirix.page.PageReference.getHash (0x00007ab2a6cd9408) [0x00007ab2a6cd9500, 0x00007ab2a6cd95e8] Compiler: c1, Barriers: 1, Oops: 1, ImmediateOops: 0, NonImmediateOops: No
[2,147s][debug][gc,nmethod     ] Register NMethod: java.util.concurrent.ForkJoinWorkerThread.resetThreadLocals (0x00007ab287bdc788) [0x00007ab287bdc880, 0x00007ab287bdcd50] Compiler: c1, Barriers: 8, Oops: 0, ImmediateOops: 0, NonImmediateOops: No
[2,148s][debug][gc,nmethod     ] Register NMethod: jdk.internal.misc.ScopedMemoryAccess.copyMemory (0x00007ab2a6cd9708) [0x00007ab2a6cd9800, 0x00007ab2a6cd9c98] Compiler: jvmci, Barriers: 7, Oops: 1, ImmediateOops: 0, NonImmediateOops: No
[2,152s][debug][gc,nmethod     ] Register NMethod: io.sirix.io.filechannel.FileChannelReader.close (0x00007ab287bdcd88) [0x00007ab287bdce80, 0x00007ab287bdd4e8] Compiler: c1, Barriers: 2, Oops: 1, ImmediateOops: 0, NonImmediateOops: No
[2,152s][debug][gc,nmethod     ] Register NMethod: io.sirix.access.User.<init> (0x00007ab287bdd508) [0x00007ab287bdd600, 0x00007ab287bddac8] Compiler: c1, Barriers: 6, Oops: 1, ImmediateOops: 0, NonImmediateOops: No
[2,153s][debug][gc,nmethod     ] Register NMethod: com.github.benmanes.caffeine.cache.AccessOrderDeque.contains (0x00007ab287bddb08) [0x00007ab287bddc00, 0x00007ab287bde1f8] Compiler: c1, Barriers: 1, Oops: 1, ImmediateOops: 0, NonImmediateOops: No
[2,153s][debug][gc,nmethod     ] Register NMethod: io.sirix.page.PageKind.deserializeCurrentMaxLevelsOfIndirectPages (0x00007ab287bde208) [0x00007ab287bde320, 0x00007ab287bde7d8] Compiler: c1, Barriers: 0, Oops: 1, ImmediateOops: 0, NonImmediateOops: No
[2,153s][debug][gc,nmethod     ] Register NMethod: io.sirix.page.PageKind.deserializeMaxNodeKeys (0x00007ab287bde808) [0x00007ab287bde920, 0x00007ab287bdedd8] Compiler: c1, Barriers: 0, Oops: 1, ImmediateOops: 0, NonImmediateOops: No
[2,153s][debug][gc,nmethod     ] Register NMethod: java.util.concurrent.ForkJoinPool.signalWork (0x00007ab287bdee08) [0x00007ab287bdef00, 0x00007ab287bdf7b8] Compiler: c1, Barriers: 3, Oops: 0, ImmediateOops: 1, NonImmediateOops: No
[2,153s][debug][gc,director    ] Rule Major: Warmup 10%, Used: 284MB, UsedThreshold: 1228MB
[2,154s][debug][gc,nmethod     ] Register NMethod: io.sirix.page.KeyValueLeafPage.getNumberOfNonNullEntries (0x00007ab287bdf808) [0x00007ab287bdf900, 0x00007ab287bdfeb0] Compiler: c1, Barriers: 2, Oops: 1, ImmediateOops: 0, NonImmediateOops: No
[2,155s][debug][gc,nmethod     ] Register NMethod: io.sirix.page.KeyValueLeafPage.getNumberOfNonNullEntries (0x00007ab287bdff08) [0x00007ab287be0000, 0x00007ab287be0520] Compiler: c1, Barriers: 2, Oops: 1, ImmediateOops: 0, NonImmediateOops: No
[2,155s][debug][gc,nmethod     ] Register NMethod: io.sirix.access.trx.page.NodeStorageEngineReader$PageFragmentsResult.pages (0x00007ab2a6cd9d08) [0x00007ab2a6cd9e00, 0x00007ab2a6cd9ee8] Compiler: c1, Barriers: 1, Oops: 1, ImmediateOops: 0, NonImmediateOops: No
[2,155s][debug][gc,nmethod     ] Register NMethod: java.util.Collection.stream (0x00007ab287be0588) [0x00007ab287be0680, 0x00007ab287be09b8] Compiler: c1, Barriers: 0, Oops: 0, ImmediateOops: 0, NonImmediateOops: No
[2,155s][debug][gc,nmethod     ] Register NMethod: io.sirix.page.KeyValueLeafPage.setDeweyId (0x00007ab287be0a08) [0x00007ab287be0b00, 0x00007ab287be0d58] Compiler: c1, Barriers: 5, Oops: 1, ImmediateOops: 0, NonImmediateOops: No
[2,156s][debug][gc,nmethod     ] Register NMethod: java.lang.Long.numberOfTrailingZeros (0x00007ab287be0d88) [0x00007ab287be0e80, 0x00007ab287be1028] Compiler: c1, Barriers: 0, Oops: 0, ImmediateOops: 0, NonImmediateOops: No
[2,156s][debug][gc,nmethod     ] Register NMethod: java.lang.invoke.DirectMethodHandle.internalMemberName (0x00007ab2a6cda008) [0x00007ab2a6cda100, 0x00007ab2a6cda1f8] Compiler: jvmci, Barriers: 1, Oops: 0, ImmediateOops: 0, NonImmediateOops: No
[2,156s][debug][gc,nmethod     ] Register NMethod: java.lang.Integer.numberOfTrailingZeros (0x00007ab287be1088) [0x00007ab287be1180, 0x00007ab287be1398] Compiler: c1, Barriers: 0, Oops: 0, ImmediateOops: 0, NonImmediateOops: No
[2,156s][debug][gc,nmethod     ] Register NMethod: io.sirix.utils.OS.isWindows (0x00007ab287be1408) [0x00007ab287be1500, 0x00007ab287be15e8] Compiler: c1, Barriers: 0, Oops: 1, ImmediateOops: 0, NonImmediateOops: No
[2,156s][debug][gc,nmethod     ] Register NMethod: io.sirix.cache.LinuxMemorySegmentAllocator.getInstance (0x00007ab287be1708) [0x00007ab287be1800, 0x00007ab287be18e8] Compiler: c1, Barriers: 0, Oops: 1, ImmediateOops: 1, NonImmediateOops: No
[2,157s][debug][gc,nmethod     ] Register NMethod: jdk.internal.misc.Unsafe.putShortUnaligned (0x00007ab287be1a08) [0x00007ab287be1b00, 0x00007ab287be1d30] Compiler: c1, Barriers: 0, Oops: 0, ImmediateOops: 0, NonImmediateOops: No
[2,157s][debug][gc,nmethod     ] Register NMethod: io.sirix.node.HashCountEntryNode.getNodeKey (0x00007ab2a6cda308) [0x00007ab2a6cda400, 0x00007ab2a6cda4c0] Compiler: c1, Barriers: 0, Oops: 1, ImmediateOops: 0, NonImmediateOops: No
[2,157s][debug][gc,nmethod     ] Register NMethod: java.util.RegularEnumSet.contains (0x00007ab287be1d88) [0x00007ab287be1e80, 0x00007ab287be2920] Compiler: c1, Barriers: 3, Oops: 0, ImmediateOops: 0, NonImmediateOops: No
[2,157s][debug][gc,nmethod     ] Register NMethod: io.sirix.cache.ShardedPageCache.get (0x00007ab287be2988) [0x00007ab287be2a80, 0x00007ab287be3470] Compiler: c1, Barriers: 1, Oops: 1, ImmediateOops: 0, NonImmediateOops: No
[2,157s][debug][gc,nmethod     ] Register NMethod: io.sirix.cache.ShardedPageCache.get (0x00007ab287be3488) [0x00007ab287be3580, 0x00007ab287be3b58] Compiler: c1, Barriers: 1, Oops: 1, ImmediateOops: 0, NonImmediateOops: No
[2,157s][debug][gc,nmethod     ] Register NMethod: com.github.benmanes.caffeine.cache.LocalCache$$Lambda/0x000000006c24f628.<init> (0x00007ab287be3b88) [0x00007ab287be3c80, 0x00007ab287be3ed8] Compiler: c1, Barriers: 6, Oops: 1, ImmediateOops: 0, NonImmediateOops: No
[2,158s][debug][gc,nmethod     ] Register NMethod: io.sirix.cache.TransactionIntentLog.get (0x00007ab287be3f08) [0x00007ab287be4000, 0x00007ab287be47a0] Compiler: c1, Barriers: 1, Oops: 1, ImmediateOops: 0, NonImmediateOops: No
[2,158s][debug][gc,nmethod     ] Register NMethod: com.google.common.base.Preconditions.checkArgument (0x00007ab287be4808) [0x00007ab287be4900, 0x00007ab287be4ad0] Compiler: c1, Barriers: 0, Oops: 1, ImmediateOops: 0, NonImmediateOops: No
[2,158s][debug][gc,nmethod     ] Register NMethod: jdk.internal.foreign.GlobalSession.acquire0 (0x00007ab287be4b08) [0x00007ab287be4c00, 0x00007ab287be4d00] Compiler: c1, Barriers: 0, Oops: 0, ImmediateOops: 0, NonImmediateOops: No
[2,158s][debug][gc,nmethod     ] Register NMethod: jdk.internal.foreign.GlobalSession.release0 (0x00007ab287be4e08) [0x00007ab287be4f00, 0x00007ab287be5000] Compiler: c1, Barriers: 0, Oops: 0, ImmediateOops: 0, NonImmediateOops: No
[2,158s][debug][gc,nmethod     ] Register NMethod: java.lang.invoke.MethodHandle.maybeCustomize (0x00007ab287839d08) [0x00007ab287839e00, 0x00007ab28783a498] Compiler: c1, Barriers: 2, Oops: 0, ImmediateOops: 0, NonImmediateOops: No
[2,158s][debug][gc,nmethod     ] Register NMethod: io.sirix.cache.SegmentAllocators.getIndexForSize (0x00007ab287be5108) [0x00007ab287be5200, 0x00007ab287be5738] Compiler: c1, Barriers: 0, Oops: 1, ImmediateOops: 2, NonImmediateOops: No
[2,158s][debug][gc,nmethod     ] Register NMethod: jdk.internal.foreign.abi.SharedUtils.checkNative (0x00007ab287be5788) [0x00007ab287be5880, 0x00007ab287be6c20] Compiler: c1, Barriers: 0, Oops: 1, ImmediateOops: 3, NonImmediateOops: No
[2,159s][debug][gc,nmethod     ] Register NMethod: io.sirix.io.filechannel.FileChannelStorage.createReader (0x00007ab287be6c88) [0x00007ab287be6d80, 0x00007ab287bea3c8] Compiler: c1, Barriers: 43, Oops: 5, ImmediateOops: 7, NonImmediateOops: No
[2,159s][debug][gc,nmethod     ] Register NMethod: ch.qos.logback.classic.filter.LevelFilter.decide (0x00007ab287bea408) [0x00007ab287bea500, 0x00007ab287bea868] Compiler: c1, Barriers: 0, Oops: 1, ImmediateOops: 0, NonImmediateOops: No
[2,159s][debug][gc,nmethod     ] Register NMethod: ch.qos.logback.core.UnsynchronizedAppenderBase.getFilterChainDecision (0x00007ab287bea888) [0x00007ab287bea980, 0x00007ab287beacb0] Compiler: c1, Barriers: 1, Oops: 1, ImmediateOops: 0, NonImmediateOops: No
[2,159s][debug][gc,nmethod     ] Register NMethod: ch.qos.logback.classic.filter.LevelFilter.decide (0x00007ab287bead08) [0x00007ab287beae00, 0x00007ab287beb518] Compiler: c1, Barriers: 4, Oops: 1, ImmediateOops: 1, NonImmediateOops: No
[2,159s][debug][gc,nmethod     ] Register NMethod: ch.qos.logback.core.spi.FilterAttachableImpl.getFilterChainDecision (0x00007ab287beb588) [0x00007ab287beb680, 0x00007ab287bec858] Compiler: c1, Barriers: 10, Oops: 1, ImmediateOops: 3, NonImmediateOops: No
[2,160s][debug][gc,nmethod     ] Register NMethod: ch.qos.logback.core.UnsynchronizedAppenderBase.doAppend (0x00007ab287bec888) [0x00007ab287bec980, 0x00007ab287bf0fa0] Compiler: c1, Barriers: 10, Oops: 6, ImmediateOops: 14, NonImmediateOops: No
[2,160s][debug][gc,nmethod     ] Register NMethod: java.util.UUID.<init> (0x00007ab287bf1008) [0x00007ab287bf1100, 0x00007ab287bf1260] Compiler: c1, Barriers: 0, Oops: 0, ImmediateOops: 0, NonImmediateOops: No
[2,160s][debug][gc,nmethod     ] Register NMethod: java.nio.ByteBuffer.get (0x00007ab287bf1308) [0x00007ab287bf1400, 0x00007ab287bf1d78] Compiler: c1, Barriers: 0, Oops: 0, ImmediateOops: 0, NonImmediateOops: No
[2,160s][debug][gc,nmethod     ] Register NMethod: com.github.benmanes.caffeine.cache.AbstractLinkedDeque.peekFirst (0x00007ab2a6cda608) [0x00007ab2a6cda700, 0x00007ab2a6cda7e8] Compiler: c1, Barriers: 1, Oops: 1, ImmediateOops: 0, NonImmediateOops: No
[2,160s][debug][gc,nmethod     ] Register NMethod: io.sirix.io.filechannel.FileChannelReader$$Lambda/0x000000006c24eaf0.<init> (0x00007ab287bf1d88) [0x00007ab287bf1e80, 0x00007ab287bf2058] Compiler: c1, Barriers: 3, Oops: 1, ImmediateOops: 0, NonImmediateOops: No
[2,160s][debug][gc,nmethod     ] Register NMethod: com.github.benmanes.caffeine.cache.LocalAsyncCache$$Lambda/0x000000006c24ed40.<init> (0x00007ab287bf2088) [0x00007ab287bf2180, 0x00007ab287bf23c8] Compiler: c1, Barriers: 6, Oops: 1, ImmediateOops: 0, NonImmediateOops: No
[2,160s][debug][gc,nmethod     ] Register NMethod: com.github.benmanes.caffeine.cache.LocalAsyncCache$AbstractCacheView.get (0x00007ab287bf2408) [0x00007ab287bf2500, 0x00007ab287bf3598] Compiler: c1, Barriers: 6, Oops: 2, ImmediateOops: 2, NonImmediateOops: No
[2,160s][debug][gc,nmethod     ] Register NMethod: com.github.benmanes.caffeine.cache.LocalAsyncCache.get (0x00007ab287bf3608) [0x00007ab287bf3700, 0x00007ab287bf4310] Compiler: c1, Barriers: 6, Oops: 2, ImmediateOops: 2, NonImmediateOops: No
[2,160s][debug][gc,nmethod     ] Register NMethod: com.github.benmanes.caffeine.cache.LocalAsyncCache.get (0x00007ab287bf4388) [0x00007ab287bf4480, 0x00007ab287bf47a8] Compiler: c1, Barriers: 0, Oops: 1, ImmediateOops: 0, NonImmediateOops: No
[2,160s][debug][gc,nmethod     ] Register NMethod: java.nio.ByteBuffer.getArray (0x00007ab287bf4808) [0x00007ab287bf4900, 0x00007ab287bf67f8] Compiler: c1, Barriers: 5, Oops: 1, ImmediateOops: 4, NonImmediateOops: No
[2,160s][debug][gc,nmethod     ] Register NMethod: io.sirix.io.filechannel.FileChannelReader.readRevisionRootPage (0x00007ab287bf6808) [0x00007ab287bf6900, 0x00007ab287bf9218] Compiler: c1, Barriers: 7, Oops: 3, ImmediateOops: 7, NonImmediateOops: No
[2,160s][debug][gc,nmethod     ] Register NMethod: jdk.internal.foreign.SharedSession$SharedResourceList.<init> (0x00007ab287bf9288) [0x00007ab287bf9380, 0x00007ab287bf9538] Compiler: c1, Barriers: 0, Oops: 0, ImmediateOops: 0, NonImmediateOops: No
[2,161s][debug][gc,nmethod     ] Register NMethod: jdk.internal.foreign.SharedSession.<init> (0x00007ab287bf9588) [0x00007ab287bf9680, 0x00007ab287bf9a98] Compiler: c1, Barriers: 6, Oops: 0, ImmediateOops: 0, NonImmediateOops: No
[2,161s][debug][gc,nmethod     ] Register NMethod: com.github.benmanes.caffeine.cache.LocalAsyncCache$$Lambda/0x000000006c24ef80.<init> (0x00007ab287bf9b08) [0x00007ab287bf9c00, 0x00007ab287bf9f38] Compiler: c1, Barriers: 12, Oops: 1, ImmediateOops: 0, NonImmediateOops: No
[2,161s][debug][gc,nmethod     ] Register NMethod: jdk.internal.foreign.ImplicitSession.<init> (0x00007ab287bf9f88) [0x00007ab287bfa080, 0x00007ab287bfa710] Compiler: c1, Barriers: 6, Oops: 0, ImmediateOops: 0, NonImmediateOops: No
[2,161s][debug][gc,nmethod     ] Register NMethod: com.github.benmanes.caffeine.cache.stats.DisabledStatsCounter.recordHits (0x00007ab287bfa788) [0x00007ab287bfa880, 0x00007ab287bfa980] Compiler: c1, Barriers: 0, Oops: 1, ImmediateOops: 0, NonImmediateOops: No
[2,161s][debug][gc,nmethod     ] Register NMethod: sun.nio.ch.Util$BufferCache.get (0x00007ab287bfaa88) [0x00007ab287bfab80, 0x00007ab287bfbe10] Compiler: c1, Barriers: 9, Oops: 0, ImmediateOops: 0, NonImmediateOops: No
[2,161s][debug][gc,nmethod     ] Register NMethod: java.nio.ByteBuffer.get (0x00007ab287bfbe88) [0x00007ab287bfbf80, 0x00007ab287bfc290] Compiler: c1, Barriers: 0, Oops: 0, ImmediateOops: 0, NonImmediateOops: No
[2,161s][debug][gc,nmethod     ] Register NMethod: com.github.benmanes.caffeine.cache.LocalAsyncCache.get (0x00007ab287bfc308) [0x00007ab287bfc400, 0x00007ab287bfd890] Compiler: c1, Barriers: 16, Oops: 3, ImmediateOops: 2, NonImmediateOops: No
[2,161s][debug][gc,nmethod     ] Register NMethod: com.github.benmanes.caffeine.cache.LocalAsyncCache$AbstractCacheView.resolve (0x00007ab287bfd908) [0x00007ab287bfda00, 0x00007ab287bfede0] Compiler: c1, Barriers: 1, Oops: 1, ImmediateOops: 2, NonImmediateOops: No
[2,161s][debug][gc,nmethod     ] Register NMethod: io.sirix.page.DeserializedBitmapReferencesPageTuple.<init> (0x00007ab287bfee08) [0x00007ab287bfef00, 0x00007ab287bff148] Compiler: c1, Barriers: 6, Oops: 1, ImmediateOops: 0, NonImmediateOops: No
[2,161s][debug][gc,nmethod     ] Register NMethod: io.sirix.access.trx.page.RevisionRootPageReader.<init> (0x00007ab287bff188) [0x00007ab287bff280, 0x00007ab287bff3d8] Compiler: c1, Barriers: 0, Oops: 1, ImmediateOops: 0, NonImmediateOops: No
[2,161s][debug][gc,nmethod     ] Register NMethod: com.github.benmanes.caffeine.cache.UnboundedLocalCache.computeIfAbsent (0x00007ab287bff488) [0x00007ab287bff580, 0x00007ab287bfffb0] Compiler: c1, Barriers: 4, Oops: 1, ImmediateOops: 0, NonImmediateOops: No
[2,161s][debug][gc,nmethod     ] Register NMethod: io.sirix.page.RevisionRootPage.<init> (0x00007ab287c00008) [0x00007ab287c00100, 0x00007ab287c004c8] Compiler: c1, Barriers: 9, Oops: 1, ImmediateOops: 0, NonImmediateOops: No
[2,161s][debug][gc,nmethod     ] Register NMethod: io.sirix.access.trx.page.RevisionRootPageReader.getNamePage (0x00007ab287c00508) [0x00007ab287c00600, 0x00007ab287c00910] Compiler: c1, Barriers: 0, Oops: 1, ImmediateOops: 0, NonImmediateOops: No
[2,161s][debug][gc,nmethod     ] Register NMethod: io.sirix.access.trx.page.RevisionRootPageReader.loadRevisionRootPage (0x00007ab287c00988) [0x00007ab287c00a80, 0x00007ab287c00d90] Compiler: c1, Barriers: 0, Oops: 1, ImmediateOops: 0, NonImmediateOops: No
[2,161s][debug][gc,nmethod     ] Register NMethod: io.sirix.page.NamePage.<init> (0x00007ab287c00e08) [0x00007ab287c00f00, 0x00007ab287c01280] Compiler: c1, Barriers: 9, Oops: 1, ImmediateOops: 0, NonImmediateOops: No
[2,161s][debug][gc,nmethod     ] Register NMethod: io.sirix.page.PageKind$2.deserializePage (0x00007ab287c01308) [0x00007ab287c01400, 0x00007ab287c01d60] Compiler: c1, Barriers: 9, Oops: 1, ImmediateOops: 1, NonImmediateOops: No
[2,161s][debug][gc,nmethod     ] Register NMethod: sun.nio.ch.Util$BufferCache.offerFirst (0x00007ab287c01d88) [0x00007ab287c01e80, 0x00007ab287c02328] Compiler: c1, Barriers: 4, Oops: 0, ImmediateOops: 0, NonImmediateOops: No
[2,162s][debug][gc,nmethod     ] Register NMethod: io.sirix.page.PageKind$5.deserializePage (0x00007ab287c02388) [0x00007ab287c02480, 0x00007ab287c040a0] Compiler: c1, Barriers: 14, Oops: 1, ImmediateOops: 2, NonImmediateOops: No
[2,162s][debug][gc,nmethod     ] Register NMethod: java.util.concurrent.ForkJoinPool.tryTrim (0x00007ab287c04108) [0x00007ab287c04200, 0x00007ab287c049c0] Compiler: c1, Barriers: 3, Oops: 0, ImmediateOops: 1, NonImmediateOops: No
[2,162s][debug][gc,nmethod     ] Register NMethod: java.util.UUID.fromString (0x00007ab287c04a08) [0x00007ab287c04b00, 0x00007ab287c07520] Compiler: c1, Barriers: 1, Oops: 1, ImmediateOops: 8, NonImmediateOops: No
[2,162s][debug][gc,nmethod     ] Register NMethod: io.sirix.access.trx.page.NodeStorageEngineReader.<init> (0x00007ab287c07588) [0x00007ab287c07680, 0x00007ab287c0ac78] Compiler: c1, Barriers: 44, Oops: 2, ImmediateOops: 4, NonImmediateOops: No
[2,162s][debug][gc,nmethod     ] Register NMethod: io.sirix.access.trx.page.NodeStorageEngineReader.lambda$loadRevRoot$0 (0x00007ab287c0ad08) [0x00007ab287c0ae00, 0x00007ab287c0b170] Compiler: c1, Barriers: 2, Oops: 1, ImmediateOops: 0, NonImmediateOops: No
[2,162s][debug][gc,nmethod     ] Register NMethod: java.lang.invoke.Invokers$Holder.linkToTargetMethod (0x00007ab287c0b188) [0x00007ab287c0b280, 0x00007ab287c0b778] Compiler: c1, Barriers: 0, Oops: 0, ImmediateOops: 0, NonImmediateOops: No
[2,162s][debug][gc,nmethod     ] Register NMethod: io.sirix.access.trx.page.NodeStorageEngineReader$$Lambda/0x000000006c262fb0.apply (0x00007ab287c0b788) [0x00007ab287c0b880, 0x00007ab287c0c098] Compiler: c1, Barriers: 3, Oops: 1, ImmediateOops: 0, NonImmediateOops: No
[2,162s][debug][gc,nmethod     ] Register NMethod: java.lang.runtime.ObjectMethods.eq (0x00007ab287c0c108) [0x00007ab287c0c200, 0x00007ab287c0c330] Compiler: c1, Barriers: 0, Oops: 0, ImmediateOops: 0, NonImmediateOops: No
[2,162s][debug][gc,nmethod     ] Register NMethod: java.lang.invoke.LambdaForm$MH/0x000000006c266800.invoke (0x00007ab287c0c408) [0x00007ab287c0c500, 0x00007ab287c0cc68] Compiler: c1, Barriers: 2, Oops: 1, ImmediateOops: 0, NonImmediateOops: No
[2,162s][debug][gc,nmethod     ] Register NMethod: java.lang.invoke.DirectMethodHandle$Holder.invokeSpecial (0x00007ab287c0cc88) [0x00007ab287c0cd80, 0x00007ab287c0d148] Compiler: c1, Barriers: 1, Oops: 0, ImmediateOops: 0, NonImmediateOops: No
[2,162s][debug][gc,nmethod     ] Register NMethod: java.lang.invoke.LambdaForm$MH/0x000000006c268000.invoke (0x00007ab287c0d188) [0x00007ab287c0d280, 0x00007ab287c0e958] Compiler: c1, Barriers: 5, Oops: 1, ImmediateOops: 0, NonImmediateOops: No
[2,162s][debug][gc,nmethod     ] Register NMethod: ch.qos.logback.classic.Logger.callAppenders (0x00007ab287c0e988) [0x00007ab287c0ea80, 0x00007ab287c0f038] Compiler: c1, Barriers: 3, Oops: 1, ImmediateOops: 0, NonImmediateOops: No
[2,162s][debug][gc,nmethod     ] Register NMethod: ch.qos.logback.classic.Logger.buildLoggingEventAndAppend (0x00007ab287c0f088) [0x00007ab287c0f180, 0x00007ab287c0f760] Compiler: c1, Barriers: 4, Oops: 1, ImmediateOops: 1, NonImmediateOops: No
[2,162s][debug][gc,nmethod     ] Register NMethod: java.lang.invoke.LambdaForm$MH/0x000000006c267c00.invoke (0x00007ab287c0f788) [0x00007ab287c0f880, 0x00007ab287c105f0] Compiler: c1, Barriers: 2, Oops: 1, ImmediateOops: 0, NonImmediateOops: No
[2,162s][debug][gc,nmethod     ] Register NMethod: ch.qos.logback.classic.spi.LoggingEvent.extractThrowableAnRearrangeArguments (0x00007ab287c10608) [0x00007ab287c10700, 0x00007ab287c10ef8] Compiler: c1, Barriers: 4, Oops: 1, ImmediateOops: 0, NonImmediateOops: No
[2,162s][debug][gc,nmethod     ] Register NMethod: io.sirix.access.trx.node.AbstractResourceSession.beginPageReadOnlyTrx (0x00007ab287c10f08) [0x00007ab287c11000, 0x00007ab287c13900] Compiler: c1, Barriers: 11, Oops: 1, ImmediateOops: 5, NonImmediateOops: No
[2,163s][debug][gc,nmethod     ] Register NMethod: java.lang.runtime.ObjectMethods.eq (0x00007ab287c13988) [0x00007ab287c13a80, 0x00007ab287c13bb0] Compiler: c1, Barriers: 0, Oops: 0, ImmediateOops: 0, NonImmediateOops: No
[2,163s][debug][gc,nmethod     ] Register NMethod: ch.qos.logback.classic.spi.LoggingEvent.<init> (0x00007ab287c13c88) [0x00007ab287c13d80, 0x00007ab287c14d18] Compiler: c1, Barriers: 32, Oops: 1, ImmediateOops: 0, NonImmediateOops: No
[2,163s][debug][gc,nmethod     ] Register NMethod: java.lang.invoke.LambdaForm$MH/0x000000006c266000.invoke (0x00007ab287c14d88) [0x00007ab287c14e80, 0x00007ab287c15170] Compiler: c1, Barriers: 0, Oops: 1, ImmediateOops: 0, NonImmediateOops: No
[2,163s][debug][gc,nmethod     ] Register NMethod: com.github.benmanes.caffeine.cache.Node.setWeight (0x00007ab287c15188) [0x00007ab287c15280, 0x00007ab287c15380] Compiler: c1, Barriers: 0, Oops: 1, ImmediateOops: 0, NonImmediateOops: No
[2,163s][debug][gc,nmethod     ] Register NMethod: io.sirix.cache.RevisionRootPageCacheKey.equals (0x00007ab287c15488) [0x00007ab287c15580, 0x00007ab287c16fb8] Compiler: c1, Barriers: 0, Oops: 27, ImmediateOops: 13, NonImmediateOops: No
[2,163s][debug][gc,nmethod     ] Register NMethod: java.util.concurrent.ForkJoinPool$WorkQueue.unlockPhase (0x00007ab287c17108) [0x00007ab287c17200, 0x00007ab287c17310] Compiler: c1, Barriers: 0, Oops: 0, ImmediateOops: 0, NonImmediateOops: No
[2,163s][debug][gc,nmethod     ] Register NMethod: java.lang.Thread.getId (0x00007ab287c17408) [0x00007ab287c17500, 0x00007ab287c177d8] Compiler: c1, Barriers: 0, Oops: 0, ImmediateOops: 0, NonImmediateOops: No
[2,163s][debug][gc,nmethod     ] Register NMethod: com.github.benmanes.caffeine.cache.StripedBuffer.mix64 (0x00007ab287c17808) [0x00007ab287c17900, 0x00007ab287c17a30] Compiler: c1, Barriers: 0, Oops: 1, ImmediateOops: 0, NonImmediateOops: No
[2,163s][debug][gc,nmethod     ] Register NMethod: ch.qos.logback.classic.spi.EventArgUtil.successfulExtraction (0x00007ab287c17b08) [0x00007ab287c17c00, 0x00007ab287c17d30] Compiler: c1, Barriers: 0, Oops: 1, ImmediateOops: 0, NonImmediateOops: No
[2,163s][debug][gc,nmethod     ] Register NMethod: ch.qos.logback.classic.spi.EventArgUtil.extractThrowable (0x00007ab287c17e08) [0x00007ab287c17f00, 0x00007ab287c18528] Compiler: c1, Barriers: 1, Oops: 1, ImmediateOops: 0, NonImmediateOops: No
[2,163s][debug][gc,nmethod     ] Register NMethod: ch.qos.logback.classic.spi.LoggingEvent.setMarker (0x00007ab287c18588) [0x00007ab287c18680, 0x00007ab287c18920] Compiler: c1, Barriers: 4, Oops: 1, ImmediateOops: 1, NonImmediateOops: No
[2,163s][debug][gc,nmethod     ] Register NMethod: io.sirix.page.KeyValueLeafPage.setRecord (0x00007ab287c18988) [0x00007ab287c18a80, 0x00007ab287c190b8] Compiler: c1, Barriers: 4, Oops: 1, ImmediateOops: 0, NonImmediateOops: No
[2,163s][debug][gc,nmethod     ] Register NMethod: com.github.benmanes.caffeine.cache.FrequencySketch.increment (0x00007ab287c19108) [0x00007ab287c19200, 0x00007ab287c1a848] Compiler: c1, Barriers: 1, Oops: 1, ImmediateOops: 0, NonImmediateOops: No
[2,163s][debug][gc,nmethod     ] Register NMethod: com.github.benmanes.caffeine.cache.StripedBuffer.offer (0x00007ab287c1a888) [0x00007ab287c1a980, 0x00007ab287c1b530] Compiler: c1, Barriers: 3, Oops: 1, ImmediateOops: 0, NonImmediateOops: No
[2,163s][debug][gc,nmethod     ] Register NMethod: java.util.concurrent.atomic.AtomicLongFieldUpdater$CASUpdater.getAndAdd (0x00007ab287c1b588) [0x00007ab287c1b680, 0x00007ab287c1ba98] Compiler: c1, Barriers: 1, Oops: 0, ImmediateOops: 0, NonImmediateOops: No
[2,163s][debug][gc,director    ] Rule Major: Warmup 10%, Used: 286MB, UsedThreshold: 1228MB
[2,163s][debug][gc,nmethod     ] Register NMethod: kotlinx.coroutines.internal.LockFreeTaskQueue.removeFirstOrNull (0x00007ab287c1bb08) [0x00007ab287c1bc00, 0x00007ab287c1c830] Compiler: c1, Barriers: 1, Oops: 2, ImmediateOops: 5, NonImmediateOops: No
[2,164s][debug][gc,nmethod     ] Register NMethod: com.github.benmanes.caffeine.cache.BoundedBuffer$RingBuffer.offer (0x00007ab287c1c888) [0x00007ab287c1c980, 0x00007ab287c1fd38] Compiler: c1, Barriers: 4, Oops: 12, ImmediateOops: 17, NonImmediateOops: No
[2,164s][debug][gc,nmethod     ] Register NMethod: java.util.ArrayList.rangeCheckForAdd (0x00007ab287c1fe08) [0x00007ab287c1ff00, 0x00007ab287c211a0] Compiler: c1, Barriers: 0, Oops: 2, ImmediateOops: 3, NonImmediateOops: No
[2,164s][debug][gc,nmethod     ] Register NMethod: kotlinx.coroutines.internal.LockFreeTaskQueueCore.removeFirstOrNull (0x00007ab287c21208) [0x00007ab287c21300, 0x00007ab287c24e68] Compiler: c1, Barriers: 11, Oops: 10, ImmediateOops: 23, NonImmediateOops: No
[2,165s][debug][gc,nmethod     ] Register NMethod: io.sirix.access.trx.node.AbstractNodeReadOnlyTrx.getId (0x00007ab287c24f08) [0x00007ab287c25000, 0x00007ab287c25418] Compiler: c1, Barriers: 0, Oops: 1, ImmediateOops: 1, NonImmediateOops: No
[2,165s][debug][gc,nmethod     ] Register NMethod: java.lang.invoke.VarHandleLongs$FieldInstanceReadWrite.weakCompareAndSet (0x00007ab287c25488) [0x00007ab287c25580, 0x00007ab287c261a8] Compiler: c1, Barriers: 1, Oops: 1, ImmediateOops: 1, NonImmediateOops: No
[2,165s][debug][gc,nmethod     ] Register NMethod: com.github.benmanes.caffeine.cache.PSMS.getNextInAccessOrder (0x00007ab287c26208) [0x00007ab287c26300, 0x00007ab287c26600] Compiler: c1, Barriers: 1, Oops: 1, ImmediateOops: 0, NonImmediateOops: No
[2,165s][debug][gc,nmethod     ] Register NMethod: com.github.benmanes.caffeine.cache.AccessOrderDeque.contains (0x00007ab287c26688) [0x00007ab287c26780, 0x00007ab287c27440] Compiler: c1, Barriers: 1, Oops: 1, ImmediateOops: 0, NonImmediateOops: No
[2,165s][debug][gc,nmethod     ] Register NMethod: com.github.benmanes.caffeine.cache.PSMS.getPreviousInAccessOrder (0x00007ab287c27488) [0x00007ab287c27580, 0x00007ab287c27880] Compiler: c1, Barriers: 1, Oops: 1, ImmediateOops: 0, NonImmediateOops: No
[2,165s][debug][gc,nmethod     ] Register NMethod: com.github.benmanes.caffeine.cache.BoundedLocalCache$$Lambda/0x000000006c1b8b80.accept (0x00007ab287c27908) [0x00007ab287c27a00, 0x00007ab287c27f38] Compiler: c1, Barriers: 1, Oops: 1, ImmediateOops: 0, NonImmediateOops: No
[2,165s][debug][gc,nmethod     ] Register NMethod: com.github.benmanes.caffeine.cache.AbstractLinkedDeque.moveToBack (0x00007ab287c27f88) [0x00007ab287c28080, 0x00007ab287c285f0] Compiler: c1, Barriers: 1, Oops: 1, ImmediateOops: 0, NonImmediateOops: No
[2,165s][debug][gc,nmethod     ] Register NMethod: java.lang.invoke.VarHandleReferences$Array.getAcquire (0x00007ab287c28608) [0x00007ab287c28700, 0x00007ab287c29488] Compiler: c1, Barriers: 2, Oops: 2, ImmediateOops: 2, NonImmediateOops: No
[2,165s][debug][gc,nmethod     ] Register NMethod: com.github.benmanes.caffeine.cache.BoundedLocalCache.reorder (0x00007ab287c29508) [0x00007ab287c29600, 0x00007ab287c2a2f8] Compiler: c1, Barriers: 1, Oops: 1, ImmediateOops: 0, NonImmediateOops: No
[2,165s][debug][gc,nmethod     ] Register NMethod: io.sirix.access.trx.node.AbstractResourceSession.getDocumentNode (0x00007ab287c2a308) [0x00007ab287c2a400, 0x00007ab287c2adf0] Compiler: c1, Barriers: 0, Oops: 1, ImmediateOops: 3, NonImmediateOops: No
[2,165s][debug][gc,nmethod     ] Register NMethod: java.util.concurrent.ForkJoinTask.getAndBitwiseOrStatus (0x00007ab287c2ae08) [0x00007ab287c2af00, 0x00007ab287c2b4f8] Compiler: c1, Barriers: 0, Oops: 1, ImmediateOops: 2, NonImmediateOops: No
[2,165s][debug][gc,nmethod     ] Register NMethod: java.util.ArrayList.<init> (0x00007ab2a6cda908) [0x00007ab2a6cdaa00, 0x00007ab2a6cdaaf8] Compiler: jvmci, Barriers: 3, Oops: 0, ImmediateOops: 1, NonImmediateOops: No
[2,165s][debug][gc,nmethod     ] Register NMethod: io.sirix.access.trx.node.xml.XmlNodeReadOnlyTrxImpl.<init> (0x00007ab287c2b508) [0x00007ab287c2b600, 0x00007ab287c2bb28] Compiler: c1, Barriers: 6, Oops: 1, ImmediateOops: 1, NonImmediateOops: No
[2,165s][debug][gc,nmethod     ] Register NMethod: io.sirix.service.xml.xpath.ItemListImpl.<init> (0x00007ab287c2bb88) [0x00007ab287c2bc80, 0x00007ab287c2c0a0] Compiler: c1, Barriers: 6, Oops: 1, ImmediateOops: 1, NonImmediateOops: No
[2,165s][debug][gc,nmethod     ] Register NMethod: java.util.concurrent.ForkJoinTask.signalWaiters (0x00007ab287c2c108) [0x00007ab287c2c200, 0x00007ab287c2d4c0] Compiler: c1, Barriers: 4, Oops: 0, ImmediateOops: 2, NonImmediateOops: No
[2,165s][debug][gc,nmethod     ] Register NMethod: io.sirix.access.trx.node.xml.XmlResourceSessionImpl.createNodeReadOnlyTrx (0x00007ab287c2d508) [0x00007ab287c2d600, 0x00007ab287c2d8f8] Compiler: c1, Barriers: 0, Oops: 1, ImmediateOops: 0, NonImmediateOops: No
[2,165s][debug][gc,nmethod     ] Register NMethod: io.sirix.access.trx.node.xml.XmlResourceSessionImpl.createNodeReadOnlyTrx (0x00007ab287c2d908) [0x00007ab287c2da00, 0x00007ab287c2ddd8] Compiler: c1, Barriers: 0, Oops: 1, ImmediateOops: 0, NonImmediateOops: No
[2,165s][debug][gc,nmethod     ] Register NMethod: io.sirix.api.ResourceSession.beginNodeReadOnlyTrx (0x00007ab287c2de08) [0x00007ab287c2df00, 0x00007ab287c2ec30] Compiler: c1, Barriers: 2, Oops: 1, ImmediateOops: 1, NonImmediateOops: No
[2,165s][debug][gc,nmethod     ] Register NMethod: io.sirix.axis.CoroutineDescendantAxis.access$getCapacity$p (0x00007ab2a6cdac08) [0x00007ab2a6cdad00, 0x00007ab2a6cdada0] Compiler: c1, Barriers: 0, Oops: 1, ImmediateOops: 0, NonImmediateOops: No
[2,165s][debug][gc,nmethod     ] Register NMethod: io.sirix.access.trx.node.AbstractNodeReadOnlyTrx.<init> (0x00007ab287c2ec88) [0x00007ab287c2ed80, 0x00007ab287c2fae8] Compiler: c1, Barriers: 12, Oops: 1, ImmediateOops: 0, NonImmediateOops: No
[2,166s][debug][gc,nmethod     ] Register NMethod: io.sirix.axis.CoroutineDescendantAxis.access$getResourceSession$p (0x00007ab2a6cdaf08) [0x00007ab2a6cdb000, 0x00007ab2a6cdb0d0] Compiler: c1, Barriers: 1, Oops: 1, ImmediateOops: 0, NonImmediateOops: No
[2,166s][debug][gc,nmethod     ] Register NMethod: java.lang.Long.bitCount (0x00007ab2a6cdb208) [0x00007ab2a6cdb300, 0x00007ab2a6cdb3d0] Compiler: jvmci, Barriers: 0, Oops: 0, ImmediateOops: 0, NonImmediateOops: No
[2,166s][debug][gc,nmethod     ] Register NMethod: com.github.benmanes.caffeine.cache.BoundedLocalCache.onAccess (0x00007ab287c2fb08) [0x00007ab287c2fc00, 0x00007ab287c347c8] Compiler: c1, Barriers: 3, Oops: 7, ImmediateOops: 8, NonImmediateOops: No
[2,166s][debug][gc,nmethod     ] Register NMethod: java.util.concurrent.ForkJoinPool.submissionQueue (0x00007ab287c34808) [0x00007ab287c34900, 0x00007ab287c35b38] Compiler: c1, Barriers: 8, Oops: 1, ImmediateOops: 1, NonImmediateOops: No
[2,166s][debug][gc,nmethod     ] Register NMethod: jdk.internal.foreign.Utils$BaseAndScale.of (0x00007ab2a6cdb508) [0x00007ab2a6cdb600, 0x00007ab2a6cdb6c8] Compiler: jvmci, Barriers: 0, Oops: 0, ImmediateOops: 1, NonImmediateOops: No
[2,166s][debug][gc,nmethod     ] Register NMethod: io.sirix.access.trx.node.AbstractResourceSession.beginNodeReadOnlyTrx (0x00007ab287c35b88) [0x00007ab287c35c80, 0x00007ab287c389b8] Compiler: c1, Barriers: 10, Oops: 1, ImmediateOops: 5, NonImmediateOops: No
[2,167s][debug][gc,nmethod     ] Register NMethod: java.util.concurrent.ForkJoinTask.setNoUserHelp (0x00007ab287c38a08) [0x00007ab287c38b00, 0x00007ab287c38c10] Compiler: c1, Barriers: 0, Oops: 0, ImmediateOops: 0, NonImmediateOops: No
[2,167s][debug][gc,nmethod     ] Register NMethod: java.util.ArrayList$Itr.next (0x00007ab2a6cdb808) [0x00007ab2a6cdb900, 0x00007ab2a6cdbae0] Compiler: jvmci, Barriers: 3, Oops: 0, ImmediateOops: 0, NonImmediateOops: No
[2,167s][debug][gc,nmethod     ] Register NMethod: java.util.ArrayList$ListItr.<init> (0x00007ab287c38d08) [0x00007ab287c38e00, 0x00007ab287c39340] Compiler: c1, Barriers: 6, Oops: 0, ImmediateOops: 0, NonImmediateOops: No
[2,167s][debug][gc,nmethod     ] Register NMethod: java.util.ArrayList.listIterator (0x00007ab287c39388) [0x00007ab287c39480, 0x00007ab287c39aa0] Compiler: c1, Barriers: 6, Oops: 0, ImmediateOops: 0, NonImmediateOops: No
[2,168s][debug][gc,nmethod     ] Register NMethod: kotlin.jvm.internal.Intrinsics.checkNotNullParameter (0x00007ab2a6cdbb08) [0x00007ab2a6cdbc00, 0x00007ab2a6cdbc90] Compiler: jvmci, Barriers: 0, Oops: 1, ImmediateOops: 0, NonImmediateOops: No
[2,168s][debug][gc,nmethod     ] Register NMethod: jdk.internal.foreign.ArenaImpl.<init> (0x00007ab287c39b08) [0x00007ab287c39c00, 0x00007ab287c39fe0] Compiler: c1, Barriers: 3, Oops: 0, ImmediateOops: 0, NonImmediateOops: No
[2,168s][debug][gc,nmethod     ] Register NMethod: java.lang.ThreadLocal.getMap (0x00007ab2a6cdbe08) [0x00007ab2a6cdbf00, 0x00007ab2a6cdc0b0] Compiler: jvmci, Barriers: 3, Oops: 0, ImmediateOops: 0, NonImmediateOops: No
[2,168s][debug][gc,nmethod     ] Register NMethod: io.sirix.access.trx.page.NodeStorageEngineReader$RecordPage.<init> (0x00007ab287c3a008) [0x00007ab287c3a100, 0x00007ab287c3a438] Compiler: c1, Barriers: 9, Oops: 1, ImmediateOops: 0, NonImmediateOops: No
[2,168s][debug][gc,nmethod     ] Register NMethod: java.nio.ByteBuffer.position (0x00007ab2a6cdc108) [0x00007ab2a6cdc200, 0x00007ab2a6cdc2e0] Compiler: jvmci, Barriers: 0, Oops: 0, ImmediateOops: 0, NonImmediateOops: No
[2,170s][debug][gc,nmethod     ] Register NMethod: java.util.HashMap$KeyIterator.next (0x00007ab2a6cdc408) [0x00007ab2a6cdc500, 0x00007ab2a6cdc8f0] Compiler: jvmci, Barriers: 15, Oops: 0, ImmediateOops: 0, NonImmediateOops: No
[2,170s][debug][gc,nmethod     ] Register NMethod: io.sirix.page.SerializationType$1.deserializeBitmapReferencesPage (0x00007ab287c3a488) [0x00007ab287c3a580, 0x00007ab287c3bf98] Compiler: c1, Barriers: 9, Oops: 1, ImmediateOops: 0, NonImmediateOops: No
[2,171s][debug][gc,nmethod     ] Register NMethod: jdk.internal.misc.Unsafe.weakCompareAndSetLong (0x00007ab2a6cdc908) [0x00007ab2a6cdca00, 0x00007ab2a6cdca90] Compiler: jvmci, Barriers: 0, Oops: 0, ImmediateOops: 0, NonImmediateOops: No
[2,171s][debug][gc,nmethod     ] Register NMethod: io.sirix.node.delegates.StructNodeDelegate.getRightSiblingKey (0x00007ab2a6cdcc08) [0x00007ab2a6cdcd00, 0x00007ab2a6cdcdc0] Compiler: c1, Barriers: 0, Oops: 1, ImmediateOops: 0, NonImmediateOops: No
[2,171s][debug][gc,nmethod     ] Register NMethod: com.github.benmanes.caffeine.cache.BBHeader$ReadAndWriteCounterRef.casWriteCounter (0x00007ab287c3c008) [0x00007ab287c3c100, 0x00007ab287c3cf70] Compiler: c1, Barriers: 0, Oops: 6, ImmediateOops: 6, NonImmediateOops: No
[2,171s][debug][gc,nmethod     ] Register NMethod: com.google.common.collect.testing.AbstractIteratorTester$MultiExceptionListIterator.<init> (0x00007ab287c3d008) [0x00007ab287c3d100, 0x00007ab287c3e438] Compiler: c1, Barriers: 22, Oops: 1, ImmediateOops: 0, NonImmediateOops: No
[2,172s][debug][gc,nmethod     ] Register NMethod: io.sirix.axis.CoroutineDescendantAxis.nextKeyForFirstChild (0x00007ab287c3e488) [0x00007ab287c3e580, 0x00007ab287c3f518] Compiler: c1, Barriers: 4, Oops: 1, ImmediateOops: 0, NonImmediateOops: No
[2,172s][debug][gc,nmethod     ] Register NMethod: io.sirix.access.trx.node.AbstractNodeReadOnlyTrx.getRightSiblingKey (0x00007ab287c3f588) [0x00007ab287c3f680, 0x00007ab287c3fe88] Compiler: c1, Barriers: 0, Oops: 1, ImmediateOops: 1, NonImmediateOops: No
[2,172s][debug][gc,nmethod     ] Register NMethod: kotlin.coroutines.intrinsics.IntrinsicsKt__IntrinsicsKt.getCOROUTINE_SUSPENDED (0x00007ab287c3ff08) [0x00007ab287c40000, 0x00007ab287c400e8] Compiler: c1, Barriers: 0, Oops: 1, ImmediateOops: 1, NonImmediateOops: No
[2,172s][debug][gc,nmethod     ] Register NMethod: java.lang.Thread.getName (0x00007ab2a6cdcf08) [0x00007ab2a6cdd000, 0x00007ab2a6cdd0e8] Compiler: c1, Barriers: 1, Oops: 0, ImmediateOops: 0, NonImmediateOops: No
[2,173s][debug][gc,nmethod     ] Register NMethod: java.lang.ThreadLocal$ThreadLocalMap.getEntry (0x00007ab2a6cdd208) [0x00007ab2a6cdd300, 0x00007ab2a6cdd508] Compiler: jvmci, Barriers: 4, Oops: 0, ImmediateOops: 0, NonImmediateOops: No
[2,173s][debug][gc,nmethod     ] Register NMethod: io.sirix.node.MemorySegmentBytesIn.read (0x00007ab2a6cdd588) [0x00007ab2a6cdd680, 0x00007ab2a6cdda68] Compiler: jvmci, Barriers: 4, Oops: 3, ImmediateOops: 0, NonImmediateOops: No
[2,173s][debug][gc,director    ] Rule Major: Warmup 10%, Used: 294MB, UsedThreshold: 1228MB
[2,174s][debug][gc,nmethod     ] Register NMethod: io.sirix.page.PageReference.<init> (0x00007ab2a6cdda88) [0x00007ab2a6cddb80, 0x00007ab2a6cdde38] Compiler: jvmci, Barriers: 8, Oops: 1, ImmediateOops: 1, NonImmediateOops: No
[2,175s][debug][gc,nmethod     ] Register NMethod: jdk.internal.misc.Unsafe.putReferenceOpaque (0x00007ab2a6cdde88) [0x00007ab2a6cddf80, 0x00007ab2a6cde070] Compiler: jvmci, Barriers: 3, Oops: 0, ImmediateOops: 0, NonImmediateOops: No
[2,175s][debug][gc,nmethod     ] Register NMethod: java.lang.Exception.<init> (0x00007ab287c40208) [0x00007ab287c40300, 0x00007ab287c40430] Compiler: c1, Barriers: 0, Oops: 0, ImmediateOops: 0, NonImmediateOops: No
[2,175s][debug][gc,nmethod     ] Register NMethod: java.lang.Throwable.<init> (0x00007ab287c40508) [0x00007ab287c40600, 0x00007ab287c40d48] Compiler: c1, Barriers: 10, Oops: 0, ImmediateOops: 3, NonImmediateOops: No
[2,176s][debug][gc,nmethod     ] Register NMethod: java.util.concurrent.ForkJoinPool.runWorker (0x00007ab287c40d88) [0x00007ab287c40e80, 0x00007ab287c42bc0] Compiler: c1, Barriers: 13, Oops: 1, ImmediateOops: 1, NonImmediateOops: No
[2,176s][debug][gc,nmethod     ] Register NMethod: java.lang.ThreadLocal.get (0x00007ab2a6cde188) [0x00007ab2a6cde280, 0x00007ab2a6cde638] Compiler: jvmci, Barriers: 8, Oops: 0, ImmediateOops: 0, NonImmediateOops: No
[2,176s][debug][gc,nmethod     ] Register NMethod: kotlin.Result.constructor-impl (0x00007ab287c42c08) [0x00007ab287c42d00, 0x00007ab287c42de0] Compiler: c1, Barriers: 0, Oops: 1, ImmediateOops: 0, NonImmediateOops: No
[2,176s][debug][gc,nmethod     ] Register NMethod: jdk.internal.util.DecimalDigits.stringSize (0x00007ab287c42f08) [0x00007ab287c43000, 0x00007ab287c43238] Compiler: c1, Barriers: 0, Oops: 0, ImmediateOops: 0, NonImmediateOops: No
[2,176s][debug][gc,nmethod     ] Register NMethod: kotlinx.coroutines.JobSupport.getState$kotlinx_coroutines_core (0x00007ab287c43288) [0x00007ab287c43380, 0x00007ab287c43eb0] Compiler: c1, Barriers: 1, Oops: 2, ImmediateOops: 3, NonImmediateOops: No
[2,176s][debug][gc,nmethod     ] Register NMethod: jdk.internal.util.DecimalDigits.uncheckedGetCharsLatin1 (0x00007ab287c43f08) [0x00007ab287c44000, 0x00007ab287c44510] Compiler: c1, Barriers: 0, Oops: 0, ImmediateOops: 0, NonImmediateOops: No
[2,176s][debug][gc,nmethod     ] Register NMethod: kotlinx.coroutines.JobSupport.get (0x00007ab287c44588) [0x00007ab287c44680, 0x00007ab287c45580] Compiler: c1, Barriers: 1, Oops: 4, ImmediateOops: 3, NonImmediateOops: No
[2,176s][debug][gc,nmethod     ] Register NMethod: kotlin.coroutines.CoroutineContext$DefaultImpls.plus (0x00007ab287c45608) [0x00007ab287c45700, 0x00007ab287c464a8] Compiler: c1, Barriers: 1, Oops: 4, ImmediateOops: 5, NonImmediateOops: No
[2,176s][debug][gc,nmethod     ] Register NMethod: java.util.concurrent.ForkJoinTask.noUserHelp (0x00007ab2a6cde688) [0x00007ab2a6cde780, 0x00007ab2a6cde810] Compiler: jvmci, Barriers: 0, Oops: 0, ImmediateOops: 0, NonImmediateOops: No
[2,176s][debug][gc,nmethod     ] Register NMethod: kotlinx.coroutines.Job$DefaultImpls.get (0x00007ab287c46508) [0x00007ab287c46600, 0x00007ab287c47d50] Compiler: c1, Barriers: 2, Oops: 4, ImmediateOops: 6, NonImmediateOops: No
[2,177s][debug][gc,nmethod     ] Register NMethod: java.util.Arrays$ArrayItr.hasNext (0x00007ab2a6cde988) [0x00007ab2a6cdea80, 0x00007ab2a6cdeb68] Compiler: jvmci, Barriers: 1, Oops: 0, ImmediateOops: 0, NonImmediateOops: No
[2,177s][debug][gc,nmethod     ] Register NMethod: kotlinx.coroutines.channels.BufferedChannel.isRendezvousOrUnlimited (0x00007ab287c47d88) [0x00007ab287c47e80, 0x00007ab287c483d0] Compiler: c1, Barriers: 0, Oops: 2, ImmediateOops: 3, NonImmediateOops: No
[2,177s][debug][gc,nmethod     ] Register NMethod: org.slf4j.impl.StaticLoggerBinder.getSingleton (0x00007ab287c48408) [0x00007ab287c48500, 0x00007ab287c48628] Compiler: c1, Barriers: 1, Oops: 1, ImmediateOops: 1, NonImmediateOops: No
[2,177s][debug][gc,nmethod     ] Register NMethod: java.util.concurrent.ForkJoinPool.runWorker (0x00007ab287c48708) [0x00007ab287c48800, 0x00007ab287c4a310] Compiler: c1, Barriers: 13, Oops: 1, ImmediateOops: 1, NonImmediateOops: No
[2,177s][debug][gc,nmethod     ] Register NMethod: org.slf4j.LoggerFactory.getLogger (0x00007ab287c4a388) [0x00007ab287c4a480, 0x00007ab287c4a7a8] Compiler: c1, Barriers: 0, Oops: 1, ImmediateOops: 0, NonImmediateOops: No
[2,178s][debug][gc,nmethod     ] Register NMethod: ch.qos.logback.classic.selector.DefaultContextSelector.getLoggerContext (0x00007ab287c4a808) [0x00007ab287c4a900, 0x00007ab287c4aa58] Compiler: c1, Barriers: 1, Oops: 1, ImmediateOops: 0, NonImmediateOops: No
[2,178s][debug][gc,nmethod     ] Register NMethod: ch.qos.logback.classic.LoggerContext.getLogger (0x00007ab287c4ab08) [0x00007ab287c4ac00, 0x00007ab287c4aef8] Compiler: c1, Barriers: 0, Oops: 1, ImmediateOops: 0, NonImmediateOops: No
[2,178s][debug][gc,nmethod     ] Register NMethod: org.slf4j.impl.StaticLoggerBinder.getLoggerFactory (0x00007ab287c4af08) [0x00007ab287c4b000, 0x00007ab287c4b430] Compiler: c1, Barriers: 4, Oops: 1, ImmediateOops: 1, NonImmediateOops: No
[2,178s][debug][gc,nmethod     ] Register NMethod: org.slf4j.LoggerFactory.getILoggerFactory (0x00007ab287c4b488) [0x00007ab287c4b580, 0x00007ab287c4bcf0] Compiler: c1, Barriers: 1, Oops: 2, ImmediateOops: 12, NonImmediateOops: No
[2,178s][debug][gc,nmethod     ] Register NMethod: ch.qos.logback.classic.LoggerContext.getLogger (0x00007ab287c4bd08) [0x00007ab287c4be00, 0x00007ab287c4d360] Compiler: c1, Barriers: 4, Oops: 1, ImmediateOops: 2, NonImmediateOops: No
[2,178s][debug][gc,nmethod     ] Register NMethod: java.nio.Buffer.limit (0x00007ab2a6cdec88) [0x00007ab2a6cded80, 0x00007ab2a6cdee90] Compiler: jvmci, Barriers: 0, Oops: 0, ImmediateOops: 0, NonImmediateOops: No
[2,178s][debug][gc,nmethod     ] Register NMethod: java.lang.RuntimeException.<init> (0x00007ab287c4d388) [0x00007ab287c4d480, 0x00007ab287c4d610] Compiler: c1, Barriers: 0, Oops: 0, ImmediateOops: 0, NonImmediateOops: No
[2,178s][debug][gc,nmethod     ] Register NMethod: java.util.concurrent.atomic.AtomicReferenceArray.<init> (0x00007ab287c4d688) [0x00007ab287c4d780, 0x00007ab287c4d9e0] Compiler: c1, Barriers: 3, Oops: 0, ImmediateOops: 0, NonImmediateOops: No
[2,179s][debug][gc,nmethod     ] Register NMethod: org.slf4j.LoggerFactory.getLogger (0x00007ab287c4da08) [0x00007ab287c4db00, 0x00007ab287c51760] Compiler: c1, Barriers: 18, Oops: 4, ImmediateOops: 10, NonImmediateOops: No
[2,179s][debug][gc,nmethod     ] Register NMethod: kotlinx.coroutines.channels.BufferedChannelKt.access$getNO_CLOSE_CAUSE$p (0x00007ab287c51788) [0x00007ab287c51880, 0x00007ab287c51968] Compiler: c1, Barriers: 0, Oops: 1, ImmediateOops: 1, NonImmediateOops: No
[2,179s][debug][gc,nmethod     ] Register NMethod: java.lang.Long.valueOf (0x00007ab2a6cdef88) [0x00007ab2a6cdf080, 0x00007ab2a6cdf228] Compiler: jvmci, Barriers: 1, Oops: 0, ImmediateOops: 1, NonImmediateOops: No
[2,180s][debug][gc,nmethod     ] Register NMethod: sun.nio.fs.UnixPath.normalizeAndCheck (0x00007ab2a6cdf288) [0x00007ab2a6cdf380, 0x00007ab2a6cdfad8] Compiler: jvmci, Barriers: 1, Oops: 0, ImmediateOops: 0, NonImmediateOops: No
[2,180s][debug][gc,nmethod     ] Register NMethod: kotlinx.coroutines.internal.Segment.<init> (0x00007ab287c51a88) [0x00007ab287c51b80, 0x00007ab287c51dc8] Compiler: c1, Barriers: 3, Oops: 1, ImmediateOops: 0, NonImmediateOops: No
[2,180s][debug][gc,nmethod     ] Register NMethod: kotlinx.coroutines.internal.ConcurrentLinkedListNode.<init> (0x00007ab287c51e08) [0x00007ab287c51f00, 0x00007ab287c520d8] Compiler: c1, Barriers: 3, Oops: 1, ImmediateOops: 0, NonImmediateOops: No
[2,180s][debug][gc,nmethod     ] Register NMethod: kotlinx.coroutines.channels.ChannelSegment.<init> (0x00007ab287c52108) [0x00007ab287c52200, 0x00007ab287c527b0] Compiler: c1, Barriers: 12, Oops: 1, ImmediateOops: 0, NonImmediateOops: No
[2,180s][debug][gc,nmethod     ] Register NMethod: kotlinx.coroutines.channels.BufferedChannelKt.access$initialBufferEnd (0x00007ab287c52808) [0x00007ab287c52900, 0x00007ab287c52a10] Compiler: c1, Barriers: 0, Oops: 1, ImmediateOops: 0, NonImmediateOops: No
[2,180s][debug][gc,nmethod     ] Register NMethod: kotlinx.coroutines.channels.ChannelKt.Channel$default (0x00007ab287c52b08) [0x00007ab287c52c00, 0x00007ab287c52dc0] Compiler: c1, Barriers: 0, Oops: 1, ImmediateOops: 1, NonImmediateOops: No
[2,180s][debug][gc,nmethod     ] Register NMethod: kotlinx.coroutines.channels.BufferedChannelKt.initialBufferEnd (0x00007ab287c52e08) [0x00007ab287c52f00, 0x00007ab287c53078] Compiler: c1, Barriers: 0, Oops: 1, ImmediateOops: 0, NonImmediateOops: No
[2,180s][debug][gc,nmethod     ] Register NMethod: io.sirix.utils.LogWrapper.<init> (0x00007ab287c53108) [0x00007ab287c53200, 0x00007ab287c53738] Compiler: c1, Barriers: 3, Oops: 1, ImmediateOops: 0, NonImmediateOops: No
[2,180s][debug][gc,nmethod     ] Register NMethod: io.sirix.axis.AbstractAxis.remove (0x00007ab287c53788) [0x00007ab287c53880, 0x00007ab287c539f8] Compiler: c1, Barriers: 0, Oops: 1, ImmediateOops: 0, NonImmediateOops: No
[2,180s][debug][gc,nmethod     ] Register NMethod: com.google.common.collect.testing.AbstractIteratorTester.access$700 (0x00007ab287c53a88) [0x00007ab287c53b80, 0x00007ab287c53c68] Compiler: c1, Barriers: 0, Oops: 1, ImmediateOops: 1, NonImmediateOops: No
[2,180s][debug][gc,nmethod     ] Register NMethod: com.google.common.collect.testing.AbstractIteratorTester$8.executeAndCompare (0x00007ab287c53d88) [0x00007ab287c53e80, 0x00007ab287c540c0] Compiler: c1, Barriers: 1, Oops: 2, ImmediateOops: 1, NonImmediateOops: No
[2,180s][debug][gc,nmethod     ] Register NMethod: kotlinx.coroutines.channels.ChannelKt.Channel (0x00007ab287c54108) [0x00007ab287c54200, 0x00007ab287c55a68] Compiler: c1, Barriers: 1, Oops: 2, ImmediateOops: 6, NonImmediateOops: No
[2,180s][debug][gc,nmethod     ] Register NMethod: com.google.common.collect.testing.AbstractIteratorTester$MultiExceptionListIterator.remove (0x00007ab287c55a88) [0x00007ab287c55b80, 0x00007ab287c55de0] Compiler: c1, Barriers: 4, Oops: 1, ImmediateOops: 1, NonImmediateOops: No
[2,180s][debug][gc,nmethod     ] Register NMethod: kotlinx.coroutines.channels.BufferedChannel.<init> (0x00007ab287c55e08) [0x00007ab287c55f00, 0x00007ab287c57e58] Compiler: c1, Barriers: 19, Oops: 6, ImmediateOops: 8, NonImmediateOops: No
[2,180s][debug][gc,nmethod     ] Register NMethod: com.google.common.collect.testing.AbstractIteratorTester$MultiExceptionListIterator.throwIfInvalid (0x00007ab287c57f08) [0x00007ab287c58000, 0x00007ab287c584c0] Compiler: c1, Barriers: 4, Oops: 1, ImmediateOops: 3, NonImmediateOops: No
[2,181s][debug][gc,nmethod     ] Register NMethod: io.sirix.axis.CoroutineDescendantAxis.reset (0x00007ab287c58508) [0x00007ab287c58600, 0x00007ab287c587f0] Compiler: c1, Barriers: 3, Oops: 1, ImmediateOops: 1, NonImmediateOops: No
[2,181s][debug][gc,nmethod     ] Register NMethod: io.sirix.access.trx.node.AbstractNodeReadOnlyTrx.getLeftSiblingKey (0x00007ab287c58808) [0x00007ab287c58900, 0x00007ab287c59108] Compiler: c1, Barriers: 0, Oops: 1, ImmediateOops: 1, NonImmediateOops: No
[2,181s][debug][gc,nmethod     ] Register NMethod: io.sirix.axis.CoroutineDescendantAxis$Producer.<init> (0x00007ab287c59188) [0x00007ab287c59280, 0x00007ab287c5aab0] Compiler: c1, Barriers: 19, Oops: 1, ImmediateOops: 3, NonImmediateOops: No
[2,181s][debug][gc,nmethod     ] Register NMethod: java.lang.ThreadLocal.getCarrierThreadLocal (0x00007ab2a6cdfb08) [0x00007ab2a6cdfc00, 0x00007ab2a6cdffc0] Compiler: jvmci, Barriers: 9, Oops: 0, ImmediateOops: 0, NonImmediateOops: No
[2,181s][debug][gc,nmethod     ] Register NMethod: kotlinx.coroutines.channels.ChannelSegment.casState$kotlinx_coroutines_core (0x00007ab287c5ab08) [0x00007ab287c5ac00, 0x00007ab287c5af40] Compiler: c1, Barriers: 1, Oops: 1, ImmediateOops: 0, NonImmediateOops: No
[2,181s][debug][gc,nmethod     ] Register NMethod: java.util.concurrent.ForkJoinPool.deactivate (0x00007ab2a6ce0008) [0x00007ab2a6ce0100, 0x00007ab2a6ce0f50] Compiler: jvmci, Barriers: 28, Oops: 0, ImmediateOops: 1, NonImmediateOops: No
[2,182s][debug][gc,nmethod     ] Register NMethod: kotlinx.coroutines.channels.ChannelSegment.getState$kotlinx_coroutines_core (0x00007ab287c5af88) [0x00007ab287c5b080, 0x00007ab287c5c4e8] Compiler: c1, Barriers: 3, Oops: 8, ImmediateOops: 9, NonImmediateOops: No
[2,182s][debug][gc,nmethod     ] Register NMethod: io.sirix.access.trx.RevisionEpochTracker.register (0x00007ab2a6ce0f88) [0x00007ab2a6ce1080, 0x00007ab2a6ce17c8] Compiler: jvmci, Barriers: 6, Oops: 2, ImmediateOops: 0, NonImmediateOops: No
[2,182s][debug][gc,nmethod     ] Register NMethod: java.lang.invoke.MethodHandle.invokeBasic (0x00007ab2a6ce1808) [0x00007ab2a6ce1900, 0x00007ab2a6ce1b98] Compiler: , Barriers: 0, Oops: 0, ImmediateOops: 0, NonImmediateOops: No
[2,182s][debug][gc,nmethod     ] Register NMethod: java.lang.invoke.VarHandleReferences$Array.compareAndSet (0x00007ab287c5c588) [0x00007ab287c5c680, 0x00007ab287c5eaf8] Compiler: c1, Barriers: 10, Oops: 2, ImmediateOops: 1, NonImmediateOops: No
[2,182s][debug][gc,nmethod     ] Register NMethod: io.sirix.node.xml.TextNode.hasRightSibling (0x00007ab287c5eb88) [0x00007ab287c5ec80, 0x00007ab287c640b8] Compiler: c1, Barriers: 19, Oops: 7, ImmediateOops: 12, NonImmediateOops: No
[2,182s][debug][gc,nmethod     ] Register NMethod: java.util.concurrent.atomic.AtomicReferenceArray.compareAndSet (0x00007ab287c64108) [0x00007ab287c64200, 0x00007ab287c66778] Compiler: c1, Barriers: 9, Oops: 7, ImmediateOops: 13, NonImmediateOops: No
[2,182s][debug][gc,nmethod     ] Register NMethod: java.lang.invoke.VarHandleGuards.guard_LILL_Z (0x00007ab287c66808) [0x00007ab287c66900, 0x00007ab287c697f0] Compiler: c1, Barriers: 28, Oops: 0, ImmediateOops: 2, NonImmediateOops: No
[2,183s][debug][gc,nmethod     ] Register NMethod: org.magicwerk.brownies.collections.GapList.get (0x00007ab2a6ce1c08) [0x00007ab2a6ce1d00, 0x00007ab2a6ce1f00] Compiler: jvmci, Barriers: 3, Oops: 1, ImmediateOops: 0, NonImmediateOops: No
[2,183s][debug][gc,director    ] Rule Major: Warmup 10%, Used: 300MB, UsedThreshold: 1228MB
[2,184s][debug][gc,nmethod     ] Register NMethod: kotlinx.coroutines.AbstractCoroutine.getContext (0x00007ab2a6ce1f88) [0x00007ab2a6ce2080, 0x00007ab2a6ce2168] Compiler: c1, Barriers: 1, Oops: 1, ImmediateOops: 0, NonImmediateOops: No
[2,184s][debug][gc,nmethod     ] Register NMethod: kotlin.coroutines.CoroutineContext$DefaultImpls$$Lambda/0x000000006c26ad48.invoke (0x00007ab287c69808) [0x00007ab287c69900, 0x00007ab287c69e78] Compiler: c1, Barriers: 0, Oops: 1, ImmediateOops: 0, NonImmediateOops: No
[2,184s][debug][gc,nmethod     ] Register NMethod: kotlinx.coroutines.scheduling.CoroutineScheduler$Worker.nextInt (0x00007ab287c69e88) [0x00007ab287c69f80, 0x00007ab287c6a138] Compiler: c1, Barriers: 0, Oops: 1, ImmediateOops: 0, NonImmediateOops: No
[2,184s][debug][gc,nmethod     ] Register NMethod: kotlin.coroutines.jvm.internal.BaseContinuationImpl.<init> (0x00007ab287c6a188) [0x00007ab287c6a280, 0x00007ab287c6a450] Compiler: c1, Barriers: 3, Oops: 1, ImmediateOops: 0, NonImmediateOops: No
[2,184s][debug][gc,nmethod     ] Register NMethod: kotlin.coroutines.jvm.internal.ContinuationImpl.<init> (0x00007ab287c6a488) [0x00007ab287c6a580, 0x00007ab287c6ab00] Compiler: c1, Barriers: 6, Oops: 1, ImmediateOops: 0, NonImmediateOops: No
[2,184s][debug][gc,nmethod     ] Register NMethod: kotlin.coroutines.jvm.internal.ContinuationImpl.<init> (0x00007ab287c6ab88) [0x00007ab287c6ac80, 0x00007ab287c6af28] Compiler: c1, Barriers: 6, Oops: 1, ImmediateOops: 0, NonImmediateOops: No
[2,185s][debug][gc,nmethod     ] Register NMethod: io.sirix.node.xml.ElementNode.getLeftSiblingKey (0x00007ab287c6af88) [0x00007ab287c6b080, 0x00007ab287c70070] Compiler: c1, Barriers: 19, Oops: 7, ImmediateOops: 11, NonImmediateOops: No
[2,185s][debug][gc,nmethod     ] Register NMethod: java.lang.UnsupportedOperationException.<init> (0x00007ab287c70108) [0x00007ab287c70200, 0x00007ab287c703f0] Compiler: c1, Barriers: 0, Oops: 0, ImmediateOops: 0, NonImmediateOops: No
[2,185s][debug][gc,nmethod     ] Register NMethod: java.util.HashMap$HashIterator.<init> (0x00007ab2a6ce2288) [0x00007ab2a6ce2380, 0x00007ab2a6ce2988] Compiler: jvmci, Barriers: 24, Oops: 0, ImmediateOops: 0, NonImmediateOops: No
[2,186s][debug][gc,nmethod     ] Register NMethod: java.io.ByteArrayInputStream.close (0x00007ab2a6ce2a08) [0x00007ab2a6ce2b00, 0x00007ab2a6ce2b80] Compiler: jvmci, Barriers: 0, Oops: 0, ImmediateOops: 0, NonImmediateOops: No
[2,186s][debug][gc,nmethod     ] Register NMethod: kotlin.coroutines.CoroutineContext$DefaultImpls.plus$lambda$0 (0x00007ab287c70408) [0x00007ab287c70500, 0x00007ab287c76650] Compiler: c1, Barriers: 33, Oops: 5, ImmediateOops: 31, NonImmediateOops: No
[2,186s][debug][gc,nmethod     ] Register NMethod: jdk.internal.misc.Unsafe.weakCompareAndSetLongRelease (0x00007ab2a6ce2d08) [0x00007ab2a6ce2e00, 0x00007ab2a6ce2e90] Compiler: jvmci, Barriers: 0, Oops: 0, ImmediateOops: 0, NonImmediateOops: No
[2,187s][debug][gc,nmethod     ] Register NMethod: org.magicwerk.brownies.collections.GapList.doGet (0x00007ab2a6ce3008) [0x00007ab2a6ce3100, 0x00007ab2a6ce3300] Compiler: jvmci, Barriers: 3, Oops: 1, ImmediateOops: 0, NonImmediateOops: No
[2,188s][debug][gc,nmethod     ] Register NMethod: kotlinx.coroutines.scheduling.CoroutineScheduler$Worker.inStack (0x00007ab287c76688) [0x00007ab287c76780, 0x00007ab287c76918] Compiler: c1, Barriers: 1, Oops: 1, ImmediateOops: 1, NonImmediateOops: No
[2,188s][debug][gc,nmethod     ] Register NMethod: kotlinx.coroutines.scheduling.WorkQueue.trySteal (0x00007ab287c76988) [0x00007ab287c76a80, 0x00007ab287c76d60] Compiler: c1, Barriers: 3, Oops: 1, ImmediateOops: 0, NonImmediateOops: No
[2,188s][debug][gc,nmethod     ] Register NMethod: io.sirix.axis.CoroutineDescendantAxis.hasNextNode (0x00007ab287c76d88) [0x00007ab287c76e80, 0x00007ab287c77e08] Compiler: c1, Barriers: 1, Oops: 1, ImmediateOops: 1, NonImmediateOops: No
[2,188s][debug][gc,nmethod     ] Register NMethod: kotlinx.coroutines.scheduling.CoroutineScheduler$Worker.getIndexInArray (0x00007ab2a6ce3388) [0x00007ab2a6ce3480, 0x00007ab2a6ce3540] Compiler: c1, Barriers: 0, Oops: 1, ImmediateOops: 0, NonImmediateOops: No
[2,188s][debug][gc,nmethod     ] Register NMethod: kotlinx.coroutines.scheduling.CoroutineScheduler$Worker.getNextParkedWorker (0x00007ab2a6ce3688) [0x00007ab2a6ce3780, 0x00007ab2a6ce3870] Compiler: c1, Barriers: 1, Oops: 1, ImmediateOops: 0, NonImmediateOops: No
[2,188s][debug][gc,nmethod     ] Register NMethod: kotlinx.coroutines.scheduling.WorkQueue.pollBuffer (0x00007ab287c77e88) [0x00007ab287c77f80, 0x00007ab287c79060] Compiler: c1, Barriers: 2, Oops: 4, ImmediateOops: 8, NonImmediateOops: No
[2,188s][debug][gc,nmethod     ] Register NMethod: kotlinx.coroutines.scheduling.CoroutineScheduler$Worker.setNextParkedWorker (0x00007ab2a6ce3988) [0x00007ab2a6ce3a80, 0x00007ab2a6ce3bc0] Compiler: c1, Barriers: 3, Oops: 1, ImmediateOops: 0, NonImmediateOops: No
[2,188s][debug][gc,nmethod     ] Register NMethod: kotlinx.coroutines.scheduling.WorkQueue.tryStealLastScheduled (0x00007ab287c79088) [0x00007ab287c79180, 0x00007ab287c79cd0] Compiler: c1, Barriers: 6, Oops: 2, ImmediateOops: 5, NonImmediateOops: No
[2,188s][debug][gc,nmethod     ] Register NMethod: kotlinx.coroutines.internal.DispatchedContinuation.getContext (0x00007ab287c79d08) [0x00007ab287c79e00, 0x00007ab287c7a140] Compiler: c1, Barriers: 1, Oops: 1, ImmediateOops: 0, NonImmediateOops: No
[2,188s][debug][gc,nmethod     ] Register NMethod: kotlinx.coroutines.internal.DispatchedContinuationKt.access$getUNDEFINED$p (0x00007ab287c7a188) [0x00007ab287c7a280, 0x00007ab287c7a368] Compiler: c1, Barriers: 0, Oops: 1, ImmediateOops: 1, NonImmediateOops: No
[2,188s][debug][gc,nmethod     ] Register NMethod: kotlin.Result.exceptionOrNull-impl (0x00007ab287c7a488) [0x00007ab287c7a580, 0x00007ab287c7aaf0] Compiler: c1, Barriers: 1, Oops: 1, ImmediateOops: 0, NonImmediateOops: No
[2,188s][debug][gc,nmethod     ] Register NMethod: java.util.concurrent.atomic.AtomicLongFieldUpdater$CASUpdater.compareAndSet (0x00007ab287c7ab08) [0x00007ab287c7ac00, 0x00007ab287c7b040] Compiler: c1, Barriers: 1, Oops: 0, ImmediateOops: 0, NonImmediateOops: No
[2,189s][debug][gc,nmethod     ] Register NMethod: kotlin.coroutines.CombinedContext.plus (0x00007ab287c7b088) [0x00007ab287c7b180, 0x00007ab287c7bfb0] Compiler: c1, Barriers: 1, Oops: 4, ImmediateOops: 5, NonImmediateOops: No
[2,189s][debug][gc,nmethod     ] Register NMethod: kotlin.coroutines.jvm.internal.SuspendLambda.<init> (0x00007ab287c7c008) [0x00007ab287c7c100, 0x00007ab287c7c700] Compiler: c1, Barriers: 6, Oops: 1, ImmediateOops: 0, NonImmediateOops: No
[2,189s][debug][gc,nmethod     ] Register NMethod: java.lang.Thread.setName (0x00007ab287c7c788) [0x00007ab287c7c880, 0x00007ab287c7d120] Compiler: c1, Barriers: 4, Oops: 0, ImmediateOops: 1, NonImmediateOops: No
[2,189s][debug][gc,nmethod     ] Register NMethod: kotlinx.coroutines.scheduling.CoroutineScheduler.isTerminated (0x00007ab287c7d188) [0x00007ab287c7d280, 0x00007ab287c7d730] Compiler: c1, Barriers: 0, Oops: 2, ImmediateOops: 3, NonImmediateOops: No
[2,189s][debug][gc,nmethod     ] Register NMethod: java.util.concurrent.atomic.AtomicReferenceFieldUpdater$AtomicReferenceFieldUpdaterImpl.set (0x00007ab287c7d788) [0x00007ab287c7d880, 0x00007ab287c7e0f8] Compiler: c1, Barriers: 5, Oops: 0, ImmediateOops: 0, NonImmediateOops: No
[2,189s][debug][gc,nmethod     ] Register NMethod: kotlinx.coroutines.Empty.getList (0x00007ab2a6ce3c88) [0x00007ab2a6ce3d80, 0x00007ab2a6ce3e48] Compiler: c1, Barriers: 0, Oops: 1, ImmediateOops: 0, NonImmediateOops: No
[2,189s][debug][gc,nmethod     ] Register NMethod: kotlin.coroutines.jvm.internal.Boxing.boxLong (0x00007ab287c7e108) [0x00007ab287c7e200, 0x00007ab287c7e450] Compiler: c1, Barriers: 0, Oops: 1, ImmediateOops: 0, NonImmediateOops: No
[2,189s][debug][gc,nmethod     ] Register NMethod: java.util.concurrent.atomic.AtomicLongFieldUpdater$CASUpdater.getAndIncrement (0x00007ab287c7e488) [0x00007ab287c7e580, 0x00007ab287c7e878] Compiler: c1, Barriers: 0, Oops: 0, ImmediateOops: 0, NonImmediateOops: No
[2,189s][debug][gc,nmethod     ] Register NMethod: kotlinx.coroutines.JobSupport.setParentHandle$kotlinx_coroutines_core (0x00007ab287c7e888) [0x00007ab287c7e980, 0x00007ab287c7ead8] Compiler: c1, Barriers: 0, Oops: 1, ImmediateOops: 1, NonImmediateOops: No
[2,189s][debug][gc,nmethod     ] Register NMethod: kotlinx.coroutines.JobSupport.getParentHandle$kotlinx_coroutines_core (0x00007ab287c7eb88) [0x00007ab287c7ec80, 0x00007ab287c7f338] Compiler: c1, Barriers: 1, Oops: 2, ImmediateOops: 3, NonImmediateOops: No
[2,190s][debug][gc,nmethod     ] Register NMethod: java.util.concurrent.atomic.AtomicReferenceFieldUpdater$AtomicReferenceFieldUpdaterImpl.compareAndSet (0x00007ab287c7f388) [0x00007ab287c7f480, 0x00007ab287c7fd10] Compiler: c1, Barriers: 7, Oops: 0, ImmediateOops: 0, NonImmediateOops: No
[2,190s][debug][gc,nmethod     ] Register NMethod: kotlinx.coroutines.AbstractTimeSourceKt.getTimeSource (0x00007ab287c7fd88) [0x00007ab287c7fe80, 0x00007ab287c7ffa8] Compiler: c1, Barriers: 1, Oops: 1, ImmediateOops: 1, NonImmediateOops: No
[2,190s][debug][gc,nmethod     ] Register NMethod: kotlin.ResultKt.throwOnFailure (0x00007ab287c80088) [0x00007ab287c80180, 0x00007ab287c806d8] Compiler: c1, Barriers: 1, Oops: 1, ImmediateOops: 0, NonImmediateOops: No
[2,190s][debug][gc,nmethod     ] Register NMethod: kotlinx.coroutines.channels.BufferedChannel.isClosed (0x00007ab287c80708) [0x00007ab287c80800, 0x00007ab287c81bc0] Compiler: c1, Barriers: 0, Oops: 2, ImmediateOops: 2, NonImmediateOops: No
[2,191s][debug][gc,nmethod     ] Register NMethod: java.util.concurrent.atomic.AtomicReferenceArray.lazySet (0x00007ab287c81c08) [0x00007ab287c81d00, 0x00007ab287c83e70] Compiler: c1, Barriers: 4, Oops: 7, ImmediateOops: 11, NonImmediateOops: No
[2,191s][debug][gc,nmethod     ] Register NMethod: kotlinx.coroutines.channels.ChannelSegment.setElementLazy (0x00007ab287c83f08) [0x00007ab287c84000, 0x00007ab287c863c0] Compiler: c1, Barriers: 5, Oops: 8, ImmediateOops: 11, NonImmediateOops: No
[2,191s][debug][gc,nmethod     ] Register NMethod: org.magicwerk.brownies.collections.IList$Iter.next (0x00007ab2a6ce3f88) [0x00007ab2a6ce4080, 0x00007ab2a6ce4330] Compiler: jvmci, Barriers: 4, Oops: 1, ImmediateOops: 0, NonImmediateOops: No
[2,191s][debug][gc,nmethod     ] Register NMethod: kotlinx.coroutines.scheduling.TaskContextImpl.getTaskMode (0x00007ab2a6ce4388) [0x00007ab2a6ce4480, 0x00007ab2a6ce4540] Compiler: c1, Barriers: 0, Oops: 1, ImmediateOops: 0, NonImmediateOops: No
[2,192s][debug][gc,nmethod     ] Register NMethod: kotlinx.coroutines.channels.BufferedChannel.isClosedForSend0 (0x00007ab287c86408) [0x00007ab287c86500, 0x00007ab287c86640] Compiler: c1, Barriers: 0, Oops: 1, ImmediateOops: 0, NonImmediateOops: No
[2,192s][debug][gc,nmethod     ] Register NMethod: kotlinx.coroutines.channels.BufferedChannel.send (0x00007ab287c86708) [0x00007ab287c86800, 0x00007ab287c86930] Compiler: c1, Barriers: 0, Oops: 1, ImmediateOops: 0, NonImmediateOops: No
[2,192s][debug][gc,nmethod     ] Register NMethod: kotlinx.coroutines.channels.BufferedChannel.access$getSendSegment$FU$p (0x00007ab287c86a08) [0x00007ab287c86b00, 0x00007ab287c86be8] Compiler: c1, Barriers: 0, Oops: 1, ImmediateOops: 1, NonImmediateOops: No
[2,192s][debug][gc,nmethod     ] Register NMethod: kotlinx.coroutines.channels.BufferedChannel.access$getSendersAndCloseStatus$FU$p (0x00007ab287c86d08) [0x00007ab287c86e00, 0x00007ab287c86ee8] Compiler: c1, Barriers: 0, Oops: 1, ImmediateOops: 1, NonImmediateOops: No
[2,192s][debug][gc,nmethod     ] Register NMethod: org.magicwerk.brownies.collections.IList.checkIndexAdd (0x00007ab2a6ce4688) [0x00007ab2a6ce4780, 0x00007ab2a6ce4870] Compiler: jvmci, Barriers: 0, Oops: 1, ImmediateOops: 0, NonImmediateOops: No
[2,192s][debug][gc,nmethod     ] Register NMethod: kotlinx.coroutines.channels.BufferedChannel.access$updateCellSend (0x00007ab287c87008) [0x00007ab287c87100, 0x00007ab287c87228] Compiler: c1, Barriers: 0, Oops: 1, ImmediateOops: 0, NonImmediateOops: No
[2,192s][debug][gc,nmethod     ] Register NMethod: kotlinx.coroutines.channels.BufferedChannel.access$isClosedForSend0 (0x00007ab287c87308) [0x00007ab287c87400, 0x00007ab287c87588] Compiler: c1, Barriers: 0, Oops: 1, ImmediateOops: 0, NonImmediateOops: No
[2,192s][debug][gc,nmethod     ] Register NMethod: kotlinx.coroutines.channels.BufferedChannel.bufferOrRendezvousSend (0x00007ab287c87608) [0x00007ab287c87700, 0x00007ab287c881c0] Compiler: c1, Barriers: 0, Oops: 3, ImmediateOops: 6, NonImmediateOops: No
[2,192s][debug][gc,nmethod     ] Register NMethod: sun.nio.fs.UnixPath.normalizeAndCheck (0x00007ab2a6ce4988) [0x00007ab2a6ce4a80, 0x00007ab2a6ce5220] Compiler: jvmci, Barriers: 1, Oops: 0, ImmediateOops: 0, NonImmediateOops: No
[2,193s][debug][gc,nmethod     ] Register NMethod: kotlinx.coroutines.channels.ChannelSegment.storeElement$kotlinx_coroutines_core (0x00007ab287c88208) [0x00007ab287c88300, 0x00007ab287c8a720] Compiler: c1, Barriers: 5, Oops: 8, ImmediateOops: 11, NonImmediateOops: No
[2,193s][debug][gc,nmethod     ] Register NMethod: kotlinx.coroutines.channels.BufferedChannel.send$suspendImpl (0x00007ab287c8a788) [0x00007ab287c8a880, 0x00007ab287c8d2d0] Compiler: c1, Barriers: 1, Oops: 5, ImmediateOops: 16, NonImmediateOops: No
[2,194s][debug][gc,director    ] Rule Major: Warmup 10%, Used: 306MB, UsedThreshold: 1228MB
[2,194s][debug][gc,nmethod     ] Register NMethod: kotlinx.coroutines.channels.BufferedChannel.updateCellSend (0x00007ab287c8d308) [0x00007ab287c8d400, 0x00007ab287c96c00] Compiler: c1, Barriers: 25, Oops: 13, ImmediateOops: 47, NonImmediateOops: No
[2,195s][debug][gc,nmethod     ] Register NMethod: io.sirix.page.SerializationType.readPageFragments (0x00007ab2a6ce5288) [0x00007ab2a6ce5380, 0x00007ab2a6ce6388] Compiler: jvmci, Barriers: 24, Oops: 2, ImmediateOops: 1, NonImmediateOops: No
[2,197s][debug][gc,nmethod     ] Register NMethod: io.sirix.access.trx.RevisionEpochTracker.register (0x00007ab2a6ce6408) [0x00007ab2a6ce6500, 0x00007ab2a6ce7618] Compiler: jvmci, Barriers: 18, Oops: 2, ImmediateOops: 0, NonImmediateOops: No
[2,201s][debug][gc,nmethod     ] Register NMethod: com.google.common.collect.testing.Helpers.addAll (0x00007ab2a6ce7688) [0x00007ab2a6ce77a0, 0x00007ab2a6ce9fa0] Compiler: jvmci, Barriers: 61, Oops: 3, ImmediateOops: 1, NonImmediateOops: No
[2,203s][debug][gc,nmethod     ] Register NMethod: net.jpountz.lz4.LZ4BlockInputStream.refill (0x00007ab2a6cea008) [0x00007ab2a6cea100, 0x00007ab2a6cec600] Compiler: jvmci, Barriers: 25, Oops: 1, ImmediateOops: 1, NonImmediateOops: No
[2,204s][debug][gc,director    ] Rule Major: Warmup 10%, Used: 306MB, UsedThreshold: 1228MB
[2,210s][debug][gc,nmethod     ] Register NMethod: java.lang.invoke.DirectMethodHandle$Holder.fieldAccess (0x00007ab2a6cec688) [0x00007ab2a6cec780, 0x00007ab2a6cec890] Compiler: jvmci, Barriers: 0, Oops: 0, ImmediateOops: 0, NonImmediateOops: No
[2,210s][debug][gc,nmethod     ] Register NMethod: java.lang.StrictMath.ceil (0x00007ab2a6cec988) [0x00007ab2a6cecaa0, 0x00007ab2a6cecbc0] Compiler: jvmci, Barriers: 0, Oops: 0, ImmediateOops: 0, NonImmediateOops: No
[2,210s][debug][gc,nmethod     ] Register NMethod: org.magicwerk.brownies.collections.IList$Iter.hasNext (0x00007ab2a6cecc88) [0x00007ab2a6cecd80, 0x00007ab2a6cecec0] Compiler: jvmci, Barriers: 1, Oops: 1, ImmediateOops: 0, NonImmediateOops: No
[2,211s][debug][gc,nmethod     ] Register NMethod: java.util.Arrays$ArrayItr.next (0x00007ab2a6cecf88) [0x00007ab2a6ced080, 0x00007ab2a6ced1d0] Compiler: jvmci, Barriers: 2, Oops: 0, ImmediateOops: 0, NonImmediateOops: No
[2,211s][debug][gc,nmethod     ] Register NMethod: java.util.concurrent.ForkJoinPool.runWorker (0x00007ab287c96c88) [0x00007ab287c96d80, 0x00007ab287c98d98] Compiler: c1, Barriers: 13, Oops: 1, ImmediateOops: 1, NonImmediateOops: No
[2,211s][debug][gc,nmethod     ] Register NMethod: com.google.common.collect.testing.AbstractIteratorTester$PermittedMetaException.assertPermitted (0x00007ab287c98e08) [0x00007ab287c98f00, 0x00007ab287c9b9a8] Compiler: c1, Barriers: 4, Oops: 3, ImmediateOops: 6, NonImmediateOops: No
[2,211s][debug][gc,nmethod     ] Register NMethod: kotlinx.coroutines.CoroutineContextKt.hasCopyableElements (0x00007ab287c9ba08) [0x00007ab287c9bb00, 0x00007ab287c9c248] Compiler: c1, Barriers: 0, Oops: 1, ImmediateOops: 2, NonImmediateOops: No
[2,211s][debug][gc,nmethod     ] Register NMethod: java.nio.Buffer.<init> (0x00007ab2a6ced288) [0x00007ab2a6ced380, 0x00007ab2a6ced6c8] Compiler: jvmci, Barriers: 3, Oops: 0, ImmediateOops: 0, NonImmediateOops: No
[2,211s][debug][gc,nmethod     ] Register NMethod: kotlinx.coroutines.EventLoop_commonKt.access$getCLOSED_EMPTY$p (0x00007ab287c9c288) [0x00007ab287c9c380, 0x00007ab287c9c468] Compiler: c1, Barriers: 0, Oops: 1, ImmediateOops: 1, NonImmediateOops: No
[2,213s][debug][gc,nmethod     ] Register NMethod: java.util.concurrent.atomic.AtomicLongFieldUpdater$CASUpdater.addAndGet (0x00007ab287c9c588) [0x00007ab287c9c680, 0x00007ab287c9c988] Compiler: c1, Barriers: 0, Oops: 0, ImmediateOops: 0, NonImmediateOops: No
[2,213s][debug][gc,nmethod     ] Register NMethod: java.util.concurrent.ForkJoinPool.deactivate (0x00007ab287c9ca08) [0x00007ab287c9cb00, 0x00007ab287c9d5a8] Compiler: c1, Barriers: 4, Oops: 0, ImmediateOops: 0, NonImmediateOops: No
[2,213s][debug][gc,nmethod     ] Register NMethod: kotlin.coroutines.CoroutineContext$Element$DefaultImpls.minusKey (0x00007ab287c9d608) [0x00007ab287c9d700, 0x00007ab287c9e6f0] Compiler: c1, Barriers: 1, Oops: 3, ImmediateOops: 4, NonImmediateOops: No
[2,213s][debug][gc,nmethod     ] Register NMethod: kotlin.coroutines.AbstractCoroutineContextElement.minusKey (0x00007ab287c9e788) [0x00007ab287c9e880, 0x00007ab287c9f6c0] Compiler: c1, Barriers: 1, Oops: 3, ImmediateOops: 4, NonImmediateOops: No
[2,214s][debug][gc,director    ] Rule Major: Warmup 10%, Used: 308MB, UsedThreshold: 1228MB
[2,214s][debug][gc,nmethod     ] Register NMethod: kotlinx.coroutines.scheduling.CoroutineScheduler$Worker.findTask (0x00007ab287c9f708) [0x00007ab287c9f800, 0x00007ab287c9fa00] Compiler: c1, Barriers: 0, Oops: 1, ImmediateOops: 0, NonImmediateOops: No
[2,214s][debug][gc,nmethod     ] Register NMethod: kotlinx.coroutines.scheduling.CoroutineScheduler$Worker.pollGlobalQueues (0x00007ab287c9fa88) [0x00007ab287c9fb80, 0x00007ab287ca1140] Compiler: c1, Barriers: 8, Oops: 1, ImmediateOops: 0, NonImmediateOops: No
[2,214s][debug][gc,nmethod     ] Register NMethod: kotlinx.coroutines.Empty.isActive (0x00007ab2a6ced708) [0x00007ab2a6ced800, 0x00007ab2a6ced8c0] Compiler: c1, Barriers: 0, Oops: 1, ImmediateOops: 0, NonImmediateOops: No
[2,214s][debug][gc,nmethod     ] Register NMethod: kotlinx.coroutines.scheduling.CoroutineScheduler$Worker.findAnyTask (0x00007ab287ca1188) [0x00007ab287ca1280, 0x00007ab287ca1e08] Compiler: c1, Barriers: 2, Oops: 1, ImmediateOops: 1, NonImmediateOops: No
[2,214s][debug][gc,nmethod     ] Register NMethod: kotlinx.coroutines.scheduling.CoroutineScheduler$Worker.tryAcquireCpuPermit (0x00007ab287ca1e88) [0x00007ab287ca1f80, 0x00007ab287ca27d0] Compiler: c1, Barriers: 5, Oops: 2, ImmediateOops: 7, NonImmediateOops: No
[2,214s][debug][gc,nmethod     ] Register NMethod: kotlinx.coroutines.CoroutineDispatcher.isDispatchNeeded (0x00007ab2a6ceda08) [0x00007ab2a6cedb00, 0x00007ab2a6cedbc0] Compiler: c1, Barriers: 0, Oops: 1, ImmediateOops: 0, NonImmediateOops: No
[2,214s][debug][gc,nmethod     ] Register NMethod: kotlin.coroutines.AbstractCoroutineContextElement.<init> (0x00007ab287ca2808) [0x00007ab287ca2900, 0x00007ab287ca3248] Compiler: c1, Barriers: 4, Oops: 3, ImmediateOops: 3, NonImmediateOops: No
[2,215s][debug][gc,nmethod     ] Register NMethod: kotlinx.coroutines.CompletionStateKt.toState (0x00007ab287ca3288) [0x00007ab287ca3380, 0x00007ab287ca3b40] Compiler: c1, Barriers: 1, Oops: 1, ImmediateOops: 0, NonImmediateOops: No
[2,216s][debug][gc,nmethod     ] Register NMethod: kotlinx.coroutines.CoroutineContextKt$hasCopyableElements$1.invoke (0x00007ab287ca3b88) [0x00007ab287ca3c80, 0x00007ab287ca40e0] Compiler: c1, Barriers: 0, Oops: 1, ImmediateOops: 2, NonImmediateOops: No
[2,216s][debug][gc,nmethod     ] Register NMethod: kotlinx.coroutines.CoroutineContextKt$hasCopyableElements$1.invoke (0x00007ab287ca4108) [0x00007ab287ca4200, 0x00007ab287ca4e78] Compiler: c1, Barriers: 0, Oops: 1, ImmediateOops: 2, NonImmediateOops: No
[2,216s][debug][gc,nmethod     ] Register NMethod: java.lang.Thread.blockedOn (0x00007ab2a6cedd08) [0x00007ab2a6cede00, 0x00007ab2a6cee0c0] Compiler: jvmci, Barriers: 4, Oops: 0, ImmediateOops: 0, NonImmediateOops: No
[2,216s][debug][gc,nmethod     ] Register NMethod: java.util.concurrent.ConcurrentHashMap.addCount (0x00007ab2a6cee108) [0x00007ab2a6cee200, 0x00007ab2a6cee5f8] Compiler: jvmci, Barriers: 4, Oops: 0, ImmediateOops: 0, NonImmediateOops: No
[2,216s][debug][gc,nmethod     ] Register NMethod: java.util.ArrayList.iterator (0x00007ab2a6cee608) [0x00007ab2a6cee700, 0x00007ab2a6cee840] Compiler: jvmci, Barriers: 2, Oops: 0, ImmediateOops: 0, NonImmediateOops: No
[2,217s][debug][gc,nmethod     ] Register NMethod: kotlinx.coroutines.internal.LockFreeTaskQueueCore$Companion.wo (0x00007ab287ca4e88) [0x00007ab287ca4f80, 0x00007ab287ca5090] Compiler: c1, Barriers: 0, Oops: 1, ImmediateOops: 0, NonImmediateOops: No
[2,217s][debug][gc,nmethod     ] Register NMethod: kotlinx.coroutines.DebugKt.getASSERTIONS_ENABLED (0x00007ab2a6cee908) [0x00007ab2a6ceea00, 0x00007ab2a6ceea68] Compiler: jvmci, Barriers: 0, Oops: 1, ImmediateOops: 0, NonImmediateOops: No
[2,217s][debug][gc,nmethod     ] Register NMethod: kotlinx.coroutines.UndispatchedMarker.getKey (0x00007ab287ca5188) [0x00007ab287ca5280, 0x00007ab287ca5380] Compiler: c1, Barriers: 0, Oops: 1, ImmediateOops: 0, NonImmediateOops: No
[2,217s][debug][gc,nmethod     ] Register NMethod: kotlinx.coroutines.CoroutineName.getName (0x00007ab2a6ceec08) [0x00007ab2a6ceed00, 0x00007ab2a6ceede8] Compiler: c1, Barriers: 1, Oops: 1, ImmediateOops: 0, NonImmediateOops: No
[2,218s][debug][gc,nmethod     ] Register NMethod: kotlinx.coroutines.scheduling.CoroutineScheduler$Worker.tryPark (0x00007ab287ca5488) [0x00007ab287ca5580, 0x00007ab287ca6b08] Compiler: c1, Barriers: 6, Oops: 3, ImmediateOops: 11, NonImmediateOops: No
[2,218s][debug][gc,nmethod     ] Register NMethod: io.sirix.axis.AbstractAxis.<init> (0x00007ab287ca6b88) [0x00007ab287ca6c80, 0x00007ab287ca7808] Compiler: c1, Barriers: 9, Oops: 1, ImmediateOops: 1, NonImmediateOops: No
[2,219s][debug][gc,nmethod     ] Register NMethod: io.sirix.axis.AbstractAxis.nextLong (0x00007ab287b71208) [0x00007ab287b71300, 0x00007ab287b71d80] Compiler: c1, Barriers: 5, Oops: 1, ImmediateOops: 1, NonImmediateOops: No
[2,219s][debug][gc,nmethod     ] Register NMethod: java.util.concurrent.atomic.AtomicIntegerFieldUpdater$AtomicIntegerFieldUpdaterImpl.getAndAdd (0x00007ab287ca7888) [0x00007ab287ca7980, 0x00007ab287ca7d98] Compiler: c1, Barriers: 1, Oops: 0, ImmediateOops: 0, NonImmediateOops: No
[2,219s][debug][gc,nmethod     ] Register NMethod: kotlinx.coroutines.JobSupportKt.access$getCOMPLETING_ALREADY$p (0x00007ab287ca7e08) [0x00007ab287ca7f00, 0x00007ab287ca7fe8] Compiler: c1, Barriers: 0, Oops: 1, ImmediateOops: 1, NonImmediateOops: No
[2,220s][debug][gc,nmethod     ] Register NMethod: org.magicwerk.brownies.collections.GapList.doEnsureCapacity (0x00007ab2a6ceef08) [0x00007ab2a6cef000, 0x00007ab2a6cef108] Compiler: jvmci, Barriers: 1, Oops: 1, ImmediateOops: 0, NonImmediateOops: No
[2,220s][debug][gc,nmethod     ] Register NMethod: kotlinx.coroutines.scheduling.Task.<init> (0x00007ab287ca8108) [0x00007ab287ca8200, 0x00007ab287ca83d8] Compiler: c1, Barriers: 3, Oops: 1, ImmediateOops: 0, NonImmediateOops: No
[2,220s][debug][gc,nmethod     ] Register NMethod: kotlinx.coroutines.CoroutineId.updateThreadContext (0x00007ab287ca8408) [0x00007ab287ca8500, 0x00007ab287ca87f8] Compiler: c1, Barriers: 0, Oops: 1, ImmediateOops: 0, NonImmediateOops: No
[2,220s][debug][gc,nmethod     ] Register NMethod: kotlinx.coroutines.JobSupportKt.access$getEMPTY_ACTIVE$p (0x00007ab287ca8808) [0x00007ab287ca8900, 0x00007ab287ca89e8] Compiler: c1, Barriers: 0, Oops: 1, ImmediateOops: 1, NonImmediateOops: No
[2,220s][debug][gc,nmethod     ] Register NMethod: java.lang.StringBuilder.append (0x00007ab287ca8b08) [0x00007ab287ca8c00, 0x00007ab287ca8d48] Compiler: c1, Barriers: 0, Oops: 0, ImmediateOops: 0, NonImmediateOops: No
[2,220s][debug][gc,nmethod     ] Register NMethod: java.nio.ByteBuffer.<init> (0x00007ab2a6cef208) [0x00007ab2a6cef300, 0x00007ab2a6cef650] Compiler: jvmci, Barriers: 6, Oops: 0, ImmediateOops: 0, NonImmediateOops: No
[2,220s][debug][gc,nmethod     ] Register NMethod: kotlin.text.StringsKt__StringsKt.getLastIndex (0x00007ab287ca8e08) [0x00007ab287ca8f00, 0x00007ab287ca9958] Compiler: c1, Barriers: 1, Oops: 3, ImmediateOops: 3, NonImmediateOops: No
[2,221s][debug][gc,nmethod     ] Register NMethod: java.lang.AbstractStringBuilder.append (0x00007ab287ca9988) [0x00007ab287ca9a80, 0x00007ab287ca9e60] Compiler: c1, Barriers: 4, Oops: 0, ImmediateOops: 0, NonImmediateOops: No
[2,221s][debug][gc,nmethod     ] Register NMethod: kotlin.text.StringsKt__StringsKt.lastIndexOf$default (0x00007ab287ca9e88) [0x00007ab287ca9f80, 0x00007ab287caab50] Compiler: c1, Barriers: 1, Oops: 3, ImmediateOops: 3, NonImmediateOops: No
[2,221s][debug][gc,nmethod     ] Register NMethod: kotlinx.coroutines.scheduling.TaskContextImpl.afterTask (0x00007ab287caab88) [0x00007ab287caac80, 0x00007ab287caad80] Compiler: c1, Barriers: 0, Oops: 1, ImmediateOops: 0, NonImmediateOops: No
[2,221s][debug][gc,nmethod     ] Register NMethod: kotlin.text.StringsKt__StringsKt.lastIndexOf (0x00007ab287caae88) [0x00007ab287caaf80, 0x00007ab287cac638] Compiler: c1, Barriers: 2, Oops: 4, ImmediateOops: 6, NonImmediateOops: No
[2,221s][debug][gc,nmethod     ] Register NMethod: kotlinx.coroutines.internal.ThreadContextKt.updateThreadContext (0x00007ab287cac688) [0x00007ab287cac780, 0x00007ab287cae8a8] Compiler: c1, Barriers: 2, Oops: 3, ImmediateOops: 9, NonImmediateOops: No
[2,221s][debug][gc,nmethod     ] Register NMethod: kotlinx.coroutines.CoroutineId.restoreThreadContext (0x00007ab287cae908) [0x00007ab287caea00, 0x00007ab287caf160] Compiler: c1, Barriers: 1, Oops: 1, ImmediateOops: 0, NonImmediateOops: No
[2,221s][debug][gc,nmethod     ] Register NMethod: kotlinx.coroutines.CoroutineId.restoreThreadContext (0x00007ab287caf188) [0x00007ab287caf280, 0x00007ab287caf5c8] Compiler: c1, Barriers: 1, Oops: 1, ImmediateOops: 0, NonImmediateOops: No
[2,221s][debug][gc,nmethod     ] Register NMethod: kotlinx.coroutines.JobSupport.<init> (0x00007ab287caf608) [0x00007ab287caf700, 0x00007ab287caf9e0] Compiler: c1, Barriers: 3, Oops: 1, ImmediateOops: 2, NonImmediateOops: No
[2,221s][debug][gc,nmethod     ] Register NMethod: kotlinx.coroutines.AbstractCoroutine.<init> (0x00007ab287cafa08) [0x00007ab287cafb00, 0x00007ab287cb0738] Compiler: c1, Barriers: 6, Oops: 1, ImmediateOops: 3, NonImmediateOops: No
[2,221s][debug][gc,nmethod     ] Register NMethod: kotlinx.coroutines.internal.ThreadContextKt.restoreThreadContext (0x00007ab287cb0788) [0x00007ab287cb0880, 0x00007ab287cb22e0] Compiler: c1, Barriers: 2, Oops: 3, ImmediateOops: 5, NonImmediateOops: No
[2,221s][debug][gc,nmethod     ] Register NMethod: kotlinx.coroutines.CoroutineId.updateThreadContext (0x00007ab287cb2308) [0x00007ab287cb2400, 0x00007ab287cb5a20] Compiler: c1, Barriers: 7, Oops: 4, ImmediateOops: 10, NonImmediateOops: No
[2,221s][debug][gc,nmethod     ] Register NMethod: kotlinx.coroutines.JobSupport.fold (0x00007ab287cb5a88) [0x00007ab287cb5b80, 0x00007ab287cb66e8] Compiler: c1, Barriers: 1, Oops: 3, ImmediateOops: 3, NonImmediateOops: No
[2,221s][debug][gc,nmethod     ] Register NMethod: kotlinx.coroutines.JobSupport.initParentJob (0x00007ab287cb6708) [0x00007ab287cb6800, 0x00007ab287cb86a8] Compiler: c1, Barriers: 1, Oops: 3, ImmediateOops: 8, NonImmediateOops: No
[2,222s][debug][gc,nmethod     ] Register NMethod: kotlinx.coroutines.JobSupport.tryMakeCompleting (0x00007ab287cb8708) [0x00007ab287cb8800, 0x00007ab287cb9a18] Compiler: c1, Barriers: 0, Oops: 1, ImmediateOops: 2, NonImmediateOops: No
[2,222s][debug][gc,nmethod     ] Register NMethod: kotlinx.coroutines.Job$DefaultImpls.fold (0x00007ab287cb9a88) [0x00007ab287cb9b80, 0x00007ab287cba898] Compiler: c1, Barriers: 1, Oops: 3, ImmediateOops: 3, NonImmediateOops: No
[2,222s][debug][gc,nmethod     ] Register NMethod: kotlinx.coroutines.JobSupport.onCancelling (0x00007ab287cba908) [0x00007ab287cbaa00, 0x00007ab287cbab00] Compiler: c1, Barriers: 0, Oops: 1, ImmediateOops: 0, NonImmediateOops: No
[2,222s][debug][gc,nmethod     ] Register NMethod: kotlinx.coroutines.JobSupportKt.boxIncomplete (0x00007ab287cbac08) [0x00007ab287cbad00, 0x00007ab287cbb330] Compiler: c1, Barriers: 0, Oops: 1, ImmediateOops: 0, NonImmediateOops: No
[2,222s][debug][gc,nmethod     ] Register NMethod: kotlinx.coroutines.AbstractCoroutine.onCompleted (0x00007ab287cbb388) [0x00007ab287cbb480, 0x00007ab287cbb580] Compiler: c1, Barriers: 0, Oops: 1, ImmediateOops: 0, NonImmediateOops: No
[2,222s][debug][gc,nmethod     ] Register NMethod: kotlinx.coroutines.JobSupport.tryFinalizeSimpleState (0x00007ab287cbb688) [0x00007ab287cbb780, 0x00007ab287cbccd0] Compiler: c1, Barriers: 0, Oops: 2, ImmediateOops: 1, NonImmediateOops: No
[2,222s][debug][gc,nmethod     ] Register NMethod: kotlinx.coroutines.AbstractCoroutine.onCompletionInternal (0x00007ab287cbcd08) [0x00007ab287cbce00, 0x00007ab287cbdbe0] Compiler: c1, Barriers: 1, Oops: 1, ImmediateOops: 0, NonImmediateOops: No
[2,222s][debug][gc,nmethod     ] Register NMethod: kotlinx.coroutines.NonDisposableHandle.dispose (0x00007ab287cbdc08) [0x00007ab287cbdd00, 0x00007ab287cbde00] Compiler: c1, Barriers: 0, Oops: 1, ImmediateOops: 0, NonImmediateOops: No
[2,222s][debug][gc,nmethod     ] Register NMethod: kotlinx.coroutines.JobSupportKt.access$getCOMPLETING_RETRY$p (0x00007ab287cbdf08) [0x00007ab287cbe000, 0x00007ab287cbe0e8] Compiler: c1, Barriers: 0, Oops: 1, ImmediateOops: 1, NonImmediateOops: No
[2,222s][debug][gc,nmethod     ] Register NMethod: java.util.concurrent.atomic.AtomicIntegerFieldUpdater$AtomicIntegerFieldUpdaterImpl.incrementAndGet (0x00007ab287cbe208) [0x00007ab287cbe300, 0x00007ab287cbe5f8] Compiler: c1, Barriers: 0, Oops: 0, ImmediateOops: 0, NonImmediateOops: No
[2,222s][debug][gc,nmethod     ] Register NMethod: kotlinx.coroutines.JobSupport.makeCompletingOnce$kotlinx_coroutines_core (0x00007ab287cbe608) [0x00007ab287cbe700, 0x00007ab287cc0b28] Compiler: c1, Barriers: 1, Oops: 3, ImmediateOops: 6, NonImmediateOops: No
[2,222s][debug][gc,nmethod     ] Register NMethod: java.util.UUID.parse4Nibbles (0x00007ab2a6cef688) [0x00007ab2a6cef780, 0x00007ab2a6cefa58] Compiler: jvmci, Barriers: 1, Oops: 0, ImmediateOops: 1, NonImmediateOops: No
[2,222s][debug][gc,nmethod     ] Register NMethod: kotlinx.coroutines.scheduling.CoroutineScheduler$Worker.trySteal (0x00007ab287cc0b88) [0x00007ab287cc0c80, 0x00007ab287cc37b8] Compiler: c1, Barriers: 13, Oops: 9, ImmediateOops: 12, NonImmediateOops: No
[2,222s][debug][gc,nmethod     ] Register NMethod: kotlinx.coroutines.UndispatchedMarker.get (0x00007ab287cc3808) [0x00007ab287cc3900, 0x00007ab287cc45e0] Compiler: c1, Barriers: 1, Oops: 4, ImmediateOops: 3, NonImmediateOops: No
[2,223s][debug][gc,nmethod     ] Register NMethod: java.nio.MappedByteBuffer.position (0x00007ab2a6cefa88) [0x00007ab2a6cefb80, 0x00007ab2a6cefc60] Compiler: jvmci, Barriers: 0, Oops: 0, ImmediateOops: 0, NonImmediateOops: No
[2,223s][debug][gc,nmethod     ] Register NMethod: kotlinx.coroutines.JobSupport.completeStateFinalization (0x00007ab287cc4608) [0x00007ab287cc4700, 0x00007ab287cc8c78] Compiler: c1, Barriers: 4, Oops: 5, ImmediateOops: 10, NonImmediateOops: No
[2,224s][debug][gc,nmethod     ] Register NMethod: kotlinx.coroutines.channels.ChannelSegment.getNumberOfSlots (0x00007ab287cc8d08) [0x00007ab287cc8e00, 0x00007ab287cc8f08] Compiler: c1, Barriers: 0, Oops: 1, ImmediateOops: 0, NonImmediateOops: No
[2,224s][debug][gc,nmethod     ] Register NMethod: kotlinx.coroutines.internal.Segment.onSlotCleaned (0x00007ab287cc9008) [0x00007ab287cc9100, 0x00007ab287cc96e8] Compiler: c1, Barriers: 0, Oops: 2, ImmediateOops: 1, NonImmediateOops: No
[2,224s][debug][gc,director    ] Rule Major: Warmup 10%, Used: 312MB, UsedThreshold: 1228MB
[2,224s][debug][gc,nmethod     ] Register NMethod: kotlinx.coroutines.BlockingEventLoop.getThread (0x00007ab2a6cefd88) [0x00007ab2a6cefe80, 0x00007ab2a6ceff68] Compiler: c1, Barriers: 1, Oops: 1, ImmediateOops: 0, NonImmediateOops: No
[2,224s][debug][gc,nmethod     ] Register NMethod: java.lang.Long.hashCode (0x00007ab2a6cf0088) [0x00007ab2a6cf0180, 0x00007ab2a6cf0218] Compiler: jvmci, Barriers: 0, Oops: 0, ImmediateOops: 0, NonImmediateOops: No
[2,224s][debug][gc,nmethod     ] Register NMethod: kotlinx.coroutines.EventLoop.processUnconfinedEvent (0x00007ab287cc9708) [0x00007ab287cc9800, 0x00007ab287cc9e18] Compiler: c1, Barriers: 1, Oops: 1, ImmediateOops: 0, NonImmediateOops: No
[2,225s][debug][gc,nmethod     ] Register NMethod: kotlinx.coroutines.EventLoopImplBase.isCompleted (0x00007ab287cc9e88) [0x00007ab287cc9f80, 0x00007ab287cca430] Compiler: c1, Barriers: 0, Oops: 2, ImmediateOops: 3, NonImmediateOops: No
[2,225s][debug][gc,nmethod     ] Register NMethod: kotlinx.coroutines.CoroutineDispatcher.minusKey (0x00007ab287cca488) [0x00007ab287cca580, 0x00007ab287cca6b0] Compiler: c1, Barriers: 0, Oops: 1, ImmediateOops: 0, NonImmediateOops: No
[2,225s][debug][gc,nmethod     ] Register NMethod: kotlinx.coroutines.EventLoopImplBase.processNextEvent (0x00007ab287cca788) [0x00007ab287cca880, 0x00007ab287ccca58] Compiler: c1, Barriers: 3, Oops: 2, ImmediateOops: 4, NonImmediateOops: No
[2,225s][debug][gc,nmethod     ] Register NMethod: java.util.concurrent.atomic.AtomicIntegerFieldUpdater$AtomicIntegerFieldUpdaterImpl.set (0x00007ab287ccca88) [0x00007ab287cccb80, 0x00007ab287cccf98] Compiler: c1, Barriers: 1, Oops: 0, ImmediateOops: 0, NonImmediateOops: No
[2,225s][debug][gc,nmethod     ] Register NMethod: kotlin.coroutines.EmptyCoroutineContext.plus (0x00007ab287ccd008) [0x00007ab287ccd100, 0x00007ab287ccd970] Compiler: c1, Barriers: 1, Oops: 3, ImmediateOops: 3, NonImmediateOops: No
[2,225s][debug][gc,nmethod     ] Register NMethod: kotlinx.coroutines.EventLoopImplBase.dequeue (0x00007ab287ccda08) [0x00007ab287ccdb00, 0x00007ab287ccfff8] Compiler: c1, Barriers: 3, Oops: 5, ImmediateOops: 13, NonImmediateOops: No
[2,225s][debug][gc,nmethod     ] Register NMethod: kotlinx.coroutines.EventLoop.delta (0x00007ab287cd0088) [0x00007ab287cd0180, 0x00007ab287cd02f0] Compiler: c1, Barriers: 0, Oops: 1, ImmediateOops: 0, NonImmediateOops: No
[2,225s][debug][gc,nmethod     ] Register NMethod: kotlinx.coroutines.DispatchedTaskKt.isCancellableMode (0x00007ab287cd0388) [0x00007ab287cd0480, 0x00007ab287cd05d8] Compiler: c1, Barriers: 0, Oops: 1, ImmediateOops: 0, NonImmediateOops: No
[2,225s][debug][gc,nmethod     ] Register NMethod: kotlinx.coroutines.channels.BufferedChannelKt.getCHANNEL_CLOSED (0x00007ab287cd0688) [0x00007ab287cd0780, 0x00007ab287cd0868] Compiler: c1, Barriers: 0, Oops: 1, ImmediateOops: 1, NonImmediateOops: No
[2,225s][debug][gc,nmethod     ] Register NMethod: kotlinx.coroutines.scheduling.CoroutineScheduler$Worker.tryReleaseCpu (0x00007ab287cd0988) [0x00007ab287cd0a80, 0x00007ab287cd1038] Compiler: c1, Barriers: 5, Oops: 2, ImmediateOops: 2, NonImmediateOops: No
[2,226s][debug][gc,nmethod     ] Register NMethod: kotlin.coroutines.ContinuationInterceptor$DefaultImpls.minusKey (0x00007ab287cd1088) [0x00007ab287cd1180, 0x00007ab287cd4210] Compiler: c1, Barriers: 6, Oops: 4, ImmediateOops: 12, NonImmediateOops: No
[2,226s][debug][gc,nmethod     ] Register NMethod: kotlinx.coroutines.DebugKt.getDEBUG (0x00007ab287cd4288) [0x00007ab287cd4380, 0x00007ab287cd4468] Compiler: c1, Barriers: 0, Oops: 1, ImmediateOops: 0, NonImmediateOops: No
[2,226s][debug][gc,nmethod     ] Register NMethod: kotlinx.coroutines.scheduling.Task.<init> (0x00007ab287cd4588) [0x00007ab287cd4680, 0x00007ab287cd48c8] Compiler: c1, Barriers: 3, Oops: 2, ImmediateOops: 1, NonImmediateOops: No
[2,226s][debug][gc,nmethod     ] Register NMethod: kotlinx.coroutines.AbstractCoroutine.isActive (0x00007ab287cd4908) [0x00007ab287cd4a00, 0x00007ab287cd5408] Compiler: c1, Barriers: 0, Oops: 1, ImmediateOops: 0, NonImmediateOops: No
[2,226s][debug][gc,nmethod     ] Register NMethod: kotlinx.coroutines.DispatchedTask.<init> (0x00007ab287cd5488) [0x00007ab287cd5580, 0x00007ab287cd5828] Compiler: c1, Barriers: 3, Oops: 2, ImmediateOops: 1, NonImmediateOops: No
[2,226s][debug][gc,nmethod     ] Register NMethod: org.magicwerk.brownies.collections.GapList.doAdd (0x00007ab2a6cf0388) [0x00007ab2a6cf0480, 0x00007ab2a6cf0e08] Compiler: jvmci, Barriers: 14, Oops: 1, ImmediateOops: 0, NonImmediateOops: No
[2,226s][debug][gc,nmethod     ] Register NMethod: kotlin.coroutines.intrinsics.IntrinsicsKt__IntrinsicsJvmKt.intercepted (0x00007ab287cd5888) [0x00007ab287cd5980, 0x00007ab287cd6878] Compiler: c1, Barriers: 1, Oops: 3, ImmediateOops: 3, NonImmediateOops: No
[2,226s][debug][gc,nmethod     ] Register NMethod: kotlinx.coroutines.DispatchedTask.getExceptionalResult$kotlinx_coroutines_core (0x00007ab287cd6908) [0x00007ab287cd6a00, 0x00007ab287cd6fd8] Compiler: c1, Barriers: 1, Oops: 1, ImmediateOops: 0, NonImmediateOops: No
[2,226s][debug][gc,nmethod     ] Register NMethod: kotlinx.coroutines.JobSupport.isActive (0x00007ab287cd7008) [0x00007ab287cd7100, 0x00007ab287cd7ab0] Compiler: c1, Barriers: 0, Oops: 1, ImmediateOops: 0, NonImmediateOops: No
[2,226s][debug][gc,nmethod     ] Register NMethod: kotlinx.coroutines.CoroutineContextKt.updateUndispatchedCompletion (0x00007ab287cd7b08) [0x00007ab287cd7c00, 0x00007ab287cd8968] Compiler: c1, Barriers: 1, Oops: 1, ImmediateOops: 1, NonImmediateOops: No
[2,227s][debug][gc,nmethod     ] Register NMethod: kotlin.coroutines.jvm.internal.ContinuationImpl.intercepted (0x00007ab287cd8988) [0x00007ab287cd8a80, 0x00007ab287cd9d80] Compiler: c1, Barriers: 6, Oops: 2, ImmediateOops: 3, NonImmediateOops: No
[2,227s][debug][gc,nmethod     ] Register NMethod: kotlin.coroutines.jvm.internal.DebugProbesKt.probeCoroutineResumed (0x00007ab287cd9e08) [0x00007ab287cd9f00, 0x00007ab287cda740] Compiler: c1, Barriers: 1, Oops: 3, ImmediateOops: 3, NonImmediateOops: No
[2,227s][debug][gc,nmethod     ] Register NMethod: kotlin.coroutines.EmptyCoroutineContext.fold (0x00007ab287cda788) [0x00007ab287cda880, 0x00007ab287cdb0f0] Compiler: c1, Barriers: 1, Oops: 3, ImmediateOops: 3, NonImmediateOops: No
[2,227s][debug][gc,nmethod     ] Register NMethod: kotlinx.coroutines.CoroutineContextKt.newCoroutineContext (0x00007ab287cdb188) [0x00007ab287cdb280, 0x00007ab287cdc290] Compiler: c1, Barriers: 3, Oops: 3, ImmediateOops: 6, NonImmediateOops: No
[2,227s][debug][gc,nmethod     ] Register NMethod: kotlinx.coroutines.CoroutineContextKt.foldCopies (0x00007ab287cdc308) [0x00007ab287cdc400, 0x00007ab287cde9f8] Compiler: c1, Barriers: 9, Oops: 2, ImmediateOops: 6, NonImmediateOops: No
[2,227s][debug][gc,nmethod     ] Register NMethod: kotlinx.coroutines.DebugKt.getCOROUTINE_ID (0x00007ab287cdea88) [0x00007ab287cdeb80, 0x00007ab287cdec68] Compiler: c1, Barriers: 0, Oops: 1, ImmediateOops: 1, NonImmediateOops: No
[2,227s][debug][gc,nmethod     ] Register NMethod: kotlinx.coroutines.DispatchedTask.handleFatalException$kotlinx_coroutines_core (0x00007ab287cded88) [0x00007ab287cdee80, 0x00007ab287ce1158] Compiler: c1, Barriers: 1, Oops: 4, ImmediateOops: 5, NonImmediateOops: No
[2,227s][debug][gc,nmethod     ] Register NMethod: kotlinx.coroutines.CoroutineId.<init> (0x00007ab287ce1188) [0x00007ab287ce1280, 0x00007ab287ce1538] Compiler: c1, Barriers: 3, Oops: 3, ImmediateOops: 2, NonImmediateOops: No
[2,227s][debug][gc,nmethod     ] Register NMethod: kotlin.coroutines.jvm.internal.BaseContinuationImpl.resumeWith (0x00007ab287ce1588) [0x00007ab287ce1680, 0x00007ab287ce3db0] Compiler: c1, Barriers: 4, Oops: 4, ImmediateOops: 9, NonImmediateOops: No
[2,227s][debug][gc,nmethod     ] Register NMethod: kotlinx.coroutines.Dispatchers.getDefault (0x00007ab287ce3e08) [0x00007ab287ce3f00, 0x00007ab287ce3fe8] Compiler: c1, Barriers: 0, Oops: 1, ImmediateOops: 1, NonImmediateOops: No
[2,227s][debug][gc,nmethod     ] Register NMethod: kotlinx.coroutines.AbstractCoroutine.start (0x00007ab287ce4108) [0x00007ab287ce4200, 0x00007ab287ce4508] Compiler: c1, Barriers: 0, Oops: 1, ImmediateOops: 0, NonImmediateOops: No
[2,227s][debug][gc,nmethod     ] Register NMethod: kotlin.coroutines.AbstractCoroutineContextElement.plus (0x00007ab287ce4588) [0x00007ab287ce4680, 0x00007ab287ce4fa0] Compiler: c1, Barriers: 1, Oops: 3, ImmediateOops: 3, NonImmediateOops: No
[2,228s][debug][gc,nmethod     ] Register NMethod: kotlin.coroutines.CoroutineContext$Element$DefaultImpls.plus (0x00007ab287ce5008) [0x00007ab287ce5100, 0x00007ab287ce6878] Compiler: c1, Barriers: 2, Oops: 4, ImmediateOops: 8, NonImmediateOops: No
[2,228s][debug][gc,nmethod     ] Register NMethod: kotlinx.coroutines.intrinsics.CancellableKt.startCoroutineCancellable$default (0x00007ab287ce6908) [0x00007ab287ce6a00, 0x00007ab287ce6b50] Compiler: c1, Barriers: 0, Oops: 1, ImmediateOops: 0, NonImmediateOops: No
[2,228s][debug][gc,nmethod     ] Register NMethod: kotlinx.coroutines.CoroutineStart.invoke (0x00007ab287ce6c08) [0x00007ab287ce6d00, 0x00007ab287ce7318] Compiler: c1, Barriers: 0, Oops: 1, ImmediateOops: 1, NonImmediateOops: No
[2,228s][debug][gc,nmethod     ] Register NMethod: kotlinx.coroutines.internal.DispatchedContinuation.takeState$kotlinx_coroutines_core (0x00007ab287ce7388) [0x00007ab287ce7480, 0x00007ab287ce78b0] Compiler: c1, Barriers: 4, Oops: 1, ImmediateOops: 3, NonImmediateOops: No
[2,228s][debug][gc,nmethod     ] Register NMethod: kotlin.coroutines.jvm.internal.DebugProbesKt.probeCoroutineCreated (0x00007ab287ce7908) [0x00007ab287ce7a00, 0x00007ab287ce8250] Compiler: c1, Barriers: 1, Oops: 3, ImmediateOops: 3, NonImmediateOops: No
[2,228s][debug][gc,nmethod     ] Register NMethod: kotlinx.coroutines.internal.DispatchedContinuation.getDelegate$kotlinx_coroutines_core (0x00007ab287ce8288) [0x00007ab287ce8380, 0x00007ab287ce8480] Compiler: c1, Barriers: 0, Oops: 1, ImmediateOops: 0, NonImmediateOops: No
[2,228s][debug][gc,nmethod     ] Register NMethod: kotlinx.coroutines.DispatchedTask.getSuccessfulResult$kotlinx_coroutines_core (0x00007ab287ce8588) [0x00007ab287ce8680, 0x00007ab287ce8780] Compiler: c1, Barriers: 0, Oops: 1, ImmediateOops: 0, NonImmediateOops: No
[2,228s][debug][gc,nmethod     ] Register NMethod: java.util.concurrent.locks.LockSupport.unpark (0x00007ab287ce8888) [0x00007ab287ce8980, 0x00007ab287ce98a8] Compiler: c1, Barriers: 0, Oops: 0, ImmediateOops: 2, NonImmediateOops: No
[2,228s][debug][gc,nmethod     ] Register NMethod: kotlin.coroutines.intrinsics.IntrinsicsKt__IntrinsicsJvmKt.createCoroutineUnintercepted (0x00007ab287ce9908) [0x00007ab287ce9a00, 0x00007ab287cebf78] Compiler: c1, Barriers: 3, Oops: 4, ImmediateOops: 10, NonImmediateOops: No
[2,228s][debug][gc,nmethod     ] Register NMethod: kotlinx.coroutines.intrinsics.CancellableKt.startCoroutineCancellable (0x00007ab287cec008) [0x00007ab287cec100, 0x00007ab287cedcc0] Compiler: c1, Barriers: 2, Oops: 5, ImmediateOops: 7, NonImmediateOops: No
[2,229s][debug][gc,nmethod     ] Register NMethod: kotlinx.coroutines.internal.DispatchedContinuation.awaitReusability$kotlinx_coroutines_core (0x00007ab287cedd08) [0x00007ab287cede00, 0x00007ab287cee318] Compiler: c1, Barriers: 1, Oops: 2, ImmediateOops: 4, NonImmediateOops: No
[2,229s][debug][gc,nmethod     ] Register NMethod: kotlin.coroutines.jvm.internal.ContinuationImpl.releaseIntercepted (0x00007ab287cee388) [0x00007ab287cee480, 0x00007ab287cf1558] Compiler: c1, Barriers: 9, Oops: 4, ImmediateOops: 12, NonImmediateOops: No
[2,229s][debug][gc,nmethod     ] Register NMethod: kotlinx.coroutines.internal.DispatchedContinuation.release$kotlinx_coroutines_core (0x00007ab287cf1588) [0x00007ab287cf1680, 0x00007ab287cf2cb0] Compiler: c1, Barriers: 2, Oops: 3, ImmediateOops: 8, NonImmediateOops: No
[2,229s][debug][gc,nmethod     ] Register NMethod: kotlinx.coroutines.CoroutineDispatcher.releaseInterceptedContinuation (0x00007ab287cf2d08) [0x00007ab287cf2e00, 0x00007ab287cf4f90] Compiler: c1, Barriers: 3, Oops: 5, ImmediateOops: 11, NonImmediateOops: No
[2,229s][debug][gc,nmethod     ] Register NMethod: jdk.internal.ref.CleanerImpl$CleanableList.insert (0x00007ab2a6cf0e88) [0x00007ab2a6cf0f80, 0x00007ab2a6cf1398] Compiler: jvmci, Barriers: 8, Oops: 0, ImmediateOops: 0, NonImmediateOops: No
[2,229s][debug][gc,nmethod     ] Register NMethod: kotlinx.coroutines.CompletionStateKt.toState$default (0x00007ab287cf5008) [0x00007ab287cf5100, 0x00007ab287cf5250] Compiler: c1, Barriers: 0, Oops: 1, ImmediateOops: 0, NonImmediateOops: No
[2,229s][debug][gc,nmethod     ] Register NMethod: kotlinx.coroutines.internal.DispatchedContinuation.getReusableCancellableContinuation (0x00007ab287cf5308) [0x00007ab287cf5400, 0x00007ab287cf5cf8] Compiler: c1, Barriers: 1, Oops: 2, ImmediateOops: 3, NonImmediateOops: No
[2,229s][debug][gc,nmethod     ] Register NMethod: kotlinx.coroutines.AbstractCoroutine.resumeWith (0x00007ab287cf5d88) [0x00007ab287cf5e80, 0x00007ab287cf6488] Compiler: c1, Barriers: 0, Oops: 1, ImmediateOops: 1, NonImmediateOops: No
[2,229s][debug][gc,nmethod     ] Register NMethod: kotlinx.coroutines.internal.ThreadContextKt.threadContextElements (0x00007ab287cf6508) [0x00007ab287cf6600, 0x00007ab287cf70b0] Compiler: c1, Barriers: 1, Oops: 2, ImmediateOops: 4, NonImmediateOops: No
[2,229s][debug][gc,nmethod     ] Register NMethod: kotlinx.coroutines.AbstractCoroutine.afterResume (0x00007ab287cf7108) [0x00007ab287cf7200, 0x00007ab287cf7500] Compiler: c1, Barriers: 0, Oops: 1, ImmediateOops: 0, NonImmediateOops: No
[2,229s][debug][gc,nmethod     ] Register NMethod: kotlinx.coroutines.JobSupportKt.unboxState (0x00007ab287cf7588) [0x00007ab287cf7680, 0x00007ab287cf7c50] Compiler: c1, Barriers: 1, Oops: 1, ImmediateOops: 0, NonImmediateOops: No
[2,229s][debug][gc,nmethod     ] Register NMethod: kotlinx.coroutines.internal.DispatchedContinuationKt.resumeCancellableWith (0x00007ab287cf7c88) [0x00007ab287cf7d80, 0x00007ab287cfd880] Compiler: c1, Barriers: 17, Oops: 3, ImmediateOops: 6, NonImmediateOops: No
[2,230s][debug][gc,nmethod     ] Register NMethod: java.lang.Throwable.<init> (0x00007ab287cfd908) [0x00007ab287cfda00, 0x00007ab287cfe1c0] Compiler: c1, Barriers: 13, Oops: 0, ImmediateOops: 3, NonImmediateOops: No
[2,230s][debug][gc,nmethod     ] Register NMethod: jdk.internal.ref.PhantomCleanable.<init> (0x00007ab2a6cf1408) [0x00007ab2a6cf1500, 0x00007ab2a6cf1cd8] Compiler: jvmci, Barriers: 23, Oops: 0, ImmediateOops: 2, NonImmediateOops: No
[2,230s][debug][gc,nmethod     ] Register NMethod: io.sirix.axis.CoroutineDescendantAxis$Producer.access$getProducingTask$p (0x00007ab2a6cf1d08) [0x00007ab2a6cf1e00, 0x00007ab2a6cf1ed0] Compiler: c1, Barriers: 1, Oops: 1, ImmediateOops: 0, NonImmediateOops: No
[2,230s][debug][gc,nmethod     ] Register NMethod: io.sirix.axis.CoroutineDescendantAxis$Producer$run$1.<init> (0x00007ab287cfe208) [0x00007ab287cfe300, 0x00007ab287cfe9c8] Compiler: c1, Barriers: 9, Oops: 1, ImmediateOops: 0, NonImmediateOops: No
[2,230s][debug][gc,nmethod     ] Register NMethod: kotlinx.coroutines.internal.LockFreeTaskQueueCore$Companion.updateTail (0x00007ab287cfea08) [0x00007ab287cfeb00, 0x00007ab287cfee18] Compiler: c1, Barriers: 0, Oops: 1, ImmediateOops: 0, NonImmediateOops: No
[2,230s][debug][gc,nmethod     ] Register NMethod: io.sirix.axis.CoroutineDescendantAxis$Producer$run$2.<init> (0x00007ab287cfee88) [0x00007ab287cfef80, 0x00007ab287cff648] Compiler: c1, Barriers: 9, Oops: 1, ImmediateOops: 0, NonImmediateOops: No
[2,231s][debug][gc,nmethod     ] Register NMethod: kotlinx.coroutines.internal.LockFreeTaskQueue.addLast (0x00007ab287cff688) [0x00007ab287cff780, 0x00007ab287d00418] Compiler: c1, Barriers: 1, Oops: 2, ImmediateOops: 4, NonImmediateOops: No
[2,231s][debug][gc,nmethod     ] Register NMethod: kotlinx.coroutines.scheduling.CoroutineScheduler$Worker.park (0x00007ab287d00488) [0x00007ab287d00580, 0x00007ab287d00850] Compiler: c1, Barriers: 2, Oops: 1, ImmediateOops: 0, NonImmediateOops: No
[2,231s][debug][gc,nmethod     ] Register NMethod: java.util.concurrent.locks.LockSupport.parkNanos (0x00007ab287d00888) [0x00007ab287d00980, 0x00007ab287d011c8] Compiler: c1, Barriers: 1, Oops: 0, ImmediateOops: 2, NonImmediateOops: No
[2,231s][debug][gc,nmethod     ] Register NMethod: io.sirix.axis.CoroutineDescendantAxis$Producer$produceFinishSign$2.<init> (0x00007ab287d01208) [0x00007ab287d01300, 0x00007ab287d019c8] Compiler: c1, Barriers: 9, Oops: 1, ImmediateOops: 0, NonImmediateOops: No
[2,231s][debug][gc,nmethod     ] Register NMethod: kotlinx.coroutines.scheduling.CoroutineScheduler.tryUnpark (0x00007ab287d01a08) [0x00007ab287d01b00, 0x00007ab287d02c80] Compiler: c1, Barriers: 0, Oops: 1, ImmediateOops: 3, NonImmediateOops: No
[2,231s][debug][gc,nmethod     ] Register NMethod: kotlinx.coroutines.CoroutineDispatcher.get (0x00007ab2a6cf2008) [0x00007ab2a6cf2100, 0x00007ab2a6cf2208] Compiler: jvmci, Barriers: 0, Oops: 1, ImmediateOops: 1, NonImmediateOops: No
[2,231s][debug][gc,nmethod     ] Register NMethod: kotlinx.coroutines.scheduling.CoroutineScheduler.parkedWorkersStackNextIndex (0x00007ab287d02d08) [0x00007ab287d02e00, 0x00007ab287d03850] Compiler: c1, Barriers: 2, Oops: 1, ImmediateOops: 1, NonImmediateOops: No
[2,231s][debug][gc,nmethod     ] Register NMethod: kotlinx.coroutines.scheduling.CoroutineScheduler$Worker.getWorkerCtl$FU (0x00007ab287d03888) [0x00007ab287d03980, 0x00007ab287d03a68] Compiler: c1, Barriers: 0, Oops: 1, ImmediateOops: 1, NonImmediateOops: No
[2,231s][debug][gc,nmethod     ] Register NMethod: kotlinx.coroutines.NonCancellable.isActive (0x00007ab2a6cf2308) [0x00007ab2a6cf2400, 0x00007ab2a6cf24c0] Compiler: c1, Barriers: 0, Oops: 1, ImmediateOops: 0, NonImmediateOops: No
[2,231s][debug][gc,nmethod     ] Register NMethod: kotlinx.coroutines.internal.LimitedDispatcher.obtainTaskOrDeallocateWorker (0x00007ab287d03b88) [0x00007ab287d03c80, 0x00007ab287d053e0] Compiler: c1, Barriers: 4, Oops: 3, ImmediateOops: 5, NonImmediateOops: No
[2,231s][debug][gc,nmethod     ] Register NMethod: kotlinx.coroutines.NonCancellable.start (0x00007ab2a6cf2608) [0x00007ab2a6cf2700, 0x00007ab2a6cf27c0] Compiler: c1, Barriers: 0, Oops: 1, ImmediateOops: 0, NonImmediateOops: No
[2,231s][debug][gc,nmethod     ] Register NMethod: kotlin.coroutines.jvm.internal.SuspendLambda.getArity (0x00007ab2a6cf2908) [0x00007ab2a6cf2a00, 0x00007ab2a6cf2ac0] Compiler: c1, Barriers: 0, Oops: 1, ImmediateOops: 0, NonImmediateOops: No
[2,231s][debug][gc,nmethod     ] Register NMethod: kotlinx.coroutines.scheduling.CoroutineScheduler.parkedWorkersStackPush (0x00007ab287d05408) [0x00007ab287d05500, 0x00007ab287d07b50] Compiler: c1, Barriers: 8, Oops: 9, ImmediateOops: 14, NonImmediateOops: No
[2,231s][debug][gc,nmethod     ] Register NMethod: io.sirix.axis.CoroutineDescendantAxis$Producer.access$getResults$p (0x00007ab2a6cf2c08) [0x00007ab2a6cf2d00, 0x00007ab2a6cf2dd0] Compiler: c1, Barriers: 1, Oops: 1, ImmediateOops: 0, NonImmediateOops: No
[2,232s][debug][gc,nmethod     ] Register NMethod: kotlinx.coroutines.scheduling.CoroutineScheduler.parkedWorkersStackPop (0x00007ab287d07c08) [0x00007ab287d07d00, 0x00007ab287d0a090] Compiler: c1, Barriers: 7, Oops: 9, ImmediateOops: 14, NonImmediateOops: No
[2,232s][debug][gc,nmethod     ] Register NMethod: io.sirix.access.trx.node.AbstractNodeReadOnlyTrx.setPageReadTransaction (0x00007ab287d0a108) [0x00007ab287d0a200, 0x00007ab287d0a690] Compiler: c1, Barriers: 3, Oops: 1, ImmediateOops: 1, NonImmediateOops: No
[2,232s][debug][gc,nmethod     ] Register NMethod: io.sirix.access.trx.node.AbstractResourceSession.removeFromPageMapping (0x00007ab287d0a708) [0x00007ab287d0a800, 0x00007ab287d0aee8] Compiler: c1, Barriers: 2, Oops: 1, ImmediateOops: 1, NonImmediateOops: No
[2,232s][debug][gc,nmethod     ] Register NMethod: com.github.benmanes.caffeine.cache.BoundedLocalCache.collectKeys (0x00007ab2a6cf2f08) [0x00007ab2a6cf3000, 0x00007ab2a6cf30c0] Compiler: c1, Barriers: 0, Oops: 1, ImmediateOops: 0, NonImmediateOops: No
[2,232s][debug][gc,nmethod     ] Register NMethod: com.github.benmanes.caffeine.cache.BoundedLocalCache.pacer (0x00007ab2a6cf3208) [0x00007ab2a6cf3300, 0x00007ab2a6cf33c8] Compiler: c1, Barriers: 0, Oops: 1, ImmediateOops: 0, NonImmediateOops: No
[2,232s][debug][gc,nmethod     ] Register NMethod: java.util.concurrent.atomic.AtomicReferenceFieldUpdater$AtomicReferenceFieldUpdaterImpl.get (0x00007ab2a6cf3508) [0x00007ab2a6cf3600, 0x00007ab2a6cf3850] Compiler: jvmci, Barriers: 2, Oops: 0, ImmediateOops: 0, NonImmediateOops: No
[2,232s][debug][gc,nmethod     ] Register NMethod: kotlinx.coroutines.internal.LockFreeTaskQueueCore.addLast (0x00007ab287d0af08) [0x00007ab287d0b000, 0x00007ab287d0f8b8] Compiler: c1, Barriers: 11, Oops: 10, ImmediateOops: 28, NonImmediateOops: No
[2,233s][debug][gc,nmethod     ] Register NMethod: java.util.concurrent.ConcurrentHashMap$Traverser.<init> (0x00007ab287d0f988) [0x00007ab287d0fa80, 0x00007ab287d0fce0] Compiler: c1, Barriers: 6, Oops: 0, ImmediateOops: 0, NonImmediateOops: No
[2,233s][debug][gc,nmethod     ] Register NMethod: kotlin.Result.constructor-impl (0x00007ab2a6cf3888) [0x00007ab2a6cf3980, 0x00007ab2a6cf39e8] Compiler: jvmci, Barriers: 0, Oops: 1, ImmediateOops: 0, NonImmediateOops: No
[2,234s][debug][gc,director    ] Rule Major: Warmup 10%, Used: 316MB, UsedThreshold: 1228MB
[2,235s][debug][gc,nmethod     ] Register NMethod: io.sirix.access.trx.node.AbstractResourceSession.closeReadTransaction (0x00007ab287d0fd08) [0x00007ab287d0fe00, 0x00007ab287d10918] Compiler: c1, Barriers: 3, Oops: 1, ImmediateOops: 3, NonImmediateOops: No
[2,235s][debug][gc,nmethod     ] Register NMethod: io.sirix.access.trx.node.AbstractNodeReadOnlyTrx.close (0x00007ab287d10988) [0x00007ab287d10a80, 0x00007ab287d11cd0] Compiler: c1, Barriers: 12, Oops: 1, ImmediateOops: 3, NonImmediateOops: No
[2,235s][debug][gc,nmethod     ] Register NMethod: com.google.common.collect.testing.Helpers.addAll (0x00007ab287d11d08) [0x00007ab287d11e00, 0x00007ab287d127b8] Compiler: c1, Barriers: 0, Oops: 1, ImmediateOops: 0, NonImmediateOops: No
[2,236s][debug][gc,nmethod     ] Register NMethod: java.util.concurrent.ForkJoinPool.deactivate (0x00007ab2a6cf3b88) [0x00007ab2a6cf3c80, 0x00007ab2a6cf4bd8] Compiler: jvmci, Barriers: 28, Oops: 0, ImmediateOops: 1, NonImmediateOops: No
[2,236s][debug][gc,nmethod     ] Register NMethod: java.lang.Integer.equals (0x00007ab287d12808) [0x00007ab287d12900, 0x00007ab287d13088] Compiler: c1, Barriers: 0, Oops: 0, ImmediateOops: 0, NonImmediateOops: No
[2,237s][debug][gc,nmethod     ] Register NMethod: io.sirix.page.PageReference.hashCode (0x00007ab2a6cf4c08) [0x00007ab2a6cf4d00, 0x00007ab2a6cf5320] Compiler: jvmci, Barriers: 12, Oops: 1, ImmediateOops: 2, NonImmediateOops: No
[2,237s][debug][gc,nmethod     ] Register NMethod: kotlinx.coroutines.channels.BufferedChannelKt.getCHANNEL_CLOSED (0x00007ab2a6cf5388) [0x00007ab2a6cf5480, 0x00007ab2a6cf54f0] Compiler: jvmci, Barriers: 0, Oops: 1, ImmediateOops: 1, NonImmediateOops: No
[2,237s][debug][gc,nmethod     ] Register NMethod: com.google.common.collect.testing.AbstractIteratorTester$PermittedMetaException$2.isPermitted (0x00007ab287d13108) [0x00007ab287d13200, 0x00007ab287d13508] Compiler: c1, Barriers: 0, Oops: 1, ImmediateOops: 0, NonImmediateOops: No
[2,238s][debug][gc,nmethod     ] Register NMethod: io.sirix.axis.CoroutineDescendantAxis.<init> (0x00007ab287d13588) [0x00007ab287d13680, 0x00007ab287d15558] Compiler: c1, Barriers: 15, Oops: 5, ImmediateOops: 10, NonImmediateOops: No
[2,239s][debug][gc,nmethod     ] Register NMethod: java.lang.ref.Cleaner.register (0x00007ab2a6cf5688) [0x00007ab2a6cf5780, 0x00007ab2a6cf6088] Compiler: jvmci, Barriers: 26, Oops: 0, ImmediateOops: 2, NonImmediateOops: No
[2,240s][debug][gc,nmethod     ] Register NMethod: java.lang.Enum.hashCode (0x00007ab2a6cf6108) [0x00007ab2a6cf6200, 0x00007ab2a6cf6310] Compiler: jvmci, Barriers: 0, Oops: 0, ImmediateOops: 0, NonImmediateOops: No
[2,241s][debug][gc,nmethod     ] Register NMethod: java.util.BitSet.recalculateWordsInUse (0x00007ab2a6cf6408) [0x00007ab2a6cf6500, 0x00007ab2a6cf6650] Compiler: jvmci, Barriers: 1, Oops: 0, ImmediateOops: 0, NonImmediateOops: No
[2,241s][debug][gc,nmethod     ] Register NMethod: java.util.Vector$Itr.hasNext (0x00007ab2a6cf6708) [0x00007ab2a6cf6800, 0x00007ab2a6cf68e8] Compiler: jvmci, Barriers: 1, Oops: 0, ImmediateOops: 0, NonImmediateOops: No
[2,241s][debug][gc,nmethod     ] Register NMethod: java.lang.String.<init> (0x00007ab2a6cf6a08) [0x00007ab2a6cf6b00, 0x00007ab2a6cf71f0] Compiler: jvmci, Barriers: 6, Oops: 0, ImmediateOops: 3, NonImmediateOops: No
[2,242s][debug][gc,nmethod     ] Register NMethod: java.lang.invoke.MethodHandleImpl.profileBoolean (0x00007ab2a6cf7208) [0x00007ab2a6cf7320, 0x00007ab2a6cf7408] Compiler: jvmci, Barriers: 0, Oops: 0, ImmediateOops: 0, NonImmediateOops: No
[2,243s][debug][gc,nmethod     ] Register NMethod: java.lang.invoke.DirectMethodHandle$Holder.invokeStatic (0x00007ab2a6cf7508) [0x00007ab2a6cf7600, 0x00007ab2a6cf7728] Compiler: jvmci, Barriers: 1, Oops: 0, ImmediateOops: 0, NonImmediateOops: No
[2,243s][debug][gc,nmethod     ] Register NMethod: kotlinx.coroutines.internal.ConcurrentLinkedListKt.access$getCLOSED$p (0x00007ab287d15588) [0x00007ab287d15680, 0x00007ab287d15768] Compiler: c1, Barriers: 0, Oops: 1, ImmediateOops: 1, NonImmediateOops: No
[2,244s][debug][gc,nmethod     ] Register NMethod: java.util.concurrent.ForkJoinPool$WorkQueue.unlockPhase (0x00007ab2a6cf7808) [0x00007ab2a6cf7900, 0x00007ab2a6cf7990] Compiler: jvmci, Barriers: 0, Oops: 0, ImmediateOops: 0, NonImmediateOops: No
[2,244s][debug][gc,nmethod     ] Register NMethod: java.lang.invoke.LambdaForm$MH/0x000000006c241800.invoke (0x00007ab2a6cf7b08) [0x00007ab2a6cf7c00, 0x00007ab2a6cf7f30] Compiler: jvmci, Barriers: 3, Oops: 1, ImmediateOops: 0, NonImmediateOops: No
[2,244s][debug][gc,director    ] Rule Major: Warmup 10%, Used: 328MB, UsedThreshold: 1228MB
[2,245s][debug][gc,nmethod     ] Register NMethod: jdk.internal.misc.Unsafe.putLongVolatile (0x00007ab2a6cf7f88) [0x00007ab2a6cf8080, 0x00007ab2a6cf81d8] Compiler: , Barriers: 0, Oops: 0, ImmediateOops: 0, NonImmediateOops: No
[2,246s][debug][gc,nmethod     ] Register NMethod: io.sirix.cache.PageGuard.close (0x00007ab287d15888) [0x00007ab287d15980, 0x00007ab287d166a8] Compiler: c1, Barriers: 4, Oops: 1, ImmediateOops: 0, NonImmediateOops: No
[2,247s][debug][gc,nmethod     ] Register NMethod: io.sirix.access.trx.RevisionEpochTracker.deregister (0x00007ab287d16708) [0x00007ab287d16800, 0x00007ab287d18070] Compiler: c1, Barriers: 3, Oops: 8, ImmediateOops: 9, NonImmediateOops: No
[2,249s][debug][gc,nmethod     ] Register NMethod: java.util.concurrent.ConcurrentHashMap.clear (0x00007ab287d18108) [0x00007ab287d18200, 0x00007ab287d19020] Compiler: c1, Barriers: 3, Oops: 0, ImmediateOops: 0, NonImmediateOops: No
[2,250s][debug][gc,nmethod     ] Register NMethod: java.util.ArrayDeque.sub (0x00007ab287d19088) [0x00007ab287d19180, 0x00007ab287d19290] Compiler: c1, Barriers: 0, Oops: 0, ImmediateOops: 0, NonImmediateOops: No
[2,250s][debug][gc,nmethod     ] Register NMethod: java.util.ArrayDeque.size (0x00007ab287d19388) [0x00007ab287d19480, 0x00007ab287d19650] Compiler: c1, Barriers: 1, Oops: 0, ImmediateOops: 0, NonImmediateOops: No
[2,250s][debug][gc,nmethod     ] Register NMethod: java.io.FileInputStream.readBytes (0x00007ab2a6cf8288) [0x00007ab2a6cf8380, 0x00007ab2a6cf84e8] Compiler: , Barriers: 0, Oops: 0, ImmediateOops: 0, NonImmediateOops: No
[2,250s][debug][gc,nmethod     ] Register NMethod: io.sirix.access.trx.page.NodeStorageEngineReader.closeMostRecentPageIfOrphaned (0x00007ab2a6cf8588) [0x00007ab2a6cf8680, 0x00007ab2a6cf8978] Compiler: jvmci, Barriers: 4, Oops: 1, ImmediateOops: 0, NonImmediateOops: No
[2,251s][debug][gc,nmethod     ] Register NMethod: java.util.Spliterators$IteratorSpliterator.characteristics (0x00007ab2a6cf8988) [0x00007ab2a6cf8a80, 0x00007ab2a6cf8b40] Compiler: c1, Barriers: 0, Oops: 0, ImmediateOops: 0, NonImmediateOops: No
[2,251s][debug][gc,nmethod     ] Register NMethod: io.sirix.page.PageReference.equals (0x00007ab2a6cf8c88) [0x00007ab2a6cf8d80, 0x00007ab2a6cf8ec0] Compiler: jvmci, Barriers: 0, Oops: 1, ImmediateOops: 0, NonImmediateOops: No
[2,251s][debug][gc,nmethod     ] Register NMethod: com.google.gson.stream.JsonReader.nextName (0x00007ab287d19688) [0x00007ab287d19780, 0x00007ab287d1b118] Compiler: c1, Barriers: 4, Oops: 2, ImmediateOops: 3, NonImmediateOops: No
[2,251s][debug][gc,nmethod     ] Register NMethod: java.util.concurrent.locks.AbstractQueuedLongSynchronizer.compareAndSetState (0x00007ab287d1b188) [0x00007ab287d1b280, 0x00007ab287d1b3a0] Compiler: c1, Barriers: 0, Oops: 0, ImmediateOops: 0, NonImmediateOops: No
[2,251s][debug][gc,nmethod     ] Register NMethod: com.github.benmanes.caffeine.cache.BaseMpscLinkedArrayQueue.modifiedCalcElementOffset (0x00007ab287d1b488) [0x00007ab287d1b580, 0x00007ab287d1b670] Compiler: c1, Barriers: 0, Oops: 1, ImmediateOops: 0, NonImmediateOops: No
[2,251s][debug][gc,nmethod     ] Register NMethod: java.util.concurrent.ConcurrentHashMap.putVal (0x00007ab2a6cf8f88) [0x00007ab2a6cf9080, 0x00007ab2a6cfa198] Compiler: jvmci, Barriers: 32, Oops: 0, ImmediateOops: 0, NonImmediateOops: No
[2,251s][debug][gc,nmethod     ] Register NMethod: java.io.OutputStreamWriter.write (0x00007ab287d1b788) [0x00007ab287d1b880, 0x00007ab287d1bbb0] Compiler: c1, Barriers: 1, Oops: 0, ImmediateOops: 0, NonImmediateOops: No
[2,252s][debug][gc,nmethod     ] Register NMethod: sun.nio.cs.StreamEncoder.write (0x00007ab287d1bc08) [0x00007ab287d1bd00, 0x00007ab287d1c098] Compiler: c1, Barriers: 0, Oops: 0, ImmediateOops: 0, NonImmediateOops: No
[2,252s][debug][gc,nmethod     ] Register NMethod: java.lang.StringLatin1.getChars (0x00007ab287d1c108) [0x00007ab287d1c200, 0x00007ab287d1c320] Compiler: c1, Barriers: 0, Oops: 0, ImmediateOops: 0, NonImmediateOops: No
[2,253s][debug][gc,nmethod     ] Register NMethod: sun.nio.cs.StreamEncoder.write (0x00007ab287d1c408) [0x00007ab287d1c500, 0x00007ab287d1cb98] Compiler: c1, Barriers: 0, Oops: 0, ImmediateOops: 0, NonImmediateOops: No
[2,253s][debug][gc,nmethod     ] Register NMethod: java.lang.String.getChars (0x00007ab287d1cc08) [0x00007ab287d1cd00, 0x00007ab287d1d940] Compiler: c1, Barriers: 1, Oops: 1, ImmediateOops: 2, NonImmediateOops: No
[2,253s][debug][gc,nmethod     ] Register NMethod: io.sirix.cache.PageContainer.getModifiedAsUnorderedKeyValuePage (0x00007ab287d1d988) [0x00007ab287d1da80, 0x00007ab287d1ddb8] Compiler: c1, Barriers: 1, Oops: 1, ImmediateOops: 0, NonImmediateOops: No
[2,253s][debug][gc,nmethod     ] Register NMethod: java.util.LinkedHashMap.newNode (0x00007ab287d1de08) [0x00007ab287d1df00, 0x00007ab287d1e0e8] Compiler: c1, Barriers: 0, Oops: 0, ImmediateOops: 0, NonImmediateOops: No
[2,253s][debug][gc,nmethod     ] Register NMethod: java.util.ArrayList$ArrayListSpliterator.estimateSize (0x00007ab287d1e108) [0x00007ab287d1e200, 0x00007ab287d1e3d8] Compiler: c1, Barriers: 1, Oops: 0, ImmediateOops: 0, NonImmediateOops: No
[2,254s][debug][gc,nmethod     ] Register NMethod: io.sirix.access.trx.page.NodeStorageEngineWriter.prepareRecordPage (0x00007ab287d1e408) [0x00007ab287d1e500, 0x00007ab287d20aa8] Compiler: c1, Barriers: 38, Oops: 4, ImmediateOops: 3, NonImmediateOops: No
[2,254s][debug][gc,nmethod     ] Register NMethod: sun.security.provider.DigestBase.engineGetDigestLength (0x00007ab2a6cfa208) [0x00007ab2a6cfa300, 0x00007ab2a6cfa3c0] Compiler: c1, Barriers: 0, Oops: 0, ImmediateOops: 0, NonImmediateOops: No
[2,254s][debug][gc,nmethod     ] Register NMethod: jdk.internal.foreign.HeapMemorySegmentImpl$OfByte.unsafeGetOffset (0x00007ab287d20b08) [0x00007ab287d20c00, 0x00007ab287d20d18] Compiler: c1, Barriers: 0, Oops: 0, ImmediateOops: 0, NonImmediateOops: No
[2,254s][debug][gc,director    ] Rule Major: Warmup 10%, Used: 332MB, UsedThreshold: 1228MB
[2,254s][debug][gc,nmethod     ] Register NMethod: jdk.internal.foreign.layout.ValueLayouts$AbstractValueLayout.varHandle (0x00007ab2a6cfa508) [0x00007ab2a6cfa600, 0x00007ab2a6cfa6e0] Compiler: jvmci, Barriers: 1, Oops: 0, ImmediateOops: 0, NonImmediateOops: No
[2,254s][debug][gc,nmethod     ] Register NMethod: io.sirix.node.MemorySegmentBytesOut.position (0x00007ab287d20e08) [0x00007ab287d20f00, 0x00007ab287d21060] Compiler: c1, Barriers: 1, Oops: 1, ImmediateOops: 0, NonImmediateOops: No
[2,254s][debug][gc,nmethod     ] Register NMethod: io.sirix.node.MemorySegmentBytesOut.writePosition (0x00007ab287d21108) [0x00007ab287d21200, 0x00007ab287d213d8] Compiler: c1, Barriers: 1, Oops: 1, ImmediateOops: 0, NonImmediateOops: No
[2,255s][debug][gc,nmethod     ] Register NMethod: jdk.internal.foreign.Utils.checkElementAlignment (0x00007ab2a6cfa808) [0x00007ab2a6cfa900, 0x00007ab2a6cfa9e0] Compiler: jvmci, Barriers: 0, Oops: 0, ImmediateOops: 0, NonImmediateOops: No
[2,255s][debug][gc,nmethod     ] Register NMethod: io.sirix.access.trx.page.NodeStorageEngineReader.getResourceSession (0x00007ab287d21408) [0x00007ab287d21500, 0x00007ab287d21970] Compiler: c1, Barriers: 1, Oops: 1, ImmediateOops: 1, NonImmediateOops: No
[2,255s][debug][gc,nmethod     ] Register NMethod: io.sirix.page.KeyValueLeafPage.close (0x00007ab287d21988) [0x00007ab287d21a80, 0x00007ab287d238f8] Compiler: c1, Barriers: 34, Oops: 4, ImmediateOops: 6, NonImmediateOops: No
[2,256s][debug][gc,nmethod     ] Register NMethod: com.github.benmanes.caffeine.cache.SSLSMW.weightedSize (0x00007ab2a6cfab08) [0x00007ab2a6cfac00, 0x00007ab2a6cfacc0] Compiler: c1, Barriers: 0, Oops: 1, ImmediateOops: 0, NonImmediateOops: No
[2,258s][debug][gc,nmethod     ] Register NMethod: io.sirix.access.DatabaseConfiguration$DatabasePaths.getFile (0x00007ab2a6cfae08) [0x00007ab2a6cfaf00, 0x00007ab2a6cfafe8] Compiler: c1, Barriers: 1, Oops: 1, ImmediateOops: 0, NonImmediateOops: No
[2,259s][debug][gc,nmethod     ] Register NMethod: jdk.internal.util.ArraysSupport.hashCode (0x00007ab2a6cfb108) [0x00007ab2a6cfb200, 0x00007ab2a6cfbe60] Compiler: jvmci, Barriers: 18, Oops: 0, ImmediateOops: 0, NonImmediateOops: No
[2,259s][debug][gc,nmethod     ] Register NMethod: io.sirix.cache.ShardedPageCache.remove (0x00007ab287d23988) [0x00007ab287d23a80, 0x00007ab287d24450] Compiler: c1, Barriers: 1, Oops: 1, ImmediateOops: 0, NonImmediateOops: No
[2,259s][debug][gc,nmethod     ] Register NMethod: io.sirix.cache.ShardedPageCache.remove (0x00007ab287d24488) [0x00007ab287d24580, 0x00007ab287d25368] Compiler: c1, Barriers: 1, Oops: 1, ImmediateOops: 0, NonImmediateOops: No
[2,259s][debug][gc,nmethod     ] Register NMethod: java.lang.invoke.VarHandleLongs$FieldInstanceReadOnly.getVolatile (0x00007ab287d25388) [0x00007ab287d25480, 0x00007ab287d25e78] Compiler: c1, Barriers: 1, Oops: 1, ImmediateOops: 0, NonImmediateOops: No
[2,260s][debug][gc,nmethod     ] Register NMethod: io.sirix.page.KeyValueLeafPage.getIndexType (0x00007ab2a6cfbe88) [0x00007ab2a6cfbf80, 0x00007ab2a6cfc070] Compiler: c1, Barriers: 1, Oops: 1, ImmediateOops: 0, NonImmediateOops: No
[2,260s][debug][gc,nmethod     ] Register NMethod: ch.qos.logback.classic.LoggerContext.getTurboFilterChainDecision_0_3OrMore (0x00007ab287d25e88) [0x00007ab287d25f80, 0x00007ab287d26778] Compiler: c1, Barriers: 3, Oops: 1, ImmediateOops: 1, NonImmediateOops: No
[2,260s][debug][gc,nmethod     ] Register NMethod: io.sirix.cache.BufferManagerImpl.getPageCache (0x00007ab2a6cfc188) [0x00007ab2a6cfc280, 0x00007ab2a6cfc368] Compiler: c1, Barriers: 1, Oops: 1, ImmediateOops: 0, NonImmediateOops: No
[2,260s][debug][gc,nmethod     ] Register NMethod: java.lang.invoke.VarHandleGuards.guard_LI_V (0x00007ab287d26788) [0x00007ab287d26880, 0x00007ab287d2b428] Compiler: c1, Barriers: 46, Oops: 1, ImmediateOops: 6, NonImmediateOops: No
[2,261s][debug][gc,nmethod     ] Register NMethod: it.unimi.dsi.fastutil.shorts.AbstractShortList.iterator (0x00007ab287d2b488) [0x00007ab287d2b580, 0x00007ab287d2bba8] Compiler: c1, Barriers: 0, Oops: 1, ImmediateOops: 0, NonImmediateOops: No
[2,261s][debug][gc,nmethod     ] Register NMethod: ch.qos.logback.core.spi.AppenderAttachableImpl.appendLoopOnAppenders (0x00007ab287d2bc08) [0x00007ab287d2bd00, 0x00007ab287d2cd90] Compiler: c1, Barriers: 10, Oops: 1, ImmediateOops: 0, NonImmediateOops: No
[2,261s][debug][gc,nmethod     ] Register NMethod: it.unimi.dsi.fastutil.shorts.AbstractShortList.listIterator (0x00007ab287d2ce08) [0x00007ab287d2cf00, 0x00007ab287d2d400] Compiler: c1, Barriers: 3, Oops: 1, ImmediateOops: 0, NonImmediateOops: No
[2,261s][debug][gc,nmethod     ] Register NMethod: it.unimi.dsi.fastutil.shorts.ShortArrayList.listIterator (0x00007ab287d2d488) [0x00007ab287d2d580, 0x00007ab287d2da20] Compiler: c1, Barriers: 3, Oops: 1, ImmediateOops: 0, NonImmediateOops: No
[2,261s][debug][gc,nmethod     ] Register NMethod: it.unimi.dsi.fastutil.shorts.ShortArrayList$1.<init> (0x00007ab287d2da88) [0x00007ab287d2db80, 0x00007ab287d2dd60] Compiler: c1, Barriers: 3, Oops: 1, ImmediateOops: 0, NonImmediateOops: No
[2,261s][debug][gc,nmethod     ] Register NMethod: com.github.benmanes.caffeine.cache.BoundedLocalCache.collectValues (0x00007ab2a6cfc488) [0x00007ab2a6cfc580, 0x00007ab2a6cfc640] Compiler: c1, Barriers: 0, Oops: 1, ImmediateOops: 0, NonImmediateOops: No
[2,261s][debug][gc,nmethod     ] Register NMethod: it.unimi.dsi.fastutil.shorts.AbstractShortList.ensureIndex (0x00007ab287d2dd88) [0x00007ab287d2de80, 0x00007ab287d30170] Compiler: c1, Barriers: 0, Oops: 5, ImmediateOops: 7, NonImmediateOops: No
[2,261s][debug][gc,nmethod     ] Register NMethod: io.sirix.access.trx.page.NodeStorageEngineWriter.getPageContainer (0x00007ab287d30208) [0x00007ab287d30300, 0x00007ab287d31440] Compiler: c1, Barriers: 12, Oops: 4, ImmediateOops: 2, NonImmediateOops: No
[2,262s][debug][gc,nmethod     ] Register NMethod: io.sirix.access.trx.page.NodeStorageEngineWriter.getRecord (0x00007ab287d31488) [0x00007ab287d31580, 0x00007ab287d33520] Compiler: c1, Barriers: 8, Oops: 1, ImmediateOops: 2, NonImmediateOops: No
[2,262s][debug][gc,nmethod     ] Register NMethod: io.sirix.page.RevisionRootPage.getPathSummaryPageReference (0x00007ab287d33588) [0x00007ab287d33680, 0x00007ab287d33bf0] Compiler: c1, Barriers: 1, Oops: 1, ImmediateOops: 0, NonImmediateOops: No
[2,262s][debug][gc,nmethod     ] Register NMethod: io.brackit.query.atomic.QNm.getPrefix (0x00007ab2a6cfc788) [0x00007ab2a6cfc880, 0x00007ab2a6cfc968] Compiler: c1, Barriers: 1, Oops: 1, ImmediateOops: 0, NonImmediateOops: No
[2,262s][debug][gc,nmethod     ] Register NMethod: io.sirix.node.xml.TextNode.getKind (0x00007ab287d33c08) [0x00007ab287d33d00, 0x00007ab287d33e08] Compiler: c1, Barriers: 0, Oops: 1, ImmediateOops: 1, NonImmediateOops: No
[2,263s][debug][gc,nmethod     ] Register NMethod: io.sirix.access.trx.node.AbstractNodeReadOnlyTrx.assertNotClosed (0x00007ab2a6cfca88) [0x00007ab2a6cfcb80, 0x00007ab2a6cfcc40] Compiler: jvmci, Barriers: 0, Oops: 1, ImmediateOops: 0, NonImmediateOops: No
[2,263s][debug][gc,nmethod     ] Register NMethod: java.io.OutputStream.flush (0x00007ab287d33f08) [0x00007ab287d34000, 0x00007ab287d34100] Compiler: c1, Barriers: 0, Oops: 0, ImmediateOops: 0, NonImmediateOops: No
[2,263s][debug][gc,nmethod     ] Register NMethod: jdk.internal.misc.Unsafe.freeMemory (0x00007ab287d34208) [0x00007ab287d34300, 0x00007ab287d345c8] Compiler: c1, Barriers: 0, Oops: 0, ImmediateOops: 0, NonImmediateOops: No
[2,263s][debug][gc,nmethod     ] Register NMethod: jdk.internal.foreign.SegmentFactories$1.cleanup (0x00007ab287d34608) [0x00007ab287d34700, 0x00007ab287d34cc0] Compiler: c1, Barriers: 0, Oops: 1, ImmediateOops: 4, NonImmediateOops: No
[2,263s][debug][gc,nmethod     ] Register NMethod: jdk.internal.misc.Unsafe.freeMemoryChecks (0x00007ab287d34d08) [0x00007ab287d34e00, 0x00007ab287d34ff8] Compiler: c1, Barriers: 0, Oops: 0, ImmediateOops: 0, NonImmediateOops: No
[2,264s][debug][gc,nmethod     ] Register NMethod: java.util.concurrent.ConcurrentHashMap.put (0x00007ab2a6cfcd88) [0x00007ab2a6cfce80, 0x00007ab2a6cfe1e0] Compiler: jvmci, Barriers: 37, Oops: 0, ImmediateOops: 0, NonImmediateOops: No
[2,264s][debug][gc,director    ] Rule Major: Warmup 10%, Used: 336MB, UsedThreshold: 1228MB
[2,264s][debug][gc,nmethod     ] Register NMethod: java.lang.invoke.SegmentVarHandle.offset (0x00007ab2a6cfe208) [0x00007ab2a6cfe300, 0x00007ab2a6cfe3c8] Compiler: jvmci, Barriers: 0, Oops: 0, ImmediateOops: 0, NonImmediateOops: No
[2,266s][debug][gc,nmethod     ] Register NMethod: sun.security.provider.ByteArrayAccess.b2iBig64 (0x00007ab287d35008) [0x00007ab287d35100, 0x00007ab287d3fa40] Compiler: c1, Barriers: 0, Oops: 5, ImmediateOops: 80, NonImmediateOops: No
[2,266s][debug][gc,nmethod     ] Register NMethod: jdk.internal.foreign.SegmentBulkOperations.copy (0x00007ab287d3fa88) [0x00007ab287d3fb80, 0x00007ab287d50040] Compiler: c1, Barriers: 39, Oops: 4, ImmediateOops: 41, NonImmediateOops: No
[2,266s][debug][gc,nmethod     ] Register NMethod: io.sirix.access.trx.page.AbstractForwardingStorageEngineReader.getResourceSession (0x00007ab287d50088) [0x00007ab287d50180, 0x00007ab287d506b8] Compiler: c1, Barriers: 2, Oops: 1, ImmediateOops: 1, NonImmediateOops: No
[2,269s][debug][gc,nmethod     ] Register NMethod: io.sirix.page.PageKind$1.serializePage (0x00007ab287d50708) [0x00007ab287d50800, 0x00007ab287d5e560] Compiler: c1, Barriers: 65, Oops: 7, ImmediateOops: 10, NonImmediateOops: No
[2,269s][debug][gc,nmethod     ] Register NMethod: com.github.benmanes.caffeine.cache.SSLSMW.windowWeightedSize (0x00007ab2a6cfe508) [0x00007ab2a6cfe600, 0x00007ab2a6cfe6c0] Compiler: c1, Barriers: 0, Oops: 1, ImmediateOops: 0, NonImmediateOops: No
[2,270s][debug][gc,nmethod     ] Register NMethod: io.sirix.node.HashEntryNode.getNodeKey (0x00007ab2a6cfe808) [0x00007ab2a6cfe900, 0x00007ab2a6cfe9c0] Compiler: c1, Barriers: 0, Oops: 1, ImmediateOops: 0, NonImmediateOops: No
[2,270s][debug][gc,nmethod     ] Register NMethod: ch.qos.logback.classic.Logger.filterAndLog_0_Or3Plus (0x00007ab287d5e608) [0x00007ab287d5e700, 0x00007ab287d5ebf0] Compiler: c1, Barriers: 1, Oops: 1, ImmediateOops: 2, NonImmediateOops: No
[2,270s][debug][gc,nmethod     ] Register NMethod: java.util.concurrent.ConcurrentHashMap.compute (0x00007ab2a6cfeb08) [0x00007ab2a6cfeca0, 0x00007ab2a6d02560] Compiler: jvmci, Barriers: 98, Oops: 13, ImmediateOops: 2, NonImmediateOops: No
[2,271s][debug][gc,nmethod     ] Register NMethod: it.unimi.dsi.fastutil.ints.Int2IntOpenHashMap.get (0x00007ab287d5ec08) [0x00007ab287d5ed00, 0x00007ab287d5f260] Compiler: c1, Barriers: 4, Oops: 1, ImmediateOops: 0, NonImmediateOops: No
[2,272s][debug][gc,nmethod     ] Register NMethod: io.sirix.page.delegates.ReferencesPage4.getOrCreateReference (0x00007ab287d5f288) [0x00007ab287d5f380, 0x00007ab287d60d98] Compiler: c1, Barriers: 5, Oops: 1, ImmediateOops: 0, NonImmediateOops: No
[2,272s][debug][gc,nmethod     ] Register NMethod: io.sirix.cache.IndexLogKey.hashCode (0x00007ab287d60e08) [0x00007ab287d60f00, 0x00007ab287d612a8] Compiler: c1, Barriers: 1, Oops: 1, ImmediateOops: 0, NonImmediateOops: No
[2,273s][debug][gc,nmethod     ] Register NMethod: java.lang.VirtualThread.notifyJvmtiDisableSuspend (0x00007ab2a6d02608) [0x00007ab2a6d02700, 0x00007ab2a6d02850] Compiler: , Barriers: 0, Oops: 0, ImmediateOops: 1, NonImmediateOops: No
[2,274s][debug][gc,nmethod     ] Register NMethod: java.util.stream.Collectors$CollectorImpl.supplier (0x00007ab2a6d02908) [0x00007ab2a6d02a00, 0x00007ab2a6d02ae8] Compiler: c1, Barriers: 1, Oops: 0, ImmediateOops: 0, NonImmediateOops: No
[2,274s][debug][gc,nmethod     ] Register NMethod: java.util.stream.Collectors$CollectorImpl.accumulator (0x00007ab2a6d02c08) [0x00007ab2a6d02d00, 0x00007ab2a6d02de8] Compiler: c1, Barriers: 1, Oops: 0, ImmediateOops: 0, NonImmediateOops: No
[2,274s][debug][gc,nmethod     ] Register NMethod: java.util.stream.Collectors$CollectorImpl.combiner (0x00007ab2a6d02f08) [0x00007ab2a6d03000, 0x00007ab2a6d030e8] Compiler: c1, Barriers: 1, Oops: 0, ImmediateOops: 0, NonImmediateOops: No
[2,274s][debug][gc,nmethod     ] Register NMethod: java.util.stream.ReduceOps$Box.get (0x00007ab2a6d03208) [0x00007ab2a6d03300, 0x00007ab2a6d033e8] Compiler: c1, Barriers: 1, Oops: 0, ImmediateOops: 0, NonImmediateOops: No
[2,274s][debug][gc,director    ] Rule Major: Warmup 10%, Used: 336MB, UsedThreshold: 1228MB
[2,275s][debug][gc,nmethod     ] Register NMethod: io.sirix.access.trx.page.NodeStorageEngineReader.getPathSummaryPage (0x00007ab287d61308) [0x00007ab287d61400, 0x00007ab287d623d8] Compiler: c1, Barriers: 4, Oops: 1, ImmediateOops: 1, NonImmediateOops: No
[2,275s][debug][gc,nmethod     ] Register NMethod: java.nio.ByteBuffer.order (0x00007ab2a6d03508) [0x00007ab2a6d03600, 0x00007ab2a6d036d0] Compiler: jvmci, Barriers: 0, Oops: 0, ImmediateOops: 1, NonImmediateOops: No
[2,275s][debug][gc,nmethod     ] Register NMethod: io.sirix.page.KeyValueLeafPage.getNumberOfNonNullEntries (0x00007ab2a6d03808) [0x00007ab2a6d03900, 0x00007ab2a6d03cd0] Compiler: jvmci, Barriers: 3, Oops: 1, ImmediateOops: 0, NonImmediateOops: No
[2,276s][debug][gc,nmethod     ] Register NMethod: jdk.internal.misc.Unsafe.putIntRelease (0x00007ab287d62408) [0x00007ab287d62500, 0x00007ab287d62608] Compiler: c1, Barriers: 0, Oops: 0, ImmediateOops: 0, NonImmediateOops: No
[2,276s][debug][gc,nmethod     ] Register NMethod: com.github.benmanes.caffeine.cache.BaseMpscLinkedArrayQueue.lvProducerIndex (0x00007ab287d62708) [0x00007ab287d62800, 0x00007ab287d63508] Compiler: c1, Barriers: 0, Oops: 6, ImmediateOops: 5, NonImmediateOops: No
[2,276s][debug][gc,nmethod     ] Register NMethod: java.lang.invoke.VarHandleInts$FieldInstanceReadWrite.setRelease (0x00007ab287d63588) [0x00007ab287d63680, 0x00007ab287d64280] Compiler: c1, Barriers: 1, Oops: 1, ImmediateOops: 1, NonImmediateOops: No
[2,276s][debug][gc,nmethod     ] Register NMethod: com.github.benmanes.caffeine.cache.BLCHeader$DrainStatusRef.setDrainStatusRelease (0x00007ab287d64308) [0x00007ab287d64400, 0x00007ab287d65260] Compiler: c1, Barriers: 0, Oops: 6, ImmediateOops: 6, NonImmediateOops: No
[2,276s][debug][gc,nmethod     ] Register NMethod: java.nio.ByteBuffer.flip (0x00007ab2a6d03d08) [0x00007ab2a6d03e00, 0x00007ab2a6d03e98] Compiler: jvmci, Barriers: 0, Oops: 0, ImmediateOops: 0, NonImmediateOops: No
[2,277s][debug][gc,nmethod     ] Register NMethod: java.lang.invoke.BoundMethodHandle.editor (0x00007ab287d65308) [0x00007ab287d65400, 0x00007ab287d657d8] Compiler: c1, Barriers: 4, Oops: 0, ImmediateOops: 0, NonImmediateOops: No
[2,277s][debug][gc,nmethod     ] Register NMethod: java.util.HashMap.entrySet (0x00007ab287d65808) [0x00007ab287d65900, 0x00007ab287d65dc8] Compiler: c1, Barriers: 7, Oops: 0, ImmediateOops: 0, NonImmediateOops: No
[2,278s][debug][gc,nmethod     ] Register NMethod: java.lang.invoke.LambdaForm$Holder.constant_L (0x00007ab2a6d04008) [0x00007ab2a6d04100, 0x00007ab2a6d04220] Compiler: jvmci, Barriers: 1, Oops: 0, ImmediateOops: 0, NonImmediateOops: No
[2,279s][debug][gc,nmethod     ] Register NMethod: io.sirix.node.xml.TextNode.getLeftSiblingKey (0x00007ab287d65e08) [0x00007ab287d65f00, 0x00007ab287d6aef0] Compiler: c1, Barriers: 19, Oops: 7, ImmediateOops: 11, NonImmediateOops: No
[2,279s][debug][gc,nmethod     ] Register NMethod: java.util.concurrent.ForkJoinTask.setNoUserHelp (0x00007ab2a6d04308) [0x00007ab2a6d04400, 0x00007ab2a6d04488] Compiler: jvmci, Barriers: 0, Oops: 0, ImmediateOops: 0, NonImmediateOops: No
[2,279s][debug][gc,nmethod     ] Register NMethod: jdk.internal.misc.Unsafe.allocateMemory (0x00007ab2a6d04608) [0x00007ab2a6d04700, 0x00007ab2a6d04848] Compiler: jvmci, Barriers: 0, Oops: 0, ImmediateOops: 0, NonImmediateOops: No
[2,280s][debug][gc,nmethod     ] Register NMethod: io.sirix.access.trx.page.NodeStorageEngineReader.pageKey (0x00007ab2a6d04908) [0x00007ab2a6d04a00, 0x00007ab2a6d04b50] Compiler: jvmci, Barriers: 0, Oops: 1, ImmediateOops: 0, NonImmediateOops: No
[2,280s][debug][gc,nmethod     ] Register NMethod: sun.nio.fs.UnixPath.getByteArrayForSysCalls (0x00007ab2a6d04c08) [0x00007ab2a6d04d00, 0x00007ab2a6d04e78] Compiler: jvmci, Barriers: 2, Oops: 0, ImmediateOops: 0, NonImmediateOops: No
[2,281s][debug][gc,nmethod     ] Register NMethod: com.github.benmanes.caffeine.cache.BaseMpscLinkedArrayQueue.lvElement (0x00007ab287d6af88) [0x00007ab287d6b080, 0x00007ab287d6c248] Compiler: c1, Barriers: 1, Oops: 8, ImmediateOops: 9, NonImmediateOops: No
[2,282s][debug][gc,alloc       ] Mutator Allocation Rate: 323,8MB/s Predicted: 413,2MB/s, Avg: 292,0(+/-70,9)MB/s
[2,282s][debug][gc,director    ] Rule Major: Warmup 10%, Used: 342MB, UsedThreshold: 1228MB
[2,284s][debug][gc,nmethod     ] Register NMethod: kotlinx.coroutines.internal.LockFreeTaskQueueCore$Companion.updateHead (0x00007ab287d6c308) [0x00007ab287d6c400, 0x00007ab287d6c708] Compiler: c1, Barriers: 0, Oops: 1, ImmediateOops: 0, NonImmediateOops: No
[2,284s][debug][gc,nmethod     ] Register NMethod: java.lang.String.<init> (0x00007ab2a6d04f08) [0x00007ab2a6d05000, 0x00007ab2a6d053a8] Compiler: jvmci, Barriers: 6, Oops: 0, ImmediateOops: 2, NonImmediateOops: No
[2,284s][debug][gc,nmethod     ] Register NMethod: com.github.benmanes.caffeine.cache.Node.setWeight (0x00007ab2a6d05408) [0x00007ab2a6d05500, 0x00007ab2a6d05580] Compiler: jvmci, Barriers: 0, Oops: 1, ImmediateOops: 0, NonImmediateOops: No
[2,284s][debug][gc,nmethod     ] Register NMethod: com.github.benmanes.caffeine.cache.BaseMpscLinkedArrayQueue.poll (0x00007ab287d6c788) [0x00007ab287d6c880, 0x00007ab287d72248] Compiler: c1, Barriers: 6, Oops: 16, ImmediateOops: 39, NonImmediateOops: No
[2,284s][debug][gc,nmethod     ] Register NMethod: com.github.benmanes.caffeine.cache.stats.DisabledStatsCounter.recordHits (0x00007ab2a6d05708) [0x00007ab2a6d05800, 0x00007ab2a6d05880] Compiler: jvmci, Barriers: 0, Oops: 1, ImmediateOops: 0, NonImmediateOops: No
[2,285s][debug][gc,nmethod     ] Register NMethod: sun.nio.fs.UnixPath.resolve (0x00007ab2a6d05a08) [0x00007ab2a6d05b00, 0x00007ab2a6d05f90] Compiler: jvmci, Barriers: 0, Oops: 0, ImmediateOops: 0, NonImmediateOops: No
[2,285s][debug][gc,nmethod     ] Register NMethod: java.util.concurrent.atomic.AtomicIntegerFieldUpdater$AtomicIntegerFieldUpdaterImpl.compareAndSet (0x00007ab287d72308) [0x00007ab287d72400, 0x00007ab287d72830] Compiler: c1, Barriers: 1, Oops: 0, ImmediateOops: 0, NonImmediateOops: No
[2,285s][debug][gc,nmethod     ] Register NMethod: com.github.benmanes.caffeine.cache.StripedBuffer.mix64 (0x00007ab2a6d06008) [0x00007ab2a6d06100, 0x00007ab2a6d061a0] Compiler: jvmci, Barriers: 0, Oops: 1, ImmediateOops: 0, NonImmediateOops: No
[2,287s][debug][gc,nmethod     ] Register NMethod: io.sirix.node.MemorySegmentBytesIn.readShort (0x00007ab2a6d06308) [0x00007ab2a6d06400, 0x00007ab2a6d066b0] Compiler: jvmci, Barriers: 4, Oops: 1, ImmediateOops: 0, NonImmediateOops: No
[2,287s][debug][gc,nmethod     ] Register NMethod: kotlinx.coroutines.DispatchedTask.run (0x00007ab287d72888) [0x00007ab287d72980, 0x00007ab287d7a588] Compiler: c1, Barriers: 12, Oops: 5, ImmediateOops: 23, NonImmediateOops: No
[2,287s][debug][gc,nmethod     ] Register NMethod: sun.nio.fs.UnixNativeDispatcher.copyToNativeBuffer (0x00007ab2a6d06708) [0x00007ab2a6d06800, 0x00007ab2a6d06ef0] Compiler: jvmci, Barriers: 17, Oops: 1, ImmediateOops: 1, NonImmediateOops: No
[2,287s][debug][gc,nmethod     ] Register NMethod: io.sirix.access.trx.node.xml.XmlNodeReadOnlyTrxImpl.getNode (0x00007ab287d7a608) [0x00007ab287d7a700, 0x00007ab287d7a9f8] Compiler: c1, Barriers: 0, Oops: 1, ImmediateOops: 0, NonImmediateOops: No
[2,288s][debug][gc,nmethod     ] Register NMethod: io.sirix.access.trx.node.xml.XmlNodeReadOnlyTrxImpl.getNode (0x00007ab287d7aa08) [0x00007ab287d7ab00, 0x00007ab287d7d310] Compiler: c1, Barriers: 10, Oops: 2, ImmediateOops: 3, NonImmediateOops: No
[2,288s][debug][gc,nmethod     ] Register NMethod: java.nio.channels.spi.AbstractInterruptibleChannel.begin (0x00007ab2a6d06f08) [0x00007ab2a6d07000, 0x00007ab2a6d077f8] Compiler: jvmci, Barriers: 13, Oops: 0, ImmediateOops: 1, NonImmediateOops: No
[2,288s][debug][gc,nmethod     ] Register NMethod: sun.nio.fs.UnixPath.resolve (0x00007ab2a6d07808) [0x00007ab2a6d07900, 0x00007ab2a6d08080] Compiler: jvmci, Barriers: 7, Oops: 0, ImmediateOops: 0, NonImmediateOops: No
[2,289s][debug][gc,nmethod     ] Register NMethod: kotlinx.coroutines.internal.DispatchedContinuation.<init> (0x00007ab287d7d388) [0x00007ab287d7d480, 0x00007ab287d7e7e0] Compiler: c1, Barriers: 16, Oops: 3, ImmediateOops: 5, NonImmediateOops: No
[2,289s][debug][gc,nmethod     ] Register NMethod: io.sirix.access.trx.node.AbstractNodeReadOnlyTrx.getStructuralNode (0x00007ab2a6d08088) [0x00007ab2a6d08180, 0x00007ab2a6d08490] Compiler: jvmci, Barriers: 3, Oops: 1, ImmediateOops: 0, NonImmediateOops: No
[2,290s][debug][gc,nmethod     ] Register NMethod: io.sirix.page.KeyValueLeafPage.releaseGuard (0x00007ab2a6d08508) [0x00007ab2a6d08600, 0x00007ab2a6d086e8] Compiler: jvmci, Barriers: 1, Oops: 1, ImmediateOops: 0, NonImmediateOops: No
[2,290s][debug][gc,nmethod     ] Register NMethod: io.sirix.access.trx.page.NodeStorageEngineReader.getMostRecentPage (0x00007ab2a6d08808) [0x00007ab2a6d08900, 0x00007ab2a6d08b98] Compiler: jvmci, Barriers: 4, Oops: 1, ImmediateOops: 0, NonImmediateOops: No
[2,290s][debug][gc,nmethod     ] Register NMethod: io.sirix.Holder.getXmlNodeReadTrx (0x00007ab2a6d08c08) [0x00007ab2a6d08d00, 0x00007ab2a6d08de8] Compiler: c1, Barriers: 1, Oops: 1, ImmediateOops: 0, NonImmediateOops: No
[2,290s][debug][gc,nmethod     ] Register NMethod: io.sirix.axis.CoroutineDescendantAxisTest.access$getHolder$p (0x00007ab2a6d08f08) [0x00007ab2a6d09000, 0x00007ab2a6d090d0] Compiler: c1, Barriers: 1, Oops: 1, ImmediateOops: 0, NonImmediateOops: No
[2,290s][debug][gc,nmethod     ] Register NMethod: java.nio.channels.spi.AbstractInterruptibleChannel.end (0x00007ab2a6d09208) [0x00007ab2a6d09300, 0x00007ab2a6d09a78] Compiler: jvmci, Barriers: 10, Oops: 0, ImmediateOops: 1, NonImmediateOops: No
[2,291s][debug][gc,nmethod     ] Register NMethod: java.lang.Integer.numberOfLeadingZeros (0x00007ab2a6d09a88) [0x00007ab2a6d09b80, 0x00007ab2a6d09cc8] Compiler: jvmci, Barriers: 0, Oops: 0, ImmediateOops: 0, NonImmediateOops: No
[2,291s][debug][gc,nmethod     ] Register NMethod: io.sirix.axis.CoroutineDescendantAxis.nextKeyForRightSibling (0x00007ab287d7e808) [0x00007ab287d7e900, 0x00007ab287d7f4c8] Compiler: c1, Barriers: 3, Oops: 1, ImmediateOops: 1, NonImmediateOops: No
[2,292s][debug][gc,director    ] Rule Major: Warmup 10%, Used: 350MB, UsedThreshold: 1228MB
[2,293s][debug][gc,nmethod     ] Register NMethod: io.sirix.axis.CoroutineDescendantAxis.access$hasNextNode (0x00007ab287d7f508) [0x00007ab287d7f600, 0x00007ab287d7f720] Compiler: c1, Barriers: 0, Oops: 1, ImmediateOops: 0, NonImmediateOops: No
[2,293s][debug][gc,nmethod     ] Register NMethod: java.util.BitSet.cardinality (0x00007ab2a6d09d88) [0x00007ab2a6d09e80, 0x00007ab2a6d09fd0] Compiler: jvmci, Barriers: 1, Oops: 0, ImmediateOops: 0, NonImmediateOops: No
[2,293s][debug][gc,nmethod     ] Register NMethod: com.github.benmanes.caffeine.cache.FrequencySketch.incrementAt (0x00007ab2a6d0a088) [0x00007ab2a6d0a180, 0x00007ab2a6d0a2f8] Compiler: jvmci, Barriers: 1, Oops: 1, ImmediateOops: 0, NonImmediateOops: No
[2,293s][debug][gc,nmethod     ] Register NMethod: kotlinx.coroutines.JobSupport.isCompleted (0x00007ab287d7f808) [0x00007ab287d7f900, 0x00007ab287d7fe60] Compiler: c1, Barriers: 0, Oops: 1, ImmediateOops: 0, NonImmediateOops: No
[2,294s][debug][gc,nmethod     ] Register NMethod: kotlinx.coroutines.CoroutineDispatcher.<init> (0x00007ab287d7fe88) [0x00007ab287d7ff80, 0x00007ab287d80230] Compiler: c1, Barriers: 3, Oops: 3, ImmediateOops: 2, NonImmediateOops: No
[2,294s][debug][gc,nmethod     ] Register NMethod: kotlinx.coroutines.EventLoopImplBase.dispatch (0x00007ab287d80288) [0x00007ab287d80380, 0x00007ab287d80680] Compiler: c1, Barriers: 0, Oops: 1, ImmediateOops: 0, NonImmediateOops: No
[2,294s][debug][gc,nmethod     ] Register NMethod: kotlinx.coroutines.EventLoop.getNextTime (0x00007ab287d80708) [0x00007ab287d80800, 0x00007ab287d80a38] Compiler: c1, Barriers: 1, Oops: 1, ImmediateOops: 0, NonImmediateOops: No
[2,294s][debug][gc,nmethod     ] Register NMethod: java.util.concurrent.atomic.AtomicInteger.getAndAdd (0x00007ab287d80a88) [0x00007ab287d80b80, 0x00007ab287d80c88] Compiler: c1, Barriers: 0, Oops: 0, ImmediateOops: 0, NonImmediateOops: No
[2,294s][debug][gc,nmethod     ] Register NMethod: kotlinx.coroutines.EventLoopImplBase.enqueue (0x00007ab287d80d88) [0x00007ab287d80e80, 0x00007ab287d81df0] Compiler: c1, Barriers: 0, Oops: 2, ImmediateOops: 11, NonImmediateOops: No
[2,295s][debug][gc,nmethod     ] Register NMethod: kotlinx.coroutines.EventLoopImplPlatform.unpark (0x00007ab287d81e08) [0x00007ab287d81f00, 0x00007ab287d83268] Compiler: c1, Barriers: 2, Oops: 1, ImmediateOops: 4, NonImmediateOops: No
[2,295s][debug][gc,nmethod     ] Register NMethod: java.util.ArrayDeque.removeFirst (0x00007ab287d83288) [0x00007ab287d83380, 0x00007ab287d835b8] Compiler: c1, Barriers: 0, Oops: 0, ImmediateOops: 0, NonImmediateOops: No
[2,295s][debug][gc,nmethod     ] Register NMethod: kotlinx.coroutines.EventLoopImplBase.getNextTime (0x00007ab287d83608) [0x00007ab287d83700, 0x00007ab287d84fb0] Compiler: c1, Barriers: 4, Oops: 3, ImmediateOops: 8, NonImmediateOops: No
[2,295s][debug][gc,nmethod     ] Register NMethod: kotlinx.coroutines.EventLoopImplBase.enqueueImpl (0x00007ab287d85008) [0x00007ab287d85100, 0x00007ab287d87db8] Compiler: c1, Barriers: 3, Oops: 6, ImmediateOops: 16, NonImmediateOops: No
[2,295s][debug][gc,nmethod     ] Register NMethod: kotlinx.coroutines.EventLoopImplPlatform.<init> (0x00007ab287d87e08) [0x00007ab287d87f00, 0x00007ab287d88268] Compiler: c1, Barriers: 3, Oops: 3, ImmediateOops: 2, NonImmediateOops: No
[2,295s][debug][gc,nmethod     ] Register NMethod: kotlinx.coroutines.EventLoopImplBase.<init> (0x00007ab287d88288) [0x00007ab287d88380, 0x00007ab287d88760] Compiler: c1, Barriers: 3, Oops: 3, ImmediateOops: 2, NonImmediateOops: No
[2,295s][debug][gc,nmethod     ] Register NMethod: kotlinx.coroutines.EventLoop.incrementUseCount$default (0x00007ab287d88788) [0x00007ab287d88880, 0x00007ab287d88c78] Compiler: c1, Barriers: 0, Oops: 1, ImmediateOops: 1, NonImmediateOops: No
[2,295s][debug][gc,nmethod     ] Register NMethod: kotlinx.coroutines.EventLoop.<init> (0x00007ab287d88c88) [0x00007ab287d88d80, 0x00007ab287d89090] Compiler: c1, Barriers: 3, Oops: 3, ImmediateOops: 2, NonImmediateOops: No
[2,295s][debug][gc,nmethod     ] Register NMethod: java.lang.ThreadLocal.<init> (0x00007ab287d89108) [0x00007ab287d89200, 0x00007ab287d895c8] Compiler: c1, Barriers: 0, Oops: 0, ImmediateOops: 1, NonImmediateOops: No
[2,295s][debug][gc,nmethod     ] Register NMethod: java.lang.ThreadLocal.nextHashCode (0x00007ab287d89608) [0x00007ab287d89700, 0x00007ab287d899e8] Compiler: c1, Barriers: 0, Oops: 0, ImmediateOops: 1, NonImmediateOops: No
[2,296s][debug][gc,nmethod     ] Register NMethod: kotlinx.coroutines.GlobalScope.getCoroutineContext (0x00007ab287d89a08) [0x00007ab287d89b00, 0x00007ab287d89c08] Compiler: c1, Barriers: 0, Oops: 1, ImmediateOops: 1, NonImmediateOops: No
[2,296s][debug][gc,nmethod     ] Register NMethod: kotlinx.coroutines.EventLoopKt.createEventLoop (0x00007ab287d89d08) [0x00007ab287d89e00, 0x00007ab287d8a390] Compiler: c1, Barriers: 7, Oops: 3, ImmediateOops: 2, NonImmediateOops: No
[2,296s][debug][gc,nmethod     ] Register NMethod: kotlinx.coroutines.BlockingCoroutine.<init> (0x00007ab287d8a408) [0x00007ab287d8a500, 0x00007ab287d8a750] Compiler: c1, Barriers: 6, Oops: 1, ImmediateOops: 0, NonImmediateOops: No
[2,296s][debug][gc,nmethod     ] Register NMethod: kotlin.coroutines.EmptyCoroutineContext.get (0x00007ab287d8a788) [0x00007ab287d8a880, 0x00007ab287d8b0e8] Compiler: c1, Barriers: 1, Oops: 3, ImmediateOops: 3, NonImmediateOops: No
[2,296s][debug][gc,nmethod     ] Register NMethod: kotlinx.coroutines.BlockingEventLoop.<init> (0x00007ab287d8b108) [0x00007ab287d8b200, 0x00007ab287d8b6b0] Compiler: c1, Barriers: 6, Oops: 3, ImmediateOops: 2, NonImmediateOops: No
[2,296s][debug][gc,nmethod     ] Register NMethod: kotlinx.coroutines.EventLoop.decrementUseCount$default (0x00007ab287d8b708) [0x00007ab287d8b800, 0x00007ab287d8bbf8] Compiler: c1, Barriers: 0, Oops: 1, ImmediateOops: 1, NonImmediateOops: No
[2,296s][debug][gc,nmethod     ] Register NMethod: kotlinx.coroutines.EventLoopImplBase.setCompleted (0x00007ab287d8bc08) [0x00007ab287d8bd00, 0x00007ab287d8be58] Compiler: c1, Barriers: 0, Oops: 1, ImmediateOops: 1, NonImmediateOops: No
[2,296s][debug][gc,nmethod     ] Register NMethod: kotlinx.coroutines.BlockingCoroutine.afterCompletion (0x00007ab287d8bf08) [0x00007ab287d8c000, 0x00007ab287d8d4e0] Compiler: c1, Barriers: 4, Oops: 1, ImmediateOops: 4, NonImmediateOops: No
[2,296s][debug][gc,nmethod     ] Register NMethod: kotlinx.coroutines.ThreadLocalEventLoop.resetEventLoop$kotlinx_coroutines_core (0x00007ab287d8d508) [0x00007ab287d8d600, 0x00007ab287d8e578] Compiler: c1, Barriers: 4, Oops: 2, ImmediateOops: 3, NonImmediateOops: No
[2,296s][debug][gc,nmethod     ] Register NMethod: kotlinx.coroutines.EventLoopImplBase.shutdown (0x00007ab287d8e608) [0x00007ab287d8e700, 0x00007ab287d8fc88] Compiler: c1, Barriers: 4, Oops: 2, ImmediateOops: 5, NonImmediateOops: No
[2,296s][debug][gc,nmethod     ] Register NMethod: kotlinx.coroutines.EventLoopImplBase.rescheduleAllDelayed (0x00007ab287d8fd08) [0x00007ab287d8fe00, 0x00007ab287d90b70] Compiler: c1, Barriers: 2, Oops: 2, ImmediateOops: 4, NonImmediateOops: No
[2,296s][debug][gc,nmethod     ] Register NMethod: java.util.ArrayDeque.push (0x00007ab287d90b88) [0x00007ab287d90c80, 0x00007ab287d90dc8] Compiler: c1, Barriers: 0, Oops: 0, ImmediateOops: 0, NonImmediateOops: No
[2,297s][debug][gc,nmethod     ] Register NMethod: kotlinx.coroutines.EventLoopImplBase.closeQueue (0x00007ab287d90e88) [0x00007ab287d90f80, 0x00007ab287d92f08] Compiler: c1, Barriers: 2, Oops: 5, ImmediateOops: 13, NonImmediateOops: No
[2,297s][debug][gc,nmethod     ] Register NMethod: java.util.ArrayDeque.dec (0x00007ab287d92f88) [0x00007ab287d93080, 0x00007ab287d93198] Compiler: c1, Barriers: 0, Oops: 0, ImmediateOops: 0, NonImmediateOops: No
[2,297s][debug][gc,nmethod     ] Register NMethod: java.util.ArrayDeque.addFirst (0x00007ab287d93288) [0x00007ab287d93380, 0x00007ab287d93960] Compiler: c1, Barriers: 4, Oops: 0, ImmediateOops: 0, NonImmediateOops: No
[2,297s][debug][gc,nmethod     ] Register NMethod: kotlinx.coroutines.BlockingCoroutine.joinBlocking (0x00007ab287d93988) [0x00007ab287d93a80, 0x00007ab287d96728] Compiler: c1, Barriers: 11, Oops: 1, ImmediateOops: 5, NonImmediateOops: No
[2,297s][debug][gc,nmethod     ] Register NMethod: sun.nio.fs.NativeBuffers.releaseNativeBuffer (0x00007ab2a6d0a388) [0x00007ab2a6d0a480, 0x00007ab2a6d0a8f0] Compiler: jvmci, Barriers: 12, Oops: 1, ImmediateOops: 1, NonImmediateOops: No
[2,300s][debug][gc,nmethod     ] Register NMethod: io.sirix.access.trx.page.NodeStorageEngineReader.getValue (0x00007ab2a6d0a908) [0x00007ab2a6d0aa00, 0x00007ab2a6d0b338] Compiler: jvmci, Barriers: 13, Oops: 1, ImmediateOops: 1, NonImmediateOops: No
[2,300s][debug][gc,nmethod     ] Register NMethod: kotlinx.coroutines.BuildersKt.runBlocking (0x00007ab287d96788) [0x00007ab287d96880, 0x00007ab287d96990] Compiler: c1, Barriers: 0, Oops: 1, ImmediateOops: 0, NonImmediateOops: No
[2,300s][debug][gc,nmethod     ] Register NMethod: kotlinx.coroutines.BuildersKt.runBlocking$default (0x00007ab287d96a88) [0x00007ab287d96b80, 0x00007ab287d96d80] Compiler: c1, Barriers: 0, Oops: 1, ImmediateOops: 1, NonImmediateOops: No
[2,300s][debug][gc,nmethod     ] Register NMethod: kotlinx.coroutines.BuildersKt__BuildersKt.runBlocking$default (0x00007ab287d96e08) [0x00007ab287d96f00, 0x00007ab287d970a0] Compiler: c1, Barriers: 0, Oops: 1, ImmediateOops: 1, NonImmediateOops: No
[2,300s][debug][gc,nmethod     ] Register NMethod: kotlin.jvm.internal.Intrinsics.checkNotNull (0x00007ab2a6d0b388) [0x00007ab2a6d0b480, 0x00007ab2a6d0b510] Compiler: jvmci, Barriers: 0, Oops: 1, ImmediateOops: 0, NonImmediateOops: No
[2,301s][debug][gc,nmethod     ] Register NMethod: kotlinx.coroutines.EventLoop.incrementUseCount (0x00007ab287d97108) [0x00007ab287d97200, 0x00007ab287d973e8] Compiler: c1, Barriers: 0, Oops: 1, ImmediateOops: 0, NonImmediateOops: No
[2,301s][debug][gc,nmethod     ] Register NMethod: kotlinx.coroutines.BuildersKt__BuildersKt.runBlocking (0x00007ab287d97408) [0x00007ab287d97500, 0x00007ab287d994f8] Compiler: c1, Barriers: 8, Oops: 4, ImmediateOops: 7, NonImmediateOops: No
[2,301s][debug][gc,nmethod     ] Register NMethod: io.sirix.node.immutable.xml.ImmutableText.getNodeKey (0x00007ab287d99588) [0x00007ab287d99680, 0x00007ab287d99990] Compiler: c1, Barriers: 1, Oops: 1, ImmediateOops: 0, NonImmediateOops: No
[2,301s][debug][gc,nmethod     ] Register NMethod: kotlinx.coroutines.ThreadLocalEventLoop.getEventLoop$kotlinx_coroutines_core (0x00007ab287d99a08) [0x00007ab287d99b00, 0x00007ab287d9b460] Compiler: c1, Barriers: 12, Oops: 4, ImmediateOops: 6, NonImmediateOops: No
[2,301s][debug][gc,nmethod     ] Register NMethod: kotlinx.coroutines.channels.BufferedChannel.isConflatedDropOldest (0x00007ab2a6d0b688) [0x00007ab2a6d0b780, 0x00007ab2a6d0b840] Compiler: c1, Barriers: 0, Oops: 1, ImmediateOops: 0, NonImmediateOops: No
[2,301s][debug][gc,nmethod     ] Register NMethod: kotlinx.coroutines.EventLoop.decrementUseCount (0x00007ab287d9b488) [0x00007ab287d9b580, 0x00007ab287d9bb70] Compiler: c1, Barriers: 0, Oops: 1, ImmediateOops: 0, NonImmediateOops: No
[2,301s][debug][gc,nmethod     ] Register NMethod: kotlin.coroutines.CombinedContext.get (0x00007ab2a6d0b988) [0x00007ab2a6d0ba80, 0x00007ab2a6d0bfd8] Compiler: jvmci, Barriers: 5, Oops: 1, ImmediateOops: 2, NonImmediateOops: No
[2,302s][debug][gc,director    ] Rule Major: Warmup 10%, Used: 354MB, UsedThreshold: 1228MB
[2,303s][debug][gc,nmethod     ] Register NMethod: kotlinx.coroutines.channels.BufferedChannel.cancelSuspendedReceiveRequests (0x00007ab287d9bb88) [0x00007ab287d9bc80, 0x00007ab287da18c0] Compiler: c1, Barriers: 11, Oops: 13, ImmediateOops: 20, NonImmediateOops: No
[2,304s][debug][gc,nmethod     ] Register NMethod: com.google.common.collect.testing.AbstractIteratorTester$PermittedMetaException$1.isPermitted (0x00007ab287da1988) [0x00007ab287da1a80, 0x00007ab287da2000] Compiler: c1, Barriers: 0, Oops: 1, ImmediateOops: 0, NonImmediateOops: No
[2,304s][debug][gc,nmethod     ] Register NMethod: io.sirix.access.trx.page.NodeStorageEngineReader.getRecord (0x00007ab2a6d0c008) [0x00007ab2a6d0c100, 0x00007ab2a6d0dc88] Compiler: jvmci, Barriers: 47, Oops: 3, ImmediateOops: 2, NonImmediateOops: No
[2,305s][debug][gc,nmethod     ] Register NMethod: java.util.Vector.add (0x00007ab2a6d0dd08) [0x00007ab2a6d0de00, 0x00007ab2a6d0e5a0] Compiler: jvmci, Barriers: 16, Oops: 0, ImmediateOops: 0, NonImmediateOops: No
[2,306s][debug][gc,nmethod     ] Register NMethod: sun.nio.ch.NativeThreadSet.add (0x00007ab2a6d0e608) [0x00007ab2a6d0e700, 0x00007ab2a6d0ed20] Compiler: jvmci, Barriers: 5, Oops: 0, ImmediateOops: 0, NonImmediateOops: No
[2,306s][debug][gc,nmethod     ] Register NMethod: io.sirix.access.trx.page.NodeStorageEngineReader.getRecordPage (0x00007ab2a6d0ed88) [0x00007ab2a6d0ee80, 0x00007ab2a6d10818] Compiler: jvmci, Barriers: 61, Oops: 1, ImmediateOops: 1, NonImmediateOops: No
[2,307s][debug][gc,nmethod     ] Register NMethod: java.nio.Bits.reserveMemory (0x00007ab2a6d10888) [0x00007ab2a6d10980, 0x00007ab2a6d10b28] Compiler: jvmci, Barriers: 0, Oops: 0, ImmediateOops: 4, NonImmediateOops: No
[2,307s][debug][gc,nmethod     ] Register NMethod: sun.nio.ch.NativeThreadSet.remove (0x00007ab2a6d10b88) [0x00007ab2a6d10c80, 0x00007ab2a6d10fe0] Compiler: jvmci, Barriers: 1, Oops: 0, ImmediateOops: 0, NonImmediateOops: No
[2,310s][debug][gc,nmethod     ] Register NMethod: sun.nio.ch.IOUtil.readIntoNativeBuffer (0x00007ab2a6d11008) [0x00007ab2a6d11100, 0x00007ab2a6d115f8] Compiler: jvmci, Barriers: 4, Oops: 0, ImmediateOops: 0, NonImmediateOops: No
[2,311s][debug][gc,nmethod     ] Register NMethod: java.util.concurrent.atomic.AtomicReferenceArray.compareAndSet (0x00007ab2a6d11608) [0x00007ab2a6d11700, 0x00007ab2a6d118b0] Compiler: jvmci, Barriers: 6, Oops: 0, ImmediateOops: 0, NonImmediateOops: No
[2,312s][debug][gc,nmethod     ] Register NMethod: it.unimi.dsi.fastutil.shorts.ShortArrayList.add (0x00007ab2a6d11908) [0x00007ab2a6d11a00, 0x00007ab2a6d11b48] Compiler: jvmci, Barriers: 1, Oops: 1, ImmediateOops: 0, NonImmediateOops: No
[2,312s][debug][gc,director    ] Rule Major: Warmup 10%, Used: 360MB, UsedThreshold: 1228MB
[2,312s][debug][gc,nmethod     ] Register NMethod: io.sirix.page.PageUtils.fixupPageReferenceIds (0x00007ab2a6d11c08) [0x00007ab2a6d11d00, 0x00007ab2a6d13100] Compiler: jvmci, Barriers: 29, Oops: 1, ImmediateOops: 0, NonImmediateOops: No
[2,313s][debug][gc,nmethod     ] Register NMethod: kotlin.coroutines.intrinsics.IntrinsicsKt__IntrinsicsKt.getCOROUTINE_SUSPENDED (0x00007ab2a6d13188) [0x00007ab2a6d13280, 0x00007ab2a6d132f0] Compiler: jvmci, Barriers: 0, Oops: 1, ImmediateOops: 1, NonImmediateOops: No
[2,313s][debug][gc,nmethod     ] Register NMethod: kotlinx.coroutines.channels.BufferedChannelKt.access$getNO_CLOSE_CAUSE$p (0x00007ab2a6d13488) [0x00007ab2a6d13580, 0x00007ab2a6d135f0] Compiler: jvmci, Barriers: 0, Oops: 1, ImmediateOops: 1, NonImmediateOops: No
[2,313s][debug][gc,nmethod     ] Register NMethod: java.util.concurrent.atomic.AtomicIntegerFieldUpdater$AtomicIntegerFieldUpdaterImpl.getAndAdd (0x00007ab2a6d13788) [0x00007ab2a6d13880, 0x00007ab2a6d13ab0] Compiler: jvmci, Barriers: 1, Oops: 0, ImmediateOops: 0, NonImmediateOops: No
[2,314s][debug][gc,nmethod     ] Register NMethod: com.google.common.collect.testing.AbstractIteratorTester$PermittedMetaException$4.isPermitted (0x00007ab287da2088) [0x00007ab287da2180, 0x00007ab287da2488] Compiler: c1, Barriers: 0, Oops: 1, ImmediateOops: 0, NonImmediateOops: No
[2,314s][debug][gc,nmethod     ] Register NMethod: java.lang.invoke.DirectMethodHandle$Holder.invokeStatic (0x00007ab2a6d13b08) [0x00007ab2a6d13c00, 0x00007ab2a6d13d20] Compiler: jvmci, Barriers: 1, Oops: 0, ImmediateOops: 0, NonImmediateOops: No
[2,314s][debug][gc,nmethod     ] Register NMethod: java.util.NoSuchElementException.<init> (0x00007ab287da2508) [0x00007ab287da2600, 0x00007ab287da27f0] Compiler: c1, Barriers: 0, Oops: 0, ImmediateOops: 0, NonImmediateOops: No
[2,317s][debug][gc,nmethod     ] Register NMethod: java.util.ArrayList.<init> (0x00007ab2a6d13e08) [0x00007ab2a6d13f00, 0x00007ab2a6d14238] Compiler: jvmci, Barriers: 6, Oops: 0, ImmediateOops: 1, NonImmediateOops: No
[2,317s][debug][gc,nmethod     ] Register NMethod: java.util.concurrent.ConcurrentHashMap$BaseIterator.<init> (0x00007ab287da2808) [0x00007ab287da2900, 0x00007ab287da2ca8] Compiler: c1, Barriers: 3, Oops: 0, ImmediateOops: 0, NonImmediateOops: No
[2,317s][debug][gc,nmethod     ] Register NMethod: java.util.concurrent.ConcurrentHashMap.values (0x00007ab287da2d08) [0x00007ab287da2e00, 0x00007ab287da31d8] Compiler: c1, Barriers: 7, Oops: 0, ImmediateOops: 0, NonImmediateOops: No
[2,318s][debug][gc,nmethod     ] Register NMethod: java.nio.ByteBuffer.<init> (0x00007ab2a6d14288) [0x00007ab2a6d14380, 0x00007ab2a6d146b0] Compiler: jvmci, Barriers: 5, Oops: 0, ImmediateOops: 0, NonImmediateOops: No
[2,318s][debug][gc,nmethod     ] Register NMethod: java.nio.MappedByteBuffer.<init> (0x00007ab2a6d14708) [0x00007ab2a6d14800, 0x00007ab2a6d14ac0] Compiler: jvmci, Barriers: 7, Oops: 0, ImmediateOops: 0, NonImmediateOops: No
[2,319s][debug][gc,nmethod     ] Register NMethod: io.sirix.cache.ShardedPageCache.getAndGuard (0x00007ab2a6d14b08) [0x00007ab2a6d14ce0, 0x00007ab2a6d16000] Compiler: jvmci, Barriers: 35, Oops: 3, ImmediateOops: 2, NonImmediateOops: No
[2,320s][debug][gc,nmethod     ] Register NMethod: org.gradle.internal.dispatch.MethodInvocation.getMethod (0x00007ab2a6d16088) [0x00007ab2a6d16180, 0x00007ab2a6d16268] Compiler: c1, Barriers: 1, Oops: 1, ImmediateOops: 0, NonImmediateOops: No
[2,320s][debug][gc,nmethod     ] Register NMethod: org.gradle.internal.dispatch.MethodInvocation.getArguments (0x00007ab2a6d16388) [0x00007ab2a6d16480, 0x00007ab2a6d16568] Compiler: c1, Barriers: 1, Oops: 1, ImmediateOops: 0, NonImmediateOops: No
[2,320s][debug][gc,nmethod     ] Register NMethod: java.lang.invoke.MethodHandle.asType (0x00007ab287da3208) [0x00007ab287da3300, 0x00007ab287da3568] Compiler: c1, Barriers: 1, Oops: 0, ImmediateOops: 0, NonImmediateOops: No
[2,320s][debug][gc,nmethod     ] Register NMethod: java.lang.invoke.MethodHandle.setAsTypeCache (0x00007ab287da3588) [0x00007ab287da3680, 0x00007ab287da3f58] Compiler: c1, Barriers: 14, Oops: 0, ImmediateOops: 2, NonImmediateOops: No
[2,320s][debug][gc,nmethod     ] Register NMethod: java.lang.invoke.MethodHandleImpl.computeValueConversions (0x00007ab287da3f88) [0x00007ab287da4080, 0x00007ab287da5360] Compiler: c1, Barriers: 10, Oops: 0, ImmediateOops: 0, NonImmediateOops: No
[2,320s][debug][gc,nmethod     ] Register NMethod: java.lang.invoke.MethodHandle.asTypeUncached (0x00007ab287da5388) [0x00007ab287da5480, 0x00007ab287da70b0] Compiler: c1, Barriers: 1, Oops: 2, ImmediateOops: 4, NonImmediateOops: No
[2,320s][debug][gc,nmethod     ] Register NMethod: java.lang.invoke.MethodHandleImpl.countNonNull (0x00007ab287da7108) [0x00007ab287da7200, 0x00007ab287da7448] Compiler: c1, Barriers: 1, Oops: 0, ImmediateOops: 0, NonImmediateOops: No
[2,320s][debug][gc,nmethod     ] Register NMethod: java.lang.invoke.MethodHandleImpl.makePairwiseConvert (0x00007ab287da7488) [0x00007ab287da7580, 0x00007ab287da7698] Compiler: c1, Barriers: 0, Oops: 0, ImmediateOops: 0, NonImmediateOops: No
[2,321s][debug][gc,nmethod     ] Register NMethod: sun.nio.ch.IOUtil.read (0x00007ab2a6d16688) [0x00007ab2a6d16780, 0x00007ab2a6d17560] Compiler: jvmci, Barriers: 19, Oops: 1, ImmediateOops: 1, NonImmediateOops: No
[2,321s][debug][gc,nmethod     ] Register NMethod: java.lang.invoke.MethodType.isConvertibleTo (0x00007ab287da7788) [0x00007ab287da7880, 0x00007ab287da8de0] Compiler: c1, Barriers: 12, Oops: 0, ImmediateOops: 0, NonImmediateOops: No
[2,321s][debug][gc,nmethod     ] Register NMethod: java.lang.invoke.MethodHandle.keepsAlive (0x00007ab287da8e08) [0x00007ab287da8f00, 0x00007ab287da9ec8] Compiler: c1, Barriers: 5, Oops: 0, ImmediateOops: 4, NonImmediateOops: No
[2,321s][debug][gc,nmethod     ] Register NMethod: java.util.HashMap$EntrySet.iterator (0x00007ab287da9f08) [0x00007ab287daa000, 0x00007ab287daa380] Compiler: c1, Barriers: 1, Oops: 0, ImmediateOops: 0, NonImmediateOops: No
[2,321s][debug][gc,nmethod     ] Register NMethod: java.lang.invoke.MethodHandleImpl.makePairwiseConvert (0x00007ab287daa388) [0x00007ab287daa480, 0x00007ab287daa7f0] Compiler: c1, Barriers: 1, Oops: 0, ImmediateOops: 0, NonImmediateOops: No
[2,321s][debug][gc,nmethod     ] Register NMethod: java.util.LinkedHashMap.afterNodeInsertion (0x00007ab287daa808) [0x00007ab287daa900, 0x00007ab287dab1e0] Compiler: c1, Barriers: 2, Oops: 0, ImmediateOops: 0, NonImmediateOops: No
[2,321s][debug][gc,nmethod     ] Register NMethod: java.util.HashMap$EntryIterator.<init> (0x00007ab287dab208) [0x00007ab287dab300, 0x00007ab287dab580] Compiler: c1, Barriers: 0, Oops: 0, ImmediateOops: 0, NonImmediateOops: No
[2,321s][debug][gc,nmethod     ] Register NMethod: jdk.internal.ref.CleanerImpl$CleanableList.remove (0x00007ab2a6d17588) [0x00007ab2a6d17680, 0x00007ab2a6d17d38] Compiler: jvmci, Barriers: 16, Oops: 0, ImmediateOops: 0, NonImmediateOops: No
[2,321s][debug][gc,nmethod     ] Register NMethod: java.util.Collections$UnmodifiableCollection$1.hasNext (0x00007ab287dab588) [0x00007ab287dab680, 0x00007ab287dab9c8] Compiler: c1, Barriers: 1, Oops: 0, ImmediateOops: 0, NonImmediateOops: No
[2,322s][debug][gc,nmethod     ] Register NMethod: java.lang.StringLatin1.compareTo (0x00007ab287daba08) [0x00007ab287dabb00, 0x00007ab287dabc30] Compiler: c1, Barriers: 0, Oops: 0, ImmediateOops: 0, NonImmediateOops: No
[2,322s][debug][gc,nmethod     ] Register NMethod: java.util.StringJoiner.checkAddLength (0x00007ab287dabd08) [0x00007ab287dabe00, 0x00007ab287dac9c0] Compiler: c1, Barriers: 4, Oops: 0, ImmediateOops: 1, NonImmediateOops: No
[2,322s][debug][gc,nmethod     ] Register NMethod: java.util.HashMap.<init> (0x00007ab2a6d17d88) [0x00007ab2a6d17ea0, 0x00007ab2a6d17f30] Compiler: jvmci, Barriers: 0, Oops: 0, ImmediateOops: 0, NonImmediateOops: No
[2,322s][debug][gc,nmethod     ] Register NMethod: java.lang.StringLatin1.compareTo (0x00007ab287daca08) [0x00007ab287dacb00, 0x00007ab287dace50] Compiler: c1, Barriers: 0, Oops: 0, ImmediateOops: 0, NonImmediateOops: No
[2,322s][debug][gc,nmethod     ] Register NMethod: java.lang.String.compareTo (0x00007ab287dace88) [0x00007ab287dacf80, 0x00007ab287dad7b0] Compiler: c1, Barriers: 2, Oops: 0, ImmediateOops: 0, NonImmediateOops: No
[2,322s][debug][gc,nmethod     ] Register NMethod: java.util.Collections$EmptyIterator.hasNext (0x00007ab2a6d18088) [0x00007ab2a6d18180, 0x00007ab2a6d18240] Compiler: c1, Barriers: 0, Oops: 0, ImmediateOops: 0, NonImmediateOops: No
[2,322s][debug][gc,director    ] Rule Major: Warmup 10%, Used: 366MB, UsedThreshold: 1228MB
[2,322s][debug][gc,nmethod     ] Register NMethod: sun.nio.fs.UnixNativeDispatcher.readdir0 (0x00007ab2a6d18388) [0x00007ab2a6d18480, 0x00007ab2a6d187a8] Compiler: , Barriers: 0, Oops: 0, ImmediateOops: 1, NonImmediateOops: No
[2,322s][debug][gc,nmethod     ] Register NMethod: java.lang.invoke.Invokers$Holder.linkToTargetMethod (0x00007ab2a6d18808) [0x00007ab2a6d18900, 0x00007ab2a6d189f0] Compiler: jvmci, Barriers: 0, Oops: 0, ImmediateOops: 0, NonImmediateOops: No
[2,322s][debug][gc,nmethod     ] Register NMethod: sun.nio.fs.UnixDirectoryStream.readLock (0x00007ab287dad808) [0x00007ab287dad900, 0x00007ab287dada90] Compiler: c1, Barriers: 2, Oops: 0, ImmediateOops: 0, NonImmediateOops: No
[2,323s][debug][gc,nmethod     ] Register NMethod: java.util.stream.Sink$ChainedReference.begin (0x00007ab287dadb08) [0x00007ab287dadc00, 0x00007ab287dadf40] Compiler: c1, Barriers: 1, Oops: 0, ImmediateOops: 0, NonImmediateOops: No
[2,323s][debug][gc,nmethod     ] Register NMethod: java.util.ArrayList.<init> (0x00007ab287dadf88) [0x00007ab287dae080, 0x00007ab287dae950] Compiler: c1, Barriers: 9, Oops: 0, ImmediateOops: 3, NonImmediateOops: No
[2,324s][debug][gc,nmethod     ] Register NMethod: java.util.HashSet.contains (0x00007ab2a6d18b08) [0x00007ab2a6d18c00, 0x00007ab2a6d194e8] Compiler: jvmci, Barriers: 13, Oops: 0, ImmediateOops: 0, NonImmediateOops: No
[2,324s][debug][gc,nmethod     ] Register NMethod: java.lang.invoke.MethodHandleImpl.makePairwiseConvertByEditor (0x00007ab287dae988) [0x00007ab287daea80, 0x00007ab287db9b20] Compiler: c1, Barriers: 43, Oops: 3, ImmediateOops: 15, NonImmediateOops: No
[2,326s][debug][gc,nmethod     ] Register NMethod: com.google.gson.stream.JsonWriter.peek (0x00007ab287db9b88) [0x00007ab287db9c80, 0x00007ab287db9ed8] Compiler: c1, Barriers: 1, Oops: 1, ImmediateOops: 1, NonImmediateOops: No
[2,326s][debug][gc,nmethod     ] Register NMethod: com.google.gson.stream.JsonWriter.string (0x00007ab287db9f08) [0x00007ab287dba000, 0x00007ab287dbc3c8] Compiler: c1, Barriers: 10, Oops: 2, ImmediateOops: 6, NonImmediateOops: No
[2,327s][debug][gc,nmethod     ] Register NMethod: java.lang.String.encode (0x00007ab287dbc408) [0x00007ab287dbc500, 0x00007ab287dbc838] Compiler: c1, Barriers: 0, Oops: 0, ImmediateOops: 3, NonImmediateOops: No
[2,327s][debug][gc,nmethod     ] Register NMethod: java.util.concurrent.atomic.AtomicInteger.<init> (0x00007ab2a6d19508) [0x00007ab2a6d19600, 0x00007ab2a6d19690] Compiler: jvmci, Barriers: 0, Oops: 0, ImmediateOops: 0, NonImmediateOops: No
[2,327s][debug][gc,nmethod     ] Register NMethod: java.lang.String.encodeUTF8 (0x00007ab287dbc888) [0x00007ab287dbc980, 0x00007ab287dbd008] Compiler: c1, Barriers: 0, Oops: 0, ImmediateOops: 0, NonImmediateOops: No
[2,327s][debug][gc,nmethod     ] Register NMethod: it.unimi.dsi.fastutil.HashCommon.mix (0x00007ab2a6d19808) [0x00007ab2a6d19900, 0x00007ab2a6d19970] Compiler: jvmci, Barriers: 0, Oops: 1, ImmediateOops: 0, NonImmediateOops: No
[2,327s][debug][gc,nmethod     ] Register NMethod: io.sirix.page.KeyValueLeafPage.getRevision (0x00007ab2a6d19b08) [0x00007ab2a6d19c00, 0x00007ab2a6d19cc0] Compiler: c1, Barriers: 0, Oops: 1, ImmediateOops: 0, NonImmediateOops: No
[2,328s][debug][gc,nmethod     ] Register NMethod: jdk.internal.foreign.layout.MemoryLayoutUtil.requireByteSizeValid (0x00007ab287dbd088) [0x00007ab287dbd180, 0x00007ab287dbdee8] Compiler: c1, Barriers: 0, Oops: 1, ImmediateOops: 2, NonImmediateOops: No
[2,328s][debug][gc,nmethod     ] Register NMethod: jdk.internal.foreign.Utils.isPowerOfTwo (0x00007ab287dbdf08) [0x00007ab287dbe000, 0x00007ab287dbe140] Compiler: c1, Barriers: 0, Oops: 0, ImmediateOops: 0, NonImmediateOops: No
[2,328s][debug][gc,nmethod     ] Register NMethod: jdk.internal.foreign.layout.AbstractLayout.<init> (0x00007ab287dbe208) [0x00007ab287dbe300, 0x00007ab287dbe6a8] Compiler: c1, Barriers: 3, Oops: 0, ImmediateOops: 0, NonImmediateOops: No
[2,328s][debug][gc,nmethod     ] Register NMethod: sun.security.provider.SHA2.implCompressCheck (0x00007ab287dbe708) [0x00007ab287dbe800, 0x00007ab287dbeb68] Compiler: c1, Barriers: 0, Oops: 1, ImmediateOops: 1, NonImmediateOops: No
[2,328s][debug][gc,nmethod     ] Register NMethod: sun.security.provider.SHA2.implCompress (0x00007ab287dbeb88) [0x00007ab287dbec80, 0x00007ab287dbf090] Compiler: c1, Barriers: 0, Oops: 1, ImmediateOops: 1, NonImmediateOops: No
[2,328s][debug][gc,nmethod     ] Register NMethod: jdk.internal.foreign.layout.ValueLayouts$AbstractValueLayout.assertCarrierSize (0x00007ab287dbf108) [0x00007ab287dbf200, 0x00007ab287dbf310] Compiler: c1, Barriers: 0, Oops: 0, ImmediateOops: 0, NonImmediateOops: No
[2,328s][debug][gc,nmethod     ] Register NMethod: jdk.internal.foreign.layout.AbstractLayout.requirePowerOfTwoAndGreaterOrEqualToOne (0x00007ab287dbf408) [0x00007ab287dbf500, 0x00007ab287dc0280] Compiler: c1, Barriers: 0, Oops: 1, ImmediateOops: 2, NonImmediateOops: No
[2,328s][debug][gc,nmethod     ] Register NMethod: io.sirix.node.GrowingMemorySegment.setPosition (0x00007ab2a6d19e08) [0x00007ab2a6d19f00, 0x00007ab2a6d19fc0] Compiler: c1, Barriers: 0, Oops: 1, ImmediateOops: 0, NonImmediateOops: No
[2,329s][debug][gc,nmethod     ] Register NMethod: java.util.TimSort.sort (0x00007ab287dc0308) [0x00007ab287dc0400, 0x00007ab287dc0b18] Compiler: c1, Barriers: 2, Oops: 0, ImmediateOops: 0, NonImmediateOops: No
[2,331s][debug][gc,nmethod     ] Register NMethod: sun.nio.fs.UnixPath.resolve (0x00007ab2a6d1a108) [0x00007ab2a6d1a200, 0x00007ab2a6d1a980] Compiler: jvmci, Barriers: 7, Oops: 0, ImmediateOops: 0, NonImmediateOops: No
[2,331s][debug][gc,nmethod     ] Register NMethod: io.sirix.page.PageKind$1.serializePage (0x00007ab287dc0b88) [0x00007ab287dc0c80, 0x00007ab287dce5b8] Compiler: c1, Barriers: 65, Oops: 7, ImmediateOops: 10, NonImmediateOops: No
[2,332s][debug][gc,nmethod     ] Register NMethod: sun.nio.fs.UnixPath.initOffsets (0x00007ab287dce608) [0x00007ab287dce700, 0x00007ab287dcf0e8] Compiler: c1, Barriers: 8, Oops: 0, ImmediateOops: 0, NonImmediateOops: No
[2,332s][debug][gc,director    ] Rule Major: Warmup 10%, Used: 368MB, UsedThreshold: 1228MB
[2,332s][debug][gc,nmethod     ] Register NMethod: com.google.common.collect.testing.Helpers.addAll (0x00007ab2a6d1a988) [0x00007ab2a6d1aaa0, 0x00007ab2a6d1cd18] Compiler: jvmci, Barriers: 47, Oops: 3, ImmediateOops: 1, NonImmediateOops: No
[2,332s][debug][gc,nmethod     ] Register NMethod: io.sirix.io.filechannel.FileChannelWriter.delegate (0x00007ab2a6d1cd88) [0x00007ab2a6d1ce80, 0x00007ab2a6d1cf68] Compiler: c1, Barriers: 1, Oops: 1, ImmediateOops: 0, NonImmediateOops: No
[2,332s][debug][gc,nmethod     ] Register NMethod: io.sirix.node.GrowingMemorySegment.ensureCapacity (0x00007ab2a6d1d088) [0x00007ab2a6d1d180, 0x00007ab2a6d1d260] Compiler: jvmci, Barriers: 0, Oops: 1, ImmediateOops: 0, NonImmediateOops: No
[2,332s][debug][gc,nmethod     ] Register NMethod: com.github.benmanes.caffeine.cache.SSLSMW.maximum (0x00007ab2a6d1d388) [0x00007ab2a6d1d480, 0x00007ab2a6d1d540] Compiler: c1, Barriers: 0, Oops: 1, ImmediateOops: 0, NonImmediateOops: No
[2,333s][debug][gc,nmethod     ] Register NMethod: com.github.benmanes.caffeine.cache.SSLSMW.accessOrderWindowDeque (0x00007ab2a6d1d688) [0x00007ab2a6d1d780, 0x00007ab2a6d1d870] Compiler: c1, Barriers: 1, Oops: 1, ImmediateOops: 0, NonImmediateOops: No
[2,334s][debug][gc,nmethod     ] Register NMethod: java.util.concurrent.ForkJoinPool.deactivate (0x00007ab287dcf108) [0x00007ab287dcf200, 0x00007ab287dcfca8] Compiler: c1, Barriers: 4, Oops: 0, ImmediateOops: 0, NonImmediateOops: No
[2,334s][debug][gc,nmethod     ] Register NMethod: java.util.concurrent.ConcurrentHashMap$KeySetView.add (0x00007ab287dcfd08) [0x00007ab287dcfe00, 0x00007ab287dd02a8] Compiler: c1, Barriers: 2, Oops: 0, ImmediateOops: 0, NonImmediateOops: No
[2,335s][debug][gc,nmethod     ] Register NMethod: com.google.common.base.Preconditions.checkArgument (0x00007ab2a6d1d988) [0x00007ab2a6d1da80, 0x00007ab2a6d1db18] Compiler: jvmci, Barriers: 0, Oops: 1, ImmediateOops: 0, NonImmediateOops: No
[2,336s][debug][gc,nmethod     ] Register NMethod: io.sirix.settings.VersioningType$4.combineRecordPages (0x00007ab287dd0308) [0x00007ab287dd0400, 0x00007ab287dd4f60] Compiler: c1, Barriers: 8, Oops: 1, ImmediateOops: 0, NonImmediateOops: No
[2,337s][debug][gc,nmethod     ] Register NMethod: jdk.internal.classfile.impl.Util.entryList (0x00007ab287dd4f88) [0x00007ab287dd5080, 0x00007ab287dd5e78] Compiler: c1, Barriers: 3, Oops: 1, ImmediateOops: 1, NonImmediateOops: No
[2,337s][debug][gc,nmethod     ] Register NMethod: io.sirix.page.KeyValueLeafPage.getNumberOfNonNullEntries (0x00007ab2a6d1dc88) [0x00007ab2a6d1dd80, 0x00007ab2a6d1df80] Compiler: jvmci, Barriers: 2, Oops: 1, ImmediateOops: 0, NonImmediateOops: No
[2,337s][debug][gc,nmethod     ] Register NMethod: java.util.concurrent.ConcurrentHashMap.get (0x00007ab287dd5e88) [0x00007ab287dd5f80, 0x00007ab287dd6f98] Compiler: c1, Barriers: 7, Oops: 0, ImmediateOops: 0, NonImmediateOops: No
[2,338s][debug][gc,nmethod     ] Register NMethod: jdk.xml.internal.XMLSecurityManager$Limit.systemProperty (0x00007ab2a6d1e008) [0x00007ab2a6d1e100, 0x00007ab2a6d1e1e8] Compiler: c1, Barriers: 1, Oops: 0, ImmediateOops: 0, NonImmediateOops: No
[2,338s][debug][gc,nmethod     ] Register NMethod: java.nio.DirectByteBuffer.get (0x00007ab2a6d1e308) [0x00007ab2a6d1e400, 0x00007ab2a6d1e648] Compiler: jvmci, Barriers: 4, Oops: 0, ImmediateOops: 0, NonImmediateOops: No
[2,339s][debug][gc,nmethod     ] Register NMethod: java.lang.invoke.DirectMethodHandle$Holder.invokeStatic (0x00007ab287dd7008) [0x00007ab287dd7100, 0x00007ab287dd74d8] Compiler: c1, Barriers: 1, Oops: 0, ImmediateOops: 0, NonImmediateOops: No
[2,339s][debug][gc,nmethod     ] Register NMethod: java.lang.invoke.MethodHandles$Lookup.makeHiddenClassDefiner (0x00007ab287dd7508) [0x00007ab287dd7600, 0x00007ab287dd78a8] Compiler: c1, Barriers: 0, Oops: 0, ImmediateOops: 0, NonImmediateOops: No
[2,339s][debug][gc,nmethod     ] Register NMethod: java.lang.CharacterData.of (0x00007ab2a6d1e688) [0x00007ab2a6d1e780, 0x00007ab2a6d1e868] Compiler: jvmci, Barriers: 0, Oops: 0, ImmediateOops: 2, NonImmediateOops: No
[2,340s][debug][gc,nmethod     ] Register NMethod: jdk.xml.internal.XMLSecurityManager$Limit.is (0x00007ab287dd7908) [0x00007ab287dd7a00, 0x00007ab287dd8010] Compiler: c1, Barriers: 2, Oops: 0, ImmediateOops: 0, NonImmediateOops: No
[2,340s][debug][gc,nmethod     ] Register NMethod: com.sun.org.apache.xerces.internal.impl.XMLEntityScanner.checkEntityLimit (0x00007ab287dd8088) [0x00007ab287dd8180, 0x00007ab287dd8478] Compiler: c1, Barriers: 0, Oops: 0, ImmediateOops: 4, NonImmediateOops: No
[2,342s][debug][gc,director    ] Rule Major: Warmup 10%, Used: 368MB, UsedThreshold: 1228MB
[2,344s][debug][gc,nmethod     ] Register NMethod: io.brackit.query.atomic.QNm.getLocalName (0x00007ab2a6d1e988) [0x00007ab2a6d1ea80, 0x00007ab2a6d1eb68] Compiler: c1, Barriers: 1, Oops: 1, ImmediateOops: 0, NonImmediateOops: No
[2,345s][debug][gc,nmethod     ] Register NMethod: com.sun.org.apache.xerces.internal.impl.XMLDocumentFragmentScannerImpl.setScannerState (0x00007ab2a6d1ec88) [0x00007ab2a6d1ed80, 0x00007ab2a6d1ee40] Compiler: c1, Barriers: 0, Oops: 0, ImmediateOops: 0, NonImmediateOops: No
[2,345s][debug][gc,nmethod     ] Register NMethod: io.sirix.access.trx.page.NodeStorageEngineWriter.prepareRecordForModification (0x00007ab287dd8488) [0x00007ab287dd8580, 0x00007ab287dda408] Compiler: c1, Barriers: 7, Oops: 2, ImmediateOops: 4, NonImmediateOops: No
[2,345s][debug][gc,nmethod     ] Register NMethod: io.sirix.index.path.summary.PathSummaryReader.getNodeKey (0x00007ab287dda488) [0x00007ab287dda580, 0x00007ab287ddaa18] Compiler: c1, Barriers: 1, Oops: 1, ImmediateOops: 1, NonImmediateOops: No
[2,346s][debug][gc,nmethod     ] Register NMethod: io.sirix.axis.filter.AbstractFilter.getTrx (0x00007ab2a6d1ef88) [0x00007ab2a6d1f080, 0x00007ab2a6d1f168] Compiler: c1, Barriers: 1, Oops: 1, ImmediateOops: 0, NonImmediateOops: No
[2,346s][debug][gc,nmethod     ] Register NMethod: io.sirix.index.path.summary.PathSummaryReader.moveTo (0x00007ab287ddaa88) [0x00007ab287ddab80, 0x00007ab287ddb870] Compiler: c1, Barriers: 13, Oops: 1, ImmediateOops: 2, NonImmediateOops: No
[2,347s][debug][gc,nmethod     ] Register NMethod: java.lang.Math.multiplyHigh (0x00007ab287ddb888) [0x00007ab287ddb980, 0x00007ab287ddbad8] Compiler: c1, Barriers: 0, Oops: 0, ImmediateOops: 0, NonImmediateOops: No
[2,347s][debug][gc,nmethod     ] Register NMethod: net.openhft.hashing.MathsJDK9.unsignedLongMulXorFoldImp (0x00007ab287ddbb88) [0x00007ab287ddbc80, 0x00007ab287ddbe00] Compiler: c1, Barriers: 0, Oops: 1, ImmediateOops: 0, NonImmediateOops: No
[2,347s][debug][gc,nmethod     ] Register NMethod: net.openhft.hashing.Maths.unsignedLongMulXorFold (0x00007ab287ddbe88) [0x00007ab287ddbf80, 0x00007ab287ddc0b8] Compiler: c1, Barriers: 0, Oops: 1, ImmediateOops: 1, NonImmediateOops: No
[2,347s][debug][gc,nmethod     ] Register NMethod: io.sirix.node.AbstractForwardingNode.<init> (0x00007ab287ddc188) [0x00007ab287ddc280, 0x00007ab287ddc438] Compiler: c1, Barriers: 0, Oops: 1, ImmediateOops: 0, NonImmediateOops: No
[2,347s][debug][gc,nmethod     ] Register NMethod: net.openhft.hashing.XXH3.XXH3_mix16B (0x00007ab287ddc488) [0x00007ab287ddc580, 0x00007ab287dddf10] Compiler: c1, Barriers: 0, Oops: 3, ImmediateOops: 8, NonImmediateOops: No
[2,347s][debug][gc,nmethod     ] Register NMethod: io.sirix.access.trx.node.xml.XmlNodeHashing.getCurrentNode (0x00007ab287dddf88) [0x00007ab287dde080, 0x00007ab287dde828] Compiler: c1, Barriers: 2, Oops: 1, ImmediateOops: 0, NonImmediateOops: No
[2,347s][debug][gc,nmethod     ] Register NMethod: io.sirix.node.xml.ElementNode.getParentKey (0x00007ab287dde888) [0x00007ab287dde980, 0x00007ab287de3968] Compiler: c1, Barriers: 19, Oops: 7, ImmediateOops: 11, NonImmediateOops: No
[2,347s][debug][gc,nmethod     ] Register NMethod: io.sirix.access.trx.node.xml.XmlNodeHashing.getCurrentNode (0x00007ab287de3a08) [0x00007ab287de3b00, 0x00007ab287de4090] Compiler: c1, Barriers: 2, Oops: 1, ImmediateOops: 0, NonImmediateOops: No
[2,348s][debug][gc,nmethod     ] Register NMethod: it.unimi.dsi.fastutil.longs.LongArrayList.size (0x00007ab2a6d1f288) [0x00007ab2a6d1f380, 0x00007ab2a6d1f440] Compiler: c1, Barriers: 0, Oops: 1, ImmediateOops: 0, NonImmediateOops: No
[2,348s][debug][gc,nmethod     ] Register NMethod: io.sirix.access.trx.node.xml.XmlNodeTrxImpl.nodeReadOnlyTrxDelegate (0x00007ab287de4108) [0x00007ab287de4200, 0x00007ab287de4550] Compiler: c1, Barriers: 1, Oops: 1, ImmediateOops: 0, NonImmediateOops: No
[2,349s][debug][gc,nmethod     ] Register NMethod: jdk.internal.foreign.Utils.isAligned (0x00007ab287de4588) [0x00007ab287de4680, 0x00007ab287de47c0] Compiler: c1, Barriers: 0, Oops: 0, ImmediateOops: 0, NonImmediateOops: No
[2,349s][debug][gc,nmethod     ] Register NMethod: io.sirix.node.xml.ElementNode.getHash (0x00007ab287de4888) [0x00007ab287de4980, 0x00007ab287de81f0] Compiler: c1, Barriers: 7, Oops: 6, ImmediateOops: 10, NonImmediateOops: No
[2,349s][debug][gc,nmethod     ] Register NMethod: io.sirix.node.xml.XmlDocumentRootNode.getHash (0x00007ab2a6d1f588) [0x00007ab2a6d1f680, 0x00007ab2a6d1f740] Compiler: c1, Barriers: 0, Oops: 1, ImmediateOops: 0, NonImmediateOops: No
[2,349s][debug][gc,nmethod     ] Register NMethod: com.sun.org.apache.xerces.internal.impl.XMLEntityScanner.checkBeforeLoad (0x00007ab287de8288) [0x00007ab287de8380, 0x00007ab287de88d8] Compiler: c1, Barriers: 4, Oops: 0, ImmediateOops: 1, NonImmediateOops: No
[2,349s][debug][gc,nmethod     ] Register NMethod: io.sirix.access.trx.node.AbstractNodeHashing.setAddDescendants (0x00007ab287de8908) [0x00007ab287de8a00, 0x00007ab287de9588] Compiler: c1, Barriers: 0, Oops: 1, ImmediateOops: 0, NonImmediateOops: No
[2,350s][debug][gc,nmethod     ] Register NMethod: io.sirix.access.trx.node.AbstractNodeTrxImpl.getCurrentNode (0x00007ab287de9608) [0x00007ab287de9700, 0x00007ab287de9a70] Compiler: c1, Barriers: 2, Oops: 1, ImmediateOops: 0, NonImmediateOops: No
[2,350s][debug][gc,nmethod     ] Register NMethod: io.sirix.node.delegates.NodeDelegate.getParentKey (0x00007ab2a6d1f888) [0x00007ab2a6d1f980, 0x00007ab2a6d1fa40] Compiler: c1, Barriers: 0, Oops: 1, ImmediateOops: 0, NonImmediateOops: No
[2,350s][debug][gc,nmethod     ] Register NMethod: io.sirix.node.xml.ElementNode.setHash (0x00007ab287de9a88) [0x00007ab287de9b80, 0x00007ab287ded508] Compiler: c1, Barriers: 7, Oops: 6, ImmediateOops: 11, NonImmediateOops: No
[2,350s][debug][gc,nmethod     ] Register NMethod: io.brackit.query.atomic.QNm.getNamespaceURI (0x00007ab2a6d1fb88) [0x00007ab2a6d1fc80, 0x00007ab2a6d1fd68] Compiler: c1, Barriers: 1, Oops: 1, ImmediateOops: 0, NonImmediateOops: No
[2,350s][debug][gc,nmethod     ] Register NMethod: io.sirix.index.path.summary.PathSummaryReader.getStructuralNode (0x00007ab287ded588) [0x00007ab287ded680, 0x00007ab287deda38] Compiler: c1, Barriers: 1, Oops: 1, ImmediateOops: 0, NonImmediateOops: No
[2,350s][debug][gc,nmethod     ] Register NMethod: java.nio.charset.Charset.defaultCharset (0x00007ab287deda88) [0x00007ab287dedb80, 0x00007ab287dedc78] Compiler: c1, Barriers: 0, Oops: 0, ImmediateOops: 1, NonImmediateOops: No
[2,351s][debug][gc,nmethod     ] Register NMethod: io.sirix.node.xml.ElementNode.getDescendantCount (0x00007ab287dedd88) [0x00007ab287dede80, 0x00007ab287df16f8] Compiler: c1, Barriers: 7, Oops: 6, ImmediateOops: 10, NonImmediateOops: No
[2,351s][debug][gc,nmethod     ] Register NMethod: com.sun.org.apache.xerces.internal.util.XMLAttributesImpl.getLength (0x00007ab2a6d1fe88) [0x00007ab2a6d1ff80, 0x00007ab2a6d20040] Compiler: c1, Barriers: 0, Oops: 0, ImmediateOops: 0, NonImmediateOops: No
[2,351s][debug][gc,nmethod     ] Register NMethod: com.sun.xml.internal.stream.events.DummyEvent.getEventType (0x00007ab2a6d20188) [0x00007ab2a6d20280, 0x00007ab2a6d20340] Compiler: c1, Barriers: 0, Oops: 0, ImmediateOops: 0, NonImmediateOops: No
[2,351s][debug][gc,nmethod     ] Register NMethod: com.sun.org.apache.xerces.internal.util.XMLResourceIdentifierImpl.getExpandedSystemId (0x00007ab2a6d20488) [0x00007ab2a6d20580, 0x00007ab2a6d20668] Compiler: c1, Barriers: 1, Oops: 0, ImmediateOops: 0, NonImmediateOops: No
[2,352s][debug][gc,nmethod     ] Register NMethod: jdk.internal.foreign.AbstractMemorySegmentImpl.checkArraySize (0x00007ab287df1788) [0x00007ab287df1880, 0x00007ab287df4640] Compiler: c1, Barriers: 27, Oops: 2, ImmediateOops: 5, NonImmediateOops: No
[2,352s][debug][gc,nmethod     ] Register NMethod: com.sun.org.apache.xerces.internal.util.XMLResourceIdentifierImpl.getPublicId (0x00007ab2a6d20788) [0x00007ab2a6d20880, 0x00007ab2a6d20968] Compiler: c1, Barriers: 1, Oops: 0, ImmediateOops: 0, NonImmediateOops: No
[2,352s][debug][gc,nmethod     ] Register NMethod: jdk.xml.internal.XMLSecurityPropertyManager$Property.equalsName (0x00007ab287df4688) [0x00007ab287df4780, 0x00007ab287df4db0] Compiler: c1, Barriers: 2, Oops: 0, ImmediateOops: 0, NonImmediateOops: No
[2,352s][debug][gc,nmethod     ] Register NMethod: io.sirix.node.delegates.StructNodeDelegate.getDescendantCount (0x00007ab2a6d20a88) [0x00007ab2a6d20b80, 0x00007ab2a6d20c40] Compiler: c1, Barriers: 0, Oops: 1, ImmediateOops: 0, NonImmediateOops: No
[2,352s][debug][gc,nmethod     ] Register NMethod: io.sirix.utils.XMLToken.cl (0x00007ab287df4e08) [0x00007ab287df4f00, 0x00007ab287df5060] Compiler: c1, Barriers: 0, Oops: 1, ImmediateOops: 1, NonImmediateOops: No
[2,352s][debug][gc,nmethod     ] Register NMethod: io.sirix.utils.XMLToken.cl (0x00007ab287df5108) [0x00007ab287df5200, 0x00007ab287df53e0] Compiler: c1, Barriers: 0, Oops: 1, ImmediateOops: 1, NonImmediateOops: No
[2,352s][debug][gc,nmethod     ] Register NMethod: io.sirix.utils.XMLToken.isNCStartChar (0x00007ab287df5408) [0x00007ab287df5500, 0x00007ab287df5b70] Compiler: c1, Barriers: 0, Oops: 1, ImmediateOops: 0, NonImmediateOops: No
[2,352s][debug][gc,nmethod     ] Register NMethod: io.sirix.utils.XMLToken.cp (0x00007ab287df5b88) [0x00007ab287df5c80, 0x00007ab287df60b8] Compiler: c1, Barriers: 0, Oops: 1, ImmediateOops: 1, NonImmediateOops: No
[2,352s][debug][gc,director    ] Rule Major: Warmup 10%, Used: 368MB, UsedThreshold: 1228MB
[2,353s][debug][gc,nmethod     ] Register NMethod: io.sirix.access.trx.page.NodeStorageEngineWriter.createRecord (0x00007ab287df6108) [0x00007ab287df6200, 0x00007ab287dfc640] Compiler: c1, Barriers: 30, Oops: 1, ImmediateOops: 6, NonImmediateOops: No
[2,353s][debug][gc,nmethod     ] Register NMethod: com.sun.org.apache.xerces.internal.impl.XMLStreamReaderImpl.hasNext (0x00007ab287dfc688) [0x00007ab287dfc780, 0x00007ab287dfc928] Compiler: c1, Barriers: 0, Oops: 0, ImmediateOops: 0, NonImmediateOops: No
[2,353s][debug][gc,nmethod     ] Register NMethod: io.sirix.node.xml.ElementNode.setDescendantCount (0x00007ab287dfc988) [0x00007ab287dfca80, 0x00007ab287e00410] Compiler: c1, Barriers: 7, Oops: 6, ImmediateOops: 11, NonImmediateOops: No
[2,353s][debug][gc,nmethod     ] Register NMethod: io.sirix.node.delegates.NameNodeDelegate.getLocalNameKey (0x00007ab2a6d20d88) [0x00007ab2a6d20e80, 0x00007ab2a6d20f40] Compiler: c1, Barriers: 0, Oops: 1, ImmediateOops: 0, NonImmediateOops: No
[2,353s][debug][gc,nmethod     ] Register NMethod: io.sirix.node.xml.TextNode.getParentKey (0x00007ab287e00488) [0x00007ab287e00580, 0x00007ab287e05568] Compiler: c1, Barriers: 19, Oops: 7, ImmediateOops: 11, NonImmediateOops: No
[2,354s][debug][gc,nmethod     ] Register NMethod: com.sun.xml.internal.stream.events.DummyEvent.setEventType (0x00007ab2a6d21088) [0x00007ab2a6d21180, 0x00007ab2a6d21240] Compiler: c1, Barriers: 0, Oops: 0, ImmediateOops: 0, NonImmediateOops: No
[2,354s][debug][gc,nmethod     ] Register NMethod: com.sun.org.apache.xerces.internal.impl.XMLEntityScanner.skipChar (0x00007ab287e05608) [0x00007ab287e05700, 0x00007ab287e05c48] Compiler: c1, Barriers: 3, Oops: 0, ImmediateOops: 0, NonImmediateOops: No
[2,354s][debug][gc,nmethod     ] Register NMethod: io.sirix.node.xml.AbstractStructForwardingNode.hasRightSibling (0x00007ab287e05c88) [0x00007ab287e05d80, 0x00007ab287e06348] Compiler: c1, Barriers: 0, Oops: 1, ImmediateOops: 1, NonImmediateOops: No
[2,354s][debug][gc,nmethod     ] Register NMethod: io.sirix.node.delegates.StructNodeDelegate.hasRightSibling (0x00007ab287e06388) [0x00007ab287e06480, 0x00007ab287e067d8] Compiler: c1, Barriers: 0, Oops: 1, ImmediateOops: 1, NonImmediateOops: No
[2,354s][debug][gc,nmethod     ] Register NMethod: com.sun.org.apache.xerces.internal.impl.XMLStreamReaderImpl.getEventType (0x00007ab2a6d21388) [0x00007ab2a6d21480, 0x00007ab2a6d21540] Compiler: c1, Barriers: 0, Oops: 0, ImmediateOops: 0, NonImmediateOops: No
[2,354s][debug][gc,nmethod     ] Register NMethod: com.sun.org.apache.xerces.internal.impl.XMLEntityScanner.peekChar (0x00007ab287e06808) [0x00007ab287e06900, 0x00007ab287e06db8] Compiler: c1, Barriers: 3, Oops: 0, ImmediateOops: 0, NonImmediateOops: No
[2,354s][debug][gc,nmethod     ] Register NMethod: io.sirix.node.xml.ElementNode.getKind (0x00007ab2a6d21688) [0x00007ab2a6d21780, 0x00007ab2a6d21810] Compiler: jvmci, Barriers: 0, Oops: 1, ImmediateOops: 1, NonImmediateOops: No
[2,355s][debug][gc,nmethod     ] Register NMethod: io.sirix.utils.XMLToken.isNCChar (0x00007ab287e06e08) [0x00007ab287e06f00, 0x00007ab287e072e8] Compiler: c1, Barriers: 0, Oops: 1, ImmediateOops: 0, NonImmediateOops: No
[2,355s][debug][gc,nmethod     ] Register NMethod: io.sirix.page.RevisionRootPage.getMaxNodeKeyInDocumentIndex (0x00007ab2a6d21988) [0x00007ab2a6d21a80, 0x00007ab2a6d21b40] Compiler: c1, Barriers: 0, Oops: 1, ImmediateOops: 0, NonImmediateOops: No
[2,355s][debug][gc,nmethod     ] Register NMethod: io.sirix.node.delegates.StructNodeDelegate.hasFirstChild (0x00007ab287e07308) [0x00007ab287e07400, 0x00007ab287e07758] Compiler: c1, Barriers: 0, Oops: 1, ImmediateOops: 1, NonImmediateOops: No
[2,355s][debug][gc,nmethod     ] Register NMethod: io.sirix.node.xml.AbstractStructForwardingNode.hasFirstChild (0x00007ab287e07788) [0x00007ab287e07880, 0x00007ab287e07e48] Compiler: c1, Barriers: 0, Oops: 1, ImmediateOops: 1, NonImmediateOops: No
[2,355s][debug][gc,nmethod     ] Register NMethod: it.unimi.dsi.fastutil.longs.AbstractLongCollection.<init> (0x00007ab287e07e88) [0x00007ab287e07f80, 0x00007ab287e08138] Compiler: c1, Barriers: 0, Oops: 1, ImmediateOops: 0, NonImmediateOops: No
[2,356s][debug][gc,nmethod     ] Register NMethod: it.unimi.dsi.fastutil.longs.AbstractLongList.<init> (0x00007ab287e08188) [0x00007ab287e08280, 0x00007ab287e08498] Compiler: c1, Barriers: 0, Oops: 1, ImmediateOops: 0, NonImmediateOops: No
[2,356s][debug][gc,nmethod     ] Register NMethod: io.sirix.axis.AbstractAxis.reset (0x00007ab2a6d21c88) [0x00007ab2a6d21d80, 0x00007ab2a6d21e80] Compiler: jvmci, Barriers: 3, Oops: 1, ImmediateOops: 1, NonImmediateOops: No
[2,356s][debug][gc,nmethod     ] Register NMethod: io.sirix.node.xml.AttributeNode.getNodeKey (0x00007ab2a6d21f88) [0x00007ab2a6d22080, 0x00007ab2a6d22140] Compiler: c1, Barriers: 0, Oops: 1, ImmediateOops: 0, NonImmediateOops: No
[2,356s][debug][gc,nmethod     ] Register NMethod: io.sirix.access.trx.node.AbstractNodeReadOnlyTrx.moveTo (0x00007ab2a6d22288) [0x00007ab2a6d22380, 0x00007ab2a6d22cd8] Compiler: jvmci, Barriers: 15, Oops: 2, ImmediateOops: 1, NonImmediateOops: No
[2,357s][debug][gc,nmethod     ] Register NMethod: com.sun.org.apache.xerces.internal.impl.XMLDocumentFragmentScannerImpl.getElementQName (0x00007ab287e08508) [0x00007ab287e08600, 0x00007ab287e08c18] Compiler: c1, Barriers: 21, Oops: 0, ImmediateOops: 0, NonImmediateOops: No
[2,357s][debug][gc,nmethod     ] Register NMethod: io.sirix.access.trx.node.AbstractNodeReadOnlyTrx.getKind (0x00007ab287e08c88) [0x00007ab287e08d80, 0x00007ab287e093d0] Compiler: c1, Barriers: 1, Oops: 1, ImmediateOops: 1, NonImmediateOops: No
[2,357s][debug][gc,nmethod     ] Register NMethod: io.sirix.node.xml.XmlDocumentRootNode.setHash (0x00007ab2a6d22d08) [0x00007ab2a6d22e00, 0x00007ab2a6d22ec0] Compiler: c1, Barriers: 0, Oops: 1, ImmediateOops: 0, NonImmediateOops: No
[2,357s][debug][gc,nmethod     ] Register NMethod: jdk.xml.internal.XMLSecurityManager.getIndex (0x00007ab287e09408) [0x00007ab287e09500, 0x00007ab287e0a708] Compiler: c1, Barriers: 3, Oops: 0, ImmediateOops: 2, NonImmediateOops: No
[2,357s][debug][gc,nmethod     ] Register NMethod: java.lang.String.getBytes (0x00007ab287e0a788) [0x00007ab287e0a880, 0x00007ab287e0ad18] Compiler: c1, Barriers: 1, Oops: 0, ImmediateOops: 0, NonImmediateOops: No
[2,358s][debug][gc,nmethod     ] Register NMethod: com.sun.xml.internal.stream.XMLEventReaderImpl.hasNext (0x00007ab287e0ad88) [0x00007ab287e0ae80, 0x00007ab287e0b1c0] Compiler: c1, Barriers: 2, Oops: 0, ImmediateOops: 0, NonImmediateOops: No
[2,358s][debug][gc,nmethod     ] Register NMethod: com.sun.org.apache.xerces.internal.impl.XMLEntityScanner.scanContent (0x00007ab287e0b208) [0x00007ab287e0b300, 0x00007ab287e0c2b8] Compiler: c1, Barriers: 11, Oops: 0, ImmediateOops: 1, NonImmediateOops: No
[2,358s][debug][gc,nmethod     ] Register NMethod: jdk.xml.internal.XMLLimitAnalyzer.getTotalValue (0x00007ab287e0c308) [0x00007ab287e0c400, 0x00007ab287e0c558] Compiler: c1, Barriers: 1, Oops: 0, ImmediateOops: 0, NonImmediateOops: No
[2,358s][debug][gc,nmethod     ] Register NMethod: jdk.xml.internal.XMLSecurityManager.isOverLimit (0x00007ab287e0c608) [0x00007ab287e0c700, 0x00007ab287e0cbd8] Compiler: c1, Barriers: 0, Oops: 0, ImmediateOops: 0, NonImmediateOops: No
[2,358s][debug][gc,nmethod     ] Register NMethod: jdk.xml.internal.XMLSecurityManager.isOverLimit (0x00007ab287e0cc08) [0x00007ab287e0cd00, 0x00007ab287e0e2e0] Compiler: c1, Barriers: 4, Oops: 0, ImmediateOops: 7, NonImmediateOops: No
[2,358s][debug][gc,nmethod     ] Register NMethod: io.sirix.access.trx.page.NodeStorageEngineReader.close (0x00007ab2a6d23008) [0x00007ab2a6d23100, 0x00007ab2a6d26c50] Compiler: jvmci, Barriers: 106, Oops: 3, ImmediateOops: 2, NonImmediateOops: No
[2,358s][debug][gc,nmethod     ] Register NMethod: it.unimi.dsi.fastutil.longs.LongArrayList.isEmpty (0x00007ab287e0e308) [0x00007ab287e0e400, 0x00007ab287e0e550] Compiler: c1, Barriers: 0, Oops: 1, ImmediateOops: 0, NonImmediateOops: No
[2,358s][debug][gc,nmethod     ] Register NMethod: java.nio.Buffer.remaining (0x00007ab2a6d26c88) [0x00007ab2a6d26d80, 0x00007ab2a6d26e18] Compiler: jvmci, Barriers: 0, Oops: 0, ImmediateOops: 0, NonImmediateOops: No
[2,358s][debug][gc,nmethod     ] Register NMethod: it.unimi.dsi.fastutil.ints.Int2LongOpenHashMap.get (0x00007ab287e0e608) [0x00007ab287e0e700, 0x00007ab287e0ec50] Compiler: c1, Barriers: 4, Oops: 1, ImmediateOops: 0, NonImmediateOops: No
[2,358s][debug][gc,nmethod     ] Register NMethod: it.unimi.dsi.fastutil.ints.Int2ObjectOpenHashMap.get (0x00007ab287e0ec88) [0x00007ab287e0ed80, 0x00007ab287e0f3f0] Compiler: c1, Barriers: 10, Oops: 1, ImmediateOops: 0, NonImmediateOops: No
[2,359s][debug][gc,nmethod     ] Register NMethod: com.sun.org.apache.xerces.internal.impl.XMLDocumentScannerImpl.next (0x00007ab287e0f408) [0x00007ab287e0f500, 0x00007ab287e0f848] Compiler: c1, Barriers: 1, Oops: 0, ImmediateOops: 0, NonImmediateOops: No
[2,359s][debug][gc,nmethod     ] Register NMethod: com.sun.org.apache.xerces.internal.impl.XMLNSDocumentScannerImpl.next (0x00007ab287e0f888) [0x00007ab287e0f980, 0x00007ab287e0fe68] Compiler: c1, Barriers: 2, Oops: 0, ImmediateOops: 0, NonImmediateOops: No
[2,359s][debug][gc,nmethod     ] Register NMethod: it.unimi.dsi.fastutil.longs.LongArrayList.<init> (0x00007ab287e0fe88) [0x00007ab287e0ff80, 0x00007ab287e10278] Compiler: c1, Barriers: 3, Oops: 1, ImmediateOops: 1, NonImmediateOops: No
[2,359s][debug][gc,nmethod     ] Register NMethod: com.sun.org.apache.xerces.internal.util.XMLChar.isSpace (0x00007ab287e10288) [0x00007ab287e10380, 0x00007ab287e10508] Compiler: c1, Barriers: 0, Oops: 0, ImmediateOops: 1, NonImmediateOops: No
[2,359s][debug][gc,nmethod     ] Register NMethod: javax.xml.namespace.QName.getPrefix (0x00007ab2a6d26f88) [0x00007ab2a6d27080, 0x00007ab2a6d27168] Compiler: c1, Barriers: 1, Oops: 0, ImmediateOops: 0, NonImmediateOops: No
[2,360s][debug][gc,nmethod     ] Register NMethod: javax.xml.namespace.QName.getNamespaceURI (0x00007ab2a6d27288) [0x00007ab2a6d27380, 0x00007ab2a6d27468] Compiler: c1, Barriers: 1, Oops: 0, ImmediateOops: 0, NonImmediateOops: No
[2,360s][debug][gc,nmethod     ] Register NMethod: javax.xml.namespace.QName.getLocalPart (0x00007ab2a6d27588) [0x00007ab2a6d27680, 0x00007ab2a6d27768] Compiler: c1, Barriers: 1, Oops: 0, ImmediateOops: 0, NonImmediateOops: No
[2,360s][debug][gc,nmethod     ] Register NMethod: io.sirix.access.trx.node.AbstractNodeReadOnlyTrx.setCurrentNode (0x00007ab2a6d27888) [0x00007ab2a6d27980, 0x00007ab2a6d27aa8] Compiler: jvmci, Barriers: 3, Oops: 1, ImmediateOops: 0, NonImmediateOops: No
[2,360s][debug][gc,nmethod     ] Register NMethod: com.sun.org.apache.xerces.internal.impl.XMLEntityScanner.getColumnNumber (0x00007ab287e10588) [0x00007ab287e10680, 0x00007ab287e10820] Compiler: c1, Barriers: 1, Oops: 0, ImmediateOops: 0, NonImmediateOops: No
[2,360s][debug][gc,nmethod     ] Register NMethod: com.sun.org.apache.xerces.internal.impl.XMLEntityScanner.getExpandedSystemId (0x00007ab287e10888) [0x00007ab287e10980, 0x00007ab287e10db8] Compiler: c1, Barriers: 3, Oops: 0, ImmediateOops: 0, NonImmediateOops: No
[2,360s][debug][gc,nmethod     ] Register NMethod: com.sun.org.apache.xerces.internal.impl.XMLEntityScanner.getLineNumber (0x00007ab287e10e08) [0x00007ab287e10f00, 0x00007ab287e110a0] Compiler: c1, Barriers: 1, Oops: 0, ImmediateOops: 0, NonImmediateOops: No
[2,360s][debug][gc,nmethod     ] Register NMethod: com.sun.org.apache.xerces.internal.impl.XMLEntityScanner.getPublicId (0x00007ab287e11108) [0x00007ab287e11200, 0x00007ab287e11638] Compiler: c1, Barriers: 3, Oops: 0, ImmediateOops: 0, NonImmediateOops: No
[2,360s][debug][gc,nmethod     ] Register NMethod: io.sirix.node.delegates.StructNodeDelegate.setDescendantCount (0x00007ab2a6d27b88) [0x00007ab2a6d27c80, 0x00007ab2a6d27d40] Compiler: c1, Barriers: 0, Oops: 1, ImmediateOops: 0, NonImmediateOops: No
[2,361s][debug][gc,nmethod     ] Register NMethod: io.sirix.axis.ChildAxis.nextKey (0x00007ab287e11688) [0x00007ab287e11780, 0x00007ab287e127b0] Compiler: c1, Barriers: 1, Oops: 1, ImmediateOops: 1, NonImmediateOops: No
[2,361s][debug][gc,nmethod     ] Register NMethod: com.sun.xml.internal.stream.events.DummyEvent.<init> (0x00007ab287e12808) [0x00007ab287e12900, 0x00007ab287e12b20] Compiler: c1, Barriers: 4, Oops: 0, ImmediateOops: 1, NonImmediateOops: No
[2,361s][debug][gc,nmethod     ] Register NMethod: com.sun.org.apache.xerces.internal.impl.XMLDocumentScannerImpl.getNamespaceContext (0x00007ab2a6d27e88) [0x00007ab2a6d27f80, 0x00007ab2a6d28070] Compiler: c1, Barriers: 1, Oops: 0, ImmediateOops: 0, NonImmediateOops: No
[2,361s][debug][gc,nmethod     ] Register NMethod: jdk.internal.misc.Unsafe.putLongUnaligned (0x00007ab2a6d28188) [0x00007ab2a6d28280, 0x00007ab2a6d28338] Compiler: jvmci, Barriers: 0, Oops: 0, ImmediateOops: 0, NonImmediateOops: No
[2,362s][debug][gc,nmethod     ] Register NMethod: com.sun.org.apache.xerces.internal.impl.XMLStreamReaderImpl.getLocation (0x00007ab287e12b88) [0x00007ab287e12c80, 0x00007ab287e12e28] Compiler: c1, Barriers: 0, Oops: 0, ImmediateOops: 0, NonImmediateOops: No
[2,362s][debug][gc,nmethod     ] Register NMethod: com.sun.xml.internal.stream.events.XMLEventAllocatorImpl.allocate (0x00007ab287e12e88) [0x00007ab287e12f80, 0x00007ab287e131d0] Compiler: c1, Barriers: 0, Oops: 0, ImmediateOops: 1, NonImmediateOops: No
[2,362s][debug][gc,nmethod     ] Register NMethod: com.sun.org.apache.xerces.internal.impl.XMLEntityScanner.getCharacterOffset (0x00007ab287e13208) [0x00007ab287e13300, 0x00007ab287e13488] Compiler: c1, Barriers: 1, Oops: 0, ImmediateOops: 0, NonImmediateOops: No
[2,362s][debug][gc,nmethod     ] Register NMethod: jdk.internal.foreign.AbstractMemorySegmentImpl.checkBounds (0x00007ab2a6d28488) [0x00007ab2a6d28580, 0x00007ab2a6d286d8] Compiler: jvmci, Barriers: 0, Oops: 0, ImmediateOops: 0, NonImmediateOops: No
[2,362s][debug][gc,nmethod     ] Register NMethod: com.sun.xml.internal.stream.XMLEventReaderImpl.nextEvent (0x00007ab287e13508) [0x00007ab287e13600, 0x00007ab287e13e88] Compiler: c1, Barriers: 16, Oops: 0, ImmediateOops: 1, NonImmediateOops: No
[2,362s][debug][gc,nmethod     ] Register NMethod: com.sun.xml.internal.stream.events.DummyEvent.setLocation (0x00007ab287e13f08) [0x00007ab287e14000, 0x00007ab287e14298] Compiler: c1, Barriers: 7, Oops: 0, ImmediateOops: 1, NonImmediateOops: No
[2,362s][debug][gc,nmethod     ] Register NMethod: io.sirix.index.path.summary.PathNode.getLevel (0x00007ab2a6d28788) [0x00007ab2a6d28880, 0x00007ab2a6d28940] Compiler: c1, Barriers: 0, Oops: 1, ImmediateOops: 0, NonImmediateOops: No
[2,363s][debug][gc,director    ] Rule Major: Warmup 10%, Used: 368MB, UsedThreshold: 1228MB
[2,363s][debug][gc,nmethod     ] Register NMethod: com.sun.org.apache.xerces.internal.impl.XMLStreamReaderImpl$1.<init> (0x00007ab287e14308) [0x00007ab287e14400, 0x00007ab287e15a70] Compiler: c1, Barriers: 18, Oops: 0, ImmediateOops: 0, NonImmediateOops: No
[2,363s][debug][gc,nmethod     ] Register NMethod: it.unimi.dsi.fastutil.longs.LongArrayList.grow (0x00007ab287e15a88) [0x00007ab287e15b80, 0x00007ab287e160e0] Compiler: c1, Barriers: 5, Oops: 1, ImmediateOops: 1, NonImmediateOops: No
[2,363s][debug][gc,nmethod     ] Register NMethod: io.sirix.axis.AbstractAxis.hasNext (0x00007ab2a6d28a88) [0x00007ab2a6d28b80, 0x00007ab2a6d290c8] Compiler: jvmci, Barriers: 7, Oops: 1, ImmediateOops: 1, NonImmediateOops: No
[2,363s][debug][gc,nmethod     ] Register NMethod: com.sun.org.apache.xerces.internal.impl.XMLStreamReaderImpl.next (0x00007ab287e16108) [0x00007ab287e16200, 0x00007ab287e18a58] Compiler: c1, Barriers: 24, Oops: 0, ImmediateOops: 6, NonImmediateOops: No
[2,363s][debug][gc,nmethod     ] Register NMethod: com.sun.org.apache.xerces.internal.impl.XMLEntityScanner.skipSpaces (0x00007ab287e18a88) [0x00007ab287e18b80, 0x00007ab287e19e20] Compiler: c1, Barriers: 16, Oops: 0, ImmediateOops: 2, NonImmediateOops: No
[2,363s][debug][gc,nmethod     ] Register NMethod: com.sun.xml.internal.stream.events.CharacterEvent.getData (0x00007ab2a6d29108) [0x00007ab2a6d29200, 0x00007ab2a6d292e8] Compiler: c1, Barriers: 1, Oops: 0, ImmediateOops: 0, NonImmediateOops: No
[2,364s][debug][gc,nmethod     ] Register NMethod: io.sirix.access.trx.page.NodeStorageEngineWriter.getActualRevisionRootPage (0x00007ab287e19e88) [0x00007ab287e19f80, 0x00007ab287e1a428] Compiler: c1, Barriers: 2, Oops: 1, ImmediateOops: 1, NonImmediateOops: No
[2,364s][debug][gc,nmethod     ] Register NMethod: java.lang.foreign.MemorySegment.copy (0x00007ab2a6d29408) [0x00007ab2a6d29500, 0x00007ab2a6d29a08] Compiler: jvmci, Barriers: 6, Oops: 1, ImmediateOops: 0, NonImmediateOops: No
[2,364s][debug][gc,nmethod     ] Register NMethod: io.sirix.node.xml.ElementNode.getChildCount (0x00007ab287e1a488) [0x00007ab287e1a580, 0x00007ab287e1df88] Compiler: c1, Barriers: 6, Oops: 6, ImmediateOops: 9, NonImmediateOops: No
[2,364s][debug][gc,nmethod     ] Register NMethod: io.sirix.node.MemorySegmentBytesOut.toByteArray (0x00007ab287e1e008) [0x00007ab287e1e100, 0x00007ab287e1e278] Compiler: c1, Barriers: 1, Oops: 1, ImmediateOops: 0, NonImmediateOops: No
[2,364s][debug][gc,nmethod     ] Register NMethod: io.sirix.index.path.summary.PathSummaryReader.getPathNode (0x00007ab287e1e308) [0x00007ab287e1e400, 0x00007ab287e1eae8] Compiler: c1, Barriers: 1, Oops: 1, ImmediateOops: 1, NonImmediateOops: No
[2,364s][debug][gc,nmethod     ] Register NMethod: it.unimi.dsi.fastutil.longs.LongArrayList.add (0x00007ab287e1eb08) [0x00007ab287e1ec00, 0x00007ab287e1eed8] Compiler: c1, Barriers: 1, Oops: 1, ImmediateOops: 0, NonImmediateOops: No
[2,364s][debug][gc,nmethod     ] Register NMethod: io.sirix.node.AbstractForwardingNode.getParentKey (0x00007ab287e1ef08) [0x00007ab287e1f000, 0x00007ab287e1f330] Compiler: c1, Barriers: 0, Oops: 1, ImmediateOops: 0, NonImmediateOops: No
[2,364s][debug][gc,nmethod     ] Register NMethod: java.lang.String.trim (0x00007ab287e1f388) [0x00007ab287e1f480, 0x00007ab287e1f958] Compiler: c1, Barriers: 2, Oops: 0, ImmediateOops: 0, NonImmediateOops: No
[2,364s][debug][gc,nmethod     ] Register NMethod: java.lang.StringLatin1.trim (0x00007ab287e1f988) [0x00007ab287e1fa80, 0x00007ab287e1fdf8] Compiler: c1, Barriers: 0, Oops: 0, ImmediateOops: 0, NonImmediateOops: No
[2,365s][debug][gc,nmethod     ] Register NMethod: io.sirix.axis.filter.AbstractFilter.getTrx (0x00007ab287e1fe08) [0x00007ab287e1ff00, 0x00007ab287e20200] Compiler: c1, Barriers: 1, Oops: 1, ImmediateOops: 0, NonImmediateOops: No
[2,365s][debug][gc,nmethod     ] Register NMethod: io.sirix.axis.filter.AbstractFilter.<init> (0x00007ab287e20288) [0x00007ab287e20380, 0x00007ab287e208b8] Compiler: c1, Barriers: 3, Oops: 1, ImmediateOops: 0, NonImmediateOops: No
[2,365s][debug][gc,nmethod     ] Register NMethod: com.sun.xml.internal.stream.events.XMLEventAllocatorImpl.getXMLEvent (0x00007ab287e20908) [0x00007ab287e20a00, 0x00007ab287e28b60] Compiler: c1, Barriers: 99, Oops: 0, ImmediateOops: 13, NonImmediateOops: No
[2,365s][debug][gc,nmethod     ] Register NMethod: io.sirix.node.Bytes.elasticOffHeapByteBuffer (0x00007ab287e28b88) [0x00007ab287e28c80, 0x00007ab287e295c8] Compiler: c1, Barriers: 6, Oops: 2, ImmediateOops: 1, NonImmediateOops: No
[2,365s][debug][gc,nmethod     ] Register NMethod: io.sirix.node.MemorySegmentBytesOut.<init> (0x00007ab287e29608) [0x00007ab287e29700, 0x00007ab287e2a4d0] Compiler: c1, Barriers: 9, Oops: 2, ImmediateOops: 1, NonImmediateOops: No
[2,365s][debug][gc,nmethod     ] Register NMethod: io.sirix.node.GrowingMemorySegment.<init> (0x00007ab287e2a508) [0x00007ab287e2a600, 0x00007ab287e2b230] Compiler: c1, Barriers: 6, Oops: 2, ImmediateOops: 1, NonImmediateOops: No
[2,365s][debug][gc,nmethod     ] Register NMethod: io.sirix.index.path.summary.PathNode.getLocalNameKey (0x00007ab287e2b288) [0x00007ab287e2b380, 0x00007ab287e2b4e0] Compiler: c1, Barriers: 1, Oops: 1, ImmediateOops: 0, NonImmediateOops: No
[2,365s][debug][gc,nmethod     ] Register NMethod: io.sirix.page.RevisionRootPage.incrementAndGetMaxNodeKeyInDocumentIndex (0x00007ab287e2b588) [0x00007ab287e2b680, 0x00007ab287e2b790] Compiler: c1, Barriers: 0, Oops: 1, ImmediateOops: 0, NonImmediateOops: No
[2,366s][debug][gc,nmethod     ] Register NMethod: com.sun.org.apache.xerces.internal.impl.XMLDocumentFragmentScannerImpl$FragmentContentDriver.next (0x00007ab287e2b888) [0x00007ab287e2b980, 0x00007ab287e39800] Compiler: c1, Barriers: 140, Oops: 1, ImmediateOops: 14, NonImmediateOops: No
[2,366s][debug][gc,nmethod     ] Register NMethod: it.unimi.dsi.fastutil.longs.AbstractLongList.push (0x00007ab287e39888) [0x00007ab287e39980, 0x00007ab287e39ac8] Compiler: c1, Barriers: 0, Oops: 1, ImmediateOops: 0, NonImmediateOops: No
[2,366s][debug][gc,nmethod     ] Register NMethod: io.brackit.query.sequence.AbstractSequence.<init> (0x00007ab287e39b88) [0x00007ab287e39c80, 0x00007ab287e39dd8] Compiler: c1, Barriers: 0, Oops: 1, ImmediateOops: 0, NonImmediateOops: No
[2,366s][debug][gc,nmethod     ] Register NMethod: it.unimi.dsi.fastutil.longs.LongArrayList.getLong (0x00007ab287e39e88) [0x00007ab287e39f80, 0x00007ab287e3b410] Compiler: c1, Barriers: 1, Oops: 4, ImmediateOops: 4, NonImmediateOops: No
[2,366s][debug][gc,nmethod     ] Register NMethod: io.brackit.query.atomic.AbstractAtomic.<init> (0x00007ab287e3b488) [0x00007ab287e3b580, 0x00007ab287e3b798] Compiler: c1, Barriers: 0, Oops: 1, ImmediateOops: 0, NonImmediateOops: No
[2,366s][debug][gc,nmethod     ] Register NMethod: io.brackit.query.jdm.AbstractItem.<init> (0x00007ab287e3b808) [0x00007ab287e3b900, 0x00007ab287e3bab8] Compiler: c1, Barriers: 0, Oops: 1, ImmediateOops: 0, NonImmediateOops: No
[2,366s][debug][gc,nmethod     ] Register NMethod: io.sirix.utils.NamePageHash.generateHashForString (0x00007ab287e3bb08) [0x00007ab287e3bc00, 0x00007ab287e3bed8] Compiler: c1, Barriers: 0, Oops: 1, ImmediateOops: 0, NonImmediateOops: No
[2,366s][debug][gc,nmethod     ] Register NMethod: io.sirix.node.xml.AttributeNode.getKind (0x00007ab287e3bf08) [0x00007ab287e3c000, 0x00007ab287e3c108] Compiler: c1, Barriers: 0, Oops: 1, ImmediateOops: 1, NonImmediateOops: No
[2,367s][debug][gc,nmethod     ] Register NMethod: io.sirix.node.GrowingMemorySegment.toByteArray (0x00007ab287e3c208) [0x00007ab287e3c300, 0x00007ab287e42e30] Compiler: c1, Barriers: 7, Oops: 9, ImmediateOops: 16, NonImmediateOops: No
[2,367s][debug][gc,nmethod     ] Register NMethod: it.unimi.dsi.fastutil.longs.AbstractLongList.topLong (0x00007ab287e42e88) [0x00007ab287e42f80, 0x00007ab287e43298] Compiler: c1, Barriers: 0, Oops: 1, ImmediateOops: 0, NonImmediateOops: No
[2,367s][debug][gc,nmethod     ] Register NMethod: it.unimi.dsi.fastutil.longs.AbstractLongList.popLong (0x00007ab287e43308) [0x00007ab287e43400, 0x00007ab287e436e8] Compiler: c1, Barriers: 0, Oops: 1, ImmediateOops: 0, NonImmediateOops: No
[2,367s][debug][gc,nmethod     ] Register NMethod: io.sirix.access.trx.page.AbstractForwardingStorageEngineReader.getNamePage (0x00007ab287e43708) [0x00007ab287e43800, 0x00007ab287e448a8] Compiler: c1, Barriers: 5, Oops: 1, ImmediateOops: 1, NonImmediateOops: No
[2,367s][debug][gc,nmethod     ] Register NMethod: io.sirix.node.MemorySegmentBytesIn.getUnderlying (0x00007ab287e44908) [0x00007ab287e44a00, 0x00007ab287e44fe8] Compiler: c1, Barriers: 1, Oops: 1, ImmediateOops: 0, NonImmediateOops: No
[2,367s][debug][gc,nmethod     ] Register NMethod: jdk.internal.foreign.AbstractMemorySegmentImpl.asSlice (0x00007ab287e45008) [0x00007ab287e45100, 0x00007ab287e453f8] Compiler: c1, Barriers: 0, Oops: 0, ImmediateOops: 0, NonImmediateOops: No
[2,367s][debug][gc,nmethod     ] Register NMethod: io.sirix.node.MemorySegmentBytesIn.getUnderlying (0x00007ab287e45408) [0x00007ab287e45500, 0x00007ab287e45a80] Compiler: c1, Barriers: 1, Oops: 1, ImmediateOops: 0, NonImmediateOops: No
[2,367s][debug][gc,nmethod     ] Register NMethod: jdk.internal.foreign.AbstractMemorySegmentImpl.asSlice (0x00007ab287e45b08) [0x00007ab287e45c00, 0x00007ab287e46040] Compiler: c1, Barriers: 0, Oops: 0, ImmediateOops: 0, NonImmediateOops: No
[2,367s][debug][gc,nmethod     ] Register NMethod: it.unimi.dsi.fastutil.longs.LongArrayList.removeLong (0x00007ab287e46088) [0x00007ab287e46180, 0x00007ab287e478b0] Compiler: c1, Barriers: 2, Oops: 4, ImmediateOops: 4, NonImmediateOops: No
[2,367s][debug][gc,nmethod     ] Register NMethod: jdk.xml.internal.XMLLimitAnalyzer.addValue (0x00007ab287e47908) [0x00007ab287e47a00, 0x00007ab287e47ed0] Compiler: c1, Barriers: 0, Oops: 0, ImmediateOops: 0, NonImmediateOops: No
[2,367s][debug][gc,nmethod     ] Register NMethod: io.sirix.index.path.summary.PathSummaryReader.isNameNode (0x00007ab287e47f08) [0x00007ab287e48000, 0x00007ab287e484a8] Compiler: c1, Barriers: 1, Oops: 1, ImmediateOops: 1, NonImmediateOops: No
[2,367s][debug][gc,nmethod     ] Register NMethod: io.sirix.index.path.summary.PathSummaryReader.getLocalNameKey (0x00007ab287e48508) [0x00007ab287e48600, 0x00007ab287e48f20] Compiler: c1, Barriers: 1, Oops: 1, ImmediateOops: 1, NonImmediateOops: No
[2,367s][debug][gc,nmethod     ] Register NMethod: io.sirix.index.path.summary.PathNode.getPathKind (0x00007ab2a6d29a88) [0x00007ab2a6d29b80, 0x00007ab2a6d29c68] Compiler: c1, Barriers: 1, Oops: 1, ImmediateOops: 0, NonImmediateOops: No
[2,367s][debug][gc,nmethod     ] Register NMethod: java.lang.Math.multiplyHigh (0x00007ab2a6d29d88) [0x00007ab2a6d29e80, 0x00007ab2a6d29f30] Compiler: jvmci, Barriers: 0, Oops: 0, ImmediateOops: 0, NonImmediateOops: No
[2,367s][debug][gc,nmethod     ] Register NMethod: io.sirix.node.delegates.NameNodeDelegate.getPrefixKey (0x00007ab2a6d2a088) [0x00007ab2a6d2a180, 0x00007ab2a6d2a240] Compiler: c1, Barriers: 0, Oops: 1, ImmediateOops: 0, NonImmediateOops: No
[2,368s][debug][gc,nmethod     ] Register NMethod: io.sirix.axis.filter.PathNameFilter.filter (0x00007ab287e48f88) [0x00007ab287e49080, 0x00007ab287e4b820] Compiler: c1, Barriers: 5, Oops: 1, ImmediateOops: 3, NonImmediateOops: No
[2,368s][debug][gc,nmethod     ] Register NMethod: jdk.xml.internal.XMLLimitAnalyzer.addValue (0x00007ab287e4b888) [0x00007ab287e4b9a0, 0x00007ab287e4eac0] Compiler: c1, Barriers: 17, Oops: 0, ImmediateOops: 12, NonImmediateOops: No
[2,368s][debug][gc,nmethod     ] Register NMethod: net.openhft.hashing.XXH3.XXH3_avalanche (0x00007ab287e4eb08) [0x00007ab287e4ec00, 0x00007ab287e4ed10] Compiler: c1, Barriers: 0, Oops: 1, ImmediateOops: 0, NonImmediateOops: No
[2,368s][debug][gc,nmethod     ] Register NMethod: io.brackit.query.atomic.QNm.<init> (0x00007ab287e4ee08) [0x00007ab287e4ef00, 0x00007ab287e4f3a8] Compiler: c1, Barriers: 9, Oops: 1, ImmediateOops: 3, NonImmediateOops: No
[2,368s][debug][gc,nmethod     ] Register NMethod: io.sirix.node.xml.AbstractStructForwardingNode.getDescendantCount (0x00007ab287e4f408) [0x00007ab287e4f500, 0x00007ab287e4f830] Compiler: c1, Barriers: 0, Oops: 1, ImmediateOops: 0, NonImmediateOops: No
[2,368s][debug][gc,nmethod     ] Register NMethod: jdk.xml.internal.XMLSecurityPropertyManager$Property.values (0x00007ab287e4f888) [0x00007ab287e4f980, 0x00007ab287e4fe60] Compiler: c1, Barriers: 0, Oops: 0, ImmediateOops: 1, NonImmediateOops: No
[2,369s][debug][gc,nmethod     ] Register NMethod: net.openhft.hashing.Access.byteOrder (0x00007ab287e4fe88) [0x00007ab287e4ff80, 0x00007ab287e504d8] Compiler: c1, Barriers: 0, Oops: 1, ImmediateOops: 0, NonImmediateOops: No
[2,369s][debug][gc,nmethod     ] Register NMethod: com.sun.org.apache.xerces.internal.impl.XMLEntityScanner.normalizeNewlines (0x00007ab287e50508) [0x00007ab287e50600, 0x00007ab287e51920] Compiler: c1, Barriers: 17, Oops: 0, ImmediateOops: 0, NonImmediateOops: No
[2,369s][debug][gc,nmethod     ] Register NMethod: io.sirix.node.xml.TextNode.getKind (0x00007ab2a6d2a388) [0x00007ab2a6d2a480, 0x00007ab2a6d2a510] Compiler: jvmci, Barriers: 0, Oops: 1, ImmediateOops: 1, NonImmediateOops: No
[2,369s][debug][gc,nmethod     ] Register NMethod: jdk.internal.misc.Unsafe.putIntUnaligned (0x00007ab2a6d2a688) [0x00007ab2a6d2a780, 0x00007ab2a6d2a838] Compiler: jvmci, Barriers: 0, Oops: 0, ImmediateOops: 0, NonImmediateOops: No
[2,369s][debug][gc,nmethod     ] Register NMethod: jdk.xml.internal.XMLSecurityPropertyManager.getIndex (0x00007ab287e51988) [0x00007ab287e51a80, 0x00007ab287e52510] Compiler: c1, Barriers: 1, Oops: 0, ImmediateOops: 1, NonImmediateOops: No
[2,369s][debug][gc,nmethod     ] Register NMethod: io.sirix.node.xml.AttributeNode.getParentKey (0x00007ab287e52588) [0x00007ab287e52680, 0x00007ab287e57668] Compiler: c1, Barriers: 19, Oops: 7, ImmediateOops: 11, NonImmediateOops: No
[2,369s][debug][gc,nmethod     ] Register NMethod: io.sirix.node.xml.ElementNode.getPathNodeKey (0x00007ab287e57708) [0x00007ab287e57800, 0x00007ab287e5c7f0] Compiler: c1, Barriers: 19, Oops: 7, ImmediateOops: 11, NonImmediateOops: No
[2,370s][debug][gc,nmethod     ] Register NMethod: io.sirix.node.xml.ElementNode.getLastChildKey (0x00007ab287e5c888) [0x00007ab287e5c980, 0x00007ab287e61970] Compiler: c1, Barriers: 19, Oops: 7, ImmediateOops: 11, NonImmediateOops: No
[2,370s][debug][gc,nmethod     ] Register NMethod: io.sirix.access.trx.node.AbstractNodeHashing.rollingAdd (0x00007ab287e61a08) [0x00007ab287e61b00, 0x00007ab287e66e50] Compiler: c1, Barriers: 15, Oops: 1, ImmediateOops: 2, NonImmediateOops: No
[2,370s][debug][gc,nmethod     ] Register NMethod: io.sirix.access.trx.node.AbstractNodeTrxImpl.assertRunning (0x00007ab287e66e88) [0x00007ab287e66f80, 0x00007ab287e674f0] Compiler: c1, Barriers: 3, Oops: 1, ImmediateOops: 2, NonImmediateOops: No
[2,370s][debug][gc,nmethod     ] Register NMethod: jdk.xml.internal.JdkXmlUtils.getProperty (0x00007ab287e67508) [0x00007ab287e67600, 0x00007ab287e68358] Compiler: c1, Barriers: 2, Oops: 0, ImmediateOops: 0, NonImmediateOops: No
[2,370s][debug][gc,nmethod     ] Register NMethod: io.sirix.access.trx.node.AbstractNodeTrxImpl.checkAccessAndCommit (0x00007ab287e68388) [0x00007ab287e68480, 0x00007ab287e68fd8] Compiler: c1, Barriers: 4, Oops: 1, ImmediateOops: 3, NonImmediateOops: No
[2,370s][debug][gc,nmethod     ] Register NMethod: net.openhft.hashing.UnsafeAccess.byteOrder (0x00007ab287e69008) [0x00007ab287e69100, 0x00007ab287e69260] Compiler: c1, Barriers: 0, Oops: 1, ImmediateOops: 1, NonImmediateOops: No
[2,370s][debug][gc,nmethod     ] Register NMethod: net.openhft.hashing.LongHashFunction.unsafeHash (0x00007ab287e69308) [0x00007ab287e69400, 0x00007ab287e69710] Compiler: c1, Barriers: 0, Oops: 1, ImmediateOops: 1, NonImmediateOops: No
[2,370s][debug][gc,nmethod     ] Register NMethod: jdk.xml.internal.JdkProperty$ImplPropMap.is (0x00007ab287e69788) [0x00007ab287e69880, 0x00007ab287e6a148] Compiler: c1, Barriers: 3, Oops: 0, ImmediateOops: 0, NonImmediateOops: No
[2,370s][debug][gc,nmethod     ] Register NMethod: net.openhft.hashing.XXH3.access$100 (0x00007ab287e6a188) [0x00007ab287e6a280, 0x00007ab287e6a368] Compiler: c1, Barriers: 0, Oops: 1, ImmediateOops: 1, NonImmediateOops: No
[2,370s][debug][gc,nmethod     ] Register NMethod: net.openhft.hashing.XXH3.access$500 (0x00007ab287e6a488) [0x00007ab287e6a580, 0x00007ab287e6a690] Compiler: c1, Barriers: 0, Oops: 1, ImmediateOops: 0, NonImmediateOops: No
[2,370s][debug][gc,nmethod     ] Register NMethod: net.openhft.hashing.XXH3$AsLongHashFunction.hash (0x00007ab287e6a788) [0x00007ab287e6a880, 0x00007ab287e6b0d0] Compiler: c1, Barriers: 0, Oops: 3, ImmediateOops: 2, NonImmediateOops: No
[2,370s][debug][gc,nmethod     ] Register NMethod: jdk.xml.internal.XMLSecurityManager.getLimitAsString (0x00007ab287e6b108) [0x00007ab287e6b200, 0x00007ab287e6c118] Compiler: c1, Barriers: 4, Oops: 0, ImmediateOops: 1, NonImmediateOops: No
[2,370s][debug][gc,nmethod     ] Register NMethod: io.sirix.access.trx.node.xml.XmlNodeHashing.setCurrentNode (0x00007ab287e6c188) [0x00007ab287e6c280, 0x00007ab287e6cdd8] Compiler: c1, Barriers: 4, Oops: 1, ImmediateOops: 1, NonImmediateOops: No
[2,370s][debug][gc,nmethod     ] Register NMethod: io.sirix.access.trx.node.xml.XmlNodeHashing.setCurrentNode (0x00007ab287e6ce08) [0x00007ab287e6cf00, 0x00007ab287e6d610] Compiler: c1, Barriers: 4, Oops: 1, ImmediateOops: 1, NonImmediateOops: No
[2,371s][debug][gc,nmethod     ] Register NMethod: jdk.xml.internal.FeaturePropertyBase.getValue (0x00007ab287e6d688) [0x00007ab287e6d780, 0x00007ab287e6dbd0] Compiler: c1, Barriers: 2, Oops: 0, ImmediateOops: 0, NonImmediateOops: No
[2,371s][debug][gc,nmethod     ] Register NMethod: io.sirix.access.trx.page.NodeStorageEngineWriter.getMostRecentPageContainer (0x00007ab2a6d2a988) [0x00007ab2a6d2aa80, 0x00007ab2a6d2ae98] Compiler: jvmci, Barriers: 9, Oops: 1, ImmediateOops: 1, NonImmediateOops: No
[2,371s][debug][gc,nmethod     ] Register NMethod: io.sirix.access.trx.node.xml.ForwardingXmlNodeReadOnlyTrx.storeDeweyIDs (0x00007ab287e6dc08) [0x00007ab287e6dd00, 0x00007ab287e6e300] Compiler: c1, Barriers: 1, Oops: 1, ImmediateOops: 0, NonImmediateOops: No
[2,371s][debug][gc,nmethod     ] Register NMethod: io.sirix.access.trx.node.AbstractNodeReadOnlyTrx.storeDeweyIDs (0x00007ab287e6e388) [0x00007ab287e6e480, 0x00007ab287e6e998] Compiler: c1, Barriers: 2, Oops: 1, ImmediateOops: 1, NonImmediateOops: No
[2,371s][debug][gc,nmethod     ] Register NMethod: com.sun.org.apache.xerces.internal.util.NamespaceSupport.getDeclaredPrefixCount (0x00007ab287e6ea08) [0x00007ab287e6eb00, 0x00007ab287e6ec88] Compiler: c1, Barriers: 1, Oops: 0, ImmediateOops: 0, NonImmediateOops: No
[2,371s][debug][gc,nmethod     ] Register NMethod: com.sun.xml.internal.stream.util.ReadOnlyIterator.hasNext (0x00007ab287e6ed08) [0x00007ab287e6ee00, 0x00007ab287e6f198] Compiler: c1, Barriers: 1, Oops: 0, ImmediateOops: 0, NonImmediateOops: No
[2,371s][debug][gc,nmethod     ] Register NMethod: io.sirix.access.trx.node.AbstractNodeTrxImpl.intermediateCommitIfRequired (0x00007ab287e6f208) [0x00007ab287e6f300, 0x00007ab287e70070] Compiler: c1, Barriers: 1, Oops: 3, ImmediateOops: 4, NonImmediateOops: No
[2,371s][debug][gc,nmethod     ] Register NMethod: java.lang.invoke.VarHandleGuards.guard_LJ_I (0x00007ab2a6d2af08) [0x00007ab2a6d2b000, 0x00007ab2a6d2b880] Compiler: jvmci, Barriers: 26, Oops: 0, ImmediateOops: 5, NonImmediateOops: No
[2,371s][debug][gc,nmethod     ] Register NMethod: io.sirix.access.trx.node.xml.XmlNodeHashing.getStructuralNode (0x00007ab287e70108) [0x00007ab287e70200, 0x00007ab287e70560] Compiler: c1, Barriers: 1, Oops: 1, ImmediateOops: 0, NonImmediateOops: No
[2,371s][debug][gc,nmethod     ] Register NMethod: io.sirix.access.trx.node.AbstractNodeHashing.adaptHashesWithAdd (0x00007ab287e70588) [0x00007ab287e70680, 0x00007ab287e70b58] Compiler: c1, Barriers: 1, Oops: 1, ImmediateOops: 1, NonImmediateOops: No
[2,371s][debug][gc,nmethod     ] Register NMethod: io.sirix.access.trx.node.AbstractNodeHashing.isValueNode (0x00007ab287e70b88) [0x00007ab287e70c80, 0x00007ab287e72848] Compiler: c1, Barriers: 0, Oops: 1, ImmediateOops: 12, NonImmediateOops: No
[2,371s][debug][gc,nmethod     ] Register NMethod: com.sun.org.apache.xerces.internal.util.NamespaceSupport.pushContext (0x00007ab287e72888) [0x00007ab287e72980, 0x00007ab287e72cf0] Compiler: c1, Barriers: 5, Oops: 0, ImmediateOops: 0, NonImmediateOops: No
[2,371s][debug][gc,nmethod     ] Register NMethod: io.sirix.access.trx.node.AbstractIndexController.notifyChange (0x00007ab287e72d08) [0x00007ab287e72e00, 0x00007ab287e73cb8] Compiler: c1, Barriers: 2, Oops: 1, ImmediateOops: 0, NonImmediateOops: No
[2,371s][debug][gc,nmethod     ] Register NMethod: java.lang.AbstractStringBuilder.setLength (0x00007ab287e73d08) [0x00007ab287e73e00, 0x00007ab287e741a8] Compiler: c1, Barriers: 4, Oops: 0, ImmediateOops: 0, NonImmediateOops: No
[2,372s][debug][gc,nmethod     ] Register NMethod: com.sun.org.apache.xerces.internal.xni.XMLString.toString (0x00007ab287e74208) [0x00007ab287e74300, 0x00007ab287e74548] Compiler: c1, Barriers: 1, Oops: 0, ImmediateOops: 1, NonImmediateOops: No
[2,372s][debug][gc,nmethod     ] Register NMethod: javax.xml.namespace.QName.<init> (0x00007ab287e74588) [0x00007ab287e74680, 0x00007ab287e74bd0] Compiler: c1, Barriers: 12, Oops: 0, ImmediateOops: 3, NonImmediateOops: No
[2,372s][debug][gc,nmethod     ] Register NMethod: net.openhft.hashing.UnsafeAccess.getLong (0x00007ab2a6d2b888) [0x00007ab2a6d2b980, 0x00007ab2a6d2ba08] Compiler: jvmci, Barriers: 0, Oops: 1, ImmediateOops: 0, NonImmediateOops: No
[2,372s][debug][gc,nmethod     ] Register NMethod: net.openhft.hashing.Access.i64 (0x00007ab2a6d2bb88) [0x00007ab2a6d2bc80, 0x00007ab2a6d2bd40] Compiler: jvmci, Barriers: 0, Oops: 1, ImmediateOops: 0, NonImmediateOops: No
[2,372s][debug][gc,nmethod     ] Register NMethod: io.sirix.node.xml.AbstractStructForwardingNode.getRightSiblingKey (0x00007ab287e74c08) [0x00007ab287e74d00, 0x00007ab287e75030] Compiler: c1, Barriers: 0, Oops: 1, ImmediateOops: 0, NonImmediateOops: No
[2,372s][debug][gc,nmethod     ] Register NMethod: com.sun.org.apache.xerces.internal.impl.XMLDocumentFragmentScannerImpl.getCharacterData (0x00007ab287e75088) [0x00007ab287e75180, 0x00007ab287e75348] Compiler: c1, Barriers: 2, Oops: 0, ImmediateOops: 0, NonImmediateOops: No
[2,372s][debug][gc,nmethod     ] Register NMethod: java.lang.StringBuilder.setLength (0x00007ab287e75388) [0x00007ab287e75480, 0x00007ab287e755b0] Compiler: c1, Barriers: 0, Oops: 0, ImmediateOops: 0, NonImmediateOops: No
[2,372s][debug][gc,nmethod     ] Register NMethod: io.sirix.index.path.summary.PathSummaryReader.hasRightSibling (0x00007ab287e75688) [0x00007ab287e75780, 0x00007ab287e75f08] Compiler: c1, Barriers: 1, Oops: 1, ImmediateOops: 1, NonImmediateOops: No
[2,372s][debug][gc,nmethod     ] Register NMethod: io.sirix.access.trx.page.NodeStorageEngineWriter.createNameKey (0x00007ab287e75f88) [0x00007ab287e76080, 0x00007ab287e77ab8] Compiler: c1, Barriers: 7, Oops: 1, ImmediateOops: 3, NonImmediateOops: No
[2,372s][debug][gc,nmethod     ] Register NMethod: com.sun.xml.internal.stream.util.ReadOnlyIterator.<init> (0x00007ab287e77b08) [0x00007ab287e77c00, 0x00007ab287e77e58] Compiler: c1, Barriers: 6, Oops: 0, ImmediateOops: 0, NonImmediateOops: No
[2,372s][debug][gc,nmethod     ] Register NMethod: io.sirix.node.xml.ElementNode.hasLeftSibling (0x00007ab287e77e88) [0x00007ab287e77f80, 0x00007ab287e7d3b8] Compiler: c1, Barriers: 19, Oops: 7, ImmediateOops: 12, NonImmediateOops: No
[2,372s][debug][gc,nmethod     ] Register NMethod: io.sirix.access.trx.node.xml.ForwardingXmlNodeReadOnlyTrx.moveTo (0x00007ab287e7d408) [0x00007ab287e7d500, 0x00007ab287e7db00] Compiler: c1, Barriers: 1, Oops: 1, ImmediateOops: 0, NonImmediateOops: No
[2,373s][debug][gc,nmethod     ] Register NMethod: com.sun.org.apache.xerces.internal.impl.XMLStreamReaderImpl.getNamespaceURI (0x00007ab287e7db88) [0x00007ab287e7dc80, 0x00007ab287e7e2c8] Compiler: c1, Barriers: 7, Oops: 0, ImmediateOops: 0, NonImmediateOops: No
[2,373s][debug][gc,nmethod     ] Register NMethod: com.sun.org.apache.xerces.internal.impl.XMLStreamReaderImpl.getPrefix (0x00007ab287e7e308) [0x00007ab287e7e400, 0x00007ab287e7ea90] Compiler: c1, Barriers: 7, Oops: 0, ImmediateOops: 1, NonImmediateOops: No
[2,373s][debug][gc,director    ] Rule Major: Warmup 10%, Used: 370MB, UsedThreshold: 1228MB
[2,373s][debug][gc,nmethod     ] Register NMethod: io.sirix.page.NamePage.setName (0x00007ab287e7eb08) [0x00007ab287e7ec00, 0x00007ab287e801a0] Compiler: c1, Barriers: 25, Oops: 1, ImmediateOops: 2, NonImmediateOops: No
[2,373s][debug][gc,nmethod     ] Register NMethod: io.sirix.node.xml.ElementNode.incrementChildCount (0x00007ab287e80208) [0x00007ab287e80300, 0x00007ab287e80a30] Compiler: c1, Barriers: 1, Oops: 1, ImmediateOops: 0, NonImmediateOops: No
[2,373s][debug][gc,nmethod     ] Register NMethod: com.sun.org.apache.xerces.internal.impl.XMLStreamReaderImpl.getNamespaceCount (0x00007ab287e80a88) [0x00007ab287e80b80, 0x00007ab287e81278] Compiler: c1, Barriers: 3, Oops: 0, ImmediateOops: 0, NonImmediateOops: No
[2,373s][debug][gc,nmethod     ] Register NMethod: io.sirix.node.xml.AbstractStructForwardingNode.setDescendantCount (0x00007ab287e81288) [0x00007ab287e81380, 0x00007ab287e816c0] Compiler: c1, Barriers: 0, Oops: 1, ImmediateOops: 0, NonImmediateOops: No
[2,373s][debug][gc,nmethod     ] Register NMethod: io.sirix.access.trx.node.xml.XmlNodeTrxImpl.adaptForInsert (0x00007ab287e81708) [0x00007ab287e81800, 0x00007ab287e845c8] Compiler: c1, Barriers: 3, Oops: 1, ImmediateOops: 3, NonImmediateOops: No
[2,373s][debug][gc,nmethod     ] Register NMethod: io.sirix.index.name.Names.setName (0x00007ab287e84608) [0x00007ab287e84700, 0x00007ab287e869a8] Compiler: c1, Barriers: 12, Oops: 2, ImmediateOops: 4, NonImmediateOops: No
[2,374s][debug][gc,nmethod     ] Register NMethod: com.sun.org.apache.xerces.internal.impl.XMLStreamReaderImpl.getProperty (0x00007ab287e86a08) [0x00007ab287e86b00, 0x00007ab287e87330] Compiler: c1, Barriers: 2, Oops: 0, ImmediateOops: 2, NonImmediateOops: No
[2,374s][debug][gc,nmethod     ] Register NMethod: com.sun.xml.internal.stream.events.XMLEventAllocatorImpl.getQName (0x00007ab287e87388) [0x00007ab287e87480, 0x00007ab287e87d00] Compiler: c1, Barriers: 7, Oops: 0, ImmediateOops: 0, NonImmediateOops: No
[2,374s][debug][gc,nmethod     ] Register NMethod: com.sun.org.apache.xerces.internal.impl.XMLEntityScanner.checkNodeCount (0x00007ab287e87d08) [0x00007ab287e87e00, 0x00007ab287e87fc8] Compiler: c1, Barriers: 0, Oops: 0, ImmediateOops: 1, NonImmediateOops: No
[2,374s][debug][gc,nmethod     ] Register NMethod: io.sirix.index.path.summary.PathSummaryReader.putMapping (0x00007ab287e88008) [0x00007ab287e88100, 0x00007ab287e88b38] Compiler: c1, Barriers: 9, Oops: 1, ImmediateOops: 0, NonImmediateOops: No
[2,374s][debug][gc,nmethod     ] Register NMethod: com.sun.org.apache.xerces.internal.impl.PropertyManager.getProperty (0x00007ab287e88b88) [0x00007ab287e88c80, 0x00007ab287e8a740] Compiler: c1, Barriers: 7, Oops: 1, ImmediateOops: 4, NonImmediateOops: No
[2,374s][debug][gc,nmethod     ] Register NMethod: io.sirix.node.xml.ElementNode.setChildCount (0x00007ab287e8a788) [0x00007ab287e8a880, 0x00007ab287e8e3a0] Compiler: c1, Barriers: 6, Oops: 6, ImmediateOops: 10, NonImmediateOops: No
[2,374s][debug][gc,nmethod     ] Register NMethod: com.sun.org.apache.xerces.internal.impl.XMLStreamReaderImpl.getLocalName (0x00007ab287e8e408) [0x00007ab287e8e500, 0x00007ab287e8ef08] Compiler: c1, Barriers: 9, Oops: 0, ImmediateOops: 0, NonImmediateOops: No
[2,374s][debug][gc,nmethod     ] Register NMethod: com.sun.xml.internal.stream.events.DummyEvent.asCharacters (0x00007ab287e8ef88) [0x00007ab287e8f080, 0x00007ab287e8f3a0] Compiler: c1, Barriers: 0, Oops: 0, ImmediateOops: 0, NonImmediateOops: No
[2,374s][debug][gc,nmethod     ] Register NMethod: io.sirix.access.trx.node.xml.ForwardingXmlNodeReadOnlyTrx.getNodeKey (0x00007ab287e8f408) [0x00007ab287e8f500, 0x00007ab287e8faf8] Compiler: c1, Barriers: 1, Oops: 1, ImmediateOops: 0, NonImmediateOops: No
[2,375s][debug][gc,nmethod     ] Register NMethod: com.sun.xml.internal.stream.XMLEventReaderImpl.peek (0x00007ab287e8fb08) [0x00007ab287e8fc00, 0x00007ab287e90398] Compiler: c1, Barriers: 8, Oops: 0, ImmediateOops: 1, NonImmediateOops: No
[2,375s][debug][gc,nmethod     ] Register NMethod: com.sun.org.apache.xerces.internal.impl.XMLStreamReaderImpl.getText (0x00007ab287e90408) [0x00007ab287e90500, 0x00007ab287e929f8] Compiler: c1, Barriers: 18, Oops: 0, ImmediateOops: 0, NonImmediateOops: No
[2,375s][debug][gc,nmethod     ] Register NMethod: com.sun.org.apache.xerces.internal.impl.XMLEntityScanner.scanChar (0x00007ab287e92a08) [0x00007ab287e92b00, 0x00007ab287e93528] Compiler: c1, Barriers: 8, Oops: 0, ImmediateOops: 0, NonImmediateOops: No
[2,375s][debug][gc,nmethod     ] Register NMethod: com.sun.org.apache.xerces.internal.impl.XMLDocumentFragmentScannerImpl.getAttributeIterator (0x00007ab287e93588) [0x00007ab287e93680, 0x00007ab287e93918] Compiler: c1, Barriers: 4, Oops: 0, ImmediateOops: 0, NonImmediateOops: No
[2,375s][debug][gc,nmethod     ] Register NMethod: java.lang.String.getBytes (0x00007ab287e93988) [0x00007ab287e93a80, 0x00007ab287e93e68] Compiler: c1, Barriers: 1, Oops: 0, ImmediateOops: 0, NonImmediateOops: No
[2,375s][debug][gc,nmethod     ] Register NMethod: jdk.internal.foreign.MemorySessionImpl.ownerThread (0x00007ab2a6d2be88) [0x00007ab2a6d2bf80, 0x00007ab2a6d2c068] Compiler: c1, Barriers: 1, Oops: 0, ImmediateOops: 0, NonImmediateOops: No
[2,375s][debug][gc,nmethod     ] Register NMethod: io.sirix.node.xml.TextNode.getDescendantCount (0x00007ab2a6d2c188) [0x00007ab2a6d2c280, 0x00007ab2a6d2c340] Compiler: c1, Barriers: 0, Oops: 1, ImmediateOops: 0, NonImmediateOops: No
[2,375s][debug][gc,nmethod     ] Register NMethod: com.sun.xml.internal.stream.events.StartElementEvent.getName (0x00007ab2a6d2c488) [0x00007ab2a6d2c580, 0x00007ab2a6d2c668] Compiler: c1, Barriers: 1, Oops: 0, ImmediateOops: 0, NonImmediateOops: No
[2,375s][debug][gc,nmethod     ] Register NMethod: com.sun.org.apache.xerces.internal.impl.XMLStreamReaderImpl.getNamespaceContext (0x00007ab2a6d2c788) [0x00007ab2a6d2c880, 0x00007ab2a6d2c968] Compiler: c1, Barriers: 1, Oops: 0, ImmediateOops: 0, NonImmediateOops: No
[2,375s][debug][gc,nmethod     ] Register NMethod: com.sun.org.apache.xerces.internal.util.NamespaceContextWrapper.getNamespaceContext (0x00007ab2a6d2ca88) [0x00007ab2a6d2cb80, 0x00007ab2a6d2cc68] Compiler: c1, Barriers: 1, Oops: 0, ImmediateOops: 0, NonImmediateOops: No
[2,375s][debug][gc,nmethod     ] Register NMethod: com.sun.xml.internal.stream.events.StartElementEvent.setNamespaceContext (0x00007ab2a6d2cd88) [0x00007ab2a6d2ce80, 0x00007ab2a6d2cfb0] Compiler: c1, Barriers: 3, Oops: 0, ImmediateOops: 0, NonImmediateOops: No
[2,375s][debug][gc,nmethod     ] Register NMethod: com.sun.xml.internal.stream.events.EndElementEvent.getName (0x00007ab2a6d2d088) [0x00007ab2a6d2d180, 0x00007ab2a6d2d268] Compiler: c1, Barriers: 1, Oops: 0, ImmediateOops: 0, NonImmediateOops: No
[2,375s][debug][gc,nmethod     ] Register NMethod: io.sirix.service.xml.shredder.AbstractShredder.processText (0x00007ab287e93e88) [0x00007ab287e93f80, 0x00007ab287e96220] Compiler: c1, Barriers: 8, Oops: 1, ImmediateOops: 1, NonImmediateOops: No
[2,375s][debug][gc,nmethod     ] Register NMethod: io.sirix.index.path.summary.PathSummaryReader.getRightSiblingKey (0x00007ab287e96288) [0x00007ab287e96380, 0x00007ab287e96b00] Compiler: c1, Barriers: 1, Oops: 1, ImmediateOops: 1, NonImmediateOops: No
[2,375s][debug][gc,nmethod     ] Register NMethod: com.sun.org.apache.xerces.internal.xni.QName.setValues (0x00007ab287e96b88) [0x00007ab287e96c80, 0x00007ab287e97038] Compiler: c1, Barriers: 16, Oops: 0, ImmediateOops: 0, NonImmediateOops: No
[2,375s][debug][gc,nmethod     ] Register NMethod: com.sun.org.apache.xerces.internal.util.XMLChar.isNameStart (0x00007ab287e97088) [0x00007ab287e97180, 0x00007ab287e97310] Compiler: c1, Barriers: 0, Oops: 0, ImmediateOops: 1, NonImmediateOops: No
[2,375s][debug][gc,nmethod     ] Register NMethod: io.sirix.index.path.summary.PathNode.getName (0x00007ab2a6d2d388) [0x00007ab2a6d2d480, 0x00007ab2a6d2d568] Compiler: c1, Barriers: 1, Oops: 1, ImmediateOops: 0, NonImmediateOops: No
[2,376s][debug][gc,nmethod     ] Register NMethod: io.sirix.index.path.summary.PathSummaryReader.getFirstChildKey (0x00007ab287e97388) [0x00007ab287e97480, 0x00007ab287e97c00] Compiler: c1, Barriers: 1, Oops: 1, ImmediateOops: 1, NonImmediateOops: No
[2,376s][debug][gc,nmethod     ] Register NMethod: com.sun.org.apache.xerces.internal.util.SymbolTable.addSymbol (0x00007ab287e97c88) [0x00007ab287e97d80, 0x00007ab287e982c0] Compiler: c1, Barriers: 5, Oops: 0, ImmediateOops: 0, NonImmediateOops: No
[2,376s][debug][gc,nmethod     ] Register NMethod: io.sirix.node.xml.TextNode.hasLeftSibling (0x00007ab287e98308) [0x00007ab287e98400, 0x00007ab287e9d838] Compiler: c1, Barriers: 19, Oops: 7, ImmediateOops: 12, NonImmediateOops: No
[2,377s][debug][gc,nmethod     ] Register NMethod: it.unimi.dsi.fastutil.ints.Int2IntOpenHashMap.find (0x00007ab2a6d2d688) [0x00007ab2a6d2d780, 0x00007ab2a6d2d9f8] Compiler: jvmci, Barriers: 1, Oops: 1, ImmediateOops: 0, NonImmediateOops: No
[2,377s][debug][gc,nmethod     ] Register NMethod: io.sirix.utils.XMLToken.isNCName (0x00007ab287e9d888) [0x00007ab287e9d980, 0x00007ab287e9db20] Compiler: c1, Barriers: 0, Oops: 1, ImmediateOops: 0, NonImmediateOops: No
[2,377s][debug][gc,nmethod     ] Register NMethod: io.sirix.index.path.summary.PathSummaryReader.keyForName (0x00007ab287e9db88) [0x00007ab287e9dc80, 0x00007ab287e9e130] Compiler: c1, Barriers: 0, Oops: 1, ImmediateOops: 1, NonImmediateOops: No
[2,377s][debug][gc,nmethod     ] Register NMethod: io.sirix.utils.XMLToken.ncName (0x00007ab287e9e188) [0x00007ab287e9e280, 0x00007ab287e9e6d8] Compiler: c1, Barriers: 0, Oops: 1, ImmediateOops: 1, NonImmediateOops: No
[2,378s][debug][gc,nmethod     ] Register NMethod: com.sun.xml.internal.stream.events.XMLEventAllocatorImpl.setNamespaceContext (0x00007ab287e9e708) [0x00007ab287e9e800, 0x00007ab287e9ec90] Compiler: c1, Barriers: 8, Oops: 0, ImmediateOops: 0, NonImmediateOops: No
[2,378s][debug][gc,nmethod     ] Register NMethod: com.sun.xml.internal.stream.events.XMLEventAllocatorImpl.fillNamespaceAttributes (0x00007ab287e9ed08) [0x00007ab287e9ee00, 0x00007ab287e9f4b0] Compiler: c1, Barriers: 1, Oops: 0, ImmediateOops: 1, NonImmediateOops: No
[2,378s][debug][gc,nmethod     ] Register NMethod: com.sun.org.apache.xerces.internal.util.NamespaceSupport.getURI (0x00007ab287e9f508) [0x00007ab287e9f600, 0x00007ab287e9f8f0] Compiler: c1, Barriers: 3, Oops: 0, ImmediateOops: 0, NonImmediateOops: No
[2,378s][debug][gc,nmethod     ] Register NMethod: com.sun.xml.internal.stream.events.XMLEventAllocatorImpl.fillAttributes (0x00007ab287e9f908) [0x00007ab287e9fa00, 0x00007ab287ea0508] Compiler: c1, Barriers: 16, Oops: 0, ImmediateOops: 2, NonImmediateOops: No
[2,378s][debug][gc,nmethod     ] Register NMethod: com.sun.org.apache.xerces.internal.xni.QName.setValues (0x00007ab287ea0588) [0x00007ab287ea0680, 0x00007ab287ea0958] Compiler: c1, Barriers: 12, Oops: 0, ImmediateOops: 0, NonImmediateOops: No
[2,378s][debug][gc,nmethod     ] Register NMethod: io.sirix.axis.filter.FilterAxis.nextKey (0x00007ab287ea0988) [0x00007ab287ea0a80, 0x00007ab287ea2090] Compiler: c1, Barriers: 3, Oops: 1, ImmediateOops: 1, NonImmediateOops: No
[2,378s][debug][gc,nmethod     ] Register NMethod: com.sun.org.apache.xerces.internal.impl.XMLDocumentFragmentScannerImpl.seekCloseOfStartTag (0x00007ab287ea2108) [0x00007ab287ea2200, 0x00007ab287ea37d0] Compiler: c1, Barriers: 15, Oops: 1, ImmediateOops: 4, NonImmediateOops: No
[2,379s][debug][gc,nmethod     ] Register NMethod: io.sirix.axis.filter.FilterAxis.<init> (0x00007ab287ea3808) [0x00007ab287ea3900, 0x00007ab287ea6498] Compiler: c1, Barriers: 24, Oops: 1, ImmediateOops: 3, NonImmediateOops: No
[2,379s][debug][gc,nmethod     ] Register NMethod: com.sun.org.apache.xerces.internal.impl.XMLEntityScanner.scanQName (0x00007ab287ea6508) [0x00007ab287ea6600, 0x00007ab287ea8a48] Compiler: c1, Barriers: 55, Oops: 2, ImmediateOops: 10, NonImmediateOops: No
[2,379s][debug][gc,nmethod     ] Register NMethod: io.sirix.utils.XMLToken.isValidQName (0x00007ab287ea8a88) [0x00007ab287ea8b80, 0x00007ab287eaa0d0] Compiler: c1, Barriers: 6, Oops: 1, ImmediateOops: 0, NonImmediateOops: No
[2,379s][debug][gc,nmethod     ] Register NMethod: io.sirix.axis.ChildAxis.reset (0x00007ab287eaa108) [0x00007ab287eaa200, 0x00007ab287eaa3e8] Compiler: c1, Barriers: 3, Oops: 1, ImmediateOops: 1, NonImmediateOops: No
[2,379s][debug][gc,nmethod     ] Register NMethod: io.sirix.access.trx.node.AbstractNodeReadOnlyTrx.getNodeKey (0x00007ab2a6d2da08) [0x00007ab2a6d2db00, 0x00007ab2a6d2dcb0] Compiler: jvmci, Barriers: 2, Oops: 1, ImmediateOops: 0, NonImmediateOops: No
[2,379s][debug][gc,nmethod     ] Register NMethod: io.sirix.axis.ChildAxis.<init> (0x00007ab287eaa408) [0x00007ab287eaa500, 0x00007ab287eaa630] Compiler: c1, Barriers: 0, Oops: 1, ImmediateOops: 0, NonImmediateOops: No
[2,379s][debug][gc,nmethod     ] Register NMethod: io.sirix.axis.filter.FilterAxis.reset (0x00007ab287eaa708) [0x00007ab287eaa800, 0x00007ab287eaac50] Compiler: c1, Barriers: 4, Oops: 1, ImmediateOops: 1, NonImmediateOops: No
[2,379s][debug][gc,nmethod     ] Register NMethod: io.sirix.axis.filter.PathKindFilter.<init> (0x00007ab287eaac88) [0x00007ab287eaad80, 0x00007ab287eab4c0] Compiler: c1, Barriers: 6, Oops: 1, ImmediateOops: 0, NonImmediateOops: No
[2,380s][debug][gc,nmethod     ] Register NMethod: net.openhft.hashing.XXH3.XXH3_64bits_internal (0x00007ab287eab508) [0x00007ab287eab600, 0x00007ab287ec9fc8] Compiler: c1, Barriers: 0, Oops: 3, ImmediateOops: 136, NonImmediateOops: No
[2,380s][debug][gc,nmethod     ] Register NMethod: java.util.ArrayList.getLast (0x00007ab287eca008) [0x00007ab287eca100, 0x00007ab287eca3f8] Compiler: c1, Barriers: 2, Oops: 0, ImmediateOops: 0, NonImmediateOops: No
[2,380s][debug][gc,nmethod     ] Register NMethod: io.sirix.axis.filter.PathNameFilter.<init> (0x00007ab287eca408) [0x00007ab287eca500, 0x00007ab287ecc158] Compiler: c1, Barriers: 4, Oops: 1, ImmediateOops: 3, NonImmediateOops: No
[2,380s][debug][gc,nmethod     ] Register NMethod: io.sirix.node.xml.ElementNode.getHash (0x00007ab2a6d2dd08) [0x00007ab2a6d2de00, 0x00007ab2a6d2e128] Compiler: jvmci, Barriers: 6, Oops: 1, ImmediateOops: 1, NonImmediateOops: No
[2,380s][debug][gc,nmethod     ] Register NMethod: io.sirix.node.immutable.xml.ImmutableElement.getKind (0x00007ab287ecc188) [0x00007ab287ecc280, 0x00007ab287ecc5d8] Compiler: c1, Barriers: 1, Oops: 1, ImmediateOops: 1, NonImmediateOops: No
[2,380s][debug][gc,nmethod     ] Register NMethod: io.sirix.index.path.summary.PathSummaryReader.hasFirstChild (0x00007ab287ecc608) [0x00007ab287ecc700, 0x00007ab287ecce88] Compiler: c1, Barriers: 1, Oops: 1, ImmediateOops: 1, NonImmediateOops: No
[2,380s][debug][gc,nmethod     ] Register NMethod: io.sirix.index.path.summary.PathSummaryWriter.getPathNodeKey (0x00007ab287eccf08) [0x00007ab287ecd000, 0x00007ab287ed0e28] Compiler: c1, Barriers: 25, Oops: 1, ImmediateOops: 8, NonImmediateOops: No
[2,381s][debug][gc,nmethod     ] Register NMethod: io.sirix.index.path.summary.PathSummaryWriter.movePathSummary (0x00007ab287ed0e88) [0x00007ab287ed0f80, 0x00007ab287ed3640] Compiler: c1, Barriers: 11, Oops: 1, ImmediateOops: 3, NonImmediateOops: No
[2,381s][debug][gc,nmethod     ] Register NMethod: io.sirix.access.Utils.buildName (0x00007ab287ed3688) [0x00007ab287ed3780, 0x00007ab287ed4758] Compiler: c1, Barriers: 4, Oops: 2, ImmediateOops: 2, NonImmediateOops: No
[2,381s][debug][gc,nmethod     ] Register NMethod: io.sirix.index.path.summary.PathSummaryReader.getLevel (0x00007ab287ed4788) [0x00007ab287ed4880, 0x00007ab287ed5f90] Compiler: c1, Barriers: 1, Oops: 1, ImmediateOops: 3, NonImmediateOops: No
[2,381s][debug][gc,nmethod     ] Register NMethod: io.sirix.access.trx.node.xml.ForwardingXmlNodeReadOnlyTrx.moveToParent (0x00007ab287ed6008) [0x00007ab287ed6100, 0x00007ab287ed6700] Compiler: c1, Barriers: 1, Oops: 1, ImmediateOops: 0, NonImmediateOops: No
[2,381s][debug][gc,nmethod     ] Register NMethod: io.sirix.access.trx.node.AbstractNodeReadOnlyTrx.moveToParent (0x00007ab287ed6788) [0x00007ab287ed6880, 0x00007ab287ed70c8] Compiler: c1, Barriers: 1, Oops: 1, ImmediateOops: 1, NonImmediateOops: No
[2,381s][debug][gc,nmethod     ] Register NMethod: io.sirix.node.MemorySegmentBytesOut.writeLong (0x00007ab2a6d2e188) [0x00007ab2a6d2e280, 0x00007ab2a6d2e728] Compiler: jvmci, Barriers: 7, Oops: 1, ImmediateOops: 0, NonImmediateOops: No
[2,381s][debug][gc,nmethod     ] Register NMethod: java.lang.invoke.VarHandleSegmentAsInts.get (0x00007ab2a6d2e788) [0x00007ab2a6d2e880, 0x00007ab2a6d2eed0] Compiler: jvmci, Barriers: 4, Oops: 0, ImmediateOops: 0, NonImmediateOops: No
[2,382s][debug][gc,nmethod     ] Register NMethod: io.sirix.node.xml.ElementNode.getPrefixKey (0x00007ab287ed7108) [0x00007ab287ed7200, 0x00007ab287edc1f0] Compiler: c1, Barriers: 19, Oops: 7, ImmediateOops: 11, NonImmediateOops: No
[2,382s][debug][gc,nmethod     ] Register NMethod: io.sirix.node.immutable.xml.ImmutableElement.getPathNodeKey (0x00007ab287edc288) [0x00007ab287edc380, 0x00007ab287ee15c8] Compiler: c1, Barriers: 20, Oops: 7, ImmediateOops: 11, NonImmediateOops: No
[2,382s][debug][gc,nmethod     ] Register NMethod: io.sirix.node.xml.ElementNode.getLocalNameKey (0x00007ab287ee1608) [0x00007ab287ee1700, 0x00007ab287ee66f0] Compiler: c1, Barriers: 19, Oops: 7, ImmediateOops: 11, NonImmediateOops: No
[2,383s][debug][gc,nmethod     ] Register NMethod: io.sirix.node.xml.ElementNode.getURIKey (0x00007ab287ee6788) [0x00007ab287ee6880, 0x00007ab287eeb870] Compiler: c1, Barriers: 19, Oops: 7, ImmediateOops: 11, NonImmediateOops: No
[2,383s][debug][gc,nmethod     ] Register NMethod: io.sirix.index.path.summary.PathNode.getPrefixKey (0x00007ab287eeb908) [0x00007ab287eeba00, 0x00007ab287eebb60] Compiler: c1, Barriers: 1, Oops: 1, ImmediateOops: 0, NonImmediateOops: No
[2,383s][debug][gc,director    ] Rule Major: Warmup 10%, Used: 370MB, UsedThreshold: 1228MB
[2,383s][debug][gc,nmethod     ] Register NMethod: com.sun.org.apache.xerces.internal.impl.XMLEntityScanner.checkLimit (0x00007ab287eebc08) [0x00007ab287eebd00, 0x00007ab287ef44c0] Compiler: c1, Barriers: 73, Oops: 3, ImmediateOops: 18, NonImmediateOops: No
[2,383s][debug][gc,nmethod     ] Register NMethod: io.sirix.node.xml.ElementNode.<init> (0x00007ab287ef4508) [0x00007ab287ef4600, 0x00007ab287ef5610] Compiler: c1, Barriers: 19, Oops: 1, ImmediateOops: 3, NonImmediateOops: No
[2,383s][debug][gc,nmethod     ] Register NMethod: com.sun.org.apache.xerces.internal.impl.XMLDocumentFragmentScannerImpl$ElementStack.popElement (0x00007ab287ef5688) [0x00007ab287ef5780, 0x00007ab287ef5ad0] Compiler: c1, Barriers: 6, Oops: 0, ImmediateOops: 0, NonImmediateOops: No
[2,383s][debug][gc,nmethod     ] Register NMethod: net.openhft.hashing.LongHashFunction.hashBytes (0x00007ab287ef5b08) [0x00007ab287ef5c00, 0x00007ab287ef6180] Compiler: c1, Barriers: 0, Oops: 1, ImmediateOops: 0, NonImmediateOops: No
[2,383s][debug][gc,nmethod     ] Register NMethod: jdk.internal.foreign.MemorySessionImpl.isCloseable (0x00007ab287ef6208) [0x00007ab287ef6300, 0x00007ab287ef6450] Compiler: c1, Barriers: 0, Oops: 0, ImmediateOops: 0, NonImmediateOops: No
[2,383s][debug][gc,nmethod     ] Register NMethod: net.openhft.hashing.LongHashFunction.hashByteBuffer (0x00007ab287ef6508) [0x00007ab287ef6600, 0x00007ab287ef7b68] Compiler: c1, Barriers: 2, Oops: 1, ImmediateOops: 0, NonImmediateOops: No
[2,384s][debug][gc,nmethod     ] Register NMethod: io.sirix.index.path.summary.PathSummaryReader.getPathKind (0x00007ab287ef7b88) [0x00007ab287ef7c80, 0x00007ab287ef8578] Compiler: c1, Barriers: 2, Oops: 1, ImmediateOops: 2, NonImmediateOops: No
[2,384s][debug][gc,nmethod     ] Register NMethod: io.sirix.axis.filter.PathKindFilter.filter (0x00007ab287ef8588) [0x00007ab287ef8680, 0x00007ab287ef9608] Compiler: c1, Barriers: 4, Oops: 1, ImmediateOops: 2, NonImmediateOops: No
[2,384s][debug][gc,nmethod     ] Register NMethod: java.nio.DirectByteBuffer.address (0x00007ab287ef9688) [0x00007ab287ef9780, 0x00007ab287efb0c0] Compiler: c1, Barriers: 5, Oops: 0, ImmediateOops: 3, NonImmediateOops: No
[2,384s][debug][gc,nmethod     ] Register NMethod: io.sirix.access.trx.node.xml.XmlNodeTrxImpl.getBytes (0x00007ab287efb108) [0x00007ab287efb200, 0x00007ab287efb7c8] Compiler: c1, Barriers: 1, Oops: 2, ImmediateOops: 1, NonImmediateOops: No
[2,384s][debug][gc,nmethod     ] Register NMethod: jdk.internal.foreign.AbstractMemorySegmentImpl.asByteBuffer (0x00007ab287efb808) [0x00007ab287efb900, 0x00007ab287efbe88] Compiler: c1, Barriers: 0, Oops: 0, ImmediateOops: 1, NonImmediateOops: No
[2,384s][debug][gc,nmethod     ] Register NMethod: io.sirix.node.MemorySegmentBytesOut.underlyingObject (0x00007ab287efbf08) [0x00007ab287efc000, 0x00007ab287efcab8] Compiler: c1, Barriers: 1, Oops: 1, ImmediateOops: 2, NonImmediateOops: No
[2,384s][debug][gc,nmethod     ] Register NMethod: io.sirix.service.xml.shredder.XmlShredder.addNewElement (0x00007ab287efcb08) [0x00007ab287efcc00, 0x00007ab287efff98] Compiler: c1, Barriers: 22, Oops: 1, ImmediateOops: 3, NonImmediateOops: No
[2,384s][debug][gc,nmethod     ] Register NMethod: com.sun.org.apache.xerces.internal.impl.XMLEntityScanner.arrangeCapacity (0x00007ab287f00008) [0x00007ab287f00100, 0x00007ab287f00a58] Compiler: c1, Barriers: 10, Oops: 0, ImmediateOops: 0, NonImmediateOops: No
[2,384s][debug][gc,nmethod     ] Register NMethod: jdk.internal.foreign.NativeMemorySegmentImpl.makeByteBuffer (0x00007ab287f00a88) [0x00007ab287f00b80, 0x00007ab287f00cf0] Compiler: c1, Barriers: 0, Oops: 0, ImmediateOops: 1, NonImmediateOops: No
[2,384s][debug][gc,nmethod     ] Register NMethod: java.nio.Buffer$2.newDirectByteBuffer (0x00007ab287f00d88) [0x00007ab287f00e80, 0x00007ab287f01030] Compiler: c1, Barriers: 0, Oops: 0, ImmediateOops: 0, NonImmediateOops: No
[2,384s][debug][gc,nmethod     ] Register NMethod: io.sirix.node.MemorySegmentBytesOut.readLimit (0x00007ab287f01088) [0x00007ab287f01180, 0x00007ab287f012e0] Compiler: c1, Barriers: 1, Oops: 1, ImmediateOops: 0, NonImmediateOops: No
[2,384s][debug][gc,nmethod     ] Register NMethod: java.nio.DirectByteBuffer.<init> (0x00007ab287f01388) [0x00007ab287f01480, 0x00007ab287f016f8] Compiler: c1, Barriers: 6, Oops: 0, ImmediateOops: 0, NonImmediateOops: No
[2,385s][debug][gc,nmethod     ] Register NMethod: java.util.HashMap.values (0x00007ab287f01708) [0x00007ab287f01800, 0x00007ab287f01c28] Compiler: c1, Barriers: 7, Oops: 0, ImmediateOops: 0, NonImmediateOops: No
[2,385s][debug][gc,nmethod     ] Register NMethod: java.util.HashMap$Values.iterator (0x00007ab287f01c88) [0x00007ab287f01d80, 0x00007ab287f02100] Compiler: c1, Barriers: 1, Oops: 0, ImmediateOops: 0, NonImmediateOops: No
[2,385s][debug][gc,nmethod     ] Register NMethod: java.util.HashMap$Values.<init> (0x00007ab287f02108) [0x00007ab287f02200, 0x00007ab287f02580] Compiler: c1, Barriers: 3, Oops: 0, ImmediateOops: 0, NonImmediateOops: No
[2,385s][debug][gc,nmethod     ] Register NMethod: java.util.HashMap$ValueIterator.<init> (0x00007ab287f02588) [0x00007ab287f02680, 0x00007ab287f02900] Compiler: c1, Barriers: 0, Oops: 0, ImmediateOops: 0, NonImmediateOops: No
[2,385s][debug][gc,nmethod     ] Register NMethod: io.sirix.access.trx.node.AbstractDeweyIDManager.newRightSiblingID (0x00007ab287f02908) [0x00007ab287f02a00, 0x00007ab287f059a0] Compiler: c1, Barriers: 13, Oops: 1, ImmediateOops: 2, NonImmediateOops: No
[2,385s][debug][gc,nmethod     ] Register NMethod: com.sun.org.apache.xerces.internal.util.XMLAttributesIteratorImpl.removeAllAttributes (0x00007ab287f05a08) [0x00007ab287f05b00, 0x00007ab287f05c68] Compiler: c1, Barriers: 0, Oops: 0, ImmediateOops: 0, NonImmediateOops: No
[2,385s][debug][gc,nmethod     ] Register NMethod: com.sun.org.apache.xerces.internal.util.XMLAttributesImpl.removeAllAttributes (0x00007ab287f05d08) [0x00007ab287f05e00, 0x00007ab287f05f08] Compiler: c1, Barriers: 0, Oops: 0, ImmediateOops: 0, NonImmediateOops: No
[2,385s][debug][gc,nmethod     ] Register NMethod: com.sun.org.apache.xerces.internal.impl.XMLDocumentFragmentScannerImpl$ElementStack.nextElement (0x00007ab287f06008) [0x00007ab287f06100, 0x00007ab287f06b10] Compiler: c1, Barriers: 13, Oops: 0, ImmediateOops: 0, NonImmediateOops: No
[2,385s][debug][gc,nmethod     ] Register NMethod: com.sun.org.apache.xerces.internal.util.NamespaceSupport$Prefixes.<init> (0x00007ab287f06b88) [0x00007ab287f06c80, 0x00007ab287f07030] Compiler: c1, Barriers: 6, Oops: 0, ImmediateOops: 0, NonImmediateOops: No
[2,385s][debug][gc,nmethod     ] Register NMethod: com.sun.org.apache.xerces.internal.util.NamespaceSupport.getAllPrefixes (0x00007ab287f07088) [0x00007ab287f07180, 0x00007ab287f07ce8] Compiler: c1, Barriers: 20, Oops: 0, ImmediateOops: 0, NonImmediateOops: No
[2,385s][debug][gc,nmethod     ] Register NMethod: com.sun.org.apache.xerces.internal.util.SymbolTable.hash (0x00007ab287f07d08) [0x00007ab287f07e00, 0x00007ab287f080a0] Compiler: c1, Barriers: 1, Oops: 0, ImmediateOops: 0, NonImmediateOops: No
[2,385s][debug][gc,nmethod     ] Register NMethod: io.sirix.node.GrowingMemorySegment.writeLong (0x00007ab2a6d2ef08) [0x00007ab2a6d2f000, 0x00007ab2a6d2f440] Compiler: jvmci, Barriers: 6, Oops: 1, ImmediateOops: 0, NonImmediateOops: No
[2,385s][debug][gc,nmethod     ] Register NMethod: com.sun.org.apache.xerces.internal.util.NamespaceSupport$Prefixes.hasMoreElements (0x00007ab287f08108) [0x00007ab287f08200, 0x00007ab287f08350] Compiler: c1, Barriers: 0, Oops: 0, ImmediateOops: 0, NonImmediateOops: No
[2,385s][debug][gc,nmethod     ] Register NMethod: com.sun.org.apache.xerces.internal.impl.XMLDocumentFragmentScannerImpl.checkDepth (0x00007ab287f08408) [0x00007ab287f08500, 0x00007ab287f0b758] Compiler: c1, Barriers: 26, Oops: 2, ImmediateOops: 8, NonImmediateOops: No
[2,386s][debug][gc,nmethod     ] Register NMethod: com.sun.org.apache.xerces.internal.impl.XMLNSDocumentScannerImpl.scanStartElement (0x00007ab287f0b788) [0x00007ab287f0b880, 0x00007ab287f148b0] Compiler: c1, Barriers: 176, Oops: 11, ImmediateOops: 26, NonImmediateOops: No
[2,386s][debug][gc,nmethod     ] Register NMethod: io.sirix.node.xml.ElementNode.getHashFunction (0x00007ab287f14988) [0x00007ab287f14a80, 0x00007ab287f14be8] Compiler: c1, Barriers: 2, Oops: 1, ImmediateOops: 0, NonImmediateOops: No
[2,386s][debug][gc,nmethod     ] Register NMethod: com.sun.xml.internal.stream.events.DummyEvent.asEndElement (0x00007ab287f14c88) [0x00007ab287f14d80, 0x00007ab287f150a0] Compiler: c1, Barriers: 0, Oops: 0, ImmediateOops: 0, NonImmediateOops: No
[2,386s][debug][gc,nmethod     ] Register NMethod: com.sun.xml.internal.stream.events.DummyEvent.asStartElement (0x00007ab287f15108) [0x00007ab287f15200, 0x00007ab287f15520] Compiler: c1, Barriers: 0, Oops: 0, ImmediateOops: 0, NonImmediateOops: No
[2,386s][debug][gc,nmethod     ] Register NMethod: com.sun.org.apache.xerces.internal.impl.XMLEntityScanner.skipString (0x00007ab287f15588) [0x00007ab287f15680, 0x00007ab287f167a0] Compiler: c1, Barriers: 6, Oops: 1, ImmediateOops: 2, NonImmediateOops: No
[2,386s][debug][gc,nmethod     ] Register NMethod: net.openhft.hashing.LongHashFunction.hashBytes (0x00007ab287f16808) [0x00007ab287f16900, 0x00007ab287f16a48] Compiler: c1, Barriers: 0, Oops: 1, ImmediateOops: 0, NonImmediateOops: No
[2,386s][debug][gc,nmethod     ] Register NMethod: io.sirix.service.xml.shredder.AbstractShredder.processEndTag (0x00007ab287f16b08) [0x00007ab287f16c00, 0x00007ab287f17d48] Compiler: c1, Barriers: 4, Oops: 1, ImmediateOops: 0, NonImmediateOops: No
[2,387s][debug][gc,nmethod     ] Register NMethod: io.sirix.node.xml.TextNode.getRawValue (0x00007ab287f17d88) [0x00007ab287f17e80, 0x00007ab287f18198] Compiler: c1, Barriers: 9, Oops: 1, ImmediateOops: 0, NonImmediateOops: No
[2,387s][debug][gc,nmethod     ] Register NMethod: com.sun.xml.internal.stream.events.StartElementEvent.getNamespaces (0x00007ab287f18208) [0x00007ab287f18300, 0x00007ab287f189a8] Compiler: c1, Barriers: 7, Oops: 0, ImmediateOops: 0, NonImmediateOops: No
[2,387s][debug][gc,nmethod     ] Register NMethod: com.sun.xml.internal.stream.events.StartElementEvent.getAttributes (0x00007ab287f18a08) [0x00007ab287f18b00, 0x00007ab287f193b0] Compiler: c1, Barriers: 7, Oops: 0, ImmediateOops: 0, NonImmediateOops: No
[2,387s][debug][gc,nmethod     ] Register NMethod: io.sirix.node.xml.TextNode.<init> (0x00007ab287f19408) [0x00007ab287f19500, 0x00007ab287f19d20] Compiler: c1, Barriers: 21, Oops: 1, ImmediateOops: 0, NonImmediateOops: No
[2,387s][debug][gc,nmethod     ] Register NMethod: io.sirix.node.xml.ElementNode.getParentKey (0x00007ab2a6d2f488) [0x00007ab2a6d2f580, 0x00007ab2a6d2f818] Compiler: jvmci, Barriers: 4, Oops: 1, ImmediateOops: 0, NonImmediateOops: No
[2,387s][debug][gc,nmethod     ] Register NMethod: io.sirix.access.trx.node.xml.XmlNodeFactoryImpl.createElementNode (0x00007ab287f19d88) [0x00007ab287f19e80, 0x00007ab287f1e6d0] Compiler: c1, Barriers: 40, Oops: 2, ImmediateOops: 13, NonImmediateOops: No
[2,387s][debug][gc,nmethod     ] Register NMethod: io.sirix.access.trx.node.xml.ForwardingXmlNodeReadOnlyTrx.hasNode (0x00007ab287f1e708) [0x00007ab287f1e800, 0x00007ab287f1ee00] Compiler: c1, Barriers: 1, Oops: 1, ImmediateOops: 0, NonImmediateOops: No
[2,387s][debug][gc,nmethod     ] Register NMethod: io.sirix.node.AbstractForwardingNode.getNodeKey (0x00007ab2a6d2f888) [0x00007ab2a6d2f980, 0x00007ab2a6d2fad0] Compiler: jvmci, Barriers: 2, Oops: 1, ImmediateOops: 0, NonImmediateOops: No
[2,387s][debug][gc,nmethod     ] Register NMethod: io.sirix.access.trx.node.AbstractNodeReadOnlyTrx.hasNode (0x00007ab287f1ee88) [0x00007ab287f1ef80, 0x00007ab287f1fb78] Compiler: c1, Barriers: 4, Oops: 1, ImmediateOops: 2, NonImmediateOops: No
[2,388s][debug][gc,nmethod     ] Register NMethod: io.sirix.service.xml.shredder.AbstractShredder.processStartTag (0x00007ab287f1fb88) [0x00007ab287f1fc80, 0x00007ab287f25960] Compiler: c1, Barriers: 27, Oops: 1, ImmediateOops: 11, NonImmediateOops: No
[2,388s][debug][gc,nmethod     ] Register NMethod: io.sirix.access.trx.page.NodeStorageEngineWriter.prepareRecordPage (0x00007ab2a6d2fb88) [0x00007ab2a6d2fc80, 0x00007ab2a6d30968] Compiler: jvmci, Barriers: 39, Oops: 3, ImmediateOops: 1, NonImmediateOops: No
[2,388s][debug][gc,nmethod     ] Register NMethod: com.sun.org.apache.xerces.internal.util.NamespaceSupport.popContext (0x00007ab287f25988) [0x00007ab287f25a80, 0x00007ab287f25be8] Compiler: c1, Barriers: 1, Oops: 0, ImmediateOops: 0, NonImmediateOops: No
[2,388s][debug][gc,nmethod     ] Register NMethod: io.sirix.access.trx.node.xml.XmlNodeFactoryImpl.createTextNode (0x00007ab287f25c88) [0x00007ab287f25d80, 0x00007ab287f27dc8] Compiler: c1, Barriers: 13, Oops: 2, ImmediateOops: 3, NonImmediateOops: No
[2,389s][debug][gc,nmethod     ] Register NMethod: io.sirix.access.trx.node.AbstractDeweyIDManager.newFirstChildID (0x00007ab287f27e08) [0x00007ab287f27f00, 0x00007ab287f2ada8] Compiler: c1, Barriers: 12, Oops: 1, ImmediateOops: 2, NonImmediateOops: No
[2,389s][debug][gc,nmethod     ] Register NMethod: com.sun.org.apache.xerces.internal.impl.XMLStreamReaderImpl.getAttributeCount (0x00007ab287f2ae08) [0x00007ab287f2af00, 0x00007ab287f2b5e8] Compiler: c1, Barriers: 1, Oops: 0, ImmediateOops: 0, NonImmediateOops: No
[2,389s][debug][gc,nmethod     ] Register NMethod: io.sirix.node.xml.ElementNode.setFirstChildKey (0x00007ab287f2b608) [0x00007ab287f2b700, 0x00007ab287f30828] Compiler: c1, Barriers: 19, Oops: 7, ImmediateOops: 12, NonImmediateOops: No
[2,389s][debug][gc,nmethod     ] Register NMethod: com.sun.org.apache.xerces.internal.util.NamespaceSupport.<init> (0x00007ab287f30888) [0x00007ab287f30980, 0x00007ab287f31620] Compiler: c1, Barriers: 9, Oops: 0, ImmediateOops: 0, NonImmediateOops: No
[2,389s][debug][gc,nmethod     ] Register NMethod: java.util.LinkedHashMap.afterNodeAccess (0x00007ab287f31688) [0x00007ab287f31780, 0x00007ab287f32830] Compiler: c1, Barriers: 54, Oops: 0, ImmediateOops: 0, NonImmediateOops: No
[2,389s][debug][gc,nmethod     ] Register NMethod: io.sirix.access.trx.node.xml.ForwardingXmlNodeReadOnlyTrx.isDocumentRoot (0x00007ab287f32888) [0x00007ab287f32980, 0x00007ab287f32f80] Compiler: c1, Barriers: 1, Oops: 1, ImmediateOops: 0, NonImmediateOops: No
[2,389s][debug][gc,nmethod     ] Register NMethod: com.sun.xml.internal.stream.events.XMLEventAllocatorImpl.fillNamespaceAttributes (0x00007ab287f33008) [0x00007ab287f33100, 0x00007ab287f337b0] Compiler: c1, Barriers: 1, Oops: 0, ImmediateOops: 1, NonImmediateOops: No
[2,389s][debug][gc,nmethod     ] Register NMethod: io.sirix.access.trx.node.xml.XmlNodeReadOnlyTrxImpl.isDocumentRoot (0x00007ab287f33808) [0x00007ab287f33900, 0x00007ab287f34398] Compiler: c1, Barriers: 1, Oops: 1, ImmediateOops: 2, NonImmediateOops: No
[2,390s][debug][gc,nmethod     ] Register NMethod: com.sun.org.apache.xerces.internal.impl.XMLDocumentFragmentScannerImpl.scanEndElement (0x00007ab287f34408) [0x00007ab287f34500, 0x00007ab287f35c28] Compiler: c1, Barriers: 17, Oops: 3, ImmediateOops: 4, NonImmediateOops: No
[2,390s][debug][gc,nmethod     ] Register NMethod: io.sirix.node.xml.ElementNode.getDescendantCount (0x00007ab2a6d30988) [0x00007ab2a6d30a80, 0x00007ab2a6d30da8] Compiler: jvmci, Barriers: 6, Oops: 1, ImmediateOops: 1, NonImmediateOops: No
[2,390s][debug][gc,nmethod     ] Register NMethod: io.sirix.cache.IndexLogKey.equals (0x00007ab287f35c88) [0x00007ab287f35d80, 0x00007ab287f366c8] Compiler: c1, Barriers: 4, Oops: 1, ImmediateOops: 0, NonImmediateOops: No
[2,390s][debug][gc,nmethod     ] Register NMethod: it.unimi.dsi.fastutil.ints.Int2IntOpenHashMap.put (0x00007ab2a6d30e08) [0x00007ab2a6d30f20, 0x00007ab2a6d31b70] Compiler: jvmci, Barriers: 8, Oops: 1, ImmediateOops: 0, NonImmediateOops: No
[2,390s][debug][gc,nmethod     ] Register NMethod: com.sun.org.apache.xerces.internal.xni.QName.setValues (0x00007ab2a6d31b88) [0x00007ab2a6d31c80, 0x00007ab2a6d31f98] Compiler: jvmci, Barriers: 16, Oops: 0, ImmediateOops: 0, NonImmediateOops: No
[2,391s][debug][gc,nmethod     ] Register NMethod: com.google.common.base.Objects.hashCode (0x00007ab287f36708) [0x00007ab287f36800, 0x00007ab287f369c0] Compiler: c1, Barriers: 0, Oops: 1, ImmediateOops: 0, NonImmediateOops: No
[2,391s][debug][gc,nmethod     ] Register NMethod: io.sirix.access.trx.page.NodeStorageEngineWriter.prepareRecordForModification (0x00007ab2a6d32008) [0x00007ab2a6d32100, 0x00007ab2a6d33460] Compiler: jvmci, Barriers: 39, Oops: 3, ImmediateOops: 2, NonImmediateOops: No
[2,391s][debug][gc,nmethod     ] Register NMethod: io.sirix.node.xml.ElementNode.setRightSiblingKey (0x00007ab287f36a08) [0x00007ab287f36b00, 0x00007ab287f3bc28] Compiler: c1, Barriers: 19, Oops: 7, ImmediateOops: 12, NonImmediateOops: No
[2,392s][debug][gc,nmethod     ] Register NMethod: io.sirix.access.trx.node.xml.XmlNodeTrxImpl.insertTextAsFirstChild (0x00007ab287f3bc88) [0x00007ab287f3bd80, 0x00007ab287f43d18] Compiler: c1, Barriers: 35, Oops: 2, ImmediateOops: 8, NonImmediateOops: No
[2,393s][debug][gc,nmethod     ] Register NMethod: io.sirix.node.xml.TextNode.computeHash (0x00007ab287f43d88) [0x00007ab287f43e80, 0x00007ab287f55628] Compiler: c1, Barriers: 75, Oops: 9, ImmediateOops: 36, NonImmediateOops: No
[2,393s][debug][gc,director    ] Rule Major: Warmup 10%, Used: 370MB, UsedThreshold: 1228MB
[2,393s][debug][gc,nmethod     ] Register NMethod: io.sirix.node.xml.ElementNode.setHash (0x00007ab2a6d33488) [0x00007ab2a6d33580, 0x00007ab2a6d338d8] Compiler: jvmci, Barriers: 6, Oops: 1, ImmediateOops: 1, NonImmediateOops: No
[2,394s][debug][gc,nmethod     ] Register NMethod: io.sirix.access.trx.page.NodeStorageEngineWriter$IndexLogKeyToPageContainer.<init> (0x00007ab287f55688) [0x00007ab287f55780, 0x00007ab287f55a30] Compiler: c1, Barriers: 6, Oops: 1, ImmediateOops: 0, NonImmediateOops: No
[2,394s][debug][gc,nmethod     ] Register NMethod: io.sirix.access.trx.page.NodeStorageEngineWriter.getPageContainer (0x00007ab2a6d33908) [0x00007ab2a6d33a00, 0x00007ab2a6d340e0] Compiler: jvmci, Barriers: 17, Oops: 3, ImmediateOops: 1, NonImmediateOops: No
[2,395s][debug][gc,nmethod     ] Register NMethod: io.sirix.access.trx.node.xml.XmlNodeTrxImpl.insertElementAsRightSibling (0x00007ab287f55a88) [0x00007ab287f55b80, 0x00007ab287f5c880] Compiler: c1, Barriers: 31, Oops: 1, ImmediateOops: 7, NonImmediateOops: No
[2,395s][debug][gc,nmethod     ] Register NMethod: io.sirix.access.trx.page.NodeStorageEngineWriter.getRecord (0x00007ab2a6d34108) [0x00007ab2a6d34200, 0x00007ab2a6d35100] Compiler: jvmci, Barriers: 27, Oops: 3, ImmediateOops: 2, NonImmediateOops: No
[2,395s][debug][gc,nmethod     ] Register NMethod: java.lang.invoke.DirectMethodHandle$Holder.invokeStatic (0x00007ab287f5c908) [0x00007ab287f5ca00, 0x00007ab287f5cdc8] Compiler: c1, Barriers: 1, Oops: 0, ImmediateOops: 0, NonImmediateOops: No
[2,395s][debug][gc,nmethod     ] Register NMethod: io.sirix.page.RevisionRootPage.incrementAndGetMaxNodeKeyInDocumentIndex (0x00007ab2a6d35188) [0x00007ab2a6d35280, 0x00007ab2a6d35310] Compiler: jvmci, Barriers: 0, Oops: 1, ImmediateOops: 0, NonImmediateOops: No
[2,396s][debug][gc,nmethod     ] Register NMethod: java.lang.StringConcatHelper.simpleConcat (0x00007ab287f5ce08) [0x00007ab287f5cf00, 0x00007ab287f5fbb0] Compiler: c1, Barriers: 6, Oops: 0, ImmediateOops: 6, NonImmediateOops: No
[2,396s][debug][gc,nmethod     ] Register NMethod: io.sirix.node.xml.ElementNode.setDescendantCount (0x00007ab2a6d35488) [0x00007ab2a6d35580, 0x00007ab2a6d358d8] Compiler: jvmci, Barriers: 6, Oops: 1, ImmediateOops: 1, NonImmediateOops: No
[2,396s][debug][gc,nmethod     ] Register NMethod: io.sirix.access.trx.node.AbstractNodeHashing.setAddDescendants (0x00007ab2a6d35908) [0x00007ab2a6d35a00, 0x00007ab2a6d362e8] Compiler: jvmci, Barriers: 13, Oops: 1, ImmediateOops: 1, NonImmediateOops: No
[2,397s][debug][gc,nmethod     ] Register NMethod: net.openhft.hashing.Maths.unsignedLongMulXorFold (0x00007ab2a6d36308) [0x00007ab2a6d36400, 0x00007ab2a6d36490] Compiler: jvmci, Barriers: 0, Oops: 1, ImmediateOops: 0, NonImmediateOops: No
[2,397s][debug][gc,nmethod     ] Register NMethod: com.sun.org.apache.xerces.internal.impl.io.UTF8Reader.read (0x00007ab287f5fc08) [0x00007ab287f5fd00, 0x00007ab287f631d8] Compiler: c1, Barriers: 26, Oops: 0, ImmediateOops: 0, NonImmediateOops: No
[2,397s][debug][gc,nmethod     ] Register NMethod: net.openhft.hashing.MathsJDK9.unsignedLongMulXorFoldImp (0x00007ab2a6d36608) [0x00007ab2a6d36700, 0x00007ab2a6d367b0] Compiler: jvmci, Barriers: 0, Oops: 1, ImmediateOops: 0, NonImmediateOops: No
[2,397s][debug][gc,nmethod     ] Register NMethod: net.openhft.hashing.XXH3.XXH3_avalanche (0x00007ab2a6d36908) [0x00007ab2a6d36a00, 0x00007ab2a6d36a88] Compiler: jvmci, Barriers: 0, Oops: 1, ImmediateOops: 0, NonImmediateOops: No
[2,398s][debug][gc,nmethod     ] Register NMethod: net.openhft.hashing.XXH3.XXH3_mix2Accs (0x00007ab287f63208) [0x00007ab287f63300, 0x00007ab287f64400] Compiler: c1, Barriers: 0, Oops: 2, ImmediateOops: 6, NonImmediateOops: No
[2,399s][debug][gc,nmethod     ] Register NMethod: net.openhft.hashing.XXH3.XXH3_mix16B (0x00007ab2a6d36c08) [0x00007ab2a6d36d00, 0x00007ab2a6d36e18] Compiler: jvmci, Barriers: 0, Oops: 1, ImmediateOops: 1, NonImmediateOops: No
[2,399s][debug][gc,nmethod     ] Register NMethod: io.sirix.node.xml.TextNode.getParentKey (0x00007ab2a6d36f08) [0x00007ab2a6d37000, 0x00007ab2a6d37298] Compiler: jvmci, Barriers: 4, Oops: 1, ImmediateOops: 0, NonImmediateOops: No
[2,399s][debug][gc,nmethod     ] Register NMethod: com.sun.org.apache.xerces.internal.impl.XMLEntityScanner.checkEntityLimit (0x00007ab2a6d37308) [0x00007ab2a6d37400, 0x00007ab2a6d374e0] Compiler: jvmci, Barriers: 0, Oops: 0, ImmediateOops: 0, NonImmediateOops: No
[2,399s][debug][gc,nmethod     ] Register NMethod: com.sun.xml.internal.stream.events.AttributeImpl.getName (0x00007ab2a6d37608) [0x00007ab2a6d37700, 0x00007ab2a6d377e8] Compiler: c1, Barriers: 1, Oops: 0, ImmediateOops: 0, NonImmediateOops: No
[2,399s][debug][gc,nmethod     ] Register NMethod: java.util.BitSet.get (0x00007ab2a6d37908) [0x00007ab2a6d37a00, 0x00007ab2a6d37b88] Compiler: jvmci, Barriers: 1, Oops: 0, ImmediateOops: 0, NonImmediateOops: No
[2,400s][debug][gc,nmethod     ] Register NMethod: io.sirix.node.xml.ElementNode.computeHash (0x00007ab287f64488) [0x00007ab287f64580, 0x00007ab287f93bc8] Compiler: c1, Barriers: 186, Oops: 16, ImmediateOops: 101, NonImmediateOops: No
[2,400s][debug][gc,nmethod     ] Register NMethod: com.sun.org.apache.xerces.internal.impl.io.UTF8Reader.read (0x00007ab287f93c88) [0x00007ab287f93d80, 0x00007ab287f96ff8] Compiler: c1, Barriers: 26, Oops: 0, ImmediateOops: 0, NonImmediateOops: No
[2,401s][debug][gc,nmethod     ] Register NMethod: com.sun.org.apache.xerces.internal.impl.XMLScanner.isValidNameStartChar (0x00007ab287f97008) [0x00007ab287f97100, 0x00007ab287f97308] Compiler: c1, Barriers: 0, Oops: 0, ImmediateOops: 1, NonImmediateOops: No
[2,401s][debug][gc,nmethod     ] Register NMethod: io.sirix.node.GrowingMemorySegment.writeInt (0x00007ab2a6d37c08) [0x00007ab2a6d37d00, 0x00007ab2a6d38130] Compiler: jvmci, Barriers: 6, Oops: 1, ImmediateOops: 0, NonImmediateOops: No
[2,401s][debug][gc,nmethod     ] Register NMethod: io.sirix.node.GrowingMemorySegment.getUsedSegment (0x00007ab2a6d38188) [0x00007ab2a6d38280, 0x00007ab2a6d385f0] Compiler: jvmci, Barriers: 6, Oops: 1, ImmediateOops: 0, NonImmediateOops: No
[2,403s][debug][gc,director    ] Rule Major: Warmup 10%, Used: 372MB, UsedThreshold: 1228MB
[2,403s][debug][gc,nmethod     ] Register NMethod: io.sirix.utils.XMLToken.isNCStartChar (0x00007ab2a6d38608) [0x00007ab2a6d38700, 0x00007ab2a6d387e0] Compiler: jvmci, Barriers: 0, Oops: 1, ImmediateOops: 0, NonImmediateOops: No
[2,403s][debug][gc,nmethod     ] Register NMethod: io.sirix.utils.XMLToken.cp (0x00007ab2a6d38908) [0x00007ab2a6d38a00, 0x00007ab2a6d38ae0] Compiler: jvmci, Barriers: 0, Oops: 1, ImmediateOops: 0, NonImmediateOops: No
[2,405s][debug][gc,nmethod     ] Register NMethod: io.sirix.node.NullNode.getDescendantCount (0x00007ab2a6d38c08) [0x00007ab2a6d38d00, 0x00007ab2a6d38dc0] Compiler: c1, Barriers: 0, Oops: 1, ImmediateOops: 0, NonImmediateOops: No
[2,406s][debug][gc,nmethod     ] Register NMethod: java.lang.ref.Cleaner.register (0x00007ab287f97388) [0x00007ab287f97480, 0x00007ab287f97998] Compiler: c1, Barriers: 3, Oops: 2, ImmediateOops: 2, NonImmediateOops: No
[2,406s][debug][gc,nmethod     ] Register NMethod: io.sirix.node.xml.AttributeNode.getKind (0x00007ab2a6d38f08) [0x00007ab2a6d39000, 0x00007ab2a6d39090] Compiler: jvmci, Barriers: 0, Oops: 1, ImmediateOops: 1, NonImmediateOops: No
[2,406s][debug][gc,nmethod     ] Register NMethod: io.sirix.access.trx.node.xml.XmlNodeTrxImpl.insertElementAsFirstChild (0x00007ab287f97a08) [0x00007ab287f97b00, 0x00007ab287f9c630] Compiler: c1, Barriers: 25, Oops: 1, ImmediateOops: 10, NonImmediateOops: No
[2,407s][debug][gc,nmethod     ] Register NMethod: com.sun.org.apache.xerces.internal.xni.XMLString.append (0x00007ab287f9c688) [0x00007ab287f9c780, 0x00007ab287f9cc58] Compiler: c1, Barriers: 5, Oops: 0, ImmediateOops: 0, NonImmediateOops: No
[2,408s][debug][gc,nmethod     ] Register NMethod: com.sun.org.apache.xerces.internal.xni.XMLString.setValues (0x00007ab287f9cc88) [0x00007ab287f9cd80, 0x00007ab287f9cf00] Compiler: c1, Barriers: 3, Oops: 0, ImmediateOops: 0, NonImmediateOops: No
[2,408s][debug][gc,nmethod     ] Register NMethod: com.sun.org.apache.xerces.internal.impl.XMLEntityScanner.scanContent (0x00007ab2a6d39208) [0x00007ab2a6d39320, 0x00007ab2a6d3a248] Compiler: jvmci, Barriers: 18, Oops: 0, ImmediateOops: 1, NonImmediateOops: No
[2,410s][debug][gc,nmethod     ] Register NMethod: io.sirix.node.xml.TextNode.setRightSiblingKey (0x00007ab287f9cf88) [0x00007ab287f9d080, 0x00007ab287fa21a8] Compiler: c1, Barriers: 19, Oops: 7, ImmediateOops: 12, NonImmediateOops: No
[2,410s][debug][gc,nmethod     ] Register NMethod: io.sirix.access.trx.node.xml.ForwardingXmlNodeReadOnlyTrx.isElement (0x00007ab287fa2208) [0x00007ab287fa2300, 0x00007ab287fa2900] Compiler: c1, Barriers: 1, Oops: 1, ImmediateOops: 0, NonImmediateOops: No
[2,410s][debug][gc,nmethod     ] Register NMethod: java.lang.invoke.DelegatingMethodHandle$Holder.reinvoke_L (0x00007ab287fa2988) [0x00007ab287fa2a80, 0x00007ab287fa31b0] Compiler: c1, Barriers: 1, Oops: 0, ImmediateOops: 0, NonImmediateOops: No
[2,411s][debug][gc,nmethod     ] Register NMethod: io.sirix.access.trx.node.xml.XmlNodeReadOnlyTrxImpl.getNameNode (0x00007ab287fa3208) [0x00007ab287fa3300, 0x00007ab287fa3b30] Compiler: c1, Barriers: 1, Oops: 1, ImmediateOops: 1, NonImmediateOops: No
[2,411s][debug][gc,nmethod     ] Register NMethod: io.sirix.access.trx.node.xml.ForwardingXmlNodeReadOnlyTrx.getNameNode (0x00007ab287fa3b88) [0x00007ab287fa3c80, 0x00007ab287fa4278] Compiler: c1, Barriers: 1, Oops: 1, ImmediateOops: 0, NonImmediateOops: No
[2,411s][debug][gc,nmethod     ] Register NMethod: io.sirix.access.trx.node.xml.XmlNodeReadOnlyTrxImpl.isElement (0x00007ab287fa4288) [0x00007ab287fa4380, 0x00007ab287fa4e18] Compiler: c1, Barriers: 1, Oops: 1, ImmediateOops: 2, NonImmediateOops: No
[2,412s][debug][gc,nmethod     ] Register NMethod: com.sun.org.apache.xerces.internal.impl.io.UTF8Reader.read (0x00007ab2a6d3a288) [0x00007ab2a6d3a380, 0x00007ab2a6d3a740] Compiler: jvmci, Barriers: 1, Oops: 0, ImmediateOops: 0, NonImmediateOops: No
[2,412s][debug][gc,nmethod     ] Register NMethod: io.sirix.axis.AbstractAxis.tryToComputeNext (0x00007ab2a6d3a788) [0x00007ab2a6d3a880, 0x00007ab2a6d3b2c8] Compiler: jvmci, Barriers: 20, Oops: 1, ImmediateOops: 4, NonImmediateOops: No
[2,412s][debug][gc,nmethod     ] Register NMethod: jdk.xml.internal.XMLSecurityManager.getIndex (0x00007ab2a6d3b308) [0x00007ab2a6d3b400, 0x00007ab2a6d3bf90] Compiler: jvmci, Barriers: 44, Oops: 1, ImmediateOops: 20, NonImmediateOops: No
[2,412s][debug][gc,nmethod     ] Register NMethod: com.sun.org.apache.xerces.internal.util.XMLChar.isContent (0x00007ab2a6d3c008) [0x00007ab2a6d3c100, 0x00007ab2a6d3c1c8] Compiler: jvmci, Barriers: 0, Oops: 0, ImmediateOops: 1, NonImmediateOops: No
[2,412s][debug][gc,nmethod     ] Register NMethod: com.sun.org.apache.xerces.internal.util.NamespaceSupport.popContext (0x00007ab2a6d3c308) [0x00007ab2a6d3c400, 0x00007ab2a6d3c528] Compiler: jvmci, Barriers: 1, Oops: 0, ImmediateOops: 0, NonImmediateOops: No
[2,413s][debug][gc,nmethod     ] Register NMethod: io.sirix.access.trx.node.AbstractNodeTrxImpl.getCurrentNode (0x00007ab2a6d3c608) [0x00007ab2a6d3c700, 0x00007ab2a6d3c838] Compiler: jvmci, Barriers: 2, Oops: 1, ImmediateOops: 0, NonImmediateOops: No
[2,413s][debug][gc,director    ] Rule Major: Warmup 10%, Used: 374MB, UsedThreshold: 1228MB
[2,414s][debug][gc,nmethod     ] Register NMethod: io.sirix.index.path.summary.PathSummaryReader.moveTo (0x00007ab2a6d3c908) [0x00007ab2a6d3ca00, 0x00007ab2a6d3cc40] Compiler: jvmci, Barriers: 5, Oops: 1, ImmediateOops: 0, NonImmediateOops: No
[2,415s][debug][gc,nmethod     ] Register NMethod: java.lang.String.<init> (0x00007ab287fa4e88) [0x00007ab287fa4f80, 0x00007ab287fa51a8] Compiler: c1, Barriers: 4, Oops: 0, ImmediateOops: 0, NonImmediateOops: No
[2,415s][debug][gc,nmethod     ] Register NMethod: java.util.HashMap.computeIfAbsent (0x00007ab2a6d3cc88) [0x00007ab2a6d3cd80, 0x00007ab2a6d3df20] Compiler: jvmci, Barriers: 27, Oops: 1, ImmediateOops: 0, NonImmediateOops: No
[2,416s][debug][gc,nmethod     ] Register NMethod: java.util.BitSet.<init> (0x00007ab2a6d3df88) [0x00007ab2a6d3e080, 0x00007ab2a6d3e330] Compiler: jvmci, Barriers: 3, Oops: 0, ImmediateOops: 0, NonImmediateOops: No
[2,416s][debug][gc,nmethod     ] Register NMethod: com.sun.org.apache.xerces.internal.impl.XMLScanner.isValidNameStartHighSurrogate (0x00007ab2a6d3e388) [0x00007ab2a6d3e480, 0x00007ab2a6d3e540] Compiler: c1, Barriers: 0, Oops: 0, ImmediateOops: 0, NonImmediateOops: No
[2,417s][debug][gc,nmethod     ] Register NMethod: com.sun.org.apache.xerces.internal.impl.XMLEntityScanner.checkBeforeLoad (0x00007ab2a6d3e688) [0x00007ab2a6d3e780, 0x00007ab2a6d3ed28] Compiler: jvmci, Barriers: 6, Oops: 1, ImmediateOops: 0, NonImmediateOops: No
[2,418s][debug][gc,nmethod     ] Register NMethod: io.sirix.utils.XMLToken.isNCChar (0x00007ab2a6d3ed88) [0x00007ab2a6d3ee80, 0x00007ab2a6d3ef60] Compiler: jvmci, Barriers: 0, Oops: 1, ImmediateOops: 0, NonImmediateOops: No
[2,418s][debug][gc,nmethod     ] Register NMethod: io.sirix.node.xml.ElementNode.getAttributeCount (0x00007ab287fa5208) [0x00007ab287fa5300, 0x00007ab287fa5490] Compiler: c1, Barriers: 1, Oops: 1, ImmediateOops: 0, NonImmediateOops: No
[2,419s][debug][gc,nmethod     ] Register NMethod: net.openhft.hashing.XXH3.asLongHashFunctionWithoutSeed (0x00007ab287fa5508) [0x00007ab287fa5600, 0x00007ab287fa5740] Compiler: c1, Barriers: 0, Oops: 1, ImmediateOops: 1, NonImmediateOops: No
[2,419s][debug][gc,nmethod     ] Register NMethod: net.openhft.hashing.LongHashFunction.xx3 (0x00007ab287fa5808) [0x00007ab287fa5900, 0x00007ab287fa5aa0] Compiler: c1, Barriers: 0, Oops: 1, ImmediateOops: 1, NonImmediateOops: No
[2,419s][debug][gc,nmethod     ] Register NMethod: net.openhft.hashing.XXH3$AsLongHashFunction.access$000 (0x00007ab287fa5b08) [0x00007ab287fa5c00, 0x00007ab287fa5ce8] Compiler: c1, Barriers: 0, Oops: 1, ImmediateOops: 1, NonImmediateOops: No
[2,419s][debug][gc,nmethod     ] Register NMethod: com.sun.org.apache.xerces.internal.impl.XMLEntityScanner.scanLiteral (0x00007ab287fa5e08) [0x00007ab287fa5f00, 0x00007ab287fa7148] Compiler: c1, Barriers: 13, Oops: 0, ImmediateOops: 2, NonImmediateOops: No
[2,420s][debug][gc,nmethod     ] Register NMethod: io.sirix.page.AbstractForwardingPage.getOrCreateReference (0x00007ab2a6d3f088) [0x00007ab2a6d3f180, 0x00007ab2a6d3fb00] Compiler: jvmci, Barriers: 16, Oops: 1, ImmediateOops: 1, NonImmediateOops: No
[2,420s][debug][gc,nmethod     ] Register NMethod: jdk.xml.internal.XMLSecurityPropertyManager$Property.equalsName (0x00007ab2a6d3fb88) [0x00007ab2a6d3fc80, 0x00007ab2a6d40048] Compiler: jvmci, Barriers: 5, Oops: 0, ImmediateOops: 0, NonImmediateOops: No
[2,420s][debug][gc,nmethod     ] Register NMethod: io.brackit.query.atomic.QNm.atomicCode (0x00007ab2a6d40088) [0x00007ab2a6d40180, 0x00007ab2a6d40240] Compiler: c1, Barriers: 0, Oops: 1, ImmediateOops: 0, NonImmediateOops: No
[2,421s][debug][gc,nmethod     ] Register NMethod: com.sun.xml.internal.stream.XMLEventReaderImpl.hasNext (0x00007ab2a6d40388) [0x00007ab2a6d40480, 0x00007ab2a6d40630] Compiler: jvmci, Barriers: 2, Oops: 0, ImmediateOops: 0, NonImmediateOops: No
[2,421s][debug][gc,nmethod     ] Register NMethod: com.sun.org.apache.xerces.internal.util.AugmentationsImpl$SmallContainer.clear (0x00007ab287fa7188) [0x00007ab287fa7280, 0x00007ab287fa7a00] Compiler: c1, Barriers: 7, Oops: 0, ImmediateOops: 0, NonImmediateOops: No
[2,422s][debug][gc,nmethod     ] Register NMethod: com.sun.org.apache.xerces.internal.util.AugmentationsImpl.removeAllItems (0x00007ab287fa7a08) [0x00007ab287fa7b00, 0x00007ab287fa7c88] Compiler: c1, Barriers: 1, Oops: 0, ImmediateOops: 0, NonImmediateOops: No
[2,422s][debug][gc,nmethod     ] Register NMethod: io.sirix.node.xml.AttributeNode.getURIKey (0x00007ab287fa7d08) [0x00007ab287fa7e00, 0x00007ab287facdf0] Compiler: c1, Barriers: 19, Oops: 7, ImmediateOops: 11, NonImmediateOops: No
[2,422s][debug][gc,nmethod     ] Register NMethod: io.sirix.node.xml.AttributeNode.getLocalNameKey (0x00007ab287face88) [0x00007ab287facf80, 0x00007ab287fb1f70] Compiler: c1, Barriers: 19, Oops: 7, ImmediateOops: 11, NonImmediateOops: No
[2,422s][debug][gc,nmethod     ] Register NMethod: io.sirix.access.trx.node.xml.XmlNodeTrxImpl.insertTextAsRightSibling (0x00007ab287fb2008) [0x00007ab287fb2100, 0x00007ab287fc0b10] Compiler: c1, Barriers: 52, Oops: 5, ImmediateOops: 18, NonImmediateOops: No
[2,422s][debug][gc,nmethod     ] Register NMethod: io.sirix.node.xml.AttributeNode.getPrefixKey (0x00007ab287fc0b88) [0x00007ab287fc0c80, 0x00007ab287fc5c70] Compiler: c1, Barriers: 19, Oops: 7, ImmediateOops: 11, NonImmediateOops: No
[2,422s][debug][gc,nmethod     ] Register NMethod: com.sun.org.apache.xerces.internal.util.XMLAttributesImpl.setSpecified (0x00007ab287fc5d08) [0x00007ab287fc5e00, 0x00007ab287fc5f98] Compiler: c1, Barriers: 2, Oops: 0, ImmediateOops: 0, NonImmediateOops: No
[2,423s][debug][gc,nmethod     ] Register NMethod: io.sirix.axis.AbstractAxis.nextLong (0x00007ab2a6d40688) [0x00007ab2a6d40960, 0x00007ab2a6d41a58] Compiler: jvmci, Barriers: 41, Oops: 4, ImmediateOops: 7, NonImmediateOops: No
[2,423s][debug][gc,nmethod     ] Register NMethod: com.sun.org.apache.xerces.internal.util.XMLAttributesImpl.setValue (0x00007ab287fc6008) [0x00007ab287fc6100, 0x00007ab287fc63f8] Compiler: c1, Barriers: 11, Oops: 0, ImmediateOops: 0, NonImmediateOops: No
[2,423s][debug][gc,nmethod     ] Register NMethod: com.sun.org.apache.xerces.internal.impl.XMLDocumentFragmentScannerImpl.getString (0x00007ab287fc6408) [0x00007ab287fc6500, 0x00007ab287fc7130] Compiler: c1, Barriers: 8, Oops: 0, ImmediateOops: 0, NonImmediateOops: No
[2,423s][debug][gc,nmethod     ] Register NMethod: com.sun.org.apache.xerces.internal.util.XMLAttributesImpl.getValue (0x00007ab287fc7188) [0x00007ab287fc7280, 0x00007ab287fc78b0] Compiler: c1, Barriers: 10, Oops: 0, ImmediateOops: 0, NonImmediateOops: No
[2,423s][debug][gc,nmethod     ] Register NMethod: com.sun.org.apache.xerces.internal.util.XMLAttributesImpl.addAttributeNS (0x00007ab287fc7908) [0x00007ab287fc7a00, 0x00007ab287fc8f00] Compiler: c1, Barriers: 47, Oops: 0, ImmediateOops: 0, NonImmediateOops: No
[2,423s][debug][gc,nmethod     ] Register NMethod: java.util.BitSet.flip (0x00007ab2a6d41a88) [0x00007ab2a6d41b80, 0x00007ab2a6d41e00] Compiler: jvmci, Barriers: 1, Oops: 0, ImmediateOops: 0, NonImmediateOops: No
[2,423s][debug][gc,director    ] Rule Major: Warmup 10%, Used: 376MB, UsedThreshold: 1228MB
[2,423s][debug][gc,nmethod     ] Register NMethod: com.sun.org.apache.xerces.internal.util.XMLAttributesImpl.getReportableType (0x00007ab287fc8f08) [0x00007ab287fc9000, 0x00007ab287fc99a0] Compiler: c1, Barriers: 2, Oops: 1, ImmediateOops: 3, NonImmediateOops: No
[2,423s][debug][gc,nmethod     ] Register NMethod: com.sun.org.apache.xerces.internal.util.XMLAttributesImpl.getType (0x00007ab287fc9a08) [0x00007ab287fc9b00, 0x00007ab287fca628] Compiler: c1, Barriers: 5, Oops: 1, ImmediateOops: 3, NonImmediateOops: No
[2,423s][debug][gc,nmethod     ] Register NMethod: io.sirix.node.xml.ElementNode.insertAttribute (0x00007ab287fca688) [0x00007ab287fca780, 0x00007ab287fca938] Compiler: c1, Barriers: 1, Oops: 1, ImmediateOops: 0, NonImmediateOops: No
[2,423s][debug][gc,nmethod     ] Register NMethod: io.sirix.node.xml.AttributeNode.<init> (0x00007ab287fca988) [0x00007ab287fcaa80, 0x00007ab287fcb0f0] Compiler: c1, Barriers: 12, Oops: 1, ImmediateOops: 0, NonImmediateOops: No
[2,424s][debug][gc,nmethod     ] Register NMethod: java.util.BitSet.checkRange (0x00007ab2a6d41e08) [0x00007ab2a6d41f00, 0x00007ab2a6d41fb8] Compiler: jvmci, Barriers: 0, Oops: 0, ImmediateOops: 0, NonImmediateOops: No
[2,424s][debug][gc,nmethod     ] Register NMethod: io.sirix.access.trx.node.xml.XmlDeweyIDManager.newAttributeID (0x00007ab287fcb108) [0x00007ab287fcb200, 0x00007ab287fcf3f0] Compiler: c1, Barriers: 17, Oops: 1, ImmediateOops: 2, NonImmediateOops: No
[2,424s][debug][gc,nmethod     ] Register NMethod: io.sirix.cache.IndexLogKey.hashCode (0x00007ab2a6d42108) [0x00007ab2a6d42200, 0x00007ab2a6d42338] Compiler: jvmci, Barriers: 1, Oops: 1, ImmediateOops: 0, NonImmediateOops: No
[2,425s][debug][gc,nmethod     ] Register NMethod: io.sirix.access.trx.node.xml.XmlNodeFactoryImpl.createAttributeNode (0x00007ab287fcf408) [0x00007ab287fcf500, 0x00007ab287fd1d00] Compiler: c1, Barriers: 21, Oops: 2, ImmediateOops: 6, NonImmediateOops: No
[2,425s][debug][gc,nmethod     ] Register NMethod: javax.xml.namespace.QName.<init> (0x00007ab287fd1d88) [0x00007ab287fd1e80, 0x00007ab287fd1fc0] Compiler: c1, Barriers: 0, Oops: 0, ImmediateOops: 1, NonImmediateOops: No
[2,425s][debug][gc,nmethod     ] Register NMethod: com.sun.org.apache.xerces.internal.util.XMLAttributesImpl.getQualifiedName (0x00007ab287fd2088) [0x00007ab287fd2180, 0x00007ab287fd23d0] Compiler: c1, Barriers: 3, Oops: 0, ImmediateOops: 0, NonImmediateOops: No
[2,425s][debug][gc,nmethod     ] Register NMethod: com.sun.org.apache.xerces.internal.impl.XMLStreamReaderImpl.convertXNIQNametoJavaxQName (0x00007ab287fd2408) [0x00007ab287fd2500, 0x00007ab287fd2950] Compiler: c1, Barriers: 5, Oops: 0, ImmediateOops: 1, NonImmediateOops: No
[2,425s][debug][gc,nmethod     ] Register NMethod: com.sun.org.apache.xerces.internal.util.XMLAttributesImpl.isSpecified (0x00007ab287fd2988) [0x00007ab287fd2a80, 0x00007ab287fd2c18] Compiler: c1, Barriers: 2, Oops: 0, ImmediateOops: 0, NonImmediateOops: No
[2,425s][debug][gc,nmethod     ] Register NMethod: com.sun.xml.internal.stream.events.DummyEvent.isNamespace (0x00007ab287fd2c88) [0x00007ab287fd2d80, 0x00007ab287fd2ed0] Compiler: c1, Barriers: 0, Oops: 0, ImmediateOops: 0, NonImmediateOops: No
[2,425s][debug][gc,nmethod     ] Register NMethod: javax.xml.namespace.QName.hashCode (0x00007ab287fd2f88) [0x00007ab287fd3080, 0x00007ab287fd35f0] Compiler: c1, Barriers: 2, Oops: 0, ImmediateOops: 0, NonImmediateOops: No
[2,425s][debug][gc,nmethod     ] Register NMethod: com.sun.xml.internal.stream.util.ReadOnlyIterator.next (0x00007ab287fd3608) [0x00007ab287fd3700, 0x00007ab287fd3a98] Compiler: c1, Barriers: 1, Oops: 0, ImmediateOops: 0, NonImmediateOops: No
[2,425s][debug][gc,nmethod     ] Register NMethod: com.sun.org.apache.xerces.internal.impl.io.UTF8Reader.read (0x00007ab2a6d42408) [0x00007ab2a6d42500, 0x00007ab2a6d42ee8] Compiler: jvmci, Barriers: 7, Oops: 0, ImmediateOops: 0, NonImmediateOops: No
[2,426s][debug][gc,nmethod     ] Register NMethod: com.sun.org.apache.xerces.internal.impl.XMLScanner.scanAttributeValue (0x00007ab287fd3b08) [0x00007ab287fd3c00, 0x00007ab287fde4b8] Compiler: c1, Barriers: 92, Oops: 8, ImmediateOops: 16, NonImmediateOops: No
[2,426s][debug][gc,nmethod     ] Register NMethod: com.sun.org.apache.xerces.internal.impl.XMLEntityScanner.peekChar (0x00007ab2a6d42f08) [0x00007ab2a6d43000, 0x00007ab2a6d43318] Compiler: jvmci, Barriers: 4, Oops: 0, ImmediateOops: 0, NonImmediateOops: No
[2,427s][debug][gc,nmethod     ] Register NMethod: io.sirix.page.delegates.BitmapReferencesPage.index (0x00007ab2a6d43388) [0x00007ab2a6d43480, 0x00007ab2a6d43a38] Compiler: jvmci, Barriers: 2, Oops: 2, ImmediateOops: 0, NonImmediateOops: No
[2,428s][debug][gc,nmethod     ] Register NMethod: it.unimi.dsi.fastutil.longs.LongArrays.forceCapacity (0x00007ab287fde508) [0x00007ab287fde600, 0x00007ab287fde818] Compiler: c1, Barriers: 0, Oops: 1, ImmediateOops: 0, NonImmediateOops: No
[2,429s][debug][gc,nmethod     ] Register NMethod: com.sun.org.apache.xerces.internal.impl.XMLStreamReaderImpl.getAttributeValue (0x00007ab287fde888) [0x00007ab287fde980, 0x00007ab287fdf090] Compiler: c1, Barriers: 1, Oops: 0, ImmediateOops: 0, NonImmediateOops: No
[2,429s][debug][gc,nmethod     ] Register NMethod: com.sun.org.apache.xerces.internal.impl.XMLStreamReaderImpl.getAttributeName (0x00007ab287fdf108) [0x00007ab287fdf200, 0x00007ab287fdfab0] Compiler: c1, Barriers: 4, Oops: 0, ImmediateOops: 0, NonImmediateOops: No
[2,429s][debug][gc,nmethod     ] Register NMethod: com.sun.org.apache.xerces.internal.impl.XMLStreamReaderImpl.isAttributeSpecified (0x00007ab287fdfb08) [0x00007ab287fdfc00, 0x00007ab287fe03d8] Compiler: c1, Barriers: 3, Oops: 0, ImmediateOops: 0, NonImmediateOops: No
[2,429s][debug][gc,nmethod     ] Register NMethod: it.unimi.dsi.fastutil.ints.Int2LongOpenHashMap.find (0x00007ab2a6d43a88) [0x00007ab2a6d43b80, 0x00007ab2a6d43de8] Compiler: jvmci, Barriers: 1, Oops: 1, ImmediateOops: 0, NonImmediateOops: No
[2,429s][debug][gc,nmethod     ] Register NMethod: com.sun.org.apache.xerces.internal.impl.XMLStreamReaderImpl.getAttributeType (0x00007ab287fe0408) [0x00007ab287fe0500, 0x00007ab287fe1648] Compiler: c1, Barriers: 6, Oops: 1, ImmediateOops: 3, NonImmediateOops: No
[2,429s][debug][gc,nmethod     ] Register NMethod: com.sun.xml.internal.stream.events.StartElementEvent.addAttribute (0x00007ab287fe1688) [0x00007ab287fe1780, 0x00007ab287fe22c0] Compiler: c1, Barriers: 3, Oops: 0, ImmediateOops: 0, NonImmediateOops: No
[2,430s][debug][gc,nmethod     ] Register NMethod: io.sirix.node.xml.AttributeNode.computeHash (0x00007ab287fe2308) [0x00007ab287fe2400, 0x00007ab287ff8c60] Compiler: c1, Barriers: 86, Oops: 13, ImmediateOops: 49, NonImmediateOops: No
[2,430s][debug][gc,nmethod     ] Register NMethod: com.sun.org.apache.xerces.internal.impl.XMLEntityScanner.skipChar (0x00007ab2a6d43e08) [0x00007ab2a6d43f00, 0x00007ab2a6d442f8] Compiler: jvmci, Barriers: 4, Oops: 0, ImmediateOops: 0, NonImmediateOops: No
[2,432s][debug][gc,nmethod     ] Register NMethod: io.sirix.node.delegates.StructNodeDelegate.getLeftSiblingKey (0x00007ab2a6d44308) [0x00007ab2a6d44400, 0x00007ab2a6d444c0] Compiler: c1, Barriers: 0, Oops: 1, ImmediateOops: 0, NonImmediateOops: No
[2,432s][debug][gc,nmethod     ] Register NMethod: io.sirix.index.path.summary.PathSummaryReader.getNodeKey (0x00007ab2a6d44608) [0x00007ab2a6d44700, 0x00007ab2a6d44880] Compiler: jvmci, Barriers: 2, Oops: 1, ImmediateOops: 0, NonImmediateOops: No
[2,432s][debug][gc,nmethod     ] Register NMethod: com.sun.org.apache.xerces.internal.impl.XMLNSDocumentScannerImpl.scanAttribute (0x00007ab287ff8d08) [0x00007ab287ff8e00, 0x00007ab288001898] Compiler: c1, Barriers: 128, Oops: 9, ImmediateOops: 41, NonImmediateOops: No
[2,433s][debug][gc,director    ] Rule Major: Warmup 10%, Used: 378MB, UsedThreshold: 1228MB
[2,435s][debug][gc,nmethod     ] Register NMethod: io.sirix.access.trx.node.xml.XmlNodeTrxImpl.insertAttribute (0x00007ab288001908) [0x00007ab288001a00, 0x00007ab288011a80] Compiler: c1, Barriers: 58, Oops: 8, ImmediateOops: 23, NonImmediateOops: No
[2,435s][debug][gc,nmethod     ] Register NMethod: jdk.internal.foreign.SegmentFactories.allocateNativeSegment (0x00007ab2a6d44908) [0x00007ab2a6d44a20, 0x00007ab2a6d45570] Compiler: jvmci, Barriers: 15, Oops: 1, ImmediateOops: 6, NonImmediateOops: No
[2,435s][debug][gc,nmethod     ] Register NMethod: io.brackit.query.atomic.QNm.hashCode (0x00007ab288011b08) [0x00007ab288011c00, 0x00007ab288012170] Compiler: c1, Barriers: 2, Oops: 1, ImmediateOops: 0, NonImmediateOops: No
[2,436s][debug][gc,nmethod     ] Register NMethod: io.sirix.access.trx.node.AbstractResourceSession.getResourceConfig (0x00007ab2a6d45588) [0x00007ab2a6d45680, 0x00007ab2a6d45768] Compiler: jvmci, Barriers: 1, Oops: 1, ImmediateOops: 0, NonImmediateOops: No
[2,436s][debug][gc,nmethod     ] Register NMethod: com.sun.org.apache.xerces.internal.impl.XMLDocumentFragmentScannerImpl$FragmentContentDriver.startOfMarkup (0x00007ab288012188) [0x00007ab288012280, 0x00007ab2880142e8] Compiler: c1, Barriers: 16, Oops: 0, ImmediateOops: 7, NonImmediateOops: No
[2,436s][debug][gc,nmethod     ] Register NMethod: com.sun.org.apache.xerces.internal.impl.XMLDocumentFragmentScannerImpl.scanContent (0x00007ab288014308) [0x00007ab288014400, 0x00007ab2880159f0] Compiler: c1, Barriers: 11, Oops: 0, ImmediateOops: 1, NonImmediateOops: No
[2,437s][debug][gc,nmethod     ] Register NMethod: java.util.HashMap.computeIfAbsent (0x00007ab288015a08) [0x00007ab288015b00, 0x00007ab288018308] Compiler: c1, Barriers: 11, Oops: 0, ImmediateOops: 0, NonImmediateOops: No
[2,437s][debug][gc,nmethod     ] Register NMethod: java.util.LinkedHashMap.afterNodeAccess (0x00007ab2a6d45888) [0x00007ab2a6d45980, 0x00007ab2a6d46050] Compiler: jvmci, Barriers: 34, Oops: 0, ImmediateOops: 0, NonImmediateOops: No
[2,438s][debug][gc,nmethod     ] Register NMethod: java.util.HashMap.afterNodeAccess (0x00007ab288018388) [0x00007ab288018480, 0x00007ab288018580] Compiler: c1, Barriers: 0, Oops: 0, ImmediateOops: 0, NonImmediateOops: No
[2,439s][debug][gc,nmethod     ] Register NMethod: io.sirix.node.BytesOut.asBytesIn (0x00007ab2a6d46088) [0x00007ab2a6d46180, 0x00007ab2a6d46758] Compiler: jvmci, Barriers: 13, Oops: 1, ImmediateOops: 0, NonImmediateOops: No
[2,439s][debug][gc,nmethod     ] Register NMethod: it.unimi.dsi.fastutil.ints.Int2LongOpenHashMap.put (0x00007ab2a6d46788) [0x00007ab2a6d468a0, 0x00007ab2a6d474a0] Compiler: jvmci, Barriers: 8, Oops: 1, ImmediateOops: 0, NonImmediateOops: No
[2,440s][debug][gc,nmethod     ] Register NMethod: io.sirix.node.delegates.StructNodeDelegate.setFirstChildKey (0x00007ab2a6d47508) [0x00007ab2a6d47600, 0x00007ab2a6d476c0] Compiler: c1, Barriers: 0, Oops: 1, ImmediateOops: 0, NonImmediateOops: No
[2,442s][debug][gc,nmethod     ] Register NMethod: com.sun.xml.internal.stream.XMLEventReaderImpl.nextEvent (0x00007ab2a6d47808) [0x00007ab2a6d47900, 0x00007ab2a6d47d08] Compiler: jvmci, Barriers: 12, Oops: 0, ImmediateOops: 0, NonImmediateOops: No
[2,442s][debug][gc,nmethod     ] Register NMethod: jdk.internal.foreign.ArenaImpl.allocate (0x00007ab2a6d47d88) [0x00007ab2a6d47e80, 0x00007ab2a6d489a0] Compiler: jvmci, Barriers: 16, Oops: 1, ImmediateOops: 6, NonImmediateOops: No
[2,442s][debug][gc,nmethod     ] Register NMethod: com.sun.org.apache.xerces.internal.impl.XMLEntityScanner.scanContent (0x00007ab288018688) [0x00007ab288018780, 0x00007ab288019778] Compiler: c1, Barriers: 11, Oops: 0, ImmediateOops: 1, NonImmediateOops: No
[2,443s][debug][gc,nmethod     ] Register NMethod: io.sirix.node.xml.ElementNode.getLeftSiblingKey (0x00007ab2a6d48a08) [0x00007ab2a6d48b00, 0x00007ab2a6d48d98] Compiler: jvmci, Barriers: 4, Oops: 1, ImmediateOops: 0, NonImmediateOops: No
[2,443s][debug][gc,nmethod     ] Register NMethod: com.sun.org.apache.xerces.internal.impl.XMLEntityScanner.scanContent (0x00007ab288019788) [0x00007ab288019880, 0x00007ab28801a7f8] Compiler: c1, Barriers: 11, Oops: 0, ImmediateOops: 1, NonImmediateOops: No
[2,443s][debug][gc,director    ] Rule Major: Warmup 10%, Used: 380MB, UsedThreshold: 1228MB
[2,444s][debug][gc,nmethod     ] Register NMethod: io.sirix.cache.IndexLogKey.equals (0x00007ab2a6d48e08) [0x00007ab2a6d48f00, 0x00007ab2a6d490c8] Compiler: jvmci, Barriers: 2, Oops: 1, ImmediateOops: 0, NonImmediateOops: No
[2,445s][debug][gc,nmethod     ] Register NMethod: java.util.concurrent.ConcurrentLinkedDeque.poll (0x00007ab28801a808) [0x00007ab28801a900, 0x00007ab28801aa48] Compiler: c1, Barriers: 0, Oops: 0, ImmediateOops: 0, NonImmediateOops: No
[2,445s][debug][gc,nmethod     ] Register NMethod: java.util.concurrent.ConcurrentLinkedDeque.first (0x00007ab28801ab08) [0x00007ab28801ac00, 0x00007ab28801b200] Compiler: c1, Barriers: 4, Oops: 1, ImmediateOops: 1, NonImmediateOops: No
[2,446s][debug][gc,nmethod     ] Register NMethod: java.util.concurrent.ConcurrentLinkedDeque.pollFirst (0x00007ab28801b288) [0x00007ab28801b380, 0x00007ab28801cd98] Compiler: c1, Barriers: 9, Oops: 6, ImmediateOops: 9, NonImmediateOops: No
[2,446s][debug][gc,nmethod     ] Register NMethod: java.util.concurrent.ConcurrentLinkedDeque.unlink (0x00007ab28801ce08) [0x00007ab28801cf00, 0x00007ab288020478] Compiler: c1, Barriers: 14, Oops: 6, ImmediateOops: 20, NonImmediateOops: No
[2,447s][debug][gc,nmethod     ] Register NMethod: io.sirix.cache.LinuxMemorySegmentAllocator.allocate (0x00007ab288020508) [0x00007ab288020620, 0x00007ab2880262c8] Compiler: c1, Barriers: 54, Oops: 6, ImmediateOops: 11, NonImmediateOops: No
[2,448s][debug][gc,nmethod     ] Register NMethod: com.sun.org.apache.xerces.internal.impl.XMLNSDocumentScannerImpl.next (0x00007ab2a6d49108) [0x00007ab2a6d49200, 0x00007ab2a6d4ae60] Compiler: jvmci, Barriers: 41, Oops: 1, ImmediateOops: 2, NonImmediateOops: No
[2,452s][debug][gc,nmethod     ] Register NMethod: com.sun.org.apache.xerces.internal.impl.XMLDocumentFragmentScannerImpl.bufferContent (0x00007ab288026308) [0x00007ab288026400, 0x00007ab288026a40] Compiler: c1, Barriers: 4, Oops: 0, ImmediateOops: 0, NonImmediateOops: No
[2,452s][debug][gc,nmethod     ] Register NMethod: jdk.internal.ref.PhantomCleanable.<init> (0x00007ab288026a88) [0x00007ab288026b80, 0x00007ab288027d70] Compiler: c1, Barriers: 13, Oops: 0, ImmediateOops: 3, NonImmediateOops: No
[2,453s][debug][gc,director    ] Rule Major: Warmup 10%, Used: 384MB, UsedThreshold: 1228MB
[2,453s][debug][gc,nmethod     ] Register NMethod: com.sun.org.apache.xerces.internal.impl.XMLDocumentFragmentScannerImpl$FragmentContentDriver.next (0x00007ab2a6d4ae88) [0x00007ab2a6d4af80, 0x00007ab2a6d4cbc0] Compiler: jvmci, Barriers: 42, Oops: 1, ImmediateOops: 1, NonImmediateOops: No
[2,456s][debug][gc,nmethod     ] Register NMethod: com.sun.org.apache.xerces.internal.impl.XMLStreamReaderImpl$1.<init> (0x00007ab2a6d4cc08) [0x00007ab2a6d4cd00, 0x00007ab2a6d4d090] Compiler: jvmci, Barriers: 14, Oops: 0, ImmediateOops: 0, NonImmediateOops: No
[2,458s][debug][gc,nmethod     ] Register NMethod: com.sun.xml.internal.stream.events.XMLEventAllocatorImpl.getXMLEvent (0x00007ab2a6d4d108) [0x00007ab2a6d4d220, 0x00007ab2a6d4ea00] Compiler: jvmci, Barriers: 63, Oops: 6, ImmediateOops: 6, NonImmediateOops: No
[2,461s][debug][gc,nmethod     ] Register NMethod: com.sun.org.apache.xerces.internal.util.SymbolTable.addSymbol (0x00007ab2a6d4ea88) [0x00007ab2a6d4eb80, 0x00007ab2a6d4f400] Compiler: jvmci, Barriers: 7, Oops: 0, ImmediateOops: 0, NonImmediateOops: No
[2,462s][debug][gc,nmethod     ] Register NMethod: com.sun.org.apache.xerces.internal.impl.XMLStreamReaderImpl.next (0x00007ab2a6d4f408) [0x00007ab2a6d4f500, 0x00007ab2a6d4f7f0] Compiler: jvmci, Barriers: 4, Oops: 0, ImmediateOops: 0, NonImmediateOops: No
[2,464s][debug][gc,director    ] Rule Major: Warmup 10%, Used: 388MB, UsedThreshold: 1228MB
[2,464s][debug][gc,nmethod     ] Register NMethod: com.sun.org.apache.xerces.internal.util.SymbolTable.hash (0x00007ab2a6d4f808) [0x00007ab2a6d4f900, 0x00007ab2a6d4fb80] Compiler: jvmci, Barriers: 1, Oops: 0, ImmediateOops: 0, NonImmediateOops: No
[2,465s][debug][gc,nmethod     ] Register NMethod: io.sirix.utils.XMLToken.ncName (0x00007ab2a6d4fb88) [0x00007ab2a6d4fc80, 0x00007ab2a6d4ffd8] Compiler: jvmci, Barriers: 0, Oops: 1, ImmediateOops: 0, NonImmediateOops: No
[2,469s][debug][gc,nmethod     ] Register NMethod: jdk.xml.internal.XMLSecurityPropertyManager.getIndex (0x00007ab2a6d50008) [0x00007ab2a6d50100, 0x00007ab2a6d50710] Compiler: jvmci, Barriers: 1, Oops: 4, ImmediateOops: 12, NonImmediateOops: No
[2,469s][debug][gc,nmethod     ] Register NMethod: io.sirix.access.trx.node.xml.XmlNodeReadOnlyTrxImpl.getNode (0x00007ab2a6d50788) [0x00007ab2a6d50880, 0x00007ab2a6d50dc0] Compiler: jvmci, Barriers: 7, Oops: 2, ImmediateOops: 1, NonImmediateOops: No
[2,470s][debug][gc,nmethod     ] Register NMethod: io.sirix.access.trx.page.NodeStorageEngineWriter$IndexLogKeyToPageContainer.<init> (0x00007ab2a6d50e08) [0x00007ab2a6d50f00, 0x00007ab2a6d51068] Compiler: jvmci, Barriers: 6, Oops: 1, ImmediateOops: 0, NonImmediateOops: No
[2,474s][debug][gc,director    ] Rule Major: Warmup 10%, Used: 392MB, UsedThreshold: 1228MB
[2,474s][debug][gc,nmethod     ] Register NMethod: io.sirix.access.trx.node.xml.XmlNodeReadOnlyTrxImpl.getNode (0x00007ab2a6d51108) [0x00007ab2a6d51200, 0x00007ab2a6d51740] Compiler: jvmci, Barriers: 7, Oops: 2, ImmediateOops: 1, NonImmediateOops: No
[2,474s][debug][gc,nmethod     ] Register NMethod: io.sirix.access.trx.page.NodeStorageEngineReader.assertNotClosed (0x00007ab2a6d51788) [0x00007ab2a6d51880, 0x00007ab2a6d51940] Compiler: jvmci, Barriers: 0, Oops: 1, ImmediateOops: 0, NonImmediateOops: No
[2,475s][debug][gc,nmethod     ] Register NMethod: io.sirix.access.trx.node.AbstractNodeReadOnlyTrx.getKind (0x00007ab2a6d51a88) [0x00007ab2a6d51b80, 0x00007ab2a6d51cd0] Compiler: jvmci, Barriers: 1, Oops: 1, ImmediateOops: 1, NonImmediateOops: No
[2,475s][debug][gc,nmethod     ] Register NMethod: io.sirix.index.path.summary.PathNode.getLocalNameKey (0x00007ab2a6d51d88) [0x00007ab2a6d51e80, 0x00007ab2a6d51f60] Compiler: jvmci, Barriers: 1, Oops: 1, ImmediateOops: 0, NonImmediateOops: No
[2,476s][debug][gc,nmethod     ] Register NMethod: com.sun.org.apache.xerces.internal.impl.XMLEntityScanner.skipSpaces (0x00007ab2a6d52088) [0x00007ab2a6d52180, 0x00007ab2a6d52480] Compiler: jvmci, Barriers: 2, Oops: 0, ImmediateOops: 1, NonImmediateOops: No
[2,477s][debug][gc,nmethod     ] Register NMethod: jdk.xml.internal.XMLSecurityManager.isOverLimit (0x00007ab2a6d52488) [0x00007ab2a6d52580, 0x00007ab2a6d527e8] Compiler: jvmci, Barriers: 2, Oops: 0, ImmediateOops: 0, NonImmediateOops: No
[2,478s][debug][gc,nmethod     ] Register NMethod: io.sirix.axis.filter.PathNameFilter.filter (0x00007ab2a6d52808) [0x00007ab2a6d52900, 0x00007ab2a6d52e00] Compiler: jvmci, Barriers: 6, Oops: 1, ImmediateOops: 0, NonImmediateOops: No
[2,479s][debug][gc,nmethod     ] Register NMethod: io.sirix.node.xml.ElementNode.getRightSiblingKey (0x00007ab2a6d52e88) [0x00007ab2a6d52f80, 0x00007ab2a6d53218] Compiler: jvmci, Barriers: 4, Oops: 1, ImmediateOops: 0, NonImmediateOops: No
[2,479s][debug][gc,nmethod     ] Register NMethod: com.sun.org.apache.xerces.internal.impl.XMLEntityScanner.scanQName (0x00007ab2a6d53288) [0x00007ab2a6d53380, 0x00007ab2a6d545d0] Compiler: jvmci, Barriers: 28, Oops: 1, ImmediateOops: 3, NonImmediateOops: No
[2,480s][debug][gc,nmethod     ] Register NMethod: com.sun.org.apache.xerces.internal.impl.XMLEntityScanner.scanContent (0x00007ab2a6d54608) [0x00007ab2a6d547a0, 0x00007ab2a6d55268] Compiler: jvmci, Barriers: 8, Oops: 0, ImmediateOops: 1, NonImmediateOops: No
[2,481s][debug][gc,nmethod     ] Register NMethod: it.unimi.dsi.fastutil.longs.LongArrayList.getLong (0x00007ab2a6d55288) [0x00007ab2a6d55380, 0x00007ab2a6d554b0] Compiler: jvmci, Barriers: 1, Oops: 1, ImmediateOops: 0, NonImmediateOops: No
[2,481s][debug][gc,nmethod     ] Register NMethod: io.sirix.node.xml.ElementNode.getChildCount (0x00007ab2a6d55588) [0x00007ab2a6d55680, 0x00007ab2a6d55978] Compiler: jvmci, Barriers: 5, Oops: 1, ImmediateOops: 0, NonImmediateOops: No
[2,482s][debug][gc,nmethod     ] Register NMethod: it.unimi.dsi.fastutil.longs.LongArrayList.removeLong (0x00007ab2a6d55988) [0x00007ab2a6d55a80, 0x00007ab2a6d55c00] Compiler: jvmci, Barriers: 1, Oops: 1, ImmediateOops: 0, NonImmediateOops: No
[2,483s][debug][gc,nmethod     ] Register NMethod: io.sirix.node.xml.TextNode.getLeftSiblingKey (0x00007ab2a6d55c88) [0x00007ab2a6d55d80, 0x00007ab2a6d56018] Compiler: jvmci, Barriers: 4, Oops: 1, ImmediateOops: 0, NonImmediateOops: No
[2,484s][debug][gc,nmethod     ] Register NMethod: it.unimi.dsi.fastutil.longs.LongArrayList.grow (0x00007ab2a6d56088) [0x00007ab2a6d56180, 0x00007ab2a6d565e0] Compiler: jvmci, Barriers: 4, Oops: 1, ImmediateOops: 1, NonImmediateOops: No
[2,484s][debug][gc,director    ] Rule Major: Warmup 10%, Used: 394MB, UsedThreshold: 1228MB
[2,484s][debug][gc,nmethod     ] Register NMethod: java.util.HashMap.computeIfAbsent (0x00007ab2a6d56608) [0x00007ab2a6d56720, 0x00007ab2a6d58910] Compiler: jvmci, Barriers: 94, Oops: 1, ImmediateOops: 0, NonImmediateOops: No
[2,484s][debug][gc,nmethod     ] Register NMethod: it.unimi.dsi.fastutil.longs.LongArrayList.add (0x00007ab2a6d58988) [0x00007ab2a6d58a80, 0x00007ab2a6d58f70] Compiler: jvmci, Barriers: 4, Oops: 1, ImmediateOops: 1, NonImmediateOops: No
[2,485s][debug][gc,nmethod     ] Register NMethod: jdk.internal.foreign.ArenaImpl.<init> (0x00007ab2a6d58f88) [0x00007ab2a6d59080, 0x00007ab2a6d591a0] Compiler: jvmci, Barriers: 3, Oops: 0, ImmediateOops: 0, NonImmediateOops: No
[2,486s][debug][gc,nmethod     ] Register NMethod: java.lang.String.<init> (0x00007ab2a6d59288) [0x00007ab2a6d59380, 0x00007ab2a6d596c8] Compiler: jvmci, Barriers: 3, Oops: 0, ImmediateOops: 0, NonImmediateOops: No
[2,491s][debug][gc,nmethod     ] Register NMethod: io.sirix.axis.AbstractAxis.<init> (0x00007ab2a6d59708) [0x00007ab2a6d59800, 0x00007ab2a6d59f80] Compiler: jvmci, Barriers: 23, Oops: 1, ImmediateOops: 2, NonImmediateOops: No
[2,491s][debug][gc,nmethod     ] Register NMethod: jdk.internal.foreign.ImplicitSession.<init> (0x00007ab2a6d5a008) [0x00007ab2a6d5a100, 0x00007ab2a6d5ae80] Compiler: jvmci, Barriers: 46, Oops: 1, ImmediateOops: 2, NonImmediateOops: No
[2,493s][debug][gc,nmethod     ] Register NMethod: io.sirix.node.xml.ElementNode.getFirstChildKey (0x00007ab2a6d5af08) [0x00007ab2a6d5b000, 0x00007ab2a6d5b298] Compiler: jvmci, Barriers: 4, Oops: 1, ImmediateOops: 0, NonImmediateOops: No
[2,494s][debug][gc,director    ] Rule Major: Warmup 10%, Used: 396MB, UsedThreshold: 1228MB
[2,494s][debug][gc,nmethod     ] Register NMethod: io.sirix.node.GrowingMemorySegment.<init> (0x00007ab2a6d5b308) [0x00007ab2a6d5b400, 0x00007ab2a6d5c098] Compiler: jvmci, Barriers: 22, Oops: 2, ImmediateOops: 6, NonImmediateOops: No
[2,495s][debug][gc,nmethod     ] Register NMethod: java.lang.String.encodeUTF8 (0x00007ab2a6d5c108) [0x00007ab2a6d5c200, 0x00007ab2a6d5c3b0] Compiler: jvmci, Barriers: 0, Oops: 0, ImmediateOops: 0, NonImmediateOops: No
[2,496s][debug][gc,nmethod     ] Register NMethod: io.sirix.page.delegates.BitmapReferencesPage.getOrCreateReference (0x00007ab2a6d5c408) [0x00007ab2a6d5c500, 0x00007ab2a6d5cd58] Compiler: jvmci, Barriers: 6, Oops: 2, ImmediateOops: 0, NonImmediateOops: No
[2,496s][debug][gc,nmethod     ] Register NMethod: java.lang.String.encode (0x00007ab2a6d5cd88) [0x00007ab2a6d5ce80, 0x00007ab2a6d5d048] Compiler: jvmci, Barriers: 0, Oops: 0, ImmediateOops: 1, NonImmediateOops: No
[2,497s][debug][gc,nmethod     ] Register NMethod: io.brackit.query.atomic.QNm.<init> (0x00007ab2a6d5d088) [0x00007ab2a6d5d180, 0x00007ab2a6d5d3c0] Compiler: jvmci, Barriers: 9, Oops: 1, ImmediateOops: 0, NonImmediateOops: No
[2,497s][debug][gc,nmethod     ] Register NMethod: java.lang.String.<init> (0x00007ab2a6d5d408) [0x00007ab2a6d5d500, 0x00007ab2a6d5d880] Compiler: jvmci, Barriers: 3, Oops: 0, ImmediateOops: 0, NonImmediateOops: No
[2,498s][debug][gc,nmethod     ] Register NMethod: javax.xml.namespace.QName.<init> (0x00007ab2a6d5d888) [0x00007ab2a6d5d980, 0x00007ab2a6d5dbd0] Compiler: jvmci, Barriers: 9, Oops: 0, ImmediateOops: 1, NonImmediateOops: No
[2,498s][debug][gc,nmethod     ] Register NMethod: com.sun.xml.internal.stream.util.ReadOnlyIterator.hasNext (0x00007ab2a6d5dc08) [0x00007ab2a6d5dd00, 0x00007ab2a6d5dec0] Compiler: jvmci, Barriers: 3, Oops: 0, ImmediateOops: 0, NonImmediateOops: No
[2,499s][debug][gc,nmethod     ] Register NMethod: java.util.HashSet.isEmpty (0x00007ab2a6d5df08) [0x00007ab2a6d5e000, 0x00007ab2a6d5e0e8] Compiler: jvmci, Barriers: 1, Oops: 0, ImmediateOops: 0, NonImmediateOops: No
[2,499s][debug][gc,nmethod     ] Register NMethod: io.sirix.node.GrowingMemorySegment.writeByte (0x00007ab2a6d5e208) [0x00007ab2a6d5e300, 0x00007ab2a6d5e728] Compiler: jvmci, Barriers: 6, Oops: 1, ImmediateOops: 0, NonImmediateOops: No
[2,500s][debug][gc,nmethod     ] Register NMethod: net.openhft.hashing.XXH3.XXH3_64bits_internal (0x00007ab2a6d5e788) [0x00007ab2a6d5e880, 0x00007ab2a6d60d50] Compiler: jvmci, Barriers: 0, Oops: 1, ImmediateOops: 0, NonImmediateOops: No
[2,501s][debug][gc,nmethod     ] Register NMethod: jdk.xml.internal.XMLLimitAnalyzer.addValue (0x00007ab2a6d60d88) [0x00007ab2a6d60e80, 0x00007ab2a6d61088] Compiler: jvmci, Barriers: 2, Oops: 0, ImmediateOops: 0, NonImmediateOops: No
[2,501s][debug][gc,nmethod     ] Register NMethod: io.sirix.page.KeyValueLeafPage.setRecord (0x00007ab2a6d61108) [0x00007ab2a6d61200, 0x00007ab2a6d61580] Compiler: jvmci, Barriers: 4, Oops: 1, ImmediateOops: 0, NonImmediateOops: No
[2,501s][debug][gc,nmethod     ] Register NMethod: java.lang.AbstractStringBuilder.ensureCapacitySameCoder (0x00007ab2a6d61608) [0x00007ab2a6d61700, 0x00007ab2a6d61a30] Compiler: jvmci, Barriers: 0, Oops: 0, ImmediateOops: 0, NonImmediateOops: No
[2,501s][debug][gc,nmethod     ] Register NMethod: java.lang.StringLatin1.trim (0x00007ab2a6d61a88) [0x00007ab2a6d61b80, 0x00007ab2a6d62008] Compiler: jvmci, Barriers: 2, Oops: 0, ImmediateOops: 2, NonImmediateOops: No
[2,502s][debug][gc,nmethod     ] Register NMethod: io.sirix.node.AbstractForwardingNode.getParentKey (0x00007ab2a6d62088) [0x00007ab2a6d62180, 0x00007ab2a6d62320] Compiler: jvmci, Barriers: 2, Oops: 1, ImmediateOops: 0, NonImmediateOops: No
[2,503s][debug][gc,nmethod     ] Register NMethod: jdk.internal.foreign.AbstractMemorySegmentImpl.asSlice (0x00007ab2a6d62388) [0x00007ab2a6d62480, 0x00007ab2a6d62668] Compiler: jvmci, Barriers: 3, Oops: 0, ImmediateOops: 0, NonImmediateOops: No
[2,504s][debug][gc,nmethod     ] Register NMethod: io.sirix.access.trx.node.AbstractNodeTrxImpl.checkAccessAndCommit (0x00007ab2a6d62688) [0x00007ab2a6d62780, 0x00007ab2a6d629e0] Compiler: jvmci, Barriers: 3, Oops: 1, ImmediateOops: 1, NonImmediateOops: No
[2,504s][debug][gc,director    ] Rule Major: Warmup 10%, Used: 396MB, UsedThreshold: 1228MB
[2,504s][debug][gc,nmethod     ] Register NMethod: net.openhft.hashing.UnsafeAccess.byteOrder (0x00007ab2a6d62a08) [0x00007ab2a6d62b00, 0x00007ab2a6d62b90] Compiler: jvmci, Barriers: 0, Oops: 1, ImmediateOops: 1, NonImmediateOops: No
[2,505s][debug][gc,nmethod     ] Register NMethod: io.sirix.node.xml.ElementNode.getPathNodeKey (0x00007ab2a6d62d08) [0x00007ab2a6d62e00, 0x00007ab2a6d63098] Compiler: jvmci, Barriers: 4, Oops: 1, ImmediateOops: 0, NonImmediateOops: No
[2,505s][debug][gc,nmethod     ] Register NMethod: java.util.concurrent.ForkJoinPool.runWorker (0x00007ab2a6d63108) [0x00007ab2a6d63200, 0x00007ab2a6d6f020] Compiler: jvmci, Barriers: 394, Oops: 3, ImmediateOops: 4, NonImmediateOops: No
[2,507s][debug][gc,nmethod     ] Register NMethod: com.sun.org.apache.xerces.internal.xni.XMLString.toString (0x00007ab2a6d6f088) [0x00007ab2a6d6f180, 0x00007ab2a6d6f560] Compiler: jvmci, Barriers: 3, Oops: 1, ImmediateOops: 0, NonImmediateOops: No
[2,507s][debug][gc,nmethod     ] Register NMethod: io.sirix.access.trx.node.AbstractNodeHashing.isValueNode (0x00007ab2a6d6f588) [0x00007ab2a6d6f680, 0x00007ab2a6d6f890] Compiler: jvmci, Barriers: 0, Oops: 1, ImmediateOops: 5, NonImmediateOops: No
[2,508s][debug][gc,nmethod     ] Register NMethod: io.sirix.access.trx.node.AbstractNodeReadOnlyTrx.storeDeweyIDs (0x00007ab2a6d6f908) [0x00007ab2a6d6fa00, 0x00007ab2a6d6fb98] Compiler: jvmci, Barriers: 2, Oops: 1, ImmediateOops: 0, NonImmediateOops: No
[2,508s][debug][gc,nmethod     ] Register NMethod: net.openhft.hashing.XXH3.access$500 (0x00007ab2a6d6fc08) [0x00007ab2a6d6fd00, 0x00007ab2a6d6fd88] Compiler: jvmci, Barriers: 0, Oops: 1, ImmediateOops: 0, NonImmediateOops: No
[2,509s][debug][gc,nmethod     ] Register NMethod: net.openhft.hashing.LongHashFunction.unsafeHash (0x00007ab2a6d6ff08) [0x00007ab2a6d70000, 0x00007ab2a6d70108] Compiler: jvmci, Barriers: 0, Oops: 1, ImmediateOops: 2, NonImmediateOops: No
[2,509s][debug][gc,nmethod     ] Register NMethod: net.openhft.hashing.XXH3$AsLongHashFunction.hash (0x00007ab2a6d70208) [0x00007ab2a6d70300, 0x00007ab2a6d70428] Compiler: jvmci, Barriers: 0, Oops: 1, ImmediateOops: 1, NonImmediateOops: No
[2,509s][debug][gc,nmethod     ] Register NMethod: com.sun.org.apache.xerces.internal.util.NamespaceSupport.pushContext (0x00007ab2a6d70508) [0x00007ab2a6d70600, 0x00007ab2a6d70740] Compiler: jvmci, Barriers: 1, Oops: 0, ImmediateOops: 0, NonImmediateOops: No
[2,509s][debug][gc,nmethod     ] Register NMethod: io.sirix.access.trx.node.AbstractIndexController.notifyChange (0x00007ab2a6d70808) [0x00007ab2a6d70900, 0x00007ab2a6d70a80] Compiler: jvmci, Barriers: 2, Oops: 1, ImmediateOops: 0, NonImmediateOops: No
[2,510s][debug][gc,nmethod     ] Register NMethod: com.sun.org.apache.xerces.internal.impl.XMLStreamReaderImpl.getLocalName (0x00007ab2a6d70b08) [0x00007ab2a6d70c00, 0x00007ab2a6d71150] Compiler: jvmci, Barriers: 22, Oops: 0, ImmediateOops: 0, NonImmediateOops: No
[2,511s][debug][gc,nmethod     ] Register NMethod: io.sirix.access.trx.page.NodeStorageEngineWriter.createRecord (0x00007ab2a6d71188) [0x00007ab2a6d71280, 0x00007ab2a6d72850] Compiler: jvmci, Barriers: 41, Oops: 3, ImmediateOops: 1, NonImmediateOops: No
[2,512s][debug][gc,nmethod     ] Register NMethod: com.sun.org.apache.xerces.internal.impl.XMLStreamReaderImpl.getPrefix (0x00007ab2a6d72888) [0x00007ab2a6d72980, 0x00007ab2a6d72f08] Compiler: jvmci, Barriers: 22, Oops: 0, ImmediateOops: 1, NonImmediateOops: No
[2,512s][debug][gc,nmethod     ] Register NMethod: com.sun.xml.internal.stream.events.XMLEventAllocatorImpl.getQName (0x00007ab2a6d72f88) [0x00007ab2a6d73080, 0x00007ab2a6d73e98] Compiler: jvmci, Barriers: 66, Oops: 1, ImmediateOops: 1, NonImmediateOops: No
[2,512s][debug][gc,nmethod     ] Register NMethod: io.sirix.access.trx.node.AbstractNodeTrxImpl.intermediateCommitIfRequired (0x00007ab2a6d73f08) [0x00007ab2a6d74000, 0x00007ab2a6d74158] Compiler: jvmci, Barriers: 1, Oops: 1, ImmediateOops: 0, NonImmediateOops: No
[2,514s][debug][gc,director    ] Rule Major: Warmup 10%, Used: 398MB, UsedThreshold: 1228MB
[2,516s][debug][gc,nmethod     ] Register NMethod: java.lang.StringBuilder.setLength (0x00007ab2a6d74208) [0x00007ab2a6d74300, 0x00007ab2a6d74748] Compiler: jvmci, Barriers: 4, Oops: 0, ImmediateOops: 0, NonImmediateOops: No
[2,518s][debug][gc,nmethod     ] Register NMethod: java.lang.String.trim (0x00007ab2a6d74788) [0x00007ab2a6d74880, 0x00007ab2a6d74d98] Compiler: jvmci, Barriers: 3, Oops: 0, ImmediateOops: 1, NonImmediateOops: No
[2,520s][debug][gc,nmethod     ] Register NMethod: java.lang.AbstractStringBuilder.setLength (0x00007ab2a6d74e08) [0x00007ab2a6d74f00, 0x00007ab2a6d75348] Compiler: jvmci, Barriers: 4, Oops: 0, ImmediateOops: 0, NonImmediateOops: No
[2,522s][debug][gc,nmethod     ] Register NMethod: com.sun.org.apache.xerces.internal.impl.XMLStreamReaderImpl.getText (0x00007ab2a6d75388) [0x00007ab2a6d75480, 0x00007ab2a6d75980] Compiler: jvmci, Barriers: 6, Oops: 1, ImmediateOops: 0, NonImmediateOops: No
[2,522s][debug][gc,nmethod     ] Register NMethod: io.sirix.access.trx.page.NodeStorageEngineReader.loadPage (0x00007ab2a6d75a08) [0x00007ab2a6d75b00, 0x00007ab2a6d76450] Compiler: jvmci, Barriers: 19, Oops: 3, ImmediateOops: 0, NonImmediateOops: No
[2,524s][debug][gc,nmethod     ] Register NMethod: com.sun.xml.internal.stream.XMLEventReaderImpl.peek (0x00007ab2a6d76488) [0x00007ab2a6d76580, 0x00007ab2a6d76aa8] Compiler: jvmci, Barriers: 11, Oops: 0, ImmediateOops: 0, NonImmediateOops: No
[2,524s][debug][gc,nmethod     ] Register NMethod: io.sirix.node.xml.ElementNode.hasLeftSibling (0x00007ab2a6d76b08) [0x00007ab2a6d76c00, 0x00007ab2a6d76eb0] Compiler: jvmci, Barriers: 4, Oops: 1, ImmediateOops: 0, NonImmediateOops: No
[2,524s][debug][gc,director    ] Rule Major: Warmup 10%, Used: 400MB, UsedThreshold: 1228MB
[2,524s][debug][gc,nmethod     ] Register NMethod: sun.misc.Unsafe.isMemoryAccessWarned (0x00007ab2a6d76f08) [0x00007ab2a6d77000, 0x00007ab2a6d77068] Compiler: jvmci, Barriers: 0, Oops: 0, ImmediateOops: 0, NonImmediateOops: No
[2,524s][debug][gc,nmethod     ] Register NMethod: jdk.xml.internal.JdkXmlUtils.getProperty (0x00007ab2a6d77208) [0x00007ab2a6d77300, 0x00007ab2a6d78698] Compiler: jvmci, Barriers: 31, Oops: 20, ImmediateOops: 20, NonImmediateOops: No
[2,524s][debug][gc,nmethod     ] Register NMethod: com.sun.xml.internal.stream.events.DummyEvent.asCharacters (0x00007ab2a6d78788) [0x00007ab2a6d78880, 0x00007ab2a6d78940] Compiler: jvmci, Barriers: 0, Oops: 0, ImmediateOops: 0, NonImmediateOops: No
[2,527s][debug][gc,nmethod     ] Register NMethod: io.sirix.node.xml.ElementNode.setChildCount (0x00007ab2a6d78a88) [0x00007ab2a6d78b80, 0x00007ab2a6d78ea0] Compiler: jvmci, Barriers: 5, Oops: 1, ImmediateOops: 0, NonImmediateOops: No
[2,527s][debug][gc,nmethod     ] Register NMethod: io.sirix.node.xml.ElementNode.incrementChildCount (0x00007ab2a6d78f08) [0x00007ab2a6d79000, 0x00007ab2a6d79308] Compiler: jvmci, Barriers: 5, Oops: 1, ImmediateOops: 0, NonImmediateOops: No
[2,529s][debug][gc,nmethod     ] Register NMethod: it.unimi.dsi.fastutil.ints.Int2IntOpenHashMap.get (0x00007ab2a6d79388) [0x00007ab2a6d79480, 0x00007ab2a6d797e0] Compiler: jvmci, Barriers: 2, Oops: 1, ImmediateOops: 0, NonImmediateOops: No
[2,533s][debug][gc,nmethod     ] Register NMethod: io.sirix.node.GrowingMemorySegment.write (0x00007ab2a6d79808) [0x00007ab2a6d79900, 0x00007ab2a6d79e80] Compiler: jvmci, Barriers: 5, Oops: 3, ImmediateOops: 0, NonImmediateOops: No
[2,534s][debug][gc,director    ] Rule Major: Warmup 10%, Used: 402MB, UsedThreshold: 1228MB
[2,535s][debug][gc,nmethod     ] Register NMethod: it.unimi.dsi.fastutil.ints.Int2LongOpenHashMap.get (0x00007ab2a6d79f08) [0x00007ab2a6d7a000, 0x00007ab2a6d7a360] Compiler: jvmci, Barriers: 2, Oops: 1, ImmediateOops: 0, NonImmediateOops: No
[2,537s][debug][gc,nmethod     ] Register NMethod: it.unimi.dsi.fastutil.ints.Int2ObjectOpenHashMap.get (0x00007ab2a6d7a388) [0x00007ab2a6d7a480, 0x00007ab2a6d7a8f8] Compiler: jvmci, Barriers: 7, Oops: 1, ImmediateOops: 0, NonImmediateOops: No
[2,537s][debug][gc,nmethod     ] Register NMethod: io.sirix.service.xml.shredder.AbstractShredder.processText (0x00007ab2a6d7a908) [0x00007ab2a6d7aa00, 0x00007ab2a6d7b628] Compiler: jvmci, Barriers: 15, Oops: 1, ImmediateOops: 1, NonImmediateOops: No
[2,538s][debug][gc,nmethod     ] Register NMethod: com.sun.org.apache.xerces.internal.impl.XMLDocumentFragmentScannerImpl.getAttributeIterator (0x00007ab2a6d7b688) [0x00007ab2a6d7b780, 0x00007ab2a6d7b8a8] Compiler: jvmci, Barriers: 2, Oops: 0, ImmediateOops: 0, NonImmediateOops: No
[2,538s][debug][gc,nmethod     ] Register NMethod: io.sirix.node.xml.AttributeNode.getParentKey (0x00007ab2a6d7b988) [0x00007ab2a6d7ba80, 0x00007ab2a6d7bd18] Compiler: jvmci, Barriers: 4, Oops: 1, ImmediateOops: 0, NonImmediateOops: No
[2,539s][debug][gc,nmethod     ] Register NMethod: io.sirix.node.xml.TextNode.hasLeftSibling (0x00007ab2a6d7bd88) [0x00007ab2a6d7be80, 0x00007ab2a6d7c130] Compiler: jvmci, Barriers: 4, Oops: 1, ImmediateOops: 0, NonImmediateOops: No
[2,540s][debug][gc,nmethod     ] Register NMethod: com.sun.org.apache.xerces.internal.impl.XMLEntityScanner.scanChar (0x00007ab2a6d7c188) [0x00007ab2a6d7c280, 0x00007ab2a6d7c4a8] Compiler: jvmci, Barriers: 2, Oops: 0, ImmediateOops: 0, NonImmediateOops: No
[2,540s][debug][gc,nmethod     ] Register NMethod: com.sun.org.apache.xerces.internal.impl.XMLEntityScanner.skipString (0x00007ab2a6d7c508) [0x00007ab2a6d7c600, 0x00007ab2a6d7d2c8] Compiler: jvmci, Barriers: 9, Oops: 0, ImmediateOops: 0, NonImmediateOops: No
[2,542s][debug][gc,nmethod     ] Register NMethod: io.sirix.page.NamePage.setName (0x00007ab2a6d7d308) [0x00007ab2a6d7d400, 0x00007ab2a6d7d6d0] Compiler: jvmci, Barriers: 3, Oops: 1, ImmediateOops: 0, NonImmediateOops: No
[2,542s][debug][gc,nmethod     ] Register NMethod: io.sirix.access.trx.page.NodeStorageEngineWriter.createNameKey (0x00007ab2a6d7d708) [0x00007ab2a6d7d800, 0x00007ab2a6d7dc48] Compiler: jvmci, Barriers: 6, Oops: 1, ImmediateOops: 0, NonImmediateOops: No
[2,543s][debug][gc,nmethod     ] Register NMethod: io.sirix.axis.filter.FilterAxis.nextKey (0x00007ab2a6d7dc88) [0x00007ab2a6d7dd80, 0x00007ab2a6d7f098] Compiler: jvmci, Barriers: 39, Oops: 2, ImmediateOops: 3, NonImmediateOops: No
[2,543s][debug][gc,nmethod     ] Register NMethod: java.nio.MappedByteBuffer.rewind (0x00007ab2a6d7f108) [0x00007ab2a6d7f200, 0x00007ab2a6d7f298] Compiler: jvmci, Barriers: 0, Oops: 0, ImmediateOops: 0, NonImmediateOops: No
[2,543s][debug][gc,nmethod     ] Register NMethod: java.nio.charset.Charset.defaultCharset (0x00007ab2a6d7f408) [0x00007ab2a6d7f500, 0x00007ab2a6d7f570] Compiler: jvmci, Barriers: 0, Oops: 0, ImmediateOops: 1, NonImmediateOops: No
[2,544s][debug][gc,nmethod     ] Register NMethod: java.util.ArrayList.getFirst (0x00007ab2a6d7f708) [0x00007ab2a6d7f800, 0x00007ab2a6d7f958] Compiler: jvmci, Barriers: 2, Oops: 0, ImmediateOops: 0, NonImmediateOops: No
[2,544s][debug][gc,nmethod     ] Register NMethod: java.nio.MappedByteBuffer.limit (0x00007ab2a6d7fa08) [0x00007ab2a6d7fb00, 0x00007ab2a6d7fc10] Compiler: jvmci, Barriers: 0, Oops: 0, ImmediateOops: 0, NonImmediateOops: No
[2,544s][debug][gc,director    ] Rule Major: Warmup 10%, Used: 404MB, UsedThreshold: 1228MB
[2,545s][debug][gc,nmethod     ] Register NMethod: io.sirix.node.xml.AbstractStructForwardingNode.hasFirstChild (0x00007ab2a6d7fd08) [0x00007ab2a6d7fe00, 0x00007ab2a6d7ff18] Compiler: jvmci, Barriers: 1, Oops: 1, ImmediateOops: 0, NonImmediateOops: No
[2,546s][debug][gc,nmethod     ] Register NMethod: java.util.ArrayList.grow (0x00007ab2a6d80008) [0x00007ab2a6d80100, 0x00007ab2a6d80680] Compiler: jvmci, Barriers: 13, Oops: 0, ImmediateOops: 1, NonImmediateOops: No
[2,546s][debug][gc,nmethod     ] Register NMethod: io.sirix.index.path.summary.PathSummaryReader.putMapping (0x00007ab2a6d80688) [0x00007ab2a6d80780, 0x00007ab2a6d80a98] Compiler: jvmci, Barriers: 4, Oops: 1, ImmediateOops: 0, NonImmediateOops: No
[2,548s][debug][gc,nmethod     ] Register NMethod: io.sirix.axis.filter.PathKindFilter.filter (0x00007ab2a6d80b08) [0x00007ab2a6d80c00, 0x00007ab2a6d80e40] Compiler: jvmci, Barriers: 4, Oops: 1, ImmediateOops: 0, NonImmediateOops: No
[2,548s][debug][gc,nmethod     ] Register NMethod: io.sirix.axis.filter.PathNameFilter.<init> (0x00007ab2a6d80e88) [0x00007ab2a6d80f80, 0x00007ab2a6d81290] Compiler: jvmci, Barriers: 4, Oops: 1, ImmediateOops: 0, NonImmediateOops: No
[2,550s][debug][gc,nmethod     ] Register NMethod: io.sirix.access.trx.node.AbstractDeweyIDManager.newRightSiblingID (0x00007ab2a6d81308) [0x00007ab2a6d81400, 0x00007ab2a6d81690] Compiler: jvmci, Barriers: 4, Oops: 1, ImmediateOops: 0, NonImmediateOops: No
[2,554s][debug][gc,nmethod     ] Register NMethod: io.brackit.query.atomic.QNm.atomicCmpInternal (0x00007ab288027d88) [0x00007ab288027e80, 0x00007ab2880286b0] Compiler: c1, Barriers: 4, Oops: 1, ImmediateOops: 0, NonImmediateOops: No
[2,554s][debug][gc,nmethod     ] Register NMethod: io.sirix.access.trx.node.xml.XmlNodeTrxImpl.adaptForInsert (0x00007ab2a6d81708) [0x00007ab2a6d81800, 0x00007ab2a6d84958] Compiler: jvmci, Barriers: 79, Oops: 4, ImmediateOops: 1, NonImmediateOops: No
[2,554s][debug][gc,director    ] Rule Major: Warmup 10%, Used: 406MB, UsedThreshold: 1228MB
[2,555s][debug][gc,nmethod     ] Register NMethod: io.brackit.query.atomic.AbstractAtomic.atomicCmp (0x00007ab288028708) [0x00007ab288028800, 0x00007ab2880291b8] Compiler: c1, Barriers: 4, Oops: 1, ImmediateOops: 0, NonImmediateOops: No
[2,556s][debug][gc,nmethod     ] Register NMethod: io.sirix.access.trx.node.AbstractNodeReadOnlyTrx.moveToParent (0x00007ab2a6d84988) [0x00007ab2a6d84a80, 0x00007ab2a6d85a68] Compiler: jvmci, Barriers: 28, Oops: 2, ImmediateOops: 1, NonImmediateOops: No
[2,558s][debug][gc,nmethod     ] Register NMethod: io.sirix.access.trx.node.xml.XmlNodeReadOnlyTrxImpl.isDocumentRoot (0x00007ab2a6d85a88) [0x00007ab2a6d85b80, 0x00007ab2a6d85dc8] Compiler: jvmci, Barriers: 1, Oops: 1, ImmediateOops: 0, NonImmediateOops: No
[2,560s][debug][gc,nmethod     ] Register NMethod: io.sirix.node.xml.TextNode.getRightSiblingKey (0x00007ab2a6d85e08) [0x00007ab2a6d85f00, 0x00007ab2a6d86198] Compiler: jvmci, Barriers: 4, Oops: 1, ImmediateOops: 0, NonImmediateOops: No
[2,563s][debug][gc,nmethod     ] Register NMethod: com.sun.org.apache.xerces.internal.util.NamespaceSupport.getURI (0x00007ab2a6d86208) [0x00007ab2a6d86300, 0x00007ab2a6d864e8] Compiler: jvmci, Barriers: 2, Oops: 0, ImmediateOops: 0, NonImmediateOops: No
[2,564s][debug][gc,nmethod     ] Register NMethod: io.sirix.node.xml.AbstractStructForwardingNode.<init> (0x00007ab288029208) [0x00007ab288029300, 0x00007ab288029518] Compiler: c1, Barriers: 0, Oops: 1, ImmediateOops: 0, NonImmediateOops: No
[2,564s][debug][gc,nmethod     ] Register NMethod: io.sirix.node.GrowingMemorySegment.toByteArray (0x00007ab2a6d86508) [0x00007ab2a6d86600, 0x00007ab2a6d86a80] Compiler: jvmci, Barriers: 4, Oops: 1, ImmediateOops: 0, NonImmediateOops: No
[2,565s][debug][gc,director    ] Rule Major: Warmup 10%, Used: 408MB, UsedThreshold: 1228MB
[2,565s][debug][gc,nmethod     ] Register NMethod: io.sirix.index.name.Names.setName (0x00007ab2a6d86b08) [0x00007ab2a6d86c00, 0x00007ab2a6d89368] Compiler: jvmci, Barriers: 51, Oops: 5, ImmediateOops: 4, NonImmediateOops: No
[2,566s][debug][gc,nmethod     ] Register NMethod: io.sirix.access.trx.page.NodeStorageEngineWriter$$Lambda/0x000000006c23c270.<init> (0x00007ab288029588) [0x00007ab288029680, 0x00007ab2880298d0] Compiler: c1, Barriers: 6, Oops: 1, ImmediateOops: 0, NonImmediateOops: No
[2,567s][debug][gc,nmethod     ] Register NMethod: com.sun.org.apache.xerces.internal.impl.XMLNSDocumentScannerImpl.next (0x00007ab288029908) [0x00007ab288029a00, 0x00007ab288029ed0] Compiler: c1, Barriers: 2, Oops: 0, ImmediateOops: 0, NonImmediateOops: No
[2,569s][debug][gc,nmethod     ] Register NMethod: io.sirix.access.trx.page.NodeStorageEngineReader.getNamePage (0x00007ab2a6d89408) [0x00007ab2a6d89500, 0x00007ab2a6d8a3f0] Compiler: jvmci, Barriers: 33, Oops: 3, ImmediateOops: 0, NonImmediateOops: No
[2,570s][debug][gc,nmethod     ] Register NMethod: com.sun.org.apache.xerces.internal.impl.XMLDocumentFragmentScannerImpl.seekCloseOfStartTag (0x00007ab2a6d8a488) [0x00007ab2a6d8a580, 0x00007ab2a6d8ad68] Compiler: jvmci, Barriers: 5, Oops: 1, ImmediateOops: 2, NonImmediateOops: No
[2,571s][debug][gc,nmethod     ] Register NMethod: java.util.ArrayList.getLast (0x00007ab2a6d8ad88) [0x00007ab2a6d8ae80, 0x00007ab2a6d8afd0] Compiler: jvmci, Barriers: 2, Oops: 0, ImmediateOops: 0, NonImmediateOops: No
[2,572s][debug][gc,nmethod     ] Register NMethod: io.sirix.access.Utils.buildName (0x00007ab2a6d8b088) [0x00007ab2a6d8b180, 0x00007ab2a6d8b310] Compiler: jvmci, Barriers: 3, Oops: 1, ImmediateOops: 0, NonImmediateOops: No
[2,574s][debug][gc,nmethod     ] Register NMethod: io.sirix.utils.XMLToken.isValidQName (0x00007ab2a6d8b388) [0x00007ab2a6d8b600, 0x00007ab2a6d8c4c0] Compiler: jvmci, Barriers: 4, Oops: 1, ImmediateOops: 0, NonImmediateOops: No
[2,575s][debug][gc,director    ] Rule Major: Warmup 10%, Used: 410MB, UsedThreshold: 1228MB
[2,575s][debug][gc,nmethod     ] Register NMethod: io.sirix.index.path.summary.PathSummaryReader.getLevel (0x00007ab2a6d8c508) [0x00007ab2a6d8c600, 0x00007ab2a6d8c720] Compiler: jvmci, Barriers: 1, Oops: 1, ImmediateOops: 0, NonImmediateOops: No
[2,575s][debug][gc,nmethod     ] Register NMethod: io.sirix.node.immutable.xml.ImmutableElement.getKind (0x00007ab2a6d8c808) [0x00007ab2a6d8c900, 0x00007ab2a6d8c9e8] Compiler: jvmci, Barriers: 1, Oops: 1, ImmediateOops: 1, NonImmediateOops: No
[2,577s][debug][gc,nmethod     ] Register NMethod: io.sirix.axis.filter.FilterAxis.<init> (0x00007ab2a6d8cb08) [0x00007ab2a6d8cc00, 0x00007ab2a6d8df78] Compiler: jvmci, Barriers: 51, Oops: 1, ImmediateOops: 3, NonImmediateOops: No
[2,577s][debug][gc,nmethod     ] Register NMethod: io.sirix.node.immutable.xml.ImmutableElement.getPathNodeKey (0x00007ab2a6d8df88) [0x00007ab2a6d8e080, 0x00007ab2a6d8e370] Compiler: jvmci, Barriers: 5, Oops: 1, ImmediateOops: 0, NonImmediateOops: No
[2,577s][debug][gc,nmethod     ] Register NMethod: jdk.internal.foreign.AbstractMemorySegmentImpl.checkArraySize (0x00007ab2a6d8e388) [0x00007ab2a6d8e480, 0x00007ab2a6d8e568] Compiler: jvmci, Barriers: 0, Oops: 0, ImmediateOops: 0, NonImmediateOops: No
[2,578s][debug][gc,nmethod     ] Register NMethod: com.sun.org.apache.xerces.internal.impl.XMLStreamReaderImpl.getAttributeCount (0x00007ab2a6d8e688) [0x00007ab2a6d8e780, 0x00007ab2a6d8e938] Compiler: jvmci, Barriers: 3, Oops: 0, ImmediateOops: 0, NonImmediateOops: No
[2,578s][debug][gc,nmethod     ] Register NMethod: io.sirix.cache.IndexLogKey.<init> (0x00007ab2a6d8e988) [0x00007ab2a6d8ea80, 0x00007ab2a6d8eb78] Compiler: jvmci, Barriers: 3, Oops: 1, ImmediateOops: 0, NonImmediateOops: No
[2,579s][debug][gc,nmethod     ] Register NMethod: io.brackit.query.atomic.AbstractAtomic.equals (0x00007ab288029f08) [0x00007ab28802a000, 0x00007ab28802a7d0] Compiler: c1, Barriers: 0, Oops: 1, ImmediateOops: 0, NonImmediateOops: No
[2,580s][debug][gc,nmethod     ] Register NMethod: com.sun.org.apache.xerces.internal.util.NamespaceSupport.getAllPrefixes (0x00007ab2a6d8ec88) [0x00007ab2a6d8ed80, 0x00007ab2a6d8efc0] Compiler: jvmci, Barriers: 6, Oops: 0, ImmediateOops: 0, NonImmediateOops: No
[2,580s][debug][gc,nmethod     ] Register NMethod: io.sirix.access.trx.node.xml.XmlNodeTrxImpl.insertElementAsRightSibling (0x00007ab2a6d8f008) [0x00007ab2a6d8f100, 0x00007ab2a6d91a98] Compiler: jvmci, Barriers: 67, Oops: 1, ImmediateOops: 3, NonImmediateOops: No
[2,580s][debug][gc,nmethod     ] Register NMethod: com.sun.org.apache.xerces.internal.util.XMLStringBuffer.clear (0x00007ab28802a808) [0x00007ab28802a900, 0x00007ab28802aa10] Compiler: c1, Barriers: 0, Oops: 0, ImmediateOops: 0, NonImmediateOops: No
[2,581s][debug][gc,nmethod     ] Register NMethod: io.sirix.node.xml.TextNode.<init> (0x00007ab2a6d91b08) [0x00007ab2a6d91c20, 0x00007ab2a6d91f70] Compiler: jvmci, Barriers: 14, Oops: 1, ImmediateOops: 0, NonImmediateOops: No
[2,582s][debug][gc,nmethod     ] Register NMethod: com.sun.org.apache.xerces.internal.util.NamespaceSupport.<init> (0x00007ab2a6d91f88) [0x00007ab2a6d92080, 0x00007ab2a6d92630] Compiler: jvmci, Barriers: 11, Oops: 0, ImmediateOops: 0, NonImmediateOops: No
[2,585s][debug][gc,director    ] Rule Major: Warmup 10%, Used: 412MB, UsedThreshold: 1228MB
[2,586s][debug][gc,nmethod     ] Register NMethod: com.sun.org.apache.xerces.internal.impl.XMLDocumentFragmentScannerImpl$FragmentContentDriver.next (0x00007ab28802ab08) [0x00007ab28802ac00, 0x00007ab288038a10] Compiler: c1, Barriers: 140, Oops: 1, ImmediateOops: 14, NonImmediateOops: No
[2,587s][debug][gc,nmethod     ] Register NMethod: io.sirix.index.path.summary.PathSummaryWriter.movePathSummary (0x00007ab2a6d92688) [0x00007ab2a6d92780, 0x00007ab2a6d93f58] Compiler: jvmci, Barriers: 40, Oops: 2, ImmediateOops: 4, NonImmediateOops: No
[2,587s][debug][gc,nmethod     ] Register NMethod: com.sun.org.apache.xerces.internal.util.XMLStringBuffer.clear (0x00007ab2a6d93f88) [0x00007ab2a6d94080, 0x00007ab2a6d94110] Compiler: jvmci, Barriers: 0, Oops: 0, ImmediateOops: 0, NonImmediateOops: No
[2,587s][debug][gc,nmethod     ] Register NMethod: com.sun.org.apache.xerces.internal.impl.XMLEntityScanner.scanQName (0x00007ab288038a88) [0x00007ab288038b80, 0x00007ab28803af60] Compiler: c1, Barriers: 55, Oops: 2, ImmediateOops: 10, NonImmediateOops: No
[2,589s][debug][gc,nmethod     ] Register NMethod: java.io.FileInputStream.read (0x00007ab28803af88) [0x00007ab28803b080, 0x00007ab28803b2d8] Compiler: c1, Barriers: 0, Oops: 0, ImmediateOops: 1, NonImmediateOops: No
[2,589s][debug][gc,nmethod     ] Register NMethod: io.sirix.access.trx.node.AbstractNodeReadOnlyTrx.hasNode (0x00007ab2a6d94288) [0x00007ab2a6d94380, 0x00007ab2a6d95088] Compiler: jvmci, Barriers: 21, Oops: 2, ImmediateOops: 1, NonImmediateOops: No
[2,595s][debug][gc,director    ] Rule Major: Warmup 10%, Used: 414MB, UsedThreshold: 1228MB
[2,605s][debug][gc,director    ] Rule Major: Warmup 10%, Used: 416MB, UsedThreshold: 1228MB
[2,606s][debug][gc,nmethod     ] Register NMethod: com.sun.org.apache.xerces.internal.impl.XMLNSDocumentScannerImpl.scanStartElement (0x00007ab2a6d95108) [0x00007ab2a6d95200, 0x00007ab2a6d974a0] Compiler: jvmci, Barriers: 81, Oops: 1, ImmediateOops: 6, NonImmediateOops: No
[2,608s][debug][gc,nmethod     ] Register NMethod: com.sun.org.apache.xerces.internal.impl.XMLDocumentFragmentScannerImpl.scanEndElement (0x00007ab2a6d97508) [0x00007ab2a6d97600, 0x00007ab2a6d98a78] Compiler: jvmci, Barriers: 21, Oops: 1, ImmediateOops: 1, NonImmediateOops: No
[2,609s][debug][gc,nmethod     ] Register NMethod: io.sirix.node.xml.ElementNode.<init> (0x00007ab2a6d98a88) [0x00007ab2a6d98b80, 0x00007ab2a6d99000] Compiler: jvmci, Barriers: 19, Oops: 1, ImmediateOops: 1, NonImmediateOops: No
[2,611s][debug][gc,nmethod     ] Register NMethod: java.util.HashMap.values (0x00007ab2a6d99088) [0x00007ab2a6d99180, 0x00007ab2a6d99370] Compiler: jvmci, Barriers: 6, Oops: 0, ImmediateOops: 0, NonImmediateOops: No
[2,614s][debug][gc,nmethod     ] Register NMethod: com.sun.org.apache.xerces.internal.impl.XMLEntityScanner.normalizeNewlines (0x00007ab2a6d99388) [0x00007ab2a6d99480, 0x00007ab2a6d99838] Compiler: jvmci, Barriers: 2, Oops: 0, ImmediateOops: 0, NonImmediateOops: No
[2,615s][debug][gc,director    ] Rule Major: Warmup 10%, Used: 418MB, UsedThreshold: 1228MB
[2,617s][debug][gc,nmethod     ] Register NMethod: io.sirix.access.trx.node.xml.XmlNodeFactoryImpl.createTextNode (0x00007ab2a6d99888) [0x00007ab2a6d99980, 0x00007ab2a6d9c728] Compiler: jvmci, Barriers: 117, Oops: 12, ImmediateOops: 10, NonImmediateOops: No
[2,618s][debug][gc,nmethod     ] Register NMethod: io.sirix.index.path.summary.PathSummaryWriter.getPathNodeKey (0x00007ab2a6d9c808) [0x00007ab2a6d9c900, 0x00007ab2a6d9e690] Compiler: jvmci, Barriers: 63, Oops: 10, ImmediateOops: 8, NonImmediateOops: No
[2,619s][debug][gc,nmethod     ] Register NMethod: java.util.HashMap$Values.iterator (0x00007ab2a6d9e708) [0x00007ab2a6d9e800, 0x00007ab2a6d9ec70] Compiler: jvmci, Barriers: 10, Oops: 1, ImmediateOops: 0, NonImmediateOops: No
[2,619s][debug][gc,nmethod     ] Register NMethod: com.sun.xml.internal.stream.events.XMLEventAllocatorImpl.fillAttributes (0x00007ab2a6d9ec88) [0x00007ab2a6d9ed80, 0x00007ab2a6da0f78] Compiler: jvmci, Barriers: 103, Oops: 5, ImmediateOops: 3, NonImmediateOops: No
[2,620s][debug][gc,nmethod     ] Register NMethod: jdk.internal.foreign.NativeMemorySegmentImpl.makeByteBuffer (0x00007ab2a6da1008) [0x00007ab2a6da1100, 0x00007ab2a6da1298] Compiler: jvmci, Barriers: 2, Oops: 0, ImmediateOops: 0, NonImmediateOops: No
[2,620s][debug][gc,nmethod     ] Register NMethod: com.sun.org.apache.xerces.internal.impl.XMLNSDocumentScannerImpl.next (0x00007ab2a6da1308) [0x00007ab2a6da1400, 0x00007ab2a6da1660] Compiler: jvmci, Barriers: 3, Oops: 0, ImmediateOops: 0, NonImmediateOops: No
[2,621s][debug][gc,nmethod     ] Register NMethod: java.nio.DirectByteBuffer.<init> (0x00007ab2a6da1688) [0x00007ab2a6da1780, 0x00007ab2a6da1a60] Compiler: jvmci, Barriers: 12, Oops: 0, ImmediateOops: 0, NonImmediateOops: No
[2,621s][debug][gc,nmethod     ] Register NMethod: java.nio.Buffer$2.newDirectByteBuffer (0x00007ab2a6da1a88) [0x00007ab2a6da1b80, 0x00007ab2a6da1d20] Compiler: jvmci, Barriers: 4, Oops: 0, ImmediateOops: 0, NonImmediateOops: No
[2,625s][debug][gc,director    ] Rule Major: Warmup 10%, Used: 422MB, UsedThreshold: 1228MB
[2,625s][debug][gc,nmethod     ] Register NMethod: net.openhft.hashing.LongHashFunction.hashBytes (0x00007ab2a6da1d88) [0x00007ab2a6da1e80, 0x00007ab2a6da1fa8] Compiler: jvmci, Barriers: 0, Oops: 1, ImmediateOops: 2, NonImmediateOops: No
[2,626s][debug][gc,nmethod     ] Register NMethod: net.openhft.hashing.LongHashFunction.hashByteBuffer (0x00007ab2a6da2088) [0x00007ab2a6da2180, 0x00007ab2a6da2438] Compiler: jvmci, Barriers: 4, Oops: 1, ImmediateOops: 2, NonImmediateOops: No
[2,628s][debug][gc,nmethod     ] Register NMethod: java.nio.DirectByteBuffer.address (0x00007ab2a6da2488) [0x00007ab2a6da2580, 0x00007ab2a6da2748] Compiler: jvmci, Barriers: 3, Oops: 0, ImmediateOops: 0, NonImmediateOops: No
[2,629s][debug][gc,nmethod     ] Register NMethod: com.sun.xml.internal.stream.events.DummyEvent.asStartElement (0x00007ab2a6da2788) [0x00007ab2a6da2880, 0x00007ab2a6da2940] Compiler: jvmci, Barriers: 0, Oops: 0, ImmediateOops: 0, NonImmediateOops: No
[2,630s][debug][gc,nmethod     ] Register NMethod: io.sirix.service.xml.shredder.XmlShredder.addNewElement (0x00007ab2a6da2a88) [0x00007ab2a6da2b80, 0x00007ab2a6da3aa8] Compiler: jvmci, Barriers: 41, Oops: 3, ImmediateOops: 1, NonImmediateOops: No
[2,635s][debug][gc,director    ] Rule Major: Warmup 10%, Used: 424MB, UsedThreshold: 1228MB
[2,636s][debug][gc,nmethod     ] Register NMethod: com.sun.org.apache.xerces.internal.impl.XMLDocumentFragmentScannerImpl$FragmentContentDriver.next (0x00007ab2a6da3b08) [0x00007ab2a6da3c00, 0x00007ab2a6da5898] Compiler: jvmci, Barriers: 43, Oops: 1, ImmediateOops: 1, NonImmediateOops: No
[2,636s][debug][gc,nmethod     ] Register NMethod: com.sun.xml.internal.stream.events.DummyEvent.asEndElement (0x00007ab2a6da5908) [0x00007ab2a6da5a00, 0x00007ab2a6da5ac0] Compiler: jvmci, Barriers: 0, Oops: 0, ImmediateOops: 0, NonImmediateOops: No
[2,636s][debug][gc,nmethod     ] Register NMethod: com.sun.org.apache.xerces.internal.impl.XMLEntityScanner.skipSpaces (0x00007ab28803b308) [0x00007ab28803b400, 0x00007ab28803c690] Compiler: c1, Barriers: 16, Oops: 0, ImmediateOops: 2, NonImmediateOops: No
[2,637s][debug][gc,nmethod     ] Register NMethod: com.sun.xml.internal.stream.events.StartElementEvent.getAttributes (0x00007ab2a6da5c08) [0x00007ab2a6da5d00, 0x00007ab2a6da6250] Compiler: jvmci, Barriers: 16, Oops: 2, ImmediateOops: 0, NonImmediateOops: No
[2,644s][debug][gc,nmethod     ] Register NMethod: io.sirix.node.xml.AbstractStructForwardingNode.getFirstChildKey (0x00007ab2a6da6288) [0x00007ab2a6da6380, 0x00007ab2a6da6520] Compiler: jvmci, Barriers: 2, Oops: 1, ImmediateOops: 0, NonImmediateOops: No
[2,645s][debug][gc,nmethod     ] Register NMethod: com.sun.org.apache.xerces.internal.impl.XMLDocumentFragmentScannerImpl$ElementStack.popElement (0x00007ab2a6da6588) [0x00007ab2a6da6680, 0x00007ab2a6da6860] Compiler: jvmci, Barriers: 3, Oops: 0, ImmediateOops: 0, NonImmediateOops: No
[2,646s][debug][gc,director    ] Rule Major: Warmup 10%, Used: 426MB, UsedThreshold: 1228MB
[2,646s][debug][gc,nmethod     ] Register NMethod: io.sirix.service.xml.shredder.AbstractShredder.processEndTag (0x00007ab2a6da6888) [0x00007ab2a6da6980, 0x00007ab2a6da7570] Compiler: jvmci, Barriers: 19, Oops: 2, ImmediateOops: 1, NonImmediateOops: No
[2,647s][debug][gc,nmethod     ] Register NMethod: com.sun.org.apache.xerces.internal.impl.XMLDocumentFragmentScannerImpl$ElementStack.nextElement (0x00007ab2a6da7588) [0x00007ab2a6da7680, 0x00007ab2a6da7858] Compiler: jvmci, Barriers: 3, Oops: 0, ImmediateOops: 0, NonImmediateOops: No
[2,648s][debug][gc,nmethod     ] Register NMethod: io.sirix.access.trx.node.AbstractDeweyIDManager.newFirstChildID (0x00007ab2a6da7888) [0x00007ab2a6da7980, 0x00007ab2a6da7c10] Compiler: jvmci, Barriers: 4, Oops: 1, ImmediateOops: 0, NonImmediateOops: No
[2,648s][debug][gc,nmethod     ] Register NMethod: com.sun.org.apache.xerces.internal.impl.XMLDocumentFragmentScannerImpl.checkDepth (0x00007ab2a6da7c88) [0x00007ab2a6da7d80, 0x00007ab2a6da8098] Compiler: jvmci, Barriers: 6, Oops: 0, ImmediateOops: 0, NonImmediateOops: No
[2,651s][debug][gc,nmethod     ] Register NMethod: com.sun.org.apache.xerces.internal.impl.XMLEntityScanner.checkLimit (0x00007ab2a6da8108) [0x00007ab2a6da8200, 0x00007ab2a6da8618] Compiler: jvmci, Barriers: 5, Oops: 0, ImmediateOops: 0, NonImmediateOops: No
[2,656s][debug][gc,director    ] Rule Major: Warmup 10%, Used: 428MB, UsedThreshold: 1228MB
[2,659s][debug][gc,nmethod     ] Register NMethod: com.sun.org.apache.xerces.internal.impl.XMLDocumentFragmentScannerImpl.scanEndElement (0x00007ab28803c708) [0x00007ab28803c800, 0x00007ab28803df28] Compiler: c1, Barriers: 17, Oops: 3, ImmediateOops: 4, NonImmediateOops: No
[2,661s][debug][gc,nmethod     ] Register NMethod: io.sirix.index.name.Names.getName (0x00007ab28803df88) [0x00007ab28803e080, 0x00007ab28803e538] Compiler: c1, Barriers: 1, Oops: 1, ImmediateOops: 1, NonImmediateOops: No
[2,661s][debug][gc,nmethod     ] Register NMethod: io.sirix.page.NamePage.getName (0x00007ab28803e588) [0x00007ab28803e680, 0x00007ab28803fcd0] Compiler: c1, Barriers: 25, Oops: 1, ImmediateOops: 4, NonImmediateOops: No
[2,664s][debug][gc,nmethod     ] Register NMethod: io.sirix.access.trx.node.xml.XmlNodeFactoryImpl.createElementNode (0x00007ab2a6da8688) [0x00007ab2a6da8780, 0x00007ab2a6dad2f0] Compiler: jvmci, Barriers: 121, Oops: 2, ImmediateOops: 4, NonImmediateOops: No
[2,665s][debug][gc,nmethod     ] Register NMethod: io.sirix.node.xml.ElementNode.computeHash (0x00007ab2a6dad308) [0x00007ab2a6dad400, 0x00007ab2a6db1ee8] Compiler: jvmci, Barriers: 127, Oops: 1, ImmediateOops: 2, NonImmediateOops: No
[2,665s][debug][gc,nmethod     ] Register NMethod: com.sun.org.apache.xerces.internal.impl.XMLEntityScanner.scanLiteral (0x00007ab2a6db1f08) [0x00007ab2a6db2000, 0x00007ab2a6db2e38] Compiler: jvmci, Barriers: 10, Oops: 0, ImmediateOops: 1, NonImmediateOops: No
[2,666s][debug][gc,nmethod     ] Register NMethod: io.sirix.access.trx.page.NodeStorageEngineWriter$$Lambda/0x000000006c23c270.<init> (0x00007ab2a6db2e88) [0x00007ab2a6db2f80, 0x00007ab2a6db30e0] Compiler: jvmci, Barriers: 6, Oops: 1, ImmediateOops: 0, NonImmediateOops: No
[2,666s][debug][gc,director    ] Rule Major: Warmup 10%, Used: 432MB, UsedThreshold: 1228MB
[2,676s][debug][gc,director    ] Rule Major: Warmup 10%, Used: 434MB, UsedThreshold: 1228MB
[2,678s][debug][gc,nmethod     ] Register NMethod: io.sirix.node.delegates.StructNodeDelegate.<init> (0x00007ab28803fd08) [0x00007ab28803fe00, 0x00007ab2880403a0] Compiler: c1, Barriers: 3, Oops: 1, ImmediateOops: 2, NonImmediateOops: No
[2,679s][debug][gc,nmethod     ] Register NMethod: io.sirix.service.xml.shredder.AbstractShredder.processStartTag (0x00007ab2a6db3188) [0x00007ab2a6db3400, 0x00007ab2a6db7800] Compiler: jvmci, Barriers: 84, Oops: 1, ImmediateOops: 5, NonImmediateOops: No
[2,679s][debug][gc,nmethod     ] Register NMethod: com.sun.org.apache.xerces.internal.impl.XMLEntityScanner.scanQName (0x00007ab2a6db7888) [0x00007ab2a6db7980, 0x00007ab2a6db8d38] Compiler: jvmci, Barriers: 30, Oops: 1, ImmediateOops: 3, NonImmediateOops: No
[2,682s][debug][gc,nmethod     ] Register NMethod: io.sirix.index.path.summary.PathSummaryReader.getFirstChildKey (0x00007ab2a6db8d88) [0x00007ab2a6db8e80, 0x00007ab2a6db9000] Compiler: jvmci, Barriers: 2, Oops: 1, ImmediateOops: 0, NonImmediateOops: No
[2,683s][debug][gc,nmethod     ] Register NMethod: io.sirix.node.xml.TextNode.computeHash (0x00007ab2a6db9088) [0x00007ab2a6db9180, 0x00007ab2a6dbb0f8] Compiler: jvmci, Barriers: 54, Oops: 1, ImmediateOops: 0, NonImmediateOops: No
[2,685s][debug][gc,nmethod     ] Register NMethod: java.lang.ref.Cleaner.register (0x00007ab2a6dbb108) [0x00007ab2a6dbb200, 0x00007ab2a6dbbe00] Compiler: jvmci, Barriers: 40, Oops: 0, ImmediateOops: 2, NonImmediateOops: No
[2,685s][debug][gc,nmethod     ] Register NMethod: io.sirix.node.delegates.StructNodeDelegate.setLeftSiblingKey (0x00007ab2a6dbbe08) [0x00007ab2a6dbbf00, 0x00007ab2a6dbbfc0] Compiler: c1, Barriers: 0, Oops: 1, ImmediateOops: 0, NonImmediateOops: No
[2,685s][debug][gc,nmethod     ] Register NMethod: io.sirix.index.path.summary.PathSummaryReader.hasFirstChild (0x00007ab2a6dbc108) [0x00007ab2a6dbc200, 0x00007ab2a6dbc390] Compiler: jvmci, Barriers: 2, Oops: 1, ImmediateOops: 0, NonImmediateOops: No
[2,686s][debug][gc,nmethod     ] Register NMethod: io.sirix.page.PathSummaryPage.getMaxNodeKey (0x00007ab288040408) [0x00007ab288040500, 0x00007ab2880406b8] Compiler: c1, Barriers: 1, Oops: 1, ImmediateOops: 0, NonImmediateOops: No
[2,686s][debug][gc,director    ] Rule Major: Warmup 10%, Used: 436MB, UsedThreshold: 1228MB
[2,686s][debug][gc,nmethod     ] Register NMethod: io.sirix.node.delegates.NameNodeDelegate.<init> (0x00007ab288040708) [0x00007ab288040800, 0x00007ab288040bb0] Compiler: c1, Barriers: 3, Oops: 1, ImmediateOops: 1, NonImmediateOops: No
[2,686s][debug][gc,nmethod     ] Register NMethod: io.sirix.node.delegates.NodeDelegate.<init> (0x00007ab288040c08) [0x00007ab288040d00, 0x00007ab288041258] Compiler: c1, Barriers: 6, Oops: 1, ImmediateOops: 1, NonImmediateOops: No
[2,686s][debug][gc,nmethod     ] Register NMethod: io.sirix.index.path.summary.PathNode.hashCode (0x00007ab288041288) [0x00007ab288041380, 0x00007ab288041bc0] Compiler: c1, Barriers: 8, Oops: 1, ImmediateOops: 0, NonImmediateOops: No
[2,686s][debug][gc,nmethod     ] Register NMethod: io.sirix.node.delegates.NodeDelegate.hashCode (0x00007ab288041c08) [0x00007ab288041d00, 0x00007ab288042a68] Compiler: c1, Barriers: 10, Oops: 1, ImmediateOops: 1, NonImmediateOops: No
[2,686s][debug][gc,nmethod     ] Register NMethod: jdk.internal.ref.PhantomCleanable.<init> (0x00007ab2a6dbc408) [0x00007ab2a6dbc500, 0x00007ab2a6dbcfc8] Compiler: jvmci, Barriers: 37, Oops: 0, ImmediateOops: 2, NonImmediateOops: No
[2,687s][debug][gc,nmethod     ] Register NMethod: io.sirix.index.path.summary.PathNode.<init> (0x00007ab288042a88) [0x00007ab288042b80, 0x00007ab2880437c8] Compiler: c1, Barriers: 15, Oops: 2, ImmediateOops: 2, NonImmediateOops: No
[2,687s][debug][gc,nmethod     ] Register NMethod: io.sirix.node.delegates.NameNodeDelegate.hashCode (0x00007ab288043808) [0x00007ab288043900, 0x00007ab288044ad8] Compiler: c1, Barriers: 12, Oops: 1, ImmediateOops: 3, NonImmediateOops: No
[2,687s][debug][gc,nmethod     ] Register NMethod: io.sirix.index.path.summary.PathSummaryReader.getName (0x00007ab288044b08) [0x00007ab288044c00, 0x00007ab288047bb8] Compiler: c1, Barriers: 12, Oops: 1, ImmediateOops: 5, NonImmediateOops: No
[2,687s][debug][gc,alloc       ] Mutator Allocation Rate: 301,6MB/s Predicted: 372,4MB/s, Avg: 293,9(+/-63,6)MB/s
[2,688s][debug][gc,director    ] Rule Major: Warmup 10%, Used: 438MB, UsedThreshold: 1228MB
[2,691s][debug][gc,nmethod     ] Register NMethod: io.sirix.access.trx.page.AbstractForwardingStorageEngineReader.getPathSummaryPage (0x00007ab288047c08) [0x00007ab288047d00, 0x00007ab288048da8] Compiler: c1, Barriers: 5, Oops: 1, ImmediateOops: 1, NonImmediateOops: No
[2,692s][debug][gc,nmethod     ] Register NMethod: io.sirix.node.MemorySegmentBytesOut.<init> (0x00007ab2a6dbd008) [0x00007ab2a6dbd100, 0x00007ab2a6dbe840] Compiler: jvmci, Barriers: 65, Oops: 6, ImmediateOops: 9, NonImmediateOops: No
[2,694s][debug][gc,nmethod     ] Register NMethod: jdk.internal.foreign.AbstractMemorySegmentImpl.asByteBuffer (0x00007ab2a6dbe888) [0x00007ab2a6dbe980, 0x00007ab2a6dbeb60] Compiler: jvmci, Barriers: 2, Oops: 0, ImmediateOops: 0, NonImmediateOops: No
[2,694s][debug][gc,nmethod     ] Register NMethod: net.openhft.hashing.XXH3.XXH3_mix2Accs (0x00007ab2a6dbeb88) [0x00007ab2a6dbec80, 0x00007ab2a6dbed20] Compiler: jvmci, Barriers: 0, Oops: 1, ImmediateOops: 0, NonImmediateOops: No
[2,695s][debug][gc,nmethod     ] Register NMethod: io.sirix.access.trx.node.xml.XmlNodeTrxImpl.insertTextAsFirstChild (0x00007ab2a6dbee88) [0x00007ab2a6dbef80, 0x00007ab2a6dc16f0] Compiler: jvmci, Barriers: 71, Oops: 1, ImmediateOops: 3, NonImmediateOops: No
[2,696s][debug][gc,nmethod     ] Register NMethod: com.sun.org.apache.xerces.internal.impl.XMLEntityScanner.skipSpaces (0x00007ab2a6dc1708) [0x00007ab2a6dc1800, 0x00007ab2a6dc1d68] Compiler: jvmci, Barriers: 4, Oops: 0, ImmediateOops: 2, NonImmediateOops: No
[2,698s][debug][gc,director    ] Rule Major: Warmup 10%, Used: 440MB, UsedThreshold: 1228MB
[2,707s][debug][gc,nmethod     ] Register NMethod: io.sirix.access.trx.node.AbstractNodeHashing.rollingAdd (0x00007ab2a6dc1d88) [0x00007ab2a6dc2160, 0x00007ab2a6dd8398] Compiler: jvmci, Barriers: 627, Oops: 11, ImmediateOops: 7, NonImmediateOops: No
[2,708s][debug][gc,director    ] Rule Major: Warmup 10%, Used: 444MB, UsedThreshold: 1228MB
[2,711s][debug][gc,nmethod     ] Register NMethod: io.sirix.node.delegates.StructNodeDelegate.incrementChildCount (0x00007ab288048e08) [0x00007ab288048f00, 0x00007ab288049010] Compiler: c1, Barriers: 0, Oops: 1, ImmediateOops: 0, NonImmediateOops: No
[2,711s][debug][gc,nmethod     ] Register NMethod: io.sirix.node.xml.AbstractStructForwardingNode.incrementChildCount (0x00007ab288049108) [0x00007ab288049200, 0x00007ab288049550] Compiler: c1, Barriers: 0, Oops: 1, ImmediateOops: 0, NonImmediateOops: No
[2,711s][debug][gc,nmethod     ] Register NMethod: io.sirix.node.xml.AbstractStructForwardingNode.setFirstChildKey (0x00007ab288049588) [0x00007ab288049680, 0x00007ab2880499c0] Compiler: c1, Barriers: 0, Oops: 1, ImmediateOops: 0, NonImmediateOops: No
[2,714s][debug][gc,nmethod     ] Register NMethod: io.sirix.node.NullNode.<init> (0x00007ab288049a08) [0x00007ab288049b00, 0x00007ab28804a038] Compiler: c1, Barriers: 3, Oops: 1, ImmediateOops: 0, NonImmediateOops: No
[2,715s][debug][gc,nmethod     ] Register NMethod: io.sirix.service.xml.shredder.XmlShredder.insertNewContent (0x00007ab28804a088) [0x00007ab28804a180, 0x00007ab288051a00] Compiler: c1, Barriers: 24, Oops: 1, ImmediateOops: 1, NonImmediateOops: No
[2,717s][debug][gc,nmethod     ] Register NMethod: io.sirix.service.xml.shredder.XmlShredder.insertNewContent (0x00007ab288051a88) [0x00007ab288051b80, 0x00007ab2880591b8] Compiler: c1, Barriers: 24, Oops: 1, ImmediateOops: 1, NonImmediateOops: No
[2,718s][debug][gc,director    ] Rule Major: Warmup 10%, Used: 454MB, UsedThreshold: 1228MB
[2,722s][debug][gc,nmethod     ] Register NMethod: io.sirix.page.KeyValueLeafPage.<init> (0x00007ab288059208) [0x00007ab288059300, 0x00007ab28805a410] Compiler: c1, Barriers: 41, Oops: 1, ImmediateOops: 3, NonImmediateOops: No
[2,723s][debug][gc,nmethod     ] Register NMethod: com.sun.org.apache.xerces.internal.impl.XMLDocumentFragmentScannerImpl.refresh (0x00007ab28805a488) [0x00007ab28805a580, 0x00007ab28805b1c0] Compiler: c1, Barriers: 5, Oops: 0, ImmediateOops: 0, NonImmediateOops: No
[2,723s][debug][gc,nmethod     ] Register NMethod: com.sun.org.apache.xerces.internal.impl.XMLDocumentScannerImpl.refresh (0x00007ab28805b208) [0x00007ab28805b300, 0x00007ab28805c558] Compiler: c1, Barriers: 9, Oops: 0, ImmediateOops: 0, NonImmediateOops: No
[2,728s][debug][gc,nmethod     ] Register NMethod: com.sun.org.apache.xerces.internal.impl.XMLEntityScanner.invokeListeners (0x00007ab28805c588) [0x00007ab28805c680, 0x00007ab28805ceb0] Compiler: c1, Barriers: 3, Oops: 0, ImmediateOops: 0, NonImmediateOops: No
[2,728s][debug][gc,director    ] Rule Major: Warmup 10%, Used: 466MB, UsedThreshold: 1228MB
[2,733s][debug][gc,nmethod     ] Register NMethod: com.sun.org.apache.xerces.internal.impl.XMLEntityScanner.load (0x00007ab28805cf08) [0x00007ab28805d000, 0x00007ab28805d958] Compiler: c1, Barriers: 7, Oops: 0, ImmediateOops: 1, NonImmediateOops: No
[2,737s][debug][gc,nmethod     ] Register NMethod: com.sun.org.apache.xerces.internal.xni.XMLString.append (0x00007ab2a6dd8408) [0x00007ab2a6dd8500, 0x00007ab2a6dd8860] Compiler: jvmci, Barriers: 1, Oops: 0, ImmediateOops: 0, NonImmediateOops: No
[2,737s][debug][gc,nmethod     ] Register NMethod: com.sun.org.apache.xerces.internal.impl.XMLEntityScanner.skipSpaces (0x00007ab28805d988) [0x00007ab28805da80, 0x00007ab28805ed10] Compiler: c1, Barriers: 16, Oops: 0, ImmediateOops: 2, NonImmediateOops: No
[2,738s][debug][gc,director    ] Rule Major: Warmup 10%, Used: 478MB, UsedThreshold: 1228MB
[2,743s][debug][gc,nmethod     ] Register NMethod: com.sun.org.apache.xerces.internal.impl.XMLDocumentFragmentScannerImpl.scanEndElement (0x00007ab2a6dd8888) [0x00007ab2a6dd8980, 0x00007ab2a6dd9fb0] Compiler: jvmci, Barriers: 27, Oops: 1, ImmediateOops: 1, NonImmediateOops: No
[2,745s][debug][gc,nmethod     ] Register NMethod: com.sun.xml.internal.stream.events.XMLEventAllocatorImpl.fillAttributes (0x00007ab28805ed88) [0x00007ab28805ee80, 0x00007ab28805f978] Compiler: c1, Barriers: 16, Oops: 0, ImmediateOops: 2, NonImmediateOops: No
[2,746s][debug][gc,nmethod     ] Register NMethod: com.sun.org.apache.xerces.internal.impl.XMLDocumentFragmentScannerImpl.seekCloseOfStartTag (0x00007ab28805f988) [0x00007ab28805fa80, 0x00007ab288061000] Compiler: c1, Barriers: 15, Oops: 1, ImmediateOops: 4, NonImmediateOops: No
[2,748s][debug][gc,director    ] Rule Major: Warmup 10%, Used: 490MB, UsedThreshold: 1228MB
[2,751s][debug][gc,nmethod     ] Register NMethod: com.sun.org.apache.xerces.internal.impl.XMLEntityScanner.skipSpaces (0x00007ab2a6dda008) [0x00007ab2a6dda100, 0x00007ab2a6dda5d8] Compiler: jvmci, Barriers: 6, Oops: 0, ImmediateOops: 1, NonImmediateOops: No
[2,752s][debug][gc,nmethod     ] Register NMethod: io.sirix.access.trx.page.NodeStorageEngineWriter.getName (0x00007ab288061088) [0x00007ab288061180, 0x00007ab2880634e8] Compiler: c1, Barriers: 11, Oops: 1, ImmediateOops: 3, NonImmediateOops: No
[2,756s][debug][gc,nmethod     ] Register NMethod: java.lang.String.<init> (0x00007ab2a6dda608) [0x00007ab2a6dda700, 0x00007ab2a6dda860] Compiler: jvmci, Barriers: 4, Oops: 0, ImmediateOops: 0, NonImmediateOops: No
[2,757s][debug][gc,nmethod     ] Register NMethod: io.sirix.access.trx.node.xml.XmlNodeTrxImpl.insertElementAsFirstChild (0x00007ab2a6dda908) [0x00007ab2a6ddaa00, 0x00007ab2a6ddbda8] Compiler: jvmci, Barriers: 37, Oops: 1, ImmediateOops: 4, NonImmediateOops: No
[2,758s][debug][gc,director    ] Rule Major: Warmup 10%, Used: 502MB, UsedThreshold: 1228MB
[2,759s][debug][gc,nmethod     ] Register NMethod: com.sun.org.apache.xerces.internal.util.XMLChar.isValid (0x00007ab2a6ddbe08) [0x00007ab2a6ddbf00, 0x00007ab2a6ddbfd0] Compiler: jvmci, Barriers: 0, Oops: 0, ImmediateOops: 1, NonImmediateOops: No
[2,759s][debug][gc,nmethod     ] Register NMethod: io.sirix.access.trx.node.AbstractNodeHashing.adaptHashesWithAdd (0x00007ab2a6ddc108) [0x00007ab2a6ddc540, 0x00007ab2a6def6f0] Compiler: jvmci, Barriers: 529, Oops: 8, ImmediateOops: 7, NonImmediateOops: No
[2,759s][debug][gc,nmethod     ] Register NMethod: io.sirix.access.trx.node.xml.XmlNodeReadOnlyTrxImpl.isElement (0x00007ab2a6def788) [0x00007ab2a6def880, 0x00007ab2a6def9c8] Compiler: jvmci, Barriers: 1, Oops: 1, ImmediateOops: 0, NonImmediateOops: No
[2,759s][debug][gc,nmethod     ] Register NMethod: io.sirix.page.PageReference.setLogKey (0x00007ab288063508) [0x00007ab288063600, 0x00007ab288063710] Compiler: c1, Barriers: 0, Oops: 1, ImmediateOops: 0, NonImmediateOops: No
[2,764s][debug][gc,nmethod     ] Register NMethod: io.sirix.index.path.summary.PathSummaryReader$$Lambda/0x000000006c25ced8.<init> (0x00007ab288063808) [0x00007ab288063900, 0x00007ab288063ad0] Compiler: c1, Barriers: 3, Oops: 1, ImmediateOops: 0, NonImmediateOops: No
[2,764s][debug][gc,nmethod     ] Register NMethod: io.sirix.index.path.summary.PathSummaryReader.removeFromCache (0x00007ab288063b08) [0x00007ab288063c00, 0x00007ab288064610] Compiler: c1, Barriers: 4, Oops: 2, ImmediateOops: 2, NonImmediateOops: No
[2,764s][debug][gc,nmethod     ] Register NMethod: io.sirix.node.xml.AbstractStructForwardingNode.hasLeftSibling (0x00007ab288064688) [0x00007ab288064780, 0x00007ab288064d48] Compiler: c1, Barriers: 0, Oops: 1, ImmediateOops: 1, NonImmediateOops: No
[2,764s][debug][gc,nmethod     ] Register NMethod: java.util.Collection.removeIf (0x00007ab288064d88) [0x00007ab288064e80, 0x00007ab288065c28] Compiler: c1, Barriers: 0, Oops: 0, ImmediateOops: 0, NonImmediateOops: No
[2,764s][debug][gc,nmethod     ] Register NMethod: io.sirix.node.delegates.StructNodeDelegate.hasLeftSibling (0x00007ab288065c88) [0x00007ab288065d80, 0x00007ab2880660c8] Compiler: c1, Barriers: 0, Oops: 1, ImmediateOops: 1, NonImmediateOops: No
[2,765s][debug][gc,nmethod     ] Register NMethod: io.sirix.index.path.summary.PathSummaryReader.putQNameMapping (0x00007ab288066108) [0x00007ab288066200, 0x00007ab288066e90] Compiler: c1, Barriers: 2, Oops: 2, ImmediateOops: 1, NonImmediateOops: No
[2,765s][debug][gc,nmethod     ] Register NMethod: io.sirix.index.path.summary.PathSummaryWriter.adaptForInsert (0x00007ab288066f08) [0x00007ab288067000, 0x00007ab28806a4e0] Compiler: c1, Barriers: 6, Oops: 1, ImmediateOops: 3, NonImmediateOops: No
[2,765s][debug][gc,nmethod     ] Register NMethod: io.sirix.access.trx.node.xml.XmlNodeFactoryImpl.createPathNode (0x00007ab28806a508) [0x00007ab28806a600, 0x00007ab28806d778] Compiler: c1, Barriers: 16, Oops: 1, ImmediateOops: 4, NonImmediateOops: No
[2,766s][debug][gc,nmethod     ] Register NMethod: io.sirix.page.PathSummaryPage.incrementAndGetMaxNodeKey (0x00007ab28806d788) [0x00007ab28806d880, 0x00007ab28806daf8] Compiler: c1, Barriers: 2, Oops: 1, ImmediateOops: 0, NonImmediateOops: No
[2,766s][debug][gc,nmethod     ] Register NMethod: io.sirix.utils.NamePageHash.generateHashForString (0x00007ab2a6defa88) [0x00007ab2a6defb80, 0x00007ab2a6defd28] Compiler: jvmci, Barriers: 1, Oops: 1, ImmediateOops: 0, NonImmediateOops: No
[2,767s][debug][gc,nmethod     ] Register NMethod: com.sun.org.apache.xerces.internal.util.AugmentationsImpl$SmallContainer.clear (0x00007ab2a6defd88) [0x00007ab2a6defe80, 0x00007ab2a6deff48] Compiler: jvmci, Barriers: 0, Oops: 0, ImmediateOops: 0, NonImmediateOops: No
[2,768s][debug][gc,director    ] Rule Major: Warmup 10%, Used: 512MB, UsedThreshold: 1228MB
[2,769s][debug][gc,nmethod     ] Register NMethod: java.util.HashMap.resize (0x00007ab2a6df0088) [0x00007ab2a6df01a0, 0x00007ab2a6df0bf8] Compiler: jvmci, Barriers: 28, Oops: 0, ImmediateOops: 0, NonImmediateOops: No
[2,771s][debug][gc,nmethod     ] Register NMethod: java.util.HashMap.putVal (0x00007ab2a6df0c08) [0x00007ab2a6df0d00, 0x00007ab2a6df1a10] Compiler: jvmci, Barriers: 32, Oops: 0, ImmediateOops: 0, NonImmediateOops: No
[2,771s][debug][gc,nmethod     ] Register NMethod: io.sirix.index.path.summary.PathSummaryWriter.insertPathAsFirstChild (0x00007ab28806db08) [0x00007ab28806dc00, 0x00007ab288070b30] Compiler: c1, Barriers: 17, Oops: 2, ImmediateOops: 5, NonImmediateOops: No
[2,773s][debug][gc,nmethod     ] Register NMethod: com.sun.org.apache.xerces.internal.impl.XMLNSDocumentScannerImpl.scanAttribute (0x00007ab2a6df1a88) [0x00007ab2a6df1b80, 0x00007ab2a6df3458] Compiler: jvmci, Barriers: 65, Oops: 3, ImmediateOops: 5, NonImmediateOops: No
[2,773s][debug][gc,nmethod     ] Register NMethod: java.util.HashMap.put (0x00007ab2a6df3488) [0x00007ab2a6df35a0, 0x00007ab2a6df5040] Compiler: jvmci, Barriers: 66, Oops: 0, ImmediateOops: 0, NonImmediateOops: No
[2,779s][debug][gc,director    ] Rule Major: Warmup 10%, Used: 522MB, UsedThreshold: 1228MB
[2,779s][debug][gc,nmethod     ] Register NMethod: io.sirix.access.trx.node.xml.XmlNodeReadOnlyTrxImpl.getNameNode (0x00007ab2a6df5088) [0x00007ab2a6df5180, 0x00007ab2a6df52c0] Compiler: jvmci, Barriers: 1, Oops: 1, ImmediateOops: 0, NonImmediateOops: No
[2,784s][debug][gc,nmethod     ] Register NMethod: io.sirix.page.delegates.BitmapReferencesPage.index (0x00007ab288070b88) [0x00007ab288070c80, 0x00007ab2880711a0] Compiler: c1, Barriers: 4, Oops: 1, ImmediateOops: 0, NonImmediateOops: No
[2,784s][debug][gc,nmethod     ] Register NMethod: java.util.BitSet.flip (0x00007ab288071208) [0x00007ab288071300, 0x00007ab288071908] Compiler: c1, Barriers: 2, Oops: 0, ImmediateOops: 0, NonImmediateOops: No
[2,785s][debug][gc,nmethod     ] Register NMethod: java.util.concurrent.ConcurrentHashMap.computeIfPresent (0x00007ab288071988) [0x00007ab288071a80, 0x00007ab288073d40] Compiler: c1, Barriers: 17, Oops: 0, ImmediateOops: 1, NonImmediateOops: No
[2,785s][debug][gc,nmethod     ] Register NMethod: io.sirix.access.trx.node.xml.XmlNodeTrxImpl.insertTextAsRightSibling (0x00007ab2a6df5388) [0x00007ab2a6df5480, 0x00007ab2a6df7930] Compiler: jvmci, Barriers: 70, Oops: 2, ImmediateOops: 3, NonImmediateOops: No
[2,788s][debug][gc,nmethod     ] Register NMethod: java.util.BitSet.and (0x00007ab2a6df7988) [0x00007ab2a6df7a80, 0x00007ab2a6df7d88] Compiler: jvmci, Barriers: 2, Oops: 0, ImmediateOops: 0, NonImmediateOops: No
[2,788s][debug][gc,alloc       ] Mutator Allocation Rate: 340,4MB/s Predicted: 377,2MB/s, Avg: 301,6(+/-60,6)MB/s
[2,788s][debug][gc,director    ] Rule Major: Warmup 10%, Used: 534MB, UsedThreshold: 1228MB
[2,792s][debug][gc,nmethod     ] Register NMethod: com.sun.org.apache.xerces.internal.impl.XMLEntityScanner.scanLiteral (0x00007ab288073d88) [0x00007ab288073e80, 0x00007ab288075088] Compiler: c1, Barriers: 13, Oops: 0, ImmediateOops: 2, NonImmediateOops: No
[2,792s][debug][gc,nmethod     ] Register NMethod: io.sirix.node.xml.AttributeNode.<init> (0x00007ab2a6df7e08) [0x00007ab2a6df7f20, 0x00007ab2a6df81e8] Compiler: jvmci, Barriers: 12, Oops: 1, ImmediateOops: 0, NonImmediateOops: No
[2,793s][debug][gc,nmethod     ] Register NMethod: io.sirix.access.trx.node.xml.XmlDeweyIDManager.newAttributeID (0x00007ab2a6df8208) [0x00007ab2a6df8300, 0x00007ab2a6df8590] Compiler: jvmci, Barriers: 4, Oops: 1, ImmediateOops: 0, NonImmediateOops: No
[2,798s][debug][gc,director    ] Rule Major: Warmup 10%, Used: 544MB, UsedThreshold: 1228MB
[2,802s][debug][gc,nmethod     ] Register NMethod: io.sirix.access.trx.page.AbstractForwardingStorageEngineReader.getResourceSession (0x00007ab2a6df8608) [0x00007ab2a6df8700, 0x00007ab2a6df8838] Compiler: jvmci, Barriers: 2, Oops: 1, ImmediateOops: 0, NonImmediateOops: No
[2,807s][debug][gc,nmethod     ] Register NMethod: com.sun.xml.internal.stream.events.XMLEventAllocatorImpl.fillAttributes (0x00007ab2a6df8908) [0x00007ab2a6df8a00, 0x00007ab2a6dfaad0] Compiler: jvmci, Barriers: 103, Oops: 5, ImmediateOops: 3, NonImmediateOops: No
[2,809s][debug][gc,director    ] Rule Major: Warmup 10%, Used: 556MB, UsedThreshold: 1228MB
[2,810s][debug][gc,nmethod     ] Register NMethod: java.util.BitSet.flip (0x00007ab2a6dfab08) [0x00007ab2a6dfac00, 0x00007ab2a6dfaeb8] Compiler: jvmci, Barriers: 1, Oops: 0, ImmediateOops: 0, NonImmediateOops: No
[2,812s][debug][gc,nmethod     ] Register NMethod: com.sun.org.apache.xerces.internal.impl.XMLEntityScanner.scanContent (0x00007ab288075108) [0x00007ab288075200, 0x00007ab288076178] Compiler: c1, Barriers: 11, Oops: 0, ImmediateOops: 1, NonImmediateOops: No
[2,812s][debug][gc,nmethod     ] Register NMethod: com.sun.org.apache.xerces.internal.impl.XMLScanner.scanAttributeValue (0x00007ab2a6dfaf08) [0x00007ab2a6dfb000, 0x00007ab2a6dfcc58] Compiler: jvmci, Barriers: 33, Oops: 1, ImmediateOops: 1, NonImmediateOops: No
[2,815s][debug][gc,nmethod     ] Register NMethod: io.sirix.access.trx.node.xml.XmlNodeTrxImpl.insertAttribute (0x00007ab2a6dfcc88) [0x00007ab2a6dfcf00, 0x00007ab2a6dffd28] Compiler: jvmci, Barriers: 55, Oops: 2, ImmediateOops: 5, NonImmediateOops: No
[2,816s][debug][gc,nmethod     ] Register NMethod: io.sirix.page.delegates.BitmapReferencesPage.index (0x00007ab2a6dffd88) [0x00007ab2a6dffe80, 0x00007ab2a6e00468] Compiler: jvmci, Barriers: 2, Oops: 2, ImmediateOops: 0, NonImmediateOops: No
[2,819s][debug][gc,director    ] Rule Major: Warmup 10%, Used: 566MB, UsedThreshold: 1228MB
[2,820s][debug][gc,nmethod     ] Register NMethod: com.sun.org.apache.xerces.internal.impl.XMLEntityScanner.normalizeNewlines (0x00007ab288076188) [0x00007ab288076280, 0x00007ab288077590] Compiler: c1, Barriers: 17, Oops: 0, ImmediateOops: 0, NonImmediateOops: No
[2,820s][debug][gc,nmethod     ] Register NMethod: io.sirix.node.xml.AttributeNode.computeHash (0x00007ab2a6e00488) [0x00007ab2a6e00580, 0x00007ab2a6e02cb8] Compiler: jvmci, Barriers: 66, Oops: 3, ImmediateOops: 2, NonImmediateOops: No
[2,824s][debug][gc,nmethod     ] Register NMethod: io.sirix.access.trx.node.xml.XmlNodeFactoryImpl.createAttributeNode (0x00007ab2a6e02d08) [0x00007ab2a6e02e00, 0x00007ab2a6e04678] Compiler: jvmci, Barriers: 56, Oops: 10, ImmediateOops: 4, NonImmediateOops: No
[2,824s][debug][gc,nmethod     ] Register NMethod: com.sun.org.apache.xerces.internal.impl.XMLEntityScanner.scanContent (0x00007ab2a6e04708) [0x00007ab2a6e048a0, 0x00007ab2a6e05488] Compiler: jvmci, Barriers: 11, Oops: 0, ImmediateOops: 1, NonImmediateOops: No
[2,827s][debug][gc,nmethod     ] Register NMethod: io.sirix.node.NullNode.<init> (0x00007ab2a6e05508) [0x00007ab2a6e05600, 0x00007ab2a6e057d8] Compiler: jvmci, Barriers: 3, Oops: 1, ImmediateOops: 0, NonImmediateOops: No
[2,828s][debug][gc,nmethod     ] Register NMethod: jdk.internal.foreign.Utils.checkAlign (0x00007ab2a6e05808) [0x00007ab2a6e05900, 0x00007ab2a6e059a8] Compiler: jvmci, Barriers: 0, Oops: 0, ImmediateOops: 0, NonImmediateOops: No
[2,829s][debug][gc,director    ] Rule Major: Warmup 10%, Used: 576MB, UsedThreshold: 1228MB
[2,830s][debug][gc,nmethod     ] Register NMethod: jdk.internal.foreign.MemorySessionImpl.addInternal (0x00007ab2a6e05b08) [0x00007ab2a6e05c00, 0x00007ab2a6e05fa8] Compiler: jvmci, Barriers: 12, Oops: 0, ImmediateOops: 1, NonImmediateOops: No
[2,835s][debug][gc,nmethod     ] Register NMethod: com.sun.org.apache.xerces.internal.impl.XMLDocumentFragmentScannerImpl$FragmentContentDriver.startOfMarkup (0x00007ab2a6e06008) [0x00007ab2a6e06100, 0x00007ab2a6e067b8] Compiler: jvmci, Barriers: 11, Oops: 1, ImmediateOops: 1, NonImmediateOops: No
[2,835s][debug][gc,nmethod     ] Register NMethod: io.sirix.access.trx.RevisionEpochTracker.minActiveRevision (0x00007ab288077608) [0x00007ab288077700, 0x00007ab288079018] Compiler: c1, Barriers: 3, Oops: 8, ImmediateOops: 9, NonImmediateOops: No
[2,836s][debug][gc,nmethod     ] Register NMethod: jdk.internal.foreign.SegmentFactories.allocateNativeInternal (0x00007ab2a6e06808) [0x00007ab2a6e06920, 0x00007ab2a6e07380] Compiler: jvmci, Barriers: 13, Oops: 1, ImmediateOops: 6, NonImmediateOops: No
[2,837s][debug][gc,nmethod     ] Register NMethod: org.magicwerk.brownies.collections.GapList.doEnsureCapacity (0x00007ab288079088) [0x00007ab288079180, 0x00007ab288079a28] Compiler: c1, Barriers: 6, Oops: 1, ImmediateOops: 0, NonImmediateOops: No
[2,839s][debug][gc,nmethod     ] Register NMethod: io.sirix.access.trx.page.NodeStorageEngineReader.getRevisionNumber (0x00007ab288079a88) [0x00007ab288079b80, 0x00007ab28807a1c0] Compiler: c1, Barriers: 1, Oops: 1, ImmediateOops: 1, NonImmediateOops: No
[2,839s][debug][gc,director    ] Rule Major: Warmup 10%, Used: 588MB, UsedThreshold: 1228MB
[2,849s][debug][gc,director    ] Rule Major: Warmup 10%, Used: 600MB, UsedThreshold: 1228MB
[2,851s][debug][gc,nmethod     ] Register NMethod: com.sun.org.apache.xerces.internal.impl.XMLDocumentFragmentScannerImpl.scanContent (0x00007ab2a6e07408) [0x00007ab2a6e075a0, 0x00007ab2a6e085c0] Compiler: jvmci, Barriers: 17, Oops: 0, ImmediateOops: 1, NonImmediateOops: No
[2,852s][debug][gc,nmethod     ] Register NMethod: io.sirix.cache.IndexLogKey.hashCode (0x00007ab28807a208) [0x00007ab28807a300, 0x00007ab28807a6a8] Compiler: c1, Barriers: 1, Oops: 1, ImmediateOops: 0, NonImmediateOops: No
[2,852s][debug][gc,nmethod     ] Register NMethod: java.util.HashMap.computeIfAbsent (0x00007ab28807a708) [0x00007ab28807a800, 0x00007ab28807d008] Compiler: c1, Barriers: 11, Oops: 0, ImmediateOops: 0, NonImmediateOops: No
[2,854s][debug][gc,nmethod     ] Register NMethod: io.sirix.cache.IndexLogKey.hashCode (0x00007ab2a6e08608) [0x00007ab2a6e08700, 0x00007ab2a6e08840] Compiler: jvmci, Barriers: 1, Oops: 1, ImmediateOops: 0, NonImmediateOops: No
[2,854s][debug][gc,nmethod     ] Register NMethod: org.magicwerk.brownies.collections.GapList.doAdd (0x00007ab28807d088) [0x00007ab28807d180, 0x00007ab28807f140] Compiler: c1, Barriers: 13, Oops: 1, ImmediateOops: 0, NonImmediateOops: No
[2,859s][debug][gc,director    ] Rule Major: Warmup 10%, Used: 612MB, UsedThreshold: 1228MB
[2,860s][debug][gc,nmethod     ] Register NMethod: com.github.benmanes.caffeine.cache.NodeFactory.newLookupKey (0x00007ab28807f188) [0x00007ab28807f280, 0x00007ab28807f380] Compiler: c1, Barriers: 0, Oops: 1, ImmediateOops: 0, NonImmediateOops: No
[2,867s][debug][gc,nmethod     ] Register NMethod: java.util.HashMap.computeIfAbsent (0x00007ab2a6e08908) [0x00007ab2a6e08a00, 0x00007ab2a6e09f80] Compiler: jvmci, Barriers: 57, Oops: 1, ImmediateOops: 0, NonImmediateOops: No
[2,869s][debug][gc,director    ] Rule Major: Warmup 10%, Used: 622MB, UsedThreshold: 1228MB
[2,870s][debug][gc,director    ] Rule Minor: High Usage, Free: 11624MB(94,6%)
[2,875s][debug][gc,alloc       ] Mutator Allocation Rate: 377,8MB/s Predicted: 399,2MB/s, Avg: 312,5(+/-62,1)MB/s
[2,875s][debug][gc,director    ] Rule Major: Warmup 10%, Used: 630MB, UsedThreshold: 1228MB
[2,875s][debug][gc,director    ] Rule Minor: High Usage, Free: 11616MB(94,5%)
[2,880s][debug][gc,nmethod     ] Register NMethod: io.sirix.cache.PageContainer.<init> (0x00007ab28807f488) [0x00007ab28807f580, 0x00007ab28807f7c8] Compiler: c1, Barriers: 6, Oops: 1, ImmediateOops: 0, NonImmediateOops: No
[2,881s][debug][gc,nmethod     ] Register NMethod: com.sun.org.apache.xerces.internal.impl.XMLDocumentFragmentScannerImpl.seekCloseOfStartTag (0x00007ab2a6e0a008) [0x00007ab2a6e0a100, 0x00007ab2a6e0afc8] Compiler: jvmci, Barriers: 20, Oops: 1, ImmediateOops: 2, NonImmediateOops: No
[2,882s][debug][gc,nmethod     ] Register NMethod: io.sirix.page.PageReference.clearCachedHash (0x00007ab28807f808) [0x00007ab28807f900, 0x00007ab28807fa08] Compiler: c1, Barriers: 0, Oops: 1, ImmediateOops: 0, NonImmediateOops: No
[2,882s][debug][gc,nmethod     ] Register NMethod: io.sirix.cache.PageCache.remove (0x00007ab28807fb08) [0x00007ab28807fc00, 0x00007ab28807ff40] Compiler: c1, Barriers: 1, Oops: 1, ImmediateOops: 0, NonImmediateOops: No
[2,883s][debug][gc,nmethod     ] Register NMethod: io.sirix.cache.PageContainer.getInstance (0x00007ab28807ff88) [0x00007ab288080080, 0x00007ab288080580] Compiler: c1, Barriers: 6, Oops: 1, ImmediateOops: 0, NonImmediateOops: No
[2,883s][debug][gc,nmethod     ] Register NMethod: io.sirix.cache.PageCache.remove (0x00007ab288080608) [0x00007ab288080700, 0x00007ab288080e60] Compiler: c1, Barriers: 1, Oops: 1, ImmediateOops: 0, NonImmediateOops: No
[2,883s][debug][gc,nmethod     ] Register NMethod: com.github.benmanes.caffeine.cache.LocalManualCache.invalidate (0x00007ab288080e88) [0x00007ab288080f80, 0x00007ab288081368] Compiler: c1, Barriers: 1, Oops: 1, ImmediateOops: 0, NonImmediateOops: No
[2,883s][debug][gc,nmethod     ] Register NMethod: java.lang.invoke.Invokers$Holder.linkToTargetMethod (0x00007ab288081388) [0x00007ab288081480, 0x00007ab2880819a0] Compiler: c1, Barriers: 0, Oops: 0, ImmediateOops: 0, NonImmediateOops: No
[2,883s][debug][gc,nmethod     ] Register NMethod: io.sirix.cache.TransactionIntentLog.put (0x00007ab288081a08) [0x00007ab288081b00, 0x00007ab2880866f8] Compiler: c1, Barriers: 17, Oops: 1, ImmediateOops: 0, NonImmediateOops: No
[2,883s][debug][gc,nmethod     ] Register NMethod: com.github.benmanes.caffeine.cache.BoundedLocalCache$$Lambda/0x000000006c22cf70.<init> (0x00007ab288086708) [0x00007ab288086800, 0x00007ab288086ca0] Compiler: c1, Barriers: 21, Oops: 1, ImmediateOops: 0, NonImmediateOops: No
[2,883s][debug][gc,nmethod     ] Register NMethod: java.lang.invoke.LambdaForm$DMH/0x000000006c220800.newInvokeSpecial (0x00007ab288086d08) [0x00007ab288086e00, 0x00007ab288087710] Compiler: c1, Barriers: 2, Oops: 1, ImmediateOops: 1, NonImmediateOops: No
[2,883s][debug][gc,nmethod     ] Register NMethod: com.github.benmanes.caffeine.cache.BoundedLocalCache.remove (0x00007ab288087788) [0x00007ab288087880, 0x00007ab288088a88] Compiler: c1, Barriers: 14, Oops: 3, ImmediateOops: 4, NonImmediateOops: No
[2,885s][debug][gc,director    ] Rule Major: Warmup 10%, Used: 642MB, UsedThreshold: 1228MB
[2,885s][debug][gc,director    ] Rule Minor: High Usage, Free: 11604MB(94,4%)
[2,890s][debug][gc,nmethod     ] Register NMethod: io.sirix.node.xml.ElementNode.getAttributeKey (0x00007ab288088b08) [0x00007ab288088c00, 0x00007ab288089018] Compiler: c1, Barriers: 1, Oops: 1, ImmediateOops: 1, NonImmediateOops: No
[2,890s][debug][gc,nmethod     ] Register NMethod: com.sun.org.apache.xerces.internal.util.XMLAttributesImpl.checkDuplicatesNS (0x00007ab288089088) [0x00007ab288089180, 0x00007ab288089720] Compiler: c1, Barriers: 9, Oops: 0, ImmediateOops: 0, NonImmediateOops: No
[2,890s][debug][gc,nmethod     ] Register NMethod: io.sirix.access.trx.node.xml.XmlNodeReadOnlyTrxImpl.getName (0x00007ab288089788) [0x00007ab288089880, 0x00007ab28808ba20] Compiler: c1, Barriers: 4, Oops: 1, ImmediateOops: 4, NonImmediateOops: No
[2,891s][debug][gc,nmethod     ] Register NMethod: io.sirix.utils.XMLToken.isNCChar (0x00007ab28808ba88) [0x00007ab28808bb80, 0x00007ab28808bf68] Compiler: c1, Barriers: 0, Oops: 1, ImmediateOops: 0, NonImmediateOops: No
[2,891s][debug][gc,nmethod     ] Register NMethod: io.sirix.utils.XMLToken.ncName (0x00007ab28808bf88) [0x00007ab28808c080, 0x00007ab28808c4d8] Compiler: c1, Barriers: 0, Oops: 1, ImmediateOops: 1, NonImmediateOops: No
[2,891s][debug][gc,nmethod     ] Register NMethod: io.sirix.utils.XMLToken.isNCStartChar (0x00007ab28808c508) [0x00007ab28808c600, 0x00007ab28808cc70] Compiler: c1, Barriers: 0, Oops: 1, ImmediateOops: 0, NonImmediateOops: No
[2,892s][debug][gc,nmethod     ] Register NMethod: io.sirix.utils.XMLToken.isValidQName (0x00007ab28808cc88) [0x00007ab28808cd80, 0x00007ab28808e2b0] Compiler: c1, Barriers: 6, Oops: 1, ImmediateOops: 0, NonImmediateOops: No
[2,893s][debug][gc,nmethod     ] Register NMethod: com.sun.org.apache.xerces.internal.impl.XMLEntityScanner.scanQName (0x00007ab28808e308) [0x00007ab28808e400, 0x00007ab2880907e0] Compiler: c1, Barriers: 55, Oops: 2, ImmediateOops: 10, NonImmediateOops: No
[2,895s][debug][gc,director    ] Rule Major: Warmup 10%, Used: 652MB, UsedThreshold: 1228MB
[2,895s][debug][gc,director    ] Rule Minor: High Usage, Free: 11594MB(94,4%)
[2,896s][debug][gc,nmethod     ] Register NMethod: io.sirix.access.trx.node.xml.XmlNodeTrxImpl.insertAttribute (0x00007ab288090808) [0x00007ab288090900, 0x00007ab2880a0940] Compiler: c1, Barriers: 58, Oops: 8, ImmediateOops: 23, NonImmediateOops: No
[2,897s][debug][gc,nmethod     ] Register NMethod: io.sirix.node.xml.ElementNode.insertAttribute (0x00007ab2a6e0b008) [0x00007ab2a6e0b100, 0x00007ab2a6e0b650] Compiler: jvmci, Barriers: 5, Oops: 1, ImmediateOops: 1, NonImmediateOops: No
[2,897s][debug][gc,nmethod     ] Register NMethod: io.sirix.access.trx.node.xml.XmlNodeTrxImpl.getBytes (0x00007ab2a6e0b688) [0x00007ab2a6e0b780, 0x00007ab2a6e0b988] Compiler: jvmci, Barriers: 1, Oops: 1, ImmediateOops: 0, NonImmediateOops: No
[2,897s][debug][gc,nmethod     ] Register NMethod: io.sirix.utils.XMLToken.isNCStartChar (0x00007ab2a6e0ba08) [0x00007ab2a6e0bb00, 0x00007ab2a6e0bc10] Compiler: jvmci, Barriers: 0, Oops: 1, ImmediateOops: 0, NonImmediateOops: No
[2,899s][debug][gc,nmethod     ] Register NMethod: io.sirix.utils.XMLToken.isNCChar (0x00007ab2a6e0bd08) [0x00007ab2a6e0be00, 0x00007ab2a6e0bf10] Compiler: jvmci, Barriers: 0, Oops: 1, ImmediateOops: 0, NonImmediateOops: No
[2,905s][debug][gc,director    ] Rule Major: Warmup 10%, Used: 664MB, UsedThreshold: 1228MB
[2,905s][debug][gc,director    ] Rule Minor: High Usage, Free: 11582MB(94,3%)
[2,909s][debug][gc,nmethod     ] Register NMethod: io.sirix.utils.XMLToken.ncName (0x00007ab2a6e0c008) [0x00007ab2a6e0c100, 0x00007ab2a6e0c450] Compiler: jvmci, Barriers: 0, Oops: 1, ImmediateOops: 0, NonImmediateOops: No
[2,914s][debug][gc,nmethod     ] Register NMethod: io.sirix.page.IndirectPage.delegate (0x00007ab2a6e0c488) [0x00007ab2a6e0c580, 0x00007ab2a6e0c668] Compiler: c1, Barriers: 1, Oops: 1, ImmediateOops: 0, NonImmediateOops: No
[2,915s][debug][gc,director    ] Rule Major: Warmup 10%, Used: 678MB, UsedThreshold: 1228MB
[2,915s][debug][gc,director    ] Rule Minor: High Usage, Free: 11568MB(94,1%)
[2,916s][debug][gc,nmethod     ] Register NMethod: com.sun.org.apache.xerces.internal.impl.XMLEntityScanner.scanQName (0x00007ab2a6e0c788) [0x00007ab2a6e0c880, 0x00007ab2a6e0db60] Compiler: jvmci, Barriers: 31, Oops: 1, ImmediateOops: 3, NonImmediateOops: No
[2,918s][debug][gc,nmethod     ] Register NMethod: io.sirix.page.delegates.BitmapReferencesPage.index (0x00007ab2880a0988) [0x00007ab2880a0a80, 0x00007ab2880a0fa0] Compiler: c1, Barriers: 4, Oops: 1, ImmediateOops: 0, NonImmediateOops: No
[2,920s][debug][gc,nmethod     ] Register NMethod: java.util.BitSet.flip (0x00007ab2880a1008) [0x00007ab2880a1100, 0x00007ab2880a1708] Compiler: c1, Barriers: 2, Oops: 0, ImmediateOops: 0, NonImmediateOops: No
[2,921s][debug][gc,nmethod     ] Register NMethod: java.util.BitSet.expandTo (0x00007ab2a6e0db88) [0x00007ab2a6e0dc80, 0x00007ab2a6e0ddc8] Compiler: jvmci, Barriers: 1, Oops: 0, ImmediateOops: 0, NonImmediateOops: No
[2,925s][debug][gc,director    ] Rule Major: Warmup 10%, Used: 690MB, UsedThreshold: 1228MB
[2,926s][debug][gc,director    ] Rule Minor: High Usage, Free: 11556MB(94,0%)
[2,927s][debug][gc,nmethod     ] Register NMethod: java.util.concurrent.ConcurrentLinkedDeque.updateHead (0x00007ab2880a1788) [0x00007ab2880a1880, 0x00007ab2880a1f80] Compiler: c1, Barriers: 6, Oops: 1, ImmediateOops: 1, NonImmediateOops: No
[2,928s][debug][gc,nmethod     ] Register NMethod: java.util.concurrent.ConcurrentLinkedDeque.updateTail (0x00007ab2880a2008) [0x00007ab2880a2100, 0x00007ab2880a2800] Compiler: c1, Barriers: 6, Oops: 1, ImmediateOops: 1, NonImmediateOops: No
[2,928s][debug][gc,nmethod     ] Register NMethod: java.util.concurrent.ConcurrentLinkedDeque.skipDeletedSuccessors (0x00007ab2880a2888) [0x00007ab2880a2980, 0x00007ab2880a46b0] Compiler: c1, Barriers: 11, Oops: 5, ImmediateOops: 11, NonImmediateOops: No
[2,928s][debug][gc,nmethod     ] Register NMethod: java.util.concurrent.ConcurrentLinkedDeque.skipDeletedPredecessors (0x00007ab2880a4708) [0x00007ab2880a4800, 0x00007ab2880a6530] Compiler: c1, Barriers: 11, Oops: 5, ImmediateOops: 11, NonImmediateOops: No
[2,935s][debug][gc,nmethod     ] Register NMethod: io.sirix.access.trx.RevisionEpochTracker.minActiveRevision (0x00007ab2880a6588) [0x00007ab2880a6680, 0x00007ab2880a7ee8] Compiler: c1, Barriers: 3, Oops: 8, ImmediateOops: 9, NonImmediateOops: No
[2,935s][debug][gc,nmethod     ] Register NMethod: java.util.BitSet.flip (0x00007ab2a6e0de88) [0x00007ab2a6e0dfc0, 0x00007ab2a6e0e420] Compiler: jvmci, Barriers: 1, Oops: 0, ImmediateOops: 0, NonImmediateOops: No
[2,936s][debug][gc,director    ] Rule Major: Warmup 10%, Used: 702MB, UsedThreshold: 1228MB
[2,936s][debug][gc,director    ] Rule Minor: High Usage, Free: 11544MB(93,9%)
[2,937s][debug][gc,nmethod     ] Register NMethod: io.sirix.page.delegates.BitmapReferencesPage.index (0x00007ab2a6e0e488) [0x00007ab2a6e0e580, 0x00007ab2a6e0eb90] Compiler: jvmci, Barriers: 2, Oops: 2, ImmediateOops: 0, NonImmediateOops: No
[2,946s][debug][gc,director    ] Rule Major: Warmup 10%, Used: 716MB, UsedThreshold: 1228MB
[2,946s][debug][gc,director    ] Rule Minor: High Usage, Free: 11530MB(93,8%)
[2,949s][debug][gc,nmethod     ] Register NMethod: io.sirix.utils.XMLToken.isValidQName (0x00007ab2a6e0ec08) [0x00007ab2a6e0ed00, 0x00007ab2a6e0f248] Compiler: jvmci, Barriers: 4, Oops: 1, ImmediateOops: 0, NonImmediateOops: No
[2,953s][debug][gc,alloc       ] Mutator Allocation Rate: 413,5MB/s Predicted: 428,0MB/s, Avg: 325,2(+/-67,0)MB/s
[2,953s][debug][gc,director    ] Rule Major: Warmup 10%, Used: 726MB, UsedThreshold: 1228MB
[2,953s][debug][gc,director    ] Rule Minor: High Usage, Free: 11520MB(93,8%)
[2,963s][debug][gc,director    ] Rule Major: Warmup 10%, Used: 738MB, UsedThreshold: 1228MB
[2,963s][debug][gc,director    ] Rule Minor: High Usage, Free: 11508MB(93,7%)
[2,969s][debug][gc,nmethod     ] Register NMethod: io.sirix.service.xml.shredder.XmlShredder.insertNewContent (0x00007ab2a6e0f288) [0x00007ab2a6e0f380, 0x00007ab2a6e1b1f0] Compiler: jvmci, Barriers: 273, Oops: 9, ImmediateOops: 6, NonImmediateOops: No
[2,973s][debug][gc,director    ] Rule Major: Warmup 10%, Used: 752MB, UsedThreshold: 1228MB
[2,974s][debug][gc,director    ] Rule Minor: High Usage, Free: 11494MB(93,5%)
[2,984s][debug][gc,director    ] Rule Major: Warmup 10%, Used: 764MB, UsedThreshold: 1228MB
[2,984s][debug][gc,director    ] Rule Minor: High Usage, Free: 11482MB(93,4%)
[2,985s][debug][gc,nmethod     ] Register NMethod: io.sirix.access.trx.node.xml.XmlNodeTrxImpl.insertAttribute (0x00007ab2a6e1b288) [0x00007ab2a6e1b380, 0x00007ab2a6e1d820] Compiler: jvmci, Barriers: 55, Oops: 2, ImmediateOops: 5, NonImmediateOops: No
[2,994s][debug][gc,director    ] Rule Major: Warmup 10%, Used: 774MB, UsedThreshold: 1228MB
[2,994s][debug][gc,director    ] Rule Minor: High Usage, Free: 11472MB(93,4%)
[3,004s][debug][gc,director    ] Rule Major: Warmup 10%, Used: 786MB, UsedThreshold: 1228MB
[3,004s][debug][gc,director    ] Rule Minor: High Usage, Free: 11460MB(93,3%)
[3,009s][debug][gc,nmethod     ] Register NMethod: it.unimi.dsi.fastutil.ints.Int2LongOpenHashMap.getOrDefault (0x00007ab2880a7f88) [0x00007ab2880a8080, 0x00007ab2880a85d8] Compiler: c1, Barriers: 4, Oops: 1, ImmediateOops: 0, NonImmediateOops: No
[3,010s][debug][gc,nmethod     ] Register NMethod: io.sirix.node.xml.AbstractStructForwardingNode.setLeftSiblingKey (0x00007ab2880a8608) [0x00007ab2880a8700, 0x00007ab2880a8a40] Compiler: c1, Barriers: 0, Oops: 1, ImmediateOops: 0, NonImmediateOops: No
[3,011s][debug][gc,nmethod     ] Register NMethod: io.sirix.service.xml.shredder.AbstractShredder.processStartTag (0x00007ab2880a8a88) [0x00007ab2880a8b80, 0x00007ab2880ae860] Compiler: c1, Barriers: 27, Oops: 1, ImmediateOops: 11, NonImmediateOops: No
[3,014s][debug][gc,director    ] Rule Major: Warmup 10%, Used: 794MB, UsedThreshold: 1228MB
[3,015s][debug][gc,director    ] Rule Minor: High Usage, Free: 11452MB(93,2%)
[3,025s][debug][gc,director    ] Rule Major: Warmup 10%, Used: 808MB, UsedThreshold: 1228MB
[3,025s][debug][gc,director    ] Rule Minor: High Usage, Free: 11438MB(93,1%)
[3,035s][debug][gc,director    ] Rule Major: Warmup 10%, Used: 818MB, UsedThreshold: 1228MB
[3,035s][debug][gc,director    ] Rule Minor: High Usage, Free: 11428MB(93,0%)
[3,037s][debug][gc,alloc       ] Mutator Allocation Rate: 445,1MB/s Predicted: 458,4MB/s, Avg: 338,5(+/-73,5)MB/s
[3,037s][debug][gc,director    ] Rule Major: Warmup 10%, Used: 822MB, UsedThreshold: 1228MB
[3,037s][debug][gc,director    ] Rule Minor: High Usage, Free: 11424MB(93,0%)
[3,041s][debug][gc,nmethod     ] Register NMethod: io.sirix.access.trx.page.NodeStorageEngineReader.getUberPage (0x00007ab2880ae888) [0x00007ab2880ae980, 0x00007ab2880aedf0] Compiler: c1, Barriers: 1, Oops: 1, ImmediateOops: 1, NonImmediateOops: No
[3,048s][debug][gc,director    ] Rule Major: Warmup 10%, Used: 832MB, UsedThreshold: 1228MB
[3,048s][debug][gc,director    ] Rule Minor: High Usage, Free: 11414MB(92,9%)
[3,054s][debug][gc,nmethod     ] Register NMethod: io.sirix.access.trx.page.NodeStorageEngineWriter$1.removeEldestEntry (0x00007ab2880aee08) [0x00007ab2880aef00, 0x00007ab2880af668] Compiler: c1, Barriers: 0, Oops: 1, ImmediateOops: 0, NonImmediateOops: No
[3,056s][debug][gc,nmethod     ] Register NMethod: io.sirix.access.trx.page.AbstractForwardingStorageEngineReader.getUberPage (0x00007ab2880af688) [0x00007ab2880af780, 0x00007ab2880afcb8] Compiler: c1, Barriers: 2, Oops: 1, ImmediateOops: 1, NonImmediateOops: No
[3,058s][debug][gc,director    ] Rule Major: Warmup 10%, Used: 844MB, UsedThreshold: 1228MB
[3,058s][debug][gc,director    ] Rule Minor: High Usage, Free: 11402MB(92,8%)
[3,068s][debug][gc,director    ] Rule Major: Warmup 10%, Used: 850MB, UsedThreshold: 1228MB
[3,068s][debug][gc,director    ] Rule Minor: High Usage, Free: 11396MB(92,7%)
[3,072s][debug][gc,nmethod     ] Register NMethod: io.sirix.service.xml.shredder.AbstractShredder.processStartTag (0x00007ab2a6e1d888) [0x00007ab2a6e1d980, 0x00007ab2a6e21460] Compiler: jvmci, Barriers: 84, Oops: 1, ImmediateOops: 5, NonImmediateOops: No
[3,077s][debug][gc,nmethod     ] Register NMethod: io.sirix.access.trx.page.NodeStorageEngineWriter$$Lambda/0x000000006c23c270.apply (0x00007ab2880afd08) [0x00007ab2880afe00, 0x00007ab2880b01c8] Compiler: c1, Barriers: 2, Oops: 1, ImmediateOops: 0, NonImmediateOops: No
[3,077s][debug][gc,nmethod     ] Register NMethod: io.sirix.access.trx.page.AbstractForwardingStorageEngineReader.getCurrentMaxIndirectPageTreeLevel (0x00007ab2880b0208) [0x00007ab2880b0300, 0x00007ab2880b04b0] Compiler: c1, Barriers: 1, Oops: 1, ImmediateOops: 0, NonImmediateOops: No
[3,078s][debug][gc,director    ] Rule Major: Warmup 10%, Used: 858MB, UsedThreshold: 1228MB
[3,078s][debug][gc,director    ] Rule Minor: High Usage, Free: 11388MB(92,7%)
[3,078s][debug][gc,nmethod     ] Register NMethod: io.sirix.access.trx.page.NodeStorageEngineWriter$IndirectPageTrieWriter.prepareLeafOfTree (0x00007ab2880b0508) [0x00007ab2880b0600, 0x00007ab2880b3f38] Compiler: c1, Barriers: 20, Oops: 1, ImmediateOops: 2, NonImmediateOops: No
[3,079s][debug][gc,nmethod     ] Register NMethod: io.sirix.access.trx.page.NodeStorageEngineWriter.lambda$prepareRecordPage$0 (0x00007ab2880b3f88) [0x00007ab2880b4080, 0x00007ab2880b9f60] Compiler: c1, Barriers: 26, Oops: 2, ImmediateOops: 15, NonImmediateOops: No
[3,088s][debug][gc,director    ] Rule Major: Warmup 10%, Used: 866MB, UsedThreshold: 1228MB
[3,088s][debug][gc,director    ] Rule Minor: High Usage, Free: 11380MB(92,6%)
[3,099s][debug][gc,director    ] Rule Major: Warmup 10%, Used: 878MB, UsedThreshold: 1228MB
[3,099s][debug][gc,director    ] Rule Minor: High Usage, Free: 11368MB(92,5%)
[3,102s][debug][gc,nmethod     ] Register NMethod: jdk.internal.ref.CleanerImpl$CleanableList.insert (0x00007ab2880b9f88) [0x00007ab2880ba080, 0x00007ab2880bab00] Compiler: c1, Barriers: 22, Oops: 0, ImmediateOops: 0, NonImmediateOops: No
[3,109s][debug][gc,director    ] Rule Major: Warmup 10%, Used: 888MB, UsedThreshold: 1228MB
[3,109s][debug][gc,director    ] Rule Minor: High Usage, Free: 11358MB(92,4%)
[3,116s][debug][gc,nmethod     ] Register NMethod: java.util.HashMap.removeNode (0x00007ab2880bab08) [0x00007ab2880bac00, 0x00007ab2880bcca8] Compiler: c1, Barriers: 15, Oops: 0, ImmediateOops: 0, NonImmediateOops: No
[3,119s][debug][gc,director    ] Rule Major: Warmup 10%, Used: 900MB, UsedThreshold: 1228MB
[3,119s][debug][gc,director    ] Rule Minor: High Usage, Free: 11346MB(92,3%)
[3,120s][debug][gc,nmethod     ] Register NMethod: java.util.BitSet.set (0x00007ab2880bcd08) [0x00007ab2880bce00, 0x00007ab2880bcfe8] Compiler: c1, Barriers: 0, Oops: 0, ImmediateOops: 0, NonImmediateOops: No
[3,129s][debug][gc,director    ] Rule Major: Warmup 10%, Used: 910MB, UsedThreshold: 1228MB
[3,129s][debug][gc,director    ] Rule Minor: High Usage, Free: 11336MB(92,3%)
[3,135s][debug][gc,alloc       ] Mutator Allocation Rate: 470,9MB/s Predicted: 487,4MB/s, Avg: 351,7(+/-80,3)MB/s
[3,135s][debug][gc,director    ] Rule Major: Warmup 10%, Used: 918MB, UsedThreshold: 1228MB
[3,135s][debug][gc,director    ] Rule Minor: High Usage, Free: 11328MB(92,2%)
[3,145s][debug][gc,director    ] Rule Major: Warmup 10%, Used: 928MB, UsedThreshold: 1228MB
[3,145s][debug][gc,director    ] Rule Minor: High Usage, Free: 11318MB(92,1%)
[3,147s][debug][gc,nmethod     ] Register NMethod: io.sirix.page.delegates.BitmapReferencesPage.createNewReference (0x00007ab2880bd008) [0x00007ab2880bd100, 0x00007ab2880bd718] Compiler: c1, Barriers: 3, Oops: 1, ImmediateOops: 0, NonImmediateOops: No
[3,155s][debug][gc,director    ] Rule Major: Warmup 10%, Used: 940MB, UsedThreshold: 1228MB
[3,155s][debug][gc,director    ] Rule Minor: High Usage, Free: 11306MB(92,0%)
[3,166s][debug][gc,director    ] Rule Major: Warmup 10%, Used: 952MB, UsedThreshold: 1228MB
[3,166s][debug][gc,director    ] Rule Minor: High Usage, Free: 11294MB(91,9%)
[3,176s][debug][gc,director    ] Rule Major: Warmup 10%, Used: 964MB, UsedThreshold: 1228MB
[3,176s][debug][gc,director    ] Rule Minor: High Usage, Free: 11282MB(91,8%)
[3,186s][debug][gc,director    ] Rule Major: Warmup 10%, Used: 976MB, UsedThreshold: 1228MB
[3,186s][debug][gc,director    ] Rule Minor: High Usage, Free: 11270MB(91,7%)
[3,196s][debug][gc,director    ] Rule Major: Warmup 10%, Used: 988MB, UsedThreshold: 1228MB
[3,196s][debug][gc,director    ] Rule Minor: High Usage, Free: 11258MB(91,6%)
[3,207s][debug][gc,director    ] Rule Major: Warmup 10%, Used: 998MB, UsedThreshold: 1228MB
[3,207s][debug][gc,director    ] Rule Minor: High Usage, Free: 11248MB(91,5%)
[3,208s][debug][gc,nmethod     ] Register NMethod: jdk.internal.ref.CleanerImpl$CleanableList.insert (0x00007ab2a6e21488) [0x00007ab2a6e21580, 0x00007ab2a6e21c78] Compiler: jvmci, Barriers: 22, Oops: 0, ImmediateOops: 0, NonImmediateOops: No
[3,217s][debug][gc,director    ] Rule Major: Warmup 10%, Used: 1006MB, UsedThreshold: 1228MB
[3,217s][debug][gc,director    ] Rule Minor: High Usage, Free: 11240MB(91,5%)
[3,224s][debug][gc,alloc       ] Mutator Allocation Rate: 496,1MB/s Predicted: 515,3MB/s, Avg: 364,8(+/-87,1)MB/s
[3,225s][debug][gc,director    ] Rule Major: Warmup 10%, Used: 1014MB, UsedThreshold: 1228MB
[3,225s][debug][gc,director    ] Rule Minor: High Usage, Free: 11232MB(91,4%)
[3,228s][debug][gc,nmethod     ] Register NMethod: java.util.concurrent.ConcurrentHashMap.replaceNode (0x00007ab2a6e21c88) [0x00007ab2a6e21d80, 0x00007ab2a6e22f18] Compiler: jvmci, Barriers: 28, Oops: 1, ImmediateOops: 2, NonImmediateOops: No
[3,235s][debug][gc,director    ] Rule Major: Warmup 10%, Used: 1024MB, UsedThreshold: 1228MB
[3,235s][debug][gc,director    ] Rule Minor: High Usage, Free: 11222MB(91,3%)
[3,236s][debug][gc,nmethod     ] Register NMethod: java.util.LinkedHashMap.afterNodeRemoval (0x00007ab2880bd788) [0x00007ab2880bd880, 0x00007ab2880bdf70] Compiler: c1, Barriers: 20, Oops: 0, ImmediateOops: 0, NonImmediateOops: No
[3,245s][debug][gc,director    ] Rule Major: Warmup 10%, Used: 1034MB, UsedThreshold: 1228MB
[3,245s][debug][gc,director    ] Rule Minor: High Usage, Free: 11212MB(91,2%)
[3,247s][debug][gc,nmethod     ] Register NMethod: io.sirix.service.xml.shredder.XmlShredder.insertNewContent (0x00007ab2a6e22f88) [0x00007ab2a6e23080, 0x00007ab2a6e33f40] Compiler: jvmci, Barriers: 447, Oops: 11, ImmediateOops: 6, NonImmediateOops: No
[3,255s][debug][gc,director    ] Rule Major: Warmup 10%, Used: 1048MB, UsedThreshold: 1228MB
[3,255s][debug][gc,director    ] Rule Minor: High Usage, Free: 11198MB(91,1%)
[3,265s][debug][gc,director    ] Rule Major: Warmup 10%, Used: 1064MB, UsedThreshold: 1228MB
[3,265s][debug][gc,director    ] Rule Minor: High Usage, Free: 11182MB(91,0%)
[3,276s][debug][gc,director    ] Rule Major: Warmup 10%, Used: 1078MB, UsedThreshold: 1228MB
[3,276s][debug][gc,director    ] Rule Minor: High Usage, Free: 11168MB(90,9%)
[3,286s][debug][gc,director    ] Rule Major: Warmup 10%, Used: 1092MB, UsedThreshold: 1228MB
[3,286s][debug][gc,director    ] Rule Minor: High Usage, Free: 11154MB(90,8%)
[3,296s][debug][gc,director    ] Rule Major: Warmup 10%, Used: 1108MB, UsedThreshold: 1228MB
[3,296s][debug][gc,director    ] Rule Minor: High Usage, Free: 11138MB(90,6%)
[3,296s][debug][gc,alloc       ] Mutator Allocation Rate: 523,5MB/s Predicted: 543,1MB/s, Avg: 378,1(+/-94,2)MB/s
[3,297s][debug][gc,director    ] Rule Major: Warmup 10%, Used: 1110MB, UsedThreshold: 1228MB
[3,297s][debug][gc,director    ] Rule Minor: High Usage, Free: 11136MB(90,6%)
[3,307s][debug][gc,director    ] Rule Major: Warmup 10%, Used: 1124MB, UsedThreshold: 1228MB
[3,307s][debug][gc,director    ] Rule Minor: High Usage, Free: 11122MB(90,5%)
[3,307s][debug][gc,nmethod     ] Register NMethod: jdk.internal.vm.Continuation.unpin (0x00007ab2a6e34008) [0x00007ab2a6e34100, 0x00007ab2a6e34248] Compiler: , Barriers: 0, Oops: 0, ImmediateOops: 1, NonImmediateOops: No
[3,307s][debug][gc,nmethod     ] Register NMethod: jdk.internal.foreign.ConfinedSession$ConfinedResourceList.add (0x00007ab2880bdf88) [0x00007ab2880be080, 0x00007ab2880be518] Compiler: c1, Barriers: 11, Oops: 0, ImmediateOops: 2, NonImmediateOops: No
[3,307s][debug][gc,nmethod     ] Register NMethod: jdk.internal.vm.Continuation.pin (0x00007ab2a6e34308) [0x00007ab2a6e34400, 0x00007ab2a6e34548] Compiler: , Barriers: 0, Oops: 0, ImmediateOops: 1, NonImmediateOops: No
[3,307s][debug][gc,nmethod     ] Register NMethod: io.sirix.node.MemorySegmentBytesOut.<init> (0x00007ab2880be588) [0x00007ab2880be680, 0x00007ab2880be908] Compiler: c1, Barriers: 3, Oops: 1, ImmediateOops: 0, NonImmediateOops: No
[3,307s][debug][gc,nmethod     ] Register NMethod: io.sirix.node.NodeSerializerImpl.serialize (0x00007ab2880be988) [0x00007ab2880bea80, 0x00007ab2880bf4b0] Compiler: c1, Barriers: 1, Oops: 1, ImmediateOops: 0, NonImmediateOops: No
[3,307s][debug][gc,nmethod     ] Register NMethod: io.sirix.node.MemorySegmentBytesOut.writePosition (0x00007ab2880bf508) [0x00007ab2880bf600, 0x00007ab2880bf7d8] Compiler: c1, Barriers: 1, Oops: 1, ImmediateOops: 0, NonImmediateOops: No
[3,307s][debug][gc,nmethod     ] Register NMethod: java.util.ArrayList$ArrayListSpliterator.<init> (0x00007ab2880bf808) [0x00007ab2880bf900, 0x00007ab2880bfc40] Compiler: c1, Barriers: 3, Oops: 0, ImmediateOops: 0, NonImmediateOops: No
[3,307s][debug][gc,nmethod     ] Register NMethod: io.sirix.node.Utils.putVarLong (0x00007ab2880bfc88) [0x00007ab2880bfd80, 0x00007ab2880bfed0] Compiler: c1, Barriers: 0, Oops: 1, ImmediateOops: 0, NonImmediateOops: No
[3,308s][debug][gc,nmethod     ] Register NMethod: io.sirix.node.xml.ElementNode.getNamespaceCount (0x00007ab2880bff88) [0x00007ab2880c0080, 0x00007ab2880c0210] Compiler: c1, Barriers: 1, Oops: 1, ImmediateOops: 0, NonImmediateOops: No
[3,308s][debug][gc,nmethod     ] Register NMethod: io.sirix.node.xml.ElementNode.getAttributeCount (0x00007ab2a6e34608) [0x00007ab2a6e34700, 0x00007ab2a6e34810] Compiler: jvmci, Barriers: 1, Oops: 1, ImmediateOops: 0, NonImmediateOops: No
[3,308s][debug][gc,nmethod     ] Register NMethod: io.sirix.node.MemorySegmentBytesOut.position (0x00007ab2880c0288) [0x00007ab2880c0380, 0x00007ab2880c04d0] Compiler: c1, Barriers: 1, Oops: 1, ImmediateOops: 0, NonImmediateOops: No
[3,308s][debug][gc,nmethod     ] Register NMethod: io.sirix.node.json.JsonNodeSerializer.writeSizePrefix (0x00007ab2880c0588) [0x00007ab2880c0680, 0x00007ab2880c0cf8] Compiler: c1, Barriers: 4, Oops: 1, ImmediateOops: 0, NonImmediateOops: No
[3,308s][debug][gc,nmethod     ] Register NMethod: io.sirix.node.json.JsonNodeSerializer.writeEndPadding (0x00007ab2880c0d08) [0x00007ab2880c0e00, 0x00007ab2880c1268] Compiler: c1, Barriers: 2, Oops: 1, ImmediateOops: 0, NonImmediateOops: No
[3,308s][debug][gc,nmethod     ] Register NMethod: io.sirix.node.json.JsonNodeSerializer.updateSizePrefix (0x00007ab2880c1288) [0x00007ab2880c1380, 0x00007ab2880c1a48] Compiler: c1, Barriers: 2, Oops: 1, ImmediateOops: 0, NonImmediateOops: No
[3,308s][debug][gc,nmethod     ] Register NMethod: io.sirix.node.xml.TextNode.isCompressed (0x00007ab2a6e34908) [0x00007ab2a6e34a00, 0x00007ab2a6e34ac0] Compiler: c1, Barriers: 0, Oops: 1, ImmediateOops: 0, NonImmediateOops: No
[3,309s][debug][gc,nmethod     ] Register NMethod: io.sirix.node.xml.ElementNode.getKind (0x00007ab2880c1a88) [0x00007ab2880c1b80, 0x00007ab2880c1ea0] Compiler: c1, Barriers: 0, Oops: 1, ImmediateOops: 1, NonImmediateOops: No
[3,310s][debug][gc,nmethod     ] Register NMethod: io.sirix.node.xml.ElementNode.getLastModifiedRevisionNumber (0x00007ab2880c1f08) [0x00007ab2880c2000, 0x00007ab2880c6ff0] Compiler: c1, Barriers: 19, Oops: 7, ImmediateOops: 11, NonImmediateOops: No
[3,311s][debug][gc,nmethod     ] Register NMethod: io.sirix.node.xml.ElementNode.getPreviousRevisionNumber (0x00007ab2880c7088) [0x00007ab2880c7180, 0x00007ab2880cc170] Compiler: c1, Barriers: 19, Oops: 7, ImmediateOops: 11, NonImmediateOops: No
[3,315s][debug][gc,nmethod     ] Register NMethod: io.sirix.node.NodeKind.writeHash (0x00007ab2880cc208) [0x00007ab2880cc300, 0x00007ab2880cc4f0] Compiler: c1, Barriers: 1, Oops: 1, ImmediateOops: 0, NonImmediateOops: No
[3,315s][debug][gc,nmethod     ] Register NMethod: io.sirix.node.xml.TextNode.getKind (0x00007ab2880cc508) [0x00007ab2880cc600, 0x00007ab2880cc920] Compiler: c1, Barriers: 0, Oops: 1, ImmediateOops: 1, NonImmediateOops: No
[3,315s][debug][gc,nmethod     ] Register NMethod: java.lang.foreign.MemorySegment.copy (0x00007ab2880cc988) [0x00007ab2880cca80, 0x00007ab2880dd388] Compiler: c1, Barriers: 39, Oops: 4, ImmediateOops: 41, NonImmediateOops: No
[3,316s][debug][gc,nmethod     ] Register NMethod: io.sirix.node.xml.ElementNode.getLastChildKey (0x00007ab2a6e34c08) [0x00007ab2a6e34d00, 0x00007ab2a6e34f98] Compiler: jvmci, Barriers: 4, Oops: 1, ImmediateOops: 0, NonImmediateOops: No
[3,316s][debug][gc,nmethod     ] Register NMethod: io.sirix.node.GrowingMemorySegment.grow (0x00007ab2880dd408) [0x00007ab2880dd500, 0x00007ab2880ee348] Compiler: c1, Barriers: 44, Oops: 5, ImmediateOops: 42, NonImmediateOops: No
[3,316s][debug][gc,nmethod     ] Register NMethod: io.sirix.node.MemorySegmentBytesOut.writeByte (0x00007ab2a6e35008) [0x00007ab2a6e35100, 0x00007ab2a6e35588] Compiler: jvmci, Barriers: 7, Oops: 1, ImmediateOops: 0, NonImmediateOops: No
[3,316s][debug][gc,nmethod     ] Register NMethod: io.sirix.node.MemorySegmentBytesOut.writeStopBit (0x00007ab2880ee388) [0x00007ab2880ee480, 0x00007ab2880ee820] Compiler: c1, Barriers: 2, Oops: 1, ImmediateOops: 0, NonImmediateOops: No
[3,316s][debug][gc,nmethod     ] Register NMethod: io.sirix.node.MemorySegmentBytesOut.writeInt (0x00007ab2a6e35608) [0x00007ab2a6e35700, 0x00007ab2a6e35b90] Compiler: jvmci, Barriers: 7, Oops: 1, ImmediateOops: 0, NonImmediateOops: No
[3,316s][debug][gc,nmethod     ] Register NMethod: io.sirix.node.xml.AttributeNode.getKind (0x00007ab2880ee888) [0x00007ab2880ee980, 0x00007ab2880eeca0] Compiler: c1, Barriers: 0, Oops: 1, ImmediateOops: 1, NonImmediateOops: No
[3,318s][debug][gc,nmethod     ] Register NMethod: io.sirix.node.xml.TextNode.getPreviousRevisionNumber (0x00007ab2880eed08) [0x00007ab2880eee00, 0x00007ab2880f3df0] Compiler: c1, Barriers: 19, Oops: 7, ImmediateOops: 11, NonImmediateOops: No
[3,319s][debug][gc,nmethod     ] Register NMethod: io.sirix.node.xml.ElementNode.getURIKey (0x00007ab2a6e35c08) [0x00007ab2a6e35d00, 0x00007ab2a6e35f80] Compiler: jvmci, Barriers: 4, Oops: 1, ImmediateOops: 0, NonImmediateOops: No
[3,319s][debug][gc,nmethod     ] Register NMethod: io.sirix.node.xml.AttributeNode.getPathNodeKey (0x00007ab2880f3e88) [0x00007ab2880f3f80, 0x00007ab2880f8f70] Compiler: c1, Barriers: 19, Oops: 7, ImmediateOops: 11, NonImmediateOops: No
[3,320s][debug][gc,director    ] Rule Major: Warmup 10%, Used: 1124MB, UsedThreshold: 1228MB
[3,320s][debug][gc,director    ] Rule Minor: High Usage, Free: 11122MB(90,5%)
[3,326s][debug][gc,nmethod     ] Register NMethod: io.sirix.node.NodeKind$2.serialize (0x00007ab2880f9008) [0x00007ab2880f9100, 0x00007ab28811da80] Compiler: c1, Barriers: 145, Oops: 15, ImmediateOops: 77, NonImmediateOops: No
[3,326s][debug][gc,nmethod     ] Register NMethod: io.sirix.node.xml.AttributeNode.getPreviousRevisionNumber (0x00007ab28811db08) [0x00007ab28811dc00, 0x00007ab288122bf0] Compiler: c1, Barriers: 19, Oops: 7, ImmediateOops: 11, NonImmediateOops: No
[3,327s][debug][gc,nmethod     ] Register NMethod: io.sirix.node.xml.TextNode.getLastModifiedRevisionNumber (0x00007ab288122c88) [0x00007ab288122d80, 0x00007ab288127d70] Compiler: c1, Barriers: 19, Oops: 7, ImmediateOops: 11, NonImmediateOops: No
[3,327s][debug][gc,nmethod     ] Register NMethod: io.sirix.node.xml.AttributeNode.getRawValue (0x00007ab2a6e36008) [0x00007ab2a6e36100, 0x00007ab2a6e361e8] Compiler: c1, Barriers: 1, Oops: 1, ImmediateOops: 0, NonImmediateOops: No
[3,327s][debug][gc,nmethod     ] Register NMethod: io.sirix.node.xml.AttributeNode.isCompressed (0x00007ab2a6e36308) [0x00007ab2a6e36400, 0x00007ab2a6e364c0] Compiler: c1, Barriers: 0, Oops: 1, ImmediateOops: 0, NonImmediateOops: No
[3,327s][debug][gc,nmethod     ] Register NMethod: io.sirix.node.NodeKind$4.serialize (0x00007ab288127e08) [0x00007ab288127f00, 0x00007ab288142678] Compiler: c1, Barriers: 110, Oops: 13, ImmediateOops: 55, NonImmediateOops: No
[3,328s][debug][gc,nmethod     ] Register NMethod: io.sirix.node.MemorySegmentBytesOut.write (0x00007ab2a6e36608) [0x00007ab2a6e36700, 0x00007ab2a6e36d08] Compiler: jvmci, Barriers: 7, Oops: 4, ImmediateOops: 1, NonImmediateOops: No
[3,328s][debug][gc,nmethod     ] Register NMethod: java.util.concurrent.ConcurrentHashMap$KeySetView.remove (0x00007ab288142708) [0x00007ab288142800, 0x00007ab288142c10] Compiler: c1, Barriers: 1, Oops: 0, ImmediateOops: 0, NonImmediateOops: No
[3,329s][debug][gc,nmethod     ] Register NMethod: io.sirix.node.NodeKind$1.serialize (0x00007ab288142c88) [0x00007ab288142d80, 0x00007ab28817dd48] Compiler: c1, Barriers: 235, Oops: 19, ImmediateOops: 124, NonImmediateOops: No
[3,329s][debug][gc,nmethod     ] Register NMethod: io.sirix.node.xml.AttributeNode.getLastModifiedRevisionNumber (0x00007ab28817de08) [0x00007ab28817df00, 0x00007ab288182ef0] Compiler: c1, Barriers: 19, Oops: 7, ImmediateOops: 11, NonImmediateOops: No
[3,329s][debug][gc,nmethod     ] Register NMethod: jdk.internal.foreign.ConfinedSession$ConfinedResourceList.add (0x00007ab2a6e36d88) [0x00007ab2a6e36e80, 0x00007ab2a6e37138] Compiler: jvmci, Barriers: 11, Oops: 0, ImmediateOops: 1, NonImmediateOops: No
[3,330s][debug][gc,nmethod     ] Register NMethod: io.sirix.page.KeyValueLeafPage.alignOffset (0x00007ab2a6e37188) [0x00007ab2a6e37280, 0x00007ab2a6e372e8] Compiler: jvmci, Barriers: 0, Oops: 1, ImmediateOops: 0, NonImmediateOops: No
[3,330s][debug][gc,director    ] Rule Major: Warmup 10%, Used: 1124MB, UsedThreshold: 1228MB
[3,330s][debug][gc,director    ] Rule Minor: High Usage, Free: 11122MB(90,5%)
[3,330s][debug][gc,nmethod     ] Register NMethod: io.sirix.node.xml.ElementNode.getLocalNameKey (0x00007ab2a6e37488) [0x00007ab2a6e37580, 0x00007ab2a6e37830] Compiler: jvmci, Barriers: 4, Oops: 1, ImmediateOops: 0, NonImmediateOops: No
[3,330s][debug][gc,nmethod     ] Register NMethod: io.sirix.node.xml.TextNode.getRawValue (0x00007ab2a6e37888) [0x00007ab2a6e37980, 0x00007ab2a6e37a60] Compiler: jvmci, Barriers: 1, Oops: 1, ImmediateOops: 0, NonImmediateOops: No
[3,330s][debug][gc,nmethod     ] Register NMethod: java.lang.Math.min (0x00007ab2a6e37b88) [0x00007ab2a6e37c80, 0x00007ab2a6e37cf0] Compiler: jvmci, Barriers: 0, Oops: 0, ImmediateOops: 0, NonImmediateOops: No
[3,333s][debug][gc,nmethod     ] Register NMethod: io.sirix.node.MemorySegmentBytesOut.getDestination (0x00007ab2a6e37e88) [0x00007ab2a6e37f80, 0x00007ab2a6e38340] Compiler: jvmci, Barriers: 7, Oops: 1, ImmediateOops: 0, NonImmediateOops: No
[3,337s][debug][gc,nmethod     ] Register NMethod: io.sirix.node.xml.ElementNode.getPrefixKey (0x00007ab2a6e38388) [0x00007ab2a6e38480, 0x00007ab2a6e38730] Compiler: jvmci, Barriers: 4, Oops: 1, ImmediateOops: 0, NonImmediateOops: No
[3,339s][debug][gc,nmethod     ] Register NMethod: io.sirix.page.KeyValueLeafPage.updateLastSlotIndex (0x00007ab2a6e38788) [0x00007ab2a6e38880, 0x00007ab2a6e38a10] Compiler: jvmci, Barriers: 1, Oops: 1, ImmediateOops: 0, NonImmediateOops: No
[3,339s][debug][gc,nmethod     ] Register NMethod: io.sirix.page.KeyValueLeafPage.getAvailableSpace (0x00007ab2a6e38a88) [0x00007ab2a6e38b80, 0x00007ab2a6e38f30] Compiler: jvmci, Barriers: 4, Oops: 1, ImmediateOops: 0, NonImmediateOops: No
[3,340s][debug][gc,nmethod     ] Register NMethod: io.sirix.node.xml.ElementNode.getNamespaceCount (0x00007ab2a6e38f88) [0x00007ab2a6e39080, 0x00007ab2a6e39190] Compiler: jvmci, Barriers: 1, Oops: 1, ImmediateOops: 0, NonImmediateOops: No
[3,343s][debug][gc,director    ] Rule Major: Warmup 10%, Used: 1124MB, UsedThreshold: 1228MB
[3,343s][debug][gc,director    ] Rule Minor: High Usage, Free: 11122MB(90,5%)
[3,343s][debug][gc,nmethod     ] Register NMethod: jdk.internal.foreign.AbstractMemorySegmentImpl.equals (0x00007ab288182f88) [0x00007ab288183080, 0x00007ab288183e58] Compiler: c1, Barriers: 0, Oops: 0, ImmediateOops: 0, NonImmediateOops: No
[3,344s][debug][gc,nmethod     ] Register NMethod: jdk.internal.foreign.abi.SharedUtils.checkSymbol (0x00007ab288183e88) [0x00007ab288183f80, 0x00007ab2881854a0] Compiler: c1, Barriers: 0, Oops: 1, ImmediateOops: 4, NonImmediateOops: No
[3,344s][debug][gc,nmethod     ] Register NMethod: io.sirix.node.MemorySegmentBytesOut.writeStopBit (0x00007ab2a6e39288) [0x00007ab2a6e39380, 0x00007ab2a6e39c40] Compiler: jvmci, Barriers: 13, Oops: 1, ImmediateOops: 0, NonImmediateOops: No
[3,346s][debug][gc,nmethod     ] Register NMethod: io.sirix.page.KeyValueLeafPage.findFreeSpaceForSlots (0x00007ab2a6e39c88) [0x00007ab2a6e39d80, 0x00007ab2a6e39ed8] Compiler: jvmci, Barriers: 1, Oops: 1, ImmediateOops: 0, NonImmediateOops: No
[3,351s][debug][gc,nmethod     ] Register NMethod: java.lang.foreign.MemorySegment.ofArray (0x00007ab288185508) [0x00007ab288185600, 0x00007ab288185710] Compiler: c1, Barriers: 0, Oops: 0, ImmediateOops: 0, NonImmediateOops: No
[3,351s][debug][gc,nmethod     ] Register NMethod: jdk.internal.foreign.MemorySessionImpl$ResourceList.cleanupSingle (0x00007ab288185808) [0x00007ab288185900, 0x00007ab288185ea8] Compiler: c1, Barriers: 0, Oops: 0, ImmediateOops: 0, NonImmediateOops: No
[3,352s][debug][gc,nmethod     ] Register NMethod: jdk.internal.foreign.layout.ValueLayouts$AbstractValueLayout.<init> (0x00007ab288185f08) [0x00007ab288186000, 0x00007ab288186568] Compiler: c1, Barriers: 9, Oops: 0, ImmediateOops: 0, NonImmediateOops: No
[3,352s][debug][gc,nmethod     ] Register NMethod: jdk.internal.foreign.AbstractMemorySegmentImpl$$Lambda/0x000000006c1e9de8.apply (0x00007ab288186588) [0x00007ab288186680, 0x00007ab288186860] Compiler: c1, Barriers: 0, Oops: 0, ImmediateOops: 0, NonImmediateOops: No
[3,352s][debug][gc,nmethod     ] Register NMethod: jdk.internal.foreign.GlobalSession.<init> (0x00007ab288186888) [0x00007ab288186980, 0x00007ab288186c40] Compiler: c1, Barriers: 6, Oops: 0, ImmediateOops: 0, NonImmediateOops: No
[3,352s][debug][gc,nmethod     ] Register NMethod: jdk.internal.foreign.AbstractMemorySegmentImpl.lambda$toArray$0 (0x00007ab288186c88) [0x00007ab288186d80, 0x00007ab288186ee8] Compiler: c1, Barriers: 0, Oops: 0, ImmediateOops: 0, NonImmediateOops: No
[3,352s][debug][gc,nmethod     ] Register NMethod: io.sirix.page.KeyValueLeafPage.setSlot (0x00007ab2a6e39f88) [0x00007ab2a6e3a080, 0x00007ab2a6e3a180] Compiler: jvmci, Barriers: 2, Oops: 1, ImmediateOops: 0, NonImmediateOops: No
[3,352s][debug][gc,nmethod     ] Register NMethod: jdk.internal.foreign.HeapMemorySegmentImpl$OfByte.<init> (0x00007ab288186f88) [0x00007ab288187080, 0x00007ab288187398] Compiler: c1, Barriers: 6, Oops: 0, ImmediateOops: 0, NonImmediateOops: No
[3,352s][debug][gc,nmethod     ] Register NMethod: jdk.internal.foreign.AbstractMemorySegmentImpl$$Lambda/0x000000006c1eb150.apply (0x00007ab288187408) [0x00007ab288187500, 0x00007ab288187898] Compiler: c1, Barriers: 0, Oops: 0, ImmediateOops: 0, NonImmediateOops: No
[3,352s][debug][gc,nmethod     ] Register NMethod: jdk.internal.foreign.layout.ValueLayouts$AbstractValueLayout.withOrder (0x00007ab288187908) [0x00007ab288187a00, 0x00007ab288188230] Compiler: c1, Barriers: 1, Oops: 0, ImmediateOops: 0, NonImmediateOops: No
[3,352s][debug][gc,nmethod     ] Register NMethod: jdk.internal.foreign.layout.ValueLayouts$OfByteImpl.<init> (0x00007ab288188288) [0x00007ab288188380, 0x00007ab2881884d8] Compiler: c1, Barriers: 0, Oops: 0, ImmediateOops: 1, NonImmediateOops: No
[3,352s][debug][gc,nmethod     ] Register NMethod: java.lang.Class.getSimpleName (0x00007ab288188588) [0x00007ab288188680, 0x00007ab2881888e0] Compiler: c1, Barriers: 4, Oops: 0, ImmediateOops: 0, NonImmediateOops: No
[3,352s][debug][gc,nmethod     ] Register NMethod: jdk.internal.foreign.MemorySessionImpl.createHeap (0x00007ab288188908) [0x00007ab288188a00, 0x00007ab288188e88] Compiler: c1, Barriers: 3, Oops: 0, ImmediateOops: 0, NonImmediateOops: No
[3,352s][debug][gc,nmethod     ] Register NMethod: jdk.internal.foreign.HeapMemorySegmentImpl$OfByte.maxAlignMask (0x00007ab288188f08) [0x00007ab288189000, 0x00007ab288189108] Compiler: c1, Barriers: 0, Oops: 0, ImmediateOops: 0, NonImmediateOops: No
[3,352s][debug][gc,nmethod     ] Register NMethod: jdk.internal.foreign.HeapMemorySegmentImpl.<init> (0x00007ab288189208) [0x00007ab288189300, 0x00007ab2881895b8] Compiler: c1, Barriers: 6, Oops: 0, ImmediateOops: 0, NonImmediateOops: No
[3,353s][debug][gc,director    ] Rule Major: Warmup 10%, Used: 1124MB, UsedThreshold: 1228MB
[3,353s][debug][gc,director    ] Rule Minor: High Usage, Free: 11122MB(90,5%)
[3,355s][debug][gc,nmethod     ] Register NMethod: java.lang.foreign.MemorySegment.copy (0x00007ab288189608) [0x00007ab288189700, 0x00007ab288193a20] Compiler: c1, Barriers: 14, Oops: 6, ImmediateOops: 22, NonImmediateOops: No
[3,355s][debug][gc,nmethod     ] Register NMethod: io.sirix.page.KeyValueLeafPage.updateFreeSpaceStart (0x00007ab2a6e3a288) [0x00007ab2a6e3a380, 0x00007ab2a6e3a788] Compiler: jvmci, Barriers: 4, Oops: 1, ImmediateOops: 0, NonImmediateOops: No
[3,355s][debug][gc,nmethod     ] Register NMethod: jdk.internal.foreign.SegmentFactories.fromArray (0x00007ab288193a88) [0x00007ab288193b80, 0x00007ab288194680] Compiler: c1, Barriers: 3, Oops: 0, ImmediateOops: 1, NonImmediateOops: No
[3,355s][debug][gc,nmethod     ] Register NMethod: jdk.internal.foreign.layout.ValueLayouts$OfByteImpl.dup (0x00007ab288194688) [0x00007ab288194780, 0x00007ab288194930] Compiler: c1, Barriers: 0, Oops: 0, ImmediateOops: 0, NonImmediateOops: No
[3,355s][debug][gc,nmethod     ] Register NMethod: jdk.internal.foreign.layout.ValueLayouts$OfByteImpl.dup (0x00007ab288194988) [0x00007ab288194a80, 0x00007ab288194d78] Compiler: c1, Barriers: 0, Oops: 0, ImmediateOops: 0, NonImmediateOops: No
[3,355s][debug][gc,nmethod     ] Register NMethod: jdk.internal.foreign.layout.ValueLayouts$OfByteImpl.withOrder (0x00007ab288194d88) [0x00007ab288194e80, 0x00007ab2881951d0] Compiler: c1, Barriers: 0, Oops: 0, ImmediateOops: 0, NonImmediateOops: No
[3,356s][debug][gc,nmethod     ] Register NMethod: jdk.internal.foreign.HeapMemorySegmentImpl$OfByte.unsafeGetBase (0x00007ab288195208) [0x00007ab288195300, 0x00007ab288195990] Compiler: c1, Barriers: 1, Oops: 0, ImmediateOops: 0, NonImmediateOops: No
[3,356s][debug][gc,nmethod     ] Register NMethod: io.sirix.node.json.JsonNodeSerializer.writeEndPadding (0x00007ab2a6e3a808) [0x00007ab2a6e3a900, 0x00007ab2a6e3b1e0] Compiler: jvmci, Barriers: 14, Oops: 1, ImmediateOops: 0, NonImmediateOops: No
[3,357s][debug][gc,nmethod     ] Register NMethod: jdk.internal.foreign.AbstractMemorySegmentImpl.checkAccess (0x00007ab2a6e3b208) [0x00007ab2a6e3b300, 0x00007ab2a6e3b478] Compiler: jvmci, Barriers: 0, Oops: 0, ImmediateOops: 0, NonImmediateOops: No
[3,357s][debug][gc,nmethod     ] Register NMethod: jdk.internal.foreign.GlobalSession$HeapSession.<init> (0x00007ab288195a08) [0x00007ab288195b00, 0x00007ab288195fd8] Compiler: c1, Barriers: 9, Oops: 0, ImmediateOops: 0, NonImmediateOops: No
[3,357s][debug][gc,nmethod     ] Register NMethod: jdk.internal.foreign.Utils.checkNonNegativeIndex (0x00007ab2a6e3b508) [0x00007ab2a6e3b600, 0x00007ab2a6e3b698] Compiler: jvmci, Barriers: 0, Oops: 0, ImmediateOops: 0, NonImmediateOops: No
[3,358s][debug][gc,nmethod     ] Register NMethod: jdk.internal.foreign.AbstractMemorySegmentImpl.copy (0x00007ab288196008) [0x00007ab288196100, 0x00007ab28819fed0] Compiler: c1, Barriers: 14, Oops: 6, ImmediateOops: 22, NonImmediateOops: No
[3,358s][debug][gc,nmethod     ] Register NMethod: jdk.internal.misc.ScopedMemoryAccess.getScopedMemoryAccess (0x00007ab2a6e3b808) [0x00007ab2a6e3b900, 0x00007ab2a6e3b970] Compiler: jvmci, Barriers: 0, Oops: 0, ImmediateOops: 1, NonImmediateOops: No
[3,362s][debug][gc,nmethod     ] Register NMethod: jdk.internal.foreign.AbstractMemorySegmentImpl.isAlignedForElement (0x00007ab2a6e3bb08) [0x00007ab2a6e3bc00, 0x00007ab2a6e3bdf0] Compiler: jvmci, Barriers: 0, Oops: 0, ImmediateOops: 0, NonImmediateOops: No
[3,363s][debug][gc,director    ] Rule Major: Warmup 10%, Used: 1124MB, UsedThreshold: 1228MB
[3,363s][debug][gc,director    ] Rule Minor: High Usage, Free: 11122MB(90,5%)
[3,364s][debug][gc,nmethod     ] Register NMethod: io.sirix.node.MemorySegmentBytesOut.<init> (0x00007ab2a6e3be08) [0x00007ab2a6e3bf00, 0x00007ab2a6e3cce8] Compiler: jvmci, Barriers: 34, Oops: 3, ImmediateOops: 6, NonImmediateOops: No
[3,364s][debug][gc,nmethod     ] Register NMethod: jdk.internal.foreign.HeapMemorySegmentImpl$OfByte.unsafeGetBase (0x00007ab28819ff08) [0x00007ab2881a0000, 0x00007ab2881a0478] Compiler: c1, Barriers: 1, Oops: 0, ImmediateOops: 0, NonImmediateOops: No
[3,364s][debug][gc,nmethod     ] Register NMethod: jdk.internal.foreign.abi.SharedUtils$1.close (0x00007ab2881a0488) [0x00007ab2881a0580, 0x00007ab2881a0680] Compiler: c1, Barriers: 0, Oops: 0, ImmediateOops: 0, NonImmediateOops: No
[3,365s][debug][gc,nmethod     ] Register NMethod: java.lang.invoke.NativeMethodHandle.internalNativeEntryPoint (0x00007ab2881a0788) [0x00007ab2881a0880, 0x00007ab2881a0ba0] Compiler: c1, Barriers: 1, Oops: 0, ImmediateOops: 0, NonImmediateOops: No
[3,367s][debug][gc,nmethod     ] Register NMethod: java.nio.Buffer.nextPutIndex (0x00007ab2881a0c08) [0x00007ab2881a0d00, 0x00007ab2881a0ec0] Compiler: c1, Barriers: 0, Oops: 0, ImmediateOops: 0, NonImmediateOops: No
[3,367s][debug][gc,nmethod     ] Register NMethod: java.util.concurrent.ConcurrentHashMap$EntrySpliterator.characteristics (0x00007ab2a6e3cd08) [0x00007ab2a6e3ce00, 0x00007ab2a6e3cec0] Compiler: c1, Barriers: 0, Oops: 0, ImmediateOops: 0, NonImmediateOops: No
[3,368s][debug][gc,nmethod     ] Register NMethod: io.sirix.node.NodeSerializerImpl.serialize (0x00007ab2a6e3d008) [0x00007ab2a6e3d100, 0x00007ab2a6e3d760] Compiler: jvmci, Barriers: 7, Oops: 1, ImmediateOops: 3, NonImmediateOops: No
[3,368s][debug][gc,nmethod     ] Register NMethod: java.nio.HeapByteBuffer.putLong (0x00007ab2881a0f08) [0x00007ab2881a1000, 0x00007ab2881a2b10] Compiler: c1, Barriers: 6, Oops: 1, ImmediateOops: 4, NonImmediateOops: No
[3,368s][debug][gc,nmethod     ] Register NMethod: java.lang.invoke.LambdaForm$DMH/0x000000006c19e800.invokeStatic (0x00007ab2881a2b88) [0x00007ab2881a2c80, 0x00007ab2881a3048] Compiler: c1, Barriers: 1, Oops: 1, ImmediateOops: 0, NonImmediateOops: No
[3,368s][debug][gc,nmethod     ] Register NMethod: jdk.internal.foreign.SegmentFactories.ensureInitialized (0x00007ab2a6e3d788) [0x00007ab2a6e3d880, 0x00007ab2a6e3d8e0] Compiler: jvmci, Barriers: 0, Oops: 0, ImmediateOops: 0, NonImmediateOops: No
[3,369s][debug][gc,nmethod     ] Register NMethod: jdk.internal.foreign.HeapMemorySegmentImpl$OfByte.unsafeGetOffset (0x00007ab2a6e3da88) [0x00007ab2a6e3db80, 0x00007ab2a6e3dc08] Compiler: jvmci, Barriers: 0, Oops: 0, ImmediateOops: 0, NonImmediateOops: No
[3,369s][debug][gc,nmethod     ] Register NMethod: jdk.internal.foreign.SegmentFactories$1.cleanup (0x00007ab2a6e3dd88) [0x00007ab2a6e3de80, 0x00007ab2a6e3dfa0] Compiler: jvmci, Barriers: 0, Oops: 0, ImmediateOops: 1, NonImmediateOops: No
[3,369s][debug][gc,nmethod     ] Register NMethod: java.lang.ref.SoftReference.get (0x00007ab2a6e3e088) [0x00007ab2a6e3e180, 0x00007ab2a6e3e2b8] Compiler: jvmci, Barriers: 2, Oops: 0, ImmediateOops: 1, NonImmediateOops: No
[3,371s][debug][gc,nmethod     ] Register NMethod: io.sirix.page.KeyValueLeafPage.setData (0x00007ab2a6e3e388) [0x00007ab2a6e3e480, 0x00007ab2a6e40a28] Compiler: jvmci, Barriers: 34, Oops: 3, ImmediateOops: 3, NonImmediateOops: No
[3,372s][debug][gc,nmethod     ] Register NMethod: jdk.internal.foreign.AbstractMemorySegmentImpl.toArray (0x00007ab2881a3088) [0x00007ab2881a3180, 0x00007ab2881ade70] Compiler: c1, Barriers: 14, Oops: 6, ImmediateOops: 23, NonImmediateOops: No
[3,373s][debug][gc,director    ] Rule Major: Warmup 10%, Used: 1126MB, UsedThreshold: 1228MB
[3,373s][debug][gc,director    ] Rule Minor: High Usage, Free: 11120MB(90,5%)
[3,375s][debug][gc,nmethod     ] Register NMethod: jdk.internal.foreign.AbstractMemorySegmentImpl$$Lambda/0x000000006c1eb150.apply (0x00007ab2a6e40a88) [0x00007ab2a6e40b80, 0x00007ab2a6e40e78] Compiler: jvmci, Barriers: 7, Oops: 0, ImmediateOops: 0, NonImmediateOops: No
[3,379s][debug][gc,nmethod     ] Register NMethod: sun.security.provider.SHA2.implCompress0 (0x00007ab2a6e40e88) [0x00007ab2a6e40f80, 0x00007ab2a6e41848] Compiler: jvmci, Barriers: 2, Oops: 0, ImmediateOops: 1, NonImmediateOops: No
[3,379s][debug][gc,nmethod     ] Register NMethod: java.lang.Class.reflectionData (0x00007ab2a6e41888) [0x00007ab2a6e41980, 0x00007ab2a6e41f88] Compiler: jvmci, Barriers: 17, Oops: 0, ImmediateOops: 2, NonImmediateOops: No
[3,381s][debug][gc,nmethod     ] Register NMethod: jdk.internal.foreign.MemorySessionImpl$ResourceList.cleanupSingle (0x00007ab2a6e42008) [0x00007ab2a6e42100, 0x00007ab2a6e42258] Compiler: jvmci, Barriers: 0, Oops: 0, ImmediateOops: 1, NonImmediateOops: No
[3,382s][debug][gc,nmethod     ] Register NMethod: jdk.internal.foreign.AbstractMemorySegmentImpl$$Lambda/0x000000006c1e9de8.apply (0x00007ab2a6e42308) [0x00007ab2a6e42400, 0x00007ab2a6e42600] Compiler: jvmci, Barriers: 0, Oops: 0, ImmediateOops: 0, NonImmediateOops: No
[3,383s][debug][gc,nmethod     ] Register NMethod: java.lang.Class.getSimpleName (0x00007ab2a6e42608) [0x00007ab2a6e42700, 0x00007ab2a6e42a20] Compiler: jvmci, Barriers: 7, Oops: 0, ImmediateOops: 1, NonImmediateOops: No
[3,383s][debug][gc,nmethod     ] Register NMethod: sun.security.provider.DigestBase.engineUpdate (0x00007ab2881adf08) [0x00007ab2881ae000, 0x00007ab2881af1e0] Compiler: c1, Barriers: 4, Oops: 1, ImmediateOops: 1, NonImmediateOops: No
[3,383s][debug][gc,director    ] Rule Major: Warmup 10%, Used: 1126MB, UsedThreshold: 1228MB
[3,383s][debug][gc,director    ] Rule Minor: High Usage, Free: 11120MB(90,5%)
[3,383s][debug][gc,nmethod     ] Register NMethod: io.sirix.page.KeyValueLeafPage.processEntries (0x00007ab2881af208) [0x00007ab2881af300, 0x00007ab2881c37f8] Compiler: c1, Barriers: 62, Oops: 5, ImmediateOops: 41, NonImmediateOops: No
[3,383s][debug][gc,nmethod     ] Register NMethod: jdk.internal.foreign.layout.ValueLayouts$AbstractValueLayout.withOrder (0x00007ab2a6e42a88) [0x00007ab2a6e42b80, 0x00007ab2a6e42df0] Compiler: jvmci, Barriers: 7, Oops: 0, ImmediateOops: 1, NonImmediateOops: No
[3,385s][debug][gc,nmethod     ] Register NMethod: jdk.internal.foreign.layout.ValueLayouts$AbstractValueLayout.<init> (0x00007ab2a6e42e08) [0x00007ab2a6e42f00, 0x00007ab2a6e43180] Compiler: jvmci, Barriers: 9, Oops: 0, ImmediateOops: 0, NonImmediateOops: No
[3,385s][debug][gc,nmethod     ] Register NMethod: jdk.internal.foreign.layout.ValueLayouts$OfByteImpl.dup (0x00007ab2a6e43188) [0x00007ab2a6e43280, 0x00007ab2a6e43478] Compiler: jvmci, Barriers: 6, Oops: 0, ImmediateOops: 1, NonImmediateOops: No
[3,385s][debug][gc,nmethod     ] Register NMethod: jdk.internal.foreign.layout.ValueLayouts$OfByteImpl.<init> (0x00007ab2a6e43488) [0x00007ab2a6e43580, 0x00007ab2a6e437d0] Compiler: jvmci, Barriers: 9, Oops: 1, ImmediateOops: 1, NonImmediateOops: No
[3,389s][debug][gc,nmethod     ] Register NMethod: jdk.internal.foreign.layout.ValueLayouts$OfByteImpl.dup (0x00007ab2a6e43808) [0x00007ab2a6e43900, 0x00007ab2a6e43af8] Compiler: jvmci, Barriers: 6, Oops: 0, ImmediateOops: 1, NonImmediateOops: No
[3,390s][debug][gc,nmethod     ] Register NMethod: jdk.internal.foreign.layout.AbstractLayout.requirePowerOfTwoAndGreaterOrEqualToOne (0x00007ab2a6e43b08) [0x00007ab2a6e43c00, 0x00007ab2a6e43cb8] Compiler: jvmci, Barriers: 0, Oops: 0, ImmediateOops: 0, NonImmediateOops: No
[3,390s][debug][gc,nmethod     ] Register NMethod: jdk.internal.foreign.Utils.isPowerOfTwo (0x00007ab2a6e43e08) [0x00007ab2a6e43f00, 0x00007ab2a6e43fa8] Compiler: jvmci, Barriers: 0, Oops: 0, ImmediateOops: 0, NonImmediateOops: No
[3,390s][debug][gc,nmethod     ] Register NMethod: jdk.internal.foreign.layout.MemoryLayoutUtil.requireByteSizeValid (0x00007ab2a6e44108) [0x00007ab2a6e44200, 0x00007ab2a6e442b0] Compiler: jvmci, Barriers: 0, Oops: 0, ImmediateOops: 0, NonImmediateOops: No
[3,392s][debug][gc,nmethod     ] Register NMethod: jdk.internal.foreign.AbstractMemorySegmentImpl.toArray (0x00007ab2a6e44408) [0x00007ab2a6e44500, 0x00007ab2a6e44f70] Compiler: jvmci, Barriers: 11, Oops: 0, ImmediateOops: 1, NonImmediateOops: No
[3,392s][debug][gc,nmethod     ] Register NMethod: jdk.internal.foreign.layout.ValueLayouts$OfByteImpl.withOrder (0x00007ab2a6e44f88) [0x00007ab2a6e45080, 0x00007ab2a6e452d0] Compiler: jvmci, Barriers: 7, Oops: 0, ImmediateOops: 1, NonImmediateOops: No
[3,393s][debug][gc,nmethod     ] Register NMethod: jdk.internal.foreign.layout.ValueLayouts$AbstractValueLayout.assertCarrierSize (0x00007ab2a6e45308) [0x00007ab2a6e45400, 0x00007ab2a6e45460] Compiler: jvmci, Barriers: 0, Oops: 0, ImmediateOops: 0, NonImmediateOops: No
[3,393s][debug][gc,director    ] Rule Major: Warmup 10%, Used: 1126MB, UsedThreshold: 1228MB
[3,393s][debug][gc,director    ] Rule Minor: High Usage, Free: 11120MB(90,5%)
[3,393s][debug][gc,nmethod     ] Register NMethod: jdk.internal.foreign.HeapMemorySegmentImpl$OfByte.<init> (0x00007ab2a6e45608) [0x00007ab2a6e45720, 0x00007ab2a6e45888] Compiler: jvmci, Barriers: 6, Oops: 0, ImmediateOops: 0, NonImmediateOops: No
[3,394s][debug][gc,nmethod     ] Register NMethod: jdk.internal.foreign.HeapMemorySegmentImpl$OfByte.maxAlignMask (0x00007ab2a6e45908) [0x00007ab2a6e45a00, 0x00007ab2a6e45a88] Compiler: jvmci, Barriers: 0, Oops: 0, ImmediateOops: 0, NonImmediateOops: No
[3,395s][debug][gc,nmethod     ] Register NMethod: jdk.internal.foreign.SegmentFactories.fromArray (0x00007ab2a6e45c08) [0x00007ab2a6e45d00, 0x00007ab2a6e45f80] Compiler: jvmci, Barriers: 7, Oops: 0, ImmediateOops: 0, NonImmediateOops: No
[3,399s][debug][gc,nmethod     ] Register NMethod: jdk.internal.foreign.HeapMemorySegmentImpl$OfByte.unsafeGetBase (0x00007ab2a6e45f88) [0x00007ab2a6e46080, 0x00007ab2a6e46188] Compiler: jvmci, Barriers: 1, Oops: 0, ImmediateOops: 0, NonImmediateOops: No
[3,399s][debug][gc,nmethod     ] Register NMethod: io.sirix.node.xml.ElementNode.getKind (0x00007ab2a6e46288) [0x00007ab2a6e46380, 0x00007ab2a6e46410] Compiler: jvmci, Barriers: 0, Oops: 1, ImmediateOops: 1, NonImmediateOops: No
[3,402s][debug][gc,nmethod     ] Register NMethod: io.sirix.node.xml.AttributeNode.getPrefixKey (0x00007ab2a6e46588) [0x00007ab2a6e46680, 0x00007ab2a6e46930] Compiler: jvmci, Barriers: 4, Oops: 1, ImmediateOops: 0, NonImmediateOops: No
[3,403s][debug][gc,director    ] Rule Major: Warmup 10%, Used: 1126MB, UsedThreshold: 1228MB
[3,403s][debug][gc,director    ] Rule Minor: High Usage, Free: 11120MB(90,5%)
[3,404s][debug][gc,nmethod     ] Register NMethod: sun.security.provider.SHA2.implCompress0 (0x00007ab2a6e46988) [0x00007ab2a6e46a80, 0x00007ab2a6e477e0] Compiler: jvmci, Barriers: 5, Oops: 0, ImmediateOops: 1, NonImmediateOops: No
[3,406s][debug][gc,nmethod     ] Register NMethod: net.jpountz.lz4.LZ4JNI.LZ4_compress_limitedOutput (0x00007ab2a6e47808) [0x00007ab2a6e47900, 0x00007ab2a6e47ad0] Compiler: , Barriers: 0, Oops: 1, ImmediateOops: 1, NonImmediateOops: No
[3,407s][debug][gc,nmethod     ] Register NMethod: sun.security.provider.ByteArrayAccess.i2bBig4 (0x00007ab2881c3888) [0x00007ab2881c3980, 0x00007ab2881c44f0] Compiler: c1, Barriers: 0, Oops: 5, ImmediateOops: 5, NonImmediateOops: No
[3,407s][debug][gc,nmethod     ] Register NMethod: io.sirix.node.xml.AttributeNode.getURIKey (0x00007ab2a6e47b08) [0x00007ab2a6e47c00, 0x00007ab2a6e47eb0] Compiler: jvmci, Barriers: 4, Oops: 1, ImmediateOops: 0, NonImmediateOops: No
[3,409s][debug][gc,nmethod     ] Register NMethod: net.jpountz.lz4.LZ4Factory.fastCompressor (0x00007ab2a6e47f08) [0x00007ab2a6e48000, 0x00007ab2a6e480e8] Compiler: c1, Barriers: 1, Oops: 1, ImmediateOops: 0, NonImmediateOops: No
[3,409s][debug][gc,nmethod     ] Register NMethod: net.jpountz.lz4.LZ4BlockOutputStream.ensureNotFinished (0x00007ab2881c4588) [0x00007ab2881c4680, 0x00007ab2881c4878] Compiler: c1, Barriers: 0, Oops: 1, ImmediateOops: 1, NonImmediateOops: No
[3,409s][debug][gc,nmethod     ] Register NMethod: net.jpountz.lz4.LZ4BlockOutputStream.flush (0x00007ab2881c4888) [0x00007ab2881c4980, 0x00007ab2881c4d90] Compiler: c1, Barriers: 2, Oops: 1, ImmediateOops: 0, NonImmediateOops: No
[3,412s][debug][gc,nmethod     ] Register NMethod: io.sirix.node.xml.AttributeNode.getLocalNameKey (0x00007ab2a6e48208) [0x00007ab2a6e48300, 0x00007ab2a6e485b0] Compiler: jvmci, Barriers: 4, Oops: 1, ImmediateOops: 0, NonImmediateOops: No
[3,412s][debug][gc,nmethod     ] Register NMethod: java.lang.foreign.MemorySegment.copy (0x00007ab2a6e48608) [0x00007ab2a6e48700, 0x00007ab2a6e48de8] Compiler: jvmci, Barriers: 6, Oops: 0, ImmediateOops: 0, NonImmediateOops: No
[3,413s][debug][gc,nmethod     ] Register NMethod: sun.security.provider.SHA2.implCompress (0x00007ab2a6e48e08) [0x00007ab2a6e48f00, 0x00007ab2a6e49038] Compiler: jvmci, Barriers: 1, Oops: 0, ImmediateOops: 0, NonImmediateOops: No
[3,413s][debug][gc,nmethod     ] Register NMethod: io.sirix.node.json.JsonNodeSerializer.updateSizePrefix (0x00007ab2a6e49108) [0x00007ab2a6e49200, 0x00007ab2a6e49748] Compiler: jvmci, Barriers: 8, Oops: 1, ImmediateOops: 0, NonImmediateOops: No
[3,413s][debug][gc,director    ] Rule Major: Warmup 10%, Used: 1136MB, UsedThreshold: 1228MB
[3,413s][debug][gc,director    ] Rule Minor: High Usage, Free: 11110MB(90,4%)
[3,414s][debug][gc,nmethod     ] Register NMethod: jdk.internal.misc.Unsafe.putShortUnaligned (0x00007ab2a6e49788) [0x00007ab2a6e49880, 0x00007ab2a6e49940] Compiler: jvmci, Barriers: 0, Oops: 0, ImmediateOops: 0, NonImmediateOops: No
[3,415s][debug][gc,nmethod     ] Register NMethod: io.sirix.page.KeyValueLeafPage.processEntries (0x00007ab2881c4e08) [0x00007ab2881c4f00, 0x00007ab2881d9498] Compiler: c1, Barriers: 66, Oops: 5, ImmediateOops: 41, NonImmediateOops: No
[3,416s][debug][gc,nmethod     ] Register NMethod: io.sirix.node.json.JsonNodeSerializer.writeSizePrefix (0x00007ab2a6e49a88) [0x00007ab2a6e49b80, 0x00007ab2a6e4adf0] Compiler: jvmci, Barriers: 31, Oops: 1, ImmediateOops: 0, NonImmediateOops: No
[3,424s][debug][gc,director    ] Rule Major: Warmup 10%, Used: 1138MB, UsedThreshold: 1228MB
[3,424s][debug][gc,director    ] Rule Minor: High Usage, Free: 11108MB(90,4%)
[3,424s][debug][gc,nmethod     ] Register NMethod: io.sirix.node.GrowingMemorySegment.grow (0x00007ab2a6e4ae08) [0x00007ab2a6e4af00, 0x00007ab2a6e4ca28] Compiler: jvmci, Barriers: 39, Oops: 3, ImmediateOops: 6, NonImmediateOops: No
[3,426s][debug][gc,nmethod     ] Register NMethod: jdk.internal.foreign.SegmentBulkOperations.copy (0x00007ab2a6e4ca88) [0x00007ab2a6e4cb80, 0x00007ab2a6e4da20] Compiler: jvmci, Barriers: 25, Oops: 0, ImmediateOops: 0, NonImmediateOops: No
[3,430s][debug][gc,nmethod     ] Register NMethod: java.lang.invoke.LambdaForm$MH/0x000000006c24c800.invokeExact_MT (0x00007ab2881d9508) [0x00007ab2881d9600, 0x00007ab2881da188] Compiler: c1, Barriers: 3, Oops: 1, ImmediateOops: 0, NonImmediateOops: No
[3,431s][debug][gc,nmethod     ] Register NMethod: jdk.internal.foreign.abi.DowncallStub/0x000000006c1a9400.invoke (0x00007ab2881da208) [0x00007ab2881da300, 0x00007ab2881dc970] Compiler: c1, Barriers: 2, Oops: 6, ImmediateOops: 4, NonImmediateOops: No
[3,432s][debug][gc,nmethod     ] Register NMethod: java.lang.invoke.LambdaForm$MH/0x000000006c24d000.invokeExact_MT (0x00007ab2881dca08) [0x00007ab2881dcb00, 0x00007ab2881dd6a0] Compiler: c1, Barriers: 3, Oops: 1, ImmediateOops: 0, NonImmediateOops: No
[3,433s][debug][gc,nmethod     ] Register NMethod: java.lang.invoke.LambdaForm$DMH/0x000000006c1a9800.invokeStatic (0x00007ab2881dd708) [0x00007ab2881dd800, 0x00007ab2881ddbd0] Compiler: c1, Barriers: 1, Oops: 1, ImmediateOops: 0, NonImmediateOops: No
[3,434s][debug][gc,director    ] Rule Major: Warmup 10%, Used: 1140MB, UsedThreshold: 1228MB
[3,434s][debug][gc,director    ] Rule Minor: High Usage, Free: 11106MB(90,4%)
[3,444s][debug][gc,director    ] Rule Major: Warmup 10%, Used: 1140MB, UsedThreshold: 1228MB
[3,444s][debug][gc,director    ] Rule Minor: High Usage, Free: 11106MB(90,4%)
[3,450s][debug][gc,nmethod     ] Register NMethod: jdk.internal.foreign.MemorySessionImpl$ResourceList.cleanup (0x00007ab2881ddc08) [0x00007ab2881ddd00, 0x00007ab2881de498] Compiler: c1, Barriers: 1, Oops: 0, ImmediateOops: 0, NonImmediateOops: No
[3,450s][debug][gc,nmethod     ] Register NMethod: io.sirix.node.delegates.NameNodeDelegate.getURIKey (0x00007ab2a6e4da88) [0x00007ab2a6e4db80, 0x00007ab2a6e4dc40] Compiler: c1, Barriers: 0, Oops: 1, ImmediateOops: 0, NonImmediateOops: No
[3,450s][debug][gc,nmethod     ] Register NMethod: io.sirix.node.delegates.NodeDelegate.getPreviousRevisionNumber (0x00007ab2a6e4dd88) [0x00007ab2a6e4de80, 0x00007ab2a6e4df40] Compiler: c1, Barriers: 0, Oops: 1, ImmediateOops: 0, NonImmediateOops: No
[3,450s][debug][gc,nmethod     ] Register NMethod: io.sirix.node.delegates.NodeDelegate.getLastModifiedRevisionNumber (0x00007ab2a6e4e088) [0x00007ab2a6e4e180, 0x00007ab2a6e4e240] Compiler: c1, Barriers: 0, Oops: 1, ImmediateOops: 0, NonImmediateOops: No
[3,451s][debug][gc,nmethod     ] Register NMethod: io.sirix.node.delegates.StructNodeDelegate.getLastChildKey (0x00007ab2a6e4e388) [0x00007ab2a6e4e480, 0x00007ab2a6e4e540] Compiler: c1, Barriers: 0, Oops: 1, ImmediateOops: 0, NonImmediateOops: No
[3,451s][debug][gc,nmethod     ] Register NMethod: io.sirix.node.delegates.StructNodeDelegate.getChildCount (0x00007ab2a6e4e688) [0x00007ab2a6e4e780, 0x00007ab2a6e4e840] Compiler: c1, Barriers: 0, Oops: 1, ImmediateOops: 0, NonImmediateOops: No
[3,451s][debug][gc,nmethod     ] Register NMethod: io.sirix.index.path.summary.PathNode.getNameNodeDelegate (0x00007ab2a6e4e988) [0x00007ab2a6e4ea80, 0x00007ab2a6e4eb68] Compiler: c1, Barriers: 1, Oops: 1, ImmediateOops: 0, NonImmediateOops: No
[3,451s][debug][gc,nmethod     ] Register NMethod: io.sirix.node.delegates.NameNodeDelegate.getPathNodeKey (0x00007ab2a6e4ec88) [0x00007ab2a6e4ed80, 0x00007ab2a6e4ee40] Compiler: c1, Barriers: 0, Oops: 1, ImmediateOops: 0, NonImmediateOops: No
[3,451s][debug][gc,nmethod     ] Register NMethod: io.sirix.index.path.summary.PathNode.getReferences (0x00007ab2a6e4ef88) [0x00007ab2a6e4f080, 0x00007ab2a6e4f140] Compiler: c1, Barriers: 0, Oops: 1, ImmediateOops: 0, NonImmediateOops: No
[3,451s][debug][gc,nmethod     ] Register NMethod: io.sirix.index.path.summary.PathNode.getKind (0x00007ab2881de508) [0x00007ab2881de600, 0x00007ab2881de920] Compiler: c1, Barriers: 0, Oops: 1, ImmediateOops: 1, NonImmediateOops: No
[3,451s][debug][gc,nmethod     ] Register NMethod: io.sirix.index.path.summary.PathNode.getKind (0x00007ab2881de988) [0x00007ab2881dea80, 0x00007ab2881deb88] Compiler: c1, Barriers: 0, Oops: 1, ImmediateOops: 1, NonImmediateOops: No
[3,451s][debug][gc,nmethod     ] Register NMethod: io.sirix.node.NodeKind$13.serialize (0x00007ab2881dec88) [0x00007ab2881ded80, 0x00007ab2881e02e0] Compiler: c1, Barriers: 7, Oops: 1, ImmediateOops: 0, NonImmediateOops: No
[3,451s][debug][gc,nmethod     ] Register NMethod: io.sirix.node.AbstractForwardingNode.getNodeDelegate (0x00007ab2881e0308) [0x00007ab2881e0400, 0x00007ab2881e0700] Compiler: c1, Barriers: 0, Oops: 1, ImmediateOops: 0, NonImmediateOops: No
[3,452s][debug][gc,nmethod     ] Register NMethod: io.sirix.node.NodeKind.serializeDelegateWithoutIDs (0x00007ab2881e0788) [0x00007ab2881e0880, 0x00007ab2881e0cb8] Compiler: c1, Barriers: 2, Oops: 1, ImmediateOops: 0, NonImmediateOops: No
[3,452s][debug][gc,nmethod     ] Register NMethod: io.sirix.node.xml.AbstractStructForwardingNode.getStructNodeDelegate (0x00007ab2881e0d08) [0x00007ab2881e0e00, 0x00007ab2881e1100] Compiler: c1, Barriers: 0, Oops: 1, ImmediateOops: 0, NonImmediateOops: No
[3,452s][debug][gc,nmethod     ] Register NMethod: io.sirix.node.NodeKind.serializeStructDelegate (0x00007ab2881e1188) [0x00007ab2881e1280, 0x00007ab2881e1e08] Compiler: c1, Barriers: 7, Oops: 1, ImmediateOops: 5, NonImmediateOops: No
[3,452s][debug][gc,nmethod     ] Register NMethod: jdk.internal.foreign.MemorySessionImpl$ResourceList.cleanup (0x00007ab2881e1e88) [0x00007ab2881e1f80, 0x00007ab2881e26b0] Compiler: c1, Barriers: 1, Oops: 0, ImmediateOops: 0, NonImmediateOops: No
[3,453s][debug][gc,nmethod     ] Register NMethod: io.sirix.node.NodeKind.serializeNameDelegate (0x00007ab2881e2708) [0x00007ab2881e2800, 0x00007ab2881e2d38] Compiler: c1, Barriers: 3, Oops: 1, ImmediateOops: 0, NonImmediateOops: No
[3,453s][debug][gc,nmethod     ] Register NMethod: java.nio.HeapByteBuffer.put (0x00007ab2881e2d88) [0x00007ab2881e2e80, 0x00007ab2881e3338] Compiler: c1, Barriers: 1, Oops: 0, ImmediateOops: 0, NonImmediateOops: No
[3,453s][debug][gc,nmethod     ] Register NMethod: java.util.stream.Sink.begin (0x00007ab2881e3388) [0x00007ab2881e3480, 0x00007ab2881e3580] Compiler: c1, Barriers: 0, Oops: 0, ImmediateOops: 0, NonImmediateOops: No
[3,454s][debug][gc,director    ] Rule Major: Warmup 10%, Used: 1156MB, UsedThreshold: 1228MB
[3,454s][debug][gc,director    ] Rule Minor: High Usage, Free: 11090MB(90,3%)
[3,457s][debug][gc,nmethod     ] Register NMethod: java.util.stream.ReferencePipeline$2$1.begin (0x00007ab2881e3688) [0x00007ab2881e3780, 0x00007ab2881e3ac0] Compiler: c1, Barriers: 1, Oops: 0, ImmediateOops: 0, NonImmediateOops: No
[3,457s][debug][gc,nmethod     ] Register NMethod: java.util.stream.Node.getChildCount (0x00007ab2a6e4f288) [0x00007ab2a6e4f380, 0x00007ab2a6e4f440] Compiler: c1, Barriers: 0, Oops: 0, ImmediateOops: 0, NonImmediateOops: No
[3,458s][debug][gc,nmethod     ] Register NMethod: java.nio.HeapByteBuffer.ix (0x00007ab2a6e4f588) [0x00007ab2a6e4f680, 0x00007ab2a6e4f708] Compiler: jvmci, Barriers: 0, Oops: 0, ImmediateOops: 0, NonImmediateOops: No
[3,459s][debug][gc,nmethod     ] Register NMethod: io.sirix.access.trx.RevisionEpochTracker.minActiveRevision (0x00007ab2a6e4f888) [0x00007ab2a6e4f980, 0x00007ab2a6e4fe10] Compiler: jvmci, Barriers: 6, Oops: 1, ImmediateOops: 0, NonImmediateOops: No
[3,460s][debug][gc,nmethod     ] Register NMethod: io.sirix.cache.LinuxMemorySegmentAllocator.release (0x00007ab2881e3b08) [0x00007ab2881e3c00, 0x00007ab2881efa70] Compiler: c1, Barriers: 94, Oops: 27, ImmediateOops: 36, NonImmediateOops: No
[3,460s][debug][gc,nmethod     ] Register NMethod: java.nio.Buffer.nextPutIndex (0x00007ab2881efb88) [0x00007ab2881efc80, 0x00007ab2881efe40] Compiler: c1, Barriers: 0, Oops: 0, ImmediateOops: 0, NonImmediateOops: No
[3,464s][debug][gc,director    ] Rule Major: Warmup 10%, Used: 1162MB, UsedThreshold: 1228MB
[3,464s][debug][gc,director    ] Rule Minor: High Usage, Free: 11084MB(90,2%)
[3,468s][debug][gc,nmethod     ] Register NMethod: jdk.internal.misc.ScopedMemoryAccess.putShortUnalignedInternal (0x00007ab2a6e4fe88) [0x00007ab2a6e4ff80, 0x00007ab2a6e50138] Compiler: jvmci, Barriers: 2, Oops: 0, ImmediateOops: 0, NonImmediateOops: No
[3,469s][debug][gc,nmethod     ] Register NMethod: sun.security.provider.DigestBase.implCompressMultiBlock0 (0x00007ab2a6e50188) [0x00007ab2a6e50280, 0x00007ab2a6e505b0] Compiler: jvmci, Barriers: 1, Oops: 0, ImmediateOops: 0, NonImmediateOops: No
[3,470s][debug][gc,nmethod     ] Register NMethod: jdk.internal.misc.ScopedMemoryAccess.putShortUnaligned (0x00007ab2a6e50608) [0x00007ab2a6e50700, 0x00007ab2a6e508b8] Compiler: jvmci, Barriers: 2, Oops: 0, ImmediateOops: 0, NonImmediateOops: No
[3,476s][debug][gc,director    ] Rule Major: Warmup 10%, Used: 1164MB, UsedThreshold: 1228MB
[3,476s][debug][gc,director    ] Rule Minor: High Usage, Free: 11082MB(90,2%)
[3,478s][debug][gc,nmethod     ] Register NMethod: io.sirix.node.NodeKind$4.serialize (0x00007ab2a6e50908) [0x00007ab2a6e50a00, 0x00007ab2a6e53c80] Compiler: jvmci, Barriers: 85, Oops: 3, ImmediateOops: 0, NonImmediateOops: No
[3,479s][debug][gc,nmethod     ] Register NMethod: com.google.common.base.Preconditions.checkPositionIndexes (0x00007ab2881efe88) [0x00007ab2881eff80, 0x00007ab2881f01e8] Compiler: c1, Barriers: 0, Oops: 1, ImmediateOops: 0, NonImmediateOops: No
[3,480s][debug][gc,nmethod     ] Register NMethod: com.google.common.hash.MessageDigestHashFunction$MessageDigestHasher.checkNotDone (0x00007ab2881f0208) [0x00007ab2881f0300, 0x00007ab2881f0670] Compiler: c1, Barriers: 0, Oops: 2, ImmediateOops: 2, NonImmediateOops: No
[3,480s][debug][gc,nmethod     ] Register NMethod: java.io.DataOutputStream.flush (0x00007ab2881f0688) [0x00007ab2881f0780, 0x00007ab2881f0ac0] Compiler: c1, Barriers: 1, Oops: 0, ImmediateOops: 0, NonImmediateOops: No
[3,480s][debug][gc,nmethod     ] Register NMethod: sun.security.provider.DigestBase.engineUpdate (0x00007ab2881f0b08) [0x00007ab2881f0c00, 0x00007ab2881f1aa8] Compiler: c1, Barriers: 4, Oops: 1, ImmediateOops: 1, NonImmediateOops: No
[3,480s][debug][gc,nmethod     ] Register NMethod: com.google.common.base.Preconditions.checkState (0x00007ab2881f1b08) [0x00007ab2881f1c00, 0x00007ab2881f2080] Compiler: c1, Barriers: 0, Oops: 1, ImmediateOops: 1, NonImmediateOops: No
[3,481s][debug][gc,nmethod     ] Register NMethod: io.sirix.node.GrowingMemorySegment.writeShort (0x00007ab2881f2108) [0x00007ab2881f2200, 0x00007ab2881f6030] Compiler: c1, Barriers: 5, Oops: 6, ImmediateOops: 11, NonImmediateOops: No
[3,482s][debug][gc,nmethod     ] Register NMethod: io.sirix.node.Utils.putVarLong (0x00007ab2a6e53d08) [0x00007ab2a6e53e00, 0x00007ab2a6e546f0] Compiler: jvmci, Barriers: 13, Oops: 1, ImmediateOops: 0, NonImmediateOops: No
[3,485s][debug][gc,nmethod     ] Register NMethod: sun.security.provider.DigestBase.implCompressMultiBlock0 (0x00007ab2a6e54708) [0x00007ab2a6e54800, 0x00007ab2a6e549e0] Compiler: jvmci, Barriers: 1, Oops: 0, ImmediateOops: 0, NonImmediateOops: No
[3,486s][debug][gc,director    ] Rule Major: Warmup 10%, Used: 1172MB, UsedThreshold: 1228MB
[3,486s][debug][gc,director    ] Rule Minor: High Usage, Free: 11074MB(90,1%)
[3,491s][debug][gc,nmethod     ] Register NMethod: io.sirix.page.KeyValueLeafPage.resizeMemorySegment (0x00007ab2a6e54a08) [0x00007ab2a6e54b00, 0x00007ab2a6e55198] Compiler: jvmci, Barriers: 5, Oops: 1, ImmediateOops: 0, NonImmediateOops: No
[3,491s][debug][gc,nmethod     ] Register NMethod: java.util.stream.AbstractSpinedBuffer.count (0x00007ab2881f6088) [0x00007ab2881f6180, 0x00007ab2881f6358] Compiler: c1, Barriers: 1, Oops: 0, ImmediateOops: 0, NonImmediateOops: No
[3,495s][debug][gc,nmethod     ] Register NMethod: java.util.BitSet.toByteArray (0x00007ab2881f6388) [0x00007ab2881f6480, 0x00007ab2881f7100] Compiler: c1, Barriers: 3, Oops: 0, ImmediateOops: 1, NonImmediateOops: No
[3,496s][debug][gc,director    ] Rule Major: Warmup 10%, Used: 1172MB, UsedThreshold: 1228MB
[3,496s][debug][gc,director    ] Rule Minor: High Usage, Free: 11074MB(90,1%)
[3,497s][debug][gc,nmethod     ] Register NMethod: io.sirix.node.MemorySegmentBytesIn.toByteArray (0x00007ab2881f7108) [0x00007ab2881f7200, 0x00007ab2881fe058] Compiler: c1, Barriers: 7, Oops: 9, ImmediateOops: 16, NonImmediateOops: No
[3,506s][debug][gc,director    ] Rule Major: Warmup 10%, Used: 1176MB, UsedThreshold: 1228MB
[3,506s][debug][gc,director    ] Rule Minor: High Usage, Free: 11070MB(90,1%)
[3,509s][debug][gc,nmethod     ] Register NMethod: jdk.internal.foreign.MemorySessionImpl$ResourceList.cleanup (0x00007ab2a6e55208) [0x00007ab2a6e55300, 0x00007ab2a6e55698] Compiler: jvmci, Barriers: 2, Oops: 0, ImmediateOops: 1, NonImmediateOops: No
[3,512s][debug][gc,nmethod     ] Register NMethod: io.sirix.node.NodeKind$1.serialize (0x00007ab2a6e55708) [0x00007ab2a6e55800, 0x00007ab2a6e5cf08] Compiler: jvmci, Barriers: 211, Oops: 1, ImmediateOops: 1, NonImmediateOops: No
[3,515s][debug][gc,nmethod     ] Register NMethod: jdk.internal.foreign.MemorySessionImpl$ResourceList.cleanup (0x00007ab2a6e5cf88) [0x00007ab2a6e5d080, 0x00007ab2a6e5d238] Compiler: jvmci, Barriers: 1, Oops: 0, ImmediateOops: 1, NonImmediateOops: No
[3,516s][debug][gc,director    ] Rule Major: Warmup 10%, Used: 1196MB, UsedThreshold: 1228MB
[3,516s][debug][gc,director    ] Rule Minor: High Usage, Free: 11050MB(89,9%)
[3,518s][debug][gc,alloc       ] Mutator Allocation Rate: 515,2MB/s Predicted: 559,9MB/s, Avg: 388,6(+/-97,6)MB/s
[3,518s][debug][gc,director    ] Rule Major: Warmup 10%, Used: 1206MB, UsedThreshold: 1228MB
[3,518s][debug][gc,director    ] Rule Minor: High Usage, Free: 11040MB(89,8%)
[3,519s][debug][gc,nmethod     ] Register NMethod: net.jpountz.lz4.LZ4JNICompressor.compress (0x00007ab2881fe108) [0x00007ab2881fe200, 0x00007ab2881fee40] Compiler: c1, Barriers: 0, Oops: 1, ImmediateOops: 3, NonImmediateOops: No
[3,519s][debug][gc,nmethod     ] Register NMethod: io.sirix.node.xml.ElementNode.getAttributeKey (0x00007ab2a6e5d288) [0x00007ab2a6e5d380, 0x00007ab2a6e5d520] Compiler: jvmci, Barriers: 2, Oops: 1, ImmediateOops: 0, NonImmediateOops: No
[3,520s][debug][gc,nmethod     ] Register NMethod: io.sirix.page.KeyValueLeafPage.addReferences (0x00007ab2881fee88) [0x00007ab2881fef80, 0x00007ab2882000a0] Compiler: c1, Barriers: 6, Oops: 1, ImmediateOops: 0, NonImmediateOops: No
[3,522s][debug][gc,nmethod     ] Register NMethod: net.jpountz.util.SafeUtils.checkRange (0x00007ab2a6e5d588) [0x00007ab2a6e5d680, 0x00007ab2a6e5d780] Compiler: jvmci, Barriers: 0, Oops: 1, ImmediateOops: 0, NonImmediateOops: No
[3,523s][debug][gc,nmethod     ] Register NMethod: net.jpountz.lz4.LZ4BlockOutputStream.writeIntLE (0x00007ab2a6e5d888) [0x00007ab2a6e5d980, 0x00007ab2a6e5da98] Compiler: jvmci, Barriers: 0, Oops: 1, ImmediateOops: 0, NonImmediateOops: No
[3,527s][debug][gc,nmethod     ] Register NMethod: io.sirix.io.bytepipe.ByteHandlerPipeline.serialize (0x00007ab288200108) [0x00007ab288200200, 0x00007ab288200e20] Compiler: c1, Barriers: 1, Oops: 1, ImmediateOops: 0, NonImmediateOops: No
[3,527s][debug][gc,nmethod     ] Register NMethod: net.jpountz.lz4.LZ4BlockOutputStream.flushBufferedData (0x00007ab288200e88) [0x00007ab288200f80, 0x00007ab288202020] Compiler: c1, Barriers: 14, Oops: 1, ImmediateOops: 0, NonImmediateOops: No
[3,528s][debug][gc,nmethod     ] Register NMethod: java.util.concurrent.ConcurrentHashMap$CollectionView.<init> (0x00007ab288202088) [0x00007ab288202180, 0x00007ab288202350] Compiler: c1, Barriers: 3, Oops: 0, ImmediateOops: 0, NonImmediateOops: No
[3,529s][debug][gc,director    ] Rule Major: Warmup 10%, Used: 1244MB, UsedThreshold: 1228MB
[3,529s][debug][gc,nmethod     ] Register NMethod: java.util.stream.AbstractPipeline.evaluateToArrayNode (0x00007ab288202388) [0x00007ab288202480, 0x00007ab288203418] Compiler: c1, Barriers: 3, Oops: 0, ImmediateOops: 1, NonImmediateOops: No
[3,529s][info ][gc             ] GC(1) Major Collection (Warmup)
[3,529s][info ][gc,task        ] GC(1) Using 5 Workers for Young Generation
[3,529s][info ][gc,task        ] GC(1) Using 3 Workers for Old Generation
[3,529s][debug][gc,nmethod     ] Register NMethod: java.util.stream.Nodes.flatten (0x00007ab288203488) [0x00007ab288203580, 0x00007ab2882042b8] Compiler: c1, Barriers: 3, Oops: 0, ImmediateOops: 1, NonImmediateOops: No
[3,529s][debug][gc,nmethod     ] Register NMethod: java.io.ByteArrayOutputStream.<init> (0x00007ab288204308) [0x00007ab288204400, 0x00007ab2882052c8] Compiler: c1, Barriers: 3, Oops: 1, ImmediateOops: 2, NonImmediateOops: No
[3,529s][debug][gc,heap        ] GC(1) Y: Heap Before GC invocations=1 (full 1):
[3,529s][debug][gc,heap        ] GC(1) Y:  ZHeap           used 1244M, capacity 5120M, max capacity 12288M
[3,529s][debug][gc,heap        ] GC(1) Y:   Cache          3876M (1)
[3,529s][debug][gc,heap        ] GC(1) Y:    size classes  2G (1)
[3,529s][debug][gc,metaspace   ] GC(1) Y: Metaspace Before GC invocations=1 (full 1):
[3,529s][debug][gc,metaspace   ] GC(1) Y:  Metaspace       used 31799K, committed 32192K, reserved 1114112K
[3,529s][debug][gc,metaspace   ] GC(1) Y:   class space    used 2561K, committed 2752K, reserved 1048576K
[3,529s][info ][gc,phases      ] GC(1) Y: Young Generation
[3,529s][debug][gc,nmethod     ] Register NMethod: net.jpountz.lz4.LZ4Compressor.compress (0x00007ab288205308) [0x00007ab288205400, 0x00007ab288205708] Compiler: c1, Barriers: 0, Oops: 1, ImmediateOops: 0, NonImmediateOops: No
[3,529s][debug][gc,nmethod     ] Register NMethod: java.util.stream.AbstractPipeline.isParallel (0x00007ab2a6e5db88) [0x00007ab2a6e5dc80, 0x00007ab2a6e5dd60] Compiler: jvmci, Barriers: 1, Oops: 0, ImmediateOops: 0, NonImmediateOops: No
[3,530s][debug][gc,nmethod     ] Register NMethod: java.security.MessageDigest.update (0x00007ab288205788) [0x00007ab288205880, 0x00007ab288205fc0] Compiler: c1, Barriers: 1, Oops: 0, ImmediateOops: 2, NonImmediateOops: No
[3,531s][debug][gc,nmethod     ] Register NMethod: com.google.common.base.Preconditions.checkArgument (0x00007ab288206008) [0x00007ab288206100, 0x00007ab2882068b8] Compiler: c1, Barriers: 4, Oops: 1, ImmediateOops: 1, NonImmediateOops: No
[3,531s][debug][gc,reloc       ] Synchronize all workers 1 _nworkers: 0 _nsynchronized: 0
[3,531s][debug][gc,reloc       ] Synchronize all workers 1 _nworkers: 0 _nsynchronized: 0
[3,531s][debug][gc,phases,start] GC(1) Y: Pause Mark Start (Major)
[3,531s][debug][gc,tlab        ] GC(1) Y: TLAB usage update: used 218M -> 1038M, capacity: 218M -> 464M
[3,531s][debug][gc,marking     ] GC(1) Y: Using 4 mark stripes
[3,531s][debug][gc,marking     ] GC(1) Y: Mark Worker/Stripe Distribution
[3,531s][debug][gc,marking     ] GC(1) Y:   Worker 0(5) -> Stripe 0(4)
[3,531s][debug][gc,marking     ] GC(1) Y:   Worker 1(5) -> Stripe 1(4)
[3,531s][debug][gc,marking     ] GC(1) Y:   Worker 2(5) -> Stripe 2(4)
[3,531s][debug][gc,marking     ] GC(1) Y:   Worker 3(5) -> Stripe 3(4)
[3,531s][debug][gc,marking     ] GC(1) Y:   Worker 4(5) -> Stripe 0(4)
[3,531s][debug][gc,marking     ] GC(1) Y: Using 2 mark stripes
[3,531s][debug][gc,marking     ] GC(1) Y: Mark Worker/Stripe Distribution
[3,531s][debug][gc,marking     ] GC(1) Y:   Worker 0(3) -> Stripe 0(2)
[3,531s][debug][gc,marking     ] GC(1) Y:   Worker 1(3) -> Stripe 1(2)
[3,531s][debug][gc,marking     ] GC(1) Y:   Worker 2(3) -> Stripe 0(2)
[3,531s][info ][gc,phases      ] GC(1) Y: Pause Mark Start (Major) 0,187ms
[3,531s][debug][gc,marking     ] Resurrection broke termination
[3,531s][debug][gc,nmethod     ] Register NMethod: com.google.common.hash.MessageDigestHashFunction$MessageDigestHasher.hash (0x00007ab288206908) [0x00007ab288206a00, 0x00007ab2882094f0] Compiler: c1, Barriers: 13, Oops: 2, ImmediateOops: 2, NonImmediateOops: No
[3,531s][debug][gc,reloc       ] Desynchronize all workers _nworkers: 0 _nsynchronized: 0
[3,531s][debug][gc,reloc       ] Desynchronize all workers _nworkers: 0 _nsynchronized: 0
[3,531s][debug][gc,phases,start] GC(1) Y: Concurrent Mark
[3,531s][debug][gc,phases,start] GC(1) Y: Concurrent Mark Roots
[3,531s][debug][gc,nmethod     ] Register NMethod: java.io.FilterOutputStream.close (0x00007ab288209508) [0x00007ab288209600, 0x00007ab28820a5e8] Compiler: c1, Barriers: 4, Oops: 0, ImmediateOops: 0, NonImmediateOops: No
[3,531s][debug][gc             ] JNI Critical Stall (ForkJoinPool.commonPool-worker-14) 1,500ms
[3,531s][debug][gc,task        ] GC(1) Y: Executing ZMarkYoungRootsTask using ZWorkerYoung with 5 workers
[3,531s][debug][gc             ] JNI Critical Stall (ForkJoinPool.commonPool-worker-11) 1,212ms
[3,532s][debug][gc             ] JNI Critical Stall (ForkJoinPool.commonPool-worker-4) 0,246ms
[3,531s][debug][gc,nmethod     ] Register NMethod: java.util.ArrayList$ArrayListSpliterator.forEachRemaining (0x00007ab28820a608) [0x00007ab28820a700, 0x00007ab28820ae58] Compiler: c1, Barriers: 4, Oops: 0, ImmediateOops: 0, NonImmediateOops: No
[3,531s][debug][gc             ] JNI Critical Stall (Test worker) 0,092ms
[3,532s][debug][gc             ] JNI Critical Stall (ForkJoinPool.commonPool-worker-1) 1,203ms
[3,531s][debug][gc             ] JNI Critical Stall (ForkJoinPool.commonPool-worker-18) 2,377ms
[3,537s][debug][gc,nmethod     ] Register NMethod: sun.security.provider.ByteArrayAccess.i2bBig (0x00007ab28820ae88) [0x00007ab28820af80, 0x00007ab28820bbe0] Compiler: c1, Barriers: 0, Oops: 5, ImmediateOops: 5, NonImmediateOops: No
[3,537s][debug][gc,nmethod     ] Register NMethod: com.google.common.hash.MessageDigestHashFunction.newHasher (0x00007ab28820bc88) [0x00007ab28820bd80, 0x00007ab28820d230] Compiler: c1, Barriers: 15, Oops: 1, ImmediateOops: 2, NonImmediateOops: No
[3,537s][debug][gc,nmethod     ] Register NMethod: java.util.stream.ForEachOps$ForEachOp$OfRef.accept (0x00007ab28820d288) [0x00007ab28820d380, 0x00007ab28820d6c0] Compiler: c1, Barriers: 1, Oops: 0, ImmediateOops: 0, NonImmediateOops: No
[3,537s][debug][gc,nmethod     ] Register NMethod: io.sirix.access.trx.page.NodeStorageEngineWriter$$Lambda/0x000000006c244000.apply (0x00007ab28820d708) [0x00007ab28820d800, 0x00007ab28820dd18] Compiler: c1, Barriers: 1, Oops: 1, ImmediateOops: 0, NonImmediateOops: No
[3,537s][debug][gc,nmethod     ] Register NMethod: io.sirix.access.trx.page.NodeStorageEngineWriter$$Lambda/0x000000006c244248.test (0x00007ab28820dd88) [0x00007ab28820de80, 0x00007ab28820e408] Compiler: c1, Barriers: 0, Oops: 1, ImmediateOops: 0, NonImmediateOops: No
[3,537s][debug][gc,nmethod     ] Register NMethod: net.jpountz.lz4.LZ4BlockOutputStream.write (0x00007ab28820e488) [0x00007ab28820e580, 0x00007ab28820f018] Compiler: c1, Barriers: 2, Oops: 1, ImmediateOops: 2, NonImmediateOops: No
[3,538s][debug][gc,nmethod     ] Register NMethod: io.sirix.access.trx.page.NodeStorageEngineWriter.lambda$parallelSerializationOfKeyValuePages$0 (0x00007ab28820f088) [0x00007ab28820f180, 0x00007ab28820f468] Compiler: c1, Barriers: 0, Oops: 1, ImmediateOops: 0, NonImmediateOops: No
[3,538s][debug][gc,nmethod     ] Register NMethod: sun.security.provider.DigestBase.engineDigest (0x00007ab28820f488) [0x00007ab28820f580, 0x00007ab28820f9c8] Compiler: c1, Barriers: 0, Oops: 0, ImmediateOops: 1, NonImmediateOops: No
[3,538s][debug][gc,nmethod     ] Register NMethod: sun.security.provider.DigestBase.engineDigest (0x00007ab28820fa08) [0x00007ab28820fb00, 0x00007ab2882117a0] Compiler: c1, Barriers: 2, Oops: 3, ImmediateOops: 5, NonImmediateOops: No
[3,539s][debug][gc,nmethod     ] Register NMethod: java.security.MessageDigest$Delegate$CloneableDelegate.<init> (0x00007ab288211808) [0x00007ab288211900, 0x00007ab288211ce8] Compiler: c1, Barriers: 9, Oops: 0, ImmediateOops: 0, NonImmediateOops: No
[3,539s][debug][gc,nmethod     ] Register NMethod: net.jpountz.lz4.LZ4Utils.maxCompressedLength (0x00007ab288211d08) [0x00007ab288211e00, 0x00007ab288212c08] Compiler: c1, Barriers: 0, Oops: 2, ImmediateOops: 3, NonImmediateOops: No
[3,539s][debug][gc,nmethod     ] Register NMethod: io.sirix.io.bytepipe.LZ4Compressor.serialize (0x00007ab288212c88) [0x00007ab288212d80, 0x00007ab288213238] Compiler: c1, Barriers: 1, Oops: 1, ImmediateOops: 0, NonImmediateOops: No
[3,540s][debug][gc,nmethod     ] Register NMethod: net.jpountz.lz4.LZ4Compressor.maxCompressedLength (0x00007ab288213288) [0x00007ab288213380, 0x00007ab2882134b0] Compiler: c1, Barriers: 0, Oops: 1, ImmediateOops: 0, NonImmediateOops: No
[3,540s][debug][gc,nmethod     ] Register NMethod: net.jpountz.lz4.LZ4BlockOutputStream.close (0x00007ab288213588) [0x00007ab288213680, 0x00007ab288213af8] Compiler: c1, Barriers: 4, Oops: 1, ImmediateOops: 0, NonImmediateOops: No
[3,540s][debug][gc,nmethod     ] Register NMethod: net.jpountz.lz4.LZ4BlockOutputStream.finish (0x00007ab288213b08) [0x00007ab288213c00, 0x00007ab2882144f8] Compiler: c1, Barriers: 6, Oops: 1, ImmediateOops: 1, NonImmediateOops: No
[3,541s][debug][gc,nmethod     ] Register NMethod: net.jpountz.lz4.LZ4BlockOutputStream.<init> (0x00007ab288214508) [0x00007ab288214600, 0x00007ab288217390] Compiler: c1, Barriers: 36, Oops: 5, ImmediateOops: 38, NonImmediateOops: No
[3,542s][debug][gc,nmethod     ] Register NMethod: net.jpountz.lz4.LZ4BlockOutputStream.compressionLevel (0x00007ab288217408) [0x00007ab288217500, 0x00007ab288219238] Compiler: c1, Barriers: 0, Oops: 3, ImmediateOops: 4, NonImmediateOops: No
[3,542s][debug][gc,nmethod     ] Register NMethod: java.util.stream.AbstractPipeline.exactOutputSizeIfKnown (0x00007ab288219288) [0x00007ab288219380, 0x00007ab28821a398] Compiler: c1, Barriers: 3, Oops: 2, ImmediateOops: 2, NonImmediateOops: No
[3,542s][debug][gc,nmethod     ] Register NMethod: net.jpountz.lz4.LZ4BlockOutputStream.<init> (0x00007ab28821a408) [0x00007ab28821a500, 0x00007ab28821d240] Compiler: c1, Barriers: 36, Oops: 5, ImmediateOops: 38, NonImmediateOops: No
[3,543s][debug][gc,alloc       ] Mutator Allocation Rate: 549,2MB/s Predicted: 581,3MB/s, Avg: 400,1(+/-102,7)MB/s
[3,544s][debug][gc,tlab        ] GC(1) Y: TLAB totals: thrds: 36  refills: 3966 max: 3452 slow allocs: 1206 max 483 waste:  0,5% gc: 1846776B max: 178504B slow: 2833928B max: 2524992B
[3,544s][debug][gc,phases      ] GC(1) Y: Concurrent Mark Roots 12,271ms
[3,544s][debug][gc,phases,start] GC(1) Y: Concurrent Mark Follow
[3,544s][debug][gc,marking     ] GC(1) Y: Using 4 mark stripes
[3,544s][debug][gc,task        ] GC(1) Y: Executing ZRememberedScanMarkFollowTask using ZWorkerYoung with 5 workers
[3,548s][debug][gc,nmethod     ] Register NMethod: sun.security.provider.SHA2.implDigest (0x00007ab28821d288) [0x00007ab28821d380, 0x00007ab28821f518] Compiler: c1, Barriers: 4, Oops: 5, ImmediateOops: 12, NonImmediateOops: No
[3,549s][debug][gc,nmethod     ] Register NMethod: java.util.stream.SpinedBuffer.copyInto (0x00007ab28821f588) [0x00007ab28821f680, 0x00007ab288220278] Compiler: c1, Barriers: 7, Oops: 0, ImmediateOops: 1, NonImmediateOops: No
[3,551s][debug][gc,nmethod     ] Register NMethod: net.jpountz.lz4.LZ4BlockOutputStream.<init> (0x00007ab288220288) [0x00007ab288220380, 0x00007ab288220d88] Compiler: c1, Barriers: 18, Oops: 1, ImmediateOops: 1, NonImmediateOops: No
[3,551s][debug][gc,nmethod     ] Register NMethod: java.util.ArrayList.forEach (0x00007ab288220e08) [0x00007ab288220f00, 0x00007ab288221600] Compiler: c1, Barriers: 2, Oops: 0, ImmediateOops: 0, NonImmediateOops: No
[3,551s][debug][gc,nmethod     ] Register NMethod: io.sirix.node.HashCountEntryNode.getValue (0x00007ab2a6e5de88) [0x00007ab2a6e5df80, 0x00007ab2a6e5e040] Compiler: c1, Barriers: 0, Oops: 1, ImmediateOops: 0, NonImmediateOops: No
[3,552s][debug][gc,nmethod     ] Register NMethod: java.util.stream.SpinedBuffer.ensureCapacity (0x00007ab288221608) [0x00007ab288221700, 0x00007ab288222f00] Compiler: c1, Barriers: 26, Oops: 0, ImmediateOops: 0, NonImmediateOops: No
[3,552s][debug][gc,nmethod     ] Register NMethod: io.sirix.node.HashEntryNode.getKey (0x00007ab2a6e5e188) [0x00007ab2a6e5e280, 0x00007ab2a6e5e340] Compiler: c1, Barriers: 0, Oops: 1, ImmediateOops: 0, NonImmediateOops: No
[3,552s][debug][gc,nmethod     ] Register NMethod: io.sirix.node.HashEntryNode.getValue (0x00007ab2a6e5e488) [0x00007ab2a6e5e580, 0x00007ab2a6e5e668] Compiler: c1, Barriers: 1, Oops: 1, ImmediateOops: 0, NonImmediateOops: No
[3,553s][debug][gc,nmethod     ] Register NMethod: io.sirix.access.trx.page.NodeStorageEngineWriter$$Lambda/0x000000006c2444a0.accept (0x00007ab288222f08) [0x00007ab288223000, 0x00007ab288223390] Compiler: c1, Barriers: 1, Oops: 1, ImmediateOops: 0, NonImmediateOops: No
[3,553s][debug][gc,nmethod     ] Register NMethod: net.jpountz.lz4.LZ4BlockOutputStream.<init> (0x00007ab288223408) [0x00007ab288223500, 0x00007ab288226898] Compiler: c1, Barriers: 39, Oops: 5, ImmediateOops: 38, NonImmediateOops: No
[3,553s][debug][gc,nmethod     ] Register NMethod: jdk.internal.foreign.ConfinedSession$ConfinedResourceList.cleanup (0x00007ab288226908) [0x00007ab288226a00, 0x00007ab288227098] Compiler: c1, Barriers: 5, Oops: 0, ImmediateOops: 4, NonImmediateOops: No
[3,553s][debug][gc,nmethod     ] Register NMethod: java.util.stream.ReferencePipeline.lambda$toArray$0 (0x00007ab288227108) [0x00007ab288227200, 0x00007ab288227368] Compiler: c1, Barriers: 0, Oops: 0, ImmediateOops: 0, NonImmediateOops: No
[3,553s][debug][gc,nmethod     ] Register NMethod: java.security.MessageDigestSpi.<init> (0x00007ab288227408) [0x00007ab288227500, 0x00007ab288227658] Compiler: c1, Barriers: 0, Oops: 0, ImmediateOops: 0, NonImmediateOops: No
[3,554s][debug][gc,nmethod     ] Register NMethod: java.security.MessageDigest.<init> (0x00007ab288227708) [0x00007ab288227800, 0x00007ab288227ab0] Compiler: c1, Barriers: 6, Oops: 0, ImmediateOops: 0, NonImmediateOops: No
[3,554s][debug][gc,nmethod     ] Register NMethod: java.util.stream.Nodes$SpinedNodeBuilder.copyInto (0x00007ab288227b08) [0x00007ab288227c00, 0x00007ab288227d40] Compiler: c1, Barriers: 0, Oops: 0, ImmediateOops: 0, NonImmediateOops: No
[3,554s][debug][gc,nmethod     ] Register NMethod: java.security.MessageDigest$Delegate.<init> (0x00007ab288227e08) [0x00007ab288227f00, 0x00007ab288228280] Compiler: c1, Barriers: 9, Oops: 0, ImmediateOops: 0, NonImmediateOops: No
[3,554s][debug][gc,nmethod     ] Register NMethod: sun.security.provider.SHA2$SHA256.clone (0x00007ab288228288) [0x00007ab288228380, 0x00007ab288228d90] Compiler: c1, Barriers: 14, Oops: 0, ImmediateOops: 0, NonImmediateOops: No
[3,554s][debug][gc,nmethod     ] Register NMethod: sun.security.provider.SHA2.clone (0x00007ab288228e08) [0x00007ab288228f00, 0x00007ab2882298a8] Compiler: c1, Barriers: 14, Oops: 0, ImmediateOops: 0, NonImmediateOops: No
[3,554s][debug][gc,nmethod     ] Register NMethod: sun.security.provider.DigestBase.clone (0x00007ab288229908) [0x00007ab288229a00, 0x00007ab288229f40] Compiler: c1, Barriers: 7, Oops: 0, ImmediateOops: 0, NonImmediateOops: No
[3,554s][debug][gc,nmethod     ] Register NMethod: java.security.MessageDigestSpi.clone (0x00007ab288229f88) [0x00007ab28822a080, 0x00007ab28822a8d8] Compiler: c1, Barriers: 5, Oops: 0, ImmediateOops: 0, NonImmediateOops: No
[3,555s][debug][gc,nmethod     ] Register NMethod: java.util.stream.ReferencePipeline.makeNodeBuilder (0x00007ab28822a908) [0x00007ab28822aa00, 0x00007ab28822ab38] Compiler: c1, Barriers: 0, Oops: 0, ImmediateOops: 0, NonImmediateOops: No
[3,555s][debug][gc,nmethod     ] Register NMethod: jdk.internal.foreign.ConfinedSession.justClose (0x00007ab28822ac08) [0x00007ab28822ad00, 0x00007ab28822c5b8] Compiler: c1, Barriers: 3, Oops: 5, ImmediateOops: 7, NonImmediateOops: No
[3,556s][debug][gc,nmethod     ] Register NMethod: java.lang.invoke.VarHandleInts$FieldInstanceReadOnly.getVolatile (0x00007ab28822c608) [0x00007ab28822c700, 0x00007ab28822d0f0] Compiler: c1, Barriers: 1, Oops: 1, ImmediateOops: 0, NonImmediateOops: No
[3,556s][debug][gc,nmethod     ] Register NMethod: io.sirix.access.trx.page.NodeStorageEngineWriter.lambda$parallelSerializationOfKeyValuePages$1 (0x00007ab28822d108) [0x00007ab28822d200, 0x00007ab28822dcc8] Compiler: c1, Barriers: 6, Oops: 2, ImmediateOops: 3, NonImmediateOops: No
[3,556s][debug][gc,nmethod     ] Register NMethod: java.util.stream.ReferencePipeline$StatefulOp.<init> (0x00007ab28822dd08) [0x00007ab28822de00, 0x00007ab28822dfb8] Compiler: c1, Barriers: 0, Oops: 0, ImmediateOops: 0, NonImmediateOops: No
[3,556s][debug][gc,nmethod     ] Register NMethod: java.util.stream.Nodes.builder (0x00007ab28822e008) [0x00007ab28822e100, 0x00007ab28822e6d8] Compiler: c1, Barriers: 3, Oops: 0, ImmediateOops: 0, NonImmediateOops: No
[3,557s][debug][gc,nmethod     ] Register NMethod: java.util.stream.SpinedBuffer.capacity (0x00007ab28822e708) [0x00007ab28822e800, 0x00007ab28822eaa0] Compiler: c1, Barriers: 4, Oops: 0, ImmediateOops: 0, NonImmediateOops: No
[3,557s][debug][gc,nmethod     ] Register NMethod: java.util.Arrays.sort (0x00007ab28822eb08) [0x00007ab28822ec00, 0x00007ab28822ee30] Compiler: c1, Barriers: 0, Oops: 0, ImmediateOops: 0, NonImmediateOops: No
[3,557s][debug][gc,nmethod     ] Register NMethod: java.util.stream.SortedOps$OfRef.opWrapSink (0x00007ab28822ee88) [0x00007ab28822ef80, 0x00007ab288230490] Compiler: c1, Barriers: 14, Oops: 2, ImmediateOops: 2, NonImmediateOops: No
[3,558s][debug][gc,nmethod     ] Register NMethod: java.util.stream.SortedOps$AbstractRefSortingSink.<init> (0x00007ab288230508) [0x00007ab288230600, 0x00007ab288230c10] Compiler: c1, Barriers: 6, Oops: 0, ImmediateOops: 0, NonImmediateOops: No
[3,558s][debug][gc,nmethod     ] Register NMethod: java.util.stream.SpinedBuffer.clear (0x00007ab288230c88) [0x00007ab288230d80, 0x00007ab288231800] Compiler: c1, Barriers: 19, Oops: 0, ImmediateOops: 0, NonImmediateOops: No
[3,558s][debug][gc,nmethod     ] Register NMethod: java.util.stream.SpinedBuffer.<init> (0x00007ab288231808) [0x00007ab288231900, 0x00007ab288231bc8] Compiler: c1, Barriers: 3, Oops: 0, ImmediateOops: 0, NonImmediateOops: No
[3,558s][debug][gc,nmethod     ] Register NMethod: java.util.stream.Nodes.builder (0x00007ab288231c08) [0x00007ab288231d00, 0x00007ab2882320c8] Compiler: c1, Barriers: 3, Oops: 0, ImmediateOops: 0, NonImmediateOops: No
[3,558s][debug][gc,nmethod     ] Register NMethod: java.util.stream.Nodes$SpinedNodeBuilder.begin (0x00007ab288232108) [0x00007ab288232200, 0x00007ab288232718] Compiler: c1, Barriers: 0, Oops: 0, ImmediateOops: 0, NonImmediateOops: No
[3,559s][debug][gc,nmethod     ] Register NMethod: java.util.concurrent.ConcurrentHashMap.entrySet (0x00007ab288232788) [0x00007ab288232880, 0x00007ab288232c58] Compiler: c1, Barriers: 7, Oops: 0, ImmediateOops: 0, NonImmediateOops: No
[3,559s][debug][gc,nmethod     ] Register NMethod: java.util.stream.Nodes$SpinedNodeBuilder.<init> (0x00007ab288232c88) [0x00007ab288232d80, 0x00007ab2882330a8] Compiler: c1, Barriers: 3, Oops: 0, ImmediateOops: 0, NonImmediateOops: No
[3,559s][debug][gc,nmethod     ] Register NMethod: java.util.stream.AbstractSpinedBuffer.<init> (0x00007ab288233108) [0x00007ab288233200, 0x00007ab288233360] Compiler: c1, Barriers: 0, Oops: 0, ImmediateOops: 0, NonImmediateOops: No
[3,559s][debug][gc,nmethod     ] Register NMethod: java.util.stream.Nodes$SpinedNodeBuilder.end (0x00007ab288233408) [0x00007ab288233500, 0x00007ab288233618] Compiler: c1, Barriers: 0, Oops: 0, ImmediateOops: 0, NonImmediateOops: No
[3,559s][debug][gc,nmethod     ] Register NMethod: java.util.stream.SpinedBuffer.asArray (0x00007ab288233708) [0x00007ab288233800, 0x00007ab2882342f0] Compiler: c1, Barriers: 1, Oops: 0, ImmediateOops: 1, NonImmediateOops: No
[3,559s][debug][gc,nmethod     ] Register NMethod: java.util.stream.Nodes$SpinedNodeBuilder.build (0x00007ab288234308) [0x00007ab288234400, 0x00007ab288234510] Compiler: c1, Barriers: 0, Oops: 0, ImmediateOops: 0, NonImmediateOops: No
[3,560s][debug][gc,nmethod     ] Register NMethod: java.util.stream.Nodes$SpinedNodeBuilder.asArray (0x00007ab288234608) [0x00007ab288234700, 0x00007ab288234840] Compiler: c1, Barriers: 0, Oops: 0, ImmediateOops: 0, NonImmediateOops: No
[3,560s][debug][gc,nmethod     ] Register NMethod: java.util.ArrayList.sort (0x00007ab288234908) [0x00007ab288234a00, 0x00007ab288234b60] Compiler: c1, Barriers: 0, Oops: 0, ImmediateOops: 0, NonImmediateOops: No
[3,560s][debug][gc,nmethod     ] Register NMethod: java.util.ArrayList.sortRange (0x00007ab288234c08) [0x00007ab288234d00, 0x00007ab288234f30] Compiler: c1, Barriers: 1, Oops: 0, ImmediateOops: 0, NonImmediateOops: No
[3,560s][debug][gc,nmethod     ] Register NMethod: java.util.stream.ReferencePipeline$$Lambda/0x000000006c1c9320.apply (0x00007ab288234f88) [0x00007ab288235080, 0x00007ab288235260] Compiler: c1, Barriers: 0, Oops: 0, ImmediateOops: 0, NonImmediateOops: No
[3,560s][debug][gc,nmethod     ] Register NMethod: java.util.stream.SortedOps$RefSortingSink.<init> (0x00007ab288235288) [0x00007ab288235380, 0x00007ab2882359f0] Compiler: c1, Barriers: 6, Oops: 0, ImmediateOops: 0, NonImmediateOops: No
[3,561s][debug][gc,nmethod     ] Register NMethod: java.util.stream.SortedOps$RefSortingSink.begin (0x00007ab288235a08) [0x00007ab288235b00, 0x00007ab2882360c0] Compiler: c1, Barriers: 6, Oops: 0, ImmediateOops: 2, NonImmediateOops: No
[3,561s][debug][gc,nmethod     ] Register NMethod: sun.security.provider.DigestBase.implCompressMultiBlockCheck (0x00007ab288236108) [0x00007ab288236200, 0x00007ab288236610] Compiler: c1, Barriers: 0, Oops: 1, ImmediateOops: 1, NonImmediateOops: No
[3,561s][debug][gc,nmethod     ] Register NMethod: java.util.concurrent.ConcurrentHashMap$EntrySetView.spliterator (0x00007ab288236688) [0x00007ab288236780, 0x00007ab288236c40] Compiler: c1, Barriers: 2, Oops: 0, ImmediateOops: 0, NonImmediateOops: No
[3,561s][debug][gc,nmethod     ] Register NMethod: java.util.stream.SortedOps$RefSortingSink$$Lambda/0x000000006c1da0a8.<init> (0x00007ab288236c88) [0x00007ab288236d80, 0x00007ab288236f50] Compiler: c1, Barriers: 3, Oops: 0, ImmediateOops: 0, NonImmediateOops: No
[3,561s][debug][gc,nmethod     ] Register NMethod: java.util.concurrent.ConcurrentHashMap$EntrySpliterator.<init> (0x00007ab288236f88) [0x00007ab288237080, 0x00007ab288237250] Compiler: c1, Barriers: 3, Oops: 0, ImmediateOops: 0, NonImmediateOops: No
[3,561s][debug][gc,nmethod     ] Register NMethod: java.util.concurrent.ConcurrentHashMap$EntrySpliterator.forEachRemaining (0x00007ab288237288) [0x00007ab288237380, 0x00007ab288237d60] Compiler: c1, Barriers: 12, Oops: 0, ImmediateOops: 0, NonImmediateOops: No
[3,562s][debug][gc,nmethod     ] Register NMethod: java.util.stream.SortedOps$RefSortingSink.end (0x00007ab288237d88) [0x00007ab288237e80, 0x00007ab288239ae8] Compiler: c1, Barriers: 20, Oops: 1, ImmediateOops: 2, NonImmediateOops: No
[3,564s][debug][gc,nmethod     ] Register NMethod: java.util.concurrent.ConcurrentHashMap$EntrySetView.<init> (0x00007ab288239b08) [0x00007ab288239c00, 0x00007ab288239e30] Compiler: c1, Barriers: 3, Oops: 0, ImmediateOops: 0, NonImmediateOops: No
[3,564s][debug][gc,nmethod     ] Register NMethod: java.util.stream.SortedOps$OfRef.<init> (0x00007ab288239e88) [0x00007ab288239f80, 0x00007ab28823a590] Compiler: c1, Barriers: 3, Oops: 1, ImmediateOops: 0, NonImmediateOops: No
[3,566s][debug][gc,nmethod     ] Register NMethod: io.sirix.access.trx.RevisionEpochTracker.minActiveRevision (0x00007ab2a6e5e788) [0x00007ab2a6e5e880, 0x00007ab2a6e5f9b0] Compiler: jvmci, Barriers: 30, Oops: 1, ImmediateOops: 0, NonImmediateOops: No
[3,567s][debug][gc,nmethod     ] Register NMethod: java.util.ImmutableCollections.listFromTrustedArrayNullsAllowed (0x00007ab28823a608) [0x00007ab28823a700, 0x00007ab28823ab00] Compiler: c1, Barriers: 3, Oops: 0, ImmediateOops: 1, NonImmediateOops: No
[3,570s][debug][gc,nmethod     ] Register NMethod: io.sirix.node.Bytes.wrapForWrite (0x00007ab28823ab08) [0x00007ab28823ac00, 0x00007ab28823bbe0] Compiler: c1, Barriers: 9, Oops: 2, ImmediateOops: 1, NonImmediateOops: No
[3,571s][debug][gc,nmethod     ] Register NMethod: java.util.stream.AbstractPipeline.evaluate (0x00007ab28823bc08) [0x00007ab28823bd00, 0x00007ab28823d490] Compiler: c1, Barriers: 1, Oops: 0, ImmediateOops: 0, NonImmediateOops: No
[3,574s][debug][gc,nmethod     ] Register NMethod: java.security.MessageDigest$Delegate.clone (0x00007ab28823d508) [0x00007ab28823d600, 0x00007ab28823e2a8] Compiler: c1, Barriers: 12, Oops: 0, ImmediateOops: 0, NonImmediateOops: No
[3,578s][debug][gc,nmethod     ] Register NMethod: io.sirix.node.NodeKind$2.serialize (0x00007ab2a6e5fa08) [0x00007ab2a6e5fb00, 0x00007ab2a6e64d58] Compiler: jvmci, Barriers: 139, Oops: 4, ImmediateOops: 1, NonImmediateOops: No
[3,579s][debug][gc,alloc       ] Mutator Allocation Rate: 579,9MB/s Predicted: 605,1MB/s, Avg: 412,1(+/-108,9)MB/s
[3,588s][debug][gc,nmethod     ] Register NMethod: java.io.OutputStream.flush (0x00007ab2a6e64d88) [0x00007ab2a6e64e80, 0x00007ab2a6e64f00] Compiler: jvmci, Barriers: 0, Oops: 0, ImmediateOops: 0, NonImmediateOops: No
[3,591s][debug][gc,nmethod     ] Register NMethod: io.sirix.node.GrowingMemorySegment.grow (0x00007ab28823e308) [0x00007ab28823e400, 0x00007ab28823efb0] Compiler: c1, Barriers: 5, Oops: 1, ImmediateOops: 1, NonImmediateOops: No
[3,591s][debug][gc,nmethod     ] Register NMethod: sun.nio.ch.UnixFileDispatcherImpl.size0 (0x00007ab2a6e65088) [0x00007ab2a6e65180, 0x00007ab2a6e652e8] Compiler: , Barriers: 0, Oops: 0, ImmediateOops: 1, NonImmediateOops: No
[3,592s][debug][gc,nmethod     ] Register NMethod: java.util.concurrent.ConcurrentHashMap$ValuesView.iterator (0x00007ab28823f008) [0x00007ab28823f100, 0x00007ab28823f370] Compiler: c1, Barriers: 2, Oops: 0, ImmediateOops: 0, NonImmediateOops: No
[3,592s][debug][gc,nmethod     ] Register NMethod: java.util.concurrent.ConcurrentHashMap$ValueIterator.<init> (0x00007ab28823f388) [0x00007ab28823f480, 0x00007ab28823f5b0] Compiler: c1, Barriers: 0, Oops: 0, ImmediateOops: 0, NonImmediateOops: No
[3,594s][debug][gc,nmethod     ] Register NMethod: sun.nio.ch.IOStatus.normalize (0x00007ab2a6e65388) [0x00007ab2a6e65480, 0x00007ab2a6e65518] Compiler: jvmci, Barriers: 0, Oops: 0, ImmediateOops: 0, NonImmediateOops: No
[3,596s][debug][gc,nmethod     ] Register NMethod: jdk.internal.foreign.GlobalSession.acquire0 (0x00007ab2a6e65688) [0x00007ab2a6e65780, 0x00007ab2a6e65800] Compiler: jvmci, Barriers: 0, Oops: 0, ImmediateOops: 0, NonImmediateOops: No
[3,596s][debug][gc,nmethod     ] Register NMethod: jdk.internal.foreign.GlobalSession.release0 (0x00007ab2a6e65988) [0x00007ab2a6e65a80, 0x00007ab2a6e65b00] Compiler: jvmci, Barriers: 0, Oops: 0, ImmediateOops: 0, NonImmediateOops: No
[3,600s][debug][gc,nmethod     ] Register NMethod: io.sirix.page.KeyValueLeafPage.getHashCode (0x00007ab2a6e65c88) [0x00007ab2a6e65d80, 0x00007ab2a6e65e70] Compiler: c1, Barriers: 1, Oops: 1, ImmediateOops: 0, NonImmediateOops: No
[3,600s][debug][gc,nmethod     ] Register NMethod: jdk.internal.misc.Blocker.end (0x00007ab2a6e65f88) [0x00007ab2a6e66080, 0x00007ab2a6e66118] Compiler: jvmci, Barriers: 0, Oops: 0, ImmediateOops: 0, NonImmediateOops: No
[3,602s][debug][gc,nmethod     ] Register NMethod: sun.nio.ch.UnixFileDispatcherImpl.size (0x00007ab28823f688) [0x00007ab28823f780, 0x00007ab28823f8b0] Compiler: c1, Barriers: 0, Oops: 0, ImmediateOops: 0, NonImmediateOops: No
[3,602s][debug][gc,nmethod     ] Register NMethod: io.sirix.node.MemorySegmentBytesOut.writePosition (0x00007ab2a6e66288) [0x00007ab2a6e66380, 0x00007ab2a6e66460] Compiler: jvmci, Barriers: 1, Oops: 1, ImmediateOops: 0, NonImmediateOops: No
[3,602s][debug][gc,nmethod     ] Register NMethod: sun.nio.ch.IOStatus.normalize (0x00007ab28823f988) [0x00007ab28823fa80, 0x00007ab28823fbc0] Compiler: c1, Barriers: 0, Oops: 0, ImmediateOops: 0, NonImmediateOops: No
[3,603s][debug][gc,nmethod     ] Register NMethod: sun.nio.ch.FileChannelImpl.size (0x00007ab28823fc88) [0x00007ab28823fd80, 0x00007ab288241b38] Compiler: c1, Barriers: 6, Oops: 0, ImmediateOops: 1, NonImmediateOops: No
[3,605s][debug][gc,nmethod     ] Register NMethod: jdk.internal.misc.Blocker.begin (0x00007ab2a6e66588) [0x00007ab2a6e66680, 0x00007ab2a6e66720] Compiler: jvmci, Barriers: 0, Oops: 0, ImmediateOops: 0, NonImmediateOops: No
[3,607s][debug][gc,nmethod     ] Register NMethod: io.sirix.page.PageKind.getKind (0x00007ab288241b88) [0x00007ab288241c80, 0x00007ab2882424e8] Compiler: c1, Barriers: 1, Oops: 2, ImmediateOops: 1, NonImmediateOops: No
[3,607s][debug][gc,nmethod     ] Register NMethod: io.sirix.page.PagePersister.serializePage (0x00007ab288242508) [0x00007ab288242600, 0x00007ab288243320] Compiler: c1, Barriers: 1, Oops: 2, ImmediateOops: 1, NonImmediateOops: No
[3,607s][debug][gc,nmethod     ] Register NMethod: io.sirix.io.filechannel.FileChannelWriter.write (0x00007ab288243388) [0x00007ab288243480, 0x00007ab288243778] Compiler: c1, Barriers: 0, Oops: 1, ImmediateOops: 0, NonImmediateOops: No
[3,607s][debug][gc,nmethod     ] Register NMethod: io.sirix.io.filechannel.FileChannelWriter.write (0x00007ab288243788) [0x00007ab288243880, 0x00007ab288243b28] Compiler: c1, Barriers: 0, Oops: 1, ImmediateOops: 0, NonImmediateOops: No
[3,608s][debug][gc,nmethod     ] Register NMethod: io.sirix.access.trx.page.NodeStorageEngineWriter.commit (0x00007ab288243b88) [0x00007ab288243c80, 0x00007ab288245ef8] Compiler: c1, Barriers: 12, Oops: 1, ImmediateOops: 2, NonImmediateOops: No
[3,608s][debug][gc,nmethod     ] Register NMethod: io.sirix.io.filechannel.FileChannelWriter.getOffset (0x00007ab288245f08) [0x00007ab288246000, 0x00007ab2882464a8] Compiler: c1, Barriers: 3, Oops: 1, ImmediateOops: 0, NonImmediateOops: No
[3,608s][debug][gc,nmethod     ] Register NMethod: sun.nio.ch.UnixFileDispatcherImpl.pwrite0 (0x00007ab2a6e66888) [0x00007ab2a6e66980, 0x00007ab2a6e66af8] Compiler: , Barriers: 0, Oops: 0, ImmediateOops: 1, NonImmediateOops: No
[3,608s][debug][gc,nmethod     ] Register NMethod: io.sirix.page.KeyValueLeafPage.resizeMemorySegment (0x00007ab2a6e66b88) [0x00007ab2a6e66ca0, 0x00007ab2a6e6ae78] Compiler: jvmci, Barriers: 94, Oops: 10, ImmediateOops: 17, NonImmediateOops: No
[3,610s][debug][gc,nmethod     ] Register NMethod: io.sirix.io.filechannel.FileChannelWriter.writePageReference (0x00007ab288246508) [0x00007ab288246600, 0x00007ab28824f770] Compiler: c1, Barriers: 52, Oops: 5, ImmediateOops: 14, NonImmediateOops: No
[3,610s][debug][gc,nmethod     ] Register NMethod: io.sirix.page.PageReference.setKey (0x00007ab2a6e6af08) [0x00007ab2a6e6b000, 0x00007ab2a6e6b090] Compiler: jvmci, Barriers: 0, Oops: 1, ImmediateOops: 0, NonImmediateOops: No
[3,611s][debug][gc,nmethod     ] Register NMethod: io.sirix.page.KeyValueLeafPage.commit (0x00007ab28824f808) [0x00007ab28824f900, 0x00007ab288251818] Compiler: c1, Barriers: 5, Oops: 1, ImmediateOops: 2, NonImmediateOops: No
[3,614s][debug][gc,nmethod     ] Register NMethod: io.sirix.node.MemorySegmentBytesOut.toByteArray (0x00007ab2a6e6b208) [0x00007ab2a6e6b300, 0x00007ab2a6e6b7c0] Compiler: jvmci, Barriers: 5, Oops: 1, ImmediateOops: 0, NonImmediateOops: No
[3,620s][debug][gc,nmethod     ] Register NMethod: sun.nio.ch.IOUtil.write (0x00007ab288251888) [0x00007ab288251980, 0x00007ab288252ba8] Compiler: c1, Barriers: 0, Oops: 0, ImmediateOops: 0, NonImmediateOops: No
[3,620s][debug][gc,nmethod     ] Register NMethod: sun.nio.ch.IOUtil.writeFromNativeBuffer (0x00007ab288252c08) [0x00007ab288252d00, 0x00007ab288255388] Compiler: c1, Barriers: 4, Oops: 0, ImmediateOops: 4, NonImmediateOops: No
[3,621s][debug][gc,nmethod     ] Register NMethod: io.sirix.page.SerializationType.writePageFragments (0x00007ab288255408) [0x00007ab288255500, 0x00007ab2882569a0] Compiler: c1, Barriers: 5, Oops: 1, ImmediateOops: 0, NonImmediateOops: No
[3,621s][debug][gc,nmethod     ] Register NMethod: io.sirix.page.SerializationType.writeHash (0x00007ab288256a08) [0x00007ab288256b00, 0x00007ab2882575f0] Compiler: c1, Barriers: 5, Oops: 1, ImmediateOops: 0, NonImmediateOops: No
[3,621s][debug][gc,nmethod     ] Register NMethod: io.sirix.page.PageFragmentKeyImpl.key (0x00007ab2a6e6b808) [0x00007ab2a6e6b900, 0x00007ab2a6e6b9c0] Compiler: c1, Barriers: 0, Oops: 1, ImmediateOops: 0, NonImmediateOops: No
[3,625s][debug][gc,marking     ] GC(1) Y: Using 2 mark stripes
[3,626s][debug][gc,marking     ] GC(1) Y: Using 4 mark stripes
[3,637s][debug][gc,nmethod     ] Register NMethod: io.sirix.page.PageKind$1.serializePage (0x00007ab2a6e6bb08) [0x00007ab2a6e6bc00, 0x00007ab2a6e6f9d0] Compiler: jvmci, Barriers: 84, Oops: 15, ImmediateOops: 5, NonImmediateOops: No
[3,640s][debug][gc,nmethod     ] Register NMethod: com.github.benmanes.caffeine.cache.SSLSMW.setMissesInSample (0x00007ab2a6e6fa88) [0x00007ab2a6e6fb80, 0x00007ab2a6e6fc40] Compiler: c1, Barriers: 0, Oops: 1, ImmediateOops: 0, NonImmediateOops: No
[3,642s][debug][gc,nmethod     ] Register NMethod: java.lang.invoke.MethodHandle.invokeBasic (0x00007ab2a6e6fd88) [0x00007ab2a6e6fe80, 0x00007ab2a6e70118] Compiler: , Barriers: 0, Oops: 0, ImmediateOops: 0, NonImmediateOops: No
[3,642s][debug][gc,nmethod     ] Register NMethod: java.lang.invoke.VarHandleInts$FieldInstanceReadWrite.compareAndSet (0x00007ab288257608) [0x00007ab288257700, 0x00007ab288258130] Compiler: c1, Barriers: 1, Oops: 1, ImmediateOops: 0, NonImmediateOops: No
[3,643s][debug][gc,nmethod     ] Register NMethod: java.lang.invoke.VarHandleGuards.guard_LII_Z (0x00007ab288258188) [0x00007ab288258280, 0x00007ab28825b158] Compiler: c1, Barriers: 28, Oops: 0, ImmediateOops: 2, NonImmediateOops: No
[3,644s][debug][gc,nmethod     ] Register NMethod: io.sirix.page.KeyValueLeafPage.setSlot (0x00007ab28825b188) [0x00007ab28825b280, 0x00007ab28825b428] Compiler: c1, Barriers: 2, Oops: 1, ImmediateOops: 0, NonImmediateOops: No
[3,644s][debug][gc,nmethod     ] Register NMethod: io.sirix.settings.VersioningType$4.combineRecordPages (0x00007ab28825b488) [0x00007ab28825b580, 0x00007ab28825fe10] Compiler: c1, Barriers: 8, Oops: 1, ImmediateOops: 0, NonImmediateOops: No
[3,644s][debug][gc,nmethod     ] Register NMethod: java.util.BitSet.nextSetBit (0x00007ab28825fe88) [0x00007ab28825ff80, 0x00007ab288260f70] Compiler: c1, Barriers: 1, Oops: 1, ImmediateOops: 2, NonImmediateOops: No
[3,645s][debug][gc,nmethod     ] Register NMethod: io.sirix.access.trx.page.NodeStorageEngineWriter$$Lambda/0x000000006c232908.apply (0x00007ab288260f88) [0x00007ab288261080, 0x00007ab288261448] Compiler: c1, Barriers: 2, Oops: 1, ImmediateOops: 0, NonImmediateOops: No
[3,645s][debug][gc,nmethod     ] Register NMethod: io.sirix.access.trx.page.NodeStorageEngineReader.getLeafPageReference (0x00007ab288261488) [0x00007ab288261580, 0x00007ab288261878] Compiler: c1, Barriers: 0, Oops: 1, ImmediateOops: 0, NonImmediateOops: No
[3,645s][debug][gc,nmethod     ] Register NMethod: io.sirix.node.NodeKind.getKind (0x00007ab288261888) [0x00007ab288261980, 0x00007ab288261ab8] Compiler: c1, Barriers: 1, Oops: 1, ImmediateOops: 1, NonImmediateOops: No
[3,645s][debug][gc,nmethod     ] Register NMethod: io.sirix.access.trx.page.NodeStorageEngineWriter.lambda$getPageContainer$0 (0x00007ab288261b88) [0x00007ab288261c80, 0x00007ab288262b78] Compiler: c1, Barriers: 6, Oops: 1, ImmediateOops: 0, NonImmediateOops: No
[3,646s][debug][gc,nmethod     ] Register NMethod: io.sirix.node.NodeSerializerImpl.deserialize (0x00007ab288262b88) [0x00007ab288262c80, 0x00007ab2882630e8] Compiler: c1, Barriers: 1, Oops: 1, ImmediateOops: 1, NonImmediateOops: No
[3,646s][debug][gc,nmethod     ] Register NMethod: io.sirix.page.KeyValueLeafPage.getDeweyIdAsByteArray (0x00007ab288263108) [0x00007ab288263200, 0x00007ab288263788] Compiler: c1, Barriers: 0, Oops: 1, ImmediateOops: 1, NonImmediateOops: No
[3,646s][debug][gc,nmethod     ] Register NMethod: io.sirix.node.HashEntryNode.getKind (0x00007ab288263808) [0x00007ab288263900, 0x00007ab288263c20] Compiler: c1, Barriers: 0, Oops: 1, ImmediateOops: 1, NonImmediateOops: No
[3,646s][debug][gc,nmethod     ] Register NMethod: io.sirix.access.trx.page.NodeStorageEngineReader.getDataRecord (0x00007ab288263c88) [0x00007ab288263d80, 0x00007ab288264b88] Compiler: c1, Barriers: 6, Oops: 1, ImmediateOops: 1, NonImmediateOops: No
[3,647s][debug][gc,nmethod     ] Register NMethod: io.sirix.node.HashEntryNode.<init> (0x00007ab288264c08) [0x00007ab288264d00, 0x00007ab288265028] Compiler: c1, Barriers: 3, Oops: 1, ImmediateOops: 0, NonImmediateOops: No
[3,647s][debug][gc,nmethod     ] Register NMethod: it.unimi.dsi.fastutil.ints.Int2ObjectOpenHashMap.find (0x00007ab288265088) [0x00007ab288265180, 0x00007ab2882655e8] Compiler: c1, Barriers: 1, Oops: 1, ImmediateOops: 0, NonImmediateOops: No
[3,647s][debug][gc,nmethod     ] Register NMethod: it.unimi.dsi.fastutil.ints.Int2ObjectOpenHashMap.put (0x00007ab288265608) [0x00007ab288265700, 0x00007ab288265c68] Compiler: c1, Barriers: 6, Oops: 1, ImmediateOops: 0, NonImmediateOops: No
[3,647s][debug][gc,nmethod     ] Register NMethod: it.unimi.dsi.fastutil.ints.Int2ObjectOpenHashMap.insert (0x00007ab288265c88) [0x00007ab288265d80, 0x00007ab2882662d8] Compiler: c1, Barriers: 5, Oops: 1, ImmediateOops: 0, NonImmediateOops: No
[3,648s][debug][gc,nmethod     ] Register NMethod: java.io.InputStream.readNBytes (0x00007ab287a86288) [0x00007ab287a86380, 0x00007ab287a88440] Compiler: c1, Barriers: 6, Oops: 1, ImmediateOops: 5, NonImmediateOops: No
[3,649s][debug][gc,nmethod     ] Register NMethod: com.github.benmanes.caffeine.cache.BLCHeader$DrainStatusRef.casDrainStatus (0x00007ab288266308) [0x00007ab288266400, 0x00007ab288267050] Compiler: c1, Barriers: 0, Oops: 6, ImmediateOops: 5, NonImmediateOops: No
[3,649s][debug][gc,nmethod     ] Register NMethod: java.lang.String.getBytes (0x00007ab2a6e70188) [0x00007ab2a6e70280, 0x00007ab2a6e704c8] Compiler: jvmci, Barriers: 1, Oops: 0, ImmediateOops: 1, NonImmediateOops: No
[3,650s][debug][gc,nmethod     ] Register NMethod: io.sirix.node.xml.AbstractStructForwardingNode.hasFirstChild (0x00007ab288267088) [0x00007ab288267180, 0x00007ab288267728] Compiler: c1, Barriers: 0, Oops: 1, ImmediateOops: 1, NonImmediateOops: No
[3,650s][debug][gc,nmethod     ] Register NMethod: io.sirix.index.path.summary.PathSummaryReader.moveTo (0x00007ab288267788) [0x00007ab288267880, 0x00007ab288268570] Compiler: c1, Barriers: 13, Oops: 1, ImmediateOops: 2, NonImmediateOops: No
[3,650s][debug][gc,nmethod     ] Register NMethod: io.sirix.node.Utils.getVarLong (0x00007ab288268588) [0x00007ab288268680, 0x00007ab2882687e0] Compiler: c1, Barriers: 0, Oops: 1, ImmediateOops: 0, NonImmediateOops: No
[3,650s][debug][gc,nmethod     ] Register NMethod: io.sirix.node.MemorySegmentBytesIn.readStopBit (0x00007ab288268888) [0x00007ab288268980, 0x00007ab288268bb0] Compiler: c1, Barriers: 0, Oops: 1, ImmediateOops: 0, NonImmediateOops: No
[3,650s][debug][gc,nmethod     ] Register NMethod: it.unimi.dsi.fastutil.ints.Int2IntOpenHashMap.getOrDefault (0x00007ab288268c08) [0x00007ab288268d00, 0x00007ab288269270] Compiler: c1, Barriers: 4, Oops: 1, ImmediateOops: 0, NonImmediateOops: No
[3,651s][debug][gc,nmethod     ] Register NMethod: io.sirix.access.trx.page.NodeStorageEngineReader.isMostRecentlyReadPathSummaryPage (0x00007ab288269288) [0x00007ab288269380, 0x00007ab288269b18] Compiler: c1, Barriers: 1, Oops: 1, ImmediateOops: 0, NonImmediateOops: No
[3,651s][debug][gc,nmethod     ] Register NMethod: java.util.ArrayDeque.pop (0x00007ab288269b88) [0x00007ab288269c80, 0x00007ab288269f10] Compiler: c1, Barriers: 0, Oops: 0, ImmediateOops: 0, NonImmediateOops: No
[3,651s][debug][gc,nmethod     ] Register NMethod: io.sirix.index.path.summary.PathNode.getRightSibling (0x00007ab2a6e70508) [0x00007ab2a6e70600, 0x00007ab2a6e706e8] Compiler: c1, Barriers: 1, Oops: 1, ImmediateOops: 0, NonImmediateOops: No
[3,651s][debug][gc,nmethod     ] Register NMethod: io.sirix.index.path.summary.PathNode.getParent (0x00007ab2a6e70808) [0x00007ab2a6e70900, 0x00007ab2a6e709e8] Compiler: c1, Barriers: 1, Oops: 1, ImmediateOops: 0, NonImmediateOops: No
[3,651s][debug][gc,nmethod     ] Register NMethod: io.sirix.index.path.summary.PathNode.setParent (0x00007ab2a6e70b08) [0x00007ab2a6e70c00, 0x00007ab2a6e70d30] Compiler: c1, Barriers: 3, Oops: 1, ImmediateOops: 0, NonImmediateOops: No
[3,651s][debug][gc,nmethod     ] Register NMethod: io.sirix.index.path.summary.PathNode.getURIKey (0x00007ab288269f88) [0x00007ab28826a080, 0x00007ab28826a1e0] Compiler: c1, Barriers: 1, Oops: 1, ImmediateOops: 0, NonImmediateOops: No
[3,651s][debug][gc,nmethod     ] Register NMethod: io.sirix.index.path.summary.PathNode.getFirstChild (0x00007ab2a6e70e08) [0x00007ab2a6e70f00, 0x00007ab2a6e70fe8] Compiler: c1, Barriers: 1, Oops: 1, ImmediateOops: 0, NonImmediateOops: No
[3,652s][debug][gc,nmethod     ] Register NMethod: io.sirix.index.path.summary.PathNode.getPrefixKey (0x00007ab2a6e71108) [0x00007ab2a6e71200, 0x00007ab2a6e712e0] Compiler: jvmci, Barriers: 1, Oops: 1, ImmediateOops: 0, NonImmediateOops: No
[3,652s][debug][gc,nmethod     ] Register NMethod: io.sirix.axis.pathsummary.AbstractAxis.hasNext (0x00007ab28826a288) [0x00007ab28826a380, 0x00007ab28826aa18] Compiler: c1, Barriers: 2, Oops: 1, ImmediateOops: 1, NonImmediateOops: No
[3,652s][debug][gc,nmethod     ] Register NMethod: io.sirix.index.path.summary.PathSummaryReader.assertNotClosed (0x00007ab2a6e71408) [0x00007ab2a6e71500, 0x00007ab2a6e715b8] Compiler: jvmci, Barriers: 0, Oops: 1, ImmediateOops: 0, NonImmediateOops: No
[3,652s][debug][gc,nmethod     ] Register NMethod: io.sirix.index.path.summary.PathNode.setRightSibling (0x00007ab2a6e71708) [0x00007ab2a6e71800, 0x00007ab2a6e71930] Compiler: c1, Barriers: 3, Oops: 1, ImmediateOops: 0, NonImmediateOops: No
[3,652s][debug][gc,nmethod     ] Register NMethod: io.sirix.index.path.summary.PathNode.getLeftSibling (0x00007ab2a6e71a08) [0x00007ab2a6e71b00, 0x00007ab2a6e71be8] Compiler: c1, Barriers: 1, Oops: 1, ImmediateOops: 0, NonImmediateOops: No
[3,652s][debug][gc,nmethod     ] Register NMethod: io.sirix.index.path.summary.PathNode.setLeftSibling (0x00007ab2a6e71d08) [0x00007ab2a6e71e00, 0x00007ab2a6e71f30] Compiler: c1, Barriers: 3, Oops: 1, ImmediateOops: 0, NonImmediateOops: No
[3,652s][debug][gc,nmethod     ] Register NMethod: io.sirix.index.path.summary.PathSummaryReader.getStructuralNode (0x00007ab2a6e72008) [0x00007ab2a6e72100, 0x00007ab2a6e721e0] Compiler: jvmci, Barriers: 1, Oops: 1, ImmediateOops: 0, NonImmediateOops: No
[3,653s][debug][gc,nmethod     ] Register NMethod: io.sirix.node.NodeKind.deserializeNameDelegate (0x00007ab28826aa88) [0x00007ab28826ab80, 0x00007ab28826af78] Compiler: c1, Barriers: 0, Oops: 1, ImmediateOops: 0, NonImmediateOops: No
[3,653s][debug][gc,nmethod     ] Register NMethod: io.sirix.node.NodeKind$13.deserialize (0x00007ab28826af88) [0x00007ab28826b080, 0x00007ab28826b5a8] Compiler: c1, Barriers: 1, Oops: 1, ImmediateOops: 1, NonImmediateOops: No
[3,653s][debug][gc,nmethod     ] Register NMethod: io.sirix.node.NodeKind.deserializeNodeDelegateWithoutIDs (0x00007ab28826b608) [0x00007ab28826b700, 0x00007ab28826bad8] Compiler: c1, Barriers: 1, Oops: 1, ImmediateOops: 0, NonImmediateOops: No
[3,653s][debug][gc,nmethod     ] Register NMethod: io.sirix.node.delegates.StructNodeDelegate.<init> (0x00007ab28826bb08) [0x00007ab28826bc00, 0x00007ab28826bfc8] Compiler: c1, Barriers: 3, Oops: 1, ImmediateOops: 1, NonImmediateOops: No
[3,653s][debug][gc,nmethod     ] Register NMethod: io.sirix.node.NodeKind.deserializeStructDel (0x00007ab28826c008) [0x00007ab28826c100, 0x00007ab28826cde0] Compiler: c1, Barriers: 1, Oops: 1, ImmediateOops: 6, NonImmediateOops: No
[3,653s][debug][gc,nmethod     ] Register NMethod: io.sirix.axis.pathsummary.AbstractAxis.next (0x00007ab28826ce08) [0x00007ab28826cf00, 0x00007ab28826d398] Compiler: c1, Barriers: 4, Oops: 1, ImmediateOops: 1, NonImmediateOops: No
[3,653s][debug][gc,nmethod     ] Register NMethod: io.sirix.index.path.summary.PathNode.setFirstChild (0x00007ab2a6e72308) [0x00007ab2a6e72400, 0x00007ab2a6e72530] Compiler: c1, Barriers: 3, Oops: 1, ImmediateOops: 0, NonImmediateOops: No
[3,653s][debug][gc,nmethod     ] Register NMethod: io.sirix.page.KeyValueLeafPage.processEntries (0x00007ab2a6e72608) [0x00007ab2a6e72700, 0x00007ab2a6e76a00] Compiler: jvmci, Barriers: 86, Oops: 6, ImmediateOops: 10, NonImmediateOops: No
[3,653s][debug][gc,nmethod     ] Register NMethod: io.sirix.node.MemorySegmentBytesIn.read (0x00007ab2a6e76a88) [0x00007ab2a6e76b80, 0x00007ab2a6e76eb0] Compiler: jvmci, Barriers: 4, Oops: 3, ImmediateOops: 0, NonImmediateOops: No
[3,653s][debug][gc,nmethod     ] Register NMethod: io.sirix.axis.pathsummary.AbstractAxis.tryToComputeNext (0x00007ab28826d408) [0x00007ab28826d500, 0x00007ab28826d900] Compiler: c1, Barriers: 13, Oops: 1, ImmediateOops: 4, NonImmediateOops: No
[3,654s][debug][gc,nmethod     ] Register NMethod: io.sirix.axis.pathsummary.LevelOrderSettingInMemoryInstancesAxis.nextNode (0x00007ab28826d988) [0x00007ab28826da80, 0x00007ab288273d78] Compiler: c1, Barriers: 30, Oops: 1, ImmediateOops: 11, NonImmediateOops: No
[3,655s][debug][gc,nmethod     ] Register NMethod: io.sirix.index.path.summary.PathSummaryReader.moveToRightSibling (0x00007ab288273d88) [0x00007ab288273e80, 0x00007ab288275920] Compiler: c1, Barriers: 6, Oops: 1, ImmediateOops: 1, NonImmediateOops: No
[3,655s][debug][gc,nmethod     ] Register NMethod: java.util.HashMap.afterNodeAccess (0x00007ab2a6e76f08) [0x00007ab2a6e77000, 0x00007ab2a6e77080] Compiler: jvmci, Barriers: 0, Oops: 0, ImmediateOops: 0, NonImmediateOops: No
[3,655s][debug][gc,nmethod     ] Register NMethod: io.sirix.index.path.summary.PathSummaryReader.getPathNode (0x00007ab2a6e77208) [0x00007ab2a6e77300, 0x00007ab2a6e77420] Compiler: jvmci, Barriers: 1, Oops: 1, ImmediateOops: 0, NonImmediateOops: No
[3,657s][debug][gc,marking     ] GC(1) Y: Using 2 mark stripes
[3,658s][debug][gc,marking     ] GC(1) Y: Using 4 mark stripes
[3,658s][debug][gc,marking     ] GC(1) Y: Using 2 mark stripes
[3,658s][debug][gc,marking     ] GC(1) Y: Using 1 mark stripes
[3,659s][debug][gc,marking     ] GC(1) Y: Using 2 mark stripes
[3,659s][debug][gc,marking     ] GC(1) Y: Using 1 mark stripes
[3,659s][debug][gc,marking     ] GC(1) Y: Using 2 mark stripes
[3,659s][debug][gc,marking     ] GC(1) Y: Using 4 mark stripes
[3,659s][debug][gc,nmethod     ] Register NMethod: io.sirix.page.PageUtils.createDelegate (0x00007ab287b6ff88) [0x00007ab287b70080, 0x00007ab287b71180] Compiler: c1, Barriers: 16, Oops: 1, ImmediateOops: 0, NonImmediateOops: No
[3,660s][debug][gc,nmethod     ] Register NMethod: io.sirix.page.PageReference.setDatabaseId (0x00007ab2a6e77508) [0x00007ab2a6e77600, 0x00007ab2a6e77690] Compiler: jvmci, Barriers: 0, Oops: 1, ImmediateOops: 0, NonImmediateOops: No
[3,660s][debug][gc,nmethod     ] Register NMethod: io.sirix.page.PageReference.setResourceId (0x00007ab2a6e77808) [0x00007ab2a6e77900, 0x00007ab2a6e77990] Compiler: jvmci, Barriers: 0, Oops: 1, ImmediateOops: 0, NonImmediateOops: No
[3,661s][debug][gc,marking     ] GC(1) Y: Using 2 mark stripes
[3,661s][debug][gc,marking     ] GC(1) Y: Using 1 mark stripes
[3,661s][debug][gc,marking     ] GC(1) Y: Using 2 mark stripes
[3,661s][debug][gc,marking     ] GC(1) Y: Using 1 mark stripes
[3,662s][debug][gc,marking     ] GC(1) Y: Using 2 mark stripes
[3,662s][debug][gc,marking     ] GC(1) Y: Using 1 mark stripes
[3,662s][debug][gc,marking     ] GC(1) Y: Using 2 mark stripes
[3,662s][debug][gc,marking     ] GC(1) Y: Using 1 mark stripes
[3,662s][debug][gc,marking     ] GC(1) Y: Using 2 mark stripes
[3,663s][debug][gc,marking     ] GC(1) Y: Using 1 mark stripes
[3,663s][debug][gc,nmethod     ] Register NMethod: sun.nio.ch.FileChannelImpl.implRead (0x00007ab2a6e77b08) [0x00007ab2a6e77c00, 0x00007ab2a6e77d58] Compiler: jvmci, Barriers: 0, Oops: 0, ImmediateOops: 0, NonImmediateOops: No
[3,663s][debug][gc,marking     ] GC(1) Y: Using 2 mark stripes
[3,663s][debug][gc,marking     ] GC(1) Y: Using 1 mark stripes
[3,663s][debug][gc,marking     ] GC(1) Y: Using 2 mark stripes
[3,663s][debug][gc,marking     ] GC(1) Y: Using 1 mark stripes
[3,664s][debug][gc,marking     ] GC(1) Y: Using 2 mark stripes
[3,664s][debug][gc,marking     ] GC(1) Y: Using 1 mark stripes
[3,664s][debug][gc,marking     ] GC(1) Y: Using 2 mark stripes
[3,664s][debug][gc,marking     ] GC(1) Y: Using 1 mark stripes
[3,665s][debug][gc,marking     ] GC(1) Y: Using 2 mark stripes
[3,665s][debug][gc,marking     ] GC(1) Y: Using 1 mark stripes
[3,665s][debug][gc,nmethod     ] Register NMethod: io.sirix.axis.AbstractAxis.<init> (0x00007ab288275988) [0x00007ab288275a80, 0x00007ab2882764d0] Compiler: c1, Barriers: 9, Oops: 1, ImmediateOops: 2, NonImmediateOops: No
[3,665s][debug][gc,marking     ] GC(1) Y: Using 2 mark stripes
[3,665s][debug][gc,marking     ] GC(1) Y: Using 1 mark stripes
[3,666s][debug][gc,marking     ] GC(1) Y: Using 2 mark stripes
[3,666s][debug][gc,marking     ] GC(1) Y: Using 1 mark stripes
[3,666s][debug][gc,marking     ] GC(1) Y: Using 2 mark stripes
[3,666s][debug][gc,marking     ] GC(1) Y: Using 1 mark stripes
[3,667s][debug][gc,marking     ] GC(1) Y: Using 2 mark stripes
[3,667s][debug][gc,marking     ] GC(1) Y: Using 1 mark stripes
[3,667s][debug][gc,nmethod     ] Register NMethod: io.sirix.node.MemorySegmentBytesIn.position (0x00007ab2a6e77e08) [0x00007ab2a6e77f00, 0x00007ab2a6e77fc0] Compiler: c1, Barriers: 0, Oops: 1, ImmediateOops: 0, NonImmediateOops: No
[3,667s][debug][gc,marking     ] GC(1) Y: Using 2 mark stripes
[3,667s][debug][gc,marking     ] GC(1) Y: Using 1 mark stripes
[3,668s][debug][gc,marking     ] GC(1) Y: Using 2 mark stripes
[3,668s][debug][gc,marking     ] GC(1) Y: Using 1 mark stripes
[3,668s][debug][gc,nmethod     ] Register NMethod: io.sirix.cache.PageGuard.page (0x00007ab2a6e78108) [0x00007ab2a6e78200, 0x00007ab2a6e782e8] Compiler: jvmci, Barriers: 1, Oops: 1, ImmediateOops: 0, NonImmediateOops: No
[3,668s][debug][gc,nmethod     ] Register NMethod: net.jpountz.lz4.LZ4BlockInputStream.read (0x00007ab2a6e78408) [0x00007ab2a6e78500, 0x00007ab2a6e78960] Compiler: jvmci, Barriers: 1, Oops: 1, ImmediateOops: 0, NonImmediateOops: No
[3,668s][debug][gc,nmethod     ] Register NMethod: io.sirix.access.trx.page.NodeStorageEngineReader$PageReferenceToPage.<init> (0x00007ab2a6e78988) [0x00007ab2a6e78a80, 0x00007ab2a6e78bd8] Compiler: jvmci, Barriers: 6, Oops: 1, ImmediateOops: 0, NonImmediateOops: No
[3,668s][debug][gc,nmethod     ] Register NMethod: io.sirix.axis.AbstractAxis.tryToComputeNext (0x00007ab288276508) [0x00007ab288276600, 0x00007ab288276d30] Compiler: c1, Barriers: 10, Oops: 1, ImmediateOops: 5, NonImmediateOops: No
[3,669s][debug][gc,nmethod     ] Register NMethod: io.sirix.node.MemorySegmentBytesIn.position (0x00007ab2a6e78c88) [0x00007ab2a6e78d80, 0x00007ab2a6e78e40] Compiler: c1, Barriers: 0, Oops: 1, ImmediateOops: 0, NonImmediateOops: No
[3,669s][debug][gc,nmethod     ] Register NMethod: io.sirix.axis.filter.xml.XmlNameFilter.filter (0x00007ab288276d88) [0x00007ab288276e80, 0x00007ab2882782c8] Compiler: c1, Barriers: 3, Oops: 1, ImmediateOops: 0, NonImmediateOops: No
[3,669s][debug][gc,nmethod     ] Register NMethod: io.sirix.access.trx.node.xml.XmlNodeReadOnlyTrxImpl.isNameNode (0x00007ab288278308) [0x00007ab288278400, 0x00007ab288278c38] Compiler: c1, Barriers: 1, Oops: 1, ImmediateOops: 1, NonImmediateOops: No
[3,669s][debug][gc,marking     ] GC(1) Y: Using 2 mark stripes
[3,669s][debug][gc,nmethod     ] Register NMethod: it.unimi.dsi.fastutil.longs.LongArrayList.<init> (0x00007ab288278c88) [0x00007ab288278d80, 0x00007ab288279028] Compiler: c1, Barriers: 0, Oops: 1, ImmediateOops: 0, NonImmediateOops: No
[3,669s][debug][gc,nmethod     ] Register NMethod: it.unimi.dsi.fastutil.longs.LongArrayList.initArrayFromCapacity (0x00007ab288279088) [0x00007ab288279180, 0x00007ab28827a2c8] Compiler: c1, Barriers: 6, Oops: 3, ImmediateOops: 4, NonImmediateOops: No
[3,669s][debug][gc,nmethod     ] Register NMethod: io.sirix.access.trx.page.NodeStorageEngineReader.getMostRecentPage (0x00007ab28827a308) [0x00007ab28827a400, 0x00007ab28827ad18] Compiler: c1, Barriers: 11, Oops: 1, ImmediateOops: 1, NonImmediateOops: No
[3,670s][debug][gc,nmethod     ] Register NMethod: io.sirix.access.trx.node.xml.XmlNodeReadOnlyTrxImpl.getLocalNameKey (0x00007ab28827ad88) [0x00007ab28827ae80, 0x00007ab28827bd48] Compiler: c1, Barriers: 1, Oops: 1, ImmediateOops: 1, NonImmediateOops: No
[3,670s][debug][gc,marking     ] GC(1) Y: Using 4 mark stripes
[3,670s][debug][gc,nmethod     ] Register NMethod: io.brackit.query.atomic.QNm.<init> (0x00007ab28827bd88) [0x00007ab28827be80, 0x00007ab28827c2b8] Compiler: c1, Barriers: 9, Oops: 1, ImmediateOops: 4, NonImmediateOops: No
[3,670s][debug][gc,marking     ] GC(1) Y: Using 2 mark stripes
[3,670s][debug][gc,nmethod     ] Register NMethod: io.sirix.axis.DescendantAxis.hasNextNode (0x00007ab28827c308) [0x00007ab28827c400, 0x00007ab28827d368] Compiler: c1, Barriers: 1, Oops: 1, ImmediateOops: 1, NonImmediateOops: No
[3,670s][debug][gc,marking     ] GC(1) Y: Using 1 mark stripes
[3,670s][debug][gc,marking     ] GC(1) Y: Using 2 mark stripes
[3,670s][debug][gc,nmethod     ] Register NMethod: io.sirix.node.json.JsonNodeSerializer.readSizePrefix (0x00007ab28827d388) [0x00007ab28827d480, 0x00007ab28827d6a0] Compiler: c1, Barriers: 0, Oops: 1, ImmediateOops: 0, NonImmediateOops: No
[3,670s][debug][gc,marking     ] GC(1) Y: Using 1 mark stripes
[3,670s][debug][gc,nmethod     ] Register NMethod: io.sirix.node.xml.ElementNode.<init> (0x00007ab28827d708) [0x00007ab28827d800, 0x00007ab28827db18] Compiler: c1, Barriers: 3, Oops: 1, ImmediateOops: 0, NonImmediateOops: No
[3,670s][debug][gc,nmethod     ] Register NMethod: io.sirix.axis.filter.FilterAxis.nextKey (0x00007ab28827db88) [0x00007ab28827dc80, 0x00007ab28827f290] Compiler: c1, Barriers: 3, Oops: 1, ImmediateOops: 1, NonImmediateOops: No
[3,670s][debug][gc,marking     ] GC(1) Y: Using 2 mark stripes
[3,671s][debug][gc,nmethod     ] Register NMethod: kotlinx.coroutines.internal.ConcurrentLinkedListNode.getNextOrClosed (0x00007ab28827f308) [0x00007ab28827f400, 0x00007ab28827f898] Compiler: c1, Barriers: 1, Oops: 2, ImmediateOops: 3, NonImmediateOops: No
[3,671s][debug][gc,nmethod     ] Register NMethod: kotlinx.coroutines.internal.ConcurrentLinkedListNode.access$getNextOrClosed (0x00007ab28827f908) [0x00007ab28827fa00, 0x00007ab28827fef0] Compiler: c1, Barriers: 1, Oops: 2, ImmediateOops: 3, NonImmediateOops: No
[3,671s][debug][gc,nmethod     ] Register NMethod: io.sirix.node.xml.TextNode.<init> (0x00007ab28827ff08) [0x00007ab288280000, 0x00007ab288280300] Compiler: c1, Barriers: 3, Oops: 1, ImmediateOops: 0, NonImmediateOops: No
[3,671s][debug][gc,nmethod     ] Register NMethod: io.sirix.access.trx.page.NodeStorageEngineReader.getRecordPage (0x00007ab288280388) [0x00007ab288280480, 0x00007ab28828b978] Compiler: c1, Barriers: 96, Oops: 5, ImmediateOops: 16, NonImmediateOops: No
[3,671s][debug][gc,marking     ] GC(1) Y: Using 1 mark stripes
[3,672s][debug][gc,nmethod     ] Register NMethod: io.sirix.node.NodeKind$1.deserialize (0x00007ab28828ba08) [0x00007ab28828bb00, 0x00007ab28828f148] Compiler: c1, Barriers: 28, Oops: 3, ImmediateOops: 7, NonImmediateOops: No
[3,672s][debug][gc,nmethod     ] Register NMethod: io.sirix.node.NodeKind$4.deserialize (0x00007ab28828f188) [0x00007ab28828f280, 0x00007ab288290e38] Compiler: c1, Barriers: 10, Oops: 2, ImmediateOops: 1, NonImmediateOops: No
[3,672s][debug][gc,nmethod     ] Register NMethod: io.sirix.node.MemorySegmentBytesIn.getUnderlying (0x00007ab2a6e78f88) [0x00007ab2a6e79080, 0x00007ab2a6e792c0] Compiler: jvmci, Barriers: 4, Oops: 1, ImmediateOops: 0, NonImmediateOops: No
[3,674s][debug][gc,nmethod     ] Register NMethod: io.sirix.node.xml.ElementNode.hasRightSibling (0x00007ab2a6e79308) [0x00007ab2a6e79400, 0x00007ab2a6e796c8] Compiler: jvmci, Barriers: 4, Oops: 1, ImmediateOops: 0, NonImmediateOops: No
[3,676s][debug][gc,nmethod     ] Register NMethod: io.sirix.page.IndirectPage.getOrCreateReference (0x00007ab288290e88) [0x00007ab288290f80, 0x00007ab288292490] Compiler: c1, Barriers: 8, Oops: 1, ImmediateOops: 0, NonImmediateOops: No
[3,679s][debug][gc,nmethod     ] Register NMethod: sun.nio.ch.IOUtil.read (0x00007ab2a6e79708) [0x00007ab2a6e79800, 0x00007ab2a6e7a8a0] Compiler: jvmci, Barriers: 24, Oops: 1, ImmediateOops: 1, NonImmediateOops: No
[3,682s][debug][gc,nmethod     ] Register NMethod: java.nio.HeapByteBuffer.getLong (0x00007ab288292508) [0x00007ab288292600, 0x00007ab2882940c8] Compiler: c1, Barriers: 6, Oops: 1, ImmediateOops: 4, NonImmediateOops: No
[3,685s][debug][gc,nmethod     ] Register NMethod: io.sirix.page.PageUtils.fixupPageReferenceIds (0x00007ab2a6e7a908) [0x00007ab2a6e7aa00, 0x00007ab2a6e7bea0] Compiler: jvmci, Barriers: 29, Oops: 1, ImmediateOops: 0, NonImmediateOops: No
[3,685s][debug][gc,nmethod     ] Register NMethod: io.sirix.page.delegates.BitmapReferencesPage.getOrCreateReference (0x00007ab288294108) [0x00007ab288294200, 0x00007ab2882948a8] Compiler: c1, Barriers: 2, Oops: 1, ImmediateOops: 0, NonImmediateOops: No
[3,687s][debug][gc,nmethod     ] Register NMethod: io.sirix.access.trx.page.NodeStorageEngineReader.getMostRecentPage (0x00007ab2a6e7bf08) [0x00007ab2a6e7c000, 0x00007ab2a6e7c2d0] Compiler: jvmci, Barriers: 4, Oops: 1, ImmediateOops: 0, NonImmediateOops: No
[3,688s][debug][gc,nmethod     ] Register NMethod: io.sirix.node.Bytes.elasticOffHeapByteBuffer (0x00007ab2a6e7c308) [0x00007ab2a6e7c400, 0x00007ab2a6e7daf0] Compiler: jvmci, Barriers: 65, Oops: 7, ImmediateOops: 9, NonImmediateOops: No
[3,691s][debug][gc,nmethod     ] Register NMethod: net.jpountz.lz4.LZ4BlockInputStream.readFully (0x00007ab288294908) [0x00007ab288294a00, 0x00007ab288294c20] Compiler: c1, Barriers: 0, Oops: 1, ImmediateOops: 1, NonImmediateOops: No
[3,691s][debug][gc,nmethod     ] Register NMethod: org.magicwerk.brownies.collections.GapList.doEnsureCapacity (0x00007ab2a6e7db88) [0x00007ab2a6e7dc80, 0x00007ab2a6e7e058] Compiler: jvmci, Barriers: 8, Oops: 1, ImmediateOops: 0, NonImmediateOops: No
[3,694s][debug][gc,nmethod     ] Register NMethod: io.sirix.axis.AbstractAxis.tryToComputeNext (0x00007ab2a6e7e088) [0x00007ab2a6e7e180, 0x00007ab2a6e7e438] Compiler: jvmci, Barriers: 10, Oops: 1, ImmediateOops: 3, NonImmediateOops: No
[3,696s][debug][gc,nmethod     ] Register NMethod: io.sirix.cache.ShardedPageCache.getAndGuard (0x00007ab2a6e7e488) [0x00007ab2a6e7e6c0, 0x00007ab2a6e7fa40] Compiler: jvmci, Barriers: 35, Oops: 3, ImmediateOops: 2, NonImmediateOops: No
[3,697s][debug][gc,nmethod     ] Register NMethod: java.lang.Integer.numberOfTrailingZeros (0x00007ab2a6e7fa88) [0x00007ab2a6e7fb80, 0x00007ab2a6e7fc80] Compiler: jvmci, Barriers: 0, Oops: 0, ImmediateOops: 0, NonImmediateOops: No
[3,698s][debug][gc,nmethod     ] Register NMethod: net.jpountz.lz4.LZ4BlockInputStream.refill (0x00007ab288294c88) [0x00007ab288294d80, 0x00007ab288296d90] Compiler: c1, Barriers: 22, Oops: 1, ImmediateOops: 11, NonImmediateOops: No
[3,698s][debug][gc,nmethod     ] Register NMethod: sun.nio.ch.FileChannelImpl.readInternal (0x00007ab2a6e7fd88) [0x00007ab2a6e7fe80, 0x00007ab2a6e826e8] Compiler: jvmci, Barriers: 54, Oops: 2, ImmediateOops: 3, NonImmediateOops: No
[3,698s][debug][gc,nmethod     ] Register NMethod: java.lang.Long.numberOfTrailingZeros (0x00007ab2a6e82708) [0x00007ab2a6e82800, 0x00007ab2a6e82880] Compiler: jvmci, Barriers: 0, Oops: 0, ImmediateOops: 0, NonImmediateOops: No
[3,699s][debug][gc,nmethod     ] Register NMethod: io.sirix.access.trx.page.NodeStorageEngineReader.getRecordPage (0x00007ab2a6e82a08) [0x00007ab2a6e82b00, 0x00007ab2a6e84478] Compiler: jvmci, Barriers: 61, Oops: 1, ImmediateOops: 1, NonImmediateOops: No
[3,699s][debug][gc,nmethod     ] Register NMethod: java.util.BitSet.nextSetBit (0x00007ab2a6e84488) [0x00007ab2a6e84580, 0x00007ab2a6e84700] Compiler: jvmci, Barriers: 1, Oops: 0, ImmediateOops: 0, NonImmediateOops: No
[3,703s][debug][gc,nmethod     ] Register NMethod: io.sirix.page.KeyValueLeafPage.setDeweyId (0x00007ab2a6e84788) [0x00007ab2a6e84880, 0x00007ab2a6e849c0] Compiler: jvmci, Barriers: 2, Oops: 1, ImmediateOops: 0, NonImmediateOops: No
[3,705s][debug][gc,nmethod     ] Register NMethod: sun.nio.ch.FileChannelImpl.readInternal (0x00007ab288296e08) [0x00007ab288296f00, 0x00007ab288298f00] Compiler: c1, Barriers: 7, Oops: 0, ImmediateOops: 3, NonImmediateOops: No
[3,705s][debug][gc,alloc       ] Mutator Allocation Rate: 588,6MB/s Predicted: 625,1MB/s, Avg: 423,1(+/-113,8)MB/s
[3,706s][debug][gc,nmethod     ] Register NMethod: io.sirix.node.MemorySegmentBytesIn.readStopBit (0x00007ab2a6e84a88) [0x00007ab2a6e84b80, 0x00007ab2a6e84ea0] Compiler: jvmci, Barriers: 4, Oops: 1, ImmediateOops: 0, NonImmediateOops: No
[3,707s][debug][gc,nmethod     ] Register NMethod: org.magicwerk.brownies.collections.GapList.doAdd (0x00007ab2a6e84f08) [0x00007ab2a6e85000, 0x00007ab2a6e85c88] Compiler: jvmci, Barriers: 21, Oops: 1, ImmediateOops: 0, NonImmediateOops: No
[3,708s][debug][gc,nmethod     ] Register NMethod: io.sirix.access.trx.node.AbstractNodeReadOnlyTrx.hasFirstChild (0x00007ab2a6e85d08) [0x00007ab2a6e85e00, 0x00007ab2a6e863c0] Compiler: jvmci, Barriers: 8, Oops: 1, ImmediateOops: 0, NonImmediateOops: No
[3,708s][debug][gc,nmethod     ] Register NMethod: io.sirix.node.xml.TextNode.hasRightSibling (0x00007ab2a6e86408) [0x00007ab2a6e86500, 0x00007ab2a6e867c8] Compiler: jvmci, Barriers: 4, Oops: 1, ImmediateOops: 0, NonImmediateOops: No
[3,710s][debug][gc,nmethod     ] Register NMethod: io.sirix.access.trx.node.xml.XmlNodeReadOnlyTrxImpl.isNameNode (0x00007ab2a6e86808) [0x00007ab2a6e86900, 0x00007ab2a6e86a90] Compiler: jvmci, Barriers: 1, Oops: 1, ImmediateOops: 0, NonImmediateOops: No
[3,710s][debug][gc,nmethod     ] Register NMethod: io.sirix.access.trx.node.AbstractNodeReadOnlyTrx.hasRightSibling (0x00007ab2a6e86b08) [0x00007ab2a6e86c00, 0x00007ab2a6e87380] Compiler: jvmci, Barriers: 12, Oops: 1, ImmediateOops: 0, NonImmediateOops: No
[3,712s][debug][gc,nmethod     ] Register NMethod: java.util.concurrent.atomic.AtomicLongFieldUpdater$CASUpdater.get (0x00007ab2a6e87408) [0x00007ab2a6e87500, 0x00007ab2a6e87728] Compiler: jvmci, Barriers: 1, Oops: 0, ImmediateOops: 0, NonImmediateOops: No
[3,713s][debug][gc,nmethod     ] Register NMethod: it.unimi.dsi.fastutil.longs.LongArrayList.initArrayFromCapacity (0x00007ab2a6e87788) [0x00007ab2a6e87880, 0x00007ab2a6e87ba0] Compiler: jvmci, Barriers: 6, Oops: 1, ImmediateOops: 1, NonImmediateOops: No
[3,715s][debug][gc,nmethod     ] Register NMethod: java.nio.ByteBuffer.limit (0x00007ab2a6e87c08) [0x00007ab2a6e87d00, 0x00007ab2a6e87e10] Compiler: jvmci, Barriers: 0, Oops: 0, ImmediateOops: 0, NonImmediateOops: No
[3,716s][debug][gc,nmethod     ] Register NMethod: java.nio.channels.spi.AbstractInterruptibleChannel.begin (0x00007ab288298f08) [0x00007ab288299000, 0x00007ab288299c18] Compiler: c1, Barriers: 6, Oops: 0, ImmediateOops: 1, NonImmediateOops: No
[3,718s][debug][gc,nmethod     ] Register NMethod: io.sirix.axis.filter.xml.XmlNameFilter.filter (0x00007ab2a6e87f08) [0x00007ab2a6e88000, 0x00007ab2a6e88808] Compiler: jvmci, Barriers: 10, Oops: 1, ImmediateOops: 0, NonImmediateOops: No
[3,718s][debug][gc,nmethod     ] Register NMethod: java.nio.channels.spi.AbstractInterruptibleChannel.end (0x00007ab288299c88) [0x00007ab288299d80, 0x00007ab28829a820] Compiler: c1, Barriers: 8, Oops: 0, ImmediateOops: 1, NonImmediateOops: No
[3,721s][debug][gc,nmethod     ] Register NMethod: io.sirix.node.NodeSerializerImpl.deserialize (0x00007ab2a6e88888) [0x00007ab2a6e88980, 0x00007ab2a6e88cb8] Compiler: jvmci, Barriers: 5, Oops: 1, ImmediateOops: 1, NonImmediateOops: No
[3,724s][debug][gc,remset      ] GC(1) Y: Remset forwarding retained: 0,000ms count: 0 ZWorkerYoung#4
[3,724s][debug][gc,remset      ] GC(1) Y: Remset forwarding released: 0,000ms count: 0 ZWorkerYoung#4
[3,724s][debug][gc,remset      ] GC(1) Y: Remset forwarding retained: 0,000ms count: 0 ZWorkerYoung#3
[3,724s][debug][gc,remset      ] GC(1) Y: Remset forwarding retained: 0,000ms count: 0 ZWorkerYoung#2
[3,724s][debug][gc,remset      ] GC(1) Y: Remset forwarding released: 0,000ms count: 0 ZWorkerYoung#2
[3,724s][debug][gc,remset      ] GC(1) Y: Remset forwarding retained: 0,000ms count: 0 ZWorkerYoung#0
[3,724s][debug][gc,remset      ] GC(1) Y: Remset forwarding released: 0,000ms count: 0 ZWorkerYoung#0
[3,724s][debug][gc,remset      ] GC(1) Y: Remset forwarding retained: 0,000ms count: 0 ZWorkerYoung#1
[3,725s][debug][gc,remset      ] GC(1) Y: Remset forwarding released: 0,000ms count: 0 ZWorkerYoung#1
[3,724s][debug][gc,remset      ] GC(1) Y: Remset forwarding released: 0,000ms count: 0 ZWorkerYoung#3
[3,725s][debug][gc,marking     ] GC(1) Y: Try terminate after resurrection
[3,725s][debug][gc,phases      ] GC(1) Y: Concurrent Mark Follow 180,946ms
[3,725s][info ][gc,phases      ] GC(1) Y: Concurrent Mark 193,270ms
[3,725s][debug][gc,reloc       ] Synchronize all workers 1 _nworkers: 0 _nsynchronized: 0
[3,725s][debug][gc,reloc       ] Synchronize all workers 1 _nworkers: 0 _nsynchronized: 0
[3,725s][debug][gc,phases,start] GC(1) Y: Pause Mark End
[3,725s][info ][gc,phases      ] GC(1) Y: Pause Mark End 0,018ms
[3,725s][debug][gc,reloc       ] Desynchronize all workers _nworkers: 0 _nsynchronized: 0
[3,725s][debug][gc,reloc       ] Desynchronize all workers _nworkers: 0 _nsynchronized: 0
[3,725s][debug][gc,phases,start] GC(1) Y: Concurrent Mark Free
[3,725s][info ][gc,phases      ] GC(1) Y: Concurrent Mark Free 0,009ms
[3,725s][debug][gc,phases,start] GC(1) Y: Concurrent Reset Relocation Set
[3,725s][info ][gc,phases      ] GC(1) Y: Concurrent Reset Relocation Set 0,007ms
[3,725s][debug][gc,phases,start] GC(1) Y: Concurrent Select Relocation Set
[3,725s][debug][gc,reloc       ] GC(1) Y: Relocation Set (Medium Pages): 0->0, 1 skipped, 0 forwarding entries
[3,725s][debug][gc,reloc       ] GC(1) Y: Relocation Set (Small Pages): 520->87, 0 skipped, 6487424 forwarding entries
[3,725s][debug][gc,reloc       ] GC(1) Y: Allocated To Garbage: 3,3
[3,725s][debug][gc,reloc       ] GC(1) Y: Young Log Residency: 1,3
[3,725s][debug][gc,reloc       ] GC(1) Y: Life Decay Factor: 0,9
[3,725s][info ][gc,reloc       ] GC(1) Y: Using tenuring threshold: 1 (Computed)
[3,725s][debug][gc,task        ] GC(1) Y: Executing ZRelocationSetInstallTask using ZWorkerYoung with 5 workers
[3,727s][debug][gc,nmethod     ] Register NMethod: io.sirix.access.trx.node.AbstractNodeReadOnlyTrx.getRightSiblingKey (0x00007ab2a6e88d08) [0x00007ab2a6e88e00, 0x00007ab2a6e89540] Compiler: jvmci, Barriers: 11, Oops: 1, ImmediateOops: 0, NonImmediateOops: No
[3,728s][debug][gc,nmethod     ] Register NMethod: io.sirix.page.KeyValueLeafPage.setSlot (0x00007ab2a6e89588) [0x00007ab2a6e89680, 0x00007ab2a6e8a2c8] Compiler: jvmci, Barriers: 15, Oops: 1, ImmediateOops: 0, NonImmediateOops: No
[3,731s][debug][gc,task        ] GC(1) Y: Executing ZPromotePagesTask using ZWorkerYoung with 5 workers
[3,736s][debug][gc,nmethod     ] Register NMethod: java.util.LinkedHashMap.values (0x00007ab28829a888) [0x00007ab28829a980, 0x00007ab28829ac78] Compiler: c1, Barriers: 0, Oops: 0, ImmediateOops: 0, NonImmediateOops: No
[3,736s][debug][gc,nmethod     ] Register NMethod: java.util.LinkedHashMap.sequencedValues (0x00007ab28829ac88) [0x00007ab28829ad80, 0x00007ab28829b3f0] Compiler: c1, Barriers: 7, Oops: 0, ImmediateOops: 0, NonImmediateOops: No
[3,739s][debug][gc,nmethod     ] Register NMethod: io.sirix.access.trx.node.AbstractNodeReadOnlyTrx.getLeftSiblingKey (0x00007ab2a6e8a308) [0x00007ab2a6e8a400, 0x00007ab2a6e8ab40] Compiler: jvmci, Barriers: 11, Oops: 1, ImmediateOops: 0, NonImmediateOops: No
[3,739s][debug][gc,nmethod     ] Register NMethod: io.sirix.access.trx.page.NodeStorageEngineReader.getDataRecord (0x00007ab2a6e8ab88) [0x00007ab2a6e8ac80, 0x00007ab2a6e8b468] Compiler: jvmci, Barriers: 13, Oops: 2, ImmediateOops: 1, NonImmediateOops: No
[3,740s][debug][gc,nmethod     ] Register NMethod: io.sirix.access.trx.node.AbstractNodeReadOnlyTrx.getFirstChildKey (0x00007ab2a6e8b488) [0x00007ab2a6e8b580, 0x00007ab2a6e8bb78] Compiler: jvmci, Barriers: 8, Oops: 1, ImmediateOops: 0, NonImmediateOops: No
[3,742s][debug][gc,nmethod     ] Register NMethod: io.sirix.node.xml.ElementNode.<init> (0x00007ab2a6e8bb88) [0x00007ab2a6e8bc80, 0x00007ab2a6e8c180] Compiler: jvmci, Barriers: 20, Oops: 1, ImmediateOops: 1, NonImmediateOops: No
[3,743s][debug][gc,nmethod     ] Register NMethod: io.sirix.node.json.JsonNodeSerializer.readSizePrefix (0x00007ab2a6e8c208) [0x00007ab2a6e8c300, 0x00007ab2a6e8c5c8] Compiler: jvmci, Barriers: 4, Oops: 1, ImmediateOops: 0, NonImmediateOops: No
[3,745s][debug][gc,nmethod     ] Register NMethod: io.sirix.node.xml.TextNode.<init> (0x00007ab2a6e8c608) [0x00007ab2a6e8c720, 0x00007ab2a6e8caf8] Compiler: jvmci, Barriers: 15, Oops: 1, ImmediateOops: 0, NonImmediateOops: No
[3,745s][debug][gc,task        ] GC(1) Y: Executing ZPromotePagesTask using ZWorkerYoung with 5 workers
[3,745s][debug][gc,nmethod     ] Register NMethod: io.sirix.access.trx.page.NodeStorageEngineReader.getRecordPage (0x00007ab28829b408) [0x00007ab28829b500, 0x00007ab2882a69f8] Compiler: c1, Barriers: 96, Oops: 5, ImmediateOops: 16, NonImmediateOops: No
[3,745s][debug][gc,task        ] GC(1) Y: Executing ZPromotePagesTask using ZWorkerYoung with 5 workers
[3,746s][info ][gc,phases      ] GC(1) Y: Concurrent Select Relocation Set 20,721ms
[3,746s][debug][gc,reloc       ] Synchronize all workers 1 _nworkers: 0 _nsynchronized: 0
[3,746s][debug][gc,reloc       ] Synchronize all workers 1 _nworkers: 0 _nsynchronized: 0
[3,746s][debug][gc,phases,start] GC(1) Y: Pause Relocate Start
[3,746s][debug][gc,reloc       ] GC(1) Y: Joining workers: 5
[3,746s][info ][gc,phases      ] GC(1) Y: Pause Relocate Start 0,050ms
[3,746s][debug][gc,reloc       ] Desynchronize all workers _nworkers: 0 _nsynchronized: 0
[3,746s][debug][gc,reloc       ] Desynchronize all workers _nworkers: 5 _nsynchronized: 0
[3,746s][debug][gc,phases,start] GC(1) Y: Concurrent Relocate
[3,746s][debug][gc,task        ] GC(1) Y: Executing ZRelocateStoreBufferInstallBasePointersTask using ZWorkerYoung with 5 workers
[3,746s][debug][gc,task        ] GC(1) Y: Executing ZRelocateTask using ZWorkerYoung with 5 workers
[3,748s][debug][gc,nmethod     ] Register NMethod: io.sirix.axis.DescendantAxis.nextKey (0x00007ab2a6e8cb08) [0x00007ab2a6e8cc00, 0x00007ab2a6e8f430] Compiler: jvmci, Barriers: 56, Oops: 1, ImmediateOops: 1, NonImmediateOops: No
[3,750s][debug][gc,nmethod     ] Register NMethod: java.nio.MappedByteBuffer.flip (0x00007ab2a6e8f488) [0x00007ab2a6e8f580, 0x00007ab2a6e8f618] Compiler: jvmci, Barriers: 0, Oops: 0, ImmediateOops: 0, NonImmediateOops: No
[3,750s][debug][gc,nmethod     ] Register NMethod: io.sirix.page.PageKind$1.deserializePage (0x00007ab2882a6a88) [0x00007ab2882a6b80, 0x00007ab2882aac00] Compiler: c1, Barriers: 3, Oops: 3, ImmediateOops: 5, NonImmediateOops: No
[3,750s][debug][gc,nmethod     ] Register NMethod: io.sirix.access.trx.node.xml.XmlNodeReadOnlyTrxImpl.getLocalNameKey (0x00007ab2a6e8f788) [0x00007ab2a6e8f880, 0x00007ab2a6e8fbb8] Compiler: jvmci, Barriers: 5, Oops: 1, ImmediateOops: 0, NonImmediateOops: No
[3,751s][debug][gc,nmethod     ] Register NMethod: io.sirix.page.SerializationType$1.deserializeBitmapReferencesPage (0x00007ab2a6e8fc08) [0x00007ab2a6e8fd00, 0x00007ab2a6e93c00] Compiler: jvmci, Barriers: 79, Oops: 8, ImmediateOops: 1, NonImmediateOops: No
[3,755s][debug][gc,nmethod     ] Register NMethod: io.sirix.axis.filter.FilterAxis.nextKey (0x00007ab2882aac88) [0x00007ab2882aad80, 0x00007ab2882ac400] Compiler: c1, Barriers: 3, Oops: 1, ImmediateOops: 1, NonImmediateOops: No
[3,768s][debug][gc,nmethod     ] Register NMethod: io.sirix.access.trx.page.NodeStorageEngineReader$PageFragmentsResult.originalKeys (0x00007ab2a6e93c88) [0x00007ab2a6e93d80, 0x00007ab2a6e93e68] Compiler: c1, Barriers: 1, Oops: 1, ImmediateOops: 0, NonImmediateOops: No
[3,768s][debug][gc,nmethod     ] Register NMethod: io.sirix.access.trx.page.NodeStorageEngineReader$PageFragmentsResult.storageKeyForFirstFragment (0x00007ab2a6e93f88) [0x00007ab2a6e94080, 0x00007ab2a6e94140] Compiler: c1, Barriers: 0, Oops: 1, ImmediateOops: 0, NonImmediateOops: No
[3,772s][debug][gc,nmethod     ] Register NMethod: java.util.concurrent.ConcurrentHashMap.size (0x00007ab2882ac488) [0x00007ab2882ac580, 0x00007ab2882ac950] Compiler: c1, Barriers: 0, Oops: 0, ImmediateOops: 0, NonImmediateOops: No
[3,772s][debug][gc,nmethod     ] Register NMethod: io.sirix.access.trx.page.NodeStorageEngineReader.getRecordPage (0x00007ab2a6e94288) [0x00007ab2a6e94380, 0x00007ab2a6e95ea8] Compiler: jvmci, Barriers: 65, Oops: 1, ImmediateOops: 1, NonImmediateOops: No
[3,773s][debug][gc,nmethod     ] Register NMethod: io.sirix.axis.DescendantAxis.hasNextNode (0x00007ab2a6e95f08) [0x00007ab2a6e96000, 0x00007ab2a6e97bb8] Compiler: jvmci, Barriers: 45, Oops: 2, ImmediateOops: 2, NonImmediateOops: No
[3,780s][debug][gc,alloc       ] Mutator Allocation Rate: 608,1MB/s Predicted: 644,9MB/s, Avg: 434,0(+/-118,7)MB/s
[3,782s][debug][gc,nmethod     ] Register NMethod: ch.qos.logback.classic.Logger.debug (0x00007ab2882ac988) [0x00007ab2882aca80, 0x00007ab2882acbf0] Compiler: c1, Barriers: 0, Oops: 1, ImmediateOops: 2, NonImmediateOops: No
[3,785s][debug][gc,reloc       ] GC(1) Y: Leaving workers: left: 4 _synchronize: 0 _nsynchronized: 0
[3,785s][debug][gc,reloc       ] GC(1) Y: Leaving workers: left: 3 _synchronize: 0 _nsynchronized: 0
[3,785s][debug][gc,reloc       ] GC(1) Y: Leaving workers: left: 2 _synchronize: 0 _nsynchronized: 0
[3,785s][debug][gc,reloc       ] GC(1) Y: Leaving workers: left: 1 _synchronize: 0 _nsynchronized: 0
[3,786s][debug][gc,reloc       ] GC(1) Y: Leaving workers: left: 0 _synchronize: 0 _nsynchronized: 0
[3,786s][debug][gc,phases,start] GC(1) Y: Concurrent Relocate Remset FP
[3,786s][debug][gc,task        ] GC(1) Y: Executing ZRelocateAddRemsetForFlipPromoted using ZWorkerYoung with 5 workers
[3,790s][debug][gc,nmethod     ] Register NMethod: java.lang.StringConcatHelper.stringSize (0x00007ab2882acc88) [0x00007ab2882acd80, 0x00007ab2882acfe8] Compiler: c1, Barriers: 0, Oops: 0, ImmediateOops: 1, NonImmediateOops: No
[3,790s][debug][gc,nmethod     ] Register NMethod: java.lang.StringConcatHelper.prepend (0x00007ab2882ad008) [0x00007ab2882ad100, 0x00007ab2882ae028] Compiler: c1, Barriers: 2, Oops: 0, ImmediateOops: 0, NonImmediateOops: No
[3,792s][debug][gc,nmethod     ] Register NMethod: java.lang.ref.Finalizer.<init> (0x00007ab2a6e97c08) [0x00007ab2a6e97d00, 0x00007ab2a6e981d8] Compiler: jvmci, Barriers: 17, Oops: 1, ImmediateOops: 3, NonImmediateOops: No
[3,793s][debug][gc,nmethod     ] Register NMethod: java.lang.ref.Finalizer.register (0x00007ab2a6e98208) [0x00007ab2a6e98300, 0x00007ab2a6e98868] Compiler: jvmci, Barriers: 17, Oops: 1, ImmediateOops: 3, NonImmediateOops: No
[3,800s][debug][gc,nmethod     ] Register NMethod: java.lang.StringConcatHelper.stringSize (0x00007ab2882ae088) [0x00007ab2882ae180, 0x00007ab2882ae3e8] Compiler: c1, Barriers: 0, Oops: 0, ImmediateOops: 1, NonImmediateOops: No
[3,801s][debug][gc,nmethod     ] Register NMethod: java.lang.StringConcatHelper.prepend (0x00007ab2882ae408) [0x00007ab2882ae500, 0x00007ab2882af428] Compiler: c1, Barriers: 2, Oops: 0, ImmediateOops: 0, NonImmediateOops: No
[3,801s][debug][gc,nmethod     ] Register NMethod: io.sirix.node.NodeKind$1.deserialize (0x00007ab2a6e98888) [0x00007ab2a6e98980, 0x00007ab2a6e9d130] Compiler: jvmci, Barriers: 142, Oops: 10, ImmediateOops: 13, NonImmediateOops: No
[3,803s][debug][gc,nmethod     ] Register NMethod: io.sirix.node.NodeKind$4.deserialize (0x00007ab2a6e9d188) [0x00007ab2a6e9d280, 0x00007ab2a6e9fea8] Compiler: jvmci, Barriers: 89, Oops: 8, ImmediateOops: 9, NonImmediateOops: No
[3,810s][debug][gc,nmethod     ] Register NMethod: java.io.ByteArrayInputStream.read (0x00007ab2a6e9ff08) [0x00007ab2a6ea0000, 0x00007ab2a6ea04d0] Compiler: jvmci, Barriers: 1, Oops: 0, ImmediateOops: 0, NonImmediateOops: No
[3,817s][debug][gc,phases      ] GC(1) Y: Concurrent Relocate Remset FP 30,548ms
[3,817s][info ][gc,phases      ] GC(1) Y: Concurrent Relocate 70,921ms
[3,817s][debug][gc,heap        ] GC(1) Y: Heap After GC invocations=2 (full 2):
[3,817s][debug][gc,heap        ] GC(1) Y:  ZHeap           used 742M, capacity 5120M, max capacity 12288M
[3,817s][debug][gc,heap        ] GC(1) Y:   Cache          4378M (5)
[3,817s][debug][gc,heap        ] GC(1) Y:    size classes  2M (1), 4M (1), 32M (1), 512M (1), 2G (1)
[3,817s][debug][gc,metaspace   ] GC(1) Y: Metaspace After GC invocations=2 (full 2):
[3,817s][debug][gc,metaspace   ] GC(1) Y:  Metaspace       used 32024K, committed 32448K, reserved 1114112K
[3,817s][debug][gc,metaspace   ] GC(1) Y:   class space    used 2573K, committed 2752K, reserved 1048576K
[3,817s][info ][gc,alloc       ] GC(1) Y:                         Mark Start        Mark End      Relocate Start    Relocate End   
[3,817s][info ][gc,alloc       ] GC(1) Y: Allocation Stalls:          0                0                0                0         
[3,817s][info ][gc,load        ] GC(1) Y: Load: 4,74 (24%) / 3,71 (19%) / 2,91 (15%)
[3,817s][info ][gc,mmu         ] GC(1) Y: MMU: 2ms/90,6%, 5ms/96,3%, 10ms/98,1%, 20ms/99,1%, 50ms/99,6%, 100ms/99,8%
[3,817s][info ][gc,marking     ] GC(1) Y: Mark: 4 stripe(s), 10 proactive flush(es), 1 terminate flush(es), 0 completion(s), 0 continuation(s) 
[3,817s][info ][gc,nmethod     ] GC(1) Y: NMethods: 5067 registered, 0 unregistered
[3,817s][info ][gc,metaspace   ] GC(1) Y: Metaspace: 31M used, 31M committed, 1088M reserved
[3,817s][info ][gc,reloc       ] GC(1) Y:                        Candidates     Selected     In-Place         Size        Empty    Relocated 
[3,817s][info ][gc,reloc       ] GC(1) Y: Small Pages:                  606          433            0        1212M           4M         119M 
[3,817s][info ][gc,reloc       ] GC(1) Y: Medium Pages:                   1            0            0          32M           0M           0M 
[3,817s][info ][gc,reloc       ] GC(1) Y: Large Pages:                    0            0            0           0M           0M           0M 
[3,817s][info ][gc,reloc       ] GC(1) Y: Forwarding Usage: 49M
[3,817s][info ][gc,reloc       ] GC(1) Y: Age Table:
[3,817s][info ][gc,reloc       ] GC(1) Y:                    Live             Garbage             Small              Medium             Large        
[3,817s][info ][gc,reloc       ] GC(1) Y: Eden             150M (1%)          887M (7%)         519 / 430            0 / 0              0 / 0        
[3,817s][info ][gc,reloc       ] GC(1) Y: Survivor 1       171M (1%)           34M (0%)          87 / 3              1 / 0              0 / 0        
[3,817s][info ][gc,heap        ] GC(1) Y: Min Capacity: 5120M(42%)
[3,817s][info ][gc,heap        ] GC(1) Y: Max Capacity: 12288M(100%)
[3,817s][info ][gc,heap        ] GC(1) Y: Soft Max Capacity: 12288M(100%)
[3,817s][info ][gc,heap        ] GC(1) Y: Heap Statistics:
[3,817s][info ][gc,heap        ] GC(1) Y:                Mark Start          Mark End        Relocate Start      Relocate End           High               Low         
[3,817s][info ][gc,heap        ] GC(1) Y:  Capacity:     5120M (42%)        5120M (42%)        5120M (42%)        5120M (42%)        5120M (42%)        5120M (42%)    
[3,817s][info ][gc,heap        ] GC(1) Y:      Free:    11044M (90%)       10782M (88%)       10772M (88%)       11546M (94%)       11578M (94%)       10744M (87%)    
[3,817s][info ][gc,heap        ] GC(1) Y:      Used:     1244M (10%)        1506M (12%)        1516M (12%)         742M (6%)         1544M (13%)         710M (6%)     
[3,817s][info ][gc,heap        ] GC(1) Y: Young Generation Statistics:
[3,817s][info ][gc,heap        ] GC(1) Y:                Mark Start          Mark End        Relocate Start      Relocate End    
[3,817s][info ][gc,heap        ] GC(1) Y:      Used:     1244M (10%)        1506M (12%)        1316M (11%)         520M (4%)     
[3,817s][info ][gc,heap        ] GC(1) Y:      Live:         -               321M (3%)          151M (1%)          150M (1%)     
[3,817s][info ][gc,heap        ] GC(1) Y:   Garbage:         -               922M (8%)          888M (7%)            0M (0%)     
[3,817s][info ][gc,heap        ] GC(1) Y: Allocated:         -               262M (2%)          276M (2%)          369M (3%)     
[3,817s][info ][gc,heap        ] GC(1) Y: Reclaimed:         -                  -                33M (0%)          922M (8%)     
[3,817s][info ][gc,heap        ] GC(1) Y:  Promoted:         -                  -               170M (1%)          171M (1%)     
[3,817s][info ][gc,heap        ] GC(1) Y: Compacted:         -                  -                  -               150M (1%)     
[3,817s][info ][gc,phases      ] GC(1) Y: Young Generation 1244M(10%)->742M(6%) 0,288s
[3,817s][debug][gc,heap        ] GC(1) O: Heap Before GC invocations=2 (full 2):
[3,817s][debug][gc,heap        ] GC(1) O:  ZHeap           used 744M, capacity 5120M, max capacity 12288M
[3,817s][debug][gc,heap        ] GC(1) O:   Cache          4376M (5)
[3,817s][debug][gc,heap        ] GC(1) O:    size classes  2M (1), 4M (1), 32M (1), 512M (1), 2G (1)
[3,817s][debug][gc,metaspace   ] GC(1) O: Metaspace Before GC invocations=2 (full 2):
[3,817s][debug][gc,metaspace   ] GC(1) O:  Metaspace       used 32024K, committed 32448K, reserved 1114112K
[3,817s][debug][gc,metaspace   ] GC(1) O:   class space    used 2573K, committed 2752K, reserved 1048576K
[3,817s][info ][gc,phases      ] GC(1) O: Old Generation
[3,817s][debug][gc,phases,start] GC(1) O: Concurrent Mark
[3,817s][debug][gc,phases,start] GC(1) O: Concurrent Mark Roots
[3,817s][debug][gc,task        ] GC(1) O: Executing ZMarkOldRootsTask using ZWorkerOld with 3 workers
[3,817s][debug][gc,tlab        ] GC(1) O: TLAB totals: thrds: 30  refills: 643 max: 145 slow allocs: 1764 max 693 waste:  1,4% gc: 1493128B max: 262104B slow: 531896B max: 142128B
[3,817s][debug][gc,phases      ] GC(1) O: Concurrent Mark Roots 0,271ms
[3,817s][debug][gc,phases,start] GC(1) O: Concurrent Mark Follow
[3,817s][debug][gc,marking     ] GC(1) O: Using 2 mark stripes
[3,817s][debug][gc,task        ] GC(1) O: Executing ZMarkTask using ZWorkerOld with 3 workers
[3,817s][debug][gc,marking     ] GC(1) O: Using 1 mark stripes
[3,818s][debug][gc,phases      ] GC(1) O: Concurrent Mark Follow 0,249ms
[3,818s][info ][gc,phases      ] GC(1) O: Concurrent Mark 0,541ms
[3,818s][debug][gc,reloc       ] Synchronize all workers 1 _nworkers: 0 _nsynchronized: 0
[3,818s][debug][gc,reloc       ] Synchronize all workers 1 _nworkers: 0 _nsynchronized: 0
[3,818s][debug][gc,phases,start] GC(1) O: Pause Mark End
[3,818s][info ][gc,phases      ] GC(1) O: Pause Mark End 0,026ms
[3,818s][debug][gc,reloc       ] Desynchronize all workers _nworkers: 0 _nsynchronized: 0
[3,818s][debug][gc,reloc       ] Desynchronize all workers _nworkers: 0 _nsynchronized: 0
[3,818s][debug][gc,phases,start] GC(1) O: Concurrent Mark Free
[3,818s][info ][gc,phases      ] GC(1) O: Concurrent Mark Free 0,007ms
[3,818s][debug][gc,phases,start] GC(1) O: Concurrent Process Non-Strong
[3,818s][debug][gc,phases,start] GC(1) O: Concurrent References Process
[3,818s][debug][gc,task        ] GC(1) O: Executing ZReferenceProcessorTask using ZWorkerOld with 3 workers
[3,818s][debug][gc,phases      ] GC(1) O: Concurrent References Process 0,022ms
[3,818s][debug][gc,task        ] GC(1) O: Executing ZProcessWeakRootsTask using ZWorkerOld with 3 workers
[3,818s][debug][gc,phases,start] GC(1) O: Concurrent Classes Unlink
[3,818s][debug][gc,phases,start] GC(1) O: ClassLoaderData
[3,818s][debug][gc,phases      ] GC(1) O: ClassLoaderData 0,018ms
[3,818s][debug][gc,phases,start] GC(1) O: Trigger cleanups
[3,818s][debug][gc,phases      ] GC(1) O: Trigger cleanups 0,008ms
[3,818s][debug][gc,task        ] GC(1) O: Executing ZNMethodUnlinkTask using ZWorkerOld with 3 workers
[3,818s][debug][gc,nmethod     ] GC(1) O: Unregister NMethod: it.unimi.dsi.fastutil.ints.Int2LongOpenHashMap.put (0x00007ab287a29a88) [0x00007ab287a29b80, 0x00007ab287a29de8] 
[3,818s][debug][gc,nmethod     ] GC(1) O: Unregister NMethod: io.sirix.utils.XMLToken.isNCStartChar (0x00007ab287df5408) [0x00007ab287df5500, 0x00007ab287df5b70] 
[3,818s][debug][gc,nmethod     ] GC(1) O: Unregister NMethod: jdk.internal.foreign.AbstractMemorySegmentImpl.asSlice (0x00007ab2a6c93708) [0x00007ab2a6c93800, 0x00007ab2a6c939e8] 
[3,818s][debug][gc,nmethod     ] GC(1) O: Unregister NMethod: io.sirix.page.KeyValueLeafPage.getSlotAsByteArray (0x00007ab287893e88) [0x00007ab287893f80, 0x00007ab287894618] 
[3,818s][debug][gc,nmethod     ] GC(1) O: Unregister NMethod: com.sun.org.apache.xerces.internal.impl.XMLDocumentFragmentScannerImpl$FragmentContentDriver.next (0x00007ab287e2b888) [0x00007ab287e2b980, 0x00007ab287e39800] 
[3,818s][debug][gc,nmethod     ] GC(1) O: Unregister NMethod: jdk.internal.foreign.AbstractMemorySegmentImpl.checkEnclosingLayout (0x00007ab287886488) [0x00007ab287886580, 0x00007ab287889528] 
[3,819s][debug][gc,nmethod     ] GC(1) O: Unregister NMethod: io.sirix.access.trx.page.NodeStorageEngineWriter.prepareRecordPage (0x00007ab287d1e408) [0x00007ab287d1e500, 0x00007ab287d20aa8] 
[3,819s][debug][gc,nmethod     ] GC(1) O: Unregister NMethod: java.util.LinkedHashMap.get (0x00007ab2874e1888) [0x00007ab2874e1980, 0x00007ab2874e1d98] 
[3,819s][debug][gc,nmethod     ] GC(1) O: Unregister NMethod: io.sirix.api.StorageEngineReader.recordPageOffset (0x00007ab2875acd08) [0x00007ab2875ace00, 0x00007ab2875acef8] 
[3,819s][debug][gc,nmethod     ] GC(1) O: Unregister NMethod: io.sirix.node.xml.ElementNode.insertAttribute (0x00007ab287fca688) [0x00007ab287fca780, 0x00007ab287fca938] 
[3,819s][debug][gc,nmethod     ] GC(1) O: Unregister NMethod: com.sun.org.apache.xerces.internal.util.NamespaceSupport.<init> (0x00007ab287f30888) [0x00007ab287f30980, 0x00007ab287f31620] 
[3,819s][debug][gc,nmethod     ] GC(1) O: Unregister NMethod: com.sun.org.apache.xerces.internal.impl.XMLDocumentFragmentScannerImpl.getAttributeIterator (0x00007ab287e93588) [0x00007ab287e93680, 0x00007ab287e93918] 
[3,819s][debug][gc,nmethod     ] GC(1) O: Unregister NMethod: jdk.internal.util.ArraysSupport.hashCode (0x00007ab28770e488) [0x00007ab28770e580, 0x00007ab28770ea30] 
[3,819s][debug][gc,nmethod     ] GC(1) O: Unregister NMethod: io.sirix.page.PageReference.equals (0x00007ab287a47108) [0x00007ab287a47200, 0x00007ab287a47850] 
[3,819s][debug][gc,nmethod     ] GC(1) O: Unregister NMethod: jdk.internal.util.Preconditions.checkFromIndexSize (0x00007ab287453b08) [0x00007ab287453c00, 0x00007ab287453d98] 
[3,819s][debug][gc,nmethod     ] GC(1) O: Unregister NMethod: io.sirix.node.xml.AbstractStructForwardingNode.hasFirstChild (0x00007ab287e07788) [0x00007ab287e07880, 0x00007ab287e07e48] 
[3,819s][debug][gc,nmethod     ] GC(1) O: Unregister NMethod: io.sirix.utils.XMLToken.isValidQName (0x00007ab287ea8a88) [0x00007ab287ea8b80, 0x00007ab287eaa0d0] 
[3,819s][debug][gc,nmethod     ] GC(1) O: Unregister NMethod: io.sirix.node.NodeSerializerImpl.serialize (0x00007ab2880be988) [0x00007ab2880bea80, 0x00007ab2880bf4b0] 
[3,819s][debug][gc,nmethod     ] GC(1) O: Unregister NMethod: java.lang.ref.Reference.refersToImpl (0x00007ab287507c08) [0x00007ab287507d00, 0x00007ab287507e38] 
[3,819s][debug][gc,nmethod     ] GC(1) O: Unregister NMethod: com.sun.org.apache.xerces.internal.impl.XMLEntityScanner.skipSpaces (0x00007ab287e18a88) [0x00007ab287e18b80, 0x00007ab287e19e20] 
[3,819s][debug][gc,nmethod     ] GC(1) O: Unregister NMethod: java.util.HashMap.computeIfAbsent (0x00007ab2a6d3cc88) [0x00007ab2a6d3cd80, 0x00007ab2a6d3df20] 
[3,819s][debug][gc,nmethod     ] GC(1) O: Unregister NMethod: java.nio.Buffer.remaining (0x00007ab287848488) [0x00007ab287848580, 0x00007ab2878486f0] 
[3,819s][debug][gc,nmethod     ] GC(1) O: Unregister NMethod: jdk.internal.misc.Unsafe.putIntUnaligned (0x00007ab28789df88) [0x00007ab28789e080, 0x00007ab28789e2b0] 
[3,819s][debug][gc,nmethod     ] GC(1) O: Unregister NMethod: io.sirix.node.xml.TextNode.computeHash (0x00007ab287f43d88) [0x00007ab287f43e80, 0x00007ab287f55628] 
[3,819s][debug][gc,nmethod     ] GC(1) O: Unregister NMethod: java.util.Arrays$ArrayItr.next (0x00007ab287417e88) [0x00007ab287417f80, 0x00007ab287418220] 
[3,819s][debug][gc,nmethod     ] GC(1) O: Unregister NMethod: java.util.zip.Inflater.ensureOpen (0x00007ab2874c4888) [0x00007ab2874c4980, 0x00007ab2874c4c08] 
[3,819s][debug][gc,nmethod     ] GC(1) O: Unregister NMethod: java.nio.DirectByteBuffer.<init> (0x00007ab287f01388) [0x00007ab287f01480, 0x00007ab287f016f8] 
[3,819s][debug][gc,nmethod     ] GC(1) O: Unregister NMethod: java.util.LinkedHashMap.afterNodeAccess (0x00007ab287f31688) [0x00007ab287f31780, 0x00007ab287f32830] 
[3,819s][debug][gc,nmethod     ] GC(1) O: Unregister NMethod: com.sun.org.apache.xerces.internal.impl.XMLNSDocumentScannerImpl.next (0x00007ab2a6d49108) [0x00007ab2a6d49200, 0x00007ab2a6d4ae60] 
[3,819s][debug][gc,nmethod     ] GC(1) O: Unregister NMethod: io.sirix.node.xml.ElementNode.computeHash (0x00007ab287f64488) [0x00007ab287f64580, 0x00007ab287f93bc8] 
[3,819s][debug][gc,nmethod     ] GC(1) O: Unregister NMethod: com.sun.xml.internal.stream.util.ReadOnlyIterator.hasNext (0x00007ab287e6ed08) [0x00007ab287e6ee00, 0x00007ab287e6f198] 
[3,819s][debug][gc,nmethod     ] GC(1) O: Unregister NMethod: java.util.Arrays.fill (0x00007ab2875c5788) [0x00007ab2875c5880, 0x00007ab2875c5ca8] 
[3,819s][debug][gc,nmethod     ] GC(1) O: Unregister NMethod: io.sirix.access.trx.page.NodeStorageEngineWriter$$Lambda/0x000000006c23c270.<init> (0x00007ab288029588) [0x00007ab288029680, 0x00007ab2880298d0] 
[3,819s][debug][gc,nmethod     ] GC(1) O: Unregister NMethod: java.lang.invoke.DirectMethodHandle$Holder.invokeStatic (0x00007ab287a1de08) [0x00007ab287a1df00, 0x00007ab287a1e2c8] 
[3,819s][debug][gc,nmethod     ] GC(1) O: Unregister NMethod: io.sirix.node.MemorySegmentBytesIn.readByte (0x00007ab2876c1b08) [0x00007ab2876c1c00, 0x00007ab2876c5620] 
[3,819s][debug][gc,nmethod     ] GC(1) O: Unregister NMethod: java.util.HashMap.putVal (0x00007ab28747bc08) [0x00007ab28747bd00, 0x00007ab28747e090] 
[3,819s][debug][gc,nmethod     ] GC(1) O: Unregister NMethod: kotlin.jvm.internal.Intrinsics.checkNotNullParameter (0x00007ab287437b08) [0x00007ab287437c00, 0x00007ab2874383e8] 
[3,819s][debug][gc,nmethod     ] GC(1) O: Unregister NMethod: com.sun.org.apache.xerces.internal.impl.XMLEntityScanner.scanQName (0x00007ab287ea6508) [0x00007ab287ea6600, 0x00007ab287ea8a48] 
[3,819s][debug][gc,nmethod     ] GC(1) O: Unregister NMethod: java.util.regex.Pattern$$Lambda/0x000000006c0b27a0.is (0x00007ab287625208) [0x00007ab287625300, 0x00007ab2876254b0] 
[3,819s][debug][gc,nmethod     ] GC(1) O: Unregister NMethod: com.sun.org.apache.xerces.internal.impl.XMLEntityScanner.scanLiteral (0x00007ab287fa5e08) [0x00007ab287fa5f00, 0x00007ab287fa7148] 
[3,819s][debug][gc,nmethod     ] GC(1) O: Unregister NMethod: io.sirix.access.trx.page.NodeStorageEngineWriter.prepareRecordForModification (0x00007ab287dd8488) [0x00007ab287dd8580, 0x00007ab287dda408] 
[3,819s][debug][gc,nmethod     ] GC(1) O: Unregister NMethod: jdk.internal.foreign.ConfinedSession$ConfinedResourceList.add (0x00007ab2880bdf88) [0x00007ab2880be080, 0x00007ab2880be518] 
[3,819s][debug][gc,nmethod     ] GC(1) O: Unregister NMethod: io.sirix.access.trx.page.NodeStorageEngineReader.getMostRecentPage (0x00007ab287ad8508) [0x00007ab287ad8600, 0x00007ab287ad8f18] 
[3,819s][debug][gc,nmethod     ] GC(1) O: Unregister NMethod: com.sun.org.apache.xerces.internal.util.NamespaceSupport.getURI (0x00007ab287e9f508) [0x00007ab287e9f600, 0x00007ab287e9f8f0] 
[3,819s][debug][gc,nmethod     ] GC(1) O: Unregister NMethod: io.sirix.utils.XMLToken.isNCStartChar (0x00007ab2a6d38608) [0x00007ab2a6d38700, 0x00007ab2a6d387e0] 
[3,819s][debug][gc,nmethod     ] GC(1) O: Unregister NMethod: io.sirix.index.path.summary.PathSummaryReader.getFirstChildKey (0x00007ab287e97388) [0x00007ab287e97480, 0x00007ab287e97c00] 
[3,819s][debug][gc,nmethod     ] GC(1) O: Unregister NMethod: io.sirix.node.BytesOut.asBytesIn (0x00007ab287a6ca88) [0x00007ab287a6cb80, 0x00007ab287a6d828] 
[3,819s][debug][gc,nmethod     ] GC(1) O: Unregister NMethod: java.lang.invoke.SegmentVarHandle.checkSegment (0x00007ab287882e08) [0x00007ab287882f00, 0x00007ab287886468] 
[3,819s][debug][gc,nmethod     ] GC(1) O: Unregister NMethod: io.sirix.node.MemorySegmentBytesIn.read (0x00007ab28797b108) [0x00007ab28797b200, 0x00007ab287981d10] 
[3,819s][debug][gc,nmethod     ] GC(1) O: Unregister NMethod: java.lang.Class.reflectionData (0x00007ab2875a6d88) [0x00007ab2875a6e80, 0x00007ab2875a74d8] 
[3,819s][debug][gc,nmethod     ] GC(1) O: Unregister NMethod: java.io.BufferedInputStream.read (0x00007ab287611d08) [0x00007ab287611e00, 0x00007ab287612938] 
[3,819s][debug][gc,nmethod     ] GC(1) O: Unregister NMethod: java.lang.ThreadLocal.getMap (0x00007ab287536108) [0x00007ab287536200, 0x00007ab2875369f0] 
[3,819s][debug][gc,nmethod     ] GC(1) O: Unregister NMethod: java.util.LinkedHashMap.afterNodeInsertion (0x00007ab287526608) [0x00007ab287526700, 0x00007ab287526908] 
[3,819s][debug][gc,nmethod     ] GC(1) O: Unregister NMethod: java.util.concurrent.atomic.AtomicLong.incrementAndGet (0x00007ab28756c408) [0x00007ab28756c500, 0x00007ab28756c618] 
[3,819s][debug][gc,nmethod     ] GC(1) O: Unregister NMethod: java.lang.invoke.LambdaForm$Holder.constant_L (0x00007ab28752bb08) [0x00007ab28752bc00, 0x00007ab28752bf20] 
[3,819s][debug][gc,nmethod     ] GC(1) O: Unregister NMethod: io.sirix.access.trx.page.NodeStorageEngineReader.closeMostRecentPageIfOrphaned (0x00007ab287b9e188) [0x00007ab287b9e280, 0x00007ab287b9f4e8] 
[3,819s][debug][gc,nmethod     ] GC(1) O: Unregister NMethod: com.google.common.collect.testing.Helpers$1$1.next (0x00007ab287a10e88) [0x00007ab287a10f80, 0x00007ab287a112c0] 
[3,819s][debug][gc,nmethod     ] GC(1) O: Unregister NMethod: java.util.Vector.add (0x00007ab287a49708) [0x00007ab287a49800, 0x00007ab287a49ec8] 
[3,819s][debug][gc,nmethod     ] GC(1) O: Unregister NMethod: java.util.concurrent.ConcurrentHashMap.get (0x00007ab28770f808) [0x00007ab28770f900, 0x00007ab287710918] 
[3,819s][debug][gc,nmethod     ] GC(1) O: Unregister NMethod: java.lang.ref.Cleaner.register (0x00007ab2a6cf5688) [0x00007ab2a6cf5780, 0x00007ab2a6cf6088] 
[3,819s][debug][gc,nmethod     ] GC(1) O: Unregister NMethod: jdk.internal.foreign.layout.AbstractLayout.requirePowerOfTwoAndGreaterOrEqualToOne (0x00007ab287dbf408) [0x00007ab287dbf500, 0x00007ab287dc0280] 
[3,819s][debug][gc,nmethod     ] GC(1) O: Unregister NMethod: jdk.internal.foreign.layout.ValueLayouts$AbstractValueLayout.assertCarrierSize (0x00007ab287dbf108) [0x00007ab287dbf200, 0x00007ab287dbf310] 
[3,819s][debug][gc,nmethod     ] GC(1) O: Unregister NMethod: jdk.internal.foreign.Utils.checkAlign (0x00007ab287aa7908) [0x00007ab287aa7a00, 0x00007ab287aa8758] 
[3,819s][debug][gc,nmethod     ] Register NMethod: io.sirix.axis.filter.FilterAxis.nextKey (0x00007ab2a6ea0508) [0x00007ab2a6ea0600, 0x00007ab2a6ea3fe0] Compiler: jvmci, Barriers: 96, Oops: 2, ImmediateOops: 3, NonImmediateOops: No
[3,820s][debug][gc,nmethod     ] GC(1) O: Unregister NMethod: com.sun.xml.internal.stream.events.XMLEventAllocatorImpl.getXMLEvent (0x00007ab287e20908) [0x00007ab287e20a00, 0x00007ab287e28b60] 
[3,820s][debug][gc,nmethod     ] GC(1) O: Unregister NMethod: com.sun.org.apache.xerces.internal.impl.XMLDocumentFragmentScannerImpl.scanEndElement (0x00007ab2a6d97508) [0x00007ab2a6d97600, 0x00007ab2a6d98a78] 
[3,820s][debug][gc,nmethod     ] GC(1) O: Unregister NMethod: io.sirix.axis.filter.FilterAxis.nextKey (0x00007ab287ea0988) [0x00007ab287ea0a80, 0x00007ab287ea2090] 
[3,820s][debug][gc,nmethod     ] GC(1) O: Unregister NMethod: com.sun.org.apache.xerces.internal.xni.QName.setValues (0x00007ab287e96b88) [0x00007ab287e96c80, 0x00007ab287e97038] 
[3,820s][debug][gc,nmethod     ] GC(1) O: Unregister NMethod: io.sirix.page.PageKind$1.serializePage (0x00007ab287d50708) [0x00007ab287d50800, 0x00007ab287d5e560] 
[3,820s][debug][gc,nmethod     ] GC(1) O: Unregister NMethod: io.sirix.cache.IndexLogKey.equals (0x00007ab287f35c88) [0x00007ab287f35d80, 0x00007ab287f366c8] 
[3,820s][debug][gc,nmethod     ] GC(1) O: Unregister NMethod: java.nio.channels.spi.AbstractInterruptibleChannel.end (0x00007ab287a3de88) [0x00007ab287a3df80, 0x00007ab287a3ea20] 
[3,820s][debug][gc,nmethod     ] GC(1) O: Unregister NMethod: java.util.concurrent.atomic.AtomicLong.compareAndSet (0x00007ab287817b08) [0x00007ab287817c00, 0x00007ab287817d20] 
[3,820s][debug][gc,nmethod     ] GC(1) O: Unregister NMethod: com.sun.org.apache.xerces.internal.util.NamespaceSupport.pushContext (0x00007ab287e72888) [0x00007ab287e72980, 0x00007ab287e72cf0] 
[3,820s][debug][gc,nmethod     ] GC(1) O: Unregister NMethod: jdk.internal.foreign.AbstractMemorySegmentImpl.isAlignedForElement (0x00007ab28787c108) [0x00007ab28787c200, 0x00007ab28787c848] 
[3,820s][debug][gc,nmethod     ] GC(1) O: Unregister NMethod: io.sirix.access.Utils.buildName (0x00007ab287ed3688) [0x00007ab287ed3780, 0x00007ab287ed4758] 
[3,820s][debug][gc,nmethod     ] GC(1) O: Unregister NMethod: java.lang.ref.Cleaner$1.apply (0x00007ab28747b708) [0x00007ab28747b800, 0x00007ab28747bbb0] 
[3,820s][debug][gc,nmethod     ] GC(1) O: Unregister NMethod: io.sirix.page.KeyValueLeafPage.setData (0x00007ab287981d88) [0x00007ab287981e80, 0x00007ab2879c7630] 
[3,820s][debug][gc,nmethod     ] GC(1) O: Unregister NMethod: java.lang.ref.Cleaner.register (0x00007ab287508d08) [0x00007ab287508e00, 0x00007ab287509318] 
[3,820s][debug][gc,nmethod     ] GC(1) O: Unregister NMethod: it.unimi.dsi.fastutil.longs.LongArrayList.removeLong (0x00007ab287e46088) [0x00007ab287e46180, 0x00007ab287e478b0] 
[3,820s][debug][gc,nmethod     ] GC(1) O: Unregister NMethod: org.magicwerk.brownies.collections.GapList.doGet (0x00007ab287455f88) [0x00007ab287456080, 0x00007ab2874563b8] 
[3,820s][debug][gc,nmethod     ] GC(1) O: Unregister NMethod: java.lang.invoke.SegmentVarHandle.offset (0x00007ab2878c6508) [0x00007ab2878c6600, 0x00007ab2878c6900] 
[3,820s][debug][gc,nmethod     ] GC(1) O: Unregister NMethod: io.sirix.service.xml.shredder.AbstractShredder.processStartTag (0x00007ab287f1fb88) [0x00007ab287f1fc80, 0x00007ab287f25960] 
[3,820s][debug][gc,nmethod     ] GC(1) O: Unregister NMethod: io.sirix.access.trx.node.xml.XmlNodeTrxImpl.insertElementAsFirstChild (0x00007ab287f97a08) [0x00007ab287f97b00, 0x00007ab287f9c630] 
[3,820s][debug][gc,nmethod     ] GC(1) O: Unregister NMethod: com.sun.org.apache.xerces.internal.impl.XMLNSDocumentScannerImpl.scanAttribute (0x00007ab287ff8d08) [0x00007ab287ff8e00, 0x00007ab288001898] 
[3,820s][debug][gc,nmethod     ] GC(1) O: Unregister NMethod: io.sirix.access.trx.page.AbstractForwardingStorageEngineReader.getResourceSession (0x00007ab287d50088) [0x00007ab287d50180, 0x00007ab287d506b8] 
[3,820s][debug][gc,nmethod     ] GC(1) O: Unregister NMethod: net.openhft.hashing.Maths.unsignedLongMulXorFold (0x00007ab287ddbe88) [0x00007ab287ddbf80, 0x00007ab287ddc0b8] 
[3,820s][debug][gc,nmethod     ] GC(1) O: Unregister NMethod: kotlin.coroutines.intrinsics.IntrinsicsKt__IntrinsicsKt.getCOROUTINE_SUSPENDED (0x00007ab287c3ff08) [0x00007ab287c40000, 0x00007ab287c400e8] 
[3,820s][debug][gc,nmethod     ] GC(1) O: Unregister NMethod: io.sirix.page.PageUtils.fixupPageReferenceIds (0x00007ab287a5b508) [0x00007ab287a5b600, 0x00007ab287a5c6e8] 
[3,820s][debug][gc,nmethod     ] GC(1) O: Unregister NMethod: io.sirix.page.PageReference.<init> (0x00007ab287816408) [0x00007ab287816500, 0x00007ab287816b30] 
[3,820s][debug][gc,nmethod     ] GC(1) O: Unregister NMethod: jdk.internal.foreign.layout.ValueLayouts$AbstractValueLayout.withOrder (0x00007ab288187908) [0x00007ab288187a00, 0x00007ab288188230] 
[3,820s][debug][gc,nmethod     ] GC(1) O: Unregister NMethod: io.sirix.access.trx.node.xml.XmlNodeTrxImpl.insertElementAsRightSibling (0x00007ab287f55a88) [0x00007ab287f55b80, 0x00007ab287f5c880] 
[3,820s][debug][gc,nmethod     ] GC(1) O: Unregister NMethod: io.sirix.access.trx.node.xml.XmlNodeFactoryImpl.createElementNode (0x00007ab287f19d88) [0x00007ab287f19e80, 0x00007ab287f1e6d0] 
[3,820s][debug][gc,nmethod     ] GC(1) O: Unregister NMethod: io.sirix.access.trx.node.AbstractNodeReadOnlyTrx.moveTo (0x00007ab287ac4088) [0x00007ab287ac4180, 0x00007ab287ac5cb0] 
[3,820s][debug][gc,nmethod     ] GC(1) O: Unregister NMethod: com.sun.org.apache.xerces.internal.impl.XMLEntityScanner.scanQName (0x00007ab2a6db7888) [0x00007ab2a6db7980, 0x00007ab2a6db8d38] 
[3,820s][debug][gc,nmethod     ] GC(1) O: Unregister NMethod: jdk.internal.classfile.impl.AbstractPoolEntry.maybeClone (0x00007ab28744a688) [0x00007ab28744a780, 0x00007ab28744b0e8] 
[3,820s][debug][gc,nmethod     ] GC(1) O: Unregister NMethod: com.sun.org.apache.xerces.internal.impl.XMLStreamReaderImpl.getAttributeCount (0x00007ab287f2ae08) [0x00007ab287f2af00, 0x00007ab287f2b5e8] 
[3,820s][debug][gc,nmethod     ] GC(1) O: Unregister NMethod: java.lang.String.encodeUTF8 (0x00007ab287dbc888) [0x00007ab287dbc980, 0x00007ab287dbd008] 
[3,820s][debug][gc,nmethod     ] GC(1) O: Unregister NMethod: java.util.concurrent.ForkJoinPool.deactivate (0x00007ab287a13e08) [0x00007ab287a13f00, 0x00007ab287a149a8] 
[3,820s][debug][gc,nmethod     ] GC(1) O: Unregister NMethod: sun.net.util.IPAddressUtil.scan (0x00007ab2876ae388) [0x00007ab2876ae480, 0x00007ab2876af4d0] 
[3,820s][debug][gc,nmethod     ] GC(1) O: Unregister NMethod: io.sirix.service.xml.shredder.AbstractShredder.processText (0x00007ab287e93e88) [0x00007ab287e93f80, 0x00007ab287e96220] 
[3,820s][debug][gc,nmethod     ] GC(1) O: Unregister NMethod: net.openhft.hashing.XXH3.XXH3_64bits_internal (0x00007ab287eab508) [0x00007ab287eab600, 0x00007ab287ec9fc8] 
[3,820s][debug][gc,nmethod     ] GC(1) O: Unregister NMethod: it.unimi.dsi.fastutil.longs.LongArrayList.getLong (0x00007ab287e39e88) [0x00007ab287e39f80, 0x00007ab287e3b410] 
[3,820s][debug][gc,nmethod     ] GC(1) O: Unregister NMethod: java.util.ArrayList.getLast (0x00007ab287eca008) [0x00007ab287eca100, 0x00007ab287eca3f8] 
[3,820s][debug][gc,nmethod     ] GC(1) O: Unregister NMethod: io.sirix.access.trx.node.AbstractNodeReadOnlyTrx.hasNode (0x00007ab287f1ee88) [0x00007ab287f1ef80, 0x00007ab287f1fb78] 
[3,820s][debug][gc,nmethod     ] GC(1) O: Unregister NMethod: io.sirix.access.trx.node.AbstractNodeReadOnlyTrx.storeDeweyIDs (0x00007ab287e6e388) [0x00007ab287e6e480, 0x00007ab287e6e998] 
[3,820s][debug][gc,nmethod     ] GC(1) O: Unregister NMethod: com.sun.org.apache.xerces.internal.impl.XMLEntityScanner.scanQName (0x00007ab288038a88) [0x00007ab288038b80, 0x00007ab28803af60] 
[3,820s][debug][gc,nmethod     ] GC(1) O: Unregister NMethod: java.lang.Thread.blockedOn (0x00007ab2874e9388) [0x00007ab2874e9480, 0x00007ab2874e97b8] 
[3,820s][debug][gc,nmethod     ] GC(1) O: Unregister NMethod: io.sirix.access.trx.node.AbstractNodeHashing.setAddDescendants (0x00007ab287de8908) [0x00007ab287de8a00, 0x00007ab287de9588] 
[3,820s][debug][gc,nmethod     ] GC(1) O: Unregister NMethod: jdk.internal.ref.CleanerImpl$CleanableList.insert (0x00007ab2880b9f88) [0x00007ab2880ba080, 0x00007ab2880bab00] 
[3,820s][debug][gc,nmethod     ] GC(1) O: Unregister NMethod: java.lang.Integer.rotateRight (0x00007ab28789dc88) [0x00007ab28789dd80, 0x00007ab28789de70] 
[3,820s][debug][gc,nmethod     ] GC(1) O: Unregister NMethod: java.util.HashMap$HashIterator.<init> (0x00007ab28743b308) [0x00007ab28743b400, 0x00007ab28743ba50] 
[3,820s][debug][gc,nmethod     ] GC(1) O: Unregister NMethod: io.sirix.access.trx.page.NodeStorageEngineWriter.getMostRecentPageContainer (0x00007ab287bc3e88) [0x00007ab287bc3f80, 0x00007ab287bc45b0] 
[3,820s][debug][gc,nmethod     ] GC(1) O: Unregister NMethod: io.sirix.page.delegates.BitmapReferencesPage.index (0x00007ab28741d608) [0x00007ab28741d700, 0x00007ab28741dc88] 
[3,820s][debug][gc,nmethod     ] GC(1) O: Unregister NMethod: io.sirix.utils.NamePageHash.generateHashForString (0x00007ab287e3bb08) [0x00007ab287e3bc00, 0x00007ab287e3bed8] 
[3,820s][debug][gc,nmethod     ] GC(1) O: Unregister NMethod: java.nio.ByteBuffer.order (0x00007ab28753b888) [0x00007ab28753b980, 0x00007ab28753bba0] 
[3,820s][debug][gc,nmethod     ] GC(1) O: Unregister NMethod: io.sirix.access.trx.node.xml.XmlNodeTrxImpl.insertTextAsFirstChild (0x00007ab287f3bc88) [0x00007ab287f3bd80, 0x00007ab287f43d18] 
[3,820s][debug][gc,nmethod     ] GC(1) O: Unregister NMethod: net.openhft.hashing.XXH3.access$500 (0x00007ab287e6a488) [0x00007ab287e6a580, 0x00007ab287e6a690] 
[3,820s][debug][gc,nmethod     ] GC(1) O: Unregister NMethod: java.util.BitSet.flip (0x00007ab2880a1008) [0x00007ab2880a1100, 0x00007ab2880a1708] 
[3,820s][debug][gc,nmethod     ] GC(1) O: Unregister NMethod: java.util.HashMap.put (0x00007ab28770a788) [0x00007ab28770a880, 0x00007ab28770ae68] 
[3,820s][debug][gc,nmethod     ] GC(1) O: Unregister NMethod: sun.security.provider.SHA2.implCompress (0x00007ab287dbeb88) [0x00007ab287dbec80, 0x00007ab287dbf090] 
[3,820s][debug][gc,nmethod     ] GC(1) O: Unregister NMethod: io.sirix.page.KeyValueLeafPage.getNumberOfNonNullEntries (0x00007ab287bdff08) [0x00007ab287be0000, 0x00007ab287be0520] 
[3,820s][debug][gc,nmethod     ] GC(1) O: Unregister NMethod: com.sun.org.apache.xerces.internal.xni.XMLString.toString (0x00007ab287e74208) [0x00007ab287e74300, 0x00007ab287e74548] 
[3,820s][debug][gc,nmethod     ] GC(1) O: Unregister NMethod: java.util.Arrays.fill (0x00007ab287535108) [0x00007ab287535200, 0x00007ab287535388] 
[3,820s][debug][gc,nmethod     ] GC(1) O: Unregister NMethod: io.sirix.access.trx.node.AbstractNodeReadOnlyTrx.getNodeKey (0x00007ab287af5508) [0x00007ab287af5600, 0x00007ab287af5c50] 
[3,820s][debug][gc,nmethod     ] GC(1) O: Unregister NMethod: sun.security.provider.SHA2.implCompress0 (0x00007ab287bc5c88) [0x00007ab287bc5d80, 0x00007ab287bc6a30] 
[3,820s][debug][gc,nmethod     ] GC(1) O: Unregister NMethod: io.sirix.node.MemorySegmentBytesOut.write (0x00007ab28751b908) [0x00007ab28751ba00, 0x00007ab28751bc08] 
[3,820s][debug][gc,nmethod     ] GC(1) O: Unregister NMethod: org.magicwerk.brownies.collections.GapList.doEnsureCapacity (0x00007ab287a02e08) [0x00007ab287a02f00, 0x00007ab287a037a8] 
[3,820s][debug][gc,nmethod     ] GC(1) O: Unregister NMethod: io.sirix.page.PageReference.hashCode (0x00007ab28757c308) [0x00007ab28757c400, 0x00007ab28757d480] 
[3,820s][debug][gc,nmethod     ] GC(1) O: Unregister NMethod: net.openhft.hashing.LongHashFunction.hashByteBuffer (0x00007ab287ef6508) [0x00007ab287ef6600, 0x00007ab287ef7b68] 
[3,820s][debug][gc,nmethod     ] GC(1) O: Unregister NMethod: io.sirix.page.KeyValueLeafPage.getDeweyId (0x00007ab287817e08) [0x00007ab287817f00, 0x00007ab28781d6c8] 
[3,820s][debug][gc,nmethod     ] GC(1) O: Unregister NMethod: jdk.internal.classfile.impl.StackMapGenerator$Frame.pushStack (0x00007ab28755f108) [0x00007ab28755f200, 0x00007ab28755f660] 
[3,820s][debug][gc,nmethod     ] GC(1) O: Unregister NMethod: io.sirix.node.xml.ElementNode.getKind (0x00007ab287bdb008) [0x00007ab287bdb100, 0x00007ab287bdb208] 
[3,820s][debug][gc,nmethod     ] GC(1) O: Unregister NMethod: java.nio.MappedByteBuffer.limit (0x00007ab287b1e588) [0x00007ab287b1e680, 0x00007ab287b1ea40] 
[3,820s][debug][gc,nmethod     ] GC(1) O: Unregister NMethod: jdk.internal.foreign.ImplicitSession.<init> (0x00007ab287bf9f88) [0x00007ab287bfa080, 0x00007ab287bfa710] 
[3,820s][debug][gc,nmethod     ] GC(1) O: Unregister NMethod: com.sun.org.apache.xerces.internal.impl.XMLDocumentFragmentScannerImpl.scanEndElement (0x00007ab287f34408) [0x00007ab287f34500, 0x00007ab287f35c28] 
[3,821s][debug][gc,nmethod     ] GC(1) O: Unregister NMethod: javax.xml.namespace.QName.<init> (0x00007ab287e74588) [0x00007ab287e74680, 0x00007ab287e74bd0] 
[3,821s][debug][gc,nmethod     ] GC(1) O: Unregister NMethod: java.lang.invoke.VarHandleGuards.guard_LJ_J (0x00007ab2874c4c88) [0x00007ab2874c4d80, 0x00007ab2874c7c40] 
[3,821s][debug][gc,nmethod     ] GC(1) O: Unregister NMethod: jdk.internal.foreign.layout.MemoryLayoutUtil.requireByteSizeValid (0x00007ab287dbd088) [0x00007ab287dbd180, 0x00007ab287dbdee8] 
[3,821s][debug][gc,nmethod     ] GC(1) O: Unregister NMethod: io.sirix.access.trx.node.AbstractNodeHashing.adaptHashesWithAdd (0x00007ab287e70588) [0x00007ab287e70680, 0x00007ab287e70b58] 
[3,821s][debug][gc,nmethod     ] GC(1) O: Unregister NMethod: io.sirix.node.xml.ElementNode.getParentKey (0x00007ab287dde888) [0x00007ab287dde980, 0x00007ab287de3968] 
[3,821s][debug][gc,nmethod     ] GC(1) O: Unregister NMethod: io.sirix.access.trx.page.NodeStorageEngineWriter.getPageContainer (0x00007ab287d30208) [0x00007ab287d30300, 0x00007ab287d31440] 
[3,821s][debug][gc,nmethod     ] GC(1) O: Unregister NMethod: java.util.BitSet.flip (0x00007ab2a6d41a88) [0x00007ab2a6d41b80, 0x00007ab2a6d41e00] 
[3,821s][debug][gc,nmethod     ] GC(1) O: Unregister NMethod: com.sun.org.apache.xerces.internal.util.XMLChar.isContent (0x00007ab287754388) [0x00007ab287754480, 0x00007ab287754668] 
[3,821s][debug][gc,nmethod     ] GC(1) O: Unregister NMethod: io.sirix.axis.filter.PathKindFilter.filter (0x00007ab287ef8588) [0x00007ab287ef8680, 0x00007ab287ef9608] 
[3,821s][debug][gc,nmethod     ] GC(1) O: Unregister NMethod: jdk.internal.loader.URLClassPath$JarLoader$1.getCodeSourceURL (0x00007ab2875d8b88) [0x00007ab2875d8c80, 0x00007ab2875d8de8] 
[3,821s][debug][gc,nmethod     ] GC(1) O: Unregister NMethod: com.sun.org.apache.xerces.internal.impl.io.UTF8Reader.read (0x00007ab287f5fc08) [0x00007ab287f5fd00, 0x00007ab287f631d8] 
[3,821s][debug][gc,nmethod     ] GC(1) O: Unregister NMethod: com.sun.org.apache.xerces.internal.util.NamespaceSupport.popContext (0x00007ab287f25988) [0x00007ab287f25a80, 0x00007ab287f25be8] 
[3,821s][debug][gc,nmethod     ] GC(1) O: Unregister NMethod: jdk.xml.internal.JdkXmlUtils.getProperty (0x00007ab287e67508) [0x00007ab287e67600, 0x00007ab287e68358] 
[3,821s][debug][gc,nmethod     ] GC(1) O: Unregister NMethod: java.util.HashSet.isEmpty (0x00007ab287444b08) [0x00007ab287444c00, 0x00007ab287444fa8] 
[3,821s][debug][gc,nmethod     ] GC(1) O: Unregister NMethod: java.util.concurrent.atomic.AtomicIntegerFieldUpdater$AtomicIntegerFieldUpdaterImpl.getAndAdd (0x00007ab287ca7888) [0x00007ab287ca7980, 0x00007ab287ca7d98] 
[3,821s][debug][gc,nmethod     ] GC(1) O: Unregister NMethod: java.util.HashMap.<init> (0x00007ab28743d588) [0x00007ab28743d680, 0x00007ab28743d840] 
[3,821s][debug][gc,nmethod     ] GC(1) O: Unregister NMethod: java.lang.invoke.DirectMethodHandle$Holder.fieldAccess (0x00007ab287a19288) [0x00007ab287a19380, 0x00007ab287a19878] 
[3,821s][debug][gc,nmethod     ] GC(1) O: Unregister NMethod: io.sirix.access.trx.page.NodeStorageEngineReader.close (0x00007ab287ba8088) [0x00007ab287ba8180, 0x00007ab287bab010] 
[3,821s][debug][gc,nmethod     ] GC(1) O: Unregister NMethod: io.sirix.node.Utils.putVarLong (0x00007ab2880bfc88) [0x00007ab2880bfd80, 0x00007ab2880bfed0] 
[3,821s][debug][gc,nmethod     ] GC(1) O: Unregister NMethod: jdk.internal.misc.Unsafe.weakCompareAndSetLong (0x00007ab2878d5108) [0x00007ab2878d5200, 0x00007ab2878d5320] 
[3,821s][debug][gc,nmethod     ] GC(1) O: Unregister NMethod: io.sirix.utils.XMLToken.ncName (0x00007ab2a6d4fb88) [0x00007ab2a6d4fc80, 0x00007ab2a6d4ffd8] 
[3,821s][debug][gc,nmethod     ] GC(1) O: Unregister NMethod: io.sirix.node.xml.ElementNode.getNamespaceCount (0x00007ab2880bff88) [0x00007ab2880c0080, 0x00007ab2880c0210] 
[3,821s][debug][gc,nmethod     ] GC(1) O: Unregister NMethod: jdk.internal.foreign.ArenaImpl.<init> (0x00007ab287c39b08) [0x00007ab287c39c00, 0x00007ab287c39fe0] 
[3,821s][debug][gc,nmethod     ] GC(1) O: Unregister NMethod: io.sirix.node.MemorySegmentBytesOut.<init> (0x00007ab287e29608) [0x00007ab287e29700, 0x00007ab287e2a4d0] 
[3,821s][debug][gc,nmethod     ] GC(1) O: Unregister NMethod: io.sirix.access.trx.node.AbstractIndexController.notifyChange (0x00007ab287e72d08) [0x00007ab287e72e00, 0x00007ab287e73cb8] 
[3,821s][debug][gc,nmethod     ] GC(1) O: Unregister NMethod: jdk.internal.foreign.HeapMemorySegmentImpl$OfByte.<init> (0x00007ab288186f88) [0x00007ab288187080, 0x00007ab288187398] 
[3,821s][debug][gc,nmethod     ] GC(1) O: Unregister NMethod: java.util.concurrent.ConcurrentHashMap.spread (0x00007ab287412308) [0x00007ab287412400, 0x00007ab2874124f0] 
[3,821s][debug][gc,nmethod     ] GC(1) O: Unregister NMethod: java.lang.String.<init> (0x00007ab287fa4e88) [0x00007ab287fa4f80, 0x00007ab287fa51a8] 
[3,821s][debug][gc,nmethod     ] GC(1) O: Unregister NMethod: jdk.xml.internal.XMLSecurityPropertyManager$Property.equalsName (0x00007ab287df4688) [0x00007ab287df4780, 0x00007ab287df4db0] 
[3,821s][debug][gc,nmethod     ] GC(1) O: Unregister NMethod: java.util.UUID.parse4Nibbles (0x00007ab287a0e688) [0x00007ab287a0e780, 0x00007ab287a10b28] 
[3,821s][debug][gc,nmethod     ] GC(1) O: Unregister NMethod: java.util.HashSet.contains (0x00007ab28743a408) [0x00007ab28743a500, 0x00007ab28743aa98] 
[3,821s][debug][gc,nmethod     ] GC(1) O: Unregister NMethod: io.sirix.access.trx.page.NodeStorageEngineReader.assertNotClosed (0x00007ab287402088) [0x00007ab287402180, 0x00007ab287402398] 
[3,821s][debug][gc,nmethod     ] GC(1) O: Unregister NMethod: jdk.internal.util.Preconditions.checkIndex (0x00007ab28740eb08) [0x00007ab28740ec00, 0x00007ab28740ed88] 
[3,821s][debug][gc,nmethod     ] GC(1) O: Unregister NMethod: io.sirix.axis.AbstractAxis.tryToComputeNext (0x00007ab287b2eb08) [0x00007ab287b2ec00, 0x00007ab287b2f330] 
[3,821s][debug][gc,nmethod     ] GC(1) O: Unregister NMethod: io.sirix.node.MemorySegmentBytesOut.writeLong (0x00007ab2874c1f08) [0x00007ab2874c2000, 0x00007ab2874c2198] 
[3,821s][debug][gc,nmethod     ] GC(1) O: Unregister NMethod: com.google.common.collect.testing.Helpers.addAll (0x00007ab287a48c08) [0x00007ab287a48d00, 0x00007ab287a496b8] 
[3,821s][debug][gc,nmethod     ] GC(1) O: Unregister NMethod: java.util.BitSet.<init> (0x00007ab28752cd08) [0x00007ab28752ce00, 0x00007ab28752dd48] 
[3,821s][debug][gc,nmethod     ] GC(1) O: Unregister NMethod: io.sirix.service.xml.shredder.XmlShredder.addNewElement (0x00007ab287efcb08) [0x00007ab287efcc00, 0x00007ab287efff98] 
[3,821s][debug][gc,nmethod     ] GC(1) O: Unregister NMethod: com.sun.org.apache.xerces.internal.impl.XMLEntityScanner.scanLiteral (0x00007ab2a6db1f08) [0x00007ab2a6db2000, 0x00007ab2a6db2e38] 
[3,821s][debug][gc,nmethod     ] GC(1) O: Unregister NMethod: com.sun.org.apache.xerces.internal.impl.XMLNSDocumentScannerImpl.next (0x00007ab287e0f888) [0x00007ab287e0f980, 0x00007ab287e0fe68] 
[3,821s][debug][gc,nmethod     ] GC(1) O: Unregister NMethod: io.sirix.page.KeyValueLeafPage.updateFreeSpaceStart (0x00007ab2875ad208) [0x00007ab2875ad300, 0x00007ab2875ad888] 
[3,821s][debug][gc,nmethod     ] GC(1) O: Unregister NMethod: io.sirix.node.xml.ElementNode.setDescendantCount (0x00007ab287dfc988) [0x00007ab287dfca80, 0x00007ab287e00410] 
[3,821s][debug][gc,nmethod     ] GC(1) O: Unregister NMethod: sun.nio.fs.UnixPath.resolve (0x00007ab287a07d08) [0x00007ab287a07e00, 0x00007ab287a07f48] 
[3,821s][debug][gc,nmethod     ] GC(1) O: Unregister NMethod: it.unimi.dsi.fastutil.ints.Int2IntOpenHashMap.get (0x00007ab287d5ec08) [0x00007ab287d5ed00, 0x00007ab287d5f260] 
[3,821s][debug][gc,nmethod     ] GC(1) O: Unregister NMethod: com.sun.org.apache.xerces.internal.util.SymbolTable.addSymbol (0x00007ab287e97c88) [0x00007ab287e97d80, 0x00007ab287e982c0] 
[3,821s][debug][gc,nmethod     ] GC(1) O: Unregister NMethod: java.util.concurrent.ForkJoinPool$WorkQueue.unlockPhase (0x00007ab287c17108) [0x00007ab287c17200, 0x00007ab287c17310] 
[3,821s][debug][gc,nmethod     ] GC(1) O: Unregister NMethod: java.util.jar.JarFile.checkForSpecialAttributes (0x00007ab2a6c36408) [0x00007ab2a6c36500, 0x00007ab2a6c36e50] 
[3,821s][debug][gc,nmethod     ] GC(1) O: Unregister NMethod: java.lang.String.checkBoundsOffCount (0x00007ab287465988) [0x00007ab287465a80, 0x00007ab287465c78] 
[3,821s][debug][gc,nmethod     ] GC(1) O: Unregister NMethod: io.sirix.node.xml.ElementNode.incrementChildCount (0x00007ab287e80208) [0x00007ab287e80300, 0x00007ab287e80a30] 
[3,821s][debug][gc,nmethod     ] GC(1) O: Unregister NMethod: io.sirix.access.trx.RevisionEpochTracker.register (0x00007ab287a84508) [0x00007ab287a84600, 0x00007ab287a861d8] 
[3,821s][debug][gc,nmethod     ] GC(1) O: Unregister NMethod: java.lang.String.indexOf (0x00007ab287597f08) [0x00007ab287598000, 0x00007ab287598820] 
[3,821s][debug][gc,nmethod     ] GC(1) O: Unregister NMethod: com.sun.org.apache.xerces.internal.impl.XMLEntityScanner.checkEntityLimit (0x00007ab287dd8088) [0x00007ab287dd8180, 0x00007ab287dd8478] 
[3,821s][debug][gc,nmethod     ] GC(1) O: Unregister NMethod: io.sirix.page.KeyValueLeafPage.findFreeSpaceForSlots (0x00007ab287bd9108) [0x00007ab287bd9200, 0x00007ab287bd9ec8] 
[3,821s][debug][gc,nmethod     ] GC(1) O: Unregister NMethod: io.sirix.axis.AbstractAxis.reset (0x00007ab287bdad08) [0x00007ab287bdae00, 0x00007ab287bdaf88] 
[3,821s][debug][gc,nmethod     ] GC(1) O: Unregister NMethod: com.sun.org.apache.xerces.internal.impl.XMLDocumentFragmentScannerImpl.checkDepth (0x00007ab287f08408) [0x00007ab287f08500, 0x00007ab287f0b758] 
[3,821s][debug][gc,nmethod     ] GC(1) O: Unregister NMethod: io.sirix.page.delegates.BitmapReferencesPage.index (0x00007ab288070b88) [0x00007ab288070c80, 0x00007ab2880711a0] 
[3,821s][debug][gc,nmethod     ] GC(1) O: Unregister NMethod: io.sirix.node.xml.ElementNode.hasLeftSibling (0x00007ab287e77e88) [0x00007ab287e77f80, 0x00007ab287e7d3b8] 
[3,821s][debug][gc,nmethod     ] GC(1) O: Unregister NMethod: com.sun.org.apache.xerces.internal.impl.XMLEntityScanner.scanContent (0x00007ab2a6d54608) [0x00007ab2a6d547a0, 0x00007ab2a6d55268] 
[3,821s][debug][gc,nmethod     ] GC(1) O: Unregister NMethod: java.util.Objects.hashCode (0x00007ab28740a308) [0x00007ab28740a400, 0x00007ab28740a750] 
[3,821s][debug][gc,nmethod     ] GC(1) O: Unregister NMethod: io.sirix.node.xml.ElementNode.setChildCount (0x00007ab287e8a788) [0x00007ab287e8a880, 0x00007ab287e8e3a0] 
[3,821s][debug][gc,nmethod     ] GC(1) O: Unregister NMethod: java.util.ArrayList$Itr.hasNext (0x00007ab28756f008) [0x00007ab28756f100, 0x00007ab28756f290] 
[3,821s][debug][gc,nmethod     ] GC(1) O: Unregister NMethod: java.util.concurrent.ForkJoinPool.deactivate (0x00007ab2a6cd3108) [0x00007ab2a6cd3200, 0x00007ab2a6cd4268] 
[3,821s][debug][gc,nmethod     ] GC(1) O: Unregister NMethod: jdk.internal.ref.CleanerImpl$CleanableList.insert (0x00007ab2a6cf0e88) [0x00007ab2a6cf0f80, 0x00007ab2a6cf1398] 
[3,821s][debug][gc,nmethod     ] GC(1) O: Unregister NMethod: com.sun.xml.internal.stream.XMLEventReaderImpl.hasNext (0x00007ab287e0ad88) [0x00007ab287e0ae80, 0x00007ab287e0b1c0] 
[3,821s][debug][gc,nmethod     ] GC(1) O: Unregister NMethod: io.sirix.page.KeyValueLeafPage.getAvailableSpace (0x00007ab28792f308) [0x00007ab28792f400, 0x00007ab287934ec0] 
[3,821s][debug][gc,nmethod     ] GC(1) O: Unregister NMethod: net.jpountz.util.SafeUtils.checkRange (0x00007ab287817488) [0x00007ab287817580, 0x00007ab287817ab8] 
[3,821s][debug][gc,nmethod     ] GC(1) O: Unregister NMethod: com.sun.xml.internal.stream.events.DummyEvent.asStartElement (0x00007ab287f15108) [0x00007ab287f15200, 0x00007ab287f15520] 
[3,821s][debug][gc,nmethod     ] GC(1) O: Unregister NMethod: io.sirix.node.xml.AttributeNode.getURIKey (0x00007ab287fa7d08) [0x00007ab287fa7e00, 0x00007ab287facdf0] 
[3,821s][debug][gc,nmethod     ] GC(1) O: Unregister NMethod: io.sirix.access.trx.node.xml.XmlDeweyIDManager.newAttributeID (0x00007ab287fcb108) [0x00007ab287fcb200, 0x00007ab287fcf3f0] 
[3,821s][debug][gc,nmethod     ] GC(1) O: Unregister NMethod: net.openhft.hashing.UnsafeAccess.byteOrder (0x00007ab287e69008) [0x00007ab287e69100, 0x00007ab287e69260] 
[3,821s][debug][gc,nmethod     ] GC(1) O: Unregister NMethod: java.util.BitSet.get (0x00007ab28769c008) [0x00007ab28769c100, 0x00007ab28769cfa8] 
[3,822s][debug][gc,nmethod     ] GC(1) O: Unregister NMethod: jdk.internal.classfile.impl.StackMapGenerator.processBlock (0x00007ab2a6c94688) [0x00007ab2a6c94780, 0x00007ab2a6c96730] 
[3,822s][debug][gc,nmethod     ] GC(1) O: Unregister NMethod: java.nio.Buffer.<init> (0x00007ab287834c08) [0x00007ab287834d00, 0x00007ab2878366f8] 
[3,822s][debug][gc,nmethod     ] GC(1) O: Unregister NMethod: io.sirix.access.trx.node.xml.XmlNodeTrxImpl.insertAttribute (0x00007ab2a6dfcc88) [0x00007ab2a6dfcf00, 0x00007ab2a6dffd28] 
[3,822s][debug][gc,nmethod     ] GC(1) O: Unregister NMethod: java.nio.DirectByteBuffer.address (0x00007ab287ef9688) [0x00007ab287ef9780, 0x00007ab287efb0c0] 
[3,822s][debug][gc,nmethod     ] GC(1) O: Unregister NMethod: com.google.common.base.Preconditions.checkArgument (0x00007ab28748ae08) [0x00007ab28748af00, 0x00007ab28748b380] 
[3,822s][debug][gc,nmethod     ] GC(1) O: Unregister NMethod: java.lang.Enum.hashCode (0x00007ab287467108) [0x00007ab287467200, 0x00007ab287467378] 
[3,822s][debug][gc,nmethod     ] GC(1) O: Unregister NMethod: com.sun.org.apache.xerces.internal.impl.XMLEntityScanner.scanChar (0x00007ab287e92a08) [0x00007ab287e92b00, 0x00007ab287e93528] 
[3,822s][debug][gc,nmethod     ] GC(1) O: Unregister NMethod: net.openhft.hashing.XXH3.XXH3_avalanche (0x00007ab287e4eb08) [0x00007ab287e4ec00, 0x00007ab287e4ed10] 
[3,822s][debug][gc,nmethod     ] GC(1) O: Unregister NMethod: io.sirix.node.xml.TextNode.getLeftSiblingKey (0x00007ab287d65e08) [0x00007ab287d65f00, 0x00007ab287d6aef0] 
[3,822s][debug][gc,nmethod     ] GC(1) O: Unregister NMethod: io.sirix.utils.XMLToken.isNCChar (0x00007ab28808ba88) [0x00007ab28808bb80, 0x00007ab28808bf68] 
[3,822s][debug][gc,nmethod     ] GC(1) O: Unregister NMethod: java.util.HashMap$Values.iterator (0x00007ab287f01c88) [0x00007ab287f01d80, 0x00007ab287f02100] 
[3,822s][debug][gc,nmethod     ] GC(1) O: Unregister NMethod: java.lang.String.<init> (0x00007ab287638288) [0x00007ab287638380, 0x00007ab287638958] 
[3,822s][debug][gc,nmethod     ] GC(1) O: Unregister NMethod: io.sirix.node.xml.ElementNode.getPathNodeKey (0x00007ab287e57708) [0x00007ab287e57800, 0x00007ab287e5c7f0] 
[3,822s][debug][gc,nmethod     ] GC(1) O: Unregister NMethod: io.sirix.access.trx.page.NodeStorageEngineWriter.createNameKey (0x00007ab287e75f88) [0x00007ab287e76080, 0x00007ab287e77ab8] 
[3,822s][debug][gc,nmethod     ] GC(1) O: Unregister NMethod: com.sun.org.apache.xerces.internal.impl.XMLEntityScanner.normalizeNewlines (0x00007ab2a6d99388) [0x00007ab2a6d99480, 0x00007ab2a6d99838] 
[3,822s][debug][gc,nmethod     ] GC(1) O: Unregister NMethod: io.sirix.page.KeyValueLeafPage.getNumberOfNonNullEntries (0x00007ab287bdf808) [0x00007ab287bdf900, 0x00007ab287bdfeb0] 
[3,822s][debug][gc,nmethod     ] GC(1) O: Unregister NMethod: io.sirix.node.NodeKind$1.serialize (0x00007ab288142c88) [0x00007ab288142d80, 0x00007ab28817dd48] 
[3,822s][debug][gc,nmethod     ] GC(1) O: Unregister NMethod: java.lang.ThreadLocal.getCarrierThreadLocal (0x00007ab28753cf08) [0x00007ab28753d000, 0x00007ab28753d198] 
[3,822s][debug][gc,nmethod     ] GC(1) O: Unregister NMethod: jdk.internal.foreign.AbstractMemorySegmentImpl.isAlignedForElement (0x00007ab28787cc08) [0x00007ab28787cd00, 0x00007ab28787ced0] 
[3,822s][debug][gc,nmethod     ] GC(1) O: Unregister NMethod: kotlinx.coroutines.channels.BufferedChannelKt.getCHANNEL_CLOSED (0x00007ab287cd0688) [0x00007ab287cd0780, 0x00007ab287cd0868] 
[3,822s][debug][gc,nmethod     ] GC(1) O: Unregister NMethod: io.sirix.utils.XMLToken.isValidQName (0x00007ab2a6d8b388) [0x00007ab2a6d8b600, 0x00007ab2a6d8c4c0] 
[3,822s][debug][gc,nmethod     ] GC(1) O: Unregister NMethod: io.sirix.node.json.JsonNodeSerializer.writeEndPadding (0x00007ab2880c0d08) [0x00007ab2880c0e00, 0x00007ab2880c1268] 
[3,822s][debug][gc,nmethod     ] GC(1) O: Unregister NMethod: jdk.internal.loader.URLClassPath.getResource (0x00007ab2a6c62b88) [0x00007ab2a6c62c80, 0x00007ab2a6c673a0] 
[3,822s][debug][gc,nmethod     ] GC(1) O: Unregister NMethod: java.lang.AbstractStringBuilder.ensureCapacitySameCoder (0x00007ab28776a988) [0x00007ab28776aa80, 0x00007ab28776ac28] 
[3,822s][debug][gc,nmethod     ] GC(1) O: Unregister NMethod: com.sun.xml.internal.stream.events.XMLEventAllocatorImpl.getQName (0x00007ab287e87388) [0x00007ab287e87480, 0x00007ab287e87d00] 
[3,822s][debug][gc,nmethod     ] GC(1) O: Unregister NMethod: it.unimi.dsi.fastutil.ints.Int2ObjectOpenHashMap.get (0x00007ab287e0ec88) [0x00007ab287e0ed80, 0x00007ab287e0f3f0] 
[3,822s][debug][gc,nmethod     ] GC(1) O: Unregister NMethod: java.io.BufferedInputStream.getBufIfOpen (0x00007ab287610308) [0x00007ab287610400, 0x00007ab287610818] 
[3,822s][debug][gc,nmethod     ] GC(1) O: Unregister NMethod: io.sirix.access.trx.node.AbstractNodeReadOnlyTrx.getKind (0x00007ab287e08c88) [0x00007ab287e08d80, 0x00007ab287e093d0] 
[3,822s][debug][gc,nmethod     ] GC(1) O: Unregister NMethod: com.sun.org.apache.xerces.internal.impl.XMLStreamReaderImpl.getText (0x00007ab287e90408) [0x00007ab287e90500, 0x00007ab287e929f8] 
[3,822s][debug][gc,nmethod     ] GC(1) O: Unregister NMethod: jdk.internal.foreign.AbstractMemorySegmentImpl.toArray (0x00007ab2881a3088) [0x00007ab2881a3180, 0x00007ab2881ade70] 
[3,822s][debug][gc,nmethod     ] GC(1) O: Unregister NMethod: java.util.HashMap$KeyIterator.next (0x00007ab287435108) [0x00007ab287435200, 0x00007ab287435530] 
[3,822s][debug][gc,nmethod     ] GC(1) O: Unregister NMethod: com.sun.org.apache.xerces.internal.impl.XMLEntityScanner.checkBeforeLoad (0x00007ab287de8288) [0x00007ab287de8380, 0x00007ab287de88d8] 
[3,822s][debug][gc,nmethod     ] GC(1) O: Unregister NMethod: jdk.internal.misc.Unsafe.allocateMemory (0x00007ab287488208) [0x00007ab287488300, 0x00007ab2874895b0] 
[3,822s][debug][gc,nmethod     ] GC(1) O: Unregister NMethod: jdk.internal.foreign.SegmentFactories$1.cleanup (0x00007ab287d34608) [0x00007ab287d34700, 0x00007ab287d34cc0] 
[3,822s][debug][gc,nmethod     ] GC(1) O: Unregister NMethod: java.util.HashMap.computeIfAbsent (0x00007ab2a6d56608) [0x00007ab2a6d56720, 0x00007ab2a6d58910] 
[3,822s][debug][gc,nmethod     ] GC(1) O: Unregister NMethod: com.sun.org.apache.xerces.internal.impl.XMLEntityScanner.skipSpaces (0x00007ab2a6dc1708) [0x00007ab2a6dc1800, 0x00007ab2a6dc1d68] 
[3,822s][debug][gc,nmethod     ] GC(1) O: Unregister NMethod: io.sirix.node.xml.ElementNode.getDescendantCount (0x00007ab287dedd88) [0x00007ab287dede80, 0x00007ab287df16f8] 
[3,822s][debug][gc,nmethod     ] GC(1) O: Unregister NMethod: io.sirix.node.xml.TextNode.<init> (0x00007ab287f19408) [0x00007ab287f19500, 0x00007ab287f19d20] 
[3,822s][debug][gc,nmethod     ] GC(1) O: Unregister NMethod: sun.nio.fs.NativeBuffers.releaseNativeBuffer (0x00007ab28743d888) [0x00007ab28743d980, 0x00007ab287440eb8] 
[3,822s][debug][gc,nmethod     ] GC(1) O: Unregister NMethod: java.util.BitSet.flip (0x00007ab288071208) [0x00007ab288071300, 0x00007ab288071908] 
[3,822s][debug][gc,nmethod     ] GC(1) O: Unregister NMethod: io.sirix.node.AbstractForwardingNode.getNodeKey (0x00007ab287a25308) [0x00007ab287a25400, 0x00007ab287a25730] 
[3,822s][debug][gc,nmethod     ] GC(1) O: Unregister NMethod: io.sirix.page.KeyValueLeafPage.releaseGuard (0x00007ab287af5088) [0x00007ab287af5180, 0x00007ab287af54c8] 
[3,822s][debug][gc,nmethod     ] GC(1) O: Unregister NMethod: java.lang.invoke.DirectMethodHandle$Holder.invokeStatic (0x00007ab287a57288) [0x00007ab287a57380, 0x00007ab287a57748] 
[3,822s][debug][gc,nmethod     ] GC(1) O: Unregister NMethod: io.sirix.node.xml.TextNode.getKind (0x00007ab287d33c08) [0x00007ab287d33d00, 0x00007ab287d33e08] 
[3,822s][debug][gc,nmethod     ] GC(1) O: Unregister NMethod: com.sun.org.apache.xerces.internal.impl.XMLEntityScanner.checkLimit (0x00007ab287eebc08) [0x00007ab287eebd00, 0x00007ab287ef44c0] 
[3,822s][debug][gc,nmethod     ] GC(1) O: Unregister NMethod: net.openhft.hashing.LongHashFunction.hashBytes (0x00007ab287f16808) [0x00007ab287f16900, 0x00007ab287f16a48] 
[3,822s][debug][gc,nmethod     ] GC(1) O: Unregister NMethod: io.sirix.page.delegates.BitmapReferencesPage.index (0x00007ab2880a0988) [0x00007ab2880a0a80, 0x00007ab2880a0fa0] 
[3,822s][debug][gc,nmethod     ] GC(1) O: Unregister NMethod: io.sirix.utils.XMLToken.isValidQName (0x00007ab28808cc88) [0x00007ab28808cd80, 0x00007ab28808e2b0] 
[3,822s][debug][gc,nmethod     ] GC(1) O: Unregister NMethod: jdk.internal.constant.MethodTypeDescImpl.parameterType (0x00007ab2874f4708) [0x00007ab2874f4800, 0x00007ab2874f4988] 
[3,822s][debug][gc,nmethod     ] GC(1) O: Unregister NMethod: io.sirix.node.xml.AbstractStructForwardingNode.hasFirstChild (0x00007ab2a6d7fd08) [0x00007ab2a6d7fe00, 0x00007ab2a6d7ff18] 
[3,822s][debug][gc,nmethod     ] GC(1) O: Unregister NMethod: io.sirix.access.trx.node.xml.XmlNodeTrxImpl.insertAttribute (0x00007ab288090808) [0x00007ab288090900, 0x00007ab2880a0940] 
[3,822s][debug][gc,nmethod     ] GC(1) O: Unregister NMethod: io.sirix.page.KeyValueLeafPage.setRecord (0x00007ab287c18988) [0x00007ab287c18a80, 0x00007ab287c190b8] 
[3,822s][debug][gc,nmethod     ] GC(1) O: Unregister NMethod: java.util.HashMap$HashIterator.nextNode (0x00007ab28742f008) [0x00007ab28742f100, 0x00007ab28742f718] 
[3,822s][debug][gc,nmethod     ] GC(1) O: Unregister NMethod: org.magicwerk.brownies.collections.IList.checkIndexAdd (0x00007ab2879ffe88) [0x00007ab2879fff80, 0x00007ab287a01788] 
[3,822s][debug][gc,nmethod     ] GC(1) O: Unregister NMethod: java.nio.charset.Charset.defaultCharset (0x00007ab287deda88) [0x00007ab287dedb80, 0x00007ab287dedc78] 
[3,822s][debug][gc,nmethod     ] GC(1) O: Unregister NMethod: java.nio.ByteBuffer.<init> (0x00007ab2878cf708) [0x00007ab2878cf800, 0x00007ab2878cfa48] 
[3,822s][debug][gc,nmethod     ] GC(1) O: Unregister NMethod: jdk.internal.foreign.SegmentFactories.initNativeMemory (0x00007ab2878d5408) [0x00007ab2878d5500, 0x00007ab2878d5720] 
[3,822s][debug][gc,nmethod     ] GC(1) O: Unregister NMethod: org.magicwerk.brownies.collections.GapList.doAdd (0x00007ab287a08008) [0x00007ab287a08100, 0x00007ab287a0a0c0] 
[3,822s][debug][gc,nmethod     ] GC(1) O: Unregister NMethod: io.sirix.page.SerializationType.readPageFragments (0x00007ab287418288) [0x00007ab287418380, 0x00007ab287418f80] 
[3,822s][debug][gc,nmethod     ] GC(1) O: Unregister NMethod: sun.nio.ch.NativeThreadSet.add (0x00007ab287a05f08) [0x00007ab287a06000, 0x00007ab287a06f10] 
[3,822s][debug][gc,nmethod     ] GC(1) O: Unregister NMethod: java.util.HashMap.values (0x00007ab287f01708) [0x00007ab287f01800, 0x00007ab287f01c28] 
[3,822s][debug][gc,nmethod     ] GC(1) O: Unregister NMethod: jdk.internal.classfile.impl.StackMapGenerator.processBlock (0x00007ab287490508) [0x00007ab287490600, 0x00007ab2874bf8c8] 
[3,822s][debug][gc,nmethod     ] GC(1) O: Unregister NMethod: jdk.xml.internal.XMLLimitAnalyzer.addValue (0x00007ab287e4b888) [0x00007ab287e4b9a0, 0x00007ab287e4eac0] 
[3,822s][debug][gc,nmethod     ] GC(1) O: Unregister NMethod: java.util.HashMap.computeIfAbsent (0x00007ab28807a708) [0x00007ab28807a800, 0x00007ab28807d008] 
[3,822s][debug][gc,nmethod     ] GC(1) O: Unregister NMethod: java.util.stream.AbstractPipeline.isParallel (0x00007ab28770ca88) [0x00007ab28770cb80, 0x00007ab28770ccb8] 
[3,822s][debug][gc,nmethod     ] GC(1) O: Unregister NMethod: io.brackit.query.atomic.QNm.<init> (0x00007ab287e4ee08) [0x00007ab287e4ef00, 0x00007ab287e4f3a8] 
[3,822s][debug][gc,nmethod     ] GC(1) O: Unregister NMethod: java.nio.DirectByteBuffer.get (0x00007ab2874c0308) [0x00007ab2874c0400, 0x00007ab2874c1200] 
[3,822s][debug][gc,nmethod     ] GC(1) O: Unregister NMethod: jdk.internal.foreign.layout.ValueLayouts$OfByteImpl.withOrder (0x00007ab288194d88) [0x00007ab288194e80, 0x00007ab2881951d0] 
[3,822s][debug][gc,nmethod     ] GC(1) O: Unregister NMethod: com.sun.org.apache.xerces.internal.impl.XMLStreamReaderImpl.next (0x00007ab287e16108) [0x00007ab287e16200, 0x00007ab287e18a58] 
[3,823s][debug][gc,nmethod     ] GC(1) O: Unregister NMethod: java.lang.Integer.valueOf (0x00007ab28752a508) [0x00007ab28752a600, 0x00007ab28752a918] 
[3,823s][debug][gc,nmethod     ] GC(1) O: Unregister NMethod: io.sirix.node.MemorySegmentBytesOut.writeInt (0x00007ab2874c0008) [0x00007ab2874c0100, 0x00007ab2874c0298] 
[3,823s][debug][gc,nmethod     ] GC(1) O: Unregister NMethod: java.util.BitSet.expandTo (0x00007ab28752a208) [0x00007ab28752a300, 0x00007ab28752a488] 
[3,823s][debug][gc,nmethod     ] GC(1) O: Unregister NMethod: io.sirix.index.path.summary.PathSummaryReader.getNodeKey (0x00007ab287dda488) [0x00007ab287dda580, 0x00007ab287ddaa18] 
[3,823s][debug][gc,nmethod     ] GC(1) O: Unregister NMethod: io.sirix.access.trx.node.xml.XmlNodeFactoryImpl.createAttributeNode (0x00007ab287fcf408) [0x00007ab287fcf500, 0x00007ab287fd1d00] 
[3,823s][debug][gc,nmethod     ] GC(1) O: Unregister NMethod: com.sun.org.apache.xerces.internal.impl.XMLEntityScanner.scanContent (0x00007ab288075108) [0x00007ab288075200, 0x00007ab288076178] 
[3,823s][debug][gc,nmethod     ] GC(1) O: Unregister NMethod: io.sirix.node.GrowingMemorySegment.writeInt (0x00007ab28762b888) [0x00007ab28762b980, 0x00007ab28762f7c0] 
[3,823s][debug][gc,nmethod     ] GC(1) O: Unregister NMethod: it.unimi.dsi.fastutil.longs.LongArrayList.add (0x00007ab287e1eb08) [0x00007ab287e1ec00, 0x00007ab287e1eed8] 
[3,823s][debug][gc,nmethod     ] GC(1) O: Unregister NMethod: java.nio.ByteBuffer.<init> (0x00007ab287a3c908) [0x00007ab287a3ca00, 0x00007ab287a3cb48] 
[3,823s][debug][gc,nmethod     ] GC(1) O: Unregister NMethod: java.util.concurrent.ConcurrentHashMap.putVal (0x00007ab2876af508) [0x00007ab2876af600, 0x00007ab2876b1b48] 
[3,823s][debug][gc,nmethod     ] GC(1) O: Unregister NMethod: com.sun.xml.internal.stream.events.XMLEventAllocatorImpl.fillAttributes (0x00007ab28805ed88) [0x00007ab28805ee80, 0x00007ab28805f978] 
[3,823s][debug][gc,nmethod     ] GC(1) O: Unregister NMethod: java.io.DataInputStream.readFully (0x00007ab287610c08) [0x00007ab287610d00, 0x00007ab2876113b0] 
[3,823s][debug][gc,nmethod     ] GC(1) O: Unregister NMethod: io.sirix.index.path.summary.PathSummaryWriter.movePathSummary (0x00007ab287ed0e88) [0x00007ab287ed0f80, 0x00007ab287ed3640] 
[3,823s][debug][gc,nmethod     ] GC(1) O: Unregister NMethod: java.util.concurrent.ConcurrentHashMap$Traverser.advance (0x00007ab28767ca08) [0x00007ab28767cb00, 0x00007ab28767dbf8] 
[3,823s][debug][gc,nmethod     ] GC(1) O: Unregister NMethod: java.util.ArrayList.<init> (0x00007ab2875f5e08) [0x00007ab2875f5f00, 0x00007ab2875f6f18] 
[3,823s][debug][gc,nmethod     ] GC(1) O: Unregister NMethod: jdk.internal.foreign.HeapMemorySegmentImpl$OfByte.unsafeGetOffset (0x00007ab287d20b08) [0x00007ab287d20c00, 0x00007ab287d20d18] 
[3,823s][debug][gc,nmethod     ] GC(1) O: Unregister NMethod: com.sun.org.apache.xerces.internal.impl.XMLStreamReaderImpl.getPrefix (0x00007ab287e7e308) [0x00007ab287e7e400, 0x00007ab287e7ea90] 
[3,823s][debug][gc,nmethod     ] GC(1) O: Unregister NMethod: sun.nio.fs.UnixNativeDispatcher.copyToNativeBuffer (0x00007ab2874cf888) [0x00007ab2874cf980, 0x00007ab2874cfe30] 
[3,823s][debug][gc,nmethod     ] GC(1) O: Unregister NMethod: com.sun.xml.internal.stream.events.DummyEvent.asCharacters (0x00007ab287e8ef88) [0x00007ab287e8f080, 0x00007ab287e8f3a0] 
[3,823s][debug][gc,nmethod     ] GC(1) O: Unregister NMethod: kotlin.jvm.internal.Intrinsics.checkNotNull (0x00007ab287af3088) [0x00007ab287af3180, 0x00007ab287af3920] 
[3,823s][debug][gc,nmethod     ] GC(1) O: Unregister NMethod: net.jpountz.lz4.LZ4BlockInputStream.refill (0x00007ab287a22a08) [0x00007ab287a22b00, 0x00007ab287a24b20] 
[3,823s][debug][gc,nmethod     ] GC(1) O: Unregister NMethod: java.util.concurrent.atomic.AtomicInteger.<init> (0x00007ab287600008) [0x00007ab287600100, 0x00007ab2876002c0] 
[3,823s][debug][gc,nmethod     ] GC(1) O: Unregister NMethod: io.sirix.node.GrowingMemorySegment.<init> (0x00007ab287abeb08) [0x00007ab287abec00, 0x00007ab287abf078] 
[3,823s][debug][gc,nmethod     ] GC(1) O: Unregister NMethod: com.sun.org.apache.xerces.internal.impl.XMLDocumentFragmentScannerImpl$FragmentContentDriver.startOfMarkup (0x00007ab288012188) [0x00007ab288012280, 0x00007ab2880142e8] 
[3,823s][debug][gc,nmethod     ] GC(1) O: Unregister NMethod: java.lang.AbstractStringBuilder.setLength (0x00007ab287e73d08) [0x00007ab287e73e00, 0x00007ab287e741a8] 
[3,823s][debug][gc,nmethod     ] GC(1) O: Unregister NMethod: jdk.internal.misc.ScopedMemoryAccess.copyMemory (0x00007ab2878d2288) [0x00007ab2878d2380, 0x00007ab2878d36f8] 
[3,823s][debug][gc,nmethod     ] GC(1) O: Unregister NMethod: java.net.URL.<init> (0x00007ab2875bef08) [0x00007ab2875bf000, 0x00007ab2875c5718] 
[3,823s][debug][gc,nmethod     ] GC(1) O: Unregister NMethod: java.nio.HeapByteBuffer.ix (0x00007ab28778f088) [0x00007ab28778f180, 0x00007ab28778f288] 
[3,823s][debug][gc,nmethod     ] GC(1) O: Unregister NMethod: io.sirix.node.xml.ElementNode.getRightSiblingKey (0x00007ab287b82008) [0x00007ab287b82100, 0x00007ab287b870f0] 
[3,823s][debug][gc,nmethod     ] GC(1) O: Unregister NMethod: io.sirix.node.xml.AttributeNode.<init> (0x00007ab287fca988) [0x00007ab287fcaa80, 0x00007ab287fcb0f0] 
[3,823s][debug][gc,nmethod     ] GC(1) O: Unregister NMethod: io.sirix.node.MemorySegmentBytesIn.readShort (0x00007ab287a25788) [0x00007ab287a25880, 0x00007ab287a294b8] 
[3,823s][debug][gc,nmethod     ] GC(1) O: Unregister NMethod: com.sun.org.apache.xerces.internal.impl.XMLDocumentFragmentScannerImpl.seekCloseOfStartTag (0x00007ab287ea2108) [0x00007ab287ea2200, 0x00007ab287ea37d0] 
[3,823s][debug][gc,nmethod     ] GC(1) O: Unregister NMethod: com.github.benmanes.caffeine.cache.Node.setWeight (0x00007ab287c15188) [0x00007ab287c15280, 0x00007ab287c15380] 
[3,823s][debug][gc,nmethod     ] GC(1) O: Unregister NMethod: jdk.internal.foreign.AbstractMemorySegmentImpl.isAlignedForElement (0x00007ab28789ca88) [0x00007ab28789cb80, 0x00007ab28789d540] 
[3,823s][debug][gc,nmethod     ] GC(1) O: Unregister NMethod: java.lang.invoke.Invokers$Holder.linkToTargetMethod (0x00007ab28752b508) [0x00007ab28752b600, 0x00007ab28752bae8] 
[3,823s][debug][gc,nmethod     ] GC(1) O: Unregister NMethod: java.nio.Buffer.position (0x00007ab287800208) [0x00007ab287800300, 0x00007ab287800540] 
[3,823s][debug][gc,nmethod     ] GC(1) O: Unregister NMethod: jdk.internal.misc.Unsafe.putLongUnaligned (0x00007ab2878c5808) [0x00007ab2878c5900, 0x00007ab2878c5d38] 
[3,823s][debug][gc,nmethod     ] GC(1) O: Unregister NMethod: java.util.concurrent.ConcurrentHashMap.compute (0x00007ab2879fac88) [0x00007ab2879fad80, 0x00007ab2879fe2b8] 
[3,823s][debug][gc,nmethod     ] GC(1) O: Unregister NMethod: java.util.concurrent.ConcurrentHashMap.addCount (0x00007ab2a6c32488) [0x00007ab2a6c32580, 0x00007ab2a6c33a60] 
[3,823s][debug][gc,nmethod     ] GC(1) O: Unregister NMethod: java.util.BitSet.flip (0x00007ab287529108) [0x00007ab287529200, 0x00007ab287529808] 
[3,823s][debug][gc,nmethod     ] GC(1) O: Unregister NMethod: java.util.jar.JarFile.maybeInstantiateVerifier (0x00007ab2874d5b08) [0x00007ab2874d5c00, 0x00007ab2874d60d0] 
[3,823s][debug][gc,nmethod     ] GC(1) O: Unregister NMethod: io.sirix.page.KeyValueLeafPage.alignOffset (0x00007ab287409988) [0x00007ab287409a80, 0x00007ab287409b68] 
[3,823s][debug][gc,nmethod     ] GC(1) O: Unregister NMethod: io.sirix.access.trx.node.AbstractNodeReadOnlyTrx.getStructuralNode (0x00007ab287a6b808) [0x00007ab287a6b900, 0x00007ab287a6c3b8] 
[3,823s][debug][gc,nmethod     ] GC(1) O: Unregister NMethod: java.lang.invoke.VarHandleGuards.guard_LI_L (0x00007ab287859388) [0x00007ab287859480, 0x00007ab28785c930] 
[3,823s][debug][gc,nmethod     ] GC(1) O: Unregister NMethod: java.nio.Buffer$2.newDirectByteBuffer (0x00007ab287f00d88) [0x00007ab287f00e80, 0x00007ab287f01030] 
[3,823s][debug][gc,nmethod     ] GC(1) O: Unregister NMethod: java.io.File.<init> (0x00007ab2876dc288) [0x00007ab2876dc380, 0x00007ab2876dd248] 
[3,823s][debug][gc,nmethod     ] GC(1) O: Unregister NMethod: net.openhft.hashing.Access.i64 (0x00007ab287bd9f08) [0x00007ab287bda000, 0x00007ab287bda300] 
[3,823s][debug][gc,nmethod     ] GC(1) O: Unregister NMethod: io.sirix.service.xml.shredder.XmlShredder.insertNewContent (0x00007ab28804a088) [0x00007ab28804a180, 0x00007ab288051a00] 
[3,823s][debug][gc,nmethod     ] GC(1) O: Unregister NMethod: jdk.internal.misc.Unsafe.putLongUnaligned (0x00007ab287853708) [0x00007ab287853800, 0x00007ab287853c38] 
[3,823s][debug][gc,nmethod     ] GC(1) O: Unregister NMethod: sun.nio.fs.UnixPath.resolve (0x00007ab2879fe308) [0x00007ab2879fe400, 0x00007ab2879ff0b8] 
[3,823s][debug][gc,nmethod     ] GC(1) O: Unregister NMethod: sun.nio.fs.UnixPath.normalizeAndCheck (0x00007ab2a6cdf288) [0x00007ab2a6cdf380, 0x00007ab2a6cdfad8] 
[3,823s][debug][gc,nmethod     ] GC(1) O: Unregister NMethod: java.lang.invoke.VarHandleGuards.guard_LJ_I (0x00007ab28740ee08) [0x00007ab28740ef00, 0x00007ab287411dc0] 
[3,823s][debug][gc,nmethod     ] GC(1) O: Unregister NMethod: java.lang.ref.Cleaner.register (0x00007ab287f97388) [0x00007ab287f97480, 0x00007ab287f97998] 
[3,823s][debug][gc,nmethod     ] GC(1) O: Unregister NMethod: jdk.internal.foreign.AbstractMemorySegmentImpl$$Lambda/0x000000006c1e9de8.apply (0x00007ab288186588) [0x00007ab288186680, 0x00007ab288186860] 
[3,823s][debug][gc,nmethod     ] GC(1) O: Unregister NMethod: com.sun.org.apache.xerces.internal.util.XMLStringBuffer.clear (0x00007ab28802a808) [0x00007ab28802a900, 0x00007ab28802aa10] 
[3,823s][debug][gc,nmethod     ] GC(1) O: Unregister NMethod: io.sirix.access.trx.page.NodeStorageEngineReader.pageKey (0x00007ab287606088) [0x00007ab287606180, 0x00007ab287606900] 
[3,823s][debug][gc,nmethod     ] GC(1) O: Unregister NMethod: java.nio.ByteBuffer.position (0x00007ab28781d708) [0x00007ab28781d800, 0x00007ab28781d948] 
[3,823s][debug][gc,nmethod     ] GC(1) O: Unregister NMethod: com.sun.org.apache.xerces.internal.util.XMLChar.isValid (0x00007ab287753c88) [0x00007ab287753d80, 0x00007ab287753f68] 
[3,823s][debug][gc,nmethod     ] GC(1) O: Unregister NMethod: java.nio.Buffer.session (0x00007ab287486188) [0x00007ab287486280, 0x00007ab287486688] 
[3,823s][debug][gc,nmethod     ] GC(1) O: Unregister NMethod: jdk.internal.misc.Unsafe.checkSize (0x00007ab287843d08) [0x00007ab287843e00, 0x00007ab287844060] 
[3,823s][debug][gc,nmethod     ] GC(1) O: Unregister NMethod: io.sirix.node.MemorySegmentBytesIn.readLong (0x00007ab287973908) [0x00007ab287973a00, 0x00007ab287977610] 
[3,823s][debug][gc,nmethod     ] GC(1) O: Unregister NMethod: java.util.ArrayList.getFirst (0x00007ab28748a588) [0x00007ab28748a680, 0x00007ab28748a980] 
[3,823s][debug][gc,nmethod     ] GC(1) O: Unregister NMethod: java.lang.String.<init> (0x00007ab2877fd388) [0x00007ab2877fd480, 0x00007ab2877fd7c0] 
[3,823s][debug][gc,nmethod     ] GC(1) O: Unregister NMethod: io.sirix.node.xml.AbstractStructForwardingNode.getFirstChildKey (0x00007ab287bc4908) [0x00007ab287bc4a00, 0x00007ab287bc4d30] 
[3,823s][debug][gc,nmethod     ] GC(1) O: Unregister NMethod: java.util.Arrays.fill (0x00007ab2a6c9f808) [0x00007ab2a6c9f900, 0x00007ab2a6c9fb28] 
[3,823s][debug][gc,nmethod     ] GC(1) O: Unregister NMethod: it.unimi.dsi.fastutil.longs.LongArrayList.grow (0x00007ab287e15a88) [0x00007ab287e15b80, 0x00007ab287e160e0] 
[3,824s][debug][gc,nmethod     ] GC(1) O: Unregister NMethod: java.lang.CharacterData.of (0x00007ab2874e7508) [0x00007ab2874e7600, 0x00007ab2874e7d40] 
[3,824s][debug][gc,nmethod     ] GC(1) O: Unregister NMethod: java.util.Arrays$ArrayItr.hasNext (0x00007ab287466308) [0x00007ab287466400, 0x00007ab287466590] 
[3,824s][debug][gc,nmethod     ] GC(1) O: Unregister NMethod: java.util.ArrayList$Itr.next (0x00007ab287a0da88) [0x00007ab287a0db80, 0x00007ab287a0e1c8] 
[3,824s][debug][gc,nmethod     ] GC(1) O: Unregister NMethod: jdk.internal.ref.CleanerImpl$CleanableList.insert (0x00007ab2874da288) [0x00007ab2874da380, 0x00007ab2874dae00] 
[3,824s][debug][gc,nmethod     ] GC(1) O: Unregister NMethod: jdk.internal.ref.CleanerFactory.cleaner (0x00007ab2874d9f88) [0x00007ab2874da080, 0x00007ab2874da168] 
[3,824s][debug][gc,nmethod     ] GC(1) O: Unregister NMethod: java.lang.invoke.LambdaForm$MH/0x000000006c241800.invoke (0x00007ab287a3ae08) [0x00007ab287a3af00, 0x00007ab287a3beb8] 
[3,824s][debug][gc,nmethod     ] GC(1) O: Unregister NMethod: sun.net.util.IPAddressUtil.checkHostString (0x00007ab2874d6a88) [0x00007ab2874d6b80, 0x00007ab2874d6d80] 
[3,824s][debug][gc,nmethod     ] GC(1) O: Unregister NMethod: net.openhft.hashing.XXH3$AsLongHashFunction.hash (0x00007ab287e6a788) [0x00007ab287e6a880, 0x00007ab287e6b0d0] 
[3,824s][debug][gc,nmethod     ] GC(1) O: Unregister NMethod: java.util.Vector$Itr.hasNext (0x00007ab287a5b208) [0x00007ab287a5b300, 0x00007ab287a5b490] 
[3,824s][debug][gc,nmethod     ] GC(1) O: Unregister NMethod: io.sirix.node.NullNode.<init> (0x00007ab288049a08) [0x00007ab288049b00, 0x00007ab28804a038] 
[3,824s][debug][gc,nmethod     ] GC(1) O: Unregister NMethod: jdk.internal.foreign.MemorySessionImpl.checkValidStateRaw (0x00007ab287878a08) [0x00007ab287878b00, 0x00007ab287878d30] 
[3,824s][debug][gc,nmethod     ] GC(1) O: Unregister NMethod: org.magicwerk.brownies.collections.GapList.doEnsureCapacity (0x00007ab2a6ceef08) [0x00007ab2a6cef000, 0x00007ab2a6cef108] 
[3,824s][debug][gc,nmethod     ] GC(1) O: Unregister NMethod: java.lang.runtime.ObjectMethods.hashCombiner (0x00007ab287a3ab08) [0x00007ab287a3ac00, 0x00007ab287a3acf0] 
[3,824s][debug][gc,nmethod     ] GC(1) O: Unregister NMethod: java.util.HashMap.computeIfAbsent (0x00007ab288015a08) [0x00007ab288015b00, 0x00007ab288018308] 
[3,824s][debug][gc,nmethod     ] GC(1) O: Unregister NMethod: java.lang.StringLatin1.trim (0x00007ab287e1f988) [0x00007ab287e1fa80, 0x00007ab287e1fdf8] 
[3,824s][debug][gc,nmethod     ] GC(1) O: Unregister NMethod: io.sirix.index.path.summary.PathSummaryReader.hasFirstChild (0x00007ab287ecc608) [0x00007ab287ecc700, 0x00007ab287ecce88] 
[3,824s][debug][gc,nmethod     ] GC(1) O: Unregister NMethod: org.magicwerk.brownies.collections.IList$Iter.next (0x00007ab28742ce88) [0x00007ab28742cf80, 0x00007ab28742d778] 
[3,824s][debug][gc,nmethod     ] GC(1) O: Unregister NMethod: com.sun.org.apache.xerces.internal.xni.XMLString.append (0x00007ab287f9c688) [0x00007ab287f9c780, 0x00007ab287f9cc58] 
[3,824s][debug][gc,nmethod     ] GC(1) O: Unregister NMethod: io.sirix.page.KeyValueLeafPage.processEntries (0x00007ab2881af208) [0x00007ab2881af300, 0x00007ab2881c37f8] 
[3,824s][debug][gc,nmethod     ] GC(1) O: Unregister NMethod: java.lang.Long.hashCode (0x00007ab287879388) [0x00007ab287879480, 0x00007ab2878795b8] 
[3,824s][debug][gc,nmethod     ] GC(1) O: Unregister NMethod: java.lang.StringBuilder.append (0x00007ab28748f908) [0x00007ab28748fa00, 0x00007ab28748fb48] 
[3,824s][debug][gc,nmethod     ] GC(1) O: Unregister NMethod: jdk.internal.foreign.Utils.isPowerOfTwo (0x00007ab287dbdf08) [0x00007ab287dbe000, 0x00007ab287dbe140] 
[3,824s][debug][gc,nmethod     ] GC(1) O: Unregister NMethod: java.util.HashSet.add (0x00007ab287432188) [0x00007ab287432280, 0x00007ab287432610] 
[3,824s][debug][gc,nmethod     ] GC(1) O: Unregister NMethod: jdk.internal.foreign.AbstractMemorySegmentImpl.checkArraySize (0x00007ab287df1788) [0x00007ab287df1880, 0x00007ab287df4640] 
[3,824s][debug][gc,nmethod     ] GC(1) O: Unregister NMethod: com.sun.org.apache.xerces.internal.impl.XMLEntityScanner.skipSpaces (0x00007ab2a6d52088) [0x00007ab2a6d52180, 0x00007ab2a6d52480] 
[3,824s][debug][gc,nmethod     ] GC(1) O: Unregister NMethod: io.sirix.page.PageUtils.fixupPageReferenceIds (0x00007ab2a6d11c08) [0x00007ab2a6d11d00, 0x00007ab2a6d13100] 
[3,824s][debug][gc,nmethod     ] GC(1) O: Unregister NMethod: io.sirix.page.delegates.BitmapReferencesPage.index (0x00007ab2a6d43388) [0x00007ab2a6d43480, 0x00007ab2a6d43a38] 
[3,824s][debug][gc,nmethod     ] GC(1) O: Unregister NMethod: com.sun.xml.internal.stream.events.StartElementEvent.getAttributes (0x00007ab287f18a08) [0x00007ab287f18b00, 0x00007ab287f193b0] 
[3,824s][debug][gc,nmethod     ] GC(1) O: Unregister NMethod: jdk.internal.misc.Unsafe.putLongUnaligned (0x00007ab287553088) [0x00007ab287553180, 0x00007ab287553388] 
[3,824s][debug][gc,nmethod     ] GC(1) O: Unregister NMethod: com.sun.org.apache.xerces.internal.impl.XMLEntityScanner.scanContent (0x00007ab287e0b208) [0x00007ab287e0b300, 0x00007ab287e0c2b8] 
[3,824s][debug][gc,nmethod     ] GC(1) O: Unregister NMethod: jdk.internal.misc.Unsafe.putShortUnaligned (0x00007ab287be1a08) [0x00007ab287be1b00, 0x00007ab287be1d30] 
[3,824s][debug][gc,nmethod     ] GC(1) O: Unregister NMethod: jdk.internal.foreign.layout.ValueLayouts$OfByteImpl.dup (0x00007ab288194688) [0x00007ab288194780, 0x00007ab288194930] 
[3,824s][debug][gc,nmethod     ] GC(1) O: Unregister NMethod: io.sirix.node.xml.ElementNode.getKind (0x00007ab2880c1a88) [0x00007ab2880c1b80, 0x00007ab2880c1ea0] 
[3,824s][debug][gc,nmethod     ] GC(1) O: Unregister NMethod: io.sirix.utils.XMLToken.isNCChar (0x00007ab2a6d3ed88) [0x00007ab2a6d3ee80, 0x00007ab2a6d3ef60] 
[3,824s][debug][gc,nmethod     ] GC(1) O: Unregister NMethod: io.sirix.service.xml.shredder.AbstractShredder.processEndTag (0x00007ab287f16b08) [0x00007ab287f16c00, 0x00007ab287f17d48] 
[3,824s][debug][gc,nmethod     ] GC(1) O: Unregister NMethod: jdk.internal.misc.Unsafe.getLongUnaligned (0x00007ab287450a88) [0x00007ab287450b80, 0x00007ab287450d60] 
[3,824s][debug][gc,nmethod     ] GC(1) O: Unregister NMethod: java.util.BitSet.and (0x00007ab28741dd88) [0x00007ab28741de80, 0x00007ab28741e2d0] 
[3,824s][debug][gc,nmethod     ] GC(1) O: Unregister NMethod: net.openhft.hashing.UnsafeAccess.getLong (0x00007ab287bda708) [0x00007ab287bda800, 0x00007ab287bdaca0] 
[3,824s][debug][gc,nmethod     ] GC(1) O: Unregister NMethod: sun.net.util.IPAddressUtil.scan (0x00007ab2874dae08) [0x00007ab2874daf00, 0x00007ab2874dc158] 
[3,824s][debug][gc,nmethod     ] GC(1) O: Unregister NMethod: java.io.BufferedInputStream.read1 (0x00007ab287612988) [0x00007ab287612a80, 0x00007ab287613350] 
[3,824s][debug][gc,nmethod     ] GC(1) O: Unregister NMethod: java.util.ArrayList$Itr.next (0x00007ab28756fc08) [0x00007ab28756fd00, 0x00007ab2875702f0] 
[3,824s][debug][gc,nmethod     ] GC(1) O: Unregister NMethod: jdk.internal.misc.Unsafe.weakCompareAndSetLongRelease (0x00007ab287a99b88) [0x00007ab287a99c80, 0x00007ab287a99da0] 
[3,824s][debug][gc,nmethod     ] GC(1) O: Unregister NMethod: io.sirix.access.trx.node.xml.XmlNodeReadOnlyTrxImpl.getNode (0x00007ab287d7aa08) [0x00007ab287d7ab00, 0x00007ab287d7d310] 
[3,824s][debug][gc,nmethod     ] GC(1) O: Unregister NMethod: io.sirix.access.trx.node.AbstractNodeReadOnlyTrx.assertNotClosed (0x00007ab287479588) [0x00007ab287479680, 0x00007ab287479888] 
[3,824s][debug][gc,nmethod     ] GC(1) O: Unregister NMethod: jdk.internal.classfile.impl.StackMapGenerator$Frame.checkStack (0x00007ab2874f7b08) [0x00007ab2874f7c00, 0x00007ab2874f8848] 
[3,824s][debug][gc,nmethod     ] GC(1) O: Unregister NMethod: java.util.concurrent.ForkJoinPool.deactivate (0x00007ab287c9ca08) [0x00007ab287c9cb00, 0x00007ab287c9d5a8] 
[3,824s][debug][gc,nmethod     ] GC(1) O: Unregister NMethod: java.util.concurrent.ConcurrentHashMap.addCount (0x00007ab28788be08) [0x00007ab28788bf00, 0x00007ab28788cc58] 
[3,824s][debug][gc,nmethod     ] GC(1) O: Unregister NMethod: kotlinx.coroutines.DebugKt.getASSERTIONS_ENABLED (0x00007ab287b18788) [0x00007ab287b18880, 0x00007ab287b18968] 
[3,824s][debug][gc,nmethod     ] GC(1) O: Unregister NMethod: jdk.internal.foreign.Utils$BaseAndScale.of (0x00007ab287419788) [0x00007ab287419880, 0x00007ab28741ae98] 
[3,824s][debug][gc,nmethod     ] GC(1) O: Unregister NMethod: jdk.internal.foreign.layout.ValueLayouts$OfByteImpl.dup (0x00007ab288194988) [0x00007ab288194a80, 0x00007ab288194d78] 
[3,824s][debug][gc,nmethod     ] GC(1) O: Unregister NMethod: jdk.internal.misc.Unsafe.checkOffset (0x00007ab287889588) [0x00007ab287889680, 0x00007ab2878898e0] 
[3,824s][debug][gc,nmethod     ] GC(1) O: Unregister NMethod: java.lang.StrictMath.ceil (0x00007ab2875f7988) [0x00007ab2875f7aa0, 0x00007ab2875f7bc8] 
[3,824s][debug][gc,nmethod     ] GC(1) O: Unregister NMethod: io.sirix.node.GrowingMemorySegment.grow (0x00007ab2880dd408) [0x00007ab2880dd500, 0x00007ab2880ee348] 
[3,824s][debug][gc,nmethod     ] GC(1) O: Unregister NMethod: java.nio.channels.spi.AbstractInterruptibleChannel.begin (0x00007ab287a3d108) [0x00007ab287a3d200, 0x00007ab287a3de18] 
[3,824s][debug][gc,nmethod     ] GC(1) O: Unregister NMethod: java.lang.String.checkBoundsBeginEnd (0x00007ab287420b08) [0x00007ab287420c00, 0x00007ab287420e18] 
[3,824s][debug][gc,nmethod     ] GC(1) O: Unregister NMethod: io.sirix.access.trx.page.NodeStorageEngineReader.getRecord (0x00007ab287a5d908) [0x00007ab287a5da00, 0x00007ab287a5f420] 
[3,824s][debug][gc,nmethod     ] GC(1) O: Unregister NMethod: io.sirix.cache.IndexLogKey.hashCode (0x00007ab287d60e08) [0x00007ab287d60f00, 0x00007ab287d612a8] 
[3,824s][debug][gc,nmethod     ] GC(1) O: Unregister NMethod: jdk.internal.misc.ScopedMemoryAccess.getByte (0x00007ab2874c1288) [0x00007ab2874c1380, 0x00007ab2874c1698] 
[3,824s][debug][gc,nmethod     ] GC(1) O: Unregister NMethod: io.sirix.node.xml.TextNode.hasLeftSibling (0x00007ab287e98308) [0x00007ab287e98400, 0x00007ab287e9d838] 
[3,824s][debug][gc,nmethod     ] GC(1) O: Unregister NMethod: com.sun.org.apache.xerces.internal.impl.XMLDocumentFragmentScannerImpl$ElementStack.nextElement (0x00007ab287f06008) [0x00007ab287f06100, 0x00007ab287f06b10] 
[3,824s][debug][gc,nmethod     ] GC(1) O: Unregister NMethod: io.sirix.access.trx.node.xml.XmlNodeReadOnlyTrxImpl.getNode (0x00007ab287d7a608) [0x00007ab287d7a700, 0x00007ab287d7a9f8] 
[3,824s][debug][gc,nmethod     ] GC(1) O: Unregister NMethod: jdk.internal.foreign.AbstractMemorySegmentImpl$$Lambda/0x000000006c1eb150.apply (0x00007ab288187408) [0x00007ab288187500, 0x00007ab288187898] 
[3,824s][debug][gc,nmethod     ] GC(1) O: Unregister NMethod: io.sirix.cache.IndexLogKey.<init> (0x00007ab287a1e308) [0x00007ab287a1e400, 0x00007ab287a1e5e0] 
[3,825s][debug][gc,nmethod     ] GC(1) O: Unregister NMethod: jdk.internal.foreign.HeapMemorySegmentImpl$OfByte.maxAlignMask (0x00007ab288188f08) [0x00007ab288189000, 0x00007ab288189108] 
[3,825s][debug][gc,nmethod     ] GC(1) O: Unregister NMethod: io.sirix.node.xml.AttributeNode.getParentKey (0x00007ab287e52588) [0x00007ab287e52680, 0x00007ab287e57668] 
[3,825s][debug][gc,nmethod     ] GC(1) O: Unregister NMethod: io.sirix.node.GrowingMemorySegment.writeByte (0x00007ab287809a08) [0x00007ab287809b00, 0x00007ab28780d730] 
[3,825s][debug][gc,nmethod     ] GC(1) O: Unregister NMethod: java.util.WeakHashMap.hash (0x00007ab287489908) [0x00007ab287489a00, 0x00007ab287489d28] 
[3,825s][debug][gc,nmethod     ] GC(1) O: Unregister NMethod: io.sirix.page.delegates.BitmapReferencesPage.getOrCreateReference (0x00007ab287712e88) [0x00007ab287712f80, 0x00007ab287713638] 
[3,825s][debug][gc,nmethod     ] GC(1) O: Unregister NMethod: io.sirix.access.trx.page.NodeStorageEngineReader.getValue (0x00007ab287473808) [0x00007ab287473900, 0x00007ab287475460] 
[3,825s][debug][gc,nmethod     ] GC(1) O: Unregister NMethod: com.sun.org.apache.xerces.internal.impl.XMLDocumentFragmentScannerImpl.scanEndElement (0x00007ab28803c708) [0x00007ab28803c800, 0x00007ab28803df28] 
[3,825s][debug][gc,nmethod     ] GC(1) O: Unregister NMethod: io.sirix.page.RevisionRootPage.incrementAndGetMaxNodeKeyInDocumentIndex (0x00007ab287e2b588) [0x00007ab287e2b680, 0x00007ab287e2b790] 
[3,825s][debug][gc,nmethod     ] GC(1) O: Unregister NMethod: com.sun.org.apache.xerces.internal.impl.XMLEntityScanner.scanContent (0x00007ab2a6d39208) [0x00007ab2a6d39320, 0x00007ab2a6d3a248] 
[3,825s][debug][gc,nmethod     ] GC(1) O: Unregister NMethod: java.util.HashMap.computeIfAbsent (0x00007ab28752f608) [0x00007ab28752f700, 0x00007ab287531f08] 
[3,825s][debug][gc,nmethod     ] GC(1) O: Unregister NMethod: io.sirix.node.xml.ElementNode.getAttributeCount (0x00007ab287fa5208) [0x00007ab287fa5300, 0x00007ab287fa5490] 
[3,825s][debug][gc,nmethod     ] GC(1) O: Unregister NMethod: io.sirix.node.xml.TextNode.getRightSiblingKey (0x00007ab287b93008) [0x00007ab287b93100, 0x00007ab287b980f0] 
[3,825s][debug][gc,nmethod     ] GC(1) O: Unregister NMethod: java.util.BitSet.checkRange (0x00007ab287468188) [0x00007ab287468280, 0x00007ab28746ac08] 
[3,825s][debug][gc,nmethod     ] GC(1) O: Unregister NMethod: jdk.internal.classfile.impl.SplitConstantPool.utf8Entry (0x00007ab2874e8b08) [0x00007ab2874e8c00, 0x00007ab2874e8ef8] 
[3,825s][debug][gc,nmethod     ] GC(1) O: Unregister NMethod: io.sirix.node.immutable.xml.ImmutableElement.getKind (0x00007ab287ecc188) [0x00007ab287ecc280, 0x00007ab287ecc5d8] 
[3,825s][debug][gc,nmethod     ] GC(1) O: Unregister NMethod: java.lang.String.trim (0x00007ab287e1f388) [0x00007ab287e1f480, 0x00007ab287e1f958] 
[3,825s][debug][gc,nmethod     ] GC(1) O: Unregister NMethod: java.lang.ClassLoader.checkName (0x00007ab287480788) [0x00007ab287480880, 0x00007ab2874815c8] 
[3,825s][debug][gc,nmethod     ] GC(1) O: Unregister NMethod: com.sun.org.apache.xerces.internal.impl.XMLEntityScanner.skipSpaces (0x00007ab28805d988) [0x00007ab28805da80, 0x00007ab28805ed10] 
[3,825s][debug][gc,nmethod     ] GC(1) O: Unregister NMethod: jdk.internal.foreign.AbstractMemorySegmentImpl.asByteBuffer (0x00007ab287efb808) [0x00007ab287efb900, 0x00007ab287efbe88] 
[3,825s][debug][gc,nmethod     ] GC(1) O: Unregister NMethod: java.util.ArrayList.iterator (0x00007ab2875a4408) [0x00007ab2875a4500, 0x00007ab2875a4800] 
[3,825s][debug][gc,nmethod     ] GC(1) O: Unregister NMethod: com.github.benmanes.caffeine.cache.FrequencySketch.incrementAt (0x00007ab287a58408) [0x00007ab287a58500, 0x00007ab287a586e8] 
[3,825s][debug][gc,nmethod     ] GC(1) O: Unregister NMethod: sun.nio.fs.UnixPath.normalizeAndCheck (0x00007ab287533808) [0x00007ab287533900, 0x00007ab287534bf8] 
[3,825s][debug][gc,nmethod     ] GC(1) O: Unregister NMethod: jdk.internal.foreign.ArenaImpl.allocate (0x00007ab287aa5b88) [0x00007ab287aa5c80, 0x00007ab287aa5f78] 
[3,825s][debug][gc,nmethod     ] GC(1) O: Unregister NMethod: kotlinx.coroutines.channels.BufferedChannelKt.access$getNO_CLOSE_CAUSE$p (0x00007ab287c51788) [0x00007ab287c51880, 0x00007ab287c51968] 
[3,825s][debug][gc,nmethod     ] GC(1) O: Unregister NMethod: io.sirix.node.GrowingMemorySegment.ensureCapacity (0x00007ab287893b88) [0x00007ab287893c80, 0x00007ab287893de0] 
[3,825s][debug][gc,nmethod     ] GC(1) O: Unregister NMethod: io.sirix.index.path.summary.PathSummaryReader.getLevel (0x00007ab287ed4788) [0x00007ab287ed4880, 0x00007ab287ed5f90] 
[3,825s][debug][gc,nmethod     ] GC(1) O: Unregister NMethod: java.lang.invoke.VarHandleGuards.guard_LI_I (0x00007ab28757e208) [0x00007ab28757e300, 0x00007ab2875811d8] 
[3,825s][debug][gc,nmethod     ] GC(1) O: Unregister NMethod: com.github.benmanes.caffeine.cache.StripedBuffer.mix64 (0x00007ab287c17808) [0x00007ab287c17900, 0x00007ab287c17a30] 
[3,825s][debug][gc,nmethod     ] GC(1) O: Unregister NMethod: java.util.concurrent.atomic.AtomicInteger.incrementAndGet (0x00007ab287437288) [0x00007ab287437380, 0x00007ab287437490] 
[3,825s][debug][gc,nmethod     ] GC(1) O: Unregister NMethod: java.util.BitSet.recalculateWordsInUse (0x00007ab287480408) [0x00007ab287480500, 0x00007ab287480740] 
[3,825s][debug][gc,nmethod     ] GC(1) O: Unregister NMethod: jdk.internal.foreign.NativeMemorySegmentImpl.makeByteBuffer (0x00007ab287f00a88) [0x00007ab287f00b80, 0x00007ab287f00cf0] 
[3,825s][debug][gc,nmethod     ] GC(1) O: Unregister NMethod: java.lang.Long.hashCode (0x00007ab28751e008) [0x00007ab28751e100, 0x00007ab28751e1f0] 
[3,825s][debug][gc,nmethod     ] GC(1) O: Unregister NMethod: io.sirix.access.trx.page.NodeStorageEngineWriter.getRecord (0x00007ab287d31488) [0x00007ab287d31580, 0x00007ab287d33520] 
[3,825s][debug][gc,nmethod     ] GC(1) O: Unregister NMethod: java.util.BitSet.cardinality (0x00007ab287471788) [0x00007ab287471880, 0x00007ab287471ae0] 
[3,825s][debug][gc,nmethod     ] GC(1) O: Unregister NMethod: io.sirix.node.GrowingMemorySegment.writeLong (0x00007ab2876c7688) [0x00007ab2876c7780, 0x00007ab2876cb5c0] 
[3,825s][debug][gc,nmethod     ] GC(1) O: Unregister NMethod: sun.misc.Unsafe.isMemoryAccessWarned (0x00007ab287478f88) [0x00007ab287479080, 0x00007ab287479180] 
[3,825s][debug][gc,nmethod     ] GC(1) O: Unregister NMethod: jdk.internal.foreign.HeapMemorySegmentImpl$OfByte.unsafeGetBase (0x00007ab288195208) [0x00007ab288195300, 0x00007ab288195990] 
[3,825s][debug][gc,nmethod     ] GC(1) O: Unregister NMethod: io.sirix.access.trx.node.AbstractNodeTrxImpl.getCurrentNode (0x00007ab287de9608) [0x00007ab287de9700, 0x00007ab287de9a70] 
[3,825s][debug][gc,nmethod     ] GC(1) O: Unregister NMethod: com.sun.org.apache.xerces.internal.impl.XMLEntityScanner.peekChar (0x00007ab287e06808) [0x00007ab287e06900, 0x00007ab287e06db8] 
[3,825s][debug][gc,nmethod     ] GC(1) O: Unregister NMethod: java.util.concurrent.ForkJoinPool.slotOffset (0x00007ab2878cd808) [0x00007ab2878cd900, 0x00007ab2878cd9f8] 
[3,825s][debug][gc,nmethod     ] GC(1) O: Unregister NMethod: com.sun.org.apache.xerces.internal.impl.XMLStreamReaderImpl$1.<init> (0x00007ab287e14308) [0x00007ab287e14400, 0x00007ab287e15a70] 
[3,825s][debug][gc,nmethod     ] GC(1) O: Unregister NMethod: com.google.common.collect.testing.Helpers.addAll (0x00007ab287d11d08) [0x00007ab287d11e00, 0x00007ab287d127b8] 
[3,825s][debug][gc,nmethod     ] GC(1) O: Unregister NMethod: java.lang.Thread.onSpinWait (0x00007ab287871488) [0x00007ab287871580, 0x00007ab287871660] 
[3,825s][debug][gc,nmethod     ] GC(1) O: Unregister NMethod: io.sirix.access.trx.page.NodeStorageEngineWriter$IndexLogKeyToPageContainer.<init> (0x00007ab287f55688) [0x00007ab287f55780, 0x00007ab287f55a30] 
[3,825s][debug][gc,nmethod     ] GC(1) O: Unregister NMethod: it.unimi.dsi.fastutil.ints.Int2LongOpenHashMap.find (0x00007ab287a29508) [0x00007ab287a29600, 0x00007ab287a29a68] 
[3,825s][debug][gc,nmethod     ] GC(1) O: Unregister NMethod: java.nio.ByteBuffer.flip (0x00007ab287816b88) [0x00007ab287816c80, 0x00007ab287816df8] 
[3,825s][debug][gc,nmethod     ] GC(1) O: Unregister NMethod: io.sirix.access.trx.node.AbstractDeweyIDManager.newFirstChildID (0x00007ab287f27e08) [0x00007ab287f27f00, 0x00007ab287f2ada8] 
[3,825s][debug][gc,nmethod     ] GC(1) O: Unregister NMethod: io.sirix.axis.AbstractAxis.<init> (0x00007ab287bdb308) [0x00007ab287bdb400, 0x00007ab287bdbe50] 
[3,825s][debug][gc,nmethod     ] GC(1) O: Unregister NMethod: jdk.xml.internal.XMLSecurityManager.isOverLimit (0x00007ab287e0cc08) [0x00007ab287e0cd00, 0x00007ab287e0e2e0] 
[3,825s][debug][gc,nmethod     ] GC(1) O: Unregister NMethod: io.sirix.access.trx.node.xml.XmlNodeFactoryImpl.createTextNode (0x00007ab287f25c88) [0x00007ab287f25d80, 0x00007ab287f27dc8] 
[3,825s][debug][gc,nmethod     ] GC(1) O: Unregister NMethod: com.sun.org.apache.xerces.internal.util.NamespaceSupport.getAllPrefixes (0x00007ab287f07088) [0x00007ab287f07180, 0x00007ab287f07ce8] 
[3,825s][debug][gc,nmethod     ] GC(1) O: Unregister NMethod: jdk.internal.foreign.MemorySessionImpl$ResourceList.cleanup (0x00007ab2881e1e88) [0x00007ab2881e1f80, 0x00007ab2881e26b0] 
[3,825s][debug][gc,nmethod     ] GC(1) O: Unregister NMethod: sun.nio.ch.NativeThreadSet.remove (0x00007ab287a05708) [0x00007ab287a05800, 0x00007ab287a05ea8] 
[3,825s][debug][gc,nmethod     ] GC(1) O: Unregister NMethod: kotlin.Result.constructor-impl (0x00007ab287c42c08) [0x00007ab287c42d00, 0x00007ab287c42de0] 
[3,825s][debug][gc,nmethod     ] GC(1) O: Unregister NMethod: io.sirix.service.xml.shredder.XmlShredder.insertNewContent (0x00007ab2a6e22f88) [0x00007ab2a6e23080, 0x00007ab2a6e33f40] 
[3,825s][debug][gc,nmethod     ] GC(1) O: Unregister NMethod: sun.security.provider.DigestBase.engineUpdate (0x00007ab2881adf08) [0x00007ab2881ae000, 0x00007ab2881af1e0] 
[3,825s][debug][gc,nmethod     ] GC(1) O: Unregister NMethod: java.io.UnixFileSystem.normalize (0x00007ab28751f608) [0x00007ab28751f700, 0x00007ab287520cf8] 
[3,825s][debug][gc,nmethod     ] GC(1) O: Unregister NMethod: io.sirix.node.xml.ElementNode.<init> (0x00007ab287ef4508) [0x00007ab287ef4600, 0x00007ab287ef5610] 
[3,825s][debug][gc,nmethod     ] GC(1) O: Unregister NMethod: io.sirix.service.xml.shredder.AbstractShredder.processStartTag (0x00007ab2a6db3188) [0x00007ab2a6db3400, 0x00007ab2a6db7800] 
[3,825s][debug][gc,nmethod     ] GC(1) O: Unregister NMethod: io.sirix.node.xml.ElementNode.setHash (0x00007ab287de9a88) [0x00007ab287de9b80, 0x00007ab287ded508] 
[3,825s][debug][gc,nmethod     ] GC(1) O: Unregister NMethod: io.sirix.node.AbstractForwardingNode.getParentKey (0x00007ab287e1ef08) [0x00007ab287e1f000, 0x00007ab287e1f330] 
[3,825s][debug][gc,nmethod     ] GC(1) O: Unregister NMethod: java.lang.invoke.MethodTypeForm.canonicalize (0x00007ab28744c088) [0x00007ab28744c180, 0x00007ab28744cdd8] 
[3,825s][debug][gc,nmethod     ] GC(1) O: Unregister NMethod: io.sirix.page.delegates.BitmapReferencesPage.index (0x00007ab2a6dffd88) [0x00007ab2a6dffe80, 0x00007ab2a6e00468] 
[3,825s][debug][gc,nmethod     ] GC(1) O: Unregister NMethod: java.lang.foreign.MemorySegment.copy (0x00007ab288189608) [0x00007ab288189700, 0x00007ab288193a20] 
[3,825s][debug][gc,nmethod     ] GC(1) O: Unregister NMethod: java.util.concurrent.ForkJoinTask.setNoUserHelp (0x00007ab287c38a08) [0x00007ab287c38b00, 0x00007ab287c38c10] 
[3,825s][debug][gc,nmethod     ] GC(1) O: Unregister NMethod: java.net.URLStreamHandler.parseURL (0x00007ab2876e0f88) [0x00007ab2876e1080, 0x00007ab2876fff98] 
[3,825s][debug][gc,nmethod     ] GC(1) O: Unregister NMethod: java.util.concurrent.ForkJoinTask.noUserHelp (0x00007ab287a44188) [0x00007ab287a44280, 0x00007ab287a44390] 
[3,825s][debug][gc,nmethod     ] GC(1) O: Unregister NMethod: java.util.concurrent.atomic.AtomicLong.addAndGet (0x00007ab287466608) [0x00007ab287466700, 0x00007ab287466810] 
[3,825s][debug][gc,nmethod     ] GC(1) O: Unregister NMethod: io.sirix.service.xml.shredder.XmlShredder.insertNewContent (0x00007ab2a6e0f288) [0x00007ab2a6e0f380, 0x00007ab2a6e1b1f0] 
[3,826s][debug][gc,nmethod     ] GC(1) O: Unregister NMethod: java.lang.ThreadLocal$ThreadLocalMap.getEntry (0x00007ab28753d208) [0x00007ab28753d300, 0x00007ab28753da00] 
[3,826s][debug][gc,nmethod     ] GC(1) O: Unregister NMethod: java.util.LinkedHashMap.newNode (0x00007ab287525b88) [0x00007ab287525c80, 0x00007ab287525e68] 
[3,826s][debug][gc,nmethod     ] GC(1) O: Unregister NMethod: com.sun.org.apache.xerces.internal.impl.XMLDocumentFragmentScannerImpl$ElementStack.popElement (0x00007ab287ef5688) [0x00007ab287ef5780, 0x00007ab287ef5ad0] 
[3,826s][debug][gc,nmethod     ] GC(1) O: Unregister NMethod: java.net.URLStreamHandler.setURL (0x00007ab2875bb588) [0x00007ab2875bb680, 0x00007ab2875bd2b8] 
[3,826s][debug][gc,nmethod     ] GC(1) O: Unregister NMethod: java.util.concurrent.ConcurrentHashMap.put (0x00007ab28756cc88) [0x00007ab28756cd80, 0x00007ab28756d080] 
[3,826s][debug][gc,nmethod     ] GC(1) O: Unregister NMethod: com.sun.org.apache.xerces.internal.impl.XMLEntityScanner.scanQName (0x00007ab2a6d53288) [0x00007ab2a6d53380, 0x00007ab2a6d545d0] 
[3,826s][debug][gc,nmethod     ] GC(1) O: Unregister NMethod: java.lang.invoke.SegmentVarHandle.offset (0x00007ab28787cf08) [0x00007ab28787d000, 0x00007ab28787d118] 
[3,826s][debug][gc,nmethod     ] GC(1) O: Unregister NMethod: io.sirix.index.path.summary.PathSummaryWriter.getPathNodeKey (0x00007ab287eccf08) [0x00007ab287ecd000, 0x00007ab287ed0e28] 
[3,826s][debug][gc,nmethod     ] GC(1) O: Unregister NMethod: jdk.internal.foreign.layout.ValueLayouts$AbstractValueLayout.varHandle (0x00007ab28787d208) [0x00007ab28787d300, 0x00007ab28787dcb8] 
[3,826s][debug][gc,nmethod     ] GC(1) O: Unregister NMethod: java.lang.Math.clamp (0x00007ab287596d08) [0x00007ab287596e00, 0x00007ab287597ec8] 
[3,826s][debug][gc,nmethod     ] GC(1) O: Unregister NMethod: jdk.internal.foreign.SegmentFactories.allocateNativeSegment (0x00007ab287aa6888) [0x00007ab287aa6980, 0x00007ab287aa6f40] 
[3,826s][debug][gc,nmethod     ] GC(1) O: Unregister NMethod: com.sun.org.apache.xerces.internal.impl.XMLEntityScanner.normalizeNewlines (0x00007ab287e50508) [0x00007ab287e50600, 0x00007ab287e51920] 
[3,826s][debug][gc,nmethod     ] GC(1) O: Unregister NMethod: jdk.internal.misc.Unsafe.weakCompareAndSetInt (0x00007ab287404388) [0x00007ab287404480, 0x00007ab287404598] 
[3,826s][debug][gc,nmethod     ] GC(1) O: Unregister NMethod: jdk.internal.ref.PhantomCleanable.<init> (0x00007ab2a6cf1408) [0x00007ab2a6cf1500, 0x00007ab2a6cf1cd8] 
[3,826s][debug][gc,nmethod     ] GC(1) O: Unregister NMethod: net.jpountz.util.SafeUtils.readIntLE (0x00007ab287528e08) [0x00007ab287528f00, 0x00007ab2875290a0] 
[3,826s][debug][gc,nmethod     ] GC(1) O: Unregister NMethod: com.sun.org.apache.xerces.internal.impl.XMLEntityScanner.skipString (0x00007ab287f15588) [0x00007ab287f15680, 0x00007ab287f167a0] 
[3,826s][debug][gc,nmethod     ] GC(1) O: Unregister NMethod: java.lang.Math.max (0x00007ab287508708) [0x00007ab287508800, 0x00007ab287508928] 
[3,826s][debug][gc,nmethod     ] GC(1) O: Unregister NMethod: java.nio.MappedByteBuffer.<init> (0x00007ab287a42c08) [0x00007ab287a42d00, 0x00007ab287a42ed0] 
[3,826s][debug][gc,nmethod     ] GC(1) O: Unregister NMethod: com.sun.org.apache.xerces.internal.impl.XMLDocumentFragmentScannerImpl.seekCloseOfStartTag (0x00007ab28805f988) [0x00007ab28805fa80, 0x00007ab288061000] 
[3,826s][debug][gc,nmethod     ] GC(1) O: Unregister NMethod: io.sirix.utils.XMLToken.cp (0x00007ab287df5b88) [0x00007ab287df5c80, 0x00007ab287df60b8] 
[3,826s][debug][gc,nmethod     ] GC(1) O: Unregister NMethod: com.sun.xml.internal.stream.events.DummyEvent.asEndElement (0x00007ab287f14c88) [0x00007ab287f14d80, 0x00007ab287f150a0] 
[3,826s][debug][gc,nmethod     ] GC(1) O: Unregister NMethod: java.util.Objects.checkIndex (0x00007ab287479288) [0x00007ab287479380, 0x00007ab2874794b0] 
[3,826s][debug][gc,nmethod     ] GC(1) O: Unregister NMethod: io.sirix.node.xml.ElementNode.getChildCount (0x00007ab287e1a488) [0x00007ab287e1a580, 0x00007ab287e1df88] 
[3,826s][debug][gc,nmethod     ] GC(1) O: Unregister NMethod: java.lang.StringBuilder.setLength (0x00007ab287e75388) [0x00007ab287e75480, 0x00007ab287e755b0] 
[3,826s][debug][gc,nmethod     ] GC(1) O: Unregister NMethod: sun.nio.ch.IOUtil.readIntoNativeBuffer (0x00007ab287a1b608) [0x00007ab287a1b700, 0x00007ab287a1dd88] 
[3,826s][debug][gc,nmethod     ] GC(1) O: Unregister NMethod: sun.nio.fs.UnixPath.getByteArrayForSysCalls (0x00007ab287481e08) [0x00007ab287481f00, 0x00007ab2874826f8] 
[3,826s][debug][gc,nmethod     ] GC(1) O: Unregister NMethod: io.sirix.page.AbstractForwardingPage.getOrCreateReference (0x00007ab28743ce88) [0x00007ab28743cf80, 0x00007ab28743d490] 
[3,826s][debug][gc,nmethod     ] GC(1) O: Unregister NMethod: it.unimi.dsi.fastutil.ints.Int2LongOpenHashMap.get (0x00007ab287e0e608) [0x00007ab287e0e700, 0x00007ab287e0ec50] 
[3,826s][debug][gc,nmethod     ] GC(1) O: Unregister NMethod: io.sirix.index.path.summary.PathSummaryReader.putMapping (0x00007ab287e88008) [0x00007ab287e88100, 0x00007ab287e88b38] 
[3,826s][debug][gc,nmethod     ] GC(1) O: Unregister NMethod: io.sirix.access.trx.node.AbstractNodeReadOnlyTrx.setCurrentNode (0x00007ab287a5f988) [0x00007ab287a5fa80, 0x00007ab287a5ff10] 
[3,826s][debug][gc,nmethod     ] GC(1) O: Unregister NMethod: io.sirix.access.trx.node.AbstractNodeHashing.rollingAdd (0x00007ab287e61a08) [0x00007ab287e61b00, 0x00007ab287e66e50] 
[3,826s][debug][gc,nmethod     ] GC(1) O: Unregister NMethod: jdk.internal.access.SharedSecrets.getJavaLangAccess (0x00007ab28760ec08) [0x00007ab28760ed00, 0x00007ab28760ee28] 
[3,826s][debug][gc,nmethod     ] GC(1) O: Unregister NMethod: io.sirix.index.name.Names.setName (0x00007ab287e84608) [0x00007ab287e84700, 0x00007ab287e869a8] 
[3,826s][debug][gc,nmethod     ] GC(1) O: Unregister NMethod: jdk.internal.foreign.Utils.checkNonNegativeIndex (0x00007ab28745fd88) [0x00007ab28745fe80, 0x00007ab287461048] 
[3,826s][debug][gc,nmethod     ] GC(1) O: Unregister NMethod: java.nio.MappedByteBuffer.rewind (0x00007ab287b2b688) [0x00007ab287b2b780, 0x00007ab287b2bb68] 
[3,826s][debug][gc,nmethod     ] GC(1) O: Unregister NMethod: io.sirix.access.trx.node.AbstractNodeTrxImpl.checkAccessAndCommit (0x00007ab287e68388) [0x00007ab287e68480, 0x00007ab287e68fd8] 
[3,826s][debug][gc,nmethod     ] GC(1) O: Unregister NMethod: io.sirix.node.xml.TextNode.getRawValue (0x00007ab287f17d88) [0x00007ab287f17e80, 0x00007ab287f18198] 
[3,826s][debug][gc,nmethod     ] GC(1) O: Unregister NMethod: java.util.concurrent.ForkJoinPool.deactivate (0x00007ab287bc4d88) [0x00007ab287bc4e80, 0x00007ab287bc5928] 
[3,826s][debug][gc,nmethod     ] GC(1) O: Unregister NMethod: io.sirix.page.KeyValueLeafPage.updateLastSlotIndex (0x00007ab287bd8c08) [0x00007ab287bd8d00, 0x00007ab287bd9080] 
[3,826s][debug][gc,nmethod     ] GC(1) O: Unregister NMethod: sun.nio.fs.UnixPath.resolve (0x00007ab287a0b308) [0x00007ab287a0b400, 0x00007ab287a0b9c8] 
[3,826s][debug][gc,nmethod     ] GC(1) O: Unregister NMethod: io.sirix.index.path.summary.PathNode.getLocalNameKey (0x00007ab287e2b288) [0x00007ab287e2b380, 0x00007ab287e2b4e0] 
[3,826s][debug][gc,nmethod     ] GC(1) O: Unregister NMethod: java.lang.Math.multiplyHigh (0x00007ab287ddb888) [0x00007ab287ddb980, 0x00007ab287ddbad8] 
[3,826s][debug][gc,nmethod     ] GC(1) O: Unregister NMethod: java.lang.Class.getPackageName (0x00007ab28748d288) [0x00007ab28748d380, 0x00007ab28748f588] 
[3,826s][debug][gc,nmethod     ] GC(1) O: Unregister NMethod: io.sirix.node.NodeKind$4.serialize (0x00007ab288127e08) [0x00007ab288127f00, 0x00007ab288142678] 
[3,826s][debug][gc,nmethod     ] GC(1) O: Unregister NMethod: com.sun.org.apache.xerces.internal.impl.XMLDocumentFragmentScannerImpl$FragmentContentDriver.next (0x00007ab2a6da3b08) [0x00007ab2a6da3c00, 0x00007ab2a6da5898] 
[3,826s][debug][gc,nmethod     ] GC(1) O: Unregister NMethod: java.util.ArrayList.grow (0x00007ab2875a3a88) [0x00007ab2875a3b80, 0x00007ab2875a43d0] 
[3,826s][debug][gc,nmethod     ] GC(1) O: Unregister NMethod: io.sirix.node.GrowingMemorySegment.write (0x00007ab287951008) [0x00007ab287951100, 0x00007ab287956cc8] 
[3,826s][debug][gc,nmethod     ] GC(1) O: Unregister NMethod: java.lang.Integer.numberOfLeadingZeros (0x00007ab2874e8088) [0x00007ab2874e8180, 0x00007ab2874e8400] 
[3,826s][debug][gc,nmethod     ] GC(1) O: Unregister NMethod: java.lang.invoke.MethodHandleImpl.profileBoolean (0x00007ab287a3bf08) [0x00007ab287a3c000, 0x00007ab287a3c3c8] 
[3,826s][debug][gc,nmethod     ] GC(1) O: Unregister NMethod: sun.net.www.protocol.file.Handler.parseURL (0x00007ab2876d5208) [0x00007ab2876d5300, 0x00007ab2876d5670] 
[3,826s][debug][gc,nmethod     ] GC(1) O: Unregister NMethod: io.sirix.node.xml.ElementNode.getPrefixKey (0x00007ab287ed7108) [0x00007ab287ed7200, 0x00007ab287edc1f0] 
[3,826s][debug][gc,nmethod     ] GC(1) O: Unregister NMethod: io.sirix.utils.XMLToken.isNCStartChar (0x00007ab28808c508) [0x00007ab28808c600, 0x00007ab28808cc70] 
[3,826s][debug][gc,nmethod     ] GC(1) O: Unregister NMethod: java.util.BitSet.flip (0x00007ab2a6dfab08) [0x00007ab2a6dfac00, 0x00007ab2a6dfaeb8] 
[3,826s][debug][gc,nmethod     ] GC(1) O: Unregister NMethod: com.google.common.collect.testing.Helpers.addAll (0x00007ab2a6ce7688) [0x00007ab2a6ce77a0, 0x00007ab2a6ce9fa0] 
[3,826s][debug][gc,nmethod     ] GC(1) O: Unregister NMethod: java.util.concurrent.atomic.AtomicReferenceArray.compareAndSet (0x00007ab287c64108) [0x00007ab287c64200, 0x00007ab287c66778] 
[3,826s][debug][gc,nmethod     ] GC(1) O: Unregister NMethod: java.util.ArrayList.add (0x00007ab28746e708) [0x00007ab28746e800, 0x00007ab28746ed70] 
[3,826s][debug][gc,nmethod     ] GC(1) O: Unregister NMethod: io.sirix.access.trx.node.AbstractNodeReadOnlyTrx.moveToParent (0x00007ab287ed6788) [0x00007ab287ed6880, 0x00007ab287ed70c8] 
[3,826s][debug][gc,nmethod     ] GC(1) O: Unregister NMethod: io.sirix.node.xml.ElementNode.getLeftSiblingKey (0x00007ab287c6af88) [0x00007ab287c6b080, 0x00007ab287c70070] 
[3,826s][debug][gc,nmethod     ] GC(1) O: Unregister NMethod: com.sun.org.apache.xerces.internal.impl.XMLEntityScanner.scanQName (0x00007ab28808e308) [0x00007ab28808e400, 0x00007ab2880907e0] 
[3,826s][debug][gc,nmethod     ] GC(1) O: Unregister NMethod: java.util.ArrayList.<init> (0x00007ab287593d08) [0x00007ab287593e00, 0x00007ab2875940a0] 
[3,826s][debug][gc,nmethod     ] GC(1) O: Unregister NMethod: it.unimi.dsi.fastutil.shorts.ShortArrayList.add (0x00007ab287a42088) [0x00007ab287a42180, 0x00007ab287a42458] 
[3,826s][debug][gc,nmethod     ] GC(1) O: Unregister NMethod: io.sirix.node.xml.AttributeNode.getKind (0x00007ab287e3bf08) [0x00007ab287e3c000, 0x00007ab287e3c108] 
[3,826s][debug][gc,nmethod     ] GC(1) O: Unregister NMethod: jdk.internal.foreign.Utils.checkElementAlignment (0x00007ab287407508) [0x00007ab287407600, 0x00007ab287407ca8] 
[3,826s][debug][gc,nmethod     ] GC(1) O: Unregister NMethod: jdk.internal.foreign.SegmentFactories.fromArray (0x00007ab288193a88) [0x00007ab288193b80, 0x00007ab288194680] 
[3,826s][debug][gc,nmethod     ] GC(1) O: Unregister NMethod: java.util.concurrent.atomic.AtomicReferenceArray.get (0x00007ab287858008) [0x00007ab287858100, 0x00007ab287859318] 
[3,826s][debug][gc,nmethod     ] GC(1) O: Unregister NMethod: it.unimi.dsi.fastutil.ints.Int2IntOpenHashMap.put (0x00007ab287a38f88) [0x00007ab287a39080, 0x00007ab287a392e8] 
[3,826s][debug][gc,nmethod     ] GC(1) O: Unregister NMethod: io.sirix.axis.AbstractAxis.nextLong (0x00007ab287b71208) [0x00007ab287b71300, 0x00007ab287b71d80] 
[3,826s][debug][gc,nmethod     ] GC(1) O: Unregister NMethod: java.lang.String.<init> (0x00007ab2877b8b88) [0x00007ab2877b8c80, 0x00007ab2877b8f20] 
[3,826s][debug][gc,nmethod     ] GC(1) O: Unregister NMethod: java.util.ArrayList$Itr.<init> (0x00007ab2875a4b08) [0x00007ab2875a4c00, 0x00007ab2875a4f30] 
[3,826s][debug][gc,nmethod     ] GC(1) O: Unregister NMethod: java.net.URL.set (0x00007ab2875b9f88) [0x00007ab2875ba080, 0x00007ab2875bb578] 
[3,827s][debug][gc,nmethod     ] GC(1) O: Unregister NMethod: com.sun.xml.internal.stream.XMLEventReaderImpl.nextEvent (0x00007ab287e13508) [0x00007ab287e13600, 0x00007ab287e13e88] 
[3,826s][debug][gc,nmethod     ] GC(1) O: Unregister NMethod: net.openhft.hashing.LongHashFunction.unsafeHash (0x00007ab287e69308) [0x00007ab287e69400, 0x00007ab287e69710] 
[3,827s][debug][gc,nmethod     ] GC(1) O: Unregister NMethod: jdk.internal.foreign.layout.ValueLayouts$AbstractValueLayout.<init> (0x00007ab288185f08) [0x00007ab288186000, 0x00007ab288186568] 
[3,827s][debug][gc,nmethod     ] GC(1) O: Unregister NMethod: java.io.UnixFileSystem.resolve (0x00007ab2876d8c88) [0x00007ab2876d8d80, 0x00007ab2876dc210] 
[3,827s][debug][gc,nmethod     ] GC(1) O: Unregister NMethod: java.lang.Long.valueOf (0x00007ab287875488) [0x00007ab287875580, 0x00007ab2878758c0] 
[3,827s][debug][gc,nmethod     ] GC(1) O: Unregister NMethod: io.sirix.service.xml.shredder.AbstractShredder.processStartTag (0x00007ab2880a8a88) [0x00007ab2880a8b80, 0x00007ab2880ae860] 
[3,827s][debug][gc,nmethod     ] GC(1) O: Unregister NMethod: io.sirix.node.json.JsonNodeSerializer.updateSizePrefix (0x00007ab2880c1288) [0x00007ab2880c1380, 0x00007ab2880c1a48] 
[3,827s][debug][gc,nmethod     ] GC(1) O: Unregister NMethod: jdk.internal.ref.PhantomCleanable.<init> (0x00007ab2874d8c88) [0x00007ab2874d8d80, 0x00007ab2874d9f70] 
[3,827s][debug][gc,nmethod     ] GC(1) O: Unregister NMethod: jdk.internal.foreign.layout.ValueLayouts$OfByteImpl.<init> (0x00007ab288188288) [0x00007ab288188380, 0x00007ab2881884d8] 
[3,827s][debug][gc,nmethod     ] GC(1) O: Unregister NMethod: org.magicwerk.brownies.collections.GapList.doAdd (0x00007ab2a6cf0388) [0x00007ab2a6cf0480, 0x00007ab2a6cf0e08] 
[3,827s][debug][gc,nmethod     ] GC(1) O: Unregister NMethod: java.lang.Long.bitCount (0x00007ab28753c708) [0x00007ab28753c800, 0x00007ab28753c968] 
[3,827s][debug][gc,nmethod     ] GC(1) O: Unregister NMethod: com.sun.org.apache.xerces.internal.impl.io.UTF8Reader.read (0x00007ab287f93c88) [0x00007ab287f93d80, 0x00007ab287f96ff8] 
[3,827s][debug][gc,nmethod     ] GC(1) O: Unregister NMethod: com.sun.org.apache.xerces.internal.impl.XMLEntityScanner.skipSpaces (0x00007ab28803b308) [0x00007ab28803b400, 0x00007ab28803c690] 
[3,827s][debug][gc,nmethod     ] GC(1) O: Unregister NMethod: jdk.internal.misc.ScopedMemoryAccess.getScopedMemoryAccess (0x00007ab287423208) [0x00007ab287423300, 0x00007ab2874233e8] 
[3,827s][debug][gc,nmethod     ] GC(1) O: Unregister NMethod: com.sun.org.apache.xerces.internal.impl.XMLDocumentFragmentScannerImpl$FragmentContentDriver.next (0x00007ab2a6d4ae88) [0x00007ab2a6d4af80, 0x00007ab2a6d4cbc0] 
[3,827s][debug][gc,nmethod     ] GC(1) O: Unregister NMethod: io.sirix.cache.IndexLogKey.hashCode (0x00007ab2a6d42108) [0x00007ab2a6d42200, 0x00007ab2a6d42338] 
[3,827s][debug][gc,nmethod     ] GC(1) O: Unregister NMethod: io.sirix.node.MemorySegmentBytesIn.readInt (0x00007ab287606988) [0x00007ab287606a80, 0x00007ab28760a690] 
[3,827s][debug][gc,nmethod     ] GC(1) O: Unregister NMethod: com.sun.org.apache.xerces.internal.impl.XMLNSDocumentScannerImpl.next (0x00007ab288029908) [0x00007ab288029a00, 0x00007ab288029ed0] 
[3,827s][debug][gc,nmethod     ] GC(1) O: Unregister NMethod: jdk.xml.internal.XMLSecurityManager.getIndex (0x00007ab287e09408) [0x00007ab287e09500, 0x00007ab287e0a708] 
[3,827s][debug][gc,nmethod     ] GC(1) O: Unregister NMethod: java.lang.Record.<init> (0x00007ab287454408) [0x00007ab287454500, 0x00007ab287454658] 
[3,827s][debug][gc,nmethod     ] GC(1) O: Unregister NMethod: io.sirix.access.trx.node.xml.XmlNodeReadOnlyTrxImpl.getNameNode (0x00007ab287fa3208) [0x00007ab287fa3300, 0x00007ab287fa3b30] 
[3,827s][debug][gc,nmethod     ] GC(1) O: Unregister NMethod: jdk.internal.foreign.MemorySessionImpl$ResourceList.cleanupSingle (0x00007ab288185808) [0x00007ab288185900, 0x00007ab288185ea8] 
[3,827s][debug][gc,nmethod     ] GC(1) O: Unregister NMethod: io.sirix.access.trx.RevisionEpochTracker.minActiveRevision (0x00007ab288077608) [0x00007ab288077700, 0x00007ab288079018] 
[3,827s][debug][gc,nmethod     ] GC(1) O: Unregister NMethod: java.lang.String.<init> (0x00007ab28776ac88) [0x00007ab28776ad80, 0x00007ab28776b940] 
[3,827s][debug][gc,nmethod     ] GC(1) O: Unregister NMethod: jdk.internal.foreign.NativeMemorySegmentImpl.dup (0x00007ab28780da88) [0x00007ab28780db80, 0x00007ab28780e118] 
[3,827s][debug][gc,nmethod     ] GC(1) O: Unregister NMethod: jdk.internal.classfile.impl.SplitConstantPool.maybeCloneUtf8Entry (0x00007ab2874e9808) [0x00007ab2874e9900, 0x00007ab2874ea9a0] 
[3,827s][debug][gc,nmethod     ] GC(1) O: Unregister NMethod: java.nio.Buffer.limit (0x00007ab28781de08) [0x00007ab28781df00, 0x00007ab28781e170] 
[3,827s][debug][gc,nmethod     ] GC(1) O: Unregister NMethod: net.openhft.hashing.MathsJDK9.unsignedLongMulXorFoldImp (0x00007ab287ddbb88) [0x00007ab287ddbc80, 0x00007ab287ddbe00] 
[3,827s][debug][gc,nmethod     ] GC(1) O: Unregister NMethod: jdk.internal.foreign.SegmentFactories.ensureInitialized (0x00007ab287a10b88) [0x00007ab287a10c80, 0x00007ab287a10d60] 
[3,827s][debug][gc,nmethod     ] GC(1) O: Unregister NMethod: jdk.internal.foreign.SegmentFactories.initNativeMemory (0x00007ab287444808) [0x00007ab287444900, 0x00007ab287444aa0] 
[3,827s][debug][gc,nmethod     ] GC(1) O: Unregister NMethod: java.lang.ref.SoftReference.get (0x00007ab287567808) [0x00007ab287567900, 0x00007ab287567ac0] 
[3,827s][debug][gc,nmethod     ] GC(1) O: Unregister NMethod: java.lang.Math.min (0x00007ab287582208) [0x00007ab287582300, 0x00007ab287582428] 
[3,827s][debug][gc,nmethod     ] GC(1) O: Unregister NMethod: java.lang.Object.<init> (0x00007ab2a6be6e08) [0x00007ab2a6be6f00, 0x00007ab2a6be6f80] 
[3,827s][debug][gc,nmethod     ] GC(1) O: Unregister NMethod: jdk.internal.foreign.MemorySessionImpl.addInternal (0x00007ab287abf088) [0x00007ab287abf180, 0x00007ab287ac00f0] 
[3,827s][debug][gc,nmethod     ] GC(1) O: Unregister NMethod: com.github.benmanes.caffeine.cache.stats.DisabledStatsCounter.recordHits (0x00007ab287bfa788) [0x00007ab287bfa880, 0x00007ab287bfa980] 
[3,827s][debug][gc,nmethod     ] GC(1) O: Unregister NMethod: jdk.internal.classfile.impl.BufWriterImpl.writeU1 (0x00007ab2874f7588) [0x00007ab2874f7680, 0x00007ab2874f7ac8] 
[3,827s][debug][gc,nmethod     ] GC(1) O: Unregister NMethod: io.sirix.utils.XMLToken.ncName (0x00007ab287e9e188) [0x00007ab287e9e280, 0x00007ab287e9e6d8] 
[3,827s][debug][gc,nmethod     ] GC(1) O: Unregister NMethod: io.sirix.node.MemorySegmentBytesOut.writeStopBit (0x00007ab2880ee388) [0x00007ab2880ee480, 0x00007ab2880ee820] 
[3,827s][debug][gc,nmethod     ] GC(1) O: Unregister NMethod: java.nio.Bits.reserveMemory (0x00007ab287a14a08) [0x00007ab287a14b00, 0x00007ab287a17a58] 
[3,827s][debug][gc,nmethod     ] GC(1) O: Unregister NMethod: io.sirix.index.path.summary.PathSummaryReader.moveTo (0x00007ab287ddaa88) [0x00007ab287ddab80, 0x00007ab287ddb870] 
[3,827s][debug][gc,nmethod     ] GC(1) O: Unregister NMethod: java.lang.String.encode (0x00007ab287dbc408) [0x00007ab287dbc500, 0x00007ab287dbc838] 
[3,827s][debug][gc,nmethod     ] GC(1) O: Unregister NMethod: com.google.common.collect.testing.Helpers$1$1.hasNext (0x00007ab287a0e208) [0x00007ab287a0e300, 0x00007ab287a0e648] 
[3,827s][debug][gc,nmethod     ] GC(1) O: Unregister NMethod: java.util.concurrent.atomic.AtomicReferenceFieldUpdater$AtomicReferenceFieldUpdaterImpl.get (0x00007ab287a5d388) [0x00007ab287a5d480, 0x00007ab287a5d8b8] 
[3,827s][debug][gc,nmethod     ] GC(1) O: Unregister NMethod: jdk.internal.misc.Unsafe.getIntUnaligned (0x00007ab287570608) [0x00007ab287570700, 0x00007ab287570948] 
[3,827s][debug][gc,nmethod     ] GC(1) O: Unregister NMethod: com.sun.org.apache.xerces.internal.impl.XMLEntityScanner.scanContent (0x00007ab288019788) [0x00007ab288019880, 0x00007ab28801a7f8] 
[3,827s][debug][gc,nmethod     ] GC(1) O: Unregister NMethod: com.sun.org.apache.xerces.internal.impl.XMLDocumentFragmentScannerImpl.scanContent (0x00007ab288014308) [0x00007ab288014400, 0x00007ab2880159f0] 
[3,827s][debug][gc,nmethod     ] GC(1) O: Unregister NMethod: com.sun.xml.internal.stream.events.XMLEventAllocatorImpl.fillAttributes (0x00007ab2a6d9ec88) [0x00007ab2a6d9ed80, 0x00007ab2a6da0f78] 
[3,827s][debug][gc,nmethod     ] GC(1) O: Unregister NMethod: io.sirix.access.trx.node.AbstractResourceSession.getResourceConfig (0x00007ab287466908) [0x00007ab287466a00, 0x00007ab287466ca0] 
[3,827s][debug][gc,nmethod     ] GC(1) O: Unregister NMethod: io.sirix.axis.filter.PathNameFilter.filter (0x00007ab287e48f88) [0x00007ab287e49080, 0x00007ab287e4b820] 
[3,827s][debug][gc,nmethod     ] GC(1) O: Unregister NMethod: com.sun.org.apache.xerces.internal.util.SymbolTable.hash (0x00007ab287f07d08) [0x00007ab287f07e00, 0x00007ab287f080a0] 
[3,827s][debug][gc,nmethod     ] GC(1) O: Unregister NMethod: java.util.HashMap.resize (0x00007ab28760a708) [0x00007ab28760a820, 0x00007ab28760c500] 
[3,827s][debug][gc,nmethod     ] GC(1) O: Unregister NMethod: io.sirix.access.trx.node.AbstractNodeTrxImpl.intermediateCommitIfRequired (0x00007ab287e6f208) [0x00007ab287e6f300, 0x00007ab287e70070] 
[3,827s][debug][gc,nmethod     ] GC(1) O: Unregister NMethod: java.util.concurrent.ForkJoinPool.deactivate (0x00007ab2a6ce0008) [0x00007ab2a6ce0100, 0x00007ab2a6ce0f50] 
[3,827s][debug][gc,nmethod     ] GC(1) O: Unregister NMethod: io.sirix.access.trx.node.xml.XmlNodeReadOnlyTrxImpl.isDocumentRoot (0x00007ab287f33808) [0x00007ab287f33900, 0x00007ab287f34398] 
[3,827s][debug][gc,nmethod     ] GC(1) O: Unregister NMethod: java.util.concurrent.ConcurrentHashMap.putIfAbsent (0x00007ab2a6c4b088) [0x00007ab2a6c4b180, 0x00007ab2a6c4d908] 
[3,827s][debug][gc,nmethod     ] GC(1) O: Unregister NMethod: jdk.xml.internal.XMLSecurityPropertyManager.getIndex (0x00007ab287e51988) [0x00007ab287e51a80, 0x00007ab287e52510] 
[3,827s][debug][gc,nmethod     ] GC(1) O: Unregister NMethod: io.sirix.access.trx.node.xml.XmlNodeTrxImpl.getBytes (0x00007ab287efb108) [0x00007ab287efb200, 0x00007ab287efb7c8] 
[3,827s][debug][gc,nmethod     ] GC(1) O: Unregister NMethod: com.sun.org.apache.xerces.internal.impl.XMLScanner.scanAttributeValue (0x00007ab287fd3b08) [0x00007ab287fd3c00, 0x00007ab287fde4b8] 
[3,827s][debug][gc,nmethod     ] GC(1) O: Unregister NMethod: com.sun.org.apache.xerces.internal.impl.XMLDocumentFragmentScannerImpl.seekCloseOfStartTag (0x00007ab2a6d8a488) [0x00007ab2a6d8a580, 0x00007ab2a6d8ad68] 
[3,827s][debug][gc,nmethod     ] GC(1) O: Unregister NMethod: java.util.Arrays.fill (0x00007ab2a6c9bd08) [0x00007ab2a6c9be00, 0x00007ab2a6c9bf98] 
[3,827s][debug][gc,nmethod     ] GC(1) O: Unregister NMethod: java.nio.Buffer.checkIndex (0x00007ab287487688) [0x00007ab287487780, 0x00007ab2874878d0] 
[3,827s][debug][gc,nmethod     ] GC(1) O: Unregister NMethod: sun.nio.ch.IOUtil.read (0x00007ab287a1a508) [0x00007ab287a1a600, 0x00007ab287a1b588] 
[3,827s][debug][gc,nmethod     ] GC(1) O: Unregister NMethod: io.sirix.node.xml.TextNode.getParentKey (0x00007ab287e00488) [0x00007ab287e00580, 0x00007ab287e05568] 
[3,827s][debug][gc,nmethod     ] GC(1) O: Unregister NMethod: io.sirix.access.trx.node.xml.XmlNodeTrxImpl.adaptForInsert (0x00007ab287e81708) [0x00007ab287e81800, 0x00007ab287e845c8] 
[3,827s][debug][gc,nmethod     ] GC(1) O: Unregister NMethod: com.sun.org.apache.xerces.internal.impl.XMLStreamReaderImpl.getLocalName (0x00007ab287e8e408) [0x00007ab287e8e500, 0x00007ab287e8ef08] 
[3,827s][debug][gc,nmethod     ] GC(1) O: Unregister NMethod: io.sirix.access.trx.node.AbstractNodeHashing.isValueNode (0x00007ab287e70b88) [0x00007ab287e70c80, 0x00007ab287e72848] 
[3,827s][debug][gc,nmethod     ] GC(1) O: Unregister NMethod: io.sirix.access.trx.page.NodeStorageEngineReader.loadPage (0x00007ab287424c88) [0x00007ab287424d80, 0x00007ab287426c20] 
[3,827s][debug][gc,nmethod     ] GC(1) O: Unregister NMethod: java.lang.foreign.MemorySegment.copy (0x00007ab287947e88) [0x00007ab287947f80, 0x00007ab287950f68] 
[3,827s][debug][gc,nmethod     ] GC(1) O: Unregister NMethod: sun.net.www.ParseUtil.encodePath (0x00007ab287599488) [0x00007ab287599580, 0x00007ab287599768] 
[3,827s][debug][gc,nmethod     ] GC(1) O: Unregister NMethod: io.sirix.node.json.JsonNodeSerializer.writeSizePrefix (0x00007ab2880c0588) [0x00007ab2880c0680, 0x00007ab2880c0cf8] 
[3,827s][debug][gc,nmethod     ] GC(1) O: Unregister NMethod: java.lang.Object.equals (0x00007ab287439788) [0x00007ab287439880, 0x00007ab2874399d0] 
[3,827s][debug][gc,nmethod     ] GC(1) O: Unregister NMethod: jdk.internal.misc.Unsafe.putReferenceOpaque (0x00007ab287a0bd08) [0x00007ab287a0be00, 0x00007ab287a0bf78] 
[3,827s][debug][gc,nmethod     ] GC(1) O: Unregister NMethod: java.lang.ThreadLocal.get (0x00007ab28753da08) [0x00007ab28753db00, 0x00007ab28753df48] 
[3,827s][debug][gc,nmethod     ] GC(1) O: Unregister NMethod: jdk.internal.misc.Unsafe.checkNativeAddress (0x00007ab287893888) [0x00007ab287893980, 0x00007ab287893a90] 
[3,827s][debug][gc,nmethod     ] GC(1) O: Unregister NMethod: org.magicwerk.brownies.collections.IList$Iter.hasNext (0x00007ab28742d788) [0x00007ab28742d880, 0x00007ab28742dc90] 
[3,827s][debug][gc,nmethod     ] GC(1) O: Unregister NMethod: java.lang.invoke.VarHandleSegmentAsLongs.get (0x00007ab2878d8088) [0x00007ab2878d8180, 0x00007ab2878dd620] 
[3,827s][debug][gc,nmethod     ] GC(1) O: Unregister NMethod: java.util.concurrent.ConcurrentHashMap.replaceNode (0x00007ab287ba0588) [0x00007ab287ba0680, 0x00007ab287ba29f8] 
[3,827s][debug][gc,nmethod     ] GC(1) O: Unregister NMethod: io.sirix.node.GrowingMemorySegment.toByteArray (0x00007ab287e3c208) [0x00007ab287e3c300, 0x00007ab287e42e30] 
[3,827s][debug][gc,nmethod     ] GC(1) O: Unregister NMethod: java.nio.ByteOrder.nativeOrder (0x00007ab287879088) [0x00007ab287879180, 0x00007ab287879268] 
[3,827s][debug][gc,nmethod     ] GC(1) O: Unregister NMethod: kotlinx.coroutines.CoroutineDispatcher.get (0x00007ab287af1788) [0x00007ab287af1880, 0x00007ab287af19b0] 
[3,827s][debug][gc,nmethod     ] GC(1) O: Unregister NMethod: java.util.concurrent.ConcurrentHashMap.get (0x00007ab2a6c81408) [0x00007ab2a6c81500, 0x00007ab2a6c822d0] 
[3,828s][debug][gc,nmethod     ] GC(1) O: Unregister NMethod: io.sirix.node.xml.ElementNode.getURIKey (0x00007ab287ee6788) [0x00007ab287ee6880, 0x00007ab287eeb870] 
[3,827s][debug][gc,nmethod     ] GC(1) O: Unregister NMethod: com.sun.xml.internal.stream.events.XMLEventAllocatorImpl.fillAttributes (0x00007ab287e9f908) [0x00007ab287e9fa00, 0x00007ab287ea0508] 
[3,828s][debug][gc,nmethod     ] GC(1) O: Unregister NMethod: jdk.internal.foreign.AbstractMemorySegmentImpl.checkAccess (0x00007ab28787b788) [0x00007ab28787b880, 0x00007ab28787c090] 
[3,828s][debug][gc,nmethod     ] GC(1) O: Unregister NMethod: com.sun.org.apache.xerces.internal.impl.XMLEntityScanner.skipChar (0x00007ab287e05608) [0x00007ab287e05700, 0x00007ab287e05c48] 
[3,828s][debug][gc,nmethod     ] GC(1) O: Unregister NMethod: it.unimi.dsi.fastutil.HashCommon.mix (0x00007ab2877fbd88) [0x00007ab2877fbe80, 0x00007ab2877fbf70] 
[3,828s][debug][gc,nmethod     ] GC(1) O: Unregister NMethod: java.lang.String.<init> (0x00007ab2874e3588) [0x00007ab2874e3680, 0x00007ab2874e74f0] 
[3,828s][debug][gc,nmethod     ] GC(1) O: Unregister NMethod: jdk.internal.foreign.AbstractMemorySegmentImpl.checkBounds (0x00007ab287809308) [0x00007ab287809400, 0x00007ab287809690] 
[3,828s][debug][gc,nmethod     ] GC(1) O: Unregister NMethod: java.lang.Class.getSimpleName (0x00007ab288188588) [0x00007ab288188680, 0x00007ab2881888e0] 
[3,828s][debug][gc,nmethod     ] GC(1) O: Unregister NMethod: io.sirix.utils.XMLToken.isNCChar (0x00007ab287e06e08) [0x00007ab287e06f00, 0x00007ab287e072e8] 
[3,828s][debug][gc,nmethod     ] GC(1) O: Unregister NMethod: java.lang.invoke.DirectMethodHandle.internalMemberName (0x00007ab28768a308) [0x00007ab28768a400, 0x00007ab28768a720] 
[3,828s][debug][gc,nmethod     ] GC(1) O: Unregister NMethod: jdk.internal.misc.Unsafe.putLongUnaligned (0x00007ab2a6c86608) [0x00007ab2a6c86700, 0x00007ab2a6c867c0] 
[3,828s][debug][gc,nmethod     ] GC(1) O: Unregister NMethod: it.unimi.dsi.fastutil.ints.Int2IntOpenHashMap.find (0x00007ab287a39308) [0x00007ab287a39400, 0x00007ab287a39868] 
[3,828s][debug][gc,nmethod     ] GC(1) O: Unregister NMethod: io.sirix.access.trx.node.xml.XmlNodeTrxImpl.insertAttribute (0x00007ab288001908) [0x00007ab288001a00, 0x00007ab288011a80] 
[3,828s][debug][gc,nmethod     ] GC(1) O: Unregister NMethod: io.sirix.utils.XMLToken.ncName (0x00007ab28808bf88) [0x00007ab28808c080, 0x00007ab28808c4d8] 
[3,828s][debug][gc,nmethod     ] GC(1) O: Unregister NMethod: io.sirix.page.KeyValueLeafPage.isSlotSet (0x00007ab287878d88) [0x00007ab287878e80, 0x00007ab287879028] 
[3,828s][debug][gc,nmethod     ] GC(1) O: Unregister NMethod: io.sirix.node.xml.ElementNode.getAttributeKey (0x00007ab288088b08) [0x00007ab288088c00, 0x00007ab288089018] 
[3,828s][debug][gc,nmethod     ] GC(1) O: Unregister NMethod: io.sirix.access.trx.page.NodeStorageEngineReader.getNamePage (0x00007ab287a58b88) [0x00007ab287a58c80, 0x00007ab287a59c58] 
[3,828s][debug][gc,nmethod     ] GC(1) O: Unregister NMethod: io.sirix.node.xml.ElementNode.getFirstChildKey (0x00007ab287b2f688) [0x00007ab287b2f780, 0x00007ab287b34770] 
[3,828s][debug][gc,nmethod     ] GC(1) O: Unregister NMethod: io.sirix.node.immutable.xml.ImmutableElement.getPathNodeKey (0x00007ab287edc288) [0x00007ab287edc380, 0x00007ab287ee15c8] 
[3,828s][debug][gc,nmethod     ] GC(1) O: Unregister NMethod: io.sirix.node.xml.AttributeNode.getLocalNameKey (0x00007ab287face88) [0x00007ab287facf80, 0x00007ab287fb1f70] 
[3,828s][debug][gc,nmethod     ] GC(1) O: Unregister NMethod: io.sirix.cache.ShardedPageCache.getAndGuard (0x00007ab287a53d88) [0x00007ab287a53e80, 0x00007ab287a542d0] 
[3,828s][debug][gc,nmethod     ] GC(1) O: Unregister NMethod: jdk.internal.foreign.AbstractMemorySegmentImpl.checkBounds (0x00007ab2a6c92b08) [0x00007ab2a6c92c00, 0x00007ab2a6c92cf8] 
[3,828s][debug][gc,nmethod     ] GC(1) O: Unregister NMethod: jdk.internal.ref.CleanerImpl$CleanableList.remove (0x00007ab28753f108) [0x00007ab28753f200, 0x00007ab287540030] 
[3,828s][debug][gc,nmethod     ] GC(1) O: Unregister NMethod: io.sirix.node.xml.ElementNode.getLastChildKey (0x00007ab287e5c888) [0x00007ab287e5c980, 0x00007ab287e61970] 
[3,828s][debug][gc,nmethod     ] GC(1) O: Unregister NMethod: net.openhft.hashing.XXH3.XXH3_mix16B (0x00007ab287ddc488) [0x00007ab287ddc580, 0x00007ab287dddf10] 
[3,828s][debug][gc,nmethod     ] GC(1) O: Unregister NMethod: io.sirix.node.xml.ElementNode.getHash (0x00007ab287de4888) [0x00007ab287de4980, 0x00007ab287de81f0] 
[3,828s][debug][gc,nmethod     ] GC(1) O: Unregister NMethod: io.sirix.page.KeyValueLeafPage.getSlot (0x00007ab2878a9608) [0x00007ab2878a9700, 0x00007ab2878bf930] 
[3,828s][debug][gc,nmethod     ] GC(1) O: Unregister NMethod: io.sirix.node.xml.AttributeNode.getPrefixKey (0x00007ab287fc0b88) [0x00007ab287fc0c80, 0x00007ab287fc5c70] 
[3,828s][debug][gc,nmethod     ] GC(1) O: Unregister NMethod: org.magicwerk.brownies.collections.GapList.get (0x00007ab287451f08) [0x00007ab287452000, 0x00007ab2874539f8] 
[3,828s][debug][gc,nmethod     ] GC(1) O: Unregister NMethod: java.lang.String.startsWith (0x00007ab287750908) [0x00007ab287750a00, 0x00007ab287750cf8] 
[3,828s][debug][gc,nmethod     ] GC(1) O: Unregister NMethod: kotlin.coroutines.CombinedContext.get (0x00007ab287b05388) [0x00007ab287b05480, 0x00007ab287b066c8] 
[3,828s][debug][gc,nmethod     ] GC(1) O: Unregister NMethod: io.sirix.axis.filter.PathNameFilter.<init> (0x00007ab287eca408) [0x00007ab287eca500, 0x00007ab287ecc158] 
[3,828s][debug][gc,nmethod     ] GC(1) O: Unregister NMethod: io.sirix.access.trx.node.xml.XmlNodeReadOnlyTrxImpl.isElement (0x00007ab287fa4288) [0x00007ab287fa4380, 0x00007ab287fa4e18] 
[3,828s][debug][gc,nmethod     ] GC(1) O: Unregister NMethod: io.sirix.node.GrowingMemorySegment.getUsedSegment (0x00007ab287a24b88) [0x00007ab287a24c80, 0x00007ab287a25290] 
[3,828s][debug][gc,nmethod     ] GC(1) O: Unregister NMethod: net.openhft.hashing.XXH3.XXH3_mix2Accs (0x00007ab287f63208) [0x00007ab287f63300, 0x00007ab287f64400] 
[3,828s][debug][gc,nmethod     ] GC(1) O: Unregister NMethod: net.jpountz.lz4.LZ4BlockOutputStream.writeIntLE (0x00007ab287bc5988) [0x00007ab287bc5a80, 0x00007ab287bc5c08] 
[3,828s][debug][gc,nmethod     ] GC(1) O: Unregister NMethod: io.sirix.axis.AbstractAxis.hasNext (0x00007ab287aaf408) [0x00007ab287aaf500, 0x00007ab287aaffb0] 
[3,828s][debug][gc,nmethod     ] GC(1) O: Unregister NMethod: io.sirix.access.trx.node.AbstractDeweyIDManager.newRightSiblingID (0x00007ab287f02908) [0x00007ab287f02a00, 0x00007ab287f059a0] 
[3,828s][debug][gc,nmethod     ] GC(1) O: Unregister NMethod: jdk.internal.misc.Unsafe.getReferenceAcquire (0x00007ab287412608) [0x00007ab287412700, 0x00007ab287412830] 
[3,828s][debug][gc,nmethod     ] GC(1) O: Unregister NMethod: java.io.ByteArrayInputStream.close (0x00007ab287a7ed08) [0x00007ab287a7ee00, 0x00007ab287a7ef00] 
[3,828s][debug][gc,nmethod     ] GC(1) O: Unregister NMethod: io.sirix.access.trx.page.NodeStorageEngineWriter.createRecord (0x00007ab287df6108) [0x00007ab287df6200, 0x00007ab287dfc640] 
[3,828s][debug][gc,nmethod     ] GC(1) O: Unregister NMethod: io.sirix.cache.IndexLogKey.hashCode (0x00007ab28807a208) [0x00007ab28807a300, 0x00007ab28807a6a8] 
[3,828s][debug][gc,nmethod     ] GC(1) O: Unregister NMethod: java.util.WeakHashMap.expungeStaleEntries (0x00007ab28748c388) [0x00007ab28748c480, 0x00007ab28748d218] 
[3,828s][debug][gc,nmethod     ] GC(1) O: Unregister NMethod: com.sun.org.apache.xerces.internal.util.AugmentationsImpl$SmallContainer.clear (0x00007ab287fa7188) [0x00007ab287fa7280, 0x00007ab287fa7a00] 
[3,828s][debug][gc,nmethod     ] GC(1) O: Unregister NMethod: io.sirix.page.KeyValueLeafPage.setSlot (0x00007ab287bd7088) [0x00007ab287bd7180, 0x00007ab287bd7328] 
[3,828s][debug][gc,nmethod     ] GC(1) O: Unregister NMethod: io.sirix.axis.filter.FilterAxis.<init> (0x00007ab287ea3808) [0x00007ab287ea3900, 0x00007ab287ea6498] 
[3,828s][debug][gc,nmethod     ] GC(1) O: Unregister NMethod: java.nio.MappedByteBuffer.position (0x00007ab287625808) [0x00007ab287625900, 0x00007ab287625cc0] 
[3,828s][debug][gc,nmethod     ] GC(1) O: Unregister NMethod: io.sirix.page.NamePage.setName (0x00007ab287e7eb08) [0x00007ab287e7ec00, 0x00007ab287e801a0] 
[3,828s][debug][gc,nmethod     ] GC(1) O: Unregister NMethod: io.sirix.node.MemorySegmentBytesOut.getDestination (0x00007ab287a43508) [0x00007ab287a43600, 0x00007ab287a43788] 
[3,828s][debug][gc,nmethod     ] GC(1) O: Unregister NMethod: jdk.internal.foreign.SegmentFactories.allocateNativeInternal (0x00007ab287aaaa88) [0x00007ab287aaab80, 0x00007ab287aadfd8] 
[3,828s][debug][gc,nmethod     ] GC(1) O: Unregister NMethod: java.lang.invoke.VarHandleReferences$FieldInstanceReadWrite.compareAndSet (0x00007ab287807808) [0x00007ab287807900, 0x00007ab287808eb8] 
[3,828s][debug][gc,nmethod     ] GC(1) O: Unregister NMethod: jdk.internal.foreign.AbstractMemorySegmentImpl.asSlice (0x00007ab287e45b08) [0x00007ab287e45c00, 0x00007ab287e46040] 
[3,828s][debug][gc,nmethod     ] GC(1) O: Unregister NMethod: io.sirix.access.trx.page.NodeStorageEngineReader.getRecordPage (0x00007ab287a70e88) [0x00007ab287a70f80, 0x00007ab287a7c508] 
[3,828s][debug][gc,nmethod     ] GC(1) O: Unregister NMethod: io.sirix.node.xml.ElementNode.getLocalNameKey (0x00007ab287ee1608) [0x00007ab287ee1700, 0x00007ab287ee66f0] 
[3,828s][debug][gc,nmethod     ] GC(1) O: Unregister NMethod: jdk.internal.foreign.MemorySessionImpl$ResourceList.cleanup (0x00007ab2881ddc08) [0x00007ab2881ddd00, 0x00007ab2881de498] 
[3,828s][debug][gc,nmethod     ] GC(1) O: Unregister NMethod: com.sun.org.apache.xerces.internal.impl.XMLDocumentFragmentScannerImpl$FragmentContentDriver.next (0x00007ab28802ab08) [0x00007ab28802ac00, 0x00007ab288038a10] 
[3,828s][debug][gc,nmethod     ] GC(1) O: Unregister NMethod: jdk.internal.ref.PhantomCleanable.<init> (0x00007ab288026a88) [0x00007ab288026b80, 0x00007ab288027d70] 
[3,828s][debug][gc,nmethod     ] GC(1) O: Unregister NMethod: java.lang.invoke.VarHandleSegmentAsInts.get (0x00007ab287902508) [0x00007ab287902600, 0x00007ab287907aa0] 
[3,828s][debug][gc,nmethod     ] GC(1) O: Unregister NMethod: io.sirix.access.trx.node.xml.XmlNodeTrxImpl.insertTextAsRightSibling (0x00007ab287fb2008) [0x00007ab287fb2100, 0x00007ab287fc0b10] 
[3,828s][debug][gc,nmethod     ] GC(1) O: Unregister NMethod: java.util.concurrent.atomic.AtomicInteger.decrementAndGet (0x00007ab287a42f08) [0x00007ab287a43000, 0x00007ab287a43110] 
[3,828s][debug][gc,nmethod     ] GC(1) O: Unregister NMethod: jdk.internal.misc.Unsafe.copyMemory (0x00007ab287845f88) [0x00007ab287846080, 0x00007ab287847640] 
[3,828s][debug][gc,nmethod     ] GC(1) O: Unregister NMethod: com.sun.org.apache.xerces.internal.impl.XMLNSDocumentScannerImpl.scanStartElement (0x00007ab287f0b788) [0x00007ab287f0b880, 0x00007ab287f148b0] 
[3,828s][debug][gc,nmethod     ] GC(1) O: Unregister NMethod: io.sirix.node.MemorySegmentBytesOut.<init> (0x00007ab2880be588) [0x00007ab2880be680, 0x00007ab2880be908] 
[3,828s][debug][gc,nmethod     ] GC(1) O: Unregister NMethod: io.sirix.node.xml.AttributeNode.computeHash (0x00007ab287fe2308) [0x00007ab287fe2400, 0x00007ab287ff8c60] 
[3,828s][debug][gc,nmethod     ] GC(1) O: Unregister NMethod: io.sirix.node.MemorySegmentBytesOut.writeByte (0x00007ab28747e508) [0x00007ab28747e600, 0x00007ab28747e798] 
[3,828s][debug][gc,nmethod     ] GC(1) O: Unregister NMethod: com.sun.xml.internal.stream.XMLEventReaderImpl.peek (0x00007ab287e8fb08) [0x00007ab287e8fc00, 0x00007ab287e90398] 
[3,828s][debug][gc,phases      ] GC(1) O: Concurrent Classes Unlink 10,159ms
[3,828s][debug][gc,phases,start] GC(1) O: Concurrent Classes Purge
[3,828s][debug][gc,nmethod     ] GC(1) O: Purge NMethod: it.unimi.dsi.fastutil.ints.Int2LongOpenHashMap.put (0x00007ab287a29a88) [0x00007ab287a29b80, 0x00007ab287a29de8] 
[3,828s][debug][gc,nmethod     ] GC(1) O: Purge NMethod: io.sirix.page.KeyValueLeafPage.getSlotAsByteArray (0x00007ab287893e88) [0x00007ab287893f80, 0x00007ab287894618] 
[3,828s][debug][gc,nmethod     ] GC(1) O: Purge NMethod: java.util.LinkedHashMap.get (0x00007ab2874e1888) [0x00007ab2874e1980, 0x00007ab2874e1d98] 
[3,829s][debug][gc,nmethod     ] GC(1) O: Purge NMethod: io.sirix.node.xml.ElementNode.insertAttribute (0x00007ab287fca688) [0x00007ab287fca780, 0x00007ab287fca938] 
[3,829s][debug][gc,nmethod     ] GC(1) O: Purge NMethod: io.sirix.page.PageReference.equals (0x00007ab287a47108) [0x00007ab287a47200, 0x00007ab287a47850] 
[3,829s][debug][gc,nmethod     ] GC(1) O: Purge NMethod: io.sirix.node.xml.AbstractStructForwardingNode.hasFirstChild (0x00007ab287e07788) [0x00007ab287e07880, 0x00007ab287e07e48] 
[3,829s][debug][gc,nmethod     ] GC(1) O: Purge NMethod: com.sun.org.apache.xerces.internal.impl.XMLEntityScanner.skipSpaces (0x00007ab287e18a88) [0x00007ab287e18b80, 0x00007ab287e19e20] 
[3,829s][debug][gc,nmethod     ] GC(1) O: Purge NMethod: java.util.HashMap.computeIfAbsent (0x00007ab2a6d3cc88) [0x00007ab2a6d3cd80, 0x00007ab2a6d3df20] 
[3,829s][debug][gc,nmethod     ] GC(1) O: Purge NMethod: java.util.zip.Inflater.ensureOpen (0x00007ab2874c4888) [0x00007ab2874c4980, 0x00007ab2874c4c08] 
[3,829s][debug][gc,nmethod     ] GC(1) O: Purge NMethod: java.util.LinkedHashMap.afterNodeAccess (0x00007ab287f31688) [0x00007ab287f31780, 0x00007ab287f32830] 
[3,829s][debug][gc,nmethod     ] GC(1) O: Purge NMethod: com.sun.xml.internal.stream.util.ReadOnlyIterator.hasNext (0x00007ab287e6ed08) [0x00007ab287e6ee00, 0x00007ab287e6f198] 
[3,829s][debug][gc,nmethod     ] GC(1) O: Purge NMethod: java.util.Arrays.fill (0x00007ab2875c5788) [0x00007ab2875c5880, 0x00007ab2875c5ca8] 
[3,829s][debug][gc,nmethod     ] GC(1) O: Purge NMethod: java.lang.invoke.DirectMethodHandle$Holder.invokeStatic (0x00007ab287a1de08) [0x00007ab287a1df00, 0x00007ab287a1e2c8] 
[3,829s][debug][gc,nmethod     ] GC(1) O: Purge NMethod: java.util.HashMap.putVal (0x00007ab28747bc08) [0x00007ab28747bd00, 0x00007ab28747e090] 
[3,829s][debug][gc,nmethod     ] GC(1) O: Purge NMethod: java.util.regex.Pattern$$Lambda/0x000000006c0b27a0.is (0x00007ab287625208) [0x00007ab287625300, 0x00007ab2876254b0] 
[3,829s][debug][gc,nmethod     ] GC(1) O: Purge NMethod: io.sirix.access.trx.page.NodeStorageEngineWriter.prepareRecordForModification (0x00007ab287dd8488) [0x00007ab287dd8580, 0x00007ab287dda408] 
[3,829s][debug][gc,nmethod     ] GC(1) O: Purge NMethod: com.sun.org.apache.xerces.internal.util.NamespaceSupport.getURI (0x00007ab287e9f508) [0x00007ab287e9f600, 0x00007ab287e9f8f0] 
[3,829s][debug][gc,nmethod     ] GC(1) O: Purge NMethod: io.sirix.node.BytesOut.asBytesIn (0x00007ab287a6ca88) [0x00007ab287a6cb80, 0x00007ab287a6d828] 
[3,829s][debug][gc,nmethod     ] GC(1) O: Purge NMethod: java.lang.Class.reflectionData (0x00007ab2875a6d88) [0x00007ab2875a6e80, 0x00007ab2875a74d8] 
[3,829s][debug][gc,nmethod     ] GC(1) O: Purge NMethod: java.util.concurrent.atomic.AtomicLong.incrementAndGet (0x00007ab28756c408) [0x00007ab28756c500, 0x00007ab28756c618] 
[3,829s][debug][gc,nmethod     ] GC(1) O: Purge NMethod: com.google.common.collect.testing.Helpers$1$1.next (0x00007ab287a10e88) [0x00007ab287a10f80, 0x00007ab287a112c0] 
[3,829s][debug][gc,nmethod     ] GC(1) O: Purge NMethod: jdk.internal.foreign.layout.AbstractLayout.requirePowerOfTwoAndGreaterOrEqualToOne (0x00007ab287dbf408) [0x00007ab287dbf500, 0x00007ab287dc0280] 
[3,829s][debug][gc,nmethod     ] GC(1) O: Purge NMethod: com.sun.xml.internal.stream.events.XMLEventAllocatorImpl.getXMLEvent (0x00007ab287e20908) [0x00007ab287e20a00, 0x00007ab287e28b60] 
[3,829s][debug][gc,nmethod     ] GC(1) O: Purge NMethod: java.nio.channels.spi.AbstractInterruptibleChannel.end (0x00007ab287a3de88) [0x00007ab287a3df80, 0x00007ab287a3ea20] 
[3,829s][debug][gc,nmethod     ] GC(1) O: Purge NMethod: java.lang.ref.Cleaner$1.apply (0x00007ab28747b708) [0x00007ab28747b800, 0x00007ab28747bbb0] 
[3,829s][debug][gc,nmethod     ] GC(1) O: Purge NMethod: it.unimi.dsi.fastutil.longs.LongArrayList.removeLong (0x00007ab287e46088) [0x00007ab287e46180, 0x00007ab287e478b0] 
[3,829s][debug][gc,nmethod     ] GC(1) O: Purge NMethod: com.sun.org.apache.xerces.internal.impl.XMLNSDocumentScannerImpl.scanAttribute (0x00007ab287ff8d08) [0x00007ab287ff8e00, 0x00007ab288001898] 
[3,829s][debug][gc,nmethod     ] GC(1) O: Purge NMethod: net.openhft.hashing.Maths.unsignedLongMulXorFold (0x00007ab287ddbe88) [0x00007ab287ddbf80, 0x00007ab287ddc0b8] 
[3,829s][debug][gc,nmethod     ] GC(1) O: Purge NMethod: jdk.internal.foreign.layout.ValueLayouts$AbstractValueLayout.withOrder (0x00007ab288187908) [0x00007ab288187a00, 0x00007ab288188230] 
[3,829s][debug][gc,nmethod     ] GC(1) O: Purge NMethod: io.sirix.access.trx.node.AbstractNodeReadOnlyTrx.moveTo (0x00007ab287ac4088) [0x00007ab287ac4180, 0x00007ab287ac5cb0] 
[3,829s][debug][gc,nmethod     ] GC(1) O: Purge NMethod: com.sun.org.apache.xerces.internal.impl.XMLEntityScanner.scanQName (0x00007ab2a6db7888) [0x00007ab2a6db7980, 0x00007ab2a6db8d38] 
[3,829s][debug][gc,nmethod     ] GC(1) O: Purge NMethod: java.lang.String.encodeUTF8 (0x00007ab287dbc888) [0x00007ab287dbc980, 0x00007ab287dbd008] 
[3,829s][debug][gc,nmethod     ] GC(1) O: Purge NMethod: io.sirix.service.xml.shredder.AbstractShredder.processText (0x00007ab287e93e88) [0x00007ab287e93f80, 0x00007ab287e96220] 
[3,829s][debug][gc,nmethod     ] GC(1) O: Purge NMethod: java.util.ArrayList.getLast (0x00007ab287eca008) [0x00007ab287eca100, 0x00007ab287eca3f8] 
[3,829s][debug][gc,nmethod     ] GC(1) O: Purge NMethod: com.sun.org.apache.xerces.internal.impl.XMLEntityScanner.scanQName (0x00007ab288038a88) [0x00007ab288038b80, 0x00007ab28803af60] 
[3,829s][debug][gc,nmethod     ] GC(1) O: Purge NMethod: jdk.internal.ref.CleanerImpl$CleanableList.insert (0x00007ab2880b9f88) [0x00007ab2880ba080, 0x00007ab2880bab00] 
[3,829s][debug][gc,nmethod     ] GC(1) O: Purge NMethod: java.lang.Integer.rotateRight (0x00007ab28789dc88) [0x00007ab28789dd80, 0x00007ab28789de70] 
[3,829s][debug][gc,nmethod     ] GC(1) O: Purge NMethod: io.sirix.page.delegates.BitmapReferencesPage.index (0x00007ab28741d608) [0x00007ab28741d700, 0x00007ab28741dc88] 
[3,829s][debug][gc,nmethod     ] GC(1) O: Purge NMethod: net.openhft.hashing.XXH3.access$500 (0x00007ab287e6a488) [0x00007ab287e6a580, 0x00007ab287e6a690] 
[3,829s][debug][gc,nmethod     ] GC(1) O: Purge NMethod: io.sirix.access.trx.node.AbstractNodeReadOnlyTrx.getNodeKey (0x00007ab287af5508) [0x00007ab287af5600, 0x00007ab287af5c50] 
[3,829s][debug][gc,nmethod     ] GC(1) O: Purge NMethod: org.magicwerk.brownies.collections.GapList.doEnsureCapacity (0x00007ab287a02e08) [0x00007ab287a02f00, 0x00007ab287a037a8] 
[3,829s][debug][gc,nmethod     ] GC(1) O: Purge NMethod: io.sirix.page.KeyValueLeafPage.getDeweyId (0x00007ab287817e08) [0x00007ab287817f00, 0x00007ab28781d6c8] 
[3,829s][debug][gc,nmethod     ] GC(1) O: Purge NMethod: io.sirix.node.xml.ElementNode.getKind (0x00007ab287bdb008) [0x00007ab287bdb100, 0x00007ab287bdb208] 
[3,829s][debug][gc,nmethod     ] GC(1) O: Purge NMethod: java.nio.MappedByteBuffer.limit (0x00007ab287b1e588) [0x00007ab287b1e680, 0x00007ab287b1ea40] 
[3,829s][debug][gc,nmethod     ] GC(1) O: Purge NMethod: javax.xml.namespace.QName.<init> (0x00007ab287e74588) [0x00007ab287e74680, 0x00007ab287e74bd0] 
[3,829s][debug][gc,nmethod     ] GC(1) O: Purge NMethod: io.sirix.access.trx.node.AbstractNodeHashing.adaptHashesWithAdd (0x00007ab287e70588) [0x00007ab287e70680, 0x00007ab287e70b58] 
[3,829s][debug][gc,nmethod     ] GC(1) O: Purge NMethod: com.sun.org.apache.xerces.internal.util.XMLChar.isContent (0x00007ab287754388) [0x00007ab287754480, 0x00007ab287754668] 
[3,829s][debug][gc,nmethod     ] GC(1) O: Purge NMethod: jdk.internal.loader.URLClassPath$JarLoader$1.getCodeSourceURL (0x00007ab2875d8b88) [0x00007ab2875d8c80, 0x00007ab2875d8de8] 
[3,829s][debug][gc,nmethod     ] GC(1) O: Purge NMethod: jdk.xml.internal.JdkXmlUtils.getProperty (0x00007ab287e67508) [0x00007ab287e67600, 0x00007ab287e68358] 
[3,829s][debug][gc,nmethod     ] GC(1) O: Purge NMethod: java.lang.invoke.DirectMethodHandle$Holder.fieldAccess (0x00007ab287a19288) [0x00007ab287a19380, 0x00007ab287a19878] 
[3,829s][debug][gc,nmethod     ] GC(1) O: Purge NMethod: io.sirix.node.Utils.putVarLong (0x00007ab2880bfc88) [0x00007ab2880bfd80, 0x00007ab2880bfed0] 
[3,829s][debug][gc,nmethod     ] GC(1) O: Purge NMethod: java.util.concurrent.ConcurrentHashMap.spread (0x00007ab287412308) [0x00007ab287412400, 0x00007ab2874124f0] 
[3,829s][debug][gc,nmethod     ] GC(1) O: Purge NMethod: io.sirix.access.trx.page.NodeStorageEngineReader.assertNotClosed (0x00007ab287402088) [0x00007ab287402180, 0x00007ab287402398] 
[3,829s][debug][gc,nmethod     ] GC(1) O: Purge NMethod: jdk.internal.util.Preconditions.checkIndex (0x00007ab28740eb08) [0x00007ab28740ec00, 0x00007ab28740ed88] 
[3,829s][debug][gc,nmethod     ] GC(1) O: Purge NMethod: com.google.common.collect.testing.Helpers.addAll (0x00007ab287a48c08) [0x00007ab287a48d00, 0x00007ab287a496b8] 
[3,829s][debug][gc,nmethod     ] GC(1) O: Purge NMethod: io.sirix.service.xml.shredder.XmlShredder.addNewElement (0x00007ab287efcb08) [0x00007ab287efcc00, 0x00007ab287efff98] 
[3,829s][debug][gc,nmethod     ] GC(1) O: Purge NMethod: com.sun.org.apache.xerces.internal.impl.XMLNSDocumentScannerImpl.next (0x00007ab287e0f888) [0x00007ab287e0f980, 0x00007ab287e0fe68] 
[3,829s][debug][gc,nmethod     ] GC(1) O: Purge NMethod: io.sirix.node.xml.ElementNode.setDescendantCount (0x00007ab287dfc988) [0x00007ab287dfca80, 0x00007ab287e00410] 
[3,829s][debug][gc,nmethod     ] GC(1) O: Purge NMethod: it.unimi.dsi.fastutil.ints.Int2IntOpenHashMap.get (0x00007ab287d5ec08) [0x00007ab287d5ed00, 0x00007ab287d5f260] 
[3,829s][debug][gc,nmethod     ] GC(1) O: Purge NMethod: com.sun.org.apache.xerces.internal.util.SymbolTable.addSymbol (0x00007ab287e97c88) [0x00007ab287e97d80, 0x00007ab287e982c0] 
[3,829s][debug][gc,nmethod     ] GC(1) O: Purge NMethod: java.lang.String.checkBoundsOffCount (0x00007ab287465988) [0x00007ab287465a80, 0x00007ab287465c78] 
[3,829s][debug][gc,nmethod     ] GC(1) O: Purge NMethod: java.lang.String.indexOf (0x00007ab287597f08) [0x00007ab287598000, 0x00007ab287598820] 
[3,829s][debug][gc,nmethod     ] GC(1) O: Purge NMethod: io.sirix.axis.AbstractAxis.reset (0x00007ab287bdad08) [0x00007ab287bdae00, 0x00007ab287bdaf88] 
[3,829s][debug][gc,nmethod     ] GC(1) O: Purge NMethod: io.sirix.node.xml.ElementNode.hasLeftSibling (0x00007ab287e77e88) [0x00007ab287e77f80, 0x00007ab287e7d3b8] 
[3,829s][debug][gc,nmethod     ] GC(1) O: Purge NMethod: com.sun.org.apache.xerces.internal.impl.XMLEntityScanner.scanContent (0x00007ab2a6d54608) [0x00007ab2a6d547a0, 0x00007ab2a6d55268] 
[3,829s][debug][gc,nmethod     ] GC(1) O: Purge NMethod: java.util.ArrayList$Itr.hasNext (0x00007ab28756f008) [0x00007ab28756f100, 0x00007ab28756f290] 
[3,829s][debug][gc,nmethod     ] GC(1) O: Purge NMethod: com.sun.xml.internal.stream.XMLEventReaderImpl.hasNext (0x00007ab287e0ad88) [0x00007ab287e0ae80, 0x00007ab287e0b1c0] 
[3,829s][debug][gc,nmethod     ] GC(1) O: Purge NMethod: net.jpountz.util.SafeUtils.checkRange (0x00007ab287817488) [0x00007ab287817580, 0x00007ab287817ab8] 
[3,829s][debug][gc,nmethod     ] GC(1) O: Purge NMethod: io.sirix.access.trx.node.xml.XmlDeweyIDManager.newAttributeID (0x00007ab287fcb108) [0x00007ab287fcb200, 0x00007ab287fcf3f0] 
[3,829s][debug][gc,nmethod     ] GC(1) O: Purge NMethod: jdk.internal.classfile.impl.StackMapGenerator.processBlock (0x00007ab2a6c94688) [0x00007ab2a6c94780, 0x00007ab2a6c96730] 
[3,829s][debug][gc,nmethod     ] GC(1) O: Purge NMethod: io.sirix.access.trx.node.xml.XmlNodeTrxImpl.insertAttribute (0x00007ab2a6dfcc88) [0x00007ab2a6dfcf00, 0x00007ab2a6dffd28] 
[3,829s][debug][gc,nmethod     ] GC(1) O: Purge NMethod: java.lang.Enum.hashCode (0x00007ab287467108) [0x00007ab287467200, 0x00007ab287467378] 
[3,829s][debug][gc,nmethod     ] GC(1) O: Purge NMethod: io.sirix.node.xml.TextNode.getLeftSiblingKey (0x00007ab287d65e08) [0x00007ab287d65f00, 0x00007ab287d6aef0] 
[3,829s][debug][gc,nmethod     ] GC(1) O: Purge NMethod: java.lang.String.<init> (0x00007ab287638288) [0x00007ab287638380, 0x00007ab287638958] 
[3,829s][debug][gc,nmethod     ] GC(1) O: Purge NMethod: io.sirix.node.xml.ElementNode.getPathNodeKey (0x00007ab287e57708) [0x00007ab287e57800, 0x00007ab287e5c7f0] 
[3,829s][debug][gc,nmethod     ] GC(1) O: Purge NMethod: io.sirix.page.KeyValueLeafPage.getNumberOfNonNullEntries (0x00007ab287bdf808) [0x00007ab287bdf900, 0x00007ab287bdfeb0] 
[3,829s][debug][gc,nmethod     ] GC(1) O: Purge NMethod: io.sirix.node.NodeKind$1.serialize (0x00007ab288142c88) [0x00007ab288142d80, 0x00007ab28817dd48] 
[3,829s][debug][gc,nmethod     ] GC(1) O: Purge NMethod: kotlinx.coroutines.channels.BufferedChannelKt.getCHANNEL_CLOSED (0x00007ab287cd0688) [0x00007ab287cd0780, 0x00007ab287cd0868] 
[3,829s][debug][gc,nmethod     ] GC(1) O: Purge NMethod: io.sirix.node.json.JsonNodeSerializer.writeEndPadding (0x00007ab2880c0d08) [0x00007ab2880c0e00, 0x00007ab2880c1268] 
[3,829s][debug][gc,nmethod     ] GC(1) O: Purge NMethod: com.sun.xml.internal.stream.events.XMLEventAllocatorImpl.getQName (0x00007ab287e87388) [0x00007ab287e87480, 0x00007ab287e87d00] 
[3,829s][debug][gc,nmethod     ] GC(1) O: Purge NMethod: io.sirix.access.trx.node.AbstractNodeReadOnlyTrx.getKind (0x00007ab287e08c88) [0x00007ab287e08d80, 0x00007ab287e093d0] 
[3,829s][debug][gc,nmethod     ] GC(1) O: Purge NMethod: com.sun.org.apache.xerces.internal.impl.XMLStreamReaderImpl.getText (0x00007ab287e90408) [0x00007ab287e90500, 0x00007ab287e929f8] 
[3,829s][debug][gc,nmethod     ] GC(1) O: Purge NMethod: com.sun.org.apache.xerces.internal.impl.XMLEntityScanner.checkBeforeLoad (0x00007ab287de8288) [0x00007ab287de8380, 0x00007ab287de88d8] 
[3,829s][debug][gc,nmethod     ] GC(1) O: Purge NMethod: io.sirix.node.xml.TextNode.<init> (0x00007ab287f19408) [0x00007ab287f19500, 0x00007ab287f19d20] 
[3,829s][debug][gc,nmethod     ] GC(1) O: Purge NMethod: io.sirix.page.KeyValueLeafPage.releaseGuard (0x00007ab287af5088) [0x00007ab287af5180, 0x00007ab287af54c8] 
[3,829s][debug][gc,nmethod     ] GC(1) O: Purge NMethod: net.openhft.hashing.LongHashFunction.hashBytes (0x00007ab287f16808) [0x00007ab287f16900, 0x00007ab287f16a48] 
[3,829s][debug][gc,nmethod     ] GC(1) O: Purge NMethod: io.sirix.page.delegates.BitmapReferencesPage.index (0x00007ab2880a0988) [0x00007ab2880a0a80, 0x00007ab2880a0fa0] 
[3,829s][debug][gc,nmethod     ] GC(1) O: Purge NMethod: org.magicwerk.brownies.collections.IList.checkIndexAdd (0x00007ab2879ffe88) [0x00007ab2879fff80, 0x00007ab287a01788] 
[3,829s][debug][gc,nmethod     ] GC(1) O: Purge NMethod: jdk.internal.foreign.SegmentFactories.initNativeMemory (0x00007ab2878d5408) [0x00007ab2878d5500, 0x00007ab2878d5720] 
[3,829s][debug][gc,nmethod     ] GC(1) O: Purge NMethod: io.sirix.page.SerializationType.readPageFragments (0x00007ab287418288) [0x00007ab287418380, 0x00007ab287418f80] 
[3,829s][debug][gc,nmethod     ] GC(1) O: Purge NMethod: java.util.HashMap.values (0x00007ab287f01708) [0x00007ab287f01800, 0x00007ab287f01c28] 
[3,829s][debug][gc,nmethod     ] GC(1) O: Purge NMethod: jdk.xml.internal.XMLLimitAnalyzer.addValue (0x00007ab287e4b888) [0x00007ab287e4b9a0, 0x00007ab287e4eac0] 
[3,829s][debug][gc,nmethod     ] GC(1) O: Purge NMethod: io.brackit.query.atomic.QNm.<init> (0x00007ab287e4ee08) [0x00007ab287e4ef00, 0x00007ab287e4f3a8] 
[3,829s][debug][gc,nmethod     ] GC(1) O: Purge NMethod: com.sun.org.apache.xerces.internal.impl.XMLStreamReaderImpl.next (0x00007ab287e16108) [0x00007ab287e16200, 0x00007ab287e18a58] 
[3,829s][debug][gc,nmethod     ] GC(1) O: Purge NMethod: io.sirix.index.path.summary.PathSummaryReader.getNodeKey (0x00007ab287dda488) [0x00007ab287dda580, 0x00007ab287ddaa18] 
[3,829s][debug][gc,nmethod     ] GC(1) O: Purge NMethod: io.sirix.node.GrowingMemorySegment.writeInt (0x00007ab28762b888) [0x00007ab28762b980, 0x00007ab28762f7c0] 
[3,829s][debug][gc,nmethod     ] GC(1) O: Purge NMethod: java.util.concurrent.ConcurrentHashMap.putVal (0x00007ab2876af508) [0x00007ab2876af600, 0x00007ab2876b1b48] 
[3,829s][debug][gc,nmethod     ] GC(1) O: Purge NMethod: io.sirix.index.path.summary.PathSummaryWriter.movePathSummary (0x00007ab287ed0e88) [0x00007ab287ed0f80, 0x00007ab287ed3640] 
[3,830s][debug][gc,nmethod     ] GC(1) O: Purge NMethod: jdk.internal.foreign.HeapMemorySegmentImpl$OfByte.unsafeGetOffset (0x00007ab287d20b08) [0x00007ab287d20c00, 0x00007ab287d20d18] 
[3,830s][debug][gc,nmethod     ] GC(1) O: Purge NMethod: sun.nio.fs.UnixNativeDispatcher.copyToNativeBuffer (0x00007ab2874cf888) [0x00007ab2874cf980, 0x00007ab2874cfe30] 
[3,830s][debug][gc,nmethod     ] GC(1) O: Purge NMethod: net.jpountz.lz4.LZ4BlockInputStream.refill (0x00007ab287a22a08) [0x00007ab287a22b00, 0x00007ab287a24b20] 
[3,830s][debug][gc,nmethod     ] GC(1) O: Purge NMethod: com.sun.org.apache.xerces.internal.impl.XMLDocumentFragmentScannerImpl$FragmentContentDriver.startOfMarkup (0x00007ab288012188) [0x00007ab288012280, 0x00007ab2880142e8] 
[3,830s][debug][gc,nmethod     ] GC(1) O: Purge NMethod: jdk.internal.misc.ScopedMemoryAccess.copyMemory (0x00007ab2878d2288) [0x00007ab2878d2380, 0x00007ab2878d36f8] 
[3,830s][debug][gc,nmethod     ] GC(1) O: Purge NMethod: io.sirix.node.MemorySegmentBytesIn.readShort (0x00007ab287a25788) [0x00007ab287a25880, 0x00007ab287a294b8] 
[3,830s][debug][gc,nmethod     ] GC(1) O: Purge NMethod: com.github.benmanes.caffeine.cache.Node.setWeight (0x00007ab287c15188) [0x00007ab287c15280, 0x00007ab287c15380] 
[3,830s][debug][gc,nmethod     ] GC(1) O: Purge NMethod: java.lang.invoke.Invokers$Holder.linkToTargetMethod (0x00007ab28752b508) [0x00007ab28752b600, 0x00007ab28752bae8] 
[3,830s][debug][gc,nmethod     ] GC(1) O: Purge NMethod: jdk.internal.misc.Unsafe.putLongUnaligned (0x00007ab2878c5808) [0x00007ab2878c5900, 0x00007ab2878c5d38] 
[3,830s][debug][gc,nmethod     ] GC(1) O: Purge NMethod: java.util.concurrent.ConcurrentHashMap.addCount (0x00007ab2a6c32488) [0x00007ab2a6c32580, 0x00007ab2a6c33a60] 
[3,830s][debug][gc,nmethod     ] GC(1) O: Purge NMethod: java.util.jar.JarFile.maybeInstantiateVerifier (0x00007ab2874d5b08) [0x00007ab2874d5c00, 0x00007ab2874d60d0] 
[3,830s][debug][gc,nmethod     ] GC(1) O: Purge NMethod: java.lang.invoke.VarHandleGuards.guard_LI_L (0x00007ab287859388) [0x00007ab287859480, 0x00007ab28785c930] 
[3,830s][debug][gc,nmethod     ] GC(1) O: Purge NMethod: sun.nio.fs.UnixPath.resolve (0x00007ab2879fe308) [0x00007ab2879fe400, 0x00007ab2879ff0b8] 
[3,830s][debug][gc,nmethod     ] GC(1) O: Purge NMethod: java.lang.ref.Cleaner.register (0x00007ab287f97388) [0x00007ab287f97480, 0x00007ab287f97998] 
[3,830s][debug][gc,nmethod     ] GC(1) O: Purge NMethod: io.sirix.access.trx.page.NodeStorageEngineReader.pageKey (0x00007ab287606088) [0x00007ab287606180, 0x00007ab287606900] 
[3,830s][debug][gc,nmethod     ] GC(1) O: Purge NMethod: java.nio.Buffer.session (0x00007ab287486188) [0x00007ab287486280, 0x00007ab287486688] 
[3,830s][debug][gc,nmethod     ] GC(1) O: Purge NMethod: java.lang.String.<init> (0x00007ab2877fd388) [0x00007ab2877fd480, 0x00007ab2877fd7c0] 
[3,830s][debug][gc,nmethod     ] GC(1) O: Purge NMethod: it.unimi.dsi.fastutil.longs.LongArrayList.grow (0x00007ab287e15a88) [0x00007ab287e15b80, 0x00007ab287e160e0] 
[3,830s][debug][gc,nmethod     ] GC(1) O: Purge NMethod: java.lang.invoke.LambdaForm$MH/0x000000006c241800.invoke (0x00007ab287a3ae08) [0x00007ab287a3af00, 0x00007ab287a3beb8] 
[3,830s][debug][gc,nmethod     ] GC(1) O: Purge NMethod: net.openhft.hashing.XXH3$AsLongHashFunction.hash (0x00007ab287e6a788) [0x00007ab287e6a880, 0x00007ab287e6b0d0] 
[3,830s][debug][gc,nmethod     ] GC(1) O: Purge NMethod: io.sirix.node.NullNode.<init> (0x00007ab288049a08) [0x00007ab288049b00, 0x00007ab28804a038] 
[3,830s][debug][gc,nmethod     ] GC(1) O: Purge NMethod: org.magicwerk.brownies.collections.GapList.doEnsureCapacity (0x00007ab2a6ceef08) [0x00007ab2a6cef000, 0x00007ab2a6cef108] 
[3,830s][debug][gc,nmethod     ] GC(1) O: Purge NMethod: java.lang.StringLatin1.trim (0x00007ab287e1f988) [0x00007ab287e1fa80, 0x00007ab287e1fdf8] 
[3,830s][debug][gc,nmethod     ] GC(1) O: Purge NMethod: com.sun.org.apache.xerces.internal.xni.XMLString.append (0x00007ab287f9c688) [0x00007ab287f9c780, 0x00007ab287f9cc58] 
[3,830s][debug][gc,nmethod     ] GC(1) O: Purge NMethod: java.lang.Long.hashCode (0x00007ab287879388) [0x00007ab287879480, 0x00007ab2878795b8] 
[3,830s][debug][gc,nmethod     ] GC(1) O: Purge NMethod: java.util.HashSet.add (0x00007ab287432188) [0x00007ab287432280, 0x00007ab287432610] 
[3,830s][debug][gc,nmethod     ] GC(1) O: Purge NMethod: io.sirix.page.PageUtils.fixupPageReferenceIds (0x00007ab2a6d11c08) [0x00007ab2a6d11d00, 0x00007ab2a6d13100] 
[3,830s][debug][gc,nmethod     ] GC(1) O: Purge NMethod: com.sun.xml.internal.stream.events.StartElementEvent.getAttributes (0x00007ab287f18a08) [0x00007ab287f18b00, 0x00007ab287f193b0] 
[3,830s][debug][gc,nmethod     ] GC(1) O: Purge NMethod: jdk.internal.misc.Unsafe.putShortUnaligned (0x00007ab287be1a08) [0x00007ab287be1b00, 0x00007ab287be1d30] 
[3,830s][debug][gc,nmethod     ] GC(1) O: Purge NMethod: jdk.internal.foreign.layout.ValueLayouts$OfByteImpl.dup (0x00007ab288194688) [0x00007ab288194780, 0x00007ab288194930] 
[3,830s][debug][gc,nmethod     ] GC(1) O: Purge NMethod: io.sirix.utils.XMLToken.isNCChar (0x00007ab2a6d3ed88) [0x00007ab2a6d3ee80, 0x00007ab2a6d3ef60] 
[3,830s][debug][gc,nmethod     ] GC(1) O: Purge NMethod: jdk.internal.misc.Unsafe.getLongUnaligned (0x00007ab287450a88) [0x00007ab287450b80, 0x00007ab287450d60] 
[3,830s][debug][gc,nmethod     ] GC(1) O: Purge NMethod: net.openhft.hashing.UnsafeAccess.getLong (0x00007ab287bda708) [0x00007ab287bda800, 0x00007ab287bdaca0] 
[3,830s][debug][gc,nmethod     ] GC(1) O: Purge NMethod: java.io.BufferedInputStream.read1 (0x00007ab287612988) [0x00007ab287612a80, 0x00007ab287613350] 
[3,830s][debug][gc,nmethod     ] GC(1) O: Purge NMethod: io.sirix.access.trx.node.xml.XmlNodeReadOnlyTrxImpl.getNode (0x00007ab287d7aa08) [0x00007ab287d7ab00, 0x00007ab287d7d310] 
[3,830s][debug][gc,nmethod     ] GC(1) O: Purge NMethod: java.util.concurrent.ForkJoinPool.deactivate (0x00007ab287c9ca08) [0x00007ab287c9cb00, 0x00007ab287c9d5a8] 
[3,830s][debug][gc,nmethod     ] GC(1) O: Purge NMethod: jdk.internal.foreign.Utils$BaseAndScale.of (0x00007ab287419788) [0x00007ab287419880, 0x00007ab28741ae98] 
[3,830s][debug][gc,nmethod     ] GC(1) O: Purge NMethod: jdk.internal.misc.Unsafe.checkOffset (0x00007ab287889588) [0x00007ab287889680, 0x00007ab2878898e0] 
[3,830s][debug][gc,nmethod     ] GC(1) O: Purge NMethod: java.nio.channels.spi.AbstractInterruptibleChannel.begin (0x00007ab287a3d108) [0x00007ab287a3d200, 0x00007ab287a3de18] 
[3,830s][debug][gc,nmethod     ] GC(1) O: Purge NMethod: jdk.internal.misc.ScopedMemoryAccess.getByte (0x00007ab2874c1288) [0x00007ab2874c1380, 0x00007ab2874c1698] 
[3,830s][debug][gc,nmethod     ] GC(1) O: Purge NMethod: jdk.internal.foreign.AbstractMemorySegmentImpl$$Lambda/0x000000006c1eb150.apply (0x00007ab288187408) [0x00007ab288187500, 0x00007ab288187898] 
[3,830s][debug][gc,nmethod     ] GC(1) O: Purge NMethod: jdk.internal.foreign.HeapMemorySegmentImpl$OfByte.maxAlignMask (0x00007ab288188f08) [0x00007ab288189000, 0x00007ab288189108] 
[3,830s][debug][gc,nmethod     ] GC(1) O: Purge NMethod: java.util.WeakHashMap.hash (0x00007ab287489908) [0x00007ab287489a00, 0x00007ab287489d28] 
[3,830s][debug][gc,nmethod     ] GC(1) O: Purge NMethod: com.sun.org.apache.xerces.internal.impl.XMLDocumentFragmentScannerImpl.scanEndElement (0x00007ab28803c708) [0x00007ab28803c800, 0x00007ab28803df28] 
[3,830s][debug][gc,nmethod     ] GC(1) O: Purge NMethod: java.util.HashMap.computeIfAbsent (0x00007ab28752f608) [0x00007ab28752f700, 0x00007ab287531f08] 
[3,830s][debug][gc,nmethod     ] GC(1) O: Purge NMethod: jdk.internal.classfile.impl.SplitConstantPool.utf8Entry (0x00007ab2874e8b08) [0x00007ab2874e8c00, 0x00007ab2874e8ef8] 
[3,830s][debug][gc,nmethod     ] GC(1) O: Purge NMethod: java.lang.String.trim (0x00007ab287e1f388) [0x00007ab287e1f480, 0x00007ab287e1f958] 
[3,830s][debug][gc,nmethod     ] GC(1) O: Purge NMethod: java.lang.ClassLoader.checkName (0x00007ab287480788) [0x00007ab287480880, 0x00007ab2874815c8] 
[3,830s][debug][gc,nmethod     ] GC(1) O: Purge NMethod: com.sun.org.apache.xerces.internal.impl.XMLEntityScanner.skipSpaces (0x00007ab28805d988) [0x00007ab28805da80, 0x00007ab28805ed10] 
[3,830s][debug][gc,nmethod     ] GC(1) O: Purge NMethod: jdk.internal.foreign.AbstractMemorySegmentImpl.asByteBuffer (0x00007ab287efb808) [0x00007ab287efb900, 0x00007ab287efbe88] 
[3,830s][debug][gc,nmethod     ] GC(1) O: Purge NMethod: sun.nio.fs.UnixPath.normalizeAndCheck (0x00007ab287533808) [0x00007ab287533900, 0x00007ab287534bf8] 
[3,830s][debug][gc,nmethod     ] GC(1) O: Purge NMethod: jdk.internal.foreign.ArenaImpl.allocate (0x00007ab287aa5b88) [0x00007ab287aa5c80, 0x00007ab287aa5f78] 
[3,830s][debug][gc,nmethod     ] GC(1) O: Purge NMethod: java.util.concurrent.atomic.AtomicInteger.incrementAndGet (0x00007ab287437288) [0x00007ab287437380, 0x00007ab287437490] 
[3,830s][debug][gc,nmethod     ] GC(1) O: Purge NMethod: jdk.internal.foreign.NativeMemorySegmentImpl.makeByteBuffer (0x00007ab287f00a88) [0x00007ab287f00b80, 0x00007ab287f00cf0] 
[3,830s][debug][gc,nmethod     ] GC(1) O: Purge NMethod: io.sirix.access.trx.page.NodeStorageEngineWriter.getRecord (0x00007ab287d31488) [0x00007ab287d31580, 0x00007ab287d33520] 
[3,830s][debug][gc,nmethod     ] GC(1) O: Purge NMethod: sun.misc.Unsafe.isMemoryAccessWarned (0x00007ab287478f88) [0x00007ab287479080, 0x00007ab287479180] 
[3,830s][debug][gc,nmethod     ] GC(1) O: Purge NMethod: io.sirix.access.trx.node.AbstractNodeTrxImpl.getCurrentNode (0x00007ab287de9608) [0x00007ab287de9700, 0x00007ab287de9a70] 
[3,830s][debug][gc,nmethod     ] GC(1) O: Purge NMethod: com.sun.org.apache.xerces.internal.impl.XMLEntityScanner.peekChar (0x00007ab287e06808) [0x00007ab287e06900, 0x00007ab287e06db8] 
[3,830s][debug][gc,nmethod     ] GC(1) O: Purge NMethod: com.google.common.collect.testing.Helpers.addAll (0x00007ab287d11d08) [0x00007ab287d11e00, 0x00007ab287d127b8] 
[3,830s][debug][gc,nmethod     ] GC(1) O: Purge NMethod: io.sirix.access.trx.page.NodeStorageEngineWriter$IndexLogKeyToPageContainer.<init> (0x00007ab287f55688) [0x00007ab287f55780, 0x00007ab287f55a30] 
[3,830s][debug][gc,nmethod     ] GC(1) O: Purge NMethod: io.sirix.access.trx.node.AbstractDeweyIDManager.newFirstChildID (0x00007ab287f27e08) [0x00007ab287f27f00, 0x00007ab287f2ada8] 
[3,830s][debug][gc,nmethod     ] GC(1) O: Purge NMethod: jdk.internal.foreign.MemorySessionImpl$ResourceList.cleanup (0x00007ab2881e1e88) [0x00007ab2881e1f80, 0x00007ab2881e26b0] 
[3,830s][debug][gc,nmethod     ] GC(1) O: Purge NMethod: sun.nio.ch.NativeThreadSet.remove (0x00007ab287a05708) [0x00007ab287a05800, 0x00007ab287a05ea8] 
[3,830s][debug][gc,nmethod     ] GC(1) O: Purge NMethod: sun.security.provider.DigestBase.engineUpdate (0x00007ab2881adf08) [0x00007ab2881ae000, 0x00007ab2881af1e0] 
[3,830s][debug][gc,nmethod     ] GC(1) O: Purge NMethod: io.sirix.node.xml.ElementNode.setHash (0x00007ab287de9a88) [0x00007ab287de9b80, 0x00007ab287ded508] 
[3,830s][debug][gc,nmethod     ] GC(1) O: Purge NMethod: io.sirix.page.delegates.BitmapReferencesPage.index (0x00007ab2a6dffd88) [0x00007ab2a6dffe80, 0x00007ab2a6e00468] 
[3,830s][debug][gc,nmethod     ] GC(1) O: Purge NMethod: java.net.URLStreamHandler.parseURL (0x00007ab2876e0f88) [0x00007ab2876e1080, 0x00007ab2876fff98] 
[3,830s][debug][gc,nmethod     ] GC(1) O: Purge NMethod: io.sirix.service.xml.shredder.XmlShredder.insertNewContent (0x00007ab2a6e0f288) [0x00007ab2a6e0f380, 0x00007ab2a6e1b1f0] 
[3,830s][debug][gc,nmethod     ] GC(1) O: Purge NMethod: java.util.concurrent.ConcurrentHashMap.put (0x00007ab28756cc88) [0x00007ab28756cd80, 0x00007ab28756d080] 
[3,830s][debug][gc,nmethod     ] GC(1) O: Purge NMethod: io.sirix.index.path.summary.PathSummaryWriter.getPathNodeKey (0x00007ab287eccf08) [0x00007ab287ecd000, 0x00007ab287ed0e28] 
[3,830s][debug][gc,nmethod     ] GC(1) O: Purge NMethod: com.sun.org.apache.xerces.internal.impl.XMLEntityScanner.normalizeNewlines (0x00007ab287e50508) [0x00007ab287e50600, 0x00007ab287e51920] 
[3,830s][debug][gc,nmethod     ] GC(1) O: Purge NMethod: net.jpountz.util.SafeUtils.readIntLE (0x00007ab287528e08) [0x00007ab287528f00, 0x00007ab2875290a0] 
[3,830s][debug][gc,nmethod     ] GC(1) O: Purge NMethod: com.sun.org.apache.xerces.internal.impl.XMLEntityScanner.skipString (0x00007ab287f15588) [0x00007ab287f15680, 0x00007ab287f167a0] 
[3,830s][debug][gc,nmethod     ] GC(1) O: Purge NMethod: java.lang.Math.max (0x00007ab287508708) [0x00007ab287508800, 0x00007ab287508928] 
[3,830s][debug][gc,nmethod     ] GC(1) O: Purge NMethod: java.nio.MappedByteBuffer.<init> (0x00007ab287a42c08) [0x00007ab287a42d00, 0x00007ab287a42ed0] 
[3,831s][debug][gc,nmethod     ] GC(1) O: Purge NMethod: com.sun.xml.internal.stream.events.DummyEvent.asEndElement (0x00007ab287f14c88) [0x00007ab287f14d80, 0x00007ab287f150a0] 
[3,831s][debug][gc,nmethod     ] GC(1) O: Purge NMethod: java.lang.StringBuilder.setLength (0x00007ab287e75388) [0x00007ab287e75480, 0x00007ab287e755b0] 
[3,831s][debug][gc,nmethod     ] GC(1) O: Purge NMethod: sun.nio.fs.UnixPath.getByteArrayForSysCalls (0x00007ab287481e08) [0x00007ab287481f00, 0x00007ab2874826f8] 
[3,831s][debug][gc,nmethod     ] GC(1) O: Purge NMethod: io.sirix.index.path.summary.PathSummaryReader.putMapping (0x00007ab287e88008) [0x00007ab287e88100, 0x00007ab287e88b38] 
[3,831s][debug][gc,nmethod     ] GC(1) O: Purge NMethod: io.sirix.access.trx.node.AbstractNodeReadOnlyTrx.setCurrentNode (0x00007ab287a5f988) [0x00007ab287a5fa80, 0x00007ab287a5ff10] 
[3,831s][debug][gc,nmethod     ] GC(1) O: Purge NMethod: jdk.internal.access.SharedSecrets.getJavaLangAccess (0x00007ab28760ec08) [0x00007ab28760ed00, 0x00007ab28760ee28] 
[3,831s][debug][gc,nmethod     ] GC(1) O: Purge NMethod: io.sirix.index.name.Names.setName (0x00007ab287e84608) [0x00007ab287e84700, 0x00007ab287e869a8] 
[3,831s][debug][gc,nmethod     ] GC(1) O: Purge NMethod: java.nio.MappedByteBuffer.rewind (0x00007ab287b2b688) [0x00007ab287b2b780, 0x00007ab287b2bb68] 
[3,831s][debug][gc,nmethod     ] GC(1) O: Purge NMethod: io.sirix.node.xml.TextNode.getRawValue (0x00007ab287f17d88) [0x00007ab287f17e80, 0x00007ab287f18198] 
[3,831s][debug][gc,nmethod     ] GC(1) O: Purge NMethod: io.sirix.index.path.summary.PathNode.getLocalNameKey (0x00007ab287e2b288) [0x00007ab287e2b380, 0x00007ab287e2b4e0] 
[3,831s][debug][gc,nmethod     ] GC(1) O: Purge NMethod: java.lang.Class.getPackageName (0x00007ab28748d288) [0x00007ab28748d380, 0x00007ab28748f588] 
[3,831s][debug][gc,nmethod     ] GC(1) O: Purge NMethod: com.sun.org.apache.xerces.internal.impl.XMLDocumentFragmentScannerImpl$FragmentContentDriver.next (0x00007ab2a6da3b08) [0x00007ab2a6da3c00, 0x00007ab2a6da5898] 
[3,831s][debug][gc,nmethod     ] GC(1) O: Purge NMethod: java.lang.Integer.numberOfLeadingZeros (0x00007ab2874e8088) [0x00007ab2874e8180, 0x00007ab2874e8400] 
[3,831s][debug][gc,nmethod     ] GC(1) O: Purge NMethod: sun.net.www.protocol.file.Handler.parseURL (0x00007ab2876d5208) [0x00007ab2876d5300, 0x00007ab2876d5670] 
[3,831s][debug][gc,nmethod     ] GC(1) O: Purge NMethod: io.sirix.utils.XMLToken.isNCStartChar (0x00007ab28808c508) [0x00007ab28808c600, 0x00007ab28808cc70] 
[3,831s][debug][gc,nmethod     ] GC(1) O: Purge NMethod: com.google.common.collect.testing.Helpers.addAll (0x00007ab2a6ce7688) [0x00007ab2a6ce77a0, 0x00007ab2a6ce9fa0] 
[3,831s][debug][gc,nmethod     ] GC(1) O: Purge NMethod: io.sirix.node.xml.ElementNode.getLeftSiblingKey (0x00007ab287c6af88) [0x00007ab287c6b080, 0x00007ab287c70070] 
[3,831s][debug][gc,nmethod     ] GC(1) O: Purge NMethod: java.util.ArrayList.<init> (0x00007ab287593d08) [0x00007ab287593e00, 0x00007ab2875940a0] 
[3,831s][debug][gc,nmethod     ] GC(1) O: Purge NMethod: io.sirix.node.xml.AttributeNode.getKind (0x00007ab287e3bf08) [0x00007ab287e3c000, 0x00007ab287e3c108] 
[3,831s][debug][gc,nmethod     ] GC(1) O: Purge NMethod: jdk.internal.foreign.SegmentFactories.fromArray (0x00007ab288193a88) [0x00007ab288193b80, 0x00007ab288194680] 
[3,831s][debug][gc,nmethod     ] GC(1) O: Purge NMethod: java.util.concurrent.atomic.AtomicReferenceArray.get (0x00007ab287858008) [0x00007ab287858100, 0x00007ab287859318] 
[3,831s][debug][gc,nmethod     ] GC(1) O: Purge NMethod: java.util.ArrayList$Itr.<init> (0x00007ab2875a4b08) [0x00007ab2875a4c00, 0x00007ab2875a4f30] 
[3,831s][debug][gc,nmethod     ] GC(1) O: Purge NMethod: com.sun.xml.internal.stream.XMLEventReaderImpl.nextEvent (0x00007ab287e13508) [0x00007ab287e13600, 0x00007ab287e13e88] 
[3,831s][debug][gc,nmethod     ] GC(1) O: Purge NMethod: java.io.UnixFileSystem.resolve (0x00007ab2876d8c88) [0x00007ab2876d8d80, 0x00007ab2876dc210] 
[3,831s][debug][gc,nmethod     ] GC(1) O: Purge NMethod: io.sirix.node.json.JsonNodeSerializer.updateSizePrefix (0x00007ab2880c1288) [0x00007ab2880c1380, 0x00007ab2880c1a48] 
[3,831s][debug][gc,nmethod     ] GC(1) O: Purge NMethod: jdk.internal.foreign.layout.ValueLayouts$OfByteImpl.<init> (0x00007ab288188288) [0x00007ab288188380, 0x00007ab2881884d8] 
[3,831s][debug][gc,nmethod     ] GC(1) O: Purge NMethod: com.sun.org.apache.xerces.internal.impl.io.UTF8Reader.read (0x00007ab287f93c88) [0x00007ab287f93d80, 0x00007ab287f96ff8] 
[3,831s][debug][gc,nmethod     ] GC(1) O: Purge NMethod: com.sun.org.apache.xerces.internal.impl.XMLDocumentFragmentScannerImpl$FragmentContentDriver.next (0x00007ab2a6d4ae88) [0x00007ab2a6d4af80, 0x00007ab2a6d4cbc0] 
[3,831s][debug][gc,nmethod     ] GC(1) O: Purge NMethod: com.sun.org.apache.xerces.internal.impl.XMLNSDocumentScannerImpl.next (0x00007ab288029908) [0x00007ab288029a00, 0x00007ab288029ed0] 
[3,831s][debug][gc,nmethod     ] GC(1) O: Purge NMethod: java.lang.Record.<init> (0x00007ab287454408) [0x00007ab287454500, 0x00007ab287454658] 
[3,831s][debug][gc,nmethod     ] GC(1) O: Purge NMethod: jdk.internal.foreign.MemorySessionImpl$ResourceList.cleanupSingle (0x00007ab288185808) [0x00007ab288185900, 0x00007ab288185ea8] 
[3,831s][debug][gc,nmethod     ] GC(1) O: Purge NMethod: jdk.internal.foreign.NativeMemorySegmentImpl.dup (0x00007ab28780da88) [0x00007ab28780db80, 0x00007ab28780e118] 
[3,831s][debug][gc,nmethod     ] GC(1) O: Purge NMethod: net.openhft.hashing.MathsJDK9.unsignedLongMulXorFoldImp (0x00007ab287ddbb88) [0x00007ab287ddbc80, 0x00007ab287ddbe00] 
[3,831s][debug][gc,nmethod     ] GC(1) O: Purge NMethod: java.lang.ref.SoftReference.get (0x00007ab287567808) [0x00007ab287567900, 0x00007ab287567ac0] 
[3,831s][debug][gc,nmethod     ] GC(1) O: Purge NMethod: java.lang.Math.min (0x00007ab287582208) [0x00007ab287582300, 0x00007ab287582428] 
[3,831s][debug][gc,nmethod     ] GC(1) O: Purge NMethod: java.lang.Object.<init> (0x00007ab2a6be6e08) [0x00007ab2a6be6f00, 0x00007ab2a6be6f80] 
[3,831s][debug][gc,nmethod     ] GC(1) O: Purge NMethod: jdk.internal.foreign.MemorySessionImpl.addInternal (0x00007ab287abf088) [0x00007ab287abf180, 0x00007ab287ac00f0] 
[3,831s][debug][gc,nmethod     ] GC(1) O: Purge NMethod: io.sirix.node.MemorySegmentBytesOut.writeStopBit (0x00007ab2880ee388) [0x00007ab2880ee480, 0x00007ab2880ee820] 
[3,831s][debug][gc,nmethod     ] GC(1) O: Purge NMethod: java.lang.String.encode (0x00007ab287dbc408) [0x00007ab287dbc500, 0x00007ab287dbc838] 
[3,831s][debug][gc,nmethod     ] GC(1) O: Purge NMethod: jdk.internal.misc.Unsafe.getIntUnaligned (0x00007ab287570608) [0x00007ab287570700, 0x00007ab287570948] 
[3,831s][debug][gc,nmethod     ] GC(1) O: Purge NMethod: com.sun.org.apache.xerces.internal.impl.XMLDocumentFragmentScannerImpl.scanContent (0x00007ab288014308) [0x00007ab288014400, 0x00007ab2880159f0] 
[3,831s][debug][gc,nmethod     ] GC(1) O: Purge NMethod: com.sun.xml.internal.stream.events.XMLEventAllocatorImpl.fillAttributes (0x00007ab2a6d9ec88) [0x00007ab2a6d9ed80, 0x00007ab2a6da0f78] 
[3,831s][debug][gc,nmethod     ] GC(1) O: Purge NMethod: com.sun.org.apache.xerces.internal.util.SymbolTable.hash (0x00007ab287f07d08) [0x00007ab287f07e00, 0x00007ab287f080a0] 
[3,831s][debug][gc,nmethod     ] GC(1) O: Purge NMethod: java.util.concurrent.ForkJoinPool.deactivate (0x00007ab2a6ce0008) [0x00007ab2a6ce0100, 0x00007ab2a6ce0f50] 
[3,831s][debug][gc,nmethod     ] GC(1) O: Purge NMethod: io.sirix.access.trx.node.xml.XmlNodeTrxImpl.getBytes (0x00007ab287efb108) [0x00007ab287efb200, 0x00007ab287efb7c8] 
[3,831s][debug][gc,nmethod     ] GC(1) O: Purge NMethod: java.util.Arrays.fill (0x00007ab2a6c9bd08) [0x00007ab2a6c9be00, 0x00007ab2a6c9bf98] 
[3,831s][debug][gc,nmethod     ] GC(1) O: Purge NMethod: io.sirix.node.xml.TextNode.getParentKey (0x00007ab287e00488) [0x00007ab287e00580, 0x00007ab287e05568] 
[3,831s][debug][gc,nmethod     ] GC(1) O: Purge NMethod: io.sirix.access.trx.node.AbstractNodeHashing.isValueNode (0x00007ab287e70b88) [0x00007ab287e70c80, 0x00007ab287e72848] 
[3,831s][debug][gc,nmethod     ] GC(1) O: Purge NMethod: sun.net.www.ParseUtil.encodePath (0x00007ab287599488) [0x00007ab287599580, 0x00007ab287599768] 
[3,831s][debug][gc,nmethod     ] GC(1) O: Purge NMethod: jdk.internal.misc.Unsafe.checkNativeAddress (0x00007ab287893888) [0x00007ab287893980, 0x00007ab287893a90] 
[3,831s][debug][gc,nmethod     ] GC(1) O: Purge NMethod: java.util.concurrent.ConcurrentHashMap.replaceNode (0x00007ab287ba0588) [0x00007ab287ba0680, 0x00007ab287ba29f8] 
[3,831s][debug][gc,nmethod     ] GC(1) O: Purge NMethod: java.nio.ByteOrder.nativeOrder (0x00007ab287879088) [0x00007ab287879180, 0x00007ab287879268] 
[3,831s][debug][gc,nmethod     ] GC(1) O: Purge NMethod: com.sun.xml.internal.stream.events.XMLEventAllocatorImpl.fillAttributes (0x00007ab287e9f908) [0x00007ab287e9fa00, 0x00007ab287ea0508] 
[3,831s][debug][gc,nmethod     ] GC(1) O: Purge NMethod: it.unimi.dsi.fastutil.HashCommon.mix (0x00007ab2877fbd88) [0x00007ab2877fbe80, 0x00007ab2877fbf70] 
[3,831s][debug][gc,nmethod     ] GC(1) O: Purge NMethod: java.lang.Class.getSimpleName (0x00007ab288188588) [0x00007ab288188680, 0x00007ab2881888e0] 
[3,831s][debug][gc,nmethod     ] GC(1) O: Purge NMethod: jdk.internal.misc.Unsafe.putLongUnaligned (0x00007ab2a6c86608) [0x00007ab2a6c86700, 0x00007ab2a6c867c0] 
[3,831s][debug][gc,nmethod     ] GC(1) O: Purge NMethod: io.sirix.utils.XMLToken.ncName (0x00007ab28808bf88) [0x00007ab28808c080, 0x00007ab28808c4d8] 
[3,831s][debug][gc,nmethod     ] GC(1) O: Purge NMethod: io.sirix.access.trx.page.NodeStorageEngineReader.getNamePage (0x00007ab287a58b88) [0x00007ab287a58c80, 0x00007ab287a59c58] 
[3,831s][debug][gc,nmethod     ] GC(1) O: Purge NMethod: io.sirix.node.immutable.xml.ImmutableElement.getPathNodeKey (0x00007ab287edc288) [0x00007ab287edc380, 0x00007ab287ee15c8] 
[3,831s][debug][gc,nmethod     ] GC(1) O: Purge NMethod: jdk.internal.foreign.AbstractMemorySegmentImpl.checkBounds (0x00007ab2a6c92b08) [0x00007ab2a6c92c00, 0x00007ab2a6c92cf8] 
[3,831s][debug][gc,nmethod     ] GC(1) O: Purge NMethod: jdk.internal.ref.CleanerImpl$CleanableList.remove (0x00007ab28753f108) [0x00007ab28753f200, 0x00007ab287540030] 
[3,831s][debug][gc,nmethod     ] GC(1) O: Purge NMethod: net.openhft.hashing.XXH3.XXH3_mix16B (0x00007ab287ddc488) [0x00007ab287ddc580, 0x00007ab287dddf10] 
[3,831s][debug][gc,nmethod     ] GC(1) O: Purge NMethod: io.sirix.page.KeyValueLeafPage.getSlot (0x00007ab2878a9608) [0x00007ab2878a9700, 0x00007ab2878bf930] 
[3,831s][debug][gc,nmethod     ] GC(1) O: Purge NMethod: java.lang.String.startsWith (0x00007ab287750908) [0x00007ab287750a00, 0x00007ab287750cf8] 
[3,831s][debug][gc,nmethod     ] GC(1) O: Purge NMethod: io.sirix.axis.filter.PathNameFilter.<init> (0x00007ab287eca408) [0x00007ab287eca500, 0x00007ab287ecc158] 
[3,831s][debug][gc,nmethod     ] GC(1) O: Purge NMethod: io.sirix.access.trx.node.xml.XmlNodeReadOnlyTrxImpl.isElement (0x00007ab287fa4288) [0x00007ab287fa4380, 0x00007ab287fa4e18] 
[3,831s][debug][gc,nmethod     ] GC(1) O: Purge NMethod: io.sirix.node.GrowingMemorySegment.getUsedSegment (0x00007ab287a24b88) [0x00007ab287a24c80, 0x00007ab287a25290] 
[3,831s][debug][gc,nmethod     ] GC(1) O: Purge NMethod: net.jpountz.lz4.LZ4BlockOutputStream.writeIntLE (0x00007ab287bc5988) [0x00007ab287bc5a80, 0x00007ab287bc5c08] 
[3,831s][debug][gc,nmethod     ] GC(1) O: Purge NMethod: io.sirix.access.trx.node.AbstractDeweyIDManager.newRightSiblingID (0x00007ab287f02908) [0x00007ab287f02a00, 0x00007ab287f059a0] 
[3,831s][debug][gc,nmethod     ] GC(1) O: Purge NMethod: io.sirix.access.trx.page.NodeStorageEngineWriter.createRecord (0x00007ab287df6108) [0x00007ab287df6200, 0x00007ab287dfc640] 
[3,832s][debug][gc,nmethod     ] GC(1) O: Purge NMethod: io.sirix.page.KeyValueLeafPage.setSlot (0x00007ab287bd7088) [0x00007ab287bd7180, 0x00007ab287bd7328] 
[3,832s][debug][gc,nmethod     ] GC(1) O: Purge NMethod: io.sirix.page.NamePage.setName (0x00007ab287e7eb08) [0x00007ab287e7ec00, 0x00007ab287e801a0] 
[3,832s][debug][gc,nmethod     ] GC(1) O: Purge NMethod: jdk.internal.foreign.AbstractMemorySegmentImpl.asSlice (0x00007ab287e45b08) [0x00007ab287e45c00, 0x00007ab287e46040] 
[3,832s][debug][gc,nmethod     ] GC(1) O: Purge NMethod: io.sirix.access.trx.page.NodeStorageEngineReader.getRecordPage (0x00007ab287a70e88) [0x00007ab287a70f80, 0x00007ab287a7c508] 
[3,832s][debug][gc,nmethod     ] GC(1) O: Purge NMethod: com.sun.org.apache.xerces.internal.impl.XMLDocumentFragmentScannerImpl$FragmentContentDriver.next (0x00007ab28802ab08) [0x00007ab28802ac00, 0x00007ab288038a10] 
[3,832s][debug][gc,nmethod     ] GC(1) O: Purge NMethod: java.lang.invoke.VarHandleSegmentAsInts.get (0x00007ab287902508) [0x00007ab287902600, 0x00007ab287907aa0] 
[3,832s][debug][gc,nmethod     ] GC(1) O: Purge NMethod: jdk.internal.misc.Unsafe.copyMemory (0x00007ab287845f88) [0x00007ab287846080, 0x00007ab287847640] 
[3,832s][debug][gc,nmethod     ] GC(1) O: Purge NMethod: io.sirix.node.xml.AttributeNode.computeHash (0x00007ab287fe2308) [0x00007ab287fe2400, 0x00007ab287ff8c60] 
[3,832s][debug][gc,nmethod     ] GC(1) O: Purge NMethod: io.sirix.utils.XMLToken.isNCStartChar (0x00007ab287df5408) [0x00007ab287df5500, 0x00007ab287df5b70] 
[3,832s][debug][gc,nmethod     ] GC(1) O: Purge NMethod: com.sun.org.apache.xerces.internal.impl.XMLDocumentFragmentScannerImpl$FragmentContentDriver.next (0x00007ab287e2b888) [0x00007ab287e2b980, 0x00007ab287e39800] 
[3,832s][debug][gc,nmethod     ] GC(1) O: Purge NMethod: jdk.internal.foreign.AbstractMemorySegmentImpl.checkEnclosingLayout (0x00007ab287886488) [0x00007ab287886580, 0x00007ab287889528] 
[3,832s][debug][gc,nmethod     ] GC(1) O: Purge NMethod: io.sirix.access.trx.page.NodeStorageEngineWriter.prepareRecordPage (0x00007ab287d1e408) [0x00007ab287d1e500, 0x00007ab287d20aa8] 
[3,832s][debug][gc,nmethod     ] GC(1) O: Purge NMethod: io.sirix.api.StorageEngineReader.recordPageOffset (0x00007ab2875acd08) [0x00007ab2875ace00, 0x00007ab2875acef8] 
[3,832s][debug][gc,nmethod     ] GC(1) O: Purge NMethod: com.sun.org.apache.xerces.internal.impl.XMLDocumentFragmentScannerImpl.getAttributeIterator (0x00007ab287e93588) [0x00007ab287e93680, 0x00007ab287e93918] 
[3,832s][debug][gc,nmethod     ] GC(1) O: Purge NMethod: jdk.internal.util.Preconditions.checkFromIndexSize (0x00007ab287453b08) [0x00007ab287453c00, 0x00007ab287453d98] 
[3,832s][debug][gc,nmethod     ] GC(1) O: Purge NMethod: io.sirix.utils.XMLToken.isValidQName (0x00007ab287ea8a88) [0x00007ab287ea8b80, 0x00007ab287eaa0d0] 
[3,832s][debug][gc,nmethod     ] GC(1) O: Purge NMethod: java.lang.ref.Reference.refersToImpl (0x00007ab287507c08) [0x00007ab287507d00, 0x00007ab287507e38] 
[3,832s][debug][gc,nmethod     ] GC(1) O: Purge NMethod: jdk.internal.misc.Unsafe.putIntUnaligned (0x00007ab28789df88) [0x00007ab28789e080, 0x00007ab28789e2b0] 
[3,832s][debug][gc,nmethod     ] GC(1) O: Purge NMethod: io.sirix.node.xml.TextNode.computeHash (0x00007ab287f43d88) [0x00007ab287f43e80, 0x00007ab287f55628] 
[3,832s][debug][gc,nmethod     ] GC(1) O: Purge NMethod: io.sirix.node.xml.ElementNode.computeHash (0x00007ab287f64488) [0x00007ab287f64580, 0x00007ab287f93bc8] 
[3,832s][debug][gc,nmethod     ] GC(1) O: Purge NMethod: io.sirix.access.trx.page.NodeStorageEngineWriter$$Lambda/0x000000006c23c270.<init> (0x00007ab288029588) [0x00007ab288029680, 0x00007ab2880298d0] 
[3,832s][debug][gc,nmethod     ] GC(1) O: Purge NMethod: kotlin.jvm.internal.Intrinsics.checkNotNullParameter (0x00007ab287437b08) [0x00007ab287437c00, 0x00007ab2874383e8] 
[3,832s][debug][gc,nmethod     ] GC(1) O: Purge NMethod: com.sun.org.apache.xerces.internal.impl.XMLEntityScanner.scanQName (0x00007ab287ea6508) [0x00007ab287ea6600, 0x00007ab287ea8a48] 
[3,832s][debug][gc,nmethod     ] GC(1) O: Purge NMethod: com.sun.org.apache.xerces.internal.impl.XMLEntityScanner.scanLiteral (0x00007ab287fa5e08) [0x00007ab287fa5f00, 0x00007ab287fa7148] 
[3,832s][debug][gc,nmethod     ] GC(1) O: Purge NMethod: jdk.internal.foreign.ConfinedSession$ConfinedResourceList.add (0x00007ab2880bdf88) [0x00007ab2880be080, 0x00007ab2880be518] 
[3,832s][debug][gc,nmethod     ] GC(1) O: Purge NMethod: io.sirix.access.trx.page.NodeStorageEngineReader.getMostRecentPage (0x00007ab287ad8508) [0x00007ab287ad8600, 0x00007ab287ad8f18] 
[3,832s][debug][gc,nmethod     ] GC(1) O: Purge NMethod: io.sirix.utils.XMLToken.isNCStartChar (0x00007ab2a6d38608) [0x00007ab2a6d38700, 0x00007ab2a6d387e0] 
[3,832s][debug][gc,nmethod     ] GC(1) O: Purge NMethod: io.sirix.index.path.summary.PathSummaryReader.getFirstChildKey (0x00007ab287e97388) [0x00007ab287e97480, 0x00007ab287e97c00] 
[3,832s][debug][gc,nmethod     ] GC(1) O: Purge NMethod: java.lang.invoke.SegmentVarHandle.checkSegment (0x00007ab287882e08) [0x00007ab287882f00, 0x00007ab287886468] 
[3,832s][debug][gc,nmethod     ] GC(1) O: Purge NMethod: java.io.BufferedInputStream.read (0x00007ab287611d08) [0x00007ab287611e00, 0x00007ab287612938] 
[3,832s][debug][gc,nmethod     ] GC(1) O: Purge NMethod: java.util.LinkedHashMap.afterNodeInsertion (0x00007ab287526608) [0x00007ab287526700, 0x00007ab287526908] 
[3,832s][debug][gc,nmethod     ] GC(1) O: Purge NMethod: io.sirix.access.trx.page.NodeStorageEngineReader.closeMostRecentPageIfOrphaned (0x00007ab287b9e188) [0x00007ab287b9e280, 0x00007ab287b9f4e8] 
[3,832s][debug][gc,nmethod     ] GC(1) O: Purge NMethod: java.util.concurrent.ConcurrentHashMap.get (0x00007ab28770f808) [0x00007ab28770f900, 0x00007ab287710918] 
[3,832s][debug][gc,nmethod     ] GC(1) O: Purge NMethod: java.lang.ref.Cleaner.register (0x00007ab2a6cf5688) [0x00007ab2a6cf5780, 0x00007ab2a6cf6088] 
[3,832s][debug][gc,nmethod     ] GC(1) O: Purge NMethod: jdk.internal.foreign.Utils.checkAlign (0x00007ab287aa7908) [0x00007ab287aa7a00, 0x00007ab287aa8758] 
[3,832s][debug][gc,nmethod     ] GC(1) O: Purge NMethod: io.sirix.axis.filter.FilterAxis.nextKey (0x00007ab287ea0988) [0x00007ab287ea0a80, 0x00007ab287ea2090] 
[3,832s][debug][gc,nmethod     ] GC(1) O: Purge NMethod: io.sirix.cache.IndexLogKey.equals (0x00007ab287f35c88) [0x00007ab287f35d80, 0x00007ab287f366c8] 
[3,832s][debug][gc,nmethod     ] GC(1) O: Purge NMethod: java.util.concurrent.atomic.AtomicLong.compareAndSet (0x00007ab287817b08) [0x00007ab287817c00, 0x00007ab287817d20] 
[3,832s][debug][gc,nmethod     ] GC(1) O: Purge NMethod: jdk.internal.foreign.AbstractMemorySegmentImpl.isAlignedForElement (0x00007ab28787c108) [0x00007ab28787c200, 0x00007ab28787c848] 
[3,832s][debug][gc,nmethod     ] GC(1) O: Purge NMethod: io.sirix.page.KeyValueLeafPage.setData (0x00007ab287981d88) [0x00007ab287981e80, 0x00007ab2879c7630] 
[3,832s][debug][gc,nmethod     ] GC(1) O: Purge NMethod: org.magicwerk.brownies.collections.GapList.doGet (0x00007ab287455f88) [0x00007ab287456080, 0x00007ab2874563b8] 
[3,832s][debug][gc,nmethod     ] GC(1) O: Purge NMethod: io.sirix.service.xml.shredder.AbstractShredder.processStartTag (0x00007ab287f1fb88) [0x00007ab287f1fc80, 0x00007ab287f25960] 
[3,832s][debug][gc,nmethod     ] GC(1) O: Purge NMethod: io.sirix.access.trx.page.AbstractForwardingStorageEngineReader.getResourceSession (0x00007ab287d50088) [0x00007ab287d50180, 0x00007ab287d506b8] 
[3,832s][debug][gc,nmethod     ] GC(1) O: Purge NMethod: io.sirix.page.PageUtils.fixupPageReferenceIds (0x00007ab287a5b508) [0x00007ab287a5b600, 0x00007ab287a5c6e8] 
[3,832s][debug][gc,nmethod     ] GC(1) O: Purge NMethod: io.sirix.access.trx.node.xml.XmlNodeFactoryImpl.createElementNode (0x00007ab287f19d88) [0x00007ab287f19e80, 0x00007ab287f1e6d0] 
[3,832s][debug][gc,nmethod     ] GC(1) O: Purge NMethod: com.sun.org.apache.xerces.internal.impl.XMLStreamReaderImpl.getAttributeCount (0x00007ab287f2ae08) [0x00007ab287f2af00, 0x00007ab287f2b5e8] 
[3,832s][debug][gc,nmethod     ] GC(1) O: Purge NMethod: sun.net.util.IPAddressUtil.scan (0x00007ab2876ae388) [0x00007ab2876ae480, 0x00007ab2876af4d0] 
[3,832s][debug][gc,nmethod     ] GC(1) O: Purge NMethod: it.unimi.dsi.fastutil.longs.LongArrayList.getLong (0x00007ab287e39e88) [0x00007ab287e39f80, 0x00007ab287e3b410] 
[3,832s][debug][gc,nmethod     ] GC(1) O: Purge NMethod: io.sirix.access.trx.node.AbstractNodeReadOnlyTrx.storeDeweyIDs (0x00007ab287e6e388) [0x00007ab287e6e480, 0x00007ab287e6e998] 
[3,832s][debug][gc,nmethod     ] GC(1) O: Purge NMethod: io.sirix.access.trx.page.NodeStorageEngineWriter.getMostRecentPageContainer (0x00007ab287bc3e88) [0x00007ab287bc3f80, 0x00007ab287bc45b0] 
[3,832s][debug][gc,nmethod     ] GC(1) O: Purge NMethod: io.sirix.utils.NamePageHash.generateHashForString (0x00007ab287e3bb08) [0x00007ab287e3bc00, 0x00007ab287e3bed8] 
[3,832s][debug][gc,nmethod     ] GC(1) O: Purge NMethod: io.sirix.access.trx.node.xml.XmlNodeTrxImpl.insertTextAsFirstChild (0x00007ab287f3bc88) [0x00007ab287f3bd80, 0x00007ab287f43d18] 
[3,832s][debug][gc,nmethod     ] GC(1) O: Purge NMethod: java.util.HashMap.put (0x00007ab28770a788) [0x00007ab28770a880, 0x00007ab28770ae68] 
[3,832s][debug][gc,nmethod     ] GC(1) O: Purge NMethod: io.sirix.page.KeyValueLeafPage.getNumberOfNonNullEntries (0x00007ab287bdff08) [0x00007ab287be0000, 0x00007ab287be0520] 
[3,832s][debug][gc,nmethod     ] GC(1) O: Purge NMethod: sun.security.provider.SHA2.implCompress0 (0x00007ab287bc5c88) [0x00007ab287bc5d80, 0x00007ab287bc6a30] 
[3,832s][debug][gc,nmethod     ] GC(1) O: Purge NMethod: io.sirix.page.PageReference.hashCode (0x00007ab28757c308) [0x00007ab28757c400, 0x00007ab28757d480] 
[3,832s][debug][gc,nmethod     ] GC(1) O: Purge NMethod: net.openhft.hashing.LongHashFunction.hashByteBuffer (0x00007ab287ef6508) [0x00007ab287ef6600, 0x00007ab287ef7b68] 
[3,832s][debug][gc,nmethod     ] GC(1) O: Purge NMethod: com.sun.org.apache.xerces.internal.impl.XMLDocumentFragmentScannerImpl.scanEndElement (0x00007ab287f34408) [0x00007ab287f34500, 0x00007ab287f35c28] 
[3,832s][debug][gc,nmethod     ] GC(1) O: Purge NMethod: jdk.internal.foreign.layout.MemoryLayoutUtil.requireByteSizeValid (0x00007ab287dbd088) [0x00007ab287dbd180, 0x00007ab287dbdee8] 
[3,832s][debug][gc,nmethod     ] GC(1) O: Purge NMethod: io.sirix.node.xml.ElementNode.getParentKey (0x00007ab287dde888) [0x00007ab287dde980, 0x00007ab287de3968] 
[3,832s][debug][gc,nmethod     ] GC(1) O: Purge NMethod: io.sirix.access.trx.page.NodeStorageEngineWriter.getPageContainer (0x00007ab287d30208) [0x00007ab287d30300, 0x00007ab287d31440] 
[3,832s][debug][gc,nmethod     ] GC(1) O: Purge NMethod: java.util.BitSet.flip (0x00007ab2a6d41a88) [0x00007ab2a6d41b80, 0x00007ab2a6d41e00] 
[3,832s][debug][gc,nmethod     ] GC(1) O: Purge NMethod: com.sun.org.apache.xerces.internal.impl.io.UTF8Reader.read (0x00007ab287f5fc08) [0x00007ab287f5fd00, 0x00007ab287f631d8] 
[3,832s][debug][gc,nmethod     ] GC(1) O: Purge NMethod: java.util.concurrent.atomic.AtomicIntegerFieldUpdater$AtomicIntegerFieldUpdaterImpl.getAndAdd (0x00007ab287ca7888) [0x00007ab287ca7980, 0x00007ab287ca7d98] 
[3,832s][debug][gc,nmethod     ] GC(1) O: Purge NMethod: io.sirix.access.trx.page.NodeStorageEngineReader.close (0x00007ab287ba8088) [0x00007ab287ba8180, 0x00007ab287bab010] 
[3,832s][debug][gc,nmethod     ] GC(1) O: Purge NMethod: jdk.internal.misc.Unsafe.weakCompareAndSetLong (0x00007ab2878d5108) [0x00007ab2878d5200, 0x00007ab2878d5320] 
[3,832s][debug][gc,nmethod     ] GC(1) O: Purge NMethod: io.sirix.node.xml.ElementNode.getNamespaceCount (0x00007ab2880bff88) [0x00007ab2880c0080, 0x00007ab2880c0210] 
[3,832s][debug][gc,nmethod     ] GC(1) O: Purge NMethod: jdk.internal.foreign.ArenaImpl.<init> (0x00007ab287c39b08) [0x00007ab287c39c00, 0x00007ab287c39fe0] 
[3,832s][debug][gc,nmethod     ] GC(1) O: Purge NMethod: io.sirix.node.MemorySegmentBytesOut.<init> (0x00007ab287e29608) [0x00007ab287e29700, 0x00007ab287e2a4d0] 
[3,832s][debug][gc,nmethod     ] GC(1) O: Purge NMethod: io.sirix.access.trx.node.AbstractIndexController.notifyChange (0x00007ab287e72d08) [0x00007ab287e72e00, 0x00007ab287e73cb8] 
[3,832s][debug][gc,nmethod     ] GC(1) O: Purge NMethod: jdk.xml.internal.XMLSecurityPropertyManager$Property.equalsName (0x00007ab287df4688) [0x00007ab287df4780, 0x00007ab287df4db0] 
[3,832s][debug][gc,nmethod     ] GC(1) O: Purge NMethod: io.sirix.axis.AbstractAxis.tryToComputeNext (0x00007ab287b2eb08) [0x00007ab287b2ec00, 0x00007ab287b2f330] 
[3,832s][debug][gc,nmethod     ] GC(1) O: Purge NMethod: java.util.BitSet.<init> (0x00007ab28752cd08) [0x00007ab28752ce00, 0x00007ab28752dd48] 
[3,832s][debug][gc,nmethod     ] GC(1) O: Purge NMethod: io.sirix.page.KeyValueLeafPage.updateFreeSpaceStart (0x00007ab2875ad208) [0x00007ab2875ad300, 0x00007ab2875ad888] 
[3,832s][debug][gc,nmethod     ] GC(1) O: Purge NMethod: sun.nio.fs.UnixPath.resolve (0x00007ab287a07d08) [0x00007ab287a07e00, 0x00007ab287a07f48] 
[3,832s][debug][gc,nmethod     ] GC(1) O: Purge NMethod: java.util.concurrent.ForkJoinPool$WorkQueue.unlockPhase (0x00007ab287c17108) [0x00007ab287c17200, 0x00007ab287c17310] 
[3,832s][debug][gc,nmethod     ] GC(1) O: Purge NMethod: io.sirix.access.trx.RevisionEpochTracker.register (0x00007ab287a84508) [0x00007ab287a84600, 0x00007ab287a861d8] 
[3,832s][debug][gc,nmethod     ] GC(1) O: Purge NMethod: io.sirix.page.KeyValueLeafPage.findFreeSpaceForSlots (0x00007ab287bd9108) [0x00007ab287bd9200, 0x00007ab287bd9ec8] 
[3,832s][debug][gc,nmethod     ] GC(1) O: Purge NMethod: io.sirix.node.xml.ElementNode.setChildCount (0x00007ab287e8a788) [0x00007ab287e8a880, 0x00007ab287e8e3a0] 
[3,832s][debug][gc,nmethod     ] GC(1) O: Purge NMethod: java.util.concurrent.ForkJoinPool.deactivate (0x00007ab2a6cd3108) [0x00007ab2a6cd3200, 0x00007ab2a6cd4268] 
[3,832s][debug][gc,nmethod     ] GC(1) O: Purge NMethod: io.sirix.page.KeyValueLeafPage.getAvailableSpace (0x00007ab28792f308) [0x00007ab28792f400, 0x00007ab287934ec0] 
[3,832s][debug][gc,nmethod     ] GC(1) O: Purge NMethod: com.sun.xml.internal.stream.events.DummyEvent.asStartElement (0x00007ab287f15108) [0x00007ab287f15200, 0x00007ab287f15520] 
[3,832s][debug][gc,nmethod     ] GC(1) O: Purge NMethod: net.openhft.hashing.UnsafeAccess.byteOrder (0x00007ab287e69008) [0x00007ab287e69100, 0x00007ab287e69260] 
[3,832s][debug][gc,nmethod     ] GC(1) O: Purge NMethod: java.nio.Buffer.<init> (0x00007ab287834c08) [0x00007ab287834d00, 0x00007ab2878366f8] 
[3,832s][debug][gc,nmethod     ] GC(1) O: Purge NMethod: com.google.common.base.Preconditions.checkArgument (0x00007ab28748ae08) [0x00007ab28748af00, 0x00007ab28748b380] 
[3,832s][debug][gc,nmethod     ] GC(1) O: Purge NMethod: io.sirix.utils.XMLToken.isNCChar (0x00007ab28808ba88) [0x00007ab28808bb80, 0x00007ab28808bf68] 
[3,832s][debug][gc,nmethod     ] GC(1) O: Purge NMethod: io.sirix.access.trx.page.NodeStorageEngineWriter.createNameKey (0x00007ab287e75f88) [0x00007ab287e76080, 0x00007ab287e77ab8] 
[3,833s][debug][gc,nmethod     ] GC(1) O: Purge NMethod: java.lang.ThreadLocal.getCarrierThreadLocal (0x00007ab28753cf08) [0x00007ab28753d000, 0x00007ab28753d198] 
[3,833s][debug][gc,nmethod     ] GC(1) O: Purge NMethod: io.sirix.utils.XMLToken.isValidQName (0x00007ab2a6d8b388) [0x00007ab2a6d8b600, 0x00007ab2a6d8c4c0] 
[3,833s][debug][gc,nmethod     ] GC(1) O: Purge NMethod: java.lang.AbstractStringBuilder.ensureCapacitySameCoder (0x00007ab28776a988) [0x00007ab28776aa80, 0x00007ab28776ac28] 
[3,833s][debug][gc,nmethod     ] GC(1) O: Purge NMethod: it.unimi.dsi.fastutil.ints.Int2ObjectOpenHashMap.get (0x00007ab287e0ec88) [0x00007ab287e0ed80, 0x00007ab287e0f3f0] 
[3,833s][debug][gc,nmethod     ] GC(1) O: Purge NMethod: java.util.HashMap$KeyIterator.next (0x00007ab287435108) [0x00007ab287435200, 0x00007ab287435530] 
[3,833s][debug][gc,nmethod     ] GC(1) O: Purge NMethod: jdk.internal.foreign.SegmentFactories$1.cleanup (0x00007ab287d34608) [0x00007ab287d34700, 0x00007ab287d34cc0] 
[3,833s][debug][gc,nmethod     ] GC(1) O: Purge NMethod: com.sun.org.apache.xerces.internal.impl.XMLEntityScanner.skipSpaces (0x00007ab2a6dc1708) [0x00007ab2a6dc1800, 0x00007ab2a6dc1d68] 
[3,833s][debug][gc,nmethod     ] GC(1) O: Purge NMethod: sun.nio.fs.NativeBuffers.releaseNativeBuffer (0x00007ab28743d888) [0x00007ab28743d980, 0x00007ab287440eb8] 
[3,833s][debug][gc,nmethod     ] GC(1) O: Purge NMethod: io.sirix.node.AbstractForwardingNode.getNodeKey (0x00007ab287a25308) [0x00007ab287a25400, 0x00007ab287a25730] 
[3,833s][debug][gc,nmethod     ] GC(1) O: Purge NMethod: java.lang.invoke.DirectMethodHandle$Holder.invokeStatic (0x00007ab287a57288) [0x00007ab287a57380, 0x00007ab287a57748] 
[3,833s][debug][gc,nmethod     ] GC(1) O: Purge NMethod: io.sirix.utils.XMLToken.isValidQName (0x00007ab28808cc88) [0x00007ab28808cd80, 0x00007ab28808e2b0] 
[3,833s][debug][gc,nmethod     ] GC(1) O: Purge NMethod: io.sirix.node.xml.AbstractStructForwardingNode.hasFirstChild (0x00007ab2a6d7fd08) [0x00007ab2a6d7fe00, 0x00007ab2a6d7ff18] 
[3,833s][debug][gc,nmethod     ] GC(1) O: Purge NMethod: io.sirix.page.KeyValueLeafPage.setRecord (0x00007ab287c18988) [0x00007ab287c18a80, 0x00007ab287c190b8] 
[3,833s][debug][gc,nmethod     ] GC(1) O: Purge NMethod: java.nio.charset.Charset.defaultCharset (0x00007ab287deda88) [0x00007ab287dedb80, 0x00007ab287dedc78] 
[3,833s][debug][gc,nmethod     ] GC(1) O: Purge NMethod: org.magicwerk.brownies.collections.GapList.doAdd (0x00007ab287a08008) [0x00007ab287a08100, 0x00007ab287a0a0c0] 
[3,833s][debug][gc,nmethod     ] GC(1) O: Purge NMethod: jdk.internal.classfile.impl.StackMapGenerator.processBlock (0x00007ab287490508) [0x00007ab287490600, 0x00007ab2874bf8c8] 
[3,833s][debug][gc,nmethod     ] GC(1) O: Purge NMethod: java.util.stream.AbstractPipeline.isParallel (0x00007ab28770ca88) [0x00007ab28770cb80, 0x00007ab28770ccb8] 
[3,833s][debug][gc,nmethod     ] GC(1) O: Purge NMethod: jdk.internal.foreign.layout.ValueLayouts$OfByteImpl.withOrder (0x00007ab288194d88) [0x00007ab288194e80, 0x00007ab2881951d0] 
[3,833s][debug][gc,nmethod     ] GC(1) O: Purge NMethod: io.sirix.node.MemorySegmentBytesOut.writeInt (0x00007ab2874c0008) [0x00007ab2874c0100, 0x00007ab2874c0298] 
[3,833s][debug][gc,nmethod     ] GC(1) O: Purge NMethod: io.sirix.access.trx.node.xml.XmlNodeFactoryImpl.createAttributeNode (0x00007ab287fcf408) [0x00007ab287fcf500, 0x00007ab287fd1d00] 
[3,833s][debug][gc,nmethod     ] GC(1) O: Purge NMethod: java.nio.ByteBuffer.<init> (0x00007ab287a3c908) [0x00007ab287a3ca00, 0x00007ab287a3cb48] 
[3,833s][debug][gc,nmethod     ] GC(1) O: Purge NMethod: java.io.DataInputStream.readFully (0x00007ab287610c08) [0x00007ab287610d00, 0x00007ab2876113b0] 
[3,833s][debug][gc,nmethod     ] GC(1) O: Purge NMethod: java.util.ArrayList.<init> (0x00007ab2875f5e08) [0x00007ab2875f5f00, 0x00007ab2875f6f18] 
[3,833s][debug][gc,nmethod     ] GC(1) O: Purge NMethod: com.sun.org.apache.xerces.internal.impl.XMLStreamReaderImpl.getPrefix (0x00007ab287e7e308) [0x00007ab287e7e400, 0x00007ab287e7ea90] 
[3,833s][debug][gc,nmethod     ] GC(1) O: Purge NMethod: kotlin.jvm.internal.Intrinsics.checkNotNull (0x00007ab287af3088) [0x00007ab287af3180, 0x00007ab287af3920] 
[3,833s][debug][gc,nmethod     ] GC(1) O: Purge NMethod: io.sirix.node.GrowingMemorySegment.<init> (0x00007ab287abeb08) [0x00007ab287abec00, 0x00007ab287abf078] 
[3,833s][debug][gc,nmethod     ] GC(1) O: Purge NMethod: java.lang.AbstractStringBuilder.setLength (0x00007ab287e73d08) [0x00007ab287e73e00, 0x00007ab287e741a8] 
[3,833s][debug][gc,nmethod     ] GC(1) O: Purge NMethod: io.sirix.node.xml.ElementNode.getRightSiblingKey (0x00007ab287b82008) [0x00007ab287b82100, 0x00007ab287b870f0] 
[3,833s][debug][gc,nmethod     ] GC(1) O: Purge NMethod: jdk.internal.foreign.AbstractMemorySegmentImpl.isAlignedForElement (0x00007ab28789ca88) [0x00007ab28789cb80, 0x00007ab28789d540] 
[3,833s][debug][gc,nmethod     ] GC(1) O: Purge NMethod: java.nio.Buffer.position (0x00007ab287800208) [0x00007ab287800300, 0x00007ab287800540] 
[3,833s][debug][gc,nmethod     ] GC(1) O: Purge NMethod: java.util.concurrent.ConcurrentHashMap.compute (0x00007ab2879fac88) [0x00007ab2879fad80, 0x00007ab2879fe2b8] 
[3,833s][debug][gc,nmethod     ] GC(1) O: Purge NMethod: io.sirix.access.trx.node.AbstractNodeReadOnlyTrx.getStructuralNode (0x00007ab287a6b808) [0x00007ab287a6b900, 0x00007ab287a6c3b8] 
[3,833s][debug][gc,nmethod     ] GC(1) O: Purge NMethod: java.nio.Buffer$2.newDirectByteBuffer (0x00007ab287f00d88) [0x00007ab287f00e80, 0x00007ab287f01030] 
[3,833s][debug][gc,nmethod     ] GC(1) O: Purge NMethod: net.openhft.hashing.Access.i64 (0x00007ab287bd9f08) [0x00007ab287bda000, 0x00007ab287bda300] 
[3,833s][debug][gc,nmethod     ] GC(1) O: Purge NMethod: io.sirix.service.xml.shredder.XmlShredder.insertNewContent (0x00007ab28804a088) [0x00007ab28804a180, 0x00007ab288051a00] 
[3,833s][debug][gc,nmethod     ] GC(1) O: Purge NMethod: java.lang.invoke.VarHandleGuards.guard_LJ_I (0x00007ab28740ee08) [0x00007ab28740ef00, 0x00007ab287411dc0] 
[3,833s][debug][gc,nmethod     ] GC(1) O: Purge NMethod: com.sun.org.apache.xerces.internal.util.XMLStringBuffer.clear (0x00007ab28802a808) [0x00007ab28802a900, 0x00007ab28802aa10] 
[3,833s][debug][gc,nmethod     ] GC(1) O: Purge NMethod: com.sun.org.apache.xerces.internal.util.XMLChar.isValid (0x00007ab287753c88) [0x00007ab287753d80, 0x00007ab287753f68] 
[3,833s][debug][gc,nmethod     ] GC(1) O: Purge NMethod: java.util.ArrayList.getFirst (0x00007ab28748a588) [0x00007ab28748a680, 0x00007ab28748a980] 
[3,833s][debug][gc,nmethod     ] GC(1) O: Purge NMethod: java.util.Arrays.fill (0x00007ab2a6c9f808) [0x00007ab2a6c9f900, 0x00007ab2a6c9fb28] 
[3,833s][debug][gc,nmethod     ] GC(1) O: Purge NMethod: java.util.Arrays$ArrayItr.hasNext (0x00007ab287466308) [0x00007ab287466400, 0x00007ab287466590] 
[3,833s][debug][gc,nmethod     ] GC(1) O: Purge NMethod: jdk.internal.ref.CleanerFactory.cleaner (0x00007ab2874d9f88) [0x00007ab2874da080, 0x00007ab2874da168] 
[3,833s][debug][gc,nmethod     ] GC(1) O: Purge NMethod: org.magicwerk.brownies.collections.IList$Iter.next (0x00007ab28742ce88) [0x00007ab28742cf80, 0x00007ab28742d778] 
[3,833s][debug][gc,nmethod     ] GC(1) O: Purge NMethod: jdk.internal.foreign.AbstractMemorySegmentImpl.checkArraySize (0x00007ab287df1788) [0x00007ab287df1880, 0x00007ab287df4640] 
[3,833s][debug][gc,nmethod     ] GC(1) O: Purge NMethod: io.sirix.page.delegates.BitmapReferencesPage.index (0x00007ab2a6d43388) [0x00007ab2a6d43480, 0x00007ab2a6d43a38] 
[3,833s][debug][gc,nmethod     ] GC(1) O: Purge NMethod: io.sirix.service.xml.shredder.AbstractShredder.processEndTag (0x00007ab287f16b08) [0x00007ab287f16c00, 0x00007ab287f17d48] 
[3,833s][debug][gc,nmethod     ] GC(1) O: Purge NMethod: java.util.BitSet.and (0x00007ab28741dd88) [0x00007ab28741de80, 0x00007ab28741e2d0] 
[3,833s][debug][gc,nmethod     ] GC(1) O: Purge NMethod: jdk.internal.misc.Unsafe.weakCompareAndSetLongRelease (0x00007ab287a99b88) [0x00007ab287a99c80, 0x00007ab287a99da0] 
[3,833s][debug][gc,nmethod     ] GC(1) O: Purge NMethod: jdk.internal.classfile.impl.StackMapGenerator$Frame.checkStack (0x00007ab2874f7b08) [0x00007ab2874f7c00, 0x00007ab2874f8848] 
[3,833s][debug][gc,nmethod     ] GC(1) O: Purge NMethod: kotlinx.coroutines.DebugKt.getASSERTIONS_ENABLED (0x00007ab287b18788) [0x00007ab287b18880, 0x00007ab287b18968] 
[3,833s][debug][gc,nmethod     ] GC(1) O: Purge NMethod: java.lang.String.checkBoundsBeginEnd (0x00007ab287420b08) [0x00007ab287420c00, 0x00007ab287420e18] 
[3,833s][debug][gc,nmethod     ] GC(1) O: Purge NMethod: io.sirix.cache.IndexLogKey.hashCode (0x00007ab287d60e08) [0x00007ab287d60f00, 0x00007ab287d612a8] 
[3,833s][debug][gc,nmethod     ] GC(1) O: Purge NMethod: io.sirix.node.xml.TextNode.hasLeftSibling (0x00007ab287e98308) [0x00007ab287e98400, 0x00007ab287e9d838] 
[3,833s][debug][gc,nmethod     ] GC(1) O: Purge NMethod: io.sirix.access.trx.node.xml.XmlNodeReadOnlyTrxImpl.getNode (0x00007ab287d7a608) [0x00007ab287d7a700, 0x00007ab287d7a9f8] 
[3,833s][debug][gc,nmethod     ] GC(1) O: Purge NMethod: io.sirix.node.GrowingMemorySegment.writeByte (0x00007ab287809a08) [0x00007ab287809b00, 0x00007ab28780d730] 
[3,833s][debug][gc,nmethod     ] GC(1) O: Purge NMethod: io.sirix.access.trx.page.NodeStorageEngineReader.getValue (0x00007ab287473808) [0x00007ab287473900, 0x00007ab287475460] 
[3,833s][debug][gc,nmethod     ] GC(1) O: Purge NMethod: com.sun.org.apache.xerces.internal.impl.XMLEntityScanner.scanContent (0x00007ab2a6d39208) [0x00007ab2a6d39320, 0x00007ab2a6d3a248] 
[3,833s][debug][gc,nmethod     ] GC(1) O: Purge NMethod: io.sirix.node.xml.TextNode.getRightSiblingKey (0x00007ab287b93008) [0x00007ab287b93100, 0x00007ab287b980f0] 
[3,833s][debug][gc,nmethod     ] GC(1) O: Purge NMethod: io.sirix.node.immutable.xml.ImmutableElement.getKind (0x00007ab287ecc188) [0x00007ab287ecc280, 0x00007ab287ecc5d8] 
[3,833s][debug][gc,nmethod     ] GC(1) O: Purge NMethod: com.github.benmanes.caffeine.cache.FrequencySketch.incrementAt (0x00007ab287a58408) [0x00007ab287a58500, 0x00007ab287a586e8] 
[3,833s][debug][gc,nmethod     ] GC(1) O: Purge NMethod: kotlinx.coroutines.channels.BufferedChannelKt.access$getNO_CLOSE_CAUSE$p (0x00007ab287c51788) [0x00007ab287c51880, 0x00007ab287c51968] 
[3,833s][debug][gc,nmethod     ] GC(1) O: Purge NMethod: io.sirix.index.path.summary.PathSummaryReader.getLevel (0x00007ab287ed4788) [0x00007ab287ed4880, 0x00007ab287ed5f90] 
[3,833s][debug][gc,nmethod     ] GC(1) O: Purge NMethod: java.lang.invoke.VarHandleGuards.guard_LI_I (0x00007ab28757e208) [0x00007ab28757e300, 0x00007ab2875811d8] 
[3,833s][debug][gc,nmethod     ] GC(1) O: Purge NMethod: java.util.BitSet.recalculateWordsInUse (0x00007ab287480408) [0x00007ab287480500, 0x00007ab287480740] 
[3,833s][debug][gc,nmethod     ] GC(1) O: Purge NMethod: java.util.BitSet.cardinality (0x00007ab287471788) [0x00007ab287471880, 0x00007ab287471ae0] 
[3,833s][debug][gc,nmethod     ] GC(1) O: Purge NMethod: jdk.internal.foreign.HeapMemorySegmentImpl$OfByte.unsafeGetBase (0x00007ab288195208) [0x00007ab288195300, 0x00007ab288195990] 
[3,833s][debug][gc,nmethod     ] GC(1) O: Purge NMethod: java.util.concurrent.ForkJoinPool.slotOffset (0x00007ab2878cd808) [0x00007ab2878cd900, 0x00007ab2878cd9f8] 
[3,833s][debug][gc,nmethod     ] GC(1) O: Purge NMethod: java.lang.Thread.onSpinWait (0x00007ab287871488) [0x00007ab287871580, 0x00007ab287871660] 
[3,833s][debug][gc,nmethod     ] GC(1) O: Purge NMethod: java.nio.ByteBuffer.flip (0x00007ab287816b88) [0x00007ab287816c80, 0x00007ab287816df8] 
[3,833s][debug][gc,nmethod     ] GC(1) O: Purge NMethod: jdk.xml.internal.XMLSecurityManager.isOverLimit (0x00007ab287e0cc08) [0x00007ab287e0cd00, 0x00007ab287e0e2e0] 
[3,833s][debug][gc,nmethod     ] GC(1) O: Purge NMethod: io.sirix.access.trx.node.xml.XmlNodeFactoryImpl.createTextNode (0x00007ab287f25c88) [0x00007ab287f25d80, 0x00007ab287f27dc8] 
[3,833s][debug][gc,nmethod     ] GC(1) O: Purge NMethod: io.sirix.service.xml.shredder.XmlShredder.insertNewContent (0x00007ab2a6e22f88) [0x00007ab2a6e23080, 0x00007ab2a6e33f40] 
[3,833s][debug][gc,nmethod     ] GC(1) O: Purge NMethod: io.sirix.node.xml.ElementNode.<init> (0x00007ab287ef4508) [0x00007ab287ef4600, 0x00007ab287ef5610] 
[3,833s][debug][gc,nmethod     ] GC(1) O: Purge NMethod: java.lang.invoke.MethodTypeForm.canonicalize (0x00007ab28744c088) [0x00007ab28744c180, 0x00007ab28744cdd8] 
[3,833s][debug][gc,nmethod     ] GC(1) O: Purge NMethod: java.util.concurrent.ForkJoinTask.setNoUserHelp (0x00007ab287c38a08) [0x00007ab287c38b00, 0x00007ab287c38c10] 
[3,833s][debug][gc,nmethod     ] GC(1) O: Purge NMethod: java.util.concurrent.atomic.AtomicLong.addAndGet (0x00007ab287466608) [0x00007ab287466700, 0x00007ab287466810] 
[3,833s][debug][gc,nmethod     ] GC(1) O: Purge NMethod: java.util.LinkedHashMap.newNode (0x00007ab287525b88) [0x00007ab287525c80, 0x00007ab287525e68] 
[3,833s][debug][gc,nmethod     ] GC(1) O: Purge NMethod: com.sun.org.apache.xerces.internal.impl.XMLEntityScanner.scanQName (0x00007ab2a6d53288) [0x00007ab2a6d53380, 0x00007ab2a6d545d0] 
[3,833s][debug][gc,nmethod     ] GC(1) O: Purge NMethod: java.lang.Math.clamp (0x00007ab287596d08) [0x00007ab287596e00, 0x00007ab287597ec8] 
[3,833s][debug][gc,nmethod     ] GC(1) O: Purge NMethod: jdk.internal.misc.Unsafe.weakCompareAndSetInt (0x00007ab287404388) [0x00007ab287404480, 0x00007ab287404598] 
[3,833s][debug][gc,nmethod     ] GC(1) O: Purge NMethod: jdk.internal.ref.PhantomCleanable.<init> (0x00007ab2a6cf1408) [0x00007ab2a6cf1500, 0x00007ab2a6cf1cd8] 
[3,833s][debug][gc,nmethod     ] GC(1) O: Purge NMethod: com.sun.org.apache.xerces.internal.impl.XMLDocumentFragmentScannerImpl.seekCloseOfStartTag (0x00007ab28805f988) [0x00007ab28805fa80, 0x00007ab288061000] 
[3,833s][debug][gc,nmethod     ] GC(1) O: Purge NMethod: io.sirix.node.xml.ElementNode.getChildCount (0x00007ab287e1a488) [0x00007ab287e1a580, 0x00007ab287e1df88] 
[3,833s][debug][gc,nmethod     ] GC(1) O: Purge NMethod: java.lang.Math.multiplyHigh (0x00007ab287ddb888) [0x00007ab287ddb980, 0x00007ab287ddbad8] 
[3,833s][debug][gc,nmethod     ] GC(1) O: Purge NMethod: java.util.ArrayList.grow (0x00007ab2875a3a88) [0x00007ab2875a3b80, 0x00007ab2875a43d0] 
[3,833s][debug][gc,nmethod     ] GC(1) O: Purge NMethod: java.lang.invoke.MethodHandleImpl.profileBoolean (0x00007ab287a3bf08) [0x00007ab287a3c000, 0x00007ab287a3c3c8] 
[3,833s][debug][gc,nmethod     ] GC(1) O: Purge NMethod: java.util.BitSet.flip (0x00007ab2a6dfab08) [0x00007ab2a6dfac00, 0x00007ab2a6dfaeb8] 
[3,833s][debug][gc,nmethod     ] GC(1) O: Purge NMethod: java.util.ArrayList.add (0x00007ab28746e708) [0x00007ab28746e800, 0x00007ab28746ed70] 
[3,833s][debug][gc,nmethod     ] GC(1) O: Purge NMethod: io.sirix.access.trx.node.AbstractNodeReadOnlyTrx.moveToParent (0x00007ab287ed6788) [0x00007ab287ed6880, 0x00007ab287ed70c8] 
[3,833s][debug][gc,nmethod     ] GC(1) O: Purge NMethod: it.unimi.dsi.fastutil.shorts.ShortArrayList.add (0x00007ab287a42088) [0x00007ab287a42180, 0x00007ab287a42458] 
[3,833s][debug][gc,nmethod     ] GC(1) O: Purge NMethod: it.unimi.dsi.fastutil.ints.Int2IntOpenHashMap.put (0x00007ab287a38f88) [0x00007ab287a39080, 0x00007ab287a392e8] 
[3,833s][debug][gc,nmethod     ] GC(1) O: Purge NMethod: java.lang.String.<init> (0x00007ab2877b8b88) [0x00007ab2877b8c80, 0x00007ab2877b8f20] 
[3,833s][debug][gc,nmethod     ] GC(1) O: Purge NMethod: net.openhft.hashing.LongHashFunction.unsafeHash (0x00007ab287e69308) [0x00007ab287e69400, 0x00007ab287e69710] 
[3,833s][debug][gc,nmethod     ] GC(1) O: Purge NMethod: java.lang.Long.valueOf (0x00007ab287875488) [0x00007ab287875580, 0x00007ab2878758c0] 
[3,833s][debug][gc,nmethod     ] GC(1) O: Purge NMethod: jdk.internal.ref.PhantomCleanable.<init> (0x00007ab2874d8c88) [0x00007ab2874d8d80, 0x00007ab2874d9f70] 
[3,833s][debug][gc,nmethod     ] GC(1) O: Purge NMethod: java.lang.Long.bitCount (0x00007ab28753c708) [0x00007ab28753c800, 0x00007ab28753c968] 
[3,833s][debug][gc,nmethod     ] GC(1) O: Purge NMethod: jdk.internal.misc.ScopedMemoryAccess.getScopedMemoryAccess (0x00007ab287423208) [0x00007ab287423300, 0x00007ab2874233e8] 
[3,833s][debug][gc,nmethod     ] GC(1) O: Purge NMethod: io.sirix.node.MemorySegmentBytesIn.readInt (0x00007ab287606988) [0x00007ab287606a80, 0x00007ab28760a690] 
[3,833s][debug][gc,nmethod     ] GC(1) O: Purge NMethod: jdk.xml.internal.XMLSecurityManager.getIndex (0x00007ab287e09408) [0x00007ab287e09500, 0x00007ab287e0a708] 
[3,833s][debug][gc,nmethod     ] GC(1) O: Purge NMethod: io.sirix.access.trx.node.xml.XmlNodeReadOnlyTrxImpl.getNameNode (0x00007ab287fa3208) [0x00007ab287fa3300, 0x00007ab287fa3b30] 
[3,833s][debug][gc,nmethod     ] GC(1) O: Purge NMethod: java.lang.String.<init> (0x00007ab28776ac88) [0x00007ab28776ad80, 0x00007ab28776b940] 
[3,833s][debug][gc,nmethod     ] GC(1) O: Purge NMethod: java.nio.Buffer.limit (0x00007ab28781de08) [0x00007ab28781df00, 0x00007ab28781e170] 
[3,833s][debug][gc,nmethod     ] GC(1) O: Purge NMethod: jdk.internal.foreign.SegmentFactories.initNativeMemory (0x00007ab287444808) [0x00007ab287444900, 0x00007ab287444aa0] 
[3,833s][debug][gc,nmethod     ] GC(1) O: Purge NMethod: jdk.internal.classfile.impl.BufWriterImpl.writeU1 (0x00007ab2874f7588) [0x00007ab2874f7680, 0x00007ab2874f7ac8] 
[3,833s][debug][gc,nmethod     ] GC(1) O: Purge NMethod: io.sirix.index.path.summary.PathSummaryReader.moveTo (0x00007ab287ddaa88) [0x00007ab287ddab80, 0x00007ab287ddb870] 
[3,833s][debug][gc,nmethod     ] GC(1) O: Purge NMethod: java.util.concurrent.atomic.AtomicReferenceFieldUpdater$AtomicReferenceFieldUpdaterImpl.get (0x00007ab287a5d388) [0x00007ab287a5d480, 0x00007ab287a5d8b8] 
[3,833s][debug][gc,nmethod     ] GC(1) O: Purge NMethod: com.sun.org.apache.xerces.internal.impl.XMLEntityScanner.scanContent (0x00007ab288019788) [0x00007ab288019880, 0x00007ab28801a7f8] 
[3,833s][debug][gc,nmethod     ] GC(1) O: Purge NMethod: io.sirix.access.trx.node.AbstractResourceSession.getResourceConfig (0x00007ab287466908) [0x00007ab287466a00, 0x00007ab287466ca0] 
[3,833s][debug][gc,nmethod     ] GC(1) O: Purge NMethod: io.sirix.access.trx.node.AbstractNodeTrxImpl.intermediateCommitIfRequired (0x00007ab287e6f208) [0x00007ab287e6f300, 0x00007ab287e70070] 
[3,833s][debug][gc,nmethod     ] GC(1) O: Purge NMethod: io.sirix.access.trx.node.xml.XmlNodeReadOnlyTrxImpl.isDocumentRoot (0x00007ab287f33808) [0x00007ab287f33900, 0x00007ab287f34398] 
[3,833s][debug][gc,nmethod     ] GC(1) O: Purge NMethod: jdk.xml.internal.XMLSecurityPropertyManager.getIndex (0x00007ab287e51988) [0x00007ab287e51a80, 0x00007ab287e52510] 
[3,833s][debug][gc,nmethod     ] GC(1) O: Purge NMethod: com.sun.org.apache.xerces.internal.impl.XMLScanner.scanAttributeValue (0x00007ab287fd3b08) [0x00007ab287fd3c00, 0x00007ab287fde4b8] 
[3,833s][debug][gc,nmethod     ] GC(1) O: Purge NMethod: java.nio.Buffer.checkIndex (0x00007ab287487688) [0x00007ab287487780, 0x00007ab2874878d0] 
[3,833s][debug][gc,nmethod     ] GC(1) O: Purge NMethod: sun.nio.ch.IOUtil.read (0x00007ab287a1a508) [0x00007ab287a1a600, 0x00007ab287a1b588] 
[3,833s][debug][gc,nmethod     ] GC(1) O: Purge NMethod: com.sun.org.apache.xerces.internal.impl.XMLStreamReaderImpl.getLocalName (0x00007ab287e8e408) [0x00007ab287e8e500, 0x00007ab287e8ef08] 
[3,834s][debug][gc,nmethod     ] GC(1) O: Purge NMethod: java.lang.foreign.MemorySegment.copy (0x00007ab287947e88) [0x00007ab287947f80, 0x00007ab287950f68] 
[3,834s][debug][gc,nmethod     ] GC(1) O: Purge NMethod: java.lang.Object.equals (0x00007ab287439788) [0x00007ab287439880, 0x00007ab2874399d0] 
[3,834s][debug][gc,nmethod     ] GC(1) O: Purge NMethod: jdk.internal.misc.Unsafe.putReferenceOpaque (0x00007ab287a0bd08) [0x00007ab287a0be00, 0x00007ab287a0bf78] 
[3,834s][debug][gc,nmethod     ] GC(1) O: Purge NMethod: org.magicwerk.brownies.collections.IList$Iter.hasNext (0x00007ab28742d788) [0x00007ab28742d880, 0x00007ab28742dc90] 
[3,834s][debug][gc,nmethod     ] GC(1) O: Purge NMethod: io.sirix.node.GrowingMemorySegment.toByteArray (0x00007ab287e3c208) [0x00007ab287e3c300, 0x00007ab287e42e30] 
[3,834s][debug][gc,nmethod     ] GC(1) O: Purge NMethod: kotlinx.coroutines.CoroutineDispatcher.get (0x00007ab287af1788) [0x00007ab287af1880, 0x00007ab287af19b0] 
[3,834s][debug][gc,nmethod     ] GC(1) O: Purge NMethod: io.sirix.node.xml.ElementNode.getURIKey (0x00007ab287ee6788) [0x00007ab287ee6880, 0x00007ab287eeb870] 
[3,834s][debug][gc,nmethod     ] GC(1) O: Purge NMethod: com.sun.org.apache.xerces.internal.impl.XMLEntityScanner.skipChar (0x00007ab287e05608) [0x00007ab287e05700, 0x00007ab287e05c48] 
[3,834s][debug][gc,nmethod     ] GC(1) O: Purge NMethod: java.lang.String.<init> (0x00007ab2874e3588) [0x00007ab2874e3680, 0x00007ab2874e74f0] 
[3,834s][debug][gc,nmethod     ] GC(1) O: Purge NMethod: io.sirix.utils.XMLToken.isNCChar (0x00007ab287e06e08) [0x00007ab287e06f00, 0x00007ab287e072e8] 
[3,834s][debug][gc,nmethod     ] GC(1) O: Purge NMethod: it.unimi.dsi.fastutil.ints.Int2IntOpenHashMap.find (0x00007ab287a39308) [0x00007ab287a39400, 0x00007ab287a39868] 
[3,834s][debug][gc,nmethod     ] GC(1) O: Purge NMethod: io.sirix.page.KeyValueLeafPage.isSlotSet (0x00007ab287878d88) [0x00007ab287878e80, 0x00007ab287879028] 
[3,834s][debug][gc,nmethod     ] GC(1) O: Purge NMethod: io.sirix.node.xml.ElementNode.getAttributeKey (0x00007ab288088b08) [0x00007ab288088c00, 0x00007ab288089018] 
[3,834s][debug][gc,nmethod     ] GC(1) O: Purge NMethod: io.sirix.node.xml.AttributeNode.getLocalNameKey (0x00007ab287face88) [0x00007ab287facf80, 0x00007ab287fb1f70] 
[3,834s][debug][gc,nmethod     ] GC(1) O: Purge NMethod: io.sirix.node.xml.ElementNode.getHash (0x00007ab287de4888) [0x00007ab287de4980, 0x00007ab287de81f0] 
[3,834s][debug][gc,nmethod     ] GC(1) O: Purge NMethod: io.sirix.node.xml.AttributeNode.getPrefixKey (0x00007ab287fc0b88) [0x00007ab287fc0c80, 0x00007ab287fc5c70] 
[3,834s][debug][gc,nmethod     ] GC(1) O: Purge NMethod: kotlin.coroutines.CombinedContext.get (0x00007ab287b05388) [0x00007ab287b05480, 0x00007ab287b066c8] 
[3,834s][debug][gc,nmethod     ] GC(1) O: Purge NMethod: io.sirix.axis.AbstractAxis.hasNext (0x00007ab287aaf408) [0x00007ab287aaf500, 0x00007ab287aaffb0] 
[3,834s][debug][gc,nmethod     ] GC(1) O: Purge NMethod: jdk.internal.misc.Unsafe.getReferenceAcquire (0x00007ab287412608) [0x00007ab287412700, 0x00007ab287412830] 
[3,834s][debug][gc,nmethod     ] GC(1) O: Purge NMethod: java.io.ByteArrayInputStream.close (0x00007ab287a7ed08) [0x00007ab287a7ee00, 0x00007ab287a7ef00] 
[3,834s][debug][gc,nmethod     ] GC(1) O: Purge NMethod: java.util.WeakHashMap.expungeStaleEntries (0x00007ab28748c388) [0x00007ab28748c480, 0x00007ab28748d218] 
[3,834s][debug][gc,nmethod     ] GC(1) O: Purge NMethod: io.sirix.axis.filter.FilterAxis.<init> (0x00007ab287ea3808) [0x00007ab287ea3900, 0x00007ab287ea6498] 
[3,834s][debug][gc,nmethod     ] GC(1) O: Purge NMethod: io.sirix.node.MemorySegmentBytesOut.getDestination (0x00007ab287a43508) [0x00007ab287a43600, 0x00007ab287a43788] 
[3,834s][debug][gc,nmethod     ] GC(1) O: Purge NMethod: java.lang.invoke.VarHandleReferences$FieldInstanceReadWrite.compareAndSet (0x00007ab287807808) [0x00007ab287807900, 0x00007ab287808eb8] 
[3,834s][debug][gc,nmethod     ] GC(1) O: Purge NMethod: io.sirix.node.xml.ElementNode.getLocalNameKey (0x00007ab287ee1608) [0x00007ab287ee1700, 0x00007ab287ee66f0] 
[3,834s][debug][gc,nmethod     ] GC(1) O: Purge NMethod: jdk.internal.ref.PhantomCleanable.<init> (0x00007ab288026a88) [0x00007ab288026b80, 0x00007ab288027d70] 
[3,834s][debug][gc,nmethod     ] GC(1) O: Purge NMethod: io.sirix.access.trx.node.xml.XmlNodeTrxImpl.insertTextAsRightSibling (0x00007ab287fb2008) [0x00007ab287fb2100, 0x00007ab287fc0b10] 
[3,834s][debug][gc,nmethod     ] GC(1) O: Purge NMethod: com.sun.org.apache.xerces.internal.impl.XMLNSDocumentScannerImpl.scanStartElement (0x00007ab287f0b788) [0x00007ab287f0b880, 0x00007ab287f148b0] 
[3,834s][debug][gc,nmethod     ] GC(1) O: Purge NMethod: io.sirix.node.MemorySegmentBytesOut.writeByte (0x00007ab28747e508) [0x00007ab28747e600, 0x00007ab28747e798] 
[3,834s][debug][gc,nmethod     ] GC(1) O: Purge NMethod: jdk.internal.foreign.AbstractMemorySegmentImpl.asSlice (0x00007ab2a6c93708) [0x00007ab2a6c93800, 0x00007ab2a6c939e8] 
[3,834s][debug][gc,nmethod     ] GC(1) O: Purge NMethod: com.sun.org.apache.xerces.internal.util.NamespaceSupport.<init> (0x00007ab287f30888) [0x00007ab287f30980, 0x00007ab287f31620] 
[3,834s][debug][gc,nmethod     ] GC(1) O: Purge NMethod: jdk.internal.util.ArraysSupport.hashCode (0x00007ab28770e488) [0x00007ab28770e580, 0x00007ab28770ea30] 
[3,834s][debug][gc,nmethod     ] GC(1) O: Purge NMethod: io.sirix.node.NodeSerializerImpl.serialize (0x00007ab2880be988) [0x00007ab2880bea80, 0x00007ab2880bf4b0] 
[3,834s][debug][gc,nmethod     ] GC(1) O: Purge NMethod: java.nio.Buffer.remaining (0x00007ab287848488) [0x00007ab287848580, 0x00007ab2878486f0] 
[3,834s][debug][gc,nmethod     ] GC(1) O: Purge NMethod: java.util.Arrays$ArrayItr.next (0x00007ab287417e88) [0x00007ab287417f80, 0x00007ab287418220] 
[3,834s][debug][gc,nmethod     ] GC(1) O: Purge NMethod: java.nio.DirectByteBuffer.<init> (0x00007ab287f01388) [0x00007ab287f01480, 0x00007ab287f016f8] 
[3,834s][debug][gc,nmethod     ] GC(1) O: Purge NMethod: com.sun.org.apache.xerces.internal.impl.XMLNSDocumentScannerImpl.next (0x00007ab2a6d49108) [0x00007ab2a6d49200, 0x00007ab2a6d4ae60] 
[3,834s][debug][gc,nmethod     ] GC(1) O: Purge NMethod: io.sirix.node.MemorySegmentBytesIn.readByte (0x00007ab2876c1b08) [0x00007ab2876c1c00, 0x00007ab2876c5620] 
[3,834s][debug][gc,nmethod     ] GC(1) O: Purge NMethod: io.sirix.node.MemorySegmentBytesIn.read (0x00007ab28797b108) [0x00007ab28797b200, 0x00007ab287981d10] 
[3,834s][debug][gc,nmethod     ] GC(1) O: Purge NMethod: java.lang.ThreadLocal.getMap (0x00007ab287536108) [0x00007ab287536200, 0x00007ab2875369f0] 
[3,834s][debug][gc,nmethod     ] GC(1) O: Purge NMethod: java.lang.invoke.LambdaForm$Holder.constant_L (0x00007ab28752bb08) [0x00007ab28752bc00, 0x00007ab28752bf20] 
[3,834s][debug][gc,nmethod     ] GC(1) O: Purge NMethod: java.util.Vector.add (0x00007ab287a49708) [0x00007ab287a49800, 0x00007ab287a49ec8] 
[3,834s][debug][gc,nmethod     ] GC(1) O: Purge NMethod: jdk.internal.foreign.layout.ValueLayouts$AbstractValueLayout.assertCarrierSize (0x00007ab287dbf108) [0x00007ab287dbf200, 0x00007ab287dbf310] 
[3,834s][debug][gc,nmethod     ] GC(1) O: Purge NMethod: com.sun.org.apache.xerces.internal.impl.XMLDocumentFragmentScannerImpl.scanEndElement (0x00007ab2a6d97508) [0x00007ab2a6d97600, 0x00007ab2a6d98a78] 
[3,834s][debug][gc,nmethod     ] GC(1) O: Purge NMethod: com.sun.org.apache.xerces.internal.xni.QName.setValues (0x00007ab287e96b88) [0x00007ab287e96c80, 0x00007ab287e97038] 
[3,834s][debug][gc,nmethod     ] GC(1) O: Purge NMethod: io.sirix.page.PageKind$1.serializePage (0x00007ab287d50708) [0x00007ab287d50800, 0x00007ab287d5e560] 
[3,834s][debug][gc,nmethod     ] GC(1) O: Purge NMethod: com.sun.org.apache.xerces.internal.util.NamespaceSupport.pushContext (0x00007ab287e72888) [0x00007ab287e72980, 0x00007ab287e72cf0] 
[3,834s][debug][gc,nmethod     ] GC(1) O: Purge NMethod: io.sirix.access.Utils.buildName (0x00007ab287ed3688) [0x00007ab287ed3780, 0x00007ab287ed4758] 
[3,834s][debug][gc,nmethod     ] GC(1) O: Purge NMethod: java.lang.ref.Cleaner.register (0x00007ab287508d08) [0x00007ab287508e00, 0x00007ab287509318] 
[3,834s][debug][gc,nmethod     ] GC(1) O: Purge NMethod: java.lang.invoke.SegmentVarHandle.offset (0x00007ab2878c6508) [0x00007ab2878c6600, 0x00007ab2878c6900] 
[3,834s][debug][gc,nmethod     ] GC(1) O: Purge NMethod: io.sirix.access.trx.node.xml.XmlNodeTrxImpl.insertElementAsFirstChild (0x00007ab287f97a08) [0x00007ab287f97b00, 0x00007ab287f9c630] 
[3,834s][debug][gc,nmethod     ] GC(1) O: Purge NMethod: kotlin.coroutines.intrinsics.IntrinsicsKt__IntrinsicsKt.getCOROUTINE_SUSPENDED (0x00007ab287c3ff08) [0x00007ab287c40000, 0x00007ab287c400e8] 
[3,834s][debug][gc,nmethod     ] GC(1) O: Purge NMethod: io.sirix.page.PageReference.<init> (0x00007ab287816408) [0x00007ab287816500, 0x00007ab287816b30] 
[3,834s][debug][gc,nmethod     ] GC(1) O: Purge NMethod: io.sirix.access.trx.node.xml.XmlNodeTrxImpl.insertElementAsRightSibling (0x00007ab287f55a88) [0x00007ab287f55b80, 0x00007ab287f5c880] 
[3,834s][debug][gc,nmethod     ] GC(1) O: Purge NMethod: jdk.internal.classfile.impl.AbstractPoolEntry.maybeClone (0x00007ab28744a688) [0x00007ab28744a780, 0x00007ab28744b0e8] 
[3,834s][debug][gc,nmethod     ] GC(1) O: Purge NMethod: java.util.concurrent.ForkJoinPool.deactivate (0x00007ab287a13e08) [0x00007ab287a13f00, 0x00007ab287a149a8] 
[3,834s][debug][gc,nmethod     ] GC(1) O: Purge NMethod: net.openhft.hashing.XXH3.XXH3_64bits_internal (0x00007ab287eab508) [0x00007ab287eab600, 0x00007ab287ec9fc8] 
[3,834s][debug][gc,nmethod     ] GC(1) O: Purge NMethod: io.sirix.access.trx.node.AbstractNodeReadOnlyTrx.hasNode (0x00007ab287f1ee88) [0x00007ab287f1ef80, 0x00007ab287f1fb78] 
[3,834s][debug][gc,nmethod     ] GC(1) O: Purge NMethod: java.lang.Thread.blockedOn (0x00007ab2874e9388) [0x00007ab2874e9480, 0x00007ab2874e97b8] 
[3,834s][debug][gc,nmethod     ] GC(1) O: Purge NMethod: io.sirix.access.trx.node.AbstractNodeHashing.setAddDescendants (0x00007ab287de8908) [0x00007ab287de8a00, 0x00007ab287de9588] 
[3,834s][debug][gc,nmethod     ] GC(1) O: Purge NMethod: java.util.HashMap$HashIterator.<init> (0x00007ab28743b308) [0x00007ab28743b400, 0x00007ab28743ba50] 
[3,834s][debug][gc,nmethod     ] GC(1) O: Purge NMethod: java.nio.ByteBuffer.order (0x00007ab28753b888) [0x00007ab28753b980, 0x00007ab28753bba0] 
[3,834s][debug][gc,nmethod     ] GC(1) O: Purge NMethod: java.util.BitSet.flip (0x00007ab2880a1008) [0x00007ab2880a1100, 0x00007ab2880a1708] 
[3,834s][debug][gc,nmethod     ] GC(1) O: Purge NMethod: sun.security.provider.SHA2.implCompress (0x00007ab287dbeb88) [0x00007ab287dbec80, 0x00007ab287dbf090] 
[3,834s][debug][gc,nmethod     ] GC(1) O: Purge NMethod: com.sun.org.apache.xerces.internal.xni.XMLString.toString (0x00007ab287e74208) [0x00007ab287e74300, 0x00007ab287e74548] 
[3,834s][debug][gc,nmethod     ] GC(1) O: Purge NMethod: java.util.Arrays.fill (0x00007ab287535108) [0x00007ab287535200, 0x00007ab287535388] 
[3,834s][debug][gc,nmethod     ] GC(1) O: Purge NMethod: io.sirix.node.MemorySegmentBytesOut.write (0x00007ab28751b908) [0x00007ab28751ba00, 0x00007ab28751bc08] 
[3,834s][debug][gc,nmethod     ] GC(1) O: Purge NMethod: jdk.internal.classfile.impl.StackMapGenerator$Frame.pushStack (0x00007ab28755f108) [0x00007ab28755f200, 0x00007ab28755f660] 
[3,834s][debug][gc,nmethod     ] GC(1) O: Purge NMethod: jdk.internal.foreign.ImplicitSession.<init> (0x00007ab287bf9f88) [0x00007ab287bfa080, 0x00007ab287bfa710] 
[3,834s][debug][gc,nmethod     ] GC(1) O: Purge NMethod: java.lang.invoke.VarHandleGuards.guard_LJ_J (0x00007ab2874c4c88) [0x00007ab2874c4d80, 0x00007ab2874c7c40] 
[3,834s][debug][gc,nmethod     ] GC(1) O: Purge NMethod: io.sirix.axis.filter.PathKindFilter.filter (0x00007ab287ef8588) [0x00007ab287ef8680, 0x00007ab287ef9608] 
[3,834s][debug][gc,nmethod     ] GC(1) O: Purge NMethod: com.sun.org.apache.xerces.internal.util.NamespaceSupport.popContext (0x00007ab287f25988) [0x00007ab287f25a80, 0x00007ab287f25be8] 
[3,834s][debug][gc,nmethod     ] GC(1) O: Purge NMethod: java.util.HashSet.isEmpty (0x00007ab287444b08) [0x00007ab287444c00, 0x00007ab287444fa8] 
[3,834s][debug][gc,nmethod     ] GC(1) O: Purge NMethod: java.util.HashMap.<init> (0x00007ab28743d588) [0x00007ab28743d680, 0x00007ab28743d840] 
[3,834s][debug][gc,nmethod     ] GC(1) O: Purge NMethod: io.sirix.utils.XMLToken.ncName (0x00007ab2a6d4fb88) [0x00007ab2a6d4fc80, 0x00007ab2a6d4ffd8] 
[3,834s][debug][gc,nmethod     ] GC(1) O: Purge NMethod: jdk.internal.foreign.HeapMemorySegmentImpl$OfByte.<init> (0x00007ab288186f88) [0x00007ab288187080, 0x00007ab288187398] 
[3,834s][debug][gc,nmethod     ] GC(1) O: Purge NMethod: java.lang.String.<init> (0x00007ab287fa4e88) [0x00007ab287fa4f80, 0x00007ab287fa51a8] 
[3,834s][debug][gc,nmethod     ] GC(1) O: Purge NMethod: java.util.UUID.parse4Nibbles (0x00007ab287a0e688) [0x00007ab287a0e780, 0x00007ab287a10b28] 
[3,834s][debug][gc,nmethod     ] GC(1) O: Purge NMethod: java.util.HashSet.contains (0x00007ab28743a408) [0x00007ab28743a500, 0x00007ab28743aa98] 
[3,834s][debug][gc,nmethod     ] GC(1) O: Purge NMethod: io.sirix.node.MemorySegmentBytesOut.writeLong (0x00007ab2874c1f08) [0x00007ab2874c2000, 0x00007ab2874c2198] 
[3,834s][debug][gc,nmethod     ] GC(1) O: Purge NMethod: com.sun.org.apache.xerces.internal.impl.XMLEntityScanner.scanLiteral (0x00007ab2a6db1f08) [0x00007ab2a6db2000, 0x00007ab2a6db2e38] 
[3,834s][debug][gc,nmethod     ] GC(1) O: Purge NMethod: java.util.jar.JarFile.checkForSpecialAttributes (0x00007ab2a6c36408) [0x00007ab2a6c36500, 0x00007ab2a6c36e50] 
[3,834s][debug][gc,nmethod     ] GC(1) O: Purge NMethod: io.sirix.node.xml.ElementNode.incrementChildCount (0x00007ab287e80208) [0x00007ab287e80300, 0x00007ab287e80a30] 
[3,834s][debug][gc,nmethod     ] GC(1) O: Purge NMethod: com.sun.org.apache.xerces.internal.impl.XMLEntityScanner.checkEntityLimit (0x00007ab287dd8088) [0x00007ab287dd8180, 0x00007ab287dd8478] 
[3,834s][debug][gc,nmethod     ] GC(1) O: Purge NMethod: com.sun.org.apache.xerces.internal.impl.XMLDocumentFragmentScannerImpl.checkDepth (0x00007ab287f08408) [0x00007ab287f08500, 0x00007ab287f0b758] 
[3,834s][debug][gc,nmethod     ] GC(1) O: Purge NMethod: io.sirix.page.delegates.BitmapReferencesPage.index (0x00007ab288070b88) [0x00007ab288070c80, 0x00007ab2880711a0] 
[3,834s][debug][gc,nmethod     ] GC(1) O: Purge NMethod: java.util.Objects.hashCode (0x00007ab28740a308) [0x00007ab28740a400, 0x00007ab28740a750] 
[3,834s][debug][gc,nmethod     ] GC(1) O: Purge NMethod: jdk.internal.ref.CleanerImpl$CleanableList.insert (0x00007ab2a6cf0e88) [0x00007ab2a6cf0f80, 0x00007ab2a6cf1398] 
[3,834s][debug][gc,nmethod     ] GC(1) O: Purge NMethod: io.sirix.node.xml.AttributeNode.getURIKey (0x00007ab287fa7d08) [0x00007ab287fa7e00, 0x00007ab287facdf0] 
[3,834s][debug][gc,nmethod     ] GC(1) O: Purge NMethod: java.util.BitSet.get (0x00007ab28769c008) [0x00007ab28769c100, 0x00007ab28769cfa8] 
[3,834s][debug][gc,nmethod     ] GC(1) O: Purge NMethod: java.nio.DirectByteBuffer.address (0x00007ab287ef9688) [0x00007ab287ef9780, 0x00007ab287efb0c0] 
[3,834s][debug][gc,nmethod     ] GC(1) O: Purge NMethod: com.sun.org.apache.xerces.internal.impl.XMLEntityScanner.scanChar (0x00007ab287e92a08) [0x00007ab287e92b00, 0x00007ab287e93528] 
[3,834s][debug][gc,nmethod     ] GC(1) O: Purge NMethod: net.openhft.hashing.XXH3.XXH3_avalanche (0x00007ab287e4eb08) [0x00007ab287e4ec00, 0x00007ab287e4ed10] 
[3,834s][debug][gc,nmethod     ] GC(1) O: Purge NMethod: java.util.HashMap$Values.iterator (0x00007ab287f01c88) [0x00007ab287f01d80, 0x00007ab287f02100] 
[3,834s][debug][gc,nmethod     ] GC(1) O: Purge NMethod: com.sun.org.apache.xerces.internal.impl.XMLEntityScanner.normalizeNewlines (0x00007ab2a6d99388) [0x00007ab2a6d99480, 0x00007ab2a6d99838] 
[3,834s][debug][gc,nmethod     ] GC(1) O: Purge NMethod: jdk.internal.foreign.AbstractMemorySegmentImpl.isAlignedForElement (0x00007ab28787cc08) [0x00007ab28787cd00, 0x00007ab28787ced0] 
[3,834s][debug][gc,nmethod     ] GC(1) O: Purge NMethod: jdk.internal.loader.URLClassPath.getResource (0x00007ab2a6c62b88) [0x00007ab2a6c62c80, 0x00007ab2a6c673a0] 
[3,834s][debug][gc,nmethod     ] GC(1) O: Purge NMethod: java.io.BufferedInputStream.getBufIfOpen (0x00007ab287610308) [0x00007ab287610400, 0x00007ab287610818] 
[3,834s][debug][gc,nmethod     ] GC(1) O: Purge NMethod: jdk.internal.foreign.AbstractMemorySegmentImpl.toArray (0x00007ab2881a3088) [0x00007ab2881a3180, 0x00007ab2881ade70] 
[3,834s][debug][gc,nmethod     ] GC(1) O: Purge NMethod: jdk.internal.misc.Unsafe.allocateMemory (0x00007ab287488208) [0x00007ab287488300, 0x00007ab2874895b0] 
[3,834s][debug][gc,nmethod     ] GC(1) O: Purge NMethod: java.util.HashMap.computeIfAbsent (0x00007ab2a6d56608) [0x00007ab2a6d56720, 0x00007ab2a6d58910] 
[3,834s][debug][gc,nmethod     ] GC(1) O: Purge NMethod: io.sirix.node.xml.ElementNode.getDescendantCount (0x00007ab287dedd88) [0x00007ab287dede80, 0x00007ab287df16f8] 
[3,834s][debug][gc,nmethod     ] GC(1) O: Purge NMethod: java.util.BitSet.flip (0x00007ab288071208) [0x00007ab288071300, 0x00007ab288071908] 
[3,834s][debug][gc,nmethod     ] GC(1) O: Purge NMethod: io.sirix.node.xml.TextNode.getKind (0x00007ab287d33c08) [0x00007ab287d33d00, 0x00007ab287d33e08] 
[3,834s][debug][gc,nmethod     ] GC(1) O: Purge NMethod: com.sun.org.apache.xerces.internal.impl.XMLEntityScanner.checkLimit (0x00007ab287eebc08) [0x00007ab287eebd00, 0x00007ab287ef44c0] 
[3,834s][debug][gc,nmethod     ] GC(1) O: Purge NMethod: jdk.internal.constant.MethodTypeDescImpl.parameterType (0x00007ab2874f4708) [0x00007ab2874f4800, 0x00007ab2874f4988] 
[3,834s][debug][gc,nmethod     ] GC(1) O: Purge NMethod: io.sirix.access.trx.node.xml.XmlNodeTrxImpl.insertAttribute (0x00007ab288090808) [0x00007ab288090900, 0x00007ab2880a0940] 
[3,834s][debug][gc,nmethod     ] GC(1) O: Purge NMethod: java.util.HashMap$HashIterator.nextNode (0x00007ab28742f008) [0x00007ab28742f100, 0x00007ab28742f718] 
[3,834s][debug][gc,nmethod     ] GC(1) O: Purge NMethod: java.nio.ByteBuffer.<init> (0x00007ab2878cf708) [0x00007ab2878cf800, 0x00007ab2878cfa48] 
[3,834s][debug][gc,nmethod     ] GC(1) O: Purge NMethod: sun.nio.ch.NativeThreadSet.add (0x00007ab287a05f08) [0x00007ab287a06000, 0x00007ab287a06f10] 
[3,834s][debug][gc,nmethod     ] GC(1) O: Purge NMethod: java.util.HashMap.computeIfAbsent (0x00007ab28807a708) [0x00007ab28807a800, 0x00007ab28807d008] 
[3,834s][debug][gc,nmethod     ] GC(1) O: Purge NMethod: java.nio.DirectByteBuffer.get (0x00007ab2874c0308) [0x00007ab2874c0400, 0x00007ab2874c1200] 
[3,834s][debug][gc,nmethod     ] GC(1) O: Purge NMethod: java.lang.Integer.valueOf (0x00007ab28752a508) [0x00007ab28752a600, 0x00007ab28752a918] 
[3,834s][debug][gc,nmethod     ] GC(1) O: Purge NMethod: java.util.BitSet.expandTo (0x00007ab28752a208) [0x00007ab28752a300, 0x00007ab28752a488] 
[3,834s][debug][gc,nmethod     ] GC(1) O: Purge NMethod: com.sun.org.apache.xerces.internal.impl.XMLEntityScanner.scanContent (0x00007ab288075108) [0x00007ab288075200, 0x00007ab288076178] 
[3,834s][debug][gc,nmethod     ] GC(1) O: Purge NMethod: it.unimi.dsi.fastutil.longs.LongArrayList.add (0x00007ab287e1eb08) [0x00007ab287e1ec00, 0x00007ab287e1eed8] 
[3,834s][debug][gc,nmethod     ] GC(1) O: Purge NMethod: com.sun.xml.internal.stream.events.XMLEventAllocatorImpl.fillAttributes (0x00007ab28805ed88) [0x00007ab28805ee80, 0x00007ab28805f978] 
[3,834s][debug][gc,nmethod     ] GC(1) O: Purge NMethod: java.util.concurrent.ConcurrentHashMap$Traverser.advance (0x00007ab28767ca08) [0x00007ab28767cb00, 0x00007ab28767dbf8] 
[3,834s][debug][gc,nmethod     ] GC(1) O: Purge NMethod: com.sun.xml.internal.stream.events.DummyEvent.asCharacters (0x00007ab287e8ef88) [0x00007ab287e8f080, 0x00007ab287e8f3a0] 
[3,834s][debug][gc,nmethod     ] GC(1) O: Purge NMethod: java.util.concurrent.atomic.AtomicInteger.<init> (0x00007ab287600008) [0x00007ab287600100, 0x00007ab2876002c0] 
[3,834s][debug][gc,nmethod     ] GC(1) O: Purge NMethod: java.net.URL.<init> (0x00007ab2875bef08) [0x00007ab2875bf000, 0x00007ab2875c5718] 
[3,834s][debug][gc,nmethod     ] GC(1) O: Purge NMethod: java.nio.HeapByteBuffer.ix (0x00007ab28778f088) [0x00007ab28778f180, 0x00007ab28778f288] 
[3,834s][debug][gc,nmethod     ] GC(1) O: Purge NMethod: io.sirix.node.xml.AttributeNode.<init> (0x00007ab287fca988) [0x00007ab287fcaa80, 0x00007ab287fcb0f0] 
[3,834s][debug][gc,nmethod     ] GC(1) O: Purge NMethod: com.sun.org.apache.xerces.internal.impl.XMLDocumentFragmentScannerImpl.seekCloseOfStartTag (0x00007ab287ea2108) [0x00007ab287ea2200, 0x00007ab287ea37d0] 
[3,834s][debug][gc,nmethod     ] GC(1) O: Purge NMethod: java.util.BitSet.flip (0x00007ab287529108) [0x00007ab287529200, 0x00007ab287529808] 
[3,834s][debug][gc,nmethod     ] GC(1) O: Purge NMethod: io.sirix.page.KeyValueLeafPage.alignOffset (0x00007ab287409988) [0x00007ab287409a80, 0x00007ab287409b68] 
[3,834s][debug][gc,nmethod     ] GC(1) O: Purge NMethod: java.io.File.<init> (0x00007ab2876dc288) [0x00007ab2876dc380, 0x00007ab2876dd248] 
[3,834s][debug][gc,nmethod     ] GC(1) O: Purge NMethod: jdk.internal.misc.Unsafe.putLongUnaligned (0x00007ab287853708) [0x00007ab287853800, 0x00007ab287853c38] 
[3,834s][debug][gc,nmethod     ] GC(1) O: Purge NMethod: sun.nio.fs.UnixPath.normalizeAndCheck (0x00007ab2a6cdf288) [0x00007ab2a6cdf380, 0x00007ab2a6cdfad8] 
[3,834s][debug][gc,nmethod     ] GC(1) O: Purge NMethod: jdk.internal.foreign.AbstractMemorySegmentImpl$$Lambda/0x000000006c1e9de8.apply (0x00007ab288186588) [0x00007ab288186680, 0x00007ab288186860] 
[3,834s][debug][gc,nmethod     ] GC(1) O: Purge NMethod: java.nio.ByteBuffer.position (0x00007ab28781d708) [0x00007ab28781d800, 0x00007ab28781d948] 
[3,834s][debug][gc,nmethod     ] GC(1) O: Purge NMethod: jdk.internal.misc.Unsafe.checkSize (0x00007ab287843d08) [0x00007ab287843e00, 0x00007ab287844060] 
[3,835s][debug][gc,nmethod     ] GC(1) O: Purge NMethod: io.sirix.node.MemorySegmentBytesIn.readLong (0x00007ab287973908) [0x00007ab287973a00, 0x00007ab287977610] 
[3,835s][debug][gc,nmethod     ] GC(1) O: Purge NMethod: io.sirix.node.xml.AbstractStructForwardingNode.getFirstChildKey (0x00007ab287bc4908) [0x00007ab287bc4a00, 0x00007ab287bc4d30] 
[3,835s][debug][gc,nmethod     ] GC(1) O: Purge NMethod: java.lang.CharacterData.of (0x00007ab2874e7508) [0x00007ab2874e7600, 0x00007ab2874e7d40] 
[3,835s][debug][gc,nmethod     ] GC(1) O: Purge NMethod: java.util.ArrayList$Itr.next (0x00007ab287a0da88) [0x00007ab287a0db80, 0x00007ab287a0e1c8] 
[3,835s][debug][gc,nmethod     ] GC(1) O: Purge NMethod: jdk.internal.ref.CleanerImpl$CleanableList.insert (0x00007ab2874da288) [0x00007ab2874da380, 0x00007ab2874dae00] 
[3,835s][debug][gc,nmethod     ] GC(1) O: Purge NMethod: sun.net.util.IPAddressUtil.checkHostString (0x00007ab2874d6a88) [0x00007ab2874d6b80, 0x00007ab2874d6d80] 
[3,835s][debug][gc,nmethod     ] GC(1) O: Purge NMethod: java.util.Vector$Itr.hasNext (0x00007ab287a5b208) [0x00007ab287a5b300, 0x00007ab287a5b490] 
[3,835s][debug][gc,nmethod     ] GC(1) O: Purge NMethod: jdk.internal.foreign.MemorySessionImpl.checkValidStateRaw (0x00007ab287878a08) [0x00007ab287878b00, 0x00007ab287878d30] 
[3,835s][debug][gc,nmethod     ] GC(1) O: Purge NMethod: java.lang.runtime.ObjectMethods.hashCombiner (0x00007ab287a3ab08) [0x00007ab287a3ac00, 0x00007ab287a3acf0] 
[3,835s][debug][gc,nmethod     ] GC(1) O: Purge NMethod: java.util.HashMap.computeIfAbsent (0x00007ab288015a08) [0x00007ab288015b00, 0x00007ab288018308] 
[3,835s][debug][gc,nmethod     ] GC(1) O: Purge NMethod: io.sirix.index.path.summary.PathSummaryReader.hasFirstChild (0x00007ab287ecc608) [0x00007ab287ecc700, 0x00007ab287ecce88] 
[3,835s][debug][gc,nmethod     ] GC(1) O: Purge NMethod: io.sirix.page.KeyValueLeafPage.processEntries (0x00007ab2881af208) [0x00007ab2881af300, 0x00007ab2881c37f8] 
[3,835s][debug][gc,nmethod     ] GC(1) O: Purge NMethod: java.lang.StringBuilder.append (0x00007ab28748f908) [0x00007ab28748fa00, 0x00007ab28748fb48] 
[3,835s][debug][gc,nmethod     ] GC(1) O: Purge NMethod: jdk.internal.foreign.Utils.isPowerOfTwo (0x00007ab287dbdf08) [0x00007ab287dbe000, 0x00007ab287dbe140] 
[3,835s][debug][gc,nmethod     ] GC(1) O: Purge NMethod: com.sun.org.apache.xerces.internal.impl.XMLEntityScanner.skipSpaces (0x00007ab2a6d52088) [0x00007ab2a6d52180, 0x00007ab2a6d52480] 
[3,835s][debug][gc,nmethod     ] GC(1) O: Purge NMethod: jdk.internal.misc.Unsafe.putLongUnaligned (0x00007ab287553088) [0x00007ab287553180, 0x00007ab287553388] 
[3,835s][debug][gc,nmethod     ] GC(1) O: Purge NMethod: com.sun.org.apache.xerces.internal.impl.XMLEntityScanner.scanContent (0x00007ab287e0b208) [0x00007ab287e0b300, 0x00007ab287e0c2b8] 
[3,835s][debug][gc,nmethod     ] GC(1) O: Purge NMethod: io.sirix.node.xml.ElementNode.getKind (0x00007ab2880c1a88) [0x00007ab2880c1b80, 0x00007ab2880c1ea0] 
[3,835s][debug][gc,nmethod     ] GC(1) O: Purge NMethod: sun.net.util.IPAddressUtil.scan (0x00007ab2874dae08) [0x00007ab2874daf00, 0x00007ab2874dc158] 
[3,835s][debug][gc,nmethod     ] GC(1) O: Purge NMethod: java.util.ArrayList$Itr.next (0x00007ab28756fc08) [0x00007ab28756fd00, 0x00007ab2875702f0] 
[3,835s][debug][gc,nmethod     ] GC(1) O: Purge NMethod: io.sirix.access.trx.node.AbstractNodeReadOnlyTrx.assertNotClosed (0x00007ab287479588) [0x00007ab287479680, 0x00007ab287479888] 
[3,835s][debug][gc,nmethod     ] GC(1) O: Purge NMethod: java.util.concurrent.ConcurrentHashMap.addCount (0x00007ab28788be08) [0x00007ab28788bf00, 0x00007ab28788cc58] 
[3,835s][debug][gc,nmethod     ] GC(1) O: Purge NMethod: jdk.internal.foreign.layout.ValueLayouts$OfByteImpl.dup (0x00007ab288194988) [0x00007ab288194a80, 0x00007ab288194d78] 
[3,835s][debug][gc,nmethod     ] GC(1) O: Purge NMethod: java.lang.StrictMath.ceil (0x00007ab2875f7988) [0x00007ab2875f7aa0, 0x00007ab2875f7bc8] 
[3,835s][debug][gc,nmethod     ] GC(1) O: Purge NMethod: io.sirix.node.GrowingMemorySegment.grow (0x00007ab2880dd408) [0x00007ab2880dd500, 0x00007ab2880ee348] 
[3,835s][debug][gc,nmethod     ] GC(1) O: Purge NMethod: io.sirix.access.trx.page.NodeStorageEngineReader.getRecord (0x00007ab287a5d908) [0x00007ab287a5da00, 0x00007ab287a5f420] 
[3,835s][debug][gc,nmethod     ] GC(1) O: Purge NMethod: com.sun.org.apache.xerces.internal.impl.XMLDocumentFragmentScannerImpl$ElementStack.nextElement (0x00007ab287f06008) [0x00007ab287f06100, 0x00007ab287f06b10] 
[3,835s][debug][gc,nmethod     ] GC(1) O: Purge NMethod: io.sirix.cache.IndexLogKey.<init> (0x00007ab287a1e308) [0x00007ab287a1e400, 0x00007ab287a1e5e0] 
[3,835s][debug][gc,nmethod     ] GC(1) O: Purge NMethod: io.sirix.node.xml.AttributeNode.getParentKey (0x00007ab287e52588) [0x00007ab287e52680, 0x00007ab287e57668] 
[3,835s][debug][gc,nmethod     ] GC(1) O: Purge NMethod: io.sirix.page.delegates.BitmapReferencesPage.getOrCreateReference (0x00007ab287712e88) [0x00007ab287712f80, 0x00007ab287713638] 
[3,835s][debug][gc,nmethod     ] GC(1) O: Purge NMethod: io.sirix.page.RevisionRootPage.incrementAndGetMaxNodeKeyInDocumentIndex (0x00007ab287e2b588) [0x00007ab287e2b680, 0x00007ab287e2b790] 
[3,835s][debug][gc,nmethod     ] GC(1) O: Purge NMethod: io.sirix.node.xml.ElementNode.getAttributeCount (0x00007ab287fa5208) [0x00007ab287fa5300, 0x00007ab287fa5490] 
[3,835s][debug][gc,nmethod     ] GC(1) O: Purge NMethod: java.util.BitSet.checkRange (0x00007ab287468188) [0x00007ab287468280, 0x00007ab28746ac08] 
[3,835s][debug][gc,nmethod     ] GC(1) O: Purge NMethod: java.util.ArrayList.iterator (0x00007ab2875a4408) [0x00007ab2875a4500, 0x00007ab2875a4800] 
[3,835s][debug][gc,nmethod     ] GC(1) O: Purge NMethod: io.sirix.node.GrowingMemorySegment.ensureCapacity (0x00007ab287893b88) [0x00007ab287893c80, 0x00007ab287893de0] 
[3,835s][debug][gc,nmethod     ] GC(1) O: Purge NMethod: com.github.benmanes.caffeine.cache.StripedBuffer.mix64 (0x00007ab287c17808) [0x00007ab287c17900, 0x00007ab287c17a30] 
[3,835s][debug][gc,nmethod     ] GC(1) O: Purge NMethod: java.lang.Long.hashCode (0x00007ab28751e008) [0x00007ab28751e100, 0x00007ab28751e1f0] 
[3,835s][debug][gc,nmethod     ] GC(1) O: Purge NMethod: io.sirix.node.GrowingMemorySegment.writeLong (0x00007ab2876c7688) [0x00007ab2876c7780, 0x00007ab2876cb5c0] 
[3,835s][debug][gc,nmethod     ] GC(1) O: Purge NMethod: com.sun.org.apache.xerces.internal.impl.XMLStreamReaderImpl$1.<init> (0x00007ab287e14308) [0x00007ab287e14400, 0x00007ab287e15a70] 
[3,835s][debug][gc,nmethod     ] GC(1) O: Purge NMethod: it.unimi.dsi.fastutil.ints.Int2LongOpenHashMap.find (0x00007ab287a29508) [0x00007ab287a29600, 0x00007ab287a29a68] 
[3,835s][debug][gc,nmethod     ] GC(1) O: Purge NMethod: io.sirix.axis.AbstractAxis.<init> (0x00007ab287bdb308) [0x00007ab287bdb400, 0x00007ab287bdbe50] 
[3,835s][debug][gc,nmethod     ] GC(1) O: Purge NMethod: com.sun.org.apache.xerces.internal.util.NamespaceSupport.getAllPrefixes (0x00007ab287f07088) [0x00007ab287f07180, 0x00007ab287f07ce8] 
[3,835s][debug][gc,nmethod     ] GC(1) O: Purge NMethod: kotlin.Result.constructor-impl (0x00007ab287c42c08) [0x00007ab287c42d00, 0x00007ab287c42de0] 
[3,835s][debug][gc,nmethod     ] GC(1) O: Purge NMethod: java.io.UnixFileSystem.normalize (0x00007ab28751f608) [0x00007ab28751f700, 0x00007ab287520cf8] 
[3,835s][debug][gc,nmethod     ] GC(1) O: Purge NMethod: io.sirix.service.xml.shredder.AbstractShredder.processStartTag (0x00007ab2a6db3188) [0x00007ab2a6db3400, 0x00007ab2a6db7800] 
[3,835s][debug][gc,nmethod     ] GC(1) O: Purge NMethod: io.sirix.node.AbstractForwardingNode.getParentKey (0x00007ab287e1ef08) [0x00007ab287e1f000, 0x00007ab287e1f330] 
[3,835s][debug][gc,nmethod     ] GC(1) O: Purge NMethod: java.lang.foreign.MemorySegment.copy (0x00007ab288189608) [0x00007ab288189700, 0x00007ab288193a20] 
[3,835s][debug][gc,nmethod     ] GC(1) O: Purge NMethod: java.util.concurrent.ForkJoinTask.noUserHelp (0x00007ab287a44188) [0x00007ab287a44280, 0x00007ab287a44390] 
[3,835s][debug][gc,nmethod     ] GC(1) O: Purge NMethod: java.lang.ThreadLocal$ThreadLocalMap.getEntry (0x00007ab28753d208) [0x00007ab28753d300, 0x00007ab28753da00] 
[3,835s][debug][gc,nmethod     ] GC(1) O: Purge NMethod: com.sun.org.apache.xerces.internal.impl.XMLDocumentFragmentScannerImpl$ElementStack.popElement (0x00007ab287ef5688) [0x00007ab287ef5780, 0x00007ab287ef5ad0] 
[3,835s][debug][gc,nmethod     ] GC(1) O: Purge NMethod: java.net.URLStreamHandler.setURL (0x00007ab2875bb588) [0x00007ab2875bb680, 0x00007ab2875bd2b8] 
[3,835s][debug][gc,nmethod     ] GC(1) O: Purge NMethod: java.lang.invoke.SegmentVarHandle.offset (0x00007ab28787cf08) [0x00007ab28787d000, 0x00007ab28787d118] 
[3,835s][debug][gc,nmethod     ] GC(1) O: Purge NMethod: jdk.internal.foreign.layout.ValueLayouts$AbstractValueLayout.varHandle (0x00007ab28787d208) [0x00007ab28787d300, 0x00007ab28787dcb8] 
[3,835s][debug][gc,nmethod     ] GC(1) O: Purge NMethod: jdk.internal.foreign.SegmentFactories.allocateNativeSegment (0x00007ab287aa6888) [0x00007ab287aa6980, 0x00007ab287aa6f40] 
[3,835s][debug][gc,nmethod     ] GC(1) O: Purge NMethod: io.sirix.utils.XMLToken.cp (0x00007ab287df5b88) [0x00007ab287df5c80, 0x00007ab287df60b8] 
[3,835s][debug][gc,nmethod     ] GC(1) O: Purge NMethod: java.util.Objects.checkIndex (0x00007ab287479288) [0x00007ab287479380, 0x00007ab2874794b0] 
[3,835s][debug][gc,nmethod     ] GC(1) O: Purge NMethod: sun.nio.ch.IOUtil.readIntoNativeBuffer (0x00007ab287a1b608) [0x00007ab287a1b700, 0x00007ab287a1dd88] 
[3,835s][debug][gc,nmethod     ] GC(1) O: Purge NMethod: io.sirix.page.AbstractForwardingPage.getOrCreateReference (0x00007ab28743ce88) [0x00007ab28743cf80, 0x00007ab28743d490] 
[3,835s][debug][gc,nmethod     ] GC(1) O: Purge NMethod: it.unimi.dsi.fastutil.ints.Int2LongOpenHashMap.get (0x00007ab287e0e608) [0x00007ab287e0e700, 0x00007ab287e0ec50] 
[3,835s][debug][gc,nmethod     ] GC(1) O: Purge NMethod: io.sirix.access.trx.node.AbstractNodeHashing.rollingAdd (0x00007ab287e61a08) [0x00007ab287e61b00, 0x00007ab287e66e50] 
[3,835s][debug][gc,nmethod     ] GC(1) O: Purge NMethod: jdk.internal.foreign.Utils.checkNonNegativeIndex (0x00007ab28745fd88) [0x00007ab28745fe80, 0x00007ab287461048] 
[3,835s][debug][gc,nmethod     ] GC(1) O: Purge NMethod: io.sirix.access.trx.node.AbstractNodeTrxImpl.checkAccessAndCommit (0x00007ab287e68388) [0x00007ab287e68480, 0x00007ab287e68fd8] 
[3,835s][debug][gc,nmethod     ] GC(1) O: Purge NMethod: java.util.concurrent.ForkJoinPool.deactivate (0x00007ab287bc4d88) [0x00007ab287bc4e80, 0x00007ab287bc5928] 
[3,835s][debug][gc,nmethod     ] GC(1) O: Purge NMethod: io.sirix.page.KeyValueLeafPage.updateLastSlotIndex (0x00007ab287bd8c08) [0x00007ab287bd8d00, 0x00007ab287bd9080] 
[3,835s][debug][gc,nmethod     ] GC(1) O: Purge NMethod: sun.nio.fs.UnixPath.resolve (0x00007ab287a0b308) [0x00007ab287a0b400, 0x00007ab287a0b9c8] 
[3,835s][debug][gc,nmethod     ] GC(1) O: Purge NMethod: io.sirix.node.NodeKind$4.serialize (0x00007ab288127e08) [0x00007ab288127f00, 0x00007ab288142678] 
[3,835s][debug][gc,nmethod     ] GC(1) O: Purge NMethod: io.sirix.node.GrowingMemorySegment.write (0x00007ab287951008) [0x00007ab287951100, 0x00007ab287956cc8] 
[3,835s][debug][gc,nmethod     ] GC(1) O: Purge NMethod: io.sirix.node.xml.ElementNode.getPrefixKey (0x00007ab287ed7108) [0x00007ab287ed7200, 0x00007ab287edc1f0] 
[3,835s][debug][gc,nmethod     ] GC(1) O: Purge NMethod: java.util.concurrent.atomic.AtomicReferenceArray.compareAndSet (0x00007ab287c64108) [0x00007ab287c64200, 0x00007ab287c66778] 
[3,835s][debug][gc,nmethod     ] GC(1) O: Purge NMethod: com.sun.org.apache.xerces.internal.impl.XMLEntityScanner.scanQName (0x00007ab28808e308) [0x00007ab28808e400, 0x00007ab2880907e0] 
[3,835s][debug][gc,nmethod     ] GC(1) O: Purge NMethod: jdk.internal.foreign.Utils.checkElementAlignment (0x00007ab287407508) [0x00007ab287407600, 0x00007ab287407ca8] 
[3,835s][debug][gc,nmethod     ] GC(1) O: Purge NMethod: io.sirix.axis.AbstractAxis.nextLong (0x00007ab287b71208) [0x00007ab287b71300, 0x00007ab287b71d80] 
[3,835s][debug][gc,nmethod     ] GC(1) O: Purge NMethod: java.net.URL.set (0x00007ab2875b9f88) [0x00007ab2875ba080, 0x00007ab2875bb578] 
[3,835s][debug][gc,nmethod     ] GC(1) O: Purge NMethod: jdk.internal.foreign.layout.ValueLayouts$AbstractValueLayout.<init> (0x00007ab288185f08) [0x00007ab288186000, 0x00007ab288186568] 
[3,835s][debug][gc,nmethod     ] GC(1) O: Purge NMethod: io.sirix.service.xml.shredder.AbstractShredder.processStartTag (0x00007ab2880a8a88) [0x00007ab2880a8b80, 0x00007ab2880ae860] 
[3,835s][debug][gc,nmethod     ] GC(1) O: Purge NMethod: org.magicwerk.brownies.collections.GapList.doAdd (0x00007ab2a6cf0388) [0x00007ab2a6cf0480, 0x00007ab2a6cf0e08] 
[3,835s][debug][gc,nmethod     ] GC(1) O: Purge NMethod: com.sun.org.apache.xerces.internal.impl.XMLEntityScanner.skipSpaces (0x00007ab28803b308) [0x00007ab28803b400, 0x00007ab28803c690] 
[3,835s][debug][gc,nmethod     ] GC(1) O: Purge NMethod: io.sirix.cache.IndexLogKey.hashCode (0x00007ab2a6d42108) [0x00007ab2a6d42200, 0x00007ab2a6d42338] 
[3,835s][debug][gc,nmethod     ] GC(1) O: Purge NMethod: io.sirix.access.trx.RevisionEpochTracker.minActiveRevision (0x00007ab288077608) [0x00007ab288077700, 0x00007ab288079018] 
[3,835s][debug][gc,nmethod     ] GC(1) O: Purge NMethod: jdk.internal.classfile.impl.SplitConstantPool.maybeCloneUtf8Entry (0x00007ab2874e9808) [0x00007ab2874e9900, 0x00007ab2874ea9a0] 
[3,835s][debug][gc,nmethod     ] GC(1) O: Purge NMethod: jdk.internal.foreign.SegmentFactories.ensureInitialized (0x00007ab287a10b88) [0x00007ab287a10c80, 0x00007ab287a10d60] 
[3,835s][debug][gc,nmethod     ] GC(1) O: Purge NMethod: com.github.benmanes.caffeine.cache.stats.DisabledStatsCounter.recordHits (0x00007ab287bfa788) [0x00007ab287bfa880, 0x00007ab287bfa980] 
[3,835s][debug][gc,nmethod     ] GC(1) O: Purge NMethod: io.sirix.utils.XMLToken.ncName (0x00007ab287e9e188) [0x00007ab287e9e280, 0x00007ab287e9e6d8] 
[3,835s][debug][gc,nmethod     ] GC(1) O: Purge NMethod: java.nio.Bits.reserveMemory (0x00007ab287a14a08) [0x00007ab287a14b00, 0x00007ab287a17a58] 
[3,835s][debug][gc,nmethod     ] GC(1) O: Purge NMethod: com.google.common.collect.testing.Helpers$1$1.hasNext (0x00007ab287a0e208) [0x00007ab287a0e300, 0x00007ab287a0e648] 
[3,835s][debug][gc,nmethod     ] GC(1) O: Purge NMethod: io.sirix.axis.filter.PathNameFilter.filter (0x00007ab287e48f88) [0x00007ab287e49080, 0x00007ab287e4b820] 
[3,835s][debug][gc,nmethod     ] GC(1) O: Purge NMethod: java.util.HashMap.resize (0x00007ab28760a708) [0x00007ab28760a820, 0x00007ab28760c500] 
[3,835s][debug][gc,nmethod     ] GC(1) O: Purge NMethod: java.util.concurrent.ConcurrentHashMap.putIfAbsent (0x00007ab2a6c4b088) [0x00007ab2a6c4b180, 0x00007ab2a6c4d908] 
[3,835s][debug][gc,nmethod     ] GC(1) O: Purge NMethod: com.sun.org.apache.xerces.internal.impl.XMLDocumentFragmentScannerImpl.seekCloseOfStartTag (0x00007ab2a6d8a488) [0x00007ab2a6d8a580, 0x00007ab2a6d8ad68] 
[3,835s][debug][gc,nmethod     ] GC(1) O: Purge NMethod: io.sirix.access.trx.node.xml.XmlNodeTrxImpl.adaptForInsert (0x00007ab287e81708) [0x00007ab287e81800, 0x00007ab287e845c8] 
[3,835s][debug][gc,nmethod     ] GC(1) O: Purge NMethod: io.sirix.access.trx.page.NodeStorageEngineReader.loadPage (0x00007ab287424c88) [0x00007ab287424d80, 0x00007ab287426c20] 
[3,835s][debug][gc,nmethod     ] GC(1) O: Purge NMethod: io.sirix.node.json.JsonNodeSerializer.writeSizePrefix (0x00007ab2880c0588) [0x00007ab2880c0680, 0x00007ab2880c0cf8] 
[3,835s][debug][gc,nmethod     ] GC(1) O: Purge NMethod: java.lang.ThreadLocal.get (0x00007ab28753da08) [0x00007ab28753db00, 0x00007ab28753df48] 
[3,835s][debug][gc,nmethod     ] GC(1) O: Purge NMethod: java.lang.invoke.VarHandleSegmentAsLongs.get (0x00007ab2878d8088) [0x00007ab2878d8180, 0x00007ab2878dd620] 
[3,835s][debug][gc,nmethod     ] GC(1) O: Purge NMethod: java.util.concurrent.ConcurrentHashMap.get (0x00007ab2a6c81408) [0x00007ab2a6c81500, 0x00007ab2a6c822d0] 
[3,835s][debug][gc,nmethod     ] GC(1) O: Purge NMethod: jdk.internal.foreign.AbstractMemorySegmentImpl.checkAccess (0x00007ab28787b788) [0x00007ab28787b880, 0x00007ab28787c090] 
[3,835s][debug][gc,nmethod     ] GC(1) O: Purge NMethod: jdk.internal.foreign.AbstractMemorySegmentImpl.checkBounds (0x00007ab287809308) [0x00007ab287809400, 0x00007ab287809690] 
[3,835s][debug][gc,nmethod     ] GC(1) O: Purge NMethod: java.lang.invoke.DirectMethodHandle.internalMemberName (0x00007ab28768a308) [0x00007ab28768a400, 0x00007ab28768a720] 
[3,835s][debug][gc,nmethod     ] GC(1) O: Purge NMethod: io.sirix.access.trx.node.xml.XmlNodeTrxImpl.insertAttribute (0x00007ab288001908) [0x00007ab288001a00, 0x00007ab288011a80] 
[3,835s][debug][gc,nmethod     ] GC(1) O: Purge NMethod: io.sirix.node.xml.ElementNode.getFirstChildKey (0x00007ab287b2f688) [0x00007ab287b2f780, 0x00007ab287b34770] 
[3,835s][debug][gc,nmethod     ] GC(1) O: Purge NMethod: io.sirix.cache.ShardedPageCache.getAndGuard (0x00007ab287a53d88) [0x00007ab287a53e80, 0x00007ab287a542d0] 
[3,835s][debug][gc,nmethod     ] GC(1) O: Purge NMethod: io.sirix.node.xml.ElementNode.getLastChildKey (0x00007ab287e5c888) [0x00007ab287e5c980, 0x00007ab287e61970] 
[3,835s][debug][gc,nmethod     ] GC(1) O: Purge NMethod: org.magicwerk.brownies.collections.GapList.get (0x00007ab287451f08) [0x00007ab287452000, 0x00007ab2874539f8] 
[3,835s][debug][gc,nmethod     ] GC(1) O: Purge NMethod: net.openhft.hashing.XXH3.XXH3_mix2Accs (0x00007ab287f63208) [0x00007ab287f63300, 0x00007ab287f64400] 
[3,835s][debug][gc,nmethod     ] GC(1) O: Purge NMethod: io.sirix.cache.IndexLogKey.hashCode (0x00007ab28807a208) [0x00007ab28807a300, 0x00007ab28807a6a8] 
[3,835s][debug][gc,nmethod     ] GC(1) O: Purge NMethod: com.sun.org.apache.xerces.internal.util.AugmentationsImpl$SmallContainer.clear (0x00007ab287fa7188) [0x00007ab287fa7280, 0x00007ab287fa7a00] 
[3,835s][debug][gc,nmethod     ] GC(1) O: Purge NMethod: java.nio.MappedByteBuffer.position (0x00007ab287625808) [0x00007ab287625900, 0x00007ab287625cc0] 
[3,835s][debug][gc,nmethod     ] GC(1) O: Purge NMethod: jdk.internal.foreign.SegmentFactories.allocateNativeInternal (0x00007ab287aaaa88) [0x00007ab287aaab80, 0x00007ab287aadfd8] 
[3,835s][debug][gc,nmethod     ] GC(1) O: Purge NMethod: jdk.internal.foreign.MemorySessionImpl$ResourceList.cleanup (0x00007ab2881ddc08) [0x00007ab2881ddd00, 0x00007ab2881de498] 
[3,835s][debug][gc,nmethod     ] GC(1) O: Purge NMethod: java.util.concurrent.atomic.AtomicInteger.decrementAndGet (0x00007ab287a42f08) [0x00007ab287a43000, 0x00007ab287a43110] 
[3,835s][debug][gc,nmethod     ] GC(1) O: Purge NMethod: io.sirix.node.MemorySegmentBytesOut.<init> (0x00007ab2880be588) [0x00007ab2880be680, 0x00007ab2880be908] 
[3,835s][debug][gc,nmethod     ] GC(1) O: Purge NMethod: com.sun.xml.internal.stream.XMLEventReaderImpl.peek (0x00007ab287e8fb08) [0x00007ab287e8fc00, 0x00007ab287e90398] 
[3,835s][debug][gc,nmethod     ] Register NMethod: java.lang.Long.numberOfLeadingZeros (0x00007ab2a6ea4008) [0x00007ab2a6ea4100, 0x00007ab2a6ea41a8] Compiler: jvmci, Barriers: 0, Oops: 0, ImmediateOops: 0, NonImmediateOops: No
[3,836s][debug][gc,phases      ] GC(1) O: Concurrent Classes Purge 7,114ms
[3,836s][debug][gc,phases,start] GC(1) O: Concurrent References Enqueue
[3,836s][debug][gc,phases      ] GC(1) O: Concurrent References Enqueue 0,008ms
[3,836s][info ][gc,phases      ] GC(1) O: Concurrent Process Non-Strong 17,901ms
[3,836s][debug][gc,phases,start] GC(1) O: Concurrent Reset Relocation Set
[3,836s][info ][gc,phases      ] GC(1) O: Concurrent Reset Relocation Set 0,007ms
[3,836s][debug][gc,phases,start] GC(1) O: Concurrent Select Relocation Set
[3,836s][debug][gc,reloc       ] Synchronize all workers 1 _nworkers: 0 _nsynchronized: 0
[3,836s][debug][gc,reloc       ] Synchronize all workers 1 _nworkers: 0 _nsynchronized: 0
[3,836s][debug][gc,reloc       ] GC(1) O: Relocation Set (Medium Pages): 0->0, 0 skipped, 0 forwarding entries
[3,836s][debug][gc,reloc       ] GC(1) O: Relocation Set (Small Pages): 0->0, 0 skipped, 0 forwarding entries
[3,836s][debug][gc,task        ] GC(1) O: Executing ZRelocationSetInstallTask using ZWorkerOld with 3 workers
[3,836s][debug][gc,reloc       ] Desynchronize all workers _nworkers: 0 _nsynchronized: 0
[3,836s][debug][gc,reloc       ] Desynchronize all workers _nworkers: 0 _nsynchronized: 0
[3,836s][info ][gc,phases      ] GC(1) O: Concurrent Select Relocation Set 0,245ms
[3,836s][debug][gc,phases,start] GC(1) O: Concurrent Remap Roots
[3,836s][info ][gc,task        ] GC(1) O: Using 5 Workers for Old Generation
[3,836s][debug][gc,task        ] GC(1) O: Executing ZRemapYoungRootsTask using ZWorkerOld with 5 workers
[3,838s][info ][gc,task        ] GC(1) O: Using 3 Workers for Old Generation
[3,838s][info ][gc,phases      ] GC(1) O: Concurrent Remap Roots 2,082ms
[3,838s][debug][gc,reloc       ] Synchronize all workers 1 _nworkers: 0 _nsynchronized: 0
[3,838s][debug][gc,reloc       ] Synchronize all workers 1 _nworkers: 0 _nsynchronized: 0
[3,838s][debug][gc,phases,start] GC(1) O: Pause Relocate Start
[3,838s][debug][gc,reloc       ] GC(1) O: Joining workers: 3
[3,838s][info ][gc,phases      ] GC(1) O: Pause Relocate Start 0,035ms
[3,838s][debug][gc,reloc       ] Desynchronize all workers _nworkers: 3 _nsynchronized: 0
[3,838s][debug][gc,reloc       ] Desynchronize all workers _nworkers: 0 _nsynchronized: 0
[3,838s][debug][gc,phases,start] GC(1) O: Concurrent Relocate
[3,838s][debug][gc,task        ] GC(1) O: Executing ZRelocateStoreBufferInstallBasePointersTask using ZWorkerOld with 3 workers
[3,838s][debug][gc,task        ] GC(1) O: Executing ZRelocateTask using ZWorkerOld with 3 workers
[3,838s][debug][gc             ] JNI Critical Stall (DefaultDispatcher-worker-2 @CoroutineAxis#514) 0,221ms
[3,838s][debug][gc,reloc       ] GC(1) O: Leaving workers: left: 2 _synchronize: 0 _nsynchronized: 0
[3,838s][debug][gc,reloc       ] GC(1) O: Leaving workers: left: 1 _synchronize: 0 _nsynchronized: 0
[3,838s][debug][gc,reloc       ] GC(1) O: Leaving workers: left: 0 _synchronize: 0 _nsynchronized: 0
[3,838s][info ][gc,phases      ] GC(1) O: Concurrent Relocate 0,246ms
[3,838s][debug][gc,heap        ] GC(1) O: Heap After GC invocations=2 (full 2):
[3,838s][debug][gc,heap        ] GC(1) O:  ZHeap           used 766M, capacity 5120M, max capacity 12288M
[3,838s][debug][gc,heap        ] GC(1) O:   Cache          4354M (5)
[3,839s][debug][gc,heap        ] GC(1) O:    size classes  2M (1), 4M (1), 32M (1), 512M (1), 2G (1)
[3,839s][debug][gc,metaspace   ] GC(1) O: Metaspace After GC invocations=2 (full 2):
[3,839s][debug][gc,metaspace   ] GC(1) O:  Metaspace       used 32024K, committed 32448K, reserved 1114112K
[3,839s][debug][gc,metaspace   ] GC(1) O:   class space    used 2573K, committed 2752K, reserved 1048576K
[3,839s][info ][gc,alloc       ] GC(1) O:                         Mark Start        Mark End      Relocate Start    Relocate End   
[3,839s][info ][gc,alloc       ] GC(1) O: Allocation Stalls:          0                0                0                0         
[3,839s][info ][gc,load        ] GC(1) O: Load: 4,74 (24%) / 3,71 (19%) / 2,91 (15%)
[3,839s][info ][gc,mmu         ] GC(1) O: MMU: 2ms/90,6%, 5ms/96,3%, 10ms/98,1%, 20ms/99,1%, 50ms/99,6%, 100ms/99,8%
[3,839s][info ][gc,marking     ] GC(1) O: Mark: 2 stripe(s), 1 proactive flush(es), 1 terminate flush(es), 0 completion(s), 0 continuation(s) 
[3,839s][info ][gc,nmethod     ] GC(1) O: NMethods: 4380 registered, 689 unregistered
[3,839s][info ][gc,metaspace   ] GC(1) O: Metaspace: 31M used, 31M committed, 1088M reserved
[3,839s][info ][gc,ref         ] GC(1) O:                       Encountered   Discovered     Enqueued 
[3,839s][info ][gc,ref         ] GC(1) O: Soft References:             2990            0            0 
[3,839s][info ][gc,ref         ] GC(1) O: Weak References:             2000            0            0 
[3,839s][info ][gc,ref         ] GC(1) O: Final References:            4795            0            0 
[3,839s][info ][gc,ref         ] GC(1) O: Phantom References:        332351            0            0 
[3,839s][info ][gc,heap        ] GC(1) O: Min Capacity: 5120M(42%)
[3,839s][info ][gc,heap        ] GC(1) O: Max Capacity: 12288M(100%)
[3,839s][info ][gc,heap        ] GC(1) O: Soft Max Capacity: 12288M(100%)
[3,839s][info ][gc,heap        ] GC(1) O: Heap Statistics:
[3,839s][info ][gc,heap        ] GC(1) O:                Mark Start          Mark End        Relocate Start      Relocate End           High               Low         
[3,839s][info ][gc,heap        ] GC(1) O:  Capacity:     5120M (42%)        5120M (42%)        5120M (42%)        5120M (42%)        5120M (42%)        5120M (42%)    
[3,839s][info ][gc,heap        ] GC(1) O:      Free:    11044M (90%)       11544M (94%)       11522M (94%)       11522M (94%)       11578M (94%)       10744M (87%)    
[3,839s][info ][gc,heap        ] GC(1) O:      Used:     1244M (10%)         744M (6%)          766M (6%)          766M (6%)         1544M (13%)         710M (6%)     
[3,839s][info ][gc,heap        ] GC(1) O: Old Generation Statistics:
[3,839s][info ][gc,heap        ] GC(1) O:                Mark Start          Mark End        Relocate Start      Relocate End    
[3,839s][info ][gc,heap        ] GC(1) O:      Used:        0M (0%)          222M (2%)          222M (2%)          222M (2%)     
[3,839s][info ][gc,heap        ] GC(1) O:      Live:         -                 0M (0%)            0M (0%)            0M (0%)     
[3,839s][info ][gc,heap        ] GC(1) O:   Garbage:         -                 0M (0%)            0M (0%)            0M (0%)     
[3,839s][info ][gc,heap        ] GC(1) O: Allocated:         -               222M (2%)          222M (2%)          222M (2%)     
[3,839s][info ][gc,heap        ] GC(1) O: Reclaimed:         -                  -                 0M (0%)            0M (0%)     
[3,839s][info ][gc,heap        ] GC(1) O: Compacted:         -                  -                  -                 0M (0%)     
[3,839s][info ][gc,phases      ] GC(1) O: Old Generation 744M(6%)->766M(6%) 0,022s
[3,839s][info ][gc             ] GC(1) Major Collection (Warmup) 1244M(10%)->768M(6%) 0,310s
[3,840s][debug][gc,director    ] Rule Major: Warmup 20%, Used: 768MB, UsedThreshold: 2457MB
[3,842s][debug][gc,nmethod     ] Register NMethod: net.jpountz.lz4.LZ4BlockInputStream.tryReadFully (0x00007ab2a6cdf288) [0x00007ab2a6cdf380, 0x00007ab2a6cdf9b0] Compiler: jvmci, Barriers: 2, Oops: 1, ImmediateOops: 0, NonImmediateOops: No
[3,851s][debug][gc,director    ] Rule Major: Warmup 20%, Used: 780MB, UsedThreshold: 2457MB
[3,852s][debug][gc,nmethod     ] Register NMethod: io.sirix.axis.filter.FilterAxis.nextKey (0x00007ab2a6d53288) [0x00007ab2a6d53380, 0x00007ab2a6d55220] Compiler: jvmci, Barriers: 51, Oops: 2, ImmediateOops: 3, NonImmediateOops: No
[3,853s][debug][gc,nmethod     ] Register NMethod: jdk.internal.util.DecimalDigits.uncheckedPutCharLatin1 (0x00007ab2a6be6e08) [0x00007ab2a6be6f00, 0x00007ab2a6be6f68] Compiler: jvmci, Barriers: 0, Oops: 0, ImmediateOops: 0, NonImmediateOops: No
[3,853s][debug][gc,nmethod     ] Register NMethod: io.sirix.page.KeyValueLeafPage.newInstance (0x00007ab28741d608) [0x00007ab28741d700, 0x00007ab28741e2b0] Compiler: c1, Barriers: 1, Oops: 2, ImmediateOops: 3, NonImmediateOops: No
[3,858s][debug][gc,nmethod     ] Register NMethod: io.sirix.page.PageKind$1.deserializePage (0x00007ab2a6c94688) [0x00007ab2a6c94780, 0x00007ab2a6c96680] Compiler: jvmci, Barriers: 31, Oops: 1, ImmediateOops: 0, NonImmediateOops: No
[3,861s][debug][gc,director    ] Rule Major: Warmup 20%, Used: 792MB, UsedThreshold: 2457MB
[3,867s][debug][gc,nmethod     ] Register NMethod: java.util.concurrent.ConcurrentHashMap.compute (0x00007ab28805d988) [0x00007ab28805da80, 0x00007ab288060f90] Compiler: c1, Barriers: 33, Oops: 0, ImmediateOops: 2, NonImmediateOops: No
[3,867s][debug][gc,alloc       ] Mutator Allocation Rate: 623,6MB/s Predicted: 663,6MB/s, Avg: 444,5(+/-123,2)MB/s
[3,867s][debug][gc,director    ] Rule Major: Warmup 20%, Used: 800MB, UsedThreshold: 2457MB
[3,875s][debug][gc,nmethod     ] Register NMethod: java.lang.invoke.Invokers$Holder.linkToTargetMethod (0x00007ab287412308) [0x00007ab287412400, 0x00007ab2874128f8] Compiler: c1, Barriers: 0, Oops: 0, ImmediateOops: 0, NonImmediateOops: No
[3,877s][debug][gc,director    ] Rule Major: Warmup 20%, Used: 812MB, UsedThreshold: 2457MB
[3,878s][debug][gc,nmethod     ] Register NMethod: java.util.LinkedHashMap$LinkedValues.toArray (0x00007ab28746e708) [0x00007ab28746e800, 0x00007ab28746ed38] Compiler: c1, Barriers: 1, Oops: 0, ImmediateOops: 0, NonImmediateOops: No
[3,878s][debug][gc,nmethod     ] Register NMethod: java.util.HashMap.prepareArray (0x00007ab2875acd08) [0x00007ab2875ace00, 0x00007ab2875ad8f8] Compiler: c1, Barriers: 5, Oops: 0, ImmediateOops: 0, NonImmediateOops: No
[3,884s][debug][gc,nmethod     ] Register NMethod: java.lang.invoke.DirectMethodHandle$Holder.invokeSpecial (0x00007ab287432188) [0x00007ab287432280, 0x00007ab287432650] Compiler: c1, Barriers: 1, Oops: 0, ImmediateOops: 0, NonImmediateOops: No
[3,884s][debug][gc,nmethod     ] Register NMethod: java.lang.invoke.LambdaForm$MH/0x000000006c258400.invoke (0x00007ab287b2eb08) [0x00007ab287b2ec00, 0x00007ab287b2f370] Compiler: c1, Barriers: 2, Oops: 1, ImmediateOops: 0, NonImmediateOops: No
[3,884s][debug][gc,nmethod     ] Register NMethod: io.sirix.settings.VersioningType$4.combineRecordPages (0x00007ab2a6e14b88) [0x00007ab2a6e14c80, 0x00007ab2a6e1b218] Compiler: jvmci, Barriers: 88, Oops: 3, ImmediateOops: 2, NonImmediateOops: No
[3,888s][debug][gc,director    ] Rule Major: Warmup 20%, Used: 820MB, UsedThreshold: 2457MB
[3,890s][debug][gc,nmethod     ] Register NMethod: java.lang.StringConcatHelper.checkOverflow (0x00007ab2a6c86608) [0x00007ab2a6c86700, 0x00007ab2a6c86798] Compiler: jvmci, Barriers: 0, Oops: 0, ImmediateOops: 0, NonImmediateOops: No
[3,898s][debug][gc,director    ] Rule Major: Warmup 20%, Used: 830MB, UsedThreshold: 2457MB
[3,903s][debug][gc,nmethod     ] Register NMethod: io.sirix.page.PageKind$1.deserializePage (0x00007ab2a6d56608) [0x00007ab2a6d56720, 0x00007ab2a6d58940] Compiler: jvmci, Barriers: 34, Oops: 3, ImmediateOops: 1, NonImmediateOops: No
[3,904s][debug][gc,nmethod     ] Register NMethod: io.sirix.page.IndirectPage.<init> (0x00007ab287437288) [0x00007ab287437380, 0x00007ab287437610] Compiler: c1, Barriers: 3, Oops: 1, ImmediateOops: 0, NonImmediateOops: No
[3,904s][debug][gc,nmethod     ] Register NMethod: io.sirix.page.PageKind$4.deserializePage (0x00007ab2881e1e88) [0x00007ab2881e1f80, 0x00007ab2881e26d0] Compiler: c1, Barriers: 3, Oops: 1, ImmediateOops: 1, NonImmediateOops: No
[3,908s][debug][gc,director    ] Rule Major: Warmup 20%, Used: 842MB, UsedThreshold: 2457MB
[3,908s][debug][gc,director    ] Select Minor GC Workers (Not Warm), GCWorkers: 5,000
[3,908s][debug][gc,director    ] Rule Minor: Allocation Rate (Dynamic GC Workers), MaxAllocRate: 444,5MB/s (+/-27,7%), Free: 11404MB, GCCPUTime: 2,913, GCDuration: 0,588s, TimeUntilOOM: 20,086s, TimeUntilGC: 19,499s, GCWorkers: 5
[3,908s][debug][gc,director    ] Select Minor GC Workers (Not Warm), GCWorkers: 5,000
[3,908s][debug][gc,director    ] Rule Minor: Allocation Rate (Dynamic GC Workers), MaxAllocRate: 1732,6MB/s (+/-27,7%), Free: 11404MB, GCCPUTime: 2,913, GCDuration: 0,588s, TimeUntilOOM: 5,153s, TimeUntilGC: 4,566s, GCWorkers: 5
[3,908s][debug][gc,director    ] Rule Minor: High Usage, Free: 11404MB(92,8%)
[3,914s][debug][gc,nmethod     ] Register NMethod: io.sirix.index.IndexType.getType (0x00007ab28744a688) [0x00007ab28744a780, 0x00007ab28744b0a0] Compiler: c1, Barriers: 2, Oops: 2, ImmediateOops: 2, NonImmediateOops: No
[3,914s][debug][gc,nmethod     ] Register NMethod: io.sirix.page.KeyValueLeafPage.<init> (0x00007ab28769c008) [0x00007ab28769c100, 0x00007ab28769cfb0] Compiler: c1, Barriers: 40, Oops: 1, ImmediateOops: 2, NonImmediateOops: No
[3,918s][debug][gc,director    ] Rule Major: Warmup 20%, Used: 854MB, UsedThreshold: 2457MB
[3,918s][debug][gc,director    ] Select Minor GC Workers (Not Warm), GCWorkers: 5,000
[3,918s][debug][gc,director    ] Rule Minor: Allocation Rate (Dynamic GC Workers), MaxAllocRate: 444,5MB/s (+/-27,7%), Free: 11392MB, GCCPUTime: 2,913, GCDuration: 0,588s, TimeUntilOOM: 20,065s, TimeUntilGC: 19,477s, GCWorkers: 5
[3,918s][debug][gc,director    ] Select Minor GC Workers (Not Warm), GCWorkers: 5,000
[3,918s][debug][gc,director    ] Rule Minor: Allocation Rate (Dynamic GC Workers), MaxAllocRate: 1732,6MB/s (+/-27,7%), Free: 11392MB, GCCPUTime: 2,913, GCDuration: 0,588s, TimeUntilOOM: 5,148s, TimeUntilGC: 4,560s, GCWorkers: 5
[3,918s][debug][gc,director    ] Rule Minor: High Usage, Free: 11392MB(92,7%)
[3,924s][debug][gc,nmethod     ] Register NMethod: io.sirix.settings.VersioningType$4.convertIntegers (0x00007ab28744c088) [0x00007ab28744c180, 0x00007ab28744cdb8] Compiler: c1, Barriers: 0, Oops: 1, ImmediateOops: 0, NonImmediateOops: No
[3,924s][debug][gc,nmethod     ] Register NMethod: io.sirix.settings.VersioningType$4.getRevisionRoots (0x00007ab2875a3a88) [0x00007ab2875a3b80, 0x00007ab2875a4730] Compiler: c1, Barriers: 5, Oops: 1, ImmediateOops: 1, NonImmediateOops: No
[3,924s][debug][gc,nmethod     ] Register NMethod: io.sirix.access.trx.page.NodeStorageEngineReader$PageFragmentsResult.<init> (0x00007ab28748a588) [0x00007ab28748a680, 0x00007ab28748a928] Compiler: c1, Barriers: 6, Oops: 1, ImmediateOops: 0, NonImmediateOops: No
[3,924s][debug][gc,nmethod     ] Register NMethod: java.lang.String$$StringConcat/0x000000006c258000.length (0x00007ab28748ae08) [0x00007ab28748af00, 0x00007ab28748b3b0] Compiler: c1, Barriers: 0, Oops: 1, ImmediateOops: 2, NonImmediateOops: No
[3,925s][debug][gc,nmethod     ] Register NMethod: java.lang.StringConcatHelper.stringSize (0x00007ab287402088) [0x00007ab287402180, 0x00007ab2874023f8] Compiler: c1, Barriers: 0, Oops: 0, ImmediateOops: 1, NonImmediateOops: No
[3,925s][debug][gc,nmethod     ] Register NMethod: java.lang.String$$StringConcat/0x000000006c258000.prepend (0x00007ab287420b08) [0x00007ab287420c00, 0x00007ab287420e10] Compiler: c1, Barriers: 2, Oops: 1, ImmediateOops: 0, NonImmediateOops: No
[3,925s][debug][gc,nmethod     ] Register NMethod: java.lang.StringConcatHelper.prepend (0x00007ab287fa4288) [0x00007ab287fa4380, 0x00007ab287fa5488] Compiler: c1, Barriers: 2, Oops: 0, ImmediateOops: 0, NonImmediateOops: No
[3,925s][debug][gc,nmethod     ] Register NMethod: io.sirix.access.trx.page.NodeStorageEngineReader.getPageFragments (0x00007ab287b2f688) [0x00007ab287b2f780, 0x00007ab287b345d0] Compiler: c1, Barriers: 35, Oops: 2, ImmediateOops: 5, NonImmediateOops: No
[3,926s][debug][gc,nmethod     ] Register NMethod: java.lang.String$$StringConcat/0x000000006c258000.concat (0x00007ab287dbc408) [0x00007ab287dbc500, 0x00007ab287dbe198] Compiler: c1, Barriers: 8, Oops: 1, ImmediateOops: 5, NonImmediateOops: No
[3,928s][debug][gc,nmethod     ] Register NMethod: java.util.concurrent.ForkJoinPool.runWorker (0x00007ab2a6e27388) [0x00007ab2a6e27760, 0x00007ab2a6e33f78] Compiler: jvmci, Barriers: 455, Oops: 7, ImmediateOops: 9, NonImmediateOops: No
[3,928s][debug][gc,nmethod     ] Register NMethod: io.sirix.access.trx.page.NodeStorageEngineReader.closeOrphanedFragments (0x00007ab288049d88) [0x00007ab288049e80, 0x00007ab2880519a0] Compiler: c1, Barriers: 17, Oops: 15, ImmediateOops: 27, NonImmediateOops: No
[3,928s][debug][gc,director    ] Rule Major: Warmup 20%, Used: 868MB, UsedThreshold: 2457MB
[3,928s][debug][gc,director    ] Select Minor GC Workers (Not Warm), GCWorkers: 5,000
[3,928s][debug][gc,director    ] Rule Minor: Allocation Rate (Dynamic GC Workers), MaxAllocRate: 444,5MB/s (+/-27,7%), Free: 11378MB, GCCPUTime: 2,913, GCDuration: 0,588s, TimeUntilOOM: 20,040s, TimeUntilGC: 19,453s, GCWorkers: 5
[3,928s][debug][gc,director    ] Select Minor GC Workers (Not Warm), GCWorkers: 5,000
[3,928s][debug][gc,director    ] Rule Minor: Allocation Rate (Dynamic GC Workers), MaxAllocRate: 1732,6MB/s (+/-27,7%), Free: 11378MB, GCCPUTime: 2,913, GCDuration: 0,588s, TimeUntilOOM: 5,142s, TimeUntilGC: 4,554s, GCWorkers: 5
[3,928s][debug][gc,director    ] Rule Minor: High Usage, Free: 11378MB(92,6%)
[3,939s][debug][gc,director    ] Rule Major: Warmup 20%, Used: 880MB, UsedThreshold: 2457MB
[3,939s][debug][gc,director    ] Select Minor GC Workers (Not Warm), GCWorkers: 5,000
[3,939s][debug][gc,director    ] Rule Minor: Allocation Rate (Dynamic GC Workers), MaxAllocRate: 444,5MB/s (+/-27,7%), Free: 11366MB, GCCPUTime: 2,913, GCDuration: 0,588s, TimeUntilOOM: 20,019s, TimeUntilGC: 19,432s, GCWorkers: 5
[3,939s][debug][gc,director    ] Select Minor GC Workers (Not Warm), GCWorkers: 5,000
[3,939s][debug][gc,director    ] Rule Minor: Allocation Rate (Dynamic GC Workers), MaxAllocRate: 1732,6MB/s (+/-27,7%), Free: 11366MB, GCCPUTime: 2,913, GCDuration: 0,588s, TimeUntilOOM: 5,136s, TimeUntilGC: 4,549s, GCWorkers: 5
[3,939s][debug][gc,director    ] Rule Minor: High Usage, Free: 11366MB(92,5%)
[3,941s][debug][gc,nmethod     ] Register NMethod: java.lang.invoke.Invokers$Holder.linkToTargetMethod (0x00007ab2874d5b08) [0x00007ab2874d5c00, 0x00007ab2874d60f8] Compiler: c1, Barriers: 0, Oops: 0, ImmediateOops: 0, NonImmediateOops: No
[3,941s][debug][gc,nmethod     ] Register NMethod: java.lang.invoke.DirectMethodHandle$Holder.invokeSpecial (0x00007ab287a57288) [0x00007ab287a57380, 0x00007ab287a57750] Compiler: c1, Barriers: 1, Oops: 0, ImmediateOops: 0, NonImmediateOops: No
[3,941s][debug][gc,nmethod     ] Register NMethod: java.lang.invoke.LambdaForm$MH/0x000000006c253c00.invoke (0x00007ab287437b08) [0x00007ab287437c00, 0x00007ab287438370] Compiler: c1, Barriers: 2, Oops: 1, ImmediateOops: 0, NonImmediateOops: No
[3,941s][debug][gc,nmethod     ] Register NMethod: java.lang.String$$StringConcat/0x000000006c253800.prepend (0x00007ab287471788) [0x00007ab287471880, 0x00007ab287471a88] Compiler: c1, Barriers: 2, Oops: 1, ImmediateOops: 0, NonImmediateOops: No
[3,941s][debug][gc,nmethod     ] Register NMethod: java.lang.String$$StringConcat/0x000000006c253800.length (0x00007ab28770e488) [0x00007ab28770e580, 0x00007ab28770ea08] Compiler: c1, Barriers: 0, Oops: 1, ImmediateOops: 2, NonImmediateOops: No
[3,941s][debug][gc,nmethod     ] Register NMethod: io.sirix.page.KeyValueLeafPage.getReferences (0x00007ab287e87388) [0x00007ab287e87480, 0x00007ab287e87c90] Compiler: c1, Barriers: 1, Oops: 1, ImmediateOops: 0, NonImmediateOops: No
[3,942s][debug][gc,nmethod     ] Register NMethod: java.lang.String$$StringConcat/0x000000006c253800.concat (0x00007ab287a84508) [0x00007ab287a84600, 0x00007ab287a86260] Compiler: c1, Barriers: 8, Oops: 1, ImmediateOops: 5, NonImmediateOops: No
[3,949s][debug][gc,director    ] Rule Major: Warmup 20%, Used: 894MB, UsedThreshold: 2457MB
[3,949s][debug][gc,director    ] Select Minor GC Workers (Not Warm), GCWorkers: 5,000
[3,949s][debug][gc,director    ] Rule Minor: Allocation Rate (Dynamic GC Workers), MaxAllocRate: 444,5MB/s (+/-27,7%), Free: 11352MB, GCCPUTime: 2,913, GCDuration: 0,588s, TimeUntilOOM: 19,995s, TimeUntilGC: 19,407s, GCWorkers: 5
[3,949s][debug][gc,director    ] Select Minor GC Workers (Not Warm), GCWorkers: 5,000
[3,949s][debug][gc,director    ] Rule Minor: Allocation Rate (Dynamic GC Workers), MaxAllocRate: 1732,6MB/s (+/-27,7%), Free: 11352MB, GCCPUTime: 2,913, GCDuration: 0,588s, TimeUntilOOM: 5,130s, TimeUntilGC: 4,542s, GCWorkers: 5
[3,949s][debug][gc,director    ] Rule Minor: High Usage, Free: 11352MB(92,4%)
[3,950s][debug][gc,alloc       ] Mutator Allocation Rate: 639,1MB/s Predicted: 681,5MB/s, Avg: 454,8(+/-127,6)MB/s
[3,950s][debug][gc,director    ] Rule Major: Warmup 20%, Used: 896MB, UsedThreshold: 2457MB
[3,950s][debug][gc,director    ] Select Minor GC Workers (Not Warm), GCWorkers: 5,000
[3,950s][debug][gc,director    ] Rule Minor: Allocation Rate (Dynamic GC Workers), MaxAllocRate: 454,8MB/s (+/-28,1%), Free: 11350MB, GCCPUTime: 2,913, GCDuration: 0,588s, TimeUntilOOM: 19,491s, TimeUntilGC: 18,903s, GCWorkers: 5
[3,950s][debug][gc,director    ] Select Minor GC Workers (Not Warm), GCWorkers: 5,000
[3,950s][debug][gc,director    ] Rule Minor: Allocation Rate (Dynamic GC Workers), MaxAllocRate: 1782,7MB/s (+/-28,1%), Free: 11350MB, GCCPUTime: 2,913, GCDuration: 0,588s, TimeUntilOOM: 4,972s, TimeUntilGC: 4,384s, GCWorkers: 5
[3,950s][debug][gc,director    ] Rule Minor: High Usage, Free: 11350MB(92,4%)
[3,953s][debug][gc,nmethod     ] Register NMethod: io.sirix.settings.VersioningType$4.combineRecordPages (0x00007ab2a6dfd388) [0x00007ab2a6dfd480, 0x00007ab2a6e00430] Compiler: jvmci, Barriers: 45, Oops: 2, ImmediateOops: 0, NonImmediateOops: No
[3,958s][debug][gc,nmethod     ] Register NMethod: java.util.Arrays.copyOf (0x00007ab2a6d43388) [0x00007ab2a6d43480, 0x00007ab2a6d43a70] Compiler: jvmci, Barriers: 1, Oops: 0, ImmediateOops: 2, NonImmediateOops: No
[3,960s][debug][gc,director    ] Rule Major: Warmup 20%, Used: 908MB, UsedThreshold: 2457MB
[3,960s][debug][gc,director    ] Select Minor GC Workers (Not Warm), GCWorkers: 5,000
[3,960s][debug][gc,director    ] Rule Minor: Allocation Rate (Dynamic GC Workers), MaxAllocRate: 454,8MB/s (+/-28,1%), Free: 11338MB, GCCPUTime: 2,913, GCDuration: 0,588s, TimeUntilOOM: 19,470s, TimeUntilGC: 18,882s, GCWorkers: 5
[3,960s][debug][gc,director    ] Select Minor GC Workers (Not Warm), GCWorkers: 5,000
[3,960s][debug][gc,director    ] Rule Minor: Allocation Rate (Dynamic GC Workers), MaxAllocRate: 1782,7MB/s (+/-28,1%), Free: 11338MB, GCCPUTime: 2,913, GCDuration: 0,588s, TimeUntilOOM: 4,967s, TimeUntilGC: 4,379s, GCWorkers: 5
[3,960s][debug][gc,director    ] Rule Minor: High Usage, Free: 11338MB(92,3%)
[3,971s][debug][gc,director    ] Rule Major: Warmup 20%, Used: 922MB, UsedThreshold: 2457MB
[3,971s][debug][gc,director    ] Select Minor GC Workers (Not Warm), GCWorkers: 5,000
[3,971s][debug][gc,director    ] Rule Minor: Allocation Rate (Dynamic GC Workers), MaxAllocRate: 454,8MB/s (+/-28,1%), Free: 11324MB, GCCPUTime: 2,913, GCDuration: 0,588s, TimeUntilOOM: 19,446s, TimeUntilGC: 18,858s, GCWorkers: 5
[3,971s][debug][gc,director    ] Select Minor GC Workers (Not Warm), GCWorkers: 5,000
[3,971s][debug][gc,director    ] Rule Minor: Allocation Rate (Dynamic GC Workers), MaxAllocRate: 1782,7MB/s (+/-28,1%), Free: 11324MB, GCCPUTime: 2,913, GCDuration: 0,588s, TimeUntilOOM: 4,961s, TimeUntilGC: 4,373s, GCWorkers: 5
[3,971s][debug][gc,director    ] Rule Minor: High Usage, Free: 11324MB(92,2%)
[3,972s][debug][gc,nmethod     ] Register NMethod: io.sirix.access.trx.page.NodeStorageEngineReader.getPageReference (0x00007ab2a6d4fb88) [0x00007ab2a6d4fc80, 0x00007ab2a6d4ffc0] Compiler: jvmci, Barriers: 3, Oops: 1, ImmediateOops: 0, NonImmediateOops: No
[3,974s][debug][gc,nmethod     ] Register NMethod: io.sirix.cache.SegmentAllocators.roundUpToPowerOfTwo (0x00007ab287424c88) [0x00007ab287424d80, 0x00007ab287426c20] Compiler: c1, Barriers: 3, Oops: 8, ImmediateOops: 12, NonImmediateOops: No
[3,974s][debug][gc,nmethod     ] Register NMethod: io.sirix.access.trx.page.NodeStorageEngineReader.loadDataPageFromDurableStorageAndCombinePageFragments (0x00007ab2879fac88) [0x00007ab2879fad80, 0x00007ab2879feec0] Compiler: c1, Barriers: 13, Oops: 1, ImmediateOops: 0, NonImmediateOops: No
[3,974s][debug][gc,nmethod     ] Register NMethod: io.sirix.access.trx.page.NodeStorageEngineReader.getResourceSession (0x00007ab2a6c92b08) [0x00007ab2a6c92c00, 0x00007ab2a6c92ce8] Compiler: jvmci, Barriers: 1, Oops: 1, ImmediateOops: 0, NonImmediateOops: No
[3,981s][debug][gc,director    ] Rule Major: Warmup 20%, Used: 936MB, UsedThreshold: 2457MB
[3,981s][debug][gc,director    ] Select Minor GC Workers (Not Warm), GCWorkers: 5,000
[3,981s][debug][gc,director    ] Rule Minor: Allocation Rate (Dynamic GC Workers), MaxAllocRate: 454,8MB/s (+/-28,1%), Free: 11310MB, GCCPUTime: 2,913, GCDuration: 0,588s, TimeUntilOOM: 19,422s, TimeUntilGC: 18,834s, GCWorkers: 5
[3,981s][debug][gc,director    ] Select Minor GC Workers (Not Warm), GCWorkers: 5,000
[3,981s][debug][gc,director    ] Rule Minor: Allocation Rate (Dynamic GC Workers), MaxAllocRate: 1782,7MB/s (+/-28,1%), Free: 11310MB, GCCPUTime: 2,913, GCDuration: 0,588s, TimeUntilOOM: 4,955s, TimeUntilGC: 4,367s, GCWorkers: 5
[3,981s][debug][gc,director    ] Rule Minor: High Usage, Free: 11310MB(92,0%)
[3,991s][debug][gc,director    ] Rule Major: Warmup 20%, Used: 952MB, UsedThreshold: 2457MB
[3,991s][debug][gc,director    ] Select Minor GC Workers (Not Warm), GCWorkers: 5,000
[3,991s][debug][gc,director    ] Rule Minor: Allocation Rate (Dynamic GC Workers), MaxAllocRate: 454,8MB/s (+/-28,1%), Free: 11294MB, GCCPUTime: 2,913, GCDuration: 0,588s, TimeUntilOOM: 19,395s, TimeUntilGC: 18,807s, GCWorkers: 5
[3,991s][debug][gc,director    ] Select Minor GC Workers (Not Warm), GCWorkers: 5,000
[3,991s][debug][gc,director    ] Rule Minor: Allocation Rate (Dynamic GC Workers), MaxAllocRate: 1782,7MB/s (+/-28,1%), Free: 11294MB, GCCPUTime: 2,913, GCDuration: 0,588s, TimeUntilOOM: 4,948s, TimeUntilGC: 4,360s, GCWorkers: 5
[3,991s][debug][gc,director    ] Rule Minor: High Usage, Free: 11294MB(91,9%)
[4,001s][debug][gc,director    ] Rule Major: Warmup 20%, Used: 966MB, UsedThreshold: 2457MB
[4,001s][debug][gc,director    ] Select Minor GC Workers (Not Warm), GCWorkers: 5,000
[4,001s][debug][gc,director    ] Rule Minor: Allocation Rate (Dynamic GC Workers), MaxAllocRate: 454,8MB/s (+/-28,1%), Free: 11280MB, GCCPUTime: 2,913, GCDuration: 0,588s, TimeUntilOOM: 19,371s, TimeUntilGC: 18,783s, GCWorkers: 5
[4,001s][debug][gc,director    ] Select Minor GC Workers (Not Warm), GCWorkers: 5,000
[4,001s][debug][gc,director    ] Rule Minor: Allocation Rate (Dynamic GC Workers), MaxAllocRate: 1782,7MB/s (+/-28,1%), Free: 11280MB, GCCPUTime: 2,913, GCDuration: 0,588s, TimeUntilOOM: 4,941s, TimeUntilGC: 4,354s, GCWorkers: 5
[4,001s][debug][gc,director    ] Rule Minor: High Usage, Free: 11280MB(91,8%)
[4,002s][debug][gc,nmethod     ] Register NMethod: java.util.LinkedHashMap.valuesToArray (0x00007ab287528e08) [0x00007ab287528f00, 0x00007ab287529868] Compiler: c1, Barriers: 12, Oops: 0, ImmediateOops: 0, NonImmediateOops: No
[4,011s][debug][gc,director    ] Rule Major: Warmup 20%, Used: 980MB, UsedThreshold: 2457MB
[4,011s][debug][gc,director    ] Select Minor GC Workers (Not Warm), GCWorkers: 5,000
[4,011s][debug][gc,director    ] Rule Minor: Allocation Rate (Dynamic GC Workers), MaxAllocRate: 454,8MB/s (+/-28,1%), Free: 11266MB, GCCPUTime: 2,913, GCDuration: 0,588s, TimeUntilOOM: 19,346s, TimeUntilGC: 18,759s, GCWorkers: 5
[4,011s][debug][gc,director    ] Select Minor GC Workers (Not Warm), GCWorkers: 5,000
[4,011s][debug][gc,director    ] Rule Minor: Allocation Rate (Dynamic GC Workers), MaxAllocRate: 1782,7MB/s (+/-28,1%), Free: 11266MB, GCCPUTime: 2,913, GCDuration: 0,588s, TimeUntilOOM: 4,935s, TimeUntilGC: 4,348s, GCWorkers: 5
[4,011s][debug][gc,director    ] Rule Minor: High Usage, Free: 11266MB(91,7%)
[4,020s][debug][gc,alloc       ] Mutator Allocation Rate: 656,7MB/s Predicted: 699,2MB/s, Avg: 464,9(+/-131,9)MB/s
[4,020s][debug][gc,director    ] Rule Major: Warmup 20%, Used: 992MB, UsedThreshold: 2457MB
[4,020s][debug][gc,director    ] Select Minor GC Workers (Not Warm), GCWorkers: 5,000
[4,020s][debug][gc,director    ] Rule Minor: Allocation Rate (Dynamic GC Workers), MaxAllocRate: 464,9MB/s (+/-28,4%), Free: 11254MB, GCCPUTime: 2,913, GCDuration: 0,588s, TimeUntilOOM: 18,859s, TimeUntilGC: 18,271s, GCWorkers: 5
[4,020s][debug][gc,director    ] Select Minor GC Workers (Not Warm), GCWorkers: 5,000
[4,020s][debug][gc,director    ] Rule Minor: Allocation Rate (Dynamic GC Workers), MaxAllocRate: 1832,4MB/s (+/-28,4%), Free: 11254MB, GCCPUTime: 2,913, GCDuration: 0,588s, TimeUntilOOM: 4,784s, TimeUntilGC: 4,197s, GCWorkers: 5
[4,020s][debug][gc,director    ] Rule Minor: High Usage, Free: 11254MB(91,6%)
[4,020s][debug][gc,nmethod     ] Register NMethod: io.sirix.cache.ShardedPageCache$$Lambda/0x000000006c2548a8.apply (0x00007ab2a6c93708) [0x00007ab2a6c93800, 0x00007ab2a6c939d0] Compiler: jvmci, Barriers: 1, Oops: 1, ImmediateOops: 0, NonImmediateOops: No
[4,030s][debug][gc,director    ] Rule Major: Warmup 20%, Used: 1006MB, UsedThreshold: 2457MB
[4,030s][debug][gc,director    ] Select Minor GC Workers (Not Warm), GCWorkers: 5,000
[4,030s][debug][gc,director    ] Rule Minor: Allocation Rate (Dynamic GC Workers), MaxAllocRate: 464,9MB/s (+/-28,4%), Free: 11240MB, GCCPUTime: 2,913, GCDuration: 0,588s, TimeUntilOOM: 18,835s, TimeUntilGC: 18,247s, GCWorkers: 5
[4,030s][debug][gc,director    ] Select Minor GC Workers (Not Warm), GCWorkers: 5,000
[4,030s][debug][gc,director    ] Rule Minor: Allocation Rate (Dynamic GC Workers), MaxAllocRate: 1832,4MB/s (+/-28,4%), Free: 11240MB, GCCPUTime: 2,913, GCDuration: 0,588s, TimeUntilOOM: 4,778s, TimeUntilGC: 4,191s, GCWorkers: 5
[4,030s][debug][gc,director    ] Rule Minor: High Usage, Free: 11240MB(91,5%)
[4,040s][debug][gc,director    ] Rule Major: Warmup 20%, Used: 1020MB, UsedThreshold: 2457MB
[4,040s][debug][gc,director    ] Select Minor GC Workers (Not Warm), GCWorkers: 5,000
[4,040s][debug][gc,director    ] Rule Minor: Allocation Rate (Dynamic GC Workers), MaxAllocRate: 464,9MB/s (+/-28,4%), Free: 11226MB, GCCPUTime: 2,913, GCDuration: 0,588s, TimeUntilOOM: 18,812s, TimeUntilGC: 18,224s, GCWorkers: 5
[4,040s][debug][gc,director    ] Select Minor GC Workers (Not Warm), GCWorkers: 5,000
[4,040s][debug][gc,director    ] Rule Minor: Allocation Rate (Dynamic GC Workers), MaxAllocRate: 1832,4MB/s (+/-28,4%), Free: 11226MB, GCCPUTime: 2,913, GCDuration: 0,588s, TimeUntilOOM: 4,772s, TimeUntilGC: 4,185s, GCWorkers: 5
[4,040s][debug][gc,director    ] Rule Minor: High Usage, Free: 11226MB(91,4%)
[4,045s][debug][gc,nmethod     ] Register NMethod: java.lang.invoke.DirectMethodHandle.allocateInstance (0x00007ab2a6d99388) [0x00007ab2a6d99480, 0x00007ab2a6d997e0] Compiler: jvmci, Barriers: 2, Oops: 0, ImmediateOops: 1, NonImmediateOops: No
[4,046s][debug][gc,nmethod     ] Register NMethod: io.sirix.page.KeyValueLeafPage.isHot (0x00007ab2a6c9bd08) [0x00007ab2a6c9be00, 0x00007ab2a6c9bec0] Compiler: c1, Barriers: 0, Oops: 1, ImmediateOops: 0, NonImmediateOops: No
[4,047s][debug][gc,nmethod     ] Register NMethod: java.util.concurrent.ConcurrentHashMap$BaseIterator.hasNext (0x00007ab2a6ceef08) [0x00007ab2a6cef000, 0x00007ab2a6cef0b8] Compiler: jvmci, Barriers: 1, Oops: 0, ImmediateOops: 0, NonImmediateOops: No
[4,050s][debug][gc,director    ] Rule Major: Warmup 20%, Used: 1030MB, UsedThreshold: 2457MB
[4,050s][debug][gc,director    ] Select Minor GC Workers (Not Warm), GCWorkers: 5,000
[4,050s][debug][gc,director    ] Rule Minor: Allocation Rate (Dynamic GC Workers), MaxAllocRate: 464,9MB/s (+/-28,4%), Free: 11216MB, GCCPUTime: 2,913, GCDuration: 0,588s, TimeUntilOOM: 18,795s, TimeUntilGC: 18,207s, GCWorkers: 5
[4,050s][debug][gc,director    ] Select Minor GC Workers (Not Warm), GCWorkers: 5,000
[4,050s][debug][gc,director    ] Rule Minor: Allocation Rate (Dynamic GC Workers), MaxAllocRate: 1832,4MB/s (+/-28,4%), Free: 11216MB, GCCPUTime: 2,913, GCDuration: 0,588s, TimeUntilOOM: 4,768s, TimeUntilGC: 4,180s, GCWorkers: 5
[4,050s][debug][gc,director    ] Rule Minor: High Usage, Free: 11216MB(91,3%)
[4,058s][debug][gc,nmethod     ] Register NMethod: java.lang.Byte.hashCode (0x00007ab2a6d38608) [0x00007ab2a6d38700, 0x00007ab2a6d38788] Compiler: jvmci, Barriers: 0, Oops: 0, ImmediateOops: 0, NonImmediateOops: No
[4,060s][debug][gc,director    ] Rule Major: Warmup 20%, Used: 1044MB, UsedThreshold: 2457MB
[4,060s][debug][gc,director    ] Select Minor GC Workers (Not Warm), GCWorkers: 5,000
[4,060s][debug][gc,director    ] Rule Minor: Allocation Rate (Dynamic GC Workers), MaxAllocRate: 464,9MB/s (+/-28,4%), Free: 11202MB, GCCPUTime: 2,913, GCDuration: 0,588s, TimeUntilOOM: 18,771s, TimeUntilGC: 18,184s, GCWorkers: 5
[4,060s][debug][gc,director    ] Select Minor GC Workers (Not Warm), GCWorkers: 5,000
[4,060s][debug][gc,director    ] Rule Minor: Allocation Rate (Dynamic GC Workers), MaxAllocRate: 1832,4MB/s (+/-28,4%), Free: 11202MB, GCCPUTime: 2,913, GCDuration: 0,588s, TimeUntilOOM: 4,762s, TimeUntilGC: 4,174s, GCWorkers: 5
[4,060s][debug][gc,director    ] Rule Minor: High Usage, Free: 11202MB(91,2%)
[4,061s][debug][gc,nmethod     ] Register NMethod: java.nio.HeapByteBuffer.getLong (0x00007ab2a6d52088) [0x00007ab2a6d52180, 0x00007ab2a6d52460] Compiler: jvmci, Barriers: 5, Oops: 1, ImmediateOops: 0, NonImmediateOops: No
[4,065s][debug][gc,nmethod     ] Register NMethod: jdk.internal.ref.CleanerImpl$CleanableList.remove (0x00007ab28753f108) [0x00007ab28753f200, 0x00007ab287540030] Compiler: c1, Barriers: 30, Oops: 0, ImmediateOops: 0, NonImmediateOops: No
[4,069s][debug][gc,nmethod     ] Register NMethod: java.util.HashMap.clear (0x00007ab287a19288) [0x00007ab287a19380, 0x00007ab287a19870] Compiler: c1, Barriers: 4, Oops: 0, ImmediateOops: 0, NonImmediateOops: No
[4,069s][debug][gc,nmethod     ] Register NMethod: java.util.LinkedHashMap.clear (0x00007ab2874e8088) [0x00007ab2874e8180, 0x00007ab2874e83c8] Compiler: c1, Barriers: 6, Oops: 0, ImmediateOops: 0, NonImmediateOops: No
[4,070s][debug][gc,director    ] Rule Major: Warmup 20%, Used: 1048MB, UsedThreshold: 2457MB
[4,071s][debug][gc,director    ] Select Minor GC Workers (Not Warm), GCWorkers: 5,000
[4,071s][debug][gc,director    ] Rule Minor: Allocation Rate (Dynamic GC Workers), MaxAllocRate: 464,9MB/s (+/-28,4%), Free: 11198MB, GCCPUTime: 2,913, GCDuration: 0,588s, TimeUntilOOM: 18,765s, TimeUntilGC: 18,177s, GCWorkers: 5
[4,071s][debug][gc,director    ] Select Minor GC Workers (Not Warm), GCWorkers: 5,000
[4,071s][debug][gc,director    ] Rule Minor: Allocation Rate (Dynamic GC Workers), MaxAllocRate: 1832,4MB/s (+/-28,4%), Free: 11198MB, GCCPUTime: 2,913, GCDuration: 0,588s, TimeUntilOOM: 4,760s, TimeUntilGC: 4,173s, GCWorkers: 5
[4,071s][debug][gc,director    ] Rule Minor: High Usage, Free: 11198MB(91,1%)
[4,071s][debug][gc,nmethod     ] Register NMethod: java.util.concurrent.locks.ReentrantReadWriteLock$Sync.exclusiveCount (0x00007ab287404388) [0x00007ab287404480, 0x00007ab287404570] Compiler: c1, Barriers: 0, Oops: 0, ImmediateOops: 0, NonImmediateOops: No
[4,071s][debug][gc,nmethod     ] Register NMethod: java.lang.reflect.Constructor.newInstanceWithCaller (0x00007ab28742f008) [0x00007ab28742f100, 0x00007ab28742f718] Compiler: c1, Barriers: 2, Oops: 0, ImmediateOops: 0, NonImmediateOops: No
[4,072s][debug][gc,nmethod     ] Register NMethod: jdk.internal.reflect.DirectConstructorHandleAccessor.invokeImpl (0x00007ab287ddc488) [0x00007ab287ddc580, 0x00007ab287dddf30] Compiler: c1, Barriers: 17, Oops: 2, ImmediateOops: 4, NonImmediateOops: No
[4,072s][debug][gc,nmethod     ] Register NMethod: jdk.internal.reflect.DirectConstructorHandleAccessor.newInstance (0x00007ab28740eb08) [0x00007ab28740ec00, 0x00007ab287411da8] Compiler: c1, Barriers: 17, Oops: 4, ImmediateOops: 10, NonImmediateOops: No
[4,073s][debug][gc,nmethod     ] Register NMethod: java.util.concurrent.locks.AbstractQueuedLongSynchronizer.hasQueuedPredecessors (0x00007ab28743a408) [0x00007ab28743a500, 0x00007ab28743aad0] Compiler: c1, Barriers: 5, Oops: 0, ImmediateOops: 0, NonImmediateOops: No
[4,073s][debug][gc,nmethod     ] Register NMethod: java.util.concurrent.locks.AbstractQueuedLongSynchronizer.signalNext (0x00007ab28745fd88) [0x00007ab28745fe80, 0x00007ab287460fb0] Compiler: c1, Barriers: 2, Oops: 0, ImmediateOops: 2, NonImmediateOops: No
[4,073s][debug][gc,nmethod     ] Register NMethod: com.google.gson.stream.JsonWriter.replaceTop (0x00007ab287409988) [0x00007ab287409a80, 0x00007ab287409be0] Compiler: c1, Barriers: 1, Oops: 1, ImmediateOops: 0, NonImmediateOops: No
[4,074s][debug][gc,nmethod     ] Register NMethod: java.io.OutputStreamWriter.write (0x00007ab28740a308) [0x00007ab28740a400, 0x00007ab28740a730] Compiler: c1, Barriers: 1, Oops: 0, ImmediateOops: 0, NonImmediateOops: No
[4,081s][debug][gc,director    ] Rule Major: Warmup 20%, Used: 1048MB, UsedThreshold: 2457MB
[4,081s][debug][gc,director    ] Select Minor GC Workers (Not Warm), GCWorkers: 5,000
[4,081s][debug][gc,director    ] Rule Minor: Allocation Rate (Dynamic GC Workers), MaxAllocRate: 464,9MB/s (+/-28,4%), Free: 11198MB, GCCPUTime: 2,913, GCDuration: 0,588s, TimeUntilOOM: 18,765s, TimeUntilGC: 18,177s, GCWorkers: 5
[4,081s][debug][gc,director    ] Select Minor GC Workers (Not Warm), GCWorkers: 5,000
[4,081s][debug][gc,director    ] Rule Minor: Allocation Rate (Dynamic GC Workers), MaxAllocRate: 1832,4MB/s (+/-28,4%), Free: 11198MB, GCCPUTime: 2,913, GCDuration: 0,588s, TimeUntilOOM: 4,760s, TimeUntilGC: 4,173s, GCWorkers: 5
[4,081s][debug][gc,director    ] Rule Minor: High Usage, Free: 11198MB(91,1%)
[4,083s][debug][gc,nmethod     ] Register NMethod: io.sirix.page.NamePage.incrementAndGetMaxNodeKey (0x00007ab28751b908) [0x00007ab28751ba00, 0x00007ab28751bc78] Compiler: c1, Barriers: 2, Oops: 1, ImmediateOops: 0, NonImmediateOops: No
[4,086s][debug][gc,nmethod     ] Register NMethod: java.lang.StringLatin1.inflate (0x00007ab2a6c9f808) [0x00007ab2a6c9f900, 0x00007ab2a6c9fb78] Compiler: jvmci, Barriers: 0, Oops: 0, ImmediateOops: 0, NonImmediateOops: No
[4,090s][debug][gc,nmethod     ] Register NMethod: sun.nio.fs.UnixPath.compareTo (0x00007ab287b1e588) [0x00007ab287b1e680, 0x00007ab287b1ea28] Compiler: c1, Barriers: 2, Oops: 0, ImmediateOops: 0, NonImmediateOops: No
[4,090s][debug][gc,nmethod     ] Register NMethod: java.util.Arrays.compareUnsigned (0x00007ab287a42c08) [0x00007ab287a42d00, 0x00007ab287a43200] Compiler: c1, Barriers: 0, Oops: 0, ImmediateOops: 0, NonImmediateOops: No
[4,091s][debug][gc,director    ] Rule Major: Warmup 20%, Used: 1048MB, UsedThreshold: 2457MB
[4,091s][debug][gc,director    ] Select Minor GC Workers (Not Warm), GCWorkers: 5,000
[4,091s][debug][gc,director    ] Rule Minor: Allocation Rate (Dynamic GC Workers), MaxAllocRate: 464,9MB/s (+/-28,4%), Free: 11198MB, GCCPUTime: 2,913, GCDuration: 0,588s, TimeUntilOOM: 18,765s, TimeUntilGC: 18,177s, GCWorkers: 5
[4,091s][debug][gc,director    ] Select Minor GC Workers (Not Warm), GCWorkers: 5,000
[4,091s][debug][gc,director    ] Rule Minor: Allocation Rate (Dynamic GC Workers), MaxAllocRate: 1832,4MB/s (+/-28,4%), Free: 11198MB, GCCPUTime: 2,913, GCDuration: 0,588s, TimeUntilOOM: 4,760s, TimeUntilGC: 4,173s, GCWorkers: 5
[4,091s][debug][gc,director    ] Rule Minor: High Usage, Free: 11198MB(91,1%)
[4,091s][debug][gc,nmethod     ] Register NMethod: com.github.benmanes.caffeine.cache.SSLSMW.windowMaximum (0x00007ab2a6d3ed88) [0x00007ab2a6d3ee80, 0x00007ab2a6d3ef40] Compiler: c1, Barriers: 0, Oops: 1, ImmediateOops: 0, NonImmediateOops: No
[4,093s][debug][gc,nmethod     ] Register NMethod: io.sirix.index.path.summary.PathSummaryReader.moveToFirstChild (0x00007ab287fa5e08) [0x00007ab287fa5f00, 0x00007ab287fa79a0] Compiler: c1, Barriers: 6, Oops: 1, ImmediateOops: 1, NonImmediateOops: No
[4,093s][debug][gc,nmethod     ] Register NMethod: java.lang.Character.digit (0x00007ab287435108) [0x00007ab287435200, 0x00007ab287435530] Compiler: c1, Barriers: 0, Oops: 0, ImmediateOops: 0, NonImmediateOops: No
[4,093s][debug][gc,nmethod     ] Register NMethod: java.lang.Character.digit (0x00007ab287b2b688) [0x00007ab287b2b780, 0x00007ab287b2bb08] Compiler: c1, Barriers: 0, Oops: 0, ImmediateOops: 0, NonImmediateOops: No
[4,093s][debug][gc,nmethod     ] Register NMethod: java.lang.Enum.compareTo (0x00007ab2878d2288) [0x00007ab2878d2380, 0x00007ab2878d36a0] Compiler: c1, Barriers: 4, Oops: 0, ImmediateOops: 2, NonImmediateOops: No
[4,093s][debug][gc,nmethod     ] Register NMethod: java.lang.CharacterDataLatin1.digit (0x00007ab287526608) [0x00007ab287526700, 0x00007ab287526918] Compiler: c1, Barriers: 0, Oops: 0, ImmediateOops: 1, NonImmediateOops: No
[4,093s][debug][gc,nmethod     ] Register NMethod: java.util.Collections$UnmodifiableMap.get (0x00007ab287489908) [0x00007ab287489a00, 0x00007ab287489d40] Compiler: c1, Barriers: 1, Oops: 0, ImmediateOops: 0, NonImmediateOops: No
[4,094s][debug][gc,nmethod     ] Register NMethod: java.util.LinkedHashMap$LinkedHashIterator.<init> (0x00007ab287a5f988) [0x00007ab287a5fa80, 0x00007ab287a5ff58] Compiler: c1, Barriers: 11, Oops: 0, ImmediateOops: 0, NonImmediateOops: No
[4,094s][debug][gc,nmethod     ] Register NMethod: io.sirix.settings.VersioningType$4.combineRecordPagesForModification (0x00007ab287ea0988) [0x00007ab287ea0a80, 0x00007ab287eaa050] Compiler: c1, Barriers: 27, Oops: 1, ImmediateOops: 0, NonImmediateOops: No
[4,095s][debug][gc,nmethod     ] Register NMethod: it.unimi.dsi.fastutil.ints.Int2ObjectOpenHashMap.get (0x00007ab28743b308) [0x00007ab28743b400, 0x00007ab28743ba70] Compiler: c1, Barriers: 10, Oops: 1, ImmediateOops: 0, NonImmediateOops: No
[4,095s][debug][gc,nmethod     ] Register NMethod: io.sirix.axis.filter.FilterAxis.nextKey (0x00007ab287bd8c08) [0x00007ab287bd8d00, 0x00007ab287bda310] Compiler: c1, Barriers: 3, Oops: 1, ImmediateOops: 1, NonImmediateOops: No
[4,095s][debug][gc,nmethod     ] Register NMethod: io.sirix.index.path.summary.PathSummaryReader.getNodeKey (0x00007ab287e0f888) [0x00007ab287e0f980, 0x00007ab287e0fe18] Compiler: c1, Barriers: 1, Oops: 1, ImmediateOops: 1, NonImmediateOops: No
[4,096s][debug][gc,nmethod     ] Register NMethod: io.sirix.access.trx.page.NodeStorageEngineWriter.prepareRecordForModification (0x00007ab287f30888) [0x00007ab287f30980, 0x00007ab287f32808] Compiler: c1, Barriers: 7, Oops: 2, ImmediateOops: 4, NonImmediateOops: No
[4,096s][debug][gc,nmethod     ] Register NMethod: io.sirix.node.HashCountEntryNode.<init> (0x00007ab287423208) [0x00007ab287423300, 0x00007ab287423460] Compiler: c1, Barriers: 0, Oops: 1, ImmediateOops: 0, NonImmediateOops: No
[4,096s][debug][gc,nmethod     ] Register NMethod: com.sun.org.apache.xerces.internal.impl.XMLStreamReaderImpl.next (0x00007ab28752f608) [0x00007ab28752f700, 0x00007ab287531f58] Compiler: c1, Barriers: 24, Oops: 0, ImmediateOops: 6, NonImmediateOops: No
[4,097s][debug][gc,nmethod     ] Register NMethod: io.sirix.index.name.Names.setName (0x00007ab287a07d08) [0x00007ab287a07e00, 0x00007ab287a09ff0] Compiler: c1, Barriers: 12, Oops: 2, ImmediateOops: 4, NonImmediateOops: No
[4,097s][debug][gc,nmethod     ] Register NMethod: com.sun.org.apache.xerces.internal.impl.XMLNSDocumentScannerImpl.scanStartElement (0x00007ab287dfc988) [0x00007ab287dfca80, 0x00007ab287e05a20] Compiler: c1, Barriers: 176, Oops: 11, ImmediateOops: 26, NonImmediateOops: No
[4,097s][debug][gc,nmethod     ] Register NMethod: io.sirix.node.HashCountEntryNode.incrementValue (0x00007ab2a6d42108) [0x00007ab2a6d42200, 0x00007ab2a6d42288] Compiler: jvmci, Barriers: 0, Oops: 1, ImmediateOops: 0, NonImmediateOops: No
[4,097s][debug][gc,nmethod     ] Register NMethod: it.unimi.dsi.fastutil.ints.Int2LongOpenHashMap.get (0x00007ab287508d08) [0x00007ab287508e00, 0x00007ab287509350] Compiler: c1, Barriers: 4, Oops: 1, ImmediateOops: 0, NonImmediateOops: No
[4,098s][debug][gc,nmethod     ] Register NMethod: io.sirix.index.path.summary.PathSummaryWriter.getPathNodeKey (0x00007ab28762b888) [0x00007ab28762b980, 0x00007ab28762f790] Compiler: c1, Barriers: 25, Oops: 1, ImmediateOops: 8, NonImmediateOops: No
[4,098s][debug][gc,nmethod     ] Register NMethod: com.sun.xml.internal.stream.events.CharacterEvent.init (0x00007ab2a6d7fd08) [0x00007ab2a6d7fe00, 0x00007ab2a6d7fe88] Compiler: jvmci, Barriers: 0, Oops: 0, ImmediateOops: 0, NonImmediateOops: No
[4,098s][debug][gc,nmethod     ] Register NMethod: com.sun.xml.internal.stream.events.CharacterEvent.<init> (0x00007ab2a6d41a88) [0x00007ab2a6d41b80, 0x00007ab2a6d41d30] Compiler: jvmci, Barriers: 7, Oops: 0, ImmediateOops: 1, NonImmediateOops: No
[4,098s][debug][gc,nmethod     ] Register NMethod: com.sun.xml.internal.stream.events.StartElementEvent.init (0x00007ab287481e08) [0x00007ab287481f00, 0x00007ab287482688] Compiler: c1, Barriers: 9, Oops: 0, ImmediateOops: 1, NonImmediateOops: No
[4,099s][debug][gc,nmethod     ] Register NMethod: io.sirix.index.path.summary.PathSummaryReader.putMapping (0x00007ab287e88008) [0x00007ab287e88100, 0x00007ab287e88b38] Compiler: c1, Barriers: 9, Oops: 1, ImmediateOops: 0, NonImmediateOops: No
[4,099s][debug][gc,nmethod     ] Register NMethod: com.sun.xml.internal.stream.events.StartElementEvent.<init> (0x00007ab287bdf808) [0x00007ab287bdf900, 0x00007ab287be0518] Compiler: c1, Barriers: 19, Oops: 0, ImmediateOops: 2, NonImmediateOops: No
[4,099s][debug][gc,nmethod     ] Register NMethod: com.sun.xml.internal.stream.events.EndElementEvent.<init> (0x00007ab287f06008) [0x00007ab287f06100, 0x00007ab287f06b28] Compiler: c1, Barriers: 16, Oops: 0, ImmediateOops: 2, NonImmediateOops: No
[4,099s][debug][gc,nmethod     ] Register NMethod: com.sun.xml.internal.stream.events.XMLEventAllocatorImpl.getXMLEvent (0x00007ab287e20908) [0x00007ab287e20a00, 0x00007ab287e289c0] Compiler: c1, Barriers: 99, Oops: 0, ImmediateOops: 13, NonImmediateOops: No
[4,099s][debug][gc,nmethod     ] Register NMethod: io.sirix.access.trx.node.xml.XmlNodeTrxImpl.adaptForInsert (0x00007ab287f33808) [0x00007ab287f33900, 0x00007ab287f366a8] Compiler: c1, Barriers: 3, Oops: 1, ImmediateOops: 3, NonImmediateOops: No
[4,099s][debug][gc,nmethod     ] Register NMethod: com.sun.org.apache.xerces.internal.impl.XMLStreamReaderImpl.getText (0x00007ab287c64108) [0x00007ab287c64200, 0x00007ab287c666f8] Compiler: c1, Barriers: 18, Oops: 0, ImmediateOops: 0, NonImmediateOops: No
[4,099s][debug][gc,nmethod     ] Register NMethod: com.sun.xml.internal.stream.events.EndElementEvent.init (0x00007ab28756fc08) [0x00007ab28756fd00, 0x00007ab287570298] Compiler: c1, Barriers: 6, Oops: 0, ImmediateOops: 1, NonImmediateOops: No
[4,100s][debug][gc,nmethod     ] Register NMethod: io.sirix.index.path.summary.PathSummaryReader.hasFirstChild (0x00007ab287536108) [0x00007ab287536200, 0x00007ab287536988] Compiler: c1, Barriers: 1, Oops: 1, ImmediateOops: 1, NonImmediateOops: No
[4,100s][debug][gc,nmethod     ] Register NMethod: io.sirix.page.NamePage.setName (0x00007ab2874c0008) [0x00007ab2874c0100, 0x00007ab2874c16a0] Compiler: c1, Barriers: 25, Oops: 1, ImmediateOops: 2, NonImmediateOops: No
[4,100s][debug][gc,nmethod     ] Register NMethod: com.sun.org.apache.xerces.internal.util.NamespaceSupport.pushContext (0x00007ab2875a4b08) [0x00007ab2875a4c00, 0x00007ab2875a4f70] Compiler: c1, Barriers: 5, Oops: 0, ImmediateOops: 0, NonImmediateOops: No
[4,100s][debug][gc,nmethod     ] Register NMethod: com.sun.org.apache.xerces.internal.impl.XMLDocumentFragmentScannerImpl$FragmentContentDriver.next (0x00007ab287d50688) [0x00007ab287d50780, 0x00007ab287d5e580] Compiler: c1, Barriers: 140, Oops: 1, ImmediateOops: 14, NonImmediateOops: No
[4,100s][debug][gc,nmethod     ] Register NMethod: io.sirix.axis.filter.AbstractFilter.getTrx (0x00007ab2a6dfab08) [0x00007ab2a6dfac00, 0x00007ab2a6dfacb0] Compiler: jvmci, Barriers: 1, Oops: 1, ImmediateOops: 0, NonImmediateOops: No
[4,100s][debug][gc,nmethod     ] Register NMethod: io.sirix.axis.filter.FilterAxis.<init> (0x00007ab287d7a608) [0x00007ab287d7a700, 0x00007ab287d7d288] Compiler: c1, Barriers: 24, Oops: 1, ImmediateOops: 3, NonImmediateOops: No
[4,101s][debug][gc,director    ] Rule Major: Warmup 20%, Used: 1050MB, UsedThreshold: 2457MB
[4,101s][debug][gc,director    ] Select Minor GC Workers (Not Warm), GCWorkers: 5,000
[4,101s][debug][gc,director    ] Rule Minor: Allocation Rate (Dynamic GC Workers), MaxAllocRate: 464,9MB/s (+/-28,4%), Free: 11196MB, GCCPUTime: 2,913, GCDuration: 0,588s, TimeUntilOOM: 18,761s, TimeUntilGC: 18,174s, GCWorkers: 5
[4,101s][debug][gc,director    ] Select Minor GC Workers (Not Warm), GCWorkers: 5,000
[4,101s][debug][gc,director    ] Rule Minor: Allocation Rate (Dynamic GC Workers), MaxAllocRate: 1832,4MB/s (+/-28,4%), Free: 11196MB, GCCPUTime: 2,913, GCDuration: 0,588s, TimeUntilOOM: 4,760s, TimeUntilGC: 4,172s, GCWorkers: 5
[4,101s][debug][gc,director    ] Rule Minor: High Usage, Free: 11196MB(91,1%)
[4,102s][debug][gc,nmethod     ] Register NMethod: io.sirix.node.xml.ElementNode.setRightSiblingKey (0x00007ab2a6dc1708) [0x00007ab2a6dc1800, 0x00007ab2a6dc1ac8] Compiler: jvmci, Barriers: 4, Oops: 1, ImmediateOops: 0, NonImmediateOops: No
[4,103s][debug][gc,nmethod     ] Register NMethod: com.sun.org.apache.xerces.internal.impl.XMLEntityScanner.checkNodeCount (0x00007ab2a6dfd088) [0x00007ab2a6dfd180, 0x00007ab2a6dfd260] Compiler: jvmci, Barriers: 0, Oops: 0, ImmediateOops: 0, NonImmediateOops: No
[4,103s][debug][gc,nmethod     ] Register NMethod: io.sirix.access.trx.node.xml.XmlNodeTrxImpl.insertElementAsFirstChild (0x00007ab287e8a788) [0x00007ab287e8a880, 0x00007ab287e8f3b0] Compiler: c1, Barriers: 25, Oops: 1, ImmediateOops: 10, NonImmediateOops: No
[4,104s][debug][gc,nmethod     ] Register NMethod: io.sirix.access.trx.node.AbstractNodeHashing.adaptHashesWithAdd (0x00007ab287d50088) [0x00007ab287d50180, 0x00007ab287d50658] Compiler: c1, Barriers: 1, Oops: 1, ImmediateOops: 1, NonImmediateOops: No
[4,104s][debug][gc,nmethod     ] Register NMethod: com.sun.org.apache.xerces.internal.xni.XMLString.append (0x00007ab287f00a88) [0x00007ab287f00b80, 0x00007ab287f01058] Compiler: c1, Barriers: 5, Oops: 0, ImmediateOops: 0, NonImmediateOops: No
[4,106s][debug][gc,nmethod     ] Register NMethod: com.sun.org.apache.xerces.internal.impl.XMLStreamReaderImpl.getNamespaceCount (0x00007ab2a6dfcc88) [0x00007ab2a6dfcd80, 0x00007ab2a6dfcf98] Compiler: jvmci, Barriers: 3, Oops: 0, ImmediateOops: 0, NonImmediateOops: No
[4,106s][debug][gc,nmethod     ] Register NMethod: io.sirix.axis.ChildAxis.reset (0x00007ab2a6d8aa88) [0x00007ab2a6d8ab80, 0x00007ab2a6d8ac80] Compiler: jvmci, Barriers: 3, Oops: 1, ImmediateOops: 1, NonImmediateOops: No
[4,109s][debug][gc,nmethod     ] Register NMethod: io.sirix.axis.filter.FilterAxis.reset (0x00007ab2a6d8a488) [0x00007ab2a6d8a580, 0x00007ab2a6d8a978] Compiler: jvmci, Barriers: 15, Oops: 1, ImmediateOops: 2, NonImmediateOops: No
[4,110s][debug][gc,nmethod     ] Register NMethod: io.sirix.node.xml.ElementNode.setFirstChildKey (0x00007ab2a6c36a88) [0x00007ab2a6c36b80, 0x00007ab2a6c36e48] Compiler: jvmci, Barriers: 4, Oops: 1, ImmediateOops: 0, NonImmediateOops: No
[4,111s][debug][gc,nmethod     ] Register NMethod: io.sirix.node.xml.AbstractStructForwardingNode.hasRightSibling (0x00007ab2a6c36788) [0x00007ab2a6c36880, 0x00007ab2a6c369f0] Compiler: jvmci, Barriers: 1, Oops: 1, ImmediateOops: 0, NonImmediateOops: No
[4,111s][debug][gc,director    ] Rule Major: Warmup 20%, Used: 1054MB, UsedThreshold: 2457MB
[4,111s][debug][gc,director    ] Select Minor GC Workers (Not Warm), GCWorkers: 5,000
[4,111s][debug][gc,director    ] Rule Minor: Allocation Rate (Dynamic GC Workers), MaxAllocRate: 464,9MB/s (+/-28,4%), Free: 11192MB, GCCPUTime: 2,913, GCDuration: 0,588s, TimeUntilOOM: 18,755s, TimeUntilGC: 18,167s, GCWorkers: 5
[4,111s][debug][gc,director    ] Select Minor GC Workers (Not Warm), GCWorkers: 5,000
[4,111s][debug][gc,director    ] Rule Minor: Allocation Rate (Dynamic GC Workers), MaxAllocRate: 1832,4MB/s (+/-28,4%), Free: 11192MB, GCCPUTime: 2,913, GCDuration: 0,588s, TimeUntilOOM: 4,758s, TimeUntilGC: 4,170s, GCWorkers: 5
[4,111s][debug][gc,director    ] Rule Minor: High Usage, Free: 11192MB(91,1%)
[4,113s][debug][gc,nmethod     ] Register NMethod: io.sirix.node.xml.AbstractStructForwardingNode.getRightSiblingKey (0x00007ab2a6c36408) [0x00007ab2a6c36500, 0x00007ab2a6c36610] Compiler: jvmci, Barriers: 1, Oops: 1, ImmediateOops: 0, NonImmediateOops: No
[4,115s][debug][gc,nmethod     ] Register NMethod: io.sirix.access.trx.page.NodeStorageEngineReader.getPathSummaryPage (0x00007ab2a6c32488) [0x00007ab2a6c32580, 0x00007ab2a6c33a30] Compiler: jvmci, Barriers: 41, Oops: 3, ImmediateOops: 0, NonImmediateOops: No
[4,116s][debug][gc,nmethod     ] Register NMethod: io.sirix.index.path.summary.PathSummaryReader.getRightSiblingKey (0x00007ab2a6cf5e08) [0x00007ab2a6cf5f00, 0x00007ab2a6cf6080] Compiler: jvmci, Barriers: 2, Oops: 1, ImmediateOops: 0, NonImmediateOops: No
[4,117s][debug][gc,nmethod     ] Register NMethod: io.sirix.index.path.summary.PathSummaryReader.hasRightSibling (0x00007ab2a6cf5b08) [0x00007ab2a6cf5c00, 0x00007ab2a6cf5d90] Compiler: jvmci, Barriers: 2, Oops: 1, ImmediateOops: 0, NonImmediateOops: No
[4,119s][debug][gc,nmethod     ] Register NMethod: com.sun.org.apache.xerces.internal.impl.XMLStreamReaderImpl.getProperty (0x00007ab2a6da3e88) [0x00007ab2a6da3f80, 0x00007ab2a6da57e0] Compiler: jvmci, Barriers: 24, Oops: 22, ImmediateOops: 23, NonImmediateOops: No
[4,121s][debug][gc,director    ] Rule Major: Warmup 20%, Used: 1058MB, UsedThreshold: 2457MB
[4,122s][debug][gc,director    ] Select Minor GC Workers (Not Warm), GCWorkers: 5,000
[4,122s][debug][gc,director    ] Rule Minor: Allocation Rate (Dynamic GC Workers), MaxAllocRate: 464,9MB/s (+/-28,4%), Free: 11188MB, GCCPUTime: 2,913, GCDuration: 0,588s, TimeUntilOOM: 18,748s, TimeUntilGC: 18,160s, GCWorkers: 5
[4,122s][debug][gc,director    ] Select Minor GC Workers (Not Warm), GCWorkers: 5,000
[4,122s][debug][gc,director    ] Rule Minor: Allocation Rate (Dynamic GC Workers), MaxAllocRate: 1832,4MB/s (+/-28,4%), Free: 11188MB, GCCPUTime: 2,913, GCDuration: 0,588s, TimeUntilOOM: 4,756s, TimeUntilGC: 4,169s, GCWorkers: 5
[4,122s][debug][gc,director    ] Rule Minor: High Usage, Free: 11188MB(91,0%)
[4,122s][debug][gc,nmethod     ] Register NMethod: io.sirix.axis.ChildAxis.nextKey (0x00007ab2a6c81a88) [0x00007ab2a6c81b80, 0x00007ab2a6c822c0] Compiler: jvmci, Barriers: 9, Oops: 1, ImmediateOops: 0, NonImmediateOops: No
[4,123s][debug][gc,nmethod     ] Register NMethod: com.sun.org.apache.xerces.internal.impl.PropertyManager.getProperty (0x00007ab2a6d9f608) [0x00007ab2a6d9f700, 0x00007ab2a6da0f50] Compiler: jvmci, Barriers: 29, Oops: 22, ImmediateOops: 19, NonImmediateOops: No
[4,123s][debug][gc,nmethod     ] Register NMethod: io.sirix.index.path.summary.PathSummaryReader.getNodeKey (0x00007ab2a6da3b08) [0x00007ab2a6da3c00, 0x00007ab2a6da3dc0] Compiler: jvmci, Barriers: 2, Oops: 1, ImmediateOops: 0, NonImmediateOops: No
[4,124s][debug][gc,nmethod     ] Register NMethod: com.sun.xml.internal.stream.events.XMLEventAllocatorImpl.fillNamespaceAttributes (0x00007ab2a6cf5688) [0x00007ab2a6cf5780, 0x00007ab2a6cf5a00] Compiler: jvmci, Barriers: 3, Oops: 0, ImmediateOops: 0, NonImmediateOops: No
[4,125s][debug][gc,nmethod     ] Register NMethod: com.sun.org.apache.xerces.internal.impl.XMLDocumentFragmentScannerImpl$FragmentContentDriver.next (0x00007ab2a6c4ba88) [0x00007ab2a6c4bb80, 0x00007ab2a6c4d978] Compiler: jvmci, Barriers: 44, Oops: 1, ImmediateOops: 1, NonImmediateOops: No
[4,126s][debug][gc,nmethod     ] Register NMethod: io.sirix.access.trx.page.NodeStorageEngineWriter.prepareRecordForModification (0x00007ab2a6cf0708) [0x00007ab2a6cf0800, 0x00007ab2a6cf1cc0] Compiler: jvmci, Barriers: 41, Oops: 3, ImmediateOops: 2, NonImmediateOops: No
[4,132s][debug][gc,director    ] Rule Major: Warmup 20%, Used: 1062MB, UsedThreshold: 2457MB
[4,132s][debug][gc,director    ] Select Minor GC Workers (Not Warm), GCWorkers: 5,000
[4,132s][debug][gc,director    ] Rule Minor: Allocation Rate (Dynamic GC Workers), MaxAllocRate: 464,9MB/s (+/-28,4%), Free: 11184MB, GCCPUTime: 2,913, GCDuration: 0,588s, TimeUntilOOM: 18,741s, TimeUntilGC: 18,154s, GCWorkers: 5
[4,132s][debug][gc,director    ] Select Minor GC Workers (Not Warm), GCWorkers: 5,000
[4,132s][debug][gc,director    ] Rule Minor: Allocation Rate (Dynamic GC Workers), MaxAllocRate: 1832,4MB/s (+/-28,4%), Free: 11184MB, GCCPUTime: 2,913, GCDuration: 0,588s, TimeUntilOOM: 4,754s, TimeUntilGC: 4,167s, GCWorkers: 5
[4,132s][debug][gc,director    ] Rule Minor: High Usage, Free: 11184MB(91,0%)
[4,134s][debug][gc,nmethod     ] Register NMethod: io.sirix.axis.AbstractAxis.<init> (0x00007ab2a6ce0488) [0x00007ab2a6ce0580, 0x00007ab2a6ce0f00] Compiler: jvmci, Barriers: 31, Oops: 1, ImmediateOops: 3, NonImmediateOops: No
[4,134s][debug][gc,nmethod     ] Register NMethod: com.sun.xml.internal.stream.events.XMLEventAllocatorImpl.fillNamespaceAttributes (0x00007ab2a6cf0388) [0x00007ab2a6cf0480, 0x00007ab2a6cf0700] Compiler: jvmci, Barriers: 3, Oops: 0, ImmediateOops: 0, NonImmediateOops: No
[4,137s][debug][gc,nmethod     ] Register NMethod: com.sun.org.apache.xerces.internal.impl.XMLStreamReaderImpl.next (0x00007ab2a6ce0008) [0x00007ab2a6ce0100, 0x00007ab2a6ce03b8] Compiler: jvmci, Barriers: 4, Oops: 0, ImmediateOops: 0, NonImmediateOops: No
[4,138s][debug][gc,nmethod     ] Register NMethod: com.sun.xml.internal.stream.events.XMLEventAllocatorImpl.setNamespaceContext (0x00007ab2a6d9ec88) [0x00007ab2a6d9ed80, 0x00007ab2a6d9f5b0] Compiler: jvmci, Barriers: 19, Oops: 0, ImmediateOops: 0, NonImmediateOops: No
[4,140s][debug][gc,nmethod     ] Register NMethod: com.sun.org.apache.xerces.internal.impl.XMLStreamReaderImpl.getText (0x00007ab2a6c81408) [0x00007ab2a6c81500, 0x00007ab2a6c81a18] Compiler: jvmci, Barriers: 6, Oops: 1, ImmediateOops: 0, NonImmediateOops: No
[4,142s][debug][gc,director    ] Rule Major: Warmup 20%, Used: 1068MB, UsedThreshold: 2457MB
[4,142s][debug][gc,director    ] Select Minor GC Workers (Not Warm), GCWorkers: 5,000
[4,142s][debug][gc,director    ] Rule Minor: Allocation Rate (Dynamic GC Workers), MaxAllocRate: 464,9MB/s (+/-28,4%), Free: 11178MB, GCCPUTime: 2,913, GCDuration: 0,588s, TimeUntilOOM: 18,731s, TimeUntilGC: 18,144s, GCWorkers: 5
[4,142s][debug][gc,director    ] Select Minor GC Workers (Not Warm), GCWorkers: 5,000
[4,142s][debug][gc,director    ] Rule Minor: Allocation Rate (Dynamic GC Workers), MaxAllocRate: 1832,4MB/s (+/-28,4%), Free: 11178MB, GCCPUTime: 2,913, GCDuration: 0,588s, TimeUntilOOM: 4,752s, TimeUntilGC: 4,164s, GCWorkers: 5
[4,142s][debug][gc,director    ] Rule Minor: High Usage, Free: 11178MB(91,0%)
[4,148s][debug][gc,nmethod     ] Register NMethod: it.unimi.dsi.fastutil.ints.Int2LongOpenHashMap.get (0x00007ab2a6c4b608) [0x00007ab2a6c4b700, 0x00007ab2a6c4ba50] Compiler: jvmci, Barriers: 2, Oops: 1, ImmediateOops: 0, NonImmediateOops: No
[4,151s][debug][gc,nmethod     ] Register NMethod: it.unimi.dsi.fastutil.ints.Int2ObjectOpenHashMap.get (0x00007ab2a6c4b088) [0x00007ab2a6c4b180, 0x00007ab2a6c4b5f8] Compiler: jvmci, Barriers: 8, Oops: 1, ImmediateOops: 0, NonImmediateOops: No
[4,152s][debug][gc,nmethod     ] Register NMethod: com.sun.xml.internal.stream.events.XMLEventAllocatorImpl.getXMLEvent (0x00007ab2a6e10088) [0x00007ab2a6e101a0, 0x00007ab2a6e14ad8] Compiler: jvmci, Barriers: 284, Oops: 12, ImmediateOops: 44, NonImmediateOops: No
[4,152s][debug][gc,director    ] Rule Major: Warmup 20%, Used: 1072MB, UsedThreshold: 2457MB
[4,152s][debug][gc,director    ] Select Minor GC Workers (Not Warm), GCWorkers: 5,000
[4,152s][debug][gc,director    ] Rule Minor: Allocation Rate (Dynamic GC Workers), MaxAllocRate: 464,9MB/s (+/-28,4%), Free: 11174MB, GCCPUTime: 2,913, GCDuration: 0,588s, TimeUntilOOM: 18,724s, TimeUntilGC: 18,137s, GCWorkers: 5
[4,152s][debug][gc,director    ] Select Minor GC Workers (Not Warm), GCWorkers: 5,000
[4,152s][debug][gc,director    ] Rule Minor: Allocation Rate (Dynamic GC Workers), MaxAllocRate: 1832,4MB/s (+/-28,4%), Free: 11174MB, GCCPUTime: 2,913, GCDuration: 0,588s, TimeUntilOOM: 4,750s, TimeUntilGC: 4,163s, GCWorkers: 5
[4,152s][debug][gc,director    ] Rule Minor: High Usage, Free: 11174MB(90,9%)
[4,159s][debug][gc,nmethod     ] Register NMethod: io.sirix.axis.filter.FilterAxis.nextKey (0x00007ab2a6ce8308) [0x00007ab2a6ce8400, 0x00007ab2a6ce9fd0] Compiler: jvmci, Barriers: 48, Oops: 2, ImmediateOops: 3, NonImmediateOops: No
[4,160s][debug][gc,nmethod     ] Register NMethod: io.sirix.access.trx.node.xml.XmlNodeTrxImpl.adaptForInsert (0x00007ab2a6d49908) [0x00007ab2a6d49a00, 0x00007ab2a6d4cbb8] Compiler: jvmci, Barriers: 89, Oops: 4, ImmediateOops: 1, NonImmediateOops: No
[4,162s][debug][gc,director    ] Rule Major: Warmup 20%, Used: 1084MB, UsedThreshold: 2457MB
[4,162s][debug][gc,director    ] Select Minor GC Workers (Not Warm), GCWorkers: 5,000
[4,162s][debug][gc,director    ] Rule Minor: Allocation Rate (Dynamic GC Workers), MaxAllocRate: 464,9MB/s (+/-28,4%), Free: 11162MB, GCCPUTime: 2,913, GCDuration: 0,588s, TimeUntilOOM: 18,704s, TimeUntilGC: 18,117s, GCWorkers: 5
[4,162s][debug][gc,director    ] Select Minor GC Workers (Not Warm), GCWorkers: 5,000
[4,162s][debug][gc,director    ] Rule Minor: Allocation Rate (Dynamic GC Workers), MaxAllocRate: 1832,4MB/s (+/-28,4%), Free: 11162MB, GCCPUTime: 2,913, GCDuration: 0,588s, TimeUntilOOM: 4,745s, TimeUntilGC: 4,157s, GCWorkers: 5
[4,162s][debug][gc,director    ] Rule Minor: High Usage, Free: 11162MB(90,8%)
[4,164s][debug][gc,nmethod     ] Register NMethod: com.sun.org.apache.xerces.internal.util.NamespaceSupport.pushContext (0x00007ab2a6d49408) [0x00007ab2a6d49500, 0x00007ab2a6d498f0] Compiler: jvmci, Barriers: 4, Oops: 0, ImmediateOops: 0, NonImmediateOops: No
[4,165s][debug][gc,alloc       ] Mutator Allocation Rate: 656,9MB/s Predicted: 713,4MB/s, Avg: 474,0(+/-135,1)MB/s
[4,165s][debug][gc,director    ] Rule Major: Warmup 20%, Used: 1088MB, UsedThreshold: 2457MB
[4,165s][debug][gc,director    ] Select Minor GC Workers (Not Warm), GCWorkers: 5,000
[4,165s][debug][gc,director    ] Rule Minor: Allocation Rate (Dynamic GC Workers), MaxAllocRate: 474,0MB/s (+/-28,5%), Free: 11158MB, GCCPUTime: 2,913, GCDuration: 0,588s, TimeUntilOOM: 18,320s, TimeUntilGC: 17,732s, GCWorkers: 5
[4,165s][debug][gc,director    ] Select Minor GC Workers (Not Warm), GCWorkers: 5,000
[4,165s][debug][gc,director    ] Rule Minor: Allocation Rate (Dynamic GC Workers), MaxAllocRate: 1871,3MB/s (+/-28,5%), Free: 11158MB, GCCPUTime: 2,913, GCDuration: 0,588s, TimeUntilOOM: 4,640s, TimeUntilGC: 4,053s, GCWorkers: 5
[4,165s][debug][gc,director    ] Rule Minor: High Usage, Free: 11158MB(90,8%)
[4,168s][debug][gc,nmethod     ] Register NMethod: io.sirix.access.trx.page.NodeStorageEngineWriter$IndirectPageTrieWriter.prepareIndirectPage (0x00007ab287e45b08) [0x00007ab287e45c00, 0x00007ab287e478e0] Compiler: c1, Barriers: 11, Oops: 1, ImmediateOops: 0, NonImmediateOops: No
[4,169s][debug][gc,nmethod     ] Register NMethod: io.sirix.index.path.summary.PathSummaryReader.putMapping (0x00007ab2a6ce7a88) [0x00007ab2a6ce7b80, 0x00007ab2a6ce82b0] Compiler: jvmci, Barriers: 16, Oops: 1, ImmediateOops: 0, NonImmediateOops: No
[4,171s][debug][gc,nmethod     ] Register NMethod: io.sirix.page.NamePage.setName (0x00007ab2a6e0f888) [0x00007ab2a6e0f980, 0x00007ab2a6e10038] Compiler: jvmci, Barriers: 16, Oops: 1, ImmediateOops: 0, NonImmediateOops: No
[4,172s][debug][gc,nmethod     ] Register NMethod: io.sirix.node.xml.AbstractStructForwardingNode.hasFirstChild (0x00007ab2a6d49108) [0x00007ab2a6d49200, 0x00007ab2a6d493b8] Compiler: jvmci, Barriers: 2, Oops: 1, ImmediateOops: 0, NonImmediateOops: No
[4,174s][debug][gc,nmethod     ] Register NMethod: io.sirix.page.PageKind$1.serializePage (0x00007ab2a6db4408) [0x00007ab2a6db4500, 0x00007ab2a6db8cc0] Compiler: jvmci, Barriers: 110, Oops: 16, ImmediateOops: 6, NonImmediateOops: No
[4,174s][debug][gc,nmethod     ] Register NMethod: jdk.xml.internal.JdkProperty$ImplPropMap.is (0x00007ab2a6e0f288) [0x00007ab2a6e0f380, 0x00007ab2a6e0f7f0] Compiler: jvmci, Barriers: 7, Oops: 0, ImmediateOops: 0, NonImmediateOops: No
[4,175s][debug][gc,nmethod     ] Register NMethod: io.sirix.index.name.Names.setName (0x00007ab2a6e24a08) [0x00007ab2a6e24b00, 0x00007ab2a6e27358] Compiler: jvmci, Barriers: 53, Oops: 5, ImmediateOops: 4, NonImmediateOops: No
[4,175s][debug][gc,nmethod     ] Register NMethod: io.sirix.index.path.summary.PathSummaryReader.hasFirstChild (0x00007ab2a6ce7688) [0x00007ab2a6ce7780, 0x00007ab2a6ce7940] Compiler: jvmci, Barriers: 2, Oops: 1, ImmediateOops: 0, NonImmediateOops: No
[4,175s][debug][gc,director    ] Rule Major: Warmup 20%, Used: 1100MB, UsedThreshold: 2457MB
[4,175s][debug][gc,director    ] Select Minor GC Workers (Not Warm), GCWorkers: 5,000
[4,175s][debug][gc,director    ] Rule Minor: Allocation Rate (Dynamic GC Workers), MaxAllocRate: 474,0MB/s (+/-28,5%), Free: 11146MB, GCCPUTime: 2,913, GCDuration: 0,588s, TimeUntilOOM: 18,300s, TimeUntilGC: 17,713s, GCWorkers: 5
[4,175s][debug][gc,director    ] Select Minor GC Workers (Not Warm), GCWorkers: 5,000
[4,175s][debug][gc,director    ] Rule Minor: Allocation Rate (Dynamic GC Workers), MaxAllocRate: 1871,3MB/s (+/-28,5%), Free: 11146MB, GCCPUTime: 2,913, GCDuration: 0,588s, TimeUntilOOM: 4,635s, TimeUntilGC: 4,048s, GCWorkers: 5
[4,175s][debug][gc,director    ] Rule Minor: High Usage, Free: 11146MB(90,7%)
[4,179s][debug][gc,nmethod     ] Register NMethod: io.sirix.axis.filter.FilterAxis.<init> (0x00007ab2a6c65908) [0x00007ab2a6c65a00, 0x00007ab2a6c673d8] Compiler: jvmci, Barriers: 72, Oops: 1, ImmediateOops: 3, NonImmediateOops: No
[4,181s][debug][gc,nmethod     ] Register NMethod: com.sun.org.apache.xerces.internal.impl.XMLNSDocumentScannerImpl.scanStartElement (0x00007ab2a6c63108) [0x00007ab2a6c63200, 0x00007ab2a6c65878] Compiler: jvmci, Barriers: 84, Oops: 2, ImmediateOops: 5, NonImmediateOops: No
[4,182s][debug][gc,nmethod     ] Register NMethod: com.sun.org.apache.xerces.internal.impl.XMLEntityScanner.skipSpaces (0x00007ab287488208) [0x00007ab287488300, 0x00007ab287489590] Compiler: c1, Barriers: 16, Oops: 0, ImmediateOops: 2, NonImmediateOops: No
[4,183s][debug][gc,nmethod     ] Register NMethod: io.sirix.page.KeyValueLeafPage.processEntries (0x00007ab2a6ea4308) [0x00007ab2a6ea4400, 0x00007ab2a6ea8a90] Compiler: jvmci, Barriers: 93, Oops: 6, ImmediateOops: 10, NonImmediateOops: No
[4,185s][debug][gc,director    ] Rule Major: Warmup 20%, Used: 1112MB, UsedThreshold: 2457MB
[4,185s][debug][gc,director    ] Select Minor GC Workers (Not Warm), GCWorkers: 5,000
[4,185s][debug][gc,director    ] Rule Minor: Allocation Rate (Dynamic GC Workers), MaxAllocRate: 474,0MB/s (+/-28,5%), Free: 11134MB, GCCPUTime: 2,913, GCDuration: 0,588s, TimeUntilOOM: 18,280s, TimeUntilGC: 17,693s, GCWorkers: 5
[4,185s][debug][gc,director    ] Select Minor GC Workers (Not Warm), GCWorkers: 5,000
[4,185s][debug][gc,director    ] Rule Minor: Allocation Rate (Dynamic GC Workers), MaxAllocRate: 1871,3MB/s (+/-28,5%), Free: 11134MB, GCCPUTime: 2,913, GCDuration: 0,588s, TimeUntilOOM: 4,630s, TimeUntilGC: 4,043s, GCWorkers: 5
[4,185s][debug][gc,director    ] Rule Minor: High Usage, Free: 11134MB(90,6%)
[4,196s][debug][gc,director    ] Rule Major: Warmup 20%, Used: 1126MB, UsedThreshold: 2457MB
[4,196s][debug][gc,director    ] Select Minor GC Workers (Not Warm), GCWorkers: 5,000
[4,196s][debug][gc,director    ] Rule Minor: Allocation Rate (Dynamic GC Workers), MaxAllocRate: 474,0MB/s (+/-28,5%), Free: 11120MB, GCCPUTime: 2,913, GCDuration: 0,588s, TimeUntilOOM: 18,257s, TimeUntilGC: 17,670s, GCWorkers: 5
[4,196s][debug][gc,director    ] Select Minor GC Workers (Not Warm), GCWorkers: 5,000
[4,196s][debug][gc,director    ] Rule Minor: Allocation Rate (Dynamic GC Workers), MaxAllocRate: 1871,3MB/s (+/-28,5%), Free: 11120MB, GCCPUTime: 2,913, GCDuration: 0,588s, TimeUntilOOM: 4,625s, TimeUntilGC: 4,037s, GCWorkers: 5
[4,196s][debug][gc,director    ] Rule Minor: High Usage, Free: 11120MB(90,5%)
[4,206s][debug][gc,nmethod     ] Register NMethod: io.sirix.index.path.summary.PathSummaryWriter.getPathNodeKey (0x00007ab2a6ea8b08) [0x00007ab2a6ea8c00, 0x00007ab2a6eab8c0] Compiler: jvmci, Barriers: 97, Oops: 11, ImmediateOops: 9, NonImmediateOops: No
[4,206s][debug][gc,director    ] Rule Major: Warmup 20%, Used: 1142MB, UsedThreshold: 2457MB
[4,206s][debug][gc,director    ] Select Minor GC Workers (Not Warm), GCWorkers: 5,000
[4,206s][debug][gc,director    ] Rule Minor: Allocation Rate (Dynamic GC Workers), MaxAllocRate: 474,0MB/s (+/-28,5%), Free: 11104MB, GCCPUTime: 2,913, GCDuration: 0,588s, TimeUntilOOM: 18,231s, TimeUntilGC: 17,644s, GCWorkers: 5
[4,206s][debug][gc,director    ] Select Minor GC Workers (Not Warm), GCWorkers: 5,000
[4,206s][debug][gc,director    ] Rule Minor: Allocation Rate (Dynamic GC Workers), MaxAllocRate: 1871,3MB/s (+/-28,5%), Free: 11104MB, GCCPUTime: 2,913, GCDuration: 0,588s, TimeUntilOOM: 4,618s, TimeUntilGC: 4,030s, GCWorkers: 5
[4,206s][debug][gc,director    ] Rule Minor: High Usage, Free: 11104MB(90,4%)
[4,207s][debug][gc,nmethod     ] Register NMethod: com.sun.org.apache.xerces.internal.impl.XMLEntityScanner.skipSpaces (0x00007ab2a6db2808) [0x00007ab2a6db2900, 0x00007ab2a6db2e18] Compiler: jvmci, Barriers: 6, Oops: 0, ImmediateOops: 1, NonImmediateOops: No
[4,216s][debug][gc,director    ] Rule Major: Warmup 20%, Used: 1156MB, UsedThreshold: 2457MB
[4,216s][debug][gc,director    ] Select Minor GC Workers (Not Warm), GCWorkers: 5,000
[4,216s][debug][gc,director    ] Rule Minor: Allocation Rate (Dynamic GC Workers), MaxAllocRate: 474,0MB/s (+/-28,5%), Free: 11090MB, GCCPUTime: 2,913, GCDuration: 0,588s, TimeUntilOOM: 18,208s, TimeUntilGC: 17,621s, GCWorkers: 5
[4,216s][debug][gc,director    ] Select Minor GC Workers (Not Warm), GCWorkers: 5,000
[4,216s][debug][gc,director    ] Rule Minor: Allocation Rate (Dynamic GC Workers), MaxAllocRate: 1871,3MB/s (+/-28,5%), Free: 11090MB, GCCPUTime: 2,913, GCDuration: 0,588s, TimeUntilOOM: 4,612s, TimeUntilGC: 4,024s, GCWorkers: 5
[4,216s][debug][gc,director    ] Rule Minor: High Usage, Free: 11090MB(90,3%)
[4,220s][debug][gc,nmethod     ] Register NMethod: io.sirix.index.path.summary.PathSummaryReader.moveTo (0x00007ab2a6d39208) [0x00007ab2a6d39300, 0x00007ab2a6d3a120] Compiler: jvmci, Barriers: 29, Oops: 4, ImmediateOops: 1, NonImmediateOops: No
[4,226s][debug][gc,director    ] Rule Major: Warmup 20%, Used: 1172MB, UsedThreshold: 2457MB
[4,226s][debug][gc,director    ] Select Minor GC Workers (Not Warm), GCWorkers: 5,000
[4,226s][debug][gc,director    ] Rule Minor: Allocation Rate (Dynamic GC Workers), MaxAllocRate: 474,0MB/s (+/-28,5%), Free: 11074MB, GCCPUTime: 2,913, GCDuration: 0,588s, TimeUntilOOM: 18,182s, TimeUntilGC: 17,594s, GCWorkers: 5
[4,226s][debug][gc,director    ] Select Minor GC Workers (Not Warm), GCWorkers: 5,000
[4,226s][debug][gc,director    ] Rule Minor: Allocation Rate (Dynamic GC Workers), MaxAllocRate: 1871,3MB/s (+/-28,5%), Free: 11074MB, GCCPUTime: 2,913, GCDuration: 0,588s, TimeUntilOOM: 4,605s, TimeUntilGC: 4,018s, GCWorkers: 5
[4,227s][debug][gc,director    ] Rule Minor: High Usage, Free: 11074MB(90,1%)
[4,235s][debug][gc,alloc       ] Mutator Allocation Rate: 672,9MB/s Predicted: 727,8MB/s, Avg: 483,0(+/-138,3)MB/s
[4,235s][debug][gc,director    ] Rule Major: Warmup 20%, Used: 1184MB, UsedThreshold: 2457MB
[4,235s][debug][gc,director    ] Select Minor GC Workers (Not Warm), GCWorkers: 5,000
[4,235s][debug][gc,director    ] Rule Minor: Allocation Rate (Dynamic GC Workers), MaxAllocRate: 483,0MB/s (+/-28,6%), Free: 11062MB, GCCPUTime: 2,913, GCDuration: 0,588s, TimeUntilOOM: 17,803s, TimeUntilGC: 17,215s, GCWorkers: 5
[4,235s][debug][gc,director    ] Select Minor GC Workers (Not Warm), GCWorkers: 5,000
[4,235s][debug][gc,director    ] Rule Minor: Allocation Rate (Dynamic GC Workers), MaxAllocRate: 1910,8MB/s (+/-28,6%), Free: 11062MB, GCCPUTime: 2,913, GCDuration: 0,588s, TimeUntilOOM: 4,501s, TimeUntilGC: 3,913s, GCWorkers: 5
[4,235s][debug][gc,director    ] Rule Minor: High Usage, Free: 11062MB(90,0%)
[4,242s][debug][gc,nmethod     ] Register NMethod: java.util.HashMap.keySet (0x00007ab2a6c62b88) [0x00007ab2a6c62c80, 0x00007ab2a6c62e78] Compiler: jvmci, Barriers: 6, Oops: 0, ImmediateOops: 0, NonImmediateOops: No
[4,245s][debug][gc,director    ] Rule Major: Warmup 20%, Used: 1198MB, UsedThreshold: 2457MB
[4,245s][debug][gc,director    ] Select Minor GC Workers (Not Warm), GCWorkers: 5,000
[4,245s][debug][gc,director    ] Rule Minor: Allocation Rate (Dynamic GC Workers), MaxAllocRate: 483,0MB/s (+/-28,6%), Free: 11048MB, GCCPUTime: 2,913, GCDuration: 0,588s, TimeUntilOOM: 17,781s, TimeUntilGC: 17,193s, GCWorkers: 5
[4,245s][debug][gc,director    ] Select Minor GC Workers (Not Warm), GCWorkers: 5,000
[4,245s][debug][gc,director    ] Rule Minor: Allocation Rate (Dynamic GC Workers), MaxAllocRate: 1910,8MB/s (+/-28,6%), Free: 11048MB, GCCPUTime: 2,913, GCDuration: 0,588s, TimeUntilOOM: 4,495s, TimeUntilGC: 3,907s, GCWorkers: 5
[4,245s][debug][gc,director    ] Rule Minor: High Usage, Free: 11048MB(89,9%)
[4,255s][debug][gc,director    ] Rule Major: Warmup 20%, Used: 1210MB, UsedThreshold: 2457MB
[4,255s][debug][gc,director    ] Select Minor GC Workers (Not Warm), GCWorkers: 5,000
[4,255s][debug][gc,director    ] Rule Minor: Allocation Rate (Dynamic GC Workers), MaxAllocRate: 483,0MB/s (+/-28,6%), Free: 11036MB, GCCPUTime: 2,913, GCDuration: 0,588s, TimeUntilOOM: 17,761s, TimeUntilGC: 17,174s, GCWorkers: 5
[4,255s][debug][gc,director    ] Select Minor GC Workers (Not Warm), GCWorkers: 5,000
[4,255s][debug][gc,director    ] Rule Minor: Allocation Rate (Dynamic GC Workers), MaxAllocRate: 1910,8MB/s (+/-28,6%), Free: 11036MB, GCCPUTime: 2,913, GCDuration: 0,588s, TimeUntilOOM: 4,490s, TimeUntilGC: 3,902s, GCWorkers: 5
[4,255s][debug][gc,director    ] Rule Minor: High Usage, Free: 11036MB(89,8%)
[4,265s][debug][gc,director    ] Rule Major: Warmup 20%, Used: 1224MB, UsedThreshold: 2457MB
[4,265s][debug][gc,director    ] Select Minor GC Workers (Not Warm), GCWorkers: 5,000
[4,265s][debug][gc,director    ] Rule Minor: Allocation Rate (Dynamic GC Workers), MaxAllocRate: 483,0MB/s (+/-28,6%), Free: 11022MB, GCCPUTime: 2,913, GCDuration: 0,588s, TimeUntilOOM: 17,739s, TimeUntilGC: 17,151s, GCWorkers: 5
[4,265s][debug][gc,director    ] Select Minor GC Workers (Not Warm), GCWorkers: 5,000
[4,265s][debug][gc,director    ] Rule Minor: Allocation Rate (Dynamic GC Workers), MaxAllocRate: 1910,8MB/s (+/-28,6%), Free: 11022MB, GCCPUTime: 2,913, GCDuration: 0,588s, TimeUntilOOM: 4,484s, TimeUntilGC: 3,897s, GCWorkers: 5
[4,265s][debug][gc,director    ] Rule Minor: High Usage, Free: 11022MB(89,7%)
[4,268s][debug][gc,nmethod     ] Register NMethod: io.sirix.access.trx.node.xml.XmlNodeTrxImpl.insertElementAsFirstChild (0x00007ab2a6eab988) [0x00007ab2a6eaba80, 0x00007ab2a6eaf5a0] Compiler: jvmci, Barriers: 101, Oops: 4, ImmediateOops: 4, NonImmediateOops: No
[4,275s][debug][gc,director    ] Rule Major: Warmup 20%, Used: 1238MB, UsedThreshold: 2457MB
[4,275s][debug][gc,director    ] Select Minor GC Workers (Not Warm), GCWorkers: 5,000
[4,275s][debug][gc,director    ] Rule Minor: Allocation Rate (Dynamic GC Workers), MaxAllocRate: 483,0MB/s (+/-28,6%), Free: 11008MB, GCCPUTime: 2,913, GCDuration: 0,588s, TimeUntilOOM: 17,716s, TimeUntilGC: 17,128s, GCWorkers: 5
[4,275s][debug][gc,director    ] Select Minor GC Workers (Not Warm), GCWorkers: 5,000
[4,275s][debug][gc,director    ] Rule Minor: Allocation Rate (Dynamic GC Workers), MaxAllocRate: 1910,8MB/s (+/-28,6%), Free: 11008MB, GCCPUTime: 2,913, GCDuration: 0,588s, TimeUntilOOM: 4,479s, TimeUntilGC: 3,891s, GCWorkers: 5
[4,275s][debug][gc,director    ] Rule Minor: High Usage, Free: 11008MB(89,6%)
[4,285s][debug][gc,director    ] Rule Major: Warmup 20%, Used: 1252MB, UsedThreshold: 2457MB
[4,285s][debug][gc,director    ] Select Minor GC Workers (Not Warm), GCWorkers: 5,000
[4,285s][debug][gc,director    ] Rule Minor: Allocation Rate (Dynamic GC Workers), MaxAllocRate: 483,0MB/s (+/-28,6%), Free: 10994MB, GCCPUTime: 2,913, GCDuration: 0,588s, TimeUntilOOM: 17,694s, TimeUntilGC: 17,106s, GCWorkers: 5
[4,285s][debug][gc,director    ] Select Minor GC Workers (Not Warm), GCWorkers: 5,000
[4,285s][debug][gc,director    ] Rule Minor: Allocation Rate (Dynamic GC Workers), MaxAllocRate: 1910,8MB/s (+/-28,6%), Free: 10994MB, GCCPUTime: 2,913, GCDuration: 0,588s, TimeUntilOOM: 4,473s, TimeUntilGC: 3,885s, GCWorkers: 5
[4,285s][debug][gc,director    ] Rule Minor: High Usage, Free: 10994MB(89,5%)
[4,296s][debug][gc,director    ] Rule Major: Warmup 20%, Used: 1266MB, UsedThreshold: 2457MB
[4,296s][debug][gc,director    ] Select Minor GC Workers (Not Warm), GCWorkers: 5,000
[4,296s][debug][gc,director    ] Rule Minor: Allocation Rate (Dynamic GC Workers), MaxAllocRate: 483,0MB/s (+/-28,6%), Free: 10980MB, GCCPUTime: 2,913, GCDuration: 0,588s, TimeUntilOOM: 17,671s, TimeUntilGC: 17,083s, GCWorkers: 5
[4,296s][debug][gc,director    ] Select Minor GC Workers (Not Warm), GCWorkers: 5,000
[4,296s][debug][gc,director    ] Rule Minor: Allocation Rate (Dynamic GC Workers), MaxAllocRate: 1910,8MB/s (+/-28,6%), Free: 10980MB, GCCPUTime: 2,913, GCDuration: 0,588s, TimeUntilOOM: 4,467s, TimeUntilGC: 3,880s, GCWorkers: 5
[4,296s][debug][gc,director    ] Rule Minor: High Usage, Free: 10980MB(89,4%)
[4,306s][debug][gc,alloc       ] Mutator Allocation Rate: 687,9MB/s Predicted: 742,2MB/s, Avg: 492,0(+/-141,6)MB/s
[4,306s][debug][gc,director    ] Rule Major: Warmup 20%, Used: 1280MB, UsedThreshold: 2457MB
[4,306s][debug][gc,director    ] Select Minor GC Workers (Not Warm), GCWorkers: 5,000
[4,306s][debug][gc,director    ] Rule Minor: Allocation Rate (Dynamic GC Workers), MaxAllocRate: 492,0MB/s (+/-28,8%), Free: 10966MB, GCCPUTime: 2,913, GCDuration: 0,588s, TimeUntilOOM: 17,309s, TimeUntilGC: 16,722s, GCWorkers: 5
[4,306s][debug][gc,director    ] Select Minor GC Workers (Not Warm), GCWorkers: 5,000
[4,306s][debug][gc,director    ] Rule Minor: Allocation Rate (Dynamic GC Workers), MaxAllocRate: 1950,2MB/s (+/-28,8%), Free: 10966MB, GCCPUTime: 2,913, GCDuration: 0,588s, TimeUntilOOM: 4,366s, TimeUntilGC: 3,779s, GCWorkers: 5
[4,306s][debug][gc,director    ] Rule Minor: High Usage, Free: 10966MB(89,2%)
[4,312s][debug][gc,nmethod     ] Register NMethod: jdk.internal.util.ArraysSupport.mismatch (0x00007ab2a6db2408) [0x00007ab2a6db2500, 0x00007ab2a6db27a8] Compiler: jvmci, Barriers: 0, Oops: 0, ImmediateOops: 0, NonImmediateOops: No
[4,312s][debug][gc,nmethod     ] Register NMethod: com.sun.org.apache.xerces.internal.xni.XMLString.append (0x00007ab2a6cd3b08) [0x00007ab2a6cd3c00, 0x00007ab2a6cd4238] Compiler: jvmci, Barriers: 4, Oops: 0, ImmediateOops: 0, NonImmediateOops: No
[4,316s][debug][gc,director    ] Rule Major: Warmup 20%, Used: 1288MB, UsedThreshold: 2457MB
[4,316s][debug][gc,director    ] Select Minor GC Workers (Not Warm), GCWorkers: 5,000
[4,316s][debug][gc,director    ] Rule Minor: Allocation Rate (Dynamic GC Workers), MaxAllocRate: 492,0MB/s (+/-28,8%), Free: 10958MB, GCCPUTime: 2,913, GCDuration: 0,588s, TimeUntilOOM: 17,297s, TimeUntilGC: 16,709s, GCWorkers: 5
[4,316s][debug][gc,director    ] Select Minor GC Workers (Not Warm), GCWorkers: 5,000
[4,316s][debug][gc,director    ] Rule Minor: Allocation Rate (Dynamic GC Workers), MaxAllocRate: 1950,2MB/s (+/-28,8%), Free: 10958MB, GCCPUTime: 2,913, GCDuration: 0,588s, TimeUntilOOM: 4,363s, TimeUntilGC: 3,776s, GCWorkers: 5
[4,316s][debug][gc,director    ] Rule Minor: High Usage, Free: 10958MB(89,2%)
[4,323s][debug][gc,nmethod     ] Register NMethod: io.sirix.access.trx.node.AbstractNodeHashing.adaptHashesWithAdd (0x00007ab2a6eaf608) [0x00007ab2a6eafa40, 0x00007ab2a6eb7278] Compiler: jvmci, Barriers: 207, Oops: 8, ImmediateOops: 5, NonImmediateOops: No
[4,326s][debug][gc,director    ] Rule Major: Warmup 20%, Used: 1300MB, UsedThreshold: 2457MB
[4,326s][debug][gc,director    ] Select Minor GC Workers (Not Warm), GCWorkers: 5,000
[4,326s][debug][gc,director    ] Rule Minor: Allocation Rate (Dynamic GC Workers), MaxAllocRate: 492,0MB/s (+/-28,8%), Free: 10946MB, GCCPUTime: 2,913, GCDuration: 0,588s, TimeUntilOOM: 17,278s, TimeUntilGC: 16,690s, GCWorkers: 5
[4,326s][debug][gc,director    ] Select Minor GC Workers (Not Warm), GCWorkers: 5,000
[4,326s][debug][gc,director    ] Rule Minor: Allocation Rate (Dynamic GC Workers), MaxAllocRate: 1950,2MB/s (+/-28,8%), Free: 10946MB, GCCPUTime: 2,913, GCDuration: 0,588s, TimeUntilOOM: 4,358s, TimeUntilGC: 3,771s, GCWorkers: 5
[4,326s][debug][gc,director    ] Rule Minor: High Usage, Free: 10946MB(89,1%)
[4,336s][debug][gc,director    ] Rule Major: Warmup 20%, Used: 1316MB, UsedThreshold: 2457MB
[4,336s][debug][gc,director    ] Select Minor GC Workers (Not Warm), GCWorkers: 5,000
[4,336s][debug][gc,director    ] Rule Minor: Allocation Rate (Dynamic GC Workers), MaxAllocRate: 492,0MB/s (+/-28,8%), Free: 10930MB, GCCPUTime: 2,913, GCDuration: 0,588s, TimeUntilOOM: 17,253s, TimeUntilGC: 16,665s, GCWorkers: 5
[4,336s][debug][gc,director    ] Select Minor GC Workers (Not Warm), GCWorkers: 5,000
[4,336s][debug][gc,director    ] Rule Minor: Allocation Rate (Dynamic GC Workers), MaxAllocRate: 1950,2MB/s (+/-28,8%), Free: 10930MB, GCCPUTime: 2,913, GCDuration: 0,588s, TimeUntilOOM: 4,352s, TimeUntilGC: 3,764s, GCWorkers: 5
[4,336s][debug][gc,director    ] Rule Minor: High Usage, Free: 10930MB(88,9%)
[4,344s][debug][gc,nmethod     ] Register NMethod: java.lang.String.compareTo (0x00007ab2a6db1f08) [0x00007ab2a6db2000, 0x00007ab2a6db21b8] Compiler: jvmci, Barriers: 2, Oops: 0, ImmediateOops: 0, NonImmediateOops: No
[4,346s][debug][gc,director    ] Rule Major: Warmup 20%, Used: 1330MB, UsedThreshold: 2457MB
[4,346s][debug][gc,director    ] Select Minor GC Workers (Not Warm), GCWorkers: 5,000
[4,346s][debug][gc,director    ] Rule Minor: Allocation Rate (Dynamic GC Workers), MaxAllocRate: 492,0MB/s (+/-28,8%), Free: 10916MB, GCCPUTime: 2,913, GCDuration: 0,588s, TimeUntilOOM: 17,231s, TimeUntilGC: 16,643s, GCWorkers: 5
[4,346s][debug][gc,director    ] Select Minor GC Workers (Not Warm), GCWorkers: 5,000
[4,346s][debug][gc,director    ] Rule Minor: Allocation Rate (Dynamic GC Workers), MaxAllocRate: 1950,2MB/s (+/-28,8%), Free: 10916MB, GCCPUTime: 2,913, GCDuration: 0,588s, TimeUntilOOM: 4,346s, TimeUntilGC: 3,759s, GCWorkers: 5
[4,346s][debug][gc,director    ] Rule Minor: High Usage, Free: 10916MB(88,8%)
[4,357s][debug][gc,director    ] Rule Major: Warmup 20%, Used: 1342MB, UsedThreshold: 2457MB
[4,357s][debug][gc,director    ] Select Minor GC Workers (Not Warm), GCWorkers: 5,000
[4,357s][debug][gc,director    ] Rule Minor: Allocation Rate (Dynamic GC Workers), MaxAllocRate: 492,0MB/s (+/-28,8%), Free: 10904MB, GCCPUTime: 2,913, GCDuration: 0,588s, TimeUntilOOM: 17,212s, TimeUntilGC: 16,624s, GCWorkers: 5
[4,357s][debug][gc,director    ] Select Minor GC Workers (Not Warm), GCWorkers: 5,000
[4,357s][debug][gc,director    ] Rule Minor: Allocation Rate (Dynamic GC Workers), MaxAllocRate: 1950,2MB/s (+/-28,8%), Free: 10904MB, GCCPUTime: 2,913, GCDuration: 0,588s, TimeUntilOOM: 4,342s, TimeUntilGC: 3,754s, GCWorkers: 5
[4,357s][debug][gc,director    ] Rule Minor: High Usage, Free: 10904MB(88,7%)
[4,367s][debug][gc,director    ] Rule Major: Warmup 20%, Used: 1358MB, UsedThreshold: 2457MB
[4,367s][debug][gc,director    ] Select Minor GC Workers (Not Warm), GCWorkers: 5,000
[4,367s][debug][gc,director    ] Rule Minor: Allocation Rate (Dynamic GC Workers), MaxAllocRate: 492,0MB/s (+/-28,8%), Free: 10888MB, GCCPUTime: 2,913, GCDuration: 0,588s, TimeUntilOOM: 17,186s, TimeUntilGC: 16,599s, GCWorkers: 5
[4,367s][debug][gc,director    ] Select Minor GC Workers (Not Warm), GCWorkers: 5,000
[4,367s][debug][gc,director    ] Rule Minor: Allocation Rate (Dynamic GC Workers), MaxAllocRate: 1950,2MB/s (+/-28,8%), Free: 10888MB, GCCPUTime: 2,913, GCDuration: 0,588s, TimeUntilOOM: 4,335s, TimeUntilGC: 3,748s, GCWorkers: 5
[4,367s][debug][gc,director    ] Rule Minor: High Usage, Free: 10888MB(88,6%)
[4,377s][debug][gc,director    ] Rule Major: Warmup 20%, Used: 1374MB, UsedThreshold: 2457MB
[4,377s][debug][gc,director    ] Select Minor GC Workers (Not Warm), GCWorkers: 5,000
[4,377s][debug][gc,director    ] Rule Minor: Allocation Rate (Dynamic GC Workers), MaxAllocRate: 492,0MB/s (+/-28,8%), Free: 10872MB, GCCPUTime: 2,913, GCDuration: 0,588s, TimeUntilOOM: 17,161s, TimeUntilGC: 16,573s, GCWorkers: 5
[4,377s][debug][gc,director    ] Select Minor GC Workers (Not Warm), GCWorkers: 5,000
[4,377s][debug][gc,director    ] Rule Minor: Allocation Rate (Dynamic GC Workers), MaxAllocRate: 1950,2MB/s (+/-28,8%), Free: 10872MB, GCCPUTime: 2,913, GCDuration: 0,588s, TimeUntilOOM: 4,329s, TimeUntilGC: 3,741s, GCWorkers: 5
[4,377s][debug][gc,director    ] Rule Minor: High Usage, Free: 10872MB(88,5%)
[4,378s][debug][gc,alloc       ] Mutator Allocation Rate: 702,0MB/s Predicted: 756,3MB/s, Avg: 500,7(+/-144,8)MB/s
[4,378s][debug][gc,director    ] Rule Major: Warmup 20%, Used: 1376MB, UsedThreshold: 2457MB
[4,378s][debug][gc,director    ] Select Minor GC Workers (Not Warm), GCWorkers: 5,000
[4,378s][debug][gc,director    ] Rule Minor: Allocation Rate (Dynamic GC Workers), MaxAllocRate: 500,7MB/s (+/-28,9%), Free: 10870MB, GCCPUTime: 2,913, GCDuration: 0,588s, TimeUntilOOM: 16,839s, TimeUntilGC: 16,252s, GCWorkers: 5
[4,378s][debug][gc,director    ] Select Minor GC Workers (Not Warm), GCWorkers: 5,000
[4,378s][debug][gc,director    ] Rule Minor: Allocation Rate (Dynamic GC Workers), MaxAllocRate: 1989,2MB/s (+/-28,9%), Free: 10870MB, GCCPUTime: 2,913, GCDuration: 0,588s, TimeUntilOOM: 4,239s, TimeUntilGC: 3,651s, GCWorkers: 5
[4,378s][debug][gc,director    ] Rule Minor: High Usage, Free: 10870MB(88,5%)
[4,389s][debug][gc,director    ] Rule Major: Warmup 20%, Used: 1390MB, UsedThreshold: 2457MB
[4,389s][debug][gc,director    ] Select Minor GC Workers (Not Warm), GCWorkers: 5,000
[4,389s][debug][gc,director    ] Rule Minor: Allocation Rate (Dynamic GC Workers), MaxAllocRate: 500,7MB/s (+/-28,9%), Free: 10856MB, GCCPUTime: 2,913, GCDuration: 0,588s, TimeUntilOOM: 16,818s, TimeUntilGC: 16,230s, GCWorkers: 5
[4,389s][debug][gc,director    ] Select Minor GC Workers (Not Warm), GCWorkers: 5,000
[4,389s][debug][gc,director    ] Rule Minor: Allocation Rate (Dynamic GC Workers), MaxAllocRate: 1989,2MB/s (+/-28,9%), Free: 10856MB, GCCPUTime: 2,913, GCDuration: 0,588s, TimeUntilOOM: 4,233s, TimeUntilGC: 3,646s, GCWorkers: 5
[4,389s][debug][gc,director    ] Rule Minor: High Usage, Free: 10856MB(88,3%)
[4,399s][debug][gc,director    ] Rule Major: Warmup 20%, Used: 1406MB, UsedThreshold: 2457MB
[4,399s][debug][gc,director    ] Select Minor GC Workers (Not Warm), GCWorkers: 5,000
[4,399s][debug][gc,director    ] Rule Minor: Allocation Rate (Dynamic GC Workers), MaxAllocRate: 500,7MB/s (+/-28,9%), Free: 10840MB, GCCPUTime: 2,913, GCDuration: 0,588s, TimeUntilOOM: 16,793s, TimeUntilGC: 16,205s, GCWorkers: 5
[4,399s][debug][gc,director    ] Select Minor GC Workers (Not Warm), GCWorkers: 5,000
[4,399s][debug][gc,director    ] Rule Minor: Allocation Rate (Dynamic GC Workers), MaxAllocRate: 1989,2MB/s (+/-28,9%), Free: 10840MB, GCCPUTime: 2,913, GCDuration: 0,588s, TimeUntilOOM: 4,227s, TimeUntilGC: 3,639s, GCWorkers: 5
[4,399s][debug][gc,director    ] Rule Minor: High Usage, Free: 10840MB(88,2%)
[4,409s][debug][gc,director    ] Rule Major: Warmup 20%, Used: 1422MB, UsedThreshold: 2457MB
[4,409s][debug][gc,director    ] Select Minor GC Workers (Not Warm), GCWorkers: 5,000
[4,409s][debug][gc,director    ] Rule Minor: Allocation Rate (Dynamic GC Workers), MaxAllocRate: 500,7MB/s (+/-28,9%), Free: 10824MB, GCCPUTime: 2,913, GCDuration: 0,588s, TimeUntilOOM: 16,768s, TimeUntilGC: 16,180s, GCWorkers: 5
[4,409s][debug][gc,director    ] Select Minor GC Workers (Not Warm), GCWorkers: 5,000
[4,409s][debug][gc,director    ] Rule Minor: Allocation Rate (Dynamic GC Workers), MaxAllocRate: 1989,2MB/s (+/-28,9%), Free: 10824MB, GCCPUTime: 2,913, GCDuration: 0,588s, TimeUntilOOM: 4,221s, TimeUntilGC: 3,633s, GCWorkers: 5
[4,409s][debug][gc,director    ] Rule Minor: High Usage, Free: 10824MB(88,1%)
[4,419s][debug][gc,director    ] Rule Major: Warmup 20%, Used: 1438MB, UsedThreshold: 2457MB
[4,419s][debug][gc,director    ] Select Minor GC Workers (Not Warm), GCWorkers: 5,000
[4,419s][debug][gc,director    ] Rule Minor: Allocation Rate (Dynamic GC Workers), MaxAllocRate: 500,7MB/s (+/-28,9%), Free: 10808MB, GCCPUTime: 2,913, GCDuration: 0,588s, TimeUntilOOM: 16,743s, TimeUntilGC: 16,156s, GCWorkers: 5
[4,419s][debug][gc,director    ] Select Minor GC Workers (Not Warm), GCWorkers: 5,000
[4,419s][debug][gc,director    ] Rule Minor: Allocation Rate (Dynamic GC Workers), MaxAllocRate: 1989,2MB/s (+/-28,9%), Free: 10808MB, GCCPUTime: 2,913, GCDuration: 0,588s, TimeUntilOOM: 4,215s, TimeUntilGC: 3,627s, GCWorkers: 5
[4,419s][debug][gc,director    ] Rule Minor: High Usage, Free: 10808MB(88,0%)
[4,429s][debug][gc,director    ] Rule Major: Warmup 20%, Used: 1452MB, UsedThreshold: 2457MB
[4,429s][debug][gc,director    ] Select Minor GC Workers (Not Warm), GCWorkers: 5,000
[4,429s][debug][gc,director    ] Rule Minor: Allocation Rate (Dynamic GC Workers), MaxAllocRate: 500,7MB/s (+/-28,9%), Free: 10794MB, GCCPUTime: 2,913, GCDuration: 0,588s, TimeUntilOOM: 16,722s, TimeUntilGC: 16,134s, GCWorkers: 5
[4,429s][debug][gc,director    ] Select Minor GC Workers (Not Warm), GCWorkers: 5,000
[4,429s][debug][gc,director    ] Rule Minor: Allocation Rate (Dynamic GC Workers), MaxAllocRate: 1989,2MB/s (+/-28,9%), Free: 10794MB, GCCPUTime: 2,913, GCDuration: 0,588s, TimeUntilOOM: 4,209s, TimeUntilGC: 3,621s, GCWorkers: 5
[4,429s][debug][gc,director    ] Rule Minor: High Usage, Free: 10794MB(87,8%)
[4,440s][debug][gc,director    ] Rule Major: Warmup 20%, Used: 1468MB, UsedThreshold: 2457MB
[4,440s][debug][gc,director    ] Select Minor GC Workers (Not Warm), GCWorkers: 5,000
[4,440s][debug][gc,director    ] Rule Minor: Allocation Rate (Dynamic GC Workers), MaxAllocRate: 500,7MB/s (+/-28,9%), Free: 10778MB, GCCPUTime: 2,913, GCDuration: 0,588s, TimeUntilOOM: 16,697s, TimeUntilGC: 16,109s, GCWorkers: 5
[4,440s][debug][gc,director    ] Select Minor GC Workers (Not Warm), GCWorkers: 5,000
[4,440s][debug][gc,director    ] Rule Minor: Allocation Rate (Dynamic GC Workers), MaxAllocRate: 1989,2MB/s (+/-28,9%), Free: 10778MB, GCCPUTime: 2,913, GCDuration: 0,588s, TimeUntilOOM: 4,203s, TimeUntilGC: 3,615s, GCWorkers: 5
[4,440s][debug][gc,director    ] Rule Minor: High Usage, Free: 10778MB(87,7%)
[4,441s][debug][gc,alloc       ] Mutator Allocation Rate: 717,4MB/s Predicted: 770,6MB/s, Avg: 509,4(+/-148,1)MB/s
[4,441s][debug][gc,director    ] Rule Major: Warmup 20%, Used: 1472MB, UsedThreshold: 2457MB
[4,441s][debug][gc,director    ] Select Minor GC Workers (Not Warm), GCWorkers: 5,000
[4,441s][debug][gc,director    ] Rule Minor: Allocation Rate (Dynamic GC Workers), MaxAllocRate: 509,4MB/s (+/-29,1%), Free: 10774MB, GCCPUTime: 2,913, GCDuration: 0,588s, TimeUntilOOM: 16,387s, TimeUntilGC: 15,799s, GCWorkers: 5
[4,441s][debug][gc,director    ] Select Minor GC Workers (Not Warm), GCWorkers: 5,000
[4,442s][debug][gc,director    ] Rule Minor: Allocation Rate (Dynamic GC Workers), MaxAllocRate: 2028,4MB/s (+/-29,1%), Free: 10774MB, GCCPUTime: 2,913, GCDuration: 0,588s, TimeUntilOOM: 4,115s, TimeUntilGC: 3,527s, GCWorkers: 5
[4,442s][debug][gc,director    ] Rule Minor: High Usage, Free: 10774MB(87,7%)
[4,452s][debug][gc,director    ] Rule Major: Warmup 20%, Used: 1486MB, UsedThreshold: 2457MB
[4,452s][debug][gc,director    ] Select Minor GC Workers (Not Warm), GCWorkers: 5,000
[4,452s][debug][gc,director    ] Rule Minor: Allocation Rate (Dynamic GC Workers), MaxAllocRate: 509,4MB/s (+/-29,1%), Free: 10760MB, GCCPUTime: 2,913, GCDuration: 0,588s, TimeUntilOOM: 16,366s, TimeUntilGC: 15,778s, GCWorkers: 5
[4,452s][debug][gc,director    ] Select Minor GC Workers (Not Warm), GCWorkers: 5,000
[4,452s][debug][gc,director    ] Rule Minor: Allocation Rate (Dynamic GC Workers), MaxAllocRate: 2028,4MB/s (+/-29,1%), Free: 10760MB, GCCPUTime: 2,913, GCDuration: 0,588s, TimeUntilOOM: 4,110s, TimeUntilGC: 3,522s, GCWorkers: 5
[4,452s][debug][gc,director    ] Rule Minor: High Usage, Free: 10760MB(87,6%)
[4,457s][debug][gc,nmethod     ] Register NMethod: java.util.HashMap$KeySet.iterator (0x00007ab2a6cd3588) [0x00007ab2a6cd3680, 0x00007ab2a6cd3af0] Compiler: jvmci, Barriers: 10, Oops: 1, ImmediateOops: 0, NonImmediateOops: No
[4,462s][debug][gc,director    ] Rule Major: Warmup 20%, Used: 1500MB, UsedThreshold: 2457MB
[4,462s][debug][gc,director    ] Select Minor GC Workers (Not Warm), GCWorkers: 5,000
[4,462s][debug][gc,director    ] Rule Minor: Allocation Rate (Dynamic GC Workers), MaxAllocRate: 509,4MB/s (+/-29,1%), Free: 10746MB, GCCPUTime: 2,913, GCDuration: 0,588s, TimeUntilOOM: 16,344s, TimeUntilGC: 15,757s, GCWorkers: 5
[4,462s][debug][gc,director    ] Select Minor GC Workers (Not Warm), GCWorkers: 5,000
[4,462s][debug][gc,director    ] Rule Minor: Allocation Rate (Dynamic GC Workers), MaxAllocRate: 2028,4MB/s (+/-29,1%), Free: 10746MB, GCCPUTime: 2,913, GCDuration: 0,588s, TimeUntilOOM: 4,104s, TimeUntilGC: 3,517s, GCWorkers: 5
[4,462s][debug][gc,director    ] Rule Minor: High Usage, Free: 10746MB(87,5%)
[4,472s][debug][gc,director    ] Rule Major: Warmup 20%, Used: 1514MB, UsedThreshold: 2457MB
[4,472s][debug][gc,director    ] Select Minor GC Workers (Not Warm), GCWorkers: 5,000
[4,472s][debug][gc,director    ] Rule Minor: Allocation Rate (Dynamic GC Workers), MaxAllocRate: 509,4MB/s (+/-29,1%), Free: 10732MB, GCCPUTime: 2,913, GCDuration: 0,588s, TimeUntilOOM: 16,323s, TimeUntilGC: 15,736s, GCWorkers: 5
[4,472s][debug][gc,director    ] Select Minor GC Workers (Not Warm), GCWorkers: 5,000
[4,472s][debug][gc,director    ] Rule Minor: Allocation Rate (Dynamic GC Workers), MaxAllocRate: 2028,4MB/s (+/-29,1%), Free: 10732MB, GCCPUTime: 2,913, GCDuration: 0,588s, TimeUntilOOM: 4,099s, TimeUntilGC: 3,511s, GCWorkers: 5
[4,472s][debug][gc,director    ] Rule Minor: High Usage, Free: 10732MB(87,3%)
[4,482s][debug][gc,director    ] Rule Major: Warmup 20%, Used: 1530MB, UsedThreshold: 2457MB
[4,482s][debug][gc,director    ] Select Minor GC Workers (Not Warm), GCWorkers: 5,000
[4,482s][debug][gc,director    ] Rule Minor: Allocation Rate (Dynamic GC Workers), MaxAllocRate: 509,4MB/s (+/-29,1%), Free: 10716MB, GCCPUTime: 2,913, GCDuration: 0,588s, TimeUntilOOM: 16,299s, TimeUntilGC: 15,711s, GCWorkers: 5
[4,482s][debug][gc,director    ] Select Minor GC Workers (Not Warm), GCWorkers: 5,000
[4,482s][debug][gc,director    ] Rule Minor: Allocation Rate (Dynamic GC Workers), MaxAllocRate: 2028,4MB/s (+/-29,1%), Free: 10716MB, GCCPUTime: 2,913, GCDuration: 0,588s, TimeUntilOOM: 4,093s, TimeUntilGC: 3,505s, GCWorkers: 5
[4,482s][debug][gc,director    ] Rule Minor: High Usage, Free: 10716MB(87,2%)
[4,492s][debug][gc,director    ] Rule Major: Warmup 20%, Used: 1546MB, UsedThreshold: 2457MB
[4,492s][debug][gc,director    ] Select Minor GC Workers (Not Warm), GCWorkers: 5,000
[4,492s][debug][gc,director    ] Rule Minor: Allocation Rate (Dynamic GC Workers), MaxAllocRate: 509,4MB/s (+/-29,1%), Free: 10700MB, GCCPUTime: 2,913, GCDuration: 0,588s, TimeUntilOOM: 16,274s, TimeUntilGC: 15,687s, GCWorkers: 5
[4,492s][debug][gc,director    ] Select Minor GC Workers (Not Warm), GCWorkers: 5,000
[4,492s][debug][gc,director    ] Rule Minor: Allocation Rate (Dynamic GC Workers), MaxAllocRate: 2028,4MB/s (+/-29,1%), Free: 10700MB, GCCPUTime: 2,913, GCDuration: 0,588s, TimeUntilOOM: 4,087s, TimeUntilGC: 3,499s, GCWorkers: 5
[4,492s][debug][gc,director    ] Rule Minor: High Usage, Free: 10700MB(87,1%)
[4,503s][debug][gc,director    ] Rule Major: Warmup 20%, Used: 1560MB, UsedThreshold: 2457MB
[4,503s][debug][gc,director    ] Select Minor GC Workers (Not Warm), GCWorkers: 5,000
[4,503s][debug][gc,director    ] Rule Minor: Allocation Rate (Dynamic GC Workers), MaxAllocRate: 509,4MB/s (+/-29,1%), Free: 10686MB, GCCPUTime: 2,913, GCDuration: 0,588s, TimeUntilOOM: 16,253s, TimeUntilGC: 15,666s, GCWorkers: 5
[4,503s][debug][gc,director    ] Select Minor GC Workers (Not Warm), GCWorkers: 5,000
[4,503s][debug][gc,director    ] Rule Minor: Allocation Rate (Dynamic GC Workers), MaxAllocRate: 2028,4MB/s (+/-29,1%), Free: 10686MB, GCCPUTime: 2,913, GCDuration: 0,588s, TimeUntilOOM: 4,081s, TimeUntilGC: 3,494s, GCWorkers: 5
[4,503s][debug][gc,director    ] Rule Minor: High Usage, Free: 10686MB(87,0%)
[4,507s][debug][gc,alloc       ] Mutator Allocation Rate: 731,8MB/s Predicted: 784,7MB/s, Avg: 517,9(+/-151,4)MB/s
[4,507s][debug][gc,director    ] Rule Major: Warmup 20%, Used: 1568MB, UsedThreshold: 2457MB
[4,507s][debug][gc,director    ] Select Minor GC Workers (Not Warm), GCWorkers: 5,000
[4,507s][debug][gc,director    ] Rule Minor: Allocation Rate (Dynamic GC Workers), MaxAllocRate: 517,9MB/s (+/-29,2%), Free: 10678MB, GCCPUTime: 2,913, GCDuration: 0,588s, TimeUntilOOM: 15,954s, TimeUntilGC: 15,366s, GCWorkers: 5
[4,507s][debug][gc,director    ] Select Minor GC Workers (Not Warm), GCWorkers: 5,000
[4,507s][debug][gc,director    ] Rule Minor: Allocation Rate (Dynamic GC Workers), MaxAllocRate: 2067,5MB/s (+/-29,2%), Free: 10678MB, GCCPUTime: 2,913, GCDuration: 0,588s, TimeUntilOOM: 3,996s, TimeUntilGC: 3,409s, GCWorkers: 5
[4,507s][debug][gc,director    ] Rule Minor: High Usage, Free: 10678MB(86,9%)
[4,517s][debug][gc,director    ] Rule Major: Warmup 20%, Used: 1582MB, UsedThreshold: 2457MB
[4,517s][debug][gc,director    ] Select Minor GC Workers (Not Warm), GCWorkers: 5,000
[4,517s][debug][gc,director    ] Rule Minor: Allocation Rate (Dynamic GC Workers), MaxAllocRate: 517,9MB/s (+/-29,2%), Free: 10664MB, GCCPUTime: 2,913, GCDuration: 0,588s, TimeUntilOOM: 15,933s, TimeUntilGC: 15,345s, GCWorkers: 5
[4,517s][debug][gc,director    ] Select Minor GC Workers (Not Warm), GCWorkers: 5,000
[4,517s][debug][gc,director    ] Rule Minor: Allocation Rate (Dynamic GC Workers), MaxAllocRate: 2067,5MB/s (+/-29,2%), Free: 10664MB, GCCPUTime: 2,913, GCDuration: 0,588s, TimeUntilOOM: 3,991s, TimeUntilGC: 3,404s, GCWorkers: 5
[4,517s][debug][gc,director    ] Rule Minor: High Usage, Free: 10664MB(86,8%)
[4,527s][debug][gc,director    ] Rule Major: Warmup 20%, Used: 1598MB, UsedThreshold: 2457MB
[4,527s][debug][gc,director    ] Select Minor GC Workers (Not Warm), GCWorkers: 5,000
[4,527s][debug][gc,director    ] Rule Minor: Allocation Rate (Dynamic GC Workers), MaxAllocRate: 517,9MB/s (+/-29,2%), Free: 10648MB, GCCPUTime: 2,913, GCDuration: 0,588s, TimeUntilOOM: 15,909s, TimeUntilGC: 15,321s, GCWorkers: 5
[4,527s][debug][gc,director    ] Select Minor GC Workers (Not Warm), GCWorkers: 5,000
[4,527s][debug][gc,director    ] Rule Minor: Allocation Rate (Dynamic GC Workers), MaxAllocRate: 2067,5MB/s (+/-29,2%), Free: 10648MB, GCCPUTime: 2,913, GCDuration: 0,588s, TimeUntilOOM: 3,985s, TimeUntilGC: 3,398s, GCWorkers: 5
[4,527s][debug][gc,director    ] Rule Minor: High Usage, Free: 10648MB(86,7%)
[4,537s][debug][gc,nmethod     ] Register NMethod: io.sirix.service.xml.shredder.XmlShredder.insertNewContent (0x00007ab2a6eb7308) [0x00007ab2a6eb7400, 0x00007ab2a6ecb780] Compiler: jvmci, Barriers: 549, Oops: 17, ImmediateOops: 15, NonImmediateOops: No
[4,537s][debug][gc,director    ] Rule Major: Warmup 20%, Used: 1612MB, UsedThreshold: 2457MB
[4,538s][debug][gc,director    ] Select Minor GC Workers (Not Warm), GCWorkers: 5,000
[4,538s][debug][gc,director    ] Rule Minor: Allocation Rate (Dynamic GC Workers), MaxAllocRate: 517,9MB/s (+/-29,2%), Free: 10634MB, GCCPUTime: 2,913, GCDuration: 0,588s, TimeUntilOOM: 15,888s, TimeUntilGC: 15,300s, GCWorkers: 5
[4,538s][debug][gc,director    ] Select Minor GC Workers (Not Warm), GCWorkers: 5,000
[4,538s][debug][gc,director    ] Rule Minor: Allocation Rate (Dynamic GC Workers), MaxAllocRate: 2067,5MB/s (+/-29,2%), Free: 10634MB, GCCPUTime: 2,913, GCDuration: 0,588s, TimeUntilOOM: 3,980s, TimeUntilGC: 3,392s, GCWorkers: 5
[4,538s][debug][gc,director    ] Rule Minor: High Usage, Free: 10634MB(86,5%)
[4,548s][debug][gc,director    ] Rule Major: Warmup 20%, Used: 1628MB, UsedThreshold: 2457MB
[4,548s][debug][gc,director    ] Select Minor GC Workers (Not Warm), GCWorkers: 5,000
[4,548s][debug][gc,director    ] Rule Minor: Allocation Rate (Dynamic GC Workers), MaxAllocRate: 517,9MB/s (+/-29,2%), Free: 10618MB, GCCPUTime: 2,913, GCDuration: 0,588s, TimeUntilOOM: 15,864s, TimeUntilGC: 15,276s, GCWorkers: 5
[4,548s][debug][gc,director    ] Select Minor GC Workers (Not Warm), GCWorkers: 5,000
[4,548s][debug][gc,director    ] Rule Minor: Allocation Rate (Dynamic GC Workers), MaxAllocRate: 2067,5MB/s (+/-29,2%), Free: 10618MB, GCCPUTime: 2,913, GCDuration: 0,588s, TimeUntilOOM: 3,974s, TimeUntilGC: 3,386s, GCWorkers: 5
[4,548s][debug][gc,director    ] Rule Minor: High Usage, Free: 10618MB(86,4%)
[4,558s][debug][gc,director    ] Rule Major: Warmup 20%, Used: 1644MB, UsedThreshold: 2457MB
[4,558s][debug][gc,director    ] Select Minor GC Workers (Not Warm), GCWorkers: 5,000
[4,558s][debug][gc,director    ] Rule Minor: Allocation Rate (Dynamic GC Workers), MaxAllocRate: 517,9MB/s (+/-29,2%), Free: 10602MB, GCCPUTime: 2,913, GCDuration: 0,588s, TimeUntilOOM: 15,840s, TimeUntilGC: 15,252s, GCWorkers: 5
[4,558s][debug][gc,director    ] Select Minor GC Workers (Not Warm), GCWorkers: 5,000
[4,558s][debug][gc,director    ] Rule Minor: Allocation Rate (Dynamic GC Workers), MaxAllocRate: 2067,5MB/s (+/-29,2%), Free: 10602MB, GCCPUTime: 2,913, GCDuration: 0,588s, TimeUntilOOM: 3,968s, TimeUntilGC: 3,380s, GCWorkers: 5
[4,558s][debug][gc,director    ] Rule Minor: High Usage, Free: 10602MB(86,3%)
[4,568s][debug][gc,director    ] Rule Major: Warmup 20%, Used: 1660MB, UsedThreshold: 2457MB
[4,568s][debug][gc,director    ] Select Minor GC Workers (Not Warm), GCWorkers: 5,000
[4,568s][debug][gc,director    ] Rule Minor: Allocation Rate (Dynamic GC Workers), MaxAllocRate: 517,9MB/s (+/-29,2%), Free: 10586MB, GCCPUTime: 2,913, GCDuration: 0,588s, TimeUntilOOM: 15,816s, TimeUntilGC: 15,228s, GCWorkers: 5
[4,568s][debug][gc,director    ] Select Minor GC Workers (Not Warm), GCWorkers: 5,000
[4,568s][debug][gc,director    ] Rule Minor: Allocation Rate (Dynamic GC Workers), MaxAllocRate: 2067,5MB/s (+/-29,2%), Free: 10586MB, GCCPUTime: 2,913, GCDuration: 0,588s, TimeUntilOOM: 3,962s, TimeUntilGC: 3,374s, GCWorkers: 5
[4,568s][debug][gc,director    ] Rule Minor: High Usage, Free: 10586MB(86,1%)
[4,571s][debug][gc,alloc       ] Mutator Allocation Rate: 746,0MB/s Predicted: 798,7MB/s, Avg: 526,4(+/-154,7)MB/s
[4,571s][debug][gc,director    ] Rule Major: Warmup 20%, Used: 1664MB, UsedThreshold: 2457MB
[4,571s][debug][gc,director    ] Select Minor GC Workers (Not Warm), GCWorkers: 5,000
[4,571s][debug][gc,director    ] Rule Minor: Allocation Rate (Dynamic GC Workers), MaxAllocRate: 526,4MB/s (+/-29,4%), Free: 10582MB, GCCPUTime: 2,913, GCDuration: 0,588s, TimeUntilOOM: 15,538s, TimeUntilGC: 14,950s, GCWorkers: 5
[4,571s][debug][gc,director    ] Select Minor GC Workers (Not Warm), GCWorkers: 5,000
[4,571s][debug][gc,director    ] Rule Minor: Allocation Rate (Dynamic GC Workers), MaxAllocRate: 2106,4MB/s (+/-29,4%), Free: 10582MB, GCCPUTime: 2,913, GCDuration: 0,588s, TimeUntilOOM: 3,883s, TimeUntilGC: 3,295s, GCWorkers: 5
[4,571s][debug][gc,director    ] Rule Minor: High Usage, Free: 10582MB(86,1%)
[4,581s][debug][gc,director    ] Rule Major: Warmup 20%, Used: 1678MB, UsedThreshold: 2457MB
[4,581s][debug][gc,director    ] Select Minor GC Workers (Not Warm), GCWorkers: 5,000
[4,581s][debug][gc,director    ] Rule Minor: Allocation Rate (Dynamic GC Workers), MaxAllocRate: 526,4MB/s (+/-29,4%), Free: 10568MB, GCCPUTime: 2,913, GCDuration: 0,588s, TimeUntilOOM: 15,517s, TimeUntilGC: 14,930s, GCWorkers: 5
[4,581s][debug][gc,director    ] Select Minor GC Workers (Not Warm), GCWorkers: 5,000
[4,581s][debug][gc,director    ] Rule Minor: Allocation Rate (Dynamic GC Workers), MaxAllocRate: 2106,4MB/s (+/-29,4%), Free: 10568MB, GCCPUTime: 2,913, GCDuration: 0,588s, TimeUntilOOM: 3,878s, TimeUntilGC: 3,290s, GCWorkers: 5
[4,581s][debug][gc,director    ] Rule Minor: High Usage, Free: 10568MB(86,0%)
[4,591s][debug][gc,director    ] Rule Major: Warmup 20%, Used: 1694MB, UsedThreshold: 2457MB
[4,591s][debug][gc,director    ] Select Minor GC Workers (Not Warm), GCWorkers: 5,000
[4,591s][debug][gc,director    ] Rule Minor: Allocation Rate (Dynamic GC Workers), MaxAllocRate: 526,4MB/s (+/-29,4%), Free: 10552MB, GCCPUTime: 2,913, GCDuration: 0,588s, TimeUntilOOM: 15,494s, TimeUntilGC: 14,906s, GCWorkers: 5
[4,591s][debug][gc,director    ] Select Minor GC Workers (Not Warm), GCWorkers: 5,000
[4,591s][debug][gc,director    ] Rule Minor: Allocation Rate (Dynamic GC Workers), MaxAllocRate: 2106,4MB/s (+/-29,4%), Free: 10552MB, GCCPUTime: 2,913, GCDuration: 0,588s, TimeUntilOOM: 3,872s, TimeUntilGC: 3,284s, GCWorkers: 5
[4,591s][debug][gc,director    ] Rule Minor: High Usage, Free: 10552MB(85,9%)
[4,601s][debug][gc,director    ] Rule Major: Warmup 20%, Used: 1710MB, UsedThreshold: 2457MB
[4,601s][debug][gc,director    ] Select Minor GC Workers (Not Warm), GCWorkers: 5,000
[4,601s][debug][gc,director    ] Rule Minor: Allocation Rate (Dynamic GC Workers), MaxAllocRate: 526,4MB/s (+/-29,4%), Free: 10536MB, GCCPUTime: 2,913, GCDuration: 0,588s, TimeUntilOOM: 15,470s, TimeUntilGC: 14,883s, GCWorkers: 5
[4,601s][debug][gc,director    ] Select Minor GC Workers (Not Warm), GCWorkers: 5,000
[4,601s][debug][gc,director    ] Rule Minor: Allocation Rate (Dynamic GC Workers), MaxAllocRate: 2106,4MB/s (+/-29,4%), Free: 10536MB, GCCPUTime: 2,913, GCDuration: 0,588s, TimeUntilOOM: 3,866s, TimeUntilGC: 3,278s, GCWorkers: 5
[4,601s][debug][gc,director    ] Rule Minor: High Usage, Free: 10536MB(85,7%)
[4,611s][debug][gc,director    ] Rule Major: Warmup 20%, Used: 1726MB, UsedThreshold: 2457MB
[4,611s][debug][gc,director    ] Select Minor GC Workers (Not Warm), GCWorkers: 5,000
[4,611s][debug][gc,director    ] Rule Minor: Allocation Rate (Dynamic GC Workers), MaxAllocRate: 526,4MB/s (+/-29,4%), Free: 10520MB, GCCPUTime: 2,913, GCDuration: 0,588s, TimeUntilOOM: 15,447s, TimeUntilGC: 14,859s, GCWorkers: 5
[4,611s][debug][gc,director    ] Select Minor GC Workers (Not Warm), GCWorkers: 5,000
[4,611s][debug][gc,director    ] Rule Minor: Allocation Rate (Dynamic GC Workers), MaxAllocRate: 2106,4MB/s (+/-29,4%), Free: 10520MB, GCCPUTime: 2,913, GCDuration: 0,588s, TimeUntilOOM: 3,860s, TimeUntilGC: 3,272s, GCWorkers: 5
[4,611s][debug][gc,director    ] Rule Minor: High Usage, Free: 10520MB(85,6%)
[4,622s][debug][gc,director    ] Rule Major: Warmup 20%, Used: 1740MB, UsedThreshold: 2457MB
[4,622s][debug][gc,director    ] Select Minor GC Workers (Not Warm), GCWorkers: 5,000
[4,622s][debug][gc,director    ] Rule Minor: Allocation Rate (Dynamic GC Workers), MaxAllocRate: 526,4MB/s (+/-29,4%), Free: 10506MB, GCCPUTime: 2,913, GCDuration: 0,588s, TimeUntilOOM: 15,426s, TimeUntilGC: 14,838s, GCWorkers: 5
[4,622s][debug][gc,director    ] Select Minor GC Workers (Not Warm), GCWorkers: 5,000
[4,622s][debug][gc,director    ] Rule Minor: Allocation Rate (Dynamic GC Workers), MaxAllocRate: 2106,4MB/s (+/-29,4%), Free: 10506MB, GCCPUTime: 2,913, GCDuration: 0,588s, TimeUntilOOM: 3,855s, TimeUntilGC: 3,267s, GCWorkers: 5
[4,622s][debug][gc,director    ] Rule Minor: High Usage, Free: 10506MB(85,5%)
[4,632s][debug][gc,director    ] Rule Major: Warmup 20%, Used: 1756MB, UsedThreshold: 2457MB
[4,632s][debug][gc,director    ] Select Minor GC Workers (Not Warm), GCWorkers: 5,000
[4,632s][debug][gc,director    ] Rule Minor: Allocation Rate (Dynamic GC Workers), MaxAllocRate: 526,4MB/s (+/-29,4%), Free: 10490MB, GCCPUTime: 2,913, GCDuration: 0,588s, TimeUntilOOM: 15,403s, TimeUntilGC: 14,815s, GCWorkers: 5
[4,632s][debug][gc,director    ] Select Minor GC Workers (Not Warm), GCWorkers: 5,000
[4,632s][debug][gc,director    ] Rule Minor: Allocation Rate (Dynamic GC Workers), MaxAllocRate: 2106,4MB/s (+/-29,4%), Free: 10490MB, GCCPUTime: 2,913, GCDuration: 0,588s, TimeUntilOOM: 3,849s, TimeUntilGC: 3,261s, GCWorkers: 5
[4,632s][debug][gc,director    ] Rule Minor: High Usage, Free: 10490MB(85,4%)
[4,634s][debug][gc,alloc       ] Mutator Allocation Rate: 759,6MB/s Predicted: 812,6MB/s, Avg: 534,7(+/-157,9)MB/s
[4,634s][debug][gc,director    ] Rule Major: Warmup 20%, Used: 1760MB, UsedThreshold: 2457MB
[4,634s][debug][gc,director    ] Select Minor GC Workers (Not Warm), GCWorkers: 5,000
[4,634s][debug][gc,director    ] Rule Minor: Allocation Rate (Dynamic GC Workers), MaxAllocRate: 534,7MB/s (+/-29,5%), Free: 10486MB, GCCPUTime: 2,913, GCDuration: 0,588s, TimeUntilOOM: 15,139s, TimeUntilGC: 14,551s, GCWorkers: 5
[4,634s][debug][gc,director    ] Select Minor GC Workers (Not Warm), GCWorkers: 5,000
[4,634s][debug][gc,director    ] Rule Minor: Allocation Rate (Dynamic GC Workers), MaxAllocRate: 2144,9MB/s (+/-29,5%), Free: 10486MB, GCCPUTime: 2,913, GCDuration: 0,588s, TimeUntilOOM: 3,774s, TimeUntilGC: 3,186s, GCWorkers: 5
[4,634s][debug][gc,director    ] Rule Minor: High Usage, Free: 10486MB(85,3%)
[4,645s][debug][gc,director    ] Rule Major: Warmup 20%, Used: 1774MB, UsedThreshold: 2457MB
[4,645s][debug][gc,director    ] Select Minor GC Workers (Not Warm), GCWorkers: 5,000
[4,645s][debug][gc,director    ] Rule Minor: Allocation Rate (Dynamic GC Workers), MaxAllocRate: 534,7MB/s (+/-29,5%), Free: 10472MB, GCCPUTime: 2,913, GCDuration: 0,588s, TimeUntilOOM: 15,119s, TimeUntilGC: 14,531s, GCWorkers: 5
[4,645s][debug][gc,director    ] Select Minor GC Workers (Not Warm), GCWorkers: 5,000
[4,645s][debug][gc,director    ] Rule Minor: Allocation Rate (Dynamic GC Workers), MaxAllocRate: 2144,9MB/s (+/-29,5%), Free: 10472MB, GCCPUTime: 2,913, GCDuration: 0,588s, TimeUntilOOM: 3,769s, TimeUntilGC: 3,181s, GCWorkers: 5
[4,645s][debug][gc,director    ] Rule Minor: High Usage, Free: 10472MB(85,2%)
[4,655s][debug][gc,director    ] Rule Major: Warmup 20%, Used: 1788MB, UsedThreshold: 2457MB
[4,655s][debug][gc,director    ] Select Minor GC Workers (Not Warm), GCWorkers: 5,000
[4,655s][debug][gc,director    ] Rule Minor: Allocation Rate (Dynamic GC Workers), MaxAllocRate: 534,7MB/s (+/-29,5%), Free: 10458MB, GCCPUTime: 2,913, GCDuration: 0,588s, TimeUntilOOM: 15,099s, TimeUntilGC: 14,511s, GCWorkers: 5
[4,655s][debug][gc,director    ] Select Minor GC Workers (Not Warm), GCWorkers: 5,000
[4,655s][debug][gc,director    ] Rule Minor: Allocation Rate (Dynamic GC Workers), MaxAllocRate: 2144,9MB/s (+/-29,5%), Free: 10458MB, GCCPUTime: 2,913, GCDuration: 0,588s, TimeUntilOOM: 3,764s, TimeUntilGC: 3,176s, GCWorkers: 5
[4,655s][debug][gc,director    ] Rule Minor: High Usage, Free: 10458MB(85,1%)
[4,665s][debug][gc,director    ] Rule Major: Warmup 20%, Used: 1802MB, UsedThreshold: 2457MB
[4,665s][debug][gc,director    ] Select Minor GC Workers (Not Warm), GCWorkers: 5,000
[4,665s][debug][gc,director    ] Rule Minor: Allocation Rate (Dynamic GC Workers), MaxAllocRate: 534,7MB/s (+/-29,5%), Free: 10444MB, GCCPUTime: 2,913, GCDuration: 0,588s, TimeUntilOOM: 15,078s, TimeUntilGC: 14,491s, GCWorkers: 5
[4,665s][debug][gc,director    ] Select Minor GC Workers (Not Warm), GCWorkers: 5,000
[4,665s][debug][gc,director    ] Rule Minor: Allocation Rate (Dynamic GC Workers), MaxAllocRate: 2144,9MB/s (+/-29,5%), Free: 10444MB, GCCPUTime: 2,913, GCDuration: 0,588s, TimeUntilOOM: 3,759s, TimeUntilGC: 3,171s, GCWorkers: 5
[4,665s][debug][gc,director    ] Rule Minor: High Usage, Free: 10444MB(85,0%)
[4,675s][debug][gc,director    ] Rule Major: Warmup 20%, Used: 1816MB, UsedThreshold: 2457MB
[4,675s][debug][gc,director    ] Select Minor GC Workers (Not Warm), GCWorkers: 5,000
[4,675s][debug][gc,director    ] Rule Minor: Allocation Rate (Dynamic GC Workers), MaxAllocRate: 534,7MB/s (+/-29,5%), Free: 10430MB, GCCPUTime: 2,913, GCDuration: 0,588s, TimeUntilOOM: 15,058s, TimeUntilGC: 14,471s, GCWorkers: 5
[4,675s][debug][gc,director    ] Select Minor GC Workers (Not Warm), GCWorkers: 5,000
[4,675s][debug][gc,director    ] Rule Minor: Allocation Rate (Dynamic GC Workers), MaxAllocRate: 2144,9MB/s (+/-29,5%), Free: 10430MB, GCCPUTime: 2,913, GCDuration: 0,588s, TimeUntilOOM: 3,754s, TimeUntilGC: 3,166s, GCWorkers: 5
[4,675s][debug][gc,director    ] Rule Minor: High Usage, Free: 10430MB(84,9%)
[4,685s][debug][gc,director    ] Rule Major: Warmup 20%, Used: 1830MB, UsedThreshold: 2457MB
[4,685s][debug][gc,director    ] Select Minor GC Workers (Not Warm), GCWorkers: 5,000
[4,685s][debug][gc,director    ] Rule Minor: Allocation Rate (Dynamic GC Workers), MaxAllocRate: 534,7MB/s (+/-29,5%), Free: 10416MB, GCCPUTime: 2,913, GCDuration: 0,588s, TimeUntilOOM: 15,038s, TimeUntilGC: 14,450s, GCWorkers: 5
[4,685s][debug][gc,director    ] Select Minor GC Workers (Not Warm), GCWorkers: 5,000
[4,685s][debug][gc,director    ] Rule Minor: Allocation Rate (Dynamic GC Workers), MaxAllocRate: 2144,9MB/s (+/-29,5%), Free: 10416MB, GCCPUTime: 2,913, GCDuration: 0,588s, TimeUntilOOM: 3,749s, TimeUntilGC: 3,161s, GCWorkers: 5
[4,685s][debug][gc,director    ] Rule Minor: High Usage, Free: 10416MB(84,8%)
[4,688s][info ][gc             ] GC(2) Major Collection (System.gc())
[4,688s][info ][gc,task        ] GC(2) Using 5 Workers for Young Generation
[4,688s][info ][gc,task        ] GC(2) Using 5 Workers for Old Generation
[4,688s][debug][gc,heap        ] GC(2) Y: Heap Before GC invocations=2 (full 2):
[4,688s][debug][gc,heap        ] GC(2) Y:  ZHeap           used 1834M, capacity 5120M, max capacity 12288M
[4,688s][debug][gc,heap        ] GC(2) Y:   Cache          3286M (1)
[4,688s][debug][gc,heap        ] GC(2) Y:    size classes  2G (1)
[4,688s][debug][gc,nmethod     ] Register NMethod: java.util.concurrent.CountedCompleter.<init> (0x00007ab28753b888) [0x00007ab28753b980, 0x00007ab28753bbb0] Compiler: c1, Barriers: 3, Oops: 0, ImmediateOops: 0, NonImmediateOops: No
[4,688s][debug][gc,metaspace   ] GC(2) Y: Metaspace Before GC invocations=2 (full 2):
[4,688s][debug][gc,metaspace   ] GC(2) Y:  Metaspace       used 32066K, committed 32448K, reserved 1114112K
[4,688s][debug][gc,metaspace   ] GC(2) Y:   class space    used 2573K, committed 2752K, reserved 1048576K
[4,688s][info ][gc,phases      ] GC(2) Y: Young Generation (Promote All)
[4,688s][debug][gc,nmethod     ] Register NMethod: java.util.concurrent.CountedCompleter.addToPendingCount (0x00007ab287439788) [0x00007ab287439880, 0x00007ab287439988] Compiler: c1, Barriers: 0, Oops: 0, ImmediateOops: 0, NonImmediateOops: No
[4,688s][debug][gc,reloc       ] Synchronize all workers 1 _nworkers: 0 _nsynchronized: 0
[4,688s][debug][gc,reloc       ] Synchronize all workers 1 _nworkers: 0 _nsynchronized: 0
[4,688s][debug][gc,nmethod     ] Register NMethod: java.util.ArrayList$ArrayListSpliterator.trySplit (0x00007ab2874e8b08) [0x00007ab2874e8c00, 0x00007ab2874e8ef8] Compiler: c1, Barriers: 0, Oops: 0, ImmediateOops: 0, NonImmediateOops: No
[4,690s][debug][gc,phases,start] GC(2) Y: Pause Mark Start
[4,690s][debug][gc,tlab        ] GC(2) Y: TLAB usage update: used 1038M -> 1440M, capacity: 464M -> 756M
[4,690s][debug][gc,marking     ] GC(2) Y: Using 4 mark stripes
[4,690s][debug][gc,marking     ] GC(2) Y: Mark Worker/Stripe Distribution
[4,690s][debug][gc,marking     ] GC(2) Y:   Worker 0(5) -> Stripe 0(4)
[4,690s][debug][gc,marking     ] GC(2) Y:   Worker 1(5) -> Stripe 1(4)
[4,690s][debug][gc,marking     ] GC(2) Y:   Worker 2(5) -> Stripe 2(4)
[4,690s][debug][gc,marking     ] GC(2) Y:   Worker 3(5) -> Stripe 3(4)
[4,691s][debug][gc,marking     ] GC(2) Y:   Worker 4(5) -> Stripe 0(4)
[4,691s][info ][gc,phases      ] GC(2) Y: Pause Mark Start 0,122ms
[4,691s][debug][gc,reloc       ] Desynchronize all workers _nworkers: 0 _nsynchronized: 0
[4,691s][debug][gc,reloc       ] Desynchronize all workers _nworkers: 0 _nsynchronized: 0
[4,691s][debug][gc,phases,start] GC(2) Y: Concurrent Mark
[4,691s][debug][gc,phases,start] GC(2) Y: Concurrent Mark Roots
[4,691s][debug][gc,task        ] GC(2) Y: Executing ZMarkYoungRootsTask using ZWorkerYoung with 5 workers
[4,691s][debug][gc,nmethod     ] Register NMethod: jdk.internal.foreign.ArenaImpl.allocate (0x00007ab28756cc88) [0x00007ab28756cd80, 0x00007ab28756d078] Compiler: c1, Barriers: 0, Oops: 0, ImmediateOops: 0, NonImmediateOops: No
[4,691s][debug][gc,marking     ] Resurrection broke termination
[4,691s][debug][gc,nmethod     ] Register NMethod: java.util.concurrent.ForkJoinTask.fork (0x00007ab2880b9f88) [0x00007ab2880ba080, 0x00007ab2880baab8] Compiler: c1, Barriers: 3, Oops: 1, ImmediateOops: 1, NonImmediateOops: No
[4,691s][debug][gc,nmethod     ] Register NMethod: java.util.ArrayList$ArrayListSpliterator.trySplit (0x00007ab287638288) [0x00007ab287638380, 0x00007ab287638910] Compiler: c1, Barriers: 5, Oops: 0, ImmediateOops: 0, NonImmediateOops: No
[4,691s][debug][gc,nmethod     ] Register NMethod: java.util.stream.ForEachOps$ForEachTask.<init> (0x00007ab287455f88) [0x00007ab287456080, 0x00007ab2874564e8] Compiler: c1, Barriers: 14, Oops: 0, ImmediateOops: 0, NonImmediateOops: No
[4,691s][debug][gc,nmethod     ] Register NMethod: java.util.concurrent.CountedCompleter.exec (0x00007ab287450a88) [0x00007ab287450b80, 0x00007ab287450cd0] Compiler: c1, Barriers: 0, Oops: 0, ImmediateOops: 0, NonImmediateOops: No
[4,691s][debug][gc,nmethod     ] Register NMethod: jdk.internal.foreign.SegmentFactories.allocateNativeSegment (0x00007ab28770a788) [0x00007ab28770a880, 0x00007ab28770ae40] Compiler: c1, Barriers: 3, Oops: 0, ImmediateOops: 1, NonImmediateOops: No
[4,691s][debug][gc,nmethod     ] Register NMethod: java.util.stream.ForEachOps$ForEachTask.compute (0x00007ab287a5d388) [0x00007ab287a5d480, 0x00007ab287a5f318] Compiler: c1, Barriers: 21, Oops: 1, ImmediateOops: 1, NonImmediateOops: No
[4,692s][debug][gc,nmethod     ] Register NMethod: jdk.internal.foreign.MemorySessionImpl.checkValidState (0x00007ab2a6cd3108) [0x00007ab2a6cd3200, 0x00007ab2a6cd3378] Compiler: jvmci, Barriers: 2, Oops: 0, ImmediateOops: 0, NonImmediateOops: No
[4,692s][debug][gc,nmethod     ] Register NMethod: jdk.internal.misc.VM.isDirectMemoryPageAligned (0x00007ab2a6d8c208) [0x00007ab2a6d8c300, 0x00007ab2a6d8c368] Compiler: jvmci, Barriers: 0, Oops: 0, ImmediateOops: 0, NonImmediateOops: No
[4,692s][debug][gc,nmethod     ] Register NMethod: jdk.internal.foreign.SegmentFactories.allocateNativeInternal (0x00007ab287aaaa88) [0x00007ab287aaab80, 0x00007ab287aadfc8] Compiler: c1, Barriers: 3, Oops: 3, ImmediateOops: 11, NonImmediateOops: No
[4,692s][debug][gc,nmethod     ] Register NMethod: jdk.internal.foreign.Utils.alignUp (0x00007ab2a6d8bf08) [0x00007ab2a6d8c000, 0x00007ab2a6d8c070] Compiler: jvmci, Barriers: 0, Oops: 0, ImmediateOops: 0, NonImmediateOops: No
[4,693s][debug][gc,tlab        ] GC(2) Y: TLAB totals: thrds: 26  refills: 4534 max: 3140 slow allocs: 1864 max 1816 waste:  0,5% gc: 2664912B max: 239656B slow: 3567984B max: 2012304B
[4,693s][debug][gc,phases      ] GC(2) Y: Concurrent Mark Roots 1,941ms
[4,693s][debug][gc,phases,start] GC(2) Y: Concurrent Mark Follow
[4,693s][debug][gc,marking     ] GC(2) Y: Using 4 mark stripes
[4,693s][debug][gc,task        ] GC(2) Y: Executing ZRememberedScanMarkFollowTask using ZWorkerYoung with 5 workers
[4,693s][debug][gc,nmethod     ] Register NMethod: jdk.internal.foreign.Utils.checkAllocationSizeAndAlign (0x00007ab2a6d8bc08) [0x00007ab2a6d8bd00, 0x00007ab2a6d8bdc8] Compiler: jvmci, Barriers: 0, Oops: 0, ImmediateOops: 0, NonImmediateOops: No
[4,694s][debug][gc,nmethod     ] Register NMethod: jdk.internal.foreign.SegmentFactories$1.<init> (0x00007ab2a6d8b908) [0x00007ab2a6d8ba20, 0x00007ab2a6d8bab8] Compiler: jvmci, Barriers: 0, Oops: 0, ImmediateOops: 0, NonImmediateOops: No
[4,694s][debug][gc,nmethod     ] Register NMethod: jdk.internal.foreign.SegmentFactories.allocateMemoryWrapper (0x00007ab2a6d8b388) [0x00007ab2a6d8b480, 0x00007ab2a6d8b5b0] Compiler: jvmci, Barriers: 0, Oops: 0, ImmediateOops: 1, NonImmediateOops: No
[4,695s][debug][gc,director    ] Select Minor GC Workers (Not Warm), GCWorkers: 5,000
[4,695s][debug][gc,director    ] Rule Minor: Allocation Rate (Dynamic GC Workers), MaxAllocRate: 534,7MB/s (+/-29,5%), Free: 10410MB, GCCPUTime: 2,913, GCDuration: 0,588s, TimeUntilOOM: 15,029s, TimeUntilGC: 14,442s, GCWorkers: 5
[4,704s][debug][gc,nmethod     ] Register NMethod: jdk.internal.foreign.SegmentBulkOperations.copy (0x00007ab2a6db3488) [0x00007ab2a6db3580, 0x00007ab2a6db43d8] Compiler: jvmci, Barriers: 27, Oops: 0, ImmediateOops: 0, NonImmediateOops: No
[4,706s][debug][gc,director    ] Select Minor GC Workers (Not Warm), GCWorkers: 5,000
[4,706s][debug][gc,director    ] Rule Minor: Allocation Rate (Dynamic GC Workers), MaxAllocRate: 534,7MB/s (+/-29,5%), Free: 10410MB, GCCPUTime: 2,913, GCDuration: 0,588s, TimeUntilOOM: 15,029s, TimeUntilGC: 14,442s, GCWorkers: 5
[4,716s][debug][gc,director    ] Select Minor GC Workers (Not Warm), GCWorkers: 5,000
[4,716s][debug][gc,director    ] Rule Minor: Allocation Rate (Dynamic GC Workers), MaxAllocRate: 534,7MB/s (+/-29,5%), Free: 10410MB, GCCPUTime: 2,913, GCDuration: 0,588s, TimeUntilOOM: 15,029s, TimeUntilGC: 14,442s, GCWorkers: 5
[4,726s][debug][gc,director    ] Select Minor GC Workers (Not Warm), GCWorkers: 5,000
[4,726s][debug][gc,director    ] Rule Minor: Allocation Rate (Dynamic GC Workers), MaxAllocRate: 534,7MB/s (+/-29,5%), Free: 10410MB, GCCPUTime: 2,913, GCDuration: 0,588s, TimeUntilOOM: 15,029s, TimeUntilGC: 14,442s, GCWorkers: 5
[4,736s][debug][gc,director    ] Select Minor GC Workers (Not Warm), GCWorkers: 5,000
[4,736s][debug][gc,director    ] Rule Minor: Allocation Rate (Dynamic GC Workers), MaxAllocRate: 534,7MB/s (+/-29,5%), Free: 10410MB, GCCPUTime: 2,913, GCDuration: 0,588s, TimeUntilOOM: 15,029s, TimeUntilGC: 14,442s, GCWorkers: 5
[4,746s][debug][gc,director    ] Select Minor GC Workers (Not Warm), GCWorkers: 5,000
[4,746s][debug][gc,director    ] Rule Minor: Allocation Rate (Dynamic GC Workers), MaxAllocRate: 534,7MB/s (+/-29,5%), Free: 10408MB, GCCPUTime: 2,913, GCDuration: 0,588s, TimeUntilOOM: 15,026s, TimeUntilGC: 14,439s, GCWorkers: 5
[4,756s][debug][gc,director    ] Select Minor GC Workers (Not Warm), GCWorkers: 5,000
[4,756s][debug][gc,director    ] Rule Minor: Allocation Rate (Dynamic GC Workers), MaxAllocRate: 534,7MB/s (+/-29,5%), Free: 10406MB, GCCPUTime: 2,913, GCDuration: 0,588s, TimeUntilOOM: 15,024s, TimeUntilGC: 14,436s, GCWorkers: 5
[4,766s][debug][gc,director    ] Select Minor GC Workers (Not Warm), GCWorkers: 5,000
[4,766s][debug][gc,director    ] Rule Minor: Allocation Rate (Dynamic GC Workers), MaxAllocRate: 534,7MB/s (+/-29,5%), Free: 10406MB, GCCPUTime: 2,913, GCDuration: 0,588s, TimeUntilOOM: 15,024s, TimeUntilGC: 14,436s, GCWorkers: 5
[4,777s][debug][gc,director    ] Select Minor GC Workers (Not Warm), GCWorkers: 5,000
[4,777s][debug][gc,director    ] Rule Minor: Allocation Rate (Dynamic GC Workers), MaxAllocRate: 534,7MB/s (+/-29,5%), Free: 10406MB, GCCPUTime: 2,913, GCDuration: 0,588s, TimeUntilOOM: 15,024s, TimeUntilGC: 14,436s, GCWorkers: 5
[4,787s][debug][gc,director    ] Select Minor GC Workers (Not Warm), GCWorkers: 5,000
[4,787s][debug][gc,director    ] Rule Minor: Allocation Rate (Dynamic GC Workers), MaxAllocRate: 534,7MB/s (+/-29,5%), Free: 10406MB, GCCPUTime: 2,913, GCDuration: 0,588s, TimeUntilOOM: 15,024s, TimeUntilGC: 14,436s, GCWorkers: 5
[4,788s][debug][gc,marking     ] GC(2) Y: Using 2 mark stripes
[4,788s][debug][gc,marking     ] GC(2) Y: Using 1 mark stripes
[4,792s][debug][gc,remset      ] GC(2) Y: Remset forwarding retained: 0,000ms count: 0 ZWorkerYoung#4
[4,792s][debug][gc,remset      ] GC(2) Y: Remset forwarding released: 0,000ms count: 0 ZWorkerYoung#4
[4,792s][debug][gc,remset      ] GC(2) Y: Remset forwarding retained: 0,000ms count: 0 ZWorkerYoung#2
[4,792s][debug][gc,remset      ] GC(2) Y: Remset forwarding released: 0,000ms count: 0 ZWorkerYoung#2
[4,792s][debug][gc,remset      ] GC(2) Y: Remset forwarding retained: 0,000ms count: 0 ZWorkerYoung#0
[4,792s][debug][gc,remset      ] GC(2) Y: Remset forwarding released: 0,000ms count: 0 ZWorkerYoung#0
[4,792s][debug][gc,remset      ] GC(2) Y: Remset forwarding retained: 0,000ms count: 0 ZWorkerYoung#1
[4,792s][debug][gc,remset      ] GC(2) Y: Remset forwarding released: 0,000ms count: 0 ZWorkerYoung#1
[4,792s][debug][gc,remset      ] GC(2) Y: Remset forwarding retained: 0,000ms count: 0 ZWorkerYoung#3
[4,792s][debug][gc,remset      ] GC(2) Y: Remset forwarding released: 0,000ms count: 0 ZWorkerYoung#3
[4,792s][debug][gc,marking     ] GC(2) Y: Try terminate after resurrection
[4,792s][debug][gc,phases      ] GC(2) Y: Concurrent Mark Follow 99,695ms
[4,792s][info ][gc,phases      ] GC(2) Y: Concurrent Mark 101,666ms
[4,792s][debug][gc,reloc       ] Synchronize all workers 1 _nworkers: 0 _nsynchronized: 0
[4,792s][debug][gc,reloc       ] Synchronize all workers 1 _nworkers: 0 _nsynchronized: 0
[4,792s][debug][gc,phases,start] GC(2) Y: Pause Mark End
[4,792s][info ][gc,phases      ] GC(2) Y: Pause Mark End 0,021ms
[4,792s][debug][gc,reloc       ] Desynchronize all workers _nworkers: 0 _nsynchronized: 0
[4,792s][debug][gc,reloc       ] Desynchronize all workers _nworkers: 0 _nsynchronized: 0
[4,792s][debug][gc,phases,start] GC(2) Y: Concurrent Mark Free
[4,792s][info ][gc,phases      ] GC(2) Y: Concurrent Mark Free 0,009ms
[4,792s][debug][gc,phases,start] GC(2) Y: Concurrent Reset Relocation Set
[4,792s][info ][gc,phases      ] GC(2) Y: Concurrent Reset Relocation Set 0,051ms
[4,792s][debug][gc,phases,start] GC(2) Y: Concurrent Select Relocation Set
[4,793s][debug][gc,reloc       ] GC(2) Y: Relocation Set (Medium Pages): 0->0, 0 skipped, 0 forwarding entries
[4,793s][debug][gc,reloc       ] GC(2) Y: Relocation Set (Small Pages): 788->156, 6 skipped, 14038892 forwarding entries
[4,793s][info ][gc,reloc       ] GC(2) Y: Using tenuring threshold: 0 (Promote All)
[4,793s][debug][gc,task        ] GC(2) Y: Executing ZRelocationSetInstallTask using ZWorkerYoung with 5 workers
[4,797s][debug][gc,director    ] Select Minor GC Workers (Not Warm), GCWorkers: 5,000
[4,797s][debug][gc,director    ] Rule Minor: Allocation Rate (Dynamic GC Workers), MaxAllocRate: 534,7MB/s (+/-29,5%), Free: 10428MB, GCCPUTime: 2,913, GCDuration: 0,588s, TimeUntilOOM: 15,055s, TimeUntilGC: 14,468s, GCWorkers: 5
[4,802s][debug][gc,nmethod     ] Register NMethod: io.sirix.service.xml.shredder.XmlShredder.insertNewContent (0x00007ab2a6ecb888) [0x00007ab2a6ecb980, 0x00007ab2a6ed8e08] Compiler: jvmci, Barriers: 352, Oops: 13, ImmediateOops: 9, NonImmediateOops: No
[4,807s][debug][gc,director    ] Select Minor GC Workers (Not Warm), GCWorkers: 5,000
[4,807s][debug][gc,director    ] Rule Minor: Allocation Rate (Dynamic GC Workers), MaxAllocRate: 534,7MB/s (+/-29,5%), Free: 10428MB, GCCPUTime: 2,913, GCDuration: 0,588s, TimeUntilOOM: 15,055s, TimeUntilGC: 14,468s, GCWorkers: 5
[4,817s][debug][gc,director    ] Select Minor GC Workers (Not Warm), GCWorkers: 5,000
[4,817s][debug][gc,director    ] Rule Minor: Allocation Rate (Dynamic GC Workers), MaxAllocRate: 534,7MB/s (+/-29,5%), Free: 10428MB, GCCPUTime: 2,913, GCDuration: 0,588s, TimeUntilOOM: 15,055s, TimeUntilGC: 14,468s, GCWorkers: 5
[4,827s][debug][gc,director    ] Select Minor GC Workers (Not Warm), GCWorkers: 5,000
[4,827s][debug][gc,director    ] Rule Minor: Allocation Rate (Dynamic GC Workers), MaxAllocRate: 534,7MB/s (+/-29,5%), Free: 10428MB, GCCPUTime: 2,913, GCDuration: 0,588s, TimeUntilOOM: 15,055s, TimeUntilGC: 14,468s, GCWorkers: 5
[4,836s][debug][gc,task        ] GC(2) Y: Executing ZPromotePagesTask using ZWorkerYoung with 5 workers
[4,837s][debug][gc,task        ] GC(2) Y: Executing ZPromotePagesTask using ZWorkerYoung with 5 workers
[4,837s][debug][gc,task        ] GC(2) Y: Executing ZPromotePagesTask using ZWorkerYoung with 5 workers
[4,837s][info ][gc,phases      ] GC(2) Y: Concurrent Select Relocation Set 44,631ms
[4,837s][debug][gc,reloc       ] Synchronize all workers 1 _nworkers: 0 _nsynchronized: 0
[4,837s][debug][gc,reloc       ] Synchronize all workers 1 _nworkers: 0 _nsynchronized: 0
[4,837s][debug][gc,phases,start] GC(2) Y: Pause Relocate Start
[4,837s][debug][gc,reloc       ] GC(2) Y: Joining workers: 5
[4,837s][info ][gc,phases      ] GC(2) Y: Pause Relocate Start 0,027ms
[4,837s][debug][gc,reloc       ] Desynchronize all workers _nworkers: 0 _nsynchronized: 0
[4,837s][debug][gc,reloc       ] Desynchronize all workers _nworkers: 5 _nsynchronized: 0
[4,837s][debug][gc,director    ] Select Minor GC Workers (Not Warm), GCWorkers: 5,000
[4,837s][debug][gc,director    ] Rule Minor: Allocation Rate (Dynamic GC Workers), MaxAllocRate: 534,7MB/s (+/-29,5%), Free: 10428MB, GCCPUTime: 2,913, GCDuration: 0,588s, TimeUntilOOM: 15,055s, TimeUntilGC: 14,468s, GCWorkers: 5
[4,837s][debug][gc,phases,start] GC(2) Y: Concurrent Relocate
[4,837s][debug][gc,task        ] GC(2) Y: Executing ZRelocateStoreBufferInstallBasePointersTask using ZWorkerYoung with 5 workers
[4,837s][debug][gc,task        ] GC(2) Y: Executing ZRelocateTask using ZWorkerYoung with 5 workers
[4,847s][debug][gc,director    ] Select Minor GC Workers (Not Warm), GCWorkers: 5,000
[4,847s][debug][gc,director    ] Rule Minor: Allocation Rate (Dynamic GC Workers), MaxAllocRate: 534,7MB/s (+/-29,5%), Free: 10882MB, GCCPUTime: 2,913, GCDuration: 0,588s, TimeUntilOOM: 15,711s, TimeUntilGC: 15,123s, GCWorkers: 5
[4,857s][debug][gc,director    ] Select Minor GC Workers (Not Warm), GCWorkers: 5,000
[4,857s][debug][gc,director    ] Rule Minor: Allocation Rate (Dynamic GC Workers), MaxAllocRate: 534,7MB/s (+/-29,5%), Free: 11038MB, GCCPUTime: 2,913, GCDuration: 0,588s, TimeUntilOOM: 15,936s, TimeUntilGC: 15,348s, GCWorkers: 5
[4,868s][debug][gc,director    ] Select Minor GC Workers (Not Warm), GCWorkers: 5,000
[4,868s][debug][gc,director    ] Rule Minor: Allocation Rate (Dynamic GC Workers), MaxAllocRate: 534,7MB/s (+/-29,5%), Free: 11176MB, GCCPUTime: 2,913, GCDuration: 0,588s, TimeUntilOOM: 16,135s, TimeUntilGC: 15,548s, GCWorkers: 5
[4,878s][debug][gc,director    ] Select Minor GC Workers (Not Warm), GCWorkers: 5,000
[4,878s][debug][gc,director    ] Rule Minor: Allocation Rate (Dynamic GC Workers), MaxAllocRate: 534,7MB/s (+/-29,5%), Free: 11324MB, GCCPUTime: 2,913, GCDuration: 0,588s, TimeUntilOOM: 16,349s, TimeUntilGC: 15,761s, GCWorkers: 5
[4,888s][debug][gc,director    ] Select Minor GC Workers (Not Warm), GCWorkers: 5,000
[4,888s][debug][gc,director    ] Rule Minor: Allocation Rate (Dynamic GC Workers), MaxAllocRate: 534,7MB/s (+/-29,5%), Free: 11450MB, GCCPUTime: 2,913, GCDuration: 0,588s, TimeUntilOOM: 16,531s, TimeUntilGC: 15,943s, GCWorkers: 5
[4,898s][debug][gc,director    ] Select Minor GC Workers (Not Warm), GCWorkers: 5,000
[4,898s][debug][gc,director    ] Rule Minor: Allocation Rate (Dynamic GC Workers), MaxAllocRate: 534,7MB/s (+/-29,5%), Free: 11574MB, GCCPUTime: 2,913, GCDuration: 0,588s, TimeUntilOOM: 16,710s, TimeUntilGC: 16,122s, GCWorkers: 5
[4,908s][debug][gc,director    ] Select Minor GC Workers (Not Warm), GCWorkers: 5,000
[4,908s][debug][gc,director    ] Rule Minor: Allocation Rate (Dynamic GC Workers), MaxAllocRate: 534,7MB/s (+/-29,5%), Free: 11660MB, GCCPUTime: 2,913, GCDuration: 0,588s, TimeUntilOOM: 16,834s, TimeUntilGC: 16,246s, GCWorkers: 5
[4,918s][debug][gc,director    ] Select Minor GC Workers (Not Warm), GCWorkers: 5,000
[4,918s][debug][gc,director    ] Rule Minor: Allocation Rate (Dynamic GC Workers), MaxAllocRate: 534,7MB/s (+/-29,5%), Free: 11694MB, GCCPUTime: 2,913, GCDuration: 0,588s, TimeUntilOOM: 16,883s, TimeUntilGC: 16,295s, GCWorkers: 5
[4,927s][debug][gc,reloc       ] GC(2) Y: Leaving workers: left: 4 _synchronize: 0 _nsynchronized: 0
[4,927s][debug][gc,reloc       ] GC(2) Y: Leaving workers: left: 3 _synchronize: 0 _nsynchronized: 0
[4,928s][debug][gc,reloc       ] GC(2) Y: Leaving workers: left: 2 _synchronize: 0 _nsynchronized: 0
[4,928s][debug][gc,reloc       ] GC(2) Y: Leaving workers: left: 1 _synchronize: 0 _nsynchronized: 0
[4,928s][debug][gc,reloc       ] GC(2) Y: Leaving workers: left: 0 _synchronize: 0 _nsynchronized: 0
[4,928s][debug][gc,director    ] Select Minor GC Workers (Not Warm), GCWorkers: 5,000
[4,928s][debug][gc,director    ] Rule Minor: Allocation Rate (Dynamic GC Workers), MaxAllocRate: 534,7MB/s (+/-29,5%), Free: 11724MB, GCCPUTime: 2,913, GCDuration: 0,588s, TimeUntilOOM: 16,926s, TimeUntilGC: 16,339s, GCWorkers: 5
[4,928s][debug][gc,phases,start] GC(2) Y: Concurrent Relocate Remset FP
[4,928s][debug][gc,task        ] GC(2) Y: Executing ZRelocateAddRemsetForFlipPromoted using ZWorkerYoung with 5 workers
[4,931s][debug][gc,phases      ] GC(2) Y: Concurrent Relocate Remset FP 2,203ms
[4,931s][info ][gc,phases      ] GC(2) Y: Concurrent Relocate 93,306ms
[4,931s][debug][gc,heap        ] GC(2) Y: Heap After GC invocations=3 (full 2):
[4,931s][debug][gc,heap        ] GC(2) Y:  ZHeap           used 522M, capacity 5120M, max capacity 12288M
[4,931s][debug][gc,heap        ] GC(2) Y:   Cache          4598M (19)
[4,931s][debug][gc,heap        ] GC(2) Y:    size classes  2M (5), 4M (6), 8M (4), 64M (1), 256M (1), 512M (1), 2G (1)
[4,931s][debug][gc,metaspace   ] GC(2) Y: Metaspace After GC invocations=3 (full 2):
[4,931s][debug][gc,metaspace   ] GC(2) Y:  Metaspace       used 32068K, committed 32448K, reserved 1114112K
[4,931s][debug][gc,metaspace   ] GC(2) Y:   class space    used 2573K, committed 2752K, reserved 1048576K
[4,931s][info ][gc,alloc       ] GC(2) Y:                         Mark Start        Mark End      Relocate Start    Relocate End   
[4,931s][info ][gc,alloc       ] GC(2) Y: Allocation Stalls:          0                0                0                0         
[4,931s][info ][gc,load        ] GC(2) Y: Load: 4,74 (24%) / 3,71 (19%) / 2,91 (15%)
[4,931s][info ][gc,mmu         ] GC(2) Y: MMU: 2ms/90,6%, 5ms/96,3%, 10ms/98,1%, 20ms/99,1%, 50ms/99,6%, 100ms/99,8%
[4,931s][info ][gc,marking     ] GC(2) Y: Mark: 4 stripe(s), 10 proactive flush(es), 1 terminate flush(es), 0 completion(s), 0 continuation(s) 
[4,931s][info ][gc,nmethod     ] GC(2) Y: NMethods: 4554 registered, 689 unregistered
[4,931s][info ][gc,metaspace   ] GC(2) Y: Metaspace: 31M used, 31M committed, 1088M reserved
[4,931s][info ][gc,reloc       ] GC(2) Y:                        Candidates     Selected     In-Place         Size        Empty    Relocated 
[4,931s][info ][gc,reloc       ] GC(2) Y: Small Pages:                  806          632            0        1612M          22M         194M 
[4,931s][info ][gc,reloc       ] GC(2) Y: Medium Pages:                   0            0            0           0M           0M           0M 
[4,931s][info ][gc,reloc       ] GC(2) Y: Large Pages:                    0            0            0           0M           0M           0M 
[4,931s][info ][gc,reloc       ] GC(2) Y: Forwarding Usage: 107M
[4,931s][info ][gc,reloc       ] GC(2) Y: Age Table:
[4,931s][info ][gc,reloc       ] GC(2) Y:                    Live             Garbage             Small              Medium             Large        
[4,931s][info ][gc,reloc       ] GC(2) Y: Eden             204M (2%)         1235M (10%)        720 / 592            0 / 0              0 / 0        
[4,931s][info ][gc,reloc       ] GC(2) Y: Survivor 1        77M (1%)           94M (1%)          86 / 40             0 / 0              0 / 0        
[4,931s][info ][gc,heap        ] GC(2) Y: Min Capacity: 5120M(42%)
[4,931s][info ][gc,heap        ] GC(2) Y: Max Capacity: 12288M(100%)
[4,931s][info ][gc,heap        ] GC(2) Y: Soft Max Capacity: 12288M(100%)
[4,931s][info ][gc,heap        ] GC(2) Y: Heap Statistics:
[4,931s][info ][gc,heap        ] GC(2) Y:                Mark Start          Mark End        Relocate Start      Relocate End           High               Low         
[4,931s][info ][gc,heap        ] GC(2) Y:  Capacity:     5120M (42%)        5120M (42%)        5120M (42%)        5120M (42%)        5120M (42%)        5120M (42%)    
[4,931s][info ][gc,heap        ] GC(2) Y:      Free:    10454M (85%)       10448M (85%)       10470M (85%)       11766M (96%)       11766M (96%)       10448M (85%)    
[4,931s][info ][gc,heap        ] GC(2) Y:      Used:     1834M (15%)        1840M (15%)        1818M (15%)         522M (4%)         1840M (15%)         522M (4%)     
[4,931s][info ][gc,heap        ] GC(2) Y: Young Generation Statistics:
[4,931s][info ][gc,heap        ] GC(2) Y:                Mark Start          Mark End        Relocate Start      Relocate End    
[4,931s][info ][gc,heap        ] GC(2) Y:      Used:     1612M (13%)        1618M (13%)        1582M (13%)           6M (0%)     
[4,931s][info ][gc,heap        ] GC(2) Y:      Live:         -               282M (2%)          272M (2%)            0M (0%)     
[4,931s][info ][gc,heap        ] GC(2) Y:   Garbage:         -              1329M (11%)        1303M (11%)           0M (0%)     
[4,931s][info ][gc,heap        ] GC(2) Y: Allocated:         -                 6M (0%)            6M (0%)            6M (0%)     
[4,931s][info ][gc,heap        ] GC(2) Y: Reclaimed:         -                  -                26M (0%)         1329M (11%)    
[4,931s][info ][gc,heap        ] GC(2) Y:  Promoted:         -                  -                 9M (0%)          282M (2%)     
[4,931s][info ][gc,heap        ] GC(2) Y: Compacted:         -                  -                  -                 0M (0%)     
[4,931s][info ][gc,phases      ] GC(2) Y: Young Generation (Promote All) 1834M(15%)->522M(4%) 0,242s
[4,931s][debug][gc,heap        ] GC(2) Y: Heap Before GC invocations=3 (full 2):
[4,931s][debug][gc,heap        ] GC(2) Y:  ZHeap           used 522M, capacity 5120M, max capacity 12288M
[4,931s][debug][gc,heap        ] GC(2) Y:   Cache          4598M (19)
[4,931s][debug][gc,heap        ] GC(2) Y:    size classes  2M (5), 4M (6), 8M (4), 64M (1), 256M (1), 512M (1), 2G (1)
[4,931s][debug][gc,metaspace   ] GC(2) Y: Metaspace Before GC invocations=3 (full 2):
[4,931s][debug][gc,metaspace   ] GC(2) Y:  Metaspace       used 32068K, committed 32448K, reserved 1114112K
[4,931s][debug][gc,metaspace   ] GC(2) Y:   class space    used 2573K, committed 2752K, reserved 1048576K
[4,931s][info ][gc,phases      ] GC(2) Y: Young Generation (Collect Roots)
[4,931s][debug][gc,reloc       ] Synchronize all workers 1 _nworkers: 0 _nsynchronized: 0
[4,931s][debug][gc,reloc       ] Synchronize all workers 1 _nworkers: 0 _nsynchronized: 0
[4,931s][debug][gc,phases,start] GC(2) Y: Pause Mark Start (Major)
[4,931s][debug][gc,tlab        ] GC(2) Y: TLAB usage update: used 1440M -> 6M, capacity: 756M -> 531M
[4,931s][debug][gc,marking     ] GC(2) Y: Using 4 mark stripes
[4,931s][debug][gc,marking     ] GC(2) Y: Mark Worker/Stripe Distribution
[4,931s][debug][gc,marking     ] GC(2) Y:   Worker 0(5) -> Stripe 0(4)
[4,931s][debug][gc,marking     ] GC(2) Y:   Worker 1(5) -> Stripe 1(4)
[4,931s][debug][gc,marking     ] GC(2) Y:   Worker 2(5) -> Stripe 2(4)
[4,931s][debug][gc,marking     ] GC(2) Y:   Worker 3(5) -> Stripe 3(4)
[4,931s][debug][gc,marking     ] GC(2) Y:   Worker 4(5) -> Stripe 0(4)
[4,931s][debug][gc,marking     ] GC(2) Y: Using 4 mark stripes
[4,931s][debug][gc,marking     ] GC(2) Y: Mark Worker/Stripe Distribution
[4,931s][debug][gc,marking     ] GC(2) Y:   Worker 0(5) -> Stripe 0(4)
[4,931s][debug][gc,marking     ] GC(2) Y:   Worker 1(5) -> Stripe 1(4)
[4,931s][debug][gc,marking     ] GC(2) Y:   Worker 2(5) -> Stripe 2(4)
[4,931s][debug][gc,marking     ] GC(2) Y:   Worker 3(5) -> Stripe 3(4)
[4,931s][debug][gc,marking     ] GC(2) Y:   Worker 4(5) -> Stripe 0(4)
[4,931s][info ][gc,phases      ] GC(2) Y: Pause Mark Start (Major) 0,146ms
[4,931s][debug][gc,reloc       ] Desynchronize all workers _nworkers: 0 _nsynchronized: 0
[4,931s][debug][gc,reloc       ] Desynchronize all workers _nworkers: 0 _nsynchronized: 0
[4,931s][debug][gc,phases,start] GC(2) Y: Concurrent Mark
[4,931s][debug][gc,phases,start] GC(2) Y: Concurrent Mark Roots
[4,931s][debug][gc,task        ] GC(2) Y: Executing ZMarkYoungRootsTask using ZWorkerYoung with 5 workers
[4,932s][debug][gc,marking     ] GC(2) Y: Resurrection broke termination
[4,933s][debug][gc,tlab        ] GC(2) Y: TLAB totals: thrds: 3  refills: 4 max: 2 slow allocs: 0 max 0 waste: 42,7% gc: 225424B max: 220784B slow: 584B max: 584B
[4,933s][debug][gc,phases      ] GC(2) Y: Concurrent Mark Roots 1,526ms
[4,933s][debug][gc,phases,start] GC(2) Y: Concurrent Mark Follow
[4,933s][debug][gc,marking     ] GC(2) Y: Using 4 mark stripes
[4,933s][debug][gc,task        ] GC(2) Y: Executing ZRememberedScanMarkFollowTask using ZWorkerYoung with 5 workers
[4,938s][debug][gc,director    ] Select Minor GC Workers (Not Warm), GCWorkers: 5,000
[4,938s][debug][gc,director    ] Rule Minor: Allocation Rate (Dynamic GC Workers), MaxAllocRate: 534,7MB/s (+/-29,5%), Free: 11724MB, GCCPUTime: 2,913, GCDuration: 0,588s, TimeUntilOOM: 16,926s, TimeUntilGC: 16,339s, GCWorkers: 5
[4,949s][debug][gc,director    ] Select Minor GC Workers (Not Warm), GCWorkers: 5,000
[4,949s][debug][gc,director    ] Rule Minor: Allocation Rate (Dynamic GC Workers), MaxAllocRate: 534,7MB/s (+/-29,5%), Free: 11720MB, GCCPUTime: 2,913, GCDuration: 0,588s, TimeUntilOOM: 16,921s, TimeUntilGC: 16,333s, GCWorkers: 5
[4,959s][debug][gc,director    ] Select Minor GC Workers (Not Warm), GCWorkers: 5,000
[4,959s][debug][gc,director    ] Rule Minor: Allocation Rate (Dynamic GC Workers), MaxAllocRate: 534,7MB/s (+/-29,5%), Free: 11720MB, GCCPUTime: 2,913, GCDuration: 0,588s, TimeUntilOOM: 16,921s, TimeUntilGC: 16,333s, GCWorkers: 5
[4,969s][debug][gc,marking     ] GC(2) Y: Using 2 mark stripes
[4,969s][debug][gc,marking     ] GC(2) Y: Using 1 mark stripes
[4,969s][debug][gc,director    ] Select Minor GC Workers (Not Warm), GCWorkers: 5,000
[4,970s][debug][gc,director    ] Rule Minor: Allocation Rate (Dynamic GC Workers), MaxAllocRate: 534,7MB/s (+/-29,5%), Free: 11720MB, GCCPUTime: 2,913, GCDuration: 0,588s, TimeUntilOOM: 16,921s, TimeUntilGC: 16,333s, GCWorkers: 5
[4,970s][debug][gc,remset      ] GC(2) Y: Remset forwarding retained: 0,000ms count: 0 ZWorkerYoung#2
[4,970s][debug][gc,remset      ] GC(2) Y: Remset forwarding released: 0,000ms count: 0 ZWorkerYoung#2
[4,970s][debug][gc,remset      ] GC(2) Y: Remset forwarding retained: 0,000ms count: 0 ZWorkerYoung#1
[4,970s][debug][gc,remset      ] GC(2) Y: Remset forwarding released: 0,000ms count: 0 ZWorkerYoung#1
[4,970s][debug][gc,remset      ] GC(2) Y: Remset forwarding retained: 0,000ms count: 0 ZWorkerYoung#4
[4,970s][debug][gc,remset      ] GC(2) Y: Remset forwarding released: 0,000ms count: 0 ZWorkerYoung#4
[4,970s][debug][gc,remset      ] GC(2) Y: Remset forwarding retained: 0,000ms count: 0 ZWorkerYoung#3
[4,970s][debug][gc,remset      ] GC(2) Y: Remset forwarding released: 0,000ms count: 0 ZWorkerYoung#3
[4,970s][debug][gc,remset      ] GC(2) Y: Remset forwarding retained: 0,000ms count: 0 ZWorkerYoung#0
[4,970s][debug][gc,remset      ] GC(2) Y: Remset forwarding released: 0,000ms count: 0 ZWorkerYoung#0
[4,971s][debug][gc,phases      ] GC(2) Y: Concurrent Mark Follow 37,719ms
[4,971s][info ][gc,phases      ] GC(2) Y: Concurrent Mark 39,295ms
[4,971s][debug][gc,reloc       ] Synchronize all workers 1 _nworkers: 0 _nsynchronized: 0
[4,971s][debug][gc,reloc       ] Synchronize all workers 1 _nworkers: 0 _nsynchronized: 0
[4,971s][debug][gc,phases,start] GC(2) Y: Pause Mark End
[4,971s][info ][gc,phases      ] GC(2) Y: Pause Mark End 0,017ms
[4,971s][debug][gc,reloc       ] Desynchronize all workers _nworkers: 0 _nsynchronized: 0
[4,971s][debug][gc,reloc       ] Desynchronize all workers _nworkers: 0 _nsynchronized: 0
[4,971s][debug][gc,phases,start] GC(2) Y: Concurrent Mark Free
[4,971s][info ][gc,phases      ] GC(2) Y: Concurrent Mark Free 0,023ms
[4,971s][debug][gc,phases,start] GC(2) Y: Concurrent Reset Relocation Set
[4,971s][info ][gc,phases      ] GC(2) Y: Concurrent Reset Relocation Set 0,041ms
[4,971s][debug][gc,phases,start] GC(2) Y: Concurrent Select Relocation Set
[4,971s][debug][gc,reloc       ] GC(2) Y: Relocation Set (Medium Pages): 0->0, 0 skipped, 0 forwarding entries
[4,971s][debug][gc,reloc       ] GC(2) Y: Relocation Set (Small Pages): 0->0, 1 skipped, 0 forwarding entries
[4,971s][debug][gc,reloc       ] GC(2) Y: Allocated To Garbage: 0,0
[4,971s][debug][gc,reloc       ] GC(2) Y: Young Log Residency: 24,0
[4,971s][debug][gc,reloc       ] GC(2) Y: Life Decay Factor: 1,0
[4,971s][info ][gc,reloc       ] GC(2) Y: Using tenuring threshold: 1 (Computed)
[4,974s][debug][gc,task        ] GC(2) Y: Executing ZRelocationSetInstallTask using ZWorkerYoung with 5 workers
[4,974s][debug][gc,task        ] GC(2) Y: Executing ZPromotePagesTask using ZWorkerYoung with 5 workers
[4,974s][debug][gc,task        ] GC(2) Y: Executing ZPromotePagesTask using ZWorkerYoung with 5 workers
[4,974s][debug][gc,task        ] GC(2) Y: Executing ZPromotePagesTask using ZWorkerYoung with 5 workers
[4,974s][info ][gc,phases      ] GC(2) Y: Concurrent Select Relocation Set 3,346ms
[4,974s][debug][gc,reloc       ] Synchronize all workers 1 _nworkers: 0 _nsynchronized: 0
[4,974s][debug][gc,reloc       ] Synchronize all workers 1 _nworkers: 0 _nsynchronized: 0
[4,974s][debug][gc,phases,start] GC(2) Y: Pause Relocate Start
[4,974s][debug][gc,reloc       ] GC(2) Y: Joining workers: 5
[4,974s][info ][gc,phases      ] GC(2) Y: Pause Relocate Start 0,016ms
[4,974s][debug][gc,reloc       ] Desynchronize all workers _nworkers: 0 _nsynchronized: 0
[4,974s][debug][gc,reloc       ] Desynchronize all workers _nworkers: 5 _nsynchronized: 0
[4,974s][debug][gc,phases,start] GC(2) Y: Concurrent Relocate
[4,974s][debug][gc,task        ] GC(2) Y: Executing ZRelocateStoreBufferInstallBasePointersTask using ZWorkerYoung with 5 workers
[4,974s][debug][gc,task        ] GC(2) Y: Executing ZRelocateTask using ZWorkerYoung with 5 workers
[4,974s][debug][gc,reloc       ] GC(2) Y: Leaving workers: left: 4 _synchronize: 0 _nsynchronized: 0
[4,974s][debug][gc,reloc       ] GC(2) Y: Leaving workers: left: 3 _synchronize: 0 _nsynchronized: 0
[4,974s][debug][gc,reloc       ] GC(2) Y: Leaving workers: left: 2 _synchronize: 0 _nsynchronized: 0
[4,975s][debug][gc,reloc       ] GC(2) Y: Leaving workers: left: 1 _synchronize: 0 _nsynchronized: 0
[4,975s][debug][gc,reloc       ] GC(2) Y: Leaving workers: left: 0 _synchronize: 0 _nsynchronized: 0
[4,975s][debug][gc,phases,start] GC(2) Y: Concurrent Relocate Remset FP
[4,975s][debug][gc,task        ] GC(2) Y: Executing ZRelocateAddRemsetForFlipPromoted using ZWorkerYoung with 5 workers
[4,975s][debug][gc,phases      ] GC(2) Y: Concurrent Relocate Remset FP 0,021ms
[4,975s][info ][gc,phases      ] GC(2) Y: Concurrent Relocate 0,135ms
[4,975s][debug][gc,heap        ] GC(2) Y: Heap After GC invocations=4 (full 3):
[4,975s][debug][gc,heap        ] GC(2) Y:  ZHeap           used 522M, capacity 5120M, max capacity 12288M
[4,975s][debug][gc,heap        ] GC(2) Y:   Cache          4598M (18)
[4,975s][debug][gc,heap        ] GC(2) Y:    size classes  2M (5), 4M (5), 8M (4), 64M (1), 256M (1), 512M (1), 2G (1)
[4,975s][debug][gc,metaspace   ] GC(2) Y: Metaspace After GC invocations=4 (full 3):
[4,975s][debug][gc,metaspace   ] GC(2) Y:  Metaspace       used 32068K, committed 32448K, reserved 1114112K
[4,975s][debug][gc,metaspace   ] GC(2) Y:   class space    used 2573K, committed 2752K, reserved 1048576K
[4,975s][info ][gc,alloc       ] GC(2) Y:                         Mark Start        Mark End      Relocate Start    Relocate End   
[4,975s][info ][gc,alloc       ] GC(2) Y: Allocation Stalls:          0                0                0                0         
[4,975s][info ][gc,load        ] GC(2) Y: Load: 4,74 (24%) / 3,71 (19%) / 2,91 (15%)
[4,975s][info ][gc,mmu         ] GC(2) Y: MMU: 2ms/90,6%, 5ms/96,3%, 10ms/98,1%, 20ms/99,1%, 50ms/99,6%, 100ms/99,8%
[4,975s][info ][gc,marking     ] GC(2) Y: Mark: 4 stripe(s), 1 proactive flush(es), 1 terminate flush(es), 0 completion(s), 0 continuation(s) 
[4,975s][info ][gc,nmethod     ] GC(2) Y: NMethods: 4554 registered, 689 unregistered
[4,975s][info ][gc,metaspace   ] GC(2) Y: Metaspace: 31M used, 31M committed, 1088M reserved
[4,975s][info ][gc,reloc       ] GC(2) Y:                        Candidates     Selected     In-Place         Size        Empty    Relocated 
[4,975s][info ][gc,reloc       ] GC(2) Y: Small Pages:                    3            0            0           6M           4M           0M 
[4,975s][info ][gc,reloc       ] GC(2) Y: Medium Pages:                   0            0            0           0M           0M           0M 
[4,975s][info ][gc,reloc       ] GC(2) Y: Large Pages:                    0            0            0           0M           0M           0M 
[4,975s][info ][gc,reloc       ] GC(2) Y: Forwarding Usage: 0M
[4,975s][info ][gc,reloc       ] GC(2) Y: Age Table:
[4,975s][info ][gc,reloc       ] GC(2) Y:                    Live             Garbage             Small              Medium             Large        
[4,975s][info ][gc,reloc       ] GC(2) Y: Eden               0M (0%)            5M (0%)           3 / 0              0 / 0              0 / 0        
[4,975s][info ][gc,heap        ] GC(2) Y: Min Capacity: 5120M(42%)
[4,975s][info ][gc,heap        ] GC(2) Y: Max Capacity: 12288M(100%)
[4,975s][info ][gc,heap        ] GC(2) Y: Soft Max Capacity: 12288M(100%)
[4,975s][info ][gc,heap        ] GC(2) Y: Heap Statistics:
[4,975s][info ][gc,heap        ] GC(2) Y:                Mark Start          Mark End        Relocate Start      Relocate End           High               Low         
[4,975s][info ][gc,heap        ] GC(2) Y:  Capacity:     5120M (42%)        5120M (42%)        5120M (42%)        5120M (42%)        5120M (42%)        5120M (42%)    
[4,975s][info ][gc,heap        ] GC(2) Y:      Free:    11766M (96%)       11762M (96%)       11766M (96%)       11766M (96%)       11766M (96%)       11762M (96%)    
[4,975s][info ][gc,heap        ] GC(2) Y:      Used:      522M (4%)          526M (4%)          522M (4%)          522M (4%)          526M (4%)          522M (4%)     
[4,975s][info ][gc,heap        ] GC(2) Y: Young Generation Statistics:
[4,975s][info ][gc,heap        ] GC(2) Y:                Mark Start          Mark End        Relocate Start      Relocate End    
[4,975s][info ][gc,heap        ] GC(2) Y:      Used:        6M (0%)           10M (0%)            6M (0%)            6M (0%)     
[4,975s][info ][gc,heap        ] GC(2) Y:      Live:         -                 0M (0%)            0M (0%)            0M (0%)     
[4,975s][info ][gc,heap        ] GC(2) Y:   Garbage:         -                 5M (0%)            1M (0%)            1M (0%)     
[4,975s][info ][gc,heap        ] GC(2) Y: Allocated:         -                 4M (0%)            4M (0%)            4M (0%)     
[4,975s][info ][gc,heap        ] GC(2) Y: Reclaimed:         -                  -                 4M (0%)            4M (0%)     
[4,975s][info ][gc,heap        ] GC(2) Y:  Promoted:         -                  -                 0M (0%)            0M (0%)     
[4,975s][info ][gc,heap        ] GC(2) Y: Compacted:         -                  -                  -                 0M (0%)     
[4,975s][info ][gc,phases      ] GC(2) Y: Young Generation (Collect Roots) 522M(4%)->522M(4%) 0,044s
[4,975s][debug][gc,heap        ] GC(2) O: Heap Before GC invocations=4 (full 3):
[4,975s][debug][gc,heap        ] GC(2) O:  ZHeap           used 522M, capacity 5120M, max capacity 12288M
[4,975s][debug][gc,heap        ] GC(2) O:   Cache          4598M (18)
[4,975s][debug][gc,heap        ] GC(2) O:    size classes  2M (5), 4M (5), 8M (4), 64M (1), 256M (1), 512M (1), 2G (1)
[4,975s][debug][gc,metaspace   ] GC(2) O: Metaspace Before GC invocations=4 (full 3):
[4,975s][debug][gc,metaspace   ] GC(2) O:  Metaspace       used 32068K, committed 32448K, reserved 1114112K
[4,975s][debug][gc,metaspace   ] GC(2) O:   class space    used 2573K, committed 2752K, reserved 1048576K
[4,975s][info ][gc,phases      ] GC(2) O: Old Generation
[4,975s][debug][gc,phases,start] GC(2) O: Concurrent Mark
[4,975s][debug][gc,phases,start] GC(2) O: Concurrent Mark Roots
[4,975s][debug][gc,task        ] GC(2) O: Executing ZMarkOldRootsTask using ZWorkerOld with 5 workers
[4,975s][debug][gc,tlab        ] GC(2) O: TLAB totals: thrds: 2  refills: 2 max: 1 slow allocs: 0 max 0 waste: 93,7% gc: 4976B max: 2488B slow: 0B max: 0B
[4,975s][debug][gc,phases      ] GC(2) O: Concurrent Mark Roots 0,255ms
[4,975s][debug][gc,phases,start] GC(2) O: Concurrent Mark Follow
[4,975s][debug][gc,marking     ] GC(2) O: Using 4 mark stripes
[4,975s][debug][gc,task        ] GC(2) O: Executing ZMarkTask using ZWorkerOld with 5 workers
[5,061s][debug][gc,marking     ] GC(2) O: Using 2 mark stripes
[5,062s][debug][gc,marking     ] GC(2) O: Using 4 mark stripes
[5,065s][debug][gc,marking     ] GC(2) O: Using 2 mark stripes
[5,065s][debug][gc,marking     ] GC(2) O: Using 4 mark stripes
[5,076s][debug][gc,marking     ] GC(2) O: Using 2 mark stripes
[5,077s][debug][gc,marking     ] GC(2) O: Using 4 mark stripes
[5,087s][debug][gc,marking     ] GC(2) O: Using 2 mark stripes
[5,088s][debug][gc,marking     ] GC(2) O: Using 4 mark stripes
[5,094s][debug][gc,marking     ] GC(2) O: Using 2 mark stripes
[5,094s][debug][gc,marking     ] GC(2) O: Using 1 mark stripes
[5,104s][debug][gc,marking     ] GC(2) O: Using 2 mark stripes
[5,104s][debug][gc,marking     ] GC(2) O: Using 1 mark stripes
[5,112s][debug][gc,marking     ] GC(2) O: Using 2 mark stripes
[5,112s][debug][gc,marking     ] GC(2) O: Using 1 mark stripes
[5,114s][debug][gc,marking     ] GC(2) O: Using 2 mark stripes
[5,114s][debug][gc,marking     ] GC(2) O: Using 1 mark stripes
[5,125s][debug][gc,marking     ] GC(2) O: Try terminate after resurrection
[5,125s][debug][gc,phases      ] GC(2) O: Concurrent Mark Follow 149,880ms
[5,125s][info ][gc,phases      ] GC(2) O: Concurrent Mark 150,156ms
[5,125s][debug][gc,reloc       ] Synchronize all workers 1 _nworkers: 0 _nsynchronized: 0
[5,125s][debug][gc,reloc       ] Synchronize all workers 1 _nworkers: 0 _nsynchronized: 0
[5,125s][debug][gc,phases,start] GC(2) O: Pause Mark End
[5,125s][info ][gc,phases      ] GC(2) O: Pause Mark End 0,017ms
[5,125s][debug][gc,reloc       ] Desynchronize all workers _nworkers: 0 _nsynchronized: 0
[5,125s][debug][gc,reloc       ] Desynchronize all workers _nworkers: 0 _nsynchronized: 0
[5,125s][debug][gc,phases,start] GC(2) O: Concurrent Mark Free
[5,125s][info ][gc,phases      ] GC(2) O: Concurrent Mark Free 0,009ms
[5,125s][debug][gc,phases,start] GC(2) O: Concurrent Process Non-Strong
[5,125s][debug][gc,phases,start] GC(2) O: Concurrent References Process
[5,125s][debug][gc,task        ] GC(2) O: Executing ZReferenceProcessorTask using ZWorkerOld with 5 workers
[5,133s][debug][gc,phases      ] GC(2) O: Concurrent References Process 7,572ms
[5,133s][debug][gc,task        ] GC(2) O: Executing ZProcessWeakRootsTask using ZWorkerOld with 5 workers
[5,133s][debug][gc,phases,start] GC(2) O: Concurrent Classes Unlink
[5,133s][debug][gc,phases,start] GC(2) O: ClassLoaderData
[5,133s][debug][gc,phases      ] GC(2) O: ClassLoaderData 0,108ms
[5,133s][debug][gc,phases,start] GC(2) O: Trigger cleanups
[5,133s][debug][gc,phases      ] GC(2) O: Trigger cleanups 0,009ms
[5,136s][debug][gc,task        ] GC(2) O: Executing ZNMethodUnlinkTask using ZWorkerOld with 5 workers
[5,136s][debug][gc,nmethod     ] GC(2) O: Unregister NMethod: io.sirix.axis.AbstractAxis.<init> (0x00007ab2a6d59708) [0x00007ab2a6d59800, 0x00007ab2a6d59f80] 
[5,136s][debug][gc,nmethod     ] GC(2) O: Unregister NMethod: io.sirix.node.MemorySegmentBytesIn.read (0x00007ab287816e88) [0x00007ab287816f80, 0x00007ab2878170d8] 
[5,136s][debug][gc,nmethod     ] GC(2) O: Unregister NMethod: io.sirix.settings.VersioningType$4.combineRecordPages (0x00007ab287dd0308) [0x00007ab287dd0400, 0x00007ab287dd4f60] 
[5,136s][debug][gc,nmethod     ] GC(2) O: Unregister NMethod: io.sirix.access.trx.page.NodeStorageEngineWriter.prepareRecordForModification (0x00007ab287f30888) [0x00007ab287f30980, 0x00007ab287f32808] 
[5,136s][debug][gc,nmethod     ] GC(2) O: Unregister NMethod: io.sirix.index.name.Names.setName (0x00007ab2a6d86b08) [0x00007ab2a6d86c00, 0x00007ab2a6d89368] 
[5,136s][debug][gc,nmethod     ] GC(2) O: Unregister NMethod: io.sirix.axis.DescendantAxis.nextKey (0x00007ab287b8a608) [0x00007ab287b8a700, 0x00007ab287b8cce0] 
[5,136s][debug][gc,nmethod     ] GC(2) O: Unregister NMethod: io.sirix.access.trx.node.AbstractNodeHashing.adaptHashesWithAdd (0x00007ab2a6ddc108) [0x00007ab2a6ddc540, 0x00007ab2a6def6f0] 
[5,136s][debug][gc,nmethod     ] GC(2) O: Unregister NMethod: io.sirix.axis.filter.FilterAxis.nextKey (0x00007ab2a6d7dc88) [0x00007ab2a6d7dd80, 0x00007ab2a6d7f098] 
[5,136s][debug][gc,nmethod     ] GC(2) O: Unregister NMethod: io.sirix.axis.filter.FilterAxis.nextKey (0x00007ab2882aac88) [0x00007ab2882aad80, 0x00007ab2882ac400] 
[5,136s][debug][gc,nmethod     ] GC(2) O: Unregister NMethod: com.sun.org.apache.xerces.internal.impl.XMLNSDocumentScannerImpl.scanStartElement (0x00007ab2a6d95108) [0x00007ab2a6d95200, 0x00007ab2a6d974a0] 
[5,136s][debug][gc,nmethod     ] GC(2) O: Unregister NMethod: io.sirix.index.path.summary.PathSummaryReader.hasFirstChild (0x00007ab287536108) [0x00007ab287536200, 0x00007ab287536988] 
[5,136s][debug][gc,nmethod     ] GC(2) O: Unregister NMethod: java.lang.ref.Finalizer.register (0x00007ab287a39b88) [0x00007ab287a39c80, 0x00007ab287a39e20] 
[5,136s][debug][gc,nmethod     ] GC(2) O: Unregister NMethod: io.sirix.service.xml.shredder.XmlShredder.insertNewContent (0x00007ab288051a88) [0x00007ab288051b80, 0x00007ab2880591b8] 
[5,136s][debug][gc,nmethod     ] GC(2) O: Unregister NMethod: java.lang.StringLatin1.inflate (0x00007ab28778f388) [0x00007ab28778f480, 0x00007ab28778f670] 
[5,136s][debug][gc,nmethod     ] GC(2) O: Unregister NMethod: io.sirix.index.path.summary.PathSummaryReader.getStructuralNode (0x00007ab287ded588) [0x00007ab287ded680, 0x00007ab287deda38] 
[5,136s][debug][gc,nmethod     ] GC(2) O: Unregister NMethod: com.sun.xml.internal.stream.events.XMLEventAllocatorImpl.getXMLEvent (0x00007ab287e20908) [0x00007ab287e20a00, 0x00007ab287e289c0] 
[5,136s][debug][gc,nmethod     ] GC(2) O: Unregister NMethod: io.sirix.node.NodeKind$2.serialize (0x00007ab2880f9008) [0x00007ab2880f9100, 0x00007ab28811da80] 
[5,136s][debug][gc,nmethod     ] GC(2) O: Unregister NMethod: io.sirix.access.trx.page.NodeStorageEngineWriter.createNameKey (0x00007ab2a6d7d708) [0x00007ab2a6d7d800, 0x00007ab2a6d7dc48] 
[5,136s][debug][gc,nmethod     ] GC(2) O: Unregister NMethod: it.unimi.dsi.fastutil.ints.Int2LongOpenHashMap.get (0x00007ab287508d08) [0x00007ab287508e00, 0x00007ab287509350] 
[5,136s][debug][gc,nmethod     ] GC(2) O: Unregister NMethod: io.sirix.cache.ShardedPageCache.getAndGuard (0x00007ab287a54308) [0x00007ab287a54400, 0x00007ab287a54c68] 
[5,136s][debug][gc,nmethod     ] GC(2) O: Unregister NMethod: jdk.internal.ref.CleanerImpl$CleanableList.remove (0x00007ab2a6d17588) [0x00007ab2a6d17680, 0x00007ab2a6d17d38] 
[5,136s][debug][gc,nmethod     ] GC(2) O: Unregister NMethod: io.sirix.node.xml.ElementNode.setRightSiblingKey (0x00007ab287f36a08) [0x00007ab287f36b00, 0x00007ab287f3bc28] 
[5,136s][debug][gc,nmethod     ] GC(2) O: Unregister NMethod: com.sun.org.apache.xerces.internal.impl.XMLStreamReaderImpl.getProperty (0x00007ab287e86a08) [0x00007ab287e86b00, 0x00007ab287e87330] 
[5,136s][debug][gc,nmethod     ] GC(2) O: Unregister NMethod: jdk.internal.foreign.GlobalSession.release0 (0x00007ab287be4e08) [0x00007ab287be4f00, 0x00007ab287be5000] 
[5,136s][debug][gc,nmethod     ] GC(2) O: Unregister NMethod: sun.nio.ch.FileChannelImpl.implRead (0x00007ab287a1ec88) [0x00007ab287a1ed80, 0x00007ab287a1f778] 
[5,136s][debug][gc,nmethod     ] GC(2) O: Unregister NMethod: io.sirix.access.trx.node.AbstractNodeHashing.adaptHashesWithAdd (0x00007ab287d50088) [0x00007ab287d50180, 0x00007ab287d50658] 
[5,137s][debug][gc,nmethod     ] GC(2) O: Unregister NMethod: it.unimi.dsi.fastutil.ints.Int2ObjectOpenHashMap.get (0x00007ab28743b308) [0x00007ab28743b400, 0x00007ab28743ba70] 
[5,137s][debug][gc,nmethod     ] GC(2) O: Unregister NMethod: io.sirix.access.trx.page.NodeStorageEngineReader.getRecordPage (0x00007ab2a6e82a08) [0x00007ab2a6e82b00, 0x00007ab2a6e84478] 
[5,137s][debug][gc,nmethod     ] GC(2) O: Unregister NMethod: io.sirix.node.NodeKind$4.deserialize (0x00007ab28828f188) [0x00007ab28828f280, 0x00007ab288290e38] 
[5,137s][debug][gc,nmethod     ] GC(2) O: Unregister NMethod: io.sirix.access.trx.node.AbstractNodeReadOnlyTrx.hasFirstChild (0x00007ab287b46508) [0x00007ab287b46600, 0x00007ab287b46e08] 
[5,137s][debug][gc,nmethod     ] GC(2) O: Unregister NMethod: io.sirix.node.MemorySegmentBytesOut.writePosition (0x00007ab287d21108) [0x00007ab287d21200, 0x00007ab287d213d8] 
[5,137s][debug][gc,nmethod     ] GC(2) O: Unregister NMethod: io.sirix.node.xml.AbstractStructForwardingNode.hasRightSibling (0x00007ab287e05c88) [0x00007ab287e05d80, 0x00007ab287e06348] 
[5,137s][debug][gc,nmethod     ] GC(2) O: Unregister NMethod: io.sirix.access.trx.node.xml.XmlNodeTrxImpl.insertElementAsFirstChild (0x00007ab2a6dda908) [0x00007ab2a6ddaa00, 0x00007ab2a6ddbda8] 
[5,137s][debug][gc,nmethod     ] GC(2) O: Unregister NMethod: io.sirix.access.trx.node.AbstractNodeReadOnlyTrx.hasRightSibling (0x00007ab287b46e88) [0x00007ab287b46f80, 0x00007ab287b47788] 
[5,137s][debug][gc,nmethod     ] GC(2) O: Unregister NMethod: io.sirix.node.xml.TextNode.<init> (0x00007ab28827ff08) [0x00007ab288280000, 0x00007ab288280300] 
[5,137s][debug][gc,nmethod     ] GC(2) O: Unregister NMethod: io.sirix.axis.AbstractAxis.<init> (0x00007ab288275988) [0x00007ab288275a80, 0x00007ab2882764d0] 
[5,137s][debug][gc,nmethod     ] GC(2) O: Unregister NMethod: io.sirix.axis.AbstractAxis.tryToComputeNext (0x00007ab2a6d3a788) [0x00007ab2a6d3a880, 0x00007ab2a6d3b2c8] 
[5,137s][debug][gc,nmethod     ] GC(2) O: Unregister NMethod: com.sun.org.apache.xerces.internal.util.NamespaceSupport.pushContext (0x00007ab2a6d70508) [0x00007ab2a6d70600, 0x00007ab2a6d70740] 
[5,137s][debug][gc,nmethod     ] GC(2) O: Unregister NMethod: java.util.Arrays.copyOf (0x00007ab28747eb08) [0x00007ab28747ec00, 0x00007ab28747f480] 
[5,137s][debug][gc,nmethod     ] GC(2) O: Unregister NMethod: io.sirix.access.trx.RevisionEpochTracker.minActiveRevision (0x00007ab2880a6588) [0x00007ab2880a6680, 0x00007ab2880a7ee8] 
[5,137s][debug][gc,nmethod     ] GC(2) O: Unregister NMethod: com.sun.org.apache.xerces.internal.impl.XMLStreamReaderImpl.getNamespaceCount (0x00007ab287e80a88) [0x00007ab287e80b80, 0x00007ab287e81278] 
[5,137s][debug][gc,nmethod     ] GC(2) O: Unregister NMethod: org.magicwerk.brownies.collections.GapList.doEnsureCapacity (0x00007ab288079088) [0x00007ab288079180, 0x00007ab288079a28] 
[5,137s][debug][gc,nmethod     ] GC(2) O: Unregister NMethod: java.nio.Bits.reserveMemory (0x00007ab2a6d10888) [0x00007ab2a6d10980, 0x00007ab2a6d10b28] 
[5,137s][debug][gc,nmethod     ] GC(2) O: Unregister NMethod: io.sirix.access.trx.page.NodeStorageEngineReader.getPathSummaryPage (0x00007ab287d61308) [0x00007ab287d61400, 0x00007ab287d623d8] 
[5,137s][debug][gc,nmethod     ] GC(2) O: Unregister NMethod: io.sirix.node.GrowingMemorySegment.grow (0x00007ab2a6e4ae08) [0x00007ab2a6e4af00, 0x00007ab2a6e4ca28] 
[5,137s][debug][gc,nmethod     ] GC(2) O: Unregister NMethod: sun.nio.ch.FileChannelImpl.readInternal (0x00007ab287a20188) [0x00007ab287a20280, 0x00007ab287a222a0] 
[5,137s][debug][gc,nmethod     ] GC(2) O: Unregister NMethod: io.sirix.index.path.summary.PathSummaryReader.hasFirstChild (0x00007ab2a6dbc108) [0x00007ab2a6dbc200, 0x00007ab2a6dbc390] 
[5,137s][debug][gc,nmethod     ] GC(2) O: Unregister NMethod: jdk.xml.internal.XMLLimitAnalyzer.addValue (0x00007ab2a6d60d88) [0x00007ab2a6d60e80, 0x00007ab2a6d61088] 
[5,137s][debug][gc,nmethod     ] GC(2) O: Unregister NMethod: java.nio.channels.spi.AbstractInterruptibleChannel.begin (0x00007ab2a6d06f08) [0x00007ab2a6d07000, 0x00007ab2a6d077f8] 
[5,137s][debug][gc,nmethod     ] GC(2) O: Unregister NMethod: java.util.concurrent.ConcurrentHashMap$BaseIterator.hasNext (0x00007ab28767c708) [0x00007ab28767c800, 0x00007ab28767c980] 
[5,137s][debug][gc,nmethod     ] GC(2) O: Unregister NMethod: io.sirix.axis.filter.xml.XmlNameFilter.filter (0x00007ab288276d88) [0x00007ab288276e80, 0x00007ab2882782c8] 
[5,137s][debug][gc,nmethod     ] GC(2) O: Unregister NMethod: java.io.OutputStream.flush (0x00007ab287d33f08) [0x00007ab287d34000, 0x00007ab287d34100] 
[5,137s][debug][gc,nmethod     ] GC(2) O: Unregister NMethod: io.sirix.axis.filter.FilterAxis.<init> (0x00007ab2a6d8cb08) [0x00007ab2a6d8cc00, 0x00007ab2a6d8df78] 
[5,137s][debug][gc,nmethod     ] GC(2) O: Unregister NMethod: io.sirix.access.trx.node.xml.XmlNodeTrxImpl.insertElementAsFirstChild (0x00007ab287e8a788) [0x00007ab287e8a880, 0x00007ab287e8f3b0] 
[5,137s][debug][gc,nmethod     ] GC(2) O: Unregister NMethod: com.sun.xml.internal.stream.events.XMLEventAllocatorImpl.getXMLEvent (0x00007ab2a6d4d108) [0x00007ab2a6d4d220, 0x00007ab2a6d4ea00] 
[5,137s][debug][gc,nmethod     ] GC(2) O: Unregister NMethod: com.sun.org.apache.xerces.internal.impl.XMLNSDocumentScannerImpl.scanStartElement (0x00007ab287dfc988) [0x00007ab287dfca80, 0x00007ab287e05a20] 
[5,137s][debug][gc,nmethod     ] GC(2) O: Unregister NMethod: io.sirix.index.path.summary.PathSummaryReader.getNodeKey (0x00007ab287e0f888) [0x00007ab287e0f980, 0x00007ab287e0fe18] 
[5,137s][debug][gc,nmethod     ] GC(2) O: Unregister NMethod: java.lang.Integer.numberOfTrailingZeros (0x00007ab287be1088) [0x00007ab287be1180, 0x00007ab287be1398] 
[5,137s][debug][gc,nmethod     ] GC(2) O: Unregister NMethod: com.sun.org.apache.xerces.internal.xni.XMLString.append (0x00007ab2a6dd8408) [0x00007ab2a6dd8500, 0x00007ab2a6dd8860] 
[5,137s][debug][gc,nmethod     ] GC(2) O: Unregister NMethod: io.sirix.node.MemorySegmentBytesIn.readStopBit (0x00007ab288268888) [0x00007ab288268980, 0x00007ab288268bb0] 
[5,137s][debug][gc,nmethod     ] GC(2) O: Unregister NMethod: io.sirix.index.name.Names.setName (0x00007ab287a07d08) [0x00007ab287a07e00, 0x00007ab287a09ff0] 
[5,137s][debug][gc,nmethod     ] GC(2) O: Unregister NMethod: io.sirix.access.trx.page.NodeStorageEngineReader.getMostRecentPage (0x00007ab2a6d08808) [0x00007ab2a6d08900, 0x00007ab2a6d08b98] 
[5,137s][debug][gc,nmethod     ] GC(2) O: Unregister NMethod: io.sirix.node.xml.ElementNode.hasRightSibling (0x00007ab287b98488) [0x00007ab287b98580, 0x00007ab287b9d9b8] 
[5,137s][debug][gc,nmethod     ] GC(2) O: Unregister NMethod: jdk.internal.util.DecimalDigits.uncheckedPutCharLatin1 (0x00007ab287787388) [0x00007ab287787480, 0x00007ab287787580] 
[5,137s][debug][gc,nmethod     ] GC(2) O: Unregister NMethod: java.lang.String.getBytes (0x00007ab287e0a788) [0x00007ab287e0a880, 0x00007ab287e0ad18] 
[5,137s][debug][gc,nmethod     ] GC(2) O: Unregister NMethod: jdk.internal.foreign.SegmentFactories.allocateNativeInternal (0x00007ab2a6e06808) [0x00007ab2a6e06920, 0x00007ab2a6e07380] 
[5,137s][debug][gc,nmethod     ] GC(2) O: Unregister NMethod: com.sun.org.apache.xerces.internal.impl.XMLEntityScanner.skipSpaces (0x00007ab287488208) [0x00007ab287488300, 0x00007ab287489590] 
[5,137s][debug][gc,nmethod     ] GC(2) O: Unregister NMethod: jdk.internal.misc.VM.isDirectMemoryPageAligned (0x00007ab287466d08) [0x00007ab287466e00, 0x00007ab2874670e0] 
[5,137s][debug][gc,nmethod     ] GC(2) O: Unregister NMethod: io.sirix.page.SerializationType$1.deserializeBitmapReferencesPage (0x00007ab287c3a488) [0x00007ab287c3a580, 0x00007ab287c3bf98] 
[5,137s][debug][gc,nmethod     ] GC(2) O: Unregister NMethod: io.sirix.access.trx.page.NodeStorageEngineReader.getPageReference (0x00007ab287b0ec08) [0x00007ab287b0ed00, 0x00007ab287b17da8] 
[5,137s][debug][gc,nmethod     ] GC(2) O: Unregister NMethod: it.unimi.dsi.fastutil.ints.Int2ObjectOpenHashMap.get (0x00007ab2a6d7a388) [0x00007ab2a6d7a480, 0x00007ab2a6d7a8f8] 
[5,137s][debug][gc,nmethod     ] GC(2) O: Unregister NMethod: com.sun.xml.internal.stream.events.XMLEventAllocatorImpl.setNamespaceContext (0x00007ab287e9e708) [0x00007ab287e9e800, 0x00007ab287e9ec90] 
[5,137s][debug][gc,nmethod     ] GC(2) O: Unregister NMethod: jdk.xml.internal.JdkProperty$ImplPropMap.is (0x00007ab287e69788) [0x00007ab287e69880, 0x00007ab287e6a148] 
[5,137s][debug][gc,nmethod     ] GC(2) O: Unregister NMethod: io.sirix.axis.filter.AbstractFilter.getTrx (0x00007ab287e1fe08) [0x00007ab287e1ff00, 0x00007ab287e20200] 
[5,137s][debug][gc,nmethod     ] GC(2) O: Unregister NMethod: io.sirix.node.MemorySegmentBytesIn.getUnderlying (0x00007ab287e44908) [0x00007ab287e44a00, 0x00007ab287e44fe8] 
[5,137s][debug][gc,nmethod     ] GC(2) O: Unregister NMethod: io.sirix.node.xml.ElementNode.setFirstChildKey (0x00007ab287f2b608) [0x00007ab287f2b700, 0x00007ab287f30828] 
[5,137s][debug][gc,nmethod     ] GC(2) O: Unregister NMethod: it.unimi.dsi.fastutil.longs.LongArrayList.initArrayFromCapacity (0x00007ab288279088) [0x00007ab288279180, 0x00007ab28827a2c8] 
[5,137s][debug][gc,nmethod     ] GC(2) O: Unregister NMethod: sun.nio.ch.IOUtil.read (0x00007ab287a19888) [0x00007ab287a19980, 0x00007ab287a19aa8] 
[5,137s][debug][gc,nmethod     ] GC(2) O: Unregister NMethod: jdk.internal.foreign.MemorySessionImpl.checkValidState (0x00007ab287432688) [0x00007ab287432780, 0x00007ab287433268] 
[5,137s][debug][gc,nmethod     ] GC(2) O: Unregister NMethod: sun.nio.ch.IOStatus.normalize (0x00007ab287472a88) [0x00007ab287472b80, 0x00007ab287472cb8] 
[5,137s][debug][gc,nmethod     ] GC(2) O: Unregister NMethod: io.sirix.page.NamePage.setName (0x00007ab2874c0008) [0x00007ab2874c0100, 0x00007ab2874c16a0] 
[5,137s][debug][gc,nmethod     ] GC(2) O: Unregister NMethod: java.lang.Byte.hashCode (0x00007ab287838f88) [0x00007ab287839080, 0x00007ab2878391d8] 
[5,137s][debug][gc,nmethod     ] GC(2) O: Unregister NMethod: io.sirix.page.PageReference.setResourceId (0x00007ab28753bc08) [0x00007ab28753bd00, 0x00007ab28753be10] 
[5,137s][debug][gc,nmethod     ] GC(2) O: Unregister NMethod: io.sirix.axis.ChildAxis.reset (0x00007ab287eaa108) [0x00007ab287eaa200, 0x00007ab287eaa3e8] 
[5,137s][debug][gc,nmethod     ] GC(2) O: Unregister NMethod: com.sun.org.apache.xerces.internal.impl.XMLEntityScanner.checkNodeCount (0x00007ab287e87d08) [0x00007ab287e87e00, 0x00007ab287e87fc8] 
[5,137s][debug][gc,nmethod     ] GC(2) O: Unregister NMethod: io.sirix.access.trx.page.NodeStorageEngineReader.getRecordPage (0x00007ab28829b408) [0x00007ab28829b500, 0x00007ab2882a69f8] 
[5,137s][debug][gc,nmethod     ] GC(2) O: Unregister NMethod: jdk.internal.foreign.SegmentFactories.allocateNativeSegment (0x00007ab2a6d44908) [0x00007ab2a6d44a20, 0x00007ab2a6d45570] 
[5,137s][debug][gc,nmethod     ] GC(2) O: Unregister NMethod: java.nio.DirectByteBuffer.address (0x00007ab2a6da2488) [0x00007ab2a6da2580, 0x00007ab2a6da2748] 
[5,137s][debug][gc,nmethod     ] GC(2) O: Unregister NMethod: java.util.concurrent.ConcurrentHashMap.compute (0x00007ab2a6cfeb08) [0x00007ab2a6cfeca0, 0x00007ab2a6d02560] 
[5,137s][debug][gc,nmethod     ] GC(2) O: Unregister NMethod: io.sirix.axis.AbstractAxis.tryToComputeNext (0x00007ab288276508) [0x00007ab288276600, 0x00007ab288276d30] 
[5,137s][debug][gc,nmethod     ] GC(2) O: Unregister NMethod: io.sirix.access.trx.page.NodeStorageEngineReader.getResourceSession (0x00007ab287d21408) [0x00007ab287d21500, 0x00007ab287d21970] 
[5,137s][debug][gc,nmethod     ] GC(2) O: Unregister NMethod: io.sirix.index.path.summary.PathSummaryWriter.getPathNodeKey (0x00007ab28762b888) [0x00007ab28762b980, 0x00007ab28762f790] 
[5,137s][debug][gc,nmethod     ] GC(2) O: Unregister NMethod: net.jpountz.lz4.LZ4BlockInputStream.read (0x00007ab287a1f788) [0x00007ab287a1f880, 0x00007ab287a20160] 
[5,137s][debug][gc,nmethod     ] GC(2) O: Unregister NMethod: jdk.internal.util.ArraysSupport.mismatch (0x00007ab287844088) [0x00007ab287844180, 0x00007ab287844538] 
[5,137s][debug][gc,nmethod     ] GC(2) O: Unregister NMethod: java.nio.channels.spi.AbstractInterruptibleChannel.end (0x00007ab2a6d09208) [0x00007ab2a6d09300, 0x00007ab2a6d09a78] 
[5,137s][debug][gc,nmethod     ] GC(2) O: Unregister NMethod: java.nio.HeapByteBuffer.getLong (0x00007ab288292508) [0x00007ab288292600, 0x00007ab2882940c8] 
[5,137s][debug][gc,nmethod     ] GC(2) O: Unregister NMethod: net.jpountz.lz4.LZ4BlockInputStream.refill (0x00007ab2a6cea008) [0x00007ab2a6cea100, 0x00007ab2a6cec600] 
[5,137s][debug][gc,nmethod     ] GC(2) O: Unregister NMethod: io.sirix.access.trx.page.NodeStorageEngineReader$PageReferenceToPage.<init> (0x00007ab287a5c708) [0x00007ab287a5c800, 0x00007ab287a5caa8] 
[5,137s][debug][gc,nmethod     ] GC(2) O: Unregister NMethod: java.lang.String.compareTo (0x00007ab287dace88) [0x00007ab287dacf80, 0x00007ab287dad7b0] 
[5,137s][debug][gc,nmethod     ] GC(2) O: Unregister NMethod: io.sirix.index.path.summary.PathNode.getPrefixKey (0x00007ab287eeb908) [0x00007ab287eeba00, 0x00007ab287eebb60] 
[5,137s][debug][gc,nmethod     ] GC(2) O: Unregister NMethod: io.sirix.page.PageReference.setDatabaseId (0x00007ab28753bf08) [0x00007ab28753c000, 0x00007ab28753c110] 
[5,137s][debug][gc,nmethod     ] GC(2) O: Unregister NMethod: it.unimi.dsi.fastutil.ints.Int2LongOpenHashMap.get (0x00007ab2a6d79f08) [0x00007ab2a6d7a000, 0x00007ab2a6d7a360] 
[5,137s][debug][gc,nmethod     ] GC(2) O: Unregister NMethod: io.sirix.axis.DescendantAxis.nextKey (0x00007ab2a6e8cb08) [0x00007ab2a6e8cc00, 0x00007ab2a6e8f430] 
[5,137s][debug][gc,nmethod     ] GC(2) O: Unregister NMethod: sun.nio.ch.FileChannelImpl.readInternal (0x00007ab2a6e7fd88) [0x00007ab2a6e7fe80, 0x00007ab2a6e826e8] 
[5,137s][debug][gc,nmethod     ] GC(2) O: Unregister NMethod: io.sirix.index.path.summary.PathSummaryReader.getRightSiblingKey (0x00007ab287e96288) [0x00007ab287e96380, 0x00007ab287e96b00] 
[5,137s][debug][gc,nmethod     ] GC(2) O: Unregister NMethod: org.magicwerk.brownies.collections.GapList.doAdd (0x00007ab28807d088) [0x00007ab28807d180, 0x00007ab28807f140] 
[5,137s][debug][gc,nmethod     ] GC(2) O: Unregister NMethod: io.sirix.node.xml.ElementNode.<init> (0x00007ab28827d708) [0x00007ab28827d800, 0x00007ab28827db18] 
[5,137s][debug][gc,nmethod     ] GC(2) O: Unregister NMethod: io.sirix.index.path.summary.PathSummaryReader.putMapping (0x00007ab2a6d80688) [0x00007ab2a6d80780, 0x00007ab2a6d80a98] 
[5,137s][debug][gc,nmethod     ] GC(2) O: Unregister NMethod: io.sirix.access.trx.page.NodeStorageEngineReader.getRecordPage (0x00007ab2a6d0ed88) [0x00007ab2a6d0ee80, 0x00007ab2a6d10818] 
[5,137s][debug][gc,nmethod     ] GC(2) O: Unregister NMethod: com.sun.org.apache.xerces.internal.impl.XMLDocumentFragmentScannerImpl$FragmentContentDriver.next (0x00007ab287d50688) [0x00007ab287d50780, 0x00007ab287d5e580] 
[5,137s][debug][gc,nmethod     ] GC(2) O: Unregister NMethod: java.lang.Long.numberOfTrailingZeros (0x00007ab287be0d88) [0x00007ab287be0e80, 0x00007ab287be1028] 
[5,137s][debug][gc,nmethod     ] GC(2) O: Unregister NMethod: io.sirix.axis.filter.FilterAxis.reset (0x00007ab287eaa708) [0x00007ab287eaa800, 0x00007ab287eaac50] 
[5,137s][debug][gc,nmethod     ] GC(2) O: Unregister NMethod: io.sirix.access.trx.page.NodeStorageEngineWriter.prepareRecordForModification (0x00007ab2a6d32008) [0x00007ab2a6d32100, 0x00007ab2a6d33460] 
[5,137s][debug][gc,nmethod     ] GC(2) O: Unregister NMethod: io.sirix.access.trx.page.NodeStorageEngineReader.getRecordPage (0x00007ab288280388) [0x00007ab288280480, 0x00007ab28828b978] 
[5,137s][debug][gc,nmethod     ] GC(2) O: Unregister NMethod: io.sirix.page.KeyValueLeafPage.processEntries (0x00007ab2881c4e08) [0x00007ab2881c4f00, 0x00007ab2881d9498] 
[5,137s][debug][gc,nmethod     ] GC(2) O: Unregister NMethod: io.sirix.axis.filter.FilterAxis.<init> (0x00007ab287d7a608) [0x00007ab287d7a700, 0x00007ab287d7d288] 
[5,137s][debug][gc,nmethod     ] GC(2) O: Unregister NMethod: jdk.xml.internal.XMLSecurityManager.isOverLimit (0x00007ab2a6d52488) [0x00007ab2a6d52580, 0x00007ab2a6d527e8] 
[5,137s][debug][gc,nmethod     ] GC(2) O: Unregister NMethod: java.lang.StringConcatHelper.checkOverflow (0x00007ab2874cee08) [0x00007ab2874cef00, 0x00007ab2874cf0d8] 
[5,137s][debug][gc,nmethod     ] GC(2) O: Unregister NMethod: io.sirix.page.delegates.BitmapReferencesPage.getOrCreateReference (0x00007ab2a6d5c408) [0x00007ab2a6d5c500, 0x00007ab2a6d5cd58] 
[5,137s][debug][gc,nmethod     ] GC(2) O: Unregister NMethod: io.sirix.access.trx.page.NodeStorageEngineReader.getMostRecentPage (0x00007ab28827a308) [0x00007ab28827a400, 0x00007ab28827ad18] 
[5,137s][debug][gc,nmethod     ] GC(2) O: Unregister NMethod: io.sirix.page.PageKind$1.deserializePage (0x00007ab2882a6a88) [0x00007ab2882a6b80, 0x00007ab2882aac00] 
[5,137s][debug][gc,nmethod     ] GC(2) O: Unregister NMethod: io.sirix.page.KeyValueLeafPage.setSlot (0x00007ab28825b188) [0x00007ab28825b280, 0x00007ab28825b428] 
[5,137s][debug][gc,nmethod     ] GC(2) O: Unregister NMethod: com.sun.org.apache.xerces.internal.impl.XMLStreamReaderImpl.next (0x00007ab28752f608) [0x00007ab28752f700, 0x00007ab287531f58] 
[5,137s][debug][gc,nmethod     ] GC(2) O: Unregister NMethod: java.lang.Long.numberOfLeadingZeros (0x00007ab2877cd908) [0x00007ab2877cda00, 0x00007ab2877cdba8] 
[5,137s][debug][gc,nmethod     ] GC(2) O: Unregister NMethod: io.sirix.node.Bytes.elasticOffHeapByteBuffer (0x00007ab287e28b88) [0x00007ab287e28c80, 0x00007ab287e295c8] 
[5,137s][debug][gc,nmethod     ] GC(2) O: Unregister NMethod: io.sirix.access.trx.node.xml.XmlNodeTrxImpl.adaptForInsert (0x00007ab2a6d81708) [0x00007ab2a6d81800, 0x00007ab2a6d84958] 
[5,137s][debug][gc,nmethod     ] GC(2) O: Unregister NMethod: java.nio.ByteBuffer.limit (0x00007ab287820a08) [0x00007ab287820b00, 0x00007ab287820c48] 
[5,137s][debug][gc,nmethod     ] GC(2) O: Unregister NMethod: com.sun.org.apache.xerces.internal.xni.XMLString.append (0x00007ab287f00a88) [0x00007ab287f00b80, 0x00007ab287f01058] 
[5,138s][debug][gc,nmethod     ] GC(2) O: Unregister NMethod: com.sun.xml.internal.stream.events.XMLEventAllocatorImpl.fillNamespaceAttributes (0x00007ab287f33008) [0x00007ab287f33100, 0x00007ab287f337b0] 
[5,138s][debug][gc,nmethod     ] GC(2) O: Unregister NMethod: io.sirix.index.path.summary.PathSummaryReader.getNodeKey (0x00007ab2a6d44608) [0x00007ab2a6d44700, 0x00007ab2a6d44880] 
[5,138s][debug][gc,nmethod     ] GC(2) O: Unregister NMethod: io.sirix.index.path.summary.PathSummaryReader.assertNotClosed (0x00007ab287bd8908) [0x00007ab287bd8a00, 0x00007ab287bd8bf8] 
[5,138s][debug][gc,nmethod     ] GC(2) O: Unregister NMethod: io.sirix.node.NodeKind$1.deserialize (0x00007ab28828ba08) [0x00007ab28828bb00, 0x00007ab28828f148] 
[5,138s][debug][gc,nmethod     ] GC(2) O: Unregister NMethod: jdk.internal.misc.Blocker.begin (0x00007ab287a18f88) [0x00007ab287a19080, 0x00007ab287a191d8] 
[5,138s][debug][gc,nmethod     ] GC(2) O: Unregister NMethod: jdk.internal.foreign.ArenaImpl.allocate (0x00007ab2a6d47d88) [0x00007ab2a6d47e80, 0x00007ab2a6d489a0] 
[5,138s][debug][gc,nmethod     ] GC(2) O: Unregister NMethod: jdk.internal.foreign.GlobalSession.acquire0 (0x00007ab287be4b08) [0x00007ab287be4c00, 0x00007ab287be4d00] 
[5,138s][debug][gc,nmethod     ] GC(2) O: Unregister NMethod: io.sirix.index.path.summary.PathSummaryWriter.getPathNodeKey (0x00007ab2a6d9c808) [0x00007ab2a6d9c900, 0x00007ab2a6d9e690] 
[5,138s][debug][gc,nmethod     ] GC(2) O: Unregister NMethod: java.util.HashMap.afterNodeAccess (0x00007ab288018388) [0x00007ab288018480, 0x00007ab288018580] 
[5,138s][debug][gc,nmethod     ] GC(2) O: Unregister NMethod: com.sun.org.apache.xerces.internal.impl.XMLEntityScanner.skipSpaces (0x00007ab2a6dda008) [0x00007ab2a6dda100, 0x00007ab2a6dda5d8] 
[5,138s][debug][gc,nmethod     ] GC(2) O: Unregister NMethod: io.sirix.axis.filter.FilterAxis.nextKey (0x00007ab2a6d53288) [0x00007ab2a6d53380, 0x00007ab2a6d55220] 
[5,138s][debug][gc,nmethod     ] GC(2) O: Unregister NMethod: io.sirix.access.trx.node.AbstractNodeReadOnlyTrx.getFirstChildKey (0x00007ab287b75908) [0x00007ab287b75a00, 0x00007ab287b76208] 
[5,138s][debug][gc,nmethod     ] GC(2) O: Unregister NMethod: io.sirix.page.PageReference.setKey (0x00007ab287777808) [0x00007ab287777900, 0x00007ab287777a10] 
[5,138s][debug][gc,nmethod     ] GC(2) O: Unregister NMethod: io.sirix.index.path.summary.PathSummaryReader.putMapping (0x00007ab287e88008) [0x00007ab287e88100, 0x00007ab287e88b38] 
[5,138s][debug][gc,nmethod     ] GC(2) O: Unregister NMethod: io.sirix.node.json.JsonNodeSerializer.readSizePrefix (0x00007ab28827d388) [0x00007ab28827d480, 0x00007ab28827d6a0] 
[5,138s][debug][gc,nmethod     ] GC(2) O: Unregister NMethod: io.sirix.node.NodeSerializerImpl.deserialize (0x00007ab288262b88) [0x00007ab288262c80, 0x00007ab2882630e8] 
[5,138s][debug][gc,nmethod     ] GC(2) O: Unregister NMethod: com.sun.org.apache.xerces.internal.impl.XMLStreamReaderImpl.getText (0x00007ab287c64108) [0x00007ab287c64200, 0x00007ab287c666f8] 
[5,138s][debug][gc,nmethod     ] GC(2) O: Unregister NMethod: java.util.concurrent.atomic.AtomicLongFieldUpdater$CASUpdater.get (0x00007ab287adc608) [0x00007ab287adc700, 0x00007ab287adcb08] 
[5,138s][debug][gc,nmethod     ] GC(2) O: Unregister NMethod: jdk.internal.foreign.SegmentBulkOperations.copy (0x00007ab287d3fa88) [0x00007ab287d3fb80, 0x00007ab287d50040] 
[5,138s][debug][gc,nmethod     ] GC(2) O: Unregister NMethod: java.lang.invoke.DirectMethodHandle.allocateInstance (0x00007ab2875b1b08) [0x00007ab2875b1c00, 0x00007ab2875b2120] 
[5,138s][debug][gc,nmethod     ] GC(2) O: Unregister NMethod: io.sirix.page.KeyValueLeafPage.setDeweyId (0x00007ab287be0a08) [0x00007ab287be0b00, 0x00007ab287be0d58] 
[5,138s][debug][gc,nmethod     ] GC(2) O: Unregister NMethod: com.sun.org.apache.xerces.internal.util.NamespaceSupport.pushContext (0x00007ab2875a4b08) [0x00007ab2875a4c00, 0x00007ab2875a4f70] 
[5,138s][debug][gc,nmethod     ] GC(2) O: Unregister NMethod: io.sirix.node.xml.TextNode.hasRightSibling (0x00007ab287c5eb88) [0x00007ab287c5ec80, 0x00007ab287c640b8] 
[5,138s][debug][gc,nmethod     ] GC(2) O: Unregister NMethod: io.sirix.cache.ShardedPageCache$$Lambda/0x000000006c2548a8.apply (0x00007ab287a55508) [0x00007ab287a55600, 0x00007ab287a561d0] 
[5,138s][debug][gc,nmethod     ] GC(2) O: Unregister NMethod: io.sirix.index.path.summary.PathSummaryReader.hasRightSibling (0x00007ab287e75688) [0x00007ab287e75780, 0x00007ab287e75f08] 
[5,138s][debug][gc,nmethod     ] GC(2) O: Unregister NMethod: io.sirix.access.trx.node.AbstractNodeReadOnlyTrx.getLeftSiblingKey (0x00007ab287c58808) [0x00007ab287c58900, 0x00007ab287c59108] 
[5,138s][debug][gc,nmethod     ] GC(2) O: Unregister NMethod: io.sirix.index.path.summary.PathSummaryReader.moveTo (0x00007ab288267788) [0x00007ab288267880, 0x00007ab288268570] 
[5,138s][debug][gc,nmethod     ] GC(2) O: Unregister NMethod: io.sirix.access.trx.node.AbstractNodeReadOnlyTrx.getRightSiblingKey (0x00007ab287c3f588) [0x00007ab287c3f680, 0x00007ab287c3fe88] 
[5,138s][debug][gc,nmethod     ] GC(2) O: Unregister NMethod: jdk.internal.foreign.Utils.checkAllocationSizeAndAlign (0x00007ab287aae008) [0x00007ab287aae100, 0x00007ab287aaf390] 
[5,138s][debug][gc,nmethod     ] GC(2) O: Unregister NMethod: io.sirix.access.trx.page.NodeStorageEngineReader.getDataRecord (0x00007ab288263c88) [0x00007ab288263d80, 0x00007ab288264b88] 
[5,138s][debug][gc,nmethod     ] GC(2) O: Unregister NMethod: jdk.internal.foreign.SegmentFactories$1.<init> (0x00007ab287aa8c88) [0x00007ab287aa8d80, 0x00007ab287aa8f50] 
[5,138s][debug][gc,nmethod     ] GC(2) O: Unregister NMethod: io.sirix.page.NamePage.setName (0x00007ab2a6d7d308) [0x00007ab2a6d7d400, 0x00007ab2a6d7d6d0] 
[5,138s][debug][gc,nmethod     ] GC(2) O: Unregister NMethod: io.sirix.settings.VersioningType$4.combineRecordPages (0x00007ab28825b488) [0x00007ab28825b580, 0x00007ab28825fe10] 
[5,138s][debug][gc,nmethod     ] GC(2) O: Unregister NMethod: java.io.ByteArrayInputStream.read (0x00007ab287427808) [0x00007ab287427900, 0x00007ab287427fe8] 
[5,138s][debug][gc,nmethod     ] GC(2) O: Unregister NMethod: io.sirix.axis.filter.FilterAxis.nextKey (0x00007ab287bd8c08) [0x00007ab287bd8d00, 0x00007ab287bda310] 
[5,138s][debug][gc,nmethod     ] GC(2) O: Unregister NMethod: com.sun.org.apache.xerces.internal.impl.XMLStreamReaderImpl.getText (0x00007ab2a6d75388) [0x00007ab2a6d75480, 0x00007ab2a6d75980] 
[5,138s][debug][gc,nmethod     ] GC(2) O: Unregister NMethod: io.sirix.access.trx.node.xml.XmlNodeTrxImpl.adaptForInsert (0x00007ab287f33808) [0x00007ab287f33900, 0x00007ab287f366a8] 
[5,138s][debug][gc,nmethod     ] GC(2) O: Unregister NMethod: net.jpountz.lz4.LZ4BlockInputStream.tryReadFully (0x00007ab287461c88) [0x00007ab287461d80, 0x00007ab287462300] 
[5,138s][debug][gc,nmethod     ] GC(2) O: Unregister NMethod: java.util.concurrent.ForkJoinPool.deactivate (0x00007ab2a6cf3b88) [0x00007ab2a6cf3c80, 0x00007ab2a6cf4bd8] 
[5,138s][debug][gc,nmethod     ] GC(2) O: Unregister NMethod: io.sirix.axis.ChildAxis.nextKey (0x00007ab287e11688) [0x00007ab287e11780, 0x00007ab287e127b0] 
[5,138s][debug][gc,nmethod     ] GC(2) O: Unregister NMethod: io.sirix.access.trx.node.xml.XmlNodeReadOnlyTrxImpl.isNameNode (0x00007ab288278308) [0x00007ab288278400, 0x00007ab288278c38] 
[5,138s][debug][gc,nmethod     ] GC(2) O: Unregister NMethod: java.util.HashMap$KeySet.iterator (0x00007ab28743ab08) [0x00007ab28743ac00, 0x00007ab28743af80] 
[5,138s][debug][gc,nmethod     ] GC(2) O: Unregister NMethod: com.sun.org.apache.xerces.internal.impl.PropertyManager.getProperty (0x00007ab287e88b88) [0x00007ab287e88c80, 0x00007ab287e8a740] 
[5,138s][debug][gc,nmethod     ] GC(2) O: Unregister NMethod: io.sirix.node.MemorySegmentBytesOut.toByteArray (0x00007ab287e1e008) [0x00007ab287e1e100, 0x00007ab287e1e278] 
[5,138s][debug][gc,nmethod     ] GC(2) O: Unregister NMethod: jdk.internal.foreign.SegmentFactories.allocateMemoryWrapper (0x00007ab287aa8788) [0x00007ab287aa8880, 0x00007ab287aa8c38] 
[5,138s][debug][gc,nmethod     ] GC(2) O: Unregister NMethod: java.nio.MappedByteBuffer.flip (0x00007ab287a19b88) [0x00007ab287a19c80, 0x00007ab287a1a070] 
[5,138s][debug][gc,nmethod     ] GC(2) O: Unregister NMethod: io.sirix.axis.DescendantAxis.hasNextNode (0x00007ab28827c308) [0x00007ab28827c400, 0x00007ab28827d368] 
[5,138s][debug][gc,nmethod     ] GC(2) O: Unregister NMethod: io.sirix.axis.filter.FilterAxis.nextKey (0x00007ab28827db88) [0x00007ab28827dc80, 0x00007ab28827f290] 
[5,138s][debug][gc,nmethod     ] GC(2) O: Unregister NMethod: com.sun.org.apache.xerces.internal.impl.XMLStreamReaderImpl.next (0x00007ab2a6d4f408) [0x00007ab2a6d4f500, 0x00007ab2a6d4f7f0] 
[5,138s][debug][gc,nmethod     ] GC(2) O: Unregister NMethod: jdk.internal.misc.Blocker.end (0x00007ab287a12d08) [0x00007ab287a12e00, 0x00007ab287a13278] 
[5,138s][debug][gc,nmethod     ] GC(2) O: Unregister NMethod: com.sun.xml.internal.stream.events.XMLEventAllocatorImpl.fillNamespaceAttributes (0x00007ab287e9ed08) [0x00007ab287e9ee00, 0x00007ab287e9f4b0] 
[5,138s][debug][gc,nmethod     ] GC(2) O: Unregister NMethod: jdk.internal.foreign.Utils.alignUp (0x00007ab287aa9708) [0x00007ab287aa9800, 0x00007ab287aa98f8] 
[5,138s][debug][gc,nmethod     ] GC(2) O: Unregister NMethod: io.sirix.node.GrowingMemorySegment.<init> (0x00007ab2a6d5b308) [0x00007ab2a6d5b400, 0x00007ab2a6d5c098] 
[5,138s][debug][gc,nmethod     ] GC(2) O: Unregister NMethod: io.sirix.node.xml.AbstractStructForwardingNode.hasFirstChild (0x00007ab288267088) [0x00007ab288267180, 0x00007ab288267728] 
[5,138s][debug][gc,nmethod     ] GC(2) O: Unregister NMethod: io.sirix.index.path.summary.PathSummaryReader.getPathNode (0x00007ab287e1e308) [0x00007ab287e1e400, 0x00007ab287e1eae8] 
[5,138s][debug][gc,nmethod     ] GC(2) O: Unregister NMethod: io.sirix.index.path.summary.PathSummaryReader.moveTo (0x00007ab2a6d3c908) [0x00007ab2a6d3ca00, 0x00007ab2a6d3cc40] 
[5,138s][debug][gc,nmethod     ] GC(2) O: Unregister NMethod: io.sirix.node.xml.AbstractStructForwardingNode.getRightSiblingKey (0x00007ab287e74c08) [0x00007ab287e74d00, 0x00007ab287e75030] 
[5,138s][debug][gc,nmethod     ] GC(2) O: Unregister NMethod: java.util.HashMap.keySet (0x00007ab28743c108) [0x00007ab28743c200, 0x00007ab28743c688] 
[5,138s][debug][gc,nmethod     ] GC(2) O: Unregister NMethod: io.sirix.access.trx.node.xml.XmlNodeReadOnlyTrxImpl.getLocalNameKey (0x00007ab28827ad88) [0x00007ab28827ae80, 0x00007ab28827bd48] 
[5,138s][debug][gc,nmethod     ] GC(2) O: Unregister NMethod: java.util.BitSet.nextSetBit (0x00007ab28825fe88) [0x00007ab28825ff80, 0x00007ab288260f70] 
[5,138s][debug][gc,nmethod     ] GC(2) O: Unregister NMethod: java.lang.ref.Finalizer.<init> (0x00007ab287a3a288) [0x00007ab287a3a380, 0x00007ab287a3aaa8] 
[5,138s][debug][gc,phases      ] GC(2) O: Concurrent Classes Unlink 5,061ms
[5,138s][debug][gc,phases,start] GC(2) O: Concurrent Classes Purge
[5,138s][debug][gc,nmethod     ] GC(2) O: Purge NMethod: io.sirix.axis.AbstractAxis.<init> (0x00007ab2a6d59708) [0x00007ab2a6d59800, 0x00007ab2a6d59f80] 
[5,138s][debug][gc,nmethod     ] GC(2) O: Purge NMethod: io.sirix.access.trx.page.NodeStorageEngineWriter.prepareRecordForModification (0x00007ab287f30888) [0x00007ab287f30980, 0x00007ab287f32808] 
[5,138s][debug][gc,nmethod     ] GC(2) O: Purge NMethod: io.sirix.axis.DescendantAxis.nextKey (0x00007ab287b8a608) [0x00007ab287b8a700, 0x00007ab287b8cce0] 
[5,138s][debug][gc,nmethod     ] GC(2) O: Purge NMethod: io.sirix.axis.filter.FilterAxis.nextKey (0x00007ab2882aac88) [0x00007ab2882aad80, 0x00007ab2882ac400] 
[5,138s][debug][gc,nmethod     ] GC(2) O: Purge NMethod: io.sirix.index.path.summary.PathSummaryReader.hasFirstChild (0x00007ab287536108) [0x00007ab287536200, 0x00007ab287536988] 
[5,138s][debug][gc,nmethod     ] GC(2) O: Purge NMethod: java.lang.StringLatin1.inflate (0x00007ab28778f388) [0x00007ab28778f480, 0x00007ab28778f670] 
[5,138s][debug][gc,nmethod     ] GC(2) O: Purge NMethod: it.unimi.dsi.fastutil.ints.Int2LongOpenHashMap.get (0x00007ab287508d08) [0x00007ab287508e00, 0x00007ab287509350] 
[5,138s][debug][gc,nmethod     ] GC(2) O: Purge NMethod: sun.nio.ch.FileChannelImpl.implRead (0x00007ab287a1ec88) [0x00007ab287a1ed80, 0x00007ab287a1f778] 
[5,138s][debug][gc,nmethod     ] GC(2) O: Purge NMethod: io.sirix.node.xml.TextNode.<init> (0x00007ab28827ff08) [0x00007ab288280000, 0x00007ab288280300] 
[5,138s][debug][gc,nmethod     ] GC(2) O: Purge NMethod: io.sirix.access.trx.page.NodeStorageEngineReader.getPathSummaryPage (0x00007ab287d61308) [0x00007ab287d61400, 0x00007ab287d623d8] 
[5,138s][debug][gc,nmethod     ] GC(2) O: Purge NMethod: java.util.concurrent.ConcurrentHashMap$BaseIterator.hasNext (0x00007ab28767c708) [0x00007ab28767c800, 0x00007ab28767c980] 
[5,138s][debug][gc,nmethod     ] GC(2) O: Purge NMethod: com.sun.org.apache.xerces.internal.impl.XMLNSDocumentScannerImpl.scanStartElement (0x00007ab287dfc988) [0x00007ab287dfca80, 0x00007ab287e05a20] 
[5,138s][debug][gc,nmethod     ] GC(2) O: Purge NMethod: jdk.internal.util.DecimalDigits.uncheckedPutCharLatin1 (0x00007ab287787388) [0x00007ab287787480, 0x00007ab287787580] 
[5,138s][debug][gc,nmethod     ] GC(2) O: Purge NMethod: jdk.internal.foreign.SegmentFactories.allocateNativeInternal (0x00007ab2a6e06808) [0x00007ab2a6e06920, 0x00007ab2a6e07380] 
[5,138s][debug][gc,nmethod     ] GC(2) O: Purge NMethod: com.sun.org.apache.xerces.internal.impl.XMLEntityScanner.skipSpaces (0x00007ab287488208) [0x00007ab287488300, 0x00007ab287489590] 
[5,138s][debug][gc,nmethod     ] GC(2) O: Purge NMethod: io.sirix.access.trx.page.NodeStorageEngineReader.getPageReference (0x00007ab287b0ec08) [0x00007ab287b0ed00, 0x00007ab287b17da8] 
[5,138s][debug][gc,nmethod     ] GC(2) O: Purge NMethod: io.sirix.axis.filter.AbstractFilter.getTrx (0x00007ab287e1fe08) [0x00007ab287e1ff00, 0x00007ab287e20200] 
[5,138s][debug][gc,nmethod     ] GC(2) O: Purge NMethod: io.sirix.node.xml.ElementNode.setFirstChildKey (0x00007ab287f2b608) [0x00007ab287f2b700, 0x00007ab287f30828] 
[5,138s][debug][gc,nmethod     ] GC(2) O: Purge NMethod: io.sirix.page.NamePage.setName (0x00007ab2874c0008) [0x00007ab2874c0100, 0x00007ab2874c16a0] 
[5,138s][debug][gc,nmethod     ] GC(2) O: Purge NMethod: java.lang.Byte.hashCode (0x00007ab287838f88) [0x00007ab287839080, 0x00007ab2878391d8] 
[5,138s][debug][gc,nmethod     ] GC(2) O: Purge NMethod: jdk.internal.foreign.SegmentFactories.allocateNativeSegment (0x00007ab2a6d44908) [0x00007ab2a6d44a20, 0x00007ab2a6d45570] 
[5,138s][debug][gc,nmethod     ] GC(2) O: Purge NMethod: io.sirix.axis.AbstractAxis.tryToComputeNext (0x00007ab288276508) [0x00007ab288276600, 0x00007ab288276d30] 
[5,138s][debug][gc,nmethod     ] GC(2) O: Purge NMethod: net.jpountz.lz4.LZ4BlockInputStream.read (0x00007ab287a1f788) [0x00007ab287a1f880, 0x00007ab287a20160] 
[5,138s][debug][gc,nmethod     ] GC(2) O: Purge NMethod: it.unimi.dsi.fastutil.ints.Int2LongOpenHashMap.get (0x00007ab2a6d79f08) [0x00007ab2a6d7a000, 0x00007ab2a6d7a360] 
[5,138s][debug][gc,nmethod     ] GC(2) O: Purge NMethod: io.sirix.index.path.summary.PathSummaryReader.getRightSiblingKey (0x00007ab287e96288) [0x00007ab287e96380, 0x00007ab287e96b00] 
[5,138s][debug][gc,nmethod     ] GC(2) O: Purge NMethod: com.sun.org.apache.xerces.internal.impl.XMLDocumentFragmentScannerImpl$FragmentContentDriver.next (0x00007ab287d50688) [0x00007ab287d50780, 0x00007ab287d5e580] 
[5,138s][debug][gc,nmethod     ] GC(2) O: Purge NMethod: jdk.xml.internal.XMLSecurityManager.isOverLimit (0x00007ab2a6d52488) [0x00007ab2a6d52580, 0x00007ab2a6d527e8] 
[5,138s][debug][gc,nmethod     ] GC(2) O: Purge NMethod: io.sirix.page.delegates.BitmapReferencesPage.getOrCreateReference (0x00007ab2a6d5c408) [0x00007ab2a6d5c500, 0x00007ab2a6d5cd58] 
[5,138s][debug][gc,nmethod     ] GC(2) O: Purge NMethod: io.sirix.page.KeyValueLeafPage.setSlot (0x00007ab28825b188) [0x00007ab28825b280, 0x00007ab28825b428] 
[5,138s][debug][gc,nmethod     ] GC(2) O: Purge NMethod: io.sirix.node.Bytes.elasticOffHeapByteBuffer (0x00007ab287e28b88) [0x00007ab287e28c80, 0x00007ab287e295c8] 
[5,138s][debug][gc,nmethod     ] GC(2) O: Purge NMethod: java.util.HashMap.afterNodeAccess (0x00007ab288018388) [0x00007ab288018480, 0x00007ab288018580] 
[5,138s][debug][gc,nmethod     ] GC(2) O: Purge NMethod: io.sirix.page.PageReference.setKey (0x00007ab287777808) [0x00007ab287777900, 0x00007ab287777a10] 
[5,138s][debug][gc,nmethod     ] GC(2) O: Purge NMethod: java.lang.invoke.DirectMethodHandle.allocateInstance (0x00007ab2875b1b08) [0x00007ab2875b1c00, 0x00007ab2875b2120] 
[5,138s][debug][gc,nmethod     ] GC(2) O: Purge NMethod: io.sirix.index.path.summary.PathSummaryReader.hasRightSibling (0x00007ab287e75688) [0x00007ab287e75780, 0x00007ab287e75f08] 
[5,138s][debug][gc,nmethod     ] GC(2) O: Purge NMethod: jdk.internal.foreign.Utils.checkAllocationSizeAndAlign (0x00007ab287aae008) [0x00007ab287aae100, 0x00007ab287aaf390] 
[5,138s][debug][gc,nmethod     ] GC(2) O: Purge NMethod: io.sirix.settings.VersioningType$4.combineRecordPages (0x00007ab28825b488) [0x00007ab28825b580, 0x00007ab28825fe10] 
[5,138s][debug][gc,nmethod     ] GC(2) O: Purge NMethod: java.util.concurrent.ForkJoinPool.deactivate (0x00007ab2a6cf3b88) [0x00007ab2a6cf3c80, 0x00007ab2a6cf4bd8] 
[5,138s][debug][gc,nmethod     ] GC(2) O: Purge NMethod: io.sirix.access.trx.node.xml.XmlNodeReadOnlyTrxImpl.isNameNode (0x00007ab288278308) [0x00007ab288278400, 0x00007ab288278c38] 
[5,138s][debug][gc,nmethod     ] GC(2) O: Purge NMethod: io.sirix.node.MemorySegmentBytesOut.toByteArray (0x00007ab287e1e008) [0x00007ab287e1e100, 0x00007ab287e1e278] 
[5,138s][debug][gc,nmethod     ] GC(2) O: Purge NMethod: io.sirix.axis.DescendantAxis.hasNextNode (0x00007ab28827c308) [0x00007ab28827c400, 0x00007ab28827d368] 
[5,138s][debug][gc,nmethod     ] GC(2) O: Purge NMethod: io.sirix.node.GrowingMemorySegment.<init> (0x00007ab2a6d5b308) [0x00007ab2a6d5b400, 0x00007ab2a6d5c098] 
[5,138s][debug][gc,nmethod     ] GC(2) O: Purge NMethod: io.sirix.node.xml.AbstractStructForwardingNode.getRightSiblingKey (0x00007ab287e74c08) [0x00007ab287e74d00, 0x00007ab287e75030] 
[5,138s][debug][gc,nmethod     ] GC(2) O: Purge NMethod: io.sirix.node.MemorySegmentBytesIn.read (0x00007ab287816e88) [0x00007ab287816f80, 0x00007ab2878170d8] 
[5,138s][debug][gc,nmethod     ] GC(2) O: Purge NMethod: io.sirix.index.path.summary.PathSummaryReader.getStructuralNode (0x00007ab287ded588) [0x00007ab287ded680, 0x00007ab287deda38] 
[5,138s][debug][gc,nmethod     ] GC(2) O: Purge NMethod: io.sirix.cache.ShardedPageCache.getAndGuard (0x00007ab287a54308) [0x00007ab287a54400, 0x00007ab287a54c68] 
[5,138s][debug][gc,nmethod     ] GC(2) O: Purge NMethod: io.sirix.access.trx.page.NodeStorageEngineReader.getRecordPage (0x00007ab2a6e82a08) [0x00007ab2a6e82b00, 0x00007ab2a6e84478] 
[5,138s][debug][gc,nmethod     ] GC(2) O: Purge NMethod: io.sirix.access.trx.RevisionEpochTracker.minActiveRevision (0x00007ab2880a6588) [0x00007ab2880a6680, 0x00007ab2880a7ee8] 
[5,138s][debug][gc,nmethod     ] GC(2) O: Purge NMethod: jdk.xml.internal.XMLLimitAnalyzer.addValue (0x00007ab2a6d60d88) [0x00007ab2a6d60e80, 0x00007ab2a6d61088] 
[5,138s][debug][gc,nmethod     ] GC(2) O: Purge NMethod: io.sirix.index.name.Names.setName (0x00007ab287a07d08) [0x00007ab287a07e00, 0x00007ab287a09ff0] 
[5,138s][debug][gc,nmethod     ] GC(2) O: Purge NMethod: io.sirix.page.SerializationType$1.deserializeBitmapReferencesPage (0x00007ab287c3a488) [0x00007ab287c3a580, 0x00007ab287c3bf98] 
[5,138s][debug][gc,nmethod     ] GC(2) O: Purge NMethod: jdk.xml.internal.JdkProperty$ImplPropMap.is (0x00007ab287e69788) [0x00007ab287e69880, 0x00007ab287e6a148] 
[5,138s][debug][gc,nmethod     ] GC(2) O: Purge NMethod: io.sirix.node.MemorySegmentBytesIn.getUnderlying (0x00007ab287e44908) [0x00007ab287e44a00, 0x00007ab287e44fe8] 
[5,138s][debug][gc,nmethod     ] GC(2) O: Purge NMethod: java.nio.DirectByteBuffer.address (0x00007ab2a6da2488) [0x00007ab2a6da2580, 0x00007ab2a6da2748] 
[5,139s][debug][gc,nmethod     ] GC(2) O: Purge NMethod: io.sirix.index.path.summary.PathSummaryWriter.getPathNodeKey (0x00007ab28762b888) [0x00007ab28762b980, 0x00007ab28762f790] 
[5,139s][debug][gc,nmethod     ] GC(2) O: Purge NMethod: java.nio.HeapByteBuffer.getLong (0x00007ab288292508) [0x00007ab288292600, 0x00007ab2882940c8] 
[5,139s][debug][gc,nmethod     ] GC(2) O: Purge NMethod: java.lang.Long.numberOfTrailingZeros (0x00007ab287be0d88) [0x00007ab287be0e80, 0x00007ab287be1028] 
[5,139s][debug][gc,nmethod     ] GC(2) O: Purge NMethod: io.sirix.page.KeyValueLeafPage.processEntries (0x00007ab2881c4e08) [0x00007ab2881c4f00, 0x00007ab2881d9498] 
[5,139s][debug][gc,nmethod     ] GC(2) O: Purge NMethod: java.lang.StringConcatHelper.checkOverflow (0x00007ab2874cee08) [0x00007ab2874cef00, 0x00007ab2874cf0d8] 
[5,139s][debug][gc,nmethod     ] GC(2) O: Purge NMethod: java.lang.Long.numberOfLeadingZeros (0x00007ab2877cd908) [0x00007ab2877cda00, 0x00007ab2877cdba8] 
[5,139s][debug][gc,nmethod     ] GC(2) O: Purge NMethod: io.sirix.index.path.summary.PathSummaryReader.assertNotClosed (0x00007ab287bd8908) [0x00007ab287bd8a00, 0x00007ab287bd8bf8] 
[5,139s][debug][gc,nmethod     ] GC(2) O: Purge NMethod: jdk.internal.foreign.GlobalSession.acquire0 (0x00007ab287be4b08) [0x00007ab287be4c00, 0x00007ab287be4d00] 
[5,139s][debug][gc,nmethod     ] GC(2) O: Purge NMethod: com.sun.org.apache.xerces.internal.impl.XMLEntityScanner.skipSpaces (0x00007ab2a6dda008) [0x00007ab2a6dda100, 0x00007ab2a6dda5d8] 
[5,139s][debug][gc,nmethod     ] GC(2) O: Purge NMethod: io.sirix.access.trx.node.AbstractNodeReadOnlyTrx.getFirstChildKey (0x00007ab287b75908) [0x00007ab287b75a00, 0x00007ab287b76208] 
[5,139s][debug][gc,nmethod     ] GC(2) O: Purge NMethod: java.util.concurrent.atomic.AtomicLongFieldUpdater$CASUpdater.get (0x00007ab287adc608) [0x00007ab287adc700, 0x00007ab287adcb08] 
[5,139s][debug][gc,nmethod     ] GC(2) O: Purge NMethod: jdk.internal.foreign.SegmentBulkOperations.copy (0x00007ab287d3fa88) [0x00007ab287d3fb80, 0x00007ab287d50040] 
[5,139s][debug][gc,nmethod     ] GC(2) O: Purge NMethod: com.sun.org.apache.xerces.internal.util.NamespaceSupport.pushContext (0x00007ab2875a4b08) [0x00007ab2875a4c00, 0x00007ab2875a4f70] 
[5,139s][debug][gc,nmethod     ] GC(2) O: Purge NMethod: io.sirix.cache.ShardedPageCache$$Lambda/0x000000006c2548a8.apply (0x00007ab287a55508) [0x00007ab287a55600, 0x00007ab287a561d0] 
[5,139s][debug][gc,nmethod     ] GC(2) O: Purge NMethod: io.sirix.index.path.summary.PathSummaryReader.moveTo (0x00007ab288267788) [0x00007ab288267880, 0x00007ab288268570] 
[5,139s][debug][gc,nmethod     ] GC(2) O: Purge NMethod: jdk.internal.foreign.SegmentFactories$1.<init> (0x00007ab287aa8c88) [0x00007ab287aa8d80, 0x00007ab287aa8f50] 
[5,139s][debug][gc,nmethod     ] GC(2) O: Purge NMethod: io.sirix.access.trx.node.xml.XmlNodeTrxImpl.adaptForInsert (0x00007ab287f33808) [0x00007ab287f33900, 0x00007ab287f366a8] 
[5,139s][debug][gc,nmethod     ] GC(2) O: Purge NMethod: java.util.HashMap$KeySet.iterator (0x00007ab28743ab08) [0x00007ab28743ac00, 0x00007ab28743af80] 
[5,139s][debug][gc,nmethod     ] GC(2) O: Purge NMethod: jdk.internal.foreign.Utils.alignUp (0x00007ab287aa9708) [0x00007ab287aa9800, 0x00007ab287aa98f8] 
[5,139s][debug][gc,nmethod     ] GC(2) O: Purge NMethod: io.sirix.index.path.summary.PathSummaryReader.getPathNode (0x00007ab287e1e308) [0x00007ab287e1e400, 0x00007ab287e1eae8] 
[5,139s][debug][gc,nmethod     ] GC(2) O: Purge NMethod: java.util.HashMap.keySet (0x00007ab28743c108) [0x00007ab28743c200, 0x00007ab28743c688] 
[5,139s][debug][gc,nmethod     ] GC(2) O: Purge NMethod: io.sirix.index.name.Names.setName (0x00007ab2a6d86b08) [0x00007ab2a6d86c00, 0x00007ab2a6d89368] 
[5,139s][debug][gc,nmethod     ] GC(2) O: Purge NMethod: io.sirix.axis.filter.FilterAxis.nextKey (0x00007ab2a6d7dc88) [0x00007ab2a6d7dd80, 0x00007ab2a6d7f098] 
[5,139s][debug][gc,nmethod     ] GC(2) O: Purge NMethod: java.lang.ref.Finalizer.register (0x00007ab287a39b88) [0x00007ab287a39c80, 0x00007ab287a39e20] 
[5,139s][debug][gc,nmethod     ] GC(2) O: Purge NMethod: io.sirix.node.NodeKind$2.serialize (0x00007ab2880f9008) [0x00007ab2880f9100, 0x00007ab28811da80] 
[5,139s][debug][gc,nmethod     ] GC(2) O: Purge NMethod: com.sun.org.apache.xerces.internal.impl.XMLStreamReaderImpl.getProperty (0x00007ab287e86a08) [0x00007ab287e86b00, 0x00007ab287e87330] 
[5,139s][debug][gc,nmethod     ] GC(2) O: Purge NMethod: io.sirix.access.trx.node.AbstractNodeReadOnlyTrx.hasRightSibling (0x00007ab287b46e88) [0x00007ab287b46f80, 0x00007ab287b47788] 
[5,139s][debug][gc,nmethod     ] GC(2) O: Purge NMethod: com.sun.org.apache.xerces.internal.util.NamespaceSupport.pushContext (0x00007ab2a6d70508) [0x00007ab2a6d70600, 0x00007ab2a6d70740] 
[5,139s][debug][gc,nmethod     ] GC(2) O: Purge NMethod: com.sun.org.apache.xerces.internal.impl.XMLStreamReaderImpl.getNamespaceCount (0x00007ab287e80a88) [0x00007ab287e80b80, 0x00007ab287e81278] 
[5,139s][debug][gc,nmethod     ] GC(2) O: Purge NMethod: io.sirix.index.path.summary.PathSummaryReader.hasFirstChild (0x00007ab2a6dbc108) [0x00007ab2a6dbc200, 0x00007ab2a6dbc390] 
[5,139s][debug][gc,nmethod     ] GC(2) O: Purge NMethod: io.sirix.axis.filter.xml.XmlNameFilter.filter (0x00007ab288276d88) [0x00007ab288276e80, 0x00007ab2882782c8] 
[5,139s][debug][gc,nmethod     ] GC(2) O: Purge NMethod: com.sun.xml.internal.stream.events.XMLEventAllocatorImpl.getXMLEvent (0x00007ab2a6d4d108) [0x00007ab2a6d4d220, 0x00007ab2a6d4ea00] 
[5,139s][debug][gc,nmethod     ] GC(2) O: Purge NMethod: io.sirix.node.MemorySegmentBytesIn.readStopBit (0x00007ab288268888) [0x00007ab288268980, 0x00007ab288268bb0] 
[5,139s][debug][gc,nmethod     ] GC(2) O: Purge NMethod: it.unimi.dsi.fastutil.ints.Int2ObjectOpenHashMap.get (0x00007ab2a6d7a388) [0x00007ab2a6d7a480, 0x00007ab2a6d7a8f8] 
[5,139s][debug][gc,nmethod     ] GC(2) O: Purge NMethod: sun.nio.ch.IOUtil.read (0x00007ab287a19888) [0x00007ab287a19980, 0x00007ab287a19aa8] 
[5,139s][debug][gc,nmethod     ] GC(2) O: Purge NMethod: io.sirix.page.PageReference.setResourceId (0x00007ab28753bc08) [0x00007ab28753bd00, 0x00007ab28753be10] 
[5,139s][debug][gc,nmethod     ] GC(2) O: Purge NMethod: io.sirix.access.trx.page.NodeStorageEngineReader.getRecordPage (0x00007ab28829b408) [0x00007ab28829b500, 0x00007ab2882a69f8] 
[5,139s][debug][gc,nmethod     ] GC(2) O: Purge NMethod: io.sirix.access.trx.page.NodeStorageEngineReader.getResourceSession (0x00007ab287d21408) [0x00007ab287d21500, 0x00007ab287d21970] 
[5,139s][debug][gc,nmethod     ] GC(2) O: Purge NMethod: io.sirix.access.trx.page.NodeStorageEngineReader$PageReferenceToPage.<init> (0x00007ab287a5c708) [0x00007ab287a5c800, 0x00007ab287a5caa8] 
[5,139s][debug][gc,nmethod     ] GC(2) O: Purge NMethod: io.sirix.index.path.summary.PathNode.getPrefixKey (0x00007ab287eeb908) [0x00007ab287eeba00, 0x00007ab287eebb60] 
[5,139s][debug][gc,nmethod     ] GC(2) O: Purge NMethod: io.sirix.axis.DescendantAxis.nextKey (0x00007ab2a6e8cb08) [0x00007ab2a6e8cc00, 0x00007ab2a6e8f430] 
[5,139s][debug][gc,nmethod     ] GC(2) O: Purge NMethod: io.sirix.node.xml.ElementNode.<init> (0x00007ab28827d708) [0x00007ab28827d800, 0x00007ab28827db18] 
[5,139s][debug][gc,nmethod     ] GC(2) O: Purge NMethod: io.sirix.index.path.summary.PathSummaryReader.putMapping (0x00007ab2a6d80688) [0x00007ab2a6d80780, 0x00007ab2a6d80a98] 
[5,139s][debug][gc,nmethod     ] GC(2) O: Purge NMethod: io.sirix.axis.filter.FilterAxis.reset (0x00007ab287eaa708) [0x00007ab287eaa800, 0x00007ab287eaac50] 
[5,139s][debug][gc,nmethod     ] GC(2) O: Purge NMethod: io.sirix.axis.filter.FilterAxis.<init> (0x00007ab287d7a608) [0x00007ab287d7a700, 0x00007ab287d7d288] 
[5,139s][debug][gc,nmethod     ] GC(2) O: Purge NMethod: io.sirix.access.trx.page.NodeStorageEngineReader.getMostRecentPage (0x00007ab28827a308) [0x00007ab28827a400, 0x00007ab28827ad18] 
[5,139s][debug][gc,nmethod     ] GC(2) O: Purge NMethod: io.sirix.access.trx.node.xml.XmlNodeTrxImpl.adaptForInsert (0x00007ab2a6d81708) [0x00007ab2a6d81800, 0x00007ab2a6d84958] 
[5,139s][debug][gc,nmethod     ] GC(2) O: Purge NMethod: com.sun.xml.internal.stream.events.XMLEventAllocatorImpl.fillNamespaceAttributes (0x00007ab287f33008) [0x00007ab287f33100, 0x00007ab287f337b0] 
[5,139s][debug][gc,nmethod     ] GC(2) O: Purge NMethod: io.sirix.node.NodeKind$1.deserialize (0x00007ab28828ba08) [0x00007ab28828bb00, 0x00007ab28828f148] 
[5,139s][debug][gc,nmethod     ] GC(2) O: Purge NMethod: io.sirix.index.path.summary.PathSummaryReader.putMapping (0x00007ab287e88008) [0x00007ab287e88100, 0x00007ab287e88b38] 
[5,139s][debug][gc,nmethod     ] GC(2) O: Purge NMethod: io.sirix.node.xml.TextNode.hasRightSibling (0x00007ab287c5eb88) [0x00007ab287c5ec80, 0x00007ab287c640b8] 
[5,139s][debug][gc,nmethod     ] GC(2) O: Purge NMethod: io.sirix.access.trx.node.AbstractNodeReadOnlyTrx.getRightSiblingKey (0x00007ab287c3f588) [0x00007ab287c3f680, 0x00007ab287c3fe88] 
[5,139s][debug][gc,nmethod     ] GC(2) O: Purge NMethod: io.sirix.page.NamePage.setName (0x00007ab2a6d7d308) [0x00007ab2a6d7d400, 0x00007ab2a6d7d6d0] 
[5,139s][debug][gc,nmethod     ] GC(2) O: Purge NMethod: io.sirix.axis.ChildAxis.nextKey (0x00007ab287e11688) [0x00007ab287e11780, 0x00007ab287e127b0] 
[5,139s][debug][gc,nmethod     ] GC(2) O: Purge NMethod: java.nio.MappedByteBuffer.flip (0x00007ab287a19b88) [0x00007ab287a19c80, 0x00007ab287a1a070] 
[5,139s][debug][gc,nmethod     ] GC(2) O: Purge NMethod: jdk.internal.misc.Blocker.end (0x00007ab287a12d08) [0x00007ab287a12e00, 0x00007ab287a13278] 
[5,139s][debug][gc,nmethod     ] GC(2) O: Purge NMethod: io.sirix.node.xml.AbstractStructForwardingNode.hasFirstChild (0x00007ab288267088) [0x00007ab288267180, 0x00007ab288267728] 
[5,139s][debug][gc,nmethod     ] GC(2) O: Purge NMethod: io.sirix.access.trx.node.AbstractNodeHashing.adaptHashesWithAdd (0x00007ab2a6ddc108) [0x00007ab2a6ddc540, 0x00007ab2a6def6f0] 
[5,139s][debug][gc,nmethod     ] GC(2) O: Purge NMethod: io.sirix.access.trx.node.AbstractNodeHashing.adaptHashesWithAdd (0x00007ab287d50088) [0x00007ab287d50180, 0x00007ab287d50658] 
[5,139s][debug][gc,nmethod     ] GC(2) O: Purge NMethod: io.sirix.access.trx.node.AbstractNodeReadOnlyTrx.hasFirstChild (0x00007ab287b46508) [0x00007ab287b46600, 0x00007ab287b46e08] 
[5,139s][debug][gc,nmethod     ] GC(2) O: Purge NMethod: io.sirix.node.xml.AbstractStructForwardingNode.hasRightSibling (0x00007ab287e05c88) [0x00007ab287e05d80, 0x00007ab287e06348] 
[5,139s][debug][gc,nmethod     ] GC(2) O: Purge NMethod: io.sirix.access.trx.node.xml.XmlNodeTrxImpl.insertElementAsFirstChild (0x00007ab2a6dda908) [0x00007ab2a6ddaa00, 0x00007ab2a6ddbda8] 
[5,139s][debug][gc,nmethod     ] GC(2) O: Purge NMethod: java.util.Arrays.copyOf (0x00007ab28747eb08) [0x00007ab28747ec00, 0x00007ab28747f480] 
[5,139s][debug][gc,nmethod     ] GC(2) O: Purge NMethod: java.nio.Bits.reserveMemory (0x00007ab2a6d10888) [0x00007ab2a6d10980, 0x00007ab2a6d10b28] 
[5,139s][debug][gc,nmethod     ] GC(2) O: Purge NMethod: io.sirix.node.GrowingMemorySegment.grow (0x00007ab2a6e4ae08) [0x00007ab2a6e4af00, 0x00007ab2a6e4ca28] 
[5,139s][debug][gc,nmethod     ] GC(2) O: Purge NMethod: java.io.OutputStream.flush (0x00007ab287d33f08) [0x00007ab287d34000, 0x00007ab287d34100] 
[5,139s][debug][gc,nmethod     ] GC(2) O: Purge NMethod: io.sirix.access.trx.node.xml.XmlNodeTrxImpl.insertElementAsFirstChild (0x00007ab287e8a788) [0x00007ab287e8a880, 0x00007ab287e8f3b0] 
[5,139s][debug][gc,nmethod     ] GC(2) O: Purge NMethod: java.lang.Integer.numberOfTrailingZeros (0x00007ab287be1088) [0x00007ab287be1180, 0x00007ab287be1398] 
[5,139s][debug][gc,nmethod     ] GC(2) O: Purge NMethod: io.sirix.access.trx.page.NodeStorageEngineReader.getMostRecentPage (0x00007ab2a6d08808) [0x00007ab2a6d08900, 0x00007ab2a6d08b98] 
[5,139s][debug][gc,nmethod     ] GC(2) O: Purge NMethod: jdk.internal.misc.VM.isDirectMemoryPageAligned (0x00007ab287466d08) [0x00007ab287466e00, 0x00007ab2874670e0] 
[5,139s][debug][gc,nmethod     ] GC(2) O: Purge NMethod: jdk.internal.foreign.MemorySessionImpl.checkValidState (0x00007ab287432688) [0x00007ab287432780, 0x00007ab287433268] 
[5,139s][debug][gc,nmethod     ] GC(2) O: Purge NMethod: io.sirix.axis.ChildAxis.reset (0x00007ab287eaa108) [0x00007ab287eaa200, 0x00007ab287eaa3e8] 
[5,139s][debug][gc,nmethod     ] GC(2) O: Purge NMethod: com.sun.org.apache.xerces.internal.impl.XMLEntityScanner.checkNodeCount (0x00007ab287e87d08) [0x00007ab287e87e00, 0x00007ab287e87fc8] 
[5,139s][debug][gc,nmethod     ] GC(2) O: Purge NMethod: jdk.internal.util.ArraysSupport.mismatch (0x00007ab287844088) [0x00007ab287844180, 0x00007ab287844538] 
[5,139s][debug][gc,nmethod     ] GC(2) O: Purge NMethod: net.jpountz.lz4.LZ4BlockInputStream.refill (0x00007ab2a6cea008) [0x00007ab2a6cea100, 0x00007ab2a6cec600] 
[5,139s][debug][gc,nmethod     ] GC(2) O: Purge NMethod: io.sirix.page.PageReference.setDatabaseId (0x00007ab28753bf08) [0x00007ab28753c000, 0x00007ab28753c110] 
[5,139s][debug][gc,nmethod     ] GC(2) O: Purge NMethod: io.sirix.access.trx.page.NodeStorageEngineReader.getRecordPage (0x00007ab2a6d0ed88) [0x00007ab2a6d0ee80, 0x00007ab2a6d10818] 
[5,139s][debug][gc,nmethod     ] GC(2) O: Purge NMethod: io.sirix.access.trx.page.NodeStorageEngineWriter.prepareRecordForModification (0x00007ab2a6d32008) [0x00007ab2a6d32100, 0x00007ab2a6d33460] 
[5,139s][debug][gc,nmethod     ] GC(2) O: Purge NMethod: io.sirix.page.PageKind$1.deserializePage (0x00007ab2882a6a88) [0x00007ab2882a6b80, 0x00007ab2882aac00] 
[5,139s][debug][gc,nmethod     ] GC(2) O: Purge NMethod: java.nio.ByteBuffer.limit (0x00007ab287820a08) [0x00007ab287820b00, 0x00007ab287820c48] 
[5,139s][debug][gc,nmethod     ] GC(2) O: Purge NMethod: io.sirix.index.path.summary.PathSummaryReader.getNodeKey (0x00007ab2a6d44608) [0x00007ab2a6d44700, 0x00007ab2a6d44880] 
[5,139s][debug][gc,nmethod     ] GC(2) O: Purge NMethod: jdk.internal.misc.Blocker.begin (0x00007ab287a18f88) [0x00007ab287a19080, 0x00007ab287a191d8] 
[5,139s][debug][gc,nmethod     ] GC(2) O: Purge NMethod: io.sirix.index.path.summary.PathSummaryWriter.getPathNodeKey (0x00007ab2a6d9c808) [0x00007ab2a6d9c900, 0x00007ab2a6d9e690] 
[5,139s][debug][gc,nmethod     ] GC(2) O: Purge NMethod: io.sirix.axis.filter.FilterAxis.nextKey (0x00007ab2a6d53288) [0x00007ab2a6d53380, 0x00007ab2a6d55220] 
[5,139s][debug][gc,nmethod     ] GC(2) O: Purge NMethod: io.sirix.node.json.JsonNodeSerializer.readSizePrefix (0x00007ab28827d388) [0x00007ab28827d480, 0x00007ab28827d6a0] 
[5,139s][debug][gc,nmethod     ] GC(2) O: Purge NMethod: com.sun.org.apache.xerces.internal.impl.XMLStreamReaderImpl.getText (0x00007ab287c64108) [0x00007ab287c64200, 0x00007ab287c666f8] 
[5,139s][debug][gc,nmethod     ] GC(2) O: Purge NMethod: io.sirix.page.KeyValueLeafPage.setDeweyId (0x00007ab287be0a08) [0x00007ab287be0b00, 0x00007ab287be0d58] 
[5,139s][debug][gc,nmethod     ] GC(2) O: Purge NMethod: io.sirix.access.trx.node.AbstractNodeReadOnlyTrx.getLeftSiblingKey (0x00007ab287c58808) [0x00007ab287c58900, 0x00007ab287c59108] 
[5,139s][debug][gc,nmethod     ] GC(2) O: Purge NMethod: io.sirix.access.trx.page.NodeStorageEngineReader.getDataRecord (0x00007ab288263c88) [0x00007ab288263d80, 0x00007ab288264b88] 
[5,139s][debug][gc,nmethod     ] GC(2) O: Purge NMethod: java.io.ByteArrayInputStream.read (0x00007ab287427808) [0x00007ab287427900, 0x00007ab287427fe8] 
[5,139s][debug][gc,nmethod     ] GC(2) O: Purge NMethod: com.sun.org.apache.xerces.internal.impl.XMLStreamReaderImpl.getText (0x00007ab2a6d75388) [0x00007ab2a6d75480, 0x00007ab2a6d75980] 
[5,139s][debug][gc,nmethod     ] GC(2) O: Purge NMethod: net.jpountz.lz4.LZ4BlockInputStream.tryReadFully (0x00007ab287461c88) [0x00007ab287461d80, 0x00007ab287462300] 
[5,139s][debug][gc,nmethod     ] GC(2) O: Purge NMethod: com.sun.org.apache.xerces.internal.impl.PropertyManager.getProperty (0x00007ab287e88b88) [0x00007ab287e88c80, 0x00007ab287e8a740] 
[5,139s][debug][gc,nmethod     ] GC(2) O: Purge NMethod: jdk.internal.foreign.SegmentFactories.allocateMemoryWrapper (0x00007ab287aa8788) [0x00007ab287aa8880, 0x00007ab287aa8c38] 
[5,139s][debug][gc,nmethod     ] GC(2) O: Purge NMethod: com.sun.org.apache.xerces.internal.impl.XMLStreamReaderImpl.next (0x00007ab2a6d4f408) [0x00007ab2a6d4f500, 0x00007ab2a6d4f7f0] 
[5,139s][debug][gc,nmethod     ] GC(2) O: Purge NMethod: com.sun.xml.internal.stream.events.XMLEventAllocatorImpl.fillNamespaceAttributes (0x00007ab287e9ed08) [0x00007ab287e9ee00, 0x00007ab287e9f4b0] 
[5,139s][debug][gc,nmethod     ] GC(2) O: Purge NMethod: io.sirix.index.path.summary.PathSummaryReader.moveTo (0x00007ab2a6d3c908) [0x00007ab2a6d3ca00, 0x00007ab2a6d3cc40] 
[5,139s][debug][gc,nmethod     ] GC(2) O: Purge NMethod: io.sirix.access.trx.node.xml.XmlNodeReadOnlyTrxImpl.getLocalNameKey (0x00007ab28827ad88) [0x00007ab28827ae80, 0x00007ab28827bd48] 
[5,139s][debug][gc,nmethod     ] GC(2) O: Purge NMethod: java.util.BitSet.nextSetBit (0x00007ab28825fe88) [0x00007ab28825ff80, 0x00007ab288260f70] 
[5,139s][debug][gc,nmethod     ] GC(2) O: Purge NMethod: io.sirix.settings.VersioningType$4.combineRecordPages (0x00007ab287dd0308) [0x00007ab287dd0400, 0x00007ab287dd4f60] 
[5,139s][debug][gc,nmethod     ] GC(2) O: Purge NMethod: com.sun.org.apache.xerces.internal.impl.XMLNSDocumentScannerImpl.scanStartElement (0x00007ab2a6d95108) [0x00007ab2a6d95200, 0x00007ab2a6d974a0] 
[5,139s][debug][gc,nmethod     ] GC(2) O: Purge NMethod: io.sirix.service.xml.shredder.XmlShredder.insertNewContent (0x00007ab288051a88) [0x00007ab288051b80, 0x00007ab2880591b8] 
[5,139s][debug][gc,nmethod     ] GC(2) O: Purge NMethod: com.sun.xml.internal.stream.events.XMLEventAllocatorImpl.getXMLEvent (0x00007ab287e20908) [0x00007ab287e20a00, 0x00007ab287e289c0] 
[5,139s][debug][gc,nmethod     ] GC(2) O: Purge NMethod: io.sirix.access.trx.page.NodeStorageEngineWriter.createNameKey (0x00007ab2a6d7d708) [0x00007ab2a6d7d800, 0x00007ab2a6d7dc48] 
[5,139s][debug][gc,nmethod     ] GC(2) O: Purge NMethod: jdk.internal.ref.CleanerImpl$CleanableList.remove (0x00007ab2a6d17588) [0x00007ab2a6d17680, 0x00007ab2a6d17d38] 
[5,139s][debug][gc,nmethod     ] GC(2) O: Purge NMethod: io.sirix.node.xml.ElementNode.setRightSiblingKey (0x00007ab287f36a08) [0x00007ab287f36b00, 0x00007ab287f3bc28] 
[5,139s][debug][gc,nmethod     ] GC(2) O: Purge NMethod: jdk.internal.foreign.GlobalSession.release0 (0x00007ab287be4e08) [0x00007ab287be4f00, 0x00007ab287be5000] 
[5,139s][debug][gc,nmethod     ] GC(2) O: Purge NMethod: it.unimi.dsi.fastutil.ints.Int2ObjectOpenHashMap.get (0x00007ab28743b308) [0x00007ab28743b400, 0x00007ab28743ba70] 
[5,139s][debug][gc,nmethod     ] GC(2) O: Purge NMethod: io.sirix.node.NodeKind$4.deserialize (0x00007ab28828f188) [0x00007ab28828f280, 0x00007ab288290e38] 
[5,139s][debug][gc,nmethod     ] GC(2) O: Purge NMethod: io.sirix.node.MemorySegmentBytesOut.writePosition (0x00007ab287d21108) [0x00007ab287d21200, 0x00007ab287d213d8] 
[5,139s][debug][gc,nmethod     ] GC(2) O: Purge NMethod: io.sirix.axis.AbstractAxis.<init> (0x00007ab288275988) [0x00007ab288275a80, 0x00007ab2882764d0] 
[5,139s][debug][gc,nmethod     ] GC(2) O: Purge NMethod: io.sirix.axis.AbstractAxis.tryToComputeNext (0x00007ab2a6d3a788) [0x00007ab2a6d3a880, 0x00007ab2a6d3b2c8] 
[5,139s][debug][gc,nmethod     ] GC(2) O: Purge NMethod: org.magicwerk.brownies.collections.GapList.doEnsureCapacity (0x00007ab288079088) [0x00007ab288079180, 0x00007ab288079a28] 
[5,139s][debug][gc,nmethod     ] GC(2) O: Purge NMethod: sun.nio.ch.FileChannelImpl.readInternal (0x00007ab287a20188) [0x00007ab287a20280, 0x00007ab287a222a0] 
[5,139s][debug][gc,nmethod     ] GC(2) O: Purge NMethod: java.nio.channels.spi.AbstractInterruptibleChannel.begin (0x00007ab2a6d06f08) [0x00007ab2a6d07000, 0x00007ab2a6d077f8] 
[5,139s][debug][gc,nmethod     ] GC(2) O: Purge NMethod: io.sirix.axis.filter.FilterAxis.<init> (0x00007ab2a6d8cb08) [0x00007ab2a6d8cc00, 0x00007ab2a6d8df78] 
[5,139s][debug][gc,nmethod     ] GC(2) O: Purge NMethod: io.sirix.index.path.summary.PathSummaryReader.getNodeKey (0x00007ab287e0f888) [0x00007ab287e0f980, 0x00007ab287e0fe18] 
[5,139s][debug][gc,nmethod     ] GC(2) O: Purge NMethod: com.sun.org.apache.xerces.internal.xni.XMLString.append (0x00007ab2a6dd8408) [0x00007ab2a6dd8500, 0x00007ab2a6dd8860] 
[5,139s][debug][gc,nmethod     ] GC(2) O: Purge NMethod: io.sirix.node.xml.ElementNode.hasRightSibling (0x00007ab287b98488) [0x00007ab287b98580, 0x00007ab287b9d9b8] 
[5,139s][debug][gc,nmethod     ] GC(2) O: Purge NMethod: java.lang.String.getBytes (0x00007ab287e0a788) [0x00007ab287e0a880, 0x00007ab287e0ad18] 
[5,139s][debug][gc,nmethod     ] GC(2) O: Purge NMethod: com.sun.xml.internal.stream.events.XMLEventAllocatorImpl.setNamespaceContext (0x00007ab287e9e708) [0x00007ab287e9e800, 0x00007ab287e9ec90] 
[5,139s][debug][gc,nmethod     ] GC(2) O: Purge NMethod: it.unimi.dsi.fastutil.longs.LongArrayList.initArrayFromCapacity (0x00007ab288279088) [0x00007ab288279180, 0x00007ab28827a2c8] 
[5,139s][debug][gc,nmethod     ] GC(2) O: Purge NMethod: sun.nio.ch.IOStatus.normalize (0x00007ab287472a88) [0x00007ab287472b80, 0x00007ab287472cb8] 
[5,139s][debug][gc,nmethod     ] GC(2) O: Purge NMethod: java.util.concurrent.ConcurrentHashMap.compute (0x00007ab2a6cfeb08) [0x00007ab2a6cfeca0, 0x00007ab2a6d02560] 
[5,139s][debug][gc,nmethod     ] GC(2) O: Purge NMethod: java.nio.channels.spi.AbstractInterruptibleChannel.end (0x00007ab2a6d09208) [0x00007ab2a6d09300, 0x00007ab2a6d09a78] 
[5,139s][debug][gc,nmethod     ] GC(2) O: Purge NMethod: java.lang.String.compareTo (0x00007ab287dace88) [0x00007ab287dacf80, 0x00007ab287dad7b0] 
[5,139s][debug][gc,nmethod     ] GC(2) O: Purge NMethod: sun.nio.ch.FileChannelImpl.readInternal (0x00007ab2a6e7fd88) [0x00007ab2a6e7fe80, 0x00007ab2a6e826e8] 
[5,139s][debug][gc,nmethod     ] GC(2) O: Purge NMethod: org.magicwerk.brownies.collections.GapList.doAdd (0x00007ab28807d088) [0x00007ab28807d180, 0x00007ab28807f140] 
[5,139s][debug][gc,nmethod     ] GC(2) O: Purge NMethod: io.sirix.access.trx.page.NodeStorageEngineReader.getRecordPage (0x00007ab288280388) [0x00007ab288280480, 0x00007ab28828b978] 
[5,139s][debug][gc,nmethod     ] GC(2) O: Purge NMethod: com.sun.org.apache.xerces.internal.impl.XMLStreamReaderImpl.next (0x00007ab28752f608) [0x00007ab28752f700, 0x00007ab287531f58] 
[5,139s][debug][gc,nmethod     ] GC(2) O: Purge NMethod: com.sun.org.apache.xerces.internal.xni.XMLString.append (0x00007ab287f00a88) [0x00007ab287f00b80, 0x00007ab287f01058] 
[5,139s][debug][gc,nmethod     ] GC(2) O: Purge NMethod: jdk.internal.foreign.ArenaImpl.allocate (0x00007ab2a6d47d88) [0x00007ab2a6d47e80, 0x00007ab2a6d489a0] 
[5,139s][debug][gc,nmethod     ] GC(2) O: Purge NMethod: io.sirix.node.NodeSerializerImpl.deserialize (0x00007ab288262b88) [0x00007ab288262c80, 0x00007ab2882630e8] 
[5,139s][debug][gc,nmethod     ] GC(2) O: Purge NMethod: io.sirix.axis.filter.FilterAxis.nextKey (0x00007ab287bd8c08) [0x00007ab287bd8d00, 0x00007ab287bda310] 
[5,139s][debug][gc,nmethod     ] GC(2) O: Purge NMethod: io.sirix.axis.filter.FilterAxis.nextKey (0x00007ab28827db88) [0x00007ab28827dc80, 0x00007ab28827f290] 
[5,139s][debug][gc,nmethod     ] GC(2) O: Purge NMethod: java.lang.ref.Finalizer.<init> (0x00007ab287a3a288) [0x00007ab287a3a380, 0x00007ab287a3aaa8] 
[5,139s][debug][gc,phases      ] GC(2) O: Concurrent Classes Purge 1,221ms
[5,139s][debug][gc,phases,start] GC(2) O: Concurrent References Enqueue
[5,139s][debug][gc,phases      ] GC(2) O: Concurrent References Enqueue 0,008ms
[5,139s][info ][gc,phases      ] GC(2) O: Concurrent Process Non-Strong 14,311ms
[5,139s][debug][gc,phases,start] GC(2) O: Concurrent Reset Relocation Set
[5,139s][info ][gc,phases      ] GC(2) O: Concurrent Reset Relocation Set 0,006ms
[5,139s][debug][gc,phases,start] GC(2) O: Concurrent Select Relocation Set
[5,140s][debug][gc,reloc       ] GC(2) O: Relocation Set (Medium Pages): 0->0, 1 skipped, 0 forwarding entries
[5,140s][debug][gc,reloc       ] GC(2) O: Relocation Set (Small Pages): 55->37, 41 skipped, 2480898 forwarding entries
[5,140s][debug][gc,task        ] GC(2) O: Executing ZRelocationSetInstallTask using ZWorkerOld with 5 workers
[5,140s][debug][gc,nmethod     ] Register NMethod: java.lang.Object.notifyAll (0x00007ab2a6d70508) [0x00007ab2a6d70600, 0x00007ab2a6d70748] Compiler: , Barriers: 0, Oops: 0, ImmediateOops: 0, NonImmediateOops: No
[5,140s][debug][gc,nmethod     ] Register NMethod: java.lang.ref.Finalizer.reportComplete (0x00007ab2a6da2488) [0x00007ab2a6da2580, 0x00007ab2a6da26d8] Compiler: , Barriers: 0, Oops: 0, ImmediateOops: 1, NonImmediateOops: No
[5,140s][debug][gc,nmethod     ] Register NMethod: jdk.internal.misc.VM.addFinalRefCount (0x00007ab287454408) [0x00007ab287454500, 0x00007ab287454650] Compiler: c1, Barriers: 0, Oops: 0, ImmediateOops: 2, NonImmediateOops: No
[5,140s][debug][gc,nmethod     ] Register NMethod: java.lang.ref.ReferenceQueue.enqueue (0x00007ab287593d08) [0x00007ab287593e00, 0x00007ab2875940e8] Compiler: c1, Barriers: 1, Oops: 0, ImmediateOops: 0, NonImmediateOops: No
[5,140s][debug][gc,nmethod     ] Register NMethod: java.lang.ref.Reference.enqueueFromPending (0x00007ab28743ab08) [0x00007ab28743ac00, 0x00007ab28743af78] Compiler: c1, Barriers: 1, Oops: 0, ImmediateOops: 1, NonImmediateOops: No
[5,140s][debug][gc,nmethod     ] Register NMethod: java.lang.ref.ReferenceQueue.enqueue0 (0x00007ab28752b508) [0x00007ab28752b600, 0x00007ab28752bf48] Compiler: c1, Barriers: 13, Oops: 0, ImmediateOops: 5, NonImmediateOops: No
[5,140s][debug][gc,nmethod     ] Register NMethod: java.lang.ref.ReferenceQueue.poll0 (0x00007ab287407508) [0x00007ab287407600, 0x00007ab287407c90] Compiler: c1, Barriers: 11, Oops: 0, ImmediateOops: 3, NonImmediateOops: No
[5,140s][debug][gc,nmethod     ] Register NMethod: java.lang.ref.Reference.getFromInactiveFinalReference (0x00007ab287465988) [0x00007ab287465a80, 0x00007ab287465bd0] Compiler: c1, Barriers: 1, Oops: 0, ImmediateOops: 0, NonImmediateOops: No
[5,140s][debug][gc,nmethod     ] Register NMethod: java.lang.ref.FinalReference.get (0x00007ab287600008) [0x00007ab287600100, 0x00007ab2876003f8] Compiler: c1, Barriers: 0, Oops: 0, ImmediateOops: 0, NonImmediateOops: No
[5,140s][debug][gc,nmethod     ] Register NMethod: java.lang.ref.ReferenceQueue.remove0 (0x00007ab28743b308) [0x00007ab28743b400, 0x00007ab28743ba28] Compiler: c1, Barriers: 1, Oops: 0, ImmediateOops: 0, NonImmediateOops: No
[5,141s][debug][gc,nmethod     ] Register NMethod: java.lang.ref.ReferenceQueue.remove (0x00007ab28747eb08) [0x00007ab28747ec00, 0x00007ab28747f430] Compiler: c1, Barriers: 2, Oops: 0, ImmediateOops: 0, NonImmediateOops: No
[5,141s][debug][gc,nmethod     ] Register NMethod: java.lang.System$1.invokeFinalize (0x00007ab2875a4b08) [0x00007ab2875a4c00, 0x00007ab2875a4f08] Compiler: c1, Barriers: 0, Oops: 0, ImmediateOops: 0, NonImmediateOops: No
[5,141s][debug][gc,nmethod     ] Register NMethod: java.lang.ref.FinalReference.clear (0x00007ab287750908) [0x00007ab287750a00, 0x00007ab287750cf8] Compiler: c1, Barriers: 0, Oops: 0, ImmediateOops: 0, NonImmediateOops: No
[5,141s][debug][gc,nmethod     ] Register NMethod: java.lang.ref.Reference.clearInactiveFinalReference (0x00007ab287472a88) [0x00007ab287472b80, 0x00007ab287472d20] Compiler: c1, Barriers: 3, Oops: 0, ImmediateOops: 0, NonImmediateOops: No
[5,141s][debug][gc,nmethod     ] Register NMethod: net.jpountz.xxhash.StreamingXXHash32JNI.finalize (0x00007ab28768a308) [0x00007ab28768a400, 0x00007ab28768a728] Compiler: c1, Barriers: 0, Oops: 1, ImmediateOops: 0, NonImmediateOops: No
[5,141s][debug][gc,nmethod     ] Register NMethod: jdk.internal.foreign.MemorySessionImpl$ResourceList.cleanup (0x00007ab287843d08) [0x00007ab287843e00, 0x00007ab287844530] Compiler: c1, Barriers: 1, Oops: 0, ImmediateOops: 0, NonImmediateOops: No
[5,141s][debug][gc,nmethod     ] Register NMethod: jdk.internal.foreign.MemorySessionImpl$ResourceList.cleanupSingle (0x00007ab28780da88) [0x00007ab28780db80, 0x00007ab28780e128] Compiler: c1, Barriers: 0, Oops: 0, ImmediateOops: 0, NonImmediateOops: No
[5,141s][debug][gc,nmethod     ] Register NMethod: java.lang.Object.finalize (0x00007ab28747e508) [0x00007ab28747e600, 0x00007ab28747e700] Compiler: c1, Barriers: 0, Oops: 0, ImmediateOops: 0, NonImmediateOops: No
[5,141s][debug][gc,nmethod     ] Register NMethod: java.lang.ref.Finalizer.runFinalizer (0x00007ab28767c708) [0x00007ab28767c800, 0x00007ab28767db08] Compiler: c1, Barriers: 20, Oops: 1, ImmediateOops: 6, NonImmediateOops: No
[5,141s][debug][gc,nmethod     ] Register NMethod: jdk.internal.foreign.SegmentFactories$1.cleanup (0x00007ab287a0b308) [0x00007ab287a0b400, 0x00007ab287a0b9b0] Compiler: c1, Barriers: 0, Oops: 1, ImmediateOops: 4, NonImmediateOops: No
[5,141s][debug][gc,nmethod     ] Register NMethod: jdk.internal.ref.CleanerImpl$CleanableList.isEmpty (0x00007ab287777808) [0x00007ab287777900, 0x00007ab287777bd8] Compiler: c1, Barriers: 1, Oops: 0, ImmediateOops: 0, NonImmediateOops: No
[5,141s][debug][gc,nmethod     ] Register NMethod: jdk.internal.misc.InnocuousThread.eraseThreadLocals (0x00007ab287553088) [0x00007ab287553180, 0x00007ab287553388] Compiler: c1, Barriers: 6, Oops: 0, ImmediateOops: 0, NonImmediateOops: No
[5,141s][info ][gc,phases      ] GC(2) O: Concurrent Select Relocation Set 1,768ms
[5,141s][debug][gc,phases,start] GC(2) O: Concurrent Remap Roots
[5,141s][info ][gc,task        ] GC(2) O: Using 5 Workers for Old Generation
[5,141s][debug][gc,task        ] GC(2) O: Executing ZRemapYoungRootsTask using ZWorkerOld with 5 workers
[5,144s][debug][gc,nmethod     ] Register NMethod: java.lang.invoke.VarHandleReferences$FieldInstanceReadOnly.getVolatile (0x00007ab2a6d08808) [0x00007ab2a6d08900, 0x00007ab2a6d08bf8] Compiler: jvmci, Barriers: 2, Oops: 0, ImmediateOops: 0, NonImmediateOops: No
[5,145s][info ][gc,task        ] GC(2) O: Using 5 Workers for Old Generation
[5,145s][info ][gc,phases      ] GC(2) O: Concurrent Remap Roots 3,611ms
[5,145s][debug][gc,reloc       ] Synchronize all workers 1 _nworkers: 0 _nsynchronized: 0
[5,145s][debug][gc,reloc       ] Synchronize all workers 1 _nworkers: 0 _nsynchronized: 0
[5,147s][debug][gc,phases,start] GC(2) O: Pause Relocate Start
[5,147s][debug][gc,reloc       ] GC(2) O: Joining workers: 5
[5,147s][info ][gc,phases      ] GC(2) O: Pause Relocate Start 0,040ms
[5,147s][debug][gc,reloc       ] Desynchronize all workers _nworkers: 5 _nsynchronized: 0
[5,147s][debug][gc,reloc       ] Desynchronize all workers _nworkers: 0 _nsynchronized: 0
[5,147s][debug][gc,alloc       ] Mutator Allocation Rate: 687,2MB/s Predicted: 814,5MB/s, Avg: 540,0(+/-157,7)MB/s
[5,147s][debug][gc,phases,start] GC(2) O: Concurrent Relocate
[5,147s][debug][gc,task        ] GC(2) O: Executing ZRelocateStoreBufferInstallBasePointersTask using ZWorkerOld with 5 workers
[5,147s][debug][gc,nmethod     ] Register NMethod: jdk.internal.foreign.MemorySessionImpl$ResourceList.run (0x00007ab2877b8b88) [0x00007ab2877b8c80, 0x00007ab2877b8f80] Compiler: c1, Barriers: 0, Oops: 0, ImmediateOops: 0, NonImmediateOops: No
[5,147s][debug][gc,task        ] GC(2) O: Executing ZRelocateTask using ZWorkerOld with 5 workers
[5,147s][debug][gc,nmethod     ] Register NMethod: java.lang.ref.ReferenceQueue.remove (0x00007ab287a53d88) [0x00007ab287a53e80, 0x00007ab287a54c50] Compiler: c1, Barriers: 3, Oops: 0, ImmediateOops: 1, NonImmediateOops: No
[5,148s][debug][gc,nmethod     ] Register NMethod: java.lang.ref.ReferenceQueue.remove0 (0x00007ab287aa6888) [0x00007ab287aa6980, 0x00007ab287aa6f30] Compiler: c1, Barriers: 1, Oops: 0, ImmediateOops: 0, NonImmediateOops: No
[5,148s][debug][gc,nmethod     ] Register NMethod: jdk.internal.foreign.MemorySessionImpl$ResourceList.cleanup (0x00007ab287487688) [0x00007ab287487780, 0x00007ab287487898] Compiler: c1, Barriers: 0, Oops: 0, ImmediateOops: 0, NonImmediateOops: No
[5,148s][debug][gc,nmethod     ] Register NMethod: java.lang.invoke.VarHandleReferences$FieldInstanceReadOnly.getAcquire (0x00007ab287816408) [0x00007ab287816500, 0x00007ab287817140] Compiler: c1, Barriers: 2, Oops: 1, ImmediateOops: 1, NonImmediateOops: No
[5,148s][debug][gc,nmethod     ] Register NMethod: java.util.concurrent.atomic.AtomicLong.decrementAndGet (0x00007ab28748f908) [0x00007ab28748fa00, 0x00007ab28748fb20] Compiler: c1, Barriers: 0, Oops: 0, ImmediateOops: 0, NonImmediateOops: No
[5,148s][debug][gc,nmethod     ] Register NMethod: java.nio.Bits.unreserveMemory (0x00007ab287427808) [0x00007ab287427900, 0x00007ab287427ff8] Compiler: c1, Barriers: 0, Oops: 0, ImmediateOops: 3, NonImmediateOops: No
[5,148s][debug][gc,nmethod     ] Register NMethod: java.util.concurrent.locks.ReentrantLock.tryLock (0x00007ab2876d5208) [0x00007ab2876d5300, 0x00007ab2876d5638] Compiler: c1, Barriers: 1, Oops: 0, ImmediateOops: 0, NonImmediateOops: No
[5,148s][debug][gc,nmethod     ] Register NMethod: java.util.concurrent.locks.ReentrantLock$Sync.tryLock (0x00007ab288263c88) [0x00007ab288263d80, 0x00007ab288264b78] Compiler: c1, Barriers: 5, Oops: 0, ImmediateOops: 1, NonImmediateOops: No
[5,149s][debug][gc,nmethod     ] Register NMethod: jdk.internal.foreign.SharedSession$SharedResourceList.cleanup (0x00007ab28762b888) [0x00007ab28762b980, 0x00007ab28762f748] Compiler: c1, Barriers: 7, Oops: 10, ImmediateOops: 33, NonImmediateOops: No
[5,149s][debug][gc,nmethod     ] Register NMethod: io.sirix.page.KeyValueLeafPage.finalize (0x00007ab287f97388) [0x00007ab287f97480, 0x00007ab287f9cbe0] Compiler: c1, Barriers: 46, Oops: 7, ImmediateOops: 13, NonImmediateOops: No
[5,158s][debug][gc,reloc       ] GC(2) O: Leaving workers: left: 4 _synchronize: 0 _nsynchronized: 0
[5,159s][debug][gc,reloc       ] GC(2) O: Leaving workers: left: 3 _synchronize: 0 _nsynchronized: 0
[5,159s][debug][gc,reloc       ] GC(2) O: Leaving workers: left: 2 _synchronize: 0 _nsynchronized: 0
[5,159s][debug][gc,reloc       ] GC(2) O: Leaving workers: left: 1 _synchronize: 0 _nsynchronized: 0
[5,159s][debug][gc,nmethod     ] Register NMethod: java.lang.ref.Reference.processPendingReferences (0x00007ab288267088) [0x00007ab288267180, 0x00007ab288268490] Compiler: c1, Barriers: 5, Oops: 1, ImmediateOops: 12, NonImmediateOops: No
[5,159s][debug][gc,reloc       ] GC(2) O: Leaving workers: left: 0 _synchronize: 0 _nsynchronized: 0
[5,159s][info ][gc,phases      ] GC(2) O: Concurrent Relocate 11,784ms
[5,159s][debug][gc,heap        ] GC(2) O: Heap After GC invocations=4 (full 3):
[5,159s][debug][gc,heap        ] GC(2) O:  ZHeap           used 502M, capacity 5120M, max capacity 12288M
[5,159s][debug][gc,heap        ] GC(2) O:   Cache          4618M (16)
[5,159s][debug][gc,heap        ] GC(2) O:    size classes  2M (4), 4M (6), 8M (3), 256M (1), 512M (1), 2G (1)
[5,159s][debug][gc,metaspace   ] GC(2) O: Metaspace After GC invocations=4 (full 3):
[5,159s][debug][gc,metaspace   ] GC(2) O:  Metaspace       used 32082K, committed 32512K, reserved 1114112K
[5,159s][debug][gc,metaspace   ] GC(2) O:   class space    used 2571K, committed 2752K, reserved 1048576K
[5,159s][info ][gc,alloc       ] GC(2) O:                         Mark Start        Mark End      Relocate Start    Relocate End   
[5,159s][info ][gc,alloc       ] GC(2) O: Allocation Stalls:          0                0                0                0         
[5,159s][info ][gc,load        ] GC(2) O: Load: 4,74 (24%) / 3,71 (19%) / 2,91 (15%)
[5,159s][info ][gc,mmu         ] GC(2) O: MMU: 2ms/90,6%, 5ms/96,3%, 10ms/98,1%, 20ms/99,1%, 50ms/99,6%, 100ms/99,8%
[5,159s][info ][gc,marking     ] GC(2) O: Mark: 4 stripe(s), 10 proactive flush(es), 1 terminate flush(es), 0 completion(s), 0 continuation(s) 
[5,159s][info ][gc,nmethod     ] GC(2) O: NMethods: 4400 registered, 878 unregistered
[5,159s][info ][gc,metaspace   ] GC(2) O: Metaspace: 31M used, 31M committed, 1088M reserved
[5,159s][info ][gc,ref         ] GC(2) O:                       Encountered   Discovered     Enqueued 
[5,159s][info ][gc,ref         ] GC(2) O: Soft References:             2990            0            0 
[5,159s][info ][gc,ref         ] GC(2) O: Weak References:             2008          952          408 
[5,159s][info ][gc,ref         ] GC(2) O: Final References:            7269         6669         6617 
[5,159s][info ][gc,ref         ] GC(2) O: Phantom References:        945033       717931       620316 
[5,159s][info ][gc,reloc       ] GC(2) O:                        Candidates     Selected     In-Place         Size        Empty    Relocated 
[5,159s][info ][gc,reloc       ] GC(2) O: Small Pages:                  242           18            0         484M           0M           9M 
[5,159s][info ][gc,reloc       ] GC(2) O: Medium Pages:                   1            0            0          32M           0M           0M 
[5,159s][info ][gc,reloc       ] GC(2) O: Large Pages:                    0            0            0           0M           0M           0M 
[5,159s][info ][gc,reloc       ] GC(2) O: Forwarding Usage: 18M
[5,159s][info ][gc,heap        ] GC(2) O: Min Capacity: 5120M(42%)
[5,159s][info ][gc,heap        ] GC(2) O: Max Capacity: 12288M(100%)
[5,159s][info ][gc,heap        ] GC(2) O: Soft Max Capacity: 12288M(100%)
[5,159s][info ][gc,heap        ] GC(2) O: Heap Statistics:
[5,159s][info ][gc,heap        ] GC(2) O:                Mark Start          Mark End        Relocate Start      Relocate End           High               Low         
[5,159s][info ][gc,heap        ] GC(2) O:  Capacity:     5120M (42%)        5120M (42%)        5120M (42%)        5120M (42%)        5120M (42%)        5120M (42%)    
[5,159s][info ][gc,heap        ] GC(2) O:      Free:    11766M (96%)       11766M (96%)       11764M (96%)       11786M (96%)       11786M (96%)       11738M (96%)    
[5,159s][info ][gc,heap        ] GC(2) O:      Used:      522M (4%)          522M (4%)          524M (4%)          502M (4%)          550M (4%)          502M (4%)     
[5,159s][info ][gc,heap        ] GC(2) O: Old Generation Statistics:
[5,159s][info ][gc,heap        ] GC(2) O:                Mark Start          Mark End        Relocate Start      Relocate End    
[5,159s][info ][gc,heap        ] GC(2) O:      Used:      516M (4%)          516M (4%)          516M (4%)          494M (4%)     
[5,159s][info ][gc,heap        ] GC(2) O:      Live:         -               429M (3%)          429M (3%)          429M (3%)     
[5,159s][info ][gc,heap        ] GC(2) O:   Garbage:         -                86M (1%)           86M (1%)           41M (0%)     
[5,159s][info ][gc,heap        ] GC(2) O: Allocated:         -                 0M (0%)            0M (0%)           23M (0%)     
[5,159s][info ][gc,heap        ] GC(2) O: Reclaimed:         -                  -                 0M (0%)           45M (0%)     
[5,159s][info ][gc,heap        ] GC(2) O: Compacted:         -                  -                  -                64M (1%)     
[5,159s][info ][gc,phases      ] GC(2) O: Old Generation 522M(4%)->502M(4%) 0,184s
[5,159s][debug][gc,nmethod     ] Register NMethod: java.lang.ref.Reference.processPendingReferences (0x00007ab287488208) [0x00007ab287488300, 0x00007ab2874895c8] Compiler: c1, Barriers: 5, Oops: 1, ImmediateOops: 12, NonImmediateOops: No
[5,159s][info ][gc             ] GC(2) Major Collection (System.gc()) 1834M(15%)->502M(4%) 0,471s
[5,160s][info ][gc             ] GC(3) Major Collection (System.gc())
[5,160s][info ][gc,task        ] GC(3) Using 5 Workers for Young Generation
[5,160s][info ][gc,task        ] GC(3) Using 5 Workers for Old Generation
[5,160s][debug][gc,heap        ] GC(3) Y: Heap Before GC invocations=4 (full 3):
[5,160s][debug][gc,heap        ] GC(3) Y:  ZHeap           used 502M, capacity 5120M, max capacity 12288M
[5,160s][debug][gc,heap        ] GC(3) Y:   Cache          4618M (16)
[5,160s][debug][gc,heap        ] GC(3) Y:    size classes  2M (4), 4M (6), 8M (3), 256M (1), 512M (1), 2G (1)
[5,160s][debug][gc,metaspace   ] GC(3) Y: Metaspace Before GC invocations=4 (full 3):
[5,160s][debug][gc,metaspace   ] GC(3) Y:  Metaspace       used 32082K, committed 32512K, reserved 1114112K
[5,160s][debug][gc,metaspace   ] GC(3) Y:   class space    used 2571K, committed 2752K, reserved 1048576K
[5,160s][info ][gc,phases      ] GC(3) Y: Young Generation (Promote All)
[5,160s][debug][gc,reloc       ] Synchronize all workers 1 _nworkers: 0 _nsynchronized: 0
[5,160s][debug][gc,reloc       ] Synchronize all workers 1 _nworkers: 0 _nsynchronized: 0
[5,160s][debug][gc,phases,start] GC(3) Y: Pause Mark Start
[5,160s][debug][gc,tlab        ] GC(3) Y: TLAB usage update: used 6M -> 10M, capacity: 531M -> 375M
[5,160s][debug][gc,marking     ] GC(3) Y: Using 4 mark stripes
[5,160s][debug][gc,marking     ] GC(3) Y: Mark Worker/Stripe Distribution
[5,160s][debug][gc,marking     ] GC(3) Y:   Worker 0(5) -> Stripe 0(4)
[5,160s][debug][gc,marking     ] GC(3) Y:   Worker 1(5) -> Stripe 1(4)
[5,160s][debug][gc,marking     ] GC(3) Y:   Worker 2(5) -> Stripe 2(4)
[5,160s][debug][gc,marking     ] GC(3) Y:   Worker 3(5) -> Stripe 3(4)
[5,160s][debug][gc,marking     ] GC(3) Y:   Worker 4(5) -> Stripe 0(4)
[5,160s][info ][gc,phases      ] GC(3) Y: Pause Mark Start 0,051ms
[5,160s][debug][gc,reloc       ] Desynchronize all workers _nworkers: 0 _nsynchronized: 0
[5,160s][debug][gc,reloc       ] Desynchronize all workers _nworkers: 0 _nsynchronized: 0
[5,160s][debug][gc,phases,start] GC(3) Y: Concurrent Mark
[5,160s][debug][gc,phases,start] GC(3) Y: Concurrent Mark Roots
[5,160s][debug][gc,task        ] GC(3) Y: Executing ZMarkYoungRootsTask using ZWorkerYoung with 5 workers
[5,160s][debug][gc,marking     ] Resurrection broke termination
[5,162s][debug][gc,tlab        ] GC(3) Y: TLAB totals: thrds: 5  refills: 5 max: 1 slow allocs: 0 max 0 waste: 99,1% gc: 336072B max: 166160B slow: 0B max: 0B
[5,162s][debug][gc,phases      ] GC(3) Y: Concurrent Mark Roots 1,794ms
[5,162s][debug][gc,phases,start] GC(3) Y: Concurrent Mark Follow
[5,162s][debug][gc,marking     ] GC(3) Y: Using 4 mark stripes
[5,162s][debug][gc,task        ] GC(3) Y: Executing ZRememberedScanMarkFollowTask using ZWorkerYoung with 5 workers
[5,162s][debug][gc,remset      ] GC(3) Y: scan_forwarding failed retain safe 0x0000000000600000
[5,162s][debug][gc,remset      ] GC(3) Y: scan_forwarding failed retain safe 0x0000000000a00000
[5,162s][debug][gc,remset      ] GC(3) Y: scan_forwarding failed retain safe 0x0000000000800000
[5,162s][debug][gc,remset      ] GC(3) Y: scan_forwarding failed retain safe 0x0000000000e00000
[5,162s][debug][gc,remset      ] GC(3) Y: scan_forwarding failed retain safe 0x0000000001000000
[5,162s][debug][gc,nmethod     ] Register NMethod: java.lang.ref.Reference.enqueueFromPending (0x00007ab2a6d09208) [0x00007ab2a6d09300, 0x00007ab2a6d09a78] Compiler: jvmci, Barriers: 24, Oops: 0, ImmediateOops: 3, NonImmediateOops: No
[5,162s][debug][gc,remset      ] GC(3) Y: scan_forwarding failed retain safe 0x0000000003600000
[5,162s][debug][gc,remset      ] GC(3) Y: scan_forwarding failed retain safe 0x0000000003800000
[5,163s][debug][gc,remset      ] GC(3) Y: scan_forwarding failed retain safe 0x0000000003a00000
[5,163s][debug][gc,remset      ] GC(3) Y: scan_forwarding failed retain safe 0x0000000003c00000
[5,163s][debug][gc,nmethod     ] Register NMethod: java.lang.invoke.VarHandleGuards.guard_L_L (0x00007ab2a6d5b308) [0x00007ab2a6d5b400, 0x00007ab2a6d5bf90] Compiler: jvmci, Barriers: 28, Oops: 0, ImmediateOops: 5, NonImmediateOops: No
[5,163s][debug][gc,remset      ] GC(3) Y: scan_forwarding failed retain safe 0x0000000004000000
[5,164s][debug][gc,remset      ] GC(3) Y: scan_forwarding failed retain safe 0x0000000004400000
[5,164s][debug][gc,remset      ] GC(3) Y: scan_forwarding failed retain safe 0x0000000004600000
[5,164s][debug][gc,remset      ] GC(3) Y: scan_forwarding failed retain safe 0x0000000004800000
[5,164s][debug][gc,remset      ] GC(3) Y: scan_forwarding failed retain safe 0x0000000004a00000
[5,164s][debug][gc,remset      ] GC(3) Y: scan_forwarding failed retain safe 0x0000000004c00000
[5,164s][debug][gc,remset      ] GC(3) Y: scan_forwarding failed retain safe 0x0000000004e00000
[5,164s][debug][gc,remset      ] GC(3) Y: scan_forwarding failed retain safe 0x0000000005000000
[5,165s][debug][gc,remset      ] GC(3) Y: scan_forwarding failed retain safe 0x000000000f000000
[5,165s][debug][gc,remset      ] GC(3) Y: scan_forwarding failed retain safe 0x000000000f600000
[5,165s][debug][gc,remset      ] GC(3) Y: scan_forwarding failed retain safe 0x000000000f400000
[5,165s][debug][gc,remset      ] GC(3) Y: scan_forwarding failed retain safe 0x000000000f200000
[5,165s][debug][gc,nmethod     ] Register NMethod: jdk.internal.foreign.SegmentFactories$1.cleanup (0x00007ab2a6db3188) [0x00007ab2a6db3280, 0x00007ab2a6db33e8] Compiler: jvmci, Barriers: 0, Oops: 0, ImmediateOops: 4, NonImmediateOops: No
[5,165s][debug][gc,remset      ] GC(3) Y: scan_forwarding failed retain safe 0x000000000fa00000
[5,166s][debug][gc,remset      ] GC(3) Y: scan_forwarding failed retain safe 0x0000000010000000
[5,166s][debug][gc,remset      ] GC(3) Y: scan_forwarding failed retain safe 0x0000000010400000
[5,166s][debug][gc,remset      ] GC(3) Y: scan_forwarding failed retain safe 0x0000000010600000
[5,166s][debug][gc,remset      ] GC(3) Y: scan_forwarding failed retain safe 0x0000000010a00000
[5,166s][debug][gc,remset      ] GC(3) Y: scan_forwarding failed retain safe 0x0000000010800000
[5,167s][debug][gc,remset      ] GC(3) Y: scan_forwarding failed retain safe 0x0000000011400000
[5,167s][debug][gc,nmethod     ] Register NMethod: jdk.internal.foreign.MemorySessionImpl$ResourceList.cleanup (0x00007ab2a6d52488) [0x00007ab2a6d52580, 0x00007ab2a6d527b8] Compiler: jvmci, Barriers: 2, Oops: 0, ImmediateOops: 4, NonImmediateOops: No
[5,167s][debug][gc,remset      ] GC(3) Y: scan_forwarding failed retain safe 0x0000000011a00000
[5,167s][debug][gc,remset      ] GC(3) Y: scan_forwarding failed retain safe 0x0000000011c00000
[5,167s][debug][gc,director    ] Select Minor GC Workers (Not Warm), GCWorkers: 5,000
[5,167s][debug][gc,director    ] Rule Minor: Allocation Rate (Dynamic GC Workers), MaxAllocRate: 540,0MB/s (+/-29,2%), Free: 11732MB, GCCPUTime: 2,913, GCDuration: 0,588s, TimeUntilOOM: 16,817s, TimeUntilGC: 16,229s, GCWorkers: 5
[5,167s][debug][gc,remset      ] GC(3) Y: scan_forwarding failed retain safe 0x0000000011e00000
[5,167s][debug][gc,remset      ] GC(3) Y: scan_forwarding failed retain safe 0x0000000012000000
[5,168s][debug][gc,remset      ] GC(3) Y: scan_forwarding failed retain safe 0x0000000012800000
[5,168s][debug][gc,remset      ] GC(3) Y: scan_forwarding failed retain safe 0x0000000012a00000
[5,168s][debug][gc,remset      ] GC(3) Y: scan_forwarding failed retain safe 0x0000000013400000
[5,169s][debug][gc,remset      ] GC(3) Y: scan_forwarding failed retain safe 0x0000000014400000
[5,169s][debug][gc,remset      ] GC(3) Y: scan_forwarding failed retain safe 0x0000000014800000
[5,169s][debug][gc,remset      ] GC(3) Y: scan_forwarding failed retain safe 0x0000000015000000
[5,169s][debug][gc,remset      ] GC(3) Y: scan_forwarding failed retain safe 0x0000000015200000
[5,169s][debug][gc,remset      ] GC(3) Y: scan_forwarding failed retain safe 0x0000000014600000
[5,170s][debug][gc,remset      ] GC(3) Y: scan_forwarding failed retain safe 0x0000000017000000
[5,170s][debug][gc,remset      ] GC(3) Y: scan_forwarding failed retain safe 0x0000000019600000
[5,170s][debug][gc,remset      ] GC(3) Y: scan_forwarding failed retain safe 0x0000000019c00000
[5,170s][debug][gc,nmethod     ] Register NMethod: java.lang.ref.ReferenceQueue.enqueue (0x00007ab2a6d06f08) [0x00007ab2a6d07000, 0x00007ab2a6d07738] Compiler: jvmci, Barriers: 23, Oops: 0, ImmediateOops: 3, NonImmediateOops: No
[5,172s][debug][gc,nmethod     ] Register NMethod: jdk.internal.ref.CleanerImpl$CleanableList.remove (0x00007ab2a6d3a788) [0x00007ab2a6d3a880, 0x00007ab2a6d3b1f0] Compiler: jvmci, Barriers: 30, Oops: 0, ImmediateOops: 0, NonImmediateOops: No
[5,173s][debug][gc,remset      ] GC(3) Y: scan_forwarding failed retain safe 0x0000000022a00000
[5,173s][debug][gc,remset      ] GC(3) Y: scan_forwarding failed retain safe 0x0000000058e00000
[5,173s][debug][gc,remset      ] GC(3) Y: scan_forwarding failed retain safe 0x000000005ec00000
[5,173s][debug][gc,remset      ] GC(3) Y: scan_forwarding failed retain safe 0x000000005ee00000
[5,173s][debug][gc,remset      ] GC(3) Y: scan_forwarding failed retain safe 0x000000005f000000
[5,173s][debug][gc,remset      ] GC(3) Y: scan_forwarding failed retain safe 0x000000005f200000
[5,173s][debug][gc,remset      ] GC(3) Y: scan_forwarding failed retain safe 0x000000005f800000
[5,173s][debug][gc,remset      ] GC(3) Y: scan_forwarding failed retain safe 0x000000005fc00000
[5,173s][debug][gc,remset      ] GC(3) Y: scan_forwarding failed retain safe 0x000000005fe00000
[5,173s][debug][gc,remset      ] GC(3) Y: scan_forwarding failed retain safe 0x0000000060000000
[5,173s][debug][gc,remset      ] GC(3) Y: scan_forwarding failed retain safe 0x0000000060200000
[5,173s][debug][gc,remset      ] GC(3) Y: scan_forwarding failed retain safe 0x0000000060400000
[5,173s][debug][gc,marking     ] GC(3) Y: Using 2 mark stripes
[5,173s][debug][gc,marking     ] GC(3) Y: Using 1 mark stripes
[5,173s][debug][gc,remset      ] GC(3) Y: Remset forwarding retained: 0,000ms count: 0 ZWorkerYoung#3
[5,173s][debug][gc,remset      ] GC(3) Y: Remset forwarding released: 0,250ms count: 6 ZWorkerYoung#3
[5,173s][debug][gc,remset      ] GC(3) Y:   0,124ms
[5,173s][debug][gc,remset      ] GC(3) Y:   0,032ms
[5,173s][debug][gc,remset      ] GC(3) Y:   0,030ms
[5,173s][debug][gc,remset      ] GC(3) Y:   0,029ms
[5,173s][debug][gc,remset      ] GC(3) Y:   0,013ms
[5,173s][debug][gc,remset      ] GC(3) Y:   0,000ms
[5,173s][debug][gc,remset      ] GC(3) Y: Remset forwarding retained: 0,000ms count: 0 ZWorkerYoung#2
[5,173s][debug][gc,remset      ] GC(3) Y: Remset forwarding retained: 0,000ms count: 0 ZWorkerYoung#1
[5,173s][debug][gc,remset      ] GC(3) Y: Remset forwarding released: 0,285ms count: 22 ZWorkerYoung#1
[5,173s][debug][gc,remset      ] GC(3) Y:   0,060ms
[5,173s][debug][gc,remset      ] GC(3) Y:   0,044ms
[5,173s][debug][gc,remset      ] GC(3) Y:   0,020ms
[5,173s][debug][gc,remset      ] GC(3) Y:   0,019ms
[5,173s][debug][gc,remset      ] GC(3) Y:   0,016ms
[5,173s][debug][gc,remset      ] GC(3) Y:   0,015ms
[5,173s][debug][gc,remset      ] GC(3) Y:   0,014ms
[5,173s][debug][gc,remset      ] GC(3) Y:   0,013ms
[5,173s][debug][gc,remset      ] GC(3) Y:   0,010ms
[5,173s][debug][gc,remset      ] GC(3) Y:   0,008ms
[5,173s][debug][gc,remset      ] GC(3) Y: Remset forwarding released: 1,123ms count: 10 ZWorkerYoung#2
[5,173s][debug][gc,remset      ] GC(3) Y: Remset forwarding retained: 0,000ms count: 0 ZWorkerYoung#4
[5,173s][debug][gc,remset      ] GC(3) Y: Remset forwarding retained: 0,000ms count: 0 ZWorkerYoung#0
[5,173s][debug][gc,remset      ] GC(3) Y: Remset forwarding released: 0,194ms count: 9 ZWorkerYoung#0
[5,173s][debug][gc,remset      ] GC(3) Y:   0,047ms
[5,173s][debug][gc,remset      ] GC(3) Y:   0,038ms
[5,173s][debug][gc,remset      ] GC(3) Y:   0,024ms
[5,173s][debug][gc,remset      ] GC(3) Y:   0,020ms
[5,173s][debug][gc,remset      ] GC(3) Y:   0,015ms
[5,173s][debug][gc,remset      ] GC(3) Y:   0,015ms
[5,173s][debug][gc,remset      ] GC(3) Y:   0,014ms
[5,173s][debug][gc,remset      ] GC(3) Y:   0,013ms
[5,174s][debug][gc,remset      ] GC(3) Y:   0,000ms
[5,173s][debug][gc,remset      ] GC(3) Y: Remset forwarding released: 0,172ms count: 8 ZWorkerYoung#4
[5,174s][debug][gc,remset      ] GC(3) Y:   0,031ms
[5,174s][debug][gc,remset      ] GC(3) Y:   0,031ms
[5,174s][debug][gc,remset      ] GC(3) Y:   0,030ms
[5,174s][debug][gc,remset      ] GC(3) Y:   0,017ms
[5,174s][debug][gc,remset      ] GC(3) Y:   0,017ms
[5,174s][debug][gc,remset      ] GC(3) Y:   0,017ms
[5,174s][debug][gc,remset      ] GC(3) Y:   0,010ms
[5,173s][debug][gc,nmethod     ] Register NMethod: java.lang.ref.ReferenceQueue.enqueue0 (0x00007ab2a6d17588) [0x00007ab2a6d17680, 0x00007ab2a6d17c88] Compiler: jvmci, Barriers: 23, Oops: 0, ImmediateOops: 3, NonImmediateOops: No
[5,173s][debug][gc,remset      ] GC(3) Y:   0,685ms
[5,174s][debug][gc,remset      ] GC(3) Y:   0,220ms
[5,174s][debug][gc,remset      ] GC(3) Y:   0,055ms
[5,174s][debug][gc,remset      ] GC(3) Y:   0,029ms
[5,174s][debug][gc,remset      ] GC(3) Y:   0,028ms
[5,174s][debug][gc,remset      ] GC(3) Y:   0,028ms
[5,174s][debug][gc,remset      ] GC(3) Y:   0,026ms
[5,174s][debug][gc,remset      ] GC(3) Y:   0,017ms
[5,174s][debug][gc,remset      ] GC(3) Y:   0,006ms
[5,174s][debug][gc,remset      ] GC(3) Y:   0,000ms
[5,174s][debug][gc,remset      ] GC(3) Y:   0,000ms
[5,174s][debug][gc,marking     ] GC(3) Y: Try terminate after resurrection
[5,174s][debug][gc,phases      ] GC(3) Y: Concurrent Mark Follow 11,902ms
[5,174s][info ][gc,phases      ] GC(3) Y: Concurrent Mark 13,755ms
[5,174s][debug][gc,reloc       ] Synchronize all workers 1 _nworkers: 0 _nsynchronized: 0
[5,174s][debug][gc,reloc       ] Synchronize all workers 1 _nworkers: 0 _nsynchronized: 0
[5,174s][debug][gc,phases,start] GC(3) Y: Pause Mark End
[5,174s][info ][gc,phases      ] GC(3) Y: Pause Mark End 0,017ms
[5,174s][debug][gc,reloc       ] Desynchronize all workers _nworkers: 0 _nsynchronized: 0
[5,174s][debug][gc,reloc       ] Desynchronize all workers _nworkers: 0 _nsynchronized: 0
[5,174s][debug][gc,phases,start] GC(3) Y: Concurrent Mark Free
[5,174s][info ][gc,phases      ] GC(3) Y: Concurrent Mark Free 0,020ms
[5,174s][debug][gc,phases,start] GC(3) Y: Concurrent Reset Relocation Set
[5,174s][info ][gc,phases      ] GC(3) Y: Concurrent Reset Relocation Set 0,009ms
[5,174s][debug][gc,phases,start] GC(3) Y: Concurrent Select Relocation Set
[5,174s][debug][gc,reloc       ] GC(3) Y: Relocation Set (Medium Pages): 0->0, 0 skipped, 0 forwarding entries
[5,174s][debug][gc,reloc       ] GC(3) Y: Relocation Set (Small Pages): 4->1, 0 skipped, 160 forwarding entries
[5,174s][info ][gc,reloc       ] GC(3) Y: Using tenuring threshold: 0 (Promote All)
[5,174s][debug][gc,task        ] GC(3) Y: Executing ZRelocationSetInstallTask using ZWorkerYoung with 5 workers
[5,174s][debug][gc,task        ] GC(3) Y: Executing ZPromotePagesTask using ZWorkerYoung with 5 workers
[5,174s][debug][gc,task        ] GC(3) Y: Executing ZPromotePagesTask using ZWorkerYoung with 5 workers
[5,174s][debug][gc,task        ] GC(3) Y: Executing ZPromotePagesTask using ZWorkerYoung with 5 workers
[5,174s][info ][gc,phases      ] GC(3) Y: Concurrent Select Relocation Set 0,297ms
[5,174s][debug][gc,reloc       ] Synchronize all workers 1 _nworkers: 0 _nsynchronized: 0
[5,175s][debug][gc,reloc       ] Synchronize all workers 1 _nworkers: 0 _nsynchronized: 0
[5,175s][debug][gc,phases,start] GC(3) Y: Pause Relocate Start
[5,175s][debug][gc,reloc       ] GC(3) Y: Joining workers: 5
[5,175s][info ][gc,phases      ] GC(3) Y: Pause Relocate Start 0,013ms
[5,175s][debug][gc,reloc       ] Desynchronize all workers _nworkers: 0 _nsynchronized: 0
[5,175s][debug][gc,reloc       ] Desynchronize all workers _nworkers: 5 _nsynchronized: 0
[5,175s][debug][gc,phases,start] GC(3) Y: Concurrent Relocate
[5,175s][debug][gc,task        ] GC(3) Y: Executing ZRelocateStoreBufferInstallBasePointersTask using ZWorkerYoung with 5 workers
[5,175s][debug][gc             ] JNI Critical Stall (ForkJoinPool.commonPool-worker-18) 0,644ms
[5,175s][debug][gc             ] JNI Critical Stall (ForkJoinPool.commonPool-worker-10) 0,023ms
[5,176s][debug][gc,task        ] GC(3) Y: Executing ZRelocateTask using ZWorkerYoung with 5 workers
[5,176s][debug][gc,reloc       ] GC(3) Y: Leaving workers: left: 4 _synchronize: 0 _nsynchronized: 0
[5,176s][debug][gc,reloc       ] GC(3) Y: Leaving workers: left: 3 _synchronize: 0 _nsynchronized: 0
[5,176s][debug][gc,reloc       ] GC(3) Y: Leaving workers: left: 2 _synchronize: 0 _nsynchronized: 0
[5,176s][debug][gc,reloc       ] GC(3) Y: Leaving workers: left: 1 _synchronize: 0 _nsynchronized: 0
[5,176s][debug][gc,reloc       ] GC(3) Y: Leaving workers: left: 0 _synchronize: 0 _nsynchronized: 0
[5,176s][debug][gc,phases,start] GC(3) Y: Concurrent Relocate Remset FP
[5,176s][debug][gc,task        ] GC(3) Y: Executing ZRelocateAddRemsetForFlipPromoted using ZWorkerYoung with 5 workers
[5,176s][debug][gc,phases      ] GC(3) Y: Concurrent Relocate Remset FP 0,036ms
[5,176s][info ][gc,phases      ] GC(3) Y: Concurrent Relocate 0,329ms
[5,176s][debug][gc,heap        ] GC(3) Y: Heap After GC invocations=5 (full 3):
[5,176s][debug][gc,heap        ] GC(3) Y:  ZHeap           used 518M, capacity 5120M, max capacity 12288M
[5,176s][debug][gc,heap        ] GC(3) Y:   Cache          4602M (12)
[5,176s][debug][gc,heap        ] GC(3) Y:    size classes  2M (5), 4M (3), 8M (2), 512M (1), 2G (1)
[5,176s][debug][gc,metaspace   ] GC(3) Y: Metaspace After GC invocations=5 (full 3):
[5,176s][debug][gc,metaspace   ] GC(3) Y:  Metaspace       used 32083K, committed 32512K, reserved 1114112K
[5,176s][debug][gc,metaspace   ] GC(3) Y:   class space    used 2571K, committed 2752K, reserved 1048576K
[5,176s][info ][gc,alloc       ] GC(3) Y:                         Mark Start        Mark End      Relocate Start    Relocate End   
[5,176s][info ][gc,alloc       ] GC(3) Y: Allocation Stalls:          0                0                0                0         
[5,176s][info ][gc,load        ] GC(3) Y: Load: 4,74 (24%) / 3,71 (19%) / 2,91 (15%)
[5,176s][info ][gc,mmu         ] GC(3) Y: MMU: 2ms/90,6%, 5ms/96,3%, 10ms/98,1%, 20ms/99,1%, 50ms/99,6%, 100ms/99,8%
[5,176s][info ][gc,marking     ] GC(3) Y: Mark: 4 stripe(s), 2 proactive flush(es), 1 terminate flush(es), 0 completion(s), 0 continuation(s) 
[5,176s][info ][gc,nmethod     ] GC(3) Y: NMethods: 4408 registered, 878 unregistered
[5,176s][info ][gc,metaspace   ] GC(3) Y: Metaspace: 31M used, 31M committed, 1088M reserved
[5,176s][info ][gc,reloc       ] GC(3) Y:                        Candidates     Selected     In-Place         Size        Empty    Relocated 
[5,176s][info ][gc,reloc       ] GC(3) Y: Small Pages:                    6            3            0          12M           4M           0M 
[5,176s][info ][gc,reloc       ] GC(3) Y: Medium Pages:                   0            0            0           0M           0M           0M 
[5,176s][info ][gc,reloc       ] GC(3) Y: Large Pages:                    0            0            0           0M           0M           0M 
[5,176s][info ][gc,reloc       ] GC(3) Y: Forwarding Usage: 0M
[5,176s][info ][gc,reloc       ] GC(3) Y: Age Table:
[5,176s][info ][gc,reloc       ] GC(3) Y:                    Live             Garbage             Small              Medium             Large        
[5,176s][info ][gc,reloc       ] GC(3) Y: Eden               0M (0%)            9M (0%)           5 / 2              0 / 0              0 / 0        
[5,176s][info ][gc,reloc       ] GC(3) Y: Survivor 1         0M (0%)            1M (0%)           1 / 1              0 / 0              0 / 0        
[5,176s][info ][gc,heap        ] GC(3) Y: Min Capacity: 5120M(42%)
[5,176s][info ][gc,heap        ] GC(3) Y: Max Capacity: 12288M(100%)
[5,176s][info ][gc,heap        ] GC(3) Y: Soft Max Capacity: 12288M(100%)
[5,176s][info ][gc,heap        ] GC(3) Y: Heap Statistics:
[5,176s][info ][gc,heap        ] GC(3) Y:                Mark Start          Mark End        Relocate Start      Relocate End           High               Low         
[5,176s][info ][gc,heap        ] GC(3) Y:  Capacity:     5120M (42%)        5120M (42%)        5120M (42%)        5120M (42%)        5120M (42%)        5120M (42%)    
[5,176s][info ][gc,heap        ] GC(3) Y:      Free:    11782M (96%)       11766M (96%)       11770M (96%)       11770M (96%)       11782M (96%)       11762M (96%)    
[5,176s][info ][gc,heap        ] GC(3) Y:      Used:      506M (4%)          522M (4%)          518M (4%)          518M (4%)          526M (4%)          506M (4%)     
[5,176s][info ][gc,heap        ] GC(3) Y: Young Generation Statistics:
[5,176s][info ][gc,heap        ] GC(3) Y:                Mark Start          Mark End        Relocate Start      Relocate End    
[5,176s][info ][gc,heap        ] GC(3) Y:      Used:       12M (0%)           28M (0%)           24M (0%)           16M (0%)     
[5,176s][info ][gc,heap        ] GC(3) Y:      Live:         -                 0M (0%)            0M (0%)            0M (0%)     
[5,176s][info ][gc,heap        ] GC(3) Y:   Garbage:         -                11M (0%)            7M (0%)            0M (0%)     
[5,176s][info ][gc,heap        ] GC(3) Y: Allocated:         -                16M (0%)           16M (0%)           16M (0%)     
[5,176s][info ][gc,heap        ] GC(3) Y: Reclaimed:         -                  -                 4M (0%)           11M (0%)     
[5,176s][info ][gc,heap        ] GC(3) Y:  Promoted:         -                  -                 0M (0%)            0M (0%)     
[5,176s][info ][gc,heap        ] GC(3) Y: Compacted:         -                  -                  -                 0M (0%)     
[5,176s][info ][gc,phases      ] GC(3) Y: Young Generation (Promote All) 506M(4%)->518M(4%) 0,016s
[5,176s][debug][gc,heap        ] GC(3) Y: Heap Before GC invocations=5 (full 3):
[5,176s][debug][gc,heap        ] GC(3) Y:  ZHeap           used 520M, capacity 5120M, max capacity 12288M
[5,176s][debug][gc,heap        ] GC(3) Y:   Cache          4600M (11)
[5,176s][debug][gc,heap        ] GC(3) Y:    size classes  2M (4), 4M (3), 8M (2), 512M (1), 2G (1)
[5,176s][debug][gc,nmethod     ] Register NMethod: jdk.internal.ref.Cleaner.remove (0x00007ab287536108) [0x00007ab287536200, 0x00007ab2875369d0] Compiler: c1, Barriers: 23, Oops: 0, ImmediateOops: 4, NonImmediateOops: No
[5,176s][debug][gc,metaspace   ] GC(3) Y: Metaspace Before GC invocations=5 (full 3):
[5,176s][debug][gc,metaspace   ] GC(3) Y:  Metaspace       used 32087K, committed 32512K, reserved 1114112K
[5,176s][debug][gc,metaspace   ] GC(3) Y:   class space    used 2571K, committed 2752K, reserved 1048576K
[5,176s][info ][gc,phases      ] GC(3) Y: Young Generation (Collect Roots)
[5,176s][debug][gc,nmethod     ] Register NMethod: java.nio.DirectByteBuffer$Deallocator.run (0x00007ab287508d08) [0x00007ab287508e00, 0x00007ab287509320] Compiler: c1, Barriers: 0, Oops: 1, ImmediateOops: 3, NonImmediateOops: No
[5,176s][debug][gc,reloc       ] Synchronize all workers 1 _nworkers: 0 _nsynchronized: 0
[5,176s][debug][gc,reloc       ] Synchronize all workers 1 _nworkers: 0 _nsynchronized: 0
[5,176s][debug][gc,nmethod     ] Register NMethod: jdk.internal.ref.Cleaner.clean (0x00007ab28776a988) [0x00007ab28776aa80, 0x00007ab28776b830] Compiler: c1, Barriers: 3, Oops: 0, ImmediateOops: 4, NonImmediateOops: No
[5,176s][debug][gc,phases,start] GC(3) Y: Pause Mark Start (Major)
[5,176s][debug][gc,tlab        ] GC(3) Y: TLAB usage update: used 10M -> 18M, capacity: 375M -> 267M
[5,176s][debug][gc,marking     ] GC(3) Y: Using 4 mark stripes
[5,176s][debug][gc,marking     ] GC(3) Y: Mark Worker/Stripe Distribution
[5,176s][debug][gc,marking     ] GC(3) Y:   Worker 0(5) -> Stripe 0(4)
[5,176s][debug][gc,marking     ] GC(3) Y:   Worker 1(5) -> Stripe 1(4)
[5,176s][debug][gc,marking     ] GC(3) Y:   Worker 2(5) -> Stripe 2(4)
[5,176s][debug][gc,marking     ] GC(3) Y:   Worker 3(5) -> Stripe 3(4)
[5,176s][debug][gc,marking     ] GC(3) Y:   Worker 4(5) -> Stripe 0(4)
[5,176s][debug][gc,marking     ] GC(3) Y: Using 4 mark stripes
[5,176s][debug][gc,marking     ] GC(3) Y: Mark Worker/Stripe Distribution
[5,176s][debug][gc,marking     ] GC(3) Y:   Worker 0(5) -> Stripe 0(4)
[5,176s][debug][gc,marking     ] GC(3) Y:   Worker 1(5) -> Stripe 1(4)
[5,177s][debug][gc,marking     ] GC(3) Y:   Worker 2(5) -> Stripe 2(4)
[5,177s][debug][gc,marking     ] GC(3) Y:   Worker 3(5) -> Stripe 3(4)
[5,177s][debug][gc,marking     ] GC(3) Y:   Worker 4(5) -> Stripe 0(4)
[5,177s][info ][gc,phases      ] GC(3) Y: Pause Mark Start (Major) 0,104ms
[5,177s][debug][gc,reloc       ] Desynchronize all workers _nworkers: 0 _nsynchronized: 0
[5,177s][debug][gc,reloc       ] Desynchronize all workers _nworkers: 0 _nsynchronized: 0
[5,177s][debug][gc,marking     ] Resurrection broke termination
[5,177s][debug][gc,phases,start] GC(3) Y: Concurrent Mark
[5,177s][debug][gc,phases,start] GC(3) Y: Concurrent Mark Roots
[5,177s][debug][gc,task        ] GC(3) Y: Executing ZMarkYoungRootsTask using ZWorkerYoung with 5 workers
[5,177s][debug][gc,marking     ] Resurrection broke termination
[5,177s][debug][gc,director    ] Select Minor GC Workers (Not Warm), GCWorkers: 5,000
[5,178s][debug][gc,director    ] Rule Minor: Allocation Rate (Dynamic GC Workers), MaxAllocRate: 540,0MB/s (+/-29,2%), Free: 11722MB, GCCPUTime: 2,913, GCDuration: 0,588s, TimeUntilOOM: 16,803s, TimeUntilGC: 16,215s, GCWorkers: 5
[5,178s][debug][gc,tlab        ] GC(3) Y: TLAB totals: thrds: 3  refills: 66 max: 33 slow allocs: 85 max 43 waste:  1,1% gc: 44096B max: 30768B slow: 39984B max: 20544B
[5,178s][debug][gc,phases      ] GC(3) Y: Concurrent Mark Roots 1,566ms
[5,178s][debug][gc,phases,start] GC(3) Y: Concurrent Mark Follow
[5,178s][debug][gc,marking     ] GC(3) Y: Using 4 mark stripes
[5,178s][debug][gc,task        ] GC(3) Y: Executing ZRememberedScanMarkFollowTask using ZWorkerYoung with 5 workers
[5,180s][debug][gc,marking     ] GC(3) Y: Using 2 mark stripes
[5,180s][debug][gc,marking     ] GC(3) Y: Using 1 mark stripes
[5,180s][debug][gc,remset      ] GC(3) Y: Remset forwarding retained: 0,000ms count: 0 ZWorkerYoung#2
[5,180s][debug][gc,remset      ] GC(3) Y: Remset forwarding released: 0,000ms count: 0 ZWorkerYoung#2
[5,180s][debug][gc,remset      ] GC(3) Y: Remset forwarding retained: 0,000ms count: 0 ZWorkerYoung#0
[5,180s][debug][gc,remset      ] GC(3) Y: Remset forwarding released: 0,000ms count: 0 ZWorkerYoung#0
[5,180s][debug][gc,remset      ] GC(3) Y: Remset forwarding retained: 0,000ms count: 0 ZWorkerYoung#4
[5,180s][debug][gc,remset      ] GC(3) Y: Remset forwarding retained: 0,000ms count: 0 ZWorkerYoung#1
[5,180s][debug][gc,remset      ] GC(3) Y: Remset forwarding released: 0,000ms count: 0 ZWorkerYoung#1
[5,180s][debug][gc,remset      ] GC(3) Y: Remset forwarding released: 0,000ms count: 0 ZWorkerYoung#4
[5,180s][debug][gc,remset      ] GC(3) Y: Remset forwarding retained: 0,000ms count: 0 ZWorkerYoung#3
[5,180s][debug][gc,remset      ] GC(3) Y: Remset forwarding released: 0,000ms count: 0 ZWorkerYoung#3
[5,180s][debug][gc,marking     ] GC(3) Y: Try terminate after resurrection
[5,180s][debug][gc,phases      ] GC(3) Y: Concurrent Mark Follow 2,124ms
[5,180s][info ][gc,phases      ] GC(3) Y: Concurrent Mark 3,729ms
[5,180s][debug][gc,reloc       ] Synchronize all workers 1 _nworkers: 0 _nsynchronized: 0
[5,180s][debug][gc,reloc       ] Synchronize all workers 1 _nworkers: 0 _nsynchronized: 0
[5,180s][debug][gc,phases,start] GC(3) Y: Pause Mark End
[5,180s][info ][gc,phases      ] GC(3) Y: Pause Mark End 0,022ms
[5,180s][debug][gc,reloc       ] Desynchronize all workers _nworkers: 0 _nsynchronized: 0
[5,180s][debug][gc,reloc       ] Desynchronize all workers _nworkers: 0 _nsynchronized: 0
[5,180s][debug][gc,phases,start] GC(3) Y: Concurrent Mark Free
[5,180s][info ][gc,phases      ] GC(3) Y: Concurrent Mark Free 0,010ms
[5,180s][debug][gc,phases,start] GC(3) Y: Concurrent Reset Relocation Set
[5,180s][info ][gc,phases      ] GC(3) Y: Concurrent Reset Relocation Set 0,007ms
[5,181s][debug][gc,phases,start] GC(3) Y: Concurrent Select Relocation Set
[5,181s][debug][gc,reloc       ] GC(3) Y: Relocation Set (Medium Pages): 0->0, 0 skipped, 0 forwarding entries
[5,181s][debug][gc,reloc       ] GC(3) Y: Relocation Set (Small Pages): 9->1, 0 skipped, 4868 forwarding entries
[5,181s][debug][gc,reloc       ] GC(3) Y: Allocated To Garbage: 0,3
[5,181s][debug][gc,reloc       ] GC(3) Y: Young Log Residency: 7,1
[5,181s][debug][gc,reloc       ] GC(3) Y: Life Decay Factor: 1,0
[5,181s][info ][gc,reloc       ] GC(3) Y: Using tenuring threshold: 1 (Computed)
[5,181s][debug][gc,task        ] GC(3) Y: Executing ZRelocationSetInstallTask using ZWorkerYoung with 5 workers
[5,181s][debug][gc,task        ] GC(3) Y: Executing ZPromotePagesTask using ZWorkerYoung with 5 workers
[5,181s][debug][gc,task        ] GC(3) Y: Executing ZPromotePagesTask using ZWorkerYoung with 5 workers
[5,181s][debug][gc,task        ] GC(3) Y: Executing ZPromotePagesTask using ZWorkerYoung with 5 workers
[5,181s][info ][gc,phases      ] GC(3) Y: Concurrent Select Relocation Set 0,230ms
[5,181s][debug][gc,reloc       ] Synchronize all workers 1 _nworkers: 0 _nsynchronized: 0
[5,181s][debug][gc,reloc       ] Synchronize all workers 1 _nworkers: 0 _nsynchronized: 0
[5,181s][debug][gc,phases,start] GC(3) Y: Pause Relocate Start
[5,181s][debug][gc,reloc       ] GC(3) Y: Joining workers: 5
[5,181s][info ][gc,phases      ] GC(3) Y: Pause Relocate Start 0,018ms
[5,181s][debug][gc,reloc       ] Desynchronize all workers _nworkers: 0 _nsynchronized: 0
[5,181s][debug][gc,reloc       ] Desynchronize all workers _nworkers: 5 _nsynchronized: 0
[5,181s][debug][gc,phases,start] GC(3) Y: Concurrent Relocate
[5,181s][debug][gc,task        ] GC(3) Y: Executing ZRelocateStoreBufferInstallBasePointersTask using ZWorkerYoung with 5 workers
[5,181s][debug][gc,task        ] GC(3) Y: Executing ZRelocateTask using ZWorkerYoung with 5 workers
[5,181s][debug][gc,reloc       ] GC(3) Y: Leaving workers: left: 4 _synchronize: 0 _nsynchronized: 0
[5,181s][debug][gc,reloc       ] GC(3) Y: Leaving workers: left: 3 _synchronize: 0 _nsynchronized: 0
[5,181s][debug][gc,reloc       ] GC(3) Y: Leaving workers: left: 2 _synchronize: 0 _nsynchronized: 0
[5,181s][debug][gc,reloc       ] GC(3) Y: Leaving workers: left: 1 _synchronize: 0 _nsynchronized: 0
[5,181s][debug][gc,reloc       ] GC(3) Y: Leaving workers: left: 0 _synchronize: 0 _nsynchronized: 0
[5,181s][debug][gc,phases,start] GC(3) Y: Concurrent Relocate Remset FP
[5,181s][debug][gc,task        ] GC(3) Y: Executing ZRelocateAddRemsetForFlipPromoted using ZWorkerYoung with 5 workers
[5,181s][debug][gc,phases      ] GC(3) Y: Concurrent Relocate Remset FP 0,035ms
[5,181s][info ][gc,phases      ] GC(3) Y: Concurrent Relocate 0,229ms
[5,181s][debug][gc,heap        ] GC(3) Y: Heap After GC invocations=6 (full 4):
[5,181s][debug][gc,heap        ] GC(3) Y:  ZHeap           used 516M, capacity 5120M, max capacity 12288M
[5,181s][debug][gc,heap        ] GC(3) Y:   Cache          4604M (14)
[5,181s][debug][gc,heap        ] GC(3) Y:    size classes  2M (6), 4M (5), 8M (1), 512M (1), 2G (1)
[5,181s][debug][gc,metaspace   ] GC(3) Y: Metaspace After GC invocations=6 (full 4):
[5,181s][debug][gc,metaspace   ] GC(3) Y:  Metaspace       used 32087K, committed 32512K, reserved 1114112K
[5,181s][debug][gc,metaspace   ] GC(3) Y:   class space    used 2571K, committed 2752K, reserved 1048576K
[5,181s][info ][gc,alloc       ] GC(3) Y:                         Mark Start        Mark End      Relocate Start    Relocate End   
[5,181s][info ][gc,alloc       ] GC(3) Y: Allocation Stalls:          0                0                0                0         
[5,181s][info ][gc,load        ] GC(3) Y: Load: 4,74 (24%) / 3,71 (19%) / 2,91 (15%)
[5,181s][info ][gc,mmu         ] GC(3) Y: MMU: 2ms/90,6%, 5ms/96,3%, 10ms/98,1%, 20ms/99,1%, 50ms/99,5%, 100ms/99,7%
[5,181s][info ][gc,marking     ] GC(3) Y: Mark: 4 stripe(s), 4 proactive flush(es), 1 terminate flush(es), 0 completion(s), 0 continuation(s) 
[5,181s][info ][gc,nmethod     ] GC(3) Y: NMethods: 4411 registered, 878 unregistered
[5,181s][info ][gc,metaspace   ] GC(3) Y: Metaspace: 31M used, 31M committed, 1088M reserved
[5,181s][info ][gc,reloc       ] GC(3) Y:                        Candidates     Selected     In-Place         Size        Empty    Relocated 
[5,181s][info ][gc,reloc       ] GC(3) Y: Small Pages:                    9            8            0          18M           0M           0M 
[5,181s][info ][gc,reloc       ] GC(3) Y: Medium Pages:                   0            0            0           0M           0M           0M 
[5,181s][info ][gc,reloc       ] GC(3) Y: Large Pages:                    0            0            0           0M           0M           0M 
[5,181s][info ][gc,reloc       ] GC(3) Y: Forwarding Usage: 0M
[5,181s][info ][gc,reloc       ] GC(3) Y: Age Table:
[5,181s][info ][gc,reloc       ] GC(3) Y:                    Live             Garbage             Small              Medium             Large        
[5,181s][info ][gc,reloc       ] GC(3) Y: Eden               0M (0%)           17M (0%)           9 / 8              0 / 0              0 / 0        
[5,181s][info ][gc,heap        ] GC(3) Y: Min Capacity: 5120M(42%)
[5,181s][info ][gc,heap        ] GC(3) Y: Max Capacity: 12288M(100%)
[5,181s][info ][gc,heap        ] GC(3) Y: Soft Max Capacity: 12288M(100%)
[5,181s][info ][gc,heap        ] GC(3) Y: Heap Statistics:
[5,181s][info ][gc,heap        ] GC(3) Y:                Mark Start          Mark End        Relocate Start      Relocate End           High               Low         
[5,181s][info ][gc,heap        ] GC(3) Y:  Capacity:     5120M (42%)        5120M (42%)        5120M (42%)        5120M (42%)        5120M (42%)        5120M (42%)    
[5,181s][info ][gc,heap        ] GC(3) Y:      Free:    11768M (96%)       11764M (96%)       11764M (96%)       11772M (96%)       11772M (96%)       11754M (96%)    
[5,181s][info ][gc,heap        ] GC(3) Y:      Used:      520M (4%)          524M (4%)          524M (4%)          516M (4%)          534M (4%)          516M (4%)     
[5,181s][info ][gc,heap        ] GC(3) Y: Young Generation Statistics:
[5,181s][info ][gc,heap        ] GC(3) Y:                Mark Start          Mark End        Relocate Start      Relocate End    
[5,181s][info ][gc,heap        ] GC(3) Y:      Used:       18M (0%)           22M (0%)           22M (0%)           14M (0%)     
[5,181s][info ][gc,heap        ] GC(3) Y:      Live:         -                 0M (0%)            0M (0%)            0M (0%)     
[5,181s][info ][gc,heap        ] GC(3) Y:   Garbage:         -                17M (0%)           17M (0%)            0M (0%)     
[5,181s][info ][gc,heap        ] GC(3) Y: Allocated:         -                 4M (0%)            4M (0%)           13M (0%)     
[5,182s][info ][gc,heap        ] GC(3) Y: Reclaimed:         -                  -                 0M (0%)           17M (0%)     
[5,182s][info ][gc,heap        ] GC(3) Y:  Promoted:         -                  -                 0M (0%)            0M (0%)     
[5,182s][info ][gc,heap        ] GC(3) Y: Compacted:         -                  -                  -                 0M (0%)     
[5,182s][info ][gc,phases      ] GC(3) Y: Young Generation (Collect Roots) 520M(4%)->516M(4%) 0,005s
[5,182s][debug][gc,heap        ] GC(3) O: Heap Before GC invocations=6 (full 4):
[5,182s][debug][gc,heap        ] GC(3) O:  ZHeap           used 516M, capacity 5120M, max capacity 12288M
[5,182s][debug][gc,heap        ] GC(3) O:   Cache          4604M (14)
[5,182s][debug][gc,heap        ] GC(3) O:    size classes  2M (6), 4M (5), 8M (1), 512M (1), 2G (1)
[5,182s][debug][gc,metaspace   ] GC(3) O: Metaspace Before GC invocations=6 (full 4):
[5,182s][debug][gc,metaspace   ] GC(3) O:  Metaspace       used 32087K, committed 32512K, reserved 1114112K
[5,182s][debug][gc,metaspace   ] GC(3) O:   class space    used 2571K, committed 2752K, reserved 1048576K
[5,182s][info ][gc,phases      ] GC(3) O: Old Generation
[5,182s][debug][gc,phases,start] GC(3) O: Concurrent Mark
[5,182s][debug][gc,phases,start] GC(3) O: Concurrent Mark Roots
[5,182s][debug][gc,task        ] GC(3) O: Executing ZMarkOldRootsTask using ZWorkerOld with 5 workers
[5,182s][debug][gc,tlab        ] GC(3) O: TLAB totals: thrds: 2  refills: 22 max: 11 slow allocs: 22 max 11 waste:  4,8% gc: 76456B max: 47416B slow: 11896B max: 5968B
[5,182s][debug][gc,phases      ] GC(3) O: Concurrent Mark Roots 0,246ms
[5,182s][debug][gc,phases,start] GC(3) O: Concurrent Mark Follow
[5,182s][debug][gc,marking     ] GC(3) O: Using 4 mark stripes
[5,182s][debug][gc,task        ] GC(3) O: Executing ZMarkTask using ZWorkerOld with 5 workers
[5,185s][debug][gc,nmethod     ] Register NMethod: java.lang.ref.Reference.processPendingReferences (0x00007ab2a6d32308) [0x00007ab2a6d32400, 0x00007ab2a6d33420] Compiler: jvmci, Barriers: 45, Oops: 0, ImmediateOops: 3, NonImmediateOops: No
[5,187s][debug][gc,nmethod     ] Register NMethod: java.nio.Bits.reserveMemory (0x00007ab287f02908) [0x00007ab287f02a00, 0x00007ab287f05948] Compiler: c1, Barriers: 4, Oops: 4, ImmediateOops: 13, NonImmediateOops: No
[5,190s][debug][gc,nmethod     ] Register NMethod: io.sirix.node.GrowingMemorySegment.<init> (0x00007ab287486188) [0x00007ab287486280, 0x00007ab2874866f8] Compiler: c1, Barriers: 6, Oops: 1, ImmediateOops: 0, NonImmediateOops: No
[5,191s][debug][gc,nmethod     ] Register NMethod: jdk.internal.ref.PhantomCleanable.clean (0x00007ab2a6e22f88) [0x00007ab2a6e23080, 0x00007ab2a6e249a0] Compiler: jvmci, Barriers: 64, Oops: 0, ImmediateOops: 6, NonImmediateOops: No
[5,198s][debug][gc,nmethod     ] Register NMethod: jdk.internal.foreign.SegmentFactories.allocateNativeSegment (0x00007ab2a6cf3b88) [0x00007ab2a6cf3ca0, 0x00007ab2a6cf4b88] Compiler: jvmci, Barriers: 26, Oops: 1, ImmediateOops: 8, NonImmediateOops: No
[5,201s][debug][gc,nmethod     ] Register NMethod: java.lang.ref.ReferenceQueue.poll0 (0x00007ab2a6d80688) [0x00007ab2a6d80780, 0x00007ab2a6d80a98] Compiler: jvmci, Barriers: 11, Oops: 0, ImmediateOops: 2, NonImmediateOops: No
[5,201s][debug][gc,nmethod     ] Register NMethod: jdk.internal.foreign.SegmentFactories.allocateNativeInternal (0x00007ab2a6d44608) [0x00007ab2a6d44720, 0x00007ab2a6d45560] Compiler: jvmci, Barriers: 24, Oops: 1, ImmediateOops: 8, NonImmediateOops: No
[5,201s][debug][gc,nmethod     ] Register NMethod: java.lang.ref.Reference.processPendingReferences (0x00007ab2880bdf88) [0x00007ab2880be080, 0x00007ab2880bf380] Compiler: c1, Barriers: 5, Oops: 1, ImmediateOops: 12, NonImmediateOops: No
[5,202s][debug][gc,nmethod     ] Register NMethod: jdk.internal.misc.InnocuousThread.eraseThreadLocals (0x00007ab2a6d32008) [0x00007ab2a6d32100, 0x00007ab2a6d32240] Compiler: jvmci, Barriers: 4, Oops: 0, ImmediateOops: 0, NonImmediateOops: No
[5,205s][debug][gc,nmethod     ] Register NMethod: jdk.internal.ref.CleanerImpl$CleanableList.isEmpty (0x00007ab2a6d60d88) [0x00007ab2a6d60e80, 0x00007ab2a6d610f8] Compiler: jvmci, Barriers: 1, Oops: 0, ImmediateOops: 0, NonImmediateOops: No
[5,205s][debug][gc,nmethod     ] Register NMethod: io.sirix.node.GrowingMemorySegment.grow (0x00007ab2a6e4ae08) [0x00007ab2a6e4af00, 0x00007ab2a6e4c8a0] Compiler: jvmci, Barriers: 41, Oops: 3, ImmediateOops: 8, NonImmediateOops: No
[5,206s][debug][gc,nmethod     ] Register NMethod: jdk.internal.foreign.ArenaImpl.allocate (0x00007ab2a6d8cb08) [0x00007ab2a6d8cc00, 0x00007ab2a6d8dea0] Compiler: jvmci, Barriers: 27, Oops: 1, ImmediateOops: 8, NonImmediateOops: No
[5,208s][debug][gc,nmethod     ] Register NMethod: java.lang.ref.ReferenceQueue.remove0 (0x00007ab2a6dd8408) [0x00007ab2a6dd8500, 0x00007ab2a6dd8818] Compiler: jvmci, Barriers: 11, Oops: 0, ImmediateOops: 2, NonImmediateOops: No
[5,208s][debug][gc,nmethod     ] Register NMethod: java.lang.ref.ReferenceQueue.remove (0x00007ab2a6dda008) [0x00007ab2a6dda100, 0x00007ab2a6dda5f0] Compiler: jvmci, Barriers: 12, Oops: 0, ImmediateOops: 2, NonImmediateOops: No
[5,209s][debug][gc,nmethod     ] Register NMethod: jdk.internal.foreign.SharedSession$SharedResourceList.cleanup (0x00007ab2a6d75388) [0x00007ab2a6d75480, 0x00007ab2a6d757c8] Compiler: jvmci, Barriers: 9, Oops: 0, ImmediateOops: 5, NonImmediateOops: No
[5,209s][debug][gc,nmethod     ] Register NMethod: java.util.concurrent.atomic.AtomicLong.decrementAndGet (0x00007ab2a6dbc108) [0x00007ab2a6dbc200, 0x00007ab2a6dbc290] Compiler: jvmci, Barriers: 0, Oops: 0, ImmediateOops: 0, NonImmediateOops: No
[5,209s][debug][gc,nmethod     ] Register NMethod: java.nio.Bits.unreserveMemory (0x00007ab2a6d4f408) [0x00007ab2a6d4f500, 0x00007ab2a6d4f5a8] Compiler: jvmci, Barriers: 0, Oops: 0, ImmediateOops: 3, NonImmediateOops: No
[5,210s][debug][gc,nmethod     ] Register NMethod: jdk.internal.foreign.MemorySessionImpl$ResourceList.run (0x00007ab2a6d59b88) [0x00007ab2a6d59c80, 0x00007ab2a6d59fe8] Compiler: jvmci, Barriers: 9, Oops: 0, ImmediateOops: 5, NonImmediateOops: No
[5,210s][debug][gc,nmethod     ] Register NMethod: java.util.concurrent.CountedCompleter.weakCompareAndSetPendingCount (0x00007ab2877fd388) [0x00007ab2877fd480, 0x00007ab2877fd790] Compiler: c1, Barriers: 0, Oops: 0, ImmediateOops: 1, NonImmediateOops: No
[5,211s][debug][gc,nmethod     ] Register NMethod: jdk.internal.foreign.ArenaImpl.allocate (0x00007ab2a6dda908) [0x00007ab2a6ddaa00, 0x00007ab2a6ddbca8] Compiler: jvmci, Barriers: 27, Oops: 1, ImmediateOops: 8, NonImmediateOops: No
[5,212s][debug][gc,nmethod     ] Register NMethod: jdk.internal.ref.CleanerImpl$PhantomCleanableRef.performCleanup (0x00007ab2a6d4d108) [0x00007ab2a6d4d200, 0x00007ab2a6d4e950] Compiler: jvmci, Barriers: 60, Oops: 0, ImmediateOops: 6, NonImmediateOops: No
[5,224s][debug][gc,nmethod     ] Register NMethod: java.nio.DirectByteBuffer$Deallocator.run (0x00007ab2a6d59708) [0x00007ab2a6d59800, 0x00007ab2a6d59938] Compiler: jvmci, Barriers: 0, Oops: 0, ImmediateOops: 4, NonImmediateOops: No
[5,227s][debug][gc,nmethod     ] Register NMethod: jdk.internal.ref.Cleaner.remove (0x00007ab2a6d5c408) [0x00007ab2a6d5c500, 0x00007ab2a6d5caf8] Compiler: jvmci, Barriers: 23, Oops: 1, ImmediateOops: 1, NonImmediateOops: No
[5,229s][debug][gc,nmethod     ] Register NMethod: jdk.internal.ref.Cleaner.clean (0x00007ab2a6d79f08) [0x00007ab2a6d7a000, 0x00007ab2a6d7a718] Compiler: jvmci, Barriers: 24, Oops: 1, ImmediateOops: 5, NonImmediateOops: No
[5,232s][debug][gc,nmethod     ] Register NMethod: java.util.concurrent.ConcurrentHashMap.putVal (0x00007ab287b8a608) [0x00007ab287b8a700, 0x00007ab287b8cc38] Compiler: c1, Barriers: 28, Oops: 0, ImmediateOops: 1, NonImmediateOops: No
[5,233s][debug][gc,alloc       ] Mutator Allocation Rate: 696,1MB/s Predicted: 817,0MB/s, Avg: 545,2(+/-157,5)MB/s
[5,237s][debug][gc,nmethod     ] Register NMethod: java.lang.ref.Reference.processPendingReferences (0x00007ab2a6cea008) [0x00007ab2a6cea100, 0x00007ab2a6cec3d8] Compiler: jvmci, Barriers: 98, Oops: 2, ImmediateOops: 5, NonImmediateOops: No
[5,244s][debug][gc,nmethod     ] Register NMethod: jdk.internal.vm.ContinuationSupport.isSupported (0x00007ab2874c1f08) [0x00007ab2874c2000, 0x00007ab2874c20e8] Compiler: c1, Barriers: 0, Oops: 0, ImmediateOops: 0, NonImmediateOops: No
[5,244s][debug][gc,nmethod     ] Register NMethod: jdk.internal.vm.ContinuationSupport.unpinIfSupported (0x00007ab2874cee08) [0x00007ab2874cef00, 0x00007ab2874cf078] Compiler: c1, Barriers: 0, Oops: 0, ImmediateOops: 0, NonImmediateOops: No
[5,245s][debug][gc,nmethod     ] Register NMethod: jdk.internal.vm.ContinuationSupport.pinIfSupported (0x00007ab2874d6a88) [0x00007ab2874d6b80, 0x00007ab2874d6cf8] Compiler: c1, Barriers: 0, Oops: 0, ImmediateOops: 0, NonImmediateOops: No
[5,245s][debug][gc,nmethod     ] Register NMethod: java.lang.ref.ReferenceQueue.poll (0x00007ab287444808) [0x00007ab287444900, 0x00007ab287444f88] Compiler: c1, Barriers: 2, Oops: 0, ImmediateOops: 0, NonImmediateOops: No
[5,245s][debug][gc,nmethod     ] Register NMethod: java.lang.invoke.InnerClassLambdaMetafactory$1.<init> (0x00007ab287c39b08) [0x00007ab287c39c00, 0x00007ab287c39f98] Compiler: c1, Barriers: 6, Oops: 0, ImmediateOops: 0, NonImmediateOops: No
[5,245s][debug][gc,nmethod     ] Register NMethod: java.lang.classfile.ClassBuilder.withInterfaceSymbols (0x00007ab287878a08) [0x00007ab287878b00, 0x00007ab287879608] Compiler: c1, Barriers: 3, Oops: 0, ImmediateOops: 0, NonImmediateOops: No
[5,245s][debug][gc,nmethod     ] Register NMethod: java.lang.invoke.AbstractValidatingLambdaMetafactory.isAdaptableToAsReturn (0x00007ab287461c88) [0x00007ab287461d80, 0x00007ab287462460] Compiler: c1, Barriers: 0, Oops: 1, ImmediateOops: 2, NonImmediateOops: No
[5,246s][debug][gc,nmethod     ] Register NMethod: io.sirix.page.KeyValueLeafPage.finalize (0x00007ab287f97388) [0x00007ab287f97480, 0x00007ab287f9cbe0] Compiler: c1, Barriers: 46, Oops: 7, ImmediateOops: 14, NonImmediateOops: No
[5,246s][debug][gc,nmethod     ] Register NMethod: java.lang.invoke.InnerClassLambdaMetafactory.generateConstructor (0x00007ab2875b1b08) [0x00007ab2875b1c00, 0x00007ab2875b2178] Compiler: c1, Barriers: 4, Oops: 1, ImmediateOops: 1, NonImmediateOops: No
[5,246s][debug][gc,nmethod     ] Register NMethod: java.lang.invoke.InnerClassLambdaMetafactory$3.accept (0x00007ab287875488) [0x00007ab287875580, 0x00007ab2878758e8] Compiler: c1, Barriers: 0, Oops: 0, ImmediateOops: 0, NonImmediateOops: No
[5,246s][debug][gc,nmethod     ] Register NMethod: java.lang.invoke.InnerClassLambdaMetafactory$3.accept (0x00007ab287451f08) [0x00007ab287452000, 0x00007ab287453d88] Compiler: c1, Barriers: 13, Oops: 0, ImmediateOops: 4, NonImmediateOops: No
[5,246s][debug][gc,nmethod     ] Register NMethod: java.lang.invoke.InnerClassLambdaMetafactory$6.<init> (0x00007ab2874e1888) [0x00007ab2874e1980, 0x00007ab2874e1d10] Compiler: c1, Barriers: 6, Oops: 0, ImmediateOops: 0, NonImmediateOops: No
[5,246s][debug][gc,nmethod     ] Register NMethod: java.lang.invoke.AbstractValidatingLambdaMetafactory.checkDescriptor (0x00007ab2874e3588) [0x00007ab2874e3680, 0x00007ab2874e7c20] Compiler: c1, Barriers: 37, Oops: 3, ImmediateOops: 7, NonImmediateOops: No
[5,247s][debug][gc,nmethod     ] Register NMethod: jdk.internal.ref.CleanerImpl.run (0x00007ab287473808) [0x00007ab287473900, 0x00007ab287475460] Compiler: c1, Barriers: 5, Oops: 0, ImmediateOops: 0, NonImmediateOops: No
[5,247s][debug][gc,nmethod     ] Register NMethod: io.sirix.page.KeyValueLeafPage.finalize (0x00007ab287f97388) [0x00007ab287f97480, 0x00007ab287f9cbe0] Compiler: c1, Barriers: 46, Oops: 7, ImmediateOops: 15, NonImmediateOops: No
[5,247s][debug][gc,nmethod     ] Register NMethod: io.sirix.page.KeyValueLeafPage.finalize (0x00007ab287f97388) [0x00007ab287f97480, 0x00007ab287f9cbe0] Compiler: c1, Barriers: 46, Oops: 7, ImmediateOops: 15, NonImmediateOops: No
[5,248s][debug][gc,nmethod     ] Register NMethod: java.lang.invoke.InnerClassLambdaMetafactory$1.accept (0x00007ab287ef8588) [0x00007ab287ef8680, 0x00007ab287efbef0] Compiler: c1, Barriers: 41, Oops: 0, ImmediateOops: 0, NonImmediateOops: No
[5,248s][debug][gc,nmethod     ] Register NMethod: java.lang.invoke.InnerClassLambdaMetafactory.implClassDesc (0x00007ab28752cd08) [0x00007ab28752ce00, 0x00007ab28752dca8] Compiler: c1, Barriers: 2, Oops: 1, ImmediateOops: 2, NonImmediateOops: No
[5,248s][debug][gc,nmethod     ] Register NMethod: java.lang.invoke.InnerClassLambdaMetafactory.spinInnerClass (0x00007ab287570608) [0x00007ab287570700, 0x00007ab287570978] Compiler: c1, Barriers: 0, Oops: 0, ImmediateOops: 0, NonImmediateOops: No
[5,248s][debug][gc,nmethod     ] Register NMethod: java.lang.invoke.InnerClassLambdaMetafactory$1.accept (0x00007ab28755f108) [0x00007ab28755f200, 0x00007ab28755f568] Compiler: c1, Barriers: 0, Oops: 0, ImmediateOops: 0, NonImmediateOops: No
[5,249s][debug][gc,nmethod     ] Register NMethod: java.lang.invoke.InnerClassLambdaMetafactory.lambdaClassName (0x00007ab287e7e308) [0x00007ab287e7e400, 0x00007ab287e81198] Compiler: c1, Barriers: 6, Oops: 1, ImmediateOops: 8, NonImmediateOops: No
[5,249s][debug][gc,nmethod     ] Register NMethod: java.lang.invoke.InnerClassLambdaMetafactory.buildCallSite (0x00007ab287a3a288) [0x00007ab287a3a380, 0x00007ab287a3c328] Compiler: c1, Barriers: 16, Oops: 1, ImmediateOops: 6, NonImmediateOops: No
[5,250s][debug][gc,nmethod     ] Register NMethod: jdk.internal.misc.CDS.isDumpingArchive (0x00007ab2874f4708) [0x00007ab2874f4800, 0x00007ab2874f48f8] Compiler: c1, Barriers: 0, Oops: 0, ImmediateOops: 0, NonImmediateOops: No
[5,250s][debug][gc,nmethod     ] Register NMethod: java.lang.invoke.AbstractValidatingLambdaMetafactory.validateMetafactoryArgs (0x00007ab287e2b788) [0x00007ab287e2b880, 0x00007ab287e397d0] Compiler: c1, Barriers: 156, Oops: 7, ImmediateOops: 25, NonImmediateOops: No
[5,250s][debug][gc,nmethod     ] Register NMethod: java.lang.ref.Reference.clearInactiveFinalReference (0x00007ab2a6e07108) [0x00007ab2a6e07200, 0x00007ab2a6e072e0] Compiler: jvmci, Barriers: 2, Oops: 0, ImmediateOops: 0, NonImmediateOops: No
[5,250s][debug][gc,nmethod     ] Register NMethod: java.lang.ref.Reference.getFromInactiveFinalReference (0x00007ab2a6e06e08) [0x00007ab2a6e06f00, 0x00007ab2a6e06fb0] Compiler: jvmci, Barriers: 2, Oops: 0, ImmediateOops: 0, NonImmediateOops: No
[5,250s][debug][gc,nmethod     ] Register NMethod: java.nio.HeapByteBuffer.putLong (0x00007ab2a6e06808) [0x00007ab2a6e06900, 0x00007ab2a6e06be8] Compiler: jvmci, Barriers: 5, Oops: 1, ImmediateOops: 0, NonImmediateOops: No
[5,251s][debug][gc,nmethod     ] Register NMethod: java.lang.ref.PhantomReference.clearImpl (0x00007ab2a6d48708) [0x00007ab2a6d48800, 0x00007ab2a6d48940] Compiler: jvmci, Barriers: 4, Oops: 0, ImmediateOops: 0, NonImmediateOops: No
[5,251s][debug][gc,nmethod     ] Register NMethod: java.lang.AbstractStringBuilder.isLatin1 (0x00007ab2a6d48408) [0x00007ab2a6d48500, 0x00007ab2a6d48568] Compiler: jvmci, Barriers: 0, Oops: 0, ImmediateOops: 0, NonImmediateOops: No
[5,254s][debug][gc,nmethod     ] Register NMethod: jdk.internal.ref.CleanerImpl.run (0x00007ab288292508) [0x00007ab288292600, 0x00007ab2882940f0] Compiler: c1, Barriers: 5, Oops: 0, ImmediateOops: 0, NonImmediateOops: No
[5,258s][debug][gc,nmethod     ] Register NMethod: java.lang.ref.ReferenceQueue.remove (0x00007ab2a6d12788) [0x00007ab2a6d12880, 0x00007ab2a6d13168] Compiler: jvmci, Barriers: 27, Oops: 0, ImmediateOops: 3, NonImmediateOops: No
[5,262s][debug][gc,nmethod     ] Register NMethod: java.util.concurrent.ConcurrentHashMap.remove (0x00007ab2a6d3ce08) [0x00007ab2a6d3cf00, 0x00007ab2a6d3df38] Compiler: jvmci, Barriers: 28, Oops: 1, ImmediateOops: 2, NonImmediateOops: No
[5,264s][debug][gc,nmethod     ] Register NMethod: java.lang.ref.Finalizer.runFinalizer (0x00007ab2a6d11c08) [0x00007ab2a6d11d00, 0x00007ab2a6d12678] Compiler: jvmci, Barriers: 21, Oops: 2, ImmediateOops: 2, NonImmediateOops: No
[5,274s][debug][gc,nmethod     ] Register NMethod: java.io.ByteArrayOutputStream.close (0x00007ab287507c08) [0x00007ab287507d00, 0x00007ab287507e00] Compiler: c1, Barriers: 0, Oops: 0, ImmediateOops: 0, NonImmediateOops: No
[5,275s][debug][gc,nmethod     ] Register NMethod: java.io.DataOutputStream.<init> (0x00007ab28789dc88) [0x00007ab28789dd80, 0x00007ab28789e2b8] Compiler: c1, Barriers: 12, Oops: 0, ImmediateOops: 0, NonImmediateOops: No
[5,276s][debug][gc,nmethod     ] Register NMethod: java.io.DataOutputStream.incCount (0x00007ab287508708) [0x00007ab287508800, 0x00007ab287508938] Compiler: c1, Barriers: 0, Oops: 0, ImmediateOops: 0, NonImmediateOops: No
[5,276s][debug][gc,nmethod     ] Register NMethod: java.io.ByteArrayOutputStream.toByteArray (0x00007ab287809308) [0x00007ab287809400, 0x00007ab2878096c8] Compiler: c1, Barriers: 1, Oops: 0, ImmediateOops: 0, NonImmediateOops: No
[5,278s][debug][gc,nmethod     ] Register NMethod: io.sirix.page.PageKind$1.serializePage (0x00007ab2a6dea508) [0x00007ab2a6dea600, 0x00007ab2a6def6b0] Compiler: jvmci, Barriers: 123, Oops: 15, ImmediateOops: 5, NonImmediateOops: No
[5,284s][debug][gc,nmethod     ] Register NMethod: java.util.stream.ReferencePipeline.toList (0x00007ab287c3f588) [0x00007ab287c3f680, 0x00007ab287c401c0] Compiler: c1, Barriers: 0, Oops: 2, ImmediateOops: 1, NonImmediateOops: No
[5,285s][debug][gc,nmethod     ] Register NMethod: java.util.stream.ReferencePipeline.toArray (0x00007ab2878d5108) [0x00007ab2878d5200, 0x00007ab2878d5740] Compiler: c1, Barriers: 0, Oops: 0, ImmediateOops: 0, NonImmediateOops: No
[5,285s][debug][gc,nmethod     ] Register NMethod: java.util.ImmutableCollections$Access$1.listFromTrustedArrayNullsAllowed (0x00007ab28751e008) [0x00007ab28751e100, 0x00007ab28751e230] Compiler: c1, Barriers: 0, Oops: 0, ImmediateOops: 0, NonImmediateOops: No
[5,285s][debug][gc,nmethod     ] Register NMethod: java.util.stream.ReferencePipeline.toArray (0x00007ab287b75908) [0x00007ab287b75a00, 0x00007ab287b76218] Compiler: c1, Barriers: 0, Oops: 2, ImmediateOops: 1, NonImmediateOops: No
[5,285s][debug][gc,nmethod     ] Register NMethod: io.sirix.page.SerializationType.serializeBitSet (0x00007ab287e2b288) [0x00007ab287e2b380, 0x00007ab287e2b748] Compiler: c1, Barriers: 2, Oops: 1, ImmediateOops: 0, NonImmediateOops: No
[5,293s][debug][gc,alloc       ] Mutator Allocation Rate: 709,0MB/s Predicted: 820,6MB/s, Avg: 550,5(+/-157,7)MB/s
[5,308s][debug][gc,nmethod     ] Register NMethod: java.util.BitSet.toByteArray (0x00007ab2a6e83b08) [0x00007ab2a6e83c00, 0x00007ab2a6e84450] Compiler: jvmci, Barriers: 1, Oops: 1, ImmediateOops: 0, NonImmediateOops: No
[5,320s][debug][gc,marking     ] GC(3) O: Using 2 mark stripes
[5,320s][debug][gc,marking     ] GC(3) O: Using 1 mark stripes
[5,321s][debug][gc,marking     ] GC(3) O: Using 2 mark stripes
[5,322s][debug][gc,marking     ] GC(3) O: Using 1 mark stripes
[5,323s][debug][gc,marking     ] GC(3) O: Using 2 mark stripes
[5,323s][debug][gc,marking     ] GC(3) O: Using 1 mark stripes
[5,323s][debug][gc,marking     ] GC(3) O: Using 2 mark stripes
[5,323s][debug][gc,marking     ] GC(3) O: Using 1 mark stripes
[5,323s][debug][gc,nmethod     ] Register NMethod: io.sirix.page.KeyValueLeafPage.processEntries (0x00007ab287f14c88) [0x00007ab287f14d80, 0x00007ab287f181a0] Compiler: c1, Barriers: 21, Oops: 1, ImmediateOops: 0, NonImmediateOops: No
[5,324s][debug][gc,marking     ] GC(3) O: Using 2 mark stripes
[5,324s][debug][gc,marking     ] GC(3) O: Using 1 mark stripes
[5,324s][debug][gc,marking     ] GC(3) O: Using 2 mark stripes
[5,324s][debug][gc,marking     ] GC(3) O: Using 1 mark stripes
[5,325s][debug][gc,marking     ] GC(3) O: Using 2 mark stripes
[5,325s][debug][gc,marking     ] GC(3) O: Using 1 mark stripes
[5,325s][debug][gc,nmethod     ] Register NMethod: io.sirix.page.KeyValueLeafPage.processEntries (0x00007ab28757e208) [0x00007ab28757e300, 0x00007ab287581030] Compiler: c1, Barriers: 17, Oops: 1, ImmediateOops: 0, NonImmediateOops: No
[5,325s][debug][gc,marking     ] GC(3) O: Using 2 mark stripes
[5,325s][debug][gc,marking     ] GC(3) O: Using 1 mark stripes
[5,326s][debug][gc,marking     ] GC(3) O: Using 2 mark stripes
[5,327s][debug][gc,marking     ] GC(3) O: Using 4 mark stripes
[5,327s][debug][gc,marking     ] GC(3) O: Using 2 mark stripes
[5,327s][debug][gc,marking     ] GC(3) O: Using 1 mark stripes
[5,327s][debug][gc,marking     ] GC(3) O: Using 2 mark stripes
[5,327s][debug][gc,marking     ] GC(3) O: Using 1 mark stripes
[5,328s][debug][gc,marking     ] GC(3) O: Using 2 mark stripes
[5,328s][debug][gc,marking     ] GC(3) O: Using 1 mark stripes
[5,328s][debug][gc,marking     ] GC(3) O: Using 2 mark stripes
[5,328s][debug][gc,marking     ] GC(3) O: Using 1 mark stripes
[5,329s][debug][gc,marking     ] GC(3) O: Using 2 mark stripes
[5,329s][debug][gc,marking     ] GC(3) O: Using 1 mark stripes
[5,329s][debug][gc,marking     ] GC(3) O: Using 2 mark stripes
[5,329s][debug][gc,marking     ] GC(3) O: Using 1 mark stripes
[5,341s][debug][gc,nmethod     ] Register NMethod: jdk.internal.ref.CleanerImpl.run (0x00007ab2a6de5188) [0x00007ab2a6de5280, 0x00007ab2a6dea4a8] Compiler: jvmci, Barriers: 248, Oops: 0, ImmediateOops: 8, NonImmediateOops: No
[5,369s][debug][gc,marking     ] GC(3) O: Try terminate after resurrection
[5,369s][debug][gc,phases      ] GC(3) O: Concurrent Mark Follow 186,862ms
[5,369s][info ][gc,phases      ] GC(3) O: Concurrent Mark 187,169ms
[5,369s][debug][gc,reloc       ] Synchronize all workers 1 _nworkers: 0 _nsynchronized: 0
[5,369s][debug][gc,reloc       ] Synchronize all workers 1 _nworkers: 0 _nsynchronized: 0
[5,369s][debug][gc,phases,start] GC(3) O: Pause Mark End
[5,369s][info ][gc,phases      ] GC(3) O: Pause Mark End 0,027ms
[5,369s][debug][gc,reloc       ] Desynchronize all workers _nworkers: 0 _nsynchronized: 0
[5,369s][debug][gc,reloc       ] Desynchronize all workers _nworkers: 0 _nsynchronized: 0
[5,369s][debug][gc,phases,start] GC(3) O: Concurrent Mark Free
[5,369s][info ][gc,phases      ] GC(3) O: Concurrent Mark Free 0,011ms
[5,369s][debug][gc,phases,start] GC(3) O: Concurrent Process Non-Strong
[5,369s][debug][gc,phases,start] GC(3) O: Concurrent References Process
[5,369s][debug][gc,task        ] GC(3) O: Executing ZReferenceProcessorTask using ZWorkerOld with 5 workers
[5,372s][debug][gc,phases      ] GC(3) O: Concurrent References Process 2,615ms
[5,372s][debug][gc,task        ] GC(3) O: Executing ZProcessWeakRootsTask using ZWorkerOld with 5 workers
[5,372s][debug][gc,phases,start] GC(3) O: Concurrent Classes Unlink
[5,372s][debug][gc,phases,start] GC(3) O: ClassLoaderData
[5,372s][debug][gc,phases      ] GC(3) O: ClassLoaderData 0,031ms
[5,372s][debug][gc,phases,start] GC(3) O: Trigger cleanups
[5,372s][debug][gc,phases      ] GC(3) O: Trigger cleanups 0,006ms
[5,372s][debug][gc,task        ] GC(3) O: Executing ZNMethodUnlinkTask using ZWorkerOld with 5 workers
[5,372s][debug][gc,nmethod     ] GC(3) O: Unregister NMethod: java.lang.invoke.VarHandleReferences$FieldInstanceReadOnly.getVolatile (0x00007ab287b1aa08) [0x00007ab287b1ab00, 0x00007ab287b1b528] 
[5,372s][debug][gc,nmethod     ] GC(3) O: Unregister NMethod: jdk.internal.foreign.MemorySessionImpl$ResourceList.cleanup (0x00007ab2a6e5cf88) [0x00007ab2a6e5d080, 0x00007ab2a6e5d238] 
[5,372s][debug][gc,nmethod     ] GC(3) O: Unregister NMethod: java.lang.ref.ReferenceQueue.enqueue0 (0x00007ab28752b508) [0x00007ab28752b600, 0x00007ab28752bf48] 
[5,372s][debug][gc,nmethod     ] GC(3) O: Unregister NMethod: jdk.internal.foreign.MemorySessionImpl$ResourceList.cleanupSingle (0x00007ab2a6e42008) [0x00007ab2a6e42100, 0x00007ab2a6e42258] 
[5,373s][debug][gc,nmethod     ] GC(3) O: Unregister NMethod: jdk.internal.foreign.MemorySessionImpl$ResourceList.cleanup (0x00007ab287843d08) [0x00007ab287843e00, 0x00007ab287844530] 
[5,373s][debug][gc,nmethod     ] GC(3) O: Unregister NMethod: java.lang.invoke.VarHandleGuards.guard_L_L (0x00007ab2879f7708) [0x00007ab2879f7800, 0x00007ab2879fac80] 
[5,373s][debug][gc,nmethod     ] GC(3) O: Unregister NMethod: jdk.internal.foreign.SegmentFactories$1.cleanup (0x00007ab2a6e3dd88) [0x00007ab2a6e3de80, 0x00007ab2a6e3dfa0] 
[5,373s][debug][gc,nmethod     ] GC(3) O: Unregister NMethod: java.util.concurrent.ConcurrentHashMap.putVal (0x00007ab2a6cf8f88) [0x00007ab2a6cf9080, 0x00007ab2a6cfa198] 
[5,373s][debug][gc,nmethod     ] GC(3) O: Unregister NMethod: jdk.internal.foreign.SegmentFactories$1.cleanup (0x00007ab287a0b308) [0x00007ab287a0b400, 0x00007ab287a0b9b0] 
[5,373s][debug][gc,nmethod     ] GC(3) O: Unregister NMethod: java.lang.ref.ReferenceQueue.enqueue (0x00007ab287593d08) [0x00007ab287593e00, 0x00007ab2875940e8] 
[5,373s][debug][gc,nmethod     ] GC(3) O: Unregister NMethod: java.lang.ref.Reference.enqueueFromPending (0x00007ab28743ab08) [0x00007ab28743ac00, 0x00007ab28743af78] 
[5,373s][debug][gc,nmethod     ] GC(3) O: Unregister NMethod: jdk.internal.ref.CleanerImpl$CleanableList.remove (0x00007ab28753f108) [0x00007ab28753f200, 0x00007ab287540030] 
[5,373s][debug][gc,phases      ] GC(3) O: Concurrent Classes Unlink 1,210ms
[5,373s][debug][gc,phases,start] GC(3) O: Concurrent Classes Purge
[5,373s][debug][gc,nmethod     ] GC(3) O: Purge NMethod: jdk.internal.foreign.MemorySessionImpl$ResourceList.cleanup (0x00007ab2a6e5cf88) [0x00007ab2a6e5d080, 0x00007ab2a6e5d238] 
[5,373s][debug][gc,nmethod     ] GC(3) O: Purge NMethod: jdk.internal.foreign.MemorySessionImpl$ResourceList.cleanup (0x00007ab287843d08) [0x00007ab287843e00, 0x00007ab287844530] 
[5,373s][debug][gc,nmethod     ] GC(3) O: Purge NMethod: java.lang.invoke.VarHandleReferences$FieldInstanceReadOnly.getVolatile (0x00007ab287b1aa08) [0x00007ab287b1ab00, 0x00007ab287b1b528] 
[5,373s][debug][gc,nmethod     ] GC(3) O: Purge NMethod: jdk.internal.ref.CleanerImpl$CleanableList.remove (0x00007ab28753f108) [0x00007ab28753f200, 0x00007ab287540030] 
[5,373s][debug][gc,nmethod     ] GC(3) O: Purge NMethod: jdk.internal.foreign.MemorySessionImpl$ResourceList.cleanupSingle (0x00007ab2a6e42008) [0x00007ab2a6e42100, 0x00007ab2a6e42258] 
[5,373s][debug][gc,nmethod     ] GC(3) O: Purge NMethod: java.util.concurrent.ConcurrentHashMap.putVal (0x00007ab2a6cf8f88) [0x00007ab2a6cf9080, 0x00007ab2a6cfa198] 
[5,373s][debug][gc,nmethod     ] GC(3) O: Purge NMethod: java.lang.invoke.VarHandleGuards.guard_L_L (0x00007ab2879f7708) [0x00007ab2879f7800, 0x00007ab2879fac80] 
[5,373s][debug][gc,nmethod     ] GC(3) O: Purge NMethod: jdk.internal.foreign.SegmentFactories$1.cleanup (0x00007ab287a0b308) [0x00007ab287a0b400, 0x00007ab287a0b9b0] 
[5,373s][debug][gc,nmethod     ] GC(3) O: Purge NMethod: java.lang.ref.ReferenceQueue.enqueue0 (0x00007ab28752b508) [0x00007ab28752b600, 0x00007ab28752bf48] 
[5,373s][debug][gc,nmethod     ] GC(3) O: Purge NMethod: jdk.internal.foreign.SegmentFactories$1.cleanup (0x00007ab2a6e3dd88) [0x00007ab2a6e3de80, 0x00007ab2a6e3dfa0] 
[5,373s][debug][gc,nmethod     ] GC(3) O: Purge NMethod: java.lang.ref.ReferenceQueue.enqueue (0x00007ab287593d08) [0x00007ab287593e00, 0x00007ab2875940e8] 
[5,373s][debug][gc,nmethod     ] GC(3) O: Purge NMethod: java.lang.ref.Reference.enqueueFromPending (0x00007ab28743ab08) [0x00007ab28743ac00, 0x00007ab28743af78] 
[5,373s][debug][gc,phases      ] GC(3) O: Concurrent Classes Purge 0,101ms
[5,373s][debug][gc,phases,start] GC(3) O: Concurrent References Enqueue
[5,373s][debug][gc,phases      ] GC(3) O: Concurrent References Enqueue 0,007ms
[5,373s][info ][gc,phases      ] GC(3) O: Concurrent Process Non-Strong 4,428ms
[5,373s][debug][gc,phases,start] GC(3) O: Concurrent Reset Relocation Set
[5,373s][info ][gc,phases      ] GC(3) O: Concurrent Reset Relocation Set 0,009ms
[5,373s][debug][gc,phases,start] GC(3) O: Concurrent Select Relocation Set
[5,373s][debug][gc,reloc       ] GC(3) O: Relocation Set (Medium Pages): 0->0, 1 skipped, 0 forwarding entries
[5,373s][debug][gc,reloc       ] GC(3) O: Relocation Set (Small Pages): 38->21, 55 skipped, 1737218 forwarding entries
[5,374s][debug][gc,task        ] GC(3) O: Executing ZRelocationSetInstallTask using ZWorkerOld with 5 workers
[5,374s][info ][gc,phases      ] GC(3) O: Concurrent Select Relocation Set 0,645ms
[5,374s][debug][gc,phases,start] GC(3) O: Concurrent Remap Roots
[5,374s][info ][gc,task        ] GC(3) O: Using 5 Workers for Old Generation
[5,374s][debug][gc,task        ] GC(3) O: Executing ZRemapYoungRootsTask using ZWorkerOld with 5 workers
[5,380s][info ][gc,task        ] GC(3) O: Using 5 Workers for Old Generation
[5,380s][info ][gc,phases      ] GC(3) O: Concurrent Remap Roots 5,701ms
[5,380s][debug][gc,reloc       ] Synchronize all workers 1 _nworkers: 0 _nsynchronized: 0
[5,380s][debug][gc,reloc       ] Synchronize all workers 1 _nworkers: 0 _nsynchronized: 0
[5,380s][debug][gc,phases,start] GC(3) O: Pause Relocate Start
[5,380s][debug][gc,reloc       ] GC(3) O: Joining workers: 5
[5,380s][info ][gc,phases      ] GC(3) O: Pause Relocate Start 0,031ms
[5,380s][debug][gc,reloc       ] Desynchronize all workers _nworkers: 5 _nsynchronized: 0
[5,380s][debug][gc,reloc       ] Desynchronize all workers _nworkers: 0 _nsynchronized: 0
[5,380s][debug][gc,phases,start] GC(3) O: Concurrent Relocate
[5,380s][debug][gc,task        ] GC(3) O: Executing ZRelocateStoreBufferInstallBasePointersTask using ZWorkerOld with 5 workers
[5,380s][debug][gc,task        ] GC(3) O: Executing ZRelocateTask using ZWorkerOld with 5 workers
[5,388s][debug][gc,reloc       ] GC(3) O: Leaving workers: left: 4 _synchronize: 0 _nsynchronized: 0
[5,388s][debug][gc,reloc       ] GC(3) O: Leaving workers: left: 3 _synchronize: 0 _nsynchronized: 0
[5,388s][debug][gc,reloc       ] GC(3) O: Leaving workers: left: 2 _synchronize: 0 _nsynchronized: 0
[5,389s][debug][gc,reloc       ] GC(3) O: Leaving workers: left: 1 _synchronize: 0 _nsynchronized: 0
[5,389s][debug][gc,reloc       ] GC(3) O: Leaving workers: left: 0 _synchronize: 0 _nsynchronized: 0
[5,389s][info ][gc,phases      ] GC(3) O: Concurrent Relocate 9,149ms
[5,389s][debug][gc,heap        ] GC(3) O: Heap After GC invocations=6 (full 4):
[5,389s][debug][gc,heap        ] GC(3) O:  ZHeap           used 710M, capacity 5120M, max capacity 12288M
[5,389s][debug][gc,heap        ] GC(3) O:   Cache          4410M (12)
[5,389s][debug][gc,heap        ] GC(3) O:    size classes  2M (8), 4M (2), 8M (1), 4G (1)
[5,389s][debug][gc,metaspace   ] GC(3) O: Metaspace After GC invocations=6 (full 4):
[5,389s][debug][gc,metaspace   ] GC(3) O:  Metaspace       used 32119K, committed 32512K, reserved 1114112K
[5,389s][debug][gc,metaspace   ] GC(3) O:   class space    used 2572K, committed 2752K, reserved 1048576K
[5,389s][info ][gc,alloc       ] GC(3) O:                         Mark Start        Mark End      Relocate Start    Relocate End   
[5,389s][info ][gc,alloc       ] GC(3) O: Allocation Stalls:          0                0                0                0         
[5,389s][info ][gc,load        ] GC(3) O: Load: 4,74 (24%) / 3,71 (19%) / 2,91 (15%)
[5,389s][info ][gc,mmu         ] GC(3) O: MMU: 2ms/90,6%, 5ms/96,3%, 10ms/98,1%, 20ms/99,1%, 50ms/99,5%, 100ms/99,7%
[5,389s][info ][gc,marking     ] GC(3) O: Mark: 4 stripe(s), 10 proactive flush(es), 1 terminate flush(es), 0 completion(s), 0 continuation(s) 
[5,389s][info ][gc,nmethod     ] GC(3) O: NMethods: 4469 registered, 890 unregistered
[5,389s][info ][gc,metaspace   ] GC(3) O: Metaspace: 31M used, 31M committed, 1088M reserved
[5,389s][info ][gc,ref         ] GC(3) O:                       Encountered   Discovered     Enqueued 
[5,389s][info ][gc,ref         ] GC(3) O: Soft References:             2990            0            0 
[5,389s][info ][gc,ref         ] GC(3) O: Weak References:             1604          933            1 
[5,389s][info ][gc,ref         ] GC(3) O: Final References:            1928          155            0 
[5,389s][info ][gc,ref         ] GC(3) O: Phantom References:        324749       138966            9 
[5,389s][info ][gc,reloc       ] GC(3) O:                        Candidates     Selected     In-Place         Size        Empty    Relocated 
[5,389s][info ][gc,reloc       ] GC(3) O: Small Pages:                  235           17            0         470M           2M           7M 
[5,389s][info ][gc,reloc       ] GC(3) O: Medium Pages:                   1            0            0          32M           0M           0M 
[5,389s][info ][gc,reloc       ] GC(3) O: Large Pages:                    0            0            0           0M           0M           0M 
[5,389s][info ][gc,reloc       ] GC(3) O: Forwarding Usage: 13M
[5,389s][info ][gc,heap        ] GC(3) O: Min Capacity: 5120M(42%)
[5,389s][info ][gc,heap        ] GC(3) O: Max Capacity: 12288M(100%)
[5,389s][info ][gc,heap        ] GC(3) O: Soft Max Capacity: 12288M(100%)
[5,389s][info ][gc,heap        ] GC(3) O: Heap Statistics:
[5,389s][info ][gc,heap        ] GC(3) O:                Mark Start          Mark End        Relocate Start      Relocate End           High               Low         
[5,389s][info ][gc,heap        ] GC(3) O:  Capacity:     5120M (42%)        5120M (42%)        5120M (42%)        5120M (42%)        5120M (42%)        5120M (42%)    
[5,389s][info ][gc,heap        ] GC(3) O:      Free:    11768M (96%)       11544M (94%)       11546M (94%)       11578M (94%)       11772M (96%)       11540M (94%)    
[5,389s][info ][gc,heap        ] GC(3) O:      Used:      520M (4%)          744M (6%)          742M (6%)          710M (6%)          748M (6%)          516M (4%)     
[5,389s][info ][gc,heap        ] GC(3) O: Old Generation Statistics:
[5,389s][info ][gc,heap        ] GC(3) O:                Mark Start          Mark End        Relocate Start      Relocate End    
[5,389s][info ][gc,heap        ] GC(3) O:      Used:      502M (4%)          502M (4%)          500M (4%)          468M (4%)     
[5,389s][info ][gc,heap        ] GC(3) O:      Live:         -               418M (3%)          418M (3%)          418M (3%)     
[5,389s][info ][gc,heap        ] GC(3) O:   Garbage:         -                83M (1%)           81M (1%)           41M (0%)     
[5,389s][info ][gc,heap        ] GC(3) O: Allocated:         -                 0M (0%)            0M (0%)            7M (0%)     
[5,389s][info ][gc,heap        ] GC(3) O: Reclaimed:         -                  -                 2M (0%)           41M (0%)     
[5,389s][info ][gc,heap        ] GC(3) O: Compacted:         -                  -                  -                36M (0%)     
[5,389s][info ][gc,phases      ] GC(3) O: Old Generation 518M(4%)->710M(6%) 0,208s
[5,389s][info ][gc             ] GC(3) Major Collection (System.gc()) 502M(4%)->710M(6%) 0,230s
[5,391s][debug][gc,alloc       ] Mutator Allocation Rate: 715,2MB/s Predicted: 824,3MB/s, Avg: 555,6(+/-157,8)MB/s
[5,391s][debug][gc,nmethod     ] Register NMethod: java.util.stream.ReferencePipeline.sorted (0x00007ab287800208) [0x00007ab287800300, 0x00007ab287800508] Compiler: c1, Barriers: 0, Oops: 0, ImmediateOops: 0, NonImmediateOops: No
[5,392s][debug][gc,nmethod     ] Register NMethod: com.google.common.hash.AbstractByteHasher.putBytes (0x00007ab287843d08) [0x00007ab287843e00, 0x00007ab287844508] Compiler: c1, Barriers: 1, Oops: 2, ImmediateOops: 2, NonImmediateOops: No
[5,393s][debug][gc,nmethod     ] Register NMethod: java.util.stream.SortedOps.makeRef (0x00007ab287525b88) [0x00007ab287525c80, 0x00007ab287525e10] Compiler: c1, Barriers: 0, Oops: 0, ImmediateOops: 0, NonImmediateOops: No
[5,394s][debug][gc,director    ] Rule Major: Warmup 20%, Used: 736MB, UsedThreshold: 2457MB
[5,395s][debug][gc,nmethod     ] Register NMethod: com.google.common.hash.MessageDigestHashFunction$MessageDigestHasher.update (0x00007ab28752a208) [0x00007ab28752a300, 0x00007ab28752a948] Compiler: c1, Barriers: 1, Oops: 2, ImmediateOops: 2, NonImmediateOops: No
[5,397s][debug][gc,nmethod     ] Register NMethod: java.util.concurrent.CountedCompleter.propagateCompletion (0x00007ab287a38f88) [0x00007ab287a39080, 0x00007ab287a39848] Compiler: c1, Barriers: 1, Oops: 0, ImmediateOops: 0, NonImmediateOops: No
[5,398s][debug][gc,nmethod     ] Register NMethod: java.util.concurrent.ForkJoinPool.compareAndSetCtl (0x00007ab2a6e3dd88) [0x00007ab2a6e3de80, 0x00007ab2a6e3df18] Compiler: jvmci, Barriers: 0, Oops: 0, ImmediateOops: 0, NonImmediateOops: No
[5,404s][debug][gc,director    ] Rule Major: Warmup 20%, Used: 770MB, UsedThreshold: 2457MB
[5,405s][debug][gc,nmethod     ] Register NMethod: sun.nio.ch.FileChannelImpl.write (0x00007ab28781de08) [0x00007ab28781df00, 0x00007ab28781e148] Compiler: c1, Barriers: 0, Oops: 0, ImmediateOops: 1, NonImmediateOops: No
[5,406s][debug][gc,nmethod     ] Register NMethod: sun.nio.ch.FileChannelImpl.implWrite (0x00007ab28789ca88) [0x00007ab28789cb80, 0x00007ab28789d578] Compiler: c1, Barriers: 0, Oops: 0, ImmediateOops: 2, NonImmediateOops: No
[5,406s][debug][gc,nmethod     ] Register NMethod: sun.nio.ch.IOUtil.write (0x00007ab287535108) [0x00007ab287535200, 0x00007ab287535328] Compiler: c1, Barriers: 0, Oops: 0, ImmediateOops: 0, NonImmediateOops: No
[5,406s][debug][gc,nmethod     ] Register NMethod: sun.nio.ch.UnixFileDispatcherImpl.pwrite (0x00007ab28753c708) [0x00007ab28753c800, 0x00007ab28753c940] Compiler: c1, Barriers: 0, Oops: 0, ImmediateOops: 0, NonImmediateOops: No
[5,406s][debug][gc,nmethod     ] Register NMethod: io.sirix.io.filechannel.FileChannelWriter.flushBuffer (0x00007ab287abeb08) [0x00007ab287abec00, 0x00007ab287ac0048] Compiler: c1, Barriers: 5, Oops: 1, ImmediateOops: 3, NonImmediateOops: No
[5,408s][debug][gc,nmethod     ] Register NMethod: jdk.internal.foreign.abi.SharedUtils.checkNative (0x00007ab2a6e42008) [0x00007ab2a6e42100, 0x00007ab2a6e421e0] Compiler: jvmci, Barriers: 0, Oops: 0, ImmediateOops: 0, NonImmediateOops: No
[5,411s][debug][gc,nmethod     ] Register NMethod: jdk.internal.foreign.ImplicitSession.release0 (0x00007ab287567808) [0x00007ab287567900, 0x00007ab287567a58] Compiler: c1, Barriers: 0, Oops: 0, ImmediateOops: 0, NonImmediateOops: No
[5,411s][debug][gc,nmethod     ] Register NMethod: jdk.internal.foreign.ImplicitSession.acquire0 (0x00007ab28756c408) [0x00007ab28756c500, 0x00007ab28756c600] Compiler: c1, Barriers: 0, Oops: 0, ImmediateOops: 0, NonImmediateOops: No
[5,414s][debug][gc,director    ] Rule Major: Warmup 20%, Used: 782MB, UsedThreshold: 2457MB
[5,417s][debug][gc,nmethod     ] Register NMethod: io.sirix.cache.SegmentAllocators.getIndexForSize (0x00007ab2a6e5cf88) [0x00007ab2a6e5d080, 0x00007ab2a6e5d1f0] Compiler: jvmci, Barriers: 0, Oops: 1, ImmediateOops: 1, NonImmediateOops: No
[5,424s][debug][gc,nmethod     ] Register NMethod: io.sirix.access.ResourceConfiguration.getBinaryEncodingVersion (0x00007ab2a6d3c908) [0x00007ab2a6d3ca00, 0x00007ab2a6d3cae8] Compiler: c1, Barriers: 1, Oops: 1, ImmediateOops: 0, NonImmediateOops: No
[5,424s][debug][gc,nmethod     ] Register NMethod: sun.nio.ch.FileChannelImpl.writeInternal (0x00007ab287bc4908) [0x00007ab287bc4a00, 0x00007ab287bc6a80] Compiler: c1, Barriers: 7, Oops: 0, ImmediateOops: 3, NonImmediateOops: No
[5,424s][debug][gc,director    ] Rule Major: Warmup 20%, Used: 794MB, UsedThreshold: 2457MB
[5,424s][debug][gc,nmethod     ] Register NMethod: io.sirix.BinaryEncodingVersion.byteVersion (0x00007ab2a6d48108) [0x00007ab2a6d48200, 0x00007ab2a6d482c8] Compiler: c1, Barriers: 0, Oops: 1, ImmediateOops: 0, NonImmediateOops: No
[5,434s][debug][gc,nmethod     ] Register NMethod: java.util.concurrent.ForkJoinPool.runWorker (0x00007ab287aae008) [0x00007ab287aae100, 0x00007ab287aafe40] Compiler: c1, Barriers: 13, Oops: 1, ImmediateOops: 1, NonImmediateOops: No
[5,434s][debug][gc,nmethod     ] Register NMethod: java.util.Collections$UnmodifiableCollection.contains (0x00007ab28743ab08) [0x00007ab28743ac00, 0x00007ab28743af48] Compiler: c1, Barriers: 1, Oops: 0, ImmediateOops: 0, NonImmediateOops: No
[5,434s][debug][gc,director    ] Rule Major: Warmup 20%, Used: 796MB, UsedThreshold: 2457MB
[5,435s][debug][gc,nmethod     ] Register NMethod: io.sirix.node.NodeKind$32.deserialize (0x00007ab287593d08) [0x00007ab287593e00, 0x00007ab2875940b0] Compiler: c1, Barriers: 0, Oops: 1, ImmediateOops: 0, NonImmediateOops: No
[5,436s][debug][gc,nmethod     ] Register NMethod: java.nio.DirectByteBuffer$Deallocator.<init> (0x00007ab2a6d47d88) [0x00007ab2a6d47e80, 0x00007ab2a6d47f10] Compiler: jvmci, Barriers: 0, Oops: 0, ImmediateOops: 0, NonImmediateOops: No
[5,436s][debug][gc,nmethod     ] Register NMethod: com.github.benmanes.caffeine.cache.SSLSMW.setWindowWeightedSize (0x00007ab2a6e83808) [0x00007ab2a6e83900, 0x00007ab2a6e839c0] Compiler: c1, Barriers: 0, Oops: 1, ImmediateOops: 0, NonImmediateOops: No
[5,436s][debug][gc,nmethod     ] Register NMethod: com.github.benmanes.caffeine.cache.SSLSMW.setWeightedSize (0x00007ab2a6e83508) [0x00007ab2a6e83600, 0x00007ab2a6e836c0] Compiler: c1, Barriers: 0, Oops: 1, ImmediateOops: 0, NonImmediateOops: No
[5,436s][debug][gc,nmethod     ] Register NMethod: jdk.internal.misc.Unsafe.setMemory (0x00007ab2a6e83208) [0x00007ab2a6e83300, 0x00007ab2a6e833f8] Compiler: jvmci, Barriers: 0, Oops: 0, ImmediateOops: 0, NonImmediateOops: No
[5,436s][debug][gc,nmethod     ] Register NMethod: io.sirix.settings.VersioningType$4.combineRecordPagesForModification (0x00007ab287b0ec08) [0x00007ab287b0ed00, 0x00007ab287b17ca8] Compiler: c1, Barriers: 27, Oops: 1, ImmediateOops: 0, NonImmediateOops: No
[5,437s][debug][gc,nmethod     ] Register NMethod: io.sirix.axis.pathsummary.LevelOrderSettingInMemoryInstancesAxis.getRightSibling (0x00007ab287ac4088) [0x00007ab287ac4180, 0x00007ab287ac5ce0] Compiler: c1, Barriers: 18, Oops: 1, ImmediateOops: 1, NonImmediateOops: No
[5,437s][debug][gc,nmethod     ] Register NMethod: io.sirix.axis.pathsummary.LevelOrderSettingInMemoryInstancesAxis.getFirstChild (0x00007ab287419788) [0x00007ab287419880, 0x00007ab28741af90] Compiler: c1, Barriers: 14, Oops: 1, ImmediateOops: 1, NonImmediateOops: No
[5,437s][debug][gc,nmethod     ] Register NMethod: jdk.internal.misc.Unsafe.setMemory (0x00007ab2a6e82e88) [0x00007ab2a6e82f80, 0x00007ab2a6e83190] Compiler: jvmci, Barriers: 2, Oops: 0, ImmediateOops: 0, NonImmediateOops: No
[5,438s][debug][gc,nmethod     ] Register NMethod: io.sirix.page.UberPage.getPageCountExp (0x00007ab2a6e82a08) [0x00007ab2a6e82b00, 0x00007ab2a6e82c50] Compiler: jvmci, Barriers: 0, Oops: 1, ImmediateOops: 2, NonImmediateOops: No
[5,438s][debug][gc,nmethod     ] Register NMethod: java.util.HashSet.<init> (0x00007ab2a6cf9f08) [0x00007ab2a6cfa020, 0x00007ab2a6cfa1d8] Compiler: jvmci, Barriers: 3, Oops: 0, ImmediateOops: 0, NonImmediateOops: No
[5,439s][debug][gc,nmethod     ] Register NMethod: com.github.benmanes.caffeine.cache.PSMW.getQueueType (0x00007ab2a6cf9c08) [0x00007ab2a6cf9d00, 0x00007ab2a6cf9dc0] Compiler: c1, Barriers: 0, Oops: 1, ImmediateOops: 0, NonImmediateOops: No
[5,440s][debug][gc,nmethod     ] Register NMethod: java.util.concurrent.locks.ReentrantLock$Sync.isHeldExclusively (0x00007ab287610308) [0x00007ab287610400, 0x00007ab287610798] Compiler: c1, Barriers: 2, Oops: 0, ImmediateOops: 0, NonImmediateOops: No
[5,440s][debug][gc,nmethod     ] Register NMethod: dagger.internal.DoubleCheck.get (0x00007ab287d21108) [0x00007ab287d21200, 0x00007ab287d21918] Compiler: c1, Barriers: 10, Oops: 1, ImmediateOops: 2, NonImmediateOops: No
[5,440s][debug][gc,nmethod     ] Register NMethod: com.google.gson.stream.JsonReader.isLiteral (0x00007ab287417e88) [0x00007ab287417f80, 0x00007ab287418fa8] Compiler: c1, Barriers: 0, Oops: 2, ImmediateOops: 2, NonImmediateOops: No
[5,440s][debug][gc,nmethod     ] Register NMethod: com.github.benmanes.caffeine.cache.PSMW.getPreviousInAccessOrder (0x00007ab2a6cf9908) [0x00007ab2a6cf9a00, 0x00007ab2a6cf9ae8] Compiler: c1, Barriers: 1, Oops: 1, ImmediateOops: 0, NonImmediateOops: No
[5,440s][debug][gc,nmethod     ] Register NMethod: com.google.gson.stream.JsonReader.peekKeyword (0x00007ab287a08288) [0x00007ab287a08380, 0x00007ab287a0a098] Compiler: c1, Barriers: 8, Oops: 2, ImmediateOops: 10, NonImmediateOops: No
[5,442s][debug][gc,nmethod     ] Register NMethod: java.lang.invoke.DelegatingMethodHandle.whichKind (0x00007ab28756f008) [0x00007ab28756f100, 0x00007ab28756f2c0] Compiler: c1, Barriers: 0, Oops: 0, ImmediateOops: 3, NonImmediateOops: No
[5,442s][debug][gc,nmethod     ] Register NMethod: java.lang.invoke.BoundMethodHandle$SpeciesData.extendWith (0x00007ab287e9e888) [0x00007ab287e9e980, 0x00007ab287ea0528] Compiler: c1, Barriers: 7, Oops: 1, ImmediateOops: 2, NonImmediateOops: No
[5,443s][debug][gc,nmethod     ] Register NMethod: io.sirix.axis.DescendantAxis.nextKey (0x00007ab287e75388) [0x00007ab287e75480, 0x00007ab287e779f8] Compiler: c1, Barriers: 5, Oops: 1, ImmediateOops: 2, NonImmediateOops: No
[5,443s][debug][gc,nmethod     ] Register NMethod: java.lang.invoke.DelegatingMethodHandle.makeReinvokerForm (0x00007ab287a13e08) [0x00007ab287a13f00, 0x00007ab287a17a70] Compiler: c1, Barriers: 37, Oops: 0, ImmediateOops: 2, NonImmediateOops: No
[5,443s][debug][gc,nmethod     ] Register NMethod: kotlinx.coroutines.channels.BufferedChannelKt.access$getSUSPEND$p (0x00007ab287582208) [0x00007ab287582300, 0x00007ab2875823e8] Compiler: c1, Barriers: 0, Oops: 1, ImmediateOops: 1, NonImmediateOops: No
[5,443s][debug][gc,nmethod     ] Register NMethod: kotlinx.coroutines.CancellableContinuationImpl.getDelegate$kotlinx_coroutines_core (0x00007ab2a6cf9608) [0x00007ab2a6cf9700, 0x00007ab2a6cf97e8] Compiler: c1, Barriers: 1, Oops: 1, ImmediateOops: 0, NonImmediateOops: No
[5,443s][debug][gc,nmethod     ] Register NMethod: io.sirix.access.trx.page.NodeStorageEngineReader.getCurrentMaxIndirectPageTreeLevel (0x00007ab2a6cf8f88) [0x00007ab2a6cf9080, 0x00007ab2a6cf93b0] Compiler: jvmci, Barriers: 2, Oops: 1, ImmediateOops: 0, NonImmediateOops: No
[5,444s][debug][gc,nmethod     ] Register NMethod: it.unimi.dsi.fastutil.longs.LongArrayList.isEmpty (0x00007ab2a6d10888) [0x00007ab2a6d10980, 0x00007ab2a6d10a10] Compiler: jvmci, Barriers: 0, Oops: 1, ImmediateOops: 0, NonImmediateOops: No
[5,444s][debug][gc,director    ] Rule Major: Warmup 20%, Used: 802MB, UsedThreshold: 2457MB
[5,445s][debug][gc,nmethod     ] Register NMethod: kotlinx.coroutines.channels.BufferedChannelKt.access$getSUSPEND_NO_WAITER$p (0x00007ab287599488) [0x00007ab287599580, 0x00007ab287599668] Compiler: c1, Barriers: 0, Oops: 1, ImmediateOops: 1, NonImmediateOops: No
[5,446s][debug][gc,nmethod     ] Register NMethod: kotlinx.coroutines.channels.BufferedChannel.access$updateCellReceive (0x00007ab2875d8b88) [0x00007ab2875d8c80, 0x00007ab2875d8da0] Compiler: c1, Barriers: 0, Oops: 1, ImmediateOops: 0, NonImmediateOops: No
[5,446s][debug][gc,nmethod     ] Register NMethod: it.unimi.dsi.fastutil.longs.AbstractLongList.popLong (0x00007ab2a6d10588) [0x00007ab2a6d10680, 0x00007ab2a6d10808] Compiler: jvmci, Barriers: 1, Oops: 1, ImmediateOops: 0, NonImmediateOops: No
[5,446s][debug][gc,nmethod     ] Register NMethod: java.util.concurrent.locks.LockSupport.setBlocker (0x00007ab2878c6508) [0x00007ab2878c6600, 0x00007ab2878c68f0] Compiler: c1, Barriers: 0, Oops: 0, ImmediateOops: 1, NonImmediateOops: No
[5,446s][debug][gc,nmethod     ] Register NMethod: kotlinx.coroutines.channels.BufferedChannel.updateCellReceive (0x00007ab287468188) [0x00007ab287468280, 0x00007ab28746ab48] Compiler: c1, Barriers: 5, Oops: 10, ImmediateOops: 16, NonImmediateOops: No
[5,448s][debug][gc,nmethod     ] Register NMethod: java.nio.DirectByteBuffer.<init> (0x00007ab2a6d0f288) [0x00007ab2a6d0f380, 0x00007ab2a6d10538] Compiler: jvmci, Barriers: 45, Oops: 2, ImmediateOops: 9, NonImmediateOops: No
[5,449s][debug][gc,nmethod     ] Register NMethod: io.sirix.access.trx.page.NodeStorageEngineReader.getReferenceToLeafOfSubtree (0x00007ab2a6d7e488) [0x00007ab2a6d7e580, 0x00007ab2a6d7f080] Compiler: jvmci, Barriers: 14, Oops: 1, ImmediateOops: 2, NonImmediateOops: No
[5,449s][debug][gc,nmethod     ] Register NMethod: kotlinx.coroutines.channels.ChannelSegment.getState$kotlinx_coroutines_core (0x00007ab2a6d0ed88) [0x00007ab2a6d0ee80, 0x00007ab2a6d0f038] Compiler: jvmci, Barriers: 3, Oops: 1, ImmediateOops: 0, NonImmediateOops: No
[5,451s][debug][gc,nmethod     ] Register NMethod: io.sirix.page.delegates.BitmapReferencesPage.getOrCreateReference (0x00007ab2a6d7da88) [0x00007ab2a6d7db80, 0x00007ab2a6d7e448] Compiler: jvmci, Barriers: 6, Oops: 2, ImmediateOops: 0, NonImmediateOops: No
[5,452s][debug][gc,nmethod     ] Register NMethod: it.unimi.dsi.fastutil.shorts.ShortArrayList$1.nextShort (0x00007ab2a6d7d788) [0x00007ab2a6d7d880, 0x00007ab2a6d7da18] Compiler: jvmci, Barriers: 2, Oops: 1, ImmediateOops: 0, NonImmediateOops: No
[5,454s][debug][gc,nmethod     ] Register NMethod: io.sirix.node.NodeKind$1.deserialize (0x00007ab2874d8c88) [0x00007ab2874d8d80, 0x00007ab2874dc160] Compiler: c1, Barriers: 28, Oops: 3, ImmediateOops: 7, NonImmediateOops: No
[5,454s][debug][gc,director    ] Rule Major: Warmup 20%, Used: 814MB, UsedThreshold: 2457MB
[5,455s][debug][gc,nmethod     ] Register NMethod: java.lang.StringLatin1.lastIndexOf (0x00007ab2a6d9de08) [0x00007ab2a6d9df80, 0x00007ab2a6d9e6e0] Compiler: jvmci, Barriers: 0, Oops: 0, ImmediateOops: 0, NonImmediateOops: No
[5,456s][debug][gc,nmethod     ] Register NMethod: it.unimi.dsi.fastutil.longs.LongArrayList.<init> (0x00007ab2a6d7d308) [0x00007ab2a6d7d400, 0x00007ab2a6d7d720] Compiler: jvmci, Barriers: 6, Oops: 1, ImmediateOops: 1, NonImmediateOops: No
[5,456s][debug][gc,nmethod     ] Register NMethod: io.brackit.query.atomic.QNm.<init> (0x00007ab2a6d9da88) [0x00007ab2a6d9db80, 0x00007ab2a6d9dd80] Compiler: jvmci, Barriers: 9, Oops: 1, ImmediateOops: 1, NonImmediateOops: No
[5,457s][debug][gc,nmethod     ] Register NMethod: io.sirix.index.name.Names.getName (0x00007ab2a6d9d188) [0x00007ab2a6d9d280, 0x00007ab2a6d9da20] Compiler: jvmci, Barriers: 13, Oops: 1, ImmediateOops: 1, NonImmediateOops: No
[5,458s][debug][gc,nmethod     ] Register NMethod: io.sirix.page.NamePage.getName (0x00007ab2a6d53d08) [0x00007ab2a6d53e00, 0x00007ab2a6d55208] Compiler: jvmci, Barriers: 32, Oops: 2, ImmediateOops: 3, NonImmediateOops: No
[5,458s][debug][gc,nmethod     ] Register NMethod: io.sirix.cache.PageCache.get (0x00007ab287af3088) [0x00007ab287af3180, 0x00007ab287af38f8] Compiler: c1, Barriers: 1, Oops: 1, ImmediateOops: 0, NonImmediateOops: No
[5,462s][debug][gc,alloc       ] Mutator Allocation Rate: 725,6MB/s Predicted: 828,6MB/s, Avg: 560,8(+/-158,1)MB/s
[5,462s][debug][gc,director    ] Rule Major: Warmup 20%, Used: 828MB, UsedThreshold: 2457MB
[5,472s][debug][gc,director    ] Rule Major: Warmup 20%, Used: 842MB, UsedThreshold: 2457MB
[5,475s][debug][gc,nmethod     ] Register NMethod: java.util.concurrent.ForkJoinPool.deactivate (0x00007ab2a6d88288) [0x00007ab2a6d88380, 0x00007ab2a6d89398] Compiler: jvmci, Barriers: 28, Oops: 0, ImmediateOops: 1, NonImmediateOops: No
[5,476s][debug][gc,nmethod     ] Register NMethod: java.util.ArrayList.isEmpty (0x00007ab2a6d9ce88) [0x00007ab2a6d9cf80, 0x00007ab2a6d9d010] Compiler: jvmci, Barriers: 0, Oops: 0, ImmediateOops: 0, NonImmediateOops: No
[5,478s][debug][gc,nmethod     ] Register NMethod: io.sirix.axis.DescendantAxis.nextKey (0x00007ab2a6e7fd88) [0x00007ab2a6e7fe80, 0x00007ab2a6e826b0] Compiler: jvmci, Barriers: 56, Oops: 1, ImmediateOops: 1, NonImmediateOops: No
[5,482s][debug][gc,director    ] Rule Major: Warmup 20%, Used: 862MB, UsedThreshold: 2457MB
[5,486s][debug][gc,nmethod     ] Register NMethod: io.sirix.node.GrowingMemorySegment.<init> (0x00007ab2a6d86b08) [0x00007ab2a6d86c00, 0x00007ab2a6d88018] Compiler: jvmci, Barriers: 33, Oops: 2, ImmediateOops: 8, NonImmediateOops: No
[5,490s][debug][gc,nmethod     ] Register NMethod: io.sirix.page.KeyValueLeafPage.processEntries (0x00007ab2a6de0a88) [0x00007ab2a6de0b80, 0x00007ab2a6de5110] Compiler: jvmci, Barriers: 83, Oops: 6, ImmediateOops: 12, NonImmediateOops: No
[5,492s][debug][gc,director    ] Rule Major: Warmup 20%, Used: 880MB, UsedThreshold: 2457MB
[5,502s][debug][gc,director    ] Rule Major: Warmup 20%, Used: 898MB, UsedThreshold: 2457MB
[5,508s][debug][gc,nmethod     ] Register NMethod: net.jpountz.lz4.LZ4BlockInputStream.refill (0x00007ab2a6e8ce88) [0x00007ab2a6e8cf80, 0x00007ab2a6e8f438] Compiler: jvmci, Barriers: 25, Oops: 1, ImmediateOops: 1, NonImmediateOops: No
[5,512s][debug][gc,director    ] Rule Major: Warmup 20%, Used: 920MB, UsedThreshold: 2457MB
[5,514s][debug][gc,alloc       ] Mutator Allocation Rate: 738,7MB/s Predicted: 833,8MB/s, Avg: 566,0(+/-158,6)MB/s
[5,515s][debug][gc,director    ] Rule Major: Warmup 20%, Used: 924MB, UsedThreshold: 2457MB
[5,525s][debug][gc,director    ] Rule Major: Warmup 20%, Used: 944MB, UsedThreshold: 2457MB
[5,529s][debug][gc,nmethod     ] Register NMethod: io.sirix.node.NodeKind$1.deserialize (0x00007ab2a6d95588) [0x00007ab2a6d95680, 0x00007ab2a6d98a38] Compiler: jvmci, Barriers: 98, Oops: 9, ImmediateOops: 14, NonImmediateOops: No
[5,535s][debug][gc,director    ] Rule Major: Warmup 20%, Used: 964MB, UsedThreshold: 2457MB
[5,545s][debug][gc,director    ] Rule Major: Warmup 20%, Used: 988MB, UsedThreshold: 2457MB
[5,549s][debug][gc,nmethod     ] Register NMethod: java.util.concurrent.ConcurrentHashMap$CollectionView.toArray (0x00007ab287d60e08) [0x00007ab287d60f00, 0x00007ab287d62300] Compiler: c1, Barriers: 6, Oops: 0, ImmediateOops: 2, NonImmediateOops: No
[5,555s][debug][gc,director    ] Rule Major: Warmup 20%, Used: 1010MB, UsedThreshold: 2457MB
[5,559s][debug][gc,alloc       ] Mutator Allocation Rate: 752,9MB/s Predicted: 839,9MB/s, Avg: 571,3(+/-159,4)MB/s
[5,559s][debug][gc,director    ] Rule Major: Warmup 20%, Used: 1020MB, UsedThreshold: 2457MB
[5,569s][debug][gc,director    ] Rule Major: Warmup 20%, Used: 1042MB, UsedThreshold: 2457MB
[5,579s][debug][gc,director    ] Rule Major: Warmup 20%, Used: 1064MB, UsedThreshold: 2457MB
[5,586s][debug][gc,nmethod     ] Register NMethod: java.util.concurrent.atomic.LongAdder.add (0x00007ab2a6e8cb08) [0x00007ab2a6e8cc00, 0x00007ab2a6e8cd20] Compiler: jvmci, Barriers: 1, Oops: 0, ImmediateOops: 0, NonImmediateOops: No
[5,589s][debug][gc,nmethod     ] Register NMethod: com.github.benmanes.caffeine.cache.SSLS.statsTicker (0x00007ab2a6d95108) [0x00007ab2a6d95200, 0x00007ab2a6d95290] Compiler: jvmci, Barriers: 0, Oops: 1, ImmediateOops: 1, NonImmediateOops: No
[5,589s][debug][gc,director    ] Rule Major: Warmup 20%, Used: 1088MB, UsedThreshold: 2457MB
[5,590s][debug][gc,director    ] Select Minor GC Workers (Not Warm), GCWorkers: 5,000
[5,590s][debug][gc,director    ] Rule Minor: Allocation Rate (Dynamic GC Workers), MaxAllocRate: 571,3MB/s (+/-27,9%), Free: 11158MB, GCCPUTime: 2,913, GCDuration: 0,588s, TimeUntilOOM: 15,269s, TimeUntilGC: 14,682s, GCWorkers: 5
[5,590s][debug][gc,director    ] Select Minor GC Workers (Not Warm), GCWorkers: 5,000
[5,590s][debug][gc,director    ] Rule Minor: Allocation Rate (Dynamic GC Workers), MaxAllocRate: 2204,3MB/s (+/-27,9%), Free: 11158MB, GCCPUTime: 2,913, GCDuration: 0,588s, TimeUntilOOM: 3,958s, TimeUntilGC: 3,370s, GCWorkers: 5
[5,590s][debug][gc,director    ] Rule Minor: High Usage, Free: 11158MB(90,8%)
[5,598s][debug][gc,nmethod     ] Register NMethod: java.lang.Thread.getAndClearInterrupt (0x00007ab2a6d9cb88) [0x00007ab2a6d9cc80, 0x00007ab2a6d9cd40] Compiler: jvmci, Barriers: 0, Oops: 0, ImmediateOops: 0, NonImmediateOops: No
[5,600s][debug][gc,director    ] Rule Major: Warmup 20%, Used: 1110MB, UsedThreshold: 2457MB
[5,600s][debug][gc,director    ] Select Minor GC Workers (Not Warm), GCWorkers: 5,000
[5,600s][debug][gc,director    ] Rule Minor: Allocation Rate (Dynamic GC Workers), MaxAllocRate: 571,3MB/s (+/-27,9%), Free: 11136MB, GCCPUTime: 2,913, GCDuration: 0,588s, TimeUntilOOM: 15,239s, TimeUntilGC: 14,652s, GCWorkers: 5
[5,600s][debug][gc,director    ] Select Minor GC Workers (Not Warm), GCWorkers: 5,000
[5,600s][debug][gc,director    ] Rule Minor: Allocation Rate (Dynamic GC Workers), MaxAllocRate: 2204,3MB/s (+/-27,9%), Free: 11136MB, GCCPUTime: 2,913, GCDuration: 0,588s, TimeUntilOOM: 3,950s, TimeUntilGC: 3,362s, GCWorkers: 5
[5,600s][debug][gc,director    ] Rule Minor: High Usage, Free: 11136MB(90,6%)
[5,602s][debug][gc,alloc       ] Mutator Allocation Rate: 766,9MB/s Predicted: 846,7MB/s, Avg: 576,8(+/-160,4)MB/s
[5,602s][debug][gc,director    ] Rule Major: Warmup 20%, Used: 1116MB, UsedThreshold: 2457MB
[5,602s][debug][gc,director    ] Select Minor GC Workers (Not Warm), GCWorkers: 5,000
[5,602s][debug][gc,director    ] Rule Minor: Allocation Rate (Dynamic GC Workers), MaxAllocRate: 576,8MB/s (+/-27,8%), Free: 11130MB, GCCPUTime: 2,913, GCDuration: 0,588s, TimeUntilOOM: 15,098s, TimeUntilGC: 14,510s, GCWorkers: 5
[5,602s][debug][gc,director    ] Select Minor GC Workers (Not Warm), GCWorkers: 5,000
[5,602s][debug][gc,director    ] Rule Minor: Allocation Rate (Dynamic GC Workers), MaxAllocRate: 2221,3MB/s (+/-27,8%), Free: 11130MB, GCCPUTime: 2,913, GCDuration: 0,588s, TimeUntilOOM: 3,920s, TimeUntilGC: 3,333s, GCWorkers: 5
[5,602s][debug][gc,director    ] Rule Minor: High Usage, Free: 11130MB(90,6%)
[5,612s][debug][gc,director    ] Rule Major: Warmup 20%, Used: 1138MB, UsedThreshold: 2457MB
[5,612s][debug][gc,director    ] Select Minor GC Workers (Not Warm), GCWorkers: 5,000
[5,612s][debug][gc,director    ] Rule Minor: Allocation Rate (Dynamic GC Workers), MaxAllocRate: 576,8MB/s (+/-27,8%), Free: 11108MB, GCCPUTime: 2,913, GCDuration: 0,588s, TimeUntilOOM: 15,068s, TimeUntilGC: 14,480s, GCWorkers: 5
[5,612s][debug][gc,director    ] Select Minor GC Workers (Not Warm), GCWorkers: 5,000
[5,612s][debug][gc,director    ] Rule Minor: Allocation Rate (Dynamic GC Workers), MaxAllocRate: 2221,3MB/s (+/-27,8%), Free: 11108MB, GCCPUTime: 2,913, GCDuration: 0,588s, TimeUntilOOM: 3,912s, TimeUntilGC: 3,325s, GCWorkers: 5
[5,612s][debug][gc,director    ] Rule Minor: High Usage, Free: 11108MB(90,4%)
[5,623s][debug][gc,director    ] Rule Major: Warmup 20%, Used: 1162MB, UsedThreshold: 2457MB
[5,623s][debug][gc,director    ] Select Minor GC Workers (Not Warm), GCWorkers: 5,000
[5,623s][debug][gc,director    ] Rule Minor: Allocation Rate (Dynamic GC Workers), MaxAllocRate: 576,8MB/s (+/-27,8%), Free: 11084MB, GCCPUTime: 2,913, GCDuration: 0,588s, TimeUntilOOM: 15,035s, TimeUntilGC: 14,448s, GCWorkers: 5
[5,623s][debug][gc,director    ] Select Minor GC Workers (Not Warm), GCWorkers: 5,000
[5,623s][debug][gc,director    ] Rule Minor: Allocation Rate (Dynamic GC Workers), MaxAllocRate: 2221,3MB/s (+/-27,8%), Free: 11084MB, GCCPUTime: 2,913, GCDuration: 0,588s, TimeUntilOOM: 3,904s, TimeUntilGC: 3,316s, GCWorkers: 5
[5,623s][debug][gc,director    ] Rule Minor: High Usage, Free: 11084MB(90,2%)
[5,630s][debug][gc,nmethod     ] Register NMethod: java.io.FilterInputStream.close (0x00007ab2a6d9c808) [0x00007ab2a6d9c900, 0x00007ab2a6d9ca10] Compiler: jvmci, Barriers: 1, Oops: 0, ImmediateOops: 0, NonImmediateOops: No
[5,632s][debug][gc,nmethod     ] Register NMethod: java.nio.DirectByteBuffer.getInt (0x00007ab2a6d53908) [0x00007ab2a6d53a00, 0x00007ab2a6d53cb8] Compiler: jvmci, Barriers: 4, Oops: 0, ImmediateOops: 0, NonImmediateOops: No
[5,633s][debug][gc,director    ] Rule Major: Warmup 20%, Used: 1184MB, UsedThreshold: 2457MB
[5,633s][debug][gc,director    ] Select Minor GC Workers (Not Warm), GCWorkers: 5,000
[5,633s][debug][gc,director    ] Rule Minor: Allocation Rate (Dynamic GC Workers), MaxAllocRate: 576,8MB/s (+/-27,8%), Free: 11062MB, GCCPUTime: 2,913, GCDuration: 0,588s, TimeUntilOOM: 15,005s, TimeUntilGC: 14,418s, GCWorkers: 5
[5,633s][debug][gc,director    ] Select Minor GC Workers (Not Warm), GCWorkers: 5,000
[5,633s][debug][gc,director    ] Rule Minor: Allocation Rate (Dynamic GC Workers), MaxAllocRate: 2221,3MB/s (+/-27,8%), Free: 11062MB, GCCPUTime: 2,913, GCDuration: 0,588s, TimeUntilOOM: 3,896s, TimeUntilGC: 3,309s, GCWorkers: 5
[5,633s][debug][gc,director    ] Rule Minor: High Usage, Free: 11062MB(90,0%)
[5,636s][debug][gc,nmethod     ] Register NMethod: net.jpountz.lz4.LZ4BlockInputStream.<init> (0x00007ab2a6d53288) [0x00007ab2a6d533a0, 0x00007ab2a6d537b0] Compiler: jvmci, Barriers: 15, Oops: 1, ImmediateOops: 0, NonImmediateOops: No
[5,638s][debug][gc,nmethod     ] Register NMethod: net.jpountz.lz4.LZ4BlockInputStream.<init> (0x00007ab2a6d83d88) [0x00007ab2a6d83e80, 0x00007ab2a6d84900] Compiler: jvmci, Barriers: 19, Oops: 4, ImmediateOops: 2, NonImmediateOops: No
[5,641s][debug][gc,nmethod     ] Register NMethod: io.sirix.BinaryEncodingVersion.fromByte (0x00007ab2a6d83a88) [0x00007ab2a6d83b80, 0x00007ab2a6d83c20] Compiler: jvmci, Barriers: 0, Oops: 1, ImmediateOops: 1, NonImmediateOops: No
[5,643s][debug][gc,director    ] Rule Major: Warmup 20%, Used: 1204MB, UsedThreshold: 2457MB
[5,643s][debug][gc,director    ] Select Minor GC Workers (Not Warm), GCWorkers: 5,000
[5,643s][debug][gc,director    ] Rule Minor: Allocation Rate (Dynamic GC Workers), MaxAllocRate: 576,8MB/s (+/-27,8%), Free: 11042MB, GCCPUTime: 2,913, GCDuration: 0,588s, TimeUntilOOM: 14,978s, TimeUntilGC: 14,391s, GCWorkers: 5
[5,643s][debug][gc,director    ] Select Minor GC Workers (Not Warm), GCWorkers: 5,000
[5,643s][debug][gc,director    ] Rule Minor: Allocation Rate (Dynamic GC Workers), MaxAllocRate: 2221,3MB/s (+/-27,8%), Free: 11042MB, GCCPUTime: 2,913, GCDuration: 0,588s, TimeUntilOOM: 3,889s, TimeUntilGC: 3,302s, GCWorkers: 5
[5,643s][debug][gc,director    ] Rule Minor: High Usage, Free: 11042MB(89,9%)
[5,653s][debug][gc,director    ] Rule Major: Warmup 20%, Used: 1208MB, UsedThreshold: 2457MB
[5,653s][debug][gc,director    ] Select Minor GC Workers (Not Warm), GCWorkers: 5,000
[5,653s][debug][gc,director    ] Rule Minor: Allocation Rate (Dynamic GC Workers), MaxAllocRate: 576,8MB/s (+/-27,8%), Free: 11038MB, GCCPUTime: 2,913, GCDuration: 0,588s, TimeUntilOOM: 14,973s, TimeUntilGC: 14,385s, GCWorkers: 5
[5,653s][debug][gc,director    ] Select Minor GC Workers (Not Warm), GCWorkers: 5,000
[5,653s][debug][gc,director    ] Rule Minor: Allocation Rate (Dynamic GC Workers), MaxAllocRate: 2221,3MB/s (+/-27,8%), Free: 11038MB, GCCPUTime: 2,913, GCDuration: 0,588s, TimeUntilOOM: 3,888s, TimeUntilGC: 3,300s, GCWorkers: 5
[5,653s][debug][gc,director    ] Rule Minor: High Usage, Free: 11038MB(89,8%)
[5,655s][debug][gc,nmethod     ] Register NMethod: io.sirix.io.AbstractReader.deserialize (0x00007ab2a6d82588) [0x00007ab2a6d82680, 0x00007ab2a6d839f8] Compiler: jvmci, Barriers: 28, Oops: 6, ImmediateOops: 2, NonImmediateOops: No
[5,655s][debug][gc,nmethod     ] Register NMethod: java.nio.file.FileTreeWalker$Event.ioeException (0x00007ab2a6d82288) [0x00007ab2a6d82380, 0x00007ab2a6d82468] Compiler: c1, Barriers: 1, Oops: 0, ImmediateOops: 0, NonImmediateOops: No
[5,655s][debug][gc,nmethod     ] Register NMethod: java.text.StringBufFactory$StringBuilderImpl.append (0x00007ab287625808) [0x00007ab287625900, 0x00007ab287625ca0] Compiler: c1, Barriers: 1, Oops: 0, ImmediateOops: 0, NonImmediateOops: No
[5,655s][debug][gc,nmethod     ] Register NMethod: io.sirix.access.DatabaseConfiguration.getDatabaseFile (0x00007ab2a6d81f88) [0x00007ab2a6d82080, 0x00007ab2a6d82168] Compiler: c1, Barriers: 1, Oops: 1, ImmediateOops: 0, NonImmediateOops: No
[5,655s][debug][gc,nmethod     ] Register NMethod: org.gradle.internal.serialize.kryo.KryoBackedEncoder.writeSmallInt (0x00007ab2875f7988) [0x00007ab2875f7a80, 0x00007ab2875f7c78] Compiler: c1, Barriers: 1, Oops: 1, ImmediateOops: 0, NonImmediateOops: No
[5,655s][debug][gc,nmethod     ] Register NMethod: com.esotericsoftware.kryo.io.Output.writeInt (0x00007ab28760ec08) [0x00007ab28760ed00, 0x00007ab28760ee48] Compiler: c1, Barriers: 0, Oops: 1, ImmediateOops: 0, NonImmediateOops: No
[5,656s][debug][gc,nmethod     ] Register NMethod: java.io.FileDescriptor.attach (0x00007ab287466308) [0x00007ab287466400, 0x00007ab2874673f0] Compiler: c1, Barriers: 16, Oops: 0, ImmediateOops: 1, NonImmediateOops: No
[5,656s][debug][gc,nmethod     ] Register NMethod: com.esotericsoftware.kryo.io.Output.writeVarInt (0x00007ab287c58808) [0x00007ab287c58900, 0x00007ab287c59178] Compiler: c1, Barriers: 5, Oops: 1, ImmediateOops: 0, NonImmediateOops: No
[5,656s][debug][gc,nmethod     ] Register NMethod: java.io.FileDescriptor$1.get (0x00007ab287625208) [0x00007ab287625300, 0x00007ab287625408] Compiler: c1, Barriers: 0, Oops: 0, ImmediateOops: 0, NonImmediateOops: No
[5,656s][debug][gc,nmethod     ] Register NMethod: java.io.FileDescriptor$1.getHandle (0x00007ab28770ca88) [0x00007ab28770cb80, 0x00007ab28770cc88] Compiler: c1, Barriers: 0, Oops: 0, ImmediateOops: 0, NonImmediateOops: No
[5,656s][debug][gc,nmethod     ] Register NMethod: java.io.FileCleanable.<init> (0x00007ab287753c88) [0x00007ab287753d80, 0x00007ab287753ee0] Compiler: c1, Barriers: 0, Oops: 0, ImmediateOops: 0, NonImmediateOops: No
[5,656s][debug][gc,nmethod     ] Register NMethod: java.io.FileDescriptor.registerCleanup (0x00007ab2874cf888) [0x00007ab2874cf980, 0x00007ab2874d0008] Compiler: c1, Barriers: 4, Oops: 1, ImmediateOops: 1, NonImmediateOops: No
[5,656s][debug][gc,nmethod     ] Register NMethod: java.io.FileCleanable.register (0x00007ab28742ce88) [0x00007ab28742cf80, 0x00007ab28742dce8] Compiler: c1, Barriers: 4, Oops: 2, ImmediateOops: 2, NonImmediateOops: No
[5,657s][debug][gc,nmethod     ] Register NMethod: jdk.internal.misc.Unsafe.putIntOpaque (0x00007ab287754388) [0x00007ab287754480, 0x00007ab287754588] Compiler: c1, Barriers: 0, Oops: 0, ImmediateOops: 0, NonImmediateOops: No
[5,657s][debug][gc,nmethod     ] Register NMethod: java.lang.Long.parallelSuffix (0x00007ab287787388) [0x00007ab287787480, 0x00007ab2877875b8] Compiler: c1, Barriers: 0, Oops: 0, ImmediateOops: 0, NonImmediateOops: No
[5,659s][debug][gc,nmethod     ] Register NMethod: java.util.ArrayList.clear (0x00007ab28743c108) [0x00007ab28743c200, 0x00007ab28743c6b8] Compiler: c1, Barriers: 4, Oops: 0, ImmediateOops: 0, NonImmediateOops: No
[5,660s][debug][gc,nmethod     ] Register NMethod: java.util.concurrent.ConcurrentHashMap$ValueIterator.next (0x00007ab2a6d01788) [0x00007ab2a6d01880, 0x00007ab2a6d025e0] Compiler: jvmci, Barriers: 30, Oops: 0, ImmediateOops: 0, NonImmediateOops: No
[5,661s][debug][gc,nmethod     ] Register NMethod: java.nio.file.FileSystems.getDefault (0x00007ab287853708) [0x00007ab287853800, 0x00007ab287853c60] Compiler: c1, Barriers: 1, Oops: 0, ImmediateOops: 3, NonImmediateOops: No
[5,662s][debug][gc,nmethod     ] Register NMethod: com.github.benmanes.caffeine.cache.BaseMpscLinkedArrayQueue.lvProducerLimit (0x00007ab2a6d81c88) [0x00007ab2a6d81d80, 0x00007ab2a6d81e48] Compiler: c1, Barriers: 0, Oops: 1, ImmediateOops: 0, NonImmediateOops: No
[5,662s][debug][gc,nmethod     ] Register NMethod: java.util.concurrent.locks.AbstractQueuedSynchronizer.compareAndSetState (0x00007ab2a6d81708) [0x00007ab2a6d81800, 0x00007ab2a6d81890] Compiler: jvmci, Barriers: 0, Oops: 0, ImmediateOops: 0, NonImmediateOops: No
[5,663s][debug][gc,nmethod     ] Register NMethod: java.lang.System.checkKey (0x00007ab287d5ec08) [0x00007ab287d5ed00, 0x00007ab287d5f268] Compiler: c1, Barriers: 1, Oops: 0, ImmediateOops: 2, NonImmediateOops: No
[5,663s][debug][gc,director    ] Rule Major: Warmup 20%, Used: 1210MB, UsedThreshold: 2457MB
[5,663s][debug][gc,director    ] Select Minor GC Workers (Not Warm), GCWorkers: 5,000
[5,663s][debug][gc,director    ] Rule Minor: Allocation Rate (Dynamic GC Workers), MaxAllocRate: 576,8MB/s (+/-27,8%), Free: 11036MB, GCCPUTime: 2,913, GCDuration: 0,588s, TimeUntilOOM: 14,970s, TimeUntilGC: 14,382s, GCWorkers: 5
[5,663s][debug][gc,director    ] Select Minor GC Workers (Not Warm), GCWorkers: 5,000
[5,663s][debug][gc,director    ] Rule Minor: Allocation Rate (Dynamic GC Workers), MaxAllocRate: 2221,3MB/s (+/-27,8%), Free: 11036MB, GCCPUTime: 2,913, GCDuration: 0,588s, TimeUntilOOM: 3,887s, TimeUntilGC: 3,299s, GCWorkers: 5
[5,663s][debug][gc,director    ] Rule Minor: High Usage, Free: 11036MB(89,8%)
[5,664s][debug][gc,nmethod     ] Register NMethod: com.sun.org.apache.xerces.internal.util.XMLChar.isInvalid (0x00007ab2a6d01488) [0x00007ab2a6d01580, 0x00007ab2a6d01650] Compiler: jvmci, Barriers: 0, Oops: 0, ImmediateOops: 1, NonImmediateOops: No
[5,665s][debug][gc,nmethod     ] Register NMethod: io.sirix.access.trx.node.AbstractNodeHashing.rollingAdd (0x00007ab287b98488) [0x00007ab287b98580, 0x00007ab287b9d870] Compiler: c1, Barriers: 15, Oops: 1, ImmediateOops: 2, NonImmediateOops: No
[5,666s][debug][gc,nmethod     ] Register NMethod: io.sirix.node.MemorySegmentBytesOut.clear (0x00007ab2a6d01188) [0x00007ab2a6d01280, 0x00007ab2a6d01368] Compiler: jvmci, Barriers: 1, Oops: 1, ImmediateOops: 0, NonImmediateOops: No
[5,666s][debug][gc,nmethod     ] Register NMethod: io.sirix.access.trx.node.xml.XmlNodeHashing.getCurrentNode (0x00007ab2a6d00e08) [0x00007ab2a6d00f00, 0x00007ab2a6d01120] Compiler: jvmci, Barriers: 2, Oops: 1, ImmediateOops: 0, NonImmediateOops: No
[5,666s][debug][gc,alloc       ] Mutator Allocation Rate: 777,2MB/s Predicted: 853,7MB/s, Avg: 582,2(+/-161,6)MB/s
[5,666s][debug][gc,director    ] Rule Major: Warmup 20%, Used: 1212MB, UsedThreshold: 2457MB
[5,666s][debug][gc,director    ] Select Minor GC Workers (Not Warm), GCWorkers: 5,000
[5,667s][debug][gc,director    ] Rule Minor: Allocation Rate (Dynamic GC Workers), MaxAllocRate: 582,2MB/s (+/-27,8%), Free: 11034MB, GCCPUTime: 2,913, GCDuration: 0,588s, TimeUntilOOM: 14,836s, TimeUntilGC: 14,248s, GCWorkers: 5
[5,667s][debug][gc,director    ] Select Minor GC Workers (Not Warm), GCWorkers: 5,000
[5,667s][debug][gc,director    ] Rule Minor: Allocation Rate (Dynamic GC Workers), MaxAllocRate: 2239,1MB/s (+/-27,8%), Free: 11034MB, GCCPUTime: 2,913, GCDuration: 0,588s, TimeUntilOOM: 3,857s, TimeUntilGC: 3,270s, GCWorkers: 5
[5,667s][debug][gc,director    ] Rule Minor: High Usage, Free: 11034MB(89,8%)
[5,674s][debug][gc,nmethod     ] Register NMethod: io.sirix.access.trx.page.NodeStorageEngineWriter$$Lambda/0x000000006c232908.apply (0x00007ab2a6cffc88) [0x00007ab2a6cffd80, 0x00007ab2a6d00dc8] Compiler: jvmci, Barriers: 28, Oops: 1, ImmediateOops: 2, NonImmediateOops: No
[5,677s][debug][gc,director    ] Rule Major: Warmup 20%, Used: 1222MB, UsedThreshold: 2457MB
[5,677s][debug][gc,director    ] Select Minor GC Workers (Not Warm), GCWorkers: 5,000
[5,677s][debug][gc,director    ] Rule Minor: Allocation Rate (Dynamic GC Workers), MaxAllocRate: 582,2MB/s (+/-27,8%), Free: 11024MB, GCCPUTime: 2,913, GCDuration: 0,588s, TimeUntilOOM: 14,822s, TimeUntilGC: 14,235s, GCWorkers: 5
[5,677s][debug][gc,director    ] Select Minor GC Workers (Not Warm), GCWorkers: 5,000
[5,677s][debug][gc,director    ] Rule Minor: Allocation Rate (Dynamic GC Workers), MaxAllocRate: 2239,1MB/s (+/-27,8%), Free: 11024MB, GCCPUTime: 2,913, GCDuration: 0,588s, TimeUntilOOM: 3,854s, TimeUntilGC: 3,266s, GCWorkers: 5
[5,677s][debug][gc,director    ] Rule Minor: High Usage, Free: 11024MB(89,7%)
[5,681s][debug][gc,nmethod     ] Register NMethod: java.io.InputStream.readNBytes (0x00007ab2a6ddc608) [0x00007ab2a6ddc700, 0x00007ab2a6de0a50] Compiler: jvmci, Barriers: 52, Oops: 2, ImmediateOops: 2, NonImmediateOops: No
[5,687s][debug][gc,director    ] Rule Major: Warmup 20%, Used: 1234MB, UsedThreshold: 2457MB
[5,687s][debug][gc,director    ] Select Minor GC Workers (Not Warm), GCWorkers: 5,000
[5,687s][debug][gc,director    ] Rule Minor: Allocation Rate (Dynamic GC Workers), MaxAllocRate: 582,2MB/s (+/-27,8%), Free: 11012MB, GCCPUTime: 2,913, GCDuration: 0,588s, TimeUntilOOM: 14,806s, TimeUntilGC: 14,219s, GCWorkers: 5
[5,687s][debug][gc,director    ] Select Minor GC Workers (Not Warm), GCWorkers: 5,000
[5,687s][debug][gc,director    ] Rule Minor: Allocation Rate (Dynamic GC Workers), MaxAllocRate: 2239,1MB/s (+/-27,8%), Free: 11012MB, GCCPUTime: 2,913, GCDuration: 0,588s, TimeUntilOOM: 3,850s, TimeUntilGC: 3,262s, GCWorkers: 5
[5,687s][debug][gc,director    ] Rule Minor: High Usage, Free: 11012MB(89,6%)
[5,693s][debug][gc,nmethod     ] Register NMethod: java.io.InputStream.readAllBytes (0x00007ab2a6ed8e88) [0x00007ab2a6ed8f80, 0x00007ab2a6edd218] Compiler: jvmci, Barriers: 52, Oops: 2, ImmediateOops: 2, NonImmediateOops: No
[5,697s][debug][gc,director    ] Rule Major: Warmup 20%, Used: 1248MB, UsedThreshold: 2457MB
[5,697s][debug][gc,director    ] Select Minor GC Workers (Not Warm), GCWorkers: 5,000
[5,697s][debug][gc,director    ] Rule Minor: Allocation Rate (Dynamic GC Workers), MaxAllocRate: 582,2MB/s (+/-27,8%), Free: 10998MB, GCCPUTime: 2,913, GCDuration: 0,588s, TimeUntilOOM: 14,787s, TimeUntilGC: 14,200s, GCWorkers: 5
[5,697s][debug][gc,director    ] Select Minor GC Workers (Not Warm), GCWorkers: 5,000
[5,697s][debug][gc,director    ] Rule Minor: Allocation Rate (Dynamic GC Workers), MaxAllocRate: 2239,1MB/s (+/-27,8%), Free: 10998MB, GCCPUTime: 2,913, GCDuration: 0,588s, TimeUntilOOM: 3,845s, TimeUntilGC: 3,257s, GCWorkers: 5
[5,697s][debug][gc,director    ] Rule Minor: High Usage, Free: 10998MB(89,5%)
[5,707s][debug][gc,director    ] Rule Major: Warmup 20%, Used: 1260MB, UsedThreshold: 2457MB
[5,707s][debug][gc,director    ] Select Minor GC Workers (Not Warm), GCWorkers: 5,000
[5,707s][debug][gc,director    ] Rule Minor: Allocation Rate (Dynamic GC Workers), MaxAllocRate: 582,2MB/s (+/-27,8%), Free: 10986MB, GCCPUTime: 2,913, GCDuration: 0,588s, TimeUntilOOM: 14,771s, TimeUntilGC: 14,184s, GCWorkers: 5
[5,707s][debug][gc,director    ] Select Minor GC Workers (Not Warm), GCWorkers: 5,000
[5,707s][debug][gc,director    ] Rule Minor: Allocation Rate (Dynamic GC Workers), MaxAllocRate: 2239,1MB/s (+/-27,8%), Free: 10986MB, GCCPUTime: 2,913, GCDuration: 0,588s, TimeUntilOOM: 3,841s, TimeUntilGC: 3,253s, GCWorkers: 5
[5,707s][debug][gc,director    ] Rule Minor: High Usage, Free: 10986MB(89,4%)
[5,715s][debug][gc,nmethod     ] Register NMethod: io.sirix.node.delegates.StructNodeDelegate.incrementChildCount (0x00007ab2a6ddc108) [0x00007ab2a6ddc200, 0x00007ab2a6ddc288] Compiler: jvmci, Barriers: 0, Oops: 1, ImmediateOops: 0, NonImmediateOops: No
[5,717s][debug][gc,director    ] Rule Major: Warmup 20%, Used: 1272MB, UsedThreshold: 2457MB
[5,717s][debug][gc,director    ] Select Minor GC Workers (Not Warm), GCWorkers: 5,000
[5,717s][debug][gc,director    ] Rule Minor: Allocation Rate (Dynamic GC Workers), MaxAllocRate: 582,2MB/s (+/-27,8%), Free: 10974MB, GCCPUTime: 2,913, GCDuration: 0,588s, TimeUntilOOM: 14,755s, TimeUntilGC: 14,168s, GCWorkers: 5
[5,718s][debug][gc,director    ] Select Minor GC Workers (Not Warm), GCWorkers: 5,000
[5,718s][debug][gc,director    ] Rule Minor: Allocation Rate (Dynamic GC Workers), MaxAllocRate: 2239,1MB/s (+/-27,8%), Free: 10974MB, GCCPUTime: 2,913, GCDuration: 0,588s, TimeUntilOOM: 3,836s, TimeUntilGC: 3,249s, GCWorkers: 5
[5,718s][debug][gc,director    ] Rule Minor: High Usage, Free: 10974MB(89,3%)
[5,728s][debug][gc,director    ] Rule Major: Warmup 20%, Used: 1286MB, UsedThreshold: 2457MB
[5,728s][debug][gc,director    ] Select Minor GC Workers (Not Warm), GCWorkers: 5,000
[5,728s][debug][gc,director    ] Rule Minor: Allocation Rate (Dynamic GC Workers), MaxAllocRate: 582,2MB/s (+/-27,8%), Free: 10960MB, GCCPUTime: 2,913, GCDuration: 0,588s, TimeUntilOOM: 14,736s, TimeUntilGC: 14,149s, GCWorkers: 5
[5,728s][debug][gc,director    ] Select Minor GC Workers (Not Warm), GCWorkers: 5,000
[5,728s][debug][gc,director    ] Rule Minor: Allocation Rate (Dynamic GC Workers), MaxAllocRate: 2239,1MB/s (+/-27,8%), Free: 10960MB, GCCPUTime: 2,913, GCDuration: 0,588s, TimeUntilOOM: 3,832s, TimeUntilGC: 3,244s, GCWorkers: 5
[5,728s][debug][gc,director    ] Rule Minor: High Usage, Free: 10960MB(89,2%)
[5,738s][debug][gc,director    ] Rule Major: Warmup 20%, Used: 1298MB, UsedThreshold: 2457MB
[5,738s][debug][gc,director    ] Select Minor GC Workers (Not Warm), GCWorkers: 5,000
[5,738s][debug][gc,director    ] Rule Minor: Allocation Rate (Dynamic GC Workers), MaxAllocRate: 582,2MB/s (+/-27,8%), Free: 10948MB, GCCPUTime: 2,913, GCDuration: 0,588s, TimeUntilOOM: 14,720s, TimeUntilGC: 14,133s, GCWorkers: 5
[5,738s][debug][gc,director    ] Select Minor GC Workers (Not Warm), GCWorkers: 5,000
[5,738s][debug][gc,director    ] Rule Minor: Allocation Rate (Dynamic GC Workers), MaxAllocRate: 2239,1MB/s (+/-27,8%), Free: 10948MB, GCCPUTime: 2,913, GCDuration: 0,588s, TimeUntilOOM: 3,827s, TimeUntilGC: 3,240s, GCWorkers: 5
[5,738s][debug][gc,director    ] Rule Minor: High Usage, Free: 10948MB(89,1%)
[5,744s][debug][gc,alloc       ] Mutator Allocation Rate: 784,8MB/s Predicted: 860,8MB/s, Avg: 587,5(+/-162,7)MB/s
[5,744s][debug][gc,director    ] Rule Major: Warmup 20%, Used: 1308MB, UsedThreshold: 2457MB
[5,744s][debug][gc,director    ] Select Minor GC Workers (Not Warm), GCWorkers: 5,000
[5,744s][debug][gc,director    ] Rule Minor: Allocation Rate (Dynamic GC Workers), MaxAllocRate: 587,5MB/s (+/-27,7%), Free: 10938MB, GCCPUTime: 2,913, GCDuration: 0,588s, TimeUntilOOM: 14,580s, TimeUntilGC: 13,993s, GCWorkers: 5
[5,744s][debug][gc,director    ] Select Minor GC Workers (Not Warm), GCWorkers: 5,000
[5,744s][debug][gc,director    ] Rule Minor: Allocation Rate (Dynamic GC Workers), MaxAllocRate: 2256,9MB/s (+/-27,7%), Free: 10938MB, GCCPUTime: 2,913, GCDuration: 0,588s, TimeUntilOOM: 3,795s, TimeUntilGC: 3,208s, GCWorkers: 5
[5,744s][debug][gc,director    ] Rule Minor: High Usage, Free: 10938MB(89,0%)
[5,745s][debug][gc,nmethod     ] Register NMethod: io.sirix.access.trx.RevisionEpochTracker.minActiveRevision (0x00007ab2880a6588) [0x00007ab2880a6680, 0x00007ab2880a7ee8] Compiler: c1, Barriers: 3, Oops: 8, ImmediateOops: 9, NonImmediateOops: No
[5,754s][debug][gc,director    ] Rule Major: Warmup 20%, Used: 1320MB, UsedThreshold: 2457MB
[5,754s][debug][gc,director    ] Select Minor GC Workers (Not Warm), GCWorkers: 5,000
[5,754s][debug][gc,director    ] Rule Minor: Allocation Rate (Dynamic GC Workers), MaxAllocRate: 587,5MB/s (+/-27,7%), Free: 10926MB, GCCPUTime: 2,913, GCDuration: 0,588s, TimeUntilOOM: 14,564s, TimeUntilGC: 13,977s, GCWorkers: 5
[5,754s][debug][gc,director    ] Select Minor GC Workers (Not Warm), GCWorkers: 5,000
[5,754s][debug][gc,director    ] Rule Minor: Allocation Rate (Dynamic GC Workers), MaxAllocRate: 2256,9MB/s (+/-27,7%), Free: 10926MB, GCCPUTime: 2,913, GCDuration: 0,588s, TimeUntilOOM: 3,791s, TimeUntilGC: 3,204s, GCWorkers: 5
[5,754s][debug][gc,director    ] Rule Minor: High Usage, Free: 10926MB(88,9%)
[5,765s][debug][gc,director    ] Rule Major: Warmup 20%, Used: 1334MB, UsedThreshold: 2457MB
[5,765s][debug][gc,director    ] Select Minor GC Workers (Not Warm), GCWorkers: 5,000
[5,765s][debug][gc,director    ] Rule Minor: Allocation Rate (Dynamic GC Workers), MaxAllocRate: 587,5MB/s (+/-27,7%), Free: 10912MB, GCCPUTime: 2,913, GCDuration: 0,588s, TimeUntilOOM: 14,546s, TimeUntilGC: 13,958s, GCWorkers: 5
[5,765s][debug][gc,director    ] Select Minor GC Workers (Not Warm), GCWorkers: 5,000
[5,765s][debug][gc,director    ] Rule Minor: Allocation Rate (Dynamic GC Workers), MaxAllocRate: 2256,9MB/s (+/-27,7%), Free: 10912MB, GCCPUTime: 2,913, GCDuration: 0,588s, TimeUntilOOM: 3,786s, TimeUntilGC: 3,199s, GCWorkers: 5
[5,765s][debug][gc,director    ] Rule Minor: High Usage, Free: 10912MB(88,8%)
[5,775s][debug][gc,director    ] Rule Major: Warmup 20%, Used: 1346MB, UsedThreshold: 2457MB
[5,775s][debug][gc,director    ] Select Minor GC Workers (Not Warm), GCWorkers: 5,000
[5,775s][debug][gc,director    ] Rule Minor: Allocation Rate (Dynamic GC Workers), MaxAllocRate: 587,5MB/s (+/-27,7%), Free: 10900MB, GCCPUTime: 2,913, GCDuration: 0,588s, TimeUntilOOM: 14,530s, TimeUntilGC: 13,942s, GCWorkers: 5
[5,775s][debug][gc,director    ] Select Minor GC Workers (Not Warm), GCWorkers: 5,000
[5,775s][debug][gc,director    ] Rule Minor: Allocation Rate (Dynamic GC Workers), MaxAllocRate: 2256,9MB/s (+/-27,7%), Free: 10900MB, GCCPUTime: 2,913, GCDuration: 0,588s, TimeUntilOOM: 3,782s, TimeUntilGC: 3,195s, GCWorkers: 5
[5,775s][debug][gc,director    ] Rule Minor: High Usage, Free: 10900MB(88,7%)
[5,778s][debug][gc,nmethod     ] Register NMethod: io.sirix.access.trx.node.AbstractNodeHashing.rollingAdd (0x00007ab2a6edd288) [0x00007ab2a6edd660, 0x00007ab2a6ee5928] Compiler: jvmci, Barriers: 229, Oops: 7, ImmediateOops: 5, NonImmediateOops: No
[5,780s][debug][gc,nmethod     ] Register NMethod: io.sirix.access.trx.node.AbstractNodeHashing.rollingAdd (0x00007ab2878d8088) [0x00007ab2878d8180, 0x00007ab2878dd628] Compiler: c1, Barriers: 15, Oops: 1, ImmediateOops: 2, NonImmediateOops: No
[5,781s][debug][gc,nmethod     ] Register NMethod: io.sirix.access.trx.node.AbstractNodeHashing.rollingAdd (0x00007ab287e77e88) [0x00007ab287e77f80, 0x00007ab287e7d270] Compiler: c1, Barriers: 15, Oops: 1, ImmediateOops: 2, NonImmediateOops: No
[5,785s][debug][gc,director    ] Rule Major: Warmup 20%, Used: 1356MB, UsedThreshold: 2457MB
[5,785s][debug][gc,director    ] Select Minor GC Workers (Not Warm), GCWorkers: 5,000
[5,785s][debug][gc,director    ] Rule Minor: Allocation Rate (Dynamic GC Workers), MaxAllocRate: 587,5MB/s (+/-27,7%), Free: 10890MB, GCCPUTime: 2,913, GCDuration: 0,588s, TimeUntilOOM: 14,516s, TimeUntilGC: 13,929s, GCWorkers: 5
[5,785s][debug][gc,director    ] Select Minor GC Workers (Not Warm), GCWorkers: 5,000
[5,785s][debug][gc,director    ] Rule Minor: Allocation Rate (Dynamic GC Workers), MaxAllocRate: 2256,9MB/s (+/-27,7%), Free: 10890MB, GCCPUTime: 2,913, GCDuration: 0,588s, TimeUntilOOM: 3,779s, TimeUntilGC: 3,191s, GCWorkers: 5
[5,785s][debug][gc,director    ] Rule Minor: High Usage, Free: 10890MB(88,6%)
[5,795s][debug][gc,director    ] Rule Major: Warmup 20%, Used: 1366MB, UsedThreshold: 2457MB
[5,795s][debug][gc,director    ] Select Minor GC Workers (Not Warm), GCWorkers: 5,000
[5,795s][debug][gc,director    ] Rule Minor: Allocation Rate (Dynamic GC Workers), MaxAllocRate: 587,5MB/s (+/-27,7%), Free: 10880MB, GCCPUTime: 2,913, GCDuration: 0,588s, TimeUntilOOM: 14,503s, TimeUntilGC: 13,915s, GCWorkers: 5
[5,795s][debug][gc,director    ] Select Minor GC Workers (Not Warm), GCWorkers: 5,000
[5,795s][debug][gc,director    ] Rule Minor: Allocation Rate (Dynamic GC Workers), MaxAllocRate: 2256,9MB/s (+/-27,7%), Free: 10880MB, GCCPUTime: 2,913, GCDuration: 0,588s, TimeUntilOOM: 3,775s, TimeUntilGC: 3,188s, GCWorkers: 5
[5,795s][debug][gc,director    ] Rule Minor: High Usage, Free: 10880MB(88,5%)
[5,805s][debug][gc,director    ] Rule Major: Warmup 20%, Used: 1378MB, UsedThreshold: 2457MB
[5,805s][debug][gc,director    ] Select Minor GC Workers (Not Warm), GCWorkers: 5,000
[5,805s][debug][gc,director    ] Rule Minor: Allocation Rate (Dynamic GC Workers), MaxAllocRate: 587,5MB/s (+/-27,7%), Free: 10868MB, GCCPUTime: 2,913, GCDuration: 0,588s, TimeUntilOOM: 14,487s, TimeUntilGC: 13,899s, GCWorkers: 5
[5,805s][debug][gc,director    ] Select Minor GC Workers (Not Warm), GCWorkers: 5,000
[5,805s][debug][gc,director    ] Rule Minor: Allocation Rate (Dynamic GC Workers), MaxAllocRate: 2256,9MB/s (+/-27,7%), Free: 10868MB, GCCPUTime: 2,913, GCDuration: 0,588s, TimeUntilOOM: 3,771s, TimeUntilGC: 3,184s, GCWorkers: 5
[5,806s][debug][gc,director    ] Rule Minor: High Usage, Free: 10868MB(88,4%)
[5,816s][debug][gc,director    ] Rule Major: Warmup 20%, Used: 1388MB, UsedThreshold: 2457MB
[5,816s][debug][gc,director    ] Select Minor GC Workers (Not Warm), GCWorkers: 5,000
[5,816s][debug][gc,director    ] Rule Minor: Allocation Rate (Dynamic GC Workers), MaxAllocRate: 587,5MB/s (+/-27,7%), Free: 10858MB, GCCPUTime: 2,913, GCDuration: 0,588s, TimeUntilOOM: 14,474s, TimeUntilGC: 13,886s, GCWorkers: 5
[5,816s][debug][gc,director    ] Select Minor GC Workers (Not Warm), GCWorkers: 5,000
[5,816s][debug][gc,director    ] Rule Minor: Allocation Rate (Dynamic GC Workers), MaxAllocRate: 2256,9MB/s (+/-27,7%), Free: 10858MB, GCCPUTime: 2,913, GCDuration: 0,588s, TimeUntilOOM: 3,768s, TimeUntilGC: 3,180s, GCWorkers: 5
[5,816s][debug][gc,director    ] Rule Minor: High Usage, Free: 10858MB(88,4%)
[5,826s][debug][gc,director    ] Rule Major: Warmup 20%, Used: 1398MB, UsedThreshold: 2457MB
[5,826s][debug][gc,director    ] Select Minor GC Workers (Not Warm), GCWorkers: 5,000
[5,826s][debug][gc,director    ] Rule Minor: Allocation Rate (Dynamic GC Workers), MaxAllocRate: 587,5MB/s (+/-27,7%), Free: 10848MB, GCCPUTime: 2,913, GCDuration: 0,588s, TimeUntilOOM: 14,460s, TimeUntilGC: 13,873s, GCWorkers: 5
[5,826s][debug][gc,director    ] Select Minor GC Workers (Not Warm), GCWorkers: 5,000
[5,826s][debug][gc,director    ] Rule Minor: Allocation Rate (Dynamic GC Workers), MaxAllocRate: 2256,9MB/s (+/-27,7%), Free: 10848MB, GCCPUTime: 2,913, GCDuration: 0,588s, TimeUntilOOM: 3,764s, TimeUntilGC: 3,177s, GCWorkers: 5
[5,826s][debug][gc,director    ] Rule Minor: High Usage, Free: 10848MB(88,3%)
[5,831s][debug][gc,alloc       ] Mutator Allocation Rate: 790,7MB/s Predicted: 867,6MB/s, Avg: 592,7(+/-163,8)MB/s
[5,831s][debug][gc,director    ] Rule Major: Warmup 20%, Used: 1404MB, UsedThreshold: 2457MB
[5,831s][debug][gc,director    ] Select Minor GC Workers (Not Warm), GCWorkers: 5,000
[5,831s][debug][gc,director    ] Rule Minor: Allocation Rate (Dynamic GC Workers), MaxAllocRate: 592,7MB/s (+/-27,6%), Free: 10842MB, GCCPUTime: 2,913, GCDuration: 0,588s, TimeUntilOOM: 14,332s, TimeUntilGC: 13,744s, GCWorkers: 5
[5,831s][debug][gc,director    ] Select Minor GC Workers (Not Warm), GCWorkers: 5,000
[5,831s][debug][gc,director    ] Rule Minor: Allocation Rate (Dynamic GC Workers), MaxAllocRate: 2274,1MB/s (+/-27,6%), Free: 10842MB, GCCPUTime: 2,913, GCDuration: 0,588s, TimeUntilOOM: 3,735s, TimeUntilGC: 3,148s, GCWorkers: 5
[5,831s][debug][gc,director    ] Rule Minor: High Usage, Free: 10842MB(88,2%)
[5,841s][debug][gc,director    ] Rule Major: Warmup 20%, Used: 1414MB, UsedThreshold: 2457MB
[5,841s][debug][gc,director    ] Select Minor GC Workers (Not Warm), GCWorkers: 5,000
[5,841s][debug][gc,director    ] Rule Minor: Allocation Rate (Dynamic GC Workers), MaxAllocRate: 592,7MB/s (+/-27,6%), Free: 10832MB, GCCPUTime: 2,913, GCDuration: 0,588s, TimeUntilOOM: 14,319s, TimeUntilGC: 13,731s, GCWorkers: 5
[5,841s][debug][gc,director    ] Select Minor GC Workers (Not Warm), GCWorkers: 5,000
[5,841s][debug][gc,director    ] Rule Minor: Allocation Rate (Dynamic GC Workers), MaxAllocRate: 2274,1MB/s (+/-27,6%), Free: 10832MB, GCCPUTime: 2,913, GCDuration: 0,588s, TimeUntilOOM: 3,732s, TimeUntilGC: 3,144s, GCWorkers: 5
[5,841s][debug][gc,director    ] Rule Minor: High Usage, Free: 10832MB(88,2%)
[5,851s][debug][gc,director    ] Rule Major: Warmup 20%, Used: 1424MB, UsedThreshold: 2457MB
[5,851s][debug][gc,director    ] Select Minor GC Workers (Not Warm), GCWorkers: 5,000
[5,851s][debug][gc,director    ] Rule Minor: Allocation Rate (Dynamic GC Workers), MaxAllocRate: 592,7MB/s (+/-27,6%), Free: 10822MB, GCCPUTime: 2,913, GCDuration: 0,588s, TimeUntilOOM: 14,306s, TimeUntilGC: 13,718s, GCWorkers: 5
[5,851s][debug][gc,director    ] Select Minor GC Workers (Not Warm), GCWorkers: 5,000
[5,851s][debug][gc,director    ] Rule Minor: Allocation Rate (Dynamic GC Workers), MaxAllocRate: 2274,1MB/s (+/-27,6%), Free: 10822MB, GCCPUTime: 2,913, GCDuration: 0,588s, TimeUntilOOM: 3,729s, TimeUntilGC: 3,141s, GCWorkers: 5
[5,851s][debug][gc,director    ] Rule Minor: High Usage, Free: 10822MB(88,1%)
[5,861s][debug][gc,director    ] Rule Major: Warmup 20%, Used: 1434MB, UsedThreshold: 2457MB
[5,861s][debug][gc,director    ] Select Minor GC Workers (Not Warm), GCWorkers: 5,000
[5,861s][debug][gc,director    ] Rule Minor: Allocation Rate (Dynamic GC Workers), MaxAllocRate: 592,7MB/s (+/-27,6%), Free: 10812MB, GCCPUTime: 2,913, GCDuration: 0,588s, TimeUntilOOM: 14,292s, TimeUntilGC: 13,705s, GCWorkers: 5
[5,861s][debug][gc,director    ] Select Minor GC Workers (Not Warm), GCWorkers: 5,000
[5,861s][debug][gc,director    ] Rule Minor: Allocation Rate (Dynamic GC Workers), MaxAllocRate: 2274,1MB/s (+/-27,6%), Free: 10812MB, GCCPUTime: 2,913, GCDuration: 0,588s, TimeUntilOOM: 3,725s, TimeUntilGC: 3,137s, GCWorkers: 5
[5,861s][debug][gc,director    ] Rule Minor: High Usage, Free: 10812MB(88,0%)
[5,872s][debug][gc,director    ] Rule Major: Warmup 20%, Used: 1444MB, UsedThreshold: 2457MB
[5,872s][debug][gc,director    ] Select Minor GC Workers (Not Warm), GCWorkers: 5,000
[5,872s][debug][gc,director    ] Rule Minor: Allocation Rate (Dynamic GC Workers), MaxAllocRate: 592,7MB/s (+/-27,6%), Free: 10802MB, GCCPUTime: 2,913, GCDuration: 0,588s, TimeUntilOOM: 14,279s, TimeUntilGC: 13,691s, GCWorkers: 5
[5,872s][debug][gc,director    ] Select Minor GC Workers (Not Warm), GCWorkers: 5,000
[5,872s][debug][gc,director    ] Rule Minor: Allocation Rate (Dynamic GC Workers), MaxAllocRate: 2274,1MB/s (+/-27,6%), Free: 10802MB, GCCPUTime: 2,913, GCDuration: 0,588s, TimeUntilOOM: 3,722s, TimeUntilGC: 3,134s, GCWorkers: 5
[5,872s][debug][gc,director    ] Rule Minor: High Usage, Free: 10802MB(87,9%)
[5,882s][debug][gc,director    ] Rule Major: Warmup 20%, Used: 1454MB, UsedThreshold: 2457MB
[5,882s][debug][gc,director    ] Select Minor GC Workers (Not Warm), GCWorkers: 5,000
[5,882s][debug][gc,director    ] Rule Minor: Allocation Rate (Dynamic GC Workers), MaxAllocRate: 592,7MB/s (+/-27,6%), Free: 10792MB, GCCPUTime: 2,913, GCDuration: 0,588s, TimeUntilOOM: 14,266s, TimeUntilGC: 13,678s, GCWorkers: 5
[5,882s][debug][gc,director    ] Select Minor GC Workers (Not Warm), GCWorkers: 5,000
[5,882s][debug][gc,director    ] Rule Minor: Allocation Rate (Dynamic GC Workers), MaxAllocRate: 2274,1MB/s (+/-27,6%), Free: 10792MB, GCCPUTime: 2,913, GCDuration: 0,588s, TimeUntilOOM: 3,718s, TimeUntilGC: 3,131s, GCWorkers: 5
[5,882s][debug][gc,director    ] Rule Minor: High Usage, Free: 10792MB(87,8%)
[5,892s][debug][gc,director    ] Rule Major: Warmup 20%, Used: 1464MB, UsedThreshold: 2457MB
[5,892s][debug][gc,director    ] Select Minor GC Workers (Not Warm), GCWorkers: 5,000
[5,892s][debug][gc,director    ] Rule Minor: Allocation Rate (Dynamic GC Workers), MaxAllocRate: 592,7MB/s (+/-27,6%), Free: 10782MB, GCCPUTime: 2,913, GCDuration: 0,588s, TimeUntilOOM: 14,253s, TimeUntilGC: 13,665s, GCWorkers: 5
[5,892s][debug][gc,director    ] Select Minor GC Workers (Not Warm), GCWorkers: 5,000
[5,892s][debug][gc,director    ] Rule Minor: Allocation Rate (Dynamic GC Workers), MaxAllocRate: 2274,1MB/s (+/-27,6%), Free: 10782MB, GCCPUTime: 2,913, GCDuration: 0,588s, TimeUntilOOM: 3,715s, TimeUntilGC: 3,127s, GCWorkers: 5
[5,892s][debug][gc,director    ] Rule Minor: High Usage, Free: 10782MB(87,7%)
[5,902s][debug][gc,director    ] Rule Major: Warmup 20%, Used: 1474MB, UsedThreshold: 2457MB
[5,902s][debug][gc,director    ] Select Minor GC Workers (Not Warm), GCWorkers: 5,000
[5,902s][debug][gc,director    ] Rule Minor: Allocation Rate (Dynamic GC Workers), MaxAllocRate: 592,7MB/s (+/-27,6%), Free: 10772MB, GCCPUTime: 2,913, GCDuration: 0,588s, TimeUntilOOM: 14,239s, TimeUntilGC: 13,652s, GCWorkers: 5
[5,902s][debug][gc,director    ] Select Minor GC Workers (Not Warm), GCWorkers: 5,000
[5,902s][debug][gc,director    ] Rule Minor: Allocation Rate (Dynamic GC Workers), MaxAllocRate: 2274,1MB/s (+/-27,6%), Free: 10772MB, GCCPUTime: 2,913, GCDuration: 0,588s, TimeUntilOOM: 3,711s, TimeUntilGC: 3,124s, GCWorkers: 5
[5,902s][debug][gc,director    ] Rule Minor: High Usage, Free: 10772MB(87,7%)
[5,903s][debug][gc,nmethod     ] Register NMethod: io.sirix.access.trx.node.AbstractNodeHashing.rollingAdd (0x00007ab2a6ee5988) [0x00007ab2a6ee5d60, 0x00007ab2a6eef298] Compiler: jvmci, Barriers: 255, Oops: 7, ImmediateOops: 5, NonImmediateOops: No
[5,913s][debug][gc,director    ] Rule Major: Warmup 20%, Used: 1488MB, UsedThreshold: 2457MB
[5,913s][debug][gc,director    ] Select Minor GC Workers (Not Warm), GCWorkers: 5,000
[5,913s][debug][gc,director    ] Rule Minor: Allocation Rate (Dynamic GC Workers), MaxAllocRate: 592,7MB/s (+/-27,6%), Free: 10758MB, GCCPUTime: 2,913, GCDuration: 0,588s, TimeUntilOOM: 14,221s, TimeUntilGC: 13,633s, GCWorkers: 5
[5,913s][debug][gc,director    ] Select Minor GC Workers (Not Warm), GCWorkers: 5,000
[5,913s][debug][gc,director    ] Rule Minor: Allocation Rate (Dynamic GC Workers), MaxAllocRate: 2274,1MB/s (+/-27,6%), Free: 10758MB, GCCPUTime: 2,913, GCDuration: 0,588s, TimeUntilOOM: 3,707s, TimeUntilGC: 3,119s, GCWorkers: 5
[5,913s][debug][gc,director    ] Rule Minor: High Usage, Free: 10758MB(87,5%)
[5,918s][debug][gc,nmethod     ] Register NMethod: java.util.concurrent.ForkJoinPool.runWorker (0x00007ab2a6eef308) [0x00007ab2a6eef6e0, 0x00007ab2a6effe48] Compiler: jvmci, Barriers: 601, Oops: 9, ImmediateOops: 7, NonImmediateOops: No
[5,921s][debug][gc,alloc       ] Mutator Allocation Rate: 795,9MB/s Predicted: 874,2MB/s, Avg: 597,8(+/-164,8)MB/s
[5,921s][debug][gc,director    ] Rule Major: Warmup 20%, Used: 1500MB, UsedThreshold: 2457MB
[5,921s][debug][gc,director    ] Select Minor GC Workers (Not Warm), GCWorkers: 5,000
[5,921s][debug][gc,director    ] Rule Minor: Allocation Rate (Dynamic GC Workers), MaxAllocRate: 597,8MB/s (+/-27,6%), Free: 10746MB, GCCPUTime: 2,913, GCDuration: 0,588s, TimeUntilOOM: 14,091s, TimeUntilGC: 13,504s, GCWorkers: 5
[5,921s][debug][gc,director    ] Select Minor GC Workers (Not Warm), GCWorkers: 5,000
[5,921s][debug][gc,director    ] Rule Minor: Allocation Rate (Dynamic GC Workers), MaxAllocRate: 2290,6MB/s (+/-27,6%), Free: 10746MB, GCCPUTime: 2,913, GCDuration: 0,588s, TimeUntilOOM: 3,678s, TimeUntilGC: 3,090s, GCWorkers: 5
[5,921s][debug][gc,director    ] Rule Minor: High Usage, Free: 10746MB(87,5%)
[5,931s][debug][gc,director    ] Rule Major: Warmup 20%, Used: 1514MB, UsedThreshold: 2457MB
[5,931s][debug][gc,director    ] Select Minor GC Workers (Not Warm), GCWorkers: 5,000
[5,931s][debug][gc,director    ] Rule Minor: Allocation Rate (Dynamic GC Workers), MaxAllocRate: 597,8MB/s (+/-27,6%), Free: 10732MB, GCCPUTime: 2,913, GCDuration: 0,588s, TimeUntilOOM: 14,073s, TimeUntilGC: 13,485s, GCWorkers: 5
[5,931s][debug][gc,director    ] Select Minor GC Workers (Not Warm), GCWorkers: 5,000
[5,931s][debug][gc,director    ] Rule Minor: Allocation Rate (Dynamic GC Workers), MaxAllocRate: 2290,6MB/s (+/-27,6%), Free: 10732MB, GCCPUTime: 2,913, GCDuration: 0,588s, TimeUntilOOM: 3,673s, TimeUntilGC: 3,085s, GCWorkers: 5
[5,931s][debug][gc,director    ] Rule Minor: High Usage, Free: 10732MB(87,3%)
[5,941s][debug][gc,director    ] Rule Major: Warmup 20%, Used: 1530MB, UsedThreshold: 2457MB
[5,941s][debug][gc,director    ] Select Minor GC Workers (Not Warm), GCWorkers: 5,000
[5,941s][debug][gc,director    ] Rule Minor: Allocation Rate (Dynamic GC Workers), MaxAllocRate: 597,8MB/s (+/-27,6%), Free: 10716MB, GCCPUTime: 2,913, GCDuration: 0,588s, TimeUntilOOM: 14,052s, TimeUntilGC: 13,464s, GCWorkers: 5
[5,941s][debug][gc,director    ] Select Minor GC Workers (Not Warm), GCWorkers: 5,000
[5,941s][debug][gc,director    ] Rule Minor: Allocation Rate (Dynamic GC Workers), MaxAllocRate: 2290,6MB/s (+/-27,6%), Free: 10716MB, GCCPUTime: 2,913, GCDuration: 0,588s, TimeUntilOOM: 3,667s, TimeUntilGC: 3,080s, GCWorkers: 5
[5,941s][debug][gc,director    ] Rule Minor: High Usage, Free: 10716MB(87,2%)
[5,951s][debug][gc,director    ] Rule Major: Warmup 20%, Used: 1544MB, UsedThreshold: 2457MB
[5,951s][debug][gc,director    ] Select Minor GC Workers (Not Warm), GCWorkers: 5,000
[5,951s][debug][gc,director    ] Rule Minor: Allocation Rate (Dynamic GC Workers), MaxAllocRate: 597,8MB/s (+/-27,6%), Free: 10702MB, GCCPUTime: 2,913, GCDuration: 0,588s, TimeUntilOOM: 14,034s, TimeUntilGC: 13,446s, GCWorkers: 5
[5,951s][debug][gc,director    ] Select Minor GC Workers (Not Warm), GCWorkers: 5,000
[5,951s][debug][gc,director    ] Rule Minor: Allocation Rate (Dynamic GC Workers), MaxAllocRate: 2290,6MB/s (+/-27,6%), Free: 10702MB, GCCPUTime: 2,913, GCDuration: 0,588s, TimeUntilOOM: 3,662s, TimeUntilGC: 3,075s, GCWorkers: 5
[5,951s][debug][gc,director    ] Rule Minor: High Usage, Free: 10702MB(87,1%)
