[0.012s][info][gc,init] CardTable entry size: 512
[0.012s][debug][gc,heap] Minimum heap 5368709120  Initial heap 5368709120  Maximum heap 8589934592
[0.012s][debug][gc,remset] Card Set container configuration: InlinePtr #cards 4 size 8 Array Of Cards #cards 32 size 80 Howl #buckets 8 coarsen threshold 7372 Howl Bitmap #cards 1024 size 144 coarsen threshold 921 Card regions per heap region 1 cards per card region 8192
[0.012s][info ][gc       ] Using G1
[0.012s][debug][gc,heap,coops] Heap address: 0x0000000600000000, size: 8192 MB, Compressed Oops mode: Zero based, Oop shift amount: 3
[0.014s][debug][gc           ] ConcGCThreads: 4 offset 35
[0.014s][debug][gc           ] ParallelGCThreads: 15
[0.015s][debug][gc           ] Initialize mark stack with 4096 chunks, maximum 524288
[0.015s][debug][gc,ergo,heap ] Expand the heap. requested expansion amount: 5368709120B expansion amount: 5368709120B
[0.015s][debug][gc,heap      ] Running G1 PreTouch with 15 workers for 1280 work units pre-touching 5368709120B.
[0.326s][debug][gc,heap      ] Running G1 PreTouch with 15 workers for 20 work units pre-touching 83886080B.
[0.331s][debug][gc,heap      ] Running G1 PreTouch with 3 workers for 3 work units pre-touching 10485760B.
[0.334s][debug][gc,heap      ] Running G1 PreTouch with 3 workers for 3 work units pre-touching 10485760B.
[0.339s][debug][gc,heap,region] Activate regions [0, 1280)
[0.340s][debug][gc,ihop       ] Target occupancy update: old: 0B, new: 5368709120B
[0.340s][debug][gc,task       ] G1 Service Thread (Periodic GC Task) (register)
[0.340s][debug][gc,task       ] G1 Service Thread (Card Set Free Memory Task) (register)
[0.340s][info ][gc,init       ] Version: 22.0.2+9 (release)
[0.340s][info ][gc,init       ] CPUs: 20 total, 20 available
[0.340s][info ][gc,init       ] Memory: 31762M
[0.340s][info ][gc,init       ] Large Page Support: Disabled
[0.340s][info ][gc,init       ] NUMA Support: Disabled
[0.340s][info ][gc,init       ] Compressed Oops: Enabled (Zero based)
[0.340s][info ][gc,init       ] Heap Region Size: 4M
[0.340s][info ][gc,init       ] Heap Min Capacity: 5G
[0.340s][info ][gc,init       ] Heap Initial Capacity: 5G
[0.340s][info ][gc,init       ] Heap Max Capacity: 8G
[0.340s][info ][gc,init       ] Pre-touch: Enabled
[0.340s][info ][gc,init       ] Parallel Workers: 15
[0.340s][info ][gc,init       ] Concurrent Workers: 4
[0.340s][info ][gc,init       ] Concurrent Refinement Workers: 15
[0.340s][info ][gc,init       ] Periodic GC: Disabled
[0.377s][debug][gc,heap,region] Activate regions [2047, 2048)
[0.377s][debug][gc,ergo,heap  ] Attempt heap expansion (allocate archive regions). Total size: 4194304B
[0.378s][info ][gc,metaspace  ] CDS archive(s) mapped at: [0x00007f1cc6000000-0x00007f1cc6c75000-0x00007f1cc6c75000), size 13062144, SharedBaseAddress: 0x00007f1cc6000000, ArchiveRelocationMode: 1.
[0.378s][info ][gc,metaspace  ] Compressed class space mapped at: 0x00007f1cc7000000-0x00007f1d07000000, reserved size: 1073741824
[0.378s][info ][gc,metaspace  ] Narrow klass base: 0x00007f1cc6000000, Narrow klass shift: 0, Narrow klass range: 0x100000000
[0,388s][debug][gc,task,start ] G1 Service Thread (Periodic GC Task) (run 48,285ms after schedule)
[0,388s][debug][gc,task       ] G1 Service Thread (Periodic GC Task) (run: 0,068ms) (cpu: 0,083ms)
[0,388s][debug][gc,task,start ] G1 Service Thread (Card Set Free Memory Task) (run 48,364ms after schedule)
[0,388s][debug][gc,task       ] G1 Service Thread (Card Set Free Memory Task) (run: 0,021ms) (cpu: 0,042ms)
[1,389s][debug][gc,task,start ] G1 Service Thread (Periodic GC Task) (run 0,152ms after schedule)
[1,389s][debug][gc,task       ] G1 Service Thread (Periodic GC Task) (run: 0,068ms) (cpu: 0,098ms)
[2,166s][info ][gc,start      ] GC(0) Pause Young (Normal) (G1 Evacuation Pause)
[2,166s][debug][gc,heap       ] GC(0) Heap before GC invocations=0 (full 0):
[2,166s][debug][gc,heap       ] GC(0)  garbage-first heap   total reserved 8388608K, committed 5246976K, used 263201K [0x0000000600000000, 0x0000000800000000)
[2,166s][debug][gc,heap       ] GC(0)   region size 4096K, 64 young (262144K), 0 survivors (0K)
[2,166s][debug][gc,heap       ] GC(0)  Metaspace       used 19961K, committed 20224K, reserved 1114112K
[2,166s][debug][gc,heap       ] GC(0)   class space    used 2579K, committed 2688K, reserved 1048576K
[2,166s][info ][gc,task       ] GC(0) Using 15 workers of 15 for evacuation
[2,166s][debug][gc,age        ] GC(0) Desired survivor size 16777216 bytes, new threshold 15 (max threshold 15)
[2,166s][debug][gc,tlab       ] GC(0) TLAB totals: thrds: 21  refills: 128 max: 108 slow allocs: 4 max 4 waste: 14,8% gc: 39352792B max: 2097112B slow: 192000B max: 192000B
[2,166s][debug][gc,refine,stats] GC(0) Mutator refinement: 0,00ms, refined: 0, precleaned: 0, dirtied: 459
[2,166s][debug][gc,refine,stats] GC(0) Concurrent refinement: 0,00ms, refined: 0, precleaned: 0, dirtied: 0
[2,166s][debug][gc,refine,stats] GC(0) Total refinement: 0,00ms, refined: 0, precleaned: 0, dirtied: 459
[2,166s][debug][gc,refine,stats] GC(0) Generate dirty cards rate: 0,21 cards/ms
[2,166s][debug][gc,alloc,region] GC(0) Mutator Allocation stats, regions: 64, wasted size: 0B ( 0,0%)
[2,166s][debug][gc,ergo,cset   ] GC(0) No candidates to reclaim.
[2,167s][debug][gc,ergo        ] GC(0) Running G1 Merge Heap Roots using 15 workers for 64 regions
[2,167s][debug][gc,remset      ] GC(0) Visited cards 640 Total dirty 8192 (7,81%) Total old 1056768 (0,06%)
[2,175s][debug][gc,ref         ] GC(0) ReferenceProcessor::execute queues: 2, RefProcThreadModel::Multi, marks_oops_alive: false
[2,175s][debug][gc,ref         ] GC(0) ReferenceProcessor::execute queues: 15, RefProcThreadModel::Multi, marks_oops_alive: true
[2,175s][debug][gc,ref         ] GC(0) ReferenceProcessor::execute queues: 1, RefProcThreadModel::Single, marks_oops_alive: false
[2,176s][debug][gc,ergo        ] GC(0) Running G1 Rebuild Free List Task using 15 workers for rebuilding free list of regions
[2,176s][debug][gc,plab        ] GC(0) Young PLAB allocation: allocated: 26054248B, wasted: 93176B, unused: 0B, used: 25961072B, undo waste: 0B, 
[2,176s][debug][gc,plab        ] GC(0) Young other allocation: region end waste: 896216B, regions filled: 8, num plab filled: 361, direct allocated: 6603968B, num direct allocated: 70, failure used: 0B, failure wasted: 0B
[2,176s][debug][gc,plab        ] GC(0) Young sizing: calculated: 5012968B, actual: 5012968B
[2,176s][debug][gc,plab        ] GC(0) Old PLAB allocation: allocated: 21752816B, wasted: 80696B, unused: 1111480B, used: 20560640B, undo waste: 0B, 
[2,176s][debug][gc,plab        ] GC(0) Old other allocation: region end waste: 0B, regions filled: 6, num plab filled: 534, direct allocated: 267280B, num direct allocated: 65, failure used: 0B, failure wasted: 0B
[2,176s][debug][gc,plab        ] GC(0) Old sizing: calculated: 4112128B, actual: 4112128B
[2,176s][debug][gc,ergo,heap   ] GC(0) Heap expansion: short term pause time ratio 0,00% long term pause time ratio 0,00% threshold 7,69% pause time ratio 7,69% fully expanded false resize by 0B
[2,177s][debug][gc,mmu         ] GC(0) MMU: 10,5ms (200,0ms/201,0ms)
[2,177s][debug][gc,task,start  ] G1 Service Thread (Card Set Free Memory Task) (run 0,052ms after schedule)
[2,177s][debug][gc,alloc,stats ] Old generation allocation in the last mutator period, old gen allocated: 21752816B, humongous allocated: 0B, old gen growth: 21752816B.
[2,177s][debug][gc,ihop        ] GC(0) Basic information (value update), threshold: 2415919104B (45,00), target occupancy: 5368709120B, current occupancy: 56657456B, recent allocation size: 21752816B, recent allocation duration: 2154,00ms, recent old gen allocation rate: 10098805,01B/s, recent marking phase length: 0,00ms
[2,177s][debug][gc,ihop        ] GC(0) Adaptive IHOP information (value update), threshold: 2415919104B (47,37), internal target occupancy: 5100273664B, occupancy: 56657456B, additional buffer size: 268435456B, predicted old gen allocation rate: 20197610,03B/s, predicted marking phase length: 0,00ms, prediction active: false
[2,177s][debug][gc,ergo,refine ] GC(0) GC refinement: goal: 18446744073709551615 + 406 / 20,00ms, actual: 459 / 0,02ms, 
[2,177s][debug][gc,ergo,refine ] GC(0) Unchanged pending cards target: 18446744073709551615
[2,177s][info ][gc,phases      ] GC(0)   Pre Evacuate Collection Set: 0,37ms
[2,177s][debug][gc,phases      ] GC(0)     Pre Evacuate Prepare: 0,14ms
[2,177s][debug][gc,phases      ] GC(0)       JT Retire TLABs And Flush Logs (ms): Min: 0,00, Avg: 0,01, Max: 0,01, Diff: 0,01, Sum: 0,01, Workers: 2
[2,177s][debug][gc,phases      ] GC(0)       Non-JT Flush Logs (ms):        Min: 0,00, Avg: 0,00, Max: 0,00, Diff: 0,00, Sum: 0,00, Workers: 1
[2,177s][debug][gc,phases      ] GC(0)     Choose Collection Set: 0,02ms
[2,177s][debug][gc,phases      ] GC(0)     Region Register: 0,20ms
[2,177s][debug][gc,phases      ] GC(0)     Prepare Heap Roots: 0,01ms
[2,177s][info ][gc,phases      ] GC(0)   Merge Heap Roots: 0,65ms
[2,177s][debug][gc,phases      ] GC(0)     Prepare Merge Heap Roots: 0,14ms
[2,177s][debug][gc,phases      ] GC(0)     Remembered Sets (ms):          Min: 0,00, Avg: 0,01, Max: 0,02, Diff: 0,01, Sum: 0,08, Workers: 15
[2,177s][debug][gc,phases      ] GC(0)       Eager Reclaim (ms):            skipped
[2,177s][debug][gc,phases      ] GC(0)       Merged Inline                  Min: 0, Avg:  0,0, Max: 0, Diff: 0, Sum: 0, Workers: 15
[2,177s][debug][gc,phases      ] GC(0)       Merged ArrayOfCards            Min: 0, Avg:  0,0, Max: 0, Diff: 0, Sum: 0, Workers: 15
[2,177s][debug][gc,phases      ] GC(0)       Merged Howl                    Min: 0, Avg:  0,0, Max: 0, Diff: 0, Sum: 0, Workers: 15
[2,177s][debug][gc,phases      ] GC(0)       Merged Full                    Min: 0, Avg:  0,0, Max: 0, Diff: 0, Sum: 0, Workers: 15
[2,177s][debug][gc,phases      ] GC(0)       Merged Howl Inline             Min: 0, Avg:  0,0, Max: 0, Diff: 0, Sum: 0, Workers: 15
[2,177s][debug][gc,phases      ] GC(0)       Merged Howl ArrayOfCards       Min: 0, Avg:  0,0, Max: 0, Diff: 0, Sum: 0, Workers: 15
[2,177s][debug][gc,phases      ] GC(0)       Merged Howl BitMap             Min: 0, Avg:  0,0, Max: 0, Diff: 0, Sum: 0, Workers: 15
[2,177s][debug][gc,phases      ] GC(0)       Merged Howl Full               Min: 0, Avg:  0,0, Max: 0, Diff: 0, Sum: 0, Workers: 15
[2,177s][debug][gc,phases      ] GC(0)       Merged Cards                   Min: 8, Avg:  8,0, Max: 8, Diff: 0, Sum: 120, Workers: 15
[2,177s][debug][gc,phases      ] GC(0)     Log Buffers (ms):              Min: 0,00, Avg: 0,00, Max: 0,01, Diff: 0,01, Sum: 0,01, Workers: 15
[2,177s][debug][gc,phases      ] GC(0)       Dirty Cards:                   Min: 0, Avg: 30,6, Max: 459, Diff: 459, Sum: 459, Workers: 15
[2,177s][debug][gc,phases      ] GC(0)       Skipped Cards:                 Min: 0, Avg:  0,0, Max: 0, Diff: 0, Sum: 0, Workers: 15
[2,177s][info ][gc,phases      ] GC(0)   Evacuate Collection Set: 7,31ms
[2,177s][debug][gc,phases      ] GC(0)     Ext Root Scanning (ms):        Min: 0,08, Avg: 0,28, Max: 1,43, Diff: 1,35, Sum: 4,23, Workers: 15
[2,177s][debug][gc,phases      ] GC(0)     Scan Heap Roots (ms):          Min: 0,00, Avg: 0,02, Max: 0,04, Diff: 0,04, Sum: 0,29, Workers: 15
[2,177s][debug][gc,phases      ] GC(0)       Scanned Cards:                 Min: 0, Avg: 30,6, Max: 63, Diff: 63, Sum: 459, Workers: 15
[2,177s][debug][gc,phases      ] GC(0)       Scanned Blocks:                Min: 0, Avg:  1,6, Max: 6, Diff: 6, Sum: 24, Workers: 15
[2,177s][debug][gc,phases      ] GC(0)       Claimed Chunks:                Min: 0, Avg:  0,7, Max: 1, Diff: 1, Sum: 10, Workers: 15
[2,177s][debug][gc,phases      ] GC(0)       Found Roots:                   Min: 0, Avg: 206,2, Max: 667, Diff: 667, Sum: 3093, Workers: 15
[2,177s][debug][gc,phases      ] GC(0)     Code Root Scan (ms):           Min: 0,00, Avg: 0,30, Max: 0,74, Diff: 0,73, Sum: 4,48, Workers: 15
[2,177s][debug][gc,phases      ] GC(0)       Scanned Nmethods               Min: 0, Avg: 101,8, Max: 308, Diff: 308, Sum: 1527, Workers: 15
[2,177s][debug][gc,phases      ] GC(0)     Object Copy (ms):              Min: 5,67, Avg: 6,45, Max: 6,88, Diff: 1,21, Sum: 96,76, Workers: 15
[2,177s][debug][gc,phases      ] GC(0)     Termination (ms):              Min: 0,04, Avg: 0,05, Max: 0,06, Diff: 0,02, Sum: 0,69, Workers: 15
[2,177s][debug][gc,phases      ] GC(0)       Termination Attempts:          Min: 1, Avg:  1,0, Max: 1, Diff: 0, Sum: 15, Workers: 15
[2,177s][debug][gc,phases      ] GC(0)     GC Worker Other (ms):          Min: 0,02, Avg: 0,03, Max: 0,06, Diff: 0,04, Sum: 0,40, Workers: 15
[2,177s][debug][gc,phases      ] GC(0)     GC Worker Total (ms):          Min: 7,06, Avg: 7,12, Max: 7,21, Diff: 0,15, Sum: 106,85, Workers: 15
[2,177s][info ][gc,phases      ] GC(0)   Post Evacuate Collection Set: 1,90ms
[2,177s][debug][gc,phases      ] GC(0)     NMethod List Cleanup: 0,17ms
[2,177s][debug][gc,phases      ] GC(0)     Reference Processing: 0,92ms
[2,177s][debug][gc,phases,ref  ] GC(0)       Notify Soft/WeakReferences: 0,4ms
[2,177s][debug][gc,phases,ref  ] GC(0)         Balance queues: 0,0ms
[2,177s][debug][gc,phases,ref  ] GC(0)         SoftRef (ms):                  Min: 0,00, Avg: 0,00, Max: 0,00, Diff: 0,00, Sum: 0,00, Workers: 2
[2,177s][debug][gc,phases,ref  ] GC(0)         WeakRef (ms):                  Min: 0,10, Avg: 0,10, Max: 0,10, Diff: 0,00, Sum: 0,21, Workers: 2
[2,177s][debug][gc,phases,ref  ] GC(0)         FinalRef (ms):                 Min: 0,00, Avg: 0,00, Max: 0,00, Diff: 0,00, Sum: 0,00, Workers: 2
[2,177s][debug][gc,phases,ref  ] GC(0)         Total (ms):                    Min: 0,11, Avg: 0,16, Max: 0,20, Diff: 0,09, Sum: 0,32, Workers: 2
[2,177s][debug][gc,phases,ref  ] GC(0)       Notify and keep alive finalizable: 0,3ms
[2,177s][debug][gc,phases,ref  ] GC(0)         Balance queues: 0,0ms
[2,177s][debug][gc,phases,ref  ] GC(0)         FinalRef (ms):                 Min: 0,01, Avg: 0,11, Max: 0,20, Diff: 0,19, Sum: 1,66, Workers: 15
[2,177s][debug][gc,phases,ref  ] GC(0)       Notify PhantomReferences: 0,1ms
[2,177s][debug][gc,phases,ref  ] GC(0)         PhantomRef (ms):               Min: 0,09, Avg: 0,09, Max: 0,09, Diff: 0,00, Sum: 0,09, Workers: 1
[2,177s][debug][gc,phases,ref  ] GC(0)       SoftReference Discovered: 0, Dropped: 0, Processed: 0
[2,177s][debug][gc,phases,ref  ] GC(0)       WeakReference Discovered: 1945, Dropped: 1166, Processed: 779
[2,178s][debug][gc,phases,ref  ] GC(0)       FinalReference Discovered: 33, Dropped: 0, Processed: 33
[2,178s][debug][gc,phases,ref  ] GC(0)       PhantomReference Discovered: 956, Dropped: 372, Processed: 584
[2,178s][debug][gc,phases      ] GC(0)     Weak Processing: 0,18ms
[2,178s][debug][gc,phases      ] GC(0)       VM Weak                        Min: 0,00, Avg: 0,00, Max: 0,00, Diff: 0,00, Sum: 0,02, Workers: 15
[2,178s][debug][gc,phases      ] GC(0)         Dead                           Min: 0, Avg:  0,0, Max: 0, Diff: 0, Sum: 0, Workers: 15
[2,178s][debug][gc,phases      ] GC(0)         Total                          Min: 0, Avg: 11,0, Max: 64, Diff: 64, Sum: 165, Workers: 15
[2,178s][debug][gc,phases      ] GC(0)       ObjectSynchronizer Weak        Min: 0,00, Avg: 0,00, Max: 0,00, Diff: 0,00, Sum: 0,01, Workers: 15
[2,178s][debug][gc,phases      ] GC(0)         Dead                           Min: 0, Avg:  0,1, Max: 1, Diff: 1, Sum: 1, Workers: 15
[2,178s][debug][gc,phases      ] GC(0)         Total                          Min: 0, Avg:  1,8, Max: 27, Diff: 27, Sum: 27, Workers: 15
[2,178s][debug][gc,phases      ] GC(0)       JVMTI Tag Weak OopStorage      Min: 0,00, Avg: 0,00, Max: 0,00, Diff: 0,00, Sum: 0,00, Workers: 15
[2,178s][debug][gc,phases      ] GC(0)         Dead                           Min: 0, Avg:  0,0, Max: 0, Diff: 0, Sum: 0, Workers: 15
[2,178s][debug][gc,phases      ] GC(0)         Total                          Min: 0, Avg:  0,0, Max: 0, Diff: 0, Sum: 0, Workers: 15
[2,178s][debug][gc,phases      ] GC(0)       StringTable Weak               Min: 0,00, Avg: 0,02, Max: 0,06, Diff: 0,06, Sum: 0,36, Workers: 15
[2,178s][debug][gc,phases      ] GC(0)         Dead                           Min: 0, Avg:  4,7, Max: 42, Diff: 42, Sum: 71, Workers: 15
[2,178s][debug][gc,phases      ] GC(0)         Total                          Min: 0, Avg: 536,7, Max: 1536, Diff: 1536, Sum: 8050, Workers: 15
[2,178s][debug][gc,phases      ] GC(0)       ResolvedMethodTable Weak       Min: 0,00, Avg: 0,01, Max: 0,01, Diff: 0,01, Sum: 0,09, Workers: 15
[2,178s][debug][gc,phases      ] GC(0)         Dead                           Min: 0, Avg: 20,5, Max: 58, Diff: 58, Sum: 308, Workers: 15
[2,178s][debug][gc,phases      ] GC(0)         Total                          Min: 0, Avg: 111,5, Max: 256, Diff: 256, Sum: 1673, Workers: 15
[2,178s][debug][gc,phases      ] GC(0)       JNI Weak                       Min: 0,00, Avg: 0,00, Max: 0,00, Diff: 0,00, Sum: 0,01, Workers: 15
[2,178s][debug][gc,phases      ] GC(0)         Dead                           Min: 0, Avg:  0,0, Max: 0, Diff: 0, Sum: 0, Workers: 15
[2,178s][debug][gc,phases      ] GC(0)         Total                          Min: 0, Avg:  0,0, Max: 0, Diff: 0, Sum: 0, Workers: 15
[2,178s][debug][gc,phases      ] GC(0)       StringDedup Table Weak         Min: 0,00, Avg: 0,00, Max: 0,00, Diff: 0,00, Sum: 0,01, Workers: 15
[2,178s][debug][gc,phases      ] GC(0)         Dead                           Min: 0, Avg:  0,0, Max: 0, Diff: 0, Sum: 0, Workers: 15
[2,178s][debug][gc,phases      ] GC(0)         Total                          Min: 0, Avg:  0,0, Max: 0, Diff: 0, Sum: 0, Workers: 15
[2,178s][debug][gc,phases      ] GC(0)       StringDedup Requests0 Weak     Min: 0,02, Avg: 0,02, Max: 0,03, Diff: 0,01, Sum: 0,33, Workers: 15
[2,178s][debug][gc,phases      ] GC(0)         Dead                           Min: 0, Avg:  5,1, Max: 35, Diff: 35, Sum: 76, Workers: 15
[2,178s][debug][gc,phases      ] GC(0)         Total                          Min: 256, Avg: 536,9, Max: 768, Diff: 512, Sum: 8054, Workers: 15
[2,178s][debug][gc,phases      ] GC(0)       StringDedup Requests1 Weak     Min: 0,00, Avg: 0,00, Max: 0,00, Diff: 0,00, Sum: 0,01, Workers: 15
[2,178s][debug][gc,phases      ] GC(0)         Dead                           Min: 0, Avg:  0,0, Max: 0, Diff: 0, Sum: 0, Workers: 15
[2,178s][debug][gc,phases      ] GC(0)         Total                          Min: 0, Avg:  0,0, Max: 0, Diff: 0, Sum: 0, Workers: 15
[2,178s][debug][gc,phases      ] GC(0)       Weak JFR Old Object Samples    Min: 0,00, Avg: 0,00, Max: 0,04, Diff: 0,04, Sum: 0,04, Workers: 15
[2,178s][debug][gc,phases      ] GC(0)         Dead                           Min: 0, Avg:  0,0, Max: 0, Diff: 0, Sum: 0, Workers: 15
[2,178s][debug][gc,phases      ] GC(0)         Total                          Min: 0, Avg:  0,0, Max: 0, Diff: 0, Sum: 0, Workers: 15
[2,178s][debug][gc,phases      ] GC(0)     Post Evacuate Cleanup 1: 0,06ms
[2,178s][debug][gc,phases      ] GC(0)       Merge Per-Thread State (ms):   Min: 0,03, Avg: 0,03, Max: 0,03, Diff: 0,00, Sum: 0,03, Workers: 1
[2,178s][debug][gc,phases      ] GC(0)         Copied Bytes                   Min: 2379536, Avg: 3559530,7, Max: 5109408, Diff: 2729872, Sum: 53392960, Workers: 15
[2,178s][debug][gc,phases      ] GC(0)         LAB Waste                      Min: 5808, Avg: 11591,5, Max: 18024, Diff: 12216, Sum: 173872, Workers: 15
[2,178s][debug][gc,phases      ] GC(0)         LAB Undo Waste                 Min: 0, Avg:  0,0, Max: 0, Diff: 0, Sum: 0, Workers: 15
[2,178s][debug][gc,phases      ] GC(0)         Evac Fail Extra Cards          Min: 0, Avg:  0,0, Max: 0, Diff: 0, Sum: 0, Workers: 15
[2,178s][debug][gc,phases      ] GC(0)       Clear Logged Cards (ms):       Min: 0,00, Avg: 0,01, Max: 0,04, Diff: 0,04, Sum: 0,04, Workers: 3
[2,178s][debug][gc,phases      ] GC(0)       Recalculate Used Memory (ms):  Min: 0,00, Avg: 0,00, Max: 0,00, Diff: 0,00, Sum: 0,00, Workers: 1
[2,178s][debug][gc,phases      ] GC(0)     Post Evacuate Cleanup 2: 0,30ms
[2,178s][debug][gc,phases      ] GC(0)       Update Derived Pointers (ms):  Min: 0,00, Avg: 0,00, Max: 0,00, Diff: 0,00, Sum: 0,00, Workers: 1
[2,178s][debug][gc,phases      ] GC(0)       Eagerly Reclaim Humongous Objects (ms): skipped
[2,178s][debug][gc,phases      ] GC(0)         Humongous Total                skipped
[2,178s][debug][gc,phases      ] GC(0)         Humongous Candidates           skipped
[2,178s][debug][gc,phases      ] GC(0)         Humongous Reclaimed            skipped
[2,178s][debug][gc,phases      ] GC(0)       Redirty Logged Cards (ms):     Min: 0,00, Avg: 0,04, Max: 0,06, Diff: 0,06, Sum: 0,55, Workers: 15
[2,178s][debug][gc,phases      ] GC(0)         Redirtied Cards:               Min: 0, Avg: 2456,7, Max: 5133, Diff: 5133, Sum: 36851, Workers: 15
[2,178s][debug][gc,phases      ] GC(0)       Resize TLABs (ms):             Min: 0,00, Avg: 0,00, Max: 0,00, Diff: 0,00, Sum: 0,01, Workers: 15
[2,178s][debug][gc,phases      ] GC(0)       Free Collection Set (ms):      Min: 0,00, Avg: 0,04, Max: 0,20, Diff: 0,20, Sum: 0,59, Workers: 15
[2,178s][debug][gc,phases      ] GC(0)     Rebuild Free List: 0,17ms
[2,178s][debug][gc,phases      ] GC(0)     Prepare For Mutator: 0,11ms
[2,178s][debug][gc,phases      ] GC(0)     Expand Heap After Collection: 0,00ms
[2,178s][info ][gc,phases      ] GC(0)   Other: 0,40ms
[2,178s][debug][gc,remset      ] GC(0) Coarsening (recent): Inline->AoC 0 (0) AoC->Howl 0 (0) Howl->Full 0 (0) Inline->AoC 0 (0) AoC->BitMap 0 (0) BitMap->Full 0 (0) 
[2,178s][debug][gc,remset      ] GC(0) Coarsening (all): Inline->AoC 0 (0) AoC->Howl 0 (0) Howl->Full 0 (0) Inline->AoC 0 (0) AoC->BitMap 0 (0) BitMap->Full 0 (0) 
[2,178s][info ][gc,heap        ] GC(0) Eden regions: 64->0(56)
[2,178s][info ][gc,heap        ] GC(0) Survivor regions: 0->8(8)
[2,178s][info ][gc,heap        ] GC(0) Old regions: 1->7
[2,178s][info ][gc,heap        ] GC(0) Humongous regions: 0->0
[2,178s][info ][gc,metaspace   ] GC(0) Metaspace: 19961K(20224K)->19961K(20224K) NonClass: 17381K(17536K)->17381K(17536K) Class: 2579K(2688K)->2579K(2688K)
[2,178s][debug][gc,heap        ] GC(0) Heap after GC invocations=1 (full 0):
[2,178s][debug][gc,heap        ] GC(0)  garbage-first heap   total reserved 8388608K, committed 5246976K, used 55329K [0x0000000600000000, 0x0000000800000000)
[2,179s][debug][gc,heap        ] GC(0)   region size 4096K, 8 young (32768K), 8 survivors (32768K)
[2,179s][debug][gc,heap        ] GC(0)  Metaspace       used 19961K, committed 20224K, reserved 1114112K
[2,179s][debug][gc,heap        ] GC(0)   class space    used 2579K, committed 2688K, reserved 1048576K
[2,179s][info ][gc             ] GC(0) Pause Young (Normal) (G1 Evacuation Pause) 257M->54M(5124M) 12,769ms
[2,179s][info ][gc,cpu         ] GC(0) User=0,13s Sys=0,00s Real=0,01s
[2,179s][debug][gc,task        ] G1 Service Thread (Card Set Free Memory Task) (run: 2,173ms) (cpu: 0,063ms)
[2,389s][debug][gc,task,start  ] G1 Service Thread (Periodic GC Task) (run 0,326ms after schedule)
[2,389s][debug][gc,task        ] G1 Service Thread (Periodic GC Task) (run: 0,058ms) (cpu: 0,084ms)
[2,654s][info ][gc,start       ] GC(1) Pause Young (Normal) (G1 Evacuation Pause)
[2,654s][debug][gc,heap        ] GC(1) Heap before GC invocations=1 (full 0):
[2,654s][debug][gc,heap        ] GC(1)  garbage-first heap   total reserved 8388608K, committed 5246976K, used 284705K [0x0000000600000000, 0x0000000800000000)
[2,654s][debug][gc,heap        ] GC(1)   region size 4096K, 64 young (262144K), 8 survivors (32768K)
[2,654s][debug][gc,heap        ] GC(1)  Metaspace       used 20014K, committed 20288K, reserved 1114112K
[2,654s][debug][gc,heap        ] GC(1)   class space    used 2579K, committed 2688K, reserved 1048576K
[2,654s][info ][gc,task        ] GC(1) Using 15 workers of 15 for evacuation
[2,654s][debug][gc,age         ] GC(1) Desired survivor size 16777216 bytes, new threshold 1 (max threshold 15)
[2,655s][debug][gc,tlab        ] GC(1) TLAB totals: thrds: 5  refills: 115 max: 111 slow allocs: 0 max 0 waste:  1,3% gc: 3013008B max: 917440B slow: 71552B max: 71552B
[2,655s][debug][gc,refine,stats] GC(1) Mutator refinement: 0,00ms, refined: 0, precleaned: 0, dirtied: 0
[2,655s][debug][gc,refine,stats] GC(1) Concurrent refinement: 0,00ms, refined: 0, precleaned: 0, dirtied: 0
[2,655s][debug][gc,refine,stats] GC(1) Total refinement: 0,00ms, refined: 0, precleaned: 0, dirtied: 0
[2,655s][debug][gc,refine,stats] GC(1) Generate dirty cards rate: 0,00 cards/ms
[2,655s][debug][gc,alloc,region] GC(1) Mutator Allocation stats, regions: 56, wasted size: 0B ( 0,0%)
[2,655s][debug][gc,ergo,cset   ] GC(1) No candidates to reclaim.
[2,655s][debug][gc,ergo        ] GC(1) Running G1 Merge Heap Roots using 15 workers for 64 regions
[2,656s][debug][gc,remset      ] GC(1) Visited cards 41728 Total dirty 57344 (72,77%) Total old 1105920 (3,77%)
[2,667s][debug][gc,ref         ] GC(1) Skipped SoftWeakFinalRefsPhase of Reference Processing: no references
[2,667s][debug][gc,ref         ] GC(1) Skipped KeepAliveFinalRefsPhase of Reference Processing: no references
[2,667s][debug][gc,ref         ] GC(1) Skipped PhantomRefsPhase of Reference Processing: no references
[2,667s][debug][gc,ergo        ] GC(1) Running G1 Rebuild Free List Task using 15 workers for rebuilding free list of regions
[2,667s][debug][gc,plab        ] GC(1) Young PLAB allocation: allocated: 33554432B, wasted: 10856B, unused: 0B, used: 33543576B, undo waste: 0B, 
[2,667s][debug][gc,plab        ] GC(1) Young other allocation: region end waste: 0B, regions filled: 8, num plab filled: 117, direct allocated: 0B, num direct allocated: 0, failure used: 0B, failure wasted: 0B
[2,667s][debug][gc,plab        ] GC(1) Young sizing: calculated: 6708712B, actual: 6284776B
[2,667s][debug][gc,plab        ] GC(1) Old PLAB allocation: allocated: 53728416B, wasted: 156856B, unused: 3050024B, used: 50521536B, undo waste: 0B, 
[2,667s][debug][gc,plab        ] GC(1) Old other allocation: region end waste: 0B, regions filled: 14, num plab filled: 164, direct allocated: 3943264B, num direct allocated: 8, failure used: 0B, failure wasted: 0B
[2,667s][debug][gc,plab        ] GC(1) Old sizing: calculated: 10104304B, actual: 8606256B
[2,667s][debug][gc,ergo,heap   ] GC(1) Heap expansion: short term pause time ratio 0,48% long term pause time ratio 0,48% threshold 7,69% pause time ratio 7,69% fully expanded false resize by 0B
[2,667s][debug][gc,mmu         ] GC(1) MMU: 12,9ms (200,0ms/201,0ms)
[2,667s][debug][gc,alloc,stats ] Old generation allocation in the last mutator period, old gen allocated: 53728416B, humongous allocated: 0B, old gen growth: 53728416B.
[2,667s][debug][gc,ihop        ] GC(1) Basic information (value update), threshold: 2415919104B (45,00), target occupancy: 5368709120B, current occupancy: 114329136B, recent allocation size: 53728416B, recent allocation duration: 477,99ms, recent old gen allocation rate: 112404237,99B/s, recent marking phase length: 0,00ms
[2,667s][debug][gc,ihop        ] GC(1) Adaptive IHOP information (value update), threshold: 2415919104B (47,37), internal target occupancy: 5100273664B, occupancy: 114329136B, additional buffer size: 268435456B, predicted old gen allocation rate: 26624634,16B/s, predicted marking phase length: 0,00ms, prediction active: false
[2,667s][debug][gc,ergo,refine ] GC(1) GC refinement: goal: 18446744073709551615 + 248 / 20,00ms, actual: 36851 / 0,60ms, 
[2,667s][debug][gc,ergo,refine ] GC(1) New pending cards target: 1236200
[2,667s][debug][gc,task,start  ] G1 Service Thread (Card Set Free Memory Task) (run 0,068ms after schedule)
[2,667s][info ][gc,phases      ] GC(1)   Pre Evacuate Collection Set: 0,42ms
[2,668s][debug][gc,phases      ] GC(1)     Pre Evacuate Prepare: 0,18ms
[2,668s][debug][gc,phases      ] GC(1)       JT Retire TLABs And Flush Logs (ms): Min: 0,00, Avg: 0,01, Max: 0,01, Diff: 0,01, Sum: 0,01, Workers: 2
[2,668s][debug][gc,phases      ] GC(1)       Non-JT Flush Logs (ms):        Min: 0,01, Avg: 0,01, Max: 0,01, Diff: 0,00, Sum: 0,01, Workers: 1
[2,668s][debug][gc,phases      ] GC(1)     Choose Collection Set: 0,02ms
[2,668s][debug][gc,phases      ] GC(1)     Region Register: 0,22ms
[2,668s][debug][gc,phases      ] GC(1)     Prepare Heap Roots: 0,00ms
[2,668s][info ][gc,phases      ] GC(1)   Merge Heap Roots: 0,55ms
[2,668s][debug][gc,phases      ] GC(1)     Prepare Merge Heap Roots: 0,03ms
[2,668s][debug][gc,phases      ] GC(1)     Remembered Sets (ms):          Min: 0,01, Avg: 0,01, Max: 0,02, Diff: 0,01, Sum: 0,16, Workers: 15
[2,668s][debug][gc,phases      ] GC(1)       Eager Reclaim (ms):            skipped
[2,668s][debug][gc,phases      ] GC(1)       Merged Inline                  Min: 0, Avg:  0,0, Max: 0, Diff: 0, Sum: 0, Workers: 15
[2,668s][debug][gc,phases      ] GC(1)       Merged ArrayOfCards            Min: 0, Avg:  0,0, Max: 0, Diff: 0, Sum: 0, Workers: 15
[2,668s][debug][gc,phases      ] GC(1)       Merged Howl                    Min: 0, Avg:  0,0, Max: 0, Diff: 0, Sum: 0, Workers: 15
[2,668s][debug][gc,phases      ] GC(1)       Merged Full                    Min: 0, Avg:  0,0, Max: 0, Diff: 0, Sum: 0, Workers: 15
[2,668s][debug][gc,phases      ] GC(1)       Merged Howl Inline             Min: 0, Avg:  0,0, Max: 0, Diff: 0, Sum: 0, Workers: 15
[2,668s][debug][gc,phases      ] GC(1)       Merged Howl ArrayOfCards       Min: 0, Avg:  0,0, Max: 0, Diff: 0, Sum: 0, Workers: 15
[2,668s][debug][gc,phases      ] GC(1)       Merged Howl BitMap             Min: 0, Avg:  0,0, Max: 0, Diff: 0, Sum: 0, Workers: 15
[2,668s][debug][gc,phases      ] GC(1)       Merged Howl Full               Min: 0, Avg:  0,0, Max: 0, Diff: 0, Sum: 0, Workers: 15
[2,668s][debug][gc,phases      ] GC(1)       Merged Cards                   Min: 8, Avg:  8,0, Max: 8, Diff: 0, Sum: 120, Workers: 15
[2,668s][debug][gc,phases      ] GC(1)     Log Buffers (ms):              Min: 0,02, Avg: 0,04, Max: 0,07, Diff: 0,05, Sum: 0,62, Workers: 15
[2,668s][debug][gc,phases      ] GC(1)       Dirty Cards:                   Min: 256, Avg: 2456,7, Max: 5100, Diff: 4844, Sum: 36851, Workers: 15
[2,668s][debug][gc,phases      ] GC(1)       Skipped Cards:                 Min: 0, Avg:  0,0, Max: 0, Diff: 0, Sum: 0, Workers: 15
[2,668s][info ][gc,phases      ] GC(1)   Evacuate Collection Set: 10,73ms
[2,668s][debug][gc,phases      ] GC(1)     Ext Root Scanning (ms):        Min: 0,00, Avg: 0,07, Max: 0,66, Diff: 0,65, Sum: 1,04, Workers: 15
[2,668s][debug][gc,phases      ] GC(1)     Scan Heap Roots (ms):          Min: 0,00, Avg: 0,55, Max: 1,28, Diff: 1,28, Sum: 8,32, Workers: 15
[2,668s][debug][gc,phases      ] GC(1)       Scanned Cards:                 Min: 0, Avg: 2439,7, Max: 7867, Diff: 7867, Sum: 36596, Workers: 15
[2,668s][debug][gc,phases      ] GC(1)       Scanned Blocks:                Min: 0, Avg: 60,7, Max: 191, Diff: 191, Sum: 911, Workers: 15
[2,668s][debug][gc,phases      ] GC(1)       Claimed Chunks:                Min: 0, Avg: 43,5, Max: 140, Diff: 140, Sum: 652, Workers: 15
[2,668s][debug][gc,phases      ] GC(1)       Found Roots:                   Min: 0, Avg: 7250,8, Max: 22989, Diff: 22989, Sum: 108762, Workers: 15
[2,668s][debug][gc,phases      ] GC(1)     Code Root Scan (ms):           Min: 0,00, Avg: 0,27, Max: 0,68, Diff: 0,67, Sum: 4,06, Workers: 15
[2,668s][debug][gc,phases      ] GC(1)       Scanned Nmethods               Min: 0, Avg: 74,6, Max: 252, Diff: 252, Sum: 1119, Workers: 15
[2,668s][debug][gc,phases      ] GC(1)     Object Copy (ms):              Min: 8,94, Avg: 9,51, Max: 10,11, Diff: 1,17, Sum: 142,59, Workers: 15
[2,668s][debug][gc,phases      ] GC(1)     Termination (ms):              Min: 0,05, Avg: 0,09, Max: 0,13, Diff: 0,08, Sum: 1,28, Workers: 15
[2,668s][debug][gc,phases      ] GC(1)       Termination Attempts:          Min: 1, Avg:  1,0, Max: 1, Diff: 0, Sum: 15, Workers: 15
[2,668s][debug][gc,phases      ] GC(1)     GC Worker Other (ms):          Min: 0,01, Avg: 0,01, Max: 0,03, Diff: 0,02, Sum: 0,21, Workers: 15
[2,668s][debug][gc,phases      ] GC(1)     GC Worker Total (ms):          Min: 10,44, Avg: 10,50, Max: 10,61, Diff: 0,17, Sum: 157,50, Workers: 15
[2,668s][info ][gc,phases      ] GC(1)   Post Evacuate Collection Set: 0,92ms
[2,668s][debug][gc,phases      ] GC(1)     NMethod List Cleanup: 0,18ms
[2,668s][debug][gc,phases      ] GC(1)     Reference Processing: 0,12ms
[2,668s][debug][gc,phases,ref  ] GC(1)       Notify Soft/WeakReferences: 0,1ms
[2,668s][debug][gc,phases,ref  ] GC(1)         SoftRef (ms):                  skipped
[2,668s][debug][gc,phases,ref  ] GC(1)         WeakRef (ms):                  skipped
[2,668s][debug][gc,phases,ref  ] GC(1)         FinalRef (ms):                 skipped
[2,668s][debug][gc,phases,ref  ] GC(1)         Total (ms):                    skipped
[2,668s][debug][gc,phases,ref  ] GC(1)       Notify and keep alive finalizable: 0,0ms
[2,668s][debug][gc,phases,ref  ] GC(1)         FinalRef (ms):                 skipped
[2,668s][debug][gc,phases,ref  ] GC(1)       Notify PhantomReferences: 0,0ms
[2,668s][debug][gc,phases,ref  ] GC(1)         PhantomRef (ms):               skipped
[2,668s][debug][gc,phases,ref  ] GC(1)       SoftReference Discovered: 0, Dropped: 0, Processed: 0
[2,668s][debug][gc,phases,ref  ] GC(1)       WeakReference Discovered: 0, Dropped: 0, Processed: 0
[2,668s][debug][gc,phases,ref  ] GC(1)       FinalReference Discovered: 0, Dropped: 0, Processed: 0
[2,668s][debug][gc,phases,ref  ] GC(1)       PhantomReference Discovered: 0, Dropped: 0, Processed: 0
[2,668s][debug][gc,phases      ] GC(1)     Weak Processing: 0,22ms
[2,668s][debug][gc,phases      ] GC(1)       VM Weak                        Min: 0,00, Avg: 0,00, Max: 0,02, Diff: 0,01, Sum: 0,03, Workers: 15
[2,668s][debug][gc,phases      ] GC(1)         Dead                           Min: 0, Avg:  0,0, Max: 0, Diff: 0, Sum: 0, Workers: 15
[2,668s][debug][gc,phases      ] GC(1)         Total                          Min: 0, Avg: 11,0, Max: 128, Diff: 128, Sum: 165, Workers: 15
[2,668s][debug][gc,phases      ] GC(1)       ObjectSynchronizer Weak        Min: 0,00, Avg: 0,00, Max: 0,01, Diff: 0,01, Sum: 0,01, Workers: 15
[2,668s][debug][gc,phases      ] GC(1)         Dead                           Min: 0, Avg:  0,0, Max: 0, Diff: 0, Sum: 0, Workers: 15
[2,668s][debug][gc,phases      ] GC(1)         Total                          Min: 0, Avg:  1,8, Max: 27, Diff: 27, Sum: 27, Workers: 15
[2,668s][debug][gc,phases      ] GC(1)       JVMTI Tag Weak OopStorage      Min: 0,00, Avg: 0,00, Max: 0,00, Diff: 0,00, Sum: 0,01, Workers: 15
[2,668s][debug][gc,phases      ] GC(1)         Dead                           Min: 0, Avg:  0,0, Max: 0, Diff: 0, Sum: 0, Workers: 15
[2,668s][debug][gc,phases      ] GC(1)         Total                          Min: 0, Avg:  0,0, Max: 0, Diff: 0, Sum: 0, Workers: 15
[2,668s][debug][gc,phases      ] GC(1)       StringTable Weak               Min: 0,00, Avg: 0,03, Max: 0,09, Diff: 0,09, Sum: 0,48, Workers: 15
[2,668s][debug][gc,phases      ] GC(1)         Dead                           Min: 0, Avg:  0,0, Max: 0, Diff: 0, Sum: 0, Workers: 15
[2,668s][debug][gc,phases      ] GC(1)         Total                          Min: 0, Avg: 536,9, Max: 1792, Diff: 1792, Sum: 8054, Workers: 15
[2,668s][debug][gc,phases      ] GC(1)       ResolvedMethodTable Weak       Min: 0,00, Avg: 0,01, Max: 0,01, Diff: 0,01, Sum: 0,08, Workers: 15
[2,668s][debug][gc,phases      ] GC(1)         Dead                           Min: 0, Avg:  0,0, Max: 0, Diff: 0, Sum: 0, Workers: 15
[2,669s][debug][gc,phases      ] GC(1)         Total                          Min: 0, Avg: 111,5, Max: 192, Diff: 192, Sum: 1673, Workers: 15
[2,669s][debug][gc,phases      ] GC(1)       JNI Weak                       Min: 0,00, Avg: 0,00, Max: 0,00, Diff: 0,00, Sum: 0,01, Workers: 15
[2,669s][debug][gc,phases      ] GC(1)         Dead                           Min: 0, Avg:  0,0, Max: 0, Diff: 0, Sum: 0, Workers: 15
[2,669s][debug][gc,phases      ] GC(1)         Total                          Min: 0, Avg:  0,0, Max: 0, Diff: 0, Sum: 0, Workers: 15
[2,669s][debug][gc,phases      ] GC(1)       StringDedup Table Weak         Min: 0,00, Avg: 0,02, Max: 0,02, Diff: 0,02, Sum: 0,25, Workers: 15
[2,669s][debug][gc,phases      ] GC(1)         Dead                           Min: 0, Avg:  0,0, Max: 0, Diff: 0, Sum: 0, Workers: 15
[2,669s][debug][gc,phases      ] GC(1)         Total                          Min: 64, Avg: 531,9, Max: 896, Diff: 832, Sum: 7978, Workers: 15
[2,669s][debug][gc,phases      ] GC(1)       StringDedup Requests0 Weak     Min: 0,00, Avg: 0,00, Max: 0,00, Diff: 0,00, Sum: 0,01, Workers: 15
[2,669s][debug][gc,phases      ] GC(1)         Dead                           Min: 0, Avg:  0,0, Max: 0, Diff: 0, Sum: 0, Workers: 15
[2,669s][debug][gc,phases      ] GC(1)         Total                          Min: 0, Avg:  0,0, Max: 0, Diff: 0, Sum: 0, Workers: 15
[2,669s][debug][gc,phases      ] GC(1)       StringDedup Requests1 Weak     Min: 0,03, Avg: 0,04, Max: 0,04, Diff: 0,00, Sum: 0,56, Workers: 15
[2,669s][debug][gc,phases      ] GC(1)         Dead                           Min: 0, Avg:  0,0, Max: 0, Diff: 0, Sum: 0, Workers: 15
[2,669s][debug][gc,phases      ] GC(1)         Total                          Min: 1024, Avg: 1335,5, Max: 1536, Diff: 512, Sum: 20032, Workers: 15
[2,669s][debug][gc,phases      ] GC(1)       Weak JFR Old Object Samples    Min: 0,00, Avg: 0,00, Max: 0,00, Diff: 0,00, Sum: 0,01, Workers: 15
[2,669s][debug][gc,phases      ] GC(1)         Dead                           Min: 0, Avg:  0,0, Max: 0, Diff: 0, Sum: 0, Workers: 15
[2,669s][debug][gc,phases      ] GC(1)         Total                          Min: 0, Avg:  0,0, Max: 0, Diff: 0, Sum: 0, Workers: 15
[2,669s][debug][gc,phases      ] GC(1)     Post Evacuate Cleanup 1: 0,09ms
[2,669s][debug][gc,phases      ] GC(1)       Merge Per-Thread State (ms):   Min: 0,03, Avg: 0,03, Max: 0,03, Diff: 0,00, Sum: 0,03, Workers: 1
[2,669s][debug][gc,phases      ] GC(1)         Copied Bytes                   Min: 4381784, Avg: 5867225,1, Max: 9253392, Diff: 4871608, Sum: 88008376, Workers: 15
[2,669s][debug][gc,phases      ] GC(1)         LAB Waste                      Min: 464, Avg: 11180,8, Max: 77112, Diff: 76648, Sum: 167712, Workers: 15
[2,669s][debug][gc,phases      ] GC(1)         LAB Undo Waste                 Min: 0, Avg:  0,0, Max: 0, Diff: 0, Sum: 0, Workers: 15
[2,669s][debug][gc,phases      ] GC(1)         Evac Fail Extra Cards          Min: 0, Avg:  0,0, Max: 0, Diff: 0, Sum: 0, Workers: 15
[2,669s][debug][gc,phases      ] GC(1)       Clear Logged Cards (ms):       Min: 0,00, Avg: 0,01, Max: 0,04, Diff: 0,04, Sum: 0,04, Workers: 3
[2,669s][debug][gc,phases      ] GC(1)       Recalculate Used Memory (ms):  Min: 0,00, Avg: 0,00, Max: 0,00, Diff: 0,00, Sum: 0,00, Workers: 1
[2,669s][debug][gc,phases      ] GC(1)     Post Evacuate Cleanup 2: 0,16ms
[2,669s][debug][gc,phases      ] GC(1)       Update Derived Pointers (ms):  Min: 0,00, Avg: 0,00, Max: 0,00, Diff: 0,00, Sum: 0,00, Workers: 1
[2,669s][debug][gc,phases      ] GC(1)       Eagerly Reclaim Humongous Objects (ms): skipped
[2,669s][debug][gc,phases      ] GC(1)         Humongous Total                skipped
[2,669s][debug][gc,phases      ] GC(1)         Humongous Candidates           skipped
[2,669s][debug][gc,phases      ] GC(1)         Humongous Reclaimed            skipped
[2,669s][debug][gc,phases      ] GC(1)       Redirty Logged Cards (ms):     Min: 0,00, Avg: 0,00, Max: 0,00, Diff: 0,00, Sum: 0,01, Workers: 15
[2,669s][debug][gc,phases      ] GC(1)         Redirtied Cards:               Min: 0, Avg:  6,0, Max: 70, Diff: 70, Sum: 90, Workers: 15
[2,669s][debug][gc,phases      ] GC(1)       Resize TLABs (ms):             Min: 0,00, Avg: 0,00, Max: 0,00, Diff: 0,00, Sum: 0,00, Workers: 15
[2,669s][debug][gc,phases      ] GC(1)       Free Collection Set (ms):      Min: 0,00, Avg: 0,01, Max: 0,13, Diff: 0,13, Sum: 0,22, Workers: 15
[2,669s][debug][gc,phases      ] GC(1)     Rebuild Free List: 0,06ms
[2,669s][debug][gc,phases      ] GC(1)     Prepare For Mutator: 0,10ms
[2,669s][debug][gc,phases      ] GC(1)     Expand Heap After Collection: 0,00ms
[2,669s][info ][gc,phases      ] GC(1)   Other: 0,40ms
[2,669s][debug][gc,remset      ] GC(1) Coarsening (recent): Inline->AoC 0 (0) AoC->Howl 0 (0) Howl->Full 0 (0) Inline->AoC 0 (0) AoC->BitMap 0 (0) BitMap->Full 0 (0) 
[2,669s][debug][gc,remset      ] GC(1) Coarsening (all): Inline->AoC 0 (0) AoC->Howl 0 (0) Howl->Full 0 (0) Inline->AoC 0 (0) AoC->BitMap 0 (0) BitMap->Full 0 (0) 
[2,669s][info ][gc,heap        ] GC(1) Eden regions: 56->0(56)
[2,669s][info ][gc,heap        ] GC(1) Survivor regions: 8->8(8)
[2,669s][info ][gc,heap        ] GC(1) Old regions: 7->20
[2,669s][info ][gc,heap        ] GC(1) Humongous regions: 0->0
[2,669s][info ][gc,metaspace   ] GC(1) Metaspace: 20014K(20288K)->20014K(20288K) NonClass: 17435K(17600K)->17435K(17600K) Class: 2579K(2688K)->2579K(2688K)
[2,669s][debug][gc,heap        ] GC(1) Heap after GC invocations=2 (full 0):
[2,669s][debug][gc,heap        ] GC(1)  garbage-first heap   total reserved 8388608K, committed 5246976K, used 111649K [0x0000000600000000, 0x0000000800000000)
[2,669s][debug][gc,heap        ] GC(1)   region size 4096K, 8 young (32768K), 8 survivors (32768K)
[2,669s][debug][gc,heap        ] GC(1)  Metaspace       used 20014K, committed 20288K, reserved 1114112K
[2,669s][debug][gc,heap        ] GC(1)   class space    used 2579K, committed 2688K, reserved 1048576K
[2,669s][info ][gc             ] GC(1) Pause Young (Normal) (G1 Evacuation Pause) 278M->109M(5124M) 14,690ms
[2,669s][info ][gc,cpu         ] GC(1) User=0,16s Sys=0,00s Real=0,01s
[2,669s][debug][gc,task        ] G1 Service Thread (Card Set Free Memory Task) (run: 1,694ms) (cpu: 0,084ms)
[2,669s][debug][gc,refine      ] Concurrent refinement: wanted 0, cards: 90, predicted: 90, time: 0,00ms
[2,719s][debug][gc,refine      ] Concurrent refinement: wanted 0, cards: 3162, predicted: 3162, time: 0,00ms
[2,770s][debug][gc,refine      ] Concurrent refinement: wanted 0, cards: 3162, predicted: 3162, time: 0,00ms
[2,820s][debug][gc,refine      ] Concurrent refinement: wanted 0, cards: 3162, predicted: 3162, time: 0,00ms
[2,870s][debug][gc,refine      ] Concurrent refinement: wanted 0, cards: 3162, predicted: 3162, time: 0,00ms
[2,920s][debug][gc,refine      ] Concurrent refinement: wanted 0, cards: 3162, predicted: 3162, time: 0,00ms
[2,971s][debug][gc,refine      ] Concurrent refinement: wanted 0, cards: 3162, predicted: 3162, time: 0,00ms
[3,021s][debug][gc,refine      ] Concurrent refinement: wanted 0, cards: 3162, predicted: 3162, time: 0,00ms
[3,071s][debug][gc,refine      ] Concurrent refinement: wanted 0, cards: 3162, predicted: 3162, time: 0,00ms
[3,121s][debug][gc,refine      ] Concurrent refinement: wanted 0, cards: 3162, predicted: 3162, time: 0,00ms
[3,172s][debug][gc,refine      ] Concurrent refinement: wanted 0, cards: 3162, predicted: 3162, time: 0,00ms
[3,174s][info ][gc,start       ] GC(2) Pause Young (Normal) (G1 Evacuation Pause)
[3,174s][debug][gc,heap        ] GC(2) Heap before GC invocations=2 (full 0):
[3,174s][debug][gc,heap        ] GC(2)  garbage-first heap   total reserved 8388608K, committed 5246976K, used 341025K [0x0000000600000000, 0x0000000800000000)
[3,174s][debug][gc,heap        ] GC(2)   region size 4096K, 64 young (262144K), 8 survivors (32768K)
[3,174s][debug][gc,heap        ] GC(2)  Metaspace       used 20014K, committed 20288K, reserved 1114112K
[3,174s][debug][gc,heap        ] GC(2)   class space    used 2579K, committed 2688K, reserved 1048576K
[3,174s][info ][gc,task        ] GC(2) Using 15 workers of 15 for evacuation
[3,174s][debug][gc,age         ] GC(2) Desired survivor size 16777216 bytes, new threshold 1 (max threshold 15)
[3,175s][debug][gc,tlab        ] GC(2) TLAB totals: thrds: 1  refills: 112 max: 112 slow allocs: 0 max 0 waste:  0,0% gc: 0B max: 0B slow: 74720B max: 74720B
[3,175s][debug][gc,refine,stats] GC(2) Mutator refinement: 0,00ms, refined: 0, precleaned: 0, dirtied: 3318
[3,175s][debug][gc,refine,stats] GC(2) Concurrent refinement: 0,00ms, refined: 0, precleaned: 0, dirtied: 0
[3,175s][debug][gc,refine,stats] GC(2) Total refinement: 0,00ms, refined: 0, precleaned: 0, dirtied: 3318
[3,175s][debug][gc,refine,stats] GC(2) Generate dirty cards rate: 6,54 cards/ms
[3,175s][debug][gc,alloc,region] GC(2) Mutator Allocation stats, regions: 56, wasted size: 0B ( 0,0%)
[3,175s][debug][gc,ergo,cset   ] GC(2) No candidates to reclaim.
[3,175s][debug][gc,ergo        ] GC(2) Running G1 Merge Heap Roots using 15 workers for 64 regions
[3,175s][debug][gc,remset      ] GC(2) Visited cards 15296 Total dirty 90112 (16,97%) Total old 1212416 (1,26%)
[3,185s][debug][gc,ref         ] GC(2) Skipped SoftWeakFinalRefsPhase of Reference Processing: no references
[3,186s][debug][gc,ref         ] GC(2) Skipped KeepAliveFinalRefsPhase of Reference Processing: no references
[3,186s][debug][gc,ref         ] GC(2) Skipped PhantomRefsPhase of Reference Processing: no references
[3,186s][debug][gc,ergo        ] GC(2) Running G1 Rebuild Free List Task using 15 workers for rebuilding free list of regions
[3,186s][debug][gc,plab        ] GC(2) Young PLAB allocation: allocated: 33554432B, wasted: 19144B, unused: 0B, used: 33535288B, undo waste: 0B, 
[3,186s][debug][gc,plab        ] GC(2) Young other allocation: region end waste: 0B, regions filled: 8, num plab filled: 100, direct allocated: 0B, num direct allocated: 0, failure used: 0B, failure wasted: 0B
[3,186s][debug][gc,plab        ] GC(2) Young sizing: calculated: 6707056B, actual: 6601480B
[3,186s][debug][gc,plab        ] GC(2) Old PLAB allocation: allocated: 59867744B, wasted: 20088B, unused: 3567992B, used: 56279664B, undo waste: 0B, 
[3,186s][debug][gc,plab        ] GC(2) Old other allocation: region end waste: 0B, regions filled: 15, num plab filled: 110, direct allocated: 0B, num direct allocated: 0, failure used: 0B, failure wasted: 0B
[3,186s][debug][gc,plab        ] GC(2) Old sizing: calculated: 11255928B, actual: 10593504B
[3,186s][debug][gc,ergo,heap   ] GC(2) Heap expansion: short term pause time ratio 2,62% long term pause time ratio 0,48% threshold 7,69% pause time ratio 7,69% fully expanded false resize by 0B
[3,186s][debug][gc,mmu         ] GC(2) MMU: 11,5ms (200,0ms/201,0ms)
[3,186s][debug][gc,alloc,stats ] Old generation allocation in the last mutator period, old gen allocated: 59867744B, humongous allocated: 0B, old gen growth: 59867744B.
[3,186s][debug][gc,ihop        ] GC(2) Basic information (value update), threshold: 2415919104B (45,00), target occupancy: 5368709120B, current occupancy: 174196880B, recent allocation size: 59867744B, recent allocation duration: 507,12ms, recent old gen allocation rate: 118053641,29B/s, recent marking phase length: 0,00ms
[3,186s][debug][gc,ihop        ] GC(2) Adaptive IHOP information (value update), threshold: 2415919104B (47,37), internal target occupancy: 5100273664B, occupancy: 174196880B, additional buffer size: 268435456B, predicted old gen allocation rate: 35965789,32B/s, predicted marking phase length: 0,00ms, prediction active: false
[3,186s][debug][gc,ergo,refine ] GC(2) GC refinement: goal: 1236200 + 259 / 20,00ms, actual: 3408 / 0,13ms, 
[3,186s][debug][gc,ergo,refine ] GC(2) Unchanged pending cards target: 1236200
[3,186s][info ][gc,phases      ] GC(2)   Pre Evacuate Collection Set: 0,25ms
[3,186s][debug][gc,phases      ] GC(2)     Pre Evacuate Prepare: 0,04ms
[3,186s][debug][gc,task,start  ] G1 Service Thread (Card Set Free Memory Task) (run 0,054ms after schedule)
[3,186s][debug][gc,phases      ] GC(2)       JT Retire TLABs And Flush Logs (ms): Min: 0,00, Avg: 0,00, Max: 0,01, Diff: 0,01, Sum: 0,01, Workers: 2
[3,186s][debug][gc,phases      ] GC(2)       Non-JT Flush Logs (ms):        Min: 0,00, Avg: 0,00, Max: 0,00, Diff: 0,00, Sum: 0,00, Workers: 1
[3,186s][debug][gc,phases      ] GC(2)     Choose Collection Set: 0,01ms
[3,186s][debug][gc,phases      ] GC(2)     Region Register: 0,19ms
[3,186s][debug][gc,phases      ] GC(2)     Prepare Heap Roots: 0,00ms
[3,186s][info ][gc,phases      ] GC(2)   Merge Heap Roots: 0,32ms
[3,186s][debug][gc,phases      ] GC(2)     Prepare Merge Heap Roots: 0,03ms
[3,186s][debug][gc,phases      ] GC(2)     Remembered Sets (ms):          Min: 0,00, Avg: 0,00, Max: 0,01, Diff: 0,01, Sum: 0,04, Workers: 15
[3,186s][debug][gc,phases      ] GC(2)       Eager Reclaim (ms):            skipped
[3,186s][debug][gc,phases      ] GC(2)       Merged Inline                  Min: 0, Avg:  0,0, Max: 0, Diff: 0, Sum: 0, Workers: 15
[3,186s][debug][gc,phases      ] GC(2)       Merged ArrayOfCards            Min: 0, Avg:  0,0, Max: 0, Diff: 0, Sum: 0, Workers: 15
[3,186s][debug][gc,phases      ] GC(2)       Merged Howl                    Min: 0, Avg:  0,0, Max: 0, Diff: 0, Sum: 0, Workers: 15
[3,186s][debug][gc,phases      ] GC(2)       Merged Full                    Min: 0, Avg:  0,0, Max: 0, Diff: 0, Sum: 0, Workers: 15
[3,186s][debug][gc,phases      ] GC(2)       Merged Howl Inline             Min: 0, Avg:  0,0, Max: 0, Diff: 0, Sum: 0, Workers: 15
[3,186s][debug][gc,phases      ] GC(2)       Merged Howl ArrayOfCards       Min: 0, Avg:  0,0, Max: 0, Diff: 0, Sum: 0, Workers: 15
[3,186s][debug][gc,phases      ] GC(2)       Merged Howl BitMap             Min: 0, Avg:  0,0, Max: 0, Diff: 0, Sum: 0, Workers: 15
[3,186s][debug][gc,phases      ] GC(2)       Merged Howl Full               Min: 0, Avg:  0,0, Max: 0, Diff: 0, Sum: 0, Workers: 15
[3,186s][debug][gc,phases      ] GC(2)       Merged Cards                   Min: 8, Avg:  8,0, Max: 8, Diff: 0, Sum: 120, Workers: 15
[3,186s][debug][gc,phases      ] GC(2)     Log Buffers (ms):              Min: 0,00, Avg: 0,00, Max: 0,03, Diff: 0,03, Sum: 0,03, Workers: 15
[3,186s][debug][gc,phases      ] GC(2)       Dirty Cards:                   Min: 0, Avg: 227,2, Max: 3408, Diff: 3408, Sum: 3408, Workers: 15
[3,186s][debug][gc,phases      ] GC(2)       Skipped Cards:                 Min: 0, Avg:  0,0, Max: 0, Diff: 0, Sum: 0, Workers: 15
[3,186s][info ][gc,phases      ] GC(2)   Evacuate Collection Set: 10,33ms
[3,186s][debug][gc,phases      ] GC(2)     Ext Root Scanning (ms):        Min: 0,00, Avg: 0,03, Max: 0,11, Diff: 0,11, Sum: 0,50, Workers: 15
[3,186s][debug][gc,phases      ] GC(2)     Scan Heap Roots (ms):          Min: 0,07, Avg: 0,13, Max: 0,15, Diff: 0,08, Sum: 1,95, Workers: 15
[3,186s][debug][gc,phases      ] GC(2)       Scanned Cards:                 Min: 77, Avg: 224,6, Max: 383, Diff: 306, Sum: 3369, Workers: 15
[3,186s][debug][gc,phases      ] GC(2)       Scanned Blocks:                Min: 9, Avg: 51,5, Max: 89, Diff: 80, Sum: 773, Workers: 15
[3,186s][debug][gc,phases      ] GC(2)       Claimed Chunks:                Min: 5, Avg: 15,9, Max: 23, Diff: 18, Sum: 239, Workers: 15
[3,186s][debug][gc,phases      ] GC(2)       Found Roots:                   Min: 0, Avg: 92,9, Max: 465, Diff: 465, Sum: 1393, Workers: 15
[3,186s][debug][gc,phases      ] GC(2)     Code Root Scan (ms):           Min: 0,00, Avg: 0,01, Max: 0,01, Diff: 0,01, Sum: 0,08, Workers: 15
[3,186s][debug][gc,phases      ] GC(2)       Scanned Nmethods               Min: 0, Avg:  0,1, Max: 1, Diff: 1, Sum: 1, Workers: 15
[3,186s][debug][gc,phases      ] GC(2)     Object Copy (ms):              Min: 9,84, Avg: 9,85, Max: 9,92, Diff: 0,08, Sum: 147,79, Workers: 15
[3,186s][debug][gc,phases      ] GC(2)     Termination (ms):              Min: 0,04, Avg: 0,09, Max: 0,14, Diff: 0,09, Sum: 1,36, Workers: 15
[3,186s][debug][gc,phases      ] GC(2)       Termination Attempts:          Min: 1, Avg:  1,0, Max: 1, Diff: 0, Sum: 15, Workers: 15
[3,186s][debug][gc,phases      ] GC(2)     GC Worker Other (ms):          Min: 0,01, Avg: 0,01, Max: 0,02, Diff: 0,01, Sum: 0,19, Workers: 15
[3,186s][debug][gc,phases      ] GC(2)     GC Worker Total (ms):          Min: 10,06, Avg: 10,12, Max: 10,21, Diff: 0,15, Sum: 151,87, Workers: 15
[3,186s][info ][gc,phases      ] GC(2)   Post Evacuate Collection Set: 0,49ms
[3,186s][debug][gc,phases      ] GC(2)     NMethod List Cleanup: 0,01ms
[3,186s][debug][gc,phases      ] GC(2)     Reference Processing: 0,10ms
[3,186s][debug][gc,phases,ref  ] GC(2)       Notify Soft/WeakReferences: 0,1ms
[3,186s][debug][gc,phases,ref  ] GC(2)         SoftRef (ms):                  skipped
[3,187s][debug][gc,phases,ref  ] GC(2)         WeakRef (ms):                  skipped
[3,187s][debug][gc,phases,ref  ] GC(2)         FinalRef (ms):                 skipped
[3,187s][debug][gc,phases,ref  ] GC(2)         Total (ms):                    skipped
[3,187s][debug][gc,phases,ref  ] GC(2)       Notify and keep alive finalizable: 0,0ms
[3,187s][debug][gc,phases,ref  ] GC(2)         FinalRef (ms):                 skipped
[3,187s][debug][gc,phases,ref  ] GC(2)       Notify PhantomReferences: 0,0ms
[3,187s][debug][gc,phases,ref  ] GC(2)         PhantomRef (ms):               skipped
[3,187s][debug][gc,phases,ref  ] GC(2)       SoftReference Discovered: 0, Dropped: 0, Processed: 0
[3,187s][debug][gc,phases,ref  ] GC(2)       WeakReference Discovered: 0, Dropped: 0, Processed: 0
[3,187s][debug][gc,phases,ref  ] GC(2)       FinalReference Discovered: 0, Dropped: 0, Processed: 0
[3,187s][debug][gc,phases,ref  ] GC(2)       PhantomReference Discovered: 0, Dropped: 0, Processed: 0
[3,187s][debug][gc,phases      ] GC(2)     Weak Processing: 0,14ms
[3,187s][debug][gc,phases      ] GC(2)       VM Weak                        Min: 0,00, Avg: 0,00, Max: 0,00, Diff: 0,00, Sum: 0,02, Workers: 15
[3,187s][debug][gc,phases      ] GC(2)         Dead                           Min: 0, Avg:  0,0, Max: 0, Diff: 0, Sum: 0, Workers: 15
[3,187s][debug][gc,phases      ] GC(2)         Total                          Min: 0, Avg: 11,0, Max: 165, Diff: 165, Sum: 165, Workers: 15
[3,187s][debug][gc,phases      ] GC(2)       ObjectSynchronizer Weak        Min: 0,00, Avg: 0,00, Max: 0,00, Diff: 0,00, Sum: 0,01, Workers: 15
[3,187s][debug][gc,phases      ] GC(2)         Dead                           Min: 0, Avg:  0,0, Max: 0, Diff: 0, Sum: 0, Workers: 15
[3,187s][debug][gc,phases      ] GC(2)         Total                          Min: 0, Avg:  1,8, Max: 27, Diff: 27, Sum: 27, Workers: 15
[3,187s][debug][gc,phases      ] GC(2)       JVMTI Tag Weak OopStorage      Min: 0,00, Avg: 0,00, Max: 0,00, Diff: 0,00, Sum: 0,01, Workers: 15
[3,187s][debug][gc,phases      ] GC(2)         Dead                           Min: 0, Avg:  0,0, Max: 0, Diff: 0, Sum: 0, Workers: 15
[3,187s][debug][gc,phases      ] GC(2)         Total                          Min: 0, Avg:  0,0, Max: 0, Diff: 0, Sum: 0, Workers: 15
[3,187s][debug][gc,phases      ] GC(2)       StringTable Weak               Min: 0,00, Avg: 0,01, Max: 0,06, Diff: 0,06, Sum: 0,08, Workers: 15
[3,187s][debug][gc,phases      ] GC(2)         Dead                           Min: 0, Avg:  0,0, Max: 0, Diff: 0, Sum: 0, Workers: 15
[3,187s][debug][gc,phases      ] GC(2)         Total                          Min: 0, Avg: 536,9, Max: 6976, Diff: 6976, Sum: 8054, Workers: 15
[3,187s][debug][gc,phases      ] GC(2)       ResolvedMethodTable Weak       Min: 0,00, Avg: 0,00, Max: 0,01, Diff: 0,01, Sum: 0,05, Workers: 15
[3,187s][debug][gc,phases      ] GC(2)         Dead                           Min: 0, Avg:  0,0, Max: 0, Diff: 0, Sum: 0, Workers: 15
[3,187s][debug][gc,phases      ] GC(2)         Total                          Min: 0, Avg: 111,5, Max: 512, Diff: 512, Sum: 1673, Workers: 15
[3,187s][debug][gc,phases      ] GC(2)       JNI Weak                       Min: 0,00, Avg: 0,00, Max: 0,00, Diff: 0,00, Sum: 0,01, Workers: 15
[3,187s][debug][gc,phases      ] GC(2)         Dead                           Min: 0, Avg:  0,0, Max: 0, Diff: 0, Sum: 0, Workers: 15
[3,187s][debug][gc,phases      ] GC(2)         Total                          Min: 0, Avg:  0,0, Max: 0, Diff: 0, Sum: 0, Workers: 15
[3,187s][debug][gc,phases      ] GC(2)       StringDedup Table Weak         Min: 0,00, Avg: 0,01, Max: 0,02, Diff: 0,02, Sum: 0,13, Workers: 15
[3,187s][debug][gc,phases      ] GC(2)         Dead                           Min: 0, Avg:  0,0, Max: 0, Diff: 0, Sum: 0, Workers: 15
[3,187s][debug][gc,phases      ] GC(2)         Total                          Min: 0, Avg: 842,5, Max: 2880, Diff: 2880, Sum: 12637, Workers: 15
[3,187s][debug][gc,phases      ] GC(2)       StringDedup Requests0 Weak     Min: 0,00, Avg: 0,00, Max: 0,00, Diff: 0,00, Sum: 0,01, Workers: 15
[3,187s][debug][gc,phases      ] GC(2)         Dead                           Min: 0, Avg:  0,0, Max: 0, Diff: 0, Sum: 0, Workers: 15
[3,187s][debug][gc,phases      ] GC(2)         Total                          Min: 0, Avg:  8,5, Max: 64, Diff: 64, Sum: 128, Workers: 15
[3,187s][debug][gc,phases      ] GC(2)       StringDedup Requests1 Weak     Min: 0,00, Avg: 0,00, Max: 0,00, Diff: 0,00, Sum: 0,01, Workers: 15
[3,187s][debug][gc,phases      ] GC(2)         Dead                           Min: 0, Avg:  0,0, Max: 0, Diff: 0, Sum: 0, Workers: 15
[3,187s][debug][gc,phases      ] GC(2)         Total                          Min: 0, Avg:  0,0, Max: 0, Diff: 0, Sum: 0, Workers: 15
[3,187s][debug][gc,phases      ] GC(2)       Weak JFR Old Object Samples    Min: 0,00, Avg: 0,00, Max: 0,00, Diff: 0,00, Sum: 0,01, Workers: 15
[3,187s][debug][gc,phases      ] GC(2)         Dead                           Min: 0, Avg:  0,0, Max: 0, Diff: 0, Sum: 0, Workers: 15
[3,187s][debug][gc,phases      ] GC(2)         Total                          Min: 0, Avg:  0,0, Max: 0, Diff: 0, Sum: 0, Workers: 15
[3,187s][debug][gc,phases      ] GC(2)     Post Evacuate Cleanup 1: 0,08ms
[3,187s][debug][gc,phases      ] GC(2)       Merge Per-Thread State (ms):   Min: 0,03, Avg: 0,03, Max: 0,03, Diff: 0,00, Sum: 0,03, Workers: 1
[3,187s][debug][gc,phases      ] GC(2)         Copied Bytes                   Min: 5067768, Avg: 5987663,5, Max: 7499032, Diff: 2431264, Sum: 89814952, Workers: 15
[3,187s][debug][gc,phases      ] GC(2)         LAB Waste                      Min: 456, Avg: 2615,5, Max: 6640, Diff: 6184, Sum: 39232, Workers: 15
[3,187s][debug][gc,phases      ] GC(2)         LAB Undo Waste                 Min: 0, Avg:  0,0, Max: 0, Diff: 0, Sum: 0, Workers: 15
[3,187s][debug][gc,phases      ] GC(2)         Evac Fail Extra Cards          Min: 0, Avg:  0,0, Max: 0, Diff: 0, Sum: 0, Workers: 15
[3,187s][debug][gc,phases      ] GC(2)       Clear Logged Cards (ms):       Min: 0,00, Avg: 0,01, Max: 0,04, Diff: 0,04, Sum: 0,04, Workers: 3
[3,187s][debug][gc,phases      ] GC(2)       Recalculate Used Memory (ms):  Min: 0,00, Avg: 0,00, Max: 0,00, Diff: 0,00, Sum: 0,00, Workers: 1
[3,187s][debug][gc,phases      ] GC(2)     Post Evacuate Cleanup 2: 0,06ms
[3,187s][debug][gc,phases      ] GC(2)       Update Derived Pointers (ms):  Min: 0,00, Avg: 0,00, Max: 0,00, Diff: 0,00, Sum: 0,00, Workers: 1
[3,187s][debug][gc,phases      ] GC(2)       Eagerly Reclaim Humongous Objects (ms): skipped
[3,187s][debug][gc,phases      ] GC(2)         Humongous Total                skipped
[3,187s][debug][gc,phases      ] GC(2)         Humongous Candidates           skipped
[3,187s][debug][gc,phases      ] GC(2)         Humongous Reclaimed            skipped
[3,187s][debug][gc,phases      ] GC(2)       Redirty Logged Cards (ms):     Min: 0,00, Avg: 0,00, Max: 0,00, Diff: 0,00, Sum: 0,01, Workers: 15
[3,187s][debug][gc,phases      ] GC(2)         Redirtied Cards:               Min: 0, Avg:  5,4, Max: 49, Diff: 49, Sum: 81, Workers: 15
[3,187s][debug][gc,phases      ] GC(2)       Resize TLABs (ms):             Min: 0,00, Avg: 0,00, Max: 0,00, Diff: 0,00, Sum: 0,00, Workers: 15
[3,187s][debug][gc,phases      ] GC(2)       Free Collection Set (ms):      Min: 0,00, Avg: 0,01, Max: 0,02, Diff: 0,02, Sum: 0,10, Workers: 15
[3,187s][debug][gc,phases      ] GC(2)     Rebuild Free List: 0,04ms
[3,187s][debug][gc,phases      ] GC(2)     Prepare For Mutator: 0,06ms
[3,187s][debug][gc,phases      ] GC(2)     Expand Heap After Collection: 0,00ms
[3,187s][info ][gc,phases      ] GC(2)   Other: 0,22ms
[3,187s][debug][gc,remset      ] GC(2) Coarsening (recent): Inline->AoC 0 (0) AoC->Howl 0 (0) Howl->Full 0 (0) Inline->AoC 0 (0) AoC->BitMap 0 (0) BitMap->Full 0 (0) 
[3,187s][debug][gc,remset      ] GC(2) Coarsening (all): Inline->AoC 0 (0) AoC->Howl 0 (0) Howl->Full 0 (0) Inline->AoC 0 (0) AoC->BitMap 0 (0) BitMap->Full 0 (0) 
[3,187s][info ][gc,heap        ] GC(2) Eden regions: 56->0(56)
[3,187s][info ][gc,heap        ] GC(2) Survivor regions: 8->8(8)
[3,187s][info ][gc,heap        ] GC(2) Old regions: 20->35
[3,187s][info ][gc,heap        ] GC(2) Humongous regions: 0->0
[3,187s][info ][gc,metaspace   ] GC(2) Metaspace: 20014K(20288K)->20014K(20288K) NonClass: 17435K(17600K)->17435K(17600K) Class: 2579K(2688K)->2579K(2688K)
[3,187s][debug][gc,heap        ] GC(2) Heap after GC invocations=3 (full 0):
[3,187s][debug][gc,heap        ] GC(2)  garbage-first heap   total reserved 8388608K, committed 5246976K, used 170114K [0x0000000600000000, 0x0000000800000000)
[3,187s][debug][gc,heap        ] GC(2)   region size 4096K, 8 young (32768K), 8 survivors (32768K)
[3,187s][debug][gc,heap        ] GC(2)  Metaspace       used 20014K, committed 20288K, reserved 1114112K
[3,187s][debug][gc,heap        ] GC(2)   class space    used 2579K, committed 2688K, reserved 1048576K
[3,187s][info ][gc             ] GC(2) Pause Young (Normal) (G1 Evacuation Pause) 333M->166M(5124M) 12,913ms
[3,187s][info ][gc,cpu         ] GC(2) User=0,16s Sys=0,00s Real=0,01s
[3,187s][debug][gc,task        ] G1 Service Thread (Card Set Free Memory Task) (run: 1,331ms) (cpu: 0,109ms)
[3,187s][debug][gc,refine      ] Concurrent refinement: wanted 0, cards: 81, predicted: 1863, time: 511,83ms
[3,278s][debug][gc,refine      ] Concurrent refinement: wanted 0, cards: 81, predicted: 1558, time: 424,22ms
[3,360s][debug][gc,refine      ] Concurrent refinement: wanted 0, cards: 81, predicted: 1269, time: 341,22ms
[3,390s][debug][gc,task,start  ] G1 Service Thread (Periodic GC Task) (run 0,578ms after schedule)
[3,390s][debug][gc,task        ] G1 Service Thread (Periodic GC Task) (run: 0,047ms) (cpu: 0,073ms)
[3,433s][debug][gc,refine      ] Concurrent refinement: wanted 0, cards: 81, predicted: 1012, time: 267,44ms
[3,498s][debug][gc,refine      ] Concurrent refinement: wanted 0, cards: 81, predicted: 771, time: 198,28ms
[3,555s][debug][gc,refine      ] Concurrent refinement: wanted 0, cards: 81, predicted: 578, time: 142,94ms
[3,605s][debug][gc,refine      ] Concurrent refinement: wanted 0, cards: 81, predicted: 386, time: 87,61ms
[3,655s][debug][gc,refine      ] Concurrent refinement: wanted 0, cards: 81, predicted: 81, time: 36,89ms
[3,693s][info ][gc,start       ] GC(3) Pause Young (Normal) (G1 Evacuation Pause)
[3,693s][debug][gc,heap        ] GC(3) Heap before GC invocations=3 (full 0):
[3,693s][debug][gc,heap        ] GC(3)  garbage-first heap   total reserved 8388608K, committed 5246976K, used 399490K [0x0000000600000000, 0x0000000800000000)
[3,693s][debug][gc,heap        ] GC(3)   region size 4096K, 64 young (262144K), 8 survivors (32768K)
[3,693s][debug][gc,heap        ] GC(3)  Metaspace       used 20018K, committed 20288K, reserved 1114112K
[3,693s][debug][gc,heap        ] GC(3)   class space    used 2579K, committed 2688K, reserved 1048576K
[3,693s][info ][gc,task        ] GC(3) Using 15 workers of 15 for evacuation
[3,693s][debug][gc,age         ] GC(3) Desired survivor size 16777216 bytes, new threshold 1 (max threshold 15)
[3,693s][debug][gc,tlab        ] GC(3) TLAB totals: thrds: 1  refills: 112 max: 112 slow allocs: 0 max 0 waste:  0,0% gc: 0B max: 0B slow: 80744B max: 80744B
[3,693s][debug][gc,refine,stats] GC(3) Mutator refinement: 0,00ms, refined: 0, precleaned: 0, dirtied: 5
[3,693s][debug][gc,refine,stats] GC(3) Concurrent refinement: 0,00ms, refined: 0, precleaned: 0, dirtied: 0
[3,693s][debug][gc,refine,stats] GC(3) Total refinement: 0,00ms, refined: 0, precleaned: 0, dirtied: 5
[3,693s][debug][gc,refine,stats] GC(3) Generate dirty cards rate: 0,01 cards/ms
[3,693s][debug][gc,alloc,region] GC(3) Mutator Allocation stats, regions: 56, wasted size: 0B ( 0,0%)
[3,693s][debug][gc,ergo,cset   ] GC(3) No candidates to reclaim.
[3,694s][debug][gc,ergo        ] GC(3) Running G1 Merge Heap Roots using 15 workers for 64 regions
[3,694s][debug][gc,remset      ] GC(3) Visited cards 1728 Total dirty 57344 (3,01%) Total old 1335296 (0,13%)
[3,704s][debug][gc,ref         ] GC(3) Skipped SoftWeakFinalRefsPhase of Reference Processing: no references
[3,704s][debug][gc,ref         ] GC(3) Skipped KeepAliveFinalRefsPhase of Reference Processing: no references
[3,704s][debug][gc,ref         ] GC(3) Skipped PhantomRefsPhase of Reference Processing: no references
[3,705s][debug][gc,ergo        ] GC(3) Running G1 Rebuild Free List Task using 15 workers for rebuilding free list of regions
[3,705s][debug][gc,plab        ] GC(3) Young PLAB allocation: allocated: 33554432B, wasted: 13664B, unused: 0B, used: 33540768B, undo waste: 0B, 
[3,705s][debug][gc,plab        ] GC(3) Young other allocation: region end waste: 0B, regions filled: 8, num plab filled: 95, direct allocated: 0B, num direct allocated: 0, failure used: 0B, failure wasted: 0B
[3,705s][debug][gc,plab        ] GC(3) Young sizing: calculated: 6708152B, actual: 6681480B
[3,705s][debug][gc,plab        ] GC(3) Old PLAB allocation: allocated: 61103928B, wasted: 39104B, unused: 4800272B, used: 56264552B, undo waste: 0B, 
[3,705s][debug][gc,plab        ] GC(3) Old other allocation: region end waste: 0B, regions filled: 15, num plab filled: 88, direct allocated: 0B, num direct allocated: 0, failure used: 0B, failure wasted: 0B
[3,705s][debug][gc,plab        ] GC(3) Old sizing: calculated: 11252904B, actual: 11088056B
[3,705s][debug][gc,ergo,heap   ] GC(3) Heap expansion: short term pause time ratio 2,22% long term pause time ratio 0,77% threshold 7,69% pause time ratio 7,69% fully expanded false resize by 0B
[3,705s][debug][gc,mmu         ] GC(3) MMU: 12,0ms (200,0ms/201,0ms)
[3,705s][debug][gc,task,start  ] G1 Service Thread (Card Set Free Memory Task) (run 0,051ms after schedule)
[3,705s][debug][gc,alloc,stats ] Old generation allocation in the last mutator period, old gen allocated: 61103928B, humongous allocated: 0B, old gen growth: 61103928B.
[3,705s][debug][gc,ihop        ] GC(3) Basic information (value update), threshold: 2415919104B (45,00), target occupancy: 5368709120B, current occupancy: 235300808B, recent allocation size: 61103928B, recent allocation duration: 507,11ms, recent old gen allocation rate: 120493473,89B/s, recent marking phase length: 0,00ms
[3,705s][debug][gc,ihop        ] GC(3) Adaptive IHOP information (value update), threshold: 2415919104B (47,37), internal target occupancy: 5100273664B, occupancy: 235300808B, additional buffer size: 268435456B, predicted old gen allocation rate: 44086098,99B/s, predicted marking phase length: 0,00ms, prediction active: false
[3,705s][debug][gc,ergo,refine ] GC(3) GC refinement: goal: 1236200 + 177 / 20,00ms, actual: 86 / 0,01ms, 
[3,705s][debug][gc,ergo,refine ] GC(3) Unchanged pending cards target: 1236200
[3,705s][info ][gc,phases      ] GC(3)   Pre Evacuate Collection Set: 0,39ms
[3,705s][debug][gc,phases      ] GC(3)     Pre Evacuate Prepare: 0,09ms
[3,705s][debug][gc,phases      ] GC(3)       JT Retire TLABs And Flush Logs (ms): Min: 0,00, Avg: 0,00, Max: 0,01, Diff: 0,01, Sum: 0,01, Workers: 2
[3,705s][debug][gc,phases      ] GC(3)       Non-JT Flush Logs (ms):        Min: 0,00, Avg: 0,00, Max: 0,00, Diff: 0,00, Sum: 0,00, Workers: 1
[3,705s][debug][gc,phases      ] GC(3)     Choose Collection Set: 0,02ms
[3,705s][debug][gc,phases      ] GC(3)     Region Register: 0,27ms
[3,705s][debug][gc,phases      ] GC(3)     Prepare Heap Roots: 0,00ms
[3,705s][info ][gc,phases      ] GC(3)   Merge Heap Roots: 0,52ms
[3,705s][debug][gc,phases      ] GC(3)     Prepare Merge Heap Roots: 0,03ms
[3,705s][debug][gc,phases      ] GC(3)     Remembered Sets (ms):          Min: 0,00, Avg: 0,00, Max: 0,01, Diff: 0,01, Sum: 0,06, Workers: 15
[3,705s][debug][gc,phases      ] GC(3)       Eager Reclaim (ms):            skipped
[3,705s][debug][gc,phases      ] GC(3)       Merged Inline                  Min: 0, Avg:  0,0, Max: 0, Diff: 0, Sum: 0, Workers: 15
[3,705s][debug][gc,phases      ] GC(3)       Merged ArrayOfCards            Min: 0, Avg:  0,0, Max: 0, Diff: 0, Sum: 0, Workers: 15
[3,706s][debug][gc,phases      ] GC(3)       Merged Howl                    Min: 0, Avg:  0,0, Max: 0, Diff: 0, Sum: 0, Workers: 15
[3,706s][debug][gc,phases      ] GC(3)       Merged Full                    Min: 0, Avg:  0,0, Max: 0, Diff: 0, Sum: 0, Workers: 15
[3,706s][debug][gc,phases      ] GC(3)       Merged Howl Inline             Min: 0, Avg:  0,0, Max: 0, Diff: 0, Sum: 0, Workers: 15
[3,706s][debug][gc,phases      ] GC(3)       Merged Howl ArrayOfCards       Min: 0, Avg:  0,0, Max: 0, Diff: 0, Sum: 0, Workers: 15
[3,706s][debug][gc,phases      ] GC(3)       Merged Howl BitMap             Min: 0, Avg:  0,0, Max: 0, Diff: 0, Sum: 0, Workers: 15
[3,706s][debug][gc,phases      ] GC(3)       Merged Howl Full               Min: 0, Avg:  0,0, Max: 0, Diff: 0, Sum: 0, Workers: 15
[3,706s][debug][gc,phases      ] GC(3)       Merged Cards                   Min: 8, Avg:  8,0, Max: 8, Diff: 0, Sum: 120, Workers: 15
[3,706s][debug][gc,phases      ] GC(3)     Log Buffers (ms):              Min: 0,00, Avg: 0,00, Max: 0,02, Diff: 0,02, Sum: 0,03, Workers: 15
[3,706s][debug][gc,phases      ] GC(3)       Dirty Cards:                   Min: 0, Avg:  5,7, Max: 86, Diff: 86, Sum: 86, Workers: 15
[3,706s][debug][gc,phases      ] GC(3)       Skipped Cards:                 Min: 0, Avg:  0,0, Max: 0, Diff: 0, Sum: 0, Workers: 15
[3,706s][info ][gc,phases      ] GC(3)   Evacuate Collection Set: 10,22ms
[3,706s][debug][gc,phases      ] GC(3)     Ext Root Scanning (ms):        Min: 0,00, Avg: 0,02, Max: 0,12, Diff: 0,12, Sum: 0,37, Workers: 15
[3,706s][debug][gc,phases      ] GC(3)     Scan Heap Roots (ms):          Min: 0,00, Avg: 0,01, Max: 0,03, Diff: 0,03, Sum: 0,19, Workers: 15
[3,706s][debug][gc,phases      ] GC(3)       Scanned Cards:                 Min: 0, Avg:  2,8, Max: 13, Diff: 13, Sum: 42, Workers: 15
[3,706s][debug][gc,phases      ] GC(3)       Scanned Blocks:                Min: 0, Avg:  2,1, Max: 13, Diff: 13, Sum: 31, Workers: 15
[3,706s][debug][gc,phases      ] GC(3)       Claimed Chunks:                Min: 0, Avg:  1,8, Max: 12, Diff: 12, Sum: 27, Workers: 15
[3,706s][debug][gc,phases      ] GC(3)       Found Roots:                   Min: 0, Avg: 88,3, Max: 451, Diff: 451, Sum: 1324, Workers: 15
[3,706s][debug][gc,phases      ] GC(3)     Code Root Scan (ms):           Min: 0,00, Avg: 0,00, Max: 0,01, Diff: 0,01, Sum: 0,07, Workers: 15
[3,706s][debug][gc,phases      ] GC(3)       Scanned Nmethods               Min: 0, Avg:  0,0, Max: 0, Diff: 0, Sum: 0, Workers: 15
[3,706s][debug][gc,phases      ] GC(3)     Object Copy (ms):              Min: 9,83, Avg: 9,85, Max: 9,87, Diff: 0,04, Sum: 147,79, Workers: 15
[3,706s][debug][gc,phases      ] GC(3)     Termination (ms):              Min: 0,07, Avg: 0,11, Max: 0,17, Diff: 0,10, Sum: 1,66, Workers: 15
[3,706s][debug][gc,phases      ] GC(3)       Termination Attempts:          Min: 1, Avg:  1,0, Max: 1, Diff: 0, Sum: 15, Workers: 15
[3,706s][debug][gc,phases      ] GC(3)     GC Worker Other (ms):          Min: 0,01, Avg: 0,01, Max: 0,02, Diff: 0,01, Sum: 0,19, Workers: 15
[3,706s][debug][gc,phases      ] GC(3)     GC Worker Total (ms):          Min: 9,94, Avg: 10,02, Max: 10,10, Diff: 0,16, Sum: 150,27, Workers: 15
[3,706s][info ][gc,phases      ] GC(3)   Post Evacuate Collection Set: 0,70ms
[3,706s][debug][gc,phases      ] GC(3)     NMethod List Cleanup: 0,01ms
[3,706s][debug][gc,phases      ] GC(3)     Reference Processing: 0,11ms
[3,706s][debug][gc,phases,ref  ] GC(3)       Notify Soft/WeakReferences: 0,1ms
[3,706s][debug][gc,phases,ref  ] GC(3)         SoftRef (ms):                  skipped
[3,706s][debug][gc,phases,ref  ] GC(3)         WeakRef (ms):                  skipped
[3,706s][debug][gc,phases,ref  ] GC(3)         FinalRef (ms):                 skipped
[3,706s][debug][gc,phases,ref  ] GC(3)         Total (ms):                    skipped
[3,706s][debug][gc,phases,ref  ] GC(3)       Notify and keep alive finalizable: 0,0ms
[3,706s][debug][gc,phases,ref  ] GC(3)         FinalRef (ms):                 skipped
[3,706s][debug][gc,phases,ref  ] GC(3)       Notify PhantomReferences: 0,0ms
[3,706s][debug][gc,phases,ref  ] GC(3)         PhantomRef (ms):               skipped
[3,706s][debug][gc,phases,ref  ] GC(3)       SoftReference Discovered: 0, Dropped: 0, Processed: 0
[3,706s][debug][gc,phases,ref  ] GC(3)       WeakReference Discovered: 0, Dropped: 0, Processed: 0
[3,706s][debug][gc,phases,ref  ] GC(3)       FinalReference Discovered: 0, Dropped: 0, Processed: 0
[3,706s][debug][gc,phases,ref  ] GC(3)       PhantomReference Discovered: 0, Dropped: 0, Processed: 0
[3,706s][debug][gc,phases      ] GC(3)     Weak Processing: 0,14ms
[3,706s][debug][gc,phases      ] GC(3)       VM Weak                        Min: 0,00, Avg: 0,00, Max: 0,00, Diff: 0,00, Sum: 0,01, Workers: 15
[3,706s][debug][gc,phases      ] GC(3)         Dead                           Min: 0, Avg:  0,0, Max: 0, Diff: 0, Sum: 0, Workers: 15
[3,706s][debug][gc,phases      ] GC(3)         Total                          Min: 0, Avg: 11,0, Max: 101, Diff: 101, Sum: 165, Workers: 15
[3,706s][debug][gc,phases      ] GC(3)       ObjectSynchronizer Weak        Min: 0,00, Avg: 0,00, Max: 0,00, Diff: 0,00, Sum: 0,00, Workers: 15
[3,706s][debug][gc,phases      ] GC(3)         Dead                           Min: 0, Avg:  0,0, Max: 0, Diff: 0, Sum: 0, Workers: 15
[3,706s][debug][gc,phases      ] GC(3)         Total                          Min: 0, Avg:  1,8, Max: 27, Diff: 27, Sum: 27, Workers: 15
[3,706s][debug][gc,phases      ] GC(3)       JVMTI Tag Weak OopStorage      Min: 0,00, Avg: 0,00, Max: 0,00, Diff: 0,00, Sum: 0,00, Workers: 15
[3,706s][debug][gc,phases      ] GC(3)         Dead                           Min: 0, Avg:  0,0, Max: 0, Diff: 0, Sum: 0, Workers: 15
[3,706s][debug][gc,phases      ] GC(3)         Total                          Min: 0, Avg:  0,0, Max: 0, Diff: 0, Sum: 0, Workers: 15
[3,706s][debug][gc,phases      ] GC(3)       StringTable Weak               Min: 0,00, Avg: 0,01, Max: 0,02, Diff: 0,02, Sum: 0,09, Workers: 15
[3,706s][debug][gc,phases      ] GC(3)         Dead                           Min: 0, Avg:  0,0, Max: 0, Diff: 0, Sum: 0, Workers: 15
[3,706s][debug][gc,phases      ] GC(3)         Total                          Min: 0, Avg: 536,9, Max: 2560, Diff: 2560, Sum: 8054, Workers: 15
[3,706s][debug][gc,phases      ] GC(3)       ResolvedMethodTable Weak       Min: 0,00, Avg: 0,00, Max: 0,01, Diff: 0,01, Sum: 0,03, Workers: 15
[3,706s][debug][gc,phases      ] GC(3)         Dead                           Min: 0, Avg:  0,0, Max: 0, Diff: 0, Sum: 0, Workers: 15
[3,706s][debug][gc,phases      ] GC(3)         Total                          Min: 0, Avg: 111,5, Max: 384, Diff: 384, Sum: 1673, Workers: 15
[3,706s][debug][gc,phases      ] GC(3)       JNI Weak                       Min: 0,00, Avg: 0,00, Max: 0,00, Diff: 0,00, Sum: 0,01, Workers: 15
[3,706s][debug][gc,phases      ] GC(3)         Dead                           Min: 0, Avg:  0,0, Max: 0, Diff: 0, Sum: 0, Workers: 15
[3,706s][debug][gc,phases      ] GC(3)         Total                          Min: 0, Avg:  0,0, Max: 0, Diff: 0, Sum: 0, Workers: 15
[3,706s][debug][gc,phases      ] GC(3)       StringDedup Table Weak         Min: 0,00, Avg: 0,01, Max: 0,02, Diff: 0,02, Sum: 0,12, Workers: 15
[3,706s][debug][gc,phases      ] GC(3)         Dead                           Min: 0, Avg:  0,0, Max: 0, Diff: 0, Sum: 0, Workers: 15
[3,706s][debug][gc,phases      ] GC(3)         Total                          Min: 0, Avg: 842,5, Max: 2845, Diff: 2845, Sum: 12637, Workers: 15
[3,706s][debug][gc,phases      ] GC(3)       StringDedup Requests0 Weak     Min: 0,00, Avg: 0,00, Max: 0,00, Diff: 0,00, Sum: 0,01, Workers: 15
[3,706s][debug][gc,phases      ] GC(3)         Dead                           Min: 0, Avg:  0,0, Max: 0, Diff: 0, Sum: 0, Workers: 15
[3,706s][debug][gc,phases      ] GC(3)         Total                          Min: 0, Avg:  0,0, Max: 0, Diff: 0, Sum: 0, Workers: 15
[3,707s][debug][gc,phases      ] GC(3)       StringDedup Requests1 Weak     Min: 0,00, Avg: 0,00, Max: 0,00, Diff: 0,00, Sum: 0,00, Workers: 15
[3,707s][debug][gc,phases      ] GC(3)         Dead                           Min: 0, Avg:  0,0, Max: 0, Diff: 0, Sum: 0, Workers: 15
[3,707s][debug][gc,phases      ] GC(3)         Total                          Min: 0, Avg:  0,0, Max: 0, Diff: 0, Sum: 0, Workers: 15
[3,707s][debug][gc,phases      ] GC(3)       Weak JFR Old Object Samples    Min: 0,00, Avg: 0,00, Max: 0,00, Diff: 0,00, Sum: 0,00, Workers: 15
[3,707s][debug][gc,phases      ] GC(3)         Dead                           Min: 0, Avg:  0,0, Max: 0, Diff: 0, Sum: 0, Workers: 15
[3,707s][debug][gc,phases      ] GC(3)         Total                          Min: 0, Avg:  0,0, Max: 0, Diff: 0, Sum: 0, Workers: 15
[3,707s][debug][gc,phases      ] GC(3)     Post Evacuate Cleanup 1: 0,11ms
[3,707s][debug][gc,phases      ] GC(3)       Merge Per-Thread State (ms):   Min: 0,04, Avg: 0,04, Max: 0,04, Diff: 0,00, Sum: 0,04, Workers: 1
[3,707s][debug][gc,phases      ] GC(3)         Copied Bytes                   Min: 4794040, Avg: 5987021,3, Max: 7386928, Diff: 2592888, Sum: 89805320, Workers: 15
[3,707s][debug][gc,phases      ] GC(3)         LAB Waste                      Min: 296, Avg: 3517,9, Max: 7976, Diff: 7680, Sum: 52768, Workers: 15
[3,707s][debug][gc,phases      ] GC(3)         LAB Undo Waste                 Min: 0, Avg:  0,0, Max: 0, Diff: 0, Sum: 0, Workers: 15
[3,707s][debug][gc,phases      ] GC(3)         Evac Fail Extra Cards          Min: 0, Avg:  0,0, Max: 0, Diff: 0, Sum: 0, Workers: 15
[3,707s][debug][gc,phases      ] GC(3)       Clear Logged Cards (ms):       Min: 0,00, Avg: 0,02, Max: 0,06, Diff: 0,06, Sum: 0,06, Workers: 3
[3,707s][debug][gc,phases      ] GC(3)       Recalculate Used Memory (ms):  Min: 0,00, Avg: 0,00, Max: 0,00, Diff: 0,00, Sum: 0,00, Workers: 1
[3,707s][debug][gc,phases      ] GC(3)     Post Evacuate Cleanup 2: 0,11ms
[3,707s][debug][gc,phases      ] GC(3)       Update Derived Pointers (ms):  Min: 0,00, Avg: 0,00, Max: 0,00, Diff: 0,00, Sum: 0,00, Workers: 1
[3,707s][debug][gc,phases      ] GC(3)       Eagerly Reclaim Humongous Objects (ms): skipped
[3,707s][debug][gc,phases      ] GC(3)         Humongous Total                skipped
[3,707s][debug][gc,phases      ] GC(3)         Humongous Candidates           skipped
[3,707s][debug][gc,phases      ] GC(3)         Humongous Reclaimed            skipped
[3,707s][debug][gc,phases      ] GC(3)       Redirty Logged Cards (ms):     Min: 0,00, Avg: 0,00, Max: 0,00, Diff: 0,00, Sum: 0,01, Workers: 15
[3,707s][debug][gc,phases      ] GC(3)         Redirtied Cards:               Min: 0, Avg:  5,3, Max: 75, Diff: 75, Sum: 80, Workers: 15
[3,707s][debug][gc,phases      ] GC(3)       Resize TLABs (ms):             Min: 0,00, Avg: 0,00, Max: 0,00, Diff: 0,00, Sum: 0,00, Workers: 15
[3,707s][debug][gc,phases      ] GC(3)       Free Collection Set (ms):      Min: 0,00, Avg: 0,01, Max: 0,02, Diff: 0,02, Sum: 0,12, Workers: 15
[3,707s][debug][gc,phases      ] GC(3)     Rebuild Free List: 0,09ms
[3,707s][debug][gc,phases      ] GC(3)     Prepare For Mutator: 0,13ms
[3,707s][debug][gc,phases      ] GC(3)     Expand Heap After Collection: 0,00ms
[3,707s][info ][gc,phases      ] GC(3)   Other: 0,42ms
[3,707s][debug][gc,remset      ] GC(3) Coarsening (recent): Inline->AoC 0 (0) AoC->Howl 0 (0) Howl->Full 0 (0) Inline->AoC 0 (0) AoC->BitMap 0 (0) BitMap->Full 0 (0) 
[3,707s][debug][gc,remset      ] GC(3) Coarsening (all): Inline->AoC 0 (0) AoC->Howl 0 (0) Howl->Full 0 (0) Inline->AoC 0 (0) AoC->BitMap 0 (0) BitMap->Full 0 (0) 
[3,707s][info ][gc,heap        ] GC(3) Eden regions: 56->0(56)
[3,707s][info ][gc,heap        ] GC(3) Survivor regions: 8->8(8)
[3,707s][info ][gc,heap        ] GC(3) Old regions: 35->49
[3,707s][info ][gc,heap        ] GC(3) Humongous regions: 0->0
[3,707s][info ][gc,metaspace   ] GC(3) Metaspace: 20018K(20288K)->20018K(20288K) NonClass: 17438K(17600K)->17438K(17600K) Class: 2579K(2688K)->2579K(2688K)
[3,707s][debug][gc,heap        ] GC(3) Heap after GC invocations=4 (full 0):
[3,707s][debug][gc,heap        ] GC(3)  garbage-first heap   total reserved 8388608K, committed 5246976K, used 229785K [0x0000000600000000, 0x0000000800000000)
[3,707s][debug][gc,heap        ] GC(3)   region size 4096K, 8 young (32768K), 8 survivors (32768K)
[3,707s][debug][gc,heap        ] GC(3)  Metaspace       used 20018K, committed 20288K, reserved 1114112K
[3,707s][debug][gc,heap        ] GC(3)   class space    used 2579K, committed 2688K, reserved 1048576K
[3,707s][info ][gc             ] GC(3) Pause Young (Normal) (G1 Evacuation Pause) 390M->224M(5124M) 14,163ms
[3,707s][info ][gc,cpu         ] GC(3) User=0,15s Sys=0,00s Real=0,01s
[3,707s][debug][gc,task        ] G1 Service Thread (Card Set Free Memory Task) (run: 2,126ms) (cpu: 0,067ms)
[3,707s][debug][gc,refine      ] Concurrent refinement: wanted 0, cards: 80, predicted: 1525, time: 530,27ms
[3,799s][debug][gc,refine      ] Concurrent refinement: wanted 0, cards: 80, predicted: 1264, time: 434,72ms
[3,883s][debug][gc,refine      ] Concurrent refinement: wanted 0, cards: 80, predicted: 1017, time: 343,96ms
[3,957s][debug][gc,refine      ] Concurrent refinement: wanted 0, cards: 80, predicted: 809, time: 267,52ms
[4,022s][debug][gc,refine      ] Concurrent refinement: wanted 0, cards: 80, predicted: 613, time: 195,86ms
[4,077s][debug][gc,refine      ] Concurrent refinement: wanted 0, cards: 80, predicted: 444, time: 133,76ms
[4,128s][debug][gc,refine      ] Concurrent refinement: wanted 0, cards: 80, predicted: 301, time: 81,21ms
[4,178s][debug][gc,refine      ] Concurrent refinement: wanted 0, cards: 80, predicted: 80, time: 28,66ms
[4,206s][info ][gc,start       ] GC(4) Pause Young (Normal) (G1 Evacuation Pause)
[4,206s][debug][gc,heap        ] GC(4) Heap before GC invocations=4 (full 0):
[4,206s][debug][gc,heap        ] GC(4)  garbage-first heap   total reserved 8388608K, committed 5246976K, used 459161K [0x0000000600000000, 0x0000000800000000)
[4,206s][debug][gc,heap        ] GC(4)   region size 4096K, 64 young (262144K), 8 survivors (32768K)
[4,206s][debug][gc,heap        ] GC(4)  Metaspace       used 20025K, committed 20288K, reserved 1114112K
[4,206s][debug][gc,heap        ] GC(4)   class space    used 2579K, committed 2688K, reserved 1048576K
[4,206s][info ][gc,task        ] GC(4) Using 15 workers of 15 for evacuation
[4,206s][debug][gc,age         ] GC(4) Desired survivor size 16777216 bytes, new threshold 1 (max threshold 15)
[4,206s][debug][gc,tlab        ] GC(4) TLAB totals: thrds: 1  refills: 112 max: 112 slow allocs: 0 max 0 waste:  0,0% gc: 0B max: 0B slow: 68168B max: 68168B
[4,206s][debug][gc,refine,stats] GC(4) Mutator refinement: 0,00ms, refined: 0, precleaned: 0, dirtied: 9
[4,206s][debug][gc,refine,stats] GC(4) Concurrent refinement: 0,00ms, refined: 0, precleaned: 0, dirtied: 0
[4,206s][debug][gc,refine,stats] GC(4) Total refinement: 0,00ms, refined: 0, precleaned: 0, dirtied: 9
[4,206s][debug][gc,refine,stats] GC(4) Generate dirty cards rate: 0,02 cards/ms
[4,206s][debug][gc,alloc,region] GC(4) Mutator Allocation stats, regions: 56, wasted size: 0B ( 0,0%)
[4,206s][debug][gc,ergo,cset   ] GC(4) No candidates to reclaim.
[4,206s][debug][gc,ergo        ] GC(4) Running G1 Merge Heap Roots using 15 workers for 64 regions
[4,207s][debug][gc,remset      ] GC(4) Visited cards 1984 Total dirty 73728 (2,69%) Total old 1449984 (0,14%)
[4,217s][debug][gc,ref         ] GC(4) Skipped SoftWeakFinalRefsPhase of Reference Processing: no references
[4,217s][debug][gc,ref         ] GC(4) Skipped KeepAliveFinalRefsPhase of Reference Processing: no references
[4,217s][debug][gc,ref         ] GC(4) Skipped PhantomRefsPhase of Reference Processing: no references
[4,218s][debug][gc,ergo        ] GC(4) Running G1 Rebuild Free List Task using 15 workers for rebuilding free list of regions
[4,218s][debug][gc,plab        ] GC(4) Young PLAB allocation: allocated: 33554432B, wasted: 18064B, unused: 0B, used: 33536368B, undo waste: 0B, 
[4,218s][debug][gc,plab        ] GC(4) Young other allocation: region end waste: 0B, regions filled: 8, num plab filled: 93, direct allocated: 0B, num direct allocated: 0, failure used: 0B, failure wasted: 0B
[4,218s][debug][gc,plab        ] GC(4) Young sizing: calculated: 6707272B, actual: 6700824B
[4,218s][debug][gc,plab        ] GC(4) Old PLAB allocation: allocated: 61601000B, wasted: 28128B, unused: 5368248B, used: 56204624B, undo waste: 0B, 
[4,218s][debug][gc,plab        ] GC(4) Old other allocation: region end waste: 0B, regions filled: 16, num plab filled: 88, direct allocated: 0B, num direct allocated: 0, failure used: 0B, failure wasted: 0B
[4,218s][debug][gc,plab        ] GC(4) Old sizing: calculated: 11240920B, actual: 11202704B
[4,218s][debug][gc,ergo,heap   ] GC(4) Heap expansion: short term pause time ratio 2,31% long term pause time ratio 0,98% threshold 7,69% pause time ratio 7,69% fully expanded false resize by 0B
[4,218s][debug][gc,mmu         ] GC(4) MMU: 12,2ms (200,0ms/201,0ms)
[4,218s][debug][gc,alloc,stats ] Old generation allocation in the last mutator period, old gen allocated: 61601000B, humongous allocated: 0B, old gen growth: 61601000B.
[4,218s][debug][gc,task,start  ] G1 Service Thread (Card Set Free Memory Task) (run 0,063ms after schedule)
[4,218s][debug][gc,ihop        ] GC(4) Basic information (value update), threshold: 2415919104B (45,00), target occupancy: 5368709120B, current occupancy: 296901808B, recent allocation size: 61601000B, recent allocation duration: 500,70ms, recent old gen allocation rate: 123030589,35B/s, recent marking phase length: 0,00ms
[4,218s][debug][gc,ihop        ] GC(4) Adaptive IHOP information (value update), threshold: 2415919104B (47,37), internal target occupancy: 5100273664B, occupancy: 296901808B, additional buffer size: 268435456B, predicted old gen allocation rate: 51372232,68B/s, predicted marking phase length: 0,00ms, prediction active: false
[4,218s][debug][gc,ergo,refine ] GC(4) GC refinement: goal: 1236200 + 140 / 20,00ms, actual: 89 / 0,02ms, 
[4,218s][debug][gc,ergo,refine ] GC(4) Unchanged pending cards target: 1236200
[4,218s][info ][gc,phases      ] GC(4)   Pre Evacuate Collection Set: 0,42ms
[4,218s][debug][gc,phases      ] GC(4)     Pre Evacuate Prepare: 0,15ms
[4,218s][debug][gc,phases      ] GC(4)       JT Retire TLABs And Flush Logs (ms): Min: 0,00, Avg: 0,00, Max: 0,01, Diff: 0,01, Sum: 0,01, Workers: 2
[4,218s][debug][gc,phases      ] GC(4)       Non-JT Flush Logs (ms):        Min: 0,01, Avg: 0,01, Max: 0,01, Diff: 0,00, Sum: 0,01, Workers: 1
[4,218s][debug][gc,phases      ] GC(4)     Choose Collection Set: 0,02ms
[4,218s][debug][gc,phases      ] GC(4)     Region Register: 0,26ms
[4,218s][debug][gc,phases      ] GC(4)     Prepare Heap Roots: 0,00ms
[4,218s][info ][gc,phases      ] GC(4)   Merge Heap Roots: 0,47ms
[4,218s][debug][gc,phases      ] GC(4)     Prepare Merge Heap Roots: 0,03ms
[4,218s][debug][gc,phases      ] GC(4)     Remembered Sets (ms):          Min: 0,00, Avg: 0,00, Max: 0,02, Diff: 0,02, Sum: 0,07, Workers: 15
[4,218s][debug][gc,phases      ] GC(4)       Eager Reclaim (ms):            skipped
[4,218s][debug][gc,phases      ] GC(4)       Merged Inline                  Min: 0, Avg:  0,0, Max: 0, Diff: 0, Sum: 0, Workers: 15
[4,218s][debug][gc,phases      ] GC(4)       Merged ArrayOfCards            Min: 0, Avg:  0,0, Max: 0, Diff: 0, Sum: 0, Workers: 15
[4,218s][debug][gc,phases      ] GC(4)       Merged Howl                    Min: 0, Avg:  0,0, Max: 0, Diff: 0, Sum: 0, Workers: 15
[4,218s][debug][gc,phases      ] GC(4)       Merged Full                    Min: 0, Avg:  0,0, Max: 0, Diff: 0, Sum: 0, Workers: 15
[4,218s][debug][gc,phases      ] GC(4)       Merged Howl Inline             Min: 0, Avg:  0,0, Max: 0, Diff: 0, Sum: 0, Workers: 15
[4,218s][debug][gc,phases      ] GC(4)       Merged Howl ArrayOfCards       Min: 0, Avg:  0,0, Max: 0, Diff: 0, Sum: 0, Workers: 15
[4,218s][debug][gc,phases      ] GC(4)       Merged Howl BitMap             Min: 0, Avg:  0,0, Max: 0, Diff: 0, Sum: 0, Workers: 15
[4,218s][debug][gc,phases      ] GC(4)       Merged Howl Full               Min: 0, Avg:  0,0, Max: 0, Diff: 0, Sum: 0, Workers: 15
[4,219s][debug][gc,phases      ] GC(4)       Merged Cards                   Min: 8, Avg:  8,0, Max: 8, Diff: 0, Sum: 120, Workers: 15
[4,219s][debug][gc,phases      ] GC(4)     Log Buffers (ms):              Min: 0,00, Avg: 0,00, Max: 0,01, Diff: 0,01, Sum: 0,01, Workers: 15
[4,219s][debug][gc,phases      ] GC(4)       Dirty Cards:                   Min: 0, Avg:  5,9, Max: 89, Diff: 89, Sum: 89, Workers: 15
[4,219s][debug][gc,phases      ] GC(4)       Skipped Cards:                 Min: 0, Avg:  0,0, Max: 0, Diff: 0, Sum: 0, Workers: 15
[4,219s][info ][gc,phases      ] GC(4)   Evacuate Collection Set: 10,10ms
[4,219s][debug][gc,phases      ] GC(4)     Ext Root Scanning (ms):        Min: 0,00, Avg: 0,03, Max: 0,16, Diff: 0,16, Sum: 0,48, Workers: 15
[4,219s][debug][gc,phases      ] GC(4)     Scan Heap Roots (ms):          Min: 0,00, Avg: 0,02, Max: 0,08, Diff: 0,08, Sum: 0,34, Workers: 15
[4,219s][debug][gc,phases      ] GC(4)       Scanned Cards:                 Min: 0, Avg:  3,2, Max: 17, Diff: 17, Sum: 48, Workers: 15
[4,219s][debug][gc,phases      ] GC(4)       Scanned Blocks:                Min: 0, Avg:  2,3, Max: 17, Diff: 17, Sum: 35, Workers: 15
[4,219s][debug][gc,phases      ] GC(4)       Claimed Chunks:                Min: 0, Avg:  2,1, Max: 15, Diff: 15, Sum: 31, Workers: 15
[4,219s][debug][gc,phases      ] GC(4)       Found Roots:                   Min: 0, Avg: 82,5, Max: 447, Diff: 447, Sum: 1238, Workers: 15
[4,219s][debug][gc,phases      ] GC(4)     Code Root Scan (ms):           Min: 0,00, Avg: 0,00, Max: 0,01, Diff: 0,00, Sum: 0,06, Workers: 15
[4,219s][debug][gc,phases      ] GC(4)       Scanned Nmethods               Min: 0, Avg:  0,0, Max: 0, Diff: 0, Sum: 0, Workers: 15
[4,219s][debug][gc,phases      ] GC(4)     Object Copy (ms):              Min: 9,68, Avg: 9,72, Max: 9,74, Diff: 0,06, Sum: 145,77, Workers: 15
[4,219s][debug][gc,phases      ] GC(4)     Termination (ms):              Min: 0,05, Avg: 0,09, Max: 0,14, Diff: 0,09, Sum: 1,42, Workers: 15
[4,219s][debug][gc,phases      ] GC(4)       Termination Attempts:          Min: 1, Avg:  1,0, Max: 1, Diff: 0, Sum: 15, Workers: 15
[4,219s][debug][gc,phases      ] GC(4)     GC Worker Other (ms):          Min: 0,01, Avg: 0,01, Max: 0,02, Diff: 0,01, Sum: 0,19, Workers: 15
[4,219s][debug][gc,phases      ] GC(4)     GC Worker Total (ms):          Min: 9,80, Avg: 9,88, Max: 9,97, Diff: 0,17, Sum: 148,26, Workers: 15
[4,219s][info ][gc,phases      ] GC(4)   Post Evacuate Collection Set: 1,03ms
[4,219s][debug][gc,phases      ] GC(4)     NMethod List Cleanup: 0,01ms
[4,219s][debug][gc,phases      ] GC(4)     Reference Processing: 0,11ms
[4,219s][debug][gc,phases,ref  ] GC(4)       Notify Soft/WeakReferences: 0,1ms
[4,219s][debug][gc,phases,ref  ] GC(4)         SoftRef (ms):                  skipped
[4,219s][debug][gc,phases,ref  ] GC(4)         WeakRef (ms):                  skipped
[4,219s][debug][gc,phases,ref  ] GC(4)         FinalRef (ms):                 skipped
[4,219s][debug][gc,phases,ref  ] GC(4)         Total (ms):                    skipped
[4,219s][debug][gc,phases,ref  ] GC(4)       Notify and keep alive finalizable: 0,0ms
[4,219s][debug][gc,phases,ref  ] GC(4)         FinalRef (ms):                 skipped
[4,219s][debug][gc,phases,ref  ] GC(4)       Notify PhantomReferences: 0,0ms
[4,219s][debug][gc,phases,ref  ] GC(4)         PhantomRef (ms):               skipped
[4,219s][debug][gc,phases,ref  ] GC(4)       SoftReference Discovered: 0, Dropped: 0, Processed: 0
[4,219s][debug][gc,phases,ref  ] GC(4)       WeakReference Discovered: 0, Dropped: 0, Processed: 0
[4,219s][debug][gc,phases,ref  ] GC(4)       FinalReference Discovered: 0, Dropped: 0, Processed: 0
[4,219s][debug][gc,phases,ref  ] GC(4)       PhantomReference Discovered: 0, Dropped: 0, Processed: 0
[4,219s][debug][gc,phases      ] GC(4)     Weak Processing: 0,17ms
[4,219s][debug][gc,phases      ] GC(4)       VM Weak                        Min: 0,00, Avg: 0,00, Max: 0,00, Diff: 0,00, Sum: 0,02, Workers: 15
[4,219s][debug][gc,phases      ] GC(4)         Dead                           Min: 0, Avg:  0,0, Max: 0, Diff: 0, Sum: 0, Workers: 15
[4,219s][debug][gc,phases      ] GC(4)         Total                          Min: 0, Avg: 11,0, Max: 64, Diff: 64, Sum: 165, Workers: 15
[4,219s][debug][gc,phases      ] GC(4)       ObjectSynchronizer Weak        Min: 0,00, Avg: 0,00, Max: 0,00, Diff: 0,00, Sum: 0,01, Workers: 15
[4,219s][debug][gc,phases      ] GC(4)         Dead                           Min: 0, Avg:  0,0, Max: 0, Diff: 0, Sum: 0, Workers: 15
[4,219s][debug][gc,phases      ] GC(4)         Total                          Min: 0, Avg:  1,8, Max: 27, Diff: 27, Sum: 27, Workers: 15
[4,219s][debug][gc,phases      ] GC(4)       JVMTI Tag Weak OopStorage      Min: 0,00, Avg: 0,00, Max: 0,00, Diff: 0,00, Sum: 0,01, Workers: 15
[4,219s][debug][gc,phases      ] GC(4)         Dead                           Min: 0, Avg:  0,0, Max: 0, Diff: 0, Sum: 0, Workers: 15
[4,219s][debug][gc,phases      ] GC(4)         Total                          Min: 0, Avg:  0,0, Max: 0, Diff: 0, Sum: 0, Workers: 15
[4,219s][debug][gc,phases      ] GC(4)       StringTable Weak               Min: 0,00, Avg: 0,01, Max: 0,05, Diff: 0,05, Sum: 0,15, Workers: 15
[4,219s][debug][gc,phases      ] GC(4)         Dead                           Min: 0, Avg:  0,0, Max: 0, Diff: 0, Sum: 0, Workers: 15
[4,219s][debug][gc,phases      ] GC(4)         Total                          Min: 0, Avg: 536,9, Max: 4214, Diff: 4214, Sum: 8054, Workers: 15
[4,219s][debug][gc,phases      ] GC(4)       ResolvedMethodTable Weak       Min: 0,00, Avg: 0,00, Max: 0,01, Diff: 0,01, Sum: 0,04, Workers: 15
[4,219s][debug][gc,phases      ] GC(4)         Dead                           Min: 0, Avg:  0,0, Max: 0, Diff: 0, Sum: 0, Workers: 15
[4,219s][debug][gc,phases      ] GC(4)         Total                          Min: 0, Avg: 111,5, Max: 576, Diff: 576, Sum: 1673, Workers: 15
[4,219s][debug][gc,phases      ] GC(4)       JNI Weak                       Min: 0,00, Avg: 0,00, Max: 0,00, Diff: 0,00, Sum: 0,01, Workers: 15
[4,219s][debug][gc,phases      ] GC(4)         Dead                           Min: 0, Avg:  0,0, Max: 0, Diff: 0, Sum: 0, Workers: 15
[4,219s][debug][gc,phases      ] GC(4)         Total                          Min: 0, Avg:  0,0, Max: 0, Diff: 0, Sum: 0, Workers: 15
[4,219s][debug][gc,phases      ] GC(4)       StringDedup Table Weak         Min: 0,00, Avg: 0,01, Max: 0,02, Diff: 0,02, Sum: 0,21, Workers: 15
[4,219s][debug][gc,phases      ] GC(4)         Dead                           Min: 0, Avg:  0,0, Max: 0, Diff: 0, Sum: 0, Workers: 15
[4,219s][debug][gc,phases      ] GC(4)         Total                          Min: 0, Avg: 842,5, Max: 2048, Diff: 2048, Sum: 12637, Workers: 15
[4,219s][debug][gc,phases      ] GC(4)       StringDedup Requests0 Weak     Min: 0,00, Avg: 0,00, Max: 0,00, Diff: 0,00, Sum: 0,01, Workers: 15
[4,219s][debug][gc,phases      ] GC(4)         Dead                           Min: 0, Avg:  0,0, Max: 0, Diff: 0, Sum: 0, Workers: 15
[4,219s][debug][gc,phases      ] GC(4)         Total                          Min: 0, Avg:  0,0, Max: 0, Diff: 0, Sum: 0, Workers: 15
[4,219s][debug][gc,phases      ] GC(4)       StringDedup Requests1 Weak     Min: 0,00, Avg: 0,00, Max: 0,00, Diff: 0,00, Sum: 0,01, Workers: 15
[4,219s][debug][gc,phases      ] GC(4)         Dead                           Min: 0, Avg:  0,0, Max: 0, Diff: 0, Sum: 0, Workers: 15
[4,219s][debug][gc,phases      ] GC(4)         Total                          Min: 0, Avg:  0,0, Max: 0, Diff: 0, Sum: 0, Workers: 15
[4,219s][debug][gc,phases      ] GC(4)       Weak JFR Old Object Samples    Min: 0,00, Avg: 0,00, Max: 0,00, Diff: 0,00, Sum: 0,01, Workers: 15
[4,219s][debug][gc,phases      ] GC(4)         Dead                           Min: 0, Avg:  0,0, Max: 0, Diff: 0, Sum: 0, Workers: 15
[4,219s][debug][gc,phases      ] GC(4)         Total                          Min: 0, Avg:  0,0, Max: 0, Diff: 0, Sum: 0, Workers: 15
[4,219s][debug][gc,phases      ] GC(4)     Post Evacuate Cleanup 1: 0,23ms
[4,219s][debug][gc,phases      ] GC(4)       Merge Per-Thread State (ms):   Min: 0,03, Avg: 0,03, Max: 0,03, Diff: 0,00, Sum: 0,03, Workers: 1
[4,219s][debug][gc,phases      ] GC(4)         Copied Bytes                   Min: 1428200, Avg: 5982732,8, Max: 7607976, Diff: 6179776, Sum: 89740992, Workers: 15
[4,219s][debug][gc,phases      ] GC(4)         LAB Waste                      Min: 32, Avg: 3079,5, Max: 5536, Diff: 5504, Sum: 46192, Workers: 15
[4,220s][debug][gc,phases      ] GC(4)         LAB Undo Waste                 Min: 0, Avg:  0,0, Max: 0, Diff: 0, Sum: 0, Workers: 15
[4,220s][debug][gc,phases      ] GC(4)         Evac Fail Extra Cards          Min: 0, Avg:  0,0, Max: 0, Diff: 0, Sum: 0, Workers: 15
[4,220s][debug][gc,phases      ] GC(4)       Clear Logged Cards (ms):       Min: 0,00, Avg: 0,02, Max: 0,07, Diff: 0,07, Sum: 0,07, Workers: 3
[4,220s][debug][gc,phases      ] GC(4)       Recalculate Used Memory (ms):  Min: 0,00, Avg: 0,00, Max: 0,00, Diff: 0,00, Sum: 0,00, Workers: 1
[4,220s][debug][gc,phases      ] GC(4)     Post Evacuate Cleanup 2: 0,24ms
[4,220s][debug][gc,phases      ] GC(4)       Update Derived Pointers (ms):  Min: 0,00, Avg: 0,00, Max: 0,00, Diff: 0,00, Sum: 0,00, Workers: 1
[4,220s][debug][gc,phases      ] GC(4)       Eagerly Reclaim Humongous Objects (ms): skipped
[4,220s][debug][gc,phases      ] GC(4)         Humongous Total                skipped
[4,220s][debug][gc,phases      ] GC(4)         Humongous Candidates           skipped
[4,220s][debug][gc,phases      ] GC(4)         Humongous Reclaimed            skipped
[4,220s][debug][gc,phases      ] GC(4)       Redirty Logged Cards (ms):     Min: 0,00, Avg: 0,00, Max: 0,01, Diff: 0,01, Sum: 0,06, Workers: 15
[4,220s][debug][gc,phases      ] GC(4)         Redirtied Cards:               Min: 0, Avg:  5,9, Max: 42, Diff: 42, Sum: 89, Workers: 15
[4,220s][debug][gc,phases      ] GC(4)       Resize TLABs (ms):             Min: 0,00, Avg: 0,00, Max: 0,00, Diff: 0,00, Sum: 0,01, Workers: 15
[4,220s][debug][gc,phases      ] GC(4)       Free Collection Set (ms):      Min: 0,01, Avg: 0,03, Max: 0,04, Diff: 0,04, Sum: 0,45, Workers: 15
[4,220s][debug][gc,phases      ] GC(4)     Rebuild Free List: 0,18ms
[4,220s][debug][gc,phases      ] GC(4)     Prepare For Mutator: 0,10ms
[4,220s][debug][gc,phases      ] GC(4)     Expand Heap After Collection: 0,00ms
[4,220s][info ][gc,phases      ] GC(4)   Other: 0,44ms
[4,220s][debug][gc,remset      ] GC(4) Coarsening (recent): Inline->AoC 0 (0) AoC->Howl 0 (0) Howl->Full 0 (0) Inline->AoC 0 (0) AoC->BitMap 0 (0) BitMap->Full 0 (0) 
[4,220s][debug][gc,remset      ] GC(4) Coarsening (all): Inline->AoC 0 (0) AoC->Howl 0 (0) Howl->Full 0 (0) Inline->AoC 0 (0) AoC->BitMap 0 (0) BitMap->Full 0 (0) 
[4,220s][info ][gc,heap        ] GC(4) Eden regions: 56->0(56)
[4,220s][info ][gc,heap        ] GC(4) Survivor regions: 8->8(8)
[4,220s][info ][gc,heap        ] GC(4) Old regions: 49->64
[4,220s][info ][gc,heap        ] GC(4) Humongous regions: 0->0
[4,220s][info ][gc,metaspace   ] GC(4) Metaspace: 20025K(20288K)->20025K(20288K) NonClass: 17445K(17600K)->17445K(17600K) Class: 2579K(2688K)->2579K(2688K)
[4,220s][debug][gc,heap        ] GC(4) Heap after GC invocations=5 (full 0):
[4,220s][debug][gc,heap        ] GC(4)  garbage-first heap   total reserved 8388608K, committed 5246976K, used 289943K [0x0000000600000000, 0x0000000800000000)
[4,220s][debug][gc,heap        ] GC(4)   region size 4096K, 8 young (32768K), 8 survivors (32768K)
[4,220s][debug][gc,heap        ] GC(4)  Metaspace       used 20025K, committed 20288K, reserved 1114112K
[4,220s][debug][gc,heap        ] GC(4)   class space    used 2579K, committed 2688K, reserved 1048576K
[4,220s][info ][gc             ] GC(4) Pause Young (Normal) (G1 Evacuation Pause) 448M->283M(5124M) 14,328ms
[4,220s][info ][gc,cpu         ] GC(4) User=0,14s Sys=0,00s Real=0,01s
[4,220s][debug][gc,task        ] G1 Service Thread (Card Set Free Memory Task) (run: 2,152ms) (cpu: 0,129ms)
[4,220s][debug][gc,refine      ] Concurrent refinement: wanted 0, cards: 89, predicted: 1170, time: 505,72ms
[4,309s][debug][gc,refine      ] Concurrent refinement: wanted 0, cards: 89, predicted: 975, time: 414,60ms
[4,390s][debug][gc,task,start  ] G1 Service Thread (Periodic GC Task) (run 0,766ms after schedule)
[4,390s][debug][gc,task        ] G1 Service Thread (Periodic GC Task) (run: 0,045ms) (cpu: 0,072ms)
[4,391s][debug][gc,refine      ] Concurrent refinement: wanted 0, cards: 89, predicted: 800, time: 332,59ms
[4,463s][debug][gc,refine      ] Concurrent refinement: wanted 0, cards: 89, predicted: 644, time: 259,70ms
[4,527s][debug][gc,refine      ] Concurrent refinement: wanted 0, cards: 89, predicted: 498, time: 191,35ms
[4,582s][debug][gc,refine      ] Concurrent refinement: wanted 0, cards: 89, predicted: 371, time: 132,13ms
[4,632s][debug][gc,refine      ] Concurrent refinement: wanted 0, cards: 89, predicted: 264, time: 82,01ms
[4,683s][debug][gc,refine      ] Concurrent refinement: wanted 0, cards: 89, predicted: 89, time: 31,89ms
[4,714s][info ][gc,start       ] GC(5) Pause Young (Normal) (G1 Evacuation Pause)
[4,714s][debug][gc,heap        ] GC(5) Heap before GC invocations=5 (full 0):
[4,714s][debug][gc,heap        ] GC(5)  garbage-first heap   total reserved 8388608K, committed 5246976K, used 519319K [0x0000000600000000, 0x0000000800000000)
[4,714s][debug][gc,heap        ] GC(5)   region size 4096K, 64 young (262144K), 8 survivors (32768K)
[4,714s][debug][gc,heap        ] GC(5)  Metaspace       used 20025K, committed 20288K, reserved 1114112K
[4,714s][debug][gc,heap        ] GC(5)   class space    used 2579K, committed 2688K, reserved 1048576K
[4,714s][info ][gc,task        ] GC(5) Using 15 workers of 15 for evacuation
[4,714s][debug][gc,age         ] GC(5) Desired survivor size 16777216 bytes, new threshold 1 (max threshold 15)
[4,715s][debug][gc,tlab        ] GC(5) TLAB totals: thrds: 1  refills: 112 max: 112 slow allocs: 0 max 0 waste:  0,0% gc: 0B max: 0B slow: 83528B max: 83528B
[4,715s][debug][gc,refine,stats] GC(5) Mutator refinement: 0,00ms, refined: 0, precleaned: 0, dirtied: 6
[4,715s][debug][gc,refine,stats] GC(5) Concurrent refinement: 0,00ms, refined: 0, precleaned: 0, dirtied: 0
[4,715s][debug][gc,refine,stats] GC(5) Total refinement: 0,00ms, refined: 0, precleaned: 0, dirtied: 6
[4,715s][debug][gc,refine,stats] GC(5) Generate dirty cards rate: 0,01 cards/ms
[4,715s][debug][gc,alloc,region] GC(5) Mutator Allocation stats, regions: 56, wasted size: 0B ( 0,0%)
[4,715s][debug][gc,ergo,cset   ] GC(5) No candidates to reclaim.
[4,715s][debug][gc,ergo        ] GC(5) Running G1 Merge Heap Roots using 15 workers for 64 regions
[4,715s][debug][gc,remset      ] GC(5) Visited cards 1536 Total dirty 90112 (1,70%) Total old 1572864 (0,10%)
[4,725s][debug][gc,ref         ] GC(5) Skipped SoftWeakFinalRefsPhase of Reference Processing: no references
[4,725s][debug][gc,ref         ] GC(5) Skipped KeepAliveFinalRefsPhase of Reference Processing: no references
[4,725s][debug][gc,ref         ] GC(5) Skipped PhantomRefsPhase of Reference Processing: no references
[4,726s][debug][gc,ergo        ] GC(5) Running G1 Rebuild Free List Task using 15 workers for rebuilding free list of regions
[4,726s][debug][gc,plab        ] GC(5) Young PLAB allocation: allocated: 33554432B, wasted: 18720B, unused: 0B, used: 33535712B, undo waste: 0B, 
[4,726s][debug][gc,plab        ] GC(5) Young other allocation: region end waste: 0B, regions filled: 8, num plab filled: 93, direct allocated: 0B, num direct allocated: 0, failure used: 0B, failure wasted: 0B
[4,726s][debug][gc,plab        ] GC(5) Young sizing: calculated: 6707136B, actual: 6705552B
[4,726s][debug][gc,plab        ] GC(5) Old PLAB allocation: allocated: 60696960B, wasted: 26568B, unused: 4386024B, used: 56284368B, undo waste: 0B, 
[4,726s][debug][gc,plab        ] GC(5) Old other allocation: region end waste: 0B, regions filled: 15, num plab filled: 87, direct allocated: 0B, num direct allocated: 0, failure used: 0B, failure wasted: 0B
[4,726s][debug][gc,plab        ] GC(5) Old sizing: calculated: 11256872B, actual: 11243328B
[4,726s][debug][gc,ergo,heap   ] GC(5) Heap expansion: short term pause time ratio 2,38% long term pause time ratio 1,15% threshold 7,69% pause time ratio 7,69% fully expanded false resize by 0B
[4,726s][debug][gc,mmu         ] GC(5) MMU: 11,6ms (200,0ms/201,0ms)
[4,726s][debug][gc,task,start  ] G1 Service Thread (Card Set Free Memory Task) (run 0,052ms after schedule)
[4,726s][debug][gc,alloc,stats ] Old generation allocation in the last mutator period, old gen allocated: 60696960B, humongous allocated: 0B, old gen growth: 60696960B.
[4,726s][debug][gc,ihop        ] GC(5) Basic information (value update), threshold: 2415919104B (45,00), target occupancy: 5368709120B, current occupancy: 357598768B, recent allocation size: 60696960B, recent allocation duration: 496,43ms, recent old gen allocation rate: 122267641,88B/s, recent marking phase length: 0,00ms
[4,726s][debug][gc,ihop        ] GC(5) Adaptive IHOP information (value update), threshold: 2415919104B (47,37), internal target occupancy: 5100273664B, occupancy: 357598768B, additional buffer size: 268435456B, predicted old gen allocation rate: 57750345,68B/s, predicted marking phase length: 0,00ms, prediction active: false
[4,726s][debug][gc,ergo,refine ] GC(5) GC refinement: goal: 1236200 + 111 / 20,00ms, actual: 95 / 0,02ms, 
[4,726s][debug][gc,ergo,refine ] GC(5) Unchanged pending cards target: 1236200
[4,726s][info ][gc,phases      ] GC(5)   Pre Evacuate Collection Set: 0,37ms
[4,726s][debug][gc,phases      ] GC(5)     Pre Evacuate Prepare: 0,10ms
[4,726s][debug][gc,phases      ] GC(5)       JT Retire TLABs And Flush Logs (ms): Min: 0,00, Avg: 0,01, Max: 0,02, Diff: 0,02, Sum: 0,02, Workers: 2
[4,726s][debug][gc,phases      ] GC(5)       Non-JT Flush Logs (ms):        Min: 0,01, Avg: 0,01, Max: 0,01, Diff: 0,00, Sum: 0,01, Workers: 1
[4,726s][debug][gc,phases      ] GC(5)     Choose Collection Set: 0,02ms
[4,726s][debug][gc,phases      ] GC(5)     Region Register: 0,25ms
[4,726s][debug][gc,phases      ] GC(5)     Prepare Heap Roots: 0,00ms
[4,726s][info ][gc,phases      ] GC(5)   Merge Heap Roots: 0,47ms
[4,726s][debug][gc,phases      ] GC(5)     Prepare Merge Heap Roots: 0,03ms
[4,726s][debug][gc,phases      ] GC(5)     Remembered Sets (ms):          Min: 0,00, Avg: 0,00, Max: 0,01, Diff: 0,01, Sum: 0,07, Workers: 15
[4,726s][debug][gc,phases      ] GC(5)       Eager Reclaim (ms):            skipped
[4,726s][debug][gc,phases      ] GC(5)       Merged Inline                  Min: 0, Avg:  0,0, Max: 0, Diff: 0, Sum: 0, Workers: 15
[4,726s][debug][gc,phases      ] GC(5)       Merged ArrayOfCards            Min: 0, Avg:  0,0, Max: 0, Diff: 0, Sum: 0, Workers: 15
[4,726s][debug][gc,phases      ] GC(5)       Merged Howl                    Min: 0, Avg:  0,0, Max: 0, Diff: 0, Sum: 0, Workers: 15
[4,726s][debug][gc,phases      ] GC(5)       Merged Full                    Min: 0, Avg:  0,0, Max: 0, Diff: 0, Sum: 0, Workers: 15
[4,727s][debug][gc,phases      ] GC(5)       Merged Howl Inline             Min: 0, Avg:  0,0, Max: 0, Diff: 0, Sum: 0, Workers: 15
[4,727s][debug][gc,phases      ] GC(5)       Merged Howl ArrayOfCards       Min: 0, Avg:  0,0, Max: 0, Diff: 0, Sum: 0, Workers: 15
[4,727s][debug][gc,phases      ] GC(5)       Merged Howl BitMap             Min: 0, Avg:  0,0, Max: 0, Diff: 0, Sum: 0, Workers: 15
[4,727s][debug][gc,phases      ] GC(5)       Merged Howl Full               Min: 0, Avg:  0,0, Max: 0, Diff: 0, Sum: 0, Workers: 15
[4,727s][debug][gc,phases      ] GC(5)       Merged Cards                   Min: 8, Avg:  8,0, Max: 8, Diff: 0, Sum: 120, Workers: 15
[4,727s][debug][gc,phases      ] GC(5)     Log Buffers (ms):              Min: 0,00, Avg: 0,00, Max: 0,01, Diff: 0,01, Sum: 0,02, Workers: 15
[4,727s][debug][gc,phases      ] GC(5)       Dirty Cards:                   Min: 0, Avg:  6,3, Max: 73, Diff: 73, Sum: 95, Workers: 15
[4,727s][debug][gc,phases      ] GC(5)       Skipped Cards:                 Min: 0, Avg:  0,0, Max: 0, Diff: 0, Sum: 0, Workers: 15
[4,727s][info ][gc,phases      ] GC(5)   Evacuate Collection Set: 9,89ms
[4,727s][debug][gc,phases      ] GC(5)     Ext Root Scanning (ms):        Min: 0,00, Avg: 0,03, Max: 0,15, Diff: 0,15, Sum: 0,43, Workers: 15
[4,727s][debug][gc,phases      ] GC(5)     Scan Heap Roots (ms):          Min: 0,00, Avg: 0,02, Max: 0,04, Diff: 0,04, Sum: 0,32, Workers: 15
[4,727s][debug][gc,phases      ] GC(5)       Scanned Cards:                 Min: 0, Avg:  3,3, Max: 9, Diff: 9, Sum: 49, Workers: 15
[4,727s][debug][gc,phases      ] GC(5)       Scanned Blocks:                Min: 0, Avg:  2,1, Max: 6, Diff: 6, Sum: 32, Workers: 15
[4,727s][debug][gc,phases      ] GC(5)       Claimed Chunks:                Min: 0, Avg:  1,6, Max: 4, Diff: 4, Sum: 24, Workers: 15
[4,727s][debug][gc,phases      ] GC(5)       Found Roots:                   Min: 0, Avg: 117,2, Max: 837, Diff: 837, Sum: 1758, Workers: 15
[4,727s][debug][gc,phases      ] GC(5)     Code Root Scan (ms):           Min: 0,00, Avg: 0,00, Max: 0,01, Diff: 0,01, Sum: 0,06, Workers: 15
[4,727s][debug][gc,phases      ] GC(5)       Scanned Nmethods               Min: 0, Avg:  0,0, Max: 0, Diff: 0, Sum: 0, Workers: 15
[4,727s][debug][gc,phases      ] GC(5)     Object Copy (ms):              Min: 9,52, Avg: 9,55, Max: 9,56, Diff: 0,04, Sum: 143,25, Workers: 15
[4,727s][debug][gc,phases      ] GC(5)     Termination (ms):              Min: 0,04, Avg: 0,09, Max: 0,13, Diff: 0,09, Sum: 1,28, Workers: 15
[4,727s][debug][gc,phases      ] GC(5)       Termination Attempts:          Min: 1, Avg:  1,0, Max: 1, Diff: 0, Sum: 15, Workers: 15
[4,727s][debug][gc,phases      ] GC(5)     GC Worker Other (ms):          Min: 0,01, Avg: 0,02, Max: 0,02, Diff: 0,01, Sum: 0,23, Workers: 15
[4,727s][debug][gc,phases      ] GC(5)     GC Worker Total (ms):          Min: 9,67, Avg: 9,70, Max: 9,78, Diff: 0,12, Sum: 145,57, Workers: 15
[4,727s][info ][gc,phases      ] GC(5)   Post Evacuate Collection Set: 0,73ms
[4,727s][debug][gc,phases      ] GC(5)     NMethod List Cleanup: 0,01ms
[4,727s][debug][gc,phases      ] GC(5)     Reference Processing: 0,11ms
[4,727s][debug][gc,phases,ref  ] GC(5)       Notify Soft/WeakReferences: 0,1ms
[4,727s][debug][gc,phases,ref  ] GC(5)         SoftRef (ms):                  skipped
[4,727s][debug][gc,phases,ref  ] GC(5)         WeakRef (ms):                  skipped
[4,727s][debug][gc,phases,ref  ] GC(5)         FinalRef (ms):                 skipped
[4,727s][debug][gc,phases,ref  ] GC(5)         Total (ms):                    skipped
[4,727s][debug][gc,phases,ref  ] GC(5)       Notify and keep alive finalizable: 0,0ms
[4,727s][debug][gc,phases,ref  ] GC(5)         FinalRef (ms):                 skipped
[4,727s][debug][gc,phases,ref  ] GC(5)       Notify PhantomReferences: 0,0ms
[4,727s][debug][gc,phases,ref  ] GC(5)         PhantomRef (ms):               skipped
[4,727s][debug][gc,phases,ref  ] GC(5)       SoftReference Discovered: 0, Dropped: 0, Processed: 0
[4,727s][debug][gc,phases,ref  ] GC(5)       WeakReference Discovered: 0, Dropped: 0, Processed: 0
[4,727s][debug][gc,phases,ref  ] GC(5)       FinalReference Discovered: 0, Dropped: 0, Processed: 0
[4,727s][debug][gc,phases,ref  ] GC(5)       PhantomReference Discovered: 0, Dropped: 0, Processed: 0
[4,727s][debug][gc,phases      ] GC(5)     Weak Processing: 0,16ms
[4,727s][debug][gc,phases      ] GC(5)       VM Weak                        Min: 0,00, Avg: 0,00, Max: 0,00, Diff: 0,00, Sum: 0,01, Workers: 15
[4,727s][debug][gc,phases      ] GC(5)         Dead                           Min: 0, Avg:  0,0, Max: 0, Diff: 0, Sum: 0, Workers: 15
[4,727s][debug][gc,phases      ] GC(5)         Total                          Min: 0, Avg: 11,0, Max: 128, Diff: 128, Sum: 165, Workers: 15
[4,727s][debug][gc,phases      ] GC(5)       ObjectSynchronizer Weak        Min: 0,00, Avg: 0,00, Max: 0,00, Diff: 0,00, Sum: 0,00, Workers: 15
[4,727s][debug][gc,phases      ] GC(5)         Dead                           Min: 0, Avg:  0,0, Max: 0, Diff: 0, Sum: 0, Workers: 15
[4,727s][debug][gc,phases      ] GC(5)         Total                          Min: 0, Avg:  1,8, Max: 27, Diff: 27, Sum: 27, Workers: 15
[4,727s][debug][gc,phases      ] GC(5)       JVMTI Tag Weak OopStorage      Min: 0,00, Avg: 0,00, Max: 0,00, Diff: 0,00, Sum: 0,00, Workers: 15
[4,727s][debug][gc,phases      ] GC(5)         Dead                           Min: 0, Avg:  0,0, Max: 0, Diff: 0, Sum: 0, Workers: 15
[4,727s][debug][gc,phases      ] GC(5)         Total                          Min: 0, Avg:  0,0, Max: 0, Diff: 0, Sum: 0, Workers: 15
[4,727s][debug][gc,phases      ] GC(5)       StringTable Weak               Min: 0,00, Avg: 0,01, Max: 0,04, Diff: 0,04, Sum: 0,09, Workers: 15
[4,727s][debug][gc,phases      ] GC(5)         Dead                           Min: 0, Avg:  0,0, Max: 0, Diff: 0, Sum: 0, Workers: 15
[4,727s][debug][gc,phases      ] GC(5)         Total                          Min: 0, Avg: 536,9, Max: 4406, Diff: 4406, Sum: 8054, Workers: 15
[4,727s][debug][gc,phases      ] GC(5)       ResolvedMethodTable Weak       Min: 0,00, Avg: 0,00, Max: 0,01, Diff: 0,01, Sum: 0,03, Workers: 15
[4,727s][debug][gc,phases      ] GC(5)         Dead                           Min: 0, Avg:  0,0, Max: 0, Diff: 0, Sum: 0, Workers: 15
[4,727s][debug][gc,phases      ] GC(5)         Total                          Min: 0, Avg: 111,5, Max: 649, Diff: 649, Sum: 1673, Workers: 15
[4,727s][debug][gc,phases      ] GC(5)       JNI Weak                       Min: 0,00, Avg: 0,00, Max: 0,00, Diff: 0,00, Sum: 0,01, Workers: 15
[4,727s][debug][gc,phases      ] GC(5)         Dead                           Min: 0, Avg:  0,0, Max: 0, Diff: 0, Sum: 0, Workers: 15
[4,727s][debug][gc,phases      ] GC(5)         Total                          Min: 0, Avg:  0,0, Max: 0, Diff: 0, Sum: 0, Workers: 15
[4,727s][debug][gc,phases      ] GC(5)       StringDedup Table Weak         Min: 0,00, Avg: 0,01, Max: 0,03, Diff: 0,03, Sum: 0,14, Workers: 15
[4,727s][debug][gc,phases      ] GC(5)         Dead                           Min: 0, Avg:  0,0, Max: 0, Diff: 0, Sum: 0, Workers: 15
[4,727s][debug][gc,phases      ] GC(5)         Total                          Min: 0, Avg: 842,5, Max: 4608, Diff: 4608, Sum: 12637, Workers: 15
[4,727s][debug][gc,phases      ] GC(5)       StringDedup Requests0 Weak     Min: 0,00, Avg: 0,00, Max: 0,00, Diff: 0,00, Sum: 0,01, Workers: 15
[4,727s][debug][gc,phases      ] GC(5)         Dead                           Min: 0, Avg:  0,0, Max: 0, Diff: 0, Sum: 0, Workers: 15
[4,727s][debug][gc,phases      ] GC(5)         Total                          Min: 0, Avg:  0,0, Max: 0, Diff: 0, Sum: 0, Workers: 15
[4,727s][debug][gc,phases      ] GC(5)       StringDedup Requests1 Weak     Min: 0,00, Avg: 0,00, Max: 0,00, Diff: 0,00, Sum: 0,01, Workers: 15
[4,727s][debug][gc,phases      ] GC(5)         Dead                           Min: 0, Avg:  0,0, Max: 0, Diff: 0, Sum: 0, Workers: 15
[4,727s][debug][gc,phases      ] GC(5)         Total                          Min: 0, Avg:  0,0, Max: 0, Diff: 0, Sum: 0, Workers: 15
[4,728s][debug][gc,phases      ] GC(5)       Weak JFR Old Object Samples    Min: 0,00, Avg: 0,00, Max: 0,00, Diff: 0,00, Sum: 0,01, Workers: 15
[4,728s][debug][gc,phases      ] GC(5)         Dead                           Min: 0, Avg:  0,0, Max: 0, Diff: 0, Sum: 0, Workers: 15
[4,728s][debug][gc,phases      ] GC(5)         Total                          Min: 0, Avg:  0,0, Max: 0, Diff: 0, Sum: 0, Workers: 15
[4,728s][debug][gc,phases      ] GC(5)     Post Evacuate Cleanup 1: 0,15ms
[4,728s][debug][gc,phases      ] GC(5)       Merge Per-Thread State (ms):   Min: 0,03, Avg: 0,03, Max: 0,03, Diff: 0,00, Sum: 0,03, Workers: 1
[4,728s][debug][gc,phases      ] GC(5)         Copied Bytes                   Min: 5056256, Avg: 5988005,3, Max: 7395496, Diff: 2339240, Sum: 89820080, Workers: 15
[4,728s][debug][gc,phases      ] GC(5)         LAB Waste                      Min: 256, Avg: 3019,2, Max: 7584, Diff: 7328, Sum: 45288, Workers: 15
[4,728s][debug][gc,phases      ] GC(5)         LAB Undo Waste                 Min: 0, Avg:  0,0, Max: 0, Diff: 0, Sum: 0, Workers: 15
[4,728s][debug][gc,phases      ] GC(5)         Evac Fail Extra Cards          Min: 0, Avg:  0,0, Max: 0, Diff: 0, Sum: 0, Workers: 15
[4,728s][debug][gc,phases      ] GC(5)       Clear Logged Cards (ms):       Min: 0,00, Avg: 0,02, Max: 0,06, Diff: 0,05, Sum: 0,06, Workers: 3
[4,728s][debug][gc,phases      ] GC(5)       Recalculate Used Memory (ms):  Min: 0,00, Avg: 0,00, Max: 0,00, Diff: 0,00, Sum: 0,00, Workers: 1
[4,728s][debug][gc,phases      ] GC(5)     Post Evacuate Cleanup 2: 0,13ms
[4,728s][debug][gc,phases      ] GC(5)       Update Derived Pointers (ms):  Min: 0,00, Avg: 0,00, Max: 0,00, Diff: 0,00, Sum: 0,00, Workers: 1
[4,728s][debug][gc,phases      ] GC(5)       Eagerly Reclaim Humongous Objects (ms): skipped
[4,728s][debug][gc,phases      ] GC(5)         Humongous Total                skipped
[4,728s][debug][gc,phases      ] GC(5)         Humongous Candidates           skipped
[4,728s][debug][gc,phases      ] GC(5)         Humongous Reclaimed            skipped
[4,728s][debug][gc,phases      ] GC(5)       Redirty Logged Cards (ms):     Min: 0,00, Avg: 0,00, Max: 0,00, Diff: 0,00, Sum: 0,00, Workers: 15
[4,728s][debug][gc,phases      ] GC(5)         Redirtied Cards:               Min: 0, Avg:  4,9, Max: 73, Diff: 73, Sum: 73, Workers: 15
[4,728s][debug][gc,phases      ] GC(5)       Resize TLABs (ms):             Min: 0,00, Avg: 0,00, Max: 0,00, Diff: 0,00, Sum: 0,00, Workers: 15
[4,728s][debug][gc,phases      ] GC(5)       Free Collection Set (ms):      Min: 0,00, Avg: 0,01, Max: 0,03, Diff: 0,03, Sum: 0,09, Workers: 15
[4,728s][debug][gc,phases      ] GC(5)     Rebuild Free List: 0,08ms
[4,728s][debug][gc,phases      ] GC(5)     Prepare For Mutator: 0,10ms
[4,728s][debug][gc,phases      ] GC(5)     Expand Heap After Collection: 0,00ms
[4,728s][info ][gc,phases      ] GC(5)   Other: 0,44ms
[4,728s][debug][gc,remset      ] GC(5) Coarsening (recent): Inline->AoC 0 (0) AoC->Howl 0 (0) Howl->Full 0 (0) Inline->AoC 0 (0) AoC->BitMap 0 (0) BitMap->Full 0 (0) 
[4,728s][debug][gc,remset      ] GC(5) Coarsening (all): Inline->AoC 0 (0) AoC->Howl 0 (0) Howl->Full 0 (0) Inline->AoC 0 (0) AoC->BitMap 0 (0) BitMap->Full 0 (0) 
[4,728s][info ][gc,heap        ] GC(5) Eden regions: 56->0(56)
[4,728s][info ][gc,heap        ] GC(5) Survivor regions: 8->8(8)
[4,728s][info ][gc,heap        ] GC(5) Old regions: 64->78
[4,728s][info ][gc,heap        ] GC(5) Humongous regions: 0->0
[4,728s][info ][gc,metaspace   ] GC(5) Metaspace: 20025K(20288K)->20025K(20288K) NonClass: 17445K(17600K)->17445K(17600K) Class: 2579K(2688K)->2579K(2688K)
[4,728s][debug][gc,heap        ] GC(5) Heap after GC invocations=6 (full 0):
[4,728s][debug][gc,heap        ] GC(5)  garbage-first heap   total reserved 8388608K, committed 5246976K, used 349217K [0x0000000600000000, 0x0000000800000000)
[4,728s][debug][gc,heap        ] GC(5)   region size 4096K, 8 young (32768K), 8 survivors (32768K)
[4,728s][debug][gc,heap        ] GC(5)  Metaspace       used 20025K, committed 20288K, reserved 1114112K
[4,728s][debug][gc,heap        ] GC(5)   class space    used 2579K, committed 2688K, reserved 1048576K
[4,728s][info ][gc             ] GC(5) Pause Young (Normal) (G1 Evacuation Pause) 507M->341M(5124M) 13,865ms
[4,728s][info ][gc,cpu         ] GC(5) User=0,15s Sys=0,00s Real=0,01s
[4,728s][debug][gc,task        ] G1 Service Thread (Card Set Free Memory Task) (run: 2,241ms) (cpu: 0,098ms)
[4,728s][debug][gc,refine      ] Concurrent refinement: wanted 0, cards: 73, predicted: 894, time: 487,67ms
[4,816s][debug][gc,refine      ] Concurrent refinement: wanted 0, cards: 74, predicted: 754, time: 404,20ms
[4,897s][debug][gc,refine      ] Concurrent refinement: wanted 0, cards: 74, predicted: 621, time: 325,11ms
[4,969s][debug][gc,refine      ] Concurrent refinement: wanted 0, cards: 74, predicted: 495, time: 250,43ms
[5,032s][debug][gc,refine      ] Concurrent refinement: wanted 0, cards: 74, predicted: 392, time: 188,92ms
[5,086s][debug][gc,refine      ] Concurrent refinement: wanted 0, cards: 74, predicted: 303, time: 136,20ms
[5,137s][debug][gc,refine      ] Concurrent refinement: wanted 0, cards: 74, predicted: 214, time: 83,48ms
[5,187s][debug][gc,refine      ] Concurrent refinement: wanted 0, cards: 74, predicted: 74, time: 35,15ms
[5,225s][info ][gc,start       ] GC(6) Pause Young (Normal) (G1 Evacuation Pause)
[5,225s][debug][gc,heap        ] GC(6) Heap before GC invocations=6 (full 0):
[5,225s][debug][gc,heap        ] GC(6)  garbage-first heap   total reserved 8388608K, committed 5246976K, used 578593K [0x0000000600000000, 0x0000000800000000)
[5,225s][debug][gc,heap        ] GC(6)   region size 4096K, 64 young (262144K), 8 survivors (32768K)
[5,225s][debug][gc,heap        ] GC(6)  Metaspace       used 20025K, committed 20288K, reserved 1114112K
[5,225s][debug][gc,heap        ] GC(6)   class space    used 2579K, committed 2688K, reserved 1048576K
[5,225s][info ][gc,task        ] GC(6) Using 15 workers of 15 for evacuation
[5,225s][debug][gc,age         ] GC(6) Desired survivor size 16777216 bytes, new threshold 1 (max threshold 15)
[5,225s][debug][gc,tlab        ] GC(6) TLAB totals: thrds: 1  refills: 112 max: 112 slow allocs: 0 max 0 waste:  0,0% gc: 0B max: 0B slow: 74408B max: 74408B
[5,225s][debug][gc,refine,stats] GC(6) Mutator refinement: 0,00ms, refined: 0, precleaned: 0, dirtied: 9
[5,225s][debug][gc,refine,stats] GC(6) Concurrent refinement: 0,00ms, refined: 0, precleaned: 0, dirtied: 0
[5,225s][debug][gc,refine,stats] GC(6) Total refinement: 0,00ms, refined: 0, precleaned: 0, dirtied: 9
[5,225s][debug][gc,refine,stats] GC(6) Generate dirty cards rate: 0,02 cards/ms
[5,225s][debug][gc,alloc,region] GC(6) Mutator Allocation stats, regions: 56, wasted size: 0B ( 0,0%)
[5,225s][debug][gc,ergo,cset   ] GC(6) No candidates to reclaim.
[5,226s][debug][gc,ergo        ] GC(6) Running G1 Merge Heap Roots using 15 workers for 64 regions
[5,226s][debug][gc,remset      ] GC(6) Visited cards 2048 Total dirty 81920 (2,50%) Total old 1687552 (0,12%)
[5,236s][debug][gc,ref         ] GC(6) Skipped SoftWeakFinalRefsPhase of Reference Processing: no references
[5,236s][debug][gc,ref         ] GC(6) Skipped KeepAliveFinalRefsPhase of Reference Processing: no references
[5,236s][debug][gc,ref         ] GC(6) Skipped PhantomRefsPhase of Reference Processing: no references
[5,237s][debug][gc,ergo        ] GC(6) Running G1 Rebuild Free List Task using 15 workers for rebuilding free list of regions
[5,237s][debug][gc,plab        ] GC(6) Young PLAB allocation: allocated: 33554432B, wasted: 14824B, unused: 0B, used: 33539608B, undo waste: 0B, 
[5,237s][debug][gc,plab        ] GC(6) Young other allocation: region end waste: 0B, regions filled: 8, num plab filled: 95, direct allocated: 0B, num direct allocated: 0, failure used: 0B, failure wasted: 0B
[5,237s][debug][gc,plab        ] GC(6) Young sizing: calculated: 6707920B, actual: 6707328B
[5,237s][debug][gc,plab        ] GC(6) Old PLAB allocation: allocated: 60968912B, wasted: 20608B, unused: 4652888B, used: 56295416B, undo waste: 0B, 
[5,237s][debug][gc,plab        ] GC(6) Old other allocation: region end waste: 0B, regions filled: 15, num plab filled: 87, direct allocated: 0B, num direct allocated: 0, failure used: 0B, failure wasted: 0B
[5,237s][debug][gc,plab        ] GC(6) Old sizing: calculated: 11259080B, actual: 11255136B
[5,237s][debug][gc,ergo,heap   ] GC(6) Heap expansion: short term pause time ratio 2,29% long term pause time ratio 1,28% threshold 7,69% pause time ratio 7,69% fully expanded false resize by 0B
[5,237s][debug][gc,mmu         ] GC(6) MMU: 11,7ms (200,0ms/201,0ms)
[5,237s][debug][gc,alloc,stats ] Old generation allocation in the last mutator period, old gen allocated: 60968912B, humongous allocated: 0B, old gen growth: 60968912B.
[5,237s][debug][gc,ihop        ] GC(6) Basic information (value update), threshold: 2415919104B (45,00), target occupancy: 5368709120B, current occupancy: 418567680B, recent allocation size: 60968912B, recent allocation duration: 499,14ms, recent old gen allocation rate: 122146770,22B/s, recent marking phase length: 0,00ms
[5,237s][debug][gc,ihop        ] GC(6) Adaptive IHOP information (value update), threshold: 2415919104B (47,37), internal target occupancy: 5100273664B, occupancy: 418567680B, additional buffer size: 268435456B, predicted old gen allocation rate: 63477965,05B/s, predicted marking phase length: 0,00ms, prediction active: false
[5,237s][debug][gc,ergo,refine ] GC(6) GC refinement: goal: 1236200 + 89 / 20,00ms, actual: 82 / 0,03ms, 
[5,237s][debug][gc,ergo,refine ] GC(6) Unchanged pending cards target: 1236200
[5,237s][info ][gc,phases      ] GC(6)   Pre Evacuate Collection Set: 0,42ms
[5,237s][debug][gc,phases      ] GC(6)     Pre Evacuate Prepare: 0,20ms
[5,237s][debug][gc,phases      ] GC(6)       JT Retire TLABs And Flush Logs (ms): Min: 0,00, Avg: 0,00, Max: 0,01, Diff: 0,01, Sum: 0,01, Workers: 2
[5,237s][debug][gc,phases      ] GC(6)       Non-JT Flush Logs (ms):        Min: 0,01, Avg: 0,01, Max: 0,01, Diff: 0,00, Sum: 0,01, Workers: 1
[5,237s][debug][gc,phases      ] GC(6)     Choose Collection Set: 0,01ms
[5,237s][debug][gc,phases      ] GC(6)     Region Register: 0,20ms
[5,237s][debug][gc,phases      ] GC(6)     Prepare Heap Roots: 0,00ms
[5,237s][info ][gc,phases      ] GC(6)   Merge Heap Roots: 0,30ms
[5,237s][debug][gc,phases      ] GC(6)     Prepare Merge Heap Roots: 0,03ms
[5,237s][debug][gc,task,start  ] G1 Service Thread (Card Set Free Memory Task) (run 0,055ms after schedule)
[5,237s][debug][gc,phases      ] GC(6)     Remembered Sets (ms):          Min: 0,00, Avg: 0,00, Max: 0,01, Diff: 0,01, Sum: 0,03, Workers: 15
[5,237s][debug][gc,phases      ] GC(6)       Eager Reclaim (ms):            skipped
[5,237s][debug][gc,phases      ] GC(6)       Merged Inline                  Min: 0, Avg:  0,0, Max: 0, Diff: 0, Sum: 0, Workers: 15
[5,237s][debug][gc,phases      ] GC(6)       Merged ArrayOfCards            Min: 0, Avg:  0,0, Max: 0, Diff: 0, Sum: 0, Workers: 15
[5,237s][debug][gc,phases      ] GC(6)       Merged Howl                    Min: 0, Avg:  0,0, Max: 0, Diff: 0, Sum: 0, Workers: 15
[5,237s][debug][gc,phases      ] GC(6)       Merged Full                    Min: 0, Avg:  0,0, Max: 0, Diff: 0, Sum: 0, Workers: 15
[5,237s][debug][gc,phases      ] GC(6)       Merged Howl Inline             Min: 0, Avg:  0,0, Max: 0, Diff: 0, Sum: 0, Workers: 15
[5,237s][debug][gc,phases      ] GC(6)       Merged Howl ArrayOfCards       Min: 0, Avg:  0,0, Max: 0, Diff: 0, Sum: 0, Workers: 15
[5,237s][debug][gc,phases      ] GC(6)       Merged Howl BitMap             Min: 0, Avg:  0,0, Max: 0, Diff: 0, Sum: 0, Workers: 15
[5,237s][debug][gc,phases      ] GC(6)       Merged Howl Full               Min: 0, Avg:  0,0, Max: 0, Diff: 0, Sum: 0, Workers: 15
[5,237s][debug][gc,phases      ] GC(6)       Merged Cards                   Min: 8, Avg:  8,0, Max: 8, Diff: 0, Sum: 120, Workers: 15
[5,237s][debug][gc,phases      ] GC(6)     Log Buffers (ms):              Min: 0,00, Avg: 0,00, Max: 0,01, Diff: 0,01, Sum: 0,01, Workers: 15
[5,237s][debug][gc,phases      ] GC(6)       Dirty Cards:                   Min: 0, Avg:  5,5, Max: 82, Diff: 82, Sum: 82, Workers: 15
[5,237s][debug][gc,phases      ] GC(6)       Skipped Cards:                 Min: 0, Avg:  0,0, Max: 0, Diff: 0, Sum: 0, Workers: 15
[5,237s][info ][gc,phases      ] GC(6)   Evacuate Collection Set: 10,06ms
[5,237s][debug][gc,phases      ] GC(6)     Ext Root Scanning (ms):        Min: 0,00, Avg: 0,03, Max: 0,14, Diff: 0,14, Sum: 0,42, Workers: 15
[5,237s][debug][gc,phases      ] GC(6)     Scan Heap Roots (ms):          Min: 0,00, Avg: 0,03, Max: 0,04, Diff: 0,04, Sum: 0,38, Workers: 15
[5,237s][debug][gc,phases      ] GC(6)       Scanned Cards:                 Min: 0, Avg:  3,3, Max: 10, Diff: 10, Sum: 49, Workers: 15
[5,237s][debug][gc,phases      ] GC(6)       Scanned Blocks:                Min: 0, Avg:  2,7, Max: 10, Diff: 10, Sum: 40, Workers: 15
[5,237s][debug][gc,phases      ] GC(6)       Claimed Chunks:                Min: 0, Avg:  2,1, Max: 7, Diff: 7, Sum: 32, Workers: 15
[5,237s][debug][gc,phases      ] GC(6)       Found Roots:                   Min: 0, Avg: 69,9, Max: 446, Diff: 446, Sum: 1049, Workers: 15
[5,237s][debug][gc,phases      ] GC(6)     Code Root Scan (ms):           Min: 0,00, Avg: 0,01, Max: 0,02, Diff: 0,01, Sum: 0,08, Workers: 15
[5,237s][debug][gc,phases      ] GC(6)       Scanned Nmethods               Min: 0, Avg:  0,0, Max: 0, Diff: 0, Sum: 0, Workers: 15
[5,237s][debug][gc,phases      ] GC(6)     Object Copy (ms):              Min: 9,72, Avg: 9,74, Max: 9,75, Diff: 0,02, Sum: 146,13, Workers: 15
[5,237s][debug][gc,phases      ] GC(6)     Termination (ms):              Min: 0,07, Avg: 0,12, Max: 0,16, Diff: 0,10, Sum: 1,75, Workers: 15
[5,237s][debug][gc,phases      ] GC(6)       Termination Attempts:          Min: 1, Avg:  1,0, Max: 1, Diff: 0, Sum: 15, Workers: 15
[5,237s][debug][gc,phases      ] GC(6)     GC Worker Other (ms):          Min: 0,01, Avg: 0,01, Max: 0,02, Diff: 0,01, Sum: 0,21, Workers: 15
[5,237s][debug][gc,phases      ] GC(6)     GC Worker Total (ms):          Min: 9,89, Avg: 9,93, Max: 10,04, Diff: 0,16, Sum: 148,96, Workers: 15
[5,237s][info ][gc,phases      ] GC(6)   Post Evacuate Collection Set: 0,72ms
[5,237s][debug][gc,phases      ] GC(6)     NMethod List Cleanup: 0,01ms
[5,237s][debug][gc,phases      ] GC(6)     Reference Processing: 0,08ms
[5,237s][debug][gc,phases,ref  ] GC(6)       Notify Soft/WeakReferences: 0,1ms
[5,237s][debug][gc,phases,ref  ] GC(6)         SoftRef (ms):                  skipped
[5,237s][debug][gc,phases,ref  ] GC(6)         WeakRef (ms):                  skipped
[5,237s][debug][gc,phases,ref  ] GC(6)         FinalRef (ms):                 skipped
[5,238s][debug][gc,phases,ref  ] GC(6)         Total (ms):                    skipped
[5,238s][debug][gc,phases,ref  ] GC(6)       Notify and keep alive finalizable: 0,0ms
[5,238s][debug][gc,phases,ref  ] GC(6)         FinalRef (ms):                 skipped
[5,238s][debug][gc,phases,ref  ] GC(6)       Notify PhantomReferences: 0,0ms
[5,238s][debug][gc,phases,ref  ] GC(6)         PhantomRef (ms):               skipped
[5,238s][debug][gc,phases,ref  ] GC(6)       SoftReference Discovered: 0, Dropped: 0, Processed: 0
[5,238s][debug][gc,phases,ref  ] GC(6)       WeakReference Discovered: 0, Dropped: 0, Processed: 0
[5,238s][debug][gc,phases,ref  ] GC(6)       FinalReference Discovered: 0, Dropped: 0, Processed: 0
[5,238s][debug][gc,phases,ref  ] GC(6)       PhantomReference Discovered: 0, Dropped: 0, Processed: 0
[5,238s][debug][gc,phases      ] GC(6)     Weak Processing: 0,12ms
[5,238s][debug][gc,phases      ] GC(6)       VM Weak                        Min: 0,00, Avg: 0,00, Max: 0,00, Diff: 0,00, Sum: 0,01, Workers: 15
[5,238s][debug][gc,phases      ] GC(6)         Dead                           Min: 0, Avg:  0,0, Max: 0, Diff: 0, Sum: 0, Workers: 15
[5,238s][debug][gc,phases      ] GC(6)         Total                          Min: 0, Avg: 11,0, Max: 165, Diff: 165, Sum: 165, Workers: 15
[5,238s][debug][gc,phases      ] GC(6)       ObjectSynchronizer Weak        Min: 0,00, Avg: 0,00, Max: 0,00, Diff: 0,00, Sum: 0,00, Workers: 15
[5,238s][debug][gc,phases      ] GC(6)         Dead                           Min: 0, Avg:  0,0, Max: 0, Diff: 0, Sum: 0, Workers: 15
[5,238s][debug][gc,phases      ] GC(6)         Total                          Min: 0, Avg:  1,8, Max: 27, Diff: 27, Sum: 27, Workers: 15
[5,238s][debug][gc,phases      ] GC(6)       JVMTI Tag Weak OopStorage      Min: 0,00, Avg: 0,00, Max: 0,00, Diff: 0,00, Sum: 0,00, Workers: 15
[5,238s][debug][gc,phases      ] GC(6)         Dead                           Min: 0, Avg:  0,0, Max: 0, Diff: 0, Sum: 0, Workers: 15
[5,238s][debug][gc,phases      ] GC(6)         Total                          Min: 0, Avg:  0,0, Max: 0, Diff: 0, Sum: 0, Workers: 15
[5,238s][debug][gc,phases      ] GC(6)       StringTable Weak               Min: 0,00, Avg: 0,01, Max: 0,05, Diff: 0,05, Sum: 0,09, Workers: 15
[5,238s][debug][gc,phases      ] GC(6)         Dead                           Min: 0, Avg:  0,0, Max: 0, Diff: 0, Sum: 0, Workers: 15
[5,238s][debug][gc,phases      ] GC(6)         Total                          Min: 0, Avg: 537,0, Max: 4608, Diff: 4608, Sum: 8055, Workers: 15
[5,238s][debug][gc,phases      ] GC(6)       ResolvedMethodTable Weak       Min: 0,00, Avg: 0,00, Max: 0,01, Diff: 0,01, Sum: 0,02, Workers: 15
[5,238s][debug][gc,phases      ] GC(6)         Dead                           Min: 0, Avg:  0,0, Max: 0, Diff: 0, Sum: 0, Workers: 15
[5,238s][debug][gc,phases      ] GC(6)         Total                          Min: 0, Avg: 111,5, Max: 585, Diff: 585, Sum: 1673, Workers: 15
[5,238s][debug][gc,phases      ] GC(6)       JNI Weak                       Min: 0,00, Avg: 0,00, Max: 0,00, Diff: 0,00, Sum: 0,00, Workers: 15
[5,238s][debug][gc,phases      ] GC(6)         Dead                           Min: 0, Avg:  0,0, Max: 0, Diff: 0, Sum: 0, Workers: 15
[5,238s][debug][gc,phases      ] GC(6)         Total                          Min: 0, Avg:  0,0, Max: 0, Diff: 0, Sum: 0, Workers: 15
[5,238s][debug][gc,phases      ] GC(6)       StringDedup Table Weak         Min: 0,00, Avg: 0,01, Max: 0,03, Diff: 0,03, Sum: 0,14, Workers: 15
[5,238s][debug][gc,phases      ] GC(6)         Dead                           Min: 0, Avg:  0,0, Max: 0, Diff: 0, Sum: 0, Workers: 15
[5,238s][debug][gc,phases      ] GC(6)         Total                          Min: 0, Avg: 842,5, Max: 3264, Diff: 3264, Sum: 12637, Workers: 15
[5,238s][debug][gc,phases      ] GC(6)       StringDedup Requests0 Weak     Min: 0,00, Avg: 0,00, Max: 0,00, Diff: 0,00, Sum: 0,01, Workers: 15
[5,238s][debug][gc,phases      ] GC(6)         Dead                           Min: 0, Avg:  0,0, Max: 0, Diff: 0, Sum: 0, Workers: 15
[5,238s][debug][gc,phases      ] GC(6)         Total                          Min: 0, Avg:  0,0, Max: 0, Diff: 0, Sum: 0, Workers: 15
[5,238s][debug][gc,phases      ] GC(6)       StringDedup Requests1 Weak     Min: 0,00, Avg: 0,00, Max: 0,00, Diff: 0,00, Sum: 0,00, Workers: 15
[5,238s][debug][gc,phases      ] GC(6)         Dead                           Min: 0, Avg:  0,0, Max: 0, Diff: 0, Sum: 0, Workers: 15
[5,238s][debug][gc,phases      ] GC(6)         Total                          Min: 0, Avg:  0,1, Max: 1, Diff: 1, Sum: 1, Workers: 15
[5,238s][debug][gc,phases      ] GC(6)       Weak JFR Old Object Samples    Min: 0,00, Avg: 0,00, Max: 0,00, Diff: 0,00, Sum: 0,01, Workers: 15
[5,238s][debug][gc,phases      ] GC(6)         Dead                           Min: 0, Avg:  0,0, Max: 0, Diff: 0, Sum: 0, Workers: 15
[5,238s][debug][gc,phases      ] GC(6)         Total                          Min: 0, Avg:  0,0, Max: 0, Diff: 0, Sum: 0, Workers: 15
[5,238s][debug][gc,phases      ] GC(6)     Post Evacuate Cleanup 1: 0,12ms
[5,238s][debug][gc,phases      ] GC(6)       Merge Per-Thread State (ms):   Min: 0,03, Avg: 0,03, Max: 0,03, Diff: 0,00, Sum: 0,03, Workers: 1
[5,238s][debug][gc,phases      ] GC(6)         Copied Bytes                   Min: 4312616, Avg: 5989001,6, Max: 7101648, Diff: 2789032, Sum: 89835024, Workers: 15
[5,238s][debug][gc,phases      ] GC(6)         LAB Waste                      Min: 328, Avg: 2362,1, Max: 7888, Diff: 7560, Sum: 35432, Workers: 15
[5,238s][debug][gc,phases      ] GC(6)         LAB Undo Waste                 Min: 0, Avg:  0,0, Max: 0, Diff: 0, Sum: 0, Workers: 15
[5,238s][debug][gc,phases      ] GC(6)         Evac Fail Extra Cards          Min: 0, Avg:  0,0, Max: 0, Diff: 0, Sum: 0, Workers: 15
[5,238s][debug][gc,phases      ] GC(6)       Clear Logged Cards (ms):       Min: 0,00, Avg: 0,02, Max: 0,06, Diff: 0,06, Sum: 0,06, Workers: 3
[5,238s][debug][gc,phases      ] GC(6)       Recalculate Used Memory (ms):  Min: 0,00, Avg: 0,00, Max: 0,00, Diff: 0,00, Sum: 0,00, Workers: 1
[5,238s][debug][gc,phases      ] GC(6)     Post Evacuate Cleanup 2: 0,14ms
[5,238s][debug][gc,phases      ] GC(6)       Update Derived Pointers (ms):  Min: 0,00, Avg: 0,00, Max: 0,00, Diff: 0,00, Sum: 0,00, Workers: 1
[5,238s][debug][gc,phases      ] GC(6)       Eagerly Reclaim Humongous Objects (ms): skipped
[5,238s][debug][gc,phases      ] GC(6)         Humongous Total                skipped
[5,238s][debug][gc,phases      ] GC(6)         Humongous Candidates           skipped
[5,238s][debug][gc,phases      ] GC(6)         Humongous Reclaimed            skipped
[5,238s][debug][gc,phases      ] GC(6)       Redirty Logged Cards (ms):     Min: 0,00, Avg: 0,00, Max: 0,01, Diff: 0,00, Sum: 0,03, Workers: 15
[5,238s][debug][gc,phases      ] GC(6)         Redirtied Cards:               Min: 0, Avg:  5,3, Max: 27, Diff: 27, Sum: 80, Workers: 15
[5,238s][debug][gc,phases      ] GC(6)       Resize TLABs (ms):             Min: 0,00, Avg: 0,00, Max: 0,00, Diff: 0,00, Sum: 0,01, Workers: 15
[5,238s][debug][gc,phases      ] GC(6)       Free Collection Set (ms):      Min: 0,01, Avg: 0,02, Max: 0,02, Diff: 0,01, Sum: 0,30, Workers: 15
[5,238s][debug][gc,phases      ] GC(6)     Rebuild Free List: 0,17ms
[5,238s][debug][gc,phases      ] GC(6)     Prepare For Mutator: 0,08ms
[5,238s][debug][gc,phases      ] GC(6)     Expand Heap After Collection: 0,00ms
[5,238s][info ][gc,phases      ] GC(6)   Other: 0,26ms
[5,238s][debug][gc,remset      ] GC(6) Coarsening (recent): Inline->AoC 0 (0) AoC->Howl 0 (0) Howl->Full 0 (0) Inline->AoC 0 (0) AoC->BitMap 0 (0) BitMap->Full 0 (0) 
[5,238s][debug][gc,remset      ] GC(6) Coarsening (all): Inline->AoC 0 (0) AoC->Howl 0 (0) Howl->Full 0 (0) Inline->AoC 0 (0) AoC->BitMap 0 (0) BitMap->Full 0 (0) 
[5,238s][info ][gc,heap        ] GC(6) Eden regions: 56->0(56)
[5,238s][info ][gc,heap        ] GC(6) Survivor regions: 8->8(8)
[5,238s][info ][gc,heap        ] GC(6) Old regions: 78->93
[5,238s][info ][gc,heap        ] GC(6) Humongous regions: 0->0
[5,238s][info ][gc,metaspace   ] GC(6) Metaspace: 20025K(20288K)->20025K(20288K) NonClass: 17445K(17600K)->17445K(17600K) Class: 2579K(2688K)->2579K(2688K)
[5,238s][debug][gc,heap        ] GC(6) Heap after GC invocations=7 (full 0):
[5,238s][debug][gc,heap        ] GC(6)  garbage-first heap   total reserved 8388608K, committed 5246976K, used 408757K [0x0000000600000000, 0x0000000800000000)
[5,238s][debug][gc,heap        ] GC(6)   region size 4096K, 8 young (32768K), 8 survivors (32768K)
[5,238s][debug][gc,heap        ] GC(6)  Metaspace       used 20025K, committed 20288K, reserved 1114112K
[5,238s][debug][gc,heap        ] GC(6)   class space    used 2579K, committed 2688K, reserved 1048576K
[5,238s][info ][gc             ] GC(6) Pause Young (Normal) (G1 Evacuation Pause) 565M->399M(5124M) 13,206ms
[5,238s][info ][gc,cpu         ] GC(6) User=0,15s Sys=0,00s Real=0,01s
[5,238s][debug][gc,task        ] G1 Service Thread (Card Set Free Memory Task) (run: 1,471ms) (cpu: 0,113ms)
[5,238s][debug][gc,refine      ] Concurrent refinement: wanted 0, cards: 80, predicted: 765, time: 513,74ms
[5,329s][debug][gc,refine      ] Concurrent refinement: wanted 0, cards: 80, predicted: 661, time: 436,04ms
[5,392s][debug][gc,task,start  ] G1 Service Thread (Periodic GC Task) (run 1,146ms after schedule)
[5,392s][debug][gc,task        ] G1 Service Thread (Periodic GC Task) (run: 0,047ms) (cpu: 0,077ms)
[5,412s][debug][gc,refine      ] Concurrent refinement: wanted 0, cards: 80, predicted: 552, time: 354,01ms
[5,487s][debug][gc,refine      ] Concurrent refinement: wanted 0, cards: 80, predicted: 454, time: 280,62ms
[5,554s][debug][gc,refine      ] Concurrent refinement: wanted 0, cards: 80, predicted: 367, time: 215,86ms
[5,613s][debug][gc,refine      ] Concurrent refinement: wanted 0, cards: 80, predicted: 212, time: 99,30ms
[5,663s][debug][gc,refine      ] Concurrent refinement: wanted 0, cards: 80, predicted: 202, time: 91,86ms
[5,713s][debug][gc,refine      ] Concurrent refinement: wanted 0, cards: 80, predicted: 202, time: 91,86ms
[5,763s][debug][gc,refine      ] Concurrent refinement: wanted 0, cards: 80, predicted: 80, time: 47,90ms
[5,779s][info ][gc,start       ] GC(7) Pause Young (Normal) (G1 Evacuation Pause)
[5,779s][debug][gc,heap        ] GC(7) Heap before GC invocations=7 (full 0):
[5,779s][debug][gc,heap        ] GC(7)  garbage-first heap   total reserved 8388608K, committed 5246976K, used 650421K [0x0000000600000000, 0x0000000800000000)
[5,779s][debug][gc,heap        ] GC(7)   region size 4096K, 67 young (274432K), 8 survivors (32768K)
[5,779s][debug][gc,heap        ] GC(7)  Metaspace       used 20190K, committed 20544K, reserved 1114112K
[5,779s][debug][gc,heap        ] GC(7)   class space    used 2584K, committed 2688K, reserved 1048576K
[5,779s][info ][gc,task        ] GC(7) Using 15 workers of 15 for evacuation
[5,779s][debug][gc,age         ] GC(7) Desired survivor size 18874368 bytes, new threshold 1 (max threshold 15)
[5,779s][debug][gc,tlab        ] GC(7) TLAB totals: thrds: 23  refills: 140 max: 85 slow allocs: 25 max 6 waste:  9,0% gc: 21859904B max: 2097088B slow: 196368B max: 49904B
[5,779s][debug][gc,refine,stats] GC(7) Mutator refinement: 0,00ms, refined: 0, precleaned: 0, dirtied: 257
[5,779s][debug][gc,refine,stats] GC(7) Concurrent refinement: 0,00ms, refined: 0, precleaned: 0, dirtied: 0
[5,779s][debug][gc,refine,stats] GC(7) Total refinement: 0,00ms, refined: 0, precleaned: 0, dirtied: 257
[5,779s][debug][gc,refine,stats] GC(7) Generate dirty cards rate: 0,47 cards/ms
[5,779s][debug][gc,alloc,region] GC(7) Mutator Allocation stats, regions: 59, wasted size: 0B ( 0,0%)
[5,779s][debug][gc,ergo,cset   ] GC(7) No candidates to reclaim.
[5,779s][debug][gc,ergo        ] GC(7) Running G1 Merge Heap Roots using 15 workers for 67 regions
[5,779s][debug][gc,remset      ] GC(7) Visited cards 9344 Total dirty 376832 (2,48%) Total old 1859584 (0,50%)
[5,788s][debug][gc,ref         ] GC(7) ReferenceProcessor::execute queues: 1, RefProcThreadModel::Single, marks_oops_alive: false
[5,788s][debug][gc,ref         ] GC(7) ReferenceProcessor::execute queues: 15, RefProcThreadModel::Multi, marks_oops_alive: true
[5,788s][debug][gc,ref         ] GC(7) ReferenceProcessor::execute queues: 1, RefProcThreadModel::Single, marks_oops_alive: false
[5,788s][debug][gc,ergo        ] GC(7) Running G1 Rebuild Free List Task using 15 workers for rebuilding free list of regions
[5,788s][debug][gc,plab        ] GC(7) Young PLAB allocation: allocated: 37688720B, wasted: 32392B, unused: 0B, used: 37656328B, undo waste: 0B, 
[5,788s][debug][gc,plab        ] GC(7) Young other allocation: region end waste: 0B, regions filled: 9, num plab filled: 104, direct allocated: 60016B, num direct allocated: 1, failure used: 0B, failure wasted: 0B
[5,788s][debug][gc,plab        ] GC(7) Young sizing: calculated: 7531264B, actual: 7325280B
[5,788s][debug][gc,plab        ] GC(7) Old PLAB allocation: allocated: 44639024B, wasted: 15936B, unused: 5770328B, used: 38852760B, undo waste: 0B, 
[5,788s][debug][gc,plab        ] GC(7) Old other allocation: region end waste: 0B, regions filled: 12, num plab filled: 64, direct allocated: 0B, num direct allocated: 0, failure used: 0B, failure wasted: 0B
[5,788s][debug][gc,plab        ] GC(7) Old sizing: calculated: 7770552B, actual: 8641696B
[5,788s][debug][gc,task,start  ] G1 Service Thread (Card Set Free Memory Task) (run 0,007ms after schedule)
[5,788s][debug][gc,ergo,heap   ] GC(7) Heap expansion: short term pause time ratio 2,28% long term pause time ratio 1,38% threshold 7,69% pause time ratio 7,69% fully expanded false resize by 0B
[5,788s][debug][gc,mmu         ] GC(7) MMU: 9,6ms (200,0ms/201,0ms)
[5,788s][debug][gc,alloc,stats ] Old generation allocation in the last mutator period, old gen allocated: 44639024B, humongous allocated: 0B, old gen growth: 44639024B.
[5,788s][debug][gc,ihop        ] GC(7) Basic information (value update), threshold: 2415919104B (45,00), target occupancy: 5368709120B, current occupancy: 467401008B, recent allocation size: 44639024B, recent allocation duration: 541,87ms, recent old gen allocation rate: 82379831,60B/s, recent marking phase length: 0,00ms
[5,788s][debug][gc,ihop        ] GC(7) Adaptive IHOP information (value update), threshold: 2415919104B (47,37), internal target occupancy: 5100273664B, occupancy: 467401008B, additional buffer size: 339738624B, predicted old gen allocation rate: 65485187,06B/s, predicted marking phase length: 0,00ms, prediction active: false
[5,788s][debug][gc,ergo,refine ] GC(7) GC refinement: goal: 1236200 + 169 / 20,00ms, actual: 337 / 0,07ms, 
[5,788s][debug][gc,ergo,refine ] GC(7) Unchanged pending cards target: 1236200
[5,788s][info ][gc,phases      ] GC(7)   Pre Evacuate Collection Set: 0,15ms
[5,788s][debug][gc,phases      ] GC(7)     Pre Evacuate Prepare: 0,03ms
[5,788s][debug][gc,phases      ] GC(7)       JT Retire TLABs And Flush Logs (ms): Min: 0,00, Avg: 0,01, Max: 0,01, Diff: 0,01, Sum: 0,01, Workers: 2
[5,788s][debug][gc,phases      ] GC(7)       Non-JT Flush Logs (ms):        Min: 0,00, Avg: 0,00, Max: 0,00, Diff: 0,00, Sum: 0,00, Workers: 1
[5,788s][debug][gc,phases      ] GC(7)     Choose Collection Set: 0,01ms
[5,788s][debug][gc,phases      ] GC(7)     Region Register: 0,11ms
[5,788s][debug][gc,phases      ] GC(7)     Prepare Heap Roots: 0,00ms
[5,788s][info ][gc,phases      ] GC(7)   Merge Heap Roots: 0,30ms
[5,788s][debug][gc,phases      ] GC(7)     Prepare Merge Heap Roots: 0,02ms
[5,788s][debug][gc,phases      ] GC(7)     Remembered Sets (ms):          Min: 0,00, Avg: 0,02, Max: 0,03, Diff: 0,03, Sum: 0,28, Workers: 15
[5,788s][debug][gc,phases      ] GC(7)       Eager Reclaim (ms):            skipped
[5,788s][debug][gc,phases      ] GC(7)       Merged Inline                  Min: 0, Avg:  0,0, Max: 0, Diff: 0, Sum: 0, Workers: 15
[5,788s][debug][gc,phases      ] GC(7)       Merged ArrayOfCards            Min: 0, Avg:  0,0, Max: 0, Diff: 0, Sum: 0, Workers: 15
[5,788s][debug][gc,phases      ] GC(7)       Merged Howl                    Min: 0, Avg:  0,0, Max: 0, Diff: 0, Sum: 0, Workers: 15
[5,788s][debug][gc,phases      ] GC(7)       Merged Full                    Min: 0, Avg:  0,0, Max: 0, Diff: 0, Sum: 0, Workers: 15
[5,789s][debug][gc,phases      ] GC(7)       Merged Howl Inline             Min: 0, Avg:  0,0, Max: 0, Diff: 0, Sum: 0, Workers: 15
[5,789s][debug][gc,phases      ] GC(7)       Merged Howl ArrayOfCards       Min: 0, Avg:  0,0, Max: 0, Diff: 0, Sum: 0, Workers: 15
[5,789s][debug][gc,phases      ] GC(7)       Merged Howl BitMap             Min: 0, Avg:  0,0, Max: 0, Diff: 0, Sum: 0, Workers: 15
[5,789s][debug][gc,phases      ] GC(7)       Merged Howl Full               Min: 0, Avg:  0,0, Max: 0, Diff: 0, Sum: 0, Workers: 15
[5,789s][debug][gc,phases      ] GC(7)       Merged Cards                   Min: 8, Avg:  8,0, Max: 8, Diff: 0, Sum: 120, Workers: 15
[5,789s][debug][gc,phases      ] GC(7)     Log Buffers (ms):              Min: 0,00, Avg: 0,01, Max: 0,01, Diff: 0,01, Sum: 0,11, Workers: 15
[5,789s][debug][gc,phases      ] GC(7)       Dirty Cards:                   Min: 0, Avg: 22,5, Max: 90, Diff: 90, Sum: 337, Workers: 15
[5,789s][debug][gc,phases      ] GC(7)       Skipped Cards:                 Min: 0, Avg:  0,0, Max: 0, Diff: 0, Sum: 0, Workers: 15
[5,789s][info ][gc,phases      ] GC(7)   Evacuate Collection Set: 8,34ms
[5,789s][debug][gc,phases      ] GC(7)     Ext Root Scanning (ms):        Min: 0,11, Avg: 0,19, Max: 0,36, Diff: 0,25, Sum: 2,92, Workers: 15
[5,789s][debug][gc,phases      ] GC(7)     Scan Heap Roots (ms):          Min: 0,00, Avg: 0,07, Max: 0,10, Diff: 0,10, Sum: 1,02, Workers: 15
[5,789s][debug][gc,phases      ] GC(7)       Scanned Cards:                 Min: 0, Avg: 19,8, Max: 67, Diff: 67, Sum: 297, Workers: 15
[5,789s][debug][gc,phases      ] GC(7)       Scanned Blocks:                Min: 0, Avg: 11,2, Max: 31, Diff: 31, Sum: 168, Workers: 15
[5,789s][debug][gc,phases      ] GC(7)       Claimed Chunks:                Min: 0, Avg:  9,7, Max: 25, Diff: 25, Sum: 146, Workers: 15
[5,789s][debug][gc,phases      ] GC(7)       Found Roots:                   Min: 0, Avg: 95,2, Max: 404, Diff: 404, Sum: 1428, Workers: 15
[5,789s][debug][gc,phases      ] GC(7)     Code Root Scan (ms):           Min: 0,00, Avg: 0,01, Max: 0,05, Diff: 0,04, Sum: 0,16, Workers: 15
[5,789s][debug][gc,phases      ] GC(7)       Scanned Nmethods               Min: 0, Avg:  0,9, Max: 7, Diff: 7, Sum: 14, Workers: 15
[5,789s][debug][gc,phases      ] GC(7)     Object Copy (ms):              Min: 7,84, Avg: 7,89, Max: 7,93, Diff: 0,09, Sum: 118,34, Workers: 15
[5,789s][debug][gc,phases      ] GC(7)     Termination (ms):              Min: 0,04, Avg: 0,05, Max: 0,11, Diff: 0,07, Sum: 0,76, Workers: 15
[5,789s][debug][gc,phases      ] GC(7)       Termination Attempts:          Min: 1, Avg:  1,0, Max: 1, Diff: 0, Sum: 15, Workers: 15
[5,789s][debug][gc,phases      ] GC(7)     GC Worker Other (ms):          Min: 0,01, Avg: 0,02, Max: 0,02, Diff: 0,01, Sum: 0,24, Workers: 15
[5,789s][debug][gc,phases      ] GC(7)     GC Worker Total (ms):          Min: 8,16, Avg: 8,23, Max: 8,27, Diff: 0,11, Sum: 123,44, Workers: 15
[5,789s][info ][gc,phases      ] GC(7)   Post Evacuate Collection Set: 0,61ms
[5,789s][debug][gc,phases      ] GC(7)     NMethod List Cleanup: 0,01ms
[5,789s][debug][gc,phases      ] GC(7)     Reference Processing: 0,32ms
[5,789s][debug][gc,phases,ref  ] GC(7)       Notify Soft/WeakReferences: 0,1ms
[5,789s][debug][gc,phases,ref  ] GC(7)         SoftRef (ms):                  Min: 0,00, Avg: 0,00, Max: 0,00, Diff: 0,00, Sum: 0,00, Workers: 1
[5,789s][debug][gc,phases,ref  ] GC(7)         WeakRef (ms):                  Min: 0,00, Avg: 0,00, Max: 0,00, Diff: 0,00, Sum: 0,00, Workers: 1
[5,789s][debug][gc,phases,ref  ] GC(7)         FinalRef (ms):                 Min: 0,01, Avg: 0,01, Max: 0,01, Diff: 0,00, Sum: 0,01, Workers: 1
[5,789s][debug][gc,phases,ref  ] GC(7)         Total (ms):                    Min: 0,03, Avg: 0,03, Max: 0,03, Diff: 0,00, Sum: 0,03, Workers: 1
[5,789s][debug][gc,phases,ref  ] GC(7)       Notify and keep alive finalizable: 0,2ms
[5,789s][debug][gc,phases,ref  ] GC(7)         Balance queues: 0,0ms
[5,789s][debug][gc,phases,ref  ] GC(7)         FinalRef (ms):                 Min: 0,04, Avg: 0,08, Max: 0,12, Diff: 0,08, Sum: 1,19, Workers: 15
[5,789s][debug][gc,phases,ref  ] GC(7)       Notify PhantomReferences: 0,0ms
[5,789s][debug][gc,phases,ref  ] GC(7)         PhantomRef (ms):               Min: 0,00, Avg: 0,00, Max: 0,00, Diff: 0,00, Sum: 0,00, Workers: 1
[5,789s][debug][gc,phases,ref  ] GC(7)       SoftReference Discovered: 0, Dropped: 0, Processed: 0
[5,789s][debug][gc,phases,ref  ] GC(7)       WeakReference Discovered: 1, Dropped: 0, Processed: 1
[5,789s][debug][gc,phases,ref  ] GC(7)       FinalReference Discovered: 98, Dropped: 3, Processed: 95
[5,789s][debug][gc,phases,ref  ] GC(7)       PhantomReference Discovered: 9, Dropped: 0, Processed: 9
[5,789s][debug][gc,phases      ] GC(7)     Weak Processing: 0,06ms
[5,789s][debug][gc,phases      ] GC(7)       VM Weak                        Min: 0,00, Avg: 0,00, Max: 0,00, Diff: 0,00, Sum: 0,01, Workers: 15
[5,789s][debug][gc,phases      ] GC(7)         Dead                           Min: 0, Avg:  0,0, Max: 0, Diff: 0, Sum: 0, Workers: 15
[5,789s][debug][gc,phases      ] GC(7)         Total                          Min: 0, Avg: 11,0, Max: 101, Diff: 101, Sum: 165, Workers: 15
[5,789s][debug][gc,phases      ] GC(7)       ObjectSynchronizer Weak        Min: 0,00, Avg: 0,00, Max: 0,00, Diff: 0,00, Sum: 0,00, Workers: 15
[5,789s][debug][gc,phases      ] GC(7)         Dead                           Min: 0, Avg:  0,0, Max: 0, Diff: 0, Sum: 0, Workers: 15
[5,789s][debug][gc,phases      ] GC(7)         Total                          Min: 0, Avg:  2,1, Max: 32, Diff: 32, Sum: 32, Workers: 15
[5,789s][debug][gc,phases      ] GC(7)       JVMTI Tag Weak OopStorage      Min: 0,00, Avg: 0,00, Max: 0,00, Diff: 0,00, Sum: 0,00, Workers: 15
[5,789s][debug][gc,phases      ] GC(7)         Dead                           Min: 0, Avg:  0,0, Max: 0, Diff: 0, Sum: 0, Workers: 15
[5,789s][debug][gc,phases      ] GC(7)         Total                          Min: 0, Avg:  0,0, Max: 0, Diff: 0, Sum: 0, Workers: 15
[5,789s][debug][gc,phases      ] GC(7)       StringTable Weak               Min: 0,00, Avg: 0,01, Max: 0,02, Diff: 0,02, Sum: 0,11, Workers: 15
[5,789s][debug][gc,phases      ] GC(7)         Dead                           Min: 0, Avg:  0,0, Max: 0, Diff: 0, Sum: 0, Workers: 15
[5,789s][debug][gc,phases      ] GC(7)         Total                          Min: 0, Avg: 547,0, Max: 1408, Diff: 1408, Sum: 8205, Workers: 15
[5,789s][debug][gc,phases      ] GC(7)       ResolvedMethodTable Weak       Min: 0,00, Avg: 0,00, Max: 0,00, Diff: 0,00, Sum: 0,04, Workers: 15
[5,789s][debug][gc,phases      ] GC(7)         Dead                           Min: 0, Avg:  0,5, Max: 8, Diff: 8, Sum: 8, Workers: 15
[5,789s][debug][gc,phases      ] GC(7)         Total                          Min: 0, Avg: 111,8, Max: 256, Diff: 256, Sum: 1677, Workers: 15
[5,789s][debug][gc,phases      ] GC(7)       JNI Weak                       Min: 0,00, Avg: 0,00, Max: 0,00, Diff: 0,00, Sum: 0,01, Workers: 15
[5,789s][debug][gc,phases      ] GC(7)         Dead                           Min: 0, Avg:  0,0, Max: 0, Diff: 0, Sum: 0, Workers: 15
[5,789s][debug][gc,phases      ] GC(7)         Total                          Min: 0, Avg:  0,0, Max: 0, Diff: 0, Sum: 0, Workers: 15
[5,789s][debug][gc,phases      ] GC(7)       StringDedup Table Weak         Min: 0,00, Avg: 0,01, Max: 0,01, Diff: 0,01, Sum: 0,12, Workers: 15
[5,789s][debug][gc,phases      ] GC(7)         Dead                           Min: 0, Avg:  0,0, Max: 0, Diff: 0, Sum: 0, Workers: 15
[5,789s][debug][gc,phases      ] GC(7)         Total                          Min: 0, Avg: 842,5, Max: 1792, Diff: 1792, Sum: 12638, Workers: 15
[5,789s][debug][gc,phases      ] GC(7)       StringDedup Requests0 Weak     Min: 0,00, Avg: 0,00, Max: 0,00, Diff: 0,00, Sum: 0,01, Workers: 15
[5,789s][debug][gc,phases      ] GC(7)         Dead                           Min: 0, Avg:  0,1, Max: 1, Diff: 1, Sum: 1, Workers: 15
[5,789s][debug][gc,phases      ] GC(7)         Total                          Min: 0, Avg: 12,8, Max: 64, Diff: 64, Sum: 192, Workers: 15
[5,789s][debug][gc,phases      ] GC(7)       StringDedup Requests1 Weak     Min: 0,00, Avg: 0,00, Max: 0,00, Diff: 0,00, Sum: 0,00, Workers: 15
[5,789s][debug][gc,phases      ] GC(7)         Dead                           Min: 0, Avg:  0,0, Max: 0, Diff: 0, Sum: 0, Workers: 15
[5,789s][debug][gc,phases      ] GC(7)         Total                          Min: 0, Avg:  0,0, Max: 0, Diff: 0, Sum: 0, Workers: 15
[5,789s][debug][gc,phases      ] GC(7)       Weak JFR Old Object Samples    Min: 0,00, Avg: 0,00, Max: 0,00, Diff: 0,00, Sum: 0,00, Workers: 15
[5,789s][debug][gc,phases      ] GC(7)         Dead                           Min: 0, Avg:  0,0, Max: 0, Diff: 0, Sum: 0, Workers: 15
[5,789s][debug][gc,phases      ] GC(7)         Total                          Min: 0, Avg:  0,0, Max: 0, Diff: 0, Sum: 0, Workers: 15
[5,789s][debug][gc,phases      ] GC(7)     Post Evacuate Cleanup 1: 0,08ms
[5,789s][debug][gc,phases      ] GC(7)       Merge Per-Thread State (ms):   Min: 0,02, Avg: 0,02, Max: 0,02, Diff: 0,00, Sum: 0,02, Workers: 1
[5,789s][debug][gc,phases      ] GC(7)         Copied Bytes                   Min: 3764536, Avg: 5104606,9, Max: 6302688, Diff: 2538152, Sum: 76569104, Workers: 15
[5,789s][debug][gc,phases      ] GC(7)         LAB Waste                      Min: 240, Avg: 3221,9, Max: 6216, Diff: 5976, Sum: 48328, Workers: 15
[5,789s][debug][gc,phases      ] GC(7)         LAB Undo Waste                 Min: 0, Avg:  0,0, Max: 0, Diff: 0, Sum: 0, Workers: 15
[5,789s][debug][gc,phases      ] GC(7)         Evac Fail Extra Cards          Min: 0, Avg:  0,0, Max: 0, Diff: 0, Sum: 0, Workers: 15
[5,789s][debug][gc,phases      ] GC(7)       Clear Logged Cards (ms):       Min: 0,00, Avg: 0,02, Max: 0,06, Diff: 0,06, Sum: 0,06, Workers: 3
[5,789s][debug][gc,phases      ] GC(7)       Recalculate Used Memory (ms):  Min: 0,00, Avg: 0,00, Max: 0,00, Diff: 0,00, Sum: 0,00, Workers: 1
[5,789s][debug][gc,phases      ] GC(7)     Post Evacuate Cleanup 2: 0,05ms
[5,789s][debug][gc,phases      ] GC(7)       Update Derived Pointers (ms):  Min: 0,00, Avg: 0,00, Max: 0,00, Diff: 0,00, Sum: 0,00, Workers: 1
[5,789s][debug][gc,phases      ] GC(7)       Eagerly Reclaim Humongous Objects (ms): skipped
[5,789s][debug][gc,phases      ] GC(7)         Humongous Total                skipped
[5,789s][debug][gc,phases      ] GC(7)         Humongous Candidates           skipped
[5,789s][debug][gc,phases      ] GC(7)         Humongous Reclaimed            skipped
[5,789s][debug][gc,phases      ] GC(7)       Redirty Logged Cards (ms):     Min: 0,00, Avg: 0,00, Max: 0,00, Diff: 0,00, Sum: 0,01, Workers: 15
[5,789s][debug][gc,phases      ] GC(7)         Redirtied Cards:               Min: 0, Avg: 17,4, Max: 123, Diff: 123, Sum: 261, Workers: 15
[5,789s][debug][gc,phases      ] GC(7)       Resize TLABs (ms):             Min: 0,00, Avg: 0,00, Max: 0,00, Diff: 0,00, Sum: 0,01, Workers: 15
[5,789s][debug][gc,phases      ] GC(7)       Free Collection Set (ms):      Min: 0,00, Avg: 0,02, Max: 0,03, Diff: 0,02, Sum: 0,25, Workers: 15
[5,789s][debug][gc,phases      ] GC(7)     Rebuild Free List: 0,04ms
[5,789s][debug][gc,phases      ] GC(7)     Prepare For Mutator: 0,06ms
[5,789s][debug][gc,phases      ] GC(7)     Expand Heap After Collection: 0,00ms
[5,789s][info ][gc,phases      ] GC(7)   Other: 0,25ms
[5,789s][debug][gc,remset      ] GC(7) Coarsening (recent): Inline->AoC 0 (0) AoC->Howl 0 (0) Howl->Full 0 (0) Inline->AoC 0 (0) AoC->BitMap 0 (0) BitMap->Full 0 (0) 
[5,789s][debug][gc,remset      ] GC(7) Coarsening (all): Inline->AoC 0 (0) AoC->Howl 0 (0) Howl->Full 0 (0) Inline->AoC 0 (0) AoC->BitMap 0 (0) BitMap->Full 0 (0) 
[5,789s][info ][gc,heap        ] GC(7) Eden regions: 59->0(72)
[5,789s][info ][gc,heap        ] GC(7) Survivor regions: 8->9(9)
[5,789s][info ][gc,heap        ] GC(7) Old regions: 93->104
[5,789s][info ][gc,heap        ] GC(7) Humongous regions: 0->0
[5,789s][info ][gc,metaspace   ] GC(7) Metaspace: 20190K(20544K)->20190K(20544K) NonClass: 17606K(17856K)->17606K(17856K) Class: 2584K(2688K)->2584K(2688K)
[5,789s][debug][gc,heap        ] GC(7) Heap after GC invocations=8 (full 0):
[5,789s][debug][gc,heap        ] GC(7)  garbage-first heap   total reserved 8388608K, committed 5246976K, used 456446K [0x0000000600000000, 0x0000000800000000)
[5,789s][debug][gc,heap        ] GC(7)   region size 4096K, 9 young (36864K), 9 survivors (36864K)
[5,789s][debug][gc,heap        ] GC(7)  Metaspace       used 20190K, committed 20544K, reserved 1114112K
[5,789s][debug][gc,heap        ] GC(7)   class space    used 2584K, committed 2688K, reserved 1048576K
[5,790s][info ][gc             ] GC(7) Pause Young (Normal) (G1 Evacuation Pause) 635M->445M(5124M) 10,948ms
[5,790s][info ][gc,cpu         ] GC(7) User=0,14s Sys=0,00s Real=0,01s
[5,790s][debug][gc,task        ] G1 Service Thread (Card Set Free Memory Task) (run: 1,467ms) (cpu: 0,070ms)
[5,790s][debug][gc,refine      ] Concurrent refinement: wanted 0, cards: 261, predicted: 1095, time: 700,39ms
[5,895s][debug][gc,refine      ] Concurrent refinement: wanted 0, cards: 261, predicted: 694, time: 364,17ms
[5,971s][debug][gc,refine      ] Concurrent refinement: wanted 0, cards: 261, predicted: 396, time: 113,72ms
[6,007s][info ][gc,start       ] GC(8) Pause Young (Normal) (G1 Evacuation Pause)
[6,007s][debug][gc,heap        ] GC(8) Heap before GC invocations=8 (full 0):
[6,007s][debug][gc,heap        ] GC(8)  garbage-first heap   total reserved 8388608K, committed 5246976K, used 788222K [0x0000000600000000, 0x0000000800000000)
[6,007s][debug][gc,heap        ] GC(8)   region size 4096K, 91 young (372736K), 9 survivors (36864K)
[6,007s][debug][gc,heap        ] GC(8)  Metaspace       used 20307K, committed 20608K, reserved 1114112K
[6,007s][debug][gc,heap        ] GC(8)   class space    used 2584K, committed 2688K, reserved 1048576K
[6,007s][info ][gc,task        ] GC(8) Using 15 workers of 15 for evacuation
[6,007s][debug][gc,age         ] GC(8) Desired survivor size 25165824 bytes, new threshold 1 (max threshold 15)
[6,008s][debug][gc,tlab        ] GC(8) TLAB totals: thrds: 25  refills: 394 max: 27 slow allocs: 635 max 57 waste:  4,6% gc: 12758656B max: 1263392B slow: 1249608B max: 133832B
[6,008s][debug][gc,refine,stats] GC(8) Mutator refinement: 0,00ms, refined: 0, precleaned: 0, dirtied: 1198
[6,008s][debug][gc,refine,stats] GC(8) Concurrent refinement: 0,00ms, refined: 0, precleaned: 0, dirtied: 0
[6,008s][debug][gc,refine,stats] GC(8) Total refinement: 0,00ms, refined: 0, precleaned: 0, dirtied: 1198
[6,008s][debug][gc,refine,stats] GC(8) Generate dirty cards rate: 5,47 cards/ms
[6,008s][debug][gc,alloc,region] GC(8) Mutator Allocation stats, regions: 82, wasted size: 0B ( 0,0%)
[6,008s][debug][gc,ergo,cset   ] GC(8) No candidates to reclaim.
[6,008s][debug][gc,ergo        ] GC(8) Running G1 Merge Heap Roots using 15 workers for 91 regions
[6,008s][debug][gc,remset      ] GC(8) Visited cards 59968 Total dirty 712704 (8,41%) Total old 2342912 (2,56%)
[6,012s][debug][gc,ref         ] GC(8) ReferenceProcessor::execute queues: 1, RefProcThreadModel::Single, marks_oops_alive: false
[6,012s][debug][gc,ref         ] GC(8) ReferenceProcessor::execute queues: 15, RefProcThreadModel::Multi, marks_oops_alive: true
[6,012s][debug][gc,ref         ] GC(8) Skipped PhantomRefsPhase of Reference Processing: no references
[6,012s][debug][gc,ergo        ] GC(8) Running G1 Rebuild Free List Task using 15 workers for rebuilding free list of regions
[6,012s][debug][gc,plab        ] GC(8) Young PLAB allocation: allocated: 7124416B, wasted: 0B, unused: 5372048B, used: 1752368B, undo waste: 0B, 
[6,012s][debug][gc,plab        ] GC(8) Young other allocation: region end waste: 0B, regions filled: 2, num plab filled: 15, direct allocated: 0B, num direct allocated: 0, failure used: 0B, failure wasted: 0B
[6,012s][debug][gc,plab        ] GC(8) Young sizing: calculated: 350472B, actual: 2094168B
[6,012s][debug][gc,plab        ] GC(8) Old PLAB allocation: allocated: 40455072B, wasted: 12592B, unused: 4417696B, used: 36024784B, undo waste: 0B, 
[6,012s][debug][gc,plab        ] GC(8) Old other allocation: region end waste: 0B, regions filled: 10, num plab filled: 76, direct allocated: 0B, num direct allocated: 0, failure used: 0B, failure wasted: 0B
[6,012s][debug][gc,plab        ] GC(8) Old sizing: calculated: 7204952B, actual: 7564136B
[6,012s][debug][gc,task,start  ] G1 Service Thread (Card Set Free Memory Task) (run 0,006ms after schedule)
[6,012s][debug][gc,ergo,heap   ] GC(8) Heap expansion: short term pause time ratio 1,73% long term pause time ratio 1,41% threshold 7,69% pause time ratio 7,69% fully expanded false resize by 0B
[6,012s][debug][gc,mmu         ] GC(8) MMU: 4,7ms (200,0ms/201,0ms)
[6,012s][debug][gc,alloc,stats ] Old generation allocation in the last mutator period, old gen allocated: 40455072B, humongous allocated: 0B, old gen growth: 40455072B.
[6,012s][debug][gc,ihop        ] GC(8) Basic information (value update), threshold: 2415919104B (45,00), target occupancy: 5368709120B, current occupancy: 477231760B, recent allocation size: 40455072B, recent allocation duration: 219,18ms, recent old gen allocation rate: 184574711,60B/s, recent marking phase length: 0,00ms
[6,012s][debug][gc,ihop        ] GC(8) Adaptive IHOP information (value update), threshold: 2415919104B (47,37), internal target occupancy: 5100273664B, occupancy: 477231760B, additional buffer size: 3221225472B, predicted old gen allocation rate: 76743635,15B/s, predicted marking phase length: 0,00ms, prediction active: false
[6,012s][debug][gc,ergo,refine ] GC(8) GC refinement: goal: 1236200 + 690 / 20,00ms, actual: 1459 / 0,17ms, 
[6,012s][debug][gc,ergo,refine ] GC(8) Unchanged pending cards target: 1236200
[6,012s][info ][gc,phases      ] GC(8)   Pre Evacuate Collection Set: 0,26ms
[6,012s][debug][gc,phases      ] GC(8)     Pre Evacuate Prepare: 0,13ms
[6,012s][debug][gc,phases      ] GC(8)       JT Retire TLABs And Flush Logs (ms): Min: 0,00, Avg: 0,02, Max: 0,03, Diff: 0,03, Sum: 0,03, Workers: 2
[6,012s][debug][gc,phases      ] GC(8)       Non-JT Flush Logs (ms):        Min: 0,01, Avg: 0,01, Max: 0,01, Diff: 0,00, Sum: 0,01, Workers: 1
[6,012s][debug][gc,phases      ] GC(8)     Choose Collection Set: 0,01ms
[6,012s][debug][gc,phases      ] GC(8)     Region Register: 0,12ms
[6,012s][debug][gc,phases      ] GC(8)     Prepare Heap Roots: 0,00ms
[6,012s][info ][gc,phases      ] GC(8)   Merge Heap Roots: 0,31ms
[6,012s][debug][gc,phases      ] GC(8)     Prepare Merge Heap Roots: 0,02ms
[6,012s][debug][gc,phases      ] GC(8)     Remembered Sets (ms):          Min: 0,02, Avg: 0,03, Max: 0,04, Diff: 0,02, Sum: 0,48, Workers: 15
[6,012s][debug][gc,phases      ] GC(8)       Eager Reclaim (ms):            skipped
[6,012s][debug][gc,phases      ] GC(8)       Merged Inline                  Min: 0, Avg:  0,0, Max: 0, Diff: 0, Sum: 0, Workers: 15
[6,012s][debug][gc,phases      ] GC(8)       Merged ArrayOfCards            Min: 0, Avg:  0,0, Max: 0, Diff: 0, Sum: 0, Workers: 15
[6,012s][debug][gc,phases      ] GC(8)       Merged Howl                    Min: 0, Avg:  0,0, Max: 0, Diff: 0, Sum: 0, Workers: 15
[6,012s][debug][gc,phases      ] GC(8)       Merged Full                    Min: 0, Avg:  0,0, Max: 0, Diff: 0, Sum: 0, Workers: 15
[6,012s][debug][gc,phases      ] GC(8)       Merged Howl Inline             Min: 0, Avg:  0,0, Max: 0, Diff: 0, Sum: 0, Workers: 15
[6,012s][debug][gc,phases      ] GC(8)       Merged Howl ArrayOfCards       Min: 0, Avg:  0,0, Max: 0, Diff: 0, Sum: 0, Workers: 15
[6,012s][debug][gc,phases      ] GC(8)       Merged Howl BitMap             Min: 0, Avg:  0,0, Max: 0, Diff: 0, Sum: 0, Workers: 15
[6,012s][debug][gc,phases      ] GC(8)       Merged Howl Full               Min: 0, Avg:  0,0, Max: 0, Diff: 0, Sum: 0, Workers: 15
[6,012s][debug][gc,phases      ] GC(8)       Merged Cards                   Min: 8, Avg:  8,0, Max: 8, Diff: 0, Sum: 120, Workers: 15
[6,012s][debug][gc,phases      ] GC(8)     Log Buffers (ms):              Min: 0,01, Avg: 0,03, Max: 0,03, Diff: 0,02, Sum: 0,39, Workers: 15
[6,012s][debug][gc,phases      ] GC(8)       Dirty Cards:                   Min: 65, Avg: 97,3, Max: 155, Diff: 90, Sum: 1459, Workers: 15
[6,012s][debug][gc,phases      ] GC(8)       Skipped Cards:                 Min: 0, Avg:  0,0, Max: 0, Diff: 0, Sum: 0, Workers: 15
[6,012s][info ][gc,phases      ] GC(8)   Evacuate Collection Set: 3,32ms
[6,012s][debug][gc,phases      ] GC(8)     Ext Root Scanning (ms):        Min: 0,00, Avg: 0,05, Max: 0,26, Diff: 0,25, Sum: 0,78, Workers: 15
[6,012s][debug][gc,phases      ] GC(8)     Scan Heap Roots (ms):          Min: 0,03, Avg: 0,14, Max: 0,19, Diff: 0,16, Sum: 2,12, Workers: 15
[6,012s][debug][gc,phases      ] GC(8)       Scanned Cards:                 Min: 11, Avg: 94,0, Max: 158, Diff: 147, Sum: 1410, Workers: 15
[6,012s][debug][gc,phases      ] GC(8)       Scanned Blocks:                Min: 8, Avg: 64,1, Max: 107, Diff: 99, Sum: 962, Workers: 15
[6,013s][debug][gc,phases      ] GC(8)       Claimed Chunks:                Min: 8, Avg: 62,5, Max: 104, Diff: 96, Sum: 937, Workers: 15
[6,013s][debug][gc,phases      ] GC(8)       Found Roots:                   Min: 98, Avg: 249,9, Max: 379, Diff: 281, Sum: 3748, Workers: 15
[6,013s][debug][gc,phases      ] GC(8)     Code Root Scan (ms):           Min: 0,01, Avg: 0,02, Max: 0,07, Diff: 0,06, Sum: 0,24, Workers: 15
[6,013s][debug][gc,phases      ] GC(8)       Scanned Nmethods               Min: 0, Avg:  2,5, Max: 22, Diff: 22, Sum: 37, Workers: 15
[6,013s][debug][gc,phases      ] GC(8)     Object Copy (ms):              Min: 2,88, Avg: 2,95, Max: 3,11, Diff: 0,22, Sum: 44,28, Workers: 15
[6,013s][debug][gc,phases      ] GC(8)     Termination (ms):              Min: 0,05, Avg: 0,05, Max: 0,06, Diff: 0,02, Sum: 0,81, Workers: 15
[6,013s][debug][gc,phases      ] GC(8)       Termination Attempts:          Min: 1, Avg:  1,0, Max: 1, Diff: 0, Sum: 15, Workers: 15
[6,013s][debug][gc,phases      ] GC(8)     GC Worker Other (ms):          Min: 0,01, Avg: 0,02, Max: 0,03, Diff: 0,01, Sum: 0,27, Workers: 15
[6,013s][debug][gc,phases      ] GC(8)     GC Worker Total (ms):          Min: 3,16, Avg: 3,23, Max: 3,30, Diff: 0,14, Sum: 48,50, Workers: 15
[6,013s][info ][gc,phases      ] GC(8)   Post Evacuate Collection Set: 0,63ms
[6,013s][debug][gc,phases      ] GC(8)     NMethod List Cleanup: 0,01ms
[6,013s][debug][gc,phases      ] GC(8)     Reference Processing: 0,29ms
[6,013s][debug][gc,phases,ref  ] GC(8)       Notify Soft/WeakReferences: 0,1ms
[6,013s][debug][gc,phases,ref  ] GC(8)         SoftRef (ms):                  Min: 0,00, Avg: 0,00, Max: 0,00, Diff: 0,00, Sum: 0,00, Workers: 1
[6,013s][debug][gc,phases,ref  ] GC(8)         WeakRef (ms):                  Min: 0,00, Avg: 0,00, Max: 0,00, Diff: 0,00, Sum: 0,00, Workers: 1
[6,013s][debug][gc,phases,ref  ] GC(8)         FinalRef (ms):                 Min: 0,05, Avg: 0,05, Max: 0,05, Diff: 0,00, Sum: 0,05, Workers: 1
[6,013s][debug][gc,phases,ref  ] GC(8)         Total (ms):                    Min: 0,07, Avg: 0,07, Max: 0,07, Diff: 0,00, Sum: 0,07, Workers: 1
[6,013s][debug][gc,phases,ref  ] GC(8)       Notify and keep alive finalizable: 0,1ms
[6,013s][debug][gc,phases,ref  ] GC(8)         Balance queues: 0,0ms
[6,013s][debug][gc,phases,ref  ] GC(8)         FinalRef (ms):                 Min: 0,04, Avg: 0,09, Max: 0,12, Diff: 0,08, Sum: 1,42, Workers: 15
[6,013s][debug][gc,phases,ref  ] GC(8)       Notify PhantomReferences: 0,0ms
[6,013s][debug][gc,phases,ref  ] GC(8)         PhantomRef (ms):               skipped
[6,013s][debug][gc,phases,ref  ] GC(8)       SoftReference Discovered: 0, Dropped: 0, Processed: 0
[6,013s][debug][gc,phases,ref  ] GC(8)       WeakReference Discovered: 0, Dropped: 0, Processed: 0
[6,013s][debug][gc,phases,ref  ] GC(8)       FinalReference Discovered: 816, Dropped: 1, Processed: 815
[6,013s][debug][gc,phases,ref  ] GC(8)       PhantomReference Discovered: 0, Dropped: 0, Processed: 0
[6,013s][debug][gc,phases      ] GC(8)     Weak Processing: 0,05ms
[6,013s][debug][gc,phases      ] GC(8)       VM Weak                        Min: 0,00, Avg: 0,00, Max: 0,00, Diff: 0,00, Sum: 0,01, Workers: 15
[6,013s][debug][gc,phases      ] GC(8)         Dead                           Min: 0, Avg:  0,0, Max: 0, Diff: 0, Sum: 0, Workers: 15
[6,013s][debug][gc,phases      ] GC(8)         Total                          Min: 0, Avg: 11,0, Max: 101, Diff: 101, Sum: 165, Workers: 15
[6,013s][debug][gc,phases      ] GC(8)       ObjectSynchronizer Weak        Min: 0,00, Avg: 0,00, Max: 0,00, Diff: 0,00, Sum: 0,00, Workers: 15
[6,013s][debug][gc,phases      ] GC(8)         Dead                           Min: 0, Avg:  0,0, Max: 0, Diff: 0, Sum: 0, Workers: 15
[6,013s][debug][gc,phases      ] GC(8)         Total                          Min: 0, Avg:  2,1, Max: 32, Diff: 32, Sum: 32, Workers: 15
[6,013s][debug][gc,phases      ] GC(8)       JVMTI Tag Weak OopStorage      Min: 0,00, Avg: 0,00, Max: 0,00, Diff: 0,00, Sum: 0,00, Workers: 15
[6,013s][debug][gc,phases      ] GC(8)         Dead                           Min: 0, Avg:  0,0, Max: 0, Diff: 0, Sum: 0, Workers: 15
[6,013s][debug][gc,phases      ] GC(8)         Total                          Min: 0, Avg:  0,0, Max: 0, Diff: 0, Sum: 0, Workers: 15
[6,013s][debug][gc,phases      ] GC(8)       StringTable Weak               Min: 0,00, Avg: 0,01, Max: 0,01, Diff: 0,01, Sum: 0,13, Workers: 15
[6,013s][debug][gc,phases      ] GC(8)         Dead                           Min: 0, Avg:  0,0, Max: 0, Diff: 0, Sum: 0, Workers: 15
[6,013s][debug][gc,phases      ] GC(8)         Total                          Min: 0, Avg: 549,1, Max: 1024, Diff: 1024, Sum: 8237, Workers: 15
[6,013s][debug][gc,phases      ] GC(8)       ResolvedMethodTable Weak       Min: 0,00, Avg: 0,00, Max: 0,00, Diff: 0,00, Sum: 0,05, Workers: 15
[6,013s][debug][gc,phases      ] GC(8)         Dead                           Min: 0, Avg:  0,0, Max: 0, Diff: 0, Sum: 0, Workers: 15
[6,013s][debug][gc,phases      ] GC(8)         Total                          Min: 0, Avg: 111,8, Max: 192, Diff: 192, Sum: 1677, Workers: 15
[6,013s][debug][gc,phases      ] GC(8)       JNI Weak                       Min: 0,00, Avg: 0,00, Max: 0,00, Diff: 0,00, Sum: 0,02, Workers: 15
[6,013s][debug][gc,phases      ] GC(8)         Dead                           Min: 0, Avg:  0,0, Max: 0, Diff: 0, Sum: 0, Workers: 15
[6,013s][debug][gc,phases      ] GC(8)         Total                          Min: 0, Avg:  0,0, Max: 0, Diff: 0, Sum: 0, Workers: 15
[6,013s][debug][gc,phases      ] GC(8)       StringDedup Table Weak         Min: 0,00, Avg: 0,01, Max: 0,01, Diff: 0,01, Sum: 0,17, Workers: 15
[6,013s][debug][gc,phases      ] GC(8)         Dead                           Min: 0, Avg:  0,0, Max: 0, Diff: 0, Sum: 0, Workers: 15
[6,013s][debug][gc,phases      ] GC(8)         Total                          Min: 0, Avg: 852,6, Max: 1344, Diff: 1344, Sum: 12789, Workers: 15
[6,013s][debug][gc,phases      ] GC(8)       StringDedup Requests0 Weak     Min: 0,00, Avg: 0,00, Max: 0,00, Diff: 0,00, Sum: 0,02, Workers: 15
[6,013s][debug][gc,phases      ] GC(8)         Dead                           Min: 0, Avg:  0,0, Max: 0, Diff: 0, Sum: 0, Workers: 15
[6,013s][debug][gc,phases      ] GC(8)         Total                          Min: 0, Avg:  0,0, Max: 0, Diff: 0, Sum: 0, Workers: 15
[6,013s][debug][gc,phases      ] GC(8)       StringDedup Requests1 Weak     Min: 0,00, Avg: 0,00, Max: 0,00, Diff: 0,00, Sum: 0,03, Workers: 15
[6,013s][debug][gc,phases      ] GC(8)         Dead                           Min: 0, Avg:  0,1, Max: 1, Diff: 1, Sum: 1, Workers: 15
[6,013s][debug][gc,phases      ] GC(8)         Total                          Min: 0, Avg: 42,7, Max: 128, Diff: 128, Sum: 640, Workers: 15
[6,013s][debug][gc,phases      ] GC(8)       Weak JFR Old Object Samples    Min: 0,00, Avg: 0,00, Max: 0,00, Diff: 0,00, Sum: 0,01, Workers: 15
[6,013s][debug][gc,phases      ] GC(8)         Dead                           Min: 0, Avg:  0,0, Max: 0, Diff: 0, Sum: 0, Workers: 15
[6,013s][debug][gc,phases      ] GC(8)         Total                          Min: 0, Avg:  0,0, Max: 0, Diff: 0, Sum: 0, Workers: 15
[6,013s][debug][gc,phases      ] GC(8)     Post Evacuate Cleanup 1: 0,08ms
[6,013s][debug][gc,phases      ] GC(8)       Merge Per-Thread State (ms):   Min: 0,03, Avg: 0,03, Max: 0,03, Diff: 0,00, Sum: 0,03, Workers: 1
[6,013s][debug][gc,phases      ] GC(8)         Copied Bytes                   Min: 2008776, Avg: 2518476,8, Max: 3289400, Diff: 1280624, Sum: 37777152, Workers: 15
[6,013s][debug][gc,phases      ] GC(8)         LAB Waste                      Min: 96, Avg: 839,5, Max: 4216, Diff: 4120, Sum: 12592, Workers: 15
[6,013s][debug][gc,phases      ] GC(8)         LAB Undo Waste                 Min: 0, Avg:  0,0, Max: 0, Diff: 0, Sum: 0, Workers: 15
[6,013s][debug][gc,phases      ] GC(8)         Evac Fail Extra Cards          Min: 0, Avg:  0,0, Max: 0, Diff: 0, Sum: 0, Workers: 15
[6,013s][debug][gc,phases      ] GC(8)       Clear Logged Cards (ms):       Min: 0,00, Avg: 0,02, Max: 0,06, Diff: 0,06, Sum: 0,06, Workers: 3
[6,013s][debug][gc,phases      ] GC(8)       Recalculate Used Memory (ms):  Min: 0,00, Avg: 0,00, Max: 0,00, Diff: 0,00, Sum: 0,00, Workers: 1
[6,013s][debug][gc,phases      ] GC(8)     Post Evacuate Cleanup 2: 0,08ms
[6,013s][debug][gc,phases      ] GC(8)       Update Derived Pointers (ms):  Min: 0,00, Avg: 0,00, Max: 0,00, Diff: 0,00, Sum: 0,00, Workers: 1
[6,013s][debug][gc,phases      ] GC(8)       Eagerly Reclaim Humongous Objects (ms): skipped
[6,013s][debug][gc,phases      ] GC(8)         Humongous Total                skipped
[6,013s][debug][gc,phases      ] GC(8)         Humongous Candidates           skipped
[6,013s][debug][gc,phases      ] GC(8)         Humongous Reclaimed            skipped
[6,013s][debug][gc,phases      ] GC(8)       Redirty Logged Cards (ms):     Min: 0,00, Avg: 0,00, Max: 0,02, Diff: 0,02, Sum: 0,06, Workers: 15
[6,013s][debug][gc,phases      ] GC(8)         Redirtied Cards:               Min: 0, Avg: 84,9, Max: 424, Diff: 424, Sum: 1273, Workers: 15
[6,013s][debug][gc,phases      ] GC(8)       Resize TLABs (ms):             Min: 0,00, Avg: 0,00, Max: 0,04, Diff: 0,04, Sum: 0,05, Workers: 15
[6,013s][debug][gc,phases      ] GC(8)       Free Collection Set (ms):      Min: 0,00, Avg: 0,02, Max: 0,03, Diff: 0,03, Sum: 0,31, Workers: 15
[6,013s][debug][gc,phases      ] GC(8)     Rebuild Free List: 0,04ms
[6,013s][debug][gc,phases      ] GC(8)     Prepare For Mutator: 0,08ms
[6,013s][debug][gc,phases      ] GC(8)     Expand Heap After Collection: 0,00ms
[6,013s][info ][gc,phases      ] GC(8)   Other: 0,28ms
[6,013s][debug][gc,remset      ] GC(8) Coarsening (recent): Inline->AoC 0 (0) AoC->Howl 0 (0) Howl->Full 0 (0) Inline->AoC 0 (0) AoC->BitMap 0 (0) BitMap->Full 0 (0) 
[6,013s][debug][gc,remset      ] GC(8) Coarsening (all): Inline->AoC 0 (0) AoC->Howl 0 (0) Howl->Full 0 (0) Inline->AoC 0 (0) AoC->BitMap 0 (0) BitMap->Full 0 (0) 
[6,013s][info ][gc,heap        ] GC(8) Eden regions: 82->0(766)
[6,013s][info ][gc,heap        ] GC(8) Survivor regions: 9->2(12)
[6,013s][info ][gc,heap        ] GC(8) Old regions: 104->113
[6,013s][info ][gc,heap        ] GC(8) Humongous regions: 0->0
[6,013s][info ][gc,metaspace   ] GC(8) Metaspace: 20307K(20608K)->20307K(20608K) NonClass: 17723K(17920K)->17723K(17920K) Class: 2584K(2688K)->2584K(2688K)
[6,013s][debug][gc,heap        ] GC(8) Heap after GC invocations=9 (full 0):
[6,013s][debug][gc,heap        ] GC(8)  garbage-first heap   total reserved 8388608K, committed 5246976K, used 466046K [0x0000000600000000, 0x0000000800000000)
[6,013s][debug][gc,heap        ] GC(8)   region size 4096K, 2 young (8192K), 2 survivors (8192K)
[6,013s][debug][gc,heap        ] GC(8)  Metaspace       used 20307K, committed 20608K, reserved 1114112K
[6,013s][debug][gc,heap        ] GC(8)   class space    used 2584K, committed 2688K, reserved 1048576K
[6,013s][info ][gc             ] GC(8) Pause Young (Normal) (G1 Evacuation Pause) 773M->455M(5124M) 6,078ms
[6,013s][info ][gc,cpu         ] GC(8) User=0,06s Sys=0,00s Real=0,01s
[6,014s][debug][gc,task        ] G1 Service Thread (Card Set Free Memory Task) (run: 1,423ms) (cpu: 0,084ms)
[6,014s][debug][gc,refine      ] Concurrent refinement: wanted 0, cards: 1273, predicted: 11349, time: 3086,70ms
[6,236s][debug][gc,refine      ] Concurrent refinement: wanted 0, cards: 1273, predicted: 10151, time: 2719,83ms
[6,393s][debug][gc,task,start  ] G1 Service Thread (Periodic GC Task) (run 1,026ms after schedule)
[6,393s][debug][gc,task        ] G1 Service Thread (Periodic GC Task) (run: 0,045ms) (cpu: 0,049ms)
[6,444s][debug][gc,refine      ] Concurrent refinement: wanted 0, cards: 3321, predicted: 11862, time: 2616,64ms
[6,648s][debug][gc,refine      ] Concurrent refinement: wanted 0, cards: 3833, predicted: 12223, time: 2570,23ms
[6,850s][debug][gc,refine      ] Concurrent refinement: wanted 0, cards: 3833, predicted: 11900, time: 2471,38ms
[7,048s][debug][gc,refine      ] Concurrent refinement: wanted 0, cards: 3833, predicted: 11551, time: 2364,45ms
[7,243s][debug][gc,refine      ] Concurrent refinement: wanted 0, cards: 3834, predicted: 11216, time: 2261,56ms
[7,393s][debug][gc,task,start  ] G1 Service Thread (Periodic GC Task) (run 0,175ms after schedule)
[7,393s][debug][gc,task        ] G1 Service Thread (Periodic GC Task) (run: 0,055ms) (cpu: 0,089ms)
[7,433s][debug][gc,refine      ] Concurrent refinement: wanted 0, cards: 3836, predicted: 10882, time: 2158,67ms
[7,618s][debug][gc,refine      ] Concurrent refinement: wanted 0, cards: 3836, predicted: 10546, time: 2055,78ms
[7,799s][debug][gc,refine      ] Concurrent refinement: wanted 0, cards: 3836, predicted: 7076, time: 992,62ms
[7,925s][debug][gc,refine      ] Concurrent refinement: wanted 0, cards: 3836, predicted: 6997, time: 968,38ms
[8,050s][debug][gc,refine      ] Concurrent refinement: wanted 0, cards: 3836, predicted: 6904, time: 940,13ms
[8,172s][debug][gc,refine      ] Concurrent refinement: wanted 0, cards: 3836, predicted: 6667, time: 867,50ms
[8,289s][debug][gc,refine      ] Concurrent refinement: wanted 0, cards: 3836, predicted: 6443, time: 798,91ms
[8,393s][debug][gc,task,start  ] G1 Service Thread (Periodic GC Task) (run 0,172ms after schedule)
[8,393s][debug][gc,task        ] G1 Service Thread (Periodic GC Task) (run: 0,049ms) (cpu: 0,076ms)
[8,402s][debug][gc,refine      ] Concurrent refinement: wanted 0, cards: 3836, predicted: 6226, time: 732,34ms
[8,511s][debug][gc,refine      ] Concurrent refinement: wanted 0, cards: 3836, predicted: 6022, time: 669,79ms
[8,614s][debug][gc,refine      ] Concurrent refinement: wanted 0, cards: 3836, predicted: 5831, time: 611,29ms
[8,712s][debug][gc,refine      ] Concurrent refinement: wanted 0, cards: 3837, predicted: 5641, time: 552,78ms
[8,806s][debug][gc,refine      ] Concurrent refinement: wanted 0, cards: 3837, predicted: 5463, time: 498,31ms
[8,895s][debug][gc,refine      ] Concurrent refinement: wanted 0, cards: 3837, predicted: 5292, time: 445,86ms
[8,980s][debug][gc,refine      ] Concurrent refinement: wanted 0, cards: 3837, predicted: 5134, time: 397,44ms
[9,059s][debug][gc,refine      ] Concurrent refinement: wanted 0, cards: 3837, predicted: 4982, time: 351,04ms
[9,133s][debug][gc,refine      ] Concurrent refinement: wanted 0, cards: 3837, predicted: 4391, time: 169,82ms
[9,185s][debug][gc,refine      ] Concurrent refinement: wanted 0, cards: 3837, predicted: 3837, time: 36,31ms
[9,201s][info ][gc,start       ] GC(9) Pause Young (Normal) (G1 Evacuation Pause)
[9,201s][debug][gc,heap        ] GC(9) Heap before GC invocations=9 (full 0):
[9,201s][debug][gc,heap        ] GC(9)  garbage-first heap   total reserved 8388608K, committed 5246976K, used 3599486K [0x0000000600000000, 0x0000000800000000)
[9,201s][debug][gc,heap        ] GC(9)   region size 4096K, 768 young (3145728K), 2 survivors (8192K)
[9,201s][debug][gc,heap        ] GC(9)  Metaspace       used 20614K, committed 20928K, reserved 1114112K
[9,201s][debug][gc,heap        ] GC(9)   class space    used 2610K, committed 2752K, reserved 1048576K
[9,201s][info ][gc,task        ] GC(9) Using 15 workers of 15 for evacuation
[9,201s][debug][gc,age         ] GC(9) Desired survivor size 201326592 bytes, new threshold 15 (max threshold 15)
[9,201s][debug][gc,tlab        ] GC(9) TLAB totals: thrds: 25  refills: 2621 max: 685 slow allocs: 2035 max 197 waste:  0,8% gc: 18801608B max: 2096880B slow: 7364920B max: 945792B
[9,201s][debug][gc,refine,stats] GC(9) Mutator refinement: 0,00ms, refined: 0, precleaned: 0, dirtied: 4231
[9,201s][debug][gc,refine,stats] GC(9) Concurrent refinement: 0,00ms, refined: 0, precleaned: 0, dirtied: 0
[9,201s][debug][gc,refine,stats] GC(9) Total refinement: 0,00ms, refined: 0, precleaned: 0, dirtied: 4231
[9,201s][debug][gc,refine,stats] GC(9) Generate dirty cards rate: 1,33 cards/ms
[9,201s][debug][gc,alloc,region] GC(9) Mutator Allocation stats, regions: 766, wasted size: 3856B ( 0,0%)
[9,201s][debug][gc,ergo,cset   ] GC(9) No candidates to reclaim.
[9,201s][debug][gc,ergo        ] GC(9) Running G1 Merge Heap Roots using 15 workers for 768 regions
[9,202s][debug][gc,remset      ] GC(9) Visited cards 185664 Total dirty 917504 (20,24%) Total old 13508608 (1,37%)
[9,246s][debug][gc,ref         ] GC(9) ReferenceProcessor::execute queues: 5, RefProcThreadModel::Multi, marks_oops_alive: false
[9,247s][debug][gc,ref         ] GC(9) ReferenceProcessor::execute queues: 15, RefProcThreadModel::Multi, marks_oops_alive: true
[9,247s][debug][gc,ref         ] GC(9) ReferenceProcessor::execute queues: 1, RefProcThreadModel::Single, marks_oops_alive: false
[9,247s][debug][gc,ergo        ] GC(9) Initializing removing self forwards with 128 chunks per region
[9,248s][debug][gc,ergo        ] GC(9) Running G1 Rebuild Free List Task using 15 workers for rebuilding free list of regions
[9,248s][debug][gc,plab        ] GC(9) Young PLAB allocation: allocated: 401869608B, wasted: 132808B, unused: 0B, used: 401736800B, undo waste: 0B, 
[9,248s][debug][gc,plab        ] GC(9) Young other allocation: region end waste: 0B, regions filled: 96, num plab filled: 578, direct allocated: 783576B, num direct allocated: 11, failure used: 0B, failure wasted: 0B
[9,248s][debug][gc,plab        ] GC(9) Young sizing: calculated: 80347360B, actual: 60784064B
[9,248s][debug][gc,plab        ] GC(9) Old PLAB allocation: allocated: 63652192B, wasted: 35360B, unused: 6488376B, used: 57128456B, undo waste: 0B, 
[9,248s][debug][gc,plab        ] GC(9) Old other allocation: region end waste: 0B, regions filled: 16, num plab filled: 124, direct allocated: 0B, num direct allocated: 0, failure used: 434208B, failure wasted: 3760096B
[9,248s][debug][gc,plab        ] GC(9) Old sizing: calculated: 11425688B, actual: 10460296B
[9,248s][debug][gc,ergo,heap   ] GC(9) Heap expansion: short term pause time ratio 2,10% long term pause time ratio 1,44% threshold 7,69% pause time ratio 7,69% fully expanded false resize by 0B
[9,248s][debug][gc,mmu         ] GC(9) MMU: 47,2ms (200,0ms/201,0ms)
[9,248s][debug][gc,alloc,stats ] Old generation allocation in the last mutator period, old gen allocated: 67846496B, humongous allocated: 0B, old gen growth: 67846496B.
[9,248s][debug][gc,ihop        ] GC(9) Basic information (value update), threshold: 2415919104B (45,00), target occupancy: 5368709120B, current occupancy: 940607024B, recent allocation size: 67846496B, recent allocation duration: 3188,52ms, recent old gen allocation rate: 21278388,55B/s, recent marking phase length: 0,00ms
[9,248s][debug][gc,task,start  ] G1 Service Thread (Card Set Free Memory Task) (run 0,061ms after schedule)
[9,248s][debug][gc,ihop        ] GC(9) Adaptive IHOP information (value update), threshold: 2415919104B (47,37), internal target occupancy: 5100273664B, occupancy: 940607024B, additional buffer size: 855638016B, predicted old gen allocation rate: 74826547,16B/s, predicted marking phase length: 0,00ms, prediction active: false
[9,248s][debug][gc,ergo,refine ] GC(9) GC refinement: goal: 1236200 + 1158 / 20,00ms, actual: 5504 / 0,39ms, 
[9,248s][debug][gc,ergo,refine ] GC(9) New pending cards target: 758295
[9,248s][info ][gc,phases      ] GC(9)   Pre Evacuate Collection Set: 0,37ms
[9,248s][debug][gc,phases      ] GC(9)     Pre Evacuate Prepare: 0,14ms
[9,248s][debug][gc,phases      ] GC(9)       JT Retire TLABs And Flush Logs (ms): Min: 0,00, Avg: 0,01, Max: 0,01, Diff: 0,01, Sum: 0,01, Workers: 2
[9,248s][debug][gc,phases      ] GC(9)       Non-JT Flush Logs (ms):        Min: 0,01, Avg: 0,01, Max: 0,01, Diff: 0,00, Sum: 0,01, Workers: 1
[9,248s][debug][gc,phases      ] GC(9)     Choose Collection Set: 0,01ms
[9,248s][debug][gc,phases      ] GC(9)     Region Register: 0,21ms
[9,248s][debug][gc,phases      ] GC(9)     Prepare Heap Roots: 0,01ms
[9,248s][info ][gc,phases      ] GC(9)   Merge Heap Roots: 0,43ms
[9,248s][debug][gc,phases      ] GC(9)     Prepare Merge Heap Roots: 0,02ms
[9,248s][debug][gc,phases      ] GC(9)     Remembered Sets (ms):          Min: 0,07, Avg: 0,09, Max: 0,11, Diff: 0,04, Sum: 1,33, Workers: 15
[9,248s][debug][gc,phases      ] GC(9)       Eager Reclaim (ms):            skipped
[9,248s][debug][gc,phases      ] GC(9)       Merged Inline                  Min: 0, Avg:  0,0, Max: 0, Diff: 0, Sum: 0, Workers: 15
[9,248s][debug][gc,phases      ] GC(9)       Merged ArrayOfCards            Min: 0, Avg:  0,0, Max: 0, Diff: 0, Sum: 0, Workers: 15
[9,248s][debug][gc,phases      ] GC(9)       Merged Howl                    Min: 0, Avg:  0,0, Max: 0, Diff: 0, Sum: 0, Workers: 15
[9,248s][debug][gc,phases      ] GC(9)       Merged Full                    Min: 0, Avg:  0,0, Max: 0, Diff: 0, Sum: 0, Workers: 15
[9,248s][debug][gc,phases      ] GC(9)       Merged Howl Inline             Min: 0, Avg:  0,0, Max: 0, Diff: 0, Sum: 0, Workers: 15
[9,248s][debug][gc,phases      ] GC(9)       Merged Howl ArrayOfCards       Min: 0, Avg:  0,0, Max: 0, Diff: 0, Sum: 0, Workers: 15
[9,248s][debug][gc,phases      ] GC(9)       Merged Howl BitMap             Min: 0, Avg:  0,0, Max: 0, Diff: 0, Sum: 0, Workers: 15
[9,248s][debug][gc,phases      ] GC(9)       Merged Howl Full               Min: 0, Avg:  0,0, Max: 0, Diff: 0, Sum: 0, Workers: 15
[9,248s][debug][gc,phases      ] GC(9)       Merged Cards                   Min: 8, Avg:  8,0, Max: 8, Diff: 0, Sum: 120, Workers: 15
[9,248s][debug][gc,phases      ] GC(9)     Log Buffers (ms):              Min: 0,00, Avg: 0,02, Max: 0,06, Diff: 0,06, Sum: 0,28, Workers: 15
[9,248s][debug][gc,phases      ] GC(9)       Dirty Cards:                   Min: 0, Avg: 366,9, Max: 1543, Diff: 1543, Sum: 5504, Workers: 15
[9,248s][debug][gc,phases      ] GC(9)       Skipped Cards:                 Min: 0, Avg:  0,0, Max: 0, Diff: 0, Sum: 0, Workers: 15
[9,248s][info ][gc,phases      ] GC(9)   Evacuate Collection Set: 44,38ms
[9,248s][debug][gc,phases      ] GC(9)     Ext Root Scanning (ms):        Min: 0,07, Avg: 0,15, Max: 0,22, Diff: 0,15, Sum: 2,21, Workers: 15
[9,248s][debug][gc,phases      ] GC(9)     Scan Heap Roots (ms):          Min: 0,08, Avg: 0,37, Max: 0,46, Diff: 0,38, Sum: 5,59, Workers: 15
[9,248s][debug][gc,phases      ] GC(9)       Scanned Cards:                 Min: 95, Avg: 360,8, Max: 446, Diff: 351, Sum: 5412, Workers: 15
[9,248s][debug][gc,phases      ] GC(9)       Scanned Blocks:                Min: 77, Avg: 282,7, Max: 360, Diff: 283, Sum: 4241, Workers: 15
[9,248s][debug][gc,phases      ] GC(9)       Claimed Chunks:                Min: 55, Avg: 193,4, Max: 256, Diff: 201, Sum: 2901, Workers: 15
[9,248s][debug][gc,phases      ] GC(9)       Found Roots:                   Min: 157, Avg: 688,6, Max: 1446, Diff: 1289, Sum: 10329, Workers: 15
[9,248s][debug][gc,phases      ] GC(9)     Code Root Scan (ms):           Min: 0,04, Avg: 0,06, Max: 0,12, Diff: 0,08, Sum: 0,83, Workers: 15
[9,248s][debug][gc,phases      ] GC(9)       Scanned Nmethods               Min: 0, Avg:  1,9, Max: 13, Diff: 13, Sum: 29, Workers: 15
[9,248s][debug][gc,phases      ] GC(9)     Object Copy (ms):              Min: 43,32, Avg: 43,45, Max: 43,78, Diff: 0,46, Sum: 651,79, Workers: 15
[9,248s][debug][gc,phases      ] GC(9)     Termination (ms):              Min: 0,04, Avg: 0,09, Max: 0,14, Diff: 0,10, Sum: 1,31, Workers: 15
[9,248s][debug][gc,phases      ] GC(9)       Termination Attempts:          Min: 1, Avg:  1,0, Max: 1, Diff: 0, Sum: 15, Workers: 15
[9,248s][debug][gc,phases      ] GC(9)     GC Worker Other (ms):          Min: 0,05, Avg: 0,06, Max: 0,08, Diff: 0,03, Sum: 0,91, Workers: 15
[9,248s][debug][gc,phases      ] GC(9)     GC Worker Total (ms):          Min: 44,11, Avg: 44,18, Max: 44,22, Diff: 0,11, Sum: 662,65, Workers: 15
[9,248s][info ][gc,phases      ] GC(9)   Post Evacuate Collection Set: 1,72ms
[9,248s][debug][gc,phases      ] GC(9)     NMethod List Cleanup: 0,02ms
[9,248s][debug][gc,phases      ] GC(9)     Reference Processing: 0,91ms
[9,248s][debug][gc,phases,ref  ] GC(9)       Notify Soft/WeakReferences: 0,4ms
[9,248s][debug][gc,phases,ref  ] GC(9)         Balance queues: 0,0ms
[9,249s][debug][gc,phases,ref  ] GC(9)         SoftRef (ms):                  Min: 0,00, Avg: 0,00, Max: 0,00, Diff: 0,00, Sum: 0,00, Workers: 5
[9,249s][debug][gc,phases,ref  ] GC(9)         WeakRef (ms):                  Min: 0,00, Avg: 0,00, Max: 0,00, Diff: 0,00, Sum: 0,02, Workers: 5
[9,249s][debug][gc,phases,ref  ] GC(9)         FinalRef (ms):                 Min: 0,05, Avg: 0,09, Max: 0,12, Diff: 0,07, Sum: 0,43, Workers: 5
[9,249s][debug][gc,phases,ref  ] GC(9)         Total (ms):                    Min: 0,11, Avg: 0,17, Max: 0,29, Diff: 0,18, Sum: 0,83, Workers: 5
[9,249s][debug][gc,phases,ref  ] GC(9)       Notify and keep alive finalizable: 0,4ms
[9,249s][debug][gc,phases,ref  ] GC(9)         Balance queues: 0,0ms
[9,249s][debug][gc,phases,ref  ] GC(9)         FinalRef (ms):                 Min: 0,12, Avg: 0,18, Max: 0,25, Diff: 0,13, Sum: 2,71, Workers: 15
[9,249s][debug][gc,phases,ref  ] GC(9)       Notify PhantomReferences: 0,1ms
[9,249s][debug][gc,phases,ref  ] GC(9)         PhantomRef (ms):               Min: 0,01, Avg: 0,01, Max: 0,01, Diff: 0,00, Sum: 0,01, Workers: 1
[9,249s][debug][gc,phases,ref  ] GC(9)       SoftReference Discovered: 0, Dropped: 0, Processed: 0
[9,249s][debug][gc,phases,ref  ] GC(9)       WeakReference Discovered: 70, Dropped: 43, Processed: 27
[9,249s][debug][gc,phases,ref  ] GC(9)       FinalReference Discovered: 3996, Dropped: 1, Processed: 3995
[9,249s][debug][gc,phases,ref  ] GC(9)       PhantomReference Discovered: 90, Dropped: 5, Processed: 85
[9,249s][debug][gc,phases      ] GC(9)     Weak Processing: 0,11ms
[9,249s][debug][gc,phases      ] GC(9)       VM Weak                        Min: 0,00, Avg: 0,00, Max: 0,00, Diff: 0,00, Sum: 0,01, Workers: 15
[9,249s][debug][gc,phases      ] GC(9)         Dead                           Min: 0, Avg:  0,0, Max: 0, Diff: 0, Sum: 0, Workers: 15
[9,249s][debug][gc,phases      ] GC(9)         Total                          Min: 0, Avg: 11,0, Max: 101, Diff: 101, Sum: 165, Workers: 15
[9,249s][debug][gc,phases      ] GC(9)       ObjectSynchronizer Weak        Min: 0,00, Avg: 0,00, Max: 0,00, Diff: 0,00, Sum: 0,00, Workers: 15
[9,249s][debug][gc,phases      ] GC(9)         Dead                           Min: 0, Avg:  0,0, Max: 0, Diff: 0, Sum: 0, Workers: 15
[9,249s][debug][gc,phases      ] GC(9)         Total                          Min: 0, Avg:  2,1, Max: 32, Diff: 32, Sum: 32, Workers: 15
[9,249s][debug][gc,phases      ] GC(9)       JVMTI Tag Weak OopStorage      Min: 0,00, Avg: 0,00, Max: 0,00, Diff: 0,00, Sum: 0,00, Workers: 15
[9,249s][debug][gc,phases      ] GC(9)         Dead                           Min: 0, Avg:  0,0, Max: 0, Diff: 0, Sum: 0, Workers: 15
[9,249s][debug][gc,phases      ] GC(9)         Total                          Min: 0, Avg:  0,0, Max: 0, Diff: 0, Sum: 0, Workers: 15
[9,249s][debug][gc,phases      ] GC(9)       StringTable Weak               Min: 0,00, Avg: 0,01, Max: 0,04, Diff: 0,04, Sum: 0,10, Workers: 15
[9,249s][debug][gc,phases      ] GC(9)         Dead                           Min: 0, Avg:  0,2, Max: 3, Diff: 3, Sum: 3, Workers: 15
[9,249s][debug][gc,phases      ] GC(9)         Total                          Min: 0, Avg: 555,9, Max: 2962, Diff: 2962, Sum: 8338, Workers: 15
[9,249s][debug][gc,phases      ] GC(9)       ResolvedMethodTable Weak       Min: 0,00, Avg: 0,00, Max: 0,01, Diff: 0,01, Sum: 0,03, Workers: 15
[9,249s][debug][gc,phases      ] GC(9)         Dead                           Min: 0, Avg:  0,7, Max: 8, Diff: 8, Sum: 11, Workers: 15
[9,249s][debug][gc,phases      ] GC(9)         Total                          Min: 0, Avg: 113,1, Max: 742, Diff: 742, Sum: 1697, Workers: 15
[9,249s][debug][gc,phases      ] GC(9)       JNI Weak                       Min: 0,00, Avg: 0,00, Max: 0,00, Diff: 0,00, Sum: 0,00, Workers: 15
[9,249s][debug][gc,phases      ] GC(9)         Dead                           Min: 0, Avg:  0,0, Max: 0, Diff: 0, Sum: 0, Workers: 15
[9,249s][debug][gc,phases      ] GC(9)         Total                          Min: 0, Avg:  0,1, Max: 1, Diff: 1, Sum: 1, Workers: 15
[9,249s][debug][gc,phases      ] GC(9)       StringDedup Table Weak         Min: 0,00, Avg: 0,01, Max: 0,03, Diff: 0,03, Sum: 0,12, Workers: 15
[9,249s][debug][gc,phases      ] GC(9)         Dead                           Min: 0, Avg:  0,0, Max: 0, Diff: 0, Sum: 0, Workers: 15
[9,249s][debug][gc,phases      ] GC(9)         Total                          Min: 0, Avg: 855,5, Max: 4544, Diff: 4544, Sum: 12833, Workers: 15
[9,249s][debug][gc,phases      ] GC(9)       StringDedup Requests0 Weak     Min: 0,00, Avg: 0,00, Max: 0,00, Diff: 0,00, Sum: 0,01, Workers: 15
[9,249s][debug][gc,phases      ] GC(9)         Dead                           Min: 0, Avg:  0,2, Max: 3, Diff: 3, Sum: 3, Workers: 15
[9,249s][debug][gc,phases      ] GC(9)         Total                          Min: 0, Avg:  6,8, Max: 64, Diff: 64, Sum: 102, Workers: 15
[9,249s][debug][gc,phases      ] GC(9)       StringDedup Requests1 Weak     Min: 0,00, Avg: 0,00, Max: 0,00, Diff: 0,00, Sum: 0,00, Workers: 15
[9,249s][debug][gc,phases      ] GC(9)         Dead                           Min: 0, Avg:  0,0, Max: 0, Diff: 0, Sum: 0, Workers: 15
[9,249s][debug][gc,phases      ] GC(9)         Total                          Min: 0, Avg:  0,0, Max: 0, Diff: 0, Sum: 0, Workers: 15
[9,249s][debug][gc,phases      ] GC(9)       Weak JFR Old Object Samples    Min: 0,00, Avg: 0,00, Max: 0,00, Diff: 0,00, Sum: 0,00, Workers: 15
[9,249s][debug][gc,phases      ] GC(9)         Dead                           Min: 0, Avg:  0,0, Max: 0, Diff: 0, Sum: 0, Workers: 15
[9,249s][debug][gc,phases      ] GC(9)         Total                          Min: 0, Avg:  0,0, Max: 0, Diff: 0, Sum: 0, Workers: 15
[9,249s][debug][gc,phases      ] GC(9)     Post Evacuate Cleanup 1: 0,33ms
[9,249s][debug][gc,phases      ] GC(9)       Merge Per-Thread State (ms):   Min: 0,08, Avg: 0,08, Max: 0,08, Diff: 0,00, Sum: 0,08, Workers: 1
[9,249s][debug][gc,phases      ] GC(9)         Copied Bytes                   Min: 25112712, Avg: 30643255,5, Max: 37489080, Diff: 12376368, Sum: 459648832, Workers: 15
[9,249s][debug][gc,phases      ] GC(9)         LAB Waste                      Min: 3928, Avg: 11211,2, Max: 20208, Diff: 16280, Sum: 168168, Workers: 15
[9,249s][debug][gc,phases      ] GC(9)         LAB Undo Waste                 Min: 0, Avg:  0,0, Max: 0, Diff: 0, Sum: 0, Workers: 15
[9,249s][debug][gc,phases      ] GC(9)         Evac Fail Extra Cards          Min: 0, Avg:  0,0, Max: 0, Diff: 0, Sum: 0, Workers: 15
[9,249s][debug][gc,phases      ] GC(9)       Clear Logged Cards (ms):       Min: 0,00, Avg: 0,05, Max: 0,15, Diff: 0,15, Sum: 0,73, Workers: 15
[9,249s][debug][gc,phases      ] GC(9)       Recalculate Used Memory (ms):  Min: 0,03, Avg: 0,03, Max: 0,03, Diff: 0,00, Sum: 0,03, Workers: 1
[9,249s][debug][gc,phases      ] GC(9)       Restore Evacuation Failed Regions (ms): Min: 0,00, Avg: 0,02, Max: 0,03, Diff: 0,03, Sum: 0,24, Workers: 15
[9,249s][debug][gc,phases      ] GC(9)         Evacuation Failed Regions:     Min: 1, Avg:  1,0, Max: 1, Diff: 0, Sum: 1, Workers: 1
[9,249s][debug][gc,phases      ] GC(9)         Pinned Regions:                Min: 1, Avg:  1,0, Max: 1, Diff: 0, Sum: 1, Workers: 1
[9,249s][debug][gc,phases      ] GC(9)         Allocation Failed Regions:     skipped
[9,249s][debug][gc,phases      ] GC(9)         Remove Self Forwards (ms):     Min: 0,00, Avg: 0,01, Max: 0,02, Diff: 0,02, Sum: 0,11, Workers: 10
[9,249s][debug][gc,phases      ] GC(9)           Forward Chunks:                Min: 1, Avg:  1,8, Max: 3, Diff: 2, Sum: 16, Workers: 9
[9,249s][debug][gc,phases      ] GC(9)           Empty Forward Chunks:          Min: 1, Avg: 11,2, Max: 15, Diff: 14, Sum: 112, Workers: 10
[9,249s][debug][gc,phases      ] GC(9)           Forward Objects:               Min: 1, Avg:  2,0, Max: 3, Diff: 2, Sum: 18, Workers: 9
[9,249s][debug][gc,phases      ] GC(9)           Forward Bytes:                 Min: 48, Avg: 48245,3, Max: 131424, Diff: 131376, Sum: 434208, Workers: 9
[9,249s][debug][gc,phases      ] GC(9)     Post Evacuate Cleanup 2: 0,23ms
[9,249s][debug][gc,phases      ] GC(9)       Recalculate Used Memory (ms):  Min: 0,03, Avg: 0,03, Max: 0,03, Diff: 0,00, Sum: 0,03, Workers: 1
[9,249s][debug][gc,phases      ] GC(9)       Restore Preserved Marks (ms):  Min: 0,00, Avg: 0,00, Max: 0,00, Diff: 0,00, Sum: 0,01, Workers: 15
[9,249s][debug][gc,phases      ] GC(9)       Process Evacuation Failed Regions (ms): Min: 0,00, Avg: 0,00, Max: 0,01, Diff: 0,01, Sum: 0,02, Workers: 15
[9,249s][debug][gc,phases      ] GC(9)       Update Derived Pointers (ms):  Min: 0,00, Avg: 0,00, Max: 0,00, Diff: 0,00, Sum: 0,00, Workers: 1
[9,249s][debug][gc,phases      ] GC(9)       Eagerly Reclaim Humongous Objects (ms): skipped
[9,249s][debug][gc,phases      ] GC(9)         Humongous Total                skipped
[9,249s][debug][gc,phases      ] GC(9)         Humongous Candidates           skipped
[9,249s][debug][gc,phases      ] GC(9)         Humongous Reclaimed            skipped
[9,249s][debug][gc,phases      ] GC(9)       Sample CSet Candidates (ms):   skipped
[9,249s][debug][gc,phases      ] GC(9)       Redirty Logged Cards (ms):     Min: 0,00, Avg: 0,00, Max: 0,02, Diff: 0,02, Sum: 0,05, Workers: 15
[9,249s][debug][gc,phases      ] GC(9)         Redirtied Cards:               Min: 0, Avg: 217,5, Max: 1673, Diff: 1673, Sum: 3262, Workers: 15
[9,249s][debug][gc,phases      ] GC(9)       Resize TLABs (ms):             Min: 0,00, Avg: 0,00, Max: 0,00, Diff: 0,00, Sum: 0,01, Workers: 15
[9,249s][debug][gc,phases      ] GC(9)       Free Collection Set (ms):      Min: 0,07, Avg: 0,10, Max: 0,14, Diff: 0,08, Sum: 1,49, Workers: 15
[9,249s][debug][gc,phases      ] GC(9)     Rebuild Free List: 0,05ms
[9,249s][debug][gc,phases      ] GC(9)     Prepare For Mutator: 0,07ms
[9,249s][debug][gc,phases      ] GC(9)     Expand Heap After Collection: 0,00ms
[9,249s][info ][gc,phases      ] GC(9)   Other: 0,52ms
[9,249s][debug][gc,remset      ] GC(9) Coarsening (recent): Inline->AoC 0 (0) AoC->Howl 0 (0) Howl->Full 0 (0) Inline->AoC 0 (0) AoC->BitMap 0 (0) BitMap->Full 0 (0) 
[9,249s][debug][gc,remset      ] GC(9) Coarsening (all): Inline->AoC 0 (0) AoC->Howl 0 (0) Howl->Full 0 (0) Inline->AoC 0 (0) AoC->BitMap 0 (0) BitMap->Full 0 (0) 
[9,249s][info ][gc,heap        ] GC(9) Eden regions: 766->0(108)
[9,249s][info ][gc,heap        ] GC(9) Survivor regions: 2->96(96)
[9,249s][info ][gc,heap        ] GC(9) Old regions: 113->129
[9,249s][info ][gc,heap        ] GC(9) Humongous regions: 0->0
[9,249s][info ][gc,metaspace   ] GC(9) Metaspace: 20614K(20928K)->20614K(20928K) NonClass: 18003K(18176K)->18003K(18176K) Class: 2610K(2752K)->2610K(2752K)
[9,249s][debug][gc,heap        ] GC(9) Heap after GC invocations=10 (full 0):
[9,249s][debug][gc,heap        ] GC(9)  garbage-first heap   total reserved 8388608K, committed 5246976K, used 918561K [0x0000000600000000, 0x0000000800000000)
[9,249s][debug][gc,heap        ] GC(9)   region size 4096K, 96 young (393216K), 96 survivors (393216K)
[9,249s][debug][gc,heap        ] GC(9)  Metaspace       used 20614K, committed 20928K, reserved 1114112K
[9,249s][debug][gc,heap        ] GC(9)   class space    used 2610K, committed 2752K, reserved 1048576K
[9,249s][info ][gc             ] GC(9) Pause Young (Normal) (G1 Evacuation Pause) (Evacuation Failure: Pinned) 3519M->897M(5124M) 48,868ms
[9,249s][info ][gc,cpu         ] GC(9) User=0,72s Sys=0,00s Real=0,05s
[9,250s][debug][gc,refine      ] Concurrent refinement: wanted 0, cards: 3262, predicted: 4435, time: 408,86ms
[9,264s][debug][gc,task        ] G1 Service Thread (Card Set Free Memory Task) (run: 16,354ms) (cpu: 0,086ms)
[9,326s][info ][gc,start       ] GC(10) Pause Young (Normal) (G1 Evacuation Pause)
[9,326s][debug][gc,heap        ] GC(10) Heap before GC invocations=10 (full 0):
[9,326s][debug][gc,heap        ] GC(10)  garbage-first heap   total reserved 8388608K, committed 5246976K, used 1365025K [0x0000000600000000, 0x0000000800000000)
[9,326s][debug][gc,heap        ] GC(10)   region size 4096K, 205 young (839680K), 96 survivors (393216K)
[9,326s][debug][gc,heap        ] GC(10)  Metaspace       used 20614K, committed 20928K, reserved 1114112K
[9,326s][debug][gc,heap        ] GC(10)   class space    used 2610K, committed 2752K, reserved 1048576K
[9,326s][info ][gc,task        ] GC(10) Using 15 workers of 15 for evacuation
[9,326s][debug][gc,age         ] GC(10) Desired survivor size 54525952 bytes, new threshold 1 (max threshold 15)
[9,326s][debug][gc,tlab        ] GC(10) TLAB totals: thrds: 21  refills: 219 max: 14 slow allocs: 78 max 11 waste:  4,7% gc: 19849448B max: 1965720B slow: 1557112B max: 126368B
[9,326s][debug][gc,refine,stats] GC(10) Mutator refinement: 0,00ms, refined: 0, precleaned: 0, dirtied: 164
[9,326s][debug][gc,refine,stats] GC(10) Concurrent refinement: 0,00ms, refined: 0, precleaned: 0, dirtied: 0
[9,326s][debug][gc,refine,stats] GC(10) Total refinement: 0,00ms, refined: 0, precleaned: 0, dirtied: 164
[9,326s][debug][gc,refine,stats] GC(10) Generate dirty cards rate: 2,09 cards/ms
[9,326s][debug][gc,alloc,region] GC(10) Mutator Allocation stats, regions: 109, wasted size: 0B ( 0,0%)
[9,326s][debug][gc,ergo,cset   ] GC(10) Do not add marking candidates to collection set due to pause type.
[9,326s][debug][gc,ergo,cset   ] GC(10) Start adding retained candidates to collection set. Min 1 regions, available 1, time remaining 5,04ms, optional remaining 40,00ms
[9,326s][debug][gc,ergo,cset   ] GC(10) Retained candidates exhausted.
[9,327s][debug][gc,ergo,cset   ] GC(10) Finish adding retained candidates to collection set. Initial: 1, optional: 0, pinned: 0, predicted initial time: 1,07ms, predicted optional time: 0,00ms, time remaining: 3,97ms optional time remaining 38,93ms
[9,327s][debug][gc,ergo        ] GC(10) Running G1 Merge Heap Roots using 15 workers for 206 regions
[9,327s][debug][gc,remset      ] GC(10) Visited cards 144256 Total dirty 1032192 (13,98%) Total old 4423680 (3,26%)
[9,359s][debug][gc,ref         ] GC(10) ReferenceProcessor::execute queues: 1, RefProcThreadModel::Single, marks_oops_alive: false
[9,359s][debug][gc,ref         ] GC(10) ReferenceProcessor::execute queues: 15, RefProcThreadModel::Multi, marks_oops_alive: true
[9,360s][debug][gc,ref         ] GC(10) Skipped PhantomRefsPhase of Reference Processing: no references
[9,360s][debug][gc,ergo        ] GC(10) Initializing removing self forwards with 128 chunks per region
[9,360s][debug][gc,ergo        ] GC(10) Running G1 Rebuild Free List Task using 15 workers for rebuilding free list of regions
[9,360s][debug][gc,plab        ] GC(10) Young PLAB allocation: allocated: 31457280B, wasted: 0B, unused: 29595224B, used: 1862056B, undo waste: 0B, 
[9,360s][debug][gc,plab        ] GC(10) Young other allocation: region end waste: 0B, regions filled: 8, num plab filled: 15, direct allocated: 0B, num direct allocated: 0, failure used: 0B, failure wasted: 0B
[9,360s][debug][gc,plab        ] GC(10) Young sizing: calculated: 372408B, actual: 15475320B
[9,360s][debug][gc,plab        ] GC(10) Old PLAB allocation: allocated: 417333248B, wasted: 95616B, unused: 15862848B, used: 401374784B, undo waste: 0B, 
[9,360s][debug][gc,plab        ] GC(10) Old other allocation: region end waste: 0B, regions filled: 100, num plab filled: 348, direct allocated: 0B, num direct allocated: 0, failure used: 609344B, failure wasted: 7779264B
[9,360s][debug][gc,plab        ] GC(10) Old sizing: calculated: 80274952B, actual: 62821288B
[9,360s][debug][gc,task,start  ] G1 Service Thread (Card Set Free Memory Task) (run 0,007ms after schedule)
[9,360s][debug][gc,ergo,heap   ] GC(10) Heap expansion: short term pause time ratio 1,46% long term pause time ratio 1,44% threshold 7,69% pause time ratio 7,69% fully expanded false resize by 0B
[9,360s][debug][gc,mmu         ] GC(10) MMU: 81,3ms (200,0ms/201,0ms)
[9,360s][debug][gc,alloc,stats ] Old generation allocation in the last mutator period, old gen allocated: 425721856B, humongous allocated: 0B, old gen growth: 425721856B.
[9,360s][debug][gc,ihop        ] GC(10) Basic information (value update), threshold: 2415919104B (45,00), target occupancy: 5368709120B, current occupancy: 990938672B, recent allocation size: 425721856B, recent allocation duration: 78,45ms, recent old gen allocation rate: 5426895188,80B/s, recent marking phase length: 0,00ms
[9,360s][debug][gc,ihop        ] GC(10) Adaptive IHOP information (value update), threshold: 2415919104B (47,37), internal target occupancy: 5100273664B, occupancy: 990938672B, additional buffer size: 562036736B, predicted old gen allocation rate: 903016278,08B/s, predicted marking phase length: 0,00ms, prediction active: false
[9,360s][debug][gc,ergo,refine ] GC(10) GC refinement: goal: 758295 + 943 / 20,00ms, actual: 3426 / 0,28ms, 
[9,360s][debug][gc,ergo,refine ] GC(10) Unchanged pending cards target: 758295
[9,360s][info ][gc,phases      ] GC(10)   Pre Evacuate Collection Set: 0,28ms
[9,361s][debug][gc,phases      ] GC(10)     Pre Evacuate Prepare: 0,10ms
[9,361s][debug][gc,phases      ] GC(10)       JT Retire TLABs And Flush Logs (ms): Min: 0,00, Avg: 0,01, Max: 0,03, Diff: 0,02, Sum: 0,03, Workers: 2
[9,361s][debug][gc,phases      ] GC(10)       Non-JT Flush Logs (ms):        Min: 0,01, Avg: 0,01, Max: 0,01, Diff: 0,00, Sum: 0,01, Workers: 1
[9,361s][debug][gc,phases      ] GC(10)     Choose Collection Set: 0,05ms
[9,361s][debug][gc,phases      ] GC(10)     Region Register: 0,14ms
[9,361s][debug][gc,phases      ] GC(10)     Prepare Heap Roots: 0,00ms
[9,361s][info ][gc,phases      ] GC(10)   Merge Heap Roots: 0,39ms
[9,361s][debug][gc,phases      ] GC(10)     Prepare Merge Heap Roots: 0,02ms
[9,361s][debug][gc,phases      ] GC(10)     Remembered Sets (ms):          Min: 0,02, Avg: 0,06, Max: 0,11, Diff: 0,08, Sum: 0,87, Workers: 15
[9,361s][debug][gc,phases      ] GC(10)       Eager Reclaim (ms):            skipped
[9,361s][debug][gc,phases      ] GC(10)       Merged Inline                  Min: 0, Avg:  0,0, Max: 0, Diff: 0, Sum: 0, Workers: 15
[9,361s][debug][gc,phases      ] GC(10)       Merged ArrayOfCards            Min: 0, Avg:  0,0, Max: 0, Diff: 0, Sum: 0, Workers: 15
[9,361s][debug][gc,phases      ] GC(10)       Merged Howl                    Min: 0, Avg:  0,0, Max: 0, Diff: 0, Sum: 0, Workers: 15
[9,361s][debug][gc,phases      ] GC(10)       Merged Full                    Min: 0, Avg:  0,0, Max: 0, Diff: 0, Sum: 0, Workers: 15
[9,361s][debug][gc,phases      ] GC(10)       Merged Howl Inline             Min: 0, Avg:  0,0, Max: 0, Diff: 0, Sum: 0, Workers: 15
[9,361s][debug][gc,phases      ] GC(10)       Merged Howl ArrayOfCards       Min: 0, Avg:  0,0, Max: 0, Diff: 0, Sum: 0, Workers: 15
[9,361s][debug][gc,phases      ] GC(10)       Merged Howl BitMap             Min: 0, Avg:  0,0, Max: 0, Diff: 0, Sum: 0, Workers: 15
[9,361s][debug][gc,phases      ] GC(10)       Merged Howl Full               Min: 0, Avg:  0,0, Max: 0, Diff: 0, Sum: 0, Workers: 15
[9,361s][debug][gc,phases      ] GC(10)       Merged Cards                   Min: 8, Avg:  8,0, Max: 8, Diff: 0, Sum: 120, Workers: 15
[9,361s][debug][gc,phases      ] GC(10)     Log Buffers (ms):              Min: 0,01, Avg: 0,03, Max: 0,04, Diff: 0,03, Sum: 0,39, Workers: 15
[9,361s][debug][gc,phases      ] GC(10)       Dirty Cards:                   Min: 64, Avg: 228,4, Max: 472, Diff: 408, Sum: 3426, Workers: 15
[9,361s][debug][gc,phases      ] GC(10)       Skipped Cards:                 Min: 0, Avg:  0,0, Max: 0, Diff: 0, Sum: 0, Workers: 15
[9,361s][info ][gc,phases      ] GC(10)   Evacuate Collection Set: 31,66ms
[9,361s][debug][gc,phases      ] GC(10)     Ext Root Scanning (ms):        Min: 0,01, Avg: 0,07, Max: 0,18, Diff: 0,17, Sum: 1,08, Workers: 15
[9,361s][debug][gc,phases      ] GC(10)     Scan Heap Roots (ms):          Min: 0,02, Avg: 0,26, Max: 0,47, Diff: 0,45, Sum: 3,84, Workers: 15
[9,361s][debug][gc,phases      ] GC(10)       Scanned Cards:                 Min: 17, Avg: 227,7, Max: 436, Diff: 419, Sum: 3415, Workers: 15
[9,361s][debug][gc,phases      ] GC(10)       Scanned Blocks:                Min: 11, Avg: 155,3, Max: 291, Diff: 280, Sum: 2330, Workers: 15
[9,361s][debug][gc,phases      ] GC(10)       Claimed Chunks:                Min: 11, Avg: 150,3, Max: 288, Diff: 277, Sum: 2254, Workers: 15
[9,361s][debug][gc,phases      ] GC(10)       Found Roots:                   Min: 44, Avg: 728,1, Max: 2681, Diff: 2637, Sum: 10921, Workers: 15
[9,361s][debug][gc,phases      ] GC(10)     Code Root Scan (ms):           Min: 0,01, Avg: 0,02, Max: 0,09, Diff: 0,08, Sum: 0,27, Workers: 15
[9,361s][debug][gc,phases      ] GC(10)       Scanned Nmethods               Min: 0, Avg:  1,9, Max: 29, Diff: 29, Sum: 29, Workers: 15
[9,361s][debug][gc,phases      ] GC(10)     Object Copy (ms):              Min: 30,93, Avg: 31,12, Max: 31,36, Diff: 0,43, Sum: 466,81, Workers: 15
[9,361s][debug][gc,phases      ] GC(10)     Termination (ms):              Min: 0,05, Avg: 0,06, Max: 0,11, Diff: 0,07, Sum: 0,97, Workers: 15
[9,361s][debug][gc,phases      ] GC(10)       Termination Attempts:          Min: 1, Avg:  1,0, Max: 1, Diff: 0, Sum: 15, Workers: 15
[9,361s][debug][gc,phases      ] GC(10)     GC Worker Other (ms):          Min: 0,02, Avg: 0,03, Max: 0,03, Diff: 0,01, Sum: 0,38, Workers: 15
[9,361s][debug][gc,phases      ] GC(10)     GC Worker Total (ms):          Min: 31,51, Avg: 31,56, Max: 31,61, Diff: 0,09, Sum: 473,35, Workers: 15
[9,361s][info ][gc,phases      ] GC(10)   Post Evacuate Collection Set: 1,60ms
[9,361s][debug][gc,phases      ] GC(10)     NMethod List Cleanup: 0,02ms
[9,361s][debug][gc,phases      ] GC(10)     Reference Processing: 1,10ms
[9,361s][debug][gc,phases,ref  ] GC(10)       Notify Soft/WeakReferences: 0,2ms
[9,361s][debug][gc,phases,ref  ] GC(10)         SoftRef (ms):                  Min: 0,00, Avg: 0,00, Max: 0,00, Diff: 0,00, Sum: 0,00, Workers: 1
[9,361s][debug][gc,phases,ref  ] GC(10)         WeakRef (ms):                  Min: 0,00, Avg: 0,00, Max: 0,00, Diff: 0,00, Sum: 0,00, Workers: 1
[9,361s][debug][gc,phases,ref  ] GC(10)         FinalRef (ms):                 Min: 0,05, Avg: 0,05, Max: 0,05, Diff: 0,00, Sum: 0,05, Workers: 1
[9,361s][debug][gc,phases,ref  ] GC(10)         Total (ms):                    Min: 0,07, Avg: 0,07, Max: 0,07, Diff: 0,00, Sum: 0,07, Workers: 1
[9,361s][debug][gc,phases,ref  ] GC(10)       Notify and keep alive finalizable: 0,9ms
[9,361s][debug][gc,phases,ref  ] GC(10)         Balance queues: 0,0ms
[9,361s][debug][gc,phases,ref  ] GC(10)         FinalRef (ms):                 Min: 0,47, Avg: 0,58, Max: 0,86, Diff: 0,39, Sum: 8,76, Workers: 15
[9,361s][debug][gc,phases,ref  ] GC(10)       Notify PhantomReferences: 0,0ms
[9,361s][debug][gc,phases,ref  ] GC(10)         PhantomRef (ms):               skipped
[9,361s][debug][gc,phases,ref  ] GC(10)       SoftReference Discovered: 0, Dropped: 0, Processed: 0
[9,361s][debug][gc,phases,ref  ] GC(10)       WeakReference Discovered: 0, Dropped: 0, Processed: 0
[9,361s][debug][gc,phases,ref  ] GC(10)       FinalReference Discovered: 869, Dropped: 5, Processed: 864
[9,361s][debug][gc,phases,ref  ] GC(10)       PhantomReference Discovered: 0, Dropped: 0, Processed: 0
[9,361s][debug][gc,phases      ] GC(10)     Weak Processing: 0,08ms
[9,361s][debug][gc,phases      ] GC(10)       VM Weak                        Min: 0,00, Avg: 0,00, Max: 0,00, Diff: 0,00, Sum: 0,01, Workers: 15
[9,361s][debug][gc,phases      ] GC(10)         Dead                           Min: 0, Avg:  0,0, Max: 0, Diff: 0, Sum: 0, Workers: 15
[9,361s][debug][gc,phases      ] GC(10)         Total                          Min: 0, Avg: 11,0, Max: 101, Diff: 101, Sum: 165, Workers: 15
[9,361s][debug][gc,phases      ] GC(10)       ObjectSynchronizer Weak        Min: 0,00, Avg: 0,00, Max: 0,00, Diff: 0,00, Sum: 0,01, Workers: 15
[9,361s][debug][gc,phases      ] GC(10)         Dead                           Min: 0, Avg:  0,0, Max: 0, Diff: 0, Sum: 0, Workers: 15
[9,361s][debug][gc,phases      ] GC(10)         Total                          Min: 0, Avg:  2,2, Max: 33, Diff: 33, Sum: 33, Workers: 15
[9,361s][debug][gc,phases      ] GC(10)       JVMTI Tag Weak OopStorage      Min: 0,00, Avg: 0,00, Max: 0,01, Diff: 0,01, Sum: 0,01, Workers: 15
[9,361s][debug][gc,phases      ] GC(10)         Dead                           Min: 0, Avg:  0,0, Max: 0, Diff: 0, Sum: 0, Workers: 15
[9,361s][debug][gc,phases      ] GC(10)         Total                          Min: 0, Avg:  0,0, Max: 0, Diff: 0, Sum: 0, Workers: 15
[9,361s][debug][gc,phases      ] GC(10)       StringTable Weak               Min: 0,00, Avg: 0,01, Max: 0,02, Diff: 0,01, Sum: 0,12, Workers: 15
[9,361s][debug][gc,phases      ] GC(10)         Dead                           Min: 0, Avg:  0,0, Max: 0, Diff: 0, Sum: 0, Workers: 15
[9,361s][debug][gc,phases      ] GC(10)         Total                          Min: 0, Avg: 562,8, Max: 1088, Diff: 1088, Sum: 8442, Workers: 15
[9,361s][debug][gc,phases      ] GC(10)       ResolvedMethodTable Weak       Min: 0,00, Avg: 0,00, Max: 0,01, Diff: 0,01, Sum: 0,05, Workers: 15
[9,361s][debug][gc,phases      ] GC(10)         Dead                           Min: 0, Avg:  0,0, Max: 0, Diff: 0, Sum: 0, Workers: 15
[9,361s][debug][gc,phases      ] GC(10)         Total                          Min: 0, Avg: 113,1, Max: 255, Diff: 255, Sum: 1697, Workers: 15
[9,361s][debug][gc,phases      ] GC(10)       JNI Weak                       Min: 0,00, Avg: 0,00, Max: 0,00, Diff: 0,00, Sum: 0,01, Workers: 15
[9,361s][debug][gc,phases      ] GC(10)         Dead                           Min: 0, Avg:  0,0, Max: 0, Diff: 0, Sum: 0, Workers: 15
[9,361s][debug][gc,phases      ] GC(10)         Total                          Min: 0, Avg:  0,1, Max: 2, Diff: 2, Sum: 2, Workers: 15
[9,361s][debug][gc,phases      ] GC(10)       StringDedup Table Weak         Min: 0,00, Avg: 0,01, Max: 0,02, Diff: 0,01, Sum: 0,13, Workers: 15
[9,361s][debug][gc,phases      ] GC(10)         Dead                           Min: 0, Avg:  0,0, Max: 0, Diff: 0, Sum: 0, Workers: 15
[9,361s][debug][gc,phases      ] GC(10)         Total                          Min: 0, Avg: 862,1, Max: 1728, Diff: 1728, Sum: 12931, Workers: 15
[9,361s][debug][gc,phases      ] GC(10)       StringDedup Requests0 Weak     Min: 0,00, Avg: 0,00, Max: 0,00, Diff: 0,00, Sum: 0,01, Workers: 15
[9,361s][debug][gc,phases      ] GC(10)         Dead                           Min: 0, Avg:  0,0, Max: 0, Diff: 0, Sum: 0, Workers: 15
[9,361s][debug][gc,phases      ] GC(10)         Total                          Min: 0, Avg:  0,0, Max: 0, Diff: 0, Sum: 0, Workers: 15
[9,361s][debug][gc,phases      ] GC(10)       StringDedup Requests1 Weak     Min: 0,00, Avg: 0,00, Max: 0,01, Diff: 0,01, Sum: 0,05, Workers: 15
[9,361s][debug][gc,phases      ] GC(10)         Dead                           Min: 0, Avg:  0,0, Max: 0, Diff: 0, Sum: 0, Workers: 15
[9,361s][debug][gc,phases      ] GC(10)         Total                          Min: 0, Avg: 81,1, Max: 192, Diff: 192, Sum: 1216, Workers: 15
[9,361s][debug][gc,phases      ] GC(10)       Weak JFR Old Object Samples    Min: 0,00, Avg: 0,00, Max: 0,00, Diff: 0,00, Sum: 0,01, Workers: 15
[9,361s][debug][gc,phases      ] GC(10)         Dead                           Min: 0, Avg:  0,0, Max: 0, Diff: 0, Sum: 0, Workers: 15
[9,361s][debug][gc,phases      ] GC(10)         Total                          Min: 0, Avg:  0,0, Max: 0, Diff: 0, Sum: 0, Workers: 15
[9,361s][debug][gc,phases      ] GC(10)     Post Evacuate Cleanup 1: 0,16ms
[9,361s][debug][gc,phases      ] GC(10)       Merge Per-Thread State (ms):   Min: 0,04, Avg: 0,04, Max: 0,04, Diff: 0,00, Sum: 0,04, Workers: 1
[9,361s][debug][gc,phases      ] GC(10)         Copied Bytes                   Min: 20783432, Avg: 26882456,0, Max: 34093432, Diff: 13310000, Sum: 403236840, Workers: 15
[9,361s][debug][gc,phases      ] GC(10)         LAB Waste                      Min: 648, Avg: 6374,4, Max: 13296, Diff: 12648, Sum: 95616, Workers: 15
[9,361s][debug][gc,phases      ] GC(10)         LAB Undo Waste                 Min: 0, Avg:  0,0, Max: 0, Diff: 0, Sum: 0, Workers: 15
[9,361s][debug][gc,phases      ] GC(10)         Evac Fail Extra Cards          Min: 0, Avg:  0,1, Max: 1, Diff: 1, Sum: 2, Workers: 15
[9,361s][debug][gc,phases      ] GC(10)       Clear Logged Cards (ms):       Min: 0,00, Avg: 0,01, Max: 0,09, Diff: 0,09, Sum: 0,15, Workers: 15
[9,361s][debug][gc,phases      ] GC(10)       Recalculate Used Memory (ms):  Min: 0,02, Avg: 0,02, Max: 0,02, Diff: 0,00, Sum: 0,02, Workers: 1
[9,361s][debug][gc,phases      ] GC(10)       Restore Evacuation Failed Regions (ms): Min: 0,01, Avg: 0,03, Max: 0,04, Diff: 0,03, Sum: 0,49, Workers: 15
[9,361s][debug][gc,phases      ] GC(10)         Evacuation Failed Regions:     Min: 1, Avg:  1,0, Max: 1, Diff: 0, Sum: 2, Workers: 2
[9,361s][debug][gc,phases      ] GC(10)         Pinned Regions:                Min: 1, Avg:  1,0, Max: 1, Diff: 0, Sum: 2, Workers: 2
[9,361s][debug][gc,phases      ] GC(10)         Allocation Failed Regions:     skipped
[9,361s][debug][gc,phases      ] GC(10)         Remove Self Forwards (ms):     Min: 0,00, Avg: 0,02, Max: 0,03, Diff: 0,02, Sum: 0,24, Workers: 15
[9,361s][debug][gc,phases      ] GC(10)           Forward Chunks:                Min: 1, Avg:  2,0, Max: 5, Diff: 4, Sum: 24, Workers: 12
[9,361s][debug][gc,phases      ] GC(10)           Empty Forward Chunks:          Min: 1, Avg: 15,5, Max: 29, Diff: 28, Sum: 232, Workers: 15
[9,361s][debug][gc,phases      ] GC(10)           Forward Objects:               Min: 1, Avg:  2,2, Max: 6, Diff: 5, Sum: 27, Workers: 12
[9,361s][debug][gc,phases      ] GC(10)           Forward Bytes:                 Min: 48, Avg: 50778,7, Max: 193136, Diff: 193088, Sum: 609344, Workers: 12
[9,361s][debug][gc,phases      ] GC(10)     Post Evacuate Cleanup 2: 0,14ms
[9,361s][debug][gc,phases      ] GC(10)       Recalculate Used Memory (ms):  Min: 0,02, Avg: 0,02, Max: 0,02, Diff: 0,00, Sum: 0,02, Workers: 1
[9,361s][debug][gc,phases      ] GC(10)       Restore Preserved Marks (ms):  Min: 0,00, Avg: 0,00, Max: 0,00, Diff: 0,00, Sum: 0,01, Workers: 15
[9,362s][debug][gc,phases      ] GC(10)       Process Evacuation Failed Regions (ms): Min: 0,00, Avg: 0,00, Max: 0,01, Diff: 0,01, Sum: 0,02, Workers: 15
[9,362s][debug][gc,phases      ] GC(10)       Update Derived Pointers (ms):  Min: 0,00, Avg: 0,00, Max: 0,00, Diff: 0,00, Sum: 0,00, Workers: 1
[9,362s][debug][gc,phases      ] GC(10)       Eagerly Reclaim Humongous Objects (ms): skipped
[9,362s][debug][gc,phases      ] GC(10)         Humongous Total                skipped
[9,362s][debug][gc,phases      ] GC(10)         Humongous Candidates           skipped
[9,362s][debug][gc,phases      ] GC(10)         Humongous Reclaimed            skipped
[9,362s][debug][gc,phases      ] GC(10)       Sample CSet Candidates (ms):   skipped
[9,362s][debug][gc,phases      ] GC(10)       Redirty Logged Cards (ms):     Min: 0,00, Avg: 0,00, Max: 0,01, Diff: 0,01, Sum: 0,03, Workers: 15
[9,362s][debug][gc,phases      ] GC(10)         Redirtied Cards:               Min: 0, Avg: 82,4, Max: 535, Diff: 535, Sum: 1236, Workers: 15
[9,362s][debug][gc,phases      ] GC(10)       Resize TLABs (ms):             Min: 0,00, Avg: 0,00, Max: 0,00, Diff: 0,00, Sum: 0,01, Workers: 15
[9,362s][debug][gc,phases      ] GC(10)       Free Collection Set (ms):      Min: 0,00, Avg: 0,02, Max: 0,07, Diff: 0,06, Sum: 0,29, Workers: 15
[9,362s][debug][gc,phases      ] GC(10)     Rebuild Free List: 0,04ms
[9,362s][debug][gc,phases      ] GC(10)     Prepare For Mutator: 0,06ms
[9,362s][debug][gc,phases      ] GC(10)     Expand Heap After Collection: 0,00ms
[9,362s][info ][gc,phases      ] GC(10)   Other: 0,28ms
[9,362s][debug][gc,remset      ] GC(10) Coarsening (recent): Inline->AoC 0 (0) AoC->Howl 0 (0) Howl->Full 0 (0) Inline->AoC 0 (0) AoC->BitMap 0 (0) BitMap->Full 0 (0) 
[9,362s][debug][gc,remset      ] GC(10) Coarsening (all): Inline->AoC 0 (0) AoC->Howl 0 (0) Howl->Full 0 (0) Inline->AoC 0 (0) AoC->BitMap 0 (0) BitMap->Full 0 (0) 
[9,362s][info ][gc,heap        ] GC(10) Eden regions: 109->0(126)
[9,362s][info ][gc,heap        ] GC(10) Survivor regions: 96->8(26)
[9,362s][info ][gc,heap        ] GC(10) Old regions: 129->230
[9,362s][info ][gc,heap        ] GC(10) Humongous regions: 0->0
[9,362s][info ][gc,metaspace   ] GC(10) Metaspace: 20614K(20928K)->20614K(20928K) NonClass: 18003K(18176K)->18003K(18176K) Class: 2610K(2752K)->2610K(2752K)
[9,362s][debug][gc,heap        ] GC(10) Heap after GC invocations=11 (full 0):
[9,362s][debug][gc,heap        ] GC(10)  garbage-first heap   total reserved 8388608K, committed 5246976K, used 967713K [0x0000000600000000, 0x0000000800000000)
[9,362s][debug][gc,heap        ] GC(10)   region size 4096K, 8 young (32768K), 8 survivors (32768K)
[9,362s][debug][gc,heap        ] GC(10)  Metaspace       used 20614K, committed 20928K, reserved 1114112K
[9,362s][debug][gc,heap        ] GC(10)   class space    used 2610K, committed 2752K, reserved 1048576K
[9,362s][info ][gc             ] GC(10) Pause Young (Normal) (G1 Evacuation Pause) (Evacuation Failure: Pinned) 1333M->945M(5124M) 35,639ms
[9,362s][info ][gc,cpu         ] GC(10) User=0,47s Sys=0,01s Real=0,03s
[9,362s][debug][gc,task        ] G1 Service Thread (Card Set Free Memory Task) (run: 1,692ms) (cpu: 0,060ms)
[9,362s][debug][gc,refine      ] Concurrent refinement: wanted 0, cards: 1236, predicted: 1657, time: 151,09ms
[9,394s][debug][gc,task,start  ] G1 Service Thread (Periodic GC Task) (run 1,078ms after schedule)
[9,394s][debug][gc,task        ] G1 Service Thread (Periodic GC Task) (run: 0,078ms) (cpu: 0,089ms)
[9,412s][debug][gc,refine      ] Concurrent refinement: wanted 0, cards: 1236, predicted: 1459, time: 80,34ms
[9,462s][debug][gc,refine      ] Concurrent refinement: wanted 0, cards: 2260, predicted: 2473, time: 76,74ms
[9,512s][debug][gc,refine      ] Concurrent refinement: wanted 0, cards: 3540, predicted: 3740, time: 71,95ms
[9,563s][debug][gc,refine      ] Concurrent refinement: wanted 0, cards: 4311, predicted: 4501, time: 68,35ms
[9,613s][debug][gc,refine      ] Concurrent refinement: wanted 0, cards: 4311, predicted: 4484, time: 62,36ms
[9,663s][debug][gc,refine      ] Concurrent refinement: wanted 0, cards: 4311, predicted: 4461, time: 53,96ms
[9,713s][debug][gc,refine      ] Concurrent refinement: wanted 0, cards: 4311, predicted: 4311, time: 45,57ms
[9,763s][debug][gc,refine      ] Concurrent refinement: wanted 0, cards: 4311, predicted: 4311, time: 36,57ms
[9,813s][debug][gc,refine      ] Concurrent refinement: wanted 0, cards: 4311, predicted: 4311, time: 28,18ms
[9,864s][debug][gc,refine      ] Concurrent refinement: wanted 0, cards: 4311, predicted: 4311, time: 19,19ms
[9,914s][debug][gc,refine      ] Concurrent refinement: wanted 0, cards: 4311, predicted: 4311, time: 10,19ms
[9,964s][debug][gc,refine      ] Concurrent refinement: wanted 0, cards: 4311, predicted: 4311, time: 1,80ms
[9,982s][info ][gc,start       ] GC(11) Pause Young (Normal) (G1 Evacuation Pause)
[9,982s][debug][gc,heap        ] GC(11) Heap before GC invocations=11 (full 0):
[9,982s][debug][gc,heap        ] GC(11)  garbage-first heap   total reserved 8388608K, committed 5246976K, used 1479713K [0x0000000600000000, 0x0000000800000000)
[9,982s][debug][gc,heap        ] GC(11)   region size 4096K, 134 young (548864K), 8 survivors (32768K)
[9,982s][debug][gc,heap        ] GC(11)  Metaspace       used 20650K, committed 20992K, reserved 1114112K
[9,982s][debug][gc,heap        ] GC(11)   class space    used 2610K, committed 2752K, reserved 1048576K
[9,982s][info ][gc,task        ] GC(11) Using 15 workers of 15 for evacuation
[9,982s][debug][gc,age         ] GC(11) Desired survivor size 35651584 bytes, new threshold 15 (max threshold 15)
[9,982s][debug][gc,tlab        ] GC(11) TLAB totals: thrds: 24  refills: 348 max: 145 slow allocs: 92 max 18 waste:  2,9% gc: 13918152B max: 1151568B slow: 1030112B max: 298136B
[9,982s][debug][gc,refine,stats] GC(11) Mutator refinement: 0,00ms, refined: 0, precleaned: 0, dirtied: 4083
[9,982s][debug][gc,refine,stats] GC(11) Concurrent refinement: 0,00ms, refined: 0, precleaned: 0, dirtied: 0
[9,982s][debug][gc,refine,stats] GC(11) Total refinement: 0,00ms, refined: 0, precleaned: 0, dirtied: 4083
[9,982s][debug][gc,refine,stats] GC(11) Generate dirty cards rate: 6,57 cards/ms
[9,982s][debug][gc,alloc,region] GC(11) Mutator Allocation stats, regions: 126, wasted size: 849K ( 0,2%)
[9,982s][debug][gc,ergo,cset   ] GC(11) Do not add marking candidates to collection set due to pause type.
[9,982s][debug][gc,ergo,cset   ] GC(11) Start adding retained candidates to collection set. Min 1 regions, available 2, time remaining 1,11ms, optional remaining 40,00ms
[9,982s][debug][gc,ergo,cset   ] GC(11) Retained candidates exhausted.
[9,982s][debug][gc,ergo,cset   ] GC(11) Added 1 retained candidates to collection set although the predicted time was too high.
[9,982s][debug][gc,ergo,cset   ] GC(11) Finish adding retained candidates to collection set. Initial: 2, optional: 0, pinned: 0, predicted initial time: 1,32ms, predicted optional time: 0,00ms, time remaining: 0,00ms optional time remaining 38,68ms
[9,983s][debug][gc,ergo        ] GC(11) Running G1 Merge Heap Roots using 15 workers for 136 regions
[9,983s][debug][gc,remset      ] GC(11) Visited cards 187584 Total dirty 999424 (18,77%) Total old 4096000 (4,58%)
[10,000s][debug][gc,ref         ] GC(11) ReferenceProcessor::execute queues: 1, RefProcThreadModel::Single, marks_oops_alive: false
[10,000s][debug][gc,ref         ] GC(11) ReferenceProcessor::execute queues: 15, RefProcThreadModel::Multi, marks_oops_alive: true
[10,001s][debug][gc,ref         ] GC(11) ReferenceProcessor::execute queues: 1, RefProcThreadModel::Single, marks_oops_alive: false
[10,001s][debug][gc,ergo        ] GC(11) Running G1 Rebuild Free List Task using 15 workers for rebuilding free list of regions
[10,002s][debug][gc,plab        ] GC(11) Young PLAB allocation: allocated: 71303168B, wasted: 77400B, unused: 0B, used: 71225768B, undo waste: 0B, 
[10,002s][debug][gc,plab        ] GC(11) Young other allocation: region end waste: 0B, regions filled: 17, num plab filled: 100, direct allocated: 0B, num direct allocated: 0, failure used: 0B, failure wasted: 0B
[10,002s][debug][gc,plab        ] GC(11) Young sizing: calculated: 14245152B, actual: 14552688B
[10,002s][debug][gc,plab        ] GC(11) Old PLAB allocation: allocated: 123731968B, wasted: 11184B, unused: 18128640B, used: 105592144B, undo waste: 0B, 
[10,002s][debug][gc,plab        ] GC(11) Old other allocation: region end waste: 0B, regions filled: 30, num plab filled: 59, direct allocated: 0B, num direct allocated: 0, failure used: 0B, failure wasted: 0B
[10,002s][debug][gc,plab        ] GC(11) Old sizing: calculated: 21118424B, actual: 31544136B
[10,002s][debug][gc,ergo,heap   ] GC(11) Heap expansion: short term pause time ratio 30,29% long term pause time ratio 2,33% threshold 7,69% pause time ratio 7,69% fully expanded false resize by 0B
[10,002s][debug][gc,mmu         ] GC(11) MMU: 19,7ms (200,0ms/201,0ms)
[10,002s][debug][gc,alloc,stats ] Old generation allocation in the last mutator period, old gen allocated: 123731968B, humongous allocated: 0B, old gen growth: 123731968B.
[10,002s][debug][gc,ihop        ] GC(11) Basic information (value update), threshold: 2415919104B (45,00), target occupancy: 5368709120B, current occupancy: 1146127920B, recent allocation size: 123731968B, recent allocation duration: 621,57ms, recent old gen allocation rate: 199063574,02B/s, recent marking phase length: 0,00ms
[10,002s][debug][gc,ihop        ] GC(11) Adaptive IHOP information (value update), threshold: 2415919104B (47,37), internal target occupancy: 5100273664B, occupancy: 1146127920B, additional buffer size: 599785472B, predicted old gen allocation rate: 882444354,54B/s, predicted marking phase length: 0,00ms, prediction active: false
[10,002s][debug][gc,ergo,refine ] GC(11) GC refinement: goal: 758295 + 1022 / 20,00ms, actual: 5319 / 0,33ms, 
[10,002s][debug][gc,ergo,refine ] GC(11) New pending cards target: 539254
[10,002s][info ][gc,phases      ] GC(11)   Pre Evacuate Collection Set: 0,55ms
[10,002s][debug][gc,phases      ] GC(11)     Pre Evacuate Prepare: 0,21ms
[10,002s][debug][gc,task,start  ] G1 Service Thread (Card Set Free Memory Task) (run 0,042ms after schedule)
[10,002s][debug][gc,phases      ] GC(11)       JT Retire TLABs And Flush Logs (ms): Min: 0,00, Avg: 0,01, Max: 0,02, Diff: 0,02, Sum: 0,02, Workers: 2
[10,002s][debug][gc,phases      ] GC(11)       Non-JT Flush Logs (ms):        Min: 0,00, Avg: 0,00, Max: 0,00, Diff: 0,00, Sum: 0,00, Workers: 1
[10,002s][debug][gc,phases      ] GC(11)     Choose Collection Set: 0,05ms
[10,002s][debug][gc,phases      ] GC(11)     Region Register: 0,28ms
[10,002s][debug][gc,phases      ] GC(11)     Prepare Heap Roots: 0,00ms
[10,002s][info ][gc,phases      ] GC(11)   Merge Heap Roots: 0,46ms
[10,002s][debug][gc,phases      ] GC(11)     Prepare Merge Heap Roots: 0,02ms
[10,002s][debug][gc,phases      ] GC(11)     Remembered Sets (ms):          Min: 0,01, Avg: 0,01, Max: 0,02, Diff: 0,02, Sum: 0,19, Workers: 15
[10,002s][debug][gc,phases      ] GC(11)       Eager Reclaim (ms):            skipped
[10,002s][debug][gc,phases      ] GC(11)       Merged Inline                  Min: 0, Avg:  0,0, Max: 0, Diff: 0, Sum: 0, Workers: 15
[10,002s][debug][gc,phases      ] GC(11)       Merged ArrayOfCards            Min: 0, Avg:  0,0, Max: 0, Diff: 0, Sum: 0, Workers: 15
[10,002s][debug][gc,phases      ] GC(11)       Merged Howl                    Min: 0, Avg:  0,0, Max: 0, Diff: 0, Sum: 0, Workers: 15
[10,002s][debug][gc,phases      ] GC(11)       Merged Full                    Min: 0, Avg:  0,0, Max: 0, Diff: 0, Sum: 0, Workers: 15
[10,002s][debug][gc,phases      ] GC(11)       Merged Howl Inline             Min: 0, Avg:  0,0, Max: 0, Diff: 0, Sum: 0, Workers: 15
[10,002s][debug][gc,phases      ] GC(11)       Merged Howl ArrayOfCards       Min: 0, Avg:  0,0, Max: 0, Diff: 0, Sum: 0, Workers: 15
[10,002s][debug][gc,phases      ] GC(11)       Merged Howl BitMap             Min: 0, Avg:  0,0, Max: 0, Diff: 0, Sum: 0, Workers: 15
[10,002s][debug][gc,phases      ] GC(11)       Merged Howl Full               Min: 0, Avg:  0,0, Max: 0, Diff: 0, Sum: 0, Workers: 15
[10,002s][debug][gc,phases      ] GC(11)       Merged Cards                   Min: 8, Avg:  8,0, Max: 8, Diff: 0, Sum: 120, Workers: 15
[10,002s][debug][gc,phases      ] GC(11)     Log Buffers (ms):              Min: 0,00, Avg: 0,02, Max: 0,06, Diff: 0,06, Sum: 0,24, Workers: 15
[10,002s][debug][gc,phases      ] GC(11)       Dirty Cards:                   Min: 0, Avg: 354,6, Max: 1596, Diff: 1596, Sum: 5319, Workers: 15
[10,002s][debug][gc,phases      ] GC(11)       Skipped Cards:                 Min: 0, Avg:  0,0, Max: 0, Diff: 0, Sum: 0, Workers: 15
[10,002s][info ][gc,phases      ] GC(11)   Evacuate Collection Set: 16,55ms
[10,002s][debug][gc,phases      ] GC(11)     Ext Root Scanning (ms):        Min: 0,00, Avg: 0,03, Max: 0,22, Diff: 0,22, Sum: 0,52, Workers: 15
[10,002s][debug][gc,phases      ] GC(11)     Scan Heap Roots (ms):          Min: 0,13, Avg: 0,32, Max: 0,38, Diff: 0,25, Sum: 4,73, Workers: 15
[10,002s][debug][gc,phases      ] GC(11)       Scanned Cards:                 Min: 116, Avg: 353,7, Max: 440, Diff: 324, Sum: 5305, Workers: 15
[10,002s][debug][gc,phases      ] GC(11)       Scanned Blocks:                Min: 99, Avg: 280,9, Max: 376, Diff: 277, Sum: 4213, Workers: 15
[10,002s][debug][gc,phases      ] GC(11)       Claimed Chunks:                Min: 70, Avg: 195,4, Max: 260, Diff: 190, Sum: 2931, Workers: 15
[10,002s][debug][gc,phases      ] GC(11)       Found Roots:                   Min: 133, Avg: 501,9, Max: 1106, Diff: 973, Sum: 7529, Workers: 15
[10,002s][debug][gc,phases      ] GC(11)     Code Root Scan (ms):           Min: 0,01, Avg: 0,01, Max: 0,01, Diff: 0,00, Sum: 0,12, Workers: 15
[10,002s][debug][gc,phases      ] GC(11)       Scanned Nmethods               Min: 0, Avg:  0,0, Max: 0, Diff: 0, Sum: 0, Workers: 15
[10,002s][debug][gc,phases      ] GC(11)     Object Copy (ms):              Min: 15,75, Avg: 15,82, Max: 16,01, Diff: 0,27, Sum: 237,34, Workers: 15
[10,002s][debug][gc,phases      ] GC(11)     Termination (ms):              Min: 0,07, Avg: 0,12, Max: 0,16, Diff: 0,10, Sum: 1,78, Workers: 15
[10,002s][debug][gc,phases      ] GC(11)       Termination Attempts:          Min: 1, Avg:  1,0, Max: 1, Diff: 0, Sum: 15, Workers: 15
[10,002s][debug][gc,phases      ] GC(11)     GC Worker Other (ms):          Min: 0,02, Avg: 0,02, Max: 0,03, Diff: 0,01, Sum: 0,30, Workers: 15
[10,002s][debug][gc,phases      ] GC(11)     GC Worker Total (ms):          Min: 16,26, Avg: 16,32, Max: 16,38, Diff: 0,12, Sum: 244,79, Workers: 15
[10,002s][info ][gc,phases      ] GC(11)   Post Evacuate Collection Set: 1,95ms
[10,002s][debug][gc,phases      ] GC(11)     NMethod List Cleanup: 0,01ms
[10,002s][debug][gc,phases      ] GC(11)     Reference Processing: 1,14ms
[10,002s][debug][gc,phases,ref  ] GC(11)       Notify Soft/WeakReferences: 0,2ms
[10,002s][debug][gc,phases,ref  ] GC(11)         SoftRef (ms):                  Min: 0,00, Avg: 0,00, Max: 0,00, Diff: 0,00, Sum: 0,00, Workers: 1
[10,002s][debug][gc,phases,ref  ] GC(11)         WeakRef (ms):                  Min: 0,00, Avg: 0,00, Max: 0,00, Diff: 0,00, Sum: 0,00, Workers: 1
[10,002s][debug][gc,phases,ref  ] GC(11)         FinalRef (ms):                 Min: 0,04, Avg: 0,04, Max: 0,04, Diff: 0,00, Sum: 0,04, Workers: 1
[10,002s][debug][gc,phases,ref  ] GC(11)         Total (ms):                    Min: 0,05, Avg: 0,05, Max: 0,05, Diff: 0,00, Sum: 0,05, Workers: 1
[10,002s][debug][gc,phases,ref  ] GC(11)       Notify and keep alive finalizable: 0,9ms
[10,002s][debug][gc,phases,ref  ] GC(11)         Balance queues: 0,0ms
[10,002s][debug][gc,phases,ref  ] GC(11)         FinalRef (ms):                 Min: 0,59, Avg: 0,73, Max: 0,87, Diff: 0,28, Sum: 10,96, Workers: 15
[10,002s][debug][gc,phases,ref  ] GC(11)       Notify PhantomReferences: 0,1ms
[10,002s][debug][gc,phases,ref  ] GC(11)         PhantomRef (ms):               Min: 0,00, Avg: 0,00, Max: 0,00, Diff: 0,00, Sum: 0,00, Workers: 1
[10,002s][debug][gc,phases,ref  ] GC(11)       SoftReference Discovered: 0, Dropped: 0, Processed: 0
[10,002s][debug][gc,phases,ref  ] GC(11)       WeakReference Discovered: 0, Dropped: 0, Processed: 0
[10,002s][debug][gc,phases,ref  ] GC(11)       FinalReference Discovered: 515, Dropped: 0, Processed: 515
[10,002s][debug][gc,phases,ref  ] GC(11)       PhantomReference Discovered: 45, Dropped: 4, Processed: 41
[10,002s][debug][gc,phases      ] GC(11)     Weak Processing: 0,17ms
[10,002s][debug][gc,phases      ] GC(11)       VM Weak                        Min: 0,00, Avg: 0,00, Max: 0,00, Diff: 0,00, Sum: 0,01, Workers: 15
[10,002s][debug][gc,phases      ] GC(11)         Dead                           Min: 0, Avg:  0,0, Max: 0, Diff: 0, Sum: 0, Workers: 15
[10,002s][debug][gc,phases      ] GC(11)         Total                          Min: 0, Avg: 11,0, Max: 64, Diff: 64, Sum: 165, Workers: 15
[10,002s][debug][gc,phases      ] GC(11)       ObjectSynchronizer Weak        Min: 0,00, Avg: 0,00, Max: 0,00, Diff: 0,00, Sum: 0,00, Workers: 15
[10,002s][debug][gc,phases      ] GC(11)         Dead                           Min: 0, Avg:  0,0, Max: 0, Diff: 0, Sum: 0, Workers: 15
[10,002s][debug][gc,phases      ] GC(11)         Total                          Min: 0, Avg:  2,2, Max: 33, Diff: 33, Sum: 33, Workers: 15
[10,002s][debug][gc,phases      ] GC(11)       JVMTI Tag Weak OopStorage      Min: 0,00, Avg: 0,00, Max: 0,00, Diff: 0,00, Sum: 0,00, Workers: 15
[10,002s][debug][gc,phases      ] GC(11)         Dead                           Min: 0, Avg:  0,0, Max: 0, Diff: 0, Sum: 0, Workers: 15
[10,002s][debug][gc,phases      ] GC(11)         Total                          Min: 0, Avg:  0,0, Max: 0, Diff: 0, Sum: 0, Workers: 15
[10,002s][debug][gc,phases      ] GC(11)       StringTable Weak               Min: 0,00, Avg: 0,01, Max: 0,02, Diff: 0,02, Sum: 0,10, Workers: 15
[10,002s][debug][gc,phases      ] GC(11)         Dead                           Min: 0, Avg:  0,0, Max: 0, Diff: 0, Sum: 0, Workers: 15
[10,002s][debug][gc,phases      ] GC(11)         Total                          Min: 0, Avg: 563,5, Max: 2176, Diff: 2176, Sum: 8452, Workers: 15
[10,002s][debug][gc,phases      ] GC(11)       ResolvedMethodTable Weak       Min: 0,00, Avg: 0,00, Max: 0,01, Diff: 0,01, Sum: 0,03, Workers: 15
[10,002s][debug][gc,phases      ] GC(11)         Dead                           Min: 0, Avg:  0,0, Max: 0, Diff: 0, Sum: 0, Workers: 15
[10,002s][debug][gc,phases      ] GC(11)         Total                          Min: 0, Avg: 113,1, Max: 361, Diff: 361, Sum: 1697, Workers: 15
[10,002s][debug][gc,phases      ] GC(11)       JNI Weak                       Min: 0,00, Avg: 0,00, Max: 0,00, Diff: 0,00, Sum: 0,01, Workers: 15
[10,002s][debug][gc,phases      ] GC(11)         Dead                           Min: 0, Avg:  0,0, Max: 0, Diff: 0, Sum: 0, Workers: 15
[10,003s][debug][gc,phases      ] GC(11)         Total                          Min: 0, Avg:  0,0, Max: 0, Diff: 0, Sum: 0, Workers: 15
[10,003s][debug][gc,phases      ] GC(11)       StringDedup Table Weak         Min: 0,01, Avg: 0,01, Max: 0,01, Diff: 0,01, Sum: 0,17, Workers: 15
[10,003s][debug][gc,phases      ] GC(11)         Dead                           Min: 0, Avg:  0,0, Max: 0, Diff: 0, Sum: 0, Workers: 15
[10,003s][debug][gc,phases      ] GC(11)         Total                          Min: 512, Avg: 871,5, Max: 1344, Diff: 832, Sum: 13072, Workers: 15
[10,003s][debug][gc,phases      ] GC(11)       StringDedup Requests0 Weak     Min: 0,00, Avg: 0,00, Max: 0,00, Diff: 0,00, Sum: 0,01, Workers: 15
[10,003s][debug][gc,phases      ] GC(11)         Dead                           Min: 0, Avg:  0,0, Max: 0, Diff: 0, Sum: 0, Workers: 15
[10,003s][debug][gc,phases      ] GC(11)         Total                          Min: 0, Avg:  0,7, Max: 10, Diff: 10, Sum: 10, Workers: 15
[10,003s][debug][gc,phases      ] GC(11)       StringDedup Requests1 Weak     Min: 0,00, Avg: 0,00, Max: 0,00, Diff: 0,00, Sum: 0,01, Workers: 15
[10,003s][debug][gc,phases      ] GC(11)         Dead                           Min: 0, Avg:  0,0, Max: 0, Diff: 0, Sum: 0, Workers: 15
[10,003s][debug][gc,phases      ] GC(11)         Total                          Min: 0, Avg:  0,0, Max: 0, Diff: 0, Sum: 0, Workers: 15
[10,003s][debug][gc,phases      ] GC(11)       Weak JFR Old Object Samples    Min: 0,00, Avg: 0,00, Max: 0,00, Diff: 0,00, Sum: 0,01, Workers: 15
[10,003s][debug][gc,phases      ] GC(11)         Dead                           Min: 0, Avg:  0,0, Max: 0, Diff: 0, Sum: 0, Workers: 15
[10,003s][debug][gc,phases      ] GC(11)         Total                          Min: 0, Avg:  0,0, Max: 0, Diff: 0, Sum: 0, Workers: 15
[10,003s][debug][gc,phases      ] GC(11)     Post Evacuate Cleanup 1: 0,21ms
[10,003s][debug][gc,phases      ] GC(11)       Merge Per-Thread State (ms):   Min: 0,03, Avg: 0,03, Max: 0,03, Diff: 0,00, Sum: 0,03, Workers: 1
[10,003s][debug][gc,phases      ] GC(11)         Copied Bytes                   Min: 9272624, Avg: 11787860,8, Max: 14160360, Diff: 4887736, Sum: 176817912, Workers: 15
[10,003s][debug][gc,phases      ] GC(11)         LAB Waste                      Min: 232, Avg: 5905,6, Max: 65832, Diff: 65600, Sum: 88584, Workers: 15
[10,003s][debug][gc,phases      ] GC(11)         LAB Undo Waste                 Min: 0, Avg:  0,0, Max: 0, Diff: 0, Sum: 0, Workers: 15
[10,003s][debug][gc,phases      ] GC(11)         Evac Fail Extra Cards          Min: 0, Avg:  0,0, Max: 0, Diff: 0, Sum: 0, Workers: 15
[10,003s][debug][gc,phases      ] GC(11)       Clear Logged Cards (ms):       Min: 0,00, Avg: 0,02, Max: 0,08, Diff: 0,08, Sum: 0,09, Workers: 4
[10,003s][debug][gc,phases      ] GC(11)       Recalculate Used Memory (ms):  Min: 0,00, Avg: 0,00, Max: 0,00, Diff: 0,00, Sum: 0,00, Workers: 1
[10,003s][debug][gc,phases      ] GC(11)     Post Evacuate Cleanup 2: 0,23ms
[10,003s][debug][gc,phases      ] GC(11)       Update Derived Pointers (ms):  Min: 0,00, Avg: 0,00, Max: 0,00, Diff: 0,00, Sum: 0,00, Workers: 1
[10,003s][debug][gc,phases      ] GC(11)       Eagerly Reclaim Humongous Objects (ms): skipped
[10,003s][debug][gc,phases      ] GC(11)         Humongous Total                skipped
[10,003s][debug][gc,phases      ] GC(11)         Humongous Candidates           skipped
[10,003s][debug][gc,phases      ] GC(11)         Humongous Reclaimed            skipped
[10,003s][debug][gc,phases      ] GC(11)       Redirty Logged Cards (ms):     Min: 0,00, Avg: 0,01, Max: 0,04, Diff: 0,04, Sum: 0,13, Workers: 15
[10,003s][debug][gc,phases      ] GC(11)         Redirtied Cards:               Min: 0, Avg: 195,7, Max: 1509, Diff: 1509, Sum: 2935, Workers: 15
[10,003s][debug][gc,phases      ] GC(11)       Resize TLABs (ms):             Min: 0,00, Avg: 0,00, Max: 0,01, Diff: 0,01, Sum: 0,02, Workers: 15
[10,003s][debug][gc,phases      ] GC(11)       Free Collection Set (ms):      Min: 0,00, Avg: 0,03, Max: 0,04, Diff: 0,03, Sum: 0,40, Workers: 15
[10,003s][debug][gc,phases      ] GC(11)     Rebuild Free List: 0,13ms
[10,003s][debug][gc,phases      ] GC(11)     Prepare For Mutator: 0,06ms
[10,003s][debug][gc,phases      ] GC(11)     Expand Heap After Collection: 0,00ms
[10,003s][info ][gc,phases      ] GC(11)   Other: 0,26ms
[10,003s][debug][gc,remset      ] GC(11) Coarsening (recent): Inline->AoC 0 (0) AoC->Howl 0 (0) Howl->Full 0 (0) Inline->AoC 0 (0) AoC->BitMap 0 (0) BitMap->Full 0 (0) 
[10,003s][debug][gc,remset      ] GC(11) Coarsening (all): Inline->AoC 0 (0) AoC->Howl 0 (0) Howl->Full 0 (0) Inline->AoC 0 (0) AoC->BitMap 0 (0) BitMap->Full 0 (0) 
[10,003s][info ][gc,heap        ] GC(11) Eden regions: 126->0(126)
[10,003s][info ][gc,heap        ] GC(11) Survivor regions: 8->17(17)
[10,003s][info ][gc,heap        ] GC(11) Old regions: 230->257
[10,003s][info ][gc,heap        ] GC(11) Humongous regions: 0->0
[10,003s][info ][gc,metaspace   ] GC(11) Metaspace: 20650K(20992K)->20650K(20992K) NonClass: 18039K(18240K)->18039K(18240K) Class: 2610K(2752K)->2610K(2752K)
[10,003s][debug][gc,heap        ] GC(11) Heap after GC invocations=12 (full 0):
[10,003s][debug][gc,heap        ] GC(11)  garbage-first heap   total reserved 8388608K, committed 5246976K, used 1119265K [0x0000000600000000, 0x0000000800000000)
[10,003s][debug][gc,heap        ] GC(11)   region size 4096K, 17 young (69632K), 17 survivors (69632K)
[10,003s][debug][gc,heap        ] GC(11)  Metaspace       used 20650K, committed 20992K, reserved 1114112K
[10,003s][debug][gc,heap        ] GC(11)   class space    used 2610K, committed 2752K, reserved 1048576K
[10,003s][info ][gc             ] GC(11) Pause Young (Normal) (G1 Evacuation Pause) 1449M->1093M(5124M) 21,127ms
[10,003s][info ][gc,cpu         ] GC(11) User=0,25s Sys=0,00s Real=0,02s
[10,003s][debug][gc,task        ] G1 Service Thread (Card Set Free Memory Task) (run: 1,434ms) (cpu: 0,138ms)
[10,003s][debug][gc,refine      ] Concurrent refinement: wanted 0, cards: 2935, predicted: 3771, time: 181,70ms
[10,056s][debug][gc,refine      ] Concurrent refinement: wanted 0, cards: 2935, predicted: 3721, time: 170,93ms
[10,109s][debug][gc,refine      ] Concurrent refinement: wanted 0, cards: 2935, predicted: 3671, time: 160,15ms
[10,159s][debug][gc,refine      ] Concurrent refinement: wanted 0, cards: 2935, predicted: 3625, time: 150,10ms
[10,209s][debug][gc,refine      ] Concurrent refinement: wanted 0, cards: 2935, predicted: 3576, time: 139,33ms
[10,259s][debug][gc,refine      ] Concurrent refinement: wanted 0, cards: 2935, predicted: 3526, time: 128,55ms
[10,309s][debug][gc,refine      ] Concurrent refinement: wanted 0, cards: 2935, predicted: 3480, time: 118,50ms
[10,360s][debug][gc,refine      ] Concurrent refinement: wanted 0, cards: 2935, predicted: 3430, time: 107,73ms
[10,395s][debug][gc,task,start  ] G1 Service Thread (Periodic GC Task) (run 1,061ms after schedule)
[10,395s][debug][gc,task        ] G1 Service Thread (Periodic GC Task) (run: 0,045ms) (cpu: 0,069ms)
[10,410s][debug][gc,refine      ] Concurrent refinement: wanted 0, cards: 2935, predicted: 3384, time: 97,67ms
[10,460s][debug][gc,refine      ] Concurrent refinement: wanted 0, cards: 2935, predicted: 3334, time: 86,90ms
[10,510s][debug][gc,refine      ] Concurrent refinement: wanted 0, cards: 2935, predicted: 3288, time: 76,85ms
[10,560s][debug][gc,refine      ] Concurrent refinement: wanted 0, cards: 2935, predicted: 3239, time: 66,07ms
[10,611s][debug][gc,refine      ] Concurrent refinement: wanted 0, cards: 2935, predicted: 3189, time: 55,30ms
[10,644s][info ][gc,start       ] GC(12) Pause Young (Normal) (G1 Evacuation Pause)
[10,644s][debug][gc,heap        ] GC(12) Heap before GC invocations=12 (full 0):
[10,644s][debug][gc,heap        ] GC(12)  garbage-first heap   total reserved 8388608K, committed 5246976K, used 1635361K [0x0000000600000000, 0x0000000800000000)
[10,644s][debug][gc,heap        ] GC(12)   region size 4096K, 144 young (589824K), 17 survivors (69632K)
[10,644s][debug][gc,heap        ] GC(12)  Metaspace       used 20650K, committed 20992K, reserved 1114112K
[10,644s][debug][gc,heap        ] GC(12)   class space    used 2610K, committed 2752K, reserved 1048576K
[10,644s][info ][gc,task        ] GC(12) Using 15 workers of 15 for evacuation
[10,644s][debug][gc,age         ] GC(12) Desired survivor size 37748736 bytes, new threshold 1 (max threshold 15)
[10,644s][debug][gc,tlab        ] GC(12) TLAB totals: thrds: 20  refills: 419 max: 187 slow allocs: 235 max 25 waste:  1,1% gc: 5078832B max: 533384B slow: 474448B max: 134184B
[10,644s][debug][gc,refine,stats] GC(12) Mutator refinement: 0,00ms, refined: 0, precleaned: 0, dirtied: 65
[10,644s][debug][gc,refine,stats] GC(12) Concurrent refinement: 0,00ms, refined: 0, precleaned: 0, dirtied: 0
[10,644s][debug][gc,refine,stats] GC(12) Total refinement: 0,00ms, refined: 0, precleaned: 0, dirtied: 65
[10,644s][debug][gc,refine,stats] GC(12) Generate dirty cards rate: 0,10 cards/ms
[10,644s][debug][gc,alloc,region] GC(12) Mutator Allocation stats, regions: 127, wasted size: 0B ( 0,0%)
[10,644s][debug][gc,ergo,cset   ] GC(12) No candidates to reclaim.
[10,644s][debug][gc,ergo        ] GC(12) Running G1 Merge Heap Roots using 15 workers for 144 regions
[10,644s][debug][gc,remset      ] GC(12) Visited cards 138560 Total dirty 1138688 (12,17%) Total old 4464640 (3,10%)
[10,677s][debug][gc,ref         ] GC(12) ReferenceProcessor::execute queues: 1, RefProcThreadModel::Single, marks_oops_alive: false
[10,677s][debug][gc,ref         ] GC(12) ReferenceProcessor::execute queues: 15, RefProcThreadModel::Multi, marks_oops_alive: true
[10,677s][debug][gc,ref         ] GC(12) Skipped PhantomRefsPhase of Reference Processing: no references
[10,678s][debug][gc,ergo        ] GC(12) Initializing removing self forwards with 128 chunks per region
[10,678s][debug][gc,ergo        ] GC(12) Running G1 Rebuild Free List Task using 15 workers for rebuilding free list of regions
[10,678s][debug][gc,plab        ] GC(12) Young PLAB allocation: allocated: 75497472B, wasted: 21048B, unused: 0B, used: 75476424B, undo waste: 0B, 
[10,678s][debug][gc,plab        ] GC(12) Young other allocation: region end waste: 0B, regions filled: 18, num plab filled: 104, direct allocated: 0B, num direct allocated: 0, failure used: 0B, failure wasted: 0B
[10,678s][debug][gc,plab        ] GC(12) Young sizing: calculated: 15095280B, actual: 14959632B
[10,678s][debug][gc,plab        ] GC(12) Old PLAB allocation: allocated: 293601280B, wasted: 29024B, unused: 16860736B, used: 276711520B, undo waste: 0B, 
[10,678s][debug][gc,plab        ] GC(12) Old other allocation: region end waste: 0B, regions filled: 70, num plab filled: 140, direct allocated: 0B, num direct allocated: 0, failure used: 968488B, failure wasted: 7420120B
[10,678s][debug][gc,plab        ] GC(12) Old sizing: calculated: 55342304B, actual: 49392760B
[10,678s][debug][gc,ergo,heap   ] GC(12) Heap expansion: short term pause time ratio 3,07% long term pause time ratio 2,38% threshold 7,69% pause time ratio 7,69% fully expanded false resize by 0B
[10,678s][debug][gc,mmu         ] GC(12) MMU: 34,1ms (200,0ms/201,0ms)
[10,678s][debug][gc,alloc,stats ] Old generation allocation in the last mutator period, old gen allocated: 301989888B, humongous allocated: 0B, old gen growth: 301989888B.
[10,678s][debug][gc,ihop        ] GC(12) Basic information (value update), threshold: 2415919104B (45,00), target occupancy: 5368709120B, current occupancy: 1452312112B, recent allocation size: 301989888B, recent allocation duration: 642,16ms, recent old gen allocation rate: 470269667,22B/s, recent marking phase length: 0,00ms
[10,678s][debug][gc,ihop        ] GC(12) Adaptive IHOP information (value update), threshold: 2415919104B (47,37), internal target occupancy: 5100273664B, occupancy: 1452312112B, additional buffer size: 574619648B, predicted old gen allocation rate: 876228215,90B/s, predicted marking phase length: 0,00ms, prediction active: false
[10,678s][debug][gc,ergo,refine ] GC(12) GC refinement: goal: 539254 + 818 / 20,00ms, actual: 3000 / 0,25ms, 
[10,678s][debug][gc,ergo,refine ] GC(12) Unchanged pending cards target: 539254
[10,678s][debug][gc,task,start  ] G1 Service Thread (Card Set Free Memory Task) (run 0,086ms after schedule)
[10,678s][info ][gc,phases      ] GC(12)   Pre Evacuate Collection Set: 0,15ms
[10,678s][debug][gc,phases      ] GC(12)     Pre Evacuate Prepare: 0,03ms
[10,678s][debug][gc,phases      ] GC(12)       JT Retire TLABs And Flush Logs (ms): Min: 0,00, Avg: 0,01, Max: 0,01, Diff: 0,01, Sum: 0,01, Workers: 2
[10,678s][debug][gc,phases      ] GC(12)       Non-JT Flush Logs (ms):        Min: 0,00, Avg: 0,00, Max: 0,00, Diff: 0,00, Sum: 0,00, Workers: 1
[10,678s][debug][gc,phases      ] GC(12)     Choose Collection Set: 0,01ms
[10,678s][debug][gc,phases      ] GC(12)     Region Register: 0,10ms
[10,678s][debug][gc,phases      ] GC(12)     Prepare Heap Roots: 0,00ms
[10,678s][info ][gc,phases      ] GC(12)   Merge Heap Roots: 0,32ms
[10,678s][debug][gc,phases      ] GC(12)     Prepare Merge Heap Roots: 0,02ms
[10,678s][debug][gc,phases      ] GC(12)     Remembered Sets (ms):          Min: 0,01, Avg: 0,03, Max: 0,05, Diff: 0,04, Sum: 0,44, Workers: 15
[10,678s][debug][gc,phases      ] GC(12)       Eager Reclaim (ms):            skipped
[10,678s][debug][gc,phases      ] GC(12)       Merged Inline                  Min: 0, Avg:  0,0, Max: 0, Diff: 0, Sum: 0, Workers: 15
[10,678s][debug][gc,phases      ] GC(12)       Merged ArrayOfCards            Min: 0, Avg:  0,0, Max: 0, Diff: 0, Sum: 0, Workers: 15
[10,678s][debug][gc,phases      ] GC(12)       Merged Howl                    Min: 0, Avg:  0,0, Max: 0, Diff: 0, Sum: 0, Workers: 15
[10,678s][debug][gc,phases      ] GC(12)       Merged Full                    Min: 0, Avg:  0,0, Max: 0, Diff: 0, Sum: 0, Workers: 15
[10,678s][debug][gc,phases      ] GC(12)       Merged Howl Inline             Min: 0, Avg:  0,0, Max: 0, Diff: 0, Sum: 0, Workers: 15
[10,678s][debug][gc,phases      ] GC(12)       Merged Howl ArrayOfCards       Min: 0, Avg:  0,0, Max: 0, Diff: 0, Sum: 0, Workers: 15
[10,678s][debug][gc,phases      ] GC(12)       Merged Howl BitMap             Min: 0, Avg:  0,0, Max: 0, Diff: 0, Sum: 0, Workers: 15
[10,678s][debug][gc,phases      ] GC(12)       Merged Howl Full               Min: 0, Avg:  0,0, Max: 0, Diff: 0, Sum: 0, Workers: 15
[10,678s][debug][gc,phases      ] GC(12)       Merged Cards                   Min: 8, Avg:  8,0, Max: 8, Diff: 0, Sum: 120, Workers: 15
[10,678s][debug][gc,phases      ] GC(12)     Log Buffers (ms):              Min: 0,00, Avg: 0,02, Max: 0,04, Diff: 0,04, Sum: 0,34, Workers: 15
[10,678s][debug][gc,phases      ] GC(12)       Dirty Cards:                   Min: 0, Avg: 200,0, Max: 514, Diff: 514, Sum: 3000, Workers: 15
[10,678s][debug][gc,phases      ] GC(12)       Skipped Cards:                 Min: 0, Avg:  0,0, Max: 0, Diff: 0, Sum: 0, Workers: 15
[10,678s][info ][gc,phases      ] GC(12)   Evacuate Collection Set: 32,30ms
[10,678s][debug][gc,phases      ] GC(12)     Ext Root Scanning (ms):        Min: 0,00, Avg: 0,07, Max: 0,23, Diff: 0,23, Sum: 0,99, Workers: 15
[10,678s][debug][gc,phases      ] GC(12)     Scan Heap Roots (ms):          Min: 0,05, Avg: 0,22, Max: 0,34, Diff: 0,28, Sum: 3,34, Workers: 15
[10,678s][debug][gc,phases      ] GC(12)       Scanned Cards:                 Min: 39, Avg: 194,0, Max: 301, Diff: 262, Sum: 2910, Workers: 15
[10,678s][debug][gc,phases      ] GC(12)       Scanned Blocks:                Min: 30, Avg: 148,6, Max: 245, Diff: 215, Sum: 2229, Workers: 15
[10,678s][debug][gc,phases      ] GC(12)       Claimed Chunks:                Min: 29, Avg: 144,3, Max: 245, Diff: 216, Sum: 2165, Workers: 15
[10,678s][debug][gc,phases      ] GC(12)       Found Roots:                   Min: 95, Avg: 511,4, Max: 914, Diff: 819, Sum: 7671, Workers: 15
[10,678s][debug][gc,phases      ] GC(12)     Code Root Scan (ms):           Min: 0,01, Avg: 0,01, Max: 0,02, Diff: 0,01, Sum: 0,15, Workers: 15
[10,678s][debug][gc,phases      ] GC(12)       Scanned Nmethods               Min: 0, Avg:  0,0, Max: 0, Diff: 0, Sum: 0, Workers: 15
[10,678s][debug][gc,phases      ] GC(12)     Object Copy (ms):              Min: 31,68, Avg: 31,78, Max: 31,97, Diff: 0,29, Sum: 476,77, Workers: 15
[10,678s][debug][gc,phases      ] GC(12)     Termination (ms):              Min: 0,04, Avg: 0,05, Max: 0,09, Diff: 0,05, Sum: 0,82, Workers: 15
[10,678s][debug][gc,phases      ] GC(12)       Termination Attempts:          Min: 1, Avg:  1,0, Max: 1, Diff: 0, Sum: 15, Workers: 15
[10,678s][debug][gc,phases      ] GC(12)     GC Worker Other (ms):          Min: 0,02, Avg: 0,02, Max: 0,03, Diff: 0,01, Sum: 0,32, Workers: 15
[10,679s][debug][gc,phases      ] GC(12)     GC Worker Total (ms):          Min: 32,11, Avg: 32,16, Max: 32,21, Diff: 0,10, Sum: 482,39, Workers: 15
[10,679s][info ][gc,phases      ] GC(12)   Post Evacuate Collection Set: 1,23ms
[10,679s][debug][gc,phases      ] GC(12)     NMethod List Cleanup: 0,01ms
[10,679s][debug][gc,phases      ] GC(12)     Reference Processing: 0,65ms
[10,679s][debug][gc,phases,ref  ] GC(12)       Notify Soft/WeakReferences: 0,1ms
[10,679s][debug][gc,phases,ref  ] GC(12)         SoftRef (ms):                  Min: 0,00, Avg: 0,00, Max: 0,00, Diff: 0,00, Sum: 0,00, Workers: 1
[10,679s][debug][gc,phases,ref  ] GC(12)         WeakRef (ms):                  Min: 0,00, Avg: 0,00, Max: 0,00, Diff: 0,00, Sum: 0,00, Workers: 1
[10,679s][debug][gc,phases,ref  ] GC(12)         FinalRef (ms):                 Min: 0,02, Avg: 0,02, Max: 0,02, Diff: 0,00, Sum: 0,02, Workers: 1
[10,679s][debug][gc,phases,ref  ] GC(12)         Total (ms):                    Min: 0,04, Avg: 0,04, Max: 0,04, Diff: 0,00, Sum: 0,04, Workers: 1
[10,679s][debug][gc,phases,ref  ] GC(12)       Notify and keep alive finalizable: 0,5ms
[10,679s][debug][gc,phases,ref  ] GC(12)         Balance queues: 0,0ms
[10,679s][debug][gc,phases,ref  ] GC(12)         FinalRef (ms):                 Min: 0,20, Avg: 0,28, Max: 0,30, Diff: 0,09, Sum: 4,13, Workers: 15
[10,679s][debug][gc,phases,ref  ] GC(12)       Notify PhantomReferences: 0,0ms
[10,679s][debug][gc,phases,ref  ] GC(12)         PhantomRef (ms):               skipped
[10,679s][debug][gc,phases,ref  ] GC(12)       SoftReference Discovered: 0, Dropped: 0, Processed: 0
[10,679s][debug][gc,phases,ref  ] GC(12)       WeakReference Discovered: 0, Dropped: 0, Processed: 0
[10,679s][debug][gc,phases,ref  ] GC(12)       FinalReference Discovered: 281, Dropped: 3, Processed: 278
[10,679s][debug][gc,phases,ref  ] GC(12)       PhantomReference Discovered: 0, Dropped: 0, Processed: 0
[10,679s][debug][gc,phases      ] GC(12)     Weak Processing: 0,17ms
[10,679s][debug][gc,phases      ] GC(12)       VM Weak                        Min: 0,00, Avg: 0,00, Max: 0,00, Diff: 0,00, Sum: 0,01, Workers: 15
[10,679s][debug][gc,phases      ] GC(12)         Dead                           Min: 0, Avg:  0,0, Max: 0, Diff: 0, Sum: 0, Workers: 15
[10,679s][debug][gc,phases      ] GC(12)         Total                          Min: 0, Avg: 11,0, Max: 64, Diff: 64, Sum: 165, Workers: 15
[10,679s][debug][gc,phases      ] GC(12)       ObjectSynchronizer Weak        Min: 0,00, Avg: 0,00, Max: 0,00, Diff: 0,00, Sum: 0,00, Workers: 15
[10,679s][debug][gc,phases      ] GC(12)         Dead                           Min: 0, Avg:  0,0, Max: 0, Diff: 0, Sum: 0, Workers: 15
[10,679s][debug][gc,phases      ] GC(12)         Total                          Min: 0, Avg:  2,2, Max: 33, Diff: 33, Sum: 33, Workers: 15
[10,679s][debug][gc,phases      ] GC(12)       JVMTI Tag Weak OopStorage      Min: 0,00, Avg: 0,00, Max: 0,00, Diff: 0,00, Sum: 0,00, Workers: 15
[10,679s][debug][gc,phases      ] GC(12)         Dead                           Min: 0, Avg:  0,0, Max: 0, Diff: 0, Sum: 0, Workers: 15
[10,679s][debug][gc,phases      ] GC(12)         Total                          Min: 0, Avg:  0,0, Max: 0, Diff: 0, Sum: 0, Workers: 15
[10,679s][debug][gc,phases      ] GC(12)       StringTable Weak               Min: 0,00, Avg: 0,01, Max: 0,03, Diff: 0,03, Sum: 0,12, Workers: 15
[10,679s][debug][gc,phases      ] GC(12)         Dead                           Min: 0, Avg:  0,0, Max: 0, Diff: 0, Sum: 0, Workers: 15
[10,679s][debug][gc,phases      ] GC(12)         Total                          Min: 0, Avg: 563,6, Max: 2118, Diff: 2118, Sum: 8454, Workers: 15
[10,679s][debug][gc,phases      ] GC(12)       ResolvedMethodTable Weak       Min: 0,00, Avg: 0,00, Max: 0,01, Diff: 0,01, Sum: 0,03, Workers: 15
[10,679s][debug][gc,phases      ] GC(12)         Dead                           Min: 0, Avg:  0,0, Max: 0, Diff: 0, Sum: 0, Workers: 15
[10,679s][debug][gc,phases      ] GC(12)         Total                          Min: 0, Avg: 113,1, Max: 446, Diff: 446, Sum: 1697, Workers: 15
[10,679s][debug][gc,phases      ] GC(12)       JNI Weak                       Min: 0,00, Avg: 0,00, Max: 0,00, Diff: 0,00, Sum: 0,01, Workers: 15
[10,679s][debug][gc,phases      ] GC(12)         Dead                           Min: 0, Avg:  0,0, Max: 0, Diff: 0, Sum: 0, Workers: 15
[10,679s][debug][gc,phases      ] GC(12)         Total                          Min: 0, Avg:  0,4, Max: 6, Diff: 6, Sum: 6, Workers: 15
[10,679s][debug][gc,phases      ] GC(12)       StringDedup Table Weak         Min: 0,00, Avg: 0,01, Max: 0,03, Diff: 0,03, Sum: 0,15, Workers: 15
[10,679s][debug][gc,phases      ] GC(12)         Dead                           Min: 0, Avg:  0,0, Max: 0, Diff: 0, Sum: 0, Workers: 15
[10,679s][debug][gc,phases      ] GC(12)         Total                          Min: 0, Avg: 872,1, Max: 2752, Diff: 2752, Sum: 13082, Workers: 15
[10,679s][debug][gc,phases      ] GC(12)       StringDedup Requests0 Weak     Min: 0,00, Avg: 0,00, Max: 0,00, Diff: 0,00, Sum: 0,01, Workers: 15
[10,679s][debug][gc,phases      ] GC(12)         Dead                           Min: 0, Avg:  0,0, Max: 0, Diff: 0, Sum: 0, Workers: 15
[10,679s][debug][gc,phases      ] GC(12)         Total                          Min: 0, Avg:  0,0, Max: 0, Diff: 0, Sum: 0, Workers: 15
[10,679s][debug][gc,phases      ] GC(12)       StringDedup Requests1 Weak     Min: 0,00, Avg: 0,00, Max: 0,00, Diff: 0,00, Sum: 0,02, Workers: 15
[10,679s][debug][gc,phases      ] GC(12)         Dead                           Min: 0, Avg:  0,0, Max: 0, Diff: 0, Sum: 0, Workers: 15
[10,679s][debug][gc,phases      ] GC(12)         Total                          Min: 0, Avg: 42,7, Max: 128, Diff: 128, Sum: 640, Workers: 15
[10,679s][debug][gc,phases      ] GC(12)       Weak JFR Old Object Samples    Min: 0,00, Avg: 0,00, Max: 0,00, Diff: 0,00, Sum: 0,00, Workers: 15
[10,679s][debug][gc,phases      ] GC(12)         Dead                           Min: 0, Avg:  0,0, Max: 0, Diff: 0, Sum: 0, Workers: 15
[10,679s][debug][gc,phases      ] GC(12)         Total                          Min: 0, Avg:  0,0, Max: 0, Diff: 0, Sum: 0, Workers: 15
[10,679s][debug][gc,phases      ] GC(12)     Post Evacuate Cleanup 1: 0,16ms
[10,679s][debug][gc,phases      ] GC(12)       Merge Per-Thread State (ms):   Min: 0,05, Avg: 0,05, Max: 0,05, Diff: 0,00, Sum: 0,05, Workers: 1
[10,679s][debug][gc,phases      ] GC(12)         Copied Bytes                   Min: 17424072, Avg: 23479196,3, Max: 28892320, Diff: 11468248, Sum: 352187944, Workers: 15
[10,679s][debug][gc,phases      ] GC(12)         LAB Waste                      Min: 448, Avg: 3338,1, Max: 8472, Diff: 8024, Sum: 50072, Workers: 15
[10,679s][debug][gc,phases      ] GC(12)         LAB Undo Waste                 Min: 0, Avg:  0,0, Max: 0, Diff: 0, Sum: 0, Workers: 15
[10,679s][debug][gc,phases      ] GC(12)         Evac Fail Extra Cards          Min: 0, Avg:  0,2, Max: 2, Diff: 2, Sum: 3, Workers: 15
[10,679s][debug][gc,phases      ] GC(12)       Clear Logged Cards (ms):       Min: 0,00, Avg: 0,01, Max: 0,09, Diff: 0,09, Sum: 0,11, Workers: 15
[10,679s][debug][gc,phases      ] GC(12)       Recalculate Used Memory (ms):  Min: 0,03, Avg: 0,03, Max: 0,03, Diff: 0,00, Sum: 0,03, Workers: 1
[10,679s][debug][gc,phases      ] GC(12)       Restore Evacuation Failed Regions (ms): Min: 0,00, Avg: 0,02, Max: 0,06, Diff: 0,06, Sum: 0,37, Workers: 15
[10,679s][debug][gc,phases      ] GC(12)         Evacuation Failed Regions:     Min: 1, Avg:  1,0, Max: 1, Diff: 0, Sum: 2, Workers: 2
[10,679s][debug][gc,phases      ] GC(12)         Pinned Regions:                Min: 1, Avg:  1,0, Max: 1, Diff: 0, Sum: 2, Workers: 2
[10,679s][debug][gc,phases      ] GC(12)         Allocation Failed Regions:     skipped
[10,679s][debug][gc,phases      ] GC(12)         Remove Self Forwards (ms):     Min: 0,00, Avg: 0,01, Max: 0,04, Diff: 0,04, Sum: 0,16, Workers: 11
[10,679s][debug][gc,phases      ] GC(12)           Forward Chunks:                Min: 1, Avg:  4,6, Max: 11, Diff: 10, Sum: 37, Workers: 8
[10,679s][debug][gc,phases      ] GC(12)           Empty Forward Chunks:          Min: 1, Avg: 19,9, Max: 48, Diff: 47, Sum: 219, Workers: 11
[10,679s][debug][gc,phases      ] GC(12)           Forward Objects:               Min: 1, Avg:  4,8, Max: 11, Diff: 10, Sum: 38, Workers: 8
[10,679s][debug][gc,phases      ] GC(12)           Forward Bytes:                 Min: 48, Avg: 121061,0, Max: 271304, Diff: 271256, Sum: 968488, Workers: 8
[10,679s][debug][gc,phases      ] GC(12)     Post Evacuate Cleanup 2: 0,13ms
[10,679s][debug][gc,phases      ] GC(12)       Recalculate Used Memory (ms):  Min: 0,03, Avg: 0,03, Max: 0,03, Diff: 0,00, Sum: 0,03, Workers: 1
[10,679s][debug][gc,phases      ] GC(12)       Restore Preserved Marks (ms):  Min: 0,00, Avg: 0,00, Max: 0,00, Diff: 0,00, Sum: 0,00, Workers: 15
[10,679s][debug][gc,phases      ] GC(12)       Process Evacuation Failed Regions (ms): Min: 0,00, Avg: 0,00, Max: 0,01, Diff: 0,01, Sum: 0,01, Workers: 15
[10,679s][debug][gc,phases      ] GC(12)       Update Derived Pointers (ms):  Min: 0,00, Avg: 0,00, Max: 0,00, Diff: 0,00, Sum: 0,00, Workers: 1
[10,679s][debug][gc,phases      ] GC(12)       Eagerly Reclaim Humongous Objects (ms): skipped
[10,679s][debug][gc,phases      ] GC(12)         Humongous Total                skipped
[10,679s][debug][gc,phases      ] GC(12)         Humongous Candidates           skipped
[10,679s][debug][gc,phases      ] GC(12)         Humongous Reclaimed            skipped
[10,679s][debug][gc,phases      ] GC(12)       Sample CSet Candidates (ms):   skipped
[10,679s][debug][gc,phases      ] GC(12)       Redirty Logged Cards (ms):     Min: 0,00, Avg: 0,00, Max: 0,00, Diff: 0,00, Sum: 0,01, Workers: 15
[10,679s][debug][gc,phases      ] GC(12)         Redirtied Cards:               Min: 0, Avg: 14,3, Max: 85, Diff: 85, Sum: 215, Workers: 15
[10,679s][debug][gc,phases      ] GC(12)       Resize TLABs (ms):             Min: 0,00, Avg: 0,00, Max: 0,00, Diff: 0,00, Sum: 0,01, Workers: 15
[10,679s][debug][gc,phases      ] GC(12)       Free Collection Set (ms):      Min: 0,00, Avg: 0,01, Max: 0,05, Diff: 0,04, Sum: 0,18, Workers: 15
[10,679s][debug][gc,phases      ] GC(12)     Rebuild Free List: 0,05ms
[10,679s][debug][gc,phases      ] GC(12)     Prepare For Mutator: 0,06ms
[10,679s][debug][gc,phases      ] GC(12)     Expand Heap After Collection: 0,00ms
[10,679s][info ][gc,phases      ] GC(12)   Other: 0,25ms
[10,679s][debug][gc,remset      ] GC(12) Coarsening (recent): Inline->AoC 0 (0) AoC->Howl 0 (0) Howl->Full 0 (0) Inline->AoC 0 (0) AoC->BitMap 0 (0) BitMap->Full 0 (0) 
[10,679s][debug][gc,remset      ] GC(12) Coarsening (all): Inline->AoC 0 (0) AoC->Howl 0 (0) Howl->Full 0 (0) Inline->AoC 0 (0) AoC->BitMap 0 (0) BitMap->Full 0 (0) 
[10,679s][info ][gc,heap        ] GC(12) Eden regions: 127->0(119)
[10,679s][info ][gc,heap        ] GC(12) Survivor regions: 17->18(18)
[10,679s][info ][gc,heap        ] GC(12) Old regions: 257->329
[10,679s][info ][gc,heap        ] GC(12) Humongous regions: 0->0
[10,679s][info ][gc,metaspace   ] GC(12) Metaspace: 20650K(20992K)->20650K(20992K) NonClass: 18039K(18240K)->18039K(18240K) Class: 2610K(2752K)->2610K(2752K)
[10,679s][debug][gc,heap        ] GC(12) Heap after GC invocations=13 (full 0):
[10,679s][debug][gc,heap        ] GC(12)  garbage-first heap   total reserved 8388608K, committed 5246976K, used 1418273K [0x0000000600000000, 0x0000000800000000)
[10,679s][debug][gc,heap        ] GC(12)   region size 4096K, 18 young (73728K), 18 survivors (73728K)
[10,679s][debug][gc,heap        ] GC(12)  Metaspace       used 20650K, committed 20992K, reserved 1114112K
[10,679s][debug][gc,heap        ] GC(12)   class space    used 2610K, committed 2752K, reserved 1048576K
[10,679s][info ][gc             ] GC(12) Pause Young (Normal) (G1 Evacuation Pause) (Evacuation Failure: Pinned) 1601M->1385M(5124M) 35,802ms
[10,679s][info ][gc,cpu         ] GC(12) User=0,48s Sys=0,00s Real=0,04s
[10,680s][debug][gc,refine      ] Concurrent refinement: wanted 0, cards: 215, predicted: 955, time: 202,90ms
[10,680s][debug][gc,task        ] G1 Service Thread (Card Set Free Memory Task) (run: 2,242ms) (cpu: 0,079ms)
[10,731s][info ][gc,start       ] GC(13) Pause Young (Normal) (G1 Evacuation Pause)
[10,731s][debug][gc,heap        ] GC(13) Heap before GC invocations=13 (full 0):
[10,731s][debug][gc,heap        ] GC(13)  garbage-first heap   total reserved 8388608K, committed 5246976K, used 1913889K [0x0000000600000000, 0x0000000800000000)
[10,731s][debug][gc,heap        ] GC(13)   region size 4096K, 140 young (573440K), 18 survivors (73728K)
[10,731s][debug][gc,heap        ] GC(13)  Metaspace       used 20650K, committed 20992K, reserved 1114112K
[10,731s][debug][gc,heap        ] GC(13)   class space    used 2610K, committed 2752K, reserved 1048576K
[10,731s][info ][gc,task        ] GC(13) Using 15 workers of 15 for evacuation
[10,731s][debug][gc,age         ] GC(13) Desired survivor size 37748736 bytes, new threshold 1 (max threshold 15)
[10,731s][debug][gc,tlab        ] GC(13) TLAB totals: thrds: 20  refills: 979 max: 117 slow allocs: 926 max 91 waste:  1,3% gc: 4867392B max: 1518760B slow: 1130072B max: 172024B
[10,731s][debug][gc,refine,stats] GC(13) Mutator refinement: 0,00ms, refined: 0, precleaned: 0, dirtied: 1294
[10,731s][debug][gc,refine,stats] GC(13) Concurrent refinement: 0,00ms, refined: 0, precleaned: 0, dirtied: 0
[10,731s][debug][gc,refine,stats] GC(13) Total refinement: 0,00ms, refined: 0, precleaned: 0, dirtied: 1294
[10,731s][debug][gc,refine,stats] GC(13) Generate dirty cards rate: 24,42 cards/ms
[10,731s][debug][gc,alloc,region] GC(13) Mutator Allocation stats, regions: 122, wasted size: 0B ( 0,0%)
[10,731s][debug][gc,ergo,cset   ] GC(13) Do not add marking candidates to collection set due to pause type.
[10,731s][debug][gc,ergo,cset   ] GC(13) Start adding retained candidates to collection set. Min 1 regions, available 2, time remaining 0,35ms, optional remaining 40,00ms
[10,731s][debug][gc,ergo,cset   ] GC(13) Retained candidates exhausted.
[10,731s][debug][gc,ergo,cset   ] GC(13) Added 1 retained candidates to collection set although the predicted time was too high.
[10,731s][debug][gc,ergo,cset   ] GC(13) Finish adding retained candidates to collection set. Initial: 1, optional: 1, pinned: 0, predicted initial time: 0,49ms, predicted optional time: 0,59ms, time remaining: 0,00ms optional time remaining 38,92ms
[10,731s][debug][gc,ergo        ] GC(13) Running G1 Merge Heap Roots using 15 workers for 141 regions
[10,732s][debug][gc,remset      ] GC(13) Visited cards 60608 Total dirty 868352 (6,98%) Total old 4997120 (1,21%)
[10,739s][debug][gc,ergo,cset   ] GC(13) Prepared 1 regions out of 1 for optional evacuation. Total predicted time: 0,591ms
[10,739s][debug][gc,ergo        ] GC(13) Running G1 Merge Heap Roots using 1 workers for 1 regions
[10,740s][debug][gc,remset      ] GC(13) Visited cards 0 Total dirty 0 (0,00%) Total old 5210112 (0,00%)
[10,740s][debug][gc,ref         ] GC(13) ReferenceProcessor::execute queues: 2, RefProcThreadModel::Multi, marks_oops_alive: false
[10,740s][debug][gc,ref         ] GC(13) ReferenceProcessor::execute queues: 15, RefProcThreadModel::Multi, marks_oops_alive: true
[10,741s][debug][gc,ref         ] GC(13) Skipped PhantomRefsPhase of Reference Processing: no references
[10,741s][debug][gc,ergo        ] GC(13) Initializing removing self forwards with 128 chunks per region
[10,741s][debug][gc,ergo        ] GC(13) Running G1 Rebuild Free List Task using 15 workers for rebuilding free list of regions
[10,741s][debug][gc,plab        ] GC(13) Young PLAB allocation: allocated: 12582912B, wasted: 0B, unused: 11515344B, used: 1067568B, undo waste: 0B, 
[10,741s][debug][gc,plab        ] GC(13) Young other allocation: region end waste: 0B, regions filled: 3, num plab filled: 15, direct allocated: 0B, num direct allocated: 0, failure used: 0B, failure wasted: 0B
[10,741s][debug][gc,plab        ] GC(13) Young sizing: calculated: 213512B, actual: 3900040B
[10,741s][debug][gc,plab        ] GC(13) Old PLAB allocation: allocated: 92274688B, wasted: 5288B, unused: 16996584B, used: 75272816B, undo waste: 0B, 
[10,741s][debug][gc,plab        ] GC(13) Old other allocation: region end waste: 0B, regions filled: 22, num plab filled: 44, direct allocated: 0B, num direct allocated: 0, failure used: 545144B, failure wasted: 3649160B
[10,741s][debug][gc,plab        ] GC(13) Old sizing: calculated: 15054560B, actual: 23639112B
[10,741s][debug][gc,ergo,heap   ] GC(13) Heap expansion: short term pause time ratio 5,05% long term pause time ratio 2,63% threshold 7,69% pause time ratio 7,69% fully expanded false resize by 0B
[10,741s][debug][gc,task,start  ] G1 Service Thread (Card Set Free Memory Task) (run 0,017ms after schedule)
[10,741s][debug][gc,mmu         ] GC(13) MMU: 44,6ms (200,0ms/201,0ms)
[10,741s][debug][gc,alloc,stats ] Old generation allocation in the last mutator period, old gen allocated: 96468992B, humongous allocated: 0B, old gen growth: 96468992B.
[10,741s][debug][gc,ihop        ] GC(13) Basic information (value update), threshold: 2415919104B (45,00), target occupancy: 5368709120B, current occupancy: 1477477936B, recent allocation size: 96468992B, recent allocation duration: 52,99ms, recent old gen allocation rate: 1820456605,56B/s, recent marking phase length: 0,00ms
[10,741s][debug][gc,ihop        ] GC(13) Adaptive IHOP information (value update), threshold: 2415919104B (47,37), internal target occupancy: 5100273664B, occupancy: 1477477936B, additional buffer size: 847249408B, predicted old gen allocation rate: 961312186,42B/s, predicted marking phase length: 0,00ms, prediction active: false
[10,742s][debug][gc,ergo,refine ] GC(13) GC refinement: goal: 539254 + 1057 / 20,00ms, actual: 1509 / 0,16ms, 
[10,742s][debug][gc,ergo,refine ] GC(13) Unchanged pending cards target: 539254
[10,742s][info ][gc,phases      ] GC(13)   Pre Evacuate Collection Set: 0,25ms
[10,742s][debug][gc,phases      ] GC(13)     Pre Evacuate Prepare: 0,07ms
[10,742s][debug][gc,phases      ] GC(13)       JT Retire TLABs And Flush Logs (ms): Min: 0,00, Avg: 0,01, Max: 0,03, Diff: 0,03, Sum: 0,03, Workers: 2
[10,742s][debug][gc,phases      ] GC(13)       Non-JT Flush Logs (ms):        Min: 0,01, Avg: 0,01, Max: 0,01, Diff: 0,00, Sum: 0,01, Workers: 1
[10,742s][debug][gc,phases      ] GC(13)     Choose Collection Set: 0,07ms
[10,742s][debug][gc,phases      ] GC(13)     Region Register: 0,10ms
[10,742s][debug][gc,phases      ] GC(13)     Prepare Heap Roots: 0,00ms
[10,742s][info ][gc,phases      ] GC(13)   Merge Heap Roots: 0,40ms
[10,742s][debug][gc,phases      ] GC(13)     Prepare Merge Heap Roots: 0,02ms
[10,742s][debug][gc,phases      ] GC(13)     Remembered Sets (ms):          Min: 0,01, Avg: 0,03, Max: 0,05, Diff: 0,04, Sum: 0,50, Workers: 15
[10,742s][debug][gc,phases      ] GC(13)       Eager Reclaim (ms):            skipped
[10,742s][debug][gc,phases      ] GC(13)       Merged Inline                  Min: 0, Avg:  0,0, Max: 0, Diff: 0, Sum: 0, Workers: 15
[10,742s][debug][gc,phases      ] GC(13)       Merged ArrayOfCards            Min: 0, Avg:  0,0, Max: 0, Diff: 0, Sum: 0, Workers: 15
[10,742s][debug][gc,phases      ] GC(13)       Merged Howl                    Min: 0, Avg:  0,0, Max: 0, Diff: 0, Sum: 0, Workers: 15
[10,742s][debug][gc,phases      ] GC(13)       Merged Full                    Min: 0, Avg:  0,0, Max: 0, Diff: 0, Sum: 0, Workers: 15
[10,742s][debug][gc,phases      ] GC(13)       Merged Howl Inline             Min: 0, Avg:  0,0, Max: 0, Diff: 0, Sum: 0, Workers: 15
[10,742s][debug][gc,phases      ] GC(13)       Merged Howl ArrayOfCards       Min: 0, Avg:  0,0, Max: 0, Diff: 0, Sum: 0, Workers: 15
[10,742s][debug][gc,phases      ] GC(13)       Merged Howl BitMap             Min: 0, Avg:  0,0, Max: 0, Diff: 0, Sum: 0, Workers: 15
[10,742s][debug][gc,phases      ] GC(13)       Merged Howl Full               Min: 0, Avg:  0,0, Max: 0, Diff: 0, Sum: 0, Workers: 15
[10,742s][debug][gc,phases      ] GC(13)       Merged Cards                   Min: 8, Avg:  8,0, Max: 8, Diff: 0, Sum: 120, Workers: 15
[10,742s][debug][gc,phases      ] GC(13)     Log Buffers (ms):              Min: 0,00, Avg: 0,02, Max: 0,03, Diff: 0,03, Sum: 0,26, Workers: 15
[10,742s][debug][gc,phases      ] GC(13)       Dirty Cards:                   Min: 0, Avg: 100,6, Max: 223, Diff: 223, Sum: 1509, Workers: 15
[10,742s][debug][gc,phases      ] GC(13)       Skipped Cards:                 Min: 0, Avg:  0,0, Max: 0, Diff: 0, Sum: 0, Workers: 15
[10,742s][info ][gc,phases      ] GC(13)   Evacuate Collection Set: 7,54ms
[10,742s][debug][gc,phases      ] GC(13)     Ext Root Scanning (ms):        Min: 0,01, Avg: 0,07, Max: 0,25, Diff: 0,24, Sum: 1,10, Workers: 15
[10,742s][debug][gc,phases      ] GC(13)     Scan Heap Roots (ms):          Min: 0,00, Avg: 0,14, Max: 0,25, Diff: 0,25, Sum: 2,14, Workers: 15
[10,742s][debug][gc,phases      ] GC(13)       Scanned Cards:                 Min: 0, Avg: 98,8, Max: 211, Diff: 211, Sum: 1482, Workers: 15
[10,742s][debug][gc,phases      ] GC(13)       Scanned Blocks:                Min: 0, Avg: 64,3, Max: 141, Diff: 141, Sum: 965, Workers: 15
[10,742s][debug][gc,phases      ] GC(13)       Claimed Chunks:                Min: 0, Avg: 63,1, Max: 140, Diff: 140, Sum: 947, Workers: 15
[10,742s][debug][gc,phases      ] GC(13)       Found Roots:                   Min: 0, Avg: 270,5, Max: 934, Diff: 934, Sum: 4057, Workers: 15
[10,742s][debug][gc,phases      ] GC(13)     Code Root Scan (ms):           Min: 0,01, Avg: 0,01, Max: 0,01, Diff: 0,01, Sum: 0,14, Workers: 15
[10,742s][debug][gc,phases      ] GC(13)       Scanned Nmethods               Min: 0, Avg:  0,0, Max: 0, Diff: 0, Sum: 0, Workers: 15
[10,742s][debug][gc,phases      ] GC(13)     Object Copy (ms):              Min: 0,00, Avg: 6,64, Max: 7,22, Diff: 7,22, Sum: 99,66, Workers: 15
[10,742s][debug][gc,phases      ] GC(13)     Termination (ms):              Min: 0,07, Avg: 0,08, Max: 0,11, Diff: 0,04, Sum: 1,18, Workers: 15
[10,742s][debug][gc,phases      ] GC(13)       Termination Attempts:          Min: 1, Avg:  1,0, Max: 1, Diff: 0, Sum: 15, Workers: 15
[10,742s][debug][gc,phases      ] GC(13)     GC Worker Other (ms):          Min: 0,02, Avg: 0,02, Max: 0,04, Diff: 0,02, Sum: 0,37, Workers: 15
[10,742s][debug][gc,phases      ] GC(13)     GC Worker Total (ms):          Min: 0,12, Avg: 6,97, Max: 7,51, Diff: 7,39, Sum: 104,60, Workers: 15
[10,742s][info ][gc,phases      ] GC(13)   Merge Optional Heap Roots: 0,34ms
[10,742s][debug][gc,phases      ] GC(13)     Prepare Optional Merge Heap Roots: 0,02ms
[10,742s][debug][gc,phases      ] GC(13)     Optional Remembered Sets (ms): Min: 0,00, Avg: 0,00, Max: 0,00, Diff: 0,00, Sum: 0,00, Workers: 1
[10,742s][debug][gc,phases      ] GC(13)       Merged Inline                  Min: 0, Avg:  0,0, Max: 0, Diff: 0, Sum: 0, Workers: 1
[10,742s][debug][gc,phases      ] GC(13)       Merged ArrayOfCards            Min: 0, Avg:  0,0, Max: 0, Diff: 0, Sum: 0, Workers: 1
[10,742s][debug][gc,phases      ] GC(13)       Merged Howl                    Min: 0, Avg:  0,0, Max: 0, Diff: 0, Sum: 0, Workers: 1
[10,742s][debug][gc,phases      ] GC(13)       Merged Full                    Min: 0, Avg:  0,0, Max: 0, Diff: 0, Sum: 0, Workers: 1
[10,742s][debug][gc,phases      ] GC(13)       Merged Howl Inline             Min: 0, Avg:  0,0, Max: 0, Diff: 0, Sum: 0, Workers: 1
[10,742s][debug][gc,phases      ] GC(13)       Merged Howl ArrayOfCards       Min: 0, Avg:  0,0, Max: 0, Diff: 0, Sum: 0, Workers: 1
[10,742s][debug][gc,phases      ] GC(13)       Merged Howl BitMap             Min: 0, Avg:  0,0, Max: 0, Diff: 0, Sum: 0, Workers: 1
[10,742s][debug][gc,phases      ] GC(13)       Merged Howl Full               Min: 0, Avg:  0,0, Max: 0, Diff: 0, Sum: 0, Workers: 1
[10,742s][debug][gc,phases      ] GC(13)       Merged Cards                   Min: 8, Avg:  8,0, Max: 8, Diff: 0, Sum: 8, Workers: 1
[10,742s][info ][gc,phases      ] GC(13)   Evacuate Optional Collection Set: 0,20ms
[10,742s][debug][gc,phases      ] GC(13)     Optional Scan Heap Roots (ms): Min: 0,00, Avg: 0,00, Max: 0,00, Diff: 0,00, Sum: 0,02, Workers: 15
[10,742s][debug][gc,phases      ] GC(13)       Scanned Cards:                 Min: 0, Avg:  0,0, Max: 0, Diff: 0, Sum: 0, Workers: 15
[10,742s][debug][gc,phases      ] GC(13)       Scanned Blocks:                Min: 0, Avg:  0,0, Max: 0, Diff: 0, Sum: 0, Workers: 15
[10,742s][debug][gc,phases      ] GC(13)       Claimed Chunks:                Min: 0, Avg:  0,0, Max: 0, Diff: 0, Sum: 0, Workers: 15
[10,742s][debug][gc,phases      ] GC(13)       Found Roots:                   Min: 0, Avg:  0,4, Max: 3, Diff: 3, Sum: 6, Workers: 15
[10,742s][debug][gc,phases      ] GC(13)       Scanned Refs:                  Min: 0, Avg:  0,4, Max: 3, Diff: 3, Sum: 6, Workers: 15
[10,742s][debug][gc,phases      ] GC(13)       Used Memory:                   Min: 0, Avg: 142,9, Max: 536, Diff: 536, Sum: 2144, Workers: 15
[10,742s][debug][gc,phases      ] GC(13)     Optional Object Copy (ms):     Min: 0,00, Avg: 0,00, Max: 0,01, Diff: 0,01, Sum: 0,06, Workers: 15
[10,742s][debug][gc,phases      ] GC(13)     Optional Code Root Scan (ms):  Min: 0,00, Avg: 0,00, Max: 0,00, Diff: 0,00, Sum: 0,01, Workers: 15
[10,742s][debug][gc,phases      ] GC(13)       Scanned Nmethods               Min: 0, Avg:  0,0, Max: 0, Diff: 0, Sum: 0, Workers: 15
[10,742s][debug][gc,phases      ] GC(13)     Optional Termination (ms):     Min: 0,02, Avg: 0,09, Max: 0,17, Diff: 0,15, Sum: 1,39, Workers: 15
[10,743s][debug][gc,phases      ] GC(13)       Optional Termination Attempts: Min: 1, Avg:  1,3, Max: 3, Diff: 2, Sum: 19, Workers: 15
[10,743s][info ][gc,phases      ] GC(13)   Post Evacuate Collection Set: 1,50ms
[10,743s][debug][gc,phases      ] GC(13)     NMethod List Cleanup: 0,02ms
[10,743s][debug][gc,phases      ] GC(13)     Reference Processing: 0,91ms
[10,743s][debug][gc,phases,ref  ] GC(13)       Notify Soft/WeakReferences: 0,4ms
[10,743s][debug][gc,phases,ref  ] GC(13)         Balance queues: 0,0ms
[10,743s][debug][gc,phases,ref  ] GC(13)         SoftRef (ms):                  Min: 0,00, Avg: 0,00, Max: 0,00, Diff: 0,00, Sum: 0,00, Workers: 2
[10,743s][debug][gc,phases,ref  ] GC(13)         WeakRef (ms):                  Min: 0,00, Avg: 0,00, Max: 0,00, Diff: 0,00, Sum: 0,00, Workers: 2
[10,743s][debug][gc,phases,ref  ] GC(13)         FinalRef (ms):                 Min: 0,03, Avg: 0,05, Max: 0,07, Diff: 0,04, Sum: 0,11, Workers: 2
[10,743s][debug][gc,phases,ref  ] GC(13)         Total (ms):                    Min: 0,08, Avg: 0,10, Max: 0,12, Diff: 0,04, Sum: 0,20, Workers: 2
[10,743s][debug][gc,phases,ref  ] GC(13)       Notify and keep alive finalizable: 0,4ms
[10,743s][debug][gc,phases,ref  ] GC(13)         Balance queues: 0,0ms
[10,743s][debug][gc,phases,ref  ] GC(13)         FinalRef (ms):                 Min: 0,06, Avg: 0,14, Max: 0,20, Diff: 0,14, Sum: 2,05, Workers: 15
[10,743s][debug][gc,phases,ref  ] GC(13)       Notify PhantomReferences: 0,1ms
[10,743s][debug][gc,phases,ref  ] GC(13)         PhantomRef (ms):               skipped
[10,743s][debug][gc,phases,ref  ] GC(13)       SoftReference Discovered: 0, Dropped: 0, Processed: 0
[10,743s][debug][gc,phases,ref  ] GC(13)       WeakReference Discovered: 0, Dropped: 0, Processed: 0
[10,743s][debug][gc,phases,ref  ] GC(13)       FinalReference Discovered: 1003, Dropped: 2, Processed: 1001
[10,743s][debug][gc,phases,ref  ] GC(13)       PhantomReference Discovered: 0, Dropped: 0, Processed: 0
[10,743s][debug][gc,phases      ] GC(13)     Weak Processing: 0,15ms
[10,743s][debug][gc,phases      ] GC(13)       VM Weak                        Min: 0,00, Avg: 0,00, Max: 0,00, Diff: 0,00, Sum: 0,01, Workers: 15
[10,743s][debug][gc,phases      ] GC(13)         Dead                           Min: 0, Avg:  0,0, Max: 0, Diff: 0, Sum: 0, Workers: 15
[10,743s][debug][gc,phases      ] GC(13)         Total                          Min: 0, Avg: 11,0, Max: 165, Diff: 165, Sum: 165, Workers: 15
[10,743s][debug][gc,phases      ] GC(13)       ObjectSynchronizer Weak        Min: 0,00, Avg: 0,00, Max: 0,00, Diff: 0,00, Sum: 0,00, Workers: 15
[10,743s][debug][gc,phases      ] GC(13)         Dead                           Min: 0, Avg:  0,0, Max: 0, Diff: 0, Sum: 0, Workers: 15
[10,743s][debug][gc,phases      ] GC(13)         Total                          Min: 0, Avg:  2,2, Max: 33, Diff: 33, Sum: 33, Workers: 15
[10,743s][debug][gc,phases      ] GC(13)       JVMTI Tag Weak OopStorage      Min: 0,00, Avg: 0,00, Max: 0,00, Diff: 0,00, Sum: 0,00, Workers: 15
[10,743s][debug][gc,phases      ] GC(13)         Dead                           Min: 0, Avg:  0,0, Max: 0, Diff: 0, Sum: 0, Workers: 15
[10,743s][debug][gc,phases      ] GC(13)         Total                          Min: 0, Avg:  0,0, Max: 0, Diff: 0, Sum: 0, Workers: 15
[10,743s][debug][gc,phases      ] GC(13)       StringTable Weak               Min: 0,00, Avg: 0,01, Max: 0,03, Diff: 0,03, Sum: 0,11, Workers: 15
[10,743s][debug][gc,phases      ] GC(13)         Dead                           Min: 0, Avg:  0,0, Max: 0, Diff: 0, Sum: 0, Workers: 15
[10,743s][debug][gc,phases      ] GC(13)         Total                          Min: 0, Avg: 563,9, Max: 2240, Diff: 2240, Sum: 8458, Workers: 15
[10,743s][debug][gc,phases      ] GC(13)       ResolvedMethodTable Weak       Min: 0,00, Avg: 0,00, Max: 0,01, Diff: 0,01, Sum: 0,03, Workers: 15
[10,743s][debug][gc,phases      ] GC(13)         Dead                           Min: 0, Avg:  0,0, Max: 0, Diff: 0, Sum: 0, Workers: 15
[10,743s][debug][gc,phases      ] GC(13)         Total                          Min: 0, Avg: 113,1, Max: 381, Diff: 381, Sum: 1697, Workers: 15
[10,743s][debug][gc,phases      ] GC(13)       JNI Weak                       Min: 0,00, Avg: 0,00, Max: 0,00, Diff: 0,00, Sum: 0,01, Workers: 15
[10,743s][debug][gc,phases      ] GC(13)         Dead                           Min: 0, Avg:  0,0, Max: 0, Diff: 0, Sum: 0, Workers: 15
[10,743s][debug][gc,phases      ] GC(13)         Total                          Min: 0, Avg:  0,0, Max: 0, Diff: 0, Sum: 0, Workers: 15
[10,743s][debug][gc,phases      ] GC(13)       StringDedup Table Weak         Min: 0,00, Avg: 0,01, Max: 0,03, Diff: 0,03, Sum: 0,14, Workers: 15
[10,743s][debug][gc,phases      ] GC(13)         Dead                           Min: 0, Avg:  0,0, Max: 0, Diff: 0, Sum: 0, Workers: 15
[10,743s][debug][gc,phases      ] GC(13)         Total                          Min: 0, Avg: 872,4, Max: 2880, Diff: 2880, Sum: 13086, Workers: 15
[10,743s][debug][gc,phases      ] GC(13)       StringDedup Requests0 Weak     Min: 0,00, Avg: 0,00, Max: 0,00, Diff: 0,00, Sum: 0,01, Workers: 15
[10,743s][debug][gc,phases      ] GC(13)         Dead                           Min: 0, Avg:  0,0, Max: 0, Diff: 0, Sum: 0, Workers: 15
[10,743s][debug][gc,phases      ] GC(13)         Total                          Min: 0, Avg:  8,5, Max: 64, Diff: 64, Sum: 128, Workers: 15
[10,743s][debug][gc,phases      ] GC(13)       StringDedup Requests1 Weak     Min: 0,00, Avg: 0,00, Max: 0,00, Diff: 0,00, Sum: 0,03, Workers: 15
[10,743s][debug][gc,phases      ] GC(13)         Dead                           Min: 0, Avg:  0,0, Max: 0, Diff: 0, Sum: 0, Workers: 15
[10,743s][debug][gc,phases      ] GC(13)         Total                          Min: 0, Avg:  0,0, Max: 0, Diff: 0, Sum: 0, Workers: 15
[10,743s][debug][gc,phases      ] GC(13)       Weak JFR Old Object Samples    Min: 0,00, Avg: 0,00, Max: 0,00, Diff: 0,00, Sum: 0,01, Workers: 15
[10,743s][debug][gc,phases      ] GC(13)         Dead                           Min: 0, Avg:  0,0, Max: 0, Diff: 0, Sum: 0, Workers: 15
[10,743s][debug][gc,phases      ] GC(13)         Total                          Min: 0, Avg:  0,0, Max: 0, Diff: 0, Sum: 0, Workers: 15
[10,743s][debug][gc,phases      ] GC(13)     Post Evacuate Cleanup 1: 0,18ms
[10,743s][debug][gc,phases      ] GC(13)       Merge Per-Thread State (ms):   Min: 0,04, Avg: 0,04, Max: 0,04, Diff: 0,00, Sum: 0,04, Workers: 1
[10,743s][debug][gc,phases      ] GC(13)         Copied Bytes                   Min: 1152, Avg: 5089358,9, Max: 7473120, Diff: 7471968, Sum: 76340384, Workers: 15
[10,743s][debug][gc,phases      ] GC(13)         LAB Waste                      Min: 0, Avg: 352,5, Max: 4176, Diff: 4176, Sum: 5288, Workers: 15
[10,743s][debug][gc,phases      ] GC(13)         LAB Undo Waste                 Min: 0, Avg:  0,0, Max: 0, Diff: 0, Sum: 0, Workers: 15
[10,743s][debug][gc,phases      ] GC(13)         Evac Fail Extra Cards          Min: 0, Avg:  0,2, Max: 1, Diff: 1, Sum: 3, Workers: 15
[10,743s][debug][gc,phases      ] GC(13)       Clear Logged Cards (ms):       Min: 0,00, Avg: 0,02, Max: 0,12, Diff: 0,12, Sum: 0,22, Workers: 12
[10,743s][debug][gc,phases      ] GC(13)       Recalculate Used Memory (ms):  Min: 0,04, Avg: 0,04, Max: 0,04, Diff: 0,00, Sum: 0,04, Workers: 1
[10,743s][debug][gc,phases      ] GC(13)       Restore Evacuation Failed Regions (ms): Min: 0,00, Avg: 0,01, Max: 0,03, Diff: 0,03, Sum: 0,13, Workers: 12
[10,743s][debug][gc,phases      ] GC(13)         Evacuation Failed Regions:     Min: 1, Avg:  1,0, Max: 1, Diff: 0, Sum: 1, Workers: 1
[10,743s][debug][gc,phases      ] GC(13)         Pinned Regions:                Min: 1, Avg:  1,0, Max: 1, Diff: 0, Sum: 1, Workers: 1
[10,743s][debug][gc,phases      ] GC(13)         Allocation Failed Regions:     skipped
[10,743s][debug][gc,phases      ] GC(13)         Remove Self Forwards (ms):     Min: 0,02, Avg: 0,02, Max: 0,02, Diff: 0,01, Sum: 0,09, Workers: 5
[10,743s][debug][gc,phases      ] GC(13)           Forward Chunks:                Min: 1, Avg:  3,0, Max: 4, Diff: 3, Sum: 15, Workers: 5
[10,744s][debug][gc,phases      ] GC(13)           Empty Forward Chunks:          Min: 15, Avg: 22,6, Max: 31, Diff: 16, Sum: 113, Workers: 5
[10,744s][debug][gc,phases      ] GC(13)           Forward Objects:               Min: 1, Avg:  4,4, Max: 6, Diff: 5, Sum: 22, Workers: 5
[10,744s][debug][gc,phases      ] GC(13)           Forward Bytes:                 Min: 48, Avg: 109028,8, Max: 252440, Diff: 252392, Sum: 545144, Workers: 5
[10,744s][debug][gc,phases      ] GC(13)     Post Evacuate Cleanup 2: 0,12ms
[10,744s][debug][gc,phases      ] GC(13)       Recalculate Used Memory (ms):  Min: 0,04, Avg: 0,04, Max: 0,04, Diff: 0,00, Sum: 0,04, Workers: 1
[10,744s][debug][gc,phases      ] GC(13)       Restore Preserved Marks (ms):  Min: 0,00, Avg: 0,00, Max: 0,00, Diff: 0,00, Sum: 0,01, Workers: 15
[10,744s][debug][gc,phases      ] GC(13)       Process Evacuation Failed Regions (ms): Min: 0,00, Avg: 0,00, Max: 0,01, Diff: 0,01, Sum: 0,02, Workers: 15
[10,744s][debug][gc,phases      ] GC(13)       Update Derived Pointers (ms):  Min: 0,00, Avg: 0,00, Max: 0,00, Diff: 0,00, Sum: 0,00, Workers: 1
[10,744s][debug][gc,phases      ] GC(13)       Eagerly Reclaim Humongous Objects (ms): skipped
[10,744s][debug][gc,phases      ] GC(13)         Humongous Total                skipped
[10,744s][debug][gc,phases      ] GC(13)         Humongous Candidates           skipped
[10,744s][debug][gc,phases      ] GC(13)         Humongous Reclaimed            skipped
[10,744s][debug][gc,phases      ] GC(13)       Sample CSet Candidates (ms):   skipped
[10,744s][debug][gc,phases      ] GC(13)       Redirty Logged Cards (ms):     Min: 0,00, Avg: 0,00, Max: 0,01, Diff: 0,01, Sum: 0,04, Workers: 15
[10,744s][debug][gc,phases      ] GC(13)         Redirtied Cards:               Min: 0, Avg: 95,3, Max: 398, Diff: 398, Sum: 1430, Workers: 15
[10,744s][debug][gc,phases      ] GC(13)       Resize TLABs (ms):             Min: 0,00, Avg: 0,00, Max: 0,00, Diff: 0,00, Sum: 0,01, Workers: 15
[10,744s][debug][gc,phases      ] GC(13)       Free Collection Set (ms):      Min: 0,00, Avg: 0,02, Max: 0,04, Diff: 0,03, Sum: 0,33, Workers: 15
[10,744s][debug][gc,phases      ] GC(13)     Rebuild Free List: 0,05ms
[10,744s][debug][gc,phases      ] GC(13)     Prepare For Mutator: 0,09ms
[10,744s][debug][gc,phases      ] GC(13)     Expand Heap After Collection: 0,00ms
[10,744s][info ][gc,phases      ] GC(13)   Other: 0,42ms
[10,744s][debug][gc,remset      ] GC(13) Coarsening (recent): Inline->AoC 0 (0) AoC->Howl 0 (0) Howl->Full 0 (0) Inline->AoC 0 (0) AoC->BitMap 0 (0) BitMap->Full 0 (0) 
[10,744s][debug][gc,remset      ] GC(13) Coarsening (all): Inline->AoC 0 (0) AoC->Howl 0 (0) Howl->Full 0 (0) Inline->AoC 0 (0) AoC->BitMap 0 (0) BitMap->Full 0 (0) 
[10,744s][info ][gc,heap        ] GC(13) Eden regions: 122->0(199)
[10,744s][info ][gc,heap        ] GC(13) Survivor regions: 18->3(18)
[10,744s][info ][gc,heap        ] GC(13) Old regions: 329->350
[10,744s][info ][gc,heap        ] GC(13) Humongous regions: 0->0
[10,744s][info ][gc,metaspace   ] GC(13) Metaspace: 20650K(20992K)->20650K(20992K) NonClass: 18039K(18240K)->18039K(18240K) Class: 2610K(2752K)->2610K(2752K)
[10,744s][debug][gc,heap        ] GC(13) Heap after GC invocations=14 (full 0):
[10,744s][debug][gc,heap        ] GC(13)  garbage-first heap   total reserved 8388608K, committed 5246976K, used 1442849K [0x0000000600000000, 0x0000000800000000)
[10,744s][debug][gc,heap        ] GC(13)   region size 4096K, 3 young (12288K), 3 survivors (12288K)
[10,744s][debug][gc,heap        ] GC(13)  Metaspace       used 20650K, committed 20992K, reserved 1114112K
[10,744s][debug][gc,heap        ] GC(13)   class space    used 2610K, committed 2752K, reserved 1048576K
[10,744s][info ][gc             ] GC(13) Pause Young (Normal) (G1 Evacuation Pause) (Evacuation Failure: Pinned) 1873M->1409M(5124M) 13,293ms
[10,744s][info ][gc,cpu         ] GC(13) User=0,15s Sys=0,01s Real=0,02s
[10,744s][debug][gc,task        ] G1 Service Thread (Card Set Free Memory Task) (run: 2,806ms) (cpu: 0,075ms)
[10,744s][debug][gc,refine      ] Concurrent refinement: wanted 0, cards: 1430, predicted: 3407, time: 139,91ms
[10,794s][debug][gc,refine      ] Concurrent refinement: wanted 0, cards: 1430, predicted: 2483, time: 74,50ms
[10,845s][debug][gc,refine      ] Concurrent refinement: wanted 0, cards: 2198, predicted: 3216, time: 72,05ms
[10,895s][debug][gc,refine      ] Concurrent refinement: wanted 0, cards: 2966, predicted: 3945, time: 69,26ms
[10,945s][debug][gc,refine      ] Concurrent refinement: wanted 0, cards: 3734, predicted: 4693, time: 67,86ms
[10,995s][debug][gc,refine      ] Concurrent refinement: wanted 0, cards: 3990, predicted: 4924, time: 66,09ms
[11,046s][debug][gc,refine      ] Concurrent refinement: wanted 0, cards: 3990, predicted: 4865, time: 61,91ms
[11,096s][debug][gc,refine      ] Concurrent refinement: wanted 0, cards: 3990, predicted: 4795, time: 57,01ms
[11,146s][debug][gc,refine      ] Concurrent refinement: wanted 0, cards: 3990, predicted: 4726, time: 52,12ms
[11,196s][debug][gc,refine      ] Concurrent refinement: wanted 0, cards: 3990, predicted: 3990, time: 46,87ms
[11,246s][debug][gc,refine      ] Concurrent refinement: wanted 0, cards: 3990, predicted: 3990, time: 41,97ms
[11,296s][debug][gc,refine      ] Concurrent refinement: wanted 0, cards: 3990, predicted: 3990, time: 36,73ms
[11,347s][debug][gc,refine      ] Concurrent refinement: wanted 0, cards: 3990, predicted: 3990, time: 31,48ms
[11,396s][debug][gc,task,start  ] G1 Service Thread (Periodic GC Task) (run 1,019ms after schedule)
[11,396s][debug][gc,task        ] G1 Service Thread (Periodic GC Task) (run: 0,044ms) (cpu: 0,072ms)
[11,397s][debug][gc,refine      ] Concurrent refinement: wanted 0, cards: 3990, predicted: 3990, time: 26,58ms
[11,447s][debug][gc,refine      ] Concurrent refinement: wanted 0, cards: 3990, predicted: 3990, time: 21,34ms
[11,497s][debug][gc,refine      ] Concurrent refinement: wanted 0, cards: 3990, predicted: 3990, time: 16,09ms
[11,548s][debug][gc,refine      ] Concurrent refinement: wanted 0, cards: 3990, predicted: 3990, time: 11,19ms
[11,598s][debug][gc,refine      ] Concurrent refinement: wanted 0, cards: 3990, predicted: 3990, time: 5,95ms
[11,648s][debug][gc,refine      ] Concurrent refinement: wanted 0, cards: 3990, predicted: 3990, time: 0,70ms
[11,664s][info ][gc,start       ] GC(14) Pause Young (Normal) (G1 Evacuation Pause)
[11,665s][debug][gc,heap        ] GC(14) Heap before GC invocations=14 (full 0):
[11,665s][debug][gc,heap        ] GC(14)  garbage-first heap   total reserved 8388608K, committed 5246976K, used 2253857K [0x0000000600000000, 0x0000000800000000)
[11,665s][debug][gc,heap        ] GC(14)   region size 4096K, 202 young (827392K), 3 survivors (12288K)
[11,665s][debug][gc,heap        ] GC(14)  Metaspace       used 20669K, committed 20992K, reserved 1114112K
[11,665s][debug][gc,heap        ] GC(14)   class space    used 2611K, committed 2752K, reserved 1048576K
[11,665s][info ][gc,task        ] GC(14) Using 15 workers of 15 for evacuation
[11,665s][debug][gc,age         ] GC(14) Desired survivor size 54525952 bytes, new threshold 15 (max threshold 15)
[11,665s][debug][gc,tlab        ] GC(14) TLAB totals: thrds: 25  refills: 887 max: 223 slow allocs: 709 max 84 waste:  0,8% gc: 5183688B max: 834520B slow: 1402640B max: 328400B
[11,665s][debug][gc,refine,stats] GC(14) Mutator refinement: 0,00ms, refined: 0, precleaned: 0, dirtied: 3769
[11,665s][debug][gc,refine,stats] GC(14) Concurrent refinement: 0,00ms, refined: 0, precleaned: 0, dirtied: 0
[11,665s][debug][gc,refine,stats] GC(14) Total refinement: 0,00ms, refined: 0, precleaned: 0, dirtied: 3769
[11,665s][debug][gc,refine,stats] GC(14) Generate dirty cards rate: 4,08 cards/ms
[11,665s][debug][gc,alloc,region] GC(14) Mutator Allocation stats, regions: 199, wasted size: 0B ( 0,0%)
[11,665s][debug][gc,ergo,cset   ] GC(14) Do not add marking candidates to collection set due to pause type.
[11,665s][debug][gc,ergo,cset   ] GC(14) Start adding retained candidates to collection set. Min 1 regions, available 1, time remaining 0,41ms, optional remaining 40,00ms
[11,665s][debug][gc,ergo,cset   ] GC(14) Retained candidates exhausted.
[11,665s][debug][gc,ergo,cset   ] GC(14) Added 1 retained candidates to collection set although the predicted time was too high.
[11,665s][debug][gc,ergo,cset   ] GC(14) Finish adding retained candidates to collection set. Initial: 1, optional: 0, pinned: 0, predicted initial time: 0,47ms, predicted optional time: 0,00ms, time remaining: 0,00ms optional time remaining 39,53ms
[11,665s][debug][gc,ergo        ] GC(14) Running G1 Merge Heap Roots using 15 workers for 203 regions
[11,666s][debug][gc,remset      ] GC(14) Visited cards 186112 Total dirty 1073152 (17,34%) Total old 6184960 (3,01%)
[11,693s][debug][gc,ref         ] GC(14) ReferenceProcessor::execute queues: 1, RefProcThreadModel::Single, marks_oops_alive: false
[11,694s][debug][gc,ref         ] GC(14) ReferenceProcessor::execute queues: 15, RefProcThreadModel::Multi, marks_oops_alive: true
[11,694s][debug][gc,ref         ] GC(14) ReferenceProcessor::execute queues: 1, RefProcThreadModel::Single, marks_oops_alive: false
[11,695s][debug][gc,ergo        ] GC(14) Running G1 Rebuild Free List Task using 15 workers for rebuilding free list of regions
[11,695s][debug][gc,plab        ] GC(14) Young PLAB allocation: allocated: 108840288B, wasted: 84512B, unused: 0B, used: 108755776B, undo waste: 0B, 
[11,695s][debug][gc,plab        ] GC(14) Young other allocation: region end waste: 0B, regions filled: 26, num plab filled: 281, direct allocated: 211616B, num direct allocated: 2, failure used: 0B, failure wasted: 0B
[11,695s][debug][gc,plab        ] GC(14) Young sizing: calculated: 21751152B, actual: 17288368B
[11,695s][debug][gc,plab        ] GC(14) Old PLAB allocation: allocated: 203423744B, wasted: 29544B, unused: 16798608B, used: 186595592B, undo waste: 0B, 
[11,695s][debug][gc,plab        ] GC(14) Old other allocation: region end waste: 0B, regions filled: 49, num plab filled: 140, direct allocated: 0B, num direct allocated: 0, failure used: 0B, failure wasted: 0B
[11,695s][debug][gc,plab        ] GC(14) Old sizing: calculated: 37319112B, actual: 33899112B
[11,695s][debug][gc,ergo,heap   ] GC(14) Heap expansion: short term pause time ratio 16,49% long term pause time ratio 2,78% threshold 7,69% pause time ratio 7,69% fully expanded false resize by 0B
[11,695s][debug][gc,mmu         ] GC(14) MMU: 30,5ms (200,0ms/201,0ms)
[11,695s][debug][gc,alloc,stats ] Old generation allocation in the last mutator period, old gen allocated: 203423744B, humongous allocated: 0B, old gen growth: 203423744B.
[11,695s][debug][gc,ihop        ] GC(14) Basic information (value update), threshold: 2415919104B (45,00), target occupancy: 5368709120B, current occupancy: 1773176368B, recent allocation size: 203423744B, recent allocation duration: 923,20ms, recent old gen allocation rate: 220346621,93B/s, recent marking phase length: 0,00ms
[11,695s][debug][gc,ihop        ] GC(14) Adaptive IHOP information (value update), threshold: 2415919104B (47,37), internal target occupancy: 5100273664B, occupancy: 1773176368B, additional buffer size: 851443712B, predicted old gen allocation rate: 938600668,18B/s, predicted marking phase length: 0,00ms, prediction active: false
[11,695s][debug][gc,ergo,refine ] GC(14) GC refinement: goal: 539254 + 1163 / 20,00ms, actual: 5199 / 0,36ms, 
[11,695s][debug][gc,ergo,refine ] GC(14) New pending cards target: 414771
[11,695s][info ][gc,phases      ] GC(14)   Pre Evacuate Collection Set: 0,48ms
[11,695s][debug][gc,phases      ] GC(14)     Pre Evacuate Prepare: 0,20ms
[11,695s][debug][gc,phases      ] GC(14)       JT Retire TLABs And Flush Logs (ms): Min: 0,00, Avg: 0,01, Max: 0,02, Diff: 0,02, Sum: 0,02, Workers: 2
[11,695s][debug][gc,phases      ] GC(14)       Non-JT Flush Logs (ms):        Min: 0,01, Avg: 0,01, Max: 0,01, Diff: 0,00, Sum: 0,01, Workers: 1
[11,695s][debug][gc,phases      ] GC(14)     Choose Collection Set: 0,05ms
[11,695s][debug][gc,phases      ] GC(14)     Region Register: 0,22ms
[11,695s][debug][gc,phases      ] GC(14)     Prepare Heap Roots: 0,00ms
[11,695s][info ][gc,phases      ] GC(14)   Merge Heap Roots: 0,35ms
[11,695s][debug][gc,phases      ] GC(14)     Prepare Merge Heap Roots: 0,02ms
[11,695s][debug][gc,task,start  ] G1 Service Thread (Card Set Free Memory Task) (run 0,055ms after schedule)
[11,695s][debug][gc,phases      ] GC(14)     Remembered Sets (ms):          Min: 0,02, Avg: 0,02, Max: 0,02, Diff: 0,01, Sum: 0,28, Workers: 15
[11,695s][debug][gc,phases      ] GC(14)       Eager Reclaim (ms):            skipped
[11,695s][debug][gc,phases      ] GC(14)       Merged Inline                  Min: 0, Avg:  0,0, Max: 0, Diff: 0, Sum: 0, Workers: 15
[11,695s][debug][gc,phases      ] GC(14)       Merged ArrayOfCards            Min: 0, Avg:  0,0, Max: 0, Diff: 0, Sum: 0, Workers: 15
[11,695s][debug][gc,phases      ] GC(14)       Merged Howl                    Min: 0, Avg:  0,0, Max: 0, Diff: 0, Sum: 0, Workers: 15
[11,695s][debug][gc,phases      ] GC(14)       Merged Full                    Min: 0, Avg:  0,0, Max: 0, Diff: 0, Sum: 0, Workers: 15
[11,695s][debug][gc,phases      ] GC(14)       Merged Howl Inline             Min: 0, Avg:  0,0, Max: 0, Diff: 0, Sum: 0, Workers: 15
[11,695s][debug][gc,phases      ] GC(14)       Merged Howl ArrayOfCards       Min: 0, Avg:  0,0, Max: 0, Diff: 0, Sum: 0, Workers: 15
[11,695s][debug][gc,phases      ] GC(14)       Merged Howl BitMap             Min: 0, Avg:  0,0, Max: 0, Diff: 0, Sum: 0, Workers: 15
[11,695s][debug][gc,phases      ] GC(14)       Merged Howl Full               Min: 0, Avg:  0,0, Max: 0, Diff: 0, Sum: 0, Workers: 15
[11,695s][debug][gc,phases      ] GC(14)       Merged Cards                   Min: 8, Avg:  8,0, Max: 8, Diff: 0, Sum: 120, Workers: 15
[11,695s][debug][gc,phases      ] GC(14)     Log Buffers (ms):              Min: 0,00, Avg: 0,01, Max: 0,07, Diff: 0,07, Sum: 0,20, Workers: 15
[11,695s][debug][gc,phases      ] GC(14)       Dirty Cards:                   Min: 0, Avg: 346,6, Max: 3177, Diff: 3177, Sum: 5199, Workers: 15
[11,695s][debug][gc,phases      ] GC(14)       Skipped Cards:                 Min: 0, Avg:  0,0, Max: 0, Diff: 0, Sum: 0, Workers: 15
[11,695s][info ][gc,phases      ] GC(14)   Evacuate Collection Set: 27,80ms
[11,695s][debug][gc,phases      ] GC(14)     Ext Root Scanning (ms):        Min: 0,00, Avg: 0,03, Max: 0,15, Diff: 0,15, Sum: 0,51, Workers: 15
[11,695s][debug][gc,phases      ] GC(14)     Scan Heap Roots (ms):          Min: 0,21, Avg: 0,34, Max: 0,39, Diff: 0,19, Sum: 5,15, Workers: 15
[11,695s][debug][gc,phases      ] GC(14)       Scanned Cards:                 Min: 150, Avg: 344,3, Max: 458, Diff: 308, Sum: 5164, Workers: 15
[11,695s][debug][gc,phases      ] GC(14)       Scanned Blocks:                Min: 121, Avg: 278,7, Max: 396, Diff: 275, Sum: 4181, Workers: 15
[11,695s][debug][gc,phases      ] GC(14)       Claimed Chunks:                Min: 84, Avg: 193,9, Max: 280, Diff: 196, Sum: 2908, Workers: 15
[11,695s][debug][gc,phases      ] GC(14)       Found Roots:                   Min: 200, Avg: 612,9, Max: 1341, Diff: 1141, Sum: 9193, Workers: 15
[11,695s][debug][gc,phases      ] GC(14)     Code Root Scan (ms):           Min: 0,01, Avg: 0,01, Max: 0,03, Diff: 0,02, Sum: 0,19, Workers: 15
[11,695s][debug][gc,phases      ] GC(14)       Scanned Nmethods               Min: 0, Avg:  0,2, Max: 3, Diff: 3, Sum: 3, Workers: 15
[11,695s][debug][gc,phases      ] GC(14)     Object Copy (ms):              Min: 27,00, Avg: 27,08, Max: 27,22, Diff: 0,22, Sum: 406,27, Workers: 15
[11,696s][debug][gc,phases      ] GC(14)     Termination (ms):              Min: 0,05, Avg: 0,08, Max: 0,12, Diff: 0,08, Sum: 1,24, Workers: 15
[11,696s][debug][gc,phases      ] GC(14)       Termination Attempts:          Min: 1, Avg:  1,0, Max: 1, Diff: 0, Sum: 15, Workers: 15
[11,696s][debug][gc,phases      ] GC(14)     GC Worker Other (ms):          Min: 0,02, Avg: 0,03, Max: 0,04, Diff: 0,02, Sum: 0,45, Workers: 15
[11,696s][debug][gc,phases      ] GC(14)     GC Worker Total (ms):          Min: 27,52, Avg: 27,59, Max: 27,68, Diff: 0,16, Sum: 413,82, Workers: 15
[11,696s][info ][gc,phases      ] GC(14)   Post Evacuate Collection Set: 1,69ms
[11,696s][debug][gc,phases      ] GC(14)     NMethod List Cleanup: 0,01ms
[11,696s][debug][gc,phases      ] GC(14)     Reference Processing: 0,75ms
[11,696s][debug][gc,phases,ref  ] GC(14)       Notify Soft/WeakReferences: 0,2ms
[11,696s][debug][gc,phases,ref  ] GC(14)         SoftRef (ms):                  Min: 0,00, Avg: 0,00, Max: 0,00, Diff: 0,00, Sum: 0,00, Workers: 1
[11,696s][debug][gc,phases,ref  ] GC(14)         WeakRef (ms):                  Min: 0,00, Avg: 0,00, Max: 0,00, Diff: 0,00, Sum: 0,00, Workers: 1
[11,696s][debug][gc,phases,ref  ] GC(14)         FinalRef (ms):                 Min: 0,06, Avg: 0,06, Max: 0,06, Diff: 0,00, Sum: 0,06, Workers: 1
[11,696s][debug][gc,phases,ref  ] GC(14)         Total (ms):                    Min: 0,08, Avg: 0,08, Max: 0,08, Diff: 0,00, Sum: 0,08, Workers: 1
[11,696s][debug][gc,phases,ref  ] GC(14)       Notify and keep alive finalizable: 0,5ms
[11,696s][debug][gc,phases,ref  ] GC(14)         Balance queues: 0,0ms
[11,696s][debug][gc,phases,ref  ] GC(14)         FinalRef (ms):                 Min: 0,11, Avg: 0,20, Max: 0,28, Diff: 0,17, Sum: 3,03, Workers: 15
[11,696s][debug][gc,phases,ref  ] GC(14)       Notify PhantomReferences: 0,1ms
[11,696s][debug][gc,phases,ref  ] GC(14)         PhantomRef (ms):               Min: 0,01, Avg: 0,01, Max: 0,01, Diff: 0,00, Sum: 0,01, Workers: 1
[11,696s][debug][gc,phases,ref  ] GC(14)       SoftReference Discovered: 0, Dropped: 0, Processed: 0
[11,696s][debug][gc,phases,ref  ] GC(14)       WeakReference Discovered: 0, Dropped: 0, Processed: 0
[11,696s][debug][gc,phases,ref  ] GC(14)       FinalReference Discovered: 812, Dropped: 0, Processed: 812
[11,696s][debug][gc,phases,ref  ] GC(14)       PhantomReference Discovered: 38, Dropped: 3, Processed: 35
[11,696s][debug][gc,phases      ] GC(14)     Weak Processing: 0,20ms
[11,696s][debug][gc,phases      ] GC(14)       VM Weak                        Min: 0,00, Avg: 0,00, Max: 0,00, Diff: 0,00, Sum: 0,01, Workers: 15
[11,696s][debug][gc,phases      ] GC(14)         Dead                           Min: 0, Avg:  0,0, Max: 0, Diff: 0, Sum: 0, Workers: 15
[11,696s][debug][gc,phases      ] GC(14)         Total                          Min: 0, Avg: 11,0, Max: 165, Diff: 165, Sum: 165, Workers: 15
[11,696s][debug][gc,phases      ] GC(14)       ObjectSynchronizer Weak        Min: 0,00, Avg: 0,00, Max: 0,00, Diff: 0,00, Sum: 0,00, Workers: 15
[11,696s][debug][gc,phases      ] GC(14)         Dead                           Min: 0, Avg:  0,0, Max: 0, Diff: 0, Sum: 0, Workers: 15
[11,696s][debug][gc,phases      ] GC(14)         Total                          Min: 0, Avg:  2,2, Max: 33, Diff: 33, Sum: 33, Workers: 15
[11,696s][debug][gc,phases      ] GC(14)       JVMTI Tag Weak OopStorage      Min: 0,00, Avg: 0,00, Max: 0,00, Diff: 0,00, Sum: 0,00, Workers: 15
[11,696s][debug][gc,phases      ] GC(14)         Dead                           Min: 0, Avg:  0,0, Max: 0, Diff: 0, Sum: 0, Workers: 15
[11,696s][debug][gc,phases      ] GC(14)         Total                          Min: 0, Avg:  0,0, Max: 0, Diff: 0, Sum: 0, Workers: 15
[11,696s][debug][gc,phases      ] GC(14)       StringTable Weak               Min: 0,00, Avg: 0,01, Max: 0,06, Diff: 0,06, Sum: 0,10, Workers: 15
[11,696s][debug][gc,phases      ] GC(14)         Dead                           Min: 0, Avg:  0,0, Max: 0, Diff: 0, Sum: 0, Workers: 15
[11,696s][debug][gc,phases      ] GC(14)         Total                          Min: 0, Avg: 564,2, Max: 6016, Diff: 6016, Sum: 8463, Workers: 15
[11,696s][debug][gc,phases      ] GC(14)       ResolvedMethodTable Weak       Min: 0,00, Avg: 0,00, Max: 0,01, Diff: 0,01, Sum: 0,04, Workers: 15
[11,696s][debug][gc,phases      ] GC(14)         Dead                           Min: 0, Avg:  0,0, Max: 0, Diff: 0, Sum: 0, Workers: 15
[11,696s][debug][gc,phases      ] GC(14)         Total                          Min: 0, Avg: 113,1, Max: 446, Diff: 446, Sum: 1697, Workers: 15
[11,696s][debug][gc,phases      ] GC(14)       JNI Weak                       Min: 0,00, Avg: 0,00, Max: 0,00, Diff: 0,00, Sum: 0,00, Workers: 15
[11,696s][debug][gc,phases      ] GC(14)         Dead                           Min: 0, Avg:  0,0, Max: 0, Diff: 0, Sum: 0, Workers: 15
[11,696s][debug][gc,phases      ] GC(14)         Total                          Min: 0, Avg:  0,0, Max: 0, Diff: 0, Sum: 0, Workers: 15
[11,696s][debug][gc,phases      ] GC(14)       StringDedup Table Weak         Min: 0,00, Avg: 0,01, Max: 0,03, Diff: 0,03, Sum: 0,16, Workers: 15
[11,696s][debug][gc,phases      ] GC(14)         Dead                           Min: 0, Avg:  0,0, Max: 0, Diff: 0, Sum: 0, Workers: 15
[11,696s][debug][gc,phases      ] GC(14)         Total                          Min: 0, Avg: 872,7, Max: 3328, Diff: 3328, Sum: 13090, Workers: 15
[11,696s][debug][gc,phases      ] GC(14)       StringDedup Requests0 Weak     Min: 0,00, Avg: 0,00, Max: 0,00, Diff: 0,00, Sum: 0,01, Workers: 15
[11,696s][debug][gc,phases      ] GC(14)         Dead                           Min: 0, Avg:  0,0, Max: 0, Diff: 0, Sum: 0, Workers: 15
[11,696s][debug][gc,phases      ] GC(14)         Total                          Min: 0, Avg:  0,0, Max: 0, Diff: 0, Sum: 0, Workers: 15
[11,696s][debug][gc,phases      ] GC(14)       StringDedup Requests1 Weak     Min: 0,00, Avg: 0,00, Max: 0,00, Diff: 0,00, Sum: 0,01, Workers: 15
[11,696s][debug][gc,phases      ] GC(14)         Dead                           Min: 0, Avg:  0,0, Max: 0, Diff: 0, Sum: 0, Workers: 15
[11,696s][debug][gc,phases      ] GC(14)         Total                          Min: 0, Avg:  0,3, Max: 5, Diff: 5, Sum: 5, Workers: 15
[11,696s][debug][gc,phases      ] GC(14)       Weak JFR Old Object Samples    Min: 0,00, Avg: 0,00, Max: 0,00, Diff: 0,00, Sum: 0,01, Workers: 15
[11,696s][debug][gc,phases      ] GC(14)         Dead                           Min: 0, Avg:  0,0, Max: 0, Diff: 0, Sum: 0, Workers: 15
[11,696s][debug][gc,phases      ] GC(14)         Total                          Min: 0, Avg:  0,0, Max: 0, Diff: 0, Sum: 0, Workers: 15
[11,696s][debug][gc,phases      ] GC(14)     Post Evacuate Cleanup 1: 0,28ms
[11,696s][debug][gc,phases      ] GC(14)       Merge Per-Thread State (ms):   Min: 0,04, Avg: 0,04, Max: 0,04, Diff: 0,00, Sum: 0,04, Workers: 1
[11,696s][debug][gc,phases      ] GC(14)         Copied Bytes                   Min: 15772568, Avg: 19704198,9, Max: 24082432, Diff: 8309864, Sum: 295562984, Workers: 15
[11,696s][debug][gc,phases      ] GC(14)         LAB Waste                      Min: 904, Avg: 7603,7, Max: 16168, Diff: 15264, Sum: 114056, Workers: 15
[11,696s][debug][gc,phases      ] GC(14)         LAB Undo Waste                 Min: 0, Avg:  0,0, Max: 0, Diff: 0, Sum: 0, Workers: 15
[11,696s][debug][gc,phases      ] GC(14)         Evac Fail Extra Cards          Min: 0, Avg:  0,0, Max: 0, Diff: 0, Sum: 0, Workers: 15
[11,696s][debug][gc,phases      ] GC(14)       Clear Logged Cards (ms):       Min: 0,00, Avg: 0,06, Max: 0,14, Diff: 0,14, Sum: 0,23, Workers: 4
[11,696s][debug][gc,phases      ] GC(14)       Recalculate Used Memory (ms):  Min: 0,00, Avg: 0,00, Max: 0,00, Diff: 0,00, Sum: 0,00, Workers: 1
[11,696s][debug][gc,phases      ] GC(14)     Post Evacuate Cleanup 2: 0,28ms
[11,696s][debug][gc,phases      ] GC(14)       Update Derived Pointers (ms):  Min: 0,00, Avg: 0,00, Max: 0,00, Diff: 0,00, Sum: 0,00, Workers: 1
[11,696s][debug][gc,phases      ] GC(14)       Eagerly Reclaim Humongous Objects (ms): skipped
[11,696s][debug][gc,phases      ] GC(14)         Humongous Total                skipped
[11,696s][debug][gc,phases      ] GC(14)         Humongous Candidates           skipped
[11,696s][debug][gc,phases      ] GC(14)         Humongous Reclaimed            skipped
[11,696s][debug][gc,phases      ] GC(14)       Redirty Logged Cards (ms):     Min: 0,00, Avg: 0,01, Max: 0,02, Diff: 0,02, Sum: 0,09, Workers: 15
[11,696s][debug][gc,phases      ] GC(14)         Redirtied Cards:               Min: 0, Avg: 207,5, Max: 541, Diff: 541, Sum: 3112, Workers: 15
[11,696s][debug][gc,phases      ] GC(14)       Resize TLABs (ms):             Min: 0,00, Avg: 0,00, Max: 0,01, Diff: 0,01, Sum: 0,02, Workers: 15
[11,696s][debug][gc,phases      ] GC(14)       Free Collection Set (ms):      Min: 0,02, Avg: 0,05, Max: 0,08, Diff: 0,06, Sum: 0,78, Workers: 15
[11,696s][debug][gc,phases      ] GC(14)     Rebuild Free List: 0,08ms
[11,696s][debug][gc,phases      ] GC(14)     Prepare For Mutator: 0,08ms
[11,696s][debug][gc,phases      ] GC(14)     Expand Heap After Collection: 0,00ms
[11,696s][info ][gc,phases      ] GC(14)   Other: 0,25ms
[11,696s][debug][gc,remset      ] GC(14) Coarsening (recent): Inline->AoC 0 (0) AoC->Howl 0 (0) Howl->Full 0 (0) Inline->AoC 0 (0) AoC->BitMap 0 (0) BitMap->Full 0 (0) 
[11,696s][debug][gc,remset      ] GC(14) Coarsening (all): Inline->AoC 0 (0) AoC->Howl 0 (0) Howl->Full 0 (0) Inline->AoC 0 (0) AoC->BitMap 0 (0) BitMap->Full 0 (0) 
[11,696s][info ][gc,heap        ] GC(14) Eden regions: 199->0(177)
[11,696s][info ][gc,heap        ] GC(14) Survivor regions: 3->26(26)
[11,696s][info ][gc,heap        ] GC(14) Old regions: 350->398
[11,696s][info ][gc,heap        ] GC(14) Humongous regions: 0->0
[11,696s][info ][gc,metaspace   ] GC(14) Metaspace: 20669K(20992K)->20669K(20992K) NonClass: 18057K(18240K)->18057K(18240K) Class: 2611K(2752K)->2611K(2752K)
[11,696s][debug][gc,heap        ] GC(14) Heap after GC invocations=15 (full 0):
[11,696s][debug][gc,heap        ] GC(14)  garbage-first heap   total reserved 8388608K, committed 5246976K, used 1731617K [0x0000000600000000, 0x0000000800000000)
[11,696s][debug][gc,heap        ] GC(14)   region size 4096K, 26 young (106496K), 26 survivors (106496K)
[11,696s][debug][gc,heap        ] GC(14)  Metaspace       used 20669K, committed 20992K, reserved 1114112K
[11,696s][debug][gc,heap        ] GC(14)   class space    used 2611K, committed 2752K, reserved 1048576K
[11,696s][info ][gc             ] GC(14) Pause Young (Normal) (G1 Evacuation Pause) 2205M->1691M(5124M) 31,916ms
[11,696s][info ][gc,cpu         ] GC(14) User=0,41s Sys=0,00s Real=0,03s
[11,697s][debug][gc,task        ] G1 Service Thread (Card Set Free Memory Task) (run: 1,460ms) (cpu: 0,103ms)
[11,697s][debug][gc,refine      ] Concurrent refinement: wanted 0, cards: 3112, predicted: 4925, time: 151,53ms
[11,747s][debug][gc,refine      ] Concurrent refinement: wanted 0, cards: 3112, predicted: 4853, time: 145,52ms
[11,797s][debug][gc,refine      ] Concurrent refinement: wanted 0, cards: 3112, predicted: 4781, time: 139,51ms
[11,847s][debug][gc,refine      ] Concurrent refinement: wanted 0, cards: 3112, predicted: 4704, time: 133,07ms
[11,897s][debug][gc,refine      ] Concurrent refinement: wanted 0, cards: 3112, predicted: 4632, time: 127,06ms
[11,948s][debug][gc,refine      ] Concurrent refinement: wanted 0, cards: 3112, predicted: 4555, time: 120,62ms
[11,998s][debug][gc,refine      ] Concurrent refinement: wanted 0, cards: 3112, predicted: 4483, time: 114,61ms
[12,048s][debug][gc,refine      ] Concurrent refinement: wanted 0, cards: 3112, predicted: 4406, time: 108,18ms
[12,095s][info ][gc,start       ] GC(15) Pause Young (Normal) (G1 Evacuation Pause)
[12,095s][debug][gc,heap        ] GC(15) Heap before GC invocations=15 (full 0):
[12,095s][debug][gc,heap        ] GC(15)  garbage-first heap   total reserved 8388608K, committed 5246976K, used 2452513K [0x0000000600000000, 0x0000000800000000)
[12,095s][debug][gc,heap        ] GC(15)   region size 4096K, 203 young (831488K), 26 survivors (106496K)
[12,095s][debug][gc,heap        ] GC(15)  Metaspace       used 20669K, committed 20992K, reserved 1114112K
[12,095s][debug][gc,heap        ] GC(15)   class space    used 2611K, committed 2752K, reserved 1048576K
[12,095s][info ][gc,task        ] GC(15) Using 15 workers of 15 for evacuation
[12,095s][debug][gc,age         ] GC(15) Desired survivor size 54525952 bytes, new threshold 1 (max threshold 15)
[12,095s][debug][gc,tlab        ] GC(15) TLAB totals: thrds: 20  refills: 1016 max: 121 slow allocs: 701 max 82 waste:  1,0% gc: 5005744B max: 858944B slow: 1833496B max: 247152B
[12,096s][debug][gc,refine,stats] GC(15) Mutator refinement: 0,00ms, refined: 0, precleaned: 0, dirtied: 694
[12,096s][debug][gc,refine,stats] GC(15) Concurrent refinement: 0,00ms, refined: 0, precleaned: 0, dirtied: 0
[12,096s][debug][gc,refine,stats] GC(15) Total refinement: 0,00ms, refined: 0, precleaned: 0, dirtied: 694
[12,096s][debug][gc,refine,stats] GC(15) Generate dirty cards rate: 1,73 cards/ms
[12,096s][debug][gc,alloc,region] GC(15) Mutator Allocation stats, regions: 177, wasted size: 0B ( 0,0%)
[12,096s][debug][gc,ergo,cset   ] GC(15) No candidates to reclaim.
[12,096s][debug][gc,ergo        ] GC(15) Running G1 Merge Heap Roots using 15 workers for 203 regions
[12,096s][debug][gc,remset      ] GC(15) Visited cards 165248 Total dirty 1409024 (11,73%) Total old 6586368 (2,51%)
[12,120s][debug][gc,ref         ] GC(15) ReferenceProcessor::execute queues: 2, RefProcThreadModel::Multi, marks_oops_alive: false
[12,120s][debug][gc,ref         ] GC(15) ReferenceProcessor::execute queues: 15, RefProcThreadModel::Multi, marks_oops_alive: true
[12,120s][debug][gc,ref         ] GC(15) Skipped PhantomRefsPhase of Reference Processing: no references
[12,120s][debug][gc,ergo        ] GC(15) Initializing removing self forwards with 128 chunks per region
[12,121s][debug][gc,ergo        ] GC(15) Running G1 Rebuild Free List Task using 15 workers for rebuilding free list of regions
[12,121s][debug][gc,plab        ] GC(15) Young PLAB allocation: allocated: 109051904B, wasted: 30168B, unused: 0B, used: 109021736B, undo waste: 0B, 
[12,121s][debug][gc,plab        ] GC(15) Young other allocation: region end waste: 0B, regions filled: 26, num plab filled: 116, direct allocated: 0B, num direct allocated: 0, failure used: 0B, failure wasted: 0B
[12,121s][debug][gc,plab        ] GC(15) Young sizing: calculated: 21804344B, actual: 20675352B
[12,121s][debug][gc,plab        ] GC(15) Old PLAB allocation: allocated: 176160768B, wasted: 22936B, unused: 13418008B, used: 162719824B, undo waste: 0B, 
[12,121s][debug][gc,plab        ] GC(15) Old other allocation: region end waste: 0B, regions filled: 43, num plab filled: 84, direct allocated: 0B, num direct allocated: 0, failure used: 1726536B, failure wasted: 15050680B
[12,121s][debug][gc,plab        ] GC(15) Old sizing: calculated: 32543960B, actual: 32882744B
[12,121s][debug][gc,ergo,heap   ] GC(15) Heap expansion: short term pause time ratio 3,20% long term pause time ratio 2,86% threshold 7,69% pause time ratio 7,69% fully expanded false resize by 0B
[12,121s][debug][gc,task,start  ] G1 Service Thread (Card Set Free Memory Task) (run 0,009ms after schedule)
[12,121s][debug][gc,mmu         ] GC(15) MMU: 25,5ms (200,0ms/201,0ms)
[12,121s][debug][gc,alloc,stats ] Old generation allocation in the last mutator period, old gen allocated: 192937984B, humongous allocated: 0B, old gen growth: 192937984B.
[12,121s][debug][gc,ihop        ] GC(15) Basic information (value update), threshold: 2415919104B (45,00), target occupancy: 5368709120B, current occupancy: 1966114352B, recent allocation size: 192937984B, recent allocation duration: 400,34ms, recent old gen allocation rate: 481938615,87B/s, recent marking phase length: 0,00ms
[12,121s][debug][gc,ihop        ] GC(15) Adaptive IHOP information (value update), threshold: 2415919104B (47,37), internal target occupancy: 5100273664B, occupancy: 1966114352B, additional buffer size: 1002438656B, predicted old gen allocation rate: 929540075,83B/s, predicted marking phase length: 0,00ms, prediction active: false
[12,121s][debug][gc,ergo,refine ] GC(15) GC refinement: goal: 414771 + 1064 / 20,00ms, actual: 3806 / 0,29ms, 
[12,121s][debug][gc,ergo,refine ] GC(15) Unchanged pending cards target: 414771
[12,121s][info ][gc,phases      ] GC(15)   Pre Evacuate Collection Set: 0,25ms
[12,121s][debug][gc,phases      ] GC(15)     Pre Evacuate Prepare: 0,09ms
[12,121s][debug][gc,phases      ] GC(15)       JT Retire TLABs And Flush Logs (ms): Min: 0,00, Avg: 0,01, Max: 0,02, Diff: 0,02, Sum: 0,02, Workers: 2
[12,121s][debug][gc,phases      ] GC(15)       Non-JT Flush Logs (ms):        Min: 0,01, Avg: 0,01, Max: 0,01, Diff: 0,00, Sum: 0,01, Workers: 1
[12,121s][debug][gc,phases      ] GC(15)     Choose Collection Set: 0,01ms
[12,121s][debug][gc,phases      ] GC(15)     Region Register: 0,15ms
[12,121s][debug][gc,phases      ] GC(15)     Prepare Heap Roots: 0,00ms
[12,121s][info ][gc,phases      ] GC(15)   Merge Heap Roots: 0,39ms
[12,121s][debug][gc,phases      ] GC(15)     Prepare Merge Heap Roots: 0,02ms
[12,121s][debug][gc,phases      ] GC(15)     Remembered Sets (ms):          Min: 0,01, Avg: 0,05, Max: 0,07, Diff: 0,06, Sum: 0,68, Workers: 15
[12,121s][debug][gc,phases      ] GC(15)       Eager Reclaim (ms):            skipped
[12,121s][debug][gc,phases      ] GC(15)       Merged Inline                  Min: 0, Avg:  0,0, Max: 0, Diff: 0, Sum: 0, Workers: 15
[12,121s][debug][gc,phases      ] GC(15)       Merged ArrayOfCards            Min: 0, Avg:  0,0, Max: 0, Diff: 0, Sum: 0, Workers: 15
[12,121s][debug][gc,phases      ] GC(15)       Merged Howl                    Min: 0, Avg:  0,0, Max: 0, Diff: 0, Sum: 0, Workers: 15
[12,121s][debug][gc,phases      ] GC(15)       Merged Full                    Min: 0, Avg:  0,0, Max: 0, Diff: 0, Sum: 0, Workers: 15
[12,121s][debug][gc,phases      ] GC(15)       Merged Howl Inline             Min: 0, Avg:  0,0, Max: 0, Diff: 0, Sum: 0, Workers: 15
[12,121s][debug][gc,phases      ] GC(15)       Merged Howl ArrayOfCards       Min: 0, Avg:  0,0, Max: 0, Diff: 0, Sum: 0, Workers: 15
[12,121s][debug][gc,phases      ] GC(15)       Merged Howl BitMap             Min: 0, Avg:  0,0, Max: 0, Diff: 0, Sum: 0, Workers: 15
[12,121s][debug][gc,phases      ] GC(15)       Merged Howl Full               Min: 0, Avg:  0,0, Max: 0, Diff: 0, Sum: 0, Workers: 15
[12,121s][debug][gc,phases      ] GC(15)       Merged Cards                   Min: 8, Avg:  8,0, Max: 8, Diff: 0, Sum: 120, Workers: 15
[12,121s][debug][gc,phases      ] GC(15)     Log Buffers (ms):              Min: 0,00, Avg: 0,03, Max: 0,04, Diff: 0,04, Sum: 0,49, Workers: 15
[12,121s][debug][gc,phases      ] GC(15)       Dirty Cards:                   Min: 0, Avg: 253,7, Max: 581, Diff: 581, Sum: 3806, Workers: 15
[12,121s][debug][gc,phases      ] GC(15)       Skipped Cards:                 Min: 0, Avg:  0,0, Max: 0, Diff: 0, Sum: 0, Workers: 15
[12,121s][info ][gc,phases      ] GC(15)   Evacuate Collection Set: 23,59ms
[12,121s][debug][gc,phases      ] GC(15)     Ext Root Scanning (ms):        Min: 0,00, Avg: 0,05, Max: 0,18, Diff: 0,18, Sum: 0,75, Workers: 15
[12,121s][debug][gc,phases      ] GC(15)     Scan Heap Roots (ms):          Min: 0,02, Avg: 0,26, Max: 0,41, Diff: 0,39, Sum: 3,88, Workers: 15
[12,121s][debug][gc,phases      ] GC(15)       Scanned Cards:                 Min: 11, Avg: 247,3, Max: 394, Diff: 383, Sum: 3709, Workers: 15
[12,121s][debug][gc,phases      ] GC(15)       Scanned Blocks:                Min: 10, Avg: 175,5, Max: 280, Diff: 270, Sum: 2632, Workers: 15
[12,121s][debug][gc,phases      ] GC(15)       Claimed Chunks:                Min: 9, Avg: 172,1, Max: 278, Diff: 269, Sum: 2582, Workers: 15
[12,121s][debug][gc,phases      ] GC(15)       Found Roots:                   Min: 28, Avg: 710,9, Max: 1591, Diff: 1563, Sum: 10663, Workers: 15
[12,121s][debug][gc,phases      ] GC(15)     Code Root Scan (ms):           Min: 0,01, Avg: 0,01, Max: 0,03, Diff: 0,01, Sum: 0,20, Workers: 15
[12,121s][debug][gc,phases      ] GC(15)       Scanned Nmethods               Min: 0, Avg:  0,2, Max: 3, Diff: 3, Sum: 3, Workers: 15
[12,121s][debug][gc,phases      ] GC(15)     Object Copy (ms):              Min: 22,94, Avg: 23,09, Max: 23,34, Diff: 0,40, Sum: 346,35, Workers: 15
[12,121s][debug][gc,phases      ] GC(15)     Termination (ms):              Min: 0,04, Avg: 0,05, Max: 0,07, Diff: 0,03, Sum: 0,82, Workers: 15
[12,121s][debug][gc,phases      ] GC(15)       Termination Attempts:          Min: 1, Avg:  1,0, Max: 1, Diff: 0, Sum: 15, Workers: 15
[12,121s][debug][gc,phases      ] GC(15)     GC Worker Other (ms):          Min: 0,02, Avg: 0,03, Max: 0,06, Diff: 0,03, Sum: 0,42, Workers: 15
[12,121s][debug][gc,phases      ] GC(15)     GC Worker Total (ms):          Min: 23,45, Avg: 23,50, Max: 23,56, Diff: 0,11, Sum: 352,43, Workers: 15
[12,121s][info ][gc,phases      ] GC(15)   Post Evacuate Collection Set: 1,13ms
[12,121s][debug][gc,phases      ] GC(15)     NMethod List Cleanup: 0,02ms
[12,121s][debug][gc,phases      ] GC(15)     Reference Processing: 0,61ms
[12,121s][debug][gc,phases,ref  ] GC(15)       Notify Soft/WeakReferences: 0,2ms
[12,121s][debug][gc,phases,ref  ] GC(15)         Balance queues: 0,0ms
[12,121s][debug][gc,phases,ref  ] GC(15)         SoftRef (ms):                  Min: 0,00, Avg: 0,00, Max: 0,00, Diff: 0,00, Sum: 0,00, Workers: 2
[12,121s][debug][gc,phases,ref  ] GC(15)         WeakRef (ms):                  Min: 0,00, Avg: 0,00, Max: 0,00, Diff: 0,00, Sum: 0,00, Workers: 2
[12,121s][debug][gc,phases,ref  ] GC(15)         FinalRef (ms):                 Min: 0,05, Avg: 0,07, Max: 0,09, Diff: 0,04, Sum: 0,14, Workers: 2
[12,121s][debug][gc,phases,ref  ] GC(15)         Total (ms):                    Min: 0,05, Avg: 0,08, Max: 0,10, Diff: 0,04, Sum: 0,15, Workers: 2
[12,121s][debug][gc,phases,ref  ] GC(15)       Notify and keep alive finalizable: 0,4ms
[12,122s][debug][gc,phases,ref  ] GC(15)         Balance queues: 0,0ms
[12,122s][debug][gc,phases,ref  ] GC(15)         FinalRef (ms):                 Min: 0,19, Avg: 0,21, Max: 0,26, Diff: 0,08, Sum: 3,21, Workers: 15
[12,122s][debug][gc,phases,ref  ] GC(15)       Notify PhantomReferences: 0,0ms
[12,122s][debug][gc,phases,ref  ] GC(15)         PhantomRef (ms):               skipped
[12,122s][debug][gc,phases,ref  ] GC(15)       SoftReference Discovered: 0, Dropped: 0, Processed: 0
[12,122s][debug][gc,phases,ref  ] GC(15)       WeakReference Discovered: 0, Dropped: 0, Processed: 0
[12,122s][debug][gc,phases,ref  ] GC(15)       FinalReference Discovered: 1018, Dropped: 6, Processed: 1012
[12,122s][debug][gc,phases,ref  ] GC(15)       PhantomReference Discovered: 0, Dropped: 0, Processed: 0
[12,122s][debug][gc,phases      ] GC(15)     Weak Processing: 0,10ms
[12,122s][debug][gc,phases      ] GC(15)       VM Weak                        Min: 0,00, Avg: 0,00, Max: 0,00, Diff: 0,00, Sum: 0,01, Workers: 15
[12,122s][debug][gc,phases      ] GC(15)         Dead                           Min: 0, Avg:  0,0, Max: 0, Diff: 0, Sum: 0, Workers: 15
[12,122s][debug][gc,phases      ] GC(15)         Total                          Min: 0, Avg: 11,0, Max: 101, Diff: 101, Sum: 165, Workers: 15
[12,122s][debug][gc,phases      ] GC(15)       ObjectSynchronizer Weak        Min: 0,00, Avg: 0,00, Max: 0,00, Diff: 0,00, Sum: 0,00, Workers: 15
[12,122s][debug][gc,phases      ] GC(15)         Dead                           Min: 0, Avg:  0,0, Max: 0, Diff: 0, Sum: 0, Workers: 15
[12,122s][debug][gc,phases      ] GC(15)         Total                          Min: 0, Avg:  2,2, Max: 33, Diff: 33, Sum: 33, Workers: 15
[12,122s][debug][gc,phases      ] GC(15)       JVMTI Tag Weak OopStorage      Min: 0,00, Avg: 0,00, Max: 0,00, Diff: 0,00, Sum: 0,00, Workers: 15
[12,122s][debug][gc,phases      ] GC(15)         Dead                           Min: 0, Avg:  0,0, Max: 0, Diff: 0, Sum: 0, Workers: 15
[12,122s][debug][gc,phases      ] GC(15)         Total                          Min: 0, Avg:  0,0, Max: 0, Diff: 0, Sum: 0, Workers: 15
[12,122s][debug][gc,phases      ] GC(15)       StringTable Weak               Min: 0,00, Avg: 0,01, Max: 0,03, Diff: 0,03, Sum: 0,09, Workers: 15
[12,122s][debug][gc,phases      ] GC(15)         Dead                           Min: 0, Avg:  0,0, Max: 0, Diff: 0, Sum: 0, Workers: 15
[12,122s][debug][gc,phases      ] GC(15)         Total                          Min: 0, Avg: 564,3, Max: 3264, Diff: 3264, Sum: 8464, Workers: 15
[12,122s][debug][gc,phases      ] GC(15)       ResolvedMethodTable Weak       Min: 0,00, Avg: 0,00, Max: 0,01, Diff: 0,01, Sum: 0,02, Workers: 15
[12,122s][debug][gc,phases      ] GC(15)         Dead                           Min: 0, Avg:  0,0, Max: 0, Diff: 0, Sum: 0, Workers: 15
[12,122s][debug][gc,phases      ] GC(15)         Total                          Min: 0, Avg: 113,1, Max: 678, Diff: 678, Sum: 1697, Workers: 15
[12,122s][debug][gc,phases      ] GC(15)       JNI Weak                       Min: 0,00, Avg: 0,00, Max: 0,00, Diff: 0,00, Sum: 0,01, Workers: 15
[12,122s][debug][gc,phases      ] GC(15)         Dead                           Min: 0, Avg:  0,0, Max: 0, Diff: 0, Sum: 0, Workers: 15
[12,122s][debug][gc,phases      ] GC(15)         Total                          Min: 0, Avg:  0,0, Max: 0, Diff: 0, Sum: 0, Workers: 15
[12,122s][debug][gc,phases      ] GC(15)       StringDedup Table Weak         Min: 0,00, Avg: 0,01, Max: 0,03, Diff: 0,03, Sum: 0,13, Workers: 15
[12,122s][debug][gc,phases      ] GC(15)         Dead                           Min: 0, Avg:  0,0, Max: 0, Diff: 0, Sum: 0, Workers: 15
[12,122s][debug][gc,phases      ] GC(15)         Total                          Min: 0, Avg: 873,0, Max: 4864, Diff: 4864, Sum: 13095, Workers: 15
[12,122s][debug][gc,phases      ] GC(15)       StringDedup Requests0 Weak     Min: 0,00, Avg: 0,00, Max: 0,00, Diff: 0,00, Sum: 0,04, Workers: 15
[12,122s][debug][gc,phases      ] GC(15)         Dead                           Min: 0, Avg:  0,0, Max: 0, Diff: 0, Sum: 0, Workers: 15
[12,122s][debug][gc,phases      ] GC(15)         Total                          Min: 0, Avg: 29,9, Max: 64, Diff: 64, Sum: 448, Workers: 15
[12,122s][debug][gc,phases      ] GC(15)       StringDedup Requests1 Weak     Min: 0,00, Avg: 0,00, Max: 0,00, Diff: 0,00, Sum: 0,01, Workers: 15
[12,122s][debug][gc,phases      ] GC(15)         Dead                           Min: 0, Avg:  0,0, Max: 0, Diff: 0, Sum: 0, Workers: 15
[12,122s][debug][gc,phases      ] GC(15)         Total                          Min: 0, Avg:  0,0, Max: 0, Diff: 0, Sum: 0, Workers: 15
[12,122s][debug][gc,phases      ] GC(15)       Weak JFR Old Object Samples    Min: 0,00, Avg: 0,00, Max: 0,00, Diff: 0,00, Sum: 0,01, Workers: 15
[12,122s][debug][gc,phases      ] GC(15)         Dead                           Min: 0, Avg:  0,0, Max: 0, Diff: 0, Sum: 0, Workers: 15
[12,122s][debug][gc,phases      ] GC(15)         Total                          Min: 0, Avg:  0,0, Max: 0, Diff: 0, Sum: 0, Workers: 15
[12,122s][debug][gc,phases      ] GC(15)     Post Evacuate Cleanup 1: 0,17ms
[12,122s][debug][gc,phases      ] GC(15)       Merge Per-Thread State (ms):   Min: 0,04, Avg: 0,04, Max: 0,04, Diff: 0,00, Sum: 0,04, Workers: 1
[12,122s][debug][gc,phases      ] GC(15)         Copied Bytes                   Min: 13427752, Avg: 18116104,0, Max: 22383536, Diff: 8955784, Sum: 271741560, Workers: 15
[12,122s][debug][gc,phases      ] GC(15)         LAB Waste                      Min: 296, Avg: 3540,3, Max: 10176, Diff: 9880, Sum: 53104, Workers: 15
[12,122s][debug][gc,phases      ] GC(15)         LAB Undo Waste                 Min: 0, Avg:  0,0, Max: 0, Diff: 0, Sum: 0, Workers: 15
[12,122s][debug][gc,phases      ] GC(15)         Evac Fail Extra Cards          Min: 0, Avg:  0,5, Max: 1, Diff: 1, Sum: 7, Workers: 15
[12,122s][debug][gc,phases      ] GC(15)       Clear Logged Cards (ms):       Min: 0,00, Avg: 0,01, Max: 0,09, Diff: 0,09, Sum: 0,15, Workers: 15
[12,122s][debug][gc,phases      ] GC(15)       Recalculate Used Memory (ms):  Min: 0,02, Avg: 0,02, Max: 0,02, Diff: 0,00, Sum: 0,02, Workers: 1
[12,122s][debug][gc,phases      ] GC(15)       Restore Evacuation Failed Regions (ms): Min: 0,03, Avg: 0,05, Max: 0,08, Diff: 0,05, Sum: 0,71, Workers: 15
[12,122s][debug][gc,phases      ] GC(15)         Evacuation Failed Regions:     Min: 1, Avg:  2,0, Max: 3, Diff: 2, Sum: 4, Workers: 2
[12,122s][debug][gc,phases      ] GC(15)         Pinned Regions:                Min: 1, Avg:  1,3, Max: 2, Diff: 1, Sum: 4, Workers: 3
[12,122s][debug][gc,phases      ] GC(15)         Allocation Failed Regions:     skipped
[12,122s][debug][gc,phases      ] GC(15)         Remove Self Forwards (ms):     Min: 0,01, Avg: 0,02, Max: 0,05, Diff: 0,04, Sum: 0,35, Workers: 15
[12,122s][debug][gc,phases      ] GC(15)           Forward Chunks:                Min: 2, Avg:  4,1, Max: 10, Diff: 8, Sum: 61, Workers: 15
[12,122s][debug][gc,phases      ] GC(15)           Empty Forward Chunks:          Min: 15, Avg: 30,1, Max: 65, Diff: 50, Sum: 451, Workers: 15
[12,122s][debug][gc,phases      ] GC(15)           Forward Objects:               Min: 2, Avg:  4,1, Max: 11, Diff: 9, Sum: 62, Workers: 15
[12,122s][debug][gc,phases      ] GC(15)           Forward Bytes:                 Min: 96, Avg: 115102,4, Max: 288600, Diff: 288504, Sum: 1726536, Workers: 15
[12,122s][debug][gc,phases      ] GC(15)     Post Evacuate Cleanup 2: 0,11ms
[12,122s][debug][gc,phases      ] GC(15)       Recalculate Used Memory (ms):  Min: 0,02, Avg: 0,02, Max: 0,02, Diff: 0,00, Sum: 0,02, Workers: 1
[12,122s][debug][gc,phases      ] GC(15)       Restore Preserved Marks (ms):  Min: 0,00, Avg: 0,00, Max: 0,00, Diff: 0,00, Sum: 0,01, Workers: 15
[12,122s][debug][gc,phases      ] GC(15)       Process Evacuation Failed Regions (ms): Min: 0,00, Avg: 0,00, Max: 0,01, Diff: 0,01, Sum: 0,02, Workers: 15
[12,122s][debug][gc,phases      ] GC(15)       Update Derived Pointers (ms):  Min: 0,00, Avg: 0,00, Max: 0,00, Diff: 0,00, Sum: 0,00, Workers: 1
[12,122s][debug][gc,phases      ] GC(15)       Eagerly Reclaim Humongous Objects (ms): skipped
[12,122s][debug][gc,phases      ] GC(15)         Humongous Total                skipped
[12,122s][debug][gc,phases      ] GC(15)         Humongous Candidates           skipped
[12,122s][debug][gc,phases      ] GC(15)         Humongous Reclaimed            skipped
[12,122s][debug][gc,phases      ] GC(15)       Sample CSet Candidates (ms):   skipped
[12,122s][debug][gc,phases      ] GC(15)       Redirty Logged Cards (ms):     Min: 0,00, Avg: 0,00, Max: 0,01, Diff: 0,01, Sum: 0,03, Workers: 15
[12,122s][debug][gc,phases      ] GC(15)         Redirtied Cards:               Min: 0, Avg: 90,8, Max: 373, Diff: 373, Sum: 1362, Workers: 15
[12,122s][debug][gc,phases      ] GC(15)       Resize TLABs (ms):             Min: 0,00, Avg: 0,00, Max: 0,00, Diff: 0,00, Sum: 0,01, Workers: 15
[12,122s][debug][gc,phases      ] GC(15)       Free Collection Set (ms):      Min: 0,00, Avg: 0,02, Max: 0,05, Diff: 0,04, Sum: 0,29, Workers: 15
[12,122s][debug][gc,phases      ] GC(15)     Rebuild Free List: 0,04ms
[12,122s][debug][gc,phases      ] GC(15)     Prepare For Mutator: 0,08ms
[12,122s][debug][gc,phases      ] GC(15)     Expand Heap After Collection: 0,00ms
[12,122s][info ][gc,phases      ] GC(15)   Other: 0,27ms
[12,122s][debug][gc,remset      ] GC(15) Coarsening (recent): Inline->AoC 0 (0) AoC->Howl 0 (0) Howl->Full 0 (0) Inline->AoC 0 (0) AoC->BitMap 0 (0) BitMap->Full 0 (0) 
[12,122s][debug][gc,remset      ] GC(15) Coarsening (all): Inline->AoC 0 (0) AoC->Howl 0 (0) Howl->Full 0 (0) Inline->AoC 0 (0) AoC->BitMap 0 (0) BitMap->Full 0 (0) 
[12,122s][info ][gc,heap        ] GC(15) Eden regions: 177->0(213)
[12,122s][info ][gc,heap        ] GC(15) Survivor regions: 26->26(26)
[12,122s][info ][gc,heap        ] GC(15) Old regions: 398->444
[12,122s][info ][gc,heap        ] GC(15) Humongous regions: 0->0
[12,122s][info ][gc,metaspace   ] GC(15) Metaspace: 20669K(20992K)->20669K(20992K) NonClass: 18057K(18240K)->18057K(18240K) Class: 2611K(2752K)->2611K(2752K)
[12,122s][debug][gc,heap        ] GC(15) Heap after GC invocations=16 (full 0):
[12,122s][debug][gc,heap        ] GC(15)  garbage-first heap   total reserved 8388608K, committed 5246976K, used 1920033K [0x0000000600000000, 0x0000000800000000)
[12,122s][debug][gc,heap        ] GC(15)   region size 4096K, 26 young (106496K), 26 survivors (106496K)
[12,122s][debug][gc,heap        ] GC(15)  Metaspace       used 20669K, committed 20992K, reserved 1114112K
[12,122s][debug][gc,heap        ] GC(15)   class space    used 2611K, committed 2752K, reserved 1048576K
[12,122s][info ][gc             ] GC(15) Pause Young (Normal) (G1 Evacuation Pause) (Evacuation Failure: Pinned) 2399M->1875M(5124M) 27,140ms
[12,122s][info ][gc,cpu         ] GC(15) User=0,36s Sys=0,00s Real=0,02s
[12,123s][debug][gc,refine      ] Concurrent refinement: wanted 0, cards: 1362, predicted: 3418, time: 211,22ms
[12,123s][debug][gc,task        ] G1 Service Thread (Card Set Free Memory Task) (run: 1,704ms) (cpu: 0,076ms)
[12,181s][debug][gc,refine      ] Concurrent refinement: wanted 0, cards: 1618, predicted: 2454, time: 85,87ms
[12,231s][debug][gc,refine      ] Concurrent refinement: wanted 0, cards: 2386, predicted: 3188, time: 82,42ms
[12,281s][debug][gc,refine      ] Concurrent refinement: wanted 0, cards: 2898, predicted: 3657, time: 77,97ms
[12,331s][debug][gc,refine      ] Concurrent refinement: wanted 0, cards: 2898, predicted: 3642, time: 76,44ms
[12,382s][debug][gc,refine      ] Concurrent refinement: wanted 0, cards: 2898, predicted: 3604, time: 72,55ms
[12,397s][debug][gc,task,start  ] G1 Service Thread (Periodic GC Task) (run 0,342ms after schedule)
[12,397s][debug][gc,task        ] G1 Service Thread (Periodic GC Task) (run: 0,043ms) (cpu: 0,075ms)
[12,432s][debug][gc,refine      ] Concurrent refinement: wanted 0, cards: 2898, predicted: 3537, time: 65,64ms
[12,482s][debug][gc,refine      ] Concurrent refinement: wanted 0, cards: 2898, predicted: 3469, time: 58,73ms
[12,532s][debug][gc,refine      ] Concurrent refinement: wanted 0, cards: 2898, predicted: 3402, time: 51,82ms
[12,583s][debug][gc,refine      ] Concurrent refinement: wanted 0, cards: 2898, predicted: 2898, time: 44,42ms
[12,633s][debug][gc,refine      ] Concurrent refinement: wanted 0, cards: 2898, predicted: 2898, time: 37,51ms
[12,683s][debug][gc,refine      ] Concurrent refinement: wanted 0, cards: 2898, predicted: 2898, time: 30,60ms
[12,733s][debug][gc,refine      ] Concurrent refinement: wanted 0, cards: 2898, predicted: 2898, time: 23,19ms
[12,783s][debug][gc,refine      ] Concurrent refinement: wanted 0, cards: 2898, predicted: 2898, time: 16,29ms
[12,834s][debug][gc,refine      ] Concurrent refinement: wanted 0, cards: 2898, predicted: 2898, time: 8,88ms
[12,884s][debug][gc,refine      ] Concurrent refinement: wanted 0, cards: 2898, predicted: 2898, time: 1,97ms
[12,906s][info ][gc,start       ] GC(16) Pause Young (Normal) (G1 Evacuation Pause)
[12,906s][debug][gc,heap        ] GC(16) Heap before GC invocations=16 (full 0):
[12,906s][debug][gc,heap        ] GC(16)  garbage-first heap   total reserved 8388608K, committed 5246976K, used 2788385K [0x0000000600000000, 0x0000000800000000)
[12,906s][debug][gc,heap        ] GC(16)   region size 4096K, 239 young (978944K), 26 survivors (106496K)
[12,906s][debug][gc,heap        ] GC(16)  Metaspace       used 20684K, committed 21056K, reserved 1114112K
[12,906s][debug][gc,heap        ] GC(16)   class space    used 2611K, committed 2752K, reserved 1048576K
[12,906s][info ][gc,task        ] GC(16) Using 15 workers of 15 for evacuation
[12,906s][debug][gc,age         ] GC(16) Desired survivor size 62914560 bytes, new threshold 1 (max threshold 15)
[12,907s][debug][gc,tlab        ] GC(16) TLAB totals: thrds: 22  refills: 1129 max: 191 slow allocs: 720 max 80 waste:  0,5% gc: 2614824B max: 469816B slow: 1605704B max: 349160B
[12,907s][debug][gc,refine,stats] GC(16) Mutator refinement: 0,00ms, refined: 0, precleaned: 0, dirtied: 2896
[12,907s][debug][gc,refine,stats] GC(16) Concurrent refinement: 0,00ms, refined: 0, precleaned: 0, dirtied: 0
[12,907s][debug][gc,refine,stats] GC(16) Total refinement: 0,00ms, refined: 0, precleaned: 0, dirtied: 2896
[12,907s][debug][gc,refine,stats] GC(16) Generate dirty cards rate: 3,69 cards/ms
[12,907s][debug][gc,alloc,region] GC(16) Mutator Allocation stats, regions: 213, wasted size: 0B ( 0,0%)
[12,907s][debug][gc,ergo,cset   ] GC(16) Do not add marking candidates to collection set due to pause type.
[12,907s][debug][gc,ergo,cset   ] GC(16) Start adding retained candidates to collection set. Min 1 regions, available 4, time remaining 0,84ms, optional remaining 40,00ms
[12,907s][debug][gc,ergo,cset   ] GC(16) Retained candidates exhausted.
[12,907s][debug][gc,ergo,cset   ] GC(16) Added 1 retained candidates to collection set although the predicted time was too high.
[12,907s][debug][gc,ergo,cset   ] GC(16) Finish adding retained candidates to collection set. Initial: 4, optional: 0, pinned: 0, predicted initial time: 1,28ms, predicted optional time: 0,00ms, time remaining: 0,00ms optional time remaining 38,72ms
[12,907s][debug][gc,ergo        ] GC(16) Running G1 Merge Heap Roots using 15 workers for 243 regions
[12,907s][debug][gc,remset      ] GC(16) Visited cards 143168 Total dirty 868352 (16,49%) Total old 7585792 (1,89%)
[12,939s][debug][gc,ref         ] GC(16) ReferenceProcessor::execute queues: 2, RefProcThreadModel::Multi, marks_oops_alive: false
[12,939s][debug][gc,ref         ] GC(16) ReferenceProcessor::execute queues: 15, RefProcThreadModel::Multi, marks_oops_alive: true
[12,939s][debug][gc,ref         ] GC(16) ReferenceProcessor::execute queues: 1, RefProcThreadModel::Single, marks_oops_alive: false
[12,940s][debug][gc,ergo        ] GC(16) Running G1 Rebuild Free List Task using 15 workers for rebuilding free list of regions
[12,940s][debug][gc,plab        ] GC(16) Young PLAB allocation: allocated: 125829120B, wasted: 83400B, unused: 0B, used: 125745720B, undo waste: 0B, 
[12,940s][debug][gc,plab        ] GC(16) Young other allocation: region end waste: 0B, regions filled: 30, num plab filled: 127, direct allocated: 0B, num direct allocated: 0, failure used: 0B, failure wasted: 0B
[12,940s][debug][gc,plab        ] GC(16) Young sizing: calculated: 25149144B, actual: 24030696B
[12,940s][debug][gc,plab        ] GC(16) Old PLAB allocation: allocated: 241172480B, wasted: 23176B, unused: 16577264B, used: 224572040B, undo waste: 0B, 
[12,940s][debug][gc,plab        ] GC(16) Old other allocation: region end waste: 0B, regions filled: 58, num plab filled: 115, direct allocated: 0B, num direct allocated: 0, failure used: 0B, failure wasted: 0B
[12,940s][debug][gc,plab        ] GC(16) Old sizing: calculated: 44914408B, actual: 41906496B
[12,940s][debug][gc,ergo,heap   ] GC(16) Heap expansion: short term pause time ratio 5,99% long term pause time ratio 3,08% threshold 7,69% pause time ratio 7,69% fully expanded false resize by 0B
[12,940s][debug][gc,mmu         ] GC(16) MMU: 33,6ms (200,0ms/201,0ms)
[12,940s][debug][gc,alloc,stats ] Old generation allocation in the last mutator period, old gen allocated: 241172480B, humongous allocated: 0B, old gen growth: 241172480B.
[12,940s][debug][gc,ihop        ] GC(16) Basic information (value update), threshold: 2415919104B (45,00), target occupancy: 5368709120B, current occupancy: 2207286832B, recent allocation size: 241172480B, recent allocation duration: 785,52ms, recent old gen allocation rate: 307022108,38B/s, recent marking phase length: 0,00ms
[12,940s][debug][gc,task,start  ] G1 Service Thread (Card Set Free Memory Task) (run 0,075ms after schedule)
[12,940s][debug][gc,ihop        ] GC(16) Adaptive IHOP information (value update), threshold: 2415919104B (47,37), internal target occupancy: 5100273664B, occupancy: 2207286832B, additional buffer size: 1186988032B, predicted old gen allocation rate: 911816233,89B/s, predicted marking phase length: 0,00ms, prediction active: false
[12,940s][debug][gc,ergo,refine ] GC(16) GC refinement: goal: 414771 + 1218 / 20,00ms, actual: 4258 / 0,32ms, 
[12,940s][debug][gc,ergo,refine ] GC(16) New pending cards target: 339694
[12,940s][info ][gc,phases      ] GC(16)   Pre Evacuate Collection Set: 0,40ms
[12,940s][debug][gc,phases      ] GC(16)     Pre Evacuate Prepare: 0,15ms
[12,940s][debug][gc,phases      ] GC(16)       JT Retire TLABs And Flush Logs (ms): Min: 0,00, Avg: 0,02, Max: 0,03, Diff: 0,03, Sum: 0,03, Workers: 2
[12,940s][debug][gc,phases      ] GC(16)       Non-JT Flush Logs (ms):        Min: 0,01, Avg: 0,01, Max: 0,01, Diff: 0,00, Sum: 0,01, Workers: 1
[12,940s][debug][gc,phases      ] GC(16)     Choose Collection Set: 0,05ms
[12,940s][debug][gc,phases      ] GC(16)     Region Register: 0,19ms
[12,940s][debug][gc,phases      ] GC(16)     Prepare Heap Roots: 0,00ms
[12,940s][info ][gc,phases      ] GC(16)   Merge Heap Roots: 0,51ms
[12,940s][debug][gc,phases      ] GC(16)     Prepare Merge Heap Roots: 0,02ms
[12,940s][debug][gc,phases      ] GC(16)     Remembered Sets (ms):          Min: 0,03, Avg: 0,05, Max: 0,06, Diff: 0,03, Sum: 0,76, Workers: 15
[12,940s][debug][gc,phases      ] GC(16)       Eager Reclaim (ms):            skipped
[12,940s][debug][gc,phases      ] GC(16)       Merged Inline                  Min: 0, Avg:  0,0, Max: 0, Diff: 0, Sum: 0, Workers: 15
[12,940s][debug][gc,phases      ] GC(16)       Merged ArrayOfCards            Min: 0, Avg:  0,0, Max: 0, Diff: 0, Sum: 0, Workers: 15
[12,940s][debug][gc,phases      ] GC(16)       Merged Howl                    Min: 0, Avg:  0,0, Max: 0, Diff: 0, Sum: 0, Workers: 15
[12,940s][debug][gc,phases      ] GC(16)       Merged Full                    Min: 0, Avg:  0,0, Max: 0, Diff: 0, Sum: 0, Workers: 15
[12,940s][debug][gc,phases      ] GC(16)       Merged Howl Inline             Min: 0, Avg:  0,0, Max: 0, Diff: 0, Sum: 0, Workers: 15
[12,940s][debug][gc,phases      ] GC(16)       Merged Howl ArrayOfCards       Min: 0, Avg:  0,0, Max: 0, Diff: 0, Sum: 0, Workers: 15
[12,940s][debug][gc,phases      ] GC(16)       Merged Howl BitMap             Min: 0, Avg:  0,0, Max: 0, Diff: 0, Sum: 0, Workers: 15
[12,940s][debug][gc,phases      ] GC(16)       Merged Howl Full               Min: 0, Avg:  0,0, Max: 0, Diff: 0, Sum: 0, Workers: 15
[12,940s][debug][gc,phases      ] GC(16)       Merged Cards                   Min: 8, Avg:  8,0, Max: 8, Diff: 0, Sum: 120, Workers: 15
[12,940s][debug][gc,phases      ] GC(16)     Log Buffers (ms):              Min: 0,04, Avg: 0,04, Max: 0,05, Diff: 0,02, Sum: 0,67, Workers: 15
[12,940s][debug][gc,phases      ] GC(16)       Dirty Cards:                   Min: 135, Avg: 283,9, Max: 427, Diff: 292, Sum: 4258, Workers: 15
[12,940s][debug][gc,phases      ] GC(16)       Skipped Cards:                 Min: 0, Avg:  0,0, Max: 0, Diff: 0, Sum: 0, Workers: 15
[12,940s][info ][gc,phases      ] GC(16)   Evacuate Collection Set: 31,11ms
[12,940s][debug][gc,phases      ] GC(16)     Ext Root Scanning (ms):        Min: 0,01, Avg: 0,04, Max: 0,15, Diff: 0,14, Sum: 0,65, Workers: 15
[12,940s][debug][gc,phases      ] GC(16)     Scan Heap Roots (ms):          Min: 0,07, Avg: 0,28, Max: 0,50, Diff: 0,43, Sum: 4,14, Workers: 15
[12,940s][debug][gc,phases      ] GC(16)       Scanned Cards:                 Min: 62, Avg: 280,9, Max: 517, Diff: 455, Sum: 4214, Workers: 15
[12,940s][debug][gc,phases      ] GC(16)       Scanned Blocks:                Min: 49, Avg: 216,1, Max: 431, Diff: 382, Sum: 3242, Workers: 15
[12,940s][debug][gc,phases      ] GC(16)       Claimed Chunks:                Min: 34, Avg: 149,1, Max: 304, Diff: 270, Sum: 2237, Workers: 15
[12,940s][debug][gc,phases      ] GC(16)       Found Roots:                   Min: 130, Avg: 561,9, Max: 1372, Diff: 1242, Sum: 8429, Workers: 15
[12,940s][debug][gc,phases      ] GC(16)     Code Root Scan (ms):           Min: 0,01, Avg: 0,01, Max: 0,02, Diff: 0,01, Sum: 0,22, Workers: 15
[12,940s][debug][gc,phases      ] GC(16)       Scanned Nmethods               Min: 0, Avg:  0,0, Max: 0, Diff: 0, Sum: 0, Workers: 15
[12,940s][debug][gc,phases      ] GC(16)     Object Copy (ms):              Min: 30,27, Avg: 30,48, Max: 30,69, Diff: 0,42, Sum: 457,20, Workers: 15
[12,940s][debug][gc,phases      ] GC(16)     Termination (ms):              Min: 0,05, Avg: 0,09, Max: 0,13, Diff: 0,08, Sum: 1,29, Workers: 15
[12,940s][debug][gc,phases      ] GC(16)       Termination Attempts:          Min: 1, Avg:  1,0, Max: 1, Diff: 0, Sum: 15, Workers: 15
[12,940s][debug][gc,phases      ] GC(16)     GC Worker Other (ms):          Min: 0,03, Avg: 0,03, Max: 0,05, Diff: 0,02, Sum: 0,46, Workers: 15
[12,941s][debug][gc,phases      ] GC(16)     GC Worker Total (ms):          Min: 30,89, Avg: 30,93, Max: 30,99, Diff: 0,10, Sum: 463,97, Workers: 15
[12,941s][info ][gc,phases      ] GC(16)   Post Evacuate Collection Set: 1,43ms
[12,941s][debug][gc,phases      ] GC(16)     NMethod List Cleanup: 0,01ms
[12,941s][debug][gc,phases      ] GC(16)     Reference Processing: 0,89ms
[12,941s][debug][gc,phases,ref  ] GC(16)       Notify Soft/WeakReferences: 0,3ms
[12,941s][debug][gc,phases,ref  ] GC(16)         Balance queues: 0,0ms
[12,941s][debug][gc,phases,ref  ] GC(16)         SoftRef (ms):                  Min: 0,00, Avg: 0,00, Max: 0,00, Diff: 0,00, Sum: 0,00, Workers: 2
[12,941s][debug][gc,phases,ref  ] GC(16)         WeakRef (ms):                  Min: 0,00, Avg: 0,00, Max: 0,00, Diff: 0,00, Sum: 0,00, Workers: 2
[12,941s][debug][gc,phases,ref  ] GC(16)         FinalRef (ms):                 Min: 0,08, Avg: 0,08, Max: 0,09, Diff: 0,00, Sum: 0,17, Workers: 2
[12,941s][debug][gc,phases,ref  ] GC(16)         Total (ms):                    Min: 0,09, Avg: 0,09, Max: 0,09, Diff: 0,00, Sum: 0,18, Workers: 2
[12,941s][debug][gc,phases,ref  ] GC(16)       Notify and keep alive finalizable: 0,5ms
[12,941s][debug][gc,phases,ref  ] GC(16)         Balance queues: 0,0ms
[12,941s][debug][gc,phases,ref  ] GC(16)         FinalRef (ms):                 Min: 0,09, Avg: 0,16, Max: 0,25, Diff: 0,15, Sum: 2,44, Workers: 15
[12,941s][debug][gc,phases,ref  ] GC(16)       Notify PhantomReferences: 0,1ms
[12,941s][debug][gc,phases,ref  ] GC(16)         PhantomRef (ms):               Min: 0,01, Avg: 0,01, Max: 0,01, Diff: 0,00, Sum: 0,01, Workers: 1
[12,941s][debug][gc,phases,ref  ] GC(16)       SoftReference Discovered: 0, Dropped: 0, Processed: 0
[12,941s][debug][gc,phases,ref  ] GC(16)       WeakReference Discovered: 0, Dropped: 0, Processed: 0
[12,941s][debug][gc,phases,ref  ] GC(16)       FinalReference Discovered: 1080, Dropped: 0, Processed: 1080
[12,941s][debug][gc,phases,ref  ] GC(16)       PhantomReference Discovered: 42, Dropped: 3, Processed: 39
[12,941s][debug][gc,phases      ] GC(16)     Weak Processing: 0,14ms
[12,941s][debug][gc,phases      ] GC(16)       VM Weak                        Min: 0,00, Avg: 0,00, Max: 0,00, Diff: 0,00, Sum: 0,01, Workers: 15
[12,941s][debug][gc,phases      ] GC(16)         Dead                           Min: 0, Avg:  0,0, Max: 0, Diff: 0, Sum: 0, Workers: 15
[12,941s][debug][gc,phases      ] GC(16)         Total                          Min: 0, Avg: 11,0, Max: 165, Diff: 165, Sum: 165, Workers: 15
[12,941s][debug][gc,phases      ] GC(16)       ObjectSynchronizer Weak        Min: 0,00, Avg: 0,00, Max: 0,00, Diff: 0,00, Sum: 0,00, Workers: 15
[12,941s][debug][gc,phases      ] GC(16)         Dead                           Min: 0, Avg:  0,0, Max: 0, Diff: 0, Sum: 0, Workers: 15
[12,941s][debug][gc,phases      ] GC(16)         Total                          Min: 0, Avg:  2,2, Max: 33, Diff: 33, Sum: 33, Workers: 15
[12,941s][debug][gc,phases      ] GC(16)       JVMTI Tag Weak OopStorage      Min: 0,00, Avg: 0,00, Max: 0,00, Diff: 0,00, Sum: 0,00, Workers: 15
[12,941s][debug][gc,phases      ] GC(16)         Dead                           Min: 0, Avg:  0,0, Max: 0, Diff: 0, Sum: 0, Workers: 15
[12,941s][debug][gc,phases      ] GC(16)         Total                          Min: 0, Avg:  0,0, Max: 0, Diff: 0, Sum: 0, Workers: 15
[12,941s][debug][gc,phases      ] GC(16)       StringTable Weak               Min: 0,00, Avg: 0,01, Max: 0,06, Diff: 0,06, Sum: 0,08, Workers: 15
[12,941s][debug][gc,phases      ] GC(16)         Dead                           Min: 0, Avg:  0,0, Max: 0, Diff: 0, Sum: 0, Workers: 15
[12,941s][debug][gc,phases      ] GC(16)         Total                          Min: 0, Avg: 564,3, Max: 7680, Diff: 7680, Sum: 8465, Workers: 15
[12,941s][debug][gc,phases      ] GC(16)       ResolvedMethodTable Weak       Min: 0,00, Avg: 0,00, Max: 0,01, Diff: 0,01, Sum: 0,02, Workers: 15
[12,941s][debug][gc,phases      ] GC(16)         Dead                           Min: 0, Avg:  0,0, Max: 0, Diff: 0, Sum: 0, Workers: 15
[12,941s][debug][gc,phases      ] GC(16)         Total                          Min: 0, Avg: 113,1, Max: 955, Diff: 955, Sum: 1697, Workers: 15
[12,941s][debug][gc,phases      ] GC(16)       JNI Weak                       Min: 0,00, Avg: 0,00, Max: 0,00, Diff: 0,00, Sum: 0,01, Workers: 15
[12,941s][debug][gc,phases      ] GC(16)         Dead                           Min: 0, Avg:  0,0, Max: 0, Diff: 0, Sum: 0, Workers: 15
[12,941s][debug][gc,phases      ] GC(16)         Total                          Min: 0, Avg:  0,0, Max: 0, Diff: 0, Sum: 0, Workers: 15
[12,941s][debug][gc,phases      ] GC(16)       StringDedup Table Weak         Min: 0,00, Avg: 0,01, Max: 0,03, Diff: 0,03, Sum: 0,14, Workers: 15
[12,941s][debug][gc,phases      ] GC(16)         Dead                           Min: 0, Avg:  0,0, Max: 0, Diff: 0, Sum: 0, Workers: 15
[12,941s][debug][gc,phases      ] GC(16)         Total                          Min: 0, Avg: 873,1, Max: 3520, Diff: 3520, Sum: 13097, Workers: 15
[12,941s][debug][gc,phases      ] GC(16)       StringDedup Requests0 Weak     Min: 0,00, Avg: 0,00, Max: 0,00, Diff: 0,00, Sum: 0,02, Workers: 15
[12,941s][debug][gc,phases      ] GC(16)         Dead                           Min: 0, Avg:  0,0, Max: 0, Diff: 0, Sum: 0, Workers: 15
[12,941s][debug][gc,phases      ] GC(16)         Total                          Min: 0, Avg:  0,0, Max: 0, Diff: 0, Sum: 0, Workers: 15
[12,941s][debug][gc,phases      ] GC(16)       StringDedup Requests1 Weak     Min: 0,00, Avg: 0,00, Max: 0,00, Diff: 0,00, Sum: 0,01, Workers: 15
[12,941s][debug][gc,phases      ] GC(16)         Dead                           Min: 0, Avg:  0,0, Max: 0, Diff: 0, Sum: 0, Workers: 15
[12,941s][debug][gc,phases      ] GC(16)         Total                          Min: 0, Avg:  4,3, Max: 64, Diff: 64, Sum: 64, Workers: 15
[12,941s][debug][gc,phases      ] GC(16)       Weak JFR Old Object Samples    Min: 0,00, Avg: 0,00, Max: 0,00, Diff: 0,00, Sum: 0,01, Workers: 15
[12,941s][debug][gc,phases      ] GC(16)         Dead                           Min: 0, Avg:  0,0, Max: 0, Diff: 0, Sum: 0, Workers: 15
[12,941s][debug][gc,phases      ] GC(16)         Total                          Min: 0, Avg:  0,0, Max: 0, Diff: 0, Sum: 0, Workers: 15
[12,941s][debug][gc,phases      ] GC(16)     Post Evacuate Cleanup 1: 0,15ms
[12,941s][debug][gc,phases      ] GC(16)       Merge Per-Thread State (ms):   Min: 0,04, Avg: 0,04, Max: 0,04, Diff: 0,00, Sum: 0,04, Workers: 1
[12,941s][debug][gc,phases      ] GC(16)         Copied Bytes                   Min: 18404192, Avg: 23354517,3, Max: 28039632, Diff: 9635440, Sum: 350317760, Workers: 15
[12,941s][debug][gc,phases      ] GC(16)         LAB Waste                      Min: 376, Avg: 7105,1, Max: 44272, Diff: 43896, Sum: 106576, Workers: 15
[12,941s][debug][gc,phases      ] GC(16)         LAB Undo Waste                 Min: 0, Avg:  0,0, Max: 0, Diff: 0, Sum: 0, Workers: 15
[12,941s][debug][gc,phases      ] GC(16)         Evac Fail Extra Cards          Min: 0, Avg:  0,0, Max: 0, Diff: 0, Sum: 0, Workers: 15
[12,941s][debug][gc,phases      ] GC(16)       Clear Logged Cards (ms):       Min: 0,00, Avg: 0,06, Max: 0,13, Diff: 0,13, Sum: 0,24, Workers: 4
[12,941s][debug][gc,phases      ] GC(16)       Recalculate Used Memory (ms):  Min: 0,00, Avg: 0,00, Max: 0,00, Diff: 0,00, Sum: 0,00, Workers: 1
[12,941s][debug][gc,phases      ] GC(16)     Post Evacuate Cleanup 2: 0,13ms
[12,941s][debug][gc,phases      ] GC(16)       Update Derived Pointers (ms):  Min: 0,00, Avg: 0,00, Max: 0,00, Diff: 0,00, Sum: 0,00, Workers: 1
[12,941s][debug][gc,phases      ] GC(16)       Eagerly Reclaim Humongous Objects (ms): skipped
[12,941s][debug][gc,phases      ] GC(16)         Humongous Total                skipped
[12,941s][debug][gc,phases      ] GC(16)         Humongous Candidates           skipped
[12,941s][debug][gc,phases      ] GC(16)         Humongous Reclaimed            skipped
[12,941s][debug][gc,phases      ] GC(16)       Redirty Logged Cards (ms):     Min: 0,00, Avg: 0,00, Max: 0,01, Diff: 0,01, Sum: 0,06, Workers: 15
[12,941s][debug][gc,phases      ] GC(16)         Redirtied Cards:               Min: 0, Avg: 182,7, Max: 721, Diff: 721, Sum: 2741, Workers: 15
[12,941s][debug][gc,phases      ] GC(16)       Resize TLABs (ms):             Min: 0,00, Avg: 0,00, Max: 0,01, Diff: 0,01, Sum: 0,01, Workers: 15
[12,941s][debug][gc,phases      ] GC(16)       Free Collection Set (ms):      Min: 0,01, Avg: 0,04, Max: 0,07, Diff: 0,07, Sum: 0,64, Workers: 15
[12,941s][debug][gc,phases      ] GC(16)     Rebuild Free List: 0,04ms
[12,941s][debug][gc,phases      ] GC(16)     Prepare For Mutator: 0,08ms
[12,941s][debug][gc,phases      ] GC(16)     Expand Heap After Collection: 0,00ms
[12,941s][info ][gc,phases      ] GC(16)   Other: 0,32ms
[12,941s][debug][gc,remset      ] GC(16) Coarsening (recent): Inline->AoC 0 (0) AoC->Howl 0 (0) Howl->Full 0 (0) Inline->AoC 0 (0) AoC->BitMap 0 (0) BitMap->Full 0 (0) 
[12,941s][debug][gc,remset      ] GC(16) Coarsening (all): Inline->AoC 0 (0) AoC->Howl 0 (0) Howl->Full 0 (0) Inline->AoC 0 (0) AoC->BitMap 0 (0) BitMap->Full 0 (0) 
[12,941s][info ][gc,heap        ] GC(16) Eden regions: 213->0(253)
[12,941s][info ][gc,heap        ] GC(16) Survivor regions: 26->30(30)
[12,941s][info ][gc,heap        ] GC(16) Old regions: 444->497
[12,941s][info ][gc,heap        ] GC(16) Humongous regions: 0->0
[12,941s][info ][gc,metaspace   ] GC(16) Metaspace: 20684K(21056K)->20684K(21056K) NonClass: 18073K(18304K)->18073K(18304K) Class: 2611K(2752K)->2611K(2752K)
[12,941s][debug][gc,heap        ] GC(16) Heap after GC invocations=17 (full 0):
[12,941s][debug][gc,heap        ] GC(16)  garbage-first heap   total reserved 8388608K, committed 5246976K, used 2155553K [0x0000000600000000, 0x0000000800000000)
[12,941s][debug][gc,heap        ] GC(16)   region size 4096K, 30 young (122880K), 30 survivors (122880K)
[12,941s][debug][gc,heap        ] GC(16)  Metaspace       used 20684K, committed 21056K, reserved 1114112K
[12,941s][debug][gc,heap        ] GC(16)   class space    used 2611K, committed 2752K, reserved 1048576K
[12,941s][info ][gc             ] GC(16) Pause Young (Normal) (G1 Evacuation Pause) 2727M->2105M(5124M) 35,070ms
[12,941s][info ][gc,cpu         ] GC(16) User=0,47s Sys=0,00s Real=0,03s
[12,942s][debug][gc,refine      ] Concurrent refinement: wanted 0, cards: 2741, predicted: 5267, time: 297,34ms
[12,942s][debug][gc,task        ] G1 Service Thread (Card Set Free Memory Task) (run: 1,500ms) (cpu: 0,096ms)
[13,010s][debug][gc,refine      ] Concurrent refinement: wanted 0, cards: 2741, predicted: 5173, time: 286,20ms
[13,077s][debug][gc,refine      ] Concurrent refinement: wanted 0, cards: 2741, predicted: 5078, time: 275,06ms
[13,143s][debug][gc,refine      ] Concurrent refinement: wanted 0, cards: 2741, predicted: 4983, time: 263,91ms
[13,207s][debug][gc,refine      ] Concurrent refinement: wanted 0, cards: 2741, predicted: 4889, time: 252,77ms
[13,271s][debug][gc,refine      ] Concurrent refinement: wanted 0, cards: 2741, predicted: 4799, time: 242,21ms
[13,333s][debug][gc,refine      ] Concurrent refinement: wanted 0, cards: 2741, predicted: 4709, time: 231,66ms
[13,393s][debug][gc,refine      ] Concurrent refinement: wanted 0, cards: 2741, predicted: 4624, time: 221,69ms
[13,398s][debug][gc,task,start  ] G1 Service Thread (Periodic GC Task) (run 1,063ms after schedule)
[13,398s][debug][gc,task        ] G1 Service Thread (Periodic GC Task) (run: 0,049ms) (cpu: 0,073ms)
[13,452s][debug][gc,refine      ] Concurrent refinement: wanted 0, cards: 2741, predicted: 3877, time: 133,72ms
[13,479s][info ][gc,start       ] GC(17) Pause Young (Normal) (G1 Evacuation Pause)
[13,479s][debug][gc,heap        ] GC(17) Heap before GC invocations=17 (full 0):
[13,479s][debug][gc,heap        ] GC(17)  garbage-first heap   total reserved 8388608K, committed 5246976K, used 3191841K [0x0000000600000000, 0x0000000800000000)
[13,479s][debug][gc,heap        ] GC(17)   region size 4096K, 284 young (1163264K), 30 survivors (122880K)
[13,479s][debug][gc,heap        ] GC(17)  Metaspace       used 20684K, committed 21056K, reserved 1114112K
[13,479s][debug][gc,heap        ] GC(17)   class space    used 2611K, committed 2752K, reserved 1048576K
[13,479s][info ][gc,task        ] GC(17) Using 15 workers of 15 for evacuation
[13,479s][debug][gc,age         ] GC(17) Desired survivor size 75497472 bytes, new threshold 1 (max threshold 15)
[13,480s][debug][gc,tlab        ] GC(17) TLAB totals: thrds: 20  refills: 1403 max: 165 slow allocs: 1028 max 90 waste:  0,6% gc: 4709176B max: 819352B slow: 1849944B max: 285936B
[13,480s][debug][gc,refine,stats] GC(17) Mutator refinement: 0,00ms, refined: 0, precleaned: 0, dirtied: 525
[13,480s][debug][gc,refine,stats] GC(17) Concurrent refinement: 0,00ms, refined: 0, precleaned: 0, dirtied: 0
[13,480s][debug][gc,refine,stats] GC(17) Total refinement: 0,00ms, refined: 0, precleaned: 0, dirtied: 525
[13,480s][debug][gc,refine,stats] GC(17) Generate dirty cards rate: 0,97 cards/ms
[13,480s][debug][gc,alloc,region] GC(17) Mutator Allocation stats, regions: 254, wasted size: 2448B ( 0,0%)
[13,480s][debug][gc,ergo,cset   ] GC(17) No candidates to reclaim.
[13,480s][debug][gc,ergo        ] GC(17) Running G1 Merge Heap Roots using 15 workers for 284 regions
[13,480s][debug][gc,remset      ] GC(17) Visited cards 158144 Total dirty 1269760 (12,45%) Total old 8724480 (1,81%)
[13,512s][debug][gc,ref         ] GC(17) ReferenceProcessor::execute queues: 2, RefProcThreadModel::Multi, marks_oops_alive: false
[13,512s][debug][gc,ref         ] GC(17) ReferenceProcessor::execute queues: 15, RefProcThreadModel::Multi, marks_oops_alive: true
[13,512s][debug][gc,ref         ] GC(17) Skipped PhantomRefsPhase of Reference Processing: no references
[13,512s][debug][gc,ergo        ] GC(17) Initializing removing self forwards with 128 chunks per region
[13,513s][debug][gc,ergo        ] GC(17) Running G1 Rebuild Free List Task using 15 workers for rebuilding free list of regions
[13,513s][debug][gc,plab        ] GC(17) Young PLAB allocation: allocated: 150994944B, wasted: 22264B, unused: 0B, used: 150972680B, undo waste: 0B, 
[13,513s][debug][gc,plab        ] GC(17) Young other allocation: region end waste: 0B, regions filled: 36, num plab filled: 122, direct allocated: 0B, num direct allocated: 0, failure used: 0B, failure wasted: 0B
[13,513s][debug][gc,plab        ] GC(17) Young sizing: calculated: 30194536B, actual: 28653568B
[13,513s][debug][gc,plab        ] GC(17) Old PLAB allocation: allocated: 207618048B, wasted: 12864B, unused: 15598864B, used: 192006320B, undo waste: 0B, 
[13,513s][debug][gc,plab        ] GC(17) Old other allocation: region end waste: 0B, regions filled: 50, num plab filled: 99, direct allocated: 0B, num direct allocated: 0, failure used: 1812528B, failure wasted: 10770384B
[13,513s][debug][gc,plab        ] GC(17) Old sizing: calculated: 38401264B, actual: 39277568B
[13,513s][debug][gc,ergo,heap   ] GC(17) Heap expansion: short term pause time ratio 4,10% long term pause time ratio 3,24% threshold 7,69% pause time ratio 7,69% fully expanded false resize by 0B
[13,513s][debug][gc,mmu         ] GC(17) MMU: 33,9ms (200,0ms/201,0ms)
[13,513s][debug][gc,alloc,stats ] Old generation allocation in the last mutator period, old gen allocated: 220200960B, humongous allocated: 0B, old gen growth: 220200960B.
[13,513s][debug][gc,task,start  ] G1 Service Thread (Card Set Free Memory Task) (run 0,049ms after schedule)
[13,513s][debug][gc,ihop        ] GC(17) Basic information (value update), threshold: 2415919104B (45,00), target occupancy: 5368709120B, current occupancy: 2452653616B, recent allocation size: 220200960B, recent allocation duration: 539,44ms, recent old gen allocation rate: 408201925,87B/s, recent marking phase length: 0,00ms
[13,514s][debug][gc,ihop        ] GC(17) Adaptive IHOP information (value update), threshold: 2415919104B (47,37), internal target occupancy: 5100273664B, occupancy: 2452653616B, additional buffer size: 1379926016B, predicted old gen allocation rate: 899631093,87B/s, predicted marking phase length: 0,00ms, prediction active: false
[13,514s][debug][gc,ergo,refine ] GC(17) GC refinement: goal: 339694 + 1069 / 20,00ms, actual: 3266 / 0,28ms, 
[13,514s][debug][gc,ergo,refine ] GC(17) Unchanged pending cards target: 339694
[13,514s][info ][gc,phases      ] GC(17)   Pre Evacuate Collection Set: 0,27ms
[13,514s][debug][gc,phases      ] GC(17)     Pre Evacuate Prepare: 0,08ms
[13,514s][debug][gc,phases      ] GC(17)       JT Retire TLABs And Flush Logs (ms): Min: 0,00, Avg: 0,01, Max: 0,02, Diff: 0,02, Sum: 0,02, Workers: 2
[13,514s][debug][gc,phases      ] GC(17)       Non-JT Flush Logs (ms):        Min: 0,01, Avg: 0,01, Max: 0,01, Diff: 0,00, Sum: 0,01, Workers: 1
[13,514s][debug][gc,phases      ] GC(17)     Choose Collection Set: 0,02ms
[13,514s][debug][gc,phases      ] GC(17)     Region Register: 0,17ms
[13,514s][debug][gc,phases      ] GC(17)     Prepare Heap Roots: 0,00ms
[13,514s][info ][gc,phases      ] GC(17)   Merge Heap Roots: 0,48ms
[13,514s][debug][gc,phases      ] GC(17)     Prepare Merge Heap Roots: 0,03ms
[13,514s][debug][gc,phases      ] GC(17)     Remembered Sets (ms):          Min: 0,01, Avg: 0,03, Max: 0,06, Diff: 0,05, Sum: 0,41, Workers: 15
[13,514s][debug][gc,phases      ] GC(17)       Eager Reclaim (ms):            skipped
[13,514s][debug][gc,phases      ] GC(17)       Merged Inline                  Min: 0, Avg:  0,0, Max: 0, Diff: 0, Sum: 0, Workers: 15
[13,514s][debug][gc,phases      ] GC(17)       Merged ArrayOfCards            Min: 0, Avg:  0,0, Max: 0, Diff: 0, Sum: 0, Workers: 15
[13,514s][debug][gc,phases      ] GC(17)       Merged Howl                    Min: 0, Avg:  0,0, Max: 0, Diff: 0, Sum: 0, Workers: 15
[13,514s][debug][gc,phases      ] GC(17)       Merged Full                    Min: 0, Avg:  0,0, Max: 0, Diff: 0, Sum: 0, Workers: 15
[13,514s][debug][gc,phases      ] GC(17)       Merged Howl Inline             Min: 0, Avg:  0,0, Max: 0, Diff: 0, Sum: 0, Workers: 15
[13,514s][debug][gc,phases      ] GC(17)       Merged Howl ArrayOfCards       Min: 0, Avg:  0,0, Max: 0, Diff: 0, Sum: 0, Workers: 15
[13,514s][debug][gc,phases      ] GC(17)       Merged Howl BitMap             Min: 0, Avg:  0,0, Max: 0, Diff: 0, Sum: 0, Workers: 15
[13,514s][debug][gc,phases      ] GC(17)       Merged Howl Full               Min: 0, Avg:  0,0, Max: 0, Diff: 0, Sum: 0, Workers: 15
[13,514s][debug][gc,phases      ] GC(17)       Merged Cards                   Min: 8, Avg:  8,0, Max: 8, Diff: 0, Sum: 120, Workers: 15
[13,514s][debug][gc,phases      ] GC(17)     Log Buffers (ms):              Min: 0,00, Avg: 0,02, Max: 0,05, Diff: 0,05, Sum: 0,34, Workers: 15
[13,514s][debug][gc,phases      ] GC(17)       Dirty Cards:                   Min: 0, Avg: 217,7, Max: 635, Diff: 635, Sum: 3266, Workers: 15
[13,514s][debug][gc,phases      ] GC(17)       Skipped Cards:                 Min: 0, Avg:  0,0, Max: 0, Diff: 0, Sum: 0, Workers: 15
[13,514s][info ][gc,phases      ] GC(17)   Evacuate Collection Set: 31,19ms
[13,514s][debug][gc,phases      ] GC(17)     Ext Root Scanning (ms):        Min: 0,00, Avg: 0,05, Max: 0,16, Diff: 0,16, Sum: 0,69, Workers: 15
[13,514s][debug][gc,phases      ] GC(17)     Scan Heap Roots (ms):          Min: 0,08, Avg: 0,26, Max: 0,44, Diff: 0,35, Sum: 3,92, Workers: 15
[13,514s][debug][gc,phases      ] GC(17)       Scanned Cards:                 Min: 56, Avg: 212,9, Max: 371, Diff: 315, Sum: 3194, Workers: 15
[13,514s][debug][gc,phases      ] GC(17)       Scanned Blocks:                Min: 44, Avg: 167,8, Max: 287, Diff: 243, Sum: 2517, Workers: 15
[13,514s][debug][gc,phases      ] GC(17)       Claimed Chunks:                Min: 39, Avg: 164,7, Max: 275, Diff: 236, Sum: 2471, Workers: 15
[13,514s][debug][gc,phases      ] GC(17)       Found Roots:                   Min: 96, Avg: 514,9, Max: 1212, Diff: 1116, Sum: 7723, Workers: 15
[13,514s][debug][gc,phases      ] GC(17)     Code Root Scan (ms):           Min: 0,02, Avg: 0,02, Max: 0,02, Diff: 0,01, Sum: 0,26, Workers: 15
[13,514s][debug][gc,phases      ] GC(17)       Scanned Nmethods               Min: 0, Avg:  0,0, Max: 0, Diff: 0, Sum: 0, Workers: 15
[13,514s][debug][gc,phases      ] GC(17)     Object Copy (ms):              Min: 30,41, Avg: 30,57, Max: 30,77, Diff: 0,36, Sum: 458,54, Workers: 15
[13,514s][debug][gc,phases      ] GC(17)     Termination (ms):              Min: 0,05, Avg: 0,08, Max: 0,13, Diff: 0,08, Sum: 1,14, Workers: 15
[13,514s][debug][gc,phases      ] GC(17)       Termination Attempts:          Min: 1, Avg:  1,0, Max: 1, Diff: 0, Sum: 15, Workers: 15
[13,514s][debug][gc,phases      ] GC(17)     GC Worker Other (ms):          Min: 0,03, Avg: 0,03, Max: 0,04, Diff: 0,02, Sum: 0,50, Workers: 15
[13,514s][debug][gc,phases      ] GC(17)     GC Worker Total (ms):          Min: 30,92, Avg: 31,00, Max: 31,07, Diff: 0,15, Sum: 465,05, Workers: 15
[13,514s][info ][gc,phases      ] GC(17)   Post Evacuate Collection Set: 1,76ms
[13,514s][debug][gc,phases      ] GC(17)     NMethod List Cleanup: 0,01ms
[13,514s][debug][gc,phases      ] GC(17)     Reference Processing: 0,72ms
[13,514s][debug][gc,phases,ref  ] GC(17)       Notify Soft/WeakReferences: 0,3ms
[13,514s][debug][gc,phases,ref  ] GC(17)         Balance queues: 0,0ms
[13,514s][debug][gc,phases,ref  ] GC(17)         SoftRef (ms):                  Min: 0,00, Avg: 0,00, Max: 0,00, Diff: 0,00, Sum: 0,00, Workers: 2
[13,514s][debug][gc,phases,ref  ] GC(17)         WeakRef (ms):                  Min: 0,00, Avg: 0,00, Max: 0,00, Diff: 0,00, Sum: 0,00, Workers: 2
[13,514s][debug][gc,phases,ref  ] GC(17)         FinalRef (ms):                 Min: 0,11, Avg: 0,11, Max: 0,11, Diff: 0,00, Sum: 0,23, Workers: 2
[13,514s][debug][gc,phases,ref  ] GC(17)         Total (ms):                    Min: 0,12, Avg: 0,12, Max: 0,12, Diff: 0,00, Sum: 0,24, Workers: 2
[13,514s][debug][gc,phases,ref  ] GC(17)       Notify and keep alive finalizable: 0,4ms
[13,514s][debug][gc,phases,ref  ] GC(17)         Balance queues: 0,0ms
[13,514s][debug][gc,phases,ref  ] GC(17)         FinalRef (ms):                 Min: 0,06, Avg: 0,12, Max: 0,23, Diff: 0,17, Sum: 1,80, Workers: 15
[13,514s][debug][gc,phases,ref  ] GC(17)       Notify PhantomReferences: 0,0ms
[13,514s][debug][gc,phases,ref  ] GC(17)         PhantomRef (ms):               skipped
[13,514s][debug][gc,phases,ref  ] GC(17)       SoftReference Discovered: 0, Dropped: 0, Processed: 0
[13,514s][debug][gc,phases,ref  ] GC(17)       WeakReference Discovered: 0, Dropped: 0, Processed: 0
[13,514s][debug][gc,phases,ref  ] GC(17)       FinalReference Discovered: 1510, Dropped: 7, Processed: 1503
[13,514s][debug][gc,phases,ref  ] GC(17)       PhantomReference Discovered: 0, Dropped: 0, Processed: 0
[13,514s][debug][gc,phases      ] GC(17)     Weak Processing: 0,21ms
[13,514s][debug][gc,phases      ] GC(17)       VM Weak                        Min: 0,00, Avg: 0,00, Max: 0,00, Diff: 0,00, Sum: 0,01, Workers: 15
[13,514s][debug][gc,phases      ] GC(17)         Dead                           Min: 0, Avg:  0,0, Max: 0, Diff: 0, Sum: 0, Workers: 15
[13,514s][debug][gc,phases      ] GC(17)         Total                          Min: 0, Avg: 11,0, Max: 165, Diff: 165, Sum: 165, Workers: 15
[13,514s][debug][gc,phases      ] GC(17)       ObjectSynchronizer Weak        Min: 0,00, Avg: 0,00, Max: 0,00, Diff: 0,00, Sum: 0,01, Workers: 15
[13,514s][debug][gc,phases      ] GC(17)         Dead                           Min: 0, Avg:  0,0, Max: 0, Diff: 0, Sum: 0, Workers: 15
[13,514s][debug][gc,phases      ] GC(17)         Total                          Min: 0, Avg:  2,2, Max: 33, Diff: 33, Sum: 33, Workers: 15
[13,514s][debug][gc,phases      ] GC(17)       JVMTI Tag Weak OopStorage      Min: 0,00, Avg: 0,00, Max: 0,00, Diff: 0,00, Sum: 0,01, Workers: 15
[13,514s][debug][gc,phases      ] GC(17)         Dead                           Min: 0, Avg:  0,0, Max: 0, Diff: 0, Sum: 0, Workers: 15
[13,514s][debug][gc,phases      ] GC(17)         Total                          Min: 0, Avg:  0,0, Max: 0, Diff: 0, Sum: 0, Workers: 15
[13,514s][debug][gc,phases      ] GC(17)       StringTable Weak               Min: 0,00, Avg: 0,01, Max: 0,05, Diff: 0,05, Sum: 0,16, Workers: 15
[13,514s][debug][gc,phases      ] GC(17)         Dead                           Min: 0, Avg:  0,0, Max: 0, Diff: 0, Sum: 0, Workers: 15
[13,514s][debug][gc,phases      ] GC(17)         Total                          Min: 0, Avg: 564,3, Max: 4672, Diff: 4672, Sum: 8465, Workers: 15
[13,514s][debug][gc,phases      ] GC(17)       ResolvedMethodTable Weak       Min: 0,00, Avg: 0,00, Max: 0,00, Diff: 0,00, Sum: 0,04, Workers: 15
[13,514s][debug][gc,phases      ] GC(17)         Dead                           Min: 0, Avg:  0,0, Max: 0, Diff: 0, Sum: 0, Workers: 15
[13,514s][debug][gc,phases      ] GC(17)         Total                          Min: 0, Avg: 113,1, Max: 256, Diff: 256, Sum: 1697, Workers: 15
[13,514s][debug][gc,phases      ] GC(17)       JNI Weak                       Min: 0,00, Avg: 0,00, Max: 0,00, Diff: 0,00, Sum: 0,01, Workers: 15
[13,514s][debug][gc,phases      ] GC(17)         Dead                           Min: 0, Avg:  0,0, Max: 0, Diff: 0, Sum: 0, Workers: 15
[13,514s][debug][gc,phases      ] GC(17)         Total                          Min: 0, Avg:  0,0, Max: 0, Diff: 0, Sum: 0, Workers: 15
[13,514s][debug][gc,phases      ] GC(17)       StringDedup Table Weak         Min: 0,00, Avg: 0,01, Max: 0,02, Diff: 0,02, Sum: 0,15, Workers: 15
[13,514s][debug][gc,phases      ] GC(17)         Dead                           Min: 0, Avg:  0,0, Max: 0, Diff: 0, Sum: 0, Workers: 15
[13,514s][debug][gc,phases      ] GC(17)         Total                          Min: 0, Avg: 873,2, Max: 1834, Diff: 1834, Sum: 13098, Workers: 15
[13,514s][debug][gc,phases      ] GC(17)       StringDedup Requests0 Weak     Min: 0,00, Avg: 0,00, Max: 0,00, Diff: 0,00, Sum: 0,02, Workers: 15
[13,514s][debug][gc,phases      ] GC(17)         Dead                           Min: 0, Avg:  0,0, Max: 0, Diff: 0, Sum: 0, Workers: 15
[13,514s][debug][gc,phases      ] GC(17)         Total                          Min: 0, Avg: 17,1, Max: 64, Diff: 64, Sum: 256, Workers: 15
[13,514s][debug][gc,phases      ] GC(17)       StringDedup Requests1 Weak     Min: 0,00, Avg: 0,00, Max: 0,00, Diff: 0,00, Sum: 0,00, Workers: 15
[13,514s][debug][gc,phases      ] GC(17)         Dead                           Min: 0, Avg:  0,0, Max: 0, Diff: 0, Sum: 0, Workers: 15
[13,514s][debug][gc,phases      ] GC(17)         Total                          Min: 0, Avg:  0,0, Max: 0, Diff: 0, Sum: 0, Workers: 15
[13,514s][debug][gc,phases      ] GC(17)       Weak JFR Old Object Samples    Min: 0,00, Avg: 0,00, Max: 0,00, Diff: 0,00, Sum: 0,01, Workers: 15
[13,514s][debug][gc,phases      ] GC(17)         Dead                           Min: 0, Avg:  0,0, Max: 0, Diff: 0, Sum: 0, Workers: 15
[13,514s][debug][gc,phases      ] GC(17)         Total                          Min: 0, Avg:  0,0, Max: 0, Diff: 0, Sum: 0, Workers: 15
[13,514s][debug][gc,phases      ] GC(17)     Post Evacuate Cleanup 1: 0,30ms
[13,514s][debug][gc,phases      ] GC(17)       Merge Per-Thread State (ms):   Min: 0,04, Avg: 0,04, Max: 0,04, Diff: 0,00, Sum: 0,04, Workers: 1
[13,514s][debug][gc,phases      ] GC(17)         Copied Bytes                   Min: 18975912, Avg: 22865266,7, Max: 29433072, Diff: 10457160, Sum: 342979000, Workers: 15
[13,514s][debug][gc,phases      ] GC(17)         LAB Waste                      Min: 344, Avg: 2341,9, Max: 5352, Diff: 5008, Sum: 35128, Workers: 15
[13,514s][debug][gc,phases      ] GC(17)         LAB Undo Waste                 Min: 0, Avg:  0,0, Max: 0, Diff: 0, Sum: 0, Workers: 15
[13,514s][debug][gc,phases      ] GC(17)         Evac Fail Extra Cards          Min: 0, Avg:  0,1, Max: 1, Diff: 1, Sum: 2, Workers: 15
[13,514s][debug][gc,phases      ] GC(17)       Clear Logged Cards (ms):       Min: 0,00, Avg: 0,02, Max: 0,11, Diff: 0,11, Sum: 0,23, Workers: 15
[13,514s][debug][gc,phases      ] GC(17)       Recalculate Used Memory (ms):  Min: 0,04, Avg: 0,04, Max: 0,04, Diff: 0,00, Sum: 0,04, Workers: 1
[13,514s][debug][gc,phases      ] GC(17)       Restore Evacuation Failed Regions (ms): Min: 0,00, Avg: 0,04, Max: 0,06, Diff: 0,06, Sum: 0,67, Workers: 15
[13,514s][debug][gc,phases      ] GC(17)         Evacuation Failed Regions:     Min: 3, Avg:  3,0, Max: 3, Diff: 0, Sum: 3, Workers: 1
[13,515s][debug][gc,phases      ] GC(17)         Pinned Regions:                Min: 1, Avg:  1,0, Max: 1, Diff: 0, Sum: 3, Workers: 3
[13,515s][debug][gc,phases      ] GC(17)         Allocation Failed Regions:     skipped
[13,515s][debug][gc,phases      ] GC(17)         Remove Self Forwards (ms):     Min: 0,02, Avg: 0,02, Max: 0,03, Diff: 0,01, Sum: 0,28, Workers: 13
[13,515s][debug][gc,phases      ] GC(17)           Forward Chunks:                Min: 2, Avg:  4,3, Max: 10, Diff: 8, Sum: 56, Workers: 13
[13,515s][debug][gc,phases      ] GC(17)           Empty Forward Chunks:          Min: 10, Avg: 25,2, Max: 39, Diff: 29, Sum: 328, Workers: 13
[13,515s][debug][gc,phases      ] GC(17)           Forward Objects:               Min: 2, Avg:  4,5, Max: 11, Diff: 9, Sum: 59, Workers: 13
[13,515s][debug][gc,phases      ] GC(17)           Forward Bytes:                 Min: 96, Avg: 139425,2, Max: 415592, Diff: 415496, Sum: 1812528, Workers: 13
[13,515s][debug][gc,phases      ] GC(17)     Post Evacuate Cleanup 2: 0,21ms
[13,515s][debug][gc,phases      ] GC(17)       Recalculate Used Memory (ms):  Min: 0,04, Avg: 0,04, Max: 0,04, Diff: 0,00, Sum: 0,04, Workers: 1
[13,515s][debug][gc,phases      ] GC(17)       Restore Preserved Marks (ms):  Min: 0,00, Avg: 0,00, Max: 0,00, Diff: 0,00, Sum: 0,01, Workers: 15
[13,515s][debug][gc,phases      ] GC(17)       Process Evacuation Failed Regions (ms): Min: 0,00, Avg: 0,00, Max: 0,01, Diff: 0,01, Sum: 0,03, Workers: 15
[13,515s][debug][gc,phases      ] GC(17)       Update Derived Pointers (ms):  Min: 0,00, Avg: 0,00, Max: 0,00, Diff: 0,00, Sum: 0,00, Workers: 1
[13,515s][debug][gc,phases      ] GC(17)       Eagerly Reclaim Humongous Objects (ms): skipped
[13,515s][debug][gc,phases      ] GC(17)         Humongous Total                skipped
[13,515s][debug][gc,phases      ] GC(17)         Humongous Candidates           skipped
[13,515s][debug][gc,phases      ] GC(17)         Humongous Reclaimed            skipped
[13,515s][debug][gc,phases      ] GC(17)       Sample CSet Candidates (ms):   skipped
[13,515s][debug][gc,phases      ] GC(17)       Redirty Logged Cards (ms):     Min: 0,00, Avg: 0,00, Max: 0,01, Diff: 0,01, Sum: 0,04, Workers: 15
[13,515s][debug][gc,phases      ] GC(17)         Redirtied Cards:               Min: 0, Avg: 76,5, Max: 293, Diff: 293, Sum: 1148, Workers: 15
[13,515s][debug][gc,phases      ] GC(17)       Resize TLABs (ms):             Min: 0,00, Avg: 0,00, Max: 0,01, Diff: 0,01, Sum: 0,01, Workers: 15
[13,515s][debug][gc,phases      ] GC(17)       Free Collection Set (ms):      Min: 0,03, Avg: 0,03, Max: 0,04, Diff: 0,01, Sum: 0,52, Workers: 15
[13,515s][debug][gc,phases      ] GC(17)     Rebuild Free List: 0,20ms
[13,515s][debug][gc,phases      ] GC(17)     Prepare For Mutator: 0,10ms
[13,515s][debug][gc,phases      ] GC(17)     Expand Heap After Collection: 0,00ms
[13,515s][info ][gc,phases      ] GC(17)   Other: 0,44ms
[13,515s][debug][gc,remset      ] GC(17) Coarsening (recent): Inline->AoC 0 (0) AoC->Howl 0 (0) Howl->Full 0 (0) Inline->AoC 0 (0) AoC->BitMap 0 (0) BitMap->Full 0 (0) 
[13,515s][debug][gc,remset      ] GC(17) Coarsening (all): Inline->AoC 0 (0) AoC->Howl 0 (0) Howl->Full 0 (0) Inline->AoC 0 (0) AoC->BitMap 0 (0) BitMap->Full 0 (0) 
[13,515s][info ][gc,heap        ] GC(17) Eden regions: 254->0(293)
[13,515s][info ][gc,heap        ] GC(17) Survivor regions: 30->36(36)
[13,515s][info ][gc,heap        ] GC(17) Old regions: 497->550
[13,515s][info ][gc,heap        ] GC(17) Humongous regions: 0->0
[13,515s][info ][gc,metaspace   ] GC(17) Metaspace: 20684K(21056K)->20684K(21056K) NonClass: 18073K(18304K)->18073K(18304K) Class: 2611K(2752K)->2611K(2752K)
[13,515s][debug][gc,heap        ] GC(17) Heap after GC invocations=18 (full 0):
[13,515s][debug][gc,heap        ] GC(17)  garbage-first heap   total reserved 8388608K, committed 5246976K, used 2395169K [0x0000000600000000, 0x0000000800000000)
[13,515s][debug][gc,heap        ] GC(17)   region size 4096K, 36 young (147456K), 36 survivors (147456K)
[13,515s][debug][gc,heap        ] GC(17)  Metaspace       used 20684K, committed 21056K, reserved 1114112K
[13,515s][debug][gc,heap        ] GC(17)   class space    used 2611K, committed 2752K, reserved 1048576K
[13,515s][info ][gc             ] GC(17) Pause Young (Normal) (G1 Evacuation Pause) (Evacuation Failure: Pinned) 3121M->2339M(5124M) 35,637ms
[13,515s][info ][gc,cpu         ] GC(17) User=0,47s Sys=0,01s Real=0,04s
[13,515s][debug][gc,refine      ] Concurrent refinement: wanted 0, cards: 1148, predicted: 3725, time: 375,91ms
[13,515s][debug][gc,task        ] G1 Service Thread (Card Set Free Memory Task) (run: 1,794ms) (cpu: 0,075ms)
[13,592s][debug][gc,refine      ] Concurrent refinement: wanted 0, cards: 1660, predicted: 3645, time: 289,60ms
[13,660s][debug][gc,refine      ] Concurrent refinement: wanted 0, cards: 2172, predicted: 4118, time: 283,85ms
[13,728s][debug][gc,refine      ] Concurrent refinement: wanted 0, cards: 2940, predicted: 4855, time: 279,37ms
[13,794s][debug][gc,refine      ] Concurrent refinement: wanted 0, cards: 2940, predicted: 4811, time: 272,98ms
[13,860s][debug][gc,refine      ] Concurrent refinement: wanted 0, cards: 2940, predicted: 4737, time: 262,11ms
[13,924s][debug][gc,refine      ] Concurrent refinement: wanted 0, cards: 2940, predicted: 4654, time: 249,97ms
[13,987s][debug][gc,refine      ] Concurrent refinement: wanted 0, cards: 2940, predicted: 4575, time: 238,46ms
[14,048s][debug][gc,refine      ] Concurrent refinement: wanted 0, cards: 2940, predicted: 4500, time: 227,59ms
[14,108s][debug][gc,refine      ] Concurrent refinement: wanted 0, cards: 2940, predicted: 4421, time: 216,08ms
[14,166s][debug][gc,refine      ] Concurrent refinement: wanted 0, cards: 2940, predicted: 4351, time: 205,85ms
[14,224s][debug][gc,refine      ] Concurrent refinement: wanted 0, cards: 2940, predicted: 4277, time: 194,99ms
[14,279s][debug][gc,refine      ] Concurrent refinement: wanted 0, cards: 2940, predicted: 4206, time: 184,76ms
[14,333s][debug][gc,refine      ] Concurrent refinement: wanted 0, cards: 2940, predicted: 4141, time: 175,17ms
[14,386s][debug][gc,refine      ] Concurrent refinement: wanted 0, cards: 2940, predicted: 4075, time: 165,58ms
[14,398s][debug][gc,task,start  ] G1 Service Thread (Periodic GC Task) (run 0,364ms after schedule)
[14,398s][debug][gc,task        ] G1 Service Thread (Periodic GC Task) (run: 0,041ms) (cpu: 0,051ms)
[14,437s][debug][gc,refine      ] Concurrent refinement: wanted 0, cards: 2940, predicted: 4009, time: 155,99ms
[14,487s][debug][gc,refine      ] Concurrent refinement: wanted 0, cards: 2940, predicted: 3948, time: 147,04ms
[14,537s][debug][gc,refine      ] Concurrent refinement: wanted 0, cards: 2940, predicted: 3886, time: 138,09ms
[14,587s][debug][gc,refine      ] Concurrent refinement: wanted 0, cards: 2940, predicted: 3821, time: 128,50ms
[14,637s][debug][gc,refine      ] Concurrent refinement: wanted 0, cards: 2940, predicted: 3759, time: 119,55ms
[14,687s][debug][gc,refine      ] Concurrent refinement: wanted 0, cards: 2940, predicted: 3694, time: 109,96ms
[14,738s][debug][gc,refine      ] Concurrent refinement: wanted 0, cards: 2940, predicted: 3632, time: 101,01ms
[14,788s][debug][gc,refine      ] Concurrent refinement: wanted 0, cards: 2940, predicted: 3571, time: 92,06ms
[14,833s][info ][gc,start       ] GC(18) Pause Young (Normal) (G1 Evacuation Pause)
[14,833s][debug][gc,heap        ] GC(18) Heap before GC invocations=18 (full 0):
[14,833s][debug][gc,heap        ] GC(18)  garbage-first heap   total reserved 8388608K, committed 5246976K, used 3595297K [0x0000000600000000, 0x0000000800000000)
[14,833s][debug][gc,heap        ] GC(18)   region size 4096K, 330 young (1351680K), 36 survivors (147456K)
[14,834s][debug][gc,heap        ] GC(18)  Metaspace       used 20699K, committed 21056K, reserved 1114112K
[14,834s][debug][gc,heap        ] GC(18)   class space    used 2611K, committed 2752K, reserved 1048576K
[14,834s][info ][gc,task        ] GC(18) Using 15 workers of 15 for evacuation
[14,834s][debug][gc,age         ] GC(18) Desired survivor size 88080384 bytes, new threshold 1 (max threshold 15)
[14,834s][debug][gc,tlab        ] GC(18) TLAB totals: thrds: 24  refills: 1072 max: 339 slow allocs: 1001 max 98 waste:  0,8% gc: 7000272B max: 1174400B slow: 2161472B max: 492920B
[14,834s][debug][gc,refine,stats] GC(18) Mutator refinement: 0,00ms, refined: 0, precleaned: 0, dirtied: 2561
[14,834s][debug][gc,refine,stats] GC(18) Concurrent refinement: 0,00ms, refined: 0, precleaned: 0, dirtied: 0
[14,834s][debug][gc,refine,stats] GC(18) Total refinement: 0,00ms, refined: 0, precleaned: 0, dirtied: 2561
[14,834s][debug][gc,refine,stats] GC(18) Generate dirty cards rate: 1,94 cards/ms
[14,834s][debug][gc,alloc,region] GC(18) Mutator Allocation stats, regions: 294, wasted size: 408B ( 0,0%)
[14,834s][debug][gc,ergo,cset   ] GC(18) Do not add marking candidates to collection set due to pause type.
[14,834s][debug][gc,ergo,cset   ] GC(18) Start adding retained candidates to collection set. Min 1 regions, available 3, time remaining 0,42ms, optional remaining 40,00ms
[14,834s][debug][gc,ergo,cset   ] GC(18) Retained candidates exhausted.
[14,834s][debug][gc,ergo,cset   ] GC(18) Added 1 retained candidates to collection set although the predicted time was too high.
[14,834s][debug][gc,ergo,cset   ] GC(18) Finish adding retained candidates to collection set. Initial: 2, optional: 1, pinned: 0, predicted initial time: 0,53ms, predicted optional time: 0,37ms, time remaining: 0,00ms optional time remaining 39,11ms
[14,834s][debug][gc,ergo        ] GC(18) Running G1 Merge Heap Roots using 15 workers for 332 regions
[14,834s][debug][gc,remset      ] GC(18) Visited cards 125696 Total dirty 851968 (14,75%) Total old 9928704 (1,27%)
[14,894s][debug][gc,ergo,cset   ] GC(18) Prepared 1 regions out of 1 for optional evacuation. Total predicted time: 0,367ms
[14,894s][debug][gc,ergo        ] GC(18) Running G1 Merge Heap Roots using 1 workers for 1 regions
[14,894s][debug][gc,remset      ] GC(18) Visited cards 0 Total dirty 0 (0,00%) Total old 11149312 (0,00%)
[14,894s][debug][gc,ref         ] GC(18) ReferenceProcessor::execute queues: 2, RefProcThreadModel::Multi, marks_oops_alive: false
[14,895s][debug][gc,ref         ] GC(18) ReferenceProcessor::execute queues: 15, RefProcThreadModel::Multi, marks_oops_alive: true
[14,895s][debug][gc,ref         ] GC(18) ReferenceProcessor::execute queues: 1, RefProcThreadModel::Single, marks_oops_alive: false
[14,895s][debug][gc,ergo        ] GC(18) Initializing removing self forwards with 128 chunks per region
[14,896s][debug][gc,ergo        ] GC(18) Running G1 Rebuild Free List Task using 15 workers for rebuilding free list of regions
[14,896s][debug][gc,plab        ] GC(18) Young PLAB allocation: allocated: 176160768B, wasted: 44488B, unused: 0B, used: 176116280B, undo waste: 0B, 
[14,896s][debug][gc,plab        ] GC(18) Young other allocation: region end waste: 0B, regions filled: 42, num plab filled: 136, direct allocated: 0B, num direct allocated: 0, failure used: 0B, failure wasted: 0B
[14,896s][debug][gc,plab        ] GC(18) Young sizing: calculated: 35223256B, actual: 33580832B
[14,896s][debug][gc,plab        ] GC(18) Old PLAB allocation: allocated: 446693376B, wasted: 44488B, unused: 13508136B, used: 433140752B, undo waste: 0B, 
[14,896s][debug][gc,plab        ] GC(18) Old other allocation: region end waste: 0B, regions filled: 107, num plab filled: 213, direct allocated: 0B, num direct allocated: 0, failure used: 383704B, failure wasted: 3810600B
[14,896s][debug][gc,plab        ] GC(18) Old sizing: calculated: 86628144B, actual: 74790504B
[14,896s][debug][gc,task,start  ] G1 Service Thread (Card Set Free Memory Task) (run 0,008ms after schedule)
[14,896s][debug][gc,ergo,heap   ] GC(18) Heap expansion: short term pause time ratio 5,91% long term pause time ratio 3,54% threshold 7,69% pause time ratio 7,69% fully expanded false resize by 0B
[14,896s][debug][gc,ergo,ihop   ] GC(18) Request concurrent cycle initiation (occupancy higher than threshold) occupancy: 2743074816B allocation request: 0B threshold: 2415919104B (44,96) source: end of GC
[14,896s][debug][gc,mmu         ] GC(18) MMU: 62,5ms (200,0ms/201,0ms)
[14,896s][debug][gc,alloc,stats ] Old generation allocation in the last mutator period, old gen allocated: 450887680B, humongous allocated: 0B, old gen growth: 450887680B.
[14,896s][debug][gc,ihop        ] GC(18) Basic information (value update), threshold: 2415919104B (45,00), target occupancy: 5368709120B, current occupancy: 2916124208B, recent allocation size: 450887680B, recent allocation duration: 1320,22ms, recent old gen allocation rate: 341525470,63B/s, recent marking phase length: 0,00ms
[14,896s][debug][gc,ihop        ] GC(18) Adaptive IHOP information (value update), threshold: 2415919104B (47,37), internal target occupancy: 5100273664B, occupancy: 2916124208B, additional buffer size: 1375731712B, predicted old gen allocation rate: 884410803,15B/s, predicted marking phase length: 0,00ms, prediction active: false
[14,896s][debug][gc,ergo,refine ] GC(18) GC refinement: goal: 339694 + 1010 / 20,00ms, actual: 3709 / 0,28ms, 
[14,896s][debug][gc,ergo,refine ] GC(18) Unchanged pending cards target: 339694
[14,896s][info ][gc,phases      ] GC(18)   Pre Evacuate Collection Set: 0,27ms
[14,896s][debug][gc,phases      ] GC(18)     Pre Evacuate Prepare: 0,03ms
[14,896s][debug][gc,phases      ] GC(18)       JT Retire TLABs And Flush Logs (ms): Min: 0,00, Avg: 0,01, Max: 0,01, Diff: 0,01, Sum: 0,01, Workers: 2
[14,896s][debug][gc,phases      ] GC(18)       Non-JT Flush Logs (ms):        Min: 0,00, Avg: 0,00, Max: 0,00, Diff: 0,00, Sum: 0,00, Workers: 1
[14,896s][debug][gc,phases      ] GC(18)     Choose Collection Set: 0,05ms
[14,896s][debug][gc,phases      ] GC(18)     Region Register: 0,19ms
[14,896s][debug][gc,phases      ] GC(18)     Prepare Heap Roots: 0,00ms
[14,896s][info ][gc,phases      ] GC(18)   Merge Heap Roots: 0,36ms
[14,896s][debug][gc,phases      ] GC(18)     Prepare Merge Heap Roots: 0,02ms
[14,896s][debug][gc,phases      ] GC(18)     Remembered Sets (ms):          Min: 0,05, Avg: 0,06, Max: 0,09, Diff: 0,05, Sum: 0,89, Workers: 15
[14,896s][debug][gc,phases      ] GC(18)       Eager Reclaim (ms):            skipped
[14,896s][debug][gc,phases      ] GC(18)       Merged Inline                  Min: 0, Avg:  0,0, Max: 0, Diff: 0, Sum: 0, Workers: 15
[14,896s][debug][gc,phases      ] GC(18)       Merged ArrayOfCards            Min: 0, Avg:  0,0, Max: 0, Diff: 0, Sum: 0, Workers: 15
[14,896s][debug][gc,phases      ] GC(18)       Merged Howl                    Min: 0, Avg:  0,0, Max: 0, Diff: 0, Sum: 0, Workers: 15
[14,896s][debug][gc,phases      ] GC(18)       Merged Full                    Min: 0, Avg:  0,0, Max: 0, Diff: 0, Sum: 0, Workers: 15
[14,896s][debug][gc,phases      ] GC(18)       Merged Howl Inline             Min: 0, Avg:  0,0, Max: 0, Diff: 0, Sum: 0, Workers: 15
[14,896s][debug][gc,phases      ] GC(18)       Merged Howl ArrayOfCards       Min: 0, Avg:  0,0, Max: 0, Diff: 0, Sum: 0, Workers: 15
[14,896s][debug][gc,phases      ] GC(18)       Merged Howl BitMap             Min: 0, Avg:  0,0, Max: 0, Diff: 0, Sum: 0, Workers: 15
[14,896s][debug][gc,phases      ] GC(18)       Merged Howl Full               Min: 0, Avg:  0,0, Max: 0, Diff: 0, Sum: 0, Workers: 15
[14,896s][debug][gc,phases      ] GC(18)       Merged Cards                   Min: 8, Avg:  8,0, Max: 8, Diff: 0, Sum: 120, Workers: 15
[14,896s][debug][gc,phases      ] GC(18)     Log Buffers (ms):              Min: 0,01, Avg: 0,02, Max: 0,04, Diff: 0,03, Sum: 0,31, Workers: 15
[14,896s][debug][gc,phases      ] GC(18)       Dirty Cards:                   Min: 29, Avg: 247,3, Max: 768, Diff: 739, Sum: 3709, Workers: 15
[14,896s][debug][gc,phases      ] GC(18)       Skipped Cards:                 Min: 0, Avg:  0,0, Max: 0, Diff: 0, Sum: 0, Workers: 15
[14,896s][info ][gc,phases      ] GC(18)   Evacuate Collection Set: 59,26ms
[14,896s][debug][gc,phases      ] GC(18)     Ext Root Scanning (ms):        Min: 0,01, Avg: 0,05, Max: 0,15, Diff: 0,14, Sum: 0,82, Workers: 15
[14,896s][debug][gc,phases      ] GC(18)     Scan Heap Roots (ms):          Min: 0,03, Avg: 0,26, Max: 0,54, Diff: 0,51, Sum: 3,84, Workers: 15
[14,896s][debug][gc,phases      ] GC(18)       Scanned Cards:                 Min: 25, Avg: 243,7, Max: 516, Diff: 491, Sum: 3656, Workers: 15
[14,896s][debug][gc,phases      ] GC(18)       Scanned Blocks:                Min: 19, Avg: 191,5, Max: 412, Diff: 393, Sum: 2872, Workers: 15
[14,896s][debug][gc,phases      ] GC(18)       Claimed Chunks:                Min: 14, Avg: 130,9, Max: 281, Diff: 267, Sum: 1964, Workers: 15
[14,896s][debug][gc,phases      ] GC(18)       Found Roots:                   Min: 41, Avg: 437,9, Max: 1543, Diff: 1502, Sum: 6568, Workers: 15
[14,896s][debug][gc,phases      ] GC(18)     Code Root Scan (ms):           Min: 0,02, Avg: 0,02, Max: 0,03, Diff: 0,02, Sum: 0,32, Workers: 15
[14,896s][debug][gc,phases      ] GC(18)       Scanned Nmethods               Min: 0, Avg:  0,0, Max: 0, Diff: 0, Sum: 0, Workers: 15
[14,896s][debug][gc,phases      ] GC(18)     Object Copy (ms):              Min: 57,41, Avg: 57,76, Max: 57,99, Diff: 0,59, Sum: 866,40, Workers: 15
[14,896s][debug][gc,phases      ] GC(18)     Termination (ms):              Min: 0,82, Avg: 0,88, Max: 1,04, Diff: 0,22, Sum: 13,26, Workers: 15
[14,896s][debug][gc,phases      ] GC(18)       Termination Attempts:          Min: 1, Avg:  1,0, Max: 1, Diff: 0, Sum: 15, Workers: 15
[14,896s][debug][gc,phases      ] GC(18)     GC Worker Other (ms):          Min: 0,02, Avg: 0,03, Max: 0,04, Diff: 0,02, Sum: 0,50, Workers: 15
[14,896s][debug][gc,phases      ] GC(18)     GC Worker Total (ms):          Min: 58,91, Avg: 59,01, Max: 59,21, Diff: 0,30, Sum: 885,14, Workers: 15
[14,896s][info ][gc,phases      ] GC(18)   Merge Optional Heap Roots: 0,44ms
[14,896s][debug][gc,phases      ] GC(18)     Prepare Optional Merge Heap Roots: 0,02ms
[14,896s][debug][gc,phases      ] GC(18)     Optional Remembered Sets (ms): Min: 0,00, Avg: 0,00, Max: 0,00, Diff: 0,00, Sum: 0,00, Workers: 1
[14,896s][debug][gc,phases      ] GC(18)       Merged Inline                  Min: 0, Avg:  0,0, Max: 0, Diff: 0, Sum: 0, Workers: 1
[14,896s][debug][gc,phases      ] GC(18)       Merged ArrayOfCards            Min: 0, Avg:  0,0, Max: 0, Diff: 0, Sum: 0, Workers: 1
[14,896s][debug][gc,phases      ] GC(18)       Merged Howl                    Min: 0, Avg:  0,0, Max: 0, Diff: 0, Sum: 0, Workers: 1
[14,897s][debug][gc,phases      ] GC(18)       Merged Full                    Min: 0, Avg:  0,0, Max: 0, Diff: 0, Sum: 0, Workers: 1
[14,897s][debug][gc,phases      ] GC(18)       Merged Howl Inline             Min: 0, Avg:  0,0, Max: 0, Diff: 0, Sum: 0, Workers: 1
[14,897s][debug][gc,phases      ] GC(18)       Merged Howl ArrayOfCards       Min: 0, Avg:  0,0, Max: 0, Diff: 0, Sum: 0, Workers: 1
[14,897s][debug][gc,phases      ] GC(18)       Merged Howl BitMap             Min: 0, Avg:  0,0, Max: 0, Diff: 0, Sum: 0, Workers: 1
[14,897s][debug][gc,phases      ] GC(18)       Merged Howl Full               Min: 0, Avg:  0,0, Max: 0, Diff: 0, Sum: 0, Workers: 1
[14,897s][debug][gc,phases      ] GC(18)       Merged Cards                   Min: 8, Avg:  8,0, Max: 8, Diff: 0, Sum: 8, Workers: 1
[14,897s][info ][gc,phases      ] GC(18)   Evacuate Optional Collection Set: 0,36ms
[14,897s][debug][gc,phases      ] GC(18)     Optional Scan Heap Roots (ms): Min: 0,00, Avg: 0,00, Max: 0,01, Diff: 0,00, Sum: 0,03, Workers: 15
[14,897s][debug][gc,phases      ] GC(18)       Scanned Cards:                 Min: 0, Avg:  0,0, Max: 0, Diff: 0, Sum: 0, Workers: 15
[14,897s][debug][gc,phases      ] GC(18)       Scanned Blocks:                Min: 0, Avg:  0,0, Max: 0, Diff: 0, Sum: 0, Workers: 15
[14,897s][debug][gc,phases      ] GC(18)       Claimed Chunks:                Min: 0, Avg:  0,0, Max: 0, Diff: 0, Sum: 0, Workers: 15
[14,897s][debug][gc,phases      ] GC(18)       Found Roots:                   Min: 0, Avg:  0,4, Max: 2, Diff: 2, Sum: 6, Workers: 15
[14,897s][debug][gc,phases      ] GC(18)       Scanned Refs:                  Min: 0, Avg:  0,4, Max: 2, Diff: 2, Sum: 6, Workers: 15
[14,897s][debug][gc,phases      ] GC(18)       Used Memory:                   Min: 0, Avg: 178,7, Max: 536, Diff: 536, Sum: 2680, Workers: 15
[14,897s][debug][gc,phases      ] GC(18)     Optional Object Copy (ms):     Min: 0,00, Avg: 0,00, Max: 0,01, Diff: 0,01, Sum: 0,06, Workers: 15
[14,897s][debug][gc,phases      ] GC(18)     Optional Code Root Scan (ms):  Min: 0,00, Avg: 0,00, Max: 0,00, Diff: 0,00, Sum: 0,01, Workers: 15
[14,897s][debug][gc,phases      ] GC(18)       Scanned Nmethods               Min: 0, Avg:  0,0, Max: 0, Diff: 0, Sum: 0, Workers: 15
[14,897s][debug][gc,phases      ] GC(18)     Optional Termination (ms):     Min: 0,09, Avg: 0,16, Max: 0,33, Diff: 0,23, Sum: 2,38, Workers: 15
[14,897s][debug][gc,phases      ] GC(18)       Optional Termination Attempts: Min: 1, Avg:  1,0, Max: 1, Diff: 0, Sum: 15, Workers: 15
[14,897s][info ][gc,phases      ] GC(18)   Post Evacuate Collection Set: 1,47ms
[14,897s][debug][gc,phases      ] GC(18)     NMethod List Cleanup: 0,01ms
[14,897s][debug][gc,phases      ] GC(18)     Reference Processing: 0,74ms
[14,897s][debug][gc,phases,ref  ] GC(18)       Notify Soft/WeakReferences: 0,4ms
[14,897s][debug][gc,phases,ref  ] GC(18)         Balance queues: 0,0ms
[14,897s][debug][gc,phases,ref  ] GC(18)         SoftRef (ms):                  Min: 0,00, Avg: 0,00, Max: 0,00, Diff: 0,00, Sum: 0,00, Workers: 2
[14,897s][debug][gc,phases,ref  ] GC(18)         WeakRef (ms):                  Min: 0,00, Avg: 0,00, Max: 0,00, Diff: 0,00, Sum: 0,00, Workers: 2
[14,897s][debug][gc,phases,ref  ] GC(18)         FinalRef (ms):                 Min: 0,04, Avg: 0,07, Max: 0,09, Diff: 0,05, Sum: 0,13, Workers: 2
[14,897s][debug][gc,phases,ref  ] GC(18)         Total (ms):                    Min: 0,10, Avg: 0,11, Max: 0,13, Diff: 0,03, Sum: 0,22, Workers: 2
[14,897s][debug][gc,phases,ref  ] GC(18)       Notify and keep alive finalizable: 0,3ms
[14,897s][debug][gc,phases,ref  ] GC(18)         Balance queues: 0,0ms
[14,897s][debug][gc,phases,ref  ] GC(18)         FinalRef (ms):                 Min: 0,07, Avg: 0,12, Max: 0,18, Diff: 0,10, Sum: 1,84, Workers: 15
[14,897s][debug][gc,phases,ref  ] GC(18)       Notify PhantomReferences: 0,1ms
[14,897s][debug][gc,phases,ref  ] GC(18)         PhantomRef (ms):               Min: 0,01, Avg: 0,01, Max: 0,01, Diff: 0,00, Sum: 0,01, Workers: 1
[14,897s][debug][gc,phases,ref  ] GC(18)       SoftReference Discovered: 0, Dropped: 0, Processed: 0
[14,897s][debug][gc,phases,ref  ] GC(18)       WeakReference Discovered: 0, Dropped: 0, Processed: 0
[14,897s][debug][gc,phases,ref  ] GC(18)       FinalReference Discovered: 1153, Dropped: 2, Processed: 1151
[14,897s][debug][gc,phases,ref  ] GC(18)       PhantomReference Discovered: 41, Dropped: 2, Processed: 39
[14,897s][debug][gc,phases      ] GC(18)     Weak Processing: 0,13ms
[14,897s][debug][gc,phases      ] GC(18)       VM Weak                        Min: 0,00, Avg: 0,00, Max: 0,00, Diff: 0,00, Sum: 0,01, Workers: 15
[14,897s][debug][gc,phases      ] GC(18)         Dead                           Min: 0, Avg:  0,0, Max: 0, Diff: 0, Sum: 0, Workers: 15
[14,897s][debug][gc,phases      ] GC(18)         Total                          Min: 0, Avg: 11,0, Max: 101, Diff: 101, Sum: 165, Workers: 15
[14,897s][debug][gc,phases      ] GC(18)       ObjectSynchronizer Weak        Min: 0,00, Avg: 0,00, Max: 0,00, Diff: 0,00, Sum: 0,00, Workers: 15
[14,897s][debug][gc,phases      ] GC(18)         Dead                           Min: 0, Avg:  0,0, Max: 0, Diff: 0, Sum: 0, Workers: 15
[14,897s][debug][gc,phases      ] GC(18)         Total                          Min: 0, Avg:  2,2, Max: 33, Diff: 33, Sum: 33, Workers: 15
[14,897s][debug][gc,phases      ] GC(18)       JVMTI Tag Weak OopStorage      Min: 0,00, Avg: 0,00, Max: 0,00, Diff: 0,00, Sum: 0,00, Workers: 15
[14,897s][debug][gc,phases      ] GC(18)         Dead                           Min: 0, Avg:  0,0, Max: 0, Diff: 0, Sum: 0, Workers: 15
[14,897s][debug][gc,phases      ] GC(18)         Total                          Min: 0, Avg:  0,0, Max: 0, Diff: 0, Sum: 0, Workers: 15
[14,897s][debug][gc,phases      ] GC(18)       StringTable Weak               Min: 0,00, Avg: 0,01, Max: 0,02, Diff: 0,02, Sum: 0,09, Workers: 15
[14,897s][debug][gc,phases      ] GC(18)         Dead                           Min: 0, Avg:  0,0, Max: 0, Diff: 0, Sum: 0, Workers: 15
[14,897s][debug][gc,phases      ] GC(18)         Total                          Min: 0, Avg: 564,3, Max: 2816, Diff: 2816, Sum: 8465, Workers: 15
[14,897s][debug][gc,phases      ] GC(18)       ResolvedMethodTable Weak       Min: 0,00, Avg: 0,00, Max: 0,01, Diff: 0,01, Sum: 0,03, Workers: 15
[14,897s][debug][gc,phases      ] GC(18)         Dead                           Min: 0, Avg:  0,0, Max: 0, Diff: 0, Sum: 0, Workers: 15
[14,897s][debug][gc,phases      ] GC(18)         Total                          Min: 0, Avg: 113,1, Max: 488, Diff: 488, Sum: 1697, Workers: 15
[14,897s][debug][gc,phases      ] GC(18)       JNI Weak                       Min: 0,00, Avg: 0,00, Max: 0,00, Diff: 0,00, Sum: 0,00, Workers: 15
[14,897s][debug][gc,phases      ] GC(18)         Dead                           Min: 0, Avg:  0,0, Max: 0, Diff: 0, Sum: 0, Workers: 15
[14,897s][debug][gc,phases      ] GC(18)         Total                          Min: 0, Avg:  0,0, Max: 0, Diff: 0, Sum: 0, Workers: 15
[14,897s][debug][gc,phases      ] GC(18)       StringDedup Table Weak         Min: 0,00, Avg: 0,01, Max: 0,03, Diff: 0,03, Sum: 0,11, Workers: 15
[14,897s][debug][gc,phases      ] GC(18)         Dead                           Min: 0, Avg:  0,0, Max: 0, Diff: 0, Sum: 0, Workers: 15
[14,897s][debug][gc,phases      ] GC(18)         Total                          Min: 0, Avg: 873,2, Max: 4224, Diff: 4224, Sum: 13098, Workers: 15
[14,897s][debug][gc,phases      ] GC(18)       StringDedup Requests0 Weak     Min: 0,00, Avg: 0,00, Max: 0,00, Diff: 0,00, Sum: 0,00, Workers: 15
[14,897s][debug][gc,phases      ] GC(18)         Dead                           Min: 0, Avg:  0,0, Max: 0, Diff: 0, Sum: 0, Workers: 15
[14,897s][debug][gc,phases      ] GC(18)         Total                          Min: 0, Avg:  0,0, Max: 0, Diff: 0, Sum: 0, Workers: 15
[14,897s][debug][gc,phases      ] GC(18)       StringDedup Requests1 Weak     Min: 0,00, Avg: 0,00, Max: 0,00, Diff: 0,00, Sum: 0,00, Workers: 15
[14,897s][debug][gc,phases      ] GC(18)         Dead                           Min: 0, Avg:  0,0, Max: 0, Diff: 0, Sum: 0, Workers: 15
[14,897s][debug][gc,phases      ] GC(18)         Total                          Min: 0, Avg:  0,0, Max: 0, Diff: 0, Sum: 0, Workers: 15
[14,897s][debug][gc,phases      ] GC(18)       Weak JFR Old Object Samples    Min: 0,00, Avg: 0,00, Max: 0,00, Diff: 0,00, Sum: 0,00, Workers: 15
[14,897s][debug][gc,phases      ] GC(18)         Dead                           Min: 0, Avg:  0,0, Max: 0, Diff: 0, Sum: 0, Workers: 15
[14,897s][debug][gc,phases      ] GC(18)         Total                          Min: 0, Avg:  0,0, Max: 0, Diff: 0, Sum: 0, Workers: 15
[14,897s][debug][gc,phases      ] GC(18)     Post Evacuate Cleanup 1: 0,24ms
[14,897s][debug][gc,phases      ] GC(18)       Merge Per-Thread State (ms):   Min: 0,03, Avg: 0,03, Max: 0,03, Diff: 0,00, Sum: 0,03, Workers: 1
[14,897s][debug][gc,phases      ] GC(18)         Copied Bytes                   Min: 32791080, Avg: 40617135,5, Max: 47643304, Diff: 14852224, Sum: 609257032, Workers: 15
[14,897s][debug][gc,phases      ] GC(18)         LAB Waste                      Min: 1808, Avg: 5931,7, Max: 15360, Diff: 13552, Sum: 88976, Workers: 15
[14,897s][debug][gc,phases      ] GC(18)         LAB Undo Waste                 Min: 0, Avg:  0,0, Max: 0, Diff: 0, Sum: 0, Workers: 15
[14,897s][debug][gc,phases      ] GC(18)         Evac Fail Extra Cards          Min: 0, Avg:  0,2, Max: 1, Diff: 1, Sum: 3, Workers: 15
[14,897s][debug][gc,phases      ] GC(18)       Clear Logged Cards (ms):       Min: 0,00, Avg: 0,03, Max: 0,14, Diff: 0,14, Sum: 0,43, Workers: 14
[14,897s][debug][gc,phases      ] GC(18)       Recalculate Used Memory (ms):  Min: 0,04, Avg: 0,04, Max: 0,04, Diff: 0,00, Sum: 0,04, Workers: 1
[14,897s][debug][gc,phases      ] GC(18)       Restore Evacuation Failed Regions (ms): Min: 0,00, Avg: 0,01, Max: 0,04, Diff: 0,04, Sum: 0,18, Workers: 14
[14,897s][debug][gc,phases      ] GC(18)         Evacuation Failed Regions:     Min: 1, Avg:  1,0, Max: 1, Diff: 0, Sum: 1, Workers: 1
[14,897s][debug][gc,phases      ] GC(18)         Pinned Regions:                Min: 1, Avg:  1,0, Max: 1, Diff: 0, Sum: 1, Workers: 1
[14,897s][debug][gc,phases      ] GC(18)         Allocation Failed Regions:     skipped
[14,897s][debug][gc,phases      ] GC(18)         Remove Self Forwards (ms):     Min: 0,00, Avg: 0,01, Max: 0,03, Diff: 0,02, Sum: 0,09, Workers: 10
[14,897s][debug][gc,phases      ] GC(18)           Forward Chunks:                Min: 1, Avg:  4,0, Max: 6, Diff: 5, Sum: 16, Workers: 4
[14,897s][debug][gc,phases      ] GC(18)           Empty Forward Chunks:          Min: 1, Avg: 11,2, Max: 44, Diff: 43, Sum: 112, Workers: 10
[14,897s][debug][gc,phases      ] GC(18)           Forward Objects:               Min: 1, Avg:  4,5, Max: 7, Diff: 6, Sum: 18, Workers: 4
[14,897s][debug][gc,phases      ] GC(18)           Forward Bytes:                 Min: 31016, Avg: 95926,0, Max: 162608, Diff: 131592, Sum: 383704, Workers: 4
[14,897s][debug][gc,phases      ] GC(18)     Post Evacuate Cleanup 2: 0,16ms
[14,897s][debug][gc,phases      ] GC(18)       Recalculate Used Memory (ms):  Min: 0,04, Avg: 0,04, Max: 0,04, Diff: 0,00, Sum: 0,04, Workers: 1
[14,897s][debug][gc,phases      ] GC(18)       Restore Preserved Marks (ms):  Min: 0,00, Avg: 0,00, Max: 0,00, Diff: 0,00, Sum: 0,01, Workers: 15
[14,897s][debug][gc,phases      ] GC(18)       Process Evacuation Failed Regions (ms): Min: 0,00, Avg: 0,00, Max: 0,00, Diff: 0,00, Sum: 0,01, Workers: 15
[14,897s][debug][gc,phases      ] GC(18)       Update Derived Pointers (ms):  Min: 0,00, Avg: 0,00, Max: 0,00, Diff: 0,00, Sum: 0,00, Workers: 1
[14,897s][debug][gc,phases      ] GC(18)       Eagerly Reclaim Humongous Objects (ms): skipped
[14,897s][debug][gc,phases      ] GC(18)         Humongous Total                skipped
[14,897s][debug][gc,phases      ] GC(18)         Humongous Candidates           skipped
[14,897s][debug][gc,phases      ] GC(18)         Humongous Reclaimed            skipped
[14,897s][debug][gc,phases      ] GC(18)       Sample CSet Candidates (ms):   skipped
[14,897s][debug][gc,phases      ] GC(18)       Redirty Logged Cards (ms):     Min: 0,00, Avg: 0,00, Max: 0,02, Diff: 0,02, Sum: 0,06, Workers: 15
[14,897s][debug][gc,phases      ] GC(18)         Redirtied Cards:               Min: 0, Avg: 169,3, Max: 840, Diff: 840, Sum: 2539, Workers: 15
[14,897s][debug][gc,phases      ] GC(18)       Resize TLABs (ms):             Min: 0,00, Avg: 0,00, Max: 0,00, Diff: 0,00, Sum: 0,01, Workers: 15
[14,897s][debug][gc,phases      ] GC(18)       Free Collection Set (ms):      Min: 0,03, Avg: 0,05, Max: 0,08, Diff: 0,05, Sum: 0,73, Workers: 15
[14,897s][debug][gc,phases      ] GC(18)     Rebuild Free List: 0,06ms
[14,897s][debug][gc,phases      ] GC(18)     Prepare For Mutator: 0,13ms
[14,897s][debug][gc,phases      ] GC(18)     Expand Heap After Collection: 0,00ms
[14,897s][info ][gc,phases      ] GC(18)   Other: 0,39ms
[14,897s][debug][gc,remset      ] GC(18) Coarsening (recent): Inline->AoC 0 (0) AoC->Howl 0 (0) Howl->Full 0 (0) Inline->AoC 0 (0) AoC->BitMap 0 (0) BitMap->Full 0 (0) 
[14,897s][debug][gc,remset      ] GC(18) Coarsening (all): Inline->AoC 0 (0) AoC->Howl 0 (0) Howl->Full 0 (0) Inline->AoC 0 (0) AoC->BitMap 0 (0) BitMap->Full 0 (0) 
[14,897s][info ][gc,heap        ] GC(18) Eden regions: 294->0(286)
[14,898s][info ][gc,heap        ] GC(18) Survivor regions: 36->42(42)
[14,898s][info ][gc,heap        ] GC(18) Old regions: 550->654
[14,898s][info ][gc,heap        ] GC(18) Humongous regions: 0->0
[14,898s][info ][gc,metaspace   ] GC(18) Metaspace: 20699K(21056K)->20699K(21056K) NonClass: 18087K(18304K)->18087K(18304K) Class: 2611K(2752K)->2611K(2752K)
[14,898s][debug][gc,heap        ] GC(18) Heap after GC invocations=19 (full 0):
[14,898s][debug][gc,heap        ] GC(18)  garbage-first heap   total reserved 8388608K, committed 5246976K, used 2847777K [0x0000000600000000, 0x0000000800000000)
[14,898s][debug][gc,heap        ] GC(18)   region size 4096K, 42 young (172032K), 42 survivors (172032K)
[14,898s][debug][gc,heap        ] GC(18)  Metaspace       used 20699K, committed 21056K, reserved 1114112K
[14,898s][debug][gc,heap        ] GC(18)   class space    used 2611K, committed 2752K, reserved 1048576K
[14,898s][info ][gc             ] GC(18) Pause Young (Normal) (G1 Evacuation Pause) (Evacuation Failure: Pinned) 3515M->2781M(5124M) 64,203ms
[14,898s][info ][gc,cpu         ] GC(18) User=0,89s Sys=0,00s Real=0,06s
[14,898s][debug][gc,task        ] G1 Service Thread (Card Set Free Memory Task) (run: 1,932ms) (cpu: 0,103ms)
[14,898s][debug][gc,refine      ] Concurrent refinement: wanted 0, cards: 2539, predicted: 5048, time: 430,55ms
[14,980s][debug][gc,refine      ] Concurrent refinement: wanted 0, cards: 2539, predicted: 3460, time: 158,18ms
[15,030s][debug][gc,refine      ] Concurrent refinement: wanted 0, cards: 2795, predicted: 3685, time: 152,88ms
[15,080s][debug][gc,refine      ] Concurrent refinement: wanted 0, cards: 3819, predicted: 4687, time: 149,10ms
[15,131s][debug][gc,refine      ] Concurrent refinement: wanted 0, cards: 4331, predicted: 5181, time: 146,03ms
[15,181s][debug][gc,refine      ] Concurrent refinement: wanted 0, cards: 4587, predicted: 5394, time: 138,50ms
[15,231s][debug][gc,refine      ] Concurrent refinement: wanted 0, cards: 4587, predicted: 5327, time: 127,15ms
[15,281s][debug][gc,refine      ] Concurrent refinement: wanted 0, cards: 4587, predicted: 5266, time: 116,56ms
[15,331s][debug][gc,refine      ] Concurrent refinement: wanted 0, cards: 4587, predicted: 5200, time: 105,20ms
[15,382s][debug][gc,refine      ] Concurrent refinement: wanted 0, cards: 4587, predicted: 5138, time: 94,61ms
[15,399s][debug][gc,task,start  ] G1 Service Thread (Periodic GC Task) (run 0,749ms after schedule)
[15,399s][debug][gc,task        ] G1 Service Thread (Periodic GC Task) (run: 0,059ms) (cpu: 0,086ms)
[15,432s][debug][gc,refine      ] Concurrent refinement: wanted 0, cards: 4587, predicted: 5076, time: 84,01ms
[15,482s][debug][gc,refine      ] Concurrent refinement: wanted 0, cards: 4587, predicted: 5010, time: 72,66ms
[15,532s][debug][gc,refine      ] Concurrent refinement: wanted 0, cards: 4587, predicted: 4948, time: 62,06ms
[15,583s][debug][gc,refine      ] Concurrent refinement: wanted 0, cards: 4587, predicted: 4882, time: 50,71ms
[15,633s][debug][gc,refine      ] Concurrent refinement: wanted 0, cards: 4587, predicted: 4587, time: 40,11ms
[15,683s][debug][gc,refine      ] Concurrent refinement: wanted 0, cards: 4587, predicted: 4587, time: 29,52ms
[15,733s][debug][gc,refine      ] Concurrent refinement: wanted 0, cards: 4587, predicted: 4587, time: 18,16ms
[15,784s][debug][gc,refine      ] Concurrent refinement: wanted 0, cards: 4587, predicted: 4587, time: 7,57ms
[15,826s][debug][gc,ergo        ] GC(19) Initiate concurrent cycle (concurrent cycle initiation requested)
[15,826s][info ][gc,start       ] GC(19) Pause Young (Concurrent Start) (G1 Evacuation Pause)
[15,826s][debug][gc,heap        ] GC(19) Heap before GC invocations=19 (full 0):
[15,826s][debug][gc,heap        ] GC(19)  garbage-first heap   total reserved 8388608K, committed 5246976K, used 4015137K [0x0000000600000000, 0x0000000800000000)
[15,826s][debug][gc,heap        ] GC(19)   region size 4096K, 328 young (1343488K), 42 survivors (172032K)
[15,826s][debug][gc,heap        ] GC(19)  Metaspace       used 20717K, committed 21056K, reserved 1114112K
[15,826s][debug][gc,heap        ] GC(19)   class space    used 2611K, committed 2752K, reserved 1048576K
[15,826s][info ][gc,task        ] GC(19) Using 15 workers of 15 for evacuation
[15,826s][debug][gc,age         ] GC(19) Desired survivor size 85983232 bytes, new threshold 1 (max threshold 15)
[15,826s][debug][gc,tlab        ] GC(19) TLAB totals: thrds: 23  refills: 1204 max: 240 slow allocs: 1246 max 103 waste:  0,7% gc: 5464352B max: 556072B slow: 2735056B max: 486968B
[15,826s][debug][gc,refine,stats] GC(19) Mutator refinement: 0,00ms, refined: 0, precleaned: 0, dirtied: 3069
[15,826s][debug][gc,refine,stats] GC(19) Concurrent refinement: 0,00ms, refined: 0, precleaned: 0, dirtied: 0
[15,826s][debug][gc,refine,stats] GC(19) Total refinement: 0,00ms, refined: 0, precleaned: 0, dirtied: 3069
[15,826s][debug][gc,refine,stats] GC(19) Generate dirty cards rate: 3,30 cards/ms
[15,826s][debug][gc,alloc,region] GC(19) Mutator Allocation stats, regions: 286, wasted size: 1344B ( 0,0%)
[15,826s][debug][gc,ergo,cset   ] GC(19) Do not add marking candidates to collection set due to pause type.
[15,826s][debug][gc,ergo,cset   ] GC(19) Start adding retained candidates to collection set. Min 1 regions, available 1, time remaining 8,09ms, optional remaining 40,00ms
[15,826s][debug][gc,ergo,cset   ] GC(19) Retained candidates exhausted.
[15,826s][debug][gc,ergo,cset   ] GC(19) Finish adding retained candidates to collection set. Initial: 1, optional: 0, pinned: 0, predicted initial time: 0,20ms, predicted optional time: 0,00ms, time remaining: 7,89ms optional time remaining 39,80ms
[15,826s][debug][gc,ergo        ] GC(19) Running G1 Merge Heap Roots using 15 workers for 329 regions
[15,827s][debug][gc,remset      ] GC(19) Visited cards 247808 Total dirty 1703936 (14,54%) Total old 10739712 (2,31%)
[15,871s][debug][gc,ref         ] GC(19) ReferenceProcessor::execute queues: 2, RefProcThreadModel::Multi, marks_oops_alive: false
[15,872s][debug][gc,ref         ] GC(19) ReferenceProcessor::execute queues: 15, RefProcThreadModel::Multi, marks_oops_alive: true
[15,873s][debug][gc,ref         ] GC(19) ReferenceProcessor::execute queues: 1, RefProcThreadModel::Single, marks_oops_alive: false
[15,874s][debug][gc,ergo        ] GC(19) Running G1 Rebuild Free List Task using 15 workers for rebuilding free list of regions
[15,874s][debug][gc,plab        ] GC(19) Young PLAB allocation: allocated: 171966464B, wasted: 21880B, unused: 1578824B, used: 170365760B, undo waste: 0B, 
[15,874s][debug][gc,plab        ] GC(19) Young other allocation: region end waste: 0B, regions filled: 41, num plab filled: 96, direct allocated: 0B, num direct allocated: 0, failure used: 0B, failure wasted: 0B
[15,874s][debug][gc,plab        ] GC(19) Young sizing: calculated: 34073152B, actual: 33950072B
[15,874s][debug][gc,plab        ] GC(19) Old PLAB allocation: allocated: 316669952B, wasted: 36040B, unused: 14028440B, used: 302605472B, undo waste: 0B, 
[15,874s][debug][gc,plab        ] GC(19) Old other allocation: region end waste: 0B, regions filled: 76, num plab filled: 151, direct allocated: 0B, num direct allocated: 0, failure used: 0B, failure wasted: 0B
[15,874s][debug][gc,plab        ] GC(19) Old sizing: calculated: 60521088B, actual: 64088440B
[15,874s][debug][gc,task,start  ] G1 Service Thread (Card Set Free Memory Task) (run 0,010ms after schedule)
[15,874s][debug][gc,ergo,heap   ] GC(19) Heap expansion: short term pause time ratio 4,52% long term pause time ratio 3,73% threshold 7,69% pause time ratio 7,69% fully expanded false resize by 0B
[15,874s][debug][gc,mmu         ] GC(19) MMU: 48,3ms (200,0ms/201,0ms)
[15,874s][debug][gc,alloc,stats ] Old generation allocation in the last mutator period, old gen allocated: 316669952B, humongous allocated: 0B, old gen growth: 316669952B.
[15,874s][debug][gc,ihop        ] GC(19) Basic information (value update), threshold: 2415919104B (45,00), target occupancy: 5368709120B, current occupancy: 3224405552B, recent allocation size: 316669952B, recent allocation duration: 929,85ms, recent old gen allocation rate: 340561554,01B/s, recent marking phase length: 0,00ms
[15,874s][debug][gc,ihop        ] GC(19) Adaptive IHOP information (value update), threshold: 2415919104B (47,37), internal target occupancy: 5100273664B, occupancy: 3224405552B, additional buffer size: 1216348160B, predicted old gen allocation rate: 869582575,50B/s, predicted marking phase length: 0,00ms, prediction active: false
[15,874s][debug][gc,ergo,refine ] GC(19) GC refinement: goal: 339694 + 1044 / 20,00ms, actual: 5608 / 0,42ms, 
[15,874s][debug][gc,ergo,refine ] GC(19) New pending cards target: 303994
[15,874s][info ][gc,phases      ] GC(19)   Pre Evacuate Collection Set: 0,34ms
[15,874s][debug][gc,phases      ] GC(19)     Reset Marking State (ms):      Min: 0,03, Avg: 0,03, Max: 0,03, Diff: 0,00, Sum: 0,03, Workers: 1
[15,874s][debug][gc,phases      ] GC(19)     Note Start Of Mark (ms):       Min: 0,01, Avg: 0,01, Max: 0,03, Diff: 0,03, Sum: 0,05, Workers: 4
[15,874s][debug][gc,phases      ] GC(19)     Pre Evacuate Prepare: 0,11ms
[15,874s][debug][gc,phases      ] GC(19)       JT Retire TLABs And Flush Logs (ms): Min: 0,00, Avg: 0,01, Max: 0,02, Diff: 0,01, Sum: 0,02, Workers: 2
[15,874s][debug][gc,phases      ] GC(19)       Non-JT Flush Logs (ms):        Min: 0,00, Avg: 0,00, Max: 0,00, Diff: 0,00, Sum: 0,00, Workers: 1
[15,874s][debug][gc,phases      ] GC(19)     Choose Collection Set: 0,05ms
[15,874s][debug][gc,phases      ] GC(19)     Region Register: 0,14ms
[15,874s][debug][gc,phases      ] GC(19)     Prepare Heap Roots: 0,00ms
[15,874s][info ][gc,phases      ] GC(19)   Merge Heap Roots: 0,40ms
[15,874s][debug][gc,phases      ] GC(19)     Prepare Merge Heap Roots: 0,02ms
[15,874s][debug][gc,phases      ] GC(19)     Remembered Sets (ms):          Min: 0,03, Avg: 0,04, Max: 0,08, Diff: 0,05, Sum: 0,66, Workers: 15
[15,874s][debug][gc,phases      ] GC(19)       Eager Reclaim (ms):            skipped
[15,874s][debug][gc,phases      ] GC(19)       Merged Inline                  Min: 0, Avg:  0,0, Max: 0, Diff: 0, Sum: 0, Workers: 15
[15,874s][debug][gc,phases      ] GC(19)       Merged ArrayOfCards            Min: 0, Avg:  0,0, Max: 0, Diff: 0, Sum: 0, Workers: 15
[15,874s][debug][gc,phases      ] GC(19)       Merged Howl                    Min: 0, Avg:  0,0, Max: 0, Diff: 0, Sum: 0, Workers: 15
[15,874s][debug][gc,phases      ] GC(19)       Merged Full                    Min: 0, Avg:  0,0, Max: 0, Diff: 0, Sum: 0, Workers: 15
[15,874s][debug][gc,phases      ] GC(19)       Merged Howl Inline             Min: 0, Avg:  0,0, Max: 0, Diff: 0, Sum: 0, Workers: 15
[15,875s][debug][gc,phases      ] GC(19)       Merged Howl ArrayOfCards       Min: 0, Avg:  0,0, Max: 0, Diff: 0, Sum: 0, Workers: 15
[15,875s][debug][gc,phases      ] GC(19)       Merged Howl BitMap             Min: 0, Avg:  0,0, Max: 0, Diff: 0, Sum: 0, Workers: 15
[15,875s][debug][gc,phases      ] GC(19)       Merged Howl Full               Min: 0, Avg:  0,0, Max: 0, Diff: 0, Sum: 0, Workers: 15
[15,875s][debug][gc,phases      ] GC(19)       Merged Cards                   Min: 8, Avg:  8,0, Max: 8, Diff: 0, Sum: 120, Workers: 15
[15,875s][debug][gc,phases      ] GC(19)     Log Buffers (ms):              Min: 0,03, Avg: 0,04, Max: 0,06, Diff: 0,03, Sum: 0,64, Workers: 15
[15,875s][debug][gc,phases      ] GC(19)       Dirty Cards:                   Min: 176, Avg: 373,9, Max: 649, Diff: 473, Sum: 5608, Workers: 15
[15,875s][debug][gc,phases      ] GC(19)       Skipped Cards:                 Min: 0, Avg:  0,0, Max: 0, Diff: 0, Sum: 0, Workers: 15
[15,875s][info ][gc,phases      ] GC(19)   Evacuate Collection Set: 44,46ms
[15,875s][debug][gc,phases      ] GC(19)     Ext Root Scanning (ms):        Min: 0,00, Avg: 0,05, Max: 0,26, Diff: 0,26, Sum: 0,70, Workers: 15
[15,875s][debug][gc,phases      ] GC(19)     Scan Heap Roots (ms):          Min: 0,11, Avg: 0,37, Max: 0,59, Diff: 0,48, Sum: 5,60, Workers: 15
[15,875s][debug][gc,phases      ] GC(19)       Scanned Cards:                 Min: 83, Avg: 371,9, Max: 612, Diff: 529, Sum: 5579, Workers: 15
[15,875s][debug][gc,phases      ] GC(19)       Scanned Blocks:                Min: 68, Avg: 314,7, Max: 541, Diff: 473, Sum: 4720, Workers: 15
[15,875s][debug][gc,phases      ] GC(19)       Claimed Chunks:                Min: 60, Avg: 258,1, Max: 479, Diff: 419, Sum: 3872, Workers: 15
[15,875s][debug][gc,phases      ] GC(19)       Found Roots:                   Min: 130, Avg: 574,6, Max: 907, Diff: 777, Sum: 8619, Workers: 15
[15,875s][debug][gc,phases      ] GC(19)     Code Root Scan (ms):           Min: 0,02, Avg: 0,02, Max: 0,03, Diff: 0,02, Sum: 0,32, Workers: 15
[15,875s][debug][gc,phases      ] GC(19)       Scanned Nmethods               Min: 0, Avg:  0,0, Max: 0, Diff: 0, Sum: 0, Workers: 15
[15,875s][debug][gc,phases      ] GC(19)     Object Copy (ms):              Min: 43,43, Avg: 43,67, Max: 44,09, Diff: 0,66, Sum: 655,06, Workers: 15
[15,875s][debug][gc,phases      ] GC(19)     Termination (ms):              Min: 0,02, Avg: 0,19, Max: 0,23, Diff: 0,21, Sum: 2,85, Workers: 15
[15,875s][debug][gc,phases      ] GC(19)       Termination Attempts:          Min: 1, Avg:  1,0, Max: 1, Diff: 0, Sum: 15, Workers: 15
[15,875s][debug][gc,phases      ] GC(19)     GC Worker Other (ms):          Min: 0,03, Avg: 0,03, Max: 0,04, Diff: 0,01, Sum: 0,52, Workers: 15
[15,875s][debug][gc,phases      ] GC(19)     GC Worker Total (ms):          Min: 44,23, Avg: 44,34, Max: 44,43, Diff: 0,20, Sum: 665,06, Workers: 15
[15,875s][info ][gc,phases      ] GC(19)   Post Evacuate Collection Set: 2,70ms
[15,875s][debug][gc,phases      ] GC(19)     NMethod List Cleanup: 0,01ms
[15,875s][debug][gc,phases      ] GC(19)     Reference Processing: 2,01ms
[15,875s][debug][gc,phases,ref  ] GC(19)       Notify Soft/WeakReferences: 0,4ms
[15,875s][debug][gc,phases,ref  ] GC(19)         Balance queues: 0,0ms
[15,875s][debug][gc,phases,ref  ] GC(19)         SoftRef (ms):                  Min: 0,00, Avg: 0,00, Max: 0,00, Diff: 0,00, Sum: 0,00, Workers: 2
[15,875s][debug][gc,phases,ref  ] GC(19)         WeakRef (ms):                  Min: 0,00, Avg: 0,00, Max: 0,00, Diff: 0,00, Sum: 0,00, Workers: 2
[15,875s][debug][gc,phases,ref  ] GC(19)         FinalRef (ms):                 Min: 0,07, Avg: 0,09, Max: 0,11, Diff: 0,05, Sum: 0,18, Workers: 2
[15,875s][debug][gc,phases,ref  ] GC(19)         Total (ms):                    Min: 0,12, Avg: 0,18, Max: 0,24, Diff: 0,12, Sum: 0,35, Workers: 2
[15,875s][debug][gc,phases,ref  ] GC(19)       Notify and keep alive finalizable: 1,5ms
[15,875s][debug][gc,phases,ref  ] GC(19)         Balance queues: 0,0ms
[15,875s][debug][gc,phases,ref  ] GC(19)         FinalRef (ms):                 Min: 1,10, Avg: 1,20, Max: 1,45, Diff: 0,35, Sum: 17,98, Workers: 15
[15,875s][debug][gc,phases,ref  ] GC(19)       Notify PhantomReferences: 0,1ms
[15,875s][debug][gc,phases,ref  ] GC(19)         PhantomRef (ms):               Min: 0,01, Avg: 0,01, Max: 0,01, Diff: 0,00, Sum: 0,01, Workers: 1
[15,875s][debug][gc,phases,ref  ] GC(19)       SoftReference Discovered: 0, Dropped: 0, Processed: 0
[15,875s][debug][gc,phases,ref  ] GC(19)       WeakReference Discovered: 0, Dropped: 0, Processed: 0
[15,875s][debug][gc,phases,ref  ] GC(19)       FinalReference Discovered: 1526, Dropped: 0, Processed: 1526
[15,875s][debug][gc,phases,ref  ] GC(19)       PhantomReference Discovered: 38, Dropped: 3, Processed: 35
[15,875s][debug][gc,phases      ] GC(19)     Weak Processing: 0,08ms
[15,875s][debug][gc,phases      ] GC(19)       VM Weak                        Min: 0,00, Avg: 0,00, Max: 0,00, Diff: 0,00, Sum: 0,01, Workers: 15
[15,875s][debug][gc,phases      ] GC(19)         Dead                           Min: 0, Avg:  0,0, Max: 0, Diff: 0, Sum: 0, Workers: 15
[15,875s][debug][gc,phases      ] GC(19)         Total                          Min: 0, Avg: 11,0, Max: 165, Diff: 165, Sum: 165, Workers: 15
[15,875s][debug][gc,phases      ] GC(19)       ObjectSynchronizer Weak        Min: 0,00, Avg: 0,00, Max: 0,00, Diff: 0,00, Sum: 0,01, Workers: 15
[15,875s][debug][gc,phases      ] GC(19)         Dead                           Min: 0, Avg:  0,0, Max: 0, Diff: 0, Sum: 0, Workers: 15
[15,875s][debug][gc,phases      ] GC(19)         Total                          Min: 0, Avg:  2,2, Max: 33, Diff: 33, Sum: 33, Workers: 15
[15,875s][debug][gc,phases      ] GC(19)       JVMTI Tag Weak OopStorage      Min: 0,00, Avg: 0,00, Max: 0,00, Diff: 0,00, Sum: 0,00, Workers: 15
[15,875s][debug][gc,phases      ] GC(19)         Dead                           Min: 0, Avg:  0,0, Max: 0, Diff: 0, Sum: 0, Workers: 15
[15,875s][debug][gc,phases      ] GC(19)         Total                          Min: 0, Avg:  0,0, Max: 0, Diff: 0, Sum: 0, Workers: 15
[15,875s][debug][gc,phases      ] GC(19)       StringTable Weak               Min: 0,00, Avg: 0,01, Max: 0,02, Diff: 0,02, Sum: 0,12, Workers: 15
[15,875s][debug][gc,phases      ] GC(19)         Dead                           Min: 0, Avg:  0,0, Max: 0, Diff: 0, Sum: 0, Workers: 15
[15,875s][debug][gc,phases      ] GC(19)         Total                          Min: 0, Avg: 564,3, Max: 1600, Diff: 1600, Sum: 8465, Workers: 15
[15,875s][debug][gc,phases      ] GC(19)       ResolvedMethodTable Weak       Min: 0,00, Avg: 0,00, Max: 0,00, Diff: 0,00, Sum: 0,04, Workers: 15
[15,875s][debug][gc,phases      ] GC(19)         Dead                           Min: 0, Avg:  0,0, Max: 0, Diff: 0, Sum: 0, Workers: 15
[15,875s][debug][gc,phases      ] GC(19)         Total                          Min: 0, Avg: 113,1, Max: 192, Diff: 192, Sum: 1697, Workers: 15
[15,875s][debug][gc,phases      ] GC(19)       JNI Weak                       Min: 0,00, Avg: 0,00, Max: 0,01, Diff: 0,01, Sum: 0,01, Workers: 15
[15,875s][debug][gc,phases      ] GC(19)         Dead                           Min: 0, Avg:  0,0, Max: 0, Diff: 0, Sum: 0, Workers: 15
[15,875s][debug][gc,phases      ] GC(19)         Total                          Min: 0, Avg:  0,0, Max: 0, Diff: 0, Sum: 0, Workers: 15
[15,875s][debug][gc,phases      ] GC(19)       StringDedup Table Weak         Min: 0,00, Avg: 0,01, Max: 0,02, Diff: 0,02, Sum: 0,15, Workers: 15
[15,875s][debug][gc,phases      ] GC(19)         Dead                           Min: 0, Avg:  0,0, Max: 0, Diff: 0, Sum: 0, Workers: 15
[15,875s][debug][gc,phases      ] GC(19)         Total                          Min: 0, Avg: 873,2, Max: 1664, Diff: 1664, Sum: 13098, Workers: 15
[15,875s][debug][gc,phases      ] GC(19)       StringDedup Requests0 Weak     Min: 0,00, Avg: 0,00, Max: 0,00, Diff: 0,00, Sum: 0,01, Workers: 15
[15,875s][debug][gc,phases      ] GC(19)         Dead                           Min: 0, Avg:  0,0, Max: 0, Diff: 0, Sum: 0, Workers: 15
[15,875s][debug][gc,phases      ] GC(19)         Total                          Min: 0, Avg:  0,0, Max: 0, Diff: 0, Sum: 0, Workers: 15
[15,875s][debug][gc,phases      ] GC(19)       StringDedup Requests1 Weak     Min: 0,00, Avg: 0,00, Max: 0,00, Diff: 0,00, Sum: 0,01, Workers: 15
[15,875s][debug][gc,phases      ] GC(19)         Dead                           Min: 0, Avg:  0,0, Max: 0, Diff: 0, Sum: 0, Workers: 15
[15,876s][debug][gc,phases      ] GC(19)         Total                          Min: 0, Avg: 17,1, Max: 64, Diff: 64, Sum: 256, Workers: 15
[15,876s][debug][gc,phases      ] GC(19)       Weak JFR Old Object Samples    Min: 0,00, Avg: 0,00, Max: 0,00, Diff: 0,00, Sum: 0,00, Workers: 15
[15,876s][debug][gc,phases      ] GC(19)         Dead                           Min: 0, Avg:  0,0, Max: 0, Diff: 0, Sum: 0, Workers: 15
[15,876s][debug][gc,phases      ] GC(19)         Total                          Min: 0, Avg:  0,0, Max: 0, Diff: 0, Sum: 0, Workers: 15
[15,876s][debug][gc,phases      ] GC(19)     Post Evacuate Cleanup 1: 0,23ms
[15,876s][debug][gc,phases      ] GC(19)       Merge Per-Thread State (ms):   Min: 0,05, Avg: 0,05, Max: 0,05, Diff: 0,00, Sum: 0,05, Workers: 1
[15,876s][debug][gc,phases      ] GC(19)         Copied Bytes                   Min: 21563368, Avg: 31531415,5, Max: 41607944, Diff: 20044576, Sum: 472971232, Workers: 15
[15,876s][debug][gc,phases      ] GC(19)         LAB Waste                      Min: 528, Avg: 3861,3, Max: 7704, Diff: 7176, Sum: 57920, Workers: 15
[15,876s][debug][gc,phases      ] GC(19)         LAB Undo Waste                 Min: 0, Avg:  0,0, Max: 0, Diff: 0, Sum: 0, Workers: 15
[15,876s][debug][gc,phases      ] GC(19)         Evac Fail Extra Cards          Min: 0, Avg:  0,0, Max: 0, Diff: 0, Sum: 0, Workers: 15
[15,876s][debug][gc,phases      ] GC(19)       Clear Logged Cards (ms):       Min: 0,00, Avg: 0,07, Max: 0,14, Diff: 0,14, Sum: 0,34, Workers: 5
[15,876s][debug][gc,phases      ] GC(19)       Recalculate Used Memory (ms):  Min: 0,00, Avg: 0,00, Max: 0,00, Diff: 0,00, Sum: 0,00, Workers: 1
[15,876s][debug][gc,phases      ] GC(19)     Post Evacuate Cleanup 2: 0,20ms
[15,876s][debug][gc,phases      ] GC(19)       Update Derived Pointers (ms):  Min: 0,00, Avg: 0,00, Max: 0,00, Diff: 0,00, Sum: 0,00, Workers: 1
[15,876s][debug][gc,phases      ] GC(19)       Eagerly Reclaim Humongous Objects (ms): skipped
[15,876s][debug][gc,phases      ] GC(19)         Humongous Total                skipped
[15,876s][debug][gc,phases      ] GC(19)         Humongous Candidates           skipped
[15,876s][debug][gc,phases      ] GC(19)         Humongous Reclaimed            skipped
[15,876s][debug][gc,phases      ] GC(19)       Redirty Logged Cards (ms):     Min: 0,00, Avg: 0,00, Max: 0,01, Diff: 0,01, Sum: 0,05, Workers: 15
[15,876s][debug][gc,phases      ] GC(19)         Redirtied Cards:               Min: 0, Avg: 171,2, Max: 797, Diff: 797, Sum: 2568, Workers: 15
[15,876s][debug][gc,phases      ] GC(19)       Resize TLABs (ms):             Min: 0,00, Avg: 0,00, Max: 0,01, Diff: 0,01, Sum: 0,01, Workers: 15
[15,876s][debug][gc,phases      ] GC(19)       Free Collection Set (ms):      Min: 0,02, Avg: 0,07, Max: 0,09, Diff: 0,08, Sum: 1,00, Workers: 15
[15,876s][debug][gc,phases      ] GC(19)     Rebuild Free List: 0,07ms
[15,876s][debug][gc,phases      ] GC(19)     Prepare For Mutator: 0,10ms
[15,876s][debug][gc,phases      ] GC(19)     Expand Heap After Collection: 0,00ms
[15,876s][info ][gc,phases      ] GC(19)   Other: 0,53ms
[15,876s][debug][gc,remset      ] GC(19) Coarsening (recent): Inline->AoC 0 (0) AoC->Howl 0 (0) Howl->Full 0 (0) Inline->AoC 0 (0) AoC->BitMap 0 (0) BitMap->Full 0 (0) 
[15,876s][debug][gc,remset      ] GC(19) Coarsening (all): Inline->AoC 0 (0) AoC->Howl 0 (0) Howl->Full 0 (0) Inline->AoC 0 (0) AoC->BitMap 0 (0) BitMap->Full 0 (0) 
[15,876s][info ][gc,heap        ] GC(19) Eden regions: 286->0(249)
[15,876s][info ][gc,heap        ] GC(19) Survivor regions: 42->41(41)
[15,876s][info ][gc,heap        ] GC(19) Old regions: 654->729
[15,876s][info ][gc,heap        ] GC(19) Humongous regions: 0->0
[15,876s][info ][gc,metaspace   ] GC(19) Metaspace: 20717K(21056K)->20717K(21056K) NonClass: 18105K(18304K)->18105K(18304K) Class: 2611K(2752K)->2611K(2752K)
[15,876s][debug][gc,heap        ] GC(19) Heap after GC invocations=20 (full 0):
[15,876s][debug][gc,heap        ] GC(19)  garbage-first heap   total reserved 8388608K, committed 5246976K, used 3148833K [0x0000000600000000, 0x0000000800000000)
[15,876s][debug][gc,heap        ] GC(19)   region size 4096K, 41 young (167936K), 41 survivors (167936K)
[15,876s][debug][gc,heap        ] GC(19)  Metaspace       used 20717K, committed 21056K, reserved 1114112K
[15,876s][debug][gc,heap        ] GC(19)   class space    used 2611K, committed 2752K, reserved 1048576K
[15,876s][info ][gc             ] GC(19) Pause Young (Concurrent Start) (G1 Evacuation Pause) 3925M->3075M(5124M) 50,356ms
[15,876s][info ][gc,cpu         ] GC(19) User=0,67s Sys=0,01s Real=0,05s
[15,876s][debug][gc,task        ] G1 Service Thread (Card Set Free Memory Task) (run: 2,209ms) (cpu: 0,087ms)
[15,876s][info ][gc             ] GC(20) Concurrent Mark Cycle
[15,876s][info ][gc,marking     ] GC(20) Concurrent Scan Root Regions
[15,876s][debug][gc,ergo        ] GC(20) Running G1 Root Region Scan using 4 workers for 117 work units.
[15,876s][debug][gc,refine      ] Concurrent refinement: wanted 0, cards: 2568, predicted: 4853, time: 422,21ms
[15,910s][info ][gc,marking     ] GC(20) Concurrent Scan Root Regions 33,640ms
[15,910s][info ][gc,marking     ] GC(20) Concurrent Mark
[15,910s][info ][gc,marking     ] GC(20) Concurrent Mark From Roots
[15,910s][info ][gc,task        ] GC(20) Using 4 workers of 4 for marking
[15,958s][debug][gc,refine      ] Concurrent refinement: wanted 0, cards: 2568, predicted: 4789, time: 410,32ms
[15,985s][debug][gc,stats       ] ---------------------------------------------------------------------
[15,985s][debug][gc,stats       ] Marking Stats, task = 0, calls = 8
[15,985s][debug][gc,stats       ]   Elapsed time = 74,88ms, Termination time = 0,00ms
[15,985s][debug][gc,stats       ]   Step Times (cum): num = 8, avg = 9,23ms, sd = 2,63ms max = 12,00ms, total = 73,86ms
[15,985s][debug][gc,stats       ]   Mark Stats Cache: hits 1430531 misses 1 ratio 100,000
[15,985s][debug][gc,stats       ] ---------------------------------------------------------------------
[15,985s][debug][gc,stats       ] Marking Stats, task = 1, calls = 8
[15,985s][debug][gc,stats       ]   Elapsed time = 74,82ms, Termination time = 0,01ms
[15,985s][debug][gc,stats       ]   Step Times (cum): num = 8, avg = 9,35ms, sd = 2,39ms max = 12,00ms, total = 74,80ms
[15,985s][debug][gc,stats       ]   Mark Stats Cache: hits 1538359 misses 1 ratio 100,000
[15,985s][debug][gc,stats       ] ---------------------------------------------------------------------
[15,985s][debug][gc,stats       ] Marking Stats, task = 2, calls = 9
[15,985s][debug][gc,stats       ]   Elapsed time = 74,81ms, Termination time = 0,20ms
[15,985s][debug][gc,stats       ]   Step Times (cum): num = 9, avg = 8,21ms, sd = 3,41ms max = 10,77ms, total = 73,93ms
[15,985s][debug][gc,stats       ]   Mark Stats Cache: hits 1554530 misses 1 ratio 100,000
[15,985s][debug][gc,stats       ] ---------------------------------------------------------------------
[15,985s][debug][gc,stats       ] Marking Stats, task = 3, calls = 9
[15,985s][debug][gc,stats       ]   Elapsed time = 74,76ms, Termination time = 0,19ms
[15,985s][debug][gc,stats       ]   Step Times (cum): num = 9, avg = 8,29ms, sd = 3,49ms max = 12,00ms, total = 74,62ms
[15,985s][debug][gc,stats       ]   Mark Stats Cache: hits 1546171 misses 1 ratio 100,000
[15,985s][debug][gc,stats       ] ---------------------------------------------------------------------
[15,985s][info ][gc,marking     ] GC(20) Concurrent Mark From Roots 75,350ms
[15,985s][info ][gc,marking     ] GC(20) Concurrent Preclean
[15,985s][debug][gc,ref,start   ] GC(20) Preclean SoftReferences
[15,985s][debug][gc,ref         ] GC(20) Preclean SoftReferences 0,017ms
[15,985s][debug][gc,ref,start   ] GC(20) Preclean WeakReferences
[15,985s][debug][gc,ref         ] GC(20) Preclean WeakReferences 0,045ms
[15,985s][debug][gc,ref,start   ] GC(20) Preclean FinalReferences
[15,986s][debug][gc,ref         ] GC(20) Preclean FinalReferences 0,019ms
[15,986s][debug][gc,ref,start   ] GC(20) Preclean PhantomReferences
[15,986s][debug][gc,ref         ] GC(20) Preclean PhantomReferences 0,050ms
[15,986s][info ][gc,marking     ] GC(20) Concurrent Preclean 0,208ms
[15,986s][info ][gc,start       ] GC(20) Pause Remark
[15,986s][debug][gc,phases,start] GC(20) Finalize Marking
[15,986s][debug][gc,stats       ] ---------------------------------------------------------------------
[15,986s][debug][gc,stats       ] Marking Stats, task = 0, calls = 9
[15,986s][debug][gc,stats       ]   Elapsed time = 0,18ms, Termination time = 0,17ms
[15,986s][debug][gc,stats       ]   Step Times (cum): num = 9, avg = 8,21ms, sd = 3,82ms max = 12,00ms, total = 73,86ms
[15,986s][debug][gc,stats       ]   Mark Stats Cache: hits 1430531 misses 1 ratio 100,000
[15,986s][debug][gc,stats       ] ---------------------------------------------------------------------
[15,986s][debug][gc,stats       ] Marking Stats, task = 1, calls = 9
[15,986s][debug][gc,stats       ]   Elapsed time = 0,19ms, Termination time = 0,19ms
[15,986s][debug][gc,stats       ]   Step Times (cum): num = 9, avg = 8,32ms, sd = 3,69ms max = 12,00ms, total = 74,84ms
[15,986s][debug][gc,stats       ]   Mark Stats Cache: hits 1538359 misses 1 ratio 100,000
[15,986s][debug][gc,stats       ] ---------------------------------------------------------------------
[15,986s][debug][gc,stats       ] Marking Stats, task = 2, calls = 10
[15,986s][debug][gc,stats       ]   Elapsed time = 0,18ms, Termination time = 0,37ms
[15,986s][debug][gc,stats       ]   Step Times (cum): num = 10, avg = 7,40ms, sd = 4,06ms max = 10,77ms, total = 73,96ms
[15,986s][debug][gc,stats       ]   Mark Stats Cache: hits 1554530 misses 1 ratio 100,000
[15,986s][debug][gc,stats       ] ---------------------------------------------------------------------
[15,986s][debug][gc,stats       ] Marking Stats, task = 3, calls = 10
[15,986s][debug][gc,stats       ]   Elapsed time = 0,16ms, Termination time = 0,33ms
[15,986s][debug][gc,stats       ]   Step Times (cum): num = 10, avg = 7,47ms, sd = 4,14ms max = 12,00ms, total = 74,65ms
[15,986s][debug][gc,stats       ]   Mark Stats Cache: hits 1546171 misses 1 ratio 100,000
[15,986s][debug][gc,stats       ] ---------------------------------------------------------------------
[15,986s][debug][gc,stats       ] Marking Stats, task = 4, calls = 1
[15,986s][debug][gc,stats       ]   Elapsed time = 0,17ms, Termination time = 0,16ms
[15,986s][debug][gc,stats       ]   Step Times (cum): num = 1, avg = 0,04ms, sd = 0,00ms max = 0,04ms, total = 0,04ms
[15,986s][debug][gc,stats       ]   Mark Stats Cache: hits 3876 misses 1 ratio 99,974
[15,986s][debug][gc,stats       ] ---------------------------------------------------------------------
[15,986s][debug][gc,stats       ] Marking Stats, task = 5, calls = 1
[15,986s][debug][gc,stats       ]   Elapsed time = 0,11ms, Termination time = 0,09ms
[15,986s][debug][gc,stats       ]   Step Times (cum): num = 1, avg = 0,03ms, sd = 0,00ms max = 0,03ms, total = 0,03ms
[15,986s][debug][gc,stats       ]   Mark Stats Cache: hits 10 misses 0 ratio 100,000
[15,986s][debug][gc,stats       ] ---------------------------------------------------------------------
[15,986s][debug][gc,stats       ] Marking Stats, task = 6, calls = 1
[15,986s][debug][gc,stats       ]   Elapsed time = 0,16ms, Termination time = 0,14ms
[15,986s][debug][gc,stats       ]   Step Times (cum): num = 1, avg = 0,03ms, sd = 0,00ms max = 0,03ms, total = 0,03ms
[15,986s][debug][gc,stats       ]   Mark Stats Cache: hits 75 misses 0 ratio 100,000
[15,986s][debug][gc,stats       ] ---------------------------------------------------------------------
[15,986s][debug][gc,stats       ] Marking Stats, task = 7, calls = 1
[15,986s][debug][gc,stats       ]   Elapsed time = 0,10ms, Termination time = 0,09ms
[15,986s][debug][gc,stats       ]   Step Times (cum): num = 1, avg = 0,05ms, sd = 0,00ms max = 0,05ms, total = 0,05ms
[15,986s][debug][gc,stats       ]   Mark Stats Cache: hits 7 misses 0 ratio 100,000
[15,986s][debug][gc,stats       ] ---------------------------------------------------------------------
[15,987s][debug][gc,stats       ] Marking Stats, task = 8, calls = 1
[15,987s][debug][gc,stats       ]   Elapsed time = 0,11ms, Termination time = 0,10ms
[15,987s][debug][gc,stats       ]   Step Times (cum): num = 1, avg = 0,04ms, sd = 0,00ms max = 0,04ms, total = 0,04ms
[15,987s][debug][gc,stats       ]   Mark Stats Cache: hits 0 misses 0 ratio 0,000
[15,987s][debug][gc,stats       ] ---------------------------------------------------------------------
[15,987s][debug][gc,stats       ] Marking Stats, task = 9, calls = 1
[15,987s][debug][gc,stats       ]   Elapsed time = 0,06ms, Termination time = 0,05ms
[15,987s][debug][gc,stats       ]   Step Times (cum): num = 1, avg = 0,04ms, sd = 0,00ms max = 0,04ms, total = 0,04ms
[15,987s][debug][gc,stats       ]   Mark Stats Cache: hits 0 misses 0 ratio 0,000
[15,987s][debug][gc,stats       ] ---------------------------------------------------------------------
[15,987s][debug][gc,stats       ] Marking Stats, task = 10, calls = 1
[15,987s][debug][gc,stats       ]   Elapsed time = 0,11ms, Termination time = 0,10ms
[15,987s][debug][gc,stats       ]   Step Times (cum): num = 1, avg = 0,06ms, sd = 0,00ms max = 0,06ms, total = 0,06ms
[15,987s][debug][gc,stats       ]   Mark Stats Cache: hits 0 misses 0 ratio 0,000
[15,987s][debug][gc,stats       ] ---------------------------------------------------------------------
[15,987s][debug][gc,stats       ] Marking Stats, task = 11, calls = 1
[15,987s][debug][gc,stats       ]   Elapsed time = 0,10ms, Termination time = 0,09ms
[15,987s][debug][gc,stats       ]   Step Times (cum): num = 1, avg = 0,05ms, sd = 0,00ms max = 0,05ms, total = 0,05ms
[15,987s][debug][gc,stats       ]   Mark Stats Cache: hits 0 misses 0 ratio 0,000
[15,987s][debug][gc,stats       ] ---------------------------------------------------------------------
[15,987s][debug][gc,stats       ] Marking Stats, task = 12, calls = 1
[15,987s][debug][gc,stats       ]   Elapsed time = 0,02ms, Termination time = 0,01ms
[15,987s][debug][gc,stats       ]   Step Times (cum): num = 1, avg = 0,00ms, sd = 0,00ms max = 0,00ms, total = 0,00ms
[15,987s][debug][gc,stats       ]   Mark Stats Cache: hits 0 misses 0 ratio 0,000
[15,987s][debug][gc,stats       ] ---------------------------------------------------------------------
[15,987s][debug][gc,stats       ] Marking Stats, task = 13, calls = 1
[15,987s][debug][gc,stats       ]   Elapsed time = 0,04ms, Termination time = 0,02ms
[15,987s][debug][gc,stats       ]   Step Times (cum): num = 1, avg = 0,06ms, sd = 0,00ms max = 0,06ms, total = 0,06ms
[15,987s][debug][gc,stats       ]   Mark Stats Cache: hits 0 misses 0 ratio 0,000
[15,987s][debug][gc,stats       ] ---------------------------------------------------------------------
[15,987s][debug][gc,stats       ] Marking Stats, task = 14, calls = 1
[15,987s][debug][gc,stats       ]   Elapsed time = 0,03ms, Termination time = 0,02ms
[15,987s][debug][gc,stats       ]   Step Times (cum): num = 1, avg = 0,04ms, sd = 0,00ms max = 0,04ms, total = 0,04ms
[15,987s][debug][gc,stats       ]   Mark Stats Cache: hits 0 misses 0 ratio 0,000
[15,987s][debug][gc,stats       ] ---------------------------------------------------------------------
[15,987s][debug][gc,phases      ] GC(20) Finalize Marking 0,978ms
[15,987s][debug][gc,phases,start] GC(20) Reference Processing
[15,987s][debug][gc,ref         ] GC(20) ReferenceProcessor::execute queues: 1, RefProcThreadModel::Single, marks_oops_alive: false
[15,987s][debug][gc,ref         ] GC(20) ReferenceProcessor::execute queues: 15, RefProcThreadModel::Multi, marks_oops_alive: true
[15,987s][debug][gc,ref         ] GC(20) Skipped PhantomRefsPhase of Reference Processing: no references
[15,987s][debug][gc,phases,ref  ] GC(20) Reference Processing: 0,4ms
[15,987s][debug][gc,phases,ref  ] GC(20)   Notify Soft/WeakReferences: 0,1ms
[15,987s][debug][gc,phases,ref  ] GC(20)     SoftRef (ms):                  Min: 0,00, Avg: 0,00, Max: 0,00, Diff: 0,00, Sum: 0,00, Workers: 1
[15,987s][debug][gc,phases,ref  ] GC(20)     WeakRef (ms):                  Min: 0,00, Avg: 0,00, Max: 0,00, Diff: 0,00, Sum: 0,00, Workers: 1
[15,987s][debug][gc,phases,ref  ] GC(20)     FinalRef (ms):                 Min: 0,00, Avg: 0,00, Max: 0,00, Diff: 0,00, Sum: 0,00, Workers: 1
[15,987s][debug][gc,phases,ref  ] GC(20)     Total (ms):                    Min: 0,02, Avg: 0,02, Max: 0,02, Diff: 0,00, Sum: 0,02, Workers: 1
[15,987s][debug][gc,phases,ref  ] GC(20)   Notify and keep alive finalizable: 0,3ms
[15,987s][debug][gc,phases,ref  ] GC(20)     Balance queues: 0,0ms
[15,987s][debug][gc,phases,ref  ] GC(20)     FinalRef (ms):                 Min: 0,02, Avg: 0,10, Max: 0,21, Diff: 0,19, Sum: 1,57, Workers: 15
[15,987s][debug][gc,phases,ref  ] GC(20)   Notify PhantomReferences: 0,0ms
[15,987s][debug][gc,phases,ref  ] GC(20)     PhantomRef (ms):               skipped
[15,987s][debug][gc,phases,ref  ] GC(20)   SoftReference Discovered: 0, Dropped: 0, Processed: 0
[15,987s][debug][gc,phases,ref  ] GC(20)   WeakReference Discovered: 0, Dropped: 0, Processed: 0
[15,987s][debug][gc,phases,ref  ] GC(20)   FinalReference Discovered: 23, Dropped: 0, Processed: 23
[15,987s][debug][gc,phases,ref  ] GC(20)   PhantomReference Discovered: 0, Dropped: 0, Processed: 0
[15,987s][debug][gc,phases      ] GC(20) Reference Processing 0,534ms
[15,987s][debug][gc,phases,start] GC(20) Weak Processing
[15,987s][debug][gc,phases      ] GC(20)   VM Weak                        Min: 0,00, Avg: 0,00, Max: 0,00, Diff: 0,00, Sum: 0,01, Workers: 15
[15,987s][debug][gc,phases      ] GC(20)     Dead                           Min: 0, Avg:  0,0, Max: 0, Diff: 0, Sum: 0, Workers: 15
[15,987s][debug][gc,phases      ] GC(20)     Total                          Min: 0, Avg: 11,0, Max: 64, Diff: 64, Sum: 165, Workers: 15
[15,987s][debug][gc,phases      ] GC(20)   ObjectSynchronizer Weak        Min: 0,00, Avg: 0,00, Max: 0,00, Diff: 0,00, Sum: 0,00, Workers: 15
[15,988s][debug][gc,phases      ] GC(20)     Dead                           Min: 0, Avg:  0,2, Max: 3, Diff: 3, Sum: 3, Workers: 15
[15,988s][debug][gc,phases      ] GC(20)     Total                          Min: 0, Avg:  2,2, Max: 33, Diff: 33, Sum: 33, Workers: 15
[15,988s][debug][gc,phases      ] GC(20)   JVMTI Tag Weak OopStorage      Min: 0,00, Avg: 0,00, Max: 0,00, Diff: 0,00, Sum: 0,00, Workers: 15
[15,988s][debug][gc,phases      ] GC(20)     Dead                           Min: 0, Avg:  0,0, Max: 0, Diff: 0, Sum: 0, Workers: 15
[15,988s][debug][gc,phases      ] GC(20)     Total                          Min: 0, Avg:  0,0, Max: 0, Diff: 0, Sum: 0, Workers: 15
[15,988s][debug][gc,phases      ] GC(20)   StringTable Weak               Min: 0,00, Avg: 0,01, Max: 0,03, Diff: 0,03, Sum: 0,13, Workers: 15
[15,988s][debug][gc,phases      ] GC(20)     Dead                           Min: 0, Avg:  0,0, Max: 0, Diff: 0, Sum: 0, Workers: 15
[15,988s][debug][gc,phases      ] GC(20)     Total                          Min: 0, Avg: 564,3, Max: 2304, Diff: 2304, Sum: 8465, Workers: 15
[15,988s][debug][gc,phases      ] GC(20)   ResolvedMethodTable Weak       Min: 0,00, Avg: 0,00, Max: 0,01, Diff: 0,01, Sum: 0,03, Workers: 15
[15,988s][debug][gc,phases      ] GC(20)     Dead                           Min: 0, Avg:  0,0, Max: 0, Diff: 0, Sum: 0, Workers: 15
[15,988s][debug][gc,phases      ] GC(20)     Total                          Min: 0, Avg: 113,1, Max: 510, Diff: 510, Sum: 1697, Workers: 15
[15,988s][debug][gc,phases      ] GC(20)   JNI Weak                       Min: 0,00, Avg: 0,00, Max: 0,00, Diff: 0,00, Sum: 0,01, Workers: 15
[15,988s][debug][gc,phases      ] GC(20)     Dead                           Min: 0, Avg:  0,0, Max: 0, Diff: 0, Sum: 0, Workers: 15
[15,988s][debug][gc,phases      ] GC(20)     Total                          Min: 0, Avg:  0,0, Max: 0, Diff: 0, Sum: 0, Workers: 15
[15,988s][debug][gc,phases      ] GC(20)   StringDedup Table Weak         Min: 0,00, Avg: 0,01, Max: 0,03, Diff: 0,03, Sum: 0,15, Workers: 15
[15,988s][debug][gc,phases      ] GC(20)     Dead                           Min: 0, Avg:  0,5, Max: 3, Diff: 3, Sum: 7, Workers: 15
[15,988s][debug][gc,phases      ] GC(20)     Total                          Min: 0, Avg: 873,3, Max: 3563, Diff: 3563, Sum: 13099, Workers: 15
[15,988s][debug][gc,phases      ] GC(20)   StringDedup Requests0 Weak     Min: 0,00, Avg: 0,00, Max: 0,00, Diff: 0,00, Sum: 0,00, Workers: 15
[15,988s][debug][gc,phases      ] GC(20)     Dead                           Min: 0, Avg:  0,0, Max: 0, Diff: 0, Sum: 0, Workers: 15
[15,988s][debug][gc,phases      ] GC(20)     Total                          Min: 0, Avg:  0,0, Max: 0, Diff: 0, Sum: 0, Workers: 15
[15,988s][debug][gc,phases      ] GC(20)   StringDedup Requests1 Weak     Min: 0,00, Avg: 0,00, Max: 0,00, Diff: 0,00, Sum: 0,00, Workers: 15
[15,988s][debug][gc,phases      ] GC(20)     Dead                           Min: 0, Avg:  0,0, Max: 0, Diff: 0, Sum: 0, Workers: 15
[15,988s][debug][gc,phases      ] GC(20)     Total                          Min: 0, Avg:  0,0, Max: 0, Diff: 0, Sum: 0, Workers: 15
[15,988s][debug][gc,phases      ] GC(20)   Weak JFR Old Object Samples    Min: 0,00, Avg: 0,00, Max: 0,00, Diff: 0,00, Sum: 0,00, Workers: 15
[15,988s][debug][gc,phases      ] GC(20)     Dead                           Min: 0, Avg:  0,0, Max: 0, Diff: 0, Sum: 0, Workers: 15
[15,988s][debug][gc,phases      ] GC(20)     Total                          Min: 0, Avg:  0,0, Max: 0, Diff: 0, Sum: 0, Workers: 15
[15,988s][debug][gc,phases      ] GC(20) Weak Processing 0,404ms
[15,988s][debug][gc,phases,start] GC(20) Class Unloading
[15,988s][debug][gc,phases,start] GC(20) ClassLoaderData
[15,988s][debug][gc,phases      ] GC(20) ClassLoaderData 0,031ms
[15,988s][debug][gc,phases,start] GC(20) Trigger cleanups
[15,988s][debug][gc,phases      ] GC(20) Trigger cleanups 0,009ms
[15,988s][debug][gc,phases,start] GC(20) G1 Complete Cleaning
[15,989s][debug][gc,phases      ] GC(20) G1 Complete Cleaning 0,866ms
[15,989s][debug][gc,phases,start] GC(20) Purge Unlinked NMethods
[15,989s][debug][gc,phases      ] GC(20) Purge Unlinked NMethods 0,010ms
[15,989s][debug][gc,phases,start] GC(20) Free Code Blobs
[15,989s][debug][gc,phases      ] GC(20) Free Code Blobs 0,010ms
[15,989s][debug][gc,phases,start] GC(20) Purge Class Loader Data
[15,989s][debug][gc,phases      ] GC(20) Purge Class Loader Data 0,562ms
[15,989s][debug][gc,phases      ] GC(20) Class Unloading 1,576ms
[15,989s][debug][gc,phases,start] GC(20) Flush Task Caches
[15,989s][debug][gc,stats       ] Mark stats cache hits 6073582 misses 5 ratio 100,000
[15,989s][debug][gc,phases      ] GC(20) Flush Task Caches 0,054ms
[15,989s][debug][gc,phases,start] GC(20) Update Remembered Set Tracking Before Rebuild
[15,989s][debug][gc,ergo        ] GC(20) Running G1 Update RemSet Tracking Before Rebuild using 4 workers for 1281 regions in heap
[15,990s][debug][gc,remset,tracking] GC(20) Remembered Set Tracking update regions total 1281, selected 180
[15,990s][debug][gc,phases         ] GC(20) Update Remembered Set Tracking Before Rebuild 0,177ms
[15,990s][debug][gc,phases,start   ] GC(20) Reclaim Empty Regions
[15,990s][debug][gc                ] GC(20) Reclaimed 412 empty regions
[15,990s][debug][gc,phases         ] GC(20) Reclaim Empty Regions 0,529ms
[15,990s][debug][gc,ergo,heap      ] GC(20) Attempt heap shrinking (capacity higher than max desired capacity). Capacity: 5372903424B occupancy: 1501560832B live: 1538295344B maximum_desired_capacity: 5368709120B (70 %)
[15,990s][debug][gc,heap,region    ] GC(20) Deactivate regions [1269, 1270)
[15,990s][debug][gc,ergo,heap      ] GC(20) Shrink the heap. requested shrinking amount: 4194304B aligned shrinking amount: 4194304B actual amount shrunk: 4194304B
[15,990s][debug][gc,heap           ] GC(20) Uncommittable regions after shrink: 1
[15,990s][debug][gc,ihop           ] GC(20) Target occupancy update: old: 5368709120B, new: 5368709120B
[15,990s][debug][gc,task           ] GC(20) G1 Service Thread (G1 Uncommit Region Task) (register)
[15,990s][debug][gc,phases,start   ] GC(20) Report Object Count
[15,990s][debug][gc,phases         ] GC(20) Report Object Count 0,010ms
[15,990s][debug][gc,task,start     ] G1 Service Thread (G1 Uncommit Region Task) (run 0,011ms after schedule)
[15,990s][debug][gc,mmu            ] GC(20) MMU: 52,8ms (200,0ms/201,0ms)
[15,990s][info ][gc                ] GC(20) Pause Remark 3115M->1467M(5120M) 4,577ms
[15,990s][info ][gc,cpu            ] GC(20) User=0,02s Sys=0,00s Real=0,00s
[15,991s][info ][gc,marking        ] GC(20) Concurrent Mark 80,548ms
[15,991s][info ][gc,marking        ] GC(20) Concurrent Rebuild Remembered Sets and Scrub Regions
[15,991s][debug][gc,heap,region    ] Uncommit regions [1269, 1270)
[15,991s][debug][gc,heap           ] Concurrent Uncommit Summary: 4096K, 1 regions, 0,508ms
[15,991s][debug][gc,task           ] G1 Service Thread (G1 Uncommit Region Task) (run: 0,656ms) (cpu: 0,546ms)
[16,040s][debug][gc,refine         ] Concurrent refinement: wanted 0, cards: 2568, predicted: 4715, time: 396,73ms
[16,119s][debug][gc,refine         ] Concurrent refinement: wanted 0, cards: 2568, predicted: 4628, time: 380,59ms
[16,197s][debug][gc,refine         ] Concurrent refinement: wanted 0, cards: 2568, predicted: 4531, time: 362,75ms
[16,249s][info ][gc,marking        ] GC(20) Concurrent Rebuild Remembered Sets and Scrub Regions 258,041ms
[16,249s][info ][gc,start          ] GC(20) Pause Cleanup
[16,249s][debug][gc,phases,start   ] GC(20) Update Remembered Set Tracking After Rebuild
[16,249s][debug][gc,phases         ] GC(20) Update Remembered Set Tracking After Rebuild 0,058ms
[16,249s][debug][gc,phases,start   ] GC(20) Finalize Concurrent Mark Cleanup
[16,249s][debug][gc,ergo,cset      ] GC(20) Pruned 73 regions out of 180, leaving 266476120 bytes waste (allowed 268435456)
[16,249s][debug][gc,mmu            ] GC(20) MMU: 0,4ms (200,0ms/201,0ms)
[16,249s][debug][gc,phases         ] GC(20) Finalize Concurrent Mark Cleanup 0,377ms
[16,249s][info ][gc                ] GC(20) Pause Cleanup 1595M->1595M(5120M) 0,522ms
[16,249s][info ][gc,cpu            ] GC(20) User=0,00s Sys=0,00s Real=0,00s
[16,250s][info ][gc,marking        ] GC(20) Concurrent Clear Claimed Marks
[16,250s][info ][gc,marking        ] GC(20) Concurrent Clear Claimed Marks 0,066ms
[16,250s][info ][gc,marking        ] GC(20) Concurrent Cleanup for Next Mark
[16,250s][debug][gc,ergo           ] GC(20) Running G1 Clear Bitmap with 4 workers for 80 work units.
[16,252s][info ][gc,marking        ] GC(20) Concurrent Cleanup for Next Mark 2,690ms
[16,252s][info ][gc                ] GC(20) Concurrent Mark Cycle 376,189ms
[16,273s][debug][gc,refine         ] Concurrent refinement: wanted 0, cards: 2568, predicted: 4439, time: 345,76ms
[16,348s][debug][gc,refine         ] Concurrent refinement: wanted 0, cards: 2568, predicted: 3671, time: 203,89ms
[16,389s][info ][gc,start          ] GC(21) Pause Young (Prepare Mixed) (G1 Evacuation Pause)
[16,389s][debug][gc,heap           ] GC(21) Heap before GC invocations=21 (full 0):
[16,389s][debug][gc,heap           ] GC(21)  garbage-first heap   total reserved 8388608K, committed 5242880K, used 2477089K [0x0000000600000000, 0x0000000800000000)
[16,389s][debug][gc,heap           ] GC(21)   region size 4096K, 290 young (1187840K), 41 survivors (167936K)
[16,389s][debug][gc,heap           ] GC(21)  Metaspace       used 20717K, committed 21056K, reserved 1114112K
[16,389s][debug][gc,heap           ] GC(21)   class space    used 2611K, committed 2752K, reserved 1048576K
[16,389s][info ][gc,task           ] GC(21) Using 15 workers of 15 for evacuation
[16,389s][debug][gc,age            ] GC(21) Desired survivor size 77594624 bytes, new threshold 1 (max threshold 15)
[16,389s][debug][gc,tlab           ] GC(21) TLAB totals: thrds: 20  refills: 1164 max: 131 slow allocs: 1522 max 115 waste:  0,9% gc: 5665480B max: 651552B slow: 3349504B max: 313304B
[16,389s][debug][gc,refine,stats   ] GC(21) Mutator refinement: 0,00ms, refined: 0, precleaned: 0, dirtied: 1331
[16,389s][debug][gc,refine,stats   ] GC(21) Concurrent refinement: 0,00ms, refined: 0, precleaned: 0, dirtied: 0
[16,389s][debug][gc,refine,stats   ] GC(21) Total refinement: 0,00ms, refined: 0, precleaned: 0, dirtied: 1331
[16,389s][debug][gc,refine,stats   ] GC(21) Generate dirty cards rate: 2,61 cards/ms
[16,389s][debug][gc,alloc,region   ] GC(21) Mutator Allocation stats, regions: 249, wasted size: 4280B ( 0,0%)
[16,389s][debug][gc,ergo,cset      ] GC(21) Do not add marking candidates to collection set due to pause type.
[16,389s][debug][gc,ergo,cset      ] GC(21) Start adding retained candidates to collection set. Min 1 regions, available 0, time remaining 40,00ms, optional remaining 40,00ms
[16,389s][debug][gc,ergo,cset      ] GC(21) Retained candidates exhausted.
[16,389s][debug][gc,ergo,cset      ] GC(21) Finish adding retained candidates to collection set. Initial: 0, optional: 0, pinned: 0, predicted initial time: 0,00ms, predicted optional time: 0,00ms, time remaining: 40,00ms optional time remaining 40,00ms
[16,389s][debug][gc,ergo           ] GC(21) Running G1 Merge Heap Roots using 15 workers for 290 regions
[16,390s][debug][gc,remset         ] GC(21) Visited cards 163712 Total dirty 1359872 (12,04%) Total old 7348224 (2,23%)
[16,400s][debug][gc,task,start     ] G1 Service Thread (Periodic GC Task) (run 0,935ms after schedule)
[16,400s][debug][gc,task           ] G1 Service Thread (Periodic GC Task) (run: 0,126ms) (cpu: 0,138ms)
[16,424s][debug][gc,ref            ] GC(21) ReferenceProcessor::execute queues: 2, RefProcThreadModel::Multi, marks_oops_alive: false
[16,424s][debug][gc,ref            ] GC(21) ReferenceProcessor::execute queues: 15, RefProcThreadModel::Multi, marks_oops_alive: true
[16,425s][debug][gc,ref            ] GC(21) Skipped PhantomRefsPhase of Reference Processing: no references
[16,425s][debug][gc,ergo           ] GC(21) Initializing removing self forwards with 128 chunks per region
[16,429s][debug][gc,ergo           ] GC(21) Running G1 Rebuild Free List Task using 15 workers for rebuilding free list of regions
[16,429s][debug][gc,plab           ] GC(21) Young PLAB allocation: allocated: 155189248B, wasted: 26608B, unused: 1311616B, used: 153851024B, undo waste: 0B, 
[16,429s][debug][gc,plab           ] GC(21) Young other allocation: region end waste: 0B, regions filled: 37, num plab filled: 85, direct allocated: 0B, num direct allocated: 0, failure used: 0B, failure wasted: 0B
[16,429s][debug][gc,plab           ] GC(21) Young sizing: calculated: 30770200B, actual: 31565168B
[16,429s][debug][gc,plab           ] GC(21) Old PLAB allocation: allocated: 190840832B, wasted: 14672B, unused: 13221456B, used: 177604704B, undo waste: 0B, 
[16,429s][debug][gc,plab           ] GC(21) Old other allocation: region end waste: 0B, regions filled: 46, num plab filled: 91, direct allocated: 0B, num direct allocated: 0, failure used: 1161112B, failure wasted: 7227496B
[16,429s][debug][gc,plab           ] GC(21) Old sizing: calculated: 35520936B, actual: 42662808B
[16,429s][debug][gc,ergo,heap      ] GC(21) Heap expansion: short term pause time ratio 0,17% long term pause time ratio 4,54% threshold 7,69% pause time ratio 7,69% fully expanded false resize by 0B
[16,429s][debug][gc,mmu            ] GC(21) MMU: 40,6ms (200,0ms/201,0ms)
[16,429s][debug][gc,task,start     ] G1 Service Thread (Card Set Free Memory Task) (run 0,059ms after schedule)
[16,429s][debug][gc,alloc,stats    ] Old generation allocation in the last mutator period, old gen allocated: 199229440B, humongous allocated: 0B, old gen growth: 199229440B.
[16,429s][debug][gc,ihop           ] GC(21) Basic information (value update), threshold: 2415919104B (45,00), target occupancy: 5368709120B, current occupancy: 1678804528B, recent allocation size: 199229440B, recent allocation duration: 510,02ms, recent old gen allocation rate: 390627673,28B/s, recent marking phase length: 0,00ms
[16,429s][debug][gc,ihop           ] GC(21) Adaptive IHOP information (value update), threshold: 2415919104B (47,37), internal target occupancy: 5100273664B, occupancy: 1678804528B, additional buffer size: 1849688064B, predicted old gen allocation rate: 857664683,92B/s, predicted marking phase length: 0,00ms, prediction active: false
[16,429s][debug][gc,ergo,refine    ] GC(21) GC refinement: goal: 303994 + 1187 / 20,00ms, actual: 3899 / 0,30ms, 
[16,429s][debug][gc,ergo,refine    ] GC(21) New pending cards target: 281876
[16,429s][info ][gc,phases         ] GC(21)   Pre Evacuate Collection Set: 0,25ms
[16,429s][debug][gc,phases         ] GC(21)     Pre Evacuate Prepare: 0,04ms
[16,429s][debug][gc,phases         ] GC(21)       JT Retire TLABs And Flush Logs (ms): Min: 0,00, Avg: 0,01, Max: 0,01, Diff: 0,01, Sum: 0,01, Workers: 2
[16,429s][debug][gc,phases         ] GC(21)       Non-JT Flush Logs (ms):        Min: 0,01, Avg: 0,01, Max: 0,01, Diff: 0,00, Sum: 0,01, Workers: 1
[16,429s][debug][gc,phases         ] GC(21)     Choose Collection Set: 0,06ms
[16,430s][debug][gc,phases         ] GC(21)     Region Register: 0,15ms
[16,430s][debug][gc,phases         ] GC(21)     Prepare Heap Roots: 0,00ms
[16,430s][info ][gc,phases         ] GC(21)   Merge Heap Roots: 0,48ms
[16,430s][debug][gc,phases         ] GC(21)     Prepare Merge Heap Roots: 0,02ms
[16,430s][debug][gc,phases         ] GC(21)     Remembered Sets (ms):          Min: 0,01, Avg: 0,04, Max: 0,07, Diff: 0,06, Sum: 0,62, Workers: 15
[16,430s][debug][gc,phases         ] GC(21)       Eager Reclaim (ms):            skipped
[16,430s][debug][gc,phases         ] GC(21)       Merged Inline                  Min: 0, Avg:  9,4, Max: 71, Diff: 71, Sum: 141, Workers: 15
[16,430s][debug][gc,phases         ] GC(21)       Merged ArrayOfCards            Min: 0, Avg: 12,5, Max: 78, Diff: 78, Sum: 188, Workers: 15
[16,430s][debug][gc,phases         ] GC(21)       Merged Howl                    Min: 0, Avg:  0,1, Max: 1, Diff: 1, Sum: 1, Workers: 15
[16,430s][debug][gc,phases         ] GC(21)       Merged Full                    Min: 0, Avg:  0,0, Max: 0, Diff: 0, Sum: 0, Workers: 15
[16,430s][debug][gc,phases         ] GC(21)       Merged Howl Inline             Min: 0, Avg:  0,3, Max: 5, Diff: 5, Sum: 5, Workers: 15
[16,430s][debug][gc,phases         ] GC(21)       Merged Howl ArrayOfCards       Min: 0, Avg:  0,2, Max: 3, Diff: 3, Sum: 3, Workers: 15
[16,430s][debug][gc,phases         ] GC(21)       Merged Howl BitMap             Min: 0, Avg:  0,0, Max: 0, Diff: 0, Sum: 0, Workers: 15
[16,430s][debug][gc,phases         ] GC(21)       Merged Howl Full               Min: 0, Avg:  0,0, Max: 0, Diff: 0, Sum: 0, Workers: 15
[16,430s][debug][gc,phases         ] GC(21)       Merged Cards                   Min: 8, Avg: 198,0, Max: 1285, Diff: 1277, Sum: 2970, Workers: 15
[16,430s][debug][gc,phases         ] GC(21)     Log Buffers (ms):              Min: 0,00, Avg: 0,01, Max: 0,03, Diff: 0,03, Sum: 0,14, Workers: 15
[16,430s][debug][gc,phases         ] GC(21)       Dirty Cards:                   Min: 0, Avg: 259,9, Max: 1429, Diff: 1429, Sum: 3899, Workers: 15
[16,430s][debug][gc,phases         ] GC(21)       Skipped Cards:                 Min: 0, Avg:  0,0, Max: 0, Diff: 0, Sum: 0, Workers: 15
[16,430s][info ][gc,phases         ] GC(21)   Evacuate Collection Set: 34,18ms
[16,430s][debug][gc,phases         ] GC(21)     Ext Root Scanning (ms):        Min: 0,00, Avg: 0,06, Max: 0,23, Diff: 0,23, Sum: 0,92, Workers: 15
[16,430s][debug][gc,phases         ] GC(21)     Scan Heap Roots (ms):          Min: 0,03, Avg: 0,29, Max: 0,46, Diff: 0,42, Sum: 4,34, Workers: 15
[16,430s][debug][gc,phases         ] GC(21)       Scanned Cards:                 Min: 17, Avg: 251,6, Max: 499, Diff: 482, Sum: 3774, Workers: 15
[16,430s][debug][gc,phases         ] GC(21)       Scanned Blocks:                Min: 13, Avg: 186,1, Max: 375, Diff: 362, Sum: 2791, Workers: 15
[16,430s][debug][gc,phases         ] GC(21)       Claimed Chunks:                Min: 13, Avg: 170,5, Max: 339, Diff: 326, Sum: 2558, Workers: 15
[16,430s][debug][gc,phases         ] GC(21)       Found Roots:                   Min: 52, Avg: 552,7, Max: 1079, Diff: 1027, Sum: 8291, Workers: 15
[16,430s][debug][gc,phases         ] GC(21)     Code Root Scan (ms):           Min: 0,02, Avg: 0,02, Max: 0,03, Diff: 0,02, Sum: 0,29, Workers: 15
[16,430s][debug][gc,phases         ] GC(21)       Scanned Nmethods               Min: 0, Avg:  0,0, Max: 0, Diff: 0, Sum: 0, Workers: 15
[16,430s][debug][gc,phases         ] GC(21)     Object Copy (ms):              Min: 33,39, Avg: 33,55, Max: 33,81, Diff: 0,42, Sum: 503,26, Workers: 15
[16,430s][debug][gc,phases         ] GC(21)     Termination (ms):              Min: 0,05, Avg: 0,07, Max: 0,14, Diff: 0,09, Sum: 1,04, Workers: 15
[16,430s][debug][gc,phases         ] GC(21)       Termination Attempts:          Min: 1, Avg:  1,0, Max: 1, Diff: 0, Sum: 15, Workers: 15
[16,430s][debug][gc,phases         ] GC(21)     GC Worker Other (ms):          Min: 0,03, Avg: 0,03, Max: 0,04, Diff: 0,02, Sum: 0,51, Workers: 15
[16,430s][debug][gc,phases         ] GC(21)     GC Worker Total (ms):          Min: 33,93, Avg: 34,02, Max: 34,09, Diff: 0,17, Sum: 510,37, Workers: 15
[16,430s][info ][gc,phases         ] GC(21)   Post Evacuate Collection Set: 5,06ms
[16,430s][debug][gc,phases         ] GC(21)     NMethod List Cleanup: 0,01ms
[16,430s][debug][gc,phases         ] GC(21)     Reference Processing: 0,65ms
[16,430s][debug][gc,phases,ref     ] GC(21)       Notify Soft/WeakReferences: 0,4ms
[16,430s][debug][gc,phases,ref     ] GC(21)         Balance queues: 0,0ms
[16,430s][debug][gc,phases,ref     ] GC(21)         SoftRef (ms):                  Min: 0,00, Avg: 0,00, Max: 0,00, Diff: 0,00, Sum: 0,00, Workers: 2
[16,430s][debug][gc,phases,ref     ] GC(21)         WeakRef (ms):                  Min: 0,00, Avg: 0,00, Max: 0,00, Diff: 0,00, Sum: 0,00, Workers: 2
[16,430s][debug][gc,phases,ref     ] GC(21)         FinalRef (ms):                 Min: 0,15, Avg: 0,15, Max: 0,15, Diff: 0,00, Sum: 0,31, Workers: 2
[16,430s][debug][gc,phases,ref     ] GC(21)         Total (ms):                    Min: 0,16, Avg: 0,16, Max: 0,16, Diff: 0,00, Sum: 0,32, Workers: 2
[16,430s][debug][gc,phases,ref     ] GC(21)       Notify and keep alive finalizable: 0,3ms
[16,430s][debug][gc,phases,ref     ] GC(21)         Balance queues: 0,0ms
[16,430s][debug][gc,phases,ref     ] GC(21)         FinalRef (ms):                 Min: 0,10, Avg: 0,16, Max: 0,21, Diff: 0,11, Sum: 2,45, Workers: 15
[16,430s][debug][gc,phases,ref     ] GC(21)       Notify PhantomReferences: 0,0ms
[16,430s][debug][gc,phases,ref     ] GC(21)         PhantomRef (ms):               skipped
[16,430s][debug][gc,phases,ref     ] GC(21)       SoftReference Discovered: 0, Dropped: 0, Processed: 0
[16,430s][debug][gc,phases,ref     ] GC(21)       WeakReference Discovered: 0, Dropped: 0, Processed: 0
[16,430s][debug][gc,phases,ref     ] GC(21)       FinalReference Discovered: 1616, Dropped: 4, Processed: 1612
[16,430s][debug][gc,phases,ref     ] GC(21)       PhantomReference Discovered: 0, Dropped: 0, Processed: 0
[16,430s][debug][gc,phases         ] GC(21)     Weak Processing: 0,10ms
[16,430s][debug][gc,phases         ] GC(21)       VM Weak                        Min: 0,00, Avg: 0,00, Max: 0,00, Diff: 0,00, Sum: 0,01, Workers: 15
[16,430s][debug][gc,phases         ] GC(21)         Dead                           Min: 0, Avg:  0,0, Max: 0, Diff: 0, Sum: 0, Workers: 15
[16,430s][debug][gc,phases         ] GC(21)         Total                          Min: 0, Avg: 11,0, Max: 101, Diff: 101, Sum: 165, Workers: 15
[16,430s][debug][gc,phases         ] GC(21)       ObjectSynchronizer Weak        Min: 0,00, Avg: 0,00, Max: 0,00, Diff: 0,00, Sum: 0,01, Workers: 15
[16,430s][debug][gc,phases         ] GC(21)         Dead                           Min: 0, Avg:  0,0, Max: 0, Diff: 0, Sum: 0, Workers: 15
[16,430s][debug][gc,phases         ] GC(21)         Total                          Min: 0, Avg:  2,2, Max: 33, Diff: 33, Sum: 33, Workers: 15
[16,430s][debug][gc,phases         ] GC(21)       JVMTI Tag Weak OopStorage      Min: 0,00, Avg: 0,00, Max: 0,00, Diff: 0,00, Sum: 0,00, Workers: 15
[16,430s][debug][gc,phases         ] GC(21)         Dead                           Min: 0, Avg:  0,0, Max: 0, Diff: 0, Sum: 0, Workers: 15
[16,430s][debug][gc,phases         ] GC(21)         Total                          Min: 0, Avg:  0,0, Max: 0, Diff: 0, Sum: 0, Workers: 15
[16,430s][debug][gc,phases         ] GC(21)       StringTable Weak               Min: 0,00, Avg: 0,01, Max: 0,07, Diff: 0,07, Sum: 0,19, Workers: 15
[16,430s][debug][gc,phases         ] GC(21)         Dead                           Min: 0, Avg:  0,0, Max: 0, Diff: 0, Sum: 0, Workers: 15
[16,430s][debug][gc,phases         ] GC(21)         Total                          Min: 0, Avg: 564,3, Max: 1856, Diff: 1856, Sum: 8465, Workers: 15
[16,430s][debug][gc,phases         ] GC(21)       ResolvedMethodTable Weak       Min: 0,00, Avg: 0,00, Max: 0,02, Diff: 0,02, Sum: 0,06, Workers: 15
[16,431s][debug][gc,phases         ] GC(21)         Dead                           Min: 0, Avg:  0,0, Max: 0, Diff: 0, Sum: 0, Workers: 15
[16,431s][debug][gc,phases         ] GC(21)         Total                          Min: 0, Avg: 113,1, Max: 384, Diff: 384, Sum: 1697, Workers: 15
[16,431s][debug][gc,phases         ] GC(21)       JNI Weak                       Min: 0,00, Avg: 0,00, Max: 0,00, Diff: 0,00, Sum: 0,00, Workers: 15
[16,431s][debug][gc,phases         ] GC(21)         Dead                           Min: 0, Avg:  0,0, Max: 0, Diff: 0, Sum: 0, Workers: 15
[16,431s][debug][gc,phases         ] GC(21)         Total                          Min: 0, Avg:  0,0, Max: 0, Diff: 0, Sum: 0, Workers: 15
[16,431s][debug][gc,phases         ] GC(21)       StringDedup Table Weak         Min: 0,00, Avg: 0,01, Max: 0,03, Diff: 0,03, Sum: 0,17, Workers: 15
[16,431s][debug][gc,phases         ] GC(21)         Dead                           Min: 0, Avg:  0,0, Max: 0, Diff: 0, Sum: 0, Workers: 15
[16,431s][debug][gc,phases         ] GC(21)         Total                          Min: 0, Avg: 873,3, Max: 2560, Diff: 2560, Sum: 13099, Workers: 15
[16,431s][debug][gc,phases         ] GC(21)       StringDedup Requests0 Weak     Min: 0,00, Avg: 0,00, Max: 0,00, Diff: 0,00, Sum: 0,01, Workers: 15
[16,431s][debug][gc,phases         ] GC(21)         Dead                           Min: 0, Avg:  0,0, Max: 0, Diff: 0, Sum: 0, Workers: 15
[16,431s][debug][gc,phases         ] GC(21)         Total                          Min: 0, Avg: 12,8, Max: 64, Diff: 64, Sum: 192, Workers: 15
[16,431s][debug][gc,phases         ] GC(21)       StringDedup Requests1 Weak     Min: 0,00, Avg: 0,00, Max: 0,00, Diff: 0,00, Sum: 0,00, Workers: 15
[16,431s][debug][gc,phases         ] GC(21)         Dead                           Min: 0, Avg:  0,0, Max: 0, Diff: 0, Sum: 0, Workers: 15
[16,431s][debug][gc,phases         ] GC(21)         Total                          Min: 0, Avg:  0,0, Max: 0, Diff: 0, Sum: 0, Workers: 15
[16,431s][debug][gc,phases         ] GC(21)       Weak JFR Old Object Samples    Min: 0,00, Avg: 0,00, Max: 0,00, Diff: 0,00, Sum: 0,00, Workers: 15
[16,431s][debug][gc,phases         ] GC(21)         Dead                           Min: 0, Avg:  0,0, Max: 0, Diff: 0, Sum: 0, Workers: 15
[16,431s][debug][gc,phases         ] GC(21)         Total                          Min: 0, Avg:  0,0, Max: 0, Diff: 0, Sum: 0, Workers: 15
[16,431s][debug][gc,phases         ] GC(21)     Post Evacuate Cleanup 1: 3,85ms
[16,431s][debug][gc,phases         ] GC(21)       Merge Per-Thread State (ms):   Min: 0,05, Avg: 0,05, Max: 0,05, Diff: 0,00, Sum: 0,05, Workers: 1
[16,431s][debug][gc,phases         ] GC(21)         Copied Bytes                   Min: 18383288, Avg: 22097048,5, Max: 25128280, Diff: 6744992, Sum: 331455728, Workers: 15
[16,431s][debug][gc,phases         ] GC(21)         LAB Waste                      Min: 248, Avg: 2752,0, Max: 6520, Diff: 6272, Sum: 41280, Workers: 15
[16,431s][debug][gc,phases         ] GC(21)         LAB Undo Waste                 Min: 0, Avg:  0,0, Max: 0, Diff: 0, Sum: 0, Workers: 15
[16,431s][debug][gc,phases         ] GC(21)         Evac Fail Extra Cards          Min: 0, Avg:  0,1, Max: 2, Diff: 2, Sum: 2, Workers: 15
[16,431s][debug][gc,phases         ] GC(21)       Clear Logged Cards (ms):       Min: 0,00, Avg: 0,02, Max: 0,12, Diff: 0,12, Sum: 0,26, Workers: 15
[16,431s][debug][gc,phases         ] GC(21)       Recalculate Used Memory (ms):  Min: 0,03, Avg: 0,03, Max: 0,03, Diff: 0,00, Sum: 0,03, Workers: 1
[16,431s][debug][gc,phases         ] GC(21)       Restore Evacuation Failed Regions (ms): Min: 0,00, Avg: 0,27, Max: 3,73, Diff: 3,72, Sum: 4,05, Workers: 15
[16,431s][debug][gc,phases         ] GC(21)         Evacuation Failed Regions:     Min: 2, Avg:  2,0, Max: 2, Diff: 0, Sum: 2, Workers: 1
[16,431s][debug][gc,phases         ] GC(21)         Pinned Regions:                Min: 1, Avg:  1,0, Max: 1, Diff: 0, Sum: 2, Workers: 2
[16,431s][debug][gc,phases         ] GC(21)         Allocation Failed Regions:     skipped
[16,431s][debug][gc,phases         ] GC(21)         Remove Self Forwards (ms):     Min: 0,02, Avg: 0,03, Max: 0,05, Diff: 0,03, Sum: 0,19, Workers: 6
[16,431s][debug][gc,phases         ] GC(21)           Forward Chunks:                Min: 3, Avg:  6,0, Max: 9, Diff: 6, Sum: 36, Workers: 6
[16,431s][debug][gc,phases         ] GC(21)           Empty Forward Chunks:          Min: 12, Avg: 36,7, Max: 58, Diff: 46, Sum: 220, Workers: 6
[16,431s][debug][gc,phases         ] GC(21)           Forward Objects:               Min: 3, Avg:  6,0, Max: 9, Diff: 6, Sum: 36, Workers: 6
[16,431s][debug][gc,phases         ] GC(21)           Forward Bytes:                 Min: 31056, Avg: 193518,7, Max: 306224, Diff: 275168, Sum: 1161112, Workers: 6
[16,431s][debug][gc,phases         ] GC(21)     Post Evacuate Cleanup 2: 0,21ms
[16,431s][debug][gc,phases         ] GC(21)       Recalculate Used Memory (ms):  Min: 0,03, Avg: 0,03, Max: 0,03, Diff: 0,00, Sum: 0,03, Workers: 1
[16,431s][debug][gc,phases         ] GC(21)       Restore Preserved Marks (ms):  Min: 0,00, Avg: 0,00, Max: 0,00, Diff: 0,00, Sum: 0,01, Workers: 15
[16,431s][debug][gc,phases         ] GC(21)       Process Evacuation Failed Regions (ms): Min: 0,00, Avg: 0,00, Max: 0,01, Diff: 0,01, Sum: 0,03, Workers: 15
[16,431s][debug][gc,phases         ] GC(21)       Update Derived Pointers (ms):  Min: 0,00, Avg: 0,00, Max: 0,00, Diff: 0,00, Sum: 0,00, Workers: 1
[16,431s][debug][gc,phases         ] GC(21)       Eagerly Reclaim Humongous Objects (ms): skipped
[16,431s][debug][gc,phases         ] GC(21)         Humongous Total                skipped
[16,431s][debug][gc,phases         ] GC(21)         Humongous Candidates           skipped
[16,431s][debug][gc,phases         ] GC(21)         Humongous Reclaimed            skipped
[16,431s][debug][gc,phases         ] GC(21)       Sample CSet Candidates (ms):   Min: 0,03, Avg: 0,03, Max: 0,03, Diff: 0,00, Sum: 0,03, Workers: 1
[16,431s][debug][gc,phases         ] GC(21)       Redirty Logged Cards (ms):     Min: 0,00, Avg: 0,00, Max: 0,02, Diff: 0,02, Sum: 0,04, Workers: 15
[16,431s][debug][gc,phases         ] GC(21)         Redirtied Cards:               Min: 0, Avg: 101,7, Max: 610, Diff: 610, Sum: 1525, Workers: 15
[16,431s][debug][gc,phases         ] GC(21)       Resize TLABs (ms):             Min: 0,00, Avg: 0,00, Max: 0,01, Diff: 0,01, Sum: 0,01, Workers: 15
[16,431s][debug][gc,phases         ] GC(21)       Free Collection Set (ms):      Min: 0,01, Avg: 0,04, Max: 0,09, Diff: 0,08, Sum: 0,62, Workers: 15
[16,431s][debug][gc,phases         ] GC(21)     Rebuild Free List: 0,13ms
[16,431s][debug][gc,phases         ] GC(21)     Prepare For Mutator: 0,11ms
[16,431s][debug][gc,phases         ] GC(21)     Expand Heap After Collection: 0,00ms
[16,431s][info ][gc,phases         ] GC(21)   Other: 0,39ms
[16,431s][debug][gc,remset         ] GC(21) Coarsening (recent): Inline->AoC 852 (0) AoC->Howl 365 (0) Howl->Full 124 (0) Inline->AoC 2422 (0) AoC->BitMap 2341 (0) BitMap->Full 527 (0) 
[16,431s][debug][gc,remset         ] GC(21) Coarsening (all): Inline->AoC 852 (0) AoC->Howl 365 (0) Howl->Full 124 (0) Inline->AoC 2422 (0) AoC->BitMap 2341 (0) BitMap->Full 527 (0) 
[16,431s][info ][gc,heap           ] GC(21) Eden regions: 249->0(404)
[16,431s][info ][gc,heap           ] GC(21) Survivor regions: 41->37(37)
[16,431s][info ][gc,heap           ] GC(21) Old regions: 317->365
[16,431s][info ][gc,heap           ] GC(21) Humongous regions: 0->0
[16,431s][info ][gc,metaspace      ] GC(21) Metaspace: 20717K(21056K)->20717K(21056K) NonClass: 18105K(18304K)->18105K(18304K) Class: 2611K(2752K)->2611K(2752K)
[16,431s][debug][gc,heap           ] GC(21) Heap after GC invocations=22 (full 0):
[16,431s][debug][gc,heap           ] GC(21)  garbage-first heap   total reserved 8388608K, committed 5242880K, used 1639457K [0x0000000600000000, 0x0000000800000000)
[16,431s][debug][gc,heap           ] GC(21)   region size 4096K, 37 young (151552K), 37 survivors (151552K)
[16,431s][debug][gc,heap           ] GC(21)  Metaspace       used 20717K, committed 21056K, reserved 1114112K
[16,432s][debug][gc,heap           ] GC(21)   class space    used 2611K, committed 2752K, reserved 1048576K
[16,432s][info ][gc                ] GC(21) Pause Young (Prepare Mixed) (G1 Evacuation Pause) (Evacuation Failure: Pinned) 2423M->1601M(5120M) 42,628ms
[16,432s][info ][gc,cpu            ] GC(21) User=0,51s Sys=0,00s Real=0,04s
[16,432s][debug][gc,task           ] G1 Service Thread (Card Set Free Memory Task) (run: 2,884ms) (cpu: 0,301ms)
[16,435s][debug][gc,refine         ] Concurrent refinement: wanted 0, cards: 1525, predicted: 4811, time: 675,06ms
[16,538s][debug][gc,refine         ] Concurrent refinement: wanted 0, cards: 2293, predicted: 5179, time: 592,90ms
[16,635s][debug][gc,refine         ] Concurrent refinement: wanted 0, cards: 2805, predicted: 5662, time: 586,94ms
[16,731s][debug][gc,refine         ] Concurrent refinement: wanted 0, cards: 3062, predicted: 5894, time: 581,82ms
[16,827s][debug][gc,refine         ] Concurrent refinement: wanted 0, cards: 3062, predicted: 5799, time: 562,23ms
[16,922s][debug][gc,refine         ] Concurrent refinement: wanted 0, cards: 3062, predicted: 5687, time: 539,23ms
[17,014s][debug][gc,refine         ] Concurrent refinement: wanted 0, cards: 3062, predicted: 5579, time: 517,08ms
[17,104s][debug][gc,refine         ] Concurrent refinement: wanted 0, cards: 3062, predicted: 5471, time: 494,93ms
[17,192s][debug][gc,refine         ] Concurrent refinement: wanted 0, cards: 3062, predicted: 5367, time: 473,64ms
[17,280s][debug][gc,refine         ] Concurrent refinement: wanted 0, cards: 3062, predicted: 5264, time: 452,34ms
[17,365s][debug][gc,refine         ] Concurrent refinement: wanted 0, cards: 3062, predicted: 5164, time: 431,90ms
[17,401s][debug][gc,task,start     ] G1 Service Thread (Periodic GC Task) (run 1,058ms after schedule)
[17,401s][debug][gc,task           ] G1 Service Thread (Periodic GC Task) (run: 0,068ms) (cpu: 0,091ms)
[17,448s][debug][gc,refine         ] Concurrent refinement: wanted 0, cards: 3062, predicted: 5065, time: 411,45ms
[17,530s][debug][gc,refine         ] Concurrent refinement: wanted 0, cards: 3062, predicted: 4969, time: 391,86ms
[17,609s][debug][gc,refine         ] Concurrent refinement: wanted 0, cards: 3062, predicted: 4874, time: 372,27ms
[17,686s][debug][gc,refine         ] Concurrent refinement: wanted 0, cards: 3062, predicted: 4783, time: 353,52ms
[17,761s][debug][gc,refine         ] Concurrent refinement: wanted 0, cards: 3062, predicted: 4695, time: 335,64ms
[17,835s][debug][gc,refine         ] Concurrent refinement: wanted 0, cards: 3063, predicted: 4143, time: 221,98ms
[17,894s][debug][gc,refine         ] Concurrent refinement: wanted 0, cards: 3063, predicted: 3063, time: 25,48ms
[17,902s][info ][gc,start          ] GC(22) Pause Young (Mixed) (G1 Evacuation Pause)
[17,902s][debug][gc,heap           ] GC(22) Heap before GC invocations=22 (full 0):
[17,902s][debug][gc,heap           ] GC(22)  garbage-first heap   total reserved 8388608K, committed 5242880K, used 3294241K [0x0000000600000000, 0x0000000800000000)
[17,902s][debug][gc,heap           ] GC(22)   region size 4096K, 442 young (1810432K), 37 survivors (151552K)
[17,902s][debug][gc,heap           ] GC(22)  Metaspace       used 20717K, committed 21056K, reserved 1114112K
[17,902s][debug][gc,heap           ] GC(22)   class space    used 2611K, committed 2752K, reserved 1048576K
[17,902s][info ][gc,task           ] GC(22) Using 15 workers of 15 for evacuation
[17,902s][debug][gc,age            ] GC(22) Desired survivor size 117440512 bytes, new threshold 1 (max threshold 15)
[17,902s][debug][gc,tlab           ] GC(22) TLAB totals: thrds: 24  refills: 1695 max: 361 slow allocs: 1822 max 153 waste:  0,8% gc: 8051664B max: 1544264B slow: 4478528B max: 665456B
[17,902s][debug][gc,refine,stats   ] GC(22) Mutator refinement: 0,00ms, refined: 0, precleaned: 0, dirtied: 2260
[17,902s][debug][gc,refine,stats   ] GC(22) Concurrent refinement: 0,00ms, refined: 0, precleaned: 0, dirtied: 0
[17,902s][debug][gc,refine,stats   ] GC(22) Total refinement: 0,00ms, refined: 0, precleaned: 0, dirtied: 2260
[17,902s][debug][gc,refine,stats   ] GC(22) Generate dirty cards rate: 1,53 cards/ms
[17,902s][debug][gc,alloc,region   ] GC(22) Mutator Allocation stats, regions: 405, wasted size: 1944B ( 0,0%)
[17,903s][debug][gc,ergo,cset      ] GC(22) Start adding marking candidates to collection set. Min 14 regions, max 128 regions, available 107 regionstime remaining 1,57ms, optional threshold 0,31ms
[17,903s][debug][gc,ergo,cset      ] GC(22) Finish adding marking candidates to collection set (Predicted time too high).
[17,903s][debug][gc,ergo,cset      ] GC(22) Finish adding marking candidates to collection set. Initial: 14, optional: 3, pinned: 0, predicted initial time: 1,27ms, predicted optional time: 0,27ms, time remaining: 0,00ms
[17,903s][debug][gc,ergo,cset      ] GC(22) Start adding retained candidates to collection set. Min 1 regions, available 2, time remaining 0,00ms, optional remaining 40,00ms
[17,903s][debug][gc,ergo,cset      ] GC(22) Retained candidates exhausted.
[17,903s][debug][gc,ergo,cset      ] GC(22) Added 1 retained candidates to collection set although the predicted time was too high.
[17,903s][debug][gc,ergo,cset      ] GC(22) Finish adding retained candidates to collection set. Initial: 1, optional: 1, pinned: 0, predicted initial time: 0,21ms, predicted optional time: 0,21ms, time remaining: 0,00ms optional time remaining 39,58ms
[17,903s][debug][gc,ergo           ] GC(22) Running G1 Merge Heap Roots using 15 workers for 457 regions
[17,903s][debug][gc,remset         ] GC(22) Visited cards 126912 Total dirty 909312 (13,96%) Total old 10354688 (1,23%)
[17,967s][debug][gc,ergo,cset      ] GC(22) Prepared 4 regions out of 4 for optional evacuation. Total predicted time: 0,484ms
[17,967s][debug][gc,ergo           ] GC(22) Running G1 Merge Heap Roots using 4 workers for 4 regions
[17,967s][debug][gc,remset         ] GC(22) Visited cards 256 Total dirty 32768 (0,78%) Total old 11608064 (0,00%)
[17,967s][debug][gc,ref            ] GC(22) ReferenceProcessor::execute queues: 3, RefProcThreadModel::Multi, marks_oops_alive: false
[17,968s][debug][gc,ref            ] GC(22) ReferenceProcessor::execute queues: 15, RefProcThreadModel::Multi, marks_oops_alive: true
[17,968s][debug][gc,ref            ] GC(22) ReferenceProcessor::execute queues: 1, RefProcThreadModel::Single, marks_oops_alive: false
[17,968s][debug][gc,ergo           ] GC(22) Initializing removing self forwards with 128 chunks per region
[17,968s][debug][gc,ergo           ] GC(22) Running G1 Rebuild Free List Task using 15 workers for rebuilding free list of regions
[17,968s][debug][gc,plab           ] GC(22) Young PLAB allocation: allocated: 234881024B, wasted: 37024B, unused: 0B, used: 234844000B, undo waste: 0B, 
[17,968s][debug][gc,plab           ] GC(22) Young other allocation: region end waste: 0B, regions filled: 56, num plab filled: 127, direct allocated: 0B, num direct allocated: 0, failure used: 0B, failure wasted: 0B
[17,968s][debug][gc,plab           ] GC(22) Young sizing: calculated: 46968800B, actual: 43117888B
[17,968s][debug][gc,plab           ] GC(22) Old PLAB allocation: allocated: 392167424B, wasted: 42600B, unused: 14960480B, used: 377164344B, undo waste: 0B, 
[17,968s][debug][gc,plab           ] GC(22) Old other allocation: region end waste: 0B, regions filled: 94, num plab filled: 187, direct allocated: 0B, num direct allocated: 0, failure used: 1011912B, failure wasted: 7376696B
[17,968s][debug][gc,plab           ] GC(22) Old sizing: calculated: 75432864B, actual: 67240352B
[17,968s][debug][gc,task,start     ] G1 Service Thread (Card Set Free Memory Task) (run 0,009ms after schedule)
[17,968s][debug][gc,ergo,heap      ] GC(22) Heap expansion: short term pause time ratio 22,31% long term pause time ratio 5,04% threshold 7,69% pause time ratio 7,69% fully expanded false resize by 0B
[17,969s][debug][gc,mmu            ] GC(22) MMU: 66,1ms (200,0ms/201,0ms)
[17,969s][debug][gc,alloc,stats    ] Old generation allocation in the last mutator period, old gen allocated: 400556032B, humongous allocated: 0B, old gen growth: 400556032B.
[17,969s][debug][gc,ihop           ] GC(22) Basic information (value update), threshold: 2415919104B (45,00), target occupancy: 5368709120B, current occupancy: 2079360560B, recent allocation size: 400556032B, recent allocation duration: 510,02ms, recent old gen allocation rate: 785367216,81B/s, recent marking phase length: 1983,23ms
[17,969s][debug][gc,ihop           ] GC(22) Adaptive IHOP information (value update), threshold: 2415919104B (47,37), internal target occupancy: 5100273664B, occupancy: 2079360560B, additional buffer size: 1849688064B, predicted old gen allocation rate: 857664683,92B/s, predicted marking phase length: 3966,46ms, prediction active: false
[17,969s][debug][gc,ergo,refine    ] GC(22) GC refinement: goal: 281876 + 1086 / 20,00ms, actual: 3784 / 0,31ms, 
[17,969s][debug][gc,ergo,refine    ] GC(22) Unchanged pending cards target: 281876
[17,969s][info ][gc,phases         ] GC(22)   Pre Evacuate Collection Set: 0,24ms
[17,969s][debug][gc,phases         ] GC(22)     Pre Evacuate Prepare: 0,04ms
[17,969s][debug][gc,phases         ] GC(22)       JT Retire TLABs And Flush Logs (ms): Min: 0,00, Avg: 0,01, Max: 0,02, Diff: 0,02, Sum: 0,02, Workers: 2
[17,969s][debug][gc,phases         ] GC(22)       Non-JT Flush Logs (ms):        Min: 0,01, Avg: 0,01, Max: 0,01, Diff: 0,00, Sum: 0,01, Workers: 1
[17,969s][debug][gc,phases         ] GC(22)     Choose Collection Set: 0,08ms
[17,969s][debug][gc,phases         ] GC(22)     Region Register: 0,12ms
[17,969s][debug][gc,phases         ] GC(22)     Prepare Heap Roots: 0,00ms
[17,969s][info ][gc,phases         ] GC(22)   Merge Heap Roots: 0,48ms
[17,969s][debug][gc,phases         ] GC(22)     Prepare Merge Heap Roots: 0,02ms
[17,969s][debug][gc,phases         ] GC(22)     Remembered Sets (ms):          Min: 0,03, Avg: 0,10, Max: 0,13, Diff: 0,10, Sum: 1,52, Workers: 15
[17,969s][debug][gc,phases         ] GC(22)       Eager Reclaim (ms):            skipped
[17,969s][debug][gc,phases         ] GC(22)       Merged Inline                  Min: 0, Avg:  0,7, Max: 11, Diff: 11, Sum: 11, Workers: 15
[17,969s][debug][gc,phases         ] GC(22)       Merged ArrayOfCards            Min: 0, Avg:  0,0, Max: 0, Diff: 0, Sum: 0, Workers: 15
[17,969s][debug][gc,phases         ] GC(22)       Merged Howl                    Min: 0, Avg:  0,0, Max: 0, Diff: 0, Sum: 0, Workers: 15
[17,969s][debug][gc,phases         ] GC(22)       Merged Full                    Min: 0, Avg:  0,0, Max: 0, Diff: 0, Sum: 0, Workers: 15
[17,969s][debug][gc,phases         ] GC(22)       Merged Howl Inline             Min: 0, Avg:  0,0, Max: 0, Diff: 0, Sum: 0, Workers: 15
[17,969s][debug][gc,phases         ] GC(22)       Merged Howl ArrayOfCards       Min: 0, Avg:  0,0, Max: 0, Diff: 0, Sum: 0, Workers: 15
[17,969s][debug][gc,phases         ] GC(22)       Merged Howl BitMap             Min: 0, Avg:  0,0, Max: 0, Diff: 0, Sum: 0, Workers: 15
[17,969s][debug][gc,phases         ] GC(22)       Merged Howl Full               Min: 0, Avg:  0,0, Max: 0, Diff: 0, Sum: 0, Workers: 15
[17,969s][debug][gc,phases         ] GC(22)       Merged Cards                   Min: 8, Avg:  8,9, Max: 21, Diff: 13, Sum: 133, Workers: 15
[17,969s][debug][gc,phases         ] GC(22)     Log Buffers (ms):              Min: 0,00, Avg: 0,02, Max: 0,04, Diff: 0,04, Sum: 0,24, Workers: 15
[17,969s][debug][gc,phases         ] GC(22)       Dirty Cards:                   Min: 0, Avg: 252,3, Max: 605, Diff: 605, Sum: 3784, Workers: 15
[17,969s][debug][gc,phases         ] GC(22)       Skipped Cards:                 Min: 0, Avg:  0,1, Max: 1, Diff: 1, Sum: 1, Workers: 15
[17,969s][info ][gc,phases         ] GC(22)   Evacuate Collection Set: 63,55ms
[17,969s][debug][gc,phases         ] GC(22)     Ext Root Scanning (ms):        Min: 0,00, Avg: 0,06, Max: 0,23, Diff: 0,23, Sum: 0,94, Workers: 15
[17,969s][debug][gc,phases         ] GC(22)     Scan Heap Roots (ms):          Min: 0,08, Avg: 0,29, Max: 0,45, Diff: 0,36, Sum: 4,29, Workers: 15
[17,969s][debug][gc,phases         ] GC(22)       Scanned Cards:                 Min: 68, Avg: 245,7, Max: 447, Diff: 379, Sum: 3685, Workers: 15
[17,969s][debug][gc,phases         ] GC(22)       Scanned Blocks:                Min: 50, Avg: 191,3, Max: 362, Diff: 312, Sum: 2870, Workers: 15
[17,969s][debug][gc,phases         ] GC(22)       Claimed Chunks:                Min: 34, Avg: 132,2, Max: 248, Diff: 214, Sum: 1983, Workers: 15
[17,969s][debug][gc,phases         ] GC(22)       Found Roots:                   Min: 95, Avg: 464,2, Max: 1487, Diff: 1392, Sum: 6963, Workers: 15
[17,969s][debug][gc,phases         ] GC(22)     Code Root Scan (ms):           Min: 0,02, Avg: 0,03, Max: 0,04, Diff: 0,01, Sum: 0,43, Workers: 15
[17,969s][debug][gc,phases         ] GC(22)       Scanned Nmethods               Min: 0, Avg:  0,1, Max: 1, Diff: 1, Sum: 1, Workers: 15
[17,969s][debug][gc,phases         ] GC(22)     Object Copy (ms):              Min: 62,83, Avg: 63,04, Max: 63,27, Diff: 0,44, Sum: 945,62, Workers: 15
[17,969s][debug][gc,phases         ] GC(22)     Termination (ms):              Min: 0,04, Avg: 0,05, Max: 0,06, Diff: 0,02, Sum: 0,79, Workers: 15
[17,969s][debug][gc,phases         ] GC(22)       Termination Attempts:          Min: 1, Avg:  1,0, Max: 1, Diff: 0, Sum: 15, Workers: 15
[17,969s][debug][gc,phases         ] GC(22)     GC Worker Other (ms):          Min: 0,04, Avg: 0,04, Max: 0,05, Diff: 0,01, Sum: 0,61, Workers: 15
[17,969s][debug][gc,phases         ] GC(22)     GC Worker Total (ms):          Min: 63,46, Avg: 63,51, Max: 63,54, Diff: 0,08, Sum: 952,69, Workers: 15
[17,969s][info ][gc,phases         ] GC(22)   Merge Optional Heap Roots: 0,25ms
[17,969s][debug][gc,phases         ] GC(22)     Prepare Optional Merge Heap Roots: 0,02ms
[17,969s][debug][gc,phases         ] GC(22)     Optional Remembered Sets (ms): Min: 0,00, Avg: 0,01, Max: 0,01, Diff: 0,01, Sum: 0,02, Workers: 4
[17,969s][debug][gc,phases         ] GC(22)       Merged Inline                  Min: 0, Avg:  1,0, Max: 2, Diff: 2, Sum: 4, Workers: 4
[17,969s][debug][gc,phases         ] GC(22)       Merged ArrayOfCards            Min: 0, Avg:  0,0, Max: 0, Diff: 0, Sum: 0, Workers: 4
[17,969s][debug][gc,phases         ] GC(22)       Merged Howl                    Min: 0, Avg:  0,0, Max: 0, Diff: 0, Sum: 0, Workers: 4
[17,969s][debug][gc,phases         ] GC(22)       Merged Full                    Min: 0, Avg:  0,0, Max: 0, Diff: 0, Sum: 0, Workers: 4
[17,969s][debug][gc,phases         ] GC(22)       Merged Howl Inline             Min: 0, Avg:  0,0, Max: 0, Diff: 0, Sum: 0, Workers: 4
[17,969s][debug][gc,phases         ] GC(22)       Merged Howl ArrayOfCards       Min: 0, Avg:  0,0, Max: 0, Diff: 0, Sum: 0, Workers: 4
[17,969s][debug][gc,phases         ] GC(22)       Merged Howl BitMap             Min: 0, Avg:  0,0, Max: 0, Diff: 0, Sum: 0, Workers: 4
[17,969s][debug][gc,phases         ] GC(22)       Merged Howl Full               Min: 0, Avg:  0,0, Max: 0, Diff: 0, Sum: 0, Workers: 4
[17,969s][debug][gc,phases         ] GC(22)       Merged Cards                   Min: 8, Avg:  9,2, Max: 10, Diff: 2, Sum: 37, Workers: 4
[17,969s][info ][gc,phases         ] GC(22)   Evacuate Optional Collection Set: 0,17ms
[17,969s][debug][gc,phases         ] GC(22)     Optional Scan Heap Roots (ms): Min: 0,00, Avg: 0,01, Max: 0,02, Diff: 0,02, Sum: 0,10, Workers: 15
[17,969s][debug][gc,phases         ] GC(22)       Scanned Cards:                 Min: 0, Avg:  0,3, Max: 2, Diff: 2, Sum: 5, Workers: 15
[17,969s][debug][gc,phases         ] GC(22)       Scanned Blocks:                Min: 0, Avg:  0,3, Max: 2, Diff: 2, Sum: 5, Workers: 15
[17,969s][debug][gc,phases         ] GC(22)       Claimed Chunks:                Min: 0, Avg:  0,3, Max: 2, Diff: 2, Sum: 4, Workers: 15
[17,969s][debug][gc,phases         ] GC(22)       Found Roots:                   Min: 0, Avg:  0,7, Max: 3, Diff: 3, Sum: 10, Workers: 15
[17,969s][debug][gc,phases         ] GC(22)       Scanned Refs:                  Min: 0, Avg:  0,3, Max: 2, Diff: 2, Sum: 4, Workers: 15
[17,969s][debug][gc,phases         ] GC(22)       Used Memory:                   Min: 0, Avg: 107,2, Max: 536, Diff: 536, Sum: 1608, Workers: 15
[17,969s][debug][gc,phases         ] GC(22)     Optional Object Copy (ms):     Min: 0,00, Avg: 0,00, Max: 0,00, Diff: 0,00, Sum: 0,04, Workers: 15
[17,969s][debug][gc,phases         ] GC(22)     Optional Code Root Scan (ms):  Min: 0,00, Avg: 0,00, Max: 0,00, Diff: 0,00, Sum: 0,01, Workers: 15
[17,969s][debug][gc,phases         ] GC(22)       Scanned Nmethods               Min: 0, Avg:  0,0, Max: 0, Diff: 0, Sum: 0, Workers: 15
[17,969s][debug][gc,phases         ] GC(22)     Optional Termination (ms):     Min: 0,01, Avg: 0,09, Max: 0,12, Diff: 0,11, Sum: 1,34, Workers: 15
[17,969s][debug][gc,phases         ] GC(22)       Optional Termination Attempts: Min: 1, Avg:  1,0, Max: 1, Diff: 0, Sum: 15, Workers: 15
[17,969s][info ][gc,phases         ] GC(22)   Post Evacuate Collection Set: 1,16ms
[17,969s][debug][gc,phases         ] GC(22)     NMethod List Cleanup: 0,01ms
[17,969s][debug][gc,phases         ] GC(22)     Reference Processing: 0,51ms
[17,969s][debug][gc,phases,ref     ] GC(22)       Notify Soft/WeakReferences: 0,2ms
[17,969s][debug][gc,phases,ref     ] GC(22)         Balance queues: 0,0ms
[17,969s][debug][gc,phases,ref     ] GC(22)         SoftRef (ms):                  Min: 0,00, Avg: 0,00, Max: 0,00, Diff: 0,00, Sum: 0,00, Workers: 3
[17,969s][debug][gc,phases,ref     ] GC(22)         WeakRef (ms):                  Min: 0,00, Avg: 0,00, Max: 0,00, Diff: 0,00, Sum: 0,00, Workers: 3
[17,969s][debug][gc,phases,ref     ] GC(22)         FinalRef (ms):                 Min: 0,05, Avg: 0,09, Max: 0,12, Diff: 0,06, Sum: 0,27, Workers: 3
[17,969s][debug][gc,phases,ref     ] GC(22)         Total (ms):                    Min: 0,12, Avg: 0,13, Max: 0,14, Diff: 0,02, Sum: 0,38, Workers: 3
[17,969s][debug][gc,phases,ref     ] GC(22)       Notify and keep alive finalizable: 0,2ms
[17,969s][debug][gc,phases,ref     ] GC(22)         Balance queues: 0,0ms
[17,969s][debug][gc,phases,ref     ] GC(22)         FinalRef (ms):                 Min: 0,08, Avg: 0,12, Max: 0,16, Diff: 0,08, Sum: 1,80, Workers: 15
[17,969s][debug][gc,phases,ref     ] GC(22)       Notify PhantomReferences: 0,1ms
[17,969s][debug][gc,phases,ref     ] GC(22)         PhantomRef (ms):               Min: 0,01, Avg: 0,01, Max: 0,01, Diff: 0,00, Sum: 0,01, Workers: 1
[17,969s][debug][gc,phases,ref     ] GC(22)       SoftReference Discovered: 0, Dropped: 0, Processed: 0
[17,969s][debug][gc,phases,ref     ] GC(22)       WeakReference Discovered: 0, Dropped: 0, Processed: 0
[17,969s][debug][gc,phases,ref     ] GC(22)       FinalReference Discovered: 2071, Dropped: 4, Processed: 2067
[17,969s][debug][gc,phases,ref     ] GC(22)       PhantomReference Discovered: 40, Dropped: 1, Processed: 39
[17,969s][debug][gc,phases         ] GC(22)     Weak Processing: 0,07ms
[17,969s][debug][gc,phases         ] GC(22)       VM Weak                        Min: 0,00, Avg: 0,00, Max: 0,00, Diff: 0,00, Sum: 0,01, Workers: 15
[17,969s][debug][gc,phases         ] GC(22)         Dead                           Min: 0, Avg:  0,0, Max: 0, Diff: 0, Sum: 0, Workers: 15
[17,969s][debug][gc,phases         ] GC(22)         Total                          Min: 0, Avg: 11,0, Max: 64, Diff: 64, Sum: 165, Workers: 15
[17,969s][debug][gc,phases         ] GC(22)       ObjectSynchronizer Weak        Min: 0,00, Avg: 0,00, Max: 0,00, Diff: 0,00, Sum: 0,00, Workers: 15
[17,969s][debug][gc,phases         ] GC(22)         Dead                           Min: 0, Avg:  0,0, Max: 0, Diff: 0, Sum: 0, Workers: 15
[17,969s][debug][gc,phases         ] GC(22)         Total                          Min: 0, Avg:  2,2, Max: 33, Diff: 33, Sum: 33, Workers: 15
[17,969s][debug][gc,phases         ] GC(22)       JVMTI Tag Weak OopStorage      Min: 0,00, Avg: 0,00, Max: 0,00, Diff: 0,00, Sum: 0,00, Workers: 15
[17,969s][debug][gc,phases         ] GC(22)         Dead                           Min: 0, Avg:  0,0, Max: 0, Diff: 0, Sum: 0, Workers: 15
[17,969s][debug][gc,phases         ] GC(22)         Total                          Min: 0, Avg:  0,0, Max: 0, Diff: 0, Sum: 0, Workers: 15
[17,969s][debug][gc,phases         ] GC(22)       StringTable Weak               Min: 0,00, Avg: 0,01, Max: 0,01, Diff: 0,01, Sum: 0,13, Workers: 15
[17,969s][debug][gc,phases         ] GC(22)         Dead                           Min: 0, Avg:  0,0, Max: 0, Diff: 0, Sum: 0, Workers: 15
[17,970s][debug][gc,phases         ] GC(22)         Total                          Min: 0, Avg: 564,4, Max: 1042, Diff: 1042, Sum: 8466, Workers: 15
[17,970s][debug][gc,phases         ] GC(22)       ResolvedMethodTable Weak       Min: 0,00, Avg: 0,00, Max: 0,01, Diff: 0,00, Sum: 0,04, Workers: 15
[17,970s][debug][gc,phases         ] GC(22)         Dead                           Min: 0, Avg:  0,0, Max: 0, Diff: 0, Sum: 0, Workers: 15
[17,970s][debug][gc,phases         ] GC(22)         Total                          Min: 0, Avg: 113,1, Max: 192, Diff: 192, Sum: 1697, Workers: 15
[17,970s][debug][gc,phases         ] GC(22)       JNI Weak                       Min: 0,00, Avg: 0,00, Max: 0,00, Diff: 0,00, Sum: 0,01, Workers: 15
[17,970s][debug][gc,phases         ] GC(22)         Dead                           Min: 0, Avg:  0,0, Max: 0, Diff: 0, Sum: 0, Workers: 15
[17,970s][debug][gc,phases         ] GC(22)         Total                          Min: 0, Avg:  0,0, Max: 0, Diff: 0, Sum: 0, Workers: 15
[17,970s][debug][gc,phases         ] GC(22)       StringDedup Table Weak         Min: 0,00, Avg: 0,01, Max: 0,02, Diff: 0,02, Sum: 0,18, Workers: 15
[17,970s][debug][gc,phases         ] GC(22)         Dead                           Min: 0, Avg:  0,0, Max: 0, Diff: 0, Sum: 0, Workers: 15
[17,970s][debug][gc,phases         ] GC(22)         Total                          Min: 0, Avg: 873,3, Max: 1152, Diff: 1152, Sum: 13100, Workers: 15
[17,970s][debug][gc,phases         ] GC(22)       StringDedup Requests0 Weak     Min: 0,00, Avg: 0,00, Max: 0,00, Diff: 0,00, Sum: 0,01, Workers: 15
[17,970s][debug][gc,phases         ] GC(22)         Dead                           Min: 0, Avg:  0,0, Max: 0, Diff: 0, Sum: 0, Workers: 15
[17,970s][debug][gc,phases         ] GC(22)         Total                          Min: 0, Avg:  0,0, Max: 0, Diff: 0, Sum: 0, Workers: 15
[17,970s][debug][gc,phases         ] GC(22)       StringDedup Requests1 Weak     Min: 0,00, Avg: 0,00, Max: 0,00, Diff: 0,00, Sum: 0,01, Workers: 15
[17,970s][debug][gc,phases         ] GC(22)         Dead                           Min: 0, Avg:  0,0, Max: 0, Diff: 0, Sum: 0, Workers: 15
[17,970s][debug][gc,phases         ] GC(22)         Total                          Min: 0, Avg:  0,1, Max: 1, Diff: 1, Sum: 1, Workers: 15
[17,970s][debug][gc,phases         ] GC(22)       Weak JFR Old Object Samples    Min: 0,00, Avg: 0,00, Max: 0,00, Diff: 0,00, Sum: 0,01, Workers: 15
[17,970s][debug][gc,phases         ] GC(22)         Dead                           Min: 0, Avg:  0,0, Max: 0, Diff: 0, Sum: 0, Workers: 15
[17,970s][debug][gc,phases         ] GC(22)         Total                          Min: 0, Avg:  0,0, Max: 0, Diff: 0, Sum: 0, Workers: 15
[17,970s][debug][gc,phases         ] GC(22)     Post Evacuate Cleanup 1: 0,29ms
[17,970s][debug][gc,phases         ] GC(22)       Merge Per-Thread State (ms):   Min: 0,05, Avg: 0,05, Max: 0,05, Diff: 0,00, Sum: 0,05, Workers: 1
[17,970s][debug][gc,phases         ] GC(22)         Copied Bytes                   Min: 32997576, Avg: 40800556,3, Max: 49572752, Diff: 16575176, Sum: 612008344, Workers: 15
[17,970s][debug][gc,phases         ] GC(22)         LAB Waste                      Min: 608, Avg: 5308,3, Max: 7864, Diff: 7256, Sum: 79624, Workers: 15
[17,970s][debug][gc,phases         ] GC(22)         LAB Undo Waste                 Min: 0, Avg:  0,0, Max: 0, Diff: 0, Sum: 0, Workers: 15
[17,970s][debug][gc,phases         ] GC(22)         Evac Fail Extra Cards          Min: 0, Avg:  0,0, Max: 0, Diff: 0, Sum: 0, Workers: 15
[17,970s][debug][gc,phases         ] GC(22)       Clear Logged Cards (ms):       Min: 0,00, Avg: 0,05, Max: 0,18, Diff: 0,18, Sum: 0,72, Workers: 15
[17,970s][debug][gc,phases         ] GC(22)       Recalculate Used Memory (ms):  Min: 0,03, Avg: 0,03, Max: 0,03, Diff: 0,00, Sum: 0,03, Workers: 1
[17,970s][debug][gc,phases         ] GC(22)       Restore Evacuation Failed Regions (ms): Min: 0,00, Avg: 0,02, Max: 0,06, Diff: 0,06, Sum: 0,33, Workers: 15
[17,970s][debug][gc,phases         ] GC(22)         Evacuation Failed Regions:     Min: 2, Avg:  2,0, Max: 2, Diff: 0, Sum: 2, Workers: 1
[17,970s][debug][gc,phases         ] GC(22)         Pinned Regions:                Min: 1, Avg:  1,0, Max: 1, Diff: 0, Sum: 2, Workers: 2
[17,970s][debug][gc,phases         ] GC(22)         Allocation Failed Regions:     skipped
[17,970s][debug][gc,phases         ] GC(22)         Remove Self Forwards (ms):     Min: 0,01, Avg: 0,03, Max: 0,05, Diff: 0,04, Sum: 0,21, Workers: 8
[17,970s][debug][gc,phases         ] GC(22)           Forward Chunks:                Min: 1, Avg:  4,6, Max: 9, Diff: 8, Sum: 32, Workers: 7
[17,970s][debug][gc,phases         ] GC(22)           Empty Forward Chunks:          Min: 9, Avg: 28,0, Max: 46, Diff: 37, Sum: 224, Workers: 8
[17,970s][debug][gc,phases         ] GC(22)           Forward Objects:               Min: 1, Avg:  4,9, Max: 10, Diff: 9, Sum: 34, Workers: 7
[17,970s][debug][gc,phases         ] GC(22)           Forward Bytes:                 Min: 192, Avg: 144558,9, Max: 246448, Diff: 246256, Sum: 1011912, Workers: 7
[17,970s][debug][gc,phases         ] GC(22)     Post Evacuate Cleanup 2: 0,17ms
[17,970s][debug][gc,phases         ] GC(22)       Recalculate Used Memory (ms):  Min: 0,03, Avg: 0,03, Max: 0,03, Diff: 0,00, Sum: 0,03, Workers: 1
[17,970s][debug][gc,phases         ] GC(22)       Restore Preserved Marks (ms):  Min: 0,00, Avg: 0,00, Max: 0,00, Diff: 0,00, Sum: 0,01, Workers: 15
[17,970s][debug][gc,phases         ] GC(22)       Process Evacuation Failed Regions (ms): Min: 0,00, Avg: 0,00, Max: 0,01, Diff: 0,01, Sum: 0,02, Workers: 15
[17,970s][debug][gc,phases         ] GC(22)       Update Derived Pointers (ms):  Min: 0,00, Avg: 0,00, Max: 0,00, Diff: 0,00, Sum: 0,00, Workers: 1
[17,970s][debug][gc,phases         ] GC(22)       Eagerly Reclaim Humongous Objects (ms): skipped
[17,970s][debug][gc,phases         ] GC(22)         Humongous Total                skipped
[17,970s][debug][gc,phases         ] GC(22)         Humongous Candidates           skipped
[17,970s][debug][gc,phases         ] GC(22)         Humongous Reclaimed            skipped
[17,970s][debug][gc,phases         ] GC(22)       Sample CSet Candidates (ms):   Min: 0,02, Avg: 0,02, Max: 0,02, Diff: 0,00, Sum: 0,02, Workers: 1
[17,970s][debug][gc,phases         ] GC(22)       Redirty Logged Cards (ms):     Min: 0,00, Avg: 0,00, Max: 0,01, Diff: 0,01, Sum: 0,06, Workers: 15
[17,970s][debug][gc,phases         ] GC(22)         Redirtied Cards:               Min: 0, Avg: 160,9, Max: 625, Diff: 625, Sum: 2414, Workers: 15
[17,970s][debug][gc,phases         ] GC(22)       Resize TLABs (ms):             Min: 0,00, Avg: 0,00, Max: 0,01, Diff: 0,01, Sum: 0,01, Workers: 15
[17,970s][debug][gc,phases         ] GC(22)       Free Collection Set (ms):      Min: 0,01, Avg: 0,09, Max: 0,12, Diff: 0,10, Sum: 1,30, Workers: 15
[17,970s][debug][gc,phases         ] GC(22)     Rebuild Free List: 0,05ms
[17,970s][debug][gc,phases         ] GC(22)     Prepare For Mutator: 0,06ms
[17,970s][debug][gc,phases         ] GC(22)     Expand Heap After Collection: 0,00ms
[17,970s][info ][gc,phases         ] GC(22)   Other: 0,37ms
[17,970s][debug][gc,remset         ] GC(22) Coarsening (recent): Inline->AoC 0 (0) AoC->Howl 0 (0) Howl->Full 0 (0) Inline->AoC 0 (0) AoC->BitMap 0 (0) BitMap->Full 0 (0) 
[17,970s][debug][gc,remset         ] GC(22) Coarsening (all): Inline->AoC 852 (0) AoC->Howl 365 (0) Howl->Full 124 (0) Inline->AoC 2422 (0) AoC->BitMap 2341 (0) BitMap->Full 527 (0) 
[17,970s][info ][gc,heap           ] GC(22) Eden regions: 405->0(382)
[17,970s][info ][gc,heap           ] GC(22) Survivor regions: 37->56(56)
[17,970s][info ][gc,heap           ] GC(22) Old regions: 365->441
[17,970s][info ][gc,heap           ] GC(22) Humongous regions: 0->0
[17,970s][info ][gc,metaspace      ] GC(22) Metaspace: 20717K(21056K)->20717K(21056K) NonClass: 18105K(18304K)->18105K(18304K) Class: 2611K(2752K)->2611K(2752K)
[17,970s][debug][gc,heap           ] GC(22) Heap after GC invocations=23 (full 0):
[17,970s][debug][gc,heap           ] GC(22)  garbage-first heap   total reserved 8388608K, committed 5242880K, used 2030625K [0x0000000600000000, 0x0000000800000000)
[17,970s][debug][gc,heap           ] GC(22)   region size 4096K, 56 young (229376K), 56 survivors (229376K)
[17,970s][debug][gc,heap           ] GC(22)  Metaspace       used 20717K, committed 21056K, reserved 1114112K
[17,970s][debug][gc,heap           ] GC(22)   class space    used 2611K, committed 2752K, reserved 1048576K
[17,970s][info ][gc                ] GC(22) Pause Young (Mixed) (G1 Evacuation Pause) (Evacuation Failure: Pinned) 3221M->1983M(5120M) 67,918ms
[17,970s][info ][gc,cpu            ] GC(22) User=0,95s Sys=0,00s Real=0,07s
[17,970s][debug][gc,task           ] G1 Service Thread (Card Set Free Memory Task) (run: 1,853ms) (cpu: 0,093ms)
[17,970s][debug][gc,refine         ] Concurrent refinement: wanted 0, cards: 2414, predicted: 5464, time: 734,56ms
[18,079s][debug][gc,refine         ] Concurrent refinement: wanted 0, cards: 2670, predicted: 5225, time: 615,34ms
[18,178s][debug][gc,refine         ] Concurrent refinement: wanted 0, cards: 4462, predicted: 6937, time: 596,11ms
[18,276s][debug][gc,refine         ] Concurrent refinement: wanted 0, cards: 4462, predicted: 6845, time: 573,99ms
[18,371s][debug][gc,refine         ] Concurrent refinement: wanted 0, cards: 4462, predicted: 6733, time: 547,07ms
[18,401s][debug][gc,task,start     ] G1 Service Thread (Periodic GC Task) (run 0,181ms after schedule)
[18,402s][debug][gc,task           ] G1 Service Thread (Periodic GC Task) (run: 0,055ms) (cpu: 0,081ms)
[18,464s][debug][gc,refine         ] Concurrent refinement: wanted 0, cards: 4462, predicted: 6630, time: 522,07ms
[18,555s][debug][gc,refine         ] Concurrent refinement: wanted 0, cards: 4462, predicted: 6526, time: 497,08ms
[18,645s][debug][gc,refine         ] Concurrent refinement: wanted 0, cards: 4462, predicted: 6422, time: 472,08ms
[18,731s][debug][gc,refine         ] Concurrent refinement: wanted 0, cards: 4462, predicted: 6322, time: 448,04ms
[18,815s][debug][gc,refine         ] Concurrent refinement: wanted 0, cards: 4462, predicted: 6226, time: 424,97ms
[18,897s][debug][gc,refine         ] Concurrent refinement: wanted 0, cards: 4462, predicted: 6130, time: 401,89ms
[18,977s][debug][gc,refine         ] Concurrent refinement: wanted 0, cards: 4462, predicted: 6043, time: 380,74ms
[19,056s][debug][gc,refine         ] Concurrent refinement: wanted 0, cards: 4462, predicted: 5951, time: 358,63ms
[19,131s][debug][gc,refine         ] Concurrent refinement: wanted 0, cards: 4462, predicted: 5867, time: 338,44ms
[19,204s][debug][gc,refine         ] Concurrent refinement: wanted 0, cards: 4462, predicted: 5783, time: 318,24ms
[19,267s][info ][gc,start          ] GC(23) Pause Young (Mixed) (G1 Evacuation Pause)
[19,267s][debug][gc,heap           ] GC(23) Heap before GC invocations=23 (full 0):
[19,267s][debug][gc,heap           ] GC(23)  garbage-first heap   total reserved 8388608K, committed 5242880K, used 3587105K [0x0000000600000000, 0x0000000800000000)
[19,267s][debug][gc,heap           ] GC(23)   region size 4096K, 437 young (1789952K), 56 survivors (229376K)
[19,267s][debug][gc,heap           ] GC(23)  Metaspace       used 20717K, committed 21056K, reserved 1114112K
[19,267s][debug][gc,heap           ] GC(23)   class space    used 2611K, committed 2752K, reserved 1048576K
[19,267s][info ][gc,task           ] GC(23) Using 15 workers of 15 for evacuation
[19,267s][debug][gc,age            ] GC(23) Desired survivor size 115343360 bytes, new threshold 1 (max threshold 15)
[19,267s][debug][gc,tlab           ] GC(23) TLAB totals: thrds: 26  refills: 1240 max: 348 slow allocs: 564 max 80 waste:  1,1% gc: 13697488B max: 1460376B slow: 2783648B max: 558408B
[19,267s][debug][gc,refine,stats   ] GC(23) Mutator refinement: 0,00ms, refined: 0, precleaned: 0, dirtied: 2246
[19,267s][debug][gc,refine,stats   ] GC(23) Concurrent refinement: 0,00ms, refined: 0, precleaned: 0, dirtied: 0
[19,267s][debug][gc,refine,stats   ] GC(23) Total refinement: 0,00ms, refined: 0, precleaned: 0, dirtied: 2246
[19,267s][debug][gc,refine,stats   ] GC(23) Generate dirty cards rate: 1,73 cards/ms
[19,267s][debug][gc,alloc,region   ] GC(23) Mutator Allocation stats, regions: 381, wasted size: 35272B ( 0,0%)
[19,267s][debug][gc,ergo,cset      ] GC(23) Start adding marking candidates to collection set. Min 14 regions, max 128 regions, available 90 regionstime remaining 1,73ms, optional threshold 0,35ms
[19,267s][debug][gc,ergo,cset      ] GC(23) Finish adding marking candidates to collection set (Predicted time too high).
[19,267s][debug][gc,ergo,cset      ] GC(23) Finish adding marking candidates to collection set. Initial: 19, optional: 5, pinned: 0, predicted initial time: 1,37ms, predicted optional time: 0,36ms, time remaining: 0,00ms
[19,267s][debug][gc,ergo,cset      ] GC(23) Start adding retained candidates to collection set. Min 1 regions, available 2, time remaining 0,00ms, optional remaining 40,00ms
[19,267s][debug][gc,ergo,cset      ] GC(23) Retained candidates exhausted.
[19,267s][debug][gc,ergo,cset      ] GC(23) Added 1 retained candidates to collection set although the predicted time was too high.
[19,267s][debug][gc,ergo,cset      ] GC(23) Finish adding retained candidates to collection set. Initial: 1, optional: 1, pinned: 0, predicted initial time: 0,15ms, predicted optional time: 0,20ms, time remaining: 0,00ms optional time remaining 39,65ms
[19,268s][debug][gc,ergo           ] GC(23) Running G1 Merge Heap Roots using 15 workers for 457 regions
[19,268s][debug][gc,remset         ] GC(23) Visited cards 226432 Total dirty 1728512 (13,10%) Total old 10936320 (2,07%)
[19,332s][debug][gc,ergo,cset      ] GC(23) Prepared 6 regions out of 6 for optional evacuation. Total predicted time: 0,556ms
[19,332s][debug][gc,ergo           ] GC(23) Running G1 Merge Heap Roots using 6 workers for 6 regions
[19,332s][debug][gc,remset         ] GC(23) Visited cards 448 Total dirty 40960 (1,09%) Total old 12378112 (0,00%)
[19,332s][debug][gc,ref            ] GC(23) ReferenceProcessor::execute queues: 2, RefProcThreadModel::Multi, marks_oops_alive: false
[19,332s][debug][gc,ref            ] GC(23) ReferenceProcessor::execute queues: 15, RefProcThreadModel::Multi, marks_oops_alive: true
[19,332s][debug][gc,ref            ] GC(23) ReferenceProcessor::execute queues: 1, RefProcThreadModel::Single, marks_oops_alive: false
[19,333s][debug][gc,ergo           ] GC(23) Initializing removing self forwards with 128 chunks per region
[19,333s][debug][gc,ergo           ] GC(23) Running G1 Rebuild Free List Task using 15 workers for rebuilding free list of regions
[19,333s][debug][gc,plab           ] GC(23) Young PLAB allocation: allocated: 230686720B, wasted: 27456B, unused: 2053656B, used: 228605608B, undo waste: 0B, 
[19,333s][debug][gc,plab           ] GC(23) Young other allocation: region end waste: 0B, regions filled: 55, num plab filled: 124, direct allocated: 0B, num direct allocated: 0, failure used: 0B, failure wasted: 0B
[19,333s][debug][gc,plab           ] GC(23) Young sizing: calculated: 45721120B, actual: 45070312B
[19,333s][debug][gc,plab           ] GC(23) Old PLAB allocation: allocated: 480247808B, wasted: 58912B, unused: 16043416B, used: 464145480B, undo waste: 0B, 
[19,333s][debug][gc,plab           ] GC(23) Old other allocation: region end waste: 0B, regions filled: 115, num plab filled: 229, direct allocated: 0B, num direct allocated: 0, failure used: 981112B, failure wasted: 11601800B
[19,333s][debug][gc,plab           ] GC(23) Old sizing: calculated: 92829096B, actual: 86431912B
[19,333s][debug][gc,ergo,heap      ] GC(23) Heap expansion: short term pause time ratio 4,30% long term pause time ratio 4,78% threshold 7,69% pause time ratio 7,69% fully expanded false resize by 0B
[19,333s][debug][gc,mmu            ] GC(23) MMU: 65,9ms (200,0ms/201,0ms)
[19,333s][debug][gc,alloc,stats    ] Old generation allocation in the last mutator period, old gen allocated: 492830720B, humongous allocated: 0B, old gen growth: 492830720B.
[19,333s][debug][gc,ergo,refine    ] GC(23) GC refinement: goal: 281876 + 922 / 20,00ms, actual: 4659 / 0,40ms, 
[19,333s][debug][gc,ergo,refine    ] GC(23) New pending cards target: 258038
[19,333s][debug][gc,task,start     ] G1 Service Thread (Card Set Free Memory Task) (run 0,074ms after schedule)
[19,333s][info ][gc,phases         ] GC(23)   Pre Evacuate Collection Set: 0,31ms
[19,333s][debug][gc,phases         ] GC(23)     Pre Evacuate Prepare: 0,05ms
[19,333s][debug][gc,phases         ] GC(23)       JT Retire TLABs And Flush Logs (ms): Min: 0,00, Avg: 0,01, Max: 0,02, Diff: 0,02, Sum: 0,02, Workers: 2
[19,333s][debug][gc,phases         ] GC(23)       Non-JT Flush Logs (ms):        Min: 0,00, Avg: 0,00, Max: 0,00, Diff: 0,00, Sum: 0,00, Workers: 1
[19,333s][debug][gc,phases         ] GC(23)     Choose Collection Set: 0,13ms
[19,333s][debug][gc,phases         ] GC(23)     Region Register: 0,13ms
[19,333s][debug][gc,phases         ] GC(23)     Prepare Heap Roots: 0,00ms
[19,333s][info ][gc,phases         ] GC(23)   Merge Heap Roots: 0,48ms
[19,333s][debug][gc,phases         ] GC(23)     Prepare Merge Heap Roots: 0,03ms
[19,333s][debug][gc,phases         ] GC(23)     Remembered Sets (ms):          Min: 0,01, Avg: 0,09, Max: 0,10, Diff: 0,08, Sum: 1,32, Workers: 15
[19,333s][debug][gc,phases         ] GC(23)       Eager Reclaim (ms):            skipped
[19,333s][debug][gc,phases         ] GC(23)       Merged Inline                  Min: 0, Avg:  2,1, Max: 32, Diff: 32, Sum: 32, Workers: 15
[19,333s][debug][gc,phases         ] GC(23)       Merged ArrayOfCards            Min: 0, Avg:  0,0, Max: 0, Diff: 0, Sum: 0, Workers: 15
[19,333s][debug][gc,phases         ] GC(23)       Merged Howl                    Min: 0, Avg:  0,0, Max: 0, Diff: 0, Sum: 0, Workers: 15
[19,333s][debug][gc,phases         ] GC(23)       Merged Full                    Min: 0, Avg:  0,0, Max: 0, Diff: 0, Sum: 0, Workers: 15
[19,333s][debug][gc,phases         ] GC(23)       Merged Howl Inline             Min: 0, Avg:  0,0, Max: 0, Diff: 0, Sum: 0, Workers: 15
[19,333s][debug][gc,phases         ] GC(23)       Merged Howl ArrayOfCards       Min: 0, Avg:  0,0, Max: 0, Diff: 0, Sum: 0, Workers: 15
[19,333s][debug][gc,phases         ] GC(23)       Merged Howl BitMap             Min: 0, Avg:  0,0, Max: 0, Diff: 0, Sum: 0, Workers: 15
[19,333s][debug][gc,phases         ] GC(23)       Merged Howl Full               Min: 0, Avg:  0,0, Max: 0, Diff: 0, Sum: 0, Workers: 15
[19,333s][debug][gc,phases         ] GC(23)       Merged Cards                   Min: 8, Avg: 11,6, Max: 62, Diff: 54, Sum: 174, Workers: 15
[19,333s][debug][gc,phases         ] GC(23)     Log Buffers (ms):              Min: 0,00, Avg: 0,02, Max: 0,04, Diff: 0,04, Sum: 0,32, Workers: 15
[19,333s][debug][gc,phases         ] GC(23)       Dirty Cards:                   Min: 0, Avg: 310,6, Max: 878, Diff: 878, Sum: 4659, Workers: 15
[19,333s][debug][gc,phases         ] GC(23)       Skipped Cards:                 Min: 0, Avg:  0,1, Max: 1, Diff: 1, Sum: 1, Workers: 15
[19,333s][info ][gc,phases         ] GC(23)   Evacuate Collection Set: 63,37ms
[19,333s][debug][gc,phases         ] GC(23)     Ext Root Scanning (ms):        Min: 0,00, Avg: 0,05, Max: 0,19, Diff: 0,18, Sum: 0,79, Workers: 15
[19,333s][debug][gc,phases         ] GC(23)     Scan Heap Roots (ms):          Min: 0,07, Avg: 0,37, Max: 0,75, Diff: 0,69, Sum: 5,51, Workers: 15
[19,333s][debug][gc,phases         ] GC(23)       Scanned Cards:                 Min: 35, Avg: 312,3, Max: 703, Diff: 668, Sum: 4684, Workers: 15
[19,333s][debug][gc,phases         ] GC(23)       Scanned Blocks:                Min: 29, Avg: 279,7, Max: 641, Diff: 612, Sum: 4196, Workers: 15
[19,333s][debug][gc,phases         ] GC(23)       Claimed Chunks:                Min: 23, Avg: 235,9, Max: 507, Diff: 484, Sum: 3538, Workers: 15
[19,333s][debug][gc,phases         ] GC(23)       Found Roots:                   Min: 33, Avg: 347,7, Max: 599, Diff: 566, Sum: 5215, Workers: 15
[19,333s][debug][gc,phases         ] GC(23)     Code Root Scan (ms):           Min: 0,02, Avg: 0,03, Max: 0,06, Diff: 0,03, Sum: 0,46, Workers: 15
[19,334s][debug][gc,phases         ] GC(23)       Scanned Nmethods               Min: 0, Avg:  0,1, Max: 1, Diff: 1, Sum: 2, Workers: 15
[19,334s][debug][gc,phases         ] GC(23)     Object Copy (ms):              Min: 62,29, Avg: 62,70, Max: 62,99, Diff: 0,70, Sum: 940,54, Workers: 15
[19,334s][debug][gc,phases         ] GC(23)     Termination (ms):              Min: 0,04, Avg: 0,06, Max: 0,10, Diff: 0,05, Sum: 0,89, Workers: 15
[19,334s][debug][gc,phases         ] GC(23)       Termination Attempts:          Min: 1, Avg:  1,0, Max: 1, Diff: 0, Sum: 15, Workers: 15
[19,334s][debug][gc,phases         ] GC(23)     GC Worker Other (ms):          Min: 0,03, Avg: 0,05, Max: 0,06, Diff: 0,03, Sum: 0,71, Workers: 15
[19,334s][debug][gc,phases         ] GC(23)     GC Worker Total (ms):          Min: 63,20, Avg: 63,26, Max: 63,34, Diff: 0,14, Sum: 948,91, Workers: 15
[19,334s][info ][gc,phases         ] GC(23)   Merge Optional Heap Roots: 0,25ms
[19,334s][debug][gc,phases         ] GC(23)     Prepare Optional Merge Heap Roots: 0,02ms
[19,334s][debug][gc,phases         ] GC(23)     Optional Remembered Sets (ms): Min: 0,00, Avg: 0,00, Max: 0,01, Diff: 0,01, Sum: 0,03, Workers: 6
[19,334s][debug][gc,phases         ] GC(23)       Merged Inline                  Min: 0, Avg:  0,8, Max: 3, Diff: 3, Sum: 5, Workers: 6
[19,334s][debug][gc,phases         ] GC(23)       Merged ArrayOfCards            Min: 0, Avg:  0,3, Max: 1, Diff: 1, Sum: 2, Workers: 6
[19,334s][debug][gc,phases         ] GC(23)       Merged Howl                    Min: 0, Avg:  0,0, Max: 0, Diff: 0, Sum: 0, Workers: 6
[19,334s][debug][gc,phases         ] GC(23)       Merged Full                    Min: 0, Avg:  0,0, Max: 0, Diff: 0, Sum: 0, Workers: 6
[19,334s][debug][gc,phases         ] GC(23)       Merged Howl Inline             Min: 0, Avg:  0,0, Max: 0, Diff: 0, Sum: 0, Workers: 6
[19,334s][debug][gc,phases         ] GC(23)       Merged Howl ArrayOfCards       Min: 0, Avg:  0,0, Max: 0, Diff: 0, Sum: 0, Workers: 6
[19,334s][debug][gc,phases         ] GC(23)       Merged Howl BitMap             Min: 0, Avg:  0,0, Max: 0, Diff: 0, Sum: 0, Workers: 6
[19,334s][debug][gc,phases         ] GC(23)       Merged Howl Full               Min: 0, Avg:  0,0, Max: 0, Diff: 0, Sum: 0, Workers: 6
[19,334s][debug][gc,phases         ] GC(23)       Merged Cards                   Min: 8, Avg: 13,5, Max: 26, Diff: 18, Sum: 81, Workers: 6
[19,334s][info ][gc,phases         ] GC(23)   Evacuate Optional Collection Set: 0,23ms
[19,334s][debug][gc,phases         ] GC(23)     Optional Scan Heap Roots (ms): Min: 0,00, Avg: 0,01, Max: 0,03, Diff: 0,03, Sum: 0,18, Workers: 15
[19,334s][debug][gc,phases         ] GC(23)       Scanned Cards:                 Min: 0, Avg:  2,1, Max: 9, Diff: 9, Sum: 32, Workers: 15
[19,334s][debug][gc,phases         ] GC(23)       Scanned Blocks:                Min: 0, Avg:  0,5, Max: 2, Diff: 2, Sum: 8, Workers: 15
[19,334s][debug][gc,phases         ] GC(23)       Claimed Chunks:                Min: 0, Avg:  0,5, Max: 2, Diff: 2, Sum: 7, Workers: 15
[19,334s][debug][gc,phases         ] GC(23)       Found Roots:                   Min: 0, Avg:  5,3, Max: 18, Diff: 18, Sum: 79, Workers: 15
[19,334s][debug][gc,phases         ] GC(23)       Scanned Refs:                  Min: 0, Avg:  0,4, Max: 3, Diff: 3, Sum: 6, Workers: 15
[19,334s][debug][gc,phases         ] GC(23)       Used Memory:                   Min: 0, Avg: 142,9, Max: 1072, Diff: 1072, Sum: 2144, Workers: 15
[19,334s][debug][gc,phases         ] GC(23)     Optional Object Copy (ms):     Min: 0,00, Avg: 0,01, Max: 0,02, Diff: 0,02, Sum: 0,10, Workers: 15
[19,334s][debug][gc,phases         ] GC(23)     Optional Code Root Scan (ms):  Min: 0,00, Avg: 0,00, Max: 0,00, Diff: 0,00, Sum: 0,01, Workers: 15
[19,334s][debug][gc,phases         ] GC(23)       Scanned Nmethods               Min: 0, Avg:  0,0, Max: 0, Diff: 0, Sum: 0, Workers: 15
[19,334s][debug][gc,phases         ] GC(23)     Optional Termination (ms):     Min: 0,01, Avg: 0,10, Max: 0,18, Diff: 0,17, Sum: 1,55, Workers: 15
[19,334s][debug][gc,phases         ] GC(23)       Optional Termination Attempts: Min: 1, Avg:  1,0, Max: 1, Diff: 0, Sum: 15, Workers: 15
[19,334s][info ][gc,phases         ] GC(23)   Post Evacuate Collection Set: 1,02ms
[19,334s][debug][gc,phases         ] GC(23)     NMethod List Cleanup: 0,01ms
[19,334s][debug][gc,phases         ] GC(23)     Reference Processing: 0,47ms
[19,334s][debug][gc,phases,ref     ] GC(23)       Notify Soft/WeakReferences: 0,2ms
[19,334s][debug][gc,phases,ref     ] GC(23)         Balance queues: 0,0ms
[19,334s][debug][gc,phases,ref     ] GC(23)         SoftRef (ms):                  Min: 0,00, Avg: 0,00, Max: 0,00, Diff: 0,00, Sum: 0,00, Workers: 2
[19,334s][debug][gc,phases,ref     ] GC(23)         WeakRef (ms):                  Min: 0,00, Avg: 0,00, Max: 0,00, Diff: 0,00, Sum: 0,00, Workers: 2
[19,334s][debug][gc,phases,ref     ] GC(23)         FinalRef (ms):                 Min: 0,06, Avg: 0,06, Max: 0,06, Diff: 0,00, Sum: 0,12, Workers: 2
[19,334s][debug][gc,phases,ref     ] GC(23)         Total (ms):                    Min: 0,07, Avg: 0,07, Max: 0,07, Diff: 0,00, Sum: 0,13, Workers: 2
[19,334s][debug][gc,phases,ref     ] GC(23)       Notify and keep alive finalizable: 0,3ms
[19,334s][debug][gc,phases,ref     ] GC(23)         Balance queues: 0,0ms
[19,334s][debug][gc,phases,ref     ] GC(23)         FinalRef (ms):                 Min: 0,09, Avg: 0,14, Max: 0,22, Diff: 0,13, Sum: 2,08, Workers: 15
[19,334s][debug][gc,phases,ref     ] GC(23)       Notify PhantomReferences: 0,0ms
[19,334s][debug][gc,phases,ref     ] GC(23)         PhantomRef (ms):               Min: 0,00, Avg: 0,00, Max: 0,00, Diff: 0,00, Sum: 0,00, Workers: 1
[19,334s][debug][gc,phases,ref     ] GC(23)       SoftReference Discovered: 0, Dropped: 0, Processed: 0
[19,334s][debug][gc,phases,ref     ] GC(23)       WeakReference Discovered: 0, Dropped: 0, Processed: 0
[19,334s][debug][gc,phases,ref     ] GC(23)       FinalReference Discovered: 1863, Dropped: 4, Processed: 1859
[19,334s][debug][gc,phases,ref     ] GC(23)       PhantomReference Discovered: 41, Dropped: 2, Processed: 39
[19,334s][debug][gc,phases         ] GC(23)     Weak Processing: 0,07ms
[19,334s][debug][gc,phases         ] GC(23)       VM Weak                        Min: 0,00, Avg: 0,00, Max: 0,00, Diff: 0,00, Sum: 0,01, Workers: 15
[19,334s][debug][gc,phases         ] GC(23)         Dead                           Min: 0, Avg:  0,0, Max: 0, Diff: 0, Sum: 0, Workers: 15
[19,334s][debug][gc,phases         ] GC(23)         Total                          Min: 0, Avg: 11,0, Max: 165, Diff: 165, Sum: 165, Workers: 15
[19,334s][debug][gc,phases         ] GC(23)       ObjectSynchronizer Weak        Min: 0,00, Avg: 0,00, Max: 0,00, Diff: 0,00, Sum: 0,01, Workers: 15
[19,334s][debug][gc,phases         ] GC(23)         Dead                           Min: 0, Avg:  0,0, Max: 0, Diff: 0, Sum: 0, Workers: 15
[19,334s][debug][gc,phases         ] GC(23)         Total                          Min: 0, Avg:  2,2, Max: 33, Diff: 33, Sum: 33, Workers: 15
[19,334s][debug][gc,phases         ] GC(23)       JVMTI Tag Weak OopStorage      Min: 0,00, Avg: 0,00, Max: 0,00, Diff: 0,00, Sum: 0,00, Workers: 15
[19,334s][debug][gc,phases         ] GC(23)         Dead                           Min: 0, Avg:  0,0, Max: 0, Diff: 0, Sum: 0, Workers: 15
[19,334s][debug][gc,phases         ] GC(23)         Total                          Min: 0, Avg:  0,0, Max: 0, Diff: 0, Sum: 0, Workers: 15
[19,334s][debug][gc,phases         ] GC(23)       StringTable Weak               Min: 0,00, Avg: 0,01, Max: 0,02, Diff: 0,02, Sum: 0,09, Workers: 15
[19,334s][debug][gc,phases         ] GC(23)         Dead                           Min: 0, Avg:  0,0, Max: 0, Diff: 0, Sum: 0, Workers: 15
[19,334s][debug][gc,phases         ] GC(23)         Total                          Min: 0, Avg: 564,5, Max: 1984, Diff: 1984, Sum: 8467, Workers: 15
[19,334s][debug][gc,phases         ] GC(23)       ResolvedMethodTable Weak       Min: 0,00, Avg: 0,00, Max: 0,01, Diff: 0,01, Sum: 0,03, Workers: 15
[19,334s][debug][gc,phases         ] GC(23)         Dead                           Min: 0, Avg:  0,0, Max: 0, Diff: 0, Sum: 0, Workers: 15
[19,334s][debug][gc,phases         ] GC(23)         Total                          Min: 0, Avg: 113,1, Max: 446, Diff: 446, Sum: 1697, Workers: 15
[19,334s][debug][gc,phases         ] GC(23)       JNI Weak                       Min: 0,00, Avg: 0,00, Max: 0,00, Diff: 0,00, Sum: 0,00, Workers: 15
[19,334s][debug][gc,phases         ] GC(23)         Dead                           Min: 0, Avg:  0,0, Max: 0, Diff: 0, Sum: 0, Workers: 15
[19,334s][debug][gc,phases         ] GC(23)         Total                          Min: 0, Avg:  0,0, Max: 0, Diff: 0, Sum: 0, Workers: 15
[19,334s][debug][gc,phases         ] GC(23)       StringDedup Table Weak         Min: 0,00, Avg: 0,01, Max: 0,02, Diff: 0,02, Sum: 0,11, Workers: 15
[19,334s][debug][gc,phases         ] GC(23)         Dead                           Min: 0, Avg:  0,0, Max: 0, Diff: 0, Sum: 0, Workers: 15
[19,334s][debug][gc,phases         ] GC(23)         Total                          Min: 0, Avg: 873,4, Max: 3072, Diff: 3072, Sum: 13101, Workers: 15
[19,334s][debug][gc,phases         ] GC(23)       StringDedup Requests0 Weak     Min: 0,00, Avg: 0,00, Max: 0,00, Diff: 0,00, Sum: 0,01, Workers: 15
[19,334s][debug][gc,phases         ] GC(23)         Dead                           Min: 0, Avg:  0,0, Max: 0, Diff: 0, Sum: 0, Workers: 15
[19,334s][debug][gc,phases         ] GC(23)         Total                          Min: 0, Avg: 21,3, Max: 64, Diff: 64, Sum: 320, Workers: 15
[19,334s][debug][gc,phases         ] GC(23)       StringDedup Requests1 Weak     Min: 0,00, Avg: 0,00, Max: 0,00, Diff: 0,00, Sum: 0,00, Workers: 15
[19,334s][debug][gc,phases         ] GC(23)         Dead                           Min: 0, Avg:  0,0, Max: 0, Diff: 0, Sum: 0, Workers: 15
[19,334s][debug][gc,phases         ] GC(23)         Total                          Min: 0, Avg:  0,0, Max: 0, Diff: 0, Sum: 0, Workers: 15
[19,334s][debug][gc,phases         ] GC(23)       Weak JFR Old Object Samples    Min: 0,00, Avg: 0,00, Max: 0,00, Diff: 0,00, Sum: 0,00, Workers: 15
[19,334s][debug][gc,phases         ] GC(23)         Dead                           Min: 0, Avg:  0,0, Max: 0, Diff: 0, Sum: 0, Workers: 15
[19,334s][debug][gc,phases         ] GC(23)         Total                          Min: 0, Avg:  0,0, Max: 0, Diff: 0, Sum: 0, Workers: 15
[19,334s][debug][gc,phases         ] GC(23)     Post Evacuate Cleanup 1: 0,22ms
[19,334s][debug][gc,phases         ] GC(23)       Merge Per-Thread State (ms):   Min: 0,04, Avg: 0,04, Max: 0,04, Diff: 0,00, Sum: 0,04, Workers: 1
[19,334s][debug][gc,phases         ] GC(23)         Copied Bytes                   Min: 36932864, Avg: 46183405,9, Max: 56630832, Diff: 19697968, Sum: 692751088, Workers: 15
[19,334s][debug][gc,phases         ] GC(23)         LAB Waste                      Min: 952, Avg: 5757,9, Max: 11432, Diff: 10480, Sum: 86368, Workers: 15
[19,334s][debug][gc,phases         ] GC(23)         LAB Undo Waste                 Min: 0, Avg:  0,0, Max: 0, Diff: 0, Sum: 0, Workers: 15
[19,334s][debug][gc,phases         ] GC(23)         Evac Fail Extra Cards          Min: 0, Avg:  0,2, Max: 1, Diff: 1, Sum: 3, Workers: 15
[19,334s][debug][gc,phases         ] GC(23)       Clear Logged Cards (ms):       Min: 0,00, Avg: 0,05, Max: 0,18, Diff: 0,18, Sum: 0,71, Workers: 15
[19,334s][debug][gc,phases         ] GC(23)       Recalculate Used Memory (ms):  Min: 0,03, Avg: 0,03, Max: 0,03, Diff: 0,00, Sum: 0,03, Workers: 1
[19,334s][debug][gc,phases         ] GC(23)       Restore Evacuation Failed Regions (ms): Min: 0,00, Avg: 0,05, Max: 0,09, Diff: 0,09, Sum: 0,69, Workers: 15
[19,334s][debug][gc,phases         ] GC(23)         Evacuation Failed Regions:     Min: 1, Avg:  1,5, Max: 2, Diff: 1, Sum: 3, Workers: 2
[19,334s][debug][gc,phases         ] GC(23)         Pinned Regions:                Min: 1, Avg:  1,0, Max: 1, Diff: 0, Sum: 3, Workers: 3
[19,334s][debug][gc,phases         ] GC(23)         Allocation Failed Regions:     skipped
[19,334s][debug][gc,phases         ] GC(23)         Remove Self Forwards (ms):     Min: 0,01, Avg: 0,03, Max: 0,06, Diff: 0,05, Sum: 0,37, Workers: 12
[19,334s][debug][gc,phases         ] GC(23)           Forward Chunks:                Min: 1, Avg:  3,3, Max: 9, Diff: 8, Sum: 30, Workers: 9
[19,334s][debug][gc,phases         ] GC(23)           Empty Forward Chunks:          Min: 9, Avg: 29,5, Max: 74, Diff: 65, Sum: 354, Workers: 12
[19,334s][debug][gc,phases         ] GC(23)           Forward Objects:               Min: 2, Avg:  3,8, Max: 10, Diff: 8, Sum: 34, Workers: 9
[19,334s][debug][gc,phases         ] GC(23)           Forward Bytes:                 Min: 184, Avg: 109012,4, Max: 253800, Diff: 253616, Sum: 981112, Workers: 9
[19,334s][debug][gc,phases         ] GC(23)     Post Evacuate Cleanup 2: 0,15ms
[19,334s][debug][gc,phases         ] GC(23)       Recalculate Used Memory (ms):  Min: 0,03, Avg: 0,03, Max: 0,03, Diff: 0,00, Sum: 0,03, Workers: 1
[19,334s][debug][gc,phases         ] GC(23)       Restore Preserved Marks (ms):  Min: 0,00, Avg: 0,00, Max: 0,00, Diff: 0,00, Sum: 0,01, Workers: 15
[19,334s][debug][gc,phases         ] GC(23)       Process Evacuation Failed Regions (ms): Min: 0,00, Avg: 0,00, Max: 0,01, Diff: 0,01, Sum: 0,03, Workers: 15
[19,335s][debug][gc,phases         ] GC(23)       Update Derived Pointers (ms):  Min: 0,00, Avg: 0,00, Max: 0,00, Diff: 0,00, Sum: 0,00, Workers: 1
[19,335s][debug][gc,phases         ] GC(23)       Eagerly Reclaim Humongous Objects (ms): skipped
[19,335s][debug][gc,phases         ] GC(23)         Humongous Total                skipped
[19,335s][debug][gc,phases         ] GC(23)         Humongous Candidates           skipped
[19,335s][debug][gc,phases         ] GC(23)         Humongous Reclaimed            skipped
[19,335s][debug][gc,phases         ] GC(23)       Sample CSet Candidates (ms):   Min: 0,02, Avg: 0,02, Max: 0,02, Diff: 0,00, Sum: 0,02, Workers: 1
[19,335s][debug][gc,phases         ] GC(23)       Redirty Logged Cards (ms):     Min: 0,00, Avg: 0,00, Max: 0,01, Diff: 0,01, Sum: 0,05, Workers: 15
[19,335s][debug][gc,phases         ] GC(23)         Redirtied Cards:               Min: 0, Avg: 123,2, Max: 429, Diff: 429, Sum: 1848, Workers: 15
[19,335s][debug][gc,phases         ] GC(23)       Resize TLABs (ms):             Min: 0,00, Avg: 0,00, Max: 0,00, Diff: 0,00, Sum: 0,01, Workers: 15
[19,335s][debug][gc,phases         ] GC(23)       Free Collection Set (ms):      Min: 0,03, Avg: 0,07, Max: 0,10, Diff: 0,07, Sum: 1,02, Workers: 15
[19,335s][debug][gc,phases         ] GC(23)     Rebuild Free List: 0,04ms
[19,335s][debug][gc,phases         ] GC(23)     Prepare For Mutator: 0,06ms
[19,335s][debug][gc,phases         ] GC(23)     Expand Heap After Collection: 0,00ms
[19,335s][info ][gc,phases         ] GC(23)   Other: 0,38ms
[19,335s][debug][gc,remset         ] GC(23) Coarsening (recent): Inline->AoC 0 (0) AoC->Howl 0 (0) Howl->Full 0 (0) Inline->AoC 0 (0) AoC->BitMap 0 (0) BitMap->Full 0 (0) 
[19,335s][debug][gc,remset         ] GC(23) Coarsening (all): Inline->AoC 852 (0) AoC->Howl 365 (0) Howl->Full 124 (0) Inline->AoC 2422 (0) AoC->BitMap 2341 (0) BitMap->Full 527 (0) 
[19,335s][info ][gc,heap           ] GC(23) Eden regions: 381->0(349)
[19,335s][info ][gc,heap           ] GC(23) Survivor regions: 56->55(55)
[19,335s][info ][gc,heap           ] GC(23) Old regions: 441->533
[19,335s][info ][gc,heap           ] GC(23) Humongous regions: 0->0
[19,335s][info ][gc,metaspace      ] GC(23) Metaspace: 20717K(21056K)->20717K(21056K) NonClass: 18105K(18304K)->18105K(18304K) Class: 2611K(2752K)->2611K(2752K)
[19,335s][debug][gc,heap           ] GC(23) Heap after GC invocations=24 (full 0):
[19,335s][debug][gc,heap           ] GC(23)  garbage-first heap   total reserved 8388608K, committed 5242880K, used 2401313K [0x0000000600000000, 0x0000000800000000)
[19,335s][debug][gc,heap           ] GC(23)   region size 4096K, 55 young (225280K), 55 survivors (225280K)
[19,335s][debug][gc,heap           ] GC(23)  Metaspace       used 20717K, committed 21056K, reserved 1114112K
[19,335s][debug][gc,heap           ] GC(23)   class space    used 2611K, committed 2752K, reserved 1048576K
[19,335s][info ][gc                ] GC(23) Pause Young (Mixed) (G1 Evacuation Pause) (Evacuation Failure: Pinned) 3507M->2345M(5120M) 67,829ms
[19,335s][info ][gc,cpu            ] GC(23) User=0,96s Sys=0,00s Real=0,07s
[19,335s][debug][gc,task           ] G1 Service Thread (Card Set Free Memory Task) (run: 1,810ms) (cpu: 0,108ms)
[19,335s][debug][gc,refine         ] Concurrent refinement: wanted 0, cards: 1848, predicted: 4533, time: 735,49ms
[19,402s][debug][gc,task,start     ] G1 Service Thread (Periodic GC Task) (run 0,640ms after schedule)
[19,402s][debug][gc,task           ] G1 Service Thread (Periodic GC Task) (run: 0,054ms) (cpu: 0,083ms)
[19,443s][debug][gc,refine         ] Concurrent refinement: wanted 0, cards: 1848, predicted: 3842, time: 546,34ms
[19,536s][debug][gc,refine         ] Concurrent refinement: wanted 0, cards: 3640, predicted: 5599, time: 536,83ms
[19,629s][debug][gc,refine         ] Concurrent refinement: wanted 0, cards: 3640, predicted: 5545, time: 522,03ms
[19,720s][debug][gc,refine         ] Concurrent refinement: wanted 0, cards: 3640, predicted: 5445, time: 494,56ms
[19,808s][debug][gc,refine         ] Concurrent refinement: wanted 0, cards: 3640, predicted: 5349, time: 468,14ms
[19,894s][debug][gc,refine         ] Concurrent refinement: wanted 0, cards: 3640, predicted: 5252, time: 441,72ms
[19,979s][debug][gc,refine         ] Concurrent refinement: wanted 0, cards: 3640, predicted: 5159, time: 416,36ms
[20,060s][debug][gc,refine         ] Concurrent refinement: wanted 0, cards: 3640, predicted: 5071, time: 392,05ms
[20,139s][debug][gc,refine         ] Concurrent refinement: wanted 0, cards: 3640, predicted: 4982, time: 367,75ms
[20,215s][debug][gc,refine         ] Concurrent refinement: wanted 0, cards: 3640, predicted: 4897, time: 344,50ms
[20,290s][debug][gc,refine         ] Concurrent refinement: wanted 0, cards: 3640, predicted: 4816, time: 322,31ms
[20,361s][debug][gc,refine         ] Concurrent refinement: wanted 0, cards: 3640, predicted: 4739, time: 301,17ms
[20,402s][debug][gc,task,start     ] G1 Service Thread (Periodic GC Task) (run 0,101ms after schedule)
[20,402s][debug][gc,task           ] G1 Service Thread (Periodic GC Task) (run: 0,093ms) (cpu: 0,119ms)
[20,430s][debug][gc,refine         ] Concurrent refinement: wanted 0, cards: 3640, predicted: 4662, time: 280,04ms
[20,496s][debug][gc,refine         ] Concurrent refinement: wanted 0, cards: 3640, predicted: 4589, time: 259,96ms
[20,561s][debug][gc,refine         ] Concurrent refinement: wanted 0, cards: 3640, predicted: 4515, time: 239,88ms
[20,622s][debug][gc,refine         ] Concurrent refinement: wanted 0, cards: 3640, predicted: 4450, time: 221,92ms
[20,667s][info ][gc,start          ] GC(24) Pause Young (Mixed) (G1 Evacuation Pause)
[20,667s][debug][gc,heap           ] GC(24) Heap before GC invocations=24 (full 0):
[20,667s][debug][gc,heap           ] GC(24)  garbage-first heap   total reserved 8388608K, committed 5242880K, used 3826721K [0x0000000600000000, 0x0000000800000000)
[20,667s][debug][gc,heap           ] GC(24)   region size 4096K, 404 young (1654784K), 55 survivors (225280K)
[20,667s][debug][gc,heap           ] GC(24)  Metaspace       used 20717K, committed 21056K, reserved 1114112K
[20,667s][debug][gc,heap           ] GC(24)   class space    used 2611K, committed 2752K, reserved 1048576K
[20,667s][info ][gc,task           ] GC(24) Using 15 workers of 15 for evacuation
[20,667s][debug][gc,age            ] GC(24) Desired survivor size 106954752 bytes, new threshold 1 (max threshold 15)
[20,667s][debug][gc,tlab           ] GC(24) TLAB totals: thrds: 24  refills: 1192 max: 349 slow allocs: 378 max 65 waste:  1,1% gc: 12685256B max: 1574216B slow: 2514056B max: 606072B
[20,667s][debug][gc,refine,stats   ] GC(24) Mutator refinement: 0,00ms, refined: 0, precleaned: 0, dirtied: 2392
[20,667s][debug][gc,refine,stats   ] GC(24) Concurrent refinement: 0,00ms, refined: 0, precleaned: 0, dirtied: 0
[20,667s][debug][gc,refine,stats   ] GC(24) Total refinement: 0,00ms, refined: 0, precleaned: 0, dirtied: 2392
[20,667s][debug][gc,refine,stats   ] GC(24) Generate dirty cards rate: 1,79 cards/ms
[20,667s][debug][gc,alloc,region   ] GC(24) Mutator Allocation stats, regions: 349, wasted size: 364K ( 0,0%)
[20,667s][debug][gc,ergo,cset      ] GC(24) Start adding marking candidates to collection set. Min 14 regions, max 128 regions, available 66 regionstime remaining 15,61ms, optional threshold 3,12ms
[20,667s][debug][gc,ergo,cset      ] GC(24) Marking candidates exhausted.
[20,667s][debug][gc,ergo,cset      ] GC(24) Finish adding marking candidates to collection set. Initial: 66, optional: 0, pinned: 0, predicted initial time: 3,81ms, predicted optional time: 0,00ms, time remaining: 11,80ms
[20,667s][debug][gc,ergo,cset      ] GC(24) Start adding retained candidates to collection set. Min 1 regions, available 3, time remaining 11,80ms, optional remaining 40,00ms
[20,667s][debug][gc,ergo,cset      ] GC(24) Retained candidates exhausted.
[20,667s][debug][gc,ergo,cset      ] GC(24) Finish adding retained candidates to collection set. Initial: 3, optional: 0, pinned: 0, predicted initial time: 0,37ms, predicted optional time: 0,00ms, time remaining: 11,43ms optional time remaining 39,63ms
[20,668s][debug][gc,ergo           ] GC(24) Running G1 Merge Heap Roots using 15 workers for 473 regions
[20,668s][debug][gc,remset         ] GC(24) Visited cards 203776 Total dirty 1703936 (11,96%) Total old 11550720 (1,76%)
[20,737s][debug][gc,ref            ] GC(24) ReferenceProcessor::execute queues: 2, RefProcThreadModel::Multi, marks_oops_alive: false
[20,738s][debug][gc,ref            ] GC(24) ReferenceProcessor::execute queues: 15, RefProcThreadModel::Multi, marks_oops_alive: true
[20,738s][debug][gc,ref            ] GC(24) ReferenceProcessor::execute queues: 1, RefProcThreadModel::Single, marks_oops_alive: false
[20,738s][debug][gc,ergo           ] GC(24) Initializing removing self forwards with 128 chunks per region
[20,739s][debug][gc,ergo           ] GC(24) Running G1 Rebuild Free List Task using 15 workers for rebuilding free list of regions
[20,739s][debug][gc,plab           ] GC(24) Young PLAB allocation: allocated: 213909504B, wasted: 23296B, unused: 2023200B, used: 211863008B, undo waste: 0B, 
[20,739s][debug][gc,plab           ] GC(24) Young other allocation: region end waste: 0B, regions filled: 51, num plab filled: 116, direct allocated: 0B, num direct allocated: 0, failure used: 0B, failure wasted: 0B
[20,739s][debug][gc,plab           ] GC(24) Young sizing: calculated: 42372600B, actual: 43047024B
[20,739s][debug][gc,plab           ] GC(24) Old PLAB allocation: allocated: 492830720B, wasted: 29928B, unused: 18651840B, used: 474148952B, undo waste: 0B, 
[20,739s][debug][gc,plab           ] GC(24) Old other allocation: region end waste: 0B, regions filled: 118, num plab filled: 235, direct allocated: 0B, num direct allocated: 0, failure used: 848576B, failure wasted: 11734336B
[20,739s][debug][gc,plab           ] GC(24) Old sizing: calculated: 94829784B, actual: 92730312B
[20,739s][debug][gc,ergo,heap      ] GC(24) Heap expansion: short term pause time ratio 4,83% long term pause time ratio 4,99% threshold 7,69% pause time ratio 7,69% fully expanded false resize by 0B
[20,739s][debug][gc,ergo,ihop      ] GC(24) Do not request concurrent cycle initiation (still doing mixed collections) occupancy: 2449473536B allocation request: 0B threshold: 2415919104B (45,00) source: end of GC
[20,739s][debug][gc,mmu            ] GC(24) MMU: 71,7ms (200,0ms/201,0ms)
[20,739s][debug][gc,ergo           ] GC(24) do not continue mixed GCs (candidate old regions not available)
[20,739s][debug][gc,ergo,ihop      ] GC(24) Request concurrent cycle initiation (occupancy higher than threshold) occupancy: 2449473536B allocation request: 0B threshold: 2415919104B (45,00) source: end of GC
[20,739s][debug][gc,alloc,stats    ] Old generation allocation in the last mutator period, old gen allocated: 505413632B, humongous allocated: 0B, old gen growth: 505413632B.
[20,739s][debug][gc,task,start     ] G1 Service Thread (Card Set Free Memory Task) (run 0,075ms after schedule)
[20,739s][debug][gc,ergo,refine    ] GC(24) GC refinement: goal: 258038 + 856 / 20,00ms, actual: 4240 / 0,34ms, 
[20,739s][debug][gc,ergo,refine    ] GC(24) New pending cards target: 254314
[20,739s][info ][gc,phases         ] GC(24)   Pre Evacuate Collection Set: 0,27ms
[20,739s][debug][gc,phases         ] GC(24)     Pre Evacuate Prepare: 0,05ms
[20,739s][debug][gc,phases         ] GC(24)       JT Retire TLABs And Flush Logs (ms): Min: 0,00, Avg: 0,01, Max: 0,02, Diff: 0,02, Sum: 0,02, Workers: 2
[20,739s][debug][gc,phases         ] GC(24)       Non-JT Flush Logs (ms):        Min: 0,01, Avg: 0,01, Max: 0,01, Diff: 0,00, Sum: 0,01, Workers: 1
[20,739s][debug][gc,phases         ] GC(24)     Choose Collection Set: 0,09ms
[20,739s][debug][gc,phases         ] GC(24)     Region Register: 0,13ms
[20,739s][debug][gc,phases         ] GC(24)     Prepare Heap Roots: 0,00ms
[20,739s][info ][gc,phases         ] GC(24)   Merge Heap Roots: 0,48ms
[20,739s][debug][gc,phases         ] GC(24)     Prepare Merge Heap Roots: 0,02ms
[20,739s][debug][gc,phases         ] GC(24)     Remembered Sets (ms):          Min: 0,02, Avg: 0,10, Max: 0,14, Diff: 0,11, Sum: 1,47, Workers: 15
[20,739s][debug][gc,phases         ] GC(24)       Eager Reclaim (ms):            skipped
[20,739s][debug][gc,phases         ] GC(24)       Merged Inline                  Min: 0, Avg:  8,5, Max: 68, Diff: 68, Sum: 127, Workers: 15
[20,739s][debug][gc,phases         ] GC(24)       Merged ArrayOfCards            Min: 0, Avg:  2,9, Max: 35, Diff: 35, Sum: 44, Workers: 15
[20,739s][debug][gc,phases         ] GC(24)       Merged Howl                    Min: 0, Avg:  0,0, Max: 0, Diff: 0, Sum: 0, Workers: 15
[20,739s][debug][gc,phases         ] GC(24)       Merged Full                    Min: 0, Avg:  0,0, Max: 0, Diff: 0, Sum: 0, Workers: 15
[20,739s][debug][gc,phases         ] GC(24)       Merged Howl Inline             Min: 0, Avg:  0,0, Max: 0, Diff: 0, Sum: 0, Workers: 15
[20,739s][debug][gc,phases         ] GC(24)       Merged Howl ArrayOfCards       Min: 0, Avg:  0,0, Max: 0, Diff: 0, Sum: 0, Workers: 15
[20,739s][debug][gc,phases         ] GC(24)       Merged Howl BitMap             Min: 0, Avg:  0,0, Max: 0, Diff: 0, Sum: 0, Workers: 15
[20,739s][debug][gc,phases         ] GC(24)       Merged Howl Full               Min: 0, Avg:  0,0, Max: 0, Diff: 0, Sum: 0, Workers: 15
[20,739s][debug][gc,phases         ] GC(24)       Merged Cards                   Min: 8, Avg: 51,6, Max: 480, Diff: 472, Sum: 774, Workers: 15
[20,739s][debug][gc,phases         ] GC(24)     Log Buffers (ms):              Min: 0,00, Avg: 0,02, Max: 0,04, Diff: 0,04, Sum: 0,28, Workers: 15
[20,739s][debug][gc,phases         ] GC(24)       Dirty Cards:                   Min: 0, Avg: 282,7, Max: 721, Diff: 721, Sum: 4240, Workers: 15
[20,739s][debug][gc,phases         ] GC(24)       Skipped Cards:                 Min: 0, Avg:  0,0, Max: 0, Diff: 0, Sum: 0, Workers: 15
[20,739s][info ][gc,phases         ] GC(24)   Evacuate Collection Set: 69,20ms
[20,739s][debug][gc,phases         ] GC(24)     Ext Root Scanning (ms):        Min: 0,01, Avg: 0,07, Max: 0,17, Diff: 0,16, Sum: 1,01, Workers: 15
[20,739s][debug][gc,phases         ] GC(24)     Scan Heap Roots (ms):          Min: 0,00, Avg: 0,36, Max: 0,81, Diff: 0,81, Sum: 5,44, Workers: 15
[20,739s][debug][gc,phases         ] GC(24)       Scanned Cards:                 Min: 0, Avg: 321,6, Max: 750, Diff: 750, Sum: 4824, Workers: 15
[20,739s][debug][gc,phases         ] GC(24)       Scanned Blocks:                Min: 0, Avg: 261,8, Max: 587, Diff: 587, Sum: 3927, Workers: 15
[20,739s][debug][gc,phases         ] GC(24)       Claimed Chunks:                Min: 0, Avg: 212,3, Max: 441, Diff: 441, Sum: 3184, Workers: 15
[20,739s][debug][gc,phases         ] GC(24)       Found Roots:                   Min: 0, Avg: 408,0, Max: 1120, Diff: 1120, Sum: 6120, Workers: 15
[20,739s][debug][gc,phases         ] GC(24)     Code Root Scan (ms):           Min: 0,03, Avg: 0,03, Max: 0,05, Diff: 0,02, Sum: 0,51, Workers: 15
[20,739s][debug][gc,phases         ] GC(24)       Scanned Nmethods               Min: 0, Avg:  0,3, Max: 2, Diff: 2, Sum: 5, Workers: 15
[20,739s][debug][gc,phases         ] GC(24)     Object Copy (ms):              Min: 68,11, Avg: 68,55, Max: 68,90, Diff: 0,79, Sum: 1028,20, Workers: 15
[20,739s][debug][gc,phases         ] GC(24)     Termination (ms):              Min: 0,05, Avg: 0,07, Max: 0,11, Diff: 0,05, Sum: 0,98, Workers: 15
[20,739s][debug][gc,phases         ] GC(24)       Termination Attempts:          Min: 1, Avg:  1,0, Max: 1, Diff: 0, Sum: 15, Workers: 15
[20,739s][debug][gc,phases         ] GC(24)     GC Worker Other (ms):          Min: 0,04, Avg: 0,05, Max: 0,06, Diff: 0,02, Sum: 0,68, Workers: 15
[20,739s][debug][gc,phases         ] GC(24)     GC Worker Total (ms):          Min: 69,07, Avg: 69,12, Max: 69,14, Diff: 0,07, Sum: 1036,82, Workers: 15
[20,739s][info ][gc,phases         ] GC(24)   Post Evacuate Collection Set: 1,48ms
[20,739s][debug][gc,phases         ] GC(24)     NMethod List Cleanup: 0,01ms
[20,739s][debug][gc,phases         ] GC(24)     Reference Processing: 0,65ms
[20,739s][debug][gc,phases,ref     ] GC(24)       Notify Soft/WeakReferences: 0,3ms
[20,739s][debug][gc,phases,ref     ] GC(24)         Balance queues: 0,0ms
[20,739s][debug][gc,phases,ref     ] GC(24)         SoftRef (ms):                  Min: 0,00, Avg: 0,00, Max: 0,00, Diff: 0,00, Sum: 0,00, Workers: 2
[20,739s][debug][gc,phases,ref     ] GC(24)         WeakRef (ms):                  Min: 0,00, Avg: 0,00, Max: 0,00, Diff: 0,00, Sum: 0,00, Workers: 2
[20,740s][debug][gc,phases,ref     ] GC(24)         FinalRef (ms):                 Min: 0,07, Avg: 0,10, Max: 0,12, Diff: 0,06, Sum: 0,19, Workers: 2
[20,740s][debug][gc,phases,ref     ] GC(24)         Total (ms):                    Min: 0,13, Avg: 0,14, Max: 0,15, Diff: 0,02, Sum: 0,28, Workers: 2
[20,740s][debug][gc,phases,ref     ] GC(24)       Notify and keep alive finalizable: 0,3ms
[20,740s][debug][gc,phases,ref     ] GC(24)         Balance queues: 0,0ms
[20,740s][debug][gc,phases,ref     ] GC(24)         FinalRef (ms):                 Min: 0,10, Avg: 0,17, Max: 0,25, Diff: 0,15, Sum: 2,56, Workers: 15
[20,740s][debug][gc,phases,ref     ] GC(24)       Notify PhantomReferences: 0,1ms
[20,740s][debug][gc,phases,ref     ] GC(24)         PhantomRef (ms):               Min: 0,01, Avg: 0,01, Max: 0,01, Diff: 0,00, Sum: 0,01, Workers: 1
[20,740s][debug][gc,phases,ref     ] GC(24)       SoftReference Discovered: 0, Dropped: 0, Processed: 0
[20,740s][debug][gc,phases,ref     ] GC(24)       WeakReference Discovered: 0, Dropped: 0, Processed: 0
[20,740s][debug][gc,phases,ref     ] GC(24)       FinalReference Discovered: 1596, Dropped: 4, Processed: 1592
[20,740s][debug][gc,phases,ref     ] GC(24)       PhantomReference Discovered: 39, Dropped: 4, Processed: 35
[20,740s][debug][gc,phases         ] GC(24)     Weak Processing: 0,11ms
[20,740s][debug][gc,phases         ] GC(24)       VM Weak                        Min: 0,00, Avg: 0,00, Max: 0,00, Diff: 0,00, Sum: 0,01, Workers: 15
[20,740s][debug][gc,phases         ] GC(24)         Dead                           Min: 0, Avg:  0,0, Max: 0, Diff: 0, Sum: 0, Workers: 15
[20,740s][debug][gc,phases         ] GC(24)         Total                          Min: 0, Avg: 11,0, Max: 165, Diff: 165, Sum: 165, Workers: 15
[20,740s][debug][gc,phases         ] GC(24)       ObjectSynchronizer Weak        Min: 0,00, Avg: 0,00, Max: 0,00, Diff: 0,00, Sum: 0,00, Workers: 15
[20,740s][debug][gc,phases         ] GC(24)         Dead                           Min: 0, Avg:  0,0, Max: 0, Diff: 0, Sum: 0, Workers: 15
[20,740s][debug][gc,phases         ] GC(24)         Total                          Min: 0, Avg:  2,2, Max: 33, Diff: 33, Sum: 33, Workers: 15
[20,740s][debug][gc,phases         ] GC(24)       JVMTI Tag Weak OopStorage      Min: 0,00, Avg: 0,00, Max: 0,00, Diff: 0,00, Sum: 0,00, Workers: 15
[20,740s][debug][gc,phases         ] GC(24)         Dead                           Min: 0, Avg:  0,0, Max: 0, Diff: 0, Sum: 0, Workers: 15
[20,740s][debug][gc,phases         ] GC(24)         Total                          Min: 0, Avg:  0,0, Max: 0, Diff: 0, Sum: 0, Workers: 15
[20,740s][debug][gc,phases         ] GC(24)       StringTable Weak               Min: 0,00, Avg: 0,01, Max: 0,03, Diff: 0,03, Sum: 0,11, Workers: 15
[20,740s][debug][gc,phases         ] GC(24)         Dead                           Min: 0, Avg:  0,0, Max: 0, Diff: 0, Sum: 0, Workers: 15
[20,740s][debug][gc,phases         ] GC(24)         Total                          Min: 0, Avg: 564,7, Max: 2560, Diff: 2560, Sum: 8470, Workers: 15
[20,740s][debug][gc,phases         ] GC(24)       ResolvedMethodTable Weak       Min: 0,00, Avg: 0,00, Max: 0,01, Diff: 0,01, Sum: 0,04, Workers: 15
[20,740s][debug][gc,phases         ] GC(24)         Dead                           Min: 0, Avg:  0,0, Max: 0, Diff: 0, Sum: 0, Workers: 15
[20,740s][debug][gc,phases         ] GC(24)         Total                          Min: 0, Avg: 113,1, Max: 256, Diff: 256, Sum: 1697, Workers: 15
[20,740s][debug][gc,phases         ] GC(24)       JNI Weak                       Min: 0,00, Avg: 0,00, Max: 0,00, Diff: 0,00, Sum: 0,00, Workers: 15
[20,740s][debug][gc,phases         ] GC(24)         Dead                           Min: 0, Avg:  0,0, Max: 0, Diff: 0, Sum: 0, Workers: 15
[20,740s][debug][gc,phases         ] GC(24)         Total                          Min: 0, Avg:  0,0, Max: 0, Diff: 0, Sum: 0, Workers: 15
[20,740s][debug][gc,phases         ] GC(24)       StringDedup Table Weak         Min: 0,00, Avg: 0,01, Max: 0,02, Diff: 0,02, Sum: 0,14, Workers: 15
[20,740s][debug][gc,phases         ] GC(24)         Dead                           Min: 0, Avg:  0,0, Max: 0, Diff: 0, Sum: 0, Workers: 15
[20,740s][debug][gc,phases         ] GC(24)         Total                          Min: 0, Avg: 873,6, Max: 2032, Diff: 2032, Sum: 13104, Workers: 15
[20,740s][debug][gc,phases         ] GC(24)       StringDedup Requests0 Weak     Min: 0,00, Avg: 0,00, Max: 0,00, Diff: 0,00, Sum: 0,01, Workers: 15
[20,740s][debug][gc,phases         ] GC(24)         Dead                           Min: 0, Avg:  0,0, Max: 0, Diff: 0, Sum: 0, Workers: 15
[20,740s][debug][gc,phases         ] GC(24)         Total                          Min: 0, Avg:  0,0, Max: 0, Diff: 0, Sum: 0, Workers: 15
[20,740s][debug][gc,phases         ] GC(24)       StringDedup Requests1 Weak     Min: 0,00, Avg: 0,00, Max: 0,00, Diff: 0,00, Sum: 0,01, Workers: 15
[20,740s][debug][gc,phases         ] GC(24)         Dead                           Min: 0, Avg:  0,0, Max: 0, Diff: 0, Sum: 0, Workers: 15
[20,740s][debug][gc,phases         ] GC(24)         Total                          Min: 0, Avg: 21,3, Max: 64, Diff: 64, Sum: 320, Workers: 15
[20,740s][debug][gc,phases         ] GC(24)       Weak JFR Old Object Samples    Min: 0,00, Avg: 0,00, Max: 0,00, Diff: 0,00, Sum: 0,00, Workers: 15
[20,740s][debug][gc,phases         ] GC(24)         Dead                           Min: 0, Avg:  0,0, Max: 0, Diff: 0, Sum: 0, Workers: 15
[20,740s][debug][gc,phases         ] GC(24)         Total                          Min: 0, Avg:  0,0, Max: 0, Diff: 0, Sum: 0, Workers: 15
[20,740s][debug][gc,phases         ] GC(24)     Post Evacuate Cleanup 1: 0,41ms
[20,740s][debug][gc,phases         ] GC(24)       Merge Per-Thread State (ms):   Min: 0,04, Avg: 0,04, Max: 0,04, Diff: 0,00, Sum: 0,04, Workers: 1
[20,740s][debug][gc,phases         ] GC(24)         Copied Bytes                   Min: 35208424, Avg: 45734130,7, Max: 53316288, Diff: 18107864, Sum: 686011960, Workers: 15
[20,740s][debug][gc,phases         ] GC(24)         LAB Waste                      Min: 784, Avg: 3548,3, Max: 8720, Diff: 7936, Sum: 53224, Workers: 15
[20,740s][debug][gc,phases         ] GC(24)         LAB Undo Waste                 Min: 0, Avg:  0,0, Max: 0, Diff: 0, Sum: 0, Workers: 15
[20,740s][debug][gc,phases         ] GC(24)         Evac Fail Extra Cards          Min: 0, Avg:  0,3, Max: 2, Diff: 2, Sum: 5, Workers: 15
[20,740s][debug][gc,phases         ] GC(24)       Clear Logged Cards (ms):       Min: 0,00, Avg: 0,04, Max: 0,21, Diff: 0,21, Sum: 0,63, Workers: 15
[20,740s][debug][gc,phases         ] GC(24)       Recalculate Used Memory (ms):  Min: 0,03, Avg: 0,03, Max: 0,03, Diff: 0,00, Sum: 0,03, Workers: 1
[20,740s][debug][gc,phases         ] GC(24)       Restore Evacuation Failed Regions (ms): Min: 0,00, Avg: 0,04, Max: 0,09, Diff: 0,09, Sum: 0,62, Workers: 15
[20,740s][debug][gc,phases         ] GC(24)         Evacuation Failed Regions:     Min: 3, Avg:  3,0, Max: 3, Diff: 0, Sum: 3, Workers: 1
[20,740s][debug][gc,phases         ] GC(24)         Pinned Regions:                Min: 1, Avg:  1,5, Max: 2, Diff: 1, Sum: 3, Workers: 2
[20,740s][debug][gc,phases         ] GC(24)         Allocation Failed Regions:     skipped
[20,740s][debug][gc,phases         ] GC(24)         Remove Self Forwards (ms):     Min: 0,01, Avg: 0,03, Max: 0,06, Diff: 0,05, Sum: 0,32, Workers: 11
[20,740s][debug][gc,phases         ] GC(24)           Forward Chunks:                Min: 1, Avg:  4,2, Max: 9, Diff: 8, Sum: 42, Workers: 10
[20,740s][debug][gc,phases         ] GC(24)           Empty Forward Chunks:          Min: 5, Avg: 31,1, Max: 104, Diff: 99, Sum: 342, Workers: 11
[20,740s][debug][gc,phases         ] GC(24)           Forward Objects:               Min: 1, Avg:  4,3, Max: 9, Diff: 8, Sum: 43, Workers: 10
[20,740s][debug][gc,phases         ] GC(24)           Forward Bytes:                 Min: 48, Avg: 84857,6, Max: 216584, Diff: 216536, Sum: 848576, Workers: 10
[20,740s][debug][gc,phases         ] GC(24)     Post Evacuate Cleanup 2: 0,20ms
[20,740s][debug][gc,phases         ] GC(24)       Recalculate Used Memory (ms):  Min: 0,03, Avg: 0,03, Max: 0,03, Diff: 0,00, Sum: 0,03, Workers: 1
[20,740s][debug][gc,phases         ] GC(24)       Restore Preserved Marks (ms):  Min: 0,00, Avg: 0,00, Max: 0,00, Diff: 0,00, Sum: 0,01, Workers: 15
[20,740s][debug][gc,phases         ] GC(24)       Process Evacuation Failed Regions (ms): Min: 0,00, Avg: 0,00, Max: 0,01, Diff: 0,01, Sum: 0,03, Workers: 15
[20,740s][debug][gc,phases         ] GC(24)       Update Derived Pointers (ms):  Min: 0,00, Avg: 0,00, Max: 0,00, Diff: 0,00, Sum: 0,00, Workers: 1
[20,740s][debug][gc,phases         ] GC(24)       Eagerly Reclaim Humongous Objects (ms): skipped
[20,740s][debug][gc,phases         ] GC(24)         Humongous Total                skipped
[20,740s][debug][gc,phases         ] GC(24)         Humongous Candidates           skipped
[20,740s][debug][gc,phases         ] GC(24)         Humongous Reclaimed            skipped
[20,740s][debug][gc,phases         ] GC(24)       Sample CSet Candidates (ms):   skipped
[20,740s][debug][gc,phases         ] GC(24)       Redirty Logged Cards (ms):     Min: 0,00, Avg: 0,00, Max: 0,02, Diff: 0,02, Sum: 0,05, Workers: 15
[20,740s][debug][gc,phases         ] GC(24)         Redirtied Cards:               Min: 0, Avg: 130,2, Max: 935, Diff: 935, Sum: 1953, Workers: 15
[20,740s][debug][gc,phases         ] GC(24)       Resize TLABs (ms):             Min: 0,00, Avg: 0,00, Max: 0,01, Diff: 0,01, Sum: 0,01, Workers: 15
[20,740s][debug][gc,phases         ] GC(24)       Free Collection Set (ms):      Min: 0,04, Avg: 0,08, Max: 0,11, Diff: 0,07, Sum: 1,16, Workers: 15
[20,740s][debug][gc,phases         ] GC(24)     Rebuild Free List: 0,03ms
[20,740s][debug][gc,phases         ] GC(24)     Prepare For Mutator: 0,06ms
[20,740s][debug][gc,phases         ] GC(24)     Expand Heap After Collection: 0,00ms
[20,740s][info ][gc,phases         ] GC(24)   Other: 0,44ms
[20,740s][debug][gc,remset         ] GC(24) Coarsening (recent): Inline->AoC 0 (0) AoC->Howl 0 (0) Howl->Full 0 (0) Inline->AoC 0 (0) AoC->BitMap 0 (0) BitMap->Full 0 (0) 
[20,740s][debug][gc,remset         ] GC(24) Coarsening (all): Inline->AoC 852 (0) AoC->Howl 365 (0) Howl->Full 124 (0) Inline->AoC 2422 (0) AoC->BitMap 2341 (0) BitMap->Full 527 (0) 
[20,740s][info ][gc,heap           ] GC(24) Eden regions: 349->0(319)
[20,740s][info ][gc,heap           ] GC(24) Survivor regions: 55->51(51)
[20,740s][info ][gc,heap           ] GC(24) Old regions: 533->584
[20,740s][info ][gc,heap           ] GC(24) Humongous regions: 0->0
[20,740s][info ][gc,metaspace      ] GC(24) Metaspace: 20717K(21056K)->20717K(21056K) NonClass: 18105K(18304K)->18105K(18304K) Class: 2611K(2752K)->2611K(2752K)
[20,740s][debug][gc,heap           ] GC(24) Heap after GC invocations=25 (full 0):
[20,740s][debug][gc,heap           ] GC(24)  garbage-first heap   total reserved 8388608K, committed 5242880K, used 2595873K [0x0000000600000000, 0x0000000800000000)
[20,740s][debug][gc,heap           ] GC(24)   region size 4096K, 51 young (208896K), 51 survivors (208896K)
[20,740s][debug][gc,heap           ] GC(24)  Metaspace       used 20717K, committed 21056K, reserved 1114112K
[20,740s][debug][gc,heap           ] GC(24)   class space    used 2611K, committed 2752K, reserved 1048576K
[20,740s][info ][gc                ] GC(24) Pause Young (Mixed) (G1 Evacuation Pause) (Evacuation Failure: Pinned) 3741M->2535M(5120M) 73,444ms
[20,741s][info ][gc,cpu            ] GC(24) User=1,04s Sys=0,00s Real=0,07s
[20,741s][debug][gc,refine         ] Concurrent refinement: wanted 0, cards: 1953, predicted: 4386, time: 742,36ms
[20,741s][debug][gc,task           ] G1 Service Thread (Card Set Free Memory Task) (run: 1,814ms) (cpu: 0,221ms)
[20,849s][debug][gc,refine         ] Concurrent refinement: wanted 0, cards: 1953, predicted: 3253, time: 396,86ms
[20,928s][debug][gc,refine         ] Concurrent refinement: wanted 0, cards: 3489, predicted: 4755, time: 386,35ms
[21,006s][debug][gc,refine         ] Concurrent refinement: wanted 0, cards: 3745, predicted: 4961, time: 371,18ms
[21,084s][debug][gc,refine         ] Concurrent refinement: wanted 0, cards: 3745, predicted: 4877, time: 345,50ms
[21,158s][debug][gc,refine         ] Concurrent refinement: wanted 0, cards: 3745, predicted: 4793, time: 319,82ms
[21,229s][debug][gc,refine         ] Concurrent refinement: wanted 0, cards: 3745, predicted: 4716, time: 296,48ms
[21,297s][debug][gc,refine         ] Concurrent refinement: wanted 0, cards: 3745, predicted: 4644, time: 274,30ms
[21,363s][debug][gc,refine         ] Concurrent refinement: wanted 0, cards: 3745, predicted: 4571, time: 252,12ms
[21,403s][debug][gc,task,start     ] G1 Service Thread (Periodic GC Task) (run 0,459ms after schedule)
[21,403s][debug][gc,task           ] G1 Service Thread (Periodic GC Task) (run: 0,058ms) (cpu: 0,066ms)
[21,427s][debug][gc,refine         ] Concurrent refinement: wanted 0, cards: 3745, predicted: 4502, time: 231,11ms
[21,487s][debug][gc,refine         ] Concurrent refinement: wanted 0, cards: 3745, predicted: 4437, time: 211,27ms
[21,545s][debug][gc,refine         ] Concurrent refinement: wanted 0, cards: 3745, predicted: 4372, time: 191,43ms
[21,600s][debug][gc,refine         ] Concurrent refinement: wanted 0, cards: 3745, predicted: 4311, time: 172,75ms
[21,652s][debug][gc,refine         ] Concurrent refinement: wanted 0, cards: 3745, predicted: 4253, time: 155,24ms
[21,703s][debug][gc,refine         ] Concurrent refinement: wanted 0, cards: 3745, predicted: 4200, time: 138,90ms
[21,753s][debug][gc,refine         ] Concurrent refinement: wanted 0, cards: 3745, predicted: 4142, time: 121,39ms
[21,803s][debug][gc,refine         ] Concurrent refinement: wanted 0, cards: 3745, predicted: 4089, time: 105,05ms
[21,854s][debug][gc,refine         ] Concurrent refinement: wanted 0, cards: 3745, predicted: 4035, time: 88,71ms
[21,904s][debug][gc,refine         ] Concurrent refinement: wanted 0, cards: 3745, predicted: 3982, time: 72,37ms
[21,954s][debug][gc,refine         ] Concurrent refinement: wanted 0, cards: 3745, predicted: 3924, time: 54,86ms
[22,004s][debug][gc,refine         ] Concurrent refinement: wanted 0, cards: 3745, predicted: 3745, time: 38,52ms
[22,027s][debug][gc,ergo           ] GC(25) Initiate concurrent cycle (concurrent cycle initiation requested)
[22,027s][info ][gc,start          ] GC(25) Pause Young (Concurrent Start) (G1 Evacuation Pause)
[22,027s][debug][gc,heap           ] GC(25) Heap before GC invocations=25 (full 0):
[22,027s][debug][gc,heap           ] GC(25)  garbage-first heap   total reserved 8388608K, committed 5242880K, used 3898401K [0x0000000600000000, 0x0000000800000000)
[22,027s][debug][gc,heap           ] GC(25)   region size 4096K, 370 young (1515520K), 51 survivors (208896K)
[22,027s][debug][gc,heap           ] GC(25)  Metaspace       used 20717K, committed 21056K, reserved 1114112K
[22,027s][debug][gc,heap           ] GC(25)   class space    used 2611K, committed 2752K, reserved 1048576K
[22,027s][info ][gc,task           ] GC(25) Using 15 workers of 15 for evacuation
[22,027s][debug][gc,age            ] GC(25) Desired survivor size 98566144 bytes, new threshold 1 (max threshold 15)
[22,027s][debug][gc,tlab           ] GC(25) TLAB totals: thrds: 24  refills: 1093 max: 339 slow allocs: 1037 max 93 waste:  1,0% gc: 10058432B max: 878728B slow: 2648128B max: 481024B
[22,027s][debug][gc,refine,stats   ] GC(25) Mutator refinement: 0,00ms, refined: 0, precleaned: 0, dirtied: 2760
[22,027s][debug][gc,refine,stats   ] GC(25) Concurrent refinement: 0,00ms, refined: 0, precleaned: 0, dirtied: 0
[22,027s][debug][gc,refine,stats   ] GC(25) Total refinement: 0,00ms, refined: 0, precleaned: 0, dirtied: 2760
[22,027s][debug][gc,refine,stats   ] GC(25) Generate dirty cards rate: 2,14 cards/ms
[22,027s][debug][gc,alloc,region   ] GC(25) Mutator Allocation stats, regions: 319, wasted size: 296B ( 0,0%)
[22,027s][debug][gc,ergo,cset      ] GC(25) Do not add marking candidates to collection set due to pause type.
[22,027s][debug][gc,ergo,cset      ] GC(25) Start adding retained candidates to collection set. Min 1 regions, available 3, time remaining 25,64ms, optional remaining 40,00ms
[22,027s][debug][gc,ergo,cset      ] GC(25) Retained candidates exhausted.
[22,027s][debug][gc,ergo,cset      ] GC(25) Finish adding retained candidates to collection set. Initial: 3, optional: 0, pinned: 0, predicted initial time: 0,31ms, predicted optional time: 0,00ms, time remaining: 25,33ms optional time remaining 39,69ms
[22,028s][debug][gc,ergo           ] GC(25) Running G1 Merge Heap Roots using 15 workers for 373 regions
[22,028s][debug][gc,remset         ] GC(25) Visited cards 206848 Total dirty 1540096 (13,43%) Total old 10870784 (1,90%)
[22,095s][debug][gc,ref            ] GC(25) ReferenceProcessor::execute queues: 2, RefProcThreadModel::Multi, marks_oops_alive: false
[22,095s][debug][gc,ref            ] GC(25) ReferenceProcessor::execute queues: 15, RefProcThreadModel::Multi, marks_oops_alive: true
[22,096s][debug][gc,ref            ] GC(25) ReferenceProcessor::execute queues: 1, RefProcThreadModel::Single, marks_oops_alive: false
[22,096s][debug][gc,ergo           ] GC(25) Running G1 Rebuild Free List Task using 15 workers for rebuilding free list of regions
[22,096s][debug][gc,plab           ] GC(25) Young PLAB allocation: allocated: 197132288B, wasted: 57040B, unused: 1867416B, used: 195207832B, undo waste: 0B, 
[22,096s][debug][gc,plab           ] GC(25) Young other allocation: region end waste: 0B, regions filled: 47, num plab filled: 108, direct allocated: 0B, num direct allocated: 0, failure used: 0B, failure wasted: 0B
[22,096s][debug][gc,plab           ] GC(25) Young sizing: calculated: 39041560B, actual: 40042928B
[22,096s][debug][gc,plab           ] GC(25) Old PLAB allocation: allocated: 490733568B, wasted: 53032B, unused: 16473264B, used: 474207272B, undo waste: 0B, 
[22,096s][debug][gc,plab           ] GC(25) Old other allocation: region end waste: 0B, regions filled: 117, num plab filled: 234, direct allocated: 0B, num direct allocated: 0, failure used: 0B, failure wasted: 0B
[22,096s][debug][gc,plab           ] GC(25) Old sizing: calculated: 94841448B, actual: 94313664B
[22,096s][debug][gc,ergo,heap      ] GC(25) Heap expansion: short term pause time ratio 5,10% long term pause time ratio 4,95% threshold 7,69% pause time ratio 7,69% fully expanded false resize by 0B
[22,096s][debug][gc,task,start     ] G1 Service Thread (Card Set Free Memory Task) (run 0,009ms after schedule)
[22,096s][debug][gc,mmu            ] GC(25) MMU: 69,6ms (200,0ms/201,0ms)
[22,097s][debug][gc,alloc,stats    ] Old generation allocation in the last mutator period, old gen allocated: 490733568B, humongous allocated: 0B, old gen growth: 490733568B.
[22,097s][debug][gc,ihop           ] GC(25) Basic information (value update), threshold: 2415919104B (45,00), target occupancy: 5368709120B, current occupancy: 3119547952B, recent allocation size: 490733568B, recent allocation duration: 1287,90ms, recent old gen allocation rate: 381034728,25B/s, recent marking phase length: 1983,23ms
[22,097s][debug][gc,ihop           ] GC(25) Adaptive IHOP information (value update), threshold: 2415919104B (47,37), internal target occupancy: 5100273664B, occupancy: 3119547952B, additional buffer size: 1249902592B, predicted old gen allocation rate: 845557619,81B/s, predicted marking phase length: 3966,46ms, prediction active: false
[22,097s][debug][gc,ergo,refine    ] GC(25) GC refinement: goal: 254314 + 928 / 20,00ms, actual: 4713 / 0,38ms, 
[22,097s][debug][gc,ergo,refine    ] GC(25) New pending cards target: 250607
[22,097s][info ][gc,phases         ] GC(25)   Pre Evacuate Collection Set: 0,46ms
[22,097s][debug][gc,phases         ] GC(25)     Reset Marking State (ms):      Min: 0,03, Avg: 0,03, Max: 0,03, Diff: 0,00, Sum: 0,03, Workers: 1
[22,097s][debug][gc,phases         ] GC(25)     Note Start Of Mark (ms):       Min: 0,01, Avg: 0,02, Max: 0,05, Diff: 0,03, Sum: 0,09, Workers: 4
[22,097s][debug][gc,phases         ] GC(25)     Pre Evacuate Prepare: 0,15ms
[22,097s][debug][gc,phases         ] GC(25)       JT Retire TLABs And Flush Logs (ms): Min: 0,00, Avg: 0,01, Max: 0,02, Diff: 0,02, Sum: 0,02, Workers: 2
[22,097s][debug][gc,phases         ] GC(25)       Non-JT Flush Logs (ms):        Min: 0,01, Avg: 0,01, Max: 0,01, Diff: 0,00, Sum: 0,01, Workers: 1
[22,097s][debug][gc,phases         ] GC(25)     Choose Collection Set: 0,08ms
[22,097s][debug][gc,phases         ] GC(25)     Region Register: 0,18ms
[22,097s][debug][gc,phases         ] GC(25)     Prepare Heap Roots: 0,00ms
[22,097s][info ][gc,phases         ] GC(25)   Merge Heap Roots: 0,52ms
[22,097s][debug][gc,phases         ] GC(25)     Prepare Merge Heap Roots: 0,03ms
[22,097s][debug][gc,phases         ] GC(25)     Remembered Sets (ms):          Min: 0,03, Avg: 0,08, Max: 0,09, Diff: 0,06, Sum: 1,16, Workers: 15
[22,097s][debug][gc,phases         ] GC(25)       Eager Reclaim (ms):            skipped
[22,097s][debug][gc,phases         ] GC(25)       Merged Inline                  Min: 0, Avg:  0,0, Max: 0, Diff: 0, Sum: 0, Workers: 15
[22,097s][debug][gc,phases         ] GC(25)       Merged ArrayOfCards            Min: 0, Avg:  0,0, Max: 0, Diff: 0, Sum: 0, Workers: 15
[22,097s][debug][gc,phases         ] GC(25)       Merged Howl                    Min: 0, Avg:  0,0, Max: 0, Diff: 0, Sum: 0, Workers: 15
[22,097s][debug][gc,phases         ] GC(25)       Merged Full                    Min: 0, Avg:  0,0, Max: 0, Diff: 0, Sum: 0, Workers: 15
[22,097s][debug][gc,phases         ] GC(25)       Merged Howl Inline             Min: 0, Avg:  0,0, Max: 0, Diff: 0, Sum: 0, Workers: 15
[22,097s][debug][gc,phases         ] GC(25)       Merged Howl ArrayOfCards       Min: 0, Avg:  0,0, Max: 0, Diff: 0, Sum: 0, Workers: 15
[22,097s][debug][gc,phases         ] GC(25)       Merged Howl BitMap             Min: 0, Avg:  0,0, Max: 0, Diff: 0, Sum: 0, Workers: 15
[22,097s][debug][gc,phases         ] GC(25)       Merged Howl Full               Min: 0, Avg:  0,0, Max: 0, Diff: 0, Sum: 0, Workers: 15
[22,097s][debug][gc,phases         ] GC(25)       Merged Cards                   Min: 8, Avg:  8,0, Max: 8, Diff: 0, Sum: 120, Workers: 15
[22,097s][debug][gc,phases         ] GC(25)     Log Buffers (ms):              Min: 0,03, Avg: 0,04, Max: 0,05, Diff: 0,03, Sum: 0,57, Workers: 15
[22,097s][debug][gc,phases         ] GC(25)       Dirty Cards:                   Min: 141, Avg: 314,2, Max: 523, Diff: 382, Sum: 4713, Workers: 15
[22,097s][debug][gc,phases         ] GC(25)       Skipped Cards:                 Min: 0, Avg:  0,0, Max: 0, Diff: 0, Sum: 0, Workers: 15
[22,097s][info ][gc,phases         ] GC(25)   Evacuate Collection Set: 66,95ms
[22,097s][debug][gc,phases         ] GC(25)     Ext Root Scanning (ms):        Min: 0,00, Avg: 0,07, Max: 0,27, Diff: 0,27, Sum: 1,11, Workers: 15
[22,097s][debug][gc,phases         ] GC(25)     Scan Heap Roots (ms):          Min: 0,00, Avg: 0,34, Max: 0,66, Diff: 0,66, Sum: 5,14, Workers: 15
[22,097s][debug][gc,phases         ] GC(25)       Scanned Cards:                 Min: 0, Avg: 313,3, Max: 625, Diff: 625, Sum: 4699, Workers: 15
[22,097s][debug][gc,phases         ] GC(25)       Scanned Blocks:                Min: 0, Avg: 263,1, Max: 520, Diff: 520, Sum: 3947, Workers: 15
[22,097s][debug][gc,phases         ] GC(25)       Claimed Chunks:                Min: 0, Avg: 215,5, Max: 411, Diff: 411, Sum: 3232, Workers: 15
[22,097s][debug][gc,phases         ] GC(25)       Found Roots:                   Min: 0, Avg: 436,7, Max: 1111, Diff: 1111, Sum: 6550, Workers: 15
[22,097s][debug][gc,phases         ] GC(25)     Code Root Scan (ms):           Min: 0,02, Avg: 0,03, Max: 0,04, Diff: 0,02, Sum: 0,40, Workers: 15
[22,097s][debug][gc,phases         ] GC(25)       Scanned Nmethods               Min: 0, Avg:  0,1, Max: 1, Diff: 1, Sum: 2, Workers: 15
[22,097s][debug][gc,phases         ] GC(25)     Object Copy (ms):              Min: 65,76, Avg: 66,15, Max: 66,52, Diff: 0,75, Sum: 992,23, Workers: 15
[22,097s][debug][gc,phases         ] GC(25)     Termination (ms):              Min: 0,05, Avg: 0,08, Max: 0,14, Diff: 0,09, Sum: 1,19, Workers: 15
[22,097s][debug][gc,phases         ] GC(25)       Termination Attempts:          Min: 1, Avg:  1,0, Max: 1, Diff: 0, Sum: 15, Workers: 15
[22,097s][debug][gc,phases         ] GC(25)     GC Worker Other (ms):          Min: 0,03, Avg: 0,04, Max: 0,06, Diff: 0,03, Sum: 0,62, Workers: 15
[22,097s][debug][gc,phases         ] GC(25)     GC Worker Total (ms):          Min: 66,63, Avg: 66,71, Max: 66,81, Diff: 0,18, Sum: 1000,68, Workers: 15
[22,097s][info ][gc,phases         ] GC(25)   Post Evacuate Collection Set: 1,24ms
[22,097s][debug][gc,phases         ] GC(25)     NMethod List Cleanup: 0,01ms
[22,097s][debug][gc,phases         ] GC(25)     Reference Processing: 0,62ms
[22,097s][debug][gc,phases,ref     ] GC(25)       Notify Soft/WeakReferences: 0,3ms
[22,097s][debug][gc,phases,ref     ] GC(25)         Balance queues: 0,0ms
[22,097s][debug][gc,phases,ref     ] GC(25)         SoftRef (ms):                  Min: 0,00, Avg: 0,00, Max: 0,00, Diff: 0,00, Sum: 0,00, Workers: 2
[22,097s][debug][gc,phases,ref     ] GC(25)         WeakRef (ms):                  Min: 0,00, Avg: 0,00, Max: 0,00, Diff: 0,00, Sum: 0,00, Workers: 2
[22,097s][debug][gc,phases,ref     ] GC(25)         FinalRef (ms):                 Min: 0,05, Avg: 0,07, Max: 0,10, Diff: 0,04, Sum: 0,15, Workers: 2
[22,097s][debug][gc,phases,ref     ] GC(25)         Total (ms):                    Min: 0,10, Avg: 0,12, Max: 0,14, Diff: 0,04, Sum: 0,24, Workers: 2
[22,097s][debug][gc,phases,ref     ] GC(25)       Notify and keep alive finalizable: 0,3ms
[22,097s][debug][gc,phases,ref     ] GC(25)         Balance queues: 0,0ms
[22,097s][debug][gc,phases,ref     ] GC(25)         FinalRef (ms):                 Min: 0,06, Avg: 0,11, Max: 0,17, Diff: 0,11, Sum: 1,59, Workers: 15
[22,097s][debug][gc,phases,ref     ] GC(25)       Notify PhantomReferences: 0,0ms
[22,097s][debug][gc,phases,ref     ] GC(25)         PhantomRef (ms):               Min: 0,01, Avg: 0,01, Max: 0,01, Diff: 0,00, Sum: 0,01, Workers: 1
[22,097s][debug][gc,phases,ref     ] GC(25)       SoftReference Discovered: 0, Dropped: 0, Processed: 0
[22,097s][debug][gc,phases,ref     ] GC(25)       WeakReference Discovered: 0, Dropped: 0, Processed: 0
[22,097s][debug][gc,phases,ref     ] GC(25)       FinalReference Discovered: 1357, Dropped: 2, Processed: 1355
[22,097s][debug][gc,phases,ref     ] GC(25)       PhantomReference Discovered: 43, Dropped: 4, Processed: 39
[22,097s][debug][gc,phases         ] GC(25)     Weak Processing: 0,06ms
[22,097s][debug][gc,phases         ] GC(25)       VM Weak                        Min: 0,00, Avg: 0,00, Max: 0,00, Diff: 0,00, Sum: 0,01, Workers: 15
[22,097s][debug][gc,phases         ] GC(25)         Dead                           Min: 0, Avg:  0,0, Max: 0, Diff: 0, Sum: 0, Workers: 15
[22,097s][debug][gc,phases         ] GC(25)         Total                          Min: 0, Avg: 11,0, Max: 165, Diff: 165, Sum: 165, Workers: 15
[22,097s][debug][gc,phases         ] GC(25)       ObjectSynchronizer Weak        Min: 0,00, Avg: 0,00, Max: 0,00, Diff: 0,00, Sum: 0,00, Workers: 15
[22,097s][debug][gc,phases         ] GC(25)         Dead                           Min: 0, Avg:  0,0, Max: 0, Diff: 0, Sum: 0, Workers: 15
[22,097s][debug][gc,phases         ] GC(25)         Total                          Min: 0, Avg:  2,2, Max: 33, Diff: 33, Sum: 33, Workers: 15
[22,097s][debug][gc,phases         ] GC(25)       JVMTI Tag Weak OopStorage      Min: 0,00, Avg: 0,00, Max: 0,00, Diff: 0,00, Sum: 0,00, Workers: 15
[22,097s][debug][gc,phases         ] GC(25)         Dead                           Min: 0, Avg:  0,0, Max: 0, Diff: 0, Sum: 0, Workers: 15
[22,097s][debug][gc,phases         ] GC(25)         Total                          Min: 0, Avg:  0,0, Max: 0, Diff: 0, Sum: 0, Workers: 15
[22,097s][debug][gc,phases         ] GC(25)       StringTable Weak               Min: 0,00, Avg: 0,01, Max: 0,02, Diff: 0,02, Sum: 0,10, Workers: 15
[22,097s][debug][gc,phases         ] GC(25)         Dead                           Min: 0, Avg:  0,0, Max: 0, Diff: 0, Sum: 0, Workers: 15
[22,097s][debug][gc,phases         ] GC(25)         Total                          Min: 0, Avg: 564,7, Max: 1344, Diff: 1344, Sum: 8470, Workers: 15
[22,097s][debug][gc,phases         ] GC(25)       ResolvedMethodTable Weak       Min: 0,00, Avg: 0,00, Max: 0,00, Diff: 0,00, Sum: 0,03, Workers: 15
[22,097s][debug][gc,phases         ] GC(25)         Dead                           Min: 0, Avg:  0,0, Max: 0, Diff: 0, Sum: 0, Workers: 15
[22,097s][debug][gc,phases         ] GC(25)         Total                          Min: 0, Avg: 113,1, Max: 256, Diff: 256, Sum: 1697, Workers: 15
[22,097s][debug][gc,phases         ] GC(25)       JNI Weak                       Min: 0,00, Avg: 0,00, Max: 0,00, Diff: 0,00, Sum: 0,01, Workers: 15
[22,097s][debug][gc,phases         ] GC(25)         Dead                           Min: 0, Avg:  0,0, Max: 0, Diff: 0, Sum: 0, Workers: 15
[22,097s][debug][gc,phases         ] GC(25)         Total                          Min: 0, Avg:  0,0, Max: 0, Diff: 0, Sum: 0, Workers: 15
[22,097s][debug][gc,phases         ] GC(25)       StringDedup Table Weak         Min: 0,00, Avg: 0,01, Max: 0,02, Diff: 0,02, Sum: 0,13, Workers: 15
[22,097s][debug][gc,phases         ] GC(25)         Dead                           Min: 0, Avg:  0,0, Max: 0, Diff: 0, Sum: 0, Workers: 15
[22,097s][debug][gc,phases         ] GC(25)         Total                          Min: 0, Avg: 873,9, Max: 1908, Diff: 1908, Sum: 13108, Workers: 15
[22,097s][debug][gc,phases         ] GC(25)       StringDedup Requests0 Weak     Min: 0,00, Avg: 0,00, Max: 0,00, Diff: 0,00, Sum: 0,01, Workers: 15
[22,097s][debug][gc,phases         ] GC(25)         Dead                           Min: 0, Avg:  0,0, Max: 0, Diff: 0, Sum: 0, Workers: 15
[22,097s][debug][gc,phases         ] GC(25)         Total                          Min: 0, Avg: 17,1, Max: 64, Diff: 64, Sum: 256, Workers: 15
[22,097s][debug][gc,phases         ] GC(25)       StringDedup Requests1 Weak     Min: 0,00, Avg: 0,00, Max: 0,00, Diff: 0,00, Sum: 0,00, Workers: 15
[22,097s][debug][gc,phases         ] GC(25)         Dead                           Min: 0, Avg:  0,0, Max: 0, Diff: 0, Sum: 0, Workers: 15
[22,097s][debug][gc,phases         ] GC(25)         Total                          Min: 0, Avg:  0,0, Max: 0, Diff: 0, Sum: 0, Workers: 15
[22,097s][debug][gc,phases         ] GC(25)       Weak JFR Old Object Samples    Min: 0,00, Avg: 0,00, Max: 0,00, Diff: 0,00, Sum: 0,00, Workers: 15
[22,097s][debug][gc,phases         ] GC(25)         Dead                           Min: 0, Avg:  0,0, Max: 0, Diff: 0, Sum: 0, Workers: 15
[22,097s][debug][gc,phases         ] GC(25)         Total                          Min: 0, Avg:  0,0, Max: 0, Diff: 0, Sum: 0, Workers: 15
[22,097s][debug][gc,phases         ] GC(25)     Post Evacuate Cleanup 1: 0,26ms
[22,097s][debug][gc,phases         ] GC(25)       Merge Per-Thread State (ms):   Min: 0,05, Avg: 0,05, Max: 0,05, Diff: 0,00, Sum: 0,05, Workers: 1
[22,097s][debug][gc,phases         ] GC(25)         Copied Bytes                   Min: 35204040, Avg: 44627673,6, Max: 53518432, Diff: 18314392, Sum: 669415104, Workers: 15
[22,098s][debug][gc,phases         ] GC(25)         LAB Waste                      Min: 920, Avg: 7338,1, Max: 35824, Diff: 34904, Sum: 110072, Workers: 15
[22,098s][debug][gc,phases         ] GC(25)         LAB Undo Waste                 Min: 0, Avg:  0,0, Max: 0, Diff: 0, Sum: 0, Workers: 15
[22,098s][debug][gc,phases         ] GC(25)         Evac Fail Extra Cards          Min: 0, Avg:  0,0, Max: 0, Diff: 0, Sum: 0, Workers: 15
[22,098s][debug][gc,phases         ] GC(25)       Clear Logged Cards (ms):       Min: 0,00, Avg: 0,07, Max: 0,16, Diff: 0,16, Sum: 0,37, Workers: 5
[22,098s][debug][gc,phases         ] GC(25)       Recalculate Used Memory (ms):  Min: 0,00, Avg: 0,00, Max: 0,00, Diff: 0,00, Sum: 0,00, Workers: 1
[22,098s][debug][gc,phases         ] GC(25)     Post Evacuate Cleanup 2: 0,16ms
[22,098s][debug][gc,phases         ] GC(25)       Update Derived Pointers (ms):  Min: 0,00, Avg: 0,00, Max: 0,00, Diff: 0,00, Sum: 0,00, Workers: 1
[22,098s][debug][gc,phases         ] GC(25)       Eagerly Reclaim Humongous Objects (ms): skipped
[22,098s][debug][gc,phases         ] GC(25)         Humongous Total                skipped
[22,098s][debug][gc,phases         ] GC(25)         Humongous Candidates           skipped
[22,098s][debug][gc,phases         ] GC(25)         Humongous Reclaimed            skipped
[22,098s][debug][gc,phases         ] GC(25)       Redirty Logged Cards (ms):     Min: 0,00, Avg: 0,00, Max: 0,02, Diff: 0,02, Sum: 0,05, Workers: 15
[22,098s][debug][gc,phases         ] GC(25)         Redirtied Cards:               Min: 0, Avg: 148,8, Max: 702, Diff: 702, Sum: 2232, Workers: 15
[22,098s][debug][gc,phases         ] GC(25)       Resize TLABs (ms):             Min: 0,00, Avg: 0,00, Max: 0,00, Diff: 0,00, Sum: 0,01, Workers: 15
[22,098s][debug][gc,phases         ] GC(25)       Free Collection Set (ms):      Min: 0,02, Avg: 0,05, Max: 0,09, Diff: 0,07, Sum: 0,80, Workers: 15
[22,098s][debug][gc,phases         ] GC(25)     Rebuild Free List: 0,06ms
[22,098s][debug][gc,phases         ] GC(25)     Prepare For Mutator: 0,06ms
[22,098s][debug][gc,phases         ] GC(25)     Expand Heap After Collection: 0,00ms
[22,098s][info ][gc,phases         ] GC(25)   Other: 0,69ms
[22,098s][debug][gc,remset         ] GC(25) Coarsening (recent): Inline->AoC 0 (0) AoC->Howl 0 (0) Howl->Full 0 (0) Inline->AoC 0 (0) AoC->BitMap 0 (0) BitMap->Full 0 (0) 
[22,098s][debug][gc,remset         ] GC(25) Coarsening (all): Inline->AoC 852 (0) AoC->Howl 365 (0) Howl->Full 124 (0) Inline->AoC 2422 (0) AoC->BitMap 2341 (0) BitMap->Full 527 (0) 
[22,098s][info ][gc,heap           ] GC(25) Eden regions: 319->0(251)
[22,098s][info ][gc,heap           ] GC(25) Survivor regions: 51->47(47)
[22,098s][info ][gc,heap           ] GC(25) Old regions: 584->698
[22,098s][info ][gc,heap           ] GC(25) Humongous regions: 0->0
[22,098s][info ][gc,metaspace      ] GC(25) Metaspace: 20717K(21056K)->20717K(21056K) NonClass: 18105K(18304K)->18105K(18304K) Class: 2611K(2752K)->2611K(2752K)
[22,098s][debug][gc,heap           ] GC(25) Heap after GC invocations=26 (full 0):
[22,098s][debug][gc,heap           ] GC(25)  garbage-first heap   total reserved 8388608K, committed 5242880K, used 3046433K [0x0000000600000000, 0x0000000800000000)
[22,098s][debug][gc,heap           ] GC(25)   region size 4096K, 47 young (192512K), 47 survivors (192512K)
[22,098s][debug][gc,heap           ] GC(25)  Metaspace       used 20717K, committed 21056K, reserved 1114112K
[22,098s][debug][gc,heap           ] GC(25)   class space    used 2611K, committed 2752K, reserved 1048576K
[22,098s][info ][gc                ] GC(25) Pause Young (Concurrent Start) (G1 Evacuation Pause) 3811M->2975M(5120M) 71,223ms
[22,098s][info ][gc,cpu            ] GC(25) User=1,00s Sys=0,00s Real=0,07s
[22,098s][debug][gc,task           ] G1 Service Thread (Card Set Free Memory Task) (run: 1,644ms) (cpu: 0,103ms)
[22,098s][info ][gc                ] GC(26) Concurrent Mark Cycle
[22,098s][info ][gc,marking        ] GC(26) Concurrent Scan Root Regions
[22,098s][debug][gc,ergo           ] GC(26) Running G1 Root Region Scan using 4 workers for 164 work units.
[22,098s][debug][gc,refine         ] Concurrent refinement: wanted 0, cards: 2232, predicted: 4209, time: 640,84ms
[22,157s][info ][gc,marking        ] GC(26) Concurrent Scan Root Regions 58,604ms
[22,157s][info ][gc,marking        ] GC(26) Concurrent Mark
[22,157s][info ][gc,marking        ] GC(26) Concurrent Mark From Roots
[22,157s][info ][gc,task           ] GC(26) Using 4 workers of 4 for marking
[22,199s][debug][gc,refine         ] Concurrent refinement: wanted 0, cards: 2232, predicted: 2784, time: 178,90ms
[22,235s][debug][gc,stats          ] ---------------------------------------------------------------------
[22,235s][debug][gc,stats          ] Marking Stats, task = 0, calls = 9
[22,235s][debug][gc,stats          ]   Elapsed time = 77,93ms, Termination time = 0,00ms
[22,235s][debug][gc,stats          ]   Step Times (cum): num = 36, avg = 4,14ms, sd = 4,86ms max = 12,00ms, total = 148,97ms
[22,235s][debug][gc,stats          ]   Mark Stats Cache: hits 1358530 misses 1 ratio 100,000
[22,235s][debug][gc,stats          ] ---------------------------------------------------------------------
[22,235s][debug][gc,stats          ] Marking Stats, task = 1, calls = 9
[22,235s][debug][gc,stats          ]   Elapsed time = 77,94ms, Termination time = 0,01ms
[22,235s][debug][gc,stats          ]   Step Times (cum): num = 20, avg = 7,62ms, sd = 3,96ms max = 12,00ms, total = 152,42ms
[22,235s][debug][gc,stats          ]   Mark Stats Cache: hits 1320797 misses 1 ratio 100,000
[22,235s][debug][gc,stats          ] ---------------------------------------------------------------------
[22,235s][debug][gc,stats          ] Marking Stats, task = 2, calls = 9
[22,235s][debug][gc,stats          ]   Elapsed time = 77,91ms, Termination time = 0,00ms
[22,235s][debug][gc,stats          ]   Step Times (cum): num = 20, avg = 7,45ms, sd = 4,08ms max = 12,00ms, total = 149,03ms
[22,235s][debug][gc,stats          ]   Mark Stats Cache: hits 1356197 misses 1 ratio 100,000
[22,235s][debug][gc,stats          ] ---------------------------------------------------------------------
[22,235s][debug][gc,stats          ] Marking Stats, task = 3, calls = 9
[22,235s][debug][gc,stats          ]   Elapsed time = 77,89ms, Termination time = 0,00ms
[22,235s][debug][gc,stats          ]   Step Times (cum): num = 20, avg = 7,49ms, sd = 4,11ms max = 12,00ms, total = 149,74ms
[22,235s][debug][gc,stats          ]   Mark Stats Cache: hits 1295785 misses 1 ratio 100,000
[22,235s][debug][gc,stats          ] ---------------------------------------------------------------------
[22,235s][info ][gc,marking        ] GC(26) Concurrent Mark From Roots 78,357ms
[22,235s][info ][gc,marking        ] GC(26) Concurrent Preclean
[22,235s][debug][gc,ref,start      ] GC(26) Preclean SoftReferences
[22,235s][debug][gc,ref            ] GC(26) Preclean SoftReferences 0,016ms
[22,235s][debug][gc,ref,start      ] GC(26) Preclean WeakReferences
[22,235s][debug][gc,ref            ] GC(26) Preclean WeakReferences 0,046ms
[22,235s][debug][gc,ref,start      ] GC(26) Preclean FinalReferences
[22,235s][debug][gc,ref            ] GC(26) Preclean FinalReferences 0,017ms
[22,235s][debug][gc,ref,start      ] GC(26) Preclean PhantomReferences
[22,235s][debug][gc,ref            ] GC(26) Preclean PhantomReferences 0,052ms
[22,235s][info ][gc,marking        ] GC(26) Concurrent Preclean 0,204ms
[22,235s][info ][gc,start          ] GC(26) Pause Remark
[22,235s][debug][gc,phases,start   ] GC(26) Finalize Marking
[22,236s][debug][gc,stats          ] ---------------------------------------------------------------------
[22,236s][debug][gc,stats          ] Marking Stats, task = 0, calls = 10
[22,236s][debug][gc,stats          ]   Elapsed time = 0,15ms, Termination time = 0,12ms
[22,236s][debug][gc,stats          ]   Step Times (cum): num = 37, avg = 4,03ms, sd = 4,84ms max = 12,00ms, total = 149,01ms
[22,236s][debug][gc,stats          ]   Mark Stats Cache: hits 1358530 misses 1 ratio 100,000
[22,236s][debug][gc,stats          ] ---------------------------------------------------------------------
[22,236s][debug][gc,stats          ] Marking Stats, task = 1, calls = 10
[22,236s][debug][gc,stats          ]   Elapsed time = 0,18ms, Termination time = 0,15ms
[22,236s][debug][gc,stats          ]   Step Times (cum): num = 21, avg = 7,26ms, sd = 4,19ms max = 12,00ms, total = 152,42ms
[22,236s][debug][gc,stats          ]   Mark Stats Cache: hits 1320797 misses 1 ratio 100,000
[22,236s][debug][gc,stats          ] ---------------------------------------------------------------------
[22,236s][debug][gc,stats          ] Marking Stats, task = 2, calls = 10
[22,236s][debug][gc,stats          ]   Elapsed time = 0,15ms, Termination time = 0,13ms
[22,236s][debug][gc,stats          ]   Step Times (cum): num = 21, avg = 7,10ms, sd = 4,28ms max = 12,00ms, total = 149,08ms
[22,236s][debug][gc,stats          ]   Mark Stats Cache: hits 1356197 misses 1 ratio 100,000
[22,236s][debug][gc,stats          ] ---------------------------------------------------------------------
[22,236s][debug][gc,stats          ] Marking Stats, task = 3, calls = 10
[22,236s][debug][gc,stats          ]   Elapsed time = 0,15ms, Termination time = 0,13ms
[22,236s][debug][gc,stats          ]   Step Times (cum): num = 21, avg = 7,13ms, sd = 4,31ms max = 12,00ms, total = 149,79ms
[22,236s][debug][gc,stats          ]   Mark Stats Cache: hits 1295785 misses 1 ratio 100,000
[22,236s][debug][gc,stats          ] ---------------------------------------------------------------------
[22,236s][debug][gc,stats          ] Marking Stats, task = 4, calls = 1
[22,236s][debug][gc,stats          ]   Elapsed time = 0,15ms, Termination time = 0,12ms
[22,236s][debug][gc,stats          ]   Step Times (cum): num = 3, avg = 0,04ms, sd = 0,00ms max = 0,05ms, total = 0,13ms
[22,236s][debug][gc,stats          ]   Mark Stats Cache: hits 14 misses 0 ratio 100,000
[22,236s][debug][gc,stats          ] ---------------------------------------------------------------------
[22,236s][debug][gc,stats          ] Marking Stats, task = 5, calls = 1
[22,236s][debug][gc,stats          ]   Elapsed time = 0,14ms, Termination time = 0,10ms
[22,236s][debug][gc,stats          ]   Step Times (cum): num = 3, avg = 0,04ms, sd = 0,02ms max = 0,06ms, total = 0,11ms
[22,236s][debug][gc,stats          ]   Mark Stats Cache: hits 65 misses 0 ratio 100,000
[22,236s][debug][gc,stats          ] ---------------------------------------------------------------------
[22,236s][debug][gc,stats          ] Marking Stats, task = 6, calls = 1
[22,236s][debug][gc,stats          ]   Elapsed time = 0,14ms, Termination time = 0,11ms
[22,236s][debug][gc,stats          ]   Step Times (cum): num = 3, avg = 0,04ms, sd = 0,02ms max = 0,06ms, total = 0,11ms
[22,236s][debug][gc,stats          ]   Mark Stats Cache: hits 4 misses 0 ratio 100,000
[22,236s][debug][gc,stats          ] ---------------------------------------------------------------------
[22,236s][debug][gc,stats          ] Marking Stats, task = 7, calls = 1
[22,236s][debug][gc,stats          ]   Elapsed time = 0,08ms, Termination time = 0,07ms
[22,236s][debug][gc,stats          ]   Step Times (cum): num = 3, avg = 0,04ms, sd = 0,01ms max = 0,05ms, total = 0,12ms
[22,236s][debug][gc,stats          ]   Mark Stats Cache: hits 3861 misses 1 ratio 99,974
[22,236s][debug][gc,stats          ] ---------------------------------------------------------------------
[22,236s][debug][gc,stats          ] Marking Stats, task = 8, calls = 1
[22,236s][debug][gc,stats          ]   Elapsed time = 0,08ms, Termination time = 0,08ms
[22,236s][debug][gc,stats          ]   Step Times (cum): num = 3, avg = 0,04ms, sd = 0,01ms max = 0,04ms, total = 0,11ms
[22,236s][debug][gc,stats          ]   Mark Stats Cache: hits 27 misses 1 ratio 96,429
[22,236s][debug][gc,stats          ] ---------------------------------------------------------------------
[22,236s][debug][gc,stats          ] Marking Stats, task = 9, calls = 1
[22,236s][debug][gc,stats          ]   Elapsed time = 0,08ms, Termination time = 0,07ms
[22,236s][debug][gc,stats          ]   Step Times (cum): num = 3, avg = 0,04ms, sd = 0,01ms max = 0,05ms, total = 0,11ms
[22,236s][debug][gc,stats          ]   Mark Stats Cache: hits 4 misses 0 ratio 100,000
[22,236s][debug][gc,stats          ] ---------------------------------------------------------------------
[22,236s][debug][gc,stats          ] Marking Stats, task = 10, calls = 1
[22,236s][debug][gc,stats          ]   Elapsed time = 0,06ms, Termination time = 0,05ms
[22,236s][debug][gc,stats          ]   Step Times (cum): num = 3, avg = 0,05ms, sd = 0,01ms max = 0,06ms, total = 0,14ms
[22,236s][debug][gc,stats          ]   Mark Stats Cache: hits 15 misses 0 ratio 100,000
[22,236s][debug][gc,stats          ] ---------------------------------------------------------------------
[22,236s][debug][gc,stats          ] Marking Stats, task = 11, calls = 1
[22,236s][debug][gc,stats          ]   Elapsed time = 0,06ms, Termination time = 0,05ms
[22,236s][debug][gc,stats          ]   Step Times (cum): num = 3, avg = 0,05ms, sd = 0,00ms max = 0,05ms, total = 0,14ms
[22,236s][debug][gc,stats          ]   Mark Stats Cache: hits 0 misses 0 ratio 0,000
[22,236s][debug][gc,stats          ] ---------------------------------------------------------------------
[22,236s][debug][gc,stats          ] Marking Stats, task = 12, calls = 1
[22,236s][debug][gc,stats          ]   Elapsed time = 0,03ms, Termination time = 0,03ms
[22,236s][debug][gc,stats          ]   Step Times (cum): num = 3, avg = 0,03ms, sd = 0,02ms max = 0,05ms, total = 0,10ms
[22,236s][debug][gc,stats          ]   Mark Stats Cache: hits 0 misses 0 ratio 0,000
[22,236s][debug][gc,stats          ] ---------------------------------------------------------------------
[22,236s][debug][gc,stats          ] Marking Stats, task = 13, calls = 1
[22,236s][debug][gc,stats          ]   Elapsed time = 0,03ms, Termination time = 0,02ms
[22,236s][debug][gc,stats          ]   Step Times (cum): num = 3, avg = 0,03ms, sd = 0,03ms max = 0,06ms, total = 0,10ms
[22,236s][debug][gc,stats          ]   Mark Stats Cache: hits 0 misses 0 ratio 0,000
[22,236s][debug][gc,stats          ] ---------------------------------------------------------------------
[22,236s][debug][gc,stats          ] Marking Stats, task = 14, calls = 1
[22,236s][debug][gc,stats          ]   Elapsed time = 0,02ms, Termination time = 0,01ms
[22,236s][debug][gc,stats          ]   Step Times (cum): num = 3, avg = 0,03ms, sd = 0,02ms max = 0,04ms, total = 0,08ms
[22,236s][debug][gc,stats          ]   Mark Stats Cache: hits 0 misses 0 ratio 0,000
[22,236s][debug][gc,stats          ] ---------------------------------------------------------------------
[22,236s][debug][gc,phases         ] GC(26) Finalize Marking 0,907ms
[22,236s][debug][gc,phases,start   ] GC(26) Reference Processing
[22,236s][debug][gc,ref            ] GC(26) ReferenceProcessor::execute queues: 1, RefProcThreadModel::Single, marks_oops_alive: false
[22,236s][debug][gc,ref            ] GC(26) ReferenceProcessor::execute queues: 15, RefProcThreadModel::Multi, marks_oops_alive: true
[22,237s][debug][gc,ref            ] GC(26) Skipped PhantomRefsPhase of Reference Processing: no references
[22,237s][debug][gc,phases,ref     ] GC(26) Reference Processing: 0,2ms
[22,237s][debug][gc,phases,ref     ] GC(26)   Notify Soft/WeakReferences: 0,0ms
[22,237s][debug][gc,phases,ref     ] GC(26)     SoftRef (ms):                  Min: 0,00, Avg: 0,00, Max: 0,00, Diff: 0,00, Sum: 0,00, Workers: 1
[22,237s][debug][gc,phases,ref     ] GC(26)     WeakRef (ms):                  Min: 0,00, Avg: 0,00, Max: 0,00, Diff: 0,00, Sum: 0,00, Workers: 1
[22,237s][debug][gc,phases,ref     ] GC(26)     FinalRef (ms):                 Min: 0,00, Avg: 0,00, Max: 0,00, Diff: 0,00, Sum: 0,00, Workers: 1
[22,237s][debug][gc,phases,ref     ] GC(26)     Total (ms):                    Min: 0,02, Avg: 0,02, Max: 0,02, Diff: 0,00, Sum: 0,02, Workers: 1
[22,237s][debug][gc,phases,ref     ] GC(26)   Notify and keep alive finalizable: 0,2ms
[22,237s][debug][gc,phases,ref     ] GC(26)     Balance queues: 0,0ms
[22,237s][debug][gc,phases,ref     ] GC(26)     FinalRef (ms):                 Min: 0,02, Avg: 0,09, Max: 0,19, Diff: 0,17, Sum: 1,36, Workers: 15
[22,237s][debug][gc,phases,ref     ] GC(26)   Notify PhantomReferences: 0,0ms
[22,237s][debug][gc,phases,ref     ] GC(26)     PhantomRef (ms):               skipped
[22,237s][debug][gc,phases,ref     ] GC(26)   SoftReference Discovered: 0, Dropped: 0, Processed: 0
[22,237s][debug][gc,phases,ref     ] GC(26)   WeakReference Discovered: 0, Dropped: 0, Processed: 0
[22,237s][debug][gc,phases,ref     ] GC(26)   FinalReference Discovered: 15, Dropped: 0, Processed: 15
[22,237s][debug][gc,phases,ref     ] GC(26)   PhantomReference Discovered: 0, Dropped: 0, Processed: 0
[22,237s][debug][gc,phases         ] GC(26) Reference Processing 0,415ms
[22,237s][debug][gc,phases,start   ] GC(26) Weak Processing
[22,237s][debug][gc,phases         ] GC(26)   VM Weak                        Min: 0,00, Avg: 0,00, Max: 0,00, Diff: 0,00, Sum: 0,01, Workers: 15
[22,237s][debug][gc,phases         ] GC(26)     Dead                           Min: 0, Avg:  0,0, Max: 0, Diff: 0, Sum: 0, Workers: 15
[22,237s][debug][gc,phases         ] GC(26)     Total                          Min: 0, Avg: 11,0, Max: 101, Diff: 101, Sum: 165, Workers: 15
[22,237s][debug][gc,phases         ] GC(26)   ObjectSynchronizer Weak        Min: 0,00, Avg: 0,00, Max: 0,00, Diff: 0,00, Sum: 0,00, Workers: 15
[22,237s][debug][gc,phases         ] GC(26)     Dead                           Min: 0, Avg:  0,0, Max: 0, Diff: 0, Sum: 0, Workers: 15
[22,237s][debug][gc,phases         ] GC(26)     Total                          Min: 0, Avg:  2,2, Max: 33, Diff: 33, Sum: 33, Workers: 15
[22,237s][debug][gc,phases         ] GC(26)   JVMTI Tag Weak OopStorage      Min: 0,00, Avg: 0,00, Max: 0,00, Diff: 0,00, Sum: 0,00, Workers: 15
[22,237s][debug][gc,phases         ] GC(26)     Dead                           Min: 0, Avg:  0,0, Max: 0, Diff: 0, Sum: 0, Workers: 15
[22,237s][debug][gc,phases         ] GC(26)     Total                          Min: 0, Avg:  0,0, Max: 0, Diff: 0, Sum: 0, Workers: 15
[22,237s][debug][gc,phases         ] GC(26)   StringTable Weak               Min: 0,00, Avg: 0,01, Max: 0,04, Diff: 0,04, Sum: 0,14, Workers: 15
[22,237s][debug][gc,phases         ] GC(26)     Dead                           Min: 0, Avg:  0,0, Max: 0, Diff: 0, Sum: 0, Workers: 15
[22,237s][debug][gc,phases         ] GC(26)     Total                          Min: 0, Avg: 564,7, Max: 2944, Diff: 2944, Sum: 8470, Workers: 15
[22,237s][debug][gc,phases         ] GC(26)   ResolvedMethodTable Weak       Min: 0,00, Avg: 0,00, Max: 0,01, Diff: 0,01, Sum: 0,04, Workers: 15
[22,237s][debug][gc,phases         ] GC(26)     Dead                           Min: 0, Avg:  0,0, Max: 0, Diff: 0, Sum: 0, Workers: 15
[22,237s][debug][gc,phases         ] GC(26)     Total                          Min: 0, Avg: 113,1, Max: 383, Diff: 383, Sum: 1697, Workers: 15
[22,237s][debug][gc,phases         ] GC(26)   JNI Weak                       Min: 0,00, Avg: 0,00, Max: 0,00, Diff: 0,00, Sum: 0,00, Workers: 15
[22,237s][debug][gc,phases         ] GC(26)     Dead                           Min: 0, Avg:  0,0, Max: 0, Diff: 0, Sum: 0, Workers: 15
[22,237s][debug][gc,phases         ] GC(26)     Total                          Min: 0, Avg:  0,0, Max: 0, Diff: 0, Sum: 0, Workers: 15
[22,237s][debug][gc,phases         ] GC(26)   StringDedup Table Weak         Min: 0,01, Avg: 0,01, Max: 0,03, Diff: 0,02, Sum: 0,20, Workers: 15
[22,237s][debug][gc,phases         ] GC(26)     Dead                           Min: 0, Avg:  0,2, Max: 2, Diff: 2, Sum: 3, Workers: 15
[22,237s][debug][gc,phases         ] GC(26)     Total                          Min: 256, Avg: 873,9, Max: 2112, Diff: 1856, Sum: 13108, Workers: 15
[22,237s][debug][gc,phases         ] GC(26)   StringDedup Requests0 Weak     Min: 0,00, Avg: 0,00, Max: 0,00, Diff: 0,00, Sum: 0,02, Workers: 15
[22,237s][debug][gc,phases         ] GC(26)     Dead                           Min: 0, Avg:  0,0, Max: 0, Diff: 0, Sum: 0, Workers: 15
[22,237s][debug][gc,phases         ] GC(26)     Total                          Min: 0, Avg:  0,0, Max: 0, Diff: 0, Sum: 0, Workers: 15
[22,237s][debug][gc,phases         ] GC(26)   StringDedup Requests1 Weak     Min: 0,00, Avg: 0,00, Max: 0,00, Diff: 0,00, Sum: 0,01, Workers: 15
[22,237s][debug][gc,phases         ] GC(26)     Dead                           Min: 0, Avg:  0,0, Max: 0, Diff: 0, Sum: 0, Workers: 15
[22,237s][debug][gc,phases         ] GC(26)     Total                          Min: 0, Avg:  0,0, Max: 0, Diff: 0, Sum: 0, Workers: 15
[22,237s][debug][gc,phases         ] GC(26)   Weak JFR Old Object Samples    Min: 0,00, Avg: 0,00, Max: 0,00, Diff: 0,00, Sum: 0,01, Workers: 15
[22,237s][debug][gc,phases         ] GC(26)     Dead                           Min: 0, Avg:  0,0, Max: 0, Diff: 0, Sum: 0, Workers: 15
[22,237s][debug][gc,phases         ] GC(26)     Total                          Min: 0, Avg:  0,0, Max: 0, Diff: 0, Sum: 0, Workers: 15
[22,237s][debug][gc,phases         ] GC(26) Weak Processing 0,419ms
[22,237s][debug][gc,phases,start   ] GC(26) Class Unloading
[22,237s][debug][gc,phases,start   ] GC(26) ClassLoaderData
[22,237s][debug][gc,phases         ] GC(26) ClassLoaderData 0,032ms
[22,237s][debug][gc,phases,start   ] GC(26) Trigger cleanups
[22,237s][debug][gc,phases         ] GC(26) Trigger cleanups 0,009ms
[22,237s][debug][gc,phases,start   ] GC(26) G1 Complete Cleaning
[22,238s][debug][gc,phases         ] GC(26) G1 Complete Cleaning 1,030ms
[22,238s][debug][gc,phases,start   ] GC(26) Purge Unlinked NMethods
[22,240s][debug][gc,phases         ] GC(26) Purge Unlinked NMethods 1,603ms
[22,240s][debug][gc,phases,start   ] GC(26) Free Code Blobs
[22,240s][debug][gc,phases         ] GC(26) Free Code Blobs 0,154ms
[22,240s][debug][gc,phases,start   ] GC(26) Purge Class Loader Data
[22,240s][debug][gc,phases         ] GC(26) Purge Class Loader Data 0,044ms
[22,240s][debug][gc,phases         ] GC(26) Class Unloading 2,989ms
[22,240s][debug][gc,phases,start   ] GC(26) Flush Task Caches
[22,240s][debug][gc,stats          ] Mark stats cache hits 5335314 misses 6 ratio 100,000
[22,240s][debug][gc,phases         ] GC(26) Flush Task Caches 0,054ms
[22,240s][debug][gc,phases,start   ] GC(26) Update Remembered Set Tracking Before Rebuild
[22,240s][debug][gc,ergo           ] GC(26) Running G1 Update RemSet Tracking Before Rebuild using 4 workers for 1280 regions in heap
[22,240s][debug][gc,remset,tracking] GC(26) Remembered Set Tracking update regions total 1280, selected 168
[22,240s][debug][gc,phases         ] GC(26) Update Remembered Set Tracking Before Rebuild 0,159ms
[22,240s][debug][gc,phases,start   ] GC(26) Reclaim Empty Regions
[22,241s][debug][gc                ] GC(26) Reclaimed 364 empty regions
[22,241s][debug][gc,phases         ] GC(26) Reclaim Empty Regions 0,683ms
[22,241s][debug][gc,phases,start   ] GC(26) Report Object Count
[22,241s][debug][gc,phases         ] GC(26) Report Object Count 0,009ms
[22,241s][debug][gc,mmu            ] GC(26) MMU: 61,9ms (200,0ms/201,0ms)
[22,241s][info ][gc                ] GC(26) Pause Remark 3911M->2457M(5120M) 5,790ms
[22,241s][info ][gc,cpu            ] GC(26) User=0,01s Sys=0,00s Real=0,00s
[22,241s][info ][gc,marking        ] GC(26) Concurrent Mark 84,559ms
[22,241s][info ][gc,marking        ] GC(26) Concurrent Rebuild Remembered Sets and Scrub Regions
[22,252s][debug][gc,refine         ] Concurrent refinement: wanted 0, cards: 2232, predicted: 2232, time: 39,73ms
[22,303s][debug][gc,refine         ] Concurrent refinement: wanted 0, cards: 2232, predicted: 2232, time: 33,32ms
[22,353s][debug][gc,refine         ] Concurrent refinement: wanted 0, cards: 2488, predicted: 2488, time: 28,20ms
[22,403s][debug][gc,refine         ] Concurrent refinement: wanted 0, cards: 3256, predicted: 3256, time: 21,79ms
[22,403s][debug][gc,task,start     ] G1 Service Thread (Periodic GC Task) (run 0,179ms after schedule)
[22,403s][debug][gc,task           ] G1 Service Thread (Periodic GC Task) (run: 0,045ms) (cpu: 0,050ms)
[22,453s][debug][gc,refine         ] Concurrent refinement: wanted 0, cards: 3512, predicted: 3512, time: 15,38ms
[22,503s][debug][gc,refine         ] Concurrent refinement: wanted 0, cards: 3512, predicted: 3512, time: 0,00ms
[22,506s][info ][gc,start          ] GC(27) Pause Young (Normal) (G1 Evacuation Pause)
[22,506s][debug][gc,heap           ] GC(27) Heap before GC invocations=27 (full 0):
[22,506s][debug][gc,heap           ] GC(27)  garbage-first heap   total reserved 8388608K, committed 5242880K, used 2581537K [0x0000000600000000, 0x0000000800000000)
[22,506s][debug][gc,heap           ] GC(27)   region size 4096K, 298 young (1220608K), 47 survivors (192512K)
[22,506s][debug][gc,heap           ] GC(27)  Metaspace       used 20717K, committed 21056K, reserved 1114112K
[22,506s][debug][gc,heap           ] GC(27)   class space    used 2611K, committed 2752K, reserved 1048576K
[22,506s][info ][gc,task           ] GC(27) Using 15 workers of 15 for evacuation
[22,507s][debug][gc,age            ] GC(27) Desired survivor size 79691776 bytes, new threshold 1 (max threshold 15)
[22,507s][debug][gc,tlab           ] GC(27) TLAB totals: thrds: 25  refills: 1261 max: 78 slow allocs: 1959 max 204 waste:  0,9% gc: 4779856B max: 715664B slow: 3417016B max: 312368B
[22,507s][debug][gc,refine,stats   ] GC(27) Mutator refinement: 0,00ms, refined: 0, precleaned: 0, dirtied: 3430
[22,507s][debug][gc,refine,stats   ] GC(27) Concurrent refinement: 0,00ms, refined: 0, precleaned: 0, dirtied: 0
[22,507s][debug][gc,refine,stats   ] GC(27) Total refinement: 0,00ms, refined: 0, precleaned: 0, dirtied: 3430
[22,507s][debug][gc,refine,stats   ] GC(27) Generate dirty cards rate: 8,48 cards/ms
[22,507s][debug][gc,alloc,region   ] GC(27) Mutator Allocation stats, regions: 251, wasted size: 456B ( 0,0%)
[22,507s][debug][gc,ergo,cset      ] GC(27) No candidates to reclaim.
[22,507s][debug][gc,ergo           ] GC(27) Running G1 Merge Heap Roots using 15 workers for 298 regions
[22,508s][debug][gc,remset         ] GC(27) Visited cards 222208 Total dirty 1703936 (13,04%) Total old 7618560 (2,92%)
[22,529s][debug][gc,ref            ] GC(27) ReferenceProcessor::execute queues: 2, RefProcThreadModel::Multi, marks_oops_alive: false
[22,530s][debug][gc,ref            ] GC(27) ReferenceProcessor::execute queues: 15, RefProcThreadModel::Multi, marks_oops_alive: true
[22,530s][debug][gc,ref            ] GC(27) ReferenceProcessor::execute queues: 1, RefProcThreadModel::Single, marks_oops_alive: false
[22,531s][debug][gc,ergo           ] GC(27) Running G1 Rebuild Free List Task using 15 workers for rebuilding free list of regions
[22,531s][debug][gc,plab           ] GC(27) Young PLAB allocation: allocated: 44040192B, wasted: 208B, unused: 20296560B, used: 23743424B, undo waste: 0B, 
[22,531s][debug][gc,plab           ] GC(27) Young other allocation: region end waste: 0B, regions filled: 11, num plab filled: 21, direct allocated: 0B, num direct allocated: 0, failure used: 0B, failure wasted: 0B
[22,531s][debug][gc,plab           ] GC(27) Young sizing: calculated: 4748680B, actual: 13572240B
[22,531s][debug][gc,plab           ] GC(27) Old PLAB allocation: allocated: 203423744B, wasted: 16584B, unused: 9955304B, used: 193451856B, undo waste: 0B, 
[22,531s][debug][gc,plab           ] GC(27) Old other allocation: region end waste: 0B, regions filled: 49, num plab filled: 97, direct allocated: 0B, num direct allocated: 0, failure used: 0B, failure wasted: 0B
[22,531s][debug][gc,plab           ] GC(27) Old sizing: calculated: 38690368B, actual: 52596192B
[22,531s][debug][gc,ergo,heap      ] GC(27) Heap expansion: short term pause time ratio 3,96% long term pause time ratio 4,98% threshold 7,69% pause time ratio 7,69% fully expanded false resize by 0B
[22,531s][debug][gc,task,start     ] G1 Service Thread (Card Set Free Memory Task) (run 0,011ms after schedule)
[22,531s][debug][gc,mmu            ] GC(27) MMU: 24,7ms (200,0ms/201,0ms)
[22,531s][debug][gc,alloc,stats    ] Old generation allocation in the last mutator period, old gen allocated: 203423744B, humongous allocated: 0B, old gen growth: 203423744B.
[22,531s][debug][gc,ihop           ] GC(27) Basic information (value update), threshold: 2415919104B (45,00), target occupancy: 5368709120B, current occupancy: 1645250096B, recent allocation size: 203423744B, recent allocation duration: 404,41ms, recent old gen allocation rate: 503008702,98B/s, recent marking phase length: 1983,23ms
[22,531s][debug][gc,ihop           ] GC(27) Adaptive IHOP information (value update), threshold: 2415919104B (47,37), internal target occupancy: 5100273664B, occupancy: 1645250096B, additional buffer size: 2038431744B, predicted old gen allocation rate: 840048664,68B/s, predicted marking phase length: 3966,46ms, prediction active: false
[22,531s][debug][gc,ergo,refine    ] GC(27) GC refinement: goal: 250607 + 1526 / 20,00ms, actual: 5662 / 0,44ms, 
[22,531s][debug][gc,ergo,refine    ] GC(27) New pending cards target: 253192
[22,531s][info ][gc,phases         ] GC(27)   Pre Evacuate Collection Set: 0,32ms
[22,531s][debug][gc,phases         ] GC(27)     Pre Evacuate Prepare: 0,10ms
[22,531s][debug][gc,phases         ] GC(27)       JT Retire TLABs And Flush Logs (ms): Min: 0,00, Avg: 0,01, Max: 0,01, Diff: 0,01, Sum: 0,01, Workers: 2
[22,531s][debug][gc,phases         ] GC(27)       Non-JT Flush Logs (ms):        Min: 0,01, Avg: 0,01, Max: 0,01, Diff: 0,00, Sum: 0,01, Workers: 1
[22,532s][debug][gc,phases         ] GC(27)     Choose Collection Set: 0,02ms
[22,532s][debug][gc,phases         ] GC(27)     Region Register: 0,21ms
[22,532s][debug][gc,phases         ] GC(27)     Prepare Heap Roots: 0,00ms
[22,532s][info ][gc,phases         ] GC(27)   Merge Heap Roots: 0,52ms
[22,532s][debug][gc,phases         ] GC(27)     Prepare Merge Heap Roots: 0,02ms
[22,532s][debug][gc,phases         ] GC(27)     Remembered Sets (ms):          Min: 0,06, Avg: 0,08, Max: 0,08, Diff: 0,02, Sum: 1,14, Workers: 15
[22,532s][debug][gc,phases         ] GC(27)       Eager Reclaim (ms):            skipped
[22,532s][debug][gc,phases         ] GC(27)       Merged Inline                  Min: 25, Avg: 44,7, Max: 68, Diff: 43, Sum: 670, Workers: 15
[22,532s][debug][gc,phases         ] GC(27)       Merged ArrayOfCards            Min: 0, Avg: 14,7, Max: 79, Diff: 79, Sum: 221, Workers: 15
[22,532s][debug][gc,phases         ] GC(27)       Merged Howl                    Min: 0, Avg:  0,0, Max: 0, Diff: 0, Sum: 0, Workers: 15
[22,532s][debug][gc,phases         ] GC(27)       Merged Full                    Min: 0, Avg:  0,0, Max: 0, Diff: 0, Sum: 0, Workers: 15
[22,532s][debug][gc,phases         ] GC(27)       Merged Howl Inline             Min: 0, Avg:  0,0, Max: 0, Diff: 0, Sum: 0, Workers: 15
[22,532s][debug][gc,phases         ] GC(27)       Merged Howl ArrayOfCards       Min: 0, Avg:  0,0, Max: 0, Diff: 0, Sum: 0, Workers: 15
[22,532s][debug][gc,phases         ] GC(27)       Merged Howl BitMap             Min: 0, Avg:  0,0, Max: 0, Diff: 0, Sum: 0, Workers: 15
[22,532s][debug][gc,phases         ] GC(27)       Merged Howl Full               Min: 0, Avg:  0,0, Max: 0, Diff: 0, Sum: 0, Workers: 15
[22,532s][debug][gc,phases         ] GC(27)       Merged Cards                   Min: 66, Avg: 284,1, Max: 1146, Diff: 1080, Sum: 4261, Workers: 15
[22,532s][debug][gc,phases         ] GC(27)     Log Buffers (ms):              Min: 0,02, Avg: 0,02, Max: 0,03, Diff: 0,01, Sum: 0,35, Workers: 15
[22,532s][debug][gc,phases         ] GC(27)       Dirty Cards:                   Min: 236, Avg: 377,5, Max: 688, Diff: 452, Sum: 5662, Workers: 15
[22,532s][debug][gc,phases         ] GC(27)       Skipped Cards:                 Min: 0, Avg:  0,0, Max: 0, Diff: 0, Sum: 0, Workers: 15
[22,532s][info ][gc,phases         ] GC(27)   Evacuate Collection Set: 21,61ms
[22,532s][debug][gc,phases         ] GC(27)     Ext Root Scanning (ms):        Min: 0,00, Avg: 0,03, Max: 0,16, Diff: 0,16, Sum: 0,49, Workers: 15
[22,532s][debug][gc,phases         ] GC(27)     Scan Heap Roots (ms):          Min: 0,07, Avg: 0,42, Max: 0,69, Diff: 0,62, Sum: 6,25, Workers: 15
[22,532s][debug][gc,phases         ] GC(27)       Scanned Cards:                 Min: 59, Avg: 375,3, Max: 642, Diff: 583, Sum: 5629, Workers: 15
[22,532s][debug][gc,phases         ] GC(27)       Scanned Blocks:                Min: 40, Avg: 295,5, Max: 517, Diff: 477, Sum: 4433, Workers: 15
[22,532s][debug][gc,phases         ] GC(27)       Claimed Chunks:                Min: 28, Avg: 231,5, Max: 385, Diff: 357, Sum: 3472, Workers: 15
[22,532s][debug][gc,phases         ] GC(27)       Found Roots:                   Min: 131, Avg: 618,2, Max: 1093, Diff: 962, Sum: 9273, Workers: 15
[22,532s][debug][gc,phases         ] GC(27)     Code Root Scan (ms):           Min: 0,02, Avg: 0,02, Max: 0,05, Diff: 0,03, Sum: 0,34, Workers: 15
[22,532s][debug][gc,phases         ] GC(27)       Scanned Nmethods               Min: 0, Avg:  0,1, Max: 2, Diff: 2, Sum: 2, Workers: 15
[22,532s][debug][gc,phases         ] GC(27)     Object Copy (ms):              Min: 20,52, Avg: 20,78, Max: 21,13, Diff: 0,61, Sum: 311,69, Workers: 15
[22,532s][debug][gc,phases         ] GC(27)     Termination (ms):              Min: 0,04, Avg: 0,08, Max: 0,14, Diff: 0,10, Sum: 1,13, Workers: 15
[22,532s][debug][gc,phases         ] GC(27)       Termination Attempts:          Min: 1, Avg:  1,0, Max: 1, Diff: 0, Sum: 15, Workers: 15
[22,532s][debug][gc,phases         ] GC(27)     GC Worker Other (ms):          Min: 0,03, Avg: 0,04, Max: 0,09, Diff: 0,06, Sum: 0,60, Workers: 15
[22,532s][debug][gc,phases         ] GC(27)     GC Worker Total (ms):          Min: 21,29, Avg: 21,37, Max: 21,52, Diff: 0,22, Sum: 320,49, Workers: 15
[22,532s][info ][gc,phases         ] GC(27)   Post Evacuate Collection Set: 2,07ms
[22,532s][debug][gc,phases         ] GC(27)     NMethod List Cleanup: 0,01ms
[22,532s][debug][gc,phases         ] GC(27)     Reference Processing: 1,08ms
[22,532s][debug][gc,phases,ref     ] GC(27)       Notify Soft/WeakReferences: 0,4ms
[22,532s][debug][gc,phases,ref     ] GC(27)         Balance queues: 0,0ms
[22,532s][debug][gc,phases,ref     ] GC(27)         SoftRef (ms):                  Min: 0,00, Avg: 0,00, Max: 0,00, Diff: 0,00, Sum: 0,00, Workers: 2
[22,532s][debug][gc,phases,ref     ] GC(27)         WeakRef (ms):                  Min: 0,00, Avg: 0,00, Max: 0,00, Diff: 0,00, Sum: 0,00, Workers: 2
[22,532s][debug][gc,phases,ref     ] GC(27)         FinalRef (ms):                 Min: 0,08, Avg: 0,11, Max: 0,14, Diff: 0,06, Sum: 0,22, Workers: 2
[22,532s][debug][gc,phases,ref     ] GC(27)         Total (ms):                    Min: 0,15, Avg: 0,20, Max: 0,25, Diff: 0,10, Sum: 0,39, Workers: 2
[22,532s][debug][gc,phases,ref     ] GC(27)       Notify and keep alive finalizable: 0,6ms
[22,532s][debug][gc,phases,ref     ] GC(27)         Balance queues: 0,0ms
[22,532s][debug][gc,phases,ref     ] GC(27)         FinalRef (ms):                 Min: 0,22, Avg: 0,29, Max: 0,34, Diff: 0,12, Sum: 4,42, Workers: 15
[22,532s][debug][gc,phases,ref     ] GC(27)       Notify PhantomReferences: 0,1ms
[22,532s][debug][gc,phases,ref     ] GC(27)         PhantomRef (ms):               Min: 0,01, Avg: 0,01, Max: 0,01, Diff: 0,00, Sum: 0,01, Workers: 1
[22,532s][debug][gc,phases,ref     ] GC(27)       SoftReference Discovered: 0, Dropped: 0, Processed: 0
[22,532s][debug][gc,phases,ref     ] GC(27)       WeakReference Discovered: 0, Dropped: 0, Processed: 0
[22,532s][debug][gc,phases,ref     ] GC(27)       FinalReference Discovered: 1982, Dropped: 0, Processed: 1982
[22,532s][debug][gc,phases,ref     ] GC(27)       PhantomReference Discovered: 42, Dropped: 3, Processed: 39
[22,532s][debug][gc,phases         ] GC(27)     Weak Processing: 0,15ms
[22,532s][debug][gc,phases         ] GC(27)       VM Weak                        Min: 0,00, Avg: 0,00, Max: 0,00, Diff: 0,00, Sum: 0,01, Workers: 15
[22,532s][debug][gc,phases         ] GC(27)         Dead                           Min: 0, Avg:  0,0, Max: 0, Diff: 0, Sum: 0, Workers: 15
[22,532s][debug][gc,phases         ] GC(27)         Total                          Min: 0, Avg: 11,0, Max: 101, Diff: 101, Sum: 165, Workers: 15
[22,532s][debug][gc,phases         ] GC(27)       ObjectSynchronizer Weak        Min: 0,00, Avg: 0,00, Max: 0,00, Diff: 0,00, Sum: 0,00, Workers: 15
[22,532s][debug][gc,phases         ] GC(27)         Dead                           Min: 0, Avg:  0,0, Max: 0, Diff: 0, Sum: 0, Workers: 15
[22,532s][debug][gc,phases         ] GC(27)         Total                          Min: 0, Avg:  2,2, Max: 33, Diff: 33, Sum: 33, Workers: 15
[22,532s][debug][gc,phases         ] GC(27)       JVMTI Tag Weak OopStorage      Min: 0,00, Avg: 0,00, Max: 0,00, Diff: 0,00, Sum: 0,00, Workers: 15
[22,532s][debug][gc,phases         ] GC(27)         Dead                           Min: 0, Avg:  0,0, Max: 0, Diff: 0, Sum: 0, Workers: 15
[22,532s][debug][gc,phases         ] GC(27)         Total                          Min: 0, Avg:  0,0, Max: 0, Diff: 0, Sum: 0, Workers: 15
[22,532s][debug][gc,phases         ] GC(27)       StringTable Weak               Min: 0,00, Avg: 0,01, Max: 0,03, Diff: 0,03, Sum: 0,11, Workers: 15
[22,532s][debug][gc,phases         ] GC(27)         Dead                           Min: 0, Avg:  0,0, Max: 0, Diff: 0, Sum: 0, Workers: 15
[22,532s][debug][gc,phases         ] GC(27)         Total                          Min: 0, Avg: 564,8, Max: 3072, Diff: 3072, Sum: 8472, Workers: 15
[22,532s][debug][gc,phases         ] GC(27)       ResolvedMethodTable Weak       Min: 0,00, Avg: 0,00, Max: 0,01, Diff: 0,01, Sum: 0,03, Workers: 15
[22,532s][debug][gc,phases         ] GC(27)         Dead                           Min: 0, Avg:  0,0, Max: 0, Diff: 0, Sum: 0, Workers: 15
[22,532s][debug][gc,phases         ] GC(27)         Total                          Min: 0, Avg: 113,1, Max: 573, Diff: 573, Sum: 1697, Workers: 15
[22,532s][debug][gc,phases         ] GC(27)       JNI Weak                       Min: 0,00, Avg: 0,00, Max: 0,00, Diff: 0,00, Sum: 0,00, Workers: 15
[22,532s][debug][gc,phases         ] GC(27)         Dead                           Min: 0, Avg:  0,0, Max: 0, Diff: 0, Sum: 0, Workers: 15
[22,532s][debug][gc,phases         ] GC(27)         Total                          Min: 0, Avg:  0,0, Max: 0, Diff: 0, Sum: 0, Workers: 15
[22,532s][debug][gc,phases         ] GC(27)       StringDedup Table Weak         Min: 0,00, Avg: 0,01, Max: 0,02, Diff: 0,02, Sum: 0,16, Workers: 15
[22,532s][debug][gc,phases         ] GC(27)         Dead                           Min: 0, Avg:  0,0, Max: 0, Diff: 0, Sum: 0, Workers: 15
[22,532s][debug][gc,phases         ] GC(27)         Total                          Min: 0, Avg: 873,9, Max: 3008, Diff: 3008, Sum: 13108, Workers: 15
[22,532s][debug][gc,phases         ] GC(27)       StringDedup Requests0 Weak     Min: 0,00, Avg: 0,00, Max: 0,00, Diff: 0,00, Sum: 0,01, Workers: 15
[22,532s][debug][gc,phases         ] GC(27)         Dead                           Min: 0, Avg:  0,0, Max: 0, Diff: 0, Sum: 0, Workers: 15
[22,532s][debug][gc,phases         ] GC(27)         Total                          Min: 0, Avg:  0,0, Max: 0, Diff: 0, Sum: 0, Workers: 15
[22,532s][debug][gc,phases         ] GC(27)       StringDedup Requests1 Weak     Min: 0,00, Avg: 0,00, Max: 0,00, Diff: 0,00, Sum: 0,01, Workers: 15
[22,532s][debug][gc,phases         ] GC(27)         Dead                           Min: 0, Avg:  0,0, Max: 0, Diff: 0, Sum: 0, Workers: 15
[22,532s][debug][gc,phases         ] GC(27)         Total                          Min: 0, Avg: 12,8, Max: 64, Diff: 64, Sum: 192, Workers: 15
[22,532s][debug][gc,phases         ] GC(27)       Weak JFR Old Object Samples    Min: 0,00, Avg: 0,00, Max: 0,00, Diff: 0,00, Sum: 0,01, Workers: 15
[22,532s][debug][gc,phases         ] GC(27)         Dead                           Min: 0, Avg:  0,0, Max: 0, Diff: 0, Sum: 0, Workers: 15
[22,532s][debug][gc,phases         ] GC(27)         Total                          Min: 0, Avg:  0,0, Max: 0, Diff: 0, Sum: 0, Workers: 15
[22,532s][debug][gc,phases         ] GC(27)     Post Evacuate Cleanup 1: 0,12ms
[22,532s][debug][gc,phases         ] GC(27)       Merge Per-Thread State (ms):   Min: 0,04, Avg: 0,04, Max: 0,04, Diff: 0,00, Sum: 0,04, Workers: 1
[22,532s][debug][gc,phases         ] GC(27)         Copied Bytes                   Min: 12011056, Avg: 14479685,3, Max: 18059496, Diff: 6048440, Sum: 217195280, Workers: 15
[22,532s][debug][gc,phases         ] GC(27)         LAB Waste                      Min: 144, Avg: 1119,5, Max: 5352, Diff: 5208, Sum: 16792, Workers: 15
[22,532s][debug][gc,phases         ] GC(27)         LAB Undo Waste                 Min: 0, Avg:  0,0, Max: 0, Diff: 0, Sum: 0, Workers: 15
[22,532s][debug][gc,phases         ] GC(27)         Evac Fail Extra Cards          Min: 0, Avg:  0,0, Max: 0, Diff: 0, Sum: 0, Workers: 15
[22,532s][debug][gc,phases         ] GC(27)       Clear Logged Cards (ms):       Min: 0,00, Avg: 0,05, Max: 0,11, Diff: 0,11, Sum: 0,26, Workers: 5
[22,532s][debug][gc,phases         ] GC(27)       Recalculate Used Memory (ms):  Min: 0,00, Avg: 0,00, Max: 0,00, Diff: 0,00, Sum: 0,00, Workers: 1
[22,532s][debug][gc,phases         ] GC(27)     Post Evacuate Cleanup 2: 0,58ms
[22,532s][debug][gc,phases         ] GC(27)       Update Derived Pointers (ms):  Min: 0,00, Avg: 0,00, Max: 0,00, Diff: 0,00, Sum: 0,00, Workers: 1
[22,533s][debug][gc,phases         ] GC(27)       Eagerly Reclaim Humongous Objects (ms): skipped
[22,533s][debug][gc,phases         ] GC(27)         Humongous Total                skipped
[22,533s][debug][gc,phases         ] GC(27)         Humongous Candidates           skipped
[22,533s][debug][gc,phases         ] GC(27)         Humongous Reclaimed            skipped
[22,533s][debug][gc,phases         ] GC(27)       Redirty Logged Cards (ms):     Min: 0,33, Avg: 0,35, Max: 0,41, Diff: 0,08, Sum: 5,29, Workers: 15
[22,533s][debug][gc,phases         ] GC(27)         Redirtied Cards:               Min: 0, Avg: 22999,7, Max: 76606, Diff: 76606, Sum: 344995, Workers: 15
[22,533s][debug][gc,phases         ] GC(27)       Resize TLABs (ms):             Min: 0,00, Avg: 0,00, Max: 0,01, Diff: 0,00, Sum: 0,03, Workers: 15
[22,533s][debug][gc,phases         ] GC(27)       Free Collection Set (ms):      Min: 0,07, Avg: 0,08, Max: 0,09, Diff: 0,02, Sum: 1,23, Workers: 15
[22,533s][debug][gc,phases         ] GC(27)     Rebuild Free List: 0,06ms
[22,533s][debug][gc,phases         ] GC(27)     Prepare For Mutator: 0,06ms
[22,533s][debug][gc,phases         ] GC(27)     Expand Heap After Collection: 0,00ms
[22,533s][info ][gc,phases         ] GC(27)   Other: 0,47ms
[22,533s][debug][gc,remset         ] GC(27) Coarsening (recent): Inline->AoC 828 (0) AoC->Howl 396 (0) Howl->Full 119 (0) Inline->AoC 2486 (0) AoC->BitMap 2406 (0) BitMap->Full 533 (0) 
[22,533s][debug][gc,remset         ] GC(27) Coarsening (all): Inline->AoC 1680 (0) AoC->Howl 761 (0) Howl->Full 243 (0) Inline->AoC 4908 (0) AoC->BitMap 4747 (0) BitMap->Full 1060 (0) 
[22,533s][info ][gc,heap           ] GC(27) Eden regions: 251->0(475)
[22,533s][info ][gc,heap           ] GC(27) Survivor regions: 47->11(38)
[22,533s][info ][gc,heap           ] GC(27) Old regions: 334->383
[22,533s][info ][gc,heap           ] GC(27) Humongous regions: 0->0
[22,533s][info ][gc,metaspace      ] GC(27) Metaspace: 20717K(21056K)->20717K(21056K) NonClass: 18105K(18304K)->18105K(18304K) Class: 2611K(2752K)->2611K(2752K)
[22,533s][debug][gc,heap           ] GC(27) Heap after GC invocations=28 (full 0):
[22,533s][debug][gc,heap           ] GC(27)  garbage-first heap   total reserved 8388608K, committed 5242880K, used 1606689K [0x0000000600000000, 0x0000000800000000)
[22,533s][debug][gc,heap           ] GC(27)   region size 4096K, 11 young (45056K), 11 survivors (45056K)
[22,533s][debug][gc,heap           ] GC(27)  Metaspace       used 20717K, committed 21056K, reserved 1114112K
[22,533s][debug][gc,heap           ] GC(27)   class space    used 2611K, committed 2752K, reserved 1048576K
[22,533s][info ][gc                ] GC(27) Pause Young (Normal) (G1 Evacuation Pause) 2525M->1569M(5120M) 26,422ms
[22,533s][info ][gc,cpu            ] GC(27) User=0,32s Sys=0,01s Real=0,03s
[22,533s][debug][gc,task           ] G1 Service Thread (Card Set Free Memory Task) (run: 1,701ms) (cpu: 0,180ms)
[22,533s][debug][gc,refine         ] Concurrent refinement: wanted 1, cards: 344862, predicted: 349438, time: 802,79ms
[22,583s][debug][gc,refine         ] Concurrent refinement: wanted 0, cards: 289005, predicted: 294002, time: 876,59ms
[22,594s][info ][gc,marking        ] GC(26) Concurrent Rebuild Remembered Sets and Scrub Regions 352,996ms
[22,594s][info ][gc,start          ] GC(26) Pause Cleanup
[22,595s][debug][gc,phases,start   ] GC(26) Update Remembered Set Tracking After Rebuild
[22,595s][debug][gc,phases         ] GC(26) Update Remembered Set Tracking After Rebuild 0,080ms
[22,595s][debug][gc,phases,start   ] GC(26) Finalize Concurrent Mark Cleanup
[22,595s][debug][gc,ergo,cset      ] GC(26) Pruned 77 regions out of 168, leaving 266823472 bytes waste (allowed 268435456)
[22,595s][debug][gc,mmu            ] GC(26) MMU: 25,2ms (200,0ms/201,0ms)
[22,595s][debug][gc,phases         ] GC(26) Finalize Concurrent Mark Cleanup 0,410ms
[22,595s][info ][gc                ] GC(26) Pause Cleanup 1597M->1597M(5120M) 0,580ms
[22,595s][info ][gc,cpu            ] GC(26) User=0,01s Sys=0,00s Real=0,00s
[22,595s][info ][gc,marking        ] GC(26) Concurrent Clear Claimed Marks
[22,595s][info ][gc,marking        ] GC(26) Concurrent Clear Claimed Marks 0,056ms
[22,595s][info ][gc,marking        ] GC(26) Concurrent Cleanup for Next Mark
[22,595s][debug][gc,ergo           ] GC(26) Running G1 Clear Bitmap with 4 workers for 80 work units.
[22,598s][info ][gc,marking        ] GC(26) Concurrent Cleanup for Next Mark 2,878ms
[22,598s][info ][gc                ] GC(26) Concurrent Mark Cycle 500,223ms
[22,702s][debug][gc,refine         ] Concurrent refinement: wanted 0, cards: 288749, predicted: 293541, time: 840,69ms
[22,817s][debug][gc,refine         ] Concurrent refinement: wanted 0, cards: 288749, predicted: 293353, time: 807,78ms
[22,930s][debug][gc,refine         ] Concurrent refinement: wanted 0, cards: 288749, predicted: 293171, time: 775,86ms
[23,041s][debug][gc,refine         ] Concurrent refinement: wanted 0, cards: 288749, predicted: 292990, time: 743,95ms
[23,151s][debug][gc,refine         ] Concurrent refinement: wanted 0, cards: 288749, predicted: 292808, time: 712,04ms
[23,257s][debug][gc,refine         ] Concurrent refinement: wanted 0, cards: 288749, predicted: 292637, time: 682,12ms
[23,361s][debug][gc,refine         ] Concurrent refinement: wanted 0, cards: 288749, predicted: 292467, time: 652,20ms
[23,404s][debug][gc,task,start     ] G1 Service Thread (Periodic GC Task) (run 0,892ms after schedule)
[23,404s][debug][gc,task           ] G1 Service Thread (Periodic GC Task) (run: 0,089ms) (cpu: 0,087ms)
[23,463s][debug][gc,refine         ] Concurrent refinement: wanted 0, cards: 288749, predicted: 292296, time: 622,29ms
[23,563s][debug][gc,refine         ] Concurrent refinement: wanted 0, cards: 288749, predicted: 291256, time: 439,91ms
[23,646s][debug][gc,refine         ] Concurrent refinement: wanted 2, cards: 288749, predicted: 289311, time: 98,73ms
[23,703s][debug][gc,refine         ] Concurrent refinement: wanted 1, cards: 252545, predicted: 253392, time: 148,59ms
[23,753s][debug][gc,refine         ] Concurrent refinement: wanted 1, cards: 252545, predicted: 253363, time: 143,60ms
[23,803s][debug][gc,refine         ] Concurrent refinement: wanted 1, cards: 252545, predicted: 253329, time: 137,62ms
[23,854s][debug][gc,refine         ] Concurrent refinement: wanted 1, cards: 252545, predicted: 253312, time: 134,63ms
[23,904s][debug][gc,refine         ] Concurrent refinement: wanted 1, cards: 252545, predicted: 253244, time: 122,66ms
[23,954s][debug][gc,refine         ] Concurrent refinement: wanted 0, cards: 252545, predicted: 253164, time: 108,70ms
[24,004s][debug][gc,refine         ] Concurrent refinement: wanted 0, cards: 252545, predicted: 253085, time: 94,74ms
[24,055s][debug][gc,refine         ] Concurrent refinement: wanted 0, cards: 252545, predicted: 253005, time: 80,78ms
[24,105s][debug][gc,refine         ] Concurrent refinement: wanted 0, cards: 252545, predicted: 252920, time: 65,82ms
[24,155s][debug][gc,refine         ] Concurrent refinement: wanted 0, cards: 252545, predicted: 252840, time: 51,86ms
[24,205s][debug][gc,refine         ] Concurrent refinement: wanted 0, cards: 252545, predicted: 252545, time: 37,90ms
[24,256s][debug][gc,refine         ] Concurrent refinement: wanted 0, cards: 252545, predicted: 252545, time: 22,94ms
[24,306s][debug][gc,refine         ] Concurrent refinement: wanted 0, cards: 252545, predicted: 252545, time: 8,98ms
[24,346s][info ][gc,start          ] GC(28) Pause Young (Prepare Mixed) (G1 Evacuation Pause)
[24,346s][debug][gc,heap           ] GC(28) Heap before GC invocations=28 (full 0):
[24,346s][debug][gc,heap           ] GC(28)  garbage-first heap   total reserved 8388608K, committed 5242880K, used 3527713K [0x0000000600000000, 0x0000000800000000)
[24,346s][debug][gc,heap           ] GC(28)   region size 4096K, 481 young (1970176K), 11 survivors (45056K)
[24,346s][debug][gc,heap           ] GC(28)  Metaspace       used 20717K, committed 21056K, reserved 1114112K
[24,346s][debug][gc,heap           ] GC(28)   class space    used 2611K, committed 2752K, reserved 1048576K
[24,346s][info ][gc,task           ] GC(28) Using 15 workers of 15 for evacuation
[24,346s][debug][gc,age            ] GC(28) Desired survivor size 127926272 bytes, new threshold 15 (max threshold 15)
[24,346s][debug][gc,tlab           ] GC(28) TLAB totals: thrds: 22  refills: 1646 max: 477 slow allocs: 2024 max 140 waste:  0,6% gc: 6896696B max: 842840B slow: 4241680B max: 660872B
[24,346s][debug][gc,refine,stats   ] GC(28) Mutator refinement: 0,00ms, refined: 0, precleaned: 0, dirtied: 25
[24,346s][debug][gc,refine,stats   ] GC(28) Concurrent refinement: 63,35ms, refined: 92450, precleaned: 471, dirtied: 0
[24,346s][debug][gc,refine,stats   ] GC(28) Total refinement: 63,35ms, refined: 92450, precleaned: 471, dirtied: 25
[24,346s][debug][gc,refine,stats   ] GC(28) Concurrent refinement rate: 1459,32 cards/ms
[24,346s][debug][gc,refine,stats   ] GC(28) Generate dirty cards rate: 0,01 cards/ms
[24,346s][debug][gc,alloc,region   ] GC(28) Mutator Allocation stats, regions: 470, wasted size: 232B ( 0,0%)
[24,346s][debug][gc,ergo,cset      ] GC(28) Do not add marking candidates to collection set due to pause type.
[24,346s][debug][gc,ergo,cset      ] GC(28) Start adding retained candidates to collection set. Min 1 regions, available 0, time remaining 0,97ms, optional remaining 40,00ms
[24,346s][debug][gc,ergo,cset      ] GC(28) Retained candidates exhausted.
[24,346s][debug][gc,ergo,cset      ] GC(28) Finish adding retained candidates to collection set. Initial: 0, optional: 0, pinned: 0, predicted initial time: 0,00ms, predicted optional time: 0,00ms, time remaining: 0,97ms optional time remaining 40,00ms
[24,347s][debug][gc,ergo           ] GC(28) Running G1 Merge Heap Roots using 15 workers for 481 regions
[24,348s][debug][gc,remset         ] GC(28) Visited cards 477888 Total dirty 2056192 (23,24%) Total old 11018240 (4,34%)
[24,372s][debug][gc,ref            ] GC(28) ReferenceProcessor::execute queues: 3, RefProcThreadModel::Multi, marks_oops_alive: false
[24,372s][debug][gc,ref            ] GC(28) ReferenceProcessor::execute queues: 15, RefProcThreadModel::Multi, marks_oops_alive: true
[24,373s][debug][gc,ref            ] GC(28) ReferenceProcessor::execute queues: 1, RefProcThreadModel::Single, marks_oops_alive: false
[24,373s][debug][gc,ergo           ] GC(28) Running G1 Rebuild Free List Task using 15 workers for rebuilding free list of regions
[24,374s][debug][gc,plab           ] GC(28) Young PLAB allocation: allocated: 226492416B, wasted: 43880B, unused: 11423976B, used: 215024560B, undo waste: 0B, 
[24,374s][debug][gc,plab           ] GC(28) Young other allocation: region end waste: 0B, regions filled: 54, num plab filled: 208, direct allocated: 0B, num direct allocated: 0, failure used: 0B, failure wasted: 0B
[24,374s][debug][gc,plab           ] GC(28) Young sizing: calculated: 43004912B, actual: 35646744B
[24,374s][debug][gc,plab           ] GC(28) Old PLAB allocation: allocated: 0B, wasted: 0B, unused: 0B, used: 0B, undo waste: 0B, 
[24,374s][debug][gc,plab           ] GC(28) Old other allocation: region end waste: 0B, regions filled: 1, num plab filled: 0, direct allocated: 0B, num direct allocated: 0, failure used: 0B, failure wasted: 0B
[24,374s][debug][gc,plab           ] GC(28) Old sizing: calculated: 0B, actual: 13149048B
[24,374s][debug][gc,ergo,heap      ] GC(28) Heap expansion: short term pause time ratio 0,77% long term pause time ratio 5,20% threshold 7,69% pause time ratio 7,69% fully expanded false resize by 0B
[24,374s][debug][gc,mmu            ] GC(28) MMU: 27,6ms (200,0ms/201,0ms)
[24,374s][debug][gc,alloc,stats    ] Old generation allocation in the last mutator period, old gen allocated: 0B, humongous allocated: 0B, old gen growth: 0B.
[24,374s][debug][gc,task,start     ] G1 Service Thread (Card Set Free Memory Task) (run 0,051ms after schedule)
[24,374s][debug][gc,ihop           ] GC(28) Basic information (value update), threshold: 2415919104B (45,00), target occupancy: 5368709120B, current occupancy: 1827702320B, recent allocation size: 0B, recent allocation duration: 1814,27ms, recent old gen allocation rate: 0,00B/s, recent marking phase length: 1983,23ms
[24,374s][debug][gc,ihop           ] GC(28) Adaptive IHOP information (value update), threshold: 2415919104B (47,37), internal target occupancy: 5100273664B, occupancy: 1827702320B, additional buffer size: 2235564032B, predicted old gen allocation rate: 811221279,91B/s, predicted marking phase length: 3966,46ms, prediction active: false
[24,374s][debug][gc,ergo,refine    ] GC(28) GC refinement: goal: 253192 + 1225 / 20,00ms, actual: 252570 / 4,41ms, 
[24,374s][debug][gc,ergo,refine    ] GC(28) New pending cards target: 698853
[24,374s][info ][gc,phases         ] GC(28)   Pre Evacuate Collection Set: 0,52ms
[24,374s][debug][gc,phases         ] GC(28)     Pre Evacuate Prepare: 0,21ms
[24,374s][debug][gc,phases         ] GC(28)       JT Retire TLABs And Flush Logs (ms): Min: 0,00, Avg: 0,01, Max: 0,02, Diff: 0,02, Sum: 0,02, Workers: 2
[24,374s][debug][gc,phases         ] GC(28)       Non-JT Flush Logs (ms):        Min: 0,01, Avg: 0,01, Max: 0,01, Diff: 0,00, Sum: 0,01, Workers: 1
[24,374s][debug][gc,phases         ] GC(28)     Choose Collection Set: 0,04ms
[24,374s][debug][gc,phases         ] GC(28)     Region Register: 0,27ms
[24,374s][debug][gc,phases         ] GC(28)     Prepare Heap Roots: 0,00ms
[24,374s][info ][gc,phases         ] GC(28)   Merge Heap Roots: 0,91ms
[24,374s][debug][gc,phases         ] GC(28)     Prepare Merge Heap Roots: 0,02ms
[24,374s][debug][gc,phases         ] GC(28)     Remembered Sets (ms):          Min: 0,04, Avg: 0,04, Max: 0,06, Diff: 0,03, Sum: 0,67, Workers: 15
[24,374s][debug][gc,phases         ] GC(28)       Eager Reclaim (ms):            skipped
[24,374s][debug][gc,phases         ] GC(28)       Merged Inline                  Min: 0, Avg: 14,5, Max: 218, Diff: 218, Sum: 218, Workers: 15
[24,374s][debug][gc,phases         ] GC(28)       Merged ArrayOfCards            Min: 0, Avg:  4,9, Max: 74, Diff: 74, Sum: 74, Workers: 15
[24,374s][debug][gc,phases         ] GC(28)       Merged Howl                    Min: 0, Avg:  0,0, Max: 0, Diff: 0, Sum: 0, Workers: 15
[24,374s][debug][gc,phases         ] GC(28)       Merged Full                    Min: 0, Avg:  0,0, Max: 0, Diff: 0, Sum: 0, Workers: 15
[24,374s][debug][gc,phases         ] GC(28)       Merged Howl Inline             Min: 0, Avg:  0,0, Max: 0, Diff: 0, Sum: 0, Workers: 15
[24,374s][debug][gc,phases         ] GC(28)       Merged Howl ArrayOfCards       Min: 0, Avg:  0,0, Max: 0, Diff: 0, Sum: 0, Workers: 15
[24,374s][debug][gc,phases         ] GC(28)       Merged Howl BitMap             Min: 0, Avg:  0,0, Max: 0, Diff: 0, Sum: 0, Workers: 15
[24,374s][debug][gc,phases         ] GC(28)       Merged Howl Full               Min: 0, Avg:  0,0, Max: 0, Diff: 0, Sum: 0, Workers: 15
[24,374s][debug][gc,phases         ] GC(28)       Merged Cards                   Min: 8, Avg: 99,0, Max: 1373, Diff: 1365, Sum: 1485, Workers: 15
[24,374s][debug][gc,phases         ] GC(28)     Log Buffers (ms):              Min: 0,38, Avg: 0,40, Max: 0,45, Diff: 0,06, Sum: 6,02, Workers: 15
[24,374s][debug][gc,phases         ] GC(28)       Dirty Cards:                   Min: 13314, Avg: 16838,0, Max: 28698, Diff: 15384, Sum: 252570, Workers: 15
[24,374s][debug][gc,phases         ] GC(28)       Skipped Cards:                 Min: 0, Avg:  0,0, Max: 0, Diff: 0, Sum: 0, Workers: 15
[24,374s][info ][gc,phases         ] GC(28)   Evacuate Collection Set: 24,14ms
[24,374s][debug][gc,phases         ] GC(28)     Ext Root Scanning (ms):        Min: 0,00, Avg: 0,03, Max: 0,14, Diff: 0,13, Sum: 0,38, Workers: 15
[24,374s][debug][gc,phases         ] GC(28)     Scan Heap Roots (ms):          Min: 3,40, Avg: 4,01, Max: 4,28, Diff: 0,88, Sum: 60,12, Workers: 15
[24,374s][debug][gc,phases         ] GC(28)       Scanned Cards:                 Min: 12467, Avg: 16765,9, Max: 26114, Diff: 13647, Sum: 251488, Workers: 15
[24,374s][debug][gc,phases         ] GC(28)       Scanned Blocks:                Min: 418, Avg: 641,4, Max: 960, Diff: 542, Sum: 9621, Workers: 15
[24,374s][debug][gc,phases         ] GC(28)       Claimed Chunks:                Min: 311, Avg: 497,8, Max: 771, Diff: 460, Sum: 7467, Workers: 15
[24,374s][debug][gc,phases         ] GC(28)       Found Roots:                   Min: 266, Avg: 530,9, Max: 1144, Diff: 878, Sum: 7963, Workers: 15
[24,374s][debug][gc,phases         ] GC(28)     Code Root Scan (ms):           Min: 0,03, Avg: 0,03, Max: 0,04, Diff: 0,02, Sum: 0,44, Workers: 15
[24,374s][debug][gc,phases         ] GC(28)       Scanned Nmethods               Min: 0, Avg:  0,1, Max: 2, Diff: 2, Sum: 2, Workers: 15
[24,374s][debug][gc,phases         ] GC(28)     Object Copy (ms):              Min: 19,46, Avg: 19,61, Max: 20,18, Diff: 0,72, Sum: 294,21, Workers: 15
[24,374s][debug][gc,phases         ] GC(28)     Termination (ms):              Min: 0,05, Avg: 0,05, Max: 0,07, Diff: 0,02, Sum: 0,82, Workers: 15
[24,374s][debug][gc,phases         ] GC(28)       Termination Attempts:          Min: 1, Avg:  1,0, Max: 1, Diff: 0, Sum: 15, Workers: 15
[24,374s][debug][gc,phases         ] GC(28)     GC Worker Other (ms):          Min: 0,07, Avg: 0,21, Max: 0,49, Diff: 0,42, Sum: 3,20, Workers: 15
[24,374s][debug][gc,phases         ] GC(28)     GC Worker Total (ms):          Min: 23,91, Avg: 23,95, Max: 24,00, Diff: 0,09, Sum: 359,18, Workers: 15
[24,374s][info ][gc,phases         ] GC(28)   Post Evacuate Collection Set: 1,90ms
[24,374s][debug][gc,phases         ] GC(28)     NMethod List Cleanup: 0,01ms
[24,374s][debug][gc,phases         ] GC(28)     Reference Processing: 0,92ms
[24,374s][debug][gc,phases,ref     ] GC(28)       Notify Soft/WeakReferences: 0,4ms
[24,374s][debug][gc,phases,ref     ] GC(28)         Balance queues: 0,0ms
[24,374s][debug][gc,phases,ref     ] GC(28)         SoftRef (ms):                  Min: 0,00, Avg: 0,00, Max: 0,00, Diff: 0,00, Sum: 0,00, Workers: 3
[24,374s][debug][gc,phases,ref     ] GC(28)         WeakRef (ms):                  Min: 0,00, Avg: 0,00, Max: 0,00, Diff: 0,00, Sum: 0,00, Workers: 3
[24,374s][debug][gc,phases,ref     ] GC(28)         FinalRef (ms):                 Min: 0,05, Avg: 0,07, Max: 0,09, Diff: 0,04, Sum: 0,20, Workers: 3
[24,374s][debug][gc,phases,ref     ] GC(28)         Total (ms):                    Min: 0,10, Avg: 0,19, Max: 0,26, Diff: 0,16, Sum: 0,58, Workers: 3
[24,374s][debug][gc,phases,ref     ] GC(28)       Notify and keep alive finalizable: 0,5ms
[24,374s][debug][gc,phases,ref     ] GC(28)         Balance queues: 0,0ms
[24,374s][debug][gc,phases,ref     ] GC(28)         FinalRef (ms):                 Min: 0,12, Avg: 0,17, Max: 0,20, Diff: 0,08, Sum: 2,49, Workers: 15
[24,374s][debug][gc,phases,ref     ] GC(28)       Notify PhantomReferences: 0,1ms
[24,374s][debug][gc,phases,ref     ] GC(28)         PhantomRef (ms):               Min: 0,01, Avg: 0,01, Max: 0,01, Diff: 0,00, Sum: 0,01, Workers: 1
[24,374s][debug][gc,phases,ref     ] GC(28)       SoftReference Discovered: 0, Dropped: 0, Processed: 0
[24,374s][debug][gc,phases,ref     ] GC(28)       WeakReference Discovered: 0, Dropped: 0, Processed: 0
[24,374s][debug][gc,phases,ref     ] GC(28)       FinalReference Discovered: 2094, Dropped: 0, Processed: 2094
[24,374s][debug][gc,phases,ref     ] GC(28)       PhantomReference Discovered: 37, Dropped: 2, Processed: 35
[24,374s][debug][gc,phases         ] GC(28)     Weak Processing: 0,18ms
[24,374s][debug][gc,phases         ] GC(28)       VM Weak                        Min: 0,00, Avg: 0,00, Max: 0,00, Diff: 0,00, Sum: 0,01, Workers: 15
[24,374s][debug][gc,phases         ] GC(28)         Dead                           Min: 0, Avg:  0,0, Max: 0, Diff: 0, Sum: 0, Workers: 15
[24,374s][debug][gc,phases         ] GC(28)         Total                          Min: 0, Avg: 11,0, Max: 101, Diff: 101, Sum: 165, Workers: 15
[24,374s][debug][gc,phases         ] GC(28)       ObjectSynchronizer Weak        Min: 0,00, Avg: 0,00, Max: 0,00, Diff: 0,00, Sum: 0,01, Workers: 15
[24,374s][debug][gc,phases         ] GC(28)         Dead                           Min: 0, Avg:  0,0, Max: 0, Diff: 0, Sum: 0, Workers: 15
[24,374s][debug][gc,phases         ] GC(28)         Total                          Min: 0, Avg:  2,2, Max: 33, Diff: 33, Sum: 33, Workers: 15
[24,374s][debug][gc,phases         ] GC(28)       JVMTI Tag Weak OopStorage      Min: 0,00, Avg: 0,00, Max: 0,00, Diff: 0,00, Sum: 0,01, Workers: 15
[24,374s][debug][gc,phases         ] GC(28)         Dead                           Min: 0, Avg:  0,0, Max: 0, Diff: 0, Sum: 0, Workers: 15
[24,374s][debug][gc,phases         ] GC(28)         Total                          Min: 0, Avg:  0,0, Max: 0, Diff: 0, Sum: 0, Workers: 15
[24,374s][debug][gc,phases         ] GC(28)       StringTable Weak               Min: 0,00, Avg: 0,02, Max: 0,08, Diff: 0,08, Sum: 0,29, Workers: 15
[24,374s][debug][gc,phases         ] GC(28)         Dead                           Min: 0, Avg:  0,0, Max: 0, Diff: 0, Sum: 0, Workers: 15
[24,374s][debug][gc,phases         ] GC(28)         Total                          Min: 0, Avg: 564,8, Max: 3264, Diff: 3264, Sum: 8472, Workers: 15
[24,374s][debug][gc,phases         ] GC(28)       ResolvedMethodTable Weak       Min: 0,00, Avg: 0,00, Max: 0,01, Diff: 0,01, Sum: 0,06, Workers: 15
[24,374s][debug][gc,phases         ] GC(28)         Dead                           Min: 0, Avg:  0,0, Max: 0, Diff: 0, Sum: 0, Workers: 15
[24,374s][debug][gc,phases         ] GC(28)         Total                          Min: 0, Avg: 113,1, Max: 317, Diff: 317, Sum: 1697, Workers: 15
[24,374s][debug][gc,phases         ] GC(28)       JNI Weak                       Min: 0,00, Avg: 0,00, Max: 0,00, Diff: 0,00, Sum: 0,01, Workers: 15
[24,374s][debug][gc,phases         ] GC(28)         Dead                           Min: 0, Avg:  0,0, Max: 0, Diff: 0, Sum: 0, Workers: 15
[24,375s][debug][gc,phases         ] GC(28)         Total                          Min: 0, Avg:  0,0, Max: 0, Diff: 0, Sum: 0, Workers: 15
[24,375s][debug][gc,phases         ] GC(28)       StringDedup Table Weak         Min: 0,00, Avg: 0,01, Max: 0,02, Diff: 0,02, Sum: 0,17, Workers: 15
[24,375s][debug][gc,phases         ] GC(28)         Dead                           Min: 0, Avg:  0,0, Max: 0, Diff: 0, Sum: 0, Workers: 15
[24,375s][debug][gc,phases         ] GC(28)         Total                          Min: 0, Avg: 874,0, Max: 1664, Diff: 1664, Sum: 13110, Workers: 15
[24,375s][debug][gc,phases         ] GC(28)       StringDedup Requests0 Weak     Min: 0,00, Avg: 0,00, Max: 0,00, Diff: 0,00, Sum: 0,01, Workers: 15
[24,375s][debug][gc,phases         ] GC(28)         Dead                           Min: 0, Avg:  0,0, Max: 0, Diff: 0, Sum: 0, Workers: 15
[24,375s][debug][gc,phases         ] GC(28)         Total                          Min: 0, Avg:  0,0, Max: 0, Diff: 0, Sum: 0, Workers: 15
[24,375s][debug][gc,phases         ] GC(28)       StringDedup Requests1 Weak     Min: 0,00, Avg: 0,00, Max: 0,00, Diff: 0,00, Sum: 0,01, Workers: 15
[24,375s][debug][gc,phases         ] GC(28)         Dead                           Min: 0, Avg:  0,0, Max: 0, Diff: 0, Sum: 0, Workers: 15
[24,375s][debug][gc,phases         ] GC(28)         Total                          Min: 0, Avg:  0,0, Max: 0, Diff: 0, Sum: 0, Workers: 15
[24,375s][debug][gc,phases         ] GC(28)       Weak JFR Old Object Samples    Min: 0,00, Avg: 0,00, Max: 0,00, Diff: 0,00, Sum: 0,01, Workers: 15
[24,375s][debug][gc,phases         ] GC(28)         Dead                           Min: 0, Avg:  0,0, Max: 0, Diff: 0, Sum: 0, Workers: 15
[24,375s][debug][gc,phases         ] GC(28)         Total                          Min: 0, Avg:  0,0, Max: 0, Diff: 0, Sum: 0, Workers: 15
[24,375s][debug][gc,phases         ] GC(28)     Post Evacuate Cleanup 1: 0,23ms
[24,375s][debug][gc,phases         ] GC(28)       Merge Per-Thread State (ms):   Min: 0,03, Avg: 0,03, Max: 0,03, Diff: 0,00, Sum: 0,03, Workers: 1
[24,375s][debug][gc,phases         ] GC(28)         Copied Bytes                   Min: 11442136, Avg: 14334970,7, Max: 17303880, Diff: 5861744, Sum: 215024560, Workers: 15
[24,375s][debug][gc,phases         ] GC(28)         LAB Waste                      Min: 360, Avg: 2925,3, Max: 8328, Diff: 7968, Sum: 43880, Workers: 15
[24,375s][debug][gc,phases         ] GC(28)         LAB Undo Waste                 Min: 0, Avg:  0,0, Max: 0, Diff: 0, Sum: 0, Workers: 15
[24,375s][debug][gc,phases         ] GC(28)         Evac Fail Extra Cards          Min: 0, Avg:  0,0, Max: 0, Diff: 0, Sum: 0, Workers: 15
[24,375s][debug][gc,phases         ] GC(28)       Clear Logged Cards (ms):       Min: 0,00, Avg: 0,06, Max: 0,11, Diff: 0,11, Sum: 0,42, Workers: 7
[24,375s][debug][gc,phases         ] GC(28)       Recalculate Used Memory (ms):  Min: 0,00, Avg: 0,00, Max: 0,00, Diff: 0,00, Sum: 0,00, Workers: 1
[24,375s][debug][gc,phases         ] GC(28)     Post Evacuate Cleanup 2: 0,29ms
[24,375s][debug][gc,phases         ] GC(28)       Update Derived Pointers (ms):  Min: 0,00, Avg: 0,00, Max: 0,00, Diff: 0,00, Sum: 0,00, Workers: 1
[24,375s][debug][gc,phases         ] GC(28)       Eagerly Reclaim Humongous Objects (ms): skipped
[24,375s][debug][gc,phases         ] GC(28)         Humongous Total                skipped
[24,375s][debug][gc,phases         ] GC(28)         Humongous Candidates           skipped
[24,375s][debug][gc,phases         ] GC(28)         Humongous Reclaimed            skipped
[24,375s][debug][gc,phases         ] GC(28)       Sample CSet Candidates (ms):   Min: 0,02, Avg: 0,02, Max: 0,02, Diff: 0,00, Sum: 0,02, Workers: 1
[24,375s][debug][gc,phases         ] GC(28)       Redirty Logged Cards (ms):     Min: 0,00, Avg: 0,00, Max: 0,03, Diff: 0,03, Sum: 0,04, Workers: 15
[24,375s][debug][gc,phases         ] GC(28)         Redirtied Cards:               Min: 0, Avg: 189,2, Max: 2838, Diff: 2838, Sum: 2838, Workers: 15
[24,375s][debug][gc,phases         ] GC(28)       Resize TLABs (ms):             Min: 0,00, Avg: 0,00, Max: 0,00, Diff: 0,00, Sum: 0,01, Workers: 15
[24,375s][debug][gc,phases         ] GC(28)       Free Collection Set (ms):      Min: 0,02, Avg: 0,08, Max: 0,12, Diff: 0,10, Sum: 1,13, Workers: 15
[24,375s][debug][gc,phases         ] GC(28)     Rebuild Free List: 0,17ms
[24,375s][debug][gc,phases         ] GC(28)     Prepare For Mutator: 0,11ms
[24,375s][debug][gc,phases         ] GC(28)     Expand Heap After Collection: 0,00ms
[24,375s][info ][gc,phases         ] GC(28)   Other: 0,32ms
[24,375s][debug][gc,remset         ] GC(28) Coarsening (recent): Inline->AoC 192 (0) AoC->Howl 87 (0) Howl->Full 33 (0) Inline->AoC 598 (0) AoC->BitMap 597 (0) BitMap->Full 138 (0) 
[24,375s][debug][gc,remset         ] GC(28) Coarsening (all): Inline->AoC 1872 (0) AoC->Howl 848 (0) Howl->Full 276 (0) Inline->AoC 5506 (0) AoC->BitMap 5344 (0) BitMap->Full 1198 (0) 
[24,375s][info ][gc,heap           ] GC(28) Eden regions: 470->0(479)
[24,375s][info ][gc,heap           ] GC(28) Survivor regions: 11->54(61)
[24,375s][info ][gc,heap           ] GC(28) Old regions: 383->383
[24,375s][info ][gc,heap           ] GC(28) Humongous regions: 0->0
[24,375s][info ][gc,metaspace      ] GC(28) Metaspace: 20717K(21056K)->20717K(21056K) NonClass: 18105K(18304K)->18105K(18304K) Class: 2611K(2752K)->2611K(2752K)
[24,375s][debug][gc,heap           ] GC(28) Heap after GC invocations=29 (full 0):
[24,375s][debug][gc,heap           ] GC(28)  garbage-first heap   total reserved 8388608K, committed 5242880K, used 1784865K [0x0000000600000000, 0x0000000800000000)
[24,375s][debug][gc,heap           ] GC(28)   region size 4096K, 54 young (221184K), 54 survivors (221184K)
[24,375s][debug][gc,heap           ] GC(28)  Metaspace       used 20717K, committed 21056K, reserved 1114112K
[24,375s][debug][gc,heap           ] GC(28)   class space    used 2611K, committed 2752K, reserved 1048576K
[24,375s][info ][gc                ] GC(28) Pause Young (Prepare Mixed) (G1 Evacuation Pause) 3449M->1743M(5120M) 29,103ms
[24,375s][info ][gc,cpu            ] GC(28) User=0,37s Sys=0,00s Real=0,03s
[24,375s][debug][gc,refine         ] Concurrent refinement: wanted 0, cards: 2838, predicted: 7642, time: 1066,92ms
[24,375s][debug][gc,task           ] G1 Service Thread (Card Set Free Memory Task) (run: 1,630ms) (cpu: 0,230ms)
[24,404s][debug][gc,task,start     ] G1 Service Thread (Periodic GC Task) (run 0,345ms after schedule)
[24,404s][debug][gc,task           ] G1 Service Thread (Periodic GC Task) (run: 0,043ms) (cpu: 0,075ms)
[24,505s][debug][gc,refine         ] Concurrent refinement: wanted 0, cards: 2838, predicted: 7457, time: 1025,67ms
[24,634s][debug][gc,refine         ] Concurrent refinement: wanted 0, cards: 2838, predicted: 7276, time: 985,54ms
[24,759s][debug][gc,refine         ] Concurrent refinement: wanted 0, cards: 2838, predicted: 7095, time: 945,40ms
[24,881s][debug][gc,refine         ] Concurrent refinement: wanted 0, cards: 2838, predicted: 6919, time: 906,38ms
[25,001s][debug][gc,refine         ] Concurrent refinement: wanted 0, cards: 2838, predicted: 4368, time: 339,82ms
[25,074s][debug][gc,refine         ] Concurrent refinement: wanted 0, cards: 2838, predicted: 4299, time: 324,42ms
[25,147s][debug][gc,refine         ] Concurrent refinement: wanted 0, cards: 2838, predicted: 4273, time: 318,85ms
[25,218s][debug][gc,refine         ] Concurrent refinement: wanted 0, cards: 2838, predicted: 4258, time: 315,51ms
[25,289s][debug][gc,refine         ] Concurrent refinement: wanted 0, cards: 2838, predicted: 4248, time: 313,28ms
[25,360s][debug][gc,refine         ] Concurrent refinement: wanted 0, cards: 2838, predicted: 4213, time: 305,47ms
[25,405s][debug][gc,task,start     ] G1 Service Thread (Periodic GC Task) (run 0,108ms after schedule)
[25,405s][debug][gc,task           ] G1 Service Thread (Periodic GC Task) (run: 0,059ms) (cpu: 0,092ms)
[25,429s][debug][gc,refine         ] Concurrent refinement: wanted 0, cards: 2838, predicted: 4133, time: 287,63ms
[25,496s][debug][gc,refine         ] Concurrent refinement: wanted 0, cards: 2838, predicted: 4032, time: 265,34ms
[25,562s][debug][gc,refine         ] Concurrent refinement: wanted 0, cards: 2838, predicted: 3942, time: 245,27ms
[25,624s][debug][gc,refine         ] Concurrent refinement: wanted 0, cards: 2838, predicted: 3852, time: 225,20ms
[25,684s][debug][gc,refine         ] Concurrent refinement: wanted 0, cards: 2838, predicted: 3766, time: 206,25ms
[25,741s][debug][gc,refine         ] Concurrent refinement: wanted 0, cards: 2838, predicted: 3681, time: 187,30ms
[25,796s][debug][gc,refine         ] Concurrent refinement: wanted 0, cards: 2838, predicted: 3606, time: 170,57ms
[25,848s][debug][gc,refine         ] Concurrent refinement: wanted 0, cards: 2838, predicted: 3530, time: 153,85ms
[25,898s][debug][gc,refine         ] Concurrent refinement: wanted 0, cards: 2838, predicted: 3455, time: 137,13ms
[25,948s][debug][gc,refine         ] Concurrent refinement: wanted 0, cards: 2838, predicted: 3385, time: 121,52ms
[25,999s][debug][gc,refine         ] Concurrent refinement: wanted 0, cards: 2838, predicted: 3309, time: 104,80ms
[26,049s][debug][gc,refine         ] Concurrent refinement: wanted 0, cards: 2838, predicted: 3239, time: 89,19ms
[26,099s][debug][gc,refine         ] Concurrent refinement: wanted 0, cards: 2838, predicted: 3164, time: 72,47ms
[26,149s][debug][gc,refine         ] Concurrent refinement: wanted 0, cards: 2838, predicted: 3094, time: 56,86ms
[26,200s][debug][gc,refine         ] Concurrent refinement: wanted 0, cards: 2838, predicted: 2838, time: 41,25ms
[26,250s][debug][gc,refine         ] Concurrent refinement: wanted 0, cards: 2838, predicted: 2838, time: 24,53ms
[26,300s][debug][gc,refine         ] Concurrent refinement: wanted 0, cards: 2838, predicted: 2838, time: 8,92ms
[26,336s][info ][gc,start          ] GC(29) Pause Young (Mixed) (G1 Evacuation Pause)
[26,336s][debug][gc,heap           ] GC(29) Heap before GC invocations=29 (full 0):
[26,336s][debug][gc,heap           ] GC(29)  garbage-first heap   total reserved 8388608K, committed 5242880K, used 3742753K [0x0000000600000000, 0x0000000800000000)
[26,336s][debug][gc,heap           ] GC(29)   region size 4096K, 533 young (2183168K), 54 survivors (221184K)
[26,336s][debug][gc,heap           ] GC(29)  Metaspace       used 20717K, committed 21056K, reserved 1114112K
[26,337s][debug][gc,heap           ] GC(29)   class space    used 2611K, committed 2752K, reserved 1048576K
[26,337s][info ][gc,task           ] GC(29) Using 15 workers of 15 for evacuation
[26,337s][debug][gc,age            ] GC(29) Desired survivor size 140509184 bytes, new threshold 1 (max threshold 15)
[26,337s][debug][gc,tlab           ] GC(29) TLAB totals: thrds: 24  refills: 1441 max: 490 slow allocs: 749 max 66 waste:  0,8% gc: 11613000B max: 1128528B slow: 4180288B max: 592112B
[26,337s][debug][gc,refine,stats   ] GC(29) Mutator refinement: 0,00ms, refined: 0, precleaned: 0, dirtied: 49
[26,337s][debug][gc,refine,stats   ] GC(29) Concurrent refinement: 0,00ms, refined: 0, precleaned: 0, dirtied: 0
[26,337s][debug][gc,refine,stats   ] GC(29) Total refinement: 0,00ms, refined: 0, precleaned: 0, dirtied: 49
[26,337s][debug][gc,refine,stats   ] GC(29) Generate dirty cards rate: 0,02 cards/ms
[26,337s][debug][gc,alloc,region   ] GC(29) Mutator Allocation stats, regions: 479, wasted size: 0B ( 0,0%)
[26,337s][debug][gc,ergo,cset      ] GC(29) Start adding marking candidates to collection set. Min 12 regions, max 128 regions, available 91 regionstime remaining 62,44ms, optional threshold 12,49ms
[26,337s][debug][gc,ergo,cset      ] GC(29) Marking candidates exhausted.
[26,337s][debug][gc,ergo,cset      ] GC(29) Finish adding marking candidates to collection set. Initial: 91, optional: 0, pinned: 0, predicted initial time: 3,85ms, predicted optional time: 0,00ms, time remaining: 58,58ms
[26,337s][debug][gc,ergo,cset      ] GC(29) Start adding retained candidates to collection set. Min 1 regions, available 0, time remaining 40,00ms, optional remaining 40,00ms
[26,337s][debug][gc,ergo,cset      ] GC(29) Retained candidates exhausted.
[26,337s][debug][gc,ergo,cset      ] GC(29) Finish adding retained candidates to collection set. Initial: 0, optional: 0, pinned: 0, predicted initial time: 0,00ms, predicted optional time: 0,00ms, time remaining: 40,00ms optional time remaining 40,00ms
[26,337s][debug][gc,ergo           ] GC(29) Running G1 Merge Heap Roots using 15 workers for 624 regions
[26,338s][debug][gc,remset         ] GC(29) Visited cards 137536 Total dirty 1261568 (10,90%) Total old 12615680 (1,09%)
[26,382s][debug][gc,ref            ] GC(29) ReferenceProcessor::execute queues: 3, RefProcThreadModel::Multi, marks_oops_alive: false
[26,382s][debug][gc,ref            ] GC(29) ReferenceProcessor::execute queues: 15, RefProcThreadModel::Multi, marks_oops_alive: true
[26,383s][debug][gc,ref            ] GC(29) ReferenceProcessor::execute queues: 1, RefProcThreadModel::Single, marks_oops_alive: false
[26,383s][debug][gc,ergo           ] GC(29) Running G1 Rebuild Free List Task using 15 workers for rebuilding free list of regions
[26,383s][debug][gc,plab           ] GC(29) Young PLAB allocation: allocated: 281018368B, wasted: 37000B, unused: 0B, used: 280981368B, undo waste: 0B, 
[26,384s][debug][gc,plab           ] GC(29) Young other allocation: region end waste: 0B, regions filled: 67, num plab filled: 149, direct allocated: 0B, num direct allocated: 0, failure used: 0B, failure wasted: 0B
[26,384s][debug][gc,plab           ] GC(29) Young sizing: calculated: 56196272B, actual: 51058888B
[26,384s][debug][gc,plab           ] GC(29) Old PLAB allocation: allocated: 163233904B, wasted: 61080B, unused: 13719936B, used: 149452888B, undo waste: 0B, 
[26,384s][debug][gc,plab           ] GC(29) Old other allocation: region end waste: 0B, regions filled: 40, num plab filled: 162, direct allocated: 0B, num direct allocated: 0, failure used: 0B, failure wasted: 0B
[26,384s][debug][gc,plab           ] GC(29) Old sizing: calculated: 29890576B, actual: 25705192B
[26,384s][debug][gc,task,start     ] G1 Service Thread (Card Set Free Memory Task) (run 0,007ms after schedule)
[26,384s][debug][gc,ergo,heap      ] GC(29) Heap expansion: short term pause time ratio 1,55% long term pause time ratio 4,44% threshold 7,69% pause time ratio 7,69% fully expanded false resize by 0B
[26,384s][debug][gc,mmu            ] GC(29) MMU: 46,8ms (200,0ms/201,0ms)
[26,384s][debug][gc,ergo           ] GC(29) do not continue mixed GCs (candidate old regions not available)
[26,384s][debug][gc,alloc,stats    ] Old generation allocation in the last mutator period, old gen allocated: 163233904B, humongous allocated: 0B, old gen growth: 163233904B.
[26,384s][debug][gc,ihop           ] GC(29) Basic information (value update), threshold: 2415919104B (45,00), target occupancy: 5368709120B, current occupancy: 1663780512B, recent allocation size: 163233904B, recent allocation duration: 1814,27ms, recent old gen allocation rate: 89971974,88B/s, recent marking phase length: 4181,82ms
[26,384s][debug][gc,ihop           ] GC(29) Adaptive IHOP information (value update), threshold: 2415919104B (47,37), internal target occupancy: 5100273664B, occupancy: 1663780512B, additional buffer size: 2235564032B, predicted old gen allocation rate: 811221279,91B/s, predicted marking phase length: 3663,03ms, prediction active: false
[26,384s][debug][gc,ergo,refine    ] GC(29) GC refinement: goal: 698853 + 972 / 20,00ms, actual: 2883 / 0,28ms, 
[26,384s][debug][gc,ergo,refine    ] GC(29) Unchanged pending cards target: 698853
[26,384s][info ][gc,phases         ] GC(29)   Pre Evacuate Collection Set: 0,42ms
[26,384s][debug][gc,phases         ] GC(29)     Pre Evacuate Prepare: 0,10ms
[26,384s][debug][gc,phases         ] GC(29)       JT Retire TLABs And Flush Logs (ms): Min: 0,00, Avg: 0,01, Max: 0,02, Diff: 0,02, Sum: 0,02, Workers: 2
[26,384s][debug][gc,phases         ] GC(29)       Non-JT Flush Logs (ms):        Min: 0,01, Avg: 0,01, Max: 0,01, Diff: 0,00, Sum: 0,01, Workers: 1
[26,384s][debug][gc,phases         ] GC(29)     Choose Collection Set: 0,10ms
[26,384s][debug][gc,phases         ] GC(29)     Region Register: 0,22ms
[26,384s][debug][gc,phases         ] GC(29)     Prepare Heap Roots: 0,00ms
[26,384s][info ][gc,phases         ] GC(29)   Merge Heap Roots: 0,43ms
[26,384s][debug][gc,phases         ] GC(29)     Prepare Merge Heap Roots: 0,02ms
[26,384s][debug][gc,phases         ] GC(29)     Remembered Sets (ms):          Min: 0,06, Avg: 0,08, Max: 0,10, Diff: 0,05, Sum: 1,26, Workers: 15
[26,384s][debug][gc,phases         ] GC(29)       Eager Reclaim (ms):            skipped
[26,384s][debug][gc,phases         ] GC(29)       Merged Inline                  Min: 0, Avg:  7,5, Max: 50, Diff: 50, Sum: 112, Workers: 15
[26,384s][debug][gc,phases         ] GC(29)       Merged ArrayOfCards            Min: 0, Avg:  1,5, Max: 11, Diff: 11, Sum: 22, Workers: 15
[26,384s][debug][gc,phases         ] GC(29)       Merged Howl                    Min: 0, Avg:  0,0, Max: 0, Diff: 0, Sum: 0, Workers: 15
[26,384s][debug][gc,phases         ] GC(29)       Merged Full                    Min: 0, Avg:  0,0, Max: 0, Diff: 0, Sum: 0, Workers: 15
[26,384s][debug][gc,phases         ] GC(29)       Merged Howl Inline             Min: 0, Avg:  0,0, Max: 0, Diff: 0, Sum: 0, Workers: 15
[26,384s][debug][gc,phases         ] GC(29)       Merged Howl ArrayOfCards       Min: 0, Avg:  0,0, Max: 0, Diff: 0, Sum: 0, Workers: 15
[26,384s][debug][gc,phases         ] GC(29)       Merged Howl BitMap             Min: 0, Avg:  0,0, Max: 0, Diff: 0, Sum: 0, Workers: 15
[26,384s][debug][gc,phases         ] GC(29)       Merged Howl Full               Min: 0, Avg:  0,0, Max: 0, Diff: 0, Sum: 0, Workers: 15
[26,384s][debug][gc,phases         ] GC(29)       Merged Cards                   Min: 8, Avg: 31,7, Max: 191, Diff: 183, Sum: 476, Workers: 15
[26,384s][debug][gc,phases         ] GC(29)     Log Buffers (ms):              Min: 0,00, Avg: 0,02, Max: 0,05, Diff: 0,04, Sum: 0,30, Workers: 15
[26,384s][debug][gc,phases         ] GC(29)       Dirty Cards:                   Min: 0, Avg: 192,2, Max: 546, Diff: 546, Sum: 2883, Workers: 15
[26,384s][debug][gc,phases         ] GC(29)       Skipped Cards:                 Min: 0, Avg:  0,3, Max: 3, Diff: 3, Sum: 4, Workers: 15
[26,384s][info ][gc,phases         ] GC(29)   Evacuate Collection Set: 44,29ms
[26,384s][debug][gc,phases         ] GC(29)     Ext Root Scanning (ms):        Min: 0,00, Avg: 0,06, Max: 0,21, Diff: 0,21, Sum: 0,97, Workers: 15
[26,384s][debug][gc,phases         ] GC(29)     Scan Heap Roots (ms):          Min: 0,04, Avg: 0,29, Max: 0,40, Diff: 0,35, Sum: 4,29, Workers: 15
[26,384s][debug][gc,phases         ] GC(29)       Scanned Cards:                 Min: 27, Avg: 207,9, Max: 290, Diff: 263, Sum: 3119, Workers: 15
[26,384s][debug][gc,phases         ] GC(29)       Scanned Blocks:                Min: 13, Avg: 148,0, Max: 205, Diff: 192, Sum: 2220, Workers: 15
[26,384s][debug][gc,phases         ] GC(29)       Claimed Chunks:                Min: 10, Avg: 143,3, Max: 204, Diff: 194, Sum: 2149, Workers: 15
[26,384s][debug][gc,phases         ] GC(29)       Found Roots:                   Min: 132, Avg: 616,7, Max: 890, Diff: 758, Sum: 9251, Workers: 15
[26,384s][debug][gc,phases         ] GC(29)     Code Root Scan (ms):           Min: 0,03, Avg: 0,04, Max: 0,06, Diff: 0,03, Sum: 0,58, Workers: 15
[26,384s][debug][gc,phases         ] GC(29)       Scanned Nmethods               Min: 0, Avg:  0,2, Max: 2, Diff: 2, Sum: 3, Workers: 15
[26,384s][debug][gc,phases         ] GC(29)     Object Copy (ms):              Min: 43,47, Avg: 43,58, Max: 43,82, Diff: 0,35, Sum: 653,77, Workers: 15
[26,384s][debug][gc,phases         ] GC(29)     Termination (ms):              Min: 0,06, Avg: 0,08, Max: 0,14, Diff: 0,09, Sum: 1,25, Workers: 15
[26,384s][debug][gc,phases         ] GC(29)       Termination Attempts:          Min: 1, Avg:  1,0, Max: 1, Diff: 0, Sum: 15, Workers: 15
[26,384s][debug][gc,phases         ] GC(29)     GC Worker Other (ms):          Min: 0,04, Avg: 0,06, Max: 0,08, Diff: 0,04, Sum: 0,92, Workers: 15
[26,384s][debug][gc,phases         ] GC(29)     GC Worker Total (ms):          Min: 44,07, Avg: 44,12, Max: 44,19, Diff: 0,12, Sum: 661,77, Workers: 15
[26,384s][info ][gc,phases         ] GC(29)   Post Evacuate Collection Set: 1,49ms
[26,384s][debug][gc,phases         ] GC(29)     NMethod List Cleanup: 0,01ms
[26,384s][debug][gc,phases         ] GC(29)     Reference Processing: 0,81ms
[26,384s][debug][gc,phases,ref     ] GC(29)       Notify Soft/WeakReferences: 0,4ms
[26,384s][debug][gc,phases,ref     ] GC(29)         Balance queues: 0,0ms
[26,384s][debug][gc,phases,ref     ] GC(29)         SoftRef (ms):                  Min: 0,00, Avg: 0,00, Max: 0,00, Diff: 0,00, Sum: 0,00, Workers: 3
[26,384s][debug][gc,phases,ref     ] GC(29)         WeakRef (ms):                  Min: 0,00, Avg: 0,00, Max: 0,00, Diff: 0,00, Sum: 0,00, Workers: 3
[26,384s][debug][gc,phases,ref     ] GC(29)         FinalRef (ms):                 Min: 0,06, Avg: 0,09, Max: 0,13, Diff: 0,07, Sum: 0,26, Workers: 3
[26,384s][debug][gc,phases,ref     ] GC(29)         Total (ms):                    Min: 0,14, Avg: 0,19, Max: 0,23, Diff: 0,09, Sum: 0,57, Workers: 3
[26,384s][debug][gc,phases,ref     ] GC(29)       Notify and keep alive finalizable: 0,4ms
[26,384s][debug][gc,phases,ref     ] GC(29)         Balance queues: 0,0ms
[26,384s][debug][gc,phases,ref     ] GC(29)         FinalRef (ms):                 Min: 0,17, Avg: 0,24, Max: 0,34, Diff: 0,17, Sum: 3,67, Workers: 15
[26,384s][debug][gc,phases,ref     ] GC(29)       Notify PhantomReferences: 0,0ms
[26,384s][debug][gc,phases,ref     ] GC(29)         PhantomRef (ms):               Min: 0,00, Avg: 0,00, Max: 0,00, Diff: 0,00, Sum: 0,00, Workers: 1
[26,384s][debug][gc,phases,ref     ] GC(29)       SoftReference Discovered: 0, Dropped: 0, Processed: 0
[26,384s][debug][gc,phases,ref     ] GC(29)       WeakReference Discovered: 0, Dropped: 0, Processed: 0
[26,384s][debug][gc,phases,ref     ] GC(29)       FinalReference Discovered: 2098, Dropped: 0, Processed: 2098
[26,384s][debug][gc,phases,ref     ] GC(29)       PhantomReference Discovered: 41, Dropped: 2, Processed: 39
[26,384s][debug][gc,phases         ] GC(29)     Weak Processing: 0,08ms
[26,384s][debug][gc,phases         ] GC(29)       VM Weak                        Min: 0,00, Avg: 0,00, Max: 0,00, Diff: 0,00, Sum: 0,01, Workers: 15
[26,384s][debug][gc,phases         ] GC(29)         Dead                           Min: 0, Avg:  0,0, Max: 0, Diff: 0, Sum: 0, Workers: 15
[26,384s][debug][gc,phases         ] GC(29)         Total                          Min: 0, Avg: 11,0, Max: 64, Diff: 64, Sum: 165, Workers: 15
[26,384s][debug][gc,phases         ] GC(29)       ObjectSynchronizer Weak        Min: 0,00, Avg: 0,00, Max: 0,00, Diff: 0,00, Sum: 0,00, Workers: 15
[26,384s][debug][gc,phases         ] GC(29)         Dead                           Min: 0, Avg:  0,0, Max: 0, Diff: 0, Sum: 0, Workers: 15
[26,384s][debug][gc,phases         ] GC(29)         Total                          Min: 0, Avg:  2,2, Max: 33, Diff: 33, Sum: 33, Workers: 15
[26,384s][debug][gc,phases         ] GC(29)       JVMTI Tag Weak OopStorage      Min: 0,00, Avg: 0,00, Max: 0,00, Diff: 0,00, Sum: 0,00, Workers: 15
[26,384s][debug][gc,phases         ] GC(29)         Dead                           Min: 0, Avg:  0,0, Max: 0, Diff: 0, Sum: 0, Workers: 15
[26,385s][debug][gc,phases         ] GC(29)         Total                          Min: 0, Avg:  0,0, Max: 0, Diff: 0, Sum: 0, Workers: 15
[26,385s][debug][gc,phases         ] GC(29)       StringTable Weak               Min: 0,00, Avg: 0,01, Max: 0,02, Diff: 0,02, Sum: 0,10, Workers: 15
[26,385s][debug][gc,phases         ] GC(29)         Dead                           Min: 0, Avg:  0,0, Max: 0, Diff: 0, Sum: 0, Workers: 15
[26,385s][debug][gc,phases         ] GC(29)         Total                          Min: 0, Avg: 565,0, Max: 2304, Diff: 2304, Sum: 8475, Workers: 15
[26,385s][debug][gc,phases         ] GC(29)       ResolvedMethodTable Weak       Min: 0,00, Avg: 0,00, Max: 0,01, Diff: 0,01, Sum: 0,03, Workers: 15
[26,385s][debug][gc,phases         ] GC(29)         Dead                           Min: 0, Avg:  0,0, Max: 0, Diff: 0, Sum: 0, Workers: 15
[26,385s][debug][gc,phases         ] GC(29)         Total                          Min: 0, Avg: 113,1, Max: 446, Diff: 446, Sum: 1697, Workers: 15
[26,385s][debug][gc,phases         ] GC(29)       JNI Weak                       Min: 0,00, Avg: 0,00, Max: 0,00, Diff: 0,00, Sum: 0,00, Workers: 15
[26,385s][debug][gc,phases         ] GC(29)         Dead                           Min: 0, Avg:  0,0, Max: 0, Diff: 0, Sum: 0, Workers: 15
[26,385s][debug][gc,phases         ] GC(29)         Total                          Min: 0, Avg:  0,0, Max: 0, Diff: 0, Sum: 0, Workers: 15
[26,385s][debug][gc,phases         ] GC(29)       StringDedup Table Weak         Min: 0,00, Avg: 0,01, Max: 0,02, Diff: 0,02, Sum: 0,12, Workers: 15
[26,385s][debug][gc,phases         ] GC(29)         Dead                           Min: 0, Avg:  0,0, Max: 0, Diff: 0, Sum: 0, Workers: 15
[26,385s][debug][gc,phases         ] GC(29)         Total                          Min: 0, Avg: 874,0, Max: 2944, Diff: 2944, Sum: 13110, Workers: 15
[26,385s][debug][gc,phases         ] GC(29)       StringDedup Requests0 Weak     Min: 0,00, Avg: 0,00, Max: 0,00, Diff: 0,00, Sum: 0,02, Workers: 15
[26,385s][debug][gc,phases         ] GC(29)         Dead                           Min: 0, Avg:  0,0, Max: 0, Diff: 0, Sum: 0, Workers: 15
[26,385s][debug][gc,phases         ] GC(29)         Total                          Min: 0, Avg: 29,9, Max: 128, Diff: 128, Sum: 448, Workers: 15
[26,385s][debug][gc,phases         ] GC(29)       StringDedup Requests1 Weak     Min: 0,00, Avg: 0,00, Max: 0,00, Diff: 0,00, Sum: 0,00, Workers: 15
[26,385s][debug][gc,phases         ] GC(29)         Dead                           Min: 0, Avg:  0,0, Max: 0, Diff: 0, Sum: 0, Workers: 15
[26,385s][debug][gc,phases         ] GC(29)         Total                          Min: 0, Avg:  0,0, Max: 0, Diff: 0, Sum: 0, Workers: 15
[26,385s][debug][gc,phases         ] GC(29)       Weak JFR Old Object Samples    Min: 0,00, Avg: 0,00, Max: 0,00, Diff: 0,00, Sum: 0,01, Workers: 15
[26,385s][debug][gc,phases         ] GC(29)         Dead                           Min: 0, Avg:  0,0, Max: 0, Diff: 0, Sum: 0, Workers: 15
[26,385s][debug][gc,phases         ] GC(29)         Total                          Min: 0, Avg:  0,0, Max: 0, Diff: 0, Sum: 0, Workers: 15
[26,385s][debug][gc,phases         ] GC(29)     Post Evacuate Cleanup 1: 0,26ms
[26,385s][debug][gc,phases         ] GC(29)       Merge Per-Thread State (ms):   Min: 0,04, Avg: 0,04, Max: 0,04, Diff: 0,00, Sum: 0,04, Workers: 1
[26,385s][debug][gc,phases         ] GC(29)         Copied Bytes                   Min: 23493472, Avg: 28695617,1, Max: 32431720, Diff: 8938248, Sum: 430434256, Workers: 15
[26,385s][debug][gc,phases         ] GC(29)         LAB Waste                      Min: 656, Avg: 6538,7, Max: 16360, Diff: 15704, Sum: 98080, Workers: 15
[26,385s][debug][gc,phases         ] GC(29)         LAB Undo Waste                 Min: 0, Avg:  0,0, Max: 0, Diff: 0, Sum: 0, Workers: 15
[26,385s][debug][gc,phases         ] GC(29)         Evac Fail Extra Cards          Min: 0, Avg:  0,0, Max: 0, Diff: 0, Sum: 0, Workers: 15
[26,385s][debug][gc,phases         ] GC(29)       Clear Logged Cards (ms):       Min: 0,00, Avg: 0,10, Max: 0,18, Diff: 0,18, Sum: 0,70, Workers: 7
[26,385s][debug][gc,phases         ] GC(29)       Recalculate Used Memory (ms):  Min: 0,00, Avg: 0,00, Max: 0,00, Diff: 0,00, Sum: 0,00, Workers: 1
[26,385s][debug][gc,phases         ] GC(29)     Post Evacuate Cleanup 2: 0,20ms
[26,385s][debug][gc,phases         ] GC(29)       Update Derived Pointers (ms):  Min: 0,01, Avg: 0,01, Max: 0,01, Diff: 0,00, Sum: 0,01, Workers: 1
[26,385s][debug][gc,phases         ] GC(29)       Eagerly Reclaim Humongous Objects (ms): skipped
[26,385s][debug][gc,phases         ] GC(29)         Humongous Total                skipped
[26,385s][debug][gc,phases         ] GC(29)         Humongous Candidates           skipped
[26,385s][debug][gc,phases         ] GC(29)         Humongous Reclaimed            skipped
[26,385s][debug][gc,phases         ] GC(29)       Redirty Logged Cards (ms):     Min: 0,00, Avg: 0,00, Max: 0,00, Diff: 0,00, Sum: 0,02, Workers: 15
[26,385s][debug][gc,phases         ] GC(29)         Redirtied Cards:               Min: 0, Avg:  7,7, Max: 86, Diff: 86, Sum: 116, Workers: 15
[26,385s][debug][gc,phases         ] GC(29)       Resize TLABs (ms):             Min: 0,00, Avg: 0,00, Max: 0,01, Diff: 0,01, Sum: 0,01, Workers: 15
[26,385s][debug][gc,phases         ] GC(29)       Free Collection Set (ms):      Min: 0,01, Avg: 0,10, Max: 0,15, Diff: 0,14, Sum: 1,55, Workers: 15
[26,385s][debug][gc,phases         ] GC(29)     Rebuild Free List: 0,04ms
[26,385s][debug][gc,phases         ] GC(29)     Prepare For Mutator: 0,08ms
[26,385s][debug][gc,phases         ] GC(29)     Expand Heap After Collection: 0,00ms
[26,385s][info ][gc,phases         ] GC(29)   Other: 0,41ms
[26,385s][debug][gc,remset         ] GC(29) Coarsening (recent): Inline->AoC 0 (0) AoC->Howl 0 (0) Howl->Full 0 (0) Inline->AoC 0 (0) AoC->BitMap 0 (0) BitMap->Full 0 (0) 
[26,385s][debug][gc,remset         ] GC(29) Coarsening (all): Inline->AoC 1872 (0) AoC->Howl 848 (0) Howl->Full 276 (0) Inline->AoC 5506 (0) AoC->BitMap 5344 (0) BitMap->Full 1198 (0) 
[26,385s][info ][gc,heap           ] GC(29) Eden regions: 479->0(504)
[26,385s][info ][gc,heap           ] GC(29) Survivor regions: 54->67(67)
[26,385s][info ][gc,heap           ] GC(29) Old regions: 383->331
[26,385s][info ][gc,heap           ] GC(29) Humongous regions: 0->0
[26,385s][info ][gc,metaspace      ] GC(29) Metaspace: 20717K(21056K)->20717K(21056K) NonClass: 18105K(18304K)->18105K(18304K) Class: 2611K(2752K)->2611K(2752K)
[26,385s][debug][gc,heap           ] GC(29) Heap after GC invocations=30 (full 0):
[26,385s][debug][gc,heap           ] GC(29)  garbage-first heap   total reserved 8388608K, committed 5242880K, used 1624785K [0x0000000600000000, 0x0000000800000000)
[26,385s][debug][gc,heap           ] GC(29)   region size 4096K, 67 young (274432K), 67 survivors (274432K)
[26,385s][debug][gc,heap           ] GC(29)  Metaspace       used 20717K, committed 21056K, reserved 1114112K
[26,385s][debug][gc,heap           ] GC(29)   class space    used 2611K, committed 2752K, reserved 1048576K
[26,385s][info ][gc                ] GC(29) Pause Young (Mixed) (G1 Evacuation Pause) 3659M->1586M(5120M) 49,199ms
[26,385s][info ][gc,cpu            ] GC(29) User=0,67s Sys=0,01s Real=0,05s
[26,385s][debug][gc,refine         ] Concurrent refinement: wanted 0, cards: 116, predicted: 4516, time: 1246,51ms
[26,385s][debug][gc,task           ] G1 Service Thread (Card Set Free Memory Task) (run: 1,744ms) (cpu: 0,203ms)
[26,406s][debug][gc,task,start     ] G1 Service Thread (Periodic GC Task) (run 0,871ms after schedule)
[26,406s][debug][gc,task           ] G1 Service Thread (Periodic GC Task) (run: 0,057ms) (cpu: 0,090ms)
[26,526s][debug][gc,refine         ] Concurrent refinement: wanted 0, cards: 116, predicted: 2257, time: 606,54ms
[26,625s][debug][gc,refine         ] Concurrent refinement: wanted 0, cards: 116, predicted: 2208, time: 592,93ms
[26,722s][debug][gc,refine         ] Concurrent refinement: wanted 0, cards: 628, predicted: 2694, time: 585,50ms
[26,818s][debug][gc,refine         ] Concurrent refinement: wanted 0, cards: 628, predicted: 2655, time: 574,36ms
[26,913s][debug][gc,refine         ] Concurrent refinement: wanted 0, cards: 628, predicted: 2546, time: 543,41ms
[27,007s][debug][gc,refine         ] Concurrent refinement: wanted 0, cards: 628, predicted: 2428, time: 509,99ms
[27,097s][debug][gc,refine         ] Concurrent refinement: wanted 0, cards: 628, predicted: 2314, time: 477,81ms
[27,184s][debug][gc,refine         ] Concurrent refinement: wanted 0, cards: 628, predicted: 2205, time: 446,86ms
[27,268s][debug][gc,refine         ] Concurrent refinement: wanted 0, cards: 628, predicted: 2100, time: 417,15ms
[27,349s][debug][gc,refine         ] Concurrent refinement: wanted 0, cards: 628, predicted: 2000, time: 388,68ms
[27,406s][debug][gc,task,start     ] G1 Service Thread (Periodic GC Task) (run 0,175ms after schedule)
[27,406s][debug][gc,task           ] G1 Service Thread (Periodic GC Task) (run: 0,065ms) (cpu: 0,096ms)
[27,428s][debug][gc,refine         ] Concurrent refinement: wanted 0, cards: 628, predicted: 1899, time: 360,21ms
[27,503s][debug][gc,refine         ] Concurrent refinement: wanted 0, cards: 628, predicted: 1803, time: 332,98ms
[27,575s][debug][gc,refine         ] Concurrent refinement: wanted 0, cards: 628, predicted: 1711, time: 306,99ms
[27,645s][debug][gc,refine         ] Concurrent refinement: wanted 0, cards: 628, predicted: 1624, time: 282,23ms
[27,713s][debug][gc,refine         ] Concurrent refinement: wanted 0, cards: 628, predicted: 1541, time: 258,71ms
[27,777s][debug][gc,refine         ] Concurrent refinement: wanted 0, cards: 628, predicted: 1462, time: 236,43ms
[27,838s][debug][gc,refine         ] Concurrent refinement: wanted 0, cards: 628, predicted: 1383, time: 214,15ms
[27,882s][info ][gc,start          ] GC(30) Pause Young (Normal) (G1 Evacuation Pause)
[27,882s][debug][gc,heap           ] GC(30) Heap before GC invocations=30 (full 0):
[27,882s][debug][gc,heap           ] GC(30)  garbage-first heap   total reserved 8388608K, committed 5242880K, used 3685073K [0x0000000600000000, 0x0000000800000000)
[27,882s][debug][gc,heap           ] GC(30)   region size 4096K, 571 young (2338816K), 67 survivors (274432K)
[27,882s][debug][gc,heap           ] GC(30)  Metaspace       used 20717K, committed 21056K, reserved 1114112K
[27,882s][debug][gc,heap           ] GC(30)   class space    used 2611K, committed 2752K, reserved 1048576K
[27,882s][info ][gc,task           ] GC(30) Using 15 workers of 15 for evacuation
[27,882s][debug][gc,age            ] GC(30) Desired survivor size 150994944 bytes, new threshold 1 (max threshold 15)
[27,882s][debug][gc,tlab           ] GC(30) TLAB totals: thrds: 24  refills: 1655 max: 378 slow allocs: 1114 max 87 waste:  0,6% gc: 7187816B max: 803984B slow: 5633976B max: 549224B
[27,882s][debug][gc,refine,stats   ] GC(30) Mutator refinement: 0,00ms, refined: 0, precleaned: 0, dirtied: 1824
[27,882s][debug][gc,refine,stats   ] GC(30) Concurrent refinement: 0,00ms, refined: 0, precleaned: 0, dirtied: 0
[27,882s][debug][gc,refine,stats   ] GC(30) Total refinement: 0,00ms, refined: 0, precleaned: 0, dirtied: 1824
[27,882s][debug][gc,refine,stats   ] GC(30) Generate dirty cards rate: 1,22 cards/ms
[27,882s][debug][gc,alloc,region   ] GC(30) Mutator Allocation stats, regions: 504, wasted size: 416B ( 0,0%)
[27,882s][debug][gc,ergo,cset      ] GC(30) No candidates to reclaim.
[27,882s][debug][gc,ergo           ] GC(30) Running G1 Merge Heap Roots using 15 workers for 571 regions
[27,883s][debug][gc,remset         ] GC(30) Visited cards 61824 Total dirty 466944 (13,24%) Total old 12066816 (0,51%)
[27,965s][debug][gc,ref            ] GC(30) ReferenceProcessor::execute queues: 3, RefProcThreadModel::Multi, marks_oops_alive: false
[27,965s][debug][gc,ref            ] GC(30) ReferenceProcessor::execute queues: 15, RefProcThreadModel::Multi, marks_oops_alive: true
[27,965s][debug][gc,ref            ] GC(30) ReferenceProcessor::execute queues: 1, RefProcThreadModel::Single, marks_oops_alive: false
[27,967s][debug][gc,ergo           ] GC(30) Initializing removing self forwards with 128 chunks per region
[27,968s][debug][gc,ergo           ] GC(30) Running G1 Rebuild Free List Task using 15 workers for rebuilding free list of regions
[27,968s][debug][gc,plab           ] GC(30) Young PLAB allocation: allocated: 301989888B, wasted: 38648B, unused: 1858272B, used: 300092968B, undo waste: 0B, 
[27,968s][debug][gc,plab           ] GC(30) Young other allocation: region end waste: 0B, regions filled: 72, num plab filled: 158, direct allocated: 0B, num direct allocated: 0, failure used: 0B, failure wasted: 0B
[27,968s][debug][gc,plab           ] GC(30) Young sizing: calculated: 60018592B, actual: 57778664B
[27,968s][debug][gc,plab           ] GC(30) Old PLAB allocation: allocated: 484786064B, wasted: 70456B, unused: 17310600B, used: 467405008B, undo waste: 0B, 
[27,968s][debug][gc,plab           ] GC(30) Old other allocation: region end waste: 0B, regions filled: 116, num plab filled: 287, direct allocated: 0B, num direct allocated: 0, failure used: 400656B, failure wasted: 7987952B
[27,968s][debug][gc,plab           ] GC(30) Old sizing: calculated: 93481000B, actual: 76537048B
[27,968s][debug][gc,ergo,heap      ] GC(30) Heap expansion: short term pause time ratio 2,33% long term pause time ratio 4,13% threshold 7,69% pause time ratio 7,69% fully expanded false resize by 0B
[27,968s][debug][gc,task,start     ] G1 Service Thread (Card Set Free Memory Task) (run 0,017ms after schedule)
[27,968s][debug][gc,mmu            ] GC(30) MMU: 86,0ms (200,0ms/201,0ms)
[27,968s][debug][gc,alloc,stats    ] Old generation allocation in the last mutator period, old gen allocated: 493174672B, humongous allocated: 0B, old gen growth: 493174672B.
[27,968s][debug][gc,ihop           ] GC(30) Basic information (value update), threshold: 2415919104B (45,00), target occupancy: 5368709120B, current occupancy: 2177926704B, recent allocation size: 493174672B, recent allocation duration: 1498,39ms, recent old gen allocation rate: 329135435,28B/s, recent marking phase length: 4181,82ms
[27,968s][debug][gc,ihop           ] GC(30) Adaptive IHOP information (value update), threshold: 2415919104B (47,37), internal target occupancy: 5100273664B, occupancy: 2177926704B, additional buffer size: 2055208960B, predicted old gen allocation rate: 798049915,89B/s, predicted marking phase length: 3663,03ms, prediction active: false
[27,968s][debug][gc,ergo,refine    ] GC(30) GC refinement: goal: 698853 + 1165 / 20,00ms, actual: 1940 / 0,15ms, 
[27,968s][debug][gc,ergo,refine    ] GC(30) Unchanged pending cards target: 698853
[27,968s][info ][gc,phases         ] GC(30)   Pre Evacuate Collection Set: 0,30ms
[27,968s][debug][gc,phases         ] GC(30)     Pre Evacuate Prepare: 0,08ms
[27,968s][debug][gc,phases         ] GC(30)       JT Retire TLABs And Flush Logs (ms): Min: 0,00, Avg: 0,02, Max: 0,03, Diff: 0,03, Sum: 0,03, Workers: 2
[27,968s][debug][gc,phases         ] GC(30)       Non-JT Flush Logs (ms):        Min: 0,01, Avg: 0,01, Max: 0,01, Diff: 0,00, Sum: 0,01, Workers: 1
[27,968s][debug][gc,phases         ] GC(30)     Choose Collection Set: 0,02ms
[27,968s][debug][gc,phases         ] GC(30)     Region Register: 0,20ms
[27,968s][debug][gc,phases         ] GC(30)     Prepare Heap Roots: 0,00ms
[27,968s][info ][gc,phases         ] GC(30)   Merge Heap Roots: 0,41ms
[27,968s][debug][gc,phases         ] GC(30)     Prepare Merge Heap Roots: 0,02ms
[27,968s][debug][gc,phases         ] GC(30)     Remembered Sets (ms):          Min: 0,02, Avg: 0,09, Max: 0,12, Diff: 0,10, Sum: 1,35, Workers: 15
[27,968s][debug][gc,phases         ] GC(30)       Eager Reclaim (ms):            skipped
[27,968s][debug][gc,phases         ] GC(30)       Merged Inline                  Min: 0, Avg:  0,0, Max: 0, Diff: 0, Sum: 0, Workers: 15
[27,968s][debug][gc,phases         ] GC(30)       Merged ArrayOfCards            Min: 0, Avg:  0,0, Max: 0, Diff: 0, Sum: 0, Workers: 15
[27,968s][debug][gc,phases         ] GC(30)       Merged Howl                    Min: 0, Avg:  0,0, Max: 0, Diff: 0, Sum: 0, Workers: 15
[27,968s][debug][gc,phases         ] GC(30)       Merged Full                    Min: 0, Avg:  0,0, Max: 0, Diff: 0, Sum: 0, Workers: 15
[27,968s][debug][gc,phases         ] GC(30)       Merged Howl Inline             Min: 0, Avg:  0,0, Max: 0, Diff: 0, Sum: 0, Workers: 15
[27,968s][debug][gc,phases         ] GC(30)       Merged Howl ArrayOfCards       Min: 0, Avg:  0,0, Max: 0, Diff: 0, Sum: 0, Workers: 15
[27,968s][debug][gc,phases         ] GC(30)       Merged Howl BitMap             Min: 0, Avg:  0,0, Max: 0, Diff: 0, Sum: 0, Workers: 15
[27,968s][debug][gc,phases         ] GC(30)       Merged Howl Full               Min: 0, Avg:  0,0, Max: 0, Diff: 0, Sum: 0, Workers: 15
[27,968s][debug][gc,phases         ] GC(30)       Merged Cards                   Min: 8, Avg:  8,0, Max: 8, Diff: 0, Sum: 120, Workers: 15
[27,968s][debug][gc,phases         ] GC(30)     Log Buffers (ms):              Min: 0,00, Avg: 0,01, Max: 0,03, Diff: 0,03, Sum: 0,11, Workers: 15
[27,968s][debug][gc,phases         ] GC(30)       Dirty Cards:                   Min: 0, Avg: 129,3, Max: 512, Diff: 512, Sum: 1940, Workers: 15
[27,968s][debug][gc,phases         ] GC(30)       Skipped Cards:                 Min: 0, Avg:  0,0, Max: 0, Diff: 0, Sum: 0, Workers: 15
[27,968s][info ][gc,phases         ] GC(30)   Evacuate Collection Set: 81,60ms
[27,968s][debug][gc,phases         ] GC(30)     Ext Root Scanning (ms):        Min: 0,00, Avg: 0,05, Max: 0,16, Diff: 0,15, Sum: 0,74, Workers: 15
[27,968s][debug][gc,phases         ] GC(30)     Scan Heap Roots (ms):          Min: 0,00, Avg: 0,14, Max: 0,25, Diff: 0,25, Sum: 2,17, Workers: 15
[27,968s][debug][gc,phases         ] GC(30)       Scanned Cards:                 Min: 0, Avg: 129,1, Max: 226, Diff: 226, Sum: 1937, Workers: 15
[27,968s][debug][gc,phases         ] GC(30)       Scanned Blocks:                Min: 0, Avg: 94,3, Max: 165, Diff: 165, Sum: 1415, Workers: 15
[27,968s][debug][gc,phases         ] GC(30)       Claimed Chunks:                Min: 0, Avg: 64,4, Max: 122, Diff: 122, Sum: 966, Workers: 15
[27,968s][debug][gc,phases         ] GC(30)       Found Roots:                   Min: 0, Avg: 204,2, Max: 383, Diff: 383, Sum: 3063, Workers: 15
[27,968s][debug][gc,phases         ] GC(30)     Code Root Scan (ms):           Min: 0,03, Avg: 0,04, Max: 0,09, Diff: 0,05, Sum: 0,56, Workers: 15
[27,968s][debug][gc,phases         ] GC(30)       Scanned Nmethods               Min: 0, Avg:  0,1, Max: 1, Diff: 1, Sum: 1, Workers: 15
[27,968s][debug][gc,phases         ] GC(30)     Object Copy (ms):              Min: 68,31, Avg: 80,34, Max: 81,30, Diff: 12,99, Sum: 1205,03, Workers: 15
[27,968s][debug][gc,phases         ] GC(30)     Termination (ms):              Min: 0,04, Avg: 0,05, Max: 0,07, Diff: 0,03, Sum: 0,76, Workers: 15
[27,968s][debug][gc,phases         ] GC(30)       Termination Attempts:          Min: 1, Avg:  1,0, Max: 1, Diff: 0, Sum: 15, Workers: 15
[27,968s][debug][gc,phases         ] GC(30)     GC Worker Other (ms):          Min: 0,04, Avg: 0,05, Max: 0,06, Diff: 0,03, Sum: 0,69, Workers: 15
[27,968s][debug][gc,phases         ] GC(30)     GC Worker Total (ms):          Min: 68,48, Avg: 80,66, Max: 81,58, Diff: 13,10, Sum: 1209,95, Workers: 15
[27,968s][info ][gc,phases         ] GC(30)   Post Evacuate Collection Set: 3,52ms
[27,968s][debug][gc,phases         ] GC(30)     NMethod List Cleanup: 0,02ms
[27,968s][debug][gc,phases         ] GC(30)     Reference Processing: 0,72ms
[27,968s][debug][gc,phases,ref     ] GC(30)       Notify Soft/WeakReferences: 0,4ms
[27,969s][debug][gc,phases,ref     ] GC(30)         Balance queues: 0,0ms
[27,969s][debug][gc,phases,ref     ] GC(30)         SoftRef (ms):                  Min: 0,00, Avg: 0,00, Max: 0,00, Diff: 0,00, Sum: 0,00, Workers: 3
[27,969s][debug][gc,phases,ref     ] GC(30)         WeakRef (ms):                  Min: 0,00, Avg: 0,00, Max: 0,00, Diff: 0,00, Sum: 0,00, Workers: 3
[27,969s][debug][gc,phases,ref     ] GC(30)         FinalRef (ms):                 Min: 0,08, Avg: 0,13, Max: 0,15, Diff: 0,08, Sum: 0,38, Workers: 3
[27,969s][debug][gc,phases,ref     ] GC(30)         Total (ms):                    Min: 0,16, Avg: 0,20, Max: 0,24, Diff: 0,08, Sum: 0,60, Workers: 3
[27,969s][debug][gc,phases,ref     ] GC(30)       Notify and keep alive finalizable: 0,3ms
[27,969s][debug][gc,phases,ref     ] GC(30)         Balance queues: 0,0ms
[27,969s][debug][gc,phases,ref     ] GC(30)         FinalRef (ms):                 Min: 0,10, Avg: 0,18, Max: 0,24, Diff: 0,14, Sum: 2,67, Workers: 15
[27,969s][debug][gc,phases,ref     ] GC(30)       Notify PhantomReferences: 0,0ms
[27,969s][debug][gc,phases,ref     ] GC(30)         PhantomRef (ms):               Min: 0,00, Avg: 0,00, Max: 0,00, Diff: 0,00, Sum: 0,00, Workers: 1
[27,969s][debug][gc,phases,ref     ] GC(30)       SoftReference Discovered: 0, Dropped: 0, Processed: 0
[27,969s][debug][gc,phases,ref     ] GC(30)       WeakReference Discovered: 0, Dropped: 0, Processed: 0
[27,969s][debug][gc,phases,ref     ] GC(30)       FinalReference Discovered: 2818, Dropped: 3, Processed: 2815
[27,969s][debug][gc,phases,ref     ] GC(30)       PhantomReference Discovered: 42, Dropped: 3, Processed: 39
[27,969s][debug][gc,phases         ] GC(30)     Weak Processing: 2,21ms
[27,969s][debug][gc,phases         ] GC(30)       VM Weak                        Min: 0,00, Avg: 0,00, Max: 0,00, Diff: 0,00, Sum: 0,01, Workers: 15
[27,969s][debug][gc,phases         ] GC(30)         Dead                           Min: 0, Avg:  0,0, Max: 0, Diff: 0, Sum: 0, Workers: 15
[27,969s][debug][gc,phases         ] GC(30)         Total                          Min: 0, Avg: 11,0, Max: 165, Diff: 165, Sum: 165, Workers: 15
[27,969s][debug][gc,phases         ] GC(30)       ObjectSynchronizer Weak        Min: 0,00, Avg: 0,00, Max: 0,00, Diff: 0,00, Sum: 0,00, Workers: 15
[27,969s][debug][gc,phases         ] GC(30)         Dead                           Min: 0, Avg:  0,0, Max: 0, Diff: 0, Sum: 0, Workers: 15
[27,969s][debug][gc,phases         ] GC(30)         Total                          Min: 0, Avg:  2,2, Max: 33, Diff: 33, Sum: 33, Workers: 15
[27,969s][debug][gc,phases         ] GC(30)       JVMTI Tag Weak OopStorage      Min: 0,00, Avg: 0,00, Max: 0,00, Diff: 0,00, Sum: 0,00, Workers: 15
[27,969s][debug][gc,phases         ] GC(30)         Dead                           Min: 0, Avg:  0,0, Max: 0, Diff: 0, Sum: 0, Workers: 15
[27,969s][debug][gc,phases         ] GC(30)         Total                          Min: 0, Avg:  0,0, Max: 0, Diff: 0, Sum: 0, Workers: 15
[27,969s][debug][gc,phases         ] GC(30)       StringTable Weak               Min: 0,00, Avg: 0,01, Max: 0,02, Diff: 0,02, Sum: 0,12, Workers: 15
[27,969s][debug][gc,phases         ] GC(30)         Dead                           Min: 0, Avg:  0,0, Max: 0, Diff: 0, Sum: 0, Workers: 15
[27,969s][debug][gc,phases         ] GC(30)         Total                          Min: 0, Avg: 565,0, Max: 1408, Diff: 1408, Sum: 8475, Workers: 15
[27,969s][debug][gc,phases         ] GC(30)       ResolvedMethodTable Weak       Min: 0,00, Avg: 0,00, Max: 0,01, Diff: 0,00, Sum: 0,03, Workers: 15
[27,969s][debug][gc,phases         ] GC(30)         Dead                           Min: 0, Avg:  0,0, Max: 0, Diff: 0, Sum: 0, Workers: 15
[27,969s][debug][gc,phases         ] GC(30)         Total                          Min: 0, Avg: 113,1, Max: 256, Diff: 256, Sum: 1697, Workers: 15
[27,969s][debug][gc,phases         ] GC(30)       JNI Weak                       Min: 0,00, Avg: 0,00, Max: 0,00, Diff: 0,00, Sum: 0,01, Workers: 15
[27,969s][debug][gc,phases         ] GC(30)         Dead                           Min: 0, Avg:  0,0, Max: 0, Diff: 0, Sum: 0, Workers: 15
[27,969s][debug][gc,phases         ] GC(30)         Total                          Min: 0, Avg:  0,0, Max: 0, Diff: 0, Sum: 0, Workers: 15
[27,969s][debug][gc,phases         ] GC(30)       StringDedup Table Weak         Min: 0,00, Avg: 0,15, Max: 2,15, Diff: 2,15, Sum: 2,31, Workers: 15
[27,969s][debug][gc,phases         ] GC(30)         Dead                           Min: 0, Avg:  0,0, Max: 0, Diff: 0, Sum: 0, Workers: 15
[27,969s][debug][gc,phases         ] GC(30)         Total                          Min: 0, Avg: 874,2, Max: 2176, Diff: 2176, Sum: 13113, Workers: 15
[27,969s][debug][gc,phases         ] GC(30)       StringDedup Requests0 Weak     Min: 0,00, Avg: 0,00, Max: 0,00, Diff: 0,00, Sum: 0,00, Workers: 15
[27,969s][debug][gc,phases         ] GC(30)         Dead                           Min: 0, Avg:  0,0, Max: 0, Diff: 0, Sum: 0, Workers: 15
[27,969s][debug][gc,phases         ] GC(30)         Total                          Min: 0, Avg:  0,0, Max: 0, Diff: 0, Sum: 0, Workers: 15
[27,969s][debug][gc,phases         ] GC(30)       StringDedup Requests1 Weak     Min: 0,00, Avg: 0,00, Max: 0,01, Diff: 0,01, Sum: 0,02, Workers: 15
[27,969s][debug][gc,phases         ] GC(30)         Dead                           Min: 0, Avg:  0,0, Max: 0, Diff: 0, Sum: 0, Workers: 15
[27,969s][debug][gc,phases         ] GC(30)         Total                          Min: 0, Avg: 17,1, Max: 64, Diff: 64, Sum: 256, Workers: 15
[27,969s][debug][gc,phases         ] GC(30)       Weak JFR Old Object Samples    Min: 0,00, Avg: 0,00, Max: 0,00, Diff: 0,00, Sum: 0,00, Workers: 15
[27,969s][debug][gc,phases         ] GC(30)         Dead                           Min: 0, Avg:  0,0, Max: 0, Diff: 0, Sum: 0, Workers: 15
[27,969s][debug][gc,phases         ] GC(30)         Total                          Min: 0, Avg:  0,0, Max: 0, Diff: 0, Sum: 0, Workers: 15
[27,969s][debug][gc,phases         ] GC(30)     Post Evacuate Cleanup 1: 0,28ms
[27,969s][debug][gc,phases         ] GC(30)       Merge Per-Thread State (ms):   Min: 0,07, Avg: 0,07, Max: 0,07, Diff: 0,00, Sum: 0,07, Workers: 1
[27,969s][debug][gc,phases         ] GC(30)         Copied Bytes                   Min: 27321056, Avg: 51166531,7, Max: 63033328, Diff: 35712272, Sum: 767497976, Workers: 15
[27,969s][debug][gc,phases         ] GC(30)         LAB Waste                      Min: 944, Avg: 7273,6, Max: 14016, Diff: 13072, Sum: 109104, Workers: 15
[27,969s][debug][gc,phases         ] GC(30)         LAB Undo Waste                 Min: 0, Avg:  0,0, Max: 0, Diff: 0, Sum: 0, Workers: 15
[27,969s][debug][gc,phases         ] GC(30)         Evac Fail Extra Cards          Min: 0, Avg:  0,1, Max: 1, Diff: 1, Sum: 2, Workers: 15
[27,969s][debug][gc,phases         ] GC(30)       Clear Logged Cards (ms):       Min: 0,00, Avg: 0,05, Max: 0,16, Diff: 0,16, Sum: 0,68, Workers: 15
[27,969s][debug][gc,phases         ] GC(30)       Recalculate Used Memory (ms):  Min: 0,03, Avg: 0,03, Max: 0,03, Diff: 0,00, Sum: 0,03, Workers: 1
[27,969s][debug][gc,phases         ] GC(30)       Restore Evacuation Failed Regions (ms): Min: 0,00, Avg: 0,02, Max: 0,08, Diff: 0,08, Sum: 0,30, Workers: 15
[27,969s][debug][gc,phases         ] GC(30)         Evacuation Failed Regions:     Min: 1, Avg:  1,0, Max: 1, Diff: 0, Sum: 2, Workers: 2
[27,969s][debug][gc,phases         ] GC(30)         Pinned Regions:                Min: 1, Avg:  1,0, Max: 1, Diff: 0, Sum: 2, Workers: 2
[27,969s][debug][gc,phases         ] GC(30)         Allocation Failed Regions:     skipped
[27,969s][debug][gc,phases         ] GC(30)         Remove Self Forwards (ms):     Min: 0,04, Avg: 0,06, Max: 0,06, Diff: 0,02, Sum: 0,23, Workers: 4
[27,969s][debug][gc,phases         ] GC(30)           Forward Chunks:                Min: 3, Avg:  5,2, Max: 7, Diff: 4, Sum: 21, Workers: 4
[27,969s][debug][gc,phases         ] GC(30)           Empty Forward Chunks:          Min: 34, Avg: 58,8, Max: 76, Diff: 42, Sum: 235, Workers: 4
[27,969s][debug][gc,phases         ] GC(30)           Forward Objects:               Min: 4, Avg:  5,5, Max: 7, Diff: 3, Sum: 22, Workers: 4
[27,969s][debug][gc,phases         ] GC(30)           Forward Bytes:                 Min: 18216, Avg: 100164,0, Max: 246112, Diff: 227896, Sum: 400656, Workers: 4
[27,969s][debug][gc,phases         ] GC(30)     Post Evacuate Cleanup 2: 0,18ms
[27,969s][debug][gc,phases         ] GC(30)       Recalculate Used Memory (ms):  Min: 0,03, Avg: 0,03, Max: 0,03, Diff: 0,00, Sum: 0,03, Workers: 1
[27,969s][debug][gc,phases         ] GC(30)       Restore Preserved Marks (ms):  Min: 0,00, Avg: 0,00, Max: 0,00, Diff: 0,00, Sum: 0,01, Workers: 15
[27,969s][debug][gc,phases         ] GC(30)       Process Evacuation Failed Regions (ms): Min: 0,00, Avg: 0,00, Max: 0,01, Diff: 0,01, Sum: 0,02, Workers: 15
[27,969s][debug][gc,phases         ] GC(30)       Update Derived Pointers (ms):  Min: 0,00, Avg: 0,00, Max: 0,00, Diff: 0,00, Sum: 0,00, Workers: 1
[27,969s][debug][gc,phases         ] GC(30)       Eagerly Reclaim Humongous Objects (ms): skipped
[27,969s][debug][gc,phases         ] GC(30)         Humongous Total                skipped
[27,969s][debug][gc,phases         ] GC(30)         Humongous Candidates           skipped
[27,969s][debug][gc,phases         ] GC(30)         Humongous Reclaimed            skipped
[27,969s][debug][gc,phases         ] GC(30)       Sample CSet Candidates (ms):   skipped
[27,969s][debug][gc,phases         ] GC(30)       Redirty Logged Cards (ms):     Min: 0,00, Avg: 0,00, Max: 0,01, Diff: 0,01, Sum: 0,05, Workers: 15
[27,969s][debug][gc,phases         ] GC(30)         Redirtied Cards:               Min: 0, Avg: 136,8, Max: 517, Diff: 517, Sum: 2052, Workers: 15
[27,969s][debug][gc,phases         ] GC(30)       Resize TLABs (ms):             Min: 0,00, Avg: 0,00, Max: 0,01, Diff: 0,00, Sum: 0,01, Workers: 15
[27,969s][debug][gc,phases         ] GC(30)       Free Collection Set (ms):      Min: 0,01, Avg: 0,09, Max: 0,13, Diff: 0,12, Sum: 1,38, Workers: 15
[27,969s][debug][gc,phases         ] GC(30)     Rebuild Free List: 0,04ms
[27,969s][debug][gc,phases         ] GC(30)     Prepare For Mutator: 0,08ms
[27,969s][debug][gc,phases         ] GC(30)     Expand Heap After Collection: 0,00ms
[27,969s][info ][gc,phases         ] GC(30)   Other: 0,28ms
[27,969s][debug][gc,remset         ] GC(30) Coarsening (recent): Inline->AoC 0 (0) AoC->Howl 0 (0) Howl->Full 0 (0) Inline->AoC 0 (0) AoC->BitMap 0 (0) BitMap->Full 0 (0) 
[27,969s][debug][gc,remset         ] GC(30) Coarsening (all): Inline->AoC 1872 (0) AoC->Howl 848 (0) Howl->Full 276 (0) Inline->AoC 5506 (0) AoC->BitMap 5344 (0) BitMap->Full 1198 (0) 
[27,969s][info ][gc,heap           ] GC(30) Eden regions: 504->0(418)
[27,969s][info ][gc,heap           ] GC(30) Survivor regions: 67->72(72)
[27,969s][info ][gc,heap           ] GC(30) Old regions: 331->448
[27,969s][info ][gc,heap           ] GC(30) Humongous regions: 0->0
[27,969s][info ][gc,metaspace      ] GC(30) Metaspace: 20717K(21056K)->20717K(21056K) NonClass: 18105K(18304K)->18105K(18304K) Class: 2611K(2752K)->2611K(2752K)
[27,969s][debug][gc,heap           ] GC(30) Heap after GC invocations=31 (full 0):
[27,969s][debug][gc,heap           ] GC(30)  garbage-first heap   total reserved 8388608K, committed 5242880K, used 2126881K [0x0000000600000000, 0x0000000800000000)
[27,969s][debug][gc,heap           ] GC(30)   region size 4096K, 72 young (294912K), 72 survivors (294912K)
[27,969s][debug][gc,heap           ] GC(30)  Metaspace       used 20717K, committed 21056K, reserved 1114112K
[27,969s][debug][gc,heap           ] GC(30)   class space    used 2611K, committed 2752K, reserved 1048576K
[27,969s][info ][gc                ] GC(30) Pause Young (Normal) (G1 Evacuation Pause) (Evacuation Failure: Pinned) 3602M->2077M(5120M) 87,575ms
[27,969s][info ][gc,cpu            ] GC(30) User=1,15s Sys=0,01s Real=0,09s
[27,970s][debug][gc,refine         ] Concurrent refinement: wanted 0, cards: 2052, predicted: 5278, time: 1055,17ms
[27,970s][debug][gc,task           ] G1 Service Thread (Card Set Free Memory Task) (run: 1,685ms) (cpu: 0,092ms)
[28,099s][debug][gc,refine         ] Concurrent refinement: wanted 0, cards: 2052, predicted: 4006, time: 639,41ms
[28,200s][debug][gc,refine         ] Concurrent refinement: wanted 0, cards: 2052, predicted: 3975, time: 629,28ms
[28,300s][debug][gc,refine         ] Concurrent refinement: wanted 0, cards: 2821, predicted: 4717, time: 620,42ms
[28,399s][debug][gc,refine         ] Concurrent refinement: wanted 0, cards: 2821, predicted: 4632, time: 592,57ms
[28,407s][debug][gc,task,start     ] G1 Service Thread (Periodic GC Task) (run 1,035ms after schedule)
[28,407s][debug][gc,task           ] G1 Service Thread (Periodic GC Task) (run: 0,073ms) (cpu: 0,101ms)
[28,497s][debug][gc,refine         ] Concurrent refinement: wanted 0, cards: 2821, predicted: 4524, time: 557,11ms
[28,591s][debug][gc,refine         ] Concurrent refinement: wanted 0, cards: 2821, predicted: 4419, time: 522,93ms
[28,682s][debug][gc,refine         ] Concurrent refinement: wanted 0, cards: 2821, predicted: 4319, time: 490,01ms
[28,771s][debug][gc,refine         ] Concurrent refinement: wanted 0, cards: 2821, predicted: 4218, time: 457,09ms
[28,856s][debug][gc,refine         ] Concurrent refinement: wanted 0, cards: 2821, predicted: 4125, time: 426,70ms
[28,938s][debug][gc,refine         ] Concurrent refinement: wanted 0, cards: 2821, predicted: 4036, time: 397,58ms
[29,017s][debug][gc,refine         ] Concurrent refinement: wanted 0, cards: 2821, predicted: 3947, time: 368,45ms
[29,094s][debug][gc,refine         ] Concurrent refinement: wanted 0, cards: 2821, predicted: 3862, time: 340,60ms
[29,167s][debug][gc,refine         ] Concurrent refinement: wanted 0, cards: 2821, predicted: 3781, time: 314,01ms
[29,237s][debug][gc,refine         ] Concurrent refinement: wanted 0, cards: 2821, predicted: 3703, time: 288,69ms
[29,304s][debug][gc,refine         ] Concurrent refinement: wanted 0, cards: 2821, predicted: 3626, time: 263,36ms
[29,369s][debug][gc,refine         ] Concurrent refinement: wanted 0, cards: 2821, predicted: 3556, time: 240,57ms
[29,406s][info ][gc,start          ] GC(31) Pause Young (Normal) (G1 Evacuation Pause)
[29,407s][debug][gc,heap           ] GC(31) Heap before GC invocations=31 (full 0):
[29,407s][debug][gc,heap           ] GC(31)  garbage-first heap   total reserved 8388608K, committed 5242880K, used 3834913K [0x0000000600000000, 0x0000000800000000)
[29,407s][debug][gc,heap           ] GC(31)   region size 4096K, 490 young (2007040K), 72 survivors (294912K)
[29,407s][debug][gc,heap           ] GC(31)  Metaspace       used 20717K, committed 21056K, reserved 1114112K
[29,407s][debug][gc,heap           ] GC(31)   class space    used 2611K, committed 2752K, reserved 1048576K
[29,407s][info ][gc,task           ] GC(31) Using 15 workers of 15 for evacuation
[29,407s][debug][gc,age            ] GC(31) Desired survivor size 130023424 bytes, new threshold 1 (max threshold 15)
[29,407s][debug][gc,tlab           ] GC(31) TLAB totals: thrds: 22  refills: 1283 max: 358 slow allocs: 861 max 139 waste:  0,9% gc: 8812816B max: 1109520B slow: 5887360B max: 611392B
[29,407s][debug][gc,refine,stats   ] GC(31) Mutator refinement: 0,00ms, refined: 0, precleaned: 0, dirtied: 1911
[29,407s][debug][gc,refine,stats   ] GC(31) Concurrent refinement: 0,00ms, refined: 0, precleaned: 0, dirtied: 0
[29,407s][debug][gc,refine,stats   ] GC(31) Total refinement: 0,00ms, refined: 0, precleaned: 0, dirtied: 1911
[29,407s][debug][gc,refine,stats   ] GC(31) Generate dirty cards rate: 1,33 cards/ms
[29,407s][debug][gc,alloc,region   ] GC(31) Mutator Allocation stats, regions: 418, wasted size: 246K ( 0,0%)
[29,407s][debug][gc,ergo,cset      ] GC(31) Do not add marking candidates to collection set due to pause type.
[29,407s][debug][gc,ergo,cset      ] GC(31) Start adding retained candidates to collection set. Min 1 regions, available 2, time remaining 40,00ms, optional remaining 40,00ms
[29,407s][debug][gc,ergo,cset      ] GC(31) Retained candidates exhausted.
[29,407s][debug][gc,ergo,cset      ] GC(31) Finish adding retained candidates to collection set. Initial: 2, optional: 0, pinned: 0, predicted initial time: 0,13ms, predicted optional time: 0,00ms, time remaining: 39,87ms optional time remaining 39,87ms
[29,407s][debug][gc,task,start     ] G1 Service Thread (Periodic GC Task) (run 0,085ms after schedule)
[29,407s][debug][gc,task           ] G1 Service Thread (Periodic GC Task) (run: 0,063ms) (cpu: 0,073ms)
[29,407s][debug][gc,ergo           ] GC(31) Running G1 Merge Heap Roots using 15 workers for 492 regions
[29,408s][debug][gc,remset         ] GC(31) Visited cards 161216 Total dirty 1318912 (12,22%) Total old 11714560 (1,38%)
[29,485s][debug][gc,ref            ] GC(31) ReferenceProcessor::execute queues: 3, RefProcThreadModel::Multi, marks_oops_alive: false
[29,485s][debug][gc,ref            ] GC(31) ReferenceProcessor::execute queues: 15, RefProcThreadModel::Multi, marks_oops_alive: true
[29,486s][debug][gc,ref            ] GC(31) ReferenceProcessor::execute queues: 1, RefProcThreadModel::Single, marks_oops_alive: false
[29,486s][debug][gc,ergo           ] GC(31) Running G1 Rebuild Free List Task using 15 workers for rebuilding free list of regions
[29,486s][debug][gc,plab           ] GC(31) Young PLAB allocation: allocated: 260046848B, wasted: 40112B, unused: 1941240B, used: 258065496B, undo waste: 0B, 
[29,486s][debug][gc,plab           ] GC(31) Young other allocation: region end waste: 0B, regions filled: 62, num plab filled: 138, direct allocated: 0B, num direct allocated: 0, failure used: 0B, failure wasted: 0B
[29,486s][debug][gc,plab           ] GC(31) Young sizing: calculated: 51613096B, actual: 53154488B
[29,486s][debug][gc,plab           ] GC(31) Old PLAB allocation: allocated: 515899392B, wasted: 53968B, unused: 15705288B, used: 500140136B, undo waste: 0B, 
[29,486s][debug][gc,plab           ] GC(31) Old other allocation: region end waste: 0B, regions filled: 123, num plab filled: 246, direct allocated: 0B, num direct allocated: 0, failure used: 0B, failure wasted: 0B
[29,486s][debug][gc,plab           ] GC(31) Old sizing: calculated: 100028024B, actual: 94155288B
[29,486s][debug][gc,task,start     ] G1 Service Thread (Card Set Free Memory Task) (run 0,008ms after schedule)
[29,486s][debug][gc,ergo,heap      ] GC(31) Heap expansion: short term pause time ratio 5,43% long term pause time ratio 4,03% threshold 7,69% pause time ratio 7,69% fully expanded false resize by 0B
[29,486s][debug][gc,mmu            ] GC(31) MMU: 79,5ms (200,0ms/201,0ms)
[29,486s][debug][gc,alloc,stats    ] Old generation allocation in the last mutator period, old gen allocated: 515899392B, humongous allocated: 0B, old gen growth: 515899392B.
[29,486s][debug][gc,ihop           ] GC(31) Basic information (value update), threshold: 2415919104B (45,00), target occupancy: 5368709120B, current occupancy: 2643494448B, recent allocation size: 515899392B, recent allocation duration: 1438,71ms, recent old gen allocation rate: 358585341,34B/s, recent marking phase length: 4181,82ms
[29,486s][debug][gc,ihop           ] GC(31) Adaptive IHOP information (value update), threshold: 2415919104B (47,37), internal target occupancy: 5100273664B, occupancy: 2643494448B, additional buffer size: 1639972864B, predicted old gen allocation rate: 786712893,12B/s, predicted marking phase length: 3663,03ms, prediction active: false
[29,486s][debug][gc,ergo,refine    ] GC(31) GC refinement: goal: 698853 + 1216 / 20,00ms, actual: 3963 / 0,39ms, 
[29,486s][debug][gc,ergo,refine    ] GC(31) New pending cards target: 449784
[29,486s][info ][gc,phases         ] GC(31)   Pre Evacuate Collection Set: 0,30ms
[29,486s][debug][gc,phases         ] GC(31)     Pre Evacuate Prepare: 0,08ms
[29,486s][debug][gc,phases         ] GC(31)       JT Retire TLABs And Flush Logs (ms): Min: 0,00, Avg: 0,01, Max: 0,03, Diff: 0,03, Sum: 0,03, Workers: 2
[29,486s][debug][gc,phases         ] GC(31)       Non-JT Flush Logs (ms):        Min: 0,01, Avg: 0,01, Max: 0,01, Diff: 0,00, Sum: 0,01, Workers: 1
[29,486s][debug][gc,phases         ] GC(31)     Choose Collection Set: 0,08ms
[29,486s][debug][gc,phases         ] GC(31)     Region Register: 0,14ms
[29,486s][debug][gc,phases         ] GC(31)     Prepare Heap Roots: 0,00ms
[29,486s][info ][gc,phases         ] GC(31)   Merge Heap Roots: 0,58ms
[29,486s][debug][gc,phases         ] GC(31)     Prepare Merge Heap Roots: 0,03ms
[29,486s][debug][gc,phases         ] GC(31)     Remembered Sets (ms):          Min: 0,06, Avg: 0,09, Max: 0,11, Diff: 0,05, Sum: 1,37, Workers: 15
[29,486s][debug][gc,phases         ] GC(31)       Eager Reclaim (ms):            skipped
[29,486s][debug][gc,phases         ] GC(31)       Merged Inline                  Min: 0, Avg:  0,0, Max: 0, Diff: 0, Sum: 0, Workers: 15
[29,486s][debug][gc,phases         ] GC(31)       Merged ArrayOfCards            Min: 0, Avg:  0,0, Max: 0, Diff: 0, Sum: 0, Workers: 15
[29,486s][debug][gc,phases         ] GC(31)       Merged Howl                    Min: 0, Avg:  0,0, Max: 0, Diff: 0, Sum: 0, Workers: 15
[29,486s][debug][gc,phases         ] GC(31)       Merged Full                    Min: 0, Avg:  0,0, Max: 0, Diff: 0, Sum: 0, Workers: 15
[29,486s][debug][gc,phases         ] GC(31)       Merged Howl Inline             Min: 0, Avg:  0,0, Max: 0, Diff: 0, Sum: 0, Workers: 15
[29,486s][debug][gc,phases         ] GC(31)       Merged Howl ArrayOfCards       Min: 0, Avg:  0,0, Max: 0, Diff: 0, Sum: 0, Workers: 15
[29,486s][debug][gc,phases         ] GC(31)       Merged Howl BitMap             Min: 0, Avg:  0,0, Max: 0, Diff: 0, Sum: 0, Workers: 15
[29,486s][debug][gc,phases         ] GC(31)       Merged Howl Full               Min: 0, Avg:  0,0, Max: 0, Diff: 0, Sum: 0, Workers: 15
[29,486s][debug][gc,phases         ] GC(31)       Merged Cards                   Min: 8, Avg:  8,0, Max: 8, Diff: 0, Sum: 120, Workers: 15
[29,487s][debug][gc,phases         ] GC(31)     Log Buffers (ms):              Min: 0,01, Avg: 0,03, Max: 0,05, Diff: 0,05, Sum: 0,46, Workers: 15
[29,487s][debug][gc,phases         ] GC(31)       Dirty Cards:                   Min: 44, Avg: 264,2, Max: 589, Diff: 545, Sum: 3963, Workers: 15
[29,487s][debug][gc,phases         ] GC(31)       Skipped Cards:                 Min: 0, Avg:  0,0, Max: 0, Diff: 0, Sum: 0, Workers: 15
[29,487s][info ][gc,phases         ] GC(31)   Evacuate Collection Set: 77,17ms
[29,487s][debug][gc,phases         ] GC(31)     Ext Root Scanning (ms):        Min: 0,00, Avg: 0,08, Max: 0,23, Diff: 0,23, Sum: 1,13, Workers: 15
[29,487s][debug][gc,phases         ] GC(31)     Scan Heap Roots (ms):          Min: 0,00, Avg: 0,36, Max: 0,82, Diff: 0,82, Sum: 5,43, Workers: 15
[29,487s][debug][gc,phases         ] GC(31)       Scanned Cards:                 Min: 0, Avg: 259,7, Max: 596, Diff: 596, Sum: 3895, Workers: 15
[29,487s][debug][gc,phases         ] GC(31)       Scanned Blocks:                Min: 0, Avg: 201,6, Max: 491, Diff: 491, Sum: 3024, Workers: 15
[29,487s][debug][gc,phases         ] GC(31)       Claimed Chunks:                Min: 0, Avg: 167,9, Max: 367, Diff: 367, Sum: 2519, Workers: 15
[29,487s][debug][gc,phases         ] GC(31)       Found Roots:                   Min: 0, Avg: 578,5, Max: 1041, Diff: 1041, Sum: 8678, Workers: 15
[29,487s][debug][gc,phases         ] GC(31)     Code Root Scan (ms):           Min: 0,03, Avg: 0,03, Max: 0,05, Diff: 0,03, Sum: 0,47, Workers: 15
[29,487s][debug][gc,phases         ] GC(31)       Scanned Nmethods               Min: 0, Avg:  0,0, Max: 0, Diff: 0, Sum: 0, Workers: 15
[29,487s][debug][gc,phases         ] GC(31)     Object Copy (ms):              Min: 73,60, Avg: 76,26, Max: 76,79, Diff: 3,19, Sum: 1143,97, Workers: 15
[29,487s][debug][gc,phases         ] GC(31)     Termination (ms):              Min: 0,04, Avg: 0,05, Max: 0,10, Diff: 0,06, Sum: 0,76, Workers: 15
[29,487s][debug][gc,phases         ] GC(31)       Termination Attempts:          Min: 1, Avg:  1,0, Max: 1, Diff: 0, Sum: 15, Workers: 15
[29,487s][debug][gc,phases         ] GC(31)     GC Worker Other (ms):          Min: 0,04, Avg: 0,05, Max: 0,06, Diff: 0,03, Sum: 0,75, Workers: 15
[29,487s][debug][gc,phases         ] GC(31)     GC Worker Total (ms):          Min: 73,74, Avg: 76,83, Max: 77,14, Diff: 3,41, Sum: 1152,51, Workers: 15
[29,487s][info ][gc,phases         ] GC(31)   Post Evacuate Collection Set: 1,25ms
[29,487s][debug][gc,phases         ] GC(31)     NMethod List Cleanup: 0,01ms
[29,487s][debug][gc,phases         ] GC(31)     Reference Processing: 0,77ms
[29,487s][debug][gc,phases,ref     ] GC(31)       Notify Soft/WeakReferences: 0,3ms
[29,487s][debug][gc,phases,ref     ] GC(31)         Balance queues: 0,0ms
[29,487s][debug][gc,phases,ref     ] GC(31)         SoftRef (ms):                  Min: 0,00, Avg: 0,00, Max: 0,00, Diff: 0,00, Sum: 0,00, Workers: 3
[29,487s][debug][gc,phases,ref     ] GC(31)         WeakRef (ms):                  Min: 0,00, Avg: 0,00, Max: 0,00, Diff: 0,00, Sum: 0,00, Workers: 3
[29,487s][debug][gc,phases,ref     ] GC(31)         FinalRef (ms):                 Min: 0,10, Avg: 0,10, Max: 0,11, Diff: 0,02, Sum: 0,31, Workers: 3
[29,487s][debug][gc,phases,ref     ] GC(31)         Total (ms):                    Min: 0,10, Avg: 0,13, Max: 0,19, Diff: 0,08, Sum: 0,39, Workers: 3
[29,487s][debug][gc,phases,ref     ] GC(31)       Notify and keep alive finalizable: 0,4ms
[29,487s][debug][gc,phases,ref     ] GC(31)         Balance queues: 0,0ms
[29,487s][debug][gc,phases,ref     ] GC(31)         FinalRef (ms):                 Min: 0,16, Avg: 0,22, Max: 0,28, Diff: 0,12, Sum: 3,33, Workers: 15
[29,487s][debug][gc,phases,ref     ] GC(31)       Notify PhantomReferences: 0,1ms
[29,487s][debug][gc,phases,ref     ] GC(31)         PhantomRef (ms):               Min: 0,01, Avg: 0,01, Max: 0,01, Diff: 0,00, Sum: 0,01, Workers: 1
[29,487s][debug][gc,phases,ref     ] GC(31)       SoftReference Discovered: 0, Dropped: 0, Processed: 0
[29,487s][debug][gc,phases,ref     ] GC(31)       WeakReference Discovered: 0, Dropped: 0, Processed: 0
[29,487s][debug][gc,phases,ref     ] GC(31)       FinalReference Discovered: 2168, Dropped: 1, Processed: 2167
[29,487s][debug][gc,phases,ref     ] GC(31)       PhantomReference Discovered: 37, Dropped: 2, Processed: 35
[29,487s][debug][gc,phases         ] GC(31)     Weak Processing: 0,06ms
[29,487s][debug][gc,phases         ] GC(31)       VM Weak                        Min: 0,00, Avg: 0,00, Max: 0,00, Diff: 0,00, Sum: 0,01, Workers: 15
[29,487s][debug][gc,phases         ] GC(31)         Dead                           Min: 0, Avg:  0,0, Max: 0, Diff: 0, Sum: 0, Workers: 15
[29,487s][debug][gc,phases         ] GC(31)         Total                          Min: 0, Avg: 11,0, Max: 101, Diff: 101, Sum: 165, Workers: 15
[29,487s][debug][gc,phases         ] GC(31)       ObjectSynchronizer Weak        Min: 0,00, Avg: 0,00, Max: 0,00, Diff: 0,00, Sum: 0,00, Workers: 15
[29,487s][debug][gc,phases         ] GC(31)         Dead                           Min: 0, Avg:  0,0, Max: 0, Diff: 0, Sum: 0, Workers: 15
[29,487s][debug][gc,phases         ] GC(31)         Total                          Min: 0, Avg:  2,2, Max: 33, Diff: 33, Sum: 33, Workers: 15
[29,487s][debug][gc,phases         ] GC(31)       JVMTI Tag Weak OopStorage      Min: 0,00, Avg: 0,00, Max: 0,00, Diff: 0,00, Sum: 0,00, Workers: 15
[29,487s][debug][gc,phases         ] GC(31)         Dead                           Min: 0, Avg:  0,0, Max: 0, Diff: 0, Sum: 0, Workers: 15
[29,487s][debug][gc,phases         ] GC(31)         Total                          Min: 0, Avg:  0,0, Max: 0, Diff: 0, Sum: 0, Workers: 15
[29,487s][debug][gc,phases         ] GC(31)       StringTable Weak               Min: 0,00, Avg: 0,01, Max: 0,01, Diff: 0,01, Sum: 0,11, Workers: 15
[29,487s][debug][gc,phases         ] GC(31)         Dead                           Min: 0, Avg:  0,0, Max: 0, Diff: 0, Sum: 0, Workers: 15
[29,487s][debug][gc,phases         ] GC(31)         Total                          Min: 0, Avg: 565,0, Max: 1280, Diff: 1280, Sum: 8475, Workers: 15
[29,487s][debug][gc,phases         ] GC(31)       ResolvedMethodTable Weak       Min: 0,00, Avg: 0,00, Max: 0,00, Diff: 0,00, Sum: 0,04, Workers: 15
[29,487s][debug][gc,phases         ] GC(31)         Dead                           Min: 0, Avg:  0,0, Max: 0, Diff: 0, Sum: 0, Workers: 15
[29,487s][debug][gc,phases         ] GC(31)         Total                          Min: 0, Avg: 113,1, Max: 234, Diff: 234, Sum: 1697, Workers: 15
[29,487s][debug][gc,phases         ] GC(31)       JNI Weak                       Min: 0,00, Avg: 0,00, Max: 0,00, Diff: 0,00, Sum: 0,01, Workers: 15
[29,487s][debug][gc,phases         ] GC(31)         Dead                           Min: 0, Avg:  0,0, Max: 0, Diff: 0, Sum: 0, Workers: 15
[29,487s][debug][gc,phases         ] GC(31)         Total                          Min: 0, Avg:  0,0, Max: 0, Diff: 0, Sum: 0, Workers: 15
[29,487s][debug][gc,phases         ] GC(31)       StringDedup Table Weak         Min: 0,00, Avg: 0,01, Max: 0,02, Diff: 0,02, Sum: 0,15, Workers: 15
[29,487s][debug][gc,phases         ] GC(31)         Dead                           Min: 0, Avg:  0,0, Max: 0, Diff: 0, Sum: 0, Workers: 15
[29,487s][debug][gc,phases         ] GC(31)         Total                          Min: 0, Avg: 874,2, Max: 1529, Diff: 1529, Sum: 13113, Workers: 15
[29,488s][debug][gc,phases         ] GC(31)       StringDedup Requests0 Weak     Min: 0,00, Avg: 0,00, Max: 0,00, Diff: 0,00, Sum: 0,01, Workers: 15
[29,488s][debug][gc,phases         ] GC(31)         Dead                           Min: 0, Avg:  0,0, Max: 0, Diff: 0, Sum: 0, Workers: 15
[29,488s][debug][gc,phases         ] GC(31)         Total                          Min: 0, Avg: 12,8, Max: 64, Diff: 64, Sum: 192, Workers: 15
[29,488s][debug][gc,phases         ] GC(31)       StringDedup Requests1 Weak     Min: 0,00, Avg: 0,00, Max: 0,00, Diff: 0,00, Sum: 0,00, Workers: 15
[29,488s][debug][gc,phases         ] GC(31)         Dead                           Min: 0, Avg:  0,0, Max: 0, Diff: 0, Sum: 0, Workers: 15
[29,488s][debug][gc,phases         ] GC(31)         Total                          Min: 0, Avg:  0,0, Max: 0, Diff: 0, Sum: 0, Workers: 15
[29,488s][debug][gc,phases         ] GC(31)       Weak JFR Old Object Samples    Min: 0,00, Avg: 0,00, Max: 0,00, Diff: 0,00, Sum: 0,00, Workers: 15
[29,488s][debug][gc,phases         ] GC(31)         Dead                           Min: 0, Avg:  0,0, Max: 0, Diff: 0, Sum: 0, Workers: 15
[29,488s][debug][gc,phases         ] GC(31)         Total                          Min: 0, Avg:  0,0, Max: 0, Diff: 0, Sum: 0, Workers: 15
[29,488s][debug][gc,phases         ] GC(31)     Post Evacuate Cleanup 1: 0,17ms
[29,488s][debug][gc,phases         ] GC(31)       Merge Per-Thread State (ms):   Min: 0,05, Avg: 0,05, Max: 0,05, Diff: 0,00, Sum: 0,05, Workers: 1
[29,488s][debug][gc,phases         ] GC(31)         Copied Bytes                   Min: 34043240, Avg: 50547042,1, Max: 71993960, Diff: 37950720, Sum: 758205632, Workers: 15
[29,488s][debug][gc,phases         ] GC(31)         LAB Waste                      Min: 1904, Avg: 6272,0, Max: 12496, Diff: 10592, Sum: 94080, Workers: 15
[29,488s][debug][gc,phases         ] GC(31)         LAB Undo Waste                 Min: 0, Avg:  0,0, Max: 0, Diff: 0, Sum: 0, Workers: 15
[29,488s][debug][gc,phases         ] GC(31)         Evac Fail Extra Cards          Min: 0, Avg:  0,0, Max: 0, Diff: 0, Sum: 0, Workers: 15
[29,488s][debug][gc,phases         ] GC(31)       Clear Logged Cards (ms):       Min: 0,00, Avg: 0,09, Max: 0,16, Diff: 0,16, Sum: 0,54, Workers: 6
[29,488s][debug][gc,phases         ] GC(31)       Recalculate Used Memory (ms):  Min: 0,00, Avg: 0,00, Max: 0,00, Diff: 0,00, Sum: 0,00, Workers: 1
[29,488s][debug][gc,phases         ] GC(31)     Post Evacuate Cleanup 2: 0,15ms
[29,488s][debug][gc,phases         ] GC(31)       Update Derived Pointers (ms):  Min: 0,00, Avg: 0,00, Max: 0,00, Diff: 0,00, Sum: 0,00, Workers: 1
[29,488s][debug][gc,phases         ] GC(31)       Eagerly Reclaim Humongous Objects (ms): skipped
[29,488s][debug][gc,phases         ] GC(31)         Humongous Total                skipped
[29,488s][debug][gc,phases         ] GC(31)         Humongous Candidates           skipped
[29,488s][debug][gc,phases         ] GC(31)         Humongous Reclaimed            skipped
[29,488s][debug][gc,phases         ] GC(31)       Redirty Logged Cards (ms):     Min: 0,00, Avg: 0,00, Max: 0,01, Diff: 0,01, Sum: 0,05, Workers: 15
[29,488s][debug][gc,phases         ] GC(31)         Redirtied Cards:               Min: 0, Avg: 119,3, Max: 443, Diff: 443, Sum: 1789, Workers: 15
[29,488s][debug][gc,phases         ] GC(31)       Resize TLABs (ms):             Min: 0,00, Avg: 0,00, Max: 0,00, Diff: 0,00, Sum: 0,01, Workers: 15
[29,488s][debug][gc,phases         ] GC(31)       Free Collection Set (ms):      Min: 0,01, Avg: 0,08, Max: 0,11, Diff: 0,10, Sum: 1,23, Workers: 15
[29,488s][debug][gc,phases         ] GC(31)     Rebuild Free List: 0,03ms
[29,488s][debug][gc,phases         ] GC(31)     Prepare For Mutator: 0,06ms
[29,488s][debug][gc,phases         ] GC(31)     Expand Heap After Collection: 0,00ms
[29,488s][info ][gc,phases         ] GC(31)   Other: 0,34ms
[29,488s][debug][gc,remset         ] GC(31) Coarsening (recent): Inline->AoC 0 (0) AoC->Howl 0 (0) Howl->Full 0 (0) Inline->AoC 0 (0) AoC->BitMap 0 (0) BitMap->Full 0 (0) 
[29,488s][debug][gc,remset         ] GC(31) Coarsening (all): Inline->AoC 1872 (0) AoC->Howl 848 (0) Howl->Full 276 (0) Inline->AoC 5506 (0) AoC->BitMap 5344 (0) BitMap->Full 1198 (0) 
[29,488s][info ][gc,heap           ] GC(31) Eden regions: 418->0(329)
[29,488s][info ][gc,heap           ] GC(31) Survivor regions: 72->62(62)
[29,488s][info ][gc,heap           ] GC(31) Old regions: 448->569
[29,488s][info ][gc,heap           ] GC(31) Humongous regions: 0->0
[29,488s][info ][gc,metaspace      ] GC(31) Metaspace: 20717K(21056K)->20717K(21056K) NonClass: 18105K(18304K)->18105K(18304K) Class: 2611K(2752K)->2611K(2752K)
[29,488s][debug][gc,heap           ] GC(31) Heap after GC invocations=32 (full 0):
[29,488s][debug][gc,heap           ] GC(31)  garbage-first heap   total reserved 8388608K, committed 5242880K, used 2581537K [0x0000000600000000, 0x0000000800000000)
[29,488s][debug][gc,heap           ] GC(31)   region size 4096K, 62 young (253952K), 62 survivors (253952K)
[29,488s][debug][gc,heap           ] GC(31)  Metaspace       used 20717K, committed 21056K, reserved 1114112K
[29,488s][debug][gc,heap           ] GC(31)   class space    used 2611K, committed 2752K, reserved 1048576K
[29,488s][info ][gc                ] GC(31) Pause Young (Normal) (G1 Evacuation Pause) 3749M->2521M(5120M) 81,925ms
[29,488s][info ][gc,cpu            ] GC(31) User=1,13s Sys=0,01s Real=0,08s
[29,489s][debug][gc,task           ] G1 Service Thread (Card Set Free Memory Task) (run: 2,374ms) (cpu: 0,105ms)
[29,489s][debug][gc,refine         ] Concurrent refinement: wanted 0, cards: 1789, predicted: 4177, time: 878,12ms
[29,607s][debug][gc,refine         ] Concurrent refinement: wanted 0, cards: 1789, predicted: 3041, time: 460,48ms
[29,692s][debug][gc,refine         ] Concurrent refinement: wanted 0, cards: 2045, predicted: 3275, time: 452,45ms
[29,777s][debug][gc,refine         ] Concurrent refinement: wanted 0, cards: 2813, predicted: 4032, time: 448,44ms
[29,862s][debug][gc,refine         ] Concurrent refinement: wanted 0, cards: 3071, predicted: 4275, time: 442,99ms
[29,946s][debug][gc,refine         ] Concurrent refinement: wanted 0, cards: 3327, predicted: 4477, time: 423,00ms
[30,028s][debug][gc,refine         ] Concurrent refinement: wanted 0, cards: 3327, predicted: 4393, time: 392,21ms
[30,108s][debug][gc,refine         ] Concurrent refinement: wanted 0, cards: 3327, predicted: 4309, time: 361,42ms
[30,184s][debug][gc,refine         ] Concurrent refinement: wanted 0, cards: 3327, predicted: 4229, time: 331,97ms
[30,256s][debug][gc,refine         ] Concurrent refinement: wanted 0, cards: 3327, predicted: 4153, time: 303,86ms
[30,325s][debug][gc,refine         ] Concurrent refinement: wanted 0, cards: 3327, predicted: 4084, time: 278,43ms
[30,391s][debug][gc,refine         ] Concurrent refinement: wanted 0, cards: 3327, predicted: 4015, time: 253,00ms
[30,408s][debug][gc,task,start     ] G1 Service Thread (Periodic GC Task) (run 0,891ms after schedule)
[30,408s][debug][gc,task           ] G1 Service Thread (Periodic GC Task) (run: 0,151ms) (cpu: 0,142ms)
[30,455s][debug][gc,refine         ] Concurrent refinement: wanted 0, cards: 3327, predicted: 3949, time: 228,90ms
[30,515s][debug][gc,refine         ] Concurrent refinement: wanted 0, cards: 3327, predicted: 3883, time: 204,81ms
[30,572s][debug][gc,refine         ] Concurrent refinement: wanted 0, cards: 3327, predicted: 3825, time: 183,39ms
[30,626s][debug][gc,refine         ] Concurrent refinement: wanted 0, cards: 3327, predicted: 3771, time: 163,31ms
[30,678s][debug][gc,refine         ] Concurrent refinement: wanted 0, cards: 3327, predicted: 3716, time: 143,23ms
[30,728s][debug][gc,refine         ] Concurrent refinement: wanted 0, cards: 3327, predicted: 3665, time: 124,49ms
[30,778s][debug][gc,refine         ] Concurrent refinement: wanted 0, cards: 3327, predicted: 3610, time: 104,41ms
[30,828s][debug][gc,refine         ] Concurrent refinement: wanted 0, cards: 3327, predicted: 3559, time: 85,67ms
[30,878s][debug][gc,refine         ] Concurrent refinement: wanted 0, cards: 3327, predicted: 3505, time: 65,59ms
[30,929s][debug][gc,refine         ] Concurrent refinement: wanted 0, cards: 3327, predicted: 3327, time: 46,85ms
[30,947s][info ][gc,start          ] GC(32) Pause Young (Normal) (G1 Evacuation Pause)
[30,947s][debug][gc,heap           ] GC(32) Heap before GC invocations=32 (full 0):
[30,947s][debug][gc,heap           ] GC(32)  garbage-first heap   total reserved 8388608K, committed 5242880K, used 3925025K [0x0000000600000000, 0x0000000800000000)
[30,947s][debug][gc,heap           ] GC(32)   region size 4096K, 391 young (1601536K), 62 survivors (253952K)
[30,947s][debug][gc,heap           ] GC(32)  Metaspace       used 20717K, committed 21056K, reserved 1114112K
[30,947s][debug][gc,heap           ] GC(32)   class space    used 2611K, committed 2752K, reserved 1048576K
[30,947s][info ][gc,task           ] GC(32) Using 15 workers of 15 for evacuation
[30,947s][debug][gc,age            ] GC(32) Desired survivor size 102760448 bytes, new threshold 1 (max threshold 15)
[30,948s][debug][gc,tlab           ] GC(32) TLAB totals: thrds: 25  refills: 986 max: 342 slow allocs: 451 max 40 waste:  1,0% gc: 11052896B max: 1065416B slow: 2825752B max: 500568B
[30,948s][debug][gc,refine,stats   ] GC(32) Mutator refinement: 0,00ms, refined: 0, precleaned: 0, dirtied: 2301
[30,948s][debug][gc,refine,stats   ] GC(32) Concurrent refinement: 0,00ms, refined: 0, precleaned: 0, dirtied: 0
[30,948s][debug][gc,refine,stats   ] GC(32) Total refinement: 0,00ms, refined: 0, precleaned: 0, dirtied: 2301
[30,948s][debug][gc,refine,stats   ] GC(32) Generate dirty cards rate: 1,57 cards/ms
[30,948s][debug][gc,alloc,region   ] GC(32) Mutator Allocation stats, regions: 329, wasted size: 2974K ( 0,2%)
[30,948s][debug][gc,ergo,cset      ] GC(32) No candidates to reclaim.
[30,948s][debug][gc,ergo           ] GC(32) Running G1 Merge Heap Roots using 15 workers for 391 regions
[30,948s][debug][gc,remset         ] GC(32) Visited cards 170432 Total dirty 1572864 (10,84%) Total old 11067392 (1,54%)
[31,021s][debug][gc,ref            ] GC(32) ReferenceProcessor::execute queues: 2, RefProcThreadModel::Multi, marks_oops_alive: false
[31,021s][debug][gc,ref            ] GC(32) ReferenceProcessor::execute queues: 15, RefProcThreadModel::Multi, marks_oops_alive: true
[31,021s][debug][gc,ref            ] GC(32) ReferenceProcessor::execute queues: 1, RefProcThreadModel::Single, marks_oops_alive: false
[31,021s][debug][gc,ergo           ] GC(32) Initializing removing self forwards with 128 chunks per region
[31,022s][debug][gc,ergo           ] GC(32) Running G1 Rebuild Free List Task using 15 workers for rebuilding free list of regions
[31,022s][debug][gc,plab           ] GC(32) Young PLAB allocation: allocated: 205520896B, wasted: 24680B, unused: 1981536B, used: 203514680B, undo waste: 0B, 
[31,022s][debug][gc,plab           ] GC(32) Young other allocation: region end waste: 0B, regions filled: 49, num plab filled: 112, direct allocated: 0B, num direct allocated: 0, failure used: 0B, failure wasted: 0B
[31,022s][debug][gc,plab           ] GC(32) Young sizing: calculated: 40702936B, actual: 43815824B
[31,022s][debug][gc,plab           ] GC(32) Old PLAB allocation: allocated: 526385152B, wasted: 61232B, unused: 14844024B, used: 511479896B, undo waste: 0B, 
[31,022s][debug][gc,plab           ] GC(32) Old other allocation: region end waste: 0B, regions filled: 126, num plab filled: 251, direct allocated: 0B, num direct allocated: 0, failure used: 1112856B, failure wasted: 15664360B
[31,022s][debug][gc,plab           ] GC(32) Old sizing: calculated: 102295976B, actual: 100260808B
[31,022s][debug][gc,ergo,heap      ] GC(32) Heap expansion: short term pause time ratio 5,24% long term pause time ratio 4,15% threshold 7,69% pause time ratio 7,69% fully expanded false resize by 0B
[31,022s][debug][gc,task,start     ] G1 Service Thread (Card Set Free Memory Task) (run 0,011ms after schedule)
[31,022s][debug][gc,ergo,ihop      ] GC(32) Request concurrent cycle initiation (occupancy higher than threshold) occupancy: 2931818496B allocation request: 0B threshold: 2415919104B (45,00) source: end of GC
[31,022s][debug][gc,mmu            ] GC(32) MMU: 74,5ms (200,0ms/201,0ms)
[31,022s][debug][gc,alloc,stats    ] Old generation allocation in the last mutator period, old gen allocated: 543162368B, humongous allocated: 0B, old gen growth: 543162368B.
[31,022s][debug][gc,ihop           ] GC(32) Basic information (value update), threshold: 2415919104B (45,00), target occupancy: 5368709120B, current occupancy: 3132130864B, recent allocation size: 543162368B, recent allocation duration: 1461,18ms, recent old gen allocation rate: 371729445,47B/s, recent marking phase length: 4181,82ms
[31,022s][debug][gc,ihop           ] GC(32) Adaptive IHOP information (value update), threshold: 2415919104B (47,37), internal target occupancy: 5100273664B, occupancy: 3132130864B, additional buffer size: 1195376640B, predicted old gen allocation rate: 776330002,64B/s, predicted marking phase length: 3663,03ms, prediction active: false
[31,022s][debug][gc,ergo,refine    ] GC(32) GC refinement: goal: 449784 + 1124 / 20,00ms, actual: 4090 / 0,39ms, 
[31,022s][debug][gc,ergo,refine    ] GC(32) New pending cards target: 330342
[31,022s][info ][gc,phases         ] GC(32)   Pre Evacuate Collection Set: 0,29ms
[31,022s][debug][gc,phases         ] GC(32)     Pre Evacuate Prepare: 0,11ms
[31,022s][debug][gc,phases         ] GC(32)       JT Retire TLABs And Flush Logs (ms): Min: 0,00, Avg: 0,01, Max: 0,01, Diff: 0,01, Sum: 0,01, Workers: 2
[31,022s][debug][gc,phases         ] GC(32)       Non-JT Flush Logs (ms):        Min: 0,01, Avg: 0,01, Max: 0,01, Diff: 0,00, Sum: 0,01, Workers: 1
[31,022s][debug][gc,phases         ] GC(32)     Choose Collection Set: 0,02ms
[31,022s][debug][gc,phases         ] GC(32)     Region Register: 0,17ms
[31,022s][debug][gc,phases         ] GC(32)     Prepare Heap Roots: 0,00ms
[31,022s][info ][gc,phases         ] GC(32)   Merge Heap Roots: 0,39ms
[31,022s][debug][gc,phases         ] GC(32)     Prepare Merge Heap Roots: 0,02ms
[31,022s][debug][gc,phases         ] GC(32)     Remembered Sets (ms):          Min: 0,05, Avg: 0,07, Max: 0,09, Diff: 0,03, Sum: 1,08, Workers: 15
[31,022s][debug][gc,phases         ] GC(32)       Eager Reclaim (ms):            skipped
[31,022s][debug][gc,phases         ] GC(32)       Merged Inline                  Min: 0, Avg:  0,0, Max: 0, Diff: 0, Sum: 0, Workers: 15
[31,022s][debug][gc,phases         ] GC(32)       Merged ArrayOfCards            Min: 0, Avg:  0,0, Max: 0, Diff: 0, Sum: 0, Workers: 15
[31,022s][debug][gc,phases         ] GC(32)       Merged Howl                    Min: 0, Avg:  0,0, Max: 0, Diff: 0, Sum: 0, Workers: 15
[31,022s][debug][gc,phases         ] GC(32)       Merged Full                    Min: 0, Avg:  0,0, Max: 0, Diff: 0, Sum: 0, Workers: 15
[31,022s][debug][gc,phases         ] GC(32)       Merged Howl Inline             Min: 0, Avg:  0,0, Max: 0, Diff: 0, Sum: 0, Workers: 15
[31,022s][debug][gc,phases         ] GC(32)       Merged Howl ArrayOfCards       Min: 0, Avg:  0,0, Max: 0, Diff: 0, Sum: 0, Workers: 15
[31,022s][debug][gc,phases         ] GC(32)       Merged Howl BitMap             Min: 0, Avg:  0,0, Max: 0, Diff: 0, Sum: 0, Workers: 15
[31,022s][debug][gc,phases         ] GC(32)       Merged Howl Full               Min: 0, Avg:  0,0, Max: 0, Diff: 0, Sum: 0, Workers: 15
[31,022s][debug][gc,phases         ] GC(32)       Merged Cards                   Min: 8, Avg:  8,0, Max: 8, Diff: 0, Sum: 120, Workers: 15
[31,022s][debug][gc,phases         ] GC(32)     Log Buffers (ms):              Min: 0,01, Avg: 0,03, Max: 0,05, Diff: 0,04, Sum: 0,48, Workers: 15
[31,022s][debug][gc,phases         ] GC(32)       Dirty Cards:                   Min: 71, Avg: 272,7, Max: 558, Diff: 487, Sum: 4090, Workers: 15
[31,022s][debug][gc,phases         ] GC(32)       Skipped Cards:                 Min: 0, Avg:  0,0, Max: 0, Diff: 0, Sum: 0, Workers: 15
[31,022s][info ][gc,phases         ] GC(32)   Evacuate Collection Set: 72,36ms
[31,022s][debug][gc,phases         ] GC(32)     Ext Root Scanning (ms):        Min: 0,01, Avg: 0,05, Max: 0,16, Diff: 0,15, Sum: 0,68, Workers: 15
[31,022s][debug][gc,phases         ] GC(32)     Scan Heap Roots (ms):          Min: 0,03, Avg: 0,35, Max: 0,79, Diff: 0,76, Sum: 5,30, Workers: 15
[31,022s][debug][gc,phases         ] GC(32)       Scanned Cards:                 Min: 25, Avg: 271,5, Max: 589, Diff: 564, Sum: 4073, Workers: 15
[31,022s][debug][gc,phases         ] GC(32)       Scanned Blocks:                Min: 21, Avg: 217,4, Max: 479, Diff: 458, Sum: 3261, Workers: 15
[31,022s][debug][gc,phases         ] GC(32)       Claimed Chunks:                Min: 13, Avg: 177,5, Max: 381, Diff: 368, Sum: 2663, Workers: 15
[31,022s][debug][gc,phases         ] GC(32)       Found Roots:                   Min: 40, Avg: 456,5, Max: 1062, Diff: 1022, Sum: 6848, Workers: 15
[31,022s][debug][gc,phases         ] GC(32)     Code Root Scan (ms):           Min: 0,02, Avg: 0,03, Max: 0,05, Diff: 0,03, Sum: 0,39, Workers: 15
[31,022s][debug][gc,phases         ] GC(32)       Scanned Nmethods               Min: 0, Avg:  0,1, Max: 1, Diff: 1, Sum: 1, Workers: 15
[31,022s][debug][gc,phases         ] GC(32)     Object Copy (ms):              Min: 71,28, Avg: 71,73, Max: 72,06, Diff: 0,78, Sum: 1075,91, Workers: 15
[31,022s][debug][gc,phases         ] GC(32)     Termination (ms):              Min: 0,04, Avg: 0,05, Max: 0,06, Diff: 0,03, Sum: 0,74, Workers: 15
[31,022s][debug][gc,phases         ] GC(32)       Termination Attempts:          Min: 1, Avg:  1,0, Max: 1, Diff: 0, Sum: 15, Workers: 15
[31,022s][debug][gc,phases         ] GC(32)     GC Worker Other (ms):          Min: 0,03, Avg: 0,04, Max: 0,07, Diff: 0,04, Sum: 0,63, Workers: 15
[31,022s][debug][gc,phases         ] GC(32)     GC Worker Total (ms):          Min: 72,18, Avg: 72,24, Max: 72,31, Diff: 0,13, Sum: 1083,66, Workers: 15
[31,022s][info ][gc,phases         ] GC(32)   Post Evacuate Collection Set: 1,27ms
[31,022s][debug][gc,phases         ] GC(32)     NMethod List Cleanup: 0,01ms
[31,022s][debug][gc,phases         ] GC(32)     Reference Processing: 0,76ms
[31,022s][debug][gc,phases,ref     ] GC(32)       Notify Soft/WeakReferences: 0,2ms
[31,022s][debug][gc,phases,ref     ] GC(32)         Balance queues: 0,0ms
[31,022s][debug][gc,phases,ref     ] GC(32)         SoftRef (ms):                  Min: 0,00, Avg: 0,00, Max: 0,00, Diff: 0,00, Sum: 0,00, Workers: 2
[31,022s][debug][gc,phases,ref     ] GC(32)         WeakRef (ms):                  Min: 0,00, Avg: 0,00, Max: 0,00, Diff: 0,00, Sum: 0,00, Workers: 2
[31,022s][debug][gc,phases,ref     ] GC(32)         FinalRef (ms):                 Min: 0,05, Avg: 0,05, Max: 0,05, Diff: 0,00, Sum: 0,09, Workers: 2
[31,022s][debug][gc,phases,ref     ] GC(32)         Total (ms):                    Min: 0,05, Avg: 0,09, Max: 0,13, Diff: 0,08, Sum: 0,18, Workers: 2
[31,023s][debug][gc,phases,ref     ] GC(32)       Notify and keep alive finalizable: 0,5ms
[31,023s][debug][gc,phases,ref     ] GC(32)         Balance queues: 0,0ms
[31,023s][debug][gc,phases,ref     ] GC(32)         FinalRef (ms):                 Min: 0,07, Avg: 0,16, Max: 0,29, Diff: 0,22, Sum: 2,34, Workers: 15
[31,023s][debug][gc,phases,ref     ] GC(32)       Notify PhantomReferences: 0,0ms
[31,023s][debug][gc,phases,ref     ] GC(32)         PhantomRef (ms):               Min: 0,00, Avg: 0,00, Max: 0,00, Diff: 0,00, Sum: 0,00, Workers: 1
[31,023s][debug][gc,phases,ref     ] GC(32)       SoftReference Discovered: 0, Dropped: 0, Processed: 0
[31,023s][debug][gc,phases,ref     ] GC(32)       WeakReference Discovered: 0, Dropped: 0, Processed: 0
[31,023s][debug][gc,phases,ref     ] GC(32)       FinalReference Discovered: 1427, Dropped: 3, Processed: 1424
[31,023s][debug][gc,phases,ref     ] GC(32)       PhantomReference Discovered: 40, Dropped: 1, Processed: 39
[31,023s][debug][gc,phases         ] GC(32)     Weak Processing: 0,08ms
[31,023s][debug][gc,phases         ] GC(32)       VM Weak                        Min: 0,00, Avg: 0,00, Max: 0,00, Diff: 0,00, Sum: 0,01, Workers: 15
[31,023s][debug][gc,phases         ] GC(32)         Dead                           Min: 0, Avg:  0,0, Max: 0, Diff: 0, Sum: 0, Workers: 15
[31,023s][debug][gc,phases         ] GC(32)         Total                          Min: 0, Avg: 11,0, Max: 128, Diff: 128, Sum: 165, Workers: 15
[31,023s][debug][gc,phases         ] GC(32)       ObjectSynchronizer Weak        Min: 0,00, Avg: 0,00, Max: 0,00, Diff: 0,00, Sum: 0,00, Workers: 15
[31,023s][debug][gc,phases         ] GC(32)         Dead                           Min: 0, Avg:  0,0, Max: 0, Diff: 0, Sum: 0, Workers: 15
[31,023s][debug][gc,phases         ] GC(32)         Total                          Min: 0, Avg:  2,2, Max: 33, Diff: 33, Sum: 33, Workers: 15
[31,023s][debug][gc,phases         ] GC(32)       JVMTI Tag Weak OopStorage      Min: 0,00, Avg: 0,00, Max: 0,00, Diff: 0,00, Sum: 0,00, Workers: 15
[31,023s][debug][gc,phases         ] GC(32)         Dead                           Min: 0, Avg:  0,0, Max: 0, Diff: 0, Sum: 0, Workers: 15
[31,023s][debug][gc,phases         ] GC(32)         Total                          Min: 0, Avg:  0,0, Max: 0, Diff: 0, Sum: 0, Workers: 15
[31,023s][debug][gc,phases         ] GC(32)       StringTable Weak               Min: 0,00, Avg: 0,01, Max: 0,02, Diff: 0,02, Sum: 0,11, Workers: 15
[31,023s][debug][gc,phases         ] GC(32)         Dead                           Min: 0, Avg:  0,0, Max: 0, Diff: 0, Sum: 0, Workers: 15
[31,023s][debug][gc,phases         ] GC(32)         Total                          Min: 0, Avg: 565,1, Max: 2432, Diff: 2432, Sum: 8477, Workers: 15
[31,023s][debug][gc,phases         ] GC(32)       ResolvedMethodTable Weak       Min: 0,00, Avg: 0,00, Max: 0,01, Diff: 0,01, Sum: 0,03, Workers: 15
[31,023s][debug][gc,phases         ] GC(32)         Dead                           Min: 0, Avg:  0,0, Max: 0, Diff: 0, Sum: 0, Workers: 15
[31,023s][debug][gc,phases         ] GC(32)         Total                          Min: 0, Avg: 113,1, Max: 446, Diff: 446, Sum: 1697, Workers: 15
[31,023s][debug][gc,phases         ] GC(32)       JNI Weak                       Min: 0,00, Avg: 0,00, Max: 0,00, Diff: 0,00, Sum: 0,00, Workers: 15
[31,023s][debug][gc,phases         ] GC(32)         Dead                           Min: 0, Avg:  0,0, Max: 0, Diff: 0, Sum: 0, Workers: 15
[31,023s][debug][gc,phases         ] GC(32)         Total                          Min: 0, Avg:  0,0, Max: 0, Diff: 0, Sum: 0, Workers: 15
[31,023s][debug][gc,phases         ] GC(32)       StringDedup Table Weak         Min: 0,00, Avg: 0,01, Max: 0,02, Diff: 0,02, Sum: 0,10, Workers: 15
[31,023s][debug][gc,phases         ] GC(32)         Dead                           Min: 0, Avg:  0,0, Max: 0, Diff: 0, Sum: 0, Workers: 15
[31,023s][debug][gc,phases         ] GC(32)         Total                          Min: 0, Avg: 874,2, Max: 3136, Diff: 3136, Sum: 13113, Workers: 15
[31,023s][debug][gc,phases         ] GC(32)       StringDedup Requests0 Weak     Min: 0,00, Avg: 0,00, Max: 0,00, Diff: 0,00, Sum: 0,00, Workers: 15
[31,023s][debug][gc,phases         ] GC(32)         Dead                           Min: 0, Avg:  0,0, Max: 0, Diff: 0, Sum: 0, Workers: 15
[31,023s][debug][gc,phases         ] GC(32)         Total                          Min: 0, Avg:  0,0, Max: 0, Diff: 0, Sum: 0, Workers: 15
[31,023s][debug][gc,phases         ] GC(32)       StringDedup Requests1 Weak     Min: 0,00, Avg: 0,00, Max: 0,00, Diff: 0,00, Sum: 0,01, Workers: 15
[31,023s][debug][gc,phases         ] GC(32)         Dead                           Min: 0, Avg:  0,0, Max: 0, Diff: 0, Sum: 0, Workers: 15
[31,023s][debug][gc,phases         ] GC(32)         Total                          Min: 0, Avg: 12,8, Max: 64, Diff: 64, Sum: 192, Workers: 15
[31,023s][debug][gc,phases         ] GC(32)       Weak JFR Old Object Samples    Min: 0,00, Avg: 0,00, Max: 0,00, Diff: 0,00, Sum: 0,00, Workers: 15
[31,023s][debug][gc,phases         ] GC(32)         Dead                           Min: 0, Avg:  0,0, Max: 0, Diff: 0, Sum: 0, Workers: 15
[31,023s][debug][gc,phases         ] GC(32)         Total                          Min: 0, Avg:  0,0, Max: 0, Diff: 0, Sum: 0, Workers: 15
[31,023s][debug][gc,phases         ] GC(32)     Post Evacuate Cleanup 1: 0,16ms
[31,023s][debug][gc,phases         ] GC(32)       Merge Per-Thread State (ms):   Min: 0,05, Avg: 0,05, Max: 0,05, Diff: 0,00, Sum: 0,05, Workers: 1
[31,023s][debug][gc,phases         ] GC(32)         Copied Bytes                   Min: 38257816, Avg: 47666305,1, Max: 68345144, Diff: 30087328, Sum: 714994576, Workers: 15
[31,023s][debug][gc,phases         ] GC(32)         LAB Waste                      Min: 1056, Avg: 5727,5, Max: 11048, Diff: 9992, Sum: 85912, Workers: 15
[31,023s][debug][gc,phases         ] GC(32)         LAB Undo Waste                 Min: 0, Avg:  0,0, Max: 0, Diff: 0, Sum: 0, Workers: 15
[31,023s][debug][gc,phases         ] GC(32)         Evac Fail Extra Cards          Min: 0, Avg:  0,1, Max: 2, Diff: 2, Sum: 2, Workers: 15
[31,023s][debug][gc,phases         ] GC(32)       Clear Logged Cards (ms):       Min: 0,00, Avg: 0,02, Max: 0,11, Diff: 0,11, Sum: 0,31, Workers: 15
[31,023s][debug][gc,phases         ] GC(32)       Recalculate Used Memory (ms):  Min: 0,04, Avg: 0,04, Max: 0,04, Diff: 0,00, Sum: 0,04, Workers: 1
[31,023s][debug][gc,phases         ] GC(32)       Restore Evacuation Failed Regions (ms): Min: 0,01, Avg: 0,05, Max: 0,11, Diff: 0,10, Sum: 0,78, Workers: 15
[31,023s][debug][gc,phases         ] GC(32)         Evacuation Failed Regions:     Min: 2, Avg:  2,0, Max: 2, Diff: 0, Sum: 4, Workers: 2
[31,023s][debug][gc,phases         ] GC(32)         Pinned Regions:                Min: 1, Avg:  1,3, Max: 2, Diff: 1, Sum: 4, Workers: 3
[31,023s][debug][gc,phases         ] GC(32)         Allocation Failed Regions:     skipped
[31,023s][debug][gc,phases         ] GC(32)         Remove Self Forwards (ms):     Min: 0,00, Avg: 0,03, Max: 0,07, Diff: 0,07, Sum: 0,41, Workers: 13
[31,023s][debug][gc,phases         ] GC(32)           Forward Chunks:                Min: 1, Avg:  5,2, Max: 12, Diff: 11, Sum: 52, Workers: 10
[31,023s][debug][gc,phases         ] GC(32)           Empty Forward Chunks:          Min: 1, Avg: 35,4, Max: 94, Diff: 93, Sum: 460, Workers: 13
[31,023s][debug][gc,phases         ] GC(32)           Forward Objects:               Min: 1, Avg:  5,2, Max: 12, Diff: 11, Sum: 52, Workers: 10
[31,023s][debug][gc,phases         ] GC(32)           Forward Bytes:                 Min: 48, Avg: 111285,6, Max: 257200, Diff: 257152, Sum: 1112856, Workers: 10
[31,023s][debug][gc,phases         ] GC(32)     Post Evacuate Cleanup 2: 0,16ms
[31,023s][debug][gc,phases         ] GC(32)       Recalculate Used Memory (ms):  Min: 0,04, Avg: 0,04, Max: 0,04, Diff: 0,00, Sum: 0,04, Workers: 1
[31,023s][debug][gc,phases         ] GC(32)       Restore Preserved Marks (ms):  Min: 0,00, Avg: 0,00, Max: 0,00, Diff: 0,00, Sum: 0,01, Workers: 15
[31,023s][debug][gc,phases         ] GC(32)       Process Evacuation Failed Regions (ms): Min: 0,00, Avg: 0,00, Max: 0,01, Diff: 0,01, Sum: 0,04, Workers: 15
[31,023s][debug][gc,phases         ] GC(32)       Update Derived Pointers (ms):  Min: 0,00, Avg: 0,00, Max: 0,00, Diff: 0,00, Sum: 0,00, Workers: 1
[31,023s][debug][gc,phases         ] GC(32)       Eagerly Reclaim Humongous Objects (ms): skipped
[31,023s][debug][gc,phases         ] GC(32)         Humongous Total                skipped
[31,023s][debug][gc,phases         ] GC(32)         Humongous Candidates           skipped
[31,023s][debug][gc,phases         ] GC(32)         Humongous Reclaimed            skipped
[31,023s][debug][gc,phases         ] GC(32)       Sample CSet Candidates (ms):   skipped
[31,023s][debug][gc,phases         ] GC(32)       Redirty Logged Cards (ms):     Min: 0,00, Avg: 0,00, Max: 0,01, Diff: 0,01, Sum: 0,05, Workers: 15
[31,023s][debug][gc,phases         ] GC(32)         Redirtied Cards:               Min: 0, Avg: 132,3, Max: 409, Diff: 409, Sum: 1985, Workers: 15
[31,023s][debug][gc,phases         ] GC(32)       Resize TLABs (ms):             Min: 0,00, Avg: 0,00, Max: 0,00, Diff: 0,00, Sum: 0,01, Workers: 15
[31,023s][debug][gc,phases         ] GC(32)       Free Collection Set (ms):      Min: 0,02, Avg: 0,07, Max: 0,10, Diff: 0,08, Sum: 0,98, Workers: 15
[31,023s][debug][gc,phases         ] GC(32)     Rebuild Free List: 0,04ms
[31,023s][debug][gc,phases         ] GC(32)     Prepare For Mutator: 0,06ms
[31,023s][debug][gc,phases         ] GC(32)     Expand Heap After Collection: 0,00ms
[31,023s][info ][gc,phases         ] GC(32)   Other: 0,33ms
[31,023s][debug][gc,remset         ] GC(32) Coarsening (recent): Inline->AoC 0 (0) AoC->Howl 0 (0) Howl->Full 0 (0) Inline->AoC 0 (0) AoC->BitMap 0 (0) BitMap->Full 0 (0) 
[31,023s][debug][gc,remset         ] GC(32) Coarsening (all): Inline->AoC 1872 (0) AoC->Howl 848 (0) Howl->Full 276 (0) Inline->AoC 5506 (0) AoC->BitMap 5344 (0) BitMap->Full 1198 (0) 
[31,023s][info ][gc,heap           ] GC(32) Eden regions: 329->0(236)
[31,023s][info ][gc,heap           ] GC(32) Survivor regions: 62->49(49)
[31,023s][info ][gc,heap           ] GC(32) Old regions: 569->699
[31,023s][info ][gc,heap           ] GC(32) Humongous regions: 0->0
[31,023s][info ][gc,metaspace      ] GC(32) Metaspace: 20717K(21056K)->20717K(21056K) NonClass: 18105K(18304K)->18105K(18304K) Class: 2611K(2752K)->2611K(2752K)
[31,023s][debug][gc,heap           ] GC(32) Heap after GC invocations=33 (full 0):
[31,023s][debug][gc,heap           ] GC(32)  garbage-first heap   total reserved 8388608K, committed 5242880K, used 3058721K [0x0000000600000000, 0x0000000800000000)
[31,023s][debug][gc,heap           ] GC(32)   region size 4096K, 49 young (200704K), 49 survivors (200704K)
[31,023s][debug][gc,heap           ] GC(32)  Metaspace       used 20717K, committed 21056K, reserved 1114112K
[31,023s][debug][gc,heap           ] GC(32)   class space    used 2611K, committed 2752K, reserved 1048576K
[31,023s][info ][gc                ] GC(32) Pause Young (Normal) (G1 Evacuation Pause) (Evacuation Failure: Pinned) 3837M->2987M(5120M) 76,117ms
[31,023s][info ][gc,cpu            ] GC(32) User=1,10s Sys=0,00s Real=0,07s
[31,024s][debug][gc,refine         ] Concurrent refinement: wanted 0, cards: 1985, predicted: 3723, time: 688,79ms
[31,024s][debug][gc,task           ] G1 Service Thread (Card Set Free Memory Task) (run: 1,693ms) (cpu: 0,158ms)
[31,128s][debug][gc,refine         ] Concurrent refinement: wanted 0, cards: 1985, predicted: 1985, time: 1,47ms
[31,178s][debug][gc,refine         ] Concurrent refinement: wanted 0, cards: 1985, predicted: 1985, time: 0,00ms
[31,179s][debug][gc,ergo           ] GC(33) Initiate concurrent cycle (concurrent cycle initiation requested)
[31,179s][info ][gc,start          ] GC(33) Pause Young (Concurrent Start) (G1 Evacuation Pause)
[31,179s][debug][gc,heap           ] GC(33) Heap before GC invocations=33 (full 0):
[31,179s][debug][gc,heap           ] GC(33)  garbage-first heap   total reserved 8388608K, committed 5242880K, used 4021281K [0x0000000600000000, 0x0000000800000000)
[31,179s][debug][gc,heap           ] GC(33)   region size 4096K, 285 young (1167360K), 49 survivors (200704K)
[31,179s][debug][gc,heap           ] GC(33)  Metaspace       used 20717K, committed 21056K, reserved 1114112K
[31,179s][debug][gc,heap           ] GC(33)   class space    used 2611K, committed 2752K, reserved 1048576K
[31,179s][info ][gc,task           ] GC(33) Using 15 workers of 15 for evacuation
[31,179s][debug][gc,age            ] GC(33) Desired survivor size 75497472 bytes, new threshold 1 (max threshold 15)
[31,179s][debug][gc,tlab           ] GC(33) TLAB totals: thrds: 20  refills: 1129 max: 70 slow allocs: 1856 max 135 waste:  1,1% gc: 5795504B max: 884864B slow: 3562808B max: 393632B
[31,179s][debug][gc,refine,stats   ] GC(33) Mutator refinement: 0,00ms, refined: 0, precleaned: 0, dirtied: 1745
[31,179s][debug][gc,refine,stats   ] GC(33) Concurrent refinement: 0,00ms, refined: 0, precleaned: 0, dirtied: 0
[31,179s][debug][gc,refine,stats   ] GC(33) Total refinement: 0,00ms, refined: 0, precleaned: 0, dirtied: 1745
[31,179s][debug][gc,refine,stats   ] GC(33) Generate dirty cards rate: 11,08 cards/ms
[31,179s][debug][gc,alloc,region   ] GC(33) Mutator Allocation stats, regions: 236, wasted size: 2320B ( 0,0%)
[31,179s][debug][gc,ergo,cset      ] GC(33) Do not add marking candidates to collection set due to pause type.
[31,180s][debug][gc,ergo,cset      ] GC(33) Start adding retained candidates to collection set. Min 1 regions, available 4, time remaining 40,00ms, optional remaining 40,00ms
[31,180s][debug][gc,ergo,cset      ] GC(33) Retained candidates exhausted.
[31,180s][debug][gc,ergo,cset      ] GC(33) Finish adding retained candidates to collection set. Initial: 4, optional: 0, pinned: 0, predicted initial time: 0,30ms, predicted optional time: 0,00ms, time remaining: 39,70ms optional time remaining 39,70ms
[31,180s][debug][gc,ergo           ] GC(33) Running G1 Merge Heap Roots using 15 workers for 289 regions
[31,181s][debug][gc,remset         ] GC(33) Visited cards 171072 Total dirty 1556480 (10,99%) Total old 10428416 (1,64%)
[31,216s][debug][gc,ref            ] GC(33) ReferenceProcessor::execute queues: 2, RefProcThreadModel::Multi, marks_oops_alive: false
[31,217s][debug][gc,ref            ] GC(33) ReferenceProcessor::execute queues: 15, RefProcThreadModel::Multi, marks_oops_alive: true
[31,218s][debug][gc,ref            ] GC(33) Skipped PhantomRefsPhase of Reference Processing: no references
[31,218s][debug][gc,ergo           ] GC(33) Running G1 Rebuild Free List Task using 15 workers for rebuilding free list of regions
[31,218s][debug][gc,plab           ] GC(33) Young PLAB allocation: allocated: 31457280B, wasted: 0B, unused: 30093872B, used: 1363408B, undo waste: 0B, 
[31,218s][debug][gc,plab           ] GC(33) Young other allocation: region end waste: 0B, regions filled: 8, num plab filled: 15, direct allocated: 0B, num direct allocated: 0, failure used: 0B, failure wasted: 0B
[31,218s][debug][gc,plab           ] GC(33) Young sizing: calculated: 272680B, actual: 11158464B
[31,218s][debug][gc,plab           ] GC(33) Old PLAB allocation: allocated: 222298112B, wasted: 26608B, unused: 19568872B, used: 202702632B, undo waste: 0B, 
[31,218s][debug][gc,plab           ] GC(33) Old other allocation: region end waste: 0B, regions filled: 54, num plab filled: 106, direct allocated: 0B, num direct allocated: 0, failure used: 0B, failure wasted: 0B
[31,218s][debug][gc,plab           ] GC(33) Old sizing: calculated: 40540520B, actual: 55470592B
[31,218s][debug][gc,task,start     ] G1 Service Thread (Card Set Free Memory Task) (run 0,010ms after schedule)
[31,218s][debug][gc,ergo,heap      ] GC(33) Heap expansion: short term pause time ratio 4,85% long term pause time ratio 4,16% threshold 7,69% pause time ratio 7,69% fully expanded false resize by 0B
[31,219s][debug][gc,mmu            ] GC(33) MMU: 43,6ms (200,0ms/201,0ms)
[31,219s][debug][gc,alloc,stats    ] Old generation allocation in the last mutator period, old gen allocated: 222298112B, humongous allocated: 0B, old gen growth: 222298112B.
[31,219s][debug][gc,ihop           ] GC(33) Basic information (value update), threshold: 2415919104B (45,00), target occupancy: 5368709120B, current occupancy: 3163588144B, recent allocation size: 222298112B, recent allocation duration: 157,43ms, recent old gen allocation rate: 1412080593,73B/s, recent marking phase length: 4181,82ms
[31,219s][debug][gc,ihop           ] GC(33) Adaptive IHOP information (value update), threshold: 2415919104B (47,37), internal target occupancy: 5100273664B, occupancy: 3163588144B, additional buffer size: 1195376640B, predicted old gen allocation rate: 834156565,50B/s, predicted marking phase length: 3663,03ms, prediction active: false
[31,219s][debug][gc,ergo,refine    ] GC(33) GC refinement: goal: 330342 + 1425 / 20,00ms, actual: 3730 / 0,47ms, 
[31,219s][debug][gc,ergo,refine    ] GC(33) Unchanged pending cards target: 330342
[31,219s][info ][gc,phases         ] GC(33)   Pre Evacuate Collection Set: 0,77ms
[31,219s][debug][gc,phases         ] GC(33)     Reset Marking State (ms):      Min: 0,04, Avg: 0,04, Max: 0,04, Diff: 0,00, Sum: 0,04, Workers: 1
[31,219s][debug][gc,phases         ] GC(33)     Note Start Of Mark (ms):       Min: 0,13, Avg: 0,14, Max: 0,14, Diff: 0,02, Sum: 0,55, Workers: 4
[31,219s][debug][gc,phases         ] GC(33)     Pre Evacuate Prepare: 0,05ms
[31,219s][debug][gc,phases         ] GC(33)       JT Retire TLABs And Flush Logs (ms): Min: 0,00, Avg: 0,01, Max: 0,02, Diff: 0,02, Sum: 0,02, Workers: 2
[31,219s][debug][gc,phases         ] GC(33)       Non-JT Flush Logs (ms):        Min: 0,01, Avg: 0,01, Max: 0,01, Diff: 0,00, Sum: 0,01, Workers: 1
[31,219s][debug][gc,phases         ] GC(33)     Choose Collection Set: 0,07ms
[31,219s][debug][gc,phases         ] GC(33)     Region Register: 0,47ms
[31,219s][debug][gc,phases         ] GC(33)     Prepare Heap Roots: 0,00ms
[31,219s][info ][gc,phases         ] GC(33)   Merge Heap Roots: 0,58ms
[31,219s][debug][gc,phases         ] GC(33)     Prepare Merge Heap Roots: 0,03ms
[31,219s][debug][gc,phases         ] GC(33)     Remembered Sets (ms):          Min: 0,07, Avg: 0,12, Max: 0,16, Diff: 0,09, Sum: 1,75, Workers: 15
[31,219s][debug][gc,phases         ] GC(33)       Eager Reclaim (ms):            skipped
[31,219s][debug][gc,phases         ] GC(33)       Merged Inline                  Min: 0, Avg:  0,0, Max: 0, Diff: 0, Sum: 0, Workers: 15
[31,219s][debug][gc,phases         ] GC(33)       Merged ArrayOfCards            Min: 0, Avg:  0,0, Max: 0, Diff: 0, Sum: 0, Workers: 15
[31,219s][debug][gc,phases         ] GC(33)       Merged Howl                    Min: 0, Avg:  0,0, Max: 0, Diff: 0, Sum: 0, Workers: 15
[31,219s][debug][gc,phases         ] GC(33)       Merged Full                    Min: 0, Avg:  0,0, Max: 0, Diff: 0, Sum: 0, Workers: 15
[31,219s][debug][gc,phases         ] GC(33)       Merged Howl Inline             Min: 0, Avg:  0,0, Max: 0, Diff: 0, Sum: 0, Workers: 15
[31,219s][debug][gc,phases         ] GC(33)       Merged Howl ArrayOfCards       Min: 0, Avg:  0,0, Max: 0, Diff: 0, Sum: 0, Workers: 15
[31,219s][debug][gc,phases         ] GC(33)       Merged Howl BitMap             Min: 0, Avg:  0,0, Max: 0, Diff: 0, Sum: 0, Workers: 15
[31,219s][debug][gc,phases         ] GC(33)       Merged Howl Full               Min: 0, Avg:  0,0, Max: 0, Diff: 0, Sum: 0, Workers: 15
[31,219s][debug][gc,phases         ] GC(33)       Merged Cards                   Min: 8, Avg:  8,0, Max: 8, Diff: 0, Sum: 120, Workers: 15
[31,219s][debug][gc,phases         ] GC(33)     Log Buffers (ms):              Min: 0,02, Avg: 0,03, Max: 0,05, Diff: 0,03, Sum: 0,49, Workers: 15
[31,219s][debug][gc,phases         ] GC(33)       Dirty Cards:                   Min: 47, Avg: 248,7, Max: 499, Diff: 452, Sum: 3730, Workers: 15
[31,219s][debug][gc,phases         ] GC(33)       Skipped Cards:                 Min: 0, Avg:  0,0, Max: 0, Diff: 0, Sum: 0, Workers: 15
[31,219s][info ][gc,phases         ] GC(33)   Evacuate Collection Set: 35,45ms
[31,219s][debug][gc,phases         ] GC(33)     Ext Root Scanning (ms):        Min: 0,00, Avg: 0,09, Max: 0,52, Diff: 0,51, Sum: 1,30, Workers: 15
[31,219s][debug][gc,phases         ] GC(33)     Scan Heap Roots (ms):          Min: 0,14, Avg: 0,43, Max: 0,82, Diff: 0,68, Sum: 6,49, Workers: 15
[31,219s][debug][gc,phases         ] GC(33)       Scanned Cards:                 Min: 70, Avg: 247,5, Max: 515, Diff: 445, Sum: 3712, Workers: 15
[31,219s][debug][gc,phases         ] GC(33)       Scanned Blocks:                Min: 48, Avg: 180,9, Max: 371, Diff: 323, Sum: 2713, Workers: 15
[31,219s][debug][gc,phases         ] GC(33)       Claimed Chunks:                Min: 47, Avg: 178,2, Max: 369, Diff: 322, Sum: 2673, Workers: 15
[31,219s][debug][gc,phases         ] GC(33)       Found Roots:                   Min: 140, Avg: 542,1, Max: 1235, Diff: 1095, Sum: 8131, Workers: 15
[31,219s][debug][gc,phases         ] GC(33)     Code Root Scan (ms):           Min: 0,02, Avg: 0,03, Max: 0,04, Diff: 0,02, Sum: 0,45, Workers: 15
[31,219s][debug][gc,phases         ] GC(33)       Scanned Nmethods               Min: 0, Avg:  0,1, Max: 1, Diff: 1, Sum: 1, Workers: 15
[31,219s][debug][gc,phases         ] GC(33)     Object Copy (ms):              Min: 33,90, Avg: 34,32, Max: 34,76, Diff: 0,86, Sum: 514,74, Workers: 15
[31,219s][debug][gc,phases         ] GC(33)     Termination (ms):              Min: 0,07, Avg: 0,16, Max: 0,35, Diff: 0,29, Sum: 2,41, Workers: 15
[31,219s][debug][gc,phases         ] GC(33)       Termination Attempts:          Min: 1, Avg:  1,1, Max: 2, Diff: 1, Sum: 16, Workers: 15
[31,219s][debug][gc,phases         ] GC(33)     GC Worker Other (ms):          Min: 0,04, Avg: 0,06, Max: 0,08, Diff: 0,04, Sum: 0,95, Workers: 15
[31,219s][debug][gc,phases         ] GC(33)     GC Worker Total (ms):          Min: 34,98, Avg: 35,09, Max: 35,34, Diff: 0,36, Sum: 526,34, Workers: 15
[31,219s][info ][gc,phases         ] GC(33)   Post Evacuate Collection Set: 2,14ms
[31,219s][debug][gc,phases         ] GC(33)     NMethod List Cleanup: 0,01ms
[31,219s][debug][gc,phases         ] GC(33)     Reference Processing: 1,40ms
[31,219s][debug][gc,phases,ref     ] GC(33)       Notify Soft/WeakReferences: 0,7ms
[31,219s][debug][gc,phases,ref     ] GC(33)         Balance queues: 0,0ms
[31,219s][debug][gc,phases,ref     ] GC(33)         SoftRef (ms):                  Min: 0,00, Avg: 0,00, Max: 0,00, Diff: 0,00, Sum: 0,00, Workers: 2
[31,219s][debug][gc,phases,ref     ] GC(33)         WeakRef (ms):                  Min: 0,00, Avg: 0,00, Max: 0,00, Diff: 0,00, Sum: 0,00, Workers: 2
[31,219s][debug][gc,phases,ref     ] GC(33)         FinalRef (ms):                 Min: 0,11, Avg: 0,17, Max: 0,23, Diff: 0,12, Sum: 0,33, Workers: 2
[31,220s][debug][gc,phases,ref     ] GC(33)         Total (ms):                    Min: 0,23, Avg: 0,32, Max: 0,41, Diff: 0,17, Sum: 0,64, Workers: 2
[31,220s][debug][gc,phases,ref     ] GC(33)       Notify and keep alive finalizable: 0,6ms
[31,220s][debug][gc,phases,ref     ] GC(33)         Balance queues: 0,0ms
[31,220s][debug][gc,phases,ref     ] GC(33)         FinalRef (ms):                 Min: 0,23, Avg: 0,37, Max: 0,52, Diff: 0,28, Sum: 5,61, Workers: 15
[31,220s][debug][gc,phases,ref     ] GC(33)       Notify PhantomReferences: 0,0ms
[31,220s][debug][gc,phases,ref     ] GC(33)         PhantomRef (ms):               skipped
[31,220s][debug][gc,phases,ref     ] GC(33)       SoftReference Discovered: 0, Dropped: 0, Processed: 0
[31,220s][debug][gc,phases,ref     ] GC(33)       WeakReference Discovered: 0, Dropped: 0, Processed: 0
[31,220s][debug][gc,phases,ref     ] GC(33)       FinalReference Discovered: 1927, Dropped: 0, Processed: 1927
[31,220s][debug][gc,phases,ref     ] GC(33)       PhantomReference Discovered: 0, Dropped: 0, Processed: 0
[31,220s][debug][gc,phases         ] GC(33)     Weak Processing: 0,11ms
[31,220s][debug][gc,phases         ] GC(33)       VM Weak                        Min: 0,00, Avg: 0,00, Max: 0,00, Diff: 0,00, Sum: 0,02, Workers: 15
[31,220s][debug][gc,phases         ] GC(33)         Dead                           Min: 0, Avg:  0,0, Max: 0, Diff: 0, Sum: 0, Workers: 15
[31,220s][debug][gc,phases         ] GC(33)         Total                          Min: 0, Avg: 11,0, Max: 101, Diff: 101, Sum: 165, Workers: 15
[31,220s][debug][gc,phases         ] GC(33)       ObjectSynchronizer Weak        Min: 0,00, Avg: 0,00, Max: 0,00, Diff: 0,00, Sum: 0,01, Workers: 15
[31,220s][debug][gc,phases         ] GC(33)         Dead                           Min: 0, Avg:  0,0, Max: 0, Diff: 0, Sum: 0, Workers: 15
[31,220s][debug][gc,phases         ] GC(33)         Total                          Min: 0, Avg:  2,2, Max: 33, Diff: 33, Sum: 33, Workers: 15
[31,220s][debug][gc,phases         ] GC(33)       JVMTI Tag Weak OopStorage      Min: 0,00, Avg: 0,00, Max: 0,00, Diff: 0,00, Sum: 0,01, Workers: 15
[31,220s][debug][gc,phases         ] GC(33)         Dead                           Min: 0, Avg:  0,0, Max: 0, Diff: 0, Sum: 0, Workers: 15
[31,220s][debug][gc,phases         ] GC(33)         Total                          Min: 0, Avg:  0,0, Max: 0, Diff: 0, Sum: 0, Workers: 15
[31,220s][debug][gc,phases         ] GC(33)       StringTable Weak               Min: 0,00, Avg: 0,01, Max: 0,03, Diff: 0,03, Sum: 0,15, Workers: 15
[31,220s][debug][gc,phases         ] GC(33)         Dead                           Min: 0, Avg:  0,0, Max: 0, Diff: 0, Sum: 0, Workers: 15
[31,220s][debug][gc,phases         ] GC(33)         Total                          Min: 0, Avg: 565,1, Max: 1728, Diff: 1728, Sum: 8477, Workers: 15
[31,220s][debug][gc,phases         ] GC(33)       ResolvedMethodTable Weak       Min: 0,00, Avg: 0,00, Max: 0,01, Diff: 0,01, Sum: 0,04, Workers: 15
[31,220s][debug][gc,phases         ] GC(33)         Dead                           Min: 0, Avg:  0,0, Max: 0, Diff: 0, Sum: 0, Workers: 15
[31,220s][debug][gc,phases         ] GC(33)         Total                          Min: 0, Avg: 113,1, Max: 359, Diff: 359, Sum: 1697, Workers: 15
[31,220s][debug][gc,phases         ] GC(33)       JNI Weak                       Min: 0,00, Avg: 0,00, Max: 0,00, Diff: 0,00, Sum: 0,01, Workers: 15
[31,220s][debug][gc,phases         ] GC(33)         Dead                           Min: 0, Avg:  0,0, Max: 0, Diff: 0, Sum: 0, Workers: 15
[31,220s][debug][gc,phases         ] GC(33)         Total                          Min: 0, Avg:  0,0, Max: 0, Diff: 0, Sum: 0, Workers: 15
[31,220s][debug][gc,phases         ] GC(33)       StringDedup Table Weak         Min: 0,00, Avg: 0,01, Max: 0,03, Diff: 0,03, Sum: 0,20, Workers: 15
[31,220s][debug][gc,phases         ] GC(33)         Dead                           Min: 0, Avg:  0,0, Max: 0, Diff: 0, Sum: 0, Workers: 15
[31,220s][debug][gc,phases         ] GC(33)         Total                          Min: 0, Avg: 874,3, Max: 2304, Diff: 2304, Sum: 13115, Workers: 15
[31,220s][debug][gc,phases         ] GC(33)       StringDedup Requests0 Weak     Min: 0,00, Avg: 0,00, Max: 0,00, Diff: 0,00, Sum: 0,02, Workers: 15
[31,220s][debug][gc,phases         ] GC(33)         Dead                           Min: 0, Avg:  0,0, Max: 0, Diff: 0, Sum: 0, Workers: 15
[31,220s][debug][gc,phases         ] GC(33)         Total                          Min: 0, Avg: 21,3, Max: 64, Diff: 64, Sum: 320, Workers: 15
[31,220s][debug][gc,phases         ] GC(33)       StringDedup Requests1 Weak     Min: 0,00, Avg: 0,00, Max: 0,00, Diff: 0,00, Sum: 0,00, Workers: 15
[31,220s][debug][gc,phases         ] GC(33)         Dead                           Min: 0, Avg:  0,0, Max: 0, Diff: 0, Sum: 0, Workers: 15
[31,220s][debug][gc,phases         ] GC(33)         Total                          Min: 0, Avg:  0,0, Max: 0, Diff: 0, Sum: 0, Workers: 15
[31,220s][debug][gc,phases         ] GC(33)       Weak JFR Old Object Samples    Min: 0,00, Avg: 0,00, Max: 0,00, Diff: 0,00, Sum: 0,01, Workers: 15
[31,220s][debug][gc,phases         ] GC(33)         Dead                           Min: 0, Avg:  0,0, Max: 0, Diff: 0, Sum: 0, Workers: 15
[31,220s][debug][gc,phases         ] GC(33)         Total                          Min: 0, Avg:  0,0, Max: 0, Diff: 0, Sum: 0, Workers: 15
[31,220s][debug][gc,phases         ] GC(33)     Post Evacuate Cleanup 1: 0,16ms
[31,220s][debug][gc,phases         ] GC(33)       Merge Per-Thread State (ms):   Min: 0,08, Avg: 0,08, Max: 0,08, Diff: 0,00, Sum: 0,08, Workers: 1
[31,220s][debug][gc,phases         ] GC(33)         Copied Bytes                   Min: 10556832, Avg: 13604402,7, Max: 15422632, Diff: 4865800, Sum: 204066040, Workers: 15
[31,220s][debug][gc,phases         ] GC(33)         LAB Waste                      Min: 216, Avg: 1773,9, Max: 4184, Diff: 3968, Sum: 26608, Workers: 15
[31,220s][debug][gc,phases         ] GC(33)         LAB Undo Waste                 Min: 0, Avg:  0,0, Max: 0, Diff: 0, Sum: 0, Workers: 15
[31,220s][debug][gc,phases         ] GC(33)         Evac Fail Extra Cards          Min: 0, Avg:  0,0, Max: 0, Diff: 0, Sum: 0, Workers: 15
[31,220s][debug][gc,phases         ] GC(33)       Clear Logged Cards (ms):       Min: 0,00, Avg: 0,06, Max: 0,13, Diff: 0,13, Sum: 0,31, Workers: 5
[31,220s][debug][gc,phases         ] GC(33)       Recalculate Used Memory (ms):  Min: 0,00, Avg: 0,00, Max: 0,00, Diff: 0,00, Sum: 0,00, Workers: 1
[31,220s][debug][gc,phases         ] GC(33)     Post Evacuate Cleanup 2: 0,21ms
[31,220s][debug][gc,phases         ] GC(33)       Update Derived Pointers (ms):  Min: 0,00, Avg: 0,00, Max: 0,00, Diff: 0,00, Sum: 0,00, Workers: 1
[31,221s][debug][gc,phases         ] GC(33)       Eagerly Reclaim Humongous Objects (ms): skipped
[31,221s][debug][gc,phases         ] GC(33)         Humongous Total                skipped
[31,221s][debug][gc,phases         ] GC(33)         Humongous Candidates           skipped
[31,221s][debug][gc,phases         ] GC(33)         Humongous Reclaimed            skipped
[31,221s][debug][gc,phases         ] GC(33)       Redirty Logged Cards (ms):     Min: 0,00, Avg: 0,01, Max: 0,02, Diff: 0,02, Sum: 0,09, Workers: 15
[31,221s][debug][gc,phases         ] GC(33)         Redirtied Cards:               Min: 0, Avg: 192,6, Max: 888, Diff: 888, Sum: 2889, Workers: 15
[31,221s][debug][gc,phases         ] GC(33)       Resize TLABs (ms):             Min: 0,00, Avg: 0,00, Max: 0,01, Diff: 0,01, Sum: 0,01, Workers: 15
[31,221s][debug][gc,phases         ] GC(33)       Free Collection Set (ms):      Min: 0,03, Avg: 0,08, Max: 0,13, Diff: 0,10, Sum: 1,20, Workers: 15
[31,221s][debug][gc,phases         ] GC(33)     Rebuild Free List: 0,10ms
[31,221s][debug][gc,phases         ] GC(33)     Prepare For Mutator: 0,13ms
[31,221s][debug][gc,phases         ] GC(33)     Expand Heap After Collection: 0,00ms
[31,221s][info ][gc,phases         ] GC(33)   Other: 0,44ms
[31,221s][debug][gc,remset         ] GC(33) Coarsening (recent): Inline->AoC 0 (0) AoC->Howl 0 (0) Howl->Full 0 (0) Inline->AoC 0 (0) AoC->BitMap 0 (0) BitMap->Full 0 (0) 
[31,221s][debug][gc,remset         ] GC(33) Coarsening (all): Inline->AoC 1872 (0) AoC->Howl 848 (0) Howl->Full 276 (0) Inline->AoC 5506 (0) AoC->BitMap 5344 (0) BitMap->Full 1198 (0) 
[31,221s][info ][gc,heap           ] GC(33) Eden regions: 236->0(277)
[31,221s][info ][gc,heap           ] GC(33) Survivor regions: 49->8(36)
[31,221s][info ][gc,heap           ] GC(33) Old regions: 699->748
[31,221s][info ][gc,heap           ] GC(33) Humongous regions: 0->0
[31,221s][info ][gc,metaspace      ] GC(33) Metaspace: 20717K(21056K)->20717K(21056K) NonClass: 18105K(18304K)->18105K(18304K) Class: 2611K(2752K)->2611K(2752K)
[31,221s][debug][gc,heap           ] GC(33) Heap after GC invocations=34 (full 0):
[31,221s][debug][gc,heap           ] GC(33)  garbage-first heap   total reserved 8388608K, committed 5242880K, used 3089441K [0x0000000600000000, 0x0000000800000000)
[31,221s][debug][gc,heap           ] GC(33)   region size 4096K, 8 young (32768K), 8 survivors (32768K)
[31,221s][debug][gc,heap           ] GC(33)  Metaspace       used 20717K, committed 21056K, reserved 1114112K
[31,221s][debug][gc,heap           ] GC(33)   class space    used 2611K, committed 2752K, reserved 1048576K
[31,221s][info ][gc                ] GC(33) Pause Young (Concurrent Start) (G1 Evacuation Pause) 3931M->3017M(5120M) 41,827ms
[31,221s][info ][gc,cpu            ] GC(33) User=0,53s Sys=0,01s Real=0,04s
[31,221s][info ][gc                ] GC(34) Concurrent Mark Cycle
[31,221s][debug][gc,task           ] G1 Service Thread (Card Set Free Memory Task) (run: 2,818ms) (cpu: 0,216ms)
[31,221s][info ][gc,marking        ] GC(34) Concurrent Scan Root Regions
[31,221s][debug][gc,ergo           ] GC(34) Running G1 Root Region Scan using 4 workers for 62 work units.
[31,221s][debug][gc,refine         ] Concurrent refinement: wanted 0, cards: 2889, predicted: 4892, time: 296,49ms
[31,249s][info ][gc,marking        ] GC(34) Concurrent Scan Root Regions 27,855ms
[31,249s][info ][gc,marking        ] GC(34) Concurrent Mark
[31,249s][info ][gc,marking        ] GC(34) Concurrent Mark From Roots
[31,249s][info ][gc,task           ] GC(34) Using 4 workers of 4 for marking
[31,292s][debug][gc,refine         ] Concurrent refinement: wanted 0, cards: 3401, predicted: 5393, time: 294,88ms
[31,316s][debug][gc,stats          ] ---------------------------------------------------------------------
[31,316s][debug][gc,stats          ] Marking Stats, task = 0, calls = 15
[31,316s][debug][gc,stats          ]   Elapsed time = 66,19ms, Termination time = 0,27ms
[31,316s][debug][gc,stats          ]   Step Times (cum): num = 70, avg = 3,07ms, sd = 4,45ms max = 12,00ms, total = 215,16ms
[31,316s][debug][gc,stats          ]   Mark Stats Cache: hits 1436102 misses 1 ratio 100,000
[31,316s][debug][gc,stats          ] ---------------------------------------------------------------------
[31,316s][debug][gc,stats          ] Marking Stats, task = 1, calls = 8
[31,316s][debug][gc,stats          ]   Elapsed time = 66,18ms, Termination time = 0,00ms
[31,316s][debug][gc,stats          ]   Step Times (cum): num = 30, avg = 7,17ms, sd = 4,12ms max = 12,00ms, total = 215,01ms
[31,316s][debug][gc,stats          ]   Mark Stats Cache: hits 1257512 misses 1 ratio 100,000
[31,316s][debug][gc,stats          ] ---------------------------------------------------------------------
[31,316s][debug][gc,stats          ] Marking Stats, task = 2, calls = 14
[31,316s][debug][gc,stats          ]   Elapsed time = 66,14ms, Termination time = 0,27ms
[31,316s][debug][gc,stats          ]   Step Times (cum): num = 36, avg = 5,98ms, sd = 4,63ms max = 12,00ms, total = 215,18ms
[31,316s][debug][gc,stats          ]   Mark Stats Cache: hits 1417920 misses 1 ratio 100,000
[31,316s][debug][gc,stats          ] ---------------------------------------------------------------------
[31,316s][debug][gc,stats          ] Marking Stats, task = 3, calls = 14
[31,316s][debug][gc,stats          ]   Elapsed time = 66,12ms, Termination time = 0,27ms
[31,316s][debug][gc,stats          ]   Step Times (cum): num = 36, avg = 5,99ms, sd = 4,54ms max = 12,00ms, total = 215,81ms
[31,316s][debug][gc,stats          ]   Mark Stats Cache: hits 1410241 misses 1 ratio 100,000
[31,316s][debug][gc,stats          ] ---------------------------------------------------------------------
[31,316s][info ][gc,marking        ] GC(34) Concurrent Mark From Roots 66,665ms
[31,316s][info ][gc,marking        ] GC(34) Concurrent Preclean
[31,316s][debug][gc,ref,start      ] GC(34) Preclean SoftReferences
[31,316s][debug][gc,ref            ] GC(34) Preclean SoftReferences 0,018ms
[31,316s][debug][gc,ref,start      ] GC(34) Preclean WeakReferences
[31,316s][debug][gc,ref            ] GC(34) Preclean WeakReferences 0,032ms
[31,316s][debug][gc,ref,start      ] GC(34) Preclean FinalReferences
[31,316s][debug][gc,ref            ] GC(34) Preclean FinalReferences 0,018ms
[31,316s][debug][gc,ref,start      ] GC(34) Preclean PhantomReferences
[31,316s][debug][gc,ref            ] GC(34) Preclean PhantomReferences 0,052ms
[31,316s][info ][gc,marking        ] GC(34) Concurrent Preclean 0,213ms
[31,316s][info ][gc,start          ] GC(34) Pause Remark
[31,316s][debug][gc,phases,start   ] GC(34) Finalize Marking
[31,317s][debug][gc,stats          ] ---------------------------------------------------------------------
[31,317s][debug][gc,stats          ] Marking Stats, task = 0, calls = 16
[31,317s][debug][gc,stats          ]   Elapsed time = 0,15ms, Termination time = 0,34ms
[31,317s][debug][gc,stats          ]   Step Times (cum): num = 71, avg = 3,03ms, sd = 4,43ms max = 12,00ms, total = 215,30ms
[31,317s][debug][gc,stats          ]   Mark Stats Cache: hits 1436102 misses 1 ratio 100,000
[31,317s][debug][gc,stats          ] ---------------------------------------------------------------------
[31,317s][debug][gc,stats          ] Marking Stats, task = 1, calls = 10
[31,317s][debug][gc,stats          ]   Elapsed time = 0,18ms, Termination time = 0,11ms
[31,317s][debug][gc,stats          ]   Step Times (cum): num = 32, avg = 6,72ms, sd = 4,35ms max = 12,00ms, total = 215,09ms
[31,317s][debug][gc,stats          ]   Mark Stats Cache: hits 1257512 misses 1 ratio 100,000
[31,317s][debug][gc,stats          ] ---------------------------------------------------------------------
[31,317s][debug][gc,stats          ] Marking Stats, task = 2, calls = 15
[31,317s][debug][gc,stats          ]   Elapsed time = 0,14ms, Termination time = 0,32ms
[31,317s][debug][gc,stats          ]   Step Times (cum): num = 37, avg = 5,82ms, sd = 4,67ms max = 12,00ms, total = 215,29ms
[31,317s][debug][gc,stats          ]   Mark Stats Cache: hits 1418136 misses 1 ratio 100,000
[31,317s][debug][gc,stats          ] ---------------------------------------------------------------------
[31,317s][debug][gc,stats          ] Marking Stats, task = 3, calls = 16
[31,317s][debug][gc,stats          ]   Elapsed time = 0,13ms, Termination time = 0,34ms
[31,317s][debug][gc,stats          ]   Step Times (cum): num = 38, avg = 5,68ms, sd = 4,62ms max = 12,00ms, total = 215,90ms
[31,317s][debug][gc,stats          ]   Mark Stats Cache: hits 1410241 misses 1 ratio 100,000
[31,317s][debug][gc,stats          ] ---------------------------------------------------------------------
[31,317s][debug][gc,stats          ] Marking Stats, task = 4, calls = 1
[31,317s][debug][gc,stats          ]   Elapsed time = 0,16ms, Termination time = 0,11ms
[31,317s][debug][gc,stats          ]   Step Times (cum): num = 5, avg = 0,04ms, sd = 0,01ms max = 0,05ms, total = 0,19ms
[31,317s][debug][gc,stats          ]   Mark Stats Cache: hits 3892 misses 1 ratio 99,974
[31,317s][debug][gc,stats          ] ---------------------------------------------------------------------
[31,317s][debug][gc,stats          ] Marking Stats, task = 5, calls = 1
[31,317s][debug][gc,stats          ]   Elapsed time = 0,12ms, Termination time = 0,07ms
[31,317s][debug][gc,stats          ]   Step Times (cum): num = 5, avg = 0,04ms, sd = 0,02ms max = 0,08ms, total = 0,21ms
[31,317s][debug][gc,stats          ]   Mark Stats Cache: hits 82 misses 1 ratio 98,795
[31,317s][debug][gc,stats          ] ---------------------------------------------------------------------
[31,317s][debug][gc,stats          ] Marking Stats, task = 6, calls = 1
[31,317s][debug][gc,stats          ]   Elapsed time = 0,11ms, Termination time = 0,06ms
[31,317s][debug][gc,stats          ]   Step Times (cum): num = 5, avg = 0,05ms, sd = 0,03ms max = 0,10ms, total = 0,23ms
[31,317s][debug][gc,stats          ]   Mark Stats Cache: hits 80 misses 0 ratio 100,000
[31,317s][debug][gc,stats          ] ---------------------------------------------------------------------
[31,317s][debug][gc,stats          ] Marking Stats, task = 7, calls = 1
[31,317s][debug][gc,stats          ]   Elapsed time = 0,11ms, Termination time = 0,06ms
[31,317s][debug][gc,stats          ]   Step Times (cum): num = 5, avg = 0,04ms, sd = 0,02ms max = 0,08ms, total = 0,22ms
[31,317s][debug][gc,stats          ]   Mark Stats Cache: hits 0 misses 0 ratio 0,000
[31,317s][debug][gc,stats          ] ---------------------------------------------------------------------
[31,317s][debug][gc,stats          ] Marking Stats, task = 8, calls = 1
[31,317s][debug][gc,stats          ]   Elapsed time = 0,10ms, Termination time = 0,07ms
[31,317s][debug][gc,stats          ]   Step Times (cum): num = 5, avg = 0,04ms, sd = 0,01ms max = 0,05ms, total = 0,19ms
[31,317s][debug][gc,stats          ]   Mark Stats Cache: hits 0 misses 0 ratio 0,000
[31,317s][debug][gc,stats          ] ---------------------------------------------------------------------
[31,317s][debug][gc,stats          ] Marking Stats, task = 9, calls = 1
[31,317s][debug][gc,stats          ]   Elapsed time = 0,14ms, Termination time = 0,11ms
[31,317s][debug][gc,stats          ]   Step Times (cum): num = 5, avg = 0,04ms, sd = 0,01ms max = 0,05ms, total = 0,20ms
[31,317s][debug][gc,stats          ]   Mark Stats Cache: hits 0 misses 0 ratio 0,000
[31,317s][debug][gc,stats          ] ---------------------------------------------------------------------
[31,317s][debug][gc,stats          ] Marking Stats, task = 10, calls = 1
[31,317s][debug][gc,stats          ]   Elapsed time = 0,08ms, Termination time = 0,06ms
[31,317s][debug][gc,stats          ]   Step Times (cum): num = 5, avg = 0,05ms, sd = 0,01ms max = 0,06ms, total = 0,24ms
[31,317s][debug][gc,stats          ]   Mark Stats Cache: hits 0 misses 0 ratio 0,000
[31,317s][debug][gc,stats          ] ---------------------------------------------------------------------
[31,317s][debug][gc,stats          ] Marking Stats, task = 11, calls = 1
[31,317s][debug][gc,stats          ]   Elapsed time = 0,08ms, Termination time = 0,06ms
[31,317s][debug][gc,stats          ]   Step Times (cum): num = 5, avg = 0,05ms, sd = 0,01ms max = 0,06ms, total = 0,23ms
[31,317s][debug][gc,stats          ]   Mark Stats Cache: hits 0 misses 0 ratio 0,000
[31,317s][debug][gc,stats          ] ---------------------------------------------------------------------
[31,318s][debug][gc,stats          ] Marking Stats, task = 12, calls = 1
[31,318s][debug][gc,stats          ]   Elapsed time = 0,05ms, Termination time = 0,05ms
[31,318s][debug][gc,stats          ]   Step Times (cum): num = 5, avg = 0,03ms, sd = 0,02ms max = 0,05ms, total = 0,15ms
[31,318s][debug][gc,stats          ]   Mark Stats Cache: hits 0 misses 0 ratio 0,000
[31,318s][debug][gc,stats          ] ---------------------------------------------------------------------
[31,318s][debug][gc,stats          ] Marking Stats, task = 13, calls = 1
[31,318s][debug][gc,stats          ]   Elapsed time = 0,02ms, Termination time = 0,02ms
[31,318s][debug][gc,stats          ]   Step Times (cum): num = 5, avg = 0,02ms, sd = 0,03ms max = 0,06ms, total = 0,10ms
[31,318s][debug][gc,stats          ]   Mark Stats Cache: hits 0 misses 0 ratio 0,000
[31,318s][debug][gc,stats          ] ---------------------------------------------------------------------
[31,318s][debug][gc,stats          ] Marking Stats, task = 14, calls = 1
[31,318s][debug][gc,stats          ]   Elapsed time = 0,04ms, Termination time = 0,03ms
[31,318s][debug][gc,stats          ]   Step Times (cum): num = 5, avg = 0,03ms, sd = 0,02ms max = 0,05ms, total = 0,16ms
[31,318s][debug][gc,stats          ]   Mark Stats Cache: hits 0 misses 0 ratio 0,000
[31,318s][debug][gc,stats          ] ---------------------------------------------------------------------
[31,318s][debug][gc,phases         ] GC(34) Finalize Marking 1,311ms
[31,318s][debug][gc,phases,start   ] GC(34) Reference Processing
[31,318s][debug][gc,ref            ] GC(34) ReferenceProcessor::execute queues: 1, RefProcThreadModel::Single, marks_oops_alive: false
[31,318s][debug][gc,ref            ] GC(34) ReferenceProcessor::execute queues: 15, RefProcThreadModel::Multi, marks_oops_alive: true
[31,318s][debug][gc,ref            ] GC(34) ReferenceProcessor::execute queues: 1, RefProcThreadModel::Single, marks_oops_alive: false
[31,318s][debug][gc,phases,ref     ] GC(34) Reference Processing: 0,3ms
[31,318s][debug][gc,phases,ref     ] GC(34)   Notify Soft/WeakReferences: 0,1ms
[31,318s][debug][gc,phases,ref     ] GC(34)     SoftRef (ms):                  Min: 0,00, Avg: 0,00, Max: 0,00, Diff: 0,00, Sum: 0,00, Workers: 1
[31,318s][debug][gc,phases,ref     ] GC(34)     WeakRef (ms):                  Min: 0,00, Avg: 0,00, Max: 0,00, Diff: 0,00, Sum: 0,00, Workers: 1
[31,318s][debug][gc,phases,ref     ] GC(34)     FinalRef (ms):                 Min: 0,00, Avg: 0,00, Max: 0,00, Diff: 0,00, Sum: 0,00, Workers: 1
[31,318s][debug][gc,phases,ref     ] GC(34)     Total (ms):                    Min: 0,03, Avg: 0,03, Max: 0,03, Diff: 0,00, Sum: 0,03, Workers: 1
[31,318s][debug][gc,phases,ref     ] GC(34)   Notify and keep alive finalizable: 0,2ms
[31,318s][debug][gc,phases,ref     ] GC(34)     Balance queues: 0,0ms
[31,318s][debug][gc,phases,ref     ] GC(34)     FinalRef (ms):                 Min: 0,02, Avg: 0,11, Max: 0,17, Diff: 0,15, Sum: 1,67, Workers: 15
[31,318s][debug][gc,phases,ref     ] GC(34)   Notify PhantomReferences: 0,0ms
[31,318s][debug][gc,phases,ref     ] GC(34)     PhantomRef (ms):               Min: 0,00, Avg: 0,00, Max: 0,00, Diff: 0,00, Sum: 0,00, Workers: 1
[31,318s][debug][gc,phases,ref     ] GC(34)   SoftReference Discovered: 0, Dropped: 0, Processed: 0
[31,318s][debug][gc,phases,ref     ] GC(34)   WeakReference Discovered: 0, Dropped: 0, Processed: 0
[31,318s][debug][gc,phases,ref     ] GC(34)   FinalReference Discovered: 10, Dropped: 0, Processed: 10
[31,318s][debug][gc,phases,ref     ] GC(34)   PhantomReference Discovered: 1, Dropped: 1, Processed: 0
[31,318s][debug][gc,phases         ] GC(34) Reference Processing 0,617ms
[31,318s][debug][gc,phases,start   ] GC(34) Weak Processing
[31,319s][debug][gc,phases         ] GC(34)   VM Weak                        Min: 0,00, Avg: 0,00, Max: 0,00, Diff: 0,00, Sum: 0,02, Workers: 15
[31,319s][debug][gc,phases         ] GC(34)     Dead                           Min: 0, Avg:  0,0, Max: 0, Diff: 0, Sum: 0, Workers: 15
[31,319s][debug][gc,phases         ] GC(34)     Total                          Min: 0, Avg: 11,0, Max: 165, Diff: 165, Sum: 165, Workers: 15
[31,319s][debug][gc,phases         ] GC(34)   ObjectSynchronizer Weak        Min: 0,00, Avg: 0,00, Max: 0,00, Diff: 0,00, Sum: 0,01, Workers: 15
[31,319s][debug][gc,phases         ] GC(34)     Dead                           Min: 0, Avg:  0,0, Max: 0, Diff: 0, Sum: 0, Workers: 15
[31,319s][debug][gc,phases         ] GC(34)     Total                          Min: 0, Avg:  2,2, Max: 33, Diff: 33, Sum: 33, Workers: 15
[31,319s][debug][gc,phases         ] GC(34)   JVMTI Tag Weak OopStorage      Min: 0,00, Avg: 0,00, Max: 0,00, Diff: 0,00, Sum: 0,01, Workers: 15
[31,319s][debug][gc,phases         ] GC(34)     Dead                           Min: 0, Avg:  0,0, Max: 0, Diff: 0, Sum: 0, Workers: 15
[31,319s][debug][gc,phases         ] GC(34)     Total                          Min: 0, Avg:  0,0, Max: 0, Diff: 0, Sum: 0, Workers: 15
[31,319s][debug][gc,phases         ] GC(34)   StringTable Weak               Min: 0,00, Avg: 0,02, Max: 0,07, Diff: 0,07, Sum: 0,30, Workers: 15
[31,319s][debug][gc,phases         ] GC(34)     Dead                           Min: 0, Avg:  0,0, Max: 0, Diff: 0, Sum: 0, Workers: 15
[31,319s][debug][gc,phases         ] GC(34)     Total                          Min: 0, Avg: 565,1, Max: 4288, Diff: 4288, Sum: 8477, Workers: 15
[31,319s][debug][gc,phases         ] GC(34)   ResolvedMethodTable Weak       Min: 0,00, Avg: 0,00, Max: 0,01, Diff: 0,01, Sum: 0,03, Workers: 15
[31,319s][debug][gc,phases         ] GC(34)     Dead                           Min: 0, Avg:  0,0, Max: 0, Diff: 0, Sum: 0, Workers: 15
[31,319s][debug][gc,phases         ] GC(34)     Total                          Min: 0, Avg: 113,1, Max: 446, Diff: 446, Sum: 1697, Workers: 15
[31,319s][debug][gc,phases         ] GC(34)   JNI Weak                       Min: 0,00, Avg: 0,00, Max: 0,00, Diff: 0,00, Sum: 0,00, Workers: 15
[31,319s][debug][gc,phases         ] GC(34)     Dead                           Min: 0, Avg:  0,0, Max: 0, Diff: 0, Sum: 0, Workers: 15
[31,319s][debug][gc,phases         ] GC(34)     Total                          Min: 0, Avg:  0,0, Max: 0, Diff: 0, Sum: 0, Workers: 15
[31,319s][debug][gc,phases         ] GC(34)   StringDedup Table Weak         Min: 0,00, Avg: 0,01, Max: 0,03, Diff: 0,03, Sum: 0,15, Workers: 15
[31,319s][debug][gc,phases         ] GC(34)     Dead                           Min: 0, Avg:  0,1, Max: 1, Diff: 1, Sum: 2, Workers: 15
[31,319s][debug][gc,phases         ] GC(34)     Total                          Min: 0, Avg: 874,5, Max: 3069, Diff: 3069, Sum: 13117, Workers: 15
[31,319s][debug][gc,phases         ] GC(34)   StringDedup Requests0 Weak     Min: 0,00, Avg: 0,00, Max: 0,00, Diff: 0,00, Sum: 0,01, Workers: 15
[31,319s][debug][gc,phases         ] GC(34)     Dead                           Min: 0, Avg:  0,0, Max: 0, Diff: 0, Sum: 0, Workers: 15
[31,319s][debug][gc,phases         ] GC(34)     Total                          Min: 0, Avg:  0,0, Max: 0, Diff: 0, Sum: 0, Workers: 15
[31,319s][debug][gc,phases         ] GC(34)   StringDedup Requests1 Weak     Min: 0,00, Avg: 0,00, Max: 0,00, Diff: 0,00, Sum: 0,00, Workers: 15
[31,319s][debug][gc,phases         ] GC(34)     Dead                           Min: 0, Avg:  0,0, Max: 0, Diff: 0, Sum: 0, Workers: 15
[31,319s][debug][gc,phases         ] GC(34)     Total                          Min: 0, Avg:  0,0, Max: 0, Diff: 0, Sum: 0, Workers: 15
[31,319s][debug][gc,phases         ] GC(34)   Weak JFR Old Object Samples    Min: 0,00, Avg: 0,00, Max: 0,00, Diff: 0,00, Sum: 0,00, Workers: 15
[31,319s][debug][gc,phases         ] GC(34)     Dead                           Min: 0, Avg:  0,0, Max: 0, Diff: 0, Sum: 0, Workers: 15
[31,319s][debug][gc,phases         ] GC(34)     Total                          Min: 0, Avg:  0,0, Max: 0, Diff: 0, Sum: 0, Workers: 15
[31,319s][debug][gc,phases         ] GC(34) Weak Processing 0,657ms
[31,319s][debug][gc,phases,start   ] GC(34) Class Unloading
[31,319s][debug][gc,phases,start   ] GC(34) ClassLoaderData
[31,319s][debug][gc,phases         ] GC(34) ClassLoaderData 0,037ms
[31,319s][debug][gc,phases,start   ] GC(34) Trigger cleanups
[31,319s][debug][gc,phases         ] GC(34) Trigger cleanups 0,014ms
[31,319s][debug][gc,phases,start   ] GC(34) G1 Complete Cleaning
[31,320s][debug][gc,phases         ] GC(34) G1 Complete Cleaning 0,777ms
[31,320s][debug][gc,phases,start   ] GC(34) Purge Unlinked NMethods
[31,320s][debug][gc,phases         ] GC(34) Purge Unlinked NMethods 0,081ms
[31,320s][debug][gc,phases,start   ] GC(34) Free Code Blobs
[31,320s][debug][gc,phases         ] GC(34) Free Code Blobs 0,036ms
[31,320s][debug][gc,phases,start   ] GC(34) Purge Class Loader Data
[31,320s][debug][gc,phases         ] GC(34) Purge Class Loader Data 0,012ms
[31,320s][debug][gc,phases         ] GC(34) Class Unloading 1,117ms
[31,320s][debug][gc,phases,start   ] GC(34) Flush Task Caches
[31,320s][debug][gc,stats          ] Mark stats cache hits 5526055 misses 6 ratio 100,000
[31,320s][debug][gc,phases         ] GC(34) Flush Task Caches 0,063ms
[31,320s][debug][gc,phases,start   ] GC(34) Update Remembered Set Tracking Before Rebuild
[31,320s][debug][gc,ergo           ] GC(34) Running G1 Update RemSet Tracking Before Rebuild using 4 workers for 1280 regions in heap
[31,320s][debug][gc,remset,tracking] GC(34) Remembered Set Tracking update regions total 1280, selected 174
[31,320s][debug][gc,phases         ] GC(34) Update Remembered Set Tracking Before Rebuild 0,217ms
[31,320s][debug][gc,phases,start   ] GC(34) Reclaim Empty Regions
[31,321s][debug][gc                ] GC(34) Reclaimed 474 empty regions
[31,321s][debug][gc,phases         ] GC(34) Reclaim Empty Regions 0,697ms
[31,321s][debug][gc,phases,start   ] GC(34) Report Object Count
[31,321s][debug][gc,phases         ] GC(34) Report Object Count 0,012ms
[31,321s][debug][gc,mmu            ] GC(34) MMU: 44,1ms (200,0ms/201,0ms)
[31,321s][info ][gc                ] GC(34) Pause Remark 3029M->1133M(5120M) 4,916ms
[31,321s][info ][gc,cpu            ] GC(34) User=0,02s Sys=0,00s Real=0,00s
[31,321s][info ][gc,marking        ] GC(34) Concurrent Mark 72,054ms
[31,321s][info ][gc,marking        ] GC(34) Concurrent Rebuild Remembered Sets and Scrub Regions
[31,360s][debug][gc,refine         ] Concurrent refinement: wanted 0, cards: 3913, predicted: 5887, time: 292,20ms
[31,408s][debug][gc,task,start     ] G1 Service Thread (Periodic GC Task) (run 0,407ms after schedule)
[31,409s][debug][gc,task           ] G1 Service Thread (Periodic GC Task) (run: 0,068ms) (cpu: 0,082ms)
[31,428s][debug][gc,refine         ] Concurrent refinement: wanted 0, cards: 4426, predicted: 6381, time: 289,52ms
[31,497s][debug][gc,refine         ] Concurrent refinement: wanted 0, cards: 4426, predicted: 6313, time: 279,34ms
[31,521s][info ][gc,marking        ] GC(34) Concurrent Rebuild Remembered Sets and Scrub Regions 199,815ms
[31,521s][info ][gc,start          ] GC(34) Pause Cleanup
[31,521s][debug][gc,phases,start   ] GC(34) Update Remembered Set Tracking After Rebuild
[31,522s][debug][gc,phases         ] GC(34) Update Remembered Set Tracking After Rebuild 0,076ms
[31,522s][debug][gc,phases,start   ] GC(34) Finalize Concurrent Mark Cleanup
[31,522s][debug][gc,ergo,cset      ] GC(34) Pruned 81 regions out of 173, leaving 267938408 bytes waste (allowed 268435456)
[31,522s][debug][gc,mmu            ] GC(34) MMU: 0,7ms (200,0ms/201,0ms)
[31,522s][debug][gc,phases         ] GC(34) Finalize Concurrent Mark Cleanup 0,455ms
[31,522s][info ][gc                ] GC(34) Pause Cleanup 1199M->1199M(5120M) 0,620ms
[31,522s][info ][gc,cpu            ] GC(34) User=0,00s Sys=0,00s Real=0,00s
[31,522s][info ][gc,marking        ] GC(34) Concurrent Clear Claimed Marks
[31,522s][info ][gc,marking        ] GC(34) Concurrent Clear Claimed Marks 0,068ms
[31,522s][info ][gc,marking        ] GC(34) Concurrent Cleanup for Next Mark
[31,522s][debug][gc,ergo           ] GC(34) Running G1 Clear Bitmap with 4 workers for 80 work units.
[31,525s][info ][gc,marking        ] GC(34) Concurrent Cleanup for Next Mark 2,781ms
[31,525s][info ][gc                ] GC(34) Concurrent Mark Cycle 303,944ms
[31,563s][debug][gc,refine         ] Concurrent refinement: wanted 0, cards: 4426, predicted: 6247, time: 269,69ms
[31,628s][debug][gc,refine         ] Concurrent refinement: wanted 0, cards: 4426, predicted: 6182, time: 260,03ms
[31,692s][debug][gc,refine         ] Concurrent refinement: wanted 0, cards: 4426, predicted: 6113, time: 249,85ms
[31,755s][debug][gc,refine         ] Concurrent refinement: wanted 0, cards: 4426, predicted: 6048, time: 240,20ms
[31,817s][debug][gc,refine         ] Concurrent refinement: wanted 0, cards: 4426, predicted: 5987, time: 231,08ms
[31,877s][debug][gc,refine         ] Concurrent refinement: wanted 0, cards: 4426, predicted: 5921, time: 221,43ms
[31,936s][debug][gc,refine         ] Concurrent refinement: wanted 0, cards: 4426, predicted: 5863, time: 212,85ms
[31,994s][debug][gc,refine         ] Concurrent refinement: wanted 0, cards: 4426, predicted: 5802, time: 203,74ms
[32,052s][debug][gc,refine         ] Concurrent refinement: wanted 0, cards: 4426, predicted: 5744, time: 195,16ms
[32,107s][debug][gc,refine         ] Concurrent refinement: wanted 0, cards: 4426, predicted: 5686, time: 186,58ms
[32,161s][debug][gc,refine         ] Concurrent refinement: wanted 0, cards: 4426, predicted: 5628, time: 178,00ms
[32,214s][debug][gc,refine         ] Concurrent refinement: wanted 0, cards: 4426, predicted: 5574, time: 169,96ms
[32,266s][debug][gc,refine         ] Concurrent refinement: wanted 0, cards: 4426, predicted: 5519, time: 161,92ms
[32,316s][debug][gc,refine         ] Concurrent refinement: wanted 0, cards: 4426, predicted: 5469, time: 154,41ms
[32,367s][debug][gc,refine         ] Concurrent refinement: wanted 0, cards: 4426, predicted: 5414, time: 146,37ms
[32,409s][debug][gc,task,start     ] G1 Service Thread (Periodic GC Task) (run 0,088ms after schedule)
[32,409s][debug][gc,task           ] G1 Service Thread (Periodic GC Task) (run: 0,090ms) (cpu: 0,098ms)
[32,417s][debug][gc,refine         ] Concurrent refinement: wanted 0, cards: 4426, predicted: 5364, time: 138,86ms
[32,467s][debug][gc,refine         ] Concurrent refinement: wanted 0, cards: 4426, predicted: 5313, time: 131,36ms
[32,514s][info ][gc,start          ] GC(35) Pause Young (Prepare Mixed) (G1 Evacuation Pause)
[32,514s][debug][gc,heap           ] GC(35) Heap before GC invocations=35 (full 0):
[32,514s][debug][gc,heap           ] GC(35)  garbage-first heap   total reserved 8388608K, committed 5242880K, used 2278433K [0x0000000600000000, 0x0000000800000000)
[32,514s][debug][gc,heap           ] GC(35)   region size 4096K, 285 young (1167360K), 8 survivors (32768K)
[32,515s][debug][gc,heap           ] GC(35)  Metaspace       used 20717K, committed 21056K, reserved 1114112K
[32,515s][debug][gc,heap           ] GC(35)   class space    used 2611K, committed 2752K, reserved 1048576K
[32,515s][info ][gc,task           ] GC(35) Using 15 workers of 15 for evacuation
[32,515s][debug][gc,age            ] GC(35) Desired survivor size 75497472 bytes, new threshold 15 (max threshold 15)
[32,515s][debug][gc,tlab           ] GC(35) TLAB totals: thrds: 24  refills: 912 max: 330 slow allocs: 890 max 69 waste:  1,0% gc: 8981824B max: 940232B slow: 2351224B max: 397184B
[32,515s][debug][gc,refine,stats   ] GC(35) Mutator refinement: 0,00ms, refined: 0, precleaned: 0, dirtied: 2119
[32,515s][debug][gc,refine,stats   ] GC(35) Concurrent refinement: 0,00ms, refined: 0, precleaned: 0, dirtied: 0
[32,515s][debug][gc,refine,stats   ] GC(35) Total refinement: 0,00ms, refined: 0, precleaned: 0, dirtied: 2119
[32,515s][debug][gc,refine,stats   ] GC(35) Generate dirty cards rate: 1,64 cards/ms
[32,515s][debug][gc,alloc,region   ] GC(35) Mutator Allocation stats, regions: 277, wasted size: 0B ( 0,0%)
[32,515s][debug][gc,ergo,cset      ] GC(35) Do not add marking candidates to collection set due to pause type.
[32,515s][debug][gc,ergo,cset      ] GC(35) Start adding retained candidates to collection set. Min 1 regions, available 0, time remaining 40,00ms, optional remaining 40,00ms
[32,515s][debug][gc,ergo,cset      ] GC(35) Retained candidates exhausted.
[32,515s][debug][gc,ergo,cset      ] GC(35) Finish adding retained candidates to collection set. Initial: 0, optional: 0, pinned: 0, predicted initial time: 0,00ms, predicted optional time: 0,00ms, time remaining: 40,00ms optional time remaining 40,00ms
[32,515s][debug][gc,ergo           ] GC(35) Running G1 Merge Heap Roots using 15 workers for 285 regions
[32,515s][debug][gc,remset         ] GC(35) Visited cards 174400 Total dirty 1294336 (13,47%) Total old 6914048 (2,52%)
[32,573s][debug][gc,ref            ] GC(35) ReferenceProcessor::execute queues: 2, RefProcThreadModel::Multi, marks_oops_alive: false
[32,573s][debug][gc,ref            ] GC(35) ReferenceProcessor::execute queues: 15, RefProcThreadModel::Multi, marks_oops_alive: true
[32,573s][debug][gc,ref            ] GC(35) ReferenceProcessor::execute queues: 1, RefProcThreadModel::Single, marks_oops_alive: false
[32,573s][debug][gc,ergo           ] GC(35) Running G1 Rebuild Free List Task using 15 workers for rebuilding free list of regions
[32,573s][debug][gc,plab           ] GC(35) Young PLAB allocation: allocated: 150994944B, wasted: 41968B, unused: 0B, used: 150952976B, undo waste: 0B, 
[32,573s][debug][gc,plab           ] GC(35) Young other allocation: region end waste: 0B, regions filled: 36, num plab filled: 184, direct allocated: 0B, num direct allocated: 0, failure used: 0B, failure wasted: 0B
[32,573s][debug][gc,plab           ] GC(35) Young sizing: calculated: 30190592B, actual: 25432560B
[32,573s][debug][gc,plab           ] GC(35) Old PLAB allocation: allocated: 329252864B, wasted: 45736B, unused: 19953520B, used: 309253608B, undo waste: 0B, 
[32,573s][debug][gc,plab           ] GC(35) Old other allocation: region end waste: 0B, regions filled: 79, num plab filled: 157, direct allocated: 0B, num direct allocated: 0, failure used: 0B, failure wasted: 0B
[32,573s][debug][gc,plab           ] GC(35) Old sizing: calculated: 61850720B, actual: 60255688B
[32,574s][debug][gc,ergo,heap      ] GC(35) Heap expansion: short term pause time ratio 0,27% long term pause time ratio 4,14% threshold 7,69% pause time ratio 7,69% fully expanded false resize by 0B
[32,574s][debug][gc,task,start     ] G1 Service Thread (Card Set Free Memory Task) (run 0,010ms after schedule)
[32,574s][debug][gc,mmu            ] GC(35) MMU: 59,0ms (200,0ms/201,0ms)
[32,574s][debug][gc,alloc,stats    ] Old generation allocation in the last mutator period, old gen allocated: 329252864B, humongous allocated: 0B, old gen growth: 329252864B.
[32,574s][debug][gc,ihop           ] GC(35) Basic information (value update), threshold: 2415919104B (45,00), target occupancy: 5368709120B, current occupancy: 1624278576B, recent allocation size: 329252864B, recent allocation duration: 1290,65ms, recent old gen allocation rate: 255105718,53B/s, recent marking phase length: 4181,82ms
[32,574s][debug][gc,ihop           ] GC(35) Adaptive IHOP information (value update), threshold: 2415919104B (47,37), internal target occupancy: 5100273664B, occupancy: 1624278576B, additional buffer size: 2470445056B, predicted old gen allocation rate: 815840034,05B/s, predicted marking phase length: 3663,03ms, prediction active: false
[32,574s][debug][gc,ergo,refine    ] GC(35) GC refinement: goal: 330342 + 1242 / 20,00ms, actual: 5008 / 0,42ms, 
[32,574s][debug][gc,ergo,refine    ] GC(35) New pending cards target: 282951
[32,574s][info ][gc,phases         ] GC(35)   Pre Evacuate Collection Set: 0,26ms
[32,574s][debug][gc,phases         ] GC(35)     Pre Evacuate Prepare: 0,05ms
[32,574s][debug][gc,phases         ] GC(35)       JT Retire TLABs And Flush Logs (ms): Min: 0,00, Avg: 0,01, Max: 0,02, Diff: 0,02, Sum: 0,02, Workers: 2
[32,574s][debug][gc,phases         ] GC(35)       Non-JT Flush Logs (ms):        Min: 0,01, Avg: 0,01, Max: 0,01, Diff: 0,00, Sum: 0,01, Workers: 1
[32,574s][debug][gc,phases         ] GC(35)     Choose Collection Set: 0,04ms
[32,574s][debug][gc,phases         ] GC(35)     Region Register: 0,16ms
[32,574s][debug][gc,phases         ] GC(35)     Prepare Heap Roots: 0,00ms
[32,574s][info ][gc,phases         ] GC(35)   Merge Heap Roots: 0,36ms
[32,574s][debug][gc,phases         ] GC(35)     Prepare Merge Heap Roots: 0,02ms
[32,574s][debug][gc,phases         ] GC(35)     Remembered Sets (ms):          Min: 0,03, Avg: 0,06, Max: 0,09, Diff: 0,06, Sum: 0,85, Workers: 15
[32,574s][debug][gc,phases         ] GC(35)       Eager Reclaim (ms):            skipped
[32,574s][debug][gc,phases         ] GC(35)       Merged Inline                  Min: 0, Avg:  8,6, Max: 42, Diff: 42, Sum: 129, Workers: 15
[32,574s][debug][gc,phases         ] GC(35)       Merged ArrayOfCards            Min: 0, Avg: 26,0, Max: 125, Diff: 125, Sum: 390, Workers: 15
[32,574s][debug][gc,phases         ] GC(35)       Merged Howl                    Min: 0, Avg:  0,6, Max: 5, Diff: 5, Sum: 9, Workers: 15
[32,574s][debug][gc,phases         ] GC(35)       Merged Full                    Min: 0, Avg:  0,0, Max: 0, Diff: 0, Sum: 0, Workers: 15
[32,574s][debug][gc,phases         ] GC(35)       Merged Howl Inline             Min: 0, Avg:  4,1, Max: 33, Diff: 33, Sum: 61, Workers: 15
[32,574s][debug][gc,phases         ] GC(35)       Merged Howl ArrayOfCards       Min: 0, Avg:  0,3, Max: 4, Diff: 4, Sum: 4, Workers: 15
[32,574s][debug][gc,phases         ] GC(35)       Merged Howl BitMap             Min: 0, Avg:  0,5, Max: 3, Diff: 3, Sum: 7, Workers: 15
[32,574s][debug][gc,phases         ] GC(35)       Merged Howl Full               Min: 0, Avg:  0,0, Max: 0, Diff: 0, Sum: 0, Workers: 15
[32,574s][debug][gc,phases         ] GC(35)       Merged Cards                   Min: 8, Avg: 355,5, Max: 1799, Diff: 1791, Sum: 5333, Workers: 15
[32,574s][debug][gc,phases         ] GC(35)     Log Buffers (ms):              Min: 0,00, Avg: 0,02, Max: 0,03, Diff: 0,03, Sum: 0,25, Workers: 15
[32,574s][debug][gc,phases         ] GC(35)       Dirty Cards:                   Min: 0, Avg: 333,9, Max: 1380, Diff: 1380, Sum: 5008, Workers: 15
[32,574s][debug][gc,phases         ] GC(35)       Skipped Cards:                 Min: 0, Avg:  0,0, Max: 0, Diff: 0, Sum: 0, Workers: 15
[32,574s][info ][gc,phases         ] GC(35)   Evacuate Collection Set: 57,11ms
[32,574s][debug][gc,phases         ] GC(35)     Ext Root Scanning (ms):        Min: 0,00, Avg: 0,05, Max: 0,17, Diff: 0,17, Sum: 0,75, Workers: 15
[32,574s][debug][gc,phases         ] GC(35)     Scan Heap Roots (ms):          Min: 0,02, Avg: 0,41, Max: 0,56, Diff: 0,54, Sum: 6,09, Workers: 15
[32,574s][debug][gc,phases         ] GC(35)       Scanned Cards:                 Min: 18, Avg: 329,3, Max: 507, Diff: 489, Sum: 4939, Workers: 15
[32,574s][debug][gc,phases         ] GC(35)       Scanned Blocks:                Min: 14, Avg: 249,5, Max: 352, Diff: 338, Sum: 3742, Workers: 15
[32,574s][debug][gc,phases         ] GC(35)       Claimed Chunks:                Min: 14, Avg: 181,7, Max: 276, Diff: 262, Sum: 2725, Workers: 15
[32,574s][debug][gc,phases         ] GC(35)       Found Roots:                   Min: 45, Avg: 655,1, Max: 1476, Diff: 1431, Sum: 9827, Workers: 15
[32,574s][debug][gc,phases         ] GC(35)     Code Root Scan (ms):           Min: 0,02, Avg: 0,02, Max: 0,02, Diff: 0,01, Sum: 0,26, Workers: 15
[32,574s][debug][gc,phases         ] GC(35)       Scanned Nmethods               Min: 0, Avg:  0,0, Max: 0, Diff: 0, Sum: 0, Workers: 15
[32,574s][debug][gc,phases         ] GC(35)     Object Copy (ms):              Min: 56,17, Avg: 56,35, Max: 56,66, Diff: 0,49, Sum: 845,18, Workers: 15
[32,574s][debug][gc,phases         ] GC(35)     Termination (ms):              Min: 0,05, Avg: 0,07, Max: 0,13, Diff: 0,08, Sum: 1,11, Workers: 15
[32,574s][debug][gc,phases         ] GC(35)       Termination Attempts:          Min: 1, Avg:  1,0, Max: 1, Diff: 0, Sum: 15, Workers: 15
[32,574s][debug][gc,phases         ] GC(35)     GC Worker Other (ms):          Min: 0,03, Avg: 0,03, Max: 0,04, Diff: 0,02, Sum: 0,50, Workers: 15
[32,574s][debug][gc,phases         ] GC(35)     GC Worker Total (ms):          Min: 56,84, Avg: 56,93, Max: 57,01, Diff: 0,17, Sum: 853,89, Workers: 15
[32,574s][info ][gc,phases         ] GC(35)   Post Evacuate Collection Set: 1,07ms
[32,574s][debug][gc,phases         ] GC(35)     NMethod List Cleanup: 0,01ms
[32,574s][debug][gc,phases         ] GC(35)     Reference Processing: 0,61ms
[32,574s][debug][gc,phases,ref     ] GC(35)       Notify Soft/WeakReferences: 0,3ms
[32,574s][debug][gc,phases,ref     ] GC(35)         Balance queues: 0,0ms
[32,574s][debug][gc,phases,ref     ] GC(35)         SoftRef (ms):                  Min: 0,00, Avg: 0,00, Max: 0,00, Diff: 0,00, Sum: 0,00, Workers: 2
[32,574s][debug][gc,phases,ref     ] GC(35)         WeakRef (ms):                  Min: 0,00, Avg: 0,00, Max: 0,00, Diff: 0,00, Sum: 0,00, Workers: 2
[32,574s][debug][gc,phases,ref     ] GC(35)         FinalRef (ms):                 Min: 0,08, Avg: 0,08, Max: 0,08, Diff: 0,00, Sum: 0,16, Workers: 2
[32,574s][debug][gc,phases,ref     ] GC(35)         Total (ms):                    Min: 0,08, Avg: 0,12, Max: 0,16, Diff: 0,08, Sum: 0,24, Workers: 2
[32,574s][debug][gc,phases,ref     ] GC(35)       Notify and keep alive finalizable: 0,3ms
[32,574s][debug][gc,phases,ref     ] GC(35)         Balance queues: 0,0ms
[32,574s][debug][gc,phases,ref     ] GC(35)         FinalRef (ms):                 Min: 0,07, Avg: 0,13, Max: 0,19, Diff: 0,12, Sum: 2,00, Workers: 15
[32,574s][debug][gc,phases,ref     ] GC(35)       Notify PhantomReferences: 0,0ms
[32,574s][debug][gc,phases,ref     ] GC(35)         PhantomRef (ms):               Min: 0,01, Avg: 0,01, Max: 0,01, Diff: 0,00, Sum: 0,01, Workers: 1
[32,574s][debug][gc,phases,ref     ] GC(35)       SoftReference Discovered: 0, Dropped: 0, Processed: 0
[32,574s][debug][gc,phases,ref     ] GC(35)       WeakReference Discovered: 0, Dropped: 0, Processed: 0
[32,574s][debug][gc,phases,ref     ] GC(35)       FinalReference Discovered: 1026, Dropped: 2, Processed: 1024
[32,574s][debug][gc,phases,ref     ] GC(35)       PhantomReference Discovered: 42, Dropped: 3, Processed: 39
[32,574s][debug][gc,phases         ] GC(35)     Weak Processing: 0,07ms
[32,574s][debug][gc,phases         ] GC(35)       VM Weak                        Min: 0,00, Avg: 0,00, Max: 0,00, Diff: 0,00, Sum: 0,01, Workers: 15
[32,574s][debug][gc,phases         ] GC(35)         Dead                           Min: 0, Avg:  0,0, Max: 0, Diff: 0, Sum: 0, Workers: 15
[32,574s][debug][gc,phases         ] GC(35)         Total                          Min: 0, Avg: 11,0, Max: 64, Diff: 64, Sum: 165, Workers: 15
[32,574s][debug][gc,phases         ] GC(35)       ObjectSynchronizer Weak        Min: 0,00, Avg: 0,00, Max: 0,00, Diff: 0,00, Sum: 0,00, Workers: 15
[32,574s][debug][gc,phases         ] GC(35)         Dead                           Min: 0, Avg:  0,0, Max: 0, Diff: 0, Sum: 0, Workers: 15
[32,574s][debug][gc,phases         ] GC(35)         Total                          Min: 0, Avg:  2,2, Max: 33, Diff: 33, Sum: 33, Workers: 15
[32,574s][debug][gc,phases         ] GC(35)       JVMTI Tag Weak OopStorage      Min: 0,00, Avg: 0,00, Max: 0,00, Diff: 0,00, Sum: 0,00, Workers: 15
[32,574s][debug][gc,phases         ] GC(35)         Dead                           Min: 0, Avg:  0,0, Max: 0, Diff: 0, Sum: 0, Workers: 15
[32,574s][debug][gc,phases         ] GC(35)         Total                          Min: 0, Avg:  0,0, Max: 0, Diff: 0, Sum: 0, Workers: 15
[32,574s][debug][gc,phases         ] GC(35)       StringTable Weak               Min: 0,00, Avg: 0,01, Max: 0,02, Diff: 0,02, Sum: 0,11, Workers: 15
[32,574s][debug][gc,phases         ] GC(35)         Dead                           Min: 0, Avg:  0,0, Max: 0, Diff: 0, Sum: 0, Workers: 15
[32,574s][debug][gc,phases         ] GC(35)         Total                          Min: 0, Avg: 565,6, Max: 1728, Diff: 1728, Sum: 8484, Workers: 15
[32,574s][debug][gc,phases         ] GC(35)       ResolvedMethodTable Weak       Min: 0,00, Avg: 0,00, Max: 0,00, Diff: 0,00, Sum: 0,03, Workers: 15
[32,574s][debug][gc,phases         ] GC(35)         Dead                           Min: 0, Avg:  0,0, Max: 0, Diff: 0, Sum: 0, Workers: 15
[32,574s][debug][gc,phases         ] GC(35)         Total                          Min: 0, Avg: 113,1, Max: 256, Diff: 256, Sum: 1697, Workers: 15
[32,575s][debug][gc,phases         ] GC(35)       JNI Weak                       Min: 0,00, Avg: 0,00, Max: 0,00, Diff: 0,00, Sum: 0,00, Workers: 15
[32,575s][debug][gc,phases         ] GC(35)         Dead                           Min: 0, Avg:  0,0, Max: 0, Diff: 0, Sum: 0, Workers: 15
[32,575s][debug][gc,phases         ] GC(35)         Total                          Min: 0, Avg:  0,0, Max: 0, Diff: 0, Sum: 0, Workers: 15
[32,575s][debug][gc,phases         ] GC(35)       StringDedup Table Weak         Min: 0,00, Avg: 0,01, Max: 0,02, Diff: 0,02, Sum: 0,15, Workers: 15
[32,575s][debug][gc,phases         ] GC(35)         Dead                           Min: 0, Avg:  0,0, Max: 0, Diff: 0, Sum: 0, Workers: 15
[32,575s][debug][gc,phases         ] GC(35)         Total                          Min: 0, Avg: 874,5, Max: 2301, Diff: 2301, Sum: 13117, Workers: 15
[32,575s][debug][gc,phases         ] GC(35)       StringDedup Requests0 Weak     Min: 0,00, Avg: 0,00, Max: 0,00, Diff: 0,00, Sum: 0,00, Workers: 15
[32,575s][debug][gc,phases         ] GC(35)         Dead                           Min: 0, Avg:  0,0, Max: 0, Diff: 0, Sum: 0, Workers: 15
[32,575s][debug][gc,phases         ] GC(35)         Total                          Min: 0, Avg:  0,0, Max: 0, Diff: 0, Sum: 0, Workers: 15
[32,575s][debug][gc,phases         ] GC(35)       StringDedup Requests1 Weak     Min: 0,00, Avg: 0,00, Max: 0,00, Diff: 0,00, Sum: 0,01, Workers: 15
[32,575s][debug][gc,phases         ] GC(35)         Dead                           Min: 0, Avg:  0,0, Max: 0, Diff: 0, Sum: 0, Workers: 15
[32,575s][debug][gc,phases         ] GC(35)         Total                          Min: 0, Avg:  0,5, Max: 7, Diff: 7, Sum: 7, Workers: 15
[32,575s][debug][gc,phases         ] GC(35)       Weak JFR Old Object Samples    Min: 0,00, Avg: 0,00, Max: 0,00, Diff: 0,00, Sum: 0,01, Workers: 15
[32,575s][debug][gc,phases         ] GC(35)         Dead                           Min: 0, Avg:  0,0, Max: 0, Diff: 0, Sum: 0, Workers: 15
[32,575s][debug][gc,phases         ] GC(35)         Total                          Min: 0, Avg:  0,0, Max: 0, Diff: 0, Sum: 0, Workers: 15
[32,575s][debug][gc,phases         ] GC(35)     Post Evacuate Cleanup 1: 0,13ms
[32,575s][debug][gc,phases         ] GC(35)       Merge Per-Thread State (ms):   Min: 0,08, Avg: 0,08, Max: 0,08, Diff: 0,00, Sum: 0,08, Workers: 1
[32,575s][debug][gc,phases         ] GC(35)         Copied Bytes                   Min: 26583728, Avg: 30680438,9, Max: 38531448, Diff: 11947720, Sum: 460206584, Workers: 15
[32,575s][debug][gc,phases         ] GC(35)         LAB Waste                      Min: 616, Avg: 5846,9, Max: 11680, Diff: 11064, Sum: 87704, Workers: 15
[32,575s][debug][gc,phases         ] GC(35)         LAB Undo Waste                 Min: 0, Avg:  0,0, Max: 0, Diff: 0, Sum: 0, Workers: 15
[32,575s][debug][gc,phases         ] GC(35)         Evac Fail Extra Cards          Min: 0, Avg:  0,0, Max: 0, Diff: 0, Sum: 0, Workers: 15
[32,575s][debug][gc,phases         ] GC(35)       Clear Logged Cards (ms):       Min: 0,00, Avg: 0,04, Max: 0,11, Diff: 0,11, Sum: 0,25, Workers: 6
[32,575s][debug][gc,phases         ] GC(35)       Recalculate Used Memory (ms):  Min: 0,00, Avg: 0,00, Max: 0,00, Diff: 0,00, Sum: 0,00, Workers: 1
[32,575s][debug][gc,phases         ] GC(35)     Post Evacuate Cleanup 2: 0,14ms
[32,575s][debug][gc,phases         ] GC(35)       Update Derived Pointers (ms):  Min: 0,00, Avg: 0,00, Max: 0,00, Diff: 0,00, Sum: 0,00, Workers: 1
[32,575s][debug][gc,phases         ] GC(35)       Eagerly Reclaim Humongous Objects (ms): skipped
[32,575s][debug][gc,phases         ] GC(35)         Humongous Total                skipped
[32,575s][debug][gc,phases         ] GC(35)         Humongous Candidates           skipped
[32,575s][debug][gc,phases         ] GC(35)         Humongous Reclaimed            skipped
[32,575s][debug][gc,phases         ] GC(35)       Sample CSet Candidates (ms):   Min: 0,03, Avg: 0,03, Max: 0,03, Diff: 0,00, Sum: 0,03, Workers: 1
[32,575s][debug][gc,phases         ] GC(35)       Redirty Logged Cards (ms):     Min: 0,00, Avg: 0,01, Max: 0,02, Diff: 0,02, Sum: 0,08, Workers: 15
[32,575s][debug][gc,phases         ] GC(35)         Redirtied Cards:               Min: 0, Avg: 213,9, Max: 771, Diff: 771, Sum: 3209, Workers: 15
[32,575s][debug][gc,phases         ] GC(35)       Resize TLABs (ms):             Min: 0,00, Avg: 0,00, Max: 0,01, Diff: 0,01, Sum: 0,01, Workers: 15
[32,575s][debug][gc,phases         ] GC(35)       Free Collection Set (ms):      Min: 0,01, Avg: 0,06, Max: 0,08, Diff: 0,08, Sum: 0,86, Workers: 15
[32,575s][debug][gc,phases         ] GC(35)     Rebuild Free List: 0,04ms
[32,575s][debug][gc,phases         ] GC(35)     Prepare For Mutator: 0,08ms
[32,575s][debug][gc,phases         ] GC(35)     Expand Heap After Collection: 0,00ms
[32,575s][info ][gc,phases         ] GC(35)   Other: 0,35ms
[32,575s][debug][gc,remset         ] GC(35) Coarsening (recent): Inline->AoC 956 (0) AoC->Howl 367 (0) Howl->Full 87 (0) Inline->AoC 1978 (0) AoC->BitMap 1898 (0) BitMap->Full 413 (0) 
[32,575s][debug][gc,remset         ] GC(35) Coarsening (all): Inline->AoC 2828 (0) AoC->Howl 1215 (0) Howl->Full 363 (0) Inline->AoC 7484 (0) AoC->BitMap 7242 (0) BitMap->Full 1611 (0) 
[32,575s][info ][gc,heap           ] GC(35) Eden regions: 277->0(553)
[32,575s][info ][gc,heap           ] GC(35) Survivor regions: 8->36(36)
[32,575s][info ][gc,heap           ] GC(35) Old regions: 274->352
[32,575s][info ][gc,heap           ] GC(35) Humongous regions: 0->0
[32,575s][info ][gc,metaspace      ] GC(35) Metaspace: 20717K(21056K)->20717K(21056K) NonClass: 18106K(18304K)->18106K(18304K) Class: 2611K(2752K)->2611K(2752K)
[32,575s][debug][gc,heap           ] GC(35) Heap after GC invocations=36 (full 0):
[32,575s][debug][gc,heap           ] GC(35)  garbage-first heap   total reserved 8388608K, committed 5242880K, used 1586209K [0x0000000600000000, 0x0000000800000000)
[32,575s][debug][gc,heap           ] GC(35)   region size 4096K, 36 young (147456K), 36 survivors (147456K)
[32,575s][debug][gc,heap           ] GC(35)  Metaspace       used 20717K, committed 21056K, reserved 1114112K
[32,575s][debug][gc,heap           ] GC(35)   class space    used 2611K, committed 2752K, reserved 1048576K
[32,575s][info ][gc                ] GC(35) Pause Young (Prepare Mixed) (G1 Evacuation Pause) 2229M->1549M(5120M) 60,654ms
[32,575s][info ][gc,cpu            ] GC(35) User=0,86s Sys=0,00s Real=0,06s
[32,575s][debug][gc,refine         ] Concurrent refinement: wanted 0, cards: 3209, predicted: 7221, time: 711,32ms
[32,575s][debug][gc,task           ] G1 Service Thread (Card Set Free Memory Task) (run: 1,907ms) (cpu: 0,352ms)
[32,681s][debug][gc,refine         ] Concurrent refinement: wanted 0, cards: 3209, predicted: 6265, time: 541,87ms
[32,775s][debug][gc,refine         ] Concurrent refinement: wanted 0, cards: 3465, predicted: 6503, time: 538,65ms
[32,867s][debug][gc,refine         ] Concurrent refinement: wanted 0, cards: 4489, predicted: 7512, time: 536,07ms
[32,959s][debug][gc,refine         ] Concurrent refinement: wanted 0, cards: 5513, predicted: 8515, time: 532,20ms
[33,051s][debug][gc,refine         ] Concurrent refinement: wanted 0, cards: 5513, predicted: 8438, time: 518,67ms
[33,143s][debug][gc,refine         ] Concurrent refinement: wanted 0, cards: 5513, predicted: 8344, time: 501,92ms
[33,232s][debug][gc,refine         ] Concurrent refinement: wanted 0, cards: 5513, predicted: 8253, time: 485,81ms
[33,320s][debug][gc,refine         ] Concurrent refinement: wanted 0, cards: 5513, predicted: 8158, time: 469,06ms
[33,406s][debug][gc,refine         ] Concurrent refinement: wanted 0, cards: 5513, predicted: 8071, time: 453,60ms
[33,410s][debug][gc,task,start     ] G1 Service Thread (Periodic GC Task) (run 0,799ms after schedule)
[33,410s][debug][gc,task           ] G1 Service Thread (Periodic GC Task) (run: 0,069ms) (cpu: 0,076ms)
[33,492s][debug][gc,refine         ] Concurrent refinement: wanted 0, cards: 5513, predicted: 7980, time: 437,49ms
[33,575s][debug][gc,refine         ] Concurrent refinement: wanted 0, cards: 5513, predicted: 7893, time: 422,03ms
[33,657s][debug][gc,refine         ] Concurrent refinement: wanted 0, cards: 5513, predicted: 7810, time: 407,21ms
[33,737s][debug][gc,refine         ] Concurrent refinement: wanted 0, cards: 5513, predicted: 7722, time: 391,74ms
[33,817s][debug][gc,refine         ] Concurrent refinement: wanted 0, cards: 5513, predicted: 7642, time: 377,57ms
[33,894s][debug][gc,refine         ] Concurrent refinement: wanted 0, cards: 5513, predicted: 7562, time: 363,39ms
[33,970s][debug][gc,refine         ] Concurrent refinement: wanted 0, cards: 5513, predicted: 7482, time: 349,22ms
[34,044s][debug][gc,refine         ] Concurrent refinement: wanted 0, cards: 5513, predicted: 6913, time: 248,22ms
[34,108s][debug][gc,refine         ] Concurrent refinement: wanted 0, cards: 5513, predicted: 5513, time: 19,97ms
[34,158s][debug][gc,refine         ] Concurrent refinement: wanted 0, cards: 5513, predicted: 5513, time: 17,40ms
[34,208s][debug][gc,refine         ] Concurrent refinement: wanted 0, cards: 5513, predicted: 5513, time: 14,82ms
[34,259s][debug][gc,refine         ] Concurrent refinement: wanted 0, cards: 5513, predicted: 5513, time: 11,60ms
[34,309s][debug][gc,refine         ] Concurrent refinement: wanted 0, cards: 5513, predicted: 5513, time: 9,46ms
[34,359s][debug][gc,refine         ] Concurrent refinement: wanted 0, cards: 5513, predicted: 5513, time: 0,00ms
[34,368s][info ][gc,start          ] GC(36) Pause Young (Mixed) (G1 Evacuation Pause)
[34,368s][debug][gc,heap           ] GC(36) Heap before GC invocations=36 (full 0):
[34,368s][debug][gc,heap           ] GC(36)  garbage-first heap   total reserved 8388608K, committed 5242880K, used 3847201K [0x0000000600000000, 0x0000000800000000)
[34,368s][debug][gc,heap           ] GC(36)   region size 4096K, 589 young (2412544K), 36 survivors (147456K)
[34,368s][debug][gc,heap           ] GC(36)  Metaspace       used 20717K, committed 21056K, reserved 1114112K
[34,368s][debug][gc,heap           ] GC(36)   class space    used 2611K, committed 2752K, reserved 1048576K
[34,368s][info ][gc,task           ] GC(36) Using 15 workers of 15 for evacuation
[34,368s][debug][gc,age            ] GC(36) Desired survivor size 155189248 bytes, new threshold 15 (max threshold 15)
[34,368s][debug][gc,tlab           ] GC(36) TLAB totals: thrds: 27  refills: 2653 max: 407 slow allocs: 3105 max 229 waste:  0,7% gc: 8951888B max: 2016912B slow: 5083248B max: 907344B
[34,368s][debug][gc,refine,stats   ] GC(36) Mutator refinement: 0,00ms, refined: 0, precleaned: 0, dirtied: 3239
[34,368s][debug][gc,refine,stats   ] GC(36) Concurrent refinement: 0,00ms, refined: 0, precleaned: 0, dirtied: 0
[34,368s][debug][gc,refine,stats   ] GC(36) Total refinement: 0,00ms, refined: 0, precleaned: 0, dirtied: 3239
[34,368s][debug][gc,refine,stats   ] GC(36) Generate dirty cards rate: 1,81 cards/ms
[34,368s][debug][gc,alloc,region   ] GC(36) Mutator Allocation stats, regions: 553, wasted size: 3432B ( 0,0%)
[34,368s][debug][gc,ergo,cset      ] GC(36) Start adding marking candidates to collection set. Min 12 regions, max 128 regions, available 92 regionstime remaining 99,64ms, optional threshold 19,93ms
[34,368s][debug][gc,ergo,cset      ] GC(36) Marking candidates exhausted.
[34,368s][debug][gc,ergo,cset      ] GC(36) Finish adding marking candidates to collection set. Initial: 92, optional: 0, pinned: 0, predicted initial time: 3,09ms, predicted optional time: 0,00ms, time remaining: 96,55ms
[34,368s][debug][gc,ergo,cset      ] GC(36) Start adding retained candidates to collection set. Min 1 regions, available 0, time remaining 40,00ms, optional remaining 40,00ms
[34,368s][debug][gc,ergo,cset      ] GC(36) Retained candidates exhausted.
[34,368s][debug][gc,ergo,cset      ] GC(36) Finish adding retained candidates to collection set. Initial: 0, optional: 0, pinned: 0, predicted initial time: 0,00ms, predicted optional time: 0,00ms, time remaining: 40,00ms optional time remaining 40,00ms
[34,368s][debug][gc,ergo           ] GC(36) Running G1 Merge Heap Roots using 15 workers for 681 regions
[34,369s][debug][gc,remset         ] GC(36) Visited cards 260800 Total dirty 1892352 (13,78%) Total old 13287424 (1,96%)
[34,389s][debug][gc,ref            ] GC(36) ReferenceProcessor::execute queues: 4, RefProcThreadModel::Multi, marks_oops_alive: false
[34,389s][debug][gc,ref            ] GC(36) ReferenceProcessor::execute queues: 15, RefProcThreadModel::Multi, marks_oops_alive: true
[34,390s][debug][gc,ref            ] GC(36) ReferenceProcessor::execute queues: 1, RefProcThreadModel::Single, marks_oops_alive: false
[34,391s][debug][gc,ergo           ] GC(36) Running G1 Rebuild Free List Task using 15 workers for rebuilding free list of regions
[34,391s][debug][gc,plab           ] GC(36) Young PLAB allocation: allocated: 186646528B, wasted: 55064B, unused: 15771872B, used: 170819592B, undo waste: 0B, 
[34,391s][debug][gc,plab           ] GC(36) Young other allocation: region end waste: 0B, regions filled: 45, num plab filled: 132, direct allocated: 0B, num direct allocated: 0, failure used: 0B, failure wasted: 0B
[34,391s][debug][gc,plab           ] GC(36) Young sizing: calculated: 34163912B, actual: 31981072B
[34,391s][debug][gc,plab           ] GC(36) Old PLAB allocation: allocated: 23068672B, wasted: 0B, unused: 22964120B, used: 104552B, undo waste: 0B, 
[34,391s][debug][gc,plab           ] GC(36) Old other allocation: region end waste: 0B, regions filled: 6, num plab filled: 11, direct allocated: 0B, num direct allocated: 0, failure used: 0B, failure wasted: 0B
[34,391s][debug][gc,plab           ] GC(36) Old sizing: calculated: 20904B, actual: 15079600B
[34,391s][debug][gc,ergo,heap      ] GC(36) Heap expansion: short term pause time ratio 5,61% long term pause time ratio 4,17% threshold 7,69% pause time ratio 7,69% fully expanded false resize by 0B
[34,391s][debug][gc,mmu            ] GC(36) MMU: 23,1ms (200,0ms/201,0ms)
[34,391s][debug][gc,ergo           ] GC(36) do not continue mixed GCs (candidate old regions not available)
[34,391s][debug][gc,task,start     ] G1 Service Thread (Card Set Free Memory Task) (run 0,064ms after schedule)
[34,391s][debug][gc,alloc,stats    ] Old generation allocation in the last mutator period, old gen allocated: 23068672B, humongous allocated: 0B, old gen growth: 23068672B.
[34,391s][debug][gc,ihop           ] GC(36) Basic information (value update), threshold: 7622823B (0,14), target occupancy: 5368709120B, current occupancy: 1297122864B, recent allocation size: 23068672B, recent allocation duration: 1290,65ms, recent old gen allocation rate: 17873649,07B/s, recent marking phase length: 3084,83ms
[34,391s][debug][gc,ihop           ] GC(36) Adaptive IHOP information (value update), threshold: 7622823B (0,15), internal target occupancy: 5100273664B, occupancy: 1297122864B, additional buffer size: 2470445056B, predicted old gen allocation rate: 815840034,05B/s, predicted marking phase length: 3214,12ms, prediction active: true
[34,391s][debug][gc,ergo,refine    ] GC(36) GC refinement: goal: 282951 + 1188 / 20,00ms, actual: 6445 / 0,45ms, 
[34,391s][debug][gc,ergo,refine    ] GC(36) New pending cards target: 282591
[34,391s][info ][gc,phases         ] GC(36)   Pre Evacuate Collection Set: 0,52ms
[34,391s][debug][gc,phases         ] GC(36)     Pre Evacuate Prepare: 0,13ms
[34,391s][debug][gc,phases         ] GC(36)       JT Retire TLABs And Flush Logs (ms): Min: 0,00, Avg: 0,01, Max: 0,03, Diff: 0,03, Sum: 0,03, Workers: 2
[34,391s][debug][gc,phases         ] GC(36)       Non-JT Flush Logs (ms):        Min: 0,01, Avg: 0,01, Max: 0,01, Diff: 0,00, Sum: 0,01, Workers: 1
[34,391s][debug][gc,phases         ] GC(36)     Choose Collection Set: 0,15ms
[34,391s][debug][gc,phases         ] GC(36)     Region Register: 0,24ms
[34,391s][debug][gc,phases         ] GC(36)     Prepare Heap Roots: 0,00ms
[34,391s][info ][gc,phases         ] GC(36)   Merge Heap Roots: 0,63ms
[34,391s][debug][gc,phases         ] GC(36)     Prepare Merge Heap Roots: 0,02ms
[34,391s][debug][gc,phases         ] GC(36)     Remembered Sets (ms):          Min: 0,12, Avg: 0,14, Max: 0,18, Diff: 0,06, Sum: 2,07, Workers: 15
[34,391s][debug][gc,phases         ] GC(36)       Eager Reclaim (ms):            skipped
[34,391s][debug][gc,phases         ] GC(36)       Merged Inline                  Min: 0, Avg:  6,9, Max: 59, Diff: 59, Sum: 103, Workers: 15
[34,391s][debug][gc,phases         ] GC(36)       Merged ArrayOfCards            Min: 0, Avg:  2,9, Max: 30, Diff: 30, Sum: 44, Workers: 15
[34,391s][debug][gc,phases         ] GC(36)       Merged Howl                    Min: 0, Avg:  0,0, Max: 0, Diff: 0, Sum: 0, Workers: 15
[34,391s][debug][gc,phases         ] GC(36)       Merged Full                    Min: 0, Avg:  0,0, Max: 0, Diff: 0, Sum: 0, Workers: 15
[34,391s][debug][gc,phases         ] GC(36)       Merged Howl Inline             Min: 0, Avg:  0,0, Max: 0, Diff: 0, Sum: 0, Workers: 15
[34,391s][debug][gc,phases         ] GC(36)       Merged Howl ArrayOfCards       Min: 0, Avg:  0,0, Max: 0, Diff: 0, Sum: 0, Workers: 15
[34,391s][debug][gc,phases         ] GC(36)       Merged Howl BitMap             Min: 0, Avg:  0,0, Max: 0, Diff: 0, Sum: 0, Workers: 15
[34,391s][debug][gc,phases         ] GC(36)       Merged Howl Full               Min: 0, Avg:  0,0, Max: 0, Diff: 0, Sum: 0, Workers: 15
[34,391s][debug][gc,phases         ] GC(36)       Merged Cards                   Min: 8, Avg: 51,3, Max: 448, Diff: 440, Sum: 769, Workers: 15
[34,391s][debug][gc,phases         ] GC(36)     Log Buffers (ms):              Min: 0,03, Avg: 0,04, Max: 0,07, Diff: 0,05, Sum: 0,66, Workers: 15
[34,391s][debug][gc,phases         ] GC(36)       Dirty Cards:                   Min: 213, Avg: 429,7, Max: 1305, Diff: 1092, Sum: 6445, Workers: 15
[34,391s][debug][gc,phases         ] GC(36)       Skipped Cards:                 Min: 0, Avg:  0,2, Max: 3, Diff: 3, Sum: 3, Workers: 15
[34,391s][info ][gc,phases         ] GC(36)   Evacuate Collection Set: 19,57ms
[34,391s][debug][gc,phases         ] GC(36)     Ext Root Scanning (ms):        Min: 0,00, Avg: 0,05, Max: 0,18, Diff: 0,17, Sum: 0,82, Workers: 15
[34,391s][debug][gc,phases         ] GC(36)     Scan Heap Roots (ms):          Min: 0,10, Avg: 0,45, Max: 0,74, Diff: 0,64, Sum: 6,71, Workers: 15
[34,391s][debug][gc,phases         ] GC(36)       Scanned Cards:                 Min: 74, Avg: 467,7, Max: 786, Diff: 712, Sum: 7015, Workers: 15
[34,391s][debug][gc,phases         ] GC(36)       Scanned Blocks:                Min: 37, Avg: 338,1, Max: 598, Diff: 561, Sum: 5071, Workers: 15
[34,391s][debug][gc,phases         ] GC(36)       Claimed Chunks:                Min: 24, Avg: 271,7, Max: 437, Diff: 413, Sum: 4075, Workers: 15
[34,391s][debug][gc,phases         ] GC(36)       Found Roots:                   Min: 210, Avg: 1007,2, Max: 2046, Diff: 1836, Sum: 15108, Workers: 15
[34,391s][debug][gc,phases         ] GC(36)     Code Root Scan (ms):           Min: 0,04, Avg: 0,05, Max: 0,08, Diff: 0,04, Sum: 0,70, Workers: 15
[34,391s][debug][gc,phases         ] GC(36)       Scanned Nmethods               Min: 0, Avg:  0,4, Max: 6, Diff: 6, Sum: 6, Workers: 15
[34,391s][debug][gc,phases         ] GC(36)     Object Copy (ms):              Min: 18,38, Avg: 18,66, Max: 19,02, Diff: 0,64, Sum: 279,87, Workers: 15
[34,392s][debug][gc,phases         ] GC(36)     Termination (ms):              Min: 0,06, Avg: 0,09, Max: 0,14, Diff: 0,09, Sum: 1,33, Workers: 15
[34,392s][debug][gc,phases         ] GC(36)       Termination Attempts:          Min: 1, Avg:  1,0, Max: 1, Diff: 0, Sum: 15, Workers: 15
[34,392s][debug][gc,phases         ] GC(36)     GC Worker Other (ms):          Min: 0,05, Avg: 0,07, Max: 0,10, Diff: 0,05, Sum: 1,07, Workers: 15
[34,392s][debug][gc,phases         ] GC(36)     GC Worker Total (ms):          Min: 19,30, Avg: 19,37, Max: 19,55, Diff: 0,25, Sum: 290,51, Workers: 15
[34,392s][info ][gc,phases         ] GC(36)   Post Evacuate Collection Set: 2,17ms
[34,392s][debug][gc,phases         ] GC(36)     NMethod List Cleanup: 0,01ms
[34,392s][debug][gc,phases         ] GC(36)     Reference Processing: 1,28ms
[34,392s][debug][gc,phases,ref     ] GC(36)       Notify Soft/WeakReferences: 0,5ms
[34,392s][debug][gc,phases,ref     ] GC(36)         Balance queues: 0,0ms
[34,392s][debug][gc,phases,ref     ] GC(36)         SoftRef (ms):                  Min: 0,00, Avg: 0,00, Max: 0,00, Diff: 0,00, Sum: 0,00, Workers: 4
[34,392s][debug][gc,phases,ref     ] GC(36)         WeakRef (ms):                  Min: 0,00, Avg: 0,00, Max: 0,00, Diff: 0,00, Sum: 0,00, Workers: 4
[34,392s][debug][gc,phases,ref     ] GC(36)         FinalRef (ms):                 Min: 0,07, Avg: 0,11, Max: 0,16, Diff: 0,09, Sum: 0,46, Workers: 4
[34,392s][debug][gc,phases,ref     ] GC(36)         Total (ms):                    Min: 0,17, Avg: 0,19, Max: 0,21, Diff: 0,04, Sum: 0,76, Workers: 4
[34,392s][debug][gc,phases,ref     ] GC(36)       Notify and keep alive finalizable: 0,7ms
[34,392s][debug][gc,phases,ref     ] GC(36)         Balance queues: 0,0ms
[34,392s][debug][gc,phases,ref     ] GC(36)         FinalRef (ms):                 Min: 0,35, Avg: 0,46, Max: 0,55, Diff: 0,20, Sum: 6,94, Workers: 15
[34,392s][debug][gc,phases,ref     ] GC(36)       Notify PhantomReferences: 0,1ms
[34,392s][debug][gc,phases,ref     ] GC(36)         PhantomRef (ms):               Min: 0,01, Avg: 0,01, Max: 0,01, Diff: 0,00, Sum: 0,01, Workers: 1
[34,392s][debug][gc,phases,ref     ] GC(36)       SoftReference Discovered: 0, Dropped: 0, Processed: 0
[34,392s][debug][gc,phases,ref     ] GC(36)       WeakReference Discovered: 0, Dropped: 0, Processed: 0
[34,392s][debug][gc,phases,ref     ] GC(36)       FinalReference Discovered: 3214, Dropped: 0, Processed: 3214
[34,392s][debug][gc,phases,ref     ] GC(36)       PhantomReference Discovered: 77, Dropped: 3, Processed: 74
[34,392s][debug][gc,phases         ] GC(36)     Weak Processing: 0,14ms
[34,392s][debug][gc,phases         ] GC(36)       VM Weak                        Min: 0,00, Avg: 0,00, Max: 0,01, Diff: 0,00, Sum: 0,02, Workers: 15
[34,392s][debug][gc,phases         ] GC(36)         Dead                           Min: 0, Avg:  0,0, Max: 0, Diff: 0, Sum: 0, Workers: 15
[34,392s][debug][gc,phases         ] GC(36)         Total                          Min: 0, Avg: 11,0, Max: 165, Diff: 165, Sum: 165, Workers: 15
[34,392s][debug][gc,phases         ] GC(36)       ObjectSynchronizer Weak        Min: 0,00, Avg: 0,00, Max: 0,00, Diff: 0,00, Sum: 0,01, Workers: 15
[34,392s][debug][gc,phases         ] GC(36)         Dead                           Min: 0, Avg:  0,0, Max: 0, Diff: 0, Sum: 0, Workers: 15
[34,392s][debug][gc,phases         ] GC(36)         Total                          Min: 0, Avg:  2,2, Max: 33, Diff: 33, Sum: 33, Workers: 15
[34,392s][debug][gc,phases         ] GC(36)       JVMTI Tag Weak OopStorage      Min: 0,00, Avg: 0,00, Max: 0,00, Diff: 0,00, Sum: 0,01, Workers: 15
[34,392s][debug][gc,phases         ] GC(36)         Dead                           Min: 0, Avg:  0,0, Max: 0, Diff: 0, Sum: 0, Workers: 15
[34,392s][debug][gc,phases         ] GC(36)         Total                          Min: 0, Avg:  0,0, Max: 0, Diff: 0, Sum: 0, Workers: 15
[34,392s][debug][gc,phases         ] GC(36)       StringTable Weak               Min: 0,00, Avg: 0,01, Max: 0,06, Diff: 0,06, Sum: 0,16, Workers: 15
[34,392s][debug][gc,phases         ] GC(36)         Dead                           Min: 0, Avg:  0,0, Max: 0, Diff: 0, Sum: 0, Workers: 15
[34,392s][debug][gc,phases         ] GC(36)         Total                          Min: 0, Avg: 565,9, Max: 4544, Diff: 4544, Sum: 8489, Workers: 15
[34,392s][debug][gc,phases         ] GC(36)       ResolvedMethodTable Weak       Min: 0,00, Avg: 0,00, Max: 0,01, Diff: 0,01, Sum: 0,07, Workers: 15
[34,392s][debug][gc,phases         ] GC(36)         Dead                           Min: 0, Avg:  0,0, Max: 0, Diff: 0, Sum: 0, Workers: 15
[34,392s][debug][gc,phases         ] GC(36)         Total                          Min: 0, Avg: 113,1, Max: 192, Diff: 192, Sum: 1697, Workers: 15
[34,392s][debug][gc,phases         ] GC(36)       JNI Weak                       Min: 0,00, Avg: 0,00, Max: 0,00, Diff: 0,00, Sum: 0,03, Workers: 15
[34,392s][debug][gc,phases         ] GC(36)         Dead                           Min: 0, Avg:  0,0, Max: 0, Diff: 0, Sum: 0, Workers: 15
[34,392s][debug][gc,phases         ] GC(36)         Total                          Min: 0, Avg:  0,0, Max: 0, Diff: 0, Sum: 0, Workers: 15
[34,392s][debug][gc,phases         ] GC(36)       StringDedup Table Weak         Min: 0,00, Avg: 0,02, Max: 0,02, Diff: 0,02, Sum: 0,24, Workers: 15
[34,392s][debug][gc,phases         ] GC(36)         Dead                           Min: 0, Avg:  0,0, Max: 0, Diff: 0, Sum: 0, Workers: 15
[34,392s][debug][gc,phases         ] GC(36)         Total                          Min: 0, Avg: 874,9, Max: 1152, Diff: 1152, Sum: 13124, Workers: 15
[34,392s][debug][gc,phases         ] GC(36)       StringDedup Requests0 Weak     Min: 0,00, Avg: 0,00, Max: 0,00, Diff: 0,00, Sum: 0,01, Workers: 15
[34,392s][debug][gc,phases         ] GC(36)         Dead                           Min: 0, Avg:  0,0, Max: 0, Diff: 0, Sum: 0, Workers: 15
[34,392s][debug][gc,phases         ] GC(36)         Total                          Min: 0, Avg:  0,3, Max: 5, Diff: 5, Sum: 5, Workers: 15
[34,392s][debug][gc,phases         ] GC(36)       StringDedup Requests1 Weak     Min: 0,00, Avg: 0,00, Max: 0,00, Diff: 0,00, Sum: 0,01, Workers: 15
[34,392s][debug][gc,phases         ] GC(36)         Dead                           Min: 0, Avg:  0,0, Max: 0, Diff: 0, Sum: 0, Workers: 15
[34,392s][debug][gc,phases         ] GC(36)         Total                          Min: 0, Avg:  0,0, Max: 0, Diff: 0, Sum: 0, Workers: 15
[34,392s][debug][gc,phases         ] GC(36)       Weak JFR Old Object Samples    Min: 0,00, Avg: 0,00, Max: 0,00, Diff: 0,00, Sum: 0,01, Workers: 15
[34,392s][debug][gc,phases         ] GC(36)         Dead                           Min: 0, Avg:  0,0, Max: 0, Diff: 0, Sum: 0, Workers: 15
[34,392s][debug][gc,phases         ] GC(36)         Total                          Min: 0, Avg:  0,0, Max: 0, Diff: 0, Sum: 0, Workers: 15
[34,392s][debug][gc,phases         ] GC(36)     Post Evacuate Cleanup 1: 0,28ms
[34,392s][debug][gc,phases         ] GC(36)       Merge Per-Thread State (ms):   Min: 0,08, Avg: 0,08, Max: 0,08, Diff: 0,00, Sum: 0,08, Workers: 1
[34,392s][debug][gc,phases         ] GC(36)         Copied Bytes                   Min: 7920200, Avg: 11394942,9, Max: 13546664, Diff: 5626464, Sum: 170924144, Workers: 15
[34,392s][debug][gc,phases         ] GC(36)         LAB Waste                      Min: 312, Avg: 3670,9, Max: 8232, Diff: 7920, Sum: 55064, Workers: 15
[34,392s][debug][gc,phases         ] GC(36)         LAB Undo Waste                 Min: 0, Avg:  0,0, Max: 0, Diff: 0, Sum: 0, Workers: 15
[34,392s][debug][gc,phases         ] GC(36)         Evac Fail Extra Cards          Min: 0, Avg:  0,0, Max: 0, Diff: 0, Sum: 0, Workers: 15
[34,392s][debug][gc,phases         ] GC(36)       Clear Logged Cards (ms):       Min: 0,00, Avg: 0,14, Max: 0,24, Diff: 0,24, Sum: 1,13, Workers: 8
[34,393s][debug][gc,phases         ] GC(36)       Recalculate Used Memory (ms):  Min: 0,00, Avg: 0,00, Max: 0,00, Diff: 0,00, Sum: 0,00, Workers: 1
[34,393s][debug][gc,phases         ] GC(36)     Post Evacuate Cleanup 2: 0,28ms
[34,393s][debug][gc,phases         ] GC(36)       Update Derived Pointers (ms):  Min: 0,00, Avg: 0,00, Max: 0,00, Diff: 0,00, Sum: 0,00, Workers: 1
[34,393s][debug][gc,phases         ] GC(36)       Eagerly Reclaim Humongous Objects (ms): skipped
[34,393s][debug][gc,phases         ] GC(36)         Humongous Total                skipped
[34,393s][debug][gc,phases         ] GC(36)         Humongous Candidates           skipped
[34,393s][debug][gc,phases         ] GC(36)         Humongous Reclaimed            skipped
[34,393s][debug][gc,phases         ] GC(36)       Redirty Logged Cards (ms):     Min: 0,00, Avg: 0,01, Max: 0,06, Diff: 0,06, Sum: 0,10, Workers: 15
[34,393s][debug][gc,phases         ] GC(36)         Redirtied Cards:               Min: 0, Avg: 335,4, Max: 3715, Diff: 3715, Sum: 5031, Workers: 15
[34,393s][debug][gc,phases         ] GC(36)       Resize TLABs (ms):             Min: 0,00, Avg: 0,00, Max: 0,01, Diff: 0,01, Sum: 0,01, Workers: 15
[34,393s][debug][gc,phases         ] GC(36)       Free Collection Set (ms):      Min: 0,08, Avg: 0,13, Max: 0,15, Diff: 0,07, Sum: 1,94, Workers: 15
[34,393s][debug][gc,phases         ] GC(36)     Rebuild Free List: 0,06ms
[34,393s][debug][gc,phases         ] GC(36)     Prepare For Mutator: 0,13ms
[34,393s][debug][gc,phases         ] GC(36)     Expand Heap After Collection: 0,00ms
[34,393s][info ][gc,phases         ] GC(36)   Other: 0,39ms
[34,393s][debug][gc,remset         ] GC(36) Coarsening (recent): Inline->AoC 0 (0) AoC->Howl 0 (0) Howl->Full 0 (0) Inline->AoC 0 (0) AoC->BitMap 0 (0) BitMap->Full 0 (0) 
[34,393s][debug][gc,remset         ] GC(36) Coarsening (all): Inline->AoC 2828 (0) AoC->Howl 1215 (0) Howl->Full 363 (0) Inline->AoC 7484 (0) AoC->BitMap 7242 (0) BitMap->Full 1611 (0) 
[34,393s][info ][gc,heap           ] GC(36) Eden regions: 553->0(654)
[34,393s][info ][gc,heap           ] GC(36) Survivor regions: 36->45(74)
[34,393s][info ][gc,heap           ] GC(36) Old regions: 352->266
[34,393s][info ][gc,heap           ] GC(36) Humongous regions: 0->0
[34,393s][info ][gc,metaspace      ] GC(36) Metaspace: 20717K(21056K)->20717K(21056K) NonClass: 18106K(18304K)->18106K(18304K) Class: 2611K(2752K)->2611K(2752K)
[34,393s][debug][gc,heap           ] GC(36) Heap after GC invocations=37 (full 0):
[34,393s][debug][gc,heap           ] GC(36)  garbage-first heap   total reserved 8388608K, committed 5242880K, used 1266721K [0x0000000600000000, 0x0000000800000000)
[34,393s][debug][gc,heap           ] GC(36)   region size 4096K, 45 young (184320K), 45 survivors (184320K)
[34,393s][debug][gc,heap           ] GC(36)  Metaspace       used 20717K, committed 21056K, reserved 1114112K
[34,393s][debug][gc,heap           ] GC(36)   class space    used 2611K, committed 2752K, reserved 1048576K
[34,393s][info ][gc                ] GC(36) Pause Young (Mixed) (G1 Evacuation Pause) 3761M->1237M(5120M) 25,401ms
[34,393s][info ][gc,cpu            ] GC(36) User=0,30s Sys=0,01s Real=0,03s
[34,393s][debug][gc,task           ] G1 Service Thread (Card Set Free Memory Task) (run: 2,331ms) (cpu: 0,189ms)
[34,393s][debug][gc,refine         ] Concurrent refinement: wanted 0, cards: 5031, predicted: 9687, time: 966,64ms
[34,410s][debug][gc,task,start     ] G1 Service Thread (Periodic GC Task) (run 0,780ms after schedule)
[34,410s][debug][gc,task           ] G1 Service Thread (Periodic GC Task) (run: 0,043ms) (cpu: 0,071ms)
[34,517s][debug][gc,refine         ] Concurrent refinement: wanted 0, cards: 5031, predicted: 9566, time: 941,49ms
[34,640s][debug][gc,refine         ] Concurrent refinement: wanted 0, cards: 5031, predicted: 9441, time: 915,61ms
[34,761s][debug][gc,refine         ] Concurrent refinement: wanted 0, cards: 5031, predicted: 9316, time: 889,72ms
[34,880s][debug][gc,refine         ] Concurrent refinement: wanted 0, cards: 5031, predicted: 9195, time: 864,58ms
[34,998s][debug][gc,refine         ] Concurrent refinement: wanted 0, cards: 5031, predicted: 9074, time: 839,43ms
[35,113s][debug][gc,refine         ] Concurrent refinement: wanted 0, cards: 5031, predicted: 8957, time: 815,02ms
[35,227s][debug][gc,refine         ] Concurrent refinement: wanted 0, cards: 5031, predicted: 8839, time: 790,62ms
[35,339s][debug][gc,refine         ] Concurrent refinement: wanted 0, cards: 5031, predicted: 8725, time: 766,95ms
[35,410s][debug][gc,task,start     ] G1 Service Thread (Periodic GC Task) (run 0,079ms after schedule)
[35,411s][debug][gc,task           ] G1 Service Thread (Periodic GC Task) (run: 0,104ms) (cpu: 0,111ms)
[35,450s][debug][gc,refine         ] Concurrent refinement: wanted 0, cards: 5031, predicted: 6997, time: 408,25ms
[35,530s][debug][gc,refine         ] Concurrent refinement: wanted 0, cards: 5031, predicted: 6858, time: 379,41ms
[35,607s][debug][gc,refine         ] Concurrent refinement: wanted 0, cards: 5031, predicted: 6840, time: 375,71ms
[35,684s][debug][gc,refine         ] Concurrent refinement: wanted 0, cards: 5031, predicted: 6817, time: 370,89ms
[35,762s][debug][gc,refine         ] Concurrent refinement: wanted 0, cards: 5031, predicted: 6748, time: 356,48ms
[35,837s][debug][gc,refine         ] Concurrent refinement: wanted 0, cards: 5031, predicted: 6673, time: 340,95ms
[35,910s][debug][gc,refine         ] Concurrent refinement: wanted 0, cards: 5031, predicted: 6598, time: 325,42ms
[35,983s][debug][gc,refine         ] Concurrent refinement: wanted 0, cards: 5031, predicted: 6527, time: 310,63ms
[36,053s][debug][gc,refine         ] Concurrent refinement: wanted 0, cards: 5031, predicted: 6452, time: 295,09ms
[36,121s][debug][gc,refine         ] Concurrent refinement: wanted 0, cards: 5031, predicted: 6384, time: 281,04ms
[36,188s][debug][gc,refine         ] Concurrent refinement: wanted 0, cards: 5031, predicted: 6313, time: 266,25ms
[36,253s][debug][gc,refine         ] Concurrent refinement: wanted 0, cards: 5031, predicted: 6249, time: 252,94ms
[36,317s][debug][gc,refine         ] Concurrent refinement: wanted 0, cards: 5031, predicted: 6185, time: 239,63ms
[36,378s][debug][gc,refine         ] Concurrent refinement: wanted 0, cards: 5031, predicted: 6121, time: 226,31ms
[36,411s][debug][gc,task,start     ] G1 Service Thread (Periodic GC Task) (run 0,216ms after schedule)
[36,411s][debug][gc,task           ] G1 Service Thread (Periodic GC Task) (run: 0,058ms) (cpu: 0,097ms)
[36,438s][debug][gc,refine         ] Concurrent refinement: wanted 0, cards: 5031, predicted: 6060, time: 213,74ms
[36,496s][debug][gc,refine         ] Concurrent refinement: wanted 0, cards: 5031, predicted: 6000, time: 201,17ms
[36,552s][debug][gc,refine         ] Concurrent refinement: wanted 0, cards: 5031, predicted: 5943, time: 189,33ms
[36,608s][debug][gc,refine         ] Concurrent refinement: wanted 0, cards: 5031, predicted: 5886, time: 177,50ms
[36,661s][debug][gc,refine         ] Concurrent refinement: wanted 0, cards: 5031, predicted: 5832, time: 166,41ms
[36,712s][debug][gc,refine         ] Concurrent refinement: wanted 0, cards: 5031, predicted: 5779, time: 155,31ms
[36,762s][debug][gc,refine         ] Concurrent refinement: wanted 0, cards: 5031, predicted: 5362, time: 68,91ms
[36,775s][info ][gc,start          ] GC(37) Pause Young (Normal) (G1 Evacuation Pause)
[36,775s][debug][gc,heap           ] GC(37) Heap before GC invocations=37 (full 0):
[36,775s][debug][gc,heap           ] GC(37)  garbage-first heap   total reserved 8388608K, committed 5242880K, used 3941409K [0x0000000600000000, 0x0000000800000000)
[36,775s][debug][gc,heap           ] GC(37)   region size 4096K, 699 young (2863104K), 45 survivors (184320K)
[36,775s][debug][gc,heap           ] GC(37)  Metaspace       used 20723K, committed 21056K, reserved 1114112K
[36,775s][debug][gc,heap           ] GC(37)   class space    used 2611K, committed 2752K, reserved 1048576K
[36,775s][info ][gc,task           ] GC(37) Using 15 workers of 15 for evacuation
[36,775s][debug][gc,age            ] GC(37) Desired survivor size 184549376 bytes, new threshold 15 (max threshold 15)
[36,776s][debug][gc,tlab           ] GC(37) TLAB totals: thrds: 25  refills: 1678 max: 649 slow allocs: 643 max 57 waste:  0,8% gc: 14290080B max: 2097080B slow: 6107312B max: 900800B
[36,776s][debug][gc,refine,stats   ] GC(37) Mutator refinement: 0,00ms, refined: 0, precleaned: 0, dirtied: 52
[36,776s][debug][gc,refine,stats   ] GC(37) Concurrent refinement: 0,00ms, refined: 0, precleaned: 0, dirtied: 0
[36,776s][debug][gc,refine,stats   ] GC(37) Total refinement: 0,00ms, refined: 0, precleaned: 0, dirtied: 52
[36,776s][debug][gc,refine,stats   ] GC(37) Generate dirty cards rate: 0,02 cards/ms
[36,776s][debug][gc,alloc,region   ] GC(37) Mutator Allocation stats, regions: 654, wasted size: 0B ( 0,0%)
[36,776s][debug][gc,ergo,cset      ] GC(37) No candidates to reclaim.
[36,776s][debug][gc,ergo           ] GC(37) Running G1 Merge Heap Roots using 15 workers for 699 regions
[36,776s][debug][gc,remset         ] GC(37) Visited cards 225600 Total dirty 1859584 (12,13%) Total old 13631488 (1,65%)
[36,839s][debug][gc,ref            ] GC(37) ReferenceProcessor::execute queues: 3, RefProcThreadModel::Multi, marks_oops_alive: false
[36,840s][debug][gc,ref            ] GC(37) ReferenceProcessor::execute queues: 15, RefProcThreadModel::Multi, marks_oops_alive: true
[36,840s][debug][gc,ref            ] GC(37) ReferenceProcessor::execute queues: 1, RefProcThreadModel::Single, marks_oops_alive: false
[36,840s][debug][gc,ergo           ] GC(37) Initializing removing self forwards with 128 chunks per region
[36,841s][debug][gc,ergo           ] GC(37) Running G1 Rebuild Free List Task using 15 workers for rebuilding free list of regions
[36,841s][debug][gc,plab           ] GC(37) Young PLAB allocation: allocated: 369098752B, wasted: 40984B, unused: 0B, used: 369057768B, undo waste: 0B, 
[36,841s][debug][gc,plab           ] GC(37) Young other allocation: region end waste: 0B, regions filled: 88, num plab filled: 191, direct allocated: 0B, num direct allocated: 0, failure used: 0B, failure wasted: 0B
[36,841s][debug][gc,plab           ] GC(37) Young sizing: calculated: 73811552B, actual: 63353928B
[36,841s][debug][gc,plab           ] GC(37) Old PLAB allocation: allocated: 253755392B, wasted: 65768B, unused: 14452384B, used: 239237240B, undo waste: 0B, 
[36,841s][debug][gc,plab           ] GC(37) Old other allocation: region end waste: 0B, regions filled: 61, num plab filled: 228, direct allocated: 0B, num direct allocated: 0, failure used: 848176B, failure wasted: 11734736B
[36,841s][debug][gc,plab           ] GC(37) Old sizing: calculated: 47847448B, actual: 39655480B
[36,841s][debug][gc,ergo,heap      ] GC(37) Heap expansion: short term pause time ratio 1,27% long term pause time ratio 3,74% threshold 7,69% pause time ratio 7,69% fully expanded false resize by 0B
[36,841s][debug][gc,task,start     ] G1 Service Thread (Card Set Free Memory Task) (run 0,008ms after schedule)
[36,841s][debug][gc,ergo,ihop      ] GC(37) Request concurrent cycle initiation (occupancy higher than threshold) occupancy: 1379926016B allocation request: 0B threshold: 7622823B (0,14) source: end of GC
[36,841s][debug][gc,mmu            ] GC(37) MMU: 65,7ms (200,0ms/201,0ms)
[36,841s][debug][gc,alloc,stats    ] Old generation allocation in the last mutator period, old gen allocated: 266338304B, humongous allocated: 0B, old gen growth: 266338304B.
[36,841s][debug][gc,ihop           ] GC(37) Basic information (value update), threshold: 0B (0,00), target occupancy: 5368709120B, current occupancy: 1745913392B, recent allocation size: 266338304B, recent allocation duration: 2384,57ms, recent old gen allocation rate: 111692309,25B/s, recent marking phase length: 3084,83ms
[36,841s][debug][gc,ihop           ] GC(37) Adaptive IHOP information (value update), threshold: 0B (0,00), internal target occupancy: 5100273664B, occupancy: 1745913392B, additional buffer size: 2743074816B, predicted old gen allocation rate: 791969654,66B/s, predicted marking phase length: 3214,12ms, prediction active: true
[36,841s][debug][gc,ergo,refine    ] GC(37) GC refinement: goal: 282591 + 968 / 20,00ms, actual: 5083 / 0,47ms, 
[36,841s][debug][gc,ergo,refine    ] GC(37) New pending cards target: 249875
[36,841s][info ][gc,phases         ] GC(37)   Pre Evacuate Collection Set: 0,34ms
[36,841s][debug][gc,phases         ] GC(37)     Pre Evacuate Prepare: 0,16ms
[36,841s][debug][gc,phases         ] GC(37)       JT Retire TLABs And Flush Logs (ms): Min: 0,00, Avg: 0,01, Max: 0,02, Diff: 0,02, Sum: 0,02, Workers: 2
[36,841s][debug][gc,phases         ] GC(37)       Non-JT Flush Logs (ms):        Min: 0,01, Avg: 0,01, Max: 0,01, Diff: 0,00, Sum: 0,01, Workers: 1
[36,841s][debug][gc,phases         ] GC(37)     Choose Collection Set: 0,02ms
[36,841s][debug][gc,phases         ] GC(37)     Region Register: 0,17ms
[36,841s][debug][gc,phases         ] GC(37)     Prepare Heap Roots: 0,00ms
[36,841s][info ][gc,phases         ] GC(37)   Merge Heap Roots: 0,45ms
[36,841s][debug][gc,phases         ] GC(37)     Prepare Merge Heap Roots: 0,02ms
[36,841s][debug][gc,phases         ] GC(37)     Remembered Sets (ms):          Min: 0,11, Avg: 0,14, Max: 0,15, Diff: 0,04, Sum: 2,04, Workers: 15
[36,841s][debug][gc,phases         ] GC(37)       Eager Reclaim (ms):            skipped
[36,841s][debug][gc,phases         ] GC(37)       Merged Inline                  Min: 0, Avg:  0,0, Max: 0, Diff: 0, Sum: 0, Workers: 15
[36,841s][debug][gc,phases         ] GC(37)       Merged ArrayOfCards            Min: 0, Avg:  0,0, Max: 0, Diff: 0, Sum: 0, Workers: 15
[36,841s][debug][gc,phases         ] GC(37)       Merged Howl                    Min: 0, Avg:  0,0, Max: 0, Diff: 0, Sum: 0, Workers: 15
[36,841s][debug][gc,phases         ] GC(37)       Merged Full                    Min: 0, Avg:  0,0, Max: 0, Diff: 0, Sum: 0, Workers: 15
[36,841s][debug][gc,phases         ] GC(37)       Merged Howl Inline             Min: 0, Avg:  0,0, Max: 0, Diff: 0, Sum: 0, Workers: 15
[36,841s][debug][gc,phases         ] GC(37)       Merged Howl ArrayOfCards       Min: 0, Avg:  0,0, Max: 0, Diff: 0, Sum: 0, Workers: 15
[36,841s][debug][gc,phases         ] GC(37)       Merged Howl BitMap             Min: 0, Avg:  0,0, Max: 0, Diff: 0, Sum: 0, Workers: 15
[36,841s][debug][gc,phases         ] GC(37)       Merged Howl Full               Min: 0, Avg:  0,0, Max: 0, Diff: 0, Sum: 0, Workers: 15
[36,841s][debug][gc,phases         ] GC(37)       Merged Cards                   Min: 8, Avg:  8,0, Max: 8, Diff: 0, Sum: 120, Workers: 15
[36,841s][debug][gc,phases         ] GC(37)     Log Buffers (ms):              Min: 0,03, Avg: 0,04, Max: 0,06, Diff: 0,03, Sum: 0,64, Workers: 15
[36,841s][debug][gc,phases         ] GC(37)       Dirty Cards:                   Min: 131, Avg: 338,9, Max: 849, Diff: 718, Sum: 5083, Workers: 15
[36,841s][debug][gc,phases         ] GC(37)       Skipped Cards:                 Min: 0, Avg:  0,0, Max: 0, Diff: 0, Sum: 0, Workers: 15
[36,841s][info ][gc,phases         ] GC(37)   Evacuate Collection Set: 62,77ms
[36,841s][debug][gc,phases         ] GC(37)     Ext Root Scanning (ms):        Min: 0,00, Avg: 0,05, Max: 0,19, Diff: 0,18, Sum: 0,72, Workers: 15
[36,841s][debug][gc,phases         ] GC(37)     Scan Heap Roots (ms):          Min: 0,01, Avg: 0,42, Max: 1,20, Diff: 1,20, Sum: 6,35, Workers: 15
[36,841s][debug][gc,phases         ] GC(37)       Scanned Cards:                 Min: 2, Avg: 322,6, Max: 791, Diff: 789, Sum: 4839, Workers: 15
[36,841s][debug][gc,phases         ] GC(37)       Scanned Blocks:                Min: 1, Avg: 238,9, Max: 503, Diff: 502, Sum: 3583, Workers: 15
[36,841s][debug][gc,phases         ] GC(37)       Claimed Chunks:                Min: 1, Avg: 235,0, Max: 497, Diff: 496, Sum: 3525, Workers: 15
[36,841s][debug][gc,phases         ] GC(37)       Found Roots:                   Min: 4, Avg: 897,3, Max: 2732, Diff: 2728, Sum: 13460, Workers: 15
[36,841s][debug][gc,phases         ] GC(37)     Code Root Scan (ms):           Min: 0,04, Avg: 0,06, Max: 0,15, Diff: 0,11, Sum: 0,85, Workers: 15
[36,841s][debug][gc,phases         ] GC(37)       Scanned Nmethods               Min: 0, Avg:  0,1, Max: 1, Diff: 1, Sum: 2, Workers: 15
[36,842s][debug][gc,phases         ] GC(37)     Object Copy (ms):              Min: 60,99, Avg: 61,93, Max: 62,37, Diff: 1,38, Sum: 928,90, Workers: 15
[36,842s][debug][gc,phases         ] GC(37)     Termination (ms):              Min: 0,05, Avg: 0,06, Max: 0,10, Diff: 0,06, Sum: 0,94, Workers: 15
[36,842s][debug][gc,phases         ] GC(37)       Termination Attempts:          Min: 1, Avg:  1,0, Max: 1, Diff: 0, Sum: 15, Workers: 15
[36,842s][debug][gc,phases         ] GC(37)     GC Worker Other (ms):          Min: 0,05, Avg: 0,07, Max: 0,15, Diff: 0,11, Sum: 1,12, Workers: 15
[36,842s][debug][gc,phases         ] GC(37)     GC Worker Total (ms):          Min: 62,54, Avg: 62,59, Max: 62,66, Diff: 0,12, Sum: 938,88, Workers: 15
[36,842s][info ][gc,phases         ] GC(37)   Post Evacuate Collection Set: 1,95ms
[36,842s][debug][gc,phases         ] GC(37)     NMethod List Cleanup: 0,01ms
[36,842s][debug][gc,phases         ] GC(37)     Reference Processing: 1,29ms
[36,842s][debug][gc,phases,ref     ] GC(37)       Notify Soft/WeakReferences: 0,9ms
[36,842s][debug][gc,phases,ref     ] GC(37)         Balance queues: 0,0ms
[36,842s][debug][gc,phases,ref     ] GC(37)         SoftRef (ms):                  Min: 0,00, Avg: 0,00, Max: 0,00, Diff: 0,00, Sum: 0,00, Workers: 3
[36,842s][debug][gc,phases,ref     ] GC(37)         WeakRef (ms):                  Min: 0,00, Avg: 0,00, Max: 0,00, Diff: 0,00, Sum: 0,00, Workers: 3
[36,842s][debug][gc,phases,ref     ] GC(37)         FinalRef (ms):                 Min: 0,07, Avg: 0,22, Max: 0,45, Diff: 0,38, Sum: 0,66, Workers: 3
[36,842s][debug][gc,phases,ref     ] GC(37)         Total (ms):                    Min: 0,48, Avg: 0,58, Max: 0,75, Diff: 0,27, Sum: 1,74, Workers: 3
[36,842s][debug][gc,phases,ref     ] GC(37)       Notify and keep alive finalizable: 0,3ms
[36,842s][debug][gc,phases,ref     ] GC(37)         Balance queues: 0,0ms
[36,842s][debug][gc,phases,ref     ] GC(37)         FinalRef (ms):                 Min: 0,09, Avg: 0,15, Max: 0,22, Diff: 0,13, Sum: 2,29, Workers: 15
[36,842s][debug][gc,phases,ref     ] GC(37)       Notify PhantomReferences: 0,1ms
[36,842s][debug][gc,phases,ref     ] GC(37)         PhantomRef (ms):               Min: 0,01, Avg: 0,01, Max: 0,01, Diff: 0,00, Sum: 0,01, Workers: 1
[36,842s][debug][gc,phases,ref     ] GC(37)       SoftReference Discovered: 0, Dropped: 0, Processed: 0
[36,842s][debug][gc,phases,ref     ] GC(37)       WeakReference Discovered: 0, Dropped: 0, Processed: 0
[36,842s][debug][gc,phases,ref     ] GC(37)       FinalReference Discovered: 2937, Dropped: 1, Processed: 2936
[36,842s][debug][gc,phases,ref     ] GC(37)       PhantomReference Discovered: 44, Dropped: 5, Processed: 39
[36,842s][debug][gc,phases         ] GC(37)     Weak Processing: 0,11ms
[36,842s][debug][gc,phases         ] GC(37)       VM Weak                        Min: 0,00, Avg: 0,00, Max: 0,00, Diff: 0,00, Sum: 0,01, Workers: 15
[36,842s][debug][gc,phases         ] GC(37)         Dead                           Min: 0, Avg:  0,0, Max: 0, Diff: 0, Sum: 0, Workers: 15
[36,842s][debug][gc,phases         ] GC(37)         Total                          Min: 0, Avg: 11,0, Max: 165, Diff: 165, Sum: 165, Workers: 15
[36,842s][debug][gc,phases         ] GC(37)       ObjectSynchronizer Weak        Min: 0,00, Avg: 0,00, Max: 0,00, Diff: 0,00, Sum: 0,00, Workers: 15
[36,842s][debug][gc,phases         ] GC(37)         Dead                           Min: 0, Avg:  0,0, Max: 0, Diff: 0, Sum: 0, Workers: 15
[36,842s][debug][gc,phases         ] GC(37)         Total                          Min: 0, Avg:  2,2, Max: 33, Diff: 33, Sum: 33, Workers: 15
[36,842s][debug][gc,phases         ] GC(37)       JVMTI Tag Weak OopStorage      Min: 0,00, Avg: 0,00, Max: 0,00, Diff: 0,00, Sum: 0,00, Workers: 15
[36,842s][debug][gc,phases         ] GC(37)         Dead                           Min: 0, Avg:  0,0, Max: 0, Diff: 0, Sum: 0, Workers: 15
[36,842s][debug][gc,phases         ] GC(37)         Total                          Min: 0, Avg:  0,0, Max: 0, Diff: 0, Sum: 0, Workers: 15
[36,842s][debug][gc,phases         ] GC(37)       StringTable Weak               Min: 0,00, Avg: 0,01, Max: 0,04, Diff: 0,04, Sum: 0,09, Workers: 15
[36,842s][debug][gc,phases         ] GC(37)         Dead                           Min: 0, Avg:  0,0, Max: 0, Diff: 0, Sum: 0, Workers: 15
[36,842s][debug][gc,phases         ] GC(37)         Total                          Min: 0, Avg: 566,1, Max: 4736, Diff: 4736, Sum: 8492, Workers: 15
[36,842s][debug][gc,phases         ] GC(37)       ResolvedMethodTable Weak       Min: 0,00, Avg: 0,00, Max: 0,01, Diff: 0,01, Sum: 0,02, Workers: 15
[36,842s][debug][gc,phases         ] GC(37)         Dead                           Min: 0, Avg:  0,0, Max: 0, Diff: 0, Sum: 0, Workers: 15
[36,842s][debug][gc,phases         ] GC(37)         Total                          Min: 0, Avg: 113,1, Max: 829, Diff: 829, Sum: 1697, Workers: 15
[36,842s][debug][gc,phases         ] GC(37)       JNI Weak                       Min: 0,00, Avg: 0,00, Max: 0,00, Diff: 0,00, Sum: 0,00, Workers: 15
[36,842s][debug][gc,phases         ] GC(37)         Dead                           Min: 0, Avg:  0,0, Max: 0, Diff: 0, Sum: 0, Workers: 15
[36,842s][debug][gc,phases         ] GC(37)         Total                          Min: 0, Avg:  0,0, Max: 0, Diff: 0, Sum: 0, Workers: 15
[36,842s][debug][gc,phases         ] GC(37)       StringDedup Table Weak         Min: 0,00, Avg: 0,01, Max: 0,03, Diff: 0,03, Sum: 0,15, Workers: 15
[36,842s][debug][gc,phases         ] GC(37)         Dead                           Min: 0, Avg:  0,0, Max: 0, Diff: 0, Sum: 0, Workers: 15
[36,842s][debug][gc,phases         ] GC(37)         Total                          Min: 0, Avg: 875,3, Max: 3392, Diff: 3392, Sum: 13129, Workers: 15
[36,842s][debug][gc,phases         ] GC(37)       StringDedup Requests0 Weak     Min: 0,00, Avg: 0,00, Max: 0,00, Diff: 0,00, Sum: 0,01, Workers: 15
[36,842s][debug][gc,phases         ] GC(37)         Dead                           Min: 0, Avg:  0,0, Max: 0, Diff: 0, Sum: 0, Workers: 15
[36,842s][debug][gc,phases         ] GC(37)         Total                          Min: 0, Avg:  0,0, Max: 0, Diff: 0, Sum: 0, Workers: 15
[36,842s][debug][gc,phases         ] GC(37)       StringDedup Requests1 Weak     Min: 0,00, Avg: 0,00, Max: 0,00, Diff: 0,00, Sum: 0,02, Workers: 15
[36,842s][debug][gc,phases         ] GC(37)         Dead                           Min: 0, Avg:  0,0, Max: 0, Diff: 0, Sum: 0, Workers: 15
[36,842s][debug][gc,phases         ] GC(37)         Total                          Min: 0, Avg: 17,1, Max: 64, Diff: 64, Sum: 256, Workers: 15
[36,842s][debug][gc,phases         ] GC(37)       Weak JFR Old Object Samples    Min: 0,00, Avg: 0,00, Max: 0,00, Diff: 0,00, Sum: 0,01, Workers: 15
[36,842s][debug][gc,phases         ] GC(37)         Dead                           Min: 0, Avg:  0,0, Max: 0, Diff: 0, Sum: 0, Workers: 15
[36,842s][debug][gc,phases         ] GC(37)         Total                          Min: 0, Avg:  0,0, Max: 0, Diff: 0, Sum: 0, Workers: 15
[36,842s][debug][gc,phases         ] GC(37)     Post Evacuate Cleanup 1: 0,21ms
[36,842s][debug][gc,phases         ] GC(37)       Merge Per-Thread State (ms):   Min: 0,04, Avg: 0,04, Max: 0,04, Diff: 0,00, Sum: 0,04, Workers: 1
[36,842s][debug][gc,phases         ] GC(37)         Copied Bytes                   Min: 32542768, Avg: 40553000,5, Max: 46953792, Diff: 14411024, Sum: 608295008, Workers: 15
[36,842s][debug][gc,phases         ] GC(37)         LAB Waste                      Min: 888, Avg: 7116,8, Max: 13536, Diff: 12648, Sum: 106752, Workers: 15
[36,842s][debug][gc,phases         ] GC(37)         LAB Undo Waste                 Min: 0, Avg:  0,0, Max: 0, Diff: 0, Sum: 0, Workers: 15
[36,842s][debug][gc,phases         ] GC(37)         Evac Fail Extra Cards          Min: 0, Avg:  0,3, Max: 3, Diff: 3, Sum: 5, Workers: 15
[36,842s][debug][gc,phases         ] GC(37)       Clear Logged Cards (ms):       Min: 0,00, Avg: 0,04, Max: 0,15, Diff: 0,15, Sum: 0,67, Workers: 15
[36,842s][debug][gc,phases         ] GC(37)       Recalculate Used Memory (ms):  Min: 0,03, Avg: 0,03, Max: 0,03, Diff: 0,00, Sum: 0,03, Workers: 1
[36,842s][debug][gc,phases         ] GC(37)       Restore Evacuation Failed Regions (ms): Min: 0,00, Avg: 0,05, Max: 0,08, Diff: 0,08, Sum: 0,81, Workers: 15
[36,842s][debug][gc,phases         ] GC(37)         Evacuation Failed Regions:     Min: 3, Avg:  3,0, Max: 3, Diff: 0, Sum: 3, Workers: 1
[36,842s][debug][gc,phases         ] GC(37)         Pinned Regions:                Min: 1, Avg:  1,0, Max: 1, Diff: 0, Sum: 3, Workers: 3
[36,842s][debug][gc,phases         ] GC(37)         Allocation Failed Regions:     skipped
[36,842s][debug][gc,phases         ] GC(37)         Remove Self Forwards (ms):     Min: 0,00, Avg: 0,02, Max: 0,05, Diff: 0,04, Sum: 0,33, Workers: 14
[36,842s][debug][gc,phases         ] GC(37)           Forward Chunks:                Min: 1, Avg:  3,1, Max: 8, Diff: 7, Sum: 37, Workers: 12
[36,842s][debug][gc,phases         ] GC(37)           Empty Forward Chunks:          Min: 4, Avg: 24,8, Max: 59, Diff: 55, Sum: 347, Workers: 14
[36,842s][debug][gc,phases         ] GC(37)           Forward Objects:               Min: 1, Avg:  3,1, Max: 8, Diff: 7, Sum: 37, Workers: 12
[36,842s][debug][gc,phases         ] GC(37)           Forward Bytes:                 Min: 48, Avg: 70681,3, Max: 222304, Diff: 222256, Sum: 848176, Workers: 12
[36,842s][debug][gc,phases         ] GC(37)     Post Evacuate Cleanup 2: 0,24ms
[36,842s][debug][gc,phases         ] GC(37)       Recalculate Used Memory (ms):  Min: 0,03, Avg: 0,03, Max: 0,03, Diff: 0,00, Sum: 0,03, Workers: 1
[36,842s][debug][gc,phases         ] GC(37)       Restore Preserved Marks (ms):  Min: 0,00, Avg: 0,00, Max: 0,00, Diff: 0,00, Sum: 0,02, Workers: 15
[36,842s][debug][gc,phases         ] GC(37)       Process Evacuation Failed Regions (ms): Min: 0,00, Avg: 0,00, Max: 0,01, Diff: 0,01, Sum: 0,05, Workers: 15
[36,842s][debug][gc,phases         ] GC(37)       Update Derived Pointers (ms):  Min: 0,00, Avg: 0,00, Max: 0,00, Diff: 0,00, Sum: 0,00, Workers: 1
[36,842s][debug][gc,phases         ] GC(37)       Eagerly Reclaim Humongous Objects (ms): skipped
[36,842s][debug][gc,phases         ] GC(37)         Humongous Total                skipped
[36,842s][debug][gc,phases         ] GC(37)         Humongous Candidates           skipped
[36,842s][debug][gc,phases         ] GC(37)         Humongous Reclaimed            skipped
[36,842s][debug][gc,phases         ] GC(37)       Sample CSet Candidates (ms):   skipped
[36,842s][debug][gc,phases         ] GC(37)       Redirty Logged Cards (ms):     Min: 0,00, Avg: 0,01, Max: 0,02, Diff: 0,02, Sum: 0,14, Workers: 15
[36,842s][debug][gc,phases         ] GC(37)         Redirtied Cards:               Min: 0, Avg: 335,1, Max: 671, Diff: 671, Sum: 5027, Workers: 15
[36,842s][debug][gc,phases         ] GC(37)       Resize TLABs (ms):             Min: 0,00, Avg: 0,00, Max: 0,01, Diff: 0,01, Sum: 0,02, Workers: 15
[36,842s][debug][gc,phases         ] GC(37)       Free Collection Set (ms):      Min: 0,05, Avg: 0,09, Max: 0,11, Diff: 0,05, Sum: 1,35, Workers: 15
[36,842s][debug][gc,phases         ] GC(37)     Rebuild Free List: 0,04ms
[36,842s][debug][gc,phases         ] GC(37)     Prepare For Mutator: 0,06ms
[36,842s][debug][gc,phases         ] GC(37)     Expand Heap After Collection: 0,00ms
[36,842s][info ][gc,phases         ] GC(37)   Other: 0,33ms
[36,842s][debug][gc,remset         ] GC(37) Coarsening (recent): Inline->AoC 0 (0) AoC->Howl 0 (0) Howl->Full 0 (0) Inline->AoC 0 (0) AoC->BitMap 0 (0) BitMap->Full 0 (0) 
[36,842s][debug][gc,remset         ] GC(37) Coarsening (all): Inline->AoC 2828 (0) AoC->Howl 1215 (0) Howl->Full 363 (0) Inline->AoC 7484 (0) AoC->BitMap 7242 (0) BitMap->Full 1611 (0) 
[36,842s][info ][gc,heap           ] GC(37) Eden regions: 654->0(566)
[36,842s][info ][gc,heap           ] GC(37) Survivor regions: 45->88(88)
[36,842s][info ][gc,heap           ] GC(37) Old regions: 266->329
[36,842s][info ][gc,heap           ] GC(37) Humongous regions: 0->0
[36,842s][info ][gc,metaspace      ] GC(37) Metaspace: 20723K(21056K)->20723K(21056K) NonClass: 18111K(18304K)->18111K(18304K) Class: 2611K(2752K)->2611K(2752K)
[36,843s][debug][gc,heap           ] GC(37) Heap after GC invocations=38 (full 0):
[36,843s][debug][gc,heap           ] GC(37)  garbage-first heap   total reserved 8388608K, committed 5242880K, used 1704993K [0x0000000600000000, 0x0000000800000000)
[36,843s][debug][gc,heap           ] GC(37)   region size 4096K, 88 young (360448K), 88 survivors (360448K)
[36,843s][debug][gc,heap           ] GC(37)  Metaspace       used 20723K, committed 21056K, reserved 1114112K
[36,843s][debug][gc,heap           ] GC(37)   class space    used 2611K, committed 2752K, reserved 1048576K
[36,843s][info ][gc                ] GC(37) Pause Young (Normal) (G1 Evacuation Pause) (Evacuation Failure: Pinned) 3853M->1665M(5120M) 67,352ms
[36,843s][info ][gc,cpu            ] GC(37) User=0,94s Sys=0,01s Real=0,06s
[36,843s][debug][gc,task           ] G1 Service Thread (Card Set Free Memory Task) (run: 1,691ms) (cpu: 0,065ms)
[36,843s][debug][gc,refine         ] Concurrent refinement: wanted 0, cards: 5027, predicted: 8641, time: 957,33ms
[36,966s][debug][gc,refine         ] Concurrent refinement: wanted 0, cards: 5027, predicted: 7672, time: 700,63ms
[37,071s][debug][gc,refine         ] Concurrent refinement: wanted 0, cards: 5283, predicted: 7909, time: 695,55ms
[37,176s][debug][gc,refine         ] Concurrent refinement: wanted 0, cards: 6307, predicted: 8910, time: 689,62ms
[37,282s][debug][gc,refine         ] Concurrent refinement: wanted 0, cards: 6307, predicted: 8843, time: 671,83ms
[37,385s][debug][gc,refine         ] Concurrent refinement: wanted 0, cards: 6307, predicted: 8750, time: 647,26ms
[37,412s][debug][gc,task,start     ] G1 Service Thread (Periodic GC Task) (run 1,079ms after schedule)
[37,412s][debug][gc,task           ] G1 Service Thread (Periodic GC Task) (run: 0,043ms) (cpu: 0,071ms)
[37,486s][debug][gc,refine         ] Concurrent refinement: wanted 0, cards: 6307, predicted: 8654, time: 621,84ms
[37,585s][debug][gc,refine         ] Concurrent refinement: wanted 0, cards: 6307, predicted: 8565, time: 598,12ms
[37,683s][debug][gc,refine         ] Concurrent refinement: wanted 0, cards: 6307, predicted: 8475, time: 574,40ms
[37,778s][debug][gc,refine         ] Concurrent refinement: wanted 0, cards: 6307, predicted: 8386, time: 550,68ms
[37,871s][debug][gc,refine         ] Concurrent refinement: wanted 0, cards: 6307, predicted: 8303, time: 528,65ms
[37,962s][debug][gc,refine         ] Concurrent refinement: wanted 0, cards: 6307, predicted: 8219, time: 506,62ms
[38,052s][debug][gc,refine         ] Concurrent refinement: wanted 0, cards: 6307, predicted: 8136, time: 484,60ms
[38,141s][debug][gc,refine         ] Concurrent refinement: wanted 0, cards: 6307, predicted: 8053, time: 462,57ms
[38,227s][debug][gc,refine         ] Concurrent refinement: wanted 0, cards: 6307, predicted: 7973, time: 441,39ms
[38,311s][debug][gc,refine         ] Concurrent refinement: wanted 0, cards: 6307, predicted: 6560, time: 67,11ms
[38,361s][debug][gc,refine         ] Concurrent refinement: wanted 0, cards: 6307, predicted: 6307, time: 13,56ms
[38,412s][debug][gc,refine         ] Concurrent refinement: wanted 0, cards: 6307, predicted: 6307, time: 8,47ms
[38,412s][debug][gc,task,start     ] G1 Service Thread (Periodic GC Task) (run 0,080ms after schedule)
[38,412s][debug][gc,task           ] G1 Service Thread (Periodic GC Task) (run: 0,047ms) (cpu: 0,056ms)
[38,462s][debug][gc,refine         ] Concurrent refinement: wanted 0, cards: 6307, predicted: 6307, time: 3,39ms
[38,512s][debug][gc,refine         ] Concurrent refinement: wanted 0, cards: 6307, predicted: 6307, time: 0,00ms
[38,517s][debug][gc,ergo           ] GC(38) Initiate concurrent cycle (concurrent cycle initiation requested)
[38,517s][info ][gc,start          ] GC(38) Pause Young (Concurrent Start) (G1 Evacuation Pause)
[38,517s][debug][gc,heap           ] GC(38) Heap before GC invocations=38 (full 0):
[38,517s][debug][gc,heap           ] GC(38)  garbage-first heap   total reserved 8388608K, committed 5242880K, used 4019233K [0x0000000600000000, 0x0000000800000000)
[38,517s][debug][gc,heap           ] GC(38)   region size 4096K, 654 young (2678784K), 88 survivors (360448K)
[38,517s][debug][gc,heap           ] GC(38)  Metaspace       used 20724K, committed 21056K, reserved 1114112K
[38,517s][debug][gc,heap           ] GC(38)   class space    used 2611K, committed 2752K, reserved 1048576K
[38,517s][info ][gc,task           ] GC(38) Using 15 workers of 15 for evacuation
[38,517s][debug][gc,age            ] GC(38) Desired survivor size 171966464 bytes, new threshold 1 (max threshold 15)
[38,517s][debug][gc,tlab           ] GC(38) TLAB totals: thrds: 24  refills: 1589 max: 387 slow allocs: 429 max 41 waste:  0,8% gc: 12786384B max: 1899176B slow: 5395720B max: 790064B
[38,518s][debug][gc,refine,stats   ] GC(38) Mutator refinement: 0,00ms, refined: 0, precleaned: 0, dirtied: 2522
[38,518s][debug][gc,refine,stats   ] GC(38) Concurrent refinement: 0,00ms, refined: 0, precleaned: 0, dirtied: 0
[38,518s][debug][gc,refine,stats   ] GC(38) Total refinement: 0,00ms, refined: 0, precleaned: 0, dirtied: 2522
[38,518s][debug][gc,refine,stats   ] GC(38) Generate dirty cards rate: 1,50 cards/ms
[38,518s][debug][gc,alloc,region   ] GC(38) Mutator Allocation stats, regions: 566, wasted size: 3928K ( 0,2%)
[38,518s][debug][gc,ergo,cset      ] GC(38) Do not add marking candidates to collection set due to pause type.
[38,518s][debug][gc,ergo,cset      ] GC(38) Start adding retained candidates to collection set. Min 1 regions, available 3, time remaining 40,00ms, optional remaining 40,00ms
[38,518s][debug][gc,ergo,cset      ] GC(38) Retained candidates exhausted.
[38,518s][debug][gc,ergo,cset      ] GC(38) Finish adding retained candidates to collection set. Initial: 3, optional: 0, pinned: 0, predicted initial time: 0,20ms, predicted optional time: 0,00ms, time remaining: 39,80ms optional time remaining 39,80ms
[38,518s][debug][gc,ergo           ] GC(38) Running G1 Merge Heap Roots using 15 workers for 657 regions
[38,519s][debug][gc,remset         ] GC(38) Visited cards 315072 Total dirty 2383872 (13,22%) Total old 13434880 (2,35%)
[38,565s][debug][gc,ref            ] GC(38) ReferenceProcessor::execute queues: 4, RefProcThreadModel::Multi, marks_oops_alive: false
[38,566s][debug][gc,ref            ] GC(38) ReferenceProcessor::execute queues: 15, RefProcThreadModel::Multi, marks_oops_alive: true
[38,566s][debug][gc,ref            ] GC(38) ReferenceProcessor::execute queues: 1, RefProcThreadModel::Single, marks_oops_alive: false
[38,567s][debug][gc,ergo           ] GC(38) Running G1 Rebuild Free List Task using 15 workers for rebuilding free list of regions
[38,567s][debug][gc,plab           ] GC(38) Young PLAB allocation: allocated: 33554432B, wasted: 16B, unused: 29559224B, used: 3995192B, undo waste: 0B, 
[38,567s][debug][gc,plab           ] GC(38) Young other allocation: region end waste: 0B, regions filled: 8, num plab filled: 16, direct allocated: 0B, num direct allocated: 0, failure used: 0B, failure wasted: 0B
[38,567s][debug][gc,plab           ] GC(38) Young sizing: calculated: 799032B, actual: 16437752B
[38,567s][debug][gc,plab           ] GC(38) Old PLAB allocation: allocated: 379584512B, wasted: 47560B, unused: 11769008B, used: 367767944B, undo waste: 0B, 
[38,567s][debug][gc,plab           ] GC(38) Old other allocation: region end waste: 0B, regions filled: 91, num plab filled: 181, direct allocated: 0B, num direct allocated: 0, failure used: 0B, failure wasted: 0B
[38,568s][debug][gc,plab           ] GC(38) Old sizing: calculated: 73553584B, actual: 65079056B
[38,568s][debug][gc,ergo,heap      ] GC(38) Heap expansion: short term pause time ratio 2,68% long term pause time ratio 3,84% threshold 7,69% pause time ratio 7,69% fully expanded false resize by 0B
[38,568s][debug][gc,mmu            ] GC(38) MMU: 50,3ms (200,0ms/201,0ms)
[38,568s][debug][gc,alloc,stats    ] Old generation allocation in the last mutator period, old gen allocated: 379584512B, humongous allocated: 0B, old gen growth: 379584512B.
[38,568s][debug][gc,task,start     ] G1 Service Thread (Card Set Free Memory Task) (run 0,060ms after schedule)
[38,568s][debug][gc,ihop           ] GC(38) Basic information (value update), threshold: 29151569B (0,54), target occupancy: 5368709120B, current occupancy: 1777370672B, recent allocation size: 379584512B, recent allocation duration: 1676,17ms, recent old gen allocation rate: 226459252,03B/s, recent marking phase length: 3084,83ms
[38,568s][debug][gc,ihop           ] GC(38) Adaptive IHOP information (value update), threshold: 29151569B (0,57), internal target occupancy: 5100273664B, occupancy: 1777370672B, additional buffer size: 2583691264B, predicted old gen allocation rate: 773907854,86B/s, predicted marking phase length: 3214,12ms, prediction active: true
[38,568s][debug][gc,ergo,refine    ] GC(38) GC refinement: goal: 249875 + 1121 / 20,00ms, actual: 7549 / 0,68ms, 
[38,568s][debug][gc,ergo,refine    ] GC(38) New pending cards target: 234678
[38,568s][info ][gc,phases         ] GC(38)   Pre Evacuate Collection Set: 0,54ms
[38,568s][debug][gc,phases         ] GC(38)     Reset Marking State (ms):      Min: 0,03, Avg: 0,03, Max: 0,03, Diff: 0,00, Sum: 0,03, Workers: 1
[38,568s][debug][gc,phases         ] GC(38)     Note Start Of Mark (ms):       Min: 0,01, Avg: 0,03, Max: 0,06, Diff: 0,05, Sum: 0,12, Workers: 4
[38,568s][debug][gc,phases         ] GC(38)     Pre Evacuate Prepare: 0,20ms
[38,568s][debug][gc,phases         ] GC(38)       JT Retire TLABs And Flush Logs (ms): Min: 0,00, Avg: 0,01, Max: 0,02, Diff: 0,01, Sum: 0,02, Workers: 2
[38,568s][debug][gc,phases         ] GC(38)       Non-JT Flush Logs (ms):        Min: 0,01, Avg: 0,01, Max: 0,01, Diff: 0,00, Sum: 0,01, Workers: 1
[38,568s][debug][gc,phases         ] GC(38)     Choose Collection Set: 0,06ms
[38,568s][debug][gc,phases         ] GC(38)     Region Register: 0,21ms
[38,568s][debug][gc,phases         ] GC(38)     Prepare Heap Roots: 0,00ms
[38,568s][info ][gc,phases         ] GC(38)   Merge Heap Roots: 0,75ms
[38,568s][debug][gc,phases         ] GC(38)     Prepare Merge Heap Roots: 0,02ms
[38,568s][debug][gc,phases         ] GC(38)     Remembered Sets (ms):          Min: 0,12, Avg: 0,16, Max: 0,21, Diff: 0,09, Sum: 2,46, Workers: 15
[38,568s][debug][gc,phases         ] GC(38)       Eager Reclaim (ms):            skipped
[38,568s][debug][gc,phases         ] GC(38)       Merged Inline                  Min: 0, Avg:  0,0, Max: 0, Diff: 0, Sum: 0, Workers: 15
[38,568s][debug][gc,phases         ] GC(38)       Merged ArrayOfCards            Min: 0, Avg:  0,0, Max: 0, Diff: 0, Sum: 0, Workers: 15
[38,568s][debug][gc,phases         ] GC(38)       Merged Howl                    Min: 0, Avg:  0,0, Max: 0, Diff: 0, Sum: 0, Workers: 15
[38,568s][debug][gc,phases         ] GC(38)       Merged Full                    Min: 0, Avg:  0,0, Max: 0, Diff: 0, Sum: 0, Workers: 15
[38,568s][debug][gc,phases         ] GC(38)       Merged Howl Inline             Min: 0, Avg:  0,0, Max: 0, Diff: 0, Sum: 0, Workers: 15
[38,568s][debug][gc,phases         ] GC(38)       Merged Howl ArrayOfCards       Min: 0, Avg:  0,0, Max: 0, Diff: 0, Sum: 0, Workers: 15
[38,568s][debug][gc,phases         ] GC(38)       Merged Howl BitMap             Min: 0, Avg:  0,0, Max: 0, Diff: 0, Sum: 0, Workers: 15
[38,568s][debug][gc,phases         ] GC(38)       Merged Howl Full               Min: 0, Avg:  0,0, Max: 0, Diff: 0, Sum: 0, Workers: 15
[38,568s][debug][gc,phases         ] GC(38)       Merged Cards                   Min: 8, Avg:  8,0, Max: 8, Diff: 0, Sum: 120, Workers: 15
[38,568s][debug][gc,phases         ] GC(38)     Log Buffers (ms):              Min: 0,07, Avg: 0,08, Max: 0,11, Diff: 0,04, Sum: 1,27, Workers: 15
[38,568s][debug][gc,phases         ] GC(38)       Dirty Cards:                   Min: 256, Avg: 503,3, Max: 1075, Diff: 819, Sum: 7549, Workers: 15
[38,568s][debug][gc,phases         ] GC(38)       Skipped Cards:                 Min: 0, Avg:  0,0, Max: 0, Diff: 0, Sum: 0, Workers: 15
[38,568s][info ][gc,phases         ] GC(38)   Evacuate Collection Set: 46,25ms
[38,568s][debug][gc,phases         ] GC(38)     Ext Root Scanning (ms):        Min: 0,00, Avg: 0,05, Max: 0,31, Diff: 0,30, Sum: 0,76, Workers: 15
[38,568s][debug][gc,phases         ] GC(38)     Scan Heap Roots (ms):          Min: 0,10, Avg: 0,60, Max: 1,24, Diff: 1,14, Sum: 9,00, Workers: 15
[38,568s][debug][gc,phases         ] GC(38)       Scanned Cards:                 Min: 101, Avg: 491,8, Max: 1001, Diff: 900, Sum: 7377, Workers: 15
[38,568s][debug][gc,phases         ] GC(38)       Scanned Blocks:                Min: 85, Avg: 373,3, Max: 760, Diff: 675, Sum: 5599, Workers: 15
[38,568s][debug][gc,phases         ] GC(38)       Claimed Chunks:                Min: 70, Avg: 328,2, Max: 647, Diff: 577, Sum: 4923, Workers: 15
[38,568s][debug][gc,phases         ] GC(38)       Found Roots:                   Min: 124, Avg: 1183,1, Max: 2801, Diff: 2677, Sum: 17747, Workers: 15
[38,568s][debug][gc,phases         ] GC(38)     Code Root Scan (ms):           Min: 0,05, Avg: 0,06, Max: 0,09, Diff: 0,04, Sum: 0,92, Workers: 15
[38,568s][debug][gc,phases         ] GC(38)       Scanned Nmethods               Min: 0, Avg:  0,1, Max: 2, Diff: 2, Sum: 2, Workers: 15
[38,568s][debug][gc,phases         ] GC(38)     Object Copy (ms):              Min: 44,54, Avg: 45,21, Max: 45,72, Diff: 1,18, Sum: 678,08, Workers: 15
[38,568s][debug][gc,phases         ] GC(38)     Termination (ms):              Min: 0,06, Avg: 0,10, Max: 0,15, Diff: 0,08, Sum: 1,43, Workers: 15
[38,568s][debug][gc,phases         ] GC(38)       Termination Attempts:          Min: 1, Avg:  1,0, Max: 1, Diff: 0, Sum: 15, Workers: 15
[38,568s][debug][gc,phases         ] GC(38)     GC Worker Other (ms):          Min: 0,07, Avg: 0,08, Max: 0,10, Diff: 0,04, Sum: 1,26, Workers: 15
[38,568s][debug][gc,phases         ] GC(38)     GC Worker Total (ms):          Min: 45,99, Avg: 46,10, Max: 46,22, Diff: 0,23, Sum: 691,45, Workers: 15
[38,568s][info ][gc,phases         ] GC(38)   Post Evacuate Collection Set: 2,47ms
[38,568s][debug][gc,phases         ] GC(38)     NMethod List Cleanup: 0,01ms
[38,568s][debug][gc,phases         ] GC(38)     Reference Processing: 1,45ms
[38,568s][debug][gc,phases,ref     ] GC(38)       Notify Soft/WeakReferences: 0,9ms
[38,568s][debug][gc,phases,ref     ] GC(38)         Balance queues: 0,0ms
[38,568s][debug][gc,phases,ref     ] GC(38)         SoftRef (ms):                  Min: 0,00, Avg: 0,00, Max: 0,00, Diff: 0,00, Sum: 0,00, Workers: 4
[38,568s][debug][gc,phases,ref     ] GC(38)         WeakRef (ms):                  Min: 0,00, Avg: 0,00, Max: 0,00, Diff: 0,00, Sum: 0,00, Workers: 4
[38,568s][debug][gc,phases,ref     ] GC(38)         FinalRef (ms):                 Min: 0,09, Avg: 0,18, Max: 0,30, Diff: 0,21, Sum: 0,72, Workers: 4
[38,568s][debug][gc,phases,ref     ] GC(38)         Total (ms):                    Min: 0,37, Avg: 0,54, Max: 0,61, Diff: 0,24, Sum: 2,18, Workers: 4
[38,568s][debug][gc,phases,ref     ] GC(38)       Notify and keep alive finalizable: 0,5ms
[38,568s][debug][gc,phases,ref     ] GC(38)         Balance queues: 0,0ms
[38,568s][debug][gc,phases,ref     ] GC(38)         FinalRef (ms):                 Min: 0,11, Avg: 0,15, Max: 0,25, Diff: 0,14, Sum: 2,26, Workers: 15
[38,568s][debug][gc,phases,ref     ] GC(38)       Notify PhantomReferences: 0,1ms
[38,568s][debug][gc,phases,ref     ] GC(38)         PhantomRef (ms):               Min: 0,01, Avg: 0,01, Max: 0,01, Diff: 0,00, Sum: 0,01, Workers: 1
[38,568s][debug][gc,phases,ref     ] GC(38)       SoftReference Discovered: 0, Dropped: 0, Processed: 0
[38,568s][debug][gc,phases,ref     ] GC(38)       WeakReference Discovered: 0, Dropped: 0, Processed: 0
[38,568s][debug][gc,phases,ref     ] GC(38)       FinalReference Discovered: 3351, Dropped: 0, Processed: 3351
[38,568s][debug][gc,phases,ref     ] GC(38)       PhantomReference Discovered: 75, Dropped: 1, Processed: 74
[38,568s][debug][gc,phases         ] GC(38)     Weak Processing: 0,11ms
[38,568s][debug][gc,phases         ] GC(38)       VM Weak                        Min: 0,00, Avg: 0,00, Max: 0,00, Diff: 0,00, Sum: 0,01, Workers: 15
[38,568s][debug][gc,phases         ] GC(38)         Dead                           Min: 0, Avg:  0,0, Max: 0, Diff: 0, Sum: 0, Workers: 15
[38,568s][debug][gc,phases         ] GC(38)         Total                          Min: 0, Avg: 11,0, Max: 165, Diff: 165, Sum: 165, Workers: 15
[38,568s][debug][gc,phases         ] GC(38)       ObjectSynchronizer Weak        Min: 0,00, Avg: 0,00, Max: 0,00, Diff: 0,00, Sum: 0,00, Workers: 15
[38,568s][debug][gc,phases         ] GC(38)         Dead                           Min: 0, Avg:  0,0, Max: 0, Diff: 0, Sum: 0, Workers: 15
[38,568s][debug][gc,phases         ] GC(38)         Total                          Min: 0, Avg:  2,2, Max: 33, Diff: 33, Sum: 33, Workers: 15
[38,568s][debug][gc,phases         ] GC(38)       JVMTI Tag Weak OopStorage      Min: 0,00, Avg: 0,00, Max: 0,00, Diff: 0,00, Sum: 0,00, Workers: 15
[38,568s][debug][gc,phases         ] GC(38)         Dead                           Min: 0, Avg:  0,0, Max: 0, Diff: 0, Sum: 0, Workers: 15
[38,568s][debug][gc,phases         ] GC(38)         Total                          Min: 0, Avg:  0,0, Max: 0, Diff: 0, Sum: 0, Workers: 15
[38,568s][debug][gc,phases         ] GC(38)       StringTable Weak               Min: 0,00, Avg: 0,01, Max: 0,04, Diff: 0,04, Sum: 0,10, Workers: 15
[38,568s][debug][gc,phases         ] GC(38)         Dead                           Min: 0, Avg:  0,0, Max: 0, Diff: 0, Sum: 0, Workers: 15
[38,568s][debug][gc,phases         ] GC(38)         Total                          Min: 0, Avg: 566,1, Max: 3328, Diff: 3328, Sum: 8492, Workers: 15
[38,569s][debug][gc,phases         ] GC(38)       ResolvedMethodTable Weak       Min: 0,00, Avg: 0,00, Max: 0,01, Diff: 0,01, Sum: 0,03, Workers: 15
[38,569s][debug][gc,phases         ] GC(38)         Dead                           Min: 0, Avg:  0,0, Max: 0, Diff: 0, Sum: 0, Workers: 15
[38,569s][debug][gc,phases         ] GC(38)         Total                          Min: 0, Avg: 113,1, Max: 511, Diff: 511, Sum: 1697, Workers: 15
[38,569s][debug][gc,phases         ] GC(38)       JNI Weak                       Min: 0,00, Avg: 0,00, Max: 0,00, Diff: 0,00, Sum: 0,00, Workers: 15
[38,569s][debug][gc,phases         ] GC(38)         Dead                           Min: 0, Avg:  0,0, Max: 0, Diff: 0, Sum: 0, Workers: 15
[38,569s][debug][gc,phases         ] GC(38)         Total                          Min: 0, Avg:  0,0, Max: 0, Diff: 0, Sum: 0, Workers: 15
[38,569s][debug][gc,phases         ] GC(38)       StringDedup Table Weak         Min: 0,00, Avg: 0,01, Max: 0,03, Diff: 0,03, Sum: 0,11, Workers: 15
[38,569s][debug][gc,phases         ] GC(38)         Dead                           Min: 0, Avg:  0,0, Max: 0, Diff: 0, Sum: 0, Workers: 15
[38,569s][debug][gc,phases         ] GC(38)         Total                          Min: 0, Avg: 875,5, Max: 4224, Diff: 4224, Sum: 13132, Workers: 15
[38,569s][debug][gc,phases         ] GC(38)       StringDedup Requests0 Weak     Min: 0,00, Avg: 0,00, Max: 0,00, Diff: 0,00, Sum: 0,03, Workers: 15
[38,569s][debug][gc,phases         ] GC(38)         Dead                           Min: 0, Avg:  0,0, Max: 0, Diff: 0, Sum: 0, Workers: 15
[38,569s][debug][gc,phases         ] GC(38)         Total                          Min: 0, Avg: 42,7, Max: 128, Diff: 128, Sum: 640, Workers: 15
[38,569s][debug][gc,phases         ] GC(38)       StringDedup Requests1 Weak     Min: 0,00, Avg: 0,00, Max: 0,00, Diff: 0,00, Sum: 0,00, Workers: 15
[38,569s][debug][gc,phases         ] GC(38)         Dead                           Min: 0, Avg:  0,0, Max: 0, Diff: 0, Sum: 0, Workers: 15
[38,569s][debug][gc,phases         ] GC(38)         Total                          Min: 0, Avg:  0,0, Max: 0, Diff: 0, Sum: 0, Workers: 15
[38,569s][debug][gc,phases         ] GC(38)       Weak JFR Old Object Samples    Min: 0,00, Avg: 0,00, Max: 0,00, Diff: 0,00, Sum: 0,00, Workers: 15
[38,569s][debug][gc,phases         ] GC(38)         Dead                           Min: 0, Avg:  0,0, Max: 0, Diff: 0, Sum: 0, Workers: 15
[38,569s][debug][gc,phases         ] GC(38)         Total                          Min: 0, Avg:  0,0, Max: 0, Diff: 0, Sum: 0, Workers: 15
[38,569s][debug][gc,phases         ] GC(38)     Post Evacuate Cleanup 1: 0,35ms
[38,569s][debug][gc,phases         ] GC(38)       Merge Per-Thread State (ms):   Min: 0,07, Avg: 0,07, Max: 0,07, Diff: 0,00, Sum: 0,07, Workers: 1
[38,569s][debug][gc,phases         ] GC(38)         Copied Bytes                   Min: 18607128, Avg: 24784209,1, Max: 29681488, Diff: 11074360, Sum: 371763136, Workers: 15
[38,569s][debug][gc,phases         ] GC(38)         LAB Waste                      Min: 272, Avg: 3171,7, Max: 6952, Diff: 6680, Sum: 47576, Workers: 15
[38,569s][debug][gc,phases         ] GC(38)         LAB Undo Waste                 Min: 0, Avg:  0,0, Max: 0, Diff: 0, Sum: 0, Workers: 15
[38,569s][debug][gc,phases         ] GC(38)         Evac Fail Extra Cards          Min: 0, Avg:  0,0, Max: 0, Diff: 0, Sum: 0, Workers: 15
[38,569s][debug][gc,phases         ] GC(38)       Clear Logged Cards (ms):       Min: 0,00, Avg: 0,13, Max: 0,29, Diff: 0,29, Sum: 1,03, Workers: 8
[38,569s][debug][gc,phases         ] GC(38)       Recalculate Used Memory (ms):  Min: 0,00, Avg: 0,00, Max: 0,00, Diff: 0,00, Sum: 0,00, Workers: 1
[38,569s][debug][gc,phases         ] GC(38)     Post Evacuate Cleanup 2: 0,27ms
[38,569s][debug][gc,phases         ] GC(38)       Update Derived Pointers (ms):  Min: 0,00, Avg: 0,00, Max: 0,00, Diff: 0,00, Sum: 0,00, Workers: 1
[38,569s][debug][gc,phases         ] GC(38)       Eagerly Reclaim Humongous Objects (ms): skipped
[38,569s][debug][gc,phases         ] GC(38)         Humongous Total                skipped
[38,569s][debug][gc,phases         ] GC(38)         Humongous Candidates           skipped
[38,569s][debug][gc,phases         ] GC(38)         Humongous Reclaimed            skipped
[38,569s][debug][gc,phases         ] GC(38)       Redirty Logged Cards (ms):     Min: 0,00, Avg: 0,01, Max: 0,04, Diff: 0,04, Sum: 0,08, Workers: 15
[38,569s][debug][gc,phases         ] GC(38)         Redirtied Cards:               Min: 0, Avg: 189,4, Max: 1673, Diff: 1673, Sum: 2841, Workers: 15
[38,569s][debug][gc,phases         ] GC(38)       Resize TLABs (ms):             Min: 0,00, Avg: 0,00, Max: 0,01, Diff: 0,01, Sum: 0,01, Workers: 15
[38,569s][debug][gc,phases         ] GC(38)       Free Collection Set (ms):      Min: 0,04, Avg: 0,11, Max: 0,15, Diff: 0,10, Sum: 1,62, Workers: 15
[38,569s][debug][gc,phases         ] GC(38)     Rebuild Free List: 0,17ms
[38,569s][debug][gc,phases         ] GC(38)     Prepare For Mutator: 0,11ms
[38,569s][debug][gc,phases         ] GC(38)     Expand Heap After Collection: 0,00ms
[38,569s][info ][gc,phases         ] GC(38)   Other: 0,45ms
[38,569s][debug][gc,remset         ] GC(38) Coarsening (recent): Inline->AoC 0 (0) AoC->Howl 0 (0) Howl->Full 0 (0) Inline->AoC 0 (0) AoC->BitMap 0 (0) BitMap->Full 0 (0) 
[38,569s][debug][gc,remset         ] GC(38) Coarsening (all): Inline->AoC 2828 (0) AoC->Howl 1215 (0) Howl->Full 363 (0) Inline->AoC 7484 (0) AoC->BitMap 7242 (0) BitMap->Full 1611 (0) 
[38,569s][info ][gc,heap           ] GC(38) Eden regions: 566->0(608)
[38,569s][info ][gc,heap           ] GC(38) Survivor regions: 88->8(82)
[38,569s][info ][gc,heap           ] GC(38) Old regions: 329->417
[38,569s][info ][gc,heap           ] GC(38) Humongous regions: 0->0
[38,569s][info ][gc,metaspace      ] GC(38) Metaspace: 20724K(21056K)->20724K(21056K) NonClass: 18113K(18304K)->18113K(18304K) Class: 2611K(2752K)->2611K(2752K)
[38,569s][debug][gc,heap           ] GC(38) Heap after GC invocations=39 (full 0):
[38,569s][debug][gc,heap           ] GC(38)  garbage-first heap   total reserved 8388608K, committed 5242880K, used 1735713K [0x0000000600000000, 0x0000000800000000)
[38,569s][debug][gc,heap           ] GC(38)   region size 4096K, 8 young (32768K), 8 survivors (32768K)
[38,569s][debug][gc,heap           ] GC(38)  Metaspace       used 20724K, committed 21056K, reserved 1114112K
[38,569s][debug][gc,heap           ] GC(38)   class space    used 2611K, committed 2752K, reserved 1048576K
[38,569s][info ][gc                ] GC(38) Pause Young (Concurrent Start) (G1 Evacuation Pause) 3929M->1695M(5120M) 52,037ms
[38,569s][info ][gc,cpu            ] GC(38) User=0,70s Sys=0,00s Real=0,05s
[38,569s][info ][gc                ] GC(39) Concurrent Mark Cycle
[38,569s][info ][gc,marking        ] GC(39) Concurrent Scan Root Regions
[38,569s][debug][gc,ergo           ] GC(39) Running G1 Root Region Scan using 4 workers for 99 work units.
[38,569s][debug][gc,task           ] G1 Service Thread (Card Set Free Memory Task) (run: 1,771ms) (cpu: 0,117ms)
[38,569s][debug][gc,refine         ] Concurrent refinement: wanted 0, cards: 2841, predicted: 6574, time: 1123,28ms
[38,598s][info ][gc,marking        ] GC(39) Concurrent Scan Root Regions 28,671ms
[38,598s][info ][gc,marking        ] GC(39) Concurrent Mark
[38,598s][info ][gc,marking        ] GC(39) Concurrent Mark From Roots
[38,598s][info ][gc,task           ] GC(39) Using 4 workers of 4 for marking
[38,704s][debug][gc,refine         ] Concurrent refinement: wanted 0, cards: 3097, predicted: 6732, time: 1093,70ms
[38,735s][debug][gc,stats          ] ---------------------------------------------------------------------
[38,735s][debug][gc,stats          ] Marking Stats, task = 0, calls = 15
[38,735s][debug][gc,stats          ]   Elapsed time = 136,63ms, Termination time = 0,01ms
[38,735s][debug][gc,stats          ]   Step Times (cum): num = 117, avg = 3,01ms, sd = 4,42ms max = 12,00ms, total = 351,93ms
[38,735s][debug][gc,stats          ]   Mark Stats Cache: hits 2982703 misses 1 ratio 100,000
[38,735s][debug][gc,stats          ] ---------------------------------------------------------------------
[38,735s][debug][gc,stats          ] Marking Stats, task = 1, calls = 15
[38,735s][debug][gc,stats          ]   Elapsed time = 136,58ms, Termination time = 0,01ms
[38,735s][debug][gc,stats          ]   Step Times (cum): num = 52, avg = 6,71ms, sd = 4,32ms max = 12,00ms, total = 348,83ms
[38,735s][debug][gc,stats          ]   Mark Stats Cache: hits 2990068 misses 1 ratio 100,000
[38,735s][debug][gc,stats          ] ---------------------------------------------------------------------
[38,735s][debug][gc,stats          ] Marking Stats, task = 2, calls = 15
[38,735s][debug][gc,stats          ]   Elapsed time = 136,56ms, Termination time = 0,01ms
[38,735s][debug][gc,stats          ]   Step Times (cum): num = 53, avg = 6,61ms, sd = 4,39ms max = 12,00ms, total = 350,40ms
[38,735s][debug][gc,stats          ]   Mark Stats Cache: hits 3026795 misses 1 ratio 100,000
[38,735s][debug][gc,stats          ] ---------------------------------------------------------------------
[38,735s][debug][gc,stats          ] Marking Stats, task = 3, calls = 15
[38,735s][debug][gc,stats          ]   Elapsed time = 136,56ms, Termination time = 0,02ms
[38,735s][debug][gc,stats          ]   Step Times (cum): num = 54, avg = 6,53ms, sd = 4,45ms max = 12,01ms, total = 352,48ms
[38,735s][debug][gc,stats          ]   Mark Stats Cache: hits 2687670 misses 1 ratio 100,000
[38,735s][debug][gc,stats          ] ---------------------------------------------------------------------
[38,735s][info ][gc,marking        ] GC(39) Concurrent Mark From Roots 137,174ms
[38,735s][info ][gc,marking        ] GC(39) Concurrent Preclean
[38,735s][debug][gc,ref,start      ] GC(39) Preclean SoftReferences
[38,735s][debug][gc,ref            ] GC(39) Preclean SoftReferences 0,017ms
[38,735s][debug][gc,ref,start      ] GC(39) Preclean WeakReferences
[38,735s][debug][gc,ref            ] GC(39) Preclean WeakReferences 0,043ms
[38,735s][debug][gc,ref,start      ] GC(39) Preclean FinalReferences
[38,735s][debug][gc,ref            ] GC(39) Preclean FinalReferences 0,016ms
[38,735s][debug][gc,ref,start      ] GC(39) Preclean PhantomReferences
[38,736s][debug][gc,ref            ] GC(39) Preclean PhantomReferences 0,042ms
[38,736s][info ][gc,marking        ] GC(39) Concurrent Preclean 0,196ms
[38,736s][info ][gc,start          ] GC(39) Pause Remark
[38,736s][debug][gc,phases,start   ] GC(39) Finalize Marking
[38,736s][debug][gc,stats          ] ---------------------------------------------------------------------
[38,736s][debug][gc,stats          ] Marking Stats, task = 0, calls = 16
[38,736s][debug][gc,stats          ]   Elapsed time = 0,23ms, Termination time = 0,22ms
[38,736s][debug][gc,stats          ]   Step Times (cum): num = 118, avg = 2,98ms, sd = 4,41ms max = 12,00ms, total = 351,95ms
[38,736s][debug][gc,stats          ]   Mark Stats Cache: hits 2982703 misses 1 ratio 100,000
[38,736s][debug][gc,stats          ] ---------------------------------------------------------------------
[38,736s][debug][gc,stats          ] Marking Stats, task = 1, calls = 16
[38,736s][debug][gc,stats          ]   Elapsed time = 0,35ms, Termination time = 0,34ms
[38,736s][debug][gc,stats          ]   Step Times (cum): num = 53, avg = 6,58ms, sd = 4,38ms max = 12,00ms, total = 348,88ms
[38,736s][debug][gc,stats          ]   Mark Stats Cache: hits 2990068 misses 1 ratio 100,000
[38,736s][debug][gc,stats          ] ---------------------------------------------------------------------
[38,736s][debug][gc,stats          ] Marking Stats, task = 2, calls = 16
[38,736s][debug][gc,stats          ]   Elapsed time = 0,22ms, Termination time = 0,22ms
[38,736s][debug][gc,stats          ]   Step Times (cum): num = 54, avg = 6,49ms, sd = 4,44ms max = 12,00ms, total = 350,43ms
[38,737s][debug][gc,stats          ]   Mark Stats Cache: hits 3026795 misses 1 ratio 100,000
[38,737s][debug][gc,stats          ] ---------------------------------------------------------------------
[38,737s][debug][gc,stats          ] Marking Stats, task = 3, calls = 16
[38,737s][debug][gc,stats          ]   Elapsed time = 0,22ms, Termination time = 0,22ms
[38,737s][debug][gc,stats          ]   Step Times (cum): num = 55, avg = 6,41ms, sd = 4,49ms max = 12,01ms, total = 352,50ms
[38,737s][debug][gc,stats          ]   Mark Stats Cache: hits 2687670 misses 1 ratio 100,000
[38,737s][debug][gc,stats          ] ---------------------------------------------------------------------
[38,737s][debug][gc,stats          ] Marking Stats, task = 4, calls = 1
[38,737s][debug][gc,stats          ]   Elapsed time = 0,11ms, Termination time = 0,10ms
[38,737s][debug][gc,stats          ]   Step Times (cum): num = 7, avg = 0,04ms, sd = 0,01ms max = 0,05ms, total = 0,25ms
[38,737s][debug][gc,stats          ]   Mark Stats Cache: hits 31 misses 1 ratio 96,875
[38,737s][debug][gc,stats          ] ---------------------------------------------------------------------
[38,737s][debug][gc,stats          ] Marking Stats, task = 5, calls = 1
[38,737s][debug][gc,stats          ]   Elapsed time = 0,11ms, Termination time = 0,10ms
[38,737s][debug][gc,stats          ]   Step Times (cum): num = 7, avg = 0,04ms, sd = 0,02ms max = 0,08ms, total = 0,25ms
[38,737s][debug][gc,stats          ]   Mark Stats Cache: hits 3870 misses 1 ratio 99,974
[38,737s][debug][gc,stats          ] ---------------------------------------------------------------------
[38,737s][debug][gc,stats          ] Marking Stats, task = 6, calls = 1
[38,737s][debug][gc,stats          ]   Elapsed time = 0,16ms, Termination time = 0,15ms
[38,737s][debug][gc,stats          ]   Step Times (cum): num = 7, avg = 0,04ms, sd = 0,03ms max = 0,10ms, total = 0,28ms
[38,737s][debug][gc,stats          ]   Mark Stats Cache: hits 0 misses 0 ratio 0,000
[38,737s][debug][gc,stats          ] ---------------------------------------------------------------------
[38,737s][debug][gc,stats          ] Marking Stats, task = 7, calls = 1
[38,737s][debug][gc,stats          ]   Elapsed time = 0,11ms, Termination time = 0,10ms
[38,737s][debug][gc,stats          ]   Step Times (cum): num = 7, avg = 0,04ms, sd = 0,02ms max = 0,08ms, total = 0,29ms
[38,737s][debug][gc,stats          ]   Mark Stats Cache: hits 0 misses 0 ratio 0,000
[38,737s][debug][gc,stats          ] ---------------------------------------------------------------------
[38,737s][debug][gc,stats          ] Marking Stats, task = 8, calls = 1
[38,737s][debug][gc,stats          ]   Elapsed time = 0,13ms, Termination time = 0,12ms
[38,737s][debug][gc,stats          ]   Step Times (cum): num = 7, avg = 0,04ms, sd = 0,01ms max = 0,05ms, total = 0,25ms
[38,737s][debug][gc,stats          ]   Mark Stats Cache: hits 0 misses 0 ratio 0,000
[38,737s][debug][gc,stats          ] ---------------------------------------------------------------------
[38,737s][debug][gc,stats          ] Marking Stats, task = 9, calls = 1
[38,737s][debug][gc,stats          ]   Elapsed time = 0,14ms, Termination time = 0,13ms
[38,737s][debug][gc,stats          ]   Step Times (cum): num = 7, avg = 0,04ms, sd = 0,01ms max = 0,05ms, total = 0,26ms
[38,737s][debug][gc,stats          ]   Mark Stats Cache: hits 0 misses 0 ratio 0,000
[38,737s][debug][gc,stats          ] ---------------------------------------------------------------------
[38,737s][debug][gc,stats          ] Marking Stats, task = 10, calls = 1
[38,737s][debug][gc,stats          ]   Elapsed time = 0,11ms, Termination time = 0,10ms
[38,737s][debug][gc,stats          ]   Step Times (cum): num = 7, avg = 0,04ms, sd = 0,01ms max = 0,06ms, total = 0,29ms
[38,737s][debug][gc,stats          ]   Mark Stats Cache: hits 0 misses 0 ratio 0,000
[38,737s][debug][gc,stats          ] ---------------------------------------------------------------------
[38,737s][debug][gc,stats          ] Marking Stats, task = 11, calls = 1
[38,737s][debug][gc,stats          ]   Elapsed time = 0,12ms, Termination time = 0,10ms
[38,737s][debug][gc,stats          ]   Step Times (cum): num = 7, avg = 0,05ms, sd = 0,01ms max = 0,06ms, total = 0,33ms
[38,737s][debug][gc,stats          ]   Mark Stats Cache: hits 0 misses 0 ratio 0,000
[38,737s][debug][gc,stats          ] ---------------------------------------------------------------------
[38,737s][debug][gc,stats          ] Marking Stats, task = 12, calls = 1
[38,737s][debug][gc,stats          ]   Elapsed time = 0,12ms, Termination time = 0,10ms
[38,737s][debug][gc,stats          ]   Step Times (cum): num = 7, avg = 0,03ms, sd = 0,02ms max = 0,06ms, total = 0,24ms
[38,737s][debug][gc,stats          ]   Mark Stats Cache: hits 0 misses 0 ratio 0,000
[38,737s][debug][gc,stats          ] ---------------------------------------------------------------------
[38,737s][debug][gc,stats          ] Marking Stats, task = 13, calls = 1
[38,737s][debug][gc,stats          ]   Elapsed time = 0,04ms, Termination time = 0,01ms
[38,737s][debug][gc,stats          ]   Step Times (cum): num = 7, avg = 0,02ms, sd = 0,03ms max = 0,06ms, total = 0,16ms
[38,737s][debug][gc,stats          ]   Mark Stats Cache: hits 0 misses 0 ratio 0,000
[38,737s][debug][gc,stats          ] ---------------------------------------------------------------------
[38,737s][debug][gc,stats          ] Marking Stats, task = 14, calls = 1
[38,737s][debug][gc,stats          ]   Elapsed time = 0,13ms, Termination time = 0,11ms
[38,737s][debug][gc,stats          ]   Step Times (cum): num = 7, avg = 0,04ms, sd = 0,02ms max = 0,06ms, total = 0,27ms
[38,737s][debug][gc,stats          ]   Mark Stats Cache: hits 0 misses 0 ratio 0,000
[38,737s][debug][gc,stats          ] ---------------------------------------------------------------------
[38,737s][debug][gc,phases         ] GC(39) Finalize Marking 1,220ms
[38,737s][debug][gc,phases,start   ] GC(39) Reference Processing
[38,737s][debug][gc,ref            ] GC(39) ReferenceProcessor::execute queues: 1, RefProcThreadModel::Single, marks_oops_alive: false
[38,737s][debug][gc,ref            ] GC(39) ReferenceProcessor::execute queues: 15, RefProcThreadModel::Multi, marks_oops_alive: true
[38,738s][debug][gc,ref            ] GC(39) Skipped PhantomRefsPhase of Reference Processing: no references
[38,738s][debug][gc,phases,ref     ] GC(39) Reference Processing: 0,5ms
[38,738s][debug][gc,phases,ref     ] GC(39)   Notify Soft/WeakReferences: 0,1ms
[38,738s][debug][gc,phases,ref     ] GC(39)     SoftRef (ms):                  Min: 0,00, Avg: 0,00, Max: 0,00, Diff: 0,00, Sum: 0,00, Workers: 1
[38,738s][debug][gc,phases,ref     ] GC(39)     WeakRef (ms):                  Min: 0,00, Avg: 0,00, Max: 0,00, Diff: 0,00, Sum: 0,00, Workers: 1
[38,738s][debug][gc,phases,ref     ] GC(39)     FinalRef (ms):                 Min: 0,00, Avg: 0,00, Max: 0,00, Diff: 0,00, Sum: 0,00, Workers: 1
[38,738s][debug][gc,phases,ref     ] GC(39)     Total (ms):                    Min: 0,02, Avg: 0,02, Max: 0,02, Diff: 0,00, Sum: 0,02, Workers: 1
[38,738s][debug][gc,phases,ref     ] GC(39)   Notify and keep alive finalizable: 0,4ms
[38,738s][debug][gc,phases,ref     ] GC(39)     Balance queues: 0,0ms
[38,738s][debug][gc,phases,ref     ] GC(39)     FinalRef (ms):                 Min: 0,02, Avg: 0,07, Max: 0,14, Diff: 0,12, Sum: 1,06, Workers: 15
[38,738s][debug][gc,phases,ref     ] GC(39)   Notify PhantomReferences: 0,0ms
[38,738s][debug][gc,phases,ref     ] GC(39)     PhantomRef (ms):               skipped
[38,738s][debug][gc,phases,ref     ] GC(39)   SoftReference Discovered: 0, Dropped: 0, Processed: 0
[38,738s][debug][gc,phases,ref     ] GC(39)   WeakReference Discovered: 0, Dropped: 0, Processed: 0
[38,738s][debug][gc,phases,ref     ] GC(39)   FinalReference Discovered: 5, Dropped: 0, Processed: 5
[38,738s][debug][gc,phases,ref     ] GC(39)   PhantomReference Discovered: 0, Dropped: 0, Processed: 0
[38,738s][debug][gc,phases         ] GC(39) Reference Processing 0,697ms
[38,738s][debug][gc,phases,start   ] GC(39) Weak Processing
[38,738s][debug][gc,phases         ] GC(39)   VM Weak                        Min: 0,00, Avg: 0,00, Max: 0,00, Diff: 0,00, Sum: 0,01, Workers: 15
[38,738s][debug][gc,phases         ] GC(39)     Dead                           Min: 0, Avg:  0,0, Max: 0, Diff: 0, Sum: 0, Workers: 15
[38,738s][debug][gc,phases         ] GC(39)     Total                          Min: 0, Avg: 11,0, Max: 165, Diff: 165, Sum: 165, Workers: 15
[38,738s][debug][gc,phases         ] GC(39)   ObjectSynchronizer Weak        Min: 0,00, Avg: 0,00, Max: 0,00, Diff: 0,00, Sum: 0,00, Workers: 15
[38,738s][debug][gc,phases         ] GC(39)     Dead                           Min: 0, Avg:  0,0, Max: 0, Diff: 0, Sum: 0, Workers: 15
[38,738s][debug][gc,phases         ] GC(39)     Total                          Min: 0, Avg:  2,2, Max: 33, Diff: 33, Sum: 33, Workers: 15
[38,738s][debug][gc,phases         ] GC(39)   JVMTI Tag Weak OopStorage      Min: 0,00, Avg: 0,00, Max: 0,00, Diff: 0,00, Sum: 0,00, Workers: 15
[38,738s][debug][gc,phases         ] GC(39)     Dead                           Min: 0, Avg:  0,0, Max: 0, Diff: 0, Sum: 0, Workers: 15
[38,738s][debug][gc,phases         ] GC(39)     Total                          Min: 0, Avg:  0,0, Max: 0, Diff: 0, Sum: 0, Workers: 15
[38,738s][debug][gc,phases         ] GC(39)   StringTable Weak               Min: 0,00, Avg: 0,01, Max: 0,05, Diff: 0,05, Sum: 0,11, Workers: 15
[38,738s][debug][gc,phases         ] GC(39)     Dead                           Min: 0, Avg:  0,0, Max: 0, Diff: 0, Sum: 0, Workers: 15
[38,738s][debug][gc,phases         ] GC(39)     Total                          Min: 0, Avg: 566,1, Max: 4524, Diff: 4524, Sum: 8492, Workers: 15
[38,738s][debug][gc,phases         ] GC(39)   ResolvedMethodTable Weak       Min: 0,00, Avg: 0,00, Max: 0,01, Diff: 0,01, Sum: 0,03, Workers: 15
[38,738s][debug][gc,phases         ] GC(39)     Dead                           Min: 0, Avg:  0,0, Max: 0, Diff: 0, Sum: 0, Workers: 15
[38,738s][debug][gc,phases         ] GC(39)     Total                          Min: 0, Avg: 113,1, Max: 572, Diff: 572, Sum: 1697, Workers: 15
[38,738s][debug][gc,phases         ] GC(39)   JNI Weak                       Min: 0,00, Avg: 0,00, Max: 0,00, Diff: 0,00, Sum: 0,00, Workers: 15
[38,738s][debug][gc,phases         ] GC(39)     Dead                           Min: 0, Avg:  0,0, Max: 0, Diff: 0, Sum: 0, Workers: 15
[38,738s][debug][gc,phases         ] GC(39)     Total                          Min: 0, Avg:  0,0, Max: 0, Diff: 0, Sum: 0, Workers: 15
[38,738s][debug][gc,phases         ] GC(39)   StringDedup Table Weak         Min: 0,00, Avg: 0,01, Max: 0,03, Diff: 0,03, Sum: 0,14, Workers: 15
[38,738s][debug][gc,phases         ] GC(39)     Dead                           Min: 0, Avg:  0,2, Max: 3, Diff: 3, Sum: 3, Workers: 15
[38,738s][debug][gc,phases         ] GC(39)     Total                          Min: 0, Avg: 875,7, Max: 3520, Diff: 3520, Sum: 13135, Workers: 15
[38,738s][debug][gc,phases         ] GC(39)   StringDedup Requests0 Weak     Min: 0,00, Avg: 0,00, Max: 0,00, Diff: 0,00, Sum: 0,02, Workers: 15
[38,738s][debug][gc,phases         ] GC(39)     Dead                           Min: 0, Avg:  0,0, Max: 0, Diff: 0, Sum: 0, Workers: 15
[38,738s][debug][gc,phases         ] GC(39)     Total                          Min: 0, Avg:  0,0, Max: 0, Diff: 0, Sum: 0, Workers: 15
[38,738s][debug][gc,phases         ] GC(39)   StringDedup Requests1 Weak     Min: 0,00, Avg: 0,00, Max: 0,00, Diff: 0,00, Sum: 0,01, Workers: 15
[38,738s][debug][gc,phases         ] GC(39)     Dead                           Min: 0, Avg:  0,0, Max: 0, Diff: 0, Sum: 0, Workers: 15
[38,738s][debug][gc,phases         ] GC(39)     Total                          Min: 0, Avg:  0,0, Max: 0, Diff: 0, Sum: 0, Workers: 15
[38,738s][debug][gc,phases         ] GC(39)   Weak JFR Old Object Samples    Min: 0,00, Avg: 0,00, Max: 0,00, Diff: 0,00, Sum: 0,01, Workers: 15
[38,738s][debug][gc,phases         ] GC(39)     Dead                           Min: 0, Avg:  0,0, Max: 0, Diff: 0, Sum: 0, Workers: 15
[38,738s][debug][gc,phases         ] GC(39)     Total                          Min: 0, Avg:  0,0, Max: 0, Diff: 0, Sum: 0, Workers: 15
[38,738s][debug][gc,phases         ] GC(39) Weak Processing 0,464ms
[38,738s][debug][gc,phases,start   ] GC(39) Class Unloading
[38,738s][debug][gc,phases,start   ] GC(39) ClassLoaderData
[38,738s][debug][gc,phases         ] GC(39) ClassLoaderData 0,029ms
[38,738s][debug][gc,phases,start   ] GC(39) Trigger cleanups
[38,738s][debug][gc,phases         ] GC(39) Trigger cleanups 0,009ms
[38,738s][debug][gc,phases,start   ] GC(39) G1 Complete Cleaning
[38,739s][debug][gc,phases         ] GC(39) G1 Complete Cleaning 0,768ms
[38,739s][debug][gc,phases,start   ] GC(39) Purge Unlinked NMethods
[38,739s][debug][gc,phases         ] GC(39) Purge Unlinked NMethods 0,051ms
[38,739s][debug][gc,phases,start   ] GC(39) Free Code Blobs
[38,739s][debug][gc,phases         ] GC(39) Free Code Blobs 0,028ms
[38,739s][debug][gc,phases,start   ] GC(39) Purge Class Loader Data
[38,739s][debug][gc,phases         ] GC(39) Purge Class Loader Data 0,010ms
[38,739s][debug][gc,phases         ] GC(39) Class Unloading 0,965ms
[38,739s][debug][gc,phases,start   ] GC(39) Flush Task Caches
[38,739s][debug][gc,stats          ] Mark stats cache hits 11691142 misses 6 ratio 100,000
[38,739s][debug][gc,phases         ] GC(39) Flush Task Caches 0,054ms
[38,739s][debug][gc,phases,start   ] GC(39) Update Remembered Set Tracking Before Rebuild
[38,739s][debug][gc,ergo           ] GC(39) Running G1 Update RemSet Tracking Before Rebuild using 4 workers for 1280 regions in heap
[38,739s][debug][gc,remset,tracking] GC(39) Remembered Set Tracking update regions total 1280, selected 192
[38,739s][debug][gc,phases         ] GC(39) Update Remembered Set Tracking Before Rebuild 0,132ms
[38,739s][debug][gc,phases,start   ] GC(39) Reclaim Empty Regions
[38,740s][debug][gc                ] GC(39) Reclaimed 8 empty regions
[38,740s][debug][gc,phases         ] GC(39) Reclaim Empty Regions 0,121ms
[38,740s][debug][gc,phases,start   ] GC(39) Report Object Count
[38,740s][debug][gc,phases         ] GC(39) Report Object Count 0,009ms
[38,740s][debug][gc,mmu            ] GC(39) MMU: 32,7ms (200,0ms/201,0ms)
[38,740s][info ][gc                ] GC(39) Pause Remark 1777M->1745M(5120M) 3,825ms
[38,740s][info ][gc,cpu            ] GC(39) User=0,01s Sys=0,00s Real=0,00s
[38,740s][info ][gc,marking        ] GC(39) Concurrent Mark 141,529ms
[38,740s][info ][gc,marking        ] GC(39) Concurrent Rebuild Remembered Sets and Scrub Regions
[38,836s][debug][gc,refine         ] Concurrent refinement: wanted 0, cards: 3097, predicted: 6627, time: 1062,27ms
[38,966s][debug][gc,refine         ] Concurrent refinement: wanted 0, cards: 3097, predicted: 6520, time: 1029,91ms
[39,094s][debug][gc,refine         ] Concurrent refinement: wanted 0, cards: 3097, predicted: 6412, time: 997,55ms
[39,153s][info ][gc,marking        ] GC(39) Concurrent Rebuild Remembered Sets and Scrub Regions 413,749ms
[39,154s][info ][gc,start          ] GC(39) Pause Cleanup
[39,154s][debug][gc,phases,start   ] GC(39) Update Remembered Set Tracking After Rebuild
[39,154s][debug][gc,phases         ] GC(39) Update Remembered Set Tracking After Rebuild 0,058ms
[39,154s][debug][gc,phases,start   ] GC(39) Finalize Concurrent Mark Cleanup
[39,154s][debug][gc,ergo,cset      ] GC(39) Pruned 71 regions out of 191, leaving 265116408 bytes waste (allowed 268435456)
[39,154s][debug][gc,mmu            ] GC(39) MMU: 0,4ms (200,0ms/201,0ms)
[39,154s][debug][gc,phases         ] GC(39) Finalize Concurrent Mark Cleanup 0,352ms
[39,154s][info ][gc                ] GC(39) Pause Cleanup 1969M->1969M(5120M) 0,490ms
[39,154s][info ][gc,cpu            ] GC(39) User=0,00s Sys=0,00s Real=0,00s
[39,154s][info ][gc,marking        ] GC(39) Concurrent Clear Claimed Marks
[39,154s][info ][gc,marking        ] GC(39) Concurrent Clear Claimed Marks 0,065ms
[39,154s][info ][gc,marking        ] GC(39) Concurrent Cleanup for Next Mark
[39,154s][debug][gc,ergo           ] GC(39) Running G1 Clear Bitmap with 4 workers for 80 work units.
[39,157s][info ][gc,marking        ] GC(39) Concurrent Cleanup for Next Mark 2,734ms
[39,157s][info ][gc                ] GC(39) Concurrent Mark Cycle 587,931ms
[39,220s][debug][gc,refine         ] Concurrent refinement: wanted 0, cards: 3097, predicted: 6305, time: 965,19ms
[39,344s][debug][gc,refine         ] Concurrent refinement: wanted 0, cards: 3097, predicted: 6194, time: 931,91ms
[39,413s][debug][gc,task,start     ] G1 Service Thread (Periodic GC Task) (run 0,593ms after schedule)
[39,413s][debug][gc,task           ] G1 Service Thread (Periodic GC Task) (run: 0,060ms) (cpu: 0,089ms)
[39,467s][debug][gc,refine         ] Concurrent refinement: wanted 0, cards: 3097, predicted: 6087, time: 899,55ms
[39,586s][debug][gc,refine         ] Concurrent refinement: wanted 0, cards: 3097, predicted: 5982, time: 868,12ms
[39,703s][debug][gc,refine         ] Concurrent refinement: wanted 0, cards: 3097, predicted: 4735, time: 492,92ms
[39,791s][debug][gc,refine         ] Concurrent refinement: wanted 0, cards: 3097, predicted: 4359, time: 379,97ms
[39,869s][debug][gc,refine         ] Concurrent refinement: wanted 0, cards: 3097, predicted: 4335, time: 372,58ms
[39,946s][debug][gc,refine         ] Concurrent refinement: wanted 0, cards: 3097, predicted: 4307, time: 364,26ms
[40,022s][debug][gc,refine         ] Concurrent refinement: wanted 0, cards: 3097, predicted: 4246, time: 345,77ms
[40,097s][debug][gc,refine         ] Concurrent refinement: wanted 0, cards: 3097, predicted: 4181, time: 326,35ms
[40,169s][debug][gc,refine         ] Concurrent refinement: wanted 0, cards: 3097, predicted: 4117, time: 306,94ms
[40,239s][debug][gc,refine         ] Concurrent refinement: wanted 0, cards: 3097, predicted: 4055, time: 288,45ms
[40,306s][debug][gc,refine         ] Concurrent refinement: wanted 0, cards: 3097, predicted: 3997, time: 270,88ms
[40,372s][debug][gc,refine         ] Concurrent refinement: wanted 0, cards: 3097, predicted: 3938, time: 253,32ms
[40,413s][debug][gc,task,start     ] G1 Service Thread (Periodic GC Task) (run 0,174ms after schedule)
[40,413s][debug][gc,task           ] G1 Service Thread (Periodic GC Task) (run: 0,060ms) (cpu: 0,089ms)
[40,435s][debug][gc,refine         ] Concurrent refinement: wanted 0, cards: 3097, predicted: 3883, time: 236,68ms
[40,496s][debug][gc,refine         ] Concurrent refinement: wanted 0, cards: 3097, predicted: 3828, time: 220,03ms
[40,555s][debug][gc,refine         ] Concurrent refinement: wanted 0, cards: 3097, predicted: 3776, time: 204,32ms
[40,613s][debug][gc,refine         ] Concurrent refinement: wanted 0, cards: 3097, predicted: 3726, time: 189,53ms
[40,668s][debug][gc,refine         ] Concurrent refinement: wanted 0, cards: 3097, predicted: 3677, time: 174,73ms
[40,720s][debug][gc,refine         ] Concurrent refinement: wanted 0, cards: 3097, predicted: 3631, time: 160,87ms
[40,771s][debug][gc,refine         ] Concurrent refinement: wanted 0, cards: 3097, predicted: 3588, time: 147,92ms
[40,821s][debug][gc,refine         ] Concurrent refinement: wanted 0, cards: 3097, predicted: 3542, time: 134,05ms
[40,871s][debug][gc,refine         ] Concurrent refinement: wanted 0, cards: 3097, predicted: 3499, time: 121,11ms
[40,921s][debug][gc,refine         ] Concurrent refinement: wanted 0, cards: 3097, predicted: 3453, time: 107,24ms
[40,972s][debug][gc,refine         ] Concurrent refinement: wanted 0, cards: 3097, predicted: 3410, time: 94,30ms
[41,002s][info ][gc,start          ] GC(40) Pause Young (Prepare Mixed) (G1 Evacuation Pause)
[41,002s][debug][gc,heap           ] GC(40) Heap before GC invocations=40 (full 0):
[41,002s][debug][gc,heap           ] GC(40)  garbage-first heap   total reserved 8388608K, committed 5242880K, used 4189217K [0x0000000600000000, 0x0000000800000000)
[41,002s][debug][gc,heap           ] GC(40)   region size 4096K, 616 young (2523136K), 8 survivors (32768K)
[41,002s][debug][gc,heap           ] GC(40)  Metaspace       used 20732K, committed 21056K, reserved 1114112K
[41,002s][debug][gc,heap           ] GC(40)   class space    used 2611K, committed 2752K, reserved 1048576K
[41,002s][info ][gc,task           ] GC(40) Using 15 workers of 15 for evacuation
[41,002s][debug][gc,age            ] GC(40) Desired survivor size 161480704 bytes, new threshold 15 (max threshold 15)
[41,002s][debug][gc,tlab           ] GC(40) TLAB totals: thrds: 24  refills: 1524 max: 659 slow allocs: 432 max 40 waste:  0,8% gc: 13320096B max: 1592624B slow: 6787240B max: 847576B
[41,002s][debug][gc,refine,stats   ] GC(40) Mutator refinement: 0,00ms, refined: 0, precleaned: 0, dirtied: 702
[41,002s][debug][gc,refine,stats   ] GC(40) Concurrent refinement: 0,00ms, refined: 0, precleaned: 0, dirtied: 0
[41,002s][debug][gc,refine,stats   ] GC(40) Total refinement: 0,00ms, refined: 0, precleaned: 0, dirtied: 702
[41,002s][debug][gc,refine,stats   ] GC(40) Generate dirty cards rate: 0,29 cards/ms
[41,002s][debug][gc,alloc,region   ] GC(40) Mutator Allocation stats, regions: 608, wasted size: 0B ( 0,0%)
[41,002s][debug][gc,ergo,cset      ] GC(40) Do not add marking candidates to collection set due to pause type.
[41,002s][debug][gc,ergo,cset      ] GC(40) Start adding retained candidates to collection set. Min 1 regions, available 0, time remaining 40,00ms, optional remaining 40,00ms
[41,002s][debug][gc,ergo,cset      ] GC(40) Retained candidates exhausted.
[41,002s][debug][gc,ergo,cset      ] GC(40) Finish adding retained candidates to collection set. Initial: 0, optional: 0, pinned: 0, predicted initial time: 0,00ms, predicted optional time: 0,00ms, time remaining: 40,00ms optional time remaining 40,00ms
[41,002s][debug][gc,ergo           ] GC(40) Running G1 Merge Heap Roots using 15 workers for 616 regions
[41,003s][debug][gc,remset         ] GC(40) Visited cards 140352 Total dirty 1302528 (10,78%) Total old 13443072 (1,04%)
[41,046s][debug][gc,ref            ] GC(40) ReferenceProcessor::execute queues: 3, RefProcThreadModel::Multi, marks_oops_alive: false
[41,046s][debug][gc,ref            ] GC(40) ReferenceProcessor::execute queues: 15, RefProcThreadModel::Multi, marks_oops_alive: true
[41,047s][debug][gc,ref            ] GC(40) ReferenceProcessor::execute queues: 1, RefProcThreadModel::Single, marks_oops_alive: false
[41,047s][debug][gc,ergo           ] GC(40) Initializing removing self forwards with 128 chunks per region
[41,048s][debug][gc,ergo           ] GC(40) Running G1 Rebuild Free List Task using 15 workers for rebuilding free list of regions
[41,048s][debug][gc,plab           ] GC(40) Young PLAB allocation: allocated: 322961408B, wasted: 45024B, unused: 0B, used: 322916384B, undo waste: 0B, 
[41,048s][debug][gc,plab           ] GC(40) Young other allocation: region end waste: 0B, regions filled: 77, num plab filled: 231, direct allocated: 0B, num direct allocated: 0, failure used: 0B, failure wasted: 0B
[41,048s][debug][gc,plab           ] GC(40) Young sizing: calculated: 64583272B, actual: 52546888B
[41,048s][debug][gc,plab           ] GC(40) Old PLAB allocation: allocated: 150994944B, wasted: 19784B, unused: 14957040B, used: 136018120B, undo waste: 0B, 
[41,048s][debug][gc,plab           ] GC(40) Old other allocation: region end waste: 0B, regions filled: 37, num plab filled: 72, direct allocated: 0B, num direct allocated: 0, failure used: 291696B, failure wasted: 3902608B
[41,048s][debug][gc,plab           ] GC(40) Old sizing: calculated: 27203624B, actual: 36672480B
[41,048s][debug][gc,ergo,heap      ] GC(40) Heap expansion: short term pause time ratio 0,10% long term pause time ratio 3,32% threshold 7,69% pause time ratio 7,69% fully expanded false resize by 0B
[41,048s][debug][gc,mmu            ] GC(40) MMU: 46,0ms (200,0ms/201,0ms)
[41,048s][debug][gc,alloc,stats    ] Old generation allocation in the last mutator period, old gen allocated: 155189248B, humongous allocated: 0B, old gen growth: 155189248B.
[41,048s][debug][gc,task,start     ] G1 Service Thread (Card Set Free Memory Task) (run 0,061ms after schedule)
[41,048s][debug][gc,ihop           ] GC(40) Basic information (value update), threshold: 275087122B (5,12), target occupancy: 5368709120B, current occupancy: 2188412464B, recent allocation size: 155189248B, recent allocation duration: 2430,01ms, recent old gen allocation rate: 63863607,49B/s, recent marking phase length: 3084,83ms
[41,048s][debug][gc,ihop           ] GC(40) Adaptive IHOP information (value update), threshold: 275087122B (5,39), internal target occupancy: 5100273664B, occupancy: 2188412464B, additional buffer size: 2415919104B, predicted old gen allocation rate: 749589082,52B/s, predicted marking phase length: 3214,12ms, prediction active: true
[41,048s][debug][gc,ergo,refine    ] GC(40) GC refinement: goal: 234678 + 974 / 20,00ms, actual: 3543 / 0,27ms, 
[41,048s][debug][gc,ergo,refine    ] GC(40) Unchanged pending cards target: 234678
[41,048s][info ][gc,phases         ] GC(40)   Pre Evacuate Collection Set: 0,45ms
[41,048s][debug][gc,phases         ] GC(40)     Pre Evacuate Prepare: 0,07ms
[41,048s][debug][gc,phases         ] GC(40)       JT Retire TLABs And Flush Logs (ms): Min: 0,00, Avg: 0,02, Max: 0,04, Diff: 0,03, Sum: 0,04, Workers: 2
[41,048s][debug][gc,phases         ] GC(40)       Non-JT Flush Logs (ms):        Min: 0,01, Avg: 0,01, Max: 0,01, Diff: 0,00, Sum: 0,01, Workers: 1
[41,048s][debug][gc,phases         ] GC(40)     Choose Collection Set: 0,07ms
[41,048s][debug][gc,phases         ] GC(40)     Region Register: 0,31ms
[41,048s][debug][gc,phases         ] GC(40)     Prepare Heap Roots: 0,00ms
[41,048s][info ][gc,phases         ] GC(40)   Merge Heap Roots: 0,79ms
[41,048s][debug][gc,phases         ] GC(40)     Prepare Merge Heap Roots: 0,03ms
[41,048s][debug][gc,phases         ] GC(40)     Remembered Sets (ms):          Min: 0,12, Avg: 0,14, Max: 0,20, Diff: 0,08, Sum: 2,13, Workers: 15
[41,048s][debug][gc,phases         ] GC(40)       Eager Reclaim (ms):            skipped
[41,048s][debug][gc,phases         ] GC(40)       Merged Inline                  Min: 0, Avg: 10,9, Max: 111, Diff: 111, Sum: 164, Workers: 15
[41,048s][debug][gc,phases         ] GC(40)       Merged ArrayOfCards            Min: 0, Avg: 16,3, Max: 134, Diff: 134, Sum: 244, Workers: 15
[41,048s][debug][gc,phases         ] GC(40)       Merged Howl                    Min: 0, Avg:  0,0, Max: 0, Diff: 0, Sum: 0, Workers: 15
[41,048s][debug][gc,phases         ] GC(40)       Merged Full                    Min: 0, Avg:  0,0, Max: 0, Diff: 0, Sum: 0, Workers: 15
[41,048s][debug][gc,phases         ] GC(40)       Merged Howl Inline             Min: 0, Avg:  0,0, Max: 0, Diff: 0, Sum: 0, Workers: 15
[41,048s][debug][gc,phases         ] GC(40)       Merged Howl ArrayOfCards       Min: 0, Avg:  0,0, Max: 0, Diff: 0, Sum: 0, Workers: 15
[41,048s][debug][gc,phases         ] GC(40)       Merged Howl BitMap             Min: 0, Avg:  0,0, Max: 0, Diff: 0, Sum: 0, Workers: 15
[41,048s][debug][gc,phases         ] GC(40)       Merged Howl Full               Min: 0, Avg:  0,0, Max: 0, Diff: 0, Sum: 0, Workers: 15
[41,048s][debug][gc,phases         ] GC(40)       Merged Cards                   Min: 8, Avg: 230,5, Max: 1909, Diff: 1901, Sum: 3458, Workers: 15
[41,048s][debug][gc,phases         ] GC(40)     Log Buffers (ms):              Min: 0,00, Avg: 0,01, Max: 0,03, Diff: 0,03, Sum: 0,12, Workers: 15
[41,048s][debug][gc,phases         ] GC(40)       Dirty Cards:                   Min: 0, Avg: 236,2, Max: 1407, Diff: 1407, Sum: 3543, Workers: 15
[41,048s][debug][gc,phases         ] GC(40)       Skipped Cards:                 Min: 0, Avg:  0,0, Max: 0, Diff: 0, Sum: 0, Workers: 15
[41,048s][info ][gc,phases         ] GC(40)   Evacuate Collection Set: 42,68ms
[41,048s][debug][gc,phases         ] GC(40)     Ext Root Scanning (ms):        Min: 0,00, Avg: 0,05, Max: 0,21, Diff: 0,21, Sum: 0,69, Workers: 15
[41,048s][debug][gc,phases         ] GC(40)     Scan Heap Roots (ms):          Min: 0,03, Avg: 0,26, Max: 0,40, Diff: 0,37, Sum: 3,91, Workers: 15
[41,048s][debug][gc,phases         ] GC(40)       Scanned Cards:                 Min: 21, Avg: 216,5, Max: 350, Diff: 329, Sum: 3248, Workers: 15
[41,048s][debug][gc,phases         ] GC(40)       Scanned Blocks:                Min: 13, Avg: 160,0, Max: 273, Diff: 260, Sum: 2400, Workers: 15
[41,048s][debug][gc,phases         ] GC(40)       Claimed Chunks:                Min: 7, Avg: 146,2, Max: 271, Diff: 264, Sum: 2193, Workers: 15
[41,048s][debug][gc,phases         ] GC(40)       Found Roots:                   Min: 10, Avg: 391,6, Max: 704, Diff: 694, Sum: 5874, Workers: 15
[41,048s][debug][gc,phases         ] GC(40)     Code Root Scan (ms):           Min: 0,03, Avg: 0,04, Max: 0,05, Diff: 0,02, Sum: 0,57, Workers: 15
[41,048s][debug][gc,phases         ] GC(40)       Scanned Nmethods               Min: 0, Avg:  0,0, Max: 0, Diff: 0, Sum: 0, Workers: 15
[41,048s][debug][gc,phases         ] GC(40)     Object Copy (ms):              Min: 41,87, Avg: 42,01, Max: 42,21, Diff: 0,34, Sum: 630,19, Workers: 15
[41,048s][debug][gc,phases         ] GC(40)     Termination (ms):              Min: 0,04, Avg: 0,06, Max: 0,13, Diff: 0,09, Sum: 0,97, Workers: 15
[41,048s][debug][gc,phases         ] GC(40)       Termination Attempts:          Min: 1, Avg:  1,0, Max: 1, Diff: 0, Sum: 15, Workers: 15
[41,048s][debug][gc,phases         ] GC(40)     GC Worker Other (ms):          Min: 0,04, Avg: 0,06, Max: 0,07, Diff: 0,02, Sum: 0,87, Workers: 15
[41,048s][debug][gc,phases         ] GC(40)     GC Worker Total (ms):          Min: 42,42, Avg: 42,48, Max: 42,58, Diff: 0,17, Sum: 637,19, Workers: 15
[41,048s][info ][gc,phases         ] GC(40)   Post Evacuate Collection Set: 1,89ms
[41,048s][debug][gc,phases         ] GC(40)     NMethod List Cleanup: 0,01ms
[41,048s][debug][gc,phases         ] GC(40)     Reference Processing: 1,02ms
[41,048s][debug][gc,phases,ref     ] GC(40)       Notify Soft/WeakReferences: 0,5ms
[41,048s][debug][gc,phases,ref     ] GC(40)         Balance queues: 0,0ms
[41,048s][debug][gc,phases,ref     ] GC(40)         SoftRef (ms):                  Min: 0,00, Avg: 0,00, Max: 0,00, Diff: 0,00, Sum: 0,00, Workers: 3
[41,048s][debug][gc,phases,ref     ] GC(40)         WeakRef (ms):                  Min: 0,00, Avg: 0,00, Max: 0,00, Diff: 0,00, Sum: 0,00, Workers: 3
[41,048s][debug][gc,phases,ref     ] GC(40)         FinalRef (ms):                 Min: 0,05, Avg: 0,07, Max: 0,12, Diff: 0,06, Sum: 0,22, Workers: 3
[41,048s][debug][gc,phases,ref     ] GC(40)         Total (ms):                    Min: 0,12, Avg: 0,17, Max: 0,22, Diff: 0,09, Sum: 0,51, Workers: 3
[41,048s][debug][gc,phases,ref     ] GC(40)       Notify and keep alive finalizable: 0,5ms
[41,048s][debug][gc,phases,ref     ] GC(40)         Balance queues: 0,0ms
[41,048s][debug][gc,phases,ref     ] GC(40)         FinalRef (ms):                 Min: 0,08, Avg: 0,15, Max: 0,22, Diff: 0,15, Sum: 2,22, Workers: 15
[41,048s][debug][gc,phases,ref     ] GC(40)       Notify PhantomReferences: 0,1ms
[41,049s][debug][gc,phases,ref     ] GC(40)         PhantomRef (ms):               Min: 0,01, Avg: 0,01, Max: 0,01, Diff: 0,00, Sum: 0,01, Workers: 1
[41,049s][debug][gc,phases,ref     ] GC(40)       SoftReference Discovered: 0, Dropped: 0, Processed: 0
[41,049s][debug][gc,phases,ref     ] GC(40)       WeakReference Discovered: 0, Dropped: 0, Processed: 0
[41,049s][debug][gc,phases,ref     ] GC(40)       FinalReference Discovered: 2510, Dropped: 1, Processed: 2509
[41,049s][debug][gc,phases,ref     ] GC(40)       PhantomReference Discovered: 42, Dropped: 3, Processed: 39
[41,049s][debug][gc,phases         ] GC(40)     Weak Processing: 0,14ms
[41,049s][debug][gc,phases         ] GC(40)       VM Weak                        Min: 0,00, Avg: 0,00, Max: 0,00, Diff: 0,00, Sum: 0,01, Workers: 15
[41,049s][debug][gc,phases         ] GC(40)         Dead                           Min: 0, Avg:  0,0, Max: 0, Diff: 0, Sum: 0, Workers: 15
[41,049s][debug][gc,phases         ] GC(40)         Total                          Min: 0, Avg: 11,0, Max: 128, Diff: 128, Sum: 165, Workers: 15
[41,049s][debug][gc,phases         ] GC(40)       ObjectSynchronizer Weak        Min: 0,00, Avg: 0,00, Max: 0,00, Diff: 0,00, Sum: 0,00, Workers: 15
[41,049s][debug][gc,phases         ] GC(40)         Dead                           Min: 0, Avg:  0,0, Max: 0, Diff: 0, Sum: 0, Workers: 15
[41,049s][debug][gc,phases         ] GC(40)         Total                          Min: 0, Avg:  2,2, Max: 33, Diff: 33, Sum: 33, Workers: 15
[41,049s][debug][gc,phases         ] GC(40)       JVMTI Tag Weak OopStorage      Min: 0,00, Avg: 0,00, Max: 0,00, Diff: 0,00, Sum: 0,00, Workers: 15
[41,049s][debug][gc,phases         ] GC(40)         Dead                           Min: 0, Avg:  0,0, Max: 0, Diff: 0, Sum: 0, Workers: 15
[41,049s][debug][gc,phases         ] GC(40)         Total                          Min: 0, Avg:  0,0, Max: 0, Diff: 0, Sum: 0, Workers: 15
[41,049s][debug][gc,phases         ] GC(40)       StringTable Weak               Min: 0,00, Avg: 0,01, Max: 0,02, Diff: 0,02, Sum: 0,09, Workers: 15
[41,049s][debug][gc,phases         ] GC(40)         Dead                           Min: 0, Avg:  0,0, Max: 0, Diff: 0, Sum: 0, Workers: 15
[41,049s][debug][gc,phases         ] GC(40)         Total                          Min: 0, Avg: 566,1, Max: 2284, Diff: 2284, Sum: 8492, Workers: 15
[41,049s][debug][gc,phases         ] GC(40)       ResolvedMethodTable Weak       Min: 0,00, Avg: 0,00, Max: 0,01, Diff: 0,01, Sum: 0,03, Workers: 15
[41,049s][debug][gc,phases         ] GC(40)         Dead                           Min: 0, Avg:  0,0, Max: 0, Diff: 0, Sum: 0, Workers: 15
[41,049s][debug][gc,phases         ] GC(40)         Total                          Min: 0, Avg: 113,1, Max: 381, Diff: 381, Sum: 1697, Workers: 15
[41,049s][debug][gc,phases         ] GC(40)       JNI Weak                       Min: 0,00, Avg: 0,00, Max: 0,00, Diff: 0,00, Sum: 0,00, Workers: 15
[41,049s][debug][gc,phases         ] GC(40)         Dead                           Min: 0, Avg:  0,0, Max: 0, Diff: 0, Sum: 0, Workers: 15
[41,049s][debug][gc,phases         ] GC(40)         Total                          Min: 0, Avg:  0,0, Max: 0, Diff: 0, Sum: 0, Workers: 15
[41,049s][debug][gc,phases         ] GC(40)       StringDedup Table Weak         Min: 0,00, Avg: 0,01, Max: 0,02, Diff: 0,02, Sum: 0,10, Workers: 15
[41,049s][debug][gc,phases         ] GC(40)         Dead                           Min: 0, Avg:  0,0, Max: 0, Diff: 0, Sum: 0, Workers: 15
[41,049s][debug][gc,phases         ] GC(40)         Total                          Min: 0, Avg: 875,7, Max: 3087, Diff: 3087, Sum: 13135, Workers: 15
[41,049s][debug][gc,phases         ] GC(40)       StringDedup Requests0 Weak     Min: 0,00, Avg: 0,00, Max: 0,00, Diff: 0,00, Sum: 0,00, Workers: 15
[41,049s][debug][gc,phases         ] GC(40)         Dead                           Min: 0, Avg:  0,0, Max: 0, Diff: 0, Sum: 0, Workers: 15
[41,049s][debug][gc,phases         ] GC(40)         Total                          Min: 0, Avg:  0,0, Max: 0, Diff: 0, Sum: 0, Workers: 15
[41,049s][debug][gc,phases         ] GC(40)       StringDedup Requests1 Weak     Min: 0,00, Avg: 0,00, Max: 0,00, Diff: 0,00, Sum: 0,00, Workers: 15
[41,049s][debug][gc,phases         ] GC(40)         Dead                           Min: 0, Avg:  0,0, Max: 0, Diff: 0, Sum: 0, Workers: 15
[41,049s][debug][gc,phases         ] GC(40)         Total                          Min: 0, Avg:  0,0, Max: 0, Diff: 0, Sum: 0, Workers: 15
[41,049s][debug][gc,phases         ] GC(40)       Weak JFR Old Object Samples    Min: 0,00, Avg: 0,00, Max: 0,00, Diff: 0,00, Sum: 0,00, Workers: 15
[41,049s][debug][gc,phases         ] GC(40)         Dead                           Min: 0, Avg:  0,0, Max: 0, Diff: 0, Sum: 0, Workers: 15
[41,049s][debug][gc,phases         ] GC(40)         Total                          Min: 0, Avg:  0,0, Max: 0, Diff: 0, Sum: 0, Workers: 15
[41,049s][debug][gc,phases         ] GC(40)     Post Evacuate Cleanup 1: 0,32ms
[41,049s][debug][gc,phases         ] GC(40)       Merge Per-Thread State (ms):   Min: 0,04, Avg: 0,04, Max: 0,04, Diff: 0,00, Sum: 0,04, Workers: 1
[41,049s][debug][gc,phases         ] GC(40)         Copied Bytes                   Min: 24769728, Avg: 30595633,6, Max: 37414080, Diff: 12644352, Sum: 458934504, Workers: 15
[41,049s][debug][gc,phases         ] GC(40)         LAB Waste                      Min: 520, Avg: 4320,5, Max: 9576, Diff: 9056, Sum: 64808, Workers: 15
[41,049s][debug][gc,phases         ] GC(40)         LAB Undo Waste                 Min: 0, Avg:  0,0, Max: 0, Diff: 0, Sum: 0, Workers: 15
[41,049s][debug][gc,phases         ] GC(40)         Evac Fail Extra Cards          Min: 0, Avg:  0,0, Max: 0, Diff: 0, Sum: 0, Workers: 15
[41,049s][debug][gc,phases         ] GC(40)       Clear Logged Cards (ms):       Min: 0,00, Avg: 0,04, Max: 0,15, Diff: 0,15, Sum: 0,62, Workers: 15
[41,049s][debug][gc,phases         ] GC(40)       Recalculate Used Memory (ms):  Min: 0,04, Avg: 0,04, Max: 0,04, Diff: 0,00, Sum: 0,04, Workers: 1
[41,049s][debug][gc,phases         ] GC(40)       Restore Evacuation Failed Regions (ms): Min: 0,00, Avg: 0,02, Max: 0,04, Diff: 0,04, Sum: 0,32, Workers: 15
[41,049s][debug][gc,phases         ] GC(40)         Evacuation Failed Regions:     Min: 1, Avg:  1,0, Max: 1, Diff: 0, Sum: 1, Workers: 1
[41,049s][debug][gc,phases         ] GC(40)         Pinned Regions:                Min: 1, Avg:  1,0, Max: 1, Diff: 0, Sum: 1, Workers: 1
[41,049s][debug][gc,phases         ] GC(40)         Allocation Failed Regions:     skipped
[41,049s][debug][gc,phases         ] GC(40)         Remove Self Forwards (ms):     Min: 0,01, Avg: 0,02, Max: 0,03, Diff: 0,02, Sum: 0,20, Workers: 10
[41,049s][debug][gc,phases         ] GC(40)           Forward Chunks:                Min: 1, Avg:  2,2, Max: 6, Diff: 5, Sum: 9, Workers: 4
[41,049s][debug][gc,phases         ] GC(40)           Empty Forward Chunks:          Min: 3, Avg: 11,9, Max: 21, Diff: 18, Sum: 119, Workers: 10
[41,049s][debug][gc,phases         ] GC(40)           Forward Objects:               Min: 1, Avg:  2,2, Max: 6, Diff: 5, Sum: 9, Workers: 4
[41,049s][debug][gc,phases         ] GC(40)           Forward Bytes:                 Min: 88, Avg: 72924,0, Max: 171576, Diff: 171488, Sum: 291696, Workers: 4
[41,049s][debug][gc,phases         ] GC(40)     Post Evacuate Cleanup 2: 0,20ms
[41,049s][debug][gc,phases         ] GC(40)       Recalculate Used Memory (ms):  Min: 0,04, Avg: 0,04, Max: 0,04, Diff: 0,00, Sum: 0,04, Workers: 1
[41,049s][debug][gc,phases         ] GC(40)       Restore Preserved Marks (ms):  Min: 0,00, Avg: 0,00, Max: 0,00, Diff: 0,00, Sum: 0,01, Workers: 15
[41,049s][debug][gc,phases         ] GC(40)       Process Evacuation Failed Regions (ms): Min: 0,00, Avg: 0,00, Max: 0,01, Diff: 0,01, Sum: 0,01, Workers: 15
[41,049s][debug][gc,phases         ] GC(40)       Update Derived Pointers (ms):  Min: 0,00, Avg: 0,00, Max: 0,00, Diff: 0,00, Sum: 0,00, Workers: 1
[41,049s][debug][gc,phases         ] GC(40)       Eagerly Reclaim Humongous Objects (ms): skipped
[41,049s][debug][gc,phases         ] GC(40)         Humongous Total                skipped
[41,049s][debug][gc,phases         ] GC(40)         Humongous Candidates           skipped
[41,049s][debug][gc,phases         ] GC(40)         Humongous Reclaimed            skipped
[41,049s][debug][gc,phases         ] GC(40)       Sample CSet Candidates (ms):   Min: 0,02, Avg: 0,02, Max: 0,02, Diff: 0,00, Sum: 0,02, Workers: 1
[41,049s][debug][gc,phases         ] GC(40)       Redirty Logged Cards (ms):     Min: 0,00, Avg: 0,00, Max: 0,02, Diff: 0,02, Sum: 0,06, Workers: 15
[41,049s][debug][gc,phases         ] GC(40)         Redirtied Cards:               Min: 0, Avg: 174,3, Max: 1028, Diff: 1028, Sum: 2614, Workers: 15
[41,049s][debug][gc,phases         ] GC(40)       Resize TLABs (ms):             Min: 0,00, Avg: 0,00, Max: 0,00, Diff: 0,00, Sum: 0,01, Workers: 15
[41,049s][debug][gc,phases         ] GC(40)       Free Collection Set (ms):      Min: 0,05, Avg: 0,08, Max: 0,12, Diff: 0,07, Sum: 1,22, Workers: 15
[41,049s][debug][gc,phases         ] GC(40)     Rebuild Free List: 0,09ms
[41,049s][debug][gc,phases         ] GC(40)     Prepare For Mutator: 0,10ms
[41,049s][debug][gc,phases         ] GC(40)     Expand Heap After Collection: 0,00ms
[41,049s][info ][gc,phases         ] GC(40)   Other: 0,45ms
[41,049s][debug][gc,remset         ] GC(40) Coarsening (recent): Inline->AoC 1235 (0) AoC->Howl 574 (0) Howl->Full 197 (0) Inline->AoC 3796 (0) AoC->BitMap 3664 (0) BitMap->Full 791 (0) 
[41,049s][debug][gc,remset         ] GC(40) Coarsening (all): Inline->AoC 4063 (0) AoC->Howl 1789 (0) Howl->Full 560 (0) Inline->AoC 11280 (0) AoC->BitMap 10906 (0) BitMap->Full 2402 (0) 
[41,049s][info ][gc,heap           ] GC(40) Eden regions: 608->0(499)
[41,049s][info ][gc,heap           ] GC(40) Survivor regions: 8->77(77)
[41,049s][info ][gc,heap           ] GC(40) Old regions: 409->446
[41,049s][info ][gc,heap           ] GC(40) Humongous regions: 0->0
[41,049s][info ][gc,metaspace      ] GC(40) Metaspace: 20732K(21056K)->20732K(21056K) NonClass: 18120K(18304K)->18120K(18304K) Class: 2611K(2752K)->2611K(2752K)
[41,049s][debug][gc,heap           ] GC(40) Heap after GC invocations=41 (full 0):
[41,049s][debug][gc,heap           ] GC(40)  garbage-first heap   total reserved 8388608K, committed 5242880K, used 2137121K [0x0000000600000000, 0x0000000800000000)
[41,049s][debug][gc,heap           ] GC(40)   region size 4096K, 77 young (315392K), 77 survivors (315392K)
[41,049s][debug][gc,heap           ] GC(40)  Metaspace       used 20732K, committed 21056K, reserved 1114112K
[41,049s][debug][gc,heap           ] GC(40)   class space    used 2611K, committed 2752K, reserved 1048576K
[41,049s][info ][gc                ] GC(40) Pause Young (Prepare Mixed) (G1 Evacuation Pause) (Evacuation Failure: Pinned) 4095M->2087M(5120M) 47,792ms
[41,049s][info ][gc,cpu            ] GC(40) User=0,64s Sys=0,00s Real=0,05s
[41,050s][debug][gc,refine         ] Concurrent refinement: wanted 0, cards: 2614, predicted: 5378, time: 1038,42ms
[41,050s][debug][gc,task           ] G1 Service Thread (Card Set Free Memory Task) (run: 1,857ms) (cpu: 0,270ms)
[41,178s][debug][gc,refine         ] Concurrent refinement: wanted 0, cards: 2614, predicted: 4246, time: 613,14ms
[41,277s][debug][gc,refine         ] Concurrent refinement: wanted 0, cards: 3382, predicted: 4983, time: 601,65ms
[41,375s][debug][gc,refine         ] Concurrent refinement: wanted 0, cards: 3382, predicted: 4925, time: 579,72ms
[41,414s][debug][gc,task,start     ] G1 Service Thread (Periodic GC Task) (run 0,862ms after schedule)
[41,414s][debug][gc,task           ] G1 Service Thread (Periodic GC Task) (run: 0,052ms) (cpu: 0,079ms)
[41,471s][debug][gc,refine         ] Concurrent refinement: wanted 0, cards: 3382, predicted: 4850, time: 551,51ms
[41,565s][debug][gc,refine         ] Concurrent refinement: wanted 0, cards: 3382, predicted: 4775, time: 523,31ms
[41,656s][debug][gc,refine         ] Concurrent refinement: wanted 0, cards: 3382, predicted: 4702, time: 496,15ms
[41,745s][debug][gc,refine         ] Concurrent refinement: wanted 0, cards: 3382, predicted: 4630, time: 469,00ms
[41,831s][debug][gc,refine         ] Concurrent refinement: wanted 0, cards: 3382, predicted: 4561, time: 442,88ms
[41,916s][debug][gc,refine         ] Concurrent refinement: wanted 0, cards: 3382, predicted: 4494, time: 417,81ms
[41,997s][debug][gc,refine         ] Concurrent refinement: wanted 0, cards: 3382, predicted: 4430, time: 393,79ms
[42,076s][debug][gc,refine         ] Concurrent refinement: wanted 0, cards: 3382, predicted: 4366, time: 369,76ms
[42,152s][debug][gc,refine         ] Concurrent refinement: wanted 0, cards: 3382, predicted: 4305, time: 346,78ms
[42,227s][debug][gc,refine         ] Concurrent refinement: wanted 0, cards: 3382, predicted: 4246, time: 324,85ms
[42,299s][debug][gc,refine         ] Concurrent refinement: wanted 0, cards: 3382, predicted: 4188, time: 302,91ms
[42,368s][debug][gc,refine         ] Concurrent refinement: wanted 0, cards: 3382, predicted: 3735, time: 132,90ms
[42,384s][info ][gc,start          ] GC(41) Pause Young (Mixed) (G1 Evacuation Pause)
[42,384s][debug][gc,heap           ] GC(41) Heap before GC invocations=41 (full 0):
[42,384s][debug][gc,heap           ] GC(41)  garbage-first heap   total reserved 8388608K, committed 5242880K, used 4176929K [0x0000000600000000, 0x0000000800000000)
[42,384s][debug][gc,heap           ] GC(41)   region size 4096K, 576 young (2359296K), 77 survivors (315392K)
[42,384s][debug][gc,heap           ] GC(41)  Metaspace       used 20732K, committed 21056K, reserved 1114112K
[42,384s][debug][gc,heap           ] GC(41)   class space    used 2611K, committed 2752K, reserved 1048576K
[42,384s][info ][gc,task           ] GC(41) Using 15 workers of 15 for evacuation
[42,384s][debug][gc,age            ] GC(41) Desired survivor size 150994944 bytes, new threshold 1 (max threshold 15)
[42,384s][debug][gc,tlab           ] GC(41) TLAB totals: thrds: 22  refills: 1516 max: 366 slow allocs: 1143 max 102 waste:  1,0% gc: 12920960B max: 1399680B slow: 8059032B max: 585856B
[42,384s][debug][gc,refine,stats   ] GC(41) Mutator refinement: 0,00ms, refined: 0, precleaned: 0, dirtied: 1492
[42,384s][debug][gc,refine,stats   ] GC(41) Concurrent refinement: 0,00ms, refined: 0, precleaned: 0, dirtied: 0
[42,384s][debug][gc,refine,stats   ] GC(41) Total refinement: 0,00ms, refined: 0, precleaned: 0, dirtied: 1492
[42,384s][debug][gc,refine,stats   ] GC(41) Generate dirty cards rate: 1,12 cards/ms
[42,384s][debug][gc,alloc,region   ] GC(41) Mutator Allocation stats, regions: 499, wasted size: 3584B ( 0,0%)
[42,384s][debug][gc,ergo,cset      ] GC(41) Start adding marking candidates to collection set. Min 15 regions, max 128 regions, available 120 regionstime remaining 117,20ms, optional threshold 23,44ms
[42,384s][debug][gc,ergo,cset      ] GC(41) Marking candidates exhausted.
[42,384s][debug][gc,ergo,cset      ] GC(41) Finish adding marking candidates to collection set. Initial: 120, optional: 0, pinned: 0, predicted initial time: 3,22ms, predicted optional time: 0,00ms, time remaining: 113,98ms
[42,384s][debug][gc,ergo,cset      ] GC(41) Start adding retained candidates to collection set. Min 1 regions, available 1, time remaining 40,00ms, optional remaining 40,00ms
[42,384s][debug][gc,ergo,cset      ] GC(41) Retained candidates exhausted.
[42,384s][debug][gc,ergo,cset      ] GC(41) Finish adding retained candidates to collection set. Initial: 1, optional: 0, pinned: 0, predicted initial time: 0,06ms, predicted optional time: 0,00ms, time remaining: 39,94ms optional time remaining 39,94ms
[42,384s][debug][gc,ergo           ] GC(41) Running G1 Merge Heap Roots using 15 workers for 697 regions
[42,385s][debug][gc,remset         ] GC(41) Visited cards 193408 Total dirty 1605632 (12,05%) Total old 14082048 (1,37%)
[42,414s][debug][gc,task,start     ] G1 Service Thread (Periodic GC Task) (run 0,097ms after schedule)
[42,414s][debug][gc,task           ] G1 Service Thread (Periodic GC Task) (run: 0,124ms) (cpu: 0,142ms)
[42,457s][debug][gc,ref            ] GC(41) ReferenceProcessor::execute queues: 3, RefProcThreadModel::Multi, marks_oops_alive: false
[42,457s][debug][gc,ref            ] GC(41) ReferenceProcessor::execute queues: 15, RefProcThreadModel::Multi, marks_oops_alive: true
[42,457s][debug][gc,ref            ] GC(41) ReferenceProcessor::execute queues: 1, RefProcThreadModel::Single, marks_oops_alive: false
[42,458s][debug][gc,ergo           ] GC(41) Running G1 Rebuild Free List Task using 15 workers for rebuilding free list of regions
[42,458s][debug][gc,plab           ] GC(41) Young PLAB allocation: allocated: 301989888B, wasted: 42464B, unused: 2000560B, used: 299946864B, undo waste: 0B, 
[42,458s][debug][gc,plab           ] GC(41) Young other allocation: region end waste: 0B, regions filled: 72, num plab filled: 158, direct allocated: 0B, num direct allocated: 0, failure used: 0B, failure wasted: 0B
[42,458s][debug][gc,plab           ] GC(41) Young sizing: calculated: 59989368B, actual: 58128744B
[42,458s][debug][gc,plab           ] GC(41) Old PLAB allocation: allocated: 499122176B, wasted: 41480B, unused: 17167960B, used: 481912736B, undo waste: 0B, 
[42,458s][debug][gc,plab           ] GC(41) Old other allocation: region end waste: 0B, regions filled: 120, num plab filled: 238, direct allocated: 0B, num direct allocated: 0, failure used: 0B, failure wasted: 0B
[42,458s][debug][gc,plab           ] GC(41) Old sizing: calculated: 96382544B, actual: 81455032B
[42,458s][debug][gc,ergo,heap      ] GC(41) Heap expansion: short term pause time ratio 2,43% long term pause time ratio 2,92% threshold 7,69% pause time ratio 7,69% fully expanded false resize by 0B
[42,458s][debug][gc,ergo,ihop      ] GC(41) Do not request concurrent cycle initiation (still doing mixed collections) occupancy: 1862270976B allocation request: 0B threshold: 275087122B (5,12) source: end of GC
[42,458s][debug][gc,mmu            ] GC(41) MMU: 74,6ms (200,0ms/201,0ms)
[42,458s][debug][gc,ergo           ] GC(41) do not continue mixed GCs (candidate old regions not available)
[42,458s][debug][gc,ergo,ihop      ] GC(41) Request concurrent cycle initiation (occupancy higher than threshold) occupancy: 1862270976B allocation request: 0B threshold: 275087122B (5,12) source: end of GC
[42,458s][debug][gc,task,start     ] G1 Service Thread (Card Set Free Memory Task) (run 0,063ms after schedule)
[42,458s][debug][gc,alloc,stats    ] Old generation allocation in the last mutator period, old gen allocated: 499122176B, humongous allocated: 0B, old gen growth: 499122176B.
[42,458s][debug][gc,ihop           ] GC(41) Basic information (value update), threshold: 600581350B (11,19), target occupancy: 5368709120B, current occupancy: 2159052336B, recent allocation size: 499122176B, recent allocation duration: 2430,01ms, recent old gen allocation rate: 205399170,02B/s, recent marking phase length: 3766,04ms
[42,458s][debug][gc,ihop           ] GC(41) Adaptive IHOP information (value update), threshold: 600581350B (11,78), internal target occupancy: 5100273664B, occupancy: 2159052336B, additional buffer size: 2415919104B, predicted old gen allocation rate: 749589082,52B/s, predicted marking phase length: 2779,89ms, prediction active: true
[42,458s][debug][gc,ergo,refine    ] GC(41) GC refinement: goal: 234678 + 932 / 20,00ms, actual: 4103 / 0,28ms, 
[42,458s][debug][gc,ergo,refine    ] GC(41) New pending cards target: 265886
[42,459s][info ][gc,phases         ] GC(41)   Pre Evacuate Collection Set: 0,30ms
[42,459s][debug][gc,phases         ] GC(41)     Pre Evacuate Prepare: 0,04ms
[42,459s][debug][gc,phases         ] GC(41)       JT Retire TLABs And Flush Logs (ms): Min: 0,00, Avg: 0,01, Max: 0,02, Diff: 0,02, Sum: 0,02, Workers: 2
[42,459s][debug][gc,phases         ] GC(41)       Non-JT Flush Logs (ms):        Min: 0,00, Avg: 0,00, Max: 0,00, Diff: 0,00, Sum: 0,00, Workers: 1
[42,459s][debug][gc,phases         ] GC(41)     Choose Collection Set: 0,11ms
[42,459s][debug][gc,phases         ] GC(41)     Region Register: 0,15ms
[42,459s][debug][gc,phases         ] GC(41)     Prepare Heap Roots: 0,00ms
[42,459s][info ][gc,phases         ] GC(41)   Merge Heap Roots: 0,47ms
[42,459s][debug][gc,phases         ] GC(41)     Prepare Merge Heap Roots: 0,02ms
[42,459s][debug][gc,phases         ] GC(41)     Remembered Sets (ms):          Min: 0,12, Avg: 0,15, Max: 0,17, Diff: 0,05, Sum: 2,23, Workers: 15
[42,459s][debug][gc,phases         ] GC(41)       Eager Reclaim (ms):            skipped
[42,459s][debug][gc,phases         ] GC(41)       Merged Inline                  Min: 0, Avg:  4,4, Max: 20, Diff: 20, Sum: 66, Workers: 15
[42,459s][debug][gc,phases         ] GC(41)       Merged ArrayOfCards            Min: 0, Avg:  8,3, Max: 47, Diff: 47, Sum: 124, Workers: 15
[42,459s][debug][gc,phases         ] GC(41)       Merged Howl                    Min: 0, Avg:  0,0, Max: 0, Diff: 0, Sum: 0, Workers: 15
[42,459s][debug][gc,phases         ] GC(41)       Merged Full                    Min: 0, Avg:  0,0, Max: 0, Diff: 0, Sum: 0, Workers: 15
[42,459s][debug][gc,phases         ] GC(41)       Merged Howl Inline             Min: 0, Avg:  0,0, Max: 0, Diff: 0, Sum: 0, Workers: 15
[42,459s][debug][gc,phases         ] GC(41)       Merged Howl ArrayOfCards       Min: 0, Avg:  0,0, Max: 0, Diff: 0, Sum: 0, Workers: 15
[42,459s][debug][gc,phases         ] GC(41)       Merged Howl BitMap             Min: 0, Avg:  0,0, Max: 0, Diff: 0, Sum: 0, Workers: 15
[42,459s][debug][gc,phases         ] GC(41)       Merged Howl Full               Min: 0, Avg:  0,0, Max: 0, Diff: 0, Sum: 0, Workers: 15
[42,459s][debug][gc,phases         ] GC(41)       Merged Cards                   Min: 8, Avg: 122,5, Max: 644, Diff: 636, Sum: 1837, Workers: 15
[42,459s][debug][gc,phases         ] GC(41)     Log Buffers (ms):              Min: 0,00, Avg: 0,02, Max: 0,05, Diff: 0,05, Sum: 0,28, Workers: 15
[42,459s][debug][gc,phases         ] GC(41)       Dirty Cards:                   Min: 0, Avg: 273,5, Max: 1129, Diff: 1129, Sum: 4103, Workers: 15
[42,459s][debug][gc,phases         ] GC(41)       Skipped Cards:                 Min: 0, Avg:  0,2, Max: 1, Diff: 1, Sum: 3, Workers: 15
[42,459s][info ][gc,phases         ] GC(41)   Evacuate Collection Set: 71,90ms
[42,459s][debug][gc,phases         ] GC(41)     Ext Root Scanning (ms):        Min: 0,00, Avg: 0,05, Max: 0,16, Diff: 0,16, Sum: 0,79, Workers: 15
[42,459s][debug][gc,phases         ] GC(41)     Scan Heap Roots (ms):          Min: 0,06, Avg: 0,36, Max: 0,84, Diff: 0,78, Sum: 5,44, Workers: 15
[42,459s][debug][gc,phases         ] GC(41)       Scanned Cards:                 Min: 23, Avg: 386,3, Max: 1137, Diff: 1114, Sum: 5794, Workers: 15
[42,459s][debug][gc,phases         ] GC(41)       Scanned Blocks:                Min: 19, Avg: 237,5, Max: 505, Diff: 486, Sum: 3563, Workers: 15
[42,459s][debug][gc,phases         ] GC(41)       Claimed Chunks:                Min: 13, Avg: 201,5, Max: 439, Diff: 426, Sum: 3022, Workers: 15
[42,459s][debug][gc,phases         ] GC(41)       Found Roots:                   Min: 20, Avg: 780,0, Max: 2127, Diff: 2107, Sum: 11700, Workers: 15
[42,459s][debug][gc,phases         ] GC(41)     Code Root Scan (ms):           Min: 0,03, Avg: 0,04, Max: 0,06, Diff: 0,02, Sum: 0,62, Workers: 15
[42,459s][debug][gc,phases         ] GC(41)       Scanned Nmethods               Min: 0, Avg:  0,1, Max: 1, Diff: 1, Sum: 1, Workers: 15
[42,459s][debug][gc,phases         ] GC(41)     Object Copy (ms):              Min: 70,61, Avg: 71,11, Max: 71,39, Diff: 0,78, Sum: 1066,65, Workers: 15
[42,459s][debug][gc,phases         ] GC(41)     Termination (ms):              Min: 0,05, Avg: 0,08, Max: 0,13, Diff: 0,08, Sum: 1,13, Workers: 15
[42,459s][debug][gc,phases         ] GC(41)       Termination Attempts:          Min: 1, Avg:  1,0, Max: 1, Diff: 0, Sum: 15, Workers: 15
[42,459s][debug][gc,phases         ] GC(41)     GC Worker Other (ms):          Min: 0,04, Avg: 0,06, Max: 0,07, Diff: 0,03, Sum: 0,91, Workers: 15
[42,459s][debug][gc,phases         ] GC(41)     GC Worker Total (ms):          Min: 71,63, Avg: 71,70, Max: 71,78, Diff: 0,16, Sum: 1075,55, Workers: 15
[42,459s][info ][gc,phases         ] GC(41)   Post Evacuate Collection Set: 1,72ms
[42,459s][debug][gc,phases         ] GC(41)     NMethod List Cleanup: 0,01ms
[42,459s][debug][gc,phases         ] GC(41)     Reference Processing: 0,95ms
[42,459s][debug][gc,phases,ref     ] GC(41)       Notify Soft/WeakReferences: 0,4ms
[42,459s][debug][gc,phases,ref     ] GC(41)         Balance queues: 0,0ms
[42,459s][debug][gc,phases,ref     ] GC(41)         SoftRef (ms):                  Min: 0,00, Avg: 0,00, Max: 0,00, Diff: 0,00, Sum: 0,00, Workers: 3
[42,459s][debug][gc,phases,ref     ] GC(41)         WeakRef (ms):                  Min: 0,00, Avg: 0,00, Max: 0,00, Diff: 0,00, Sum: 0,00, Workers: 3
[42,459s][debug][gc,phases,ref     ] GC(41)         FinalRef (ms):                 Min: 0,06, Avg: 0,09, Max: 0,13, Diff: 0,07, Sum: 0,28, Workers: 3
[42,459s][debug][gc,phases,ref     ] GC(41)         Total (ms):                    Min: 0,10, Avg: 0,16, Max: 0,25, Diff: 0,15, Sum: 0,49, Workers: 3
[42,459s][debug][gc,phases,ref     ] GC(41)       Notify and keep alive finalizable: 0,5ms
[42,459s][debug][gc,phases,ref     ] GC(41)         Balance queues: 0,0ms
[42,459s][debug][gc,phases,ref     ] GC(41)         FinalRef (ms):                 Min: 0,09, Avg: 0,16, Max: 0,26, Diff: 0,17, Sum: 2,42, Workers: 15
[42,459s][debug][gc,phases,ref     ] GC(41)       Notify PhantomReferences: 0,1ms
[42,459s][debug][gc,phases,ref     ] GC(41)         PhantomRef (ms):               Min: 0,01, Avg: 0,01, Max: 0,01, Diff: 0,00, Sum: 0,01, Workers: 1
[42,459s][debug][gc,phases,ref     ] GC(41)       SoftReference Discovered: 0, Dropped: 0, Processed: 0
[42,459s][debug][gc,phases,ref     ] GC(41)       WeakReference Discovered: 0, Dropped: 0, Processed: 0
[42,459s][debug][gc,phases,ref     ] GC(41)       FinalReference Discovered: 2830, Dropped: 2, Processed: 2828
[42,459s][debug][gc,phases,ref     ] GC(41)       PhantomReference Discovered: 37, Dropped: 2, Processed: 35
[42,459s][debug][gc,phases         ] GC(41)     Weak Processing: 0,11ms
[42,459s][debug][gc,phases         ] GC(41)       VM Weak                        Min: 0,00, Avg: 0,00, Max: 0,00, Diff: 0,00, Sum: 0,01, Workers: 15
[42,459s][debug][gc,phases         ] GC(41)         Dead                           Min: 0, Avg:  0,0, Max: 0, Diff: 0, Sum: 0, Workers: 15
[42,459s][debug][gc,phases         ] GC(41)         Total                          Min: 0, Avg: 11,0, Max: 101, Diff: 101, Sum: 165, Workers: 15
[42,459s][debug][gc,phases         ] GC(41)       ObjectSynchronizer Weak        Min: 0,00, Avg: 0,00, Max: 0,00, Diff: 0,00, Sum: 0,01, Workers: 15
[42,459s][debug][gc,phases         ] GC(41)         Dead                           Min: 0, Avg:  0,0, Max: 0, Diff: 0, Sum: 0, Workers: 15
[42,459s][debug][gc,phases         ] GC(41)         Total                          Min: 0, Avg:  2,2, Max: 33, Diff: 33, Sum: 33, Workers: 15
[42,459s][debug][gc,phases         ] GC(41)       JVMTI Tag Weak OopStorage      Min: 0,00, Avg: 0,00, Max: 0,00, Diff: 0,00, Sum: 0,00, Workers: 15
[42,459s][debug][gc,phases         ] GC(41)         Dead                           Min: 0, Avg:  0,0, Max: 0, Diff: 0, Sum: 0, Workers: 15
[42,459s][debug][gc,phases         ] GC(41)         Total                          Min: 0, Avg:  0,0, Max: 0, Diff: 0, Sum: 0, Workers: 15
[42,459s][debug][gc,phases         ] GC(41)       StringTable Weak               Min: 0,00, Avg: 0,01, Max: 0,04, Diff: 0,04, Sum: 0,10, Workers: 15
[42,459s][debug][gc,phases         ] GC(41)         Dead                           Min: 0, Avg:  0,0, Max: 0, Diff: 0, Sum: 0, Workers: 15
[42,459s][debug][gc,phases         ] GC(41)         Total                          Min: 0, Avg: 566,1, Max: 2944, Diff: 2944, Sum: 8492, Workers: 15
[42,459s][debug][gc,phases         ] GC(41)       ResolvedMethodTable Weak       Min: 0,00, Avg: 0,00, Max: 0,01, Diff: 0,01, Sum: 0,03, Workers: 15
[42,459s][debug][gc,phases         ] GC(41)         Dead                           Min: 0, Avg:  0,0, Max: 0, Diff: 0, Sum: 0, Workers: 15
[42,459s][debug][gc,phases         ] GC(41)         Total                          Min: 0, Avg: 113,1, Max: 676, Diff: 676, Sum: 1697, Workers: 15
[42,459s][debug][gc,phases         ] GC(41)       JNI Weak                       Min: 0,00, Avg: 0,00, Max: 0,00, Diff: 0,00, Sum: 0,00, Workers: 15
[42,459s][debug][gc,phases         ] GC(41)         Dead                           Min: 0, Avg:  0,0, Max: 0, Diff: 0, Sum: 0, Workers: 15
[42,459s][debug][gc,phases         ] GC(41)         Total                          Min: 0, Avg:  0,0, Max: 0, Diff: 0, Sum: 0, Workers: 15
[42,459s][debug][gc,phases         ] GC(41)       StringDedup Table Weak         Min: 0,00, Avg: 0,01, Max: 0,03, Diff: 0,03, Sum: 0,12, Workers: 15
[42,459s][debug][gc,phases         ] GC(41)         Dead                           Min: 0, Avg:  0,0, Max: 0, Diff: 0, Sum: 0, Workers: 15
[42,459s][debug][gc,phases         ] GC(41)         Total                          Min: 0, Avg: 875,7, Max: 4864, Diff: 4864, Sum: 13135, Workers: 15
[42,459s][debug][gc,phases         ] GC(41)       StringDedup Requests0 Weak     Min: 0,00, Avg: 0,00, Max: 0,00, Diff: 0,00, Sum: 0,00, Workers: 15
[42,459s][debug][gc,phases         ] GC(41)         Dead                           Min: 0, Avg:  0,0, Max: 0, Diff: 0, Sum: 0, Workers: 15
[42,459s][debug][gc,phases         ] GC(41)         Total                          Min: 0, Avg:  0,0, Max: 0, Diff: 0, Sum: 0, Workers: 15
[42,459s][debug][gc,phases         ] GC(41)       StringDedup Requests1 Weak     Min: 0,00, Avg: 0,00, Max: 0,00, Diff: 0,00, Sum: 0,03, Workers: 15
[42,459s][debug][gc,phases         ] GC(41)         Dead                           Min: 0, Avg:  0,0, Max: 0, Diff: 0, Sum: 0, Workers: 15
[42,459s][debug][gc,phases         ] GC(41)         Total                          Min: 0, Avg: 38,4, Max: 64, Diff: 64, Sum: 576, Workers: 15
[42,459s][debug][gc,phases         ] GC(41)       Weak JFR Old Object Samples    Min: 0,00, Avg: 0,00, Max: 0,00, Diff: 0,00, Sum: 0,00, Workers: 15
[42,459s][debug][gc,phases         ] GC(41)         Dead                           Min: 0, Avg:  0,0, Max: 0, Diff: 0, Sum: 0, Workers: 15
[42,459s][debug][gc,phases         ] GC(41)         Total                          Min: 0, Avg:  0,0, Max: 0, Diff: 0, Sum: 0, Workers: 15
[42,459s][debug][gc,phases         ] GC(41)     Post Evacuate Cleanup 1: 0,25ms
[42,459s][debug][gc,phases         ] GC(41)       Merge Per-Thread State (ms):   Min: 0,08, Avg: 0,08, Max: 0,08, Diff: 0,00, Sum: 0,08, Workers: 1
[42,459s][debug][gc,phases         ] GC(41)         Copied Bytes                   Min: 39034040, Avg: 52123973,3, Max: 62993976, Diff: 23959936, Sum: 781859600, Workers: 15
[42,459s][debug][gc,phases         ] GC(41)         LAB Waste                      Min: 696, Avg: 5596,3, Max: 15360, Diff: 14664, Sum: 83944, Workers: 15
[42,459s][debug][gc,phases         ] GC(41)         LAB Undo Waste                 Min: 0, Avg:  0,0, Max: 0, Diff: 0, Sum: 0, Workers: 15
[42,459s][debug][gc,phases         ] GC(41)         Evac Fail Extra Cards          Min: 0, Avg:  0,0, Max: 0, Diff: 0, Sum: 0, Workers: 15
[42,459s][debug][gc,phases         ] GC(41)       Clear Logged Cards (ms):       Min: 0,00, Avg: 0,08, Max: 0,14, Diff: 0,14, Sum: 0,65, Workers: 8
[42,459s][debug][gc,phases         ] GC(41)       Recalculate Used Memory (ms):  Min: 0,00, Avg: 0,00, Max: 0,00, Diff: 0,00, Sum: 0,00, Workers: 1
[42,459s][debug][gc,phases         ] GC(41)     Post Evacuate Cleanup 2: 0,28ms
[42,459s][debug][gc,phases         ] GC(41)       Update Derived Pointers (ms):  Min: 0,00, Avg: 0,00, Max: 0,00, Diff: 0,00, Sum: 0,00, Workers: 1
[42,459s][debug][gc,phases         ] GC(41)       Eagerly Reclaim Humongous Objects (ms): skipped
[42,459s][debug][gc,phases         ] GC(41)         Humongous Total                skipped
[42,459s][debug][gc,phases         ] GC(41)         Humongous Candidates           skipped
[42,459s][debug][gc,phases         ] GC(41)         Humongous Reclaimed            skipped
[42,459s][debug][gc,phases         ] GC(41)       Redirty Logged Cards (ms):     Min: 0,00, Avg: 0,00, Max: 0,01, Diff: 0,01, Sum: 0,05, Workers: 15
[42,459s][debug][gc,phases         ] GC(41)         Redirtied Cards:               Min: 0, Avg: 105,5, Max: 703, Diff: 703, Sum: 1583, Workers: 15
[42,459s][debug][gc,phases         ] GC(41)       Resize TLABs (ms):             Min: 0,00, Avg: 0,00, Max: 0,00, Diff: 0,00, Sum: 0,01, Workers: 15
[42,460s][debug][gc,phases         ] GC(41)       Free Collection Set (ms):      Min: 0,06, Avg: 0,09, Max: 0,14, Diff: 0,08, Sum: 1,36, Workers: 15
[42,460s][debug][gc,phases         ] GC(41)     Rebuild Free List: 0,06ms
[42,460s][debug][gc,phases         ] GC(41)     Prepare For Mutator: 0,06ms
[42,460s][debug][gc,phases         ] GC(41)     Expand Heap After Collection: 0,00ms
[42,460s][info ][gc,phases         ] GC(41)   Other: 0,33ms
[42,460s][debug][gc,remset         ] GC(41) Coarsening (recent): Inline->AoC 0 (0) AoC->Howl 0 (0) Howl->Full 0 (0) Inline->AoC 0 (0) AoC->BitMap 0 (0) BitMap->Full 0 (0) 
[42,460s][debug][gc,remset         ] GC(41) Coarsening (all): Inline->AoC 4063 (0) AoC->Howl 1789 (0) Howl->Full 560 (0) Inline->AoC 11280 (0) AoC->BitMap 10906 (0) BitMap->Full 2402 (0) 
[42,460s][info ][gc,heap           ] GC(41) Eden regions: 499->0(477)
[42,460s][info ][gc,heap           ] GC(41) Survivor regions: 77->72(72)
[42,460s][info ][gc,heap           ] GC(41) Old regions: 446->444
[42,460s][info ][gc,heap           ] GC(41) Humongous regions: 0->0
[42,460s][info ][gc,metaspace      ] GC(41) Metaspace: 20732K(21056K)->20732K(21056K) NonClass: 18121K(18304K)->18121K(18304K) Class: 2611K(2752K)->2611K(2752K)
[42,460s][debug][gc,heap           ] GC(41) Heap after GC invocations=42 (full 0):
[42,460s][debug][gc,heap           ] GC(41)  garbage-first heap   total reserved 8388608K, committed 5242880K, used 2108449K [0x0000000600000000, 0x0000000800000000)
[42,460s][debug][gc,heap           ] GC(41)   region size 4096K, 72 young (294912K), 72 survivors (294912K)
[42,460s][debug][gc,heap           ] GC(41)  Metaspace       used 20732K, committed 21056K, reserved 1114112K
[42,460s][debug][gc,heap           ] GC(41)   class space    used 2611K, committed 2752K, reserved 1048576K
[42,460s][info ][gc                ] GC(41) Pause Young (Mixed) (G1 Evacuation Pause) 4083M->2059M(5120M) 76,046ms
[42,460s][info ][gc,cpu            ] GC(41) User=1,07s Sys=0,01s Real=0,08s
[42,460s][debug][gc,refine         ] Concurrent refinement: wanted 0, cards: 1583, predicted: 4000, time: 1021,71ms
[42,460s][debug][gc,task           ] G1 Service Thread (Card Set Free Memory Task) (run: 1,602ms) (cpu: 0,259ms)
[42,587s][debug][gc,refine         ] Concurrent refinement: wanted 0, cards: 1839, predicted: 3662, time: 770,58ms
[42,698s][debug][gc,refine         ] Concurrent refinement: wanted 0, cards: 3119, predicted: 4914, time: 758,77ms
[42,809s][debug][gc,refine         ] Concurrent refinement: wanted 0, cards: 3119, predicted: 4838, time: 726,58ms
[42,916s][debug][gc,refine         ] Concurrent refinement: wanted 0, cards: 3119, predicted: 4759, time: 693,31ms
[43,022s][debug][gc,refine         ] Concurrent refinement: wanted 0, cards: 3119, predicted: 4683, time: 661,11ms
[43,124s][debug][gc,refine         ] Concurrent refinement: wanted 0, cards: 3119, predicted: 4609, time: 629,99ms
[43,224s][debug][gc,refine         ] Concurrent refinement: wanted 0, cards: 3119, predicted: 4535, time: 598,86ms
[43,321s][debug][gc,refine         ] Concurrent refinement: wanted 0, cards: 3119, predicted: 4464, time: 568,81ms
[43,415s][debug][gc,task,start     ] G1 Service Thread (Periodic GC Task) (run 1,078ms after schedule)
[43,415s][debug][gc,task           ] G1 Service Thread (Periodic GC Task) (run: 0,046ms) (cpu: 0,075ms)
[43,416s][debug][gc,refine         ] Concurrent refinement: wanted 0, cards: 3119, predicted: 4393, time: 538,76ms
[43,509s][debug][gc,refine         ] Concurrent refinement: wanted 0, cards: 3119, predicted: 4327, time: 510,86ms
[43,599s][debug][gc,refine         ] Concurrent refinement: wanted 0, cards: 3119, predicted: 4261, time: 482,95ms
[43,686s][debug][gc,refine         ] Concurrent refinement: wanted 0, cards: 3119, predicted: 4198, time: 456,12ms
[43,771s][debug][gc,refine         ] Concurrent refinement: wanted 0, cards: 3119, predicted: 3430, time: 131,65ms
[43,786s][debug][gc,ergo           ] GC(42) Initiate concurrent cycle (concurrent cycle initiation requested)
[43,786s][info ][gc,start          ] GC(42) Pause Young (Concurrent Start) (G1 Evacuation Pause)
[43,786s][debug][gc,heap           ] GC(42) Heap before GC invocations=42 (full 0):
[43,786s][debug][gc,heap           ] GC(42)  garbage-first heap   total reserved 8388608K, committed 5242880K, used 4058145K [0x0000000600000000, 0x0000000800000000)
[43,786s][debug][gc,heap           ] GC(42)   region size 4096K, 549 young (2248704K), 72 survivors (294912K)
[43,786s][debug][gc,heap           ] GC(42)  Metaspace       used 20735K, committed 21056K, reserved 1114112K
[43,786s][debug][gc,heap           ] GC(42)   class space    used 2611K, committed 2752K, reserved 1048576K
[43,786s][info ][gc,task           ] GC(42) Using 15 workers of 15 for evacuation
[43,786s][debug][gc,age            ] GC(42) Desired survivor size 144703488 bytes, new threshold 1 (max threshold 15)
[43,786s][debug][gc,tlab           ] GC(42) TLAB totals: thrds: 23  refills: 1493 max: 364 slow allocs: 1428 max 153 waste:  1,0% gc: 11808640B max: 1945216B slow: 7821920B max: 674376B
[43,786s][debug][gc,refine,stats   ] GC(42) Mutator refinement: 0,00ms, refined: 0, precleaned: 0, dirtied: 1879
[43,786s][debug][gc,refine,stats   ] GC(42) Concurrent refinement: 0,00ms, refined: 0, precleaned: 0, dirtied: 0
[43,786s][debug][gc,refine,stats   ] GC(42) Total refinement: 0,00ms, refined: 0, precleaned: 0, dirtied: 1879
[43,786s][debug][gc,refine,stats   ] GC(42) Generate dirty cards rate: 1,42 cards/ms
[43,786s][debug][gc,alloc,region   ] GC(42) Mutator Allocation stats, regions: 477, wasted size: 251K ( 0,0%)
[43,786s][debug][gc,ergo,cset      ] GC(42) No candidates to reclaim.
[43,787s][debug][gc,ergo           ] GC(42) Running G1 Merge Heap Roots using 15 workers for 549 regions
[43,787s][debug][gc,remset         ] GC(42) Visited cards 140416 Total dirty 1335296 (10,52%) Total old 12632064 (1,11%)
[43,856s][debug][gc,ref            ] GC(42) ReferenceProcessor::execute queues: 3, RefProcThreadModel::Multi, marks_oops_alive: false
[43,857s][debug][gc,ref            ] GC(42) ReferenceProcessor::execute queues: 15, RefProcThreadModel::Multi, marks_oops_alive: true
[43,857s][debug][gc,ref            ] GC(42) ReferenceProcessor::execute queues: 1, RefProcThreadModel::Single, marks_oops_alive: false
[43,858s][debug][gc,ergo           ] GC(42) Initializing removing self forwards with 128 chunks per region
[43,858s][debug][gc,ergo           ] GC(42) Running G1 Rebuild Free List Task using 15 workers for rebuilding free list of regions
[43,858s][debug][gc,plab           ] GC(42) Young PLAB allocation: allocated: 289406976B, wasted: 41112B, unused: 1909800B, used: 287456064B, undo waste: 0B, 
[43,858s][debug][gc,plab           ] GC(42) Young other allocation: region end waste: 0B, regions filled: 69, num plab filled: 152, direct allocated: 0B, num direct allocated: 0, failure used: 0B, failure wasted: 0B
[43,858s][debug][gc,plab           ] GC(42) Young sizing: calculated: 57491208B, actual: 57650592B
[43,858s][debug][gc,plab           ] GC(42) Old PLAB allocation: allocated: 484442112B, wasted: 67872B, unused: 14716840B, used: 469657400B, undo waste: 0B, 
[43,858s][debug][gc,plab           ] GC(42) Old other allocation: region end waste: 0B, regions filled: 116, num plab filled: 231, direct allocated: 0B, num direct allocated: 0, failure used: 1021208B, failure wasted: 11561704B
[43,858s][debug][gc,plab           ] GC(42) Old sizing: calculated: 93931480B, actual: 90812368B
[43,858s][debug][gc,ergo,heap      ] GC(42) Heap expansion: short term pause time ratio 5,29% long term pause time ratio 2,92% threshold 7,69% pause time ratio 7,69% fully expanded false resize by 0B
[43,858s][debug][gc,mmu            ] GC(42) MMU: 72,1ms (200,0ms/201,0ms)
[43,858s][debug][gc,alloc,stats    ] Old generation allocation in the last mutator period, old gen allocated: 497025024B, humongous allocated: 0B, old gen growth: 497025024B.
[43,858s][debug][gc,ihop           ] GC(42) Basic information (value update), threshold: 1318848360B (24,57), target occupancy: 5368709120B, current occupancy: 2643494448B, recent allocation size: 497025024B, recent allocation duration: 1327,69ms, recent old gen allocation rate: 374353797,98B/s, recent marking phase length: 3766,04ms
[43,858s][debug][gc,ihop           ] GC(42) Adaptive IHOP information (value update), threshold: 1318848360B (25,86), internal target occupancy: 5100273664B, occupancy: 2643494448B, additional buffer size: 1723858944B, predicted old gen allocation rate: 740161776,23B/s, predicted marking phase length: 2779,89ms, prediction active: true
[43,858s][debug][gc,ergo,refine    ] GC(42) GC refinement: goal: 265886 + 805 / 20,00ms, actual: 3462 / 0,30ms, 
[43,858s][debug][gc,ergo,refine    ] GC(42) Unchanged pending cards target: 265886
[43,858s][info ][gc,phases         ] GC(42)   Pre Evacuate Collection Set: 0,33ms
[43,858s][debug][gc,task,start     ] G1 Service Thread (Card Set Free Memory Task) (run 0,104ms after schedule)
[43,858s][debug][gc,phases         ] GC(42)     Reset Marking State (ms):      Min: 0,03, Avg: 0,03, Max: 0,03, Diff: 0,00, Sum: 0,03, Workers: 1
[43,858s][debug][gc,phases         ] GC(42)     Note Start Of Mark (ms):       Min: 0,01, Avg: 0,02, Max: 0,04, Diff: 0,03, Sum: 0,09, Workers: 4
[43,858s][debug][gc,phases         ] GC(42)     Pre Evacuate Prepare: 0,08ms
[43,858s][debug][gc,phases         ] GC(42)       JT Retire TLABs And Flush Logs (ms): Min: 0,00, Avg: 0,01, Max: 0,02, Diff: 0,02, Sum: 0,02, Workers: 2
[43,858s][debug][gc,phases         ] GC(42)       Non-JT Flush Logs (ms):        Min: 0,01, Avg: 0,01, Max: 0,01, Diff: 0,00, Sum: 0,01, Workers: 1
[43,858s][debug][gc,phases         ] GC(42)     Choose Collection Set: 0,02ms
[43,858s][debug][gc,phases         ] GC(42)     Region Register: 0,18ms
[43,858s][debug][gc,phases         ] GC(42)     Prepare Heap Roots: 0,00ms
[43,858s][info ][gc,phases         ] GC(42)   Merge Heap Roots: 0,43ms
[43,858s][debug][gc,phases         ] GC(42)     Prepare Merge Heap Roots: 0,02ms
[43,858s][debug][gc,phases         ] GC(42)     Remembered Sets (ms):          Min: 0,11, Avg: 0,12, Max: 0,16, Diff: 0,05, Sum: 1,82, Workers: 15
[43,858s][debug][gc,phases         ] GC(42)       Eager Reclaim (ms):            skipped
[43,858s][debug][gc,phases         ] GC(42)       Merged Inline                  Min: 0, Avg:  0,0, Max: 0, Diff: 0, Sum: 0, Workers: 15
[43,858s][debug][gc,phases         ] GC(42)       Merged ArrayOfCards            Min: 0, Avg:  0,0, Max: 0, Diff: 0, Sum: 0, Workers: 15
[43,858s][debug][gc,phases         ] GC(42)       Merged Howl                    Min: 0, Avg:  0,0, Max: 0, Diff: 0, Sum: 0, Workers: 15
[43,858s][debug][gc,phases         ] GC(42)       Merged Full                    Min: 0, Avg:  0,0, Max: 0, Diff: 0, Sum: 0, Workers: 15
[43,858s][debug][gc,phases         ] GC(42)       Merged Howl Inline             Min: 0, Avg:  0,0, Max: 0, Diff: 0, Sum: 0, Workers: 15
[43,858s][debug][gc,phases         ] GC(42)       Merged Howl ArrayOfCards       Min: 0, Avg:  0,0, Max: 0, Diff: 0, Sum: 0, Workers: 15
[43,858s][debug][gc,phases         ] GC(42)       Merged Howl BitMap             Min: 0, Avg:  0,0, Max: 0, Diff: 0, Sum: 0, Workers: 15
[43,858s][debug][gc,phases         ] GC(42)       Merged Howl Full               Min: 0, Avg:  0,0, Max: 0, Diff: 0, Sum: 0, Workers: 15
[43,858s][debug][gc,phases         ] GC(42)       Merged Cards                   Min: 8, Avg:  8,0, Max: 8, Diff: 0, Sum: 120, Workers: 15
[43,858s][debug][gc,phases         ] GC(42)     Log Buffers (ms):              Min: 0,01, Avg: 0,02, Max: 0,04, Diff: 0,04, Sum: 0,31, Workers: 15
[43,858s][debug][gc,phases         ] GC(42)       Dirty Cards:                   Min: 4, Avg: 230,8, Max: 790, Diff: 786, Sum: 3462, Workers: 15
[43,859s][debug][gc,phases         ] GC(42)       Skipped Cards:                 Min: 0, Avg:  0,0, Max: 0, Diff: 0, Sum: 0, Workers: 15
[43,859s][info ][gc,phases         ] GC(42)   Evacuate Collection Set: 68,95ms
[43,859s][debug][gc,phases         ] GC(42)     Ext Root Scanning (ms):        Min: 0,01, Avg: 0,07, Max: 0,35, Diff: 0,34, Sum: 1,08, Workers: 15
[43,859s][debug][gc,phases         ] GC(42)     Scan Heap Roots (ms):          Min: 0,01, Avg: 0,28, Max: 0,50, Diff: 0,49, Sum: 4,19, Workers: 15
[43,859s][debug][gc,phases         ] GC(42)       Scanned Cards:                 Min: 6, Avg: 229,6, Max: 417, Diff: 411, Sum: 3444, Workers: 15
[43,859s][debug][gc,phases         ] GC(42)       Scanned Blocks:                Min: 4, Avg: 177,8, Max: 356, Diff: 352, Sum: 2667, Workers: 15
[43,859s][debug][gc,phases         ] GC(42)       Claimed Chunks:                Min: 4, Avg: 146,3, Max: 271, Diff: 267, Sum: 2194, Workers: 15
[43,859s][debug][gc,phases         ] GC(42)       Found Roots:                   Min: 16, Avg: 364,0, Max: 720, Diff: 704, Sum: 5460, Workers: 15
[43,859s][debug][gc,phases         ] GC(42)     Code Root Scan (ms):           Min: 0,03, Avg: 0,03, Max: 0,06, Diff: 0,03, Sum: 0,51, Workers: 15
[43,859s][debug][gc,phases         ] GC(42)       Scanned Nmethods               Min: 0, Avg:  0,0, Max: 0, Diff: 0, Sum: 0, Workers: 15
[43,859s][debug][gc,phases         ] GC(42)     Object Copy (ms):              Min: 68,08, Avg: 68,27, Max: 68,45, Diff: 0,37, Sum: 1024,08, Workers: 15
[43,859s][debug][gc,phases         ] GC(42)     Termination (ms):              Min: 0,05, Avg: 0,06, Max: 0,09, Diff: 0,04, Sum: 0,85, Workers: 15
[43,859s][debug][gc,phases         ] GC(42)       Termination Attempts:          Min: 1, Avg:  1,0, Max: 1, Diff: 0, Sum: 15, Workers: 15
[43,859s][debug][gc,phases         ] GC(42)     GC Worker Other (ms):          Min: 0,04, Avg: 0,05, Max: 0,06, Diff: 0,02, Sum: 0,74, Workers: 15
[43,859s][debug][gc,phases         ] GC(42)     GC Worker Total (ms):          Min: 68,72, Avg: 68,76, Max: 68,86, Diff: 0,14, Sum: 1031,45, Workers: 15
[43,859s][info ][gc,phases         ] GC(42)   Post Evacuate Collection Set: 2,23ms
[43,859s][debug][gc,phases         ] GC(42)     NMethod List Cleanup: 0,02ms
[43,859s][debug][gc,phases         ] GC(42)     Reference Processing: 1,47ms
[43,859s][debug][gc,phases,ref     ] GC(42)       Notify Soft/WeakReferences: 0,5ms
[43,859s][debug][gc,phases,ref     ] GC(42)         Balance queues: 0,0ms
[43,859s][debug][gc,phases,ref     ] GC(42)         SoftRef (ms):                  Min: 0,00, Avg: 0,00, Max: 0,00, Diff: 0,00, Sum: 0,00, Workers: 3
[43,859s][debug][gc,phases,ref     ] GC(42)         WeakRef (ms):                  Min: 0,00, Avg: 0,00, Max: 0,00, Diff: 0,00, Sum: 0,00, Workers: 3
[43,859s][debug][gc,phases,ref     ] GC(42)         FinalRef (ms):                 Min: 0,06, Avg: 0,10, Max: 0,13, Diff: 0,07, Sum: 0,31, Workers: 3
[43,859s][debug][gc,phases,ref     ] GC(42)         Total (ms):                    Min: 0,14, Avg: 0,18, Max: 0,22, Diff: 0,09, Sum: 0,55, Workers: 3
[43,859s][debug][gc,phases,ref     ] GC(42)       Notify and keep alive finalizable: 0,8ms
[43,859s][debug][gc,phases,ref     ] GC(42)         Balance queues: 0,0ms
[43,859s][debug][gc,phases,ref     ] GC(42)         FinalRef (ms):                 Min: 0,38, Avg: 0,50, Max: 0,61, Diff: 0,24, Sum: 7,44, Workers: 15
[43,859s][debug][gc,phases,ref     ] GC(42)       Notify PhantomReferences: 0,1ms
[43,859s][debug][gc,phases,ref     ] GC(42)         PhantomRef (ms):               Min: 0,01, Avg: 0,01, Max: 0,01, Diff: 0,00, Sum: 0,01, Workers: 1
[43,859s][debug][gc,phases,ref     ] GC(42)       SoftReference Discovered: 0, Dropped: 0, Processed: 0
[43,859s][debug][gc,phases,ref     ] GC(42)       WeakReference Discovered: 0, Dropped: 0, Processed: 0
[43,859s][debug][gc,phases,ref     ] GC(42)       FinalReference Discovered: 2656, Dropped: 6, Processed: 2650
[43,859s][debug][gc,phases,ref     ] GC(42)       PhantomReference Discovered: 43, Dropped: 2, Processed: 41
[43,859s][debug][gc,phases         ] GC(42)     Weak Processing: 0,21ms
[43,859s][debug][gc,phases         ] GC(42)       VM Weak                        Min: 0,00, Avg: 0,00, Max: 0,00, Diff: 0,00, Sum: 0,02, Workers: 15
[43,859s][debug][gc,phases         ] GC(42)         Dead                           Min: 0, Avg:  0,0, Max: 0, Diff: 0, Sum: 0, Workers: 15
[43,859s][debug][gc,phases         ] GC(42)         Total                          Min: 0, Avg: 11,0, Max: 165, Diff: 165, Sum: 165, Workers: 15
[43,859s][debug][gc,phases         ] GC(42)       ObjectSynchronizer Weak        Min: 0,00, Avg: 0,00, Max: 0,00, Diff: 0,00, Sum: 0,01, Workers: 15
[43,859s][debug][gc,phases         ] GC(42)         Dead                           Min: 0, Avg:  0,0, Max: 0, Diff: 0, Sum: 0, Workers: 15
[43,859s][debug][gc,phases         ] GC(42)         Total                          Min: 0, Avg:  2,2, Max: 33, Diff: 33, Sum: 33, Workers: 15
[43,859s][debug][gc,phases         ] GC(42)       JVMTI Tag Weak OopStorage      Min: 0,00, Avg: 0,00, Max: 0,00, Diff: 0,00, Sum: 0,00, Workers: 15
[43,859s][debug][gc,phases         ] GC(42)         Dead                           Min: 0, Avg:  0,0, Max: 0, Diff: 0, Sum: 0, Workers: 15
[43,859s][debug][gc,phases         ] GC(42)         Total                          Min: 0, Avg:  0,0, Max: 0, Diff: 0, Sum: 0, Workers: 15
[43,859s][debug][gc,phases         ] GC(42)       StringTable Weak               Min: 0,00, Avg: 0,00, Max: 0,06, Diff: 0,06, Sum: 0,07, Workers: 15
[43,859s][debug][gc,phases         ] GC(42)         Dead                           Min: 0, Avg:  0,0, Max: 0, Diff: 0, Sum: 0, Workers: 15
[43,859s][debug][gc,phases         ] GC(42)         Total                          Min: 0, Avg: 566,1, Max: 8492, Diff: 8492, Sum: 8492, Workers: 15
[43,859s][debug][gc,phases         ] GC(42)       ResolvedMethodTable Weak       Min: 0,00, Avg: 0,00, Max: 0,01, Diff: 0,01, Sum: 0,05, Workers: 15
[43,859s][debug][gc,phases         ] GC(42)         Dead                           Min: 0, Avg:  0,0, Max: 0, Diff: 0, Sum: 0, Workers: 15
[43,859s][debug][gc,phases         ] GC(42)         Total                          Min: 0, Avg: 113,1, Max: 953, Diff: 953, Sum: 1697, Workers: 15
[43,859s][debug][gc,phases         ] GC(42)       JNI Weak                       Min: 0,00, Avg: 0,00, Max: 0,00, Diff: 0,00, Sum: 0,01, Workers: 15
[43,859s][debug][gc,phases         ] GC(42)         Dead                           Min: 0, Avg:  0,0, Max: 0, Diff: 0, Sum: 0, Workers: 15
[43,859s][debug][gc,phases         ] GC(42)         Total                          Min: 0, Avg:  0,0, Max: 0, Diff: 0, Sum: 0, Workers: 15
[43,859s][debug][gc,phases         ] GC(42)       StringDedup Table Weak         Min: 0,00, Avg: 0,01, Max: 0,02, Diff: 0,02, Sum: 0,17, Workers: 15
[43,859s][debug][gc,phases         ] GC(42)         Dead                           Min: 0, Avg:  0,0, Max: 0, Diff: 0, Sum: 0, Workers: 15
[43,859s][debug][gc,phases         ] GC(42)         Total                          Min: 0, Avg: 875,7, Max: 3200, Diff: 3200, Sum: 13136, Workers: 15
[43,859s][debug][gc,phases         ] GC(42)       StringDedup Requests0 Weak     Min: 0,00, Avg: 0,00, Max: 0,00, Diff: 0,00, Sum: 0,02, Workers: 15
[43,859s][debug][gc,phases         ] GC(42)         Dead                           Min: 0, Avg:  0,0, Max: 0, Diff: 0, Sum: 0, Workers: 15
[43,859s][debug][gc,phases         ] GC(42)         Total                          Min: 0, Avg: 12,8, Max: 64, Diff: 64, Sum: 192, Workers: 15
[43,859s][debug][gc,phases         ] GC(42)       StringDedup Requests1 Weak     Min: 0,00, Avg: 0,00, Max: 0,00, Diff: 0,00, Sum: 0,01, Workers: 15
[43,859s][debug][gc,phases         ] GC(42)         Dead                           Min: 0, Avg:  0,0, Max: 0, Diff: 0, Sum: 0, Workers: 15
[43,859s][debug][gc,phases         ] GC(42)         Total                          Min: 0, Avg:  0,0, Max: 0, Diff: 0, Sum: 0, Workers: 15
[43,859s][debug][gc,phases         ] GC(42)       Weak JFR Old Object Samples    Min: 0,00, Avg: 0,00, Max: 0,00, Diff: 0,00, Sum: 0,01, Workers: 15
[43,859s][debug][gc,phases         ] GC(42)         Dead                           Min: 0, Avg:  0,0, Max: 0, Diff: 0, Sum: 0, Workers: 15
[43,859s][debug][gc,phases         ] GC(42)         Total                          Min: 0, Avg:  0,0, Max: 0, Diff: 0, Sum: 0, Workers: 15
[43,859s][debug][gc,phases         ] GC(42)     Post Evacuate Cleanup 1: 0,25ms
[43,859s][debug][gc,phases         ] GC(42)       Merge Per-Thread State (ms):   Min: 0,04, Avg: 0,04, Max: 0,04, Diff: 0,00, Sum: 0,04, Workers: 1
[43,859s][debug][gc,phases         ] GC(42)         Copied Bytes                   Min: 35839616, Avg: 50474230,9, Max: 60643112, Diff: 24803496, Sum: 757113464, Workers: 15
[43,859s][debug][gc,phases         ] GC(42)         LAB Waste                      Min: 3976, Avg: 7265,6, Max: 11328, Diff: 7352, Sum: 108984, Workers: 15
[43,859s][debug][gc,phases         ] GC(42)         LAB Undo Waste                 Min: 0, Avg:  0,0, Max: 0, Diff: 0, Sum: 0, Workers: 15
[43,859s][debug][gc,phases         ] GC(42)         Evac Fail Extra Cards          Min: 0, Avg:  0,2, Max: 2, Diff: 2, Sum: 3, Workers: 15
[43,859s][debug][gc,phases         ] GC(42)       Clear Logged Cards (ms):       Min: 0,00, Avg: 0,03, Max: 0,14, Diff: 0,14, Sum: 0,52, Workers: 15
[43,859s][debug][gc,phases         ] GC(42)       Recalculate Used Memory (ms):  Min: 0,02, Avg: 0,02, Max: 0,02, Diff: 0,00, Sum: 0,02, Workers: 1
[43,859s][debug][gc,phases         ] GC(42)       Restore Evacuation Failed Regions (ms): Min: 0,00, Avg: 0,05, Max: 0,08, Diff: 0,08, Sum: 0,82, Workers: 15
[43,859s][debug][gc,phases         ] GC(42)         Evacuation Failed Regions:     Min: 1, Avg:  1,5, Max: 2, Diff: 1, Sum: 3, Workers: 2
[43,859s][debug][gc,phases         ] GC(42)         Pinned Regions:                Min: 1, Avg:  1,5, Max: 2, Diff: 1, Sum: 3, Workers: 2
[43,859s][debug][gc,phases         ] GC(42)         Allocation Failed Regions:     skipped
[43,859s][debug][gc,phases         ] GC(42)         Remove Self Forwards (ms):     Min: 0,00, Avg: 0,03, Max: 0,05, Diff: 0,05, Sum: 0,45, Workers: 13
[43,859s][debug][gc,phases         ] GC(42)           Forward Chunks:                Min: 1, Avg:  2,8, Max: 6, Diff: 5, Sum: 28, Workers: 10
[43,859s][debug][gc,phases         ] GC(42)           Empty Forward Chunks:          Min: 5, Avg: 27,4, Max: 52, Diff: 47, Sum: 356, Workers: 13
[43,859s][debug][gc,phases         ] GC(42)           Forward Objects:               Min: 1, Avg:  3,1, Max: 7, Diff: 6, Sum: 31, Workers: 10
[43,859s][debug][gc,phases         ] GC(42)           Forward Bytes:                 Min: 48, Avg: 102120,8, Max: 228248, Diff: 228200, Sum: 1021208, Workers: 10
[43,859s][debug][gc,phases         ] GC(42)     Post Evacuate Cleanup 2: 0,15ms
[43,859s][debug][gc,phases         ] GC(42)       Recalculate Used Memory (ms):  Min: 0,02, Avg: 0,02, Max: 0,02, Diff: 0,00, Sum: 0,02, Workers: 1
[43,859s][debug][gc,phases         ] GC(42)       Restore Preserved Marks (ms):  Min: 0,00, Avg: 0,00, Max: 0,00, Diff: 0,00, Sum: 0,01, Workers: 15
[43,859s][debug][gc,phases         ] GC(42)       Process Evacuation Failed Regions (ms): Min: 0,00, Avg: 0,00, Max: 0,01, Diff: 0,01, Sum: 0,02, Workers: 15
[43,859s][debug][gc,phases         ] GC(42)       Update Derived Pointers (ms):  Min: 0,00, Avg: 0,00, Max: 0,00, Diff: 0,00, Sum: 0,00, Workers: 1
[43,859s][debug][gc,phases         ] GC(42)       Eagerly Reclaim Humongous Objects (ms): skipped
[43,859s][debug][gc,phases         ] GC(42)         Humongous Total                skipped
[43,859s][debug][gc,phases         ] GC(42)         Humongous Candidates           skipped
[43,859s][debug][gc,phases         ] GC(42)         Humongous Reclaimed            skipped
[43,859s][debug][gc,phases         ] GC(42)       Sample CSet Candidates (ms):   skipped
[43,859s][debug][gc,phases         ] GC(42)       Redirty Logged Cards (ms):     Min: 0,00, Avg: 0,00, Max: 0,01, Diff: 0,01, Sum: 0,04, Workers: 15
[43,859s][debug][gc,phases         ] GC(42)         Redirtied Cards:               Min: 0, Avg: 110,3, Max: 669, Diff: 669, Sum: 1655, Workers: 15
[43,859s][debug][gc,phases         ] GC(42)       Resize TLABs (ms):             Min: 0,00, Avg: 0,00, Max: 0,00, Diff: 0,00, Sum: 0,01, Workers: 15
[43,859s][debug][gc,phases         ] GC(42)       Free Collection Set (ms):      Min: 0,04, Avg: 0,06, Max: 0,09, Diff: 0,05, Sum: 0,92, Workers: 15
[43,859s][debug][gc,phases         ] GC(42)     Rebuild Free List: 0,04ms
[43,860s][debug][gc,phases         ] GC(42)     Prepare For Mutator: 0,08ms
[43,860s][debug][gc,phases         ] GC(42)     Expand Heap After Collection: 0,00ms
[43,860s][info ][gc,phases         ] GC(42)   Other: 0,27ms
[43,860s][debug][gc,remset         ] GC(42) Coarsening (recent): Inline->AoC 0 (0) AoC->Howl 0 (0) Howl->Full 0 (0) Inline->AoC 0 (0) AoC->BitMap 0 (0) BitMap->Full 0 (0) 
[43,860s][debug][gc,remset         ] GC(42) Coarsening (all): Inline->AoC 4063 (0) AoC->Howl 1789 (0) Howl->Full 560 (0) Inline->AoC 11280 (0) AoC->BitMap 10906 (0) BitMap->Full 2402 (0) 
[43,860s][info ][gc,heap           ] GC(42) Eden regions: 477->0(342)
[43,860s][info ][gc,heap           ] GC(42) Survivor regions: 72->69(69)
[43,860s][info ][gc,heap           ] GC(42) Old regions: 444->562
[43,860s][info ][gc,heap           ] GC(42) Humongous regions: 0->0
[43,860s][info ][gc,metaspace      ] GC(42) Metaspace: 20735K(21056K)->20735K(21056K) NonClass: 18123K(18304K)->18123K(18304K) Class: 2611K(2752K)->2611K(2752K)
[43,860s][debug][gc,heap           ] GC(42) Heap after GC invocations=43 (full 0):
[43,860s][debug][gc,heap           ] GC(42)  garbage-first heap   total reserved 8388608K, committed 5242880K, used 2581537K [0x0000000600000000, 0x0000000800000000)
[43,860s][debug][gc,heap           ] GC(42)   region size 4096K, 69 young (282624K), 69 survivors (282624K)
[43,860s][debug][gc,heap           ] GC(42)  Metaspace       used 20735K, committed 21056K, reserved 1114112K
[43,860s][debug][gc,heap           ] GC(42)   class space    used 2611K, committed 2752K, reserved 1048576K
[43,860s][info ][gc                ] GC(42) Pause Young (Concurrent Start) (G1 Evacuation Pause) (Evacuation Failure: Pinned) 3967M->2521M(5120M) 73,735ms
[43,860s][info ][gc,cpu            ] GC(42) User=1,04s Sys=0,00s Real=0,07s
[43,860s][info ][gc                ] GC(43) Concurrent Mark Cycle
[43,860s][info ][gc,marking        ] GC(43) Concurrent Scan Root Regions
[43,860s][debug][gc,ergo           ] GC(43) Running G1 Root Region Scan using 4 workers for 188 work units.
[43,860s][debug][gc,task           ] G1 Service Thread (Card Set Free Memory Task) (run: 1,709ms) (cpu: 0,167ms)
[43,860s][debug][gc,refine         ] Concurrent refinement: wanted 0, cards: 1655, predicted: 3314, time: 747,75ms
[43,918s][info ][gc,marking        ] GC(43) Concurrent Scan Root Regions 58,134ms
[43,918s][info ][gc,marking        ] GC(43) Concurrent Mark
[43,918s][info ][gc,marking        ] GC(43) Concurrent Mark From Roots
[43,918s][info ][gc,task           ] GC(43) Using 4 workers of 4 for marking
[43,963s][debug][gc,stats          ] ---------------------------------------------------------------------
[43,963s][debug][gc,stats          ] Marking Stats, task = 0, calls = 6
[43,963s][debug][gc,stats          ]   Elapsed time = 44,87ms, Termination time = 0,18ms
[43,963s][debug][gc,stats          ]   Step Times (cum): num = 141, avg = 2,81ms, sd = 4,30ms max = 12,00ms, total = 396,74ms
[43,963s][debug][gc,stats          ]   Mark Stats Cache: hits 927036 misses 1 ratio 100,000
[43,963s][debug][gc,stats          ] ---------------------------------------------------------------------
[43,963s][debug][gc,stats          ] Marking Stats, task = 1, calls = 5
[43,963s][debug][gc,stats          ]   Elapsed time = 44,83ms, Termination time = 0,02ms
[43,963s][debug][gc,stats          ]   Step Times (cum): num = 60, avg = 6,56ms, sd = 4,37ms max = 12,00ms, total = 393,78ms
[43,963s][debug][gc,stats          ]   Mark Stats Cache: hits 752719 misses 1 ratio 100,000
[43,963s][debug][gc,stats          ] ---------------------------------------------------------------------
[43,963s][debug][gc,stats          ] Marking Stats, task = 2, calls = 5
[43,963s][debug][gc,stats          ]   Elapsed time = 44,82ms, Termination time = 0,01ms
[43,963s][debug][gc,stats          ]   Step Times (cum): num = 60, avg = 6,59ms, sd = 4,38ms max = 12,00ms, total = 395,31ms
[43,963s][debug][gc,stats          ]   Mark Stats Cache: hits 959730 misses 1 ratio 100,000
[43,963s][debug][gc,stats          ] ---------------------------------------------------------------------
[43,963s][debug][gc,stats          ] Marking Stats, task = 3, calls = 6
[43,963s][debug][gc,stats          ]   Elapsed time = 44,78ms, Termination time = 0,18ms
[43,963s][debug][gc,stats          ]   Step Times (cum): num = 62, avg = 6,41ms, sd = 4,42ms max = 12,01ms, total = 397,33ms
[43,963s][debug][gc,stats          ]   Mark Stats Cache: hits 915918 misses 1 ratio 100,000
[43,963s][debug][gc,stats          ] ---------------------------------------------------------------------
[43,963s][info ][gc,marking        ] GC(43) Concurrent Mark From Roots 45,303ms
[43,963s][info ][gc,marking        ] GC(43) Concurrent Preclean
[43,963s][debug][gc,ref,start      ] GC(43) Preclean SoftReferences
[43,963s][debug][gc,ref            ] GC(43) Preclean SoftReferences 0,017ms
[43,963s][debug][gc,ref,start      ] GC(43) Preclean WeakReferences
[43,964s][debug][gc,ref            ] GC(43) Preclean WeakReferences 0,047ms
[43,964s][debug][gc,ref,start      ] GC(43) Preclean FinalReferences
[43,964s][debug][gc,ref            ] GC(43) Preclean FinalReferences 0,016ms
[43,964s][debug][gc,ref,start      ] GC(43) Preclean PhantomReferences
[43,964s][debug][gc,ref            ] GC(43) Preclean PhantomReferences 0,049ms
[43,964s][info ][gc,marking        ] GC(43) Concurrent Preclean 0,207ms
[43,964s][info ][gc,start          ] GC(43) Pause Remark
[43,964s][debug][gc,phases,start   ] GC(43) Finalize Marking
[43,965s][debug][gc,stats          ] ---------------------------------------------------------------------
[43,965s][debug][gc,stats          ] Marking Stats, task = 0, calls = 7
[43,965s][debug][gc,stats          ]   Elapsed time = 0,73ms, Termination time = 0,88ms
[43,965s][debug][gc,stats          ]   Step Times (cum): num = 142, avg = 2,79ms, sd = 4,29ms max = 12,00ms, total = 396,81ms
[43,965s][debug][gc,stats          ]   Mark Stats Cache: hits 927036 misses 1 ratio 100,000
[43,965s][debug][gc,stats          ] ---------------------------------------------------------------------
[43,965s][debug][gc,stats          ] Marking Stats, task = 1, calls = 6
[43,965s][debug][gc,stats          ]   Elapsed time = 0,26ms, Termination time = 0,24ms
[43,965s][debug][gc,stats          ]   Step Times (cum): num = 61, avg = 6,46ms, sd = 4,41ms max = 12,00ms, total = 393,82ms
[43,965s][debug][gc,stats          ]   Mark Stats Cache: hits 752719 misses 1 ratio 100,000
[43,965s][debug][gc,stats          ] ---------------------------------------------------------------------
[43,965s][debug][gc,stats          ] Marking Stats, task = 2, calls = 6
[43,965s][debug][gc,stats          ]   Elapsed time = 0,20ms, Termination time = 0,19ms
[43,965s][debug][gc,stats          ]   Step Times (cum): num = 61, avg = 6,48ms, sd = 4,42ms max = 12,00ms, total = 395,34ms
[43,965s][debug][gc,stats          ]   Mark Stats Cache: hits 959730 misses 1 ratio 100,000
[43,965s][debug][gc,stats          ] ---------------------------------------------------------------------
[43,965s][debug][gc,stats          ] Marking Stats, task = 3, calls = 7
[43,965s][debug][gc,stats          ]   Elapsed time = 0,17ms, Termination time = 0,35ms
[43,965s][debug][gc,stats          ]   Step Times (cum): num = 63, avg = 6,31ms, sd = 4,46ms max = 12,01ms, total = 397,35ms
[43,965s][debug][gc,stats          ]   Mark Stats Cache: hits 915918 misses 1 ratio 100,000
[43,965s][debug][gc,stats          ] ---------------------------------------------------------------------
[43,965s][debug][gc,stats          ] Marking Stats, task = 4, calls = 1
[43,965s][debug][gc,stats          ]   Elapsed time = 0,11ms, Termination time = 0,10ms
[43,965s][debug][gc,stats          ]   Step Times (cum): num = 9, avg = 0,03ms, sd = 0,01ms max = 0,05ms, total = 0,30ms
[43,965s][debug][gc,stats          ]   Mark Stats Cache: hits 65 misses 1 ratio 98,485
[43,965s][debug][gc,stats          ] ---------------------------------------------------------------------
[43,965s][debug][gc,stats          ] Marking Stats, task = 5, calls = 1
[43,965s][debug][gc,stats          ]   Elapsed time = 0,10ms, Termination time = 0,09ms
[43,965s][debug][gc,stats          ]   Step Times (cum): num = 9, avg = 0,03ms, sd = 0,02ms max = 0,08ms, total = 0,29ms
[43,965s][debug][gc,stats          ]   Mark Stats Cache: hits 1 misses 0 ratio 100,000
[43,965s][debug][gc,stats          ] ---------------------------------------------------------------------
[43,965s][debug][gc,stats          ] Marking Stats, task = 6, calls = 1
[43,965s][debug][gc,stats          ]   Elapsed time = 0,11ms, Termination time = 0,10ms
[43,965s][debug][gc,stats          ]   Step Times (cum): num = 9, avg = 0,04ms, sd = 0,02ms max = 0,10ms, total = 0,34ms
[43,965s][debug][gc,stats          ]   Mark Stats Cache: hits 4 misses 0 ratio 100,000
[43,965s][debug][gc,stats          ] ---------------------------------------------------------------------
[43,965s][debug][gc,stats          ] Marking Stats, task = 7, calls = 1
[43,965s][debug][gc,stats          ]   Elapsed time = 0,10ms, Termination time = 0,09ms
[43,965s][debug][gc,stats          ]   Step Times (cum): num = 9, avg = 0,04ms, sd = 0,02ms max = 0,08ms, total = 0,37ms
[43,965s][debug][gc,stats          ]   Mark Stats Cache: hits 1 misses 0 ratio 100,000
[43,965s][debug][gc,stats          ] ---------------------------------------------------------------------
[43,965s][debug][gc,stats          ] Marking Stats, task = 8, calls = 1
[43,965s][debug][gc,stats          ]   Elapsed time = 0,05ms, Termination time = 0,04ms
[43,965s][debug][gc,stats          ]   Step Times (cum): num = 9, avg = 0,04ms, sd = 0,01ms max = 0,06ms, total = 0,37ms
[43,965s][debug][gc,stats          ]   Mark Stats Cache: hits 3 misses 0 ratio 100,000
[43,965s][debug][gc,stats          ] ---------------------------------------------------------------------
[43,965s][debug][gc,stats          ] Marking Stats, task = 9, calls = 1
[43,965s][debug][gc,stats          ]   Elapsed time = 0,05ms, Termination time = 0,04ms
[43,965s][debug][gc,stats          ]   Step Times (cum): num = 9, avg = 0,04ms, sd = 0,01ms max = 0,05ms, total = 0,37ms
[43,965s][debug][gc,stats          ]   Mark Stats Cache: hits 4 misses 0 ratio 100,000
[43,965s][debug][gc,stats          ] ---------------------------------------------------------------------
[43,965s][debug][gc,stats          ] Marking Stats, task = 10, calls = 1
[43,965s][debug][gc,stats          ]   Elapsed time = 0,06ms, Termination time = 0,06ms
[43,965s][debug][gc,stats          ]   Step Times (cum): num = 9, avg = 0,04ms, sd = 0,01ms max = 0,06ms, total = 0,40ms
[43,965s][debug][gc,stats          ]   Mark Stats Cache: hits 2 misses 0 ratio 100,000
[43,965s][debug][gc,stats          ] ---------------------------------------------------------------------
[43,965s][debug][gc,stats          ] Marking Stats, task = 11, calls = 1
[43,965s][debug][gc,stats          ]   Elapsed time = 0,03ms, Termination time = 0,02ms
[43,965s][debug][gc,stats          ]   Step Times (cum): num = 9, avg = 0,05ms, sd = 0,01ms max = 0,06ms, total = 0,44ms
[43,965s][debug][gc,stats          ]   Mark Stats Cache: hits 24 misses 1 ratio 96,000
[43,965s][debug][gc,stats          ] ---------------------------------------------------------------------
[43,965s][debug][gc,stats          ] Marking Stats, task = 12, calls = 1
[43,965s][debug][gc,stats          ]   Elapsed time = 0,04ms, Termination time = 0,03ms
[43,966s][debug][gc,stats          ]   Step Times (cum): num = 9, avg = 0,04ms, sd = 0,02ms max = 0,06ms, total = 0,35ms
[43,966s][debug][gc,stats          ]   Mark Stats Cache: hits 2 misses 0 ratio 100,000
[43,966s][debug][gc,stats          ] ---------------------------------------------------------------------
[43,966s][debug][gc,stats          ] Marking Stats, task = 13, calls = 1
[43,966s][debug][gc,stats          ]   Elapsed time = 0,03ms, Termination time = 0,02ms
[43,966s][debug][gc,stats          ]   Step Times (cum): num = 9, avg = 0,02ms, sd = 0,03ms max = 0,06ms, total = 0,21ms
[43,966s][debug][gc,stats          ]   Mark Stats Cache: hits 2 misses 0 ratio 100,000
[43,966s][debug][gc,stats          ] ---------------------------------------------------------------------
[43,966s][debug][gc,stats          ] Marking Stats, task = 14, calls = 1
[43,966s][debug][gc,stats          ]   Elapsed time = 0,03ms, Termination time = 0,01ms
[43,966s][debug][gc,stats          ]   Step Times (cum): num = 9, avg = 0,04ms, sd = 0,02ms max = 0,06ms, total = 0,32ms
[43,966s][debug][gc,stats          ]   Mark Stats Cache: hits 7 misses 0 ratio 100,000
[43,966s][debug][gc,stats          ] ---------------------------------------------------------------------
[43,966s][debug][gc,phases         ] GC(43) Finalize Marking 1,882ms
[43,966s][debug][gc,phases,start   ] GC(43) Reference Processing
[43,966s][debug][gc,ref            ] GC(43) ReferenceProcessor::execute queues: 1, RefProcThreadModel::Single, marks_oops_alive: false
[43,966s][debug][gc,ref            ] GC(43) ReferenceProcessor::execute queues: 15, RefProcThreadModel::Multi, marks_oops_alive: true
[43,966s][debug][gc,ref            ] GC(43) Skipped PhantomRefsPhase of Reference Processing: no references
[43,966s][debug][gc,phases,ref     ] GC(43) Reference Processing: 0,3ms
[43,966s][debug][gc,phases,ref     ] GC(43)   Notify Soft/WeakReferences: 0,1ms
[43,966s][debug][gc,phases,ref     ] GC(43)     SoftRef (ms):                  Min: 0,00, Avg: 0,00, Max: 0,00, Diff: 0,00, Sum: 0,00, Workers: 1
[43,966s][debug][gc,phases,ref     ] GC(43)     WeakRef (ms):                  Min: 0,00, Avg: 0,00, Max: 0,00, Diff: 0,00, Sum: 0,00, Workers: 1
[43,966s][debug][gc,phases,ref     ] GC(43)     FinalRef (ms):                 Min: 0,00, Avg: 0,00, Max: 0,00, Diff: 0,00, Sum: 0,00, Workers: 1
[43,966s][debug][gc,phases,ref     ] GC(43)     Total (ms):                    Min: 0,03, Avg: 0,03, Max: 0,03, Diff: 0,00, Sum: 0,03, Workers: 1
[43,966s][debug][gc,phases,ref     ] GC(43)   Notify and keep alive finalizable: 0,3ms
[43,966s][debug][gc,phases,ref     ] GC(43)     Balance queues: 0,0ms
[43,966s][debug][gc,phases,ref     ] GC(43)     FinalRef (ms):                 Min: 0,02, Avg: 0,09, Max: 0,16, Diff: 0,14, Sum: 1,41, Workers: 15
[43,966s][debug][gc,phases,ref     ] GC(43)   Notify PhantomReferences: 0,0ms
[43,966s][debug][gc,phases,ref     ] GC(43)     PhantomRef (ms):               skipped
[43,966s][debug][gc,phases,ref     ] GC(43)   SoftReference Discovered: 0, Dropped: 0, Processed: 0
[43,966s][debug][gc,phases,ref     ] GC(43)   WeakReference Discovered: 0, Dropped: 0, Processed: 0
[43,966s][debug][gc,phases,ref     ] GC(43)   FinalReference Discovered: 4, Dropped: 0, Processed: 4
[43,966s][debug][gc,phases,ref     ] GC(43)   PhantomReference Discovered: 0, Dropped: 0, Processed: 0
[43,966s][debug][gc,phases         ] GC(43) Reference Processing 0,583ms
[43,966s][debug][gc,phases,start   ] GC(43) Weak Processing
[43,966s][debug][gc,phases         ] GC(43)   VM Weak                        Min: 0,00, Avg: 0,00, Max: 0,00, Diff: 0,00, Sum: 0,01, Workers: 15
[43,967s][debug][gc,phases         ] GC(43)     Dead                           Min: 0, Avg:  0,0, Max: 0, Diff: 0, Sum: 0, Workers: 15
[43,967s][debug][gc,phases         ] GC(43)     Total                          Min: 0, Avg: 11,0, Max: 165, Diff: 165, Sum: 165, Workers: 15
[43,967s][debug][gc,phases         ] GC(43)   ObjectSynchronizer Weak        Min: 0,00, Avg: 0,00, Max: 0,00, Diff: 0,00, Sum: 0,01, Workers: 15
[43,967s][debug][gc,phases         ] GC(43)     Dead                           Min: 0, Avg:  0,0, Max: 0, Diff: 0, Sum: 0, Workers: 15
[43,967s][debug][gc,phases         ] GC(43)     Total                          Min: 0, Avg:  2,2, Max: 33, Diff: 33, Sum: 33, Workers: 15
[43,967s][debug][gc,phases         ] GC(43)   JVMTI Tag Weak OopStorage      Min: 0,00, Avg: 0,00, Max: 0,00, Diff: 0,00, Sum: 0,00, Workers: 15
[43,967s][debug][gc,phases         ] GC(43)     Dead                           Min: 0, Avg:  0,0, Max: 0, Diff: 0, Sum: 0, Workers: 15
[43,967s][debug][gc,phases         ] GC(43)     Total                          Min: 0, Avg:  0,0, Max: 0, Diff: 0, Sum: 0, Workers: 15
[43,967s][debug][gc,phases         ] GC(43)   StringTable Weak               Min: 0,00, Avg: 0,01, Max: 0,08, Diff: 0,08, Sum: 0,17, Workers: 15
[43,967s][debug][gc,phases         ] GC(43)     Dead                           Min: 0, Avg:  0,0, Max: 0, Diff: 0, Sum: 0, Workers: 15
[43,967s][debug][gc,phases         ] GC(43)     Total                          Min: 0, Avg: 566,1, Max: 6080, Diff: 6080, Sum: 8492, Workers: 15
[43,967s][debug][gc,phases         ] GC(43)   ResolvedMethodTable Weak       Min: 0,00, Avg: 0,00, Max: 0,01, Diff: 0,01, Sum: 0,04, Workers: 15
[43,967s][debug][gc,phases         ] GC(43)     Dead                           Min: 0, Avg:  0,0, Max: 0, Diff: 0, Sum: 0, Workers: 15
[43,967s][debug][gc,phases         ] GC(43)     Total                          Min: 0, Avg: 113,1, Max: 701, Diff: 701, Sum: 1697, Workers: 15
[43,967s][debug][gc,phases         ] GC(43)   JNI Weak                       Min: 0,00, Avg: 0,00, Max: 0,00, Diff: 0,00, Sum: 0,00, Workers: 15
[43,967s][debug][gc,phases         ] GC(43)     Dead                           Min: 0, Avg:  0,0, Max: 0, Diff: 0, Sum: 0, Workers: 15
[43,967s][debug][gc,phases         ] GC(43)     Total                          Min: 0, Avg:  0,0, Max: 0, Diff: 0, Sum: 0, Workers: 15
[43,967s][debug][gc,phases         ] GC(43)   StringDedup Table Weak         Min: 0,00, Avg: 0,01, Max: 0,02, Diff: 0,02, Sum: 0,18, Workers: 15
[43,967s][debug][gc,phases         ] GC(43)     Dead                           Min: 0, Avg:  0,1, Max: 1, Diff: 1, Sum: 1, Workers: 15
[43,967s][debug][gc,phases         ] GC(43)     Total                          Min: 0, Avg: 875,7, Max: 2368, Diff: 2368, Sum: 13136, Workers: 15
[43,967s][debug][gc,phases         ] GC(43)   StringDedup Requests0 Weak     Min: 0,00, Avg: 0,00, Max: 0,00, Diff: 0,00, Sum: 0,01, Workers: 15
[43,967s][debug][gc,phases         ] GC(43)     Dead                           Min: 0, Avg:  0,0, Max: 0, Diff: 0, Sum: 0, Workers: 15
[43,967s][debug][gc,phases         ] GC(43)     Total                          Min: 0, Avg:  0,0, Max: 0, Diff: 0, Sum: 0, Workers: 15
[43,967s][debug][gc,phases         ] GC(43)   StringDedup Requests1 Weak     Min: 0,00, Avg: 0,00, Max: 0,00, Diff: 0,00, Sum: 0,01, Workers: 15
[43,967s][debug][gc,phases         ] GC(43)     Dead                           Min: 0, Avg:  0,0, Max: 0, Diff: 0, Sum: 0, Workers: 15
[43,967s][debug][gc,phases         ] GC(43)     Total                          Min: 0, Avg:  0,0, Max: 0, Diff: 0, Sum: 0, Workers: 15
[43,967s][debug][gc,phases         ] GC(43)   Weak JFR Old Object Samples    Min: 0,00, Avg: 0,00, Max: 0,00, Diff: 0,00, Sum: 0,00, Workers: 15
[43,967s][debug][gc,phases         ] GC(43)     Dead                           Min: 0, Avg:  0,0, Max: 0, Diff: 0, Sum: 0, Workers: 15
[43,967s][debug][gc,phases         ] GC(43)     Total                          Min: 0, Avg:  0,0, Max: 0, Diff: 0, Sum: 0, Workers: 15
[43,967s][debug][gc,phases         ] GC(43) Weak Processing 0,681ms
[43,967s][debug][gc,phases,start   ] GC(43) Class Unloading
[43,967s][debug][gc,phases,start   ] GC(43) ClassLoaderData
[43,967s][debug][gc,phases         ] GC(43) ClassLoaderData 0,038ms
[43,967s][debug][gc,phases,start   ] GC(43) Trigger cleanups
[43,967s][debug][gc,phases         ] GC(43) Trigger cleanups 0,014ms
[43,967s][debug][gc,phases,start   ] GC(43) G1 Complete Cleaning
[43,968s][debug][gc,phases         ] GC(43) G1 Complete Cleaning 0,732ms
[43,968s][debug][gc,phases,start   ] GC(43) Purge Unlinked NMethods
[43,968s][debug][gc,phases         ] GC(43) Purge Unlinked NMethods 0,112ms
[43,968s][debug][gc,phases,start   ] GC(43) Free Code Blobs
[43,968s][debug][gc,phases         ] GC(43) Free Code Blobs 0,027ms
[43,968s][debug][gc,phases,start   ] GC(43) Purge Class Loader Data
[43,968s][debug][gc,phases         ] GC(43) Purge Class Loader Data 0,011ms
[43,968s][debug][gc,phases         ] GC(43) Class Unloading 1,069ms
[43,968s][debug][gc,phases,start   ] GC(43) Flush Task Caches
[43,968s][debug][gc,stats          ] Mark stats cache hits 3555522 misses 6 ratio 100,000
[43,968s][debug][gc,phases         ] GC(43) Flush Task Caches 0,050ms
[43,968s][debug][gc,phases,start   ] GC(43) Update Remembered Set Tracking Before Rebuild
[43,968s][debug][gc,ergo           ] GC(43) Running G1 Update RemSet Tracking Before Rebuild using 4 workers for 1280 regions in heap
[43,968s][debug][gc,remset,tracking] GC(43) Remembered Set Tracking update regions total 1280, selected 136
[43,968s][debug][gc,phases         ] GC(43) Update Remembered Set Tracking Before Rebuild 0,276ms
[43,968s][debug][gc,phases,start   ] GC(43) Reclaim Empty Regions
[43,969s][debug][gc                ] GC(43) Reclaimed 279 empty regions
[43,969s][debug][gc,phases         ] GC(43) Reclaim Empty Regions 0,703ms
[43,969s][debug][gc,phases,start   ] GC(43) Report Object Count
[43,969s][debug][gc,phases         ] GC(43) Report Object Count 0,010ms
[43,969s][debug][gc,mmu            ] GC(43) MMU: 77,5ms (200,0ms/201,0ms)
[43,969s][info ][gc                ] GC(43) Pause Remark 2707M->1591M(5120M) 5,436ms
[43,969s][info ][gc,cpu            ] GC(43) User=0,01s Sys=0,00s Real=0,01s
[43,969s][info ][gc,marking        ] GC(43) Concurrent Mark 51,211ms
[43,969s][info ][gc,marking        ] GC(43) Concurrent Rebuild Remembered Sets and Scrub Regions
[43,969s][debug][gc,refine         ] Concurrent refinement: wanted 0, cards: 1655, predicted: 3108, time: 655,23ms
[44,072s][debug][gc,refine         ] Concurrent refinement: wanted 0, cards: 2423, predicted: 3854, time: 645,22ms
[44,173s][debug][gc,refine         ] Concurrent refinement: wanted 0, cards: 2935, predicted: 4317, time: 622,97ms
[44,245s][info ][gc,marking        ] GC(43) Concurrent Rebuild Remembered Sets and Scrub Regions 275,281ms
[44,245s][info ][gc,start          ] GC(43) Pause Cleanup
[44,245s][debug][gc,phases,start   ] GC(43) Update Remembered Set Tracking After Rebuild
[44,245s][debug][gc,phases         ] GC(43) Update Remembered Set Tracking After Rebuild 0,051ms
[44,245s][debug][gc,phases,start   ] GC(43) Finalize Concurrent Mark Cleanup
[44,245s][debug][gc,ergo,cset      ] GC(43) Pruned 77 regions out of 136, leaving 265449560 bytes waste (allowed 268435456)
[44,245s][debug][gc,mmu            ] GC(43) MMU: 0,3ms (200,0ms/201,0ms)
[44,245s][debug][gc,phases         ] GC(43) Finalize Concurrent Mark Cleanup 0,281ms
[44,245s][info ][gc                ] GC(43) Pause Cleanup 1687M->1687M(5120M) 0,407ms
[44,245s][info ][gc,cpu            ] GC(43) User=0,01s Sys=0,00s Real=0,00s
[44,245s][info ][gc,marking        ] GC(43) Concurrent Clear Claimed Marks
[44,245s][info ][gc,marking        ] GC(43) Concurrent Clear Claimed Marks 0,065ms
[44,245s][info ][gc,marking        ] GC(43) Concurrent Cleanup for Next Mark
[44,246s][debug][gc,ergo           ] GC(43) Running G1 Clear Bitmap with 4 workers for 80 work units.
[44,248s][info ][gc,marking        ] GC(43) Concurrent Cleanup for Next Mark 2,975ms
[44,249s][info ][gc                ] GC(43) Concurrent Mark Cycle 388,732ms
[44,272s][debug][gc,refine         ] Concurrent refinement: wanted 0, cards: 2935, predicted: 4250, time: 592,94ms
[44,369s][debug][gc,refine         ] Concurrent refinement: wanted 0, cards: 2935, predicted: 4181, time: 561,79ms
[44,416s][debug][gc,task,start     ] G1 Service Thread (Periodic GC Task) (run 0,827ms after schedule)
[44,416s][debug][gc,task           ] G1 Service Thread (Periodic GC Task) (run: 0,042ms) (cpu: 0,053ms)
[44,463s][debug][gc,refine         ] Concurrent refinement: wanted 0, cards: 2935, predicted: 4114, time: 531,75ms
[44,556s][debug][gc,refine         ] Concurrent refinement: wanted 0, cards: 2935, predicted: 4050, time: 502,83ms
[44,645s][debug][gc,refine         ] Concurrent refinement: wanted 0, cards: 2935, predicted: 3986, time: 473,90ms
[44,732s][debug][gc,refine         ] Concurrent refinement: wanted 0, cards: 2935, predicted: 3924, time: 446,09ms
[44,816s][debug][gc,refine         ] Concurrent refinement: wanted 0, cards: 2935, predicted: 3865, time: 419,39ms
[44,897s][debug][gc,refine         ] Concurrent refinement: wanted 0, cards: 2935, predicted: 3806, time: 392,70ms
[44,976s][debug][gc,refine         ] Concurrent refinement: wanted 0, cards: 2935, predicted: 3752, time: 368,22ms
[45,053s][debug][gc,refine         ] Concurrent refinement: wanted 0, cards: 2935, predicted: 3697, time: 343,75ms
[45,127s][debug][gc,refine         ] Concurrent refinement: wanted 0, cards: 2935, predicted: 3643, time: 319,27ms
[45,198s][debug][gc,refine         ] Concurrent refinement: wanted 0, cards: 2935, predicted: 2935, time: 17,07ms
[45,202s][info ][gc,start          ] GC(44) Pause Young (Prepare Mixed) (G1 Evacuation Pause)
[45,202s][debug][gc,heap           ] GC(44) Heap before GC invocations=44 (full 0):
[45,202s][debug][gc,heap           ] GC(44)  garbage-first heap   total reserved 8388608K, committed 5242880K, used 2835489K [0x0000000600000000, 0x0000000800000000)
[45,202s][debug][gc,heap           ] GC(44)   region size 4096K, 411 young (1683456K), 69 survivors (282624K)
[45,202s][debug][gc,heap           ] GC(44)  Metaspace       used 20735K, committed 21056K, reserved 1114112K
[45,202s][debug][gc,heap           ] GC(44)   class space    used 2611K, committed 2752K, reserved 1048576K
[45,202s][info ][gc,task           ] GC(44) Using 15 workers of 15 for evacuation
[45,202s][debug][gc,age            ] GC(44) Desired survivor size 109051904 bytes, new threshold 1 (max threshold 15)
[45,202s][debug][gc,tlab           ] GC(44) TLAB totals: thrds: 23  refills: 1070 max: 341 slow allocs: 558 max 71 waste:  1,2% gc: 11586096B max: 1302616B slow: 4799792B max: 552016B
[45,202s][debug][gc,refine,stats   ] GC(44) Mutator refinement: 0,00ms, refined: 0, precleaned: 0, dirtied: 2210
[45,202s][debug][gc,refine,stats   ] GC(44) Concurrent refinement: 0,00ms, refined: 0, precleaned: 0, dirtied: 0
[45,202s][debug][gc,refine,stats   ] GC(44) Total refinement: 0,00ms, refined: 0, precleaned: 0, dirtied: 2210
[45,202s][debug][gc,refine,stats   ] GC(44) Generate dirty cards rate: 1,65 cards/ms
[45,202s][debug][gc,alloc,region   ] GC(44) Mutator Allocation stats, regions: 342, wasted size: 0B ( 0,0%)
[45,202s][debug][gc,ergo,cset      ] GC(44) Do not add marking candidates to collection set due to pause type.
[45,202s][debug][gc,ergo,cset      ] GC(44) Start adding retained candidates to collection set. Min 1 regions, available 3, time remaining 40,00ms, optional remaining 40,00ms
[45,202s][debug][gc,ergo,cset      ] GC(44) Retained candidates exhausted.
[45,202s][debug][gc,ergo,cset      ] GC(44) Finish adding retained candidates to collection set. Initial: 3, optional: 0, pinned: 0, predicted initial time: 0,18ms, predicted optional time: 0,00ms, time remaining: 39,82ms optional time remaining 39,82ms
[45,203s][debug][gc,ergo           ] GC(44) Running G1 Merge Heap Roots using 15 workers for 414 regions
[45,203s][debug][gc,remset         ] GC(44) Visited cards 164928 Total dirty 1384448 (11,91%) Total old 9076736 (1,82%)
[45,271s][debug][gc,ref            ] GC(44) ReferenceProcessor::execute queues: 2, RefProcThreadModel::Multi, marks_oops_alive: false
[45,271s][debug][gc,ref            ] GC(44) ReferenceProcessor::execute queues: 15, RefProcThreadModel::Multi, marks_oops_alive: true
[45,272s][debug][gc,ref            ] GC(44) ReferenceProcessor::execute queues: 1, RefProcThreadModel::Single, marks_oops_alive: false
[45,272s][debug][gc,ergo           ] GC(44) Initializing removing self forwards with 128 chunks per region
[45,272s][debug][gc,ergo           ] GC(44) Running G1 Rebuild Free List Task using 15 workers for rebuilding free list of regions
[45,272s][debug][gc,plab           ] GC(44) Young PLAB allocation: allocated: 218103808B, wasted: 22816B, unused: 1702608B, used: 216378384B, undo waste: 0B, 
[45,272s][debug][gc,plab           ] GC(44) Young other allocation: region end waste: 0B, regions filled: 52, num plab filled: 118, direct allocated: 0B, num direct allocated: 0, failure used: 0B, failure wasted: 0B
[45,272s][debug][gc,plab           ] GC(44) Young sizing: calculated: 43275672B, actual: 46869400B
[45,272s][debug][gc,plab           ] GC(44) Old PLAB allocation: allocated: 545259520B, wasted: 63088B, unused: 16690408B, used: 528506024B, undo waste: 0B, 
[45,272s][debug][gc,plab           ] GC(44) Old other allocation: region end waste: 0B, regions filled: 130, num plab filled: 260, direct allocated: 0B, num direct allocated: 0, failure used: 282752B, failure wasted: 3911552B
[45,272s][debug][gc,plab           ] GC(44) Old sizing: calculated: 105701200B, actual: 101978992B
[45,272s][debug][gc,ergo,heap      ] GC(44) Heap expansion: short term pause time ratio 0,12% long term pause time ratio 2,93% threshold 7,69% pause time ratio 7,69% fully expanded false resize by 0B
[45,272s][debug][gc,task,start     ] G1 Service Thread (Card Set Free Memory Task) (run 0,015ms after schedule)
[45,272s][debug][gc,mmu            ] GC(44) MMU: 70,2ms (200,0ms/201,0ms)
[45,272s][debug][gc,alloc,stats    ] Old generation allocation in the last mutator period, old gen allocated: 549453824B, humongous allocated: 0B, old gen growth: 549453824B.
[45,273s][debug][gc,ihop           ] GC(44) Basic information (value update), threshold: 781459974B (14,56), target occupancy: 5368709120B, current occupancy: 1938851376B, recent allocation size: 549453824B, recent allocation duration: 1338,36ms, recent old gen allocation rate: 410541728,14B/s, recent marking phase length: 3766,04ms
[45,273s][debug][gc,ihop           ] GC(44) Adaptive IHOP information (value update), threshold: 781459974B (15,32), internal target occupancy: 5100273664B, occupancy: 1938851376B, additional buffer size: 2281701376B, predicted old gen allocation rate: 732803907,69B/s, predicted marking phase length: 2779,89ms, prediction active: true
[45,273s][debug][gc,ergo,refine    ] GC(44) GC refinement: goal: 265886 + 884 / 20,00ms, actual: 3865 / 0,29ms, 
[45,273s][debug][gc,ergo,refine    ] GC(44) New pending cards target: 265014
[45,273s][info ][gc,phases         ] GC(44)   Pre Evacuate Collection Set: 0,39ms
[45,273s][debug][gc,phases         ] GC(44)     Pre Evacuate Prepare: 0,11ms
[45,273s][debug][gc,phases         ] GC(44)       JT Retire TLABs And Flush Logs (ms): Min: 0,00, Avg: 0,01, Max: 0,02, Diff: 0,02, Sum: 0,02, Workers: 2
[45,273s][debug][gc,phases         ] GC(44)       Non-JT Flush Logs (ms):        Min: 0,01, Avg: 0,01, Max: 0,01, Diff: 0,00, Sum: 0,01, Workers: 1
[45,273s][debug][gc,phases         ] GC(44)     Choose Collection Set: 0,05ms
[45,273s][debug][gc,phases         ] GC(44)     Region Register: 0,23ms
[45,273s][debug][gc,phases         ] GC(44)     Prepare Heap Roots: 0,00ms
[45,273s][info ][gc,phases         ] GC(44)   Merge Heap Roots: 0,41ms
[45,273s][debug][gc,phases         ] GC(44)     Prepare Merge Heap Roots: 0,02ms
[45,273s][debug][gc,phases         ] GC(44)     Remembered Sets (ms):          Min: 0,05, Avg: 0,08, Max: 0,11, Diff: 0,06, Sum: 1,17, Workers: 15
[45,273s][debug][gc,phases         ] GC(44)       Eager Reclaim (ms):            skipped
[45,273s][debug][gc,phases         ] GC(44)       Merged Inline                  Min: 0, Avg: 15,4, Max: 78, Diff: 78, Sum: 231, Workers: 15
[45,273s][debug][gc,phases         ] GC(44)       Merged ArrayOfCards            Min: 0, Avg: 13,0, Max: 70, Diff: 70, Sum: 195, Workers: 15
[45,273s][debug][gc,phases         ] GC(44)       Merged Howl                    Min: 0, Avg:  0,0, Max: 0, Diff: 0, Sum: 0, Workers: 15
[45,273s][debug][gc,phases         ] GC(44)       Merged Full                    Min: 0, Avg:  0,0, Max: 0, Diff: 0, Sum: 0, Workers: 15
[45,273s][debug][gc,phases         ] GC(44)       Merged Howl Inline             Min: 0, Avg:  0,0, Max: 0, Diff: 0, Sum: 0, Workers: 15
[45,273s][debug][gc,phases         ] GC(44)       Merged Howl ArrayOfCards       Min: 0, Avg:  0,0, Max: 0, Diff: 0, Sum: 0, Workers: 15
[45,273s][debug][gc,phases         ] GC(44)       Merged Howl BitMap             Min: 0, Avg:  0,0, Max: 0, Diff: 0, Sum: 0, Workers: 15
[45,273s][debug][gc,phases         ] GC(44)       Merged Howl Full               Min: 0, Avg:  0,0, Max: 0, Diff: 0, Sum: 0, Workers: 15
[45,273s][debug][gc,phases         ] GC(44)       Merged Cards                   Min: 8, Avg: 184,7, Max: 929, Diff: 921, Sum: 2771, Workers: 15
[45,273s][debug][gc,phases         ] GC(44)     Log Buffers (ms):              Min: 0,00, Avg: 0,01, Max: 0,03, Diff: 0,03, Sum: 0,19, Workers: 15
[45,273s][debug][gc,phases         ] GC(44)       Dirty Cards:                   Min: 0, Avg: 257,7, Max: 1097, Diff: 1097, Sum: 3865, Workers: 15
[45,273s][debug][gc,phases         ] GC(44)       Skipped Cards:                 Min: 0, Avg:  0,0, Max: 0, Diff: 0, Sum: 0, Workers: 15
[45,273s][info ][gc,phases         ] GC(44)   Evacuate Collection Set: 67,66ms
[45,273s][debug][gc,phases         ] GC(44)     Ext Root Scanning (ms):        Min: 0,00, Avg: 0,06, Max: 0,24, Diff: 0,23, Sum: 0,90, Workers: 15
[45,273s][debug][gc,phases         ] GC(44)     Scan Heap Roots (ms):          Min: 0,03, Avg: 0,29, Max: 0,54, Diff: 0,51, Sum: 4,28, Workers: 15
[45,273s][debug][gc,phases         ] GC(44)       Scanned Cards:                 Min: 24, Avg: 263,3, Max: 510, Diff: 486, Sum: 3950, Workers: 15
[45,273s][debug][gc,phases         ] GC(44)       Scanned Blocks:                Min: 14, Avg: 217,7, Max: 407, Diff: 393, Sum: 3266, Workers: 15
[45,273s][debug][gc,phases         ] GC(44)       Claimed Chunks:                Min: 11, Avg: 171,8, Max: 267, Diff: 256, Sum: 2577, Workers: 15
[45,273s][debug][gc,phases         ] GC(44)       Found Roots:                   Min: 78, Avg: 316,7, Max: 620, Diff: 542, Sum: 4750, Workers: 15
[45,273s][debug][gc,phases         ] GC(44)     Code Root Scan (ms):           Min: 0,02, Avg: 0,02, Max: 0,03, Diff: 0,01, Sum: 0,35, Workers: 15
[45,273s][debug][gc,phases         ] GC(44)       Scanned Nmethods               Min: 0, Avg:  0,0, Max: 0, Diff: 0, Sum: 0, Workers: 15
[45,273s][debug][gc,phases         ] GC(44)     Object Copy (ms):              Min: 66,71, Avg: 66,99, Max: 67,15, Diff: 0,44, Sum: 1004,89, Workers: 15
[45,273s][debug][gc,phases         ] GC(44)     Termination (ms):              Min: 0,04, Avg: 0,07, Max: 0,12, Diff: 0,08, Sum: 1,03, Workers: 15
[45,273s][debug][gc,phases         ] GC(44)       Termination Attempts:          Min: 1, Avg:  1,0, Max: 1, Diff: 0, Sum: 15, Workers: 15
[45,273s][debug][gc,phases         ] GC(44)     GC Worker Other (ms):          Min: 0,03, Avg: 0,04, Max: 0,05, Diff: 0,02, Sum: 0,58, Workers: 15
[45,273s][debug][gc,phases         ] GC(44)     GC Worker Total (ms):          Min: 67,37, Avg: 67,47, Max: 67,58, Diff: 0,21, Sum: 1012,02, Workers: 15
[45,273s][info ][gc,phases         ] GC(44)   Post Evacuate Collection Set: 1,58ms
[45,273s][debug][gc,phases         ] GC(44)     NMethod List Cleanup: 0,01ms
[45,273s][debug][gc,phases         ] GC(44)     Reference Processing: 0,97ms
[45,273s][debug][gc,phases,ref     ] GC(44)       Notify Soft/WeakReferences: 0,4ms
[45,273s][debug][gc,phases,ref     ] GC(44)         Balance queues: 0,0ms
[45,273s][debug][gc,phases,ref     ] GC(44)         SoftRef (ms):                  Min: 0,00, Avg: 0,00, Max: 0,00, Diff: 0,00, Sum: 0,00, Workers: 2
[45,273s][debug][gc,phases,ref     ] GC(44)         WeakRef (ms):                  Min: 0,00, Avg: 0,00, Max: 0,00, Diff: 0,00, Sum: 0,00, Workers: 2
[45,273s][debug][gc,phases,ref     ] GC(44)         FinalRef (ms):                 Min: 0,06, Avg: 0,09, Max: 0,11, Diff: 0,05, Sum: 0,18, Workers: 2
[45,273s][debug][gc,phases,ref     ] GC(44)         Total (ms):                    Min: 0,12, Avg: 0,13, Max: 0,15, Diff: 0,04, Sum: 0,27, Workers: 2
[45,273s][debug][gc,phases,ref     ] GC(44)       Notify and keep alive finalizable: 0,5ms
[45,273s][debug][gc,phases,ref     ] GC(44)         Balance queues: 0,0ms
[45,273s][debug][gc,phases,ref     ] GC(44)         FinalRef (ms):                 Min: 0,25, Avg: 0,33, Max: 0,43, Diff: 0,18, Sum: 4,93, Workers: 15
[45,273s][debug][gc,phases,ref     ] GC(44)       Notify PhantomReferences: 0,1ms
[45,273s][debug][gc,phases,ref     ] GC(44)         PhantomRef (ms):               Min: 0,01, Avg: 0,01, Max: 0,01, Diff: 0,00, Sum: 0,01, Workers: 1
[45,273s][debug][gc,phases,ref     ] GC(44)       SoftReference Discovered: 0, Dropped: 0, Processed: 0
[45,273s][debug][gc,phases,ref     ] GC(44)       WeakReference Discovered: 0, Dropped: 0, Processed: 0
[45,273s][debug][gc,phases,ref     ] GC(44)       FinalReference Discovered: 1536, Dropped: 1, Processed: 1535
[45,273s][debug][gc,phases,ref     ] GC(44)       PhantomReference Discovered: 42, Dropped: 3, Processed: 39
[45,273s][debug][gc,phases         ] GC(44)     Weak Processing: 0,06ms
[45,273s][debug][gc,phases         ] GC(44)       VM Weak                        Min: 0,00, Avg: 0,00, Max: 0,00, Diff: 0,00, Sum: 0,01, Workers: 15
[45,273s][debug][gc,phases         ] GC(44)         Dead                           Min: 0, Avg:  0,0, Max: 0, Diff: 0, Sum: 0, Workers: 15
[45,273s][debug][gc,phases         ] GC(44)         Total                          Min: 0, Avg: 11,0, Max: 128, Diff: 128, Sum: 165, Workers: 15
[45,273s][debug][gc,phases         ] GC(44)       ObjectSynchronizer Weak        Min: 0,00, Avg: 0,00, Max: 0,00, Diff: 0,00, Sum: 0,00, Workers: 15
[45,273s][debug][gc,phases         ] GC(44)         Dead                           Min: 0, Avg:  0,0, Max: 0, Diff: 0, Sum: 0, Workers: 15
[45,273s][debug][gc,phases         ] GC(44)         Total                          Min: 0, Avg:  2,2, Max: 33, Diff: 33, Sum: 33, Workers: 15
[45,273s][debug][gc,phases         ] GC(44)       JVMTI Tag Weak OopStorage      Min: 0,00, Avg: 0,00, Max: 0,00, Diff: 0,00, Sum: 0,00, Workers: 15
[45,273s][debug][gc,phases         ] GC(44)         Dead                           Min: 0, Avg:  0,0, Max: 0, Diff: 0, Sum: 0, Workers: 15
[45,273s][debug][gc,phases         ] GC(44)         Total                          Min: 0, Avg:  0,0, Max: 0, Diff: 0, Sum: 0, Workers: 15
[45,273s][debug][gc,phases         ] GC(44)       StringTable Weak               Min: 0,00, Avg: 0,01, Max: 0,01, Diff: 0,01, Sum: 0,10, Workers: 15
[45,273s][debug][gc,phases         ] GC(44)         Dead                           Min: 0, Avg:  0,0, Max: 0, Diff: 0, Sum: 0, Workers: 15
[45,273s][debug][gc,phases         ] GC(44)         Total                          Min: 0, Avg: 566,1, Max: 1452, Diff: 1452, Sum: 8492, Workers: 15
[45,273s][debug][gc,phases         ] GC(44)       ResolvedMethodTable Weak       Min: 0,00, Avg: 0,00, Max: 0,00, Diff: 0,00, Sum: 0,03, Workers: 15
[45,273s][debug][gc,phases         ] GC(44)         Dead                           Min: 0, Avg:  0,0, Max: 0, Diff: 0, Sum: 0, Workers: 15
[45,273s][debug][gc,phases         ] GC(44)         Total                          Min: 0, Avg: 113,1, Max: 256, Diff: 256, Sum: 1697, Workers: 15
[45,273s][debug][gc,phases         ] GC(44)       JNI Weak                       Min: 0,00, Avg: 0,00, Max: 0,00, Diff: 0,00, Sum: 0,01, Workers: 15
[45,273s][debug][gc,phases         ] GC(44)         Dead                           Min: 0, Avg:  0,0, Max: 0, Diff: 0, Sum: 0, Workers: 15
[45,273s][debug][gc,phases         ] GC(44)         Total                          Min: 0, Avg:  0,0, Max: 0, Diff: 0, Sum: 0, Workers: 15
[45,273s][debug][gc,phases         ] GC(44)       StringDedup Table Weak         Min: 0,00, Avg: 0,01, Max: 0,02, Diff: 0,02, Sum: 0,13, Workers: 15
[45,273s][debug][gc,phases         ] GC(44)         Dead                           Min: 0, Avg:  0,0, Max: 0, Diff: 0, Sum: 0, Workers: 15
[45,273s][debug][gc,phases         ] GC(44)         Total                          Min: 0, Avg: 875,7, Max: 1984, Diff: 1984, Sum: 13136, Workers: 15
[45,273s][debug][gc,phases         ] GC(44)       StringDedup Requests0 Weak     Min: 0,00, Avg: 0,00, Max: 0,00, Diff: 0,00, Sum: 0,01, Workers: 15
[45,273s][debug][gc,phases         ] GC(44)         Dead                           Min: 0, Avg:  0,0, Max: 0, Diff: 0, Sum: 0, Workers: 15
[45,273s][debug][gc,phases         ] GC(44)         Total                          Min: 0, Avg:  0,0, Max: 0, Diff: 0, Sum: 0, Workers: 15
[45,273s][debug][gc,phases         ] GC(44)       StringDedup Requests1 Weak     Min: 0,00, Avg: 0,00, Max: 0,00, Diff: 0,00, Sum: 0,01, Workers: 15
[45,273s][debug][gc,phases         ] GC(44)         Dead                           Min: 0, Avg:  0,0, Max: 0, Diff: 0, Sum: 0, Workers: 15
[45,273s][debug][gc,phases         ] GC(44)         Total                          Min: 0, Avg: 12,8, Max: 64, Diff: 64, Sum: 192, Workers: 15
[45,273s][debug][gc,phases         ] GC(44)       Weak JFR Old Object Samples    Min: 0,00, Avg: 0,00, Max: 0,00, Diff: 0,00, Sum: 0,00, Workers: 15
[45,273s][debug][gc,phases         ] GC(44)         Dead                           Min: 0, Avg:  0,0, Max: 0, Diff: 0, Sum: 0, Workers: 15
[45,273s][debug][gc,phases         ] GC(44)         Total                          Min: 0, Avg:  0,0, Max: 0, Diff: 0, Sum: 0, Workers: 15
[45,273s][debug][gc,phases         ] GC(44)     Post Evacuate Cleanup 1: 0,23ms
[45,273s][debug][gc,phases         ] GC(44)       Merge Per-Thread State (ms):   Min: 0,06, Avg: 0,06, Max: 0,06, Diff: 0,00, Sum: 0,06, Workers: 1
[45,273s][debug][gc,phases         ] GC(44)         Copied Bytes                   Min: 39792744, Avg: 49658960,5, Max: 59938856, Diff: 20146112, Sum: 744884408, Workers: 15
[45,273s][debug][gc,phases         ] GC(44)         LAB Waste                      Min: 800, Avg: 5726,9, Max: 12216, Diff: 11416, Sum: 85904, Workers: 15
[45,273s][debug][gc,phases         ] GC(44)         LAB Undo Waste                 Min: 0, Avg:  0,0, Max: 0, Diff: 0, Sum: 0, Workers: 15
[45,273s][debug][gc,phases         ] GC(44)         Evac Fail Extra Cards          Min: 0, Avg:  0,0, Max: 0, Diff: 0, Sum: 0, Workers: 15
[45,273s][debug][gc,phases         ] GC(44)       Clear Logged Cards (ms):       Min: 0,00, Avg: 0,03, Max: 0,13, Diff: 0,13, Sum: 0,41, Workers: 15
[45,273s][debug][gc,phases         ] GC(44)       Recalculate Used Memory (ms):  Min: 0,04, Avg: 0,04, Max: 0,04, Diff: 0,00, Sum: 0,04, Workers: 1
[45,273s][debug][gc,phases         ] GC(44)       Restore Evacuation Failed Regions (ms): Min: 0,00, Avg: 0,02, Max: 0,04, Diff: 0,04, Sum: 0,27, Workers: 15
[45,273s][debug][gc,phases         ] GC(44)         Evacuation Failed Regions:     Min: 1, Avg:  1,0, Max: 1, Diff: 0, Sum: 1, Workers: 1
[45,274s][debug][gc,phases         ] GC(44)         Pinned Regions:                Min: 1, Avg:  1,0, Max: 1, Diff: 0, Sum: 1, Workers: 1
[45,274s][debug][gc,phases         ] GC(44)         Allocation Failed Regions:     skipped
[45,274s][debug][gc,phases         ] GC(44)         Remove Self Forwards (ms):     Min: 0,00, Avg: 0,02, Max: 0,03, Diff: 0,03, Sum: 0,16, Workers: 10
[45,274s][debug][gc,phases         ] GC(44)           Forward Chunks:                Min: 1, Avg:  2,2, Max: 5, Diff: 4, Sum: 11, Workers: 5
[45,274s][debug][gc,phases         ] GC(44)           Empty Forward Chunks:          Min: 1, Avg: 11,7, Max: 25, Diff: 24, Sum: 117, Workers: 10
[45,274s][debug][gc,phases         ] GC(44)           Forward Objects:               Min: 1, Avg:  2,2, Max: 5, Diff: 4, Sum: 11, Workers: 5
[45,274s][debug][gc,phases         ] GC(44)           Forward Bytes:                 Min: 48, Avg: 56550,4, Max: 162432, Diff: 162384, Sum: 282752, Workers: 5
[45,274s][debug][gc,phases         ] GC(44)     Post Evacuate Cleanup 2: 0,18ms
[45,274s][debug][gc,phases         ] GC(44)       Recalculate Used Memory (ms):  Min: 0,04, Avg: 0,04, Max: 0,04, Diff: 0,00, Sum: 0,04, Workers: 1
[45,274s][debug][gc,phases         ] GC(44)       Restore Preserved Marks (ms):  Min: 0,00, Avg: 0,00, Max: 0,00, Diff: 0,00, Sum: 0,01, Workers: 15
[45,274s][debug][gc,phases         ] GC(44)       Process Evacuation Failed Regions (ms): Min: 0,00, Avg: 0,00, Max: 0,00, Diff: 0,00, Sum: 0,01, Workers: 15
[45,274s][debug][gc,phases         ] GC(44)       Update Derived Pointers (ms):  Min: 0,00, Avg: 0,00, Max: 0,00, Diff: 0,00, Sum: 0,00, Workers: 1
[45,274s][debug][gc,phases         ] GC(44)       Eagerly Reclaim Humongous Objects (ms): skipped
[45,274s][debug][gc,phases         ] GC(44)         Humongous Total                skipped
[45,274s][debug][gc,phases         ] GC(44)         Humongous Candidates           skipped
[45,274s][debug][gc,phases         ] GC(44)         Humongous Reclaimed            skipped
[45,274s][debug][gc,phases         ] GC(44)       Sample CSet Candidates (ms):   Min: 0,03, Avg: 0,03, Max: 0,03, Diff: 0,00, Sum: 0,03, Workers: 1
[45,274s][debug][gc,phases         ] GC(44)       Redirty Logged Cards (ms):     Min: 0,00, Avg: 0,00, Max: 0,02, Diff: 0,02, Sum: 0,03, Workers: 15
[45,274s][debug][gc,phases         ] GC(44)         Redirtied Cards:               Min: 0, Avg: 96,7, Max: 785, Diff: 785, Sum: 1450, Workers: 15
[45,274s][debug][gc,phases         ] GC(44)       Resize TLABs (ms):             Min: 0,00, Avg: 0,00, Max: 0,00, Diff: 0,00, Sum: 0,01, Workers: 15
[45,274s][debug][gc,phases         ] GC(44)       Free Collection Set (ms):      Min: 0,01, Avg: 0,06, Max: 0,10, Diff: 0,09, Sum: 0,94, Workers: 15
[45,274s][debug][gc,phases         ] GC(44)     Rebuild Free List: 0,07ms
[45,274s][debug][gc,phases         ] GC(44)     Prepare For Mutator: 0,06ms
[45,274s][debug][gc,phases         ] GC(44)     Expand Heap After Collection: 0,00ms
[45,274s][info ][gc,phases         ] GC(44)   Other: 0,28ms
[45,274s][debug][gc,remset         ] GC(44) Coarsening (recent): Inline->AoC 933 (0) AoC->Howl 454 (0) Howl->Full 123 (0) Inline->AoC 2680 (0) AoC->BitMap 2569 (0) BitMap->Full 517 (0) 
[45,274s][debug][gc,remset         ] GC(44) Coarsening (all): Inline->AoC 4996 (0) AoC->Howl 2243 (0) Howl->Full 683 (0) Inline->AoC 13960 (0) AoC->BitMap 13475 (0) BitMap->Full 2919 (0) 
[45,274s][info ][gc,heap           ] GC(44) Eden regions: 342->0(492)
[45,274s][info ][gc,heap           ] GC(44) Survivor regions: 69->52(52)
[45,274s][info ][gc,heap           ] GC(44) Old regions: 283->411
[45,274s][info ][gc,heap           ] GC(44) Humongous regions: 0->0
[45,274s][info ][gc,metaspace      ] GC(44) Metaspace: 20735K(21056K)->20735K(21056K) NonClass: 18124K(18304K)->18124K(18304K) Class: 2611K(2752K)->2611K(2752K)
[45,274s][debug][gc,heap           ] GC(44) Heap after GC invocations=45 (full 0):
[45,274s][debug][gc,heap           ] GC(44)  garbage-first heap   total reserved 8388608K, committed 5242880K, used 1893409K [0x0000000600000000, 0x0000000800000000)
[45,274s][debug][gc,heap           ] GC(44)   region size 4096K, 52 young (212992K), 52 survivors (212992K)
[45,274s][debug][gc,heap           ] GC(44)  Metaspace       used 20735K, committed 21056K, reserved 1114112K
[45,274s][debug][gc,heap           ] GC(44)   class space    used 2611K, committed 2752K, reserved 1048576K
[45,274s][info ][gc                ] GC(44) Pause Young (Prepare Mixed) (G1 Evacuation Pause) (Evacuation Failure: Pinned) 2773M->1849M(5120M) 71,822ms
[45,274s][info ][gc,cpu            ] GC(44) User=1,02s Sys=0,00s Real=0,08s
[45,274s][debug][gc,refine         ] Concurrent refinement: wanted 0, cards: 1450, predicted: 4061, time: 1205,09ms
[45,274s][debug][gc,task           ] G1 Service Thread (Card Set Free Memory Task) (run: 1,808ms) (cpu: 0,260ms)
[45,412s][debug][gc,refine         ] Concurrent refinement: wanted 0, cards: 2218, predicted: 4209, time: 919,16ms
[45,416s][debug][gc,task,start     ] G1 Service Thread (Periodic GC Task) (run 0,270ms after schedule)
[45,416s][debug][gc,task           ] G1 Service Thread (Periodic GC Task) (run: 0,048ms) (cpu: 0,057ms)
[45,533s][debug][gc,refine         ] Concurrent refinement: wanted 0, cards: 3242, predicted: 5204, time: 905,66ms
[45,654s][debug][gc,refine         ] Concurrent refinement: wanted 0, cards: 3242, predicted: 5116, time: 865,16ms
[45,771s][debug][gc,refine         ] Concurrent refinement: wanted 0, cards: 3242, predicted: 5026, time: 823,44ms
[45,885s][debug][gc,refine         ] Concurrent refinement: wanted 0, cards: 3242, predicted: 4941, time: 784,17ms
[45,997s][debug][gc,refine         ] Concurrent refinement: wanted 0, cards: 3242, predicted: 4856, time: 744,90ms
[46,106s][debug][gc,refine         ] Concurrent refinement: wanted 0, cards: 3242, predicted: 4776, time: 708,08ms
[46,213s][debug][gc,refine         ] Concurrent refinement: wanted 0, cards: 3242, predicted: 4693, time: 670,04ms
[46,316s][debug][gc,refine         ] Concurrent refinement: wanted 0, cards: 3242, predicted: 4616, time: 634,45ms
[46,416s][debug][gc,refine         ] Concurrent refinement: wanted 0, cards: 3242, predicted: 4542, time: 600,09ms
[46,416s][debug][gc,task,start     ] G1 Service Thread (Periodic GC Task) (run 0,081ms after schedule)
[46,417s][debug][gc,task           ] G1 Service Thread (Periodic GC Task) (run: 0,043ms) (cpu: 0,053ms)
[46,513s][debug][gc,refine         ] Concurrent refinement: wanted 0, cards: 3242, predicted: 4467, time: 565,73ms
[46,608s][debug][gc,refine         ] Concurrent refinement: wanted 0, cards: 3242, predicted: 3457, time: 99,38ms
[46,620s][info ][gc,start          ] GC(45) Pause Young (Mixed) (G1 Evacuation Pause)
[46,620s][debug][gc,heap           ] GC(45) Heap before GC invocations=45 (full 0):
[46,620s][debug][gc,heap           ] GC(45)  garbage-first heap   total reserved 8388608K, committed 5242880K, used 3904545K [0x0000000600000000, 0x0000000800000000)
[46,620s][debug][gc,heap           ] GC(45)   region size 4096K, 544 young (2228224K), 52 survivors (212992K)
[46,620s][debug][gc,heap           ] GC(45)  Metaspace       used 20737K, committed 21056K, reserved 1114112K
[46,620s][debug][gc,heap           ] GC(45)   class space    used 2611K, committed 2752K, reserved 1048576K
[46,620s][info ][gc,task           ] GC(45) Using 15 workers of 15 for evacuation
[46,620s][debug][gc,age            ] GC(45) Desired survivor size 142606336 bytes, new threshold 1 (max threshold 15)
[46,620s][debug][gc,tlab           ] GC(45) TLAB totals: thrds: 23  refills: 1918 max: 360 slow allocs: 1925 max 177 waste:  0,7% gc: 9268736B max: 1854688B slow: 4578352B max: 679168B
[46,620s][debug][gc,refine,stats   ] GC(45) Mutator refinement: 0,00ms, refined: 0, precleaned: 0, dirtied: 2535
[46,620s][debug][gc,refine,stats   ] GC(45) Concurrent refinement: 0,00ms, refined: 0, precleaned: 0, dirtied: 0
[46,620s][debug][gc,refine,stats   ] GC(45) Total refinement: 0,00ms, refined: 0, precleaned: 0, dirtied: 2535
[46,620s][debug][gc,refine,stats   ] GC(45) Generate dirty cards rate: 1,88 cards/ms
[46,620s][debug][gc,alloc,region   ] GC(45) Mutator Allocation stats, regions: 492, wasted size: 0B ( 0,0%)
[46,621s][debug][gc,ergo,cset      ] GC(45) Start adding marking candidates to collection set. Min 8 regions, max 128 regions, available 59 regionstime remaining 110,81ms, optional threshold 22,16ms
[46,621s][debug][gc,ergo,cset      ] GC(45) Marking candidates exhausted.
[46,621s][debug][gc,ergo,cset      ] GC(45) Finish adding marking candidates to collection set. Initial: 59, optional: 0, pinned: 0, predicted initial time: 1,24ms, predicted optional time: 0,00ms, time remaining: 109,57ms
[46,621s][debug][gc,ergo,cset      ] GC(45) Start adding retained candidates to collection set. Min 1 regions, available 1, time remaining 40,00ms, optional remaining 40,00ms
[46,621s][debug][gc,ergo,cset      ] GC(45) Retained candidates exhausted.
[46,621s][debug][gc,ergo,cset      ] GC(45) Finish adding retained candidates to collection set. Initial: 1, optional: 0, pinned: 0, predicted initial time: 0,05ms, predicted optional time: 0,00ms, time remaining: 39,95ms optional time remaining 39,95ms
[46,621s][debug][gc,ergo           ] GC(45) Running G1 Merge Heap Roots using 15 workers for 604 regions
[46,622s][debug][gc,remset         ] GC(45) Visited cards 182912 Total dirty 1515520 (12,07%) Total old 12771328 (1,43%)
[46,683s][debug][gc,ref            ] GC(45) ReferenceProcessor::execute queues: 3, RefProcThreadModel::Multi, marks_oops_alive: false
[46,684s][debug][gc,ref            ] GC(45) ReferenceProcessor::execute queues: 15, RefProcThreadModel::Multi, marks_oops_alive: true
[46,684s][debug][gc,ref            ] GC(45) ReferenceProcessor::execute queues: 1, RefProcThreadModel::Single, marks_oops_alive: false
[46,684s][debug][gc,ergo           ] GC(45) Initializing removing self forwards with 128 chunks per region
[46,685s][debug][gc,ergo           ] GC(45) Running G1 Rebuild Free List Task using 15 workers for rebuilding free list of regions
[46,685s][debug][gc,plab           ] GC(45) Young PLAB allocation: allocated: 285212672B, wasted: 61488B, unused: 1984688B, used: 283166496B, undo waste: 0B, 
[46,685s][debug][gc,plab           ] GC(45) Young other allocation: region end waste: 0B, regions filled: 68, num plab filled: 150, direct allocated: 0B, num direct allocated: 0, failure used: 0B, failure wasted: 0B
[46,685s][debug][gc,plab           ] GC(45) Young sizing: calculated: 56633296B, actual: 54192320B
[46,685s][debug][gc,plab           ] GC(45) Old PLAB allocation: allocated: 400556032B, wasted: 56344B, unused: 14655464B, used: 385844224B, undo waste: 0B, 
[46,685s][debug][gc,plab           ] GC(45) Old other allocation: region end waste: 0B, regions filled: 96, num plab filled: 191, direct allocated: 0B, num direct allocated: 0, failure used: 974952B, failure wasted: 11607960B
[46,685s][debug][gc,plab           ] GC(45) Old sizing: calculated: 77168840B, actual: 83371376B
[46,685s][debug][gc,ergo,heap      ] GC(45) Heap expansion: short term pause time ratio 6,84% long term pause time ratio 3,57% threshold 7,69% pause time ratio 7,69% fully expanded false resize by 0B
[46,685s][debug][gc,ergo,ihop      ] GC(45) Do not request concurrent cycle initiation (still doing mixed collections) occupancy: 1887436800B allocation request: 0B threshold: 781459974B (14,56) source: end of GC
[46,685s][debug][gc,mmu            ] GC(45) MMU: 64,9ms (200,0ms/201,0ms)
[46,685s][debug][gc,ergo           ] GC(45) do not continue mixed GCs (candidate old regions not available)
[46,685s][debug][gc,ergo,ihop      ] GC(45) Request concurrent cycle initiation (occupancy higher than threshold) occupancy: 1887436800B allocation request: 0B threshold: 781459974B (14,56) source: end of GC
[46,685s][debug][gc,alloc,stats    ] Old generation allocation in the last mutator period, old gen allocated: 413138944B, humongous allocated: 0B, old gen growth: 413138944B.
[46,685s][debug][gc,ihop           ] GC(45) Basic information (value update), threshold: 949658586B (17,69), target occupancy: 5368709120B, current occupancy: 2167440944B, recent allocation size: 413138944B, recent allocation duration: 1338,36ms, recent old gen allocation rate: 308689772,68B/s, recent marking phase length: 2686,05ms
[46,685s][debug][gc,ihop           ] GC(45) Adaptive IHOP information (value update), threshold: 949658586B (18,62), internal target occupancy: 5100273664B, occupancy: 2167440944B, additional buffer size: 2281701376B, predicted old gen allocation rate: 732803907,69B/s, predicted marking phase length: 2550,36ms, prediction active: true
[46,685s][debug][gc,task,start     ] G1 Service Thread (Card Set Free Memory Task) (run 0,060ms after schedule)
[46,685s][debug][gc,ergo,refine    ] GC(45) GC refinement: goal: 265014 + 866 / 20,00ms, actual: 3981 / 0,34ms, 
[46,685s][debug][gc,ergo,refine    ] GC(45) New pending cards target: 248683
[46,685s][info ][gc,phases         ] GC(45)   Pre Evacuate Collection Set: 0,67ms
[46,685s][debug][gc,phases         ] GC(45)     Pre Evacuate Prepare: 0,21ms
[46,685s][debug][gc,phases         ] GC(45)       JT Retire TLABs And Flush Logs (ms): Min: 0,00, Avg: 0,01, Max: 0,02, Diff: 0,02, Sum: 0,02, Workers: 2
[46,685s][debug][gc,phases         ] GC(45)       Non-JT Flush Logs (ms):        Min: 0,01, Avg: 0,01, Max: 0,01, Diff: 0,00, Sum: 0,01, Workers: 1
[46,685s][debug][gc,phases         ] GC(45)     Choose Collection Set: 0,15ms
[46,685s][debug][gc,phases         ] GC(45)     Region Register: 0,31ms
[46,685s][debug][gc,phases         ] GC(45)     Prepare Heap Roots: 0,00ms
[46,685s][info ][gc,phases         ] GC(45)   Merge Heap Roots: 0,69ms
[46,685s][debug][gc,phases         ] GC(45)     Prepare Merge Heap Roots: 0,03ms
[46,685s][debug][gc,phases         ] GC(45)     Remembered Sets (ms):          Min: 0,11, Avg: 0,12, Max: 0,13, Diff: 0,02, Sum: 1,83, Workers: 15
[46,685s][debug][gc,phases         ] GC(45)       Eager Reclaim (ms):            skipped
[46,685s][debug][gc,phases         ] GC(45)       Merged Inline                  Min: 0, Avg:  5,7, Max: 50, Diff: 50, Sum: 86, Workers: 15
[46,686s][debug][gc,phases         ] GC(45)       Merged ArrayOfCards            Min: 0, Avg:  3,1, Max: 39, Diff: 39, Sum: 47, Workers: 15
[46,686s][debug][gc,phases         ] GC(45)       Merged Howl                    Min: 0, Avg:  0,0, Max: 0, Diff: 0, Sum: 0, Workers: 15
[46,686s][debug][gc,phases         ] GC(45)       Merged Full                    Min: 0, Avg:  0,0, Max: 0, Diff: 0, Sum: 0, Workers: 15
[46,686s][debug][gc,phases         ] GC(45)       Merged Howl Inline             Min: 0, Avg:  0,0, Max: 0, Diff: 0, Sum: 0, Workers: 15
[46,686s][debug][gc,phases         ] GC(45)       Merged Howl ArrayOfCards       Min: 0, Avg:  0,0, Max: 0, Diff: 0, Sum: 0, Workers: 15
[46,686s][debug][gc,phases         ] GC(45)       Merged Howl BitMap             Min: 0, Avg:  0,0, Max: 0, Diff: 0, Sum: 0, Workers: 15
[46,686s][debug][gc,phases         ] GC(45)       Merged Howl Full               Min: 0, Avg:  0,0, Max: 0, Diff: 0, Sum: 0, Workers: 15
[46,686s][debug][gc,phases         ] GC(45)       Merged Cards                   Min: 8, Avg: 53,3, Max: 534, Diff: 526, Sum: 800, Workers: 15
[46,686s][debug][gc,phases         ] GC(45)     Log Buffers (ms):              Min: 0,01, Avg: 0,03, Max: 0,05, Diff: 0,03, Sum: 0,39, Workers: 15
[46,686s][debug][gc,phases         ] GC(45)       Dirty Cards:                   Min: 70, Avg: 265,4, Max: 696, Diff: 626, Sum: 3981, Workers: 15
[46,686s][debug][gc,phases         ] GC(45)       Skipped Cards:                 Min: 0, Avg:  0,3, Max: 4, Diff: 4, Sum: 4, Workers: 15
[46,686s][info ][gc,phases         ] GC(45)   Evacuate Collection Set: 61,18ms
[46,686s][debug][gc,phases         ] GC(45)     Ext Root Scanning (ms):        Min: 0,01, Avg: 0,06, Max: 0,21, Diff: 0,20, Sum: 0,93, Workers: 15
[46,686s][debug][gc,phases         ] GC(45)     Scan Heap Roots (ms):          Min: 0,07, Avg: 0,36, Max: 0,74, Diff: 0,67, Sum: 5,47, Workers: 15
[46,686s][debug][gc,phases         ] GC(45)       Scanned Cards:                 Min: 50, Avg: 307,3, Max: 652, Diff: 602, Sum: 4609, Workers: 15
[46,686s][debug][gc,phases         ] GC(45)       Scanned Blocks:                Min: 44, Avg: 244,1, Max: 593, Diff: 549, Sum: 3661, Workers: 15
[46,686s][debug][gc,phases         ] GC(45)       Claimed Chunks:                Min: 40, Avg: 190,5, Max: 434, Diff: 394, Sum: 2858, Workers: 15
[46,686s][debug][gc,phases         ] GC(45)       Found Roots:                   Min: 94, Avg: 388,9, Max: 1147, Diff: 1053, Sum: 5834, Workers: 15
[46,686s][debug][gc,phases         ] GC(45)     Code Root Scan (ms):           Min: 0,03, Avg: 0,04, Max: 0,05, Diff: 0,02, Sum: 0,55, Workers: 15
[46,686s][debug][gc,phases         ] GC(45)       Scanned Nmethods               Min: 0, Avg:  0,1, Max: 2, Diff: 2, Sum: 2, Workers: 15
[46,686s][debug][gc,phases         ] GC(45)     Object Copy (ms):              Min: 59,92, Avg: 60,33, Max: 60,64, Diff: 0,72, Sum: 904,95, Workers: 15
[46,686s][debug][gc,phases         ] GC(45)     Termination (ms):              Min: 0,05, Avg: 0,07, Max: 0,12, Diff: 0,07, Sum: 1,02, Workers: 15
[46,686s][debug][gc,phases         ] GC(45)       Termination Attempts:          Min: 1, Avg:  1,0, Max: 1, Diff: 0, Sum: 15, Workers: 15
[46,686s][debug][gc,phases         ] GC(45)     GC Worker Other (ms):          Min: 0,04, Avg: 0,05, Max: 0,10, Diff: 0,06, Sum: 0,82, Workers: 15
[46,686s][debug][gc,phases         ] GC(45)     GC Worker Total (ms):          Min: 60,81, Avg: 60,92, Max: 60,97, Diff: 0,16, Sum: 913,75, Workers: 15
[46,686s][info ][gc,phases         ] GC(45)   Post Evacuate Collection Set: 2,10ms
[46,686s][debug][gc,phases         ] GC(45)     NMethod List Cleanup: 0,02ms
[46,686s][debug][gc,phases         ] GC(45)     Reference Processing: 1,04ms
[46,686s][debug][gc,phases,ref     ] GC(45)       Notify Soft/WeakReferences: 0,6ms
[46,686s][debug][gc,phases,ref     ] GC(45)         Balance queues: 0,0ms
[46,686s][debug][gc,phases,ref     ] GC(45)         SoftRef (ms):                  Min: 0,00, Avg: 0,00, Max: 0,00, Diff: 0,00, Sum: 0,00, Workers: 3
[46,686s][debug][gc,phases,ref     ] GC(45)         WeakRef (ms):                  Min: 0,00, Avg: 0,00, Max: 0,00, Diff: 0,00, Sum: 0,00, Workers: 3
[46,686s][debug][gc,phases,ref     ] GC(45)         FinalRef (ms):                 Min: 0,06, Avg: 0,09, Max: 0,14, Diff: 0,08, Sum: 0,28, Workers: 3
[46,686s][debug][gc,phases,ref     ] GC(45)         Total (ms):                    Min: 0,14, Avg: 0,18, Max: 0,25, Diff: 0,11, Sum: 0,53, Workers: 3
[46,686s][debug][gc,phases,ref     ] GC(45)       Notify and keep alive finalizable: 0,4ms
[46,686s][debug][gc,phases,ref     ] GC(45)         Balance queues: 0,0ms
[46,686s][debug][gc,phases,ref     ] GC(45)         FinalRef (ms):                 Min: 0,08, Avg: 0,13, Max: 0,23, Diff: 0,15, Sum: 1,91, Workers: 15
[46,686s][debug][gc,phases,ref     ] GC(45)       Notify PhantomReferences: 0,1ms
[46,686s][debug][gc,phases,ref     ] GC(45)         PhantomRef (ms):               Min: 0,01, Avg: 0,01, Max: 0,01, Diff: 0,00, Sum: 0,01, Workers: 1
[46,686s][debug][gc,phases,ref     ] GC(45)       SoftReference Discovered: 0, Dropped: 0, Processed: 0
[46,686s][debug][gc,phases,ref     ] GC(45)       WeakReference Discovered: 0, Dropped: 0, Processed: 0
[46,686s][debug][gc,phases,ref     ] GC(45)       FinalReference Discovered: 2819, Dropped: 3, Processed: 2816
[46,686s][debug][gc,phases,ref     ] GC(45)       PhantomReference Discovered: 36, Dropped: 1, Processed: 35
[46,686s][debug][gc,phases         ] GC(45)     Weak Processing: 0,16ms
[46,686s][debug][gc,phases         ] GC(45)       VM Weak                        Min: 0,00, Avg: 0,00, Max: 0,00, Diff: 0,00, Sum: 0,02, Workers: 15
[46,686s][debug][gc,phases         ] GC(45)         Dead                           Min: 0, Avg:  0,0, Max: 0, Diff: 0, Sum: 0, Workers: 15
[46,686s][debug][gc,phases         ] GC(45)         Total                          Min: 0, Avg: 11,0, Max: 64, Diff: 64, Sum: 165, Workers: 15
[46,686s][debug][gc,phases         ] GC(45)       ObjectSynchronizer Weak        Min: 0,00, Avg: 0,00, Max: 0,00, Diff: 0,00, Sum: 0,01, Workers: 15
[46,686s][debug][gc,phases         ] GC(45)         Dead                           Min: 0, Avg:  0,0, Max: 0, Diff: 0, Sum: 0, Workers: 15
[46,686s][debug][gc,phases         ] GC(45)         Total                          Min: 0, Avg:  2,2, Max: 33, Diff: 33, Sum: 33, Workers: 15
[46,686s][debug][gc,phases         ] GC(45)       JVMTI Tag Weak OopStorage      Min: 0,00, Avg: 0,00, Max: 0,00, Diff: 0,00, Sum: 0,00, Workers: 15
[46,686s][debug][gc,phases         ] GC(45)         Dead                           Min: 0, Avg:  0,0, Max: 0, Diff: 0, Sum: 0, Workers: 15
[46,686s][debug][gc,phases         ] GC(45)         Total                          Min: 0, Avg:  0,0, Max: 0, Diff: 0, Sum: 0, Workers: 15
[46,686s][debug][gc,phases         ] GC(45)       StringTable Weak               Min: 0,00, Avg: 0,01, Max: 0,01, Diff: 0,01, Sum: 0,12, Workers: 15
[46,686s][debug][gc,phases         ] GC(45)         Dead                           Min: 0, Avg:  0,0, Max: 0, Diff: 0, Sum: 0, Workers: 15
[46,686s][debug][gc,phases         ] GC(45)         Total                          Min: 0, Avg: 566,1, Max: 1216, Diff: 1216, Sum: 8492, Workers: 15
[46,686s][debug][gc,phases         ] GC(45)       ResolvedMethodTable Weak       Min: 0,00, Avg: 0,00, Max: 0,00, Diff: 0,00, Sum: 0,03, Workers: 15
[46,686s][debug][gc,phases         ] GC(45)         Dead                           Min: 0, Avg:  0,0, Max: 0, Diff: 0, Sum: 0, Workers: 15
[46,686s][debug][gc,phases         ] GC(45)         Total                          Min: 0, Avg: 113,1, Max: 256, Diff: 256, Sum: 1697, Workers: 15
[46,686s][debug][gc,phases         ] GC(45)       JNI Weak                       Min: 0,00, Avg: 0,00, Max: 0,00, Diff: 0,00, Sum: 0,01, Workers: 15
[46,686s][debug][gc,phases         ] GC(45)         Dead                           Min: 0, Avg:  0,0, Max: 0, Diff: 0, Sum: 0, Workers: 15
[46,686s][debug][gc,phases         ] GC(45)         Total                          Min: 0, Avg:  0,0, Max: 0, Diff: 0, Sum: 0, Workers: 15
[46,686s][debug][gc,phases         ] GC(45)       StringDedup Table Weak         Min: 0,00, Avg: 0,01, Max: 0,02, Diff: 0,02, Sum: 0,16, Workers: 15
[46,686s][debug][gc,phases         ] GC(45)         Dead                           Min: 0, Avg:  0,0, Max: 0, Diff: 0, Sum: 0, Workers: 15
[46,686s][debug][gc,phases         ] GC(45)         Total                          Min: 0, Avg: 875,7, Max: 1600, Diff: 1600, Sum: 13136, Workers: 15
[46,686s][debug][gc,phases         ] GC(45)       StringDedup Requests0 Weak     Min: 0,00, Avg: 0,00, Max: 0,00, Diff: 0,00, Sum: 0,02, Workers: 15
[46,686s][debug][gc,phases         ] GC(45)         Dead                           Min: 0, Avg:  0,0, Max: 0, Diff: 0, Sum: 0, Workers: 15
[46,687s][debug][gc,phases         ] GC(45)         Total                          Min: 0, Avg: 12,8, Max: 64, Diff: 64, Sum: 192, Workers: 15
[46,687s][debug][gc,phases         ] GC(45)       StringDedup Requests1 Weak     Min: 0,00, Avg: 0,00, Max: 0,00, Diff: 0,00, Sum: 0,01, Workers: 15
[46,687s][debug][gc,phases         ] GC(45)         Dead                           Min: 0, Avg:  0,0, Max: 0, Diff: 0, Sum: 0, Workers: 15
[46,687s][debug][gc,phases         ] GC(45)         Total                          Min: 0, Avg:  0,0, Max: 0, Diff: 0, Sum: 0, Workers: 15
[46,687s][debug][gc,phases         ] GC(45)       Weak JFR Old Object Samples    Min: 0,00, Avg: 0,00, Max: 0,00, Diff: 0,00, Sum: 0,01, Workers: 15
[46,687s][debug][gc,phases         ] GC(45)         Dead                           Min: 0, Avg:  0,0, Max: 0, Diff: 0, Sum: 0, Workers: 15
[46,687s][debug][gc,phases         ] GC(45)         Total                          Min: 0, Avg:  0,0, Max: 0, Diff: 0, Sum: 0, Workers: 15
[46,687s][debug][gc,phases         ] GC(45)     Post Evacuate Cleanup 1: 0,34ms
[46,687s][debug][gc,phases         ] GC(45)       Merge Per-Thread State (ms):   Min: 0,06, Avg: 0,06, Max: 0,06, Diff: 0,00, Sum: 0,06, Workers: 1
[46,687s][debug][gc,phases         ] GC(45)         Copied Bytes                   Min: 35378040, Avg: 44600714,7, Max: 54195024, Diff: 18816984, Sum: 669010720, Workers: 15
[46,687s][debug][gc,phases         ] GC(45)         LAB Waste                      Min: 744, Avg: 7855,5, Max: 23464, Diff: 22720, Sum: 117832, Workers: 15
[46,687s][debug][gc,phases         ] GC(45)         LAB Undo Waste                 Min: 0, Avg:  0,0, Max: 0, Diff: 0, Sum: 0, Workers: 15
[46,687s][debug][gc,phases         ] GC(45)         Evac Fail Extra Cards          Min: 0, Avg:  0,4, Max: 2, Diff: 2, Sum: 6, Workers: 15
[46,687s][debug][gc,phases         ] GC(45)       Clear Logged Cards (ms):       Min: 0,00, Avg: 0,05, Max: 0,16, Diff: 0,16, Sum: 0,70, Workers: 15
[46,687s][debug][gc,phases         ] GC(45)       Recalculate Used Memory (ms):  Min: 0,03, Avg: 0,03, Max: 0,03, Diff: 0,00, Sum: 0,03, Workers: 1
[46,687s][debug][gc,phases         ] GC(45)       Restore Evacuation Failed Regions (ms): Min: 0,00, Avg: 0,05, Max: 0,09, Diff: 0,09, Sum: 0,76, Workers: 15
[46,687s][debug][gc,phases         ] GC(45)         Evacuation Failed Regions:     Min: 3, Avg:  3,0, Max: 3, Diff: 0, Sum: 3, Workers: 1
[46,687s][debug][gc,phases         ] GC(45)         Pinned Regions:                Min: 1, Avg:  1,0, Max: 1, Diff: 0, Sum: 3, Workers: 3
[46,687s][debug][gc,phases         ] GC(45)         Allocation Failed Regions:     skipped
[46,687s][debug][gc,phases         ] GC(45)         Remove Self Forwards (ms):     Min: 0,01, Avg: 0,04, Max: 0,06, Diff: 0,05, Sum: 0,42, Workers: 11
[46,687s][debug][gc,phases         ] GC(45)           Forward Chunks:                Min: 1, Avg:  4,1, Max: 7, Diff: 6, Sum: 37, Workers: 9
[46,687s][debug][gc,phases         ] GC(45)           Empty Forward Chunks:          Min: 5, Avg: 31,5, Max: 67, Diff: 62, Sum: 347, Workers: 11
[46,687s][debug][gc,phases         ] GC(45)           Forward Objects:               Min: 1, Avg:  4,2, Max: 7, Diff: 6, Sum: 38, Workers: 9
[46,687s][debug][gc,phases         ] GC(45)           Forward Bytes:                 Min: 48, Avg: 108328,0, Max: 216152, Diff: 216104, Sum: 974952, Workers: 9
[46,687s][debug][gc,phases         ] GC(45)     Post Evacuate Cleanup 2: 0,28ms
[46,687s][debug][gc,phases         ] GC(45)       Recalculate Used Memory (ms):  Min: 0,03, Avg: 0,03, Max: 0,03, Diff: 0,00, Sum: 0,03, Workers: 1
[46,687s][debug][gc,phases         ] GC(45)       Restore Preserved Marks (ms):  Min: 0,00, Avg: 0,00, Max: 0,00, Diff: 0,00, Sum: 0,01, Workers: 15
[46,687s][debug][gc,phases         ] GC(45)       Process Evacuation Failed Regions (ms): Min: 0,00, Avg: 0,00, Max: 0,01, Diff: 0,01, Sum: 0,03, Workers: 15
[46,687s][debug][gc,phases         ] GC(45)       Update Derived Pointers (ms):  Min: 0,00, Avg: 0,00, Max: 0,00, Diff: 0,00, Sum: 0,00, Workers: 1
[46,687s][debug][gc,phases         ] GC(45)       Eagerly Reclaim Humongous Objects (ms): skipped
[46,687s][debug][gc,phases         ] GC(45)         Humongous Total                skipped
[46,687s][debug][gc,phases         ] GC(45)         Humongous Candidates           skipped
[46,687s][debug][gc,phases         ] GC(45)         Humongous Reclaimed            skipped
[46,687s][debug][gc,phases         ] GC(45)       Sample CSet Candidates (ms):   skipped
[46,687s][debug][gc,phases         ] GC(45)       Redirty Logged Cards (ms):     Min: 0,00, Avg: 0,00, Max: 0,02, Diff: 0,02, Sum: 0,05, Workers: 15
[46,687s][debug][gc,phases         ] GC(45)         Redirtied Cards:               Min: 0, Avg: 134,1, Max: 1155, Diff: 1155, Sum: 2012, Workers: 15
[46,687s][debug][gc,phases         ] GC(45)       Resize TLABs (ms):             Min: 0,00, Avg: 0,00, Max: 0,01, Diff: 0,01, Sum: 0,01, Workers: 15
[46,687s][debug][gc,phases         ] GC(45)       Free Collection Set (ms):      Min: 0,06, Avg: 0,08, Max: 0,11, Diff: 0,05, Sum: 1,20, Workers: 15
[46,687s][debug][gc,phases         ] GC(45)     Rebuild Free List: 0,16ms
[46,687s][debug][gc,phases         ] GC(45)     Prepare For Mutator: 0,11ms
[46,687s][debug][gc,phases         ] GC(45)     Expand Heap After Collection: 0,00ms
[46,687s][info ][gc,phases         ] GC(45)   Other: 0,56ms
[46,687s][debug][gc,remset         ] GC(45) Coarsening (recent): Inline->AoC 0 (0) AoC->Howl 0 (0) Howl->Full 0 (0) Inline->AoC 0 (0) AoC->BitMap 0 (0) BitMap->Full 0 (0) 
[46,687s][debug][gc,remset         ] GC(45) Coarsening (all): Inline->AoC 4996 (0) AoC->Howl 2243 (0) Howl->Full 683 (0) Inline->AoC 13960 (0) AoC->BitMap 13475 (0) BitMap->Full 2919 (0) 
[46,687s][info ][gc,heap           ] GC(45) Eden regions: 492->0(427)
[46,687s][info ][gc,heap           ] GC(45) Survivor regions: 52->68(68)
[46,687s][info ][gc,heap           ] GC(45) Old regions: 411->450
[46,687s][info ][gc,heap           ] GC(45) Humongous regions: 0->0
[46,687s][info ][gc,metaspace      ] GC(45) Metaspace: 20737K(21056K)->20737K(21056K) NonClass: 18125K(18304K)->18125K(18304K) Class: 2611K(2752K)->2611K(2752K)
[46,687s][debug][gc,heap           ] GC(45) Heap after GC invocations=46 (full 0):
[46,687s][debug][gc,heap           ] GC(45)  garbage-first heap   total reserved 8388608K, committed 5242880K, used 2116641K [0x0000000600000000, 0x0000000800000000)
[46,687s][debug][gc,heap           ] GC(45)   region size 4096K, 68 young (278528K), 68 survivors (278528K)
[46,687s][debug][gc,heap           ] GC(45)  Metaspace       used 20737K, committed 21056K, reserved 1114112K
[46,687s][debug][gc,heap           ] GC(45)   class space    used 2611K, committed 2752K, reserved 1048576K
[46,687s][info ][gc                ] GC(45) Pause Young (Mixed) (G1 Evacuation Pause) (Evacuation Failure: Pinned) 3817M->2067M(5120M) 67,389ms
[46,687s][info ][gc,cpu            ] GC(45) User=0,92s Sys=0,00s Real=0,07s
[46,688s][debug][gc,refine         ] Concurrent refinement: wanted 0, cards: 2012, predicted: 4300, time: 1046,79ms
[46,688s][debug][gc,task           ] G1 Service Thread (Card Set Free Memory Task) (run: 2,565ms) (cpu: 0,178ms)
[46,817s][debug][gc,refine         ] Concurrent refinement: wanted 0, cards: 2012, predicted: 4146, time: 976,25ms
[46,941s][debug][gc,refine         ] Concurrent refinement: wanted 0, cards: 3292, predicted: 5385, time: 957,81ms
[47,064s][debug][gc,refine         ] Concurrent refinement: wanted 0, cards: 3292, predicted: 5294, time: 916,00ms
[47,186s][debug][gc,refine         ] Concurrent refinement: wanted 0, cards: 3292, predicted: 5203, time: 874,20ms
[47,304s][debug][gc,refine         ] Concurrent refinement: wanted 0, cards: 3292, predicted: 5114, time: 833,62ms
[47,417s][debug][gc,task,start     ] G1 Service Thread (Periodic GC Task) (run 0,220ms after schedule)
[47,417s][debug][gc,task           ] G1 Service Thread (Periodic GC Task) (run: 0,095ms) (cpu: 0,103ms)
[47,419s][debug][gc,refine         ] Concurrent refinement: wanted 0, cards: 3292, predicted: 5028, time: 794,28ms
[47,531s][debug][gc,refine         ] Concurrent refinement: wanted 0, cards: 3292, predicted: 4942, time: 754,93ms
[47,641s][debug][gc,refine         ] Concurrent refinement: wanted 0, cards: 3292, predicted: 4859, time: 716,82ms
[47,748s][debug][gc,refine         ] Concurrent refinement: wanted 0, cards: 3292, predicted: 4778, time: 679,93ms
[47,852s][debug][gc,refine         ] Concurrent refinement: wanted 0, cards: 3292, predicted: 4700, time: 644,28ms
[47,954s][debug][gc,refine         ] Concurrent refinement: wanted 0, cards: 3292, predicted: 4622, time: 608,62ms
[48,047s][debug][gc,ergo           ] GC(46) Initiate concurrent cycle (concurrent cycle initiation requested)
[48,047s][info ][gc,start          ] GC(46) Pause Young (Concurrent Start) (G1 Evacuation Pause)
[48,047s][debug][gc,heap           ] GC(46) Heap before GC invocations=46 (full 0):
[48,047s][debug][gc,heap           ] GC(46)  garbage-first heap   total reserved 8388608K, committed 5242880K, used 3861537K [0x0000000600000000, 0x0000000800000000)
[48,047s][debug][gc,heap           ] GC(46)   region size 4096K, 495 young (2027520K), 68 survivors (278528K)
[48,047s][debug][gc,heap           ] GC(46)  Metaspace       used 20739K, committed 21056K, reserved 1114112K
[48,047s][debug][gc,heap           ] GC(46)   class space    used 2611K, committed 2752K, reserved 1048576K
[48,047s][info ][gc,task           ] GC(46) Using 15 workers of 15 for evacuation
[48,047s][debug][gc,age            ] GC(46) Desired survivor size 130023424 bytes, new threshold 1 (max threshold 15)
[48,047s][debug][gc,tlab           ] GC(46) TLAB totals: thrds: 25  refills: 1429 max: 357 slow allocs: 952 max 99 waste:  0,9% gc: 9320000B max: 1060480B slow: 6175616B max: 800888B
[48,047s][debug][gc,refine,stats   ] GC(46) Mutator refinement: 0,00ms, refined: 0, precleaned: 0, dirtied: 1827
[48,047s][debug][gc,refine,stats   ] GC(46) Concurrent refinement: 0,00ms, refined: 0, precleaned: 0, dirtied: 0
[48,047s][debug][gc,refine,stats   ] GC(46) Total refinement: 0,00ms, refined: 0, precleaned: 0, dirtied: 1827
[48,047s][debug][gc,refine,stats   ] GC(46) Generate dirty cards rate: 1,34 cards/ms
[48,047s][debug][gc,alloc,region   ] GC(46) Mutator Allocation stats, regions: 427, wasted size: 4304B ( 0,0%)
[48,048s][debug][gc,ergo,cset      ] GC(46) Do not add marking candidates to collection set due to pause type.
[48,048s][debug][gc,ergo,cset      ] GC(46) Start adding retained candidates to collection set. Min 1 regions, available 3, time remaining 40,00ms, optional remaining 40,00ms
[48,048s][debug][gc,ergo,cset      ] GC(46) Retained candidates exhausted.
[48,048s][debug][gc,ergo,cset      ] GC(46) Finish adding retained candidates to collection set. Initial: 3, optional: 0, pinned: 0, predicted initial time: 0,16ms, predicted optional time: 0,00ms, time remaining: 39,84ms optional time remaining 39,84ms
[48,048s][debug][gc,ergo           ] GC(46) Running G1 Merge Heap Roots using 15 workers for 498 regions
[48,048s][debug][gc,remset         ] GC(46) Visited cards 175744 Total dirty 1384448 (12,69%) Total old 11821056 (1,49%)
[48,119s][debug][gc,ref            ] GC(46) ReferenceProcessor::execute queues: 3, RefProcThreadModel::Multi, marks_oops_alive: false
[48,119s][debug][gc,ref            ] GC(46) ReferenceProcessor::execute queues: 15, RefProcThreadModel::Multi, marks_oops_alive: true
[48,120s][debug][gc,ref            ] GC(46) ReferenceProcessor::execute queues: 1, RefProcThreadModel::Single, marks_oops_alive: false
[48,120s][debug][gc,ergo           ] GC(46) Running G1 Rebuild Free List Task using 15 workers for rebuilding free list of regions
[48,120s][debug][gc,plab           ] GC(46) Young PLAB allocation: allocated: 260046848B, wasted: 37216B, unused: 1748152B, used: 258261480B, undo waste: 0B, 
[48,120s][debug][gc,plab           ] GC(46) Young other allocation: region end waste: 0B, regions filled: 62, num plab filled: 138, direct allocated: 0B, num direct allocated: 0, failure used: 0B, failure wasted: 0B
[48,120s][debug][gc,plab           ] GC(46) Young sizing: calculated: 51652296B, actual: 52287304B
[48,120s][debug][gc,plab           ] GC(46) Old PLAB allocation: allocated: 494927872B, wasted: 77672B, unused: 18063784B, used: 476786416B, undo waste: 0B, 
[48,120s][debug][gc,plab           ] GC(46) Old other allocation: region end waste: 0B, regions filled: 119, num plab filled: 236, direct allocated: 0B, num direct allocated: 0, failure used: 0B, failure wasted: 0B
[48,120s][debug][gc,plab           ] GC(46) Old sizing: calculated: 95357280B, actual: 92360800B
[48,120s][debug][gc,task,start     ] G1 Service Thread (Card Set Free Memory Task) (run 0,009ms after schedule)
[48,120s][debug][gc,ergo,heap      ] GC(46) Heap expansion: short term pause time ratio 4,59% long term pause time ratio 3,94% threshold 7,69% pause time ratio 7,69% fully expanded false resize by 0B
[48,120s][debug][gc,mmu            ] GC(46) MMU: 73,1ms (200,0ms/201,0ms)
[48,120s][debug][gc,alloc,stats    ] Old generation allocation in the last mutator period, old gen allocated: 494927872B, humongous allocated: 0B, old gen growth: 494927872B.
[48,120s][debug][gc,ihop           ] GC(46) Basic information (value update), threshold: 1515217848B (28,22), target occupancy: 5368709120B, current occupancy: 2624620080B, recent allocation size: 494927872B, recent allocation duration: 1362,23ms, recent old gen allocation rate: 363321494,64B/s, recent marking phase length: 2686,05ms
[48,120s][debug][gc,ihop           ] GC(46) Adaptive IHOP information (value update), threshold: 1515217848B (29,71), internal target occupancy: 5100273664B, occupancy: 2624620080B, additional buffer size: 1740636160B, predicted old gen allocation rate: 723199755,18B/s, predicted marking phase length: 2550,36ms, prediction active: true
[48,120s][debug][gc,ergo,refine    ] GC(46) GC refinement: goal: 248683 + 796 / 20,00ms, actual: 3839 / 0,38ms, 
[48,120s][debug][gc,ergo,refine    ] GC(46) Unchanged pending cards target: 248683
[48,120s][info ][gc,phases         ] GC(46)   Pre Evacuate Collection Set: 0,49ms
[48,120s][debug][gc,phases         ] GC(46)     Reset Marking State (ms):      Min: 0,03, Avg: 0,03, Max: 0,03, Diff: 0,00, Sum: 0,03, Workers: 1
[48,121s][debug][gc,phases         ] GC(46)     Note Start Of Mark (ms):       Min: 0,04, Avg: 0,05, Max: 0,07, Diff: 0,02, Sum: 0,22, Workers: 4
[48,121s][debug][gc,phases         ] GC(46)     Pre Evacuate Prepare: 0,17ms
[48,121s][debug][gc,phases         ] GC(46)       JT Retire TLABs And Flush Logs (ms): Min: 0,00, Avg: 0,01, Max: 0,02, Diff: 0,02, Sum: 0,02, Workers: 2
[48,121s][debug][gc,phases         ] GC(46)       Non-JT Flush Logs (ms):        Min: 0,00, Avg: 0,00, Max: 0,00, Diff: 0,00, Sum: 0,00, Workers: 1
[48,121s][debug][gc,phases         ] GC(46)     Choose Collection Set: 0,07ms
[48,121s][debug][gc,phases         ] GC(46)     Region Register: 0,17ms
[48,121s][debug][gc,phases         ] GC(46)     Prepare Heap Roots: 0,00ms
[48,121s][info ][gc,phases         ] GC(46)   Merge Heap Roots: 0,46ms
[48,121s][debug][gc,phases         ] GC(46)     Prepare Merge Heap Roots: 0,02ms
[48,121s][debug][gc,phases         ] GC(46)     Remembered Sets (ms):          Min: 0,02, Avg: 0,12, Max: 0,15, Diff: 0,13, Sum: 1,77, Workers: 15
[48,121s][debug][gc,phases         ] GC(46)       Eager Reclaim (ms):            skipped
[48,121s][debug][gc,phases         ] GC(46)       Merged Inline                  Min: 0, Avg:  0,0, Max: 0, Diff: 0, Sum: 0, Workers: 15
[48,121s][debug][gc,phases         ] GC(46)       Merged ArrayOfCards            Min: 0, Avg:  0,0, Max: 0, Diff: 0, Sum: 0, Workers: 15
[48,121s][debug][gc,phases         ] GC(46)       Merged Howl                    Min: 0, Avg:  0,0, Max: 0, Diff: 0, Sum: 0, Workers: 15
[48,121s][debug][gc,phases         ] GC(46)       Merged Full                    Min: 0, Avg:  0,0, Max: 0, Diff: 0, Sum: 0, Workers: 15
[48,121s][debug][gc,phases         ] GC(46)       Merged Howl Inline             Min: 0, Avg:  0,0, Max: 0, Diff: 0, Sum: 0, Workers: 15
[48,121s][debug][gc,phases         ] GC(46)       Merged Howl ArrayOfCards       Min: 0, Avg:  0,0, Max: 0, Diff: 0, Sum: 0, Workers: 15
[48,121s][debug][gc,phases         ] GC(46)       Merged Howl BitMap             Min: 0, Avg:  0,0, Max: 0, Diff: 0, Sum: 0, Workers: 15
[48,121s][debug][gc,phases         ] GC(46)       Merged Howl Full               Min: 0, Avg:  0,0, Max: 0, Diff: 0, Sum: 0, Workers: 15
[48,121s][debug][gc,phases         ] GC(46)       Merged Cards                   Min: 8, Avg:  8,0, Max: 8, Diff: 0, Sum: 120, Workers: 15
[48,121s][debug][gc,phases         ] GC(46)     Log Buffers (ms):              Min: 0,00, Avg: 0,02, Max: 0,05, Diff: 0,05, Sum: 0,32, Workers: 15
[48,121s][debug][gc,phases         ] GC(46)       Dirty Cards:                   Min: 0, Avg: 255,9, Max: 812, Diff: 812, Sum: 3839, Workers: 15
[48,121s][debug][gc,phases         ] GC(46)       Skipped Cards:                 Min: 0, Avg:  0,0, Max: 0, Diff: 0, Sum: 0, Workers: 15
[48,121s][info ][gc,phases         ] GC(46)   Evacuate Collection Set: 70,48ms
[48,121s][debug][gc,phases         ] GC(46)     Ext Root Scanning (ms):        Min: 0,00, Avg: 0,04, Max: 0,35, Diff: 0,34, Sum: 0,64, Workers: 15
[48,121s][debug][gc,phases         ] GC(46)     Scan Heap Roots (ms):          Min: 0,08, Avg: 0,36, Max: 0,56, Diff: 0,48, Sum: 5,45, Workers: 15
[48,121s][debug][gc,phases         ] GC(46)       Scanned Cards:                 Min: 64, Avg: 254,1, Max: 428, Diff: 364, Sum: 3811, Workers: 15
[48,121s][debug][gc,phases         ] GC(46)       Scanned Blocks:                Min: 38, Avg: 217,1, Max: 330, Diff: 292, Sum: 3257, Workers: 15
[48,121s][debug][gc,phases         ] GC(46)       Claimed Chunks:                Min: 35, Avg: 183,1, Max: 291, Diff: 256, Sum: 2746, Workers: 15
[48,121s][debug][gc,phases         ] GC(46)       Found Roots:                   Min: 144, Avg: 363,9, Max: 605, Diff: 461, Sum: 5459, Workers: 15
[48,121s][debug][gc,phases         ] GC(46)     Code Root Scan (ms):           Min: 0,03, Avg: 0,04, Max: 0,05, Diff: 0,02, Sum: 0,58, Workers: 15
[48,121s][debug][gc,phases         ] GC(46)       Scanned Nmethods               Min: 0, Avg:  0,0, Max: 0, Diff: 0, Sum: 0, Workers: 15
[48,121s][debug][gc,phases         ] GC(46)     Object Copy (ms):              Min: 69,40, Avg: 69,70, Max: 70,02, Diff: 0,62, Sum: 1045,56, Workers: 15
[48,121s][debug][gc,phases         ] GC(46)     Termination (ms):              Min: 0,05, Avg: 0,08, Max: 0,13, Diff: 0,08, Sum: 1,26, Workers: 15
[48,121s][debug][gc,phases         ] GC(46)       Termination Attempts:          Min: 1, Avg:  1,0, Max: 1, Diff: 0, Sum: 15, Workers: 15
[48,121s][debug][gc,phases         ] GC(46)     GC Worker Other (ms):          Min: 0,05, Avg: 0,06, Max: 0,08, Diff: 0,03, Sum: 0,97, Workers: 15
[48,121s][debug][gc,phases         ] GC(46)     GC Worker Total (ms):          Min: 70,23, Avg: 70,30, Max: 70,35, Diff: 0,12, Sum: 1054,46, Workers: 15
[48,121s][info ][gc,phases         ] GC(46)   Post Evacuate Collection Set: 1,45ms
[48,121s][debug][gc,phases         ] GC(46)     NMethod List Cleanup: 0,01ms
[48,121s][debug][gc,phases         ] GC(46)     Reference Processing: 0,80ms
[48,121s][debug][gc,phases,ref     ] GC(46)       Notify Soft/WeakReferences: 0,3ms
[48,121s][debug][gc,phases,ref     ] GC(46)         Balance queues: 0,0ms
[48,121s][debug][gc,phases,ref     ] GC(46)         SoftRef (ms):                  Min: 0,00, Avg: 0,00, Max: 0,00, Diff: 0,00, Sum: 0,00, Workers: 3
[48,121s][debug][gc,phases,ref     ] GC(46)         WeakRef (ms):                  Min: 0,00, Avg: 0,00, Max: 0,00, Diff: 0,00, Sum: 0,00, Workers: 3
[48,121s][debug][gc,phases,ref     ] GC(46)         FinalRef (ms):                 Min: 0,08, Avg: 0,10, Max: 0,11, Diff: 0,04, Sum: 0,30, Workers: 3
[48,121s][debug][gc,phases,ref     ] GC(46)         Total (ms):                    Min: 0,12, Avg: 0,15, Max: 0,16, Diff: 0,04, Sum: 0,44, Workers: 3
[48,121s][debug][gc,phases,ref     ] GC(46)       Notify and keep alive finalizable: 0,4ms
[48,121s][debug][gc,phases,ref     ] GC(46)         Balance queues: 0,0ms
[48,121s][debug][gc,phases,ref     ] GC(46)         FinalRef (ms):                 Min: 0,10, Avg: 0,16, Max: 0,24, Diff: 0,15, Sum: 2,46, Workers: 15
[48,121s][debug][gc,phases,ref     ] GC(46)       Notify PhantomReferences: 0,1ms
[48,121s][debug][gc,phases,ref     ] GC(46)         PhantomRef (ms):               Min: 0,01, Avg: 0,01, Max: 0,01, Diff: 0,00, Sum: 0,01, Workers: 1
[48,121s][debug][gc,phases,ref     ] GC(46)       SoftReference Discovered: 0, Dropped: 0, Processed: 0
[48,121s][debug][gc,phases,ref     ] GC(46)       WeakReference Discovered: 0, Dropped: 0, Processed: 0
[48,121s][debug][gc,phases,ref     ] GC(46)       FinalReference Discovered: 2283, Dropped: 0, Processed: 2283
[48,121s][debug][gc,phases,ref     ] GC(46)       PhantomReference Discovered: 43, Dropped: 4, Processed: 39
[48,121s][debug][gc,phases         ] GC(46)     Weak Processing: 0,06ms
[48,121s][debug][gc,phases         ] GC(46)       VM Weak                        Min: 0,00, Avg: 0,00, Max: 0,00, Diff: 0,00, Sum: 0,01, Workers: 15
[48,121s][debug][gc,phases         ] GC(46)         Dead                           Min: 0, Avg:  0,0, Max: 0, Diff: 0, Sum: 0, Workers: 15
[48,121s][debug][gc,phases         ] GC(46)         Total                          Min: 0, Avg: 11,0, Max: 101, Diff: 101, Sum: 165, Workers: 15
[48,121s][debug][gc,phases         ] GC(46)       ObjectSynchronizer Weak        Min: 0,00, Avg: 0,00, Max: 0,00, Diff: 0,00, Sum: 0,00, Workers: 15
[48,121s][debug][gc,phases         ] GC(46)         Dead                           Min: 0, Avg:  0,0, Max: 0, Diff: 0, Sum: 0, Workers: 15
[48,121s][debug][gc,phases         ] GC(46)         Total                          Min: 0, Avg:  2,2, Max: 33, Diff: 33, Sum: 33, Workers: 15
[48,121s][debug][gc,phases         ] GC(46)       JVMTI Tag Weak OopStorage      Min: 0,00, Avg: 0,00, Max: 0,00, Diff: 0,00, Sum: 0,00, Workers: 15
[48,121s][debug][gc,phases         ] GC(46)         Dead                           Min: 0, Avg:  0,0, Max: 0, Diff: 0, Sum: 0, Workers: 15
[48,121s][debug][gc,phases         ] GC(46)         Total                          Min: 0, Avg:  0,0, Max: 0, Diff: 0, Sum: 0, Workers: 15
[48,121s][debug][gc,phases         ] GC(46)       StringTable Weak               Min: 0,00, Avg: 0,01, Max: 0,01, Diff: 0,01, Sum: 0,12, Workers: 15
[48,121s][debug][gc,phases         ] GC(46)         Dead                           Min: 0, Avg:  0,0, Max: 0, Diff: 0, Sum: 0, Workers: 15
[48,121s][debug][gc,phases         ] GC(46)         Total                          Min: 0, Avg: 566,1, Max: 1088, Diff: 1088, Sum: 8492, Workers: 15
[48,121s][debug][gc,phases         ] GC(46)       ResolvedMethodTable Weak       Min: 0,00, Avg: 0,00, Max: 0,00, Diff: 0,00, Sum: 0,04, Workers: 15
[48,121s][debug][gc,phases         ] GC(46)         Dead                           Min: 0, Avg:  0,0, Max: 0, Diff: 0, Sum: 0, Workers: 15
[48,121s][debug][gc,phases         ] GC(46)         Total                          Min: 0, Avg: 113,1, Max: 234, Diff: 234, Sum: 1697, Workers: 15
[48,121s][debug][gc,phases         ] GC(46)       JNI Weak                       Min: 0,00, Avg: 0,00, Max: 0,00, Diff: 0,00, Sum: 0,01, Workers: 15
[48,121s][debug][gc,phases         ] GC(46)         Dead                           Min: 0, Avg:  0,0, Max: 0, Diff: 0, Sum: 0, Workers: 15
[48,121s][debug][gc,phases         ] GC(46)         Total                          Min: 0, Avg:  0,0, Max: 0, Diff: 0, Sum: 0, Workers: 15
[48,121s][debug][gc,phases         ] GC(46)       StringDedup Table Weak         Min: 0,00, Avg: 0,01, Max: 0,02, Diff: 0,02, Sum: 0,15, Workers: 15
[48,121s][debug][gc,phases         ] GC(46)         Dead                           Min: 0, Avg:  0,0, Max: 0, Diff: 0, Sum: 0, Workers: 15
[48,121s][debug][gc,phases         ] GC(46)         Total                          Min: 0, Avg: 875,7, Max: 1472, Diff: 1472, Sum: 13136, Workers: 15
[48,121s][debug][gc,phases         ] GC(46)       StringDedup Requests0 Weak     Min: 0,00, Avg: 0,00, Max: 0,00, Diff: 0,00, Sum: 0,01, Workers: 15
[48,121s][debug][gc,phases         ] GC(46)         Dead                           Min: 0, Avg:  0,0, Max: 0, Diff: 0, Sum: 0, Workers: 15
[48,121s][debug][gc,phases         ] GC(46)         Total                          Min: 0, Avg:  0,0, Max: 0, Diff: 0, Sum: 0, Workers: 15
[48,121s][debug][gc,phases         ] GC(46)       StringDedup Requests1 Weak     Min: 0,00, Avg: 0,00, Max: 0,00, Diff: 0,00, Sum: 0,01, Workers: 15
[48,121s][debug][gc,phases         ] GC(46)         Dead                           Min: 0, Avg:  0,0, Max: 0, Diff: 0, Sum: 0, Workers: 15
[48,121s][debug][gc,phases         ] GC(46)         Total                          Min: 0, Avg: 12,8, Max: 64, Diff: 64, Sum: 192, Workers: 15
[48,121s][debug][gc,phases         ] GC(46)       Weak JFR Old Object Samples    Min: 0,00, Avg: 0,00, Max: 0,00, Diff: 0,00, Sum: 0,00, Workers: 15
[48,121s][debug][gc,phases         ] GC(46)         Dead                           Min: 0, Avg:  0,0, Max: 0, Diff: 0, Sum: 0, Workers: 15
[48,121s][debug][gc,phases         ] GC(46)         Total                          Min: 0, Avg:  0,0, Max: 0, Diff: 0, Sum: 0, Workers: 15
[48,121s][debug][gc,phases         ] GC(46)     Post Evacuate Cleanup 1: 0,18ms
[48,121s][debug][gc,phases         ] GC(46)       Merge Per-Thread State (ms):   Min: 0,05, Avg: 0,05, Max: 0,05, Diff: 0,00, Sum: 0,05, Workers: 1
[48,121s][debug][gc,phases         ] GC(46)         Copied Bytes                   Min: 39917264, Avg: 49003193,1, Max: 58889688, Diff: 18972424, Sum: 735047896, Workers: 15
[48,121s][debug][gc,phases         ] GC(46)         LAB Waste                      Min: 704, Avg: 7659,2, Max: 15168, Diff: 14464, Sum: 114888, Workers: 15
[48,121s][debug][gc,phases         ] GC(46)         LAB Undo Waste                 Min: 0, Avg:  0,0, Max: 0, Diff: 0, Sum: 0, Workers: 15
[48,121s][debug][gc,phases         ] GC(46)         Evac Fail Extra Cards          Min: 0, Avg:  0,0, Max: 0, Diff: 0, Sum: 0, Workers: 15
[48,121s][debug][gc,phases         ] GC(46)       Clear Logged Cards (ms):       Min: 0,00, Avg: 0,08, Max: 0,15, Diff: 0,15, Sum: 0,49, Workers: 6
[48,121s][debug][gc,phases         ] GC(46)       Recalculate Used Memory (ms):  Min: 0,00, Avg: 0,00, Max: 0,00, Diff: 0,00, Sum: 0,00, Workers: 1
[48,121s][debug][gc,phases         ] GC(46)     Post Evacuate Cleanup 2: 0,26ms
[48,121s][debug][gc,phases         ] GC(46)       Update Derived Pointers (ms):  Min: 0,01, Avg: 0,01, Max: 0,01, Diff: 0,00, Sum: 0,01, Workers: 1
[48,121s][debug][gc,phases         ] GC(46)       Eagerly Reclaim Humongous Objects (ms): skipped
[48,121s][debug][gc,phases         ] GC(46)         Humongous Total                skipped
[48,121s][debug][gc,phases         ] GC(46)         Humongous Candidates           skipped
[48,121s][debug][gc,phases         ] GC(46)         Humongous Reclaimed            skipped
[48,121s][debug][gc,phases         ] GC(46)       Redirty Logged Cards (ms):     Min: 0,00, Avg: 0,00, Max: 0,02, Diff: 0,02, Sum: 0,04, Workers: 15
[48,122s][debug][gc,phases         ] GC(46)         Redirtied Cards:               Min: 0, Avg: 98,5, Max: 805, Diff: 805, Sum: 1477, Workers: 15
[48,122s][debug][gc,phases         ] GC(46)       Resize TLABs (ms):             Min: 0,00, Avg: 0,00, Max: 0,01, Diff: 0,01, Sum: 0,01, Workers: 15
[48,122s][debug][gc,phases         ] GC(46)       Free Collection Set (ms):      Min: 0,03, Avg: 0,07, Max: 0,11, Diff: 0,07, Sum: 1,05, Workers: 15
[48,122s][debug][gc,phases         ] GC(46)     Rebuild Free List: 0,08ms
[48,122s][debug][gc,phases         ] GC(46)     Prepare For Mutator: 0,06ms
[48,122s][debug][gc,phases         ] GC(46)     Expand Heap After Collection: 0,00ms
[48,122s][info ][gc,phases         ] GC(46)   Other: 0,34ms
[48,122s][debug][gc,remset         ] GC(46) Coarsening (recent): Inline->AoC 0 (0) AoC->Howl 0 (0) Howl->Full 0 (0) Inline->AoC 0 (0) AoC->BitMap 0 (0) BitMap->Full 0 (0) 
[48,122s][debug][gc,remset         ] GC(46) Coarsening (all): Inline->AoC 4996 (0) AoC->Howl 2243 (0) Howl->Full 683 (0) Inline->AoC 13960 (0) AoC->BitMap 13475 (0) BitMap->Full 2919 (0) 
[48,122s][info ][gc,heap           ] GC(46) Eden regions: 427->0(353)
[48,122s][info ][gc,heap           ] GC(46) Survivor regions: 68->62(62)
[48,122s][info ][gc,heap           ] GC(46) Old regions: 450->565
[48,122s][info ][gc,heap           ] GC(46) Humongous regions: 0->0
[48,122s][info ][gc,metaspace      ] GC(46) Metaspace: 20739K(21056K)->20739K(21056K) NonClass: 18127K(18304K)->18127K(18304K) Class: 2611K(2752K)->2611K(2752K)
[48,122s][debug][gc,heap           ] GC(46) Heap after GC invocations=47 (full 0):
[48,122s][debug][gc,heap           ] GC(46)  garbage-first heap   total reserved 8388608K, committed 5242880K, used 2563105K [0x0000000600000000, 0x0000000800000000)
[48,122s][debug][gc,heap           ] GC(46)   region size 4096K, 62 young (253952K), 62 survivors (253952K)
[48,122s][debug][gc,heap           ] GC(46)  Metaspace       used 20739K, committed 21056K, reserved 1114112K
[48,122s][debug][gc,heap           ] GC(46)   class space    used 2611K, committed 2752K, reserved 1048576K
[48,122s][info ][gc                ] GC(46) Pause Young (Concurrent Start) (G1 Evacuation Pause) 3775M->2503M(5120M) 74,532ms
[48,122s][info ][gc,cpu            ] GC(46) User=1,06s Sys=0,00s Real=0,07s
[48,122s][debug][gc,task           ] G1 Service Thread (Card Set Free Memory Task) (run: 1,447ms) (cpu: 0,080ms)
[48,122s][info ][gc                ] GC(47) Concurrent Mark Cycle
[48,122s][info ][gc,marking        ] GC(47) Concurrent Scan Root Regions
[48,122s][debug][gc,ergo           ] GC(47) Running G1 Root Region Scan using 4 workers for 181 work units.
[48,122s][debug][gc,refine         ] Concurrent refinement: wanted 0, cards: 1477, predicted: 3307, time: 907,36ms
[48,173s][info ][gc,marking        ] GC(47) Concurrent Scan Root Regions 51,444ms
[48,173s][info ][gc,marking        ] GC(47) Concurrent Mark
[48,173s][info ][gc,marking        ] GC(47) Concurrent Mark From Roots
[48,173s][info ][gc,task           ] GC(47) Using 4 workers of 4 for marking
[48,220s][debug][gc,stats          ] ---------------------------------------------------------------------
[48,220s][debug][gc,stats          ] Marking Stats, task = 0, calls = 5
[48,220s][debug][gc,stats          ]   Elapsed time = 46,29ms, Termination time = 0,02ms
[48,220s][debug][gc,stats          ]   Step Times (cum): num = 163, avg = 2,72ms, sd = 4,26ms max = 12,00ms, total = 443,23ms
[48,220s][debug][gc,stats          ]   Mark Stats Cache: hits 826250 misses 1 ratio 100,000
[48,220s][debug][gc,stats          ] ---------------------------------------------------------------------
[48,220s][debug][gc,stats          ] Marking Stats, task = 1, calls = 5
[48,220s][debug][gc,stats          ]   Elapsed time = 46,23ms, Termination time = 0,01ms
[48,220s][debug][gc,stats          ]   Step Times (cum): num = 67, avg = 6,51ms, sd = 4,38ms max = 12,00ms, total = 436,27ms
[48,220s][debug][gc,stats          ]   Mark Stats Cache: hits 999973 misses 1 ratio 100,000
[48,220s][debug][gc,stats          ] ---------------------------------------------------------------------
[48,220s][debug][gc,stats          ] Marking Stats, task = 2, calls = 5
[48,220s][debug][gc,stats          ]   Elapsed time = 46,18ms, Termination time = 0,01ms
[48,220s][debug][gc,stats          ]   Step Times (cum): num = 67, avg = 6,59ms, sd = 4,38ms max = 12,00ms, total = 441,57ms
[48,220s][debug][gc,stats          ]   Mark Stats Cache: hits 991287 misses 1 ratio 100,000
[48,220s][debug][gc,stats          ] ---------------------------------------------------------------------
[48,220s][debug][gc,stats          ] Marking Stats, task = 3, calls = 5
[48,220s][debug][gc,stats          ]   Elapsed time = 46,18ms, Termination time = 0,02ms
[48,220s][debug][gc,stats          ]   Step Times (cum): num = 69, avg = 6,43ms, sd = 4,42ms max = 12,01ms, total = 443,58ms
[48,220s][debug][gc,stats          ]   Mark Stats Cache: hits 954728 misses 1 ratio 100,000
[48,220s][debug][gc,stats          ] ---------------------------------------------------------------------
[48,220s][info ][gc,marking        ] GC(47) Concurrent Mark From Roots 46,731ms
[48,220s][info ][gc,marking        ] GC(47) Concurrent Preclean
[48,220s][debug][gc,ref,start      ] GC(47) Preclean SoftReferences
[48,220s][debug][gc,ref            ] GC(47) Preclean SoftReferences 0,011ms
[48,220s][debug][gc,ref,start      ] GC(47) Preclean WeakReferences
[48,220s][debug][gc,ref            ] GC(47) Preclean WeakReferences 0,035ms
[48,220s][debug][gc,ref,start      ] GC(47) Preclean FinalReferences
[48,220s][debug][gc,ref            ] GC(47) Preclean FinalReferences 0,010ms
[48,220s][debug][gc,ref,start      ] GC(47) Preclean PhantomReferences
[48,220s][debug][gc,ref            ] GC(47) Preclean PhantomReferences 0,035ms
[48,220s][info ][gc,marking        ] GC(47) Concurrent Preclean 0,139ms
[48,220s][info ][gc,start          ] GC(47) Pause Remark
[48,220s][debug][gc,phases,start   ] GC(47) Finalize Marking
[48,221s][debug][gc,stats          ] ---------------------------------------------------------------------
[48,221s][debug][gc,stats          ] Marking Stats, task = 0, calls = 6
[48,221s][debug][gc,stats          ]   Elapsed time = 0,19ms, Termination time = 0,19ms
[48,221s][debug][gc,stats          ]   Step Times (cum): num = 164, avg = 2,70ms, sd = 4,25ms max = 12,00ms, total = 443,26ms
[48,221s][debug][gc,stats          ]   Mark Stats Cache: hits 826250 misses 1 ratio 100,000
[48,221s][debug][gc,stats          ] ---------------------------------------------------------------------
[48,221s][debug][gc,stats          ] Marking Stats, task = 1, calls = 6
[48,221s][debug][gc,stats          ]   Elapsed time = 0,30ms, Termination time = 0,29ms
[48,221s][debug][gc,stats          ]   Step Times (cum): num = 68, avg = 6,42ms, sd = 4,42ms max = 12,00ms, total = 436,27ms
[48,221s][debug][gc,stats          ]   Mark Stats Cache: hits 999973 misses 1 ratio 100,000
[48,221s][debug][gc,stats          ] ---------------------------------------------------------------------
[48,221s][debug][gc,stats          ] Marking Stats, task = 2, calls = 6
[48,221s][debug][gc,stats          ]   Elapsed time = 0,15ms, Termination time = 0,16ms
[48,221s][debug][gc,stats          ]   Step Times (cum): num = 68, avg = 6,49ms, sd = 4,42ms max = 12,00ms, total = 441,59ms
[48,221s][debug][gc,stats          ]   Mark Stats Cache: hits 991287 misses 1 ratio 100,000
[48,221s][debug][gc,stats          ] ---------------------------------------------------------------------
[48,221s][debug][gc,stats          ] Marking Stats, task = 3, calls = 6
[48,221s][debug][gc,stats          ]   Elapsed time = 0,11ms, Termination time = 0,12ms
[48,221s][debug][gc,stats          ]   Step Times (cum): num = 70, avg = 6,34ms, sd = 4,45ms max = 12,01ms, total = 443,61ms
[48,221s][debug][gc,stats          ]   Mark Stats Cache: hits 954728 misses 1 ratio 100,000
[48,221s][debug][gc,stats          ] ---------------------------------------------------------------------
[48,221s][debug][gc,stats          ] Marking Stats, task = 4, calls = 1
[48,221s][debug][gc,stats          ]   Elapsed time = 0,11ms, Termination time = 0,10ms
[48,221s][debug][gc,stats          ]   Step Times (cum): num = 11, avg = 0,03ms, sd = 0,01ms max = 0,05ms, total = 0,34ms
[48,221s][debug][gc,stats          ]   Mark Stats Cache: hits 0 misses 0 ratio 0,000
[48,221s][debug][gc,stats          ] ---------------------------------------------------------------------
[48,221s][debug][gc,stats          ] Marking Stats, task = 5, calls = 1
[48,221s][debug][gc,stats          ]   Elapsed time = 0,16ms, Termination time = 0,15ms
[48,221s][debug][gc,stats          ]   Step Times (cum): num = 11, avg = 0,03ms, sd = 0,02ms max = 0,08ms, total = 0,34ms
[48,221s][debug][gc,stats          ]   Mark Stats Cache: hits 66 misses 0 ratio 100,000
[48,221s][debug][gc,stats          ] ---------------------------------------------------------------------
[48,221s][debug][gc,stats          ] Marking Stats, task = 6, calls = 1
[48,221s][debug][gc,stats          ]   Elapsed time = 0,15ms, Termination time = 0,14ms
[48,221s][debug][gc,stats          ]   Step Times (cum): num = 11, avg = 0,04ms, sd = 0,02ms max = 0,10ms, total = 0,41ms
[48,221s][debug][gc,stats          ]   Mark Stats Cache: hits 60 misses 1 ratio 98,361
[48,221s][debug][gc,stats          ] ---------------------------------------------------------------------
[48,221s][debug][gc,stats          ] Marking Stats, task = 7, calls = 1
[48,221s][debug][gc,stats          ]   Elapsed time = 0,09ms, Termination time = 0,08ms
[48,221s][debug][gc,stats          ]   Step Times (cum): num = 11, avg = 0,04ms, sd = 0,02ms max = 0,08ms, total = 0,44ms
[48,221s][debug][gc,stats          ]   Mark Stats Cache: hits 26 misses 1 ratio 96,296
[48,221s][debug][gc,stats          ] ---------------------------------------------------------------------
[48,221s][debug][gc,stats          ] Marking Stats, task = 8, calls = 1
[48,221s][debug][gc,stats          ]   Elapsed time = 0,10ms, Termination time = 0,09ms
[48,221s][debug][gc,stats          ]   Step Times (cum): num = 11, avg = 0,04ms, sd = 0,01ms max = 0,06ms, total = 0,44ms
[48,221s][debug][gc,stats          ]   Mark Stats Cache: hits 8 misses 0 ratio 100,000
[48,221s][debug][gc,stats          ] ---------------------------------------------------------------------
[48,221s][debug][gc,stats          ] Marking Stats, task = 9, calls = 1
[48,221s][debug][gc,stats          ]   Elapsed time = 0,09ms, Termination time = 0,08ms
[48,221s][debug][gc,stats          ]   Step Times (cum): num = 11, avg = 0,04ms, sd = 0,01ms max = 0,05ms, total = 0,44ms
[48,221s][debug][gc,stats          ]   Mark Stats Cache: hits 0 misses 0 ratio 0,000
[48,221s][debug][gc,stats          ] ---------------------------------------------------------------------
[48,221s][debug][gc,stats          ] Marking Stats, task = 10, calls = 1
[48,221s][debug][gc,stats          ]   Elapsed time = 0,10ms, Termination time = 0,09ms
[48,221s][debug][gc,stats          ]   Step Times (cum): num = 11, avg = 0,04ms, sd = 0,01ms max = 0,06ms, total = 0,47ms
[48,221s][debug][gc,stats          ]   Mark Stats Cache: hits 0 misses 0 ratio 0,000
[48,221s][debug][gc,stats          ] ---------------------------------------------------------------------
[48,221s][debug][gc,stats          ] Marking Stats, task = 11, calls = 1
[48,221s][debug][gc,stats          ]   Elapsed time = 0,03ms, Termination time = 0,02ms
[48,221s][debug][gc,stats          ]   Step Times (cum): num = 11, avg = 0,05ms, sd = 0,01ms max = 0,06ms, total = 0,51ms
[48,221s][debug][gc,stats          ]   Mark Stats Cache: hits 0 misses 0 ratio 0,000
[48,221s][debug][gc,stats          ] ---------------------------------------------------------------------
[48,221s][debug][gc,stats          ] Marking Stats, task = 12, calls = 1
[48,221s][debug][gc,stats          ]   Elapsed time = 0,03ms, Termination time = 0,02ms
[48,221s][debug][gc,stats          ]   Step Times (cum): num = 11, avg = 0,04ms, sd = 0,02ms max = 0,06ms, total = 0,43ms
[48,221s][debug][gc,stats          ]   Mark Stats Cache: hits 0 misses 0 ratio 0,000
[48,221s][debug][gc,stats          ] ---------------------------------------------------------------------
[48,221s][debug][gc,stats          ] Marking Stats, task = 13, calls = 1
[48,221s][debug][gc,stats          ]   Elapsed time = 0,04ms, Termination time = 0,03ms
[48,221s][debug][gc,stats          ]   Step Times (cum): num = 11, avg = 0,03ms, sd = 0,03ms max = 0,06ms, total = 0,31ms
[48,221s][debug][gc,stats          ]   Mark Stats Cache: hits 0 misses 0 ratio 0,000
[48,221s][debug][gc,stats          ] ---------------------------------------------------------------------
[48,221s][debug][gc,stats          ] Marking Stats, task = 14, calls = 1
[48,221s][debug][gc,stats          ]   Elapsed time = 0,02ms, Termination time = 0,01ms
[48,221s][debug][gc,stats          ]   Step Times (cum): num = 11, avg = 0,03ms, sd = 0,02ms max = 0,06ms, total = 0,32ms
[48,221s][debug][gc,stats          ]   Mark Stats Cache: hits 0 misses 0 ratio 0,000
[48,221s][debug][gc,stats          ] ---------------------------------------------------------------------
[48,221s][debug][gc,phases         ] GC(47) Finalize Marking 1,038ms
[48,221s][debug][gc,phases,start   ] GC(47) Reference Processing
[48,221s][debug][gc,ref            ] GC(47) ReferenceProcessor::execute queues: 1, RefProcThreadModel::Single, marks_oops_alive: false
[48,221s][debug][gc,ref            ] GC(47) ReferenceProcessor::execute queues: 15, RefProcThreadModel::Multi, marks_oops_alive: true
[48,222s][debug][gc,ref            ] GC(47) Skipped PhantomRefsPhase of Reference Processing: no references
[48,222s][debug][gc,phases,ref     ] GC(47) Reference Processing: 0,3ms
[48,222s][debug][gc,phases,ref     ] GC(47)   Notify Soft/WeakReferences: 0,0ms
[48,222s][debug][gc,phases,ref     ] GC(47)     SoftRef (ms):                  Min: 0,00, Avg: 0,00, Max: 0,00, Diff: 0,00, Sum: 0,00, Workers: 1
[48,222s][debug][gc,phases,ref     ] GC(47)     WeakRef (ms):                  Min: 0,00, Avg: 0,00, Max: 0,00, Diff: 0,00, Sum: 0,00, Workers: 1
[48,222s][debug][gc,phases,ref     ] GC(47)     FinalRef (ms):                 Min: 0,00, Avg: 0,00, Max: 0,00, Diff: 0,00, Sum: 0,00, Workers: 1
[48,222s][debug][gc,phases,ref     ] GC(47)     Total (ms):                    Min: 0,02, Avg: 0,02, Max: 0,02, Diff: 0,00, Sum: 0,02, Workers: 1
[48,222s][debug][gc,phases,ref     ] GC(47)   Notify and keep alive finalizable: 0,3ms
[48,222s][debug][gc,phases,ref     ] GC(47)     Balance queues: 0,0ms
[48,222s][debug][gc,phases,ref     ] GC(47)     FinalRef (ms):                 Min: 0,02, Avg: 0,07, Max: 0,19, Diff: 0,16, Sum: 1,07, Workers: 15
[48,222s][debug][gc,phases,ref     ] GC(47)   Notify PhantomReferences: 0,0ms
[48,222s][debug][gc,phases,ref     ] GC(47)     PhantomRef (ms):               skipped
[48,222s][debug][gc,phases,ref     ] GC(47)   SoftReference Discovered: 0, Dropped: 0, Processed: 0
[48,222s][debug][gc,phases,ref     ] GC(47)   WeakReference Discovered: 0, Dropped: 0, Processed: 0
[48,222s][debug][gc,phases,ref     ] GC(47)   FinalReference Discovered: 9, Dropped: 0, Processed: 9
[48,222s][debug][gc,phases,ref     ] GC(47)   PhantomReference Discovered: 0, Dropped: 0, Processed: 0
[48,222s][debug][gc,phases         ] GC(47) Reference Processing 0,455ms
[48,222s][debug][gc,phases,start   ] GC(47) Weak Processing
[48,222s][debug][gc,phases         ] GC(47)   VM Weak                        Min: 0,00, Avg: 0,00, Max: 0,00, Diff: 0,00, Sum: 0,02, Workers: 15
[48,222s][debug][gc,phases         ] GC(47)     Dead                           Min: 0, Avg:  0,0, Max: 0, Diff: 0, Sum: 0, Workers: 15
[48,222s][debug][gc,phases         ] GC(47)     Total                          Min: 0, Avg: 11,0, Max: 101, Diff: 101, Sum: 165, Workers: 15
[48,222s][debug][gc,phases         ] GC(47)   ObjectSynchronizer Weak        Min: 0,00, Avg: 0,00, Max: 0,00, Diff: 0,00, Sum: 0,01, Workers: 15
[48,222s][debug][gc,phases         ] GC(47)     Dead                           Min: 0, Avg:  0,0, Max: 0, Diff: 0, Sum: 0, Workers: 15
[48,222s][debug][gc,phases         ] GC(47)     Total                          Min: 0, Avg:  2,2, Max: 33, Diff: 33, Sum: 33, Workers: 15
[48,222s][debug][gc,phases         ] GC(47)   JVMTI Tag Weak OopStorage      Min: 0,00, Avg: 0,00, Max: 0,00, Diff: 0,00, Sum: 0,00, Workers: 15
[48,222s][debug][gc,phases         ] GC(47)     Dead                           Min: 0, Avg:  0,0, Max: 0, Diff: 0, Sum: 0, Workers: 15
[48,222s][debug][gc,phases         ] GC(47)     Total                          Min: 0, Avg:  0,0, Max: 0, Diff: 0, Sum: 0, Workers: 15
[48,222s][debug][gc,phases         ] GC(47)   StringTable Weak               Min: 0,00, Avg: 0,01, Max: 0,04, Diff: 0,04, Sum: 0,12, Workers: 15
[48,222s][debug][gc,phases         ] GC(47)     Dead                           Min: 0, Avg:  0,0, Max: 0, Diff: 0, Sum: 0, Workers: 15
[48,222s][debug][gc,phases         ] GC(47)     Total                          Min: 0, Avg: 566,1, Max: 2944, Diff: 2944, Sum: 8492, Workers: 15
[48,222s][debug][gc,phases         ] GC(47)   ResolvedMethodTable Weak       Min: 0,00, Avg: 0,00, Max: 0,01, Diff: 0,01, Sum: 0,03, Workers: 15
[48,222s][debug][gc,phases         ] GC(47)     Dead                           Min: 0, Avg:  0,0, Max: 0, Diff: 0, Sum: 0, Workers: 15
[48,222s][debug][gc,phases         ] GC(47)     Total                          Min: 0, Avg: 113,1, Max: 637, Diff: 637, Sum: 1697, Workers: 15
[48,222s][debug][gc,phases         ] GC(47)   JNI Weak                       Min: 0,00, Avg: 0,00, Max: 0,00, Diff: 0,00, Sum: 0,00, Workers: 15
[48,222s][debug][gc,phases         ] GC(47)     Dead                           Min: 0, Avg:  0,0, Max: 0, Diff: 0, Sum: 0, Workers: 15
[48,222s][debug][gc,phases         ] GC(47)     Total                          Min: 0, Avg:  0,0, Max: 0, Diff: 0, Sum: 0, Workers: 15
[48,222s][debug][gc,phases         ] GC(47)   StringDedup Table Weak         Min: 0,00, Avg: 0,02, Max: 0,04, Diff: 0,04, Sum: 0,29, Workers: 15
[48,222s][debug][gc,phases         ] GC(47)     Dead                           Min: 0, Avg:  0,0, Max: 0, Diff: 0, Sum: 0, Workers: 15
[48,222s][debug][gc,phases         ] GC(47)     Total                          Min: 0, Avg: 875,7, Max: 3520, Diff: 3520, Sum: 13136, Workers: 15
[48,222s][debug][gc,phases         ] GC(47)   StringDedup Requests0 Weak     Min: 0,00, Avg: 0,00, Max: 0,00, Diff: 0,00, Sum: 0,00, Workers: 15
[48,222s][debug][gc,phases         ] GC(47)     Dead                           Min: 0, Avg:  0,0, Max: 0, Diff: 0, Sum: 0, Workers: 15
[48,222s][debug][gc,phases         ] GC(47)     Total                          Min: 0, Avg:  0,0, Max: 0, Diff: 0, Sum: 0, Workers: 15
[48,222s][debug][gc,phases         ] GC(47)   StringDedup Requests1 Weak     Min: 0,00, Avg: 0,00, Max: 0,00, Diff: 0,00, Sum: 0,00, Workers: 15
[48,222s][debug][gc,phases         ] GC(47)     Dead                           Min: 0, Avg:  0,0, Max: 0, Diff: 0, Sum: 0, Workers: 15
[48,222s][debug][gc,phases         ] GC(47)     Total                          Min: 0, Avg:  0,0, Max: 0, Diff: 0, Sum: 0, Workers: 15
[48,222s][debug][gc,phases         ] GC(47)   Weak JFR Old Object Samples    Min: 0,00, Avg: 0,00, Max: 0,00, Diff: 0,00, Sum: 0,00, Workers: 15
[48,222s][debug][gc,phases         ] GC(47)     Dead                           Min: 0, Avg:  0,0, Max: 0, Diff: 0, Sum: 0, Workers: 15
[48,222s][debug][gc,phases         ] GC(47)     Total                          Min: 0, Avg:  0,0, Max: 0, Diff: 0, Sum: 0, Workers: 15
[48,222s][debug][gc,phases         ] GC(47) Weak Processing 0,440ms
[48,222s][debug][gc,phases,start   ] GC(47) Class Unloading
[48,222s][debug][gc,phases,start   ] GC(47) ClassLoaderData
[48,222s][debug][gc,phases         ] GC(47) ClassLoaderData 0,040ms
[48,222s][debug][gc,phases,start   ] GC(47) Trigger cleanups
[48,222s][debug][gc,phases         ] GC(47) Trigger cleanups 0,009ms
[48,222s][debug][gc,phases,start   ] GC(47) G1 Complete Cleaning
[48,223s][debug][gc,phases         ] GC(47) G1 Complete Cleaning 0,723ms
[48,223s][debug][gc,phases,start   ] GC(47) Purge Unlinked NMethods
[48,223s][debug][gc,phases         ] GC(47) Purge Unlinked NMethods 0,033ms
[48,223s][debug][gc,phases,start   ] GC(47) Free Code Blobs
[48,223s][debug][gc,phases         ] GC(47) Free Code Blobs 0,023ms
[48,223s][debug][gc,phases,start   ] GC(47) Purge Class Loader Data
[48,223s][debug][gc,phases         ] GC(47) Purge Class Loader Data 0,010ms
[48,223s][debug][gc,phases         ] GC(47) Class Unloading 0,909ms
[48,223s][debug][gc,phases,start   ] GC(47) Flush Task Caches
[48,223s][debug][gc,stats          ] Mark stats cache hits 3772407 misses 6 ratio 100,000
[48,223s][debug][gc,phases         ] GC(47) Flush Task Caches 0,053ms
[48,223s][debug][gc,phases,start   ] GC(47) Update Remembered Set Tracking Before Rebuild
[48,223s][debug][gc,ergo           ] GC(47) Running G1 Update RemSet Tracking Before Rebuild using 4 workers for 1280 regions in heap
[48,223s][debug][gc,remset,tracking] GC(47) Remembered Set Tracking update regions total 1280, selected 174
[48,223s][debug][gc,phases         ] GC(47) Update Remembered Set Tracking Before Rebuild 0,152ms
[48,223s][debug][gc,phases,start   ] GC(47) Reclaim Empty Regions
[48,224s][debug][gc                ] GC(47) Reclaimed 240 empty regions
[48,224s][debug][gc,phases         ] GC(47) Reclaim Empty Regions 0,229ms
[48,224s][debug][gc,phases,start   ] GC(47) Report Object Count
[48,224s][debug][gc,phases         ] GC(47) Report Object Count 0,009ms
[48,224s][debug][gc,mmu            ] GC(47) MMU: 76,5ms (200,0ms/201,0ms)
[48,224s][info ][gc                ] GC(47) Pause Remark 2519M->1559M(5120M) 3,427ms
[48,224s][info ][gc,cpu            ] GC(47) User=0,02s Sys=0,00s Real=0,00s
[48,224s][info ][gc,marking        ] GC(47) Concurrent Mark 50,422ms
[48,224s][info ][gc,marking        ] GC(47) Concurrent Rebuild Remembered Sets and Scrub Regions
[48,242s][debug][gc,refine         ] Concurrent refinement: wanted 0, cards: 1733, predicted: 3540, time: 895,78ms
[48,361s][debug][gc,refine         ] Concurrent refinement: wanted 0, cards: 3269, predicted: 5045, time: 880,33ms
[48,417s][debug][gc,task,start     ] G1 Service Thread (Periodic GC Task) (run 0,075ms after schedule)
[48,417s][debug][gc,task           ] G1 Service Thread (Periodic GC Task) (run: 0,065ms) (cpu: 0,071ms)
[48,480s][debug][gc,refine         ] Concurrent refinement: wanted 0, cards: 3269, predicted: 4972, time: 844,29ms
[48,505s][info ][gc,marking        ] GC(47) Concurrent Rebuild Remembered Sets and Scrub Regions 281,569ms
[48,506s][info ][gc,start          ] GC(47) Pause Cleanup
[48,506s][debug][gc,phases,start   ] GC(47) Update Remembered Set Tracking After Rebuild
[48,506s][debug][gc,phases         ] GC(47) Update Remembered Set Tracking After Rebuild 0,047ms
[48,506s][debug][gc,phases,start   ] GC(47) Finalize Concurrent Mark Cleanup
[48,506s][debug][gc,ergo,cset      ] GC(47) Pruned 75 regions out of 173, leaving 265705256 bytes waste (allowed 268435456)
[48,506s][debug][gc,mmu            ] GC(47) MMU: 0,4ms (200,0ms/201,0ms)
[48,506s][debug][gc,phases         ] GC(47) Finalize Concurrent Mark Cleanup 0,357ms
[48,506s][info ][gc                ] GC(47) Pause Cleanup 1655M->1655M(5120M) 0,472ms
[48,506s][info ][gc,cpu            ] GC(47) User=0,01s Sys=0,00s Real=0,00s
[48,506s][info ][gc,marking        ] GC(47) Concurrent Clear Claimed Marks
[48,506s][info ][gc,marking        ] GC(47) Concurrent Clear Claimed Marks 0,084ms
[48,506s][info ][gc,marking        ] GC(47) Concurrent Cleanup for Next Mark
[48,506s][debug][gc,ergo           ] GC(47) Running G1 Clear Bitmap with 4 workers for 80 work units.
[48,509s][info ][gc,marking        ] GC(47) Concurrent Cleanup for Next Mark 2,945ms
[48,509s][info ][gc                ] GC(47) Concurrent Mark Cycle 387,547ms
[48,596s][debug][gc,refine         ] Concurrent refinement: wanted 0, cards: 3269, predicted: 4892, time: 804,40ms
[48,709s][debug][gc,refine         ] Concurrent refinement: wanted 0, cards: 3269, predicted: 4809, time: 763,21ms
[48,819s][debug][gc,refine         ] Concurrent refinement: wanted 0, cards: 3269, predicted: 4728, time: 723,31ms
[48,927s][debug][gc,refine         ] Concurrent refinement: wanted 0, cards: 3269, predicted: 4650, time: 684,70ms
[49,031s][debug][gc,refine         ] Concurrent refinement: wanted 0, cards: 3269, predicted: 4572, time: 646,09ms
[49,132s][debug][gc,refine         ] Concurrent refinement: wanted 0, cards: 3269, predicted: 4497, time: 608,77ms
[49,230s][debug][gc,refine         ] Concurrent refinement: wanted 0, cards: 3269, predicted: 4424, time: 572,73ms
[49,326s][debug][gc,refine         ] Concurrent refinement: wanted 0, cards: 3269, predicted: 4354, time: 537,98ms
[49,417s][debug][gc,task,start     ] G1 Service Thread (Periodic GC Task) (run 0,432ms after schedule)
[49,417s][debug][gc,task           ] G1 Service Thread (Periodic GC Task) (run: 0,089ms) (cpu: 0,103ms)
[49,418s][debug][gc,refine         ] Concurrent refinement: wanted 0, cards: 3269, predicted: 4194, time: 458,57ms
[49,466s][info ][gc,start          ] GC(48) Pause Young (Prepare Mixed) (G1 Evacuation Pause)
[49,466s][debug][gc,heap           ] GC(48) Heap before GC invocations=48 (full 0):
[49,466s][debug][gc,heap           ] GC(48)  garbage-first heap   total reserved 8388608K, committed 5242880K, used 3025953K [0x0000000600000000, 0x0000000800000000)
[49,466s][debug][gc,heap           ] GC(48)   region size 4096K, 415 young (1699840K), 62 survivors (253952K)
[49,466s][debug][gc,heap           ] GC(48)  Metaspace       used 20748K, committed 21056K, reserved 1114112K
[49,466s][debug][gc,heap           ] GC(48)   class space    used 2611K, committed 2752K, reserved 1048576K
[49,466s][info ][gc,task           ] GC(48) Using 15 workers of 15 for evacuation
[49,466s][debug][gc,age            ] GC(48) Desired survivor size 109051904 bytes, new threshold 1 (max threshold 15)
[49,466s][debug][gc,tlab           ] GC(48) TLAB totals: thrds: 25  refills: 1144 max: 338 slow allocs: 638 max 50 waste:  0,9% gc: 9267128B max: 1137784B slow: 3207352B max: 534872B
[49,466s][debug][gc,refine,stats   ] GC(48) Mutator refinement: 0,00ms, refined: 0, precleaned: 0, dirtied: 2394
[49,466s][debug][gc,refine,stats   ] GC(48) Concurrent refinement: 0,00ms, refined: 0, precleaned: 0, dirtied: 0
[49,466s][debug][gc,refine,stats   ] GC(48) Total refinement: 0,00ms, refined: 0, precleaned: 0, dirtied: 2394
[49,466s][debug][gc,refine,stats   ] GC(48) Generate dirty cards rate: 1,78 cards/ms
[49,466s][debug][gc,alloc,region   ] GC(48) Mutator Allocation stats, regions: 353, wasted size: 0B ( 0,0%)
[49,466s][debug][gc,ergo,cset      ] GC(48) Do not add marking candidates to collection set due to pause type.
[49,466s][debug][gc,ergo,cset      ] GC(48) Start adding retained candidates to collection set. Min 1 regions, available 0, time remaining 40,00ms, optional remaining 40,00ms
[49,466s][debug][gc,ergo,cset      ] GC(48) Retained candidates exhausted.
[49,466s][debug][gc,ergo,cset      ] GC(48) Finish adding retained candidates to collection set. Initial: 0, optional: 0, pinned: 0, predicted initial time: 0,00ms, predicted optional time: 0,00ms, time remaining: 40,00ms optional time remaining 40,00ms
[49,466s][debug][gc,ergo           ] GC(48) Running G1 Merge Heap Roots using 15 workers for 415 regions
[49,467s][debug][gc,remset         ] GC(48) Visited cards 172288 Total dirty 1335296 (12,90%) Total old 9461760 (1,82%)
[49,532s][debug][gc,ref            ] GC(48) ReferenceProcessor::execute queues: 2, RefProcThreadModel::Multi, marks_oops_alive: false
[49,532s][debug][gc,ref            ] GC(48) ReferenceProcessor::execute queues: 15, RefProcThreadModel::Multi, marks_oops_alive: true
[49,532s][debug][gc,ref            ] GC(48) ReferenceProcessor::execute queues: 1, RefProcThreadModel::Single, marks_oops_alive: false
[49,533s][debug][gc,ergo           ] GC(48) Initializing removing self forwards with 128 chunks per region
[49,533s][debug][gc,ergo           ] GC(48) Running G1 Rebuild Free List Task using 15 workers for rebuilding free list of regions
[49,533s][debug][gc,plab           ] GC(48) Young PLAB allocation: allocated: 218103808B, wasted: 40176B, unused: 2071416B, used: 215992216B, undo waste: 0B, 
[49,533s][debug][gc,plab           ] GC(48) Young other allocation: region end waste: 0B, regions filled: 52, num plab filled: 118, direct allocated: 0B, num direct allocated: 0, failure used: 0B, failure wasted: 0B
[49,533s][debug][gc,plab           ] GC(48) Young sizing: calculated: 43198440B, actual: 45470656B
[49,533s][debug][gc,plab           ] GC(48) Old PLAB allocation: allocated: 513802240B, wasted: 61512B, unused: 19324352B, used: 494416376B, undo waste: 0B, 
[49,533s][debug][gc,plab           ] GC(48) Old other allocation: region end waste: 0B, regions filled: 123, num plab filled: 245, direct allocated: 0B, num direct allocated: 0, failure used: 1423912B, failure wasted: 19547608B
[49,533s][debug][gc,plab           ] GC(48) Old sizing: calculated: 98883272B, actual: 97252656B
[49,533s][debug][gc,ergo,heap      ] GC(48) Heap expansion: short term pause time ratio 0,14% long term pause time ratio 4,39% threshold 7,69% pause time ratio 7,69% fully expanded false resize by 0B
[49,533s][debug][gc,task,start     ] G1 Service Thread (Card Set Free Memory Task) (run 0,008ms after schedule)
[49,533s][debug][gc,mmu            ] GC(48) MMU: 67,3ms (200,0ms/201,0ms)
[49,533s][debug][gc,alloc,stats    ] Old generation allocation in the last mutator period, old gen allocated: 534773760B, humongous allocated: 0B, old gen growth: 534773760B.
[49,533s][debug][gc,ihop           ] GC(48) Basic information (value update), threshold: 1211575889B (22,57), target occupancy: 5368709120B, current occupancy: 2110817840B, recent allocation size: 534773760B, recent allocation duration: 1341,65ms, recent old gen allocation rate: 398593135,41B/s, recent marking phase length: 2686,05ms
[49,533s][debug][gc,ihop           ] GC(48) Adaptive IHOP information (value update), threshold: 1211575889B (23,76), internal target occupancy: 5100273664B, occupancy: 2110817840B, additional buffer size: 2063597568B, predicted old gen allocation rate: 715624569,90B/s, predicted marking phase length: 2550,36ms, prediction active: true
[49,533s][debug][gc,ergo,refine    ] GC(48) GC refinement: goal: 248683 + 757 / 20,00ms, actual: 3871 / 0,35ms, 
[49,533s][debug][gc,ergo,refine    ] GC(48) New pending cards target: 233920
[49,533s][info ][gc,phases         ] GC(48)   Pre Evacuate Collection Set: 0,51ms
[49,533s][debug][gc,phases         ] GC(48)     Pre Evacuate Prepare: 0,16ms
[49,533s][debug][gc,phases         ] GC(48)       JT Retire TLABs And Flush Logs (ms): Min: 0,00, Avg: 0,01, Max: 0,02, Diff: 0,02, Sum: 0,02, Workers: 2
[49,533s][debug][gc,phases         ] GC(48)       Non-JT Flush Logs (ms):        Min: 0,01, Avg: 0,01, Max: 0,01, Diff: 0,00, Sum: 0,01, Workers: 1
[49,533s][debug][gc,phases         ] GC(48)     Choose Collection Set: 0,05ms
[49,533s][debug][gc,phases         ] GC(48)     Region Register: 0,30ms
[49,533s][debug][gc,phases         ] GC(48)     Prepare Heap Roots: 0,00ms
[49,533s][info ][gc,phases         ] GC(48)   Merge Heap Roots: 0,50ms
[49,533s][debug][gc,phases         ] GC(48)     Prepare Merge Heap Roots: 0,02ms
[49,533s][debug][gc,phases         ] GC(48)     Remembered Sets (ms):          Min: 0,07, Avg: 0,09, Max: 0,14, Diff: 0,07, Sum: 1,38, Workers: 15
[49,533s][debug][gc,phases         ] GC(48)       Eager Reclaim (ms):            skipped
[49,533s][debug][gc,phases         ] GC(48)       Merged Inline                  Min: 0, Avg: 10,5, Max: 104, Diff: 104, Sum: 157, Workers: 15
[49,533s][debug][gc,phases         ] GC(48)       Merged ArrayOfCards            Min: 0, Avg: 12,3, Max: 104, Diff: 104, Sum: 184, Workers: 15
[49,533s][debug][gc,phases         ] GC(48)       Merged Howl                    Min: 0, Avg:  0,0, Max: 0, Diff: 0, Sum: 0, Workers: 15
[49,533s][debug][gc,phases         ] GC(48)       Merged Full                    Min: 0, Avg:  0,0, Max: 0, Diff: 0, Sum: 0, Workers: 15
[49,533s][debug][gc,phases         ] GC(48)       Merged Howl Inline             Min: 0, Avg:  0,0, Max: 0, Diff: 0, Sum: 0, Workers: 15
[49,533s][debug][gc,phases         ] GC(48)       Merged Howl ArrayOfCards       Min: 0, Avg:  0,0, Max: 0, Diff: 0, Sum: 0, Workers: 15
[49,533s][debug][gc,phases         ] GC(48)       Merged Howl BitMap             Min: 0, Avg:  0,0, Max: 0, Diff: 0, Sum: 0, Workers: 15
[49,533s][debug][gc,phases         ] GC(48)       Merged Howl Full               Min: 0, Avg:  0,0, Max: 0, Diff: 0, Sum: 0, Workers: 15
[49,533s][debug][gc,phases         ] GC(48)       Merged Cards                   Min: 8, Avg: 165,7, Max: 1386, Diff: 1378, Sum: 2485, Workers: 15
[49,533s][debug][gc,phases         ] GC(48)     Log Buffers (ms):              Min: 0,00, Avg: 0,01, Max: 0,03, Diff: 0,03, Sum: 0,19, Workers: 15
[49,533s][debug][gc,phases         ] GC(48)       Dirty Cards:                   Min: 0, Avg: 258,1, Max: 969, Diff: 969, Sum: 3871, Workers: 15
[49,533s][debug][gc,phases         ] GC(48)       Skipped Cards:                 Min: 0, Avg:  0,0, Max: 0, Diff: 0, Sum: 0, Workers: 15
[49,533s][info ][gc,phases         ] GC(48)   Evacuate Collection Set: 64,45ms
[49,533s][debug][gc,phases         ] GC(48)     Ext Root Scanning (ms):        Min: 0,03, Avg: 0,06, Max: 0,14, Diff: 0,11, Sum: 0,88, Workers: 15
[49,533s][debug][gc,phases         ] GC(48)     Scan Heap Roots (ms):          Min: 0,06, Avg: 0,35, Max: 0,52, Diff: 0,45, Sum: 5,21, Workers: 15
[49,533s][debug][gc,phases         ] GC(48)       Scanned Cards:                 Min: 42, Avg: 263,9, Max: 426, Diff: 384, Sum: 3958, Workers: 15
[49,533s][debug][gc,phases         ] GC(48)       Scanned Blocks:                Min: 39, Avg: 229,0, Max: 384, Diff: 345, Sum: 3435, Workers: 15
[49,534s][debug][gc,phases         ] GC(48)       Claimed Chunks:                Min: 39, Avg: 179,5, Max: 296, Diff: 257, Sum: 2692, Workers: 15
[49,534s][debug][gc,phases         ] GC(48)       Found Roots:                   Min: 38, Avg: 194,2, Max: 437, Diff: 399, Sum: 2913, Workers: 15
[49,534s][debug][gc,phases         ] GC(48)     Code Root Scan (ms):           Min: 0,02, Avg: 0,02, Max: 0,03, Diff: 0,01, Sum: 0,36, Workers: 15
[49,534s][debug][gc,phases         ] GC(48)       Scanned Nmethods               Min: 0, Avg:  0,0, Max: 0, Diff: 0, Sum: 0, Workers: 15
[49,534s][debug][gc,phases         ] GC(48)     Object Copy (ms):              Min: 63,50, Avg: 63,67, Max: 63,98, Diff: 0,48, Sum: 955,08, Workers: 15
[49,534s][debug][gc,phases         ] GC(48)     Termination (ms):              Min: 0,05, Avg: 0,08, Max: 0,14, Diff: 0,09, Sum: 1,27, Workers: 15
[49,534s][debug][gc,phases         ] GC(48)       Termination Attempts:          Min: 1, Avg:  1,0, Max: 1, Diff: 0, Sum: 15, Workers: 15
[49,534s][debug][gc,phases         ] GC(48)     GC Worker Other (ms):          Min: 0,03, Avg: 0,05, Max: 0,06, Diff: 0,03, Sum: 0,74, Workers: 15
[49,534s][debug][gc,phases         ] GC(48)     GC Worker Total (ms):          Min: 64,17, Avg: 64,24, Max: 64,29, Diff: 0,13, Sum: 963,54, Workers: 15
[49,534s][info ][gc,phases         ] GC(48)   Post Evacuate Collection Set: 1,65ms
[49,534s][debug][gc,phases         ] GC(48)     NMethod List Cleanup: 0,01ms
[49,534s][debug][gc,phases         ] GC(48)     Reference Processing: 1,01ms
[49,534s][debug][gc,phases,ref     ] GC(48)       Notify Soft/WeakReferences: 0,3ms
[49,534s][debug][gc,phases,ref     ] GC(48)         Balance queues: 0,0ms
[49,534s][debug][gc,phases,ref     ] GC(48)         SoftRef (ms):                  Min: 0,00, Avg: 0,00, Max: 0,00, Diff: 0,00, Sum: 0,00, Workers: 2
[49,534s][debug][gc,phases,ref     ] GC(48)         WeakRef (ms):                  Min: 0,00, Avg: 0,00, Max: 0,00, Diff: 0,00, Sum: 0,00, Workers: 2
[49,534s][debug][gc,phases,ref     ] GC(48)         FinalRef (ms):                 Min: 0,05, Avg: 0,05, Max: 0,05, Diff: 0,00, Sum: 0,11, Workers: 2
[49,534s][debug][gc,phases,ref     ] GC(48)         Total (ms):                    Min: 0,06, Avg: 0,14, Max: 0,22, Diff: 0,16, Sum: 0,28, Workers: 2
[49,534s][debug][gc,phases,ref     ] GC(48)       Notify and keep alive finalizable: 0,6ms
[49,534s][debug][gc,phases,ref     ] GC(48)         Balance queues: 0,0ms
[49,534s][debug][gc,phases,ref     ] GC(48)         FinalRef (ms):                 Min: 0,13, Avg: 0,39, Max: 0,49, Diff: 0,36, Sum: 5,88, Workers: 15
[49,534s][debug][gc,phases,ref     ] GC(48)       Notify PhantomReferences: 0,0ms
[49,534s][debug][gc,phases,ref     ] GC(48)         PhantomRef (ms):               Min: 0,00, Avg: 0,00, Max: 0,00, Diff: 0,00, Sum: 0,00, Workers: 1
[49,534s][debug][gc,phases,ref     ] GC(48)       SoftReference Discovered: 0, Dropped: 0, Processed: 0
[49,534s][debug][gc,phases,ref     ] GC(48)       WeakReference Discovered: 0, Dropped: 0, Processed: 0
[49,534s][debug][gc,phases,ref     ] GC(48)       FinalReference Discovered: 1663, Dropped: 0, Processed: 1663
[49,534s][debug][gc,phases,ref     ] GC(48)       PhantomReference Discovered: 42, Dropped: 3, Processed: 39
[49,534s][debug][gc,phases         ] GC(48)     Weak Processing: 0,12ms
[49,534s][debug][gc,phases         ] GC(48)       VM Weak                        Min: 0,00, Avg: 0,00, Max: 0,00, Diff: 0,00, Sum: 0,01, Workers: 15
[49,534s][debug][gc,phases         ] GC(48)         Dead                           Min: 0, Avg:  0,0, Max: 0, Diff: 0, Sum: 0, Workers: 15
[49,534s][debug][gc,phases         ] GC(48)         Total                          Min: 0, Avg: 11,0, Max: 165, Diff: 165, Sum: 165, Workers: 15
[49,534s][debug][gc,phases         ] GC(48)       ObjectSynchronizer Weak        Min: 0,00, Avg: 0,00, Max: 0,00, Diff: 0,00, Sum: 0,00, Workers: 15
[49,534s][debug][gc,phases         ] GC(48)         Dead                           Min: 0, Avg:  0,0, Max: 0, Diff: 0, Sum: 0, Workers: 15
[49,534s][debug][gc,phases         ] GC(48)         Total                          Min: 0, Avg:  2,2, Max: 33, Diff: 33, Sum: 33, Workers: 15
[49,534s][debug][gc,phases         ] GC(48)       JVMTI Tag Weak OopStorage      Min: 0,00, Avg: 0,00, Max: 0,00, Diff: 0,00, Sum: 0,00, Workers: 15
[49,534s][debug][gc,phases         ] GC(48)         Dead                           Min: 0, Avg:  0,0, Max: 0, Diff: 0, Sum: 0, Workers: 15
[49,534s][debug][gc,phases         ] GC(48)         Total                          Min: 0, Avg:  0,0, Max: 0, Diff: 0, Sum: 0, Workers: 15
[49,534s][debug][gc,phases         ] GC(48)       StringTable Weak               Min: 0,00, Avg: 0,01, Max: 0,07, Diff: 0,07, Sum: 0,11, Workers: 15
[49,534s][debug][gc,phases         ] GC(48)         Dead                           Min: 0, Avg:  0,0, Max: 0, Diff: 0, Sum: 0, Workers: 15
[49,534s][debug][gc,phases         ] GC(48)         Total                          Min: 0, Avg: 566,1, Max: 6336, Diff: 6336, Sum: 8492, Workers: 15
[49,534s][debug][gc,phases         ] GC(48)       ResolvedMethodTable Weak       Min: 0,00, Avg: 0,00, Max: 0,01, Diff: 0,01, Sum: 0,06, Workers: 15
[49,534s][debug][gc,phases         ] GC(48)         Dead                           Min: 0, Avg:  0,0, Max: 0, Diff: 0, Sum: 0, Workers: 15
[49,534s][debug][gc,phases         ] GC(48)         Total                          Min: 0, Avg: 113,1, Max: 192, Diff: 192, Sum: 1697, Workers: 15
[49,534s][debug][gc,phases         ] GC(48)       JNI Weak                       Min: 0,00, Avg: 0,00, Max: 0,00, Diff: 0,00, Sum: 0,01, Workers: 15
[49,534s][debug][gc,phases         ] GC(48)         Dead                           Min: 0, Avg:  0,0, Max: 0, Diff: 0, Sum: 0, Workers: 15
[49,534s][debug][gc,phases         ] GC(48)         Total                          Min: 0, Avg:  0,0, Max: 0, Diff: 0, Sum: 0, Workers: 15
[49,534s][debug][gc,phases         ] GC(48)       StringDedup Table Weak         Min: 0,01, Avg: 0,01, Max: 0,01, Diff: 0,00, Sum: 0,20, Workers: 15
[49,534s][debug][gc,phases         ] GC(48)         Dead                           Min: 0, Avg:  0,0, Max: 0, Diff: 0, Sum: 0, Workers: 15
[49,534s][debug][gc,phases         ] GC(48)         Total                          Min: 384, Avg: 875,7, Max: 1216, Diff: 832, Sum: 13136, Workers: 15
[49,534s][debug][gc,phases         ] GC(48)       StringDedup Requests0 Weak     Min: 0,00, Avg: 0,00, Max: 0,00, Diff: 0,00, Sum: 0,02, Workers: 15
[49,534s][debug][gc,phases         ] GC(48)         Dead                           Min: 0, Avg:  0,0, Max: 0, Diff: 0, Sum: 0, Workers: 15
[49,534s][debug][gc,phases         ] GC(48)         Total                          Min: 0, Avg: 12,8, Max: 64, Diff: 64, Sum: 192, Workers: 15
[49,534s][debug][gc,phases         ] GC(48)       StringDedup Requests1 Weak     Min: 0,00, Avg: 0,00, Max: 0,00, Diff: 0,00, Sum: 0,01, Workers: 15
[49,534s][debug][gc,phases         ] GC(48)         Dead                           Min: 0, Avg:  0,0, Max: 0, Diff: 0, Sum: 0, Workers: 15
[49,534s][debug][gc,phases         ] GC(48)         Total                          Min: 0, Avg:  0,0, Max: 0, Diff: 0, Sum: 0, Workers: 15
[49,534s][debug][gc,phases         ] GC(48)       Weak JFR Old Object Samples    Min: 0,00, Avg: 0,00, Max: 0,00, Diff: 0,00, Sum: 0,01, Workers: 15
[49,534s][debug][gc,phases         ] GC(48)         Dead                           Min: 0, Avg:  0,0, Max: 0, Diff: 0, Sum: 0, Workers: 15
[49,534s][debug][gc,phases         ] GC(48)         Total                          Min: 0, Avg:  0,0, Max: 0, Diff: 0, Sum: 0, Workers: 15
[49,534s][debug][gc,phases         ] GC(48)     Post Evacuate Cleanup 1: 0,24ms
[49,534s][debug][gc,phases         ] GC(48)       Merge Per-Thread State (ms):   Min: 0,04, Avg: 0,04, Max: 0,04, Diff: 0,00, Sum: 0,04, Workers: 1
[49,534s][debug][gc,phases         ] GC(48)         Copied Bytes                   Min: 35525296, Avg: 47360572,8, Max: 58388672, Diff: 22863376, Sum: 710408592, Workers: 15
[49,534s][debug][gc,phases         ] GC(48)         LAB Waste                      Min: 744, Avg: 6779,2, Max: 29568, Diff: 28824, Sum: 101688, Workers: 15
[49,534s][debug][gc,phases         ] GC(48)         LAB Undo Waste                 Min: 0, Avg:  0,0, Max: 0, Diff: 0, Sum: 0, Workers: 15
[49,534s][debug][gc,phases         ] GC(48)         Evac Fail Extra Cards          Min: 0, Avg:  0,7, Max: 5, Diff: 5, Sum: 10, Workers: 15
[49,534s][debug][gc,phases         ] GC(48)       Clear Logged Cards (ms):       Min: 0,00, Avg: 0,03, Max: 0,14, Diff: 0,14, Sum: 0,42, Workers: 15
[49,534s][debug][gc,phases         ] GC(48)       Recalculate Used Memory (ms):  Min: 0,03, Avg: 0,03, Max: 0,03, Diff: 0,00, Sum: 0,03, Workers: 1
[49,534s][debug][gc,phases         ] GC(48)       Restore Evacuation Failed Regions (ms): Min: 0,00, Avg: 0,06, Max: 0,08, Diff: 0,08, Sum: 0,96, Workers: 15
[49,534s][debug][gc,phases         ] GC(48)         Evacuation Failed Regions:     Min: 5, Avg:  5,0, Max: 5, Diff: 0, Sum: 5, Workers: 1
[49,534s][debug][gc,phases         ] GC(48)         Pinned Regions:                Min: 1, Avg:  1,0, Max: 1, Diff: 0, Sum: 5, Workers: 5
[49,534s][debug][gc,phases         ] GC(48)         Allocation Failed Regions:     skipped
[49,534s][debug][gc,phases         ] GC(48)         Remove Self Forwards (ms):     Min: 0,00, Avg: 0,04, Max: 0,06, Diff: 0,06, Sum: 0,50, Workers: 13
[49,534s][debug][gc,phases         ] GC(48)           Forward Chunks:                Min: 1, Avg:  5,1, Max: 9, Diff: 8, Sum: 61, Workers: 12
[49,534s][debug][gc,phases         ] GC(48)           Empty Forward Chunks:          Min: 1, Avg: 44,5, Max: 70, Diff: 69, Sum: 579, Workers: 13
[49,534s][debug][gc,phases         ] GC(48)           Forward Objects:               Min: 1, Avg:  5,3, Max: 11, Diff: 10, Sum: 64, Workers: 12
[49,534s][debug][gc,phases         ] GC(48)           Forward Bytes:                 Min: 208, Avg: 118659,3, Max: 252528, Diff: 252320, Sum: 1423912, Workers: 12
[49,534s][debug][gc,phases         ] GC(48)     Post Evacuate Cleanup 2: 0,17ms
[49,534s][debug][gc,phases         ] GC(48)       Recalculate Used Memory (ms):  Min: 0,03, Avg: 0,03, Max: 0,03, Diff: 0,00, Sum: 0,03, Workers: 1
[49,534s][debug][gc,phases         ] GC(48)       Restore Preserved Marks (ms):  Min: 0,00, Avg: 0,00, Max: 0,00, Diff: 0,00, Sum: 0,01, Workers: 15
[49,534s][debug][gc,phases         ] GC(48)       Process Evacuation Failed Regions (ms): Min: 0,00, Avg: 0,00, Max: 0,01, Diff: 0,01, Sum: 0,04, Workers: 15
[49,534s][debug][gc,phases         ] GC(48)       Update Derived Pointers (ms):  Min: 0,00, Avg: 0,00, Max: 0,00, Diff: 0,00, Sum: 0,00, Workers: 1
[49,534s][debug][gc,phases         ] GC(48)       Eagerly Reclaim Humongous Objects (ms): skipped
[49,534s][debug][gc,phases         ] GC(48)         Humongous Total                skipped
[49,534s][debug][gc,phases         ] GC(48)         Humongous Candidates           skipped
[49,534s][debug][gc,phases         ] GC(48)         Humongous Reclaimed            skipped
[49,534s][debug][gc,phases         ] GC(48)       Sample CSet Candidates (ms):   Min: 0,03, Avg: 0,03, Max: 0,03, Diff: 0,00, Sum: 0,03, Workers: 1
[49,534s][debug][gc,phases         ] GC(48)       Redirty Logged Cards (ms):     Min: 0,00, Avg: 0,00, Max: 0,01, Diff: 0,01, Sum: 0,04, Workers: 15
[49,534s][debug][gc,phases         ] GC(48)         Redirtied Cards:               Min: 0, Avg: 100,5, Max: 749, Diff: 749, Sum: 1508, Workers: 15
[49,534s][debug][gc,phases         ] GC(48)       Resize TLABs (ms):             Min: 0,00, Avg: 0,00, Max: 0,01, Diff: 0,00, Sum: 0,01, Workers: 15
[49,534s][debug][gc,phases         ] GC(48)       Free Collection Set (ms):      Min: 0,04, Avg: 0,06, Max: 0,10, Diff: 0,06, Sum: 0,84, Workers: 15
[49,534s][debug][gc,phases         ] GC(48)     Rebuild Free List: 0,04ms
[49,534s][debug][gc,phases         ] GC(48)     Prepare For Mutator: 0,06ms
[49,534s][debug][gc,phases         ] GC(48)     Expand Heap After Collection: 0,00ms
[49,534s][info ][gc,phases         ] GC(48)   Other: 0,29ms
[49,534s][debug][gc,remset         ] GC(48) Coarsening (recent): Inline->AoC 969 (0) AoC->Howl 487 (0) Howl->Full 132 (0) Inline->AoC 2819 (0) AoC->BitMap 2649 (0) BitMap->Full 518 (0) 
[49,534s][debug][gc,remset         ] GC(48) Coarsening (all): Inline->AoC 5965 (0) AoC->Howl 2730 (0) Howl->Full 815 (0) Inline->AoC 16779 (0) AoC->BitMap 16124 (0) BitMap->Full 3437 (0) 
[49,534s][info ][gc,heap           ] GC(48) Eden regions: 353->0(440)
[49,534s][info ][gc,heap           ] GC(48) Survivor regions: 62->52(52)
[49,534s][info ][gc,heap           ] GC(48) Old regions: 325->452
[49,534s][info ][gc,heap           ] GC(48) Humongous regions: 0->0
[49,534s][info ][gc,metaspace      ] GC(48) Metaspace: 20748K(21056K)->20748K(21056K) NonClass: 18137K(18304K)->18137K(18304K) Class: 2611K(2752K)->2611K(2752K)
[49,534s][debug][gc,heap           ] GC(48) Heap after GC invocations=49 (full 0):
[49,534s][debug][gc,heap           ] GC(48)  garbage-first heap   total reserved 8388608K, committed 5242880K, used 2061345K [0x0000000600000000, 0x0000000800000000)
[49,535s][debug][gc,heap           ] GC(48)   region size 4096K, 52 young (212992K), 52 survivors (212992K)
[49,535s][debug][gc,heap           ] GC(48)  Metaspace       used 20748K, committed 21056K, reserved 1114112K
[49,535s][debug][gc,heap           ] GC(48)   class space    used 2611K, committed 2752K, reserved 1048576K
[49,535s][info ][gc                ] GC(48) Pause Young (Prepare Mixed) (G1 Evacuation Pause) (Evacuation Failure: Pinned) 2955M->2013M(5120M) 68,863ms
[49,535s][info ][gc,cpu            ] GC(48) User=0,97s Sys=0,01s Real=0,07s
[49,535s][debug][gc,refine         ] Concurrent refinement: wanted 0, cards: 1508, predicted: 3948, time: 1207,37ms
[49,535s][debug][gc,task           ] G1 Service Thread (Card Set Free Memory Task) (run: 1,836ms) (cpu: 0,239ms)
[49,673s][debug][gc,refine         ] Concurrent refinement: wanted 0, cards: 2532, predicted: 4661, time: 1053,38ms
[49,802s][debug][gc,refine         ] Concurrent refinement: wanted 0, cards: 3556, predicted: 5626, time: 1024,31ms
[49,931s][debug][gc,refine         ] Concurrent refinement: wanted 0, cards: 3556, predicted: 5526, time: 974,48ms
[50,055s][debug][gc,refine         ] Concurrent refinement: wanted 0, cards: 3556, predicted: 5425, time: 924,65ms
[50,176s][debug][gc,refine         ] Concurrent refinement: wanted 0, cards: 3556, predicted: 5330, time: 877,58ms
[50,294s][debug][gc,refine         ] Concurrent refinement: wanted 0, cards: 3556, predicted: 5237, time: 831,90ms
[50,410s][debug][gc,refine         ] Concurrent refinement: wanted 0, cards: 3556, predicted: 5148, time: 787,61ms
[50,418s][debug][gc,task,start     ] G1 Service Thread (Periodic GC Task) (run 0,654ms after schedule)
[50,418s][debug][gc,task           ] G1 Service Thread (Periodic GC Task) (run: 0,053ms) (cpu: 0,082ms)
[50,522s][debug][gc,refine         ] Concurrent refinement: wanted 0, cards: 3556, predicted: 5058, time: 743,32ms
[50,631s][debug][gc,refine         ] Concurrent refinement: wanted 0, cards: 3556, predicted: 4971, time: 700,41ms
[50,736s][debug][gc,refine         ] Concurrent refinement: wanted 0, cards: 3556, predicted: 4890, time: 660,26ms
[50,838s][debug][gc,refine         ] Concurrent refinement: wanted 0, cards: 3556, predicted: 3968, time: 204,20ms
[50,861s][info ][gc,start          ] GC(49) Pause Young (Mixed) (G1 Evacuation Pause)
[50,861s][debug][gc,heap           ] GC(49) Heap before GC invocations=49 (full 0):
[50,861s][debug][gc,heap           ] GC(49)  garbage-first heap   total reserved 8388608K, committed 5242880K, used 3859489K [0x0000000600000000, 0x0000000800000000)
[50,861s][debug][gc,heap           ] GC(49)   region size 4096K, 492 young (2015232K), 52 survivors (212992K)
[50,862s][debug][gc,heap           ] GC(49)  Metaspace       used 20750K, committed 21056K, reserved 1114112K
[50,862s][debug][gc,heap           ] GC(49)   class space    used 2611K, committed 2752K, reserved 1048576K
[50,862s][info ][gc,task           ] GC(49) Using 15 workers of 15 for evacuation
[50,862s][debug][gc,age            ] GC(49) Desired survivor size 130023424 bytes, new threshold 1 (max threshold 15)
[50,862s][debug][gc,tlab           ] GC(49) TLAB totals: thrds: 23  refills: 1663 max: 351 slow allocs: 1478 max 126 waste:  0,7% gc: 7958664B max: 923368B slow: 4078352B max: 644488B
[50,862s][debug][gc,refine,stats   ] GC(49) Mutator refinement: 0,00ms, refined: 0, precleaned: 0, dirtied: 2443
[50,862s][debug][gc,refine,stats   ] GC(49) Concurrent refinement: 0,00ms, refined: 0, precleaned: 0, dirtied: 0
[50,862s][debug][gc,refine,stats   ] GC(49) Total refinement: 0,00ms, refined: 0, precleaned: 0, dirtied: 2443
[50,862s][debug][gc,refine,stats   ] GC(49) Generate dirty cards rate: 1,84 cards/ms
[50,862s][debug][gc,alloc,region   ] GC(49) Mutator Allocation stats, regions: 440, wasted size: 0B ( 0,0%)
[50,862s][debug][gc,ergo,cset      ] GC(49) Start adding marking candidates to collection set. Min 13 regions, max 128 regions, available 98 regionstime remaining 111,07ms, optional threshold 22,21ms
[50,862s][debug][gc,ergo,cset      ] GC(49) Marking candidates exhausted.
[50,862s][debug][gc,ergo,cset      ] GC(49) Finish adding marking candidates to collection set. Initial: 98, optional: 0, pinned: 0, predicted initial time: 1,89ms, predicted optional time: 0,00ms, time remaining: 109,18ms
[50,862s][debug][gc,ergo,cset      ] GC(49) Start adding retained candidates to collection set. Min 1 regions, available 5, time remaining 40,00ms, optional remaining 40,00ms
[50,862s][debug][gc,ergo,cset      ] GC(49) Retained candidates exhausted.
[50,862s][debug][gc,ergo,cset      ] GC(49) Finish adding retained candidates to collection set. Initial: 5, optional: 0, pinned: 0, predicted initial time: 0,23ms, predicted optional time: 0,00ms, time remaining: 39,77ms optional time remaining 39,77ms
[50,862s][debug][gc,ergo           ] GC(49) Running G1 Merge Heap Roots using 15 workers for 595 regions
[50,863s][debug][gc,remset         ] GC(49) Visited cards 189952 Total dirty 1523712 (12,47%) Total old 12607488 (1,51%)
[50,931s][debug][gc,ref            ] GC(49) ReferenceProcessor::execute queues: 3, RefProcThreadModel::Multi, marks_oops_alive: false
[50,931s][debug][gc,ref            ] GC(49) ReferenceProcessor::execute queues: 15, RefProcThreadModel::Multi, marks_oops_alive: true
[50,932s][debug][gc,ref            ] GC(49) ReferenceProcessor::execute queues: 1, RefProcThreadModel::Single, marks_oops_alive: false
[50,932s][debug][gc,ergo           ] GC(49) Initializing removing self forwards with 128 chunks per region
[50,933s][debug][gc,ergo           ] GC(49) Running G1 Rebuild Free List Task using 15 workers for rebuilding free list of regions
[50,933s][debug][gc,plab           ] GC(49) Young PLAB allocation: allocated: 260046848B, wasted: 25576B, unused: 1519256B, used: 258502016B, undo waste: 0B, 
[50,933s][debug][gc,plab           ] GC(49) Young other allocation: region end waste: 0B, regions filled: 62, num plab filled: 138, direct allocated: 0B, num direct allocated: 0, failure used: 0B, failure wasted: 0B
[50,933s][debug][gc,plab           ] GC(49) Young sizing: calculated: 51700400B, actual: 50142960B
[50,933s][debug][gc,plab           ] GC(49) Old PLAB allocation: allocated: 423624704B, wasted: 42904B, unused: 13170504B, used: 410411296B, undo waste: 0B, 
[50,933s][debug][gc,plab           ] GC(49) Old other allocation: region end waste: 0B, regions filled: 101, num plab filled: 202, direct allocated: 0B, num direct allocated: 0, failure used: 162152B, failure wasted: 4032152B
[50,933s][debug][gc,plab           ] GC(49) Old sizing: calculated: 82082256B, actual: 85874856B
[50,933s][debug][gc,ergo,heap      ] GC(49) Heap expansion: short term pause time ratio 6,55% long term pause time ratio 5,09% threshold 7,69% pause time ratio 7,69% fully expanded false resize by 0B
[50,933s][debug][gc,task,start     ] G1 Service Thread (Card Set Free Memory Task) (run 0,010ms after schedule)
[50,933s][debug][gc,ergo,ihop      ] GC(49) Do not request concurrent cycle initiation (still doing mixed collections) occupancy: 1891631104B allocation request: 0B threshold: 1211575889B (22,57) source: end of GC
[50,933s][debug][gc,mmu            ] GC(49) MMU: 71,2ms (200,0ms/201,0ms)
[50,933s][debug][gc,ergo           ] GC(49) do not continue mixed GCs (candidate old regions not available)
[50,933s][debug][gc,ergo,ihop      ] GC(49) Request concurrent cycle initiation (occupancy higher than threshold) occupancy: 1891631104B allocation request: 0B threshold: 1211575889B (22,57) source: end of GC
[50,933s][debug][gc,alloc,stats    ] Old generation allocation in the last mutator period, old gen allocated: 427819008B, humongous allocated: 0B, old gen growth: 427819008B.
[50,933s][debug][gc,ihop           ] GC(49) Basic information (value update), threshold: 1199372873B (22,34), target occupancy: 5368709120B, current occupancy: 2148566576B, recent allocation size: 427819008B, recent allocation duration: 1341,65ms, recent old gen allocation rate: 318874508,32B/s, recent marking phase length: 2670,19ms
[50,933s][debug][gc,ihop           ] GC(49) Adaptive IHOP information (value update), threshold: 1199372873B (23,52), internal target occupancy: 5100273664B, occupancy: 2148566576B, additional buffer size: 2063597568B, predicted old gen allocation rate: 715624569,90B/s, predicted marking phase length: 2567,41ms, prediction active: true
[50,933s][debug][gc,ergo,refine    ] GC(49) GC refinement: goal: 233920 + 680 / 20,00ms, actual: 3949 / 0,35ms, 
[50,933s][debug][gc,ergo,refine    ] GC(49) New pending cards target: 229011
[50,933s][info ][gc,phases         ] GC(49)   Pre Evacuate Collection Set: 0,33ms
[50,933s][debug][gc,phases         ] GC(49)     Pre Evacuate Prepare: 0,08ms
[50,933s][debug][gc,phases         ] GC(49)       JT Retire TLABs And Flush Logs (ms): Min: 0,00, Avg: 0,01, Max: 0,02, Diff: 0,02, Sum: 0,02, Workers: 2
[50,933s][debug][gc,phases         ] GC(49)       Non-JT Flush Logs (ms):        Min: 0,00, Avg: 0,00, Max: 0,00, Diff: 0,00, Sum: 0,00, Workers: 1
[50,933s][debug][gc,phases         ] GC(49)     Choose Collection Set: 0,10ms
[50,933s][debug][gc,phases         ] GC(49)     Region Register: 0,14ms
[50,933s][debug][gc,phases         ] GC(49)     Prepare Heap Roots: 0,00ms
[50,933s][info ][gc,phases         ] GC(49)   Merge Heap Roots: 1,17ms
[50,933s][debug][gc,phases         ] GC(49)     Prepare Merge Heap Roots: 0,03ms
[50,933s][debug][gc,phases         ] GC(49)     Remembered Sets (ms):          Min: 0,09, Avg: 0,16, Max: 0,89, Diff: 0,80, Sum: 2,43, Workers: 15
[50,933s][debug][gc,phases         ] GC(49)       Eager Reclaim (ms):            skipped
[50,933s][debug][gc,phases         ] GC(49)       Merged Inline                  Min: 0, Avg: 11,6, Max: 66, Diff: 66, Sum: 174, Workers: 15
[50,933s][debug][gc,phases         ] GC(49)       Merged ArrayOfCards            Min: 0, Avg:  3,6, Max: 25, Diff: 25, Sum: 54, Workers: 15
[50,933s][debug][gc,phases         ] GC(49)       Merged Howl                    Min: 0, Avg:  0,0, Max: 0, Diff: 0, Sum: 0, Workers: 15
[50,933s][debug][gc,phases         ] GC(49)       Merged Full                    Min: 0, Avg:  0,0, Max: 0, Diff: 0, Sum: 0, Workers: 15
[50,933s][debug][gc,phases         ] GC(49)       Merged Howl Inline             Min: 0, Avg:  0,0, Max: 0, Diff: 0, Sum: 0, Workers: 15
[50,933s][debug][gc,phases         ] GC(49)       Merged Howl ArrayOfCards       Min: 0, Avg:  0,0, Max: 0, Diff: 0, Sum: 0, Workers: 15
[50,933s][debug][gc,phases         ] GC(49)       Merged Howl BitMap             Min: 0, Avg:  0,0, Max: 0, Diff: 0, Sum: 0, Workers: 15
[50,933s][debug][gc,phases         ] GC(49)       Merged Howl Full               Min: 0, Avg:  0,0, Max: 0, Diff: 0, Sum: 0, Workers: 15
[50,933s][debug][gc,phases         ] GC(49)       Merged Cards                   Min: 8, Avg: 59,5, Max: 343, Diff: 335, Sum: 892, Workers: 15
[50,933s][debug][gc,phases         ] GC(49)     Log Buffers (ms):              Min: 0,00, Avg: 0,02, Max: 0,05, Diff: 0,05, Sum: 0,36, Workers: 15
[50,933s][debug][gc,phases         ] GC(49)       Dirty Cards:                   Min: 0, Avg: 263,3, Max: 621, Diff: 621, Sum: 3949, Workers: 15
[50,933s][debug][gc,phases         ] GC(49)       Skipped Cards:                 Min: 0, Avg:  0,1, Max: 1, Diff: 1, Sum: 2, Workers: 15
[50,933s][info ][gc,phases         ] GC(49)   Evacuate Collection Set: 67,56ms
[50,933s][debug][gc,phases         ] GC(49)     Ext Root Scanning (ms):        Min: 0,00, Avg: 0,08, Max: 0,26, Diff: 0,26, Sum: 1,13, Workers: 15
[50,933s][debug][gc,phases         ] GC(49)     Scan Heap Roots (ms):          Min: 0,02, Avg: 0,38, Max: 0,78, Diff: 0,77, Sum: 5,71, Workers: 15
[50,933s][debug][gc,phases         ] GC(49)       Scanned Cards:                 Min: 10, Avg: 306,3, Max: 657, Diff: 647, Sum: 4594, Workers: 15
[50,933s][debug][gc,phases         ] GC(49)       Scanned Blocks:                Min: 4, Avg: 249,7, Max: 528, Diff: 524, Sum: 3745, Workers: 15
[50,933s][debug][gc,phases         ] GC(49)       Claimed Chunks:                Min: 1, Avg: 197,9, Max: 398, Diff: 397, Sum: 2968, Workers: 15
[50,933s][debug][gc,phases         ] GC(49)       Found Roots:                   Min: 56, Avg: 359,7, Max: 781, Diff: 725, Sum: 5396, Workers: 15
[50,933s][debug][gc,phases         ] GC(49)     Code Root Scan (ms):           Min: 0,03, Avg: 0,04, Max: 0,05, Diff: 0,02, Sum: 0,56, Workers: 15
[50,933s][debug][gc,phases         ] GC(49)       Scanned Nmethods               Min: 0, Avg:  0,0, Max: 0, Diff: 0, Sum: 0, Workers: 15
[50,933s][debug][gc,phases         ] GC(49)     Object Copy (ms):              Min: 66,33, Avg: 66,72, Max: 67,07, Diff: 0,74, Sum: 1000,86, Workers: 15
[50,933s][debug][gc,phases         ] GC(49)     Termination (ms):              Min: 0,04, Avg: 0,06, Max: 0,11, Diff: 0,08, Sum: 0,83, Workers: 15
[50,933s][debug][gc,phases         ] GC(49)       Termination Attempts:          Min: 1, Avg:  1,0, Max: 1, Diff: 0, Sum: 15, Workers: 15
[50,933s][debug][gc,phases         ] GC(49)     GC Worker Other (ms):          Min: 0,04, Avg: 0,06, Max: 0,07, Diff: 0,03, Sum: 0,85, Workers: 15
[50,933s][debug][gc,phases         ] GC(49)     GC Worker Total (ms):          Min: 67,23, Avg: 67,33, Max: 67,41, Diff: 0,18, Sum: 1009,94, Workers: 15
[50,933s][info ][gc,phases         ] GC(49)   Post Evacuate Collection Set: 1,98ms
[50,933s][debug][gc,phases         ] GC(49)     NMethod List Cleanup: 0,01ms
[50,933s][debug][gc,phases         ] GC(49)     Reference Processing: 1,40ms
[50,933s][debug][gc,phases,ref     ] GC(49)       Notify Soft/WeakReferences: 0,4ms
[50,933s][debug][gc,phases,ref     ] GC(49)         Balance queues: 0,0ms
[50,933s][debug][gc,phases,ref     ] GC(49)         SoftRef (ms):                  Min: 0,00, Avg: 0,00, Max: 0,00, Diff: 0,00, Sum: 0,00, Workers: 3
[50,933s][debug][gc,phases,ref     ] GC(49)         WeakRef (ms):                  Min: 0,00, Avg: 0,00, Max: 0,00, Diff: 0,00, Sum: 0,00, Workers: 3
[50,933s][debug][gc,phases,ref     ] GC(49)         FinalRef (ms):                 Min: 0,07, Avg: 0,10, Max: 0,14, Diff: 0,07, Sum: 0,29, Workers: 3
[50,933s][debug][gc,phases,ref     ] GC(49)         Total (ms):                    Min: 0,15, Avg: 0,19, Max: 0,25, Diff: 0,10, Sum: 0,56, Workers: 3
[50,933s][debug][gc,phases,ref     ] GC(49)       Notify and keep alive finalizable: 0,6ms
[50,933s][debug][gc,phases,ref     ] GC(49)         Balance queues: 0,0ms
[50,934s][debug][gc,phases,ref     ] GC(49)         FinalRef (ms):                 Min: 0,08, Avg: 0,33, Max: 0,40, Diff: 0,32, Sum: 4,88, Workers: 15
[50,934s][debug][gc,phases,ref     ] GC(49)       Notify PhantomReferences: 0,4ms
[50,934s][debug][gc,phases,ref     ] GC(49)         PhantomRef (ms):               Min: 0,01, Avg: 0,01, Max: 0,01, Diff: 0,00, Sum: 0,01, Workers: 1
[50,934s][debug][gc,phases,ref     ] GC(49)       SoftReference Discovered: 0, Dropped: 0, Processed: 0
[50,934s][debug][gc,phases,ref     ] GC(49)       WeakReference Discovered: 0, Dropped: 0, Processed: 0
[50,934s][debug][gc,phases,ref     ] GC(49)       FinalReference Discovered: 2399, Dropped: 3, Processed: 2396
[50,934s][debug][gc,phases,ref     ] GC(49)       PhantomReference Discovered: 36, Dropped: 1, Processed: 35
[50,934s][debug][gc,phases         ] GC(49)     Weak Processing: 0,10ms
[50,934s][debug][gc,phases         ] GC(49)       VM Weak                        Min: 0,00, Avg: 0,00, Max: 0,00, Diff: 0,00, Sum: 0,01, Workers: 15
[50,934s][debug][gc,phases         ] GC(49)         Dead                           Min: 0, Avg:  0,0, Max: 0, Diff: 0, Sum: 0, Workers: 15
[50,934s][debug][gc,phases         ] GC(49)         Total                          Min: 0, Avg: 11,0, Max: 165, Diff: 165, Sum: 165, Workers: 15
[50,934s][debug][gc,phases         ] GC(49)       ObjectSynchronizer Weak        Min: 0,00, Avg: 0,00, Max: 0,00, Diff: 0,00, Sum: 0,00, Workers: 15
[50,934s][debug][gc,phases         ] GC(49)         Dead                           Min: 0, Avg:  0,0, Max: 0, Diff: 0, Sum: 0, Workers: 15
[50,934s][debug][gc,phases         ] GC(49)         Total                          Min: 0, Avg:  2,2, Max: 33, Diff: 33, Sum: 33, Workers: 15
[50,934s][debug][gc,phases         ] GC(49)       JVMTI Tag Weak OopStorage      Min: 0,00, Avg: 0,00, Max: 0,00, Diff: 0,00, Sum: 0,00, Workers: 15
[50,934s][debug][gc,phases         ] GC(49)         Dead                           Min: 0, Avg:  0,0, Max: 0, Diff: 0, Sum: 0, Workers: 15
[50,934s][debug][gc,phases         ] GC(49)         Total                          Min: 0, Avg:  0,0, Max: 0, Diff: 0, Sum: 0, Workers: 15
[50,934s][debug][gc,phases         ] GC(49)       StringTable Weak               Min: 0,00, Avg: 0,01, Max: 0,04, Diff: 0,04, Sum: 0,10, Workers: 15
[50,934s][debug][gc,phases         ] GC(49)         Dead                           Min: 0, Avg:  0,0, Max: 0, Diff: 0, Sum: 0, Workers: 15
[50,934s][debug][gc,phases         ] GC(49)         Total                          Min: 0, Avg: 566,1, Max: 3968, Diff: 3968, Sum: 8492, Workers: 15
[50,934s][debug][gc,phases         ] GC(49)       ResolvedMethodTable Weak       Min: 0,00, Avg: 0,00, Max: 0,01, Diff: 0,01, Sum: 0,03, Workers: 15
[50,934s][debug][gc,phases         ] GC(49)         Dead                           Min: 0, Avg:  0,0, Max: 0, Diff: 0, Sum: 0, Workers: 15
[50,934s][debug][gc,phases         ] GC(49)         Total                          Min: 0, Avg: 113,1, Max: 447, Diff: 447, Sum: 1697, Workers: 15
[50,934s][debug][gc,phases         ] GC(49)       JNI Weak                       Min: 0,00, Avg: 0,00, Max: 0,00, Diff: 0,00, Sum: 0,00, Workers: 15
[50,934s][debug][gc,phases         ] GC(49)         Dead                           Min: 0, Avg:  0,0, Max: 0, Diff: 0, Sum: 0, Workers: 15
[50,934s][debug][gc,phases         ] GC(49)         Total                          Min: 0, Avg:  0,0, Max: 0, Diff: 0, Sum: 0, Workers: 15
[50,934s][debug][gc,phases         ] GC(49)       StringDedup Table Weak         Min: 0,00, Avg: 0,01, Max: 0,03, Diff: 0,03, Sum: 0,14, Workers: 15
[50,934s][debug][gc,phases         ] GC(49)         Dead                           Min: 0, Avg:  0,0, Max: 0, Diff: 0, Sum: 0, Workers: 15
[50,934s][debug][gc,phases         ] GC(49)         Total                          Min: 0, Avg: 875,7, Max: 2496, Diff: 2496, Sum: 13136, Workers: 15
[50,934s][debug][gc,phases         ] GC(49)       StringDedup Requests0 Weak     Min: 0,00, Avg: 0,00, Max: 0,00, Diff: 0,00, Sum: 0,00, Workers: 15
[50,934s][debug][gc,phases         ] GC(49)         Dead                           Min: 0, Avg:  0,0, Max: 0, Diff: 0, Sum: 0, Workers: 15
[50,934s][debug][gc,phases         ] GC(49)         Total                          Min: 0, Avg:  0,0, Max: 0, Diff: 0, Sum: 0, Workers: 15
[50,934s][debug][gc,phases         ] GC(49)       StringDedup Requests1 Weak     Min: 0,00, Avg: 0,00, Max: 0,00, Diff: 0,00, Sum: 0,01, Workers: 15
[50,934s][debug][gc,phases         ] GC(49)         Dead                           Min: 0, Avg:  0,0, Max: 0, Diff: 0, Sum: 0, Workers: 15
[50,934s][debug][gc,phases         ] GC(49)         Total                          Min: 0, Avg: 12,8, Max: 64, Diff: 64, Sum: 192, Workers: 15
[50,934s][debug][gc,phases         ] GC(49)       Weak JFR Old Object Samples    Min: 0,00, Avg: 0,00, Max: 0,00, Diff: 0,00, Sum: 0,00, Workers: 15
[50,934s][debug][gc,phases         ] GC(49)         Dead                           Min: 0, Avg:  0,0, Max: 0, Diff: 0, Sum: 0, Workers: 15
[50,934s][debug][gc,phases         ] GC(49)         Total                          Min: 0, Avg:  0,0, Max: 0, Diff: 0, Sum: 0, Workers: 15
[50,934s][debug][gc,phases         ] GC(49)     Post Evacuate Cleanup 1: 0,19ms
[50,934s][debug][gc,phases         ] GC(49)       Merge Per-Thread State (ms):   Min: 0,08, Avg: 0,08, Max: 0,08, Diff: 0,00, Sum: 0,08, Workers: 1
[50,934s][debug][gc,phases         ] GC(49)         Copied Bytes                   Min: 37167008, Avg: 44594220,8, Max: 50074536, Diff: 12907528, Sum: 668913312, Workers: 15
[50,934s][debug][gc,phases         ] GC(49)         LAB Waste                      Min: 624, Avg: 4565,3, Max: 16736, Diff: 16112, Sum: 68480, Workers: 15
[50,934s][debug][gc,phases         ] GC(49)         LAB Undo Waste                 Min: 0, Avg:  0,0, Max: 0, Diff: 0, Sum: 0, Workers: 15
[50,934s][debug][gc,phases         ] GC(49)         Evac Fail Extra Cards          Min: 0, Avg:  0,3, Max: 2, Diff: 2, Sum: 4, Workers: 15
[50,934s][debug][gc,phases         ] GC(49)       Clear Logged Cards (ms):       Min: 0,00, Avg: 0,04, Max: 0,15, Diff: 0,15, Sum: 0,65, Workers: 15
[50,934s][debug][gc,phases         ] GC(49)       Recalculate Used Memory (ms):  Min: 0,03, Avg: 0,03, Max: 0,03, Diff: 0,00, Sum: 0,03, Workers: 1
[50,934s][debug][gc,phases         ] GC(49)       Restore Evacuation Failed Regions (ms): Min: 0,00, Avg: 0,01, Max: 0,05, Diff: 0,05, Sum: 0,13, Workers: 15
[50,934s][debug][gc,phases         ] GC(49)         Evacuation Failed Regions:     Min: 1, Avg:  1,0, Max: 1, Diff: 0, Sum: 1, Workers: 1
[50,934s][debug][gc,phases         ] GC(49)         Pinned Regions:                Min: 1, Avg:  1,0, Max: 1, Diff: 0, Sum: 1, Workers: 1
[50,934s][debug][gc,phases         ] GC(49)         Allocation Failed Regions:     skipped
[50,934s][debug][gc,phases         ] GC(49)         Remove Self Forwards (ms):     Min: 0,00, Avg: 0,01, Max: 0,04, Diff: 0,04, Sum: 0,08, Workers: 7
[50,934s][debug][gc,phases         ] GC(49)           Forward Chunks:                Min: 1, Avg:  3,3, Max: 7, Diff: 6, Sum: 10, Workers: 3
[50,934s][debug][gc,phases         ] GC(49)           Empty Forward Chunks:          Min: 1, Avg: 16,9, Max: 67, Diff: 66, Sum: 118, Workers: 7
[50,934s][debug][gc,phases         ] GC(49)           Forward Objects:               Min: 1, Avg:  3,7, Max: 8, Diff: 7, Sum: 11, Workers: 3
[50,934s][debug][gc,phases         ] GC(49)           Forward Bytes:                 Min: 48, Avg: 54050,7, Max: 162008, Diff: 161960, Sum: 162152, Workers: 3
[50,934s][debug][gc,phases         ] GC(49)     Post Evacuate Cleanup 2: 0,18ms
[50,934s][debug][gc,phases         ] GC(49)       Recalculate Used Memory (ms):  Min: 0,03, Avg: 0,03, Max: 0,03, Diff: 0,00, Sum: 0,03, Workers: 1
[50,934s][debug][gc,phases         ] GC(49)       Restore Preserved Marks (ms):  Min: 0,00, Avg: 0,00, Max: 0,00, Diff: 0,00, Sum: 0,01, Workers: 15
[50,934s][debug][gc,phases         ] GC(49)       Process Evacuation Failed Regions (ms): Min: 0,00, Avg: 0,00, Max: 0,01, Diff: 0,01, Sum: 0,02, Workers: 15
[50,934s][debug][gc,phases         ] GC(49)       Update Derived Pointers (ms):  Min: 0,01, Avg: 0,01, Max: 0,01, Diff: 0,00, Sum: 0,01, Workers: 1
[50,934s][debug][gc,phases         ] GC(49)       Eagerly Reclaim Humongous Objects (ms): skipped
[50,934s][debug][gc,phases         ] GC(49)         Humongous Total                skipped
[50,934s][debug][gc,phases         ] GC(49)         Humongous Candidates           skipped
[50,934s][debug][gc,phases         ] GC(49)         Humongous Reclaimed            skipped
[50,934s][debug][gc,phases         ] GC(49)       Sample CSet Candidates (ms):   skipped
[50,934s][debug][gc,phases         ] GC(49)       Redirty Logged Cards (ms):     Min: 0,00, Avg: 0,00, Max: 0,01, Diff: 0,01, Sum: 0,07, Workers: 15
[50,934s][debug][gc,phases         ] GC(49)         Redirtied Cards:               Min: 0, Avg: 130,5, Max: 346, Diff: 346, Sum: 1958, Workers: 15
[50,934s][debug][gc,phases         ] GC(49)       Resize TLABs (ms):             Min: 0,00, Avg: 0,00, Max: 0,01, Diff: 0,01, Sum: 0,01, Workers: 15
[50,934s][debug][gc,phases         ] GC(49)       Free Collection Set (ms):      Min: 0,05, Avg: 0,09, Max: 0,12, Diff: 0,07, Sum: 1,42, Workers: 15
[50,934s][debug][gc,phases         ] GC(49)     Rebuild Free List: 0,03ms
[50,934s][debug][gc,phases         ] GC(49)     Prepare For Mutator: 0,06ms
[50,934s][debug][gc,phases         ] GC(49)     Expand Heap After Collection: 0,00ms
[50,934s][info ][gc,phases         ] GC(49)   Other: 0,34ms
[50,934s][debug][gc,remset         ] GC(49) Coarsening (recent): Inline->AoC 0 (0) AoC->Howl 0 (0) Howl->Full 0 (0) Inline->AoC 0 (0) AoC->BitMap 0 (0) BitMap->Full 0 (0) 
[50,934s][debug][gc,remset         ] GC(49) Coarsening (all): Inline->AoC 5965 (0) AoC->Howl 2730 (0) Howl->Full 815 (0) Inline->AoC 16779 (0) AoC->BitMap 16124 (0) BitMap->Full 3437 (0) 
[50,934s][info ][gc,heap           ] GC(49) Eden regions: 440->0(439)
[50,934s][info ][gc,heap           ] GC(49) Survivor regions: 52->62(62)
[50,934s][info ][gc,heap           ] GC(49) Old regions: 452->451
[50,934s][info ][gc,heap           ] GC(49) Humongous regions: 0->0
[50,934s][info ][gc,metaspace      ] GC(49) Metaspace: 20750K(21056K)->20750K(21056K) NonClass: 18138K(18304K)->18138K(18304K) Class: 2611K(2752K)->2611K(2752K)
[50,934s][debug][gc,heap           ] GC(49) Heap after GC invocations=50 (full 0):
[50,934s][debug][gc,heap           ] GC(49)  garbage-first heap   total reserved 8388608K, committed 5242880K, used 2098209K [0x0000000600000000, 0x0000000800000000)
[50,934s][debug][gc,heap           ] GC(49)   region size 4096K, 62 young (253952K), 62 survivors (253952K)
[50,934s][debug][gc,heap           ] GC(49)  Metaspace       used 20750K, committed 21056K, reserved 1114112K
[50,934s][debug][gc,heap           ] GC(49)   class space    used 2611K, committed 2752K, reserved 1048576K
[50,934s][info ][gc                ] GC(49) Pause Young (Mixed) (G1 Evacuation Pause) (Evacuation Failure: Pinned) 3773M->2049M(5120M) 73,561ms
[50,934s][info ][gc,cpu            ] GC(49) User=1,02s Sys=0,01s Real=0,08s
[50,935s][debug][gc,refine         ] Concurrent refinement: wanted 0, cards: 1958, predicted: 4430, time: 1218,29ms
[50,935s][debug][gc,task           ] G1 Service Thread (Card Set Free Memory Task) (run: 1,713ms) (cpu: 0,205ms)
[51,074s][debug][gc,refine         ] Concurrent refinement: wanted 0, cards: 1958, predicted: 4312, time: 1159,88ms
[51,210s][debug][gc,refine         ] Concurrent refinement: wanted 0, cards: 3750, predicted: 6070, time: 1143,19ms
[51,345s][debug][gc,refine         ] Concurrent refinement: wanted 0, cards: 3750, predicted: 5965, time: 1091,74ms
[51,419s][debug][gc,task,start     ] G1 Service Thread (Periodic GC Task) (run 0,595ms after schedule)
[51,419s][debug][gc,task           ] G1 Service Thread (Periodic GC Task) (run: 0,071ms) (cpu: 0,100ms)
[51,477s][debug][gc,refine         ] Concurrent refinement: wanted 0, cards: 3750, predicted: 5861, time: 1040,28ms
[51,606s][debug][gc,refine         ] Concurrent refinement: wanted 0, cards: 3750, predicted: 5757, time: 988,82ms
[51,732s][debug][gc,refine         ] Concurrent refinement: wanted 0, cards: 3750, predicted: 5658, time: 940,14ms
[51,854s][debug][gc,refine         ] Concurrent refinement: wanted 0, cards: 3750, predicted: 5559, time: 891,47ms
[51,973s][debug][gc,refine         ] Concurrent refinement: wanted 0, cards: 3750, predicted: 5463, time: 844,18ms
[52,089s][debug][gc,refine         ] Concurrent refinement: wanted 0, cards: 3750, predicted: 5373, time: 799,68ms
[52,202s][debug][gc,refine         ] Concurrent refinement: wanted 0, cards: 3750, predicted: 5282, time: 755,17ms
[52,311s][debug][gc,refine         ] Concurrent refinement: wanted 0, cards: 3750, predicted: 4108, time: 176,56ms
[52,365s][debug][gc,refine         ] Concurrent refinement: wanted 0, cards: 3750, predicted: 3750, time: 47,29ms
[52,415s][debug][gc,refine         ] Concurrent refinement: wanted 0, cards: 3750, predicted: 3750, time: 43,11ms
[52,419s][debug][gc,task,start     ] G1 Service Thread (Periodic GC Task) (run 0,204ms after schedule)
[52,419s][debug][gc,task           ] G1 Service Thread (Periodic GC Task) (run: 0,078ms) (cpu: 0,115ms)
[52,465s][debug][gc,refine         ] Concurrent refinement: wanted 0, cards: 3750, predicted: 3750, time: 38,94ms
[52,515s][debug][gc,refine         ] Concurrent refinement: wanted 0, cards: 3750, predicted: 3750, time: 36,16ms
[52,566s][debug][gc,refine         ] Concurrent refinement: wanted 0, cards: 3750, predicted: 3750, time: 31,99ms
[52,616s][debug][gc,refine         ] Concurrent refinement: wanted 0, cards: 3750, predicted: 3750, time: 29,21ms
[52,666s][debug][gc,refine         ] Concurrent refinement: wanted 0, cards: 3750, predicted: 3750, time: 16,69ms
[52,716s][debug][gc,refine         ] Concurrent refinement: wanted 0, cards: 3750, predicted: 3750, time: 0,00ms
[52,726s][debug][gc,ergo           ] GC(50) Initiate concurrent cycle (concurrent cycle initiation requested)
[52,726s][info ][gc,start          ] GC(50) Pause Young (Concurrent Start) (G1 Evacuation Pause)
[52,726s][debug][gc,heap           ] GC(50) Heap before GC invocations=50 (full 0):
[52,726s][debug][gc,heap           ] GC(50)  garbage-first heap   total reserved 8388608K, committed 5242880K, used 3892257K [0x0000000600000000, 0x0000000800000000)
[52,726s][debug][gc,heap           ] GC(50)   region size 4096K, 501 young (2052096K), 62 survivors (253952K)
[52,726s][debug][gc,heap           ] GC(50)  Metaspace       used 20750K, committed 21056K, reserved 1114112K
[52,726s][debug][gc,heap           ] GC(50)   class space    used 2611K, committed 2752K, reserved 1048576K
[52,726s][info ][gc,task           ] GC(50) Using 15 workers of 15 for evacuation
[52,726s][debug][gc,age            ] GC(50) Desired survivor size 132120576 bytes, new threshold 1 (max threshold 15)
[52,726s][debug][gc,tlab           ] GC(50) TLAB totals: thrds: 25  refills: 1391 max: 389 slow allocs: 767 max 58 waste:  0,9% gc: 12279008B max: 1180552B slow: 4011080B max: 685368B
[52,726s][debug][gc,refine,stats   ] GC(50) Mutator refinement: 0,00ms, refined: 0, precleaned: 0, dirtied: 2013
[52,726s][debug][gc,refine,stats   ] GC(50) Concurrent refinement: 0,00ms, refined: 0, precleaned: 0, dirtied: 0
[52,726s][debug][gc,refine,stats   ] GC(50) Total refinement: 0,00ms, refined: 0, precleaned: 0, dirtied: 2013
[52,726s][debug][gc,refine,stats   ] GC(50) Generate dirty cards rate: 1,12 cards/ms
[52,726s][debug][gc,alloc,region   ] GC(50) Mutator Allocation stats, regions: 439, wasted size: 536B ( 0,0%)
[52,726s][debug][gc,ergo,cset      ] GC(50) Do not add marking candidates to collection set due to pause type.
[52,726s][debug][gc,ergo,cset      ] GC(50) Start adding retained candidates to collection set. Min 1 regions, available 1, time remaining 40,00ms, optional remaining 40,00ms
[52,726s][debug][gc,ergo,cset      ] GC(50) Retained candidates exhausted.
[52,726s][debug][gc,ergo,cset      ] GC(50) Finish adding retained candidates to collection set. Initial: 1, optional: 0, pinned: 0, predicted initial time: 0,03ms, predicted optional time: 0,00ms, time remaining: 39,97ms optional time remaining 39,97ms
[52,727s][debug][gc,ergo           ] GC(50) Running G1 Merge Heap Roots using 15 workers for 502 regions
[52,727s][debug][gc,remset         ] GC(50) Visited cards 192192 Total dirty 1449984 (13,25%) Total old 11911168 (1,61%)
[52,757s][debug][gc,ref            ] GC(50) ReferenceProcessor::execute queues: 3, RefProcThreadModel::Multi, marks_oops_alive: false
[52,758s][debug][gc,ref            ] GC(50) ReferenceProcessor::execute queues: 15, RefProcThreadModel::Multi, marks_oops_alive: true
[52,758s][debug][gc,ref            ] GC(50) ReferenceProcessor::execute queues: 1, RefProcThreadModel::Single, marks_oops_alive: false
[52,759s][debug][gc,ergo           ] GC(50) Running G1 Rebuild Free List Task using 15 workers for rebuilding free list of regions
[52,759s][debug][gc,plab           ] GC(50) Young PLAB allocation: allocated: 50331648B, wasted: 1016B, unused: 18723992B, used: 31606640B, undo waste: 0B, 
[52,759s][debug][gc,plab           ] GC(50) Young other allocation: region end waste: 0B, regions filled: 12, num plab filled: 24, direct allocated: 0B, num direct allocated: 0, failure used: 0B, failure wasted: 0B
[52,759s][debug][gc,plab           ] GC(50) Young sizing: calculated: 6321328B, actual: 17276736B
[52,759s][debug][gc,plab           ] GC(50) Old PLAB allocation: allocated: 270532608B, wasted: 21200B, unused: 13652112B, used: 256859296B, undo waste: 0B, 
[52,759s][debug][gc,plab           ] GC(50) Old other allocation: region end waste: 0B, regions filled: 65, num plab filled: 129, direct allocated: 0B, num direct allocated: 0, failure used: 0B, failure wasted: 0B
[52,759s][debug][gc,plab           ] GC(50) Old sizing: calculated: 51371856B, actual: 59997608B
[52,759s][debug][gc,task,start     ] G1 Service Thread (Card Set Free Memory Task) (run 0,008ms after schedule)
[52,759s][debug][gc,ergo,heap      ] GC(50) Heap expansion: short term pause time ratio 5,09% long term pause time ratio 5,05% threshold 7,69% pause time ratio 7,69% fully expanded false resize by 0B
[52,759s][debug][gc,mmu            ] GC(50) MMU: 32,9ms (200,0ms/201,0ms)
[52,759s][debug][gc,alloc,stats    ] Old generation allocation in the last mutator period, old gen allocated: 270532608B, humongous allocated: 0B, old gen growth: 270532608B.
[52,759s][debug][gc,ihop           ] GC(50) Basic information (value update), threshold: 1252152508B (23,32), target occupancy: 5368709120B, current occupancy: 2205189680B, recent allocation size: 270532608B, recent allocation duration: 1793,27ms, recent old gen allocation rate: 150860158,01B/s, recent marking phase length: 2670,19ms
[52,759s][debug][gc,ihop           ] GC(50) Adaptive IHOP information (value update), threshold: 1252152508B (24,55), internal target occupancy: 5100273664B, occupancy: 2205189680B, additional buffer size: 2059403264B, predicted old gen allocation rate: 696700716,62B/s, predicted marking phase length: 2567,41ms, prediction active: true
[52,759s][debug][gc,ergo,refine    ] GC(50) GC refinement: goal: 229011 + 587 / 20,00ms, actual: 3971 / 0,36ms, 
[52,759s][debug][gc,ergo,refine    ] GC(50) New pending cards target: 225377
[52,759s][info ][gc,phases         ] GC(50)   Pre Evacuate Collection Set: 0,52ms
[52,759s][debug][gc,phases         ] GC(50)     Reset Marking State (ms):      Min: 0,03, Avg: 0,03, Max: 0,03, Diff: 0,00, Sum: 0,03, Workers: 1
[52,759s][debug][gc,phases         ] GC(50)     Note Start Of Mark (ms):       Min: 0,01, Avg: 0,02, Max: 0,05, Diff: 0,04, Sum: 0,09, Workers: 4
[52,759s][debug][gc,phases         ] GC(50)     Pre Evacuate Prepare: 0,20ms
[52,759s][debug][gc,phases         ] GC(50)       JT Retire TLABs And Flush Logs (ms): Min: 0,00, Avg: 0,01, Max: 0,02, Diff: 0,02, Sum: 0,02, Workers: 2
[52,759s][debug][gc,phases         ] GC(50)       Non-JT Flush Logs (ms):        Min: 0,01, Avg: 0,01, Max: 0,01, Diff: 0,00, Sum: 0,01, Workers: 1
[52,759s][debug][gc,phases         ] GC(50)     Choose Collection Set: 0,05ms
[52,759s][debug][gc,phases         ] GC(50)     Region Register: 0,22ms
[52,759s][debug][gc,phases         ] GC(50)     Prepare Heap Roots: 0,00ms
[52,759s][info ][gc,phases         ] GC(50)   Merge Heap Roots: 0,57ms
[52,759s][debug][gc,phases         ] GC(50)     Prepare Merge Heap Roots: 0,02ms
[52,759s][debug][gc,phases         ] GC(50)     Remembered Sets (ms):          Min: 0,09, Avg: 0,11, Max: 0,15, Diff: 0,06, Sum: 1,65, Workers: 15
[52,759s][debug][gc,phases         ] GC(50)       Eager Reclaim (ms):            skipped
[52,759s][debug][gc,phases         ] GC(50)       Merged Inline                  Min: 0, Avg:  0,0, Max: 0, Diff: 0, Sum: 0, Workers: 15
[52,759s][debug][gc,phases         ] GC(50)       Merged ArrayOfCards            Min: 0, Avg:  0,0, Max: 0, Diff: 0, Sum: 0, Workers: 15
[52,759s][debug][gc,phases         ] GC(50)       Merged Howl                    Min: 0, Avg:  0,0, Max: 0, Diff: 0, Sum: 0, Workers: 15
[52,759s][debug][gc,phases         ] GC(50)       Merged Full                    Min: 0, Avg:  0,0, Max: 0, Diff: 0, Sum: 0, Workers: 15
[52,759s][debug][gc,phases         ] GC(50)       Merged Howl Inline             Min: 0, Avg:  0,0, Max: 0, Diff: 0, Sum: 0, Workers: 15
[52,759s][debug][gc,phases         ] GC(50)       Merged Howl ArrayOfCards       Min: 0, Avg:  0,0, Max: 0, Diff: 0, Sum: 0, Workers: 15
[52,759s][debug][gc,phases         ] GC(50)       Merged Howl BitMap             Min: 0, Avg:  0,0, Max: 0, Diff: 0, Sum: 0, Workers: 15
[52,759s][debug][gc,phases         ] GC(50)       Merged Howl Full               Min: 0, Avg:  0,0, Max: 0, Diff: 0, Sum: 0, Workers: 15
[52,759s][debug][gc,phases         ] GC(50)       Merged Cards                   Min: 8, Avg:  8,0, Max: 8, Diff: 0, Sum: 120, Workers: 15
[52,759s][debug][gc,phases         ] GC(50)     Log Buffers (ms):              Min: 0,00, Avg: 0,03, Max: 0,04, Diff: 0,04, Sum: 0,40, Workers: 15
[52,759s][debug][gc,phases         ] GC(50)       Dirty Cards:                   Min: 0, Avg: 264,7, Max: 656, Diff: 656, Sum: 3971, Workers: 15
[52,759s][debug][gc,phases         ] GC(50)       Skipped Cards:                 Min: 0, Avg:  0,0, Max: 0, Diff: 0, Sum: 0, Workers: 15
[52,759s][info ][gc,phases         ] GC(50)   Evacuate Collection Set: 29,78ms
[52,759s][debug][gc,phases         ] GC(50)     Ext Root Scanning (ms):        Min: 0,00, Avg: 0,04, Max: 0,36, Diff: 0,36, Sum: 0,66, Workers: 15
[52,759s][debug][gc,phases         ] GC(50)     Scan Heap Roots (ms):          Min: 0,14, Avg: 0,33, Max: 0,60, Diff: 0,46, Sum: 4,96, Workers: 15
[52,759s][debug][gc,phases         ] GC(50)       Scanned Cards:                 Min: 122, Avg: 264,1, Max: 432, Diff: 310, Sum: 3962, Workers: 15
[52,759s][debug][gc,phases         ] GC(50)       Scanned Blocks:                Min: 107, Avg: 239,7, Max: 406, Diff: 299, Sum: 3595, Workers: 15
[52,759s][debug][gc,phases         ] GC(50)       Claimed Chunks:                Min: 85, Avg: 200,2, Max: 314, Diff: 229, Sum: 3003, Workers: 15
[52,759s][debug][gc,phases         ] GC(50)       Found Roots:                   Min: 130, Avg: 280,7, Max: 469, Diff: 339, Sum: 4211, Workers: 15
[52,759s][debug][gc,phases         ] GC(50)     Code Root Scan (ms):           Min: 0,03, Avg: 0,04, Max: 0,04, Diff: 0,01, Sum: 0,55, Workers: 15
[52,759s][debug][gc,phases         ] GC(50)       Scanned Nmethods               Min: 0, Avg:  0,0, Max: 0, Diff: 0, Sum: 0, Workers: 15
[52,759s][debug][gc,phases         ] GC(50)     Object Copy (ms):              Min: 28,71, Avg: 29,00, Max: 29,20, Diff: 0,49, Sum: 434,95, Workers: 15
[52,760s][debug][gc,phases         ] GC(50)     Termination (ms):              Min: 0,04, Avg: 0,07, Max: 0,14, Diff: 0,10, Sum: 1,02, Workers: 15
[52,760s][debug][gc,phases         ] GC(50)       Termination Attempts:          Min: 1, Avg:  1,0, Max: 1, Diff: 0, Sum: 15, Workers: 15
[52,760s][debug][gc,phases         ] GC(50)     GC Worker Other (ms):          Min: 0,05, Avg: 0,06, Max: 0,08, Diff: 0,04, Sum: 0,89, Workers: 15
[52,760s][debug][gc,phases         ] GC(50)     GC Worker Total (ms):          Min: 29,47, Avg: 29,54, Max: 29,64, Diff: 0,17, Sum: 443,03, Workers: 15
[52,760s][info ][gc,phases         ] GC(50)   Post Evacuate Collection Set: 1,70ms
[52,760s][debug][gc,phases         ] GC(50)     NMethod List Cleanup: 0,01ms
[52,760s][debug][gc,phases         ] GC(50)     Reference Processing: 0,95ms
[52,760s][debug][gc,phases,ref     ] GC(50)       Notify Soft/WeakReferences: 0,4ms
[52,760s][debug][gc,phases,ref     ] GC(50)         Balance queues: 0,0ms
[52,760s][debug][gc,phases,ref     ] GC(50)         SoftRef (ms):                  Min: 0,00, Avg: 0,00, Max: 0,00, Diff: 0,00, Sum: 0,00, Workers: 3
[52,760s][debug][gc,phases,ref     ] GC(50)         WeakRef (ms):                  Min: 0,00, Avg: 0,00, Max: 0,00, Diff: 0,00, Sum: 0,00, Workers: 3
[52,760s][debug][gc,phases,ref     ] GC(50)         FinalRef (ms):                 Min: 0,05, Avg: 0,07, Max: 0,11, Diff: 0,06, Sum: 0,22, Workers: 3
[52,760s][debug][gc,phases,ref     ] GC(50)         Total (ms):                    Min: 0,06, Avg: 0,16, Max: 0,23, Diff: 0,17, Sum: 0,47, Workers: 3
[52,760s][debug][gc,phases,ref     ] GC(50)       Notify and keep alive finalizable: 0,5ms
[52,760s][debug][gc,phases,ref     ] GC(50)         Balance queues: 0,0ms
[52,760s][debug][gc,phases,ref     ] GC(50)         FinalRef (ms):                 Min: 0,08, Avg: 0,16, Max: 0,24, Diff: 0,16, Sum: 2,43, Workers: 15
[52,760s][debug][gc,phases,ref     ] GC(50)       Notify PhantomReferences: 0,1ms
[52,760s][debug][gc,phases,ref     ] GC(50)         PhantomRef (ms):               Min: 0,01, Avg: 0,01, Max: 0,01, Diff: 0,00, Sum: 0,01, Workers: 1
[52,760s][debug][gc,phases,ref     ] GC(50)       SoftReference Discovered: 0, Dropped: 0, Processed: 0
[52,760s][debug][gc,phases,ref     ] GC(50)       WeakReference Discovered: 0, Dropped: 0, Processed: 0
[52,760s][debug][gc,phases,ref     ] GC(50)       FinalReference Discovered: 2268, Dropped: 0, Processed: 2268
[52,760s][debug][gc,phases,ref     ] GC(50)       PhantomReference Discovered: 80, Dropped: 2, Processed: 78
[52,760s][debug][gc,phases         ] GC(50)     Weak Processing: 0,16ms
[52,760s][debug][gc,phases         ] GC(50)       VM Weak                        Min: 0,00, Avg: 0,00, Max: 0,00, Diff: 0,00, Sum: 0,02, Workers: 15
[52,760s][debug][gc,phases         ] GC(50)         Dead                           Min: 0, Avg:  0,0, Max: 0, Diff: 0, Sum: 0, Workers: 15
[52,760s][debug][gc,phases         ] GC(50)         Total                          Min: 0, Avg: 11,0, Max: 64, Diff: 64, Sum: 165, Workers: 15
[52,760s][debug][gc,phases         ] GC(50)       ObjectSynchronizer Weak        Min: 0,00, Avg: 0,00, Max: 0,00, Diff: 0,00, Sum: 0,01, Workers: 15
[52,760s][debug][gc,phases         ] GC(50)         Dead                           Min: 0, Avg:  0,0, Max: 0, Diff: 0, Sum: 0, Workers: 15
[52,760s][debug][gc,phases         ] GC(50)         Total                          Min: 0, Avg:  2,2, Max: 33, Diff: 33, Sum: 33, Workers: 15
[52,760s][debug][gc,phases         ] GC(50)       JVMTI Tag Weak OopStorage      Min: 0,00, Avg: 0,00, Max: 0,00, Diff: 0,00, Sum: 0,01, Workers: 15
[52,760s][debug][gc,phases         ] GC(50)         Dead                           Min: 0, Avg:  0,0, Max: 0, Diff: 0, Sum: 0, Workers: 15
[52,760s][debug][gc,phases         ] GC(50)         Total                          Min: 0, Avg:  0,0, Max: 0, Diff: 0, Sum: 0, Workers: 15
[52,760s][debug][gc,phases         ] GC(50)       StringTable Weak               Min: 0,00, Avg: 0,01, Max: 0,02, Diff: 0,02, Sum: 0,17, Workers: 15
[52,760s][debug][gc,phases         ] GC(50)         Dead                           Min: 0, Avg:  0,0, Max: 0, Diff: 0, Sum: 0, Workers: 15
[52,760s][debug][gc,phases         ] GC(50)         Total                          Min: 0, Avg: 566,6, Max: 1728, Diff: 1728, Sum: 8499, Workers: 15
[52,760s][debug][gc,phases         ] GC(50)       ResolvedMethodTable Weak       Min: 0,00, Avg: 0,00, Max: 0,01, Diff: 0,00, Sum: 0,03, Workers: 15
[52,760s][debug][gc,phases         ] GC(50)         Dead                           Min: 0, Avg:  0,0, Max: 0, Diff: 0, Sum: 0, Workers: 15
[52,760s][debug][gc,phases         ] GC(50)         Total                          Min: 0, Avg: 113,1, Max: 318, Diff: 318, Sum: 1697, Workers: 15
[52,760s][debug][gc,phases         ] GC(50)       JNI Weak                       Min: 0,00, Avg: 0,00, Max: 0,00, Diff: 0,00, Sum: 0,01, Workers: 15
[52,760s][debug][gc,phases         ] GC(50)         Dead                           Min: 0, Avg:  0,0, Max: 0, Diff: 0, Sum: 0, Workers: 15
[52,760s][debug][gc,phases         ] GC(50)         Total                          Min: 0, Avg:  0,0, Max: 0, Diff: 0, Sum: 0, Workers: 15
[52,760s][debug][gc,phases         ] GC(50)       StringDedup Table Weak         Min: 0,00, Avg: 0,01, Max: 0,02, Diff: 0,02, Sum: 0,14, Workers: 15
[52,760s][debug][gc,phases         ] GC(50)         Dead                           Min: 0, Avg:  0,0, Max: 0, Diff: 0, Sum: 0, Workers: 15
[52,760s][debug][gc,phases         ] GC(50)         Total                          Min: 0, Avg: 875,7, Max: 1728, Diff: 1728, Sum: 13136, Workers: 15
[52,760s][debug][gc,phases         ] GC(50)       StringDedup Requests0 Weak     Min: 0,00, Avg: 0,00, Max: 0,00, Diff: 0,00, Sum: 0,01, Workers: 15
[52,760s][debug][gc,phases         ] GC(50)         Dead                           Min: 0, Avg:  0,0, Max: 0, Diff: 0, Sum: 0, Workers: 15
[52,760s][debug][gc,phases         ] GC(50)         Total                          Min: 0, Avg: 12,8, Max: 64, Diff: 64, Sum: 192, Workers: 15
[52,760s][debug][gc,phases         ] GC(50)       StringDedup Requests1 Weak     Min: 0,00, Avg: 0,00, Max: 0,00, Diff: 0,00, Sum: 0,00, Workers: 15
[52,760s][debug][gc,phases         ] GC(50)         Dead                           Min: 0, Avg:  0,0, Max: 0, Diff: 0, Sum: 0, Workers: 15
[52,760s][debug][gc,phases         ] GC(50)         Total                          Min: 0, Avg:  0,0, Max: 0, Diff: 0, Sum: 0, Workers: 15
[52,760s][debug][gc,phases         ] GC(50)       Weak JFR Old Object Samples    Min: 0,00, Avg: 0,00, Max: 0,00, Diff: 0,00, Sum: 0,00, Workers: 15
[52,760s][debug][gc,phases         ] GC(50)         Dead                           Min: 0, Avg:  0,0, Max: 0, Diff: 0, Sum: 0, Workers: 15
[52,760s][debug][gc,phases         ] GC(50)         Total                          Min: 0, Avg:  0,0, Max: 0, Diff: 0, Sum: 0, Workers: 15
[52,760s][debug][gc,phases         ] GC(50)     Post Evacuate Cleanup 1: 0,27ms
[52,760s][debug][gc,phases         ] GC(50)       Merge Per-Thread State (ms):   Min: 0,05, Avg: 0,05, Max: 0,05, Diff: 0,00, Sum: 0,05, Workers: 1
[52,760s][debug][gc,phases         ] GC(50)         Copied Bytes                   Min: 16130672, Avg: 19231062,4, Max: 25081360, Diff: 8950688, Sum: 288465936, Workers: 15
[52,760s][debug][gc,phases         ] GC(50)         LAB Waste                      Min: 248, Avg: 1481,1, Max: 3448, Diff: 3200, Sum: 22216, Workers: 15
[52,760s][debug][gc,phases         ] GC(50)         LAB Undo Waste                 Min: 0, Avg:  0,0, Max: 0, Diff: 0, Sum: 0, Workers: 15
[52,760s][debug][gc,phases         ] GC(50)         Evac Fail Extra Cards          Min: 0, Avg:  0,0, Max: 0, Diff: 0, Sum: 0, Workers: 15
[52,760s][debug][gc,phases         ] GC(50)       Clear Logged Cards (ms):       Min: 0,00, Avg: 0,09, Max: 0,16, Diff: 0,16, Sum: 0,56, Workers: 6
[52,760s][debug][gc,phases         ] GC(50)       Recalculate Used Memory (ms):  Min: 0,00, Avg: 0,00, Max: 0,00, Diff: 0,00, Sum: 0,00, Workers: 1
[52,760s][debug][gc,phases         ] GC(50)     Post Evacuate Cleanup 2: 0,21ms
[52,760s][debug][gc,phases         ] GC(50)       Update Derived Pointers (ms):  Min: 0,01, Avg: 0,01, Max: 0,01, Diff: 0,00, Sum: 0,01, Workers: 1
[52,760s][debug][gc,phases         ] GC(50)       Eagerly Reclaim Humongous Objects (ms): skipped
[52,760s][debug][gc,phases         ] GC(50)         Humongous Total                skipped
[52,760s][debug][gc,phases         ] GC(50)         Humongous Candidates           skipped
[52,760s][debug][gc,phases         ] GC(50)         Humongous Reclaimed            skipped
[52,760s][debug][gc,phases         ] GC(50)       Redirty Logged Cards (ms):     Min: 0,00, Avg: 0,00, Max: 0,02, Diff: 0,02, Sum: 0,06, Workers: 15
[52,760s][debug][gc,phases         ] GC(50)         Redirtied Cards:               Min: 0, Avg: 147,2, Max: 630, Diff: 630, Sum: 2208, Workers: 15
[52,760s][debug][gc,phases         ] GC(50)       Resize TLABs (ms):             Min: 0,00, Avg: 0,00, Max: 0,00, Diff: 0,00, Sum: 0,01, Workers: 15
[52,760s][debug][gc,phases         ] GC(50)       Free Collection Set (ms):      Min: 0,03, Avg: 0,09, Max: 0,14, Diff: 0,12, Sum: 1,35, Workers: 15
[52,760s][debug][gc,phases         ] GC(50)     Rebuild Free List: 0,04ms
[52,760s][debug][gc,phases         ] GC(50)     Prepare For Mutator: 0,06ms
[52,760s][debug][gc,phases         ] GC(50)     Expand Heap After Collection: 0,00ms
[52,760s][info ][gc,phases         ] GC(50)   Other: 0,48ms
[52,760s][debug][gc,remset         ] GC(50) Coarsening (recent): Inline->AoC 0 (0) AoC->Howl 0 (0) Howl->Full 0 (0) Inline->AoC 0 (0) AoC->BitMap 0 (0) BitMap->Full 0 (0) 
[52,760s][debug][gc,remset         ] GC(50) Coarsening (all): Inline->AoC 5965 (0) AoC->Howl 2730 (0) Howl->Full 815 (0) Inline->AoC 16779 (0) AoC->BitMap 16124 (0) BitMap->Full 3437 (0) 
[52,760s][info ][gc,heap           ] GC(50) Eden regions: 439->0(479)
[52,760s][info ][gc,heap           ] GC(50) Survivor regions: 62->12(63)
[52,760s][info ][gc,heap           ] GC(50) Old regions: 451->515
[52,760s][info ][gc,heap           ] GC(50) Humongous regions: 0->0
[52,760s][info ][gc,metaspace      ] GC(50) Metaspace: 20750K(21056K)->20750K(21056K) NonClass: 18139K(18304K)->18139K(18304K) Class: 2611K(2752K)->2611K(2752K)
[52,760s][debug][gc,heap           ] GC(50) Heap after GC invocations=51 (full 0):
[52,760s][debug][gc,heap           ] GC(50)  garbage-first heap   total reserved 8388608K, committed 5242880K, used 2153505K [0x0000000600000000, 0x0000000800000000)
[52,760s][debug][gc,heap           ] GC(50)   region size 4096K, 12 young (49152K), 12 survivors (49152K)
[52,760s][debug][gc,heap           ] GC(50)  Metaspace       used 20750K, committed 21056K, reserved 1114112K
[52,760s][debug][gc,heap           ] GC(50)   class space    used 2611K, committed 2752K, reserved 1048576K
[52,760s][info ][gc                ] GC(50) Pause Young (Concurrent Start) (G1 Evacuation Pause) 3805M->2103M(5120M) 34,333ms
[52,760s][info ][gc,cpu            ] GC(50) User=0,46s Sys=0,00s Real=0,03s
[52,761s][debug][gc,task           ] G1 Service Thread (Card Set Free Memory Task) (run: 1,628ms) (cpu: 0,109ms)
[52,761s][info ][gc                ] GC(51) Concurrent Mark Cycle
[52,761s][debug][gc,refine         ] Concurrent refinement: wanted 0, cards: 2208, predicted: 4828, time: 1430,30ms
[52,761s][info ][gc,marking        ] GC(51) Concurrent Scan Root Regions
[52,761s][debug][gc,ergo           ] GC(51) Running G1 Root Region Scan using 4 workers for 77 work units.
[52,785s][info ][gc,marking        ] GC(51) Concurrent Scan Root Regions 24,037ms
[52,785s][info ][gc,marking        ] GC(51) Concurrent Mark
[52,785s][info ][gc,marking        ] GC(51) Concurrent Mark From Roots
[52,785s][info ][gc,task           ] GC(51) Using 4 workers of 4 for marking
[52,841s][debug][gc,stats          ] ---------------------------------------------------------------------
[52,841s][debug][gc,stats          ] Marking Stats, task = 0, calls = 7
[52,841s][debug][gc,stats          ]   Elapsed time = 56,18ms, Termination time = 0,01ms
[52,841s][debug][gc,stats          ]   Step Times (cum): num = 187, avg = 2,67ms, sd = 4,24ms max = 12,00ms, total = 498,44ms
[52,841s][debug][gc,stats          ]   Mark Stats Cache: hits 1145084 misses 1 ratio 100,000
[52,841s][debug][gc,stats          ] ---------------------------------------------------------------------
[52,841s][debug][gc,stats          ] Marking Stats, task = 1, calls = 7
[52,841s][debug][gc,stats          ]   Elapsed time = 56,17ms, Termination time = 0,01ms
[52,841s][debug][gc,stats          ]   Step Times (cum): num = 76, avg = 6,47ms, sd = 4,40ms max = 12,01ms, total = 491,40ms
[52,841s][debug][gc,stats          ]   Mark Stats Cache: hits 914595 misses 1 ratio 100,000
[52,841s][debug][gc,stats          ] ---------------------------------------------------------------------
[52,841s][debug][gc,stats          ] Marking Stats, task = 2, calls = 7
[52,841s][debug][gc,stats          ]   Elapsed time = 56,17ms, Termination time = 0,01ms
[52,841s][debug][gc,stats          ]   Step Times (cum): num = 76, avg = 6,55ms, sd = 4,38ms max = 12,00ms, total = 497,77ms
[52,841s][debug][gc,stats          ]   Mark Stats Cache: hits 1105057 misses 1 ratio 100,000
[52,841s][debug][gc,stats          ] ---------------------------------------------------------------------
[52,841s][debug][gc,stats          ] Marking Stats, task = 3, calls = 6
[52,841s][debug][gc,stats          ]   Elapsed time = 56,15ms, Termination time = 0,01ms
[52,841s][debug][gc,stats          ]   Step Times (cum): num = 77, avg = 6,49ms, sd = 4,41ms max = 12,01ms, total = 499,77ms
[52,841s][debug][gc,stats          ]   Mark Stats Cache: hits 1128294 misses 1 ratio 100,000
[52,841s][debug][gc,stats          ] ---------------------------------------------------------------------
[52,841s][info ][gc,marking        ] GC(51) Concurrent Mark From Roots 56,684ms
[52,841s][info ][gc,marking        ] GC(51) Concurrent Preclean
[52,841s][debug][gc,ref,start      ] GC(51) Preclean SoftReferences
[52,841s][debug][gc,ref            ] GC(51) Preclean SoftReferences 0,017ms
[52,841s][debug][gc,ref,start      ] GC(51) Preclean WeakReferences
[52,842s][debug][gc,ref            ] GC(51) Preclean WeakReferences 0,050ms
[52,842s][debug][gc,ref,start      ] GC(51) Preclean FinalReferences
[52,842s][debug][gc,ref            ] GC(51) Preclean FinalReferences 0,017ms
[52,842s][debug][gc,ref,start      ] GC(51) Preclean PhantomReferences
[52,842s][debug][gc,ref            ] GC(51) Preclean PhantomReferences 0,055ms
[52,842s][info ][gc,marking        ] GC(51) Concurrent Preclean 0,215ms
[52,842s][info ][gc,start          ] GC(51) Pause Remark
[52,842s][debug][gc,phases,start   ] GC(51) Finalize Marking
[52,842s][debug][gc,stats          ] ---------------------------------------------------------------------
[52,842s][debug][gc,stats          ] Marking Stats, task = 0, calls = 8
[52,842s][debug][gc,stats          ]   Elapsed time = 0,34ms, Termination time = 0,33ms
[52,842s][debug][gc,stats          ]   Step Times (cum): num = 188, avg = 2,65ms, sd = 4,23ms max = 12,00ms, total = 498,44ms
[52,842s][debug][gc,stats          ]   Mark Stats Cache: hits 1145084 misses 1 ratio 100,000
[52,842s][debug][gc,stats          ] ---------------------------------------------------------------------
[52,842s][debug][gc,stats          ] Marking Stats, task = 1, calls = 8
[52,842s][debug][gc,stats          ]   Elapsed time = 0,12ms, Termination time = 0,11ms
[52,842s][debug][gc,stats          ]   Step Times (cum): num = 77, avg = 6,38ms, sd = 4,43ms max = 12,01ms, total = 491,45ms
[52,842s][debug][gc,stats          ]   Mark Stats Cache: hits 914595 misses 1 ratio 100,000
[52,842s][debug][gc,stats          ] ---------------------------------------------------------------------
[52,842s][debug][gc,stats          ] Marking Stats, task = 2, calls = 8
[52,842s][debug][gc,stats          ]   Elapsed time = 0,12ms, Termination time = 0,13ms
[52,843s][debug][gc,stats          ]   Step Times (cum): num = 77, avg = 6,46ms, sd = 4,42ms max = 12,00ms, total = 497,80ms
[52,843s][debug][gc,stats          ]   Mark Stats Cache: hits 1105057 misses 1 ratio 100,000
[52,843s][debug][gc,stats          ] ---------------------------------------------------------------------
[52,843s][debug][gc,stats          ] Marking Stats, task = 3, calls = 7
[52,843s][debug][gc,stats          ]   Elapsed time = 0,09ms, Termination time = 0,08ms
[52,843s][debug][gc,stats          ]   Step Times (cum): num = 78, avg = 6,41ms, sd = 4,44ms max = 12,01ms, total = 499,82ms
[52,843s][debug][gc,stats          ]   Mark Stats Cache: hits 1128294 misses 1 ratio 100,000
[52,843s][debug][gc,stats          ] ---------------------------------------------------------------------
[52,843s][debug][gc,stats          ] Marking Stats, task = 4, calls = 1
[52,843s][debug][gc,stats          ]   Elapsed time = 0,15ms, Termination time = 0,13ms
[52,843s][debug][gc,stats          ]   Step Times (cum): num = 13, avg = 0,03ms, sd = 0,01ms max = 0,05ms, total = 0,43ms
[52,843s][debug][gc,stats          ]   Mark Stats Cache: hits 20 misses 1 ratio 95,238
[52,843s][debug][gc,stats          ] ---------------------------------------------------------------------
[52,843s][debug][gc,stats          ] Marking Stats, task = 5, calls = 1
[52,843s][debug][gc,stats          ]   Elapsed time = 0,15ms, Termination time = 0,13ms
[52,843s][debug][gc,stats          ]   Step Times (cum): num = 13, avg = 0,03ms, sd = 0,02ms max = 0,08ms, total = 0,45ms
[52,843s][debug][gc,stats          ]   Mark Stats Cache: hits 0 misses 0 ratio 0,000
[52,843s][debug][gc,stats          ] ---------------------------------------------------------------------
[52,843s][debug][gc,stats          ] Marking Stats, task = 6, calls = 1
[52,843s][debug][gc,stats          ]   Elapsed time = 0,15ms, Termination time = 0,13ms
[52,843s][debug][gc,stats          ]   Step Times (cum): num = 13, avg = 0,04ms, sd = 0,02ms max = 0,10ms, total = 0,51ms
[52,843s][debug][gc,stats          ]   Mark Stats Cache: hits 0 misses 0 ratio 0,000
[52,843s][debug][gc,stats          ] ---------------------------------------------------------------------
[52,843s][debug][gc,stats          ] Marking Stats, task = 7, calls = 1
[52,843s][debug][gc,stats          ]   Elapsed time = 0,05ms, Termination time = 0,04ms
[52,843s][debug][gc,stats          ]   Step Times (cum): num = 13, avg = 0,04ms, sd = 0,02ms max = 0,08ms, total = 0,55ms
[52,843s][debug][gc,stats          ]   Mark Stats Cache: hits 0 misses 0 ratio 0,000
[52,843s][debug][gc,stats          ] ---------------------------------------------------------------------
[52,843s][debug][gc,stats          ] Marking Stats, task = 8, calls = 1
[52,843s][debug][gc,stats          ]   Elapsed time = 0,11ms, Termination time = 0,10ms
[52,843s][debug][gc,stats          ]   Step Times (cum): num = 13, avg = 0,04ms, sd = 0,01ms max = 0,06ms, total = 0,54ms
[52,843s][debug][gc,stats          ]   Mark Stats Cache: hits 0 misses 0 ratio 0,000
[52,843s][debug][gc,stats          ] ---------------------------------------------------------------------
[52,843s][debug][gc,stats          ] Marking Stats, task = 9, calls = 1
[52,843s][debug][gc,stats          ]   Elapsed time = 0,12ms, Termination time = 0,11ms
[52,843s][debug][gc,stats          ]   Step Times (cum): num = 13, avg = 0,04ms, sd = 0,01ms max = 0,06ms, total = 0,56ms
[52,843s][debug][gc,stats          ]   Mark Stats Cache: hits 0 misses 0 ratio 0,000
[52,843s][debug][gc,stats          ] ---------------------------------------------------------------------
[52,843s][debug][gc,stats          ] Marking Stats, task = 10, calls = 1
[52,843s][debug][gc,stats          ]   Elapsed time = 0,17ms, Termination time = 0,17ms
[52,843s][debug][gc,stats          ]   Step Times (cum): num = 13, avg = 0,04ms, sd = 0,01ms max = 0,06ms, total = 0,58ms
[52,843s][debug][gc,stats          ]   Mark Stats Cache: hits 0 misses 0 ratio 0,000
[52,843s][debug][gc,stats          ] ---------------------------------------------------------------------
[52,843s][debug][gc,stats          ] Marking Stats, task = 11, calls = 1
[52,843s][debug][gc,stats          ]   Elapsed time = 0,05ms, Termination time = 0,03ms
[52,843s][debug][gc,stats          ]   Step Times (cum): num = 13, avg = 0,05ms, sd = 0,01ms max = 0,06ms, total = 0,62ms
[52,843s][debug][gc,stats          ]   Mark Stats Cache: hits 0 misses 0 ratio 0,000
[52,843s][debug][gc,stats          ] ---------------------------------------------------------------------
[52,843s][debug][gc,stats          ] Marking Stats, task = 12, calls = 1
[52,843s][debug][gc,stats          ]   Elapsed time = 0,03ms, Termination time = 0,02ms
[52,843s][debug][gc,stats          ]   Step Times (cum): num = 13, avg = 0,04ms, sd = 0,02ms max = 0,06ms, total = 0,48ms
[52,843s][debug][gc,stats          ]   Mark Stats Cache: hits 0 misses 0 ratio 0,000
[52,843s][debug][gc,stats          ] ---------------------------------------------------------------------
[52,843s][debug][gc,stats          ] Marking Stats, task = 13, calls = 1
[52,843s][debug][gc,stats          ]   Elapsed time = 0,03ms, Termination time = 0,02ms
[52,843s][debug][gc,stats          ]   Step Times (cum): num = 13, avg = 0,03ms, sd = 0,02ms max = 0,06ms, total = 0,40ms
[52,843s][debug][gc,stats          ]   Mark Stats Cache: hits 0 misses 0 ratio 0,000
[52,843s][debug][gc,stats          ] ---------------------------------------------------------------------
[52,843s][debug][gc,stats          ] Marking Stats, task = 14, calls = 1
[52,843s][debug][gc,stats          ]   Elapsed time = 0,02ms, Termination time = 0,01ms
[52,843s][debug][gc,stats          ]   Step Times (cum): num = 13, avg = 0,03ms, sd = 0,02ms max = 0,06ms, total = 0,36ms
[52,843s][debug][gc,stats          ]   Mark Stats Cache: hits 0 misses 0 ratio 0,000
[52,843s][debug][gc,stats          ] ---------------------------------------------------------------------
[52,843s][debug][gc,phases         ] GC(51) Finalize Marking 1,121ms
[52,843s][debug][gc,phases,start   ] GC(51) Reference Processing
[52,843s][debug][gc,ref            ] GC(51) ReferenceProcessor::execute queues: 1, RefProcThreadModel::Single, marks_oops_alive: false
[52,843s][debug][gc,ref            ] GC(51) ReferenceProcessor::execute queues: 15, RefProcThreadModel::Multi, marks_oops_alive: true
[52,844s][debug][gc,ref            ] GC(51) Skipped PhantomRefsPhase of Reference Processing: no references
[52,844s][debug][gc,phases,ref     ] GC(51) Reference Processing: 0,5ms
[52,844s][debug][gc,phases,ref     ] GC(51)   Notify Soft/WeakReferences: 0,1ms
[52,844s][debug][gc,phases,ref     ] GC(51)     SoftRef (ms):                  Min: 0,00, Avg: 0,00, Max: 0,00, Diff: 0,00, Sum: 0,00, Workers: 1
[52,844s][debug][gc,phases,ref     ] GC(51)     WeakRef (ms):                  Min: 0,00, Avg: 0,00, Max: 0,00, Diff: 0,00, Sum: 0,00, Workers: 1
[52,844s][debug][gc,phases,ref     ] GC(51)     FinalRef (ms):                 Min: 0,00, Avg: 0,00, Max: 0,00, Diff: 0,00, Sum: 0,00, Workers: 1
[52,844s][debug][gc,phases,ref     ] GC(51)     Total (ms):                    Min: 0,02, Avg: 0,02, Max: 0,02, Diff: 0,00, Sum: 0,02, Workers: 1
[52,844s][debug][gc,phases,ref     ] GC(51)   Notify and keep alive finalizable: 0,4ms
[52,844s][debug][gc,phases,ref     ] GC(51)     Balance queues: 0,0ms
[52,844s][debug][gc,phases,ref     ] GC(51)     FinalRef (ms):                 Min: 0,02, Avg: 0,11, Max: 0,34, Diff: 0,31, Sum: 1,71, Workers: 15
[52,844s][debug][gc,phases,ref     ] GC(51)   Notify PhantomReferences: 0,0ms
[52,844s][debug][gc,phases,ref     ] GC(51)     PhantomRef (ms):               skipped
[52,844s][debug][gc,phases,ref     ] GC(51)   SoftReference Discovered: 0, Dropped: 0, Processed: 0
[52,844s][debug][gc,phases,ref     ] GC(51)   WeakReference Discovered: 0, Dropped: 0, Processed: 0
[52,844s][debug][gc,phases,ref     ] GC(51)   FinalReference Discovered: 9, Dropped: 0, Processed: 9
[52,844s][debug][gc,phases,ref     ] GC(51)   PhantomReference Discovered: 0, Dropped: 0, Processed: 0
[52,844s][debug][gc,phases         ] GC(51) Reference Processing 0,691ms
[52,844s][debug][gc,phases,start   ] GC(51) Weak Processing
[52,844s][debug][gc,phases         ] GC(51)   VM Weak                        Min: 0,00, Avg: 0,00, Max: 0,00, Diff: 0,00, Sum: 0,01, Workers: 15
[52,844s][debug][gc,phases         ] GC(51)     Dead                           Min: 0, Avg:  0,0, Max: 0, Diff: 0, Sum: 0, Workers: 15
[52,844s][debug][gc,phases         ] GC(51)     Total                          Min: 0, Avg: 11,0, Max: 101, Diff: 101, Sum: 165, Workers: 15
[52,844s][debug][gc,phases         ] GC(51)   ObjectSynchronizer Weak        Min: 0,00, Avg: 0,00, Max: 0,00, Diff: 0,00, Sum: 0,01, Workers: 15
[52,844s][debug][gc,phases         ] GC(51)     Dead                           Min: 0, Avg:  0,0, Max: 0, Diff: 0, Sum: 0, Workers: 15
[52,844s][debug][gc,phases         ] GC(51)     Total                          Min: 0, Avg:  2,2, Max: 33, Diff: 33, Sum: 33, Workers: 15
[52,844s][debug][gc,phases         ] GC(51)   JVMTI Tag Weak OopStorage      Min: 0,00, Avg: 0,00, Max: 0,00, Diff: 0,00, Sum: 0,00, Workers: 15
[52,844s][debug][gc,phases         ] GC(51)     Dead                           Min: 0, Avg:  0,0, Max: 0, Diff: 0, Sum: 0, Workers: 15
[52,844s][debug][gc,phases         ] GC(51)     Total                          Min: 0, Avg:  0,0, Max: 0, Diff: 0, Sum: 0, Workers: 15
[52,844s][debug][gc,phases         ] GC(51)   StringTable Weak               Min: 0,00, Avg: 0,01, Max: 0,03, Diff: 0,03, Sum: 0,12, Workers: 15
[52,844s][debug][gc,phases         ] GC(51)     Dead                           Min: 0, Avg:  0,0, Max: 0, Diff: 0, Sum: 0, Workers: 15
[52,844s][debug][gc,phases         ] GC(51)     Total                          Min: 0, Avg: 566,6, Max: 2867, Diff: 2867, Sum: 8499, Workers: 15
[52,844s][debug][gc,phases         ] GC(51)   ResolvedMethodTable Weak       Min: 0,00, Avg: 0,00, Max: 0,01, Diff: 0,01, Sum: 0,03, Workers: 15
[52,844s][debug][gc,phases         ] GC(51)     Dead                           Min: 0, Avg:  0,0, Max: 0, Diff: 0, Sum: 0, Workers: 15
[52,844s][debug][gc,phases         ] GC(51)     Total                          Min: 0, Avg: 113,1, Max: 574, Diff: 574, Sum: 1697, Workers: 15
[52,844s][debug][gc,phases         ] GC(51)   JNI Weak                       Min: 0,00, Avg: 0,00, Max: 0,03, Diff: 0,03, Sum: 0,03, Workers: 15
[52,844s][debug][gc,phases         ] GC(51)     Dead                           Min: 0, Avg:  0,0, Max: 0, Diff: 0, Sum: 0, Workers: 15
[52,844s][debug][gc,phases         ] GC(51)     Total                          Min: 0, Avg:  0,0, Max: 0, Diff: 0, Sum: 0, Workers: 15
[52,844s][debug][gc,phases         ] GC(51)   StringDedup Table Weak         Min: 0,00, Avg: 0,01, Max: 0,03, Diff: 0,03, Sum: 0,13, Workers: 15
[52,844s][debug][gc,phases         ] GC(51)     Dead                           Min: 0, Avg:  0,0, Max: 0, Diff: 0, Sum: 0, Workers: 15
[52,844s][debug][gc,phases         ] GC(51)     Total                          Min: 0, Avg: 876,2, Max: 3735, Diff: 3735, Sum: 13143, Workers: 15
[52,844s][debug][gc,phases         ] GC(51)   StringDedup Requests0 Weak     Min: 0,00, Avg: 0,00, Max: 0,00, Diff: 0,00, Sum: 0,01, Workers: 15
[52,844s][debug][gc,phases         ] GC(51)     Dead                           Min: 0, Avg:  0,0, Max: 0, Diff: 0, Sum: 0, Workers: 15
[52,844s][debug][gc,phases         ] GC(51)     Total                          Min: 0, Avg:  0,0, Max: 0, Diff: 0, Sum: 0, Workers: 15
[52,844s][debug][gc,phases         ] GC(51)   StringDedup Requests1 Weak     Min: 0,00, Avg: 0,00, Max: 0,00, Diff: 0,00, Sum: 0,00, Workers: 15
[52,844s][debug][gc,phases         ] GC(51)     Dead                           Min: 0, Avg:  0,0, Max: 0, Diff: 0, Sum: 0, Workers: 15
[52,844s][debug][gc,phases         ] GC(51)     Total                          Min: 0, Avg:  0,0, Max: 0, Diff: 0, Sum: 0, Workers: 15
[52,844s][debug][gc,phases         ] GC(51)   Weak JFR Old Object Samples    Min: 0,00, Avg: 0,00, Max: 0,00, Diff: 0,00, Sum: 0,00, Workers: 15
[52,844s][debug][gc,phases         ] GC(51)     Dead                           Min: 0, Avg:  0,0, Max: 0, Diff: 0, Sum: 0, Workers: 15
[52,844s][debug][gc,phases         ] GC(51)     Total                          Min: 0, Avg:  0,0, Max: 0, Diff: 0, Sum: 0, Workers: 15
[52,844s][debug][gc,phases         ] GC(51) Weak Processing 0,440ms
[52,844s][debug][gc,phases,start   ] GC(51) Class Unloading
[52,844s][debug][gc,phases,start   ] GC(51) ClassLoaderData
[52,844s][debug][gc,phases         ] GC(51) ClassLoaderData 0,028ms
[52,844s][debug][gc,phases,start   ] GC(51) Trigger cleanups
[52,844s][debug][gc,phases         ] GC(51) Trigger cleanups 0,009ms
[52,844s][debug][gc,phases,start   ] GC(51) G1 Complete Cleaning
[52,845s][debug][gc,phases         ] GC(51) G1 Complete Cleaning 0,801ms
[52,845s][debug][gc,phases,start   ] GC(51) Purge Unlinked NMethods
[52,845s][debug][gc,phases         ] GC(51) Purge Unlinked NMethods 0,037ms
[52,845s][debug][gc,phases,start   ] GC(51) Free Code Blobs
[52,845s][debug][gc,phases         ] GC(51) Free Code Blobs 0,021ms
[52,845s][debug][gc,phases,start   ] GC(51) Purge Class Loader Data
[52,845s][debug][gc,phases         ] GC(51) Purge Class Loader Data 0,011ms
[52,845s][debug][gc,phases         ] GC(51) Class Unloading 1,005ms
[52,845s][debug][gc,phases,start   ] GC(51) Flush Task Caches
[52,845s][debug][gc,stats          ] Mark stats cache hits 4293059 misses 5 ratio 100,000
[52,845s][debug][gc,phases         ] GC(51) Flush Task Caches 0,057ms
[52,845s][debug][gc,phases,start   ] GC(51) Update Remembered Set Tracking Before Rebuild
[52,845s][debug][gc,ergo           ] GC(51) Running G1 Update RemSet Tracking Before Rebuild using 4 workers for 1280 regions in heap
[52,846s][debug][gc,remset,tracking] GC(51) Remembered Set Tracking update regions total 1280, selected 179
[52,846s][debug][gc,phases         ] GC(51) Update Remembered Set Tracking Before Rebuild 0,264ms
[52,846s][debug][gc,phases,start   ] GC(51) Reclaim Empty Regions
[52,846s][debug][gc                ] GC(51) Reclaimed 236 empty regions
[52,846s][debug][gc,phases         ] GC(51) Reclaim Empty Regions 0,381ms
[52,846s][debug][gc,phases,start   ] GC(51) Report Object Count
[52,846s][debug][gc,phases         ] GC(51) Report Object Count 0,011ms
[52,846s][debug][gc,mmu            ] GC(51) MMU: 37,0ms (200,0ms/201,0ms)
[52,846s][info ][gc                ] GC(51) Pause Remark 2143M->1199M(5120M) 4,152ms
[52,846s][info ][gc,cpu            ] GC(51) User=0,02s Sys=0,00s Real=0,01s
[52,846s][info ][gc,marking        ] GC(51) Concurrent Mark 61,434ms
[52,846s][info ][gc,marking        ] GC(51) Concurrent Rebuild Remembered Sets and Scrub Regions
[52,912s][debug][gc,refine         ] Concurrent refinement: wanted 0, cards: 2208, predicted: 4729, time: 1376,49ms
[53,052s][info ][gc,marking        ] GC(51) Concurrent Rebuild Remembered Sets and Scrub Regions 206,160ms
[53,053s][info ][gc,start          ] GC(51) Pause Cleanup
[53,053s][debug][gc,phases,start   ] GC(51) Update Remembered Set Tracking After Rebuild
[53,053s][debug][gc,phases         ] GC(51) Update Remembered Set Tracking After Rebuild 0,055ms
[53,053s][debug][gc,phases,start   ] GC(51) Finalize Concurrent Mark Cleanup
[53,053s][debug][gc,ergo,cset      ] GC(51) Pruned 78 regions out of 178, leaving 265165280 bytes waste (allowed 268435456)
[53,053s][debug][gc,mmu            ] GC(51) MMU: 0,3ms (200,0ms/201,0ms)
[53,053s][debug][gc,phases         ] GC(51) Finalize Concurrent Mark Cleanup 0,268ms
[53,053s][info ][gc                ] GC(51) Pause Cleanup 1307M->1307M(5120M) 0,405ms
[53,053s][info ][gc,cpu            ] GC(51) User=0,00s Sys=0,00s Real=0,00s
[53,053s][info ][gc,marking        ] GC(51) Concurrent Clear Claimed Marks
[53,053s][info ][gc,marking        ] GC(51) Concurrent Clear Claimed Marks 0,071ms
[53,053s][info ][gc,marking        ] GC(51) Concurrent Cleanup for Next Mark
[53,053s][debug][gc,ergo           ] GC(51) Running G1 Clear Bitmap with 4 workers for 80 work units.
[53,056s][info ][gc,marking        ] GC(51) Concurrent Cleanup for Next Mark 2,598ms
[53,056s][info ][gc                ] GC(51) Concurrent Mark Cycle 295,448ms
[53,060s][debug][gc,refine         ] Concurrent refinement: wanted 0, cards: 2208, predicted: 4622, time: 1318,20ms
[53,205s][debug][gc,refine         ] Concurrent refinement: wanted 0, cards: 2208, predicted: 4507, time: 1255,43ms
[53,347s][debug][gc,refine         ] Concurrent refinement: wanted 0, cards: 2208, predicted: 4398, time: 1195,65ms
[53,420s][debug][gc,task,start     ] G1 Service Thread (Periodic GC Task) (run 0,620ms after schedule)
[53,420s][debug][gc,task           ] G1 Service Thread (Periodic GC Task) (run: 0,051ms) (cpu: 0,079ms)
[53,485s][debug][gc,refine         ] Concurrent refinement: wanted 0, cards: 2208, predicted: 4291, time: 1137,36ms
[53,619s][debug][gc,refine         ] Concurrent refinement: wanted 0, cards: 2208, predicted: 4187, time: 1080,57ms
[53,750s][debug][gc,refine         ] Concurrent refinement: wanted 0, cards: 2208, predicted: 4086, time: 1025,27ms
[53,878s][debug][gc,refine         ] Concurrent refinement: wanted 0, cards: 2208, predicted: 2703, time: 270,52ms
[53,943s][debug][gc,refine         ] Concurrent refinement: wanted 0, cards: 2208, predicted: 2684, time: 260,05ms
[54,008s][debug][gc,refine         ] Concurrent refinement: wanted 0, cards: 2208, predicted: 2667, time: 251,09ms
[54,071s][debug][gc,refine         ] Concurrent refinement: wanted 0, cards: 2208, predicted: 2635, time: 233,15ms
[54,132s][debug][gc,refine         ] Concurrent refinement: wanted 0, cards: 2208, predicted: 2585, time: 206,25ms
[54,189s][debug][gc,refine         ] Concurrent refinement: wanted 0, cards: 2208, predicted: 2542, time: 182,34ms
[54,243s][debug][gc,refine         ] Concurrent refinement: wanted 0, cards: 2208, predicted: 2498, time: 158,42ms
[54,293s][debug][gc,refine         ] Concurrent refinement: wanted 0, cards: 2208, predicted: 2459, time: 137,50ms
[54,343s][debug][gc,refine         ] Concurrent refinement: wanted 0, cards: 2208, predicted: 2421, time: 116,58ms
[54,394s][debug][gc,refine         ] Concurrent refinement: wanted 0, cards: 2208, predicted: 2383, time: 95,65ms
[54,420s][debug][gc,task,start     ] G1 Service Thread (Periodic GC Task) (run 0,174ms after schedule)
[54,420s][debug][gc,task           ] G1 Service Thread (Periodic GC Task) (run: 0,050ms) (cpu: 0,059ms)
[54,444s][debug][gc,refine         ] Concurrent refinement: wanted 0, cards: 2208, predicted: 2342, time: 73,23ms
[54,494s][debug][gc,refine         ] Concurrent refinement: wanted 0, cards: 2208, predicted: 2303, time: 52,31ms
[54,544s][debug][gc,refine         ] Concurrent refinement: wanted 0, cards: 2208, predicted: 2208, time: 31,39ms
[54,594s][debug][gc,refine         ] Concurrent refinement: wanted 0, cards: 2208, predicted: 2208, time: 8,97ms
[54,625s][info ][gc,start          ] GC(52) Pause Young (Prepare Mixed) (G1 Evacuation Pause)
[54,626s][debug][gc,heap           ] GC(52) Heap before GC invocations=52 (full 0):
[54,626s][debug][gc,heap           ] GC(52)  garbage-first heap   total reserved 8388608K, committed 5242880K, used 3144737K [0x0000000600000000, 0x0000000800000000)
[54,626s][debug][gc,heap           ] GC(52)   region size 4096K, 491 young (2011136K), 12 survivors (49152K)
[54,626s][debug][gc,heap           ] GC(52)  Metaspace       used 20752K, committed 21056K, reserved 1114112K
[54,626s][debug][gc,heap           ] GC(52)   class space    used 2611K, committed 2752K, reserved 1048576K
[54,626s][info ][gc,task           ] GC(52) Using 15 workers of 15 for evacuation
[54,626s][debug][gc,age            ] GC(52) Desired survivor size 130023424 bytes, new threshold 15 (max threshold 15)
[54,626s][debug][gc,tlab           ] GC(52) TLAB totals: thrds: 23  refills: 1407 max: 498 slow allocs: 897 max 96 waste:  0,8% gc: 9046520B max: 1023496B slow: 5993720B max: 685256B
[54,626s][debug][gc,refine,stats   ] GC(52) Mutator refinement: 0,00ms, refined: 0, precleaned: 0, dirtied: 565
[54,626s][debug][gc,refine,stats   ] GC(52) Concurrent refinement: 0,00ms, refined: 0, precleaned: 0, dirtied: 0
[54,626s][debug][gc,refine,stats   ] GC(52) Total refinement: 0,00ms, refined: 0, precleaned: 0, dirtied: 565
[54,626s][debug][gc,refine,stats   ] GC(52) Generate dirty cards rate: 0,30 cards/ms
[54,626s][debug][gc,alloc,region   ] GC(52) Mutator Allocation stats, regions: 479, wasted size: 1984B ( 0,0%)
[54,626s][debug][gc,ergo,cset      ] GC(52) Do not add marking candidates to collection set due to pause type.
[54,626s][debug][gc,ergo,cset      ] GC(52) Start adding retained candidates to collection set. Min 1 regions, available 0, time remaining 40,00ms, optional remaining 40,00ms
[54,626s][debug][gc,ergo,cset      ] GC(52) Retained candidates exhausted.
[54,626s][debug][gc,ergo,cset      ] GC(52) Finish adding retained candidates to collection set. Initial: 0, optional: 0, pinned: 0, predicted initial time: 0,00ms, predicted optional time: 0,00ms, time remaining: 40,00ms optional time remaining 40,00ms
[54,626s][debug][gc,ergo           ] GC(52) Running G1 Merge Heap Roots using 15 workers for 491 regions
[54,626s][debug][gc,remset         ] GC(52) Visited cards 140160 Total dirty 1228800 (11,41%) Total old 10330112 (1,36%)
[54,650s][debug][gc,ref            ] GC(52) ReferenceProcessor::execute queues: 3, RefProcThreadModel::Multi, marks_oops_alive: false
[54,651s][debug][gc,ref            ] GC(52) ReferenceProcessor::execute queues: 15, RefProcThreadModel::Multi, marks_oops_alive: true
[54,652s][debug][gc,ref            ] GC(52) ReferenceProcessor::execute queues: 1, RefProcThreadModel::Single, marks_oops_alive: false
[54,652s][debug][gc,ergo           ] GC(52) Running G1 Rebuild Free List Task using 15 workers for rebuilding free list of regions
[54,652s][debug][gc,plab           ] GC(52) Young PLAB allocation: allocated: 260046848B, wasted: 45456B, unused: 3557944B, used: 256443448B, undo waste: 0B, 
[54,652s][debug][gc,plab           ] GC(52) Young other allocation: region end waste: 0B, regions filled: 62, num plab filled: 192, direct allocated: 0B, num direct allocated: 0, failure used: 0B, failure wasted: 0B
[54,652s][debug][gc,plab           ] GC(52) Young sizing: calculated: 51288688B, actual: 42785696B
[54,652s][debug][gc,plab           ] GC(52) Old PLAB allocation: allocated: 14680064B, wasted: 0B, unused: 10267712B, used: 4412352B, undo waste: 0B, 
[54,653s][debug][gc,plab           ] GC(52) Old other allocation: region end waste: 0B, regions filled: 4, num plab filled: 7, direct allocated: 0B, num direct allocated: 0, failure used: 0B, failure wasted: 0B
[54,653s][debug][gc,plab           ] GC(52) Old sizing: calculated: 882464B, actual: 15661248B
[54,653s][debug][gc,ergo,heap      ] GC(52) Heap expansion: short term pause time ratio 0,16% long term pause time ratio 4,40% threshold 7,69% pause time ratio 7,69% fully expanded false resize by 0B
[54,653s][debug][gc,mmu            ] GC(52) MMU: 27,0ms (200,0ms/201,0ms)
[54,653s][debug][gc,alloc,stats    ] Old generation allocation in the last mutator period, old gen allocated: 14680064B, humongous allocated: 0B, old gen growth: 14680064B.
[54,653s][debug][gc,ihop           ] GC(52) Basic information (value update), threshold: 403379614B (7,51), target occupancy: 5368709120B, current occupancy: 1439729200B, recent allocation size: 14680064B, recent allocation duration: 1862,12ms, recent old gen allocation rate: 7883509,08B/s, recent marking phase length: 2670,19ms
[54,653s][debug][gc,ihop           ] GC(52) Adaptive IHOP information (value update), threshold: 403379614B (7,91), internal target occupancy: 5100273664B, occupancy: 1439729200B, additional buffer size: 2969567232B, predicted old gen allocation rate: 672789061,60B/s, predicted marking phase length: 2567,41ms, prediction active: true
[54,653s][debug][gc,task,start     ] G1 Service Thread (Card Set Free Memory Task) (run 0,074ms after schedule)
[54,653s][debug][gc,ergo,refine    ] GC(52) GC refinement: goal: 225377 + 599 / 20,00ms, actual: 2773 / 0,24ms, 
[54,653s][debug][gc,ergo,refine    ] GC(52) Unchanged pending cards target: 225377
[54,653s][info ][gc,phases         ] GC(52)   Pre Evacuate Collection Set: 0,31ms
[54,653s][debug][gc,phases         ] GC(52)     Pre Evacuate Prepare: 0,03ms
[54,653s][debug][gc,phases         ] GC(52)       JT Retire TLABs And Flush Logs (ms): Min: 0,00, Avg: 0,01, Max: 0,02, Diff: 0,01, Sum: 0,02, Workers: 2
[54,653s][debug][gc,phases         ] GC(52)       Non-JT Flush Logs (ms):        Min: 0,01, Avg: 0,01, Max: 0,01, Diff: 0,00, Sum: 0,01, Workers: 1
[54,653s][debug][gc,phases         ] GC(52)     Choose Collection Set: 0,04ms
[54,653s][debug][gc,phases         ] GC(52)     Region Register: 0,23ms
[54,653s][debug][gc,phases         ] GC(52)     Prepare Heap Roots: 0,00ms
[54,653s][info ][gc,phases         ] GC(52)   Merge Heap Roots: 0,39ms
[54,653s][debug][gc,phases         ] GC(52)     Prepare Merge Heap Roots: 0,02ms
[54,653s][debug][gc,phases         ] GC(52)     Remembered Sets (ms):          Min: 0,05, Avg: 0,09, Max: 0,12, Diff: 0,07, Sum: 1,34, Workers: 15
[54,653s][debug][gc,phases         ] GC(52)       Eager Reclaim (ms):            skipped
[54,653s][debug][gc,phases         ] GC(52)       Merged Inline                  Min: 0, Avg: 11,9, Max: 106, Diff: 106, Sum: 179, Workers: 15
[54,653s][debug][gc,phases         ] GC(52)       Merged ArrayOfCards            Min: 0, Avg: 11,6, Max: 99, Diff: 99, Sum: 174, Workers: 15
[54,653s][debug][gc,phases         ] GC(52)       Merged Howl                    Min: 0, Avg:  0,0, Max: 0, Diff: 0, Sum: 0, Workers: 15
[54,653s][debug][gc,phases         ] GC(52)       Merged Full                    Min: 0, Avg:  0,0, Max: 0, Diff: 0, Sum: 0, Workers: 15
[54,653s][debug][gc,phases         ] GC(52)       Merged Howl Inline             Min: 0, Avg:  0,0, Max: 0, Diff: 0, Sum: 0, Workers: 15
[54,653s][debug][gc,phases         ] GC(52)       Merged Howl ArrayOfCards       Min: 0, Avg:  0,0, Max: 0, Diff: 0, Sum: 0, Workers: 15
[54,653s][debug][gc,phases         ] GC(52)       Merged Howl BitMap             Min: 0, Avg:  0,0, Max: 0, Diff: 0, Sum: 0, Workers: 15
[54,653s][debug][gc,phases         ] GC(52)       Merged Howl Full               Min: 0, Avg:  0,0, Max: 0, Diff: 0, Sum: 0, Workers: 15
[54,653s][debug][gc,phases         ] GC(52)       Merged Cards                   Min: 8, Avg: 154,5, Max: 1280, Diff: 1272, Sum: 2318, Workers: 15
[54,653s][debug][gc,phases         ] GC(52)     Log Buffers (ms):              Min: 0,00, Avg: 0,01, Max: 0,03, Diff: 0,03, Sum: 0,16, Workers: 15
[54,653s][debug][gc,phases         ] GC(52)       Dirty Cards:                   Min: 0, Avg: 184,9, Max: 633, Diff: 633, Sum: 2773, Workers: 15
[54,653s][debug][gc,phases         ] GC(52)       Skipped Cards:                 Min: 0, Avg:  0,0, Max: 0, Diff: 0, Sum: 0, Workers: 15
[54,653s][info ][gc,phases         ] GC(52)   Evacuate Collection Set: 23,90ms
[54,653s][debug][gc,phases         ] GC(52)     Ext Root Scanning (ms):        Min: 0,00, Avg: 0,03, Max: 0,10, Diff: 0,10, Sum: 0,38, Workers: 15
[54,653s][debug][gc,phases         ] GC(52)     Scan Heap Roots (ms):          Min: 0,16, Avg: 0,23, Max: 0,27, Diff: 0,11, Sum: 3,42, Workers: 15
[54,653s][debug][gc,phases         ] GC(52)       Scanned Cards:                 Min: 119, Avg: 179,3, Max: 264, Diff: 145, Sum: 2689, Workers: 15
[54,653s][debug][gc,phases         ] GC(52)       Scanned Blocks:                Min: 118, Avg: 159,9, Max: 214, Diff: 96, Sum: 2399, Workers: 15
[54,653s][debug][gc,phases         ] GC(52)       Claimed Chunks:                Min: 112, Avg: 146,0, Max: 200, Diff: 88, Sum: 2190, Workers: 15
[54,653s][debug][gc,phases         ] GC(52)       Found Roots:                   Min: 97, Avg: 164,9, Max: 266, Diff: 169, Sum: 2473, Workers: 15
[54,653s][debug][gc,phases         ] GC(52)     Code Root Scan (ms):           Min: 0,02, Avg: 0,02, Max: 0,03, Diff: 0,01, Sum: 0,37, Workers: 15
[54,653s][debug][gc,phases         ] GC(52)       Scanned Nmethods               Min: 0, Avg:  0,0, Max: 0, Diff: 0, Sum: 0, Workers: 15
[54,653s][debug][gc,phases         ] GC(52)     Object Copy (ms):              Min: 23,32, Avg: 23,35, Max: 23,40, Diff: 0,08, Sum: 350,19, Workers: 15
[54,653s][debug][gc,phases         ] GC(52)     Termination (ms):              Min: 0,05, Avg: 0,08, Max: 0,13, Diff: 0,09, Sum: 1,26, Workers: 15
[54,653s][debug][gc,phases         ] GC(52)       Termination Attempts:          Min: 1, Avg:  1,0, Max: 1, Diff: 0, Sum: 15, Workers: 15
[54,653s][debug][gc,phases         ] GC(52)     GC Worker Other (ms):          Min: 0,03, Avg: 0,04, Max: 0,05, Diff: 0,01, Sum: 0,58, Workers: 15
[54,653s][debug][gc,phases         ] GC(52)     GC Worker Total (ms):          Min: 23,68, Avg: 23,75, Max: 23,79, Diff: 0,11, Sum: 356,18, Workers: 15
[54,653s][info ][gc,phases         ] GC(52)   Post Evacuate Collection Set: 2,21ms
[54,653s][debug][gc,phases         ] GC(52)     NMethod List Cleanup: 0,01ms
[54,653s][debug][gc,phases         ] GC(52)     Reference Processing: 1,56ms
[54,653s][debug][gc,phases,ref     ] GC(52)       Notify Soft/WeakReferences: 0,6ms
[54,653s][debug][gc,phases,ref     ] GC(52)         Balance queues: 0,0ms
[54,653s][debug][gc,phases,ref     ] GC(52)         SoftRef (ms):                  Min: 0,00, Avg: 0,00, Max: 0,00, Diff: 0,00, Sum: 0,00, Workers: 3
[54,653s][debug][gc,phases,ref     ] GC(52)         WeakRef (ms):                  Min: 0,00, Avg: 0,00, Max: 0,00, Diff: 0,00, Sum: 0,00, Workers: 3
[54,653s][debug][gc,phases,ref     ] GC(52)         FinalRef (ms):                 Min: 0,05, Avg: 0,07, Max: 0,10, Diff: 0,05, Sum: 0,21, Workers: 3
[54,653s][debug][gc,phases,ref     ] GC(52)         Total (ms):                    Min: 0,11, Avg: 0,21, Max: 0,41, Diff: 0,31, Sum: 0,64, Workers: 3
[54,653s][debug][gc,phases,ref     ] GC(52)       Notify and keep alive finalizable: 0,9ms
[54,653s][debug][gc,phases,ref     ] GC(52)         Balance queues: 0,0ms
[54,653s][debug][gc,phases,ref     ] GC(52)         FinalRef (ms):                 Min: 0,26, Avg: 0,51, Max: 0,65, Diff: 0,39, Sum: 7,69, Workers: 15
[54,653s][debug][gc,phases,ref     ] GC(52)       Notify PhantomReferences: 0,1ms
[54,653s][debug][gc,phases,ref     ] GC(52)         PhantomRef (ms):               Min: 0,01, Avg: 0,01, Max: 0,01, Diff: 0,00, Sum: 0,01, Workers: 1
[54,653s][debug][gc,phases,ref     ] GC(52)       SoftReference Discovered: 0, Dropped: 0, Processed: 0
[54,653s][debug][gc,phases,ref     ] GC(52)       WeakReference Discovered: 0, Dropped: 0, Processed: 0
[54,653s][debug][gc,phases,ref     ] GC(52)       FinalReference Discovered: 2094, Dropped: 0, Processed: 2094
[54,653s][debug][gc,phases,ref     ] GC(52)       PhantomReference Discovered: 38, Dropped: 3, Processed: 35
[54,653s][debug][gc,phases         ] GC(52)     Weak Processing: 0,14ms
[54,653s][debug][gc,phases         ] GC(52)       VM Weak                        Min: 0,00, Avg: 0,00, Max: 0,00, Diff: 0,00, Sum: 0,01, Workers: 15
[54,653s][debug][gc,phases         ] GC(52)         Dead                           Min: 0, Avg:  0,0, Max: 0, Diff: 0, Sum: 0, Workers: 15
[54,653s][debug][gc,phases         ] GC(52)         Total                          Min: 0, Avg: 11,0, Max: 128, Diff: 128, Sum: 165, Workers: 15
[54,653s][debug][gc,phases         ] GC(52)       ObjectSynchronizer Weak        Min: 0,00, Avg: 0,00, Max: 0,00, Diff: 0,00, Sum: 0,00, Workers: 15
[54,653s][debug][gc,phases         ] GC(52)         Dead                           Min: 0, Avg:  0,0, Max: 0, Diff: 0, Sum: 0, Workers: 15
[54,653s][debug][gc,phases         ] GC(52)         Total                          Min: 0, Avg:  2,2, Max: 33, Diff: 33, Sum: 33, Workers: 15
[54,653s][debug][gc,phases         ] GC(52)       JVMTI Tag Weak OopStorage      Min: 0,00, Avg: 0,00, Max: 0,00, Diff: 0,00, Sum: 0,00, Workers: 15
[54,653s][debug][gc,phases         ] GC(52)         Dead                           Min: 0, Avg:  0,0, Max: 0, Diff: 0, Sum: 0, Workers: 15
[54,653s][debug][gc,phases         ] GC(52)         Total                          Min: 0, Avg:  0,0, Max: 0, Diff: 0, Sum: 0, Workers: 15
[54,653s][debug][gc,phases         ] GC(52)       StringTable Weak               Min: 0,00, Avg: 0,01, Max: 0,03, Diff: 0,03, Sum: 0,18, Workers: 15
[54,653s][debug][gc,phases         ] GC(52)         Dead                           Min: 0, Avg:  0,0, Max: 0, Diff: 0, Sum: 0, Workers: 15
[54,653s][debug][gc,phases         ] GC(52)         Total                          Min: 0, Avg: 566,6, Max: 1395, Diff: 1395, Sum: 8499, Workers: 15
[54,653s][debug][gc,phases         ] GC(52)       ResolvedMethodTable Weak       Min: 0,00, Avg: 0,00, Max: 0,01, Diff: 0,00, Sum: 0,03, Workers: 15
[54,653s][debug][gc,phases         ] GC(52)         Dead                           Min: 0, Avg:  0,0, Max: 0, Diff: 0, Sum: 0, Workers: 15
[54,653s][debug][gc,phases         ] GC(52)         Total                          Min: 0, Avg: 113,1, Max: 256, Diff: 256, Sum: 1697, Workers: 15
[54,653s][debug][gc,phases         ] GC(52)       JNI Weak                       Min: 0,00, Avg: 0,00, Max: 0,00, Diff: 0,00, Sum: 0,01, Workers: 15
[54,654s][debug][gc,phases         ] GC(52)         Dead                           Min: 0, Avg:  0,0, Max: 0, Diff: 0, Sum: 0, Workers: 15
[54,654s][debug][gc,phases         ] GC(52)         Total                          Min: 0, Avg:  0,0, Max: 0, Diff: 0, Sum: 0, Workers: 15
[54,654s][debug][gc,phases         ] GC(52)       StringDedup Table Weak         Min: 0,00, Avg: 0,01, Max: 0,02, Diff: 0,02, Sum: 0,14, Workers: 15
[54,654s][debug][gc,phases         ] GC(52)         Dead                           Min: 0, Avg:  0,0, Max: 0, Diff: 0, Sum: 0, Workers: 15
[54,654s][debug][gc,phases         ] GC(52)         Total                          Min: 0, Avg: 876,2, Max: 2560, Diff: 2560, Sum: 13143, Workers: 15
[54,654s][debug][gc,phases         ] GC(52)       StringDedup Requests0 Weak     Min: 0,00, Avg: 0,00, Max: 0,00, Diff: 0,00, Sum: 0,01, Workers: 15
[54,654s][debug][gc,phases         ] GC(52)         Dead                           Min: 0, Avg:  0,0, Max: 0, Diff: 0, Sum: 0, Workers: 15
[54,654s][debug][gc,phases         ] GC(52)         Total                          Min: 0, Avg:  0,0, Max: 0, Diff: 0, Sum: 0, Workers: 15
[54,654s][debug][gc,phases         ] GC(52)       StringDedup Requests1 Weak     Min: 0,00, Avg: 0,00, Max: 0,00, Diff: 0,00, Sum: 0,00, Workers: 15
[54,654s][debug][gc,phases         ] GC(52)         Dead                           Min: 0, Avg:  0,0, Max: 0, Diff: 0, Sum: 0, Workers: 15
[54,654s][debug][gc,phases         ] GC(52)         Total                          Min: 0, Avg:  0,0, Max: 0, Diff: 0, Sum: 0, Workers: 15
[54,654s][debug][gc,phases         ] GC(52)       Weak JFR Old Object Samples    Min: 0,00, Avg: 0,00, Max: 0,00, Diff: 0,00, Sum: 0,00, Workers: 15
[54,654s][debug][gc,phases         ] GC(52)         Dead                           Min: 0, Avg:  0,0, Max: 0, Diff: 0, Sum: 0, Workers: 15
[54,654s][debug][gc,phases         ] GC(52)         Total                          Min: 0, Avg:  0,0, Max: 0, Diff: 0, Sum: 0, Workers: 15
[54,654s][debug][gc,phases         ] GC(52)     Post Evacuate Cleanup 1: 0,20ms
[54,654s][debug][gc,phases         ] GC(52)       Merge Per-Thread State (ms):   Min: 0,05, Avg: 0,05, Max: 0,05, Diff: 0,00, Sum: 0,05, Workers: 1
[54,654s][debug][gc,phases         ] GC(52)         Copied Bytes                   Min: 13419920, Avg: 17390386,7, Max: 20304304, Diff: 6884384, Sum: 260855800, Workers: 15
[54,654s][debug][gc,phases         ] GC(52)         LAB Waste                      Min: 480, Avg: 3030,4, Max: 7336, Diff: 6856, Sum: 45456, Workers: 15
[54,654s][debug][gc,phases         ] GC(52)         LAB Undo Waste                 Min: 0, Avg:  0,0, Max: 0, Diff: 0, Sum: 0, Workers: 15
[54,654s][debug][gc,phases         ] GC(52)         Evac Fail Extra Cards          Min: 0, Avg:  0,0, Max: 0, Diff: 0, Sum: 0, Workers: 15
[54,654s][debug][gc,phases         ] GC(52)       Clear Logged Cards (ms):       Min: 0,00, Avg: 0,08, Max: 0,15, Diff: 0,15, Sum: 0,54, Workers: 7
[54,654s][debug][gc,phases         ] GC(52)       Recalculate Used Memory (ms):  Min: 0,00, Avg: 0,00, Max: 0,00, Diff: 0,00, Sum: 0,00, Workers: 1
[54,654s][debug][gc,phases         ] GC(52)     Post Evacuate Cleanup 2: 0,16ms
[54,654s][debug][gc,phases         ] GC(52)       Update Derived Pointers (ms):  Min: 0,01, Avg: 0,01, Max: 0,01, Diff: 0,00, Sum: 0,01, Workers: 1
[54,654s][debug][gc,phases         ] GC(52)       Eagerly Reclaim Humongous Objects (ms): skipped
[54,654s][debug][gc,phases         ] GC(52)         Humongous Total                skipped
[54,654s][debug][gc,phases         ] GC(52)         Humongous Candidates           skipped
[54,654s][debug][gc,phases         ] GC(52)         Humongous Reclaimed            skipped
[54,654s][debug][gc,phases         ] GC(52)       Sample CSet Candidates (ms):   Min: 0,03, Avg: 0,03, Max: 0,03, Diff: 0,00, Sum: 0,03, Workers: 1
[54,654s][debug][gc,phases         ] GC(52)       Redirty Logged Cards (ms):     Min: 0,00, Avg: 0,00, Max: 0,02, Diff: 0,02, Sum: 0,06, Workers: 15
[54,654s][debug][gc,phases         ] GC(52)         Redirtied Cards:               Min: 0, Avg: 148,1, Max: 836, Diff: 836, Sum: 2221, Workers: 15
[54,654s][debug][gc,phases         ] GC(52)       Resize TLABs (ms):             Min: 0,00, Avg: 0,00, Max: 0,01, Diff: 0,01, Sum: 0,01, Workers: 15
[54,654s][debug][gc,phases         ] GC(52)       Free Collection Set (ms):      Min: 0,05, Avg: 0,06, Max: 0,09, Diff: 0,05, Sum: 0,92, Workers: 15
[54,654s][debug][gc,phases         ] GC(52)     Rebuild Free List: 0,07ms
[54,654s][debug][gc,phases         ] GC(52)     Prepare For Mutator: 0,06ms
[54,654s][debug][gc,phases         ] GC(52)     Expand Heap After Collection: 0,00ms
[54,654s][info ][gc,phases         ] GC(52)   Other: 0,37ms
[54,654s][debug][gc,remset         ] GC(52) Coarsening (recent): Inline->AoC 802 (0) AoC->Howl 383 (0) Howl->Full 81 (0) Inline->AoC 2004 (0) AoC->BitMap 1908 (0) BitMap->Full 348 (0) 
[54,654s][debug][gc,remset         ] GC(52) Coarsening (all): Inline->AoC 6767 (0) AoC->Howl 3113 (0) Howl->Full 896 (0) Inline->AoC 18783 (0) AoC->BitMap 18032 (0) BitMap->Full 3785 (0) 
[54,654s][info ][gc,heap           ] GC(52) Eden regions: 479->0(646)
[54,654s][info ][gc,heap           ] GC(52) Survivor regions: 12->62(62)
[54,654s][info ][gc,heap           ] GC(52) Old regions: 279->282
[54,654s][info ][gc,heap           ] GC(52) Humongous regions: 0->0
[54,654s][info ][gc,metaspace      ] GC(52) Metaspace: 20752K(21056K)->20752K(21056K) NonClass: 18140K(18304K)->18140K(18304K) Class: 2611K(2752K)->2611K(2752K)
[54,654s][debug][gc,heap           ] GC(52) Heap after GC invocations=53 (full 0):
[54,654s][debug][gc,heap           ] GC(52)  garbage-first heap   total reserved 8388608K, committed 5242880K, used 1405985K [0x0000000600000000, 0x0000000800000000)
[54,654s][debug][gc,heap           ] GC(52)   region size 4096K, 62 young (253952K), 62 survivors (253952K)
[54,654s][debug][gc,heap           ] GC(52)  Metaspace       used 20752K, committed 21056K, reserved 1114112K
[54,654s][debug][gc,heap           ] GC(52)   class space    used 2611K, committed 2752K, reserved 1048576K
[54,654s][info ][gc                ] GC(52) Pause Young (Prepare Mixed) (G1 Evacuation Pause) 3075M->1373M(5120M) 28,532ms
[54,654s][info ][gc,cpu            ] GC(52) User=0,37s Sys=0,00s Real=0,03s
[54,654s][debug][gc,refine         ] Concurrent refinement: wanted 0, cards: 2221, predicted: 5332, time: 2030,64ms
[54,654s][debug][gc,task           ] G1 Service Thread (Card Set Free Memory Task) (run: 1,640ms) (cpu: 0,217ms)
[54,834s][debug][gc,refine         ] Concurrent refinement: wanted 0, cards: 2221, predicted: 5209, time: 1950,42ms
[55,010s][debug][gc,refine         ] Concurrent refinement: wanted 0, cards: 2221, predicted: 5088, time: 1871,77ms
[55,184s][debug][gc,refine         ] Concurrent refinement: wanted 0, cards: 2221, predicted: 3833, time: 1052,28ms
[55,313s][debug][gc,refine         ] Concurrent refinement: wanted 0, cards: 2221, predicted: 3804, time: 1033,41ms
[55,420s][debug][gc,task,start     ] G1 Service Thread (Periodic GC Task) (run 0,367ms after schedule)
[55,420s][debug][gc,task           ] G1 Service Thread (Periodic GC Task) (run: 0,070ms) (cpu: 0,093ms)
[55,441s][debug][gc,refine         ] Concurrent refinement: wanted 0, cards: 2221, predicted: 3748, time: 997,23ms
[55,567s][debug][gc,refine         ] Concurrent refinement: wanted 0, cards: 2221, predicted: 3662, time: 940,60ms
[55,689s][debug][gc,refine         ] Concurrent refinement: wanted 0, cards: 2221, predicted: 3577, time: 885,55ms
[55,809s][debug][gc,refine         ] Concurrent refinement: wanted 0, cards: 2221, predicted: 3495, time: 832,07ms
[55,924s][debug][gc,refine         ] Concurrent refinement: wanted 0, cards: 2221, predicted: 3416, time: 780,17ms
[56,035s][debug][gc,refine         ] Concurrent refinement: wanted 0, cards: 2221, predicted: 3341, time: 731,41ms
[56,143s][debug][gc,refine         ] Concurrent refinement: wanted 0, cards: 2221, predicted: 3266, time: 682,65ms
[56,247s][debug][gc,refine         ] Concurrent refinement: wanted 0, cards: 2221, predicted: 3194, time: 635,46ms
[56,347s][debug][gc,refine         ] Concurrent refinement: wanted 0, cards: 2221, predicted: 3124, time: 589,84ms
[56,421s][debug][gc,task,start     ] G1 Service Thread (Periodic GC Task) (run 0,089ms after schedule)
[56,421s][debug][gc,task           ] G1 Service Thread (Periodic GC Task) (run: 0,118ms) (cpu: 0,128ms)
[56,445s][debug][gc,refine         ] Concurrent refinement: wanted 0, cards: 2221, predicted: 2373, time: 99,86ms
[56,452s][info ][gc,start          ] GC(53) Pause Young (Mixed) (G1 Evacuation Pause)
[56,453s][debug][gc,heap           ] GC(53) Heap before GC invocations=53 (full 0):
[56,453s][debug][gc,heap           ] GC(53)  garbage-first heap   total reserved 8388608K, committed 5242880K, used 4047905K [0x0000000600000000, 0x0000000800000000)
[56,453s][debug][gc,heap           ] GC(53)   region size 4096K, 708 young (2899968K), 62 survivors (253952K)
[56,453s][debug][gc,heap           ] GC(53)  Metaspace       used 20772K, committed 21120K, reserved 1114112K
[56,453s][debug][gc,heap           ] GC(53)   class space    used 2617K, committed 2816K, reserved 1048576K
[56,453s][info ][gc,task           ] GC(53) Using 15 workers of 15 for evacuation
[56,453s][debug][gc,age            ] GC(53) Desired survivor size 186646528 bytes, new threshold 1 (max threshold 15)
[56,453s][debug][gc,tlab           ] GC(53) TLAB totals: thrds: 24  refills: 2463 max: 492 slow allocs: 687 max 68 waste:  0,6% gc: 10722080B max: 1503184B slow: 5087992B max: 966736B
[56,453s][debug][gc,refine,stats   ] GC(53) Mutator refinement: 0,00ms, refined: 0, precleaned: 0, dirtied: 127
[56,453s][debug][gc,refine,stats   ] GC(53) Concurrent refinement: 0,00ms, refined: 0, precleaned: 0, dirtied: 0
[56,453s][debug][gc,refine,stats   ] GC(53) Total refinement: 0,00ms, refined: 0, precleaned: 0, dirtied: 127
[56,453s][debug][gc,refine,stats   ] GC(53) Generate dirty cards rate: 0,07 cards/ms
[56,453s][debug][gc,alloc,region   ] GC(53) Mutator Allocation stats, regions: 646, wasted size: 80B ( 0,0%)
[56,453s][debug][gc,ergo,cset      ] GC(53) Start adding marking candidates to collection set. Min 13 regions, max 128 regions, available 100 regionstime remaining 117,87ms, optional threshold 23,57ms
[56,453s][debug][gc,ergo,cset      ] GC(53) Marking candidates exhausted.
[56,453s][debug][gc,ergo,cset      ] GC(53) Finish adding marking candidates to collection set. Initial: 100, optional: 0, pinned: 0, predicted initial time: 2,89ms, predicted optional time: 0,00ms, time remaining: 114,98ms
[56,453s][debug][gc,ergo,cset      ] GC(53) Start adding retained candidates to collection set. Min 1 regions, available 0, time remaining 40,00ms, optional remaining 40,00ms
[56,453s][debug][gc,ergo,cset      ] GC(53) Retained candidates exhausted.
[56,453s][debug][gc,ergo,cset      ] GC(53) Finish adding retained candidates to collection set. Initial: 0, optional: 0, pinned: 0, predicted initial time: 0,00ms, predicted optional time: 0,00ms, time remaining: 40,00ms optional time remaining 40,00ms
[56,453s][debug][gc,ergo           ] GC(53) Running G1 Merge Heap Roots using 15 workers for 808 regions
[56,454s][debug][gc,remset         ] GC(53) Visited cards 140224 Total dirty 1327104 (10,57%) Total old 14729216 (0,95%)
[56,535s][debug][gc,ref            ] GC(53) ReferenceProcessor::execute queues: 4, RefProcThreadModel::Multi, marks_oops_alive: false
[56,536s][debug][gc,ref            ] GC(53) ReferenceProcessor::execute queues: 15, RefProcThreadModel::Multi, marks_oops_alive: true
[56,536s][debug][gc,ref            ] GC(53) ReferenceProcessor::execute queues: 1, RefProcThreadModel::Single, marks_oops_alive: false
[56,536s][debug][gc,ergo           ] GC(53) Initializing removing self forwards with 128 chunks per region
[56,537s][debug][gc,ergo           ] GC(53) Running G1 Rebuild Free List Task using 15 workers for rebuilding free list of regions
[56,537s][debug][gc,plab           ] GC(53) Young PLAB allocation: allocated: 373293056B, wasted: 37168B, unused: 0B, used: 373255888B, undo waste: 0B, 
[56,537s][debug][gc,plab           ] GC(53) Young other allocation: region end waste: 0B, regions filled: 89, num plab filled: 193, direct allocated: 0B, num direct allocated: 0, failure used: 0B, failure wasted: 0B
[56,537s][debug][gc,plab           ] GC(53) Young sizing: calculated: 74651176B, actual: 66684808B
[56,537s][debug][gc,plab           ] GC(53) Old PLAB allocation: allocated: 543162368B, wasted: 106080B, unused: 14650848B, used: 528405440B, undo waste: 0B, 
[56,537s][debug][gc,plab           ] GC(53) Old other allocation: region end waste: 0B, regions filled: 130, num plab filled: 383, direct allocated: 0B, num direct allocated: 0, failure used: 684728B, failure wasted: 7703880B
[56,537s][debug][gc,plab           ] GC(53) Old sizing: calculated: 105681088B, actual: 83176128B
[56,537s][debug][gc,ergo,heap      ] GC(53) Heap expansion: short term pause time ratio 1,69% long term pause time ratio 3,67% threshold 7,69% pause time ratio 7,69% fully expanded false resize by 0B
[56,537s][debug][gc,task,start     ] G1 Service Thread (Card Set Free Memory Task) (run 0,011ms after schedule)
[56,537s][debug][gc,ergo,ihop      ] GC(53) Do not request concurrent cycle initiation (still doing mixed collections) occupancy: 1317011456B allocation request: 0B threshold: 403379614B (7,51) source: end of GC
[56,538s][debug][gc,mmu            ] GC(53) MMU: 84,8ms (200,0ms/201,0ms)
[56,538s][debug][gc,ergo           ] GC(53) do not continue mixed GCs (candidate old regions not available)
[56,538s][debug][gc,ergo,ihop      ] GC(53) Request concurrent cycle initiation (occupancy higher than threshold) occupancy: 1317011456B allocation request: 0B threshold: 403379614B (7,51) source: end of GC
[56,538s][debug][gc,alloc,stats    ] Old generation allocation in the last mutator period, old gen allocated: 551550976B, humongous allocated: 0B, old gen growth: 551550976B.
[56,538s][debug][gc,ihop           ] GC(53) Basic information (value update), threshold: 336561216B (6,27), target occupancy: 5368709120B, current occupancy: 1685095984B, recent allocation size: 551550976B, recent allocation duration: 1862,12ms, recent old gen allocation rate: 296194698,36B/s, recent marking phase length: 3662,21ms
[56,538s][debug][gc,ihop           ] GC(53) Adaptive IHOP information (value update), threshold: 336561216B (6,60), internal target occupancy: 5100273664B, occupancy: 1685095984B, additional buffer size: 2969567232B, predicted old gen allocation rate: 672789061,60B/s, predicted marking phase length: 2666,73ms, prediction active: true
[56,538s][debug][gc,ergo,refine    ] GC(53) GC refinement: goal: 225377 + 506 / 20,00ms, actual: 2342 / 0,23ms, 
[56,538s][debug][gc,ergo,refine    ] GC(53) Unchanged pending cards target: 225377
[56,538s][info ][gc,phases         ] GC(53)   Pre Evacuate Collection Set: 0,40ms
[56,538s][debug][gc,phases         ] GC(53)     Pre Evacuate Prepare: 0,09ms
[56,538s][debug][gc,phases         ] GC(53)       JT Retire TLABs And Flush Logs (ms): Min: 0,00, Avg: 0,01, Max: 0,02, Diff: 0,02, Sum: 0,02, Workers: 2
[56,538s][debug][gc,phases         ] GC(53)       Non-JT Flush Logs (ms):        Min: 0,01, Avg: 0,01, Max: 0,01, Diff: 0,00, Sum: 0,01, Workers: 1
[56,538s][debug][gc,phases         ] GC(53)     Choose Collection Set: 0,13ms
[56,538s][debug][gc,phases         ] GC(53)     Region Register: 0,17ms
[56,538s][debug][gc,phases         ] GC(53)     Prepare Heap Roots: 0,00ms
[56,538s][info ][gc,phases         ] GC(53)   Merge Heap Roots: 0,63ms
[56,538s][debug][gc,phases         ] GC(53)     Prepare Merge Heap Roots: 0,02ms
[56,538s][debug][gc,phases         ] GC(53)     Remembered Sets (ms):          Min: 0,14, Avg: 0,18, Max: 0,22, Diff: 0,08, Sum: 2,68, Workers: 15
[56,538s][debug][gc,phases         ] GC(53)       Eager Reclaim (ms):            skipped
[56,538s][debug][gc,phases         ] GC(53)       Merged Inline                  Min: 0, Avg: 14,1, Max: 124, Diff: 124, Sum: 211, Workers: 15
[56,538s][debug][gc,phases         ] GC(53)       Merged ArrayOfCards            Min: 0, Avg:  1,8, Max: 14, Diff: 14, Sum: 27, Workers: 15
[56,538s][debug][gc,phases         ] GC(53)       Merged Howl                    Min: 0, Avg:  0,0, Max: 0, Diff: 0, Sum: 0, Workers: 15
[56,538s][debug][gc,phases         ] GC(53)       Merged Full                    Min: 0, Avg:  0,0, Max: 0, Diff: 0, Sum: 0, Workers: 15
[56,538s][debug][gc,phases         ] GC(53)       Merged Howl Inline             Min: 0, Avg:  0,0, Max: 0, Diff: 0, Sum: 0, Workers: 15
[56,538s][debug][gc,phases         ] GC(53)       Merged Howl ArrayOfCards       Min: 0, Avg:  0,0, Max: 0, Diff: 0, Sum: 0, Workers: 15
[56,538s][debug][gc,phases         ] GC(53)       Merged Howl BitMap             Min: 0, Avg:  0,0, Max: 0, Diff: 0, Sum: 0, Workers: 15
[56,538s][debug][gc,phases         ] GC(53)       Merged Howl Full               Min: 0, Avg:  0,0, Max: 0, Diff: 0, Sum: 0, Workers: 15
[56,538s][debug][gc,phases         ] GC(53)       Merged Cards                   Min: 8, Avg: 45,7, Max: 291, Diff: 283, Sum: 686, Workers: 15
[56,538s][debug][gc,phases         ] GC(53)     Log Buffers (ms):              Min: 0,00, Avg: 0,01, Max: 0,04, Diff: 0,04, Sum: 0,18, Workers: 15
[56,538s][debug][gc,phases         ] GC(53)       Dirty Cards:                   Min: 0, Avg: 156,1, Max: 534, Diff: 534, Sum: 2342, Workers: 15
[56,538s][debug][gc,phases         ] GC(53)       Skipped Cards:                 Min: 0, Avg:  0,4, Max: 3, Diff: 3, Sum: 6, Workers: 15
[56,538s][info ][gc,phases         ] GC(53)   Evacuate Collection Set: 81,33ms
[56,538s][debug][gc,phases         ] GC(53)     Ext Root Scanning (ms):        Min: 0,00, Avg: 0,06, Max: 0,20, Diff: 0,19, Sum: 0,90, Workers: 15
[56,538s][debug][gc,phases         ] GC(53)     Scan Heap Roots (ms):          Min: 0,00, Avg: 0,25, Max: 0,49, Diff: 0,49, Sum: 3,80, Workers: 15
[56,538s][debug][gc,phases         ] GC(53)       Scanned Cards:                 Min: 0, Avg: 180,6, Max: 402, Diff: 402, Sum: 2709, Workers: 15
[56,538s][debug][gc,phases         ] GC(53)       Scanned Blocks:                Min: 0, Avg: 154,5, Max: 315, Diff: 315, Sum: 2317, Workers: 15
[56,538s][debug][gc,phases         ] GC(53)       Claimed Chunks:                Min: 0, Avg: 146,1, Max: 299, Diff: 299, Sum: 2191, Workers: 15
[56,538s][debug][gc,phases         ] GC(53)       Found Roots:                   Min: 0, Avg: 344,1, Max: 919, Diff: 919, Sum: 5161, Workers: 15
[56,538s][debug][gc,phases         ] GC(53)     Code Root Scan (ms):           Min: 0,04, Avg: 0,05, Max: 0,07, Diff: 0,02, Sum: 0,75, Workers: 15
[56,538s][debug][gc,phases         ] GC(53)       Scanned Nmethods               Min: 0, Avg:  0,5, Max: 3, Diff: 3, Sum: 8, Workers: 15
[56,538s][debug][gc,phases         ] GC(53)     Object Copy (ms):              Min: 80,27, Avg: 80,51, Max: 80,79, Diff: 0,52, Sum: 1207,69, Workers: 15
[56,538s][debug][gc,phases         ] GC(53)     Termination (ms):              Min: 0,06, Avg: 0,11, Max: 0,17, Diff: 0,10, Sum: 1,62, Workers: 15
[56,538s][debug][gc,phases         ] GC(53)       Termination Attempts:          Min: 1, Avg:  1,0, Max: 1, Diff: 0, Sum: 15, Workers: 15
[56,538s][debug][gc,phases         ] GC(53)     GC Worker Other (ms):          Min: 0,05, Avg: 0,07, Max: 0,13, Diff: 0,07, Sum: 1,12, Workers: 15
[56,538s][debug][gc,phases         ] GC(53)     GC Worker Total (ms):          Min: 80,96, Avg: 81,06, Max: 81,25, Diff: 0,28, Sum: 1215,88, Workers: 15
[56,538s][info ][gc,phases         ] GC(53)   Post Evacuate Collection Set: 2,21ms
[56,538s][debug][gc,phases         ] GC(53)     NMethod List Cleanup: 0,02ms
[56,538s][debug][gc,phases         ] GC(53)     Reference Processing: 1,05ms
[56,538s][debug][gc,phases,ref     ] GC(53)       Notify Soft/WeakReferences: 0,5ms
[56,538s][debug][gc,phases,ref     ] GC(53)         Balance queues: 0,0ms
[56,538s][debug][gc,phases,ref     ] GC(53)         SoftRef (ms):                  Min: 0,00, Avg: 0,00, Max: 0,00, Diff: 0,00, Sum: 0,00, Workers: 4
[56,538s][debug][gc,phases,ref     ] GC(53)         WeakRef (ms):                  Min: 0,00, Avg: 0,00, Max: 0,00, Diff: 0,00, Sum: 0,01, Workers: 4
[56,538s][debug][gc,phases,ref     ] GC(53)         FinalRef (ms):                 Min: 0,06, Avg: 0,10, Max: 0,14, Diff: 0,08, Sum: 0,41, Workers: 4
[56,538s][debug][gc,phases,ref     ] GC(53)         Total (ms):                    Min: 0,14, Avg: 0,18, Max: 0,27, Diff: 0,13, Sum: 0,73, Workers: 4
[56,538s][debug][gc,phases,ref     ] GC(53)       Notify and keep alive finalizable: 0,4ms
[56,538s][debug][gc,phases,ref     ] GC(53)         Balance queues: 0,0ms
[56,538s][debug][gc,phases,ref     ] GC(53)         FinalRef (ms):                 Min: 0,09, Avg: 0,19, Max: 0,24, Diff: 0,14, Sum: 2,89, Workers: 15
[56,538s][debug][gc,phases,ref     ] GC(53)       Notify PhantomReferences: 0,1ms
[56,538s][debug][gc,phases,ref     ] GC(53)         PhantomRef (ms):               Min: 0,01, Avg: 0,01, Max: 0,01, Diff: 0,00, Sum: 0,01, Workers: 1
[56,538s][debug][gc,phases,ref     ] GC(53)       SoftReference Discovered: 0, Dropped: 0, Processed: 0
[56,538s][debug][gc,phases,ref     ] GC(53)       WeakReference Discovered: 22, Dropped: 9, Processed: 13
[56,538s][debug][gc,phases,ref     ] GC(53)       FinalReference Discovered: 3590, Dropped: 1, Processed: 3589
[56,538s][debug][gc,phases,ref     ] GC(53)       PhantomReference Discovered: 40, Dropped: 1, Processed: 39
[56,538s][debug][gc,phases         ] GC(53)     Weak Processing: 0,20ms
[56,538s][debug][gc,phases         ] GC(53)       VM Weak                        Min: 0,00, Avg: 0,00, Max: 0,00, Diff: 0,00, Sum: 0,01, Workers: 15
[56,538s][debug][gc,phases         ] GC(53)         Dead                           Min: 0, Avg:  0,0, Max: 0, Diff: 0, Sum: 0, Workers: 15
[56,538s][debug][gc,phases         ] GC(53)         Total                          Min: 0, Avg: 11,3, Max: 170, Diff: 170, Sum: 170, Workers: 15
[56,538s][debug][gc,phases         ] GC(53)       ObjectSynchronizer Weak        Min: 0,00, Avg: 0,00, Max: 0,00, Diff: 0,00, Sum: 0,00, Workers: 15
[56,538s][debug][gc,phases         ] GC(53)         Dead                           Min: 0, Avg:  0,0, Max: 0, Diff: 0, Sum: 0, Workers: 15
[56,538s][debug][gc,phases         ] GC(53)         Total                          Min: 0, Avg:  2,2, Max: 33, Diff: 33, Sum: 33, Workers: 15
[56,538s][debug][gc,phases         ] GC(53)       JVMTI Tag Weak OopStorage      Min: 0,00, Avg: 0,00, Max: 0,00, Diff: 0,00, Sum: 0,00, Workers: 15
[56,538s][debug][gc,phases         ] GC(53)         Dead                           Min: 0, Avg:  0,0, Max: 0, Diff: 0, Sum: 0, Workers: 15
[56,538s][debug][gc,phases         ] GC(53)         Total                          Min: 0, Avg:  0,0, Max: 0, Diff: 0, Sum: 0, Workers: 15
[56,538s][debug][gc,phases         ] GC(53)       StringTable Weak               Min: 0,00, Avg: 0,00, Max: 0,06, Diff: 0,06, Sum: 0,07, Workers: 15
[56,538s][debug][gc,phases         ] GC(53)         Dead                           Min: 0, Avg:  0,0, Max: 0, Diff: 0, Sum: 0, Workers: 15
[56,538s][debug][gc,phases         ] GC(53)         Total                          Min: 0, Avg: 567,1, Max: 8187, Diff: 8187, Sum: 8507, Workers: 15
[56,538s][debug][gc,phases         ] GC(53)       ResolvedMethodTable Weak       Min: 0,00, Avg: 0,00, Max: 0,01, Diff: 0,01, Sum: 0,03, Workers: 15
[56,538s][debug][gc,phases         ] GC(53)         Dead                           Min: 0, Avg:  0,5, Max: 4, Diff: 4, Sum: 7, Workers: 15
[56,538s][debug][gc,phases         ] GC(53)         Total                          Min: 0, Avg: 113,7, Max: 953, Diff: 953, Sum: 1706, Workers: 15
[56,538s][debug][gc,phases         ] GC(53)       JNI Weak                       Min: 0,00, Avg: 0,00, Max: 0,00, Diff: 0,00, Sum: 0,00, Workers: 15
[56,538s][debug][gc,phases         ] GC(53)         Dead                           Min: 0, Avg:  0,0, Max: 0, Diff: 0, Sum: 0, Workers: 15
[56,538s][debug][gc,phases         ] GC(53)         Total                          Min: 0, Avg:  0,0, Max: 0, Diff: 0, Sum: 0, Workers: 15
[56,538s][debug][gc,phases         ] GC(53)       StringDedup Table Weak         Min: 0,00, Avg: 0,01, Max: 0,04, Diff: 0,04, Sum: 0,17, Workers: 15
[56,538s][debug][gc,phases         ] GC(53)         Dead                           Min: 0, Avg:  0,0, Max: 0, Diff: 0, Sum: 0, Workers: 15
[56,538s][debug][gc,phases         ] GC(53)         Total                          Min: 0, Avg: 876,2, Max: 5719, Diff: 5719, Sum: 13143, Workers: 15
[56,538s][debug][gc,phases         ] GC(53)       StringDedup Requests0 Weak     Min: 0,00, Avg: 0,00, Max: 0,00, Diff: 0,00, Sum: 0,01, Workers: 15
[56,538s][debug][gc,phases         ] GC(53)         Dead                           Min: 0, Avg:  0,0, Max: 0, Diff: 0, Sum: 0, Workers: 15
[56,538s][debug][gc,phases         ] GC(53)         Total                          Min: 0, Avg:  0,0, Max: 0, Diff: 0, Sum: 0, Workers: 15
[56,538s][debug][gc,phases         ] GC(53)       StringDedup Requests1 Weak     Min: 0,00, Avg: 0,00, Max: 0,01, Diff: 0,00, Sum: 0,04, Workers: 15
[56,538s][debug][gc,phases         ] GC(53)         Dead                           Min: 0, Avg:  0,0, Max: 0, Diff: 0, Sum: 0, Workers: 15
[56,538s][debug][gc,phases         ] GC(53)         Total                          Min: 0, Avg: 42,7, Max: 128, Diff: 128, Sum: 640, Workers: 15
[56,538s][debug][gc,phases         ] GC(53)       Weak JFR Old Object Samples    Min: 0,00, Avg: 0,00, Max: 0,00, Diff: 0,00, Sum: 0,01, Workers: 15
[56,538s][debug][gc,phases         ] GC(53)         Dead                           Min: 0, Avg:  0,0, Max: 0, Diff: 0, Sum: 0, Workers: 15
[56,539s][debug][gc,phases         ] GC(53)         Total                          Min: 0, Avg:  0,0, Max: 0, Diff: 0, Sum: 0, Workers: 15
[56,539s][debug][gc,phases         ] GC(53)     Post Evacuate Cleanup 1: 0,48ms
[56,539s][debug][gc,phases         ] GC(53)       Merge Per-Thread State (ms):   Min: 0,04, Avg: 0,04, Max: 0,04, Diff: 0,00, Sum: 0,04, Workers: 1
[56,539s][debug][gc,phases         ] GC(53)         Copied Bytes                   Min: 45970560, Avg: 60110755,2, Max: 71755160, Diff: 25784600, Sum: 901661328, Workers: 15
[56,539s][debug][gc,phases         ] GC(53)         LAB Waste                      Min: 1488, Avg: 9549,9, Max: 25336, Diff: 23848, Sum: 143248, Workers: 15
[56,539s][debug][gc,phases         ] GC(53)         LAB Undo Waste                 Min: 0, Avg:  0,0, Max: 0, Diff: 0, Sum: 0, Workers: 15
[56,539s][debug][gc,phases         ] GC(53)         Evac Fail Extra Cards          Min: 0, Avg:  0,1, Max: 1, Diff: 1, Sum: 1, Workers: 15
[56,539s][debug][gc,phases         ] GC(53)       Clear Logged Cards (ms):       Min: 0,00, Avg: 0,07, Max: 0,26, Diff: 0,26, Sum: 1,02, Workers: 15
[56,539s][debug][gc,phases         ] GC(53)       Recalculate Used Memory (ms):  Min: 0,02, Avg: 0,02, Max: 0,02, Diff: 0,00, Sum: 0,02, Workers: 1
[56,539s][debug][gc,phases         ] GC(53)       Restore Evacuation Failed Regions (ms): Min: 0,00, Avg: 0,03, Max: 0,09, Diff: 0,09, Sum: 0,52, Workers: 15
[56,539s][debug][gc,phases         ] GC(53)         Evacuation Failed Regions:     Min: 2, Avg:  2,0, Max: 2, Diff: 0, Sum: 2, Workers: 1
[56,539s][debug][gc,phases         ] GC(53)         Pinned Regions:                Min: 1, Avg:  1,0, Max: 1, Diff: 0, Sum: 2, Workers: 2
[56,539s][debug][gc,phases         ] GC(53)         Allocation Failed Regions:     skipped
[56,539s][debug][gc,phases         ] GC(53)         Remove Self Forwards (ms):     Min: 0,00, Avg: 0,02, Max: 0,05, Diff: 0,04, Sum: 0,22, Workers: 11
[56,539s][debug][gc,phases         ] GC(53)           Forward Chunks:                Min: 1, Avg:  2,9, Max: 7, Diff: 6, Sum: 26, Workers: 9
[56,539s][debug][gc,phases         ] GC(53)           Empty Forward Chunks:          Min: 7, Avg: 20,9, Max: 48, Diff: 41, Sum: 230, Workers: 11
[56,539s][debug][gc,phases         ] GC(53)           Forward Objects:               Min: 1, Avg:  3,1, Max: 8, Diff: 7, Sum: 28, Workers: 9
[56,539s][debug][gc,phases         ] GC(53)           Forward Bytes:                 Min: 88, Avg: 76080,9, Max: 270584, Diff: 270496, Sum: 684728, Workers: 9
[56,539s][debug][gc,phases         ] GC(53)     Post Evacuate Cleanup 2: 0,34ms
[56,539s][debug][gc,phases         ] GC(53)       Recalculate Used Memory (ms):  Min: 0,02, Avg: 0,02, Max: 0,02, Diff: 0,00, Sum: 0,02, Workers: 1
[56,539s][debug][gc,phases         ] GC(53)       Restore Preserved Marks (ms):  Min: 0,00, Avg: 0,00, Max: 0,00, Diff: 0,00, Sum: 0,02, Workers: 15
[56,539s][debug][gc,phases         ] GC(53)       Process Evacuation Failed Regions (ms): Min: 0,00, Avg: 0,00, Max: 0,03, Diff: 0,03, Sum: 0,04, Workers: 15
[56,539s][debug][gc,phases         ] GC(53)       Update Derived Pointers (ms):  Min: 0,00, Avg: 0,00, Max: 0,00, Diff: 0,00, Sum: 0,00, Workers: 1
[56,539s][debug][gc,phases         ] GC(53)       Eagerly Reclaim Humongous Objects (ms): skipped
[56,539s][debug][gc,phases         ] GC(53)         Humongous Total                skipped
[56,539s][debug][gc,phases         ] GC(53)         Humongous Candidates           skipped
[56,539s][debug][gc,phases         ] GC(53)         Humongous Reclaimed            skipped
[56,539s][debug][gc,phases         ] GC(53)       Sample CSet Candidates (ms):   skipped
[56,539s][debug][gc,phases         ] GC(53)       Redirty Logged Cards (ms):     Min: 0,00, Avg: 0,00, Max: 0,01, Diff: 0,01, Sum: 0,02, Workers: 15
[56,539s][debug][gc,phases         ] GC(53)         Redirtied Cards:               Min: 0, Avg: 54,9, Max: 823, Diff: 823, Sum: 823, Workers: 15
[56,539s][debug][gc,phases         ] GC(53)       Resize TLABs (ms):             Min: 0,00, Avg: 0,00, Max: 0,00, Diff: 0,00, Sum: 0,01, Workers: 15
[56,539s][debug][gc,phases         ] GC(53)       Free Collection Set (ms):      Min: 0,05, Avg: 0,10, Max: 0,15, Diff: 0,10, Sum: 1,57, Workers: 15
[56,539s][debug][gc,phases         ] GC(53)     Rebuild Free List: 0,06ms
[56,539s][debug][gc,phases         ] GC(53)     Prepare For Mutator: 0,06ms
[56,539s][debug][gc,phases         ] GC(53)     Expand Heap After Collection: 0,00ms
[56,539s][info ][gc,phases         ] GC(53)   Other: 0,47ms
[56,539s][debug][gc,remset         ] GC(53) Coarsening (recent): Inline->AoC 0 (0) AoC->Howl 0 (0) Howl->Full 0 (0) Inline->AoC 0 (0) AoC->BitMap 0 (0) BitMap->Full 0 (0) 
[56,539s][debug][gc,remset         ] GC(53) Coarsening (all): Inline->AoC 6767 (0) AoC->Howl 3113 (0) Howl->Full 896 (0) Inline->AoC 18783 (0) AoC->BitMap 18032 (0) BitMap->Full 3785 (0) 
[56,539s][info ][gc,heap           ] GC(53) Eden regions: 646->0(571)
[56,539s][info ][gc,heap           ] GC(53) Survivor regions: 62->89(89)
[56,539s][info ][gc,heap           ] GC(53) Old regions: 282->314
[56,539s][info ][gc,heap           ] GC(53) Humongous regions: 0->0
[56,539s][info ][gc,metaspace      ] GC(53) Metaspace: 20772K(21120K)->20772K(21120K) NonClass: 18154K(18304K)->18154K(18304K) Class: 2617K(2816K)->2617K(2816K)
[56,539s][debug][gc,heap           ] GC(53) Heap after GC invocations=54 (full 0):
[56,539s][debug][gc,heap           ] GC(53)  garbage-first heap   total reserved 8388608K, committed 5242880K, used 1645601K [0x0000000600000000, 0x0000000800000000)
[56,539s][debug][gc,heap           ] GC(53)   region size 4096K, 89 young (364544K), 89 survivors (364544K)
[56,539s][debug][gc,heap           ] GC(53)  Metaspace       used 20772K, committed 21120K, reserved 1114112K
[56,539s][debug][gc,heap           ] GC(53)   class space    used 2617K, committed 2816K, reserved 1048576K
[56,539s][info ][gc                ] GC(53) Pause Young (Mixed) (G1 Evacuation Pause) (Evacuation Failure: Pinned) 3957M->1607M(5120M) 86,539ms
[56,539s][info ][gc,cpu            ] GC(53) User=1,22s Sys=0,01s Real=0,08s
[56,539s][debug][gc,refine         ] Concurrent refinement: wanted 0, cards: 823, predicted: 2885, time: 1678,15ms
[56,539s][debug][gc,task           ] G1 Service Thread (Card Set Free Memory Task) (run: 1,835ms) (cpu: 0,200ms)
[56,702s][debug][gc,refine         ] Concurrent refinement: wanted 0, cards: 1079, predicted: 2868, time: 1455,87ms
[56,855s][debug][gc,refine         ] Concurrent refinement: wanted 0, cards: 1847, predicted: 3584, time: 1413,18ms
[57,005s][debug][gc,refine         ] Concurrent refinement: wanted 0, cards: 1847, predicted: 3506, time: 1349,88ms
[57,151s][debug][gc,refine         ] Concurrent refinement: wanted 0, cards: 1847, predicted: 3428, time: 1286,58ms
[57,294s][debug][gc,refine         ] Concurrent refinement: wanted 0, cards: 1847, predicted: 3354, time: 1226,23ms
[57,421s][debug][gc,task,start     ] G1 Service Thread (Periodic GC Task) (run 0,828ms after schedule)
[57,421s][debug][gc,task           ] G1 Service Thread (Periodic GC Task) (run: 0,053ms) (cpu: 0,082ms)
[57,434s][debug][gc,refine         ] Concurrent refinement: wanted 0, cards: 1847, predicted: 3281, time: 1167,35ms
[57,571s][debug][gc,refine         ] Concurrent refinement: wanted 0, cards: 1847, predicted: 3211, time: 1109,93ms
[57,704s][debug][gc,refine         ] Concurrent refinement: wanted 0, cards: 1847, predicted: 3142, time: 1054,00ms
[57,833s][debug][gc,refine         ] Concurrent refinement: wanted 0, cards: 1847, predicted: 2614, time: 624,15ms
[57,932s][debug][gc,refine         ] Concurrent refinement: wanted 0, cards: 1847, predicted: 2189, time: 278,22ms
[57,999s][debug][gc,refine         ] Concurrent refinement: wanted 0, cards: 1847, predicted: 2176, time: 267,92ms
[58,064s][debug][gc,refine         ] Concurrent refinement: wanted 0, cards: 1847, predicted: 2165, time: 259,08ms
[58,128s][debug][gc,refine         ] Concurrent refinement: wanted 0, cards: 1847, predicted: 2140, time: 238,47ms
[58,189s][debug][gc,refine         ] Concurrent refinement: wanted 0, cards: 1847, predicted: 2109, time: 213,45ms
[58,247s][debug][gc,refine         ] Concurrent refinement: wanted 0, cards: 1847, predicted: 2078, time: 188,42ms
[58,302s][debug][gc,refine         ] Concurrent refinement: wanted 0, cards: 1847, predicted: 2049, time: 164,87ms
[58,353s][debug][gc,refine         ] Concurrent refinement: wanted 0, cards: 1847, predicted: 2024, time: 144,26ms
[58,403s][debug][gc,refine         ] Concurrent refinement: wanted 0, cards: 1847, predicted: 1999, time: 123,65ms
[58,422s][debug][gc,task,start     ] G1 Service Thread (Periodic GC Task) (run 0,180ms after schedule)
[58,422s][debug][gc,task           ] G1 Service Thread (Periodic GC Task) (run: 0,043ms) (cpu: 0,077ms)
[58,453s][debug][gc,refine         ] Concurrent refinement: wanted 0, cards: 1847, predicted: 1971, time: 101,57ms
[58,503s][debug][gc,refine         ] Concurrent refinement: wanted 0, cards: 1847, predicted: 1946, time: 80,96ms
[58,554s][debug][gc,refine         ] Concurrent refinement: wanted 0, cards: 1847, predicted: 1921, time: 60,35ms
[58,604s][debug][gc,refine         ] Concurrent refinement: wanted 0, cards: 1847, predicted: 1847, time: 39,75ms
[58,654s][debug][gc,refine         ] Concurrent refinement: wanted 0, cards: 1847, predicted: 1847, time: 17,66ms
[58,704s][debug][gc,refine         ] Concurrent refinement: wanted 0, cards: 1847, predicted: 1847, time: 0,00ms
[58,707s][debug][gc,ergo           ] GC(54) Initiate concurrent cycle (concurrent cycle initiation requested)
[58,707s][info ][gc,start          ] GC(54) Pause Young (Concurrent Start) (G1 Evacuation Pause)
[58,707s][debug][gc,heap           ] GC(54) Heap before GC invocations=54 (full 0):
[58,707s][debug][gc,heap           ] GC(54)  garbage-first heap   total reserved 8388608K, committed 5242880K, used 3980321K [0x0000000600000000, 0x0000000800000000)
[58,707s][debug][gc,heap           ] GC(54)   region size 4096K, 660 young (2703360K), 89 survivors (364544K)
[58,707s][debug][gc,heap           ] GC(54)  Metaspace       used 20772K, committed 21120K, reserved 1114112K
[58,707s][debug][gc,heap           ] GC(54)   class space    used 2617K, committed 2816K, reserved 1048576K
[58,707s][info ][gc,task           ] GC(54) Using 15 workers of 15 for evacuation
[58,707s][debug][gc,age            ] GC(54) Desired survivor size 174063616 bytes, new threshold 1 (max threshold 15)
[58,707s][debug][gc,tlab           ] GC(54) TLAB totals: thrds: 24  refills: 1525 max: 553 slow allocs: 425 max 34 waste:  0,8% gc: 13981856B max: 1332360B slow: 4957536B max: 933600B
[58,707s][debug][gc,refine,stats   ] GC(54) Mutator refinement: 0,00ms, refined: 0, precleaned: 0, dirtied: 1200
[58,707s][debug][gc,refine,stats   ] GC(54) Concurrent refinement: 0,00ms, refined: 0, precleaned: 0, dirtied: 0
[58,707s][debug][gc,refine,stats   ] GC(54) Total refinement: 0,00ms, refined: 0, precleaned: 0, dirtied: 1200
[58,707s][debug][gc,refine,stats   ] GC(54) Generate dirty cards rate: 0,55 cards/ms
[58,707s][debug][gc,alloc,region   ] GC(54) Mutator Allocation stats, regions: 571, wasted size: 1975K ( 0,1%)
[58,707s][debug][gc,ergo,cset      ] GC(54) Do not add marking candidates to collection set due to pause type.
[58,707s][debug][gc,ergo,cset      ] GC(54) Start adding retained candidates to collection set. Min 1 regions, available 2, time remaining 40,00ms, optional remaining 40,00ms
[58,707s][debug][gc,ergo,cset      ] GC(54) Retained candidates exhausted.
[58,707s][debug][gc,ergo,cset      ] GC(54) Finish adding retained candidates to collection set. Initial: 2, optional: 0, pinned: 0, predicted initial time: 0,11ms, predicted optional time: 0,00ms, time remaining: 39,89ms optional time remaining 39,89ms
[58,707s][debug][gc,ergo           ] GC(54) Running G1 Merge Heap Roots using 15 workers for 662 regions
[58,708s][debug][gc,remset         ] GC(54) Visited cards 72192 Total dirty 704512 (10,25%) Total old 13402112 (0,54%)
[58,767s][debug][gc,ref            ] GC(54) ReferenceProcessor::execute queues: 3, RefProcThreadModel::Multi, marks_oops_alive: false
[58,768s][debug][gc,ref            ] GC(54) ReferenceProcessor::execute queues: 15, RefProcThreadModel::Multi, marks_oops_alive: true
[58,768s][debug][gc,ref            ] GC(54) ReferenceProcessor::execute queues: 1, RefProcThreadModel::Single, marks_oops_alive: false
[58,769s][debug][gc,ergo           ] GC(54) Running G1 Rebuild Free List Task using 15 workers for rebuilding free list of regions
[58,769s][debug][gc,plab           ] GC(54) Young PLAB allocation: allocated: 287309824B, wasted: 30152B, unused: 11360688B, used: 275918984B, undo waste: 0B, 
[58,769s][debug][gc,plab           ] GC(54) Young other allocation: region end waste: 0B, regions filled: 69, num plab filled: 137, direct allocated: 0B, num direct allocated: 0, failure used: 0B, failure wasted: 0B
[58,769s][debug][gc,plab           ] GC(54) Young sizing: calculated: 55183792B, actual: 58059048B
[58,769s][debug][gc,plab           ] GC(54) Old PLAB allocation: allocated: 387973120B, wasted: 34912B, unused: 16286240B, used: 371651968B, undo waste: 0B, 
[58,769s][debug][gc,plab           ] GC(54) Old other allocation: region end waste: 0B, regions filled: 93, num plab filled: 185, direct allocated: 0B, num direct allocated: 0, failure used: 0B, failure wasted: 0B
[58,769s][debug][gc,plab           ] GC(54) Old sizing: calculated: 74330392B, actual: 76541824B
[58,769s][debug][gc,ergo,heap      ] GC(54) Heap expansion: short term pause time ratio 4,50% long term pause time ratio 3,70% threshold 7,69% pause time ratio 7,69% fully expanded false resize by 0B
[58,769s][debug][gc,task,start     ] G1 Service Thread (Card Set Free Memory Task) (run 0,013ms after schedule)
[58,769s][debug][gc,mmu            ] GC(54) MMU: 62,1ms (200,0ms/201,0ms)
[58,769s][debug][gc,alloc,stats    ] Old generation allocation in the last mutator period, old gen allocated: 387973120B, humongous allocated: 0B, old gen growth: 387973120B.
[58,769s][debug][gc,ihop           ] GC(54) Basic information (value update), threshold: 899589473B (16,76), target occupancy: 5368709120B, current occupancy: 1978697264B, recent allocation size: 387973120B, recent allocation duration: 2169,30ms, recent old gen allocation rate: 178847541,78B/s, recent marking phase length: 3662,21ms
[58,769s][debug][gc,ihop           ] GC(54) Adaptive IHOP information (value update), threshold: 899589473B (17,64), internal target occupancy: 5100273664B, occupancy: 1978697264B, additional buffer size: 2449473536B, predicted old gen allocation rate: 656688969,51B/s, predicted marking phase length: 2666,73ms, prediction active: true
[58,769s][debug][gc,ergo,refine    ] GC(54) GC refinement: goal: 225377 + 434 / 20,00ms, actual: 2023 / 0,16ms, 
[58,769s][debug][gc,ergo,refine    ] GC(54) Unchanged pending cards target: 225377
[58,769s][info ][gc,phases         ] GC(54)   Pre Evacuate Collection Set: 0,47ms
[58,769s][debug][gc,phases         ] GC(54)     Reset Marking State (ms):      Min: 0,03, Avg: 0,03, Max: 0,03, Diff: 0,00, Sum: 0,03, Workers: 1
[58,769s][debug][gc,phases         ] GC(54)     Note Start Of Mark (ms):       Min: 0,04, Avg: 0,05, Max: 0,06, Diff: 0,02, Sum: 0,21, Workers: 4
[58,769s][debug][gc,phases         ] GC(54)     Pre Evacuate Prepare: 0,13ms
[58,769s][debug][gc,phases         ] GC(54)       JT Retire TLABs And Flush Logs (ms): Min: 0,00, Avg: 0,01, Max: 0,02, Diff: 0,02, Sum: 0,02, Workers: 2
[58,769s][debug][gc,phases         ] GC(54)       Non-JT Flush Logs (ms):        Min: 0,01, Avg: 0,01, Max: 0,01, Diff: 0,00, Sum: 0,01, Workers: 1
[58,769s][debug][gc,phases         ] GC(54)     Choose Collection Set: 0,05ms
[58,769s][debug][gc,phases         ] GC(54)     Region Register: 0,21ms
[58,769s][debug][gc,phases         ] GC(54)     Prepare Heap Roots: 0,00ms
[58,769s][info ][gc,phases         ] GC(54)   Merge Heap Roots: 0,85ms
[58,769s][debug][gc,phases         ] GC(54)     Prepare Merge Heap Roots: 0,02ms
[58,769s][debug][gc,phases         ] GC(54)     Remembered Sets (ms):          Min: 0,05, Avg: 0,06, Max: 0,07, Diff: 0,02, Sum: 0,86, Workers: 15
[58,769s][debug][gc,phases         ] GC(54)       Eager Reclaim (ms):            skipped
[58,769s][debug][gc,phases         ] GC(54)       Merged Inline                  Min: 0, Avg:  0,0, Max: 0, Diff: 0, Sum: 0, Workers: 15
[58,769s][debug][gc,phases         ] GC(54)       Merged ArrayOfCards            Min: 0, Avg:  0,0, Max: 0, Diff: 0, Sum: 0, Workers: 15
[58,769s][debug][gc,phases         ] GC(54)       Merged Howl                    Min: 0, Avg:  0,0, Max: 0, Diff: 0, Sum: 0, Workers: 15
[58,769s][debug][gc,phases         ] GC(54)       Merged Full                    Min: 0, Avg:  0,0, Max: 0, Diff: 0, Sum: 0, Workers: 15
[58,769s][debug][gc,phases         ] GC(54)       Merged Howl Inline             Min: 0, Avg:  0,0, Max: 0, Diff: 0, Sum: 0, Workers: 15
[58,769s][debug][gc,phases         ] GC(54)       Merged Howl ArrayOfCards       Min: 0, Avg:  0,0, Max: 0, Diff: 0, Sum: 0, Workers: 15
[58,769s][debug][gc,phases         ] GC(54)       Merged Howl BitMap             Min: 0, Avg:  0,0, Max: 0, Diff: 0, Sum: 0, Workers: 15
[58,769s][debug][gc,phases         ] GC(54)       Merged Howl Full               Min: 0, Avg:  0,0, Max: 0, Diff: 0, Sum: 0, Workers: 15
[58,769s][debug][gc,phases         ] GC(54)       Merged Cards                   Min: 8, Avg:  8,0, Max: 8, Diff: 0, Sum: 120, Workers: 15
[58,769s][debug][gc,phases         ] GC(54)     Log Buffers (ms):              Min: 0,00, Avg: 0,01, Max: 0,07, Diff: 0,07, Sum: 0,12, Workers: 15
[58,769s][debug][gc,phases         ] GC(54)       Dirty Cards:                   Min: 0, Avg: 134,9, Max: 1683, Diff: 1683, Sum: 2023, Workers: 15
[58,769s][debug][gc,phases         ] GC(54)       Skipped Cards:                 Min: 0, Avg:  0,0, Max: 0, Diff: 0, Sum: 0, Workers: 15
[58,769s][info ][gc,phases         ] GC(54)   Evacuate Collection Set: 59,09ms
[58,769s][debug][gc,phases         ] GC(54)     Ext Root Scanning (ms):        Min: 0,00, Avg: 0,05, Max: 0,32, Diff: 0,32, Sum: 0,68, Workers: 15
[58,769s][debug][gc,phases         ] GC(54)     Scan Heap Roots (ms):          Min: 0,05, Avg: 0,15, Max: 0,31, Diff: 0,26, Sum: 2,25, Workers: 15
[58,769s][debug][gc,phases         ] GC(54)       Scanned Cards:                 Min: 46, Avg: 133,4, Max: 298, Diff: 252, Sum: 2001, Workers: 15
[58,769s][debug][gc,phases         ] GC(54)       Scanned Blocks:                Min: 36, Avg: 97,5, Max: 273, Diff: 237, Sum: 1462, Workers: 15
[58,769s][debug][gc,phases         ] GC(54)       Claimed Chunks:                Min: 27, Avg: 75,2, Max: 195, Diff: 168, Sum: 1128, Workers: 15
[58,769s][debug][gc,phases         ] GC(54)       Found Roots:                   Min: 131, Avg: 420,3, Max: 1122, Diff: 991, Sum: 6305, Workers: 15
[58,769s][debug][gc,phases         ] GC(54)     Code Root Scan (ms):           Min: 0,03, Avg: 0,04, Max: 0,05, Diff: 0,02, Sum: 0,56, Workers: 15
[58,769s][debug][gc,phases         ] GC(54)       Scanned Nmethods               Min: 0, Avg:  0,0, Max: 0, Diff: 0, Sum: 0, Workers: 15
[58,769s][debug][gc,phases         ] GC(54)     Object Copy (ms):              Min: 58,37, Avg: 58,55, Max: 58,70, Diff: 0,33, Sum: 878,29, Workers: 15
[58,769s][debug][gc,phases         ] GC(54)     Termination (ms):              Min: 0,05, Avg: 0,08, Max: 0,14, Diff: 0,09, Sum: 1,20, Workers: 15
[58,769s][debug][gc,phases         ] GC(54)       Termination Attempts:          Min: 1, Avg:  1,0, Max: 1, Diff: 0, Sum: 15, Workers: 15
[58,769s][debug][gc,phases         ] GC(54)     GC Worker Other (ms):          Min: 0,04, Avg: 0,05, Max: 0,06, Diff: 0,01, Sum: 0,74, Workers: 15
[58,769s][debug][gc,phases         ] GC(54)     GC Worker Total (ms):          Min: 58,84, Avg: 58,92, Max: 59,01, Diff: 0,17, Sum: 883,73, Workers: 15
[58,769s][info ][gc,phases         ] GC(54)   Post Evacuate Collection Set: 1,44ms
[58,769s][debug][gc,phases         ] GC(54)     NMethod List Cleanup: 0,01ms
[58,769s][debug][gc,phases         ] GC(54)     Reference Processing: 0,76ms
[58,769s][debug][gc,phases,ref     ] GC(54)       Notify Soft/WeakReferences: 0,3ms
[58,769s][debug][gc,phases,ref     ] GC(54)         Balance queues: 0,0ms
[58,769s][debug][gc,phases,ref     ] GC(54)         SoftRef (ms):                  Min: 0,00, Avg: 0,00, Max: 0,00, Diff: 0,00, Sum: 0,00, Workers: 3
[58,769s][debug][gc,phases,ref     ] GC(54)         WeakRef (ms):                  Min: 0,00, Avg: 0,00, Max: 0,00, Diff: 0,00, Sum: 0,00, Workers: 3
[58,769s][debug][gc,phases,ref     ] GC(54)         FinalRef (ms):                 Min: 0,06, Avg: 0,08, Max: 0,12, Diff: 0,06, Sum: 0,25, Workers: 3
[58,769s][debug][gc,phases,ref     ] GC(54)         Total (ms):                    Min: 0,13, Avg: 0,19, Max: 0,23, Diff: 0,10, Sum: 0,56, Workers: 3
[58,769s][debug][gc,phases,ref     ] GC(54)       Notify and keep alive finalizable: 0,4ms
[58,769s][debug][gc,phases,ref     ] GC(54)         Balance queues: 0,0ms
[58,769s][debug][gc,phases,ref     ] GC(54)         FinalRef (ms):                 Min: 0,16, Avg: 0,22, Max: 0,27, Diff: 0,11, Sum: 3,33, Workers: 15
[58,769s][debug][gc,phases,ref     ] GC(54)       Notify PhantomReferences: 0,0ms
[58,769s][debug][gc,phases,ref     ] GC(54)         PhantomRef (ms):               Min: 0,01, Avg: 0,01, Max: 0,01, Diff: 0,00, Sum: 0,01, Workers: 1
[58,769s][debug][gc,phases,ref     ] GC(54)       SoftReference Discovered: 0, Dropped: 0, Processed: 0
[58,770s][debug][gc,phases,ref     ] GC(54)       WeakReference Discovered: 0, Dropped: 0, Processed: 0
[58,770s][debug][gc,phases,ref     ] GC(54)       FinalReference Discovered: 2700, Dropped: 0, Processed: 2700
[58,770s][debug][gc,phases,ref     ] GC(54)       PhantomReference Discovered: 77, Dropped: 1, Processed: 76
[58,770s][debug][gc,phases         ] GC(54)     Weak Processing: 0,09ms
[58,770s][debug][gc,phases         ] GC(54)       VM Weak                        Min: 0,00, Avg: 0,00, Max: 0,00, Diff: 0,00, Sum: 0,01, Workers: 15
[58,770s][debug][gc,phases         ] GC(54)         Dead                           Min: 0, Avg:  0,0, Max: 0, Diff: 0, Sum: 0, Workers: 15
[58,770s][debug][gc,phases         ] GC(54)         Total                          Min: 0, Avg: 11,3, Max: 170, Diff: 170, Sum: 170, Workers: 15
[58,770s][debug][gc,phases         ] GC(54)       ObjectSynchronizer Weak        Min: 0,00, Avg: 0,00, Max: 0,00, Diff: 0,00, Sum: 0,00, Workers: 15
[58,770s][debug][gc,phases         ] GC(54)         Dead                           Min: 0, Avg:  0,0, Max: 0, Diff: 0, Sum: 0, Workers: 15
[58,770s][debug][gc,phases         ] GC(54)         Total                          Min: 0, Avg:  2,2, Max: 33, Diff: 33, Sum: 33, Workers: 15
[58,770s][debug][gc,phases         ] GC(54)       JVMTI Tag Weak OopStorage      Min: 0,00, Avg: 0,00, Max: 0,00, Diff: 0,00, Sum: 0,00, Workers: 15
[58,770s][debug][gc,phases         ] GC(54)         Dead                           Min: 0, Avg:  0,0, Max: 0, Diff: 0, Sum: 0, Workers: 15
[58,770s][debug][gc,phases         ] GC(54)         Total                          Min: 0, Avg:  0,0, Max: 0, Diff: 0, Sum: 0, Workers: 15
[58,770s][debug][gc,phases         ] GC(54)       StringTable Weak               Min: 0,00, Avg: 0,01, Max: 0,03, Diff: 0,03, Sum: 0,10, Workers: 15
[58,770s][debug][gc,phases         ] GC(54)         Dead                           Min: 0, Avg:  0,0, Max: 0, Diff: 0, Sum: 0, Workers: 15
[58,770s][debug][gc,phases         ] GC(54)         Total                          Min: 0, Avg: 567,5, Max: 3840, Diff: 3840, Sum: 8512, Workers: 15
[58,770s][debug][gc,phases         ] GC(54)       ResolvedMethodTable Weak       Min: 0,00, Avg: 0,00, Max: 0,01, Diff: 0,01, Sum: 0,03, Workers: 15
[58,770s][debug][gc,phases         ] GC(54)         Dead                           Min: 0, Avg:  0,0, Max: 0, Diff: 0, Sum: 0, Workers: 15
[58,770s][debug][gc,phases         ] GC(54)         Total                          Min: 0, Avg: 113,7, Max: 689, Diff: 689, Sum: 1706, Workers: 15
[58,770s][debug][gc,phases         ] GC(54)       JNI Weak                       Min: 0,00, Avg: 0,00, Max: 0,00, Diff: 0,00, Sum: 0,00, Workers: 15
[58,770s][debug][gc,phases         ] GC(54)         Dead                           Min: 0, Avg:  0,0, Max: 0, Diff: 0, Sum: 0, Workers: 15
[58,770s][debug][gc,phases         ] GC(54)         Total                          Min: 0, Avg:  0,0, Max: 0, Diff: 0, Sum: 0, Workers: 15
[58,770s][debug][gc,phases         ] GC(54)       StringDedup Table Weak         Min: 0,00, Avg: 0,01, Max: 0,02, Diff: 0,02, Sum: 0,12, Workers: 15
[58,770s][debug][gc,phases         ] GC(54)         Dead                           Min: 0, Avg:  0,0, Max: 0, Diff: 0, Sum: 0, Workers: 15
[58,770s][debug][gc,phases         ] GC(54)         Total                          Min: 0, Avg: 876,7, Max: 3295, Diff: 3295, Sum: 13151, Workers: 15
[58,770s][debug][gc,phases         ] GC(54)       StringDedup Requests0 Weak     Min: 0,00, Avg: 0,00, Max: 0,00, Diff: 0,00, Sum: 0,02, Workers: 15
[58,770s][debug][gc,phases         ] GC(54)         Dead                           Min: 0, Avg:  0,0, Max: 0, Diff: 0, Sum: 0, Workers: 15
[58,770s][debug][gc,phases         ] GC(54)         Total                          Min: 0, Avg: 29,9, Max: 64, Diff: 64, Sum: 448, Workers: 15
[58,770s][debug][gc,phases         ] GC(54)       StringDedup Requests1 Weak     Min: 0,00, Avg: 0,00, Max: 0,00, Diff: 0,00, Sum: 0,00, Workers: 15
[58,770s][debug][gc,phases         ] GC(54)         Dead                           Min: 0, Avg:  0,0, Max: 0, Diff: 0, Sum: 0, Workers: 15
[58,770s][debug][gc,phases         ] GC(54)         Total                          Min: 0, Avg:  0,0, Max: 0, Diff: 0, Sum: 0, Workers: 15
[58,770s][debug][gc,phases         ] GC(54)       Weak JFR Old Object Samples    Min: 0,00, Avg: 0,00, Max: 0,00, Diff: 0,00, Sum: 0,00, Workers: 15
[58,770s][debug][gc,phases         ] GC(54)         Dead                           Min: 0, Avg:  0,0, Max: 0, Diff: 0, Sum: 0, Workers: 15
[58,770s][debug][gc,phases         ] GC(54)         Total                          Min: 0, Avg:  0,0, Max: 0, Diff: 0, Sum: 0, Workers: 15
[58,770s][debug][gc,phases         ] GC(54)     Post Evacuate Cleanup 1: 0,20ms
[58,770s][debug][gc,phases         ] GC(54)       Merge Per-Thread State (ms):   Min: 0,10, Avg: 0,10, Max: 0,10, Diff: 0,00, Sum: 0,10, Workers: 1
[58,770s][debug][gc,phases         ] GC(54)         Copied Bytes                   Min: 34051040, Avg: 43171396,8, Max: 58274728, Diff: 24223688, Sum: 647570952, Workers: 15
[58,770s][debug][gc,phases         ] GC(54)         LAB Waste                      Min: 888, Avg: 4337,6, Max: 9520, Diff: 8632, Sum: 65064, Workers: 15
[58,770s][debug][gc,phases         ] GC(54)         LAB Undo Waste                 Min: 0, Avg:  0,0, Max: 0, Diff: 0, Sum: 0, Workers: 15
[58,770s][debug][gc,phases         ] GC(54)         Evac Fail Extra Cards          Min: 0, Avg:  0,0, Max: 0, Diff: 0, Sum: 0, Workers: 15
[58,770s][debug][gc,phases         ] GC(54)       Clear Logged Cards (ms):       Min: 0,00, Avg: 0,08, Max: 0,15, Diff: 0,15, Sum: 0,64, Workers: 8
[58,770s][debug][gc,phases         ] GC(54)       Recalculate Used Memory (ms):  Min: 0,00, Avg: 0,00, Max: 0,00, Diff: 0,00, Sum: 0,00, Workers: 1
[58,770s][debug][gc,phases         ] GC(54)     Post Evacuate Cleanup 2: 0,29ms
[58,770s][debug][gc,phases         ] GC(54)       Update Derived Pointers (ms):  Min: 0,01, Avg: 0,01, Max: 0,01, Diff: 0,00, Sum: 0,01, Workers: 1
[58,770s][debug][gc,phases         ] GC(54)       Eagerly Reclaim Humongous Objects (ms): skipped
[58,770s][debug][gc,phases         ] GC(54)         Humongous Total                skipped
[58,770s][debug][gc,phases         ] GC(54)         Humongous Candidates           skipped
[58,770s][debug][gc,phases         ] GC(54)         Humongous Reclaimed            skipped
[58,770s][debug][gc,phases         ] GC(54)       Redirty Logged Cards (ms):     Min: 0,00, Avg: 0,00, Max: 0,02, Diff: 0,02, Sum: 0,06, Workers: 15
[58,770s][debug][gc,phases         ] GC(54)         Redirtied Cards:               Min: 0, Avg: 172,8, Max: 1007, Diff: 1007, Sum: 2592, Workers: 15
[58,770s][debug][gc,phases         ] GC(54)       Resize TLABs (ms):             Min: 0,00, Avg: 0,00, Max: 0,00, Diff: 0,00, Sum: 0,01, Workers: 15
[58,770s][debug][gc,phases         ] GC(54)       Free Collection Set (ms):      Min: 0,01, Avg: 0,09, Max: 0,20, Diff: 0,19, Sum: 1,37, Workers: 15
[58,770s][debug][gc,phases         ] GC(54)     Rebuild Free List: 0,03ms
[58,770s][debug][gc,phases         ] GC(54)     Prepare For Mutator: 0,06ms
[58,770s][debug][gc,phases         ] GC(54)     Expand Heap After Collection: 0,00ms
[58,770s][info ][gc,phases         ] GC(54)   Other: 0,42ms
[58,770s][debug][gc,remset         ] GC(54) Coarsening (recent): Inline->AoC 0 (0) AoC->Howl 0 (0) Howl->Full 0 (0) Inline->AoC 0 (0) AoC->BitMap 0 (0) BitMap->Full 0 (0) 
[58,770s][debug][gc,remset         ] GC(54) Coarsening (all): Inline->AoC 6767 (0) AoC->Howl 3113 (0) Howl->Full 896 (0) Inline->AoC 18783 (0) AoC->BitMap 18032 (0) BitMap->Full 3785 (0) 
[58,770s][info ][gc,heap           ] GC(54) Eden regions: 571->0(515)
[58,770s][info ][gc,heap           ] GC(54) Survivor regions: 89->69(83)
[58,770s][info ][gc,heap           ] GC(54) Old regions: 314->404
[58,770s][info ][gc,heap           ] GC(54) Humongous regions: 0->0
[58,770s][info ][gc,metaspace      ] GC(54) Metaspace: 20772K(21120K)->20772K(21120K) NonClass: 18154K(18304K)->18154K(18304K) Class: 2617K(2816K)->2617K(2816K)
[58,770s][debug][gc,heap           ] GC(54) Heap after GC invocations=55 (full 0):
[58,770s][debug][gc,heap           ] GC(54)  garbage-first heap   total reserved 8388608K, committed 5242880K, used 1932321K [0x0000000600000000, 0x0000000800000000)
[58,770s][debug][gc,heap           ] GC(54)   region size 4096K, 69 young (282624K), 69 survivors (282624K)
[58,770s][debug][gc,heap           ] GC(54)  Metaspace       used 20772K, committed 21120K, reserved 1114112K
[58,770s][debug][gc,heap           ] GC(54)   class space    used 2617K, committed 2816K, reserved 1048576K
[58,770s][info ][gc                ] GC(54) Pause Young (Concurrent Start) (G1 Evacuation Pause) 3891M->1887M(5120M) 63,580ms
[58,770s][info ][gc,cpu            ] GC(54) User=0,90s Sys=0,00s Real=0,06s
[58,770s][debug][gc,task           ] G1 Service Thread (Card Set Free Memory Task) (run: 1,498ms) (cpu: 0,127ms)
[58,770s][info ][gc                ] GC(55) Concurrent Mark Cycle
[58,771s][info ][gc,marking        ] GC(55) Concurrent Scan Root Regions
[58,771s][debug][gc,ergo           ] GC(55) Running G1 Root Region Scan using 4 workers for 162 work units.
[58,771s][debug][gc,refine         ] Concurrent refinement: wanted 0, cards: 2592, predicted: 4324, time: 1592,96ms
[58,815s][info ][gc,marking        ] GC(55) Concurrent Scan Root Regions 44,388ms
[58,815s][info ][gc,marking        ] GC(55) Concurrent Mark
[58,815s][info ][gc,marking        ] GC(55) Concurrent Mark From Roots
[58,815s][info ][gc,task           ] GC(55) Using 4 workers of 4 for marking
[58,930s][debug][gc,refine         ] Concurrent refinement: wanted 0, cards: 2592, predicted: 4260, time: 1534,14ms
[58,954s][debug][gc,stats          ] ---------------------------------------------------------------------
[58,954s][debug][gc,stats          ] Marking Stats, task = 0, calls = 15
[58,954s][debug][gc,stats          ]   Elapsed time = 138,78ms, Termination time = 0,02ms
[58,954s][debug][gc,stats          ]   Step Times (cum): num = 220, avg = 2,90ms, sd = 4,36ms max = 12,02ms, total = 637,26ms
[58,954s][debug][gc,stats          ]   Mark Stats Cache: hits 2377691 misses 1 ratio 100,000
[58,954s][debug][gc,stats          ] ---------------------------------------------------------------------
[58,954s][debug][gc,stats          ] Marking Stats, task = 1, calls = 15
[58,954s][debug][gc,stats          ]   Elapsed time = 138,78ms, Termination time = 0,02ms
[58,954s][debug][gc,stats          ]   Step Times (cum): num = 93, avg = 6,78ms, sd = 4,28ms max = 12,01ms, total = 630,23ms
[58,954s][debug][gc,stats          ]   Mark Stats Cache: hits 2983606 misses 1 ratio 100,000
[58,954s][debug][gc,stats          ] ---------------------------------------------------------------------
[58,954s][debug][gc,stats          ] Marking Stats, task = 2, calls = 15
[58,954s][debug][gc,stats          ]   Elapsed time = 138,74ms, Termination time = 0,02ms
[58,954s][debug][gc,stats          ]   Step Times (cum): num = 93, avg = 6,84ms, sd = 4,28ms max = 12,00ms, total = 636,56ms
[58,954s][debug][gc,stats          ]   Mark Stats Cache: hits 2983709 misses 1 ratio 100,000
[58,954s][debug][gc,stats          ] ---------------------------------------------------------------------
[58,954s][debug][gc,stats          ] Marking Stats, task = 3, calls = 15
[58,954s][debug][gc,stats          ]   Elapsed time = 138,74ms, Termination time = 0,02ms
[58,954s][debug][gc,stats          ]   Step Times (cum): num = 94, avg = 6,79ms, sd = 4,31ms max = 12,01ms, total = 638,58ms
[58,954s][debug][gc,stats          ]   Mark Stats Cache: hits 2981671 misses 1 ratio 100,000
[58,954s][debug][gc,stats          ] ---------------------------------------------------------------------
[58,954s][info ][gc,marking        ] GC(55) Concurrent Mark From Roots 139,054ms
[58,954s][info ][gc,marking        ] GC(55) Concurrent Preclean
[58,954s][debug][gc,ref,start      ] GC(55) Preclean SoftReferences
[58,954s][debug][gc,ref            ] GC(55) Preclean SoftReferences 0,011ms
[58,954s][debug][gc,ref,start      ] GC(55) Preclean WeakReferences
[58,954s][debug][gc,ref            ] GC(55) Preclean WeakReferences 0,041ms
[58,954s][debug][gc,ref,start      ] GC(55) Preclean FinalReferences
[58,954s][debug][gc,ref            ] GC(55) Preclean FinalReferences 0,009ms
[58,954s][debug][gc,ref,start      ] GC(55) Preclean PhantomReferences
[58,954s][debug][gc,ref            ] GC(55) Preclean PhantomReferences 0,042ms
[58,954s][info ][gc,marking        ] GC(55) Concurrent Preclean 0,151ms
[58,955s][info ][gc,start          ] GC(55) Pause Remark
[58,955s][debug][gc,phases,start   ] GC(55) Finalize Marking
[58,955s][debug][gc,stats          ] ---------------------------------------------------------------------
[58,955s][debug][gc,stats          ] Marking Stats, task = 0, calls = 16
[58,955s][debug][gc,stats          ]   Elapsed time = 0,21ms, Termination time = 0,21ms
[58,955s][debug][gc,stats          ]   Step Times (cum): num = 221, avg = 2,88ms, sd = 4,36ms max = 12,02ms, total = 637,29ms
[58,955s][debug][gc,stats          ]   Mark Stats Cache: hits 2377691 misses 1 ratio 100,000
[58,955s][debug][gc,stats          ] ---------------------------------------------------------------------
[58,955s][debug][gc,stats          ] Marking Stats, task = 1, calls = 16
[58,955s][debug][gc,stats          ]   Elapsed time = 0,34ms, Termination time = 0,34ms
[58,955s][debug][gc,stats          ]   Step Times (cum): num = 94, avg = 6,70ms, sd = 4,32ms max = 12,01ms, total = 630,23ms
[58,955s][debug][gc,stats          ]   Mark Stats Cache: hits 2983606 misses 1 ratio 100,000
[58,955s][debug][gc,stats          ] ---------------------------------------------------------------------
[58,955s][debug][gc,stats          ] Marking Stats, task = 2, calls = 16
[58,955s][debug][gc,stats          ]   Elapsed time = 0,11ms, Termination time = 0,12ms
[58,955s][debug][gc,stats          ]   Step Times (cum): num = 94, avg = 6,77ms, sd = 4,32ms max = 12,00ms, total = 636,58ms
[58,955s][debug][gc,stats          ]   Mark Stats Cache: hits 2983709 misses 1 ratio 100,000
[58,955s][debug][gc,stats          ] ---------------------------------------------------------------------
[58,955s][debug][gc,stats          ] Marking Stats, task = 3, calls = 16
[58,955s][debug][gc,stats          ]   Elapsed time = 0,10ms, Termination time = 0,10ms
[58,955s][debug][gc,stats          ]   Step Times (cum): num = 95, avg = 6,72ms, sd = 4,34ms max = 12,01ms, total = 638,63ms
[58,955s][debug][gc,stats          ]   Mark Stats Cache: hits 2981671 misses 1 ratio 100,000
[58,955s][debug][gc,stats          ] ---------------------------------------------------------------------
[58,955s][debug][gc,stats          ] Marking Stats, task = 4, calls = 1
[58,955s][debug][gc,stats          ]   Elapsed time = 0,11ms, Termination time = 0,10ms
[58,955s][debug][gc,stats          ]   Step Times (cum): num = 15, avg = 0,03ms, sd = 0,01ms max = 0,05ms, total = 0,50ms
[58,955s][debug][gc,stats          ]   Mark Stats Cache: hits 2 misses 0 ratio 100,000
[58,955s][debug][gc,stats          ] ---------------------------------------------------------------------
[58,955s][debug][gc,stats          ] Marking Stats, task = 5, calls = 1
[58,955s][debug][gc,stats          ]   Elapsed time = 0,13ms, Termination time = 0,13ms
[58,955s][debug][gc,stats          ]   Step Times (cum): num = 15, avg = 0,04ms, sd = 0,02ms max = 0,08ms, total = 0,54ms
[58,955s][debug][gc,stats          ]   Mark Stats Cache: hits 0 misses 0 ratio 0,000
[58,955s][debug][gc,stats          ] ---------------------------------------------------------------------
[58,955s][debug][gc,stats          ] Marking Stats, task = 6, calls = 1
[58,955s][debug][gc,stats          ]   Elapsed time = 0,13ms, Termination time = 0,12ms
[58,955s][debug][gc,stats          ]   Step Times (cum): num = 15, avg = 0,04ms, sd = 0,02ms max = 0,10ms, total = 0,60ms
[58,955s][debug][gc,stats          ]   Mark Stats Cache: hits 6 misses 0 ratio 100,000
[58,955s][debug][gc,stats          ] ---------------------------------------------------------------------
[58,955s][debug][gc,stats          ] Marking Stats, task = 7, calls = 1
[58,955s][debug][gc,stats          ]   Elapsed time = 0,12ms, Termination time = 0,11ms
[58,955s][debug][gc,stats          ]   Step Times (cum): num = 15, avg = 0,04ms, sd = 0,02ms max = 0,08ms, total = 0,65ms
[58,955s][debug][gc,stats          ]   Mark Stats Cache: hits 10 misses 0 ratio 100,000
[58,955s][debug][gc,stats          ] ---------------------------------------------------------------------
[58,955s][debug][gc,stats          ] Marking Stats, task = 8, calls = 1
[58,955s][debug][gc,stats          ]   Elapsed time = 0,12ms, Termination time = 0,11ms
[58,955s][debug][gc,stats          ]   Step Times (cum): num = 15, avg = 0,04ms, sd = 0,01ms max = 0,06ms, total = 0,60ms
[58,955s][debug][gc,stats          ]   Mark Stats Cache: hits 0 misses 0 ratio 0,000
[58,955s][debug][gc,stats          ] ---------------------------------------------------------------------
[58,955s][debug][gc,stats          ] Marking Stats, task = 9, calls = 1
[58,955s][debug][gc,stats          ]   Elapsed time = 0,15ms, Termination time = 0,14ms
[58,955s][debug][gc,stats          ]   Step Times (cum): num = 15, avg = 0,04ms, sd = 0,01ms max = 0,06ms, total = 0,64ms
[58,955s][debug][gc,stats          ]   Mark Stats Cache: hits 0 misses 0 ratio 0,000
[58,955s][debug][gc,stats          ] ---------------------------------------------------------------------
[58,955s][debug][gc,stats          ] Marking Stats, task = 10, calls = 1
[58,955s][debug][gc,stats          ]   Elapsed time = 0,15ms, Termination time = 0,14ms
[58,955s][debug][gc,stats          ]   Step Times (cum): num = 15, avg = 0,04ms, sd = 0,01ms max = 0,06ms, total = 0,65ms
[58,955s][debug][gc,stats          ]   Mark Stats Cache: hits 0 misses 0 ratio 0,000
[58,955s][debug][gc,stats          ] ---------------------------------------------------------------------
[58,955s][debug][gc,stats          ] Marking Stats, task = 11, calls = 1
[58,956s][debug][gc,stats          ]   Elapsed time = 0,03ms, Termination time = 0,02ms
[58,956s][debug][gc,stats          ]   Step Times (cum): num = 15, avg = 0,05ms, sd = 0,01ms max = 0,06ms, total = 0,72ms
[58,956s][debug][gc,stats          ]   Mark Stats Cache: hits 0 misses 0 ratio 0,000
[58,956s][debug][gc,stats          ] ---------------------------------------------------------------------
[58,956s][debug][gc,stats          ] Marking Stats, task = 12, calls = 1
[58,956s][debug][gc,stats          ]   Elapsed time = 0,03ms, Termination time = 0,02ms
[58,956s][debug][gc,stats          ]   Step Times (cum): num = 15, avg = 0,04ms, sd = 0,02ms max = 0,06ms, total = 0,54ms
[58,956s][debug][gc,stats          ]   Mark Stats Cache: hits 0 misses 0 ratio 0,000
[58,956s][debug][gc,stats          ] ---------------------------------------------------------------------
[58,956s][debug][gc,stats          ] Marking Stats, task = 13, calls = 1
[58,956s][debug][gc,stats          ]   Elapsed time = 0,02ms, Termination time = 0,01ms
[58,956s][debug][gc,stats          ]   Step Times (cum): num = 15, avg = 0,03ms, sd = 0,03ms max = 0,06ms, total = 0,45ms
[58,956s][debug][gc,stats          ]   Mark Stats Cache: hits 0 misses 0 ratio 0,000
[58,956s][debug][gc,stats          ] ---------------------------------------------------------------------
[58,956s][debug][gc,stats          ] Marking Stats, task = 14, calls = 1
[58,956s][debug][gc,stats          ]   Elapsed time = 0,03ms, Termination time = 0,02ms
[58,956s][debug][gc,stats          ]   Step Times (cum): num = 15, avg = 0,03ms, sd = 0,02ms max = 0,06ms, total = 0,45ms
[58,956s][debug][gc,stats          ]   Mark Stats Cache: hits 0 misses 0 ratio 0,000
[58,956s][debug][gc,stats          ] ---------------------------------------------------------------------
[58,956s][debug][gc,phases         ] GC(55) Finalize Marking 1,089ms
[58,956s][debug][gc,phases,start   ] GC(55) Reference Processing
[58,956s][debug][gc,ref            ] GC(55) ReferenceProcessor::execute queues: 1, RefProcThreadModel::Single, marks_oops_alive: false
[58,956s][debug][gc,ref            ] GC(55) ReferenceProcessor::execute queues: 15, RefProcThreadModel::Multi, marks_oops_alive: true
[58,956s][debug][gc,ref            ] GC(55) Skipped PhantomRefsPhase of Reference Processing: no references
[58,956s][debug][gc,phases,ref     ] GC(55) Reference Processing: 0,4ms
[58,956s][debug][gc,phases,ref     ] GC(55)   Notify Soft/WeakReferences: 0,1ms
[58,956s][debug][gc,phases,ref     ] GC(55)     SoftRef (ms):                  Min: 0,00, Avg: 0,00, Max: 0,00, Diff: 0,00, Sum: 0,00, Workers: 1
[58,956s][debug][gc,phases,ref     ] GC(55)     WeakRef (ms):                  Min: 0,00, Avg: 0,00, Max: 0,00, Diff: 0,00, Sum: 0,00, Workers: 1
[58,956s][debug][gc,phases,ref     ] GC(55)     FinalRef (ms):                 Min: 0,00, Avg: 0,00, Max: 0,00, Diff: 0,00, Sum: 0,00, Workers: 1
[58,956s][debug][gc,phases,ref     ] GC(55)     Total (ms):                    Min: 0,02, Avg: 0,02, Max: 0,02, Diff: 0,00, Sum: 0,02, Workers: 1
[58,956s][debug][gc,phases,ref     ] GC(55)   Notify and keep alive finalizable: 0,3ms
[58,956s][debug][gc,phases,ref     ] GC(55)     Balance queues: 0,0ms
[58,956s][debug][gc,phases,ref     ] GC(55)     FinalRef (ms):                 Min: 0,09, Avg: 0,16, Max: 0,26, Diff: 0,16, Sum: 2,42, Workers: 15
[58,956s][debug][gc,phases,ref     ] GC(55)   Notify PhantomReferences: 0,0ms
[58,956s][debug][gc,phases,ref     ] GC(55)     PhantomRef (ms):               skipped
[58,956s][debug][gc,phases,ref     ] GC(55)   SoftReference Discovered: 0, Dropped: 0, Processed: 0
[58,956s][debug][gc,phases,ref     ] GC(55)   WeakReference Discovered: 0, Dropped: 0, Processed: 0
[58,956s][debug][gc,phases,ref     ] GC(55)   FinalReference Discovered: 3, Dropped: 0, Processed: 3
[58,956s][debug][gc,phases,ref     ] GC(55)   PhantomReference Discovered: 0, Dropped: 0, Processed: 0
[58,956s][debug][gc,phases         ] GC(55) Reference Processing 0,576ms
[58,956s][debug][gc,phases,start   ] GC(55) Weak Processing
[58,956s][debug][gc,phases         ] GC(55)   VM Weak                        Min: 0,00, Avg: 0,00, Max: 0,00, Diff: 0,00, Sum: 0,01, Workers: 15
[58,956s][debug][gc,phases         ] GC(55)     Dead                           Min: 0, Avg:  0,0, Max: 0, Diff: 0, Sum: 0, Workers: 15
[58,956s][debug][gc,phases         ] GC(55)     Total                          Min: 0, Avg: 11,3, Max: 106, Diff: 106, Sum: 170, Workers: 15
[58,956s][debug][gc,phases         ] GC(55)   ObjectSynchronizer Weak        Min: 0,00, Avg: 0,00, Max: 0,00, Diff: 0,00, Sum: 0,01, Workers: 15
[58,956s][debug][gc,phases         ] GC(55)     Dead                           Min: 0, Avg:  0,0, Max: 0, Diff: 0, Sum: 0, Workers: 15
[58,956s][debug][gc,phases         ] GC(55)     Total                          Min: 0, Avg:  2,2, Max: 33, Diff: 33, Sum: 33, Workers: 15
[58,956s][debug][gc,phases         ] GC(55)   JVMTI Tag Weak OopStorage      Min: 0,00, Avg: 0,00, Max: 0,00, Diff: 0,00, Sum: 0,00, Workers: 15
[58,956s][debug][gc,phases         ] GC(55)     Dead                           Min: 0, Avg:  0,0, Max: 0, Diff: 0, Sum: 0, Workers: 15
[58,956s][debug][gc,phases         ] GC(55)     Total                          Min: 0, Avg:  0,0, Max: 0, Diff: 0, Sum: 0, Workers: 15
[58,956s][debug][gc,phases         ] GC(55)   StringTable Weak               Min: 0,00, Avg: 0,01, Max: 0,04, Diff: 0,04, Sum: 0,13, Workers: 15
[58,956s][debug][gc,phases         ] GC(55)     Dead                           Min: 0, Avg:  0,0, Max: 0, Diff: 0, Sum: 0, Workers: 15
[58,957s][debug][gc,phases         ] GC(55)     Total                          Min: 0, Avg: 567,5, Max: 3840, Diff: 3840, Sum: 8512, Workers: 15
[58,957s][debug][gc,phases         ] GC(55)   ResolvedMethodTable Weak       Min: 0,00, Avg: 0,00, Max: 0,01, Diff: 0,01, Sum: 0,03, Workers: 15
[58,957s][debug][gc,phases         ] GC(55)     Dead                           Min: 0, Avg:  0,0, Max: 0, Diff: 0, Sum: 0, Workers: 15
[58,957s][debug][gc,phases         ] GC(55)     Total                          Min: 0, Avg: 113,7, Max: 700, Diff: 700, Sum: 1706, Workers: 15
[58,957s][debug][gc,phases         ] GC(55)   JNI Weak                       Min: 0,00, Avg: 0,00, Max: 0,00, Diff: 0,00, Sum: 0,00, Workers: 15
[58,957s][debug][gc,phases         ] GC(55)     Dead                           Min: 0, Avg:  0,0, Max: 0, Diff: 0, Sum: 0, Workers: 15
[58,957s][debug][gc,phases         ] GC(55)     Total                          Min: 0, Avg:  0,0, Max: 0, Diff: 0, Sum: 0, Workers: 15
[58,957s][debug][gc,phases         ] GC(55)   StringDedup Table Weak         Min: 0,00, Avg: 0,01, Max: 0,03, Diff: 0,03, Sum: 0,22, Workers: 15
[58,957s][debug][gc,phases         ] GC(55)     Dead                           Min: 0, Avg:  0,1, Max: 1, Diff: 1, Sum: 1, Workers: 15
[58,957s][debug][gc,phases         ] GC(55)     Total                          Min: 0, Avg: 877,6, Max: 3456, Diff: 3456, Sum: 13164, Workers: 15
[58,957s][debug][gc,phases         ] GC(55)   StringDedup Requests0 Weak     Min: 0,00, Avg: 0,00, Max: 0,00, Diff: 0,00, Sum: 0,01, Workers: 15
[58,957s][debug][gc,phases         ] GC(55)     Dead                           Min: 0, Avg:  0,0, Max: 0, Diff: 0, Sum: 0, Workers: 15
[58,957s][debug][gc,phases         ] GC(55)     Total                          Min: 0, Avg:  0,0, Max: 0, Diff: 0, Sum: 0, Workers: 15
[58,957s][debug][gc,phases         ] GC(55)   StringDedup Requests1 Weak     Min: 0,00, Avg: 0,00, Max: 0,00, Diff: 0,00, Sum: 0,00, Workers: 15
[58,957s][debug][gc,phases         ] GC(55)     Dead                           Min: 0, Avg:  0,0, Max: 0, Diff: 0, Sum: 0, Workers: 15
[58,957s][debug][gc,phases         ] GC(55)     Total                          Min: 0, Avg:  0,0, Max: 0, Diff: 0, Sum: 0, Workers: 15
[58,957s][debug][gc,phases         ] GC(55)   Weak JFR Old Object Samples    Min: 0,00, Avg: 0,00, Max: 0,00, Diff: 0,00, Sum: 0,00, Workers: 15
[58,957s][debug][gc,phases         ] GC(55)     Dead                           Min: 0, Avg:  0,0, Max: 0, Diff: 0, Sum: 0, Workers: 15
[58,957s][debug][gc,phases         ] GC(55)     Total                          Min: 0, Avg:  0,0, Max: 0, Diff: 0, Sum: 0, Workers: 15
[58,957s][debug][gc,phases         ] GC(55) Weak Processing 0,435ms
[58,957s][debug][gc,phases,start   ] GC(55) Class Unloading
[58,957s][debug][gc,phases,start   ] GC(55) ClassLoaderData
[58,957s][debug][gc,phases         ] GC(55) ClassLoaderData 0,032ms
[58,957s][debug][gc,phases,start   ] GC(55) Trigger cleanups
[58,957s][debug][gc,phases         ] GC(55) Trigger cleanups 0,009ms
[58,957s][debug][gc,phases,start   ] GC(55) G1 Complete Cleaning
[58,957s][debug][gc,phases         ] GC(55) G1 Complete Cleaning 0,674ms
[58,957s][debug][gc,phases,start   ] GC(55) Purge Unlinked NMethods
[58,958s][debug][gc,phases         ] GC(55) Purge Unlinked NMethods 0,055ms
[58,958s][debug][gc,phases,start   ] GC(55) Free Code Blobs
[58,958s][debug][gc,phases         ] GC(55) Free Code Blobs 0,023ms
[58,958s][debug][gc,phases,start   ] GC(55) Purge Class Loader Data
[58,958s][debug][gc,phases         ] GC(55) Purge Class Loader Data 0,011ms
[58,958s][debug][gc,phases         ] GC(55) Class Unloading 0,902ms
[58,958s][debug][gc,phases,start   ] GC(55) Flush Task Caches
[58,958s][debug][gc,stats          ] Mark stats cache hits 11326698 misses 4 ratio 100,000
[58,958s][debug][gc,phases         ] GC(55) Flush Task Caches 0,057ms
[58,958s][debug][gc,phases,start   ] GC(55) Update Remembered Set Tracking Before Rebuild
[58,958s][debug][gc,ergo           ] GC(55) Running G1 Update RemSet Tracking Before Rebuild using 4 workers for 1280 regions in heap
[58,958s][debug][gc,remset,tracking] GC(55) Remembered Set Tracking update regions total 1280, selected 70
[58,958s][debug][gc,phases         ] GC(55) Update Remembered Set Tracking Before Rebuild 0,221ms
[58,958s][debug][gc,phases,start   ] GC(55) Reclaim Empty Regions
[58,958s][debug][gc                ] GC(55) Reclaimed 118 empty regions
[58,958s][debug][gc,phases         ] GC(55) Reclaim Empty Regions 0,394ms
[58,958s][debug][gc,phases,start   ] GC(55) Report Object Count
[58,958s][debug][gc,phases         ] GC(55) Report Object Count 0,011ms
[58,958s][debug][gc,mmu            ] GC(55) MMU: 15,3ms (200,0ms/201,0ms)
[58,958s][info ][gc                ] GC(55) Pause Remark 1977M->1505M(5120M) 3,838ms
[58,958s][info ][gc,cpu            ] GC(55) User=0,00s Sys=0,02s Real=0,00s
[58,958s][info ][gc,marking        ] GC(55) Concurrent Mark 143,251ms
[58,958s][info ][gc,marking        ] GC(55) Concurrent Rebuild Remembered Sets and Scrub Regions
[59,086s][debug][gc,refine         ] Concurrent refinement: wanted 0, cards: 2592, predicted: 4193, time: 1472,21ms
[59,239s][debug][gc,refine         ] Concurrent refinement: wanted 0, cards: 2592, predicted: 3991, time: 1286,95ms
[59,358s][info ][gc,marking        ] GC(55) Concurrent Rebuild Remembered Sets and Scrub Regions 399,810ms
[59,358s][info ][gc,start          ] GC(55) Pause Cleanup
[59,358s][debug][gc,phases,start   ] GC(55) Update Remembered Set Tracking After Rebuild
[59,358s][debug][gc,phases         ] GC(55) Update Remembered Set Tracking After Rebuild 0,040ms
[59,358s][debug][gc,phases,start   ] GC(55) Finalize Concurrent Mark Cleanup
[59,359s][debug][gc,ergo,cset      ] GC(55) Pruned 61 regions out of 70, leaving 222865080 bytes waste (allowed 268435456)
[59,359s][debug][gc,mmu            ] GC(55) MMU: 0,3ms (200,0ms/201,0ms)
[59,359s][debug][gc,phases         ] GC(55) Finalize Concurrent Mark Cleanup 0,207ms
[59,359s][info ][gc                ] GC(55) Pause Cleanup 2645M->2645M(5120M) 0,324ms
[59,359s][info ][gc,cpu            ] GC(55) User=0,00s Sys=0,00s Real=0,00s
[59,359s][info ][gc,marking        ] GC(55) Concurrent Clear Claimed Marks
[59,359s][info ][gc,marking        ] GC(55) Concurrent Clear Claimed Marks 0,055ms
[59,359s][info ][gc,marking        ] GC(55) Concurrent Cleanup for Next Mark
[59,359s][debug][gc,ergo           ] GC(55) Running G1 Clear Bitmap with 4 workers for 80 work units.
[59,361s][info ][gc,marking        ] GC(55) Concurrent Cleanup for Next Mark 2,574ms
[59,361s][info ][gc                ] GC(55) Concurrent Mark Cycle 591,151ms
[59,383s][debug][gc,refine         ] Concurrent refinement: wanted 0, cards: 2592, predicted: 3282, time: 634,71ms
[59,423s][debug][gc,task,start     ] G1 Service Thread (Periodic GC Task) (run 0,813ms after schedule)
[59,423s][debug][gc,task           ] G1 Service Thread (Periodic GC Task) (run: 0,046ms) (cpu: 0,076ms)
[59,483s][debug][gc,refine         ] Concurrent refinement: wanted 0, cards: 2592, predicted: 3267, time: 620,78ms
[59,582s][debug][gc,refine         ] Concurrent refinement: wanted 0, cards: 2592, predicted: 3255, time: 609,94ms
[59,681s][debug][gc,refine         ] Concurrent refinement: wanted 0, cards: 2592, predicted: 3216, time: 574,33ms
[59,776s][debug][gc,refine         ] Concurrent refinement: wanted 0, cards: 2592, predicted: 3171, time: 532,54ms
[59,868s][debug][gc,refine         ] Concurrent refinement: wanted 0, cards: 2592, predicted: 3125, time: 490,74ms
[59,956s][debug][gc,refine         ] Concurrent refinement: wanted 0, cards: 2592, predicted: 3083, time: 452,04ms
[60,042s][debug][gc,refine         ] Concurrent refinement: wanted 0, cards: 2592, predicted: 3043, time: 414,88ms
[60,123s][debug][gc,refine         ] Concurrent refinement: wanted 0, cards: 2592, predicted: 3004, time: 379,28ms
[60,200s][debug][gc,refine         ] Concurrent refinement: wanted 0, cards: 2592, predicted: 2967, time: 345,22ms
[60,274s][debug][gc,refine         ] Concurrent refinement: wanted 0, cards: 2592, predicted: 2932, time: 312,71ms
[60,345s][debug][gc,refine         ] Concurrent refinement: wanted 0, cards: 2592, predicted: 2896, time: 280,20ms
[60,411s][debug][gc,refine         ] Concurrent refinement: wanted 0, cards: 2592, predicted: 2866, time: 252,34ms
[60,423s][debug][gc,task,start     ] G1 Service Thread (Periodic GC Task) (run 0,169ms after schedule)
[60,423s][debug][gc,task           ] G1 Service Thread (Periodic GC Task) (run: 0,066ms) (cpu: 0,093ms)
[60,474s][debug][gc,refine         ] Concurrent refinement: wanted 0, cards: 2592, predicted: 2834, time: 222,92ms
[60,534s][debug][gc,refine         ] Concurrent refinement: wanted 0, cards: 2592, predicted: 2805, time: 196,60ms
[60,590s][debug][gc,refine         ] Concurrent refinement: wanted 0, cards: 2592, predicted: 2778, time: 171,84ms
[60,636s][info ][gc,start          ] GC(56) Pause Young (Prepare Mixed) (G1 Evacuation Pause)
[60,636s][debug][gc,heap           ] GC(56) Heap before GC invocations=56 (full 0):
[60,636s][debug][gc,heap           ] GC(56)  garbage-first heap   total reserved 8388608K, committed 5242880K, used 3554337K [0x0000000600000000, 0x0000000800000000)
[60,636s][debug][gc,heap           ] GC(56)   region size 4096K, 584 young (2392064K), 69 survivors (282624K)
[60,636s][debug][gc,heap           ] GC(56)  Metaspace       used 20772K, committed 21120K, reserved 1114112K
[60,636s][debug][gc,heap           ] GC(56)   class space    used 2617K, committed 2816K, reserved 1048576K
[60,636s][info ][gc,task           ] GC(56) Using 15 workers of 15 for evacuation
[60,636s][debug][gc,age            ] GC(56) Desired survivor size 153092096 bytes, new threshold 1 (max threshold 15)
[60,637s][debug][gc,tlab           ] GC(56) TLAB totals: thrds: 22  refills: 1344 max: 465 slow allocs: 543 max 44 waste:  0,7% gc: 10098760B max: 1370776B slow: 5008000B max: 800368B
[60,637s][debug][gc,refine,stats   ] GC(56) Mutator refinement: 0,00ms, refined: 0, precleaned: 0, dirtied: 568
[60,637s][debug][gc,refine,stats   ] GC(56) Concurrent refinement: 0,00ms, refined: 0, precleaned: 0, dirtied: 0
[60,637s][debug][gc,refine,stats   ] GC(56) Total refinement: 0,00ms, refined: 0, precleaned: 0, dirtied: 568
[60,637s][debug][gc,refine,stats   ] GC(56) Generate dirty cards rate: 0,30 cards/ms
[60,637s][debug][gc,alloc,region   ] GC(56) Mutator Allocation stats, regions: 515, wasted size: 0B ( 0,0%)
[60,637s][debug][gc,ergo,cset      ] GC(56) Do not add marking candidates to collection set due to pause type.
[60,637s][debug][gc,ergo,cset      ] GC(56) Start adding retained candidates to collection set. Min 1 regions, available 0, time remaining 40,00ms, optional remaining 40,00ms
[60,637s][debug][gc,ergo,cset      ] GC(56) Retained candidates exhausted.
[60,637s][debug][gc,ergo,cset      ] GC(56) Finish adding retained candidates to collection set. Initial: 0, optional: 0, pinned: 0, predicted initial time: 0,00ms, predicted optional time: 0,00ms, time remaining: 40,00ms optional time remaining 40,00ms
[60,637s][debug][gc,ergo           ] GC(56) Running G1 Merge Heap Roots using 15 workers for 584 regions
[60,638s][debug][gc,remset         ] GC(56) Visited cards 140160 Total dirty 1179648 (11,88%) Total old 11911168 (1,18%)
[60,679s][debug][gc,ref            ] GC(56) ReferenceProcessor::execute queues: 3, RefProcThreadModel::Multi, marks_oops_alive: false
[60,679s][debug][gc,ref            ] GC(56) ReferenceProcessor::execute queues: 15, RefProcThreadModel::Multi, marks_oops_alive: true
[60,679s][debug][gc,ref            ] GC(56) ReferenceProcessor::execute queues: 1, RefProcThreadModel::Single, marks_oops_alive: false
[60,680s][debug][gc,ergo           ] GC(56) Initializing removing self forwards with 128 chunks per region
[60,680s][debug][gc,ergo           ] GC(56) Running G1 Rebuild Free List Task using 15 workers for rebuilding free list of regions
[60,680s][debug][gc,plab           ] GC(56) Young PLAB allocation: allocated: 306184192B, wasted: 34144B, unused: 0B, used: 306150048B, undo waste: 0B, 
[60,680s][debug][gc,plab           ] GC(56) Young other allocation: region end waste: 0B, regions filled: 73, num plab filled: 161, direct allocated: 0B, num direct allocated: 0, failure used: 0B, failure wasted: 0B
[60,680s][debug][gc,plab           ] GC(56) Young sizing: calculated: 61230008B, actual: 60437264B
[60,680s][debug][gc,plab           ] GC(56) Old PLAB allocation: allocated: 157286400B, wasted: 11152B, unused: 10084376B, used: 147190872B, undo waste: 0B, 
[60,680s][debug][gc,plab           ] GC(56) Old other allocation: region end waste: 0B, regions filled: 38, num plab filled: 75, direct allocated: 0B, num direct allocated: 0, failure used: 757264B, failure wasted: 11825648B
[60,680s][debug][gc,plab           ] GC(56) Old sizing: calculated: 29438168B, actual: 41214080B
[60,680s][debug][gc,task,start     ] G1 Service Thread (Card Set Free Memory Task) (run 0,008ms after schedule)
[60,680s][debug][gc,ergo,heap      ] GC(56) Heap expansion: short term pause time ratio 0,07% long term pause time ratio 3,26% threshold 7,69% pause time ratio 7,69% fully expanded false resize by 0B
[60,680s][debug][gc,mmu            ] GC(56) MMU: 43,9ms (200,0ms/201,0ms)
[60,680s][debug][gc,alloc,stats    ] Old generation allocation in the last mutator period, old gen allocated: 169869312B, humongous allocated: 0B, old gen growth: 169869312B.
[60,680s][debug][gc,ihop           ] GC(56) Basic information (value update), threshold: 787312250B (14,66), target occupancy: 5368709120B, current occupancy: 1672513072B, recent allocation size: 169869312B, recent allocation duration: 1863,54ms, recent old gen allocation rate: 91154179,65B/s, recent marking phase length: 3662,21ms
[60,680s][debug][gc,ihop           ] GC(56) Adaptive IHOP information (value update), threshold: 787312250B (15,44), internal target occupancy: 5100273664B, occupancy: 1672513072B, additional buffer size: 2613051392B, predicted old gen allocation rate: 637451672,47B/s, predicted marking phase length: 2666,73ms, prediction active: true
[60,680s][debug][gc,ergo,refine    ] GC(56) GC refinement: goal: 225377 + 505 / 20,00ms, actual: 3160 / 0,25ms, 
[60,680s][debug][gc,ergo,refine    ] GC(56) Unchanged pending cards target: 225377
[60,680s][info ][gc,phases         ] GC(56)   Pre Evacuate Collection Set: 0,36ms
[60,680s][debug][gc,phases         ] GC(56)     Pre Evacuate Prepare: 0,09ms
[60,680s][debug][gc,phases         ] GC(56)       JT Retire TLABs And Flush Logs (ms): Min: 0,00, Avg: 0,01, Max: 0,02, Diff: 0,02, Sum: 0,02, Workers: 2
[60,680s][debug][gc,phases         ] GC(56)       Non-JT Flush Logs (ms):        Min: 0,01, Avg: 0,01, Max: 0,01, Diff: 0,00, Sum: 0,01, Workers: 1
[60,681s][debug][gc,phases         ] GC(56)     Choose Collection Set: 0,07ms
[60,681s][debug][gc,phases         ] GC(56)     Region Register: 0,20ms
[60,681s][debug][gc,phases         ] GC(56)     Prepare Heap Roots: 0,00ms
[60,681s][info ][gc,phases         ] GC(56)   Merge Heap Roots: 0,62ms
[60,681s][debug][gc,phases         ] GC(56)     Prepare Merge Heap Roots: 0,03ms
[60,681s][debug][gc,phases         ] GC(56)     Remembered Sets (ms):          Min: 0,09, Avg: 0,12, Max: 0,15, Diff: 0,06, Sum: 1,81, Workers: 15
[60,681s][debug][gc,phases         ] GC(56)       Eager Reclaim (ms):            skipped
[60,681s][debug][gc,phases         ] GC(56)       Merged Inline                  Min: 0, Avg: 17,3, Max: 192, Diff: 192, Sum: 259, Workers: 15
[60,681s][debug][gc,phases         ] GC(56)       Merged ArrayOfCards            Min: 0, Avg: 13,5, Max: 120, Diff: 120, Sum: 202, Workers: 15
[60,681s][debug][gc,phases         ] GC(56)       Merged Howl                    Min: 0, Avg:  0,0, Max: 0, Diff: 0, Sum: 0, Workers: 15
[60,681s][debug][gc,phases         ] GC(56)       Merged Full                    Min: 0, Avg:  0,0, Max: 0, Diff: 0, Sum: 0, Workers: 15
[60,681s][debug][gc,phases         ] GC(56)       Merged Howl Inline             Min: 0, Avg:  0,0, Max: 0, Diff: 0, Sum: 0, Workers: 15
[60,681s][debug][gc,phases         ] GC(56)       Merged Howl ArrayOfCards       Min: 0, Avg:  0,0, Max: 0, Diff: 0, Sum: 0, Workers: 15
[60,681s][debug][gc,phases         ] GC(56)       Merged Howl BitMap             Min: 0, Avg:  0,0, Max: 0, Diff: 0, Sum: 0, Workers: 15
[60,681s][debug][gc,phases         ] GC(56)       Merged Howl Full               Min: 0, Avg:  0,0, Max: 0, Diff: 0, Sum: 0, Workers: 15
[60,681s][debug][gc,phases         ] GC(56)       Merged Cards                   Min: 8, Avg: 179,2, Max: 1508, Diff: 1500, Sum: 2688, Workers: 15
[60,681s][debug][gc,phases         ] GC(56)     Log Buffers (ms):              Min: 0,00, Avg: 0,01, Max: 0,03, Diff: 0,03, Sum: 0,16, Workers: 15
[60,681s][debug][gc,phases         ] GC(56)       Dirty Cards:                   Min: 0, Avg: 210,7, Max: 839, Diff: 839, Sum: 3160, Workers: 15
[60,681s][debug][gc,phases         ] GC(56)       Skipped Cards:                 Min: 0, Avg:  0,0, Max: 0, Diff: 0, Sum: 0, Workers: 15
[60,681s][info ][gc,phases         ] GC(56)   Evacuate Collection Set: 41,17ms
[60,681s][debug][gc,phases         ] GC(56)     Ext Root Scanning (ms):        Min: 0,01, Avg: 0,07, Max: 0,19, Diff: 0,18, Sum: 1,03, Workers: 15
[60,681s][debug][gc,phases         ] GC(56)     Scan Heap Roots (ms):          Min: 0,01, Avg: 0,24, Max: 0,33, Diff: 0,32, Sum: 3,58, Workers: 15
[60,681s][debug][gc,phases         ] GC(56)       Scanned Cards:                 Min: 7, Avg: 187,2, Max: 283, Diff: 276, Sum: 2808, Workers: 15
[60,681s][debug][gc,phases         ] GC(56)       Scanned Blocks:                Min: 5, Avg: 160,2, Max: 257, Diff: 252, Sum: 2403, Workers: 15
[60,681s][debug][gc,phases         ] GC(56)       Claimed Chunks:                Min: 5, Avg: 146,0, Max: 254, Diff: 249, Sum: 2190, Workers: 15
[60,681s][debug][gc,phases         ] GC(56)       Found Roots:                   Min: 14, Avg: 253,1, Max: 521, Diff: 507, Sum: 3796, Workers: 15
[60,681s][debug][gc,phases         ] GC(56)     Code Root Scan (ms):           Min: 0,03, Avg: 0,03, Max: 0,04, Diff: 0,01, Sum: 0,49, Workers: 15
[60,681s][debug][gc,phases         ] GC(56)       Scanned Nmethods               Min: 0, Avg:  0,0, Max: 0, Diff: 0, Sum: 0, Workers: 15
[60,681s][debug][gc,phases         ] GC(56)     Object Copy (ms):              Min: 40,51, Avg: 40,60, Max: 40,81, Diff: 0,31, Sum: 609,03, Workers: 15
[60,681s][debug][gc,phases         ] GC(56)     Termination (ms):              Min: 0,04, Avg: 0,06, Max: 0,10, Diff: 0,06, Sum: 0,86, Workers: 15
[60,681s][debug][gc,phases         ] GC(56)       Termination Attempts:          Min: 1, Avg:  1,0, Max: 1, Diff: 0, Sum: 15, Workers: 15
[60,681s][debug][gc,phases         ] GC(56)     GC Worker Other (ms):          Min: 0,04, Avg: 0,06, Max: 0,09, Diff: 0,05, Sum: 0,86, Workers: 15
[60,681s][debug][gc,phases         ] GC(56)     GC Worker Total (ms):          Min: 41,00, Avg: 41,06, Max: 41,12, Diff: 0,12, Sum: 615,86, Workers: 15
[60,681s][info ][gc,phases         ] GC(56)   Post Evacuate Collection Set: 1,44ms
[60,681s][debug][gc,phases         ] GC(56)     NMethod List Cleanup: 0,01ms
[60,681s][debug][gc,phases         ] GC(56)     Reference Processing: 0,78ms
[60,681s][debug][gc,phases,ref     ] GC(56)       Notify Soft/WeakReferences: 0,3ms
[60,681s][debug][gc,phases,ref     ] GC(56)         Balance queues: 0,0ms
[60,681s][debug][gc,phases,ref     ] GC(56)         SoftRef (ms):                  Min: 0,00, Avg: 0,00, Max: 0,00, Diff: 0,00, Sum: 0,00, Workers: 3
[60,681s][debug][gc,phases,ref     ] GC(56)         WeakRef (ms):                  Min: 0,00, Avg: 0,00, Max: 0,00, Diff: 0,00, Sum: 0,00, Workers: 3
[60,681s][debug][gc,phases,ref     ] GC(56)         FinalRef (ms):                 Min: 0,06, Avg: 0,08, Max: 0,12, Diff: 0,06, Sum: 0,23, Workers: 3
[60,681s][debug][gc,phases,ref     ] GC(56)         Total (ms):                    Min: 0,08, Avg: 0,10, Max: 0,12, Diff: 0,04, Sum: 0,29, Workers: 3
[60,681s][debug][gc,phases,ref     ] GC(56)       Notify and keep alive finalizable: 0,4ms
[60,681s][debug][gc,phases,ref     ] GC(56)         Balance queues: 0,0ms
[60,681s][debug][gc,phases,ref     ] GC(56)         FinalRef (ms):                 Min: 0,09, Avg: 0,16, Max: 0,30, Diff: 0,21, Sum: 2,35, Workers: 15
[60,681s][debug][gc,phases,ref     ] GC(56)       Notify PhantomReferences: 0,1ms
[60,681s][debug][gc,phases,ref     ] GC(56)         PhantomRef (ms):               Min: 0,01, Avg: 0,01, Max: 0,01, Diff: 0,00, Sum: 0,01, Workers: 1
[60,681s][debug][gc,phases,ref     ] GC(56)       SoftReference Discovered: 0, Dropped: 0, Processed: 0
[60,681s][debug][gc,phases,ref     ] GC(56)       WeakReference Discovered: 0, Dropped: 0, Processed: 0
[60,681s][debug][gc,phases,ref     ] GC(56)       FinalReference Discovered: 2536, Dropped: 4, Processed: 2532
[60,681s][debug][gc,phases,ref     ] GC(56)       PhantomReference Discovered: 41, Dropped: 2, Processed: 39
[60,681s][debug][gc,phases         ] GC(56)     Weak Processing: 0,08ms
[60,681s][debug][gc,phases         ] GC(56)       VM Weak                        Min: 0,00, Avg: 0,00, Max: 0,00, Diff: 0,00, Sum: 0,01, Workers: 15
[60,681s][debug][gc,phases         ] GC(56)         Dead                           Min: 0, Avg:  0,0, Max: 0, Diff: 0, Sum: 0, Workers: 15
[60,681s][debug][gc,phases         ] GC(56)         Total                          Min: 0, Avg: 11,3, Max: 64, Diff: 64, Sum: 170, Workers: 15
[60,681s][debug][gc,phases         ] GC(56)       ObjectSynchronizer Weak        Min: 0,00, Avg: 0,00, Max: 0,00, Diff: 0,00, Sum: 0,00, Workers: 15
[60,681s][debug][gc,phases         ] GC(56)         Dead                           Min: 0, Avg:  0,0, Max: 0, Diff: 0, Sum: 0, Workers: 15
[60,681s][debug][gc,phases         ] GC(56)         Total                          Min: 0, Avg:  0,1, Max: 2, Diff: 2, Sum: 2, Workers: 15
[60,681s][debug][gc,phases         ] GC(56)       JVMTI Tag Weak OopStorage      Min: 0,00, Avg: 0,00, Max: 0,00, Diff: 0,00, Sum: 0,00, Workers: 15
[60,681s][debug][gc,phases         ] GC(56)         Dead                           Min: 0, Avg:  0,0, Max: 0, Diff: 0, Sum: 0, Workers: 15
[60,681s][debug][gc,phases         ] GC(56)         Total                          Min: 0, Avg:  0,0, Max: 0, Diff: 0, Sum: 0, Workers: 15
[60,681s][debug][gc,phases         ] GC(56)       StringTable Weak               Min: 0,00, Avg: 0,01, Max: 0,02, Diff: 0,02, Sum: 0,11, Workers: 15
[60,681s][debug][gc,phases         ] GC(56)         Dead                           Min: 0, Avg:  0,0, Max: 0, Diff: 0, Sum: 0, Workers: 15
[60,681s][debug][gc,phases         ] GC(56)         Total                          Min: 0, Avg: 567,5, Max: 1728, Diff: 1728, Sum: 8512, Workers: 15
[60,682s][debug][gc,phases         ] GC(56)       ResolvedMethodTable Weak       Min: 0,00, Avg: 0,00, Max: 0,00, Diff: 0,00, Sum: 0,03, Workers: 15
[60,682s][debug][gc,phases         ] GC(56)         Dead                           Min: 0, Avg:  0,0, Max: 0, Diff: 0, Sum: 0, Workers: 15
[60,682s][debug][gc,phases         ] GC(56)         Total                          Min: 0, Avg: 113,7, Max: 316, Diff: 316, Sum: 1706, Workers: 15
[60,682s][debug][gc,phases         ] GC(56)       JNI Weak                       Min: 0,00, Avg: 0,00, Max: 0,00, Diff: 0,00, Sum: 0,01, Workers: 15
[60,682s][debug][gc,phases         ] GC(56)         Dead                           Min: 0, Avg:  0,0, Max: 0, Diff: 0, Sum: 0, Workers: 15
[60,682s][debug][gc,phases         ] GC(56)         Total                          Min: 0, Avg:  0,0, Max: 0, Diff: 0, Sum: 0, Workers: 15
[60,682s][debug][gc,phases         ] GC(56)       StringDedup Table Weak         Min: 0,00, Avg: 0,01, Max: 0,02, Diff: 0,02, Sum: 0,13, Workers: 15
[60,682s][debug][gc,phases         ] GC(56)         Dead                           Min: 0, Avg:  0,0, Max: 0, Diff: 0, Sum: 0, Workers: 15
[60,682s][debug][gc,phases         ] GC(56)         Total                          Min: 0, Avg: 877,6, Max: 2688, Diff: 2688, Sum: 13164, Workers: 15
[60,682s][debug][gc,phases         ] GC(56)       StringDedup Requests0 Weak     Min: 0,00, Avg: 0,00, Max: 0,00, Diff: 0,00, Sum: 0,00, Workers: 15
[60,682s][debug][gc,phases         ] GC(56)         Dead                           Min: 0, Avg:  0,0, Max: 0, Diff: 0, Sum: 0, Workers: 15
[60,682s][debug][gc,phases         ] GC(56)         Total                          Min: 0, Avg:  0,0, Max: 0, Diff: 0, Sum: 0, Workers: 15
[60,682s][debug][gc,phases         ] GC(56)       StringDedup Requests1 Weak     Min: 0,00, Avg: 0,00, Max: 0,00, Diff: 0,00, Sum: 0,02, Workers: 15
[60,682s][debug][gc,phases         ] GC(56)         Dead                           Min: 0, Avg:  0,0, Max: 0, Diff: 0, Sum: 0, Workers: 15
[60,682s][debug][gc,phases         ] GC(56)         Total                          Min: 0, Avg: 29,9, Max: 64, Diff: 64, Sum: 448, Workers: 15
[60,682s][debug][gc,phases         ] GC(56)       Weak JFR Old Object Samples    Min: 0,00, Avg: 0,00, Max: 0,00, Diff: 0,00, Sum: 0,00, Workers: 15
[60,682s][debug][gc,phases         ] GC(56)         Dead                           Min: 0, Avg:  0,0, Max: 0, Diff: 0, Sum: 0, Workers: 15
[60,682s][debug][gc,phases         ] GC(56)         Total                          Min: 0, Avg:  0,0, Max: 0, Diff: 0, Sum: 0, Workers: 15
[60,682s][debug][gc,phases         ] GC(56)     Post Evacuate Cleanup 1: 0,22ms
[60,682s][debug][gc,phases         ] GC(56)       Merge Per-Thread State (ms):   Min: 0,05, Avg: 0,05, Max: 0,05, Diff: 0,00, Sum: 0,05, Workers: 1
[60,682s][debug][gc,phases         ] GC(56)         Copied Bytes                   Min: 23475648, Avg: 30222728,0, Max: 35586784, Diff: 12111136, Sum: 453340920, Workers: 15
[60,682s][debug][gc,phases         ] GC(56)         LAB Waste                      Min: 464, Avg: 3019,7, Max: 8656, Diff: 8192, Sum: 45296, Workers: 15
[60,682s][debug][gc,phases         ] GC(56)         LAB Undo Waste                 Min: 0, Avg:  0,0, Max: 0, Diff: 0, Sum: 0, Workers: 15
[60,682s][debug][gc,phases         ] GC(56)         Evac Fail Extra Cards          Min: 0, Avg:  0,0, Max: 0, Diff: 0, Sum: 0, Workers: 15
[60,682s][debug][gc,phases         ] GC(56)       Clear Logged Cards (ms):       Min: 0,00, Avg: 0,04, Max: 0,17, Diff: 0,17, Sum: 0,64, Workers: 15
[60,682s][debug][gc,phases         ] GC(56)       Recalculate Used Memory (ms):  Min: 0,02, Avg: 0,02, Max: 0,02, Diff: 0,00, Sum: 0,02, Workers: 1
[60,682s][debug][gc,phases         ] GC(56)       Restore Evacuation Failed Regions (ms): Min: 0,00, Avg: 0,04, Max: 0,10, Diff: 0,10, Sum: 0,61, Workers: 15
[60,682s][debug][gc,phases         ] GC(56)         Evacuation Failed Regions:     Min: 3, Avg:  3,0, Max: 3, Diff: 0, Sum: 3, Workers: 1
[60,682s][debug][gc,phases         ] GC(56)         Pinned Regions:                Min: 1, Avg:  1,0, Max: 1, Diff: 0, Sum: 3, Workers: 3
[60,682s][debug][gc,phases         ] GC(56)         Allocation Failed Regions:     skipped
[60,682s][debug][gc,phases         ] GC(56)         Remove Self Forwards (ms):     Min: 0,01, Avg: 0,04, Max: 0,08, Diff: 0,07, Sum: 0,39, Workers: 11
[60,682s][debug][gc,phases         ] GC(56)           Forward Chunks:                Min: 1, Avg:  2,9, Max: 8, Diff: 7, Sum: 29, Workers: 10
[60,682s][debug][gc,phases         ] GC(56)           Empty Forward Chunks:          Min: 12, Avg: 35,5, Max: 70, Diff: 58, Sum: 355, Workers: 10
[60,682s][debug][gc,phases         ] GC(56)           Forward Objects:               Min: 1, Avg:  3,1, Max: 8, Diff: 7, Sum: 31, Workers: 10
[60,682s][debug][gc,phases         ] GC(56)           Forward Bytes:                 Min: 48, Avg: 75726,4, Max: 156544, Diff: 156496, Sum: 757264, Workers: 10
[60,682s][debug][gc,phases         ] GC(56)     Post Evacuate Cleanup 2: 0,16ms
[60,682s][debug][gc,phases         ] GC(56)       Recalculate Used Memory (ms):  Min: 0,02, Avg: 0,02, Max: 0,02, Diff: 0,00, Sum: 0,02, Workers: 1
[60,682s][debug][gc,phases         ] GC(56)       Restore Preserved Marks (ms):  Min: 0,00, Avg: 0,00, Max: 0,00, Diff: 0,00, Sum: 0,01, Workers: 15
[60,682s][debug][gc,phases         ] GC(56)       Process Evacuation Failed Regions (ms): Min: 0,00, Avg: 0,00, Max: 0,02, Diff: 0,02, Sum: 0,04, Workers: 15
[60,682s][debug][gc,phases         ] GC(56)       Update Derived Pointers (ms):  Min: 0,00, Avg: 0,00, Max: 0,00, Diff: 0,00, Sum: 0,00, Workers: 1
[60,682s][debug][gc,phases         ] GC(56)       Eagerly Reclaim Humongous Objects (ms): skipped
[60,682s][debug][gc,phases         ] GC(56)         Humongous Total                skipped
[60,682s][debug][gc,phases         ] GC(56)         Humongous Candidates           skipped
[60,682s][debug][gc,phases         ] GC(56)         Humongous Reclaimed            skipped
[60,682s][debug][gc,phases         ] GC(56)       Sample CSet Candidates (ms):   Min: 0,00, Avg: 0,00, Max: 0,00, Diff: 0,00, Sum: 0,00, Workers: 1
[60,682s][debug][gc,phases         ] GC(56)       Redirty Logged Cards (ms):     Min: 0,00, Avg: 0,00, Max: 0,01, Diff: 0,01, Sum: 0,02, Workers: 15
[60,682s][debug][gc,phases         ] GC(56)         Redirtied Cards:               Min: 0, Avg:  8,0, Max: 68, Diff: 68, Sum: 120, Workers: 15
[60,682s][debug][gc,phases         ] GC(56)       Resize TLABs (ms):             Min: 0,00, Avg: 0,00, Max: 0,01, Diff: 0,01, Sum: 0,01, Workers: 15
[60,682s][debug][gc,phases         ] GC(56)       Free Collection Set (ms):      Min: 0,04, Avg: 0,08, Max: 0,10, Diff: 0,06, Sum: 1,24, Workers: 15
[60,682s][debug][gc,phases         ] GC(56)     Rebuild Free List: 0,10ms
[60,682s][debug][gc,phases         ] GC(56)     Prepare For Mutator: 0,10ms
[60,682s][debug][gc,phases         ] GC(56)     Expand Heap After Collection: 0,00ms
[60,682s][info ][gc,phases         ] GC(56)   Other: 0,44ms
[60,682s][debug][gc,remset         ] GC(56) Coarsening (recent): Inline->AoC 1112 (0) AoC->Howl 630 (0) Howl->Full 176 (0) Inline->AoC 3909 (0) AoC->BitMap 3639 (0) BitMap->Full 619 (0) 
[60,682s][debug][gc,remset         ] GC(56) Coarsening (all): Inline->AoC 7879 (0) AoC->Howl 3743 (0) Howl->Full 1072 (0) Inline->AoC 22692 (0) AoC->BitMap 21671 (0) BitMap->Full 4404 (0) 
[60,682s][info ][gc,heap           ] GC(56) Eden regions: 515->0(550)
[60,682s][info ][gc,heap           ] GC(56) Survivor regions: 69->73(73)
[60,682s][info ][gc,heap           ] GC(56) Old regions: 286->327
[60,682s][info ][gc,heap           ] GC(56) Humongous regions: 0->0
[60,682s][info ][gc,metaspace      ] GC(56) Metaspace: 20772K(21120K)->20772K(21120K) NonClass: 18154K(18304K)->18154K(18304K) Class: 2617K(2816K)->2617K(2816K)
[60,682s][debug][gc,heap           ] GC(56) Heap after GC invocations=57 (full 0):
[60,682s][debug][gc,heap           ] GC(56)  garbage-first heap   total reserved 8388608K, committed 5242880K, used 1633313K [0x0000000600000000, 0x0000000800000000)
[60,682s][debug][gc,heap           ] GC(56)   region size 4096K, 73 young (299008K), 73 survivors (299008K)
[60,682s][debug][gc,heap           ] GC(56)  Metaspace       used 20772K, committed 21120K, reserved 1114112K
[60,683s][debug][gc,heap           ] GC(56)   class space    used 2617K, committed 2816K, reserved 1048576K
[60,683s][info ][gc                ] GC(56) Pause Young (Prepare Mixed) (G1 Evacuation Pause) (Evacuation Failure: Pinned) 3475M->1595M(5120M) 46,294ms
[60,683s][info ][gc,cpu            ] GC(56) User=0,63s Sys=0,00s Real=0,04s
[60,683s][debug][gc,refine         ] Concurrent refinement: wanted 0, cards: 120, predicted: 1719, time: 1744,60ms
[60,683s][debug][gc,task           ] G1 Service Thread (Card Set Free Memory Task) (run: 2,746ms) (cpu: 0,268ms)
[60,850s][debug][gc,refine         ] Concurrent refinement: wanted 0, cards: 120, predicted: 1135, time: 1107,36ms
[60,983s][debug][gc,refine         ] Concurrent refinement: wanted 0, cards: 632, predicted: 1632, time: 1091,41ms
[61,116s][debug][gc,refine         ] Concurrent refinement: wanted 0, cards: 632, predicted: 1581, time: 1035,56ms
[61,244s][debug][gc,refine         ] Concurrent refinement: wanted 0, cards: 632, predicted: 1527, time: 976,52ms
[61,368s][debug][gc,refine         ] Concurrent refinement: wanted 0, cards: 632, predicted: 1474, time: 919,08ms
[61,423s][debug][gc,task,start     ] G1 Service Thread (Periodic GC Task) (run 0,370ms after schedule)
[61,423s][debug][gc,task           ] G1 Service Thread (Periodic GC Task) (run: 0,047ms) (cpu: 0,077ms)
[61,489s][debug][gc,refine         ] Concurrent refinement: wanted 0, cards: 632, predicted: 1424, time: 864,83ms
[61,606s][debug][gc,refine         ] Concurrent refinement: wanted 0, cards: 632, predicted: 1373, time: 808,98ms
[61,720s][debug][gc,refine         ] Concurrent refinement: wanted 0, cards: 632, predicted: 1326, time: 757,92ms
[61,830s][debug][gc,refine         ] Concurrent refinement: wanted 0, cards: 632, predicted: 1281, time: 708,46ms
[61,936s][debug][gc,refine         ] Concurrent refinement: wanted 0, cards: 632, predicted: 1236, time: 658,99ms
[62,038s][debug][gc,refine         ] Concurrent refinement: wanted 0, cards: 632, predicted: 907, time: 300,24ms
[62,063s][info ][gc,start          ] GC(57) Pause Young (Mixed) (G1 Evacuation Pause)
[62,063s][debug][gc,heap           ] GC(57) Heap before GC invocations=57 (full 0):
[62,063s][debug][gc,heap           ] GC(57)  garbage-first heap   total reserved 8388608K, committed 5242880K, used 3882017K [0x0000000600000000, 0x0000000800000000)
[62,063s][debug][gc,heap           ] GC(57)   region size 4096K, 623 young (2551808K), 73 survivors (299008K)
[62,063s][debug][gc,heap           ] GC(57)  Metaspace       used 20772K, committed 21184K, reserved 1114112K
[62,063s][debug][gc,heap           ] GC(57)   class space    used 2617K, committed 2816K, reserved 1048576K
[62,063s][info ][gc,task           ] GC(57) Using 15 workers of 15 for evacuation
[62,063s][debug][gc,age            ] GC(57) Desired survivor size 163577856 bytes, new threshold 1 (max threshold 15)
[62,063s][debug][gc,tlab           ] GC(57) TLAB totals: thrds: 24  refills: 1897 max: 367 slow allocs: 1368 max 121 waste:  0,7% gc: 7215936B max: 1147808B slow: 9022632B max: 773560B
[62,063s][debug][gc,refine,stats   ] GC(57) Mutator refinement: 0,00ms, refined: 0, precleaned: 0, dirtied: 1837
[62,063s][debug][gc,refine,stats   ] GC(57) Concurrent refinement: 0,00ms, refined: 0, precleaned: 0, dirtied: 0
[62,063s][debug][gc,refine,stats   ] GC(57) Total refinement: 0,00ms, refined: 0, precleaned: 0, dirtied: 1837
[62,063s][debug][gc,refine,stats   ] GC(57) Generate dirty cards rate: 1,33 cards/ms
[62,063s][debug][gc,alloc,region   ] GC(57) Mutator Allocation stats, regions: 550, wasted size: 1488B ( 0,0%)
[62,063s][debug][gc,ergo,cset      ] GC(57) Start adding marking candidates to collection set. Min 2 regions, max 128 regions, available 9 regionstime remaining 110,90ms, optional threshold 22,18ms
[62,063s][debug][gc,ergo,cset      ] GC(57) Marking candidates exhausted.
[62,064s][debug][gc,ergo,cset      ] GC(57) Finish adding marking candidates to collection set. Initial: 9, optional: 0, pinned: 0, predicted initial time: 0,22ms, predicted optional time: 0,00ms, time remaining: 110,68ms
[62,064s][debug][gc,ergo,cset      ] GC(57) Start adding retained candidates to collection set. Min 1 regions, available 3, time remaining 40,00ms, optional remaining 40,00ms
[62,064s][debug][gc,ergo,cset      ] GC(57) Retained candidates exhausted.
[62,064s][debug][gc,ergo,cset      ] GC(57) Finish adding retained candidates to collection set. Initial: 3, optional: 0, pinned: 0, predicted initial time: 0,14ms, predicted optional time: 0,00ms, time remaining: 39,86ms optional time remaining 39,86ms
[62,064s][debug][gc,ergo           ] GC(57) Running G1 Merge Heap Roots using 15 workers for 635 regions
[62,064s][debug][gc,remset         ] GC(57) Visited cards 63360 Total dirty 573440 (11,05%) Total old 12984320 (0,49%)
[62,140s][debug][gc,ref            ] GC(57) ReferenceProcessor::execute queues: 4, RefProcThreadModel::Multi, marks_oops_alive: false
[62,140s][debug][gc,ref            ] GC(57) ReferenceProcessor::execute queues: 15, RefProcThreadModel::Multi, marks_oops_alive: true
[62,140s][debug][gc,ref            ] GC(57) ReferenceProcessor::execute queues: 1, RefProcThreadModel::Single, marks_oops_alive: false
[62,140s][debug][gc,ergo           ] GC(57) Initializing removing self forwards with 128 chunks per region
[62,141s][debug][gc,ergo           ] GC(57) Running G1 Rebuild Free List Task using 15 workers for rebuilding free list of regions
[62,141s][debug][gc,plab           ] GC(57) Young PLAB allocation: allocated: 327155712B, wasted: 39512B, unused: 1468328B, used: 325647872B, undo waste: 0B, 
[62,141s][debug][gc,plab           ] GC(57) Young other allocation: region end waste: 0B, regions filled: 78, num plab filled: 170, direct allocated: 0B, num direct allocated: 0, failure used: 0B, failure wasted: 0B
[62,141s][debug][gc,plab           ] GC(57) Young sizing: calculated: 65129568B, actual: 63956488B
[62,141s][debug][gc,plab           ] GC(57) Old PLAB allocation: allocated: 450887680B, wasted: 69336B, unused: 17497152B, used: 433321192B, undo waste: 0B, 
[62,141s][debug][gc,plab           ] GC(57) Old other allocation: region end waste: 0B, regions filled: 108, num plab filled: 215, direct allocated: 0B, num direct allocated: 0, failure used: 1048752B, failure wasted: 15728464B
[62,141s][debug][gc,plab           ] GC(57) Old sizing: calculated: 86664232B, actual: 75301696B
[62,141s][debug][gc,ergo,heap      ] GC(57) Heap expansion: short term pause time ratio 3,32% long term pause time ratio 2,96% threshold 7,69% pause time ratio 7,69% fully expanded false resize by 0B
[62,141s][debug][gc,task,start     ] G1 Service Thread (Card Set Free Memory Task) (run 0,008ms after schedule)
[62,141s][debug][gc,ergo,ihop      ] GC(57) Do not request concurrent cycle initiation (still doing mixed collections) occupancy: 1786773504B allocation request: 0B threshold: 787312250B (14,66) source: end of GC
[62,141s][debug][gc,mmu            ] GC(57) MMU: 77,6ms (200,0ms/201,0ms)
[62,141s][debug][gc,ergo           ] GC(57) do not continue mixed GCs (candidate old regions not available)
[62,141s][debug][gc,ergo,ihop      ] GC(57) Request concurrent cycle initiation (occupancy higher than threshold) occupancy: 1786773504B allocation request: 0B threshold: 787312250B (14,66) source: end of GC
[62,141s][debug][gc,alloc,stats    ] Old generation allocation in the last mutator period, old gen allocated: 467664896B, humongous allocated: 0B, old gen growth: 467664896B.
[62,141s][debug][gc,ihop           ] GC(57) Basic information (value update), threshold: 754135148B (14,05), target occupancy: 5368709120B, current occupancy: 2110817840B, recent allocation size: 467664896B, recent allocation duration: 1863,54ms, recent old gen allocation rate: 250955334,10B/s, recent marking phase length: 3246,46ms
[62,141s][debug][gc,ihop           ] GC(57) Adaptive IHOP information (value update), threshold: 754135148B (14,79), internal target occupancy: 5100273664B, occupancy: 2110817840B, additional buffer size: 2613051392B, predicted old gen allocation rate: 637451672,47B/s, predicted marking phase length: 2718,77ms, prediction active: true
[62,141s][debug][gc,ergo,refine    ] GC(57) GC refinement: goal: 225377 + 906 / 20,00ms, actual: 1957 / 0,15ms, 
[62,141s][debug][gc,ergo,refine    ] GC(57) Unchanged pending cards target: 225377
[62,141s][info ][gc,phases         ] GC(57)   Pre Evacuate Collection Set: 0,38ms
[62,141s][debug][gc,phases         ] GC(57)     Pre Evacuate Prepare: 0,14ms
[62,141s][debug][gc,phases         ] GC(57)       JT Retire TLABs And Flush Logs (ms): Min: 0,00, Avg: 0,01, Max: 0,03, Diff: 0,03, Sum: 0,03, Workers: 2
[62,141s][debug][gc,phases         ] GC(57)       Non-JT Flush Logs (ms):        Min: 0,01, Avg: 0,01, Max: 0,01, Diff: 0,00, Sum: 0,01, Workers: 1
[62,141s][debug][gc,phases         ] GC(57)     Choose Collection Set: 0,07ms
[62,141s][debug][gc,phases         ] GC(57)     Region Register: 0,16ms
[62,141s][debug][gc,phases         ] GC(57)     Prepare Heap Roots: 0,00ms
[62,141s][info ][gc,phases         ] GC(57)   Merge Heap Roots: 0,43ms
[62,141s][debug][gc,phases         ] GC(57)     Prepare Merge Heap Roots: 0,03ms
[62,141s][debug][gc,phases         ] GC(57)     Remembered Sets (ms):          Min: 0,05, Avg: 0,13, Max: 0,15, Diff: 0,11, Sum: 1,96, Workers: 15
[62,141s][debug][gc,phases         ] GC(57)       Eager Reclaim (ms):            skipped
[62,141s][debug][gc,phases         ] GC(57)       Merged Inline                  Min: 0, Avg:  1,3, Max: 19, Diff: 19, Sum: 19, Workers: 15
[62,141s][debug][gc,phases         ] GC(57)       Merged ArrayOfCards            Min: 0, Avg:  0,0, Max: 0, Diff: 0, Sum: 0, Workers: 15
[62,141s][debug][gc,phases         ] GC(57)       Merged Howl                    Min: 0, Avg:  0,0, Max: 0, Diff: 0, Sum: 0, Workers: 15
[62,141s][debug][gc,phases         ] GC(57)       Merged Full                    Min: 0, Avg:  0,0, Max: 0, Diff: 0, Sum: 0, Workers: 15
[62,141s][debug][gc,phases         ] GC(57)       Merged Howl Inline             Min: 0, Avg:  0,0, Max: 0, Diff: 0, Sum: 0, Workers: 15
[62,141s][debug][gc,phases         ] GC(57)       Merged Howl ArrayOfCards       Min: 0, Avg:  0,0, Max: 0, Diff: 0, Sum: 0, Workers: 15
[62,141s][debug][gc,phases         ] GC(57)       Merged Howl BitMap             Min: 0, Avg:  0,0, Max: 0, Diff: 0, Sum: 0, Workers: 15
[62,141s][debug][gc,phases         ] GC(57)       Merged Howl Full               Min: 0, Avg:  0,0, Max: 0, Diff: 0, Sum: 0, Workers: 15
[62,141s][debug][gc,phases         ] GC(57)       Merged Cards                   Min: 8, Avg:  9,9, Max: 36, Diff: 28, Sum: 148, Workers: 15
[62,141s][debug][gc,phases         ] GC(57)     Log Buffers (ms):              Min: 0,00, Avg: 0,01, Max: 0,03, Diff: 0,03, Sum: 0,13, Workers: 15
[62,141s][debug][gc,phases         ] GC(57)       Dirty Cards:                   Min: 0, Avg: 130,5, Max: 602, Diff: 602, Sum: 1957, Workers: 15
[62,141s][debug][gc,phases         ] GC(57)       Skipped Cards:                 Min: 0, Avg:  0,0, Max: 0, Diff: 0, Sum: 0, Workers: 15
[62,141s][info ][gc,phases         ] GC(57)   Evacuate Collection Set: 75,25ms
[62,141s][debug][gc,phases         ] GC(57)     Ext Root Scanning (ms):        Min: 0,02, Avg: 0,08, Max: 0,18, Diff: 0,16, Sum: 1,14, Workers: 15
[62,141s][debug][gc,phases         ] GC(57)     Scan Heap Roots (ms):          Min: 0,05, Avg: 0,15, Max: 0,24, Diff: 0,19, Sum: 2,20, Workers: 15
[62,141s][debug][gc,phases         ] GC(57)       Scanned Cards:                 Min: 25, Avg: 131,3, Max: 217, Diff: 192, Sum: 1969, Workers: 15
[62,141s][debug][gc,phases         ] GC(57)       Scanned Blocks:                Min: 14, Avg: 95,3, Max: 171, Diff: 157, Sum: 1430, Workers: 15
[62,141s][debug][gc,phases         ] GC(57)       Claimed Chunks:                Min: 11, Avg: 66,0, Max: 117, Diff: 106, Sum: 990, Workers: 15
[62,141s][debug][gc,phases         ] GC(57)       Found Roots:                   Min: 66, Avg: 196,1, Max: 343, Diff: 277, Sum: 2941, Workers: 15
[62,141s][debug][gc,phases         ] GC(57)     Code Root Scan (ms):           Min: 0,03, Avg: 0,04, Max: 0,06, Diff: 0,03, Sum: 0,60, Workers: 15
[62,141s][debug][gc,phases         ] GC(57)       Scanned Nmethods               Min: 0, Avg:  0,0, Max: 0, Diff: 0, Sum: 0, Workers: 15
[62,141s][debug][gc,phases         ] GC(57)     Object Copy (ms):              Min: 74,68, Avg: 74,76, Max: 74,84, Diff: 0,15, Sum: 1121,46, Workers: 15
[62,141s][debug][gc,phases         ] GC(57)     Termination (ms):              Min: 0,05, Avg: 0,07, Max: 0,11, Diff: 0,06, Sum: 0,99, Workers: 15
[62,141s][debug][gc,phases         ] GC(57)       Termination Attempts:          Min: 1, Avg:  1,0, Max: 1, Diff: 0, Sum: 15, Workers: 15
[62,141s][debug][gc,phases         ] GC(57)     GC Worker Other (ms):          Min: 0,04, Avg: 0,05, Max: 0,05, Diff: 0,01, Sum: 0,73, Workers: 15
[62,141s][debug][gc,phases         ] GC(57)     GC Worker Total (ms):          Min: 75,10, Avg: 75,14, Max: 75,18, Diff: 0,09, Sum: 1127,12, Workers: 15
[62,141s][info ][gc,phases         ] GC(57)   Post Evacuate Collection Set: 1,36ms
[62,141s][debug][gc,phases         ] GC(57)     NMethod List Cleanup: 0,01ms
[62,141s][debug][gc,phases         ] GC(57)     Reference Processing: 0,69ms
[62,141s][debug][gc,phases,ref     ] GC(57)       Notify Soft/WeakReferences: 0,4ms
[62,141s][debug][gc,phases,ref     ] GC(57)         Balance queues: 0,0ms
[62,141s][debug][gc,phases,ref     ] GC(57)         SoftRef (ms):                  Min: 0,00, Avg: 0,00, Max: 0,00, Diff: 0,00, Sum: 0,00, Workers: 4
[62,141s][debug][gc,phases,ref     ] GC(57)         WeakRef (ms):                  Min: 0,00, Avg: 0,00, Max: 0,00, Diff: 0,00, Sum: 0,00, Workers: 4
[62,141s][debug][gc,phases,ref     ] GC(57)         FinalRef (ms):                 Min: 0,07, Avg: 0,12, Max: 0,14, Diff: 0,08, Sum: 0,47, Workers: 4
[62,141s][debug][gc,phases,ref     ] GC(57)         Total (ms):                    Min: 0,15, Avg: 0,19, Max: 0,23, Diff: 0,08, Sum: 0,75, Workers: 4
[62,141s][debug][gc,phases,ref     ] GC(57)       Notify and keep alive finalizable: 0,3ms
[62,141s][debug][gc,phases,ref     ] GC(57)         Balance queues: 0,0ms
[62,141s][debug][gc,phases,ref     ] GC(57)         FinalRef (ms):                 Min: 0,11, Avg: 0,17, Max: 0,19, Diff: 0,08, Sum: 2,48, Workers: 15
[62,142s][debug][gc,phases,ref     ] GC(57)       Notify PhantomReferences: 0,0ms
[62,142s][debug][gc,phases,ref     ] GC(57)         PhantomRef (ms):               Min: 0,01, Avg: 0,01, Max: 0,01, Diff: 0,00, Sum: 0,01, Workers: 1
[62,142s][debug][gc,phases,ref     ] GC(57)       SoftReference Discovered: 0, Dropped: 0, Processed: 0
[62,142s][debug][gc,phases,ref     ] GC(57)       WeakReference Discovered: 0, Dropped: 0, Processed: 0
[62,142s][debug][gc,phases,ref     ] GC(57)       FinalReference Discovered: 3307, Dropped: 3, Processed: 3304
[62,142s][debug][gc,phases,ref     ] GC(57)       PhantomReference Discovered: 41, Dropped: 2, Processed: 39
[62,142s][debug][gc,phases         ] GC(57)     Weak Processing: 0,13ms
[62,142s][debug][gc,phases         ] GC(57)       VM Weak                        Min: 0,00, Avg: 0,00, Max: 0,00, Diff: 0,00, Sum: 0,01, Workers: 15
[62,142s][debug][gc,phases         ] GC(57)         Dead                           Min: 0, Avg:  0,0, Max: 0, Diff: 0, Sum: 0, Workers: 15
[62,142s][debug][gc,phases         ] GC(57)         Total                          Min: 0, Avg: 11,3, Max: 106, Diff: 106, Sum: 170, Workers: 15
[62,142s][debug][gc,phases         ] GC(57)       ObjectSynchronizer Weak        Min: 0,00, Avg: 0,00, Max: 0,00, Diff: 0,00, Sum: 0,00, Workers: 15
[62,142s][debug][gc,phases         ] GC(57)         Dead                           Min: 0, Avg:  0,0, Max: 0, Diff: 0, Sum: 0, Workers: 15
[62,142s][debug][gc,phases         ] GC(57)         Total                          Min: 0, Avg:  0,2, Max: 3, Diff: 3, Sum: 3, Workers: 15
[62,142s][debug][gc,phases         ] GC(57)       JVMTI Tag Weak OopStorage      Min: 0,00, Avg: 0,00, Max: 0,00, Diff: 0,00, Sum: 0,00, Workers: 15
[62,142s][debug][gc,phases         ] GC(57)         Dead                           Min: 0, Avg:  0,0, Max: 0, Diff: 0, Sum: 0, Workers: 15
[62,142s][debug][gc,phases         ] GC(57)         Total                          Min: 0, Avg:  0,0, Max: 0, Diff: 0, Sum: 0, Workers: 15
[62,142s][debug][gc,phases         ] GC(57)       StringTable Weak               Min: 0,00, Avg: 0,01, Max: 0,03, Diff: 0,03, Sum: 0,11, Workers: 15
[62,142s][debug][gc,phases         ] GC(57)         Dead                           Min: 0, Avg:  0,0, Max: 0, Diff: 0, Sum: 0, Workers: 15
[62,142s][debug][gc,phases         ] GC(57)         Total                          Min: 0, Avg: 567,5, Max: 2560, Diff: 2560, Sum: 8512, Workers: 15
[62,142s][debug][gc,phases         ] GC(57)       ResolvedMethodTable Weak       Min: 0,00, Avg: 0,00, Max: 0,01, Diff: 0,01, Sum: 0,03, Workers: 15
[62,142s][debug][gc,phases         ] GC(57)         Dead                           Min: 0, Avg:  0,0, Max: 0, Diff: 0, Sum: 0, Workers: 15
[62,142s][debug][gc,phases         ] GC(57)         Total                          Min: 0, Avg: 113,7, Max: 447, Diff: 447, Sum: 1706, Workers: 15
[62,142s][debug][gc,phases         ] GC(57)       JNI Weak                       Min: 0,00, Avg: 0,00, Max: 0,00, Diff: 0,00, Sum: 0,00, Workers: 15
[62,142s][debug][gc,phases         ] GC(57)         Dead                           Min: 0, Avg:  0,0, Max: 0, Diff: 0, Sum: 0, Workers: 15
[62,142s][debug][gc,phases         ] GC(57)         Total                          Min: 0, Avg:  0,0, Max: 0, Diff: 0, Sum: 0, Workers: 15
[62,142s][debug][gc,phases         ] GC(57)       StringDedup Table Weak         Min: 0,00, Avg: 0,01, Max: 0,03, Diff: 0,03, Sum: 0,13, Workers: 15
[62,142s][debug][gc,phases         ] GC(57)         Dead                           Min: 0, Avg:  0,0, Max: 0, Diff: 0, Sum: 0, Workers: 15
[62,142s][debug][gc,phases         ] GC(57)         Total                          Min: 0, Avg: 877,6, Max: 3072, Diff: 3072, Sum: 13164, Workers: 15
[62,142s][debug][gc,phases         ] GC(57)       StringDedup Requests0 Weak     Min: 0,00, Avg: 0,00, Max: 0,00, Diff: 0,00, Sum: 0,01, Workers: 15
[62,142s][debug][gc,phases         ] GC(57)         Dead                           Min: 0, Avg:  0,0, Max: 0, Diff: 0, Sum: 0, Workers: 15
[62,142s][debug][gc,phases         ] GC(57)         Total                          Min: 0, Avg: 12,8, Max: 64, Diff: 64, Sum: 192, Workers: 15
[62,142s][debug][gc,phases         ] GC(57)       StringDedup Requests1 Weak     Min: 0,00, Avg: 0,00, Max: 0,00, Diff: 0,00, Sum: 0,01, Workers: 15
[62,142s][debug][gc,phases         ] GC(57)         Dead                           Min: 0, Avg:  0,0, Max: 0, Diff: 0, Sum: 0, Workers: 15
[62,142s][debug][gc,phases         ] GC(57)         Total                          Min: 0, Avg:  0,0, Max: 0, Diff: 0, Sum: 0, Workers: 15
[62,142s][debug][gc,phases         ] GC(57)       Weak JFR Old Object Samples    Min: 0,00, Avg: 0,00, Max: 0,00, Diff: 0,00, Sum: 0,01, Workers: 15
[62,142s][debug][gc,phases         ] GC(57)         Dead                           Min: 0, Avg:  0,0, Max: 0, Diff: 0, Sum: 0, Workers: 15
[62,142s][debug][gc,phases         ] GC(57)         Total                          Min: 0, Avg:  0,0, Max: 0, Diff: 0, Sum: 0, Workers: 15
[62,142s][debug][gc,phases         ] GC(57)     Post Evacuate Cleanup 1: 0,26ms
[62,142s][debug][gc,phases         ] GC(57)       Merge Per-Thread State (ms):   Min: 0,05, Avg: 0,05, Max: 0,05, Diff: 0,00, Sum: 0,05, Workers: 1
[62,142s][debug][gc,phases         ] GC(57)         Copied Bytes                   Min: 39294456, Avg: 50597937,6, Max: 60827520, Diff: 21533064, Sum: 758969064, Workers: 15
[62,142s][debug][gc,phases         ] GC(57)         LAB Waste                      Min: 912, Avg: 7256,5, Max: 20728, Diff: 19816, Sum: 108848, Workers: 15
[62,142s][debug][gc,phases         ] GC(57)         LAB Undo Waste                 Min: 0, Avg:  0,0, Max: 0, Diff: 0, Sum: 0, Workers: 15
[62,142s][debug][gc,phases         ] GC(57)         Evac Fail Extra Cards          Min: 0, Avg:  0,3, Max: 3, Diff: 3, Sum: 5, Workers: 15
[62,142s][debug][gc,phases         ] GC(57)       Clear Logged Cards (ms):       Min: 0,00, Avg: 0,04, Max: 0,18, Diff: 0,18, Sum: 0,67, Workers: 15
[62,142s][debug][gc,phases         ] GC(57)       Recalculate Used Memory (ms):  Min: 0,03, Avg: 0,03, Max: 0,03, Diff: 0,00, Sum: 0,03, Workers: 1
[62,142s][debug][gc,phases         ] GC(57)       Restore Evacuation Failed Regions (ms): Min: 0,00, Avg: 0,06, Max: 0,09, Diff: 0,08, Sum: 0,91, Workers: 15
[62,142s][debug][gc,phases         ] GC(57)         Evacuation Failed Regions:     Min: 4, Avg:  4,0, Max: 4, Diff: 0, Sum: 4, Workers: 1
[62,142s][debug][gc,phases         ] GC(57)         Pinned Regions:                Min: 1, Avg:  1,0, Max: 1, Diff: 0, Sum: 4, Workers: 4
[62,142s][debug][gc,phases         ] GC(57)         Allocation Failed Regions:     skipped
[62,142s][debug][gc,phases         ] GC(57)         Remove Self Forwards (ms):     Min: 0,00, Avg: 0,03, Max: 0,04, Diff: 0,04, Sum: 0,39, Workers: 12
[62,142s][debug][gc,phases         ] GC(57)           Forward Chunks:                Min: 1, Avg:  4,2, Max: 10, Diff: 9, Sum: 51, Workers: 12
[62,142s][debug][gc,phases         ] GC(57)           Empty Forward Chunks:          Min: 9, Avg: 38,4, Max: 66, Diff: 57, Sum: 461, Workers: 12
[62,142s][debug][gc,phases         ] GC(57)           Forward Objects:               Min: 1, Avg:  4,6, Max: 10, Diff: 9, Sum: 55, Workers: 12
[62,142s][debug][gc,phases         ] GC(57)           Forward Bytes:                 Min: 88, Avg: 87396,0, Max: 287928, Diff: 287840, Sum: 1048752, Workers: 12
[62,142s][debug][gc,phases         ] GC(57)     Post Evacuate Cleanup 2: 0,16ms
[62,142s][debug][gc,phases         ] GC(57)       Recalculate Used Memory (ms):  Min: 0,03, Avg: 0,03, Max: 0,03, Diff: 0,00, Sum: 0,03, Workers: 1
[62,142s][debug][gc,phases         ] GC(57)       Restore Preserved Marks (ms):  Min: 0,00, Avg: 0,00, Max: 0,00, Diff: 0,00, Sum: 0,01, Workers: 15
[62,142s][debug][gc,phases         ] GC(57)       Process Evacuation Failed Regions (ms): Min: 0,00, Avg: 0,00, Max: 0,01, Diff: 0,01, Sum: 0,04, Workers: 15
[62,142s][debug][gc,phases         ] GC(57)       Update Derived Pointers (ms):  Min: 0,00, Avg: 0,00, Max: 0,00, Diff: 0,00, Sum: 0,00, Workers: 1
[62,142s][debug][gc,phases         ] GC(57)       Eagerly Reclaim Humongous Objects (ms): skipped
[62,142s][debug][gc,phases         ] GC(57)         Humongous Total                skipped
[62,142s][debug][gc,phases         ] GC(57)         Humongous Candidates           skipped
[62,142s][debug][gc,phases         ] GC(57)         Humongous Reclaimed            skipped
[62,142s][debug][gc,phases         ] GC(57)       Sample CSet Candidates (ms):   skipped
[62,142s][debug][gc,phases         ] GC(57)       Redirty Logged Cards (ms):     Min: 0,00, Avg: 0,00, Max: 0,01, Diff: 0,01, Sum: 0,05, Workers: 15
[62,142s][debug][gc,phases         ] GC(57)         Redirtied Cards:               Min: 0, Avg: 114,5, Max: 564, Diff: 564, Sum: 1718, Workers: 15
[62,142s][debug][gc,phases         ] GC(57)       Resize TLABs (ms):             Min: 0,00, Avg: 0,00, Max: 0,00, Diff: 0,00, Sum: 0,01, Workers: 15
[62,142s][debug][gc,phases         ] GC(57)       Free Collection Set (ms):      Min: 0,05, Avg: 0,08, Max: 0,11, Diff: 0,07, Sum: 1,25, Workers: 15
[62,142s][debug][gc,phases         ] GC(57)     Rebuild Free List: 0,04ms
[62,142s][debug][gc,phases         ] GC(57)     Prepare For Mutator: 0,06ms
[62,142s][debug][gc,phases         ] GC(57)     Expand Heap After Collection: 0,00ms
[62,142s][info ][gc,phases         ] GC(57)   Other: 0,39ms
[62,142s][debug][gc,remset         ] GC(57) Coarsening (recent): Inline->AoC 0 (0) AoC->Howl 0 (0) Howl->Full 0 (0) Inline->AoC 0 (0) AoC->BitMap 0 (0) BitMap->Full 0 (0) 
[62,142s][debug][gc,remset         ] GC(57) Coarsening (all): Inline->AoC 7879 (0) AoC->Howl 3743 (0) Howl->Full 1072 (0) Inline->AoC 22692 (0) AoC->BitMap 21671 (0) BitMap->Full 4404 (0) 
[62,142s][info ][gc,heap           ] GC(57) Eden regions: 550->0(434)
[62,142s][info ][gc,heap           ] GC(57) Survivor regions: 73->78(78)
[62,142s][info ][gc,heap           ] GC(57) Old regions: 327->426
[62,142s][info ][gc,heap           ] GC(57) Humongous regions: 0->0
[62,142s][info ][gc,metaspace      ] GC(57) Metaspace: 20772K(21184K)->20772K(21184K) NonClass: 18155K(18368K)->18155K(18368K) Class: 2617K(2816K)->2617K(2816K)
[62,142s][debug][gc,heap           ] GC(57) Heap after GC invocations=58 (full 0):
[62,142s][debug][gc,heap           ] GC(57)  garbage-first heap   total reserved 8388608K, committed 5242880K, used 2061345K [0x0000000600000000, 0x0000000800000000)
[62,142s][debug][gc,heap           ] GC(57)   region size 4096K, 78 young (319488K), 78 survivors (319488K)
[62,142s][debug][gc,heap           ] GC(57)  Metaspace       used 20772K, committed 21184K, reserved 1114112K
[62,142s][debug][gc,heap           ] GC(57)   class space    used 2617K, committed 2816K, reserved 1048576K
[62,142s][info ][gc                ] GC(57) Pause Young (Mixed) (G1 Evacuation Pause) (Evacuation Failure: Pinned) 3795M->2013M(5120M) 79,337ms
[62,142s][info ][gc,cpu            ] GC(57) User=1,12s Sys=0,02s Real=0,08s
[62,143s][debug][gc,refine         ] Concurrent refinement: wanted 0, cards: 1718, predicted: 3098, time: 1221,02ms
[62,143s][debug][gc,task           ] G1 Service Thread (Card Set Free Memory Task) (run: 1,802ms) (cpu: 0,114ms)
[62,282s][debug][gc,refine         ] Concurrent refinement: wanted 0, cards: 1718, predicted: 2924, time: 1066,98ms
[62,412s][debug][gc,refine         ] Concurrent refinement: wanted 0, cards: 2742, predicted: 3933, time: 1054,26ms
[62,424s][debug][gc,task,start     ] G1 Service Thread (Periodic GC Task) (run 0,538ms after schedule)
[62,424s][debug][gc,task           ] G1 Service Thread (Periodic GC Task) (run: 0,097ms) (cpu: 0,117ms)
[62,541s][debug][gc,refine         ] Concurrent refinement: wanted 0, cards: 2742, predicted: 3890, time: 1016,10ms
[62,669s][debug][gc,refine         ] Concurrent refinement: wanted 0, cards: 2742, predicted: 3833, time: 965,23ms
[62,793s][debug][gc,refine         ] Concurrent refinement: wanted 0, cards: 2742, predicted: 3777, time: 915,76ms
[62,914s][debug][gc,refine         ] Concurrent refinement: wanted 0, cards: 2742, predicted: 3721, time: 866,30ms
[63,031s][debug][gc,refine         ] Concurrent refinement: wanted 0, cards: 2742, predicted: 3668, time: 819,66ms
[63,145s][debug][gc,refine         ] Concurrent refinement: wanted 0, cards: 2742, predicted: 3615, time: 773,03ms
[63,257s][debug][gc,refine         ] Concurrent refinement: wanted 0, cards: 2742, predicted: 3564, time: 727,81ms
[63,364s][debug][gc,refine         ] Concurrent refinement: wanted 0, cards: 2742, predicted: 3516, time: 685,41ms
[63,424s][debug][gc,task,start     ] G1 Service Thread (Periodic GC Task) (run 0,186ms after schedule)
[63,424s][debug][gc,task           ] G1 Service Thread (Periodic GC Task) (run: 0,047ms) (cpu: 0,060ms)
[63,468s][debug][gc,refine         ] Concurrent refinement: wanted 0, cards: 2742, predicted: 3468, time: 643,01ms
[63,542s][debug][gc,ergo           ] GC(58) Initiate concurrent cycle (concurrent cycle initiation requested)
[63,542s][info ][gc,start          ] GC(58) Pause Young (Concurrent Start) (G1 Evacuation Pause)
[63,542s][debug][gc,heap           ] GC(58) Heap before GC invocations=58 (full 0):
[63,542s][debug][gc,heap           ] GC(58)  garbage-first heap   total reserved 8388608K, committed 5242880K, used 3834913K [0x0000000600000000, 0x0000000800000000)
[63,542s][debug][gc,heap           ] GC(58)   region size 4096K, 512 young (2097152K), 78 survivors (319488K)
[63,542s][debug][gc,heap           ] GC(58)  Metaspace       used 20773K, committed 21184K, reserved 1114112K
[63,542s][debug][gc,heap           ] GC(58)   class space    used 2617K, committed 2816K, reserved 1048576K
[63,542s][info ][gc,task           ] GC(58) Using 15 workers of 15 for evacuation
[63,542s][debug][gc,age            ] GC(58) Desired survivor size 134217728 bytes, new threshold 1 (max threshold 15)
[63,542s][debug][gc,tlab           ] GC(58) TLAB totals: thrds: 23  refills: 1158 max: 347 slow allocs: 605 max 76 waste:  0,9% gc: 11785768B max: 1423600B slow: 4038464B max: 535808B
[63,542s][debug][gc,refine,stats   ] GC(58) Mutator refinement: 0,00ms, refined: 0, precleaned: 0, dirtied: 1369
[63,542s][debug][gc,refine,stats   ] GC(58) Concurrent refinement: 0,00ms, refined: 0, precleaned: 0, dirtied: 0
[63,542s][debug][gc,refine,stats   ] GC(58) Total refinement: 0,00ms, refined: 0, precleaned: 0, dirtied: 1369
[63,542s][debug][gc,refine,stats   ] GC(58) Generate dirty cards rate: 0,98 cards/ms
[63,542s][debug][gc,alloc,region   ] GC(58) Mutator Allocation stats, regions: 434, wasted size: 1206K ( 0,1%)
[63,542s][debug][gc,ergo,cset      ] GC(58) Do not add marking candidates to collection set due to pause type.
[63,542s][debug][gc,ergo,cset      ] GC(58) Start adding retained candidates to collection set. Min 1 regions, available 4, time remaining 40,00ms, optional remaining 40,00ms
[63,543s][debug][gc,ergo,cset      ] GC(58) Retained candidates exhausted.
[63,543s][debug][gc,ergo,cset      ] GC(58) Finish adding retained candidates to collection set. Initial: 4, optional: 0, pinned: 0, predicted initial time: 0,18ms, predicted optional time: 0,00ms, time remaining: 39,82ms optional time remaining 39,82ms
[63,543s][debug][gc,ergo           ] GC(58) Running G1 Merge Heap Roots using 15 workers for 516 regions
[63,544s][debug][gc,remset         ] GC(58) Visited cards 131776 Total dirty 1179648 (11,17%) Total old 11911168 (1,11%)
[63,616s][debug][gc,ref            ] GC(58) ReferenceProcessor::execute queues: 3, RefProcThreadModel::Multi, marks_oops_alive: false
[63,616s][debug][gc,ref            ] GC(58) ReferenceProcessor::execute queues: 15, RefProcThreadModel::Multi, marks_oops_alive: true
[63,616s][debug][gc,ref            ] GC(58) ReferenceProcessor::execute queues: 1, RefProcThreadModel::Single, marks_oops_alive: false
[63,617s][debug][gc,ergo           ] GC(58) Running G1 Rebuild Free List Task using 15 workers for rebuilding free list of regions
[63,617s][debug][gc,plab           ] GC(58) Young PLAB allocation: allocated: 268435456B, wasted: 27144B, unused: 1935024B, used: 266473288B, undo waste: 0B, 
[63,617s][debug][gc,plab           ] GC(58) Young other allocation: region end waste: 0B, regions filled: 64, num plab filled: 142, direct allocated: 0B, num direct allocated: 0, failure used: 0B, failure wasted: 0B
[63,617s][debug][gc,plab           ] GC(58) Young sizing: calculated: 53294656B, actual: 55960112B
[63,617s][debug][gc,plab           ] GC(58) Old PLAB allocation: allocated: 526385152B, wasted: 86024B, unused: 13522744B, used: 512776384B, undo waste: 0B, 
[63,617s][debug][gc,plab           ] GC(58) Old other allocation: region end waste: 0B, regions filled: 126, num plab filled: 251, direct allocated: 0B, num direct allocated: 0, failure used: 0B, failure wasted: 0B
[63,617s][debug][gc,plab           ] GC(58) Old sizing: calculated: 102555272B, actual: 95741880B
[63,617s][debug][gc,ergo,heap      ] GC(58) Heap expansion: short term pause time ratio 5,31% long term pause time ratio 3,00% threshold 7,69% pause time ratio 7,69% fully expanded false resize by 0B
[63,618s][debug][gc,mmu            ] GC(58) MMU: 75,3ms (200,0ms/201,0ms)
[63,618s][debug][gc,task,start     ] G1 Service Thread (Card Set Free Memory Task) (run 0,056ms after schedule)
[63,618s][debug][gc,alloc,stats    ] Old generation allocation in the last mutator period, old gen allocated: 526385152B, humongous allocated: 0B, old gen growth: 526385152B.
[63,618s][debug][gc,ihop           ] GC(58) Basic information (value update), threshold: 1653604004B (30,80), target occupancy: 5368709120B, current occupancy: 2561705520B, recent allocation size: 526385152B, recent allocation duration: 1401,38ms, recent old gen allocation rate: 375619741,80B/s, recent marking phase length: 3246,46ms
[63,618s][debug][gc,ihop           ] GC(58) Adaptive IHOP information (value update), threshold: 1653604004B (32,42), internal target occupancy: 5100273664B, occupancy: 2561705520B, additional buffer size: 1728053248B, predicted old gen allocation rate: 632129158,97B/s, predicted marking phase length: 2718,77ms, prediction active: true
[63,618s][debug][gc,ergo,refine    ] GC(58) GC refinement: goal: 225377 + 783 / 20,00ms, actual: 3087 / 0,27ms, 
[63,618s][debug][gc,ergo,refine    ] GC(58) Unchanged pending cards target: 225377
[63,618s][info ][gc,phases         ] GC(58)   Pre Evacuate Collection Set: 0,50ms
[63,618s][debug][gc,phases         ] GC(58)     Reset Marking State (ms):      Min: 0,04, Avg: 0,04, Max: 0,04, Diff: 0,00, Sum: 0,04, Workers: 1
[63,618s][debug][gc,phases         ] GC(58)     Note Start Of Mark (ms):       Min: 0,05, Avg: 0,06, Max: 0,06, Diff: 0,02, Sum: 0,23, Workers: 4
[63,618s][debug][gc,phases         ] GC(58)     Pre Evacuate Prepare: 0,12ms
[63,618s][debug][gc,phases         ] GC(58)       JT Retire TLABs And Flush Logs (ms): Min: 0,00, Avg: 0,01, Max: 0,02, Diff: 0,02, Sum: 0,02, Workers: 2
[63,618s][debug][gc,phases         ] GC(58)       Non-JT Flush Logs (ms):        Min: 0,00, Avg: 0,00, Max: 0,00, Diff: 0,00, Sum: 0,00, Workers: 1
[63,618s][debug][gc,phases         ] GC(58)     Choose Collection Set: 0,07ms
[63,618s][debug][gc,phases         ] GC(58)     Region Register: 0,20ms
[63,618s][debug][gc,phases         ] GC(58)     Prepare Heap Roots: 0,00ms
[63,618s][info ][gc,phases         ] GC(58)   Merge Heap Roots: 0,66ms
[63,618s][debug][gc,phases         ] GC(58)     Prepare Merge Heap Roots: 0,03ms
[63,618s][debug][gc,phases         ] GC(58)     Remembered Sets (ms):          Min: 0,07, Avg: 0,11, Max: 0,15, Diff: 0,07, Sum: 1,65, Workers: 15
[63,618s][debug][gc,phases         ] GC(58)       Eager Reclaim (ms):            skipped
[63,618s][debug][gc,phases         ] GC(58)       Merged Inline                  Min: 0, Avg:  0,0, Max: 0, Diff: 0, Sum: 0, Workers: 15
[63,618s][debug][gc,phases         ] GC(58)       Merged ArrayOfCards            Min: 0, Avg:  0,0, Max: 0, Diff: 0, Sum: 0, Workers: 15
[63,618s][debug][gc,phases         ] GC(58)       Merged Howl                    Min: 0, Avg:  0,0, Max: 0, Diff: 0, Sum: 0, Workers: 15
[63,618s][debug][gc,phases         ] GC(58)       Merged Full                    Min: 0, Avg:  0,0, Max: 0, Diff: 0, Sum: 0, Workers: 15
[63,618s][debug][gc,phases         ] GC(58)       Merged Howl Inline             Min: 0, Avg:  0,0, Max: 0, Diff: 0, Sum: 0, Workers: 15
[63,618s][debug][gc,phases         ] GC(58)       Merged Howl ArrayOfCards       Min: 0, Avg:  0,0, Max: 0, Diff: 0, Sum: 0, Workers: 15
[63,618s][debug][gc,phases         ] GC(58)       Merged Howl BitMap             Min: 0, Avg:  0,0, Max: 0, Diff: 0, Sum: 0, Workers: 15
[63,618s][debug][gc,phases         ] GC(58)       Merged Howl Full               Min: 0, Avg:  0,0, Max: 0, Diff: 0, Sum: 0, Workers: 15
[63,618s][debug][gc,phases         ] GC(58)       Merged Cards                   Min: 8, Avg:  8,0, Max: 8, Diff: 0, Sum: 120, Workers: 15
[63,618s][debug][gc,phases         ] GC(58)     Log Buffers (ms):              Min: 0,00, Avg: 0,01, Max: 0,03, Diff: 0,03, Sum: 0,22, Workers: 15
[63,618s][debug][gc,phases         ] GC(58)       Dirty Cards:                   Min: 0, Avg: 205,8, Max: 672, Diff: 672, Sum: 3087, Workers: 15
[63,618s][debug][gc,phases         ] GC(58)       Skipped Cards:                 Min: 0, Avg:  0,0, Max: 0, Diff: 0, Sum: 0, Workers: 15
[63,618s][info ][gc,phases         ] GC(58)   Evacuate Collection Set: 71,75ms
[63,618s][debug][gc,phases         ] GC(58)     Ext Root Scanning (ms):        Min: 0,00, Avg: 0,09, Max: 0,26, Diff: 0,26, Sum: 1,42, Workers: 15
[63,618s][debug][gc,phases         ] GC(58)     Scan Heap Roots (ms):          Min: 0,01, Avg: 0,26, Max: 0,44, Diff: 0,43, Sum: 3,84, Workers: 15
[63,618s][debug][gc,phases         ] GC(58)       Scanned Cards:                 Min: 4, Avg: 203,3, Max: 368, Diff: 364, Sum: 3049, Workers: 15
[63,618s][debug][gc,phases         ] GC(58)       Scanned Blocks:                Min: 4, Avg: 163,3, Max: 316, Diff: 312, Sum: 2449, Workers: 15
[63,618s][debug][gc,phases         ] GC(58)       Claimed Chunks:                Min: 4, Avg: 137,3, Max: 253, Diff: 249, Sum: 2059, Workers: 15
[63,618s][debug][gc,phases         ] GC(58)       Found Roots:                   Min: 16, Avg: 357,0, Max: 732, Diff: 716, Sum: 5355, Workers: 15
[63,618s][debug][gc,phases         ] GC(58)     Code Root Scan (ms):           Min: 0,03, Avg: 0,04, Max: 0,11, Diff: 0,09, Sum: 0,62, Workers: 15
[63,618s][debug][gc,phases         ] GC(58)       Scanned Nmethods               Min: 0, Avg:  0,0, Max: 0, Diff: 0, Sum: 0, Workers: 15
[63,618s][debug][gc,phases         ] GC(58)     Object Copy (ms):              Min: 70,78, Avg: 71,01, Max: 71,28, Diff: 0,50, Sum: 1065,22, Workers: 15
[63,618s][debug][gc,phases         ] GC(58)     Termination (ms):              Min: 0,05, Avg: 0,08, Max: 0,13, Diff: 0,08, Sum: 1,18, Workers: 15
[63,618s][debug][gc,phases         ] GC(58)       Termination Attempts:          Min: 1, Avg:  1,0, Max: 1, Diff: 0, Sum: 15, Workers: 15
[63,618s][debug][gc,phases         ] GC(58)     GC Worker Other (ms):          Min: 0,04, Avg: 0,06, Max: 0,14, Diff: 0,10, Sum: 0,84, Workers: 15
[63,618s][debug][gc,phases         ] GC(58)     GC Worker Total (ms):          Min: 71,41, Avg: 71,54, Max: 71,67, Diff: 0,26, Sum: 1073,12, Workers: 15
[63,618s][info ][gc,phases         ] GC(58)   Post Evacuate Collection Set: 1,89ms
[63,618s][debug][gc,phases         ] GC(58)     NMethod List Cleanup: 0,01ms
[63,618s][debug][gc,phases         ] GC(58)     Reference Processing: 0,87ms
[63,618s][debug][gc,phases,ref     ] GC(58)       Notify Soft/WeakReferences: 0,4ms
[63,618s][debug][gc,phases,ref     ] GC(58)         Balance queues: 0,0ms
[63,618s][debug][gc,phases,ref     ] GC(58)         SoftRef (ms):                  Min: 0,00, Avg: 0,00, Max: 0,00, Diff: 0,00, Sum: 0,00, Workers: 3
[63,618s][debug][gc,phases,ref     ] GC(58)         WeakRef (ms):                  Min: 0,00, Avg: 0,00, Max: 0,00, Diff: 0,00, Sum: 0,00, Workers: 3
[63,618s][debug][gc,phases,ref     ] GC(58)         FinalRef (ms):                 Min: 0,05, Avg: 0,07, Max: 0,11, Diff: 0,05, Sum: 0,22, Workers: 3
[63,618s][debug][gc,phases,ref     ] GC(58)         Total (ms):                    Min: 0,11, Avg: 0,15, Max: 0,23, Diff: 0,11, Sum: 0,46, Workers: 3
[63,618s][debug][gc,phases,ref     ] GC(58)       Notify and keep alive finalizable: 0,4ms
[63,618s][debug][gc,phases,ref     ] GC(58)         Balance queues: 0,0ms
[63,618s][debug][gc,phases,ref     ] GC(58)         FinalRef (ms):                 Min: 0,08, Avg: 0,13, Max: 0,17, Diff: 0,09, Sum: 2,02, Workers: 15
[63,618s][debug][gc,phases,ref     ] GC(58)       Notify PhantomReferences: 0,1ms
[63,618s][debug][gc,phases,ref     ] GC(58)         PhantomRef (ms):               Min: 0,01, Avg: 0,01, Max: 0,01, Diff: 0,00, Sum: 0,01, Workers: 1
[63,618s][debug][gc,phases,ref     ] GC(58)       SoftReference Discovered: 0, Dropped: 0, Processed: 0
[63,618s][debug][gc,phases,ref     ] GC(58)       WeakReference Discovered: 0, Dropped: 0, Processed: 0
[63,619s][debug][gc,phases,ref     ] GC(58)       FinalReference Discovered: 2331, Dropped: 1, Processed: 2330
[63,619s][debug][gc,phases,ref     ] GC(58)       PhantomReference Discovered: 36, Dropped: 1, Processed: 35
[63,619s][debug][gc,phases         ] GC(58)     Weak Processing: 0,19ms
[63,619s][debug][gc,phases         ] GC(58)       VM Weak                        Min: 0,00, Avg: 0,00, Max: 0,00, Diff: 0,00, Sum: 0,02, Workers: 15
[63,619s][debug][gc,phases         ] GC(58)         Dead                           Min: 0, Avg:  0,0, Max: 0, Diff: 0, Sum: 0, Workers: 15
[63,619s][debug][gc,phases         ] GC(58)         Total                          Min: 0, Avg: 11,3, Max: 64, Diff: 64, Sum: 170, Workers: 15
[63,619s][debug][gc,phases         ] GC(58)       ObjectSynchronizer Weak        Min: 0,00, Avg: 0,00, Max: 0,00, Diff: 0,00, Sum: 0,01, Workers: 15
[63,619s][debug][gc,phases         ] GC(58)         Dead                           Min: 0, Avg:  0,0, Max: 0, Diff: 0, Sum: 0, Workers: 15
[63,619s][debug][gc,phases         ] GC(58)         Total                          Min: 0, Avg:  0,3, Max: 4, Diff: 4, Sum: 4, Workers: 15
[63,619s][debug][gc,phases         ] GC(58)       JVMTI Tag Weak OopStorage      Min: 0,00, Avg: 0,00, Max: 0,00, Diff: 0,00, Sum: 0,00, Workers: 15
[63,619s][debug][gc,phases         ] GC(58)         Dead                           Min: 0, Avg:  0,0, Max: 0, Diff: 0, Sum: 0, Workers: 15
[63,619s][debug][gc,phases         ] GC(58)         Total                          Min: 0, Avg:  0,0, Max: 0, Diff: 0, Sum: 0, Workers: 15
[63,619s][debug][gc,phases         ] GC(58)       StringTable Weak               Min: 0,00, Avg: 0,01, Max: 0,01, Diff: 0,01, Sum: 0,12, Workers: 15
[63,619s][debug][gc,phases         ] GC(58)         Dead                           Min: 0, Avg:  0,0, Max: 0, Diff: 0, Sum: 0, Workers: 15
[63,619s][debug][gc,phases         ] GC(58)         Total                          Min: 0, Avg: 567,5, Max: 1152, Diff: 1152, Sum: 8512, Workers: 15
[63,619s][debug][gc,phases         ] GC(58)       ResolvedMethodTable Weak       Min: 0,00, Avg: 0,00, Max: 0,00, Diff: 0,00, Sum: 0,04, Workers: 15
[63,619s][debug][gc,phases         ] GC(58)         Dead                           Min: 0, Avg:  0,0, Max: 0, Diff: 0, Sum: 0, Workers: 15
[63,619s][debug][gc,phases         ] GC(58)         Total                          Min: 0, Avg: 113,7, Max: 192, Diff: 192, Sum: 1706, Workers: 15
[63,619s][debug][gc,phases         ] GC(58)       JNI Weak                       Min: 0,00, Avg: 0,00, Max: 0,00, Diff: 0,00, Sum: 0,01, Workers: 15
[63,619s][debug][gc,phases         ] GC(58)         Dead                           Min: 0, Avg:  0,0, Max: 0, Diff: 0, Sum: 0, Workers: 15
[63,619s][debug][gc,phases         ] GC(58)         Total                          Min: 0, Avg:  0,0, Max: 0, Diff: 0, Sum: 0, Workers: 15
[63,619s][debug][gc,phases         ] GC(58)       StringDedup Table Weak         Min: 0,00, Avg: 0,01, Max: 0,02, Diff: 0,02, Sum: 0,19, Workers: 15
[63,619s][debug][gc,phases         ] GC(58)         Dead                           Min: 0, Avg:  0,0, Max: 0, Diff: 0, Sum: 0, Workers: 15
[63,619s][debug][gc,phases         ] GC(58)         Total                          Min: 0, Avg: 877,6, Max: 1600, Diff: 1600, Sum: 13164, Workers: 15
[63,619s][debug][gc,phases         ] GC(58)       StringDedup Requests0 Weak     Min: 0,00, Avg: 0,00, Max: 0,00, Diff: 0,00, Sum: 0,01, Workers: 15
[63,619s][debug][gc,phases         ] GC(58)         Dead                           Min: 0, Avg:  0,0, Max: 0, Diff: 0, Sum: 0, Workers: 15
[63,619s][debug][gc,phases         ] GC(58)         Total                          Min: 0, Avg:  0,0, Max: 0, Diff: 0, Sum: 0, Workers: 15
[63,619s][debug][gc,phases         ] GC(58)       StringDedup Requests1 Weak     Min: 0,00, Avg: 0,00, Max: 0,00, Diff: 0,00, Sum: 0,01, Workers: 15
[63,619s][debug][gc,phases         ] GC(58)         Dead                           Min: 0, Avg:  0,0, Max: 0, Diff: 0, Sum: 0, Workers: 15
[63,619s][debug][gc,phases         ] GC(58)         Total                          Min: 0, Avg: 12,8, Max: 64, Diff: 64, Sum: 192, Workers: 15
[63,619s][debug][gc,phases         ] GC(58)       Weak JFR Old Object Samples    Min: 0,00, Avg: 0,00, Max: 0,00, Diff: 0,00, Sum: 0,01, Workers: 15
[63,619s][debug][gc,phases         ] GC(58)         Dead                           Min: 0, Avg:  0,0, Max: 0, Diff: 0, Sum: 0, Workers: 15
[63,619s][debug][gc,phases         ] GC(58)         Total                          Min: 0, Avg:  0,0, Max: 0, Diff: 0, Sum: 0, Workers: 15
[63,619s][debug][gc,phases         ] GC(58)     Post Evacuate Cleanup 1: 0,28ms
[63,619s][debug][gc,phases         ] GC(58)       Merge Per-Thread State (ms):   Min: 0,05, Avg: 0,05, Max: 0,05, Diff: 0,00, Sum: 0,05, Workers: 1
[63,619s][debug][gc,phases         ] GC(58)         Copied Bytes                   Min: 39712576, Avg: 51949978,1, Max: 61775792, Diff: 22063216, Sum: 779249672, Workers: 15
[63,619s][debug][gc,phases         ] GC(58)         LAB Waste                      Min: 968, Avg: 7544,5, Max: 18488, Diff: 17520, Sum: 113168, Workers: 15
[63,619s][debug][gc,phases         ] GC(58)         LAB Undo Waste                 Min: 0, Avg:  0,0, Max: 0, Diff: 0, Sum: 0, Workers: 15
[63,619s][debug][gc,phases         ] GC(58)         Evac Fail Extra Cards          Min: 0, Avg:  0,0, Max: 0, Diff: 0, Sum: 0, Workers: 15
[63,619s][debug][gc,phases         ] GC(58)       Clear Logged Cards (ms):       Min: 0,00, Avg: 0,07, Max: 0,15, Diff: 0,15, Sum: 0,52, Workers: 7
[63,619s][debug][gc,phases         ] GC(58)       Recalculate Used Memory (ms):  Min: 0,00, Avg: 0,00, Max: 0,00, Diff: 0,00, Sum: 0,00, Workers: 1
[63,619s][debug][gc,phases         ] GC(58)     Post Evacuate Cleanup 2: 0,29ms
[63,619s][debug][gc,phases         ] GC(58)       Update Derived Pointers (ms):  Min: 0,00, Avg: 0,00, Max: 0,00, Diff: 0,00, Sum: 0,00, Workers: 1
[63,619s][debug][gc,phases         ] GC(58)       Eagerly Reclaim Humongous Objects (ms): skipped
[63,619s][debug][gc,phases         ] GC(58)         Humongous Total                skipped
[63,619s][debug][gc,phases         ] GC(58)         Humongous Candidates           skipped
[63,619s][debug][gc,phases         ] GC(58)         Humongous Reclaimed            skipped
[63,619s][debug][gc,phases         ] GC(58)       Redirty Logged Cards (ms):     Min: 0,00, Avg: 0,00, Max: 0,02, Diff: 0,02, Sum: 0,04, Workers: 15
[63,619s][debug][gc,phases         ] GC(58)         Redirtied Cards:               Min: 0, Avg: 89,4, Max: 651, Diff: 651, Sum: 1341, Workers: 15
[63,619s][debug][gc,phases         ] GC(58)       Resize TLABs (ms):             Min: 0,00, Avg: 0,00, Max: 0,01, Diff: 0,01, Sum: 0,01, Workers: 15
[63,619s][debug][gc,phases         ] GC(58)       Free Collection Set (ms):      Min: 0,03, Avg: 0,08, Max: 0,10, Diff: 0,07, Sum: 1,20, Workers: 15
[63,619s][debug][gc,phases         ] GC(58)     Rebuild Free List: 0,16ms
[63,619s][debug][gc,phases         ] GC(58)     Prepare For Mutator: 0,11ms
[63,619s][debug][gc,phases         ] GC(58)     Expand Heap After Collection: 0,00ms
[63,619s][info ][gc,phases         ] GC(58)   Other: 0,69ms
[63,619s][debug][gc,remset         ] GC(58) Coarsening (recent): Inline->AoC 0 (0) AoC->Howl 0 (0) Howl->Full 0 (0) Inline->AoC 0 (0) AoC->BitMap 0 (0) BitMap->Full 0 (0) 
[63,619s][debug][gc,remset         ] GC(58) Coarsening (all): Inline->AoC 7879 (0) AoC->Howl 3743 (0) Howl->Full 1072 (0) Inline->AoC 22692 (0) AoC->BitMap 21671 (0) BitMap->Full 4404 (0) 
[63,619s][info ][gc,heap           ] GC(58) Eden regions: 434->0(348)
[63,619s][info ][gc,heap           ] GC(58) Survivor regions: 78->64(64)
[63,619s][info ][gc,heap           ] GC(58) Old regions: 426->548
[63,619s][info ][gc,heap           ] GC(58) Humongous regions: 0->0
[63,619s][info ][gc,metaspace      ] GC(58) Metaspace: 20773K(21184K)->20773K(21184K) NonClass: 18155K(18368K)->18155K(18368K) Class: 2617K(2816K)->2617K(2816K)
[63,619s][debug][gc,heap           ] GC(58) Heap after GC invocations=59 (full 0):
[63,619s][debug][gc,heap           ] GC(58)  garbage-first heap   total reserved 8388608K, committed 5242880K, used 2501665K [0x0000000600000000, 0x0000000800000000)
[63,619s][debug][gc,heap           ] GC(58)   region size 4096K, 64 young (262144K), 64 survivors (262144K)
[63,619s][debug][gc,heap           ] GC(58)  Metaspace       used 20773K, committed 21184K, reserved 1114112K
[63,619s][debug][gc,heap           ] GC(58)   class space    used 2617K, committed 2816K, reserved 1048576K
[63,620s][info ][gc                ] GC(58) Pause Young (Concurrent Start) (G1 Evacuation Pause) 3749M->2443M(5120M) 77,481ms
[63,620s][info ][gc,cpu            ] GC(58) User=1,08s Sys=0,01s Real=0,08s
[63,620s][info ][gc                ] GC(59) Concurrent Mark Cycle
[63,620s][info ][gc,marking        ] GC(59) Concurrent Scan Root Regions
[63,620s][debug][gc,ergo           ] GC(59) Running G1 Root Region Scan using 4 workers for 190 work units.
[63,620s][debug][gc,task           ] G1 Service Thread (Card Set Free Memory Task) (run: 2,258ms) (cpu: 0,234ms)
[63,620s][debug][gc,refine         ] Concurrent refinement: wanted 0, cards: 1341, predicted: 2477, time: 1007,19ms
[63,674s][info ][gc,marking        ] GC(59) Concurrent Scan Root Regions 54,603ms
[63,674s][info ][gc,marking        ] GC(59) Concurrent Mark
[63,674s][info ][gc,marking        ] GC(59) Concurrent Mark From Roots
[63,674s][info ][gc,task           ] GC(59) Using 4 workers of 4 for marking
[63,709s][debug][gc,stats          ] ---------------------------------------------------------------------
[63,709s][debug][gc,stats          ] Marking Stats, task = 0, calls = 4
[63,709s][debug][gc,stats          ]   Elapsed time = 34,75ms, Termination time = 0,02ms
[63,709s][debug][gc,stats          ]   Step Times (cum): num = 241, avg = 2,79ms, sd = 4,30ms max = 12,02ms, total = 672,20ms
[63,709s][debug][gc,stats          ]   Mark Stats Cache: hits 716868 misses 1 ratio 100,000
[63,709s][debug][gc,stats          ] ---------------------------------------------------------------------
[63,709s][debug][gc,stats          ] Marking Stats, task = 1, calls = 4
[63,709s][debug][gc,stats          ]   Elapsed time = 34,74ms, Termination time = 0,02ms
[63,709s][debug][gc,stats          ]   Step Times (cum): num = 99, avg = 6,72ms, sd = 4,31ms max = 12,01ms, total = 665,02ms
[63,709s][debug][gc,stats          ]   Mark Stats Cache: hits 756547 misses 1 ratio 100,000
[63,709s][debug][gc,stats          ] ---------------------------------------------------------------------
[63,709s][debug][gc,stats          ] Marking Stats, task = 2, calls = 4
[63,709s][debug][gc,stats          ]   Elapsed time = 34,74ms, Termination time = 0,02ms
[63,709s][debug][gc,stats          ]   Step Times (cum): num = 99, avg = 6,78ms, sd = 4,28ms max = 12,00ms, total = 671,37ms
[63,709s][debug][gc,stats          ]   Mark Stats Cache: hits 752555 misses 1 ratio 100,000
[63,709s][debug][gc,stats          ] ---------------------------------------------------------------------
[63,709s][debug][gc,stats          ] Marking Stats, task = 3, calls = 4
[63,710s][debug][gc,stats          ]   Elapsed time = 34,73ms, Termination time = 0,04ms
[63,710s][debug][gc,stats          ]   Step Times (cum): num = 100, avg = 6,73ms, sd = 4,30ms max = 12,01ms, total = 673,36ms
[63,710s][debug][gc,stats          ]   Mark Stats Cache: hits 685559 misses 1 ratio 100,000
[63,710s][debug][gc,stats          ] ---------------------------------------------------------------------
[63,710s][info ][gc,marking        ] GC(59) Concurrent Mark From Roots 35,112ms
[63,710s][info ][gc,marking        ] GC(59) Concurrent Preclean
[63,710s][debug][gc,ref,start      ] GC(59) Preclean SoftReferences
[63,710s][debug][gc,ref            ] GC(59) Preclean SoftReferences 0,012ms
[63,710s][debug][gc,ref,start      ] GC(59) Preclean WeakReferences
[63,710s][debug][gc,ref            ] GC(59) Preclean WeakReferences 0,037ms
[63,710s][debug][gc,ref,start      ] GC(59) Preclean FinalReferences
[63,710s][debug][gc,ref            ] GC(59) Preclean FinalReferences 0,010ms
[63,710s][debug][gc,ref,start      ] GC(59) Preclean PhantomReferences
[63,710s][debug][gc,ref            ] GC(59) Preclean PhantomReferences 0,039ms
[63,710s][info ][gc,marking        ] GC(59) Concurrent Preclean 0,146ms
[63,710s][info ][gc,start          ] GC(59) Pause Remark
[63,710s][debug][gc,phases,start   ] GC(59) Finalize Marking
[63,710s][debug][gc,stats          ] ---------------------------------------------------------------------
[63,710s][debug][gc,stats          ] Marking Stats, task = 0, calls = 5
[63,710s][debug][gc,stats          ]   Elapsed time = 0,15ms, Termination time = 0,13ms
[63,710s][debug][gc,stats          ]   Step Times (cum): num = 242, avg = 2,78ms, sd = 4,30ms max = 12,02ms, total = 672,25ms
[63,710s][debug][gc,stats          ]   Mark Stats Cache: hits 716868 misses 1 ratio 100,000
[63,710s][debug][gc,stats          ] ---------------------------------------------------------------------
[63,710s][debug][gc,stats          ] Marking Stats, task = 1, calls = 5
[63,710s][debug][gc,stats          ]   Elapsed time = 0,19ms, Termination time = 0,18ms
[63,710s][debug][gc,stats          ]   Step Times (cum): num = 100, avg = 6,65ms, sd = 4,34ms max = 12,01ms, total = 665,02ms
[63,710s][debug][gc,stats          ]   Mark Stats Cache: hits 756547 misses 1 ratio 100,000
[63,710s][debug][gc,stats          ] ---------------------------------------------------------------------
[63,710s][debug][gc,stats          ] Marking Stats, task = 2, calls = 5
[63,710s][debug][gc,stats          ]   Elapsed time = 0,14ms, Termination time = 0,13ms
[63,710s][debug][gc,stats          ]   Step Times (cum): num = 100, avg = 6,71ms, sd = 4,31ms max = 12,00ms, total = 671,42ms
[63,710s][debug][gc,stats          ]   Mark Stats Cache: hits 752555 misses 1 ratio 100,000
[63,710s][debug][gc,stats          ] ---------------------------------------------------------------------
[63,710s][debug][gc,stats          ] Marking Stats, task = 3, calls = 5
[63,710s][debug][gc,stats          ]   Elapsed time = 0,12ms, Termination time = 0,15ms
[63,710s][debug][gc,stats          ]   Step Times (cum): num = 101, avg = 6,67ms, sd = 4,33ms max = 12,01ms, total = 673,39ms
[63,710s][debug][gc,stats          ]   Mark Stats Cache: hits 685559 misses 1 ratio 100,000
[63,710s][debug][gc,stats          ] ---------------------------------------------------------------------
[63,710s][debug][gc,stats          ] Marking Stats, task = 4, calls = 1
[63,710s][debug][gc,stats          ]   Elapsed time = 0,11ms, Termination time = 0,10ms
[63,710s][debug][gc,stats          ]   Step Times (cum): num = 17, avg = 0,03ms, sd = 0,01ms max = 0,05ms, total = 0,57ms
[63,710s][debug][gc,stats          ]   Mark Stats Cache: hits 11 misses 1 ratio 91,667
[63,710s][debug][gc,stats          ] ---------------------------------------------------------------------
[63,710s][debug][gc,stats          ] Marking Stats, task = 5, calls = 1
[63,710s][debug][gc,stats          ]   Elapsed time = 0,11ms, Termination time = 0,11ms
[63,710s][debug][gc,stats          ]   Step Times (cum): num = 17, avg = 0,03ms, sd = 0,02ms max = 0,08ms, total = 0,57ms
[63,710s][debug][gc,stats          ]   Mark Stats Cache: hits 95 misses 1 ratio 98,958
[63,710s][debug][gc,stats          ] ---------------------------------------------------------------------
[63,710s][debug][gc,stats          ] Marking Stats, task = 6, calls = 1
[63,710s][debug][gc,stats          ]   Elapsed time = 0,12ms, Termination time = 0,12ms
[63,710s][debug][gc,stats          ]   Step Times (cum): num = 17, avg = 0,04ms, sd = 0,02ms max = 0,10ms, total = 0,64ms
[63,710s][debug][gc,stats          ]   Mark Stats Cache: hits 5 misses 0 ratio 100,000
[63,710s][debug][gc,stats          ] ---------------------------------------------------------------------
[63,710s][debug][gc,stats          ] Marking Stats, task = 7, calls = 1
[63,710s][debug][gc,stats          ]   Elapsed time = 0,08ms, Termination time = 0,07ms
[63,710s][debug][gc,stats          ]   Step Times (cum): num = 17, avg = 0,04ms, sd = 0,02ms max = 0,08ms, total = 0,68ms
[63,710s][debug][gc,stats          ]   Mark Stats Cache: hits 11 misses 0 ratio 100,000
[63,710s][debug][gc,stats          ] ---------------------------------------------------------------------
[63,710s][debug][gc,stats          ] Marking Stats, task = 8, calls = 1
[63,710s][debug][gc,stats          ]   Elapsed time = 0,19ms, Termination time = 0,18ms
[63,710s][debug][gc,stats          ]   Step Times (cum): num = 17, avg = 0,04ms, sd = 0,01ms max = 0,06ms, total = 0,63ms
[63,710s][debug][gc,stats          ]   Mark Stats Cache: hits 70 misses 0 ratio 100,000
[63,710s][debug][gc,stats          ] ---------------------------------------------------------------------
[63,710s][debug][gc,stats          ] Marking Stats, task = 9, calls = 1
[63,710s][debug][gc,stats          ]   Elapsed time = 0,08ms, Termination time = 0,07ms
[63,711s][debug][gc,stats          ]   Step Times (cum): num = 17, avg = 0,04ms, sd = 0,02ms max = 0,06ms, total = 0,69ms
[63,711s][debug][gc,stats          ]   Mark Stats Cache: hits 8 misses 0 ratio 100,000
[63,711s][debug][gc,stats          ] ---------------------------------------------------------------------
[63,711s][debug][gc,stats          ] Marking Stats, task = 10, calls = 1
[63,711s][debug][gc,stats          ]   Elapsed time = 0,08ms, Termination time = 0,07ms
[63,711s][debug][gc,stats          ]   Step Times (cum): num = 17, avg = 0,04ms, sd = 0,02ms max = 0,06ms, total = 0,69ms
[63,711s][debug][gc,stats          ]   Mark Stats Cache: hits 3864 misses 1 ratio 99,974
[63,711s][debug][gc,stats          ] ---------------------------------------------------------------------
[63,711s][debug][gc,stats          ] Marking Stats, task = 11, calls = 1
[63,711s][debug][gc,stats          ]   Elapsed time = 0,19ms, Termination time = 0,18ms
[63,711s][debug][gc,stats          ]   Step Times (cum): num = 17, avg = 0,05ms, sd = 0,01ms max = 0,06ms, total = 0,77ms
[63,711s][debug][gc,stats          ]   Mark Stats Cache: hits 0 misses 0 ratio 0,000
[63,711s][debug][gc,stats          ] ---------------------------------------------------------------------
[63,711s][debug][gc,stats          ] Marking Stats, task = 12, calls = 1
[63,711s][debug][gc,stats          ]   Elapsed time = 0,19ms, Termination time = 0,18ms
[63,711s][debug][gc,stats          ]   Step Times (cum): num = 17, avg = 0,03ms, sd = 0,02ms max = 0,06ms, total = 0,58ms
[63,711s][debug][gc,stats          ]   Mark Stats Cache: hits 0 misses 0 ratio 0,000
[63,711s][debug][gc,stats          ] ---------------------------------------------------------------------
[63,711s][debug][gc,stats          ] Marking Stats, task = 13, calls = 1
[63,711s][debug][gc,stats          ]   Elapsed time = 0,02ms, Termination time = 0,01ms
[63,711s][debug][gc,stats          ]   Step Times (cum): num = 17, avg = 0,03ms, sd = 0,02ms max = 0,06ms, total = 0,47ms
[63,711s][debug][gc,stats          ]   Mark Stats Cache: hits 0 misses 0 ratio 0,000
[63,711s][debug][gc,stats          ] ---------------------------------------------------------------------
[63,711s][debug][gc,stats          ] Marking Stats, task = 14, calls = 1
[63,711s][debug][gc,stats          ]   Elapsed time = 0,04ms, Termination time = 0,03ms
[63,711s][debug][gc,stats          ]   Step Times (cum): num = 17, avg = 0,03ms, sd = 0,02ms max = 0,06ms, total = 0,52ms
[63,711s][debug][gc,stats          ]   Mark Stats Cache: hits 0 misses 0 ratio 0,000
[63,711s][debug][gc,stats          ] ---------------------------------------------------------------------
[63,711s][debug][gc,phases         ] GC(59) Finalize Marking 0,962ms
[63,711s][debug][gc,phases,start   ] GC(59) Reference Processing
[63,711s][debug][gc,ref            ] GC(59) ReferenceProcessor::execute queues: 1, RefProcThreadModel::Single, marks_oops_alive: false
[63,711s][debug][gc,ref            ] GC(59) ReferenceProcessor::execute queues: 15, RefProcThreadModel::Multi, marks_oops_alive: true
[63,711s][debug][gc,ref            ] GC(59) Skipped PhantomRefsPhase of Reference Processing: no references
[63,711s][debug][gc,phases,ref     ] GC(59) Reference Processing: 0,3ms
[63,711s][debug][gc,phases,ref     ] GC(59)   Notify Soft/WeakReferences: 0,0ms
[63,711s][debug][gc,phases,ref     ] GC(59)     SoftRef (ms):                  Min: 0,00, Avg: 0,00, Max: 0,00, Diff: 0,00, Sum: 0,00, Workers: 1
[63,711s][debug][gc,phases,ref     ] GC(59)     WeakRef (ms):                  Min: 0,00, Avg: 0,00, Max: 0,00, Diff: 0,00, Sum: 0,00, Workers: 1
[63,711s][debug][gc,phases,ref     ] GC(59)     FinalRef (ms):                 Min: 0,00, Avg: 0,00, Max: 0,00, Diff: 0,00, Sum: 0,00, Workers: 1
[63,711s][debug][gc,phases,ref     ] GC(59)     Total (ms):                    Min: 0,02, Avg: 0,02, Max: 0,02, Diff: 0,00, Sum: 0,02, Workers: 1
[63,711s][debug][gc,phases,ref     ] GC(59)   Notify and keep alive finalizable: 0,2ms
[63,711s][debug][gc,phases,ref     ] GC(59)     Balance queues: 0,0ms
[63,711s][debug][gc,phases,ref     ] GC(59)     FinalRef (ms):                 Min: 0,01, Avg: 0,10, Max: 0,18, Diff: 0,17, Sum: 1,48, Workers: 15
[63,711s][debug][gc,phases,ref     ] GC(59)   Notify PhantomReferences: 0,0ms
[63,711s][debug][gc,phases,ref     ] GC(59)     PhantomRef (ms):               skipped
[63,711s][debug][gc,phases,ref     ] GC(59)   SoftReference Discovered: 0, Dropped: 0, Processed: 0
[63,711s][debug][gc,phases,ref     ] GC(59)   WeakReference Discovered: 0, Dropped: 0, Processed: 0
[63,711s][debug][gc,phases,ref     ] GC(59)   FinalReference Discovered: 7, Dropped: 0, Processed: 7
[63,711s][debug][gc,phases,ref     ] GC(59)   PhantomReference Discovered: 0, Dropped: 0, Processed: 0
[63,711s][debug][gc,phases         ] GC(59) Reference Processing 0,443ms
[63,711s][debug][gc,phases,start   ] GC(59) Weak Processing
[63,711s][debug][gc,phases         ] GC(59)   VM Weak                        Min: 0,00, Avg: 0,00, Max: 0,00, Diff: 0,00, Sum: 0,01, Workers: 15
[63,711s][debug][gc,phases         ] GC(59)     Dead                           Min: 0, Avg:  0,0, Max: 0, Diff: 0, Sum: 0, Workers: 15
[63,711s][debug][gc,phases         ] GC(59)     Total                          Min: 0, Avg: 11,3, Max: 64, Diff: 64, Sum: 170, Workers: 15
[63,711s][debug][gc,phases         ] GC(59)   ObjectSynchronizer Weak        Min: 0,00, Avg: 0,00, Max: 0,00, Diff: 0,00, Sum: 0,00, Workers: 15
[63,711s][debug][gc,phases         ] GC(59)     Dead                           Min: 0, Avg:  0,0, Max: 0, Diff: 0, Sum: 0, Workers: 15
[63,711s][debug][gc,phases         ] GC(59)     Total                          Min: 0, Avg:  0,3, Max: 4, Diff: 4, Sum: 4, Workers: 15
[63,711s][debug][gc,phases         ] GC(59)   JVMTI Tag Weak OopStorage      Min: 0,00, Avg: 0,00, Max: 0,00, Diff: 0,00, Sum: 0,00, Workers: 15
[63,711s][debug][gc,phases         ] GC(59)     Dead                           Min: 0, Avg:  0,0, Max: 0, Diff: 0, Sum: 0, Workers: 15
[63,711s][debug][gc,phases         ] GC(59)     Total                          Min: 0, Avg:  0,0, Max: 0, Diff: 0, Sum: 0, Workers: 15
[63,711s][debug][gc,phases         ] GC(59)   StringTable Weak               Min: 0,00, Avg: 0,01, Max: 0,03, Diff: 0,03, Sum: 0,14, Workers: 15
[63,711s][debug][gc,phases         ] GC(59)     Dead                           Min: 0, Avg:  0,0, Max: 0, Diff: 0, Sum: 0, Workers: 15
[63,711s][debug][gc,phases         ] GC(59)     Total                          Min: 0, Avg: 567,5, Max: 2240, Diff: 2240, Sum: 8512, Workers: 15
[63,711s][debug][gc,phases         ] GC(59)   ResolvedMethodTable Weak       Min: 0,00, Avg: 0,00, Max: 0,01, Diff: 0,01, Sum: 0,03, Workers: 15
[63,711s][debug][gc,phases         ] GC(59)     Dead                           Min: 0, Avg:  0,0, Max: 0, Diff: 0, Sum: 0, Workers: 15
[63,711s][debug][gc,phases         ] GC(59)     Total                          Min: 0, Avg: 113,7, Max: 448, Diff: 448, Sum: 1706, Workers: 15
[63,711s][debug][gc,phases         ] GC(59)   JNI Weak                       Min: 0,00, Avg: 0,00, Max: 0,00, Diff: 0,00, Sum: 0,00, Workers: 15
[63,711s][debug][gc,phases         ] GC(59)     Dead                           Min: 0, Avg:  0,0, Max: 0, Diff: 0, Sum: 0, Workers: 15
[63,711s][debug][gc,phases         ] GC(59)     Total                          Min: 0, Avg:  0,0, Max: 0, Diff: 0, Sum: 0, Workers: 15
[63,711s][debug][gc,phases         ] GC(59)   StringDedup Table Weak         Min: 0,00, Avg: 0,01, Max: 0,03, Diff: 0,03, Sum: 0,17, Workers: 15
[63,711s][debug][gc,phases         ] GC(59)     Dead                           Min: 0, Avg:  0,0, Max: 0, Diff: 0, Sum: 0, Workers: 15
[63,712s][debug][gc,phases         ] GC(59)     Total                          Min: 0, Avg: 877,6, Max: 3264, Diff: 3264, Sum: 13164, Workers: 15
[63,712s][debug][gc,phases         ] GC(59)   StringDedup Requests0 Weak     Min: 0,00, Avg: 0,00, Max: 0,00, Diff: 0,00, Sum: 0,01, Workers: 15
[63,712s][debug][gc,phases         ] GC(59)     Dead                           Min: 0, Avg:  0,0, Max: 0, Diff: 0, Sum: 0, Workers: 15
[63,712s][debug][gc,phases         ] GC(59)     Total                          Min: 0, Avg:  0,0, Max: 0, Diff: 0, Sum: 0, Workers: 15
[63,712s][debug][gc,phases         ] GC(59)   StringDedup Requests1 Weak     Min: 0,00, Avg: 0,00, Max: 0,00, Diff: 0,00, Sum: 0,01, Workers: 15
[63,712s][debug][gc,phases         ] GC(59)     Dead                           Min: 0, Avg:  0,0, Max: 0, Diff: 0, Sum: 0, Workers: 15
[63,712s][debug][gc,phases         ] GC(59)     Total                          Min: 0, Avg:  0,0, Max: 0, Diff: 0, Sum: 0, Workers: 15
[63,712s][debug][gc,phases         ] GC(59)   Weak JFR Old Object Samples    Min: 0,00, Avg: 0,00, Max: 0,00, Diff: 0,00, Sum: 0,00, Workers: 15
[63,712s][debug][gc,phases         ] GC(59)     Dead                           Min: 0, Avg:  0,0, Max: 0, Diff: 0, Sum: 0, Workers: 15
[63,712s][debug][gc,phases         ] GC(59)     Total                          Min: 0, Avg:  0,0, Max: 0, Diff: 0, Sum: 0, Workers: 15
[63,712s][debug][gc,phases         ] GC(59) Weak Processing 0,407ms
[63,712s][debug][gc,phases,start   ] GC(59) Class Unloading
[63,712s][debug][gc,phases,start   ] GC(59) ClassLoaderData
[63,712s][debug][gc,phases         ] GC(59) ClassLoaderData 0,033ms
[63,712s][debug][gc,phases,start   ] GC(59) Trigger cleanups
[63,712s][debug][gc,phases         ] GC(59) Trigger cleanups 0,009ms
[63,712s][debug][gc,phases,start   ] GC(59) G1 Complete Cleaning
[63,712s][debug][gc,phases         ] GC(59) G1 Complete Cleaning 0,721ms
[63,712s][debug][gc,phases,start   ] GC(59) Purge Unlinked NMethods
[63,712s][debug][gc,phases         ] GC(59) Purge Unlinked NMethods 0,060ms
[63,713s][debug][gc,phases,start   ] GC(59) Free Code Blobs
[63,713s][debug][gc,phases         ] GC(59) Free Code Blobs 0,021ms
[63,713s][debug][gc,phases,start   ] GC(59) Purge Class Loader Data
[63,713s][debug][gc,phases         ] GC(59) Purge Class Loader Data 0,010ms
[63,713s][debug][gc,phases         ] GC(59) Class Unloading 0,931ms
[63,713s][debug][gc,phases,start   ] GC(59) Flush Task Caches
[63,713s][debug][gc,stats          ] Mark stats cache hits 2915600 misses 7 ratio 100,000
[63,713s][debug][gc,phases         ] GC(59) Flush Task Caches 0,052ms
[63,713s][debug][gc,phases,start   ] GC(59) Update Remembered Set Tracking Before Rebuild
[63,713s][debug][gc,ergo           ] GC(59) Running G1 Update RemSet Tracking Before Rebuild using 4 workers for 1280 regions in heap
[63,713s][debug][gc,remset,tracking] GC(59) Remembered Set Tracking update regions total 1280, selected 144
[63,713s][debug][gc,phases         ] GC(59) Update Remembered Set Tracking Before Rebuild 0,159ms
[63,713s][debug][gc,phases,start   ] GC(59) Reclaim Empty Regions
[63,713s][debug][gc                ] GC(59) Reclaimed 256 empty regions
[63,713s][debug][gc,phases         ] GC(59) Reclaim Empty Regions 0,460ms
[63,713s][debug][gc,phases,start   ] GC(59) Report Object Count
[63,713s][debug][gc,phases         ] GC(59) Report Object Count 0,009ms
[63,713s][debug][gc,mmu            ] GC(59) MMU: 78,8ms (200,0ms/201,0ms)
[63,713s][info ][gc                ] GC(59) Pause Remark 2541M->1517M(5120M) 3,568ms
[63,713s][info ][gc,cpu            ] GC(59) User=0,02s Sys=0,00s Real=0,01s
[63,713s][info ][gc,marking        ] GC(59) Concurrent Mark 38,998ms
[63,713s][info ][gc,marking        ] GC(59) Concurrent Rebuild Remembered Sets and Scrub Regions
[63,746s][debug][gc,refine         ] Concurrent refinement: wanted 0, cards: 1341, predicted: 2388, time: 928,52ms
[63,867s][debug][gc,refine         ] Concurrent refinement: wanted 0, cards: 2877, predicted: 3900, time: 906,80ms
[63,988s][debug][gc,refine         ] Concurrent refinement: wanted 0, cards: 2877, predicted: 3846, time: 858,99ms
[63,990s][info ][gc,marking        ] GC(59) Concurrent Rebuild Remembered Sets and Scrub Regions 276,908ms
[63,991s][info ][gc,start          ] GC(59) Pause Cleanup
[63,991s][debug][gc,phases,start   ] GC(59) Update Remembered Set Tracking After Rebuild
[63,991s][debug][gc,phases         ] GC(59) Update Remembered Set Tracking After Rebuild 0,056ms
[63,991s][debug][gc,phases,start   ] GC(59) Finalize Concurrent Mark Cleanup
[63,991s][debug][gc,ergo,cset      ] GC(59) Pruned 76 regions out of 143, leaving 267997928 bytes waste (allowed 268435456)
[63,991s][debug][gc,mmu            ] GC(59) MMU: 0,4ms (200,0ms/201,0ms)
[63,991s][debug][gc,phases         ] GC(59) Finalize Concurrent Mark Cleanup 0,339ms
[63,991s][info ][gc                ] GC(59) Pause Cleanup 1623M->1623M(5120M) 0,466ms
[63,991s][info ][gc,cpu            ] GC(59) User=0,00s Sys=0,00s Real=0,00s
[63,991s][info ][gc,marking        ] GC(59) Concurrent Clear Claimed Marks
[63,991s][info ][gc,marking        ] GC(59) Concurrent Clear Claimed Marks 0,036ms
[63,991s][info ][gc,marking        ] GC(59) Concurrent Cleanup for Next Mark
[63,991s][debug][gc,ergo           ] GC(59) Running G1 Clear Bitmap with 4 workers for 80 work units.
[63,994s][info ][gc,marking        ] GC(59) Concurrent Cleanup for Next Mark 2,606ms
[63,994s][info ][gc                ] GC(59) Concurrent Mark Cycle 374,146ms
[64,105s][debug][gc,refine         ] Concurrent refinement: wanted 0, cards: 2877, predicted: 3792, time: 811,19ms
[64,218s][debug][gc,refine         ] Concurrent refinement: wanted 0, cards: 2877, predicted: 3740, time: 764,84ms
[64,328s][debug][gc,refine         ] Concurrent refinement: wanted 0, cards: 2877, predicted: 3687, time: 718,48ms
[64,425s][debug][gc,task,start     ] G1 Service Thread (Periodic GC Task) (run 0,850ms after schedule)
[64,425s][debug][gc,task           ] G1 Service Thread (Periodic GC Task) (run: 0,066ms) (cpu: 0,077ms)
[64,436s][debug][gc,refine         ] Concurrent refinement: wanted 0, cards: 2877, predicted: 3637, time: 673,58ms
[64,539s][debug][gc,refine         ] Concurrent refinement: wanted 0, cards: 2877, predicted: 3588, time: 630,12ms
[64,639s][debug][gc,refine         ] Concurrent refinement: wanted 0, cards: 2877, predicted: 3540, time: 588,11ms
[64,736s][debug][gc,refine         ] Concurrent refinement: wanted 0, cards: 2877, predicted: 3494, time: 547,55ms
[64,830s][debug][gc,refine         ] Concurrent refinement: wanted 0, cards: 2877, predicted: 3450, time: 508,44ms
[64,920s][debug][gc,refine         ] Concurrent refinement: wanted 0, cards: 2877, predicted: 3128, time: 223,21ms
[64,940s][info ][gc,start          ] GC(60) Pause Young (Prepare Mixed) (G1 Evacuation Pause)
[64,940s][debug][gc,heap           ] GC(60) Heap before GC invocations=60 (full 0):
[64,940s][debug][gc,heap           ] GC(60)  garbage-first heap   total reserved 8388608K, committed 5242880K, used 2874401K [0x0000000600000000, 0x0000000800000000)
[64,940s][debug][gc,heap           ] GC(60)   region size 4096K, 412 young (1687552K), 64 survivors (262144K)
[64,940s][debug][gc,heap           ] GC(60)  Metaspace       used 20773K, committed 21184K, reserved 1114112K
[64,940s][debug][gc,heap           ] GC(60)   class space    used 2617K, committed 2816K, reserved 1048576K
[64,940s][info ][gc,task           ] GC(60) Using 15 workers of 15 for evacuation
[64,940s][debug][gc,age            ] GC(60) Desired survivor size 109051904 bytes, new threshold 1 (max threshold 15)
[64,940s][debug][gc,tlab           ] GC(60) TLAB totals: thrds: 23  refills: 1185 max: 345 slow allocs: 664 max 56 waste:  1,0% gc: 10909800B max: 1046144B slow: 4043368B max: 534056B
[64,940s][debug][gc,refine,stats   ] GC(60) Mutator refinement: 0,00ms, refined: 0, precleaned: 0, dirtied: 2375
[64,940s][debug][gc,refine,stats   ] GC(60) Concurrent refinement: 0,00ms, refined: 0, precleaned: 0, dirtied: 0
[64,940s][debug][gc,refine,stats   ] GC(60) Total refinement: 0,00ms, refined: 0, precleaned: 0, dirtied: 2375
[64,940s][debug][gc,refine,stats   ] GC(60) Generate dirty cards rate: 1,80 cards/ms
[64,940s][debug][gc,alloc,region   ] GC(60) Mutator Allocation stats, regions: 348, wasted size: 0B ( 0,0%)
[64,940s][debug][gc,ergo,cset      ] GC(60) Do not add marking candidates to collection set due to pause type.
[64,940s][debug][gc,ergo,cset      ] GC(60) Start adding retained candidates to collection set. Min 1 regions, available 0, time remaining 40,00ms, optional remaining 40,00ms
[64,940s][debug][gc,ergo,cset      ] GC(60) Retained candidates exhausted.
[64,940s][debug][gc,ergo,cset      ] GC(60) Finish adding retained candidates to collection set. Initial: 0, optional: 0, pinned: 0, predicted initial time: 0,00ms, predicted optional time: 0,00ms, time remaining: 40,00ms optional time remaining 40,00ms
[64,940s][debug][gc,ergo           ] GC(60) Running G1 Merge Heap Roots using 15 workers for 412 regions
[64,941s][debug][gc,remset         ] GC(60) Visited cards 157120 Total dirty 1294336 (12,14%) Total old 9142272 (1,72%)
[65,014s][debug][gc,ref            ] GC(60) ReferenceProcessor::execute queues: 2, RefProcThreadModel::Multi, marks_oops_alive: false
[65,014s][debug][gc,ref            ] GC(60) ReferenceProcessor::execute queues: 15, RefProcThreadModel::Multi, marks_oops_alive: true
[65,015s][debug][gc,ref            ] GC(60) ReferenceProcessor::execute queues: 1, RefProcThreadModel::Single, marks_oops_alive: false
[65,015s][debug][gc,ergo           ] GC(60) Initializing removing self forwards with 128 chunks per region
[65,015s][debug][gc,ergo           ] GC(60) Running G1 Rebuild Free List Task using 15 workers for rebuilding free list of regions
[65,015s][debug][gc,plab           ] GC(60) Young PLAB allocation: allocated: 218103808B, wasted: 37376B, unused: 2065560B, used: 216000872B, undo waste: 0B, 
[65,015s][debug][gc,plab           ] GC(60) Young other allocation: region end waste: 0B, regions filled: 52, num plab filled: 118, direct allocated: 0B, num direct allocated: 0, failure used: 0B, failure wasted: 0B
[65,015s][debug][gc,plab           ] GC(60) Young sizing: calculated: 43200168B, actual: 46390152B
[65,015s][debug][gc,plab           ] GC(60) Old PLAB allocation: allocated: 517996544B, wasted: 69448B, unused: 10728112B, used: 507198984B, undo waste: 0B, 
[65,015s][debug][gc,plab           ] GC(60) Old other allocation: region end waste: 0B, regions filled: 124, num plab filled: 247, direct allocated: 0B, num direct allocated: 0, failure used: 445424B, failure wasted: 7943184B
[65,015s][debug][gc,plab           ] GC(60) Old sizing: calculated: 101439792B, actual: 100015320B
[65,015s][debug][gc,ergo,heap      ] GC(60) Heap expansion: short term pause time ratio 0,14% long term pause time ratio 3,46% threshold 7,69% pause time ratio 7,69% fully expanded false resize by 0B
[65,015s][debug][gc,mmu            ] GC(60) MMU: 75,5ms (200,0ms/201,0ms)
[65,015s][debug][gc,alloc,stats    ] Old generation allocation in the last mutator period, old gen allocated: 526385152B, humongous allocated: 0B, old gen growth: 526385152B.
[65,015s][debug][gc,task,start     ] G1 Service Thread (Card Set Free Memory Task) (run 0,064ms after schedule)
[65,015s][debug][gc,ihop           ] GC(60) Basic information (value update), threshold: 1224119905B (22,80), target occupancy: 5368709120B, current occupancy: 1964017200B, recent allocation size: 526385152B, recent allocation duration: 1318,42ms, recent old gen allocation rate: 399255244,79B/s, recent marking phase length: 3246,46ms
[65,015s][debug][gc,ihop           ] GC(60) Adaptive IHOP information (value update), threshold: 1224119905B (24,00), internal target occupancy: 5100273664B, occupancy: 1964017200B, additional buffer size: 2168455168B, predicted old gen allocation rate: 628113444,40B/s, predicted marking phase length: 2718,77ms, prediction active: true
[65,016s][debug][gc,ergo,refine    ] GC(60) GC refinement: goal: 225377 + 839 / 20,00ms, actual: 3716 / 0,28ms, 
[65,016s][debug][gc,ergo,refine    ] GC(60) Unchanged pending cards target: 225377
[65,016s][info ][gc,phases         ] GC(60)   Pre Evacuate Collection Set: 0,40ms
[65,016s][debug][gc,phases         ] GC(60)     Pre Evacuate Prepare: 0,18ms
[65,016s][debug][gc,phases         ] GC(60)       JT Retire TLABs And Flush Logs (ms): Min: 0,00, Avg: 0,05, Max: 0,09, Diff: 0,09, Sum: 0,09, Workers: 2
[65,016s][debug][gc,phases         ] GC(60)       Non-JT Flush Logs (ms):        Min: 0,01, Avg: 0,01, Max: 0,01, Diff: 0,00, Sum: 0,01, Workers: 1
[65,016s][debug][gc,phases         ] GC(60)     Choose Collection Set: 0,05ms
[65,016s][debug][gc,phases         ] GC(60)     Region Register: 0,16ms
[65,016s][debug][gc,phases         ] GC(60)     Prepare Heap Roots: 0,00ms
[65,016s][info ][gc,phases         ] GC(60)   Merge Heap Roots: 0,57ms
[65,016s][debug][gc,phases         ] GC(60)     Prepare Merge Heap Roots: 0,02ms
[65,016s][debug][gc,phases         ] GC(60)     Remembered Sets (ms):          Min: 0,01, Avg: 0,11, Max: 0,14, Diff: 0,13, Sum: 1,60, Workers: 15
[65,016s][debug][gc,phases         ] GC(60)       Eager Reclaim (ms):            skipped
[65,016s][debug][gc,phases         ] GC(60)       Merged Inline                  Min: 0, Avg: 13,4, Max: 72, Diff: 72, Sum: 201, Workers: 15
[65,016s][debug][gc,phases         ] GC(60)       Merged ArrayOfCards            Min: 0, Avg: 12,6, Max: 53, Diff: 53, Sum: 189, Workers: 15
[65,016s][debug][gc,phases         ] GC(60)       Merged Howl                    Min: 0, Avg:  0,0, Max: 0, Diff: 0, Sum: 0, Workers: 15
[65,016s][debug][gc,phases         ] GC(60)       Merged Full                    Min: 0, Avg:  0,0, Max: 0, Diff: 0, Sum: 0, Workers: 15
[65,016s][debug][gc,phases         ] GC(60)       Merged Howl Inline             Min: 0, Avg:  0,0, Max: 0, Diff: 0, Sum: 0, Workers: 15
[65,016s][debug][gc,phases         ] GC(60)       Merged Howl ArrayOfCards       Min: 0, Avg:  0,0, Max: 0, Diff: 0, Sum: 0, Workers: 15
[65,016s][debug][gc,phases         ] GC(60)       Merged Howl BitMap             Min: 0, Avg:  0,0, Max: 0, Diff: 0, Sum: 0, Workers: 15
[65,016s][debug][gc,phases         ] GC(60)       Merged Howl Full               Min: 0, Avg:  0,0, Max: 0, Diff: 0, Sum: 0, Workers: 15
[65,016s][debug][gc,phases         ] GC(60)       Merged Cards                   Min: 8, Avg: 162,0, Max: 710, Diff: 702, Sum: 2430, Workers: 15
[65,016s][debug][gc,phases         ] GC(60)     Log Buffers (ms):              Min: 0,00, Avg: 0,01, Max: 0,03, Diff: 0,03, Sum: 0,16, Workers: 15
[65,016s][debug][gc,phases         ] GC(60)       Dirty Cards:                   Min: 0, Avg: 247,7, Max: 970, Diff: 970, Sum: 3716, Workers: 15
[65,016s][debug][gc,phases         ] GC(60)       Skipped Cards:                 Min: 0, Avg:  0,0, Max: 0, Diff: 0, Sum: 0, Workers: 15
[65,016s][info ][gc,phases         ] GC(60)   Evacuate Collection Set: 72,79ms
[65,016s][debug][gc,phases         ] GC(60)     Ext Root Scanning (ms):        Min: 0,00, Avg: 0,05, Max: 0,16, Diff: 0,15, Sum: 0,81, Workers: 15
[65,016s][debug][gc,phases         ] GC(60)     Scan Heap Roots (ms):          Min: 0,00, Avg: 0,27, Max: 0,46, Diff: 0,45, Sum: 4,09, Workers: 15
[65,016s][debug][gc,phases         ] GC(60)       Scanned Cards:                 Min: 3, Avg: 253,0, Max: 471, Diff: 468, Sum: 3795, Workers: 15
[65,016s][debug][gc,phases         ] GC(60)       Scanned Blocks:                Min: 1, Avg: 213,8, Max: 418, Diff: 417, Sum: 3207, Workers: 15
[65,016s][debug][gc,phases         ] GC(60)       Claimed Chunks:                Min: 1, Avg: 163,7, Max: 297, Diff: 296, Sum: 2455, Workers: 15
[65,016s][debug][gc,phases         ] GC(60)       Found Roots:                   Min: 12, Avg: 230,9, Max: 416, Diff: 404, Sum: 3464, Workers: 15
[65,016s][debug][gc,phases         ] GC(60)     Code Root Scan (ms):           Min: 0,02, Avg: 0,03, Max: 0,05, Diff: 0,03, Sum: 0,44, Workers: 15
[65,016s][debug][gc,phases         ] GC(60)       Scanned Nmethods               Min: 0, Avg:  0,0, Max: 0, Diff: 0, Sum: 0, Workers: 15
[65,016s][debug][gc,phases         ] GC(60)     Object Copy (ms):              Min: 71,96, Avg: 72,14, Max: 72,35, Diff: 0,40, Sum: 1082,13, Workers: 15
[65,016s][debug][gc,phases         ] GC(60)     Termination (ms):              Min: 0,05, Avg: 0,07, Max: 0,13, Diff: 0,08, Sum: 1,10, Workers: 15
[65,016s][debug][gc,phases         ] GC(60)       Termination Attempts:          Min: 1, Avg:  1,0, Max: 1, Diff: 0, Sum: 15, Workers: 15
[65,016s][debug][gc,phases         ] GC(60)     GC Worker Other (ms):          Min: 0,03, Avg: 0,04, Max: 0,06, Diff: 0,03, Sum: 0,66, Workers: 15
[65,016s][debug][gc,phases         ] GC(60)     GC Worker Total (ms):          Min: 72,53, Avg: 72,62, Max: 72,66, Diff: 0,13, Sum: 1089,24, Workers: 15
[65,016s][info ][gc,phases         ] GC(60)   Post Evacuate Collection Set: 1,61ms
[65,016s][debug][gc,phases         ] GC(60)     NMethod List Cleanup: 0,02ms
[65,016s][debug][gc,phases         ] GC(60)     Reference Processing: 0,84ms
[65,016s][debug][gc,phases,ref     ] GC(60)       Notify Soft/WeakReferences: 0,4ms
[65,016s][debug][gc,phases,ref     ] GC(60)         Balance queues: 0,0ms
[65,016s][debug][gc,phases,ref     ] GC(60)         SoftRef (ms):                  Min: 0,00, Avg: 0,00, Max: 0,00, Diff: 0,00, Sum: 0,00, Workers: 2
[65,016s][debug][gc,phases,ref     ] GC(60)         WeakRef (ms):                  Min: 0,00, Avg: 0,00, Max: 0,00, Diff: 0,00, Sum: 0,00, Workers: 2
[65,016s][debug][gc,phases,ref     ] GC(60)         FinalRef (ms):                 Min: 0,06, Avg: 0,10, Max: 0,14, Diff: 0,08, Sum: 0,20, Workers: 2
[65,016s][debug][gc,phases,ref     ] GC(60)         Total (ms):                    Min: 0,06, Avg: 0,12, Max: 0,18, Diff: 0,12, Sum: 0,25, Workers: 2
[65,016s][debug][gc,phases,ref     ] GC(60)       Notify and keep alive finalizable: 0,4ms
[65,016s][debug][gc,phases,ref     ] GC(60)         Balance queues: 0,0ms
[65,016s][debug][gc,phases,ref     ] GC(60)         FinalRef (ms):                 Min: 0,14, Avg: 0,21, Max: 0,32, Diff: 0,18, Sum: 3,11, Workers: 15
[65,016s][debug][gc,phases,ref     ] GC(60)       Notify PhantomReferences: 0,0ms
[65,016s][debug][gc,phases,ref     ] GC(60)         PhantomRef (ms):               Min: 0,01, Avg: 0,01, Max: 0,01, Diff: 0,00, Sum: 0,01, Workers: 1
[65,016s][debug][gc,phases,ref     ] GC(60)       SoftReference Discovered: 0, Dropped: 0, Processed: 0
[65,016s][debug][gc,phases,ref     ] GC(60)       WeakReference Discovered: 0, Dropped: 0, Processed: 0
[65,016s][debug][gc,phases,ref     ] GC(60)       FinalReference Discovered: 1597, Dropped: 2, Processed: 1595
[65,016s][debug][gc,phases,ref     ] GC(60)       PhantomReference Discovered: 41, Dropped: 2, Processed: 39
[65,016s][debug][gc,phases         ] GC(60)     Weak Processing: 0,11ms
[65,016s][debug][gc,phases         ] GC(60)       VM Weak                        Min: 0,00, Avg: 0,00, Max: 0,00, Diff: 0,00, Sum: 0,01, Workers: 15
[65,016s][debug][gc,phases         ] GC(60)         Dead                           Min: 0, Avg:  0,0, Max: 0, Diff: 0, Sum: 0, Workers: 15
[65,016s][debug][gc,phases         ] GC(60)         Total                          Min: 0, Avg: 11,3, Max: 106, Diff: 106, Sum: 170, Workers: 15
[65,016s][debug][gc,phases         ] GC(60)       ObjectSynchronizer Weak        Min: 0,00, Avg: 0,00, Max: 0,00, Diff: 0,00, Sum: 0,00, Workers: 15
[65,016s][debug][gc,phases         ] GC(60)         Dead                           Min: 0, Avg:  0,0, Max: 0, Diff: 0, Sum: 0, Workers: 15
[65,016s][debug][gc,phases         ] GC(60)         Total                          Min: 0, Avg:  0,3, Max: 4, Diff: 4, Sum: 4, Workers: 15
[65,016s][debug][gc,phases         ] GC(60)       JVMTI Tag Weak OopStorage      Min: 0,00, Avg: 0,00, Max: 0,00, Diff: 0,00, Sum: 0,00, Workers: 15
[65,016s][debug][gc,phases         ] GC(60)         Dead                           Min: 0, Avg:  0,0, Max: 0, Diff: 0, Sum: 0, Workers: 15
[65,016s][debug][gc,phases         ] GC(60)         Total                          Min: 0, Avg:  0,0, Max: 0, Diff: 0, Sum: 0, Workers: 15
[65,016s][debug][gc,phases         ] GC(60)       StringTable Weak               Min: 0,00, Avg: 0,01, Max: 0,03, Diff: 0,03, Sum: 0,11, Workers: 15
[65,016s][debug][gc,phases         ] GC(60)         Dead                           Min: 0, Avg:  0,0, Max: 0, Diff: 0, Sum: 0, Workers: 15
[65,016s][debug][gc,phases         ] GC(60)         Total                          Min: 0, Avg: 567,5, Max: 2304, Diff: 2304, Sum: 8512, Workers: 15
[65,016s][debug][gc,phases         ] GC(60)       ResolvedMethodTable Weak       Min: 0,00, Avg: 0,00, Max: 0,01, Diff: 0,01, Sum: 0,03, Workers: 15
[65,016s][debug][gc,phases         ] GC(60)         Dead                           Min: 0, Avg:  0,0, Max: 0, Diff: 0, Sum: 0, Workers: 15
[65,016s][debug][gc,phases         ] GC(60)         Total                          Min: 0, Avg: 113,7, Max: 382, Diff: 382, Sum: 1706, Workers: 15
[65,017s][debug][gc,phases         ] GC(60)       JNI Weak                       Min: 0,00, Avg: 0,00, Max: 0,00, Diff: 0,00, Sum: 0,01, Workers: 15
[65,017s][debug][gc,phases         ] GC(60)         Dead                           Min: 0, Avg:  0,0, Max: 0, Diff: 0, Sum: 0, Workers: 15
[65,017s][debug][gc,phases         ] GC(60)         Total                          Min: 0, Avg:  0,0, Max: 0, Diff: 0, Sum: 0, Workers: 15
[65,017s][debug][gc,phases         ] GC(60)       StringDedup Table Weak         Min: 0,00, Avg: 0,01, Max: 0,04, Diff: 0,04, Sum: 0,22, Workers: 15
[65,017s][debug][gc,phases         ] GC(60)         Dead                           Min: 0, Avg:  0,0, Max: 0, Diff: 0, Sum: 0, Workers: 15
[65,017s][debug][gc,phases         ] GC(60)         Total                          Min: 0, Avg: 877,6, Max: 2732, Diff: 2732, Sum: 13164, Workers: 15
[65,017s][debug][gc,phases         ] GC(60)       StringDedup Requests0 Weak     Min: 0,00, Avg: 0,00, Max: 0,00, Diff: 0,00, Sum: 0,02, Workers: 15
[65,017s][debug][gc,phases         ] GC(60)         Dead                           Min: 0, Avg:  0,0, Max: 0, Diff: 0, Sum: 0, Workers: 15
[65,017s][debug][gc,phases         ] GC(60)         Total                          Min: 0, Avg: 12,8, Max: 64, Diff: 64, Sum: 192, Workers: 15
[65,017s][debug][gc,phases         ] GC(60)       StringDedup Requests1 Weak     Min: 0,00, Avg: 0,00, Max: 0,00, Diff: 0,00, Sum: 0,01, Workers: 15
[65,017s][debug][gc,phases         ] GC(60)         Dead                           Min: 0, Avg:  0,0, Max: 0, Diff: 0, Sum: 0, Workers: 15
[65,017s][debug][gc,phases         ] GC(60)         Total                          Min: 0, Avg:  0,0, Max: 0, Diff: 0, Sum: 0, Workers: 15
[65,017s][debug][gc,phases         ] GC(60)       Weak JFR Old Object Samples    Min: 0,00, Avg: 0,00, Max: 0,00, Diff: 0,00, Sum: 0,01, Workers: 15
[65,017s][debug][gc,phases         ] GC(60)         Dead                           Min: 0, Avg:  0,0, Max: 0, Diff: 0, Sum: 0, Workers: 15
[65,017s][debug][gc,phases         ] GC(60)         Total                          Min: 0, Avg:  0,0, Max: 0, Diff: 0, Sum: 0, Workers: 15
[65,017s][debug][gc,phases         ] GC(60)     Post Evacuate Cleanup 1: 0,26ms
[65,017s][debug][gc,phases         ] GC(60)       Merge Per-Thread State (ms):   Min: 0,07, Avg: 0,07, Max: 0,07, Diff: 0,00, Sum: 0,07, Workers: 1
[65,017s][debug][gc,phases         ] GC(60)         Copied Bytes                   Min: 39012344, Avg: 48213323,7, Max: 69796080, Diff: 30783736, Sum: 723199856, Workers: 15
[65,017s][debug][gc,phases         ] GC(60)         LAB Waste                      Min: 840, Avg: 7121,6, Max: 13888, Diff: 13048, Sum: 106824, Workers: 15
[65,017s][debug][gc,phases         ] GC(60)         LAB Undo Waste                 Min: 0, Avg:  0,0, Max: 0, Diff: 0, Sum: 0, Workers: 15
[65,017s][debug][gc,phases         ] GC(60)         Evac Fail Extra Cards          Min: 0, Avg:  0,3, Max: 3, Diff: 3, Sum: 5, Workers: 15
[65,017s][debug][gc,phases         ] GC(60)       Clear Logged Cards (ms):       Min: 0,00, Avg: 0,04, Max: 0,21, Diff: 0,21, Sum: 0,62, Workers: 15
[65,017s][debug][gc,phases         ] GC(60)       Recalculate Used Memory (ms):  Min: 0,04, Avg: 0,04, Max: 0,04, Diff: 0,00, Sum: 0,04, Workers: 1
[65,017s][debug][gc,phases         ] GC(60)       Restore Evacuation Failed Regions (ms): Min: 0,00, Avg: 0,03, Max: 0,07, Diff: 0,07, Sum: 0,40, Workers: 15
[65,017s][debug][gc,phases         ] GC(60)         Evacuation Failed Regions:     Min: 1, Avg:  1,0, Max: 1, Diff: 0, Sum: 2, Workers: 2
[65,017s][debug][gc,phases         ] GC(60)         Pinned Regions:                Min: 1, Avg:  1,0, Max: 1, Diff: 0, Sum: 2, Workers: 2
[65,017s][debug][gc,phases         ] GC(60)         Allocation Failed Regions:     skipped
[65,017s][debug][gc,phases         ] GC(60)         Remove Self Forwards (ms):     Min: 0,00, Avg: 0,02, Max: 0,05, Diff: 0,05, Sum: 0,21, Workers: 12
[65,017s][debug][gc,phases         ] GC(60)           Forward Chunks:                Min: 1, Avg:  3,0, Max: 7, Diff: 6, Sum: 21, Workers: 7
[65,017s][debug][gc,phases         ] GC(60)           Empty Forward Chunks:          Min: 3, Avg: 19,6, Max: 68, Diff: 65, Sum: 235, Workers: 12
[65,017s][debug][gc,phases         ] GC(60)           Forward Objects:               Min: 1, Avg:  3,0, Max: 7, Diff: 6, Sum: 21, Workers: 7
[65,017s][debug][gc,phases         ] GC(60)           Forward Bytes:                 Min: 48, Avg: 63632,0, Max: 162448, Diff: 162400, Sum: 445424, Workers: 7
[65,017s][debug][gc,phases         ] GC(60)     Post Evacuate Cleanup 2: 0,22ms
[65,017s][debug][gc,phases         ] GC(60)       Recalculate Used Memory (ms):  Min: 0,04, Avg: 0,04, Max: 0,04, Diff: 0,00, Sum: 0,04, Workers: 1
[65,017s][debug][gc,phases         ] GC(60)       Restore Preserved Marks (ms):  Min: 0,00, Avg: 0,00, Max: 0,00, Diff: 0,00, Sum: 0,01, Workers: 15
[65,017s][debug][gc,phases         ] GC(60)       Process Evacuation Failed Regions (ms): Min: 0,00, Avg: 0,00, Max: 0,01, Diff: 0,01, Sum: 0,03, Workers: 15
[65,017s][debug][gc,phases         ] GC(60)       Update Derived Pointers (ms):  Min: 0,00, Avg: 0,00, Max: 0,00, Diff: 0,00, Sum: 0,00, Workers: 1
[65,017s][debug][gc,phases         ] GC(60)       Eagerly Reclaim Humongous Objects (ms): skipped
[65,017s][debug][gc,phases         ] GC(60)         Humongous Total                skipped
[65,017s][debug][gc,phases         ] GC(60)         Humongous Candidates           skipped
[65,017s][debug][gc,phases         ] GC(60)         Humongous Reclaimed            skipped
[65,017s][debug][gc,phases         ] GC(60)       Sample CSet Candidates (ms):   Min: 0,02, Avg: 0,02, Max: 0,02, Diff: 0,00, Sum: 0,02, Workers: 1
[65,017s][debug][gc,phases         ] GC(60)       Redirty Logged Cards (ms):     Min: 0,00, Avg: 0,00, Max: 0,01, Diff: 0,01, Sum: 0,06, Workers: 15
[65,017s][debug][gc,phases         ] GC(60)         Redirtied Cards:               Min: 0, Avg: 111,2, Max: 522, Diff: 522, Sum: 1668, Workers: 15
[65,017s][debug][gc,phases         ] GC(60)       Resize TLABs (ms):             Min: 0,00, Avg: 0,00, Max: 0,01, Diff: 0,01, Sum: 0,01, Workers: 15
[65,017s][debug][gc,phases         ] GC(60)       Free Collection Set (ms):      Min: 0,04, Avg: 0,07, Max: 0,11, Diff: 0,08, Sum: 1,12, Workers: 15
[65,017s][debug][gc,phases         ] GC(60)     Rebuild Free List: 0,07ms
[65,017s][debug][gc,phases         ] GC(60)     Prepare For Mutator: 0,10ms
[65,017s][debug][gc,phases         ] GC(60)     Expand Heap After Collection: 0,00ms
[65,017s][info ][gc,phases         ] GC(60)   Other: 0,36ms
[65,017s][debug][gc,remset         ] GC(60) Coarsening (recent): Inline->AoC 1040 (0) AoC->Howl 505 (0) Howl->Full 129 (0) Inline->AoC 2799 (0) AoC->BitMap 2656 (0) BitMap->Full 505 (0) 
[65,017s][debug][gc,remset         ] GC(60) Coarsening (all): Inline->AoC 8919 (0) AoC->Howl 4248 (0) Howl->Full 1201 (0) Inline->AoC 25491 (0) AoC->BitMap 24327 (0) BitMap->Full 4909 (0) 
[65,017s][info ][gc,heap           ] GC(60) Eden regions: 348->0(465)
[65,017s][info ][gc,heap           ] GC(60) Survivor regions: 64->52(52)
[65,017s][info ][gc,heap           ] GC(60) Old regions: 292->417
[65,017s][info ][gc,heap           ] GC(60) Humongous regions: 0->0
[65,017s][info ][gc,metaspace      ] GC(60) Metaspace: 20773K(21184K)->20773K(21184K) NonClass: 18156K(18368K)->18156K(18368K) Class: 2617K(2816K)->2617K(2816K)
[65,017s][debug][gc,heap           ] GC(60) Heap after GC invocations=61 (full 0):
[65,017s][debug][gc,heap           ] GC(60)  garbage-first heap   total reserved 8388608K, committed 5242880K, used 1917985K [0x0000000600000000, 0x0000000800000000)
[65,017s][debug][gc,heap           ] GC(60)   region size 4096K, 52 young (212992K), 52 survivors (212992K)
[65,017s][debug][gc,heap           ] GC(60)  Metaspace       used 20773K, committed 21184K, reserved 1114112K
[65,017s][debug][gc,heap           ] GC(60)   class space    used 2617K, committed 2816K, reserved 1048576K
[65,017s][info ][gc                ] GC(60) Pause Young (Prepare Mixed) (G1 Evacuation Pause) (Evacuation Failure: Pinned) 2811M->1873M(5120M) 77,481ms
[65,017s][info ][gc,cpu            ] GC(60) User=1,09s Sys=0,01s Real=0,08s
[65,017s][debug][gc,task           ] G1 Service Thread (Card Set Free Memory Task) (run: 1,989ms) (cpu: 0,220ms)
[65,019s][debug][gc,refine         ] Concurrent refinement: wanted 0, cards: 1668, predicted: 3690, time: 1391,86ms
[65,168s][debug][gc,refine         ] Concurrent refinement: wanted 0, cards: 2692, predicted: 4359, time: 1147,58ms
[65,303s][debug][gc,refine         ] Concurrent refinement: wanted 0, cards: 3460, predicted: 5076, time: 1112,48ms
[65,425s][debug][gc,task,start     ] G1 Service Thread (Periodic GC Task) (run 0,486ms after schedule)
[65,426s][debug][gc,task           ] G1 Service Thread (Periodic GC Task) (run: 0,064ms) (cpu: 0,069ms)
[65,437s][debug][gc,refine         ] Concurrent refinement: wanted 0, cards: 3460, predicted: 4990, time: 1052,96ms
[65,566s][debug][gc,refine         ] Concurrent refinement: wanted 0, cards: 3460, predicted: 4905, time: 994,97ms
[65,692s][debug][gc,refine         ] Concurrent refinement: wanted 0, cards: 3460, predicted: 4823, time: 938,51ms
[65,814s][debug][gc,refine         ] Concurrent refinement: wanted 0, cards: 3460, predicted: 4746, time: 885,10ms
[65,933s][debug][gc,refine         ] Concurrent refinement: wanted 0, cards: 3460, predicted: 4670, time: 833,21ms
[66,049s][debug][gc,refine         ] Concurrent refinement: wanted 0, cards: 3460, predicted: 4595, time: 781,33ms
[66,160s][debug][gc,refine         ] Concurrent refinement: wanted 0, cards: 3460, predicted: 4524, time: 732,50ms
[66,268s][debug][gc,refine         ] Concurrent refinement: wanted 0, cards: 3460, predicted: 4455, time: 685,19ms
[66,334s][info ][gc,start          ] GC(61) Pause Young (Mixed) (G1 Evacuation Pause)
[66,334s][debug][gc,heap           ] GC(61) Heap before GC invocations=61 (full 0):
[66,334s][debug][gc,heap           ] GC(61)  garbage-first heap   total reserved 8388608K, committed 5242880K, used 3818529K [0x0000000600000000, 0x0000000800000000)
[66,334s][debug][gc,heap           ] GC(61)   region size 4096K, 517 young (2117632K), 52 survivors (212992K)
[66,334s][debug][gc,heap           ] GC(61)  Metaspace       used 20773K, committed 21184K, reserved 1114112K
[66,334s][debug][gc,heap           ] GC(61)   class space    used 2617K, committed 2816K, reserved 1048576K
[66,334s][info ][gc,task           ] GC(61) Using 15 workers of 15 for evacuation
[66,334s][debug][gc,age            ] GC(61) Desired survivor size 136314880 bytes, new threshold 1 (max threshold 15)
[66,334s][debug][gc,tlab           ] GC(61) TLAB totals: thrds: 24  refills: 1820 max: 363 slow allocs: 1574 max 126 waste:  0,8% gc: 9888424B max: 1518936B slow: 5156880B max: 813560B
[66,334s][debug][gc,refine,stats   ] GC(61) Mutator refinement: 0,00ms, refined: 0, precleaned: 0, dirtied: 2561
[66,334s][debug][gc,refine,stats   ] GC(61) Concurrent refinement: 0,00ms, refined: 0, precleaned: 0, dirtied: 0
[66,334s][debug][gc,refine,stats   ] GC(61) Total refinement: 0,00ms, refined: 0, precleaned: 0, dirtied: 2561
[66,334s][debug][gc,refine,stats   ] GC(61) Generate dirty cards rate: 1,94 cards/ms
[66,334s][debug][gc,alloc,region   ] GC(61) Mutator Allocation stats, regions: 465, wasted size: 1312B ( 0,0%)
[66,334s][debug][gc,ergo,cset      ] GC(61) Start adding marking candidates to collection set. Min 9 regions, max 128 regions, available 67 regionstime remaining 110,20ms, optional threshold 22,04ms
[66,334s][debug][gc,ergo,cset      ] GC(61) Marking candidates exhausted.
[66,334s][debug][gc,ergo,cset      ] GC(61) Finish adding marking candidates to collection set. Initial: 67, optional: 0, pinned: 0, predicted initial time: 1,43ms, predicted optional time: 0,00ms, time remaining: 108,77ms
[66,335s][debug][gc,ergo,cset      ] GC(61) Start adding retained candidates to collection set. Min 1 regions, available 2, time remaining 40,00ms, optional remaining 40,00ms
[66,335s][debug][gc,ergo,cset      ] GC(61) Retained candidates exhausted.
[66,335s][debug][gc,ergo,cset      ] GC(61) Finish adding retained candidates to collection set. Initial: 2, optional: 0, pinned: 0, predicted initial time: 0,08ms, predicted optional time: 0,00ms, time remaining: 39,92ms optional time remaining 39,92ms
[66,335s][debug][gc,ergo           ] GC(61) Running G1 Merge Heap Roots using 15 workers for 586 regions
[66,335s][debug][gc,remset         ] GC(61) Visited cards 198080 Total dirty 1556480 (12,73%) Total old 12451840 (1,59%)
[66,396s][debug][gc,ref            ] GC(61) ReferenceProcessor::execute queues: 3, RefProcThreadModel::Multi, marks_oops_alive: false
[66,397s][debug][gc,ref            ] GC(61) ReferenceProcessor::execute queues: 15, RefProcThreadModel::Multi, marks_oops_alive: true
[66,398s][debug][gc,ref            ] GC(61) ReferenceProcessor::execute queues: 1, RefProcThreadModel::Single, marks_oops_alive: false
[66,398s][debug][gc,ergo           ] GC(61) Initializing removing self forwards with 128 chunks per region
[66,398s][debug][gc,ergo           ] GC(61) Running G1 Rebuild Free List Task using 15 workers for rebuilding free list of regions
[66,398s][debug][gc,plab           ] GC(61) Young PLAB allocation: allocated: 272629760B, wasted: 33648B, unused: 1836376B, used: 270759736B, undo waste: 0B, 
[66,398s][debug][gc,plab           ] GC(61) Young other allocation: region end waste: 0B, regions filled: 65, num plab filled: 144, direct allocated: 0B, num direct allocated: 0, failure used: 0B, failure wasted: 0B
[66,398s][debug][gc,plab           ] GC(61) Young sizing: calculated: 54151944B, actual: 52211496B
[66,398s][debug][gc,plab           ] GC(61) Old PLAB allocation: allocated: 423624704B, wasted: 42368B, unused: 20725384B, used: 402856952B, undo waste: 0B, 
[66,398s][debug][gc,plab           ] GC(61) Old other allocation: region end waste: 0B, regions filled: 101, num plab filled: 202, direct allocated: 0B, num direct allocated: 0, failure used: 805248B, failure wasted: 7583360B
[66,398s][debug][gc,plab           ] GC(61) Old sizing: calculated: 80571384B, actual: 85432368B
[66,398s][debug][gc,task,start     ] G1 Service Thread (Card Set Free Memory Task) (run 0,008ms after schedule)
[66,398s][debug][gc,ergo,heap      ] GC(61) Heap expansion: short term pause time ratio 7,37% long term pause time ratio 4,12% threshold 7,69% pause time ratio 7,69% fully expanded false resize by 0B
[66,398s][debug][gc,ergo,ihop      ] GC(61) Do not request concurrent cycle initiation (still doing mixed collections) occupancy: 1891631104B allocation request: 0B threshold: 1224119905B (22,80) source: end of GC
[66,398s][debug][gc,mmu            ] GC(61) MMU: 64,1ms (200,0ms/201,0ms)
[66,398s][debug][gc,ergo           ] GC(61) do not continue mixed GCs (candidate old regions not available)
[66,398s][debug][gc,ergo,ihop      ] GC(61) Request concurrent cycle initiation (occupancy higher than threshold) occupancy: 1891631104B allocation request: 0B threshold: 1224119905B (22,80) source: end of GC
[66,398s][debug][gc,alloc,stats    ] Old generation allocation in the last mutator period, old gen allocated: 432013312B, humongous allocated: 0B, old gen growth: 432013312B.
[66,398s][debug][gc,ihop           ] GC(61) Basic information (value update), threshold: 1220742743B (22,74), target occupancy: 5368709120B, current occupancy: 2161149488B, recent allocation size: 432013312B, recent allocation duration: 1318,42ms, recent old gen allocation rate: 327675619,23B/s, recent marking phase length: 2637,33ms
[66,398s][debug][gc,ihop           ] GC(61) Adaptive IHOP information (value update), threshold: 1220742743B (23,93), internal target occupancy: 5100273664B, occupancy: 2161149488B, additional buffer size: 2168455168B, predicted old gen allocation rate: 628113444,40B/s, predicted marking phase length: 2724,15ms, prediction active: true
[66,399s][debug][gc,ergo,refine    ] GC(61) GC refinement: goal: 225377 + 845 / 20,00ms, actual: 4227 / 0,34ms, 
[66,399s][debug][gc,ergo,refine    ] GC(61) New pending cards target: 236829
[66,399s][info ][gc,phases         ] GC(61)   Pre Evacuate Collection Set: 0,33ms
[66,399s][debug][gc,phases         ] GC(61)     Pre Evacuate Prepare: 0,07ms
[66,399s][debug][gc,phases         ] GC(61)       JT Retire TLABs And Flush Logs (ms): Min: 0,00, Avg: 0,01, Max: 0,03, Diff: 0,03, Sum: 0,03, Workers: 2
[66,399s][debug][gc,phases         ] GC(61)       Non-JT Flush Logs (ms):        Min: 0,01, Avg: 0,01, Max: 0,01, Diff: 0,00, Sum: 0,01, Workers: 1
[66,399s][debug][gc,phases         ] GC(61)     Choose Collection Set: 0,10ms
[66,399s][debug][gc,phases         ] GC(61)     Region Register: 0,15ms
[66,399s][debug][gc,phases         ] GC(61)     Prepare Heap Roots: 0,00ms
[66,399s][info ][gc,phases         ] GC(61)   Merge Heap Roots: 0,52ms
[66,399s][debug][gc,phases         ] GC(61)     Prepare Merge Heap Roots: 0,02ms
[66,399s][debug][gc,phases         ] GC(61)     Remembered Sets (ms):          Min: 0,07, Avg: 0,11, Max: 0,23, Diff: 0,16, Sum: 1,61, Workers: 15
[66,399s][debug][gc,phases         ] GC(61)       Eager Reclaim (ms):            skipped
[66,399s][debug][gc,phases         ] GC(61)       Merged Inline                  Min: 0, Avg:  7,7, Max: 38, Diff: 38, Sum: 115, Workers: 15
[66,399s][debug][gc,phases         ] GC(61)       Merged ArrayOfCards            Min: 0, Avg:  5,1, Max: 22, Diff: 22, Sum: 76, Workers: 15
[66,399s][debug][gc,phases         ] GC(61)       Merged Howl                    Min: 0, Avg:  0,0, Max: 0, Diff: 0, Sum: 0, Workers: 15
[66,399s][debug][gc,phases         ] GC(61)       Merged Full                    Min: 0, Avg:  0,0, Max: 0, Diff: 0, Sum: 0, Workers: 15
[66,399s][debug][gc,phases         ] GC(61)       Merged Howl Inline             Min: 0, Avg:  0,0, Max: 0, Diff: 0, Sum: 0, Workers: 15
[66,399s][debug][gc,phases         ] GC(61)       Merged Howl ArrayOfCards       Min: 0, Avg:  0,0, Max: 0, Diff: 0, Sum: 0, Workers: 15
[66,399s][debug][gc,phases         ] GC(61)       Merged Howl BitMap             Min: 0, Avg:  0,0, Max: 0, Diff: 0, Sum: 0, Workers: 15
[66,399s][debug][gc,phases         ] GC(61)       Merged Howl Full               Min: 0, Avg:  0,0, Max: 0, Diff: 0, Sum: 0, Workers: 15
[66,399s][debug][gc,phases         ] GC(61)       Merged Cards                   Min: 8, Avg: 71,6, Max: 294, Diff: 286, Sum: 1074, Workers: 15
[66,399s][debug][gc,phases         ] GC(61)     Log Buffers (ms):              Min: 0,00, Avg: 0,03, Max: 0,05, Diff: 0,05, Sum: 0,38, Workers: 15
[66,399s][debug][gc,phases         ] GC(61)       Dirty Cards:                   Min: 0, Avg: 281,8, Max: 873, Diff: 873, Sum: 4227, Workers: 15
[66,399s][debug][gc,phases         ] GC(61)       Skipped Cards:                 Min: 0, Avg:  0,1, Max: 1, Diff: 1, Sum: 2, Workers: 15
[66,399s][info ][gc,phases         ] GC(61)   Evacuate Collection Set: 61,16ms
[66,399s][debug][gc,phases         ] GC(61)     Ext Root Scanning (ms):        Min: 0,00, Avg: 0,05, Max: 0,17, Diff: 0,16, Sum: 0,79, Workers: 15
[66,399s][debug][gc,phases         ] GC(61)     Scan Heap Roots (ms):          Min: 0,02, Avg: 0,38, Max: 0,82, Diff: 0,80, Sum: 5,72, Workers: 15
[66,399s][debug][gc,phases         ] GC(61)       Scanned Cards:                 Min: 40, Avg: 342,4, Max: 702, Diff: 662, Sum: 5136, Workers: 15
[66,399s][debug][gc,phases         ] GC(61)       Scanned Blocks:                Min: 8, Avg: 261,3, Max: 513, Diff: 505, Sum: 3920, Workers: 15
[66,399s][debug][gc,phases         ] GC(61)       Claimed Chunks:                Min: 2, Avg: 206,3, Max: 403, Diff: 401, Sum: 3095, Workers: 15
[66,399s][debug][gc,phases         ] GC(61)       Found Roots:                   Min: 84, Avg: 445,6, Max: 1057, Diff: 973, Sum: 6684, Workers: 15
[66,399s][debug][gc,phases         ] GC(61)     Code Root Scan (ms):           Min: 0,03, Avg: 0,04, Max: 0,06, Diff: 0,03, Sum: 0,53, Workers: 15
[66,399s][debug][gc,phases         ] GC(61)       Scanned Nmethods               Min: 0, Avg:  0,2, Max: 3, Diff: 3, Sum: 3, Workers: 15
[66,399s][debug][gc,phases         ] GC(61)     Object Copy (ms):              Min: 59,96, Avg: 60,42, Max: 60,80, Diff: 0,83, Sum: 906,25, Workers: 15
[66,399s][debug][gc,phases         ] GC(61)     Termination (ms):              Min: 0,04, Avg: 0,05, Max: 0,10, Diff: 0,06, Sum: 0,79, Workers: 15
[66,399s][debug][gc,phases         ] GC(61)       Termination Attempts:          Min: 1, Avg:  1,0, Max: 1, Diff: 0, Sum: 15, Workers: 15
[66,399s][debug][gc,phases         ] GC(61)     GC Worker Other (ms):          Min: 0,04, Avg: 0,05, Max: 0,06, Diff: 0,03, Sum: 0,75, Workers: 15
[66,399s][debug][gc,phases         ] GC(61)     GC Worker Total (ms):          Min: 60,94, Avg: 60,99, Max: 61,08, Diff: 0,14, Sum: 914,84, Workers: 15
[66,399s][info ][gc,phases         ] GC(61)   Post Evacuate Collection Set: 1,95ms
[66,399s][debug][gc,phases         ] GC(61)     NMethod List Cleanup: 0,01ms
[66,399s][debug][gc,phases         ] GC(61)     Reference Processing: 1,39ms
[66,399s][debug][gc,phases,ref     ] GC(61)       Notify Soft/WeakReferences: 0,9ms
[66,399s][debug][gc,phases,ref     ] GC(61)         Balance queues: 0,0ms
[66,399s][debug][gc,phases,ref     ] GC(61)         SoftRef (ms):                  Min: 0,00, Avg: 0,00, Max: 0,00, Diff: 0,00, Sum: 0,00, Workers: 3
[66,399s][debug][gc,phases,ref     ] GC(61)         WeakRef (ms):                  Min: 0,00, Avg: 0,00, Max: 0,00, Diff: 0,00, Sum: 0,00, Workers: 3
[66,399s][debug][gc,phases,ref     ] GC(61)         FinalRef (ms):                 Min: 0,05, Avg: 0,17, Max: 0,39, Diff: 0,33, Sum: 0,50, Workers: 3
[66,399s][debug][gc,phases,ref     ] GC(61)         Total (ms):                    Min: 0,48, Avg: 0,66, Max: 0,80, Diff: 0,31, Sum: 1,99, Workers: 3
[66,399s][debug][gc,phases,ref     ] GC(61)       Notify and keep alive finalizable: 0,4ms
[66,399s][debug][gc,phases,ref     ] GC(61)         Balance queues: 0,0ms
[66,399s][debug][gc,phases,ref     ] GC(61)         FinalRef (ms):                 Min: 0,08, Avg: 0,12, Max: 0,21, Diff: 0,14, Sum: 1,79, Workers: 15
[66,399s][debug][gc,phases,ref     ] GC(61)       Notify PhantomReferences: 0,1ms
[66,399s][debug][gc,phases,ref     ] GC(61)         PhantomRef (ms):               Min: 0,01, Avg: 0,01, Max: 0,01, Diff: 0,00, Sum: 0,01, Workers: 1
[66,399s][debug][gc,phases,ref     ] GC(61)       SoftReference Discovered: 0, Dropped: 0, Processed: 0
[66,399s][debug][gc,phases,ref     ] GC(61)       WeakReference Discovered: 0, Dropped: 0, Processed: 0
[66,399s][debug][gc,phases,ref     ] GC(61)       FinalReference Discovered: 2565, Dropped: 0, Processed: 2565
[66,399s][debug][gc,phases,ref     ] GC(61)       PhantomReference Discovered: 40, Dropped: 1, Processed: 39
[66,399s][debug][gc,phases         ] GC(61)     Weak Processing: 0,10ms
[66,399s][debug][gc,phases         ] GC(61)       VM Weak                        Min: 0,00, Avg: 0,00, Max: 0,00, Diff: 0,00, Sum: 0,01, Workers: 15
[66,399s][debug][gc,phases         ] GC(61)         Dead                           Min: 0, Avg:  0,0, Max: 0, Diff: 0, Sum: 0, Workers: 15
[66,399s][debug][gc,phases         ] GC(61)         Total                          Min: 0, Avg: 11,3, Max: 106, Diff: 106, Sum: 170, Workers: 15
[66,399s][debug][gc,phases         ] GC(61)       ObjectSynchronizer Weak        Min: 0,00, Avg: 0,00, Max: 0,00, Diff: 0,00, Sum: 0,00, Workers: 15
[66,399s][debug][gc,phases         ] GC(61)         Dead                           Min: 0, Avg:  0,0, Max: 0, Diff: 0, Sum: 0, Workers: 15
[66,399s][debug][gc,phases         ] GC(61)         Total                          Min: 0, Avg:  0,3, Max: 4, Diff: 4, Sum: 4, Workers: 15
[66,399s][debug][gc,phases         ] GC(61)       JVMTI Tag Weak OopStorage      Min: 0,00, Avg: 0,00, Max: 0,00, Diff: 0,00, Sum: 0,00, Workers: 15
[66,399s][debug][gc,phases         ] GC(61)         Dead                           Min: 0, Avg:  0,0, Max: 0, Diff: 0, Sum: 0, Workers: 15
[66,399s][debug][gc,phases         ] GC(61)         Total                          Min: 0, Avg:  0,0, Max: 0, Diff: 0, Sum: 0, Workers: 15
[66,399s][debug][gc,phases         ] GC(61)       StringTable Weak               Min: 0,00, Avg: 0,01, Max: 0,03, Diff: 0,03, Sum: 0,09, Workers: 15
[66,399s][debug][gc,phases         ] GC(61)         Dead                           Min: 0, Avg:  0,0, Max: 0, Diff: 0, Sum: 0, Workers: 15
[66,399s][debug][gc,phases         ] GC(61)         Total                          Min: 0, Avg: 567,5, Max: 3200, Diff: 3200, Sum: 8512, Workers: 15
[66,399s][debug][gc,phases         ] GC(61)       ResolvedMethodTable Weak       Min: 0,00, Avg: 0,00, Max: 0,01, Diff: 0,01, Sum: 0,03, Workers: 15
[66,399s][debug][gc,phases         ] GC(61)         Dead                           Min: 0, Avg:  0,0, Max: 0, Diff: 0, Sum: 0, Workers: 15
[66,399s][debug][gc,phases         ] GC(61)         Total                          Min: 0, Avg: 113,7, Max: 508, Diff: 508, Sum: 1706, Workers: 15
[66,399s][debug][gc,phases         ] GC(61)       JNI Weak                       Min: 0,00, Avg: 0,00, Max: 0,00, Diff: 0,00, Sum: 0,01, Workers: 15
[66,399s][debug][gc,phases         ] GC(61)         Dead                           Min: 0, Avg:  0,0, Max: 0, Diff: 0, Sum: 0, Workers: 15
[66,399s][debug][gc,phases         ] GC(61)         Total                          Min: 0, Avg:  0,0, Max: 0, Diff: 0, Sum: 0, Workers: 15
[66,399s][debug][gc,phases         ] GC(61)       StringDedup Table Weak         Min: 0,00, Avg: 0,01, Max: 0,03, Diff: 0,03, Sum: 0,14, Workers: 15
[66,399s][debug][gc,phases         ] GC(61)         Dead                           Min: 0, Avg:  0,0, Max: 0, Diff: 0, Sum: 0, Workers: 15
[66,399s][debug][gc,phases         ] GC(61)         Total                          Min: 0, Avg: 877,6, Max: 3968, Diff: 3968, Sum: 13164, Workers: 15
[66,399s][debug][gc,phases         ] GC(61)       StringDedup Requests0 Weak     Min: 0,00, Avg: 0,00, Max: 0,00, Diff: 0,00, Sum: 0,01, Workers: 15
[66,399s][debug][gc,phases         ] GC(61)         Dead                           Min: 0, Avg:  0,0, Max: 0, Diff: 0, Sum: 0, Workers: 15
[66,399s][debug][gc,phases         ] GC(61)         Total                          Min: 0, Avg:  0,0, Max: 0, Diff: 0, Sum: 0, Workers: 15
[66,399s][debug][gc,phases         ] GC(61)       StringDedup Requests1 Weak     Min: 0,00, Avg: 0,00, Max: 0,00, Diff: 0,00, Sum: 0,01, Workers: 15
[66,399s][debug][gc,phases         ] GC(61)         Dead                           Min: 0, Avg:  0,0, Max: 0, Diff: 0, Sum: 0, Workers: 15
[66,399s][debug][gc,phases         ] GC(61)         Total                          Min: 0, Avg: 12,8, Max: 64, Diff: 64, Sum: 192, Workers: 15
[66,399s][debug][gc,phases         ] GC(61)       Weak JFR Old Object Samples    Min: 0,00, Avg: 0,00, Max: 0,00, Diff: 0,00, Sum: 0,01, Workers: 15
[66,399s][debug][gc,phases         ] GC(61)         Dead                           Min: 0, Avg:  0,0, Max: 0, Diff: 0, Sum: 0, Workers: 15
[66,399s][debug][gc,phases         ] GC(61)         Total                          Min: 0, Avg:  0,0, Max: 0, Diff: 0, Sum: 0, Workers: 15
[66,399s][debug][gc,phases         ] GC(61)     Post Evacuate Cleanup 1: 0,19ms
[66,399s][debug][gc,phases         ] GC(61)       Merge Per-Thread State (ms):   Min: 0,04, Avg: 0,04, Max: 0,04, Diff: 0,00, Sum: 0,04, Workers: 1
[66,399s][debug][gc,phases         ] GC(61)         Copied Bytes                   Min: 32699792, Avg: 44907779,2, Max: 53479232, Diff: 20779440, Sum: 673616688, Workers: 15
[66,399s][debug][gc,phases         ] GC(61)         LAB Waste                      Min: 744, Avg: 5067,7, Max: 9784, Diff: 9040, Sum: 76016, Workers: 15
[66,399s][debug][gc,phases         ] GC(61)         LAB Undo Waste                 Min: 0, Avg:  0,0, Max: 0, Diff: 0, Sum: 0, Workers: 15
[66,399s][debug][gc,phases         ] GC(61)         Evac Fail Extra Cards          Min: 0, Avg:  0,2, Max: 1, Diff: 1, Sum: 3, Workers: 15
[66,399s][debug][gc,phases         ] GC(61)       Clear Logged Cards (ms):       Min: 0,00, Avg: 0,04, Max: 0,15, Diff: 0,15, Sum: 0,66, Workers: 15
[66,399s][debug][gc,phases         ] GC(61)       Recalculate Used Memory (ms):  Min: 0,02, Avg: 0,02, Max: 0,02, Diff: 0,00, Sum: 0,02, Workers: 1
[66,399s][debug][gc,phases         ] GC(61)       Restore Evacuation Failed Regions (ms): Min: 0,00, Avg: 0,02, Max: 0,06, Diff: 0,06, Sum: 0,37, Workers: 15
[66,399s][debug][gc,phases         ] GC(61)         Evacuation Failed Regions:     Min: 1, Avg:  1,0, Max: 1, Diff: 0, Sum: 2, Workers: 2
[66,399s][debug][gc,phases         ] GC(61)         Pinned Regions:                Min: 1, Avg:  1,0, Max: 1, Diff: 0, Sum: 2, Workers: 2
[66,399s][debug][gc,phases         ] GC(61)         Allocation Failed Regions:     skipped
[66,399s][debug][gc,phases         ] GC(61)         Remove Self Forwards (ms):     Min: 0,00, Avg: 0,02, Max: 0,04, Diff: 0,03, Sum: 0,18, Workers: 10
[66,400s][debug][gc,phases         ] GC(61)           Forward Chunks:                Min: 1, Avg:  4,8, Max: 9, Diff: 8, Sum: 29, Workers: 6
[66,400s][debug][gc,phases         ] GC(61)           Empty Forward Chunks:          Min: 1, Avg: 22,7, Max: 64, Diff: 63, Sum: 227, Workers: 10
[66,400s][debug][gc,phases         ] GC(61)           Forward Objects:               Min: 1, Avg:  4,8, Max: 9, Diff: 8, Sum: 29, Workers: 6
[66,400s][debug][gc,phases         ] GC(61)           Forward Bytes:                 Min: 88, Avg: 134208,0, Max: 282368, Diff: 282280, Sum: 805248, Workers: 6
[66,400s][debug][gc,phases         ] GC(61)     Post Evacuate Cleanup 2: 0,17ms
[66,400s][debug][gc,phases         ] GC(61)       Recalculate Used Memory (ms):  Min: 0,02, Avg: 0,02, Max: 0,02, Diff: 0,00, Sum: 0,02, Workers: 1
[66,400s][debug][gc,phases         ] GC(61)       Restore Preserved Marks (ms):  Min: 0,00, Avg: 0,00, Max: 0,00, Diff: 0,00, Sum: 0,01, Workers: 15
[66,400s][debug][gc,phases         ] GC(61)       Process Evacuation Failed Regions (ms): Min: 0,00, Avg: 0,00, Max: 0,00, Diff: 0,00, Sum: 0,02, Workers: 15
[66,400s][debug][gc,phases         ] GC(61)       Update Derived Pointers (ms):  Min: 0,00, Avg: 0,00, Max: 0,00, Diff: 0,00, Sum: 0,00, Workers: 1
[66,400s][debug][gc,phases         ] GC(61)       Eagerly Reclaim Humongous Objects (ms): skipped
[66,400s][debug][gc,phases         ] GC(61)         Humongous Total                skipped
[66,400s][debug][gc,phases         ] GC(61)         Humongous Candidates           skipped
[66,400s][debug][gc,phases         ] GC(61)         Humongous Reclaimed            skipped
[66,400s][debug][gc,phases         ] GC(61)       Sample CSet Candidates (ms):   skipped
[66,400s][debug][gc,phases         ] GC(61)       Redirty Logged Cards (ms):     Min: 0,00, Avg: 0,00, Max: 0,01, Diff: 0,01, Sum: 0,05, Workers: 15
[66,400s][debug][gc,phases         ] GC(61)         Redirtied Cards:               Min: 0, Avg: 139,5, Max: 402, Diff: 402, Sum: 2092, Workers: 15
[66,400s][debug][gc,phases         ] GC(61)       Resize TLABs (ms):             Min: 0,00, Avg: 0,00, Max: 0,00, Diff: 0,00, Sum: 0,01, Workers: 15
[66,400s][debug][gc,phases         ] GC(61)       Free Collection Set (ms):      Min: 0,05, Avg: 0,09, Max: 0,12, Diff: 0,07, Sum: 1,32, Workers: 15
[66,400s][debug][gc,phases         ] GC(61)     Rebuild Free List: 0,04ms
[66,400s][debug][gc,phases         ] GC(61)     Prepare For Mutator: 0,06ms
[66,400s][debug][gc,phases         ] GC(61)     Expand Heap After Collection: 0,00ms
[66,400s][info ][gc,phases         ] GC(61)   Other: 0,31ms
[66,400s][debug][gc,remset         ] GC(61) Coarsening (recent): Inline->AoC 0 (0) AoC->Howl 0 (0) Howl->Full 0 (0) Inline->AoC 0 (0) AoC->BitMap 0 (0) BitMap->Full 0 (0) 
[66,400s][debug][gc,remset         ] GC(61) Coarsening (all): Inline->AoC 8919 (0) AoC->Howl 4248 (0) Howl->Full 1201 (0) Inline->AoC 25491 (0) AoC->BitMap 24327 (0) BitMap->Full 4909 (0) 
[66,400s][info ][gc,heap           ] GC(61) Eden regions: 465->0(423)
[66,400s][info ][gc,heap           ] GC(61) Survivor regions: 52->65(65)
[66,400s][info ][gc,heap           ] GC(61) Old regions: 417->451
[66,400s][info ][gc,heap           ] GC(61) Humongous regions: 0->0
[66,400s][info ][gc,metaspace      ] GC(61) Metaspace: 20773K(21184K)->20773K(21184K) NonClass: 18156K(18368K)->18156K(18368K) Class: 2617K(2816K)->2617K(2816K)
[66,400s][debug][gc,heap           ] GC(61) Heap after GC invocations=62 (full 0):
[66,400s][debug][gc,heap           ] GC(61)  garbage-first heap   total reserved 8388608K, committed 5242880K, used 2110497K [0x0000000600000000, 0x0000000800000000)
[66,400s][debug][gc,heap           ] GC(61)   region size 4096K, 65 young (266240K), 65 survivors (266240K)
[66,400s][debug][gc,heap           ] GC(61)  Metaspace       used 20773K, committed 21184K, reserved 1114112K
[66,400s][debug][gc,heap           ] GC(61)   class space    used 2617K, committed 2816K, reserved 1048576K
[66,400s][info ][gc                ] GC(61) Pause Young (Mixed) (G1 Evacuation Pause) (Evacuation Failure: Pinned) 3733M->2061M(5120M) 65,710ms
[66,400s][info ][gc,cpu            ] GC(61) User=0,93s Sys=0,00s Real=0,06s
[66,400s][debug][gc,task           ] G1 Service Thread (Card Set Free Memory Task) (run: 1,748ms) (cpu: 0,154ms)
[66,400s][debug][gc,refine         ] Concurrent refinement: wanted 0, cards: 2092, predicted: 4173, time: 1224,63ms
[66,426s][debug][gc,task,start     ] G1 Service Thread (Periodic GC Task) (run 0,721ms after schedule)
[66,426s][debug][gc,task           ] G1 Service Thread (Periodic GC Task) (run: 0,061ms) (cpu: 0,081ms)
[66,539s][debug][gc,refine         ] Concurrent refinement: wanted 0, cards: 2604, predicted: 4546, time: 1143,07ms
[66,675s][debug][gc,refine         ] Concurrent refinement: wanted 0, cards: 3628, predicted: 5515, time: 1110,88ms
[66,808s][debug][gc,refine         ] Concurrent refinement: wanted 0, cards: 3628, predicted: 5418, time: 1053,79ms
[66,937s][debug][gc,refine         ] Concurrent refinement: wanted 0, cards: 3628, predicted: 5326, time: 999,64ms
[67,064s][debug][gc,refine         ] Concurrent refinement: wanted 0, cards: 3628, predicted: 5234, time: 945,49ms
[67,186s][debug][gc,refine         ] Concurrent refinement: wanted 0, cards: 3628, predicted: 5147, time: 894,26ms
[67,305s][debug][gc,refine         ] Concurrent refinement: wanted 0, cards: 3628, predicted: 5060, time: 843,04ms
[67,421s][debug][gc,refine         ] Concurrent refinement: wanted 0, cards: 3628, predicted: 4976, time: 793,27ms
[67,426s][debug][gc,task,start     ] G1 Service Thread (Periodic GC Task) (run 0,122ms after schedule)
[67,426s][debug][gc,task           ] G1 Service Thread (Periodic GC Task) (run: 0,064ms) (cpu: 0,110ms)
[67,534s][debug][gc,refine         ] Concurrent refinement: wanted 0, cards: 3628, predicted: 4896, time: 746,44ms
[67,643s][debug][gc,refine         ] Concurrent refinement: wanted 0, cards: 3628, predicted: 4816, time: 699,60ms
[67,724s][debug][gc,ergo           ] GC(62) Initiate concurrent cycle (concurrent cycle initiation requested)
[67,724s][info ][gc,start          ] GC(62) Pause Young (Concurrent Start) (G1 Evacuation Pause)
[67,724s][debug][gc,heap           ] GC(62) Heap before GC invocations=62 (full 0):
[67,724s][debug][gc,heap           ] GC(62)  garbage-first heap   total reserved 8388608K, committed 5242880K, used 3839009K [0x0000000600000000, 0x0000000800000000)
[67,724s][debug][gc,heap           ] GC(62)   region size 4096K, 488 young (1998848K), 65 survivors (266240K)
[67,724s][debug][gc,heap           ] GC(62)  Metaspace       used 20773K, committed 21184K, reserved 1114112K
[67,724s][debug][gc,heap           ] GC(62)   class space    used 2617K, committed 2816K, reserved 1048576K
[67,724s][info ][gc,task           ] GC(62) Using 15 workers of 15 for evacuation
[67,724s][debug][gc,age            ] GC(62) Desired survivor size 127926272 bytes, new threshold 1 (max threshold 15)
[67,725s][debug][gc,tlab           ] GC(62) TLAB totals: thrds: 23  refills: 1350 max: 351 slow allocs: 935 max 161 waste:  0,9% gc: 10397568B max: 1956160B slow: 5052648B max: 544936B
[67,725s][debug][gc,refine,stats   ] GC(62) Mutator refinement: 0,00ms, refined: 0, precleaned: 0, dirtied: 1926
[67,725s][debug][gc,refine,stats   ] GC(62) Concurrent refinement: 0,00ms, refined: 0, precleaned: 0, dirtied: 0
[67,725s][debug][gc,refine,stats   ] GC(62) Total refinement: 0,00ms, refined: 0, precleaned: 0, dirtied: 1926
[67,725s][debug][gc,refine,stats   ] GC(62) Generate dirty cards rate: 1,45 cards/ms
[67,725s][debug][gc,alloc,region   ] GC(62) Mutator Allocation stats, regions: 423, wasted size: 0B ( 0,0%)
[67,725s][debug][gc,ergo,cset      ] GC(62) Do not add marking candidates to collection set due to pause type.
[67,725s][debug][gc,ergo,cset      ] GC(62) Start adding retained candidates to collection set. Min 1 regions, available 2, time remaining 40,00ms, optional remaining 40,00ms
[67,725s][debug][gc,ergo,cset      ] GC(62) Retained candidates exhausted.
[67,725s][debug][gc,ergo,cset      ] GC(62) Finish adding retained candidates to collection set. Initial: 2, optional: 0, pinned: 0, predicted initial time: 0,11ms, predicted optional time: 0,00ms, time remaining: 39,89ms optional time remaining 39,89ms
[67,725s][debug][gc,ergo           ] GC(62) Running G1 Merge Heap Roots using 15 workers for 490 regions
[67,726s][debug][gc,remset         ] GC(62) Visited cards 185536 Total dirty 1409024 (13,17%) Total old 11706368 (1,58%)
[67,793s][debug][gc,ref            ] GC(62) ReferenceProcessor::execute queues: 3, RefProcThreadModel::Multi, marks_oops_alive: false
[67,793s][debug][gc,ref            ] GC(62) ReferenceProcessor::execute queues: 15, RefProcThreadModel::Multi, marks_oops_alive: true
[67,794s][debug][gc,ref            ] GC(62) ReferenceProcessor::execute queues: 1, RefProcThreadModel::Single, marks_oops_alive: false
[67,794s][debug][gc,ergo           ] GC(62) Initializing removing self forwards with 128 chunks per region
[67,794s][debug][gc,ergo           ] GC(62) Running G1 Rebuild Free List Task using 15 workers for rebuilding free list of regions
[67,794s][debug][gc,plab           ] GC(62) Young PLAB allocation: allocated: 255852544B, wasted: 20632B, unused: 2040744B, used: 253791168B, undo waste: 0B, 
[67,794s][debug][gc,plab           ] GC(62) Young other allocation: region end waste: 0B, regions filled: 61, num plab filled: 136, direct allocated: 0B, num direct allocated: 0, failure used: 0B, failure wasted: 0B
[67,794s][debug][gc,plab           ] GC(62) Young sizing: calculated: 50758232B, actual: 51121552B
[67,794s][debug][gc,plab           ] GC(62) Old PLAB allocation: allocated: 492830720B, wasted: 71400B, unused: 18586280B, used: 474173040B, undo waste: 0B, 
[67,794s][debug][gc,plab           ] GC(62) Old other allocation: region end waste: 0B, regions filled: 118, num plab filled: 235, direct allocated: 0B, num direct allocated: 0, failure used: 342640B, failure wasted: 3851664B
[67,794s][debug][gc,plab           ] GC(62) Old sizing: calculated: 94834608B, actual: 92484048B
[67,795s][debug][gc,ergo,heap      ] GC(62) Heap expansion: short term pause time ratio 4,64% long term pause time ratio 4,12% threshold 7,69% pause time ratio 7,69% fully expanded false resize by 0B
[67,795s][debug][gc,task,start     ] G1 Service Thread (Card Set Free Memory Task) (run 0,010ms after schedule)
[67,795s][debug][gc,mmu            ] GC(62) MMU: 70,1ms (200,0ms/201,0ms)
[67,795s][debug][gc,alloc,stats    ] Old generation allocation in the last mutator period, old gen allocated: 497025024B, humongous allocated: 0B, old gen growth: 497025024B.
[67,795s][debug][gc,ihop           ] GC(62) Basic information (value update), threshold: 1662969626B (30,98), target occupancy: 5368709120B, current occupancy: 2633008688B, recent allocation size: 497025024B, recent allocation duration: 1326,06ms, recent old gen allocation rate: 374813843,60B/s, recent marking phase length: 2637,33ms
[67,795s][debug][gc,ihop           ] GC(62) Adaptive IHOP information (value update), threshold: 1662969626B (32,61), internal target occupancy: 5100273664B, occupancy: 2633008688B, additional buffer size: 1740636160B, predicted old gen allocation rate: 622824502,64B/s, predicted marking phase length: 2724,15ms, prediction active: true
[67,795s][debug][gc,ergo,refine    ] GC(62) GC refinement: goal: 236829 + 747 / 20,00ms, actual: 4018 / 0,32ms, 
[67,795s][debug][gc,ergo,refine    ] GC(62) New pending cards target: 242085
[67,795s][info ][gc,phases         ] GC(62)   Pre Evacuate Collection Set: 0,35ms
[67,795s][debug][gc,phases         ] GC(62)     Reset Marking State (ms):      Min: 0,03, Avg: 0,03, Max: 0,03, Diff: 0,00, Sum: 0,03, Workers: 1
[67,795s][debug][gc,phases         ] GC(62)     Note Start Of Mark (ms):       Min: 0,01, Avg: 0,03, Max: 0,07, Diff: 0,06, Sum: 0,13, Workers: 4
[67,795s][debug][gc,phases         ] GC(62)     Pre Evacuate Prepare: 0,07ms
[67,795s][debug][gc,phases         ] GC(62)       JT Retire TLABs And Flush Logs (ms): Min: 0,00, Avg: 0,01, Max: 0,02, Diff: 0,02, Sum: 0,02, Workers: 2
[67,795s][debug][gc,phases         ] GC(62)       Non-JT Flush Logs (ms):        Min: 0,01, Avg: 0,01, Max: 0,01, Diff: 0,00, Sum: 0,01, Workers: 1
[67,795s][debug][gc,phases         ] GC(62)     Choose Collection Set: 0,08ms
[67,795s][debug][gc,phases         ] GC(62)     Region Register: 0,14ms
[67,795s][debug][gc,phases         ] GC(62)     Prepare Heap Roots: 0,00ms
[67,795s][info ][gc,phases         ] GC(62)   Merge Heap Roots: 0,51ms
[67,795s][debug][gc,phases         ] GC(62)     Prepare Merge Heap Roots: 0,04ms
[67,795s][debug][gc,phases         ] GC(62)     Remembered Sets (ms):          Min: 0,06, Avg: 0,09, Max: 0,13, Diff: 0,07, Sum: 1,29, Workers: 15
[67,795s][debug][gc,phases         ] GC(62)       Eager Reclaim (ms):            skipped
[67,795s][debug][gc,phases         ] GC(62)       Merged Inline                  Min: 0, Avg:  0,0, Max: 0, Diff: 0, Sum: 0, Workers: 15
[67,795s][debug][gc,phases         ] GC(62)       Merged ArrayOfCards            Min: 0, Avg:  0,0, Max: 0, Diff: 0, Sum: 0, Workers: 15
[67,795s][debug][gc,phases         ] GC(62)       Merged Howl                    Min: 0, Avg:  0,0, Max: 0, Diff: 0, Sum: 0, Workers: 15
[67,795s][debug][gc,phases         ] GC(62)       Merged Full                    Min: 0, Avg:  0,0, Max: 0, Diff: 0, Sum: 0, Workers: 15
[67,795s][debug][gc,phases         ] GC(62)       Merged Howl Inline             Min: 0, Avg:  0,0, Max: 0, Diff: 0, Sum: 0, Workers: 15
[67,795s][debug][gc,phases         ] GC(62)       Merged Howl ArrayOfCards       Min: 0, Avg:  0,0, Max: 0, Diff: 0, Sum: 0, Workers: 15
[67,795s][debug][gc,phases         ] GC(62)       Merged Howl BitMap             Min: 0, Avg:  0,0, Max: 0, Diff: 0, Sum: 0, Workers: 15
[67,795s][debug][gc,phases         ] GC(62)       Merged Howl Full               Min: 0, Avg:  0,0, Max: 0, Diff: 0, Sum: 0, Workers: 15
[67,795s][debug][gc,phases         ] GC(62)       Merged Cards                   Min: 8, Avg:  8,0, Max: 8, Diff: 0, Sum: 120, Workers: 15
[67,795s][debug][gc,phases         ] GC(62)     Log Buffers (ms):              Min: 0,02, Avg: 0,03, Max: 0,05, Diff: 0,03, Sum: 0,49, Workers: 15
[67,795s][debug][gc,phases         ] GC(62)       Dirty Cards:                   Min: 81, Avg: 267,9, Max: 512, Diff: 431, Sum: 4018, Workers: 15
[67,795s][debug][gc,phases         ] GC(62)       Skipped Cards:                 Min: 0, Avg:  0,0, Max: 0, Diff: 0, Sum: 0, Workers: 15
[67,795s][info ][gc,phases         ] GC(62)   Evacuate Collection Set: 67,26ms
[67,795s][debug][gc,phases         ] GC(62)     Ext Root Scanning (ms):        Min: 0,00, Avg: 0,08, Max: 0,44, Diff: 0,44, Sum: 1,23, Workers: 15
[67,795s][debug][gc,phases         ] GC(62)     Scan Heap Roots (ms):          Min: 0,03, Avg: 0,29, Max: 0,51, Diff: 0,48, Sum: 4,36, Workers: 15
[67,795s][debug][gc,phases         ] GC(62)       Scanned Cards:                 Min: 14, Avg: 265,3, Max: 451, Diff: 437, Sum: 3979, Workers: 15
[67,795s][debug][gc,phases         ] GC(62)       Scanned Blocks:                Min: 13, Avg: 230,0, Max: 408, Diff: 395, Sum: 3450, Workers: 15
[67,795s][debug][gc,phases         ] GC(62)       Claimed Chunks:                Min: 13, Avg: 193,3, Max: 321, Diff: 308, Sum: 2899, Workers: 15
[67,795s][debug][gc,phases         ] GC(62)       Found Roots:                   Min: 22, Avg: 336,2, Max: 533, Diff: 511, Sum: 5043, Workers: 15
[67,795s][debug][gc,phases         ] GC(62)     Code Root Scan (ms):           Min: 0,03, Avg: 0,03, Max: 0,04, Diff: 0,01, Sum: 0,44, Workers: 15
[67,795s][debug][gc,phases         ] GC(62)       Scanned Nmethods               Min: 0, Avg:  0,0, Max: 0, Diff: 0, Sum: 0, Workers: 15
[67,795s][debug][gc,phases         ] GC(62)     Object Copy (ms):              Min: 66,31, Avg: 66,55, Max: 66,85, Diff: 0,54, Sum: 998,26, Workers: 15
[67,795s][debug][gc,phases         ] GC(62)     Termination (ms):              Min: 0,05, Avg: 0,07, Max: 0,13, Diff: 0,08, Sum: 1,07, Workers: 15
[67,795s][debug][gc,phases         ] GC(62)       Termination Attempts:          Min: 1, Avg:  1,0, Max: 1, Diff: 0, Sum: 15, Workers: 15
[67,795s][debug][gc,phases         ] GC(62)     GC Worker Other (ms):          Min: 0,04, Avg: 0,04, Max: 0,06, Diff: 0,02, Sum: 0,67, Workers: 15
[67,795s][debug][gc,phases         ] GC(62)     GC Worker Total (ms):          Min: 66,96, Avg: 67,07, Max: 67,13, Diff: 0,17, Sum: 1006,03, Workers: 15
[67,795s][info ][gc,phases         ] GC(62)   Post Evacuate Collection Set: 1,67ms
[67,795s][debug][gc,phases         ] GC(62)     NMethod List Cleanup: 0,01ms
[67,795s][debug][gc,phases         ] GC(62)     Reference Processing: 1,04ms
[67,795s][debug][gc,phases,ref     ] GC(62)       Notify Soft/WeakReferences: 0,3ms
[67,795s][debug][gc,phases,ref     ] GC(62)         Balance queues: 0,0ms
[67,795s][debug][gc,phases,ref     ] GC(62)         SoftRef (ms):                  Min: 0,00, Avg: 0,00, Max: 0,00, Diff: 0,00, Sum: 0,00, Workers: 3
[67,795s][debug][gc,phases,ref     ] GC(62)         WeakRef (ms):                  Min: 0,00, Avg: 0,00, Max: 0,00, Diff: 0,00, Sum: 0,00, Workers: 3
[67,795s][debug][gc,phases,ref     ] GC(62)         FinalRef (ms):                 Min: 0,05, Avg: 0,09, Max: 0,11, Diff: 0,06, Sum: 0,27, Workers: 3
[67,795s][debug][gc,phases,ref     ] GC(62)         Total (ms):                    Min: 0,11, Avg: 0,13, Max: 0,16, Diff: 0,04, Sum: 0,39, Workers: 3
[67,795s][debug][gc,phases,ref     ] GC(62)       Notify and keep alive finalizable: 0,7ms
[67,795s][debug][gc,phases,ref     ] GC(62)         Balance queues: 0,0ms
[67,795s][debug][gc,phases,ref     ] GC(62)         FinalRef (ms):                 Min: 0,23, Avg: 0,31, Max: 0,46, Diff: 0,23, Sum: 4,71, Workers: 15
[67,795s][debug][gc,phases,ref     ] GC(62)       Notify PhantomReferences: 0,1ms
[67,795s][debug][gc,phases,ref     ] GC(62)         PhantomRef (ms):               Min: 0,01, Avg: 0,01, Max: 0,01, Diff: 0,00, Sum: 0,01, Workers: 1
[67,795s][debug][gc,phases,ref     ] GC(62)       SoftReference Discovered: 0, Dropped: 0, Processed: 0
[67,795s][debug][gc,phases,ref     ] GC(62)       WeakReference Discovered: 0, Dropped: 0, Processed: 0
[67,795s][debug][gc,phases,ref     ] GC(62)       FinalReference Discovered: 2218, Dropped: 2, Processed: 2216
[67,795s][debug][gc,phases,ref     ] GC(62)       PhantomReference Discovered: 37, Dropped: 2, Processed: 35
[67,795s][debug][gc,phases         ] GC(62)     Weak Processing: 0,11ms
[67,795s][debug][gc,phases         ] GC(62)       VM Weak                        Min: 0,00, Avg: 0,00, Max: 0,00, Diff: 0,00, Sum: 0,01, Workers: 15
[67,795s][debug][gc,phases         ] GC(62)         Dead                           Min: 0, Avg:  0,0, Max: 0, Diff: 0, Sum: 0, Workers: 15
[67,795s][debug][gc,phases         ] GC(62)         Total                          Min: 0, Avg: 11,3, Max: 170, Diff: 170, Sum: 170, Workers: 15
[67,795s][debug][gc,phases         ] GC(62)       ObjectSynchronizer Weak        Min: 0,00, Avg: 0,00, Max: 0,00, Diff: 0,00, Sum: 0,00, Workers: 15
[67,795s][debug][gc,phases         ] GC(62)         Dead                           Min: 0, Avg:  0,0, Max: 0, Diff: 0, Sum: 0, Workers: 15
[67,795s][debug][gc,phases         ] GC(62)         Total                          Min: 0, Avg:  0,3, Max: 4, Diff: 4, Sum: 4, Workers: 15
[67,795s][debug][gc,phases         ] GC(62)       JVMTI Tag Weak OopStorage      Min: 0,00, Avg: 0,00, Max: 0,00, Diff: 0,00, Sum: 0,00, Workers: 15
[67,795s][debug][gc,phases         ] GC(62)         Dead                           Min: 0, Avg:  0,0, Max: 0, Diff: 0, Sum: 0, Workers: 15
[67,795s][debug][gc,phases         ] GC(62)         Total                          Min: 0, Avg:  0,0, Max: 0, Diff: 0, Sum: 0, Workers: 15
[67,795s][debug][gc,phases         ] GC(62)       StringTable Weak               Min: 0,00, Avg: 0,01, Max: 0,03, Diff: 0,03, Sum: 0,12, Workers: 15
[67,795s][debug][gc,phases         ] GC(62)         Dead                           Min: 0, Avg:  0,0, Max: 0, Diff: 0, Sum: 0, Workers: 15
[67,795s][debug][gc,phases         ] GC(62)         Total                          Min: 0, Avg: 567,5, Max: 2304, Diff: 2304, Sum: 8512, Workers: 15
[67,795s][debug][gc,phases         ] GC(62)       ResolvedMethodTable Weak       Min: 0,00, Avg: 0,00, Max: 0,01, Diff: 0,01, Sum: 0,04, Workers: 15
[67,795s][debug][gc,phases         ] GC(62)         Dead                           Min: 0, Avg:  0,0, Max: 0, Diff: 0, Sum: 0, Workers: 15
[67,795s][debug][gc,phases         ] GC(62)         Total                          Min: 0, Avg: 113,7, Max: 564, Diff: 564, Sum: 1706, Workers: 15
[67,795s][debug][gc,phases         ] GC(62)       JNI Weak                       Min: 0,00, Avg: 0,00, Max: 0,00, Diff: 0,00, Sum: 0,01, Workers: 15
[67,795s][debug][gc,phases         ] GC(62)         Dead                           Min: 0, Avg:  0,0, Max: 0, Diff: 0, Sum: 0, Workers: 15
[67,795s][debug][gc,phases         ] GC(62)         Total                          Min: 0, Avg:  0,0, Max: 0, Diff: 0, Sum: 0, Workers: 15
[67,795s][debug][gc,phases         ] GC(62)       StringDedup Table Weak         Min: 0,00, Avg: 0,01, Max: 0,03, Diff: 0,03, Sum: 0,14, Workers: 15
[67,795s][debug][gc,phases         ] GC(62)         Dead                           Min: 0, Avg:  0,0, Max: 0, Diff: 0, Sum: 0, Workers: 15
[67,795s][debug][gc,phases         ] GC(62)         Total                          Min: 0, Avg: 877,6, Max: 4032, Diff: 4032, Sum: 13164, Workers: 15
[67,795s][debug][gc,phases         ] GC(62)       StringDedup Requests0 Weak     Min: 0,00, Avg: 0,00, Max: 0,00, Diff: 0,00, Sum: 0,01, Workers: 15
[67,795s][debug][gc,phases         ] GC(62)         Dead                           Min: 0, Avg:  0,0, Max: 0, Diff: 0, Sum: 0, Workers: 15
[67,795s][debug][gc,phases         ] GC(62)         Total                          Min: 0, Avg: 12,8, Max: 64, Diff: 64, Sum: 192, Workers: 15
[67,795s][debug][gc,phases         ] GC(62)       StringDedup Requests1 Weak     Min: 0,00, Avg: 0,00, Max: 0,00, Diff: 0,00, Sum: 0,01, Workers: 15
[67,795s][debug][gc,phases         ] GC(62)         Dead                           Min: 0, Avg:  0,0, Max: 0, Diff: 0, Sum: 0, Workers: 15
[67,795s][debug][gc,phases         ] GC(62)         Total                          Min: 0, Avg:  0,0, Max: 0, Diff: 0, Sum: 0, Workers: 15
[67,795s][debug][gc,phases         ] GC(62)       Weak JFR Old Object Samples    Min: 0,00, Avg: 0,00, Max: 0,00, Diff: 0,00, Sum: 0,01, Workers: 15
[67,795s][debug][gc,phases         ] GC(62)         Dead                           Min: 0, Avg:  0,0, Max: 0, Diff: 0, Sum: 0, Workers: 15
[67,796s][debug][gc,phases         ] GC(62)         Total                          Min: 0, Avg:  0,0, Max: 0, Diff: 0, Sum: 0, Workers: 15
[67,796s][debug][gc,phases         ] GC(62)     Post Evacuate Cleanup 1: 0,25ms
[67,796s][debug][gc,phases         ] GC(62)       Merge Per-Thread State (ms):   Min: 0,04, Avg: 0,04, Max: 0,04, Diff: 0,00, Sum: 0,04, Workers: 1
[67,796s][debug][gc,phases         ] GC(62)         Copied Bytes                   Min: 40829504, Avg: 48530947,2, Max: 58901608, Diff: 18072104, Sum: 727964208, Workers: 15
[67,796s][debug][gc,phases         ] GC(62)         LAB Waste                      Min: 1336, Avg: 6135,5, Max: 13624, Diff: 12288, Sum: 92032, Workers: 15
[67,796s][debug][gc,phases         ] GC(62)         LAB Undo Waste                 Min: 0, Avg:  0,0, Max: 0, Diff: 0, Sum: 0, Workers: 15
[67,796s][debug][gc,phases         ] GC(62)         Evac Fail Extra Cards          Min: 0, Avg:  0,1, Max: 1, Diff: 1, Sum: 1, Workers: 15
[67,796s][debug][gc,phases         ] GC(62)       Clear Logged Cards (ms):       Min: 0,00, Avg: 0,03, Max: 0,14, Diff: 0,14, Sum: 0,47, Workers: 14
[67,796s][debug][gc,phases         ] GC(62)       Recalculate Used Memory (ms):  Min: 0,05, Avg: 0,05, Max: 0,05, Diff: 0,00, Sum: 0,05, Workers: 1
[67,796s][debug][gc,phases         ] GC(62)       Restore Evacuation Failed Regions (ms): Min: 0,00, Avg: 0,01, Max: 0,04, Diff: 0,04, Sum: 0,13, Workers: 14
[67,796s][debug][gc,phases         ] GC(62)         Evacuation Failed Regions:     Min: 1, Avg:  1,0, Max: 1, Diff: 0, Sum: 1, Workers: 1
[67,796s][debug][gc,phases         ] GC(62)         Pinned Regions:                Min: 1, Avg:  1,0, Max: 1, Diff: 0, Sum: 1, Workers: 1
[67,796s][debug][gc,phases         ] GC(62)         Allocation Failed Regions:     skipped
[67,796s][debug][gc,phases         ] GC(62)         Remove Self Forwards (ms):     Min: 0,03, Avg: 0,03, Max: 0,04, Diff: 0,01, Sum: 0,09, Workers: 3
[67,796s][debug][gc,phases         ] GC(62)           Forward Chunks:                Min: 3, Avg:  4,3, Max: 6, Diff: 3, Sum: 13, Workers: 3
[67,796s][debug][gc,phases         ] GC(62)           Empty Forward Chunks:          Min: 20, Avg: 38,3, Max: 60, Diff: 40, Sum: 115, Workers: 3
[67,796s][debug][gc,phases         ] GC(62)           Forward Objects:               Min: 4, Avg:  5,0, Max: 6, Diff: 2, Sum: 15, Workers: 3
[67,796s][debug][gc,phases         ] GC(62)           Forward Bytes:                 Min: 65776, Avg: 114213,3, Max: 210832, Diff: 145056, Sum: 342640, Workers: 3
[67,796s][debug][gc,phases         ] GC(62)     Post Evacuate Cleanup 2: 0,15ms
[67,796s][debug][gc,phases         ] GC(62)       Recalculate Used Memory (ms):  Min: 0,05, Avg: 0,05, Max: 0,05, Diff: 0,00, Sum: 0,05, Workers: 1
[67,796s][debug][gc,phases         ] GC(62)       Restore Preserved Marks (ms):  Min: 0,00, Avg: 0,00, Max: 0,00, Diff: 0,00, Sum: 0,01, Workers: 15
[67,796s][debug][gc,phases         ] GC(62)       Process Evacuation Failed Regions (ms): Min: 0,00, Avg: 0,00, Max: 0,00, Diff: 0,00, Sum: 0,01, Workers: 15
[67,796s][debug][gc,phases         ] GC(62)       Update Derived Pointers (ms):  Min: 0,00, Avg: 0,00, Max: 0,00, Diff: 0,00, Sum: 0,00, Workers: 1
[67,796s][debug][gc,phases         ] GC(62)       Eagerly Reclaim Humongous Objects (ms): skipped
[67,796s][debug][gc,phases         ] GC(62)         Humongous Total                skipped
[67,796s][debug][gc,phases         ] GC(62)         Humongous Candidates           skipped
[67,796s][debug][gc,phases         ] GC(62)         Humongous Reclaimed            skipped
[67,796s][debug][gc,phases         ] GC(62)       Sample CSet Candidates (ms):   skipped
[67,796s][debug][gc,phases         ] GC(62)       Redirty Logged Cards (ms):     Min: 0,00, Avg: 0,00, Max: 0,01, Diff: 0,01, Sum: 0,04, Workers: 15
[67,796s][debug][gc,phases         ] GC(62)         Redirtied Cards:               Min: 0, Avg: 100,3, Max: 351, Diff: 351, Sum: 1504, Workers: 15
[67,796s][debug][gc,phases         ] GC(62)       Resize TLABs (ms):             Min: 0,00, Avg: 0,00, Max: 0,01, Diff: 0,01, Sum: 0,01, Workers: 15
[67,796s][debug][gc,phases         ] GC(62)       Free Collection Set (ms):      Min: 0,04, Avg: 0,07, Max: 0,10, Diff: 0,06, Sum: 1,00, Workers: 15
[67,796s][debug][gc,phases         ] GC(62)     Rebuild Free List: 0,05ms
[67,796s][debug][gc,phases         ] GC(62)     Prepare For Mutator: 0,06ms
[67,796s][debug][gc,phases         ] GC(62)     Expand Heap After Collection: 0,00ms
[67,796s][info ][gc,phases         ] GC(62)   Other: 0,41ms
[67,796s][debug][gc,remset         ] GC(62) Coarsening (recent): Inline->AoC 0 (0) AoC->Howl 0 (0) Howl->Full 0 (0) Inline->AoC 0 (0) AoC->BitMap 0 (0) BitMap->Full 0 (0) 
[67,796s][debug][gc,remset         ] GC(62) Coarsening (all): Inline->AoC 8919 (0) AoC->Howl 4248 (0) Howl->Full 1201 (0) Inline->AoC 25491 (0) AoC->BitMap 24327 (0) BitMap->Full 4909 (0) 
[67,796s][info ][gc,heap           ] GC(62) Eden regions: 423->0(354)
[67,796s][info ][gc,heap           ] GC(62) Survivor regions: 65->61(61)
[67,796s][info ][gc,heap           ] GC(62) Old regions: 451->568
[67,796s][info ][gc,heap           ] GC(62) Humongous regions: 0->0
[67,796s][info ][gc,metaspace      ] GC(62) Metaspace: 20773K(21184K)->20773K(21184K) NonClass: 18156K(18368K)->18156K(18368K) Class: 2617K(2816K)->2617K(2816K)
[67,796s][debug][gc,heap           ] GC(62) Heap after GC invocations=63 (full 0):
[67,796s][debug][gc,heap           ] GC(62)  garbage-first heap   total reserved 8388608K, committed 5242880K, used 2571297K [0x0000000600000000, 0x0000000800000000)
[67,796s][debug][gc,heap           ] GC(62)   region size 4096K, 61 young (249856K), 61 survivors (249856K)
[67,796s][debug][gc,heap           ] GC(62)  Metaspace       used 20773K, committed 21184K, reserved 1114112K
[67,796s][debug][gc,heap           ] GC(62)   class space    used 2617K, committed 2816K, reserved 1048576K
[67,796s][info ][gc                ] GC(62) Pause Young (Concurrent Start) (G1 Evacuation Pause) (Evacuation Failure: Pinned) 3753M->2511M(5120M) 71,683ms
[67,796s][info ][gc,cpu            ] GC(62) User=1,00s Sys=0,01s Real=0,07s
[67,796s][info ][gc                ] GC(63) Concurrent Mark Cycle
[67,796s][debug][gc,task           ] G1 Service Thread (Card Set Free Memory Task) (run: 1,628ms) (cpu: 0,099ms)
[67,796s][info ][gc,marking        ] GC(63) Concurrent Scan Root Regions
[67,796s][debug][gc,ergo           ] GC(63) Running G1 Root Region Scan using 4 workers for 180 work units.
[67,796s][debug][gc,refine         ] Concurrent refinement: wanted 0, cards: 1504, predicted: 3245, time: 1043,68ms
[67,848s][info ][gc,marking        ] GC(63) Concurrent Scan Root Regions 51,497ms
[67,848s][info ][gc,marking        ] GC(63) Concurrent Mark
[67,848s][info ][gc,marking        ] GC(63) Concurrent Mark From Roots
[67,848s][info ][gc,task           ] GC(63) Using 4 workers of 4 for marking
[67,902s][debug][gc,stats          ] ---------------------------------------------------------------------
[67,902s][debug][gc,stats          ] Marking Stats, task = 0, calls = 7
[67,902s][debug][gc,stats          ]   Elapsed time = 53,95ms, Termination time = 0,34ms
[67,902s][debug][gc,stats          ]   Step Times (cum): num = 266, avg = 2,73ms, sd = 4,28ms max = 12,02ms, total = 726,20ms
[67,902s][debug][gc,stats          ]   Mark Stats Cache: hits 1111011 misses 1 ratio 100,000
[67,902s][debug][gc,stats          ] ---------------------------------------------------------------------
[67,902s][debug][gc,stats          ] Marking Stats, task = 1, calls = 6
[67,902s][debug][gc,stats          ]   Elapsed time = 53,95ms, Termination time = 0,00ms
[67,902s][debug][gc,stats          ]   Step Times (cum): num = 107, avg = 6,70ms, sd = 4,32ms max = 12,01ms, total = 717,24ms
[67,902s][debug][gc,stats          ]   Mark Stats Cache: hits 1070231 misses 1 ratio 100,000
[67,902s][debug][gc,stats          ] ---------------------------------------------------------------------
[67,902s][debug][gc,stats          ] Marking Stats, task = 2, calls = 7
[67,902s][debug][gc,stats          ]   Elapsed time = 53,90ms, Termination time = 0,01ms
[67,902s][debug][gc,stats          ]   Step Times (cum): num = 108, avg = 6,72ms, sd = 4,30ms max = 12,13ms, total = 725,38ms
[67,902s][debug][gc,stats          ]   Mark Stats Cache: hits 1130326 misses 1 ratio 100,000
[67,902s][debug][gc,stats          ] ---------------------------------------------------------------------
[67,902s][debug][gc,stats          ] Marking Stats, task = 3, calls = 6
[67,902s][debug][gc,stats          ]   Elapsed time = 53,74ms, Termination time = 0,37ms
[67,902s][debug][gc,stats          ]   Step Times (cum): num = 108, avg = 6,73ms, sd = 4,30ms max = 12,01ms, total = 726,83ms
[67,902s][debug][gc,stats          ]   Mark Stats Cache: hits 899735 misses 1 ratio 100,000
[67,902s][debug][gc,stats          ] ---------------------------------------------------------------------
[67,902s][info ][gc,marking        ] GC(63) Concurrent Mark From Roots 54,239ms
[67,902s][info ][gc,marking        ] GC(63) Concurrent Preclean
[67,902s][debug][gc,ref,start      ] GC(63) Preclean SoftReferences
[67,902s][debug][gc,ref            ] GC(63) Preclean SoftReferences 0,011ms
[67,902s][debug][gc,ref,start      ] GC(63) Preclean WeakReferences
[67,902s][debug][gc,ref            ] GC(63) Preclean WeakReferences 0,038ms
[67,902s][debug][gc,ref,start      ] GC(63) Preclean FinalReferences
[67,902s][debug][gc,ref            ] GC(63) Preclean FinalReferences 0,010ms
[67,902s][debug][gc,ref,start      ] GC(63) Preclean PhantomReferences
[67,902s][debug][gc,ref            ] GC(63) Preclean PhantomReferences 0,039ms
[67,902s][info ][gc,marking        ] GC(63) Concurrent Preclean 0,146ms
[67,902s][info ][gc,start          ] GC(63) Pause Remark
[67,902s][debug][gc,phases,start   ] GC(63) Finalize Marking
[67,903s][debug][gc,stats          ] ---------------------------------------------------------------------
[67,903s][debug][gc,stats          ] Marking Stats, task = 0, calls = 8
[67,903s][debug][gc,stats          ]   Elapsed time = 0,36ms, Termination time = 0,66ms
[67,903s][debug][gc,stats          ]   Step Times (cum): num = 267, avg = 2,72ms, sd = 4,27ms max = 12,02ms, total = 726,20ms
[67,903s][debug][gc,stats          ]   Mark Stats Cache: hits 1111011 misses 1 ratio 100,000
[67,903s][debug][gc,stats          ] ---------------------------------------------------------------------
[67,903s][debug][gc,stats          ] Marking Stats, task = 1, calls = 7
[67,903s][debug][gc,stats          ]   Elapsed time = 0,21ms, Termination time = 0,19ms
[67,903s][debug][gc,stats          ]   Step Times (cum): num = 108, avg = 6,64ms, sd = 4,34ms max = 12,01ms, total = 717,28ms
[67,903s][debug][gc,stats          ]   Mark Stats Cache: hits 1070231 misses 1 ratio 100,000
[67,903s][debug][gc,stats          ] ---------------------------------------------------------------------
[67,903s][debug][gc,stats          ] Marking Stats, task = 2, calls = 8
[67,903s][debug][gc,stats          ]   Elapsed time = 0,20ms, Termination time = 0,20ms
[67,903s][debug][gc,stats          ]   Step Times (cum): num = 109, avg = 6,66ms, sd = 4,33ms max = 12,13ms, total = 725,41ms
[67,903s][debug][gc,stats          ]   Mark Stats Cache: hits 1130326 misses 1 ratio 100,000
[67,903s][debug][gc,stats          ] ---------------------------------------------------------------------
[67,903s][debug][gc,stats          ] Marking Stats, task = 3, calls = 7
[67,903s][debug][gc,stats          ]   Elapsed time = 0,20ms, Termination time = 0,55ms
[67,903s][debug][gc,stats          ]   Step Times (cum): num = 109, avg = 6,67ms, sd = 4,33ms max = 12,01ms, total = 726,88ms
[67,903s][debug][gc,stats          ]   Mark Stats Cache: hits 899735 misses 1 ratio 100,000
[67,903s][debug][gc,stats          ] ---------------------------------------------------------------------
[67,903s][debug][gc,stats          ] Marking Stats, task = 4, calls = 1
[67,903s][debug][gc,stats          ]   Elapsed time = 0,20ms, Termination time = 0,18ms
[67,903s][debug][gc,stats          ]   Step Times (cum): num = 19, avg = 0,03ms, sd = 0,02ms max = 0,07ms, total = 0,66ms
[67,903s][debug][gc,stats          ]   Mark Stats Cache: hits 4 misses 0 ratio 100,000
[67,903s][debug][gc,stats          ] ---------------------------------------------------------------------
[67,903s][debug][gc,stats          ] Marking Stats, task = 5, calls = 1
[67,903s][debug][gc,stats          ]   Elapsed time = 0,19ms, Termination time = 0,18ms
[67,903s][debug][gc,stats          ]   Step Times (cum): num = 19, avg = 0,04ms, sd = 0,02ms max = 0,08ms, total = 0,67ms
[67,903s][debug][gc,stats          ]   Mark Stats Cache: hits 11 misses 1 ratio 91,667
[67,903s][debug][gc,stats          ] ---------------------------------------------------------------------
[67,903s][debug][gc,stats          ] Marking Stats, task = 6, calls = 1
[67,903s][debug][gc,stats          ]   Elapsed time = 0,17ms, Termination time = 0,17ms
[67,903s][debug][gc,stats          ]   Step Times (cum): num = 19, avg = 0,04ms, sd = 0,02ms max = 0,10ms, total = 0,67ms
[67,903s][debug][gc,stats          ]   Mark Stats Cache: hits 38 misses 1 ratio 97,436
[67,903s][debug][gc,stats          ] ---------------------------------------------------------------------
[67,903s][debug][gc,stats          ] Marking Stats, task = 7, calls = 1
[67,903s][debug][gc,stats          ]   Elapsed time = 0,14ms, Termination time = 0,13ms
[67,903s][debug][gc,stats          ]   Step Times (cum): num = 19, avg = 0,04ms, sd = 0,02ms max = 0,08ms, total = 0,72ms
[67,903s][debug][gc,stats          ]   Mark Stats Cache: hits 9 misses 0 ratio 100,000
[67,903s][debug][gc,stats          ] ---------------------------------------------------------------------
[67,903s][debug][gc,stats          ] Marking Stats, task = 8, calls = 1
[67,903s][debug][gc,stats          ]   Elapsed time = 0,13ms, Termination time = 0,13ms
[67,903s][debug][gc,stats          ]   Step Times (cum): num = 19, avg = 0,04ms, sd = 0,01ms max = 0,06ms, total = 0,67ms
[67,903s][debug][gc,stats          ]   Mark Stats Cache: hits 2 misses 0 ratio 100,000
[67,903s][debug][gc,stats          ] ---------------------------------------------------------------------
[67,903s][debug][gc,stats          ] Marking Stats, task = 9, calls = 1
[67,903s][debug][gc,stats          ]   Elapsed time = 0,14ms, Termination time = 0,12ms
[67,903s][debug][gc,stats          ]   Step Times (cum): num = 19, avg = 0,04ms, sd = 0,02ms max = 0,06ms, total = 0,76ms
[67,903s][debug][gc,stats          ]   Mark Stats Cache: hits 2 misses 0 ratio 100,000
[67,903s][debug][gc,stats          ] ---------------------------------------------------------------------
[67,903s][debug][gc,stats          ] Marking Stats, task = 10, calls = 1
[67,903s][debug][gc,stats          ]   Elapsed time = 0,06ms, Termination time = 0,06ms
[67,903s][debug][gc,stats          ]   Step Times (cum): num = 19, avg = 0,04ms, sd = 0,02ms max = 0,06ms, total = 0,76ms
[67,903s][debug][gc,stats          ]   Mark Stats Cache: hits 0 misses 0 ratio 0,000
[67,903s][debug][gc,stats          ] ---------------------------------------------------------------------
[67,903s][debug][gc,stats          ] Marking Stats, task = 11, calls = 1
[67,903s][debug][gc,stats          ]   Elapsed time = 0,11ms, Termination time = 0,10ms
[67,903s][debug][gc,stats          ]   Step Times (cum): num = 19, avg = 0,05ms, sd = 0,01ms max = 0,06ms, total = 0,86ms
[67,903s][debug][gc,stats          ]   Mark Stats Cache: hits 0 misses 0 ratio 0,000
[67,903s][debug][gc,stats          ] ---------------------------------------------------------------------
[67,903s][debug][gc,stats          ] Marking Stats, task = 12, calls = 1
[67,903s][debug][gc,stats          ]   Elapsed time = 0,04ms, Termination time = 0,03ms
[67,903s][debug][gc,stats          ]   Step Times (cum): num = 19, avg = 0,04ms, sd = 0,02ms max = 0,06ms, total = 0,68ms
[67,903s][debug][gc,stats          ]   Mark Stats Cache: hits 0 misses 0 ratio 0,000
[67,903s][debug][gc,stats          ] ---------------------------------------------------------------------
[67,903s][debug][gc,stats          ] Marking Stats, task = 13, calls = 1
[67,903s][debug][gc,stats          ]   Elapsed time = 0,11ms, Termination time = 0,10ms
[67,903s][debug][gc,stats          ]   Step Times (cum): num = 19, avg = 0,03ms, sd = 0,02ms max = 0,06ms, total = 0,57ms
[67,903s][debug][gc,stats          ]   Mark Stats Cache: hits 0 misses 0 ratio 0,000
[67,903s][debug][gc,stats          ] ---------------------------------------------------------------------
[67,903s][debug][gc,stats          ] Marking Stats, task = 14, calls = 1
[67,903s][debug][gc,stats          ]   Elapsed time = 0,05ms, Termination time = 0,04ms
[67,903s][debug][gc,stats          ]   Step Times (cum): num = 19, avg = 0,03ms, sd = 0,02ms max = 0,06ms, total = 0,58ms
[67,903s][debug][gc,stats          ]   Mark Stats Cache: hits 0 misses 0 ratio 0,000
[67,903s][debug][gc,stats          ] ---------------------------------------------------------------------
[67,903s][debug][gc,phases         ] GC(63) Finalize Marking 1,062ms
[67,903s][debug][gc,phases,start   ] GC(63) Reference Processing
[67,903s][debug][gc,ref            ] GC(63) ReferenceProcessor::execute queues: 1, RefProcThreadModel::Single, marks_oops_alive: false
[67,903s][debug][gc,ref            ] GC(63) ReferenceProcessor::execute queues: 15, RefProcThreadModel::Multi, marks_oops_alive: true
[67,904s][debug][gc,ref            ] GC(63) Skipped PhantomRefsPhase of Reference Processing: no references
[67,904s][debug][gc,phases,ref     ] GC(63) Reference Processing: 0,3ms
[67,904s][debug][gc,phases,ref     ] GC(63)   Notify Soft/WeakReferences: 0,0ms
[67,904s][debug][gc,phases,ref     ] GC(63)     SoftRef (ms):                  Min: 0,00, Avg: 0,00, Max: 0,00, Diff: 0,00, Sum: 0,00, Workers: 1
[67,904s][debug][gc,phases,ref     ] GC(63)     WeakRef (ms):                  Min: 0,00, Avg: 0,00, Max: 0,00, Diff: 0,00, Sum: 0,00, Workers: 1
[67,904s][debug][gc,phases,ref     ] GC(63)     FinalRef (ms):                 Min: 0,00, Avg: 0,00, Max: 0,00, Diff: 0,00, Sum: 0,00, Workers: 1
[67,904s][debug][gc,phases,ref     ] GC(63)     Total (ms):                    Min: 0,02, Avg: 0,02, Max: 0,02, Diff: 0,00, Sum: 0,02, Workers: 1
[67,904s][debug][gc,phases,ref     ] GC(63)   Notify and keep alive finalizable: 0,2ms
[67,904s][debug][gc,phases,ref     ] GC(63)     Balance queues: 0,0ms
[67,904s][debug][gc,phases,ref     ] GC(63)     FinalRef (ms):                 Min: 0,02, Avg: 0,09, Max: 0,20, Diff: 0,18, Sum: 1,42, Workers: 15
[67,904s][debug][gc,phases,ref     ] GC(63)   Notify PhantomReferences: 0,0ms
[67,904s][debug][gc,phases,ref     ] GC(63)     PhantomRef (ms):               skipped
[67,904s][debug][gc,phases,ref     ] GC(63)   SoftReference Discovered: 0, Dropped: 0, Processed: 0
[67,904s][debug][gc,phases,ref     ] GC(63)   WeakReference Discovered: 0, Dropped: 0, Processed: 0
[67,904s][debug][gc,phases,ref     ] GC(63)   FinalReference Discovered: 7, Dropped: 0, Processed: 7
[67,904s][debug][gc,phases,ref     ] GC(63)   PhantomReference Discovered: 0, Dropped: 0, Processed: 0
[67,904s][debug][gc,phases         ] GC(63) Reference Processing 0,441ms
[67,904s][debug][gc,phases,start   ] GC(63) Weak Processing
[67,904s][debug][gc,phases         ] GC(63)   VM Weak                        Min: 0,00, Avg: 0,00, Max: 0,00, Diff: 0,00, Sum: 0,01, Workers: 15
[67,904s][debug][gc,phases         ] GC(63)     Dead                           Min: 0, Avg:  0,0, Max: 0, Diff: 0, Sum: 0, Workers: 15
[67,904s][debug][gc,phases         ] GC(63)     Total                          Min: 0, Avg: 11,3, Max: 106, Diff: 106, Sum: 170, Workers: 15
[67,904s][debug][gc,phases         ] GC(63)   ObjectSynchronizer Weak        Min: 0,00, Avg: 0,00, Max: 0,00, Diff: 0,00, Sum: 0,01, Workers: 15
[67,904s][debug][gc,phases         ] GC(63)     Dead                           Min: 0, Avg:  0,0, Max: 0, Diff: 0, Sum: 0, Workers: 15
[67,904s][debug][gc,phases         ] GC(63)     Total                          Min: 0, Avg:  0,3, Max: 4, Diff: 4, Sum: 4, Workers: 15
[67,904s][debug][gc,phases         ] GC(63)   JVMTI Tag Weak OopStorage      Min: 0,00, Avg: 0,00, Max: 0,00, Diff: 0,00, Sum: 0,00, Workers: 15
[67,904s][debug][gc,phases         ] GC(63)     Dead                           Min: 0, Avg:  0,0, Max: 0, Diff: 0, Sum: 0, Workers: 15
[67,904s][debug][gc,phases         ] GC(63)     Total                          Min: 0, Avg:  0,0, Max: 0, Diff: 0, Sum: 0, Workers: 15
[67,904s][debug][gc,phases         ] GC(63)   StringTable Weak               Min: 0,00, Avg: 0,01, Max: 0,01, Diff: 0,01, Sum: 0,14, Workers: 15
[67,904s][debug][gc,phases         ] GC(63)     Dead                           Min: 0, Avg:  0,0, Max: 0, Diff: 0, Sum: 0, Workers: 15
[67,904s][debug][gc,phases         ] GC(63)     Total                          Min: 0, Avg: 567,5, Max: 1280, Diff: 1280, Sum: 8512, Workers: 15
[67,904s][debug][gc,phases         ] GC(63)   ResolvedMethodTable Weak       Min: 0,00, Avg: 0,00, Max: 0,00, Diff: 0,00, Sum: 0,04, Workers: 15
[67,904s][debug][gc,phases         ] GC(63)     Dead                           Min: 0, Avg:  0,0, Max: 0, Diff: 0, Sum: 0, Workers: 15
[67,904s][debug][gc,phases         ] GC(63)     Total                          Min: 0, Avg: 113,7, Max: 255, Diff: 255, Sum: 1706, Workers: 15
[67,904s][debug][gc,phases         ] GC(63)   JNI Weak                       Min: 0,00, Avg: 0,00, Max: 0,00, Diff: 0,00, Sum: 0,01, Workers: 15
[67,904s][debug][gc,phases         ] GC(63)     Dead                           Min: 0, Avg:  0,0, Max: 0, Diff: 0, Sum: 0, Workers: 15
[67,904s][debug][gc,phases         ] GC(63)     Total                          Min: 0, Avg:  0,0, Max: 0, Diff: 0, Sum: 0, Workers: 15
[67,904s][debug][gc,phases         ] GC(63)   StringDedup Table Weak         Min: 0,00, Avg: 0,01, Max: 0,02, Diff: 0,02, Sum: 0,16, Workers: 15
[67,904s][debug][gc,phases         ] GC(63)     Dead                           Min: 0, Avg:  0,0, Max: 0, Diff: 0, Sum: 0, Workers: 15
[67,904s][debug][gc,phases         ] GC(63)     Total                          Min: 0, Avg: 877,6, Max: 1664, Diff: 1664, Sum: 13164, Workers: 15
[67,904s][debug][gc,phases         ] GC(63)   StringDedup Requests0 Weak     Min: 0,00, Avg: 0,00, Max: 0,00, Diff: 0,00, Sum: 0,01, Workers: 15
[67,904s][debug][gc,phases         ] GC(63)     Dead                           Min: 0, Avg:  0,0, Max: 0, Diff: 0, Sum: 0, Workers: 15
[67,904s][debug][gc,phases         ] GC(63)     Total                          Min: 0, Avg:  0,0, Max: 0, Diff: 0, Sum: 0, Workers: 15
[67,904s][debug][gc,phases         ] GC(63)   StringDedup Requests1 Weak     Min: 0,00, Avg: 0,00, Max: 0,00, Diff: 0,00, Sum: 0,01, Workers: 15
[67,904s][debug][gc,phases         ] GC(63)     Dead                           Min: 0, Avg:  0,0, Max: 0, Diff: 0, Sum: 0, Workers: 15
[67,904s][debug][gc,phases         ] GC(63)     Total                          Min: 0, Avg:  0,0, Max: 0, Diff: 0, Sum: 0, Workers: 15
[67,904s][debug][gc,phases         ] GC(63)   Weak JFR Old Object Samples    Min: 0,00, Avg: 0,00, Max: 0,00, Diff: 0,00, Sum: 0,01, Workers: 15
[67,904s][debug][gc,phases         ] GC(63)     Dead                           Min: 0, Avg:  0,0, Max: 0, Diff: 0, Sum: 0, Workers: 15
[67,904s][debug][gc,phases         ] GC(63)     Total                          Min: 0, Avg:  0,0, Max: 0, Diff: 0, Sum: 0, Workers: 15
[67,904s][debug][gc,phases         ] GC(63) Weak Processing 0,520ms
[67,904s][debug][gc,phases,start   ] GC(63) Class Unloading
[67,904s][debug][gc,phases,start   ] GC(63) ClassLoaderData
[67,904s][debug][gc,phases         ] GC(63) ClassLoaderData 0,031ms
[67,904s][debug][gc,phases,start   ] GC(63) Trigger cleanups
[67,904s][debug][gc,phases         ] GC(63) Trigger cleanups 0,009ms
[67,904s][debug][gc,phases,start   ] GC(63) G1 Complete Cleaning
[67,905s][debug][gc,phases         ] GC(63) G1 Complete Cleaning 0,710ms
[67,905s][debug][gc,phases,start   ] GC(63) Purge Unlinked NMethods
[67,905s][debug][gc,phases         ] GC(63) Purge Unlinked NMethods 0,047ms
[67,905s][debug][gc,phases,start   ] GC(63) Free Code Blobs
[67,905s][debug][gc,phases         ] GC(63) Free Code Blobs 0,021ms
[67,905s][debug][gc,phases,start   ] GC(63) Purge Class Loader Data
[67,905s][debug][gc,phases         ] GC(63) Purge Class Loader Data 0,010ms
[67,905s][debug][gc,phases         ] GC(63) Class Unloading 0,902ms
[67,905s][debug][gc,phases,start   ] GC(63) Flush Task Caches
[67,905s][debug][gc,stats          ] Mark stats cache hits 4211376 misses 6 ratio 100,000
[67,905s][debug][gc,phases         ] GC(63) Flush Task Caches 0,057ms
[67,905s][debug][gc,phases,start   ] GC(63) Update Remembered Set Tracking Before Rebuild
[67,905s][debug][gc,ergo           ] GC(63) Running G1 Update RemSet Tracking Before Rebuild using 4 workers for 1280 regions in heap
[67,905s][debug][gc,remset,tracking] GC(63) Remembered Set Tracking update regions total 1280, selected 187
[67,905s][debug][gc,phases         ] GC(63) Update Remembered Set Tracking Before Rebuild 0,088ms
[67,905s][debug][gc,phases,start   ] GC(63) Reclaim Empty Regions
[67,906s][debug][gc                ] GC(63) Reclaimed 226 empty regions
[67,906s][debug][gc,phases         ] GC(63) Reclaim Empty Regions 0,489ms
[67,906s][debug][gc,phases,start   ] GC(63) Report Object Count
[67,906s][debug][gc,phases         ] GC(63) Report Object Count 0,010ms
[67,906s][debug][gc,mmu            ] GC(63) MMU: 73,7ms (200,0ms/201,0ms)
[67,906s][info ][gc                ] GC(63) Pause Remark 2569M->1665M(5120M) 3,739ms
[67,906s][info ][gc,cpu            ] GC(63) User=0,01s Sys=0,01s Real=0,01s
[67,906s][info ][gc,marking        ] GC(63) Concurrent Mark 58,325ms
[67,906s][info ][gc,marking        ] GC(63) Concurrent Rebuild Remembered Sets and Scrub Regions
[67,925s][debug][gc,refine         ] Concurrent refinement: wanted 0, cards: 2016, predicted: 3680, time: 997,86ms
[68,051s][debug][gc,refine         ] Concurrent refinement: wanted 0, cards: 3296, predicted: 4921, time: 974,20ms
[68,176s][debug][gc,refine         ] Concurrent refinement: wanted 0, cards: 3296, predicted: 4837, time: 923,94ms
[68,205s][info ][gc,marking        ] GC(63) Concurrent Rebuild Remembered Sets and Scrub Regions 299,198ms
[68,205s][info ][gc,start          ] GC(63) Pause Cleanup
[68,205s][debug][gc,phases,start   ] GC(63) Update Remembered Set Tracking After Rebuild
[68,206s][debug][gc,phases         ] GC(63) Update Remembered Set Tracking After Rebuild 0,061ms
[68,206s][debug][gc,phases,start   ] GC(63) Finalize Concurrent Mark Cleanup
[68,206s][debug][gc,ergo,cset      ] GC(63) Pruned 76 regions out of 186, leaving 265180408 bytes waste (allowed 268435456)
[68,206s][debug][gc,mmu            ] GC(63) MMU: 0,4ms (200,0ms/201,0ms)
[68,206s][debug][gc,phases         ] GC(63) Finalize Concurrent Mark Cleanup 0,379ms
[68,206s][info ][gc                ] GC(63) Pause Cleanup 1785M->1785M(5120M) 0,508ms
[68,206s][info ][gc,cpu            ] GC(63) User=0,00s Sys=0,00s Real=0,00s
[68,206s][info ][gc,marking        ] GC(63) Concurrent Clear Claimed Marks
[68,206s][info ][gc,marking        ] GC(63) Concurrent Clear Claimed Marks 0,066ms
[68,206s][info ][gc,marking        ] GC(63) Concurrent Cleanup for Next Mark
[68,206s][debug][gc,ergo           ] GC(63) Running G1 Clear Bitmap with 4 workers for 80 work units.
[68,209s][info ][gc,marking        ] GC(63) Concurrent Cleanup for Next Mark 2,766ms
[68,209s][info ][gc                ] GC(63) Concurrent Mark Cycle 412,934ms
[68,297s][debug][gc,refine         ] Concurrent refinement: wanted 0, cards: 3296, predicted: 4753, time: 873,68ms
[68,415s][debug][gc,refine         ] Concurrent refinement: wanted 0, cards: 3296, predicted: 4669, time: 823,42ms
[68,427s][debug][gc,task,start     ] G1 Service Thread (Periodic GC Task) (run 0,734ms after schedule)
[68,427s][debug][gc,task           ] G1 Service Thread (Periodic GC Task) (run: 0,041ms) (cpu: 0,047ms)
[68,529s][debug][gc,refine         ] Concurrent refinement: wanted 0, cards: 3296, predicted: 4588, time: 774,63ms
[68,641s][debug][gc,refine         ] Concurrent refinement: wanted 0, cards: 3296, predicted: 4509, time: 727,33ms
[68,748s][debug][gc,refine         ] Concurrent refinement: wanted 0, cards: 3296, predicted: 4432, time: 681,50ms
[68,852s][debug][gc,refine         ] Concurrent refinement: wanted 0, cards: 3296, predicted: 4358, time: 637,15ms
[68,952s][debug][gc,refine         ] Concurrent refinement: wanted 0, cards: 3296, predicted: 4287, time: 594,28ms
[69,049s][debug][gc,refine         ] Concurrent refinement: wanted 0, cards: 3296, predicted: 4218, time: 552,89ms
[69,117s][info ][gc,start          ] GC(64) Pause Young (Prepare Mixed) (G1 Evacuation Pause)
[69,118s][debug][gc,heap           ] GC(64) Heap before GC invocations=64 (full 0):
[69,118s][debug][gc,heap           ] GC(64)  garbage-first heap   total reserved 8388608K, committed 5242880K, used 3091489K [0x0000000600000000, 0x0000000800000000)
[69,118s][debug][gc,heap           ] GC(64)   region size 4096K, 415 young (1699840K), 61 survivors (249856K)
[69,118s][debug][gc,heap           ] GC(64)  Metaspace       used 20774K, committed 21184K, reserved 1114112K
[69,118s][debug][gc,heap           ] GC(64)   class space    used 2617K, committed 2816K, reserved 1048576K
[69,118s][info ][gc,task           ] GC(64) Using 15 workers of 15 for evacuation
[69,118s][debug][gc,age            ] GC(64) Desired survivor size 109051904 bytes, new threshold 1 (max threshold 15)
[69,118s][debug][gc,tlab           ] GC(64) TLAB totals: thrds: 24  refills: 1201 max: 340 slow allocs: 528 max 55 waste:  1,1% gc: 12489952B max: 1831824B slow: 2870088B max: 462384B
[69,118s][debug][gc,refine,stats   ] GC(64) Mutator refinement: 0,00ms, refined: 0, precleaned: 0, dirtied: 2602
[69,118s][debug][gc,refine,stats   ] GC(64) Concurrent refinement: 0,00ms, refined: 0, precleaned: 0, dirtied: 0
[69,118s][debug][gc,refine,stats   ] GC(64) Total refinement: 0,00ms, refined: 0, precleaned: 0, dirtied: 2602
[69,118s][debug][gc,refine,stats   ] GC(64) Generate dirty cards rate: 1,97 cards/ms
[69,118s][debug][gc,alloc,region   ] GC(64) Mutator Allocation stats, regions: 354, wasted size: 834K ( 0,1%)
[69,118s][debug][gc,ergo,cset      ] GC(64) Do not add marking candidates to collection set due to pause type.
[69,118s][debug][gc,ergo,cset      ] GC(64) Start adding retained candidates to collection set. Min 1 regions, available 1, time remaining 40,00ms, optional remaining 40,00ms
[69,118s][debug][gc,ergo,cset      ] GC(64) Retained candidates exhausted.
[69,118s][debug][gc,ergo,cset      ] GC(64) Finish adding retained candidates to collection set. Initial: 1, optional: 0, pinned: 0, predicted initial time: 0,06ms, predicted optional time: 0,00ms, time remaining: 39,94ms optional time remaining 39,94ms
[69,118s][debug][gc,ergo           ] GC(64) Running G1 Merge Heap Roots using 15 workers for 416 regions
[69,118s][debug][gc,remset         ] GC(64) Visited cards 180672 Total dirty 1458176 (12,39%) Total old 9609216 (1,88%)
[69,183s][debug][gc,ref            ] GC(64) ReferenceProcessor::execute queues: 2, RefProcThreadModel::Multi, marks_oops_alive: false
[69,183s][debug][gc,ref            ] GC(64) ReferenceProcessor::execute queues: 15, RefProcThreadModel::Multi, marks_oops_alive: true
[69,183s][debug][gc,ref            ] GC(64) ReferenceProcessor::execute queues: 1, RefProcThreadModel::Single, marks_oops_alive: false
[69,184s][debug][gc,ergo           ] GC(64) Initializing removing self forwards with 128 chunks per region
[69,184s][debug][gc,ergo           ] GC(64) Running G1 Rebuild Free List Task using 15 workers for rebuilding free list of regions
[69,184s][debug][gc,plab           ] GC(64) Young PLAB allocation: allocated: 218103808B, wasted: 25840B, unused: 2090248B, used: 215987720B, undo waste: 0B, 
[69,184s][debug][gc,plab           ] GC(64) Young other allocation: region end waste: 0B, regions filled: 52, num plab filled: 118, direct allocated: 0B, num direct allocated: 0, failure used: 0B, failure wasted: 0B
[69,184s][debug][gc,plab           ] GC(64) Young sizing: calculated: 43197544B, actual: 45178544B
[69,184s][debug][gc,plab           ] GC(64) Old PLAB allocation: allocated: 513802240B, wasted: 66336B, unused: 18188880B, used: 495547024B, undo waste: 0B, 
[69,184s][debug][gc,plab           ] GC(64) Old other allocation: region end waste: 0B, regions filled: 123, num plab filled: 245, direct allocated: 0B, num direct allocated: 0, failure used: 667256B, failure wasted: 7721352B
[69,184s][debug][gc,plab           ] GC(64) Old sizing: calculated: 99109400B, actual: 97453072B
[69,184s][debug][gc,task,start     ] G1 Service Thread (Card Set Free Memory Task) (run 0,009ms after schedule)
[69,184s][debug][gc,ergo,heap      ] GC(64) Heap expansion: short term pause time ratio 0,15% long term pause time ratio 4,69% threshold 7,69% pause time ratio 7,69% fully expanded false resize by 0B
[69,184s][debug][gc,mmu            ] GC(64) MMU: 66,4ms (200,0ms/201,0ms)
[69,184s][debug][gc,alloc,stats    ] Old generation allocation in the last mutator period, old gen allocated: 522190848B, humongous allocated: 0B, old gen growth: 522190848B.
[69,184s][debug][gc,ihop           ] GC(64) Basic information (value update), threshold: 1388958285B (25,87), target occupancy: 5368709120B, current occupancy: 2165343792B, recent allocation size: 522190848B, recent allocation duration: 1319,02ms, recent old gen allocation rate: 395893926,09B/s, recent marking phase length: 2637,33ms
[69,184s][debug][gc,ihop           ] GC(64) Adaptive IHOP information (value update), threshold: 1388958285B (27,23), internal target occupancy: 5100273664B, occupancy: 2165343792B, additional buffer size: 2025848832B, predicted old gen allocation rate: 618712641,23B/s, predicted marking phase length: 2724,15ms, prediction active: true
[69,184s][debug][gc,ergo,refine    ] GC(64) GC refinement: goal: 242085 + 795 / 20,00ms, actual: 4106 / 0,32ms, 
[69,184s][debug][gc,ergo,refine    ] GC(64) New pending cards target: 247326
[69,184s][info ][gc,phases         ] GC(64)   Pre Evacuate Collection Set: 0,22ms
[69,184s][debug][gc,phases         ] GC(64)     Pre Evacuate Prepare: 0,03ms
[69,184s][debug][gc,phases         ] GC(64)       JT Retire TLABs And Flush Logs (ms): Min: 0,00, Avg: 0,01, Max: 0,01, Diff: 0,01, Sum: 0,01, Workers: 2
[69,184s][debug][gc,phases         ] GC(64)       Non-JT Flush Logs (ms):        Min: 0,01, Avg: 0,01, Max: 0,01, Diff: 0,00, Sum: 0,01, Workers: 1
[69,184s][debug][gc,phases         ] GC(64)     Choose Collection Set: 0,05ms
[69,184s][debug][gc,phases         ] GC(64)     Region Register: 0,14ms
[69,184s][debug][gc,phases         ] GC(64)     Prepare Heap Roots: 0,00ms
[69,184s][info ][gc,phases         ] GC(64)   Merge Heap Roots: 0,37ms
[69,184s][debug][gc,phases         ] GC(64)     Prepare Merge Heap Roots: 0,02ms
[69,184s][debug][gc,phases         ] GC(64)     Remembered Sets (ms):          Min: 0,07, Avg: 0,10, Max: 0,12, Diff: 0,05, Sum: 1,43, Workers: 15
[69,184s][debug][gc,phases         ] GC(64)       Eager Reclaim (ms):            skipped
[69,184s][debug][gc,phases         ] GC(64)       Merged Inline                  Min: 0, Avg: 10,9, Max: 58, Diff: 58, Sum: 164, Workers: 15
[69,184s][debug][gc,phases         ] GC(64)       Merged ArrayOfCards            Min: 0, Avg: 13,2, Max: 54, Diff: 54, Sum: 198, Workers: 15
[69,184s][debug][gc,phases         ] GC(64)       Merged Howl                    Min: 0, Avg:  0,0, Max: 0, Diff: 0, Sum: 0, Workers: 15
[69,184s][debug][gc,phases         ] GC(64)       Merged Full                    Min: 0, Avg:  0,0, Max: 0, Diff: 0, Sum: 0, Workers: 15
[69,184s][debug][gc,phases         ] GC(64)       Merged Howl Inline             Min: 0, Avg:  0,0, Max: 0, Diff: 0, Sum: 0, Workers: 15
[69,184s][debug][gc,phases         ] GC(64)       Merged Howl ArrayOfCards       Min: 0, Avg:  0,0, Max: 0, Diff: 0, Sum: 0, Workers: 15
[69,184s][debug][gc,phases         ] GC(64)       Merged Howl BitMap             Min: 0, Avg:  0,0, Max: 0, Diff: 0, Sum: 0, Workers: 15
[69,184s][debug][gc,phases         ] GC(64)       Merged Howl Full               Min: 0, Avg:  0,0, Max: 0, Diff: 0, Sum: 0, Workers: 15
[69,184s][debug][gc,phases         ] GC(64)       Merged Cards                   Min: 8, Avg: 175,0, Max: 764, Diff: 756, Sum: 2625, Workers: 15
[69,184s][debug][gc,phases         ] GC(64)     Log Buffers (ms):              Min: 0,00, Avg: 0,01, Max: 0,03, Diff: 0,03, Sum: 0,17, Workers: 15
[69,184s][debug][gc,phases         ] GC(64)       Dirty Cards:                   Min: 0, Avg: 273,7, Max: 1194, Diff: 1194, Sum: 4106, Workers: 15
[69,184s][debug][gc,phases         ] GC(64)       Skipped Cards:                 Min: 0, Avg:  0,0, Max: 0, Diff: 0, Sum: 0, Workers: 15
[69,184s][info ][gc,phases         ] GC(64)   Evacuate Collection Set: 64,25ms
[69,184s][debug][gc,phases         ] GC(64)     Ext Root Scanning (ms):        Min: 0,01, Avg: 0,06, Max: 0,20, Diff: 0,19, Sum: 0,85, Workers: 15
[69,184s][debug][gc,phases         ] GC(64)     Scan Heap Roots (ms):          Min: 0,03, Avg: 0,32, Max: 0,59, Diff: 0,56, Sum: 4,79, Workers: 15
[69,184s][debug][gc,phases         ] GC(64)       Scanned Cards:                 Min: 28, Avg: 279,0, Max: 533, Diff: 505, Sum: 4185, Workers: 15
[69,184s][debug][gc,phases         ] GC(64)       Scanned Blocks:                Min: 23, Avg: 239,9, Max: 431, Diff: 408, Sum: 3599, Workers: 15
[69,184s][debug][gc,phases         ] GC(64)       Claimed Chunks:                Min: 17, Avg: 188,2, Max: 368, Diff: 351, Sum: 2823, Workers: 15
[69,184s][debug][gc,phases         ] GC(64)       Found Roots:                   Min: 13, Avg: 196,3, Max: 423, Diff: 410, Sum: 2944, Workers: 15
[69,184s][debug][gc,phases         ] GC(64)     Code Root Scan (ms):           Min: 0,02, Avg: 0,03, Max: 0,05, Diff: 0,03, Sum: 0,39, Workers: 15
[69,184s][debug][gc,phases         ] GC(64)       Scanned Nmethods               Min: 0, Avg:  0,0, Max: 0, Diff: 0, Sum: 0, Workers: 15
[69,184s][debug][gc,phases         ] GC(64)     Object Copy (ms):              Min: 63,35, Avg: 63,61, Max: 63,92, Diff: 0,57, Sum: 954,16, Workers: 15
[69,185s][debug][gc,phases         ] GC(64)     Termination (ms):              Min: 0,04, Avg: 0,05, Max: 0,10, Diff: 0,06, Sum: 0,77, Workers: 15
[69,185s][debug][gc,phases         ] GC(64)       Termination Attempts:          Min: 1, Avg:  1,0, Max: 1, Diff: 0, Sum: 15, Workers: 15
[69,185s][debug][gc,phases         ] GC(64)     GC Worker Other (ms):          Min: 0,03, Avg: 0,04, Max: 0,05, Diff: 0,02, Sum: 0,60, Workers: 15
[69,185s][debug][gc,phases         ] GC(64)     GC Worker Total (ms):          Min: 64,07, Avg: 64,10, Max: 64,18, Diff: 0,11, Sum: 961,55, Workers: 15
[69,185s][info ][gc,phases         ] GC(64)   Post Evacuate Collection Set: 1,41ms
[69,185s][debug][gc,phases         ] GC(64)     NMethod List Cleanup: 0,01ms
[69,185s][debug][gc,phases         ] GC(64)     Reference Processing: 0,76ms
[69,185s][debug][gc,phases,ref     ] GC(64)       Notify Soft/WeakReferences: 0,2ms
[69,185s][debug][gc,phases,ref     ] GC(64)         Balance queues: 0,0ms
[69,185s][debug][gc,phases,ref     ] GC(64)         SoftRef (ms):                  Min: 0,00, Avg: 0,00, Max: 0,00, Diff: 0,00, Sum: 0,00, Workers: 2
[69,185s][debug][gc,phases,ref     ] GC(64)         WeakRef (ms):                  Min: 0,00, Avg: 0,00, Max: 0,00, Diff: 0,00, Sum: 0,00, Workers: 2
[69,185s][debug][gc,phases,ref     ] GC(64)         FinalRef (ms):                 Min: 0,06, Avg: 0,06, Max: 0,06, Diff: 0,00, Sum: 0,11, Workers: 2
[69,185s][debug][gc,phases,ref     ] GC(64)         Total (ms):                    Min: 0,06, Avg: 0,06, Max: 0,06, Diff: 0,00, Sum: 0,12, Workers: 2
[69,185s][debug][gc,phases,ref     ] GC(64)       Notify and keep alive finalizable: 0,5ms
[69,185s][debug][gc,phases,ref     ] GC(64)         Balance queues: 0,0ms
[69,185s][debug][gc,phases,ref     ] GC(64)         FinalRef (ms):                 Min: 0,33, Avg: 0,39, Max: 0,43, Diff: 0,10, Sum: 5,79, Workers: 15
[69,185s][debug][gc,phases,ref     ] GC(64)       Notify PhantomReferences: 0,1ms
[69,185s][debug][gc,phases,ref     ] GC(64)         PhantomRef (ms):               Min: 0,01, Avg: 0,01, Max: 0,01, Diff: 0,00, Sum: 0,01, Workers: 1
[69,185s][debug][gc,phases,ref     ] GC(64)       SoftReference Discovered: 0, Dropped: 0, Processed: 0
[69,185s][debug][gc,phases,ref     ] GC(64)       WeakReference Discovered: 0, Dropped: 0, Processed: 0
[69,185s][debug][gc,phases,ref     ] GC(64)       FinalReference Discovered: 1635, Dropped: 2, Processed: 1633
[69,185s][debug][gc,phases,ref     ] GC(64)       PhantomReference Discovered: 41, Dropped: 2, Processed: 39
[69,185s][debug][gc,phases         ] GC(64)     Weak Processing: 0,11ms
[69,185s][debug][gc,phases         ] GC(64)       VM Weak                        Min: 0,00, Avg: 0,00, Max: 0,00, Diff: 0,00, Sum: 0,02, Workers: 15
[69,185s][debug][gc,phases         ] GC(64)         Dead                           Min: 0, Avg:  0,0, Max: 0, Diff: 0, Sum: 0, Workers: 15
[69,185s][debug][gc,phases         ] GC(64)         Total                          Min: 0, Avg: 11,3, Max: 170, Diff: 170, Sum: 170, Workers: 15
[69,185s][debug][gc,phases         ] GC(64)       ObjectSynchronizer Weak        Min: 0,00, Avg: 0,00, Max: 0,00, Diff: 0,00, Sum: 0,01, Workers: 15
[69,185s][debug][gc,phases         ] GC(64)         Dead                           Min: 0, Avg:  0,0, Max: 0, Diff: 0, Sum: 0, Workers: 15
[69,185s][debug][gc,phases         ] GC(64)         Total                          Min: 0, Avg:  0,3, Max: 4, Diff: 4, Sum: 4, Workers: 15
[69,185s][debug][gc,phases         ] GC(64)       JVMTI Tag Weak OopStorage      Min: 0,00, Avg: 0,00, Max: 0,00, Diff: 0,00, Sum: 0,00, Workers: 15
[69,185s][debug][gc,phases         ] GC(64)         Dead                           Min: 0, Avg:  0,0, Max: 0, Diff: 0, Sum: 0, Workers: 15
[69,185s][debug][gc,phases         ] GC(64)         Total                          Min: 0, Avg:  0,0, Max: 0, Diff: 0, Sum: 0, Workers: 15
[69,185s][debug][gc,phases         ] GC(64)       StringTable Weak               Min: 0,00, Avg: 0,01, Max: 0,05, Diff: 0,05, Sum: 0,13, Workers: 15
[69,185s][debug][gc,phases         ] GC(64)         Dead                           Min: 0, Avg:  0,0, Max: 0, Diff: 0, Sum: 0, Workers: 15
[69,185s][debug][gc,phases         ] GC(64)         Total                          Min: 0, Avg: 567,5, Max: 3776, Diff: 3776, Sum: 8512, Workers: 15
[69,185s][debug][gc,phases         ] GC(64)       ResolvedMethodTable Weak       Min: 0,00, Avg: 0,00, Max: 0,01, Diff: 0,01, Sum: 0,04, Workers: 15
[69,185s][debug][gc,phases         ] GC(64)         Dead                           Min: 0, Avg:  0,0, Max: 0, Diff: 0, Sum: 0, Workers: 15
[69,185s][debug][gc,phases         ] GC(64)         Total                          Min: 0, Avg: 113,7, Max: 751, Diff: 751, Sum: 1706, Workers: 15
[69,185s][debug][gc,phases         ] GC(64)       JNI Weak                       Min: 0,00, Avg: 0,00, Max: 0,00, Diff: 0,00, Sum: 0,01, Workers: 15
[69,185s][debug][gc,phases         ] GC(64)         Dead                           Min: 0, Avg:  0,0, Max: 0, Diff: 0, Sum: 0, Workers: 15
[69,185s][debug][gc,phases         ] GC(64)         Total                          Min: 0, Avg:  0,0, Max: 0, Diff: 0, Sum: 0, Workers: 15
[69,185s][debug][gc,phases         ] GC(64)       StringDedup Table Weak         Min: 0,00, Avg: 0,01, Max: 0,02, Diff: 0,02, Sum: 0,16, Workers: 15
[69,185s][debug][gc,phases         ] GC(64)         Dead                           Min: 0, Avg:  0,0, Max: 0, Diff: 0, Sum: 0, Workers: 15
[69,185s][debug][gc,phases         ] GC(64)         Total                          Min: 0, Avg: 877,6, Max: 2304, Diff: 2304, Sum: 13164, Workers: 15
[69,185s][debug][gc,phases         ] GC(64)       StringDedup Requests0 Weak     Min: 0,00, Avg: 0,00, Max: 0,00, Diff: 0,00, Sum: 0,02, Workers: 15
[69,185s][debug][gc,phases         ] GC(64)         Dead                           Min: 0, Avg:  0,0, Max: 0, Diff: 0, Sum: 0, Workers: 15
[69,185s][debug][gc,phases         ] GC(64)         Total                          Min: 0, Avg:  0,0, Max: 0, Diff: 0, Sum: 0, Workers: 15
[69,185s][debug][gc,phases         ] GC(64)       StringDedup Requests1 Weak     Min: 0,00, Avg: 0,00, Max: 0,00, Diff: 0,00, Sum: 0,01, Workers: 15
[69,185s][debug][gc,phases         ] GC(64)         Dead                           Min: 0, Avg:  0,0, Max: 0, Diff: 0, Sum: 0, Workers: 15
[69,185s][debug][gc,phases         ] GC(64)         Total                          Min: 0, Avg: 12,8, Max: 64, Diff: 64, Sum: 192, Workers: 15
[69,185s][debug][gc,phases         ] GC(64)       Weak JFR Old Object Samples    Min: 0,00, Avg: 0,00, Max: 0,00, Diff: 0,00, Sum: 0,01, Workers: 15
[69,185s][debug][gc,phases         ] GC(64)         Dead                           Min: 0, Avg:  0,0, Max: 0, Diff: 0, Sum: 0, Workers: 15
[69,185s][debug][gc,phases         ] GC(64)         Total                          Min: 0, Avg:  0,0, Max: 0, Diff: 0, Sum: 0, Workers: 15
[69,185s][debug][gc,phases         ] GC(64)     Post Evacuate Cleanup 1: 0,22ms
[69,185s][debug][gc,phases         ] GC(64)       Merge Per-Thread State (ms):   Min: 0,03, Avg: 0,03, Max: 0,03, Diff: 0,00, Sum: 0,03, Workers: 1
[69,185s][debug][gc,phases         ] GC(64)         Copied Bytes                   Min: 36940408, Avg: 47435649,6, Max: 60228536, Diff: 23288128, Sum: 711534744, Workers: 15
[69,185s][debug][gc,phases         ] GC(64)         LAB Waste                      Min: 888, Avg: 6145,1, Max: 13832, Diff: 12944, Sum: 92176, Workers: 15
[69,185s][debug][gc,phases         ] GC(64)         LAB Undo Waste                 Min: 0, Avg:  0,0, Max: 0, Diff: 0, Sum: 0, Workers: 15
[69,185s][debug][gc,phases         ] GC(64)         Evac Fail Extra Cards          Min: 0, Avg:  0,0, Max: 0, Diff: 0, Sum: 0, Workers: 15
[69,185s][debug][gc,phases         ] GC(64)       Clear Logged Cards (ms):       Min: 0,00, Avg: 0,02, Max: 0,11, Diff: 0,11, Sum: 0,35, Workers: 15
[69,185s][debug][gc,phases         ] GC(64)       Recalculate Used Memory (ms):  Min: 0,02, Avg: 0,02, Max: 0,02, Diff: 0,00, Sum: 0,02, Workers: 1
[69,185s][debug][gc,phases         ] GC(64)       Restore Evacuation Failed Regions (ms): Min: 0,00, Avg: 0,03, Max: 0,05, Diff: 0,04, Sum: 0,50, Workers: 15
[69,185s][debug][gc,phases         ] GC(64)         Evacuation Failed Regions:     Min: 2, Avg:  2,0, Max: 2, Diff: 0, Sum: 2, Workers: 1
[69,185s][debug][gc,phases         ] GC(64)         Pinned Regions:                Min: 1, Avg:  1,0, Max: 1, Diff: 0, Sum: 2, Workers: 2
[69,185s][debug][gc,phases         ] GC(64)         Allocation Failed Regions:     skipped
[69,185s][debug][gc,phases         ] GC(64)         Remove Self Forwards (ms):     Min: 0,01, Avg: 0,02, Max: 0,03, Diff: 0,02, Sum: 0,24, Workers: 12
[69,185s][debug][gc,phases         ] GC(64)           Forward Chunks:                Min: 1, Avg:  2,2, Max: 4, Diff: 3, Sum: 24, Workers: 11
[69,185s][debug][gc,phases         ] GC(64)           Empty Forward Chunks:          Min: 14, Avg: 19,3, Max: 30, Diff: 16, Sum: 232, Workers: 12
[69,185s][debug][gc,phases         ] GC(64)           Forward Objects:               Min: 1, Avg:  2,3, Max: 4, Diff: 3, Sum: 25, Workers: 11
[69,185s][debug][gc,phases         ] GC(64)           Forward Bytes:                 Min: 48, Avg: 60659,6, Max: 162184, Diff: 162136, Sum: 667256, Workers: 11
[69,185s][debug][gc,phases         ] GC(64)     Post Evacuate Cleanup 2: 0,15ms
[69,185s][debug][gc,phases         ] GC(64)       Recalculate Used Memory (ms):  Min: 0,02, Avg: 0,02, Max: 0,02, Diff: 0,00, Sum: 0,02, Workers: 1
[69,185s][debug][gc,phases         ] GC(64)       Restore Preserved Marks (ms):  Min: 0,00, Avg: 0,00, Max: 0,00, Diff: 0,00, Sum: 0,01, Workers: 15
[69,185s][debug][gc,phases         ] GC(64)       Process Evacuation Failed Regions (ms): Min: 0,00, Avg: 0,00, Max: 0,01, Diff: 0,01, Sum: 0,02, Workers: 15
[69,185s][debug][gc,phases         ] GC(64)       Update Derived Pointers (ms):  Min: 0,00, Avg: 0,00, Max: 0,00, Diff: 0,00, Sum: 0,00, Workers: 1
[69,185s][debug][gc,phases         ] GC(64)       Eagerly Reclaim Humongous Objects (ms): skipped
[69,185s][debug][gc,phases         ] GC(64)         Humongous Total                skipped
[69,185s][debug][gc,phases         ] GC(64)         Humongous Candidates           skipped
[69,185s][debug][gc,phases         ] GC(64)         Humongous Reclaimed            skipped
[69,185s][debug][gc,phases         ] GC(64)       Sample CSet Candidates (ms):   Min: 0,02, Avg: 0,02, Max: 0,02, Diff: 0,00, Sum: 0,02, Workers: 1
[69,185s][debug][gc,phases         ] GC(64)       Redirty Logged Cards (ms):     Min: 0,00, Avg: 0,00, Max: 0,01, Diff: 0,01, Sum: 0,06, Workers: 15
[69,185s][debug][gc,phases         ] GC(64)         Redirtied Cards:               Min: 0, Avg: 111,1, Max: 339, Diff: 339, Sum: 1666, Workers: 15
[69,185s][debug][gc,phases         ] GC(64)       Resize TLABs (ms):             Min: 0,00, Avg: 0,00, Max: 0,01, Diff: 0,01, Sum: 0,01, Workers: 15
[69,185s][debug][gc,phases         ] GC(64)       Free Collection Set (ms):      Min: 0,01, Avg: 0,07, Max: 0,10, Diff: 0,09, Sum: 1,01, Workers: 15
[69,185s][debug][gc,phases         ] GC(64)     Rebuild Free List: 0,04ms
[69,185s][debug][gc,phases         ] GC(64)     Prepare For Mutator: 0,11ms
[69,185s][debug][gc,phases         ] GC(64)     Expand Heap After Collection: 0,00ms
[69,185s][info ][gc,phases         ] GC(64)   Other: 0,28ms
[69,185s][debug][gc,remset         ] GC(64) Coarsening (recent): Inline->AoC 1055 (0) AoC->Howl 525 (0) Howl->Full 138 (0) Inline->AoC 2864 (0) AoC->BitMap 2748 (0) BitMap->Full 566 (0) 
[69,185s][debug][gc,remset         ] GC(64) Coarsening (all): Inline->AoC 9974 (0) AoC->Howl 4773 (0) Howl->Full 1339 (0) Inline->AoC 28355 (0) AoC->BitMap 27075 (0) BitMap->Full 5475 (0) 
[69,185s][info ][gc,heap           ] GC(64) Eden regions: 354->0(431)
[69,185s][info ][gc,heap           ] GC(64) Survivor regions: 61->52(52)
[69,185s][info ][gc,heap           ] GC(64) Old regions: 342->465
[69,185s][info ][gc,heap           ] GC(64) Humongous regions: 0->0
[69,185s][info ][gc,metaspace      ] GC(64) Metaspace: 20774K(21184K)->20774K(21184K) NonClass: 18157K(18368K)->18157K(18368K) Class: 2617K(2816K)->2617K(2816K)
[69,185s][debug][gc,heap           ] GC(64) Heap after GC invocations=65 (full 0):
[69,185s][debug][gc,heap           ] GC(64)  garbage-first heap   total reserved 8388608K, committed 5242880K, used 2114593K [0x0000000600000000, 0x0000000800000000)
[69,185s][debug][gc,heap           ] GC(64)   region size 4096K, 52 young (212992K), 52 survivors (212992K)
[69,185s][debug][gc,heap           ] GC(64)  Metaspace       used 20774K, committed 21184K, reserved 1114112K
[69,185s][debug][gc,heap           ] GC(64)   class space    used 2617K, committed 2816K, reserved 1048576K
[69,185s][info ][gc                ] GC(64) Pause Young (Prepare Mixed) (G1 Evacuation Pause) (Evacuation Failure: Pinned) 3023M->2065M(5120M) 67,975ms
[69,185s][info ][gc,cpu            ] GC(64) User=0,97s Sys=0,00s Real=0,07s
[69,186s][debug][gc,refine         ] Concurrent refinement: wanted 0, cards: 1666, predicted: 4100, time: 1329,48ms
[69,186s][debug][gc,task           ] G1 Service Thread (Card Set Free Memory Task) (run: 2,046ms) (cpu: 0,334ms)
[69,331s][debug][gc,refine         ] Concurrent refinement: wanted 0, cards: 2690, predicted: 4713, time: 1105,32ms
[69,428s][debug][gc,task,start     ] G1 Service Thread (Periodic GC Task) (run 0,931ms after schedule)
[69,428s][debug][gc,task           ] G1 Service Thread (Periodic GC Task) (run: 0,057ms) (cpu: 0,062ms)
[69,463s][debug][gc,refine         ] Concurrent refinement: wanted 0, cards: 3970, predicted: 5925, time: 1068,22ms
[69,593s][debug][gc,refine         ] Concurrent refinement: wanted 0, cards: 3970, predicted: 5821, time: 1011,02ms
[69,721s][debug][gc,refine         ] Concurrent refinement: wanted 0, cards: 3970, predicted: 5716, time: 953,82ms
[69,844s][debug][gc,refine         ] Concurrent refinement: wanted 0, cards: 3970, predicted: 5614, time: 898,17ms
[69,963s][debug][gc,refine         ] Concurrent refinement: wanted 0, cards: 3970, predicted: 5518, time: 845,61ms
[70,079s][debug][gc,refine         ] Concurrent refinement: wanted 0, cards: 3970, predicted: 5424, time: 794,60ms
[70,192s][debug][gc,refine         ] Concurrent refinement: wanted 0, cards: 3970, predicted: 5331, time: 743,58ms
[70,301s][debug][gc,refine         ] Concurrent refinement: wanted 0, cards: 3970, predicted: 5240, time: 694,11ms
[70,406s][debug][gc,refine         ] Concurrent refinement: wanted 0, cards: 3970, predicted: 5153, time: 646,19ms
[70,428s][debug][gc,task,start     ] G1 Service Thread (Periodic GC Task) (run 0,189ms after schedule)
[70,428s][debug][gc,task           ] G1 Service Thread (Periodic GC Task) (run: 0,046ms) (cpu: 0,082ms)
[70,494s][info ][gc,start          ] GC(65) Pause Young (Mixed) (G1 Evacuation Pause)
[70,494s][debug][gc,heap           ] GC(65) Heap before GC invocations=65 (full 0):
[70,494s][debug][gc,heap           ] GC(65)  garbage-first heap   total reserved 8388608K, committed 5242880K, used 3875873K [0x0000000600000000, 0x0000000800000000)
[70,494s][debug][gc,heap           ] GC(65)   region size 4096K, 483 young (1978368K), 52 survivors (212992K)
[70,494s][debug][gc,heap           ] GC(65)  Metaspace       used 20779K, committed 21184K, reserved 1114112K
[70,494s][debug][gc,heap           ] GC(65)   class space    used 2617K, committed 2816K, reserved 1048576K
[70,494s][info ][gc,task           ] GC(65) Using 15 workers of 15 for evacuation
[70,494s][debug][gc,age            ] GC(65) Desired survivor size 127926272 bytes, new threshold 1 (max threshold 15)
[70,494s][debug][gc,tlab           ] GC(65) TLAB totals: thrds: 24  refills: 1624 max: 358 slow allocs: 1442 max 104 waste:  0,9% gc: 10296224B max: 1633312B slow: 4849000B max: 582752B
[70,494s][debug][gc,refine,stats   ] GC(65) Mutator refinement: 0,00ms, refined: 0, precleaned: 0, dirtied: 2576
[70,494s][debug][gc,refine,stats   ] GC(65) Concurrent refinement: 0,00ms, refined: 0, precleaned: 0, dirtied: 0
[70,494s][debug][gc,refine,stats   ] GC(65) Total refinement: 0,00ms, refined: 0, precleaned: 0, dirtied: 2576
[70,494s][debug][gc,refine,stats   ] GC(65) Generate dirty cards rate: 1,97 cards/ms
[70,494s][debug][gc,alloc,region   ] GC(65) Mutator Allocation stats, regions: 431, wasted size: 1288B ( 0,0%)
[70,494s][debug][gc,ergo,cset      ] GC(65) Start adding marking candidates to collection set. Min 14 regions, max 128 regions, available 110 regionstime remaining 114,64ms, optional threshold 22,93ms
[70,494s][debug][gc,ergo,cset      ] GC(65) Marking candidates exhausted.
[70,494s][debug][gc,ergo,cset      ] GC(65) Finish adding marking candidates to collection set. Initial: 110, optional: 0, pinned: 0, predicted initial time: 3,77ms, predicted optional time: 0,00ms, time remaining: 110,87ms
[70,494s][debug][gc,ergo,cset      ] GC(65) Start adding retained candidates to collection set. Min 1 regions, available 2, time remaining 40,00ms, optional remaining 40,00ms
[70,494s][debug][gc,ergo,cset      ] GC(65) Retained candidates exhausted.
[70,494s][debug][gc,ergo,cset      ] GC(65) Finish adding retained candidates to collection set. Initial: 2, optional: 0, pinned: 0, predicted initial time: 0,13ms, predicted optional time: 0,00ms, time remaining: 39,87ms optional time remaining 39,87ms
[70,494s][debug][gc,ergo           ] GC(65) Running G1 Merge Heap Roots using 15 workers for 595 regions
[70,495s][debug][gc,remset         ] GC(65) Visited cards 202560 Total dirty 1662976 (12,18%) Total old 12640256 (1,60%)
[70,556s][debug][gc,ref            ] GC(65) ReferenceProcessor::execute queues: 3, RefProcThreadModel::Multi, marks_oops_alive: false
[70,557s][debug][gc,ref            ] GC(65) ReferenceProcessor::execute queues: 15, RefProcThreadModel::Multi, marks_oops_alive: true
[70,557s][debug][gc,ref            ] GC(65) ReferenceProcessor::execute queues: 1, RefProcThreadModel::Single, marks_oops_alive: false
[70,557s][debug][gc,ergo           ] GC(65) Initializing removing self forwards with 128 chunks per region
[70,558s][debug][gc,ergo           ] GC(65) Running G1 Rebuild Free List Task using 15 workers for rebuilding free list of regions
[70,558s][debug][gc,plab           ] GC(65) Young PLAB allocation: allocated: 255852544B, wasted: 19272B, unused: 2018720B, used: 253814552B, undo waste: 0B, 
[70,558s][debug][gc,plab           ] GC(65) Young other allocation: region end waste: 0B, regions filled: 61, num plab filled: 136, direct allocated: 0B, num direct allocated: 0, failure used: 0B, failure wasted: 0B
[70,558s][debug][gc,plab           ] GC(65) Young sizing: calculated: 50762904B, actual: 49366816B
[70,558s][debug][gc,plab           ] GC(65) Old PLAB allocation: allocated: 436207616B, wasted: 39600B, unused: 16510640B, used: 419657376B, undo waste: 0B, 
[70,558s][debug][gc,plab           ] GC(65) Old other allocation: region end waste: 0B, regions filled: 104, num plab filled: 208, direct allocated: 0B, num direct allocated: 0, failure used: 658776B, failure wasted: 7729832B
[70,558s][debug][gc,plab           ] GC(65) Old sizing: calculated: 83931472B, actual: 87311872B
[70,558s][debug][gc,task,start     ] G1 Service Thread (Card Set Free Memory Task) (run 0,008ms after schedule)
[70,558s][debug][gc,ergo,heap      ] GC(65) Heap expansion: short term pause time ratio 6,79% long term pause time ratio 5,14% threshold 7,69% pause time ratio 7,69% fully expanded false resize by 0B
[70,558s][debug][gc,ergo,ihop      ] GC(65) Do not request concurrent cycle initiation (still doing mixed collections) occupancy: 1925185536B allocation request: 0B threshold: 1388958285B (25,87) source: end of GC
[70,558s][debug][gc,mmu            ] GC(65) MMU: 64,3ms (200,0ms/201,0ms)
[70,558s][debug][gc,ergo           ] GC(65) do not continue mixed GCs (candidate old regions not available)
[70,558s][debug][gc,ergo,ihop      ] GC(65) Request concurrent cycle initiation (occupancy higher than threshold) occupancy: 1925185536B allocation request: 0B threshold: 1388958285B (25,87) source: end of GC
[70,558s][debug][gc,alloc,stats    ] Old generation allocation in the last mutator period, old gen allocated: 444596224B, humongous allocated: 0B, old gen growth: 444596224B.
[70,558s][debug][gc,ihop           ] GC(65) Basic information (value update), threshold: 1386283789B (25,82), target occupancy: 5368709120B, current occupancy: 2177926704B, recent allocation size: 444596224B, recent allocation duration: 1319,02ms, recent old gen allocation rate: 337066314,58B/s, recent marking phase length: 2628,58ms
[70,558s][debug][gc,ihop           ] GC(65) Adaptive IHOP information (value update), threshold: 1386283789B (27,18), internal target occupancy: 5100273664B, occupancy: 2177926704B, additional buffer size: 2025848832B, predicted old gen allocation rate: 618712641,23B/s, predicted marking phase length: 2728,47ms, prediction active: true
[70,558s][debug][gc,ergo,refine    ] GC(65) GC refinement: goal: 247326 + 687 / 20,00ms, actual: 4238 / 0,32ms, 
[70,558s][debug][gc,ergo,refine    ] GC(65) New pending cards target: 257362
[70,558s][info ][gc,phases         ] GC(65)   Pre Evacuate Collection Set: 0,43ms
[70,558s][debug][gc,phases         ] GC(65)     Pre Evacuate Prepare: 0,14ms
[70,558s][debug][gc,phases         ] GC(65)       JT Retire TLABs And Flush Logs (ms): Min: 0,00, Avg: 0,02, Max: 0,03, Diff: 0,03, Sum: 0,03, Workers: 2
[70,558s][debug][gc,phases         ] GC(65)       Non-JT Flush Logs (ms):        Min: 0,01, Avg: 0,01, Max: 0,01, Diff: 0,00, Sum: 0,01, Workers: 1
[70,558s][debug][gc,phases         ] GC(65)     Choose Collection Set: 0,09ms
[70,558s][debug][gc,phases         ] GC(65)     Region Register: 0,20ms
[70,558s][debug][gc,phases         ] GC(65)     Prepare Heap Roots: 0,00ms
[70,558s][info ][gc,phases         ] GC(65)   Merge Heap Roots: 0,50ms
[70,558s][debug][gc,phases         ] GC(65)     Prepare Merge Heap Roots: 0,02ms
[70,558s][debug][gc,phases         ] GC(65)     Remembered Sets (ms):          Min: 0,07, Avg: 0,10, Max: 0,13, Diff: 0,07, Sum: 1,51, Workers: 15
[70,558s][debug][gc,phases         ] GC(65)       Eager Reclaim (ms):            skipped
[70,558s][debug][gc,phases         ] GC(65)       Merged Inline                  Min: 0, Avg: 12,0, Max: 75, Diff: 75, Sum: 180, Workers: 15
[70,558s][debug][gc,phases         ] GC(65)       Merged ArrayOfCards            Min: 0, Avg:  3,7, Max: 28, Diff: 28, Sum: 55, Workers: 15
[70,558s][debug][gc,phases         ] GC(65)       Merged Howl                    Min: 0, Avg:  0,0, Max: 0, Diff: 0, Sum: 0, Workers: 15
[70,558s][debug][gc,phases         ] GC(65)       Merged Full                    Min: 0, Avg:  0,0, Max: 0, Diff: 0, Sum: 0, Workers: 15
[70,558s][debug][gc,phases         ] GC(65)       Merged Howl Inline             Min: 0, Avg:  0,0, Max: 0, Diff: 0, Sum: 0, Workers: 15
[70,558s][debug][gc,phases         ] GC(65)       Merged Howl ArrayOfCards       Min: 0, Avg:  0,0, Max: 0, Diff: 0, Sum: 0, Workers: 15
[70,558s][debug][gc,phases         ] GC(65)       Merged Howl BitMap             Min: 0, Avg:  0,0, Max: 0, Diff: 0, Sum: 0, Workers: 15
[70,558s][debug][gc,phases         ] GC(65)       Merged Howl Full               Min: 0, Avg:  0,0, Max: 0, Diff: 0, Sum: 0, Workers: 15
[70,558s][debug][gc,phases         ] GC(65)       Merged Cards                   Min: 8, Avg: 62,1, Max: 333, Diff: 325, Sum: 931, Workers: 15
[70,558s][debug][gc,phases         ] GC(65)     Log Buffers (ms):              Min: 0,00, Avg: 0,02, Max: 0,05, Diff: 0,05, Sum: 0,32, Workers: 15
[70,558s][debug][gc,phases         ] GC(65)       Dirty Cards:                   Min: 0, Avg: 282,5, Max: 734, Diff: 734, Sum: 4238, Workers: 15
[70,558s][debug][gc,phases         ] GC(65)       Skipped Cards:                 Min: 0, Avg:  0,3, Max: 2, Diff: 2, Sum: 4, Workers: 15
[70,558s][info ][gc,phases         ] GC(65)   Evacuate Collection Set: 61,47ms
[70,558s][debug][gc,phases         ] GC(65)     Ext Root Scanning (ms):        Min: 0,00, Avg: 0,07, Max: 0,21, Diff: 0,20, Sum: 1,03, Workers: 15
[70,558s][debug][gc,phases         ] GC(65)     Scan Heap Roots (ms):          Min: 0,04, Avg: 0,34, Max: 0,61, Diff: 0,57, Sum: 5,14, Workers: 15
[70,558s][debug][gc,phases         ] GC(65)       Scanned Cards:                 Min: 34, Avg: 327,9, Max: 712, Diff: 678, Sum: 4919, Workers: 15
[70,558s][debug][gc,phases         ] GC(65)       Scanned Blocks:                Min: 34, Avg: 264,7, Max: 644, Diff: 610, Sum: 3970, Workers: 15
[70,558s][debug][gc,phases         ] GC(65)       Claimed Chunks:                Min: 34, Avg: 211,0, Max: 453, Diff: 419, Sum: 3165, Workers: 15
[70,558s][debug][gc,phases         ] GC(65)       Found Roots:                   Min: 34, Avg: 395,9, Max: 1569, Diff: 1535, Sum: 5939, Workers: 15
[70,558s][debug][gc,phases         ] GC(65)     Code Root Scan (ms):           Min: 0,03, Avg: 0,04, Max: 0,05, Diff: 0,02, Sum: 0,56, Workers: 15
[70,558s][debug][gc,phases         ] GC(65)       Scanned Nmethods               Min: 0, Avg:  0,6, Max: 4, Diff: 4, Sum: 9, Workers: 15
[70,558s][debug][gc,phases         ] GC(65)     Object Copy (ms):              Min: 60,43, Avg: 60,72, Max: 61,01, Diff: 0,58, Sum: 910,74, Workers: 15
[70,558s][debug][gc,phases         ] GC(65)     Termination (ms):              Min: 0,04, Avg: 0,07, Max: 0,12, Diff: 0,08, Sum: 1,02, Workers: 15
[70,558s][debug][gc,phases         ] GC(65)       Termination Attempts:          Min: 1, Avg:  1,0, Max: 1, Diff: 0, Sum: 15, Workers: 15
[70,558s][debug][gc,phases         ] GC(65)     GC Worker Other (ms):          Min: 0,04, Avg: 0,05, Max: 0,07, Diff: 0,03, Sum: 0,79, Workers: 15
[70,558s][debug][gc,phases         ] GC(65)     GC Worker Total (ms):          Min: 61,21, Avg: 61,29, Max: 61,35, Diff: 0,14, Sum: 919,28, Workers: 15
[70,558s][info ][gc,phases         ] GC(65)   Post Evacuate Collection Set: 1,68ms
[70,558s][debug][gc,phases         ] GC(65)     NMethod List Cleanup: 0,01ms
[70,558s][debug][gc,phases         ] GC(65)     Reference Processing: 0,90ms
[70,558s][debug][gc,phases,ref     ] GC(65)       Notify Soft/WeakReferences: 0,4ms
[70,558s][debug][gc,phases,ref     ] GC(65)         Balance queues: 0,0ms
[70,558s][debug][gc,phases,ref     ] GC(65)         SoftRef (ms):                  Min: 0,00, Avg: 0,00, Max: 0,00, Diff: 0,00, Sum: 0,00, Workers: 3
[70,558s][debug][gc,phases,ref     ] GC(65)         WeakRef (ms):                  Min: 0,00, Avg: 0,00, Max: 0,00, Diff: 0,00, Sum: 0,00, Workers: 3
[70,558s][debug][gc,phases,ref     ] GC(65)         FinalRef (ms):                 Min: 0,12, Avg: 0,13, Max: 0,14, Diff: 0,01, Sum: 0,40, Workers: 3
[70,558s][debug][gc,phases,ref     ] GC(65)         Total (ms):                    Min: 0,14, Avg: 0,17, Max: 0,21, Diff: 0,07, Sum: 0,50, Workers: 3
[70,559s][debug][gc,phases,ref     ] GC(65)       Notify and keep alive finalizable: 0,5ms
[70,559s][debug][gc,phases,ref     ] GC(65)         Balance queues: 0,0ms
[70,559s][debug][gc,phases,ref     ] GC(65)         FinalRef (ms):                 Min: 0,16, Avg: 0,24, Max: 0,28, Diff: 0,13, Sum: 3,61, Workers: 15
[70,559s][debug][gc,phases,ref     ] GC(65)       Notify PhantomReferences: 0,1ms
[70,559s][debug][gc,phases,ref     ] GC(65)         PhantomRef (ms):               Min: 0,00, Avg: 0,00, Max: 0,00, Diff: 0,00, Sum: 0,00, Workers: 1
[70,559s][debug][gc,phases,ref     ] GC(65)       SoftReference Discovered: 0, Dropped: 0, Processed: 0
[70,559s][debug][gc,phases,ref     ] GC(65)       WeakReference Discovered: 0, Dropped: 0, Processed: 0
[70,559s][debug][gc,phases,ref     ] GC(65)       FinalReference Discovered: 2286, Dropped: 2, Processed: 2284
[70,559s][debug][gc,phases,ref     ] GC(65)       PhantomReference Discovered: 41, Dropped: 2, Processed: 39
[70,559s][debug][gc,phases         ] GC(65)     Weak Processing: 0,08ms
[70,559s][debug][gc,phases         ] GC(65)       VM Weak                        Min: 0,00, Avg: 0,00, Max: 0,00, Diff: 0,00, Sum: 0,01, Workers: 15
[70,559s][debug][gc,phases         ] GC(65)         Dead                           Min: 0, Avg:  0,0, Max: 0, Diff: 0, Sum: 0, Workers: 15
[70,559s][debug][gc,phases         ] GC(65)         Total                          Min: 0, Avg: 11,3, Max: 106, Diff: 106, Sum: 170, Workers: 15
[70,559s][debug][gc,phases         ] GC(65)       ObjectSynchronizer Weak        Min: 0,00, Avg: 0,00, Max: 0,00, Diff: 0,00, Sum: 0,00, Workers: 15
[70,559s][debug][gc,phases         ] GC(65)         Dead                           Min: 0, Avg:  0,0, Max: 0, Diff: 0, Sum: 0, Workers: 15
[70,559s][debug][gc,phases         ] GC(65)         Total                          Min: 0, Avg:  0,3, Max: 4, Diff: 4, Sum: 4, Workers: 15
[70,559s][debug][gc,phases         ] GC(65)       JVMTI Tag Weak OopStorage      Min: 0,00, Avg: 0,00, Max: 0,00, Diff: 0,00, Sum: 0,00, Workers: 15
[70,559s][debug][gc,phases         ] GC(65)         Dead                           Min: 0, Avg:  0,0, Max: 0, Diff: 0, Sum: 0, Workers: 15
[70,559s][debug][gc,phases         ] GC(65)         Total                          Min: 0, Avg:  0,0, Max: 0, Diff: 0, Sum: 0, Workers: 15
[70,559s][debug][gc,phases         ] GC(65)       StringTable Weak               Min: 0,00, Avg: 0,01, Max: 0,03, Diff: 0,03, Sum: 0,12, Workers: 15
[70,559s][debug][gc,phases         ] GC(65)         Dead                           Min: 0, Avg:  0,0, Max: 0, Diff: 0, Sum: 0, Workers: 15
[70,559s][debug][gc,phases         ] GC(65)         Total                          Min: 0, Avg: 567,5, Max: 2048, Diff: 2048, Sum: 8512, Workers: 15
[70,559s][debug][gc,phases         ] GC(65)       ResolvedMethodTable Weak       Min: 0,00, Avg: 0,00, Max: 0,01, Diff: 0,01, Sum: 0,03, Workers: 15
[70,559s][debug][gc,phases         ] GC(65)         Dead                           Min: 0, Avg:  0,0, Max: 0, Diff: 0, Sum: 0, Workers: 15
[70,559s][debug][gc,phases         ] GC(65)         Total                          Min: 0, Avg: 113,7, Max: 446, Diff: 446, Sum: 1706, Workers: 15
[70,559s][debug][gc,phases         ] GC(65)       JNI Weak                       Min: 0,00, Avg: 0,00, Max: 0,00, Diff: 0,00, Sum: 0,00, Workers: 15
[70,559s][debug][gc,phases         ] GC(65)         Dead                           Min: 0, Avg:  0,0, Max: 0, Diff: 0, Sum: 0, Workers: 15
[70,559s][debug][gc,phases         ] GC(65)         Total                          Min: 0, Avg:  0,0, Max: 0, Diff: 0, Sum: 0, Workers: 15
[70,559s][debug][gc,phases         ] GC(65)       StringDedup Table Weak         Min: 0,00, Avg: 0,01, Max: 0,02, Diff: 0,02, Sum: 0,12, Workers: 15
[70,559s][debug][gc,phases         ] GC(65)         Dead                           Min: 0, Avg:  0,0, Max: 0, Diff: 0, Sum: 0, Workers: 15
[70,559s][debug][gc,phases         ] GC(65)         Total                          Min: 0, Avg: 877,6, Max: 3136, Diff: 3136, Sum: 13164, Workers: 15
[70,559s][debug][gc,phases         ] GC(65)       StringDedup Requests0 Weak     Min: 0,00, Avg: 0,00, Max: 0,00, Diff: 0,00, Sum: 0,01, Workers: 15
[70,559s][debug][gc,phases         ] GC(65)         Dead                           Min: 0, Avg:  0,0, Max: 0, Diff: 0, Sum: 0, Workers: 15
[70,559s][debug][gc,phases         ] GC(65)         Total                          Min: 0, Avg: 12,8, Max: 64, Diff: 64, Sum: 192, Workers: 15
[70,559s][debug][gc,phases         ] GC(65)       StringDedup Requests1 Weak     Min: 0,00, Avg: 0,00, Max: 0,00, Diff: 0,00, Sum: 0,00, Workers: 15
[70,559s][debug][gc,phases         ] GC(65)         Dead                           Min: 0, Avg:  0,0, Max: 0, Diff: 0, Sum: 0, Workers: 15
[70,559s][debug][gc,phases         ] GC(65)         Total                          Min: 0, Avg:  0,0, Max: 0, Diff: 0, Sum: 0, Workers: 15
[70,559s][debug][gc,phases         ] GC(65)       Weak JFR Old Object Samples    Min: 0,00, Avg: 0,00, Max: 0,00, Diff: 0,00, Sum: 0,00, Workers: 15
[70,559s][debug][gc,phases         ] GC(65)         Dead                           Min: 0, Avg:  0,0, Max: 0, Diff: 0, Sum: 0, Workers: 15
[70,559s][debug][gc,phases         ] GC(65)         Total                          Min: 0, Avg:  0,0, Max: 0, Diff: 0, Sum: 0, Workers: 15
[70,559s][debug][gc,phases         ] GC(65)     Post Evacuate Cleanup 1: 0,29ms
[70,559s][debug][gc,phases         ] GC(65)       Merge Per-Thread State (ms):   Min: 0,05, Avg: 0,05, Max: 0,05, Diff: 0,00, Sum: 0,05, Workers: 1
[70,559s][debug][gc,phases         ] GC(65)         Copied Bytes                   Min: 35013728, Avg: 44898128,5, Max: 53355288, Diff: 18341560, Sum: 673471928, Workers: 15
[70,559s][debug][gc,phases         ] GC(65)         LAB Waste                      Min: 592, Avg: 3924,8, Max: 13304, Diff: 12712, Sum: 58872, Workers: 15
[70,559s][debug][gc,phases         ] GC(65)         LAB Undo Waste                 Min: 0, Avg:  0,0, Max: 0, Diff: 0, Sum: 0, Workers: 15
[70,559s][debug][gc,phases         ] GC(65)         Evac Fail Extra Cards          Min: 0, Avg:  0,2, Max: 1, Diff: 1, Sum: 3, Workers: 15
[70,559s][debug][gc,phases         ] GC(65)       Clear Logged Cards (ms):       Min: 0,00, Avg: 0,05, Max: 0,18, Diff: 0,18, Sum: 0,74, Workers: 15
[70,559s][debug][gc,phases         ] GC(65)       Recalculate Used Memory (ms):  Min: 0,02, Avg: 0,02, Max: 0,02, Diff: 0,00, Sum: 0,02, Workers: 1
[70,559s][debug][gc,phases         ] GC(65)       Restore Evacuation Failed Regions (ms): Min: 0,00, Avg: 0,04, Max: 0,07, Diff: 0,07, Sum: 0,53, Workers: 15
[70,559s][debug][gc,phases         ] GC(65)         Evacuation Failed Regions:     Min: 2, Avg:  2,0, Max: 2, Diff: 0, Sum: 2, Workers: 1
[70,559s][debug][gc,phases         ] GC(65)         Pinned Regions:                Min: 1, Avg:  1,0, Max: 1, Diff: 0, Sum: 2, Workers: 2
[70,559s][debug][gc,phases         ] GC(65)         Allocation Failed Regions:     skipped
[70,559s][debug][gc,phases         ] GC(65)         Remove Self Forwards (ms):     Min: 0,00, Avg: 0,02, Max: 0,04, Diff: 0,04, Sum: 0,20, Workers: 11
[70,559s][debug][gc,phases         ] GC(65)           Forward Chunks:                Min: 2, Avg:  4,2, Max: 10, Diff: 8, Sum: 25, Workers: 6
[70,559s][debug][gc,phases         ] GC(65)           Empty Forward Chunks:          Min: 1, Avg: 21,0, Max: 54, Diff: 53, Sum: 231, Workers: 11
[70,559s][debug][gc,phases         ] GC(65)           Forward Objects:               Min: 2, Avg:  4,8, Max: 11, Diff: 9, Sum: 29, Workers: 6
[70,559s][debug][gc,phases         ] GC(65)           Forward Bytes:                 Min: 232, Avg: 109796,0, Max: 381112, Diff: 380880, Sum: 658776, Workers: 6
[70,559s][debug][gc,phases         ] GC(65)     Post Evacuate Cleanup 2: 0,27ms
[70,559s][debug][gc,phases         ] GC(65)       Recalculate Used Memory (ms):  Min: 0,02, Avg: 0,02, Max: 0,02, Diff: 0,00, Sum: 0,02, Workers: 1
[70,559s][debug][gc,phases         ] GC(65)       Restore Preserved Marks (ms):  Min: 0,00, Avg: 0,00, Max: 0,00, Diff: 0,00, Sum: 0,01, Workers: 15
[70,559s][debug][gc,phases         ] GC(65)       Process Evacuation Failed Regions (ms): Min: 0,00, Avg: 0,00, Max: 0,01, Diff: 0,01, Sum: 0,02, Workers: 15
[70,559s][debug][gc,phases         ] GC(65)       Update Derived Pointers (ms):  Min: 0,00, Avg: 0,00, Max: 0,00, Diff: 0,00, Sum: 0,00, Workers: 1
[70,559s][debug][gc,phases         ] GC(65)       Eagerly Reclaim Humongous Objects (ms): skipped
[70,559s][debug][gc,phases         ] GC(65)         Humongous Total                skipped
[70,559s][debug][gc,phases         ] GC(65)         Humongous Candidates           skipped
[70,559s][debug][gc,phases         ] GC(65)         Humongous Reclaimed            skipped
[70,559s][debug][gc,phases         ] GC(65)       Sample CSet Candidates (ms):   skipped
[70,559s][debug][gc,phases         ] GC(65)       Redirty Logged Cards (ms):     Min: 0,00, Avg: 0,00, Max: 0,01, Diff: 0,01, Sum: 0,05, Workers: 15
[70,559s][debug][gc,phases         ] GC(65)         Redirtied Cards:               Min: 0, Avg: 113,6, Max: 692, Diff: 692, Sum: 1704, Workers: 15
[70,559s][debug][gc,phases         ] GC(65)       Resize TLABs (ms):             Min: 0,00, Avg: 0,00, Max: 0,01, Diff: 0,01, Sum: 0,01, Workers: 15
[70,559s][debug][gc,phases         ] GC(65)       Free Collection Set (ms):      Min: 0,05, Avg: 0,07, Max: 0,10, Diff: 0,04, Sum: 1,07, Workers: 15
[70,559s][debug][gc,phases         ] GC(65)     Rebuild Free List: 0,06ms
[70,559s][debug][gc,phases         ] GC(65)     Prepare For Mutator: 0,06ms
[70,559s][debug][gc,phases         ] GC(65)     Expand Heap After Collection: 0,00ms
[70,559s][info ][gc,phases         ] GC(65)   Other: 0,35ms
[70,559s][debug][gc,remset         ] GC(65) Coarsening (recent): Inline->AoC 0 (0) AoC->Howl 0 (0) Howl->Full 0 (0) Inline->AoC 0 (0) AoC->BitMap 0 (0) BitMap->Full 0 (0) 
[70,559s][debug][gc,remset         ] GC(65) Coarsening (all): Inline->AoC 9974 (0) AoC->Howl 4773 (0) Howl->Full 1339 (0) Inline->AoC 28355 (0) AoC->BitMap 27075 (0) BitMap->Full 5475 (0) 
[70,559s][info ][gc,heap           ] GC(65) Eden regions: 431->0(437)
[70,559s][info ][gc,heap           ] GC(65) Survivor regions: 52->61(61)
[70,559s][info ][gc,heap           ] GC(65) Old regions: 465->459
[70,559s][info ][gc,heap           ] GC(65) Humongous regions: 0->0
[70,559s][info ][gc,metaspace      ] GC(65) Metaspace: 20779K(21184K)->20779K(21184K) NonClass: 18162K(18368K)->18162K(18368K) Class: 2617K(2816K)->2617K(2816K)
[70,559s][debug][gc,heap           ] GC(65) Heap after GC invocations=66 (full 0):
[70,559s][debug][gc,heap           ] GC(65)  garbage-first heap   total reserved 8388608K, committed 5242880K, used 2126881K [0x0000000600000000, 0x0000000800000000)
[70,559s][debug][gc,heap           ] GC(65)   region size 4096K, 61 young (249856K), 61 survivors (249856K)
[70,559s][debug][gc,heap           ] GC(65)  Metaspace       used 20779K, committed 21184K, reserved 1114112K
[70,559s][debug][gc,heap           ] GC(65)   class space    used 2617K, committed 2816K, reserved 1048576K
[70,559s][info ][gc                ] GC(65) Pause Young (Mixed) (G1 Evacuation Pause) (Evacuation Failure: Pinned) 3789M->2077M(5120M) 65,873ms
[70,559s][info ][gc,cpu            ] GC(65) User=0,93s Sys=0,00s Real=0,06s
[70,560s][debug][gc,refine         ] Concurrent refinement: wanted 0, cards: 1704, predicted: 4248, time: 1322,23ms
[70,560s][debug][gc,task           ] G1 Service Thread (Card Set Free Memory Task) (run: 1,847ms) (cpu: 0,186ms)
[70,705s][debug][gc,refine         ] Concurrent refinement: wanted 0, cards: 3240, predicted: 5492, time: 1170,25ms
[70,841s][debug][gc,refine         ] Concurrent refinement: wanted 0, cards: 3240, predicted: 5401, time: 1123,14ms
[70,975s][debug][gc,refine         ] Concurrent refinement: wanted 0, cards: 3240, predicted: 5287, time: 1063,86ms
[71,105s][debug][gc,refine         ] Concurrent refinement: wanted 0, cards: 3240, predicted: 5179, time: 1007,63ms
[71,232s][debug][gc,refine         ] Concurrent refinement: wanted 0, cards: 3240, predicted: 5070, time: 951,40ms
[71,355s][debug][gc,refine         ] Concurrent refinement: wanted 0, cards: 3240, predicted: 4965, time: 896,69ms
[71,429s][debug][gc,task,start     ] G1 Service Thread (Periodic GC Task) (run 0,438ms after schedule)
[71,429s][debug][gc,task           ] G1 Service Thread (Periodic GC Task) (run: 0,054ms) (cpu: 0,084ms)
[71,474s][debug][gc,refine         ] Concurrent refinement: wanted 0, cards: 3240, predicted: 4866, time: 845,01ms
[71,590s][debug][gc,refine         ] Concurrent refinement: wanted 0, cards: 3240, predicted: 4766, time: 793,34ms
[71,703s][debug][gc,refine         ] Concurrent refinement: wanted 0, cards: 3240, predicted: 4670, time: 743,18ms
[71,812s][debug][gc,refine         ] Concurrent refinement: wanted 0, cards: 3240, predicted: 3734, time: 256,76ms
[71,834s][debug][gc,ergo           ] GC(66) Initiate concurrent cycle (concurrent cycle initiation requested)
[71,834s][info ][gc,start          ] GC(66) Pause Young (Concurrent Start) (G1 Evacuation Pause)
[71,834s][debug][gc,heap           ] GC(66) Heap before GC invocations=66 (full 0):
[71,834s][debug][gc,heap           ] GC(66)  garbage-first heap   total reserved 8388608K, committed 5242880K, used 3912737K [0x0000000600000000, 0x0000000800000000)
[71,834s][debug][gc,heap           ] GC(66)   region size 4096K, 498 young (2039808K), 61 survivors (249856K)
[71,834s][debug][gc,heap           ] GC(66)  Metaspace       used 20781K, committed 21184K, reserved 1114112K
[71,834s][debug][gc,heap           ] GC(66)   class space    used 2617K, committed 2816K, reserved 1048576K
[71,834s][info ][gc,task           ] GC(66) Using 15 workers of 15 for evacuation
[71,834s][debug][gc,age            ] GC(66) Desired survivor size 132120576 bytes, new threshold 1 (max threshold 15)
[71,834s][debug][gc,tlab           ] GC(66) TLAB totals: thrds: 23  refills: 1424 max: 352 slow allocs: 612 max 59 waste:  0,6% gc: 8157184B max: 833952B slow: 3303872B max: 467744B
[71,834s][debug][gc,refine,stats   ] GC(66) Mutator refinement: 0,00ms, refined: 0, precleaned: 0, dirtied: 2107
[71,834s][debug][gc,refine,stats   ] GC(66) Concurrent refinement: 0,00ms, refined: 0, precleaned: 0, dirtied: 0
[71,834s][debug][gc,refine,stats   ] GC(66) Total refinement: 0,00ms, refined: 0, precleaned: 0, dirtied: 2107
[71,834s][debug][gc,refine,stats   ] GC(66) Generate dirty cards rate: 1,65 cards/ms
[71,834s][debug][gc,alloc,region   ] GC(66) Mutator Allocation stats, regions: 437, wasted size: 1320B ( 0,0%)
[71,834s][debug][gc,ergo,cset      ] GC(66) Do not add marking candidates to collection set due to pause type.
[71,834s][debug][gc,ergo,cset      ] GC(66) Start adding retained candidates to collection set. Min 1 regions, available 2, time remaining 40,00ms, optional remaining 40,00ms
[71,834s][debug][gc,ergo,cset      ] GC(66) Retained candidates exhausted.
[71,834s][debug][gc,ergo,cset      ] GC(66) Finish adding retained candidates to collection set. Initial: 2, optional: 0, pinned: 0, predicted initial time: 0,12ms, predicted optional time: 0,00ms, time remaining: 39,88ms optional time remaining 39,88ms
[71,835s][debug][gc,ergo           ] GC(66) Running G1 Merge Heap Roots using 15 workers for 500 regions
[71,835s][debug][gc,remset         ] GC(66) Visited cards 182080 Total dirty 1523712 (11,95%) Total old 11935744 (1,53%)
[71,900s][debug][gc,ref            ] GC(66) ReferenceProcessor::execute queues: 3, RefProcThreadModel::Multi, marks_oops_alive: false
[71,900s][debug][gc,ref            ] GC(66) ReferenceProcessor::execute queues: 15, RefProcThreadModel::Multi, marks_oops_alive: true
[71,901s][debug][gc,ref            ] GC(66) ReferenceProcessor::execute queues: 1, RefProcThreadModel::Single, marks_oops_alive: false
[71,901s][debug][gc,ergo           ] GC(66) Initializing removing self forwards with 128 chunks per region
[71,901s][debug][gc,ergo           ] GC(66) Running G1 Rebuild Free List Task using 15 workers for rebuilding free list of regions
[71,902s][debug][gc,plab           ] GC(66) Young PLAB allocation: allocated: 264241152B, wasted: 35296B, unused: 2072648B, used: 262133208B, undo waste: 0B, 
[71,902s][debug][gc,plab           ] GC(66) Young other allocation: region end waste: 0B, regions filled: 63, num plab filled: 140, direct allocated: 0B, num direct allocated: 0, failure used: 0B, failure wasted: 0B
[71,902s][debug][gc,plab           ] GC(66) Young sizing: calculated: 52426640B, actual: 51661680B
[71,902s][debug][gc,plab           ] GC(66) Old PLAB allocation: allocated: 467664896B, wasted: 55288B, unused: 18164352B, used: 449445256B, undo waste: 0B, 
[71,902s][debug][gc,plab           ] GC(66) Old other allocation: region end waste: 0B, regions filled: 112, num plab filled: 223, direct allocated: 0B, num direct allocated: 0, failure used: 1154152B, failure wasted: 11428760B
[71,902s][debug][gc,plab           ] GC(66) Old sizing: calculated: 89889048B, actual: 89244752B
[71,902s][debug][gc,ergo,heap      ] GC(66) Heap expansion: short term pause time ratio 4,68% long term pause time ratio 5,03% threshold 7,69% pause time ratio 7,69% fully expanded false resize by 0B
[71,902s][debug][gc,task,start     ] G1 Service Thread (Card Set Free Memory Task) (run 0,013ms after schedule)
[71,902s][debug][gc,mmu            ] GC(66) MMU: 68,0ms (200,0ms/201,0ms)
[71,902s][debug][gc,alloc,stats    ] Old generation allocation in the last mutator period, old gen allocated: 480247808B, humongous allocated: 0B, old gen growth: 480247808B.
[71,902s][debug][gc,ihop           ] GC(66) Basic information (value update), threshold: 1656070562B (30,85), target occupancy: 5368709120B, current occupancy: 2658174512B, recent allocation size: 480247808B, recent allocation duration: 1275,82ms, recent old gen allocation rate: 376423040,88B/s, recent marking phase length: 2628,58ms
[71,902s][debug][gc,ihop           ] GC(66) Adaptive IHOP information (value update), threshold: 1656070562B (32,47), internal target occupancy: 5100273664B, occupancy: 2658174512B, additional buffer size: 1769996288B, predicted old gen allocation rate: 613605672,47B/s, predicted marking phase length: 2728,47ms, prediction active: true
[71,902s][debug][gc,ergo,refine    ] GC(66) GC refinement: goal: 257362 + 672 / 20,00ms, actual: 3811 / 0,30ms, 
[71,902s][debug][gc,ergo,refine    ] GC(66) Unchanged pending cards target: 257362
[71,902s][info ][gc,phases         ] GC(66)   Pre Evacuate Collection Set: 0,57ms
[71,902s][debug][gc,phases         ] GC(66)     Reset Marking State (ms):      Min: 0,03, Avg: 0,03, Max: 0,03, Diff: 0,00, Sum: 0,03, Workers: 1
[71,902s][debug][gc,phases         ] GC(66)     Note Start Of Mark (ms):       Min: 0,06, Avg: 0,07, Max: 0,08, Diff: 0,02, Sum: 0,28, Workers: 4
[71,902s][debug][gc,phases         ] GC(66)     Pre Evacuate Prepare: 0,18ms
[71,902s][debug][gc,phases         ] GC(66)       JT Retire TLABs And Flush Logs (ms): Min: 0,00, Avg: 0,01, Max: 0,02, Diff: 0,02, Sum: 0,02, Workers: 2
[71,902s][debug][gc,phases         ] GC(66)       Non-JT Flush Logs (ms):        Min: 0,01, Avg: 0,01, Max: 0,01, Diff: 0,00, Sum: 0,01, Workers: 1
[71,902s][debug][gc,phases         ] GC(66)     Choose Collection Set: 0,07ms
[71,902s][debug][gc,phases         ] GC(66)     Region Register: 0,22ms
[71,902s][debug][gc,phases         ] GC(66)     Prepare Heap Roots: 0,00ms
[71,902s][info ][gc,phases         ] GC(66)   Merge Heap Roots: 0,60ms
[71,902s][debug][gc,phases         ] GC(66)     Prepare Merge Heap Roots: 0,03ms
[71,902s][debug][gc,phases         ] GC(66)     Remembered Sets (ms):          Min: 0,04, Avg: 0,05, Max: 0,05, Diff: 0,02, Sum: 0,71, Workers: 15
[71,902s][debug][gc,phases         ] GC(66)       Eager Reclaim (ms):            skipped
[71,902s][debug][gc,phases         ] GC(66)       Merged Inline                  Min: 0, Avg:  0,0, Max: 0, Diff: 0, Sum: 0, Workers: 15
[71,902s][debug][gc,phases         ] GC(66)       Merged ArrayOfCards            Min: 0, Avg:  0,0, Max: 0, Diff: 0, Sum: 0, Workers: 15
[71,902s][debug][gc,phases         ] GC(66)       Merged Howl                    Min: 0, Avg:  0,0, Max: 0, Diff: 0, Sum: 0, Workers: 15
[71,902s][debug][gc,phases         ] GC(66)       Merged Full                    Min: 0, Avg:  0,0, Max: 0, Diff: 0, Sum: 0, Workers: 15
[71,902s][debug][gc,phases         ] GC(66)       Merged Howl Inline             Min: 0, Avg:  0,0, Max: 0, Diff: 0, Sum: 0, Workers: 15
[71,902s][debug][gc,phases         ] GC(66)       Merged Howl ArrayOfCards       Min: 0, Avg:  0,0, Max: 0, Diff: 0, Sum: 0, Workers: 15
[71,902s][debug][gc,phases         ] GC(66)       Merged Howl BitMap             Min: 0, Avg:  0,0, Max: 0, Diff: 0, Sum: 0, Workers: 15
[71,902s][debug][gc,phases         ] GC(66)       Merged Howl Full               Min: 0, Avg:  0,0, Max: 0, Diff: 0, Sum: 0, Workers: 15
[71,902s][debug][gc,phases         ] GC(66)       Merged Cards                   Min: 8, Avg:  8,0, Max: 8, Diff: 0, Sum: 120, Workers: 15
[71,902s][debug][gc,phases         ] GC(66)     Log Buffers (ms):              Min: 0,00, Avg: 0,01, Max: 0,07, Diff: 0,07, Sum: 0,14, Workers: 15
[71,902s][debug][gc,phases         ] GC(66)       Dirty Cards:                   Min: 0, Avg: 254,1, Max: 1894, Diff: 1894, Sum: 3811, Workers: 15
[71,902s][debug][gc,phases         ] GC(66)       Skipped Cards:                 Min: 0, Avg:  0,0, Max: 0, Diff: 0, Sum: 0, Workers: 15
[71,902s][info ][gc,phases         ] GC(66)   Evacuate Collection Set: 64,33ms
[71,902s][debug][gc,phases         ] GC(66)     Ext Root Scanning (ms):        Min: 0,01, Avg: 0,08, Max: 0,45, Diff: 0,44, Sum: 1,22, Workers: 15
[71,902s][debug][gc,phases         ] GC(66)     Scan Heap Roots (ms):          Min: 0,05, Avg: 0,29, Max: 0,83, Diff: 0,78, Sum: 4,31, Workers: 15
[71,902s][debug][gc,phases         ] GC(66)       Scanned Cards:                 Min: 35, Avg: 253,6, Max: 889, Diff: 854, Sum: 3804, Workers: 15
[71,902s][debug][gc,phases         ] GC(66)       Scanned Blocks:                Min: 35, Avg: 229,5, Max: 825, Diff: 790, Sum: 3442, Workers: 15
[71,902s][debug][gc,phases         ] GC(66)       Claimed Chunks:                Min: 25, Avg: 189,7, Max: 657, Diff: 632, Sum: 2845, Workers: 15
[71,902s][debug][gc,phases         ] GC(66)       Found Roots:                   Min: 44, Avg: 267,5, Max: 841, Diff: 797, Sum: 4012, Workers: 15
[71,902s][debug][gc,phases         ] GC(66)     Code Root Scan (ms):           Min: 0,03, Avg: 0,03, Max: 0,05, Diff: 0,03, Sum: 0,50, Workers: 15
[71,902s][debug][gc,phases         ] GC(66)       Scanned Nmethods               Min: 0, Avg:  0,0, Max: 0, Diff: 0, Sum: 0, Workers: 15
[71,902s][debug][gc,phases         ] GC(66)     Object Copy (ms):              Min: 63,11, Avg: 63,62, Max: 63,83, Diff: 0,71, Sum: 954,29, Workers: 15
[71,902s][debug][gc,phases         ] GC(66)     Termination (ms):              Min: 0,05, Avg: 0,08, Max: 0,13, Diff: 0,08, Sum: 1,16, Workers: 15
[71,902s][debug][gc,phases         ] GC(66)       Termination Attempts:          Min: 1, Avg:  1,0, Max: 1, Diff: 0, Sum: 15, Workers: 15
[71,902s][debug][gc,phases         ] GC(66)     GC Worker Other (ms):          Min: 0,04, Avg: 0,05, Max: 0,06, Diff: 0,02, Sum: 0,76, Workers: 15
[71,902s][debug][gc,phases         ] GC(66)     GC Worker Total (ms):          Min: 64,08, Avg: 64,15, Max: 64,23, Diff: 0,15, Sum: 962,24, Workers: 15
[71,902s][info ][gc,phases         ] GC(66)   Post Evacuate Collection Set: 2,08ms
[71,902s][debug][gc,phases         ] GC(66)     NMethod List Cleanup: 0,01ms
[71,902s][debug][gc,phases         ] GC(66)     Reference Processing: 0,99ms
[71,902s][debug][gc,phases,ref     ] GC(66)       Notify Soft/WeakReferences: 0,4ms
[71,902s][debug][gc,phases,ref     ] GC(66)         Balance queues: 0,0ms
[71,902s][debug][gc,phases,ref     ] GC(66)         SoftRef (ms):                  Min: 0,00, Avg: 0,00, Max: 0,00, Diff: 0,00, Sum: 0,00, Workers: 3
[71,902s][debug][gc,phases,ref     ] GC(66)         WeakRef (ms):                  Min: 0,00, Avg: 0,00, Max: 0,00, Diff: 0,00, Sum: 0,00, Workers: 3
[71,902s][debug][gc,phases,ref     ] GC(66)         FinalRef (ms):                 Min: 0,06, Avg: 0,11, Max: 0,13, Diff: 0,07, Sum: 0,32, Workers: 3
[71,902s][debug][gc,phases,ref     ] GC(66)         Total (ms):                    Min: 0,14, Avg: 0,18, Max: 0,24, Diff: 0,10, Sum: 0,54, Workers: 3
[71,902s][debug][gc,phases,ref     ] GC(66)       Notify and keep alive finalizable: 0,5ms
[71,902s][debug][gc,phases,ref     ] GC(66)         Balance queues: 0,0ms
[71,902s][debug][gc,phases,ref     ] GC(66)         FinalRef (ms):                 Min: 0,09, Avg: 0,13, Max: 0,19, Diff: 0,10, Sum: 1,99, Workers: 15
[71,902s][debug][gc,phases,ref     ] GC(66)       Notify PhantomReferences: 0,1ms
[71,902s][debug][gc,phases,ref     ] GC(66)         PhantomRef (ms):               Min: 0,00, Avg: 0,00, Max: 0,00, Diff: 0,00, Sum: 0,00, Workers: 1
[71,902s][debug][gc,phases,ref     ] GC(66)       SoftReference Discovered: 0, Dropped: 0, Processed: 0
[71,902s][debug][gc,phases,ref     ] GC(66)       WeakReference Discovered: 0, Dropped: 0, Processed: 0
[71,902s][debug][gc,phases,ref     ] GC(66)       FinalReference Discovered: 2339, Dropped: 7, Processed: 2332
[71,902s][debug][gc,phases,ref     ] GC(66)       PhantomReference Discovered: 36, Dropped: 1, Processed: 35
[71,902s][debug][gc,phases         ] GC(66)     Weak Processing: 0,21ms
[71,902s][debug][gc,phases         ] GC(66)       VM Weak                        Min: 0,00, Avg: 0,00, Max: 0,00, Diff: 0,00, Sum: 0,02, Workers: 15
[71,902s][debug][gc,phases         ] GC(66)         Dead                           Min: 0, Avg:  0,0, Max: 0, Diff: 0, Sum: 0, Workers: 15
[71,902s][debug][gc,phases         ] GC(66)         Total                          Min: 0, Avg: 11,3, Max: 170, Diff: 170, Sum: 170, Workers: 15
[71,902s][debug][gc,phases         ] GC(66)       ObjectSynchronizer Weak        Min: 0,00, Avg: 0,00, Max: 0,00, Diff: 0,00, Sum: 0,01, Workers: 15
[71,903s][debug][gc,phases         ] GC(66)         Dead                           Min: 0, Avg:  0,0, Max: 0, Diff: 0, Sum: 0, Workers: 15
[71,903s][debug][gc,phases         ] GC(66)         Total                          Min: 0, Avg:  0,3, Max: 4, Diff: 4, Sum: 4, Workers: 15
[71,903s][debug][gc,phases         ] GC(66)       JVMTI Tag Weak OopStorage      Min: 0,00, Avg: 0,00, Max: 0,00, Diff: 0,00, Sum: 0,01, Workers: 15
[71,903s][debug][gc,phases         ] GC(66)         Dead                           Min: 0, Avg:  0,0, Max: 0, Diff: 0, Sum: 0, Workers: 15
[71,903s][debug][gc,phases         ] GC(66)         Total                          Min: 0, Avg:  0,0, Max: 0, Diff: 0, Sum: 0, Workers: 15
[71,903s][debug][gc,phases         ] GC(66)       StringTable Weak               Min: 0,00, Avg: 0,01, Max: 0,03, Diff: 0,03, Sum: 0,13, Workers: 15
[71,903s][debug][gc,phases         ] GC(66)         Dead                           Min: 0, Avg:  0,0, Max: 0, Diff: 0, Sum: 0, Workers: 15
[71,903s][debug][gc,phases         ] GC(66)         Total                          Min: 0, Avg: 567,5, Max: 1152, Diff: 1152, Sum: 8513, Workers: 15
[71,903s][debug][gc,phases         ] GC(66)       ResolvedMethodTable Weak       Min: 0,00, Avg: 0,00, Max: 0,01, Diff: 0,01, Sum: 0,04, Workers: 15
[71,903s][debug][gc,phases         ] GC(66)         Dead                           Min: 0, Avg:  0,0, Max: 0, Diff: 0, Sum: 0, Workers: 15
[71,903s][debug][gc,phases         ] GC(66)         Total                          Min: 0, Avg: 113,7, Max: 254, Diff: 254, Sum: 1706, Workers: 15
[71,903s][debug][gc,phases         ] GC(66)       JNI Weak                       Min: 0,00, Avg: 0,00, Max: 0,00, Diff: 0,00, Sum: 0,01, Workers: 15
[71,903s][debug][gc,phases         ] GC(66)         Dead                           Min: 0, Avg:  0,0, Max: 0, Diff: 0, Sum: 0, Workers: 15
[71,903s][debug][gc,phases         ] GC(66)         Total                          Min: 0, Avg:  0,0, Max: 0, Diff: 0, Sum: 0, Workers: 15
[71,903s][debug][gc,phases         ] GC(66)       StringDedup Table Weak         Min: 0,00, Avg: 0,01, Max: 0,02, Diff: 0,02, Sum: 0,16, Workers: 15
[71,903s][debug][gc,phases         ] GC(66)         Dead                           Min: 0, Avg:  0,0, Max: 0, Diff: 0, Sum: 0, Workers: 15
[71,903s][debug][gc,phases         ] GC(66)         Total                          Min: 0, Avg: 877,6, Max: 1664, Diff: 1664, Sum: 13164, Workers: 15
[71,903s][debug][gc,phases         ] GC(66)       StringDedup Requests0 Weak     Min: 0,00, Avg: 0,00, Max: 0,00, Diff: 0,00, Sum: 0,01, Workers: 15
[71,903s][debug][gc,phases         ] GC(66)         Dead                           Min: 0, Avg:  0,0, Max: 0, Diff: 0, Sum: 0, Workers: 15
[71,903s][debug][gc,phases         ] GC(66)         Total                          Min: 0, Avg:  0,0, Max: 0, Diff: 0, Sum: 0, Workers: 15
[71,903s][debug][gc,phases         ] GC(66)       StringDedup Requests1 Weak     Min: 0,00, Avg: 0,00, Max: 0,00, Diff: 0,00, Sum: 0,01, Workers: 15
[71,903s][debug][gc,phases         ] GC(66)         Dead                           Min: 0, Avg:  0,0, Max: 0, Diff: 0, Sum: 0, Workers: 15
[71,903s][debug][gc,phases         ] GC(66)         Total                          Min: 0, Avg: 12,8, Max: 64, Diff: 64, Sum: 192, Workers: 15
[71,903s][debug][gc,phases         ] GC(66)       Weak JFR Old Object Samples    Min: 0,00, Avg: 0,00, Max: 0,00, Diff: 0,00, Sum: 0,00, Workers: 15
[71,903s][debug][gc,phases         ] GC(66)         Dead                           Min: 0, Avg:  0,0, Max: 0, Diff: 0, Sum: 0, Workers: 15
[71,903s][debug][gc,phases         ] GC(66)         Total                          Min: 0, Avg:  0,0, Max: 0, Diff: 0, Sum: 0, Workers: 15
[71,903s][debug][gc,phases         ] GC(66)     Post Evacuate Cleanup 1: 0,34ms
[71,903s][debug][gc,phases         ] GC(66)       Merge Per-Thread State (ms):   Min: 0,04, Avg: 0,04, Max: 0,04, Diff: 0,00, Sum: 0,04, Workers: 1
[71,903s][debug][gc,phases         ] GC(66)         Copied Bytes                   Min: 36373240, Avg: 47438564,3, Max: 60026344, Diff: 23653104, Sum: 711578464, Workers: 15
[71,903s][debug][gc,phases         ] GC(66)         LAB Waste                      Min: 712, Avg: 6038,9, Max: 13880, Diff: 13168, Sum: 90584, Workers: 15
[71,903s][debug][gc,phases         ] GC(66)         LAB Undo Waste                 Min: 0, Avg:  0,0, Max: 0, Diff: 0, Sum: 0, Workers: 15
[71,903s][debug][gc,phases         ] GC(66)         Evac Fail Extra Cards          Min: 0, Avg:  0,1, Max: 2, Diff: 2, Sum: 2, Workers: 15
[71,903s][debug][gc,phases         ] GC(66)       Clear Logged Cards (ms):       Min: 0,00, Avg: 0,04, Max: 0,17, Diff: 0,17, Sum: 0,57, Workers: 15
[71,903s][debug][gc,phases         ] GC(66)       Recalculate Used Memory (ms):  Min: 0,03, Avg: 0,03, Max: 0,03, Diff: 0,00, Sum: 0,03, Workers: 1
[71,903s][debug][gc,phases         ] GC(66)       Restore Evacuation Failed Regions (ms): Min: 0,00, Avg: 0,05, Max: 0,07, Diff: 0,07, Sum: 0,77, Workers: 15
[71,903s][debug][gc,phases         ] GC(66)         Evacuation Failed Regions:     Min: 1, Avg:  1,5, Max: 2, Diff: 1, Sum: 3, Workers: 2
[71,903s][debug][gc,phases         ] GC(66)         Pinned Regions:                Min: 1, Avg:  1,0, Max: 1, Diff: 0, Sum: 3, Workers: 3
[71,903s][debug][gc,phases         ] GC(66)         Allocation Failed Regions:     skipped
[71,903s][debug][gc,phases         ] GC(66)         Remove Self Forwards (ms):     Min: 0,02, Avg: 0,03, Max: 0,04, Diff: 0,02, Sum: 0,31, Workers: 11
[71,903s][debug][gc,phases         ] GC(66)           Forward Chunks:                Min: 2, Avg:  3,4, Max: 6, Diff: 4, Sum: 34, Workers: 10
[71,903s][debug][gc,phases         ] GC(66)           Empty Forward Chunks:          Min: 16, Avg: 31,8, Max: 59, Diff: 43, Sum: 350, Workers: 11
[71,903s][debug][gc,phases         ] GC(66)           Forward Objects:               Min: 2, Avg:  3,8, Max: 6, Diff: 4, Sum: 38, Workers: 10
[71,903s][debug][gc,phases         ] GC(66)           Forward Bytes:                 Min: 96, Avg: 115415,2, Max: 228040, Diff: 227944, Sum: 1154152, Workers: 10
[71,903s][debug][gc,phases         ] GC(66)     Post Evacuate Cleanup 2: 0,28ms
[71,903s][debug][gc,phases         ] GC(66)       Recalculate Used Memory (ms):  Min: 0,03, Avg: 0,03, Max: 0,03, Diff: 0,00, Sum: 0,03, Workers: 1
[71,903s][debug][gc,phases         ] GC(66)       Restore Preserved Marks (ms):  Min: 0,00, Avg: 0,00, Max: 0,00, Diff: 0,00, Sum: 0,01, Workers: 15
[71,903s][debug][gc,phases         ] GC(66)       Process Evacuation Failed Regions (ms): Min: 0,00, Avg: 0,00, Max: 0,01, Diff: 0,01, Sum: 0,03, Workers: 15
[71,903s][debug][gc,phases         ] GC(66)       Update Derived Pointers (ms):  Min: 0,00, Avg: 0,00, Max: 0,00, Diff: 0,00, Sum: 0,00, Workers: 1
[71,903s][debug][gc,phases         ] GC(66)       Eagerly Reclaim Humongous Objects (ms): skipped
[71,903s][debug][gc,phases         ] GC(66)         Humongous Total                skipped
[71,903s][debug][gc,phases         ] GC(66)         Humongous Candidates           skipped
[71,903s][debug][gc,phases         ] GC(66)         Humongous Reclaimed            skipped
[71,903s][debug][gc,phases         ] GC(66)       Sample CSet Candidates (ms):   skipped
[71,903s][debug][gc,phases         ] GC(66)       Redirty Logged Cards (ms):     Min: 0,00, Avg: 0,00, Max: 0,02, Diff: 0,02, Sum: 0,04, Workers: 15
[71,903s][debug][gc,phases         ] GC(66)         Redirtied Cards:               Min: 0, Avg: 114,7, Max: 940, Diff: 940, Sum: 1721, Workers: 15
[71,903s][debug][gc,phases         ] GC(66)       Resize TLABs (ms):             Min: 0,00, Avg: 0,00, Max: 0,00, Diff: 0,00, Sum: 0,01, Workers: 15
[71,903s][debug][gc,phases         ] GC(66)       Free Collection Set (ms):      Min: 0,04, Avg: 0,07, Max: 0,11, Diff: 0,07, Sum: 1,00, Workers: 15
[71,903s][debug][gc,phases         ] GC(66)     Rebuild Free List: 0,16ms
[71,903s][debug][gc,phases         ] GC(66)     Prepare For Mutator: 0,09ms
[71,903s][debug][gc,phases         ] GC(66)     Expand Heap After Collection: 0,00ms
[71,903s][info ][gc,phases         ] GC(66)   Other: 0,61ms
[71,903s][debug][gc,remset         ] GC(66) Coarsening (recent): Inline->AoC 0 (0) AoC->Howl 0 (0) Howl->Full 0 (0) Inline->AoC 0 (0) AoC->BitMap 0 (0) BitMap->Full 0 (0) 
[71,903s][debug][gc,remset         ] GC(66) Coarsening (all): Inline->AoC 9974 (0) AoC->Howl 4773 (0) Howl->Full 1339 (0) Inline->AoC 28355 (0) AoC->BitMap 27075 (0) BitMap->Full 5475 (0) 
[71,903s][info ][gc,heap           ] GC(66) Eden regions: 437->0(359)
[71,903s][info ][gc,heap           ] GC(66) Survivor regions: 61->63(63)
[71,903s][info ][gc,heap           ] GC(66) Old regions: 459->572
[71,903s][info ][gc,heap           ] GC(66) Humongous regions: 0->0
[71,903s][info ][gc,metaspace      ] GC(66) Metaspace: 20781K(21184K)->20781K(21184K) NonClass: 18163K(18368K)->18163K(18368K) Class: 2617K(2816K)->2617K(2816K)
[71,903s][debug][gc,heap           ] GC(66) Heap after GC invocations=67 (full 0):
[71,903s][debug][gc,heap           ] GC(66)  garbage-first heap   total reserved 8388608K, committed 5242880K, used 2595873K [0x0000000600000000, 0x0000000800000000)
[71,903s][debug][gc,heap           ] GC(66)   region size 4096K, 63 young (258048K), 63 survivors (258048K)
[71,903s][debug][gc,heap           ] GC(66)  Metaspace       used 20781K, committed 21184K, reserved 1114112K
[71,903s][debug][gc,heap           ] GC(66)   class space    used 2617K, committed 2816K, reserved 1048576K
[71,903s][info ][gc                ] GC(66) Pause Young (Concurrent Start) (G1 Evacuation Pause) (Evacuation Failure: Pinned) 3825M->2535M(5120M) 69,631ms
[71,903s][info ][gc,cpu            ] GC(66) User=0,97s Sys=0,00s Real=0,06s
[71,903s][info ][gc                ] GC(67) Concurrent Mark Cycle
[71,903s][info ][gc,marking        ] GC(67) Concurrent Scan Root Regions
[71,903s][debug][gc,ergo           ] GC(67) Running G1 Root Region Scan using 4 workers for 178 work units.
[71,903s][debug][gc,task           ] G1 Service Thread (Card Set Free Memory Task) (run: 1,665ms) (cpu: 0,069ms)
[71,903s][debug][gc,refine         ] Concurrent refinement: wanted 0, cards: 1721, predicted: 3710, time: 1061,67ms
[71,948s][info ][gc,marking        ] GC(67) Concurrent Scan Root Regions 44,670ms
[71,948s][info ][gc,marking        ] GC(67) Concurrent Mark
[71,948s][info ][gc,marking        ] GC(67) Concurrent Mark From Roots
[71,948s][info ][gc,task           ] GC(67) Using 4 workers of 4 for marking
[72,002s][debug][gc,stats          ] ---------------------------------------------------------------------
[72,002s][debug][gc,stats          ] Marking Stats, task = 0, calls = 6
[72,002s][debug][gc,stats          ]   Elapsed time = 53,71ms, Termination time = 0,01ms
[72,002s][debug][gc,stats          ]   Step Times (cum): num = 292, avg = 2,66ms, sd = 4,24ms max = 12,02ms, total = 778,03ms
[72,002s][debug][gc,stats          ]   Mark Stats Cache: hits 1155246 misses 1 ratio 100,000
[72,002s][debug][gc,stats          ] ---------------------------------------------------------------------
[72,002s][debug][gc,stats          ] Marking Stats, task = 1, calls = 6
[72,002s][debug][gc,stats          ]   Elapsed time = 53,67ms, Termination time = 0,00ms
[72,002s][debug][gc,stats          ]   Step Times (cum): num = 116, avg = 6,65ms, sd = 4,33ms max = 12,01ms, total = 770,99ms
[72,002s][debug][gc,stats          ]   Mark Stats Cache: hits 1132608 misses 1 ratio 100,000
[72,002s][debug][gc,stats          ] ---------------------------------------------------------------------
[72,002s][debug][gc,stats          ] Marking Stats, task = 2, calls = 6
[72,002s][debug][gc,stats          ]   Elapsed time = 53,67ms, Termination time = 0,01ms
[72,002s][debug][gc,stats          ]   Step Times (cum): num = 116, avg = 6,72ms, sd = 4,30ms max = 12,13ms, total = 779,08ms
[72,002s][debug][gc,stats          ]   Mark Stats Cache: hits 1117757 misses 1 ratio 100,000
[72,002s][debug][gc,stats          ] ---------------------------------------------------------------------
[72,002s][debug][gc,stats          ] Marking Stats, task = 3, calls = 6
[72,002s][debug][gc,stats          ]   Elapsed time = 53,65ms, Termination time = 0,01ms
[72,002s][debug][gc,stats          ]   Step Times (cum): num = 116, avg = 6,73ms, sd = 4,29ms max = 12,01ms, total = 780,58ms
[72,002s][debug][gc,stats          ]   Mark Stats Cache: hits 1158092 misses 1 ratio 100,000
[72,002s][debug][gc,stats          ] ---------------------------------------------------------------------
[72,002s][info ][gc,marking        ] GC(67) Concurrent Mark From Roots 54,159ms
[72,002s][info ][gc,marking        ] GC(67) Concurrent Preclean
[72,002s][debug][gc,ref,start      ] GC(67) Preclean SoftReferences
[72,002s][debug][gc,ref            ] GC(67) Preclean SoftReferences 0,017ms
[72,002s][debug][gc,ref,start      ] GC(67) Preclean WeakReferences
[72,002s][debug][gc,ref            ] GC(67) Preclean WeakReferences 0,046ms
[72,002s][debug][gc,ref,start      ] GC(67) Preclean FinalReferences
[72,002s][debug][gc,ref            ] GC(67) Preclean FinalReferences 0,017ms
[72,002s][debug][gc,ref,start      ] GC(67) Preclean PhantomReferences
[72,002s][debug][gc,ref            ] GC(67) Preclean PhantomReferences 0,048ms
[72,002s][info ][gc,marking        ] GC(67) Concurrent Preclean 0,207ms
[72,003s][info ][gc,start          ] GC(67) Pause Remark
[72,003s][debug][gc,phases,start   ] GC(67) Finalize Marking
[72,003s][debug][gc,stats          ] ---------------------------------------------------------------------
[72,003s][debug][gc,stats          ] Marking Stats, task = 0, calls = 7
[72,003s][debug][gc,stats          ]   Elapsed time = 0,33ms, Termination time = 0,32ms
[72,003s][debug][gc,stats          ]   Step Times (cum): num = 293, avg = 2,66ms, sd = 4,23ms max = 12,02ms, total = 778,03ms
[72,003s][debug][gc,stats          ]   Mark Stats Cache: hits 1155246 misses 1 ratio 100,000
[72,003s][debug][gc,stats          ] ---------------------------------------------------------------------
[72,003s][debug][gc,stats          ] Marking Stats, task = 1, calls = 7
[72,003s][debug][gc,stats          ]   Elapsed time = 0,20ms, Termination time = 0,18ms
[72,003s][debug][gc,stats          ]   Step Times (cum): num = 117, avg = 6,59ms, sd = 4,35ms max = 12,01ms, total = 771,03ms
[72,003s][debug][gc,stats          ]   Mark Stats Cache: hits 1132608 misses 1 ratio 100,000
[72,003s][debug][gc,stats          ] ---------------------------------------------------------------------
[72,003s][debug][gc,stats          ] Marking Stats, task = 2, calls = 7
[72,003s][debug][gc,stats          ]   Elapsed time = 0,12ms, Termination time = 0,13ms
[72,003s][debug][gc,stats          ]   Step Times (cum): num = 117, avg = 6,66ms, sd = 4,33ms max = 12,13ms, total = 779,10ms
[72,003s][debug][gc,stats          ]   Mark Stats Cache: hits 1117757 misses 1 ratio 100,000
[72,003s][debug][gc,stats          ] ---------------------------------------------------------------------
[72,003s][debug][gc,stats          ] Marking Stats, task = 3, calls = 7
[72,003s][debug][gc,stats          ]   Elapsed time = 0,17ms, Termination time = 0,17ms
[72,003s][debug][gc,stats          ]   Step Times (cum): num = 117, avg = 6,67ms, sd = 4,31ms max = 12,01ms, total = 780,61ms
[72,003s][debug][gc,stats          ]   Mark Stats Cache: hits 1158092 misses 1 ratio 100,000
[72,003s][debug][gc,stats          ] ---------------------------------------------------------------------
[72,003s][debug][gc,stats          ] Marking Stats, task = 4, calls = 1
[72,003s][debug][gc,stats          ]   Elapsed time = 0,16ms, Termination time = 0,15ms
[72,003s][debug][gc,stats          ]   Step Times (cum): num = 21, avg = 0,04ms, sd = 0,01ms max = 0,07ms, total = 0,74ms
[72,003s][debug][gc,stats          ]   Mark Stats Cache: hits 14 misses 0 ratio 100,000
[72,003s][debug][gc,stats          ] ---------------------------------------------------------------------
[72,003s][debug][gc,stats          ] Marking Stats, task = 5, calls = 1
[72,003s][debug][gc,stats          ]   Elapsed time = 0,10ms, Termination time = 0,09ms
[72,003s][debug][gc,stats          ]   Step Times (cum): num = 21, avg = 0,04ms, sd = 0,02ms max = 0,08ms, total = 0,79ms
[72,003s][debug][gc,stats          ]   Mark Stats Cache: hits 67 misses 0 ratio 100,000
[72,003s][debug][gc,stats          ] ---------------------------------------------------------------------
[72,003s][debug][gc,stats          ] Marking Stats, task = 6, calls = 1
[72,003s][debug][gc,stats          ]   Elapsed time = 0,10ms, Termination time = 0,09ms
[72,003s][debug][gc,stats          ]   Step Times (cum): num = 21, avg = 0,04ms, sd = 0,02ms max = 0,10ms, total = 0,77ms
[72,003s][debug][gc,stats          ]   Mark Stats Cache: hits 22 misses 1 ratio 95,652
[72,003s][debug][gc,stats          ] ---------------------------------------------------------------------
[72,003s][debug][gc,stats          ] Marking Stats, task = 7, calls = 1
[72,003s][debug][gc,stats          ]   Elapsed time = 0,14ms, Termination time = 0,13ms
[72,003s][debug][gc,stats          ]   Step Times (cum): num = 21, avg = 0,04ms, sd = 0,02ms max = 0,08ms, total = 0,78ms
[72,003s][debug][gc,stats          ]   Mark Stats Cache: hits 26 misses 1 ratio 96,296
[72,003s][debug][gc,stats          ] ---------------------------------------------------------------------
[72,003s][debug][gc,stats          ] Marking Stats, task = 8, calls = 1
[72,003s][debug][gc,stats          ]   Elapsed time = 0,14ms, Termination time = 0,13ms
[72,003s][debug][gc,stats          ]   Step Times (cum): num = 21, avg = 0,03ms, sd = 0,02ms max = 0,06ms, total = 0,73ms
[72,003s][debug][gc,stats          ]   Mark Stats Cache: hits 3 misses 0 ratio 100,000
[72,003s][debug][gc,stats          ] ---------------------------------------------------------------------
[72,003s][debug][gc,stats          ] Marking Stats, task = 9, calls = 1
[72,003s][debug][gc,stats          ]   Elapsed time = 0,07ms, Termination time = 0,06ms
[72,003s][debug][gc,stats          ]   Step Times (cum): num = 21, avg = 0,04ms, sd = 0,02ms max = 0,06ms, total = 0,85ms
[72,003s][debug][gc,stats          ]   Mark Stats Cache: hits 1 misses 0 ratio 100,000
[72,003s][debug][gc,stats          ] ---------------------------------------------------------------------
[72,003s][debug][gc,stats          ] Marking Stats, task = 10, calls = 1
[72,003s][debug][gc,stats          ]   Elapsed time = 0,07ms, Termination time = 0,06ms
[72,004s][debug][gc,stats          ]   Step Times (cum): num = 21, avg = 0,04ms, sd = 0,02ms max = 0,06ms, total = 0,85ms
[72,004s][debug][gc,stats          ]   Mark Stats Cache: hits 2 misses 0 ratio 100,000
[72,004s][debug][gc,stats          ] ---------------------------------------------------------------------
[72,004s][debug][gc,stats          ] Marking Stats, task = 11, calls = 1
[72,004s][debug][gc,stats          ]   Elapsed time = 0,03ms, Termination time = 0,02ms
[72,004s][debug][gc,stats          ]   Step Times (cum): num = 21, avg = 0,05ms, sd = 0,01ms max = 0,06ms, total = 0,98ms
[72,004s][debug][gc,stats          ]   Mark Stats Cache: hits 2 misses 0 ratio 100,000
[72,004s][debug][gc,stats          ] ---------------------------------------------------------------------
[72,004s][debug][gc,stats          ] Marking Stats, task = 12, calls = 1
[72,004s][debug][gc,stats          ]   Elapsed time = 0,02ms, Termination time = 0,01ms
[72,004s][debug][gc,stats          ]   Step Times (cum): num = 21, avg = 0,03ms, sd = 0,02ms max = 0,06ms, total = 0,72ms
[72,004s][debug][gc,stats          ]   Mark Stats Cache: hits 2 misses 0 ratio 100,000
[72,004s][debug][gc,stats          ] ---------------------------------------------------------------------
[72,004s][debug][gc,stats          ] Marking Stats, task = 13, calls = 1
[72,004s][debug][gc,stats          ]   Elapsed time = 0,03ms, Termination time = 0,02ms
[72,004s][debug][gc,stats          ]   Step Times (cum): num = 21, avg = 0,03ms, sd = 0,02ms max = 0,06ms, total = 0,67ms
[72,004s][debug][gc,stats          ]   Mark Stats Cache: hits 0 misses 0 ratio 0,000
[72,004s][debug][gc,stats          ] ---------------------------------------------------------------------
[72,004s][debug][gc,stats          ] Marking Stats, task = 14, calls = 1
[72,004s][debug][gc,stats          ]   Elapsed time = 0,03ms, Termination time = 0,02ms
[72,004s][debug][gc,stats          ]   Step Times (cum): num = 21, avg = 0,03ms, sd = 0,02ms max = 0,06ms, total = 0,64ms
[72,004s][debug][gc,stats          ]   Mark Stats Cache: hits 5 misses 0 ratio 100,000
[72,004s][debug][gc,stats          ] ---------------------------------------------------------------------
[72,004s][debug][gc,phases         ] GC(67) Finalize Marking 1,072ms
[72,004s][debug][gc,phases,start   ] GC(67) Reference Processing
[72,004s][debug][gc,ref            ] GC(67) ReferenceProcessor::execute queues: 1, RefProcThreadModel::Single, marks_oops_alive: false
[72,004s][debug][gc,ref            ] GC(67) ReferenceProcessor::execute queues: 15, RefProcThreadModel::Multi, marks_oops_alive: true
[72,004s][debug][gc,ref            ] GC(67) Skipped PhantomRefsPhase of Reference Processing: no references
[72,004s][debug][gc,phases,ref     ] GC(67) Reference Processing: 0,4ms
[72,004s][debug][gc,phases,ref     ] GC(67)   Notify Soft/WeakReferences: 0,0ms
[72,004s][debug][gc,phases,ref     ] GC(67)     SoftRef (ms):                  Min: 0,00, Avg: 0,00, Max: 0,00, Diff: 0,00, Sum: 0,00, Workers: 1
[72,004s][debug][gc,phases,ref     ] GC(67)     WeakRef (ms):                  Min: 0,00, Avg: 0,00, Max: 0,00, Diff: 0,00, Sum: 0,00, Workers: 1
[72,004s][debug][gc,phases,ref     ] GC(67)     FinalRef (ms):                 Min: 0,00, Avg: 0,00, Max: 0,00, Diff: 0,00, Sum: 0,00, Workers: 1
[72,004s][debug][gc,phases,ref     ] GC(67)     Total (ms):                    Min: 0,02, Avg: 0,02, Max: 0,02, Diff: 0,00, Sum: 0,02, Workers: 1
[72,004s][debug][gc,phases,ref     ] GC(67)   Notify and keep alive finalizable: 0,4ms
[72,004s][debug][gc,phases,ref     ] GC(67)     Balance queues: 0,0ms
[72,004s][debug][gc,phases,ref     ] GC(67)     FinalRef (ms):                 Min: 0,02, Avg: 0,11, Max: 0,35, Diff: 0,33, Sum: 1,59, Workers: 15
[72,004s][debug][gc,phases,ref     ] GC(67)   Notify PhantomReferences: 0,0ms
[72,004s][debug][gc,phases,ref     ] GC(67)     PhantomRef (ms):               skipped
[72,004s][debug][gc,phases,ref     ] GC(67)   SoftReference Discovered: 0, Dropped: 0, Processed: 0
[72,004s][debug][gc,phases,ref     ] GC(67)   WeakReference Discovered: 0, Dropped: 0, Processed: 0
[72,004s][debug][gc,phases,ref     ] GC(67)   FinalReference Discovered: 9, Dropped: 0, Processed: 9
[72,004s][debug][gc,phases,ref     ] GC(67)   PhantomReference Discovered: 0, Dropped: 0, Processed: 0
[72,004s][debug][gc,phases         ] GC(67) Reference Processing 0,586ms
[72,004s][debug][gc,phases,start   ] GC(67) Weak Processing
[72,004s][debug][gc,phases         ] GC(67)   VM Weak                        Min: 0,00, Avg: 0,00, Max: 0,01, Diff: 0,01, Sum: 0,02, Workers: 15
[72,005s][debug][gc,phases         ] GC(67)     Dead                           Min: 0, Avg:  0,0, Max: 0, Diff: 0, Sum: 0, Workers: 15
[72,005s][debug][gc,phases         ] GC(67)     Total                          Min: 0, Avg: 11,3, Max: 106, Diff: 106, Sum: 170, Workers: 15
[72,005s][debug][gc,phases         ] GC(67)   ObjectSynchronizer Weak        Min: 0,00, Avg: 0,00, Max: 0,00, Diff: 0,00, Sum: 0,01, Workers: 15
[72,005s][debug][gc,phases         ] GC(67)     Dead                           Min: 0, Avg:  0,0, Max: 0, Diff: 0, Sum: 0, Workers: 15
[72,005s][debug][gc,phases         ] GC(67)     Total                          Min: 0, Avg:  0,3, Max: 4, Diff: 4, Sum: 4, Workers: 15
[72,005s][debug][gc,phases         ] GC(67)   JVMTI Tag Weak OopStorage      Min: 0,00, Avg: 0,00, Max: 0,00, Diff: 0,00, Sum: 0,00, Workers: 15
[72,005s][debug][gc,phases         ] GC(67)     Dead                           Min: 0, Avg:  0,0, Max: 0, Diff: 0, Sum: 0, Workers: 15
[72,005s][debug][gc,phases         ] GC(67)     Total                          Min: 0, Avg:  0,0, Max: 0, Diff: 0, Sum: 0, Workers: 15
[72,005s][debug][gc,phases         ] GC(67)   StringTable Weak               Min: 0,00, Avg: 0,02, Max: 0,08, Diff: 0,08, Sum: 0,26, Workers: 15
[72,005s][debug][gc,phases         ] GC(67)     Dead                           Min: 0, Avg:  0,0, Max: 0, Diff: 0, Sum: 0, Workers: 15
[72,005s][debug][gc,phases         ] GC(67)     Total                          Min: 0, Avg: 567,5, Max: 2432, Diff: 2432, Sum: 8513, Workers: 15
[72,005s][debug][gc,phases         ] GC(67)   ResolvedMethodTable Weak       Min: 0,00, Avg: 0,00, Max: 0,01, Diff: 0,01, Sum: 0,03, Workers: 15
[72,005s][debug][gc,phases         ] GC(67)     Dead                           Min: 0, Avg:  0,0, Max: 0, Diff: 0, Sum: 0, Workers: 15
[72,005s][debug][gc,phases         ] GC(67)     Total                          Min: 0, Avg: 113,7, Max: 384, Diff: 384, Sum: 1706, Workers: 15
[72,005s][debug][gc,phases         ] GC(67)   JNI Weak                       Min: 0,00, Avg: 0,00, Max: 0,00, Diff: 0,00, Sum: 0,00, Workers: 15
[72,005s][debug][gc,phases         ] GC(67)     Dead                           Min: 0, Avg:  0,0, Max: 0, Diff: 0, Sum: 0, Workers: 15
[72,005s][debug][gc,phases         ] GC(67)     Total                          Min: 0, Avg:  0,0, Max: 0, Diff: 0, Sum: 0, Workers: 15
[72,005s][debug][gc,phases         ] GC(67)   StringDedup Table Weak         Min: 0,00, Avg: 0,01, Max: 0,03, Diff: 0,03, Sum: 0,15, Workers: 15
[72,005s][debug][gc,phases         ] GC(67)     Dead                           Min: 0, Avg:  0,0, Max: 0, Diff: 0, Sum: 0, Workers: 15
[72,005s][debug][gc,phases         ] GC(67)     Total                          Min: 0, Avg: 877,7, Max: 2880, Diff: 2880, Sum: 13165, Workers: 15
[72,005s][debug][gc,phases         ] GC(67)   StringDedup Requests0 Weak     Min: 0,00, Avg: 0,00, Max: 0,00, Diff: 0,00, Sum: 0,00, Workers: 15
[72,005s][debug][gc,phases         ] GC(67)     Dead                           Min: 0, Avg:  0,0, Max: 0, Diff: 0, Sum: 0, Workers: 15
[72,005s][debug][gc,phases         ] GC(67)     Total                          Min: 0, Avg:  0,0, Max: 0, Diff: 0, Sum: 0, Workers: 15
[72,005s][debug][gc,phases         ] GC(67)   StringDedup Requests1 Weak     Min: 0,00, Avg: 0,00, Max: 0,00, Diff: 0,00, Sum: 0,01, Workers: 15
[72,005s][debug][gc,phases         ] GC(67)     Dead                           Min: 0, Avg:  0,0, Max: 0, Diff: 0, Sum: 0, Workers: 15
[72,005s][debug][gc,phases         ] GC(67)     Total                          Min: 0, Avg:  0,0, Max: 0, Diff: 0, Sum: 0, Workers: 15
[72,005s][debug][gc,phases         ] GC(67)   Weak JFR Old Object Samples    Min: 0,00, Avg: 0,00, Max: 0,00, Diff: 0,00, Sum: 0,00, Workers: 15
[72,005s][debug][gc,phases         ] GC(67)     Dead                           Min: 0, Avg:  0,0, Max: 0, Diff: 0, Sum: 0, Workers: 15
[72,005s][debug][gc,phases         ] GC(67)     Total                          Min: 0, Avg:  0,0, Max: 0, Diff: 0, Sum: 0, Workers: 15
[72,005s][debug][gc,phases         ] GC(67) Weak Processing 0,481ms
[72,005s][debug][gc,phases,start   ] GC(67) Class Unloading
[72,005s][debug][gc,phases,start   ] GC(67) ClassLoaderData
[72,005s][debug][gc,phases         ] GC(67) ClassLoaderData 0,033ms
[72,005s][debug][gc,phases,start   ] GC(67) Trigger cleanups
[72,005s][debug][gc,phases         ] GC(67) Trigger cleanups 0,009ms
[72,005s][debug][gc,phases,start   ] GC(67) G1 Complete Cleaning
[72,006s][debug][gc,phases         ] GC(67) G1 Complete Cleaning 0,737ms
[72,006s][debug][gc,phases,start   ] GC(67) Purge Unlinked NMethods
[72,006s][debug][gc,phases         ] GC(67) Purge Unlinked NMethods 0,035ms
[72,006s][debug][gc,phases,start   ] GC(67) Free Code Blobs
[72,006s][debug][gc,phases         ] GC(67) Free Code Blobs 0,020ms
[72,006s][debug][gc,phases,start   ] GC(67) Purge Class Loader Data
[72,006s][debug][gc,phases         ] GC(67) Purge Class Loader Data 0,010ms
[72,006s][debug][gc,phases         ] GC(67) Class Unloading 0,965ms
[72,006s][debug][gc,phases,start   ] GC(67) Flush Task Caches
[72,006s][debug][gc,stats          ] Mark stats cache hits 4563856 misses 6 ratio 100,000
[72,006s][debug][gc,phases         ] GC(67) Flush Task Caches 0,053ms
[72,006s][debug][gc,phases,start   ] GC(67) Update Remembered Set Tracking Before Rebuild
[72,006s][debug][gc,ergo           ] GC(67) Running G1 Update RemSet Tracking Before Rebuild using 4 workers for 1280 regions in heap
[72,006s][debug][gc,remset,tracking] GC(67) Remembered Set Tracking update regions total 1280, selected 182
[72,006s][debug][gc,phases         ] GC(67) Update Remembered Set Tracking Before Rebuild 0,206ms
[72,006s][debug][gc,phases,start   ] GC(67) Reclaim Empty Regions
[72,007s][debug][gc                ] GC(67) Reclaimed 236 empty regions
[72,007s][debug][gc,phases         ] GC(67) Reclaim Empty Regions 0,543ms
[72,007s][debug][gc,phases,start   ] GC(67) Report Object Count
[72,007s][debug][gc,phases         ] GC(67) Report Object Count 0,009ms
[72,007s][debug][gc,mmu            ] GC(67) MMU: 72,0ms (200,0ms/201,0ms)
[72,007s][info ][gc                ] GC(67) Pause Remark 2611M->1667M(5120M) 4,063ms
[72,007s][info ][gc,cpu            ] GC(67) User=0,00s Sys=0,02s Real=0,01s
[72,007s][info ][gc,marking        ] GC(67) Concurrent Mark 58,714ms
[72,007s][info ][gc,marking        ] GC(67) Concurrent Rebuild Remembered Sets and Scrub Regions
[72,034s][debug][gc,refine         ] Concurrent refinement: wanted 0, cards: 1977, predicted: 3855, time: 1002,36ms
[72,160s][debug][gc,refine         ] Concurrent refinement: wanted 0, cards: 3513, predicted: 5336, time: 972,71ms
[72,284s][debug][gc,refine         ] Concurrent refinement: wanted 0, cards: 3513, predicted: 5241, time: 922,29ms
[72,290s][info ][gc,marking        ] GC(67) Concurrent Rebuild Remembered Sets and Scrub Regions 283,332ms
[72,290s][info ][gc,start          ] GC(67) Pause Cleanup
[72,290s][debug][gc,phases,start   ] GC(67) Update Remembered Set Tracking After Rebuild
[72,291s][debug][gc,phases         ] GC(67) Update Remembered Set Tracking After Rebuild 0,059ms
[72,291s][debug][gc,phases,start   ] GC(67) Finalize Concurrent Mark Cleanup
[72,291s][debug][gc,ergo,cset      ] GC(67) Pruned 77 regions out of 181, leaving 265871360 bytes waste (allowed 268435456)
[72,291s][debug][gc,mmu            ] GC(67) MMU: 0,5ms (200,0ms/201,0ms)
[72,291s][debug][gc,phases         ] GC(67) Finalize Concurrent Mark Cleanup 0,406ms
[72,291s][info ][gc                ] GC(67) Pause Cleanup 1783M->1783M(5120M) 0,539ms
[72,291s][info ][gc,cpu            ] GC(67) User=0,00s Sys=0,00s Real=0,00s
[72,291s][info ][gc,marking        ] GC(67) Concurrent Clear Claimed Marks
[72,291s][info ][gc,marking        ] GC(67) Concurrent Clear Claimed Marks 0,068ms
[72,291s][info ][gc,marking        ] GC(67) Concurrent Cleanup for Next Mark
[72,291s][debug][gc,ergo           ] GC(67) Running G1 Clear Bitmap with 4 workers for 80 work units.
[72,294s][info ][gc,marking        ] GC(67) Concurrent Cleanup for Next Mark 2,753ms
[72,294s][info ][gc                ] GC(67) Concurrent Mark Cycle 390,790ms
[72,405s][debug][gc,refine         ] Concurrent refinement: wanted 0, cards: 3513, predicted: 5144, time: 870,39ms
[72,430s][debug][gc,task,start     ] G1 Service Thread (Periodic GC Task) (run 0,617ms after schedule)
[72,430s][debug][gc,task           ] G1 Service Thread (Periodic GC Task) (run: 0,041ms) (cpu: 0,070ms)
[72,523s][debug][gc,refine         ] Concurrent refinement: wanted 0, cards: 3513, predicted: 5047, time: 818,50ms
[72,638s][debug][gc,refine         ] Concurrent refinement: wanted 0, cards: 3513, predicted: 4952, time: 768,08ms
[72,748s][debug][gc,refine         ] Concurrent refinement: wanted 0, cards: 3513, predicted: 4860, time: 719,15ms
[72,855s][debug][gc,refine         ] Concurrent refinement: wanted 0, cards: 3513, predicted: 4771, time: 671,70ms
[72,958s][debug][gc,refine         ] Concurrent refinement: wanted 0, cards: 3513, predicted: 4685, time: 625,73ms
[73,058s][debug][gc,refine         ] Concurrent refinement: wanted 0, cards: 3513, predicted: 4602, time: 581,25ms
[73,155s][debug][gc,refine         ] Concurrent refinement: wanted 0, cards: 3513, predicted: 4185, time: 358,83ms
[73,184s][info ][gc,start          ] GC(68) Pause Young (Prepare Mixed) (G1 Evacuation Pause)
[73,184s][debug][gc,heap           ] GC(68) Heap before GC invocations=68 (full 0):
[73,184s][debug][gc,heap           ] GC(68)  garbage-first heap   total reserved 8388608K, committed 5242880K, used 3095585K [0x0000000600000000, 0x0000000800000000)
[73,184s][debug][gc,heap           ] GC(68)   region size 4096K, 422 young (1728512K), 63 survivors (258048K)
[73,184s][debug][gc,heap           ] GC(68)  Metaspace       used 20783K, committed 21184K, reserved 1114112K
[73,184s][debug][gc,heap           ] GC(68)   class space    used 2617K, committed 2816K, reserved 1048576K
[73,184s][info ][gc,task           ] GC(68) Using 15 workers of 15 for evacuation
[73,184s][debug][gc,age            ] GC(68) Desired survivor size 111149056 bytes, new threshold 1 (max threshold 15)
[73,185s][debug][gc,tlab           ] GC(68) TLAB totals: thrds: 24  refills: 1115 max: 344 slow allocs: 583 max 44 waste:  0,8% gc: 8877120B max: 1186520B slow: 3018640B max: 468456B
[73,185s][debug][gc,refine,stats   ] GC(68) Mutator refinement: 0,00ms, refined: 0, precleaned: 0, dirtied: 2427
[73,185s][debug][gc,refine,stats   ] GC(68) Concurrent refinement: 0,00ms, refined: 0, precleaned: 0, dirtied: 0
[73,185s][debug][gc,refine,stats   ] GC(68) Total refinement: 0,00ms, refined: 0, precleaned: 0, dirtied: 2427
[73,185s][debug][gc,refine,stats   ] GC(68) Generate dirty cards rate: 1,90 cards/ms
[73,185s][debug][gc,alloc,region   ] GC(68) Mutator Allocation stats, regions: 359, wasted size: 2139K ( 0,1%)
[73,185s][debug][gc,ergo,cset      ] GC(68) Do not add marking candidates to collection set due to pause type.
[73,185s][debug][gc,ergo,cset      ] GC(68) Start adding retained candidates to collection set. Min 1 regions, available 3, time remaining 40,00ms, optional remaining 40,00ms
[73,185s][debug][gc,ergo,cset      ] GC(68) Retained candidates exhausted.
[73,185s][debug][gc,ergo,cset      ] GC(68) Finish adding retained candidates to collection set. Initial: 3, optional: 0, pinned: 0, predicted initial time: 0,20ms, predicted optional time: 0,00ms, time remaining: 39,80ms optional time remaining 39,80ms
[73,185s][debug][gc,ergo           ] GC(68) Running G1 Merge Heap Roots using 15 workers for 425 regions
[73,185s][debug][gc,remset         ] GC(68) Visited cards 183296 Total dirty 1425408 (12,86%) Total old 9691136 (1,89%)
[73,250s][debug][gc,ref            ] GC(68) ReferenceProcessor::execute queues: 2, RefProcThreadModel::Multi, marks_oops_alive: false
[73,250s][debug][gc,ref            ] GC(68) ReferenceProcessor::execute queues: 15, RefProcThreadModel::Multi, marks_oops_alive: true
[73,251s][debug][gc,ref            ] GC(68) ReferenceProcessor::execute queues: 1, RefProcThreadModel::Single, marks_oops_alive: false
[73,252s][debug][gc,ergo           ] GC(68) Running G1 Rebuild Free List Task using 15 workers for rebuilding free list of regions
[73,252s][debug][gc,plab           ] GC(68) Young PLAB allocation: allocated: 222298112B, wasted: 19504B, unused: 2089632B, used: 220188976B, undo waste: 0B, 
[73,252s][debug][gc,plab           ] GC(68) Young other allocation: region end waste: 0B, regions filled: 53, num plab filled: 120, direct allocated: 0B, num direct allocated: 0, failure used: 0B, failure wasted: 0B
[73,252s][debug][gc,plab           ] GC(68) Young sizing: calculated: 44037792B, actual: 45943760B
[73,252s][debug][gc,plab           ] GC(68) Old PLAB allocation: allocated: 515899392B, wasted: 48528B, unused: 16027984B, used: 499822880B, undo waste: 0B, 
[73,252s][debug][gc,plab           ] GC(68) Old other allocation: region end waste: 0B, regions filled: 124, num plab filled: 246, direct allocated: 0B, num direct allocated: 0, failure used: 0B, failure wasted: 0B
[73,252s][debug][gc,plab           ] GC(68) Old sizing: calculated: 99964576B, actual: 97284624B
[73,252s][debug][gc,task,start     ] G1 Service Thread (Card Set Free Memory Task) (run 0,009ms after schedule)
[73,252s][debug][gc,ergo,heap      ] GC(68) Heap expansion: short term pause time ratio 0,16% long term pause time ratio 5,02% threshold 7,69% pause time ratio 7,69% fully expanded false resize by 0B
[73,252s][debug][gc,mmu            ] GC(68) MMU: 67,3ms (200,0ms/201,0ms)
[73,252s][debug][gc,alloc,stats    ] Old generation allocation in the last mutator period, old gen allocated: 515899392B, humongous allocated: 0B, old gen growth: 515899392B.
[73,252s][debug][gc,ihop           ] GC(68) Basic information (value update), threshold: 1292627098B (24,08), target occupancy: 5368709120B, current occupancy: 2129692208B, recent allocation size: 515899392B, recent allocation duration: 1278,31ms, recent old gen allocation rate: 403578144,79B/s, recent marking phase length: 2628,58ms
[73,252s][debug][gc,ihop           ] GC(68) Adaptive IHOP information (value update), threshold: 1292627098B (25,34), internal target occupancy: 5100273664B, occupancy: 2129692208B, additional buffer size: 2143289344B, predicted old gen allocation rate: 609995745,06B/s, predicted marking phase length: 2728,47ms, prediction active: true
[73,252s][debug][gc,ergo,refine    ] GC(68) GC refinement: goal: 257362 + 679 / 20,00ms, actual: 4148 / 0,32ms, 
[73,252s][debug][gc,ergo,refine    ] GC(68) New pending cards target: 258353
[73,252s][info ][gc,phases         ] GC(68)   Pre Evacuate Collection Set: 0,29ms
[73,252s][debug][gc,phases         ] GC(68)     Pre Evacuate Prepare: 0,08ms
[73,252s][debug][gc,phases         ] GC(68)       JT Retire TLABs And Flush Logs (ms): Min: 0,00, Avg: 0,01, Max: 0,02, Diff: 0,02, Sum: 0,02, Workers: 2
[73,252s][debug][gc,phases         ] GC(68)       Non-JT Flush Logs (ms):        Min: 0,01, Avg: 0,01, Max: 0,01, Diff: 0,00, Sum: 0,01, Workers: 1
[73,252s][debug][gc,phases         ] GC(68)     Choose Collection Set: 0,05ms
[73,252s][debug][gc,phases         ] GC(68)     Region Register: 0,16ms
[73,252s][debug][gc,phases         ] GC(68)     Prepare Heap Roots: 0,00ms
[73,252s][info ][gc,phases         ] GC(68)   Merge Heap Roots: 0,42ms
[73,252s][debug][gc,phases         ] GC(68)     Prepare Merge Heap Roots: 0,02ms
[73,252s][debug][gc,phases         ] GC(68)     Remembered Sets (ms):          Min: 0,07, Avg: 0,10, Max: 0,15, Diff: 0,08, Sum: 1,50, Workers: 15
[73,252s][debug][gc,phases         ] GC(68)       Eager Reclaim (ms):            skipped
[73,252s][debug][gc,phases         ] GC(68)       Merged Inline                  Min: 0, Avg: 10,4, Max: 85, Diff: 85, Sum: 156, Workers: 15
[73,252s][debug][gc,phases         ] GC(68)       Merged ArrayOfCards            Min: 0, Avg: 13,7, Max: 76, Diff: 76, Sum: 206, Workers: 15
[73,252s][debug][gc,phases         ] GC(68)       Merged Howl                    Min: 0, Avg:  0,0, Max: 0, Diff: 0, Sum: 0, Workers: 15
[73,252s][debug][gc,phases         ] GC(68)       Merged Full                    Min: 0, Avg:  0,0, Max: 0, Diff: 0, Sum: 0, Workers: 15
[73,252s][debug][gc,phases         ] GC(68)       Merged Howl Inline             Min: 0, Avg:  0,0, Max: 0, Diff: 0, Sum: 0, Workers: 15
[73,252s][debug][gc,phases         ] GC(68)       Merged Howl ArrayOfCards       Min: 0, Avg:  0,0, Max: 0, Diff: 0, Sum: 0, Workers: 15
[73,252s][debug][gc,phases         ] GC(68)       Merged Howl BitMap             Min: 0, Avg:  0,0, Max: 0, Diff: 0, Sum: 0, Workers: 15
[73,252s][debug][gc,phases         ] GC(68)       Merged Howl Full               Min: 0, Avg:  0,0, Max: 0, Diff: 0, Sum: 0, Workers: 15
[73,252s][debug][gc,phases         ] GC(68)       Merged Cards                   Min: 8, Avg: 182,6, Max: 1056, Diff: 1048, Sum: 2739, Workers: 15
[73,252s][debug][gc,phases         ] GC(68)     Log Buffers (ms):              Min: 0,00, Avg: 0,01, Max: 0,04, Diff: 0,04, Sum: 0,20, Workers: 15
[73,252s][debug][gc,phases         ] GC(68)       Dirty Cards:                   Min: 0, Avg: 276,5, Max: 1497, Diff: 1497, Sum: 4148, Workers: 15
[73,252s][debug][gc,phases         ] GC(68)       Skipped Cards:                 Min: 0, Avg:  0,0, Max: 0, Diff: 0, Sum: 0, Workers: 15
[73,252s][info ][gc,phases         ] GC(68)   Evacuate Collection Set: 64,85ms
[73,252s][debug][gc,phases         ] GC(68)     Ext Root Scanning (ms):        Min: 0,02, Avg: 0,06, Max: 0,15, Diff: 0,13, Sum: 0,84, Workers: 15
[73,252s][debug][gc,phases         ] GC(68)     Scan Heap Roots (ms):          Min: 0,03, Avg: 0,31, Max: 0,46, Diff: 0,43, Sum: 4,67, Workers: 15
[73,252s][debug][gc,phases         ] GC(68)       Scanned Cards:                 Min: 29, Avg: 281,4, Max: 473, Diff: 444, Sum: 4221, Workers: 15
[73,252s][debug][gc,phases         ] GC(68)       Scanned Blocks:                Min: 25, Avg: 241,1, Max: 433, Diff: 408, Sum: 3617, Workers: 15
[73,252s][debug][gc,phases         ] GC(68)       Claimed Chunks:                Min: 16, Avg: 190,9, Max: 300, Diff: 284, Sum: 2864, Workers: 15
[73,252s][debug][gc,phases         ] GC(68)       Found Roots:                   Min: 21, Avg: 258,6, Max: 487, Diff: 466, Sum: 3879, Workers: 15
[73,252s][debug][gc,phases         ] GC(68)     Code Root Scan (ms):           Min: 0,02, Avg: 0,03, Max: 0,04, Diff: 0,02, Sum: 0,42, Workers: 15
[73,252s][debug][gc,phases         ] GC(68)       Scanned Nmethods               Min: 0, Avg:  0,0, Max: 0, Diff: 0, Sum: 0, Workers: 15
[73,252s][debug][gc,phases         ] GC(68)     Object Copy (ms):              Min: 64,02, Avg: 64,17, Max: 64,44, Diff: 0,42, Sum: 962,61, Workers: 15
[73,252s][debug][gc,phases         ] GC(68)     Termination (ms):              Min: 0,04, Avg: 0,06, Max: 0,12, Diff: 0,08, Sum: 0,94, Workers: 15
[73,252s][debug][gc,phases         ] GC(68)       Termination Attempts:          Min: 1, Avg:  1,0, Max: 1, Diff: 0, Sum: 15, Workers: 15
[73,252s][debug][gc,phases         ] GC(68)     GC Worker Other (ms):          Min: 0,03, Avg: 0,04, Max: 0,05, Diff: 0,01, Sum: 0,60, Workers: 15
[73,252s][debug][gc,phases         ] GC(68)     GC Worker Total (ms):          Min: 64,63, Avg: 64,67, Max: 64,77, Diff: 0,13, Sum: 970,08, Workers: 15
[73,252s][info ][gc,phases         ] GC(68)   Post Evacuate Collection Set: 1,58ms
[73,252s][debug][gc,phases         ] GC(68)     NMethod List Cleanup: 0,01ms
[73,252s][debug][gc,phases         ] GC(68)     Reference Processing: 0,82ms
[73,252s][debug][gc,phases,ref     ] GC(68)       Notify Soft/WeakReferences: 0,3ms
[73,252s][debug][gc,phases,ref     ] GC(68)         Balance queues: 0,0ms
[73,252s][debug][gc,phases,ref     ] GC(68)         SoftRef (ms):                  Min: 0,00, Avg: 0,00, Max: 0,00, Diff: 0,00, Sum: 0,00, Workers: 2
[73,252s][debug][gc,phases,ref     ] GC(68)         WeakRef (ms):                  Min: 0,00, Avg: 0,00, Max: 0,00, Diff: 0,00, Sum: 0,00, Workers: 2
[73,252s][debug][gc,phases,ref     ] GC(68)         FinalRef (ms):                 Min: 0,08, Avg: 0,08, Max: 0,08, Diff: 0,00, Sum: 0,16, Workers: 2
[73,252s][debug][gc,phases,ref     ] GC(68)         Total (ms):                    Min: 0,09, Avg: 0,09, Max: 0,09, Diff: 0,00, Sum: 0,18, Workers: 2
[73,252s][debug][gc,phases,ref     ] GC(68)       Notify and keep alive finalizable: 0,5ms
[73,252s][debug][gc,phases,ref     ] GC(68)         Balance queues: 0,0ms
[73,252s][debug][gc,phases,ref     ] GC(68)         FinalRef (ms):                 Min: 0,09, Avg: 0,16, Max: 0,24, Diff: 0,15, Sum: 2,43, Workers: 15
[73,252s][debug][gc,phases,ref     ] GC(68)       Notify PhantomReferences: 0,1ms
[73,252s][debug][gc,phases,ref     ] GC(68)         PhantomRef (ms):               Min: 0,01, Avg: 0,01, Max: 0,01, Diff: 0,00, Sum: 0,01, Workers: 1
[73,252s][debug][gc,phases,ref     ] GC(68)       SoftReference Discovered: 0, Dropped: 0, Processed: 0
[73,252s][debug][gc,phases,ref     ] GC(68)       WeakReference Discovered: 0, Dropped: 0, Processed: 0
[73,252s][debug][gc,phases,ref     ] GC(68)       FinalReference Discovered: 1681, Dropped: 0, Processed: 1681
[73,252s][debug][gc,phases,ref     ] GC(68)       PhantomReference Discovered: 42, Dropped: 3, Processed: 39
[73,253s][debug][gc,phases         ] GC(68)     Weak Processing: 0,18ms
[73,253s][debug][gc,phases         ] GC(68)       VM Weak                        Min: 0,00, Avg: 0,00, Max: 0,00, Diff: 0,00, Sum: 0,01, Workers: 15
[73,253s][debug][gc,phases         ] GC(68)         Dead                           Min: 0, Avg:  0,0, Max: 0, Diff: 0, Sum: 0, Workers: 15
[73,253s][debug][gc,phases         ] GC(68)         Total                          Min: 0, Avg: 11,3, Max: 170, Diff: 170, Sum: 170, Workers: 15
[73,253s][debug][gc,phases         ] GC(68)       ObjectSynchronizer Weak        Min: 0,00, Avg: 0,00, Max: 0,00, Diff: 0,00, Sum: 0,00, Workers: 15
[73,253s][debug][gc,phases         ] GC(68)         Dead                           Min: 0, Avg:  0,0, Max: 0, Diff: 0, Sum: 0, Workers: 15
[73,253s][debug][gc,phases         ] GC(68)         Total                          Min: 0, Avg:  0,3, Max: 4, Diff: 4, Sum: 4, Workers: 15
[73,253s][debug][gc,phases         ] GC(68)       JVMTI Tag Weak OopStorage      Min: 0,00, Avg: 0,00, Max: 0,00, Diff: 0,00, Sum: 0,00, Workers: 15
[73,253s][debug][gc,phases         ] GC(68)         Dead                           Min: 0, Avg:  0,0, Max: 0, Diff: 0, Sum: 0, Workers: 15
[73,253s][debug][gc,phases         ] GC(68)         Total                          Min: 0, Avg:  0,0, Max: 0, Diff: 0, Sum: 0, Workers: 15
[73,253s][debug][gc,phases         ] GC(68)       StringTable Weak               Min: 0,00, Avg: 0,01, Max: 0,05, Diff: 0,05, Sum: 0,11, Workers: 15
[73,253s][debug][gc,phases         ] GC(68)         Dead                           Min: 0, Avg:  0,0, Max: 0, Diff: 0, Sum: 0, Workers: 15
[73,253s][debug][gc,phases         ] GC(68)         Total                          Min: 0, Avg: 567,6, Max: 4290, Diff: 4290, Sum: 8514, Workers: 15
[73,253s][debug][gc,phases         ] GC(68)       ResolvedMethodTable Weak       Min: 0,00, Avg: 0,00, Max: 0,01, Diff: 0,01, Sum: 0,03, Workers: 15
[73,253s][debug][gc,phases         ] GC(68)         Dead                           Min: 0, Avg:  0,0, Max: 0, Diff: 0, Sum: 0, Workers: 15
[73,253s][debug][gc,phases         ] GC(68)         Total                          Min: 0, Avg: 113,7, Max: 820, Diff: 820, Sum: 1706, Workers: 15
[73,253s][debug][gc,phases         ] GC(68)       JNI Weak                       Min: 0,00, Avg: 0,00, Max: 0,00, Diff: 0,00, Sum: 0,00, Workers: 15
[73,253s][debug][gc,phases         ] GC(68)         Dead                           Min: 0, Avg:  0,0, Max: 0, Diff: 0, Sum: 0, Workers: 15
[73,253s][debug][gc,phases         ] GC(68)         Total                          Min: 0, Avg:  0,0, Max: 0, Diff: 0, Sum: 0, Workers: 15
[73,253s][debug][gc,phases         ] GC(68)       StringDedup Table Weak         Min: 0,00, Avg: 0,01, Max: 0,03, Diff: 0,03, Sum: 0,17, Workers: 15
[73,253s][debug][gc,phases         ] GC(68)         Dead                           Min: 0, Avg:  0,0, Max: 0, Diff: 0, Sum: 0, Workers: 15
[73,253s][debug][gc,phases         ] GC(68)         Total                          Min: 0, Avg: 877,7, Max: 2496, Diff: 2496, Sum: 13165, Workers: 15
[73,253s][debug][gc,phases         ] GC(68)       StringDedup Requests0 Weak     Min: 0,00, Avg: 0,00, Max: 0,00, Diff: 0,00, Sum: 0,01, Workers: 15
[73,253s][debug][gc,phases         ] GC(68)         Dead                           Min: 0, Avg:  0,0, Max: 0, Diff: 0, Sum: 0, Workers: 15
[73,253s][debug][gc,phases         ] GC(68)         Total                          Min: 0, Avg: 17,1, Max: 64, Diff: 64, Sum: 256, Workers: 15
[73,253s][debug][gc,phases         ] GC(68)       StringDedup Requests1 Weak     Min: 0,00, Avg: 0,00, Max: 0,00, Diff: 0,00, Sum: 0,01, Workers: 15
[73,253s][debug][gc,phases         ] GC(68)         Dead                           Min: 0, Avg:  0,0, Max: 0, Diff: 0, Sum: 0, Workers: 15
[73,253s][debug][gc,phases         ] GC(68)         Total                          Min: 0, Avg:  0,0, Max: 0, Diff: 0, Sum: 0, Workers: 15
[73,253s][debug][gc,phases         ] GC(68)       Weak JFR Old Object Samples    Min: 0,00, Avg: 0,00, Max: 0,00, Diff: 0,00, Sum: 0,01, Workers: 15
[73,253s][debug][gc,phases         ] GC(68)         Dead                           Min: 0, Avg:  0,0, Max: 0, Diff: 0, Sum: 0, Workers: 15
[73,253s][debug][gc,phases         ] GC(68)         Total                          Min: 0, Avg:  0,0, Max: 0, Diff: 0, Sum: 0, Workers: 15
[73,253s][debug][gc,phases         ] GC(68)     Post Evacuate Cleanup 1: 0,22ms
[73,253s][debug][gc,phases         ] GC(68)       Merge Per-Thread State (ms):   Min: 0,06, Avg: 0,06, Max: 0,06, Diff: 0,00, Sum: 0,06, Workers: 1
[73,253s][debug][gc,phases         ] GC(68)         Copied Bytes                   Min: 37737336, Avg: 48000790,4, Max: 57157168, Diff: 19419832, Sum: 720011856, Workers: 15
[73,253s][debug][gc,phases         ] GC(68)         LAB Waste                      Min: 1208, Avg: 4535,5, Max: 8608, Diff: 7400, Sum: 68032, Workers: 15
[73,253s][debug][gc,phases         ] GC(68)         LAB Undo Waste                 Min: 0, Avg:  0,0, Max: 0, Diff: 0, Sum: 0, Workers: 15
[73,253s][debug][gc,phases         ] GC(68)         Evac Fail Extra Cards          Min: 0, Avg:  0,0, Max: 0, Diff: 0, Sum: 0, Workers: 15
[73,253s][debug][gc,phases         ] GC(68)       Clear Logged Cards (ms):       Min: 0,00, Avg: 0,06, Max: 0,14, Diff: 0,14, Sum: 0,44, Workers: 7
[73,253s][debug][gc,phases         ] GC(68)       Recalculate Used Memory (ms):  Min: 0,00, Avg: 0,00, Max: 0,00, Diff: 0,00, Sum: 0,00, Workers: 1
[73,253s][debug][gc,phases         ] GC(68)     Post Evacuate Cleanup 2: 0,22ms
[73,253s][debug][gc,phases         ] GC(68)       Update Derived Pointers (ms):  Min: 0,00, Avg: 0,00, Max: 0,00, Diff: 0,00, Sum: 0,00, Workers: 1
[73,253s][debug][gc,phases         ] GC(68)       Eagerly Reclaim Humongous Objects (ms): skipped
[73,253s][debug][gc,phases         ] GC(68)         Humongous Total                skipped
[73,253s][debug][gc,phases         ] GC(68)         Humongous Candidates           skipped
[73,253s][debug][gc,phases         ] GC(68)         Humongous Reclaimed            skipped
[73,253s][debug][gc,phases         ] GC(68)       Sample CSet Candidates (ms):   Min: 0,02, Avg: 0,02, Max: 0,02, Diff: 0,00, Sum: 0,02, Workers: 1
[73,253s][debug][gc,phases         ] GC(68)       Redirty Logged Cards (ms):     Min: 0,00, Avg: 0,00, Max: 0,01, Diff: 0,01, Sum: 0,06, Workers: 15
[73,253s][debug][gc,phases         ] GC(68)         Redirtied Cards:               Min: 0, Avg: 108,9, Max: 483, Diff: 483, Sum: 1633, Workers: 15
[73,253s][debug][gc,phases         ] GC(68)       Resize TLABs (ms):             Min: 0,00, Avg: 0,00, Max: 0,00, Diff: 0,00, Sum: 0,01, Workers: 15
[73,253s][debug][gc,phases         ] GC(68)       Free Collection Set (ms):      Min: 0,01, Avg: 0,07, Max: 0,13, Diff: 0,11, Sum: 1,10, Workers: 15
[73,253s][debug][gc,phases         ] GC(68)     Rebuild Free List: 0,06ms
[73,253s][debug][gc,phases         ] GC(68)     Prepare For Mutator: 0,08ms
[73,253s][debug][gc,phases         ] GC(68)     Expand Heap After Collection: 0,00ms
[73,253s][info ][gc,phases         ] GC(68)   Other: 0,27ms
[73,253s][debug][gc,remset         ] GC(68) Coarsening (recent): Inline->AoC 1015 (0) AoC->Howl 524 (0) Howl->Full 140 (0) Inline->AoC 2845 (0) AoC->BitMap 2715 (0) BitMap->Full 570 (0) 
[73,253s][debug][gc,remset         ] GC(68) Coarsening (all): Inline->AoC 10989 (0) AoC->Howl 5297 (0) Howl->Full 1479 (0) Inline->AoC 31200 (0) AoC->BitMap 29790 (0) BitMap->Full 6045 (0) 
[73,253s][info ][gc,heap           ] GC(68) Eden regions: 359->0(458)
[73,253s][info ][gc,heap           ] GC(68) Survivor regions: 63->53(53)
[73,253s][info ][gc,heap           ] GC(68) Old regions: 336->456
[73,253s][info ][gc,heap           ] GC(68) Humongous regions: 0->0
[73,253s][info ][gc,metaspace      ] GC(68) Metaspace: 20783K(21184K)->20783K(21184K) NonClass: 18165K(18368K)->18165K(18368K) Class: 2617K(2816K)->2617K(2816K)
[73,253s][debug][gc,heap           ] GC(68) Heap after GC invocations=69 (full 0):
[73,253s][debug][gc,heap           ] GC(68)  garbage-first heap   total reserved 8388608K, committed 5242880K, used 2079777K [0x0000000600000000, 0x0000000800000000)
[73,253s][debug][gc,heap           ] GC(68)   region size 4096K, 53 young (217088K), 53 survivors (217088K)
[73,253s][debug][gc,heap           ] GC(68)  Metaspace       used 20783K, committed 21184K, reserved 1114112K
[73,253s][debug][gc,heap           ] GC(68)   class space    used 2617K, committed 2816K, reserved 1048576K
[73,253s][info ][gc                ] GC(68) Pause Young (Prepare Mixed) (G1 Evacuation Pause) 3027M->2031M(5120M) 68,824ms
[73,253s][info ][gc,cpu            ] GC(68) User=0,98s Sys=0,00s Real=0,07s
[73,254s][debug][gc,refine         ] Concurrent refinement: wanted 0, cards: 1633, predicted: 4300, time: 1392,67ms
[73,254s][debug][gc,task           ] G1 Service Thread (Card Set Free Memory Task) (run: 1,823ms) (cpu: 0,251ms)
[73,403s][debug][gc,refine         ] Concurrent refinement: wanted 0, cards: 2913, predicted: 5195, time: 1191,43ms
[73,430s][debug][gc,task,start     ] G1 Service Thread (Periodic GC Task) (run 0,179ms after schedule)
[73,430s][debug][gc,task           ] G1 Service Thread (Periodic GC Task) (run: 0,050ms) (cpu: 0,078ms)
[73,541s][debug][gc,refine         ] Concurrent refinement: wanted 0, cards: 3681, predicted: 5889, time: 1153,00ms
[73,676s][debug][gc,refine         ] Concurrent refinement: wanted 0, cards: 3681, predicted: 5771, time: 1091,51ms
[73,808s][debug][gc,refine         ] Concurrent refinement: wanted 0, cards: 3681, predicted: 5659, time: 1033,09ms
[73,937s][debug][gc,refine         ] Concurrent refinement: wanted 0, cards: 3681, predicted: 5548, time: 974,67ms
[74,061s][debug][gc,refine         ] Concurrent refinement: wanted 0, cards: 3681, predicted: 5441, time: 919,33ms
[74,182s][debug][gc,refine         ] Concurrent refinement: wanted 0, cards: 3681, predicted: 5335, time: 863,98ms
[74,299s][debug][gc,refine         ] Concurrent refinement: wanted 0, cards: 3681, predicted: 5235, time: 811,71ms
[74,412s][debug][gc,refine         ] Concurrent refinement: wanted 0, cards: 3681, predicted: 5141, time: 762,52ms
[74,430s][debug][gc,task,start     ] G1 Service Thread (Periodic GC Task) (run 0,171ms after schedule)
[74,430s][debug][gc,task           ] G1 Service Thread (Periodic GC Task) (run: 0,043ms) (cpu: 0,071ms)
[74,523s][debug][gc,refine         ] Concurrent refinement: wanted 0, cards: 3681, predicted: 4497, time: 426,44ms
[74,558s][info ][gc,start          ] GC(69) Pause Young (Mixed) (G1 Evacuation Pause)
[74,558s][debug][gc,heap           ] GC(69) Heap before GC invocations=69 (full 0):
[74,558s][debug][gc,heap           ] GC(69)  garbage-first heap   total reserved 8388608K, committed 5242880K, used 3951649K [0x0000000600000000, 0x0000000800000000)
[74,558s][debug][gc,heap           ] GC(69)   region size 4096K, 511 young (2093056K), 53 survivors (217088K)
[74,558s][debug][gc,heap           ] GC(69)  Metaspace       used 20783K, committed 21184K, reserved 1114112K
[74,558s][debug][gc,heap           ] GC(69)   class space    used 2617K, committed 2816K, reserved 1048576K
[74,558s][info ][gc,task           ] GC(69) Using 15 workers of 15 for evacuation
[74,558s][debug][gc,age            ] GC(69) Desired survivor size 134217728 bytes, new threshold 1 (max threshold 15)
[74,558s][debug][gc,tlab           ] GC(69) TLAB totals: thrds: 23  refills: 1784 max: 365 slow allocs: 1521 max 131 waste:  0,6% gc: 7735432B max: 1116648B slow: 4127720B max: 530816B
[74,558s][debug][gc,refine,stats   ] GC(69) Mutator refinement: 0,00ms, refined: 0, precleaned: 0, dirtied: 2596
[74,558s][debug][gc,refine,stats   ] GC(69) Concurrent refinement: 0,00ms, refined: 0, precleaned: 0, dirtied: 0
[74,558s][debug][gc,refine,stats   ] GC(69) Total refinement: 0,00ms, refined: 0, precleaned: 0, dirtied: 2596
[74,558s][debug][gc,refine,stats   ] GC(69) Generate dirty cards rate: 1,99 cards/ms
[74,558s][debug][gc,alloc,region   ] GC(69) Mutator Allocation stats, regions: 458, wasted size: 239K ( 0,0%)
[74,558s][debug][gc,ergo,cset      ] GC(69) Start adding marking candidates to collection set. Min 13 regions, max 128 regions, available 104 regionstime remaining 118,76ms, optional threshold 23,75ms
[74,558s][debug][gc,ergo,cset      ] GC(69) Marking candidates exhausted.
[74,558s][debug][gc,ergo,cset      ] GC(69) Finish adding marking candidates to collection set. Initial: 104, optional: 0, pinned: 0, predicted initial time: 2,85ms, predicted optional time: 0,00ms, time remaining: 115,91ms
[74,558s][debug][gc,ergo,cset      ] GC(69) Start adding retained candidates to collection set. Min 1 regions, available 0, time remaining 40,00ms, optional remaining 40,00ms
[74,558s][debug][gc,ergo,cset      ] GC(69) Retained candidates exhausted.
[74,558s][debug][gc,ergo,cset      ] GC(69) Finish adding retained candidates to collection set. Initial: 0, optional: 0, pinned: 0, predicted initial time: 0,00ms, predicted optional time: 0,00ms, time remaining: 40,00ms optional time remaining 40,00ms
[74,559s][debug][gc,ergo           ] GC(69) Running G1 Merge Heap Roots using 15 workers for 615 regions
[74,559s][debug][gc,remset         ] GC(69) Visited cards 196928 Total dirty 1581056 (12,46%) Total old 12959744 (1,52%)
[74,620s][debug][gc,ref            ] GC(69) ReferenceProcessor::execute queues: 3, RefProcThreadModel::Multi, marks_oops_alive: false
[74,621s][debug][gc,ref            ] GC(69) ReferenceProcessor::execute queues: 15, RefProcThreadModel::Multi, marks_oops_alive: true
[74,621s][debug][gc,ref            ] GC(69) ReferenceProcessor::execute queues: 1, RefProcThreadModel::Single, marks_oops_alive: false
[74,621s][debug][gc,ergo           ] GC(69) Initializing removing self forwards with 128 chunks per region
[74,622s][debug][gc,ergo           ] GC(69) Running G1 Rebuild Free List Task using 15 workers for rebuilding free list of regions
[74,622s][debug][gc,plab           ] GC(69) Young PLAB allocation: allocated: 268435456B, wasted: 32736B, unused: 1727096B, used: 266675624B, undo waste: 0B, 
[74,622s][debug][gc,plab           ] GC(69) Young other allocation: region end waste: 0B, regions filled: 64, num plab filled: 142, direct allocated: 0B, num direct allocated: 0, failure used: 0B, failure wasted: 0B
[74,622s][debug][gc,plab           ] GC(69) Young sizing: calculated: 53335120B, actual: 51487280B
[74,622s][debug][gc,plab           ] GC(69) Old PLAB allocation: allocated: 434110464B, wasted: 51840B, unused: 22909560B, used: 411149064B, undo waste: 0B, 
[74,622s][debug][gc,plab           ] GC(69) Old other allocation: region end waste: 0B, regions filled: 104, num plab filled: 207, direct allocated: 0B, num direct allocated: 0, failure used: 607440B, failure wasted: 7781168B
[74,622s][debug][gc,plab           ] GC(69) Old sizing: calculated: 82229808B, actual: 85993512B
[74,622s][debug][gc,task,start     ] G1 Service Thread (Card Set Free Memory Task) (run 0,008ms after schedule)
[74,622s][debug][gc,ergo,heap      ] GC(69) Heap expansion: short term pause time ratio 7,01% long term pause time ratio 4,96% threshold 7,69% pause time ratio 7,69% fully expanded false resize by 0B
[74,622s][debug][gc,ergo,ihop      ] GC(69) Do not request concurrent cycle initiation (still doing mixed collections) occupancy: 1916796928B allocation request: 0B threshold: 1292627098B (24,08) source: end of GC
[74,622s][debug][gc,mmu            ] GC(69) MMU: 63,8ms (200,0ms/201,0ms)
[74,622s][debug][gc,ergo           ] GC(69) do not continue mixed GCs (candidate old regions not available)
[74,622s][debug][gc,ergo,ihop      ] GC(69) Request concurrent cycle initiation (occupancy higher than threshold) occupancy: 1916796928B allocation request: 0B threshold: 1292627098B (24,08) source: end of GC
[74,622s][debug][gc,alloc,stats    ] Old generation allocation in the last mutator period, old gen allocated: 442499072B, humongous allocated: 0B, old gen growth: 442499072B.
[74,622s][debug][gc,ihop           ] GC(69) Basic information (value update), threshold: 1291823232B (24,06), target occupancy: 5368709120B, current occupancy: 2182121008B, recent allocation size: 442499072B, recent allocation duration: 1278,31ms, recent old gen allocation rate: 346158490,04B/s, recent marking phase length: 2584,59ms
[74,622s][debug][gc,ihop           ] GC(69) Adaptive IHOP information (value update), threshold: 1291823232B (25,33), internal target occupancy: 5100273664B, occupancy: 2182121008B, additional buffer size: 2143289344B, predicted old gen allocation rate: 609995745,06B/s, predicted marking phase length: 2729,79ms, prediction active: true
[74,622s][debug][gc,ergo,refine    ] GC(69) GC refinement: goal: 258353 + 654 / 20,00ms, actual: 4228 / 0,33ms, 
[74,622s][debug][gc,ergo,refine    ] GC(69) New pending cards target: 255546
[74,622s][info ][gc,phases         ] GC(69)   Pre Evacuate Collection Set: 0,43ms
[74,622s][debug][gc,phases         ] GC(69)     Pre Evacuate Prepare: 0,15ms
[74,622s][debug][gc,phases         ] GC(69)       JT Retire TLABs And Flush Logs (ms): Min: 0,00, Avg: 0,01, Max: 0,02, Diff: 0,02, Sum: 0,02, Workers: 2
[74,622s][debug][gc,phases         ] GC(69)       Non-JT Flush Logs (ms):        Min: 0,01, Avg: 0,01, Max: 0,01, Diff: 0,00, Sum: 0,01, Workers: 1
[74,622s][debug][gc,phases         ] GC(69)     Choose Collection Set: 0,11ms
[74,622s][debug][gc,phases         ] GC(69)     Region Register: 0,18ms
[74,622s][debug][gc,phases         ] GC(69)     Prepare Heap Roots: 0,00ms
[74,622s][info ][gc,phases         ] GC(69)   Merge Heap Roots: 0,45ms
[74,622s][debug][gc,phases         ] GC(69)     Prepare Merge Heap Roots: 0,02ms
[74,622s][debug][gc,phases         ] GC(69)     Remembered Sets (ms):          Min: 0,11, Avg: 0,13, Max: 0,17, Diff: 0,06, Sum: 2,01, Workers: 15
[74,622s][debug][gc,phases         ] GC(69)       Eager Reclaim (ms):            skipped
[74,622s][debug][gc,phases         ] GC(69)       Merged Inline                  Min: 0, Avg: 10,2, Max: 64, Diff: 64, Sum: 153, Workers: 15
[74,622s][debug][gc,phases         ] GC(69)       Merged ArrayOfCards            Min: 0, Avg:  1,2, Max: 9, Diff: 9, Sum: 18, Workers: 15
[74,622s][debug][gc,phases         ] GC(69)       Merged Howl                    Min: 0, Avg:  0,0, Max: 0, Diff: 0, Sum: 0, Workers: 15
[74,622s][debug][gc,phases         ] GC(69)       Merged Full                    Min: 0, Avg:  0,0, Max: 0, Diff: 0, Sum: 0, Workers: 15
[74,622s][debug][gc,phases         ] GC(69)       Merged Howl Inline             Min: 0, Avg:  0,0, Max: 0, Diff: 0, Sum: 0, Workers: 15
[74,622s][debug][gc,phases         ] GC(69)       Merged Howl ArrayOfCards       Min: 0, Avg:  0,0, Max: 0, Diff: 0, Sum: 0, Workers: 15
[74,622s][debug][gc,phases         ] GC(69)       Merged Howl BitMap             Min: 0, Avg:  0,0, Max: 0, Diff: 0, Sum: 0, Workers: 15
[74,622s][debug][gc,phases         ] GC(69)       Merged Howl Full               Min: 0, Avg:  0,0, Max: 0, Diff: 0, Sum: 0, Workers: 15
[74,622s][debug][gc,phases         ] GC(69)       Merged Cards                   Min: 8, Avg: 31,8, Max: 152, Diff: 144, Sum: 477, Workers: 15
[74,622s][debug][gc,phases         ] GC(69)     Log Buffers (ms):              Min: 0,00, Avg: 0,02, Max: 0,05, Diff: 0,05, Sum: 0,31, Workers: 15
[74,622s][debug][gc,phases         ] GC(69)       Dirty Cards:                   Min: 0, Avg: 281,9, Max: 897, Diff: 897, Sum: 4228, Workers: 15
[74,622s][debug][gc,phases         ] GC(69)       Skipped Cards:                 Min: 0, Avg:  0,1, Max: 1, Diff: 1, Sum: 1, Workers: 15
[74,622s][info ][gc,phases         ] GC(69)   Evacuate Collection Set: 61,10ms
[74,622s][debug][gc,phases         ] GC(69)     Ext Root Scanning (ms):        Min: 0,00, Avg: 0,04, Max: 0,17, Diff: 0,17, Sum: 0,67, Workers: 15
[74,622s][debug][gc,phases         ] GC(69)     Scan Heap Roots (ms):          Min: 0,01, Avg: 0,33, Max: 0,70, Diff: 0,69, Sum: 4,94, Workers: 15
[74,622s][debug][gc,phases         ] GC(69)       Scanned Cards:                 Min: 3, Avg: 296,6, Max: 654, Diff: 651, Sum: 4449, Workers: 15
[74,622s][debug][gc,phases         ] GC(69)       Scanned Blocks:                Min: 2, Avg: 253,7, Max: 549, Diff: 547, Sum: 3805, Workers: 15
[74,622s][debug][gc,phases         ] GC(69)       Claimed Chunks:                Min: 1, Avg: 205,1, Max: 415, Diff: 414, Sum: 3077, Workers: 15
[74,622s][debug][gc,phases         ] GC(69)       Found Roots:                   Min: 13, Avg: 408,9, Max: 989, Diff: 976, Sum: 6133, Workers: 15
[74,622s][debug][gc,phases         ] GC(69)     Code Root Scan (ms):           Min: 0,03, Avg: 0,04, Max: 0,07, Diff: 0,03, Sum: 0,57, Workers: 15
[74,622s][debug][gc,phases         ] GC(69)       Scanned Nmethods               Min: 0, Avg:  0,3, Max: 5, Diff: 5, Sum: 5, Workers: 15
[74,622s][debug][gc,phases         ] GC(69)     Object Copy (ms):              Min: 59,85, Avg: 60,24, Max: 60,53, Diff: 0,68, Sum: 903,55, Workers: 15
[74,622s][debug][gc,phases         ] GC(69)     Termination (ms):              Min: 0,12, Avg: 0,19, Max: 0,29, Diff: 0,17, Sum: 2,82, Workers: 15
[74,622s][debug][gc,phases         ] GC(69)       Termination Attempts:          Min: 1, Avg:  1,0, Max: 1, Diff: 0, Sum: 15, Workers: 15
[74,622s][debug][gc,phases         ] GC(69)     GC Worker Other (ms):          Min: 0,04, Avg: 0,05, Max: 0,06, Diff: 0,02, Sum: 0,78, Workers: 15
[74,622s][debug][gc,phases         ] GC(69)     GC Worker Total (ms):          Min: 60,79, Avg: 60,89, Max: 61,00, Diff: 0,21, Sum: 913,33, Workers: 15
[74,622s][info ][gc,phases         ] GC(69)   Post Evacuate Collection Set: 1,53ms
[74,622s][debug][gc,phases         ] GC(69)     NMethod List Cleanup: 0,01ms
[74,622s][debug][gc,phases         ] GC(69)     Reference Processing: 0,90ms
[74,622s][debug][gc,phases,ref     ] GC(69)       Notify Soft/WeakReferences: 0,4ms
[74,622s][debug][gc,phases,ref     ] GC(69)         Balance queues: 0,0ms
[74,622s][debug][gc,phases,ref     ] GC(69)         SoftRef (ms):                  Min: 0,00, Avg: 0,00, Max: 0,00, Diff: 0,00, Sum: 0,00, Workers: 3
[74,622s][debug][gc,phases,ref     ] GC(69)         WeakRef (ms):                  Min: 0,00, Avg: 0,00, Max: 0,00, Diff: 0,00, Sum: 0,00, Workers: 3
[74,622s][debug][gc,phases,ref     ] GC(69)         FinalRef (ms):                 Min: 0,07, Avg: 0,12, Max: 0,14, Diff: 0,07, Sum: 0,35, Workers: 3
[74,622s][debug][gc,phases,ref     ] GC(69)         Total (ms):                    Min: 0,15, Avg: 0,15, Max: 0,16, Diff: 0,01, Sum: 0,46, Workers: 3
[74,622s][debug][gc,phases,ref     ] GC(69)       Notify and keep alive finalizable: 0,4ms
[74,622s][debug][gc,phases,ref     ] GC(69)         Balance queues: 0,0ms
[74,622s][debug][gc,phases,ref     ] GC(69)         FinalRef (ms):                 Min: 0,09, Avg: 0,18, Max: 0,25, Diff: 0,16, Sum: 2,63, Workers: 15
[74,622s][debug][gc,phases,ref     ] GC(69)       Notify PhantomReferences: 0,1ms
[74,622s][debug][gc,phases,ref     ] GC(69)         PhantomRef (ms):               Min: 0,01, Avg: 0,01, Max: 0,01, Diff: 0,00, Sum: 0,01, Workers: 1
[74,623s][debug][gc,phases,ref     ] GC(69)       SoftReference Discovered: 0, Dropped: 0, Processed: 0
[74,623s][debug][gc,phases,ref     ] GC(69)       WeakReference Discovered: 0, Dropped: 0, Processed: 0
[74,623s][debug][gc,phases,ref     ] GC(69)       FinalReference Discovered: 2518, Dropped: 2, Processed: 2516
[74,623s][debug][gc,phases,ref     ] GC(69)       PhantomReference Discovered: 41, Dropped: 2, Processed: 39
[74,623s][debug][gc,phases         ] GC(69)     Weak Processing: 0,12ms
[74,623s][debug][gc,phases         ] GC(69)       VM Weak                        Min: 0,00, Avg: 0,00, Max: 0,00, Diff: 0,00, Sum: 0,01, Workers: 15
[74,623s][debug][gc,phases         ] GC(69)         Dead                           Min: 0, Avg:  0,0, Max: 0, Diff: 0, Sum: 0, Workers: 15
[74,623s][debug][gc,phases         ] GC(69)         Total                          Min: 0, Avg: 11,3, Max: 170, Diff: 170, Sum: 170, Workers: 15
[74,623s][debug][gc,phases         ] GC(69)       ObjectSynchronizer Weak        Min: 0,00, Avg: 0,00, Max: 0,00, Diff: 0,00, Sum: 0,00, Workers: 15
[74,623s][debug][gc,phases         ] GC(69)         Dead                           Min: 0, Avg:  0,0, Max: 0, Diff: 0, Sum: 0, Workers: 15
[74,623s][debug][gc,phases         ] GC(69)         Total                          Min: 0, Avg:  0,3, Max: 4, Diff: 4, Sum: 4, Workers: 15
[74,623s][debug][gc,phases         ] GC(69)       JVMTI Tag Weak OopStorage      Min: 0,00, Avg: 0,00, Max: 0,00, Diff: 0,00, Sum: 0,00, Workers: 15
[74,623s][debug][gc,phases         ] GC(69)         Dead                           Min: 0, Avg:  0,0, Max: 0, Diff: 0, Sum: 0, Workers: 15
[74,623s][debug][gc,phases         ] GC(69)         Total                          Min: 0, Avg:  0,0, Max: 0, Diff: 0, Sum: 0, Workers: 15
[74,623s][debug][gc,phases         ] GC(69)       StringTable Weak               Min: 0,00, Avg: 0,01, Max: 0,04, Diff: 0,04, Sum: 0,09, Workers: 15
[74,623s][debug][gc,phases         ] GC(69)         Dead                           Min: 0, Avg:  0,0, Max: 0, Diff: 0, Sum: 0, Workers: 15
[74,623s][debug][gc,phases         ] GC(69)         Total                          Min: 0, Avg: 567,6, Max: 4034, Diff: 4034, Sum: 8514, Workers: 15
[74,623s][debug][gc,phases         ] GC(69)       ResolvedMethodTable Weak       Min: 0,00, Avg: 0,00, Max: 0,01, Diff: 0,01, Sum: 0,03, Workers: 15
[74,623s][debug][gc,phases         ] GC(69)         Dead                           Min: 0, Avg:  0,0, Max: 0, Diff: 0, Sum: 0, Workers: 15
[74,623s][debug][gc,phases         ] GC(69)         Total                          Min: 0, Avg: 113,7, Max: 685, Diff: 685, Sum: 1706, Workers: 15
[74,623s][debug][gc,phases         ] GC(69)       JNI Weak                       Min: 0,00, Avg: 0,00, Max: 0,00, Diff: 0,00, Sum: 0,00, Workers: 15
[74,623s][debug][gc,phases         ] GC(69)         Dead                           Min: 0, Avg:  0,0, Max: 0, Diff: 0, Sum: 0, Workers: 15
[74,623s][debug][gc,phases         ] GC(69)         Total                          Min: 0, Avg:  0,0, Max: 0, Diff: 0, Sum: 0, Workers: 15
[74,623s][debug][gc,phases         ] GC(69)       StringDedup Table Weak         Min: 0,00, Avg: 0,01, Max: 0,03, Diff: 0,03, Sum: 0,12, Workers: 15
[74,623s][debug][gc,phases         ] GC(69)         Dead                           Min: 0, Avg:  0,0, Max: 0, Diff: 0, Sum: 0, Workers: 15
[74,623s][debug][gc,phases         ] GC(69)         Total                          Min: 0, Avg: 877,7, Max: 4992, Diff: 4992, Sum: 13166, Workers: 15
[74,623s][debug][gc,phases         ] GC(69)       StringDedup Requests0 Weak     Min: 0,00, Avg: 0,00, Max: 0,00, Diff: 0,00, Sum: 0,01, Workers: 15
[74,623s][debug][gc,phases         ] GC(69)         Dead                           Min: 0, Avg:  0,0, Max: 0, Diff: 0, Sum: 0, Workers: 15
[74,623s][debug][gc,phases         ] GC(69)         Total                          Min: 0, Avg:  0,0, Max: 0, Diff: 0, Sum: 0, Workers: 15
[74,623s][debug][gc,phases         ] GC(69)       StringDedup Requests1 Weak     Min: 0,00, Avg: 0,00, Max: 0,00, Diff: 0,00, Sum: 0,01, Workers: 15
[74,623s][debug][gc,phases         ] GC(69)         Dead                           Min: 0, Avg:  0,0, Max: 0, Diff: 0, Sum: 0, Workers: 15
[74,623s][debug][gc,phases         ] GC(69)         Total                          Min: 0, Avg: 17,1, Max: 64, Diff: 64, Sum: 256, Workers: 15
[74,623s][debug][gc,phases         ] GC(69)       Weak JFR Old Object Samples    Min: 0,00, Avg: 0,00, Max: 0,00, Diff: 0,00, Sum: 0,01, Workers: 15
[74,623s][debug][gc,phases         ] GC(69)         Dead                           Min: 0, Avg:  0,0, Max: 0, Diff: 0, Sum: 0, Workers: 15
[74,623s][debug][gc,phases         ] GC(69)         Total                          Min: 0, Avg:  0,0, Max: 0, Diff: 0, Sum: 0, Workers: 15
[74,623s][debug][gc,phases         ] GC(69)     Post Evacuate Cleanup 1: 0,20ms
[74,623s][debug][gc,phases         ] GC(69)       Merge Per-Thread State (ms):   Min: 0,05, Avg: 0,05, Max: 0,05, Diff: 0,00, Sum: 0,05, Workers: 1
[74,623s][debug][gc,phases         ] GC(69)         Copied Bytes                   Min: 35303928, Avg: 45188312,5, Max: 53041112, Diff: 17737184, Sum: 677824688, Workers: 15
[74,623s][debug][gc,phases         ] GC(69)         LAB Waste                      Min: 640, Avg: 5638,4, Max: 9640, Diff: 9000, Sum: 84576, Workers: 15
[74,623s][debug][gc,phases         ] GC(69)         LAB Undo Waste                 Min: 0, Avg:  0,0, Max: 0, Diff: 0, Sum: 0, Workers: 15
[74,623s][debug][gc,phases         ] GC(69)         Evac Fail Extra Cards          Min: 0, Avg:  0,1, Max: 1, Diff: 1, Sum: 2, Workers: 15
[74,623s][debug][gc,phases         ] GC(69)       Clear Logged Cards (ms):       Min: 0,00, Avg: 0,04, Max: 0,15, Diff: 0,15, Sum: 0,56, Workers: 15
[74,623s][debug][gc,phases         ] GC(69)       Recalculate Used Memory (ms):  Min: 0,02, Avg: 0,02, Max: 0,02, Diff: 0,00, Sum: 0,02, Workers: 1
[74,623s][debug][gc,phases         ] GC(69)       Restore Evacuation Failed Regions (ms): Min: 0,00, Avg: 0,04, Max: 0,08, Diff: 0,08, Sum: 0,61, Workers: 15
[74,623s][debug][gc,phases         ] GC(69)         Evacuation Failed Regions:     Min: 2, Avg:  2,0, Max: 2, Diff: 0, Sum: 2, Workers: 1
[74,623s][debug][gc,phases         ] GC(69)         Pinned Regions:                Min: 1, Avg:  1,0, Max: 1, Diff: 0, Sum: 2, Workers: 2
[74,623s][debug][gc,phases         ] GC(69)         Allocation Failed Regions:     skipped
[74,623s][debug][gc,phases         ] GC(69)         Remove Self Forwards (ms):     Min: 0,01, Avg: 0,03, Max: 0,06, Diff: 0,05, Sum: 0,33, Workers: 11
[74,623s][debug][gc,phases         ] GC(69)           Forward Chunks:                Min: 1, Avg:  2,1, Max: 5, Diff: 4, Sum: 19, Workers: 9
[74,623s][debug][gc,phases         ] GC(69)           Empty Forward Chunks:          Min: 9, Avg: 21,5, Max: 44, Diff: 35, Sum: 237, Workers: 11
[74,623s][debug][gc,phases         ] GC(69)           Forward Objects:               Min: 1, Avg:  2,2, Max: 5, Diff: 4, Sum: 20, Workers: 9
[74,623s][debug][gc,phases         ] GC(69)           Forward Bytes:                 Min: 48, Avg: 67493,3, Max: 193200, Diff: 193152, Sum: 607440, Workers: 9
[74,623s][debug][gc,phases         ] GC(69)     Post Evacuate Cleanup 2: 0,20ms
[74,623s][debug][gc,phases         ] GC(69)       Recalculate Used Memory (ms):  Min: 0,02, Avg: 0,02, Max: 0,02, Diff: 0,00, Sum: 0,02, Workers: 1
[74,623s][debug][gc,phases         ] GC(69)       Restore Preserved Marks (ms):  Min: 0,00, Avg: 0,00, Max: 0,00, Diff: 0,00, Sum: 0,01, Workers: 15
[74,623s][debug][gc,phases         ] GC(69)       Process Evacuation Failed Regions (ms): Min: 0,00, Avg: 0,00, Max: 0,01, Diff: 0,01, Sum: 0,02, Workers: 15
[74,623s][debug][gc,phases         ] GC(69)       Update Derived Pointers (ms):  Min: 0,00, Avg: 0,00, Max: 0,00, Diff: 0,00, Sum: 0,00, Workers: 1
[74,623s][debug][gc,phases         ] GC(69)       Eagerly Reclaim Humongous Objects (ms): skipped
[74,623s][debug][gc,phases         ] GC(69)         Humongous Total                skipped
[74,623s][debug][gc,phases         ] GC(69)         Humongous Candidates           skipped
[74,623s][debug][gc,phases         ] GC(69)         Humongous Reclaimed            skipped
[74,623s][debug][gc,phases         ] GC(69)       Sample CSet Candidates (ms):   skipped
[74,623s][debug][gc,phases         ] GC(69)       Redirty Logged Cards (ms):     Min: 0,00, Avg: 0,00, Max: 0,01, Diff: 0,01, Sum: 0,04, Workers: 15
[74,623s][debug][gc,phases         ] GC(69)         Redirtied Cards:               Min: 0, Avg: 126,3, Max: 759, Diff: 759, Sum: 1895, Workers: 15
[74,623s][debug][gc,phases         ] GC(69)       Resize TLABs (ms):             Min: 0,00, Avg: 0,00, Max: 0,00, Diff: 0,00, Sum: 0,01, Workers: 15
[74,623s][debug][gc,phases         ] GC(69)       Free Collection Set (ms):      Min: 0,06, Avg: 0,08, Max: 0,12, Diff: 0,06, Sum: 1,22, Workers: 15
[74,623s][debug][gc,phases         ] GC(69)     Rebuild Free List: 0,04ms
[74,623s][debug][gc,phases         ] GC(69)     Prepare For Mutator: 0,06ms
[74,623s][debug][gc,phases         ] GC(69)     Expand Heap After Collection: 0,00ms
[74,623s][info ][gc,phases         ] GC(69)   Other: 0,43ms
[74,623s][debug][gc,remset         ] GC(69) Coarsening (recent): Inline->AoC 0 (0) AoC->Howl 0 (0) Howl->Full 0 (0) Inline->AoC 0 (0) AoC->BitMap 0 (0) BitMap->Full 0 (0) 
[74,623s][debug][gc,remset         ] GC(69) Coarsening (all): Inline->AoC 10989 (0) AoC->Howl 5297 (0) Howl->Full 1479 (0) Inline->AoC 31200 (0) AoC->BitMap 29790 (0) BitMap->Full 6045 (0) 
[74,623s][info ][gc,heap           ] GC(69) Eden regions: 458->0(450)
[74,623s][info ][gc,heap           ] GC(69) Survivor regions: 53->64(64)
[74,623s][info ][gc,heap           ] GC(69) Old regions: 456->457
[74,623s][info ][gc,heap           ] GC(69) Humongous regions: 0->0
[74,623s][info ][gc,metaspace      ] GC(69) Metaspace: 20783K(21184K)->20783K(21184K) NonClass: 18165K(18368K)->18165K(18368K) Class: 2617K(2816K)->2617K(2816K)
[74,623s][debug][gc,heap           ] GC(69) Heap after GC invocations=70 (full 0):
[74,623s][debug][gc,heap           ] GC(69)  garbage-first heap   total reserved 8388608K, committed 5242880K, used 2130977K [0x0000000600000000, 0x0000000800000000)
[74,623s][debug][gc,heap           ] GC(69)   region size 4096K, 64 young (262144K), 64 survivors (262144K)
[74,623s][debug][gc,heap           ] GC(69)  Metaspace       used 20783K, committed 21184K, reserved 1114112K
[74,623s][debug][gc,heap           ] GC(69)   class space    used 2617K, committed 2816K, reserved 1048576K
[74,623s][info ][gc                ] GC(69) Pause Young (Mixed) (G1 Evacuation Pause) (Evacuation Failure: Pinned) 3863M->2081M(5120M) 65,383ms
[74,623s][info ][gc,cpu            ] GC(69) User=0,92s Sys=0,00s Real=0,06s
[74,623s][debug][gc,refine         ] Concurrent refinement: wanted 0, cards: 1895, predicted: 4511, time: 1327,80ms
[74,624s][debug][gc,task           ] G1 Service Thread (Card Set Free Memory Task) (run: 1,898ms) (cpu: 0,217ms)
[74,769s][debug][gc,refine         ] Concurrent refinement: wanted 0, cards: 3175, predicted: 5669, time: 1265,70ms
[74,911s][debug][gc,refine         ] Concurrent refinement: wanted 0, cards: 3431, predicted: 5834, time: 1219,86ms
[75,050s][debug][gc,refine         ] Concurrent refinement: wanted 0, cards: 3431, predicted: 5715, time: 1159,24ms
[75,186s][debug][gc,refine         ] Concurrent refinement: wanted 0, cards: 3431, predicted: 5598, time: 1100,09ms
[75,319s][debug][gc,refine         ] Concurrent refinement: wanted 0, cards: 3431, predicted: 5488, time: 1043,91ms
[75,431s][debug][gc,task,start     ] G1 Service Thread (Periodic GC Task) (run 0,798ms after schedule)
[75,431s][debug][gc,task           ] G1 Service Thread (Periodic GC Task) (run: 0,078ms) (cpu: 0,109ms)
[75,448s][debug][gc,refine         ] Concurrent refinement: wanted 0, cards: 3431, predicted: 5380, time: 989,20ms
[75,573s][debug][gc,refine         ] Concurrent refinement: wanted 0, cards: 3431, predicted: 5272, time: 934,49ms
[75,695s][debug][gc,refine         ] Concurrent refinement: wanted 0, cards: 3431, predicted: 5170, time: 882,74ms
[75,814s][debug][gc,refine         ] Concurrent refinement: wanted 0, cards: 3431, predicted: 5071, time: 832,46ms
[75,929s][debug][gc,refine         ] Concurrent refinement: wanted 0, cards: 3431, predicted: 3594, time: 82,80ms
[75,979s][debug][gc,refine         ] Concurrent refinement: wanted 0, cards: 3431, predicted: 3585, time: 78,37ms
[76,029s][debug][gc,refine         ] Concurrent refinement: wanted 0, cards: 3431, predicted: 3567, time: 69,50ms
[76,080s][debug][gc,refine         ] Concurrent refinement: wanted 0, cards: 3431, predicted: 3553, time: 62,10ms
[76,130s][debug][gc,refine         ] Concurrent refinement: wanted 0, cards: 3431, predicted: 3532, time: 51,75ms
[76,180s][debug][gc,refine         ] Concurrent refinement: wanted 0, cards: 3431, predicted: 3431, time: 32,53ms
[76,231s][debug][gc,refine         ] Concurrent refinement: wanted 0, cards: 3431, predicted: 3431, time: 11,83ms
[76,267s][debug][gc,ergo           ] GC(70) Initiate concurrent cycle (concurrent cycle initiation requested)
[76,267s][info ][gc,start          ] GC(70) Pause Young (Concurrent Start) (G1 Evacuation Pause)
[76,267s][debug][gc,heap           ] GC(70) Heap before GC invocations=70 (full 0):
[76,267s][debug][gc,heap           ] GC(70)  garbage-first heap   total reserved 8388608K, committed 5242880K, used 3970081K [0x0000000600000000, 0x0000000800000000)
[76,267s][debug][gc,heap           ] GC(70)   region size 4096K, 514 young (2105344K), 64 survivors (262144K)
[76,267s][debug][gc,heap           ] GC(70)  Metaspace       used 20784K, committed 21184K, reserved 1114112K
[76,267s][debug][gc,heap           ] GC(70)   class space    used 2617K, committed 2816K, reserved 1048576K
[76,267s][info ][gc,task           ] GC(70) Using 15 workers of 15 for evacuation
[76,267s][debug][gc,age            ] GC(70) Desired survivor size 136314880 bytes, new threshold 1 (max threshold 15)
[76,267s][debug][gc,tlab           ] GC(70) TLAB totals: thrds: 24  refills: 1468 max: 417 slow allocs: 786 max 65 waste:  0,8% gc: 9535816B max: 1146288B slow: 4935568B max: 777024B
[76,267s][debug][gc,refine,stats   ] GC(70) Mutator refinement: 0,00ms, refined: 0, precleaned: 0, dirtied: 1941
[76,267s][debug][gc,refine,stats   ] GC(70) Concurrent refinement: 0,00ms, refined: 0, precleaned: 0, dirtied: 0
[76,267s][debug][gc,refine,stats   ] GC(70) Total refinement: 0,00ms, refined: 0, precleaned: 0, dirtied: 1941
[76,267s][debug][gc,refine,stats   ] GC(70) Generate dirty cards rate: 1,18 cards/ms
[76,267s][debug][gc,alloc,region   ] GC(70) Mutator Allocation stats, regions: 450, wasted size: 0B ( 0,0%)
[76,267s][debug][gc,ergo,cset      ] GC(70) Do not add marking candidates to collection set due to pause type.
[76,267s][debug][gc,ergo,cset      ] GC(70) Start adding retained candidates to collection set. Min 1 regions, available 2, time remaining 40,00ms, optional remaining 40,00ms
[76,267s][debug][gc,ergo,cset      ] GC(70) Retained candidates exhausted.
[76,267s][debug][gc,ergo,cset      ] GC(70) Finish adding retained candidates to collection set. Initial: 2, optional: 0, pinned: 0, predicted initial time: 0,10ms, predicted optional time: 0,00ms, time remaining: 39,90ms optional time remaining 39,90ms
[76,268s][debug][gc,ergo           ] GC(70) Running G1 Merge Heap Roots using 15 workers for 516 regions
[76,268s][debug][gc,remset         ] GC(70) Visited cards 179520 Total dirty 1425408 (12,59%) Total old 12181504 (1,47%)
[76,305s][debug][gc,ref            ] GC(70) ReferenceProcessor::execute queues: 3, RefProcThreadModel::Multi, marks_oops_alive: false
[76,306s][debug][gc,ref            ] GC(70) ReferenceProcessor::execute queues: 15, RefProcThreadModel::Multi, marks_oops_alive: true
[76,306s][debug][gc,ref            ] GC(70) ReferenceProcessor::execute queues: 1, RefProcThreadModel::Single, marks_oops_alive: false
[76,307s][debug][gc,ergo           ] GC(70) Running G1 Rebuild Free List Task using 15 workers for rebuilding free list of regions
[76,307s][debug][gc,plab           ] GC(70) Young PLAB allocation: allocated: 79691776B, wasted: 3192B, unused: 16707384B, used: 62981200B, undo waste: 0B, 
[76,307s][debug][gc,plab           ] GC(70) Young other allocation: region end waste: 0B, regions filled: 19, num plab filled: 38, direct allocated: 0B, num direct allocated: 0, failure used: 0B, failure wasted: 0B
[76,307s][debug][gc,plab           ] GC(70) Young sizing: calculated: 12596240B, actual: 22319000B
[76,307s][debug][gc,plab           ] GC(70) Old PLAB allocation: allocated: 278921216B, wasted: 26376B, unused: 13512640B, used: 265382200B, undo waste: 0B, 
[76,307s][debug][gc,plab           ] GC(70) Old other allocation: region end waste: 0B, regions filled: 67, num plab filled: 133, direct allocated: 0B, num direct allocated: 0, failure used: 0B, failure wasted: 0B
[76,307s][debug][gc,plab           ] GC(70) Old sizing: calculated: 53076440B, actual: 61305704B
[76,307s][debug][gc,ergo,heap      ] GC(70) Heap expansion: short term pause time ratio 4,66% long term pause time ratio 4,97% threshold 7,69% pause time ratio 7,69% fully expanded false resize by 0B
[76,307s][debug][gc,task,start     ] G1 Service Thread (Card Set Free Memory Task) (run 0,015ms after schedule)
[76,307s][debug][gc,mmu            ] GC(70) MMU: 39,7ms (200,0ms/201,0ms)
[76,307s][debug][gc,alloc,stats    ] Old generation allocation in the last mutator period, old gen allocated: 278921216B, humongous allocated: 0B, old gen growth: 278921216B.
[76,307s][debug][gc,ihop           ] GC(70) Basic information (value update), threshold: 1441074728B (26,84), target occupancy: 5368709120B, current occupancy: 2263909936B, recent allocation size: 278921216B, recent allocation duration: 1645,24ms, recent old gen allocation rate: 169532606,06B/s, recent marking phase length: 2584,59ms
[76,307s][debug][gc,ihop           ] GC(70) Adaptive IHOP information (value update), threshold: 1441074728B (28,25), internal target occupancy: 5100273664B, occupancy: 2263909936B, additional buffer size: 2034237440B, predicted old gen allocation rate: 595269494,19B/s, predicted marking phase length: 2729,79ms, prediction active: true
[76,307s][debug][gc,ergo,refine    ] GC(70) GC refinement: goal: 255546 + 600 / 20,00ms, actual: 3836 / 0,29ms, 
[76,307s][debug][gc,ergo,refine    ] GC(70) Unchanged pending cards target: 255546
[76,307s][info ][gc,phases         ] GC(70)   Pre Evacuate Collection Set: 0,55ms
[76,307s][debug][gc,phases         ] GC(70)     Reset Marking State (ms):      Min: 0,03, Avg: 0,03, Max: 0,03, Diff: 0,00, Sum: 0,03, Workers: 1
[76,307s][debug][gc,phases         ] GC(70)     Note Start Of Mark (ms):       Min: 0,05, Avg: 0,06, Max: 0,08, Diff: 0,03, Sum: 0,26, Workers: 4
[76,307s][debug][gc,phases         ] GC(70)     Pre Evacuate Prepare: 0,21ms
[76,307s][debug][gc,phases         ] GC(70)       JT Retire TLABs And Flush Logs (ms): Min: 0,00, Avg: 0,01, Max: 0,02, Diff: 0,02, Sum: 0,02, Workers: 2
[76,307s][debug][gc,phases         ] GC(70)       Non-JT Flush Logs (ms):        Min: 0,01, Avg: 0,01, Max: 0,01, Diff: 0,00, Sum: 0,01, Workers: 1
[76,307s][debug][gc,phases         ] GC(70)     Choose Collection Set: 0,05ms
[76,307s][debug][gc,phases         ] GC(70)     Region Register: 0,19ms
[76,307s][debug][gc,phases         ] GC(70)     Prepare Heap Roots: 0,00ms
[76,307s][info ][gc,phases         ] GC(70)   Merge Heap Roots: 0,48ms
[76,307s][debug][gc,phases         ] GC(70)     Prepare Merge Heap Roots: 0,02ms
[76,307s][debug][gc,phases         ] GC(70)     Remembered Sets (ms):          Min: 0,07, Avg: 0,10, Max: 0,16, Diff: 0,09, Sum: 1,49, Workers: 15
[76,307s][debug][gc,phases         ] GC(70)       Eager Reclaim (ms):            skipped
[76,307s][debug][gc,phases         ] GC(70)       Merged Inline                  Min: 0, Avg:  0,0, Max: 0, Diff: 0, Sum: 0, Workers: 15
[76,307s][debug][gc,phases         ] GC(70)       Merged ArrayOfCards            Min: 0, Avg:  0,0, Max: 0, Diff: 0, Sum: 0, Workers: 15
[76,307s][debug][gc,phases         ] GC(70)       Merged Howl                    Min: 0, Avg:  0,0, Max: 0, Diff: 0, Sum: 0, Workers: 15
[76,307s][debug][gc,phases         ] GC(70)       Merged Full                    Min: 0, Avg:  0,0, Max: 0, Diff: 0, Sum: 0, Workers: 15
[76,307s][debug][gc,phases         ] GC(70)       Merged Howl Inline             Min: 0, Avg:  0,0, Max: 0, Diff: 0, Sum: 0, Workers: 15
[76,307s][debug][gc,phases         ] GC(70)       Merged Howl ArrayOfCards       Min: 0, Avg:  0,0, Max: 0, Diff: 0, Sum: 0, Workers: 15
[76,307s][debug][gc,phases         ] GC(70)       Merged Howl BitMap             Min: 0, Avg:  0,0, Max: 0, Diff: 0, Sum: 0, Workers: 15
[76,307s][debug][gc,phases         ] GC(70)       Merged Howl Full               Min: 0, Avg:  0,0, Max: 0, Diff: 0, Sum: 0, Workers: 15
[76,307s][debug][gc,phases         ] GC(70)       Merged Cards                   Min: 8, Avg:  8,0, Max: 8, Diff: 0, Sum: 120, Workers: 15
[76,307s][debug][gc,phases         ] GC(70)     Log Buffers (ms):              Min: 0,03, Avg: 0,03, Max: 0,04, Diff: 0,02, Sum: 0,50, Workers: 15
[76,307s][debug][gc,phases         ] GC(70)       Dirty Cards:                   Min: 66, Avg: 255,7, Max: 519, Diff: 453, Sum: 3836, Workers: 15
[76,307s][debug][gc,phases         ] GC(70)       Skipped Cards:                 Min: 0, Avg:  0,0, Max: 0, Diff: 0, Sum: 0, Workers: 15
[76,307s][info ][gc,phases         ] GC(70)   Evacuate Collection Set: 36,76ms
[76,307s][debug][gc,phases         ] GC(70)     Ext Root Scanning (ms):        Min: 0,00, Avg: 0,04, Max: 0,31, Diff: 0,30, Sum: 0,65, Workers: 15
[76,307s][debug][gc,phases         ] GC(70)     Scan Heap Roots (ms):          Min: 0,09, Avg: 0,26, Max: 0,55, Diff: 0,46, Sum: 3,86, Workers: 15
[76,307s][debug][gc,phases         ] GC(70)       Scanned Cards:                 Min: 97, Avg: 254,9, Max: 551, Diff: 454, Sum: 3824, Workers: 15
[76,307s][debug][gc,phases         ] GC(70)       Scanned Blocks:                Min: 83, Avg: 225,7, Max: 478, Diff: 395, Sum: 3386, Workers: 15
[76,307s][debug][gc,phases         ] GC(70)       Claimed Chunks:                Min: 71, Avg: 187,0, Max: 386, Diff: 315, Sum: 2805, Workers: 15
[76,307s][debug][gc,phases         ] GC(70)       Found Roots:                   Min: 130, Avg: 327,5, Max: 838, Diff: 708, Sum: 4913, Workers: 15
[76,307s][debug][gc,phases         ] GC(70)     Code Root Scan (ms):           Min: 0,03, Avg: 0,03, Max: 0,03, Diff: 0,01, Sum: 0,43, Workers: 15
[76,307s][debug][gc,phases         ] GC(70)       Scanned Nmethods               Min: 0, Avg:  0,0, Max: 0, Diff: 0, Sum: 0, Workers: 15
[76,307s][debug][gc,phases         ] GC(70)     Object Copy (ms):              Min: 35,83, Avg: 36,10, Max: 36,25, Diff: 0,42, Sum: 541,49, Workers: 15
[76,307s][debug][gc,phases         ] GC(70)     Termination (ms):              Min: 0,04, Avg: 0,09, Max: 0,13, Diff: 0,09, Sum: 1,32, Workers: 15
[76,307s][debug][gc,phases         ] GC(70)       Termination Attempts:          Min: 1, Avg:  1,0, Max: 1, Diff: 0, Sum: 15, Workers: 15
[76,307s][debug][gc,phases         ] GC(70)     GC Worker Other (ms):          Min: 0,04, Avg: 0,05, Max: 0,06, Diff: 0,02, Sum: 0,71, Workers: 15
[76,307s][debug][gc,phases         ] GC(70)     GC Worker Total (ms):          Min: 36,48, Avg: 36,56, Max: 36,64, Diff: 0,16, Sum: 548,46, Workers: 15
[76,307s][info ][gc,phases         ] GC(70)   Post Evacuate Collection Set: 1,52ms
[76,307s][debug][gc,phases         ] GC(70)     NMethod List Cleanup: 0,01ms
[76,307s][debug][gc,phases         ] GC(70)     Reference Processing: 0,96ms
[76,307s][debug][gc,phases,ref     ] GC(70)       Notify Soft/WeakReferences: 0,4ms
[76,307s][debug][gc,phases,ref     ] GC(70)         Balance queues: 0,0ms
[76,307s][debug][gc,phases,ref     ] GC(70)         SoftRef (ms):                  Min: 0,00, Avg: 0,00, Max: 0,00, Diff: 0,00, Sum: 0,00, Workers: 3
[76,307s][debug][gc,phases,ref     ] GC(70)         WeakRef (ms):                  Min: 0,00, Avg: 0,00, Max: 0,00, Diff: 0,00, Sum: 0,00, Workers: 3
[76,307s][debug][gc,phases,ref     ] GC(70)         FinalRef (ms):                 Min: 0,05, Avg: 0,09, Max: 0,11, Diff: 0,06, Sum: 0,28, Workers: 3
[76,307s][debug][gc,phases,ref     ] GC(70)         Total (ms):                    Min: 0,08, Avg: 0,11, Max: 0,13, Diff: 0,05, Sum: 0,34, Workers: 3
[76,307s][debug][gc,phases,ref     ] GC(70)       Notify and keep alive finalizable: 0,5ms
[76,307s][debug][gc,phases,ref     ] GC(70)         Balance queues: 0,0ms
[76,307s][debug][gc,phases,ref     ] GC(70)         FinalRef (ms):                 Min: 0,10, Avg: 0,18, Max: 0,32, Diff: 0,21, Sum: 2,72, Workers: 15
[76,307s][debug][gc,phases,ref     ] GC(70)       Notify PhantomReferences: 0,1ms
[76,307s][debug][gc,phases,ref     ] GC(70)         PhantomRef (ms):               Min: 0,01, Avg: 0,01, Max: 0,01, Diff: 0,00, Sum: 0,01, Workers: 1
[76,307s][debug][gc,phases,ref     ] GC(70)       SoftReference Discovered: 0, Dropped: 0, Processed: 0
[76,307s][debug][gc,phases,ref     ] GC(70)       WeakReference Discovered: 0, Dropped: 0, Processed: 0
[76,307s][debug][gc,phases,ref     ] GC(70)       FinalReference Discovered: 2237, Dropped: 0, Processed: 2237
[76,307s][debug][gc,phases,ref     ] GC(70)       PhantomReference Discovered: 75, Dropped: 1, Processed: 74
[76,307s][debug][gc,phases         ] GC(70)     Weak Processing: 0,12ms
[76,307s][debug][gc,phases         ] GC(70)       VM Weak                        Min: 0,00, Avg: 0,00, Max: 0,00, Diff: 0,00, Sum: 0,02, Workers: 15
[76,307s][debug][gc,phases         ] GC(70)         Dead                           Min: 0, Avg:  0,0, Max: 0, Diff: 0, Sum: 0, Workers: 15
[76,307s][debug][gc,phases         ] GC(70)         Total                          Min: 0, Avg: 11,3, Max: 106, Diff: 106, Sum: 170, Workers: 15
[76,307s][debug][gc,phases         ] GC(70)       ObjectSynchronizer Weak        Min: 0,00, Avg: 0,00, Max: 0,00, Diff: 0,00, Sum: 0,01, Workers: 15
[76,307s][debug][gc,phases         ] GC(70)         Dead                           Min: 0, Avg:  0,0, Max: 0, Diff: 0, Sum: 0, Workers: 15
[76,307s][debug][gc,phases         ] GC(70)         Total                          Min: 0, Avg:  0,3, Max: 4, Diff: 4, Sum: 4, Workers: 15
[76,308s][debug][gc,phases         ] GC(70)       JVMTI Tag Weak OopStorage      Min: 0,00, Avg: 0,00, Max: 0,00, Diff: 0,00, Sum: 0,00, Workers: 15
[76,308s][debug][gc,phases         ] GC(70)         Dead                           Min: 0, Avg:  0,0, Max: 0, Diff: 0, Sum: 0, Workers: 15
[76,308s][debug][gc,phases         ] GC(70)         Total                          Min: 0, Avg:  0,0, Max: 0, Diff: 0, Sum: 0, Workers: 15
[76,308s][debug][gc,phases         ] GC(70)       StringTable Weak               Min: 0,00, Avg: 0,01, Max: 0,05, Diff: 0,05, Sum: 0,14, Workers: 15
[76,308s][debug][gc,phases         ] GC(70)         Dead                           Min: 0, Avg:  0,0, Max: 0, Diff: 0, Sum: 0, Workers: 15
[76,308s][debug][gc,phases         ] GC(70)         Total                          Min: 0, Avg: 567,6, Max: 3648, Diff: 3648, Sum: 8514, Workers: 15
[76,308s][debug][gc,phases         ] GC(70)       ResolvedMethodTable Weak       Min: 0,00, Avg: 0,00, Max: 0,01, Diff: 0,01, Sum: 0,04, Workers: 15
[76,308s][debug][gc,phases         ] GC(70)         Dead                           Min: 0, Avg:  0,0, Max: 0, Diff: 0, Sum: 0, Workers: 15
[76,308s][debug][gc,phases         ] GC(70)         Total                          Min: 0, Avg: 113,7, Max: 574, Diff: 574, Sum: 1706, Workers: 15
[76,308s][debug][gc,phases         ] GC(70)       JNI Weak                       Min: 0,00, Avg: 0,00, Max: 0,00, Diff: 0,00, Sum: 0,00, Workers: 15
[76,308s][debug][gc,phases         ] GC(70)         Dead                           Min: 0, Avg:  0,0, Max: 0, Diff: 0, Sum: 0, Workers: 15
[76,308s][debug][gc,phases         ] GC(70)         Total                          Min: 0, Avg:  0,0, Max: 0, Diff: 0, Sum: 0, Workers: 15
[76,308s][debug][gc,phases         ] GC(70)       StringDedup Table Weak         Min: 0,00, Avg: 0,01, Max: 0,02, Diff: 0,02, Sum: 0,15, Workers: 15
[76,308s][debug][gc,phases         ] GC(70)         Dead                           Min: 0, Avg:  0,0, Max: 0, Diff: 0, Sum: 0, Workers: 15
[76,308s][debug][gc,phases         ] GC(70)         Total                          Min: 0, Avg: 877,7, Max: 3054, Diff: 3054, Sum: 13166, Workers: 15
[76,308s][debug][gc,phases         ] GC(70)       StringDedup Requests0 Weak     Min: 0,00, Avg: 0,00, Max: 0,00, Diff: 0,00, Sum: 0,02, Workers: 15
[76,308s][debug][gc,phases         ] GC(70)         Dead                           Min: 0, Avg:  0,0, Max: 0, Diff: 0, Sum: 0, Workers: 15
[76,308s][debug][gc,phases         ] GC(70)         Total                          Min: 0, Avg: 12,8, Max: 64, Diff: 64, Sum: 192, Workers: 15
[76,308s][debug][gc,phases         ] GC(70)       StringDedup Requests1 Weak     Min: 0,00, Avg: 0,00, Max: 0,00, Diff: 0,00, Sum: 0,00, Workers: 15
[76,308s][debug][gc,phases         ] GC(70)         Dead                           Min: 0, Avg:  0,0, Max: 0, Diff: 0, Sum: 0, Workers: 15
[76,308s][debug][gc,phases         ] GC(70)         Total                          Min: 0, Avg:  0,0, Max: 0, Diff: 0, Sum: 0, Workers: 15
[76,308s][debug][gc,phases         ] GC(70)       Weak JFR Old Object Samples    Min: 0,00, Avg: 0,00, Max: 0,00, Diff: 0,00, Sum: 0,01, Workers: 15
[76,308s][debug][gc,phases         ] GC(70)         Dead                           Min: 0, Avg:  0,0, Max: 0, Diff: 0, Sum: 0, Workers: 15
[76,308s][debug][gc,phases         ] GC(70)         Total                          Min: 0, Avg:  0,0, Max: 0, Diff: 0, Sum: 0, Workers: 15
[76,308s][debug][gc,phases         ] GC(70)     Post Evacuate Cleanup 1: 0,18ms
[76,308s][debug][gc,phases         ] GC(70)       Merge Per-Thread State (ms):   Min: 0,03, Avg: 0,03, Max: 0,03, Diff: 0,00, Sum: 0,03, Workers: 1
[76,308s][debug][gc,phases         ] GC(70)         Copied Bytes                   Min: 17594384, Avg: 21890893,3, Max: 28204904, Diff: 10610520, Sum: 328363400, Workers: 15
[76,308s][debug][gc,phases         ] GC(70)         LAB Waste                      Min: 240, Avg: 1971,2, Max: 5760, Diff: 5520, Sum: 29568, Workers: 15
[76,308s][debug][gc,phases         ] GC(70)         LAB Undo Waste                 Min: 0, Avg:  0,0, Max: 0, Diff: 0, Sum: 0, Workers: 15
[76,308s][debug][gc,phases         ] GC(70)         Evac Fail Extra Cards          Min: 0, Avg:  0,0, Max: 0, Diff: 0, Sum: 0, Workers: 15
[76,308s][debug][gc,phases         ] GC(70)       Clear Logged Cards (ms):       Min: 0,00, Avg: 0,08, Max: 0,16, Diff: 0,16, Sum: 0,53, Workers: 7
[76,308s][debug][gc,phases         ] GC(70)       Recalculate Used Memory (ms):  Min: 0,00, Avg: 0,00, Max: 0,00, Diff: 0,00, Sum: 0,00, Workers: 1
[76,308s][debug][gc,phases         ] GC(70)     Post Evacuate Cleanup 2: 0,17ms
[76,308s][debug][gc,phases         ] GC(70)       Update Derived Pointers (ms):  Min: 0,01, Avg: 0,01, Max: 0,01, Diff: 0,00, Sum: 0,01, Workers: 1
[76,308s][debug][gc,phases         ] GC(70)       Eagerly Reclaim Humongous Objects (ms): skipped
[76,308s][debug][gc,phases         ] GC(70)         Humongous Total                skipped
[76,308s][debug][gc,phases         ] GC(70)         Humongous Candidates           skipped
[76,308s][debug][gc,phases         ] GC(70)         Humongous Reclaimed            skipped
[76,308s][debug][gc,phases         ] GC(70)       Redirty Logged Cards (ms):     Min: 0,00, Avg: 0,00, Max: 0,01, Diff: 0,01, Sum: 0,06, Workers: 15
[76,308s][debug][gc,phases         ] GC(70)         Redirtied Cards:               Min: 0, Avg: 141,9, Max: 686, Diff: 686, Sum: 2128, Workers: 15
[76,308s][debug][gc,phases         ] GC(70)       Resize TLABs (ms):             Min: 0,00, Avg: 0,00, Max: 0,00, Diff: 0,00, Sum: 0,01, Workers: 15
[76,308s][debug][gc,phases         ] GC(70)       Free Collection Set (ms):      Min: 0,04, Avg: 0,07, Max: 0,10, Diff: 0,06, Sum: 1,03, Workers: 15
[76,308s][debug][gc,phases         ] GC(70)     Rebuild Free List: 0,04ms
[76,308s][debug][gc,phases         ] GC(70)     Prepare For Mutator: 0,06ms
[76,308s][debug][gc,phases         ] GC(70)     Expand Heap After Collection: 0,00ms
[76,308s][info ][gc,phases         ] GC(70)   Other: 0,50ms
[76,308s][debug][gc,remset         ] GC(70) Coarsening (recent): Inline->AoC 0 (0) AoC->Howl 0 (0) Howl->Full 0 (0) Inline->AoC 0 (0) AoC->BitMap 0 (0) BitMap->Full 0 (0) 
[76,308s][debug][gc,remset         ] GC(70) Coarsening (all): Inline->AoC 10989 (0) AoC->Howl 5297 (0) Howl->Full 1479 (0) Inline->AoC 31200 (0) AoC->BitMap 29790 (0) BitMap->Full 6045 (0) 
[76,308s][info ][gc,heap           ] GC(70) Eden regions: 450->0(466)
[76,308s][info ][gc,heap           ] GC(70) Survivor regions: 64->19(65)
[76,308s][info ][gc,heap           ] GC(70) Old regions: 457->522
[76,308s][info ][gc,heap           ] GC(70) Humongous regions: 0->0
[76,308s][info ][gc,metaspace      ] GC(70) Metaspace: 20784K(21184K)->20784K(21184K) NonClass: 18167K(18368K)->18167K(18368K) Class: 2617K(2816K)->2617K(2816K)
[76,308s][debug][gc,heap           ] GC(70) Heap after GC invocations=71 (full 0):
[76,308s][debug][gc,heap           ] GC(70)  garbage-first heap   total reserved 8388608K, committed 5242880K, used 2210849K [0x0000000600000000, 0x0000000800000000)
[76,308s][debug][gc,heap           ] GC(70)   region size 4096K, 19 young (77824K), 19 survivors (77824K)
[76,308s][debug][gc,heap           ] GC(70)  Metaspace       used 20784K, committed 21184K, reserved 1114112K
[76,308s][debug][gc,heap           ] GC(70)   class space    used 2617K, committed 2816K, reserved 1048576K
[76,308s][info ][gc                ] GC(70) Pause Young (Concurrent Start) (G1 Evacuation Pause) 3881M->2159M(5120M) 41,076ms
[76,308s][info ][gc,cpu            ] GC(70) User=0,55s Sys=0,00s Real=0,04s
[76,308s][info ][gc                ] GC(71) Concurrent Mark Cycle
[76,308s][debug][gc,refine         ] Concurrent refinement: wanted 0, cards: 2128, predicted: 4737, time: 1433,30ms
[76,308s][info ][gc,marking        ] GC(71) Concurrent Scan Root Regions
[76,308s][debug][gc,ergo           ] GC(71) Running G1 Root Region Scan using 4 workers for 86 work units.
[76,308s][debug][gc,task           ] G1 Service Thread (Card Set Free Memory Task) (run: 1,545ms) (cpu: 0,130ms)
[76,332s][info ][gc,marking        ] GC(71) Concurrent Scan Root Regions 23,818ms
[76,332s][info ][gc,marking        ] GC(71) Concurrent Mark
[76,332s][info ][gc,marking        ] GC(71) Concurrent Mark From Roots
[76,332s][info ][gc,task           ] GC(71) Using 4 workers of 4 for marking
[76,385s][debug][gc,stats          ] ---------------------------------------------------------------------
[76,385s][debug][gc,stats          ] Marking Stats, task = 0, calls = 6
[76,385s][debug][gc,stats          ]   Elapsed time = 52,55ms, Termination time = 0,01ms
[76,385s][debug][gc,stats          ]   Step Times (cum): num = 315, avg = 2,64ms, sd = 4,22ms max = 12,02ms, total = 830,72ms
[76,385s][debug][gc,stats          ]   Mark Stats Cache: hits 1007648 misses 1 ratio 100,000
[76,385s][debug][gc,stats          ] ---------------------------------------------------------------------
[76,385s][debug][gc,stats          ] Marking Stats, task = 1, calls = 6
[76,385s][debug][gc,stats          ]   Elapsed time = 52,53ms, Termination time = 0,01ms
[76,385s][debug][gc,stats          ]   Step Times (cum): num = 124, avg = 6,64ms, sd = 4,33ms max = 12,01ms, total = 823,62ms
[76,385s][debug][gc,stats          ]   Mark Stats Cache: hits 1101386 misses 1 ratio 100,000
[76,385s][debug][gc,stats          ] ---------------------------------------------------------------------
[76,385s][debug][gc,stats          ] Marking Stats, task = 2, calls = 8
[76,385s][debug][gc,stats          ]   Elapsed time = 52,49ms, Termination time = 0,01ms
[76,385s][debug][gc,stats          ]   Step Times (cum): num = 126, avg = 6,59ms, sd = 4,33ms max = 12,13ms, total = 830,76ms
[76,385s][debug][gc,stats          ]   Mark Stats Cache: hits 1076979 misses 1 ratio 100,000
[76,385s][debug][gc,stats          ] ---------------------------------------------------------------------
[76,385s][debug][gc,stats          ] Marking Stats, task = 3, calls = 6
[76,385s][debug][gc,stats          ]   Elapsed time = 52,48ms, Termination time = 0,01ms
[76,385s][debug][gc,stats          ]   Step Times (cum): num = 124, avg = 6,72ms, sd = 4,29ms max = 12,01ms, total = 833,12ms
[76,385s][debug][gc,stats          ]   Mark Stats Cache: hits 1127829 misses 1 ratio 100,000
[76,385s][debug][gc,stats          ] ---------------------------------------------------------------------
[76,385s][info ][gc,marking        ] GC(71) Concurrent Mark From Roots 53,125ms
[76,385s][info ][gc,marking        ] GC(71) Concurrent Preclean
[76,385s][debug][gc,ref,start      ] GC(71) Preclean SoftReferences
[76,385s][debug][gc,ref            ] GC(71) Preclean SoftReferences 0,018ms
[76,385s][debug][gc,ref,start      ] GC(71) Preclean WeakReferences
[76,385s][debug][gc,ref            ] GC(71) Preclean WeakReferences 0,045ms
[76,385s][debug][gc,ref,start      ] GC(71) Preclean FinalReferences
[76,385s][debug][gc,ref            ] GC(71) Preclean FinalReferences 0,017ms
[76,385s][debug][gc,ref,start      ] GC(71) Preclean PhantomReferences
[76,386s][debug][gc,ref            ] GC(71) Preclean PhantomReferences 0,050ms
[76,386s][info ][gc,marking        ] GC(71) Concurrent Preclean 0,211ms
[76,386s][info ][gc,start          ] GC(71) Pause Remark
[76,386s][debug][gc,phases,start   ] GC(71) Finalize Marking
[76,386s][debug][gc,stats          ] ---------------------------------------------------------------------
[76,386s][debug][gc,stats          ] Marking Stats, task = 0, calls = 7
[76,386s][debug][gc,stats          ]   Elapsed time = 0,19ms, Termination time = 0,17ms
[76,386s][debug][gc,stats          ]   Step Times (cum): num = 316, avg = 2,63ms, sd = 4,22ms max = 12,02ms, total = 830,72ms
[76,386s][debug][gc,stats          ]   Mark Stats Cache: hits 1007648 misses 1 ratio 100,000
[76,386s][debug][gc,stats          ] ---------------------------------------------------------------------
[76,386s][debug][gc,stats          ] Marking Stats, task = 1, calls = 7
[76,386s][debug][gc,stats          ]   Elapsed time = 0,12ms, Termination time = 0,13ms
[76,386s][debug][gc,stats          ]   Step Times (cum): num = 125, avg = 6,59ms, sd = 4,35ms max = 12,01ms, total = 823,65ms
[76,386s][debug][gc,stats          ]   Mark Stats Cache: hits 1101386 misses 1 ratio 100,000
[76,386s][debug][gc,stats          ] ---------------------------------------------------------------------
[76,386s][debug][gc,stats          ] Marking Stats, task = 2, calls = 9
[76,386s][debug][gc,stats          ]   Elapsed time = 0,13ms, Termination time = 0,13ms
[76,386s][debug][gc,stats          ]   Step Times (cum): num = 127, avg = 6,54ms, sd = 4,35ms max = 12,13ms, total = 830,79ms
[76,386s][debug][gc,stats          ]   Mark Stats Cache: hits 1076979 misses 1 ratio 100,000
[76,386s][debug][gc,stats          ] ---------------------------------------------------------------------
[76,386s][debug][gc,stats          ] Marking Stats, task = 3, calls = 7
[76,386s][debug][gc,stats          ]   Elapsed time = 0,11ms, Termination time = 0,12ms
[76,386s][debug][gc,stats          ]   Step Times (cum): num = 125, avg = 6,67ms, sd = 4,31ms max = 12,01ms, total = 833,16ms
[76,386s][debug][gc,stats          ]   Mark Stats Cache: hits 1127829 misses 1 ratio 100,000
[76,386s][debug][gc,stats          ] ---------------------------------------------------------------------
[76,386s][debug][gc,stats          ] Marking Stats, task = 4, calls = 1
[76,387s][debug][gc,stats          ]   Elapsed time = 0,11ms, Termination time = 0,10ms
[76,387s][debug][gc,stats          ]   Step Times (cum): num = 23, avg = 0,03ms, sd = 0,01ms max = 0,07ms, total = 0,80ms
[76,387s][debug][gc,stats          ]   Mark Stats Cache: hits 25 misses 0 ratio 100,000
[76,387s][debug][gc,stats          ] ---------------------------------------------------------------------
[76,387s][debug][gc,stats          ] Marking Stats, task = 5, calls = 1
[76,387s][debug][gc,stats          ]   Elapsed time = 0,07ms, Termination time = 0,06ms
[76,387s][debug][gc,stats          ]   Step Times (cum): num = 23, avg = 0,04ms, sd = 0,02ms max = 0,08ms, total = 0,86ms
[76,387s][debug][gc,stats          ]   Mark Stats Cache: hits 37 misses 1 ratio 97,368
[76,387s][debug][gc,stats          ] ---------------------------------------------------------------------
[76,387s][debug][gc,stats          ] Marking Stats, task = 6, calls = 1
[76,387s][debug][gc,stats          ]   Elapsed time = 0,06ms, Termination time = 0,05ms
[76,387s][debug][gc,stats          ]   Step Times (cum): num = 23, avg = 0,04ms, sd = 0,02ms max = 0,10ms, total = 0,83ms
[76,387s][debug][gc,stats          ]   Mark Stats Cache: hits 0 misses 0 ratio 0,000
[76,387s][debug][gc,stats          ] ---------------------------------------------------------------------
[76,387s][debug][gc,stats          ] Marking Stats, task = 7, calls = 1
[76,387s][debug][gc,stats          ]   Elapsed time = 0,13ms, Termination time = 0,11ms
[76,387s][debug][gc,stats          ]   Step Times (cum): num = 23, avg = 0,04ms, sd = 0,02ms max = 0,08ms, total = 0,85ms
[76,387s][debug][gc,stats          ]   Mark Stats Cache: hits 0 misses 0 ratio 0,000
[76,387s][debug][gc,stats          ] ---------------------------------------------------------------------
[76,387s][debug][gc,stats          ] Marking Stats, task = 8, calls = 1
[76,387s][debug][gc,stats          ]   Elapsed time = 0,14ms, Termination time = 0,12ms
[76,387s][debug][gc,stats          ]   Step Times (cum): num = 23, avg = 0,04ms, sd = 0,02ms max = 0,06ms, total = 0,81ms
[76,387s][debug][gc,stats          ]   Mark Stats Cache: hits 0 misses 0 ratio 0,000
[76,387s][debug][gc,stats          ] ---------------------------------------------------------------------
[76,387s][debug][gc,stats          ] Marking Stats, task = 9, calls = 1
[76,387s][debug][gc,stats          ]   Elapsed time = 0,12ms, Termination time = 0,11ms
[76,387s][debug][gc,stats          ]   Step Times (cum): num = 23, avg = 0,04ms, sd = 0,02ms max = 0,06ms, total = 0,92ms
[76,387s][debug][gc,stats          ]   Mark Stats Cache: hits 0 misses 0 ratio 0,000
[76,387s][debug][gc,stats          ] ---------------------------------------------------------------------
[76,387s][debug][gc,stats          ] Marking Stats, task = 10, calls = 1
[76,387s][debug][gc,stats          ]   Elapsed time = 0,04ms, Termination time = 0,02ms
[76,387s][debug][gc,stats          ]   Step Times (cum): num = 23, avg = 0,04ms, sd = 0,02ms max = 0,06ms, total = 0,91ms
[76,387s][debug][gc,stats          ]   Mark Stats Cache: hits 0 misses 0 ratio 0,000
[76,387s][debug][gc,stats          ] ---------------------------------------------------------------------
[76,387s][debug][gc,stats          ] Marking Stats, task = 11, calls = 1
[76,387s][debug][gc,stats          ]   Elapsed time = 0,13ms, Termination time = 0,11ms
[76,387s][debug][gc,stats          ]   Step Times (cum): num = 23, avg = 0,05ms, sd = 0,01ms max = 0,06ms, total = 1,04ms
[76,387s][debug][gc,stats          ]   Mark Stats Cache: hits 0 misses 0 ratio 0,000
[76,387s][debug][gc,stats          ] ---------------------------------------------------------------------
[76,387s][debug][gc,stats          ] Marking Stats, task = 12, calls = 1
[76,387s][debug][gc,stats          ]   Elapsed time = 0,13ms, Termination time = 0,12ms
[76,387s][debug][gc,stats          ]   Step Times (cum): num = 23, avg = 0,03ms, sd = 0,02ms max = 0,06ms, total = 0,78ms
[76,387s][debug][gc,stats          ]   Mark Stats Cache: hits 0 misses 0 ratio 0,000
[76,387s][debug][gc,stats          ] ---------------------------------------------------------------------
[76,387s][debug][gc,stats          ] Marking Stats, task = 13, calls = 1
[76,387s][debug][gc,stats          ]   Elapsed time = 0,13ms, Termination time = 0,12ms
[76,387s][debug][gc,stats          ]   Step Times (cum): num = 23, avg = 0,03ms, sd = 0,02ms max = 0,06ms, total = 0,73ms
[76,387s][debug][gc,stats          ]   Mark Stats Cache: hits 0 misses 0 ratio 0,000
[76,387s][debug][gc,stats          ] ---------------------------------------------------------------------
[76,387s][debug][gc,stats          ] Marking Stats, task = 14, calls = 1
[76,387s][debug][gc,stats          ]   Elapsed time = 0,14ms, Termination time = 0,13ms
[76,387s][debug][gc,stats          ]   Step Times (cum): num = 23, avg = 0,03ms, sd = 0,02ms max = 0,06ms, total = 0,70ms
[76,387s][debug][gc,stats          ]   Mark Stats Cache: hits 0 misses 0 ratio 0,000
[76,387s][debug][gc,stats          ] ---------------------------------------------------------------------
[76,387s][debug][gc,phases         ] GC(71) Finalize Marking 1,113ms
[76,387s][debug][gc,phases,start   ] GC(71) Reference Processing
[76,387s][debug][gc,ref            ] GC(71) ReferenceProcessor::execute queues: 1, RefProcThreadModel::Single, marks_oops_alive: false
[76,387s][debug][gc,ref            ] GC(71) ReferenceProcessor::execute queues: 15, RefProcThreadModel::Multi, marks_oops_alive: true
[76,387s][debug][gc,ref            ] GC(71) Skipped PhantomRefsPhase of Reference Processing: no references
[76,387s][debug][gc,phases,ref     ] GC(71) Reference Processing: 0,5ms
[76,387s][debug][gc,phases,ref     ] GC(71)   Notify Soft/WeakReferences: 0,1ms
[76,387s][debug][gc,phases,ref     ] GC(71)     SoftRef (ms):                  Min: 0,00, Avg: 0,00, Max: 0,00, Diff: 0,00, Sum: 0,00, Workers: 1
[76,387s][debug][gc,phases,ref     ] GC(71)     WeakRef (ms):                  Min: 0,00, Avg: 0,00, Max: 0,00, Diff: 0,00, Sum: 0,00, Workers: 1
[76,387s][debug][gc,phases,ref     ] GC(71)     FinalRef (ms):                 Min: 0,00, Avg: 0,00, Max: 0,00, Diff: 0,00, Sum: 0,00, Workers: 1
[76,388s][debug][gc,phases,ref     ] GC(71)     Total (ms):                    Min: 0,02, Avg: 0,02, Max: 0,02, Diff: 0,00, Sum: 0,02, Workers: 1
[76,388s][debug][gc,phases,ref     ] GC(71)   Notify and keep alive finalizable: 0,4ms
[76,388s][debug][gc,phases,ref     ] GC(71)     Balance queues: 0,0ms
[76,388s][debug][gc,phases,ref     ] GC(71)     FinalRef (ms):                 Min: 0,03, Avg: 0,14, Max: 0,22, Diff: 0,19, Sum: 2,08, Workers: 15
[76,388s][debug][gc,phases,ref     ] GC(71)   Notify PhantomReferences: 0,0ms
[76,388s][debug][gc,phases,ref     ] GC(71)     PhantomRef (ms):               skipped
[76,388s][debug][gc,phases,ref     ] GC(71)   SoftReference Discovered: 0, Dropped: 0, Processed: 0
[76,388s][debug][gc,phases,ref     ] GC(71)   WeakReference Discovered: 0, Dropped: 0, Processed: 0
[76,388s][debug][gc,phases,ref     ] GC(71)   FinalReference Discovered: 10, Dropped: 0, Processed: 10
[76,388s][debug][gc,phases,ref     ] GC(71)   PhantomReference Discovered: 0, Dropped: 0, Processed: 0
[76,388s][debug][gc,phases         ] GC(71) Reference Processing 0,635ms
[76,388s][debug][gc,phases,start   ] GC(71) Weak Processing
[76,388s][debug][gc,phases         ] GC(71)   VM Weak                        Min: 0,00, Avg: 0,00, Max: 0,00, Diff: 0,00, Sum: 0,02, Workers: 15
[76,388s][debug][gc,phases         ] GC(71)     Dead                           Min: 0, Avg:  0,0, Max: 0, Diff: 0, Sum: 0, Workers: 15
[76,388s][debug][gc,phases         ] GC(71)     Total                          Min: 0, Avg: 11,3, Max: 106, Diff: 106, Sum: 170, Workers: 15
[76,388s][debug][gc,phases         ] GC(71)   ObjectSynchronizer Weak        Min: 0,00, Avg: 0,00, Max: 0,00, Diff: 0,00, Sum: 0,00, Workers: 15
[76,388s][debug][gc,phases         ] GC(71)     Dead                           Min: 0, Avg:  0,0, Max: 0, Diff: 0, Sum: 0, Workers: 15
[76,388s][debug][gc,phases         ] GC(71)     Total                          Min: 0, Avg:  0,3, Max: 4, Diff: 4, Sum: 4, Workers: 15
[76,388s][debug][gc,phases         ] GC(71)   JVMTI Tag Weak OopStorage      Min: 0,00, Avg: 0,00, Max: 0,00, Diff: 0,00, Sum: 0,00, Workers: 15
[76,388s][debug][gc,phases         ] GC(71)     Dead                           Min: 0, Avg:  0,0, Max: 0, Diff: 0, Sum: 0, Workers: 15
[76,388s][debug][gc,phases         ] GC(71)     Total                          Min: 0, Avg:  0,0, Max: 0, Diff: 0, Sum: 0, Workers: 15
[76,388s][debug][gc,phases         ] GC(71)   StringTable Weak               Min: 0,00, Avg: 0,01, Max: 0,07, Diff: 0,07, Sum: 0,13, Workers: 15
[76,388s][debug][gc,phases         ] GC(71)     Dead                           Min: 0, Avg:  0,0, Max: 0, Diff: 0, Sum: 0, Workers: 15
[76,388s][debug][gc,phases         ] GC(71)     Total                          Min: 0, Avg: 567,6, Max: 4416, Diff: 4416, Sum: 8514, Workers: 15
[76,388s][debug][gc,phases         ] GC(71)   ResolvedMethodTable Weak       Min: 0,00, Avg: 0,00, Max: 0,01, Diff: 0,01, Sum: 0,04, Workers: 15
[76,388s][debug][gc,phases         ] GC(71)     Dead                           Min: 0, Avg:  0,0, Max: 0, Diff: 0, Sum: 0, Workers: 15
[76,388s][debug][gc,phases         ] GC(71)     Total                          Min: 0, Avg: 113,7, Max: 702, Diff: 702, Sum: 1706, Workers: 15
[76,388s][debug][gc,phases         ] GC(71)   JNI Weak                       Min: 0,00, Avg: 0,00, Max: 0,00, Diff: 0,00, Sum: 0,01, Workers: 15
[76,388s][debug][gc,phases         ] GC(71)     Dead                           Min: 0, Avg:  0,0, Max: 0, Diff: 0, Sum: 0, Workers: 15
[76,388s][debug][gc,phases         ] GC(71)     Total                          Min: 0, Avg:  0,0, Max: 0, Diff: 0, Sum: 0, Workers: 15
[76,388s][debug][gc,phases         ] GC(71)   StringDedup Table Weak         Min: 0,00, Avg: 0,01, Max: 0,04, Diff: 0,04, Sum: 0,21, Workers: 15
[76,388s][debug][gc,phases         ] GC(71)     Dead                           Min: 0, Avg:  0,0, Max: 0, Diff: 0, Sum: 0, Workers: 15
[76,388s][debug][gc,phases         ] GC(71)     Total                          Min: 0, Avg: 877,7, Max: 4224, Diff: 4224, Sum: 13166, Workers: 15
[76,388s][debug][gc,phases         ] GC(71)   StringDedup Requests0 Weak     Min: 0,00, Avg: 0,00, Max: 0,00, Diff: 0,00, Sum: 0,01, Workers: 15
[76,388s][debug][gc,phases         ] GC(71)     Dead                           Min: 0, Avg:  0,0, Max: 0, Diff: 0, Sum: 0, Workers: 15
[76,388s][debug][gc,phases         ] GC(71)     Total                          Min: 0, Avg:  0,0, Max: 0, Diff: 0, Sum: 0, Workers: 15
[76,388s][debug][gc,phases         ] GC(71)   StringDedup Requests1 Weak     Min: 0,00, Avg: 0,00, Max: 0,00, Diff: 0,00, Sum: 0,01, Workers: 15
[76,388s][debug][gc,phases         ] GC(71)     Dead                           Min: 0, Avg:  0,0, Max: 0, Diff: 0, Sum: 0, Workers: 15
[76,388s][debug][gc,phases         ] GC(71)     Total                          Min: 0, Avg:  0,0, Max: 0, Diff: 0, Sum: 0, Workers: 15
[76,388s][debug][gc,phases         ] GC(71)   Weak JFR Old Object Samples    Min: 0,00, Avg: 0,00, Max: 0,00, Diff: 0,00, Sum: 0,01, Workers: 15
[76,388s][debug][gc,phases         ] GC(71)     Dead                           Min: 0, Avg:  0,0, Max: 0, Diff: 0, Sum: 0, Workers: 15
[76,388s][debug][gc,phases         ] GC(71)     Total                          Min: 0, Avg:  0,0, Max: 0, Diff: 0, Sum: 0, Workers: 15
[76,388s][debug][gc,phases         ] GC(71) Weak Processing 0,463ms
[76,388s][debug][gc,phases,start   ] GC(71) Class Unloading
[76,388s][debug][gc,phases,start   ] GC(71) ClassLoaderData
[76,388s][debug][gc,phases         ] GC(71) ClassLoaderData 0,029ms
[76,388s][debug][gc,phases,start   ] GC(71) Trigger cleanups
[76,388s][debug][gc,phases         ] GC(71) Trigger cleanups 0,010ms
[76,388s][debug][gc,phases,start   ] GC(71) G1 Complete Cleaning
[76,389s][debug][gc,phases         ] GC(71) G1 Complete Cleaning 0,755ms
[76,389s][debug][gc,phases,start   ] GC(71) Purge Unlinked NMethods
[76,389s][debug][gc,phases         ] GC(71) Purge Unlinked NMethods 0,041ms
[76,389s][debug][gc,phases,start   ] GC(71) Free Code Blobs
[76,389s][debug][gc,phases         ] GC(71) Free Code Blobs 0,020ms
[76,389s][debug][gc,phases,start   ] GC(71) Purge Class Loader Data
[76,389s][debug][gc,phases         ] GC(71) Purge Class Loader Data 0,010ms
[76,389s][debug][gc,phases         ] GC(71) Class Unloading 0,978ms
[76,389s][debug][gc,phases,start   ] GC(71) Flush Task Caches
[76,389s][debug][gc,stats          ] Mark stats cache hits 4313914 misses 5 ratio 100,000
[76,389s][debug][gc,phases         ] GC(71) Flush Task Caches 0,060ms
[76,389s][debug][gc,phases,start   ] GC(71) Update Remembered Set Tracking Before Rebuild
[76,389s][debug][gc,ergo           ] GC(71) Running G1 Update RemSet Tracking Before Rebuild using 4 workers for 1280 regions in heap
[76,389s][debug][gc,remset,tracking] GC(71) Remembered Set Tracking update regions total 1280, selected 183
[76,389s][debug][gc,phases         ] GC(71) Update Remembered Set Tracking Before Rebuild 0,231ms
[76,389s][debug][gc,phases,start   ] GC(71) Reclaim Empty Regions
[76,390s][debug][gc                ] GC(71) Reclaimed 237 empty regions
[76,390s][debug][gc,phases         ] GC(71) Reclaim Empty Regions 0,763ms
[76,390s][debug][gc,phases,start   ] GC(71) Report Object Count
[76,390s][debug][gc,phases         ] GC(71) Report Object Count 0,009ms
[76,390s][debug][gc,mmu            ] GC(71) MMU: 44,0ms (200,0ms/201,0ms)
[76,390s][info ][gc                ] GC(71) Pause Remark 2199M->1251M(5120M) 4,413ms
[76,390s][info ][gc,cpu            ] GC(71) User=0,01s Sys=0,01s Real=0,00s
[76,390s][info ][gc,marking        ] GC(71) Concurrent Mark 58,137ms
[76,390s][info ][gc,marking        ] GC(71) Concurrent Rebuild Remembered Sets and Scrub Regions
[76,432s][debug][gc,task,start     ] G1 Service Thread (Periodic GC Task) (run 0,727ms after schedule)
[76,432s][debug][gc,task           ] G1 Service Thread (Periodic GC Task) (run: 0,055ms) (cpu: 0,076ms)
[76,459s][debug][gc,refine         ] Concurrent refinement: wanted 0, cards: 2128, predicted: 4631, time: 1374,79ms
[76,597s][info ][gc,marking        ] GC(71) Concurrent Rebuild Remembered Sets and Scrub Regions 206,373ms
[76,597s][info ][gc,start          ] GC(71) Pause Cleanup
[76,597s][debug][gc,phases,start   ] GC(71) Update Remembered Set Tracking After Rebuild
[76,597s][debug][gc,phases         ] GC(71) Update Remembered Set Tracking After Rebuild 0,065ms
[76,597s][debug][gc,phases,start   ] GC(71) Finalize Concurrent Mark Cleanup
[76,597s][debug][gc,ergo,cset      ] GC(71) Pruned 78 regions out of 182, leaving 265307096 bytes waste (allowed 268435456)
[76,598s][debug][gc,mmu            ] GC(71) MMU: 0,4ms (200,0ms/201,0ms)
[76,598s][debug][gc,phases         ] GC(71) Finalize Concurrent Mark Cleanup 0,364ms
[76,598s][info ][gc                ] GC(71) Pause Cleanup 1363M->1363M(5120M) 0,511ms
[76,598s][info ][gc,cpu            ] GC(71) User=0,01s Sys=0,00s Real=0,00s
[76,598s][info ][gc,marking        ] GC(71) Concurrent Clear Claimed Marks
[76,598s][info ][gc,marking        ] GC(71) Concurrent Clear Claimed Marks 0,069ms
[76,598s][info ][gc,marking        ] GC(71) Concurrent Cleanup for Next Mark
[76,598s][debug][gc,ergo           ] GC(71) Running G1 Clear Bitmap with 4 workers for 80 work units.
[76,601s][info ][gc,marking        ] GC(71) Concurrent Cleanup for Next Mark 2,694ms
[76,601s][info ][gc                ] GC(71) Concurrent Mark Cycle 292,360ms
[76,608s][debug][gc,refine         ] Concurrent refinement: wanted 0, cards: 2128, predicted: 4519, time: 1313,21ms
[76,752s][debug][gc,refine         ] Concurrent refinement: wanted 0, cards: 2128, predicted: 4404, time: 1250,09ms
[76,893s][debug][gc,refine         ] Concurrent refinement: wanted 0, cards: 2128, predicted: 4289, time: 1186,97ms
[77,030s][debug][gc,refine         ] Concurrent refinement: wanted 0, cards: 2128, predicted: 4177, time: 1125,39ms
[77,164s][debug][gc,refine         ] Concurrent refinement: wanted 0, cards: 2128, predicted: 4065, time: 1063,81ms
[77,295s][debug][gc,refine         ] Concurrent refinement: wanted 0, cards: 2128, predicted: 2606, time: 263,02ms
[77,359s][debug][gc,refine         ] Concurrent refinement: wanted 0, cards: 2128, predicted: 2584, time: 250,94ms
[77,422s][debug][gc,refine         ] Concurrent refinement: wanted 0, cards: 2128, predicted: 2565, time: 240,17ms
[77,432s][debug][gc,task,start     ] G1 Service Thread (Periodic GC Task) (run 0,182ms after schedule)
[77,432s][debug][gc,task           ] G1 Service Thread (Periodic GC Task) (run: 0,080ms) (cpu: 0,104ms)
[77,483s][debug][gc,refine         ] Concurrent refinement: wanted 0, cards: 2128, predicted: 2548, time: 230,93ms
[77,544s][debug][gc,refine         ] Concurrent refinement: wanted 0, cards: 2128, predicted: 2500, time: 204,76ms
[77,601s][debug][gc,refine         ] Concurrent refinement: wanted 0, cards: 2128, predicted: 2455, time: 180,12ms
[77,654s][debug][gc,refine         ] Concurrent refinement: wanted 0, cards: 2128, predicted: 2411, time: 155,49ms
[77,704s][debug][gc,refine         ] Concurrent refinement: wanted 0, cards: 2128, predicted: 2369, time: 132,40ms
[77,754s][debug][gc,refine         ] Concurrent refinement: wanted 0, cards: 2128, predicted: 2329, time: 110,85ms
[77,805s][debug][gc,refine         ] Concurrent refinement: wanted 0, cards: 2128, predicted: 2290, time: 89,29ms
[77,855s][debug][gc,refine         ] Concurrent refinement: wanted 0, cards: 2128, predicted: 2248, time: 66,20ms
[77,905s][debug][gc,refine         ] Concurrent refinement: wanted 0, cards: 2128, predicted: 2128, time: 44,65ms
[77,955s][debug][gc,refine         ] Concurrent refinement: wanted 0, cards: 2128, predicted: 2128, time: 21,55ms
[78,005s][debug][gc,refine         ] Concurrent refinement: wanted 0, cards: 2128, predicted: 2128, time: 0,00ms
[78,013s][info ][gc,start          ] GC(72) Pause Young (Prepare Mixed) (G1 Evacuation Pause)
[78,013s][debug][gc,heap           ] GC(72) Heap before GC invocations=72 (full 0):
[78,013s][debug][gc,heap           ] GC(72)  garbage-first heap   total reserved 8388608K, committed 5242880K, used 3144737K [0x0000000600000000, 0x0000000800000000)
[78,013s][debug][gc,heap           ] GC(72)   region size 4096K, 485 young (1986560K), 19 survivors (77824K)
[78,013s][debug][gc,heap           ] GC(72)  Metaspace       used 20805K, committed 21184K, reserved 1114112K
[78,013s][debug][gc,heap           ] GC(72)   class space    used 2617K, committed 2816K, reserved 1048576K
[78,013s][info ][gc,task           ] GC(72) Using 15 workers of 15 for evacuation
[78,013s][debug][gc,age            ] GC(72) Desired survivor size 127926272 bytes, new threshold 15 (max threshold 15)
[78,013s][debug][gc,tlab           ] GC(72) TLAB totals: thrds: 24  refills: 1415 max: 471 slow allocs: 906 max 106 waste:  1,0% gc: 12248576B max: 1097096B slow: 6154064B max: 756352B
[78,013s][debug][gc,refine,stats   ] GC(72) Mutator refinement: 0,00ms, refined: 0, precleaned: 0, dirtied: 562
[78,013s][debug][gc,refine,stats   ] GC(72) Concurrent refinement: 0,00ms, refined: 0, precleaned: 0, dirtied: 0
[78,013s][debug][gc,refine,stats   ] GC(72) Total refinement: 0,00ms, refined: 0, precleaned: 0, dirtied: 562
[78,013s][debug][gc,refine,stats   ] GC(72) Generate dirty cards rate: 0,33 cards/ms
[78,013s][debug][gc,alloc,region   ] GC(72) Mutator Allocation stats, regions: 466, wasted size: 728B ( 0,0%)
[78,013s][debug][gc,ergo,cset      ] GC(72) Do not add marking candidates to collection set due to pause type.
[78,013s][debug][gc,ergo,cset      ] GC(72) Start adding retained candidates to collection set. Min 1 regions, available 0, time remaining 40,00ms, optional remaining 40,00ms
[78,013s][debug][gc,ergo,cset      ] GC(72) Retained candidates exhausted.
[78,013s][debug][gc,ergo,cset      ] GC(72) Finish adding retained candidates to collection set. Initial: 0, optional: 0, pinned: 0, predicted initial time: 0,00ms, predicted optional time: 0,00ms, time remaining: 40,00ms optional time remaining 40,00ms
[78,014s][debug][gc,ergo           ] GC(72) Running G1 Merge Heap Roots using 15 workers for 485 regions
[78,014s][debug][gc,remset         ] GC(72) Visited cards 140032 Total dirty 1286144 (10,89%) Total old 10280960 (1,36%)
[78,036s][debug][gc,ref            ] GC(72) ReferenceProcessor::execute queues: 3, RefProcThreadModel::Multi, marks_oops_alive: false
[78,037s][debug][gc,ref            ] GC(72) ReferenceProcessor::execute queues: 15, RefProcThreadModel::Multi, marks_oops_alive: true
[78,037s][debug][gc,ref            ] GC(72) ReferenceProcessor::execute queues: 1, RefProcThreadModel::Single, marks_oops_alive: false
[78,038s][debug][gc,ergo           ] GC(72) Running G1 Rebuild Free List Task using 15 workers for rebuilding free list of regions
[78,038s][debug][gc,plab           ] GC(72) Young PLAB allocation: allocated: 247463936B, wasted: 35064B, unused: 10893952B, used: 236534920B, undo waste: 0B, 
[78,038s][debug][gc,plab           ] GC(72) Young other allocation: region end waste: 0B, regions filled: 59, num plab filled: 161, direct allocated: 0B, num direct allocated: 0, failure used: 0B, failure wasted: 0B
[78,038s][debug][gc,plab           ] GC(72) Young sizing: calculated: 47306984B, actual: 41059992B
[78,038s][debug][gc,plab           ] GC(72) Old PLAB allocation: allocated: 0B, wasted: 0B, unused: 0B, used: 0B, undo waste: 0B, 
[78,038s][debug][gc,plab           ] GC(72) Old other allocation: region end waste: 0B, regions filled: 1, num plab filled: 0, direct allocated: 0B, num direct allocated: 0, failure used: 0B, failure wasted: 0B
[78,038s][debug][gc,plab           ] GC(72) Old sizing: calculated: 0B, actual: 15326424B
[78,038s][debug][gc,ergo,heap      ] GC(72) Heap expansion: short term pause time ratio 0,21% long term pause time ratio 4,51% threshold 7,69% pause time ratio 7,69% fully expanded false resize by 0B
[78,038s][debug][gc,mmu            ] GC(72) MMU: 25,1ms (200,0ms/201,0ms)
[78,038s][debug][gc,alloc,stats    ] Old generation allocation in the last mutator period, old gen allocated: 0B, humongous allocated: 0B, old gen growth: 0B.
[78,038s][debug][gc,ihop           ] GC(72) Basic information (value update), threshold: 528773816B (9,85), target occupancy: 5368709120B, current occupancy: 1437632048B, recent allocation size: 0B, recent allocation duration: 1701,64ms, recent old gen allocation rate: 0,00B/s, recent marking phase length: 2584,59ms
[78,038s][debug][gc,task,start     ] G1 Service Thread (Card Set Free Memory Task) (run 0,068ms after schedule)
[78,038s][debug][gc,ihop           ] GC(72) Adaptive IHOP information (value update), threshold: 528773816B (10,37), internal target occupancy: 5100273664B, occupancy: 1437632048B, additional buffer size: 3003121664B, predicted old gen allocation rate: 574541421,66B/s, predicted marking phase length: 2729,79ms, prediction active: true
[78,038s][debug][gc,ergo,refine    ] GC(72) GC refinement: goal: 255546 + 600 / 20,00ms, actual: 2690 / 0,24ms, 
[78,038s][debug][gc,ergo,refine    ] GC(72) Unchanged pending cards target: 255546
[78,038s][info ][gc,phases         ] GC(72)   Pre Evacuate Collection Set: 0,41ms
[78,038s][debug][gc,phases         ] GC(72)     Pre Evacuate Prepare: 0,12ms
[78,038s][debug][gc,phases         ] GC(72)       JT Retire TLABs And Flush Logs (ms): Min: 0,00, Avg: 0,01, Max: 0,01, Diff: 0,01, Sum: 0,01, Workers: 2
[78,038s][debug][gc,phases         ] GC(72)       Non-JT Flush Logs (ms):        Min: 0,02, Avg: 0,02, Max: 0,02, Diff: 0,00, Sum: 0,02, Workers: 1
[78,039s][debug][gc,phases         ] GC(72)     Choose Collection Set: 0,04ms
[78,039s][debug][gc,phases         ] GC(72)     Region Register: 0,24ms
[78,039s][debug][gc,phases         ] GC(72)     Prepare Heap Roots: 0,00ms
[78,039s][info ][gc,phases         ] GC(72)   Merge Heap Roots: 0,50ms
[78,039s][debug][gc,phases         ] GC(72)     Prepare Merge Heap Roots: 0,02ms
[78,039s][debug][gc,phases         ] GC(72)     Remembered Sets (ms):          Min: 0,04, Avg: 0,05, Max: 0,07, Diff: 0,03, Sum: 0,69, Workers: 15
[78,039s][debug][gc,phases         ] GC(72)       Eager Reclaim (ms):            skipped
[78,039s][debug][gc,phases         ] GC(72)       Merged Inline                  Min: 0, Avg:  4,1, Max: 43, Diff: 43, Sum: 62, Workers: 15
[78,039s][debug][gc,phases         ] GC(72)       Merged ArrayOfCards            Min: 0, Avg: 12,5, Max: 150, Diff: 150, Sum: 187, Workers: 15
[78,039s][debug][gc,phases         ] GC(72)       Merged Howl                    Min: 0, Avg:  0,0, Max: 0, Diff: 0, Sum: 0, Workers: 15
[78,039s][debug][gc,phases         ] GC(72)       Merged Full                    Min: 0, Avg:  0,0, Max: 0, Diff: 0, Sum: 0, Workers: 15
[78,039s][debug][gc,phases         ] GC(72)       Merged Howl Inline             Min: 0, Avg:  0,0, Max: 0, Diff: 0, Sum: 0, Workers: 15
[78,039s][debug][gc,phases         ] GC(72)       Merged Howl ArrayOfCards       Min: 0, Avg:  0,0, Max: 0, Diff: 0, Sum: 0, Workers: 15
[78,039s][debug][gc,phases         ] GC(72)       Merged Howl BitMap             Min: 0, Avg:  0,0, Max: 0, Diff: 0, Sum: 0, Workers: 15
[78,039s][debug][gc,phases         ] GC(72)       Merged Howl Full               Min: 0, Avg:  0,0, Max: 0, Diff: 0, Sum: 0, Workers: 15
[78,039s][debug][gc,phases         ] GC(72)       Merged Cards                   Min: 8, Avg: 149,8, Max: 1659, Diff: 1651, Sum: 2247, Workers: 15
[78,039s][debug][gc,phases         ] GC(72)     Log Buffers (ms):              Min: 0,00, Avg: 0,00, Max: 0,04, Diff: 0,04, Sum: 0,06, Workers: 15
[78,039s][debug][gc,phases         ] GC(72)       Dirty Cards:                   Min: 0, Avg: 179,3, Max: 1884, Diff: 1884, Sum: 2690, Workers: 15
[78,039s][debug][gc,phases         ] GC(72)       Skipped Cards:                 Min: 0, Avg:  0,0, Max: 0, Diff: 0, Sum: 0, Workers: 15
[78,039s][info ][gc,phases         ] GC(72)   Evacuate Collection Set: 21,89ms
[78,039s][debug][gc,phases         ] GC(72)     Ext Root Scanning (ms):        Min: 0,00, Avg: 0,03, Max: 0,11, Diff: 0,11, Sum: 0,44, Workers: 15
[78,039s][debug][gc,phases         ] GC(72)     Scan Heap Roots (ms):          Min: 0,15, Avg: 0,24, Max: 0,28, Diff: 0,13, Sum: 3,57, Workers: 15
[78,039s][debug][gc,phases         ] GC(72)       Scanned Cards:                 Min: 112, Avg: 178,7, Max: 258, Diff: 146, Sum: 2681, Workers: 15
[78,039s][debug][gc,phases         ] GC(72)       Scanned Blocks:                Min: 98, Avg: 159,1, Max: 219, Diff: 121, Sum: 2387, Workers: 15
[78,039s][debug][gc,phases         ] GC(72)       Claimed Chunks:                Min: 47, Avg: 145,9, Max: 219, Diff: 172, Sum: 2188, Workers: 15
[78,039s][debug][gc,phases         ] GC(72)       Found Roots:                   Min: 5, Avg: 159,4, Max: 252, Diff: 247, Sum: 2391, Workers: 15
[78,039s][debug][gc,phases         ] GC(72)     Code Root Scan (ms):           Min: 0,02, Avg: 0,03, Max: 0,03, Diff: 0,01, Sum: 0,40, Workers: 15
[78,039s][debug][gc,phases         ] GC(72)       Scanned Nmethods               Min: 0, Avg:  0,0, Max: 0, Diff: 0, Sum: 0, Workers: 15
[78,039s][debug][gc,phases         ] GC(72)     Object Copy (ms):              Min: 21,21, Avg: 21,23, Max: 21,36, Diff: 0,15, Sum: 318,52, Workers: 15
[78,039s][debug][gc,phases         ] GC(72)     Termination (ms):              Min: 0,04, Avg: 0,09, Max: 0,12, Diff: 0,08, Sum: 1,33, Workers: 15
[78,039s][debug][gc,phases         ] GC(72)       Termination Attempts:          Min: 1, Avg:  1,0, Max: 1, Diff: 0, Sum: 15, Workers: 15
[78,039s][debug][gc,phases         ] GC(72)     GC Worker Other (ms):          Min: 0,04, Avg: 0,05, Max: 0,07, Diff: 0,03, Sum: 0,72, Workers: 15
[78,039s][debug][gc,phases         ] GC(72)     GC Worker Total (ms):          Min: 21,56, Avg: 21,67, Max: 21,79, Diff: 0,23, Sum: 324,98, Workers: 15
[78,039s][info ][gc,phases         ] GC(72)   Post Evacuate Collection Set: 2,16ms
[78,039s][debug][gc,phases         ] GC(72)     NMethod List Cleanup: 0,01ms
[78,039s][debug][gc,phases         ] GC(72)     Reference Processing: 1,22ms
[78,039s][debug][gc,phases,ref     ] GC(72)       Notify Soft/WeakReferences: 0,6ms
[78,039s][debug][gc,phases,ref     ] GC(72)         Balance queues: 0,0ms
[78,039s][debug][gc,phases,ref     ] GC(72)         SoftRef (ms):                  Min: 0,00, Avg: 0,00, Max: 0,00, Diff: 0,00, Sum: 0,00, Workers: 3
[78,039s][debug][gc,phases,ref     ] GC(72)         WeakRef (ms):                  Min: 0,00, Avg: 0,00, Max: 0,00, Diff: 0,00, Sum: 0,00, Workers: 3
[78,039s][debug][gc,phases,ref     ] GC(72)         FinalRef (ms):                 Min: 0,05, Avg: 0,09, Max: 0,11, Diff: 0,06, Sum: 0,26, Workers: 3
[78,039s][debug][gc,phases,ref     ] GC(72)         Total (ms):                    Min: 0,12, Avg: 0,23, Max: 0,38, Diff: 0,26, Sum: 0,69, Workers: 3
[78,039s][debug][gc,phases,ref     ] GC(72)       Notify and keep alive finalizable: 0,6ms
[78,039s][debug][gc,phases,ref     ] GC(72)         Balance queues: 0,0ms
[78,039s][debug][gc,phases,ref     ] GC(72)         FinalRef (ms):                 Min: 0,08, Avg: 0,20, Max: 0,27, Diff: 0,18, Sum: 2,95, Workers: 15
[78,039s][debug][gc,phases,ref     ] GC(72)       Notify PhantomReferences: 0,1ms
[78,039s][debug][gc,phases,ref     ] GC(72)         PhantomRef (ms):               Min: 0,01, Avg: 0,01, Max: 0,01, Diff: 0,00, Sum: 0,01, Workers: 1
[78,039s][debug][gc,phases,ref     ] GC(72)       SoftReference Discovered: 0, Dropped: 0, Processed: 0
[78,039s][debug][gc,phases,ref     ] GC(72)       WeakReference Discovered: 0, Dropped: 0, Processed: 0
[78,039s][debug][gc,phases,ref     ] GC(72)       FinalReference Discovered: 2098, Dropped: 0, Processed: 2098
[78,039s][debug][gc,phases,ref     ] GC(72)       PhantomReference Discovered: 41, Dropped: 2, Processed: 39
[78,039s][debug][gc,phases         ] GC(72)     Weak Processing: 0,22ms
[78,039s][debug][gc,phases         ] GC(72)       VM Weak                        Min: 0,00, Avg: 0,00, Max: 0,01, Diff: 0,01, Sum: 0,02, Workers: 15
[78,039s][debug][gc,phases         ] GC(72)         Dead                           Min: 0, Avg:  0,0, Max: 0, Diff: 0, Sum: 0, Workers: 15
[78,039s][debug][gc,phases         ] GC(72)         Total                          Min: 0, Avg: 11,3, Max: 128, Diff: 128, Sum: 170, Workers: 15
[78,039s][debug][gc,phases         ] GC(72)       ObjectSynchronizer Weak        Min: 0,00, Avg: 0,00, Max: 0,00, Diff: 0,00, Sum: 0,01, Workers: 15
[78,039s][debug][gc,phases         ] GC(72)         Dead                           Min: 0, Avg:  0,0, Max: 0, Diff: 0, Sum: 0, Workers: 15
[78,039s][debug][gc,phases         ] GC(72)         Total                          Min: 0, Avg:  0,3, Max: 4, Diff: 4, Sum: 4, Workers: 15
[78,039s][debug][gc,phases         ] GC(72)       JVMTI Tag Weak OopStorage      Min: 0,00, Avg: 0,00, Max: 0,00, Diff: 0,00, Sum: 0,00, Workers: 15
[78,039s][debug][gc,phases         ] GC(72)         Dead                           Min: 0, Avg:  0,0, Max: 0, Diff: 0, Sum: 0, Workers: 15
[78,039s][debug][gc,phases         ] GC(72)         Total                          Min: 0, Avg:  0,0, Max: 0, Diff: 0, Sum: 0, Workers: 15
[78,039s][debug][gc,phases         ] GC(72)       StringTable Weak               Min: 0,00, Avg: 0,01, Max: 0,06, Diff: 0,06, Sum: 0,17, Workers: 15
[78,039s][debug][gc,phases         ] GC(72)         Dead                           Min: 0, Avg:  0,0, Max: 0, Diff: 0, Sum: 0, Workers: 15
[78,039s][debug][gc,phases         ] GC(72)         Total                          Min: 0, Avg: 567,6, Max: 2688, Diff: 2688, Sum: 8514, Workers: 15
[78,039s][debug][gc,phases         ] GC(72)       ResolvedMethodTable Weak       Min: 0,00, Avg: 0,00, Max: 0,01, Diff: 0,01, Sum: 0,03, Workers: 15
[78,039s][debug][gc,phases         ] GC(72)         Dead                           Min: 0, Avg:  0,0, Max: 0, Diff: 0, Sum: 0, Workers: 15
[78,039s][debug][gc,phases         ] GC(72)         Total                          Min: 0, Avg: 113,7, Max: 502, Diff: 502, Sum: 1706, Workers: 15
[78,039s][debug][gc,phases         ] GC(72)       JNI Weak                       Min: 0,00, Avg: 0,00, Max: 0,00, Diff: 0,00, Sum: 0,00, Workers: 15
[78,039s][debug][gc,phases         ] GC(72)         Dead                           Min: 0, Avg:  0,0, Max: 0, Diff: 0, Sum: 0, Workers: 15
[78,039s][debug][gc,phases         ] GC(72)         Total                          Min: 0, Avg:  0,0, Max: 0, Diff: 0, Sum: 0, Workers: 15
[78,039s][debug][gc,phases         ] GC(72)       StringDedup Table Weak         Min: 0,00, Avg: 0,01, Max: 0,03, Diff: 0,03, Sum: 0,16, Workers: 15
[78,039s][debug][gc,phases         ] GC(72)         Dead                           Min: 0, Avg:  0,0, Max: 0, Diff: 0, Sum: 0, Workers: 15
[78,039s][debug][gc,phases         ] GC(72)         Total                          Min: 0, Avg: 877,7, Max: 3264, Diff: 3264, Sum: 13166, Workers: 15
[78,039s][debug][gc,phases         ] GC(72)       StringDedup Requests0 Weak     Min: 0,00, Avg: 0,00, Max: 0,00, Diff: 0,00, Sum: 0,01, Workers: 15
[78,039s][debug][gc,phases         ] GC(72)         Dead                           Min: 0, Avg:  0,0, Max: 0, Diff: 0, Sum: 0, Workers: 15
[78,039s][debug][gc,phases         ] GC(72)         Total                          Min: 0, Avg:  0,0, Max: 0, Diff: 0, Sum: 0, Workers: 15
[78,039s][debug][gc,phases         ] GC(72)       StringDedup Requests1 Weak     Min: 0,00, Avg: 0,00, Max: 0,00, Diff: 0,00, Sum: 0,01, Workers: 15
[78,039s][debug][gc,phases         ] GC(72)         Dead                           Min: 0, Avg:  0,0, Max: 0, Diff: 0, Sum: 0, Workers: 15
[78,039s][debug][gc,phases         ] GC(72)         Total                          Min: 0, Avg:  0,0, Max: 0, Diff: 0, Sum: 0, Workers: 15
[78,039s][debug][gc,phases         ] GC(72)       Weak JFR Old Object Samples    Min: 0,00, Avg: 0,00, Max: 0,00, Diff: 0,00, Sum: 0,01, Workers: 15
[78,039s][debug][gc,phases         ] GC(72)         Dead                           Min: 0, Avg:  0,0, Max: 0, Diff: 0, Sum: 0, Workers: 15
[78,039s][debug][gc,phases         ] GC(72)         Total                          Min: 0, Avg:  0,0, Max: 0, Diff: 0, Sum: 0, Workers: 15
[78,039s][debug][gc,phases         ] GC(72)     Post Evacuate Cleanup 1: 0,29ms
[78,039s][debug][gc,phases         ] GC(72)       Merge Per-Thread State (ms):   Min: 0,06, Avg: 0,06, Max: 0,06, Diff: 0,00, Sum: 0,06, Workers: 1
[78,039s][debug][gc,phases         ] GC(72)         Copied Bytes                   Min: 12181496, Avg: 15768994,7, Max: 18529232, Diff: 6347736, Sum: 236534920, Workers: 15
[78,039s][debug][gc,phases         ] GC(72)         LAB Waste                      Min: 200, Avg: 2337,6, Max: 5168, Diff: 4968, Sum: 35064, Workers: 15
[78,039s][debug][gc,phases         ] GC(72)         LAB Undo Waste                 Min: 0, Avg:  0,0, Max: 0, Diff: 0, Sum: 0, Workers: 15
[78,039s][debug][gc,phases         ] GC(72)         Evac Fail Extra Cards          Min: 0, Avg:  0,0, Max: 0, Diff: 0, Sum: 0, Workers: 15
[78,039s][debug][gc,phases         ] GC(72)       Clear Logged Cards (ms):       Min: 0,00, Avg: 0,08, Max: 0,16, Diff: 0,16, Sum: 0,56, Workers: 7
[78,039s][debug][gc,phases         ] GC(72)       Recalculate Used Memory (ms):  Min: 0,00, Avg: 0,00, Max: 0,00, Diff: 0,00, Sum: 0,00, Workers: 1
[78,039s][debug][gc,phases         ] GC(72)     Post Evacuate Cleanup 2: 0,29ms
[78,039s][debug][gc,phases         ] GC(72)       Update Derived Pointers (ms):  Min: 0,01, Avg: 0,01, Max: 0,01, Diff: 0,00, Sum: 0,01, Workers: 1
[78,039s][debug][gc,phases         ] GC(72)       Eagerly Reclaim Humongous Objects (ms): skipped
[78,039s][debug][gc,phases         ] GC(72)         Humongous Total                skipped
[78,039s][debug][gc,phases         ] GC(72)         Humongous Candidates           skipped
[78,039s][debug][gc,phases         ] GC(72)         Humongous Reclaimed            skipped
[78,039s][debug][gc,phases         ] GC(72)       Sample CSet Candidates (ms):   Min: 0,02, Avg: 0,02, Max: 0,02, Diff: 0,00, Sum: 0,02, Workers: 1
[78,039s][debug][gc,phases         ] GC(72)       Redirty Logged Cards (ms):     Min: 0,00, Avg: 0,00, Max: 0,03, Diff: 0,03, Sum: 0,06, Workers: 15
[78,039s][debug][gc,phases         ] GC(72)         Redirtied Cards:               Min: 0, Avg: 144,5, Max: 1194, Diff: 1194, Sum: 2168, Workers: 15
[78,039s][debug][gc,phases         ] GC(72)       Resize TLABs (ms):             Min: 0,00, Avg: 0,00, Max: 0,01, Diff: 0,01, Sum: 0,01, Workers: 15
[78,040s][debug][gc,phases         ] GC(72)       Free Collection Set (ms):      Min: 0,03, Avg: 0,09, Max: 0,14, Diff: 0,11, Sum: 1,30, Workers: 15
[78,040s][debug][gc,phases         ] GC(72)     Rebuild Free List: 0,07ms
[78,040s][debug][gc,phases         ] GC(72)     Prepare For Mutator: 0,07ms
[78,040s][debug][gc,phases         ] GC(72)     Expand Heap After Collection: 0,00ms
[78,040s][info ][gc,phases         ] GC(72)   Other: 0,34ms
[78,040s][debug][gc,remset         ] GC(72) Coarsening (recent): Inline->AoC 891 (0) AoC->Howl 425 (0) Howl->Full 84 (0) Inline->AoC 2095 (0) AoC->BitMap 1973 (0) BitMap->Full 360 (0) 
[78,040s][debug][gc,remset         ] GC(72) Coarsening (all): Inline->AoC 11880 (0) AoC->Howl 5722 (0) Howl->Full 1563 (0) Inline->AoC 33295 (0) AoC->BitMap 31763 (0) BitMap->Full 6405 (0) 
[78,040s][info ][gc,heap           ] GC(72) Eden regions: 466->0(657)
[78,040s][info ][gc,heap           ] GC(72) Survivor regions: 19->59(61)
[78,040s][info ][gc,heap           ] GC(72) Old regions: 285->285
[78,040s][info ][gc,heap           ] GC(72) Humongous regions: 0->0
[78,040s][info ][gc,metaspace      ] GC(72) Metaspace: 20805K(21184K)->20805K(21184K) NonClass: 18187K(18368K)->18187K(18368K) Class: 2617K(2816K)->2617K(2816K)
[78,040s][debug][gc,heap           ] GC(72) Heap after GC invocations=73 (full 0):
[78,040s][debug][gc,heap           ] GC(72)  garbage-first heap   total reserved 8388608K, committed 5242880K, used 1403937K [0x0000000600000000, 0x0000000800000000)
[78,040s][debug][gc,heap           ] GC(72)   region size 4096K, 59 young (241664K), 59 survivors (241664K)
[78,040s][debug][gc,heap           ] GC(72)  Metaspace       used 20805K, committed 21184K, reserved 1114112K
[78,040s][debug][gc,heap           ] GC(72)   class space    used 2617K, committed 2816K, reserved 1048576K
[78,040s][info ][gc                ] GC(72) Pause Young (Prepare Mixed) (G1 Evacuation Pause) 3075M->1371M(5120M) 26,642ms
[78,040s][info ][gc,cpu            ] GC(72) User=0,34s Sys=0,00s Real=0,02s
[78,040s][debug][gc,refine         ] Concurrent refinement: wanted 0, cards: 2168, predicted: 5466, time: 2092,47ms
[78,040s][debug][gc,task           ] G1 Service Thread (Card Set Free Memory Task) (run: 1,654ms) (cpu: 0,256ms)
[78,222s][debug][gc,refine         ] Concurrent refinement: wanted 0, cards: 2168, predicted: 5336, time: 2009,60ms
[78,401s][debug][gc,refine         ] Concurrent refinement: wanted 0, cards: 2168, predicted: 5205, time: 1926,73ms
[78,432s][debug][gc,task,start     ] G1 Service Thread (Periodic GC Task) (run 0,149ms after schedule)
[78,432s][debug][gc,task           ] G1 Service Thread (Periodic GC Task) (run: 0,056ms) (cpu: 0,068ms)
[78,577s][debug][gc,refine         ] Concurrent refinement: wanted 0, cards: 2168, predicted: 4333, time: 1373,87ms
[78,725s][debug][gc,refine         ] Concurrent refinement: wanted 0, cards: 2168, predicted: 3816, time: 1045,44ms
[78,854s][debug][gc,refine         ] Concurrent refinement: wanted 0, cards: 2168, predicted: 3753, time: 1005,60ms
[78,980s][debug][gc,refine         ] Concurrent refinement: wanted 0, cards: 2168, predicted: 3662, time: 948,22ms
[79,104s][debug][gc,refine         ] Concurrent refinement: wanted 0, cards: 2168, predicted: 3572, time: 890,85ms
[79,223s][debug][gc,refine         ] Concurrent refinement: wanted 0, cards: 2168, predicted: 3486, time: 836,67ms
[79,338s][debug][gc,refine         ] Concurrent refinement: wanted 0, cards: 2168, predicted: 3404, time: 784,08ms
[79,432s][debug][gc,task,start     ] G1 Service Thread (Periodic GC Task) (run 0,079ms after schedule)
[79,432s][debug][gc,task           ] G1 Service Thread (Periodic GC Task) (run: 0,046ms) (cpu: 0,055ms)
[79,450s][debug][gc,refine         ] Concurrent refinement: wanted 0, cards: 2168, predicted: 3323, time: 733,08ms
[79,558s][debug][gc,refine         ] Concurrent refinement: wanted 0, cards: 2168, predicted: 3245, time: 683,68ms
[79,663s][debug][gc,refine         ] Concurrent refinement: wanted 0, cards: 2168, predicted: 3170, time: 635,87ms
[79,763s][debug][gc,refine         ] Concurrent refinement: wanted 0, cards: 2168, predicted: 3097, time: 589,65ms
[79,860s][debug][gc,refine         ] Concurrent refinement: wanted 0, cards: 2168, predicted: 2351, time: 116,12ms
[79,869s][info ][gc,start          ] GC(73) Pause Young (Mixed) (G1 Evacuation Pause)
[79,869s][debug][gc,heap           ] GC(73) Heap before GC invocations=73 (full 0):
[79,869s][debug][gc,heap           ] GC(73)  garbage-first heap   total reserved 8388608K, committed 5242880K, used 4090913K [0x0000000600000000, 0x0000000800000000)
[79,869s][debug][gc,heap           ] GC(73)   region size 4096K, 716 young (2932736K), 59 survivors (241664K)
[79,869s][debug][gc,heap           ] GC(73)  Metaspace       used 20807K, committed 21184K, reserved 1114112K
[79,869s][debug][gc,heap           ] GC(73)   class space    used 2617K, committed 2816K, reserved 1048576K
[79,869s][info ][gc,task           ] GC(73) Using 15 workers of 15 for evacuation
[79,869s][debug][gc,age            ] GC(73) Desired survivor size 188743680 bytes, new threshold 1 (max threshold 15)
[79,869s][debug][gc,tlab           ] GC(73) TLAB totals: thrds: 23  refills: 2352 max: 511 slow allocs: 837 max 76 waste:  0,5% gc: 8369360B max: 1033760B slow: 4397608B max: 762192B
[79,869s][debug][gc,refine,stats   ] GC(73) Mutator refinement: 0,00ms, refined: 0, precleaned: 0, dirtied: 48
[79,869s][debug][gc,refine,stats   ] GC(73) Concurrent refinement: 0,00ms, refined: 0, precleaned: 0, dirtied: 0
[79,869s][debug][gc,refine,stats   ] GC(73) Total refinement: 0,00ms, refined: 0, precleaned: 0, dirtied: 48
[79,869s][debug][gc,refine,stats   ] GC(73) Generate dirty cards rate: 0,03 cards/ms
[79,869s][debug][gc,alloc,region   ] GC(73) Mutator Allocation stats, regions: 657, wasted size: 3448B ( 0,0%)
[79,869s][debug][gc,ergo,cset      ] GC(73) Start adding marking candidates to collection set. Min 13 regions, max 128 regions, available 104 regionstime remaining 125,91ms, optional threshold 25,18ms
[79,869s][debug][gc,ergo,cset      ] GC(73) Marking candidates exhausted.
[79,869s][debug][gc,ergo,cset      ] GC(73) Finish adding marking candidates to collection set. Initial: 104, optional: 0, pinned: 0, predicted initial time: 2,43ms, predicted optional time: 0,00ms, time remaining: 123,48ms
[79,869s][debug][gc,ergo,cset      ] GC(73) Start adding retained candidates to collection set. Min 1 regions, available 0, time remaining 40,00ms, optional remaining 40,00ms
[79,869s][debug][gc,ergo,cset      ] GC(73) Retained candidates exhausted.
[79,869s][debug][gc,ergo,cset      ] GC(73) Finish adding retained candidates to collection set. Initial: 0, optional: 0, pinned: 0, predicted initial time: 0,00ms, predicted optional time: 0,00ms, time remaining: 40,00ms optional time remaining 40,00ms
[79,870s][debug][gc,ergo           ] GC(73) Running G1 Merge Heap Roots using 15 workers for 820 regions
[79,870s][debug][gc,remset         ] GC(73) Visited cards 136640 Total dirty 1294336 (10,56%) Total old 14917632 (0,92%)
[79,912s][debug][gc,ref            ] GC(73) ReferenceProcessor::execute queues: 4, RefProcThreadModel::Multi, marks_oops_alive: false
[79,913s][debug][gc,ref            ] GC(73) ReferenceProcessor::execute queues: 15, RefProcThreadModel::Multi, marks_oops_alive: true
[79,913s][debug][gc,ref            ] GC(73) ReferenceProcessor::execute queues: 1, RefProcThreadModel::Single, marks_oops_alive: false
[79,913s][debug][gc,ergo           ] GC(73) Initializing removing self forwards with 128 chunks per region
[79,914s][debug][gc,ergo           ] GC(73) Running G1 Rebuild Free List Task using 15 workers for rebuilding free list of regions
[79,914s][debug][gc,plab           ] GC(73) Young PLAB allocation: allocated: 377487360B, wasted: 48008B, unused: 0B, used: 377439352B, undo waste: 0B, 
[79,914s][debug][gc,plab           ] GC(73) Young other allocation: region end waste: 0B, regions filled: 90, num plab filled: 195, direct allocated: 0B, num direct allocated: 0, failure used: 0B, failure wasted: 0B
[79,914s][debug][gc,plab           ] GC(73) Young sizing: calculated: 75487864B, actual: 66880896B
[79,914s][debug][gc,plab           ] GC(73) Old PLAB allocation: allocated: 93242816B, wasted: 30552B, unused: 10849728B, used: 82362536B, undo waste: 0B, 
[79,914s][debug][gc,plab           ] GC(73) Old other allocation: region end waste: 0B, regions filled: 23, num plab filled: 108, direct allocated: 0B, num direct allocated: 0, failure used: 505736B, failure wasted: 7882872B
[79,914s][debug][gc,plab           ] GC(73) Old sizing: calculated: 16472504B, actual: 16185984B
[79,914s][debug][gc,ergo,heap      ] GC(73) Heap expansion: short term pause time ratio 1,74% long term pause time ratio 3,81% threshold 7,69% pause time ratio 7,69% fully expanded false resize by 0B
[79,914s][debug][gc,ergo,ihop      ] GC(73) Do not request concurrent cycle initiation (still doing mixed collections) occupancy: 859832320B allocation request: 0B threshold: 528773816B (9,85) source: end of GC
[79,914s][debug][gc,mmu            ] GC(73) MMU: 44,8ms (200,0ms/201,0ms)
[79,914s][debug][gc,ergo           ] GC(73) do not continue mixed GCs (candidate old regions not available)
[79,914s][debug][gc,ergo,ihop      ] GC(73) Request concurrent cycle initiation (occupancy higher than threshold) occupancy: 859832320B allocation request: 0B threshold: 528773816B (9,85) source: end of GC
[79,914s][debug][gc,alloc,stats    ] Old generation allocation in the last mutator period, old gen allocated: 101631424B, humongous allocated: 0B, old gen growth: 101631424B.
[79,914s][debug][gc,task,start     ] G1 Service Thread (Card Set Free Memory Task) (run 0,077ms after schedule)
[79,914s][debug][gc,ihop           ] GC(73) Basic information (value update), threshold: 487874538B (9,09), target occupancy: 5368709120B, current occupancy: 1233079280B, recent allocation size: 101631424B, recent allocation duration: 1701,64ms, recent old gen allocation rate: 59725657,49B/s, recent marking phase length: 3532,42ms
[79,914s][debug][gc,ihop           ] GC(73) Adaptive IHOP information (value update), threshold: 487874538B (9,57), internal target occupancy: 5100273664B, occupancy: 1233079280B, additional buffer size: 3003121664B, predicted old gen allocation rate: 574541421,66B/s, predicted marking phase length: 2800,98ms, prediction active: true
[79,914s][debug][gc,ergo,refine    ] GC(73) GC refinement: goal: 255546 + 511 / 20,00ms, actual: 2197 / 0,24ms, 
[79,914s][debug][gc,ergo,refine    ] GC(73) Unchanged pending cards target: 255546
[79,914s][info ][gc,phases         ] GC(73)   Pre Evacuate Collection Set: 0,34ms
[79,914s][debug][gc,phases         ] GC(73)     Pre Evacuate Prepare: 0,04ms
[79,914s][debug][gc,phases         ] GC(73)       JT Retire TLABs And Flush Logs (ms): Min: 0,00, Avg: 0,01, Max: 0,02, Diff: 0,02, Sum: 0,02, Workers: 2
[79,914s][debug][gc,phases         ] GC(73)       Non-JT Flush Logs (ms):        Min: 0,01, Avg: 0,01, Max: 0,01, Diff: 0,00, Sum: 0,01, Workers: 1
[79,914s][debug][gc,phases         ] GC(73)     Choose Collection Set: 0,12ms
[79,914s][debug][gc,phases         ] GC(73)     Region Register: 0,18ms
[79,914s][debug][gc,phases         ] GC(73)     Prepare Heap Roots: 0,00ms
[79,914s][info ][gc,phases         ] GC(73)   Merge Heap Roots: 0,49ms
[79,914s][debug][gc,phases         ] GC(73)     Prepare Merge Heap Roots: 0,02ms
[79,914s][debug][gc,phases         ] GC(73)     Remembered Sets (ms):          Min: 0,11, Avg: 0,16, Max: 0,21, Diff: 0,10, Sum: 2,37, Workers: 15
[79,914s][debug][gc,phases         ] GC(73)       Eager Reclaim (ms):            skipped
[79,914s][debug][gc,phases         ] GC(73)       Merged Inline                  Min: 0, Avg:  8,1, Max: 61, Diff: 61, Sum: 121, Workers: 15
[79,914s][debug][gc,phases         ] GC(73)       Merged ArrayOfCards            Min: 0, Avg:  3,4, Max: 27, Diff: 27, Sum: 51, Workers: 15
[79,914s][debug][gc,phases         ] GC(73)       Merged Howl                    Min: 0, Avg:  0,0, Max: 0, Diff: 0, Sum: 0, Workers: 15
[79,914s][debug][gc,phases         ] GC(73)       Merged Full                    Min: 0, Avg:  0,0, Max: 0, Diff: 0, Sum: 0, Workers: 15
[79,914s][debug][gc,phases         ] GC(73)       Merged Howl Inline             Min: 0, Avg:  0,0, Max: 0, Diff: 0, Sum: 0, Workers: 15
[79,914s][debug][gc,phases         ] GC(73)       Merged Howl ArrayOfCards       Min: 0, Avg:  0,0, Max: 0, Diff: 0, Sum: 0, Workers: 15
[79,914s][debug][gc,phases         ] GC(73)       Merged Howl BitMap             Min: 0, Avg:  0,0, Max: 0, Diff: 0, Sum: 0, Workers: 15
[79,914s][debug][gc,phases         ] GC(73)       Merged Howl Full               Min: 0, Avg:  0,0, Max: 0, Diff: 0, Sum: 0, Workers: 15
[79,914s][debug][gc,phases         ] GC(73)       Merged Cards                   Min: 8, Avg: 51,3, Max: 359, Diff: 351, Sum: 770, Workers: 15
[79,914s][debug][gc,phases         ] GC(73)     Log Buffers (ms):              Min: 0,00, Avg: 0,01, Max: 0,06, Diff: 0,06, Sum: 0,19, Workers: 15
[79,914s][debug][gc,phases         ] GC(73)       Dirty Cards:                   Min: 0, Avg: 146,5, Max: 816, Diff: 816, Sum: 2197, Workers: 15
[79,914s][debug][gc,phases         ] GC(73)       Skipped Cards:                 Min: 0, Avg:  1,3, Max: 6, Diff: 6, Sum: 19, Workers: 15
[79,914s][info ][gc,phases         ] GC(73)   Evacuate Collection Set: 42,30ms
[79,914s][debug][gc,phases         ] GC(73)     Ext Root Scanning (ms):        Min: 0,00, Avg: 0,06, Max: 0,19, Diff: 0,19, Sum: 0,87, Workers: 15
[79,914s][debug][gc,phases         ] GC(73)     Scan Heap Roots (ms):          Min: 0,03, Avg: 0,28, Max: 0,41, Diff: 0,38, Sum: 4,16, Workers: 15
[79,914s][debug][gc,phases         ] GC(73)       Scanned Cards:                 Min: 22, Avg: 180,5, Max: 283, Diff: 261, Sum: 2707, Workers: 15
[79,914s][debug][gc,phases         ] GC(73)       Scanned Blocks:                Min: 14, Avg: 148,5, Max: 214, Diff: 200, Sum: 2228, Workers: 15
[79,914s][debug][gc,phases         ] GC(73)       Claimed Chunks:                Min: 8, Avg: 142,3, Max: 208, Diff: 200, Sum: 2135, Workers: 15
[79,914s][debug][gc,phases         ] GC(73)       Found Roots:                   Min: 43, Avg: 297,8, Max: 506, Diff: 463, Sum: 4467, Workers: 15
[79,914s][debug][gc,phases         ] GC(73)     Code Root Scan (ms):           Min: 0,04, Avg: 0,05, Max: 0,09, Diff: 0,05, Sum: 0,78, Workers: 15
[79,914s][debug][gc,phases         ] GC(73)       Scanned Nmethods               Min: 0, Avg:  0,5, Max: 8, Diff: 8, Sum: 8, Workers: 15
[79,914s][debug][gc,phases         ] GC(73)     Object Copy (ms):              Min: 41,56, Avg: 41,68, Max: 41,93, Diff: 0,38, Sum: 625,18, Workers: 15
[79,914s][debug][gc,phases         ] GC(73)     Termination (ms):              Min: 0,04, Avg: 0,07, Max: 0,13, Diff: 0,09, Sum: 0,98, Workers: 15
[79,914s][debug][gc,phases         ] GC(73)       Termination Attempts:          Min: 1, Avg:  1,0, Max: 1, Diff: 0, Sum: 15, Workers: 15
[79,914s][debug][gc,phases         ] GC(73)     GC Worker Other (ms):          Min: 0,06, Avg: 0,07, Max: 0,08, Diff: 0,02, Sum: 0,98, Workers: 15
[79,914s][debug][gc,phases         ] GC(73)     GC Worker Total (ms):          Min: 42,13, Avg: 42,20, Max: 42,25, Diff: 0,12, Sum: 632,95, Workers: 15
[79,914s][info ][gc,phases         ] GC(73)   Post Evacuate Collection Set: 1,50ms
[79,914s][debug][gc,phases         ] GC(73)     NMethod List Cleanup: 0,01ms
[79,914s][debug][gc,phases         ] GC(73)     Reference Processing: 0,86ms
[79,914s][debug][gc,phases,ref     ] GC(73)       Notify Soft/WeakReferences: 0,4ms
[79,914s][debug][gc,phases,ref     ] GC(73)         Balance queues: 0,0ms
[79,914s][debug][gc,phases,ref     ] GC(73)         SoftRef (ms):                  Min: 0,00, Avg: 0,00, Max: 0,00, Diff: 0,00, Sum: 0,00, Workers: 4
[79,914s][debug][gc,phases,ref     ] GC(73)         WeakRef (ms):                  Min: 0,00, Avg: 0,00, Max: 0,00, Diff: 0,00, Sum: 0,00, Workers: 4
[79,914s][debug][gc,phases,ref     ] GC(73)         FinalRef (ms):                 Min: 0,06, Avg: 0,08, Max: 0,13, Diff: 0,07, Sum: 0,32, Workers: 4
[79,914s][debug][gc,phases,ref     ] GC(73)         Total (ms):                    Min: 0,14, Avg: 0,19, Max: 0,25, Diff: 0,12, Sum: 0,77, Workers: 4
[79,915s][debug][gc,phases,ref     ] GC(73)       Notify and keep alive finalizable: 0,4ms
[79,915s][debug][gc,phases,ref     ] GC(73)         Balance queues: 0,0ms
[79,915s][debug][gc,phases,ref     ] GC(73)         FinalRef (ms):                 Min: 0,16, Avg: 0,25, Max: 0,36, Diff: 0,20, Sum: 3,77, Workers: 15
[79,915s][debug][gc,phases,ref     ] GC(73)       Notify PhantomReferences: 0,1ms
[79,915s][debug][gc,phases,ref     ] GC(73)         PhantomRef (ms):               Min: 0,01, Avg: 0,01, Max: 0,01, Diff: 0,00, Sum: 0,01, Workers: 1
[79,915s][debug][gc,phases,ref     ] GC(73)       SoftReference Discovered: 0, Dropped: 0, Processed: 0
[79,915s][debug][gc,phases,ref     ] GC(73)       WeakReference Discovered: 0, Dropped: 0, Processed: 0
[79,915s][debug][gc,phases,ref     ] GC(73)       FinalReference Discovered: 3561, Dropped: 2, Processed: 3559
[79,915s][debug][gc,phases,ref     ] GC(73)       PhantomReference Discovered: 36, Dropped: 1, Processed: 35
[79,915s][debug][gc,phases         ] GC(73)     Weak Processing: 0,10ms
[79,915s][debug][gc,phases         ] GC(73)       VM Weak                        Min: 0,00, Avg: 0,00, Max: 0,00, Diff: 0,00, Sum: 0,01, Workers: 15
[79,915s][debug][gc,phases         ] GC(73)         Dead                           Min: 0, Avg:  0,0, Max: 0, Diff: 0, Sum: 0, Workers: 15
[79,915s][debug][gc,phases         ] GC(73)         Total                          Min: 0, Avg: 11,3, Max: 128, Diff: 128, Sum: 170, Workers: 15
[79,915s][debug][gc,phases         ] GC(73)       ObjectSynchronizer Weak        Min: 0,00, Avg: 0,00, Max: 0,00, Diff: 0,00, Sum: 0,00, Workers: 15
[79,915s][debug][gc,phases         ] GC(73)         Dead                           Min: 0, Avg:  0,0, Max: 0, Diff: 0, Sum: 0, Workers: 15
[79,915s][debug][gc,phases         ] GC(73)         Total                          Min: 0, Avg:  0,3, Max: 4, Diff: 4, Sum: 4, Workers: 15
[79,915s][debug][gc,phases         ] GC(73)       JVMTI Tag Weak OopStorage      Min: 0,00, Avg: 0,00, Max: 0,00, Diff: 0,00, Sum: 0,00, Workers: 15
[79,915s][debug][gc,phases         ] GC(73)         Dead                           Min: 0, Avg:  0,0, Max: 0, Diff: 0, Sum: 0, Workers: 15
[79,915s][debug][gc,phases         ] GC(73)         Total                          Min: 0, Avg:  0,0, Max: 0, Diff: 0, Sum: 0, Workers: 15
[79,915s][debug][gc,phases         ] GC(73)       StringTable Weak               Min: 0,00, Avg: 0,01, Max: 0,02, Diff: 0,02, Sum: 0,10, Workers: 15
[79,915s][debug][gc,phases         ] GC(73)         Dead                           Min: 0, Avg:  0,0, Max: 0, Diff: 0, Sum: 0, Workers: 15
[79,915s][debug][gc,phases         ] GC(73)         Total                          Min: 0, Avg: 568,6, Max: 2240, Diff: 2240, Sum: 8529, Workers: 15
[79,915s][debug][gc,phases         ] GC(73)       ResolvedMethodTable Weak       Min: 0,00, Avg: 0,00, Max: 0,01, Diff: 0,01, Sum: 0,03, Workers: 15
[79,915s][debug][gc,phases         ] GC(73)         Dead                           Min: 0, Avg:  0,0, Max: 0, Diff: 0, Sum: 0, Workers: 15
[79,915s][debug][gc,phases         ] GC(73)         Total                          Min: 0, Avg: 113,7, Max: 436, Diff: 436, Sum: 1706, Workers: 15
[79,915s][debug][gc,phases         ] GC(73)       JNI Weak                       Min: 0,00, Avg: 0,00, Max: 0,00, Diff: 0,00, Sum: 0,00, Workers: 15
[79,915s][debug][gc,phases         ] GC(73)         Dead                           Min: 0, Avg:  0,0, Max: 0, Diff: 0, Sum: 0, Workers: 15
[79,915s][debug][gc,phases         ] GC(73)         Total                          Min: 0, Avg:  0,0, Max: 0, Diff: 0, Sum: 0, Workers: 15
[79,915s][debug][gc,phases         ] GC(73)       StringDedup Table Weak         Min: 0,00, Avg: 0,01, Max: 0,02, Diff: 0,02, Sum: 0,11, Workers: 15
[79,915s][debug][gc,phases         ] GC(73)         Dead                           Min: 0, Avg:  0,0, Max: 0, Diff: 0, Sum: 0, Workers: 15
[79,915s][debug][gc,phases         ] GC(73)         Total                          Min: 0, Avg: 877,7, Max: 3136, Diff: 3136, Sum: 13166, Workers: 15
[79,915s][debug][gc,phases         ] GC(73)       StringDedup Requests0 Weak     Min: 0,00, Avg: 0,00, Max: 0,00, Diff: 0,00, Sum: 0,00, Workers: 15
[79,915s][debug][gc,phases         ] GC(73)         Dead                           Min: 0, Avg:  0,0, Max: 0, Diff: 0, Sum: 0, Workers: 15
[79,915s][debug][gc,phases         ] GC(73)         Total                          Min: 0, Avg:  0,0, Max: 0, Diff: 0, Sum: 0, Workers: 15
[79,915s][debug][gc,phases         ] GC(73)       StringDedup Requests1 Weak     Min: 0,00, Avg: 0,00, Max: 0,00, Diff: 0,00, Sum: 0,02, Workers: 15
[79,915s][debug][gc,phases         ] GC(73)         Dead                           Min: 0, Avg:  0,0, Max: 0, Diff: 0, Sum: 0, Workers: 15
[79,915s][debug][gc,phases         ] GC(73)         Total                          Min: 0, Avg: 38,4, Max: 192, Diff: 192, Sum: 576, Workers: 15
[79,915s][debug][gc,phases         ] GC(73)       Weak JFR Old Object Samples    Min: 0,00, Avg: 0,00, Max: 0,00, Diff: 0,00, Sum: 0,00, Workers: 15
[79,915s][debug][gc,phases         ] GC(73)         Dead                           Min: 0, Avg:  0,0, Max: 0, Diff: 0, Sum: 0, Workers: 15
[79,915s][debug][gc,phases         ] GC(73)         Total                          Min: 0, Avg:  0,0, Max: 0, Diff: 0, Sum: 0, Workers: 15
[79,915s][debug][gc,phases         ] GC(73)     Post Evacuate Cleanup 1: 0,25ms
[79,915s][debug][gc,phases         ] GC(73)       Merge Per-Thread State (ms):   Min: 0,05, Avg: 0,05, Max: 0,05, Diff: 0,00, Sum: 0,05, Workers: 1
[79,915s][debug][gc,phases         ] GC(73)         Copied Bytes                   Min: 24050656, Avg: 30653459,2, Max: 35980216, Diff: 11929560, Sum: 459801888, Workers: 15
[79,915s][debug][gc,phases         ] GC(73)         LAB Waste                      Min: 648, Avg: 5237,3, Max: 10592, Diff: 9944, Sum: 78560, Workers: 15
[79,915s][debug][gc,phases         ] GC(73)         LAB Undo Waste                 Min: 0, Avg:  0,0, Max: 0, Diff: 0, Sum: 0, Workers: 15
[79,915s][debug][gc,phases         ] GC(73)         Evac Fail Extra Cards          Min: 0, Avg:  0,0, Max: 0, Diff: 0, Sum: 0, Workers: 15
[79,915s][debug][gc,phases         ] GC(73)       Clear Logged Cards (ms):       Min: 0,00, Avg: 0,05, Max: 0,18, Diff: 0,18, Sum: 0,80, Workers: 15
[79,915s][debug][gc,phases         ] GC(73)       Recalculate Used Memory (ms):  Min: 0,02, Avg: 0,02, Max: 0,02, Diff: 0,00, Sum: 0,02, Workers: 1
[79,915s][debug][gc,phases         ] GC(73)       Restore Evacuation Failed Regions (ms): Min: 0,00, Avg: 0,03, Max: 0,05, Diff: 0,05, Sum: 0,44, Workers: 15
[79,915s][debug][gc,phases         ] GC(73)         Evacuation Failed Regions:     Min: 1, Avg:  1,0, Max: 1, Diff: 0, Sum: 2, Workers: 2
[79,915s][debug][gc,phases         ] GC(73)         Pinned Regions:                Min: 1, Avg:  1,0, Max: 1, Diff: 0, Sum: 2, Workers: 2
[79,915s][debug][gc,phases         ] GC(73)         Allocation Failed Regions:     skipped
[79,915s][debug][gc,phases         ] GC(73)         Remove Self Forwards (ms):     Min: 0,00, Avg: 0,02, Max: 0,03, Diff: 0,03, Sum: 0,18, Workers: 12
[79,915s][debug][gc,phases         ] GC(73)           Forward Chunks:                Min: 1, Avg:  2,8, Max: 6, Diff: 5, Sum: 28, Workers: 10
[79,915s][debug][gc,phases         ] GC(73)           Empty Forward Chunks:          Min: 2, Avg: 19,0, Max: 40, Diff: 38, Sum: 228, Workers: 12
[79,915s][debug][gc,phases         ] GC(73)           Forward Objects:               Min: 1, Avg:  2,8, Max: 6, Diff: 5, Sum: 28, Workers: 10
[79,915s][debug][gc,phases         ] GC(73)           Forward Bytes:                 Min: 48, Avg: 50573,6, Max: 162480, Diff: 162432, Sum: 505736, Workers: 10
[79,915s][debug][gc,phases         ] GC(73)     Post Evacuate Cleanup 2: 0,18ms
[79,915s][debug][gc,phases         ] GC(73)       Recalculate Used Memory (ms):  Min: 0,02, Avg: 0,02, Max: 0,02, Diff: 0,00, Sum: 0,02, Workers: 1
[79,915s][debug][gc,phases         ] GC(73)       Restore Preserved Marks (ms):  Min: 0,00, Avg: 0,00, Max: 0,00, Diff: 0,00, Sum: 0,01, Workers: 15
[79,915s][debug][gc,phases         ] GC(73)       Process Evacuation Failed Regions (ms): Min: 0,00, Avg: 0,00, Max: 0,01, Diff: 0,01, Sum: 0,02, Workers: 15
[79,915s][debug][gc,phases         ] GC(73)       Update Derived Pointers (ms):  Min: 0,00, Avg: 0,00, Max: 0,00, Diff: 0,00, Sum: 0,00, Workers: 1
[79,915s][debug][gc,phases         ] GC(73)       Eagerly Reclaim Humongous Objects (ms): skipped
[79,915s][debug][gc,phases         ] GC(73)         Humongous Total                skipped
[79,915s][debug][gc,phases         ] GC(73)         Humongous Candidates           skipped
[79,915s][debug][gc,phases         ] GC(73)         Humongous Reclaimed            skipped
[79,915s][debug][gc,phases         ] GC(73)       Sample CSet Candidates (ms):   skipped
[79,915s][debug][gc,phases         ] GC(73)       Redirty Logged Cards (ms):     Min: 0,00, Avg: 0,00, Max: 0,00, Diff: 0,00, Sum: 0,01, Workers: 15
[79,915s][debug][gc,phases         ] GC(73)         Redirtied Cards:               Min: 0, Avg:  7,4, Max: 58, Diff: 58, Sum: 111, Workers: 15
[79,915s][debug][gc,phases         ] GC(73)       Resize TLABs (ms):             Min: 0,00, Avg: 0,00, Max: 0,00, Diff: 0,00, Sum: 0,01, Workers: 15
[79,915s][debug][gc,phases         ] GC(73)       Free Collection Set (ms):      Min: 0,05, Avg: 0,10, Max: 0,13, Diff: 0,08, Sum: 1,45, Workers: 15
[79,915s][debug][gc,phases         ] GC(73)     Rebuild Free List: 0,04ms
[79,915s][debug][gc,phases         ] GC(73)     Prepare For Mutator: 0,06ms
[79,915s][debug][gc,phases         ] GC(73)     Expand Heap After Collection: 0,00ms
[79,915s][info ][gc,phases         ] GC(73)   Other: 0,34ms
[79,915s][debug][gc,remset         ] GC(73) Coarsening (recent): Inline->AoC 0 (0) AoC->Howl 0 (0) Howl->Full 0 (0) Inline->AoC 0 (0) AoC->BitMap 0 (0) BitMap->Full 0 (0) 
[79,915s][debug][gc,remset         ] GC(73) Coarsening (all): Inline->AoC 11880 (0) AoC->Howl 5722 (0) Howl->Full 1563 (0) Inline->AoC 33295 (0) AoC->BitMap 31763 (0) BitMap->Full 6405 (0) 
[79,915s][info ][gc,heap           ] GC(73) Eden regions: 657->0(678)
[79,915s][info ][gc,heap           ] GC(73) Survivor regions: 59->90(90)
[79,915s][info ][gc,heap           ] GC(73) Old regions: 285->205
[79,915s][info ][gc,heap           ] GC(73) Humongous regions: 0->0
[79,915s][info ][gc,metaspace      ] GC(73) Metaspace: 20807K(21184K)->20807K(21184K) NonClass: 18189K(18368K)->18189K(18368K) Class: 2617K(2816K)->2617K(2816K)
[79,915s][debug][gc,heap           ] GC(73) Heap after GC invocations=74 (full 0):
[79,915s][debug][gc,heap           ] GC(73)  garbage-first heap   total reserved 8388608K, committed 5242880K, used 1204178K [0x0000000600000000, 0x0000000800000000)
[79,915s][debug][gc,heap           ] GC(73)   region size 4096K, 90 young (368640K), 90 survivors (368640K)
[79,915s][debug][gc,heap           ] GC(73)  Metaspace       used 20807K, committed 21184K, reserved 1114112K
[79,915s][debug][gc,heap           ] GC(73)   class space    used 2617K, committed 2816K, reserved 1048576K
[79,915s][info ][gc                ] GC(73) Pause Young (Mixed) (G1 Evacuation Pause) (Evacuation Failure: Pinned) 3999M->1175M(5120M) 46,458ms
[79,915s][info ][gc,cpu            ] GC(73) User=0,65s Sys=0,00s Real=0,05s
[79,916s][debug][gc,refine         ] Concurrent refinement: wanted 0, cards: 111, predicted: 2675, time: 2017,93ms
[79,916s][debug][gc,task           ] G1 Service Thread (Card Set Free Memory Task) (run: 1,771ms) (cpu: 0,234ms)
[80,095s][debug][gc,refine         ] Concurrent refinement: wanted 0, cards: 879, predicted: 3135, time: 1775,00ms
[80,263s][debug][gc,refine         ] Concurrent refinement: wanted 0, cards: 879, predicted: 3059, time: 1715,39ms
[80,428s][debug][gc,refine         ] Concurrent refinement: wanted 0, cards: 879, predicted: 2968, time: 1643,85ms
[80,433s][debug][gc,task,start     ] G1 Service Thread (Periodic GC Task) (run 0,583ms after schedule)
[80,433s][debug][gc,task           ] G1 Service Thread (Periodic GC Task) (run: 0,039ms) (cpu: 0,076ms)
[80,590s][debug][gc,refine         ] Concurrent refinement: wanted 0, cards: 879, predicted: 2879, time: 1573,81ms
[80,749s][debug][gc,refine         ] Concurrent refinement: wanted 0, cards: 879, predicted: 2792, time: 1505,25ms
[80,904s][debug][gc,refine         ] Concurrent refinement: wanted 0, cards: 879, predicted: 2705, time: 1436,69ms
[81,055s][debug][gc,refine         ] Concurrent refinement: wanted 0, cards: 879, predicted: 2621, time: 1371,12ms
[81,203s][debug][gc,refine         ] Concurrent refinement: wanted 0, cards: 879, predicted: 1875, time: 783,88ms
[81,315s][debug][gc,refine         ] Concurrent refinement: wanted 0, cards: 879, predicted: 1610, time: 575,27ms
[81,410s][debug][gc,refine         ] Concurrent refinement: wanted 0, cards: 879, predicted: 1589, time: 558,66ms
[81,433s][debug][gc,task,start     ] G1 Service Thread (Periodic GC Task) (run 0,172ms after schedule)
[81,433s][debug][gc,task           ] G1 Service Thread (Periodic GC Task) (run: 0,055ms) (cpu: 0,081ms)
[81,504s][debug][gc,refine         ] Concurrent refinement: wanted 0, cards: 879, predicted: 1542, time: 521,62ms
[81,595s][debug][gc,refine         ] Concurrent refinement: wanted 0, cards: 879, predicted: 1492, time: 482,87ms
[81,683s][debug][gc,refine         ] Concurrent refinement: wanted 0, cards: 879, predicted: 1445, time: 445,61ms
[81,767s][debug][gc,refine         ] Concurrent refinement: wanted 0, cards: 879, predicted: 1398, time: 408,35ms
[81,847s][debug][gc,refine         ] Concurrent refinement: wanted 0, cards: 879, predicted: 1354, time: 374,08ms
[81,924s][debug][gc,refine         ] Concurrent refinement: wanted 0, cards: 879, predicted: 1310, time: 339,80ms
[81,998s][debug][gc,refine         ] Concurrent refinement: wanted 0, cards: 879, predicted: 1271, time: 308,50ms
[82,068s][debug][gc,refine         ] Concurrent refinement: wanted 0, cards: 879, predicted: 1233, time: 278,69ms
[82,134s][debug][gc,refine         ] Concurrent refinement: wanted 0, cards: 879, predicted: 1197, time: 250,38ms
[82,197s][debug][gc,refine         ] Concurrent refinement: wanted 0, cards: 879, predicted: 1161, time: 222,06ms
[82,257s][debug][gc,refine         ] Concurrent refinement: wanted 0, cards: 879, predicted: 1129, time: 196,73ms
[82,313s][debug][gc,refine         ] Concurrent refinement: wanted 0, cards: 879, predicted: 1098, time: 172,88ms
[82,365s][debug][gc,refine         ] Concurrent refinement: wanted 0, cards: 879, predicted: 1070, time: 150,52ms
[82,415s][debug][gc,refine         ] Concurrent refinement: wanted 0, cards: 879, predicted: 1043, time: 129,66ms
[82,433s][debug][gc,task,start     ] G1 Service Thread (Periodic GC Task) (run 0,176ms after schedule)
[82,433s][debug][gc,task           ] G1 Service Thread (Periodic GC Task) (run: 0,058ms) (cpu: 0,085ms)
[82,458s][debug][gc,ergo           ] GC(74) Initiate concurrent cycle (concurrent cycle initiation requested)
[82,458s][info ][gc,start          ] GC(74) Pause Young (Concurrent Start) (G1 Evacuation Pause)
[82,458s][debug][gc,heap           ] GC(74) Heap before GC invocations=74 (full 0):
[82,458s][debug][gc,heap           ] GC(74)  garbage-first heap   total reserved 8388608K, committed 5242880K, used 3977170K [0x0000000600000000, 0x0000000800000000)
[82,458s][debug][gc,heap           ] GC(74)   region size 4096K, 768 young (3145728K), 90 survivors (368640K)
[82,458s][debug][gc,heap           ] GC(74)  Metaspace       used 20807K, committed 21184K, reserved 1114112K
[82,458s][debug][gc,heap           ] GC(74)   class space    used 2617K, committed 2816K, reserved 1048576K
[82,458s][info ][gc,task           ] GC(74) Using 15 workers of 15 for evacuation
[82,458s][debug][gc,age            ] GC(74) Desired survivor size 201326592 bytes, new threshold 1 (max threshold 15)
[82,458s][debug][gc,tlab           ] GC(74) TLAB totals: thrds: 26  refills: 1786 max: 682 slow allocs: 487 max 34 waste:  0,7% gc: 14138728B max: 1348552B slow: 6263064B max: 1096576B
[82,459s][debug][gc,refine,stats   ] GC(74) Mutator refinement: 0,00ms, refined: 0, precleaned: 0, dirtied: 1140
[82,459s][debug][gc,refine,stats   ] GC(74) Concurrent refinement: 0,00ms, refined: 0, precleaned: 0, dirtied: 0
[82,459s][debug][gc,refine,stats   ] GC(74) Total refinement: 0,00ms, refined: 0, precleaned: 0, dirtied: 1140
[82,459s][debug][gc,refine,stats   ] GC(74) Generate dirty cards rate: 0,45 cards/ms
[82,459s][debug][gc,alloc,region   ] GC(74) Mutator Allocation stats, regions: 678, wasted size: 0B ( 0,0%)
[82,459s][debug][gc,ergo,cset      ] GC(74) Do not add marking candidates to collection set due to pause type.
[82,459s][debug][gc,ergo,cset      ] GC(74) Start adding retained candidates to collection set. Min 1 regions, available 2, time remaining 40,00ms, optional remaining 40,00ms
[82,459s][debug][gc,ergo,cset      ] GC(74) Retained candidates exhausted.
[82,459s][debug][gc,ergo,cset      ] GC(74) Finish adding retained candidates to collection set. Initial: 2, optional: 0, pinned: 0, predicted initial time: 0,09ms, predicted optional time: 0,00ms, time remaining: 39,91ms optional time remaining 39,91ms
[82,459s][debug][gc,ergo           ] GC(74) Running G1 Merge Heap Roots using 15 workers for 770 regions
[82,460s][debug][gc,remset         ] GC(74) Visited cards 36288 Total dirty 360448 (10,07%) Total old 14278656 (0,25%)
[82,536s][debug][gc,ref            ] GC(74) ReferenceProcessor::execute queues: 4, RefProcThreadModel::Multi, marks_oops_alive: false
[82,536s][debug][gc,ref            ] GC(74) ReferenceProcessor::execute queues: 15, RefProcThreadModel::Multi, marks_oops_alive: true
[82,536s][debug][gc,ref            ] GC(74) ReferenceProcessor::execute queues: 1, RefProcThreadModel::Single, marks_oops_alive: false
[82,537s][debug][gc,ergo           ] GC(74) Initializing removing self forwards with 128 chunks per region
[82,537s][debug][gc,ergo           ] GC(74) Running G1 Rebuild Free List Task using 15 workers for rebuilding free list of regions
[82,538s][debug][gc,plab           ] GC(74) Young PLAB allocation: allocated: 402653184B, wasted: 67936B, unused: 2743200B, used: 399842048B, undo waste: 0B, 
[82,538s][debug][gc,plab           ] GC(74) Young other allocation: region end waste: 0B, regions filled: 96, num plab filled: 205, direct allocated: 0B, num direct allocated: 0, failure used: 0B, failure wasted: 0B
[82,538s][debug][gc,plab           ] GC(74) Young sizing: calculated: 79968408B, actual: 76696528B
[82,538s][debug][gc,plab           ] GC(74) Old PLAB allocation: allocated: 452016704B, wasted: 77752B, unused: 17904288B, used: 434034664B, undo waste: 0B, 
[82,538s][debug][gc,plab           ] GC(74) Old other allocation: region end waste: 0B, regions filled: 109, num plab filled: 281, direct allocated: 0B, num direct allocated: 0, failure used: 744224B, failure wasted: 11838688B
[82,538s][debug][gc,plab           ] GC(74) Old sizing: calculated: 86806928B, actual: 69151696B
[82,538s][debug][gc,ergo,heap      ] GC(74) Heap expansion: short term pause time ratio 2,39% long term pause time ratio 3,40% threshold 7,69% pause time ratio 7,69% fully expanded false resize by 0B
[82,538s][debug][gc,mmu            ] GC(74) MMU: 79,3ms (200,0ms/201,0ms)
[82,538s][debug][gc,alloc,stats    ] Old generation allocation in the last mutator period, old gen allocated: 464599616B, humongous allocated: 0B, old gen growth: 464599616B.
[82,538s][debug][gc,task,start     ] G1 Service Thread (Card Set Free Memory Task) (run 0,053ms after schedule)
[82,538s][debug][gc,ihop           ] GC(74) Basic information (value update), threshold: 909607463B (16,94), target occupancy: 5368709120B, current occupancy: 1714456112B, recent allocation size: 464599616B, recent allocation duration: 2544,46ms, recent old gen allocation rate: 182592562,07B/s, recent marking phase length: 3532,42ms
[82,538s][debug][gc,ihop           ] GC(74) Adaptive IHOP information (value update), threshold: 909607463B (17,83), internal target occupancy: 5100273664B, occupancy: 1714456112B, additional buffer size: 2617245696B, predicted old gen allocation rate: 561739833,79B/s, predicted marking phase length: 2800,98ms, prediction active: true
[82,538s][debug][gc,ergo,refine    ] GC(74) GC refinement: goal: 255546 + 486 / 20,00ms, actual: 1251 / 0,12ms, 
[82,538s][debug][gc,ergo,refine    ] GC(74) Unchanged pending cards target: 255546
[82,538s][info ][gc,phases         ] GC(74)   Pre Evacuate Collection Set: 0,41ms
[82,538s][debug][gc,phases         ] GC(74)     Reset Marking State (ms):      Min: 0,03, Avg: 0,03, Max: 0,03, Diff: 0,00, Sum: 0,03, Workers: 1
[82,538s][debug][gc,phases         ] GC(74)     Note Start Of Mark (ms):       Min: 0,01, Avg: 0,03, Max: 0,04, Diff: 0,03, Sum: 0,11, Workers: 4
[82,538s][debug][gc,phases         ] GC(74)     Pre Evacuate Prepare: 0,10ms
[82,538s][debug][gc,phases         ] GC(74)       JT Retire TLABs And Flush Logs (ms): Min: 0,00, Avg: 0,01, Max: 0,02, Diff: 0,02, Sum: 0,02, Workers: 2
[82,538s][debug][gc,phases         ] GC(74)       Non-JT Flush Logs (ms):        Min: 0,01, Avg: 0,01, Max: 0,01, Diff: 0,00, Sum: 0,01, Workers: 1
[82,538s][debug][gc,phases         ] GC(74)     Choose Collection Set: 0,07ms
[82,538s][debug][gc,phases         ] GC(74)     Region Register: 0,18ms
[82,538s][debug][gc,phases         ] GC(74)     Prepare Heap Roots: 0,00ms
[82,538s][info ][gc,phases         ] GC(74)   Merge Heap Roots: 0,62ms
[82,538s][debug][gc,phases         ] GC(74)     Prepare Merge Heap Roots: 0,03ms
[82,538s][debug][gc,phases         ] GC(74)     Remembered Sets (ms):          Min: 0,13, Avg: 0,16, Max: 0,18, Diff: 0,05, Sum: 2,34, Workers: 15
[82,538s][debug][gc,phases         ] GC(74)       Eager Reclaim (ms):            skipped
[82,538s][debug][gc,phases         ] GC(74)       Merged Inline                  Min: 0, Avg:  0,0, Max: 0, Diff: 0, Sum: 0, Workers: 15
[82,538s][debug][gc,phases         ] GC(74)       Merged ArrayOfCards            Min: 0, Avg:  0,0, Max: 0, Diff: 0, Sum: 0, Workers: 15
[82,538s][debug][gc,phases         ] GC(74)       Merged Howl                    Min: 0, Avg:  0,0, Max: 0, Diff: 0, Sum: 0, Workers: 15
[82,538s][debug][gc,phases         ] GC(74)       Merged Full                    Min: 0, Avg:  0,0, Max: 0, Diff: 0, Sum: 0, Workers: 15
[82,538s][debug][gc,phases         ] GC(74)       Merged Howl Inline             Min: 0, Avg:  0,0, Max: 0, Diff: 0, Sum: 0, Workers: 15
[82,538s][debug][gc,phases         ] GC(74)       Merged Howl ArrayOfCards       Min: 0, Avg:  0,0, Max: 0, Diff: 0, Sum: 0, Workers: 15
[82,538s][debug][gc,phases         ] GC(74)       Merged Howl BitMap             Min: 0, Avg:  0,0, Max: 0, Diff: 0, Sum: 0, Workers: 15
[82,538s][debug][gc,phases         ] GC(74)       Merged Howl Full               Min: 0, Avg:  0,0, Max: 0, Diff: 0, Sum: 0, Workers: 15
[82,538s][debug][gc,phases         ] GC(74)       Merged Cards                   Min: 8, Avg:  8,0, Max: 8, Diff: 0, Sum: 120, Workers: 15
[82,538s][debug][gc,phases         ] GC(74)     Log Buffers (ms):              Min: 0,00, Avg: 0,01, Max: 0,03, Diff: 0,03, Sum: 0,09, Workers: 15
[82,538s][debug][gc,phases         ] GC(74)       Dirty Cards:                   Min: 0, Avg: 83,4, Max: 456, Diff: 456, Sum: 1251, Workers: 15
[82,538s][debug][gc,phases         ] GC(74)       Skipped Cards:                 Min: 0, Avg:  0,0, Max: 0, Diff: 0, Sum: 0, Workers: 15
[82,538s][info ][gc,phases         ] GC(74)   Evacuate Collection Set: 75,84ms
[82,538s][debug][gc,phases         ] GC(74)     Ext Root Scanning (ms):        Min: 0,00, Avg: 0,07, Max: 0,37, Diff: 0,36, Sum: 0,98, Workers: 15
[82,538s][debug][gc,phases         ] GC(74)     Scan Heap Roots (ms):          Min: 0,00, Avg: 0,11, Max: 0,15, Diff: 0,15, Sum: 1,64, Workers: 15
[82,538s][debug][gc,phases         ] GC(74)       Scanned Cards:                 Min: 0, Avg: 83,2, Max: 215, Diff: 215, Sum: 1248, Workers: 15
[82,538s][debug][gc,phases         ] GC(74)       Scanned Blocks:                Min: 0, Avg: 56,1, Max: 85, Diff: 85, Sum: 842, Workers: 15
[82,538s][debug][gc,phases         ] GC(74)       Claimed Chunks:                Min: 0, Avg: 37,8, Max: 59, Diff: 59, Sum: 567, Workers: 15
[82,538s][debug][gc,phases         ] GC(74)       Found Roots:                   Min: 0, Avg: 84,1, Max: 121, Diff: 121, Sum: 1261, Workers: 15
[82,538s][debug][gc,phases         ] GC(74)     Code Root Scan (ms):           Min: 0,04, Avg: 0,04, Max: 0,05, Diff: 0,01, Sum: 0,64, Workers: 15
[82,538s][debug][gc,phases         ] GC(74)       Scanned Nmethods               Min: 0, Avg:  0,0, Max: 0, Diff: 0, Sum: 0, Workers: 15
[82,538s][debug][gc,phases         ] GC(74)     Object Copy (ms):              Min: 75,17, Avg: 75,26, Max: 75,34, Diff: 0,18, Sum: 1128,88, Workers: 15
[82,538s][debug][gc,phases         ] GC(74)     Termination (ms):              Min: 0,06, Avg: 0,09, Max: 0,14, Diff: 0,08, Sum: 1,42, Workers: 15
[82,538s][debug][gc,phases         ] GC(74)       Termination Attempts:          Min: 1, Avg:  1,0, Max: 1, Diff: 0, Sum: 15, Workers: 15
[82,538s][debug][gc,phases         ] GC(74)     GC Worker Other (ms):          Min: 0,05, Avg: 0,06, Max: 0,07, Diff: 0,02, Sum: 0,84, Workers: 15
[82,538s][debug][gc,phases         ] GC(74)     GC Worker Total (ms):          Min: 75,54, Avg: 75,63, Max: 75,70, Diff: 0,16, Sum: 1134,40, Workers: 15
[82,538s][info ][gc,phases         ] GC(74)   Post Evacuate Collection Set: 2,07ms
[82,538s][debug][gc,phases         ] GC(74)     NMethod List Cleanup: 0,01ms
[82,538s][debug][gc,phases         ] GC(74)     Reference Processing: 0,96ms
[82,538s][debug][gc,phases,ref     ] GC(74)       Notify Soft/WeakReferences: 0,3ms
[82,538s][debug][gc,phases,ref     ] GC(74)         Balance queues: 0,0ms
[82,538s][debug][gc,phases,ref     ] GC(74)         SoftRef (ms):                  Min: 0,00, Avg: 0,00, Max: 0,00, Diff: 0,00, Sum: 0,00, Workers: 4
[82,538s][debug][gc,phases,ref     ] GC(74)         WeakRef (ms):                  Min: 0,00, Avg: 0,00, Max: 0,00, Diff: 0,00, Sum: 0,00, Workers: 4
[82,538s][debug][gc,phases,ref     ] GC(74)         FinalRef (ms):                 Min: 0,05, Avg: 0,09, Max: 0,11, Diff: 0,06, Sum: 0,34, Workers: 4
[82,538s][debug][gc,phases,ref     ] GC(74)         Total (ms):                    Min: 0,07, Avg: 0,12, Max: 0,19, Diff: 0,12, Sum: 0,49, Workers: 4
[82,538s][debug][gc,phases,ref     ] GC(74)       Notify and keep alive finalizable: 0,6ms
[82,538s][debug][gc,phases,ref     ] GC(74)         Balance queues: 0,1ms
[82,538s][debug][gc,phases,ref     ] GC(74)         FinalRef (ms):                 Min: 0,11, Avg: 0,17, Max: 0,28, Diff: 0,17, Sum: 2,62, Workers: 15
[82,538s][debug][gc,phases,ref     ] GC(74)       Notify PhantomReferences: 0,1ms
[82,538s][debug][gc,phases,ref     ] GC(74)         PhantomRef (ms):               Min: 0,01, Avg: 0,01, Max: 0,01, Diff: 0,00, Sum: 0,01, Workers: 1
[82,538s][debug][gc,phases,ref     ] GC(74)       SoftReference Discovered: 0, Dropped: 0, Processed: 0
[82,538s][debug][gc,phases,ref     ] GC(74)       WeakReference Discovered: 0, Dropped: 0, Processed: 0
[82,538s][debug][gc,phases,ref     ] GC(74)       FinalReference Discovered: 3058, Dropped: 3, Processed: 3055
[82,538s][debug][gc,phases,ref     ] GC(74)       PhantomReference Discovered: 81, Dropped: 3, Processed: 78
[82,538s][debug][gc,phases         ] GC(74)     Weak Processing: 0,21ms
[82,538s][debug][gc,phases         ] GC(74)       VM Weak                        Min: 0,00, Avg: 0,00, Max: 0,00, Diff: 0,00, Sum: 0,02, Workers: 15
[82,538s][debug][gc,phases         ] GC(74)         Dead                           Min: 0, Avg:  0,0, Max: 0, Diff: 0, Sum: 0, Workers: 15
[82,538s][debug][gc,phases         ] GC(74)         Total                          Min: 0, Avg: 11,3, Max: 64, Diff: 64, Sum: 170, Workers: 15
[82,538s][debug][gc,phases         ] GC(74)       ObjectSynchronizer Weak        Min: 0,00, Avg: 0,00, Max: 0,00, Diff: 0,00, Sum: 0,01, Workers: 15
[82,538s][debug][gc,phases         ] GC(74)         Dead                           Min: 0, Avg:  0,0, Max: 0, Diff: 0, Sum: 0, Workers: 15
[82,538s][debug][gc,phases         ] GC(74)         Total                          Min: 0, Avg:  0,3, Max: 4, Diff: 4, Sum: 4, Workers: 15
[82,538s][debug][gc,phases         ] GC(74)       JVMTI Tag Weak OopStorage      Min: 0,00, Avg: 0,00, Max: 0,00, Diff: 0,00, Sum: 0,01, Workers: 15
[82,538s][debug][gc,phases         ] GC(74)         Dead                           Min: 0, Avg:  0,0, Max: 0, Diff: 0, Sum: 0, Workers: 15
[82,539s][debug][gc,phases         ] GC(74)         Total                          Min: 0, Avg:  0,0, Max: 0, Diff: 0, Sum: 0, Workers: 15
[82,539s][debug][gc,phases         ] GC(74)       StringTable Weak               Min: 0,00, Avg: 0,01, Max: 0,03, Diff: 0,03, Sum: 0,13, Workers: 15
[82,539s][debug][gc,phases         ] GC(74)         Dead                           Min: 0, Avg:  0,0, Max: 0, Diff: 0, Sum: 0, Workers: 15
[82,539s][debug][gc,phases         ] GC(74)         Total                          Min: 0, Avg: 568,6, Max: 2368, Diff: 2368, Sum: 8529, Workers: 15
[82,539s][debug][gc,phases         ] GC(74)       ResolvedMethodTable Weak       Min: 0,00, Avg: 0,00, Max: 0,01, Diff: 0,01, Sum: 0,04, Workers: 15
[82,539s][debug][gc,phases         ] GC(74)         Dead                           Min: 0, Avg:  0,0, Max: 0, Diff: 0, Sum: 0, Workers: 15
[82,539s][debug][gc,phases         ] GC(74)         Total                          Min: 0, Avg: 113,7, Max: 255, Diff: 255, Sum: 1706, Workers: 15
[82,539s][debug][gc,phases         ] GC(74)       JNI Weak                       Min: 0,00, Avg: 0,00, Max: 0,00, Diff: 0,00, Sum: 0,01, Workers: 15
[82,539s][debug][gc,phases         ] GC(74)         Dead                           Min: 0, Avg:  0,0, Max: 0, Diff: 0, Sum: 0, Workers: 15
[82,539s][debug][gc,phases         ] GC(74)         Total                          Min: 0, Avg:  0,0, Max: 0, Diff: 0, Sum: 0, Workers: 15
[82,539s][debug][gc,phases         ] GC(74)       StringDedup Table Weak         Min: 0,00, Avg: 0,01, Max: 0,02, Diff: 0,02, Sum: 0,17, Workers: 15
[82,539s][debug][gc,phases         ] GC(74)         Dead                           Min: 0, Avg:  0,0, Max: 0, Diff: 0, Sum: 0, Workers: 15
[82,539s][debug][gc,phases         ] GC(74)         Total                          Min: 0, Avg: 878,7, Max: 1280, Diff: 1280, Sum: 13181, Workers: 15
[82,539s][debug][gc,phases         ] GC(74)       StringDedup Requests0 Weak     Min: 0,00, Avg: 0,00, Max: 0,00, Diff: 0,00, Sum: 0,03, Workers: 15
[82,539s][debug][gc,phases         ] GC(74)         Dead                           Min: 0, Avg:  0,0, Max: 0, Diff: 0, Sum: 0, Workers: 15
[82,539s][debug][gc,phases         ] GC(74)         Total                          Min: 0, Avg: 17,1, Max: 64, Diff: 64, Sum: 256, Workers: 15
[82,539s][debug][gc,phases         ] GC(74)       StringDedup Requests1 Weak     Min: 0,00, Avg: 0,00, Max: 0,00, Diff: 0,00, Sum: 0,01, Workers: 15
[82,539s][debug][gc,phases         ] GC(74)         Dead                           Min: 0, Avg:  0,0, Max: 0, Diff: 0, Sum: 0, Workers: 15
[82,539s][debug][gc,phases         ] GC(74)         Total                          Min: 0, Avg:  0,0, Max: 0, Diff: 0, Sum: 0, Workers: 15
[82,539s][debug][gc,phases         ] GC(74)       Weak JFR Old Object Samples    Min: 0,00, Avg: 0,00, Max: 0,00, Diff: 0,00, Sum: 0,01, Workers: 15
[82,539s][debug][gc,phases         ] GC(74)         Dead                           Min: 0, Avg:  0,0, Max: 0, Diff: 0, Sum: 0, Workers: 15
[82,539s][debug][gc,phases         ] GC(74)         Total                          Min: 0, Avg:  0,0, Max: 0, Diff: 0, Sum: 0, Workers: 15
[82,539s][debug][gc,phases         ] GC(74)     Post Evacuate Cleanup 1: 0,35ms
[82,539s][debug][gc,phases         ] GC(74)       Merge Per-Thread State (ms):   Min: 0,06, Avg: 0,06, Max: 0,06, Diff: 0,00, Sum: 0,06, Workers: 1
[82,539s][debug][gc,phases         ] GC(74)         Copied Bytes                   Min: 29409464, Avg: 55591780,8, Max: 76997504, Diff: 47588040, Sum: 833876712, Workers: 15
[82,539s][debug][gc,phases         ] GC(74)         LAB Waste                      Min: 1920, Avg: 9712,5, Max: 16744, Diff: 14824, Sum: 145688, Workers: 15
[82,539s][debug][gc,phases         ] GC(74)         LAB Undo Waste                 Min: 0, Avg:  0,0, Max: 0, Diff: 0, Sum: 0, Workers: 15
[82,539s][debug][gc,phases         ] GC(74)         Evac Fail Extra Cards          Min: 0, Avg:  0,0, Max: 0, Diff: 0, Sum: 0, Workers: 15
[82,539s][debug][gc,phases         ] GC(74)       Clear Logged Cards (ms):       Min: 0,00, Avg: 0,05, Max: 0,17, Diff: 0,17, Sum: 0,76, Workers: 15
[82,539s][debug][gc,phases         ] GC(74)       Recalculate Used Memory (ms):  Min: 0,03, Avg: 0,03, Max: 0,03, Diff: 0,00, Sum: 0,03, Workers: 1
[82,539s][debug][gc,phases         ] GC(74)       Restore Evacuation Failed Regions (ms): Min: 0,00, Avg: 0,05, Max: 0,09, Diff: 0,09, Sum: 0,75, Workers: 15
[82,539s][debug][gc,phases         ] GC(74)         Evacuation Failed Regions:     Min: 3, Avg:  3,0, Max: 3, Diff: 0, Sum: 3, Workers: 1
[82,539s][debug][gc,phases         ] GC(74)         Pinned Regions:                Min: 1, Avg:  1,0, Max: 1, Diff: 0, Sum: 3, Workers: 3
[82,539s][debug][gc,phases         ] GC(74)         Allocation Failed Regions:     skipped
[82,539s][debug][gc,phases         ] GC(74)         Remove Self Forwards (ms):     Min: 0,05, Avg: 0,06, Max: 0,06, Diff: 0,02, Sum: 0,51, Workers: 9
[82,539s][debug][gc,phases         ] GC(74)           Forward Chunks:                Min: 2, Avg:  3,2, Max: 5, Diff: 3, Sum: 26, Workers: 8
[82,539s][debug][gc,phases         ] GC(74)           Empty Forward Chunks:          Min: 26, Avg: 39,8, Max: 56, Diff: 30, Sum: 358, Workers: 9
[82,539s][debug][gc,phases         ] GC(74)           Forward Objects:               Min: 2, Avg:  3,2, Max: 5, Diff: 3, Sum: 26, Workers: 8
[82,539s][debug][gc,phases         ] GC(74)           Forward Bytes:                 Min: 96, Avg: 93028,0, Max: 162304, Diff: 162208, Sum: 744224, Workers: 8
[82,539s][debug][gc,phases         ] GC(74)     Post Evacuate Cleanup 2: 0,25ms
[82,539s][debug][gc,phases         ] GC(74)       Recalculate Used Memory (ms):  Min: 0,03, Avg: 0,03, Max: 0,03, Diff: 0,00, Sum: 0,03, Workers: 1
[82,539s][debug][gc,phases         ] GC(74)       Restore Preserved Marks (ms):  Min: 0,00, Avg: 0,00, Max: 0,00, Diff: 0,00, Sum: 0,01, Workers: 15
[82,539s][debug][gc,phases         ] GC(74)       Process Evacuation Failed Regions (ms): Min: 0,00, Avg: 0,00, Max: 0,01, Diff: 0,01, Sum: 0,03, Workers: 15
[82,539s][debug][gc,phases         ] GC(74)       Update Derived Pointers (ms):  Min: 0,00, Avg: 0,00, Max: 0,00, Diff: 0,00, Sum: 0,00, Workers: 1
[82,539s][debug][gc,phases         ] GC(74)       Eagerly Reclaim Humongous Objects (ms): skipped
[82,539s][debug][gc,phases         ] GC(74)         Humongous Total                skipped
[82,539s][debug][gc,phases         ] GC(74)         Humongous Candidates           skipped
[82,539s][debug][gc,phases         ] GC(74)         Humongous Reclaimed            skipped
[82,539s][debug][gc,phases         ] GC(74)       Sample CSet Candidates (ms):   skipped
[82,539s][debug][gc,phases         ] GC(74)       Redirty Logged Cards (ms):     Min: 0,00, Avg: 0,00, Max: 0,01, Diff: 0,01, Sum: 0,04, Workers: 15
[82,539s][debug][gc,phases         ] GC(74)         Redirtied Cards:               Min: 0, Avg: 91,2, Max: 357, Diff: 357, Sum: 1368, Workers: 15
[82,539s][debug][gc,phases         ] GC(74)       Resize TLABs (ms):             Min: 0,00, Avg: 0,00, Max: 0,01, Diff: 0,01, Sum: 0,01, Workers: 15
[82,539s][debug][gc,phases         ] GC(74)       Free Collection Set (ms):      Min: 0,07, Avg: 0,08, Max: 0,09, Diff: 0,03, Sum: 1,21, Workers: 15
[82,539s][debug][gc,phases         ] GC(74)     Rebuild Free List: 0,18ms
[82,539s][debug][gc,phases         ] GC(74)     Prepare For Mutator: 0,10ms
[82,539s][debug][gc,phases         ] GC(74)     Expand Heap After Collection: 0,00ms
[82,539s][info ][gc,phases         ] GC(74)   Other: 0,56ms
[82,539s][debug][gc,remset         ] GC(74) Coarsening (recent): Inline->AoC 0 (0) AoC->Howl 0 (0) Howl->Full 0 (0) Inline->AoC 0 (0) AoC->BitMap 0 (0) BitMap->Full 0 (0) 
[82,539s][debug][gc,remset         ] GC(74) Coarsening (all): Inline->AoC 11880 (0) AoC->Howl 5722 (0) Howl->Full 1563 (0) Inline->AoC 33295 (0) AoC->BitMap 31763 (0) BitMap->Full 6405 (0) 
[82,539s][info ][gc,heap           ] GC(74) Eden regions: 678->0(528)
[82,539s][info ][gc,heap           ] GC(74) Survivor regions: 90->96(96)
[82,539s][info ][gc,heap           ] GC(74) Old regions: 205->314
[82,539s][info ][gc,heap           ] GC(74) Humongous regions: 0->0
[82,539s][info ][gc,metaspace      ] GC(74) Metaspace: 20807K(21184K)->20807K(21184K) NonClass: 18189K(18368K)->18189K(18368K) Class: 2617K(2816K)->2617K(2816K)
[82,539s][debug][gc,heap           ] GC(74) Heap after GC invocations=75 (full 0):
[82,539s][debug][gc,heap           ] GC(74)  garbage-first heap   total reserved 8388608K, committed 5242880K, used 1674273K [0x0000000600000000, 0x0000000800000000)
[82,539s][debug][gc,heap           ] GC(74)   region size 4096K, 96 young (393216K), 96 survivors (393216K)
[82,539s][debug][gc,heap           ] GC(74)  Metaspace       used 20807K, committed 21184K, reserved 1114112K
[82,539s][debug][gc,heap           ] GC(74)   class space    used 2617K, committed 2816K, reserved 1048576K
[82,539s][info ][gc                ] GC(74) Pause Young (Concurrent Start) (G1 Evacuation Pause) (Evacuation Failure: Pinned) 3887M->1635M(5120M) 80,979ms
[82,539s][info ][gc,cpu            ] GC(74) User=1,08s Sys=0,01s Real=0,08s
[82,539s][info ][gc                ] GC(75) Concurrent Mark Cycle
[82,539s][info ][gc,marking        ] GC(75) Concurrent Scan Root Regions
[82,539s][debug][gc,ergo           ] GC(75) Running G1 Root Region Scan using 4 workers for 208 work units.
[82,539s][debug][gc,refine         ] Concurrent refinement: wanted 0, cards: 1368, predicted: 3161, time: 1642,06ms
[82,540s][debug][gc,task           ] G1 Service Thread (Card Set Free Memory Task) (run: 1,844ms) (cpu: 0,059ms)
[82,608s][info ][gc,marking        ] GC(75) Concurrent Scan Root Regions 68,625ms
[82,608s][info ][gc,marking        ] GC(75) Concurrent Mark
[82,608s][info ][gc,marking        ] GC(75) Concurrent Mark From Roots
[82,608s][info ][gc,task           ] GC(75) Using 4 workers of 4 for marking
[82,645s][debug][gc,stats          ] ---------------------------------------------------------------------
[82,645s][debug][gc,stats          ] Marking Stats, task = 0, calls = 4
[82,645s][debug][gc,stats          ]   Elapsed time = 36,31ms, Termination time = 0,01ms
[82,645s][debug][gc,stats          ]   Step Times (cum): num = 337, avg = 2,56ms, sd = 4,18ms max = 12,02ms, total = 863,04ms
[82,645s][debug][gc,stats          ]   Mark Stats Cache: hits 481738 misses 1 ratio 100,000
[82,645s][debug][gc,stats          ] ---------------------------------------------------------------------
[82,645s][debug][gc,stats          ] Marking Stats, task = 1, calls = 5
[82,645s][debug][gc,stats          ]   Elapsed time = 36,29ms, Termination time = 0,01ms
[82,645s][debug][gc,stats          ]   Step Times (cum): num = 131, avg = 6,56ms, sd = 4,36ms max = 12,01ms, total = 859,53ms
[82,645s][debug][gc,stats          ]   Mark Stats Cache: hits 559774 misses 1 ratio 100,000
[82,645s][debug][gc,stats          ] ---------------------------------------------------------------------
[82,645s][debug][gc,stats          ] Marking Stats, task = 2, calls = 4
[82,645s][debug][gc,stats          ]   Elapsed time = 35,61ms, Termination time = 0,01ms
[82,645s][debug][gc,stats          ]   Step Times (cum): num = 132, avg = 6,56ms, sd = 4,35ms max = 12,13ms, total = 866,44ms
[82,645s][debug][gc,stats          ]   Mark Stats Cache: hits 488249 misses 1 ratio 100,000
[82,645s][debug][gc,stats          ] ---------------------------------------------------------------------
[82,645s][debug][gc,stats          ] Marking Stats, task = 3, calls = 3
[82,645s][debug][gc,stats          ]   Elapsed time = 24,47ms, Termination time = 0,01ms
[82,645s][debug][gc,stats          ]   Step Times (cum): num = 129, avg = 6,65ms, sd = 4,32ms max = 12,01ms, total = 857,21ms
[82,645s][debug][gc,stats          ]   Mark Stats Cache: hits 459909 misses 1 ratio 100,000
[82,645s][debug][gc,stats          ] ---------------------------------------------------------------------
[82,645s][info ][gc,marking        ] GC(75) Concurrent Mark From Roots 36,836ms
[82,645s][info ][gc,marking        ] GC(75) Concurrent Preclean
[82,645s][debug][gc,ref,start      ] GC(75) Preclean SoftReferences
[82,645s][debug][gc,ref            ] GC(75) Preclean SoftReferences 0,016ms
[82,645s][debug][gc,ref,start      ] GC(75) Preclean WeakReferences
[82,645s][debug][gc,ref            ] GC(75) Preclean WeakReferences 0,046ms
[82,645s][debug][gc,ref,start      ] GC(75) Preclean FinalReferences
[82,645s][debug][gc,ref            ] GC(75) Preclean FinalReferences 0,015ms
[82,645s][debug][gc,ref,start      ] GC(75) Preclean PhantomReferences
[82,645s][debug][gc,ref            ] GC(75) Preclean PhantomReferences 0,039ms
[82,645s][info ][gc,marking        ] GC(75) Concurrent Preclean 0,187ms
[82,646s][info ][gc,start          ] GC(75) Pause Remark
[82,646s][debug][gc,phases,start   ] GC(75) Finalize Marking
[82,646s][debug][gc,stats          ] ---------------------------------------------------------------------
[82,646s][debug][gc,stats          ] Marking Stats, task = 0, calls = 5
[82,646s][debug][gc,stats          ]   Elapsed time = 0,21ms, Termination time = 0,18ms
[82,646s][debug][gc,stats          ]   Step Times (cum): num = 338, avg = 2,55ms, sd = 4,18ms max = 12,02ms, total = 863,04ms
[82,646s][debug][gc,stats          ]   Mark Stats Cache: hits 481738 misses 1 ratio 100,000
[82,646s][debug][gc,stats          ] ---------------------------------------------------------------------
[82,646s][debug][gc,stats          ] Marking Stats, task = 1, calls = 6
[82,646s][debug][gc,stats          ]   Elapsed time = 0,21ms, Termination time = 0,16ms
[82,646s][debug][gc,stats          ]   Step Times (cum): num = 132, avg = 6,51ms, sd = 4,38ms max = 12,01ms, total = 859,59ms
[82,646s][debug][gc,stats          ]   Mark Stats Cache: hits 559774 misses 1 ratio 100,000
[82,646s][debug][gc,stats          ] ---------------------------------------------------------------------
[82,646s][debug][gc,stats          ] Marking Stats, task = 2, calls = 5
[82,646s][debug][gc,stats          ]   Elapsed time = 0,20ms, Termination time = 0,16ms
[82,646s][debug][gc,stats          ]   Step Times (cum): num = 133, avg = 6,51ms, sd = 4,37ms max = 12,13ms, total = 866,49ms
[82,646s][debug][gc,stats          ]   Mark Stats Cache: hits 488249 misses 1 ratio 100,000
[82,646s][debug][gc,stats          ] ---------------------------------------------------------------------
[82,646s][debug][gc,stats          ] Marking Stats, task = 3, calls = 4
[82,646s][debug][gc,stats          ]   Elapsed time = 0,15ms, Termination time = 0,15ms
[82,646s][debug][gc,stats          ]   Step Times (cum): num = 130, avg = 6,59ms, sd = 4,34ms max = 12,01ms, total = 857,23ms
[82,646s][debug][gc,stats          ]   Mark Stats Cache: hits 459909 misses 1 ratio 100,000
[82,646s][debug][gc,stats          ] ---------------------------------------------------------------------
[82,646s][debug][gc,stats          ] Marking Stats, task = 4, calls = 1
[82,646s][debug][gc,stats          ]   Elapsed time = 0,12ms, Termination time = 0,12ms
[82,646s][debug][gc,stats          ]   Step Times (cum): num = 25, avg = 0,04ms, sd = 0,01ms max = 0,07ms, total = 0,88ms
[82,646s][debug][gc,stats          ]   Mark Stats Cache: hits 4 misses 0 ratio 100,000
[82,646s][debug][gc,stats          ] ---------------------------------------------------------------------
[82,646s][debug][gc,stats          ] Marking Stats, task = 5, calls = 1
[82,646s][debug][gc,stats          ]   Elapsed time = 0,11ms, Termination time = 0,11ms
[82,646s][debug][gc,stats          ]   Step Times (cum): num = 26, avg = 0,04ms, sd = 0,02ms max = 0,08ms, total = 0,94ms
[82,646s][debug][gc,stats          ]   Mark Stats Cache: hits 21 misses 0 ratio 100,000
[82,646s][debug][gc,stats          ] ---------------------------------------------------------------------
[82,646s][debug][gc,stats          ] Marking Stats, task = 6, calls = 1
[82,646s][debug][gc,stats          ]   Elapsed time = 0,10ms, Termination time = 0,10ms
[82,646s][debug][gc,stats          ]   Step Times (cum): num = 25, avg = 0,04ms, sd = 0,02ms max = 0,10ms, total = 0,88ms
[82,646s][debug][gc,stats          ]   Mark Stats Cache: hits 5 misses 0 ratio 100,000
[82,646s][debug][gc,stats          ] ---------------------------------------------------------------------
[82,646s][debug][gc,stats          ] Marking Stats, task = 7, calls = 1
[82,646s][debug][gc,stats          ]   Elapsed time = 0,07ms, Termination time = 0,04ms
[82,646s][debug][gc,stats          ]   Step Times (cum): num = 25, avg = 0,04ms, sd = 0,02ms max = 0,08ms, total = 0,95ms
[82,646s][debug][gc,stats          ]   Mark Stats Cache: hits 1 misses 0 ratio 100,000
[82,646s][debug][gc,stats          ] ---------------------------------------------------------------------
[82,646s][debug][gc,stats          ] Marking Stats, task = 8, calls = 1
[82,646s][debug][gc,stats          ]   Elapsed time = 0,05ms, Termination time = 0,04ms
[82,646s][debug][gc,stats          ]   Step Times (cum): num = 25, avg = 0,04ms, sd = 0,02ms max = 0,06ms, total = 0,90ms
[82,646s][debug][gc,stats          ]   Mark Stats Cache: hits 22 misses 1 ratio 95,652
[82,646s][debug][gc,stats          ] ---------------------------------------------------------------------
[82,646s][debug][gc,stats          ] Marking Stats, task = 9, calls = 1
[82,646s][debug][gc,stats          ]   Elapsed time = 0,06ms, Termination time = 0,04ms
[82,646s][debug][gc,stats          ]   Step Times (cum): num = 25, avg = 0,04ms, sd = 0,01ms max = 0,06ms, total = 1,01ms
[82,646s][debug][gc,stats          ]   Mark Stats Cache: hits 2 misses 0 ratio 100,000
[82,646s][debug][gc,stats          ] ---------------------------------------------------------------------
[82,646s][debug][gc,stats          ] Marking Stats, task = 10, calls = 1
[82,646s][debug][gc,stats          ]   Elapsed time = 0,06ms, Termination time = 0,04ms
[82,646s][debug][gc,stats          ]   Step Times (cum): num = 25, avg = 0,04ms, sd = 0,02ms max = 0,07ms, total = 1,02ms
[82,646s][debug][gc,stats          ]   Mark Stats Cache: hits 0 misses 0 ratio 0,000
[82,646s][debug][gc,stats          ] ---------------------------------------------------------------------
[82,646s][debug][gc,stats          ] Marking Stats, task = 11, calls = 1
[82,646s][debug][gc,stats          ]   Elapsed time = 0,02ms, Termination time = 0,01ms
[82,646s][debug][gc,stats          ]   Step Times (cum): num = 25, avg = 0,04ms, sd = 0,02ms max = 0,06ms, total = 1,09ms
[82,646s][debug][gc,stats          ]   Mark Stats Cache: hits 0 misses 0 ratio 0,000
[82,646s][debug][gc,stats          ] ---------------------------------------------------------------------
[82,646s][debug][gc,stats          ] Marking Stats, task = 12, calls = 1
[82,646s][debug][gc,stats          ]   Elapsed time = 0,04ms, Termination time = 0,03ms
[82,646s][debug][gc,stats          ]   Step Times (cum): num = 25, avg = 0,04ms, sd = 0,02ms max = 0,06ms, total = 0,89ms
[82,646s][debug][gc,stats          ]   Mark Stats Cache: hits 0 misses 0 ratio 0,000
[82,646s][debug][gc,stats          ] ---------------------------------------------------------------------
[82,646s][debug][gc,stats          ] Marking Stats, task = 13, calls = 1
[82,646s][debug][gc,stats          ]   Elapsed time = 0,03ms, Termination time = 0,02ms
[82,647s][debug][gc,stats          ]   Step Times (cum): num = 25, avg = 0,03ms, sd = 0,02ms max = 0,06ms, total = 0,83ms
[82,647s][debug][gc,stats          ]   Mark Stats Cache: hits 0 misses 0 ratio 0,000
[82,647s][debug][gc,stats          ] ---------------------------------------------------------------------
[82,647s][debug][gc,stats          ] Marking Stats, task = 14, calls = 1
[82,647s][debug][gc,stats          ]   Elapsed time = 0,03ms, Termination time = 0,02ms
[82,647s][debug][gc,stats          ]   Step Times (cum): num = 25, avg = 0,03ms, sd = 0,02ms max = 0,06ms, total = 0,81ms
[82,647s][debug][gc,stats          ]   Mark Stats Cache: hits 0 misses 0 ratio 0,000
[82,647s][debug][gc,stats          ] ---------------------------------------------------------------------
[82,647s][debug][gc,phases         ] GC(75) Finalize Marking 0,942ms
[82,647s][debug][gc,phases,start   ] GC(75) Reference Processing
[82,647s][debug][gc,ref            ] GC(75) ReferenceProcessor::execute queues: 1, RefProcThreadModel::Single, marks_oops_alive: false
[82,647s][debug][gc,ref            ] GC(75) ReferenceProcessor::execute queues: 15, RefProcThreadModel::Multi, marks_oops_alive: true
[82,647s][debug][gc,ref            ] GC(75) Skipped PhantomRefsPhase of Reference Processing: no references
[82,647s][debug][gc,phases,ref     ] GC(75) Reference Processing: 0,2ms
[82,647s][debug][gc,phases,ref     ] GC(75)   Notify Soft/WeakReferences: 0,0ms
[82,647s][debug][gc,phases,ref     ] GC(75)     SoftRef (ms):                  Min: 0,00, Avg: 0,00, Max: 0,00, Diff: 0,00, Sum: 0,00, Workers: 1
[82,647s][debug][gc,phases,ref     ] GC(75)     WeakRef (ms):                  Min: 0,00, Avg: 0,00, Max: 0,00, Diff: 0,00, Sum: 0,00, Workers: 1
[82,647s][debug][gc,phases,ref     ] GC(75)     FinalRef (ms):                 Min: 0,00, Avg: 0,00, Max: 0,00, Diff: 0,00, Sum: 0,00, Workers: 1
[82,647s][debug][gc,phases,ref     ] GC(75)     Total (ms):                    Min: 0,02, Avg: 0,02, Max: 0,02, Diff: 0,00, Sum: 0,02, Workers: 1
[82,647s][debug][gc,phases,ref     ] GC(75)   Notify and keep alive finalizable: 0,2ms
[82,647s][debug][gc,phases,ref     ] GC(75)     Balance queues: 0,0ms
[82,647s][debug][gc,phases,ref     ] GC(75)     FinalRef (ms):                 Min: 0,01, Avg: 0,09, Max: 0,14, Diff: 0,13, Sum: 1,35, Workers: 15
[82,647s][debug][gc,phases,ref     ] GC(75)   Notify PhantomReferences: 0,0ms
[82,647s][debug][gc,phases,ref     ] GC(75)     PhantomRef (ms):               skipped
[82,647s][debug][gc,phases,ref     ] GC(75)   SoftReference Discovered: 0, Dropped: 0, Processed: 0
[82,647s][debug][gc,phases,ref     ] GC(75)   WeakReference Discovered: 0, Dropped: 0, Processed: 0
[82,647s][debug][gc,phases,ref     ] GC(75)   FinalReference Discovered: 3, Dropped: 0, Processed: 3
[82,647s][debug][gc,phases,ref     ] GC(75)   PhantomReference Discovered: 0, Dropped: 0, Processed: 0
[82,647s][debug][gc,phases         ] GC(75) Reference Processing 0,405ms
[82,647s][debug][gc,phases,start   ] GC(75) Weak Processing
[82,647s][debug][gc,phases         ] GC(75)   VM Weak                        Min: 0,00, Avg: 0,00, Max: 0,00, Diff: 0,00, Sum: 0,01, Workers: 15
[82,647s][debug][gc,phases         ] GC(75)     Dead                           Min: 0, Avg:  0,0, Max: 0, Diff: 0, Sum: 0, Workers: 15
[82,647s][debug][gc,phases         ] GC(75)     Total                          Min: 0, Avg: 11,3, Max: 106, Diff: 106, Sum: 170, Workers: 15
[82,647s][debug][gc,phases         ] GC(75)   ObjectSynchronizer Weak        Min: 0,00, Avg: 0,00, Max: 0,00, Diff: 0,00, Sum: 0,01, Workers: 15
[82,647s][debug][gc,phases         ] GC(75)     Dead                           Min: 0, Avg:  0,0, Max: 0, Diff: 0, Sum: 0, Workers: 15
[82,647s][debug][gc,phases         ] GC(75)     Total                          Min: 0, Avg:  0,3, Max: 4, Diff: 4, Sum: 4, Workers: 15
[82,647s][debug][gc,phases         ] GC(75)   JVMTI Tag Weak OopStorage      Min: 0,00, Avg: 0,00, Max: 0,00, Diff: 0,00, Sum: 0,00, Workers: 15
[82,647s][debug][gc,phases         ] GC(75)     Dead                           Min: 0, Avg:  0,0, Max: 0, Diff: 0, Sum: 0, Workers: 15
[82,647s][debug][gc,phases         ] GC(75)     Total                          Min: 0, Avg:  0,0, Max: 0, Diff: 0, Sum: 0, Workers: 15
[82,647s][debug][gc,phases         ] GC(75)   StringTable Weak               Min: 0,00, Avg: 0,01, Max: 0,02, Diff: 0,02, Sum: 0,14, Workers: 15
[82,647s][debug][gc,phases         ] GC(75)     Dead                           Min: 0, Avg:  0,0, Max: 0, Diff: 0, Sum: 0, Workers: 15
[82,647s][debug][gc,phases         ] GC(75)     Total                          Min: 0, Avg: 568,6, Max: 1937, Diff: 1937, Sum: 8529, Workers: 15
[82,647s][debug][gc,phases         ] GC(75)   ResolvedMethodTable Weak       Min: 0,00, Avg: 0,00, Max: 0,01, Diff: 0,01, Sum: 0,03, Workers: 15
[82,647s][debug][gc,phases         ] GC(75)     Dead                           Min: 0, Avg:  0,0, Max: 0, Diff: 0, Sum: 0, Workers: 15
[82,647s][debug][gc,phases         ] GC(75)     Total                          Min: 0, Avg: 113,7, Max: 378, Diff: 378, Sum: 1706, Workers: 15
[82,647s][debug][gc,phases         ] GC(75)   JNI Weak                       Min: 0,00, Avg: 0,00, Max: 0,00, Diff: 0,00, Sum: 0,00, Workers: 15
[82,647s][debug][gc,phases         ] GC(75)     Dead                           Min: 0, Avg:  0,0, Max: 0, Diff: 0, Sum: 0, Workers: 15
[82,647s][debug][gc,phases         ] GC(75)     Total                          Min: 0, Avg:  0,0, Max: 0, Diff: 0, Sum: 0, Workers: 15
[82,647s][debug][gc,phases         ] GC(75)   StringDedup Table Weak         Min: 0,00, Avg: 0,01, Max: 0,03, Diff: 0,03, Sum: 0,17, Workers: 15
[82,647s][debug][gc,phases         ] GC(75)     Dead                           Min: 0, Avg:  0,0, Max: 0, Diff: 0, Sum: 0, Workers: 15
[82,647s][debug][gc,phases         ] GC(75)     Total                          Min: 0, Avg: 878,7, Max: 2688, Diff: 2688, Sum: 13181, Workers: 15
[82,647s][debug][gc,phases         ] GC(75)   StringDedup Requests0 Weak     Min: 0,00, Avg: 0,00, Max: 0,00, Diff: 0,00, Sum: 0,01, Workers: 15
[82,647s][debug][gc,phases         ] GC(75)     Dead                           Min: 0, Avg:  0,0, Max: 0, Diff: 0, Sum: 0, Workers: 15
[82,647s][debug][gc,phases         ] GC(75)     Total                          Min: 0, Avg:  0,0, Max: 0, Diff: 0, Sum: 0, Workers: 15
[82,647s][debug][gc,phases         ] GC(75)   StringDedup Requests1 Weak     Min: 0,00, Avg: 0,00, Max: 0,00, Diff: 0,00, Sum: 0,00, Workers: 15
[82,647s][debug][gc,phases         ] GC(75)     Dead                           Min: 0, Avg:  0,0, Max: 0, Diff: 0, Sum: 0, Workers: 15
[82,647s][debug][gc,phases         ] GC(75)     Total                          Min: 0, Avg:  0,0, Max: 0, Diff: 0, Sum: 0, Workers: 15
[82,647s][debug][gc,phases         ] GC(75)   Weak JFR Old Object Samples    Min: 0,00, Avg: 0,00, Max: 0,00, Diff: 0,00, Sum: 0,00, Workers: 15
[82,647s][debug][gc,phases         ] GC(75)     Dead                           Min: 0, Avg:  0,0, Max: 0, Diff: 0, Sum: 0, Workers: 15
[82,647s][debug][gc,phases         ] GC(75)     Total                          Min: 0, Avg:  0,0, Max: 0, Diff: 0, Sum: 0, Workers: 15
[82,647s][debug][gc,phases         ] GC(75) Weak Processing 0,392ms
[82,647s][debug][gc,phases,start   ] GC(75) Class Unloading
[82,647s][debug][gc,phases,start   ] GC(75) ClassLoaderData
[82,647s][debug][gc,phases         ] GC(75) ClassLoaderData 0,031ms
[82,647s][debug][gc,phases,start   ] GC(75) Trigger cleanups
[82,647s][debug][gc,phases         ] GC(75) Trigger cleanups 0,018ms
[82,647s][debug][gc,phases,start   ] GC(75) G1 Complete Cleaning
[82,648s][debug][gc,phases         ] GC(75) G1 Complete Cleaning 0,725ms
[82,648s][debug][gc,phases,start   ] GC(75) Purge Unlinked NMethods
[82,648s][debug][gc,phases         ] GC(75) Purge Unlinked NMethods 0,027ms
[82,648s][debug][gc,phases,start   ] GC(75) Free Code Blobs
[82,648s][debug][gc,phases         ] GC(75) Free Code Blobs 0,020ms
[82,648s][debug][gc,phases,start   ] GC(75) Purge Class Loader Data
[82,648s][debug][gc,phases         ] GC(75) Purge Class Loader Data 0,010ms
[82,648s][debug][gc,phases         ] GC(75) Class Unloading 0,900ms
[82,648s][debug][gc,phases,start   ] GC(75) Flush Task Caches
[82,648s][debug][gc,stats          ] Mark stats cache hits 1989728 misses 5 ratio 100,000
[82,648s][debug][gc,phases         ] GC(75) Flush Task Caches 0,050ms
[82,648s][debug][gc,phases,start   ] GC(75) Update Remembered Set Tracking Before Rebuild
[82,648s][debug][gc,ergo           ] GC(75) Running G1 Update RemSet Tracking Before Rebuild using 4 workers for 1280 regions in heap
[82,648s][debug][gc,remset,tracking] GC(75) Remembered Set Tracking update regions total 1280, selected 71
[82,649s][debug][gc,phases         ] GC(75) Update Remembered Set Tracking Before Rebuild 0,139ms
[82,649s][debug][gc,phases,start   ] GC(75) Reclaim Empty Regions
[82,649s][debug][gc                ] GC(75) Reclaimed 114 empty regions
[82,649s][debug][gc,phases         ] GC(75) Reclaim Empty Regions 0,203ms
[82,649s][debug][gc,phases,start   ] GC(75) Report Object Count
[82,649s][debug][gc,phases         ] GC(75) Report Object Count 0,009ms
[82,649s][debug][gc,mmu            ] GC(75) MMU: 82,4ms (200,0ms/201,0ms)
[82,649s][info ][gc                ] GC(75) Pause Remark 2478M->2022M(5120M) 3,190ms
[82,649s][info ][gc,cpu            ] GC(75) User=0,02s Sys=0,00s Real=0,00s
[82,649s][info ][gc,marking        ] GC(75) Concurrent Mark 40,817ms
[82,649s][info ][gc,marking        ] GC(75) Concurrent Rebuild Remembered Sets and Scrub Regions
[82,702s][debug][gc,refine         ] Concurrent refinement: wanted 0, cards: 1624, predicted: 2691, time: 976,82ms
[82,827s][debug][gc,refine         ] Concurrent refinement: wanted 0, cards: 1880, predicted: 2926, time: 958,13ms
[82,873s][info ][gc,marking        ] GC(75) Concurrent Rebuild Remembered Sets and Scrub Regions 224,128ms
[82,873s][info ][gc,start          ] GC(75) Pause Cleanup
[82,873s][debug][gc,phases,start   ] GC(75) Update Remembered Set Tracking After Rebuild
[82,873s][debug][gc,phases         ] GC(75) Update Remembered Set Tracking After Rebuild 0,040ms
[82,873s][debug][gc,phases,start   ] GC(75) Finalize Concurrent Mark Cleanup
[82,874s][debug][gc,ergo,cset      ] GC(75) Pruned 61 regions out of 70, leaving 230999408 bytes waste (allowed 268435456)
[82,874s][debug][gc,mmu            ] GC(75) MMU: 0,4ms (200,0ms/201,0ms)
[82,874s][debug][gc,phases         ] GC(75) Finalize Concurrent Mark Cleanup 0,316ms
[82,874s][info ][gc                ] GC(75) Pause Cleanup 2079M->2079M(5120M) 0,444ms
[82,874s][info ][gc,cpu            ] GC(75) User=0,00s Sys=0,00s Real=0,00s
[82,874s][info ][gc,marking        ] GC(75) Concurrent Clear Claimed Marks
[82,874s][info ][gc,marking        ] GC(75) Concurrent Clear Claimed Marks 0,073ms
[82,874s][info ][gc,marking        ] GC(75) Concurrent Cleanup for Next Mark
[82,874s][debug][gc,ergo           ] GC(75) Running G1 Clear Bitmap with 4 workers for 80 work units.
[82,877s][info ][gc,marking        ] GC(75) Concurrent Cleanup for Next Mark 2,693ms
[82,877s][info ][gc                ] GC(75) Concurrent Mark Cycle 337,484ms
[82,950s][debug][gc,refine         ] Concurrent refinement: wanted 0, cards: 1880, predicted: 2872, time: 908,27ms
[83,070s][debug][gc,refine         ] Concurrent refinement: wanted 0, cards: 1880, predicted: 2812, time: 853,74ms
[83,186s][debug][gc,refine         ] Concurrent refinement: wanted 0, cards: 1880, predicted: 2754, time: 800,77ms
[83,300s][debug][gc,refine         ] Concurrent refinement: wanted 0, cards: 1880, predicted: 2700, time: 750,92ms
[83,409s][debug][gc,refine         ] Concurrent refinement: wanted 0, cards: 1880, predicted: 2645, time: 701,07ms
[83,434s][debug][gc,task,start     ] G1 Service Thread (Periodic GC Task) (run 0,354ms after schedule)
[83,434s][debug][gc,task           ] G1 Service Thread (Periodic GC Task) (run: 0,042ms) (cpu: 0,080ms)
[83,514s][debug][gc,refine         ] Concurrent refinement: wanted 0, cards: 1880, predicted: 2594, time: 654,33ms
[83,617s][debug][gc,refine         ] Concurrent refinement: wanted 0, cards: 1880, predicted: 2543, time: 607,59ms
[83,715s][debug][gc,refine         ] Concurrent refinement: wanted 0, cards: 1880, predicted: 2494, time: 562,41ms
[83,809s][debug][gc,refine         ] Concurrent refinement: wanted 0, cards: 1880, predicted: 2448, time: 520,35ms
[83,900s][debug][gc,refine         ] Concurrent refinement: wanted 0, cards: 1880, predicted: 2055, time: 160,88ms
[83,914s][info ][gc,start          ] GC(76) Pause Young (Prepare Mixed) (G1 Evacuation Pause)
[83,914s][debug][gc,heap           ] GC(76) Heap before GC invocations=76 (full 0):
[83,914s][debug][gc,heap           ] GC(76)  garbage-first heap   total reserved 8388608K, committed 5242880K, used 3365921K [0x0000000600000000, 0x0000000800000000)
[83,914s][debug][gc,heap           ] GC(76)   region size 4096K, 624 young (2555904K), 96 survivors (393216K)
[83,914s][debug][gc,heap           ] GC(76)  Metaspace       used 20807K, committed 21184K, reserved 1114112K
[83,914s][debug][gc,heap           ] GC(76)   class space    used 2617K, committed 2816K, reserved 1048576K
[83,914s][info ][gc,task           ] GC(76) Using 15 workers of 15 for evacuation
[83,914s][debug][gc,age            ] GC(76) Desired survivor size 163577856 bytes, new threshold 1 (max threshold 15)
[83,914s][debug][gc,tlab           ] GC(76) TLAB totals: thrds: 23  refills: 1430 max: 369 slow allocs: 501 max 42 waste:  0,9% gc: 12763184B max: 1326672B slow: 5950080B max: 729440B
[83,914s][debug][gc,refine,stats   ] GC(76) Mutator refinement: 0,00ms, refined: 0, precleaned: 0, dirtied: 1095
[83,914s][debug][gc,refine,stats   ] GC(76) Concurrent refinement: 0,00ms, refined: 0, precleaned: 0, dirtied: 0
[83,914s][debug][gc,refine,stats   ] GC(76) Total refinement: 0,00ms, refined: 0, precleaned: 0, dirtied: 1095
[83,914s][debug][gc,refine,stats   ] GC(76) Generate dirty cards rate: 0,80 cards/ms
[83,914s][debug][gc,alloc,region   ] GC(76) Mutator Allocation stats, regions: 528, wasted size: 2241K ( 0,1%)
[83,914s][debug][gc,ergo,cset      ] GC(76) Do not add marking candidates to collection set due to pause type.
[83,914s][debug][gc,ergo,cset      ] GC(76) Start adding retained candidates to collection set. Min 1 regions, available 3, time remaining 40,00ms, optional remaining 40,00ms
[83,914s][debug][gc,ergo,cset      ] GC(76) Retained candidates exhausted.
[83,914s][debug][gc,ergo,cset      ] GC(76) Finish adding retained candidates to collection set. Initial: 3, optional: 0, pinned: 0, predicted initial time: 0,15ms, predicted optional time: 0,00ms, time remaining: 39,85ms optional time remaining 39,85ms
[83,914s][debug][gc,ergo           ] GC(76) Running G1 Merge Heap Roots using 15 workers for 627 regions
[83,915s][debug][gc,remset         ] GC(76) Visited cards 99584 Total dirty 901120 (11,05%) Total old 11886592 (0,84%)
[83,993s][debug][gc,ref            ] GC(76) ReferenceProcessor::execute queues: 4, RefProcThreadModel::Multi, marks_oops_alive: false
[83,994s][debug][gc,ref            ] GC(76) ReferenceProcessor::execute queues: 15, RefProcThreadModel::Multi, marks_oops_alive: true
[83,994s][debug][gc,ref            ] GC(76) ReferenceProcessor::execute queues: 1, RefProcThreadModel::Single, marks_oops_alive: false
[83,995s][debug][gc,ergo           ] GC(76) Initializing removing self forwards with 128 chunks per region
[83,995s][debug][gc,ergo           ] GC(76) Running G1 Rebuild Free List Task using 15 workers for rebuilding free list of regions
[83,995s][debug][gc,plab           ] GC(76) Young PLAB allocation: allocated: 327155712B, wasted: 44456B, unused: 1947728B, used: 325163528B, undo waste: 0B, 
[83,995s][debug][gc,plab           ] GC(76) Young other allocation: region end waste: 0B, regions filled: 78, num plab filled: 170, direct allocated: 0B, num direct allocated: 0, failure used: 0B, failure wasted: 0B
[83,995s][debug][gc,plab           ] GC(76) Young sizing: calculated: 65032704B, actual: 67948656B
[83,995s][debug][gc,plab           ] GC(76) Old PLAB allocation: allocated: 547356672B, wasted: 59304B, unused: 14279144B, used: 533018224B, undo waste: 0B, 
[83,995s][debug][gc,plab           ] GC(76) Old other allocation: region end waste: 0B, regions filled: 131, num plab filled: 261, direct allocated: 0B, num direct allocated: 0, failure used: 1052088B, failure wasted: 11530824B
[83,995s][debug][gc,plab           ] GC(76) Old sizing: calculated: 106603640B, actual: 97240656B
[83,995s][debug][gc,ergo,heap      ] GC(76) Heap expansion: short term pause time ratio 0,16% long term pause time ratio 3,10% threshold 7,69% pause time ratio 7,69% fully expanded false resize by 0B
[83,995s][debug][gc,mmu            ] GC(76) MMU: 81,4ms (200,0ms/201,0ms)
[83,995s][debug][gc,alloc,stats    ] Old generation allocation in the last mutator period, old gen allocated: 559939584B, humongous allocated: 0B, old gen growth: 559939584B.
[83,995s][debug][gc,task,start     ] G1 Service Thread (Card Set Free Memory Task) (run 0,051ms after schedule)
[83,995s][debug][gc,ihop           ] GC(76) Basic information (value update), threshold: 996947232B (18,57), target occupancy: 5368709120B, current occupancy: 1708164656B, recent allocation size: 559939584B, recent allocation duration: 1372,65ms, recent old gen allocation rate: 407925051,46B/s, recent marking phase length: 3532,42ms
[83,995s][debug][gc,ihop           ] GC(76) Adaptive IHOP information (value update), threshold: 996947232B (19,55), internal target occupancy: 5100273664B, occupancy: 1708164656B, additional buffer size: 2533359616B, predicted old gen allocation rate: 560506803,65B/s, predicted marking phase length: 2800,98ms, prediction active: true
[83,995s][debug][gc,ergo,refine    ] GC(76) GC refinement: goal: 255546 + 541 / 20,00ms, actual: 2463 / 0,20ms, 
[83,995s][debug][gc,ergo,refine    ] GC(76) Unchanged pending cards target: 255546
[83,995s][info ][gc,phases         ] GC(76)   Pre Evacuate Collection Set: 0,45ms
[83,995s][debug][gc,phases         ] GC(76)     Pre Evacuate Prepare: 0,12ms
[83,995s][debug][gc,phases         ] GC(76)       JT Retire TLABs And Flush Logs (ms): Min: 0,00, Avg: 0,01, Max: 0,01, Diff: 0,01, Sum: 0,01, Workers: 2
[83,995s][debug][gc,phases         ] GC(76)       Non-JT Flush Logs (ms):        Min: 0,01, Avg: 0,01, Max: 0,01, Diff: 0,00, Sum: 0,01, Workers: 1
[83,995s][debug][gc,phases         ] GC(76)     Choose Collection Set: 0,05ms
[83,995s][debug][gc,phases         ] GC(76)     Region Register: 0,28ms
[83,995s][debug][gc,phases         ] GC(76)     Prepare Heap Roots: 0,00ms
[83,995s][info ][gc,phases         ] GC(76)   Merge Heap Roots: 0,54ms
[83,995s][debug][gc,phases         ] GC(76)     Prepare Merge Heap Roots: 0,02ms
[83,995s][debug][gc,phases         ] GC(76)     Remembered Sets (ms):          Min: 0,09, Avg: 0,12, Max: 0,17, Diff: 0,08, Sum: 1,84, Workers: 15
[83,995s][debug][gc,phases         ] GC(76)       Eager Reclaim (ms):            skipped
[83,995s][debug][gc,phases         ] GC(76)       Merged Inline                  Min: 0, Avg: 17,9, Max: 66, Diff: 66, Sum: 268, Workers: 15
[83,995s][debug][gc,phases         ] GC(76)       Merged ArrayOfCards            Min: 0, Avg:  8,1, Max: 62, Diff: 62, Sum: 121, Workers: 15
[83,995s][debug][gc,phases         ] GC(76)       Merged Howl                    Min: 0, Avg:  0,0, Max: 0, Diff: 0, Sum: 0, Workers: 15
[83,995s][debug][gc,phases         ] GC(76)       Merged Full                    Min: 0, Avg:  0,0, Max: 0, Diff: 0, Sum: 0, Workers: 15
[83,995s][debug][gc,phases         ] GC(76)       Merged Howl Inline             Min: 0, Avg:  0,0, Max: 0, Diff: 0, Sum: 0, Workers: 15
[83,996s][debug][gc,phases         ] GC(76)       Merged Howl ArrayOfCards       Min: 0, Avg:  0,0, Max: 0, Diff: 0, Sum: 0, Workers: 15
[83,996s][debug][gc,phases         ] GC(76)       Merged Howl BitMap             Min: 0, Avg:  0,0, Max: 0, Diff: 0, Sum: 0, Workers: 15
[83,996s][debug][gc,phases         ] GC(76)       Merged Howl Full               Min: 0, Avg:  0,0, Max: 0, Diff: 0, Sum: 0, Workers: 15
[83,996s][debug][gc,phases         ] GC(76)       Merged Cards                   Min: 8, Avg: 123,9, Max: 777, Diff: 769, Sum: 1859, Workers: 15
[83,996s][debug][gc,phases         ] GC(76)     Log Buffers (ms):              Min: 0,00, Avg: 0,01, Max: 0,03, Diff: 0,03, Sum: 0,14, Workers: 15
[83,996s][debug][gc,phases         ] GC(76)       Dirty Cards:                   Min: 0, Avg: 164,2, Max: 1085, Diff: 1085, Sum: 2463, Workers: 15
[83,996s][debug][gc,phases         ] GC(76)       Skipped Cards:                 Min: 0, Avg:  0,0, Max: 0, Diff: 0, Sum: 0, Workers: 15
[83,996s][info ][gc,phases         ] GC(76)   Evacuate Collection Set: 78,37ms
[83,996s][debug][gc,phases         ] GC(76)     Ext Root Scanning (ms):        Min: 0,00, Avg: 0,06, Max: 0,24, Diff: 0,24, Sum: 0,91, Workers: 15
[83,996s][debug][gc,phases         ] GC(76)     Scan Heap Roots (ms):          Min: 0,00, Avg: 0,20, Max: 0,45, Diff: 0,45, Sum: 2,94, Workers: 15
[83,996s][debug][gc,phases         ] GC(76)       Scanned Cards:                 Min: 0, Avg: 165,1, Max: 398, Diff: 398, Sum: 2477, Workers: 15
[83,996s][debug][gc,phases         ] GC(76)       Scanned Blocks:                Min: 0, Avg: 129,0, Max: 272, Diff: 272, Sum: 1935, Workers: 15
[83,996s][debug][gc,phases         ] GC(76)       Claimed Chunks:                Min: 0, Avg: 103,7, Max: 257, Diff: 257, Sum: 1556, Workers: 15
[83,996s][debug][gc,phases         ] GC(76)       Found Roots:                   Min: 0, Avg: 266,3, Max: 610, Diff: 610, Sum: 3994, Workers: 15
[83,996s][debug][gc,phases         ] GC(76)     Code Root Scan (ms):           Min: 0,03, Avg: 0,04, Max: 0,07, Diff: 0,03, Sum: 0,65, Workers: 15
[83,996s][debug][gc,phases         ] GC(76)       Scanned Nmethods               Min: 0, Avg:  0,0, Max: 0, Diff: 0, Sum: 0, Workers: 15
[83,996s][debug][gc,phases         ] GC(76)     Object Copy (ms):              Min: 61,59, Avg: 76,65, Max: 77,95, Diff: 16,36, Sum: 1149,70, Workers: 15
[83,996s][debug][gc,phases         ] GC(76)     Termination (ms):              Min: 0,04, Avg: 0,07, Max: 0,12, Diff: 0,09, Sum: 0,99, Workers: 15
[83,996s][debug][gc,phases         ] GC(76)       Termination Attempts:          Min: 1, Avg:  1,0, Max: 1, Diff: 0, Sum: 15, Workers: 15
[83,996s][debug][gc,phases         ] GC(76)     GC Worker Other (ms):          Min: 0,05, Avg: 1,12, Max: 16,06, Diff: 16,01, Sum: 16,85, Workers: 15
[83,996s][debug][gc,phases         ] GC(76)     GC Worker Total (ms):          Min: 78,05, Avg: 78,14, Max: 78,27, Diff: 0,22, Sum: 1172,04, Workers: 15
[83,996s][info ][gc,phases         ] GC(76)   Post Evacuate Collection Set: 1,90ms
[83,996s][debug][gc,phases         ] GC(76)     NMethod List Cleanup: 0,01ms
[83,996s][debug][gc,phases         ] GC(76)     Reference Processing: 1,03ms
[83,996s][debug][gc,phases,ref     ] GC(76)       Notify Soft/WeakReferences: 0,5ms
[83,996s][debug][gc,phases,ref     ] GC(76)         Balance queues: 0,0ms
[83,996s][debug][gc,phases,ref     ] GC(76)         SoftRef (ms):                  Min: 0,00, Avg: 0,00, Max: 0,00, Diff: 0,00, Sum: 0,00, Workers: 4
[83,996s][debug][gc,phases,ref     ] GC(76)         WeakRef (ms):                  Min: 0,00, Avg: 0,00, Max: 0,00, Diff: 0,00, Sum: 0,00, Workers: 4
[83,996s][debug][gc,phases,ref     ] GC(76)         FinalRef (ms):                 Min: 0,05, Avg: 0,10, Max: 0,12, Diff: 0,07, Sum: 0,40, Workers: 4
[83,996s][debug][gc,phases,ref     ] GC(76)         Total (ms):                    Min: 0,12, Avg: 0,14, Max: 0,16, Diff: 0,04, Sum: 0,56, Workers: 4
[83,996s][debug][gc,phases,ref     ] GC(76)       Notify and keep alive finalizable: 0,4ms
[83,996s][debug][gc,phases,ref     ] GC(76)         Balance queues: 0,0ms
[83,996s][debug][gc,phases,ref     ] GC(76)         FinalRef (ms):                 Min: 0,09, Avg: 0,14, Max: 0,22, Diff: 0,13, Sum: 2,15, Workers: 15
[83,996s][debug][gc,phases,ref     ] GC(76)       Notify PhantomReferences: 0,1ms
[83,996s][debug][gc,phases,ref     ] GC(76)         PhantomRef (ms):               Min: 0,01, Avg: 0,01, Max: 0,01, Diff: 0,00, Sum: 0,01, Workers: 1
[83,996s][debug][gc,phases,ref     ] GC(76)       SoftReference Discovered: 0, Dropped: 0, Processed: 0
[83,996s][debug][gc,phases,ref     ] GC(76)       WeakReference Discovered: 0, Dropped: 0, Processed: 0
[83,996s][debug][gc,phases,ref     ] GC(76)       FinalReference Discovered: 3074, Dropped: 5, Processed: 3069
[83,996s][debug][gc,phases,ref     ] GC(76)       PhantomReference Discovered: 37, Dropped: 2, Processed: 35
[83,996s][debug][gc,phases         ] GC(76)     Weak Processing: 0,18ms
[83,996s][debug][gc,phases         ] GC(76)       VM Weak                        Min: 0,00, Avg: 0,00, Max: 0,00, Diff: 0,00, Sum: 0,02, Workers: 15
[83,996s][debug][gc,phases         ] GC(76)         Dead                           Min: 0, Avg:  0,0, Max: 0, Diff: 0, Sum: 0, Workers: 15
[83,996s][debug][gc,phases         ] GC(76)         Total                          Min: 0, Avg: 11,3, Max: 128, Diff: 128, Sum: 170, Workers: 15
[83,996s][debug][gc,phases         ] GC(76)       ObjectSynchronizer Weak        Min: 0,00, Avg: 0,00, Max: 0,00, Diff: 0,00, Sum: 0,01, Workers: 15
[83,996s][debug][gc,phases         ] GC(76)         Dead                           Min: 0, Avg:  0,0, Max: 0, Diff: 0, Sum: 0, Workers: 15
[83,996s][debug][gc,phases         ] GC(76)         Total                          Min: 0, Avg:  0,3, Max: 5, Diff: 5, Sum: 5, Workers: 15
[83,996s][debug][gc,phases         ] GC(76)       JVMTI Tag Weak OopStorage      Min: 0,00, Avg: 0,00, Max: 0,00, Diff: 0,00, Sum: 0,00, Workers: 15
[83,996s][debug][gc,phases         ] GC(76)         Dead                           Min: 0, Avg:  0,0, Max: 0, Diff: 0, Sum: 0, Workers: 15
[83,996s][debug][gc,phases         ] GC(76)         Total                          Min: 0, Avg:  0,0, Max: 0, Diff: 0, Sum: 0, Workers: 15
[83,996s][debug][gc,phases         ] GC(76)       StringTable Weak               Min: 0,00, Avg: 0,01, Max: 0,01, Diff: 0,01, Sum: 0,13, Workers: 15
[83,996s][debug][gc,phases         ] GC(76)         Dead                           Min: 0, Avg:  0,0, Max: 0, Diff: 0, Sum: 0, Workers: 15
[83,996s][debug][gc,phases         ] GC(76)         Total                          Min: 0, Avg: 568,6, Max: 1280, Diff: 1280, Sum: 8529, Workers: 15
[83,996s][debug][gc,phases         ] GC(76)       ResolvedMethodTable Weak       Min: 0,00, Avg: 0,00, Max: 0,00, Diff: 0,00, Sum: 0,04, Workers: 15
[83,996s][debug][gc,phases         ] GC(76)         Dead                           Min: 0, Avg:  0,0, Max: 0, Diff: 0, Sum: 0, Workers: 15
[83,996s][debug][gc,phases         ] GC(76)         Total                          Min: 0, Avg: 113,7, Max: 192, Diff: 192, Sum: 1706, Workers: 15
[83,996s][debug][gc,phases         ] GC(76)       JNI Weak                       Min: 0,00, Avg: 0,00, Max: 0,00, Diff: 0,00, Sum: 0,02, Workers: 15
[83,996s][debug][gc,phases         ] GC(76)         Dead                           Min: 0, Avg:  0,0, Max: 0, Diff: 0, Sum: 0, Workers: 15
[83,996s][debug][gc,phases         ] GC(76)         Total                          Min: 0, Avg:  0,0, Max: 0, Diff: 0, Sum: 0, Workers: 15
[83,996s][debug][gc,phases         ] GC(76)       StringDedup Table Weak         Min: 0,00, Avg: 0,01, Max: 0,01, Diff: 0,01, Sum: 0,17, Workers: 15
[83,996s][debug][gc,phases         ] GC(76)         Dead                           Min: 0, Avg:  0,0, Max: 0, Diff: 0, Sum: 0, Workers: 15
[83,996s][debug][gc,phases         ] GC(76)         Total                          Min: 128, Avg: 878,7, Max: 1216, Diff: 1088, Sum: 13181, Workers: 15
[83,996s][debug][gc,phases         ] GC(76)       StringDedup Requests0 Weak     Min: 0,00, Avg: 0,00, Max: 0,00, Diff: 0,00, Sum: 0,02, Workers: 15
[83,996s][debug][gc,phases         ] GC(76)         Dead                           Min: 0, Avg:  0,0, Max: 0, Diff: 0, Sum: 0, Workers: 15
[83,996s][debug][gc,phases         ] GC(76)         Total                          Min: 0, Avg:  0,0, Max: 0, Diff: 0, Sum: 0, Workers: 15
[83,996s][debug][gc,phases         ] GC(76)       StringDedup Requests1 Weak     Min: 0,00, Avg: 0,00, Max: 0,00, Diff: 0,00, Sum: 0,02, Workers: 15
[83,996s][debug][gc,phases         ] GC(76)         Dead                           Min: 0, Avg:  0,0, Max: 0, Diff: 0, Sum: 0, Workers: 15
[83,996s][debug][gc,phases         ] GC(76)         Total                          Min: 0, Avg: 25,6, Max: 64, Diff: 64, Sum: 384, Workers: 15
[83,996s][debug][gc,phases         ] GC(76)       Weak JFR Old Object Samples    Min: 0,00, Avg: 0,00, Max: 0,00, Diff: 0,00, Sum: 0,01, Workers: 15
[83,996s][debug][gc,phases         ] GC(76)         Dead                           Min: 0, Avg:  0,0, Max: 0, Diff: 0, Sum: 0, Workers: 15
[83,996s][debug][gc,phases         ] GC(76)         Total                          Min: 0, Avg:  0,0, Max: 0, Diff: 0, Sum: 0, Workers: 15
[83,996s][debug][gc,phases         ] GC(76)     Post Evacuate Cleanup 1: 0,32ms
[83,996s][debug][gc,phases         ] GC(76)       Merge Per-Thread State (ms):   Min: 0,08, Avg: 0,08, Max: 0,08, Diff: 0,00, Sum: 0,08, Workers: 1
[83,996s][debug][gc,phases         ] GC(76)         Copied Bytes                   Min: 34943960, Avg: 57212116,8, Max: 70311864, Diff: 35367904, Sum: 858181752, Workers: 15
[83,996s][debug][gc,phases         ] GC(76)         LAB Waste                      Min: 1880, Avg: 6917,3, Max: 13184, Diff: 11304, Sum: 103760, Workers: 15
[83,996s][debug][gc,phases         ] GC(76)         LAB Undo Waste                 Min: 0, Avg:  0,0, Max: 0, Diff: 0, Sum: 0, Workers: 15
[83,996s][debug][gc,phases         ] GC(76)         Evac Fail Extra Cards          Min: 0, Avg:  0,0, Max: 0, Diff: 0, Sum: 0, Workers: 15
[83,996s][debug][gc,phases         ] GC(76)       Clear Logged Cards (ms):       Min: 0,00, Avg: 0,04, Max: 0,16, Diff: 0,16, Sum: 0,67, Workers: 15
[83,996s][debug][gc,phases         ] GC(76)       Recalculate Used Memory (ms):  Min: 0,03, Avg: 0,03, Max: 0,03, Diff: 0,00, Sum: 0,03, Workers: 1
[83,996s][debug][gc,phases         ] GC(76)       Restore Evacuation Failed Regions (ms): Min: 0,00, Avg: 0,05, Max: 0,08, Diff: 0,08, Sum: 0,72, Workers: 15
[83,996s][debug][gc,phases         ] GC(76)         Evacuation Failed Regions:     Min: 3, Avg:  3,0, Max: 3, Diff: 0, Sum: 3, Workers: 1
[83,996s][debug][gc,phases         ] GC(76)         Pinned Regions:                Min: 1, Avg:  1,0, Max: 1, Diff: 0, Sum: 3, Workers: 3
[83,996s][debug][gc,phases         ] GC(76)         Allocation Failed Regions:     skipped
[83,996s][debug][gc,phases         ] GC(76)         Remove Self Forwards (ms):     Min: 0,04, Avg: 0,05, Max: 0,06, Diff: 0,02, Sum: 0,48, Workers: 10
[83,996s][debug][gc,phases         ] GC(76)           Forward Chunks:                Min: 1, Avg:  4,0, Max: 6, Diff: 5, Sum: 32, Workers: 8
[83,996s][debug][gc,phases         ] GC(76)           Empty Forward Chunks:          Min: 24, Avg: 35,2, Max: 56, Diff: 32, Sum: 352, Workers: 10
[83,996s][debug][gc,phases         ] GC(76)           Forward Objects:               Min: 1, Avg:  4,1, Max: 6, Diff: 5, Sum: 33, Workers: 8
[83,996s][debug][gc,phases         ] GC(76)           Forward Bytes:                 Min: 60064, Avg: 131511,0, Max: 227792, Diff: 167728, Sum: 1052088, Workers: 8
[83,996s][debug][gc,phases         ] GC(76)     Post Evacuate Cleanup 2: 0,19ms
[83,996s][debug][gc,phases         ] GC(76)       Recalculate Used Memory (ms):  Min: 0,03, Avg: 0,03, Max: 0,03, Diff: 0,00, Sum: 0,03, Workers: 1
[83,996s][debug][gc,phases         ] GC(76)       Restore Preserved Marks (ms):  Min: 0,00, Avg: 0,00, Max: 0,00, Diff: 0,00, Sum: 0,01, Workers: 15
[83,996s][debug][gc,phases         ] GC(76)       Process Evacuation Failed Regions (ms): Min: 0,00, Avg: 0,00, Max: 0,01, Diff: 0,01, Sum: 0,03, Workers: 15
[83,996s][debug][gc,phases         ] GC(76)       Update Derived Pointers (ms):  Min: 0,00, Avg: 0,00, Max: 0,00, Diff: 0,00, Sum: 0,00, Workers: 1
[83,996s][debug][gc,phases         ] GC(76)       Eagerly Reclaim Humongous Objects (ms): skipped
[83,996s][debug][gc,phases         ] GC(76)         Humongous Total                skipped
[83,996s][debug][gc,phases         ] GC(76)         Humongous Candidates           skipped
[83,996s][debug][gc,phases         ] GC(76)         Humongous Reclaimed            skipped
[83,996s][debug][gc,phases         ] GC(76)       Sample CSet Candidates (ms):   Min: 0,00, Avg: 0,00, Max: 0,00, Diff: 0,00, Sum: 0,00, Workers: 1
[83,996s][debug][gc,phases         ] GC(76)       Redirty Logged Cards (ms):     Min: 0,00, Avg: 0,00, Max: 0,02, Diff: 0,02, Sum: 0,03, Workers: 15
[83,996s][debug][gc,phases         ] GC(76)         Redirtied Cards:               Min: 0, Avg: 85,4, Max: 766, Diff: 766, Sum: 1281, Workers: 15
[83,997s][debug][gc,phases         ] GC(76)       Resize TLABs (ms):             Min: 0,00, Avg: 0,00, Max: 0,01, Diff: 0,01, Sum: 0,01, Workers: 15
[83,997s][debug][gc,phases         ] GC(76)       Free Collection Set (ms):      Min: 0,06, Avg: 0,08, Max: 0,10, Diff: 0,04, Sum: 1,21, Workers: 15
[83,997s][debug][gc,phases         ] GC(76)     Rebuild Free List: 0,09ms
[83,997s][debug][gc,phases         ] GC(76)     Prepare For Mutator: 0,08ms
[83,997s][debug][gc,phases         ] GC(76)     Expand Heap After Collection: 0,00ms
[83,997s][info ][gc,phases         ] GC(76)   Other: 0,30ms
[83,997s][debug][gc,remset         ] GC(76) Coarsening (recent): Inline->AoC 735 (0) AoC->Howl 426 (0) Howl->Full 105 (0) Inline->AoC 2318 (0) AoC->BitMap 2192 (0) BitMap->Full 397 (0) 
[83,997s][debug][gc,remset         ] GC(76) Coarsening (all): Inline->AoC 12615 (0) AoC->Howl 6148 (0) Howl->Full 1668 (0) Inline->AoC 35613 (0) AoC->BitMap 33955 (0) BitMap->Full 6802 (0) 
[83,997s][info ][gc,heap           ] GC(76) Eden regions: 528->0(526)
[83,997s][info ][gc,heap           ] GC(76) Survivor regions: 96->78(78)
[83,997s][info ][gc,heap           ] GC(76) Old regions: 200->330
[83,997s][info ][gc,heap           ] GC(76) Humongous regions: 0->0
[83,997s][info ][gc,metaspace      ] GC(76) Metaspace: 20807K(21184K)->20807K(21184K) NonClass: 18189K(18368K)->18189K(18368K) Class: 2617K(2816K)->2617K(2816K)
[83,997s][debug][gc,heap           ] GC(76) Heap after GC invocations=77 (full 0):
[83,997s][debug][gc,heap           ] GC(76)  garbage-first heap   total reserved 8388608K, committed 5242880K, used 1668129K [0x0000000600000000, 0x0000000800000000)
[83,997s][debug][gc,heap           ] GC(76)   region size 4096K, 78 young (319488K), 78 survivors (319488K)
[83,997s][debug][gc,heap           ] GC(76)  Metaspace       used 20807K, committed 21184K, reserved 1114112K
[83,997s][debug][gc,heap           ] GC(76)   class space    used 2617K, committed 2816K, reserved 1048576K
[83,997s][info ][gc                ] GC(76) Pause Young (Prepare Mixed) (G1 Evacuation Pause) (Evacuation Failure: Pinned) 3291M->1629M(5120M) 83,045ms
[83,997s][info ][gc,cpu            ] GC(76) User=1,17s Sys=0,00s Real=0,08s
[83,997s][debug][gc,refine         ] Concurrent refinement: wanted 0, cards: 1281, predicted: 2851, time: 1493,54ms
[83,997s][debug][gc,task           ] G1 Service Thread (Card Set Free Memory Task) (run: 1,887ms) (cpu: 0,270ms)
[84,151s][debug][gc,refine         ] Concurrent refinement: wanted 0, cards: 1793, predicted: 3065, time: 1210,48ms
[84,290s][debug][gc,refine         ] Concurrent refinement: wanted 0, cards: 2305, predicted: 3537, time: 1172,08ms
[84,426s][debug][gc,refine         ] Concurrent refinement: wanted 0, cards: 2305, predicted: 3479, time: 1116,60ms
[84,434s][debug][gc,task,start     ] G1 Service Thread (Periodic GC Task) (run 0,613ms after schedule)
[84,434s][debug][gc,task           ] G1 Service Thread (Periodic GC Task) (run: 0,043ms) (cpu: 0,073ms)
[84,560s][debug][gc,refine         ] Concurrent refinement: wanted 0, cards: 2305, predicted: 3420, time: 1061,13ms
[84,690s][debug][gc,refine         ] Concurrent refinement: wanted 0, cards: 2305, predicted: 3363, time: 1007,08ms
[84,816s][debug][gc,refine         ] Concurrent refinement: wanted 0, cards: 2305, predicted: 3308, time: 954,45ms
[84,939s][debug][gc,refine         ] Concurrent refinement: wanted 0, cards: 2305, predicted: 3254, time: 903,24ms
[85,060s][debug][gc,refine         ] Concurrent refinement: wanted 0, cards: 2305, predicted: 3202, time: 853,45ms
[85,176s][debug][gc,refine         ] Concurrent refinement: wanted 0, cards: 2305, predicted: 3151, time: 805,09ms
[85,289s][debug][gc,refine         ] Concurrent refinement: wanted 0, cards: 2305, predicted: 2566, time: 248,45ms
[85,352s][debug][gc,refine         ] Concurrent refinement: wanted 0, cards: 2305, predicted: 2372, time: 64,01ms
[85,402s][debug][gc,refine         ] Concurrent refinement: wanted 0, cards: 2305, predicted: 2363, time: 55,47ms
[85,435s][debug][gc,task,start     ] G1 Service Thread (Periodic GC Task) (run 0,179ms after schedule)
[85,435s][debug][gc,task           ] G1 Service Thread (Periodic GC Task) (run: 0,051ms) (cpu: 0,082ms)
[85,453s][debug][gc,refine         ] Concurrent refinement: wanted 0, cards: 2305, predicted: 2305, time: 48,36ms
[85,503s][debug][gc,refine         ] Concurrent refinement: wanted 0, cards: 2305, predicted: 2305, time: 36,98ms
[85,553s][debug][gc,refine         ] Concurrent refinement: wanted 0, cards: 2305, predicted: 2305, time: 17,07ms
[85,602s][info ][gc,start          ] GC(77) Pause Young (Mixed) (G1 Evacuation Pause)
[85,602s][debug][gc,heap           ] GC(77) Heap before GC invocations=77 (full 0):
[85,602s][debug][gc,heap           ] GC(77)  garbage-first heap   total reserved 8388608K, committed 5242880K, used 3818529K [0x0000000600000000, 0x0000000800000000)
[85,602s][debug][gc,heap           ] GC(77)   region size 4096K, 604 young (2473984K), 78 survivors (319488K)
[85,602s][debug][gc,heap           ] GC(77)  Metaspace       used 20808K, committed 21184K, reserved 1114112K
[85,602s][debug][gc,heap           ] GC(77)   class space    used 2617K, committed 2816K, reserved 1048576K
[85,602s][info ][gc,task           ] GC(77) Using 15 workers of 15 for evacuation
[85,602s][debug][gc,age            ] GC(77) Desired survivor size 159383552 bytes, new threshold 1 (max threshold 15)
[85,602s][debug][gc,tlab           ] GC(77) TLAB totals: thrds: 26  refills: 1584 max: 407 slow allocs: 945 max 101 waste:  0,9% gc: 12440544B max: 1316896B slow: 6764488B max: 676984B
[85,602s][debug][gc,refine,stats   ] GC(77) Mutator refinement: 0,00ms, refined: 0, precleaned: 0, dirtied: 1483
[85,602s][debug][gc,refine,stats   ] GC(77) Concurrent refinement: 0,00ms, refined: 0, precleaned: 0, dirtied: 0
[85,602s][debug][gc,refine,stats   ] GC(77) Total refinement: 0,00ms, refined: 0, precleaned: 0, dirtied: 1483
[85,602s][debug][gc,refine,stats   ] GC(77) Generate dirty cards rate: 0,92 cards/ms
[85,602s][debug][gc,alloc,region   ] GC(77) Mutator Allocation stats, regions: 526, wasted size: 6073K ( 0,3%)
[85,602s][debug][gc,ergo,cset      ] GC(77) Start adding marking candidates to collection set. Min 2 regions, max 128 regions, available 9 regionstime remaining 105,87ms, optional threshold 21,17ms
[85,602s][debug][gc,ergo,cset      ] GC(77) Marking candidates exhausted.
[85,602s][debug][gc,ergo,cset      ] GC(77) Finish adding marking candidates to collection set. Initial: 9, optional: 0, pinned: 0, predicted initial time: 0,21ms, predicted optional time: 0,00ms, time remaining: 105,66ms
[85,602s][debug][gc,ergo,cset      ] GC(77) Start adding retained candidates to collection set. Min 1 regions, available 3, time remaining 40,00ms, optional remaining 40,00ms
[85,602s][debug][gc,ergo,cset      ] GC(77) Retained candidates exhausted.
[85,602s][debug][gc,ergo,cset      ] GC(77) Finish adding retained candidates to collection set. Initial: 3, optional: 0, pinned: 0, predicted initial time: 0,17ms, predicted optional time: 0,00ms, time remaining: 39,83ms optional time remaining 39,83ms
[85,603s][debug][gc,ergo           ] GC(77) Running G1 Merge Heap Roots using 15 workers for 616 regions
[85,603s][debug][gc,remset         ] GC(77) Visited cards 118912 Total dirty 1368064 (8,69%) Total old 12697600 (0,94%)
[85,639s][debug][gc,ref            ] GC(77) ReferenceProcessor::execute queues: 3, RefProcThreadModel::Multi, marks_oops_alive: false
[85,639s][debug][gc,ref            ] GC(77) ReferenceProcessor::execute queues: 15, RefProcThreadModel::Multi, marks_oops_alive: true
[85,640s][debug][gc,ref            ] GC(77) ReferenceProcessor::execute queues: 1, RefProcThreadModel::Single, marks_oops_alive: false
[85,640s][debug][gc,ergo           ] GC(77) Running G1 Rebuild Free List Task using 15 workers for rebuilding free list of regions
[85,640s][debug][gc,plab           ] GC(77) Young PLAB allocation: allocated: 73400320B, wasted: 4992B, unused: 20904704B, used: 52490624B, undo waste: 0B, 
[85,640s][debug][gc,plab           ] GC(77) Young other allocation: region end waste: 0B, regions filled: 18, num plab filled: 35, direct allocated: 0B, num direct allocated: 0, failure used: 0B, failure wasted: 0B
[85,640s][debug][gc,plab           ] GC(77) Young sizing: calculated: 10498120B, actual: 24860752B
[85,640s][debug][gc,plab           ] GC(77) Old PLAB allocation: allocated: 341835776B, wasted: 30120B, unused: 18149216B, used: 323656440B, undo waste: 0B, 
[85,640s][debug][gc,plab           ] GC(77) Old other allocation: region end waste: 0B, regions filled: 82, num plab filled: 163, direct allocated: 0B, num direct allocated: 0, failure used: 0B, failure wasted: 0B
[85,640s][debug][gc,plab           ] GC(77) Old sizing: calculated: 64731288B, actual: 72858624B
[85,640s][debug][gc,ergo,heap      ] GC(77) Heap expansion: short term pause time ratio 7,26% long term pause time ratio 3,19% threshold 7,69% pause time ratio 7,69% fully expanded false resize by 0B
[85,640s][debug][gc,ergo,ihop      ] GC(77) Do not request concurrent cycle initiation (still doing mixed collections) occupancy: 1677721600B allocation request: 0B threshold: 996947232B (18,57) source: end of GC
[85,640s][debug][gc,mmu            ] GC(77) MMU: 38,4ms (200,0ms/201,0ms)
[85,640s][debug][gc,ergo           ] GC(77) do not continue mixed GCs (candidate old regions not available)
[85,640s][debug][gc,ergo,ihop      ] GC(77) Request concurrent cycle initiation (occupancy higher than threshold) occupancy: 1677721600B allocation request: 0B threshold: 996947232B (18,57) source: end of GC
[85,640s][debug][gc,alloc,stats    ] Old generation allocation in the last mutator period, old gen allocated: 341835776B, humongous allocated: 0B, old gen growth: 341835776B.
[85,640s][debug][gc,ihop           ] GC(77) Basic information (value update), threshold: 984749644B (18,34), target occupancy: 5368709120B, current occupancy: 1745913392B, recent allocation size: 341835776B, recent allocation duration: 1372,65ms, recent old gen allocation rate: 249032896,58B/s, recent marking phase length: 2979,36ms
[85,640s][debug][gc,ihop           ] GC(77) Adaptive IHOP information (value update), threshold: 984749644B (19,31), internal target occupancy: 5100273664B, occupancy: 1745913392B, additional buffer size: 2533359616B, predicted old gen allocation rate: 560506803,65B/s, predicted marking phase length: 2822,74ms, prediction active: true
[85,640s][debug][gc,task,start     ] G1 Service Thread (Card Set Free Memory Task) (run 0,101ms after schedule)
[85,640s][debug][gc,ergo,refine    ] GC(77) GC refinement: goal: 255546 + 530 / 20,00ms, actual: 2757 / 0,23ms, 
[85,640s][debug][gc,ergo,refine    ] GC(77) Unchanged pending cards target: 255546
[85,640s][info ][gc,phases         ] GC(77)   Pre Evacuate Collection Set: 0,50ms
[85,640s][debug][gc,phases         ] GC(77)     Pre Evacuate Prepare: 0,22ms
[85,640s][debug][gc,phases         ] GC(77)       JT Retire TLABs And Flush Logs (ms): Min: 0,00, Avg: 0,01, Max: 0,02, Diff: 0,02, Sum: 0,02, Workers: 2
[85,641s][debug][gc,phases         ] GC(77)       Non-JT Flush Logs (ms):        Min: 0,01, Avg: 0,01, Max: 0,01, Diff: 0,00, Sum: 0,01, Workers: 1
[85,641s][debug][gc,phases         ] GC(77)     Choose Collection Set: 0,07ms
[85,641s][debug][gc,phases         ] GC(77)     Region Register: 0,21ms
[85,641s][debug][gc,phases         ] GC(77)     Prepare Heap Roots: 0,00ms
[85,641s][info ][gc,phases         ] GC(77)   Merge Heap Roots: 0,40ms
[85,641s][debug][gc,phases         ] GC(77)     Prepare Merge Heap Roots: 0,02ms
[85,641s][debug][gc,phases         ] GC(77)     Remembered Sets (ms):          Min: 0,04, Avg: 0,05, Max: 0,06, Diff: 0,02, Sum: 0,77, Workers: 15
[85,641s][debug][gc,phases         ] GC(77)       Eager Reclaim (ms):            skipped
[85,641s][debug][gc,phases         ] GC(77)       Merged Inline                  Min: 0, Avg:  0,9, Max: 14, Diff: 14, Sum: 14, Workers: 15
[85,641s][debug][gc,phases         ] GC(77)       Merged ArrayOfCards            Min: 0, Avg:  0,0, Max: 0, Diff: 0, Sum: 0, Workers: 15
[85,641s][debug][gc,phases         ] GC(77)       Merged Howl                    Min: 0, Avg:  0,0, Max: 0, Diff: 0, Sum: 0, Workers: 15
[85,641s][debug][gc,phases         ] GC(77)       Merged Full                    Min: 0, Avg:  0,0, Max: 0, Diff: 0, Sum: 0, Workers: 15
[85,641s][debug][gc,phases         ] GC(77)       Merged Howl Inline             Min: 0, Avg:  0,0, Max: 0, Diff: 0, Sum: 0, Workers: 15
[85,641s][debug][gc,phases         ] GC(77)       Merged Howl ArrayOfCards       Min: 0, Avg:  0,0, Max: 0, Diff: 0, Sum: 0, Workers: 15
[85,641s][debug][gc,phases         ] GC(77)       Merged Howl BitMap             Min: 0, Avg:  0,0, Max: 0, Diff: 0, Sum: 0, Workers: 15
[85,641s][debug][gc,phases         ] GC(77)       Merged Howl Full               Min: 0, Avg:  0,0, Max: 0, Diff: 0, Sum: 0, Workers: 15
[85,641s][debug][gc,phases         ] GC(77)       Merged Cards                   Min: 8, Avg:  9,4, Max: 29, Diff: 21, Sum: 141, Workers: 15
[85,641s][debug][gc,phases         ] GC(77)     Log Buffers (ms):              Min: 0,00, Avg: 0,01, Max: 0,07, Diff: 0,07, Sum: 0,08, Workers: 15
[85,641s][debug][gc,phases         ] GC(77)       Dirty Cards:                   Min: 0, Avg: 183,8, Max: 2743, Diff: 2743, Sum: 2757, Workers: 15
[85,641s][debug][gc,phases         ] GC(77)       Skipped Cards:                 Min: 0, Avg:  0,5, Max: 7, Diff: 7, Sum: 7, Workers: 15
[85,641s][info ][gc,phases         ] GC(77)   Evacuate Collection Set: 35,66ms
[85,641s][debug][gc,phases         ] GC(77)     Ext Root Scanning (ms):        Min: 0,00, Avg: 0,03, Max: 0,21, Diff: 0,21, Sum: 0,52, Workers: 15
[85,641s][debug][gc,phases         ] GC(77)     Scan Heap Roots (ms):          Min: 0,08, Avg: 0,22, Max: 0,67, Diff: 0,58, Sum: 3,34, Workers: 15
[85,641s][debug][gc,phases         ] GC(77)       Scanned Cards:                 Min: 60, Avg: 182,8, Max: 762, Diff: 702, Sum: 2742, Workers: 15
[85,641s][debug][gc,phases         ] GC(77)       Scanned Blocks:                Min: 48, Avg: 150,3, Max: 617, Diff: 569, Sum: 2255, Workers: 15
[85,641s][debug][gc,phases         ] GC(77)       Claimed Chunks:                Min: 45, Avg: 123,9, Max: 458, Diff: 413, Sum: 1858, Workers: 15
[85,641s][debug][gc,phases         ] GC(77)       Found Roots:                   Min: 130, Avg: 258,8, Max: 619, Diff: 489, Sum: 3882, Workers: 15
[85,641s][debug][gc,phases         ] GC(77)     Code Root Scan (ms):           Min: 0,03, Avg: 0,04, Max: 0,05, Diff: 0,01, Sum: 0,53, Workers: 15
[85,641s][debug][gc,phases         ] GC(77)       Scanned Nmethods               Min: 0, Avg:  0,0, Max: 0, Diff: 0, Sum: 0, Workers: 15
[85,641s][debug][gc,phases         ] GC(77)     Object Copy (ms):              Min: 34,54, Avg: 34,98, Max: 35,13, Diff: 0,59, Sum: 524,75, Workers: 15
[85,641s][debug][gc,phases         ] GC(77)     Termination (ms):              Min: 0,05, Avg: 0,10, Max: 0,14, Diff: 0,09, Sum: 1,53, Workers: 15
[85,641s][debug][gc,phases         ] GC(77)       Termination Attempts:          Min: 1, Avg:  1,0, Max: 1, Diff: 0, Sum: 15, Workers: 15
[85,641s][debug][gc,phases         ] GC(77)     GC Worker Other (ms):          Min: 0,04, Avg: 0,06, Max: 0,07, Diff: 0,03, Sum: 0,84, Workers: 15
[85,641s][debug][gc,phases         ] GC(77)     GC Worker Total (ms):          Min: 35,36, Avg: 35,43, Max: 35,54, Diff: 0,18, Sum: 531,52, Workers: 15
[85,641s][info ][gc,phases         ] GC(77)   Post Evacuate Collection Set: 1,67ms
[85,641s][debug][gc,phases         ] GC(77)     NMethod List Cleanup: 0,01ms
[85,641s][debug][gc,phases         ] GC(77)     Reference Processing: 0,98ms
[85,641s][debug][gc,phases,ref     ] GC(77)       Notify Soft/WeakReferences: 0,5ms
[85,641s][debug][gc,phases,ref     ] GC(77)         Balance queues: 0,0ms
[85,641s][debug][gc,phases,ref     ] GC(77)         SoftRef (ms):                  Min: 0,00, Avg: 0,00, Max: 0,00, Diff: 0,00, Sum: 0,00, Workers: 3
[85,641s][debug][gc,phases,ref     ] GC(77)         WeakRef (ms):                  Min: 0,00, Avg: 0,00, Max: 0,00, Diff: 0,00, Sum: 0,00, Workers: 3
[85,641s][debug][gc,phases,ref     ] GC(77)         FinalRef (ms):                 Min: 0,17, Avg: 0,18, Max: 0,19, Diff: 0,01, Sum: 0,55, Workers: 3
[85,641s][debug][gc,phases,ref     ] GC(77)         Total (ms):                    Min: 0,19, Avg: 0,20, Max: 0,20, Diff: 0,00, Sum: 0,59, Workers: 3
[85,641s][debug][gc,phases,ref     ] GC(77)       Notify and keep alive finalizable: 0,4ms
[85,641s][debug][gc,phases,ref     ] GC(77)         Balance queues: 0,0ms
[85,641s][debug][gc,phases,ref     ] GC(77)         FinalRef (ms):                 Min: 0,11, Avg: 0,16, Max: 0,23, Diff: 0,13, Sum: 2,41, Workers: 15
[85,641s][debug][gc,phases,ref     ] GC(77)       Notify PhantomReferences: 0,1ms
[85,641s][debug][gc,phases,ref     ] GC(77)         PhantomRef (ms):               Min: 0,01, Avg: 0,01, Max: 0,01, Diff: 0,00, Sum: 0,01, Workers: 1
[85,641s][debug][gc,phases,ref     ] GC(77)       SoftReference Discovered: 0, Dropped: 0, Processed: 0
[85,641s][debug][gc,phases,ref     ] GC(77)       WeakReference Discovered: 0, Dropped: 0, Processed: 0
[85,641s][debug][gc,phases,ref     ] GC(77)       FinalReference Discovered: 2886, Dropped: 0, Processed: 2886
[85,641s][debug][gc,phases,ref     ] GC(77)       PhantomReference Discovered: 81, Dropped: 3, Processed: 78
[85,641s][debug][gc,phases         ] GC(77)     Weak Processing: 0,09ms
[85,641s][debug][gc,phases         ] GC(77)       VM Weak                        Min: 0,00, Avg: 0,00, Max: 0,00, Diff: 0,00, Sum: 0,01, Workers: 15
[85,641s][debug][gc,phases         ] GC(77)         Dead                           Min: 0, Avg:  0,0, Max: 0, Diff: 0, Sum: 0, Workers: 15
[85,641s][debug][gc,phases         ] GC(77)         Total                          Min: 0, Avg: 11,3, Max: 106, Diff: 106, Sum: 170, Workers: 15
[85,641s][debug][gc,phases         ] GC(77)       ObjectSynchronizer Weak        Min: 0,00, Avg: 0,00, Max: 0,00, Diff: 0,00, Sum: 0,00, Workers: 15
[85,641s][debug][gc,phases         ] GC(77)         Dead                           Min: 0, Avg:  0,0, Max: 0, Diff: 0, Sum: 0, Workers: 15
[85,641s][debug][gc,phases         ] GC(77)         Total                          Min: 0, Avg:  0,3, Max: 5, Diff: 5, Sum: 5, Workers: 15
[85,641s][debug][gc,phases         ] GC(77)       JVMTI Tag Weak OopStorage      Min: 0,00, Avg: 0,00, Max: 0,00, Diff: 0,00, Sum: 0,00, Workers: 15
[85,641s][debug][gc,phases         ] GC(77)         Dead                           Min: 0, Avg:  0,0, Max: 0, Diff: 0, Sum: 0, Workers: 15
[85,641s][debug][gc,phases         ] GC(77)         Total                          Min: 0, Avg:  0,0, Max: 0, Diff: 0, Sum: 0, Workers: 15
[85,641s][debug][gc,phases         ] GC(77)       StringTable Weak               Min: 0,00, Avg: 0,01, Max: 0,03, Diff: 0,03, Sum: 0,09, Workers: 15
[85,641s][debug][gc,phases         ] GC(77)         Dead                           Min: 0, Avg:  0,0, Max: 0, Diff: 0, Sum: 0, Workers: 15
[85,641s][debug][gc,phases         ] GC(77)         Total                          Min: 0, Avg: 568,6, Max: 2880, Diff: 2880, Sum: 8529, Workers: 15
[85,641s][debug][gc,phases         ] GC(77)       ResolvedMethodTable Weak       Min: 0,00, Avg: 0,00, Max: 0,01, Diff: 0,01, Sum: 0,03, Workers: 15
[85,641s][debug][gc,phases         ] GC(77)         Dead                           Min: 0, Avg:  0,0, Max: 0, Diff: 0, Sum: 0, Workers: 15
[85,641s][debug][gc,phases         ] GC(77)         Total                          Min: 0, Avg: 113,7, Max: 575, Diff: 575, Sum: 1706, Workers: 15
[85,641s][debug][gc,phases         ] GC(77)       JNI Weak                       Min: 0,00, Avg: 0,00, Max: 0,00, Diff: 0,00, Sum: 0,00, Workers: 15
[85,641s][debug][gc,phases         ] GC(77)         Dead                           Min: 0, Avg:  0,0, Max: 0, Diff: 0, Sum: 0, Workers: 15
[85,641s][debug][gc,phases         ] GC(77)         Total                          Min: 0, Avg:  0,0, Max: 0, Diff: 0, Sum: 0, Workers: 15
[85,641s][debug][gc,phases         ] GC(77)       StringDedup Table Weak         Min: 0,00, Avg: 0,01, Max: 0,02, Diff: 0,02, Sum: 0,14, Workers: 15
[85,641s][debug][gc,phases         ] GC(77)         Dead                           Min: 0, Avg:  0,0, Max: 0, Diff: 0, Sum: 0, Workers: 15
[85,641s][debug][gc,phases         ] GC(77)         Total                          Min: 0, Avg: 878,7, Max: 2688, Diff: 2688, Sum: 13181, Workers: 15
[85,641s][debug][gc,phases         ] GC(77)       StringDedup Requests0 Weak     Min: 0,00, Avg: 0,00, Max: 0,00, Diff: 0,00, Sum: 0,02, Workers: 15
[85,641s][debug][gc,phases         ] GC(77)         Dead                           Min: 0, Avg:  0,0, Max: 0, Diff: 0, Sum: 0, Workers: 15
[85,641s][debug][gc,phases         ] GC(77)         Total                          Min: 0, Avg: 12,8, Max: 64, Diff: 64, Sum: 192, Workers: 15
[85,641s][debug][gc,phases         ] GC(77)       StringDedup Requests1 Weak     Min: 0,00, Avg: 0,00, Max: 0,00, Diff: 0,00, Sum: 0,00, Workers: 15
[85,641s][debug][gc,phases         ] GC(77)         Dead                           Min: 0, Avg:  0,0, Max: 0, Diff: 0, Sum: 0, Workers: 15
[85,641s][debug][gc,phases         ] GC(77)         Total                          Min: 0, Avg:  0,0, Max: 0, Diff: 0, Sum: 0, Workers: 15
[85,641s][debug][gc,phases         ] GC(77)       Weak JFR Old Object Samples    Min: 0,00, Avg: 0,00, Max: 0,00, Diff: 0,00, Sum: 0,01, Workers: 15
[85,641s][debug][gc,phases         ] GC(77)         Dead                           Min: 0, Avg:  0,0, Max: 0, Diff: 0, Sum: 0, Workers: 15
[85,641s][debug][gc,phases         ] GC(77)         Total                          Min: 0, Avg:  0,0, Max: 0, Diff: 0, Sum: 0, Workers: 15
[85,641s][debug][gc,phases         ] GC(77)     Post Evacuate Cleanup 1: 0,30ms
[85,641s][debug][gc,phases         ] GC(77)       Merge Per-Thread State (ms):   Min: 0,05, Avg: 0,05, Max: 0,05, Diff: 0,00, Sum: 0,05, Workers: 1
[85,641s][debug][gc,phases         ] GC(77)         Copied Bytes                   Min: 20467456, Avg: 25076470,9, Max: 33944376, Diff: 13476920, Sum: 376147064, Workers: 15
[85,641s][debug][gc,phases         ] GC(77)         LAB Waste                      Min: 352, Avg: 2340,8, Max: 11344, Diff: 10992, Sum: 35112, Workers: 15
[85,641s][debug][gc,phases         ] GC(77)         LAB Undo Waste                 Min: 0, Avg:  0,0, Max: 0, Diff: 0, Sum: 0, Workers: 15
[85,641s][debug][gc,phases         ] GC(77)         Evac Fail Extra Cards          Min: 0, Avg:  0,0, Max: 0, Diff: 0, Sum: 0, Workers: 15
[85,641s][debug][gc,phases         ] GC(77)       Clear Logged Cards (ms):       Min: 0,00, Avg: 0,09, Max: 0,16, Diff: 0,16, Sum: 0,62, Workers: 7
[85,641s][debug][gc,phases         ] GC(77)       Recalculate Used Memory (ms):  Min: 0,00, Avg: 0,00, Max: 0,00, Diff: 0,00, Sum: 0,00, Workers: 1
[85,641s][debug][gc,phases         ] GC(77)     Post Evacuate Cleanup 2: 0,19ms
[85,641s][debug][gc,phases         ] GC(77)       Update Derived Pointers (ms):  Min: 0,00, Avg: 0,00, Max: 0,00, Diff: 0,00, Sum: 0,00, Workers: 1
[85,641s][debug][gc,phases         ] GC(77)       Eagerly Reclaim Humongous Objects (ms): skipped
[85,641s][debug][gc,phases         ] GC(77)         Humongous Total                skipped
[85,641s][debug][gc,phases         ] GC(77)         Humongous Candidates           skipped
[85,641s][debug][gc,phases         ] GC(77)         Humongous Reclaimed            skipped
[85,641s][debug][gc,phases         ] GC(77)       Redirty Logged Cards (ms):     Min: 0,00, Avg: 0,00, Max: 0,02, Diff: 0,02, Sum: 0,06, Workers: 15
[85,641s][debug][gc,phases         ] GC(77)         Redirtied Cards:               Min: 0, Avg: 198,4, Max: 1193, Diff: 1193, Sum: 2976, Workers: 15
[85,641s][debug][gc,phases         ] GC(77)       Resize TLABs (ms):             Min: 0,00, Avg: 0,00, Max: 0,01, Diff: 0,01, Sum: 0,01, Workers: 15
[85,642s][debug][gc,phases         ] GC(77)       Free Collection Set (ms):      Min: 0,05, Avg: 0,07, Max: 0,12, Diff: 0,07, Sum: 1,11, Workers: 15
[85,642s][debug][gc,phases         ] GC(77)     Rebuild Free List: 0,06ms
[85,642s][debug][gc,phases         ] GC(77)     Prepare For Mutator: 0,06ms
[85,642s][debug][gc,phases         ] GC(77)     Expand Heap After Collection: 0,00ms
[85,642s][info ][gc,phases         ] GC(77)   Other: 0,33ms
[85,642s][debug][gc,remset         ] GC(77) Coarsening (recent): Inline->AoC 0 (0) AoC->Howl 0 (0) Howl->Full 0 (0) Inline->AoC 0 (0) AoC->BitMap 0 (0) BitMap->Full 0 (0) 
[85,642s][debug][gc,remset         ] GC(77) Coarsening (all): Inline->AoC 12615 (0) AoC->Howl 6148 (0) Howl->Full 1668 (0) Inline->AoC 35613 (0) AoC->BitMap 33955 (0) BitMap->Full 6802 (0) 
[85,642s][info ][gc,heap           ] GC(77) Eden regions: 526->0(579)
[85,642s][info ][gc,heap           ] GC(77) Survivor regions: 78->18(76)
[85,642s][info ][gc,heap           ] GC(77) Old regions: 330->400
[85,642s][info ][gc,heap           ] GC(77) Humongous regions: 0->0
[85,642s][info ][gc,metaspace      ] GC(77) Metaspace: 20808K(21184K)->20808K(21184K) NonClass: 18191K(18368K)->18191K(18368K) Class: 2617K(2816K)->2617K(2816K)
[85,642s][debug][gc,heap           ] GC(77) Heap after GC invocations=78 (full 0):
[85,642s][debug][gc,heap           ] GC(77)  garbage-first heap   total reserved 8388608K, committed 5242880K, used 1704993K [0x0000000600000000, 0x0000000800000000)
[85,642s][debug][gc,heap           ] GC(77)   region size 4096K, 18 young (73728K), 18 survivors (73728K)
[85,642s][debug][gc,heap           ] GC(77)  Metaspace       used 20808K, committed 21184K, reserved 1114112K
[85,642s][debug][gc,heap           ] GC(77)   class space    used 2617K, committed 2816K, reserved 1048576K
[85,642s][info ][gc                ] GC(77) Pause Young (Mixed) (G1 Evacuation Pause) 3733M->1665M(5120M) 39,857ms
[85,642s][info ][gc,cpu            ] GC(77) User=0,54s Sys=0,00s Real=0,04s
[85,642s][debug][gc,task           ] G1 Service Thread (Card Set Free Memory Task) (run: 1,395ms) (cpu: 0,117ms)
[85,642s][debug][gc,refine         ] Concurrent refinement: wanted 0, cards: 2976, predicted: 4731, time: 1663,46ms
[85,805s][debug][gc,refine         ] Concurrent refinement: wanted 0, cards: 2976, predicted: 4664, time: 1600,20ms
[85,965s][debug][gc,refine         ] Concurrent refinement: wanted 0, cards: 2976, predicted: 4594, time: 1534,07ms
[86,122s][debug][gc,refine         ] Concurrent refinement: wanted 0, cards: 2976, predicted: 4525, time: 1467,93ms
[86,275s][debug][gc,refine         ] Concurrent refinement: wanted 0, cards: 2976, predicted: 4458, time: 1404,67ms
[86,424s][debug][gc,refine         ] Concurrent refinement: wanted 0, cards: 2976, predicted: 4393, time: 1342,85ms
[86,435s][debug][gc,task,start     ] G1 Service Thread (Periodic GC Task) (run 0,359ms after schedule)
[86,435s][debug][gc,task           ] G1 Service Thread (Periodic GC Task) (run: 0,042ms) (cpu: 0,069ms)
[86,570s][debug][gc,refine         ] Concurrent refinement: wanted 0, cards: 2976, predicted: 4256, time: 1213,41ms
[86,709s][debug][gc,refine         ] Concurrent refinement: wanted 0, cards: 2976, predicted: 3554, time: 547,78ms
[86,803s][debug][gc,refine         ] Concurrent refinement: wanted 0, cards: 2976, predicted: 3538, time: 533,37ms
[86,895s][debug][gc,refine         ] Concurrent refinement: wanted 0, cards: 2976, predicted: 3499, time: 496,02ms
[86,984s][debug][gc,refine         ] Concurrent refinement: wanted 0, cards: 2976, predicted: 3460, time: 458,64ms
[87,069s][debug][gc,refine         ] Concurrent refinement: wanted 0, cards: 2976, predicted: 3420, time: 421,26ms
[87,151s][debug][gc,refine         ] Concurrent refinement: wanted 0, cards: 2976, predicted: 3384, time: 386,75ms
[87,229s][debug][gc,refine         ] Concurrent refinement: wanted 0, cards: 2976, predicted: 3349, time: 353,68ms
[87,305s][debug][gc,refine         ] Concurrent refinement: wanted 0, cards: 2976, predicted: 3315, time: 322,05ms
[87,376s][debug][gc,refine         ] Concurrent refinement: wanted 0, cards: 2976, predicted: 3285, time: 293,30ms
[87,435s][debug][gc,task,start     ] G1 Service Thread (Periodic GC Task) (run 0,079ms after schedule)
[87,435s][debug][gc,task           ] G1 Service Thread (Periodic GC Task) (run: 0,055ms) (cpu: 0,064ms)
[87,444s][debug][gc,refine         ] Concurrent refinement: wanted 0, cards: 2976, predicted: 3255, time: 264,54ms
[87,509s][debug][gc,refine         ] Concurrent refinement: wanted 0, cards: 2976, predicted: 3226, time: 237,23ms
[87,571s][debug][gc,refine         ] Concurrent refinement: wanted 0, cards: 2976, predicted: 3199, time: 211,35ms
[87,629s][debug][gc,refine         ] Concurrent refinement: wanted 0, cards: 2976, predicted: 3173, time: 186,91ms
[87,683s][debug][gc,refine         ] Concurrent refinement: wanted 0, cards: 2976, predicted: 3150, time: 165,34ms
[87,734s][debug][gc,refine         ] Concurrent refinement: wanted 0, cards: 2976, predicted: 3127, time: 143,77ms
[87,784s][debug][gc,refine         ] Concurrent refinement: wanted 0, cards: 2976, predicted: 3104, time: 122,21ms
[87,835s][debug][gc,refine         ] Concurrent refinement: wanted 0, cards: 2976, predicted: 2976, time: 48,88ms
[87,840s][debug][gc,ergo           ] GC(78) Initiate concurrent cycle (concurrent cycle initiation requested)
[87,840s][info ][gc,start          ] GC(78) Pause Young (Concurrent Start) (G1 Evacuation Pause)
[87,840s][debug][gc,heap           ] GC(78) Heap before GC invocations=78 (full 0):
[87,840s][debug][gc,heap           ] GC(78)  garbage-first heap   total reserved 8388608K, committed 5242880K, used 4072481K [0x0000000600000000, 0x0000000800000000)
[87,840s][debug][gc,heap           ] GC(78)   region size 4096K, 597 young (2445312K), 18 survivors (73728K)
[87,840s][debug][gc,heap           ] GC(78)  Metaspace       used 20808K, committed 21184K, reserved 1114112K
[87,840s][debug][gc,heap           ] GC(78)   class space    used 2617K, committed 2816K, reserved 1048576K
[87,840s][info ][gc,task           ] GC(78) Using 15 workers of 15 for evacuation
[87,840s][debug][gc,age            ] GC(78) Desired survivor size 157286400 bytes, new threshold 15 (max threshold 15)
[87,840s][debug][gc,tlab           ] GC(78) TLAB totals: thrds: 23  refills: 1452 max: 617 slow allocs: 356 max 52 waste:  0,6% gc: 10305976B max: 1518504B slow: 4238464B max: 762872B
[87,840s][debug][gc,refine,stats   ] GC(78) Mutator refinement: 0,00ms, refined: 0, precleaned: 0, dirtied: 144
[87,840s][debug][gc,refine,stats   ] GC(78) Concurrent refinement: 0,00ms, refined: 0, precleaned: 0, dirtied: 0
[87,840s][debug][gc,refine,stats   ] GC(78) Total refinement: 0,00ms, refined: 0, precleaned: 0, dirtied: 144
[87,840s][debug][gc,refine,stats   ] GC(78) Generate dirty cards rate: 0,07 cards/ms
[87,840s][debug][gc,alloc,region   ] GC(78) Mutator Allocation stats, regions: 579, wasted size: 0B ( 0,0%)
[87,840s][debug][gc,ergo,cset      ] GC(78) No candidates to reclaim.
[87,841s][debug][gc,ergo           ] GC(78) Running G1 Merge Heap Roots using 15 workers for 597 regions
[87,841s][debug][gc,remset         ] GC(78) Visited cards 134912 Total dirty 1204224 (11,20%) Total old 13058048 (1,03%)
[87,883s][debug][gc,ref            ] GC(78) ReferenceProcessor::execute queues: 3, RefProcThreadModel::Multi, marks_oops_alive: false
[87,884s][debug][gc,ref            ] GC(78) ReferenceProcessor::execute queues: 15, RefProcThreadModel::Multi, marks_oops_alive: true
[87,884s][debug][gc,ref            ] GC(78) ReferenceProcessor::execute queues: 1, RefProcThreadModel::Single, marks_oops_alive: false
[87,884s][debug][gc,ergo           ] GC(78) Initializing removing self forwards with 128 chunks per region
[87,884s][debug][gc,ergo           ] GC(78) Running G1 Rebuild Free List Task using 15 workers for rebuilding free list of regions
[87,884s][debug][gc,plab           ] GC(78) Young PLAB allocation: allocated: 314572800B, wasted: 33248B, unused: 0B, used: 314539552B, undo waste: 0B, 
[87,884s][debug][gc,plab           ] GC(78) Young other allocation: region end waste: 0B, regions filled: 75, num plab filled: 211, direct allocated: 0B, num direct allocated: 0, failure used: 0B, failure wasted: 0B
[87,884s][debug][gc,plab           ] GC(78) Young sizing: calculated: 62907904B, actual: 53396112B
[87,885s][debug][gc,plab           ] GC(78) Old PLAB allocation: allocated: 161480704B, wasted: 19440B, unused: 17115600B, used: 144345664B, undo waste: 0B, 
[87,885s][debug][gc,plab           ] GC(78) Old other allocation: region end waste: 0B, regions filled: 39, num plab filled: 77, direct allocated: 0B, num direct allocated: 0, failure used: 727696B, failure wasted: 11855216B
[87,885s][debug][gc,plab           ] GC(78) Old sizing: calculated: 28869128B, actual: 39866504B
[87,885s][debug][gc,task,start     ] G1 Service Thread (Card Set Free Memory Task) (run 0,008ms after schedule)
[87,885s][debug][gc,ergo,heap      ] GC(78) Heap expansion: short term pause time ratio 2,33% long term pause time ratio 2,88% threshold 7,69% pause time ratio 7,69% fully expanded false resize by 0B
[87,885s][debug][gc,mmu            ] GC(78) MMU: 44,5ms (200,0ms/201,0ms)
[87,885s][debug][gc,alloc,stats    ] Old generation allocation in the last mutator period, old gen allocated: 174063616B, humongous allocated: 0B, old gen growth: 174063616B.
[87,885s][debug][gc,ihop           ] GC(78) Basic information (value update), threshold: 1350457635B (25,15), target occupancy: 5368709120B, current occupancy: 2161149488B, recent allocation size: 174063616B, recent allocation duration: 2199,87ms, recent old gen allocation rate: 79124461,54B/s, recent marking phase length: 2979,36ms
[87,885s][debug][gc,ihop           ] GC(78) Adaptive IHOP information (value update), threshold: 1350457635B (26,48), internal target occupancy: 5100273664B, occupancy: 2161149488B, additional buffer size: 2214592512B, predicted old gen allocation rate: 543877251,05B/s, predicted marking phase length: 2822,74ms, prediction active: true
[87,885s][debug][gc,ergo,refine    ] GC(78) GC refinement: goal: 255546 + 454 / 20,00ms, actual: 3120 / 0,24ms, 
[87,885s][debug][gc,ergo,refine    ] GC(78) Unchanged pending cards target: 255546
[87,885s][info ][gc,phases         ] GC(78)   Pre Evacuate Collection Set: 0,37ms
[87,885s][debug][gc,phases         ] GC(78)     Reset Marking State (ms):      Min: 0,03, Avg: 0,03, Max: 0,03, Diff: 0,00, Sum: 0,03, Workers: 1
[87,885s][debug][gc,phases         ] GC(78)     Note Start Of Mark (ms):       Min: 0,01, Avg: 0,02, Max: 0,02, Diff: 0,01, Sum: 0,07, Workers: 4
[87,885s][debug][gc,phases         ] GC(78)     Pre Evacuate Prepare: 0,12ms
[87,885s][debug][gc,phases         ] GC(78)       JT Retire TLABs And Flush Logs (ms): Min: 0,00, Avg: 0,01, Max: 0,02, Diff: 0,02, Sum: 0,02, Workers: 2
[87,885s][debug][gc,phases         ] GC(78)       Non-JT Flush Logs (ms):        Min: 0,01, Avg: 0,01, Max: 0,01, Diff: 0,00, Sum: 0,01, Workers: 1
[87,885s][debug][gc,phases         ] GC(78)     Choose Collection Set: 0,01ms
[87,885s][debug][gc,phases         ] GC(78)     Region Register: 0,18ms
[87,885s][debug][gc,phases         ] GC(78)     Prepare Heap Roots: 0,00ms
[87,885s][info ][gc,phases         ] GC(78)   Merge Heap Roots: 0,41ms
[87,885s][debug][gc,phases         ] GC(78)     Prepare Merge Heap Roots: 0,02ms
[87,885s][debug][gc,phases         ] GC(78)     Remembered Sets (ms):          Min: 0,04, Avg: 0,05, Max: 0,05, Diff: 0,01, Sum: 0,72, Workers: 15
[87,885s][debug][gc,phases         ] GC(78)       Eager Reclaim (ms):            skipped
[87,885s][debug][gc,phases         ] GC(78)       Merged Inline                  Min: 0, Avg:  0,0, Max: 0, Diff: 0, Sum: 0, Workers: 15
[87,885s][debug][gc,phases         ] GC(78)       Merged ArrayOfCards            Min: 0, Avg:  0,0, Max: 0, Diff: 0, Sum: 0, Workers: 15
[87,885s][debug][gc,phases         ] GC(78)       Merged Howl                    Min: 0, Avg:  0,0, Max: 0, Diff: 0, Sum: 0, Workers: 15
[87,885s][debug][gc,phases         ] GC(78)       Merged Full                    Min: 0, Avg:  0,0, Max: 0, Diff: 0, Sum: 0, Workers: 15
[87,885s][debug][gc,phases         ] GC(78)       Merged Howl Inline             Min: 0, Avg:  0,0, Max: 0, Diff: 0, Sum: 0, Workers: 15
[87,885s][debug][gc,phases         ] GC(78)       Merged Howl ArrayOfCards       Min: 0, Avg:  0,0, Max: 0, Diff: 0, Sum: 0, Workers: 15
[87,885s][debug][gc,phases         ] GC(78)       Merged Howl BitMap             Min: 0, Avg:  0,0, Max: 0, Diff: 0, Sum: 0, Workers: 15
[87,885s][debug][gc,phases         ] GC(78)       Merged Howl Full               Min: 0, Avg:  0,0, Max: 0, Diff: 0, Sum: 0, Workers: 15
[87,885s][debug][gc,phases         ] GC(78)       Merged Cards                   Min: 8, Avg:  8,0, Max: 8, Diff: 0, Sum: 120, Workers: 15
[87,885s][debug][gc,phases         ] GC(78)     Log Buffers (ms):              Min: 0,00, Avg: 0,01, Max: 0,07, Diff: 0,07, Sum: 0,11, Workers: 15
[87,885s][debug][gc,phases         ] GC(78)       Dirty Cards:                   Min: 0, Avg: 208,0, Max: 2408, Diff: 2408, Sum: 3120, Workers: 15
[87,885s][debug][gc,phases         ] GC(78)       Skipped Cards:                 Min: 0, Avg:  0,0, Max: 0, Diff: 0, Sum: 0, Workers: 15
[87,885s][info ][gc,phases         ] GC(78)   Evacuate Collection Set: 41,94ms
[87,885s][debug][gc,phases         ] GC(78)     Ext Root Scanning (ms):        Min: 0,01, Avg: 0,06, Max: 0,32, Diff: 0,32, Sum: 0,94, Workers: 15
[87,885s][debug][gc,phases         ] GC(78)     Scan Heap Roots (ms):          Min: 0,01, Avg: 0,23, Max: 0,37, Diff: 0,36, Sum: 3,43, Workers: 15
[87,885s][debug][gc,phases         ] GC(78)       Scanned Cards:                 Min: 3, Avg: 163,2, Max: 331, Diff: 328, Sum: 2448, Workers: 15
[87,885s][debug][gc,phases         ] GC(78)       Scanned Blocks:                Min: 2, Avg: 141,7, Max: 241, Diff: 239, Sum: 2126, Workers: 15
[87,885s][debug][gc,phases         ] GC(78)       Claimed Chunks:                Min: 2, Avg: 140,5, Max: 239, Diff: 237, Sum: 2108, Workers: 15
[87,885s][debug][gc,phases         ] GC(78)       Found Roots:                   Min: 8, Avg: 290,4, Max: 606, Diff: 598, Sum: 4356, Workers: 15
[87,885s][debug][gc,phases         ] GC(78)     Code Root Scan (ms):           Min: 0,03, Avg: 0,03, Max: 0,04, Diff: 0,01, Sum: 0,52, Workers: 15
[87,885s][debug][gc,phases         ] GC(78)       Scanned Nmethods               Min: 0, Avg:  0,0, Max: 0, Diff: 0, Sum: 0, Workers: 15
[87,885s][debug][gc,phases         ] GC(78)     Object Copy (ms):              Min: 41,15, Avg: 41,27, Max: 41,51, Diff: 0,36, Sum: 619,01, Workers: 15
[87,885s][debug][gc,phases         ] GC(78)     Termination (ms):              Min: 0,04, Avg: 0,08, Max: 0,12, Diff: 0,08, Sum: 1,15, Workers: 15
[87,885s][debug][gc,phases         ] GC(78)       Termination Attempts:          Min: 1, Avg:  1,0, Max: 1, Diff: 0, Sum: 15, Workers: 15
[87,885s][debug][gc,phases         ] GC(78)     GC Worker Other (ms):          Min: 0,04, Avg: 0,05, Max: 0,06, Diff: 0,02, Sum: 0,77, Workers: 15
[87,885s][debug][gc,phases         ] GC(78)     GC Worker Total (ms):          Min: 41,65, Avg: 41,72, Max: 41,81, Diff: 0,15, Sum: 625,82, Workers: 15
[87,885s][info ][gc,phases         ] GC(78)   Post Evacuate Collection Set: 1,29ms
[87,885s][debug][gc,phases         ] GC(78)     NMethod List Cleanup: 0,01ms
[87,885s][debug][gc,phases         ] GC(78)     Reference Processing: 0,62ms
[87,885s][debug][gc,phases,ref     ] GC(78)       Notify Soft/WeakReferences: 0,3ms
[87,885s][debug][gc,phases,ref     ] GC(78)         Balance queues: 0,0ms
[87,885s][debug][gc,phases,ref     ] GC(78)         SoftRef (ms):                  Min: 0,00, Avg: 0,00, Max: 0,00, Diff: 0,00, Sum: 0,00, Workers: 3
[87,885s][debug][gc,phases,ref     ] GC(78)         WeakRef (ms):                  Min: 0,00, Avg: 0,00, Max: 0,00, Diff: 0,00, Sum: 0,00, Workers: 3
[87,885s][debug][gc,phases,ref     ] GC(78)         FinalRef (ms):                 Min: 0,05, Avg: 0,06, Max: 0,07, Diff: 0,02, Sum: 0,19, Workers: 3
[87,885s][debug][gc,phases,ref     ] GC(78)         Total (ms):                    Min: 0,06, Avg: 0,13, Max: 0,16, Diff: 0,10, Sum: 0,38, Workers: 3
[87,885s][debug][gc,phases,ref     ] GC(78)       Notify and keep alive finalizable: 0,3ms
[87,885s][debug][gc,phases,ref     ] GC(78)         Balance queues: 0,0ms
[87,885s][debug][gc,phases,ref     ] GC(78)         FinalRef (ms):                 Min: 0,08, Avg: 0,13, Max: 0,24, Diff: 0,16, Sum: 1,89, Workers: 15
[87,885s][debug][gc,phases,ref     ] GC(78)       Notify PhantomReferences: 0,0ms
[87,885s][debug][gc,phases,ref     ] GC(78)         PhantomRef (ms):               Min: 0,00, Avg: 0,00, Max: 0,00, Diff: 0,00, Sum: 0,00, Workers: 1
[87,885s][debug][gc,phases,ref     ] GC(78)       SoftReference Discovered: 0, Dropped: 0, Processed: 0
[87,885s][debug][gc,phases,ref     ] GC(78)       WeakReference Discovered: 0, Dropped: 0, Processed: 0
[87,885s][debug][gc,phases,ref     ] GC(78)       FinalReference Discovered: 2404, Dropped: 1, Processed: 2403
[87,885s][debug][gc,phases,ref     ] GC(78)       PhantomReference Discovered: 36, Dropped: 1, Processed: 35
[87,885s][debug][gc,phases         ] GC(78)     Weak Processing: 0,11ms
[87,885s][debug][gc,phases         ] GC(78)       VM Weak                        Min: 0,00, Avg: 0,00, Max: 0,00, Diff: 0,00, Sum: 0,01, Workers: 15
[87,885s][debug][gc,phases         ] GC(78)         Dead                           Min: 0, Avg:  0,0, Max: 0, Diff: 0, Sum: 0, Workers: 15
[87,885s][debug][gc,phases         ] GC(78)         Total                          Min: 0, Avg: 11,3, Max: 170, Diff: 170, Sum: 170, Workers: 15
[87,885s][debug][gc,phases         ] GC(78)       ObjectSynchronizer Weak        Min: 0,00, Avg: 0,00, Max: 0,00, Diff: 0,00, Sum: 0,01, Workers: 15
[87,885s][debug][gc,phases         ] GC(78)         Dead                           Min: 0, Avg:  0,0, Max: 0, Diff: 0, Sum: 0, Workers: 15
[87,885s][debug][gc,phases         ] GC(78)         Total                          Min: 0, Avg:  0,3, Max: 5, Diff: 5, Sum: 5, Workers: 15
[87,885s][debug][gc,phases         ] GC(78)       JVMTI Tag Weak OopStorage      Min: 0,00, Avg: 0,00, Max: 0,00, Diff: 0,00, Sum: 0,00, Workers: 15
[87,885s][debug][gc,phases         ] GC(78)         Dead                           Min: 0, Avg:  0,0, Max: 0, Diff: 0, Sum: 0, Workers: 15
[87,885s][debug][gc,phases         ] GC(78)         Total                          Min: 0, Avg:  0,0, Max: 0, Diff: 0, Sum: 0, Workers: 15
[87,885s][debug][gc,phases         ] GC(78)       StringTable Weak               Min: 0,00, Avg: 0,01, Max: 0,03, Diff: 0,03, Sum: 0,14, Workers: 15
[87,885s][debug][gc,phases         ] GC(78)         Dead                           Min: 0, Avg:  0,0, Max: 0, Diff: 0, Sum: 0, Workers: 15
[87,885s][debug][gc,phases         ] GC(78)         Total                          Min: 0, Avg: 568,6, Max: 2240, Diff: 2240, Sum: 8529, Workers: 15
[87,885s][debug][gc,phases         ] GC(78)       ResolvedMethodTable Weak       Min: 0,00, Avg: 0,00, Max: 0,03, Diff: 0,03, Sum: 0,05, Workers: 15
[87,885s][debug][gc,phases         ] GC(78)         Dead                           Min: 0, Avg:  0,0, Max: 0, Diff: 0, Sum: 0, Workers: 15
[87,886s][debug][gc,phases         ] GC(78)         Total                          Min: 0, Avg: 113,7, Max: 436, Diff: 436, Sum: 1706, Workers: 15
[87,886s][debug][gc,phases         ] GC(78)       JNI Weak                       Min: 0,00, Avg: 0,00, Max: 0,00, Diff: 0,00, Sum: 0,00, Workers: 15
[87,886s][debug][gc,phases         ] GC(78)         Dead                           Min: 0, Avg:  0,0, Max: 0, Diff: 0, Sum: 0, Workers: 15
[87,886s][debug][gc,phases         ] GC(78)         Total                          Min: 0, Avg:  0,0, Max: 0, Diff: 0, Sum: 0, Workers: 15
[87,886s][debug][gc,phases         ] GC(78)       StringDedup Table Weak         Min: 0,00, Avg: 0,01, Max: 0,02, Diff: 0,02, Sum: 0,10, Workers: 15
[87,886s][debug][gc,phases         ] GC(78)         Dead                           Min: 0, Avg:  0,0, Max: 0, Diff: 0, Sum: 0, Workers: 15
[87,886s][debug][gc,phases         ] GC(78)         Total                          Min: 0, Avg: 878,7, Max: 3584, Diff: 3584, Sum: 13181, Workers: 15
[87,886s][debug][gc,phases         ] GC(78)       StringDedup Requests0 Weak     Min: 0,00, Avg: 0,00, Max: 0,00, Diff: 0,00, Sum: 0,01, Workers: 15
[87,886s][debug][gc,phases         ] GC(78)         Dead                           Min: 0, Avg:  0,0, Max: 0, Diff: 0, Sum: 0, Workers: 15
[87,886s][debug][gc,phases         ] GC(78)         Total                          Min: 0, Avg:  0,0, Max: 0, Diff: 0, Sum: 0, Workers: 15
[87,886s][debug][gc,phases         ] GC(78)       StringDedup Requests1 Weak     Min: 0,00, Avg: 0,00, Max: 0,00, Diff: 0,00, Sum: 0,00, Workers: 15
[87,886s][debug][gc,phases         ] GC(78)         Dead                           Min: 0, Avg:  0,0, Max: 0, Diff: 0, Sum: 0, Workers: 15
[87,886s][debug][gc,phases         ] GC(78)         Total                          Min: 0, Avg:  0,0, Max: 0, Diff: 0, Sum: 0, Workers: 15
[87,886s][debug][gc,phases         ] GC(78)       Weak JFR Old Object Samples    Min: 0,00, Avg: 0,00, Max: 0,00, Diff: 0,00, Sum: 0,00, Workers: 15
[87,886s][debug][gc,phases         ] GC(78)         Dead                           Min: 0, Avg:  0,0, Max: 0, Diff: 0, Sum: 0, Workers: 15
[87,886s][debug][gc,phases         ] GC(78)         Total                          Min: 0, Avg:  0,0, Max: 0, Diff: 0, Sum: 0, Workers: 15
[87,886s][debug][gc,phases         ] GC(78)     Post Evacuate Cleanup 1: 0,26ms
[87,886s][debug][gc,phases         ] GC(78)       Merge Per-Thread State (ms):   Min: 0,04, Avg: 0,04, Max: 0,04, Diff: 0,00, Sum: 0,04, Workers: 1
[87,886s][debug][gc,phases         ] GC(78)         Copied Bytes                   Min: 24143696, Avg: 30592347,7, Max: 35471576, Diff: 11327880, Sum: 458885216, Workers: 15
[87,886s][debug][gc,phases         ] GC(78)         LAB Waste                      Min: 672, Avg: 3512,5, Max: 8736, Diff: 8064, Sum: 52688, Workers: 15
[87,886s][debug][gc,phases         ] GC(78)         LAB Undo Waste                 Min: 0, Avg:  0,0, Max: 0, Diff: 0, Sum: 0, Workers: 15
[87,886s][debug][gc,phases         ] GC(78)         Evac Fail Extra Cards          Min: 0, Avg:  0,1, Max: 1, Diff: 1, Sum: 1, Workers: 15
[87,886s][debug][gc,phases         ] GC(78)       Clear Logged Cards (ms):       Min: 0,00, Avg: 0,04, Max: 0,16, Diff: 0,16, Sum: 0,59, Workers: 15
[87,886s][debug][gc,phases         ] GC(78)       Recalculate Used Memory (ms):  Min: 0,02, Avg: 0,02, Max: 0,02, Diff: 0,00, Sum: 0,02, Workers: 1
[87,886s][debug][gc,phases         ] GC(78)       Restore Evacuation Failed Regions (ms): Min: 0,00, Avg: 0,05, Max: 0,07, Diff: 0,07, Sum: 0,75, Workers: 15
[87,886s][debug][gc,phases         ] GC(78)         Evacuation Failed Regions:     Min: 3, Avg:  3,0, Max: 3, Diff: 0, Sum: 3, Workers: 1
[87,886s][debug][gc,phases         ] GC(78)         Pinned Regions:                Min: 1, Avg:  1,0, Max: 1, Diff: 0, Sum: 3, Workers: 3
[87,886s][debug][gc,phases         ] GC(78)         Allocation Failed Regions:     skipped
[87,886s][debug][gc,phases         ] GC(78)         Remove Self Forwards (ms):     Min: 0,01, Avg: 0,02, Max: 0,04, Diff: 0,03, Sum: 0,32, Workers: 13
[87,886s][debug][gc,phases         ] GC(78)           Forward Chunks:                Min: 1, Avg:  2,7, Max: 5, Diff: 4, Sum: 32, Workers: 12
[87,886s][debug][gc,phases         ] GC(78)           Empty Forward Chunks:          Min: 8, Avg: 27,1, Max: 54, Diff: 46, Sum: 352, Workers: 13
[87,886s][debug][gc,phases         ] GC(78)           Forward Objects:               Min: 1, Avg:  2,7, Max: 5, Diff: 4, Sum: 32, Workers: 12
[87,886s][debug][gc,phases         ] GC(78)           Forward Bytes:                 Min: 48, Avg: 60641,3, Max: 162360, Diff: 162312, Sum: 727696, Workers: 12
[87,886s][debug][gc,phases         ] GC(78)     Post Evacuate Cleanup 2: 0,19ms
[87,886s][debug][gc,phases         ] GC(78)       Recalculate Used Memory (ms):  Min: 0,02, Avg: 0,02, Max: 0,02, Diff: 0,00, Sum: 0,02, Workers: 1
[87,886s][debug][gc,phases         ] GC(78)       Restore Preserved Marks (ms):  Min: 0,00, Avg: 0,00, Max: 0,00, Diff: 0,00, Sum: 0,01, Workers: 15
[87,886s][debug][gc,phases         ] GC(78)       Process Evacuation Failed Regions (ms): Min: 0,00, Avg: 0,00, Max: 0,01, Diff: 0,01, Sum: 0,02, Workers: 15
[87,886s][debug][gc,phases         ] GC(78)       Update Derived Pointers (ms):  Min: 0,00, Avg: 0,00, Max: 0,00, Diff: 0,00, Sum: 0,00, Workers: 1
[87,886s][debug][gc,phases         ] GC(78)       Eagerly Reclaim Humongous Objects (ms): skipped
[87,886s][debug][gc,phases         ] GC(78)         Humongous Total                skipped
[87,886s][debug][gc,phases         ] GC(78)         Humongous Candidates           skipped
[87,886s][debug][gc,phases         ] GC(78)         Humongous Reclaimed            skipped
[87,886s][debug][gc,phases         ] GC(78)       Sample CSet Candidates (ms):   skipped
[87,886s][debug][gc,phases         ] GC(78)       Redirty Logged Cards (ms):     Min: 0,00, Avg: 0,00, Max: 0,02, Diff: 0,02, Sum: 0,05, Workers: 15
[87,886s][debug][gc,phases         ] GC(78)         Redirtied Cards:               Min: 0, Avg: 160,5, Max: 870, Diff: 870, Sum: 2408, Workers: 15
[87,886s][debug][gc,phases         ] GC(78)       Resize TLABs (ms):             Min: 0,00, Avg: 0,00, Max: 0,00, Diff: 0,00, Sum: 0,01, Workers: 15
[87,886s][debug][gc,phases         ] GC(78)       Free Collection Set (ms):      Min: 0,04, Avg: 0,08, Max: 0,12, Diff: 0,09, Sum: 1,19, Workers: 15
[87,886s][debug][gc,phases         ] GC(78)     Rebuild Free List: 0,04ms
[87,886s][debug][gc,phases         ] GC(78)     Prepare For Mutator: 0,06ms
[87,886s][debug][gc,phases         ] GC(78)     Expand Heap After Collection: 0,00ms
[87,886s][info ][gc,phases         ] GC(78)   Other: 0,60ms
[87,886s][debug][gc,remset         ] GC(78) Coarsening (recent): Inline->AoC 0 (0) AoC->Howl 0 (0) Howl->Full 0 (0) Inline->AoC 0 (0) AoC->BitMap 0 (0) BitMap->Full 0 (0) 
[87,886s][debug][gc,remset         ] GC(78) Coarsening (all): Inline->AoC 12615 (0) AoC->Howl 6148 (0) Howl->Full 1668 (0) Inline->AoC 35613 (0) AoC->BitMap 33955 (0) BitMap->Full 6802 (0) 
[87,886s][info ][gc,heap           ] GC(78) Eden regions: 579->0(453)
[87,886s][info ][gc,heap           ] GC(78) Survivor regions: 18->75(75)
[87,886s][info ][gc,heap           ] GC(78) Old regions: 400->441
[87,886s][info ][gc,heap           ] GC(78) Humongous regions: 0->0
[87,886s][info ][gc,metaspace      ] GC(78) Metaspace: 20808K(21184K)->20808K(21184K) NonClass: 18191K(18368K)->18191K(18368K) Class: 2617K(2816K)->2617K(2816K)
[87,886s][debug][gc,heap           ] GC(78) Heap after GC invocations=79 (full 0):
[87,886s][debug][gc,heap           ] GC(78)  garbage-first heap   total reserved 8388608K, committed 5242880K, used 2110497K [0x0000000600000000, 0x0000000800000000)
[87,886s][debug][gc,heap           ] GC(78)   region size 4096K, 75 young (307200K), 75 survivors (307200K)
[87,886s][debug][gc,heap           ] GC(78)  Metaspace       used 20808K, committed 21184K, reserved 1114112K
[87,886s][debug][gc,heap           ] GC(78)   class space    used 2617K, committed 2816K, reserved 1048576K
[87,886s][info ][gc                ] GC(78) Pause Young (Concurrent Start) (G1 Evacuation Pause) (Evacuation Failure: Pinned) 3981M->2061M(5120M) 46,028ms
[87,886s][info ][gc,cpu            ] GC(78) User=0,63s Sys=0,00s Real=0,05s
[87,886s][info ][gc                ] GC(79) Concurrent Mark Cycle
[87,886s][info ][gc,marking        ] GC(79) Concurrent Scan Root Regions
[87,886s][debug][gc,ergo           ] GC(79) Running G1 Root Region Scan using 4 workers for 117 work units.
[87,886s][debug][gc,refine         ] Concurrent refinement: wanted 0, cards: 2408, predicted: 3573, time: 1364,85ms
[87,886s][debug][gc,task           ] G1 Service Thread (Card Set Free Memory Task) (run: 1,789ms) (cpu: 0,115ms)
[87,928s][info ][gc,marking        ] GC(79) Concurrent Scan Root Regions 41,751ms
[87,928s][info ][gc,marking        ] GC(79) Concurrent Mark
[87,928s][info ][gc,marking        ] GC(79) Concurrent Mark From Roots
[87,928s][info ][gc,task           ] GC(79) Using 4 workers of 4 for marking
[87,941s][debug][gc,stats          ] ---------------------------------------------------------------------
[87,941s][debug][gc,stats          ] Marking Stats, task = 0, calls = 6
[87,941s][debug][gc,stats          ]   Elapsed time = 12,40ms, Termination time = 0,61ms
[87,941s][debug][gc,stats          ]   Step Times (cum): num = 360, avg = 2,43ms, sd = 4,09ms max = 12,02ms, total = 874,91ms
[87,941s][debug][gc,stats          ]   Mark Stats Cache: hits 82321 misses 1 ratio 99,999
[87,941s][debug][gc,stats          ] ---------------------------------------------------------------------
[87,941s][debug][gc,stats          ] Marking Stats, task = 1, calls = 9
[87,941s][debug][gc,stats          ]   Elapsed time = 12,33ms, Termination time = 0,55ms
[87,941s][debug][gc,stats          ]   Step Times (cum): num = 142, avg = 6,14ms, sd = 4,50ms max = 12,01ms, total = 871,43ms
[87,941s][debug][gc,stats          ]   Mark Stats Cache: hits 66641 misses 1 ratio 99,998
[87,941s][debug][gc,stats          ] ---------------------------------------------------------------------
[87,941s][debug][gc,stats          ] Marking Stats, task = 2, calls = 7
[87,941s][debug][gc,stats          ]   Elapsed time = 12,34ms, Termination time = 0,55ms
[87,941s][debug][gc,stats          ]   Step Times (cum): num = 141, avg = 6,23ms, sd = 4,44ms max = 12,13ms, total = 878,26ms
[87,941s][debug][gc,stats          ]   Mark Stats Cache: hits 76044 misses 1 ratio 99,999
[87,941s][debug][gc,stats          ] ---------------------------------------------------------------------
[87,941s][debug][gc,stats          ] Marking Stats, task = 3, calls = 2
[87,941s][debug][gc,stats          ]   Elapsed time = 10,14ms, Termination time = 0,01ms
[87,941s][debug][gc,stats          ]   Step Times (cum): num = 133, avg = 6,52ms, sd = 4,37ms max = 12,01ms, total = 866,93ms
[87,941s][debug][gc,stats          ]   Mark Stats Cache: hits 74427 misses 1 ratio 99,999
[87,941s][debug][gc,stats          ] ---------------------------------------------------------------------
[87,941s][info ][gc,marking        ] GC(79) Concurrent Mark From Roots 12,984ms
[87,941s][info ][gc,marking        ] GC(79) Concurrent Preclean
[87,941s][debug][gc,ref,start      ] GC(79) Preclean SoftReferences
[87,941s][debug][gc,ref            ] GC(79) Preclean SoftReferences 0,024ms
[87,941s][debug][gc,ref,start      ] GC(79) Preclean WeakReferences
[87,941s][debug][gc,ref            ] GC(79) Preclean WeakReferences 0,044ms
[87,941s][debug][gc,ref,start      ] GC(79) Preclean FinalReferences
[87,941s][debug][gc,ref            ] GC(79) Preclean FinalReferences 0,022ms
[87,941s][debug][gc,ref,start      ] GC(79) Preclean PhantomReferences
[87,941s][debug][gc,ref            ] GC(79) Preclean PhantomReferences 0,067ms
[87,941s][info ][gc,marking        ] GC(79) Concurrent Preclean 0,264ms
[87,942s][info ][gc,start          ] GC(79) Pause Remark
[87,942s][debug][gc,phases,start   ] GC(79) Finalize Marking
[87,942s][debug][gc,stats          ] ---------------------------------------------------------------------
[87,942s][debug][gc,stats          ] Marking Stats, task = 0, calls = 7
[87,942s][debug][gc,stats          ]   Elapsed time = 0,15ms, Termination time = 0,73ms
[87,942s][debug][gc,stats          ]   Step Times (cum): num = 361, avg = 2,42ms, sd = 4,09ms max = 12,02ms, total = 874,95ms
[87,942s][debug][gc,stats          ]   Mark Stats Cache: hits 82321 misses 1 ratio 99,999
[87,942s][debug][gc,stats          ] ---------------------------------------------------------------------
[87,942s][debug][gc,stats          ] Marking Stats, task = 1, calls = 10
[87,942s][debug][gc,stats          ]   Elapsed time = 0,21ms, Termination time = 0,73ms
[87,942s][debug][gc,stats          ]   Step Times (cum): num = 143, avg = 6,09ms, sd = 4,51ms max = 12,01ms, total = 871,43ms
[87,942s][debug][gc,stats          ]   Mark Stats Cache: hits 66641 misses 1 ratio 99,998
[87,942s][debug][gc,stats          ] ---------------------------------------------------------------------
[87,942s][debug][gc,stats          ] Marking Stats, task = 2, calls = 8
[87,942s][debug][gc,stats          ]   Elapsed time = 0,14ms, Termination time = 0,66ms
[87,942s][debug][gc,stats          ]   Step Times (cum): num = 142, avg = 6,19ms, sd = 4,46ms max = 12,13ms, total = 878,30ms
[87,942s][debug][gc,stats          ]   Mark Stats Cache: hits 76044 misses 1 ratio 99,999
[87,942s][debug][gc,stats          ] ---------------------------------------------------------------------
[87,942s][debug][gc,stats          ] Marking Stats, task = 3, calls = 3
[87,942s][debug][gc,stats          ]   Elapsed time = 0,14ms, Termination time = 0,13ms
[87,942s][debug][gc,stats          ]   Step Times (cum): num = 134, avg = 6,47ms, sd = 4,39ms max = 12,01ms, total = 866,97ms
[87,942s][debug][gc,stats          ]   Mark Stats Cache: hits 74427 misses 1 ratio 99,999
[87,942s][debug][gc,stats          ] ---------------------------------------------------------------------
[87,942s][debug][gc,stats          ] Marking Stats, task = 4, calls = 1
[87,942s][debug][gc,stats          ]   Elapsed time = 0,10ms, Termination time = 0,06ms
[87,942s][debug][gc,stats          ]   Step Times (cum): num = 27, avg = 0,04ms, sd = 0,01ms max = 0,07ms, total = 0,98ms
[87,942s][debug][gc,stats          ]   Mark Stats Cache: hits 26 misses 1 ratio 96,296
[87,942s][debug][gc,stats          ] ---------------------------------------------------------------------
[87,942s][debug][gc,stats          ] Marking Stats, task = 5, calls = 1
[87,942s][debug][gc,stats          ]   Elapsed time = 0,11ms, Termination time = 0,08ms
[87,942s][debug][gc,stats          ]   Step Times (cum): num = 28, avg = 0,04ms, sd = 0,02ms max = 0,08ms, total = 1,04ms
[87,942s][debug][gc,stats          ]   Mark Stats Cache: hits 12 misses 1 ratio 92,308
[87,942s][debug][gc,stats          ] ---------------------------------------------------------------------
[87,942s][debug][gc,stats          ] Marking Stats, task = 6, calls = 1
[87,942s][debug][gc,stats          ]   Elapsed time = 0,09ms, Termination time = 0,07ms
[87,942s][debug][gc,stats          ]   Step Times (cum): num = 27, avg = 0,03ms, sd = 0,02ms max = 0,10ms, total = 0,93ms
[87,942s][debug][gc,stats          ]   Mark Stats Cache: hits 3 misses 0 ratio 100,000
[87,942s][debug][gc,stats          ] ---------------------------------------------------------------------
[87,942s][debug][gc,stats          ] Marking Stats, task = 7, calls = 1
[87,942s][debug][gc,stats          ]   Elapsed time = 0,10ms, Termination time = 0,08ms
[87,942s][debug][gc,stats          ]   Step Times (cum): num = 27, avg = 0,04ms, sd = 0,02ms max = 0,08ms, total = 1,01ms
[87,942s][debug][gc,stats          ]   Mark Stats Cache: hits 2 misses 0 ratio 100,000
[87,942s][debug][gc,stats          ] ---------------------------------------------------------------------
[87,942s][debug][gc,stats          ] Marking Stats, task = 8, calls = 1
[87,942s][debug][gc,stats          ]   Elapsed time = 0,09ms, Termination time = 0,08ms
[87,942s][debug][gc,stats          ]   Step Times (cum): num = 27, avg = 0,04ms, sd = 0,02ms max = 0,06ms, total = 0,97ms
[87,942s][debug][gc,stats          ]   Mark Stats Cache: hits 2 misses 0 ratio 100,000
[87,942s][debug][gc,stats          ] ---------------------------------------------------------------------
[87,942s][debug][gc,stats          ] Marking Stats, task = 9, calls = 1
[87,942s][debug][gc,stats          ]   Elapsed time = 0,06ms, Termination time = 0,05ms
[87,942s][debug][gc,stats          ]   Step Times (cum): num = 27, avg = 0,04ms, sd = 0,02ms max = 0,06ms, total = 1,05ms
[87,942s][debug][gc,stats          ]   Mark Stats Cache: hits 2 misses 0 ratio 100,000
[87,942s][debug][gc,stats          ] ---------------------------------------------------------------------
[87,942s][debug][gc,stats          ] Marking Stats, task = 10, calls = 1
[87,942s][debug][gc,stats          ]   Elapsed time = 0,06ms, Termination time = 0,05ms
[87,942s][debug][gc,stats          ]   Step Times (cum): num = 27, avg = 0,04ms, sd = 0,02ms max = 0,07ms, total = 1,06ms
[87,942s][debug][gc,stats          ]   Mark Stats Cache: hits 0 misses 0 ratio 0,000
[87,942s][debug][gc,stats          ] ---------------------------------------------------------------------
[87,942s][debug][gc,stats          ] Marking Stats, task = 11, calls = 1
[87,942s][debug][gc,stats          ]   Elapsed time = 0,09ms, Termination time = 0,08ms
[87,942s][debug][gc,stats          ]   Step Times (cum): num = 27, avg = 0,04ms, sd = 0,02ms max = 0,06ms, total = 1,14ms
[87,942s][debug][gc,stats          ]   Mark Stats Cache: hits 0 misses 0 ratio 0,000
[87,942s][debug][gc,stats          ] ---------------------------------------------------------------------
[87,942s][debug][gc,stats          ] Marking Stats, task = 12, calls = 1
[87,942s][debug][gc,stats          ]   Elapsed time = 0,06ms, Termination time = 0,05ms
[87,942s][debug][gc,stats          ]   Step Times (cum): num = 27, avg = 0,03ms, sd = 0,02ms max = 0,06ms, total = 0,94ms
[87,942s][debug][gc,stats          ]   Mark Stats Cache: hits 0 misses 0 ratio 0,000
[87,943s][debug][gc,stats          ] ---------------------------------------------------------------------
[87,943s][debug][gc,stats          ] Marking Stats, task = 13, calls = 1
[87,943s][debug][gc,stats          ]   Elapsed time = 0,02ms, Termination time = 0,01ms
[87,943s][debug][gc,stats          ]   Step Times (cum): num = 27, avg = 0,03ms, sd = 0,02ms max = 0,06ms, total = 0,88ms
[87,943s][debug][gc,stats          ]   Mark Stats Cache: hits 22 misses 1 ratio 95,652
[87,943s][debug][gc,stats          ] ---------------------------------------------------------------------
[87,943s][debug][gc,stats          ] Marking Stats, task = 14, calls = 1
[87,943s][debug][gc,stats          ]   Elapsed time = 0,03ms, Termination time = 0,02ms
[87,943s][debug][gc,stats          ]   Step Times (cum): num = 27, avg = 0,03ms, sd = 0,02ms max = 0,06ms, total = 0,86ms
[87,943s][debug][gc,stats          ]   Mark Stats Cache: hits 7 misses 0 ratio 100,000
[87,943s][debug][gc,stats          ] ---------------------------------------------------------------------
[87,943s][debug][gc,phases         ] GC(79) Finalize Marking 1,028ms
[87,943s][debug][gc,phases,start   ] GC(79) Reference Processing
[87,943s][debug][gc,ref            ] GC(79) ReferenceProcessor::execute queues: 1, RefProcThreadModel::Single, marks_oops_alive: false
[87,943s][debug][gc,ref            ] GC(79) ReferenceProcessor::execute queues: 15, RefProcThreadModel::Multi, marks_oops_alive: true
[87,943s][debug][gc,ref            ] GC(79) Skipped PhantomRefsPhase of Reference Processing: no references
[87,943s][debug][gc,phases,ref     ] GC(79) Reference Processing: 0,4ms
[87,943s][debug][gc,phases,ref     ] GC(79)   Notify Soft/WeakReferences: 0,1ms
[87,943s][debug][gc,phases,ref     ] GC(79)     SoftRef (ms):                  Min: 0,00, Avg: 0,00, Max: 0,00, Diff: 0,00, Sum: 0,00, Workers: 1
[87,943s][debug][gc,phases,ref     ] GC(79)     WeakRef (ms):                  Min: 0,00, Avg: 0,00, Max: 0,00, Diff: 0,00, Sum: 0,00, Workers: 1
[87,943s][debug][gc,phases,ref     ] GC(79)     FinalRef (ms):                 Min: 0,00, Avg: 0,00, Max: 0,00, Diff: 0,00, Sum: 0,00, Workers: 1
[87,943s][debug][gc,phases,ref     ] GC(79)     Total (ms):                    Min: 0,02, Avg: 0,02, Max: 0,02, Diff: 0,00, Sum: 0,02, Workers: 1
[87,943s][debug][gc,phases,ref     ] GC(79)   Notify and keep alive finalizable: 0,4ms
[87,943s][debug][gc,phases,ref     ] GC(79)     Balance queues: 0,0ms
[87,943s][debug][gc,phases,ref     ] GC(79)     FinalRef (ms):                 Min: 0,03, Avg: 0,10, Max: 0,35, Diff: 0,31, Sum: 1,44, Workers: 15
[87,943s][debug][gc,phases,ref     ] GC(79)   Notify PhantomReferences: 0,0ms
[87,943s][debug][gc,phases,ref     ] GC(79)     PhantomRef (ms):               skipped
[87,943s][debug][gc,phases,ref     ] GC(79)   SoftReference Discovered: 0, Dropped: 0, Processed: 0
[87,943s][debug][gc,phases,ref     ] GC(79)   WeakReference Discovered: 0, Dropped: 0, Processed: 0
[87,943s][debug][gc,phases,ref     ] GC(79)   FinalReference Discovered: 11, Dropped: 0, Processed: 11
[87,943s][debug][gc,phases,ref     ] GC(79)   PhantomReference Discovered: 0, Dropped: 0, Processed: 0
[87,943s][debug][gc,phases         ] GC(79) Reference Processing 0,609ms
[87,943s][debug][gc,phases,start   ] GC(79) Weak Processing
[87,943s][debug][gc,phases         ] GC(79)   VM Weak                        Min: 0,00, Avg: 0,00, Max: 0,00, Diff: 0,00, Sum: 0,01, Workers: 15
[87,943s][debug][gc,phases         ] GC(79)     Dead                           Min: 0, Avg:  0,0, Max: 0, Diff: 0, Sum: 0, Workers: 15
[87,943s][debug][gc,phases         ] GC(79)     Total                          Min: 0, Avg: 11,3, Max: 170, Diff: 170, Sum: 170, Workers: 15
[87,943s][debug][gc,phases         ] GC(79)   ObjectSynchronizer Weak        Min: 0,00, Avg: 0,00, Max: 0,00, Diff: 0,00, Sum: 0,00, Workers: 15
[87,943s][debug][gc,phases         ] GC(79)     Dead                           Min: 0, Avg:  0,0, Max: 0, Diff: 0, Sum: 0, Workers: 15
[87,943s][debug][gc,phases         ] GC(79)     Total                          Min: 0, Avg:  0,3, Max: 5, Diff: 5, Sum: 5, Workers: 15
[87,943s][debug][gc,phases         ] GC(79)   JVMTI Tag Weak OopStorage      Min: 0,00, Avg: 0,00, Max: 0,00, Diff: 0,00, Sum: 0,00, Workers: 15
[87,943s][debug][gc,phases         ] GC(79)     Dead                           Min: 0, Avg:  0,0, Max: 0, Diff: 0, Sum: 0, Workers: 15
[87,943s][debug][gc,phases         ] GC(79)     Total                          Min: 0, Avg:  0,0, Max: 0, Diff: 0, Sum: 0, Workers: 15
[87,943s][debug][gc,phases         ] GC(79)   StringTable Weak               Min: 0,00, Avg: 0,01, Max: 0,04, Diff: 0,04, Sum: 0,15, Workers: 15
[87,943s][debug][gc,phases         ] GC(79)     Dead                           Min: 0, Avg:  0,0, Max: 0, Diff: 0, Sum: 0, Workers: 15
[87,943s][debug][gc,phases         ] GC(79)     Total                          Min: 0, Avg: 568,6, Max: 3584, Diff: 3584, Sum: 8529, Workers: 15
[87,943s][debug][gc,phases         ] GC(79)   ResolvedMethodTable Weak       Min: 0,00, Avg: 0,00, Max: 0,01, Diff: 0,01, Sum: 0,04, Workers: 15
[87,943s][debug][gc,phases         ] GC(79)     Dead                           Min: 0, Avg:  0,0, Max: 0, Diff: 0, Sum: 0, Workers: 15
[87,943s][debug][gc,phases         ] GC(79)     Total                          Min: 0, Avg: 113,7, Max: 816, Diff: 816, Sum: 1706, Workers: 15
[87,944s][debug][gc,phases         ] GC(79)   JNI Weak                       Min: 0,00, Avg: 0,00, Max: 0,00, Diff: 0,00, Sum: 0,00, Workers: 15
[87,944s][debug][gc,phases         ] GC(79)     Dead                           Min: 0, Avg:  0,0, Max: 0, Diff: 0, Sum: 0, Workers: 15
[87,944s][debug][gc,phases         ] GC(79)     Total                          Min: 0, Avg:  0,0, Max: 0, Diff: 0, Sum: 0, Workers: 15
[87,944s][debug][gc,phases         ] GC(79)   StringDedup Table Weak         Min: 0,00, Avg: 0,01, Max: 0,03, Diff: 0,03, Sum: 0,13, Workers: 15
[87,944s][debug][gc,phases         ] GC(79)     Dead                           Min: 0, Avg:  0,0, Max: 0, Diff: 0, Sum: 0, Workers: 15
[87,944s][debug][gc,phases         ] GC(79)     Total                          Min: 0, Avg: 878,7, Max: 4160, Diff: 4160, Sum: 13181, Workers: 15
[87,944s][debug][gc,phases         ] GC(79)   StringDedup Requests0 Weak     Min: 0,00, Avg: 0,00, Max: 0,00, Diff: 0,00, Sum: 0,00, Workers: 15
[87,944s][debug][gc,phases         ] GC(79)     Dead                           Min: 0, Avg:  0,0, Max: 0, Diff: 0, Sum: 0, Workers: 15
[87,944s][debug][gc,phases         ] GC(79)     Total                          Min: 0, Avg:  0,0, Max: 0, Diff: 0, Sum: 0, Workers: 15
[87,944s][debug][gc,phases         ] GC(79)   StringDedup Requests1 Weak     Min: 0,00, Avg: 0,00, Max: 0,00, Diff: 0,00, Sum: 0,00, Workers: 15
[87,944s][debug][gc,phases         ] GC(79)     Dead                           Min: 0, Avg:  0,0, Max: 0, Diff: 0, Sum: 0, Workers: 15
[87,944s][debug][gc,phases         ] GC(79)     Total                          Min: 0, Avg:  0,0, Max: 0, Diff: 0, Sum: 0, Workers: 15
[87,944s][debug][gc,phases         ] GC(79)   Weak JFR Old Object Samples    Min: 0,00, Avg: 0,00, Max: 0,00, Diff: 0,00, Sum: 0,00, Workers: 15
[87,944s][debug][gc,phases         ] GC(79)     Dead                           Min: 0, Avg:  0,0, Max: 0, Diff: 0, Sum: 0, Workers: 15
[87,944s][debug][gc,phases         ] GC(79)     Total                          Min: 0, Avg:  0,0, Max: 0, Diff: 0, Sum: 0, Workers: 15
[87,944s][debug][gc,phases         ] GC(79) Weak Processing 0,428ms
[87,944s][debug][gc,phases,start   ] GC(79) Class Unloading
[87,944s][debug][gc,phases,start   ] GC(79) ClassLoaderData
[87,944s][debug][gc,phases         ] GC(79) ClassLoaderData 0,030ms
[87,944s][debug][gc,phases,start   ] GC(79) Trigger cleanups
[87,944s][debug][gc,phases         ] GC(79) Trigger cleanups 0,009ms
[87,944s][debug][gc,phases,start   ] GC(79) G1 Complete Cleaning
[87,945s][debug][gc,phases         ] GC(79) G1 Complete Cleaning 0,848ms
[87,945s][debug][gc,phases,start   ] GC(79) Purge Unlinked NMethods
[87,945s][debug][gc,phases         ] GC(79) Purge Unlinked NMethods 0,073ms
[87,945s][debug][gc,phases,start   ] GC(79) Free Code Blobs
[87,945s][debug][gc,phases         ] GC(79) Free Code Blobs 0,029ms
[87,945s][debug][gc,phases,start   ] GC(79) Purge Class Loader Data
[87,945s][debug][gc,phases         ] GC(79) Purge Class Loader Data 0,015ms
[87,945s][debug][gc,phases         ] GC(79) Class Unloading 1,136ms
[87,945s][debug][gc,phases,start   ] GC(79) Flush Task Caches
[87,945s][debug][gc,stats          ] Mark stats cache hits 299520 misses 7 ratio 99,998
[87,945s][debug][gc,phases         ] GC(79) Flush Task Caches 0,083ms
[87,945s][debug][gc,phases,start   ] GC(79) Update Remembered Set Tracking Before Rebuild
[87,945s][debug][gc,ergo           ] GC(79) Running G1 Update RemSet Tracking Before Rebuild using 4 workers for 1280 regions in heap
[87,945s][debug][gc,remset,tracking] GC(79) Remembered Set Tracking update regions total 1280, selected 195
[87,945s][debug][gc,phases         ] GC(79) Update Remembered Set Tracking Before Rebuild 0,267ms
[87,945s][debug][gc,phases,start   ] GC(79) Reclaim Empty Regions
[87,946s][debug][gc                ] GC(79) Reclaimed 204 empty regions
[87,946s][debug][gc,phases         ] GC(79) Reclaim Empty Regions 0,503ms
[87,946s][debug][gc,phases,start   ] GC(79) Report Object Count
[87,946s][debug][gc,phases         ] GC(79) Report Object Count 0,011ms
[87,946s][debug][gc,mmu            ] GC(79) MMU: 48,7ms (200,0ms/201,0ms)
[87,946s][info ][gc                ] GC(79) Pause Remark 2587M->1771M(5120M) 4,267ms
[87,946s][info ][gc,cpu            ] GC(79) User=0,00s Sys=0,01s Real=0,01s
[87,946s][info ][gc,marking        ] GC(79) Concurrent Mark 17,807ms
[87,946s][info ][gc,marking        ] GC(79) Concurrent Rebuild Remembered Sets and Scrub Regions
[88,034s][debug][gc,refine         ] Concurrent refinement: wanted 0, cards: 2408, predicted: 3025, time: 723,27ms
[88,037s][info ][gc,marking        ] GC(79) Concurrent Rebuild Remembered Sets and Scrub Regions 91,399ms
[88,037s][info ][gc,start          ] GC(79) Pause Cleanup
[88,037s][debug][gc,phases,start   ] GC(79) Update Remembered Set Tracking After Rebuild
[88,038s][debug][gc,phases         ] GC(79) Update Remembered Set Tracking After Rebuild 0,047ms
[88,038s][debug][gc,phases,start   ] GC(79) Finalize Concurrent Mark Cleanup
[88,038s][debug][gc,ergo,cset      ] GC(79) Pruned 68 regions out of 195, leaving 265257248 bytes waste (allowed 268435456)
[88,038s][debug][gc,mmu            ] GC(79) MMU: 49,0ms (200,0ms/201,0ms)
[88,038s][debug][gc,phases         ] GC(79) Finalize Concurrent Mark Cleanup 0,216ms
[88,038s][info ][gc                ] GC(79) Pause Cleanup 2097M->2097M(5120M) 0,339ms
[88,038s][info ][gc,cpu            ] GC(79) User=0,00s Sys=0,00s Real=0,00s
[88,038s][info ][gc,marking        ] GC(79) Concurrent Clear Claimed Marks
[88,038s][info ][gc,marking        ] GC(79) Concurrent Clear Claimed Marks 0,065ms
[88,038s][info ][gc,marking        ] GC(79) Concurrent Cleanup for Next Mark
[88,038s][debug][gc,ergo           ] GC(79) Running G1 Clear Bitmap with 4 workers for 80 work units.
[88,041s][info ][gc,marking        ] GC(79) Concurrent Cleanup for Next Mark 2,666ms
[88,041s][info ][gc                ] GC(79) Concurrent Mark Cycle 154,517ms
[88,141s][debug][gc,refine         ] Concurrent refinement: wanted 0, cards: 2664, predicted: 3267, time: 706,63ms
[88,247s][debug][gc,refine         ] Concurrent refinement: wanted 0, cards: 2920, predicted: 3501, time: 680,91ms
[88,351s][debug][gc,refine         ] Concurrent refinement: wanted 0, cards: 2920, predicted: 3462, time: 635,51ms
[88,436s][debug][gc,task,start     ] G1 Service Thread (Periodic GC Task) (run 0,535ms after schedule)
[88,436s][debug][gc,task           ] G1 Service Thread (Periodic GC Task) (run: 0,065ms) (cpu: 0,095ms)
[88,452s][debug][gc,refine         ] Concurrent refinement: wanted 0, cards: 2920, predicted: 3425, time: 591,63ms
[88,549s][debug][gc,refine         ] Concurrent refinement: wanted 0, cards: 2920, predicted: 3387, time: 547,75ms
[88,642s][debug][gc,refine         ] Concurrent refinement: wanted 0, cards: 2920, predicted: 3352, time: 506,90ms
[88,732s][debug][gc,refine         ] Concurrent refinement: wanted 0, cards: 2920, predicted: 3319, time: 467,56ms
[88,819s][debug][gc,refine         ] Concurrent refinement: wanted 0, cards: 2920, predicted: 3286, time: 429,73ms
[88,901s][debug][gc,refine         ] Concurrent refinement: wanted 0, cards: 2920, predicted: 3255, time: 393,41ms
[88,980s][debug][gc,refine         ] Concurrent refinement: wanted 0, cards: 2920, predicted: 3226, time: 358,61ms
[89,056s][debug][gc,refine         ] Concurrent refinement: wanted 0, cards: 2920, predicted: 3198, time: 326,83ms
[89,128s][debug][gc,refine         ] Concurrent refinement: wanted 0, cards: 2920, predicted: 3171, time: 295,06ms
[89,196s][debug][gc,refine         ] Concurrent refinement: wanted 0, cards: 2920, predicted: 3146, time: 264,80ms
[89,258s][info ][gc,start          ] GC(80) Pause Young (Prepare Mixed) (G1 Evacuation Pause)
[89,258s][debug][gc,heap           ] GC(80) Heap before GC invocations=80 (full 0):
[89,258s][debug][gc,heap           ] GC(80)  garbage-first heap   total reserved 8388608K, committed 5242880K, used 3126305K [0x0000000600000000, 0x0000000800000000)
[89,258s][debug][gc,heap           ] GC(80)   region size 4096K, 528 young (2162688K), 75 survivors (307200K)
[89,258s][debug][gc,heap           ] GC(80)  Metaspace       used 20811K, committed 21184K, reserved 1114112K
[89,258s][debug][gc,heap           ] GC(80)   class space    used 2617K, committed 2816K, reserved 1048576K
[89,258s][info ][gc,task           ] GC(80) Using 15 workers of 15 for evacuation
[89,258s][debug][gc,age            ] GC(80) Desired survivor size 138412032 bytes, new threshold 1 (max threshold 15)
[89,259s][debug][gc,tlab           ] GC(80) TLAB totals: thrds: 23  refills: 1469 max: 357 slow allocs: 1064 max 110 waste:  1,0% gc: 10770400B max: 1844728B slow: 6849648B max: 559416B
[89,259s][debug][gc,refine,stats   ] GC(80) Mutator refinement: 0,00ms, refined: 0, precleaned: 0, dirtied: 1959
[89,259s][debug][gc,refine,stats   ] GC(80) Concurrent refinement: 0,00ms, refined: 0, precleaned: 0, dirtied: 0
[89,259s][debug][gc,refine,stats   ] GC(80) Total refinement: 0,00ms, refined: 0, precleaned: 0, dirtied: 1959
[89,259s][debug][gc,refine,stats   ] GC(80) Generate dirty cards rate: 1,43 cards/ms
[89,259s][debug][gc,alloc,region   ] GC(80) Mutator Allocation stats, regions: 453, wasted size: 1344B ( 0,0%)
[89,259s][debug][gc,ergo,cset      ] GC(80) Do not add marking candidates to collection set due to pause type.
[89,259s][debug][gc,ergo,cset      ] GC(80) Start adding retained candidates to collection set. Min 1 regions, available 3, time remaining 40,00ms, optional remaining 40,00ms
[89,259s][debug][gc,ergo,cset      ] GC(80) Retained candidates exhausted.
[89,259s][debug][gc,ergo,cset      ] GC(80) Finish adding retained candidates to collection set. Initial: 3, optional: 0, pinned: 0, predicted initial time: 0,13ms, predicted optional time: 0,00ms, time remaining: 39,87ms optional time remaining 39,87ms
[89,259s][debug][gc,ergo           ] GC(80) Running G1 Merge Heap Roots using 15 workers for 531 regions
[89,260s][debug][gc,remset         ] GC(80) Visited cards 198464 Total dirty 1572864 (12,62%) Total old 10616832 (1,87%)
[89,330s][debug][gc,ref            ] GC(80) ReferenceProcessor::execute queues: 3, RefProcThreadModel::Multi, marks_oops_alive: false
[89,330s][debug][gc,ref            ] GC(80) ReferenceProcessor::execute queues: 15, RefProcThreadModel::Multi, marks_oops_alive: true
[89,331s][debug][gc,ref            ] GC(80) ReferenceProcessor::execute queues: 1, RefProcThreadModel::Single, marks_oops_alive: false
[89,331s][debug][gc,ergo           ] GC(80) Initializing removing self forwards with 128 chunks per region
[89,332s][debug][gc,ergo           ] GC(80) Running G1 Rebuild Free List Task using 15 workers for rebuilding free list of regions
[89,332s][debug][gc,plab           ] GC(80) Young PLAB allocation: allocated: 276824064B, wasted: 38744B, unused: 1968192B, used: 274817128B, undo waste: 0B, 
[89,332s][debug][gc,plab           ] GC(80) Young other allocation: region end waste: 0B, regions filled: 66, num plab filled: 146, direct allocated: 0B, num direct allocated: 0, failure used: 0B, failure wasted: 0B
[89,332s][debug][gc,plab           ] GC(80) Young sizing: calculated: 54963424B, actual: 54571592B
[89,332s][debug][gc,plab           ] GC(80) Old PLAB allocation: allocated: 515899392B, wasted: 67864B, unused: 18392080B, used: 497439448B, undo waste: 0B, 
[89,332s][debug][gc,plab           ] GC(80) Old other allocation: region end waste: 0B, regions filled: 123, num plab filled: 246, direct allocated: 0B, num direct allocated: 0, failure used: 231016B, failure wasted: 3963288B
[89,332s][debug][gc,plab           ] GC(80) Old sizing: calculated: 99487888B, actual: 84582536B
[89,332s][debug][gc,ergo,heap      ] GC(80) Heap expansion: short term pause time ratio 0,29% long term pause time ratio 2,81% threshold 7,69% pause time ratio 7,69% fully expanded false resize by 0B
[89,332s][debug][gc,mmu            ] GC(80) MMU: 73,5ms (200,0ms/201,0ms)
[89,332s][debug][gc,alloc,stats    ] Old generation allocation in the last mutator period, old gen allocated: 520093696B, humongous allocated: 0B, old gen growth: 520093696B.
[89,332s][debug][gc,task,start     ] G1 Service Thread (Card Set Free Memory Task) (run 0,076ms after schedule)
[89,332s][debug][gc,ihop           ] GC(80) Basic information (value update), threshold: 1058587132B (19,72), target occupancy: 5368709120B, current occupancy: 1775273520B, recent allocation size: 520093696B, recent allocation duration: 1369,22ms, recent old gen allocation rate: 379846435,68B/s, recent marking phase length: 2979,36ms
[89,332s][debug][gc,ihop           ] GC(80) Adaptive IHOP information (value update), threshold: 1058587132B (20,76), internal target occupancy: 5100273664B, occupancy: 1775273520B, additional buffer size: 2512388096B, predicted old gen allocation rate: 541778197,27B/s, predicted marking phase length: 2822,74ms, prediction active: true
[89,332s][debug][gc,ergo,refine    ] GC(80) GC refinement: goal: 255546 + 946 / 20,00ms, actual: 4367 / 0,28ms, 
[89,332s][debug][gc,ergo,refine    ] GC(80) New pending cards target: 281881
[89,332s][info ][gc,phases         ] GC(80)   Pre Evacuate Collection Set: 0,39ms
[89,332s][debug][gc,phases         ] GC(80)     Pre Evacuate Prepare: 0,12ms
[89,332s][debug][gc,phases         ] GC(80)       JT Retire TLABs And Flush Logs (ms): Min: 0,00, Avg: 0,01, Max: 0,02, Diff: 0,02, Sum: 0,02, Workers: 2
[89,332s][debug][gc,phases         ] GC(80)       Non-JT Flush Logs (ms):        Min: 0,01, Avg: 0,01, Max: 0,01, Diff: 0,00, Sum: 0,01, Workers: 1
[89,332s][debug][gc,phases         ] GC(80)     Choose Collection Set: 0,10ms
[89,332s][debug][gc,phases         ] GC(80)     Region Register: 0,17ms
[89,332s][debug][gc,phases         ] GC(80)     Prepare Heap Roots: 0,00ms
[89,332s][info ][gc,phases         ] GC(80)   Merge Heap Roots: 0,61ms
[89,332s][debug][gc,phases         ] GC(80)     Prepare Merge Heap Roots: 0,03ms
[89,332s][debug][gc,phases         ] GC(80)     Remembered Sets (ms):          Min: 0,09, Avg: 0,12, Max: 0,15, Diff: 0,06, Sum: 1,78, Workers: 15
[89,332s][debug][gc,phases         ] GC(80)       Eager Reclaim (ms):            skipped
[89,332s][debug][gc,phases         ] GC(80)       Merged Inline                  Min: 0, Avg: 31,0, Max: 74, Diff: 74, Sum: 465, Workers: 15
[89,332s][debug][gc,phases         ] GC(80)       Merged ArrayOfCards            Min: 0, Avg: 12,5, Max: 78, Diff: 78, Sum: 187, Workers: 15
[89,332s][debug][gc,phases         ] GC(80)       Merged Howl                    Min: 0, Avg:  0,0, Max: 0, Diff: 0, Sum: 0, Workers: 15
[89,332s][debug][gc,phases         ] GC(80)       Merged Full                    Min: 0, Avg:  0,0, Max: 0, Diff: 0, Sum: 0, Workers: 15
[89,332s][debug][gc,phases         ] GC(80)       Merged Howl Inline             Min: 0, Avg:  0,0, Max: 0, Diff: 0, Sum: 0, Workers: 15
[89,332s][debug][gc,phases         ] GC(80)       Merged Howl ArrayOfCards       Min: 0, Avg:  0,0, Max: 0, Diff: 0, Sum: 0, Workers: 15
[89,332s][debug][gc,phases         ] GC(80)       Merged Howl BitMap             Min: 0, Avg:  0,0, Max: 0, Diff: 0, Sum: 0, Workers: 15
[89,332s][debug][gc,phases         ] GC(80)       Merged Howl Full               Min: 0, Avg:  0,0, Max: 0, Diff: 0, Sum: 0, Workers: 15
[89,332s][debug][gc,phases         ] GC(80)       Merged Cards                   Min: 8, Avg: 212,4, Max: 1028, Diff: 1020, Sum: 3186, Workers: 15
[89,332s][debug][gc,phases         ] GC(80)     Log Buffers (ms):              Min: 0,00, Avg: 0,01, Max: 0,03, Diff: 0,03, Sum: 0,13, Workers: 15
[89,332s][debug][gc,phases         ] GC(80)       Dirty Cards:                   Min: 0, Avg: 291,1, Max: 1222, Diff: 1222, Sum: 4367, Workers: 15
[89,332s][debug][gc,phases         ] GC(80)       Skipped Cards:                 Min: 0, Avg:  0,0, Max: 0, Diff: 0, Sum: 0, Workers: 15
[89,332s][info ][gc,phases         ] GC(80)   Evacuate Collection Set: 70,43ms
[89,332s][debug][gc,phases         ] GC(80)     Ext Root Scanning (ms):        Min: 0,00, Avg: 0,07, Max: 0,20, Diff: 0,19, Sum: 0,99, Workers: 15
[89,332s][debug][gc,phases         ] GC(80)     Scan Heap Roots (ms):          Min: 0,01, Avg: 0,28, Max: 0,64, Diff: 0,63, Sum: 4,17, Workers: 15
[89,332s][debug][gc,phases         ] GC(80)       Scanned Cards:                 Min: 9, Avg: 295,4, Max: 732, Diff: 723, Sum: 4431, Workers: 15
[89,333s][debug][gc,phases         ] GC(80)       Scanned Blocks:                Min: 4, Avg: 245,6, Max: 659, Diff: 655, Sum: 3684, Workers: 15
[89,333s][debug][gc,phases         ] GC(80)       Claimed Chunks:                Min: 2, Avg: 206,7, Max: 602, Diff: 600, Sum: 3101, Workers: 15
[89,333s][debug][gc,phases         ] GC(80)       Found Roots:                   Min: 12, Avg: 372,5, Max: 874, Diff: 862, Sum: 5588, Workers: 15
[89,333s][debug][gc,phases         ] GC(80)     Code Root Scan (ms):           Min: 0,03, Avg: 0,04, Max: 0,06, Diff: 0,03, Sum: 0,53, Workers: 15
[89,333s][debug][gc,phases         ] GC(80)       Scanned Nmethods               Min: 0, Avg:  0,0, Max: 0, Diff: 0, Sum: 0, Workers: 15
[89,333s][debug][gc,phases         ] GC(80)     Object Copy (ms):              Min: 69,37, Avg: 69,72, Max: 69,96, Diff: 0,58, Sum: 1045,87, Workers: 15
[89,333s][debug][gc,phases         ] GC(80)     Termination (ms):              Min: 0,05, Avg: 0,08, Max: 0,15, Diff: 0,10, Sum: 1,27, Workers: 15
[89,333s][debug][gc,phases         ] GC(80)       Termination Attempts:          Min: 1, Avg:  1,0, Max: 1, Diff: 0, Sum: 15, Workers: 15
[89,333s][debug][gc,phases         ] GC(80)     GC Worker Other (ms):          Min: 0,04, Avg: 0,05, Max: 0,08, Diff: 0,04, Sum: 0,81, Workers: 15
[89,333s][debug][gc,phases         ] GC(80)     GC Worker Total (ms):          Min: 70,15, Avg: 70,24, Max: 70,33, Diff: 0,19, Sum: 1053,63, Workers: 15
[89,333s][info ][gc,phases         ] GC(80)   Post Evacuate Collection Set: 1,86ms
[89,333s][debug][gc,phases         ] GC(80)     NMethod List Cleanup: 0,01ms
[89,333s][debug][gc,phases         ] GC(80)     Reference Processing: 0,92ms
[89,333s][debug][gc,phases,ref     ] GC(80)       Notify Soft/WeakReferences: 0,4ms
[89,333s][debug][gc,phases,ref     ] GC(80)         Balance queues: 0,0ms
[89,333s][debug][gc,phases,ref     ] GC(80)         SoftRef (ms):                  Min: 0,00, Avg: 0,00, Max: 0,00, Diff: 0,00, Sum: 0,00, Workers: 3
[89,333s][debug][gc,phases,ref     ] GC(80)         WeakRef (ms):                  Min: 0,00, Avg: 0,00, Max: 0,00, Diff: 0,00, Sum: 0,00, Workers: 3
[89,333s][debug][gc,phases,ref     ] GC(80)         FinalRef (ms):                 Min: 0,06, Avg: 0,08, Max: 0,13, Diff: 0,07, Sum: 0,24, Workers: 3
[89,333s][debug][gc,phases,ref     ] GC(80)         Total (ms):                    Min: 0,07, Avg: 0,10, Max: 0,14, Diff: 0,07, Sum: 0,29, Workers: 3
[89,333s][debug][gc,phases,ref     ] GC(80)       Notify and keep alive finalizable: 0,4ms
[89,333s][debug][gc,phases,ref     ] GC(80)         Balance queues: 0,0ms
[89,333s][debug][gc,phases,ref     ] GC(80)         FinalRef (ms):                 Min: 0,08, Avg: 0,15, Max: 0,25, Diff: 0,17, Sum: 2,31, Workers: 15
[89,333s][debug][gc,phases,ref     ] GC(80)       Notify PhantomReferences: 0,1ms
[89,333s][debug][gc,phases,ref     ] GC(80)         PhantomRef (ms):               Min: 0,01, Avg: 0,01, Max: 0,01, Diff: 0,00, Sum: 0,01, Workers: 1
[89,333s][debug][gc,phases,ref     ] GC(80)       SoftReference Discovered: 0, Dropped: 0, Processed: 0
[89,333s][debug][gc,phases,ref     ] GC(80)       WeakReference Discovered: 0, Dropped: 0, Processed: 0
[89,333s][debug][gc,phases,ref     ] GC(80)       FinalReference Discovered: 2461, Dropped: 4, Processed: 2457
[89,333s][debug][gc,phases,ref     ] GC(80)       PhantomReference Discovered: 40, Dropped: 1, Processed: 39
[89,333s][debug][gc,phases         ] GC(80)     Weak Processing: 0,16ms
[89,333s][debug][gc,phases         ] GC(80)       VM Weak                        Min: 0,00, Avg: 0,00, Max: 0,00, Diff: 0,00, Sum: 0,01, Workers: 15
[89,333s][debug][gc,phases         ] GC(80)         Dead                           Min: 0, Avg:  0,0, Max: 0, Diff: 0, Sum: 0, Workers: 15
[89,333s][debug][gc,phases         ] GC(80)         Total                          Min: 0, Avg: 11,3, Max: 170, Diff: 170, Sum: 170, Workers: 15
[89,333s][debug][gc,phases         ] GC(80)       ObjectSynchronizer Weak        Min: 0,00, Avg: 0,00, Max: 0,00, Diff: 0,00, Sum: 0,00, Workers: 15
[89,333s][debug][gc,phases         ] GC(80)         Dead                           Min: 0, Avg:  0,0, Max: 0, Diff: 0, Sum: 0, Workers: 15
[89,333s][debug][gc,phases         ] GC(80)         Total                          Min: 0, Avg:  0,3, Max: 5, Diff: 5, Sum: 5, Workers: 15
[89,333s][debug][gc,phases         ] GC(80)       JVMTI Tag Weak OopStorage      Min: 0,00, Avg: 0,00, Max: 0,00, Diff: 0,00, Sum: 0,00, Workers: 15
[89,333s][debug][gc,phases         ] GC(80)         Dead                           Min: 0, Avg:  0,0, Max: 0, Diff: 0, Sum: 0, Workers: 15
[89,333s][debug][gc,phases         ] GC(80)         Total                          Min: 0, Avg:  0,0, Max: 0, Diff: 0, Sum: 0, Workers: 15
[89,333s][debug][gc,phases         ] GC(80)       StringTable Weak               Min: 0,00, Avg: 0,01, Max: 0,05, Diff: 0,05, Sum: 0,09, Workers: 15
[89,333s][debug][gc,phases         ] GC(80)         Dead                           Min: 0, Avg:  0,0, Max: 0, Diff: 0, Sum: 0, Workers: 15
[89,333s][debug][gc,phases         ] GC(80)         Total                          Min: 0, Avg: 568,6, Max: 5760, Diff: 5760, Sum: 8529, Workers: 15
[89,333s][debug][gc,phases         ] GC(80)       ResolvedMethodTable Weak       Min: 0,00, Avg: 0,00, Max: 0,01, Diff: 0,01, Sum: 0,03, Workers: 15
[89,333s][debug][gc,phases         ] GC(80)         Dead                           Min: 0, Avg:  0,0, Max: 0, Diff: 0, Sum: 0, Workers: 15
[89,333s][debug][gc,phases         ] GC(80)         Total                          Min: 0, Avg: 113,7, Max: 505, Diff: 505, Sum: 1706, Workers: 15
[89,333s][debug][gc,phases         ] GC(80)       JNI Weak                       Min: 0,00, Avg: 0,00, Max: 0,00, Diff: 0,00, Sum: 0,01, Workers: 15
[89,333s][debug][gc,phases         ] GC(80)         Dead                           Min: 0, Avg:  0,0, Max: 0, Diff: 0, Sum: 0, Workers: 15
[89,333s][debug][gc,phases         ] GC(80)         Total                          Min: 0, Avg:  0,0, Max: 0, Diff: 0, Sum: 0, Workers: 15
[89,333s][debug][gc,phases         ] GC(80)       StringDedup Table Weak         Min: 0,00, Avg: 0,01, Max: 0,03, Diff: 0,03, Sum: 0,15, Workers: 15
[89,333s][debug][gc,phases         ] GC(80)         Dead                           Min: 0, Avg:  0,0, Max: 0, Diff: 0, Sum: 0, Workers: 15
[89,333s][debug][gc,phases         ] GC(80)         Total                          Min: 0, Avg: 878,7, Max: 3392, Diff: 3392, Sum: 13181, Workers: 15
[89,333s][debug][gc,phases         ] GC(80)       StringDedup Requests0 Weak     Min: 0,00, Avg: 0,00, Max: 0,00, Diff: 0,00, Sum: 0,01, Workers: 15
[89,333s][debug][gc,phases         ] GC(80)         Dead                           Min: 0, Avg:  0,0, Max: 0, Diff: 0, Sum: 0, Workers: 15
[89,333s][debug][gc,phases         ] GC(80)         Total                          Min: 0, Avg:  0,0, Max: 0, Diff: 0, Sum: 0, Workers: 15
[89,333s][debug][gc,phases         ] GC(80)       StringDedup Requests1 Weak     Min: 0,00, Avg: 0,00, Max: 0,00, Diff: 0,00, Sum: 0,03, Workers: 15
[89,333s][debug][gc,phases         ] GC(80)         Dead                           Min: 0, Avg:  0,0, Max: 0, Diff: 0, Sum: 0, Workers: 15
[89,333s][debug][gc,phases         ] GC(80)         Total                          Min: 0, Avg: 34,1, Max: 64, Diff: 64, Sum: 512, Workers: 15
[89,333s][debug][gc,phases         ] GC(80)       Weak JFR Old Object Samples    Min: 0,00, Avg: 0,00, Max: 0,00, Diff: 0,00, Sum: 0,01, Workers: 15
[89,333s][debug][gc,phases         ] GC(80)         Dead                           Min: 0, Avg:  0,0, Max: 0, Diff: 0, Sum: 0, Workers: 15
[89,333s][debug][gc,phases         ] GC(80)         Total                          Min: 0, Avg:  0,0, Max: 0, Diff: 0, Sum: 0, Workers: 15
[89,333s][debug][gc,phases         ] GC(80)     Post Evacuate Cleanup 1: 0,36ms
[89,333s][debug][gc,phases         ] GC(80)       Merge Per-Thread State (ms):   Min: 0,06, Avg: 0,06, Max: 0,06, Diff: 0,00, Sum: 0,06, Workers: 1
[89,333s][debug][gc,phases         ] GC(80)         Copied Bytes                   Min: 40551632, Avg: 51483771,7, Max: 63847016, Diff: 23295384, Sum: 772256576, Workers: 15
[89,333s][debug][gc,phases         ] GC(80)         LAB Waste                      Min: 2312, Avg: 7107,2, Max: 17040, Diff: 14728, Sum: 106608, Workers: 15
[89,333s][debug][gc,phases         ] GC(80)         LAB Undo Waste                 Min: 0, Avg:  0,0, Max: 0, Diff: 0, Sum: 0, Workers: 15
[89,333s][debug][gc,phases         ] GC(80)         Evac Fail Extra Cards          Min: 0, Avg:  0,0, Max: 0, Diff: 0, Sum: 0, Workers: 15
[89,333s][debug][gc,phases         ] GC(80)       Clear Logged Cards (ms):       Min: 0,00, Avg: 0,04, Max: 0,17, Diff: 0,16, Sum: 0,61, Workers: 15
[89,333s][debug][gc,phases         ] GC(80)       Recalculate Used Memory (ms):  Min: 0,03, Avg: 0,03, Max: 0,03, Diff: 0,00, Sum: 0,03, Workers: 1
[89,333s][debug][gc,phases         ] GC(80)       Restore Evacuation Failed Regions (ms): Min: 0,00, Avg: 0,02, Max: 0,04, Diff: 0,04, Sum: 0,27, Workers: 15
[89,333s][debug][gc,phases         ] GC(80)         Evacuation Failed Regions:     Min: 1, Avg:  1,0, Max: 1, Diff: 0, Sum: 1, Workers: 1
[89,333s][debug][gc,phases         ] GC(80)         Pinned Regions:                Min: 1, Avg:  1,0, Max: 1, Diff: 0, Sum: 1, Workers: 1
[89,333s][debug][gc,phases         ] GC(80)         Allocation Failed Regions:     skipped
[89,333s][debug][gc,phases         ] GC(80)         Remove Self Forwards (ms):     Min: 0,01, Avg: 0,02, Max: 0,03, Diff: 0,02, Sum: 0,21, Workers: 10
[89,333s][debug][gc,phases         ] GC(80)           Forward Chunks:                Min: 1, Avg:  2,0, Max: 3, Diff: 2, Sum: 6, Workers: 3
[89,333s][debug][gc,phases         ] GC(80)           Empty Forward Chunks:          Min: 6, Avg: 12,2, Max: 18, Diff: 12, Sum: 122, Workers: 10
[89,333s][debug][gc,phases         ] GC(80)           Forward Objects:               Min: 1, Avg:  2,3, Max: 4, Diff: 3, Sum: 7, Workers: 3
[89,333s][debug][gc,phases         ] GC(80)           Forward Bytes:                 Min: 136, Avg: 77005,3, Max: 222160, Diff: 222024, Sum: 231016, Workers: 3
[89,333s][debug][gc,phases         ] GC(80)     Post Evacuate Cleanup 2: 0,24ms
[89,333s][debug][gc,phases         ] GC(80)       Recalculate Used Memory (ms):  Min: 0,03, Avg: 0,03, Max: 0,03, Diff: 0,00, Sum: 0,03, Workers: 1
[89,333s][debug][gc,phases         ] GC(80)       Restore Preserved Marks (ms):  Min: 0,00, Avg: 0,00, Max: 0,00, Diff: 0,00, Sum: 0,01, Workers: 15
[89,333s][debug][gc,phases         ] GC(80)       Process Evacuation Failed Regions (ms): Min: 0,00, Avg: 0,00, Max: 0,01, Diff: 0,01, Sum: 0,02, Workers: 15
[89,333s][debug][gc,phases         ] GC(80)       Update Derived Pointers (ms):  Min: 0,00, Avg: 0,00, Max: 0,00, Diff: 0,00, Sum: 0,00, Workers: 1
[89,333s][debug][gc,phases         ] GC(80)       Eagerly Reclaim Humongous Objects (ms): skipped
[89,333s][debug][gc,phases         ] GC(80)         Humongous Total                skipped
[89,333s][debug][gc,phases         ] GC(80)         Humongous Candidates           skipped
[89,333s][debug][gc,phases         ] GC(80)         Humongous Reclaimed            skipped
[89,333s][debug][gc,phases         ] GC(80)       Sample CSet Candidates (ms):   Min: 0,02, Avg: 0,02, Max: 0,02, Diff: 0,00, Sum: 0,02, Workers: 1
[89,333s][debug][gc,phases         ] GC(80)       Redirty Logged Cards (ms):     Min: 0,00, Avg: 0,00, Max: 0,02, Diff: 0,02, Sum: 0,04, Workers: 15
[89,333s][debug][gc,phases         ] GC(80)         Redirtied Cards:               Min: 0, Avg: 123,7, Max: 1045, Diff: 1045, Sum: 1855, Workers: 15
[89,333s][debug][gc,phases         ] GC(80)       Resize TLABs (ms):             Min: 0,00, Avg: 0,00, Max: 0,01, Diff: 0,00, Sum: 0,01, Workers: 15
[89,333s][debug][gc,phases         ] GC(80)       Free Collection Set (ms):      Min: 0,09, Avg: 0,09, Max: 0,10, Diff: 0,02, Sum: 1,41, Workers: 15
[89,333s][debug][gc,phases         ] GC(80)     Rebuild Free List: 0,07ms
[89,333s][debug][gc,phases         ] GC(80)     Prepare For Mutator: 0,10ms
[89,333s][debug][gc,phases         ] GC(80)     Expand Heap After Collection: 0,00ms
[89,333s][info ][gc,phases         ] GC(80)   Other: 0,58ms
[89,333s][debug][gc,remset         ] GC(80) Coarsening (recent): Inline->AoC 526 (0) AoC->Howl 248 (0) Howl->Full 30 (0) Inline->AoC 838 (0) AoC->BitMap 778 (0) BitMap->Full 136 (0) 
[89,333s][debug][gc,remset         ] GC(80) Coarsening (all): Inline->AoC 13141 (0) AoC->Howl 6396 (0) Howl->Full 1698 (0) Inline->AoC 36451 (0) AoC->BitMap 34733 (0) BitMap->Full 6938 (0) 
[89,333s][info ][gc,heap           ] GC(80) Eden regions: 453->0(533)
[89,333s][info ][gc,heap           ] GC(80) Survivor regions: 75->66(66)
[89,333s][info ][gc,heap           ] GC(80) Old regions: 237->358
[89,333s][info ][gc,heap           ] GC(80) Humongous regions: 0->0
[89,333s][info ][gc,metaspace      ] GC(80) Metaspace: 20811K(21184K)->20811K(21184K) NonClass: 18193K(18368K)->18193K(18368K) Class: 2617K(2816K)->2617K(2816K)
[89,333s][debug][gc,heap           ] GC(80) Heap after GC invocations=81 (full 0):
[89,333s][debug][gc,heap           ] GC(80)  garbage-first heap   total reserved 8388608K, committed 5242880K, used 1733665K [0x0000000600000000, 0x0000000800000000)
[89,333s][debug][gc,heap           ] GC(80)   region size 4096K, 66 young (270336K), 66 survivors (270336K)
[89,333s][debug][gc,heap           ] GC(80)  Metaspace       used 20811K, committed 21184K, reserved 1114112K
[89,333s][debug][gc,heap           ] GC(80)   class space    used 2617K, committed 2816K, reserved 1048576K
[89,334s][info ][gc                ] GC(80) Pause Young (Prepare Mixed) (G1 Evacuation Pause) (Evacuation Failure: Pinned) 3057M->1693M(5120M) 75,346ms
[89,334s][info ][gc,cpu            ] GC(80) User=1,06s Sys=0,00s Real=0,08s
[89,334s][debug][gc,refine         ] Concurrent refinement: wanted 0, cards: 1855, predicted: 3660, time: 1590,71ms
[89,334s][debug][gc,task           ] G1 Service Thread (Card Set Free Memory Task) (run: 2,090ms) (cpu: 0,305ms)
[89,436s][debug][gc,task,start     ] G1 Service Thread (Periodic GC Task) (run 0,488ms after schedule)
[89,436s][debug][gc,task           ] G1 Service Thread (Periodic GC Task) (run: 0,062ms) (cpu: 0,089ms)
[89,493s][debug][gc,refine         ] Concurrent refinement: wanted 0, cards: 2623, predicted: 3836, time: 1068,94ms
[89,623s][debug][gc,refine         ] Concurrent refinement: wanted 0, cards: 3391, predicted: 4560, time: 1030,07ms
[89,752s][debug][gc,refine         ] Concurrent refinement: wanted 0, cards: 3391, predicted: 4497, time: 974,76ms
[89,876s][debug][gc,refine         ] Concurrent refinement: wanted 0, cards: 3391, predicted: 4436, time: 920,94ms
[89,997s][debug][gc,refine         ] Concurrent refinement: wanted 0, cards: 3391, predicted: 4377, time: 868,61ms
[90,114s][debug][gc,refine         ] Concurrent refinement: wanted 0, cards: 3391, predicted: 4317, time: 816,28ms
[90,228s][debug][gc,refine         ] Concurrent refinement: wanted 0, cards: 3391, predicted: 4261, time: 766,95ms
[90,339s][debug][gc,refine         ] Concurrent refinement: wanted 0, cards: 3391, predicted: 4207, time: 719,11ms
[90,436s][debug][gc,task,start     ] G1 Service Thread (Periodic GC Task) (run 0,173ms after schedule)
[90,437s][debug][gc,task           ] G1 Service Thread (Periodic GC Task) (run: 0,051ms) (cpu: 0,079ms)
[90,446s][debug][gc,refine         ] Concurrent refinement: wanted 0, cards: 3391, predicted: 4154, time: 672,76ms
[90,549s][debug][gc,refine         ] Concurrent refinement: wanted 0, cards: 3391, predicted: 4103, time: 627,91ms
[90,649s][debug][gc,refine         ] Concurrent refinement: wanted 0, cards: 3391, predicted: 3472, time: 71,76ms
[90,658s][info ][gc,start          ] GC(81) Pause Young (Mixed) (G1 Evacuation Pause)
[90,658s][debug][gc,heap           ] GC(81) Heap before GC invocations=81 (full 0):
[90,658s][debug][gc,heap           ] GC(81)  garbage-first heap   total reserved 8388608K, committed 5242880K, used 3912737K [0x0000000600000000, 0x0000000800000000)
[90,658s][debug][gc,heap           ] GC(81)   region size 4096K, 599 young (2453504K), 66 survivors (270336K)
[90,658s][debug][gc,heap           ] GC(81)  Metaspace       used 20819K, committed 21184K, reserved 1114112K
[90,658s][debug][gc,heap           ] GC(81)   class space    used 2617K, committed 2816K, reserved 1048576K
[90,658s][info ][gc,task           ] GC(81) Using 15 workers of 15 for evacuation
[90,658s][debug][gc,age            ] GC(81) Desired survivor size 157286400 bytes, new threshold 1 (max threshold 15)
[90,658s][debug][gc,tlab           ] GC(81) TLAB totals: thrds: 25  refills: 1834 max: 373 slow allocs: 1353 max 202 waste:  0,6% gc: 5612528B max: 1060624B slow: 7610984B max: 752272B
[90,658s][debug][gc,refine,stats   ] GC(81) Mutator refinement: 0,00ms, refined: 0, precleaned: 0, dirtied: 2190
[90,658s][debug][gc,refine,stats   ] GC(81) Concurrent refinement: 0,00ms, refined: 0, precleaned: 0, dirtied: 0
[90,658s][debug][gc,refine,stats   ] GC(81) Total refinement: 0,00ms, refined: 0, precleaned: 0, dirtied: 2190
[90,658s][debug][gc,refine,stats   ] GC(81) Generate dirty cards rate: 1,65 cards/ms
[90,658s][debug][gc,alloc,region   ] GC(81) Mutator Allocation stats, regions: 533, wasted size: 1316K ( 0,1%)
[90,658s][debug][gc,ergo,cset      ] GC(81) Start adding marking candidates to collection set. Min 16 regions, max 128 regions, available 127 regionstime remaining 115,35ms, optional threshold 23,07ms
[90,658s][debug][gc,ergo,cset      ] GC(81) Marking candidates exhausted.
[90,658s][debug][gc,ergo,cset      ] GC(81) Finish adding marking candidates to collection set. Initial: 127, optional: 0, pinned: 0, predicted initial time: 3,12ms, predicted optional time: 0,00ms, time remaining: 112,23ms
[90,658s][debug][gc,ergo,cset      ] GC(81) Start adding retained candidates to collection set. Min 1 regions, available 1, time remaining 40,00ms, optional remaining 40,00ms
[90,658s][debug][gc,ergo,cset      ] GC(81) Retained candidates exhausted.
[90,658s][debug][gc,ergo,cset      ] GC(81) Finish adding retained candidates to collection set. Initial: 1, optional: 0, pinned: 0, predicted initial time: 0,05ms, predicted optional time: 0,00ms, time remaining: 39,95ms optional time remaining 39,95ms
[90,659s][debug][gc,ergo           ] GC(81) Running G1 Merge Heap Roots using 15 workers for 727 regions
[90,659s][debug][gc,remset         ] GC(81) Visited cards 158848 Total dirty 1458176 (10,89%) Total old 13795328 (1,15%)
[90,728s][debug][gc,ref            ] GC(81) ReferenceProcessor::execute queues: 4, RefProcThreadModel::Multi, marks_oops_alive: false
[90,729s][debug][gc,ref            ] GC(81) ReferenceProcessor::execute queues: 15, RefProcThreadModel::Multi, marks_oops_alive: true
[90,729s][debug][gc,ref            ] GC(81) ReferenceProcessor::execute queues: 1, RefProcThreadModel::Single, marks_oops_alive: false
[90,729s][debug][gc,ergo           ] GC(81) Initializing removing self forwards with 128 chunks per region
[90,729s][debug][gc,ergo           ] GC(81) Running G1 Rebuild Free List Task using 15 workers for rebuilding free list of regions
[90,730s][debug][gc,plab           ] GC(81) Young PLAB allocation: allocated: 314572800B, wasted: 29080B, unused: 1919608B, used: 312624112B, undo waste: 0B, 
[90,730s][debug][gc,plab           ] GC(81) Young other allocation: region end waste: 0B, regions filled: 75, num plab filled: 164, direct allocated: 0B, num direct allocated: 0, failure used: 0B, failure wasted: 0B
[90,730s][debug][gc,plab           ] GC(81) Young sizing: calculated: 62524816B, actual: 60536512B
[90,730s][debug][gc,plab           ] GC(81) Old PLAB allocation: allocated: 434110464B, wasted: 53056B, unused: 14245712B, used: 419811696B, undo waste: 0B, 
[90,730s][debug][gc,plab           ] GC(81) Old other allocation: region end waste: 0B, regions filled: 104, num plab filled: 207, direct allocated: 0B, num direct allocated: 0, failure used: 857048B, failure wasted: 11725864B
[90,730s][debug][gc,plab           ] GC(81) Old sizing: calculated: 83962336B, actual: 84117384B
[90,730s][debug][gc,ergo,heap      ] GC(81) Heap expansion: short term pause time ratio 5,68% long term pause time ratio 3,28% threshold 7,69% pause time ratio 7,69% fully expanded false resize by 0B
[90,730s][debug][gc,task,start     ] G1 Service Thread (Card Set Free Memory Task) (run 0,010ms after schedule)
[90,730s][debug][gc,ergo,ihop      ] GC(81) Do not request concurrent cycle initiation (still doing mixed collections) occupancy: 1413480448B allocation request: 0B threshold: 1058587132B (19,72) source: end of GC
[90,730s][debug][gc,mmu            ] GC(81) MMU: 71,5ms (200,0ms/201,0ms)
[90,730s][debug][gc,ergo           ] GC(81) do not continue mixed GCs (candidate old regions not available)
[90,730s][debug][gc,ergo,ihop      ] GC(81) Request concurrent cycle initiation (occupancy higher than threshold) occupancy: 1413480448B allocation request: 0B threshold: 1058587132B (19,72) source: end of GC
[90,730s][debug][gc,alloc,stats    ] Old generation allocation in the last mutator period, old gen allocated: 446693376B, humongous allocated: 0B, old gen growth: 446693376B.
[90,730s][debug][gc,ihop           ] GC(81) Basic information (value update), threshold: 1057292917B (19,69), target occupancy: 5368709120B, current occupancy: 1722844720B, recent allocation size: 446693376B, recent allocation duration: 1369,22ms, recent old gen allocation rate: 326239075,81B/s, recent marking phase length: 2695,41ms
[90,730s][debug][gc,ihop           ] GC(81) Adaptive IHOP information (value update), threshold: 1057292917B (20,73), internal target occupancy: 5100273664B, occupancy: 1722844720B, additional buffer size: 2512388096B, predicted old gen allocation rate: 541778197,27B/s, predicted marking phase length: 2825,13ms, prediction active: true
[90,730s][debug][gc,ergo,refine    ] GC(81) GC refinement: goal: 281881 + 894 / 20,00ms, actual: 4045 / 0,32ms, 
[90,730s][debug][gc,ergo,refine    ] GC(81) New pending cards target: 265497
[90,730s][info ][gc,phases         ] GC(81)   Pre Evacuate Collection Set: 0,37ms
[90,730s][debug][gc,phases         ] GC(81)     Pre Evacuate Prepare: 0,07ms
[90,730s][debug][gc,phases         ] GC(81)       JT Retire TLABs And Flush Logs (ms): Min: 0,00, Avg: 0,02, Max: 0,04, Diff: 0,04, Sum: 0,04, Workers: 2
[90,730s][debug][gc,phases         ] GC(81)       Non-JT Flush Logs (ms):        Min: 0,01, Avg: 0,01, Max: 0,01, Diff: 0,00, Sum: 0,01, Workers: 1
[90,730s][debug][gc,phases         ] GC(81)     Choose Collection Set: 0,18ms
[90,730s][debug][gc,phases         ] GC(81)     Region Register: 0,12ms
[90,730s][debug][gc,phases         ] GC(81)     Prepare Heap Roots: 0,00ms
[90,730s][info ][gc,phases         ] GC(81)   Merge Heap Roots: 0,55ms
[90,730s][debug][gc,phases         ] GC(81)     Prepare Merge Heap Roots: 0,03ms
[90,730s][debug][gc,phases         ] GC(81)     Remembered Sets (ms):          Min: 0,12, Avg: 0,15, Max: 0,18, Diff: 0,05, Sum: 2,27, Workers: 15
[90,730s][debug][gc,phases         ] GC(81)       Eager Reclaim (ms):            skipped
[90,730s][debug][gc,phases         ] GC(81)       Merged Inline                  Min: 0, Avg:  1,5, Max: 15, Diff: 15, Sum: 22, Workers: 15
[90,730s][debug][gc,phases         ] GC(81)       Merged ArrayOfCards            Min: 0, Avg:  0,0, Max: 0, Diff: 0, Sum: 0, Workers: 15
[90,730s][debug][gc,phases         ] GC(81)       Merged Howl                    Min: 0, Avg:  0,0, Max: 0, Diff: 0, Sum: 0, Workers: 15
[90,730s][debug][gc,phases         ] GC(81)       Merged Full                    Min: 0, Avg:  0,0, Max: 0, Diff: 0, Sum: 0, Workers: 15
[90,730s][debug][gc,phases         ] GC(81)       Merged Howl Inline             Min: 0, Avg:  0,0, Max: 0, Diff: 0, Sum: 0, Workers: 15
[90,730s][debug][gc,phases         ] GC(81)       Merged Howl ArrayOfCards       Min: 0, Avg:  0,0, Max: 0, Diff: 0, Sum: 0, Workers: 15
[90,730s][debug][gc,phases         ] GC(81)       Merged Howl BitMap             Min: 0, Avg:  0,0, Max: 0, Diff: 0, Sum: 0, Workers: 15
[90,730s][debug][gc,phases         ] GC(81)       Merged Howl Full               Min: 0, Avg:  0,0, Max: 0, Diff: 0, Sum: 0, Workers: 15
[90,730s][debug][gc,phases         ] GC(81)       Merged Cards                   Min: 8, Avg:  9,7, Max: 23, Diff: 15, Sum: 146, Workers: 15
[90,730s][debug][gc,phases         ] GC(81)     Log Buffers (ms):              Min: 0,00, Avg: 0,02, Max: 0,05, Diff: 0,05, Sum: 0,23, Workers: 15
[90,730s][debug][gc,phases         ] GC(81)       Dirty Cards:                   Min: 0, Avg: 269,7, Max: 1019, Diff: 1019, Sum: 4045, Workers: 15
[90,730s][debug][gc,phases         ] GC(81)       Skipped Cards:                 Min: 0, Avg:  0,0, Max: 0, Diff: 0, Sum: 0, Workers: 15
[90,730s][info ][gc,phases         ] GC(81)   Evacuate Collection Set: 68,99ms
[90,730s][debug][gc,phases         ] GC(81)     Ext Root Scanning (ms):        Min: 0,03, Avg: 0,07, Max: 0,21, Diff: 0,17, Sum: 1,06, Workers: 15
[90,730s][debug][gc,phases         ] GC(81)     Scan Heap Roots (ms):          Min: 0,06, Avg: 0,31, Max: 0,69, Diff: 0,63, Sum: 4,63, Workers: 15
[90,730s][debug][gc,phases         ] GC(81)       Scanned Cards:                 Min: 21, Avg: 267,5, Max: 626, Diff: 605, Sum: 4013, Workers: 15
[90,730s][debug][gc,phases         ] GC(81)       Scanned Blocks:                Min: 15, Avg: 203,5, Max: 481, Diff: 466, Sum: 3053, Workers: 15
[90,730s][debug][gc,phases         ] GC(81)       Claimed Chunks:                Min: 14, Avg: 165,5, Max: 365, Diff: 351, Sum: 2482, Workers: 15
[90,730s][debug][gc,phases         ] GC(81)       Found Roots:                   Min: 38, Avg: 619,7, Max: 1605, Diff: 1567, Sum: 9296, Workers: 15
[90,730s][debug][gc,phases         ] GC(81)     Code Root Scan (ms):           Min: 0,04, Avg: 0,04, Max: 0,06, Diff: 0,02, Sum: 0,66, Workers: 15
[90,730s][debug][gc,phases         ] GC(81)       Scanned Nmethods               Min: 0, Avg:  0,0, Max: 0, Diff: 0, Sum: 0, Workers: 15
[90,730s][debug][gc,phases         ] GC(81)     Object Copy (ms):              Min: 67,95, Avg: 68,33, Max: 68,59, Diff: 0,64, Sum: 1024,95, Workers: 15
[90,730s][debug][gc,phases         ] GC(81)     Termination (ms):              Min: 0,03, Avg: 0,05, Max: 0,06, Diff: 0,03, Sum: 0,68, Workers: 15
[90,730s][debug][gc,phases         ] GC(81)       Termination Attempts:          Min: 1, Avg:  1,0, Max: 1, Diff: 0, Sum: 15, Workers: 15
[90,730s][debug][gc,phases         ] GC(81)     GC Worker Other (ms):          Min: 0,05, Avg: 0,07, Max: 0,08, Diff: 0,03, Sum: 1,01, Workers: 15
[90,730s][debug][gc,phases         ] GC(81)     GC Worker Total (ms):          Min: 68,85, Avg: 68,87, Max: 68,89, Diff: 0,04, Sum: 1032,98, Workers: 15
[90,730s][info ][gc,phases         ] GC(81)   Post Evacuate Collection Set: 1,39ms
[90,730s][debug][gc,phases         ] GC(81)     NMethod List Cleanup: 0,01ms
[90,730s][debug][gc,phases         ] GC(81)     Reference Processing: 0,89ms
[90,730s][debug][gc,phases,ref     ] GC(81)       Notify Soft/WeakReferences: 0,4ms
[90,730s][debug][gc,phases,ref     ] GC(81)         Balance queues: 0,0ms
[90,730s][debug][gc,phases,ref     ] GC(81)         SoftRef (ms):                  Min: 0,00, Avg: 0,00, Max: 0,00, Diff: 0,00, Sum: 0,00, Workers: 4
[90,730s][debug][gc,phases,ref     ] GC(81)         WeakRef (ms):                  Min: 0,00, Avg: 0,00, Max: 0,00, Diff: 0,00, Sum: 0,00, Workers: 4
[90,730s][debug][gc,phases,ref     ] GC(81)         FinalRef (ms):                 Min: 0,06, Avg: 0,08, Max: 0,12, Diff: 0,06, Sum: 0,30, Workers: 4
[90,730s][debug][gc,phases,ref     ] GC(81)         Total (ms):                    Min: 0,13, Avg: 0,17, Max: 0,23, Diff: 0,10, Sum: 0,68, Workers: 4
[90,730s][debug][gc,phases,ref     ] GC(81)       Notify and keep alive finalizable: 0,4ms
[90,730s][debug][gc,phases,ref     ] GC(81)         Balance queues: 0,0ms
[90,730s][debug][gc,phases,ref     ] GC(81)         FinalRef (ms):                 Min: 0,19, Avg: 0,30, Max: 0,35, Diff: 0,15, Sum: 4,57, Workers: 15
[90,730s][debug][gc,phases,ref     ] GC(81)       Notify PhantomReferences: 0,1ms
[90,730s][debug][gc,phases,ref     ] GC(81)         PhantomRef (ms):               Min: 0,00, Avg: 0,00, Max: 0,00, Diff: 0,00, Sum: 0,00, Workers: 1
[90,730s][debug][gc,phases,ref     ] GC(81)       SoftReference Discovered: 0, Dropped: 0, Processed: 0
[90,730s][debug][gc,phases,ref     ] GC(81)       WeakReference Discovered: 0, Dropped: 0, Processed: 0
[90,730s][debug][gc,phases,ref     ] GC(81)       FinalReference Discovered: 3135, Dropped: 4, Processed: 3131
[90,730s][debug][gc,phases,ref     ] GC(81)       PhantomReference Discovered: 40, Dropped: 1, Processed: 39
[90,730s][debug][gc,phases         ] GC(81)     Weak Processing: 0,05ms
[90,730s][debug][gc,phases         ] GC(81)       VM Weak                        Min: 0,00, Avg: 0,00, Max: 0,00, Diff: 0,00, Sum: 0,01, Workers: 15
[90,730s][debug][gc,phases         ] GC(81)         Dead                           Min: 0, Avg:  0,0, Max: 0, Diff: 0, Sum: 0, Workers: 15
[90,730s][debug][gc,phases         ] GC(81)         Total                          Min: 0, Avg: 11,3, Max: 64, Diff: 64, Sum: 170, Workers: 15
[90,730s][debug][gc,phases         ] GC(81)       ObjectSynchronizer Weak        Min: 0,00, Avg: 0,00, Max: 0,00, Diff: 0,00, Sum: 0,00, Workers: 15
[90,730s][debug][gc,phases         ] GC(81)         Dead                           Min: 0, Avg:  0,0, Max: 0, Diff: 0, Sum: 0, Workers: 15
[90,730s][debug][gc,phases         ] GC(81)         Total                          Min: 0, Avg:  0,3, Max: 5, Diff: 5, Sum: 5, Workers: 15
[90,730s][debug][gc,phases         ] GC(81)       JVMTI Tag Weak OopStorage      Min: 0,00, Avg: 0,00, Max: 0,00, Diff: 0,00, Sum: 0,00, Workers: 15
[90,730s][debug][gc,phases         ] GC(81)         Dead                           Min: 0, Avg:  0,0, Max: 0, Diff: 0, Sum: 0, Workers: 15
[90,730s][debug][gc,phases         ] GC(81)         Total                          Min: 0, Avg:  0,0, Max: 0, Diff: 0, Sum: 0, Workers: 15
[90,730s][debug][gc,phases         ] GC(81)       StringTable Weak               Min: 0,00, Avg: 0,01, Max: 0,01, Diff: 0,01, Sum: 0,12, Workers: 15
[90,730s][debug][gc,phases         ] GC(81)         Dead                           Min: 0, Avg:  0,0, Max: 0, Diff: 0, Sum: 0, Workers: 15
[90,730s][debug][gc,phases         ] GC(81)         Total                          Min: 0, Avg: 568,6, Max: 960, Diff: 960, Sum: 8529, Workers: 15
[90,730s][debug][gc,phases         ] GC(81)       ResolvedMethodTable Weak       Min: 0,00, Avg: 0,00, Max: 0,00, Diff: 0,00, Sum: 0,04, Workers: 15
[90,730s][debug][gc,phases         ] GC(81)         Dead                           Min: 0, Avg:  0,0, Max: 0, Diff: 0, Sum: 0, Workers: 15
[90,730s][debug][gc,phases         ] GC(81)         Total                          Min: 0, Avg: 113,7, Max: 191, Diff: 191, Sum: 1706, Workers: 15
[90,730s][debug][gc,phases         ] GC(81)       JNI Weak                       Min: 0,00, Avg: 0,00, Max: 0,00, Diff: 0,00, Sum: 0,01, Workers: 15
[90,730s][debug][gc,phases         ] GC(81)         Dead                           Min: 0, Avg:  0,0, Max: 0, Diff: 0, Sum: 0, Workers: 15
[90,730s][debug][gc,phases         ] GC(81)         Total                          Min: 0, Avg:  0,0, Max: 0, Diff: 0, Sum: 0, Workers: 15
[90,730s][debug][gc,phases         ] GC(81)       StringDedup Table Weak         Min: 0,00, Avg: 0,01, Max: 0,01, Diff: 0,01, Sum: 0,16, Workers: 15
[90,731s][debug][gc,phases         ] GC(81)         Dead                           Min: 0, Avg:  0,0, Max: 0, Diff: 0, Sum: 0, Workers: 15
[90,731s][debug][gc,phases         ] GC(81)         Total                          Min: 0, Avg: 878,7, Max: 1597, Diff: 1597, Sum: 13181, Workers: 15
[90,731s][debug][gc,phases         ] GC(81)       StringDedup Requests0 Weak     Min: 0,00, Avg: 0,00, Max: 0,00, Diff: 0,00, Sum: 0,02, Workers: 15
[90,731s][debug][gc,phases         ] GC(81)         Dead                           Min: 0, Avg:  0,0, Max: 0, Diff: 0, Sum: 0, Workers: 15
[90,731s][debug][gc,phases         ] GC(81)         Total                          Min: 0, Avg: 12,8, Max: 64, Diff: 64, Sum: 192, Workers: 15
[90,731s][debug][gc,phases         ] GC(81)       StringDedup Requests1 Weak     Min: 0,00, Avg: 0,00, Max: 0,00, Diff: 0,00, Sum: 0,01, Workers: 15
[90,731s][debug][gc,phases         ] GC(81)         Dead                           Min: 0, Avg:  0,0, Max: 0, Diff: 0, Sum: 0, Workers: 15
[90,731s][debug][gc,phases         ] GC(81)         Total                          Min: 0, Avg:  0,0, Max: 0, Diff: 0, Sum: 0, Workers: 15
[90,731s][debug][gc,phases         ] GC(81)       Weak JFR Old Object Samples    Min: 0,00, Avg: 0,00, Max: 0,00, Diff: 0,00, Sum: 0,01, Workers: 15
[90,731s][debug][gc,phases         ] GC(81)         Dead                           Min: 0, Avg:  0,0, Max: 0, Diff: 0, Sum: 0, Workers: 15
[90,731s][debug][gc,phases         ] GC(81)         Total                          Min: 0, Avg:  0,0, Max: 0, Diff: 0, Sum: 0, Workers: 15
[90,731s][debug][gc,phases         ] GC(81)     Post Evacuate Cleanup 1: 0,19ms
[90,731s][debug][gc,phases         ] GC(81)       Merge Per-Thread State (ms):   Min: 0,05, Avg: 0,05, Max: 0,05, Diff: 0,00, Sum: 0,05, Workers: 1
[90,731s][debug][gc,phases         ] GC(81)         Copied Bytes                   Min: 39037768, Avg: 48829053,9, Max: 60684304, Diff: 21646536, Sum: 732435808, Workers: 15
[90,731s][debug][gc,phases         ] GC(81)         LAB Waste                      Min: 824, Avg: 5475,7, Max: 13696, Diff: 12872, Sum: 82136, Workers: 15
[90,731s][debug][gc,phases         ] GC(81)         LAB Undo Waste                 Min: 0, Avg:  0,0, Max: 0, Diff: 0, Sum: 0, Workers: 15
[90,731s][debug][gc,phases         ] GC(81)         Evac Fail Extra Cards          Min: 0, Avg:  0,4, Max: 3, Diff: 3, Sum: 6, Workers: 15
[90,731s][debug][gc,phases         ] GC(81)       Clear Logged Cards (ms):       Min: 0,00, Avg: 0,05, Max: 0,16, Diff: 0,16, Sum: 0,71, Workers: 15
[90,731s][debug][gc,phases         ] GC(81)       Recalculate Used Memory (ms):  Min: 0,02, Avg: 0,02, Max: 0,02, Diff: 0,00, Sum: 0,02, Workers: 1
[90,731s][debug][gc,phases         ] GC(81)       Restore Evacuation Failed Regions (ms): Min: 0,00, Avg: 0,04, Max: 0,09, Diff: 0,09, Sum: 0,67, Workers: 15
[90,731s][debug][gc,phases         ] GC(81)         Evacuation Failed Regions:     Min: 3, Avg:  3,0, Max: 3, Diff: 0, Sum: 3, Workers: 1
[90,731s][debug][gc,phases         ] GC(81)         Pinned Regions:                Min: 1, Avg:  1,0, Max: 1, Diff: 0, Sum: 3, Workers: 3
[90,731s][debug][gc,phases         ] GC(81)         Allocation Failed Regions:     skipped
[90,731s][debug][gc,phases         ] GC(81)         Remove Self Forwards (ms):     Min: 0,01, Avg: 0,04, Max: 0,05, Diff: 0,04, Sum: 0,34, Workers: 9
[90,731s][debug][gc,phases         ] GC(81)           Forward Chunks:                Min: 1, Avg:  4,1, Max: 7, Diff: 6, Sum: 37, Workers: 9
[90,731s][debug][gc,phases         ] GC(81)           Empty Forward Chunks:          Min: 9, Avg: 38,6, Max: 53, Diff: 44, Sum: 347, Workers: 9
[90,731s][debug][gc,phases         ] GC(81)           Forward Objects:               Min: 1, Avg:  4,1, Max: 7, Diff: 6, Sum: 37, Workers: 9
[90,731s][debug][gc,phases         ] GC(81)           Forward Bytes:                 Min: 8896, Avg: 95227,6, Max: 222416, Diff: 213520, Sum: 857048, Workers: 9
[90,731s][debug][gc,phases         ] GC(81)     Post Evacuate Cleanup 2: 0,15ms
[90,731s][debug][gc,phases         ] GC(81)       Recalculate Used Memory (ms):  Min: 0,02, Avg: 0,02, Max: 0,02, Diff: 0,00, Sum: 0,02, Workers: 1
[90,731s][debug][gc,phases         ] GC(81)       Restore Preserved Marks (ms):  Min: 0,00, Avg: 0,00, Max: 0,00, Diff: 0,00, Sum: 0,01, Workers: 15
[90,731s][debug][gc,phases         ] GC(81)       Process Evacuation Failed Regions (ms): Min: 0,00, Avg: 0,00, Max: 0,01, Diff: 0,01, Sum: 0,04, Workers: 15
[90,731s][debug][gc,phases         ] GC(81)       Update Derived Pointers (ms):  Min: 0,00, Avg: 0,00, Max: 0,00, Diff: 0,00, Sum: 0,00, Workers: 1
[90,731s][debug][gc,phases         ] GC(81)       Eagerly Reclaim Humongous Objects (ms): skipped
[90,731s][debug][gc,phases         ] GC(81)         Humongous Total                skipped
[90,731s][debug][gc,phases         ] GC(81)         Humongous Candidates           skipped
[90,731s][debug][gc,phases         ] GC(81)         Humongous Reclaimed            skipped
[90,731s][debug][gc,phases         ] GC(81)       Sample CSet Candidates (ms):   skipped
[90,731s][debug][gc,phases         ] GC(81)       Redirty Logged Cards (ms):     Min: 0,00, Avg: 0,00, Max: 0,01, Diff: 0,01, Sum: 0,06, Workers: 15
[90,731s][debug][gc,phases         ] GC(81)         Redirtied Cards:               Min: 0, Avg: 121,9, Max: 266, Diff: 266, Sum: 1828, Workers: 15
[90,731s][debug][gc,phases         ] GC(81)       Resize TLABs (ms):             Min: 0,00, Avg: 0,00, Max: 0,00, Diff: 0,00, Sum: 0,01, Workers: 15
[90,731s][debug][gc,phases         ] GC(81)       Free Collection Set (ms):      Min: 0,07, Avg: 0,08, Max: 0,10, Diff: 0,03, Sum: 1,26, Workers: 15
[90,731s][debug][gc,phases         ] GC(81)     Rebuild Free List: 0,04ms
[90,731s][debug][gc,phases         ] GC(81)     Prepare For Mutator: 0,06ms
[90,731s][debug][gc,phases         ] GC(81)     Expand Heap After Collection: 0,00ms
[90,731s][info ][gc,phases         ] GC(81)   Other: 0,40ms
[90,731s][debug][gc,remset         ] GC(81) Coarsening (recent): Inline->AoC 0 (0) AoC->Howl 0 (0) Howl->Full 0 (0) Inline->AoC 0 (0) AoC->BitMap 0 (0) BitMap->Full 0 (0) 
[90,731s][debug][gc,remset         ] GC(81) Coarsening (all): Inline->AoC 13141 (0) AoC->Howl 6396 (0) Howl->Full 1698 (0) Inline->AoC 36451 (0) AoC->BitMap 34733 (0) BitMap->Full 6938 (0) 
[90,731s][info ][gc,heap           ] GC(81) Eden regions: 533->0(522)
[90,731s][info ][gc,heap           ] GC(81) Survivor regions: 66->75(75)
[90,731s][info ][gc,heap           ] GC(81) Old regions: 358->337
[90,731s][info ][gc,heap           ] GC(81) Humongous regions: 0->0
[90,731s][info ][gc,metaspace      ] GC(81) Metaspace: 20819K(21184K)->20819K(21184K) NonClass: 18202K(18368K)->18202K(18368K) Class: 2617K(2816K)->2617K(2816K)
[90,731s][debug][gc,heap           ] GC(81) Heap after GC invocations=82 (full 0):
[90,731s][debug][gc,heap           ] GC(81)  garbage-first heap   total reserved 8388608K, committed 5242880K, used 1682465K [0x0000000600000000, 0x0000000800000000)
[90,731s][debug][gc,heap           ] GC(81)   region size 4096K, 75 young (307200K), 75 survivors (307200K)
[90,731s][debug][gc,heap           ] GC(81)  Metaspace       used 20819K, committed 21184K, reserved 1114112K
[90,731s][debug][gc,heap           ] GC(81)   class space    used 2617K, committed 2816K, reserved 1048576K
[90,731s][info ][gc                ] GC(81) Pause Young (Mixed) (G1 Evacuation Pause) (Evacuation Failure: Pinned) 3825M->1643M(5120M) 73,200ms
[90,731s][info ][gc,cpu            ] GC(81) User=1,04s Sys=0,00s Real=0,07s
[90,731s][debug][gc,refine         ] Concurrent refinement: wanted 0, cards: 1828, predicted: 3806, time: 1420,44ms
[90,732s][debug][gc,task           ] G1 Service Thread (Card Set Free Memory Task) (run: 2,399ms) (cpu: 0,112ms)
[90,881s][debug][gc,refine         ] Concurrent refinement: wanted 0, cards: 2084, predicted: 3870, time: 1282,76ms
[91,025s][debug][gc,refine         ] Concurrent refinement: wanted 0, cards: 3108, predicted: 4843, time: 1245,95ms
[91,166s][debug][gc,refine         ] Concurrent refinement: wanted 0, cards: 3108, predicted: 4767, time: 1191,42ms
[91,305s][debug][gc,refine         ] Concurrent refinement: wanted 0, cards: 3108, predicted: 4691, time: 1136,89ms
[91,437s][debug][gc,task,start     ] G1 Service Thread (Periodic GC Task) (run 0,659ms after schedule)
[91,437s][debug][gc,task           ] G1 Service Thread (Periodic GC Task) (run: 0,075ms) (cpu: 0,103ms)
[91,439s][debug][gc,refine         ] Concurrent refinement: wanted 0, cards: 3108, predicted: 4617, time: 1083,73ms
[91,570s][debug][gc,refine         ] Concurrent refinement: wanted 0, cards: 3108, predicted: 4543, time: 1030,57ms
[91,698s][debug][gc,refine         ] Concurrent refinement: wanted 0, cards: 3108, predicted: 4469, time: 977,40ms
[91,824s][debug][gc,refine         ] Concurrent refinement: wanted 0, cards: 3108, predicted: 4400, time: 928,33ms
[91,945s][debug][gc,refine         ] Concurrent refinement: wanted 0, cards: 3108, predicted: 4334, time: 880,62ms
[92,063s][debug][gc,refine         ] Concurrent refinement: wanted 0, cards: 3108, predicted: 3373, time: 190,85ms
[92,118s][debug][gc,refine         ] Concurrent refinement: wanted 0, cards: 3108, predicted: 3362, time: 182,67ms
[92,173s][debug][gc,refine         ] Concurrent refinement: wanted 0, cards: 3108, predicted: 3350, time: 174,49ms
[92,225s][debug][gc,refine         ] Concurrent refinement: wanted 0, cards: 3108, predicted: 3343, time: 169,03ms
[92,277s][debug][gc,refine         ] Concurrent refinement: wanted 0, cards: 3108, predicted: 3314, time: 148,59ms
[92,327s][debug][gc,refine         ] Concurrent refinement: wanted 0, cards: 3108, predicted: 3288, time: 129,50ms
[92,378s][debug][gc,refine         ] Concurrent refinement: wanted 0, cards: 3108, predicted: 3259, time: 109,05ms
[92,428s][debug][gc,refine         ] Concurrent refinement: wanted 0, cards: 3108, predicted: 3231, time: 88,61ms
[92,437s][debug][gc,task,start     ] G1 Service Thread (Periodic GC Task) (run 0,189ms after schedule)
[92,437s][debug][gc,task           ] G1 Service Thread (Periodic GC Task) (run: 0,045ms) (cpu: 0,075ms)
[92,478s][debug][gc,refine         ] Concurrent refinement: wanted 0, cards: 3108, predicted: 3202, time: 68,16ms
[92,528s][debug][gc,refine         ] Concurrent refinement: wanted 0, cards: 3108, predicted: 3108, time: 49,07ms
[92,578s][debug][gc,refine         ] Concurrent refinement: wanted 0, cards: 3108, predicted: 3108, time: 28,63ms
[92,629s][debug][gc,refine         ] Concurrent refinement: wanted 0, cards: 3108, predicted: 3108, time: 8,18ms
[92,660s][debug][gc,ergo           ] GC(82) Initiate concurrent cycle (concurrent cycle initiation requested)
[92,660s][info ][gc,start          ] GC(82) Pause Young (Concurrent Start) (G1 Evacuation Pause)
[92,660s][debug][gc,heap           ] GC(82) Heap before GC invocations=82 (full 0):
[92,660s][debug][gc,heap           ] GC(82)  garbage-first heap   total reserved 8388608K, committed 5242880K, used 3816481K [0x0000000600000000, 0x0000000800000000)
[92,660s][debug][gc,heap           ] GC(82)   region size 4096K, 597 young (2445312K), 75 survivors (307200K)
[92,660s][debug][gc,heap           ] GC(82)  Metaspace       used 20821K, committed 21184K, reserved 1114112K
[92,660s][debug][gc,heap           ] GC(82)   class space    used 2617K, committed 2816K, reserved 1048576K
[92,660s][info ][gc,task           ] GC(82) Using 15 workers of 15 for evacuation
[92,660s][debug][gc,age            ] GC(82) Desired survivor size 157286400 bytes, new threshold 1 (max threshold 15)
[92,660s][debug][gc,tlab           ] GC(82) TLAB totals: thrds: 27  refills: 1506 max: 495 slow allocs: 785 max 67 waste:  0,8% gc: 12285096B max: 1231392B slow: 5659248B max: 807280B
[92,660s][debug][gc,refine,stats   ] GC(82) Mutator refinement: 0,00ms, refined: 0, precleaned: 0, dirtied: 1538
[92,660s][debug][gc,refine,stats   ] GC(82) Concurrent refinement: 0,00ms, refined: 0, precleaned: 0, dirtied: 0
[92,660s][debug][gc,refine,stats   ] GC(82) Total refinement: 0,00ms, refined: 0, precleaned: 0, dirtied: 1538
[92,660s][debug][gc,refine,stats   ] GC(82) Generate dirty cards rate: 0,80 cards/ms
[92,660s][debug][gc,alloc,region   ] GC(82) Mutator Allocation stats, regions: 522, wasted size: 911K ( 0,0%)
[92,660s][debug][gc,ergo,cset      ] GC(82) Do not add marking candidates to collection set due to pause type.
[92,660s][debug][gc,ergo,cset      ] GC(82) Start adding retained candidates to collection set. Min 1 regions, available 3, time remaining 40,00ms, optional remaining 40,00ms
[92,660s][debug][gc,ergo,cset      ] GC(82) Retained candidates exhausted.
[92,660s][debug][gc,ergo,cset      ] GC(82) Finish adding retained candidates to collection set. Initial: 3, optional: 0, pinned: 0, predicted initial time: 0,14ms, predicted optional time: 0,00ms, time remaining: 39,86ms optional time remaining 39,86ms
[92,661s][debug][gc,ergo           ] GC(82) Running G1 Merge Heap Roots using 15 workers for 600 regions
[92,661s][debug][gc,remset         ] GC(82) Visited cards 153664 Total dirty 1466368 (10,48%) Total old 12566528 (1,22%)
[92,707s][debug][gc,ref            ] GC(82) ReferenceProcessor::execute queues: 3, RefProcThreadModel::Multi, marks_oops_alive: false
[92,707s][debug][gc,ref            ] GC(82) ReferenceProcessor::execute queues: 15, RefProcThreadModel::Multi, marks_oops_alive: true
[92,708s][debug][gc,ref            ] GC(82) ReferenceProcessor::execute queues: 1, RefProcThreadModel::Single, marks_oops_alive: false
[92,708s][debug][gc,ergo           ] GC(82) Running G1 Rebuild Free List Task using 15 workers for rebuilding free list of regions
[92,708s][debug][gc,plab           ] GC(82) Young PLAB allocation: allocated: 205520896B, wasted: 36136B, unused: 13417888B, used: 192066872B, undo waste: 0B, 
[92,708s][debug][gc,plab           ] GC(82) Young other allocation: region end waste: 0B, regions filled: 49, num plab filled: 98, direct allocated: 0B, num direct allocated: 0, failure used: 0B, failure wasted: 0B
[92,708s][debug][gc,plab           ] GC(82) Young sizing: calculated: 38413368B, actual: 43944152B
[92,708s][debug][gc,plab           ] GC(82) Old PLAB allocation: allocated: 320864256B, wasted: 31952B, unused: 9525576B, used: 311306728B, undo waste: 0B, 
[92,708s][debug][gc,plab           ] GC(82) Old other allocation: region end waste: 0B, regions filled: 77, num plab filled: 153, direct allocated: 0B, num direct allocated: 0, failure used: 0B, failure wasted: 0B
[92,708s][debug][gc,plab           ] GC(82) Old sizing: calculated: 62261344B, actual: 67725352B
[92,709s][debug][gc,ergo,heap      ] GC(82) Heap expansion: short term pause time ratio 5,12% long term pause time ratio 3,67% threshold 7,69% pause time ratio 7,69% fully expanded false resize by 0B
[92,709s][debug][gc,mmu            ] GC(82) MMU: 48,8ms (200,0ms/201,0ms)
[92,709s][debug][gc,alloc,stats    ] Old generation allocation in the last mutator period, old gen allocated: 320864256B, humongous allocated: 0B, old gen growth: 320864256B.
[92,709s][debug][gc,ihop           ] GC(82) Basic information (value update), threshold: 1264467041B (23,55), target occupancy: 5368709120B, current occupancy: 1922074160B, recent allocation size: 320864256B, recent allocation duration: 1930,10ms, recent old gen allocation rate: 166241920,03B/s, recent marking phase length: 2695,41ms
[92,709s][debug][gc,ihop           ] GC(82) Adaptive IHOP information (value update), threshold: 1264467041B (24,79), internal target occupancy: 5100273664B, occupancy: 1922074160B, additional buffer size: 2340421632B, predicted old gen allocation rate: 529315872,62B/s, predicted marking phase length: 2825,13ms, prediction active: true
[92,709s][debug][gc,ergo,refine    ] GC(82) GC refinement: goal: 265497 + 757 / 20,00ms, actual: 3366 / 0,27ms, 
[92,709s][debug][gc,ergo,refine    ] GC(82) Unchanged pending cards target: 265497
[92,709s][info ][gc,phases         ] GC(82)   Pre Evacuate Collection Set: 0,52ms
[92,709s][debug][gc,task,start     ] G1 Service Thread (Card Set Free Memory Task) (run 0,097ms after schedule)
[92,709s][debug][gc,phases         ] GC(82)     Reset Marking State (ms):      Min: 0,03, Avg: 0,03, Max: 0,03, Diff: 0,00, Sum: 0,03, Workers: 1
[92,709s][debug][gc,phases         ] GC(82)     Note Start Of Mark (ms):       Min: 0,01, Avg: 0,02, Max: 0,04, Diff: 0,02, Sum: 0,08, Workers: 4
[92,709s][debug][gc,phases         ] GC(82)     Pre Evacuate Prepare: 0,21ms
[92,709s][debug][gc,phases         ] GC(82)       JT Retire TLABs And Flush Logs (ms): Min: 0,00, Avg: 0,01, Max: 0,02, Diff: 0,02, Sum: 0,02, Workers: 2
[92,709s][debug][gc,phases         ] GC(82)       Non-JT Flush Logs (ms):        Min: 0,01, Avg: 0,01, Max: 0,01, Diff: 0,00, Sum: 0,01, Workers: 1
[92,709s][debug][gc,phases         ] GC(82)     Choose Collection Set: 0,05ms
[92,709s][debug][gc,phases         ] GC(82)     Region Register: 0,21ms
[92,709s][debug][gc,phases         ] GC(82)     Prepare Heap Roots: 0,00ms
[92,709s][info ][gc,phases         ] GC(82)   Merge Heap Roots: 0,38ms
[92,709s][debug][gc,phases         ] GC(82)     Prepare Merge Heap Roots: 0,02ms
[92,709s][debug][gc,phases         ] GC(82)     Remembered Sets (ms):          Min: 0,03, Avg: 0,05, Max: 0,05, Diff: 0,02, Sum: 0,69, Workers: 15
[92,709s][debug][gc,phases         ] GC(82)       Eager Reclaim (ms):            skipped
[92,709s][debug][gc,phases         ] GC(82)       Merged Inline                  Min: 0, Avg:  0,0, Max: 0, Diff: 0, Sum: 0, Workers: 15
[92,709s][debug][gc,phases         ] GC(82)       Merged ArrayOfCards            Min: 0, Avg:  0,0, Max: 0, Diff: 0, Sum: 0, Workers: 15
[92,709s][debug][gc,phases         ] GC(82)       Merged Howl                    Min: 0, Avg:  0,0, Max: 0, Diff: 0, Sum: 0, Workers: 15
[92,709s][debug][gc,phases         ] GC(82)       Merged Full                    Min: 0, Avg:  0,0, Max: 0, Diff: 0, Sum: 0, Workers: 15
[92,709s][debug][gc,phases         ] GC(82)       Merged Howl Inline             Min: 0, Avg:  0,0, Max: 0, Diff: 0, Sum: 0, Workers: 15
[92,709s][debug][gc,phases         ] GC(82)       Merged Howl ArrayOfCards       Min: 0, Avg:  0,0, Max: 0, Diff: 0, Sum: 0, Workers: 15
[92,709s][debug][gc,phases         ] GC(82)       Merged Howl BitMap             Min: 0, Avg:  0,0, Max: 0, Diff: 0, Sum: 0, Workers: 15
[92,709s][debug][gc,phases         ] GC(82)       Merged Howl Full               Min: 0, Avg:  0,0, Max: 0, Diff: 0, Sum: 0, Workers: 15
[92,709s][debug][gc,phases         ] GC(82)       Merged Cards                   Min: 8, Avg:  8,0, Max: 8, Diff: 0, Sum: 120, Workers: 15
[92,709s][debug][gc,phases         ] GC(82)     Log Buffers (ms):              Min: 0,00, Avg: 0,01, Max: 0,07, Diff: 0,07, Sum: 0,18, Workers: 15
[92,709s][debug][gc,phases         ] GC(82)       Dirty Cards:                   Min: 0, Avg: 224,4, Max: 2857, Diff: 2857, Sum: 3366, Workers: 15
[92,709s][debug][gc,phases         ] GC(82)       Skipped Cards:                 Min: 0, Avg:  0,0, Max: 0, Diff: 0, Sum: 0, Workers: 15
[92,709s][info ][gc,phases         ] GC(82)   Evacuate Collection Set: 46,07ms
[92,709s][debug][gc,phases         ] GC(82)     Ext Root Scanning (ms):        Min: 0,00, Avg: 0,05, Max: 0,35, Diff: 0,35, Sum: 0,74, Workers: 15
[92,709s][debug][gc,phases         ] GC(82)     Scan Heap Roots (ms):          Min: 0,05, Avg: 0,26, Max: 0,44, Diff: 0,39, Sum: 3,84, Workers: 15
[92,709s][debug][gc,phases         ] GC(82)       Scanned Cards:                 Min: 58, Avg: 222,9, Max: 502, Diff: 444, Sum: 3344, Workers: 15
[92,709s][debug][gc,phases         ] GC(82)       Scanned Blocks:                Min: 21, Avg: 189,2, Max: 422, Diff: 401, Sum: 2838, Workers: 15
[92,709s][debug][gc,phases         ] GC(82)       Claimed Chunks:                Min: 14, Avg: 160,1, Max: 298, Diff: 284, Sum: 2401, Workers: 15
[92,709s][debug][gc,phases         ] GC(82)       Found Roots:                   Min: 130, Avg: 343,1, Max: 589, Diff: 459, Sum: 5146, Workers: 15
[92,709s][debug][gc,phases         ] GC(82)     Code Root Scan (ms):           Min: 0,03, Avg: 0,03, Max: 0,05, Diff: 0,02, Sum: 0,51, Workers: 15
[92,709s][debug][gc,phases         ] GC(82)       Scanned Nmethods               Min: 0, Avg:  0,0, Max: 0, Diff: 0, Sum: 0, Workers: 15
[92,709s][debug][gc,phases         ] GC(82)     Object Copy (ms):              Min: 45,20, Avg: 45,38, Max: 45,61, Diff: 0,41, Sum: 680,63, Workers: 15
[92,709s][debug][gc,phases         ] GC(82)     Termination (ms):              Min: 0,05, Avg: 0,09, Max: 0,13, Diff: 0,08, Sum: 1,33, Workers: 15
[92,709s][debug][gc,phases         ] GC(82)       Termination Attempts:          Min: 1, Avg:  1,0, Max: 1, Diff: 0, Sum: 15, Workers: 15
[92,709s][debug][gc,phases         ] GC(82)     GC Worker Other (ms):          Min: 0,04, Avg: 0,05, Max: 0,07, Diff: 0,04, Sum: 0,81, Workers: 15
[92,709s][debug][gc,phases         ] GC(82)     GC Worker Total (ms):          Min: 45,79, Avg: 45,86, Max: 45,96, Diff: 0,17, Sum: 687,86, Workers: 15
[92,709s][info ][gc,phases         ] GC(82)   Post Evacuate Collection Set: 1,49ms
[92,709s][debug][gc,phases         ] GC(82)     NMethod List Cleanup: 0,01ms
[92,709s][debug][gc,phases         ] GC(82)     Reference Processing: 0,75ms
[92,709s][debug][gc,phases,ref     ] GC(82)       Notify Soft/WeakReferences: 0,4ms
[92,709s][debug][gc,phases,ref     ] GC(82)         Balance queues: 0,0ms
[92,709s][debug][gc,phases,ref     ] GC(82)         SoftRef (ms):                  Min: 0,00, Avg: 0,00, Max: 0,00, Diff: 0,00, Sum: 0,00, Workers: 3
[92,709s][debug][gc,phases,ref     ] GC(82)         WeakRef (ms):                  Min: 0,00, Avg: 0,00, Max: 0,00, Diff: 0,00, Sum: 0,00, Workers: 3
[92,709s][debug][gc,phases,ref     ] GC(82)         FinalRef (ms):                 Min: 0,13, Avg: 0,14, Max: 0,14, Diff: 0,01, Sum: 0,41, Workers: 3
[92,709s][debug][gc,phases,ref     ] GC(82)         Total (ms):                    Min: 0,15, Avg: 0,15, Max: 0,16, Diff: 0,01, Sum: 0,45, Workers: 3
[92,709s][debug][gc,phases,ref     ] GC(82)       Notify and keep alive finalizable: 0,3ms
[92,709s][debug][gc,phases,ref     ] GC(82)         Balance queues: 0,0ms
[92,709s][debug][gc,phases,ref     ] GC(82)         FinalRef (ms):                 Min: 0,10, Avg: 0,12, Max: 0,17, Diff: 0,07, Sum: 1,80, Workers: 15
[92,709s][debug][gc,phases,ref     ] GC(82)       Notify PhantomReferences: 0,0ms
[92,709s][debug][gc,phases,ref     ] GC(82)         PhantomRef (ms):               Min: 0,01, Avg: 0,01, Max: 0,01, Diff: 0,00, Sum: 0,01, Workers: 1
[92,709s][debug][gc,phases,ref     ] GC(82)       SoftReference Discovered: 0, Dropped: 0, Processed: 0
[92,709s][debug][gc,phases,ref     ] GC(82)       WeakReference Discovered: 0, Dropped: 0, Processed: 0
[92,709s][debug][gc,phases,ref     ] GC(82)       FinalReference Discovered: 2478, Dropped: 0, Processed: 2478
[92,709s][debug][gc,phases,ref     ] GC(82)       PhantomReference Discovered: 76, Dropped: 2, Processed: 74
[92,709s][debug][gc,phases         ] GC(82)     Weak Processing: 0,08ms
[92,709s][debug][gc,phases         ] GC(82)       VM Weak                        Min: 0,00, Avg: 0,00, Max: 0,00, Diff: 0,00, Sum: 0,01, Workers: 15
[92,709s][debug][gc,phases         ] GC(82)         Dead                           Min: 0, Avg:  0,0, Max: 0, Diff: 0, Sum: 0, Workers: 15
[92,709s][debug][gc,phases         ] GC(82)         Total                          Min: 0, Avg: 11,3, Max: 170, Diff: 170, Sum: 170, Workers: 15
[92,709s][debug][gc,phases         ] GC(82)       ObjectSynchronizer Weak        Min: 0,00, Avg: 0,00, Max: 0,00, Diff: 0,00, Sum: 0,00, Workers: 15
[92,709s][debug][gc,phases         ] GC(82)         Dead                           Min: 0, Avg:  0,0, Max: 0, Diff: 0, Sum: 0, Workers: 15
[92,709s][debug][gc,phases         ] GC(82)         Total                          Min: 0, Avg:  0,3, Max: 5, Diff: 5, Sum: 5, Workers: 15
[92,709s][debug][gc,phases         ] GC(82)       JVMTI Tag Weak OopStorage      Min: 0,00, Avg: 0,00, Max: 0,00, Diff: 0,00, Sum: 0,00, Workers: 15
[92,709s][debug][gc,phases         ] GC(82)         Dead                           Min: 0, Avg:  0,0, Max: 0, Diff: 0, Sum: 0, Workers: 15
[92,709s][debug][gc,phases         ] GC(82)         Total                          Min: 0, Avg:  0,0, Max: 0, Diff: 0, Sum: 0, Workers: 15
[92,709s][debug][gc,phases         ] GC(82)       StringTable Weak               Min: 0,00, Avg: 0,01, Max: 0,02, Diff: 0,02, Sum: 0,11, Workers: 15
[92,709s][debug][gc,phases         ] GC(82)         Dead                           Min: 0, Avg:  0,0, Max: 0, Diff: 0, Sum: 0, Workers: 15
[92,709s][debug][gc,phases         ] GC(82)         Total                          Min: 0, Avg: 568,6, Max: 1809, Diff: 1809, Sum: 8529, Workers: 15
[92,709s][debug][gc,phases         ] GC(82)       ResolvedMethodTable Weak       Min: 0,00, Avg: 0,00, Max: 0,01, Diff: 0,01, Sum: 0,03, Workers: 15
[92,709s][debug][gc,phases         ] GC(82)         Dead                           Min: 0, Avg:  0,0, Max: 0, Diff: 0, Sum: 0, Workers: 15
[92,709s][debug][gc,phases         ] GC(82)         Total                          Min: 0, Avg: 113,7, Max: 373, Diff: 373, Sum: 1706, Workers: 15
[92,709s][debug][gc,phases         ] GC(82)       JNI Weak                       Min: 0,00, Avg: 0,00, Max: 0,00, Diff: 0,00, Sum: 0,01, Workers: 15
[92,709s][debug][gc,phases         ] GC(82)         Dead                           Min: 0, Avg:  0,0, Max: 0, Diff: 0, Sum: 0, Workers: 15
[92,709s][debug][gc,phases         ] GC(82)         Total                          Min: 0, Avg:  0,0, Max: 0, Diff: 0, Sum: 0, Workers: 15
[92,709s][debug][gc,phases         ] GC(82)       StringDedup Table Weak         Min: 0,00, Avg: 0,01, Max: 0,02, Diff: 0,02, Sum: 0,13, Workers: 15
[92,710s][debug][gc,phases         ] GC(82)         Dead                           Min: 0, Avg:  0,0, Max: 0, Diff: 0, Sum: 0, Workers: 15
[92,710s][debug][gc,phases         ] GC(82)         Total                          Min: 0, Avg: 878,7, Max: 2816, Diff: 2816, Sum: 13181, Workers: 15
[92,710s][debug][gc,phases         ] GC(82)       StringDedup Requests0 Weak     Min: 0,00, Avg: 0,00, Max: 0,00, Diff: 0,00, Sum: 0,01, Workers: 15
[92,710s][debug][gc,phases         ] GC(82)         Dead                           Min: 0, Avg:  0,0, Max: 0, Diff: 0, Sum: 0, Workers: 15
[92,710s][debug][gc,phases         ] GC(82)         Total                          Min: 0, Avg:  0,0, Max: 0, Diff: 0, Sum: 0, Workers: 15
[92,710s][debug][gc,phases         ] GC(82)       StringDedup Requests1 Weak     Min: 0,00, Avg: 0,00, Max: 0,00, Diff: 0,00, Sum: 0,01, Workers: 15
[92,710s][debug][gc,phases         ] GC(82)         Dead                           Min: 0, Avg:  0,0, Max: 0, Diff: 0, Sum: 0, Workers: 15
[92,710s][debug][gc,phases         ] GC(82)         Total                          Min: 0, Avg: 12,8, Max: 64, Diff: 64, Sum: 192, Workers: 15
[92,710s][debug][gc,phases         ] GC(82)       Weak JFR Old Object Samples    Min: 0,00, Avg: 0,00, Max: 0,00, Diff: 0,00, Sum: 0,00, Workers: 15
[92,710s][debug][gc,phases         ] GC(82)         Dead                           Min: 0, Avg:  0,0, Max: 0, Diff: 0, Sum: 0, Workers: 15
[92,710s][debug][gc,phases         ] GC(82)         Total                          Min: 0, Avg:  0,0, Max: 0, Diff: 0, Sum: 0, Workers: 15
[92,710s][debug][gc,phases         ] GC(82)     Post Evacuate Cleanup 1: 0,25ms
[92,710s][debug][gc,phases         ] GC(82)       Merge Per-Thread State (ms):   Min: 0,11, Avg: 0,11, Max: 0,11, Diff: 0,00, Sum: 0,11, Workers: 1
[92,710s][debug][gc,phases         ] GC(82)         Copied Bytes                   Min: 26178864, Avg: 33558240,0, Max: 41563512, Diff: 15384648, Sum: 503373600, Workers: 15
[92,710s][debug][gc,phases         ] GC(82)         LAB Waste                      Min: 488, Avg: 4539,2, Max: 7632, Diff: 7144, Sum: 68088, Workers: 15
[92,710s][debug][gc,phases         ] GC(82)         LAB Undo Waste                 Min: 0, Avg:  0,0, Max: 0, Diff: 0, Sum: 0, Workers: 15
[92,710s][debug][gc,phases         ] GC(82)         Evac Fail Extra Cards          Min: 0, Avg:  0,0, Max: 0, Diff: 0, Sum: 0, Workers: 15
[92,710s][debug][gc,phases         ] GC(82)       Clear Logged Cards (ms):       Min: 0,00, Avg: 0,09, Max: 0,17, Diff: 0,17, Sum: 0,61, Workers: 7
[92,710s][debug][gc,phases         ] GC(82)       Recalculate Used Memory (ms):  Min: 0,00, Avg: 0,00, Max: 0,00, Diff: 0,00, Sum: 0,00, Workers: 1
[92,710s][debug][gc,phases         ] GC(82)     Post Evacuate Cleanup 2: 0,27ms
[92,710s][debug][gc,phases         ] GC(82)       Update Derived Pointers (ms):  Min: 0,01, Avg: 0,01, Max: 0,01, Diff: 0,00, Sum: 0,01, Workers: 1
[92,710s][debug][gc,phases         ] GC(82)       Eagerly Reclaim Humongous Objects (ms): skipped
[92,710s][debug][gc,phases         ] GC(82)         Humongous Total                skipped
[92,710s][debug][gc,phases         ] GC(82)         Humongous Candidates           skipped
[92,710s][debug][gc,phases         ] GC(82)         Humongous Reclaimed            skipped
[92,710s][debug][gc,phases         ] GC(82)       Redirty Logged Cards (ms):     Min: 0,00, Avg: 0,00, Max: 0,03, Diff: 0,03, Sum: 0,06, Workers: 15
[92,710s][debug][gc,phases         ] GC(82)         Redirtied Cards:               Min: 0, Avg: 154,8, Max: 1169, Diff: 1169, Sum: 2322, Workers: 15
[92,710s][debug][gc,phases         ] GC(82)       Resize TLABs (ms):             Min: 0,00, Avg: 0,00, Max: 0,00, Diff: 0,00, Sum: 0,01, Workers: 15
[92,710s][debug][gc,phases         ] GC(82)       Free Collection Set (ms):      Min: 0,05, Avg: 0,08, Max: 0,12, Diff: 0,07, Sum: 1,23, Workers: 15
[92,710s][debug][gc,phases         ] GC(82)     Rebuild Free List: 0,07ms
[92,710s][debug][gc,phases         ] GC(82)     Prepare For Mutator: 0,06ms
[92,710s][debug][gc,phases         ] GC(82)     Expand Heap After Collection: 0,00ms
[92,710s][info ][gc,phases         ] GC(82)   Other: 0,48ms
[92,710s][debug][gc,remset         ] GC(82) Coarsening (recent): Inline->AoC 0 (0) AoC->Howl 0 (0) Howl->Full 0 (0) Inline->AoC 0 (0) AoC->BitMap 0 (0) BitMap->Full 0 (0) 
[92,710s][debug][gc,remset         ] GC(82) Coarsening (all): Inline->AoC 13141 (0) AoC->Howl 6396 (0) Howl->Full 1698 (0) Inline->AoC 36451 (0) AoC->BitMap 34733 (0) BitMap->Full 6938 (0) 
[92,710s][info ][gc,heap           ] GC(82) Eden regions: 522->0(509)
[92,710s][info ][gc,heap           ] GC(82) Survivor regions: 75->49(75)
[92,710s][info ][gc,heap           ] GC(82) Old regions: 337->410
[92,710s][info ][gc,heap           ] GC(82) Humongous regions: 0->0
[92,710s][info ][gc,metaspace      ] GC(82) Metaspace: 20821K(21184K)->20821K(21184K) NonClass: 18203K(18368K)->18203K(18368K) Class: 2617K(2816K)->2617K(2816K)
[92,710s][debug][gc,heap           ] GC(82) Heap after GC invocations=83 (full 0):
[92,710s][debug][gc,heap           ] GC(82)  garbage-first heap   total reserved 8388608K, committed 5242880K, used 1877025K [0x0000000600000000, 0x0000000800000000)
[92,710s][debug][gc,heap           ] GC(82)   region size 4096K, 49 young (200704K), 49 survivors (200704K)
[92,710s][debug][gc,heap           ] GC(82)  Metaspace       used 20821K, committed 21184K, reserved 1114112K
[92,710s][debug][gc,heap           ] GC(82)   class space    used 2617K, committed 2816K, reserved 1048576K
[92,710s][info ][gc                ] GC(82) Pause Young (Concurrent Start) (G1 Evacuation Pause) 3731M->1833M(5120M) 50,373ms
[92,710s][info ][gc,cpu            ] GC(82) User=0,70s Sys=0,00s Real=0,05s
[92,710s][info ][gc                ] GC(83) Concurrent Mark Cycle
[92,710s][debug][gc,refine         ] Concurrent refinement: wanted 0, cards: 2322, predicted: 4176, time: 1466,50ms
[92,710s][info ][gc,marking        ] GC(83) Concurrent Scan Root Regions
[92,710s][debug][gc,ergo           ] GC(83) Running G1 Root Region Scan using 4 workers for 126 work units.
[92,710s][debug][gc,task           ] G1 Service Thread (Card Set Free Memory Task) (run: 1,595ms) (cpu: 0,130ms)
[92,747s][info ][gc,marking        ] GC(83) Concurrent Scan Root Regions 36,581ms
[92,747s][info ][gc,marking        ] GC(83) Concurrent Mark
[92,747s][info ][gc,marking        ] GC(83) Concurrent Mark From Roots
[92,747s][info ][gc,task           ] GC(83) Using 4 workers of 4 for marking
[92,788s][debug][gc,stats          ] ---------------------------------------------------------------------
[92,788s][debug][gc,stats          ] Marking Stats, task = 0, calls = 5
[92,789s][debug][gc,stats          ]   Elapsed time = 41,42ms, Termination time = 0,04ms
[92,789s][debug][gc,stats          ]   Step Times (cum): num = 384, avg = 2,39ms, sd = 4,07ms max = 12,02ms, total = 916,36ms
[92,789s][debug][gc,stats          ]   Mark Stats Cache: hits 810849 misses 1 ratio 100,000
[92,789s][debug][gc,stats          ] ---------------------------------------------------------------------
[92,789s][debug][gc,stats          ] Marking Stats, task = 1, calls = 5
[92,789s][debug][gc,stats          ]   Elapsed time = 41,34ms, Termination time = 0,01ms
[92,789s][debug][gc,stats          ]   Step Times (cum): num = 150, avg = 6,08ms, sd = 4,50ms max = 12,01ms, total = 912,40ms
[92,789s][debug][gc,stats          ]   Mark Stats Cache: hits 869381 misses 1 ratio 100,000
[92,789s][debug][gc,stats          ] ---------------------------------------------------------------------
[92,789s][debug][gc,stats          ] Marking Stats, task = 2, calls = 5
[92,789s][debug][gc,stats          ]   Elapsed time = 41,34ms, Termination time = 0,02ms
[92,789s][debug][gc,stats          ]   Step Times (cum): num = 148, avg = 6,21ms, sd = 4,44ms max = 12,13ms, total = 919,71ms
[92,789s][debug][gc,stats          ]   Mark Stats Cache: hits 835982 misses 1 ratio 100,000
[92,789s][debug][gc,stats          ] ---------------------------------------------------------------------
[92,789s][debug][gc,stats          ] Marking Stats, task = 3, calls = 5
[92,789s][debug][gc,stats          ]   Elapsed time = 41,34ms, Termination time = 0,01ms
[92,789s][debug][gc,stats          ]   Step Times (cum): num = 140, avg = 6,49ms, sd = 4,37ms max = 12,01ms, total = 908,38ms
[92,789s][debug][gc,stats          ]   Mark Stats Cache: hits 873157 misses 1 ratio 100,000
[92,789s][debug][gc,stats          ] ---------------------------------------------------------------------
[92,789s][info ][gc,marking        ] GC(83) Concurrent Mark From Roots 41,904ms
[92,789s][info ][gc,marking        ] GC(83) Concurrent Preclean
[92,789s][debug][gc,ref,start      ] GC(83) Preclean SoftReferences
[92,789s][debug][gc,ref            ] GC(83) Preclean SoftReferences 0,016ms
[92,789s][debug][gc,ref,start      ] GC(83) Preclean WeakReferences
[92,789s][debug][gc,ref            ] GC(83) Preclean WeakReferences 0,042ms
[92,789s][debug][gc,ref,start      ] GC(83) Preclean FinalReferences
[92,789s][debug][gc,ref            ] GC(83) Preclean FinalReferences 0,015ms
[92,789s][debug][gc,ref,start      ] GC(83) Preclean PhantomReferences
[92,789s][debug][gc,ref            ] GC(83) Preclean PhantomReferences 0,047ms
[92,789s][info ][gc,marking        ] GC(83) Concurrent Preclean 0,192ms
[92,789s][info ][gc,start          ] GC(83) Pause Remark
[92,789s][debug][gc,phases,start   ] GC(83) Finalize Marking
[92,790s][debug][gc,stats          ] ---------------------------------------------------------------------
[92,790s][debug][gc,stats          ] Marking Stats, task = 0, calls = 6
[92,790s][debug][gc,stats          ]   Elapsed time = 0,18ms, Termination time = 0,20ms
[92,790s][debug][gc,stats          ]   Step Times (cum): num = 385, avg = 2,38ms, sd = 4,06ms max = 12,02ms, total = 916,36ms
[92,790s][debug][gc,stats          ]   Mark Stats Cache: hits 810849 misses 1 ratio 100,000
[92,790s][debug][gc,stats          ] ---------------------------------------------------------------------
[92,790s][debug][gc,stats          ] Marking Stats, task = 1, calls = 6
[92,790s][debug][gc,stats          ]   Elapsed time = 0,14ms, Termination time = 0,11ms
[92,790s][debug][gc,stats          ]   Step Times (cum): num = 151, avg = 6,04ms, sd = 4,52ms max = 12,01ms, total = 912,47ms
[92,790s][debug][gc,stats          ]   Mark Stats Cache: hits 869381 misses 1 ratio 100,000
[92,790s][debug][gc,stats          ] ---------------------------------------------------------------------
[92,790s][debug][gc,stats          ] Marking Stats, task = 2, calls = 6
[92,790s][debug][gc,stats          ]   Elapsed time = 0,17ms, Termination time = 0,18ms
[92,790s][debug][gc,stats          ]   Step Times (cum): num = 149, avg = 6,17ms, sd = 4,45ms max = 12,13ms, total = 919,73ms
[92,790s][debug][gc,stats          ]   Mark Stats Cache: hits 835982 misses 1 ratio 100,000
[92,790s][debug][gc,stats          ] ---------------------------------------------------------------------
[92,790s][debug][gc,stats          ] Marking Stats, task = 3, calls = 6
[92,790s][debug][gc,stats          ]   Elapsed time = 0,10ms, Termination time = 0,11ms
[92,790s][debug][gc,stats          ]   Step Times (cum): num = 141, avg = 6,44ms, sd = 4,38ms max = 12,01ms, total = 908,42ms
[92,790s][debug][gc,stats          ]   Mark Stats Cache: hits 873157 misses 1 ratio 100,000
[92,790s][debug][gc,stats          ] ---------------------------------------------------------------------
[92,790s][debug][gc,stats          ] Marking Stats, task = 4, calls = 1
[92,790s][debug][gc,stats          ]   Elapsed time = 0,14ms, Termination time = 0,13ms
[92,790s][debug][gc,stats          ]   Step Times (cum): num = 29, avg = 0,04ms, sd = 0,01ms max = 0,07ms, total = 1,06ms
[92,790s][debug][gc,stats          ]   Mark Stats Cache: hits 22 misses 1 ratio 95,652
[92,790s][debug][gc,stats          ] ---------------------------------------------------------------------
[92,790s][debug][gc,stats          ] Marking Stats, task = 5, calls = 1
[92,790s][debug][gc,stats          ]   Elapsed time = 0,13ms, Termination time = 0,12ms
[92,790s][debug][gc,stats          ]   Step Times (cum): num = 30, avg = 0,04ms, sd = 0,02ms max = 0,08ms, total = 1,10ms
[92,790s][debug][gc,stats          ]   Mark Stats Cache: hits 2 misses 0 ratio 100,000
[92,790s][debug][gc,stats          ] ---------------------------------------------------------------------
[92,790s][debug][gc,stats          ] Marking Stats, task = 6, calls = 1
[92,790s][debug][gc,stats          ]   Elapsed time = 0,13ms, Termination time = 0,12ms
[92,790s][debug][gc,stats          ]   Step Times (cum): num = 29, avg = 0,03ms, sd = 0,02ms max = 0,10ms, total = 1,00ms
[92,790s][debug][gc,stats          ]   Mark Stats Cache: hits 25 misses 0 ratio 100,000
[92,790s][debug][gc,stats          ] ---------------------------------------------------------------------
[92,790s][debug][gc,stats          ] Marking Stats, task = 7, calls = 1
[92,790s][debug][gc,stats          ]   Elapsed time = 0,08ms, Termination time = 0,07ms
[92,790s][debug][gc,stats          ]   Step Times (cum): num = 29, avg = 0,04ms, sd = 0,02ms max = 0,08ms, total = 1,08ms
[92,790s][debug][gc,stats          ]   Mark Stats Cache: hits 87 misses 0 ratio 100,000
[92,790s][debug][gc,stats          ] ---------------------------------------------------------------------
[92,790s][debug][gc,stats          ] Marking Stats, task = 8, calls = 1
[92,790s][debug][gc,stats          ]   Elapsed time = 0,13ms, Termination time = 0,12ms
[92,790s][debug][gc,stats          ]   Step Times (cum): num = 29, avg = 0,04ms, sd = 0,02ms max = 0,06ms, total = 1,05ms
[92,790s][debug][gc,stats          ]   Mark Stats Cache: hits 2 misses 0 ratio 100,000
[92,790s][debug][gc,stats          ] ---------------------------------------------------------------------
[92,790s][debug][gc,stats          ] Marking Stats, task = 9, calls = 1
[92,790s][debug][gc,stats          ]   Elapsed time = 0,05ms, Termination time = 0,04ms
[92,790s][debug][gc,stats          ]   Step Times (cum): num = 29, avg = 0,04ms, sd = 0,02ms max = 0,06ms, total = 1,17ms
[92,790s][debug][gc,stats          ]   Mark Stats Cache: hits 2 misses 0 ratio 100,000
[92,790s][debug][gc,stats          ] ---------------------------------------------------------------------
[92,790s][debug][gc,stats          ] Marking Stats, task = 10, calls = 1
[92,790s][debug][gc,stats          ]   Elapsed time = 0,10ms, Termination time = 0,09ms
[92,790s][debug][gc,stats          ]   Step Times (cum): num = 29, avg = 0,04ms, sd = 0,02ms max = 0,07ms, total = 1,16ms
[92,790s][debug][gc,stats          ]   Mark Stats Cache: hits 75 misses 1 ratio 98,684
[92,790s][debug][gc,stats          ] ---------------------------------------------------------------------
[92,790s][debug][gc,stats          ] Marking Stats, task = 11, calls = 1
[92,790s][debug][gc,stats          ]   Elapsed time = 0,05ms, Termination time = 0,04ms
[92,790s][debug][gc,stats          ]   Step Times (cum): num = 29, avg = 0,04ms, sd = 0,02ms max = 0,06ms, total = 1,25ms
[92,790s][debug][gc,stats          ]   Mark Stats Cache: hits 0 misses 0 ratio 0,000
[92,790s][debug][gc,stats          ] ---------------------------------------------------------------------
[92,790s][debug][gc,stats          ] Marking Stats, task = 12, calls = 1
[92,790s][debug][gc,stats          ]   Elapsed time = 0,05ms, Termination time = 0,04ms
[92,790s][debug][gc,stats          ]   Step Times (cum): num = 29, avg = 0,04ms, sd = 0,02ms max = 0,06ms, total = 1,05ms
[92,790s][debug][gc,stats          ]   Mark Stats Cache: hits 0 misses 0 ratio 0,000
[92,790s][debug][gc,stats          ] ---------------------------------------------------------------------
[92,790s][debug][gc,stats          ] Marking Stats, task = 13, calls = 1
[92,790s][debug][gc,stats          ]   Elapsed time = 0,03ms, Termination time = 0,02ms
[92,790s][debug][gc,stats          ]   Step Times (cum): num = 29, avg = 0,03ms, sd = 0,02ms max = 0,06ms, total = 0,98ms
[92,790s][debug][gc,stats          ]   Mark Stats Cache: hits 0 misses 0 ratio 0,000
[92,790s][debug][gc,stats          ] ---------------------------------------------------------------------
[92,790s][debug][gc,stats          ] Marking Stats, task = 14, calls = 1
[92,790s][debug][gc,stats          ]   Elapsed time = 0,03ms, Termination time = 0,02ms
[92,790s][debug][gc,stats          ]   Step Times (cum): num = 29, avg = 0,03ms, sd = 0,02ms max = 0,06ms, total = 0,95ms
[92,790s][debug][gc,stats          ]   Mark Stats Cache: hits 0 misses 0 ratio 0,000
[92,790s][debug][gc,stats          ] ---------------------------------------------------------------------
[92,790s][debug][gc,phases         ] GC(83) Finalize Marking 1,039ms
[92,790s][debug][gc,phases,start   ] GC(83) Reference Processing
[92,790s][debug][gc,ref            ] GC(83) ReferenceProcessor::execute queues: 1, RefProcThreadModel::Single, marks_oops_alive: false
[92,790s][debug][gc,ref            ] GC(83) ReferenceProcessor::execute queues: 15, RefProcThreadModel::Multi, marks_oops_alive: true
[92,791s][debug][gc,ref            ] GC(83) Skipped PhantomRefsPhase of Reference Processing: no references
[92,791s][debug][gc,phases,ref     ] GC(83) Reference Processing: 0,4ms
[92,791s][debug][gc,phases,ref     ] GC(83)   Notify Soft/WeakReferences: 0,1ms
[92,791s][debug][gc,phases,ref     ] GC(83)     SoftRef (ms):                  Min: 0,00, Avg: 0,00, Max: 0,00, Diff: 0,00, Sum: 0,00, Workers: 1
[92,791s][debug][gc,phases,ref     ] GC(83)     WeakRef (ms):                  Min: 0,00, Avg: 0,00, Max: 0,00, Diff: 0,00, Sum: 0,00, Workers: 1
[92,791s][debug][gc,phases,ref     ] GC(83)     FinalRef (ms):                 Min: 0,00, Avg: 0,00, Max: 0,00, Diff: 0,00, Sum: 0,00, Workers: 1
[92,791s][debug][gc,phases,ref     ] GC(83)     Total (ms):                    Min: 0,02, Avg: 0,02, Max: 0,02, Diff: 0,00, Sum: 0,02, Workers: 1
[92,791s][debug][gc,phases,ref     ] GC(83)   Notify and keep alive finalizable: 0,3ms
[92,791s][debug][gc,phases,ref     ] GC(83)     Balance queues: 0,0ms
[92,791s][debug][gc,phases,ref     ] GC(83)     FinalRef (ms):                 Min: 0,02, Avg: 0,09, Max: 0,16, Diff: 0,14, Sum: 1,35, Workers: 15
[92,791s][debug][gc,phases,ref     ] GC(83)   Notify PhantomReferences: 0,0ms
[92,791s][debug][gc,phases,ref     ] GC(83)     PhantomRef (ms):               skipped
[92,791s][debug][gc,phases,ref     ] GC(83)   SoftReference Discovered: 0, Dropped: 0, Processed: 0
[92,791s][debug][gc,phases,ref     ] GC(83)   WeakReference Discovered: 0, Dropped: 0, Processed: 0
[92,791s][debug][gc,phases,ref     ] GC(83)   FinalReference Discovered: 9, Dropped: 0, Processed: 9
[92,791s][debug][gc,phases,ref     ] GC(83)   PhantomReference Discovered: 0, Dropped: 0, Processed: 0
[92,791s][debug][gc,phases         ] GC(83) Reference Processing 0,572ms
[92,791s][debug][gc,phases,start   ] GC(83) Weak Processing
[92,791s][debug][gc,phases         ] GC(83)   VM Weak                        Min: 0,00, Avg: 0,00, Max: 0,00, Diff: 0,00, Sum: 0,01, Workers: 15
[92,791s][debug][gc,phases         ] GC(83)     Dead                           Min: 0, Avg:  0,0, Max: 0, Diff: 0, Sum: 0, Workers: 15
[92,791s][debug][gc,phases         ] GC(83)     Total                          Min: 0, Avg: 11,3, Max: 170, Diff: 170, Sum: 170, Workers: 15
[92,791s][debug][gc,phases         ] GC(83)   ObjectSynchronizer Weak        Min: 0,00, Avg: 0,00, Max: 0,00, Diff: 0,00, Sum: 0,00, Workers: 15
[92,791s][debug][gc,phases         ] GC(83)     Dead                           Min: 0, Avg:  0,0, Max: 0, Diff: 0, Sum: 0, Workers: 15
[92,791s][debug][gc,phases         ] GC(83)     Total                          Min: 0, Avg:  0,3, Max: 5, Diff: 5, Sum: 5, Workers: 15
[92,791s][debug][gc,phases         ] GC(83)   JVMTI Tag Weak OopStorage      Min: 0,00, Avg: 0,00, Max: 0,00, Diff: 0,00, Sum: 0,00, Workers: 15
[92,791s][debug][gc,phases         ] GC(83)     Dead                           Min: 0, Avg:  0,0, Max: 0, Diff: 0, Sum: 0, Workers: 15
[92,791s][debug][gc,phases         ] GC(83)     Total                          Min: 0, Avg:  0,0, Max: 0, Diff: 0, Sum: 0, Workers: 15
[92,791s][debug][gc,phases         ] GC(83)   StringTable Weak               Min: 0,00, Avg: 0,01, Max: 0,06, Diff: 0,06, Sum: 0,18, Workers: 15
[92,791s][debug][gc,phases         ] GC(83)     Dead                           Min: 0, Avg:  0,0, Max: 0, Diff: 0, Sum: 0, Workers: 15
[92,791s][debug][gc,phases         ] GC(83)     Total                          Min: 0, Avg: 568,6, Max: 4433, Diff: 4433, Sum: 8529, Workers: 15
[92,791s][debug][gc,phases         ] GC(83)   ResolvedMethodTable Weak       Min: 0,00, Avg: 0,00, Max: 0,01, Diff: 0,01, Sum: 0,05, Workers: 15
[92,791s][debug][gc,phases         ] GC(83)     Dead                           Min: 0, Avg:  0,0, Max: 0, Diff: 0, Sum: 0, Workers: 15
[92,791s][debug][gc,phases         ] GC(83)     Total                          Min: 0, Avg: 113,7, Max: 256, Diff: 256, Sum: 1706, Workers: 15
[92,791s][debug][gc,phases         ] GC(83)   JNI Weak                       Min: 0,00, Avg: 0,00, Max: 0,00, Diff: 0,00, Sum: 0,01, Workers: 15
[92,791s][debug][gc,phases         ] GC(83)     Dead                           Min: 0, Avg:  0,0, Max: 0, Diff: 0, Sum: 0, Workers: 15
[92,791s][debug][gc,phases         ] GC(83)     Total                          Min: 0, Avg:  0,0, Max: 0, Diff: 0, Sum: 0, Workers: 15
[92,791s][debug][gc,phases         ] GC(83)   StringDedup Table Weak         Min: 0,00, Avg: 0,01, Max: 0,02, Diff: 0,02, Sum: 0,16, Workers: 15
[92,791s][debug][gc,phases         ] GC(83)     Dead                           Min: 0, Avg:  0,0, Max: 0, Diff: 0, Sum: 0, Workers: 15
[92,791s][debug][gc,phases         ] GC(83)     Total                          Min: 0, Avg: 878,7, Max: 1856, Diff: 1856, Sum: 13181, Workers: 15
[92,791s][debug][gc,phases         ] GC(83)   StringDedup Requests0 Weak     Min: 0,00, Avg: 0,00, Max: 0,00, Diff: 0,00, Sum: 0,01, Workers: 15
[92,791s][debug][gc,phases         ] GC(83)     Dead                           Min: 0, Avg:  0,0, Max: 0, Diff: 0, Sum: 0, Workers: 15
[92,791s][debug][gc,phases         ] GC(83)     Total                          Min: 0, Avg:  0,0, Max: 0, Diff: 0, Sum: 0, Workers: 15
[92,791s][debug][gc,phases         ] GC(83)   StringDedup Requests1 Weak     Min: 0,00, Avg: 0,00, Max: 0,00, Diff: 0,00, Sum: 0,01, Workers: 15
[92,791s][debug][gc,phases         ] GC(83)     Dead                           Min: 0, Avg:  0,0, Max: 0, Diff: 0, Sum: 0, Workers: 15
[92,791s][debug][gc,phases         ] GC(83)     Total                          Min: 0, Avg:  0,0, Max: 0, Diff: 0, Sum: 0, Workers: 15
[92,791s][debug][gc,phases         ] GC(83)   Weak JFR Old Object Samples    Min: 0,00, Avg: 0,00, Max: 0,00, Diff: 0,00, Sum: 0,01, Workers: 15
[92,791s][debug][gc,phases         ] GC(83)     Dead                           Min: 0, Avg:  0,0, Max: 0, Diff: 0, Sum: 0, Workers: 15
[92,791s][debug][gc,phases         ] GC(83)     Total                          Min: 0, Avg:  0,0, Max: 0, Diff: 0, Sum: 0, Workers: 15
[92,791s][debug][gc,phases         ] GC(83) Weak Processing 0,537ms
[92,791s][debug][gc,phases,start   ] GC(83) Class Unloading
[92,791s][debug][gc,phases,start   ] GC(83) ClassLoaderData
[92,791s][debug][gc,phases         ] GC(83) ClassLoaderData 0,031ms
[92,791s][debug][gc,phases,start   ] GC(83) Trigger cleanups
[92,791s][debug][gc,phases         ] GC(83) Trigger cleanups 0,009ms
[92,791s][debug][gc,phases,start   ] GC(83) G1 Complete Cleaning
[92,792s][debug][gc,phases         ] GC(83) G1 Complete Cleaning 0,717ms
[92,792s][debug][gc,phases,start   ] GC(83) Purge Unlinked NMethods
[92,792s][debug][gc,phases         ] GC(83) Purge Unlinked NMethods 0,030ms
[92,792s][debug][gc,phases,start   ] GC(83) Free Code Blobs
[92,792s][debug][gc,phases         ] GC(83) Free Code Blobs 0,019ms
[92,792s][debug][gc,phases,start   ] GC(83) Purge Class Loader Data
[92,792s][debug][gc,phases         ] GC(83) Purge Class Loader Data 0,010ms
[92,792s][debug][gc,phases         ] GC(83) Class Unloading 0,914ms
[92,792s][debug][gc,phases,start   ] GC(83) Flush Task Caches
[92,792s][debug][gc,stats          ] Mark stats cache hits 3389593 misses 6 ratio 100,000
[92,792s][debug][gc,phases         ] GC(83) Flush Task Caches 0,057ms
[92,792s][debug][gc,phases,start   ] GC(83) Update Remembered Set Tracking Before Rebuild
[92,792s][debug][gc,ergo           ] GC(83) Running G1 Update RemSet Tracking Before Rebuild using 4 workers for 1280 regions in heap
[92,793s][debug][gc,remset,tracking] GC(83) Remembered Set Tracking update regions total 1280, selected 177
[92,793s][debug][gc,phases         ] GC(83) Update Remembered Set Tracking Before Rebuild 0,301ms
[92,793s][debug][gc,phases,start   ] GC(83) Reclaim Empty Regions
[92,793s][debug][gc                ] GC(83) Reclaimed 131 empty regions
[92,793s][debug][gc,phases         ] GC(83) Reclaim Empty Regions 0,487ms
[92,793s][debug][gc,phases,start   ] GC(83) Report Object Count
[92,793s][debug][gc,phases         ] GC(83) Report Object Count 0,011ms
[92,793s][debug][gc,mmu            ] GC(83) MMU: 52,9ms (200,0ms/201,0ms)
[92,793s][info ][gc                ] GC(83) Pause Remark 1871M->1347M(5120M) 4,088ms
[92,793s][info ][gc,cpu            ] GC(83) User=0,02s Sys=0,00s Real=0,01s
[92,793s][info ][gc,marking        ] GC(83) Concurrent Mark 46,509ms
[92,793s][info ][gc,marking        ] GC(83) Concurrent Rebuild Remembered Sets and Scrub Regions
[92,863s][debug][gc,refine         ] Concurrent refinement: wanted 0, cards: 2322, predicted: 4108, time: 1413,15ms
[92,994s][info ][gc,marking        ] GC(83) Concurrent Rebuild Remembered Sets and Scrub Regions 201,005ms
[92,995s][info ][gc,start          ] GC(83) Pause Cleanup
[92,995s][debug][gc,phases,start   ] GC(83) Update Remembered Set Tracking After Rebuild
[92,995s][debug][gc,phases         ] GC(83) Update Remembered Set Tracking After Rebuild 0,047ms
[92,995s][debug][gc,phases,start   ] GC(83) Finalize Concurrent Mark Cleanup
[92,995s][debug][gc,ergo,cset      ] GC(83) Pruned 78 regions out of 177, leaving 265848256 bytes waste (allowed 268435456)
[92,995s][debug][gc,mmu            ] GC(83) MMU: 0,4ms (200,0ms/201,0ms)
[92,995s][debug][gc,phases         ] GC(83) Finalize Concurrent Mark Cleanup 0,405ms
[92,995s][info ][gc                ] GC(83) Pause Cleanup 1457M->1457M(5120M) 0,560ms
[92,995s][info ][gc,cpu            ] GC(83) User=0,00s Sys=0,00s Real=0,00s
[92,995s][info ][gc,marking        ] GC(83) Concurrent Clear Claimed Marks
[92,995s][info ][gc,marking        ] GC(83) Concurrent Clear Claimed Marks 0,057ms
[92,995s][info ][gc,marking        ] GC(83) Concurrent Cleanup for Next Mark
[92,995s][debug][gc,ergo           ] GC(83) Running G1 Clear Bitmap with 4 workers for 80 work units.
[92,998s][info ][gc,marking        ] GC(83) Concurrent Cleanup for Next Mark 2,682ms
[92,998s][info ][gc                ] GC(83) Concurrent Mark Cycle 288,064ms
[93,014s][debug][gc,refine         ] Concurrent refinement: wanted 0, cards: 2322, predicted: 4033, time: 1354,03ms
[93,161s][debug][gc,refine         ] Concurrent refinement: wanted 0, cards: 2322, predicted: 3955, time: 1292,02ms
[93,304s][debug][gc,refine         ] Concurrent refinement: wanted 0, cards: 2322, predicted: 3878, time: 1231,46ms
[93,438s][debug][gc,task,start     ] G1 Service Thread (Periodic GC Task) (run 1,012ms after schedule)
[93,439s][debug][gc,task           ] G1 Service Thread (Periodic GC Task) (run: 0,063ms) (cpu: 0,072ms)
[93,444s][debug][gc,refine         ] Concurrent refinement: wanted 0, cards: 2322, predicted: 2938, time: 487,39ms
[93,532s][debug][gc,refine         ] Concurrent refinement: wanted 0, cards: 2322, predicted: 2919, time: 472,97ms
[93,618s][debug][gc,refine         ] Concurrent refinement: wanted 0, cards: 2322, predicted: 2896, time: 454,23ms
[93,704s][debug][gc,refine         ] Concurrent refinement: wanted 0, cards: 2322, predicted: 2852, time: 419,62ms
[93,785s][debug][gc,refine         ] Concurrent refinement: wanted 0, cards: 2322, predicted: 2808, time: 385,01ms
[93,863s][debug][gc,refine         ] Concurrent refinement: wanted 0, cards: 2322, predicted: 2768, time: 353,29ms
[93,938s][debug][gc,refine         ] Concurrent refinement: wanted 0, cards: 2322, predicted: 2728, time: 321,56ms
[94,010s][debug][gc,refine         ] Concurrent refinement: wanted 0, cards: 2322, predicted: 2690, time: 291,28ms
[94,078s][debug][gc,refine         ] Concurrent refinement: wanted 0, cards: 2322, predicted: 2653, time: 262,44ms
[94,142s][debug][gc,refine         ] Concurrent refinement: wanted 0, cards: 2322, predicted: 2620, time: 236,49ms
[94,203s][debug][gc,refine         ] Concurrent refinement: wanted 0, cards: 2322, predicted: 2588, time: 210,53ms
[94,261s][debug][gc,refine         ] Concurrent refinement: wanted 0, cards: 2322, predicted: 2557, time: 186,02ms
[94,316s][debug][gc,refine         ] Concurrent refinement: wanted 0, cards: 2322, predicted: 2528, time: 162,94ms
[94,367s][debug][gc,refine         ] Concurrent refinement: wanted 0, cards: 2322, predicted: 2500, time: 141,31ms
[94,417s][debug][gc,refine         ] Concurrent refinement: wanted 0, cards: 2322, predicted: 2473, time: 119,68ms
[94,439s][debug][gc,task,start     ] G1 Service Thread (Periodic GC Task) (run 0,185ms after schedule)
[94,439s][debug][gc,task           ] G1 Service Thread (Periodic GC Task) (run: 0,051ms) (cpu: 0,081ms)
[94,467s][debug][gc,refine         ] Concurrent refinement: wanted 0, cards: 2322, predicted: 2445, time: 98,06ms
[94,518s][debug][gc,refine         ] Concurrent refinement: wanted 0, cards: 2322, predicted: 2420, time: 77,87ms
[94,568s][debug][gc,refine         ] Concurrent refinement: wanted 0, cards: 2322, predicted: 2393, time: 56,24ms
[94,618s][debug][gc,refine         ] Concurrent refinement: wanted 0, cards: 2322, predicted: 2322, time: 12,46ms
[94,620s][info ][gc,start          ] GC(84) Pause Young (Prepare Mixed) (G1 Evacuation Pause)
[94,620s][debug][gc,heap           ] GC(84) Heap before GC invocations=84 (full 0):
[94,620s][debug][gc,heap           ] GC(84)  garbage-first heap   total reserved 8388608K, committed 5242880K, used 3421217K [0x0000000600000000, 0x0000000800000000)
[94,620s][debug][gc,heap           ] GC(84)   region size 4096K, 558 young (2285568K), 49 survivors (200704K)
[94,620s][debug][gc,heap           ] GC(84)  Metaspace       used 20823K, committed 21184K, reserved 1114112K
[94,620s][debug][gc,heap           ] GC(84)   class space    used 2617K, committed 2816K, reserved 1048576K
[94,620s][info ][gc,task           ] GC(84) Using 15 workers of 15 for evacuation
[94,620s][debug][gc,age            ] GC(84) Desired survivor size 146800640 bytes, new threshold 1 (max threshold 15)
[94,620s][debug][gc,tlab           ] GC(84) TLAB totals: thrds: 24  refills: 1421 max: 517 slow allocs: 785 max 75 waste:  0,7% gc: 9833064B max: 1294376B slow: 5020208B max: 656688B
[94,620s][debug][gc,refine,stats   ] GC(84) Mutator refinement: 0,00ms, refined: 0, precleaned: 0, dirtied: 566
[94,620s][debug][gc,refine,stats   ] GC(84) Concurrent refinement: 0,00ms, refined: 0, precleaned: 0, dirtied: 0
[94,620s][debug][gc,refine,stats   ] GC(84) Total refinement: 0,00ms, refined: 0, precleaned: 0, dirtied: 566
[94,620s][debug][gc,refine,stats   ] GC(84) Generate dirty cards rate: 0,30 cards/ms
[94,620s][debug][gc,alloc,region   ] GC(84) Mutator Allocation stats, regions: 509, wasted size: 1040B ( 0,0%)
[94,620s][debug][gc,ergo,cset      ] GC(84) Do not add marking candidates to collection set due to pause type.
[94,621s][debug][gc,ergo,cset      ] GC(84) Start adding retained candidates to collection set. Min 1 regions, available 0, time remaining 40,00ms, optional remaining 40,00ms
[94,621s][debug][gc,ergo,cset      ] GC(84) Retained candidates exhausted.
[94,621s][debug][gc,ergo,cset      ] GC(84) Finish adding retained candidates to collection set. Initial: 0, optional: 0, pinned: 0, predicted initial time: 0,00ms, predicted optional time: 0,00ms, time remaining: 40,00ms optional time remaining 40,00ms
[94,621s][debug][gc,ergo           ] GC(84) Running G1 Merge Heap Roots using 15 workers for 558 regions
[94,621s][debug][gc,remset         ] GC(84) Visited cards 140544 Total dirty 1253376 (11,21%) Total old 11427840 (1,23%)
[94,663s][debug][gc,ref            ] GC(84) ReferenceProcessor::execute queues: 3, RefProcThreadModel::Multi, marks_oops_alive: false
[94,663s][debug][gc,ref            ] GC(84) ReferenceProcessor::execute queues: 15, RefProcThreadModel::Multi, marks_oops_alive: true
[94,664s][debug][gc,ref            ] GC(84) ReferenceProcessor::execute queues: 1, RefProcThreadModel::Single, marks_oops_alive: false
[94,664s][debug][gc,ergo           ] GC(84) Initializing removing self forwards with 128 chunks per region
[94,664s][debug][gc,ergo           ] GC(84) Running G1 Rebuild Free List Task using 15 workers for rebuilding free list of regions
[94,664s][debug][gc,plab           ] GC(84) Young PLAB allocation: allocated: 293601280B, wasted: 40824B, unused: 0B, used: 293560456B, undo waste: 0B, 
[94,664s][debug][gc,plab           ] GC(84) Young other allocation: region end waste: 0B, regions filled: 70, num plab filled: 155, direct allocated: 0B, num direct allocated: 0, failure used: 0B, failure wasted: 0B
[94,664s][debug][gc,plab           ] GC(84) Young sizing: calculated: 58712088B, actual: 55020104B
[94,664s][debug][gc,plab           ] GC(84) Old PLAB allocation: allocated: 176160768B, wasted: 14144B, unused: 11644560B, used: 164502064B, undo waste: 0B, 
[94,664s][debug][gc,plab           ] GC(84) Old other allocation: region end waste: 0B, regions filled: 42, num plab filled: 84, direct allocated: 0B, num direct allocated: 0, failure used: 1090656B, failure wasted: 19880864B
[94,664s][debug][gc,plab           ] GC(84) Old sizing: calculated: 32900408B, actual: 41606640B
[94,664s][debug][gc,ergo,heap      ] GC(84) Heap expansion: short term pause time ratio 0,22% long term pause time ratio 3,63% threshold 7,69% pause time ratio 7,69% fully expanded false resize by 0B
[94,664s][debug][gc,mmu            ] GC(84) MMU: 44,2ms (200,0ms/201,0ms)
[94,664s][debug][gc,alloc,stats    ] Old generation allocation in the last mutator period, old gen allocated: 197132288B, humongous allocated: 0B, old gen growth: 197132288B.
[94,664s][debug][gc,ihop           ] GC(84) Basic information (value update), threshold: 1020526469B (19,01), target occupancy: 5368709120B, current occupancy: 1657833008B, recent allocation size: 197132288B, recent allocation duration: 1907,20ms, recent old gen allocation rate: 103361990,92B/s, recent marking phase length: 2695,41ms
[94,664s][debug][gc,ihop           ] GC(84) Adaptive IHOP information (value update), threshold: 1020526469B (20,01), internal target occupancy: 5100273664B, occupancy: 1657833008B, additional buffer size: 2625634304B, predicted old gen allocation rate: 514706940,63B/s, predicted marking phase length: 2825,13ms, prediction active: true
[94,664s][debug][gc,ergo,refine    ] GC(84) GC refinement: goal: 265497 + 728 / 20,00ms, actual: 2888 / 0,29ms, 
[94,664s][debug][gc,task,start     ] G1 Service Thread (Card Set Free Memory Task) (run 0,015ms after schedule)
[94,664s][debug][gc,ergo,refine    ] GC(84) Unchanged pending cards target: 265497
[94,664s][info ][gc,phases         ] GC(84)   Pre Evacuate Collection Set: 0,40ms
[94,664s][debug][gc,phases         ] GC(84)     Pre Evacuate Prepare: 0,18ms
[94,665s][debug][gc,phases         ] GC(84)       JT Retire TLABs And Flush Logs (ms): Min: 0,00, Avg: 0,01, Max: 0,01, Diff: 0,01, Sum: 0,02, Workers: 2
[94,665s][debug][gc,phases         ] GC(84)       Non-JT Flush Logs (ms):        Min: 0,02, Avg: 0,02, Max: 0,02, Diff: 0,00, Sum: 0,02, Workers: 1
[94,665s][debug][gc,phases         ] GC(84)     Choose Collection Set: 0,05ms
[94,665s][debug][gc,phases         ] GC(84)     Region Register: 0,17ms
[94,665s][debug][gc,phases         ] GC(84)     Prepare Heap Roots: 0,00ms
[94,665s][info ][gc,phases         ] GC(84)   Merge Heap Roots: 0,37ms
[94,665s][debug][gc,phases         ] GC(84)     Prepare Merge Heap Roots: 0,02ms
[94,665s][debug][gc,phases         ] GC(84)     Remembered Sets (ms):          Min: 0,04, Avg: 0,05, Max: 0,09, Diff: 0,05, Sum: 0,81, Workers: 15
[94,665s][debug][gc,phases         ] GC(84)       Eager Reclaim (ms):            skipped
[94,665s][debug][gc,phases         ] GC(84)       Merged Inline                  Min: 0, Avg: 14,3, Max: 111, Diff: 111, Sum: 214, Workers: 15
[94,665s][debug][gc,phases         ] GC(84)       Merged ArrayOfCards            Min: 0, Avg: 12,7, Max: 103, Diff: 103, Sum: 191, Workers: 15
[94,665s][debug][gc,phases         ] GC(84)       Merged Howl                    Min: 0, Avg:  0,0, Max: 0, Diff: 0, Sum: 0, Workers: 15
[94,665s][debug][gc,phases         ] GC(84)       Merged Full                    Min: 0, Avg:  0,0, Max: 0, Diff: 0, Sum: 0, Workers: 15
[94,665s][debug][gc,phases         ] GC(84)       Merged Howl Inline             Min: 0, Avg:  0,0, Max: 0, Diff: 0, Sum: 0, Workers: 15
[94,665s][debug][gc,phases         ] GC(84)       Merged Howl ArrayOfCards       Min: 0, Avg:  0,0, Max: 0, Diff: 0, Sum: 0, Workers: 15
[94,665s][debug][gc,phases         ] GC(84)       Merged Howl BitMap             Min: 0, Avg:  0,0, Max: 0, Diff: 0, Sum: 0, Workers: 15
[94,665s][debug][gc,phases         ] GC(84)       Merged Howl Full               Min: 0, Avg:  0,0, Max: 0, Diff: 0, Sum: 0, Workers: 15
[94,665s][debug][gc,phases         ] GC(84)       Merged Cards                   Min: 8, Avg: 161,9, Max: 1177, Diff: 1169, Sum: 2428, Workers: 15
[94,665s][debug][gc,phases         ] GC(84)     Log Buffers (ms):              Min: 0,00, Avg: 0,01, Max: 0,04, Diff: 0,04, Sum: 0,19, Workers: 15
[94,665s][debug][gc,phases         ] GC(84)       Dirty Cards:                   Min: 0, Avg: 192,5, Max: 1100, Diff: 1100, Sum: 2888, Workers: 15
[94,665s][debug][gc,phases         ] GC(84)       Skipped Cards:                 Min: 0, Avg:  0,0, Max: 0, Diff: 0, Sum: 0, Workers: 15
[94,665s][info ][gc,phases         ] GC(84)   Evacuate Collection Set: 41,75ms
[94,665s][debug][gc,phases         ] GC(84)     Ext Root Scanning (ms):        Min: 0,03, Avg: 0,06, Max: 0,14, Diff: 0,11, Sum: 0,84, Workers: 15
[94,665s][debug][gc,phases         ] GC(84)     Scan Heap Roots (ms):          Min: 0,03, Avg: 0,28, Max: 0,41, Diff: 0,38, Sum: 4,13, Workers: 15
[94,665s][debug][gc,phases         ] GC(84)       Scanned Cards:                 Min: 23, Avg: 181,4, Max: 294, Diff: 271, Sum: 2721, Workers: 15
[94,665s][debug][gc,phases         ] GC(84)       Scanned Blocks:                Min: 22, Avg: 160,2, Max: 288, Diff: 266, Sum: 2403, Workers: 15
[94,665s][debug][gc,phases         ] GC(84)       Claimed Chunks:                Min: 22, Avg: 146,4, Max: 288, Diff: 266, Sum: 2196, Workers: 15
[94,665s][debug][gc,phases         ] GC(84)       Found Roots:                   Min: 36, Avg: 210,2, Max: 404, Diff: 368, Sum: 3153, Workers: 15
[94,665s][debug][gc,phases         ] GC(84)     Code Root Scan (ms):           Min: 0,03, Avg: 0,03, Max: 0,06, Diff: 0,03, Sum: 0,49, Workers: 15
[94,665s][debug][gc,phases         ] GC(84)       Scanned Nmethods               Min: 0, Avg:  0,0, Max: 0, Diff: 0, Sum: 0, Workers: 15
[94,665s][debug][gc,phases         ] GC(84)     Object Copy (ms):              Min: 40,96, Avg: 41,10, Max: 41,34, Diff: 0,38, Sum: 616,45, Workers: 15
[94,665s][debug][gc,phases         ] GC(84)     Termination (ms):              Min: 0,05, Avg: 0,10, Max: 0,14, Diff: 0,09, Sum: 1,45, Workers: 15
[94,665s][debug][gc,phases         ] GC(84)       Termination Attempts:          Min: 1, Avg:  1,0, Max: 1, Diff: 0, Sum: 15, Workers: 15
[94,665s][debug][gc,phases         ] GC(84)     GC Worker Other (ms):          Min: 0,04, Avg: 0,06, Max: 0,07, Diff: 0,03, Sum: 0,86, Workers: 15
[94,665s][debug][gc,phases         ] GC(84)     GC Worker Total (ms):          Min: 41,55, Avg: 41,62, Max: 41,69, Diff: 0,14, Sum: 624,23, Workers: 15
[94,665s][info ][gc,phases         ] GC(84)   Post Evacuate Collection Set: 1,46ms
[94,665s][debug][gc,phases         ] GC(84)     NMethod List Cleanup: 0,01ms
[94,665s][debug][gc,phases         ] GC(84)     Reference Processing: 0,78ms
[94,665s][debug][gc,phases,ref     ] GC(84)       Notify Soft/WeakReferences: 0,3ms
[94,665s][debug][gc,phases,ref     ] GC(84)         Balance queues: 0,0ms
[94,665s][debug][gc,phases,ref     ] GC(84)         SoftRef (ms):                  Min: 0,00, Avg: 0,00, Max: 0,00, Diff: 0,00, Sum: 0,00, Workers: 3
[94,665s][debug][gc,phases,ref     ] GC(84)         WeakRef (ms):                  Min: 0,00, Avg: 0,00, Max: 0,00, Diff: 0,00, Sum: 0,00, Workers: 3
[94,665s][debug][gc,phases,ref     ] GC(84)         FinalRef (ms):                 Min: 0,06, Avg: 0,07, Max: 0,10, Diff: 0,04, Sum: 0,22, Workers: 3
[94,665s][debug][gc,phases,ref     ] GC(84)         Total (ms):                    Min: 0,11, Avg: 0,13, Max: 0,15, Diff: 0,04, Sum: 0,38, Workers: 3
[94,665s][debug][gc,phases,ref     ] GC(84)       Notify and keep alive finalizable: 0,4ms
[94,665s][debug][gc,phases,ref     ] GC(84)         Balance queues: 0,0ms
[94,665s][debug][gc,phases,ref     ] GC(84)         FinalRef (ms):                 Min: 0,09, Avg: 0,21, Max: 0,31, Diff: 0,23, Sum: 3,15, Workers: 15
[94,665s][debug][gc,phases,ref     ] GC(84)       Notify PhantomReferences: 0,1ms
[94,665s][debug][gc,phases,ref     ] GC(84)         PhantomRef (ms):               Min: 0,01, Avg: 0,01, Max: 0,01, Diff: 0,00, Sum: 0,01, Workers: 1
[94,665s][debug][gc,phases,ref     ] GC(84)       SoftReference Discovered: 0, Dropped: 0, Processed: 0
[94,665s][debug][gc,phases,ref     ] GC(84)       WeakReference Discovered: 0, Dropped: 0, Processed: 0
[94,665s][debug][gc,phases,ref     ] GC(84)       FinalReference Discovered: 2209, Dropped: 4, Processed: 2205
[94,665s][debug][gc,phases,ref     ] GC(84)       PhantomReference Discovered: 40, Dropped: 1, Processed: 39
[94,665s][debug][gc,phases         ] GC(84)     Weak Processing: 0,07ms
[94,665s][debug][gc,phases         ] GC(84)       VM Weak                        Min: 0,00, Avg: 0,00, Max: 0,00, Diff: 0,00, Sum: 0,01, Workers: 15
[94,665s][debug][gc,phases         ] GC(84)         Dead                           Min: 0, Avg:  0,0, Max: 0, Diff: 0, Sum: 0, Workers: 15
[94,665s][debug][gc,phases         ] GC(84)         Total                          Min: 0, Avg: 11,3, Max: 128, Diff: 128, Sum: 170, Workers: 15
[94,665s][debug][gc,phases         ] GC(84)       ObjectSynchronizer Weak        Min: 0,00, Avg: 0,00, Max: 0,00, Diff: 0,00, Sum: 0,00, Workers: 15
[94,665s][debug][gc,phases         ] GC(84)         Dead                           Min: 0, Avg:  0,0, Max: 0, Diff: 0, Sum: 0, Workers: 15
[94,665s][debug][gc,phases         ] GC(84)         Total                          Min: 0, Avg:  0,3, Max: 5, Diff: 5, Sum: 5, Workers: 15
[94,665s][debug][gc,phases         ] GC(84)       JVMTI Tag Weak OopStorage      Min: 0,00, Avg: 0,00, Max: 0,00, Diff: 0,00, Sum: 0,00, Workers: 15
[94,665s][debug][gc,phases         ] GC(84)         Dead                           Min: 0, Avg:  0,0, Max: 0, Diff: 0, Sum: 0, Workers: 15
[94,665s][debug][gc,phases         ] GC(84)         Total                          Min: 0, Avg:  0,0, Max: 0, Diff: 0, Sum: 0, Workers: 15
[94,665s][debug][gc,phases         ] GC(84)       StringTable Weak               Min: 0,00, Avg: 0,01, Max: 0,02, Diff: 0,02, Sum: 0,10, Workers: 15
[94,665s][debug][gc,phases         ] GC(84)         Dead                           Min: 0, Avg:  0,0, Max: 0, Diff: 0, Sum: 0, Workers: 15
[94,665s][debug][gc,phases         ] GC(84)         Total                          Min: 0, Avg: 568,6, Max: 1728, Diff: 1728, Sum: 8529, Workers: 15
[94,665s][debug][gc,phases         ] GC(84)       ResolvedMethodTable Weak       Min: 0,00, Avg: 0,00, Max: 0,00, Diff: 0,00, Sum: 0,03, Workers: 15
[94,665s][debug][gc,phases         ] GC(84)         Dead                           Min: 0, Avg:  0,0, Max: 0, Diff: 0, Sum: 0, Workers: 15
[94,665s][debug][gc,phases         ] GC(84)         Total                          Min: 0, Avg: 113,7, Max: 378, Diff: 378, Sum: 1706, Workers: 15
[94,665s][debug][gc,phases         ] GC(84)       JNI Weak                       Min: 0,00, Avg: 0,00, Max: 0,00, Diff: 0,00, Sum: 0,00, Workers: 15
[94,665s][debug][gc,phases         ] GC(84)         Dead                           Min: 0, Avg:  0,0, Max: 0, Diff: 0, Sum: 0, Workers: 15
[94,665s][debug][gc,phases         ] GC(84)         Total                          Min: 0, Avg:  0,0, Max: 0, Diff: 0, Sum: 0, Workers: 15
[94,665s][debug][gc,phases         ] GC(84)       StringDedup Table Weak         Min: 0,00, Avg: 0,01, Max: 0,02, Diff: 0,02, Sum: 0,11, Workers: 15
[94,665s][debug][gc,phases         ] GC(84)         Dead                           Min: 0, Avg:  0,0, Max: 0, Diff: 0, Sum: 0, Workers: 15
[94,665s][debug][gc,phases         ] GC(84)         Total                          Min: 0, Avg: 878,7, Max: 2624, Diff: 2624, Sum: 13181, Workers: 15
[94,665s][debug][gc,phases         ] GC(84)       StringDedup Requests0 Weak     Min: 0,00, Avg: 0,00, Max: 0,00, Diff: 0,00, Sum: 0,02, Workers: 15
[94,665s][debug][gc,phases         ] GC(84)         Dead                           Min: 0, Avg:  0,0, Max: 0, Diff: 0, Sum: 0, Workers: 15
[94,665s][debug][gc,phases         ] GC(84)         Total                          Min: 0, Avg: 25,6, Max: 64, Diff: 64, Sum: 384, Workers: 15
[94,665s][debug][gc,phases         ] GC(84)       StringDedup Requests1 Weak     Min: 0,00, Avg: 0,00, Max: 0,00, Diff: 0,00, Sum: 0,00, Workers: 15
[94,665s][debug][gc,phases         ] GC(84)         Dead                           Min: 0, Avg:  0,0, Max: 0, Diff: 0, Sum: 0, Workers: 15
[94,665s][debug][gc,phases         ] GC(84)         Total                          Min: 0, Avg:  0,0, Max: 0, Diff: 0, Sum: 0, Workers: 15
[94,665s][debug][gc,phases         ] GC(84)       Weak JFR Old Object Samples    Min: 0,00, Avg: 0,00, Max: 0,00, Diff: 0,00, Sum: 0,00, Workers: 15
[94,665s][debug][gc,phases         ] GC(84)         Dead                           Min: 0, Avg:  0,0, Max: 0, Diff: 0, Sum: 0, Workers: 15
[94,665s][debug][gc,phases         ] GC(84)         Total                          Min: 0, Avg:  0,0, Max: 0, Diff: 0, Sum: 0, Workers: 15
[94,665s][debug][gc,phases         ] GC(84)     Post Evacuate Cleanup 1: 0,31ms
[94,665s][debug][gc,phases         ] GC(84)       Merge Per-Thread State (ms):   Min: 0,04, Avg: 0,04, Max: 0,04, Diff: 0,00, Sum: 0,04, Workers: 1
[94,665s][debug][gc,phases         ] GC(84)         Copied Bytes                   Min: 24025848, Avg: 30537501,3, Max: 36021696, Diff: 11995848, Sum: 458062520, Workers: 15
[94,665s][debug][gc,phases         ] GC(84)         LAB Waste                      Min: 520, Avg: 3664,5, Max: 8392, Diff: 7872, Sum: 54968, Workers: 15
[94,665s][debug][gc,phases         ] GC(84)         LAB Undo Waste                 Min: 0, Avg:  0,0, Max: 0, Diff: 0, Sum: 0, Workers: 15
[94,665s][debug][gc,phases         ] GC(84)         Evac Fail Extra Cards          Min: 0, Avg:  0,3, Max: 2, Diff: 2, Sum: 4, Workers: 15
[94,665s][debug][gc,phases         ] GC(84)       Clear Logged Cards (ms):       Min: 0,00, Avg: 0,05, Max: 0,27, Diff: 0,27, Sum: 0,79, Workers: 15
[94,665s][debug][gc,phases         ] GC(84)       Recalculate Used Memory (ms):  Min: 0,02, Avg: 0,02, Max: 0,02, Diff: 0,00, Sum: 0,02, Workers: 1
[94,665s][debug][gc,phases         ] GC(84)       Restore Evacuation Failed Regions (ms): Min: 0,00, Avg: 0,06, Max: 0,12, Diff: 0,12, Sum: 0,85, Workers: 15
[94,665s][debug][gc,phases         ] GC(84)         Evacuation Failed Regions:     Min: 5, Avg:  5,0, Max: 5, Diff: 0, Sum: 5, Workers: 1
[94,665s][debug][gc,phases         ] GC(84)         Pinned Regions:                Min: 1, Avg:  1,2, Max: 2, Diff: 1, Sum: 5, Workers: 4
[94,665s][debug][gc,phases         ] GC(84)         Allocation Failed Regions:     skipped
[94,665s][debug][gc,phases         ] GC(84)         Remove Self Forwards (ms):     Min: 0,02, Avg: 0,05, Max: 0,08, Diff: 0,06, Sum: 0,51, Workers: 11
[94,665s][debug][gc,phases         ] GC(84)           Forward Chunks:                Min: 1, Avg:  4,3, Max: 11, Diff: 10, Sum: 47, Workers: 11
[94,665s][debug][gc,phases         ] GC(84)           Empty Forward Chunks:          Min: 14, Avg: 53,9, Max: 128, Diff: 114, Sum: 593, Workers: 11
[94,665s][debug][gc,phases         ] GC(84)           Forward Objects:               Min: 1, Avg:  4,4, Max: 11, Diff: 10, Sum: 48, Workers: 11
[94,666s][debug][gc,phases         ] GC(84)           Forward Bytes:                 Min: 48, Avg: 99150,5, Max: 293568, Diff: 293520, Sum: 1090656, Workers: 11
[94,666s][debug][gc,phases         ] GC(84)     Post Evacuate Cleanup 2: 0,18ms
[94,666s][debug][gc,phases         ] GC(84)       Recalculate Used Memory (ms):  Min: 0,02, Avg: 0,02, Max: 0,02, Diff: 0,00, Sum: 0,02, Workers: 1
[94,666s][debug][gc,phases         ] GC(84)       Restore Preserved Marks (ms):  Min: 0,00, Avg: 0,00, Max: 0,00, Diff: 0,00, Sum: 0,01, Workers: 15
[94,666s][debug][gc,phases         ] GC(84)       Process Evacuation Failed Regions (ms): Min: 0,00, Avg: 0,00, Max: 0,01, Diff: 0,01, Sum: 0,03, Workers: 15
[94,666s][debug][gc,phases         ] GC(84)       Update Derived Pointers (ms):  Min: 0,00, Avg: 0,00, Max: 0,00, Diff: 0,00, Sum: 0,00, Workers: 1
[94,666s][debug][gc,phases         ] GC(84)       Eagerly Reclaim Humongous Objects (ms): skipped
[94,666s][debug][gc,phases         ] GC(84)         Humongous Total                skipped
[94,666s][debug][gc,phases         ] GC(84)         Humongous Candidates           skipped
[94,666s][debug][gc,phases         ] GC(84)         Humongous Reclaimed            skipped
[94,666s][debug][gc,phases         ] GC(84)       Sample CSet Candidates (ms):   Min: 0,03, Avg: 0,03, Max: 0,03, Diff: 0,00, Sum: 0,03, Workers: 1
[94,666s][debug][gc,phases         ] GC(84)       Redirty Logged Cards (ms):     Min: 0,00, Avg: 0,00, Max: 0,01, Diff: 0,00, Sum: 0,01, Workers: 15
[94,666s][debug][gc,phases         ] GC(84)         Redirtied Cards:               Min: 0, Avg:  9,7, Max: 99, Diff: 99, Sum: 146, Workers: 15
[94,666s][debug][gc,phases         ] GC(84)       Resize TLABs (ms):             Min: 0,00, Avg: 0,00, Max: 0,00, Diff: 0,00, Sum: 0,01, Workers: 15
[94,666s][debug][gc,phases         ] GC(84)       Free Collection Set (ms):      Min: 0,05, Avg: 0,07, Max: 0,11, Diff: 0,06, Sum: 1,06, Workers: 15
[94,666s][debug][gc,phases         ] GC(84)     Rebuild Free List: 0,04ms
[94,666s][debug][gc,phases         ] GC(84)     Prepare For Mutator: 0,06ms
[94,666s][debug][gc,phases         ] GC(84)     Expand Heap After Collection: 0,00ms
[94,666s][info ][gc,phases         ] GC(84)   Other: 0,32ms
[94,666s][debug][gc,remset         ] GC(84) Coarsening (recent): Inline->AoC 938 (0) AoC->Howl 444 (0) Howl->Full 86 (0) Inline->AoC 2112 (0) AoC->BitMap 2004 (0) BitMap->Full 378 (0) 
[94,666s][debug][gc,remset         ] GC(84) Coarsening (all): Inline->AoC 14079 (0) AoC->Howl 6840 (0) Howl->Full 1784 (0) Inline->AoC 38563 (0) AoC->BitMap 36737 (0) BitMap->Full 7316 (0) 
[94,666s][info ][gc,heap           ] GC(84) Eden regions: 509->0(556)
[94,666s][info ][gc,heap           ] GC(84) Survivor regions: 49->70(70)
[94,666s][info ][gc,heap           ] GC(84) Old regions: 279->326
[94,666s][info ][gc,heap           ] GC(84) Humongous regions: 0->0
[94,666s][info ][gc,metaspace      ] GC(84) Metaspace: 20823K(21184K)->20823K(21184K) NonClass: 18205K(18368K)->18205K(18368K) Class: 2617K(2816K)->2617K(2816K)
[94,666s][debug][gc,heap           ] GC(84) Heap after GC invocations=85 (full 0):
[94,666s][debug][gc,heap           ] GC(84)  garbage-first heap   total reserved 8388608K, committed 5242880K, used 1618977K [0x0000000600000000, 0x0000000800000000)
[94,666s][debug][gc,heap           ] GC(84)   region size 4096K, 70 young (286720K), 70 survivors (286720K)
[94,666s][debug][gc,heap           ] GC(84)  Metaspace       used 20823K, committed 21184K, reserved 1114112K
[94,666s][debug][gc,heap           ] GC(84)   class space    used 2617K, committed 2816K, reserved 1048576K
[94,666s][info ][gc                ] GC(84) Pause Young (Prepare Mixed) (G1 Evacuation Pause) (Evacuation Failure: Pinned) 3345M->1581M(5120M) 45,759ms
[94,666s][info ][gc,cpu            ] GC(84) User=0,63s Sys=0,00s Real=0,05s
[94,666s][debug][gc,refine         ] Concurrent refinement: wanted 0, cards: 146, predicted: 1935, time: 1684,33ms
[94,666s][debug][gc,task           ] G1 Service Thread (Card Set Free Memory Task) (run: 1,971ms) (cpu: 0,240ms)
[94,830s][debug][gc,refine         ] Concurrent refinement: wanted 0, cards: 146, predicted: 1158, time: 952,93ms
[94,953s][debug][gc,refine         ] Concurrent refinement: wanted 0, cards: 914, predicted: 1895, time: 924,10ms
[95,075s][debug][gc,refine         ] Concurrent refinement: wanted 0, cards: 914, predicted: 1837, time: 869,48ms
[95,192s][debug][gc,refine         ] Concurrent refinement: wanted 0, cards: 914, predicted: 1781, time: 816,37ms
[95,306s][debug][gc,refine         ] Concurrent refinement: wanted 0, cards: 914, predicted: 1726, time: 764,78ms
[95,416s][debug][gc,refine         ] Concurrent refinement: wanted 0, cards: 914, predicted: 1674, time: 716,22ms
[95,439s][debug][gc,task,start     ] G1 Service Thread (Periodic GC Task) (run 0,718ms after schedule)
[95,440s][debug][gc,task           ] G1 Service Thread (Periodic GC Task) (run: 0,044ms) (cpu: 0,076ms)
[95,524s][debug][gc,refine         ] Concurrent refinement: wanted 0, cards: 914, predicted: 1623, time: 667,66ms
[95,627s][debug][gc,refine         ] Concurrent refinement: wanted 0, cards: 914, predicted: 1574, time: 622,14ms
[95,726s][debug][gc,refine         ] Concurrent refinement: wanted 0, cards: 914, predicted: 1529, time: 579,65ms
[95,822s][debug][gc,refine         ] Concurrent refinement: wanted 0, cards: 914, predicted: 1484, time: 537,16ms
[95,914s][debug][gc,refine         ] Concurrent refinement: wanted 0, cards: 914, predicted: 1441, time: 496,19ms
[95,976s][info ][gc,start          ] GC(85) Pause Young (Mixed) (G1 Evacuation Pause)
[95,976s][debug][gc,heap           ] GC(85) Heap before GC invocations=85 (full 0):
[95,976s][debug][gc,heap           ] GC(85)  garbage-first heap   total reserved 8388608K, committed 5242880K, used 3892257K [0x0000000600000000, 0x0000000800000000)
[95,976s][debug][gc,heap           ] GC(85)   region size 4096K, 626 young (2564096K), 70 survivors (286720K)
[95,976s][debug][gc,heap           ] GC(85)  Metaspace       used 20830K, committed 21248K, reserved 1114112K
[95,976s][debug][gc,heap           ] GC(85)   class space    used 2617K, committed 2816K, reserved 1048576K
[95,976s][info ][gc,task           ] GC(85) Using 15 workers of 15 for evacuation
[95,976s][debug][gc,age            ] GC(85) Desired survivor size 165675008 bytes, new threshold 1 (max threshold 15)
[95,976s][debug][gc,tlab           ] GC(85) TLAB totals: thrds: 23  refills: 1868 max: 372 slow allocs: 1174 max 79 waste:  0,7% gc: 8774440B max: 1153088B slow: 7746528B max: 694216B
[95,977s][debug][gc,refine,stats   ] GC(85) Mutator refinement: 0,00ms, refined: 0, precleaned: 0, dirtied: 1975
[95,977s][debug][gc,refine,stats   ] GC(85) Concurrent refinement: 0,00ms, refined: 0, precleaned: 0, dirtied: 0
[95,977s][debug][gc,refine,stats   ] GC(85) Total refinement: 0,00ms, refined: 0, precleaned: 0, dirtied: 1975
[95,977s][debug][gc,refine,stats   ] GC(85) Generate dirty cards rate: 1,51 cards/ms
[95,977s][debug][gc,alloc,region   ] GC(85) Mutator Allocation stats, regions: 556, wasted size: 0B ( 0,0%)
[95,977s][debug][gc,ergo,cset      ] GC(85) Start adding marking candidates to collection set. Min 13 regions, max 128 regions, available 99 regionstime remaining 115,86ms, optional threshold 23,17ms
[95,977s][debug][gc,ergo,cset      ] GC(85) Marking candidates exhausted.
[95,977s][debug][gc,ergo,cset      ] GC(85) Finish adding marking candidates to collection set. Initial: 99, optional: 0, pinned: 0, predicted initial time: 2,06ms, predicted optional time: 0,00ms, time remaining: 113,80ms
[95,977s][debug][gc,ergo,cset      ] GC(85) Start adding retained candidates to collection set. Min 1 regions, available 5, time remaining 40,00ms, optional remaining 40,00ms
[95,977s][debug][gc,ergo,cset      ] GC(85) Retained candidates exhausted.
[95,977s][debug][gc,ergo,cset      ] GC(85) Finish adding retained candidates to collection set. Initial: 5, optional: 0, pinned: 0, predicted initial time: 0,20ms, predicted optional time: 0,00ms, time remaining: 39,80ms optional time remaining 39,80ms
[95,977s][debug][gc,ergo           ] GC(85) Running G1 Merge Heap Roots using 15 workers for 730 regions
[95,978s][debug][gc,remset         ] GC(85) Visited cards 75584 Total dirty 802816 (9,41%) Total old 13778944 (0,55%)
[96,044s][debug][gc,ref            ] GC(85) ReferenceProcessor::execute queues: 4, RefProcThreadModel::Multi, marks_oops_alive: false
[96,045s][debug][gc,ref            ] GC(85) ReferenceProcessor::execute queues: 15, RefProcThreadModel::Multi, marks_oops_alive: true
[96,045s][debug][gc,ref            ] GC(85) ReferenceProcessor::execute queues: 1, RefProcThreadModel::Single, marks_oops_alive: false
[96,045s][debug][gc,ergo           ] GC(85) Initializing removing self forwards with 128 chunks per region
[96,046s][debug][gc,ergo           ] GC(85) Running G1 Rebuild Free List Task using 15 workers for rebuilding free list of regions
[96,046s][debug][gc,plab           ] GC(85) Young PLAB allocation: allocated: 331350016B, wasted: 41056B, unused: 3793824B, used: 327515136B, undo waste: 0B, 
[96,046s][debug][gc,plab           ] GC(85) Young other allocation: region end waste: 0B, regions filled: 79, num plab filled: 171, direct allocated: 0B, num direct allocated: 0, failure used: 0B, failure wasted: 0B
[96,046s][debug][gc,plab           ] GC(85) Young sizing: calculated: 65503024B, actual: 62882296B
[96,046s][debug][gc,plab           ] GC(85) Old PLAB allocation: allocated: 438304768B, wasted: 57408B, unused: 12492640B, used: 425754720B, undo waste: 0B, 
[96,046s][debug][gc,plab           ] GC(85) Old other allocation: region end waste: 0B, regions filled: 105, num plab filled: 209, direct allocated: 0B, num direct allocated: 0, failure used: 769472B, failure wasted: 7619136B
[96,046s][debug][gc,plab           ] GC(85) Old sizing: calculated: 85150944B, actual: 74264864B
[96,046s][debug][gc,ergo,heap      ] GC(85) Heap expansion: short term pause time ratio 2,65% long term pause time ratio 3,09% threshold 7,69% pause time ratio 7,69% fully expanded false resize by 0B
[96,046s][debug][gc,ergo,ihop      ] GC(85) Do not request concurrent cycle initiation (still doing mixed collections) occupancy: 1379926016B allocation request: 0B threshold: 1020526469B (19,01) source: end of GC
[96,046s][debug][gc,mmu            ] GC(85) MMU: 70,1ms (200,0ms/201,0ms)
[96,046s][debug][gc,ergo           ] GC(85) do not continue mixed GCs (candidate old regions not available)
[96,046s][debug][gc,ergo,ihop      ] GC(85) Request concurrent cycle initiation (occupancy higher than threshold) occupancy: 1379926016B allocation request: 0B threshold: 1020526469B (19,01) source: end of GC
[96,046s][debug][gc,task,start     ] G1 Service Thread (Card Set Free Memory Task) (run 0,052ms after schedule)
[96,046s][debug][gc,alloc,stats    ] Old generation allocation in the last mutator period, old gen allocated: 446693376B, humongous allocated: 0B, old gen growth: 446693376B.
[96,046s][debug][gc,ihop           ] GC(85) Basic information (value update), threshold: 1001432705B (18,65), target occupancy: 5368709120B, current occupancy: 1706067504B, recent allocation size: 446693376B, recent allocation duration: 1907,20ms, recent old gen allocation rate: 234213873,04B/s, recent marking phase length: 3219,04ms
[96,046s][debug][gc,ihop           ] GC(85) Adaptive IHOP information (value update), threshold: 1001432705B (19,63), internal target occupancy: 5100273664B, occupancy: 1706067504B, additional buffer size: 2625634304B, predicted old gen allocation rate: 514706940,63B/s, predicted marking phase length: 2862,22ms, prediction active: true
[96,046s][debug][gc,ergo,refine    ] GC(85) GC refinement: goal: 265497 + 958 / 20,00ms, actual: 2100 / 0,14ms, 
[96,046s][debug][gc,ergo,refine    ] GC(85) Unchanged pending cards target: 265497
[96,046s][info ][gc,phases         ] GC(85)   Pre Evacuate Collection Set: 0,58ms
[96,047s][debug][gc,phases         ] GC(85)     Pre Evacuate Prepare: 0,23ms
[96,047s][debug][gc,phases         ] GC(85)       JT Retire TLABs And Flush Logs (ms): Min: 0,00, Avg: 0,01, Max: 0,02, Diff: 0,02, Sum: 0,02, Workers: 2
[96,047s][debug][gc,phases         ] GC(85)       Non-JT Flush Logs (ms):        Min: 0,01, Avg: 0,01, Max: 0,01, Diff: 0,00, Sum: 0,01, Workers: 1
[96,047s][debug][gc,phases         ] GC(85)     Choose Collection Set: 0,14ms
[96,047s][debug][gc,phases         ] GC(85)     Region Register: 0,20ms
[96,047s][debug][gc,phases         ] GC(85)     Prepare Heap Roots: 0,00ms
[96,047s][info ][gc,phases         ] GC(85)   Merge Heap Roots: 0,70ms
[96,047s][debug][gc,phases         ] GC(85)     Prepare Merge Heap Roots: 0,03ms
[96,047s][debug][gc,phases         ] GC(85)     Remembered Sets (ms):          Min: 0,13, Avg: 0,15, Max: 0,21, Diff: 0,08, Sum: 2,31, Workers: 15
[96,047s][debug][gc,phases         ] GC(85)       Eager Reclaim (ms):            skipped
[96,047s][debug][gc,phases         ] GC(85)       Merged Inline                  Min: 0, Avg: 10,4, Max: 102, Diff: 102, Sum: 156, Workers: 15
[96,047s][debug][gc,phases         ] GC(85)       Merged ArrayOfCards            Min: 0, Avg:  4,7, Max: 43, Diff: 43, Sum: 70, Workers: 15
[96,047s][debug][gc,phases         ] GC(85)       Merged Howl                    Min: 0, Avg:  0,0, Max: 0, Diff: 0, Sum: 0, Workers: 15
[96,047s][debug][gc,phases         ] GC(85)       Merged Full                    Min: 0, Avg:  0,0, Max: 0, Diff: 0, Sum: 0, Workers: 15
[96,047s][debug][gc,phases         ] GC(85)       Merged Howl Inline             Min: 0, Avg:  0,0, Max: 0, Diff: 0, Sum: 0, Workers: 15
[96,047s][debug][gc,phases         ] GC(85)       Merged Howl ArrayOfCards       Min: 0, Avg:  0,0, Max: 0, Diff: 0, Sum: 0, Workers: 15
[96,047s][debug][gc,phases         ] GC(85)       Merged Howl BitMap             Min: 0, Avg:  0,0, Max: 0, Diff: 0, Sum: 0, Workers: 15
[96,047s][debug][gc,phases         ] GC(85)       Merged Howl Full               Min: 0, Avg:  0,0, Max: 0, Diff: 0, Sum: 0, Workers: 15
[96,047s][debug][gc,phases         ] GC(85)       Merged Cards                   Min: 8, Avg: 71,3, Max: 614, Diff: 606, Sum: 1069, Workers: 15
[96,047s][debug][gc,phases         ] GC(85)     Log Buffers (ms):              Min: 0,00, Avg: 0,01, Max: 0,02, Diff: 0,02, Sum: 0,11, Workers: 15
[96,047s][debug][gc,phases         ] GC(85)       Dirty Cards:                   Min: 0, Avg: 140,0, Max: 477, Diff: 477, Sum: 2100, Workers: 15
[96,047s][debug][gc,phases         ] GC(85)       Skipped Cards:                 Min: 0, Avg:  1,4, Max: 8, Diff: 8, Sum: 21, Workers: 15
[96,047s][info ][gc,phases         ] GC(85)   Evacuate Collection Set: 66,26ms
[96,047s][debug][gc,phases         ] GC(85)     Ext Root Scanning (ms):        Min: 0,03, Avg: 0,08, Max: 0,19, Diff: 0,16, Sum: 1,27, Workers: 15
[96,047s][debug][gc,phases         ] GC(85)     Scan Heap Roots (ms):          Min: 0,02, Avg: 0,19, Max: 0,36, Diff: 0,34, Sum: 2,82, Workers: 15
[96,047s][debug][gc,phases         ] GC(85)       Scanned Cards:                 Min: 48, Avg: 197,3, Max: 372, Diff: 324, Sum: 2959, Workers: 15
[96,047s][debug][gc,phases         ] GC(85)       Scanned Blocks:                Min: 7, Avg: 121,6, Max: 297, Diff: 290, Sum: 1824, Workers: 15
[96,047s][debug][gc,phases         ] GC(85)       Claimed Chunks:                Min: 1, Avg: 78,7, Max: 202, Diff: 201, Sum: 1181, Workers: 15
[96,047s][debug][gc,phases         ] GC(85)       Found Roots:                   Min: 83, Avg: 357,7, Max: 674, Diff: 591, Sum: 5365, Workers: 15
[96,047s][debug][gc,phases         ] GC(85)     Code Root Scan (ms):           Min: 0,04, Avg: 0,05, Max: 0,14, Diff: 0,11, Sum: 0,81, Workers: 15
[96,047s][debug][gc,phases         ] GC(85)       Scanned Nmethods               Min: 0, Avg:  1,3, Max: 9, Diff: 9, Sum: 20, Workers: 15
[96,047s][debug][gc,phases         ] GC(85)     Object Copy (ms):              Min: 65,46, Avg: 65,63, Max: 65,81, Diff: 0,35, Sum: 984,47, Workers: 15
[96,047s][debug][gc,phases         ] GC(85)     Termination (ms):              Min: 0,05, Avg: 0,06, Max: 0,08, Diff: 0,04, Sum: 0,97, Workers: 15
[96,047s][debug][gc,phases         ] GC(85)       Termination Attempts:          Min: 1, Avg:  1,0, Max: 1, Diff: 0, Sum: 15, Workers: 15
[96,047s][debug][gc,phases         ] GC(85)     GC Worker Other (ms):          Min: 0,05, Avg: 0,06, Max: 0,06, Diff: 0,01, Sum: 0,84, Workers: 15
[96,047s][debug][gc,phases         ] GC(85)     GC Worker Total (ms):          Min: 66,04, Avg: 66,08, Max: 66,14, Diff: 0,10, Sum: 991,18, Workers: 15
[96,047s][info ][gc,phases         ] GC(85)   Post Evacuate Collection Set: 2,28ms
[96,047s][debug][gc,phases         ] GC(85)     NMethod List Cleanup: 0,03ms
[96,047s][debug][gc,phases         ] GC(85)     Reference Processing: 1,11ms
[96,047s][debug][gc,phases,ref     ] GC(85)       Notify Soft/WeakReferences: 0,5ms
[96,047s][debug][gc,phases,ref     ] GC(85)         Balance queues: 0,0ms
[96,047s][debug][gc,phases,ref     ] GC(85)         SoftRef (ms):                  Min: 0,00, Avg: 0,00, Max: 0,00, Diff: 0,00, Sum: 0,00, Workers: 4
[96,047s][debug][gc,phases,ref     ] GC(85)         WeakRef (ms):                  Min: 0,00, Avg: 0,00, Max: 0,00, Diff: 0,00, Sum: 0,00, Workers: 4
[96,047s][debug][gc,phases,ref     ] GC(85)         FinalRef (ms):                 Min: 0,06, Avg: 0,09, Max: 0,13, Diff: 0,07, Sum: 0,37, Workers: 4
[96,047s][debug][gc,phases,ref     ] GC(85)         Total (ms):                    Min: 0,14, Avg: 0,21, Max: 0,24, Diff: 0,10, Sum: 0,84, Workers: 4
[96,047s][debug][gc,phases,ref     ] GC(85)       Notify and keep alive finalizable: 0,5ms
[96,047s][debug][gc,phases,ref     ] GC(85)         Balance queues: 0,0ms
[96,047s][debug][gc,phases,ref     ] GC(85)         FinalRef (ms):                 Min: 0,10, Avg: 0,19, Max: 0,27, Diff: 0,17, Sum: 2,92, Workers: 15
[96,047s][debug][gc,phases,ref     ] GC(85)       Notify PhantomReferences: 0,1ms
[96,047s][debug][gc,phases,ref     ] GC(85)         PhantomRef (ms):               Min: 0,01, Avg: 0,01, Max: 0,01, Diff: 0,00, Sum: 0,01, Workers: 1
[96,047s][debug][gc,phases,ref     ] GC(85)       SoftReference Discovered: 0, Dropped: 0, Processed: 0
[96,047s][debug][gc,phases,ref     ] GC(85)       WeakReference Discovered: 0, Dropped: 0, Processed: 0
[96,047s][debug][gc,phases,ref     ] GC(85)       FinalReference Discovered: 3316, Dropped: 4, Processed: 3312
[96,047s][debug][gc,phases,ref     ] GC(85)       PhantomReference Discovered: 37, Dropped: 2, Processed: 35
[96,047s][debug][gc,phases         ] GC(85)     Weak Processing: 0,18ms
[96,047s][debug][gc,phases         ] GC(85)       VM Weak                        Min: 0,00, Avg: 0,00, Max: 0,00, Diff: 0,00, Sum: 0,01, Workers: 15
[96,047s][debug][gc,phases         ] GC(85)         Dead                           Min: 0, Avg:  0,0, Max: 0, Diff: 0, Sum: 0, Workers: 15
[96,047s][debug][gc,phases         ] GC(85)         Total                          Min: 0, Avg: 11,3, Max: 128, Diff: 128, Sum: 170, Workers: 15
