[0.003s][info][gc] Using G1
[1,040s][info][gc] GC(0) Pause Young (Concurrent Start) (Metadata GC Threshold) 119M->17M(5128M) 3,256ms
[1,040s][info][gc] GC(1) Concurrent Mark Cycle
[1,044s][info][gc] GC(1) Pause Remark 23M->23M(5120M) 0,968ms
[1,045s][info][gc] GC(1) Pause Cleanup 23M->23M(5120M) 0,004ms
[1,047s][info][gc] GC(1) Concurrent Mark Cycle 6,591ms
[1,229s][info][gc] GC(2) Pause Young (Normal) (G1 Evacuation Pause) 257M->167M(5120M) 14,789ms
[1,337s][info][gc] GC(3) Pause Young (Normal) (G1 Evacuation Pause) 391M->307M(5120M) 18,201ms
[1,439s][info][gc] GC(4) Pause Young (Normal) (G1 Evacuation Pause) 531M->379M(5120M) 7,806ms
[1,549s][info][gc] GC(5) Pause Young (Normal) (G1 Evacuation Pause) 603M->403M(5120M) 3,837ms
[1,645s][info][gc] GC(6) Pause Young (Normal) (G1 Evacuation Pause) 639M->402M(5120M) 2,176ms
[1,741s][info][gc] GC(7) Pause Young (Normal) (G1 Evacuation Pause) 642M->406M(5120M) 2,616ms
[1,857s][info][gc] GC(8) Pause Young (Normal) (GCLocker Initiated GC) 694M->422M(5120M) 3,431ms
[2,008s][info][gc] GC(9) Pause Young (Normal) (GCLocker Initiated GC) 806M->440M(5120M) 4,590ms
[3,233s][info][gc] GC(10) Pause Young (Normal) (G1 Evacuation Pause) 3468M->538M(5120M) 12,364ms
[3,811s][info][gc] GC(11) Pause Young (Normal) (G1 Evacuation Pause) 1846M->685M(5120M) 21,729ms
[4,069s][info][gc] GC(12) Pause Young (Normal) (G1 Evacuation Pause) 1245M->771M(5120M) 20,152ms
[4,935s][info][gc] GC(13) Pause Young (Normal) (G1 Evacuation Pause) 2771M->835M(5120M) 13,089ms
[5,755s][info][gc] GC(14) Pause Young (Normal) (G1 Evacuation Pause) 2707M->951M(5120M) 24,549ms
[6,580s][info][gc] GC(15) Pause Young (Normal) (G1 Evacuation Pause) 2827M->991M(5120M) 23,941ms
[7,873s][info][gc] GC(16) Pause Young (Normal) (G1 Evacuation Pause) 3955M->1171M(5120M) 23,307ms
[9,084s][info][gc] GC(17) Pause Young (Normal) (G1 Evacuation Pause) 3955M->1177M(5120M) 23,419ms
[10,301s][info][gc] GC(18) Pause Young (Normal) (G1 Evacuation Pause) 3997M->1216M(5120M) 22,835ms
[11,556s][info][gc] GC(19) Pause Young (Normal) (G1 Evacuation Pause) 4096M->1306M(5120M) 24,192ms
[12,774s][info][gc] GC(20) Pause Young (Normal) (G1 Evacuation Pause) 4094M->1312M(5120M) 24,309ms
[13,992s][info][gc] GC(21) Pause Young (Normal) (GCLocker Initiated GC) 4100M->1319M(5120M) 22,432ms
[15,215s][info][gc] GC(22) Pause Young (Normal) (G1 Evacuation Pause) 4139M->1356M(5120M) 22,628ms
[16,434s][info][gc] GC(23) Pause Young (Normal) (G1 Evacuation Pause) 4192M->1413M(5120M) 22,886ms
[17,653s][info][gc] GC(24) Pause Young (Normal) (G1 Evacuation Pause) 4245M->1465M(5120M) 22,688ms
[18,884s][info][gc] GC(25) Pause Young (Normal) (G1 Evacuation Pause) 4317M->1545M(5120M) 23,702ms
[20,084s][info][gc] GC(26) Pause Young (Normal) (G1 Evacuation Pause) 4337M->1594M(5120M) 21,926ms
[21,291s][info][gc] GC(27) Pause Young (Normal) (G1 Evacuation Pause) 4390M->1722M(5120M) 25,212ms
[22,428s][info][gc] GC(28) Pause Young (Normal) (GCLocker Initiated GC) 4362M->1728M(5120M) 22,392ms
[23,565s][info][gc] GC(29) Pause Young (Normal) (G1 Evacuation Pause) 4376M->1824M(5120M) 22,107ms
[24,711s][info][gc] GC(30) Pause Young (Normal) (G1 Evacuation Pause) 4448M->1825M(5120M) 23,104ms
[25,830s][info][gc] GC(31) Pause Young (Normal) (G1 Evacuation Pause) 4421M->1826M(5120M) 24,757ms
[26,946s][info][gc] GC(32) Pause Young (Normal) (G1 Evacuation Pause) 4410M->1896M(5120M) 22,835ms
[28,045s][info][gc] GC(33) Pause Young (Normal) (G1 Evacuation Pause) 4440M->1994M(5120M) 22,371ms
[29,096s][info][gc] GC(34) Pause Young (Normal) (G1 Evacuation Pause) 4438M->1998M(5120M) 22,520ms
[30,143s][info][gc] GC(35) Pause Young (Normal) (G1 Evacuation Pause) 4430M->2069M(5120M) 22,066ms
[31,170s][info][gc] GC(36) Pause Young (Normal) (G1 Evacuation Pause) 4449M->2162M(5120M) 21,821ms
[32,179s][info][gc] GC(37) Pause Young (Normal) (G1 Evacuation Pause) 4498M->2294M(5120M) 22,620ms
[33,132s][info][gc] GC(38) Pause Young (Normal) (G1 Evacuation Pause) 4498M->2298M(5120M) 22,182ms
[34,075s][info][gc] GC(39) Pause Young (Normal) (G1 Evacuation Pause) 4470M->2360M(5120M) 21,770ms
[35,009s][info][gc] GC(40) Pause Young (Normal) (G1 Evacuation Pause) 4516M->2490M(5120M) 21,976ms
[35,895s][info][gc] GC(41) Pause Young (Normal) (G1 Evacuation Pause) 4542M->2508M(5120M) 22,330ms
[36,786s][info][gc] GC(42) Pause Young (Concurrent Start) (G1 Evacuation Pause) 4560M->2639M(5120M) 23,267ms
[36,786s][info][gc] GC(43) Concurrent Mark Cycle
[36,812s][info][gc] GC(43) Pause Remark 2669M->1341M(5120M) 2,040ms
[36,816s][info][gc] GC(43) Pause Cleanup 1351M->1351M(5120M) 0,166ms
[36,818s][info][gc] GC(43) Concurrent Mark Cycle 31,877ms
[37,637s][info][gc] GC(44) Pause Young (Prepare Mixed) (G1 Evacuation Pause) 3235M->1323M(5120M) 21,545ms
[38,890s][info][gc] GC(45) Pause Young (Mixed) (GCLocker Initiated GC) 4227M->943M(5120M) 22,907ms
[40,094s][info][gc] GC(46) Pause Young (Mixed) (G1 Evacuation Pause) 3731M->704M(5120M) 23,254ms
[41,296s][info][gc] GC(47) Pause Young (Normal) (G1 Evacuation Pause) 3492M->711M(5120M) 23,962ms
[42,522s][info][gc] GC(48) Pause Young (Normal) (G1 Evacuation Pause) 3563M->786M(5120M) 22,435ms
[43,749s][info][gc] GC(49) Pause Young (Normal) (G1 Evacuation Pause) 3634M->858M(5120M) 22,536ms
[44,973s][info][gc] GC(50) Pause Young (Normal) (G1 Evacuation Pause) 3706M->925M(5120M) 21,962ms
[46,225s][info][gc] GC(51) Pause Young (Normal) (G1 Evacuation Pause) 3829M->1043M(5120M) 22,334ms
[47,428s][info][gc] GC(52) Pause Young (Normal) (G1 Evacuation Pause) 3827M->1049M(5120M) 22,419ms
[48,659s][info][gc] GC(53) Pause Young (Normal) (G1 Evacuation Pause) 3897M->1121M(5120M) 22,618ms
[49,885s][info][gc] GC(54) Pause Young (Normal) (G1 Evacuation Pause) 3953M->1177M(5120M) 23,169ms
[51,157s][info][gc] GC(55) Pause Young (Normal) (G1 Evacuation Pause) 3981M->1185M(5120M) 21,722ms
[52,420s][info][gc] GC(56) Pause Young (Normal) (G1 Evacuation Pause) 4081M->1293M(5120M) 25,485ms
[53,625s][info][gc] GC(57) Pause Young (Normal) (G1 Evacuation Pause) 4081M->1289M(5120M) 23,138ms
[54,894s][info][gc] GC(58) Pause Young (Normal) (G1 Evacuation Pause) 4137M->1351M(5120M) 24,129ms
[56,143s][info][gc] GC(59) Pause Young (Normal) (G1 Evacuation Pause) 4175M->1382M(5120M) 22,552ms
[57,405s][info][gc] GC(60) Pause Young (Normal) (G1 Evacuation Pause) 4230M->1443M(5120M) 23,140ms
[58,683s][info][gc] GC(61) Pause Young (Normal) (G1 Evacuation Pause) 4323M->1525M(5120M) 24,173ms
[59,927s][info][gc] GC(62) Pause Young (Normal) (G1 Evacuation Pause) 4321M->1534M(5120M) 23,083ms
[61,191s][info][gc] GC(63) Pause Young (Normal) (G1 Evacuation Pause) 4366M->1603M(5120M) 23,091ms
[62,436s][info][gc] GC(64) Pause Young (Normal) (G1 Evacuation Pause) 4371M->1664M(5120M) 23,897ms
[63,673s][info][gc] GC(65) Pause Young (Normal) (G1 Evacuation Pause) 4408M->1756M(5120M) 23,329ms
[64,871s][info][gc] GC(66) Pause Young (Normal) (G1 Evacuation Pause) 4416M->1764M(5120M) 22,699ms
[66,056s][info][gc] GC(67) Pause Young (Normal) (G1 Evacuation Pause) 4420M->1842M(5120M) 23,327ms
[67,215s][info][gc] GC(68) Pause Young (Normal) (G1 Evacuation Pause) 4430M->1911M(5120M) 24,704ms
[68,338s][info][gc] GC(69) Pause Young (Normal) (G1 Evacuation Pause) 4451M->2004M(5120M) 22,636ms
[69,433s][info][gc] GC(70) Pause Young (Normal) (G1 Evacuation Pause) 4456M->2069M(5120M) 24,767ms
[70,495s][info][gc] GC(71) Pause Young (Normal) (G1 Evacuation Pause) 4449M->2112M(5120M) 24,476ms
[71,542s][info][gc] GC(72) Pause Young (Normal) (G1 Evacuation Pause) 4476M->2224M(5120M) 22,553ms
[72,548s][info][gc] GC(73) Pause Young (Normal) (G1 Evacuation Pause) 4496M->2316M(5120M) 22,229ms
[73,536s][info][gc] GC(74) Pause Young (Normal) (G1 Evacuation Pause) 4540M->2450M(5120M) 23,231ms
[74,456s][info][gc] GC(75) Pause Young (Normal) (G1 Evacuation Pause) 4522M->2460M(5120M) 22,186ms
[75,392s][info][gc] GC(76) Pause Young (Concurrent Start) (GCLocker Initiated GC) 4572M->2616M(5120M) 22,329ms
[75,392s][info][gc] GC(77) Concurrent Mark Cycle
[75,418s][info][gc] GC(77) Pause Remark 2646M->1175M(5120M) 2,977ms
[75,424s][info][gc] GC(77) Pause Cleanup 1185M->1185M(5120M) 0,138ms
[75,426s][info][gc] GC(77) Concurrent Mark Cycle 33,842ms
[76,279s][info][gc] GC(78) Pause Young (Prepare Mixed) (G1 Evacuation Pause) 3105M->1151M(5120M) 22,445ms
[77,554s][info][gc] GC(79) Pause Young (Mixed) (G1 Evacuation Pause) 4027M->727M(5120M) 24,981ms
[78,790s][info][gc] GC(80) Pause Young (Mixed) (G1 Evacuation Pause) 3527M->662M(5120M) 22,727ms
[80,048s][info][gc] GC(81) Pause Young (Normal) (G1 Evacuation Pause) 3510M->721M(5120M) 23,227ms
[81,300s][info][gc] GC(82) Pause Young (Normal) (G1 Evacuation Pause) 3557M->774M(5120M) 23,006ms
[82,559s][info][gc] GC(83) Pause Young (Normal) (G1 Evacuation Pause) 3626M->841M(5120M) 23,035ms
[83,813s][info][gc] GC(84) Pause Young (Normal) (G1 Evacuation Pause) 3681M->898M(5120M) 22,423ms
[85,075s][info][gc] GC(85) Pause Young (Normal) (G1 Evacuation Pause) 3746M->965M(5120M) 25,179ms
[86,315s][info][gc] GC(86) Pause Young (Normal) (G1 Evacuation Pause) 3773M->989M(5120M) 23,343ms
[87,576s][info][gc] GC(87) Pause Young (Normal) (G1 Evacuation Pause) 3829M->1037M(5120M) 23,214ms
[88,839s][info][gc] GC(88) Pause Young (Normal) (G1 Evacuation Pause) 3893M->1106M(5120M) 22,597ms
[90,093s][info][gc] GC(89) Pause Young (Normal) (G1 Evacuation Pause) 3938M->1156M(5120M) 22,122ms
[91,373s][info][gc] GC(90) Pause Young (Normal) (G1 Evacuation Pause) 4040M->1250M(5120M) 25,141ms
[92,607s][info][gc] GC(91) Pause Young (Normal) (G1 Evacuation Pause) 4042M->1251M(5120M) 22,697ms
[93,862s][info][gc] GC(92) Pause Young (Normal) (G1 Evacuation Pause) 4091M->1297M(5120M) 24,176ms
[95,120s][info][gc] GC(93) Pause Young (Normal) (G1 Evacuation Pause) 4141M->1355M(5120M) 22,900ms
[96,398s][info][gc] GC(94) Pause Young (Normal) (G1 Evacuation Pause) 4247M->1449M(5120M) 24,213ms
[97,635s][info][gc] GC(95) Pause Young (Normal) (G1 Evacuation Pause) 4245M->1459M(5120M) 23,140ms
[98,896s][info][gc] GC(96) Pause Young (Normal) (G1 Evacuation Pause) 4303M->1513M(5120M) 24,580ms
[100,171s][info][gc] GC(97) Pause Young (Normal) (G1 Evacuation Pause) 4397M->1607M(5120M) 22,980ms
[101,404s][info][gc] GC(98) Pause Young (Normal) (G1 Evacuation Pause) 4391M->1620M(5120M) 22,763ms
[102,629s][info][gc] GC(99) Pause Young (Normal) (G1 Evacuation Pause) 4388M->1671M(5120M) 22,062ms
[103,863s][info][gc] GC(100) Pause Young (Normal) (G1 Evacuation Pause) 4447M->1799M(5120M) 24,117ms
