[0.008s][debug][gc,heap] Minimum heap 5368709120  Initial heap 5368709120  Maximum heap 12884901888
[0.009s][info ][gc,init] Initializing The Z Garbage Collector
[0.009s][info ][gc,init] Version: 22.0.2+9 (release)
[0.009s][info ][gc,init] Using legacy single-generation mode
[0.009s][info ][gc,init] NUMA Support: Disabled
[0.009s][info ][gc,init] CPUs: 20 total, 20 available
[0.009s][info ][gc,init] Memory: 31764M
[0.009s][info ][gc,init] Large Page Support: Disabled
[0.009s][info ][gc,init] GC Workers: 5 (dynamic)
[0.009s][info ][gc,init] Address Space Type: Contiguous/Unrestricted/Complete
[0.009s][info ][gc,init] Address Space Size: 196608M x 3 = 589824M
[0.009s][info ][gc,init] Heap Backing File: /memfd:java_heap
[0.009s][info ][gc,init] Heap Backing Filesystem: tmpfs (0x1021994)
[0.010s][info ][gc,init] Min Capacity: 5120M
[0.010s][info ][gc,init] Initial Capacity: 5120M
[0.010s][info ][gc,init] Max Capacity: 12288M
[0.010s][info ][gc,init] Medium Page Size: 32M
[0.010s][info ][gc,init] Pre-touch: Enabled
[0.010s][info ][gc,init] Available space on backing filesystem: N/A
[0.010s][info ][gc,init] Uncommit: Enabled
[0.010s][info ][gc,init] Uncommit Delay: 300s
[1.175s][debug][gc,task] Executing Task: XPreTouchTask, Active Workers: 5
[2.187s][debug][gc,marking] Expanding mark stack space: 0M->32M
[2.188s][info ][gc,init   ] Runtime Workers: 12
[2.190s][info ][gc        ] Using The Z Garbage Collector
[2.200s][info ][gc,metaspace] CDS archive(s) mapped at: [0x000070938a000000-0x000070938ac75000-0x000070938ac75000), size 13062144, SharedBaseAddress: 0x000070938a000000, ArchiveRelocationMode: 1.
[2.200s][info ][gc,metaspace] Compressed class space mapped at: 0x000070938b000000-0x00007093cb000000, reserved size: 1073741824
[2.200s][info ][gc,metaspace] Narrow klass base: 0x000070938a000000, Narrow klass shift: 0, Narrow klass range: 0x100000000
[2,208s][debug][gc,heap     ] Uncommit Timeout: 299s
[2,209s][debug][gc,nmethod  ] Rebuilding NMethod Table: 0->1024 entries, 0(0%->0%) registered, 0(0%->0%) unregistered
[2,308s][debug][gc,alloc    ] Allocation Rate: 8,0MB/s, Predicted: 8,0MB/s, Avg: 8,0(+/-0,0)MB/s
[2,308s][debug][gc,director ] Rule: Warmup 10%, Used: 12MB, UsedThreshold: 1228MB
[2,308s][debug][gc,director ] Rule: High Usage, Free: 12234MB(99,6%)
[2,408s][debug][gc,alloc    ] Allocation Rate: 46,0MB/s, Predicted: 84,0MB/s, Avg: 27,0(+/-19,0)MB/s
[2,408s][debug][gc,director ] Rule: Warmup 10%, Used: 50MB, UsedThreshold: 1228MB
[2,408s][debug][gc,director ] Rule: High Usage, Free: 12196MB(99,3%)
[2,436s][debug][gc,nmethod  ] Rebuilding NMethod Table: 1024->2048 entries, 717(70%->35%) registered, 0(0%->0%) unregistered
[2,508s][debug][gc,alloc    ] Allocation Rate: 50,0MB/s, Predicted: 76,7MB/s, Avg: 34,7(+/-18,9)MB/s
[2,508s][debug][gc,director ] Rule: Warmup 10%, Used: 54MB, UsedThreshold: 1228MB
[2,508s][debug][gc,director ] Rule: High Usage, Free: 12192MB(99,2%)
[2,607s][debug][gc,alloc    ] Allocation Rate: 60,0MB/s, Predicted: 81,0MB/s, Avg: 41,0(+/-19,7)MB/s
[2,607s][debug][gc,director ] Rule: Warmup 10%, Used: 64MB, UsedThreshold: 1228MB
[2,607s][debug][gc,director ] Rule: High Usage, Free: 12182MB(99,1%)
[2,707s][debug][gc,alloc    ] Allocation Rate: 66,0MB/s, Predicted: 85,0MB/s, Avg: 46,0(+/-20,3)MB/s
[2,707s][debug][gc,director ] Rule: Warmup 10%, Used: 70MB, UsedThreshold: 1228MB
[2,708s][debug][gc,director ] Rule: High Usage, Free: 12176MB(99,1%)
[2,738s][debug][gc,nmethod  ] Rebuilding NMethod Table: 2048->4096 entries, 1434(70%->35%) registered, 0(0%->0%) unregistered
[2,808s][debug][gc,alloc    ] Allocation Rate: 72,0MB/s, Predicted: 89,3MB/s, Avg: 50,3(+/-20,9)MB/s
[2,808s][debug][gc,director ] Rule: Warmup 10%, Used: 76MB, UsedThreshold: 1228MB
[2,808s][debug][gc,director ] Rule: High Usage, Free: 12170MB(99,0%)
[2,908s][debug][gc,alloc    ] Allocation Rate: 78,0MB/s, Predicted: 94,0MB/s, Avg: 54,3(+/-21,6)MB/s
[2,908s][debug][gc,director ] Rule: Warmup 10%, Used: 82MB, UsedThreshold: 1228MB
[2,908s][debug][gc,director ] Rule: High Usage, Free: 12164MB(99,0%)
[3,008s][debug][gc,alloc    ] Allocation Rate: 90,0MB/s, Predicted: 101,9MB/s, Avg: 58,8(+/-23,4)MB/s
[3,008s][debug][gc,director ] Rule: Warmup 10%, Used: 94MB, UsedThreshold: 1228MB
[3,008s][debug][gc,director ] Rule: High Usage, Free: 12152MB(98,9%)
[3,107s][debug][gc,alloc    ] Allocation Rate: 134,0MB/s, Predicted: 125,8MB/s, Avg: 67,1(+/-32,4)MB/s
[3,107s][debug][gc,director ] Rule: Warmup 10%, Used: 138MB, UsedThreshold: 1228MB
[3,107s][debug][gc,director ] Rule: High Usage, Free: 12108MB(98,5%)
[3,208s][debug][gc,alloc    ] Allocation Rate: 188,0MB/s, Predicted: 162,4MB/s, Avg: 79,2(+/-47,5)MB/s
[3,208s][debug][gc,director ] Rule: Warmup 10%, Used: 192MB, UsedThreshold: 1228MB
[3,208s][debug][gc,director ] Rule: High Usage, Free: 12054MB(98,1%)
[3,308s][debug][gc,alloc    ] Allocation Rate: 186,0MB/s, Predicted: 186,1MB/s, Avg: 97,0(+/-50,7)MB/s
[3,308s][debug][gc,director ] Rule: Warmup 10%, Used: 198MB, UsedThreshold: 1228MB
[3,308s][debug][gc,director ] Rule: High Usage, Free: 12048MB(98,0%)
[3,408s][debug][gc,alloc    ] Allocation Rate: 160,0MB/s, Predicted: 197,7MB/s, Avg: 108,4(+/-50,8)MB/s
[3,408s][debug][gc,director ] Rule: Warmup 10%, Used: 210MB, UsedThreshold: 1228MB
[3,408s][debug][gc,director ] Rule: High Usage, Free: 12036MB(97,9%)
[3,508s][debug][gc,alloc    ] Allocation Rate: 162,0MB/s, Predicted: 203,6MB/s, Avg: 119,6(+/-49,0)MB/s
[3,508s][debug][gc,director ] Rule: Warmup 10%, Used: 216MB, UsedThreshold: 1228MB
[3,508s][debug][gc,director ] Rule: High Usage, Free: 12030MB(97,9%)
[3,577s][debug][gc,nmethod  ] Rebuilding NMethod Table: 4096->8192 entries, 2868(70%->35%) registered, 0(0%->0%) unregistered
[3,607s][debug][gc,alloc    ] Allocation Rate: 162,0MB/s, Predicted: 204,7MB/s, Avg: 129,8(+/-46,1)MB/s
[3,607s][debug][gc,director ] Rule: Warmup 10%, Used: 226MB, UsedThreshold: 1228MB
[3,607s][debug][gc,director ] Rule: High Usage, Free: 12020MB(97,8%)
[3,708s][debug][gc,alloc    ] Allocation Rate: 208,0MB/s, Predicted: 218,9MB/s, Avg: 144,0(+/-46,1)MB/s
[3,708s][debug][gc,director ] Rule: Warmup 10%, Used: 278MB, UsedThreshold: 1228MB
[3,708s][debug][gc,director ] Rule: High Usage, Free: 11968MB(97,4%)
[3,808s][debug][gc,alloc    ] Allocation Rate: 260,0MB/s, Predicted: 246,1MB/s, Avg: 162,8(+/-51,0)MB/s
[3,808s][debug][gc,director ] Rule: Warmup 10%, Used: 336MB, UsedThreshold: 1228MB
[3,808s][debug][gc,director ] Rule: High Usage, Free: 11910MB(96,9%)
[3,873s][info ][gc,heap,exit] Heap
[3,873s][info ][gc,heap,exit]  ZHeap           used 338M, capacity 5120M, max capacity 12288M
[3,873s][info ][gc,heap,exit]  Metaspace       used 20602K, committed 21184K, reserved 1114112K
[3,873s][info ][gc,heap,exit]   class space    used 2747K, committed 3008K, reserved 1048576K
