[0.010s][debug][gc,heap] Minimum heap 5368709120  Initial heap 5368709120  Maximum heap 12884901888
[0.010s][info ][gc,init] Initializing The Z Garbage Collector
[0.010s][info ][gc,init] Version: 22+36-jvmci-b02 (release)
[0.010s][info ][gc,init] Using legacy single-generation mode
[0.010s][info ][gc,init] NUMA Support: Disabled
[0.010s][info ][gc,init] CPUs: 20 total, 20 available
[0.010s][info ][gc,init] Memory: 31764M
[0.010s][info ][gc,init] Large Page Support: Disabled
[0.010s][info ][gc,init] GC Workers: 5 (dynamic)
[0.011s][info ][gc,init] Address Space Type: Contiguous/Unrestricted/Complete
[0.011s][info ][gc,init] Address Space Size: 196608M x 3 = 589824M
[0.011s][info ][gc,init] Heap Backing File: /memfd:java_heap
[0.011s][info ][gc,init] Heap Backing Filesystem: tmpfs (0x1021994)
[0.011s][info ][gc,init] Min Capacity: 5120M
[0.011s][info ][gc,init] Initial Capacity: 5120M
[0.011s][info ][gc,init] Max Capacity: 12288M
[0.011s][info ][gc,init] Medium Page Size: 32M
[0.011s][info ][gc,init] Pre-touch: Enabled
[0.011s][info ][gc,init] Available space on backing filesystem: N/A
[0.012s][info ][gc,init] Uncommit: Enabled
[0.012s][info ][gc,init] Uncommit Delay: 300s
[1.384s][debug][gc,task] Executing Task: XPreTouchTask, Active Workers: 5
[2.450s][debug][gc,marking] Expanding mark stack space: 0M->32M
[2.451s][info ][gc,init   ] Runtime Workers: 12
[2.453s][info ][gc        ] Using The Z Garbage Collector
[2.453s][info ][gc,metaspace] CDS archive(s) not mapped
[2.453s][info ][gc,metaspace] Compressed class space mapped at: 0x000000003d000000-0x000000007d000000, reserved size: 1073741824
[2.453s][info ][gc,metaspace] Narrow klass base: 0x0000000000000000, Narrow klass shift: 0, Narrow klass range: 0x7d000000
[2,482s][debug][gc,heap     ] Uncommit Timeout: 299s
[2,483s][debug][gc,nmethod  ] Rebuilding NMethod Table: 0->1024 entries, 0(0%->0%) registered, 0(0%->0%) unregistered
[2,582s][debug][gc,alloc    ] Allocation Rate: 6,0MB/s, Predicted: 6,0MB/s, Avg: 6,0(+/-0,0)MB/s
[2,582s][debug][gc,director ] Rule: Warmup 10%, Used: 12MB, UsedThreshold: 1228MB
[2,582s][debug][gc,director ] Rule: High Usage, Free: 12234MB(99,6%)
[2,682s][debug][gc,alloc    ] Allocation Rate: 44,0MB/s, Predicted: 82,0MB/s, Avg: 25,0(+/-19,0)MB/s
[2,682s][debug][gc,director ] Rule: Warmup 10%, Used: 50MB, UsedThreshold: 1228MB
[2,682s][debug][gc,director ] Rule: High Usage, Free: 12196MB(99,3%)
[2,731s][debug][gc,nmethod  ] Rebuilding NMethod Table: 1024->2048 entries, 717(70%->35%) registered, 0(0%->0%) unregistered
[2,781s][debug][gc,alloc    ] Allocation Rate: 48,0MB/s, Predicted: 74,7MB/s, Avg: 32,7(+/-18,9)MB/s
[2,781s][debug][gc,director ] Rule: Warmup 10%, Used: 54MB, UsedThreshold: 1228MB
[2,781s][debug][gc,director ] Rule: High Usage, Free: 12192MB(99,2%)
[2,881s][debug][gc,alloc    ] Allocation Rate: 54,0MB/s, Predicted: 75,0MB/s, Avg: 38,0(+/-18,8)MB/s
[2,882s][debug][gc,director ] Rule: Warmup 10%, Used: 60MB, UsedThreshold: 1228MB
[2,882s][debug][gc,director ] Rule: High Usage, Free: 12186MB(99,2%)
[2,982s][debug][gc,alloc    ] Allocation Rate: 64,0MB/s, Predicted: 81,0MB/s, Avg: 43,2(+/-19,8)MB/s
[2,982s][debug][gc,director ] Rule: Warmup 10%, Used: 70MB, UsedThreshold: 1228MB
[2,982s][debug][gc,director ] Rule: High Usage, Free: 12176MB(99,1%)
[3,043s][debug][gc,nmethod  ] Rebuilding NMethod Table: 2048->4096 entries, 1434(70%->35%) registered, 0(0%->0%) unregistered
[3,082s][debug][gc,alloc    ] Allocation Rate: 70,0MB/s, Predicted: 86,3MB/s, Avg: 47,7(+/-20,6)MB/s
[3,082s][debug][gc,director ] Rule: Warmup 10%, Used: 76MB, UsedThreshold: 1228MB
[3,082s][debug][gc,director ] Rule: High Usage, Free: 12170MB(99,0%)
[3,181s][debug][gc,alloc    ] Allocation Rate: 76,0MB/s, Predicted: 91,4MB/s, Avg: 51,7(+/-21,5)MB/s
[3,181s][debug][gc,director ] Rule: Warmup 10%, Used: 82MB, UsedThreshold: 1228MB
[3,181s][debug][gc,director ] Rule: High Usage, Free: 12164MB(99,0%)
[3,276s][debug][gc,heap     ] GC(0) Heap before GC invocations=0 (full 0):
[3,276s][debug][gc,heap     ] GC(0)  ZHeap           used 88M, capacity 5120M, max capacity 12288M
[3,276s][debug][gc,heap     ] GC(0)  Metaspace       used 21266K, committed 21568K, reserved 1114112K
[3,276s][debug][gc,heap     ] GC(0)   class space    used 2362K, committed 2496K, reserved 1048576K
[3,276s][info ][gc,start    ] GC(0) Garbage Collection (Metadata GC Threshold)
[3,276s][info ][gc,task     ] GC(0) Using 5 workers
[3,277s][debug][gc,phases,start] GC(0) Pause Mark Start
[3,277s][debug][gc,marking     ] GC(0) Using 4 mark stripes
[3,277s][debug][gc,marking     ] GC(0) Mark Worker/Stripe Distribution
[3,277s][debug][gc,marking     ] GC(0)   Worker 0(5) -> Stripe 0(4)
[3,277s][debug][gc,marking     ] GC(0)   Worker 1(5) -> Stripe 1(4)
[3,277s][debug][gc,marking     ] GC(0)   Worker 2(5) -> Stripe 2(4)
[3,277s][debug][gc,marking     ] GC(0)   Worker 3(5) -> Stripe 3(4)
[3,277s][debug][gc,marking     ] GC(0)   Worker 4(5) -> Stripe 0(4)
[3,277s][info ][gc,phases      ] GC(0) Pause Mark Start 0,111ms
[3,277s][debug][gc,phases,start] GC(0) Concurrent Mark
[3,277s][debug][gc,task        ] GC(0) Executing Task: XMarkRootsTask, Active Workers: 5
[3,278s][debug][gc,tlab        ] GC(0) TLAB totals: thrds: 13  refills: 173 max: 161 slow allocs: 7 max 7 waste:  6,8% gc: 2691496B max: 261928B slow: 380248B max: 380248B
[3,278s][debug][gc,task        ] GC(0) Executing Task: XMarkTask, Active Workers: 5
[3,281s][debug][gc,alloc       ] Allocation Rate: 84,0MB/s, Predicted: 97,6MB/s, Avg: 55,8(+/-22,8)MB/s
[3,282s][info ][gc,phases      ] GC(0) Concurrent Mark 5,520ms
[3,283s][debug][gc,phases,start] GC(0) Pause Mark End
[3,283s][info ][gc,phases      ] GC(0) Pause Mark End 0,044ms
[3,283s][debug][gc,phases,start] GC(0) Concurrent Mark Free
[3,283s][info ][gc,phases      ] GC(0) Concurrent Mark Free 0,031ms
[3,283s][debug][gc,phases,start] GC(0) Concurrent Process Non-Strong References
[3,283s][debug][gc,phases,start] GC(0) Concurrent References Process
[3,283s][debug][gc,task        ] GC(0) Executing Task: XReferenceProcessorTask, Active Workers: 5
[3,283s][debug][gc,phases      ] GC(0) Concurrent References Process 0,200ms
[3,283s][debug][gc,task        ] GC(0) Executing Task: XProcessWeakRootsTask, Active Workers: 5
[3,283s][debug][gc,phases,start] GC(0) Concurrent Classes Unlink
[3,283s][debug][gc,phases,start] GC(0) ClassLoaderData
[3,283s][debug][gc,phases      ] GC(0) ClassLoaderData 0,028ms
[3,283s][debug][gc,phases,start] GC(0) Trigger cleanups
[3,283s][debug][gc,phases      ] GC(0) Trigger cleanups 0,015ms
[3,283s][debug][gc,task        ] GC(0) Executing Task: XNMethodUnlinkTask, Active Workers: 5
[3,284s][debug][gc,phases      ] GC(0) Concurrent Classes Unlink 0,855ms
[3,284s][debug][gc,phases,start] GC(0) Concurrent Classes Purge
[3,284s][debug][gc,nmethod     ] GC(0) Unregister NMethod: java.util.jar.JarFile$JarFileEntry.getCodeSigners (0x000070b043c77b10)
[3,284s][debug][gc,nmethod     ] GC(0) Unregister NMethod: java.io.StreamTokenizer.read (0x000070b043e93990)
[3,284s][debug][gc,nmethod     ] GC(0) Unregister NMethod: java.lang.StringConcatHelper.prepend (0x000070b043a9ba10)
[3,284s][debug][gc,nmethod     ] GC(0) Unregister NMethod: org.junit.platform.commons.util.ReflectionUtils$$Lambda/0x000000003d19c1f8.compare (0x000070b043d36790)
[3,284s][debug][gc,nmethod     ] GC(0) Unregister NMethod: java.util.HashMap.afterNodeInsertion (0x000070b043a38190)
[3,284s][debug][gc,nmethod     ] GC(0) Unregister NMethod: jdk.internal.loader.URLClassPath$JarLoader$2.getManifest (0x000070b043bcb310)
[3,284s][debug][gc,nmethod     ] GC(0) Unregister NMethod: java.util.LinkedHashMap.afterNodeInsertion (0x000070b043b7f590)
[3,284s][debug][gc,nmethod     ] GC(0) Unregister NMethod: java.lang.StringLatin1.replace (0x000070b043a56010)
[3,284s][debug][gc,nmethod     ] GC(0) Unregister NMethod: java.lang.Object.equals (0x000070b043a45510)
[3,284s][debug][gc,nmethod     ] GC(0) Unregister NMethod: java.util.concurrent.locks.AbstractQueuedSynchronizer.signalNext (0x000070b043a61f10)
[3,284s][debug][gc,nmethod     ] GC(0) Unregister NMethod: java.util.concurrent.ConcurrentHashMap.setTabAt (0x000070b043a78d90)
[3,284s][debug][gc,nmethod     ] GC(0) Unregister NMethod: java.util.jar.JarFile.ensureInitialization (0x000070b043bcdc10)
[3,284s][debug][gc,nmethod     ] GC(0) Unregister NMethod: java.util.jar.JarFile.checkForSpecialAttributes (0x000070b063355d90)
[3,285s][debug][gc,nmethod     ] GC(0) Unregister NMethod: java.lang.CharacterDataLatin1.isWhitespace (0x000070b043b89e10)
[3,285s][debug][gc,nmethod     ] GC(0) Unregister NMethod: java.lang.AbstractStringBuilder.append (0x000070b043a5dd10)
[3,285s][debug][gc,nmethod     ] GC(0) Unregister NMethod: java.lang.StringCoding.countPositives (0x000070b043a7a710)
[3,285s][debug][gc,nmethod     ] GC(0) Unregister NMethod: java.util.HashMap.getNode (0x000070b043b0d310)
[3,285s][debug][gc,nmethod     ] GC(0) Unregister NMethod: java.lang.ref.ReferenceQueue.poll (0x000070b043a94510)
[3,285s][debug][gc,nmethod     ] GC(0) Unregister NMethod: sun.nio.fs.UnixPath.checkNotNul (0x000070b043a7b810)
[3,285s][debug][gc,nmethod     ] GC(0) Unregister NMethod: jdk.internal.loader.URLClassPath$JarLoader.ensureOpen (0x000070b043cb3510)
[3,285s][debug][gc,nmethod     ] GC(0) Unregister NMethod: java.util.LinkedHashMap.newNode (0x000070b043b7b190)
[3,285s][debug][gc,nmethod     ] GC(0) Unregister NMethod: java.util.HashMap.putVal (0x000070b043a42a10)
[3,285s][debug][gc,nmethod     ] GC(0) Unregister NMethod: jdk.internal.misc.Unsafe.allocateUninitializedArray0 (0x000070b043a72490)
[3,285s][debug][gc,nmethod     ] GC(0) Unregister NMethod: jdk.internal.loader.Resource.getByteBuffer (0x000070b043bccb90)
[3,285s][debug][gc,nmethod     ] GC(0) Unregister NMethod: java.lang.StringCoding.countPositives (0x000070b043af7290)
[3,285s][debug][gc,nmethod     ] GC(0) Unregister NMethod: java.util.HashMap.putVal (0x000070b063311e10)
[3,285s][debug][gc,nmethod     ] GC(0) Unregister NMethod: java.lang.String.getBytes (0x000070b043a25090)
[3,285s][debug][gc,nmethod     ] GC(0) Unregister NMethod: java.lang.StringLatin1.indexOf (0x000070b043a17090)
[3,285s][debug][gc,nmethod     ] GC(0) Unregister NMethod: java.util.concurrent.ConcurrentHashMap.tabAt (0x000070b043a18410)
[3,285s][debug][gc,nmethod     ] GC(0) Unregister NMethod: jdk.internal.util.ArraysSupport.mismatch (0x000070b043a15110)
[3,285s][debug][gc,nmethod     ] GC(0) Unregister NMethod: java.util.zip.ZipUtils.SH (0x000070b043a57b10)
[3,285s][debug][gc,nmethod     ] GC(0) Unregister NMethod: java.util.regex.Pattern$BmpCharPropertyGreedy.match (0x000070b063346810)
[3,285s][debug][gc,nmethod     ] GC(0) Unregister NMethod: java.util.concurrent.ConcurrentHashMap.putIfAbsent (0x000070b043a1e710)
[3,285s][debug][gc,nmethod     ] GC(0) Unregister NMethod: java.lang.String.replace (0x000070b043a78290)
[3,285s][debug][gc,nmethod     ] GC(0) Unregister NMethod: java.util.jar.JarFile.getManifest (0x000070b043ba9a10)
[3,285s][debug][gc,nmethod     ] GC(0) Unregister NMethod: jdk.internal.org.objectweb.asm.SymbolTable.addConstantUtf8 (0x000070b043a2ef90)
[3,285s][debug][gc,nmethod     ] GC(0) Unregister NMethod: jdk.internal.util.ArraysSupport.vectorizedHashCode (0x000070b063324510)
[3,285s][debug][gc,nmethod     ] GC(0) Unregister NMethod: jdk.internal.loader.URLClassPath$JarLoader.getResource (0x000070b043aa0b90)
[3,285s][debug][gc,nmethod     ] GC(0) Unregister NMethod: jdk.internal.misc.Blocker.end (0x000070b043a6a010)
[3,285s][debug][gc,nmethod     ] GC(0) Unregister NMethod: java.util.ArrayList.add (0x000070b043a79d90)
[3,285s][debug][gc,nmethod     ] GC(0) Unregister NMethod: java.util.Collections.emptyList (0x000070b043c08c90)
[3,285s][debug][gc,nmethod     ] GC(0) Unregister NMethod: jdk.internal.loader.URLClassPath$JarLoader.findResource (0x000070b043c64010)
[3,285s][debug][gc,nmethod     ] GC(0) Unregister NMethod: java.io.BufferedInputStream.read (0x000070b063321490)
[3,285s][debug][gc,nmethod     ] GC(0) Unregister NMethod: jdk.internal.loader.URLClassPath$JarLoader.getResource (0x000070b06336b210)
[3,285s][debug][gc,nmethod     ] GC(0) Unregister NMethod: jdk.internal.org.objectweb.asm.ByteVector.put12 (0x000070b043a93e90)
[3,285s][debug][gc,nmethod     ] GC(0) Unregister NMethod: java.lang.AbstractStringBuilder.append (0x000070b043a54110)
[3,285s][debug][gc,nmethod     ] GC(0) Unregister NMethod: java.util.HashMap.put (0x000070b063356690)
[3,285s][debug][gc,nmethod     ] GC(0) Unregister NMethod: java.lang.Object.<init> (0x000070b043a00010)
[3,285s][debug][gc,nmethod     ] GC(0) Unregister NMethod: java.util.zip.ZipFile$Source.checkAndAddEntry (0x000070b043a88390)
[3,285s][debug][gc,nmethod     ] GC(0) Unregister NMethod: jdk.internal.org.objectweb.asm.ByteVector.putShort (0x000070b043a2aa10)
[3,285s][debug][gc,nmethod     ] GC(0) Unregister NMethod: java.lang.Class.getName (0x000070b043a57f10)
[3,285s][debug][gc,nmethod     ] GC(0) Unregister NMethod: java.lang.Math.min (0x000070b043a12e90)
[3,285s][debug][gc,nmethod     ] GC(0) Unregister NMethod: java.util.jar.JarFile.getManifestFromReference (0x000070b043ba9d90)
[3,285s][debug][gc,nmethod     ] GC(0) Unregister NMethod: java.util.HashMap.put (0x000070b043a3f310)
[3,285s][debug][gc,nmethod     ] GC(0) Unregister NMethod: sun.net.www.ParseUtil.firstEncodeIndex (0x000070b06336e610)
[3,285s][debug][gc,nmethod     ] GC(0) Unregister NMethod: java.util.jar.JarFile.checkForSpecialAttributes (0x000070b043cb1810)
[3,285s][debug][gc,nmethod     ] GC(0) Unregister NMethod: java.util.regex.Pattern$BmpCharPropertyGreedy.match (0x000070b043c01510)
[3,285s][debug][gc,nmethod     ] GC(0) Unregister NMethod: java.util.concurrent.locks.ReentrantLock$NonfairSync.initialTryLock (0x000070b06330e590)
[3,285s][debug][gc,nmethod     ] GC(0) Unregister NMethod: java.lang.CharacterDataLatin1.equalsIgnoreCase (0x000070b043aaab90)
[3,285s][debug][gc,nmethod     ] GC(0) Unregister NMethod: java.lang.StringUTF16.getChar (0x000070b043c5bf90)
[3,285s][debug][gc,nmethod     ] GC(0) Unregister NMethod: java.lang.module.ModuleDescriptor$Exports.isQualified (0x000070b043a33b10)
[3,285s][debug][gc,nmethod     ] GC(0) Unregister NMethod: java.lang.StringLatin1.lastIndexOf (0x000070b043a17b90)
[3,285s][debug][gc,nmethod     ] GC(0) Unregister NMethod: java.lang.String.hashCode (0x000070b063305410)
[3,285s][debug][gc,nmethod     ] GC(0) Unregister NMethod: jdk.internal.org.objectweb.asm.ByteVector.putByte (0x000070b043a71690)
[3,285s][debug][gc,nmethod     ] GC(0) Unregister NMethod: java.util.concurrent.ConcurrentHashMap.addCount (0x000070b043a1cf90)
[3,285s][debug][gc,nmethod     ] GC(0) Unregister NMethod: java.util.ArrayList$Itr.<init> (0x000070b043bd1590)
[3,285s][debug][gc,nmethod     ] GC(0) Unregister NMethod: java.util.HashMap.newNode (0x000070b043a34590)
[3,285s][debug][gc,nmethod     ] GC(0) Unregister NMethod: jdk.internal.misc.InternalLock.unlock (0x000070b043a66410)
[3,285s][debug][gc,nmethod     ] GC(0) Unregister NMethod: java.lang.StringLatin1.regionMatchesCI (0x000070b043aab990)
[3,286s][debug][gc,nmethod     ] GC(0) Unregister NMethod: jdk.internal.misc.InternalLock.unlock (0x000070b063342e90)
[3,286s][debug][gc,nmethod     ] GC(0) Unregister NMethod: java.util.concurrent.locks.ReentrantLock$Sync.tryRelease (0x000070b043a62a10)
[3,286s][debug][gc,nmethod     ] GC(0) Unregister NMethod: java.lang.invoke.MethodType.parameterCount (0x000070b043a2e790)
[3,286s][debug][gc,nmethod     ] GC(0) Unregister NMethod: java.util.jar.JarFile.getEntry (0x000070b043cb3d90)
[3,286s][debug][gc,nmethod     ] GC(0) Unregister NMethod: java.util.HashMap.getNode (0x000070b06331eb90)
[3,286s][debug][gc,nmethod     ] GC(0) Unregister NMethod: java.util.jar.JarFile.maybeInstantiateVerifier (0x000070b043abb690)
[3,286s][debug][gc,nmethod     ] GC(0) Unregister NMethod: java.lang.String.startsWith (0x000070b043ea5c10)
[3,286s][debug][gc,nmethod     ] GC(0) Unregister NMethod: jdk.internal.loader.URLClassPath$JarLoader.ensureOpen (0x000070b043ae6b10)
[3,286s][debug][gc,nmethod     ] GC(0) Unregister NMethod: jdk.internal.util.ArraysSupport.vectorizedHashCode (0x000070b043a01110)
[3,286s][debug][gc,nmethod     ] GC(0) Unregister NMethod: java.lang.String.indexOf (0x000070b043a13210)
[3,286s][debug][gc,nmethod     ] GC(0) Unregister NMethod: java.util.zip.ZipCoder$UTF8ZipCoder.checkedHash (0x000070b043a85c90)
[3,286s][debug][gc,nmethod     ] GC(0) Unregister NMethod: jdk.internal.loader.URLClassPath$JarLoader.ensureOpen (0x000070b063358590)
[3,286s][debug][gc,nmethod     ] GC(0) Unregister NMethod: jdk.internal.loader.Resource.getBytes (0x000070b043c79c10)
[3,286s][debug][gc,nmethod     ] GC(0) Unregister NMethod: java.util.zip.ZipUtils.LG (0x000070b043a6ff10)
[3,286s][debug][gc,nmethod     ] GC(0) Unregister NMethod: java.util.LinkedHashMap.get (0x000070b043abd890)
[3,286s][debug][gc,nmethod     ] GC(0) Unregister NMethod: java.lang.StringBuilder.length (0x000070b043a6c390)
[3,286s][debug][gc,nmethod     ] GC(0) Unregister NMethod: java.lang.StringLatin1.indexOf (0x000070b043a15a90)
[3,286s][debug][gc,nmethod     ] GC(0) Unregister NMethod: java.util.WeakHashMap.getTable (0x000070b043aa8710)
[3,286s][debug][gc,nmethod     ] GC(0) Unregister NMethod: java.lang.String.startsWith (0x000070b06336f890)
[3,286s][debug][gc,nmethod     ] GC(0) Unregister NMethod: java.nio.DirectByteBuffer.get (0x000070b043aa6c10)
[3,286s][debug][gc,nmethod     ] GC(0) Unregister NMethod: java.util.ImmutableCollections$SetN$SetNIterator.hasNext (0x000070b043a08110)
[3,286s][debug][gc,nmethod     ] GC(0) Unregister NMethod: java.util.concurrent.locks.ReentrantLock$Sync.tryRelease (0x000070b043be5a10)
[3,286s][debug][gc,nmethod     ] GC(0) Unregister NMethod: java.nio.DirectLongBufferU.ix (0x000070b043aa2c90)
[3,286s][debug][gc,nmethod     ] GC(0) Unregister NMethod: java.util.zip.ZipFile$Source.isMetaName (0x000070b043a86610)
[3,286s][debug][gc,nmethod     ] GC(0) Unregister NMethod: jdk.internal.misc.Unsafe.allocateUninitializedArray (0x000070b043a74e10)
[3,286s][debug][gc,nmethod     ] GC(0) Unregister NMethod: java.lang.String.isEmpty (0x000070b043a12490)
[3,286s][debug][gc,nmethod     ] GC(0) Unregister NMethod: java.lang.String.startsWith (0x000070b043a14090)
[3,286s][debug][gc,nmethod     ] GC(0) Unregister NMethod: java.lang.StringUTF16.compress (0x000070b043a7c510)
[3,286s][debug][gc,nmethod     ] GC(0) Unregister NMethod: java.util.HashMap.getNode (0x000070b043a38d10)
[3,286s][debug][gc,nmethod     ] GC(0) Unregister NMethod: java.util.jar.JarFile.getJarEntry (0x000070b063365110)
[3,286s][debug][gc,nmethod     ] GC(0) Unregister NMethod: java.util.zip.ZipFile$Source.getEntryPos (0x000070b043a9d110)
[3,286s][debug][gc,nmethod     ] GC(0) Unregister NMethod: worker.org.gradle.internal.stream.EncodedStream$EncodedInput.hexToByte (0x000070b043a60390)
[3,286s][debug][gc,nmethod     ] GC(0) Unregister NMethod: java.lang.String.startsWith (0x000070b043a16c90)
[3,286s][debug][gc,nmethod     ] GC(0) Unregister NMethod: java.util.jar.JarFile.getEntry (0x000070b043aa1710)
[3,286s][debug][gc,nmethod     ] GC(0) Unregister NMethod: java.util.concurrent.locks.ReentrantLock$NonfairSync.initialTryLock (0x000070b043a5f790)
[3,286s][debug][gc,nmethod     ] GC(0) Unregister NMethod: java.util.concurrent.ConcurrentHashMap.putVal (0x000070b06334b410)
[3,286s][debug][gc,nmethod     ] GC(0) Unregister NMethod: java.lang.String.toString (0x000070b043a91a10)
[3,286s][debug][gc,nmethod     ] GC(0) Unregister NMethod: java.io.BufferedReader.read (0x000070b043e95010)
[3,286s][debug][gc,nmethod     ] GC(0) Unregister NMethod: java.lang.ref.SoftReference.get (0x000070b043b33290)
[3,286s][debug][gc,nmethod     ] GC(0) Unregister NMethod: jdk.internal.misc.Unsafe.putReferenceRelease (0x000070b043a78a10)
[3,286s][debug][gc,nmethod     ] GC(0) Unregister NMethod: java.util.jar.JarFile.checkForSpecialAttributes (0x000070b043a98b90)
[3,286s][debug][gc,nmethod     ] GC(0) Unregister NMethod: java.lang.String.indexOf (0x000070b043ae4e10)
[3,286s][debug][gc,nmethod     ] GC(0) Unregister NMethod: java.lang.StringLatin1.indexOfChar (0x000070b043a12910)
[3,286s][debug][gc,nmethod     ] GC(0) Unregister NMethod: java.lang.String.<init> (0x000070b043c67410)
[3,286s][debug][gc,nmethod     ] GC(0) Unregister NMethod: java.util.jar.Manifest$FastInputStream.readLine (0x000070b043ae7e90)
[3,286s][debug][gc,nmethod     ] GC(0) Unregister NMethod: java.util.Objects.requireNonNull (0x000070b043a26090)
[3,286s][debug][gc,nmethod     ] GC(0) Unregister NMethod: jdk.internal.misc.InternalLock.lock (0x000070b043a64610)
[3,286s][debug][gc,nmethod     ] GC(0) Unregister NMethod: java.lang.ref.Reference.reachabilityFence (0x000070b043a87010)
[3,286s][debug][gc,nmethod     ] GC(0) Unregister NMethod: java.util.Arrays.copyOfRange (0x000070b043a29410)
[3,286s][debug][gc,nmethod     ] GC(0) Unregister NMethod: java.util.concurrent.locks.AbstractQueuedSynchronizer.compareAndSetState (0x000070b043a60010)
[3,287s][debug][gc,nmethod     ] GC(0) Unregister NMethod: java.util.jar.JavaUtilJarAccessImpl.ensureInitialization (0x000070b043bcc790)
[3,287s][debug][gc,nmethod     ] GC(0) Unregister NMethod: java.lang.ClassLoader.checkName (0x000070b043a96610)
[3,287s][debug][gc,nmethod     ] GC(0) Unregister NMethod: jdk.internal.misc.Blocker.begin (0x000070b043a6ad10)
[3,287s][debug][gc,nmethod     ] GC(0) Unregister NMethod: java.util.zip.ZipFile.getEntry (0x000070b043a9e690)
[3,287s][debug][gc,nmethod     ] GC(0) Unregister NMethod: java.util.zip.ZipFile.getZipEntry (0x000070b043b96610)
[3,287s][debug][gc,nmethod     ] GC(0) Unregister NMethod: sun.reflect.generics.parser.SignatureParser.advance (0x000070b043b87c90)
[3,287s][debug][gc,nmethod     ] GC(0) Unregister NMethod: jdk.internal.loader.Resource.cachedInputStream (0x000070b043b60590)
[3,287s][debug][gc,nmethod     ] GC(0) Unregister NMethod: java.lang.String.coder (0x000070b043a0fb10)
[3,287s][debug][gc,nmethod     ] GC(0) Unregister NMethod: worker.org.gradle.internal.stream.EncodedStream$EncodedInput.read (0x000070b063327e10)
[3,287s][debug][gc,nmethod     ] GC(0) Unregister NMethod: java.util.jar.JarFile.getJarEntry (0x000070b043aa0010)
[3,287s][debug][gc,nmethod     ] GC(0) Unregister NMethod: java.lang.Integer.rotateLeft (0x000070b043b3df10)
[3,287s][debug][gc,nmethod     ] GC(0) Unregister NMethod: java.util.ImmutableCollections$SetN$SetNIterator.next (0x000070b043a18a10)
[3,287s][debug][gc,nmethod     ] GC(0) Unregister NMethod: java.lang.String.<init> (0x000070b043a6f390)
[3,287s][debug][gc,nmethod     ] GC(0) Unregister NMethod: java.lang.String.equals (0x000070b043a05110)
[3,287s][debug][gc,nmethod     ] GC(0) Unregister NMethod: java.util.concurrent.locks.ReentrantLock$Sync.tryRelease (0x000070b06330ef90)
[3,287s][debug][gc,nmethod     ] GC(0) Unregister NMethod: jdk.internal.util.ReferencedKeyMap.removeStaleReferences (0x000070b043a1ef10)
[3,287s][debug][gc,nmethod     ] GC(0) Unregister NMethod: java.util.concurrent.ConcurrentHashMap.putVal (0x000070b043a19290)
[3,287s][debug][gc,nmethod     ] GC(0) Unregister NMethod: java.io.BufferedInputStream.read (0x000070b043a66f10)
[3,287s][debug][gc,nmethod     ] GC(0) Unregister NMethod: java.lang.String.<init> (0x000070b043af7e10)
[3,287s][debug][gc,nmethod     ] GC(0) Unregister NMethod: java.lang.StringLatin1.hashCode (0x000070b043a04510)
[3,287s][debug][gc,nmethod     ] GC(0) Unregister NMethod: sun.net.www.ParseUtil.firstEncodeIndex (0x000070b043ebd290)
[3,287s][debug][gc,nmethod     ] GC(0) Unregister NMethod: java.lang.invoke.MethodType.parameterType (0x000070b043a2eb90)
[3,287s][debug][gc,nmethod     ] GC(0) Unregister NMethod: java.util.concurrent.ConcurrentHashMap.casTabAt (0x000070b043a51f90)
[3,287s][debug][gc,nmethod     ] GC(0) Unregister NMethod: java.util.concurrent.locks.ReentrantLock.unlock (0x000070b043a63610)
[3,287s][debug][gc,nmethod     ] GC(0) Unregister NMethod: jdk.internal.loader.URLClassPath$JarLoader.ensureOpen (0x000070b043a9c190)
[3,287s][debug][gc,nmethod     ] GC(0) Unregister NMethod: java.lang.CharacterData.of (0x000070b043b78e90)
[3,287s][debug][gc,nmethod     ] GC(0) Unregister NMethod: java.util.Objects.requireNonNull (0x000070b043a08d10)
[3,287s][debug][gc,nmethod     ] GC(0) Unregister NMethod: java.lang.AbstractStringBuilder.ensureCapacityInternal (0x000070b043a2e210)
[3,287s][debug][gc,nmethod     ] GC(0) Unregister NMethod: java.lang.StringConcatHelper.newString (0x000070b043ac7f10)
[3,287s][debug][gc,nmethod     ] GC(0) Unregister NMethod: java.lang.String.regionMatches (0x000070b043aac690)
[3,287s][debug][gc,nmethod     ] GC(0) Unregister NMethod: java.util.concurrent.locks.ReentrantLock$NonfairSync.initialTryLock (0x000070b043be6a10)
[3,287s][debug][gc,nmethod     ] GC(0) Unregister NMethod: sun.reflect.generics.parser.SignatureParser.current (0x000070b043b88310)
[3,287s][debug][gc,nmethod     ] GC(0) Unregister NMethod: java.lang.invoke.MemberName.getReferenceKind (0x000070b043a7c190)
[3,287s][debug][gc,nmethod     ] GC(0) Unregister NMethod: jdk.internal.loader.URLClassPath.getResource (0x000070b043b9e410)
[3,287s][debug][gc,nmethod     ] GC(0) Unregister NMethod: java.util.jar.JarFile.isMultiRelease (0x000070b043a9cb90)
[3,287s][debug][gc,nmethod     ] GC(0) Unregister NMethod: java.lang.ref.NativeReferenceQueue.poll (0x000070b043a1f910)
[3,287s][debug][gc,nmethod     ] GC(0) Unregister NMethod: jdk.internal.org.objectweb.asm.SymbolTable.get (0x000070b043a26590)
[3,287s][debug][gc,nmethod     ] GC(0) Unregister NMethod: java.util.concurrent.locks.AbstractQueuedSynchronizer.release (0x000070b043a61090)
[3,287s][debug][gc,nmethod     ] GC(0) Unregister NMethod: java.lang.StringLatin1.indexOf (0x000070b043a87a90)
[3,287s][debug][gc,nmethod     ] GC(0) Unregister NMethod: java.lang.String.hashCode (0x000070b043a00390)
[3,287s][debug][gc,nmethod     ] GC(0) Unregister NMethod: java.util.stream.ReduceOps$ReduceOp.evaluateSequential (0x000070b043dbbd90)
[3,287s][debug][gc,nmethod     ] GC(0) Unregister NMethod: java.lang.StringCoding.countPositives (0x000070b063318990)
[3,287s][debug][gc,nmethod     ] GC(0) Unregister NMethod: java.lang.String.charAt (0x000070b043a11310)
[3,287s][debug][gc,nmethod     ] GC(0) Unregister NMethod: jdk.internal.loader.URLClassPath$JarLoader.checkResource (0x000070b043be4310)
[3,287s][debug][gc,nmethod     ] GC(0) Unregister NMethod: java.lang.StringLatin1.indexOf (0x000070b043ae4890)
[3,287s][debug][gc,nmethod     ] GC(0) Unregister NMethod: java.lang.Math.max (0x000070b043a16910)
[3,287s][debug][gc,nmethod     ] GC(0) Unregister NMethod: java.lang.StringBuilder.append (0x000070b043a53010)
[3,287s][debug][gc,nmethod     ] GC(0) Unregister NMethod: java.io.BufferedInputStream.getBufIfOpen (0x000070b043a63210)
[3,287s][debug][gc,nmethod     ] GC(0) Unregister NMethod: java.util.HashMap.get (0x000070b043a3d510)
[3,287s][debug][gc,nmethod     ] GC(0) Unregister NMethod: java.util.jar.JarFile.getEntry (0x000070b063368f10)
[3,287s][debug][gc,nmethod     ] GC(0) Unregister NMethod: java.util.concurrent.ConcurrentHashMap.get (0x000070b043a20c10)
[3,287s][debug][gc,nmethod     ] GC(0) Unregister NMethod: jdk.internal.util.ArraysSupport.signedHashCode (0x000070b043a00c10)
[3,287s][debug][gc,nmethod     ] GC(0) Unregister NMethod: java.io.BufferedReader.implRead (0x000070b043e94490)
[3,287s][debug][gc,nmethod     ] GC(0) Unregister NMethod: jdk.internal.org.objectweb.asm.SymbolTable$Entry.<init> (0x000070b043a71c90)
[3,287s][debug][gc,nmethod     ] GC(0) Unregister NMethod: java.util.concurrent.locks.AbstractQueuedSynchronizer.signalNext (0x000070b06330f790)
[3,287s][debug][gc,nmethod     ] GC(0) Unregister NMethod: worker.org.gradle.internal.stream.EncodedStream$EncodedInput.read (0x000070b043a65790)
[3,287s][debug][gc,nmethod     ] GC(0) Unregister NMethod: java.util.concurrent.locks.AbstractQueuedSynchronizer.compareAndSetState (0x000070b06330d610)
[3,287s][debug][gc,nmethod     ] GC(0) Unregister NMethod: java.util.HashMap.put (0x000070b043a38510)
[3,287s][debug][gc,nmethod     ] GC(0) Unregister NMethod: java.util.jar.JarFile.getInputStream (0x000070b043bd1a10)
[3,287s][debug][gc,nmethod     ] GC(0) Unregister NMethod: java.util.zip.ZipFile$CleanableResource.releaseInflater (0x000070b043bb2290)
[3,287s][debug][gc,nmethod     ] GC(0) Unregister NMethod: java.util.WeakHashMap.remove (0x000070b043ab9d10)
[3,287s][debug][gc,nmethod     ] GC(0) Unregister NMethod: java.nio.DirectByteBuffer.ix (0x000070b043aa5b90)
[3,287s][debug][gc,nmethod     ] GC(0) Unregister NMethod: java.lang.StringBuilder.<init> (0x000070b043a79a10)
[3,287s][debug][gc,nmethod     ] GC(0) Unregister NMethod: java.util.zip.ZipFile$CleanableResource.getInflater (0x000070b043b29810)
[3,287s][debug][gc,nmethod     ] GC(0) Unregister NMethod: java.util.jar.JavaUtilJarAccessImpl.entryFor (0x000070b043b66b90)
[3,287s][debug][gc,nmethod     ] GC(0) Unregister NMethod: java.lang.CharacterDataLatin1.getProperties (0x000070b043b39c10)
[3,287s][debug][gc,nmethod     ] GC(0) Unregister NMethod: java.lang.AbstractStringBuilder.<init> (0x000070b043a6de90)
[3,287s][debug][gc,nmethod     ] GC(0) Unregister NMethod: jdk.internal.org.objectweb.asm.Symbol.<init> (0x000070b043a2c910)
[3,287s][debug][gc,nmethod     ] GC(0) Unregister NMethod: java.util.zip.ZipFile.ensureOpen (0x000070b043a91d90)
[3,287s][debug][gc,nmethod     ] GC(0) Unregister NMethod: java.lang.String.length (0x000070b043a0fe90)
[3,287s][debug][gc,nmethod     ] GC(0) Unregister NMethod: jdk.internal.jimage.ImageStringsReader.unmaskedHashCode (0x000070b043ae3290)
[3,287s][debug][gc,nmethod     ] GC(0) Unregister NMethod: java.util.jar.JarFile.isMultiRelease (0x000070b06335db90)
[3,287s][debug][gc,nmethod     ] GC(0) Unregister NMethod: java.lang.String.indexOf (0x000070b043a13c90)
[3,287s][debug][gc,nmethod     ] GC(0) Unregister NMethod: java.util.zip.ZipFile$Source.zipCoderForPos (0x000070b043a83690)
[3,287s][debug][gc,nmethod     ] GC(0) Unregister NMethod: jdk.internal.loader.URLClassPath.getLoader (0x000070b043aa3010)
[3,287s][debug][gc,nmethod     ] GC(0) Unregister NMethod: java.io.BufferedInputStream.getBufIfOpen (0x000070b063320210)
[3,287s][debug][gc,nmethod     ] GC(0) Unregister NMethod: java.io.BufferedInputStream.implRead (0x000070b043a65090)
[3,287s][debug][gc,nmethod     ] GC(0) Unregister NMethod: jdk.internal.util.ArraysSupport.mismatch (0x000070b063362490)
[3,287s][debug][gc,nmethod     ] GC(0) Unregister NMethod: java.lang.StringLatin1.canEncode (0x000070b043a16510)
[3,287s][debug][gc,nmethod     ] GC(0) Unregister NMethod: java.util.HashMap.putVal (0x000070b043a35910)
[3,287s][debug][gc,nmethod     ] GC(0) Unregister NMethod: jdk.internal.org.objectweb.asm.SymbolTable.put (0x000070b043a2d110)
[3,287s][debug][gc,nmethod     ] GC(0) Unregister NMethod: java.util.concurrent.locks.AbstractQueuedSynchronizer.signalNext (0x000070b043cb0d10)
[3,287s][debug][gc,nmethod     ] GC(0) Unregister NMethod: jdk.internal.org.objectweb.asm.ByteVector.putUTF8 (0x000070b043a2b090)
[3,287s][debug][gc,nmethod     ] GC(0) Unregister NMethod: java.util.jar.JarFile.checkForSpecialAttributes (0x000070b063363190)
[3,287s][debug][gc,nmethod     ] GC(0) Unregister NMethod: java.lang.String.startsWith (0x000070b063379610)
[3,287s][debug][gc,nmethod     ] GC(0) Unregister NMethod: java.util.ArrayList.get (0x000070b043a8ff10)
[3,287s][debug][gc,nmethod     ] GC(0) Unregister NMethod: java.util.zip.ZipFile$Source.nextEntryPos (0x000070b043a87310)
[3,288s][debug][gc,nmethod     ] GC(0) Unregister NMethod: java.net.URLClassLoader.defineClass (0x000070b043bdaa10)
[3,288s][debug][gc,nmethod     ] GC(0) Unregister NMethod: sun.net.www.ParseUtil.firstEncodeIndex (0x000070b043a6cb10)
[3,288s][debug][gc,nmethod     ] GC(0) Unregister NMethod: java.io.BufferedInputStream.getBufIfOpen (0x000070b043a63e10)
[3,288s][debug][gc,nmethod     ] GC(0) Unregister NMethod: java.util.jar.JarFile.getJarEntry (0x000070b043cb3110)
[3,288s][debug][gc,nmethod     ] GC(0) Unregister NMethod: sun.security.util.KnownOIDs.register (0x000070b043b3e210)
[3,288s][debug][gc,nmethod     ] GC(0) Unregister NMethod: java.util.WeakHashMap.put (0x000070b043b12510)
[3,288s][debug][gc,nmethod     ] GC(0) Unregister NMethod: java.lang.StringLatin1.newString (0x000070b043a4c410)
[3,288s][debug][gc,nmethod     ] GC(0) Unregister NMethod: java.util.zip.ZipCoder.hash (0x000070b043a9f190)
[3,288s][debug][gc,nmethod     ] GC(0) Unregister NMethod: java.util.ArrayList$Itr.next (0x000070b043b82310)
[3,288s][debug][gc,nmethod     ] GC(0) Unregister NMethod: java.lang.String.substring (0x000070b043a4f090)
[3,288s][debug][gc,nmethod     ] GC(0) Unregister NMethod: java.net.URLClassLoader$1.run (0x000070b043bd7f10)
[3,288s][debug][gc,phases      ] GC(0) Concurrent Classes Purge 3,494ms
[3,288s][debug][gc,phases,start] GC(0) Concurrent References Enqueue
[3,288s][debug][gc,phases      ] GC(0) Concurrent References Enqueue 0,014ms
[3,288s][info ][gc,phases      ] GC(0) Concurrent Process Non-Strong References 5,071ms
[3,288s][debug][gc,phases,start] GC(0) Concurrent Reset Relocation Set
[3,288s][info ][gc,phases      ] GC(0) Concurrent Reset Relocation Set 0,009ms
[3,288s][debug][gc,phases,start] GC(0) Concurrent Select Relocation Set
[3,293s][debug][gc,task        ] GC(0) Executing Task: XRelocationSetInstallTask, Active Workers: 5
[3,293s][info ][gc,phases      ] GC(0) Concurrent Select Relocation Set 5,423ms
[3,293s][debug][gc,phases,start] GC(0) Pause Relocate Start
[3,293s][info ][gc,phases      ] GC(0) Pause Relocate Start 0,050ms
[3,293s][debug][gc,phases,start] GC(0) Concurrent Relocate
[3,293s][debug][gc,task        ] GC(0) Executing Task: XRelocateTask, Active Workers: 5
[3,295s][info ][gc,phases      ] GC(0) Concurrent Relocate 1,780ms
[3,295s][debug][gc,heap        ] GC(0) Heap after GC invocations=1 (full 1):
[3,295s][debug][gc,heap        ] GC(0)  ZHeap           used 62M, capacity 5120M, max capacity 12288M
[3,295s][debug][gc,heap        ] GC(0)  Metaspace       used 21445K, committed 21696K, reserved 1114112K
[3,295s][debug][gc,heap        ] GC(0)   class space    used 2383K, committed 2496K, reserved 1048576K
[3,295s][info ][gc,load        ] GC(0) Load: 4,01/5,60/3,23
[3,295s][info ][gc,mmu         ] GC(0) MMU: 2ms/94,5%, 5ms/97,8%, 10ms/98,5%, 20ms/99,0%, 50ms/99,6%, 100ms/99,8%
[3,295s][info ][gc,marking     ] GC(0) Mark: 4 stripe(s), 2 proactive flush(es), 1 terminate flush(es), 0 completion(s), 0 continuation(s) 
[3,295s][info ][gc,marking     ] GC(0) Mark Stack Usage: 32M
[3,295s][info ][gc,nmethod     ] GC(0) NMethods: 1758 registered, 217 unregistered
[3,295s][info ][gc,metaspace   ] GC(0) Metaspace: 20M used, 21M committed, 1088M reserved
[3,295s][info ][gc,ref         ] GC(0) Soft: 3787 encountered, 0 discovered, 0 enqueued
[3,295s][info ][gc,ref         ] GC(0) Weak: 1917 encountered, 809 discovered, 565 enqueued
[3,295s][info ][gc,ref         ] GC(0) Final: 0 encountered, 0 discovered, 0 enqueued
[3,295s][info ][gc,ref         ] GC(0) Phantom: 817 encountered, 695 discovered, 429 enqueued
[3,295s][info ][gc,reloc       ] GC(0) Small Pages: 28 / 56M, Empty: 0M, Relocated: 6M, In-Place: 0
[3,295s][info ][gc,reloc       ] GC(0) Medium Pages: 1 / 32M, Empty: 0M, Relocated: 0M, In-Place: 0
[3,295s][info ][gc,reloc       ] GC(0) Large Pages: 0 / 0M, Empty: 0M, Relocated: 0M, In-Place: 0
[3,295s][info ][gc,reloc       ] GC(0) Forwarding Usage: 1M
[3,295s][info ][gc,heap        ] GC(0) Min Capacity: 5120M(42%)
[3,296s][info ][gc,heap        ] GC(0) Max Capacity: 12288M(100%)
[3,296s][info ][gc,heap        ] GC(0) Soft Max Capacity: 12288M(100%)
[3,296s][info ][gc,heap        ] GC(0)                Mark Start          Mark End        Relocate Start      Relocate End           High               Low         
[3,296s][info ][gc,heap        ] GC(0)  Capacity:     5120M (42%)        5120M (42%)        5120M (42%)        5120M (42%)        5120M (42%)        5120M (42%)    
[3,296s][info ][gc,heap        ] GC(0)      Free:    12200M (99%)       12198M (99%)       12194M (99%)       12226M (99%)       12226M (99%)       12184M (99%)    
[3,296s][info ][gc,heap        ] GC(0)      Used:       88M (1%)           90M (1%)           94M (1%)           62M (1%)          104M (1%)           62M (1%)     
[3,296s][info ][gc,heap        ] GC(0)      Live:         -                11M (0%)           11M (0%)           11M (0%)             -                  -          
[3,296s][info ][gc,heap        ] GC(0) Allocated:         -                 2M (0%)            6M (0%)           13M (0%)             -                  -          
[3,296s][info ][gc,heap        ] GC(0)   Garbage:         -                76M (1%)           76M (1%)           36M (0%)             -                  -          
[3,296s][info ][gc,heap        ] GC(0) Reclaimed:         -                  -                 0M (0%)           39M (0%)             -                  -          
[3,296s][info ][gc             ] GC(0) Garbage Collection (Metadata GC Threshold) 88M(1%)->62M(1%)
[3,382s][debug][gc,alloc       ] Allocation Rate: 134,0MB/s, Predicted: 123,1MB/s, Avg: 64,4(+/-32,7)MB/s
[3,382s][debug][gc,director    ] Rule: Warmup 10%, Used: 100MB, UsedThreshold: 1228MB
[3,382s][debug][gc,director    ] Rule: High Usage, Free: 12146MB(98,8%)
[3,482s][debug][gc,alloc       ] Allocation Rate: 144,0MB/s, Predicted: 143,2MB/s, Avg: 72,4(+/-39,1)MB/s
[3,482s][debug][gc,director    ] Rule: Warmup 10%, Used: 110MB, UsedThreshold: 1228MB
[3,482s][debug][gc,director    ] Rule: High Usage, Free: 12136MB(98,8%)
[3,582s][debug][gc,alloc       ] Allocation Rate: 146,0MB/s, Predicted: 154,9MB/s, Avg: 86,4(+/-37,9)MB/s
[3,582s][debug][gc,director    ] Rule: Warmup 10%, Used: 118MB, UsedThreshold: 1228MB
[3,582s][debug][gc,director    ] Rule: High Usage, Free: 12128MB(98,7%)
[3,681s][debug][gc,alloc       ] Allocation Rate: 112,0MB/s, Predicted: 153,9MB/s, Avg: 93,2(+/-35,7)MB/s
[3,681s][debug][gc,director    ] Rule: Warmup 10%, Used: 122MB, UsedThreshold: 1228MB
[3,681s][debug][gc,director    ] Rule: High Usage, Free: 12124MB(98,7%)
[3,781s][debug][gc,alloc       ] Allocation Rate: 112,0MB/s, Predicted: 149,3MB/s, Avg: 99,6(+/-32,6)MB/s
[3,781s][debug][gc,director    ] Rule: Warmup 10%, Used: 126MB, UsedThreshold: 1228MB
[3,781s][debug][gc,director    ] Rule: High Usage, Free: 12120MB(98,6%)
[3,882s][debug][gc,alloc       ] Allocation Rate: 124,0MB/s, Predicted: 146,9MB/s, Avg: 106,6(+/-29,4)MB/s
[3,882s][debug][gc,director    ] Rule: Warmup 10%, Used: 144MB, UsedThreshold: 1228MB
[3,882s][debug][gc,director    ] Rule: High Usage, Free: 12102MB(98,5%)
[3,902s][debug][gc,nmethod     ] Rebuilding NMethod Table: 4096->4096 entries, 2651(65%->65%) registered, 217(5%->0%) unregistered
[3,982s][debug][gc,alloc       ] Allocation Rate: 138,0MB/s, Predicted: 148,1MB/s, Avg: 114,0(+/-27,0)MB/s
[3,982s][debug][gc,director    ] Rule: Warmup 10%, Used: 168MB, UsedThreshold: 1228MB
[3,982s][debug][gc,director    ] Rule: High Usage, Free: 12078MB(98,3%)
[4,082s][debug][gc,alloc       ] Allocation Rate: 170,0MB/s, Predicted: 158,8MB/s, Avg: 124,0(+/-27,4)MB/s
[4,082s][debug][gc,director    ] Rule: Warmup 10%, Used: 206MB, UsedThreshold: 1228MB
[4,082s][debug][gc,director    ] Rule: High Usage, Free: 12040MB(98,0%)
[4,181s][debug][gc,alloc       ] Allocation Rate: 222,0MB/s, Predicted: 185,2MB/s, Avg: 138,6(+/-35,6)MB/s
[4,181s][debug][gc,director    ] Rule: Warmup 10%, Used: 264MB, UsedThreshold: 1228MB
[4,181s][debug][gc,director    ] Rule: High Usage, Free: 11982MB(97,5%)
[4,282s][debug][gc,alloc       ] Allocation Rate: 282,0MB/s, Predicted: 228,0MB/s, Avg: 158,4(+/-51,3)MB/s
[4,282s][debug][gc,director    ] Rule: Warmup 10%, Used: 332MB, UsedThreshold: 1228MB
[4,282s][debug][gc,director    ] Rule: High Usage, Free: 11914MB(97,0%)
[4,382s][debug][gc,alloc       ] Allocation Rate: 312,0MB/s, Predicted: 282,9MB/s, Avg: 176,2(+/-67,9)MB/s
[4,382s][debug][gc,director    ] Rule: Warmup 10%, Used: 412MB, UsedThreshold: 1228MB
[4,382s][debug][gc,director    ] Rule: High Usage, Free: 11834MB(96,3%)
[4,438s][debug][gc,nmethod     ] Rebuilding NMethod Table: 4096->8192 entries, 2868(70%->35%) registered, 0(0%->0%) unregistered
[4,482s][debug][gc,alloc       ] Allocation Rate: 382,0MB/s, Predicted: 356,7MB/s, Avg: 200,0(+/-90,4)MB/s
[4,482s][debug][gc,director    ] Rule: Warmup 10%, Used: 494MB, UsedThreshold: 1228MB
[4,482s][debug][gc,director    ] Rule: High Usage, Free: 11752MB(95,6%)
[4,581s][debug][gc,alloc       ] Allocation Rate: 458,0MB/s, Predicted: 445,5MB/s, Avg: 231,2(+/-116,5)MB/s
[4,581s][debug][gc,director    ] Rule: Warmup 10%, Used: 578MB, UsedThreshold: 1228MB
[4,581s][debug][gc,director    ] Rule: High Usage, Free: 11668MB(95,0%)
[4,682s][debug][gc,alloc       ] Allocation Rate: 540,0MB/s, Predicted: 537,2MB/s, Avg: 274,0(+/-140,9)MB/s
[4,682s][debug][gc,director    ] Rule: Warmup 10%, Used: 662MB, UsedThreshold: 1228MB
[4,682s][debug][gc,director    ] Rule: High Usage, Free: 11584MB(94,3%)
[4,782s][debug][gc,alloc       ] Allocation Rate: 624,0MB/s, Predicted: 634,0MB/s, Avg: 325,2(+/-163,9)MB/s
[4,782s][debug][gc,director    ] Rule: Warmup 10%, Used: 750MB, UsedThreshold: 1228MB
[4,782s][debug][gc,director    ] Rule: High Usage, Free: 11496MB(93,6%)
[4,882s][debug][gc,alloc       ] Allocation Rate: 696,0MB/s, Predicted: 728,7MB/s, Avg: 382,4(+/-182,4)MB/s
[4,882s][debug][gc,director    ] Rule: Warmup 10%, Used: 840MB, UsedThreshold: 1228MB
[4,882s][debug][gc,director    ] Rule: High Usage, Free: 11406MB(92,8%)
[4,981s][debug][gc,alloc       ] Allocation Rate: 760,0MB/s, Predicted: 814,5MB/s, Avg: 444,6(+/-194,2)MB/s
[4,982s][debug][gc,director    ] Rule: Warmup 10%, Used: 928MB, UsedThreshold: 1228MB
[4,982s][debug][gc,director    ] Rule: High Usage, Free: 11316MB(92,1%)
[5,082s][debug][gc,alloc       ] Allocation Rate: 814,0MB/s, Predicted: 889,1MB/s, Avg: 509,0(+/-199,2)MB/s
[5,082s][debug][gc,director    ] Rule: Warmup 10%, Used: 1020MB, UsedThreshold: 1228MB
[5,082s][debug][gc,director    ] Rule: High Usage, Free: 11226MB(91,4%)
[5,182s][debug][gc,alloc       ] Allocation Rate: 846,0MB/s, Predicted: 947,3MB/s, Avg: 571,4(+/-197,2)MB/s
[5,182s][debug][gc,director    ] Rule: Warmup 10%, Used: 1110MB, UsedThreshold: 1228MB
[5,182s][debug][gc,director    ] Rule: High Usage, Free: 11136MB(90,6%)
[5,281s][debug][gc,alloc       ] Allocation Rate: 866,0MB/s, Predicted: 988,0MB/s, Avg: 629,8(+/-189,2)MB/s
[5,281s][debug][gc,director    ] Rule: Warmup 10%, Used: 1198MB, UsedThreshold: 1228MB
[5,281s][debug][gc,director    ] Rule: High Usage, Free: 11048MB(89,9%)
[5,381s][debug][gc,alloc       ] Allocation Rate: 882,0MB/s, Predicted: 1004,1MB/s, Avg: 686,8(+/-169,7)MB/s
[5,382s][debug][gc,director    ] Rule: Warmup 10%, Used: 1294MB, UsedThreshold: 1228MB
[5,382s][debug][gc,heap        ] GC(1) Heap before GC invocations=1 (full 1):
[5,382s][debug][gc,heap        ] GC(1)  ZHeap           used 1294M, capacity 5120M, max capacity 12288M
[5,382s][debug][gc,heap        ] GC(1)  Metaspace       used 30559K, committed 31040K, reserved 1114112K
[5,382s][debug][gc,heap        ] GC(1)   class space    used 3428K, committed 3648K, reserved 1048576K
[5,382s][info ][gc,start       ] GC(1) Garbage Collection (Warmup)
[5,382s][info ][gc,task        ] GC(1) Using 5 workers
[5,382s][debug][gc,phases,start] GC(1) Pause Mark Start
[5,382s][debug][gc,marking     ] GC(1) Using 4 mark stripes
[5,382s][debug][gc,marking     ] GC(1) Mark Worker/Stripe Distribution
[5,382s][debug][gc,marking     ] GC(1)   Worker 0(5) -> Stripe 0(4)
[5,382s][debug][gc,marking     ] GC(1)   Worker 1(5) -> Stripe 1(4)
[5,382s][debug][gc,marking     ] GC(1)   Worker 2(5) -> Stripe 2(4)
[5,382s][debug][gc,marking     ] GC(1)   Worker 3(5) -> Stripe 3(4)
[5,382s][debug][gc,marking     ] GC(1)   Worker 4(5) -> Stripe 0(4)
[5,382s][info ][gc,phases      ] GC(1) Pause Mark Start 0,105ms
[5,382s][debug][gc,phases,start] GC(1) Concurrent Mark
[5,382s][debug][gc,task        ] GC(1) Executing Task: XMarkRootsTask, Active Workers: 5
[5,383s][debug][gc,tlab        ] GC(1) TLAB totals: thrds: 17  refills: 4795 max: 4770 slow allocs: 9 max 8 waste:  0,6% gc: 3689624B max: 262056B slow: 3649856B max: 3630392B
[5,383s][debug][gc,task        ] GC(1) Executing Task: XMarkTask, Active Workers: 5
[5,471s][info ][gc,phases      ] GC(1) Concurrent Mark 89,278ms
[5,472s][debug][gc,phases,start] GC(1) Pause Mark End
[5,472s][info ][gc,phases      ] GC(1) Pause Mark End 0,063ms
[5,472s][debug][gc,phases,start] GC(1) Concurrent Mark Free
[5,472s][info ][gc,phases      ] GC(1) Concurrent Mark Free 0,050ms
[5,472s][debug][gc,phases,start] GC(1) Concurrent Process Non-Strong References
[5,472s][debug][gc,phases,start] GC(1) Concurrent References Process
[5,472s][debug][gc,task        ] GC(1) Executing Task: XReferenceProcessorTask, Active Workers: 5
[5,472s][debug][gc,phases      ] GC(1) Concurrent References Process 0,152ms
[5,472s][debug][gc,task        ] GC(1) Executing Task: XProcessWeakRootsTask, Active Workers: 5
[5,473s][debug][gc,phases,start] GC(1) Concurrent Classes Unlink
[5,473s][debug][gc,phases,start] GC(1) ClassLoaderData
[5,473s][debug][gc,phases      ] GC(1) ClassLoaderData 0,115ms
[5,473s][debug][gc,phases,start] GC(1) Trigger cleanups
[5,473s][debug][gc,phases      ] GC(1) Trigger cleanups 0,011ms
[5,475s][debug][gc,task        ] GC(1) Executing Task: XNMethodUnlinkTask, Active Workers: 5
[5,476s][debug][gc,phases      ] GC(1) Concurrent Classes Unlink 3,765ms
[5,477s][debug][gc,phases,start] GC(1) Concurrent Classes Purge
[5,477s][debug][gc,nmethod     ] GC(1) Unregister NMethod: java.lang.invoke.MethodTypeForm.canonicalize (0x000070b043a23890)
[5,477s][debug][gc,nmethod     ] GC(1) Unregister NMethod: io.sirix.page.KeyValueLeafPage.getSlot (0x000070b043e93990)
[5,477s][debug][gc,nmethod     ] GC(1) Unregister NMethod: java.util.BitSet.wordIndex (0x000070b043bcb310)
[5,477s][debug][gc,nmethod     ] GC(1) Unregister NMethod: net.openhft.chronicle.bytes.AbstractBytes.clear (0x000070b043f3eb10)
[5,477s][debug][gc,nmethod     ] GC(1) Unregister NMethod: io.sirix.axis.AbstractAxis.resetToLastKey (0x000070b043f20f10)
[5,477s][debug][gc,nmethod     ] GC(1) Unregister NMethod: java.nio.ByteBuffer.arrayOffset (0x000070b043b66b90)
[5,477s][debug][gc,nmethod     ] GC(1) Unregister NMethod: com.google.gson.stream.JsonReader.isLiteral (0x000070b044060790)
[5,477s][debug][gc,nmethod     ] GC(1) Unregister NMethod: java.lang.invoke.MethodType.methodType (0x000070b0633adf90)
[5,477s][debug][gc,nmethod     ] GC(1) Unregister NMethod: io.sirix.service.json.shredder.JsonShredder.processNumber (0x000070b04409de90)
[5,477s][debug][gc,nmethod     ] GC(1) Unregister NMethod: io.sirix.access.trx.node.json.JsonNodeTrxImpl.insertNumberValueAsRightSibling (0x000070b04409f810)
[5,477s][debug][gc,nmethod     ] GC(1) Unregister NMethod: io.sirix.access.trx.node.AbstractNodeReadOnlyTrx.moveToParent (0x000070b043f47c90)
[5,477s][debug][gc,nmethod     ] GC(1) Unregister NMethod: java.lang.Class.getPackageName (0x000070b043a73810)
[5,477s][debug][gc,nmethod     ] GC(1) Unregister NMethod: io.sirix.access.trx.page.NodePageReadOnlyTrx.assertNotClosed (0x000070b043b3eb90)
[5,477s][debug][gc,nmethod     ] GC(1) Unregister NMethod: net.openhft.hashing.Maths.unsignedLongMulXorFold (0x000070b043f2bb90)
[5,477s][debug][gc,nmethod     ] GC(1) Unregister NMethod: java.net.URLStreamHandler.setURL (0x000070b043b9c390)
[5,477s][debug][gc,nmethod     ] GC(1) Unregister NMethod: java.lang.StringLatin1.canEncode (0x000070b043a2cd90)
[5,477s][debug][gc,nmethod     ] GC(1) Unregister NMethod: jdk.internal.org.objectweb.asm.Frame.push (0x000070b043b7c290)
[5,477s][debug][gc,nmethod     ] GC(1) Unregister NMethod: java.lang.Integer.valueOf (0x000070b043a11310)
[5,477s][debug][gc,nmethod     ] GC(1) Unregister NMethod: jdk.internal.org.objectweb.asm.MethodWriter.visitEnd (0x000070b043c92a10)
[5,477s][debug][gc,nmethod     ] GC(1) Unregister NMethod: java.lang.ref.NativeReferenceQueue.poll (0x000070b06338b790)
[5,477s][debug][gc,nmethod     ] GC(1) Unregister NMethod: java.lang.invoke.MethodType.hashCode (0x000070b043a20110)
[5,477s][debug][gc,nmethod     ] GC(1) Unregister NMethod: io.sirix.node.xml.AbstractStructForwardingNode.setLastChildKey (0x000070b043f5b410)
[5,477s][debug][gc,nmethod     ] GC(1) Unregister NMethod: net.openhft.hashing.XXH3.XXH3_mix16B (0x000070b043f2bf90)
[5,477s][debug][gc,nmethod     ] GC(1) Unregister NMethod: io.sirix.access.trx.node.json.JsonNodeFactoryImpl.createJsonNumberNode (0x000070b0440c5e10)
[5,477s][debug][gc,nmethod     ] GC(1) Unregister NMethod: io.sirix.access.trx.node.AbstractNodeReadOnlyTrx.getNodeKey (0x000070b043f83590)
[5,477s][debug][gc,nmethod     ] GC(1) Unregister NMethod: com.google.gson.stream.JsonReader.beginArray (0x000070b0440ff290)
[5,477s][debug][gc,nmethod     ] GC(1) Unregister NMethod: java.util.HashSet.isEmpty (0x000070b043a55190)
[5,477s][debug][gc,nmethod     ] GC(1) Unregister NMethod: io.sirix.page.KeyValueLeafPage.setRecord (0x000070b043f39e90)
[5,477s][debug][gc,nmethod     ] GC(1) Unregister NMethod: io.sirix.node.delegates.ValueNodeDelegate.<init> (0x000070b043ff9d10)
[5,477s][debug][gc,nmethod     ] GC(1) Unregister NMethod: io.sirix.node.json.ArrayNode.computeHash (0x000070b0440b1490)
[5,477s][debug][gc,nmethod     ] GC(1) Unregister NMethod: java.nio.charset.CharsetDecoder.decode (0x000070b0440bac10)
[5,477s][debug][gc,nmethod     ] GC(1) Unregister NMethod: java.lang.ThreadLocal.get (0x000070b043b14490)
[5,477s][debug][gc,nmethod     ] GC(1) Unregister NMethod: com.google.gson.stream.JsonReader.nextBoolean (0x000070b0440a9590)
[5,477s][debug][gc,nmethod     ] GC(1) Unregister NMethod: jdk.internal.foreign.SharedSession$SharedResourceList.add (0x000070b04412db90)
[5,477s][debug][gc,nmethod     ] GC(1) Unregister NMethod: java.lang.StringLatin1.inflate (0x000070b043ec7090)
[5,477s][debug][gc,nmethod     ] GC(1) Unregister NMethod: jdk.internal.misc.Unsafe.checkNativeAddress (0x000070b04410da10)
[5,477s][debug][gc,nmethod     ] GC(1) Unregister NMethod: java.nio.HeapCharBuffer.<init> (0x000070b044116110)
[5,477s][debug][gc,nmethod     ] GC(1) Unregister NMethod: io.sirix.node.json.ArrayNode.getKind (0x000070b043f46b90)
[5,477s][debug][gc,nmethod     ] GC(1) Unregister NMethod: it.unimi.dsi.fastutil.longs.LongArrayList.grow (0x000070b043f51390)
[5,477s][debug][gc,nmethod     ] GC(1) Unregister NMethod: net.openhft.hashing.UnsafeAccess.byteOrder (0x000070b043f58990)
[5,477s][debug][gc,nmethod     ] GC(1) Unregister NMethod: jdk.internal.misc.Unsafe.allocateMemory (0x000070b044107d90)
[5,477s][debug][gc,nmethod     ] GC(1) Unregister NMethod: io.sirix.node.json.AbstractStringNode.delegate (0x000070b043f23610)
[5,477s][debug][gc,nmethod     ] GC(1) Unregister NMethod: io.sirix.node.json.AbstractNumberNode.delegate (0x000070b043f2e390)
[5,477s][debug][gc,nmethod     ] GC(1) Unregister NMethod: java.lang.Long.hashCode (0x000070b043b37a90)
[5,477s][debug][gc,nmethod     ] GC(1) Unregister NMethod: java.net.URLStreamHandler.parseURL (0x000070b043cdcf10)
[5,477s][debug][gc,nmethod     ] GC(1) Unregister NMethod: io.sirix.index.path.summary.PathSummaryReader.getNodeKey (0x000070b043f16b10)
[5,477s][debug][gc,nmethod     ] GC(1) Unregister NMethod: io.sirix.node.json.AbstractBooleanNode.computeHash (0x000070b0440d0c90)
[5,477s][debug][gc,nmethod     ] GC(1) Unregister NMethod: io.sirix.access.trx.node.json.JsonNodeTrxImpl.getPathNodeKey (0x000070b043fd9e90)
[5,477s][debug][gc,nmethod     ] GC(1) Unregister NMethod: io.sirix.access.trx.node.json.JsonNodeFactoryImpl.createJsonBooleanNode (0x000070b0440aaf10)
[5,477s][debug][gc,nmethod     ] GC(1) Unregister NMethod: io.sirix.service.json.shredder.JsonShredder.processBeginArray (0x000070b0440f0a90)
[5,477s][debug][gc,nmethod     ] GC(1) Unregister NMethod: io.sirix.node.delegates.StructNodeDelegate.<init> (0x000070b043f48e90)
[5,477s][debug][gc,nmethod     ] GC(1) Unregister NMethod: java.lang.AbstractStringBuilder.appendChars (0x000070b04412af90)
[5,477s][debug][gc,nmethod     ] GC(1) Unregister NMethod: net.openhft.chronicle.bytes.BytesStore.safeLimit (0x000070b043a87790)
[5,477s][debug][gc,nmethod     ] GC(1) Unregister NMethod: java.util.concurrent.ConcurrentHashMap.putVal (0x000070b043ca9b90)
[5,477s][debug][gc,nmethod     ] GC(1) Unregister NMethod: java.util.ArrayList.getLast (0x000070b043f8db90)
[5,477s][debug][gc,nmethod     ] GC(1) Unregister NMethod: io.sirix.cache.PageContainer.getModifiedAsUnorderedKeyValuePage (0x000070b043f09a90)
[5,477s][debug][gc,nmethod     ] GC(1) Unregister NMethod: java.util.Arrays.copyOf (0x000070b043a7ac90)
[5,477s][debug][gc,nmethod     ] GC(1) Unregister NMethod: com.google.gson.stream.JsonReader.peek (0x000070b043f43810)
[5,477s][debug][gc,nmethod     ] GC(1) Unregister NMethod: io.sirix.access.trx.node.json.JsonNodeFactoryImpl.createJsonNumberNode (0x000070b04409ea10)
[5,477s][debug][gc,nmethod     ] GC(1) Unregister NMethod: io.sirix.node.json.AbstractNumberNode$$TypeSwitch/0x000000003d382b40.typeSwitch (0x000070b04408d510)
[5,477s][debug][gc,nmethod     ] GC(1) Unregister NMethod: io.sirix.cache.IndexLogKey.equals (0x000070b044033010)
[5,477s][debug][gc,nmethod     ] GC(1) Unregister NMethod: io.sirix.access.trx.node.json.JsonNodeTrxImpl.adaptNodesAndHashesForInsertAsChild (0x000070b043f8be10)
[5,477s][debug][gc,nmethod     ] GC(1) Unregister NMethod: jdk.internal.foreign.AbstractMemorySegmentImpl.fill (0x000070b04412cc10)
[5,477s][debug][gc,nmethod     ] GC(1) Unregister NMethod: io.sirix.node.json.ArrayNode.computeHash (0x000070b0440e9f10)
[5,477s][debug][gc,nmethod     ] GC(1) Unregister NMethod: java.lang.Integer.rotateRight (0x000070b043a29410)
[5,477s][debug][gc,nmethod     ] GC(1) Unregister NMethod: io.sirix.service.json.shredder.JsonShredder.insertBooleanValue (0x000070b0440db910)
[5,477s][debug][gc,nmethod     ] GC(1) Unregister NMethod: io.sirix.access.trx.node.json.ForwardingJsonNodeReadOnlyTrx.getKind (0x000070b043f45290)
[5,477s][debug][gc,nmethod     ] GC(1) Unregister NMethod: io.sirix.node.json.AbstractNullNode.delegate (0x000070b04405ef90)
[5,477s][debug][gc,nmethod     ] GC(1) Unregister NMethod: jdk.internal.foreign.ArenaImpl.allocate (0x000070b044112890)
[5,477s][debug][gc,nmethod     ] GC(1) Unregister NMethod: io.sirix.service.json.shredder.JsonShredder.processString (0x000070b0440a6690)
[5,477s][debug][gc,nmethod     ] GC(1) Unregister NMethod: com.google.gson.stream.JsonReader.fillBuffer (0x000070b0440c4510)
[5,477s][debug][gc,nmethod     ] GC(1) Unregister NMethod: net.openhft.chronicle.bytes.internal.HeapBytesStore.writeLong (0x000070b043f06210)
[5,477s][debug][gc,nmethod     ] GC(1) Unregister NMethod: io.sirix.page.KeyValueLeafPage.isSlotSet (0x000070b043ba9a10)
[5,477s][debug][gc,nmethod     ] GC(1) Unregister NMethod: io.sirix.access.trx.node.json.JsonNodeTrxImpl.insertBooleanValueAsRightSibling (0x000070b0440d7810)
[5,477s][debug][gc,nmethod     ] GC(1) Unregister NMethod: java.lang.String.checkIndex (0x000070b043a12090)
[5,477s][debug][gc,nmethod     ] GC(1) Unregister NMethod: net.openhft.chronicle.bytes.internal.HeapBytesStore.writeInt (0x000070b043f7ba90)
[5,477s][debug][gc,nmethod     ] GC(1) Unregister NMethod: java.io.UnixFileSystem.normalize (0x000070b043ae5a10)
[5,477s][debug][gc,nmethod     ] GC(1) Unregister NMethod: io.sirix.page.KeyValueLeafPage.<init> (0x000070b044118190)
[5,478s][debug][gc,nmethod     ] GC(1) Unregister NMethod: net.openhft.hashing.LongHashFunction.unsafeHash (0x000070b043f81990)
[5,478s][debug][gc,nmethod     ] GC(1) Unregister NMethod: io.sirix.node.xml.AbstractStructForwardingNode.incrementChildCount (0x000070b043f4f990)
[5,478s][debug][gc,nmethod     ] GC(1) Unregister NMethod: io.sirix.node.AbstractForwardingNode.getNodeKey (0x000070b043b3df10)
[5,478s][debug][gc,nmethod     ] GC(1) Unregister NMethod: java.io.InputStreamReader.read (0x000070b0440c0c90)
[5,478s][debug][gc,nmethod     ] GC(1) Unregister NMethod: io.sirix.cache.IndexLogKey.hashCode (0x000070b044032a90)
[5,478s][debug][gc,nmethod     ] GC(1) Unregister NMethod: io.sirix.service.json.shredder.JsonShredder.insertNewContent (0x000070b04414f390)
[5,478s][debug][gc,nmethod     ] GC(1) Unregister NMethod: it.unimi.dsi.fastutil.HashCommon.mix (0x000070b043f24490)
[5,478s][debug][gc,nmethod     ] GC(1) Unregister NMethod: sun.nio.cs.StreamDecoder.implRead (0x000070b0440c1590)
[5,478s][debug][gc,nmethod     ] GC(1) Unregister NMethod: sun.net.util.IPAddressUtil.checkHostString (0x000070b043abc310)
[5,478s][debug][gc,nmethod     ] GC(1) Unregister NMethod: java.lang.invoke.MethodType.makeImpl (0x000070b043a5af10)
[5,478s][debug][gc,nmethod     ] GC(1) Unregister NMethod: java.lang.ref.Reference.<init> (0x000070b043a69410)
[5,478s][debug][gc,nmethod     ] GC(1) Unregister NMethod: io.sirix.access.trx.node.json.JsonNodeTrxImpl.insertAsSibling (0x000070b043fe3c10)
[5,478s][debug][gc,nmethod     ] GC(1) Unregister NMethod: io.sirix.service.json.shredder.JsonShredder.insertNumberValue (0x000070b0440cb290)
[5,478s][debug][gc,nmethod     ] GC(1) Unregister NMethod: io.sirix.access.trx.node.json.JsonNodeReadOnlyTrxImpl.isObjectKey (0x000070b043fd5310)
[5,478s][debug][gc,nmethod     ] GC(1) Unregister NMethod: jdk.internal.loader.URLClassPath$JarLoader$2.getCodeSourceURL (0x000070b043bc9310)
[5,478s][debug][gc,nmethod     ] GC(1) Unregister NMethod: net.openhft.chronicle.bytes.NativeBytes.writeByte (0x000070b043a18210)
[5,478s][debug][gc,nmethod     ] GC(1) Unregister NMethod: io.sirix.service.json.shredder.JsonShredder.insertNewContent (0x000070b0440e2590)
[5,478s][debug][gc,nmethod     ] GC(1) Unregister NMethod: io.sirix.access.trx.page.NodePageTrx.getMostRecentPageContainer (0x000070b0633de090)
[5,478s][debug][gc,nmethod     ] GC(1) Unregister NMethod: java.lang.Long.stringSize (0x000070b04407d510)
[5,478s][debug][gc,nmethod     ] GC(1) Unregister NMethod: io.sirix.access.trx.page.NodePageReadOnlyTrx.getValue (0x000070b043f00910)
[5,478s][debug][gc,nmethod     ] GC(1) Unregister NMethod: java.util.zip.Inflater.ensureOpen (0x000070b043aac090)
[5,478s][debug][gc,nmethod     ] GC(1) Unregister NMethod: jdk.internal.foreign.ArenaImpl.allocateNoInit (0x000070b044115590)
[5,478s][debug][gc,nmethod     ] GC(1) Unregister NMethod: jdk.internal.org.objectweb.asm.MethodWriter.visitCode (0x000070b043cc1510)
[5,478s][debug][gc,nmethod     ] GC(1) Unregister NMethod: jdk.internal.reflect.MethodHandleByteFieldAccessorImpl.getByte (0x000070b043ff7f10)
[5,478s][debug][gc,nmethod     ] GC(1) Unregister NMethod: java.util.ArrayList.iterator (0x000070b043bc2390)
[5,478s][debug][gc,nmethod     ] GC(1) Unregister NMethod: io.sirix.access.trx.node.json.JsonNodeTrxImpl.insertArrayAsRightSibling (0x000070b0440b4410)
[5,478s][debug][gc,nmethod     ] GC(1) Unregister NMethod: io.sirix.access.trx.node.AbstractNodeReadOnlyTrx.getParentKind (0x000070b043fb4090)
[5,478s][debug][gc,nmethod     ] GC(1) Unregister NMethod: java.util.HashMap.resize (0x000070b043a4ca90)
[5,478s][debug][gc,nmethod     ] GC(1) Unregister NMethod: net.openhft.chronicle.bytes.internal.BytesInternal.appendUtf8Char (0x000070b043f02a90)
[5,478s][debug][gc,nmethod     ] GC(1) Unregister NMethod: java.lang.String.<init> (0x000070b043d16e90)
[5,478s][debug][gc,nmethod     ] GC(1) Unregister NMethod: java.lang.StringBuilder.toString (0x000070b043a6e390)
[5,478s][debug][gc,nmethod     ] GC(1) Unregister NMethod: java.io.File.isInvalid (0x000070b043a8f310)
[5,478s][debug][gc,nmethod     ] GC(1) Unregister NMethod: io.sirix.access.trx.page.NodePageTrx.createRecord (0x000070b043f3fc10)
[5,478s][debug][gc,nmethod     ] GC(1) Unregister NMethod: com.google.gson.stream.JsonReader.doPeek (0x000070b043f67890)
[5,478s][debug][gc,nmethod     ] GC(1) Unregister NMethod: io.sirix.access.trx.page.NodePageTrx.getMostRecentPageContainer (0x000070b043a1b310)
[5,478s][debug][gc,nmethod     ] GC(1) Unregister NMethod: io.sirix.axis.ChildAxis.nextKey (0x000070b043f21890)
[5,478s][debug][gc,nmethod     ] GC(1) Unregister NMethod: io.sirix.service.json.shredder.JsonShredder.insertArray (0x000070b0440f6310)
[5,478s][debug][gc,nmethod     ] GC(1) Unregister NMethod: sun.net.www.ParseUtil.encodePath (0x000070b043b6fd90)
[5,478s][debug][gc,nmethod     ] GC(1) Unregister NMethod: io.sirix.access.trx.node.json.JsonNodeTrxImpl.moveToParentObjectKeyArrayOrDocumentRoot (0x000070b043f77a90)
[5,478s][debug][gc,nmethod     ] GC(1) Unregister NMethod: java.lang.Integer.parseInt (0x000070b044083610)
[5,478s][debug][gc,nmethod     ] GC(1) Unregister NMethod: java.lang.System$2.decodeASCII (0x000070b04411b710)
[5,478s][debug][gc,nmethod     ] GC(1) Unregister NMethod: com.google.gson.stream.JsonReader.nextNull (0x000070b04406b090)
[5,478s][debug][gc,nmethod     ] GC(1) Unregister NMethod: it.unimi.dsi.fastutil.longs.LongArrayList.add (0x000070b043f50890)
[5,478s][debug][gc,nmethod     ] GC(1) Unregister NMethod: net.openhft.chronicle.core.io.AbstractReferenceCounted.refCount (0x000070b043fcc110)
[5,478s][debug][gc,nmethod     ] GC(1) Unregister NMethod: io.sirix.axis.AbstractAxis.tryToComputeNext (0x000070b043f23c90)
[5,478s][debug][gc,nmethod     ] GC(1) Unregister NMethod: io.sirix.service.json.shredder.JsonShredder.insertBooleanValue (0x000070b0440ad510)
[5,478s][debug][gc,nmethod     ] GC(1) Unregister NMethod: io.sirix.node.json.NumberNode.getKind (0x000070b044065690)
[5,478s][debug][gc,nmethod     ] GC(1) Unregister NMethod: io.sirix.access.trx.page.NodePageTrx.prepareRecordPage (0x000070b044021a10)
[5,478s][debug][gc,nmethod     ] GC(1) Unregister NMethod: sun.net.www.protocol.file.Handler.parseURL (0x000070b043cbce10)
[5,478s][debug][gc,nmethod     ] GC(1) Unregister NMethod: io.sirix.access.trx.page.NodePageTrx.getRecord (0x000070b04401ff10)
[5,478s][debug][gc,nmethod     ] GC(1) Unregister NMethod: java.lang.ref.Cleaner$1.apply (0x000070b043a8ec90)
[5,478s][debug][gc,nmethod     ] GC(1) Unregister NMethod: io.sirix.page.RevisionRootPage.incrementAndGetMaxNodeKeyInDocumentIndex (0x000070b043f53f90)
[5,478s][debug][gc,nmethod     ] GC(1) Unregister NMethod: io.sirix.access.trx.page.NodePageTrx.prepareRecordPage (0x000070b0633e1d10)
[5,478s][debug][gc,nmethod     ] GC(1) Unregister NMethod: io.sirix.access.trx.node.json.JsonNodeTrxImpl.adaptForInsert (0x000070b043f61a10)
[5,478s][debug][gc,nmethod     ] GC(1) Unregister NMethod: com.google.gson.stream.JsonReader.isLiteral (0x000070b0440a3190)
[5,478s][debug][gc,nmethod     ] GC(1) Unregister NMethod: io.sirix.access.trx.node.json.JsonNodeFactoryImpl.createJsonBooleanNode (0x000070b0440d6290)
[5,478s][debug][gc,nmethod     ] GC(1) Unregister NMethod: io.sirix.service.json.shredder.JsonShredder.processNull (0x000070b04406a210)
[5,478s][debug][gc,nmethod     ] GC(1) Unregister NMethod: io.sirix.node.xml.AbstractStructForwardingNode.getRightSiblingKey (0x000070b043f22c90)
[5,478s][debug][gc,nmethod     ] GC(1) Unregister NMethod: java.lang.Math.multiplyHigh (0x000070b043f2af90)
[5,478s][debug][gc,nmethod     ] GC(1) Unregister NMethod: net.openhft.chronicle.core.UnsafeMemory.writeLong (0x000070b043a12790)
[5,478s][debug][gc,nmethod     ] GC(1) Unregister NMethod: net.openhft.hashing.MathsJDK9.unsignedLongMulXorFoldImp (0x000070b043f2b390)
[5,478s][debug][gc,nmethod     ] GC(1) Unregister NMethod: java.io.UnixFileSystem.hasBooleanAttributes (0x000070b043ba8f90)
[5,478s][debug][gc,nmethod     ] GC(1) Unregister NMethod: java.lang.CharacterDataLatin1.digit (0x000070b043f30610)
[5,478s][debug][gc,nmethod     ] GC(1) Unregister NMethod: net.openhft.chronicle.bytes.internal.HeapBytesStore.writeByte (0x000070b043a63c10)
[5,478s][debug][gc,nmethod     ] GC(1) Unregister NMethod: net.openhft.hashing.XXH3.XXH3_avalanche (0x000070b043f83210)
[5,478s][debug][gc,nmethod     ] GC(1) Unregister NMethod: io.sirix.access.trx.node.json.JsonNodeTrxImpl.insertBooleanValueAsRightSibling (0x000070b0440abd10)
[5,478s][debug][gc,nmethod     ] GC(1) Unregister NMethod: io.sirix.service.json.JsonNumber.stringToNumber (0x000070b04409ad90)
[5,478s][debug][gc,nmethod     ] GC(1) Unregister NMethod: net.openhft.chronicle.bytes.NativeBytes.writeOffsetPositionMoved (0x000070b043b3fb10)
[5,478s][debug][gc,nmethod     ] GC(1) Unregister NMethod: java.util.Arrays.fill (0x000070b043b04290)
[5,478s][debug][gc,nmethod     ] GC(1) Unregister NMethod: com.github.benmanes.caffeine.cache.BoundedLocalCache$$Lambda/0x000000003d326fd0.<init> (0x000070b044109790)
[5,478s][debug][gc,nmethod     ] GC(1) Unregister NMethod: java.lang.Thread.onSpinWait (0x000070b043a1ef10)
[5,478s][debug][gc,nmethod     ] GC(1) Unregister NMethod: java.util.concurrent.ConcurrentHashMap.putIfAbsent (0x000070b063392590)
[5,478s][debug][gc,nmethod     ] GC(1) Unregister NMethod: net.openhft.chronicle.bytes.StreamingDataOutput.appendUtf8 (0x000070b043f8b290)
[5,478s][debug][gc,nmethod     ] GC(1) Unregister NMethod: net.openhft.hashing.LongHashFunction.hashByteBuffer (0x000070b043f84990)
[5,478s][debug][gc,nmethod     ] GC(1) Unregister NMethod: io.sirix.service.json.shredder.JsonShredder.insertNullValue (0x000070b044071f10)
[5,478s][debug][gc,nmethod     ] GC(1) Unregister NMethod: java.nio.CharBuffer.limit (0x000070b04405c810)
[5,478s][debug][gc,nmethod     ] GC(1) Unregister NMethod: java.nio.CharBuffer.position (0x000070b043a08d10)
[5,478s][debug][gc,nmethod     ] GC(1) Unregister NMethod: java.lang.System.getSecurityManager (0x000070b043a69890)
[5,478s][debug][gc,nmethod     ] GC(1) Unregister NMethod: io.sirix.service.json.shredder.JsonShredder.processBoolean (0x000070b0440d0410)
[5,478s][debug][gc,nmethod     ] GC(1) Unregister NMethod: java.util.regex.Pattern$$Lambda/0x000000003d143350.is (0x000070b043c00610)
[5,478s][debug][gc,nmethod     ] GC(1) Unregister NMethod: io.sirix.service.json.shredder.JsonShredder.insertNewContent (0x000070b0634a2e90)
[5,478s][debug][gc,nmethod     ] GC(1) Unregister NMethod: java.nio.ByteBuffer.position (0x000070b043a34590)
[5,478s][debug][gc,nmethod     ] GC(1) Unregister NMethod: io.sirix.access.trx.node.json.JsonNodeReadOnlyTrxImpl.getNode (0x000070b043f49d10)
[5,478s][debug][gc,nmethod     ] GC(1) Unregister NMethod: io.sirix.access.trx.node.AbstractNodeReadOnlyTrx.moveTo (0x000070b04401ac90)
[5,478s][debug][gc,nmethod     ] GC(1) Unregister NMethod: io.sirix.access.trx.page.NodePageTrx.getMostRecentPageContainer (0x000070b04401d190)
[5,478s][debug][gc,nmethod     ] GC(1) Unregister NMethod: io.sirix.node.xml.AbstractStructForwardingNode.setRightSiblingKey (0x000070b043fd4310)
[5,478s][debug][gc,nmethod     ] GC(1) Unregister NMethod: io.sirix.cache.IndexLogKey.hashCode (0x000070b063403890)
[5,478s][debug][gc,nmethod     ] GC(1) Unregister NMethod: io.sirix.access.trx.node.json.JsonNodeFactoryImpl.createJsonStringNode (0x000070b044063c90)
[5,478s][debug][gc,nmethod     ] GC(1) Unregister NMethod: com.github.benmanes.caffeine.cache.BoundedLocalCache.remove (0x000070b04410a290)
[5,478s][debug][gc,nmethod     ] GC(1) Unregister NMethod: java.lang.invoke.LambdaForm$MH/0x000000003d365c00.invoke (0x000070b044027690)
[5,478s][debug][gc,nmethod     ] GC(1) Unregister NMethod: io.sirix.access.trx.node.json.JsonNodeFactoryImpl.createJsonNullNode (0x000070b04406c590)
[5,478s][debug][gc,nmethod     ] GC(1) Unregister NMethod: java.nio.ByteBuffer.limit (0x000070b043b96610)
[5,478s][debug][gc,nmethod     ] GC(1) Unregister NMethod: java.util.ArrayList.getFirst (0x000070b043f90410)
[5,478s][debug][gc,nmethod     ] GC(1) Unregister NMethod: io.sirix.index.path.summary.PathSummaryWriter.getPathNodeKey (0x000070b043fc3710)
[5,478s][debug][gc,nmethod     ] GC(1) Unregister NMethod: java.lang.String.<init> (0x000070b043f55f90)
[5,478s][debug][gc,nmethod     ] GC(1) Unregister NMethod: java.lang.String.indexOf (0x000070b043b69f10)
[5,479s][debug][gc,nmethod     ] GC(1) Unregister NMethod: io.sirix.access.trx.node.json.JsonNodeTrxImpl.insertArrayAsRightSibling (0x000070b0440f1110)
[5,479s][debug][gc,nmethod     ] GC(1) Unregister NMethod: java.lang.Math.clamp (0x000070b043b6a990)
[5,479s][debug][gc,nmethod     ] GC(1) Unregister NMethod: java.util.zip.Checksum.update (0x000070b043bf8c90)
[5,479s][debug][gc,nmethod     ] GC(1) Unregister NMethod: io.sirix.service.json.shredder.JsonShredder.insertNumberValue (0x000070b0440a1010)
[5,479s][debug][gc,nmethod     ] GC(1) Unregister NMethod: java.lang.invoke.MethodType.methodType (0x000070b043a58b90)
[5,479s][debug][gc,nmethod     ] GC(1) Unregister NMethod: io.sirix.access.trx.node.AbstractNodeHashing.setAddDescendants (0x000070b043f1df90)
[5,479s][debug][gc,nmethod     ] GC(1) Unregister NMethod: java.nio.Buffer.limit (0x000070b043a8ff10)
[5,479s][debug][gc,nmethod     ] GC(1) Unregister NMethod: io.sirix.access.trx.node.AbstractIndexController.notifyChange (0x000070b043f76290)
[5,479s][debug][gc,nmethod     ] GC(1) Unregister NMethod: io.sirix.access.trx.node.AbstractNodeTrxImpl.intermediateCommitIfRequired (0x000070b043f88d10)
[5,479s][debug][gc,nmethod     ] GC(1) Unregister NMethod: io.sirix.node.json.AbstractBooleanNode.delegate (0x000070b044034f10)
[5,479s][debug][gc,nmethod     ] GC(1) Unregister NMethod: net.openhft.chronicle.core.UnsafeMemory.writeInt (0x000070b043fd3590)
[5,479s][debug][gc,nmethod     ] GC(1) Unregister NMethod: net.openhft.chronicle.bytes.internal.BytesInternal.writeUtf8 (0x000070b043ff5790)
[5,479s][debug][gc,nmethod     ] GC(1) Unregister NMethod: java.nio.ByteBuffer.position (0x000070b043b33290)
[5,479s][debug][gc,nmethod     ] GC(1) Unregister NMethod: jdk.internal.util.ReferencedKeyMap.removeStaleReferences (0x000070b063389a10)
[5,479s][debug][gc,nmethod     ] GC(1) Unregister NMethod: io.sirix.axis.filter.PathNameFilter.filter (0x000070b043f28690)
[5,479s][debug][gc,nmethod     ] GC(1) Unregister NMethod: com.google.gson.stream.JsonReader.beginArray (0x000070b0440b3090)
[5,479s][debug][gc,nmethod     ] GC(1) Unregister NMethod: io.sirix.node.delegates.StructNodeDelegate.incrementChildCount (0x000070b043f4e710)
[5,479s][debug][gc,nmethod     ] GC(1) Unregister NMethod: io.sirix.service.json.shredder.JsonShredder.insertStringValue (0x000070b04407da90)
[5,479s][debug][gc,nmethod     ] GC(1) Unregister NMethod: io.sirix.index.path.summary.PathSummaryReader.getLevel (0x000070b043fc0c10)
[5,479s][debug][gc,nmethod     ] GC(1) Unregister NMethod: io.sirix.node.json.ObjectNode.getKind (0x000070b043f47510)
[5,479s][debug][gc,nmethod     ] GC(1) Unregister NMethod: io.sirix.node.xml.AbstractStructForwardingNode.hasLeftSibling (0x000070b043f4f210)
[5,479s][debug][gc,nmethod     ] GC(1) Unregister NMethod: java.lang.Class.cast (0x000070b043bd2d90)
[5,479s][debug][gc,nmethod     ] GC(1) Unregister NMethod: java.lang.String.encode (0x000070b043f89b10)
[5,479s][debug][gc,nmethod     ] GC(1) Unregister NMethod: java.lang.String.<init> (0x000070b043a23490)
[5,479s][debug][gc,nmethod     ] GC(1) Unregister NMethod: net.openhft.chronicle.core.util.StringUtils.getStringCoderForStringOrStringBuilder (0x000070b043ff2490)
[5,479s][debug][gc,nmethod     ] GC(1) Unregister NMethod: java.nio.CharBuffer.arrayOffset (0x000070b043a25090)
[5,479s][debug][gc,nmethod     ] GC(1) Unregister NMethod: io.sirix.node.json.ObjectKeyNode.getKind (0x000070b043f0a090)
[5,479s][debug][gc,nmethod     ] GC(1) Unregister NMethod: net.openhft.chronicle.core.UnsafeMemory.writeByte (0x000070b043a64710)
[5,479s][debug][gc,nmethod     ] GC(1) Unregister NMethod: io.sirix.access.trx.node.json.JsonNodeTrxImpl.insertStringValueAsFirstChild (0x000070b0634f2490)
[5,479s][debug][gc,nmethod     ] GC(1) Unregister NMethod: net.openhft.hashing.XXH3.XXH3_64bits_internal (0x000070b043f92910)
[5,479s][debug][gc,nmethod     ] GC(1) Unregister NMethod: io.sirix.node.json.AbstractNullNode.delegate (0x000070b044061210)
[5,479s][debug][gc,nmethod     ] GC(1) Unregister NMethod: java.util.WeakHashMap.hash (0x000070b043aa8110)
[5,479s][debug][gc,nmethod     ] GC(1) Unregister NMethod: io.sirix.node.delegates.NodeDelegate.<init> (0x000070b043f4ea90)
[5,479s][debug][gc,nmethod     ] GC(1) Unregister NMethod: io.sirix.access.trx.node.json.JsonNodeFactoryImpl.createJsonArrayNode (0x000070b0440e7490)
[5,479s][debug][gc,nmethod     ] GC(1) Unregister NMethod: java.net.URL.<init> (0x000070b043b8ab90)
[5,479s][debug][gc,nmethod     ] GC(1) Unregister NMethod: java.nio.CharBuffer.<init> (0x000070b04405c410)
[5,479s][debug][gc,nmethod     ] GC(1) Unregister NMethod: java.nio.HeapCharBuffer.slice (0x000070b044119c90)
[5,479s][debug][gc,nmethod     ] GC(1) Unregister NMethod: io.sirix.index.path.summary.PathSummaryReader.putMapping (0x000070b043f74890)
[5,479s][debug][gc,nmethod     ] GC(1) Unregister NMethod: com.google.gson.stream.JsonReader.peekNumber (0x000070b04407bc10)
[5,479s][debug][gc,nmethod     ] GC(1) Unregister NMethod: io.sirix.axis.AbstractAxis.<init> (0x000070b043f57810)
[5,479s][debug][gc,nmethod     ] GC(1) Unregister NMethod: io.sirix.access.trx.node.json.JsonNodeTrxImpl.insertStringValueAsRightSibling (0x000070b044065a10)
[5,479s][debug][gc,nmethod     ] GC(1) Unregister NMethod: io.sirix.node.xml.AbstractStructForwardingNode.hasRightSibling (0x000070b043f20310)
[5,479s][debug][gc,nmethod     ] GC(1) Unregister NMethod: io.sirix.node.json.StringNode.getKind (0x000070b04405f710)
[5,479s][debug][gc,nmethod     ] GC(1) Unregister NMethod: io.sirix.access.trx.node.AbstractNodeReadOnlyTrx.setCurrentNode (0x000070b043a12b90)
[5,479s][debug][gc,nmethod     ] GC(1) Unregister NMethod: java.io.UnixFileSystem.resolve (0x000070b043cce090)
[5,479s][debug][gc,nmethod     ] GC(1) Unregister NMethod: java.util.concurrent.locks.ReentrantLock.lock (0x000070b043a5ef90)
[5,479s][debug][gc,nmethod     ] GC(1) Unregister NMethod: io.sirix.access.trx.page.NodePageTrx.getRecord (0x000070b0633e5090)
[5,479s][debug][gc,nmethod     ] GC(1) Unregister NMethod: io.sirix.service.json.shredder.JsonShredder.insertArray (0x000070b0440b6110)
[5,479s][debug][gc,nmethod     ] GC(1) Unregister NMethod: io.sirix.node.json.AbstractNullNode.computeHash (0x000070b044076d90)
[5,479s][debug][gc,nmethod     ] GC(1) Unregister NMethod: net.openhft.hashing.XXH3$AsLongHashFunction.hash (0x000070b043f82510)
[5,479s][debug][gc,nmethod     ] GC(1) Unregister NMethod: io.sirix.node.json.AbstractNumberNode.computeHash (0x000070b04408ea10)
[5,479s][debug][gc,nmethod     ] GC(1) Unregister NMethod: java.util.HashMap.computeIfAbsent (0x000070b044023e10)
[5,479s][debug][gc,nmethod     ] GC(1) Unregister NMethod: java.nio.ByteBuffer.rewind (0x000070b043f54b10)
[5,479s][debug][gc,nmethod     ] GC(1) Unregister NMethod: io.sirix.index.path.summary.PathSummaryReader.moveTo (0x000070b043f1f090)
[5,479s][debug][gc,nmethod     ] GC(1) Unregister NMethod: jdk.internal.org.objectweb.asm.SymbolTable.addConstantUtf8Reference (0x000070b043ac5d90)
[5,479s][debug][gc,nmethod     ] GC(1) Unregister NMethod: io.sirix.access.trx.page.NodePageReadOnlyTrx.pageKey (0x000070b043a1c010)
[5,479s][debug][gc,nmethod     ] GC(1) Unregister NMethod: io.sirix.access.trx.node.AbstractNodeReadOnlyTrx.assertNotClosed (0x000070b043a64e90)
[5,479s][debug][gc,nmethod     ] GC(1) Unregister NMethod: io.sirix.access.trx.node.AbstractNodeTrxImpl.checkAccessAndCommit (0x000070b043f87a90)
[5,479s][debug][gc,nmethod     ] GC(1) Unregister NMethod: java.lang.AbstractStringBuilder.isLatin1 (0x000070b043a52c10)
[5,479s][debug][gc,nmethod     ] GC(1) Unregister NMethod: io.sirix.service.json.shredder.JsonShredder.processNumber (0x000070b0440c5490)
[5,479s][debug][gc,nmethod     ] GC(1) Unregister NMethod: io.sirix.node.xml.AbstractStructForwardingNode.getLeftSiblingKey (0x000070b043fd1390)
[5,479s][debug][gc,nmethod     ] GC(1) Unregister NMethod: java.util.BitSet.checkInvariants (0x000070b043ae3c90)
[5,479s][debug][gc,nmethod     ] GC(1) Unregister NMethod: com.google.gson.stream.JsonReader.push (0x000070b04404ec10)
[5,479s][debug][gc,nmethod     ] GC(1) Unregister NMethod: jdk.internal.foreign.MemorySessionImpl.addInternal (0x000070b04412c390)
[5,479s][debug][gc,nmethod     ] GC(1) Unregister NMethod: java.util.ArrayList$Itr.next (0x000070b043ea3590)
[5,479s][debug][gc,nmethod     ] GC(1) Unregister NMethod: net.openhft.chronicle.bytes.internal.HeapBytesStore.writeInt (0x000070b043f7b690)
[5,479s][debug][gc,nmethod     ] GC(1) Unregister NMethod: net.openhft.chronicle.bytes.internal.HeapBytesStore.writeByte (0x000070b043a61010)
[5,479s][debug][gc,nmethod     ] GC(1) Unregister NMethod: net.openhft.chronicle.bytes.NativeBytes.writeLong (0x000070b043f16590)
[5,479s][debug][gc,nmethod     ] GC(1) Unregister NMethod: jdk.internal.foreign.SegmentFactories.allocateSegment (0x000070b044116510)
[5,479s][debug][gc,nmethod     ] GC(1) Unregister NMethod: java.nio.DirectIntBufferU.ix (0x000070b043c62b90)
[5,479s][debug][gc,nmethod     ] GC(1) Unregister NMethod: io.sirix.access.trx.node.json.JsonNodeTrxImpl.insertNullValueAsRightSibling (0x000070b04406e090)
[5,479s][debug][gc,nmethod     ] GC(1) Unregister NMethod: io.sirix.access.trx.page.NodePageTrx.prepareRecordForModification (0x000070b0633e3890)
[5,479s][debug][gc,nmethod     ] GC(1) Unregister NMethod: sun.nio.cs.UTF_8$Decoder.decodeArrayLoop (0x000070b0440bc290)
[5,479s][debug][gc,nmethod     ] GC(1) Unregister NMethod: io.sirix.access.trx.node.AbstractNodeReadOnlyTrx.moveTo (0x000070b0633e6710)
[5,479s][debug][gc,nmethod     ] GC(1) Unregister NMethod: io.sirix.service.json.shredder.JsonShredder.processBoolean (0x000070b0440aa790)
[5,479s][debug][gc,nmethod     ] GC(1) Unregister NMethod: com.google.gson.stream.JsonReader.nextBoolean (0x000070b0440e0810)
[5,479s][debug][gc,nmethod     ] GC(1) Unregister NMethod: net.openhft.chronicle.bytes.AbstractBytes.writeInt (0x000070b043f7df10)
[5,479s][debug][gc,nmethod     ] GC(1) Unregister NMethod: io.sirix.access.trx.node.json.JsonNodeReadOnlyTrxImpl.isArray (0x000070b044045810)
[5,479s][debug][gc,nmethod     ] GC(1) Unregister NMethod: io.sirix.api.PageReadOnlyTrx.recordPageOffset (0x000070b043a18790)
[5,479s][debug][gc,nmethod     ] GC(1) Unregister NMethod: java.lang.String.encodeUTF8 (0x000070b043faf990)
[5,479s][debug][gc,nmethod     ] GC(1) Unregister NMethod: io.sirix.access.trx.node.json.ForwardingJsonNodeReadOnlyTrx.getParentKind (0x000070b043fb1a90)
[5,479s][debug][gc,nmethod     ] GC(1) Unregister NMethod: io.sirix.access.trx.node.AbstractNodeReadOnlyTrx.getKind (0x000070b043f2d910)
[5,479s][debug][gc,nmethod     ] GC(1) Unregister NMethod: java.lang.String.decodeASCII (0x000070b0440ba610)
[5,479s][debug][gc,nmethod     ] GC(1) Unregister NMethod: sun.nio.cs.StreamDecoder.lockedRead (0x000070b0440c2590)
[5,479s][debug][gc,nmethod     ] GC(1) Unregister NMethod: io.sirix.index.path.summary.PathNode.getLocalNameKey (0x000070b043f25f90)
[5,479s][debug][gc,nmethod     ] GC(1) Unregister NMethod: io.sirix.access.trx.node.json.JsonNodeTrxImpl.checkPrecondition (0x000070b04405ff10)
[5,479s][debug][gc,nmethod     ] GC(1) Unregister NMethod: io.sirix.service.json.shredder.JsonShredder.processTrxMovement (0x000070b044039610)
[5,479s][debug][gc,nmethod     ] GC(1) Unregister NMethod: java.lang.AbstractStringBuilder.appendChars (0x000070b04405e610)
[5,479s][debug][gc,nmethod     ] GC(1) Unregister NMethod: com.github.benmanes.caffeine.cache.LocalManualCache.invalidate (0x000070b044108e10)
[5,479s][debug][gc,nmethod     ] GC(1) Unregister NMethod: io.sirix.access.Utils.buildName (0x000070b043fb7e90)
[5,479s][debug][gc,nmethod     ] GC(1) Unregister NMethod: io.sirix.access.trx.node.json.JsonNodeTrxImpl.getPathNodeKey (0x000070b043fb6a10)
[5,479s][debug][gc,nmethod     ] GC(1) Unregister NMethod: io.sirix.node.json.AbstractStringNode.computeHash (0x000070b043ffe190)
[5,479s][debug][gc,nmethod     ] GC(1) Unregister NMethod: io.sirix.service.json.shredder.JsonShredder.adaptTrxPosAndStack (0x000070b044019010)
[5,479s][debug][gc,nmethod     ] GC(1) Unregister NMethod: java.util.ArrayList.grow (0x000070b043c84810)
[5,479s][debug][gc,nmethod     ] GC(1) Unregister NMethod: io.sirix.service.json.shredder.JsonShredder.processBeginArray (0x000070b0440b3e10)
[5,479s][debug][gc,nmethod     ] GC(1) Unregister NMethod: io.sirix.access.trx.node.AbstractNodeReadOnlyTrx.storeDeweyIDs (0x000070b043f5aa90)
[5,479s][debug][gc,nmethod     ] GC(1) Unregister NMethod: io.sirix.access.trx.page.NodePageTrx.getPageContainer (0x000070b0633e9610)
[5,479s][debug][gc,nmethod     ] GC(1) Unregister NMethod: io.sirix.page.PageReference.hashCode (0x000070b044104310)
[5,479s][debug][gc,nmethod     ] GC(1) Unregister NMethod: net.openhft.chronicle.bytes.NativeBytes.writeLong (0x000070b043f17390)
[5,480s][debug][gc,nmethod     ] GC(1) Unregister NMethod: io.sirix.node.immutable.json.ImmutableArrayNode.getKind (0x000070b043fede10)
[5,480s][debug][gc,nmethod     ] GC(1) Unregister NMethod: io.sirix.access.trx.node.AbstractNodeHashing.adaptHashesWithAdd (0x000070b043f65410)
[5,480s][debug][gc,nmethod     ] GC(1) Unregister NMethod: com.google.gson.stream.JsonReader.peekKeyword (0x000070b0440a4190)
[5,480s][debug][gc,nmethod     ] GC(1) Unregister NMethod: jdk.internal.misc.Unsafe.setMemory (0x000070b04410b790)
[5,480s][debug][gc,nmethod     ] GC(1) Unregister NMethod: io.sirix.access.trx.page.NodePageTrx.prepareRecordForModification (0x000070b043f10690)
[5,480s][debug][gc,nmethod     ] GC(1) Unregister NMethod: jdk.internal.foreign.Utils.checkAlign (0x000070b044114490)
[5,480s][debug][gc,nmethod     ] GC(1) Unregister NMethod: io.sirix.access.trx.node.AbstractDeweyIDManager.newRightSiblingID (0x000070b043fd6010)
[5,480s][debug][gc,nmethod     ] GC(1) Unregister NMethod: com.google.gson.stream.JsonReader.nextString (0x000070b043fd1990)
[5,480s][debug][gc,nmethod     ] GC(1) Unregister NMethod: io.sirix.axis.AbstractAxis.hasNext (0x000070b043f18090)
[5,480s][debug][gc,nmethod     ] GC(1) Unregister NMethod: io.sirix.node.delegates.NodeDelegate.getKind (0x000070b043f65b90)
[5,480s][debug][gc,nmethod     ] GC(1) Unregister NMethod: sun.nio.cs.StreamDecoder.read (0x000070b0440c3410)
[5,480s][debug][gc,nmethod     ] GC(1) Unregister NMethod: java.lang.StringLatin1.writeDigitPair (0x000070b044056c90)
[5,480s][debug][gc,nmethod     ] GC(1) Unregister NMethod: io.sirix.access.trx.node.json.JsonNodeTrxImpl.insertStringValueAsFirstChild (0x000070b044002f10)
[5,480s][debug][gc,nmethod     ] GC(1) Unregister NMethod: com.google.gson.stream.JsonReader.endArray (0x000070b0440e8a10)
[5,480s][debug][gc,nmethod     ] GC(1) Unregister NMethod: io.sirix.access.trx.node.json.JsonNodeTrxImpl.getBytes (0x000070b043ff9710)
[5,480s][debug][gc,nmethod     ] GC(1) Unregister NMethod: io.sirix.node.xml.AbstractStructForwardingNode.getDescendantCount (0x000070b043f17a90)
[5,480s][debug][gc,nmethod     ] GC(1) Unregister NMethod: net.openhft.chronicle.bytes.internal.BytesInternal.writeStopBit (0x000070b043fea190)
[5,480s][debug][gc,nmethod     ] GC(1) Unregister NMethod: io.sirix.node.xml.AbstractStructForwardingNode.setDescendantCount (0x000070b043f19c90)
[5,480s][debug][gc,nmethod     ] GC(1) Unregister NMethod: io.sirix.node.json.ArrayNode.delegate (0x000070b043f44c10)
[5,480s][debug][gc,nmethod     ] GC(1) Unregister NMethod: io.sirix.node.json.ObjectStringNode.getKind (0x000070b043f77710)
[5,480s][debug][gc,nmethod     ] GC(1) Unregister NMethod: java.lang.ref.SoftReference.get (0x000070b0633ac610)
[5,480s][debug][gc,nmethod     ] GC(1) Unregister NMethod: java.lang.Object.<init> (0x000070b0632fd010)
[5,480s][debug][gc,nmethod     ] GC(1) Unregister NMethod: jdk.internal.org.objectweb.asm.Frame.execute (0x000070b043ad7810)
[5,480s][debug][gc,nmethod     ] GC(1) Unregister NMethod: com.google.gson.stream.JsonReader.endArray (0x000070b0440b0790)
[5,480s][debug][gc,nmethod     ] GC(1) Unregister NMethod: io.sirix.access.trx.node.json.JsonNodeTrxImpl.checkPrecondition (0x000070b04409bd90)
[5,480s][debug][gc,nmethod     ] GC(1) Unregister NMethod: io.sirix.access.trx.node.json.JsonNodeFactoryImpl.createJsonArrayNode (0x000070b0440af990)
[5,480s][debug][gc,nmethod     ] GC(1) Unregister NMethod: java.lang.String.<init> (0x000070b063388090)
[5,480s][debug][gc,nmethod     ] GC(1) Unregister NMethod: java.lang.System$2.decodeASCII (0x000070b0440b9590)
[5,480s][debug][gc,nmethod     ] GC(1) Unregister NMethod: java.util.concurrent.ConcurrentHashMap.spread (0x000070b043a1cc90)
[5,480s][debug][gc,nmethod     ] GC(1) Unregister NMethod: io.sirix.axis.filter.PathNameFilter.<init> (0x000070b043fb8d10)
[5,480s][debug][gc,nmethod     ] GC(1) Unregister NMethod: com.google.gson.stream.JsonReader.nextQuotedValue (0x000070b043f3be10)
[5,480s][debug][gc,nmethod     ] GC(1) Unregister NMethod: java.lang.invoke.MemberName.getMethodType (0x000070b043a75710)
[5,480s][debug][gc,nmethod     ] GC(1) Unregister NMethod: java.lang.StringLatin1.getChars (0x000070b044088e10)
[5,480s][debug][gc,nmethod     ] GC(1) Unregister NMethod: java.lang.AbstractStringBuilder.append (0x000070b0440c0690)
[5,480s][debug][gc,nmethod     ] GC(1) Unregister NMethod: it.unimi.dsi.fastutil.longs.LongArrayList.getLong (0x000070b043f54f10)
[5,480s][debug][gc,nmethod     ] GC(1) Unregister NMethod: io.sirix.access.trx.page.NodePageTrx.getPageContainer (0x000070b043f12710)
[5,480s][debug][gc,nmethod     ] GC(1) Unregister NMethod: sun.nio.cs.UTF_8$Decoder.decodeArrayLoop (0x000070b04411f010)
[5,480s][debug][gc,nmethod     ] GC(1) Unregister NMethod: io.sirix.index.path.summary.PathSummaryReader.assertNotClosed (0x000070b043a13f90)
[5,480s][debug][gc,nmethod     ] GC(1) Unregister NMethod: io.sirix.node.json.AbstractBooleanNode.computeHash (0x000070b0440a7d90)
[5,480s][debug][gc,nmethod     ] GC(1) Unregister NMethod: io.sirix.access.trx.node.AbstractNodeReadOnlyTrx.moveTo (0x000070b043f0e190)
[5,480s][debug][gc,nmethod     ] GC(1) Unregister NMethod: io.sirix.axis.filter.FilterAxis.<init> (0x000070b043fbab10)
[5,480s][debug][gc,nmethod     ] GC(1) Unregister NMethod: io.sirix.index.path.summary.PathSummaryWriter.movePathSummary (0x000070b043fc8590)
[5,480s][debug][gc,nmethod     ] GC(1) Unregister NMethod: io.sirix.node.AbstractForwardingNode.getNodeDelegate (0x000070b043b3e610)
[5,480s][debug][gc,nmethod     ] GC(1) Unregister NMethod: io.sirix.node.xml.AbstractStructForwardingNode.getFirstChildKey (0x000070b043f7a810)
[5,480s][debug][gc,nmethod     ] GC(1) Unregister NMethod: jdk.internal.org.objectweb.asm.ByteVector.put122 (0x000070b043b2f290)
[5,480s][debug][gc,nmethod     ] GC(1) Unregister NMethod: io.sirix.node.json.BooleanNode.getKind (0x000070b04408c410)
[5,480s][debug][gc,nmethod     ] GC(1) Unregister NMethod: net.openhft.hashing.XXH3.access$500 (0x000070b043f90090)
[5,480s][debug][gc,nmethod     ] GC(1) Unregister NMethod: io.sirix.access.trx.node.AbstractDeweyIDManager.newFirstChildID (0x000070b044035990)
[5,480s][debug][gc,nmethod     ] GC(1) Unregister NMethod: io.sirix.node.AbstractForwardingNode.getParentKey (0x000070b043a17790)
[5,480s][debug][gc,nmethod     ] GC(1) Unregister NMethod: net.openhft.chronicle.bytes.AbstractBytes.writeOffsetPositionMoved (0x000070b043b98990)
[5,480s][debug][gc,nmethod     ] GC(1) Unregister NMethod: java.nio.Buffer.position (0x000070b043ea5210)
[5,480s][debug][gc,nmethod     ] GC(1) Unregister NMethod: io.sirix.service.json.shredder.JsonShredder.processString (0x000070b044062e90)
[5,480s][debug][gc,nmethod     ] GC(1) Unregister NMethod: com.google.gson.stream.JsonReader.peekKeyword (0x000070b044061890)
[5,480s][debug][gc,nmethod     ] GC(1) Unregister NMethod: io.sirix.access.trx.node.AbstractNodeReadOnlyTrx.getStructuralNode (0x000070b043f45c10)
[5,480s][debug][gc,nmethod     ] GC(1) Unregister NMethod: io.sirix.access.trx.page.NodePageTrx.getPageContainer (0x000070b04402b510)
[5,480s][debug][gc,nmethod     ] GC(1) Unregister NMethod: java.lang.Long.toString (0x000070b04409a690)
[5,480s][debug][gc,nmethod     ] GC(1) Unregister NMethod: io.sirix.access.trx.page.NodePageTrx.prepareRecordForModification (0x000070b04401de90)
[5,480s][debug][gc,nmethod     ] GC(1) Unregister NMethod: io.sirix.cache.IndexLogKey.hashCode (0x000070b044103d90)
[5,480s][debug][gc,nmethod     ] GC(1) Unregister NMethod: io.sirix.access.trx.node.AbstractNodeHashing.isValueNode (0x000070b043f7f610)
[5,480s][debug][gc,nmethod     ] GC(1) Unregister NMethod: io.sirix.access.trx.node.AbstractNodeHashing.rollingAdd (0x000070b043f5bd10)
[5,480s][debug][gc,nmethod     ] GC(1) Unregister NMethod: it.unimi.dsi.fastutil.longs.LongArrayList.removeLong (0x000070b043f52a10)
[5,480s][debug][gc,nmethod     ] GC(1) Unregister NMethod: io.sirix.access.trx.page.NodePageTrx.getRecord (0x000070b043f13a10)
[5,480s][debug][gc,nmethod     ] GC(1) Unregister NMethod: net.openhft.chronicle.bytes.NativeBytes.writeByte (0x000070b043a64010)
[5,480s][debug][gc,nmethod     ] GC(1) Unregister NMethod: io.sirix.axis.AbstractAxis.nextLong (0x000070b043f25090)
[5,480s][debug][gc,nmethod     ] GC(1) Unregister NMethod: io.sirix.access.trx.node.json.JsonNodeTrxImpl.insertNumberValueAsRightSibling (0x000070b0440c7390)
[5,480s][debug][gc,nmethod     ] GC(1) Unregister NMethod: java.util.concurrent.ConcurrentHashMap.computeIfPresent (0x000070b044104b90)
[5,480s][debug][gc,nmethod     ] GC(1) Unregister NMethod: com.google.gson.stream.JsonReader.nextNonWhitespace (0x000070b043f1a310)
[5,480s][debug][gc,nmethod     ] GC(1) Unregister NMethod: java.util.LinkedHashMap.afterNodeAccess (0x000070b04402a310)
[5,480s][debug][gc,nmethod     ] GC(1) Unregister NMethod: java.lang.Long.bitCount (0x000070b043f23290)
[5,480s][debug][gc,nmethod     ] GC(1) Unregister NMethod: net.openhft.chronicle.bytes.AppendableUtil.findUtf8Length (0x000070b043f8a290)
[5,480s][debug][gc,nmethod     ] GC(1) Unregister NMethod: java.lang.String.hashCode (0x000070b043edc290)
[5,480s][debug][gc,nmethod     ] GC(1) Unregister NMethod: net.openhft.chronicle.bytes.internal.HeapBytesStore.writeLong (0x000070b043f07f10)
[5,480s][debug][gc,nmethod     ] GC(1) Unregister NMethod: java.util.ArrayList$Itr.hasNext (0x000070b043b3d490)
[5,480s][debug][gc,nmethod     ] GC(1) Unregister NMethod: io.sirix.access.trx.page.NodePageTrx.prepareRecordPage (0x000070b043f0ac90)
[5,480s][debug][gc,phases      ] GC(1) Concurrent Classes Purge 3,808ms
[5,480s][debug][gc,phases,start] GC(1) Concurrent References Enqueue
[5,480s][debug][gc,phases      ] GC(1) Concurrent References Enqueue 0,013ms
[5,480s][info ][gc,phases      ] GC(1) Concurrent Process Non-Strong References 8,575ms
[5,480s][debug][gc,phases,start] GC(1) Concurrent Reset Relocation Set
[5,480s][info ][gc,phases      ] GC(1) Concurrent Reset Relocation Set 0,011ms
[5,480s][debug][gc,phases,start] GC(1) Concurrent Select Relocation Set
[5,482s][debug][gc,alloc       ] Allocation Rate: 896,0MB/s, Predicted: 1006,5MB/s, Avg: 738,2(+/-145,7)MB/s
[5,482s][debug][gc,task        ] GC(1) Executing Task: XRelocationSetInstallTask, Active Workers: 5
[5,505s][info ][gc,phases      ] GC(1) Concurrent Select Relocation Set 24,709ms
[5,505s][debug][gc,phases,start] GC(1) Pause Relocate Start
[5,506s][info ][gc,phases      ] GC(1) Pause Relocate Start 0,077ms
[5,506s][debug][gc,phases,start] GC(1) Concurrent Relocate
[5,506s][debug][gc,task        ] GC(1) Executing Task: XRelocateTask, Active Workers: 5
[5,574s][info ][gc,phases      ] GC(1) Concurrent Relocate 68,030ms
[5,574s][debug][gc,heap        ] GC(1) Heap after GC invocations=2 (full 2):
[5,574s][debug][gc,heap        ] GC(1)  ZHeap           used 524M, capacity 5120M, max capacity 12288M
[5,574s][debug][gc,heap        ] GC(1)  Metaspace       used 30508K, committed 31040K, reserved 1114112K
[5,574s][debug][gc,heap        ] GC(1)   class space    used 3413K, committed 3648K, reserved 1048576K
[5,574s][info ][gc,load        ] GC(1) Load: 4,01/5,60/3,23
[5,574s][info ][gc,mmu         ] GC(1) MMU: 2ms/94,5%, 5ms/97,8%, 10ms/98,5%, 20ms/99,0%, 50ms/99,6%, 100ms/99,8%
[5,574s][info ][gc,marking     ] GC(1) Mark: 4 stripe(s), 2 proactive flush(es), 1 terminate flush(es), 0 completion(s), 0 continuation(s) 
[5,574s][info ][gc,marking     ] GC(1) Mark Stack Usage: 32M
[5,574s][info ][gc,nmethod     ] GC(1) NMethods: 2661 registered, 347 unregistered
[5,574s][info ][gc,metaspace   ] GC(1) Metaspace: 29M used, 30M committed, 1088M reserved
[5,574s][info ][gc,ref         ] GC(1) Soft: 3931 encountered, 0 discovered, 0 enqueued
[5,574s][info ][gc,ref         ] GC(1) Weak: 2124 encountered, 475 discovered, 264 enqueued
[5,574s][info ][gc,ref         ] GC(1) Final: 31 encountered, 31 discovered, 31 enqueued
[5,574s][info ][gc,ref         ] GC(1) Phantom: 576 encountered, 423 discovered, 180 enqueued
[5,574s][info ][gc,reloc       ] GC(1) Small Pages: 615 / 1230M, Empty: 0M, Relocated: 295M, In-Place: 0
[5,574s][info ][gc,reloc       ] GC(1) Medium Pages: 2 / 64M, Empty: 0M, Relocated: 3M, In-Place: 0
[5,574s][info ][gc,reloc       ] GC(1) Large Pages: 0 / 0M, Empty: 0M, Relocated: 0M, In-Place: 0
[5,574s][info ][gc,reloc       ] GC(1) Forwarding Usage: 148M
[5,574s][info ][gc,heap        ] GC(1) Min Capacity: 5120M(42%)
[5,574s][info ][gc,heap        ] GC(1) Max Capacity: 12288M(100%)
[5,574s][info ][gc,heap        ] GC(1) Soft Max Capacity: 12288M(100%)
[5,574s][info ][gc,heap        ] GC(1)                Mark Start          Mark End        Relocate Start      Relocate End           High               Low         
[5,574s][info ][gc,heap        ] GC(1)  Capacity:     5120M (42%)        5120M (42%)        5120M (42%)        5120M (42%)        5120M (42%)        5120M (42%)    
[5,574s][info ][gc,heap        ] GC(1)      Free:    10994M (89%)       10910M (89%)       10872M (88%)       11764M (96%)       11766M (96%)       10838M (88%)    
[5,574s][info ][gc,heap        ] GC(1)      Used:     1294M (11%)        1378M (11%)        1416M (12%)         524M (4%)         1450M (12%)         522M (4%)     
[5,574s][info ][gc,heap        ] GC(1)      Live:         -               303M (2%)          303M (2%)          303M (2%)             -                  -          
[5,574s][info ][gc,heap        ] GC(1) Allocated:         -                84M (1%)          122M (1%)          187M (2%)             -                  -          
[5,574s][info ][gc,heap        ] GC(1)   Garbage:         -               990M (8%)          990M (8%)           32M (0%)             -                  -          
[5,574s][info ][gc,heap        ] GC(1) Reclaimed:         -                  -                 0M (0%)          957M (8%)             -                  -          
[5,574s][info ][gc             ] GC(1) Garbage Collection (Warmup) 1294M(11%)->524M(4%)
[5,582s][debug][gc,alloc       ] Allocation Rate: 912,0MB/s, Predicted: 1001,3MB/s, Avg: 783,6(+/-119,8)MB/s
[5,582s][debug][gc,director    ] Rule: Warmup 20%, Used: 530MB, UsedThreshold: 2457MB
[5,582s][debug][gc,director    ] Select GC Workers (Not Warm), GCWorkers: 5,000
[5,582s][debug][gc,director    ] Rule: Allocation Rate (Dynamic GC Workers), MaxAllocRate: 1395,4MB/s (+/-15,3%), Free: 11714MB, GCCPUTime: 1,969, GCDuration: 0,403s, TimeUntilOOM: 7,281s, TimeUntilGC: 6,779s, GCWorkers: 5 -> 5
[5,582s][debug][gc,director    ] Rule: High Usage, Free: 11714MB(95,3%)
[5,681s][debug][gc,alloc       ] Allocation Rate: 922,0MB/s, Predicted: 991,7MB/s, Avg: 821,8(+/-94,2)MB/s
[5,681s][debug][gc,director    ] Rule: Warmup 20%, Used: 628MB, UsedThreshold: 2457MB
[5,681s][debug][gc,director    ] Select GC Workers (Not Warm), GCWorkers: 5,000
[5,681s][debug][gc,director    ] Rule: Allocation Rate (Dynamic GC Workers), MaxAllocRate: 1301,6MB/s (+/-11,5%), Free: 11618MB, GCCPUTime: 1,969, GCDuration: 0,403s, TimeUntilOOM: 8,008s, TimeUntilGC: 7,506s, GCWorkers: 5 -> 5
[5,681s][debug][gc,director    ] Rule: High Usage, Free: 11618MB(94,5%)
[5,781s][debug][gc,alloc       ] Allocation Rate: 932,0MB/s, Predicted: 983,1MB/s, Avg: 852,6(+/-72,3)MB/s
[5,781s][debug][gc,director    ] Rule: Warmup 20%, Used: 724MB, UsedThreshold: 2457MB
[5,781s][debug][gc,director    ] Select GC Workers (Not Warm), GCWorkers: 5,000
[5,781s][debug][gc,director    ] Rule: Allocation Rate (Dynamic GC Workers), MaxAllocRate: 1220,8MB/s (+/-8,5%), Free: 11522MB, GCCPUTime: 1,969, GCDuration: 0,403s, TimeUntilOOM: 8,701s, TimeUntilGC: 8,198s, GCWorkers: 5 -> 5
[5,781s][debug][gc,director    ] Rule: High Usage, Free: 11522MB(93,8%)
[5,882s][debug][gc,alloc       ] Allocation Rate: 940,0MB/s, Predicted: 976,3MB/s, Avg: 877,0(+/-54,2)MB/s
[5,882s][debug][gc,director    ] Rule: Warmup 20%, Used: 822MB, UsedThreshold: 2457MB
[5,882s][debug][gc,director    ] Select GC Workers (Not Warm), GCWorkers: 5,000
[5,882s][debug][gc,director    ] Rule: Allocation Rate (Dynamic GC Workers), MaxAllocRate: 1154,6MB/s (+/-6,2%), Free: 11424MB, GCCPUTime: 1,969, GCDuration: 0,403s, TimeUntilOOM: 9,319s, TimeUntilGC: 8,816s, GCWorkers: 5 -> 5
[5,882s][debug][gc,director    ] Rule: High Usage, Free: 11424MB(93,0%)
[5,982s][debug][gc,alloc       ] Allocation Rate: 948,0MB/s, Predicted: 973,5MB/s, Avg: 895,8(+/-41,5)MB/s
[5,982s][debug][gc,director    ] Rule: Warmup 20%, Used: 918MB, UsedThreshold: 2457MB
[5,982s][debug][gc,director    ] Select GC Workers (Not Warm), GCWorkers: 5,000
[5,982s][debug][gc,director    ] Rule: Allocation Rate (Dynamic GC Workers), MaxAllocRate: 1109,9MB/s (+/-4,6%), Free: 11328MB, GCCPUTime: 1,969, GCDuration: 0,403s, TimeUntilOOM: 9,755s, TimeUntilGC: 9,252s, GCWorkers: 5 -> 5
[5,982s][debug][gc,director    ] Rule: High Usage, Free: 11328MB(92,2%)
[6,082s][debug][gc,alloc       ] Allocation Rate: 954,0MB/s, Predicted: 974,9MB/s, Avg: 909,8(+/-34,5)MB/s
[6,082s][debug][gc,director    ] Rule: Warmup 20%, Used: 1016MB, UsedThreshold: 2457MB
[6,082s][debug][gc,director    ] Select GC Workers (Not Warm), GCWorkers: 5,000
[6,082s][debug][gc,director    ] Rule: Allocation Rate (Dynamic GC Workers), MaxAllocRate: 1088,6MB/s (+/-3,8%), Free: 11230MB, GCCPUTime: 1,969, GCDuration: 0,403s, TimeUntilOOM: 9,939s, TimeUntilGC: 9,437s, GCWorkers: 5 -> 5
[6,082s][debug][gc,director    ] Rule: High Usage, Free: 11230MB(91,4%)
[6,182s][debug][gc,alloc       ] Allocation Rate: 946,0MB/s, Predicted: 972,4MB/s, Avg: 919,8(+/-28,6)MB/s
[6,182s][debug][gc,director    ] Rule: Warmup 20%, Used: 1098MB, UsedThreshold: 2457MB
[6,182s][debug][gc,director    ] Select GC Workers (Not Warm), GCWorkers: 5,000
[6,182s][debug][gc,director    ] Rule: Allocation Rate (Dynamic GC Workers), MaxAllocRate: 1066,4MB/s (+/-3,1%), Free: 11148MB, GCCPUTime: 1,969, GCDuration: 0,403s, TimeUntilOOM: 10,139s, TimeUntilGC: 9,636s, GCWorkers: 5 -> 5
[6,182s][debug][gc,director    ] Rule: High Usage, Free: 11148MB(90,7%)
[6,281s][debug][gc,alloc       ] Allocation Rate: 860,0MB/s, Predicted: 934,1MB/s, Avg: 919,2(+/-29,7)MB/s
[6,281s][debug][gc,director    ] Rule: Warmup 20%, Used: 1100MB, UsedThreshold: 2457MB
[6,281s][debug][gc,director    ] Select GC Workers (Not Warm), GCWorkers: 5,000
[6,281s][debug][gc,director    ] Rule: Allocation Rate (Dynamic GC Workers), MaxAllocRate: 1032,0MB/s (+/-3,2%), Free: 11146MB, GCCPUTime: 1,969, GCDuration: 0,403s, TimeUntilOOM: 10,462s, TimeUntilGC: 9,960s, GCWorkers: 5 -> 5
[6,281s][debug][gc,director    ] Rule: High Usage, Free: 11146MB(90,7%)
[6,381s][debug][gc,alloc       ] Allocation Rate: 766,0MB/s, Predicted: 862,9MB/s, Avg: 907,6(+/-54,4)MB/s
[6,382s][debug][gc,director    ] Rule: Warmup 20%, Used: 1102MB, UsedThreshold: 2457MB
[6,382s][debug][gc,director    ] Select GC Workers (Not Warm), GCWorkers: 5,000
[6,382s][debug][gc,director    ] Rule: Allocation Rate (Dynamic GC Workers), MaxAllocRate: 1086,6MB/s (+/-6,0%), Free: 11144MB, GCCPUTime: 1,969, GCDuration: 0,403s, TimeUntilOOM: 9,676s, TimeUntilGC: 9,174s, GCWorkers: 5 -> 5
[6,382s][debug][gc,director    ] Rule: High Usage, Free: 11144MB(90,7%)
[6,482s][debug][gc,alloc       ] Allocation Rate: 672,0MB/s, Predicted: 765,6MB/s, Avg: 885,2(+/-89,4)MB/s
[6,487s][debug][gc,director    ] Rule: Warmup 20%, Used: 1102MB, UsedThreshold: 2457MB
[6,487s][debug][gc,director    ] Select GC Workers (Not Warm), GCWorkers: 5,000
[6,487s][debug][gc,director    ] Rule: Allocation Rate (Dynamic GC Workers), MaxAllocRate: 1179,4MB/s (+/-10,1%), Free: 11144MB, GCCPUTime: 1,969, GCDuration: 0,403s, TimeUntilOOM: 8,582s, TimeUntilGC: 8,080s, GCWorkers: 5 -> 5
[6,487s][debug][gc,director    ] Rule: High Usage, Free: 11144MB(90,7%)
[6,582s][debug][gc,alloc       ] Allocation Rate: 640,0MB/s, Predicted: 674,7MB/s, Avg: 858,0(+/-114,9)MB/s
[6,582s][debug][gc,director    ] Rule: Warmup 20%, Used: 1170MB, UsedThreshold: 2457MB
[6,582s][debug][gc,director    ] Select GC Workers (Not Warm), GCWorkers: 5,000
[6,582s][debug][gc,director    ] Rule: Allocation Rate (Dynamic GC Workers), MaxAllocRate: 1236,0MB/s (+/-13,4%), Free: 11076MB, GCCPUTime: 1,969, GCDuration: 0,403s, TimeUntilOOM: 7,903s, TimeUntilGC: 7,401s, GCWorkers: 5 -> 5
[6,582s][debug][gc,director    ] Rule: High Usage, Free: 11076MB(90,1%)
[6,681s][debug][gc,alloc       ] Allocation Rate: 684,0MB/s, Predicted: 622,1MB/s, Avg: 834,2(+/-123,5)MB/s
[6,681s][debug][gc,director    ] Rule: Warmup 20%, Used: 1310MB, UsedThreshold: 2457MB
[6,682s][debug][gc,director    ] Select GC Workers (Not Warm), GCWorkers: 5,000
[6,682s][debug][gc,director    ] Rule: Allocation Rate (Dynamic GC Workers), MaxAllocRate: 1240,5MB/s (+/-14,8%), Free: 10936MB, GCCPUTime: 1,969, GCDuration: 0,403s, TimeUntilOOM: 7,679s, TimeUntilGC: 7,177s, GCWorkers: 5 -> 5
[6,682s][debug][gc,director    ] Rule: High Usage, Free: 10936MB(89,0%)
[6,782s][debug][gc,alloc       ] Allocation Rate: 740,0MB/s, Predicted: 610,5MB/s, Avg: 815,0(+/-121,7)MB/s
[6,782s][debug][gc,director    ] Rule: Warmup 20%, Used: 1464MB, UsedThreshold: 2457MB
[6,782s][debug][gc,director    ] Select GC Workers (Not Warm), GCWorkers: 5,000
[6,782s][debug][gc,director    ] Rule: Allocation Rate (Dynamic GC Workers), MaxAllocRate: 1215,4MB/s (+/-14,9%), Free: 10782MB, GCCPUTime: 1,969, GCDuration: 0,403s, TimeUntilOOM: 7,719s, TimeUntilGC: 7,216s, GCWorkers: 5 -> 5
[6,782s][debug][gc,director    ] Rule: High Usage, Free: 10782MB(87,7%)
[6,882s][debug][gc,alloc       ] Allocation Rate: 792,0MB/s, Predicted: 634,7MB/s, Avg: 800,2(+/-114,4)MB/s
[6,882s][debug][gc,director    ] Rule: Warmup 20%, Used: 1614MB, UsedThreshold: 2457MB
[6,882s][debug][gc,director    ] Select GC Workers (Not Warm), GCWorkers: 5,000
[6,882s][debug][gc,director    ] Rule: Allocation Rate (Dynamic GC Workers), MaxAllocRate: 1176,5MB/s (+/-14,3%), Free: 10632MB, GCCPUTime: 1,969, GCDuration: 0,403s, TimeUntilOOM: 7,907s, TimeUntilGC: 7,404s, GCWorkers: 5 -> 5
[6,882s][debug][gc,director    ] Rule: High Usage, Free: 10632MB(86,5%)
[6,981s][debug][gc,alloc       ] Allocation Rate: 860,0MB/s, Predicted: 698,0MB/s, Avg: 791,4(+/-105,7)MB/s
[6,982s][debug][gc,director    ] Rule: Warmup 20%, Used: 1778MB, UsedThreshold: 2457MB
[6,982s][debug][gc,director    ] Select GC Workers (Not Warm), GCWorkers: 5,000
[6,982s][debug][gc,director    ] Rule: Allocation Rate (Dynamic GC Workers), MaxAllocRate: 1139,3MB/s (+/-13,4%), Free: 10468MB, GCCPUTime: 1,969, GCDuration: 0,403s, TimeUntilOOM: 8,106s, TimeUntilGC: 7,603s, GCWorkers: 5 -> 5
[6,982s][debug][gc,director    ] Rule: High Usage, Free: 10468MB(85,2%)
[7,081s][debug][gc,alloc       ] Allocation Rate: 892,0MB/s, Predicted: 781,6MB/s, Avg: 785,2(+/-97,5)MB/s
[7,081s][debug][gc,director    ] Rule: Warmup 20%, Used: 1908MB, UsedThreshold: 2457MB
[7,081s][debug][gc,director    ] Select GC Workers (Not Warm), GCWorkers: 5,000
[7,082s][debug][gc,director    ] Rule: Allocation Rate (Dynamic GC Workers), MaxAllocRate: 1106,0MB/s (+/-12,4%), Free: 10338MB, GCCPUTime: 1,969, GCDuration: 0,403s, TimeUntilOOM: 8,315s, TimeUntilGC: 7,812s, GCWorkers: 5 -> 5
[7,082s][debug][gc,director    ] Rule: High Usage, Free: 10338MB(84,1%)
[7,182s][debug][gc,alloc       ] Allocation Rate: 816,0MB/s, Predicted: 836,8MB/s, Avg: 772,2(+/-82,7)MB/s
[7,182s][debug][gc,director    ] Rule: Warmup 20%, Used: 1914MB, UsedThreshold: 2457MB
[7,182s][debug][gc,director    ] Select GC Workers (Not Warm), GCWorkers: 5,000
[7,182s][debug][gc,director    ] Rule: Allocation Rate (Dynamic GC Workers), MaxAllocRate: 1109,0MB/s (+/-10,7%), Free: 10332MB, GCCPUTime: 1,969, GCDuration: 0,403s, TimeUntilOOM: 8,415s, TimeUntilGC: 7,912s, GCWorkers: 5 -> 5
[7,182s][debug][gc,director    ] Rule: High Usage, Free: 10332MB(84,1%)
[7,282s][debug][gc,alloc       ] Allocation Rate: 820,0MB/s, Predicted: 879,3MB/s, Avg: 768,2(+/-79,3)MB/s
[7,282s][debug][gc,director    ] Rule: Warmup 20%, Used: 1920MB, UsedThreshold: 2457MB
[7,282s][debug][gc,director    ] Select GC Workers (Not Warm), GCWorkers: 5,000
[7,282s][debug][gc,director    ] Rule: Allocation Rate (Dynamic GC Workers), MaxAllocRate: 1140,2MB/s (+/-10,3%), Free: 10326MB, GCCPUTime: 1,969, GCDuration: 0,403s, TimeUntilOOM: 8,209s, TimeUntilGC: 7,706s, GCWorkers: 5 -> 5
[7,282s][debug][gc,director    ] Rule: High Usage, Free: 10326MB(84,0%)
[7,381s][debug][gc,alloc       ] Allocation Rate: 828,0MB/s, Predicted: 902,7MB/s, Avg: 774,4(+/-81,3)MB/s
[7,381s][debug][gc,director    ] Rule: Warmup 20%, Used: 1930MB, UsedThreshold: 2457MB
[7,381s][debug][gc,director    ] Select GC Workers (Not Warm), GCWorkers: 5,000
[7,381s][debug][gc,director    ] Rule: Allocation Rate (Dynamic GC Workers), MaxAllocRate: 1170,1MB/s (+/-10,5%), Free: 10316MB, GCCPUTime: 1,969, GCDuration: 0,403s, TimeUntilOOM: 7,979s, TimeUntilGC: 7,476s, GCWorkers: 5 -> 5
[7,381s][debug][gc,director    ] Rule: High Usage, Free: 10316MB(84,0%)
[7,482s][debug][gc,alloc       ] Allocation Rate: 878,0MB/s, Predicted: 916,8MB/s, Avg: 795,0(+/-78,8)MB/s
[7,482s][debug][gc,director    ] Rule: Warmup 20%, Used: 1980MB, UsedThreshold: 2457MB
[7,482s][debug][gc,director    ] Select GC Workers (Not Warm), GCWorkers: 5,000
[7,482s][debug][gc,director    ] Rule: Allocation Rate (Dynamic GC Workers), MaxAllocRate: 1176,0MB/s (+/-9,9%), Free: 10266MB, GCCPUTime: 1,969, GCDuration: 0,403s, TimeUntilOOM: 7,942s, TimeUntilGC: 7,440s, GCWorkers: 5 -> 5
[7,482s][debug][gc,director    ] Rule: High Usage, Free: 10266MB(83,5%)
[7,582s][debug][gc,alloc       ] Allocation Rate: 888,0MB/s, Predicted: 912,7MB/s, Avg: 819,8(+/-63,7)MB/s
[7,582s][debug][gc,director    ] Rule: Warmup 20%, Used: 2058MB, UsedThreshold: 2457MB
[7,582s][debug][gc,director    ] Select GC Workers (Not Warm), GCWorkers: 5,000
[7,582s][debug][gc,director    ] Rule: Allocation Rate (Dynamic GC Workers), MaxAllocRate: 1122,2MB/s (+/-7,8%), Free: 10188MB, GCCPUTime: 1,969, GCDuration: 0,403s, TimeUntilOOM: 8,425s, TimeUntilGC: 7,922s, GCWorkers: 5 -> 5
[7,582s][debug][gc,director    ] Rule: High Usage, Free: 10188MB(82,9%)
[7,681s][debug][gc,alloc       ] Allocation Rate: 822,0MB/s, Predicted: 877,3MB/s, Avg: 833,6(+/-44,9)MB/s
[7,681s][debug][gc,director    ] Rule: Warmup 20%, Used: 2132MB, UsedThreshold: 2457MB
[7,681s][debug][gc,director    ] Select GC Workers (Not Warm), GCWorkers: 5,000
[7,681s][debug][gc,director    ] Rule: Allocation Rate (Dynamic GC Workers), MaxAllocRate: 1025,2MB/s (+/-5,4%), Free: 10114MB, GCCPUTime: 1,969, GCDuration: 0,403s, TimeUntilOOM: 9,361s, TimeUntilGC: 8,858s, GCWorkers: 5 -> 5
[7,681s][debug][gc,director    ] Rule: High Usage, Free: 10114MB(82,3%)
[7,781s][debug][gc,alloc       ] Allocation Rate: 754,0MB/s, Predicted: 820,5MB/s, Avg: 835,0(+/-42,1)MB/s
[7,782s][debug][gc,director    ] Rule: Warmup 20%, Used: 2218MB, UsedThreshold: 2457MB
[7,782s][debug][gc,director    ] Select GC Workers (Not Warm), GCWorkers: 5,000
[7,782s][debug][gc,director    ] Rule: Allocation Rate (Dynamic GC Workers), MaxAllocRate: 973,6MB/s (+/-5,0%), Free: 10028MB, GCCPUTime: 1,969, GCDuration: 0,403s, TimeUntilOOM: 9,805s, TimeUntilGC: 9,303s, GCWorkers: 5 -> 5
[7,782s][debug][gc,director    ] Rule: High Usage, Free: 10028MB(81,6%)
[7,882s][debug][gc,alloc       ] Allocation Rate: 696,0MB/s, Predicted: 753,5MB/s, Avg: 825,4(+/-58,6)MB/s
[7,882s][debug][gc,director    ] Rule: Warmup 20%, Used: 2310MB, UsedThreshold: 2457MB
[7,882s][debug][gc,director    ] Select GC Workers (Not Warm), GCWorkers: 5,000
[7,882s][debug][gc,director    ] Rule: Allocation Rate (Dynamic GC Workers), MaxAllocRate: 1018,1MB/s (+/-7,1%), Free: 9936MB, GCCPUTime: 1,969, GCDuration: 0,403s, TimeUntilOOM: 9,113s, TimeUntilGC: 8,610s, GCWorkers: 5 -> 5
[7,882s][debug][gc,director    ] Rule: High Usage, Free: 9936MB(80,9%)
[7,982s][debug][gc,alloc       ] Allocation Rate: 630,0MB/s, Predicted: 684,5MB/s, Avg: 802,4(+/-81,2)MB/s
[7,982s][debug][gc,director    ] Rule: Warmup 20%, Used: 2408MB, UsedThreshold: 2457MB
[7,982s][debug][gc,director    ] Select GC Workers (Not Warm), GCWorkers: 5,000
[7,982s][debug][gc,director    ] Rule: Allocation Rate (Dynamic GC Workers), MaxAllocRate: 1069,7MB/s (+/-10,1%), Free: 9838MB, GCCPUTime: 1,969, GCDuration: 0,403s, TimeUntilOOM: 8,351s, TimeUntilGC: 7,849s, GCWorkers: 5 -> 5
[7,982s][debug][gc,director    ] Rule: High Usage, Free: 9838MB(80,1%)
[8,081s][debug][gc,alloc       ] Allocation Rate: 604,0MB/s, Predicted: 629,1MB/s, Avg: 773,6(+/-94,4)MB/s
[8,081s][debug][gc,director    ] Rule: Warmup 20%, Used: 2512MB, UsedThreshold: 2457MB
[8,082s][debug][gc,heap        ] GC(2) Heap before GC invocations=2 (full 2):
[8,082s][debug][gc,heap        ] GC(2)  ZHeap           used 2512M, capacity 5120M, max capacity 12288M
[8,082s][debug][gc,heap        ] GC(2)  Metaspace       used 30919K, committed 31360K, reserved 1114112K
[8,082s][debug][gc,heap        ] GC(2)   class space    used 3439K, committed 3648K, reserved 1048576K
[8,082s][info ][gc,start       ] GC(2) Garbage Collection (Warmup)
[8,082s][info ][gc,task        ] GC(2) Using 5 workers
[8,082s][debug][gc,phases,start] GC(2) Pause Mark Start
[8,082s][debug][gc,marking     ] GC(2) Using 4 mark stripes
[8,082s][debug][gc,marking     ] GC(2) Mark Worker/Stripe Distribution
[8,082s][debug][gc,marking     ] GC(2)   Worker 0(5) -> Stripe 0(4)
[8,082s][debug][gc,marking     ] GC(2)   Worker 1(5) -> Stripe 1(4)
[8,082s][debug][gc,marking     ] GC(2)   Worker 2(5) -> Stripe 2(4)
[8,082s][debug][gc,marking     ] GC(2)   Worker 3(5) -> Stripe 3(4)
[8,082s][debug][gc,marking     ] GC(2)   Worker 4(5) -> Stripe 0(4)
[8,082s][info ][gc,phases      ] GC(2) Pause Mark Start 0,167ms
[8,082s][debug][gc,phases,start] GC(2) Concurrent Mark
[8,082s][debug][gc,task        ] GC(2) Executing Task: XMarkRootsTask, Active Workers: 5
[8,084s][debug][gc,tlab        ] GC(2) TLAB totals: thrds: 30  refills: 8481 max: 5490 slow allocs: 1438 max 98 waste:  1,8% gc: 4239656B max: 262104B slow: 35976472B max: 6042912B
[8,084s][debug][gc,task        ] GC(2) Executing Task: XMarkTask, Active Workers: 5
[8,182s][debug][gc,alloc       ] Allocation Rate: 716,0MB/s, Predicted: 617,3MB/s, Avg: 763,6(+/-94,6)MB/s
[8,215s][info ][gc,phases      ] GC(2) Concurrent Mark 133,028ms
[8,216s][debug][gc,phases,start] GC(2) Pause Mark End
[8,216s][info ][gc,phases      ] GC(2) Pause Mark End 0,081ms
[8,217s][debug][gc,phases,start] GC(2) Concurrent Mark Free
[8,217s][info ][gc,phases      ] GC(2) Concurrent Mark Free 0,070ms
[8,217s][debug][gc,phases,start] GC(2) Concurrent Process Non-Strong References
[8,217s][debug][gc,phases,start] GC(2) Concurrent References Process
[8,217s][debug][gc,task        ] GC(2) Executing Task: XReferenceProcessorTask, Active Workers: 5
[8,218s][debug][gc,phases      ] GC(2) Concurrent References Process 0,884ms
[8,218s][debug][gc,task        ] GC(2) Executing Task: XProcessWeakRootsTask, Active Workers: 5
[8,221s][debug][gc,phases,start] GC(2) Concurrent Classes Unlink
[8,221s][debug][gc,phases,start] GC(2) ClassLoaderData
[8,221s][debug][gc,phases      ] GC(2) ClassLoaderData 0,048ms
[8,221s][debug][gc,phases,start] GC(2) Trigger cleanups
[8,221s][debug][gc,phases      ] GC(2) Trigger cleanups 0,016ms
[8,221s][debug][gc,task        ] GC(2) Executing Task: XNMethodUnlinkTask, Active Workers: 5
[8,224s][debug][gc,phases      ] GC(2) Concurrent Classes Unlink 3,114ms
[8,232s][debug][gc,phases,start] GC(2) Concurrent Classes Purge
[8,232s][debug][gc,nmethod     ] GC(2) Unregister NMethod: io.sirix.service.json.shredder.JsonShredder.processNumber (0x000070b04426dc10)
[8,232s][debug][gc,nmethod     ] GC(2) Unregister NMethod: io.sirix.access.trx.node.json.JsonNodeTrxImpl.adaptNodesAndHashesForInsertAsChild (0x000070b044289d10)
[8,232s][debug][gc,nmethod     ] GC(2) Unregister NMethod: io.sirix.access.trx.node.json.JsonNodeTrxImpl.insertNumberValueAsRightSibling (0x000070b044279f10)
[8,232s][debug][gc,nmethod     ] GC(2) Unregister NMethod: sun.security.provider.SHA2.implCompress (0x000070b043f16a90)
[8,232s][debug][gc,nmethod     ] GC(2) Unregister NMethod: sun.nio.cs.StreamDecoder.implRead (0x000070b04412f990)
[8,232s][debug][gc,nmethod     ] GC(2) Unregister NMethod: jdk.internal.foreign.AbstractMemorySegmentImpl$$Lambda/0x000000003d2fa928.apply (0x000070b043f20f10)
[8,232s][debug][gc,nmethod     ] GC(2) Unregister NMethod: io.sirix.node.xml.AbstractStructForwardingNode.getChildCount (0x000070b043c00610)
[8,232s][debug][gc,nmethod     ] GC(2) Unregister NMethod: io.sirix.service.json.shredder.JsonShredder.processBeginArray (0x000070b06355b990)
[8,232s][debug][gc,nmethod     ] GC(2) Unregister NMethod: jdk.internal.foreign.HeapMemorySegmentImpl$OfByte.unsafeGetBase (0x000070b044151090)
[8,232s][debug][gc,nmethod     ] GC(2) Unregister NMethod: com.google.gson.stream.JsonReader.fillBuffer (0x000070b04413cb10)
[8,232s][debug][gc,nmethod     ] GC(2) Unregister NMethod: java.lang.invoke.VarForm.getMemberName (0x000070b043b46810)
[8,232s][debug][gc,nmethod     ] GC(2) Unregister NMethod: it.unimi.dsi.fastutil.shorts.ShortArrayList$1.nextShort (0x000070b04416bf10)
[8,232s][debug][gc,nmethod     ] GC(2) Unregister NMethod: java.nio.Buffer.session (0x000070b043aa2590)
[8,232s][debug][gc,nmethod     ] GC(2) Unregister NMethod: net.jpountz.xxhash.StreamingXXHash32$1.reset (0x000070b044069d90)
[8,232s][debug][gc,nmethod     ] GC(2) Unregister NMethod: java.lang.invoke.LambdaForm$MH/0x000000003d352800.linkToTargetMethod (0x000070b04408ad90)
[8,232s][debug][gc,nmethod     ] GC(2) Unregister NMethod: io.sirix.index.path.summary.PathSummaryWriter.getPathNodeKey (0x000070b04428c990)
[8,232s][debug][gc,nmethod     ] GC(2) Unregister NMethod: jdk.internal.foreign.layout.MemoryLayoutUtil.requireByteSizeValid (0x000070b043f54b10)
[8,232s][debug][gc,nmethod     ] GC(2) Unregister NMethod: java.util.BitSet.get (0x000070b043f35710)
[8,232s][debug][gc,nmethod     ] GC(2) Unregister NMethod: java.lang.Short.valueOf (0x000070b04416ab10)
[8,232s][debug][gc,nmethod     ] GC(2) Unregister NMethod: sun.security.provider.SHA2.implDigest (0x000070b043b8e990)
[8,232s][debug][gc,nmethod     ] GC(2) Unregister NMethod: net.openhft.chronicle.bytes.AbstractBytes.clear (0x000070b063405c10)
[8,232s][debug][gc,nmethod     ] GC(2) Unregister NMethod: net.openhft.chronicle.core.io.VanillaReferenceCounted.<init> (0x000070b043f81890)
[8,232s][debug][gc,nmethod     ] GC(2) Unregister NMethod: jdk.internal.misc.Blocker.begin (0x000070b06338a210)
[8,232s][debug][gc,nmethod     ] GC(2) Unregister NMethod: io.sirix.access.trx.page.NodePageTrx.prepareRecordPage (0x000070b04426e590)
[8,232s][debug][gc,nmethod     ] GC(2) Unregister NMethod: io.sirix.access.trx.page.NodePageTrx.prepareRecordForModification (0x000070b0633f2090)
[8,232s][debug][gc,nmethod     ] GC(2) Unregister NMethod: net.openhft.chronicle.bytes.AbstractBytes.start (0x000070b043b44510)
[8,232s][debug][gc,nmethod     ] GC(2) Unregister NMethod: java.lang.invoke.LambdaForm$MH/0x000000003d350800.invoke (0x000070b04408bb10)
[8,232s][debug][gc,nmethod     ] GC(2) Unregister NMethod: net.openhft.chronicle.bytes.internal.AbstractBytesStore.canReleaseInBackground (0x000070b043a76390)
[8,232s][debug][gc,nmethod     ] GC(2) Unregister NMethod: jdk.internal.misc.Blocker.end (0x000070b06338a690)
[8,232s][debug][gc,nmethod     ] GC(2) Unregister NMethod: com.google.common.base.Preconditions.checkArgument (0x000070b043f0a410)
[8,232s][debug][gc,nmethod     ] GC(2) Unregister NMethod: java.util.concurrent.ConcurrentHashMap.values (0x000070b0441b6290)
[8,233s][debug][gc,nmethod     ] GC(2) Unregister NMethod: net.openhft.chronicle.core.UnsafeMemory.copyMemory (0x000070b043ac5d90)
[8,233s][debug][gc,nmethod     ] GC(2) Unregister NMethod: sun.security.provider.ByteArrayAccess.b2iBig64 (0x000070b043f3c690)
[8,233s][debug][gc,nmethod     ] GC(2) Unregister NMethod: java.io.InputStreamReader.read (0x000070b04412f510)
[8,233s][debug][gc,nmethod     ] GC(2) Unregister NMethod: net.openhft.chronicle.bytes.internal.AbstractBytesStore.writeRemaining (0x000070b044067790)
[8,233s][debug][gc,nmethod     ] GC(2) Unregister NMethod: jdk.internal.foreign.AbstractMemorySegmentImpl.toArray (0x000070b043fd4310)
[8,233s][debug][gc,nmethod     ] GC(2) Unregister NMethod: jdk.internal.misc.Unsafe.checkSize (0x000070b043a86010)
[8,233s][debug][gc,nmethod     ] GC(2) Unregister NMethod: jdk.internal.loader.Resource.getBytes (0x000070b043d0e810)
[8,233s][debug][gc,nmethod     ] GC(2) Unregister NMethod: net.openhft.chronicle.bytes.internal.BytesInternal.failIfBytesOnBytes (0x000070b043cdda10)
[8,233s][debug][gc,nmethod     ] GC(2) Unregister NMethod: com.google.common.base.Preconditions.checkPositionIndexes (0x000070b043f87a90)
[8,233s][debug][gc,nmethod     ] GC(2) Unregister NMethod: io.sirix.index.path.summary.PathSummaryWriter.getPathNodeKey (0x000070b0634e7090)
[8,233s][debug][gc,nmethod     ] GC(2) Unregister NMethod: sun.security.provider.DigestBase.engineUpdate (0x000070b0440af990)
[8,233s][debug][gc,nmethod     ] GC(2) Unregister NMethod: net.openhft.chronicle.core.UnsafeMemory.copyMemory (0x000070b04410a290)
[8,233s][debug][gc,nmethod     ] GC(2) Unregister NMethod: net.jpountz.xxhash.StreamingXXHash32$1.update (0x000070b04406a690)
[8,233s][debug][gc,nmethod     ] GC(2) Unregister NMethod: java.util.stream.AbstractPipeline.isParallel (0x000070b043cc7810)
[8,233s][debug][gc,nmethod     ] GC(2) Unregister NMethod: io.sirix.access.trx.node.AbstractNodeHashing.adaptHashesWithAdd (0x000070b06343db90)
[8,233s][debug][gc,nmethod     ] GC(2) Unregister NMethod: io.sirix.access.trx.node.AbstractNodeTrxImpl.getCurrentNode (0x000070b04405fa90)
[8,233s][debug][gc,nmethod     ] GC(2) Unregister NMethod: net.openhft.chronicle.core.io.ReferenceChangeListenerManager.callReferenceChangeListeners (0x000070b043f3be10)
[8,233s][debug][gc,nmethod     ] GC(2) Unregister NMethod: net.openhft.chronicle.bytes.NativeBytes.readRemaining (0x000070b043ae3c90)
[8,233s][debug][gc,nmethod     ] GC(2) Unregister NMethod: io.sirix.access.trx.node.json.JsonNodeTrxImpl.insertNullValueAsRightSibling (0x000070b0442cc690)
[8,233s][debug][gc,nmethod     ] GC(2) Unregister NMethod: java.nio.channels.spi.AbstractInterruptibleChannel.begin (0x000070b0441cef10)
[8,233s][debug][gc,nmethod     ] GC(2) Unregister NMethod: java.util.concurrent.CopyOnWriteArrayList.clear (0x000070b043f03a90)
[8,233s][debug][gc,nmethod     ] GC(2) Unregister NMethod: net.openhft.chronicle.core.io.AbstractReferenceCounted.release (0x000070b043a75710)
[8,233s][debug][gc,nmethod     ] GC(2) Unregister NMethod: io.sirix.page.KeyValueLeafPage.setDeweyId (0x000070b044206110)
[8,233s][debug][gc,nmethod     ] GC(2) Unregister NMethod: jdk.internal.foreign.layout.ValueLayouts$AbstractValueLayout.assertCarrierSize (0x000070b043fc0f10)
[8,233s][debug][gc,nmethod     ] GC(2) Unregister NMethod: java.lang.invoke.LambdaForm$MH/0x000000003d352400.invoke (0x000070b044089990)
[8,233s][debug][gc,nmethod     ] GC(2) Unregister NMethod: io.sirix.node.NodeKind$27.serialize (0x000070b043f5ba90)
[8,233s][debug][gc,nmethod     ] GC(2) Unregister NMethod: jdk.internal.misc.Unsafe.checkNativeAddress (0x000070b044168410)
[8,233s][debug][gc,nmethod     ] GC(2) Unregister NMethod: java.util.HashMap.computeIfAbsent (0x000070b0633fa410)
[8,233s][debug][gc,nmethod     ] GC(2) Unregister NMethod: io.sirix.node.AbstractForwardingNode.getNodeDelegate (0x000070b043a13f90)
[8,233s][debug][gc,nmethod     ] GC(2) Unregister NMethod: net.openhft.chronicle.core.io.VanillaReferenceCounted.valueCompareAndSet (0x000070b043f16590)
[8,233s][debug][gc,nmethod     ] GC(2) Unregister NMethod: io.sirix.node.NodeSerializerImpl.serialize (0x000070b043b6a990)
[8,233s][debug][gc,nmethod     ] GC(2) Unregister NMethod: java.nio.HeapByteBuffer.put (0x000070b04409b190)
[8,233s][debug][gc,nmethod     ] GC(2) Unregister NMethod: io.sirix.service.json.shredder.JsonShredder.processBoolean (0x000070b04428c110)
[8,233s][debug][gc,nmethod     ] GC(2) Unregister NMethod: java.util.stream.SortedOps$RefSortingSink.begin (0x000070b044064690)
[8,233s][debug][gc,nmethod     ] GC(2) Unregister NMethod: com.google.gson.stream.JsonReader.nextQuotedValue (0x000070b0442c2010)
[8,233s][debug][gc,nmethod     ] GC(2) Unregister NMethod: jdk.internal.foreign.AbstractMemorySegmentImpl.toArray (0x000070b043f67890)
[8,233s][debug][gc,nmethod     ] GC(2) Unregister NMethod: sun.nio.cs.StreamDecoder.read (0x000070b044132a90)
[8,233s][debug][gc,nmethod     ] GC(2) Unregister NMethod: java.util.Arrays.sort (0x000070b043d1a110)
[8,233s][debug][gc,nmethod     ] GC(2) Unregister NMethod: net.openhft.chronicle.bytes.StreamingDataInput.rawReadByte (0x000070b0441fea90)
[8,233s][debug][gc,nmethod     ] GC(2) Unregister NMethod: net.openhft.chronicle.bytes.AbstractBytes.readByte (0x000070b0441fdb90)
[8,233s][debug][gc,nmethod     ] GC(2) Unregister NMethod: io.sirix.node.NodeKind.serializeDelegate (0x000070b043f7df10)
[8,233s][debug][gc,nmethod     ] GC(2) Unregister NMethod: io.sirix.access.trx.page.NodePageReadOnlyTrx.getValue (0x000070b0633dd210)
[8,233s][debug][gc,nmethod     ] GC(2) Unregister NMethod: jdk.internal.foreign.HeapMemorySegmentImpl$OfByte.unsafeGetOffset (0x000070b043f46b90)
[8,233s][debug][gc,nmethod     ] GC(2) Unregister NMethod: java.util.stream.SpinedBuffer.ensureCapacity (0x000070b0440bff10)
[8,233s][debug][gc,nmethod     ] GC(2) Unregister NMethod: java.util.concurrent.ConcurrentHashMap$EntrySpliterator.forEachRemaining (0x000070b0440eb110)
[8,233s][debug][gc,nmethod     ] GC(2) Unregister NMethod: io.sirix.access.trx.node.json.JsonNodeTrxImpl.insertArrayAsRightSibling (0x000070b063546910)
[8,233s][debug][gc,nmethod     ] GC(2) Unregister NMethod: jdk.internal.foreign.HeapMemorySegmentImpl$OfByte.unsafeGetBase (0x000070b044045810)
[8,233s][debug][gc,nmethod     ] GC(2) Unregister NMethod: net.openhft.chronicle.bytes.internal.HeapBytesStore.write (0x000070b0441b0910)
[8,233s][debug][gc,nmethod     ] GC(2) Unregister NMethod: jdk.internal.foreign.AbstractMemorySegmentImpl.asSlice (0x000070b04402b610)
[8,233s][debug][gc,nmethod     ] GC(2) Unregister NMethod: java.lang.invoke.VarHandleSegmentAsInts.set (0x000070b043f45110)
[8,233s][debug][gc,nmethod     ] GC(2) Unregister NMethod: io.sirix.node.NodeKind$28.serialize (0x000070b043f5d390)
[8,233s][debug][gc,nmethod     ] GC(2) Unregister NMethod: net.openhft.chronicle.bytes.NativeBytes.writeCheckOffset (0x000070b043b9c810)
[8,233s][debug][gc,nmethod     ] GC(2) Unregister NMethod: java.lang.Class.reflectionData (0x000070b043b80690)
[8,233s][debug][gc,nmethod     ] GC(2) Unregister NMethod: java.util.stream.Nodes$SpinedNodeBuilder.end (0x000070b0440ba610)
[8,234s][debug][gc,nmethod     ] GC(2) Unregister NMethod: net.openhft.chronicle.bytes.VanillaBytes.write (0x000070b0441c3f10)
[8,234s][debug][gc,nmethod     ] GC(2) Unregister NMethod: net.openhft.chronicle.bytes.NativeBytes.ensureCapacity (0x000070b043b2f290)
[8,234s][debug][gc,nmethod     ] GC(2) Unregister NMethod: net.openhft.chronicle.bytes.AbstractBytes.write (0x000070b063575f10)
[8,234s][debug][gc,nmethod     ] GC(2) Unregister NMethod: java.lang.Class.getSimpleName (0x000070b044034f10)
[8,234s][debug][gc,nmethod     ] GC(2) Unregister NMethod: io.sirix.access.trx.node.json.ForwardingJsonNodeReadOnlyTrx.getNodeKey (0x000070b043f84010)
[8,234s][debug][gc,nmethod     ] GC(2) Unregister NMethod: jdk.internal.foreign.layout.ValueLayouts$OfByteImpl.withOrder (0x000070b043fb4f10)
[8,234s][debug][gc,nmethod     ] GC(2) Unregister NMethod: net.openhft.chronicle.bytes.AbstractBytes.readInt (0x000070b044203210)
[8,234s][debug][gc,nmethod     ] GC(2) Unregister NMethod: net.openhft.chronicle.bytes.internal.HeapBytesStore.read (0x000070b04406b090)
[8,234s][debug][gc,nmethod     ] GC(2) Unregister NMethod: net.openhft.chronicle.bytes.internal.BytesInternal.toByteArray (0x000070b043f50890)
[8,234s][debug][gc,nmethod     ] GC(2) Unregister NMethod: java.lang.foreign.SegmentAllocator.allocate (0x000070b044112d10)
[8,234s][debug][gc,nmethod     ] GC(2) Unregister NMethod: jdk.internal.foreign.layout.ValueLayouts$OfByteImpl.dup (0x000070b043f4e710)
[8,234s][debug][gc,nmethod     ] GC(2) Unregister NMethod: jdk.internal.foreign.AbstractMemorySegmentImpl.asSlice (0x000070b04405ff10)
[8,234s][debug][gc,nmethod     ] GC(2) Unregister NMethod: java.util.concurrent.ConcurrentHashMap$ValueIterator.<init> (0x000070b0441b6710)
[8,234s][debug][gc,nmethod     ] GC(2) Unregister NMethod: java.lang.String.<init> (0x000070b043bf2010)
[8,234s][debug][gc,nmethod     ] GC(2) Unregister NMethod: jdk.internal.foreign.layout.ValueLayouts$AbstractValueLayout.assertCarrierSize (0x000070b043f47510)
[8,234s][debug][gc,nmethod     ] GC(2) Unregister NMethod: io.sirix.index.path.summary.PathSummaryReader.putMapping (0x000070b0442b5190)
[8,234s][debug][gc,nmethod     ] GC(2) Unregister NMethod: jdk.internal.foreign.AbstractMemorySegmentImpl$$Lambda/0x000000003d2fa928.apply (0x000070b044108e10)
[8,234s][debug][gc,nmethod     ] GC(2) Unregister NMethod: sun.nio.ch.NativeThreadSet.remove (0x000070b0441be090)
[8,234s][debug][gc,nmethod     ] GC(2) Unregister NMethod: net.openhft.chronicle.bytes.VanillaBytes.bytesForRead (0x000070b043ffe990)
[8,234s][debug][gc,nmethod     ] GC(2) Unregister NMethod: java.lang.AbstractStringBuilder.append (0x000070b044135510)
[8,234s][debug][gc,nmethod     ] GC(2) Unregister NMethod: java.util.ArrayList.forEach (0x000070b043f05290)
[8,234s][debug][gc,nmethod     ] GC(2) Unregister NMethod: java.util.stream.SpinedBuffer.capacity (0x000070b0440bde90)
[8,234s][debug][gc,nmethod     ] GC(2) Unregister NMethod: java.lang.ref.SoftReference.get (0x000070b043a7b810)
[8,234s][debug][gc,nmethod     ] GC(2) Unregister NMethod: io.sirix.cache.TransactionIntentLog.put (0x000070b04413f810)
[8,234s][debug][gc,nmethod     ] GC(2) Unregister NMethod: io.sirix.access.trx.node.json.JsonNodeTrxImpl.insertAsSibling (0x000070b063443e10)
[8,234s][debug][gc,nmethod     ] GC(2) Unregister NMethod: jdk.internal.foreign.layout.ValueLayouts$AbstractValueLayout.<init> (0x000070b044045d90)
[8,234s][debug][gc,nmethod     ] GC(2) Unregister NMethod: io.sirix.access.trx.page.TreeModifierImpl.prepareLeafOfTree (0x000070b044148e90)
[8,234s][debug][gc,nmethod     ] GC(2) Unregister NMethod: java.nio.HeapByteBuffer.putLong (0x000070b0440e2b90)
[8,234s][debug][gc,nmethod     ] GC(2) Unregister NMethod: jdk.internal.foreign.layout.ValueLayouts$AbstractValueLayout.<init> (0x000070b04405e990)
[8,234s][debug][gc,nmethod     ] GC(2) Unregister NMethod: net.openhft.chronicle.bytes.BytesStore.copyTo (0x000070b044000a10)
[8,234s][debug][gc,nmethod     ] GC(2) Unregister NMethod: java.lang.ref.Finalizer.register (0x000070b043f03690)
[8,234s][debug][gc,nmethod     ] GC(2) Unregister NMethod: io.sirix.access.trx.node.json.JsonNodeTrxImpl.insertStringValueAsRightSibling (0x000070b063467b10)
[8,234s][debug][gc,nmethod     ] GC(2) Unregister NMethod: net.jpountz.xxhash.StreamingXXHash32JNI.update (0x000070b043f00c10)
[8,234s][debug][gc,nmethod     ] GC(2) Unregister NMethod: net.openhft.chronicle.core.util.Ints.requireNonNegative (0x000070b043b44b10)
[8,234s][debug][gc,nmethod     ] GC(2) Unregister NMethod: jdk.internal.foreign.layout.ValueLayouts$OfByteImpl.withOrder (0x000070b043c84810)
[8,234s][debug][gc,nmethod     ] GC(2) Unregister NMethod: net.openhft.chronicle.core.util.ObjectUtils.requireNonNull (0x000070b043a85c90)
[8,234s][debug][gc,nmethod     ] GC(2) Unregister NMethod: jdk.internal.misc.Unsafe.putLongUnaligned (0x000070b044150210)
[8,234s][debug][gc,nmethod     ] GC(2) Unregister NMethod: sun.nio.cs.StreamDecoder.inReady (0x000070b044137990)
[8,234s][debug][gc,nmethod     ] GC(2) Unregister NMethod: java.util.stream.Nodes$SpinedNodeBuilder.asArray (0x000070b0440edb90)
[8,234s][debug][gc,nmethod     ] GC(2) Unregister NMethod: io.sirix.access.trx.page.NodePageTrx.getMostRecentPageContainer (0x000070b0633ec610)
[8,234s][debug][gc,nmethod     ] GC(2) Unregister NMethod: java.util.stream.SpinedBuffer.asArray (0x000070b0440ebf10)
[8,234s][debug][gc,nmethod     ] GC(2) Unregister NMethod: java.lang.StringBuilder.append (0x000070b043a5d910)
[8,234s][debug][gc,nmethod     ] GC(2) Unregister NMethod: java.lang.String.<init> (0x000070b043bed210)
[8,234s][debug][gc,nmethod     ] GC(2) Unregister NMethod: io.sirix.access.trx.node.json.JsonNodeTrxImpl.insertNullValueAsRightSibling (0x000070b044271210)
[8,234s][debug][gc,nmethod     ] GC(2) Unregister NMethod: jdk.internal.foreign.layout.AbstractLayout.requirePowerOfTwoAndGreaterOrEqualToOne (0x000070b04402bb90)
[8,234s][debug][gc,nmethod     ] GC(2) Unregister NMethod: io.sirix.io.bytepipe.LZ4Compressor.serialize (0x000070b043f92910)
[8,234s][debug][gc,nmethod     ] GC(2) Unregister NMethod: io.sirix.service.json.shredder.JsonShredder.processNumber (0x000070b063498690)
[8,234s][debug][gc,nmethod     ] GC(2) Unregister NMethod: java.lang.invoke.Invokers$Holder.linkToTargetMethod (0x000070b043b7fa90)
[8,234s][debug][gc,nmethod     ] GC(2) Unregister NMethod: net.jpountz.lz4.LZ4BlockOutputStream.<init> (0x000070b043adf910)
[8,234s][debug][gc,nmethod     ] GC(2) Unregister NMethod: io.sirix.index.path.summary.PathSummaryReader.moveTo (0x000070b06348fb90)
[8,234s][debug][gc,nmethod     ] GC(2) Unregister NMethod: io.sirix.node.NodeKind$26.serialize (0x000070b044118190)
[8,234s][debug][gc,nmethod     ] GC(2) Unregister NMethod: jdk.internal.foreign.layout.MemoryLayoutUtil.requireByteSizeValid (0x000070b043ae5a10)
[8,234s][debug][gc,nmethod     ] GC(2) Unregister NMethod: jdk.internal.foreign.layout.AbstractLayout.requirePowerOfTwoAndGreaterOrEqualToOne (0x000070b044108190)
[8,234s][debug][gc,nmethod     ] GC(2) Unregister NMethod: net.openhft.chronicle.bytes.internal.HeapBytesStore.write (0x000070b0441c7d90)
[8,234s][debug][gc,nmethod     ] GC(2) Unregister NMethod: java.nio.ByteOrder.nativeOrder (0x000070b043c08c90)
[8,234s][debug][gc,nmethod     ] GC(2) Unregister NMethod: io.sirix.index.path.summary.PathSummaryReader.putMapping (0x000070b0634e2c10)
[8,234s][debug][gc,nmethod     ] GC(2) Unregister NMethod: io.sirix.node.delegates.ValueNodeDelegate.getRawValue (0x000070b043ffaf90)
[8,235s][debug][gc,nmethod     ] GC(2) Unregister NMethod: io.sirix.access.trx.page.NodePageTrx.getRecord (0x000070b0633f4710)
[8,235s][debug][gc,nmethod     ] GC(2) Unregister NMethod: net.openhft.chronicle.bytes.AbstractBytes.readLong (0x000070b04425be90)
[8,235s][debug][gc,nmethod     ] GC(2) Unregister NMethod: io.sirix.service.json.shredder.JsonShredder.insertBooleanValue (0x000070b0634d3210)
[8,235s][debug][gc,nmethod     ] GC(2) Unregister NMethod: java.util.concurrent.ConcurrentHashMap$Traverser.<init> (0x000070b043f89390)
[8,235s][debug][gc,nmethod     ] GC(2) Unregister NMethod: io.sirix.service.json.shredder.JsonShredder.insertArray (0x000070b06354d290)
[8,235s][debug][gc,nmethod     ] GC(2) Unregister NMethod: java.io.OutputStream.flush (0x000070b043f89c10)
[8,235s][debug][gc,nmethod     ] GC(2) Unregister NMethod: net.openhft.chronicle.bytes.internal.BytesInternal.writeStopBit0 (0x000070b043b3fb10)
[8,235s][debug][gc,nmethod     ] GC(2) Unregister NMethod: java.util.AbstractList.<init> (0x000070b043b3cb10)
[8,235s][debug][gc,nmethod     ] GC(2) Unregister NMethod: jdk.internal.misc.Unsafe.getIntUnaligned (0x000070b043b4a410)
[8,235s][debug][gc,nmethod     ] GC(2) Unregister NMethod: io.sirix.page.KeyValueLeafPage.clear (0x000070b0441b4e90)
[8,235s][debug][gc,nmethod     ] GC(2) Unregister NMethod: io.sirix.page.KeyValueLeafPage.alignOffset (0x000070b043a1ef10)
[8,235s][debug][gc,nmethod     ] GC(2) Unregister NMethod: io.sirix.service.json.shredder.JsonShredder.insertNullValue (0x000070b06347e310)
[8,235s][debug][gc,nmethod     ] GC(2) Unregister NMethod: jdk.internal.foreign.Utils.isPowerOfTwo (0x000070b043f65410)
[8,235s][debug][gc,nmethod     ] GC(2) Unregister NMethod: net.openhft.chronicle.core.io.AbstractReferenceCounted.reserve (0x000070b043a76b10)
[8,235s][debug][gc,nmethod     ] GC(2) Unregister NMethod: net.jpountz.lz4.LZ4BlockOutputStream.write (0x000070b0440e9990)
[8,235s][debug][gc,nmethod     ] GC(2) Unregister NMethod: java.util.HashMap.removeNode (0x000070b04411a290)
[8,235s][debug][gc,nmethod     ] GC(2) Unregister NMethod: java.util.ImmutableCollections$ListN.size (0x000070b043d03e90)
[8,235s][debug][gc,nmethod     ] GC(2) Unregister NMethod: io.sirix.access.trx.node.json.JsonNodeTrxImpl.insertArrayAsRightSibling (0x000070b0442aa810)
[8,235s][debug][gc,nmethod     ] GC(2) Unregister NMethod: io.sirix.node.json.ArrayNode.getKind (0x000070b043f2a810)
[8,235s][debug][gc,nmethod     ] GC(2) Unregister NMethod: io.sirix.node.NodeKind.serializeStructNodeJsonValueNode (0x000070b043f4eb90)
[8,235s][debug][gc,nmethod     ] GC(2) Unregister NMethod: io.sirix.page.PageReference.setKey (0x000070b04412ac10)
[8,235s][debug][gc,nmethod     ] GC(2) Unregister NMethod: java.lang.ref.Finalizer.<init> (0x000070b043f01d90)
[8,235s][debug][gc,nmethod     ] GC(2) Unregister NMethod: io.sirix.node.NodeKind$28$$TypeSwitch/0x000000003d384650.typeSwitch (0x000070b043edc290)
[8,235s][debug][gc,nmethod     ] GC(2) Unregister NMethod: java.lang.Math.min (0x000070b043b4a990)
[8,235s][debug][gc,nmethod     ] GC(2) Unregister NMethod: jdk.internal.misc.Unsafe.putIntUnaligned (0x000070b043a08d10)
[8,235s][debug][gc,nmethod     ] GC(2) Unregister NMethod: io.sirix.node.NodeKind$28.serialize (0x000070b043f0ac90)
[8,235s][debug][gc,nmethod     ] GC(2) Unregister NMethod: io.sirix.page.PageReference.<init> (0x000070b044135090)
[8,235s][debug][gc,nmethod     ] GC(2) Unregister NMethod: net.openhft.chronicle.bytes.VanillaBytes.write (0x000070b0441c4290)
[8,235s][debug][gc,nmethod     ] GC(2) Unregister NMethod: net.openhft.chronicle.bytes.AbstractBytes.readCheckOffset (0x000070b043bd7f10)
[8,235s][debug][gc,nmethod     ] GC(2) Unregister NMethod: java.lang.Thread.interrupted (0x000070b043bc0a90)
[8,235s][debug][gc,nmethod     ] GC(2) Unregister NMethod: io.sirix.page.KeyValueLeafPage.getAvailableSpace (0x000070b043e93990)
[8,235s][debug][gc,nmethod     ] GC(2) Unregister NMethod: java.util.concurrent.ConcurrentHashMap$ValuesView.iterator (0x000070b0441b6a90)
[8,235s][debug][gc,nmethod     ] GC(2) Unregister NMethod: com.google.gson.stream.JsonReader.nextString (0x000070b0442bdb10)
[8,235s][debug][gc,nmethod     ] GC(2) Unregister NMethod: net.openhft.chronicle.bytes.internal.BytesInternal.writeStopBit (0x000070b063450510)
[8,235s][debug][gc,nmethod     ] GC(2) Unregister NMethod: java.lang.Long.numberOfTrailingZeros (0x000070b04415b490)
[8,235s][debug][gc,nmethod     ] GC(2) Unregister NMethod: com.google.gson.stream.JsonReader.readEscapeCharacter (0x000070b0442bb390)
[8,235s][debug][gc,nmethod     ] GC(2) Unregister NMethod: io.sirix.service.json.shredder.JsonShredder.processString (0x000070b063464590)
[8,235s][debug][gc,nmethod     ] GC(2) Unregister NMethod: net.openhft.chronicle.bytes.internal.HeapBytesStore.readInt (0x000070b044203f90)
[8,235s][debug][gc,nmethod     ] GC(2) Unregister NMethod: jdk.internal.foreign.SegmentFactories.fromArray (0x000070b043fc1910)
[8,235s][debug][gc,nmethod     ] GC(2) Unregister NMethod: java.lang.invoke.VarHandleByteArrayAsInts$ArrayHandle.set (0x000070b0440e2590)
[8,235s][debug][gc,nmethod     ] GC(2) Unregister NMethod: io.sirix.access.trx.page.NodePageReadOnlyTrx.getCurrentMaxIndirectPageTreeLevel (0x000070b044143d90)
[8,235s][debug][gc,nmethod     ] GC(2) Unregister NMethod: java.util.BitSet.set (0x000070b044146590)
[8,235s][debug][gc,nmethod     ] GC(2) Unregister NMethod: io.sirix.access.trx.page.NodePageTrx$$Lambda/0x000000003d33c650.accept (0x000070b044066090)
[8,239s][debug][gc,nmethod     ] GC(2) Unregister NMethod: net.openhft.chronicle.core.Maths.toUInt31 (0x000070b043f47c90)
[8,239s][debug][gc,nmethod     ] GC(2) Unregister NMethod: io.sirix.node.json.NumberNode.getKind (0x000070b043a73810)
[8,239s][debug][gc,nmethod     ] GC(2) Unregister NMethod: net.openhft.chronicle.bytes.BytesStore.bytesForWrite (0x000070b043adf190)
[8,239s][debug][gc,nmethod     ] GC(2) Unregister NMethod: io.sirix.access.trx.page.NodePageTrx.getPageContainer (0x000070b0633f6210)
[8,239s][debug][gc,nmethod     ] GC(2) Unregister NMethod: net.openhft.chronicle.bytes.internal.HeapBytesStore.<init> (0x000070b043f2ac10)
[8,239s][debug][gc,nmethod     ] GC(2) Unregister NMethod: io.sirix.page.KeyValueLeafPage.setData (0x000070b044172710)
[8,239s][debug][gc,nmethod     ] GC(2) Unregister NMethod: sun.security.provider.SHA2.implCompress0 (0x000070b043f17410)
[8,240s][debug][gc,nmethod     ] GC(2) Unregister NMethod: java.nio.ByteBuffer.array (0x000070b043b96b90)
[8,240s][debug][gc,nmethod     ] GC(2) Unregister NMethod: java.nio.CharBuffer.wrap (0x000070b044083010)
[8,240s][debug][gc,nmethod     ] GC(2) Unregister NMethod: io.sirix.service.json.shredder.JsonShredder.insertBooleanValue (0x000070b04429d210)
[8,240s][debug][gc,nmethod     ] GC(2) Unregister NMethod: io.sirix.page.KeyValueLeafPage.processEntries (0x000070b043fc9210)
[8,240s][debug][gc,nmethod     ] GC(2) Unregister NMethod: io.sirix.service.json.shredder.JsonShredder.processNull (0x000070b0442c6f90)
[8,240s][debug][gc,nmethod     ] GC(2) Unregister NMethod: jdk.internal.foreign.MemorySessionImpl$ResourceList.cleanup (0x000070b0441b7090)
[8,240s][debug][gc,nmethod     ] GC(2) Unregister NMethod: java.lang.invoke.VarHandle.checkAccessModeThenIsDirect (0x000070b043b47110)
[8,240s][debug][gc,nmethod     ] GC(2) Unregister NMethod: sun.security.provider.SHA2.implCompress0 (0x000070b043ccec90)
[8,240s][debug][gc,nmethod     ] GC(2) Unregister NMethod: io.sirix.page.KeyValueLeafPage.hasEnoughSpace (0x000070b043b9c390)
[8,240s][debug][gc,nmethod     ] GC(2) Unregister NMethod: io.sirix.node.json.BooleanNode.getKind (0x000070b043c92a10)
[8,240s][debug][gc,nmethod     ] GC(2) Unregister NMethod: sun.nio.cs.StreamDecoder.implRead (0x000070b063570190)
[8,240s][debug][gc,nmethod     ] GC(2) Unregister NMethod: io.sirix.access.trx.page.NodePageTrx.getPageContainer (0x000070b044243b10)
[8,240s][debug][gc,nmethod     ] GC(2) Unregister NMethod: java.util.concurrent.CopyOnWriteArrayList.size (0x000070b04409b810)
[8,240s][debug][gc,nmethod     ] GC(2) Unregister NMethod: jdk.internal.foreign.AbstractMemorySegmentImpl.checkAccess (0x000070b043a20110)
[8,240s][debug][gc,nmethod     ] GC(2) Unregister NMethod: net.jpountz.lz4.LZ4BlockOutputStream.close (0x000070b0440e8d90)
[8,240s][debug][gc,nmethod     ] GC(2) Unregister NMethod: net.openhft.chronicle.bytes.AbstractBytes.read (0x000070b044027690)
[8,240s][debug][gc,nmethod     ] GC(2) Unregister NMethod: io.sirix.access.trx.node.AbstractNodeHashing.adaptHashesWithAdd (0x000070b044258310)
[8,240s][debug][gc,nmethod     ] GC(2) Unregister NMethod: java.util.BitSet.recalculateWordsInUse (0x000070b043f0d090)
[8,240s][debug][gc,nmethod     ] GC(2) Unregister NMethod: io.sirix.access.trx.node.json.JsonNodeTrxImpl.insertAsSibling (0x000070b04425c410)
[8,240s][debug][gc,nmethod     ] GC(2) Unregister NMethod: io.sirix.access.trx.node.json.JsonNodeTrxImpl.adaptNodesAndHashesForInsertAsChild (0x000070b0634dbd10)
[8,240s][debug][gc,nmethod     ] GC(2) Unregister NMethod: java.nio.HeapByteBuffer.<init> (0x000070b044105f90)
[8,240s][debug][gc,nmethod     ] GC(2) Unregister NMethod: java.util.stream.SortedOps$OfRef.opWrapSink (0x000070b043d16e90)
[8,240s][debug][gc,nmethod     ] GC(2) Unregister NMethod: io.sirix.access.trx.node.json.JsonNodeTrxImpl.insertStringValueAsRightSibling (0x000070b0442b5e10)
[8,240s][debug][gc,nmethod     ] GC(2) Unregister NMethod: io.sirix.page.KeyValueLeafPage.addReferences (0x000070b043f1dc90)
[8,240s][debug][gc,nmethod     ] GC(2) Unregister NMethod: io.sirix.node.Utils.putVarLong (0x000070b043a55190)
[8,240s][debug][gc,nmethod     ] GC(2) Unregister NMethod: java.lang.foreign.MemorySegment.copy (0x000070b04411f010)
[8,240s][debug][gc,nmethod     ] GC(2) Unregister NMethod: net.openhft.chronicle.core.io.AbstractReferenceCounted.<init> (0x000070b043f80690)
[8,240s][debug][gc,nmethod     ] GC(2) Unregister NMethod: net.openhft.chronicle.bytes.RandomDataInput.toByteArray (0x000070b043c62b90)
[8,240s][debug][gc,nmethod     ] GC(2) Unregister NMethod: net.jpountz.lz4.LZ4Factory.fastestInstance (0x000070b0440b5c90)
[8,240s][debug][gc,nmethod     ] GC(2) Unregister NMethod: jdk.internal.foreign.NativeMemorySegmentImpl.dup (0x000070b043fb5510)
[8,240s][debug][gc,nmethod     ] GC(2) Unregister NMethod: net.openhft.chronicle.bytes.internal.ReferenceCountedUtil.throwExceptionIfReleased (0x000070b043fcb910)
[8,240s][debug][gc,nmethod     ] GC(2) Unregister NMethod: jdk.internal.foreign.NativeMemorySegmentImpl.dup (0x000070b0440aa790)
[8,240s][debug][gc,nmethod     ] GC(2) Unregister NMethod: net.openhft.chronicle.bytes.internal.BytesInternal.writeStopBit (0x000070b043a1b310)
[8,240s][debug][gc,nmethod     ] GC(2) Unregister NMethod: net.openhft.chronicle.core.io.AbstractReferenceCounted.throwExceptionIfReleased (0x000070b043a86d10)
[8,240s][debug][gc,nmethod     ] GC(2) Unregister NMethod: jdk.internal.foreign.AbstractMemorySegmentImpl.isAlignedForElement (0x000070b043ec7090)
[8,240s][debug][gc,nmethod     ] GC(2) Unregister NMethod: java.util.stream.Nodes$SpinedNodeBuilder.copyInto (0x000070b044064310)
[8,240s][debug][gc,nmethod     ] GC(2) Unregister NMethod: net.openhft.chronicle.core.UnsafeMemory.compareAndSwapInt (0x000070b043f81310)
[8,240s][debug][gc,nmethod     ] GC(2) Unregister NMethod: io.sirix.page.delegates.BitmapReferencesPage.index (0x000070b043f3a810)
[8,240s][debug][gc,nmethod     ] GC(2) Unregister NMethod: org.magicwerk.brownies.collections.GapList.add (0x000070b044135c90)
[8,240s][debug][gc,nmethod     ] GC(2) Unregister NMethod: net.openhft.chronicle.bytes.internal.HeapBytesStore.write (0x000070b043f58990)
[8,240s][debug][gc,nmethod     ] GC(2) Unregister NMethod: io.sirix.page.KeyValueLeafPage.setSlot (0x000070b044206590)
[8,240s][debug][gc,nmethod     ] GC(2) Unregister NMethod: io.sirix.page.KeyValueLeafPage.setSlot (0x000070b063582b10)
[8,240s][debug][gc,nmethod     ] GC(2) Unregister NMethod: io.sirix.node.json.NumberNode.getKind (0x000070b043f7ff10)
[8,240s][debug][gc,nmethod     ] GC(2) Unregister NMethod: java.util.BitSet.<init> (0x000070b043f33190)
[8,240s][debug][gc,nmethod     ] GC(2) Unregister NMethod: jdk.internal.foreign.AbstractMemorySegmentImpl$$Lambda/0x000000003d2fad58.apply (0x000070b043fc1290)
[8,240s][debug][gc,nmethod     ] GC(2) Unregister NMethod: net.openhft.chronicle.bytes.internal.HeapBytesStore.writeShort (0x000070b044105310)
[8,240s][debug][gc,nmethod     ] GC(2) Unregister NMethod: net.jpountz.lz4.LZ4BlockOutputStream.flush (0x000070b0440c3c10)
[8,240s][debug][gc,nmethod     ] GC(2) Unregister NMethod: net.openhft.chronicle.bytes.NativeBytes.resizeHelper (0x000070b0440c6910)
[8,240s][debug][gc,nmethod     ] GC(2) Unregister NMethod: java.util.stream.AbstractPipeline.exactOutputSizeIfKnown (0x000070b043d1a610)
[8,240s][debug][gc,nmethod     ] GC(2) Unregister NMethod: java.nio.ByteBuffer.allocate (0x000070b043cdcf10)
[8,240s][debug][gc,nmethod     ] GC(2) Unregister NMethod: net.openhft.chronicle.bytes.AbstractBytes.<init> (0x000070b043fc8a10)
[8,240s][debug][gc,nmethod     ] GC(2) Unregister NMethod: jdk.internal.foreign.SegmentFactories$1.cleanup (0x000070b0441b8e10)
[8,241s][debug][gc,nmethod     ] GC(2) Unregister NMethod: net.jpountz.lz4.LZ4Utils.maxCompressedLength (0x000070b0440edf10)
[8,241s][debug][gc,nmethod     ] GC(2) Unregister NMethod: java.util.TimSort.sort (0x000070b043d19390)
[8,241s][debug][gc,nmethod     ] GC(2) Unregister NMethod: io.sirix.access.trx.page.NodePageTrx.lambda$parallelSerializationOfKeyValuePages$3 (0x000070b044065a90)
[8,241s][debug][gc,nmethod     ] GC(2) Unregister NMethod: net.openhft.chronicle.bytes.internal.HeapBytesStore.writeShort (0x000070b044106790)
[8,241s][debug][gc,nmethod     ] GC(2) Unregister NMethod: java.util.concurrent.ConcurrentHashMap.entrySet (0x000070b044065610)
[8,241s][debug][gc,nmethod     ] GC(2) Unregister NMethod: io.sirix.page.PagePersister.serializePage (0x000070b0441c1910)
[8,241s][debug][gc,nmethod     ] GC(2) Unregister NMethod: net.openhft.chronicle.core.util.Longs.requireNonNegative (0x000070b043b3f110)
[8,241s][debug][gc,nmethod     ] GC(2) Unregister NMethod: jdk.internal.foreign.AbstractMemorySegmentImpl.asSliceNoCheck (0x000070b043fcc110)
[8,241s][debug][gc,nmethod     ] GC(2) Unregister NMethod: net.openhft.chronicle.bytes.StreamingDataOutput.write (0x000070b043f90090)
[8,241s][debug][gc,nmethod     ] GC(2) Unregister NMethod: sun.nio.ch.NativeThreadSet.add (0x000070b0441be790)
[8,241s][debug][gc,nmethod     ] GC(2) Unregister NMethod: jdk.internal.foreign.layout.ValueLayouts$OfByteImpl.<init> (0x000070b04412af90)
[8,241s][debug][gc,nmethod     ] GC(2) Unregister NMethod: net.openhft.chronicle.bytes.AbstractBytes.canReadDirect (0x000070b0441c6d10)
[8,241s][debug][gc,nmethod     ] GC(2) Unregister NMethod: jdk.internal.foreign.SharedSession.justClose (0x000070b0441b8410)
[8,241s][debug][gc,nmethod     ] GC(2) Unregister NMethod: io.sirix.page.KeyValueLeafPage.updateFreeSpaceStart (0x000070b043b98990)
[8,241s][debug][gc,nmethod     ] GC(2) Unregister NMethod: jdk.internal.foreign.Utils.checkElementAlignment (0x000070b043ea5210)
[8,241s][debug][gc,nmethod     ] GC(2) Unregister NMethod: java.util.BitSet.and (0x000070b043f36690)
[8,241s][debug][gc,nmethod     ] GC(2) Unregister NMethod: java.util.Objects.checkIndex (0x000070b043a8fb90)
[8,241s][debug][gc,nmethod     ] GC(2) Unregister NMethod: sun.security.provider.DigestBase.implCompressMultiBlock0 (0x000070b044001a10)
[8,241s][debug][gc,nmethod     ] GC(2) Unregister NMethod: java.util.stream.Nodes$SpinedNodeBuilder.build (0x000070b0440ee910)
[8,241s][debug][gc,nmethod     ] GC(2) Unregister NMethod: io.sirix.node.NodeKind.serializeJsonObjectOrArrayStructDelegate (0x000070b043fb6a10)
[8,241s][debug][gc,nmethod     ] GC(2) Unregister NMethod: java.lang.Integer.numberOfTrailingZeros (0x000070b04415b910)
[8,241s][debug][gc,nmethod     ] GC(2) Unregister NMethod: io.sirix.access.trx.node.json.JsonNodeTrxImpl.insertNullValueAsRightSibling (0x000070b06365fd10)
[8,241s][debug][gc,nmethod     ] GC(2) Unregister NMethod: org.magicwerk.brownies.collections.GapList.doAdd (0x000070b044139810)
[8,241s][debug][gc,nmethod     ] GC(2) Unregister NMethod: io.sirix.node.json.BooleanNode.getKind (0x000070b04409a690)
[8,241s][debug][gc,nmethod     ] GC(2) Unregister NMethod: java.lang.Thread.blockedOn (0x000070b0441afb90)
[8,241s][debug][gc,nmethod     ] GC(2) Unregister NMethod: jdk.internal.foreign.HeapMemorySegmentImpl$OfByte.maxAlignMask (0x000070b043cbce10)
[8,241s][debug][gc,nmethod     ] GC(2) Unregister NMethod: java.util.BitSet.nextSetBit (0x000070b04415c310)
[8,241s][debug][gc,nmethod     ] GC(2) Unregister NMethod: jdk.internal.foreign.MemorySessionImpl.checkValidStateRaw (0x000070b0440c4f90)
[8,241s][debug][gc,nmethod     ] GC(2) Unregister NMethod: net.openhft.chronicle.bytes.VanillaBytes.write0 (0x000070b0441c7210)
[8,241s][debug][gc,nmethod     ] GC(2) Unregister NMethod: io.sirix.access.trx.page.NodePageTrx.commit (0x000070b0441c2110)
[8,241s][debug][gc,nmethod     ] GC(2) Unregister NMethod: net.openhft.chronicle.bytes.AbstractBytes.readLimit (0x000070b043bdb290)
[8,241s][debug][gc,nmethod     ] GC(2) Unregister NMethod: io.sirix.node.NodeKind$28$$TypeSwitch/0x000000003d384650.typeSwitch (0x000070b04409bc10)
[8,241s][debug][gc,nmethod     ] GC(2) Unregister NMethod: jdk.internal.foreign.HeapMemorySegmentImpl$OfByte.<init> (0x000070b044112890)
[8,241s][debug][gc,nmethod     ] GC(2) Unregister NMethod: java.util.stream.ReferencePipeline$$Lambda/0x000000003d2f9110.apply (0x000070b043b8e210)
[8,241s][debug][gc,nmethod     ] GC(2) Unregister NMethod: jdk.internal.misc.Unsafe.putLongUnaligned (0x000070b0440c4a10)
[8,241s][debug][gc,nmethod     ] GC(2) Unregister NMethod: com.google.gson.stream.JsonReader.nextString (0x000070b063447090)
[8,241s][debug][gc,nmethod     ] GC(2) Unregister NMethod: java.util.BitSet.flip (0x000070b043f39090)
[8,241s][debug][gc,nmethod     ] GC(2) Unregister NMethod: java.util.LinkedHashMap.afterNodeRemoval (0x000070b044148890)
[8,241s][debug][gc,nmethod     ] GC(2) Unregister NMethod: java.util.stream.SortedOps$RefSortingSink.end (0x000070b043b8ab90)
[8,241s][debug][gc,nmethod     ] GC(2) Unregister NMethod: io.sirix.page.KeyValueLeafPage.getSlotAsByteArray (0x000070b043a02910)
[8,241s][debug][gc,nmethod     ] GC(2) Unregister NMethod: org.magicwerk.brownies.collections.GapList.get (0x000070b043f31b10)
[8,241s][debug][gc,nmethod     ] GC(2) Unregister NMethod: io.sirix.page.UberPage.getPageCountExp (0x000070b044140f10)
[8,241s][debug][gc,nmethod     ] GC(2) Unregister NMethod: net.openhft.chronicle.bytes.VanillaBytes.read (0x000070b044205490)
[8,241s][debug][gc,nmethod     ] GC(2) Unregister NMethod: net.jpountz.xxhash.StreamingXXHash32$1.getValue (0x000070b044069510)
[8,241s][debug][gc,nmethod     ] GC(2) Unregister NMethod: io.sirix.node.json.NullNode.getKind (0x000070b04405f390)
[8,241s][debug][gc,nmethod     ] GC(2) Unregister NMethod: io.sirix.node.NodeKind$20.serialize (0x000070b043f74d10)
[8,241s][debug][gc,nmethod     ] GC(2) Unregister NMethod: jdk.internal.foreign.layout.ValueLayouts$AbstractValueLayout.withOrder (0x000070b044119c90)
[8,241s][debug][gc,nmethod     ] GC(2) Unregister NMethod: jdk.internal.foreign.AbstractMemorySegmentImpl$$Lambda/0x000000003d2fad58.apply (0x000070b043f74890)
[8,241s][debug][gc,nmethod     ] GC(2) Unregister NMethod: io.sirix.access.trx.node.json.JsonNodeTrxImpl.adaptForInsert (0x000070b044258a90)
[8,242s][debug][gc,nmethod     ] GC(2) Unregister NMethod: java.util.concurrent.ConcurrentHashMap$EntrySpliterator.<init> (0x000070b0440ec710)
[8,242s][debug][gc,nmethod     ] GC(2) Unregister NMethod: io.sirix.page.KeyValueLeafPage.updateLastSlotIndex (0x000070b043f65790)
[8,242s][debug][gc,nmethod     ] GC(2) Unregister NMethod: io.sirix.service.json.shredder.JsonShredder.insertNumberValue (0x000070b0634ae990)
[8,242s][debug][gc,nmethod     ] GC(2) Unregister NMethod: sun.nio.cs.StreamDecoder.readBytes (0x000070b044137f10)
[8,242s][debug][gc,nmethod     ] GC(2) Unregister NMethod: io.sirix.page.IndirectPage.getOrCreateReference (0x000070b04414db10)
[8,242s][debug][gc,nmethod     ] GC(2) Unregister NMethod: io.sirix.node.NodeKind.serializeJsonObjectOrArrayStructDelegate (0x000070b043f55590)
[8,242s][debug][gc,nmethod     ] GC(2) Unregister NMethod: java.io.DataOutputStream.flush (0x000070b0440c1590)
[8,242s][debug][gc,nmethod     ] GC(2) Unregister NMethod: net.openhft.chronicle.bytes.RandomCommon.writePosition (0x000070b043f89f90)
[8,242s][debug][gc,nmethod     ] GC(2) Unregister NMethod: net.openhft.chronicle.core.UnsafeMemory.writeShort (0x000070b044104a90)
[8,242s][debug][gc,nmethod     ] GC(2) Unregister NMethod: io.sirix.io.filechannel.FileChannelWriter.writePageReference (0x000070b0441c9510)
[8,242s][debug][gc,nmethod     ] GC(2) Unregister NMethod: io.sirix.access.trx.page.TreeModifierImpl.prepareIndirectPage (0x000070b04414e510)
[8,242s][debug][gc,nmethod     ] GC(2) Unregister NMethod: jdk.internal.foreign.HeapMemorySegmentImpl$OfByte.unsafeGetOffset (0x000070b04405f710)
[8,242s][debug][gc,nmethod     ] GC(2) Unregister NMethod: java.util.BitSet.toByteArray (0x000070b043f88590)
[8,242s][debug][gc,nmethod     ] GC(2) Unregister NMethod: io.sirix.access.trx.node.json.JsonNodeTrxImpl.insertBooleanValueAsRightSibling (0x000070b044299110)
[8,242s][debug][gc,nmethod     ] GC(2) Unregister NMethod: io.sirix.page.KeyValueLeafPage.findFreeSpaceForSlots (0x000070b04410b790)
[8,242s][debug][gc,nmethod     ] GC(2) Unregister NMethod: io.sirix.service.json.shredder.JsonShredder.processString (0x000070b0442bab10)
[8,242s][debug][gc,nmethod     ] GC(2) Unregister NMethod: jdk.internal.foreign.AbstractMemorySegmentImpl.toArray (0x000070b043ff5b90)
[8,242s][debug][gc,nmethod     ] GC(2) Unregister NMethod: net.openhft.chronicle.bytes.AbstractBytes.writeShort (0x000070b044104610)
[8,242s][debug][gc,nmethod     ] GC(2) Unregister NMethod: net.openhft.chronicle.bytes.VanillaBytes.<init> (0x000070b043a77a90)
[8,242s][debug][gc,nmethod     ] GC(2) Unregister NMethod: io.sirix.page.PageReference.<init> (0x000070b04415bd90)
[8,242s][debug][gc,nmethod     ] GC(2) Unregister NMethod: net.openhft.chronicle.bytes.internal.HeapBytesStore.readLong (0x000070b043f06d90)
[8,242s][debug][gc,nmethod     ] GC(2) Unregister NMethod: io.sirix.page.KeyValueLeafPage.setSlot (0x000070b043b3d490)
[8,242s][debug][gc,nmethod     ] GC(2) Unregister NMethod: io.sirix.access.trx.page.NodePageTrx$$Lambda/0x000000003d33c1d0.apply (0x000070b0440c6110)
[8,242s][debug][gc,nmethod     ] GC(2) Unregister NMethod: net.openhft.chronicle.bytes.AbstractBytes.readCheckOffset0 (0x000070b043b43310)
[8,242s][debug][gc,nmethod     ] GC(2) Unregister NMethod: net.openhft.chronicle.bytes.internal.HeapBytesStore.write (0x000070b0441b2b10)
[8,242s][debug][gc,nmethod     ] GC(2) Unregister NMethod: jdk.internal.foreign.AbstractMemorySegmentImpl.checkArraySize (0x000070b043f82510)
[8,242s][debug][gc,nmethod     ] GC(2) Unregister NMethod: java.util.ArrayList.sort (0x000070b0440b3c10)
[8,242s][debug][gc,nmethod     ] GC(2) Unregister NMethod: com.google.gson.stream.JsonReader.nextQuotedValue (0x000070b0633fd490)
[8,242s][debug][gc,nmethod     ] GC(2) Unregister NMethod: io.sirix.page.KeyValueLeafPage.commit (0x000070b0441c5d10)
[8,242s][debug][gc,nmethod     ] GC(2) Unregister NMethod: io.sirix.access.trx.node.json.JsonNodeTrxImpl.insertBooleanValueAsRightSibling (0x000070b0634cb790)
[8,242s][debug][gc,nmethod     ] GC(2) Unregister NMethod: io.sirix.access.trx.page.NodePageReadOnlyTrx.getValue (0x000070b04422e390)
[8,242s][debug][gc,nmethod     ] GC(2) Unregister NMethod: jdk.internal.misc.Unsafe.copyMemory (0x000070b043bdc010)
[8,242s][debug][gc,nmethod     ] GC(2) Unregister NMethod: io.sirix.access.trx.page.NodePageTrx$1.removeEldestEntry (0x000070b044147010)
[8,242s][debug][gc,nmethod     ] GC(2) Unregister NMethod: java.nio.ByteBuffer.wrap (0x000070b043f04c90)
[8,242s][debug][gc,nmethod     ] GC(2) Unregister NMethod: io.sirix.access.trx.node.json.JsonNodeTrxImpl.insertStringValueAsRightSibling (0x000070b04427de10)
[8,242s][debug][gc,nmethod     ] GC(2) Unregister NMethod: java.nio.HeapByteBuffer.compact (0x000070b04412bc90)
[8,242s][debug][gc,nmethod     ] GC(2) Unregister NMethod: io.sirix.cache.PageContainer.getInstance (0x000070b04413e010)
[8,242s][debug][gc,nmethod     ] GC(2) Unregister NMethod: net.openhft.chronicle.bytes.AbstractBytes.write (0x000070b063591f90)
[8,242s][debug][gc,nmethod     ] GC(2) Unregister NMethod: java.nio.channels.spi.AbstractInterruptibleChannel.begin (0x000070b0441db690)
[8,242s][debug][gc,nmethod     ] GC(2) Unregister NMethod: net.openhft.chronicle.bytes.internal.HeapBytesStore.write (0x000070b044115590)
[8,242s][debug][gc,nmethod     ] GC(2) Unregister NMethod: jdk.internal.foreign.layout.ValueLayouts$OfByteImpl.<init> (0x000070b043fb4b10)
[8,242s][debug][gc,nmethod     ] GC(2) Unregister NMethod: java.util.ImmutableCollections$ListItr.hasNext (0x000070b043f5b010)
[8,242s][debug][gc,nmethod     ] GC(2) Unregister NMethod: java.lang.Class.getSimpleName (0x000070b043bc2390)
[8,242s][debug][gc,nmethod     ] GC(2) Unregister NMethod: net.openhft.chronicle.bytes.AbstractBytes.readOffsetPositionMoved (0x000070b043b42310)
[8,242s][debug][gc,nmethod     ] GC(2) Unregister NMethod: sun.nio.cs.StreamDecoder.lockedRead (0x000070b044131590)
[8,242s][debug][gc,nmethod     ] GC(2) Unregister NMethod: java.lang.invoke.DirectMethodHandle$Holder.invokeStatic (0x000070b04408a690)
[8,242s][debug][gc,nmethod     ] GC(2) Unregister NMethod: io.sirix.io.filechannel.FileChannelWriter.getOffset (0x000070b0441c3910)
[8,242s][debug][gc,nmethod     ] GC(2) Unregister NMethod: jdk.internal.foreign.AbstractMemorySegmentImpl.asSlice (0x000070b04402ac90)
[8,242s][debug][gc,nmethod     ] GC(2) Unregister NMethod: java.io.ByteArrayOutputStream.close (0x000070b0440f9e10)
[8,242s][debug][gc,nmethod     ] GC(2) Unregister NMethod: io.sirix.page.PageKind$1.serializePage (0x000070b043f9ad10)
[8,243s][debug][gc,nmethod     ] GC(2) Unregister NMethod: jdk.internal.foreign.AbstractMemorySegmentImpl.checkAccess (0x000070b044100810)
[8,243s][debug][gc,nmethod     ] GC(2) Unregister NMethod: org.magicwerk.brownies.collections.IList.checkIndexAdd (0x000070b044136110)
[8,243s][debug][gc,nmethod     ] GC(2) Unregister NMethod: net.openhft.chronicle.bytes.AbstractBytes.<init> (0x000070b043a76f90)
[8,243s][debug][gc,nmethod     ] GC(2) Unregister NMethod: java.nio.HeapByteBuffer.byteOffset (0x000070b043d2d590)
[8,243s][debug][gc,nmethod     ] GC(2) Unregister NMethod: io.sirix.node.xml.AbstractStructForwardingNode.getLastChildKey (0x000070b043f2a210)
[8,243s][debug][gc,nmethod     ] GC(2) Unregister NMethod: java.util.stream.ReferencePipeline.makeNodeBuilder (0x000070b043b8de90)
[8,243s][debug][gc,nmethod     ] GC(2) Unregister NMethod: io.sirix.access.trx.node.AbstractResourceSession.getResourceConfig (0x000070b043f46f10)
[8,243s][debug][gc,nmethod     ] GC(2) Unregister NMethod: net.openhft.chronicle.bytes.NativeBytes.<init> (0x000070b0440b2710)
[8,243s][debug][gc,nmethod     ] GC(2) Unregister NMethod: io.sirix.page.KeyValueLeafPage.setData (0x000070b06357fb10)
[8,243s][debug][gc,nmethod     ] GC(2) Unregister NMethod: net.openhft.chronicle.bytes.BytesStore.realCapacity (0x000070b043a64e90)
[8,243s][debug][gc,nmethod     ] GC(2) Unregister NMethod: java.nio.charset.CharsetDecoder.decode (0x000070b04411c210)
[8,243s][debug][gc,nmethod     ] GC(2) Unregister NMethod: java.util.stream.Nodes$SpinedNodeBuilder.begin (0x000070b044063c90)
[8,243s][debug][gc,nmethod     ] GC(2) Unregister NMethod: net.openhft.chronicle.bytes.StreamingDataOutput.writeStopBit (0x000070b043fe9990)
[8,243s][debug][gc,nmethod     ] GC(2) Unregister NMethod: java.util.stream.SpinedBuffer.clear (0x000070b044064d90)
[8,243s][debug][gc,nmethod     ] GC(2) Unregister NMethod: io.sirix.access.trx.page.NodePageReadOnlyTrx.getPageReference (0x000070b044141610)
[8,243s][debug][gc,nmethod     ] GC(2) Unregister NMethod: jdk.internal.foreign.AbstractMemorySegmentImpl.set (0x000070b043fd1390)
[8,243s][debug][gc,nmethod     ] GC(2) Unregister NMethod: io.sirix.service.json.shredder.JsonShredder.insertArray (0x000070b0442a2110)
[8,243s][debug][gc,nmethod     ] GC(2) Unregister NMethod: net.openhft.chronicle.bytes.AbstractBytes.write (0x000070b043f3f010)
[8,243s][debug][gc,nmethod     ] GC(2) Unregister NMethod: net.openhft.chronicle.bytes.NativeBytes.bytesStore (0x000070b04412c390)
[8,243s][debug][gc,nmethod     ] GC(2) Unregister NMethod: jdk.internal.foreign.layout.ValueLayouts$AbstractValueLayout.withOrder (0x000070b043a8f310)
[8,243s][debug][gc,nmethod     ] GC(2) Unregister NMethod: jdk.internal.foreign.SegmentFactories.fromArray (0x000070b04412b390)
[8,243s][debug][gc,nmethod     ] GC(2) Unregister NMethod: io.sirix.index.path.summary.PathSummaryReader.getStructuralNode (0x000070b043f15b90)
[8,243s][debug][gc,nmethod     ] GC(2) Unregister NMethod: io.sirix.service.json.shredder.JsonShredder.processNull (0x000070b063471290)
[8,243s][debug][gc,nmethod     ] GC(2) Unregister NMethod: jdk.internal.foreign.Utils$BaseAndScale$$TypeSwitch/0x000000003d2f64e0.typeSwitch (0x000070b043ea3590)
[8,243s][debug][gc,nmethod     ] GC(2) Unregister NMethod: io.sirix.access.trx.page.NodePageTrx.getMostRecentPageContainer (0x000070b044244e10)
[8,243s][debug][gc,nmethod     ] GC(2) Unregister NMethod: io.sirix.access.trx.node.json.JsonNodeTrxImpl.insertStringValueAsRightSibling (0x000070b06364d390)
[8,243s][debug][gc,nmethod     ] GC(2) Unregister NMethod: sun.nio.cs.StreamDecoder.implRead (0x000070b043a61010)
[8,243s][debug][gc,nmethod     ] GC(2) Unregister NMethod: java.lang.foreign.MemorySegment.copy (0x000070b044060290)
[8,243s][debug][gc,nmethod     ] GC(2) Unregister NMethod: net.jpountz.lz4.LZ4JNICompressor.compress (0x000070b043b8c810)
[8,243s][debug][gc,nmethod     ] GC(2) Unregister NMethod: io.sirix.service.json.shredder.JsonShredder.processBoolean (0x000070b0634c2810)
[8,243s][debug][gc,nmethod     ] GC(2) Unregister NMethod: io.sirix.service.json.shredder.JsonShredder.insertNullValue (0x000070b063657710)
[8,243s][debug][gc,nmethod     ] GC(2) Unregister NMethod: io.sirix.page.delegates.BitmapReferencesPage.getOrCreateReference (0x000070b043f34a10)
[8,243s][debug][gc,nmethod     ] GC(2) Unregister NMethod: java.util.concurrent.atomic.AtomicInteger.incrementAndGet (0x000070b0440a7d90)
[8,243s][debug][gc,nmethod     ] GC(2) Unregister NMethod: io.sirix.access.trx.page.NodePageTrx$$Lambda/0x000000003d33c408.test (0x000070b0440b5890)
[8,243s][debug][gc,nmethod     ] GC(2) Unregister NMethod: net.openhft.chronicle.core.UnsafeMemory.copyMemory (0x000070b043b14490)
[8,243s][debug][gc,nmethod     ] GC(2) Unregister NMethod: io.sirix.node.xml.AbstractStructForwardingNode.getChildCount (0x000070b043cde490)
[8,243s][debug][gc,nmethod     ] GC(2) Unregister NMethod: io.sirix.access.trx.page.NodePageTrx.prepareRecordForModification (0x000070b04426bb90)
[8,243s][debug][gc,nmethod     ] GC(2) Unregister NMethod: net.openhft.chronicle.bytes.StreamingDataOutput.rawWriteByte (0x000070b043a13390)
[8,243s][debug][gc,nmethod     ] GC(2) Unregister NMethod: java.util.concurrent.ConcurrentHashMap$EntrySetView.spliterator (0x000070b0440eaa10)
[8,243s][debug][gc,nmethod     ] GC(2) Unregister NMethod: io.sirix.service.json.shredder.JsonShredder.insertNumberValue (0x000070b044282610)
[8,243s][debug][gc,nmethod     ] GC(2) Unregister NMethod: java.nio.channels.spi.AbstractInterruptibleChannel.end (0x000070b0441cf710)
[8,243s][debug][gc,nmethod     ] GC(2) Unregister NMethod: net.openhft.chronicle.bytes.NativeBytes.wrapWithNativeBytes (0x000070b0440b0a90)
[8,243s][debug][gc,nmethod     ] GC(2) Unregister NMethod: java.nio.ByteBuffer.flip (0x000070b044119390)
[8,243s][debug][gc,nmethod     ] GC(2) Unregister NMethod: io.sirix.service.json.shredder.JsonShredder.insertNewContent (0x000070b063511490)
[8,243s][debug][gc,nmethod     ] GC(2) Unregister NMethod: io.sirix.node.NodeKind$20.serialize (0x000070b043f28690)
[8,243s][debug][gc,nmethod     ] GC(2) Unregister NMethod: sun.security.provider.DigestBase.engineDigest (0x000070b043b90790)
[8,243s][debug][gc,nmethod     ] GC(2) Unregister NMethod: sun.security.provider.ByteArrayAccess.i2bBig (0x000070b044038810)
[8,243s][debug][gc,nmethod     ] GC(2) Unregister NMethod: jdk.internal.foreign.layout.ValueLayouts$OfByteImpl.dup (0x000070b043fb5d90)
[8,244s][debug][gc,nmethod     ] GC(2) Unregister NMethod: io.sirix.access.trx.node.json.JsonNodeTrxImpl.insertNullValueAsRightSibling (0x000070b063486190)
[8,244s][debug][gc,nmethod     ] GC(2) Unregister NMethod: java.nio.HeapCharBuffer.<init> (0x000070b044082b90)
[8,244s][debug][gc,nmethod     ] GC(2) Unregister NMethod: jdk.internal.foreign.layout.ValueLayouts$OfByteImpl.dup (0x000070b04405e610)
[8,244s][debug][gc,nmethod     ] GC(2) Unregister NMethod: io.sirix.service.json.shredder.JsonShredder.processNull (0x000070b063645790)
[8,244s][debug][gc,nmethod     ] GC(2) Unregister NMethod: net.openhft.chronicle.core.io.AbstractReferenceCounted$$Lambda/0x000000003d2bb8f8.run (0x000070b044067190)
[8,244s][debug][gc,nmethod     ] GC(2) Unregister NMethod: io.sirix.node.json.ArrayNode.getKind (0x000070b043ca9b90)
[8,244s][debug][gc,nmethod     ] GC(2) Unregister NMethod: io.sirix.node.NodeKind$27.serialize (0x000070b043a12c10)
[8,244s][debug][gc,nmethod     ] GC(2) Unregister NMethod: io.sirix.service.json.shredder.JsonShredder.processNull (0x000070b044270990)
[8,244s][debug][gc,nmethod     ] GC(2) Unregister NMethod: io.sirix.service.json.shredder.JsonShredder.insertNullValue (0x000070b044275090)
[8,244s][debug][gc,nmethod     ] GC(2) Unregister NMethod: jdk.internal.foreign.SharedSession$SharedResourceList.cleanup (0x000070b0441bb790)
[8,244s][debug][gc,nmethod     ] GC(2) Unregister NMethod: jdk.internal.util.Preconditions.checkFromIndexSize (0x000070b043a70e10)
[8,244s][debug][gc,nmethod     ] GC(2) Unregister NMethod: io.sirix.page.PageKind$1.serializePage (0x000070b0440cbd90)
[8,244s][debug][gc,nmethod     ] GC(2) Unregister NMethod: jdk.internal.foreign.AbstractMemorySegmentImpl.asSlice (0x000070b043bd2d90)
[8,244s][debug][gc,nmethod     ] GC(2) Unregister NMethod: jdk.internal.foreign.HeapMemorySegmentImpl$OfByte.<init> (0x000070b04402a690)
[8,244s][debug][gc,nmethod     ] GC(2) Unregister NMethod: io.sirix.service.json.shredder.JsonShredder.processBeginArray (0x000070b04428ba90)
[8,244s][debug][gc,nmethod     ] GC(2) Unregister NMethod: java.util.concurrent.ConcurrentHashMap$BaseIterator.<init> (0x000070b0441b4a10)
[8,244s][debug][gc,nmethod     ] GC(2) Unregister NMethod: io.sirix.access.trx.page.NodePageTrx.lambda$prepareRecordPage$5 (0x000070b04414a510)
[8,244s][debug][gc,nmethod     ] GC(2) Unregister NMethod: org.magicwerk.brownies.collections.GapList.doEnsureCapacity (0x000070b044136c10)
[8,244s][debug][gc,nmethod     ] GC(2) Unregister NMethod: java.util.stream.SpinedBuffer.copyInto (0x000070b0440ecb10)
[8,244s][debug][gc,nmethod     ] GC(2) Unregister NMethod: net.openhft.chronicle.bytes.Bytes.isClear (0x000070b044103d90)
[8,244s][debug][gc,nmethod     ] GC(2) Unregister NMethod: sun.nio.ch.FileChannelImpl.size (0x000070b0441bfa90)
[8,244s][debug][gc,nmethod     ] GC(2) Unregister NMethod: jdk.internal.foreign.Utils.isPowerOfTwo (0x000070b043a8ec90)
[8,244s][debug][gc,nmethod     ] GC(2) Unregister NMethod: net.openhft.chronicle.core.io.VanillaReferenceCounted.release (0x000070b04412d490)
[8,244s][debug][gc,nmethod     ] GC(2) Unregister NMethod: jdk.internal.misc.Unsafe.checkOffset (0x000070b043af8890)
[8,244s][debug][gc,nmethod     ] GC(2) Unregister NMethod: jdk.internal.foreign.AbstractMemorySegmentImpl.toArray (0x000070b0440e4310)
[8,244s][debug][gc,nmethod     ] GC(2) Unregister NMethod: java.util.ImmutableCollections$AbstractImmutableList.iterator (0x000070b043f88110)
[8,244s][debug][gc,nmethod     ] GC(2) Unregister NMethod: java.nio.HeapByteBuffer.<init> (0x000070b043cdd510)
[8,244s][debug][gc,nmethod     ] GC(2) Unregister NMethod: java.nio.ByteBuffer.order (0x000070b043f7f610)
[8,244s][debug][gc,nmethod     ] GC(2) Unregister NMethod: java.util.BitSet.cardinality (0x000070b043f2ee90)
[8,244s][debug][gc,nmethod     ] GC(2) Unregister NMethod: net.jpountz.lz4.LZ4BlockOutputStream.<init> (0x000070b043f92e90)
[8,244s][debug][gc,nmethod     ] GC(2) Unregister NMethod: net.jpountz.lz4.LZ4BlockOutputStream.finish (0x000070b0440e7a90)
[8,244s][debug][gc,nmethod     ] GC(2) Unregister NMethod: io.sirix.page.PageKind$1.serializePage (0x000070b043cdea90)
[8,244s][debug][gc,nmethod     ] GC(2) Unregister NMethod: net.openhft.chronicle.core.Maths.toInt32 (0x000070b0440c5810)
[8,244s][debug][gc,nmethod     ] GC(2) Unregister NMethod: net.openhft.chronicle.bytes.RandomCommon.writeLimit (0x000070b043a76010)
[8,244s][debug][gc,nmethod     ] GC(2) Unregister NMethod: java.lang.invoke.LambdaForm$DMH/0x000000003d349c00.invokeStatic (0x000070b04408b410)
[8,244s][debug][gc,nmethod     ] GC(2) Unregister NMethod: net.openhft.chronicle.bytes.StreamingDataOutput.write (0x000070b063578e90)
[8,244s][debug][gc,nmethod     ] GC(2) Unregister NMethod: net.openhft.chronicle.bytes.RandomCommon.readRemaining (0x000070b043f89790)
[8,244s][debug][gc,nmethod     ] GC(2) Unregister NMethod: com.google.gson.stream.JsonReader.nextQuotedValue (0x000070b0442bf710)
[8,244s][debug][gc,nmethod     ] GC(2) Unregister NMethod: io.sirix.node.NodeKind.serializeValDelegate (0x000070b043f52a10)
[8,244s][debug][gc,nmethod     ] GC(2) Unregister NMethod: io.sirix.node.xml.AbstractStructForwardingNode.getLastChildKey (0x000070b043a12790)
[8,244s][debug][gc,nmethod     ] GC(2) Unregister NMethod: io.sirix.access.trx.page.NodePageTrx.prepareRecordPage (0x000070b0633ee610)
[8,244s][debug][gc,nmethod     ] GC(2) Unregister NMethod: net.openhft.chronicle.bytes.AbstractBytes.read (0x000070b044204c10)
[8,244s][debug][gc,nmethod     ] GC(2) Unregister NMethod: io.sirix.service.json.shredder.JsonShredder.insertNullValue (0x000070b0442c7810)
[8,244s][debug][gc,nmethod     ] GC(2) Unregister NMethod: java.lang.foreign.MemorySegment.copy (0x000070b0440aac10)
[8,244s][debug][gc,nmethod     ] GC(2) Unregister NMethod: java.nio.charset.CoderResult.isOverflow (0x000070b044027290)
[8,244s][debug][gc,nmethod     ] GC(2) Unregister NMethod: java.util.BitSet.set (0x000070b043a62b90)
[8,244s][debug][gc,nmethod     ] GC(2) Unregister NMethod: sun.security.provider.DigestBase.engineDigest (0x000070b0440be510)
[8,244s][debug][gc,nmethod     ] GC(2) Unregister NMethod: net.openhft.chronicle.bytes.Bytes.elasticHeapByteBuffer (0x000070b0440c4110)
[8,244s][debug][gc,nmethod     ] GC(2) Unregister NMethod: net.openhft.chronicle.bytes.internal.HeapBytesStore.readByte (0x000070b043b3df10)
[8,245s][debug][gc,nmethod     ] GC(2) Unregister NMethod: jdk.internal.foreign.Utils$BaseAndScale.of (0x000070b044032a90)
[8,245s][debug][gc,nmethod     ] GC(2) Unregister NMethod: net.openhft.chronicle.bytes.AbstractBytes.bytesStore (0x000070b043f5aa90)
[8,245s][debug][gc,nmethod     ] GC(2) Unregister NMethod: io.sirix.page.KeyValueLeafPage.processEntries (0x000070b043f8c290)
[8,245s][debug][gc,nmethod     ] GC(2) Unregister NMethod: jdk.internal.foreign.AbstractMemorySegmentImpl.checkArraySize (0x000070b043f21490)
[8,245s][debug][gc,nmethod     ] GC(2) Unregister NMethod: net.openhft.chronicle.bytes.AbstractBytes.writeInt (0x000070b043f7d610)
[8,245s][debug][gc,nmethod     ] GC(2) Unregister NMethod: net.openhft.chronicle.bytes.internal.AbstractBytesStore.readRemaining (0x000070b044066510)
[8,245s][debug][gc,nmethod     ] GC(2) Unregister NMethod: jdk.internal.foreign.layout.ValueLayouts$OfByteImpl.dup (0x000070b043fede10)
[8,245s][debug][gc,nmethod     ] GC(2) Unregister NMethod: net.openhft.chronicle.bytes.RandomCommon.writeRemaining (0x000070b043a69410)
[8,245s][debug][gc,nmethod     ] GC(2) Unregister NMethod: io.sirix.access.trx.page.NodePageTrx$$Lambda/0x000000003d36b4b0.apply (0x000070b044147f10)
[8,245s][debug][gc,nmethod     ] GC(2) Unregister NMethod: net.openhft.chronicle.bytes.AbstractBytes.write (0x000070b043fe3c10)
[8,245s][debug][gc,nmethod     ] GC(2) Unregister NMethod: io.sirix.access.trx.node.json.JsonNodeTrxImpl.insertStringValueAsFirstChild (0x000070b044291190)
[8,245s][debug][gc,nmethod     ] GC(2) Unregister NMethod: net.openhft.chronicle.core.io.VanillaReferenceCounted.reserve (0x000070b04412e290)
[8,245s][debug][gc,nmethod     ] GC(2) Unregister NMethod: io.sirix.node.AbstractForwardingNode.getNodeDelegate (0x000070b0633e8010)
[8,245s][debug][gc,nmethod     ] GC(2) Unregister NMethod: sun.security.provider.SHA2.implCompress (0x000070b043cce590)
[8,245s][debug][gc,nmethod     ] GC(2) Unregister NMethod: io.sirix.access.trx.node.json.JsonNodeTrxImpl.adaptForInsert (0x000070b063438010)
[8,245s][debug][gc,nmethod     ] GC(2) Unregister NMethod: io.sirix.access.trx.node.json.JsonNodeTrxImpl.insertNumberValueAsRightSibling (0x000070b0634a7e90)
[8,245s][debug][gc,nmethod     ] GC(2) Unregister NMethod: net.openhft.chronicle.core.io.ReferenceCountedTracer.onReleased (0x000070b043f5b390)
[8,245s][debug][gc,nmethod     ] GC(2) Unregister NMethod: net.jpountz.lz4.LZ4BlockOutputStream.writeIntLE (0x000070b043a77e10)
[8,245s][debug][gc,nmethod     ] GC(2) Unregister NMethod: io.sirix.io.filechannel.FileChannelWriter.write (0x000070b0441c3290)
[8,245s][debug][gc,nmethod     ] GC(2) Unregister NMethod: net.openhft.chronicle.core.io.AbstractReferenceCounted.reserveTransfer (0x000070b044068610)
[8,245s][debug][gc,nmethod     ] GC(2) Unregister NMethod: io.sirix.access.trx.node.json.JsonNodeTrxImpl.insertStringValueAsFirstChild (0x000070b0634fe290)
[8,245s][debug][gc,nmethod     ] GC(2) Unregister NMethod: net.jpountz.lz4.LZ4BlockOutputStream.compressionLevel (0x000070b043adde90)
[8,245s][debug][gc,nmethod     ] GC(2) Unregister NMethod: java.io.FileInputStream.available (0x000070b04412ef90)
[8,245s][debug][gc,phases      ] GC(2) Concurrent Classes Purge 13,408ms
[8,245s][debug][gc,phases,start] GC(2) Concurrent References Enqueue
[8,245s][debug][gc,phases      ] GC(2) Concurrent References Enqueue 0,026ms
[8,245s][info ][gc,phases      ] GC(2) Concurrent Process Non-Strong References 28,355ms
[8,245s][debug][gc,phases,start] GC(2) Concurrent Reset Relocation Set
[8,245s][info ][gc,phases      ] GC(2) Concurrent Reset Relocation Set 0,044ms
[8,245s][debug][gc,phases,start] GC(2) Concurrent Select Relocation Set
[8,263s][debug][gc,task        ] GC(2) Executing Task: XRelocationSetInstallTask, Active Workers: 5
[8,264s][info ][gc,phases      ] GC(2) Concurrent Select Relocation Set 18,260ms
[8,265s][debug][gc,jni         ] Setting _needs_gc. Thread "VM Thread" 3 locked.
[8,266s][debug][gc,jni         ] Performing GC after exiting critical section. Thread "ForkJoinPool.commonPool-worker-10" 0 locked.
[8,266s][debug][gc             ] GC(2) GC Locker Stall (XDriver) 0,345ms
[8,266s][debug][gc,phases,start] GC(2) Pause Relocate Start
[8,266s][info ][gc,phases      ] GC(2) Pause Relocate Start 0,025ms
[8,266s][debug][gc,phases,start] GC(2) Concurrent Relocate
[8,266s][debug][gc,task        ] GC(2) Executing Task: XRelocateTask, Active Workers: 5
[8,270s][info ][gc,phases      ] GC(2) Concurrent Relocate 3,843ms
[8,270s][debug][gc,heap        ] GC(2) Heap after GC invocations=3 (full 3):
[8,270s][debug][gc,heap        ] GC(2)  ZHeap           used 1014M, capacity 5120M, max capacity 12288M
[8,270s][debug][gc,heap        ] GC(2)  Metaspace       used 30927K, committed 31360K, reserved 1114112K
[8,270s][debug][gc,heap        ] GC(2)   class space    used 3439K, committed 3648K, reserved 1048576K
[8,270s][info ][gc,load        ] GC(2) Load: 4,73/5,72/3,28
[8,270s][info ][gc,mmu         ] GC(2) MMU: 2ms/91,7%, 5ms/96,7%, 10ms/98,3%, 20ms/99,0%, 50ms/99,6%, 100ms/99,8%
[8,270s][info ][gc,marking     ] GC(2) Mark: 4 stripe(s), 2 proactive flush(es), 1 terminate flush(es), 0 completion(s), 0 continuation(s) 
[8,270s][info ][gc,marking     ] GC(2) Mark Stack Usage: 32M
[8,270s][info ][gc,nmethod     ] GC(2) NMethods: 3317 registered, 810 unregistered
[8,270s][info ][gc,metaspace   ] GC(2) Metaspace: 30M used, 30M committed, 1088M reserved
[8,270s][info ][gc,ref         ] GC(2) Soft: 3931 encountered, 0 discovered, 0 enqueued
[8,270s][info ][gc,ref         ] GC(2) Weak: 1943 encountered, 603 discovered, 23 enqueued
[8,270s][info ][gc,ref         ] GC(2) Final: 2089 encountered, 2089 discovered, 2089 enqueued
[8,270s][info ][gc,ref         ] GC(2) Phantom: 446 encountered, 308 discovered, 49 enqueued
[8,270s][info ][gc,reloc       ] GC(2) Small Pages: 1240 / 2480M, Empty: 970M, Relocated: 6M, In-Place: 0
[8,270s][info ][gc,reloc       ] GC(2) Medium Pages: 1 / 32M, Empty: 0M, Relocated: 0M, In-Place: 0
[8,270s][info ][gc,reloc       ] GC(2) Large Pages: 0 / 0M, Empty: 0M, Relocated: 0M, In-Place: 0
[8,270s][info ][gc,reloc       ] GC(2) Forwarding Usage: 2M
[8,270s][info ][gc,heap        ] GC(2) Min Capacity: 5120M(42%)
[8,270s][info ][gc,heap        ] GC(2) Max Capacity: 12288M(100%)
[8,270s][info ][gc,heap        ] GC(2) Soft Max Capacity: 12288M(100%)
[8,270s][info ][gc,heap        ] GC(2)                Mark Start          Mark End        Relocate Start      Relocate End           High               Low         
[8,270s][info ][gc,heap        ] GC(2)  Capacity:     5120M (42%)        5120M (42%)        5120M (42%)        5120M (42%)        5120M (42%)        5120M (42%)    
[8,270s][info ][gc,heap        ] GC(2)      Free:     9776M (80%)        9648M (79%)       10396M (85%)       11274M (92%)       11286M (92%)        9544M (78%)    
[8,271s][info ][gc,heap        ] GC(2)      Used:     2512M (20%)        2640M (21%)        1892M (15%)        1014M (8%)         2744M (22%)        1002M (8%)     
[8,271s][info ][gc,heap        ] GC(2)      Live:         -               445M (4%)          445M (4%)          445M (4%)             -                  -          
[8,271s][info ][gc,heap        ] GC(2) Allocated:         -               128M (1%)          350M (3%)          375M (3%)             -                  -          
[8,271s][info ][gc,heap        ] GC(2)   Garbage:         -              2066M (17%)        1096M (9%)          192M (2%)             -                  -          
[8,271s][info ][gc,heap        ] GC(2) Reclaimed:         -                  -               970M (8%)         1873M (15%)            -                  -          
[8,271s][info ][gc             ] GC(2) Garbage Collection (Warmup) 2512M(20%)->1014M(8%)
[8,281s][debug][gc,alloc       ] Allocation Rate: 1056,0MB/s, Predicted: 749,3MB/s, Avg: 787,2(+/-129,0)MB/s
[8,282s][debug][gc,director    ] Rule: Warmup 30%, Used: 1100MB, UsedThreshold: 3686MB
[8,282s][debug][gc,director    ] Select GC Workers (Not Warm), GCWorkers: 5,000
[8,282s][debug][gc,director    ] Rule: Allocation Rate (Dynamic GC Workers), MaxAllocRate: 1211,5MB/s (+/-16,4%), Free: 11146MB, GCCPUTime: 1,509, GCDuration: 0,371s, TimeUntilOOM: 7,905s, TimeUntilGC: 7,434s, GCWorkers: 5 -> 5
[8,282s][debug][gc,director    ] Rule: High Usage, Free: 11146MB(90,7%)
[8,382s][debug][gc,alloc       ] Allocation Rate: 1564,0MB/s, Predicted: 1070,9MB/s, Avg: 860,8(+/-267,2)MB/s
[8,382s][debug][gc,director    ] Rule: Warmup 30%, Used: 1616MB, UsedThreshold: 3686MB
[8,382s][debug][gc,director    ] Select GC Workers (Not Warm), GCWorkers: 5,000
[8,382s][debug][gc,director    ] Rule: Allocation Rate (Dynamic GC Workers), MaxAllocRate: 1950,1MB/s (+/-31,0%), Free: 10630MB, GCCPUTime: 1,509, GCDuration: 0,371s, TimeUntilOOM: 4,160s, TimeUntilGC: 3,689s, GCWorkers: 5 -> 5
[8,382s][debug][gc,director    ] Rule: High Usage, Free: 10630MB(86,5%)
[8,482s][debug][gc,alloc       ] Allocation Rate: 1524,0MB/s, Predicted: 1340,8MB/s, Avg: 925,4(+/-333,4)MB/s
[8,482s][debug][gc,director    ] Rule: Warmup 30%, Used: 1626MB, UsedThreshold: 3686MB
[8,482s][debug][gc,director    ] Select GC Workers (Not Warm), GCWorkers: 5,000
[8,482s][debug][gc,director    ] Rule: Allocation Rate (Dynamic GC Workers), MaxAllocRate: 2437,9MB/s (+/-36,0%), Free: 10620MB, GCCPUTime: 1,509, GCDuration: 0,371s, TimeUntilOOM: 3,202s, TimeUntilGC: 2,732s, GCWorkers: 5 -> 5
[8,482s][debug][gc,director    ] Rule: High Usage, Free: 10620MB(86,4%)
[8,581s][debug][gc,alloc       ] Allocation Rate: 1458,0MB/s, Predicted: 1543,9MB/s, Avg: 982,4(+/-369,0)MB/s
[8,581s][debug][gc,director    ] Rule: Warmup 30%, Used: 1638MB, UsedThreshold: 3686MB
[8,581s][debug][gc,director    ] Select GC Workers (Not Warm), GCWorkers: 5,000
[8,581s][debug][gc,director    ] Rule: Allocation Rate (Dynamic GC Workers), MaxAllocRate: 2758,0MB/s (+/-37,6%), Free: 10608MB, GCCPUTime: 1,509, GCDuration: 0,371s, TimeUntilOOM: 2,796s, TimeUntilGC: 2,326s, GCWorkers: 5 -> 5
[8,581s][debug][gc,director    ] Rule: High Usage, Free: 10608MB(86,3%)
[8,682s][debug][gc,alloc       ] Allocation Rate: 1492,0MB/s, Predicted: 1704,9MB/s, Avg: 1049,4(+/-393,8)MB/s
[8,682s][debug][gc,director    ] Rule: Warmup 30%, Used: 1746MB, UsedThreshold: 3686MB
[8,682s][debug][gc,director    ] Select GC Workers (Not Warm), GCWorkers: 5,000
[8,682s][debug][gc,director    ] Rule: Allocation Rate (Dynamic GC Workers), MaxAllocRate: 3000,6MB/s (+/-37,5%), Free: 10500MB, GCCPUTime: 1,509, GCDuration: 0,371s, TimeUntilOOM: 2,544s, TimeUntilGC: 2,074s, GCWorkers: 5 -> 5
[8,682s][debug][gc,director    ] Rule: High Usage, Free: 10500MB(85,4%)
[8,782s][debug][gc,alloc       ] Allocation Rate: 1520,0MB/s, Predicted: 1814,4MB/s, Avg: 1126,0(+/-403,2)MB/s
[8,782s][debug][gc,director    ] Rule: Warmup 30%, Used: 1860MB, UsedThreshold: 3686MB
[8,782s][debug][gc,director    ] Select GC Workers (Not Warm), GCWorkers: 5,000
[8,782s][debug][gc,director    ] Rule: Allocation Rate (Dynamic GC Workers), MaxAllocRate: 3141,3MB/s (+/-35,8%), Free: 10386MB, GCCPUTime: 1,509, GCDuration: 0,371s, TimeUntilOOM: 2,434s, TimeUntilGC: 1,964s, GCWorkers: 5 -> 5
[8,782s][debug][gc,director    ] Rule: High Usage, Free: 10386MB(84,5%)
[8,882s][debug][gc,alloc       ] Allocation Rate: 1544,0MB/s, Predicted: 1866,9MB/s, Avg: 1210,8(+/-392,9)MB/s
[8,882s][debug][gc,director    ] Rule: Warmup 30%, Used: 1976MB, UsedThreshold: 3686MB
[8,882s][debug][gc,director    ] Select GC Workers (Not Warm), GCWorkers: 5,000
[8,882s][debug][gc,director    ] Rule: Allocation Rate (Dynamic GC Workers), MaxAllocRate: 3159,9MB/s (+/-32,5%), Free: 10270MB, GCCPUTime: 1,509, GCDuration: 0,371s, TimeUntilOOM: 2,454s, TimeUntilGC: 1,983s, GCWorkers: 5 -> 5
[8,882s][debug][gc,director    ] Rule: High Usage, Free: 10268MB(83,6%)
[8,981s][debug][gc,alloc       ] Allocation Rate: 1566,0MB/s, Predicted: 1854,1MB/s, Avg: 1304,4(+/-352,9)MB/s
[8,981s][debug][gc,director    ] Rule: Warmup 30%, Used: 2096MB, UsedThreshold: 3686MB
[8,982s][debug][gc,director    ] Select GC Workers (Not Warm), GCWorkers: 5,000
[8,982s][debug][gc,director    ] Rule: Allocation Rate (Dynamic GC Workers), MaxAllocRate: 3015,3MB/s (+/-27,1%), Free: 10150MB, GCCPUTime: 1,509, GCDuration: 0,371s, TimeUntilOOM: 2,649s, TimeUntilGC: 2,179s, GCWorkers: 5 -> 5
[8,982s][debug][gc,director    ] Rule: High Usage, Free: 10150MB(82,6%)
[9,082s][debug][gc,alloc       ] Allocation Rate: 1578,0MB/s, Predicted: 1776,8MB/s, Avg: 1401,8(+/-271,0)MB/s
[9,082s][debug][gc,director    ] Rule: Warmup 30%, Used: 2212MB, UsedThreshold: 3686MB
[9,082s][debug][gc,director    ] Select GC Workers (Not Warm), GCWorkers: 5,000
[9,082s][debug][gc,director    ] Rule: Allocation Rate (Dynamic GC Workers), MaxAllocRate: 2668,7MB/s (+/-19,3%), Free: 10034MB, GCCPUTime: 1,509, GCDuration: 0,371s, TimeUntilOOM: 3,151s, TimeUntilGC: 2,680s, GCWorkers: 5 -> 5
[9,082s][debug][gc,director    ] Rule: High Usage, Free: 10034MB(81,7%)
[9,183s][debug][gc,alloc       ] Allocation Rate: 1588,0MB/s, Predicted: 1668,4MB/s, Avg: 1489,0(+/-149,3)MB/s
[9,183s][debug][gc,director    ] Rule: Warmup 30%, Used: 2340MB, UsedThreshold: 3686MB
[9,183s][debug][gc,director    ] Select GC Workers (Not Warm), GCWorkers: 5,000
[9,183s][debug][gc,director    ] Rule: Allocation Rate (Dynamic GC Workers), MaxAllocRate: 2159,7MB/s (+/-10,0%), Free: 9906MB, GCCPUTime: 1,509, GCDuration: 0,371s, TimeUntilOOM: 4,169s, TimeUntilGC: 3,698s, GCWorkers: 5 -> 5
[9,183s][debug][gc,director    ] Rule: High Usage, Free: 9906MB(80,6%)
[9,283s][debug][gc,alloc       ] Allocation Rate: 1524,0MB/s, Predicted: 1566,9MB/s, Avg: 1535,8(+/-38,4)MB/s
[9,283s][debug][gc,director    ] Rule: Warmup 30%, Used: 2622MB, UsedThreshold: 3686MB
[9,283s][debug][gc,director    ] Select GC Workers (Not Warm), GCWorkers: 5,000
[9,283s][debug][gc,director    ] Rule: Allocation Rate (Dynamic GC Workers), MaxAllocRate: 1693,4MB/s (+/-2,5%), Free: 9624MB, GCCPUTime: 1,509, GCDuration: 0,371s, TimeUntilOOM: 5,544s, TimeUntilGC: 5,074s, GCWorkers: 5 -> 5
[9,283s][debug][gc,director    ] Rule: High Usage, Free: 9624MB(78,3%)
[9,385s][debug][gc,alloc       ] Allocation Rate: 1314,0MB/s, Predicted: 1485,7MB/s, Avg: 1510,8(+/-75,5)MB/s
[9,385s][debug][gc,director    ] Rule: Warmup 30%, Used: 2930MB, UsedThreshold: 3686MB
[9,385s][debug][gc,director    ] Select GC Workers (Not Warm), GCWorkers: 5,000
[9,385s][debug][gc,director    ] Rule: Allocation Rate (Dynamic GC Workers), MaxAllocRate: 1759,1MB/s (+/-5,0%), Free: 9316MB, GCCPUTime: 1,509, GCDuration: 0,371s, TimeUntilOOM: 5,044s, TimeUntilGC: 4,574s, GCWorkers: 5 -> 5
[9,385s][debug][gc,director    ] Rule: High Usage, Free: 9316MB(75,8%)
[9,482s][debug][gc,alloc       ] Allocation Rate: 1548,0MB/s, Predicted: 1504,1MB/s, Avg: 1513,2(+/-76,2)MB/s
[9,482s][debug][gc,director    ] Rule: Warmup 30%, Used: 3168MB, UsedThreshold: 3686MB
[9,482s][debug][gc,director    ] Select GC Workers (Not Warm), GCWorkers: 5,000
[9,482s][debug][gc,director    ] Rule: Allocation Rate (Dynamic GC Workers), MaxAllocRate: 1764,0MB/s (+/-5,0%), Free: 9078MB, GCCPUTime: 1,509, GCDuration: 0,371s, TimeUntilOOM: 4,900s, TimeUntilGC: 4,429s, GCWorkers: 5 -> 5
[9,482s][debug][gc,director    ] Rule: High Usage, Free: 9078MB(73,9%)
[9,582s][debug][gc,alloc       ] Allocation Rate: 1550,0MB/s, Predicted: 1504,1MB/s, Avg: 1522,4(+/-74,5)MB/s
[9,582s][debug][gc,director    ] Rule: Warmup 30%, Used: 3182MB, UsedThreshold: 3686MB
[9,582s][debug][gc,director    ] Select GC Workers (Not Warm), GCWorkers: 5,000
[9,582s][debug][gc,director    ] Rule: Allocation Rate (Dynamic GC Workers), MaxAllocRate: 1767,6MB/s (+/-4,9%), Free: 9064MB, GCCPUTime: 1,509, GCDuration: 0,371s, TimeUntilOOM: 4,888s, TimeUntilGC: 4,418s, GCWorkers: 5 -> 5
[9,582s][debug][gc,director    ] Rule: High Usage, Free: 9064MB(73,8%)
[9,682s][debug][gc,alloc       ] Allocation Rate: 1454,0MB/s, Predicted: 1468,7MB/s, Avg: 1518,6(+/-76,9)MB/s
[9,682s][debug][gc,director    ] Rule: Warmup 30%, Used: 3194MB, UsedThreshold: 3686MB
[9,682s][debug][gc,director    ] Select GC Workers (Not Warm), GCWorkers: 5,000
[9,682s][debug][gc,director    ] Rule: Allocation Rate (Dynamic GC Workers), MaxAllocRate: 1771,7MB/s (+/-5,1%), Free: 9052MB, GCCPUTime: 1,509, GCDuration: 0,371s, TimeUntilOOM: 4,863s, TimeUntilGC: 4,392s, GCWorkers: 5 -> 5
[9,682s][debug][gc,director    ] Rule: High Usage, Free: 9052MB(73,7%)
[9,781s][debug][gc,alloc       ] Allocation Rate: 1396,0MB/s, Predicted: 1420,0MB/s, Avg: 1506,2(+/-85,2)MB/s
[9,781s][debug][gc,director    ] Rule: Warmup 30%, Used: 3250MB, UsedThreshold: 3686MB
[9,781s][debug][gc,director    ] Select GC Workers (Not Warm), GCWorkers: 5,000
[9,781s][debug][gc,director    ] Rule: Allocation Rate (Dynamic GC Workers), MaxAllocRate: 1786,7MB/s (+/-5,7%), Free: 8996MB, GCCPUTime: 1,509, GCDuration: 0,371s, TimeUntilOOM: 4,765s, TimeUntilGC: 4,295s, GCWorkers: 5 -> 5
[9,781s][debug][gc,director    ] Rule: High Usage, Free: 8996MB(73,2%)
[9,882s][debug][gc,alloc       ] Allocation Rate: 1390,0MB/s, Predicted: 1383,6MB/s, Avg: 1490,8(+/-90,7)MB/s
[9,882s][debug][gc,director    ] Rule: Warmup 30%, Used: 3360MB, UsedThreshold: 3686MB
[9,882s][debug][gc,director    ] Select GC Workers (Not Warm), GCWorkers: 5,000
[9,882s][debug][gc,director    ] Rule: Allocation Rate (Dynamic GC Workers), MaxAllocRate: 1789,4MB/s (+/-6,1%), Free: 8886MB, GCCPUTime: 1,509, GCDuration: 0,371s, TimeUntilOOM: 4,681s, TimeUntilGC: 4,210s, GCWorkers: 5 -> 5
[9,882s][debug][gc,director    ] Rule: High Usage, Free: 8886MB(72,3%)
[9,982s][debug][gc,alloc       ] Allocation Rate: 1376,0MB/s, Predicted: 1357,7MB/s, Avg: 1471,8(+/-92,9)MB/s
[9,982s][debug][gc,director    ] Rule: Warmup 30%, Used: 3466MB, UsedThreshold: 3686MB
[9,982s][debug][gc,director    ] Select GC Workers (Not Warm), GCWorkers: 5,000
[9,982s][debug][gc,director    ] Rule: Allocation Rate (Dynamic GC Workers), MaxAllocRate: 1777,4MB/s (+/-6,3%), Free: 8780MB, GCCPUTime: 1,509, GCDuration: 0,371s, TimeUntilOOM: 4,647s, TimeUntilGC: 4,176s, GCWorkers: 5 -> 5
[9,982s][debug][gc,director    ] Rule: High Usage, Free: 8780MB(71,5%)
[10,081s][debug][gc,alloc       ] Allocation Rate: 1368,0MB/s, Predicted: 1344,5MB/s, Avg: 1450,8(+/-90,2)MB/s
[10,081s][debug][gc,director    ] Rule: Warmup 30%, Used: 3574MB, UsedThreshold: 3686MB
[10,081s][debug][gc,director    ] Select GC Workers (Not Warm), GCWorkers: 5,000
[10,081s][debug][gc,director    ] Rule: Allocation Rate (Dynamic GC Workers), MaxAllocRate: 1747,6MB/s (+/-6,2%), Free: 8672MB, GCCPUTime: 1,509, GCDuration: 0,371s, TimeUntilOOM: 4,672s, TimeUntilGC: 4,201s, GCWorkers: 5 -> 5
[10,081s][debug][gc,director    ] Rule: High Usage, Free: 8672MB(70,6%)
[10,182s][debug][gc,alloc       ] Allocation Rate: 1348,0MB/s, Predicted: 1340,0MB/s, Avg: 1426,8(+/-82,1)MB/s
[10,182s][debug][gc,director    ] Rule: Warmup 30%, Used: 3682MB, UsedThreshold: 3686MB
[10,182s][debug][gc,director    ] Select GC Workers (Not Warm), GCWorkers: 5,000
[10,182s][debug][gc,director    ] Rule: Allocation Rate (Dynamic GC Workers), MaxAllocRate: 1696,8MB/s (+/-5,8%), Free: 8564MB, GCCPUTime: 1,509, GCDuration: 0,371s, TimeUntilOOM: 4,773s, TimeUntilGC: 4,302s, GCWorkers: 5 -> 5
[10,182s][debug][gc,director    ] Rule: High Usage, Free: 8564MB(69,7%)
[10,282s][debug][gc,alloc       ] Allocation Rate: 1172,0MB/s, Predicted: 1264,0MB/s, Avg: 1391,6(+/-105,1)MB/s
[10,282s][debug][gc,director    ] Rule: Warmup 30%, Used: 3788MB, UsedThreshold: 3686MB
[10,282s][debug][gc,heap        ] GC(3) Heap before GC invocations=3 (full 3):
[10,282s][debug][gc,heap        ] GC(3)  ZHeap           used 3790M, capacity 5120M, max capacity 12288M
[10,282s][debug][gc,heap        ] GC(3)  Metaspace       used 31077K, committed 31488K, reserved 1114112K
[10,282s][debug][gc,heap        ] GC(3)   class space    used 3442K, committed 3648K, reserved 1048576K
[10,282s][info ][gc,start       ] GC(3) Garbage Collection (Warmup)
[10,282s][info ][gc,task        ] GC(3) Using 5 workers
[10,282s][debug][gc,phases,start] GC(3) Pause Mark Start
[10,283s][debug][gc,marking     ] GC(3) Using 4 mark stripes
[10,283s][debug][gc,marking     ] GC(3) Mark Worker/Stripe Distribution
[10,283s][debug][gc,marking     ] GC(3)   Worker 0(5) -> Stripe 0(4)
[10,283s][debug][gc,marking     ] GC(3)   Worker 1(5) -> Stripe 1(4)
[10,283s][debug][gc,marking     ] GC(3)   Worker 2(5) -> Stripe 2(4)
[10,283s][debug][gc,marking     ] GC(3)   Worker 3(5) -> Stripe 3(4)
[10,283s][debug][gc,marking     ] GC(3)   Worker 4(5) -> Stripe 0(4)
[10,283s][info ][gc,phases      ] GC(3) Pause Mark Start 0,192ms
[10,283s][debug][gc,phases,start] GC(3) Concurrent Mark
[10,283s][debug][gc,task        ] GC(3) Executing Task: XMarkRootsTask, Active Workers: 5
[10,284s][debug][gc,tlab        ] GC(3) TLAB totals: thrds: 24  refills: 12288 max: 5934 slow allocs: 2861 max 186 waste:  2,0% gc: 2691504B max: 262096B slow: 60273296B max: 8714312B
[10,284s][debug][gc,task        ] GC(3) Executing Task: XMarkTask, Active Workers: 5
[10,383s][debug][gc,alloc       ] Allocation Rate: 1224,0MB/s, Predicted: 1176,3MB/s, Avg: 1382,6(+/-114,7)MB/s
[10,411s][info ][gc,phases      ] GC(3) Concurrent Mark 128,047ms
[10,412s][debug][gc,phases,start] GC(3) Pause Mark End
[10,412s][info ][gc,phases      ] GC(3) Pause Mark End 0,095ms
[10,412s][debug][gc,phases,start] GC(3) Concurrent Mark Free
[10,412s][info ][gc,phases      ] GC(3) Concurrent Mark Free 0,035ms
[10,412s][debug][gc,phases,start] GC(3) Concurrent Process Non-Strong References
[10,412s][debug][gc,phases,start] GC(3) Concurrent References Process
[10,412s][debug][gc,task        ] GC(3) Executing Task: XReferenceProcessorTask, Active Workers: 5
[10,413s][debug][gc,phases      ] GC(3) Concurrent References Process 1,383ms
[10,413s][debug][gc,task        ] GC(3) Executing Task: XProcessWeakRootsTask, Active Workers: 5
[10,415s][debug][gc,phases,start] GC(3) Concurrent Classes Unlink
[10,415s][debug][gc,phases,start] GC(3) ClassLoaderData
[10,415s][debug][gc,phases      ] GC(3) ClassLoaderData 0,050ms
[10,415s][debug][gc,phases,start] GC(3) Trigger cleanups
[10,415s][debug][gc,phases      ] GC(3) Trigger cleanups 0,013ms
[10,415s][debug][gc,task        ] GC(3) Executing Task: XNMethodUnlinkTask, Active Workers: 5
[10,420s][debug][gc,phases      ] GC(3) Concurrent Classes Unlink 5,000ms
[10,427s][debug][gc,phases,start] GC(3) Concurrent Classes Purge
[10,428s][debug][gc,nmethod     ] GC(3) Unregister NMethod: net.openhft.chronicle.bytes.Bytes.elasticHeapByteBuffer (0x000070b0440fda10)
[10,428s][debug][gc,nmethod     ] GC(3) Unregister NMethod: java.util.LinkedHashMap.newNode (0x000070b043d55510)
[10,428s][debug][gc,nmethod     ] GC(3) Unregister NMethod: java.lang.StringBuilder.charAt (0x000070b0441fe110)
[10,428s][debug][gc,nmethod     ] GC(3) Unregister NMethod: sun.security.provider.DigestBase.implCompressMultiBlockCheck (0x000070b0440e8510)
[10,428s][debug][gc,nmethod     ] GC(3) Unregister NMethod: io.sirix.page.PageReference.setPageFragments (0x000070b04426a210)
[10,428s][debug][gc,nmethod     ] GC(3) Unregister NMethod: net.openhft.chronicle.core.io.ReferenceCountedTracer.onReleased (0x000070b043f04090)
[10,428s][debug][gc,nmethod     ] GC(3) Unregister NMethod: java.util.Arrays$ArrayList.get (0x000070b04426aa90)
[10,428s][debug][gc,nmethod     ] GC(3) Unregister NMethod: io.sirix.page.SerializationType.writePageFragments (0x000070b0441d3910)
[10,428s][debug][gc,nmethod     ] GC(3) Unregister NMethod: java.lang.Short.valueOf (0x000070b043b66b90)
[10,428s][debug][gc,nmethod     ] GC(3) Unregister NMethod: jdk.internal.misc.Unsafe.setMemory (0x000070b04415a410)
[10,428s][debug][gc,nmethod     ] GC(3) Unregister NMethod: java.nio.HeapByteBuffer.put (0x000070b043b8ff90)
[10,428s][debug][gc,nmethod     ] GC(3) Unregister NMethod: net.openhft.chronicle.bytes.AbstractBytes.<init> (0x000070b044098e10)
[10,428s][debug][gc,nmethod     ] GC(3) Unregister NMethod: java.nio.ByteBuffer.limit (0x000070b043a34590)
[10,428s][debug][gc,nmethod     ] GC(3) Unregister NMethod: io.sirix.access.trx.page.NodePageReadOnlyTrx.getPageReference (0x000070b044002f10)
[10,428s][debug][gc,nmethod     ] GC(3) Unregister NMethod: io.sirix.page.SerializationType.writeHash (0x000070b0441d4490)
[10,428s][debug][gc,nmethod     ] GC(3) Unregister NMethod: io.sirix.page.UberPage.getPageCountExp (0x000070b04409de90)
[10,428s][debug][gc,nmethod     ] GC(3) Unregister NMethod: io.sirix.access.trx.node.AbstractNodeReadOnlyTrx.moveToParent (0x000070b043f47c90)
[10,428s][debug][gc,nmethod     ] GC(3) Unregister NMethod: io.sirix.page.KeyValueLeafPage.setData (0x000070b044172710)
[10,428s][debug][gc,nmethod     ] GC(3) Unregister NMethod: net.openhft.chronicle.bytes.StreamingDataOutput.write (0x000070b0441fff10)
[10,428s][debug][gc,nmethod     ] GC(3) Unregister NMethod: net.openhft.chronicle.bytes.AbstractBytes.write (0x000070b044233310)
[10,428s][debug][gc,nmethod     ] GC(3) Unregister NMethod: java.io.FilterOutputStream.close (0x000070b044037c10)
[10,428s][debug][gc,nmethod     ] GC(3) Unregister NMethod: org.magicwerk.brownies.collections.GapList.doAdd (0x000070b043f49d10)
[10,428s][debug][gc,nmethod     ] GC(3) Unregister NMethod: net.openhft.chronicle.bytes.AbstractBytes.readInt (0x000070b044255590)
[10,428s][debug][gc,nmethod     ] GC(3) Unregister NMethod: sun.nio.cs.StreamDecoder.readBytes (0x000070b043f2bb90)
[10,428s][debug][gc,nmethod     ] GC(3) Unregister NMethod: java.io.ByteArrayOutputStream.toByteArray (0x000070b0440f8410)
[10,428s][debug][gc,nmethod     ] GC(3) Unregister NMethod: net.openhft.chronicle.bytes.internal.BytesInternal.readStopBit (0x000070b044249590)
[10,428s][debug][gc,nmethod     ] GC(3) Unregister NMethod: io.sirix.access.trx.page.NodePageReadOnlyTrx.getRecord (0x000070b04423ec10)
[10,428s][debug][gc,nmethod     ] GC(3) Unregister NMethod: io.sirix.page.KeyValueLeafPage.setData (0x000070b0636f0410)
[10,428s][debug][gc,nmethod     ] GC(3) Unregister NMethod: java.util.Arrays.rangeCheck (0x000070b043ab4b10)
[10,428s][debug][gc,nmethod     ] GC(3) Unregister NMethod: sun.security.provider.ByteArrayAccess.i2bBig (0x000070b0441ed390)
[10,428s][debug][gc,nmethod     ] GC(3) Unregister NMethod: io.sirix.page.KeyValueLeafPage.setData (0x000070b044206990)
[10,428s][debug][gc,nmethod     ] GC(3) Unregister NMethod: com.google.common.hash.AbstractByteHasher.putBytes (0x000070b0440f2c90)
[10,428s][debug][gc,nmethod     ] GC(3) Unregister NMethod: java.lang.Thread.blockedOn (0x000070b0441d0f90)
[10,428s][debug][gc,nmethod     ] GC(3) Unregister NMethod: net.openhft.chronicle.core.io.ReferenceChangeListenerManager.callReferenceChangeListeners (0x000070b043d17f10)
[10,428s][debug][gc,nmethod     ] GC(3) Unregister NMethod: sun.security.provider.SHA2$SHA256.clone (0x000070b043b8f810)
[10,428s][debug][gc,nmethod     ] GC(3) Unregister NMethod: java.util.stream.SortedOps$OfRef.<init> (0x000070b043f1f210)
[10,428s][debug][gc,nmethod     ] GC(3) Unregister NMethod: java.lang.invoke.VarHandleSegmentAsInts.offsetPlain (0x000070b043fb1a90)
[10,428s][debug][gc,nmethod     ] GC(3) Unregister NMethod: net.openhft.chronicle.bytes.AbstractBytes.clear (0x000070b04422c090)
[10,428s][debug][gc,nmethod     ] GC(3) Unregister NMethod: jdk.internal.foreign.AbstractMemorySegmentImpl.get (0x000070b043b3e210)
[10,428s][debug][gc,nmethod     ] GC(3) Unregister NMethod: java.util.concurrent.ConcurrentHashMap.computeIfPresent (0x000070b044153390)
[10,428s][debug][gc,nmethod     ] GC(3) Unregister NMethod: io.sirix.access.trx.page.NodePageReadOnlyTrx.getCurrentMaxIndirectPageTreeLevel (0x000070b044083610)
[10,428s][debug][gc,nmethod     ] GC(3) Unregister NMethod: java.util.concurrent.ConcurrentHashMap$Traverser.advance (0x000070b043c65710)
[10,428s][debug][gc,nmethod     ] GC(3) Unregister NMethod: sun.nio.ch.NativeThreadSet.remove (0x000070b0441da110)
[10,428s][debug][gc,nmethod     ] GC(3) Unregister NMethod: java.util.ImmutableCollections.listFromTrustedArrayNullsAllowed (0x000070b043f1ce10)
[10,428s][debug][gc,nmethod     ] GC(3) Unregister NMethod: net.openhft.chronicle.core.io.VanillaReferenceCounted.<init> (0x000070b043fd6110)
[10,428s][debug][gc,nmethod     ] GC(3) Unregister NMethod: io.sirix.index.path.summary.PathNode.getPrefixKey (0x000070b043fe9d90)
[10,428s][debug][gc,nmethod     ] GC(3) Unregister NMethod: net.openhft.chronicle.bytes.AbstractBytes.bytesStore (0x000070b044096290)
[10,428s][debug][gc,nmethod     ] GC(3) Unregister NMethod: java.util.stream.AbstractPipeline.evaluate (0x000070b044037190)
[10,428s][debug][gc,nmethod     ] GC(3) Unregister NMethod: java.util.stream.Nodes.flatten (0x000070b043f1d290)
[10,428s][debug][gc,nmethod     ] GC(3) Unregister NMethod: io.sirix.cache.PageContainer.getInstance (0x000070b043a18210)
[10,428s][debug][gc,nmethod     ] GC(3) Unregister NMethod: io.sirix.page.PageKind$1.serializePage (0x000070b0635d4b90)
[10,428s][debug][gc,nmethod     ] GC(3) Unregister NMethod: net.openhft.chronicle.bytes.internal.HeapBytesStore.<init> (0x000070b043ad8810)
[10,428s][debug][gc,nmethod     ] GC(3) Unregister NMethod: com.github.benmanes.caffeine.cache.BoundedLocalCache$$Lambda/0x000000003d326fd0.<init> (0x000070b044157f10)
[10,428s][debug][gc,nmethod     ] GC(3) Unregister NMethod: net.openhft.chronicle.bytes.AbstractBytes.write (0x000070b0441c8a90)
[10,428s][debug][gc,nmethod     ] GC(3) Unregister NMethod: net.openhft.chronicle.bytes.BytesStore.copyTo (0x000070b04407dd10)
[10,428s][debug][gc,nmethod     ] GC(3) Unregister NMethod: jdk.internal.misc.Blocker.end (0x000070b0442b0110)
[10,428s][debug][gc,nmethod     ] GC(3) Unregister NMethod: java.util.ArrayList.<init> (0x000070b04426af10)
[10,428s][debug][gc,nmethod     ] GC(3) Unregister NMethod: net.openhft.chronicle.bytes.internal.BytesInternal.failIfBytesOnBytes (0x000070b043f19c90)
[10,428s][debug][gc,nmethod     ] GC(3) Unregister NMethod: net.openhft.chronicle.bytes.internal.HeapBytesStore.readInt (0x000070b044255f90)
[10,428s][debug][gc,nmethod     ] GC(3) Unregister NMethod: io.sirix.page.KeyValueLeafPage.clear (0x000070b0441d1910)
[10,429s][debug][gc,nmethod     ] GC(3) Unregister NMethod: io.sirix.page.KeyValueLeafPage.getSlotAsByteArray (0x000070b06358b610)
[10,429s][debug][gc,nmethod     ] GC(3) Unregister NMethod: java.nio.HeapByteBuffer.<init> (0x000070b043ad7810)
[10,429s][debug][gc,nmethod     ] GC(3) Unregister NMethod: net.openhft.chronicle.bytes.internal.HeapBytesStore.<init> (0x000070b044093e90)
[10,429s][debug][gc,nmethod     ] GC(3) Unregister NMethod: net.openhft.chronicle.bytes.NativeBytes.resize (0x000070b0440bad90)
[10,429s][debug][gc,nmethod     ] GC(3) Unregister NMethod: java.lang.invoke.VarHandleSegmentAsInts.checkAddress (0x000070b043a73b90)
[10,429s][debug][gc,nmethod     ] GC(3) Unregister NMethod: net.openhft.chronicle.bytes.internal.HeapBytesStore.performRelease (0x000070b044066910)
[10,429s][debug][gc,nmethod     ] GC(3) Unregister NMethod: io.sirix.page.KeyValueLeafPage.hasEnoughSpace (0x000070b063630b90)
[10,429s][debug][gc,nmethod     ] GC(3) Unregister NMethod: io.sirix.page.IndirectPage.getOrCreateReference (0x000070b0440ff290)
[10,429s][debug][gc,nmethod     ] GC(3) Unregister NMethod: java.util.concurrent.ConcurrentHashMap$Traverser.<init> (0x000070b0440f1210)
[10,429s][debug][gc,nmethod     ] GC(3) Unregister NMethod: io.sirix.page.KeyValueLeafPage.updateLastSlotIndex (0x000070b063635690)
[10,429s][debug][gc,nmethod     ] GC(3) Unregister NMethod: java.security.MessageDigestSpi.clone (0x000070b043f20290)
[10,429s][debug][gc,nmethod     ] GC(3) Unregister NMethod: io.sirix.page.KeyValueLeafPage.setDeweyId (0x000070b044269790)
[10,429s][debug][gc,nmethod     ] GC(3) Unregister NMethod: java.io.DataOutputStream.<init> (0x000070b0440f7f10)
[10,429s][debug][gc,nmethod     ] GC(3) Unregister NMethod: java.util.BitSet.nextSetBit (0x000070b044257110)
[10,429s][debug][gc,nmethod     ] GC(3) Unregister NMethod: java.lang.AbstractStringBuilder.charAt (0x000070b0441fe490)
[10,429s][debug][gc,nmethod     ] GC(3) Unregister NMethod: io.sirix.access.trx.page.TreeModifierImpl.prepareIndirectPage (0x000070b043f7b690)
[10,429s][debug][gc,nmethod     ] GC(3) Unregister NMethod: io.sirix.page.KeyValueLeafPage.updateFreeSpaceStart (0x000070b063631690)
[10,429s][debug][gc,nmethod     ] GC(3) Unregister NMethod: io.sirix.access.trx.page.NodePageTrx$$Lambda/0x000000003d36b4b0.apply (0x000070b043b69f10)
[10,429s][debug][gc,nmethod     ] GC(3) Unregister NMethod: net.openhft.chronicle.bytes.AbstractBytes.readByte (0x000070b044239a90)
[10,429s][debug][gc,nmethod     ] GC(3) Unregister NMethod: net.jpountz.lz4.LZ4BlockOutputStream.flushBufferedData (0x000070b04403b710)
[10,429s][debug][gc,nmethod     ] GC(3) Unregister NMethod: net.openhft.chronicle.bytes.AbstractBytes.writePosition (0x000070b0441d0310)
[10,429s][debug][gc,nmethod     ] GC(3) Unregister NMethod: sun.nio.ch.NativeThreadSet.add (0x000070b0441da910)
[10,429s][debug][gc,nmethod     ] GC(3) Unregister NMethod: java.nio.channels.spi.AbstractInterruptibleChannel.begin (0x000070b043b6a990)
[10,429s][debug][gc,nmethod     ] GC(3) Unregister NMethod: io.sirix.page.KeyValueLeafPage.getAvailableSpace (0x000070b063577e90)
[10,429s][debug][gc,nmethod     ] GC(3) Unregister NMethod: io.sirix.page.KeyValueLeafPage.setSlot (0x000070b044269310)
[10,429s][debug][gc,nmethod     ] GC(3) Unregister NMethod: java.util.stream.ReferencePipeline$2$1.accept (0x000070b043a30490)
[10,429s][debug][gc,nmethod     ] GC(3) Unregister NMethod: java.security.MessageDigest$Delegate.clone (0x000070b043ad7f90)
[10,429s][debug][gc,nmethod     ] GC(3) Unregister NMethod: io.sirix.page.KeyValueLeafPage.getDeweyId (0x000070b043a65790)
[10,429s][debug][gc,nmethod     ] GC(3) Unregister NMethod: jdk.internal.foreign.AbstractMemorySegmentImpl.set (0x000070b0440aa790)
[10,429s][debug][gc,nmethod     ] GC(3) Unregister NMethod: net.openhft.chronicle.core.io.VanillaReferenceCounted.release (0x000070b044096f10)
[10,429s][debug][gc,nmethod     ] GC(3) Unregister NMethod: com.google.common.hash.MessageDigestHashFunction$MessageDigestHasher.hash (0x000070b044035e90)
[10,429s][debug][gc,nmethod     ] GC(3) Unregister NMethod: io.sirix.node.xml.AbstractStructForwardingNode.hasFirstChild (0x000070b043fb0e90)
[10,429s][debug][gc,nmethod     ] GC(3) Unregister NMethod: io.sirix.page.KeyValueLeafPage.getSlot (0x000070b043a1b310)
[10,429s][debug][gc,nmethod     ] GC(3) Unregister NMethod: io.sirix.service.json.shredder.JsonShredder.insertNewContent (0x000070b044287790)
[10,429s][debug][gc,nmethod     ] GC(3) Unregister NMethod: jdk.internal.foreign.Utils.checkAlign (0x000070b04415d690)
[10,429s][debug][gc,nmethod     ] GC(3) Unregister NMethod: io.sirix.access.trx.page.NodePageTrx.getRecord (0x000070b04423fb10)
[10,429s][debug][gc,nmethod     ] GC(3) Unregister NMethod: java.lang.StringBuilder.<init> (0x000070b043b4fa90)
[10,429s][debug][gc,nmethod     ] GC(3) Unregister NMethod: jdk.internal.misc.ScopedMemoryAccess.putIntUnaligned (0x000070b043f51390)
[10,429s][debug][gc,nmethod     ] GC(3) Unregister NMethod: jdk.internal.foreign.AbstractMemorySegmentImpl.get (0x000070b043fbab10)
[10,429s][debug][gc,nmethod     ] GC(3) Unregister NMethod: io.sirix.page.KeyValueLeafPage.setSlot (0x000070b063582b10)
[10,429s][debug][gc,nmethod     ] GC(3) Unregister NMethod: io.sirix.access.trx.page.NodePageTrx.lambda$prepareRecordPage$5 (0x000070b043f76290)
[10,429s][debug][gc,nmethod     ] GC(3) Unregister NMethod: net.openhft.chronicle.bytes.Bytes.isClear (0x000070b04408e110)
[10,429s][debug][gc,nmethod     ] GC(3) Unregister NMethod: java.util.LinkedHashMap.afterNodeInsertion (0x000070b043d3f790)
[10,429s][debug][gc,nmethod     ] GC(3) Unregister NMethod: io.sirix.page.PageKind$1.serializePage (0x000070b063618710)
[10,429s][debug][gc,nmethod     ] GC(3) Unregister NMethod: java.lang.foreign.MemorySegment.copy (0x000070b044230c10)
[10,429s][debug][gc,nmethod     ] GC(3) Unregister NMethod: com.google.common.hash.MessageDigestHashFunction.newHasher (0x000070b043f1b710)
[10,429s][debug][gc,nmethod     ] GC(3) Unregister NMethod: java.io.ByteArrayOutputStream.<init> (0x000070b043fff510)
[10,429s][debug][gc,nmethod     ] GC(3) Unregister NMethod: io.sirix.page.KeyValueLeafPage.<init> (0x000070b044163810)
[10,429s][debug][gc,nmethod     ] GC(3) Unregister NMethod: net.openhft.chronicle.bytes.NativeBytes.<init> (0x000070b044091d10)
[10,429s][debug][gc,nmethod     ] GC(3) Unregister NMethod: io.sirix.page.KeyValueLeafPage.addReferences (0x000070b0441c4810)
[10,429s][debug][gc,nmethod     ] GC(3) Unregister NMethod: net.openhft.chronicle.bytes.VanillaBytes.<init> (0x000070b043adc910)
[10,429s][debug][gc,nmethod     ] GC(3) Unregister NMethod: net.jpountz.lz4.LZ4Compressor.compress (0x000070b0440e7490)
[10,429s][debug][gc,nmethod     ] GC(3) Unregister NMethod: java.nio.ByteBuffer.allocate (0x000070b044098490)
[10,429s][debug][gc,nmethod     ] GC(3) Unregister NMethod: java.io.ByteArrayOutputStream.ensureCapacity (0x000070b043b38e90)
[10,429s][debug][gc,nmethod     ] GC(3) Unregister NMethod: java.util.Arrays.hashCode (0x000070b043d05e10)
[10,429s][debug][gc,nmethod     ] GC(3) Unregister NMethod: java.lang.invoke.VarHandleGuards.guard_LJI_V (0x000070b043a5af10)
[10,429s][debug][gc,nmethod     ] GC(3) Unregister NMethod: io.sirix.page.KeyValueLeafPage.updateLastSlotIndex (0x000070b043a76b10)
[10,429s][debug][gc,nmethod     ] GC(3) Unregister NMethod: io.sirix.page.KeyValueLeafPage.getSlot (0x000070b0633d2d90)
[10,429s][debug][gc,nmethod     ] GC(3) Unregister NMethod: java.lang.Long.hashCode (0x000070b043fb0a90)
[10,429s][debug][gc,nmethod     ] GC(3) Unregister NMethod: io.sirix.page.KeyValueLeafPage.setSlot (0x000070b044202d90)
[10,429s][debug][gc,nmethod     ] GC(3) Unregister NMethod: java.lang.Long.numberOfTrailingZeros (0x000070b044203790)
[10,429s][debug][gc,nmethod     ] GC(3) Unregister NMethod: net.openhft.chronicle.bytes.internal.HeapBytesStore.writeShort (0x000070b044091910)
[10,429s][debug][gc,nmethod     ] GC(3) Unregister NMethod: net.openhft.chronicle.bytes.AbstractBytes.<init> (0x000070b043ad9090)
[10,429s][debug][gc,nmethod     ] GC(3) Unregister NMethod: net.openhft.chronicle.bytes.AbstractBytes.writeLimit (0x000070b043adcd10)
[10,429s][debug][gc,nmethod     ] GC(3) Unregister NMethod: io.sirix.page.KeyValueLeafPage.getLastIndex (0x000070b043bc9310)
[10,429s][debug][gc,nmethod     ] GC(3) Unregister NMethod: jdk.internal.misc.Unsafe.allocateMemory (0x000070b044156c10)
[10,429s][debug][gc,nmethod     ] GC(3) Unregister NMethod: io.sirix.page.PageReference.hashCode (0x000070b044152410)
[10,429s][debug][gc,nmethod     ] GC(3) Unregister NMethod: java.io.FilterOutputStream.write (0x000070b0440f7b10)
[10,429s][debug][gc,nmethod     ] GC(3) Unregister NMethod: it.unimi.dsi.fastutil.shorts.ShortArrayList$1.nextShort (0x000070b043f48e90)
[10,429s][debug][gc,nmethod     ] GC(3) Unregister NMethod: sun.security.provider.DigestBase.engineUpdate (0x000070b0442d1210)
[10,429s][debug][gc,nmethod     ] GC(3) Unregister NMethod: jdk.internal.access.SharedSecrets.getJavaUtilCollectionAccess (0x000070b044035990)
[10,429s][debug][gc,nmethod     ] GC(3) Unregister NMethod: java.util.BitSet.toByteArray (0x000070b0440fc690)
[10,429s][debug][gc,nmethod     ] GC(3) Unregister NMethod: java.nio.ByteBuffer.order (0x000070b043f93790)
[10,429s][debug][gc,nmethod     ] GC(3) Unregister NMethod: java.io.FileInputStream.available (0x000070b043a17790)
[10,429s][debug][gc,nmethod     ] GC(3) Unregister NMethod: io.sirix.page.KeyValueLeafPage.updateFreeSpaceStart (0x000070b043b98990)
[10,429s][debug][gc,nmethod     ] GC(3) Unregister NMethod: io.sirix.access.trx.page.NodePageReadOnlyTrx.getRecordPage (0x000070b044241610)
[10,429s][debug][gc,nmethod     ] GC(3) Unregister NMethod: java.lang.Integer.numberOfTrailingZeros (0x000070b044202890)
[10,429s][debug][gc,nmethod     ] GC(3) Unregister NMethod: java.io.DataOutputStream.write (0x000070b0440f9410)
[10,429s][debug][gc,nmethod     ] GC(3) Unregister NMethod: java.util.BitSet.set (0x000070b0441e6990)
[10,429s][debug][gc,nmethod     ] GC(3) Unregister NMethod: com.google.common.hash.AbstractHashFunction.hashBytes (0x000070b044023b90)
[10,429s][debug][gc,nmethod     ] GC(3) Unregister NMethod: net.openhft.chronicle.bytes.Bytes.wrapForRead (0x000070b043f1f890)
[10,429s][debug][gc,nmethod     ] GC(3) Unregister NMethod: java.lang.invoke.VarHandleGuards.guard_LJ_I (0x000070b043ca9f10)
[10,429s][debug][gc,nmethod     ] GC(3) Unregister NMethod: net.openhft.chronicle.bytes.VanillaBytes.bytesForRead (0x000070b0440fa190)
[10,429s][debug][gc,nmethod     ] GC(3) Unregister NMethod: java.util.stream.ForEachOps$ForEachOp$OfRef.accept (0x000070b043ffe190)
[10,429s][debug][gc,nmethod     ] GC(3) Unregister NMethod: io.sirix.page.SerializationType.serializeBitSet (0x000070b0442d8c90)
[10,429s][debug][gc,nmethod     ] GC(3) Unregister NMethod: jdk.internal.foreign.layout.ValueLayouts$AbstractValueLayout.varHandle (0x000070b043a25090)
[10,429s][debug][gc,nmethod     ] GC(3) Unregister NMethod: com.google.common.hash.HashCode$BytesHashCode.asBytes (0x000070b0440f9990)
[10,430s][debug][gc,nmethod     ] GC(3) Unregister NMethod: java.lang.Integer.hashCode (0x000070b043f19890)
[10,430s][debug][gc,nmethod     ] GC(3) Unregister NMethod: com.github.benmanes.caffeine.cache.LocalManualCache.invalidate (0x000070b044158390)
[10,430s][debug][gc,nmethod     ] GC(3) Unregister NMethod: io.sirix.page.PageKind$1.serializePage (0x000070b0635a3c90)
[10,430s][debug][gc,nmethod     ] GC(3) Unregister NMethod: io.sirix.node.Utils.getVarLong (0x000070b044249d90)
[10,430s][debug][gc,nmethod     ] GC(3) Unregister NMethod: java.io.FileInputStream.read (0x000070b043abd890)
[10,430s][debug][gc,nmethod     ] GC(3) Unregister NMethod: net.openhft.chronicle.bytes.NativeBytes.checkResize (0x000070b043ad8d10)
[10,430s][debug][gc,nmethod     ] GC(3) Unregister NMethod: java.nio.ByteBuffer.flip (0x000070b043a12090)
[10,430s][debug][gc,nmethod     ] GC(3) Unregister NMethod: net.openhft.chronicle.core.io.VanillaReferenceCounted.valueCompareAndSet (0x000070b043fd5b90)
[10,430s][debug][gc,nmethod     ] GC(3) Unregister NMethod: net.openhft.chronicle.bytes.internal.BytesInternal.toByteArray (0x000070b063624f10)
[10,430s][debug][gc,nmethod     ] GC(3) Unregister NMethod: io.sirix.access.trx.page.NodePageTrx$$Lambda/0x000000003d3590c0.accept (0x000070b0441fb490)
[10,430s][debug][gc,nmethod     ] GC(3) Unregister NMethod: jdk.internal.misc.Blocker.begin (0x000070b0442b0f10)
[10,430s][debug][gc,nmethod     ] GC(3) Unregister NMethod: java.lang.invoke.VarHandleSegmentAsInts.get (0x000070b043f85010)
[10,430s][debug][gc,nmethod     ] GC(3) Unregister NMethod: io.sirix.page.SerializationType.readHash (0x000070b044262310)
[10,430s][debug][gc,nmethod     ] GC(3) Unregister NMethod: io.sirix.page.delegates.BitmapReferencesPage.createNewReference (0x000070b04414d190)
[10,430s][debug][gc,nmethod     ] GC(3) Unregister NMethod: java.nio.ByteBuffer.<init> (0x000070b043b41590)
[10,430s][debug][gc,nmethod     ] GC(3) Unregister NMethod: java.util.concurrent.ConcurrentHashMap.computeIfAbsent (0x000070b043b70290)
[10,430s][debug][gc,nmethod     ] GC(3) Unregister NMethod: jdk.internal.foreign.MemorySessionImpl.addInternal (0x000070b04415f490)
[10,430s][debug][gc,nmethod     ] GC(3) Unregister NMethod: net.openhft.chronicle.bytes.AbstractBytes.readLimit (0x000070b043add410)
[10,430s][debug][gc,nmethod     ] GC(3) Unregister NMethod: net.openhft.chronicle.bytes.AbstractBytes.readLong (0x000070b044263b90)
[10,430s][debug][gc,nmethod     ] GC(3) Unregister NMethod: java.nio.HeapByteBuffer.compact (0x000070b043f57810)
[10,430s][debug][gc,nmethod     ] GC(3) Unregister NMethod: com.google.common.base.Preconditions.checkArgument (0x000070b043f1c590)
[10,430s][debug][gc,nmethod     ] GC(3) Unregister NMethod: java.util.concurrent.ConcurrentHashMap$BaseIterator.hasNext (0x000070b043c62f10)
[10,430s][debug][gc,nmethod     ] GC(3) Unregister NMethod: java.util.concurrent.CopyOnWriteArrayList.size (0x000070b043ffe590)
[10,430s][debug][gc,nmethod     ] GC(3) Unregister NMethod: net.openhft.chronicle.core.io.AbstractReferenceCounted.reserve (0x000070b043adc410)
[10,430s][debug][gc,nmethod     ] GC(3) Unregister NMethod: java.nio.Buffer.<init> (0x000070b043a6cb10)
[10,430s][debug][gc,nmethod     ] GC(3) Unregister NMethod: net.openhft.chronicle.core.io.VanillaReferenceCounted.reserve (0x000070b043ad9490)
[10,430s][debug][gc,nmethod     ] GC(3) Unregister NMethod: net.openhft.chronicle.core.io.AbstractReferenceCounted.release (0x000070b044096690)
[10,430s][debug][gc,nmethod     ] GC(3) Unregister NMethod: io.sirix.page.PageReference.setLogKey (0x000070b04413d910)
[10,430s][debug][gc,nmethod     ] GC(3) Unregister NMethod: java.util.stream.Nodes.builder (0x000070b0440e9290)
[10,430s][debug][gc,nmethod     ] GC(3) Unregister NMethod: com.github.benmanes.caffeine.cache.BoundedLocalCache.remove (0x000070b044158b10)
[10,430s][debug][gc,nmethod     ] GC(3) Unregister NMethod: java.util.HashMap.computeIfAbsent (0x000070b044245b10)
[10,430s][debug][gc,nmethod     ] GC(3) Unregister NMethod: java.nio.HeapByteBuffer.putLong (0x000070b0440c1f90)
[10,430s][debug][gc,nmethod     ] GC(3) Unregister NMethod: java.lang.ThreadLocal.getMap (0x000070b043b10e90)
[10,430s][debug][gc,nmethod     ] GC(3) Unregister NMethod: com.google.gson.stream.JsonReader.readEscapeCharacter (0x000070b0442c3990)
[10,430s][debug][gc,nmethod     ] GC(3) Unregister NMethod: sun.security.provider.DigestBase.engineUpdate (0x000070b043fd9210)
[10,430s][debug][gc,nmethod     ] GC(3) Unregister NMethod: java.io.ByteArrayOutputStream.write (0x000070b043b38510)
[10,430s][debug][gc,nmethod     ] GC(3) Unregister NMethod: io.sirix.page.delegates.FullReferencesPage.getReferences (0x000070b04426b590)
[10,430s][debug][gc,nmethod     ] GC(3) Unregister NMethod: net.openhft.chronicle.bytes.BytesStore.bytesForRead (0x000070b04403a690)
[10,430s][debug][gc,nmethod     ] GC(3) Unregister NMethod: net.openhft.chronicle.core.io.AbstractReferenceCounted.<init> (0x000070b043fd6b90)
[10,430s][debug][gc,nmethod     ] GC(3) Unregister NMethod: net.openhft.chronicle.core.io.VanillaReferenceCounted.callOnRelease (0x000070b043d1ae90)
[10,430s][debug][gc,nmethod     ] GC(3) Unregister NMethod: io.sirix.index.path.summary.PathSummaryReader.moveTo (0x000070b04423cb90)
[10,430s][debug][gc,nmethod     ] GC(3) Unregister NMethod: java.lang.invoke.VarHandleSegmentAsBytes.set (0x000070b043f0a790)
[10,430s][debug][gc,nmethod     ] GC(3) Unregister NMethod: io.sirix.access.trx.node.AbstractNodeReadOnlyTrx.moveToParent (0x000070b06344c790)
[10,430s][debug][gc,nmethod     ] GC(3) Unregister NMethod: java.util.LinkedHashMap.linkNodeAtEnd (0x000070b043b7b690)
[10,430s][debug][gc,nmethod     ] GC(3) Unregister NMethod: jdk.internal.foreign.ArenaImpl.allocate (0x000070b04415d010)
[10,430s][debug][gc,nmethod     ] GC(3) Unregister NMethod: java.lang.invoke.VarHandleSegmentAsBytes.get (0x000070b0440ebf10)
[10,430s][debug][gc,nmethod     ] GC(3) Unregister NMethod: net.openhft.chronicle.bytes.NativeBytes.wrapWithNativeBytes (0x000070b044092110)
[10,430s][debug][gc,nmethod     ] GC(3) Unregister NMethod: net.openhft.chronicle.bytes.AbstractBytes.readPosition (0x000070b043ada910)
[10,430s][debug][gc,nmethod     ] GC(3) Unregister NMethod: io.sirix.page.SerializationType.writeHash (0x000070b043f52a10)
[10,430s][debug][gc,nmethod     ] GC(3) Unregister NMethod: java.util.concurrent.ConcurrentHashMap.sumCount (0x000070b04412ce90)
[10,430s][debug][gc,nmethod     ] GC(3) Unregister NMethod: java.lang.invoke.VarHandleSegmentAsInts.set (0x000070b063634010)
[10,430s][debug][gc,nmethod     ] GC(3) Unregister NMethod: net.openhft.chronicle.core.UnsafeMemory.compareAndSwapInt (0x000070b043f05f90)
[10,430s][debug][gc,nmethod     ] GC(3) Unregister NMethod: net.openhft.chronicle.bytes.RandomDataInput.toByteArray (0x000070b063623610)
[10,430s][debug][gc,nmethod     ] GC(3) Unregister NMethod: java.security.MessageDigest.update (0x000070b043f1af90)
[10,430s][debug][gc,nmethod     ] GC(3) Unregister NMethod: sun.security.provider.DigestBase.implCompressMultiBlock0 (0x000070b0440b1690)
[10,430s][debug][gc,nmethod     ] GC(3) Unregister NMethod: io.sirix.page.SerializationType.readPageFragments (0x000070b044261890)
[10,430s][debug][gc,nmethod     ] GC(3) Unregister NMethod: net.openhft.chronicle.bytes.internal.BytesInternal.toByteArray (0x000070b0442d7a90)
[10,430s][debug][gc,nmethod     ] GC(3) Unregister NMethod: io.sirix.io.bytepipe.ByteHandlerPipeline.serialize (0x000070b044038f10)
[10,430s][debug][gc,nmethod     ] GC(3) Unregister NMethod: java.util.stream.AbstractPipeline.evaluateToArrayNode (0x000070b043f1e810)
[10,430s][debug][gc,nmethod     ] GC(3) Unregister NMethod: org.magicwerk.brownies.collections.GapList.add (0x000070b043a5ef90)
[10,430s][debug][gc,nmethod     ] GC(3) Unregister NMethod: jdk.internal.foreign.ArenaImpl.allocateNoInit (0x000070b04415e290)
[10,430s][debug][gc,nmethod     ] GC(3) Unregister NMethod: net.openhft.chronicle.bytes.Bytes.bytesForWrite (0x000070b0441c8110)
[10,430s][debug][gc,nmethod     ] GC(3) Unregister NMethod: io.sirix.page.PageReference.<init> (0x000070b044264590)
[10,430s][debug][gc,nmethod     ] GC(3) Unregister NMethod: io.sirix.io.filechannel.FileChannelWriter.write (0x000070b0441cff90)
[10,430s][debug][gc,nmethod     ] GC(3) Unregister NMethod: java.lang.AbstractStringBuilder.newCapacity (0x000070b043a8ca10)
[10,431s][debug][gc,phases      ] GC(3) Concurrent Classes Purge 3,098ms
[10,431s][debug][gc,phases,start] GC(3) Concurrent References Enqueue
[10,431s][debug][gc,phases      ] GC(3) Concurrent References Enqueue 0,013ms
[10,432s][info ][gc,phases      ] GC(3) Concurrent Process Non-Strong References 19,747ms
[10,432s][debug][gc,phases,start] GC(3) Concurrent Reset Relocation Set
[10,432s][info ][gc,phases      ] GC(3) Concurrent Reset Relocation Set 0,024ms
[10,432s][debug][gc,phases,start] GC(3) Concurrent Select Relocation Set
[10,433s][debug][gc,task        ] GC(3) Executing Task: XRelocationSetInstallTask, Active Workers: 5
[10,434s][info ][gc,phases      ] GC(3) Concurrent Select Relocation Set 2,259ms
[10,434s][debug][gc,phases,start] GC(3) Pause Relocate Start
[10,434s][info ][gc,phases      ] GC(3) Pause Relocate Start 0,053ms
[10,434s][debug][gc,phases,start] GC(3) Concurrent Relocate
[10,434s][debug][gc,task        ] GC(3) Executing Task: XRelocateTask, Active Workers: 5
[10,437s][info ][gc,phases      ] GC(3) Concurrent Relocate 3,191ms
[10,438s][debug][gc,heap        ] GC(3) Heap after GC invocations=4 (full 4):
[10,438s][debug][gc,heap        ] GC(3)  ZHeap           used 1616M, capacity 5120M, max capacity 12288M
[10,438s][debug][gc,heap        ] GC(3)  Metaspace       used 31085K, committed 31488K, reserved 1114112K
[10,438s][debug][gc,heap        ] GC(3)   class space    used 3442K, committed 3648K, reserved 1048576K
[10,438s][info ][gc,load        ] GC(3) Load: 4,73/5,72/3,28
[10,438s][info ][gc,mmu         ] GC(3) MMU: 2ms/90,4%, 5ms/96,2%, 10ms/98,1%, 20ms/99,0%, 50ms/99,6%, 100ms/99,8%
[10,438s][info ][gc,marking     ] GC(3) Mark: 4 stripe(s), 3 proactive flush(es), 1 terminate flush(es), 0 completion(s), 0 continuation(s) 
[10,438s][info ][gc,marking     ] GC(3) Mark Stack Usage: 32M
[10,438s][info ][gc,nmethod     ] GC(3) NMethods: 3460 registered, 1022 unregistered
[10,438s][info ][gc,metaspace   ] GC(3) Metaspace: 30M used, 30M committed, 1088M reserved
[10,438s][info ][gc,ref         ] GC(3) Soft: 3931 encountered, 0 discovered, 0 enqueued
[10,438s][info ][gc,ref         ] GC(3) Weak: 1933 encountered, 167 discovered, 4 enqueued
[10,438s][info ][gc,ref         ] GC(3) Final: 4177 encountered, 4177 discovered, 4177 enqueued
[10,438s][info ][gc,ref         ] GC(3) Phantom: 456 encountered, 386 discovered, 59 enqueued
[10,438s][info ][gc,reloc       ] GC(3) Small Pages: 1879 / 3758M, Empty: 1370M, Relocated: 6M, In-Place: 0
[10,438s][info ][gc,reloc       ] GC(3) Medium Pages: 1 / 32M, Empty: 0M, Relocated: 0M, In-Place: 0
[10,438s][info ][gc,reloc       ] GC(3) Large Pages: 0 / 0M, Empty: 0M, Relocated: 0M, In-Place: 0
[10,439s][info ][gc,reloc       ] GC(3) Forwarding Usage: 2M
[10,439s][info ][gc,heap        ] GC(3) Min Capacity: 5120M(42%)
[10,439s][info ][gc,heap        ] GC(3) Max Capacity: 12288M(100%)
[10,439s][info ][gc,heap        ] GC(3) Soft Max Capacity: 12288M(100%)
[10,439s][info ][gc,heap        ] GC(3)                Mark Start          Mark End        Relocate Start      Relocate End           High               Low         
[10,439s][info ][gc,heap        ] GC(3)  Capacity:     5120M (42%)        5120M (42%)        5120M (42%)        5120M (42%)        5120M (42%)        5120M (42%)    
[10,439s][info ][gc,heap        ] GC(3)      Free:     8498M (69%)        7768M (63%)        8894M (72%)       10672M (87%)       10672M (87%)        7526M (61%)    
[10,439s][info ][gc,heap        ] GC(3)      Used:     3790M (31%)        4520M (37%)        3394M (28%)        1616M (13%)        4762M (39%)        1616M (13%)    
[10,439s][info ][gc,heap        ] GC(3)      Live:         -               463M (4%)          463M (4%)          463M (4%)             -                  -          
[10,439s][info ][gc,heap        ] GC(3) Allocated:         -               730M (6%)          974M (8%)          973M (8%)             -                  -          
[10,439s][info ][gc,heap        ] GC(3)   Garbage:         -              3326M (27%)        1956M (16%)         179M (1%)             -                  -          
[10,439s][info ][gc,heap        ] GC(3) Reclaimed:         -                  -              1370M (11%)        3147M (26%)            -                  -          
[10,439s][info ][gc             ] GC(3) Garbage Collection (Warmup) 3790M(31%)->1616M(13%)
[10,482s][debug][gc,alloc       ] Allocation Rate: 1632,0MB/s, Predicted: 1320,1MB/s, Avg: 1391,0(+/-128,8)MB/s
[10,482s][debug][gc,director    ] Select GC Workers (Try Lowering), AvoidLongGCWorkers: 0,110, AvoidOOMGCWorkers: 0,207, NextAvoidOOMGCWorkers: 0,251, LastGCWorkers: 5,000, GCWorkers: 1,000
[10,482s][debug][gc,director    ] Rule: Allocation Rate (Dynamic GC Workers), MaxAllocRate: 1814,7MB/s (+/-9,3%), Free: 10626MB, GCCPUTime: 1,156, GCDuration: 1,156s, TimeUntilOOM: 5,359s, TimeUntilGC: 4,104s, GCWorkers: 5 -> 1
[10,482s][debug][gc,director    ] Rule: High Usage, Free: 10626MB(86,5%)
[10,482s][debug][gc,director    ] Rule: Proactive, UsedUntilEnabled: 1224MB, TimeUntilEnabled: 299,956s
[10,482s][info ][gc,stats       ] === Garbage Collection Statistics =======================================================================================================================
[10,482s][info ][gc,stats       ]                                                              Last 10s              Last 10m              Last 10h                Total
[10,482s][info ][gc,stats       ]                                                              Avg / Max             Avg / Max             Avg / Max             Avg / Max
[10,482s][info ][gc,stats       ]   Collector: Garbage Collection Cycle                    138,870 / 192,158     138,870 / 192,158     138,870 / 192,158     138,870 / 192,158     ms
[10,482s][info ][gc,stats       ]  Contention: Mark Segment Reset Contention                     1 / 4                 1 / 4                 1 / 4                 1 / 4           ops/s
[10,482s][info ][gc,stats       ]  Contention: Mark SeqNum Reset Contention                      0 / 0                 0 / 0                 0 / 0                 0 / 0           ops/s
[10,482s][info ][gc,stats       ]    Critical: Allocation Stall                                  0 / 0                 0 / 0                 0 / 0                 0 / 0           ops/s
[10,482s][info ][gc,stats       ]    Critical: Allocation Stall                              0,000 / 0,000         0,000 / 0,000         0,000 / 0,000         0,000 / 0,000       ms
[10,482s][info ][gc,stats       ]    Critical: GC Locker Stall                                   0 / 1                 0 / 1                 0 / 1                 0 / 1           ops/s
[10,482s][info ][gc,stats       ]    Critical: GC Locker Stall                               0,345 / 0,345         0,345 / 0,345         0,345 / 0,345         0,345 / 0,345       ms
[10,482s][info ][gc,stats       ]    Critical: Relocation Stall                                  0 / 0                 0 / 0                 0 / 0                 0 / 0           ops/s
[10,482s][info ][gc,stats       ]    Critical: Relocation Stall                              0,000 / 0,000         0,000 / 0,000         0,000 / 0,000         0,000 / 0,000       ms
[10,482s][info ][gc,stats       ]      Memory: Allocation Rate                                 959 / 1632            959 / 1632            959 / 1632            959 / 1632        MB/s
[10,482s][info ][gc,stats       ]      Memory: Defragment                                        0 / 0                 0 / 0                 0 / 0                 0 / 0           ops/s
[10,482s][info ][gc,stats       ]      Memory: Out Of Memory                                     0 / 0                 0 / 0                 0 / 0                 0 / 0           ops/s
[10,482s][info ][gc,stats       ]      Memory: Page Cache Flush                                  0 / 0                 0 / 0                 0 / 0                 0 / 0           MB/s
[10,482s][info ][gc,stats       ]      Memory: Page Cache Hit L1                               201 / 562             201 / 562             201 / 562             201 / 562         ops/s
[10,482s][info ][gc,stats       ]      Memory: Page Cache Hit L2                                 0 / 0                 0 / 0                 0 / 0                 0 / 0           ops/s
[10,482s][info ][gc,stats       ]      Memory: Page Cache Hit L3                               296 / 797             296 / 797             296 / 797             296 / 797         ops/s
[10,482s][info ][gc,stats       ]      Memory: Page Cache Miss                                   0 / 1                 0 / 1                 0 / 1                 0 / 1           ops/s
[10,482s][info ][gc,stats       ]      Memory: Uncommit                                          0 / 0                 0 / 0                 0 / 0                 0 / 0           MB/s
[10,482s][info ][gc,stats       ]      Memory: Undo Object Allocation Failed                     0 / 0                 0 / 0                 0 / 0                 0 / 0           ops/s
[10,482s][info ][gc,stats       ]      Memory: Undo Object Allocation Succeeded                  0 / 4                 0 / 4                 0 / 4                 0 / 4           ops/s
[10,482s][info ][gc,stats       ]      Memory: Undo Page Allocation                              2 / 16                2 / 16                2 / 16                2 / 16          ops/s
[10,482s][info ][gc,stats       ]       Phase: Concurrent Mark                              88,968 / 133,028      88,968 / 133,028      88,968 / 133,028      88,968 / 133,028     ms
[10,482s][info ][gc,stats       ]       Phase: Concurrent Mark Continue                      0,000 / 0,000         0,000 / 0,000         0,000 / 0,000         0,000 / 0,000       ms
[10,482s][info ][gc,stats       ]       Phase: Concurrent Mark Free                          0,047 / 0,070         0,047 / 0,070         0,047 / 0,070         0,047 / 0,070       ms
[10,482s][info ][gc,stats       ]       Phase: Concurrent Process Non-Strong References     15,437 / 28,355       15,437 / 28,355       15,437 / 28,355       15,437 / 28,355      ms
[10,482s][info ][gc,stats       ]       Phase: Concurrent Relocate                          19,211 / 68,030       19,211 / 68,030       19,211 / 68,030       19,211 / 68,030      ms
[10,482s][info ][gc,stats       ]       Phase: Concurrent Reset Relocation Set               0,022 / 0,044         0,022 / 0,044         0,022 / 0,044         0,022 / 0,044       ms
[10,482s][info ][gc,stats       ]       Phase: Concurrent Select Relocation Set             12,663 / 24,709       12,663 / 24,709       12,663 / 24,709       12,663 / 24,709      ms
[10,482s][info ][gc,stats       ]       Phase: Pause Mark End                                0,071 / 0,095         0,071 / 0,095         0,071 / 0,095         0,071 / 0,095       ms
[10,482s][info ][gc,stats       ]       Phase: Pause Mark Start                              0,144 / 0,192         0,144 / 0,192         0,144 / 0,192         0,144 / 0,192       ms
[10,482s][info ][gc,stats       ]       Phase: Pause Relocate Start                          0,051 / 0,077         0,051 / 0,077         0,051 / 0,077         0,051 / 0,077       ms
[10,482s][info ][gc,stats       ]    Subphase: Concurrent Classes Purge                      5,952 / 13,408        5,952 / 13,408        5,952 / 13,408        5,952 / 13,408      ms
[10,482s][info ][gc,stats       ]    Subphase: Concurrent Classes Unlink                     3,183 / 5,000         3,183 / 5,000         3,183 / 5,000         3,183 / 5,000       ms
[10,482s][info ][gc,stats       ]    Subphase: Concurrent Mark                              86,374 / 127,936      86,374 / 127,936      86,374 / 127,936      86,374 / 127,936     ms
[10,482s][info ][gc,stats       ]    Subphase: Concurrent Mark Try Flush                     2,267 / 7,166         2,267 / 7,166         2,267 / 7,166         2,267 / 7,166       ms
[10,482s][info ][gc,stats       ]    Subphase: Concurrent Mark Try Terminate                 1,403 / 6,763         1,403 / 6,763         1,403 / 6,763         1,403 / 6,763       ms
[10,482s][info ][gc,stats       ]    Subphase: Concurrent References Enqueue                 0,016 / 0,026         0,016 / 0,026         0,016 / 0,026         0,016 / 0,026       ms
[10,482s][info ][gc,stats       ]    Subphase: Concurrent References Process                 0,655 / 1,383         0,655 / 1,383         0,655 / 1,383         0,655 / 1,383       ms
[10,483s][info ][gc,stats       ]    Subphase: Concurrent Roots ClassLoaderDataGraph         0,108 / 0,487         0,108 / 0,487         0,108 / 0,487         0,108 / 0,487       ms
[10,483s][info ][gc,stats       ]    Subphase: Concurrent Roots CodeCache                    0,000 / 0,000         0,000 / 0,000         0,000 / 0,000         0,000 / 0,000       ms
[10,483s][info ][gc,stats       ]    Subphase: Concurrent Roots JavaThreads                  0,605 / 1,033         0,605 / 1,033         0,605 / 1,033         0,605 / 1,033       ms
[10,483s][info ][gc,stats       ]    Subphase: Concurrent Roots OopStorageSet                0,076 / 0,143         0,076 / 0,143         0,076 / 0,143         0,076 / 0,143       ms
[10,483s][info ][gc,stats       ]    Subphase: Concurrent Weak Roots OopStorageSet           0,622 / 1,719         0,622 / 1,719         0,622 / 1,719         0,622 / 1,719       ms
[10,483s][info ][gc,stats       ]    Subphase: Pause Mark Try Complete                       0,000 / 0,000         0,000 / 0,000         0,000 / 0,000         0,000 / 0,000       ms
[10,483s][info ][gc,stats       ]      System: Java Threads                                     31 / 42               31 / 42               31 / 42               31 / 42          threads
[10,483s][info ][gc,stats       ] =========================================================================================================================================================
[10,582s][debug][gc,alloc       ] Allocation Rate: 1628,0MB/s, Predicted: 1457,3MB/s, Avg: 1398,8(+/-140,0)MB/s
[10,582s][debug][gc,director    ] Select GC Workers (Try Lowering), AvoidLongGCWorkers: 0,110, AvoidOOMGCWorkers: 0,220, NextAvoidOOMGCWorkers: 0,265, LastGCWorkers: 5,000, GCWorkers: 1,000
[10,582s][debug][gc,director    ] Rule: Allocation Rate (Dynamic GC Workers), MaxAllocRate: 1918,1MB/s (+/-10,0%), Free: 10616MB, GCCPUTime: 1,156, GCDuration: 1,156s, TimeUntilOOM: 5,031s, TimeUntilGC: 3,775s, GCWorkers: 5 -> 1
[10,582s][debug][gc,director    ] Rule: High Usage, Free: 10616MB(86,4%)
[10,582s][debug][gc,director    ] Rule: Proactive, UsedUntilEnabled: 1214MB, TimeUntilEnabled: 299,856s
[10,682s][debug][gc,alloc       ] Allocation Rate: 1624,0MB/s, Predicted: 1562,1MB/s, Avg: 1415,8(+/-155,2)MB/s
[10,682s][debug][gc,director    ] Select GC Workers (Try Lowering), AvoidLongGCWorkers: 0,110, AvoidOOMGCWorkers: 0,241, NextAvoidOOMGCWorkers: 0,287, LastGCWorkers: 5,000, GCWorkers: 1,000
[10,682s][debug][gc,director    ] Rule: Allocation Rate (Dynamic GC Workers), MaxAllocRate: 2072,8MB/s (+/-11,0%), Free: 10608MB, GCCPUTime: 1,156, GCDuration: 1,156s, TimeUntilOOM: 4,612s, TimeUntilGC: 3,356s, GCWorkers: 5 -> 1
[10,682s][debug][gc,director    ] Rule: High Usage, Free: 10608MB(86,3%)
[10,682s][debug][gc,director    ] Rule: Proactive, UsedUntilEnabled: 1206MB, TimeUntilEnabled: 299,755s
[10,781s][debug][gc,alloc       ] Allocation Rate: 1674,0MB/s, Predicted: 1660,1MB/s, Avg: 1443,6(+/-173,0)MB/s
[10,782s][debug][gc,director    ] Select GC Workers (Try Lowering), AvoidLongGCWorkers: 0,110, AvoidOOMGCWorkers: 0,264, NextAvoidOOMGCWorkers: 0,312, LastGCWorkers: 5,000, GCWorkers: 1,000
[10,782s][debug][gc,director    ] Rule: Allocation Rate (Dynamic GC Workers), MaxAllocRate: 2229,5MB/s (+/-12,0%), Free: 10502MB, GCCPUTime: 1,156, GCDuration: 1,156s, TimeUntilOOM: 4,206s, TimeUntilGC: 2,951s, GCWorkers: 5 -> 1
[10,782s][debug][gc,director    ] Rule: High Usage, Free: 10502MB(85,5%)
[10,782s][debug][gc,director    ] Rule: Proactive, UsedUntilEnabled: 1100MB, TimeUntilEnabled: 299,656s
[10,882s][debug][gc,alloc       ] Allocation Rate: 1684,0MB/s, Predicted: 1742,0MB/s, Avg: 1473,0(+/-185,9)MB/s
[10,882s][debug][gc,director    ] Select GC Workers (Try Lowering), AvoidLongGCWorkers: 0,110, AvoidOOMGCWorkers: 0,284, NextAvoidOOMGCWorkers: 0,329, LastGCWorkers: 5,000, GCWorkers: 1,000
[10,882s][debug][gc,director    ] Rule: Allocation Rate (Dynamic GC Workers), MaxAllocRate: 2353,8MB/s (+/-12,6%), Free: 10382MB, GCCPUTime: 1,156, GCDuration: 1,156s, TimeUntilOOM: 3,916s, TimeUntilGC: 2,661s, GCWorkers: 5 -> 1
[10,882s][debug][gc,director    ] Rule: High Usage, Free: 10382MB(84,5%)
[10,882s][debug][gc,director    ] Rule: Proactive, UsedUntilEnabled: 980MB, TimeUntilEnabled: 299,556s
[10,982s][debug][gc,alloc       ] Allocation Rate: 1700,0MB/s, Predicted: 1806,9MB/s, Avg: 1505,4(+/-194,2)MB/s
[10,982s][debug][gc,director    ] Select GC Workers (Try Lowering), AvoidLongGCWorkers: 0,110, AvoidOOMGCWorkers: 0,300, NextAvoidOOMGCWorkers: 0,340, LastGCWorkers: 5,000, GCWorkers: 1,000
[10,982s][debug][gc,director    ] Rule: Allocation Rate (Dynamic GC Workers), MaxAllocRate: 2446,1MB/s (+/-12,9%), Free: 10260MB, GCCPUTime: 1,156, GCDuration: 1,156s, TimeUntilOOM: 3,715s, TimeUntilGC: 2,459s, GCWorkers: 5 -> 1
[10,982s][debug][gc,director    ] Rule: High Usage, Free: 10260MB(83,5%)
[10,982s][debug][gc,director    ] Rule: Proactive, UsedUntilEnabled: 858MB, TimeUntilEnabled: 299,455s
[11,082s][debug][gc,alloc       ] Allocation Rate: 1714,0MB/s, Predicted: 1853,7MB/s, Avg: 1540,0(+/-197,5)MB/s
[11,082s][debug][gc,director    ] Select GC Workers (Try Lowering), AvoidLongGCWorkers: 0,110, AvoidOOMGCWorkers: 0,310, NextAvoidOOMGCWorkers: 0,343, LastGCWorkers: 5,000, GCWorkers: 1,000
[11,082s][debug][gc,director    ] Rule: Allocation Rate (Dynamic GC Workers), MaxAllocRate: 2503,5MB/s (+/-12,8%), Free: 10138MB, GCCPUTime: 1,156, GCDuration: 1,156s, TimeUntilOOM: 3,589s, TimeUntilGC: 2,334s, GCWorkers: 5 -> 1
[11,082s][debug][gc,director    ] Rule: High Usage, Free: 10138MB(82,5%)
[11,082s][debug][gc,director    ] Rule: Proactive, UsedUntilEnabled: 736MB, TimeUntilEnabled: 299,356s
[11,182s][debug][gc,alloc       ] Allocation Rate: 1726,0MB/s, Predicted: 1876,9MB/s, Avg: 1577,8(+/-193,2)MB/s
[11,182s][debug][gc,director    ] Select GC Workers (Try Lowering), AvoidLongGCWorkers: 0,110, AvoidOOMGCWorkers: 0,314, NextAvoidOOMGCWorkers: 0,336, LastGCWorkers: 5,000, GCWorkers: 1,000
[11,182s][debug][gc,director    ] Rule: Allocation Rate (Dynamic GC Workers), MaxAllocRate: 2512,8MB/s (+/-12,2%), Free: 10018MB, GCCPUTime: 1,156, GCDuration: 1,156s, TimeUntilOOM: 3,552s, TimeUntilGC: 2,296s, GCWorkers: 5 -> 1
[11,182s][debug][gc,director    ] Rule: High Usage, Free: 10018MB(81,5%)
[11,182s][debug][gc,director    ] Rule: Proactive, UsedUntilEnabled: 616MB, TimeUntilEnabled: 299,256s
[11,284s][debug][gc,alloc       ] Allocation Rate: 1820,0MB/s, Predicted: 1865,6MB/s, Avg: 1642,6(+/-150,1)MB/s
[11,284s][debug][gc,director    ] Select GC Workers (Try Lowering), AvoidLongGCWorkers: 0,110, AvoidOOMGCWorkers: 0,292, NextAvoidOOMGCWorkers: 0,302, LastGCWorkers: 5,000, GCWorkers: 1,000
[11,284s][debug][gc,director    ] Rule: Allocation Rate (Dynamic GC Workers), MaxAllocRate: 2359,6MB/s (+/-9,1%), Free: 9818MB, GCCPUTime: 1,156, GCDuration: 1,156s, TimeUntilOOM: 3,812s, TimeUntilGC: 2,557s, GCWorkers: 5 -> 1
[11,284s][debug][gc,director    ] Rule: High Usage, Free: 9818MB(79,9%)
[11,284s][debug][gc,director    ] Rule: Proactive, UsedUntilEnabled: 416MB, TimeUntilEnabled: 299,153s
[11,382s][debug][gc,alloc       ] Allocation Rate: 2218,0MB/s, Predicted: 1984,1MB/s, Avg: 1742,0(+/-168,1)MB/s
[11,382s][debug][gc,director    ] Select GC Workers (Try Lowering), AvoidLongGCWorkers: 0,110, AvoidOOMGCWorkers: 0,343, NextAvoidOOMGCWorkers: 0,346, LastGCWorkers: 5,000, GCWorkers: 1,000
[11,382s][debug][gc,director    ] Rule: Allocation Rate (Dynamic GC Workers), MaxAllocRate: 2537,2MB/s (+/-9,6%), Free: 9060MB, GCCPUTime: 1,156, GCDuration: 1,156s, TimeUntilOOM: 3,257s, TimeUntilGC: 2,001s, GCWorkers: 5 -> 1
[11,382s][debug][gc,director    ] Rule: High Usage, Free: 9060MB(73,7%)
[11,382s][debug][gc,director    ] Rule: Proactive, AcceptableGCInterval: 13,709s, TimeSinceLastGC: 0,944s, TimeUntilGC: 12,764s
[11,482s][debug][gc,alloc       ] Allocation Rate: 1574,0MB/s, Predicted: 1887,6MB/s, Avg: 1736,2(+/-172,7)MB/s
[11,482s][debug][gc,director    ] Select GC Workers (Try Lowering), AvoidLongGCWorkers: 0,110, AvoidOOMGCWorkers: 0,333, NextAvoidOOMGCWorkers: 0,326, LastGCWorkers: 5,000, GCWorkers: 1,000
[11,482s][debug][gc,director    ] Rule: Allocation Rate (Dynamic GC Workers), MaxAllocRate: 2455,9MB/s (+/-9,9%), Free: 9052MB, GCCPUTime: 1,156, GCDuration: 1,156s, TimeUntilOOM: 3,352s, TimeUntilGC: 2,097s, GCWorkers: 5 -> 1
[11,482s][debug][gc,director    ] Rule: High Usage, Free: 9052MB(73,7%)
[11,482s][debug][gc,director    ] Rule: Proactive, AcceptableGCInterval: 13,709s, TimeSinceLastGC: 1,045s, TimeUntilGC: 12,664s
[11,581s][debug][gc,alloc       ] Allocation Rate: 1574,0MB/s, Predicted: 1793,9MB/s, Avg: 1730,8(+/-176,8)MB/s
[11,581s][debug][gc,director    ] Select GC Workers (Try Lowering), AvoidLongGCWorkers: 0,110, AvoidOOMGCWorkers: 0,323, NextAvoidOOMGCWorkers: 0,308, LastGCWorkers: 5,000, GCWorkers: 1,000
[11,581s][debug][gc,director    ] Rule: Allocation Rate (Dynamic GC Workers), MaxAllocRate: 2375,6MB/s (+/-10,2%), Free: 9042MB, GCCPUTime: 1,156, GCDuration: 1,156s, TimeUntilOOM: 3,453s, TimeUntilGC: 2,198s, GCWorkers: 5 -> 1
[11,581s][debug][gc,director    ] Rule: High Usage, Free: 9042MB(73,6%)
[11,581s][debug][gc,director    ] Rule: Proactive, AcceptableGCInterval: 13,709s, TimeSinceLastGC: 1,144s, TimeUntilGC: 12,565s
[11,682s][debug][gc,alloc       ] Allocation Rate: 1660,0MB/s, Predicted: 1737,1MB/s, Avg: 1734,4(+/-174,9)MB/s
[11,682s][debug][gc,director    ] Select GC Workers (Try Lowering), AvoidLongGCWorkers: 0,110, AvoidOOMGCWorkers: 0,317, NextAvoidOOMGCWorkers: 0,294, LastGCWorkers: 5,000, GCWorkers: 1,000
[11,682s][debug][gc,director    ] Rule: Allocation Rate (Dynamic GC Workers), MaxAllocRate: 2312,7MB/s (+/-10,1%), Free: 8948MB, GCCPUTime: 1,156, GCDuration: 1,156s, TimeUntilOOM: 3,515s, TimeUntilGC: 2,259s, GCWorkers: 5 -> 1
[11,682s][debug][gc,director    ] Rule: High Usage, Free: 8948MB(72,8%)
[11,682s][debug][gc,director    ] Rule: Proactive, AcceptableGCInterval: 13,709s, TimeSinceLastGC: 1,244s, TimeUntilGC: 12,464s
[11,782s][debug][gc,alloc       ] Allocation Rate: 1676,0MB/s, Predicted: 1697,6MB/s, Avg: 1734,6(+/-174,9)MB/s
[11,782s][debug][gc,director    ] Select GC Workers (Try Lowering), AvoidLongGCWorkers: 0,110, AvoidOOMGCWorkers: 0,321, NextAvoidOOMGCWorkers: 0,290, LastGCWorkers: 5,000, GCWorkers: 1,000
[11,782s][debug][gc,director    ] Rule: Allocation Rate (Dynamic GC Workers), MaxAllocRate: 2310,0MB/s (+/-10,1%), Free: 8826MB, GCCPUTime: 1,156, GCDuration: 1,156s, TimeUntilOOM: 3,471s, TimeUntilGC: 2,215s, GCWorkers: 5 -> 1
[11,782s][debug][gc,director    ] Rule: High Usage, Free: 8826MB(71,8%)
[11,782s][debug][gc,director    ] Rule: Proactive, AcceptableGCInterval: 13,709s, TimeSinceLastGC: 1,345s, TimeUntilGC: 12,364s
[11,881s][debug][gc,alloc       ] Allocation Rate: 1676,0MB/s, Predicted: 1660,7MB/s, Avg: 1733,8(+/-175,1)MB/s
[11,881s][debug][gc,director    ] Select GC Workers (Try Lowering), AvoidLongGCWorkers: 0,110, AvoidOOMGCWorkers: 0,326, NextAvoidOOMGCWorkers: 0,286, LastGCWorkers: 5,000, GCWorkers: 1,000
[11,882s][debug][gc,director    ] Rule: Allocation Rate (Dynamic GC Workers), MaxAllocRate: 2310,0MB/s (+/-10,1%), Free: 8706MB, GCCPUTime: 1,156, GCDuration: 1,156s, TimeUntilOOM: 3,423s, TimeUntilGC: 2,167s, GCWorkers: 5 -> 1
[11,882s][debug][gc,director    ] Rule: High Usage, Free: 8706MB(70,8%)
[11,882s][debug][gc,director    ] Rule: Proactive, AcceptableGCInterval: 13,709s, TimeSinceLastGC: 1,444s, TimeUntilGC: 12,265s
[11,982s][debug][gc,alloc       ] Allocation Rate: 1674,0MB/s, Predicted: 1627,7MB/s, Avg: 1731,2(+/-175,8)MB/s
[11,982s][debug][gc,director    ] Select GC Workers (Try Lowering), AvoidLongGCWorkers: 0,110, AvoidOOMGCWorkers: 0,330, NextAvoidOOMGCWorkers: 0,282, LastGCWorkers: 5,000, GCWorkers: 1,000
[11,982s][debug][gc,director    ] Rule: Allocation Rate (Dynamic GC Workers), MaxAllocRate: 2309,7MB/s (+/-10,2%), Free: 8586MB, GCCPUTime: 1,156, GCDuration: 1,156s, TimeUntilOOM: 3,375s, TimeUntilGC: 2,119s, GCWorkers: 5 -> 1
[11,982s][debug][gc,director    ] Rule: High Usage, Free: 8586MB(69,9%)
[11,982s][debug][gc,director    ] Rule: Proactive, AcceptableGCInterval: 13,709s, TimeSinceLastGC: 1,544s, TimeUntilGC: 12,164s
[12,082s][debug][gc,alloc       ] Allocation Rate: 1674,0MB/s, Predicted: 1600,3MB/s, Avg: 1727,2(+/-176,6)MB/s
[12,082s][debug][gc,director    ] Select GC Workers (Try Lowering), AvoidLongGCWorkers: 0,110, AvoidOOMGCWorkers: 0,335, NextAvoidOOMGCWorkers: 0,278, LastGCWorkers: 5,000, GCWorkers: 1,000
[12,082s][debug][gc,director    ] Rule: Allocation Rate (Dynamic GC Workers), MaxAllocRate: 2308,3MB/s (+/-10,2%), Free: 8464MB, GCCPUTime: 1,156, GCDuration: 1,156s, TimeUntilOOM: 3,327s, TimeUntilGC: 2,071s, GCWorkers: 5 -> 1
[12,082s][debug][gc,director    ] Rule: High Usage, Free: 8464MB(68,9%)
[12,082s][debug][gc,director    ] Rule: Proactive, AcceptableGCInterval: 13,709s, TimeSinceLastGC: 1,645s, TimeUntilGC: 12,064s
[12,183s][debug][gc,alloc       ] Allocation Rate: 1904,0MB/s, Predicted: 1670,7MB/s, Avg: 1745,0(+/-184,4)MB/s
[12,183s][debug][gc,director    ] Select GC Workers (Try Lowering), AvoidLongGCWorkers: 0,110, AvoidOOMGCWorkers: 0,358, NextAvoidOOMGCWorkers: 0,286, LastGCWorkers: 5,000, GCWorkers: 1,000
[12,183s][debug][gc,director    ] Rule: Allocation Rate (Dynamic GC Workers), MaxAllocRate: 2351,7MB/s (+/-10,6%), Free: 8112MB, GCCPUTime: 1,156, GCDuration: 1,156s, TimeUntilOOM: 3,120s, TimeUntilGC: 1,864s, GCWorkers: 5 -> 1
[12,183s][debug][gc,director    ] Rule: High Usage, Free: 8110MB(66,0%)
[12,183s][debug][gc,director    ] Rule: Proactive, AcceptableGCInterval: 13,709s, TimeSinceLastGC: 1,746s, TimeUntilGC: 11,963s
[12,282s][debug][gc,alloc       ] Allocation Rate: 2330,0MB/s, Predicted: 1924,7MB/s, Avg: 1796,0(+/-255,1)MB/s
[12,282s][debug][gc,director    ] Select GC Workers (Try Lowering), AvoidLongGCWorkers: 0,110, AvoidOOMGCWorkers: 0,474, NextAvoidOOMGCWorkers: 0,344, LastGCWorkers: 5,000, GCWorkers: 1,000
[12,282s][debug][gc,director    ] Rule: Allocation Rate (Dynamic GC Workers), MaxAllocRate: 2763,9MB/s (+/-14,2%), Free: 7488MB, GCCPUTime: 1,156, GCDuration: 1,156s, TimeUntilOOM: 2,372s, TimeUntilGC: 1,117s, GCWorkers: 5 -> 1
[12,282s][debug][gc,director    ] Rule: High Usage, Free: 7488MB(60,9%)
[12,282s][debug][gc,director    ] Rule: Proactive, AcceptableGCInterval: 13,709s, TimeSinceLastGC: 1,844s, TimeUntilGC: 11,864s
[12,382s][debug][gc,alloc       ] Allocation Rate: 1584,0MB/s, Predicted: 1952,4MB/s, Avg: 1732,6(+/-218,4)MB/s
[12,382s][debug][gc,director    ] Select GC Workers (Try Lowering), AvoidLongGCWorkers: 0,110, AvoidOOMGCWorkers: 0,452, NextAvoidOOMGCWorkers: 0,323, LastGCWorkers: 5,000, GCWorkers: 1,000
[12,382s][debug][gc,director    ] Rule: Allocation Rate (Dynamic GC Workers), MaxAllocRate: 2671,2MB/s (+/-12,6%), Free: 7476MB, GCCPUTime: 1,156, GCDuration: 1,156s, TimeUntilOOM: 2,485s, TimeUntilGC: 1,230s, GCWorkers: 5 -> 1
[12,382s][debug][gc,director    ] Rule: High Usage, Free: 7476MB(60,8%)
[12,382s][debug][gc,director    ] Rule: Proactive, AcceptableGCInterval: 13,709s, TimeSinceLastGC: 1,945s, TimeUntilGC: 11,764s
[12,481s][debug][gc,alloc       ] Allocation Rate: 1642,0MB/s, Predicted: 1873,9MB/s, Avg: 1739,4(+/-214,4)MB/s
[12,482s][debug][gc,director    ] Select GC Workers (Try Lowering), AvoidLongGCWorkers: 0,110, AvoidOOMGCWorkers: 0,439, NextAvoidOOMGCWorkers: 0,307, LastGCWorkers: 5,000, GCWorkers: 1,000
[12,482s][debug][gc,director    ] Rule: Allocation Rate (Dynamic GC Workers), MaxAllocRate: 2579,4MB/s (+/-12,3%), Free: 7410MB, GCCPUTime: 1,156, GCDuration: 1,156s, TimeUntilOOM: 2,557s, TimeUntilGC: 1,302s, GCWorkers: 5 -> 1
[12,482s][debug][gc,director    ] Rule: High Usage, Free: 7410MB(60,3%)
[12,482s][debug][gc,director    ] Rule: Proactive, AcceptableGCInterval: 13,709s, TimeSinceLastGC: 2,044s, TimeUntilGC: 11,665s
[12,582s][debug][gc,alloc       ] Allocation Rate: 1756,0MB/s, Predicted: 1836,4MB/s, Avg: 1757,6(+/-207,2)MB/s
[12,582s][debug][gc,director    ] Select GC Workers (Try Lowering), AvoidLongGCWorkers: 0,110, AvoidOOMGCWorkers: 0,433, NextAvoidOOMGCWorkers: 0,296, LastGCWorkers: 5,000, GCWorkers: 1,000
[12,582s][debug][gc,director    ] Rule: Allocation Rate (Dynamic GC Workers), MaxAllocRate: 2518,3MB/s (+/-11,8%), Free: 7286MB, GCCPUTime: 1,156, GCDuration: 1,156s, TimeUntilOOM: 2,588s, TimeUntilGC: 1,332s, GCWorkers: 5 -> 1
[12,582s][debug][gc,director    ] Rule: High Usage, Free: 7286MB(59,3%)
[12,582s][debug][gc,director    ] Rule: Proactive, AcceptableGCInterval: 13,709s, TimeSinceLastGC: 2,144s, TimeUntilGC: 11,564s
[12,682s][debug][gc,alloc       ] Allocation Rate: 1784,0MB/s, Predicted: 1820,9MB/s, Avg: 1770,0(+/-204,7)MB/s
[12,682s][debug][gc,director    ] Select GC Workers (Try Lowering), AvoidLongGCWorkers: 0,110, AvoidOOMGCWorkers: 0,436, NextAvoidOOMGCWorkers: 0,290, LastGCWorkers: 5,000, GCWorkers: 1,000
[12,682s][debug][gc,director    ] Rule: Allocation Rate (Dynamic GC Workers), MaxAllocRate: 2494,5MB/s (+/-11,6%), Free: 7164MB, GCCPUTime: 1,156, GCDuration: 1,156s, TimeUntilOOM: 2,574s, TimeUntilGC: 1,319s, GCWorkers: 5 -> 1
[12,682s][debug][gc,director    ] Rule: High Usage, Free: 7164MB(58,3%)
[12,682s][debug][gc,director    ] Rule: Proactive, AcceptableGCInterval: 13,709s, TimeSinceLastGC: 2,245s, TimeUntilGC: 11,464s
[12,781s][debug][gc,alloc       ] Allocation Rate: 1746,0MB/s, Predicted: 1786,3MB/s, Avg: 1777,0(+/-202,6)MB/s
[12,781s][debug][gc,director    ] Select GC Workers (Try Lowering), AvoidLongGCWorkers: 0,110, AvoidOOMGCWorkers: 0,433, NextAvoidOOMGCWorkers: 0,281, LastGCWorkers: 5,000, GCWorkers: 1,000
[12,781s][debug][gc,director    ] Rule: Allocation Rate (Dynamic GC Workers), MaxAllocRate: 2452,8MB/s (+/-11,4%), Free: 7080MB, GCCPUTime: 1,156, GCDuration: 1,156s, TimeUntilOOM: 2,591s, TimeUntilGC: 1,335s, GCWorkers: 5 -> 1
[12,781s][debug][gc,director    ] Rule: High Usage, Free: 7080MB(57,6%)
[12,781s][debug][gc,director    ] Rule: Proactive, AcceptableGCInterval: 13,709s, TimeSinceLastGC: 2,344s, TimeUntilGC: 11,365s
[12,882s][debug][gc,alloc       ] Allocation Rate: 1692,0MB/s, Predicted: 1725,3MB/s, Avg: 1778,6(+/-201,8)MB/s
[12,882s][debug][gc,director    ] Select GC Workers (Try Lowering), AvoidLongGCWorkers: 0,110, AvoidOOMGCWorkers: 0,435, NextAvoidOOMGCWorkers: 0,275, LastGCWorkers: 5,000, GCWorkers: 1,000
[12,882s][debug][gc,director    ] Rule: Allocation Rate (Dynamic GC Workers), MaxAllocRate: 2442,7MB/s (+/-11,3%), Free: 7012MB, GCCPUTime: 1,156, GCDuration: 1,156s, TimeUntilOOM: 2,578s, TimeUntilGC: 1,322s, GCWorkers: 5 -> 1
[12,882s][debug][gc,director    ] Rule: High Usage, Free: 7012MB(57,1%)
[12,882s][debug][gc,director    ] Rule: Proactive, AcceptableGCInterval: 13,709s, TimeSinceLastGC: 2,444s, TimeUntilGC: 11,265s
[12,982s][debug][gc,alloc       ] Allocation Rate: 1640,0MB/s, Predicted: 1642,0MB/s, Avg: 1775,2(+/-203,8)MB/s
[12,982s][debug][gc,director    ] Select GC Workers (Try Lowering), AvoidLongGCWorkers: 0,110, AvoidOOMGCWorkers: 0,440, NextAvoidOOMGCWorkers: 0,270, LastGCWorkers: 5,000, GCWorkers: 1,000
[12,982s][debug][gc,director    ] Rule: Allocation Rate (Dynamic GC Workers), MaxAllocRate: 2445,9MB/s (+/-11,5%), Free: 6946MB, GCCPUTime: 1,156, GCDuration: 1,156s, TimeUntilOOM: 2,547s, TimeUntilGC: 1,292s, GCWorkers: 5 -> 1
[12,982s][debug][gc,director    ] Rule: High Usage, Free: 6946MB(56,5%)
[12,982s][debug][gc,director    ] Rule: Proactive, AcceptableGCInterval: 13,709s, TimeSinceLastGC: 2,544s, TimeUntilGC: 11,164s
[13,082s][debug][gc,alloc       ] Allocation Rate: 1586,0MB/s, Predicted: 1539,3MB/s, Avg: 1766,4(+/-209,8)MB/s
[13,082s][debug][gc,director    ] Select GC Workers (Try Lowering), AvoidLongGCWorkers: 0,110, AvoidOOMGCWorkers: 0,448, NextAvoidOOMGCWorkers: 0,266, LastGCWorkers: 5,000, GCWorkers: 1,000
[13,082s][debug][gc,director    ] Rule: Allocation Rate (Dynamic GC Workers), MaxAllocRate: 2456,8MB/s (+/-11,9%), Free: 6878MB, GCCPUTime: 1,156, GCDuration: 1,156s, TimeUntilOOM: 2,502s, TimeUntilGC: 1,247s, GCWorkers: 5 -> 1
[13,082s][debug][gc,director    ] Rule: High Usage, Free: 6878MB(56,0%)
[13,082s][debug][gc,director    ] Rule: Proactive, AcceptableGCInterval: 13,709s, TimeSinceLastGC: 2,645s, TimeUntilGC: 11,064s
[13,181s][debug][gc,alloc       ] Allocation Rate: 1298,0MB/s, Predicted: 1388,7MB/s, Avg: 1705,8(+/-245,8)MB/s
[13,181s][debug][gc,director    ] Select GC Workers (Try Lowering), AvoidLongGCWorkers: 0,110, AvoidOOMGCWorkers: 0,474, NextAvoidOOMGCWorkers: 0,269, LastGCWorkers: 5,000, GCWorkers: 1,000
[13,181s][debug][gc,director    ] Rule: Allocation Rate (Dynamic GC Workers), MaxAllocRate: 2514,5MB/s (+/-14,4%), Free: 6816MB, GCCPUTime: 1,156, GCDuration: 1,156s, TimeUntilOOM: 2,369s, TimeUntilGC: 1,114s, GCWorkers: 5 -> 1
[13,181s][debug][gc,director    ] Rule: High Usage, Free: 6816MB(55,5%)
[13,181s][debug][gc,director    ] Rule: Proactive, AcceptableGCInterval: 13,709s, TimeSinceLastGC: 2,744s, TimeUntilGC: 10,965s
[13,282s][debug][gc,alloc       ] Allocation Rate: 858,0MB/s, Predicted: 1216,0MB/s, Avg: 1558,6(+/-267,7)MB/s
[13,282s][debug][gc,director    ] Select GC Workers (Unsteady), AvoidLongGCWorkers: 0,110, AvoidOOMGCWorkers: 0,487, LastGCWorkers: 5,000, HalfGCWorkers: 2,500, GCWorkers: 5,000
[13,282s][debug][gc,director    ] Rule: Allocation Rate (Dynamic GC Workers), MaxAllocRate: 2439,3MB/s (+/-17,2%), Free: 6598MB, GCCPUTime: 1,156, GCDuration: 0,280s, TimeUntilOOM: 2,308s, TimeUntilGC: 1,929s, GCWorkers: 5 -> 5
[13,282s][debug][gc,director    ] Rule: High Usage, Free: 6598MB(53,7%)
[13,282s][debug][gc,director    ] Rule: Proactive, AcceptableGCInterval: 13,709s, TimeSinceLastGC: 2,844s, TimeUntilGC: 10,865s
[13,382s][debug][gc,alloc       ] Allocation Rate: 1084,0MB/s, Predicted: 1032,9MB/s, Avg: 1508,6(+/-302,7)MB/s
[13,382s][debug][gc,director    ] Select GC Workers (Unsteady), AvoidLongGCWorkers: 0,110, AvoidOOMGCWorkers: 0,533, LastGCWorkers: 5,000, HalfGCWorkers: 2,500, GCWorkers: 5,000
[13,382s][debug][gc,director    ] Rule: Allocation Rate (Dynamic GC Workers), MaxAllocRate: 2504,5MB/s (+/-20,1%), Free: 6360MB, GCCPUTime: 1,156, GCDuration: 0,280s, TimeUntilOOM: 2,115s, TimeUntilGC: 1,735s, GCWorkers: 5 -> 5
[13,382s][debug][gc,director    ] Rule: High Usage, Free: 6358MB(51,7%)
[13,382s][debug][gc,director    ] Rule: Proactive, AcceptableGCInterval: 13,709s, TimeSinceLastGC: 2,945s, TimeUntilGC: 10,764s
[13,481s][debug][gc,alloc       ] Allocation Rate: 1232,0MB/s, Predicted: 957,9MB/s, Avg: 1467,6(+/-309,5)MB/s
[13,481s][debug][gc,director    ] Select GC Workers (Unsteady), AvoidLongGCWorkers: 0,110, AvoidOOMGCWorkers: 0,553, LastGCWorkers: 5,000, HalfGCWorkers: 2,500, GCWorkers: 5,000
[13,481s][debug][gc,director    ] Rule: Allocation Rate (Dynamic GC Workers), MaxAllocRate: 2486,0MB/s (+/-21,1%), Free: 6146MB, GCCPUTime: 1,156, GCDuration: 0,280s, TimeUntilOOM: 2,042s, TimeUntilGC: 1,662s, GCWorkers: 5 -> 5
[13,481s][debug][gc,director    ] Rule: High Usage, Free: 6146MB(50,0%)
[13,481s][debug][gc,director    ] Rule: Proactive, AcceptableGCInterval: 13,709s, TimeSinceLastGC: 3,044s, TimeUntilGC: 10,665s
[13,581s][debug][gc,alloc       ] Allocation Rate: 1364,0MB/s, Predicted: 993,3MB/s, Avg: 1428,4(+/-295,0)MB/s
[13,582s][debug][gc,director    ] Select GC Workers (Unsteady), AvoidLongGCWorkers: 0,110, AvoidOOMGCWorkers: 0,550, LastGCWorkers: 5,000, HalfGCWorkers: 2,500, GCWorkers: 5,000
[13,582s][debug][gc,director    ] Rule: Allocation Rate (Dynamic GC Workers), MaxAllocRate: 2399,0MB/s (+/-20,7%), Free: 5934MB, GCCPUTime: 1,156, GCDuration: 0,280s, TimeUntilOOM: 2,050s, TimeUntilGC: 1,670s, GCWorkers: 5 -> 5
[13,582s][debug][gc,director    ] Rule: High Usage, Free: 5934MB(48,3%)
[13,582s][debug][gc,director    ] Rule: Proactive, AcceptableGCInterval: 13,709s, TimeSinceLastGC: 3,144s, TimeUntilGC: 10,565s
[13,682s][debug][gc,alloc       ] Allocation Rate: 1260,0MB/s, Predicted: 1020,8MB/s, Avg: 1376,0(+/-272,9)MB/s
[13,682s][debug][gc,director    ] Select GC Workers (Unsteady), AvoidLongGCWorkers: 0,110, AvoidOOMGCWorkers: 0,518, LastGCWorkers: 5,000, HalfGCWorkers: 2,500, GCWorkers: 5,000
[13,682s][debug][gc,director    ] Rule: Allocation Rate (Dynamic GC Workers), MaxAllocRate: 2273,9MB/s (+/-19,8%), Free: 5922MB, GCCPUTime: 1,156, GCDuration: 0,280s, TimeUntilOOM: 2,173s, TimeUntilGC: 1,794s, GCWorkers: 5 -> 5
[13,682s][debug][gc,director    ] Rule: High Usage, Free: 5922MB(48,2%)
[13,682s][debug][gc,director    ] Rule: Proactive, AcceptableGCInterval: 13,709s, TimeSinceLastGC: 3,244s, TimeUntilGC: 10,464s
[13,781s][debug][gc,alloc       ] Allocation Rate: 1188,0MB/s, Predicted: 1044,3MB/s, Avg: 1320,2(+/-247,4)MB/s
[13,781s][debug][gc,director    ] Select GC Workers (Unsteady), AvoidLongGCWorkers: 0,110, AvoidOOMGCWorkers: 0,482, LastGCWorkers: 5,000, HalfGCWorkers: 2,500, GCWorkers: 5,000
[13,781s][debug][gc,director    ] Rule: Allocation Rate (Dynamic GC Workers), MaxAllocRate: 2134,1MB/s (+/-18,7%), Free: 5910MB, GCCPUTime: 1,156, GCDuration: 0,280s, TimeUntilOOM: 2,332s, TimeUntilGC: 1,953s, GCWorkers: 5 -> 5
[13,781s][debug][gc,director    ] Rule: High Usage, Free: 5910MB(48,1%)
[13,781s][debug][gc,director    ] Rule: Proactive, AcceptableGCInterval: 13,709s, TimeSinceLastGC: 3,344s, TimeUntilGC: 10,365s
[13,881s][debug][gc,alloc       ] Allocation Rate: 1156,0MB/s, Predicted: 1077,7MB/s, Avg: 1266,6(+/-217,2)MB/s
[13,882s][debug][gc,director    ] Select GC Workers (Unsteady), AvoidLongGCWorkers: 0,110, AvoidOOMGCWorkers: 0,443, LastGCWorkers: 5,000, HalfGCWorkers: 2,500, GCWorkers: 5,000
[13,882s][debug][gc,director    ] Rule: Allocation Rate (Dynamic GC Workers), MaxAllocRate: 1981,4MB/s (+/-17,2%), Free: 5876MB, GCCPUTime: 1,156, GCDuration: 0,280s, TimeUntilOOM: 2,531s, TimeUntilGC: 2,152s, GCWorkers: 5 -> 5
[13,882s][debug][gc,director    ] Rule: High Usage, Free: 5876MB(47,8%)
[13,882s][debug][gc,director    ] Rule: Proactive, AcceptableGCInterval: 13,709s, TimeSinceLastGC: 3,444s, TimeUntilGC: 10,265s
[13,982s][debug][gc,alloc       ] Allocation Rate: 1152,0MB/s, Predicted: 1131,5MB/s, Avg: 1217,8(+/-179,4)MB/s
[13,982s][debug][gc,director    ] Select GC Workers (Try Lowering), AvoidLongGCWorkers: 0,110, AvoidOOMGCWorkers: 0,399, NextAvoidOOMGCWorkers: 0,206, LastGCWorkers: 5,000, GCWorkers: 1,000
[13,982s][debug][gc,director    ] Rule: Allocation Rate (Dynamic GC Workers), MaxAllocRate: 1808,0MB/s (+/-14,7%), Free: 5812MB, GCCPUTime: 1,156, GCDuration: 1,156s, TimeUntilOOM: 2,802s, TimeUntilGC: 1,546s, GCWorkers: 5 -> 1
[13,982s][debug][gc,director    ] Rule: High Usage, Free: 5812MB(47,3%)
[13,982s][debug][gc,director    ] Rule: Proactive, AcceptableGCInterval: 13,709s, TimeSinceLastGC: 3,544s, TimeUntilGC: 10,164s
[14,082s][debug][gc,alloc       ] Allocation Rate: 1152,0MB/s, Predicted: 1203,3MB/s, Avg: 1174,4(+/-131,0)MB/s
[14,082s][debug][gc,director    ] Select GC Workers (Try Lowering), AvoidLongGCWorkers: 0,110, AvoidOOMGCWorkers: 0,353, NextAvoidOOMGCWorkers: 0,190, LastGCWorkers: 5,000, GCWorkers: 1,000
[14,082s][debug][gc,director    ] Rule: Allocation Rate (Dynamic GC Workers), MaxAllocRate: 1634,5MB/s (+/-11,2%), Free: 5742MB, GCCPUTime: 1,156, GCDuration: 1,156s, TimeUntilOOM: 3,160s, TimeUntilGC: 1,905s, GCWorkers: 5 -> 1
[14,082s][debug][gc,director    ] Rule: High Usage, Free: 5742MB(46,7%)
[14,082s][debug][gc,director    ] Rule: Proactive, AcceptableGCInterval: 13,709s, TimeSinceLastGC: 3,645s, TimeUntilGC: 10,064s
[14,182s][debug][gc,alloc       ] Allocation Rate: 1158,0MB/s, Predicted: 1229,7MB/s, Avg: 1160,4(+/-124,4)MB/s
[14,182s][debug][gc,director    ] Select GC Workers (Try Lowering), AvoidLongGCWorkers: 0,110, AvoidOOMGCWorkers: 0,357, NextAvoidOOMGCWorkers: 0,188, LastGCWorkers: 5,000, GCWorkers: 1,000
[14,182s][debug][gc,director    ] Rule: Allocation Rate (Dynamic GC Workers), MaxAllocRate: 1639,0MB/s (+/-10,7%), Free: 5676MB, GCCPUTime: 1,156, GCDuration: 1,156s, TimeUntilOOM: 3,128s, TimeUntilGC: 1,872s, GCWorkers: 5 -> 1
[14,182s][debug][gc,director    ] Rule: High Usage, Free: 5676MB(46,2%)
[14,182s][debug][gc,director    ] Rule: Proactive, AcceptableGCInterval: 13,709s, TimeSinceLastGC: 3,744s, TimeUntilGC: 9,965s
[14,282s][debug][gc,alloc       ] Allocation Rate: 1040,0MB/s, Predicted: 1100,9MB/s, Avg: 1178,6(+/-86,3)MB/s
[14,282s][debug][gc,director    ] Select GC Workers (Try Lowering), AvoidLongGCWorkers: 0,110, AvoidOOMGCWorkers: 0,312, NextAvoidOOMGCWorkers: 0,172, LastGCWorkers: 5,000, GCWorkers: 1,000
[14,282s][debug][gc,director    ] Rule: Allocation Rate (Dynamic GC Workers), MaxAllocRate: 1462,5MB/s (+/-7,3%), Free: 5608MB, GCCPUTime: 1,156, GCDuration: 1,156s, TimeUntilOOM: 3,573s, TimeUntilGC: 2,317s, GCWorkers: 5 -> 1
[14,282s][debug][gc,director    ] Rule: High Usage, Free: 5608MB(45,6%)
[14,282s][debug][gc,director    ] Rule: Proactive, AcceptableGCInterval: 13,709s, TimeSinceLastGC: 3,845s, TimeUntilGC: 9,864s
[14,381s][debug][gc,alloc       ] Allocation Rate: 868,0MB/s, Predicted: 951,5MB/s, Avg: 1157,0(+/-125,4)MB/s
[14,381s][debug][gc,director    ] Select GC Workers (Try Lowering), AvoidLongGCWorkers: 0,110, AvoidOOMGCWorkers: 0,351, NextAvoidOOMGCWorkers: 0,180, LastGCWorkers: 5,000, GCWorkers: 1,000
[14,381s][debug][gc,director    ] Rule: Allocation Rate (Dynamic GC Workers), MaxAllocRate: 1569,7MB/s (+/-10,8%), Free: 5540MB, GCCPUTime: 1,156, GCDuration: 1,156s, TimeUntilOOM: 3,184s, TimeUntilGC: 1,928s, GCWorkers: 5 -> 1
[14,381s][debug][gc,director    ] Rule: High Usage, Free: 5540MB(45,1%)
[14,381s][debug][gc,director    ] Rule: Proactive, AcceptableGCInterval: 13,709s, TimeSinceLastGC: 3,944s, TimeUntilGC: 9,765s
[14,482s][debug][gc,alloc       ] Allocation Rate: 722,0MB/s, Predicted: 797,5MB/s, Avg: 1106,0(+/-177,5)MB/s
[14,482s][debug][gc,director    ] Select GC Workers (Unsteady), AvoidLongGCWorkers: 0,110, AvoidOOMGCWorkers: 0,401, LastGCWorkers: 5,000, HalfGCWorkers: 2,500, GCWorkers: 5,000
[14,482s][debug][gc,director    ] Rule: Allocation Rate (Dynamic GC Workers), MaxAllocRate: 1689,9MB/s (+/-16,0%), Free: 5474MB, GCCPUTime: 1,156, GCDuration: 0,280s, TimeUntilOOM: 2,791s, TimeUntilGC: 2,412s, GCWorkers: 5 -> 5
[14,482s][debug][gc,director    ] Rule: High Usage, Free: 5474MB(44,5%)
[14,482s][debug][gc,director    ] Rule: Proactive, AcceptableGCInterval: 13,709s, TimeSinceLastGC: 4,044s, TimeUntilGC: 9,664s
[14,582s][debug][gc,alloc       ] Allocation Rate: 534,0MB/s, Predicted: 637,5MB/s, Avg: 1023,0(+/-225,1)MB/s
[14,582s][debug][gc,director    ] Select GC Workers (Unsteady), AvoidLongGCWorkers: 0,110, AvoidOOMGCWorkers: 0,447, LastGCWorkers: 5,000, HalfGCWorkers: 2,500, GCWorkers: 5,000
[14,582s][debug][gc,director    ] Rule: Allocation Rate (Dynamic GC Workers), MaxAllocRate: 1763,6MB/s (+/-22,0%), Free: 5404MB, GCCPUTime: 1,156, GCDuration: 0,280s, TimeUntilOOM: 2,512s, TimeUntilGC: 2,132s, GCWorkers: 5 -> 5
[14,582s][debug][gc,director    ] Rule: High Usage, Free: 5404MB(44,0%)
[14,582s][debug][gc,director    ] Rule: Proactive, AcceptableGCInterval: 13,709s, TimeSinceLastGC: 4,145s, TimeUntilGC: 9,564s
[14,681s][debug][gc,alloc       ] Allocation Rate: 572,0MB/s, Predicted: 520,3MB/s, Avg: 954,2(+/-246,3)MB/s
[14,681s][debug][gc,director    ] Select GC Workers (Unsteady), AvoidLongGCWorkers: 0,110, AvoidOOMGCWorkers: 0,466, LastGCWorkers: 5,000, HalfGCWorkers: 2,500, GCWorkers: 5,000
[14,681s][debug][gc,director    ] Rule: Allocation Rate (Dynamic GC Workers), MaxAllocRate: 1764,6MB/s (+/-25,8%), Free: 5348MB, GCCPUTime: 1,156, GCDuration: 0,280s, TimeUntilOOM: 2,409s, TimeUntilGC: 2,029s, GCWorkers: 5 -> 5
[14,681s][debug][gc,director    ] Rule: High Usage, Free: 5348MB(43,5%)
[14,682s][debug][gc,director    ] Rule: Proactive, AcceptableGCInterval: 13,709s, TimeSinceLastGC: 4,244s, TimeUntilGC: 9,465s
[14,782s][debug][gc,alloc       ] Allocation Rate: 628,0MB/s, Predicted: 452,1MB/s, Avg: 898,2(+/-250,4)MB/s
[14,782s][debug][gc,director    ] Select GC Workers (Unsteady), AvoidLongGCWorkers: 0,110, AvoidOOMGCWorkers: 0,468, LastGCWorkers: 5,000, HalfGCWorkers: 2,500, GCWorkers: 5,000
[14,782s][debug][gc,director    ] Rule: Allocation Rate (Dynamic GC Workers), MaxAllocRate: 1722,1MB/s (+/-27,9%), Free: 5282MB, GCCPUTime: 1,156, GCDuration: 0,280s, TimeUntilOOM: 2,399s, TimeUntilGC: 2,019s, GCWorkers: 5 -> 5
[14,782s][debug][gc,director    ] Rule: High Usage, Free: 5282MB(43,0%)
[14,782s][debug][gc,director    ] Rule: Proactive, AcceptableGCInterval: 13,709s, TimeSinceLastGC: 4,344s, TimeUntilGC: 9,364s
[14,882s][debug][gc,alloc       ] Allocation Rate: 676,0MB/s, Predicted: 432,0MB/s, Avg: 850,2(+/-242,2)MB/s
[14,882s][debug][gc,director    ] Select GC Workers (Unsteady), AvoidLongGCWorkers: 0,110, AvoidOOMGCWorkers: 0,460, LastGCWorkers: 5,000, HalfGCWorkers: 2,500, GCWorkers: 5,000
[14,882s][debug][gc,director    ] Rule: Allocation Rate (Dynamic GC Workers), MaxAllocRate: 1647,3MB/s (+/-28,5%), Free: 5166MB, GCCPUTime: 1,156, GCDuration: 0,280s, TimeUntilOOM: 2,441s, TimeUntilGC: 2,061s, GCWorkers: 5 -> 5
[14,882s][debug][gc,director    ] Rule: High Usage, Free: 5166MB(42,0%)
[14,882s][debug][gc,director    ] Rule: Proactive, AcceptableGCInterval: 13,709s, TimeSinceLastGC: 4,445s, TimeUntilGC: 9,264s
[14,981s][debug][gc,alloc       ] Allocation Rate: 790,0MB/s, Predicted: 488,4MB/s, Avg: 814,0(+/-220,5)MB/s
[14,981s][debug][gc,director    ] Select GC Workers (Unsteady), AvoidLongGCWorkers: 0,110, AvoidOOMGCWorkers: 0,440, LastGCWorkers: 5,000, HalfGCWorkers: 2,500, GCWorkers: 5,000
[14,981s][debug][gc,director    ] Rule: Allocation Rate (Dynamic GC Workers), MaxAllocRate: 1539,6MB/s (+/-27,1%), Free: 4988MB, GCCPUTime: 1,156, GCDuration: 0,280s, TimeUntilOOM: 2,549s, TimeUntilGC: 2,170s, GCWorkers: 5 -> 5
[14,981s][debug][gc,director    ] Rule: High Usage, Free: 4988MB(40,6%)
[14,981s][debug][gc,director    ] Rule: Proactive, AcceptableGCInterval: 13,709s, TimeSinceLastGC: 4,544s, TimeUntilGC: 9,165s
[15,082s][debug][gc,alloc       ] Allocation Rate: 968,0MB/s, Predicted: 640,1MB/s, Avg: 795,6(+/-198,1)MB/s
[15,082s][debug][gc,director    ] Select GC Workers (Unsteady), AvoidLongGCWorkers: 0,110, AvoidOOMGCWorkers: 0,427, LastGCWorkers: 5,000, HalfGCWorkers: 2,500, GCWorkers: 5,000
[15,082s][debug][gc,director    ] Rule: Allocation Rate (Dynamic GC Workers), MaxAllocRate: 1447,3MB/s (+/-24,9%), Free: 4744MB, GCCPUTime: 1,156, GCDuration: 0,280s, TimeUntilOOM: 2,624s, TimeUntilGC: 2,245s, GCWorkers: 5 -> 5
[15,082s][debug][gc,director    ] Rule: High Usage, Free: 4744MB(38,6%)
[15,082s][debug][gc,director    ] Rule: Proactive, AcceptableGCInterval: 13,709s, TimeSinceLastGC: 4,644s, TimeUntilGC: 9,065s
[15,182s][debug][gc,alloc       ] Allocation Rate: 1168,0MB/s, Predicted: 885,7MB/s, Avg: 796,6(+/-199,9)MB/s
[15,182s][debug][gc,director    ] Select GC Workers (Unsteady), AvoidLongGCWorkers: 0,110, AvoidOOMGCWorkers: 0,485, LastGCWorkers: 5,000, HalfGCWorkers: 2,500, GCWorkers: 5,000
[15,182s][debug][gc,director    ] Rule: Allocation Rate (Dynamic GC Workers), MaxAllocRate: 1543,5MB/s (+/-25,1%), Free: 4474MB, GCCPUTime: 1,156, GCDuration: 0,280s, TimeUntilOOM: 2,317s, TimeUntilGC: 1,937s, GCWorkers: 5 -> 5
[15,182s][debug][gc,director    ] Rule: High Usage, Free: 4474MB(36,4%)
[15,182s][debug][gc,director    ] Rule: Proactive, AcceptableGCInterval: 13,709s, TimeSinceLastGC: 4,744s, TimeUntilGC: 8,964s
[15,282s][debug][gc,alloc       ] Allocation Rate: 1254,0MB/s, Predicted: 1133,6MB/s, Avg: 818,0(+/-233,5)MB/s
[15,282s][debug][gc,director    ] Select GC Workers (Unsteady), AvoidLongGCWorkers: 0,110, AvoidOOMGCWorkers: 0,636, LastGCWorkers: 5,000, HalfGCWorkers: 2,500, GCWorkers: 5,000
[15,282s][debug][gc,director    ] Rule: Allocation Rate (Dynamic GC Workers), MaxAllocRate: 1901,8MB/s (+/-28,5%), Free: 4354MB, GCCPUTime: 1,156, GCDuration: 0,280s, TimeUntilOOM: 1,781s, TimeUntilGC: 1,401s, GCWorkers: 5 -> 5
[15,282s][debug][gc,director    ] Rule: High Usage, Free: 4354MB(35,4%)
[15,282s][debug][gc,director    ] Rule: Proactive, AcceptableGCInterval: 13,709s, TimeSinceLastGC: 4,845s, TimeUntilGC: 8,864s
[15,381s][debug][gc,alloc       ] Allocation Rate: 1200,0MB/s, Predicted: 1299,7MB/s, Avg: 851,2(+/-260,3)MB/s
[15,381s][debug][gc,director    ] Select GC Workers (Unsteady), AvoidLongGCWorkers: 0,110, AvoidOOMGCWorkers: 0,739, LastGCWorkers: 5,000, HalfGCWorkers: 2,500, GCWorkers: 5,000
[15,381s][debug][gc,director    ] Rule: Allocation Rate (Dynamic GC Workers), MaxAllocRate: 2156,2MB/s (+/-30,6%), Free: 4342MB, GCCPUTime: 1,156, GCDuration: 0,280s, TimeUntilOOM: 1,542s, TimeUntilGC: 1,162s, GCWorkers: 5 -> 5
[15,381s][debug][gc,director    ] Rule: High Usage, Free: 4342MB(35,3%)
[15,381s][debug][gc,director    ] Rule: Proactive, AcceptableGCInterval: 13,709s, TimeSinceLastGC: 4,944s, TimeUntilGC: 8,765s
[15,482s][debug][gc,alloc       ] Allocation Rate: 1164,0MB/s, Predicted: 1390,4MB/s, Avg: 895,4(+/-271,9)MB/s
[15,482s][debug][gc,director    ] Select GC Workers (Unsteady), AvoidLongGCWorkers: 0,110, AvoidOOMGCWorkers: 0,790, LastGCWorkers: 5,000, HalfGCWorkers: 2,500, GCWorkers: 5,000
[15,482s][debug][gc,director    ] Rule: Allocation Rate (Dynamic GC Workers), MaxAllocRate: 2284,9MB/s (+/-30,4%), Free: 4308MB, GCCPUTime: 1,156, GCDuration: 0,280s, TimeUntilOOM: 1,446s, TimeUntilGC: 1,067s, GCWorkers: 5 -> 5
[15,482s][debug][gc,director    ] Rule: High Usage, Free: 4308MB(35,1%)
[15,482s][debug][gc,director    ] Rule: Proactive, AcceptableGCInterval: 13,709s, TimeSinceLastGC: 5,044s, TimeUntilGC: 8,665s
[15,582s][debug][gc,alloc       ] Allocation Rate: 1164,0MB/s, Predicted: 1401,5MB/s, Avg: 958,4(+/-253,2)MB/s
[15,582s][debug][gc,director    ] Select GC Workers (Unsteady), AvoidLongGCWorkers: 0,110, AvoidOOMGCWorkers: 0,760, LastGCWorkers: 5,000, HalfGCWorkers: 2,500, GCWorkers: 5,000
[15,582s][debug][gc,director    ] Rule: Allocation Rate (Dynamic GC Workers), MaxAllocRate: 2234,5MB/s (+/-26,4%), Free: 4242MB, GCCPUTime: 1,156, GCDuration: 0,280s, TimeUntilOOM: 1,502s, TimeUntilGC: 1,122s, GCWorkers: 5 -> 5
[15,582s][debug][gc,director    ] Rule: High Usage, Free: 4242MB(34,5%)
[15,582s][debug][gc,director    ] Rule: Proactive, AcceptableGCInterval: 13,709s, TimeSinceLastGC: 5,144s, TimeUntilGC: 8,564s
[15,682s][debug][gc,alloc       ] Allocation Rate: 1174,0MB/s, Predicted: 1384,7MB/s, Avg: 1018,6(+/-224,0)MB/s
[15,682s][debug][gc,director    ] Select GC Workers (Unsteady), AvoidLongGCWorkers: 0,110, AvoidOOMGCWorkers: 0,705, LastGCWorkers: 5,000, HalfGCWorkers: 2,500, GCWorkers: 5,000
[15,682s][debug][gc,director    ] Rule: Allocation Rate (Dynamic GC Workers), MaxAllocRate: 2121,8MB/s (+/-22,0%), Free: 4176MB, GCCPUTime: 1,156, GCDuration: 0,280s, TimeUntilOOM: 1,613s, TimeUntilGC: 1,234s, GCWorkers: 5 -> 5
[15,682s][debug][gc,director    ] Rule: High Usage, Free: 4176MB(34,0%)
[15,682s][debug][gc,director    ] Rule: Proactive, AcceptableGCInterval: 13,709s, TimeSinceLastGC: 5,245s, TimeUntilGC: 8,464s
[15,781s][debug][gc,alloc       ] Allocation Rate: 1176,0MB/s, Predicted: 1343,5MB/s, Avg: 1073,4(+/-185,5)MB/s
[15,781s][debug][gc,director    ] Select GC Workers (Unsteady), AvoidLongGCWorkers: 0,110, AvoidOOMGCWorkers: 0,632, LastGCWorkers: 5,000, HalfGCWorkers: 2,500, GCWorkers: 5,000
[15,781s][debug][gc,director    ] Rule: Allocation Rate (Dynamic GC Workers), MaxAllocRate: 1953,8MB/s (+/-17,3%), Free: 4106MB, GCCPUTime: 1,156, GCDuration: 0,280s, TimeUntilOOM: 1,792s, TimeUntilGC: 1,412s, GCWorkers: 5 -> 5
[15,781s][debug][gc,director    ] Rule: High Usage, Free: 4106MB(33,4%)
[15,781s][debug][gc,director    ] Rule: Proactive, AcceptableGCInterval: 13,709s, TimeSinceLastGC: 5,344s, TimeUntilGC: 8,365s
[15,882s][debug][gc,alloc       ] Allocation Rate: 1162,0MB/s, Predicted: 1272,9MB/s, Avg: 1122,0(+/-130,5)MB/s
[15,882s][debug][gc,director    ] Select GC Workers (Try Lowering), AvoidLongGCWorkers: 0,110, AvoidOOMGCWorkers: 0,530, NextAvoidOOMGCWorkers: 0,168, LastGCWorkers: 5,000, GCWorkers: 1,000
[15,882s][debug][gc,director    ] Rule: Allocation Rate (Dynamic GC Workers), MaxAllocRate: 1702,4MB/s (+/-11,6%), Free: 4038MB, GCCPUTime: 1,156, GCDuration: 1,156s, TimeUntilOOM: 2,125s, TimeUntilGC: 0,869s, GCWorkers: 5 -> 1
[15,882s][debug][gc,director    ] Rule: High Usage, Free: 4038MB(32,9%)
[15,882s][debug][gc,director    ] Rule: Proactive, AcceptableGCInterval: 13,709s, TimeSinceLastGC: 5,444s, TimeUntilGC: 8,264s
[15,982s][debug][gc,alloc       ] Allocation Rate: 1056,0MB/s, Predicted: 1158,0MB/s, Avg: 1148,6(+/-75,7)MB/s
[15,982s][debug][gc,director    ] Select GC Workers (Try Lowering), AvoidLongGCWorkers: 0,110, AvoidOOMGCWorkers: 0,424, NextAvoidOOMGCWorkers: 0,153, LastGCWorkers: 5,000, GCWorkers: 1,000
[15,982s][debug][gc,director    ] Rule: Allocation Rate (Dynamic GC Workers), MaxAllocRate: 1407,2MB/s (+/-6,6%), Free: 3966MB, GCCPUTime: 1,156, GCDuration: 1,156s, TimeUntilOOM: 2,644s, TimeUntilGC: 1,388s, GCWorkers: 5 -> 1
[15,982s][debug][gc,director    ] Rule: High Usage, Free: 3966MB(32,3%)
[15,982s][debug][gc,director    ] Rule: Proactive, AcceptableGCInterval: 13,709s, TimeSinceLastGC: 5,545s, TimeUntilGC: 8,164s
[16,081s][debug][gc,alloc       ] Allocation Rate: 880,0MB/s, Predicted: 1002,4MB/s, Avg: 1139,8(+/-98,0)MB/s
[16,081s][debug][gc,director    ] Select GC Workers (Try Lowering), AvoidLongGCWorkers: 0,110, AvoidOOMGCWorkers: 0,458, NextAvoidOOMGCWorkers: 0,155, LastGCWorkers: 5,000, GCWorkers: 1,000
[16,081s][debug][gc,director    ] Rule: Allocation Rate (Dynamic GC Workers), MaxAllocRate: 1462,4MB/s (+/-8,6%), Free: 3896MB, GCCPUTime: 1,156, GCDuration: 1,156s, TimeUntilOOM: 2,453s, TimeUntilGC: 1,197s, GCWorkers: 5 -> 1
[16,081s][debug][gc,director    ] Rule: High Usage, Free: 3896MB(31,7%)
[16,081s][debug][gc,director    ] Rule: Proactive, AcceptableGCInterval: 13,709s, TimeSinceLastGC: 5,644s, TimeUntilGC: 8,065s
[16,182s][debug][gc,alloc       ] Allocation Rate: 684,0MB/s, Predicted: 827,6MB/s, Avg: 1091,4(+/-167,2)MB/s
[16,182s][debug][gc,director    ] Select GC Workers (Unsteady), AvoidLongGCWorkers: 0,110, AvoidOOMGCWorkers: 0,559, LastGCWorkers: 5,000, HalfGCWorkers: 2,500, GCWorkers: 5,000
[16,182s][debug][gc,director    ] Rule: Allocation Rate (Dynamic GC Workers), MaxAllocRate: 1641,7MB/s (+/-15,3%), Free: 3824MB, GCCPUTime: 1,156, GCDuration: 0,280s, TimeUntilOOM: 2,020s, TimeUntilGC: 1,640s, GCWorkers: 5 -> 5
[16,182s][debug][gc,director    ] Rule: High Usage, Free: 3824MB(31,1%)
[16,182s][debug][gc,director    ] Rule: Proactive, AcceptableGCInterval: 13,709s, TimeSinceLastGC: 5,744s, TimeUntilGC: 7,965s
[16,282s][debug][gc,alloc       ] Allocation Rate: 600,0MB/s, Predicted: 674,4MB/s, Avg: 1026,0(+/-212,6)MB/s
[16,282s][debug][gc,director    ] Select GC Workers (Unsteady), AvoidLongGCWorkers: 0,110, AvoidOOMGCWorkers: 0,629, LastGCWorkers: 5,000, HalfGCWorkers: 2,500, GCWorkers: 5,000
[16,282s][debug][gc,director    ] Rule: Allocation Rate (Dynamic GC Workers), MaxAllocRate: 1725,5MB/s (+/-20,7%), Free: 3754MB, GCCPUTime: 1,156, GCDuration: 0,280s, TimeUntilOOM: 1,802s, TimeUntilGC: 1,422s, GCWorkers: 5 -> 5
[16,282s][debug][gc,director    ] Rule: High Usage, Free: 3754MB(30,6%)
[16,282s][debug][gc,director    ] Rule: Proactive, AcceptableGCInterval: 13,709s, TimeSinceLastGC: 5,844s, TimeUntilGC: 7,864s
[16,382s][debug][gc,alloc       ] Allocation Rate: 658,0MB/s, Predicted: 573,6MB/s, Avg: 971,8(+/-229,7)MB/s
[16,382s][debug][gc,director    ] Select GC Workers (Unsteady), AvoidLongGCWorkers: 0,110, AvoidOOMGCWorkers: 0,658, LastGCWorkers: 5,000, HalfGCWorkers: 2,500, GCWorkers: 5,000
[16,382s][debug][gc,director    ] Rule: Allocation Rate (Dynamic GC Workers), MaxAllocRate: 1727,7MB/s (+/-23,6%), Free: 3684MB, GCCPUTime: 1,156, GCDuration: 0,280s, TimeUntilOOM: 1,725s, TimeUntilGC: 1,345s, GCWorkers: 5 -> 5
[16,382s][debug][gc,director    ] Rule: High Usage, Free: 3684MB(30,0%)
[16,382s][debug][gc,director    ] Rule: Proactive, AcceptableGCInterval: 13,709s, TimeSinceLastGC: 5,945s, TimeUntilGC: 7,764s
[16,481s][debug][gc,alloc       ] Allocation Rate: 800,0MB/s, Predicted: 556,1MB/s, Avg: 935,4(+/-225,2)MB/s
[16,481s][debug][gc,director    ] Select GC Workers (Unsteady), AvoidLongGCWorkers: 0,110, AvoidOOMGCWorkers: 0,679, LastGCWorkers: 5,000, HalfGCWorkers: 2,500, GCWorkers: 5,000
[16,481s][debug][gc,director    ] Rule: Allocation Rate (Dynamic GC Workers), MaxAllocRate: 1676,3MB/s (+/-24,1%), Free: 3480MB, GCCPUTime: 1,156, GCDuration: 0,280s, TimeUntilOOM: 1,673s, TimeUntilGC: 1,293s, GCWorkers: 5 -> 5
[16,481s][debug][gc,director    ] Rule: High Usage, Free: 3480MB(28,3%)
[16,482s][debug][gc,director    ] Rule: Proactive, AcceptableGCInterval: 13,709s, TimeSinceLastGC: 6,044s, TimeUntilGC: 7,665s
[16,582s][debug][gc,alloc       ] Allocation Rate: 1006,0MB/s, Predicted: 645,3MB/s, Avg: 919,6(+/-213,8)MB/s
[16,582s][debug][gc,director    ] Select GC Workers (Unsteady), AvoidLongGCWorkers: 0,110, AvoidOOMGCWorkers: 0,710, LastGCWorkers: 5,000, HalfGCWorkers: 2,500, GCWorkers: 5,000
[16,582s][debug][gc,director    ] Rule: Allocation Rate (Dynamic GC Workers), MaxAllocRate: 1623,2MB/s (+/-23,3%), Free: 3208MB, GCCPUTime: 1,156, GCDuration: 0,280s, TimeUntilOOM: 1,603s, TimeUntilGC: 1,224s, GCWorkers: 5 -> 5
[16,582s][debug][gc,director    ] Rule: High Usage, Free: 3208MB(26,1%)
[16,582s][debug][gc,director    ] Rule: Proactive, AcceptableGCInterval: 13,709s, TimeSinceLastGC: 6,144s, TimeUntilGC: 7,565s
[16,682s][debug][gc,alloc       ] Allocation Rate: 1210,0MB/s, Predicted: 829,3MB/s, Avg: 923,2(+/-218,3)MB/s
[16,682s][debug][gc,director    ] Select GC Workers (Unsteady), AvoidLongGCWorkers: 0,110, AvoidOOMGCWorkers: 0,789, LastGCWorkers: 5,000, HalfGCWorkers: 2,500, GCWorkers: 5,000
[16,682s][debug][gc,director    ] Rule: Allocation Rate (Dynamic GC Workers), MaxAllocRate: 1641,7MB/s (+/-23,7%), Free: 2940MB, GCCPUTime: 1,156, GCDuration: 0,280s, TimeUntilOOM: 1,448s, TimeUntilGC: 1,069s, GCWorkers: 5 -> 5
[16,682s][debug][gc,director    ] Rule: High Usage, Free: 2940MB(23,9%)
[16,682s][debug][gc,director    ] Rule: Proactive, AcceptableGCInterval: 13,709s, TimeSinceLastGC: 6,244s, TimeUntilGC: 7,464s
[16,782s][debug][gc,alloc       ] Allocation Rate: 1320,0MB/s, Predicted: 1055,5MB/s, Avg: 937,6(+/-238,4)MB/s
[16,782s][debug][gc,director    ] Select GC Workers (Unsteady), AvoidLongGCWorkers: 0,110, AvoidOOMGCWorkers: 0,953, LastGCWorkers: 5,000, HalfGCWorkers: 2,500, GCWorkers: 5,000
[16,782s][debug][gc,director    ] Rule: Allocation Rate (Dynamic GC Workers), MaxAllocRate: 1839,8MB/s (+/-25,4%), Free: 2792MB, GCCPUTime: 1,156, GCDuration: 0,280s, TimeUntilOOM: 1,210s, TimeUntilGC: 0,830s, GCWorkers: 5 -> 5
[16,782s][debug][gc,director    ] Rule: High Usage, Free: 2792MB(22,7%)
[16,782s][debug][gc,director    ] Rule: Proactive, AcceptableGCInterval: 13,709s, TimeSinceLastGC: 6,345s, TimeUntilGC: 7,364s
[16,881s][debug][gc,alloc       ] Allocation Rate: 1262,0MB/s, Predicted: 1245,1MB/s, Avg: 947,6(+/-249,4)MB/s
[16,881s][debug][gc,director    ] Select GC Workers (Unsteady), AvoidLongGCWorkers: 0,110, AvoidOOMGCWorkers: 1,089, LastGCWorkers: 5,000, HalfGCWorkers: 2,500, GCWorkers: 5,000
[16,881s][debug][gc,director    ] Rule: Allocation Rate (Dynamic GC Workers), MaxAllocRate: 2065,8MB/s (+/-26,3%), Free: 2782MB, GCCPUTime: 1,156, GCDuration: 0,280s, TimeUntilOOM: 1,066s, TimeUntilGC: 0,686s, GCWorkers: 5 -> 5
[16,881s][debug][gc,director    ] Rule: High Usage, Free: 2782MB(22,6%)
[16,881s][debug][gc,director    ] Rule: Proactive, AcceptableGCInterval: 13,709s, TimeSinceLastGC: 6,444s, TimeUntilGC: 7,265s
[16,982s][debug][gc,alloc       ] Allocation Rate: 1212,0MB/s, Predicted: 1379,7MB/s, Avg: 963,2(+/-260,3)MB/s
[16,982s][debug][gc,director    ] Select GC Workers (Unsteady), AvoidLongGCWorkers: 0,110, AvoidOOMGCWorkers: 1,203, LastGCWorkers: 5,000, HalfGCWorkers: 2,500, GCWorkers: 5,000
[16,982s][debug][gc,director    ] Rule: Allocation Rate (Dynamic GC Workers), MaxAllocRate: 2236,4MB/s (+/-27,0%), Free: 2758MB, GCCPUTime: 1,156, GCDuration: 0,280s, TimeUntilOOM: 0,971s, TimeUntilGC: 0,591s, GCWorkers: 5 -> 5
[16,982s][debug][gc,director    ] Rule: High Usage, Free: 2758MB(22,4%)
[16,982s][debug][gc,director    ] Rule: Proactive, AcceptableGCInterval: 13,709s, TimeSinceLastGC: 6,544s, TimeUntilGC: 7,164s
[17,082s][debug][gc,alloc       ] Allocation Rate: 1210,0MB/s, Predicted: 1456,3MB/s, Avg: 996,2(+/-268,5)MB/s
[17,082s][debug][gc,director    ] Select GC Workers (Unsteady), AvoidLongGCWorkers: 0,110, AvoidOOMGCWorkers: 1,295, LastGCWorkers: 5,000, HalfGCWorkers: 2,500, GCWorkers: 5,000
[17,082s][debug][gc,director    ] Rule: Allocation Rate (Dynamic GC Workers), MaxAllocRate: 2339,8MB/s (+/-27,0%), Free: 2692MB, GCCPUTime: 1,156, GCDuration: 0,280s, TimeUntilOOM: 0,906s, TimeUntilGC: 0,527s, GCWorkers: 5 -> 5
[17,082s][debug][gc,director    ] Rule: High Usage, Free: 2692MB(21,9%)
[17,082s][debug][gc,director    ] Rule: Proactive, AcceptableGCInterval: 13,709s, TimeSinceLastGC: 6,645s, TimeUntilGC: 7,064s
[17,181s][debug][gc,alloc       ] Allocation Rate: 1206,0MB/s, Predicted: 1456,9MB/s, Avg: 1048,4(+/-253,0)MB/s
[17,181s][debug][gc,director    ] Select GC Workers (Unsteady), AvoidLongGCWorkers: 0,110, AvoidOOMGCWorkers: 1,269, LastGCWorkers: 5,000, HalfGCWorkers: 2,500, GCWorkers: 5,000
[17,181s][debug][gc,director    ] Rule: Allocation Rate (Dynamic GC Workers), MaxAllocRate: 2289,5MB/s (+/-24,1%), Free: 2624MB, GCCPUTime: 1,156, GCDuration: 0,280s, TimeUntilOOM: 0,923s, TimeUntilGC: 0,544s, GCWorkers: 5 -> 5
[17,181s][debug][gc,director    ] Rule: High Usage, Free: 2624MB(21,4%)
[17,181s][debug][gc,director    ] Rule: Proactive, AcceptableGCInterval: 13,709s, TimeSinceLastGC: 6,744s, TimeUntilGC: 6,965s
[17,282s][debug][gc,alloc       ] Allocation Rate: 1202,0MB/s, Predicted: 1398,8MB/s, Avg: 1108,6(+/-206,5)MB/s
[17,282s][debug][gc,director    ] Select GC Workers (Unsteady), AvoidLongGCWorkers: 0,110, AvoidOOMGCWorkers: 1,122, LastGCWorkers: 5,000, HalfGCWorkers: 2,500, GCWorkers: 5,000
[17,282s][debug][gc,director    ] Rule: Allocation Rate (Dynamic GC Workers), MaxAllocRate: 2078,3MB/s (+/-18,6%), Free: 2556MB, GCCPUTime: 1,156, GCDuration: 0,280s, TimeUntilOOM: 1,037s, TimeUntilGC: 0,657s, GCWorkers: 5 -> 5
[17,282s][debug][gc,director    ] Rule: High Usage, Free: 2556MB(20,8%)
[17,282s][debug][gc,director    ] Rule: Proactive, AcceptableGCInterval: 13,709s, TimeSinceLastGC: 6,844s, TimeUntilGC: 6,865s
[17,382s][debug][gc,alloc       ] Allocation Rate: 1200,0MB/s, Predicted: 1315,2MB/s, Avg: 1162,8(+/-142,3)MB/s
[17,382s][debug][gc,director    ] Select GC Workers (Try Lowering), AvoidLongGCWorkers: 0,110, AvoidOOMGCWorkers: 0,925, NextAvoidOOMGCWorkers: 0,153, LastGCWorkers: 5,000, GCWorkers: 1,000
[17,382s][debug][gc,director    ] Rule: Allocation Rate (Dynamic GC Workers), MaxAllocRate: 1783,4MB/s (+/-12,2%), Free: 2490MB, GCCPUTime: 1,156, GCDuration: 1,156s, TimeUntilOOM: 1,244s, TimeUntilGC: -0,012s, GCWorkers: 5 -> 1
[17,382s][debug][gc,heap        ] GC(4) Heap before GC invocations=4 (full 4):
[17,382s][debug][gc,heap        ] GC(4)  ZHeap           used 9758M, capacity 9758M, max capacity 12288M
[17,382s][debug][gc,heap        ] GC(4)  Metaspace       used 31215K, committed 31616K, reserved 1114112K
[17,382s][debug][gc,heap        ] GC(4)   class space    used 3443K, committed 3648K, reserved 1048576K
[17,382s][info ][gc,start       ] GC(4) Garbage Collection (Allocation Rate)
[17,382s][info ][gc,task        ] GC(4) Using 1 workers
[17,383s][debug][gc,phases,start] GC(4) Pause Mark Start
[17,383s][debug][gc,marking     ] GC(4) Using 1 mark stripes
[17,383s][debug][gc,marking     ] GC(4) Mark Worker/Stripe Distribution
[17,383s][debug][gc,marking     ] GC(4)   Worker 0(1) -> Stripe 0(1)
[17,383s][info ][gc,phases      ] GC(4) Pause Mark Start 0,099ms
[17,383s][debug][gc,phases,start] GC(4) Concurrent Mark
[17,383s][debug][gc,task        ] GC(4) Executing Task: XMarkRootsTask, Active Workers: 1
[17,386s][debug][gc,tlab        ] GC(4) TLAB totals: thrds: 24  refills: 35820 max: 16601 slow allocs: 8499 max 596 waste:  2,1% gc: 2713448B max: 262072B slow: 183397096B max: 26409960B
[17,386s][debug][gc,task        ] GC(4) Executing Task: XMarkTask, Active Workers: 1
[17,482s][debug][gc,alloc       ] Allocation Rate: 1092,0MB/s, Predicted: 1190,1MB/s, Avg: 1192,0(+/-82,0)MB/s
[17,581s][debug][gc,alloc       ] Allocation Rate: 884,0MB/s, Predicted: 1017,3MB/s, Avg: 1179,8(+/-112,3)MB/s
[17,682s][debug][gc,alloc       ] Allocation Rate: 678,0MB/s, Predicted: 824,7MB/s, Avg: 1126,6(+/-186,7)MB/s
[17,710s][info ][gc,phases      ] GC(4) Concurrent Mark 327,316ms
[17,710s][debug][gc,phases,start] GC(4) Pause Mark End
[17,710s][info ][gc,phases      ] GC(4) Pause Mark End 0,060ms
[17,711s][debug][gc,phases,start] GC(4) Concurrent Mark Free
[17,711s][info ][gc,phases      ] GC(4) Concurrent Mark Free 0,068ms
[17,711s][debug][gc,phases,start] GC(4) Concurrent Process Non-Strong References
[17,711s][debug][gc,phases,start] GC(4) Concurrent References Process
[17,711s][debug][gc,task        ] GC(4) Executing Task: XReferenceProcessorTask, Active Workers: 1
[17,715s][debug][gc,phases      ] GC(4) Concurrent References Process 4,777ms
[17,715s][debug][gc,task        ] GC(4) Executing Task: XProcessWeakRootsTask, Active Workers: 1
[17,717s][debug][gc,phases,start] GC(4) Concurrent Classes Unlink
[17,717s][debug][gc,phases,start] GC(4) ClassLoaderData
[17,717s][debug][gc,phases      ] GC(4) ClassLoaderData 0,042ms
[17,717s][debug][gc,phases,start] GC(4) Trigger cleanups
[17,717s][debug][gc,phases      ] GC(4) Trigger cleanups 0,009ms
[17,717s][debug][gc,task        ] GC(4) Executing Task: XNMethodUnlinkTask, Active Workers: 1
[17,725s][debug][gc,phases      ] GC(4) Concurrent Classes Unlink 7,762ms
[17,725s][debug][gc,phases,start] GC(4) Concurrent Classes Purge
[17,725s][debug][gc,nmethod     ] GC(4) Unregister NMethod: net.openhft.chronicle.bytes.VanillaBytes.write0 (0x000070b0441e9410)
[17,725s][debug][gc,nmethod     ] GC(4) Unregister NMethod: java.nio.channels.spi.AbstractInterruptibleChannel.end (0x000070b0441dc590)
[17,725s][debug][gc,nmethod     ] GC(4) Unregister NMethod: java.util.ArrayList.forEach (0x000070b04401eb90)
[17,725s][debug][gc,nmethod     ] GC(4) Unregister NMethod: java.lang.invoke.DirectMethodHandle.allocateInstance (0x000070b043c05e90)
[17,725s][debug][gc,nmethod     ] GC(4) Unregister NMethod: io.sirix.index.path.summary.PathSummaryReader.getPathNode (0x000070b043f59f90)
[17,725s][debug][gc,nmethod     ] GC(4) Unregister NMethod: io.sirix.access.trx.page.NodePageTrx$$Lambda/0x000000003d33c650.accept (0x000070b04406e710)
[17,725s][debug][gc,nmethod     ] GC(4) Unregister NMethod: net.openhft.chronicle.bytes.NativeBytes.resizeHelper (0x000070b044073590)
[17,725s][debug][gc,nmethod     ] GC(4) Unregister NMethod: java.util.stream.AbstractPipeline.<init> (0x000070b043da0490)
[17,725s][debug][gc,nmethod     ] GC(4) Unregister NMethod: java.util.Spliterator.getExactSizeIfKnown (0x000070b043da2490)
[17,725s][debug][gc,nmethod     ] GC(4) Unregister NMethod: java.util.ArrayList.toArray (0x000070b043bcd390)
[17,725s][debug][gc,nmethod     ] GC(4) Unregister NMethod: java.util.concurrent.ConcurrentHashMap$EntrySpliterator.forEachRemaining (0x000070b0441a4210)
[17,725s][debug][gc,nmethod     ] GC(4) Unregister NMethod: net.jpountz.xxhash.StreamingXXHash32JNI.finalize (0x000070b043bc2390)
[17,726s][debug][gc,nmethod     ] GC(4) Unregister NMethod: com.google.common.hash.AbstractByteHasher.putBytes (0x000070b043b8e990)
[17,726s][debug][gc,nmethod     ] GC(4) Unregister NMethod: io.sirix.page.KeyValueLeafPage.getUsedByteSize (0x000070b043b96b90)
[17,726s][debug][gc,nmethod     ] GC(4) Unregister NMethod: io.sirix.access.trx.page.NodePageTrx.commit (0x000070b0441e3610)
[17,726s][debug][gc,nmethod     ] GC(4) Unregister NMethod: net.openhft.chronicle.bytes.Bytes.bytesForWrite (0x000070b0441b6290)
[17,726s][debug][gc,nmethod     ] GC(4) Unregister NMethod: java.util.stream.Sink.end (0x000070b043da3b90)
[17,726s][debug][gc,nmethod     ] GC(4) Unregister NMethod: java.lang.ref.Reference.clearInactiveFinalReference (0x000070b043d2d590)
[17,726s][debug][gc,nmethod     ] GC(4) Unregister NMethod: java.lang.invoke.LambdaForm$MH/0x000000003d000800.invoke (0x000070b043b80090)
[17,726s][debug][gc,nmethod     ] GC(4) Unregister NMethod: net.openhft.chronicle.bytes.AbstractBytes.canReadDirect (0x000070b0441e5990)
[17,726s][debug][gc,nmethod     ] GC(4) Unregister NMethod: io.sirix.io.filechannel.FileChannelWriter.write (0x000070b043cc7810)
[17,726s][debug][gc,nmethod     ] GC(4) Unregister NMethod: java.util.concurrent.ConcurrentHashMap$ValueIterator.<init> (0x000070b0441dfa10)
[17,726s][debug][gc,nmethod     ] GC(4) Unregister NMethod: java.util.Collection.stream (0x000070b043e5f590)
[17,726s][debug][gc,nmethod     ] GC(4) Unregister NMethod: java.lang.ref.Reference.getFromInactiveFinalReference (0x000070b043ae3c90)
[17,726s][debug][gc,nmethod     ] GC(4) Unregister NMethod: sun.nio.ch.FileChannelImpl.size (0x000070b0441dd090)
[17,726s][debug][gc,nmethod     ] GC(4) Unregister NMethod: net.jpountz.lz4.LZ4BlockOutputStream.close (0x000070b04406f390)
[17,726s][debug][gc,nmethod     ] GC(4) Unregister NMethod: io.sirix.page.SerializationType.readHash (0x000070b043ea3590)
[17,726s][debug][gc,nmethod     ] GC(4) Unregister NMethod: net.jpountz.lz4.LZ4BlockOutputStream.flushBufferedData (0x000070b043fc0f10)
[17,726s][debug][gc,nmethod     ] GC(4) Unregister NMethod: net.openhft.chronicle.bytes.internal.HeapBytesStore.<init> (0x000070b043a55190)
[17,726s][debug][gc,nmethod     ] GC(4) Unregister NMethod: io.sirix.access.trx.page.NodePageReadOnlyTrx.getPage (0x000070b043f8fc10)
[17,726s][debug][gc,nmethod     ] GC(4) Unregister NMethod: java.util.stream.AbstractPipeline.copyInto (0x000070b043da5290)
[17,726s][debug][gc,nmethod     ] GC(4) Unregister NMethod: io.sirix.page.SerializationType.writePageFragments (0x000070b04409b190)
[17,726s][debug][gc,nmethod     ] GC(4) Unregister NMethod: io.sirix.access.trx.page.NodePageTrx.lambda$parallelSerializationOfKeyValuePages$3 (0x000070b04406e090)
[17,726s][debug][gc,nmethod     ] GC(4) Unregister NMethod: it.unimi.dsi.fastutil.shorts.ShortArrayList$1.<init> (0x000070b04416e090)
[17,726s][debug][gc,nmethod     ] GC(4) Unregister NMethod: java.lang.ref.Finalizer.runFinalizer (0x000070b043fcb910)
[17,726s][debug][gc,nmethod     ] GC(4) Unregister NMethod: sun.nio.ch.IOUtil.acquireScope (0x000070b044201a90)
[17,726s][debug][gc,nmethod     ] GC(4) Unregister NMethod: net.openhft.chronicle.core.Maths.toInt32 (0x000070b044078d90)
[17,726s][debug][gc,nmethod     ] GC(4) Unregister NMethod: io.sirix.access.trx.page.NodePageReadOnlyTrx.getReferenceToLeafOfSubtree (0x000070b04424d690)
[17,726s][debug][gc,nmethod     ] GC(4) Unregister NMethod: io.sirix.access.trx.page.NodePageReadOnlyTrx.getRecordPage (0x000070b043f3a810)
[17,726s][debug][gc,nmethod     ] GC(4) Unregister NMethod: io.sirix.page.delegates.FullReferencesPage.getReferences (0x000070b04410a790)
[17,726s][debug][gc,nmethod     ] GC(4) Unregister NMethod: java.lang.ThreadLocal.getCarrierThreadLocal (0x000070b043b11990)
[17,726s][debug][gc,nmethod     ] GC(4) Unregister NMethod: java.util.stream.ReferencePipeline.makeNodeBuilder (0x000070b04419cd10)
[17,726s][debug][gc,nmethod     ] GC(4) Unregister NMethod: java.io.FilterOutputStream.close (0x000070b043f45110)
[17,726s][debug][gc,nmethod     ] GC(4) Unregister NMethod: io.sirix.access.trx.page.NodePageReadOnlyTrx.loadPage (0x000070b043f90b10)
[17,726s][debug][gc,nmethod     ] GC(4) Unregister NMethod: io.sirix.access.trx.page.NodePageTrx$IndexLogKeyToPageContainer.<init> (0x000070b0442ba610)
[17,726s][debug][gc,nmethod     ] GC(4) Unregister NMethod: io.sirix.access.trx.page.NodePageReadOnlyTrx.getLeafPageReference (0x000070b04424e610)
[17,726s][debug][gc,nmethod     ] GC(4) Unregister NMethod: java.lang.ref.Finalizer.register (0x000070b04401e090)
[17,726s][debug][gc,nmethod     ] GC(4) Unregister NMethod: net.jpountz.xxhash.StreamingXXHash32$1.update (0x000070b04401d490)
[17,726s][debug][gc,nmethod     ] GC(4) Unregister NMethod: sun.security.provider.SHA2$SHA256.clone (0x000070b0442d6690)
[17,726s][debug][gc,nmethod     ] GC(4) Unregister NMethod: net.openhft.chronicle.bytes.AbstractBytes.write (0x000070b043d19390)
[17,726s][debug][gc,nmethod     ] GC(4) Unregister NMethod: net.jpountz.xxhash.StreamingXXHash32$1.reset (0x000070b04401a390)
[17,726s][debug][gc,nmethod     ] GC(4) Unregister NMethod: io.sirix.page.delegates.ReferencesPage4.getOrCreateReference (0x000070b04416ff90)
[17,726s][debug][gc,nmethod     ] GC(4) Unregister NMethod: java.util.ArrayList.<init> (0x000070b044205010)
[17,726s][debug][gc,nmethod     ] GC(4) Unregister NMethod: com.google.common.hash.MessageDigestHashFunction.newHasher (0x000070b043f4e710)
[17,726s][debug][gc,nmethod     ] GC(4) Unregister NMethod: java.nio.MappedByteBuffer.position (0x000070b0441d1510)
[17,726s][debug][gc,nmethod     ] GC(4) Unregister NMethod: io.sirix.page.KeyValueLeafPage.getNumberOfNonNullEntries (0x000070b043f48e90)
[17,726s][debug][gc,nmethod     ] GC(4) Unregister NMethod: io.sirix.io.filechannel.FileChannelWriter.write (0x000070b0441e0a10)
[17,726s][debug][gc,nmethod     ] GC(4) Unregister NMethod: java.util.stream.SpinedBuffer.copyInto (0x000070b0441aba90)
[17,726s][debug][gc,nmethod     ] GC(4) Unregister NMethod: io.sirix.page.PagePersister.serializePage (0x000070b0441e1110)
[17,726s][debug][gc,nmethod     ] GC(4) Unregister NMethod: it.unimi.dsi.fastutil.shorts.AbstractShortList.ensureIndex (0x000070b04416e510)
[17,726s][debug][gc,nmethod     ] GC(4) Unregister NMethod: net.openhft.chronicle.bytes.VanillaBytes.read (0x000070b044266010)
[17,726s][debug][gc,nmethod     ] GC(4) Unregister NMethod: net.openhft.chronicle.bytes.Bytes.wrapForRead (0x000070b0441be090)
[17,726s][debug][gc,nmethod     ] GC(4) Unregister NMethod: io.sirix.access.trx.page.NodePageReadOnlyTrx.getRecord (0x000070b0441bb790)
[17,726s][debug][gc,nmethod     ] GC(4) Unregister NMethod: java.lang.ThreadLocal.get (0x000070b043b98110)
[17,726s][debug][gc,nmethod     ] GC(4) Unregister NMethod: net.jpountz.lz4.LZ4Factory.fastestInstance (0x000070b044079a90)
[17,726s][debug][gc,nmethod     ] GC(4) Unregister NMethod: java.util.ImmutableCollections$AbstractImmutableList.iterator (0x000070b044092910)
[17,726s][debug][gc,nmethod     ] GC(4) Unregister NMethod: net.openhft.chronicle.bytes.NativeBytes.checkResize (0x000070b043bd2d90)
[17,726s][debug][gc,nmethod     ] GC(4) Unregister NMethod: io.sirix.access.trx.page.NodePageTrx$$Lambda/0x000000003d32e968.apply (0x000070b04424c290)
[17,726s][debug][gc,nmethod     ] GC(4) Unregister NMethod: java.util.HashMap$HashIterator.hasNext (0x000070b043a3c110)
[17,726s][debug][gc,nmethod     ] GC(4) Unregister NMethod: java.util.stream.ReferencePipeline$3$1.accept (0x000070b043c0a310)
[17,726s][debug][gc,nmethod     ] GC(4) Unregister NMethod: java.util.stream.AbstractPipeline.<init> (0x000070b043d9c510)
[17,726s][debug][gc,nmethod     ] GC(4) Unregister NMethod: net.openhft.chronicle.bytes.internal.HeapBytesStore.write (0x000070b0441e3210)
[17,726s][debug][gc,nmethod     ] GC(4) Unregister NMethod: com.google.common.hash.MessageDigestHashFunction$MessageDigestHasher.hash (0x000070b043fb6a10)
[17,726s][debug][gc,nmethod     ] GC(4) Unregister NMethod: net.jpountz.xxhash.StreamingXXHash32JNI.update (0x000070b04401d910)
[17,726s][debug][gc,nmethod     ] GC(4) Unregister NMethod: com.google.common.base.Preconditions.checkPositionIndexes (0x000070b04408d510)
[17,726s][debug][gc,nmethod     ] GC(4) Unregister NMethod: net.openhft.chronicle.bytes.BytesStore.bytesForRead (0x000070b0442db790)
[17,726s][debug][gc,nmethod     ] GC(4) Unregister NMethod: net.jpountz.xxhash.StreamingXXHash32$1.getValue (0x000070b04401bc90)
[17,726s][debug][gc,nmethod     ] GC(4) Unregister NMethod: java.util.stream.ReferencePipeline.toList (0x000070b0442d5790)
[17,726s][debug][gc,nmethod     ] GC(4) Unregister NMethod: io.sirix.access.trx.page.NodePageTrx$$Lambda/0x000000003d33c1d0.apply (0x000070b04401ce90)
[17,726s][debug][gc,nmethod     ] GC(4) Unregister NMethod: io.sirix.io.filechannel.FileChannelWriter.writePageReference (0x000070b0441ee190)
[17,726s][debug][gc,nmethod     ] GC(4) Unregister NMethod: io.sirix.page.SerializationType.readPageFragments (0x000070b0441bfa90)
[17,726s][debug][gc,nmethod     ] GC(4) Unregister NMethod: net.openhft.chronicle.bytes.NativeBytes.resize (0x000070b0441c9a10)
[17,726s][debug][gc,nmethod     ] GC(4) Unregister NMethod: java.lang.ref.Finalizer.<init> (0x000070b044019a10)
[17,726s][debug][gc,nmethod     ] GC(4) Unregister NMethod: io.sirix.access.trx.page.NodePageReadOnlyTrx.getPathSummaryPage (0x000070b043a25090)
[17,726s][debug][gc,nmethod     ] GC(4) Unregister NMethod: net.jpountz.lz4.LZ4JNICompressor.compress (0x000070b044197990)
[17,726s][debug][gc,nmethod     ] GC(4) Unregister NMethod: java.util.concurrent.ConcurrentHashMap.values (0x000070b0441dfd90)
[17,726s][debug][gc,nmethod     ] GC(4) Unregister NMethod: net.openhft.chronicle.core.io.AbstractReferenceCounted.reserveTransfer (0x000070b04401ae10)
[17,726s][debug][gc,nmethod     ] GC(4) Unregister NMethod: io.sirix.page.KeyValueLeafPage.commit (0x000070b0441e7210)
[17,726s][debug][gc,nmethod     ] GC(4) Unregister NMethod: jdk.internal.misc.Unsafe.weakCompareAndSetInt (0x000070b043b41b10)
[17,726s][debug][gc,nmethod     ] GC(4) Unregister NMethod: java.util.concurrent.ConcurrentHashMap.entrySet (0x000070b04419a790)
[17,726s][debug][gc,nmethod     ] GC(4) Unregister NMethod: io.sirix.page.PageReference.<init> (0x000070b0442d0510)
[17,726s][debug][gc,nmethod     ] GC(4) Unregister NMethod: java.io.ByteArrayOutputStream.<init> (0x000070b043f39090)
[17,726s][debug][gc,nmethod     ] GC(4) Unregister NMethod: net.openhft.chronicle.bytes.AbstractBytes.readPosition (0x000070b044148f10)
[17,726s][debug][gc,nmethod     ] GC(4) Unregister NMethod: java.util.stream.AbstractPipeline.sourceSpliterator (0x000070b043da7a90)
[17,726s][debug][gc,nmethod     ] GC(4) Unregister NMethod: net.jpountz.lz4.LZ4BlockOutputStream.flush (0x000070b044091190)
[17,726s][debug][gc,nmethod     ] GC(4) Unregister NMethod: io.sirix.access.trx.page.NodePageTrx.lambda$getPageContainer$4 (0x000070b04424e990)
[17,726s][debug][gc,nmethod     ] GC(4) Unregister NMethod: net.openhft.chronicle.bytes.internal.BytesInternal.readStopBit (0x000070b044069810)
[17,726s][debug][gc,nmethod     ] GC(4) Unregister NMethod: net.openhft.chronicle.bytes.VanillaBytes.write (0x000070b0441e2210)
[17,727s][debug][gc,nmethod     ] GC(4) Unregister NMethod: io.sirix.io.bytepipe.ByteHandlerPipeline.serialize (0x000070b044027290)
[17,727s][debug][gc,nmethod     ] GC(4) Unregister NMethod: net.jpountz.util.SafeUtils.readIntLE (0x000070b043ffaf90)
[17,727s][debug][gc,nmethod     ] GC(4) Unregister NMethod: io.sirix.axis.pathsummary.AbstractAxis.hasNext (0x000070b044253c90)
[17,727s][debug][gc,nmethod     ] GC(4) Unregister NMethod: java.lang.StringBuilder.append (0x000070b0441fee90)
[17,727s][debug][gc,nmethod     ] GC(4) Unregister NMethod: net.jpountz.lz4.LZ4BlockOutputStream.write (0x000070b044199290)
[17,727s][debug][gc,nmethod     ] GC(4) Unregister NMethod: io.sirix.io.filechannel.FileChannelWriter.getOffset (0x000070b0441e2790)
[17,727s][debug][gc,nmethod     ] GC(4) Unregister NMethod: java.security.MessageDigest.update (0x000070b043f74890)
[17,727s][debug][gc,nmethod     ] GC(4) Unregister NMethod: java.security.MessageDigestSpi.clone (0x000070b0442da790)
[17,727s][debug][gc,nmethod     ] GC(4) Unregister NMethod: java.util.concurrent.ConcurrentHashMap$BaseIterator.<init> (0x000070b0441df590)
[17,727s][debug][gc,nmethod     ] GC(4) Unregister NMethod: net.openhft.chronicle.bytes.VanillaBytes.write (0x000070b0441e6310)
[17,727s][debug][gc,nmethod     ] GC(4) Unregister NMethod: io.sirix.access.trx.page.NodePageReadOnlyTrx.isMostRecentlyReadPathSummaryPage (0x000070b04424f290)
[17,727s][debug][gc,nmethod     ] GC(4) Unregister NMethod: io.sirix.access.trx.page.NodePageTrx$$Lambda/0x000000003d33c408.test (0x000070b04401c610)
[17,727s][debug][gc,nmethod     ] GC(4) Unregister NMethod: java.nio.MappedByteBuffer.flip (0x000070b044205d10)
[17,727s][debug][gc,nmethod     ] GC(4) Unregister NMethod: java.util.stream.StreamSupport.stream (0x000070b043da1c10)
[17,727s][debug][gc,nmethod     ] GC(4) Unregister NMethod: java.util.stream.ReferencePipeline.sorted (0x000070b0442d3f10)
[17,727s][debug][gc,nmethod     ] GC(4) Unregister NMethod: java.lang.Integer.numberOfLeadingZeros (0x000070b043af1110)
[17,727s][debug][gc,nmethod     ] GC(4) Unregister NMethod: io.sirix.page.NamePage.getName (0x000070b044254490)
[17,727s][debug][gc,nmethod     ] GC(4) Unregister NMethod: java.util.Arrays.copyOf (0x000070b043ad6b10)
[17,727s][debug][gc,nmethod     ] GC(4) Unregister NMethod: net.openhft.chronicle.bytes.AbstractBytes.read (0x000070b044264c90)
[17,727s][debug][gc,nmethod     ] GC(4) Unregister NMethod: io.sirix.page.KeyValueLeafPage.getNumberOfNonNullEntries (0x000070b043a76b10)
[17,727s][debug][gc,nmethod     ] GC(4) Unregister NMethod: java.util.concurrent.ConcurrentHashMap$ValuesView.iterator (0x000070b0441e0410)
[17,727s][debug][gc,nmethod     ] GC(4) Unregister NMethod: java.lang.Long.valueOf (0x000070b043f75b90)
[17,727s][debug][gc,nmethod     ] GC(4) Unregister NMethod: java.lang.ref.NativeReferenceQueue.remove (0x000070b043a77a90)
[17,727s][debug][gc,nmethod     ] GC(4) Unregister NMethod: java.util.stream.AbstractPipeline.evaluate (0x000070b0442d2910)
[17,727s][debug][gc,nmethod     ] GC(4) Unregister NMethod: java.util.stream.AbstractPipeline.wrapSink (0x000070b043da4810)
[17,727s][debug][gc,nmethod     ] GC(4) Unregister NMethod: java.lang.String.getBytes (0x000070b043f8ab90)
[17,727s][debug][gc,phases      ] GC(4) Concurrent Classes Purge 1,553ms
[17,727s][debug][gc,phases,start] GC(4) Concurrent References Enqueue
[17,727s][debug][gc,phases      ] GC(4) Concurrent References Enqueue 0,013ms
[17,727s][info ][gc,phases      ] GC(4) Concurrent Process Non-Strong References 16,305ms
[17,727s][debug][gc,phases,start] GC(4) Concurrent Reset Relocation Set
[17,727s][info ][gc,phases      ] GC(4) Concurrent Reset Relocation Set 0,042ms
[17,727s][debug][gc,phases,start] GC(4) Concurrent Select Relocation Set
[17,729s][debug][gc,task        ] GC(4) Executing Task: XRelocationSetInstallTask, Active Workers: 1
[17,730s][info ][gc,phases      ] GC(4) Concurrent Select Relocation Set 2,846ms
[17,731s][debug][gc,phases,start] GC(4) Pause Relocate Start
[17,731s][info ][gc,phases      ] GC(4) Pause Relocate Start 0,046ms
[17,731s][debug][gc,phases,start] GC(4) Concurrent Relocate
[17,731s][debug][gc,task        ] GC(4) Executing Task: XRelocateTask, Active Workers: 1
[17,743s][info ][gc,phases      ] GC(4) Concurrent Relocate 12,019ms
[17,743s][debug][gc,heap        ] GC(4) Heap after GC invocations=5 (full 5):
[17,743s][debug][gc,heap        ] GC(4)  ZHeap           used 582M, capacity 9982M, max capacity 12288M
[17,743s][debug][gc,heap        ] GC(4)  Metaspace       used 31216K, committed 31616K, reserved 1114112K
[17,743s][debug][gc,heap        ] GC(4)   class space    used 3443K, committed 3648K, reserved 1048576K
[17,743s][info ][gc,load        ] GC(4) Load: 4,15/5,57/3,25
[17,743s][info ][gc,mmu         ] GC(4) MMU: 2ms/90,4%, 5ms/96,2%, 10ms/98,1%, 20ms/99,0%, 50ms/99,6%, 100ms/99,8%
[17,743s][info ][gc,marking     ] GC(4) Mark: 1 stripe(s), 2 proactive flush(es), 1 terminate flush(es), 0 completion(s), 0 continuation(s) 
[17,743s][info ][gc,marking     ] GC(4) Mark Stack Usage: 32M
[17,743s][info ][gc,nmethod     ] GC(4) NMethods: 3580 registered, 1146 unregistered
[17,743s][info ][gc,metaspace   ] GC(4) Metaspace: 30M used, 30M committed, 1088M reserved
[17,743s][info ][gc,ref         ] GC(4) Soft: 3931 encountered, 0 discovered, 0 enqueued
[17,743s][info ][gc,ref         ] GC(4) Weak: 1929 encountered, 121 discovered, 0 enqueued
[17,743s][info ][gc,ref         ] GC(4) Final: 12528 encountered, 12528 discovered, 12528 enqueued
[17,743s][info ][gc,ref         ] GC(4) Phantom: 571 encountered, 424 discovered, 174 enqueued
[17,743s][info ][gc,reloc       ] GC(4) Small Pages: 4863 / 9726M, Empty: 4124M, Relocated: 5M, In-Place: 0
[17,743s][info ][gc,reloc       ] GC(4) Medium Pages: 1 / 32M, Empty: 0M, Relocated: 0M, In-Place: 0
[17,743s][info ][gc,reloc       ] GC(4) Large Pages: 0 / 0M, Empty: 0M, Relocated: 0M, In-Place: 0
[17,743s][info ][gc,reloc       ] GC(4) Forwarding Usage: 2M
[17,744s][info ][gc,heap        ] GC(4) Min Capacity: 5120M(42%)
[17,744s][info ][gc,heap        ] GC(4) Max Capacity: 12288M(100%)
[17,744s][info ][gc,heap        ] GC(4) Soft Max Capacity: 12288M(100%)
[17,744s][info ][gc,heap        ] GC(4)                Mark Start          Mark End        Relocate Start      Relocate End           High               Low         
[17,744s][info ][gc,heap        ] GC(4)  Capacity:     9758M (79%)        9972M (81%)        9982M (81%)        9982M (81%)        9982M (81%)        9758M (79%)    
[17,744s][info ][gc,heap        ] GC(4)      Free:     2530M (21%)        2316M (19%)        6428M (52%)       11706M (95%)       11706M (95%)        2306M (19%)    
[17,744s][info ][gc,heap        ] GC(4)      Used:     9758M (79%)        9972M (81%)        5860M (48%)         582M (5%)         9982M (81%)         582M (5%)     
[17,744s][info ][gc,heap        ] GC(4)      Live:         -               232M (2%)          232M (2%)          232M (2%)             -                  -          
[17,744s][info ][gc,heap        ] GC(4) Allocated:         -               214M (2%)          226M (2%)          247M (2%)             -                  -          
[17,744s][info ][gc,heap        ] GC(4)   Garbage:         -              9525M (78%)        5401M (44%)         102M (1%)             -                  -          
[17,744s][info ][gc,heap        ] GC(4) Reclaimed:         -                  -              4124M (34%)        9423M (77%)            -                  -          
[17,744s][info ][gc             ] GC(4) Garbage Collection (Allocation Rate) 9758M(79%)->582M(5%)
[17,782s][debug][gc,alloc       ] Allocation Rate: 594,0MB/s, Predicted: 663,2MB/s, Avg: 1054,0(+/-232,9)MB/s
[17,782s][debug][gc,director    ] Select GC Workers (Unsteady), AvoidLongGCWorkers: 0,102, AvoidOOMGCWorkers: 0,197, LastGCWorkers: 1,000, HalfGCWorkers: 2,500, GCWorkers: 2,500
[17,782s][debug][gc,director    ] Rule: Allocation Rate (Dynamic GC Workers), MaxAllocRate: 1820,2MB/s (+/-22,1%), Free: 11622MB, GCCPUTime: 1,062, GCDuration: 0,382s, TimeUntilOOM: 5,230s, TimeUntilGC: 4,748s, GCWorkers: 1 -> 3
[17,782s][debug][gc,heap        ] GC(5) Heap before GC invocations=5 (full 5):
[17,782s][debug][gc,heap        ] GC(5)  ZHeap           used 624M, capacity 9982M, max capacity 12288M
[17,782s][debug][gc,heap        ] GC(5)  Metaspace       used 31216K, committed 31616K, reserved 1114112K
[17,782s][debug][gc,heap        ] GC(5)   class space    used 3443K, committed 3648K, reserved 1048576K
[17,782s][info ][gc,start       ] GC(5) Garbage Collection (Allocation Rate)
[17,782s][info ][gc,task        ] GC(5) Using 3 workers
[17,782s][debug][gc,phases,start] GC(5) Pause Mark Start
[17,782s][debug][gc,marking     ] GC(5) Using 2 mark stripes
[17,782s][debug][gc,marking     ] GC(5) Mark Worker/Stripe Distribution
[17,782s][debug][gc,marking     ] GC(5)   Worker 0(3) -> Stripe 0(2)
[17,782s][debug][gc,marking     ] GC(5)   Worker 1(3) -> Stripe 1(2)
[17,782s][debug][gc,marking     ] GC(5)   Worker 2(3) -> Stripe 0(2)
[17,782s][info ][gc,phases      ] GC(5) Pause Mark Start 0,154ms
[17,783s][debug][gc,phases,start] GC(5) Concurrent Mark
[17,783s][debug][gc,task        ] GC(5) Executing Task: XMarkRootsTask, Active Workers: 3
[17,784s][debug][gc,tlab        ] GC(5) TLAB totals: thrds: 1  refills: 1123 max: 1123 slow allocs: 0 max 0 waste:  0,4% gc: 3976B max: 3976B slow: 1071120B max: 1071120B
[17,784s][debug][gc,task        ] GC(5) Executing Task: XMarkTask, Active Workers: 3
[17,882s][debug][gc,alloc       ] Allocation Rate: 666,0MB/s, Predicted: 563,5MB/s, Avg: 994,4(+/-247,8)MB/s
[17,983s][debug][gc,alloc       ] Allocation Rate: 1294,0MB/s, Predicted: 741,3MB/s, Avg: 1002,6(+/-256,1)MB/s
[17,998s][info ][gc,phases      ] GC(5) Concurrent Mark 215,706ms
[17,999s][debug][gc,phases,start] GC(5) Pause Mark End
[17,999s][info ][gc,phases      ] GC(5) Pause Mark End 0,029ms
[17,999s][debug][gc,phases,start] GC(5) Concurrent Mark Free
[17,999s][info ][gc,phases      ] GC(5) Concurrent Mark Free 0,015ms
[17,999s][debug][gc,phases,start] GC(5) Concurrent Process Non-Strong References
[17,999s][debug][gc,phases,start] GC(5) Concurrent References Process
[17,999s][debug][gc,task        ] GC(5) Executing Task: XReferenceProcessorTask, Active Workers: 3
[17,999s][debug][gc,phases      ] GC(5) Concurrent References Process 0,120ms
[17,999s][debug][gc,task        ] GC(5) Executing Task: XProcessWeakRootsTask, Active Workers: 3
[18,001s][debug][gc,phases,start] GC(5) Concurrent Classes Unlink
[18,001s][debug][gc,phases,start] GC(5) ClassLoaderData
[18,001s][debug][gc,phases      ] GC(5) ClassLoaderData 0,045ms
[18,001s][debug][gc,phases,start] GC(5) Trigger cleanups
[18,001s][debug][gc,phases      ] GC(5) Trigger cleanups 0,013ms
[18,001s][debug][gc,task        ] GC(5) Executing Task: XNMethodUnlinkTask, Active Workers: 3
[18,004s][debug][gc,phases      ] GC(5) Concurrent Classes Unlink 3,339ms
[18,005s][debug][gc,phases,start] GC(5) Concurrent Classes Purge
[18,005s][debug][gc,nmethod     ] GC(5) Unregister NMethod: java.lang.ref.ReferenceQueue.poll0 (0x000070b043a26090)
[18,005s][debug][gc,nmethod     ] GC(5) Unregister NMethod: net.jpountz.xxhash.StreamingXXHash32JNI.finalize (0x000070b043a17790)
[18,005s][debug][gc,nmethod     ] GC(5) Unregister NMethod: java.lang.ref.Finalizer.runFinalizer (0x000070b043a6cb10)
[18,005s][debug][gc,nmethod     ] GC(5) Unregister NMethod: java.lang.ref.Reference.enqueueFromPending (0x000070b043a33b10)
[18,005s][debug][gc,nmethod     ] GC(5) Unregister NMethod: java.lang.ref.Reference.clearInactiveFinalReference (0x000070b043b10e90)
[18,005s][debug][gc,nmethod     ] GC(5) Unregister NMethod: java.lang.ref.NativeReferenceQueue.signal (0x000070b043a08110)
[18,005s][debug][gc,nmethod     ] GC(5) Unregister NMethod: java.lang.ref.ReferenceQueue.enqueue0 (0x000070b043a54110)
[18,005s][debug][gc,nmethod     ] GC(5) Unregister NMethod: java.lang.ref.NativeReferenceQueue.enqueue (0x000070b043aaab90)
[18,005s][debug][gc,nmethod     ] GC(5) Unregister NMethod: java.lang.ref.Reference.getFromInactiveFinalReference (0x000070b043a12090)
[18,005s][debug][gc,phases      ] GC(5) Concurrent Classes Purge 0,224ms
[18,005s][debug][gc,phases,start] GC(5) Concurrent References Enqueue
[18,005s][debug][gc,phases      ] GC(5) Concurrent References Enqueue 0,016ms
[18,005s][info ][gc,phases      ] GC(5) Concurrent Process Non-Strong References 6,451ms
[18,005s][debug][gc,phases,start] GC(5) Concurrent Reset Relocation Set
[18,005s][info ][gc,phases      ] GC(5) Concurrent Reset Relocation Set 0,128ms
[18,005s][debug][gc,phases,start] GC(5) Concurrent Select Relocation Set
[18,008s][debug][gc,task        ] GC(5) Executing Task: XRelocationSetInstallTask, Active Workers: 3
[18,008s][info ][gc,phases      ] GC(5) Concurrent Select Relocation Set 2,415ms
[18,008s][debug][gc,jni         ] Setting _needs_gc. Thread "VM Thread" 1 locked.
[18,008s][debug][gc,jni         ] Performing GC after exiting critical section. Thread "ForkJoinPool.commonPool-worker-11" 0 locked.
[18,008s][debug][gc             ] GC(5) GC Locker Stall (XDriver) 0,005ms
[18,008s][debug][gc,phases,start] GC(5) Pause Relocate Start
[18,008s][info ][gc,phases      ] GC(5) Pause Relocate Start 0,033ms
[18,008s][debug][gc,phases,start] GC(5) Concurrent Relocate
[18,008s][debug][gc,task        ] GC(5) Executing Task: XRelocateTask, Active Workers: 3
[18,009s][info ][gc,phases      ] GC(5) Concurrent Relocate 0,707ms
[18,009s][debug][gc,heap        ] GC(5) Heap after GC invocations=6 (full 6):
[18,009s][debug][gc,heap        ] GC(5)  ZHeap           used 1618M, capacity 9982M, max capacity 12288M
[18,009s][debug][gc,heap        ] GC(5)  Metaspace       used 31216K, committed 31616K, reserved 1114112K
[18,009s][debug][gc,heap        ] GC(5)   class space    used 3443K, committed 3648K, reserved 1048576K
[18,009s][info ][gc,load        ] GC(5) Load: 4,15/5,57/3,25
[18,009s][info ][gc,mmu         ] GC(5) MMU: 2ms/90,4%, 5ms/96,2%, 10ms/98,1%, 20ms/99,0%, 50ms/99,6%, 100ms/99,7%
[18,009s][info ][gc,marking     ] GC(5) Mark: 2 stripe(s), 2 proactive flush(es), 1 terminate flush(es), 0 completion(s), 0 continuation(s) 
[18,009s][info ][gc,marking     ] GC(5) Mark Stack Usage: 32M
[18,009s][info ][gc,nmethod     ] GC(5) NMethods: 3582 registered, 1155 unregistered
[18,009s][info ][gc,metaspace   ] GC(5) Metaspace: 30M used, 30M committed, 1088M reserved
[18,009s][info ][gc,ref         ] GC(5) Soft: 3931 encountered, 0 discovered, 0 enqueued
[18,009s][info ][gc,ref         ] GC(5) Weak: 1929 encountered, 116 discovered, 0 enqueued
[18,009s][info ][gc,ref         ] GC(5) Final: 0 encountered, 0 discovered, 0 enqueued
[18,009s][info ][gc,ref         ] GC(5) Phantom: 397 encountered, 249 discovered, 0 enqueued
[18,009s][info ][gc,reloc       ] GC(5) Small Pages: 296 / 592M, Empty: 2M, Relocated: 1M, In-Place: 0
[18,009s][info ][gc,reloc       ] GC(5) Medium Pages: 1 / 32M, Empty: 0M, Relocated: 0M, In-Place: 0
[18,009s][info ][gc,reloc       ] GC(5) Large Pages: 0 / 0M, Empty: 0M, Relocated: 0M, In-Place: 0
[18,009s][info ][gc,reloc       ] GC(5) Forwarding Usage: 0M
[18,009s][info ][gc,heap        ] GC(5) Min Capacity: 5120M(42%)
[18,009s][info ][gc,heap        ] GC(5) Max Capacity: 12288M(100%)
[18,009s][info ][gc,heap        ] GC(5) Soft Max Capacity: 12288M(100%)
[18,009s][info ][gc,heap        ] GC(5)                Mark Start          Mark End        Relocate Start      Relocate End           High               Low         
[18,010s][info ][gc,heap        ] GC(5)  Capacity:     9982M (81%)        9982M (81%)        9982M (81%)        9982M (81%)        9982M (81%)        9982M (81%)    
[18,010s][info ][gc,heap        ] GC(5)      Free:    11664M (95%)       10750M (87%)       10666M (87%)       10670M (87%)       11664M (95%)       10664M (87%)    
[18,010s][info ][gc,heap        ] GC(5)      Used:      624M (5%)         1538M (13%)        1622M (13%)        1618M (13%)        1624M (13%)         624M (5%)     
[18,010s][info ][gc,heap        ] GC(5)      Live:         -               443M (4%)          443M (4%)          443M (4%)             -                  -          
[18,010s][info ][gc,heap        ] GC(5) Allocated:         -               914M (7%)         1000M (8%)         1001M (8%)             -                  -          
[18,010s][info ][gc,heap        ] GC(5)   Garbage:         -               180M (1%)          178M (1%)          172M (1%)             -                  -          
[18,010s][info ][gc,heap        ] GC(5) Reclaimed:         -                  -                 2M (0%)            7M (0%)             -                  -          
[18,010s][info ][gc             ] GC(5) Garbage Collection (Allocation Rate) 624M(5%)->1618M(13%)
[18,082s][debug][gc,alloc       ] Allocation Rate: 1504,0MB/s, Predicted: 997,2MB/s, Avg: 1032,0(+/-292,5)MB/s
[18,082s][debug][gc,director    ] Select GC Workers (Unsteady), AvoidLongGCWorkers: 0,105, AvoidOOMGCWorkers: 0,253, LastGCWorkers: 3,000, HalfGCWorkers: 2,500, GCWorkers: 3,000
[18,082s][debug][gc,director    ] Rule: Allocation Rate (Dynamic GC Workers), MaxAllocRate: 1994,4MB/s (+/-28,3%), Free: 10620MB, GCCPUTime: 1,068, GCDuration: 0,374s, TimeUntilOOM: 4,149s, TimeUntilGC: 3,675s, GCWorkers: 3 -> 3
[18,082s][debug][gc,director    ] Rule: High Usage, Free: 10620MB(86,4%)
[18,082s][debug][gc,director    ] Rule: Proactive, UsedUntilEnabled: 1220MB, TimeUntilEnabled: 299,927s
[18,182s][debug][gc,alloc       ] Allocation Rate: 1450,0MB/s, Predicted: 1210,8MB/s, Avg: 1056,4(+/-315,3)MB/s
[18,182s][debug][gc,director    ] Select GC Workers (Unsteady), AvoidLongGCWorkers: 0,105, AvoidOOMGCWorkers: 0,289, LastGCWorkers: 3,000, HalfGCWorkers: 2,500, GCWorkers: 3,000
[18,182s][debug][gc,director    ] Rule: Allocation Rate (Dynamic GC Workers), MaxAllocRate: 2248,2MB/s (+/-29,8%), Free: 10606MB, GCCPUTime: 1,068, GCDuration: 0,374s, TimeUntilOOM: 3,633s, TimeUntilGC: 3,160s, GCWorkers: 3 -> 3
[18,182s][debug][gc,director    ] Rule: High Usage, Free: 10606MB(86,3%)
[18,182s][debug][gc,director    ] Rule: Proactive, UsedUntilEnabled: 1206MB, TimeUntilEnabled: 299,827s
[18,282s][debug][gc,alloc       ] Allocation Rate: 1482,0MB/s, Predicted: 1419,9MB/s, Avg: 1084,4(+/-338,5)MB/s
[18,282s][debug][gc,director    ] Select GC Workers (Unsteady), AvoidLongGCWorkers: 0,105, AvoidOOMGCWorkers: 0,333, LastGCWorkers: 3,000, HalfGCWorkers: 2,500, GCWorkers: 3,000
[18,282s][debug][gc,director    ] Rule: Allocation Rate (Dynamic GC Workers), MaxAllocRate: 2533,8MB/s (+/-31,2%), Free: 10508MB, GCCPUTime: 1,068, GCDuration: 0,374s, TimeUntilOOM: 3,160s, TimeUntilGC: 2,687s, GCWorkers: 3 -> 3
[18,282s][debug][gc,director    ] Rule: High Usage, Free: 10508MB(85,5%)
[18,282s][debug][gc,director    ] Rule: Proactive, UsedUntilEnabled: 1108MB, TimeUntilEnabled: 299,727s
[18,381s][debug][gc,alloc       ] Allocation Rate: 1538,0MB/s, Predicted: 1632,1MB/s, Avg: 1118,2(+/-364,3)MB/s
[18,381s][debug][gc,director    ] Select GC Workers (Unsteady), AvoidLongGCWorkers: 0,105, AvoidOOMGCWorkers: 0,380, LastGCWorkers: 3,000, HalfGCWorkers: 2,500, GCWorkers: 3,000
[18,381s][debug][gc,director    ] Rule: Allocation Rate (Dynamic GC Workers), MaxAllocRate: 2830,8MB/s (+/-32,6%), Free: 10384MB, GCCPUTime: 1,068, GCDuration: 0,374s, TimeUntilOOM: 2,767s, TimeUntilGC: 2,293s, GCWorkers: 3 -> 3
[18,381s][debug][gc,director    ] Rule: High Usage, Free: 10384MB(84,5%)
[18,382s][debug][gc,director    ] Rule: Proactive, UsedUntilEnabled: 984MB, TimeUntilEnabled: 299,628s
[18,482s][debug][gc,alloc       ] Allocation Rate: 1596,0MB/s, Predicted: 1816,3MB/s, Avg: 1168,6(+/-391,1)MB/s
[18,482s][debug][gc,director    ] Select GC Workers (Unsteady), AvoidLongGCWorkers: 0,105, AvoidOOMGCWorkers: 0,425, LastGCWorkers: 3,000, HalfGCWorkers: 2,500, GCWorkers: 3,000
[18,482s][debug][gc,director    ] Rule: Allocation Rate (Dynamic GC Workers), MaxAllocRate: 3103,0MB/s (+/-33,5%), Free: 10260MB, GCCPUTime: 1,068, GCDuration: 0,374s, TimeUntilOOM: 2,477s, TimeUntilGC: 2,004s, GCWorkers: 3 -> 3
[18,482s][debug][gc,director    ] Rule: High Usage, Free: 10260MB(83,5%)
[18,482s][debug][gc,director    ] Rule: Proactive, UsedUntilEnabled: 860MB, TimeUntilEnabled: 299,527s
[18,582s][debug][gc,alloc       ] Allocation Rate: 1652,0MB/s, Predicted: 1933,7MB/s, Avg: 1245,4(+/-402,9)MB/s
[18,582s][debug][gc,director    ] Select GC Workers (Unsteady), AvoidLongGCWorkers: 0,105, AvoidOOMGCWorkers: 0,448, LastGCWorkers: 3,000, HalfGCWorkers: 2,500, GCWorkers: 3,000
[18,582s][debug][gc,director    ] Rule: Allocation Rate (Dynamic GC Workers), MaxAllocRate: 3259,3MB/s (+/-32,3%), Free: 10138MB, GCCPUTime: 1,068, GCDuration: 0,374s, TimeUntilOOM: 2,350s, TimeUntilGC: 1,877s, GCWorkers: 3 -> 3
[18,582s][debug][gc,director    ] Rule: High Usage, Free: 10138MB(82,5%)
[18,582s][debug][gc,director    ] Rule: Proactive, UsedUntilEnabled: 738MB, TimeUntilEnabled: 299,427s
[18,682s][debug][gc,alloc       ] Allocation Rate: 1708,0MB/s, Predicted: 1967,5MB/s, Avg: 1348,4(+/-375,3)MB/s
[18,682s][debug][gc,director    ] Select GC Workers (Unsteady), AvoidLongGCWorkers: 0,105, AvoidOOMGCWorkers: 0,431, LastGCWorkers: 3,000, HalfGCWorkers: 2,500, GCWorkers: 3,000
[18,682s][debug][gc,director    ] Rule: Allocation Rate (Dynamic GC Workers), MaxAllocRate: 3202,6MB/s (+/-27,8%), Free: 10018MB, GCCPUTime: 1,068, GCDuration: 0,374s, TimeUntilOOM: 2,447s, TimeUntilGC: 1,973s, GCWorkers: 3 -> 3
[18,682s][debug][gc,director    ] Rule: High Usage, Free: 10018MB(81,5%)
[18,682s][debug][gc,director    ] Rule: Proactive, UsedUntilEnabled: 618MB, TimeUntilEnabled: 299,327s
[18,784s][debug][gc,alloc       ] Allocation Rate: 2130,0MB/s, Predicted: 2078,9MB/s, Avg: 1502,0(+/-348,5)MB/s
[18,784s][debug][gc,director    ] Select GC Workers (Unsteady), AvoidLongGCWorkers: 0,105, AvoidOOMGCWorkers: 0,441, LastGCWorkers: 3,000, HalfGCWorkers: 2,500, GCWorkers: 3,000
[18,784s][debug][gc,director    ] Rule: Allocation Rate (Dynamic GC Workers), MaxAllocRate: 3225,8MB/s (+/-23,2%), Free: 9494MB, GCCPUTime: 1,068, GCDuration: 0,374s, TimeUntilOOM: 2,389s, TimeUntilGC: 1,915s, GCWorkers: 3 -> 3
[18,784s][debug][gc,director    ] Rule: High Usage, Free: 9494MB(77,3%)
[18,784s][debug][gc,director    ] Rule: Proactive, UsedUntilEnabled: 94MB, TimeUntilEnabled: 299,225s
[18,882s][debug][gc,alloc       ] Allocation Rate: 2492,0MB/s, Predicted: 2252,0MB/s, Avg: 1684,6(+/-341,0)MB/s
[18,882s][debug][gc,director    ] Select GC Workers (Unsteady), AvoidLongGCWorkers: 0,105, AvoidOOMGCWorkers: 0,472, LastGCWorkers: 3,000, HalfGCWorkers: 2,500, GCWorkers: 3,000
[18,882s][debug][gc,director    ] Rule: Allocation Rate (Dynamic GC Workers), MaxAllocRate: 3373,9MB/s (+/-20,2%), Free: 9056MB, GCCPUTime: 1,068, GCDuration: 0,374s, TimeUntilOOM: 2,232s, TimeUntilGC: 1,759s, GCWorkers: 3 -> 3
[18,882s][debug][gc,director    ] Rule: High Usage, Free: 9056MB(73,7%)
[18,882s][debug][gc,director    ] Rule: Proactive, AcceptableGCInterval: 11,492s, TimeSinceLastGC: 0,873s, TimeUntilGC: 10,619s
[18,982s][debug][gc,alloc       ] Allocation Rate: 1856,0MB/s, Predicted: 2216,4MB/s, Avg: 1740,8(+/-317,4)MB/s
[18,982s][debug][gc,director    ] Select GC Workers (Unsteady), AvoidLongGCWorkers: 0,105, AvoidOOMGCWorkers: 0,449, LastGCWorkers: 3,000, HalfGCWorkers: 2,500, GCWorkers: 3,000
[18,982s][debug][gc,director    ] Rule: Allocation Rate (Dynamic GC Workers), MaxAllocRate: 3261,0MB/s (+/-18,2%), Free: 9042MB, GCCPUTime: 1,068, GCDuration: 0,374s, TimeUntilOOM: 2,345s, TimeUntilGC: 1,872s, GCWorkers: 3 -> 3
[18,982s][debug][gc,director    ] Rule: High Usage, Free: 9042MB(73,6%)
[18,982s][debug][gc,director    ] Rule: Proactive, AcceptableGCInterval: 11,492s, TimeSinceLastGC: 0,973s, TimeUntilGC: 10,519s
[19,081s][debug][gc,alloc       ] Allocation Rate: 1688,0MB/s, Predicted: 2132,1MB/s, Avg: 1759,2(+/-308,4)MB/s
[19,081s][debug][gc,director    ] Select GC Workers (Unsteady), AvoidLongGCWorkers: 0,105, AvoidOOMGCWorkers: 0,436, LastGCWorkers: 3,000, HalfGCWorkers: 2,500, GCWorkers: 3,000
[19,081s][debug][gc,director    ] Rule: Allocation Rate (Dynamic GC Workers), MaxAllocRate: 3146,9MB/s (+/-17,5%), Free: 8932MB, GCCPUTime: 1,068, GCDuration: 0,374s, TimeUntilOOM: 2,415s, TimeUntilGC: 1,941s, GCWorkers: 3 -> 3
[19,081s][debug][gc,director    ] Rule: High Usage, Free: 8932MB(72,7%)
[19,081s][debug][gc,director    ] Rule: Proactive, AcceptableGCInterval: 11,492s, TimeSinceLastGC: 1,072s, TimeUntilGC: 10,420s
[19,181s][debug][gc,alloc       ] Allocation Rate: 1796,0MB/s, Predicted: 2064,4MB/s, Avg: 1793,8(+/-290,7)MB/s
[19,182s][debug][gc,director    ] Select GC Workers (Unsteady), AvoidLongGCWorkers: 0,105, AvoidOOMGCWorkers: 0,420, LastGCWorkers: 3,000, HalfGCWorkers: 2,500, GCWorkers: 3,000
[19,182s][debug][gc,director    ] Rule: Allocation Rate (Dynamic GC Workers), MaxAllocRate: 3020,8MB/s (+/-16,2%), Free: 8810MB, GCCPUTime: 1,068, GCDuration: 0,374s, TimeUntilOOM: 2,510s, TimeUntilGC: 2,036s, GCWorkers: 3 -> 3
[19,182s][debug][gc,director    ] Rule: High Usage, Free: 8810MB(71,7%)
[19,182s][debug][gc,director    ] Rule: Proactive, AcceptableGCInterval: 11,492s, TimeSinceLastGC: 1,172s, TimeUntilGC: 10,319s
[19,282s][debug][gc,alloc       ] Allocation Rate: 1820,0MB/s, Predicted: 1991,7MB/s, Avg: 1827,6(+/-271,5)MB/s
[19,282s][debug][gc,director    ] Select GC Workers (Try Lowering), AvoidLongGCWorkers: 0,105, AvoidOOMGCWorkers: 0,402, NextAvoidOOMGCWorkers: 0,339, LastGCWorkers: 3,000, GCWorkers: 1,000
[19,282s][debug][gc,director    ] Rule: Allocation Rate (Dynamic GC Workers), MaxAllocRate: 2885,0MB/s (+/-14,9%), Free: 8688MB, GCCPUTime: 1,068, GCDuration: 1,068s, TimeUntilOOM: 2,622s, TimeUntilGC: 1,454s, GCWorkers: 3 -> 1
[19,282s][debug][gc,director    ] Rule: High Usage, Free: 8688MB(70,7%)
[19,282s][debug][gc,director    ] Rule: Proactive, AcceptableGCInterval: 11,492s, TimeSinceLastGC: 1,273s, TimeUntilGC: 10,219s
[19,382s][debug][gc,alloc       ] Allocation Rate: 1820,0MB/s, Predicted: 1911,5MB/s, Avg: 1855,8(+/-254,0)MB/s
[19,382s][debug][gc,director    ] Select GC Workers (Try Lowering), AvoidLongGCWorkers: 0,105, AvoidOOMGCWorkers: 0,384, NextAvoidOOMGCWorkers: 0,316, LastGCWorkers: 3,000, GCWorkers: 1,000
[19,382s][debug][gc,director    ] Rule: Allocation Rate (Dynamic GC Workers), MaxAllocRate: 2747,2MB/s (+/-13,7%), Free: 8564MB, GCCPUTime: 1,068, GCDuration: 1,068s, TimeUntilOOM: 2,742s, TimeUntilGC: 1,574s, GCWorkers: 3 -> 1
[19,382s][debug][gc,director    ] Rule: High Usage, Free: 8564MB(69,7%)
[19,382s][debug][gc,director    ] Rule: Proactive, AcceptableGCInterval: 11,492s, TimeSinceLastGC: 1,373s, TimeUntilGC: 10,119s
[19,481s][debug][gc,alloc       ] Allocation Rate: 1818,0MB/s, Predicted: 1827,1MB/s, Avg: 1878,0(+/-239,6)MB/s
[19,481s][debug][gc,director    ] Select GC Workers (Try Lowering), AvoidLongGCWorkers: 0,105, AvoidOOMGCWorkers: 0,375, NextAvoidOOMGCWorkers: 0,301, LastGCWorkers: 3,000, GCWorkers: 1,000
[19,481s][debug][gc,director    ] Rule: Allocation Rate (Dynamic GC Workers), MaxAllocRate: 2666,4MB/s (+/-12,8%), Free: 8442MB, GCCPUTime: 1,068, GCDuration: 1,068s, TimeUntilOOM: 2,808s, TimeUntilGC: 1,639s, GCWorkers: 3 -> 1
[19,481s][debug][gc,director    ] Rule: High Usage, Free: 8442MB(68,7%)
[19,481s][debug][gc,director    ] Rule: Proactive, AcceptableGCInterval: 11,492s, TimeSinceLastGC: 1,472s, TimeUntilGC: 10,019s
[19,582s][debug][gc,alloc       ] Allocation Rate: 2316,0MB/s, Predicted: 1942,0MB/s, Avg: 1944,4(+/-259,0)MB/s
[19,582s][debug][gc,director    ] Select GC Workers (Try Lowering), AvoidLongGCWorkers: 0,105, AvoidOOMGCWorkers: 0,427, NextAvoidOOMGCWorkers: 0,324, LastGCWorkers: 3,000, GCWorkers: 1,000
[19,582s][debug][gc,director    ] Rule: Allocation Rate (Dynamic GC Workers), MaxAllocRate: 2796,6MB/s (+/-13,3%), Free: 7820MB, GCCPUTime: 1,068, GCDuration: 1,068s, TimeUntilOOM: 2,468s, TimeUntilGC: 1,299s, GCWorkers: 3 -> 1
[19,582s][debug][gc,director    ] Rule: High Usage, Free: 7820MB(63,6%)
[19,582s][debug][gc,director    ] Rule: Proactive, AcceptableGCInterval: 11,492s, TimeSinceLastGC: 1,573s, TimeUntilGC: 9,918s
[19,682s][debug][gc,alloc       ] Allocation Rate: 2532,0MB/s, Predicted: 2114,0MB/s, Avg: 2026,8(+/-298,7)MB/s
[19,682s][debug][gc,director    ] Select GC Workers (Try Lowering), AvoidLongGCWorkers: 0,105, AvoidOOMGCWorkers: 0,501, NextAvoidOOMGCWorkers: 0,352, LastGCWorkers: 3,000, GCWorkers: 1,000
[19,682s][debug][gc,director    ] Rule: Allocation Rate (Dynamic GC Workers), MaxAllocRate: 3096,9MB/s (+/-14,7%), Free: 7486MB, GCCPUTime: 1,068, GCDuration: 1,068s, TimeUntilOOM: 2,107s, TimeUntilGC: 0,938s, GCWorkers: 3 -> 1
[19,682s][debug][gc,director    ] Rule: High Usage, Free: 7486MB(60,9%)
[19,682s][debug][gc,director    ] Rule: Proactive, AcceptableGCInterval: 11,492s, TimeSinceLastGC: 1,673s, TimeUntilGC: 9,819s
[19,782s][debug][gc,alloc       ] Allocation Rate: 2024,0MB/s, Predicted: 2140,4MB/s, Avg: 2016,2(+/-296,7)MB/s
[19,782s][debug][gc,director    ] Select GC Workers (Try Lowering), AvoidLongGCWorkers: 0,105, AvoidOOMGCWorkers: 0,505, NextAvoidOOMGCWorkers: 0,343, LastGCWorkers: 3,000, GCWorkers: 1,000
[19,782s][debug][gc,director    ] Rule: Allocation Rate (Dynamic GC Workers), MaxAllocRate: 3116,8MB/s (+/-14,7%), Free: 7476MB, GCCPUTime: 1,068, GCDuration: 1,068s, TimeUntilOOM: 2,091s, TimeUntilGC: 0,922s, GCWorkers: 3 -> 1
[19,782s][debug][gc,director    ] Rule: High Usage, Free: 7476MB(60,8%)
[19,782s][debug][gc,director    ] Rule: Proactive, AcceptableGCInterval: 11,492s, TimeSinceLastGC: 1,773s, TimeUntilGC: 9,719s
[19,882s][debug][gc,alloc       ] Allocation Rate: 1658,0MB/s, Predicted: 2124,0MB/s, Avg: 1932,8(+/-267,0)MB/s
[19,882s][debug][gc,director    ] Select GC Workers (Try Lowering), AvoidLongGCWorkers: 0,105, AvoidOOMGCWorkers: 0,487, NextAvoidOOMGCWorkers: 0,324, LastGCWorkers: 3,000, GCWorkers: 1,000
[19,882s][debug][gc,director    ] Rule: Allocation Rate (Dynamic GC Workers), MaxAllocRate: 3002,6MB/s (+/-13,8%), Free: 7398MB, GCCPUTime: 1,068, GCDuration: 1,068s, TimeUntilOOM: 2,165s, TimeUntilGC: 0,996s, GCWorkers: 3 -> 1
[19,882s][debug][gc,director    ] Rule: High Usage, Free: 7398MB(60,2%)
[19,882s][debug][gc,director    ] Rule: Proactive, AcceptableGCInterval: 11,492s, TimeSinceLastGC: 1,873s, TimeUntilGC: 9,619s
[19,981s][debug][gc,alloc       ] Allocation Rate: 1766,0MB/s, Predicted: 2036,8MB/s, Avg: 1923,8(+/-270,9)MB/s
[19,981s][debug][gc,director    ] Select GC Workers (Try Lowering), AvoidLongGCWorkers: 0,105, AvoidOOMGCWorkers: 0,484, NextAvoidOOMGCWorkers: 0,313, LastGCWorkers: 3,000, GCWorkers: 1,000
[19,982s][debug][gc,director    ] Rule: Allocation Rate (Dynamic GC Workers), MaxAllocRate: 2928,3MB/s (+/-14,1%), Free: 7276MB, GCCPUTime: 1,068, GCDuration: 1,068s, TimeUntilOOM: 2,178s, TimeUntilGC: 1,010s, GCWorkers: 3 -> 1
[19,982s][debug][gc,director    ] Rule: High Usage, Free: 7276MB(59,2%)
[19,982s][debug][gc,director    ] Rule: Proactive, AcceptableGCInterval: 11,492s, TimeSinceLastGC: 1,972s, TimeUntilGC: 9,519s
[20,082s][debug][gc,alloc       ] Allocation Rate: 1778,0MB/s, Predicted: 1915,6MB/s, Avg: 1932,8(+/-264,4)MB/s
[20,082s][debug][gc,director    ] Select GC Workers (Try Lowering), AvoidLongGCWorkers: 0,105, AvoidOOMGCWorkers: 0,470, NextAvoidOOMGCWorkers: 0,298, LastGCWorkers: 3,000, GCWorkers: 1,000
[20,082s][debug][gc,director    ] Rule: Allocation Rate (Dynamic GC Workers), MaxAllocRate: 2802,7MB/s (+/-13,7%), Free: 7154MB, GCCPUTime: 1,068, GCDuration: 1,068s, TimeUntilOOM: 2,245s, TimeUntilGC: 1,077s, GCWorkers: 3 -> 1
[20,082s][debug][gc,director    ] Rule: High Usage, Free: 7154MB(58,2%)
[20,082s][debug][gc,director    ] Rule: Proactive, AcceptableGCInterval: 11,492s, TimeSinceLastGC: 2,073s, TimeUntilGC: 9,419s
[20,182s][debug][gc,alloc       ] Allocation Rate: 1778,0MB/s, Predicted: 1817,2MB/s, Avg: 1931,0(+/-265,3)MB/s
[20,182s][debug][gc,director    ] Select GC Workers (Try Lowering), AvoidLongGCWorkers: 0,105, AvoidOOMGCWorkers: 0,478, NextAvoidOOMGCWorkers: 0,293, LastGCWorkers: 3,000, GCWorkers: 1,000
[20,182s][debug][gc,director    ] Rule: Allocation Rate (Dynamic GC Workers), MaxAllocRate: 2804,1MB/s (+/-13,7%), Free: 7032MB, GCCPUTime: 1,068, GCDuration: 1,068s, TimeUntilOOM: 2,205s, TimeUntilGC: 1,036s, GCWorkers: 3 -> 1
[20,182s][debug][gc,director    ] Rule: High Usage, Free: 7032MB(57,2%)
[20,182s][debug][gc,director    ] Rule: Proactive, AcceptableGCInterval: 11,492s, TimeSinceLastGC: 2,173s, TimeUntilGC: 9,319s
[20,281s][debug][gc,alloc       ] Allocation Rate: 1776,0MB/s, Predicted: 1725,6MB/s, Avg: 1926,6(+/-267,5)MB/s
[20,281s][debug][gc,director    ] Select GC Workers (Try Lowering), AvoidLongGCWorkers: 0,105, AvoidOOMGCWorkers: 0,488, NextAvoidOOMGCWorkers: 0,288, LastGCWorkers: 3,000, GCWorkers: 1,000
[20,281s][debug][gc,director    ] Rule: Allocation Rate (Dynamic GC Workers), MaxAllocRate: 2806,8MB/s (+/-13,9%), Free: 6912MB, GCCPUTime: 1,068, GCDuration: 1,068s, TimeUntilOOM: 2,162s, TimeUntilGC: 0,994s, GCWorkers: 3 -> 1
[20,281s][debug][gc,director    ] Rule: High Usage, Free: 6912MB(56,2%)
[20,281s][debug][gc,director    ] Rule: Proactive, AcceptableGCInterval: 11,492s, TimeSinceLastGC: 2,272s, TimeUntilGC: 9,220s
[20,382s][debug][gc,alloc       ] Allocation Rate: 1766,0MB/s, Predicted: 1632,9MB/s, Avg: 1921,2(+/-270,1)MB/s
[20,382s][debug][gc,director    ] Select GC Workers (Try Lowering), AvoidLongGCWorkers: 0,105, AvoidOOMGCWorkers: 0,498, NextAvoidOOMGCWorkers: 0,284, LastGCWorkers: 3,000, GCWorkers: 1,000
[20,382s][debug][gc,director    ] Rule: Allocation Rate (Dynamic GC Workers), MaxAllocRate: 2810,1MB/s (+/-14,1%), Free: 6798MB, GCCPUTime: 1,068, GCDuration: 1,068s, TimeUntilOOM: 2,121s, TimeUntilGC: 0,953s, GCWorkers: 3 -> 1
[20,382s][debug][gc,director    ] Rule: High Usage, Free: 6798MB(55,3%)
[20,382s][debug][gc,director    ] Rule: Proactive, AcceptableGCInterval: 11,492s, TimeSinceLastGC: 2,373s, TimeUntilGC: 9,119s
[20,482s][debug][gc,alloc       ] Allocation Rate: 2514,0MB/s, Predicted: 1842,5MB/s, Avg: 1990,8(+/-319,7)MB/s
[20,482s][debug][gc,director    ] Select GC Workers (Unsteady), AvoidLongGCWorkers: 0,105, AvoidOOMGCWorkers: 0,631, LastGCWorkers: 3,000, HalfGCWorkers: 2,500, GCWorkers: 3,000
[20,482s][debug][gc,director    ] Rule: Allocation Rate (Dynamic GC Workers), MaxAllocRate: 3042,8MB/s (+/-16,1%), Free: 5928MB, GCCPUTime: 1,068, GCDuration: 0,374s, TimeUntilOOM: 1,679s, TimeUntilGC: 1,205s, GCWorkers: 3 -> 3
[20,482s][debug][gc,director    ] Rule: High Usage, Free: 5928MB(48,2%)
[20,482s][debug][gc,director    ] Rule: Proactive, AcceptableGCInterval: 11,492s, TimeSinceLastGC: 2,473s, TimeUntilGC: 9,019s
[20,482s][info ][gc,stats       ] === Garbage Collection Statistics =======================================================================================================================
[20,482s][info ][gc,stats       ]                                                              Last 10s              Last 10m              Last 10h                Total
[20,482s][info ][gc,stats       ]                                                              Avg / Max             Avg / Max             Avg / Max             Avg / Max
[20,482s][info ][gc,stats       ]   Collector: Garbage Collection Cycle                    294,107 / 361,139     190,615 / 361,139     190,615 / 361,139     190,615 / 361,139     ms
[20,482s][info ][gc,stats       ]  Contention: Mark Segment Reset Contention                     0 / 0                 0 / 4                 0 / 4                 0 / 4           ops/s
[20,482s][info ][gc,stats       ]  Contention: Mark SeqNum Reset Contention                      0 / 0                 0 / 0                 0 / 0                 0 / 0           ops/s
[20,482s][info ][gc,stats       ]    Critical: Allocation Stall                                  0 / 0                 0 / 0                 0 / 0                 0 / 0           ops/s
[20,482s][info ][gc,stats       ]    Critical: Allocation Stall                              0,000 / 0,000         0,000 / 0,000         0,000 / 0,000         0,000 / 0,000       ms
[20,482s][info ][gc,stats       ]    Critical: GC Locker Stall                                   0 / 1                 0 / 1                 0 / 1                 0 / 1           ops/s
[20,482s][info ][gc,stats       ]    Critical: GC Locker Stall                               0,005 / 0,005         0,175 / 0,345         0,175 / 0,345         0,175 / 0,345       ms
[20,482s][info ][gc,stats       ]    Critical: Relocation Stall                                  0 / 0                 0 / 0                 0 / 0                 0 / 0           ops/s
[20,482s][info ][gc,stats       ]    Critical: Relocation Stall                              0,000 / 0,000         0,000 / 0,000         0,000 / 0,000         0,000 / 0,000       ms
[20,482s][info ][gc,stats       ]      Memory: Allocation Rate                                1415 / 2514           1212 / 2514           1212 / 2514           1212 / 2514        MB/s
[20,482s][info ][gc,stats       ]      Memory: Defragment                                        0 / 0                 0 / 0                 0 / 0                 0 / 0           ops/s
[20,482s][info ][gc,stats       ]      Memory: Out Of Memory                                     0 / 0                 0 / 0                 0 / 0                 0 / 0           ops/s
[20,482s][info ][gc,stats       ]      Memory: Page Cache Flush                                  0 / 0                 0 / 0                 0 / 0                 0 / 0           MB/s
[20,482s][info ][gc,stats       ]      Memory: Page Cache Hit L1                               447 / 1257            338 / 1257            338 / 1257            338 / 1257        ops/s
[20,482s][info ][gc,stats       ]      Memory: Page Cache Hit L2                                 0 / 0                 0 / 0                 0 / 0                 0 / 0           ops/s
[20,482s][info ][gc,stats       ]      Memory: Page Cache Hit L3                                17 / 139             141 / 797             141 / 797             141 / 797         ops/s
[20,482s][info ][gc,stats       ]      Memory: Page Cache Miss                                 243 / 583             135 / 583             135 / 583             135 / 583         ops/s
[20,483s][info ][gc,stats       ]      Memory: Uncommit                                          0 / 0                 0 / 0                 0 / 0                 0 / 0           MB/s
[20,483s][info ][gc,stats       ]      Memory: Undo Object Allocation Failed                     0 / 0                 0 / 0                 0 / 0                 0 / 0           ops/s
[20,483s][info ][gc,stats       ]      Memory: Undo Object Allocation Succeeded                  1 / 10                0 / 10                0 / 10                0 / 10          ops/s
[20,483s][info ][gc,stats       ]      Memory: Undo Page Allocation                              1 / 9                 1 / 16                1 / 16                1 / 16          ops/s
[20,483s][info ][gc,stats       ]       Phase: Concurrent Mark                             271,511 / 327,316     149,816 / 327,316     149,816 / 327,316     149,816 / 327,316     ms
[20,483s][info ][gc,stats       ]       Phase: Concurrent Mark Continue                      0,000 / 0,000         0,000 / 0,000         0,000 / 0,000         0,000 / 0,000       ms
[20,483s][info ][gc,stats       ]       Phase: Concurrent Mark Free                          0,041 / 0,068         0,045 / 0,070         0,045 / 0,070         0,045 / 0,070       ms
[20,483s][info ][gc,stats       ]       Phase: Concurrent Process Non-Strong References     11,378 / 16,305       14,084 / 28,355       14,084 / 28,355       14,084 / 28,355      ms
[20,483s][info ][gc,stats       ]       Phase: Concurrent Relocate                           6,363 / 12,019       14,928 / 68,030       14,928 / 68,030       14,928 / 68,030      ms
[20,483s][info ][gc,stats       ]       Phase: Concurrent Reset Relocation Set               0,085 / 0,128         0,043 / 0,128         0,043 / 0,128         0,043 / 0,128       ms
[20,483s][info ][gc,stats       ]       Phase: Concurrent Select Relocation Set              2,630 / 2,846         9,319 / 24,709        9,319 / 24,709        9,319 / 24,709      ms
[20,483s][info ][gc,stats       ]       Phase: Pause Mark End                                0,045 / 0,060         0,062 / 0,095         0,062 / 0,095         0,062 / 0,095       ms
[20,483s][info ][gc,stats       ]       Phase: Pause Mark Start                              0,126 / 0,154         0,138 / 0,192         0,138 / 0,192         0,138 / 0,192       ms
[20,483s][info ][gc,stats       ]       Phase: Pause Relocate Start                          0,039 / 0,046         0,047 / 0,077         0,047 / 0,077         0,047 / 0,077       ms
[20,483s][info ][gc,stats       ]    Subphase: Concurrent Classes Purge                      0,888 / 1,553         4,264 / 13,408        4,264 / 13,408        4,264 / 13,408      ms
[20,483s][info ][gc,stats       ]    Subphase: Concurrent Classes Unlink                     5,550 / 7,762         3,972 / 7,762         3,972 / 7,762         3,972 / 7,762       ms
[20,483s][info ][gc,stats       ]    Subphase: Concurrent Mark                             241,008 / 324,370     112,146 / 324,370     112,146 / 324,370     112,146 / 324,370     ms
[20,483s][info ][gc,stats       ]    Subphase: Concurrent Mark Try Flush                     1,798 / 3,702         2,118 / 7,166         2,118 / 7,166         2,118 / 7,166       ms
[20,483s][info ][gc,stats       ]    Subphase: Concurrent Mark Try Terminate                 1,073 / 3,704         1,341 / 6,763         1,341 / 6,763         1,341 / 6,763       ms
[20,483s][info ][gc,stats       ]    Subphase: Concurrent References Enqueue                 0,015 / 0,016         0,016 / 0,026         0,016 / 0,026         0,016 / 0,026       ms
[20,483s][info ][gc,stats       ]    Subphase: Concurrent References Process                 2,448 / 4,777         1,253 / 4,777         1,253 / 4,777         1,253 / 4,777       ms
[20,483s][info ][gc,stats       ]    Subphase: Concurrent Roots ClassLoaderDataGraph         0,195 / 0,455         0,125 / 0,487         0,125 / 0,487         0,125 / 0,487       ms
[20,483s][info ][gc,stats       ]    Subphase: Concurrent Roots CodeCache                    0,000 / 0,000         0,000 / 0,000         0,000 / 0,000         0,000 / 0,000       ms
[20,483s][info ][gc,stats       ]    Subphase: Concurrent Roots JavaThreads                  1,086 / 1,949         0,689 / 1,949         0,689 / 1,949         0,689 / 1,949       ms
[20,483s][info ][gc,stats       ]    Subphase: Concurrent Roots OopStorageSet                0,073 / 0,087         0,076 / 0,143         0,076 / 0,143         0,076 / 0,143       ms
[20,483s][info ][gc,stats       ]    Subphase: Concurrent Weak Roots OopStorageSet           1,895 / 2,088         0,764 / 2,088         0,764 / 2,088         0,764 / 2,088       ms
[20,483s][info ][gc,stats       ]    Subphase: Pause Mark Try Complete                       0,000 / 0,000         0,000 / 0,000         0,000 / 0,000         0,000 / 0,000       ms
[20,483s][info ][gc,stats       ]      System: Java Threads                                     37 / 38               33 / 42               33 / 42               33 / 42          threads
[20,483s][info ][gc,stats       ] =========================================================================================================================================================
[20,582s][debug][gc,alloc       ] Allocation Rate: 1902,0MB/s, Predicted: 1893,7MB/s, Avg: 1949,4(+/-301,2)MB/s
[20,582s][debug][gc,director    ] Select GC Workers (Unsteady), AvoidLongGCWorkers: 0,105, AvoidOOMGCWorkers: 0,607, LastGCWorkers: 3,000, HalfGCWorkers: 2,500, GCWorkers: 3,000
[20,582s][debug][gc,director    ] Rule: Allocation Rate (Dynamic GC Workers), MaxAllocRate: 2940,4MB/s (+/-15,4%), Free: 5920MB, GCCPUTime: 1,068, GCDuration: 0,374s, TimeUntilOOM: 1,744s, TimeUntilGC: 1,270s, GCWorkers: 3 -> 3
[20,582s][debug][gc,director    ] Rule: High Usage, Free: 5920MB(48,2%)
[20,582s][debug][gc,director    ] Rule: Proactive, AcceptableGCInterval: 11,492s, TimeSinceLastGC: 2,573s, TimeUntilGC: 8,919s
[20,681s][debug][gc,alloc       ] Allocation Rate: 1596,0MB/s, Predicted: 1907,7MB/s, Avg: 1855,8(+/-245,9)MB/s
[20,681s][debug][gc,director    ] Select GC Workers (Try Lowering), AvoidLongGCWorkers: 0,105, AvoidOOMGCWorkers: 0,552, NextAvoidOOMGCWorkers: 0,277, LastGCWorkers: 3,000, GCWorkers: 1,000
[20,681s][debug][gc,director    ] Rule: Allocation Rate (Dynamic GC Workers), MaxAllocRate: 2717,0MB/s (+/-13,3%), Free: 5890MB, GCCPUTime: 1,068, GCDuration: 1,068s, TimeUntilOOM: 1,914s, TimeUntilGC: 0,746s, GCWorkers: 3 -> 1
[20,681s][debug][gc,director    ] Rule: High Usage, Free: 5890MB(47,9%)
[20,681s][debug][gc,director    ] Rule: Proactive, AcceptableGCInterval: 11,492s, TimeSinceLastGC: 2,672s, TimeUntilGC: 8,820s
[20,782s][debug][gc,alloc       ] Allocation Rate: 1706,0MB/s, Predicted: 1892,7MB/s, Avg: 1824,0(+/-242,7)MB/s
[20,782s][debug][gc,director    ] Select GC Workers (Try Lowering), AvoidLongGCWorkers: 0,105, AvoidOOMGCWorkers: 0,559, NextAvoidOOMGCWorkers: 0,271, LastGCWorkers: 3,000, GCWorkers: 1,000
[20,782s][debug][gc,director    ] Rule: Allocation Rate (Dynamic GC Workers), MaxAllocRate: 2691,2MB/s (+/-13,3%), Free: 5770MB, GCCPUTime: 1,068, GCDuration: 1,068s, TimeUntilOOM: 1,892s, TimeUntilGC: 0,724s, GCWorkers: 3 -> 1
[20,782s][debug][gc,director    ] Rule: High Usage, Free: 5770MB(47,0%)
[20,782s][debug][gc,director    ] Rule: Proactive, AcceptableGCInterval: 11,492s, TimeSinceLastGC: 2,773s, TimeUntilGC: 8,719s
[20,882s][debug][gc,alloc       ] Allocation Rate: 1736,0MB/s, Predicted: 1813,2MB/s, Avg: 1831,8(+/-238,4)MB/s
[20,882s][debug][gc,director    ] Select GC Workers (Try Lowering), AvoidLongGCWorkers: 0,105, AvoidOOMGCWorkers: 0,552, NextAvoidOOMGCWorkers: 0,263, LastGCWorkers: 3,000, GCWorkers: 1,000
[20,882s][debug][gc,director    ] Rule: Allocation Rate (Dynamic GC Workers), MaxAllocRate: 2616,4MB/s (+/-13,0%), Free: 5662MB, GCCPUTime: 1,068, GCDuration: 1,068s, TimeUntilOOM: 1,915s, TimeUntilGC: 0,746s, GCWorkers: 3 -> 1
[20,882s][debug][gc,director    ] Rule: High Usage, Free: 5662MB(46,1%)
[20,882s][debug][gc,director    ] Rule: Proactive, AcceptableGCInterval: 11,492s, TimeSinceLastGC: 2,873s, TimeUntilGC: 8,619s
[20,982s][debug][gc,alloc       ] Allocation Rate: 1736,0MB/s, Predicted: 1757,3MB/s, Avg: 1828,8(+/-239,4)MB/s
[20,982s][debug][gc,director    ] Select GC Workers (Try Lowering), AvoidLongGCWorkers: 0,105, AvoidOOMGCWorkers: 0,565, NextAvoidOOMGCWorkers: 0,259, LastGCWorkers: 3,000, GCWorkers: 1,000
[20,982s][debug][gc,director    ] Rule: Allocation Rate (Dynamic GC Workers), MaxAllocRate: 2616,6MB/s (+/-13,1%), Free: 5540MB, GCCPUTime: 1,068, GCDuration: 1,068s, TimeUntilOOM: 1,872s, TimeUntilGC: 0,704s, GCWorkers: 3 -> 1
[20,982s][debug][gc,director    ] Rule: High Usage, Free: 5540MB(45,1%)
[20,982s][debug][gc,director    ] Rule: Proactive, AcceptableGCInterval: 11,492s, TimeSinceLastGC: 2,973s, TimeUntilGC: 8,519s
[21,081s][debug][gc,alloc       ] Allocation Rate: 1736,0MB/s, Predicted: 1706,7MB/s, Avg: 1824,6(+/-240,6)MB/s
[21,081s][debug][gc,director    ] Select GC Workers (Try Lowering), AvoidLongGCWorkers: 0,105, AvoidOOMGCWorkers: 0,578, NextAvoidOOMGCWorkers: 0,255, LastGCWorkers: 3,000, GCWorkers: 1,000
[21,082s][debug][gc,director    ] Rule: Allocation Rate (Dynamic GC Workers), MaxAllocRate: 2616,5MB/s (+/-13,2%), Free: 5418MB, GCCPUTime: 1,068, GCDuration: 1,068s, TimeUntilOOM: 1,829s, TimeUntilGC: 0,661s, GCWorkers: 3 -> 1
[21,082s][debug][gc,director    ] Rule: High Usage, Free: 5418MB(44,1%)
[21,082s][debug][gc,director    ] Rule: Proactive, AcceptableGCInterval: 11,492s, TimeSinceLastGC: 3,072s, TimeUntilGC: 8,419s
[21,182s][debug][gc,alloc       ] Allocation Rate: 1736,0MB/s, Predicted: 1658,8MB/s, Avg: 1820,4(+/-241,8)MB/s
[21,182s][debug][gc,director    ] Select GC Workers (Try Lowering), AvoidLongGCWorkers: 0,105, AvoidOOMGCWorkers: 0,592, NextAvoidOOMGCWorkers: 0,252, LastGCWorkers: 3,000, GCWorkers: 1,000
[21,182s][debug][gc,director    ] Rule: Allocation Rate (Dynamic GC Workers), MaxAllocRate: 2616,0MB/s (+/-13,3%), Free: 5296MB, GCCPUTime: 1,068, GCDuration: 1,068s, TimeUntilOOM: 1,787s, TimeUntilGC: 0,619s, GCWorkers: 3 -> 1
[21,182s][debug][gc,director    ] Rule: High Usage, Free: 5296MB(43,1%)
[21,182s][debug][gc,director    ] Rule: Proactive, AcceptableGCInterval: 11,492s, TimeSinceLastGC: 3,173s, TimeUntilGC: 8,319s
[21,283s][debug][gc,alloc       ] Allocation Rate: 2446,0MB/s, Predicted: 1897,2MB/s, Avg: 1887,4(+/-304,8)MB/s
[21,283s][debug][gc,director    ] Select GC Workers (Unsteady), AvoidLongGCWorkers: 0,105, AvoidOOMGCWorkers: 0,802, LastGCWorkers: 3,000, HalfGCWorkers: 2,500, GCWorkers: 3,000
[21,283s][debug][gc,director    ] Rule: Allocation Rate (Dynamic GC Workers), MaxAllocRate: 2900,2MB/s (+/-16,1%), Free: 4464MB, GCCPUTime: 1,068, GCDuration: 0,374s, TimeUntilOOM: 1,325s, TimeUntilGC: 0,852s, GCWorkers: 3 -> 3
[21,283s][debug][gc,director    ] Rule: High Usage, Free: 4458MB(36,3%)
[21,283s][debug][gc,director    ] Rule: Proactive, AcceptableGCInterval: 11,492s, TimeSinceLastGC: 3,274s, TimeUntilGC: 8,217s
[21,382s][debug][gc,alloc       ] Allocation Rate: 2442,0MB/s, Predicted: 2086,7MB/s, Avg: 1955,0(+/-343,0)MB/s
[21,382s][debug][gc,director    ] Select GC Workers (Unsteady), AvoidLongGCWorkers: 0,105, AvoidOOMGCWorkers: 0,925, LastGCWorkers: 3,000, HalfGCWorkers: 2,500, GCWorkers: 3,000
[21,382s][debug][gc,director    ] Rule: Allocation Rate (Dynamic GC Workers), MaxAllocRate: 3215,2MB/s (+/-17,5%), Free: 4356MB, GCCPUTime: 1,068, GCDuration: 0,374s, TimeUntilOOM: 1,153s, TimeUntilGC: 0,679s, GCWorkers: 3 -> 3
[21,382s][debug][gc,director    ] Rule: High Usage, Free: 4356MB(35,4%)
[21,382s][debug][gc,director    ] Rule: Proactive, AcceptableGCInterval: 11,492s, TimeSinceLastGC: 3,373s, TimeUntilGC: 8,119s
[21,482s][debug][gc,alloc       ] Allocation Rate: 1584,0MB/s, Predicted: 2087,3MB/s, Avg: 1862,0(+/-302,5)MB/s
[21,482s][debug][gc,director    ] Select GC Workers (Unsteady), AvoidLongGCWorkers: 0,105, AvoidOOMGCWorkers: 0,879, LastGCWorkers: 3,000, HalfGCWorkers: 2,500, GCWorkers: 3,000
[21,482s][debug][gc,director    ] Rule: Allocation Rate (Dynamic GC Workers), MaxAllocRate: 3082,6MB/s (+/-16,2%), Free: 4344MB, GCCPUTime: 1,068, GCDuration: 0,374s, TimeUntilOOM: 1,212s, TimeUntilGC: 0,739s, GCWorkers: 3 -> 3
[21,482s][debug][gc,director    ] Rule: High Usage, Free: 4344MB(35,4%)
[21,482s][debug][gc,director    ] Rule: Proactive, AcceptableGCInterval: 11,492s, TimeSinceLastGC: 3,473s, TimeUntilGC: 8,019s
[21,582s][debug][gc,alloc       ] Allocation Rate: 1674,0MB/s, Predicted: 2022,8MB/s, Avg: 1839,2(+/-307,2)MB/s
[21,582s][debug][gc,director    ] Select GC Workers (Unsteady), AvoidLongGCWorkers: 0,105, AvoidOOMGCWorkers: 0,888, LastGCWorkers: 3,000, HalfGCWorkers: 2,500, GCWorkers: 3,000
[21,582s][debug][gc,director    ] Rule: Allocation Rate (Dynamic GC Workers), MaxAllocRate: 3033,5MB/s (+/-16,7%), Free: 4246MB, GCCPUTime: 1,068, GCDuration: 0,374s, TimeUntilOOM: 1,199s, TimeUntilGC: 0,726s, GCWorkers: 3 -> 3
[21,582s][debug][gc,director    ] Rule: High Usage, Free: 4246MB(34,6%)
[21,582s][debug][gc,director    ] Rule: Proactive, AcceptableGCInterval: 11,492s, TimeSinceLastGC: 3,573s, TimeUntilGC: 7,919s
[21,681s][debug][gc,alloc       ] Allocation Rate: 1762,0MB/s, Predicted: 1927,1MB/s, Avg: 1855,8(+/-297,9)MB/s
[21,682s][debug][gc,director    ] Select GC Workers (Unsteady), AvoidLongGCWorkers: 0,105, AvoidOOMGCWorkers: 0,871, LastGCWorkers: 3,000, HalfGCWorkers: 2,500, GCWorkers: 3,000
[21,682s][debug][gc,director    ] Rule: Allocation Rate (Dynamic GC Workers), MaxAllocRate: 2907,4MB/s (+/-16,1%), Free: 4128MB, GCCPUTime: 1,068, GCDuration: 0,374s, TimeUntilOOM: 1,223s, TimeUntilGC: 0,750s, GCWorkers: 3 -> 3
[21,682s][debug][gc,director    ] Rule: High Usage, Free: 4128MB(33,6%)
[21,682s][debug][gc,director    ] Rule: Proactive, AcceptableGCInterval: 11,492s, TimeSinceLastGC: 3,673s, TimeUntilGC: 7,819s
[21,782s][debug][gc,alloc       ] Allocation Rate: 1764,0MB/s, Predicted: 1850,4MB/s, Avg: 1861,6(+/-295,5)MB/s
[21,782s][debug][gc,director    ] Select GC Workers (Unsteady), AvoidLongGCWorkers: 0,105, AvoidOOMGCWorkers: 0,873, LastGCWorkers: 3,000, HalfGCWorkers: 2,500, GCWorkers: 3,000
[21,782s][debug][gc,director    ] Rule: Allocation Rate (Dynamic GC Workers), MaxAllocRate: 2833,9MB/s (+/-15,9%), Free: 4006MB, GCCPUTime: 1,068, GCDuration: 0,374s, TimeUntilOOM: 1,220s, TimeUntilGC: 0,746s, GCWorkers: 3 -> 3
[21,782s][debug][gc,director    ] Rule: High Usage, Free: 4006MB(32,6%)
[21,782s][debug][gc,director    ] Rule: Proactive, AcceptableGCInterval: 11,492s, TimeSinceLastGC: 3,773s, TimeUntilGC: 7,719s
[21,882s][debug][gc,alloc       ] Allocation Rate: 1778,0MB/s, Predicted: 1783,5MB/s, Avg: 1865,8(+/-294,0)MB/s
[21,882s][debug][gc,director    ] Select GC Workers (Unsteady), AvoidLongGCWorkers: 0,105, AvoidOOMGCWorkers: 0,900, LastGCWorkers: 3,000, HalfGCWorkers: 2,500, GCWorkers: 3,000
[21,882s][debug][gc,director    ] Rule: Allocation Rate (Dynamic GC Workers), MaxAllocRate: 2833,1MB/s (+/-15,8%), Free: 3884MB, GCCPUTime: 1,068, GCDuration: 0,374s, TimeUntilOOM: 1,184s, TimeUntilGC: 0,711s, GCWorkers: 3 -> 3
[21,882s][debug][gc,director    ] Rule: High Usage, Free: 3884MB(31,6%)
[21,882s][debug][gc,director    ] Rule: Proactive, AcceptableGCInterval: 11,492s, TimeSinceLastGC: 3,873s, TimeUntilGC: 7,619s
[21,981s][debug][gc,alloc       ] Allocation Rate: 1778,0MB/s, Predicted: 1713,7MB/s, Avg: 1870,0(+/-292,4)MB/s
[21,981s][debug][gc,director    ] Select GC Workers (Unsteady), AvoidLongGCWorkers: 0,105, AvoidOOMGCWorkers: 0,928, LastGCWorkers: 3,000, HalfGCWorkers: 2,500, GCWorkers: 3,000
[21,981s][debug][gc,director    ] Rule: Allocation Rate (Dynamic GC Workers), MaxAllocRate: 2832,1MB/s (+/-15,6%), Free: 3762MB, GCCPUTime: 1,068, GCDuration: 0,374s, TimeUntilOOM: 1,149s, TimeUntilGC: 0,675s, GCWorkers: 3 -> 3
[21,981s][debug][gc,director    ] Rule: High Usage, Free: 3762MB(30,6%)
[21,981s][debug][gc,director    ] Rule: Proactive, AcceptableGCInterval: 11,492s, TimeSinceLastGC: 3,972s, TimeUntilGC: 7,520s
[22,081s][debug][gc,alloc       ] Allocation Rate: 1924,0MB/s, Predicted: 1699,6MB/s, Avg: 1888,8(+/-289,2)MB/s
[22,082s][debug][gc,director    ] Select GC Workers (Unsteady), AvoidLongGCWorkers: 0,105, AvoidOOMGCWorkers: 1,003, LastGCWorkers: 3,000, HalfGCWorkers: 2,500, GCWorkers: 3,000
[22,082s][debug][gc,director    ] Rule: Allocation Rate (Dynamic GC Workers), MaxAllocRate: 2840,4MB/s (+/-15,3%), Free: 3490MB, GCCPUTime: 1,068, GCDuration: 0,374s, TimeUntilOOM: 1,066s, TimeUntilGC: 0,592s, GCWorkers: 3 -> 3
[22,082s][debug][gc,director    ] Rule: High Usage, Free: 3490MB(28,4%)
[22,082s][debug][gc,director    ] Rule: Proactive, AcceptableGCInterval: 11,492s, TimeSinceLastGC: 4,073s, TimeUntilGC: 7,419s
[22,182s][debug][gc,alloc       ] Allocation Rate: 2510,0MB/s, Predicted: 1907,3MB/s, Avg: 1966,2(+/-337,5)MB/s
[22,182s][debug][gc,director    ] Select GC Workers (Unsteady), AvoidLongGCWorkers: 0,105, AvoidOOMGCWorkers: 1,396, LastGCWorkers: 3,000, HalfGCWorkers: 2,500, GCWorkers: 3,000
[22,182s][debug][gc,director    ] Rule: Allocation Rate (Dynamic GC Workers), MaxAllocRate: 3076,7MB/s (+/-17,2%), Free: 2786MB, GCCPUTime: 1,068, GCDuration: 0,374s, TimeUntilOOM: 0,773s, TimeUntilGC: 0,299s, GCWorkers: 3 -> 3
[22,182s][debug][gc,director    ] Rule: High Usage, Free: 2786MB(22,7%)
[22,182s][debug][gc,director    ] Rule: Proactive, AcceptableGCInterval: 11,492s, TimeSinceLastGC: 4,173s, TimeUntilGC: 7,319s
[22,282s][debug][gc,alloc       ] Allocation Rate: 1690,0MB/s, Predicted: 1924,8MB/s, Avg: 1890,6(+/-304,6)MB/s
[22,282s][debug][gc,director    ] Select GC Workers (Unsteady), AvoidLongGCWorkers: 0,105, AvoidOOMGCWorkers: 1,318, LastGCWorkers: 3,000, HalfGCWorkers: 2,500, GCWorkers: 3,000
[22,282s][debug][gc,director    ] Rule: Allocation Rate (Dynamic GC Workers), MaxAllocRate: 2927,1MB/s (+/-16,1%), Free: 2776MB, GCCPUTime: 1,068, GCDuration: 0,374s, TimeUntilOOM: 0,817s, TimeUntilGC: 0,343s, GCWorkers: 3 -> 3
[22,282s][debug][gc,director    ] Rule: High Usage, Free: 2776MB(22,6%)
[22,282s][debug][gc,director    ] Rule: Proactive, AcceptableGCInterval: 11,492s, TimeSinceLastGC: 4,273s, TimeUntilGC: 7,219s
[22,381s][debug][gc,alloc       ] Allocation Rate: 1618,0MB/s, Predicted: 1962,8MB/s, Avg: 1808,2(+/-251,1)MB/s
[22,381s][debug][gc,director    ] Select GC Workers (Try Lowering), AvoidLongGCWorkers: 0,105, AvoidOOMGCWorkers: 1,247, NextAvoidOOMGCWorkers: 0,211, LastGCWorkers: 3,000, GCWorkers: 2,000
[22,381s][debug][gc,director    ] Rule: Allocation Rate (Dynamic GC Workers), MaxAllocRate: 2788,9MB/s (+/-13,9%), Free: 2738MB, GCCPUTime: 1,068, GCDuration: 0,547s, TimeUntilOOM: 0,862s, TimeUntilGC: 0,215s, GCWorkers: 3 -> 2
[22,381s][debug][gc,director    ] Rule: High Usage, Free: 2738MB(22,3%)
[22,381s][debug][gc,director    ] Rule: Proactive, AcceptableGCInterval: 11,492s, TimeSinceLastGC: 4,372s, TimeUntilGC: 7,119s
[22,482s][debug][gc,alloc       ] Allocation Rate: 1692,0MB/s, Predicted: 1856,5MB/s, Avg: 1819,0(+/-243,4)MB/s
[22,482s][debug][gc,director    ] Select GC Workers (Try Lowering), AvoidLongGCWorkers: 0,105, AvoidOOMGCWorkers: 1,220, NextAvoidOOMGCWorkers: 0,206, LastGCWorkers: 3,000, GCWorkers: 2,000
[22,482s][debug][gc,director    ] Rule: Allocation Rate (Dynamic GC Workers), MaxAllocRate: 2657,4MB/s (+/-13,4%), Free: 2652MB, GCCPUTime: 1,068, GCDuration: 0,547s, TimeUntilOOM: 0,880s, TimeUntilGC: 0,233s, GCWorkers: 3 -> 2
[22,482s][debug][gc,director    ] Rule: High Usage, Free: 2652MB(21,6%)
[22,482s][debug][gc,director    ] Rule: Proactive, AcceptableGCInterval: 11,492s, TimeSinceLastGC: 4,473s, TimeUntilGC: 7,019s
[22,582s][debug][gc,alloc       ] Allocation Rate: 1716,0MB/s, Predicted: 1776,7MB/s, Avg: 1823,2(+/-241,2)MB/s
[22,582s][debug][gc,director    ] Select GC Workers (Try Lowering), AvoidLongGCWorkers: 0,105, AvoidOOMGCWorkers: 1,259, NextAvoidOOMGCWorkers: 0,203, LastGCWorkers: 3,000, GCWorkers: 2,000
[22,582s][debug][gc,director    ] Rule: Allocation Rate (Dynamic GC Workers), MaxAllocRate: 2616,9MB/s (+/-13,2%), Free: 2530MB, GCCPUTime: 1,068, GCDuration: 0,547s, TimeUntilOOM: 0,854s, TimeUntilGC: 0,207s, GCWorkers: 3 -> 2
[22,582s][debug][gc,director    ] Rule: High Usage, Free: 2530MB(20,6%)
[22,582s][debug][gc,director    ] Rule: Proactive, AcceptableGCInterval: 11,492s, TimeSinceLastGC: 4,573s, TimeUntilGC: 6,919s
[22,681s][debug][gc,alloc       ] Allocation Rate: 1704,0MB/s, Predicted: 1712,7MB/s, Avg: 1817,4(+/-243,3)MB/s
[22,681s][debug][gc,director    ] Select GC Workers (Try Lowering), AvoidLongGCWorkers: 0,105, AvoidOOMGCWorkers: 1,318, NextAvoidOOMGCWorkers: 0,201, LastGCWorkers: 3,000, GCWorkers: 2,000
[22,681s][debug][gc,director    ] Rule: Allocation Rate (Dynamic GC Workers), MaxAllocRate: 2617,9MB/s (+/-13,4%), Free: 2424MB, GCCPUTime: 1,068, GCDuration: 0,547s, TimeUntilOOM: 0,817s, TimeUntilGC: 0,169s, GCWorkers: 3 -> 2
[22,681s][debug][gc,director    ] Rule: High Usage, Free: 2424MB(19,7%)
[22,681s][debug][gc,director    ] Rule: Proactive, AcceptableGCInterval: 11,492s, TimeSinceLastGC: 4,672s, TimeUntilGC: 6,820s
[22,782s][debug][gc,alloc       ] Allocation Rate: 1702,0MB/s, Predicted: 1652,3MB/s, Avg: 1811,2(+/-245,3)MB/s
[22,782s][debug][gc,director    ] Select GC Workers (Try Lowering), AvoidLongGCWorkers: 0,105, AvoidOOMGCWorkers: 1,392, NextAvoidOOMGCWorkers: 0,199, LastGCWorkers: 3,000, GCWorkers: 2,000
[22,782s][debug][gc,director    ] Rule: Allocation Rate (Dynamic GC Workers), MaxAllocRate: 2618,5MB/s (+/-13,5%), Free: 2304MB, GCCPUTime: 1,068, GCDuration: 0,547s, TimeUntilOOM: 0,775s, TimeUntilGC: 0,128s, GCWorkers: 3 -> 2
[22,782s][debug][gc,director    ] Rule: High Usage, Free: 2304MB(18,8%)
[22,782s][debug][gc,director    ] Rule: Proactive, AcceptableGCInterval: 11,492s, TimeSinceLastGC: 4,773s, TimeUntilGC: 6,719s
[22,882s][debug][gc,alloc       ] Allocation Rate: 1666,0MB/s, Predicted: 1585,3MB/s, Avg: 1800,0(+/-249,1)MB/s
[22,882s][debug][gc,director    ] Select GC Workers (Try Lowering), AvoidLongGCWorkers: 0,105, AvoidOOMGCWorkers: 1,452, NextAvoidOOMGCWorkers: 0,196, LastGCWorkers: 3,000, GCWorkers: 2,000
[22,882s][debug][gc,director    ] Rule: Allocation Rate (Dynamic GC Workers), MaxAllocRate: 2619,8MB/s (+/-13,8%), Free: 2218MB, GCCPUTime: 1,068, GCDuration: 0,547s, TimeUntilOOM: 0,744s, TimeUntilGC: 0,096s, GCWorkers: 3 -> 2
[22,882s][debug][gc,director    ] Rule: High Usage, Free: 2218MB(18,1%)
[22,882s][debug][gc,director    ] Rule: Proactive, AcceptableGCInterval: 11,492s, TimeSinceLastGC: 4,873s, TimeUntilGC: 6,619s
[22,982s][debug][gc,alloc       ] Allocation Rate: 1610,0MB/s, Predicted: 1503,5MB/s, Avg: 1783,2(+/-255,6)MB/s
[22,982s][debug][gc,director    ] Select GC Workers (Try Lowering), AvoidLongGCWorkers: 0,105, AvoidOOMGCWorkers: 1,510, NextAvoidOOMGCWorkers: 0,193, LastGCWorkers: 3,000, GCWorkers: 2,000
[22,982s][debug][gc,director    ] Rule: Allocation Rate (Dynamic GC Workers), MaxAllocRate: 2624,4MB/s (+/-14,3%), Free: 2150MB, GCCPUTime: 1,068, GCDuration: 0,547s, TimeUntilOOM: 0,717s, TimeUntilGC: 0,069s, GCWorkers: 3 -> 2
[22,982s][debug][gc,director    ] Rule: High Usage, Free: 2150MB(17,5%)
[22,982s][debug][gc,director    ] Rule: Proactive, AcceptableGCInterval: 11,492s, TimeSinceLastGC: 4,973s, TimeUntilGC: 6,519s
[23,081s][debug][gc,alloc       ] Allocation Rate: 1404,0MB/s, Predicted: 1389,3MB/s, Avg: 1731,2(+/-273,9)MB/s
[23,081s][debug][gc,director    ] Select GC Workers (Unsteady), AvoidLongGCWorkers: 0,105, AvoidOOMGCWorkers: 1,597, LastGCWorkers: 3,000, HalfGCWorkers: 2,500, GCWorkers: 3,000
[23,081s][debug][gc,director    ] Rule: Allocation Rate (Dynamic GC Workers), MaxAllocRate: 2632,6MB/s (+/-15,8%), Free: 2070MB, GCCPUTime: 1,068, GCDuration: 0,374s, TimeUntilOOM: 0,679s, TimeUntilGC: 0,205s, GCWorkers: 3 -> 3
[23,081s][debug][gc,director    ] Rule: High Usage, Free: 2068MB(16,8%)
[23,082s][debug][gc,director    ] Rule: Proactive, AcceptableGCInterval: 11,492s, TimeSinceLastGC: 5,072s, TimeUntilGC: 6,419s
[23,183s][debug][gc,alloc       ] Allocation Rate: 978,0MB/s, Predicted: 1295,7MB/s, Avg: 1578,0(+/-218,3)MB/s
[23,183s][debug][gc,director    ] Select GC Workers (Try Lowering), AvoidLongGCWorkers: 0,105, AvoidOOMGCWorkers: 1,577, NextAvoidOOMGCWorkers: 0,187, LastGCWorkers: 3,000, GCWorkers: 2,000
[23,183s][debug][gc,director    ] Rule: Allocation Rate (Dynamic GC Workers), MaxAllocRate: 2296,3MB/s (+/-13,8%), Free: 1796MB, GCCPUTime: 1,068, GCDuration: 0,547s, TimeUntilOOM: 0,687s, TimeUntilGC: 0,040s, GCWorkers: 3 -> 2
[23,183s][debug][gc,director    ] Rule: High Usage, Free: 1796MB(14,6%)
[23,183s][debug][gc,director    ] Rule: Proactive, AcceptableGCInterval: 11,492s, TimeSinceLastGC: 5,174s, TimeUntilGC: 6,317s
[23,281s][debug][gc,alloc       ] Allocation Rate: 1218,0MB/s, Predicted: 1181,6MB/s, Avg: 1530,8(+/-239,0)MB/s
[23,282s][debug][gc,director    ] Select GC Workers (Unsteady), AvoidLongGCWorkers: 0,105, AvoidOOMGCWorkers: 1,876, LastGCWorkers: 3,000, HalfGCWorkers: 2,500, GCWorkers: 3,000
[23,282s][debug][gc,director    ] Rule: Allocation Rate (Dynamic GC Workers), MaxAllocRate: 2317,3MB/s (+/-15,6%), Free: 1558MB, GCCPUTime: 1,068, GCDuration: 0,374s, TimeUntilOOM: 0,582s, TimeUntilGC: 0,108s, GCWorkers: 3 -> 3
[23,282s][debug][gc,director    ] Rule: High Usage, Free: 1558MB(12,7%)
[23,282s][debug][gc,director    ] Rule: Proactive, AcceptableGCInterval: 11,492s, TimeSinceLastGC: 5,273s, TimeUntilGC: 6,219s
[23,382s][debug][gc,alloc       ] Allocation Rate: 1418,0MB/s, Predicted: 1159,7MB/s, Avg: 1510,8(+/-239,2)MB/s
[23,382s][debug][gc,director    ] Select GC Workers (Unsteady), AvoidLongGCWorkers: 0,105, AvoidOOMGCWorkers: 2,226, LastGCWorkers: 3,000, HalfGCWorkers: 2,500, GCWorkers: 3,000
[23,382s][debug][gc,director    ] Rule: Allocation Rate (Dynamic GC Workers), MaxAllocRate: 2298,0MB/s (+/-15,8%), Free: 1316MB, GCCPUTime: 1,068, GCDuration: 0,374s, TimeUntilOOM: 0,494s, TimeUntilGC: 0,021s, GCWorkers: 3 -> 3
[23,382s][debug][gc,director    ] Rule: High Usage, Free: 1316MB(10,7%)
[23,382s][debug][gc,director    ] Rule: Proactive, AcceptableGCInterval: 11,492s, TimeSinceLastGC: 5,373s, TimeUntilGC: 6,119s
[23,482s][debug][gc,alloc       ] Allocation Rate: 1462,0MB/s, Predicted: 1188,5MB/s, Avg: 1487,8(+/-231,7)MB/s
[23,482s][debug][gc,director    ] Select GC Workers (Unsteady), AvoidLongGCWorkers: 0,105, AvoidOOMGCWorkers: 2,356, LastGCWorkers: 3,000, HalfGCWorkers: 2,500, GCWorkers: 3,000
[23,482s][debug][gc,director    ] Rule: Allocation Rate (Dynamic GC Workers), MaxAllocRate: 2250,1MB/s (+/-15,6%), Free: 1218MB, GCCPUTime: 1,068, GCDuration: 0,374s, TimeUntilOOM: 0,468s, TimeUntilGC: -0,005s, GCWorkers: 3 -> 3
[23,482s][debug][gc,heap        ] GC(6) Heap before GC invocations=6 (full 6):
[23,482s][debug][gc,heap        ] GC(6)  ZHeap           used 11028M, capacity 11028M, max capacity 12288M
[23,482s][debug][gc,heap        ] GC(6)  Metaspace       used 31326K, committed 31744K, reserved 1114112K
[23,482s][debug][gc,heap        ] GC(6)   class space    used 3443K, committed 3648K, reserved 1048576K
[23,483s][info ][gc,start       ] GC(6) Garbage Collection (Allocation Rate)
[23,483s][info ][gc,task        ] GC(6) Using 3 workers
[23,483s][debug][gc,phases,start] GC(6) Pause Mark Start
[23,483s][debug][gc,marking     ] GC(6) Using 2 mark stripes
[23,483s][debug][gc,marking     ] GC(6) Mark Worker/Stripe Distribution
[23,483s][debug][gc,marking     ] GC(6)   Worker 0(3) -> Stripe 0(2)
[23,483s][debug][gc,marking     ] GC(6)   Worker 1(3) -> Stripe 1(2)
[23,483s][debug][gc,marking     ] GC(6)   Worker 2(3) -> Stripe 0(2)
[23,483s][info ][gc,phases      ] GC(6) Pause Mark Start 0,095ms
[23,483s][debug][gc,phases,start] GC(6) Concurrent Mark
[23,484s][debug][gc,task        ] GC(6) Executing Task: XMarkRootsTask, Active Workers: 3
[23,485s][debug][gc,tlab        ] GC(6) TLAB totals: thrds: 26  refills: 41017 max: 18498 slow allocs: 9826 max 654 waste:  2,1% gc: 3579952B max: 262008B slow: 214971776B max: 29894072B
[23,485s][debug][gc,task        ] GC(6) Executing Task: XMarkTask, Active Workers: 3
[23,581s][debug][gc,alloc       ] Allocation Rate: 1350,0MB/s, Predicted: 1194,3MB/s, Avg: 1451,2(+/-221,4)MB/s
[23,682s][debug][gc,alloc       ] Allocation Rate: 1258,0MB/s, Predicted: 1184,4MB/s, Avg: 1406,6(+/-210,6)MB/s
[23,734s][info ][gc,phases      ] GC(6) Concurrent Mark 250,747ms
[23,735s][debug][gc,phases,start] GC(6) Pause Mark End
[23,735s][debug][gc,task        ] GC(6) Executing Task: XMarkTask, Active Workers: 3
[23,735s][debug][gc,marking     ] GC(6) Mark With Timeout (XWorker#1): Completed, 78 oops, 0,023ms
[23,735s][debug][gc,marking     ] GC(6) Mark With Timeout (XWorker#1): Completed, 1 oops, 0,000ms
[23,735s][debug][gc,marking     ] GC(6) Mark With Timeout (XWorker#2): Completed, 1 oops, 0,000ms
[23,735s][info ][gc,phases      ] GC(6) Pause Mark End 0,347ms
[23,735s][debug][gc,phases,start] GC(6) Concurrent Mark Free
[23,735s][info ][gc,phases      ] GC(6) Concurrent Mark Free 0,033ms
[23,735s][debug][gc,phases,start] GC(6) Concurrent Process Non-Strong References
[23,735s][debug][gc,phases,start] GC(6) Concurrent References Process
[23,735s][debug][gc,task        ] GC(6) Executing Task: XReferenceProcessorTask, Active Workers: 3
[23,739s][debug][gc,phases      ] GC(6) Concurrent References Process 4,428ms
[23,740s][debug][gc,task        ] GC(6) Executing Task: XProcessWeakRootsTask, Active Workers: 3
[23,740s][debug][gc,phases,start] GC(6) Concurrent Classes Unlink
[23,740s][debug][gc,phases,start] GC(6) ClassLoaderData
[23,740s][debug][gc,phases      ] GC(6) ClassLoaderData 0,055ms
[23,740s][debug][gc,phases,start] GC(6) Trigger cleanups
[23,740s][debug][gc,phases      ] GC(6) Trigger cleanups 0,015ms
[23,740s][debug][gc,task        ] GC(6) Executing Task: XNMethodUnlinkTask, Active Workers: 3
[23,743s][debug][gc,phases      ] GC(6) Concurrent Classes Unlink 2,553ms
[23,743s][debug][gc,phases,start] GC(6) Concurrent Classes Purge
[23,743s][debug][gc,nmethod     ] GC(6) Unregister NMethod: io.sirix.node.delegates.NameNodeDelegate.hashCode (0x000070b044253110)
[23,743s][debug][gc,nmethod     ] GC(6) Unregister NMethod: java.util.concurrent.ForkJoinPool.scan (0x000070b04422d190)
[23,743s][debug][gc,nmethod     ] GC(6) Unregister NMethod: io.sirix.node.Utils.getVarLong (0x000070b043fd4310)
[23,743s][debug][gc,nmethod     ] GC(6) Unregister NMethod: java.lang.ref.Finalizer.register (0x000070b06373d490)
[23,743s][debug][gc,nmethod     ] GC(6) Unregister NMethod: java.lang.invoke.DirectMethodHandle$Holder.newInvokeSpecial (0x000070b043d45090)
[23,743s][debug][gc,nmethod     ] GC(6) Unregister NMethod: io.sirix.access.trx.page.NodePageReadOnlyTrx.getReferenceToLeafOfSubtree (0x000070b0441da110)
[23,743s][debug][gc,nmethod     ] GC(6) Unregister NMethod: io.sirix.index.path.summary.PathNode.<init> (0x000070b044250390)
[23,743s][debug][gc,nmethod     ] GC(6) Unregister NMethod: io.brackit.query.atomic.QNm.hashCode (0x000070b04405db10)
[23,743s][debug][gc,nmethod     ] GC(6) Unregister NMethod: it.unimi.dsi.fastutil.ints.Int2ObjectOpenHashMap.get (0x000070b044002210)
[23,743s][debug][gc,nmethod     ] GC(6) Unregister NMethod: java.util.ArrayList$ArrayListSpliterator.forEachRemaining (0x000070b0440f8910)
[23,743s][debug][gc,nmethod     ] GC(6) Unregister NMethod: java.util.concurrent.ForkJoinPool$WorkQueue.push (0x000070b044032a90)
[23,743s][debug][gc,nmethod     ] GC(6) Unregister NMethod: java.nio.Buffer.remaining (0x000070b043b7b190)
[23,743s][debug][gc,nmethod     ] GC(6) Unregister NMethod: jdk.internal.ref.CleanerFactory.cleaner (0x000070b043ab6e10)
[23,743s][debug][gc,nmethod     ] GC(6) Unregister NMethod: java.lang.ref.Finalizer.register (0x000070b043b11990)
[23,743s][debug][gc,nmethod     ] GC(6) Unregister NMethod: io.sirix.node.delegates.NameNodeDelegate.<init> (0x000070b04424f790)
[23,743s][debug][gc,nmethod     ] GC(6) Unregister NMethod: java.nio.MappedByteBuffer.position (0x000070b043d55510)
[23,743s][debug][gc,nmethod     ] GC(6) Unregister NMethod: io.sirix.access.trx.page.NodePageTrx$$Lambda/0x000000003d32e968.apply (0x000070b043b66b90)
[23,744s][debug][gc,nmethod     ] GC(6) Unregister NMethod: io.sirix.access.trx.page.NodePageReadOnlyTrx.getDataRecord (0x000070b04424c790)
[23,744s][debug][gc,nmethod     ] GC(6) Unregister NMethod: io.sirix.node.delegates.NodeDelegate.hashCode (0x000070b044251010)
[23,744s][debug][gc,nmethod     ] GC(6) Unregister NMethod: io.sirix.index.path.summary.PathSummaryReader.getName (0x000070b044251910)
[23,744s][debug][gc,nmethod     ] GC(6) Unregister NMethod: io.sirix.index.path.summary.PathNode.hashCode (0x000070b04424fd10)
[23,744s][debug][gc,nmethod     ] GC(6) Unregister NMethod: io.sirix.node.NodeSerializerImpl.deserialize (0x000070b04424a510)
[23,744s][debug][gc,nmethod     ] GC(6) Unregister NMethod: java.util.stream.Sink.begin (0x000070b0442d0e90)
[23,744s][debug][gc,nmethod     ] GC(6) Unregister NMethod: java.util.HashSet.add (0x000070b043a3ce90)
[23,744s][debug][gc,nmethod     ] GC(6) Unregister NMethod: jdk.internal.misc.Unsafe.putIntOpaque (0x000070b043b3cb10)
[23,744s][debug][gc,nmethod     ] GC(6) Unregister NMethod: java.util.concurrent.ForkJoinPool$WorkQueue.updateBase (0x000070b043b3d490)
[23,744s][debug][gc,phases      ] GC(6) Concurrent Classes Purge 0,589ms
[23,744s][debug][gc,phases,start] GC(6) Concurrent References Enqueue
[23,744s][debug][gc,phases      ] GC(6) Concurrent References Enqueue 0,013ms
[23,744s][info ][gc,phases      ] GC(6) Concurrent Process Non-Strong References 8,652ms
[23,744s][debug][gc,phases,start] GC(6) Concurrent Reset Relocation Set
[23,744s][info ][gc,phases      ] GC(6) Concurrent Reset Relocation Set 0,011ms
[23,744s][debug][gc,phases,start] GC(6) Concurrent Select Relocation Set
[23,746s][debug][gc,task        ] GC(6) Executing Task: XRelocationSetInstallTask, Active Workers: 3
[23,747s][info ][gc,phases      ] GC(6) Concurrent Select Relocation Set 3,362ms
[23,747s][debug][gc,phases,start] GC(6) Pause Relocate Start
[23,747s][info ][gc,phases      ] GC(6) Pause Relocate Start 0,078ms
[23,747s][debug][gc,phases,start] GC(6) Concurrent Relocate
[23,747s][debug][gc,task        ] GC(6) Executing Task: XRelocateTask, Active Workers: 3
[23,756s][info ][gc,phases      ] GC(6) Concurrent Relocate 8,666ms
[23,756s][debug][gc,heap        ] GC(6) Heap after GC invocations=7 (full 7):
[23,756s][debug][gc,heap        ] GC(6)  ZHeap           used 822M, capacity 11088M, max capacity 12288M
[23,756s][debug][gc,heap        ] GC(6)  Metaspace       used 31344K, committed 31744K, reserved 1114112K
[23,756s][debug][gc,heap        ] GC(6)   class space    used 3443K, committed 3648K, reserved 1048576K
[23,756s][info ][gc,load        ] GC(6) Load: 3,90/5,49/3,24
[23,756s][info ][gc,mmu         ] GC(6) MMU: 2ms/82,6%, 5ms/93,1%, 10ms/96,5%, 20ms/97,9%, 50ms/99,1%, 100ms/99,6%
[23,756s][info ][gc,marking     ] GC(6) Mark: 2 stripe(s), 2 proactive flush(es), 1 terminate flush(es), 1 completion(s), 0 continuation(s) 
[23,756s][info ][gc,marking     ] GC(6) Mark Stack Usage: 32M
[23,756s][info ][gc,nmethod     ] GC(6) NMethods: 3682 registered, 1181 unregistered
[23,756s][info ][gc,metaspace   ] GC(6) Metaspace: 30M used, 31M committed, 1088M reserved
[23,756s][info ][gc,ref         ] GC(6) Soft: 3931 encountered, 0 discovered, 0 enqueued
[23,756s][info ][gc,ref         ] GC(6) Weak: 1931 encountered, 130 discovered, 0 enqueued
[23,756s][info ][gc,ref         ] GC(6) Final: 14580 encountered, 14580 discovered, 14580 enqueued
[23,756s][info ][gc,ref         ] GC(6) Phantom: 572 encountered, 551 discovered, 174 enqueued
[23,756s][info ][gc,reloc       ] GC(6) Small Pages: 5498 / 10996M, Empty: 4126M, Relocated: 22M, In-Place: 0
[23,756s][info ][gc,reloc       ] GC(6) Medium Pages: 1 / 32M, Empty: 0M, Relocated: 0M, In-Place: 0
[23,756s][info ][gc,reloc       ] GC(6) Large Pages: 0 / 0M, Empty: 0M, Relocated: 0M, In-Place: 0
[23,756s][info ][gc,reloc       ] GC(6) Forwarding Usage: 2M
[23,756s][info ][gc,heap        ] GC(6) Min Capacity: 5120M(42%)
[23,756s][info ][gc,heap        ] GC(6) Max Capacity: 12288M(100%)
[23,756s][info ][gc,heap        ] GC(6) Soft Max Capacity: 12288M(100%)
[23,756s][info ][gc,heap        ] GC(6)                Mark Start          Mark End        Relocate Start      Relocate End           High               Low         
[23,756s][info ][gc,heap        ] GC(6)  Capacity:    11028M (90%)       11082M (90%)       11088M (90%)       11088M (90%)       11088M (90%)       11028M (90%)    
[23,756s][info ][gc,heap        ] GC(6)      Free:     1260M (10%)        1206M (10%)        5322M (43%)       11466M (93%)       11468M (93%)        1200M (10%)    
[23,756s][info ][gc,heap        ] GC(6)      Used:    11028M (90%)       11082M (90%)        6966M (57%)         822M (7%)        11088M (90%)         820M (7%)     
[23,756s][info ][gc,heap        ] GC(6)      Live:         -               547M (4%)          547M (4%)          547M (4%)             -                  -          
[23,756s][info ][gc,heap        ] GC(6) Allocated:         -                54M (0%)           64M (1%)           73M (1%)             -                  -          
[23,756s][info ][gc,heap        ] GC(6)   Garbage:         -             10480M (85%)        6354M (52%)         201M (2%)             -                  -          
[23,756s][info ][gc,heap        ] GC(6) Reclaimed:         -                  -              4126M (34%)       10279M (84%)            -                  -          
[23,756s][info ][gc             ] GC(6) Garbage Collection (Allocation Rate) 11028M(90%)->822M(7%)
[23,782s][debug][gc,alloc       ] Allocation Rate: 1214,0MB/s, Predicted: 1186,1MB/s, Avg: 1357,8(+/-192,3)MB/s
[23,782s][debug][gc,director    ] Select GC Workers (Try Lowering), AvoidLongGCWorkers: 0,113, AvoidOOMGCWorkers: 0,227, NextAvoidOOMGCWorkers: 0,272, LastGCWorkers: 3,000, GCWorkers: 1,000
[23,782s][debug][gc,director    ] Rule: Allocation Rate (Dynamic GC Workers), MaxAllocRate: 1990,5MB/s (+/-14,2%), Free: 11400MB, GCCPUTime: 1,149, GCDuration: 1,149s, TimeUntilOOM: 5,017s, TimeUntilGC: 3,768s, GCWorkers: 3 -> 1
[23,782s][debug][gc,director    ] Rule: High Usage, Free: 11400MB(92,8%)
[23,782s][debug][gc,director    ] Rule: Proactive, UsedUntilEnabled: 1204MB, TimeUntilEnabled: 299,974s
[23,882s][debug][gc,alloc       ] Allocation Rate: 1244,0MB/s, Predicted: 1222,8MB/s, Avg: 1315,6(+/-164,3)MB/s
[23,882s][debug][gc,director    ] Select GC Workers (Try Lowering), AvoidLongGCWorkers: 0,113, AvoidOOMGCWorkers: 0,210, NextAvoidOOMGCWorkers: 0,243, LastGCWorkers: 3,000, GCWorkers: 1,000
[23,882s][debug][gc,director    ] Rule: Allocation Rate (Dynamic GC Workers), MaxAllocRate: 1856,1MB/s (+/-12,5%), Free: 11284MB, GCCPUTime: 1,149, GCDuration: 1,149s, TimeUntilOOM: 5,404s, TimeUntilGC: 4,155s, GCWorkers: 3 -> 1
[23,882s][debug][gc,director    ] Rule: High Usage, Free: 11284MB(91,8%)
[23,882s][debug][gc,director    ] Rule: Proactive, UsedUntilEnabled: 1088MB, TimeUntilEnabled: 299,874s
[23,981s][debug][gc,alloc       ] Allocation Rate: 1296,0MB/s, Predicted: 1293,5MB/s, Avg: 1284,2(+/-131,8)MB/s
[23,981s][debug][gc,director    ] Select GC Workers (Try Lowering), AvoidLongGCWorkers: 0,113, AvoidOOMGCWorkers: 0,194, NextAvoidOOMGCWorkers: 0,217, LastGCWorkers: 3,000, GCWorkers: 1,000
[23,981s][debug][gc,director    ] Rule: Allocation Rate (Dynamic GC Workers), MaxAllocRate: 1727,2MB/s (+/-10,3%), Free: 11166MB, GCCPUTime: 1,149, GCDuration: 1,149s, TimeUntilOOM: 5,863s, TimeUntilGC: 4,614s, GCWorkers: 3 -> 1
[23,981s][debug][gc,director    ] Rule: High Usage, Free: 11166MB(90,9%)
[23,981s][debug][gc,director    ] Rule: Proactive, UsedUntilEnabled: 970MB, TimeUntilEnabled: 299,775s
[24,082s][debug][gc,alloc       ] Allocation Rate: 1342,0MB/s, Predicted: 1348,5MB/s, Avg: 1278,0(+/-127,4)MB/s
[24,082s][debug][gc,director    ] Select GC Workers (Try Lowering), AvoidLongGCWorkers: 0,113, AvoidOOMGCWorkers: 0,200, NextAvoidOOMGCWorkers: 0,220, LastGCWorkers: 3,000, GCWorkers: 1,000
[24,082s][debug][gc,director    ] Rule: Allocation Rate (Dynamic GC Workers), MaxAllocRate: 1767,8MB/s (+/-10,0%), Free: 11058MB, GCCPUTime: 1,149, GCDuration: 1,149s, TimeUntilOOM: 5,688s, TimeUntilGC: 4,439s, GCWorkers: 3 -> 1
[24,082s][debug][gc,director    ] Rule: High Usage, Free: 11058MB(90,0%)
[24,082s][debug][gc,director    ] Rule: Proactive, UsedUntilEnabled: 862MB, TimeUntilEnabled: 299,674s
[24,182s][debug][gc,alloc       ] Allocation Rate: 1180,0MB/s, Predicted: 1229,3MB/s, Avg: 1298,2(+/-88,2)MB/s
[24,182s][debug][gc,director    ] Select GC Workers (Try Lowering), AvoidLongGCWorkers: 0,113, AvoidOOMGCWorkers: 0,176, NextAvoidOOMGCWorkers: 0,189, LastGCWorkers: 3,000, GCWorkers: 1,000
[24,182s][debug][gc,director    ] Rule: Allocation Rate (Dynamic GC Workers), MaxAllocRate: 1588,5MB/s (+/-6,8%), Free: 10938MB, GCCPUTime: 1,149, GCDuration: 1,149s, TimeUntilOOM: 6,448s, TimeUntilGC: 5,198s, GCWorkers: 3 -> 1
[24,182s][debug][gc,director    ] Rule: High Usage, Free: 10938MB(89,0%)
[24,182s][debug][gc,director    ] Rule: Proactive, UsedUntilEnabled: 742MB, TimeUntilEnabled: 299,574s
[24,281s][debug][gc,alloc       ] Allocation Rate: 1050,0MB/s, Predicted: 1108,7MB/s, Avg: 1281,4(+/-114,1)MB/s
[24,281s][debug][gc,director    ] Select GC Workers (Try Lowering), AvoidLongGCWorkers: 0,113, AvoidOOMGCWorkers: 0,189, NextAvoidOOMGCWorkers: 0,201, LastGCWorkers: 3,000, GCWorkers: 1,000
[24,281s][debug][gc,director    ] Rule: Allocation Rate (Dynamic GC Workers), MaxAllocRate: 1656,8MB/s (+/-8,9%), Free: 10818MB, GCCPUTime: 1,149, GCDuration: 1,149s, TimeUntilOOM: 5,995s, TimeUntilGC: 4,746s, GCWorkers: 3 -> 1
[24,281s][debug][gc,director    ] Rule: High Usage, Free: 10818MB(88,0%)
[24,281s][debug][gc,director    ] Rule: Proactive, UsedUntilEnabled: 622MB, TimeUntilEnabled: 299,475s
[24,381s][debug][gc,alloc       ] Allocation Rate: 1714,0MB/s, Predicted: 1318,1MB/s, Avg: 1311,0(+/-170,3)MB/s
[24,382s][debug][gc,director    ] Select GC Workers (Try Lowering), AvoidLongGCWorkers: 0,113, AvoidOOMGCWorkers: 0,243, NextAvoidOOMGCWorkers: 0,256, LastGCWorkers: 3,000, GCWorkers: 1,000
[24,382s][debug][gc,director    ] Rule: Allocation Rate (Dynamic GC Workers), MaxAllocRate: 1878,4MB/s (+/-13,0%), Free: 9916MB, GCCPUTime: 1,149, GCDuration: 1,149s, TimeUntilOOM: 4,672s, TimeUntilGC: 3,423s, GCWorkers: 3 -> 1
[24,382s][debug][gc,director    ] Rule: High Usage, Free: 9916MB(80,7%)
[24,382s][debug][gc,director    ] Rule: Proactive, AcceptableGCInterval: 11,912s, TimeSinceLastGC: 0,625s, TimeUntilGC: 11,287s
[24,482s][debug][gc,alloc       ] Allocation Rate: 1592,0MB/s, Predicted: 1470,8MB/s, Avg: 1324,0(+/-185,6)MB/s
[24,482s][debug][gc,director    ] Select GC Workers (Try Lowering), AvoidLongGCWorkers: 0,113, AvoidOOMGCWorkers: 0,272, NextAvoidOOMGCWorkers: 0,281, LastGCWorkers: 3,000, GCWorkers: 1,000
[24,482s][debug][gc,director    ] Rule: Allocation Rate (Dynamic GC Workers), MaxAllocRate: 2081,4MB/s (+/-14,0%), Free: 9908MB, GCCPUTime: 1,149, GCDuration: 1,149s, TimeUntilOOM: 4,175s, TimeUntilGC: 2,926s, GCWorkers: 3 -> 1
[24,482s][debug][gc,director    ] Rule: High Usage, Free: 9908MB(80,6%)
[24,482s][debug][gc,director    ] Rule: Proactive, AcceptableGCInterval: 11,912s, TimeSinceLastGC: 0,726s, TimeUntilGC: 11,186s
[24,582s][debug][gc,alloc       ] Allocation Rate: 1592,0MB/s, Predicted: 1584,9MB/s, Avg: 1348,2(+/-202,4)MB/s
[24,582s][debug][gc,director    ] Select GC Workers (Unsteady), AvoidLongGCWorkers: 0,113, AvoidOOMGCWorkers: 0,298, LastGCWorkers: 3,000, HalfGCWorkers: 2,500, GCWorkers: 3,000
[24,582s][debug][gc,director    ] Rule: Allocation Rate (Dynamic GC Workers), MaxAllocRate: 2250,9MB/s (+/-15,0%), Free: 9898MB, GCCPUTime: 1,149, GCDuration: 0,394s, TimeUntilOOM: 3,823s, TimeUntilGC: 3,329s, GCWorkers: 3 -> 3
[24,582s][debug][gc,director    ] Rule: High Usage, Free: 9898MB(80,6%)
[24,582s][debug][gc,director    ] Rule: Proactive, AcceptableGCInterval: 11,912s, TimeSinceLastGC: 0,826s, TimeUntilGC: 11,086s
[24,681s][debug][gc,alloc       ] Allocation Rate: 1680,0MB/s, Predicted: 1693,6MB/s, Avg: 1390,4(+/-222,2)MB/s
[24,681s][debug][gc,director    ] Select GC Workers (Unsteady), AvoidLongGCWorkers: 0,113, AvoidOOMGCWorkers: 0,327, LastGCWorkers: 3,000, HalfGCWorkers: 2,500, GCWorkers: 3,000
[24,681s][debug][gc,director    ] Rule: Allocation Rate (Dynamic GC Workers), MaxAllocRate: 2424,8MB/s (+/-16,0%), Free: 9796MB, GCCPUTime: 1,149, GCDuration: 0,394s, TimeUntilOOM: 3,483s, TimeUntilGC: 2,989s, GCWorkers: 3 -> 3
[24,681s][debug][gc,director    ] Rule: High Usage, Free: 9796MB(79,7%)
[24,681s][debug][gc,director    ] Rule: Proactive, AcceptableGCInterval: 11,912s, TimeSinceLastGC: 0,925s, TimeUntilGC: 10,987s
[24,782s][debug][gc,alloc       ] Allocation Rate: 1722,0MB/s, Predicted: 1779,2MB/s, Avg: 1441,2(+/-233,8)MB/s
[24,782s][debug][gc,director    ] Select GC Workers (Unsteady), AvoidLongGCWorkers: 0,113, AvoidOOMGCWorkers: 0,348, LastGCWorkers: 3,000, HalfGCWorkers: 2,500, GCWorkers: 3,000
[24,782s][debug][gc,director    ] Rule: Allocation Rate (Dynamic GC Workers), MaxAllocRate: 2548,7MB/s (+/-16,2%), Free: 9678MB, GCCPUTime: 1,149, GCDuration: 0,394s, TimeUntilOOM: 3,267s, TimeUntilGC: 2,773s, GCWorkers: 3 -> 3
[24,782s][debug][gc,director    ] Rule: High Usage, Free: 9678MB(78,8%)
[24,782s][debug][gc,director    ] Rule: Proactive, AcceptableGCInterval: 11,912s, TimeSinceLastGC: 1,026s, TimeUntilGC: 10,886s
[24,882s][debug][gc,alloc       ] Allocation Rate: 1722,0MB/s, Predicted: 1838,9MB/s, Avg: 1489,0(+/-237,5)MB/s
[24,882s][debug][gc,director    ] Select GC Workers (Unsteady), AvoidLongGCWorkers: 0,113, AvoidOOMGCWorkers: 0,362, LastGCWorkers: 3,000, HalfGCWorkers: 2,500, GCWorkers: 3,000
[24,882s][debug][gc,director    ] Rule: Allocation Rate (Dynamic GC Workers), MaxAllocRate: 2620,4MB/s (+/-15,9%), Free: 9562MB, GCCPUTime: 1,149, GCDuration: 0,394s, TimeUntilOOM: 3,147s, TimeUntilGC: 2,653s, GCWorkers: 3 -> 3
[24,882s][debug][gc,director    ] Rule: High Usage, Free: 9562MB(77,8%)
[24,882s][debug][gc,director    ] Rule: Proactive, AcceptableGCInterval: 11,912s, TimeSinceLastGC: 1,126s, TimeUntilGC: 10,786s
[24,981s][debug][gc,alloc       ] Allocation Rate: 1720,0MB/s, Predicted: 1879,9MB/s, Avg: 1531,4(+/-237,1)MB/s
[24,981s][debug][gc,director    ] Select GC Workers (Unsteady), AvoidLongGCWorkers: 0,113, AvoidOOMGCWorkers: 0,370, LastGCWorkers: 3,000, HalfGCWorkers: 2,500, GCWorkers: 3,000
[24,981s][debug][gc,director    ] Rule: Allocation Rate (Dynamic GC Workers), MaxAllocRate: 2660,0MB/s (+/-15,5%), Free: 9446MB, GCCPUTime: 1,149, GCDuration: 0,394s, TimeUntilOOM: 3,075s, TimeUntilGC: 2,581s, GCWorkers: 3 -> 3
[24,981s][debug][gc,director    ] Rule: High Usage, Free: 9446MB(76,9%)
[24,981s][debug][gc,director    ] Rule: Proactive, AcceptableGCInterval: 11,912s, TimeSinceLastGC: 1,225s, TimeUntilGC: 10,687s
[25,082s][debug][gc,alloc       ] Allocation Rate: 1732,0MB/s, Predicted: 1909,6MB/s, Avg: 1570,4(+/-234,8)MB/s
[25,082s][debug][gc,director    ] Select GC Workers (Try Lowering), AvoidLongGCWorkers: 0,113, AvoidOOMGCWorkers: 0,377, NextAvoidOOMGCWorkers: 0,326, LastGCWorkers: 3,000, GCWorkers: 1,000
[25,082s][debug][gc,director    ] Rule: Allocation Rate (Dynamic GC Workers), MaxAllocRate: 2682,2MB/s (+/-15,0%), Free: 9326MB, GCCPUTime: 1,149, GCDuration: 1,149s, TimeUntilOOM: 3,025s, TimeUntilGC: 1,776s, GCWorkers: 3 -> 1
[25,082s][debug][gc,director    ] Rule: High Usage, Free: 9326MB(75,9%)
[25,082s][debug][gc,director    ] Rule: Proactive, AcceptableGCInterval: 11,912s, TimeSinceLastGC: 1,325s, TimeUntilGC: 10,587s
[25,184s][debug][gc,alloc       ] Allocation Rate: 1822,0MB/s, Predicted: 1906,1MB/s, Avg: 1634,6(+/-205,2)MB/s
[25,184s][debug][gc,director    ] Select GC Workers (Try Lowering), AvoidLongGCWorkers: 0,113, AvoidOOMGCWorkers: 0,363, NextAvoidOOMGCWorkers: 0,307, LastGCWorkers: 3,000, GCWorkers: 1,000
[25,184s][debug][gc,director    ] Rule: Allocation Rate (Dynamic GC Workers), MaxAllocRate: 2581,2MB/s (+/-12,6%), Free: 9114MB, GCCPUTime: 1,149, GCDuration: 1,149s, TimeUntilOOM: 3,137s, TimeUntilGC: 1,888s, GCWorkers: 3 -> 1
[25,184s][debug][gc,director    ] Rule: High Usage, Free: 9110MB(74,1%)
[25,184s][debug][gc,director    ] Rule: Proactive, AcceptableGCInterval: 11,912s, TimeSinceLastGC: 1,428s, TimeUntilGC: 10,484s
[25,282s][debug][gc,alloc       ] Allocation Rate: 2476,0MB/s, Predicted: 2086,8MB/s, Avg: 1777,2(+/-241,6)MB/s
[25,282s][debug][gc,director    ] Select GC Workers (Try Lowering), AvoidLongGCWorkers: 0,113, AvoidOOMGCWorkers: 0,447, NextAvoidOOMGCWorkers: 0,354, LastGCWorkers: 3,000, GCWorkers: 1,000
[25,282s][debug][gc,director    ] Rule: Allocation Rate (Dynamic GC Workers), MaxAllocRate: 2881,8MB/s (+/-13,6%), Free: 8342MB, GCCPUTime: 1,149, GCDuration: 1,149s, TimeUntilOOM: 2,548s, TimeUntilGC: 1,299s, GCWorkers: 3 -> 1
[25,282s][debug][gc,director    ] Rule: High Usage, Free: 8342MB(67,9%)
[25,282s][debug][gc,director    ] Rule: Proactive, AcceptableGCInterval: 11,912s, TimeSinceLastGC: 1,526s, TimeUntilGC: 10,386s
[25,381s][debug][gc,alloc       ] Allocation Rate: 1584,0MB/s, Predicted: 1992,7MB/s, Avg: 1764,2(+/-248,1)MB/s
[25,381s][debug][gc,director    ] Select GC Workers (Try Lowering), AvoidLongGCWorkers: 0,113, AvoidOOMGCWorkers: 0,438, NextAvoidOOMGCWorkers: 0,338, LastGCWorkers: 3,000, GCWorkers: 1,000
[25,381s][debug][gc,director    ] Rule: Allocation Rate (Dynamic GC Workers), MaxAllocRate: 2809,0MB/s (+/-14,1%), Free: 8332MB, GCCPUTime: 1,149, GCDuration: 1,149s, TimeUntilOOM: 2,601s, TimeUntilGC: 1,351s, GCWorkers: 3 -> 1
[25,381s][debug][gc,director    ] Rule: High Usage, Free: 8332MB(67,8%)
[25,381s][debug][gc,director    ] Rule: Proactive, AcceptableGCInterval: 11,912s, TimeSinceLastGC: 1,625s, TimeUntilGC: 10,287s
[25,482s][debug][gc,alloc       ] Allocation Rate: 1628,0MB/s, Predicted: 1892,3MB/s, Avg: 1767,8(+/-245,8)MB/s
[25,482s][debug][gc,director    ] Select GC Workers (Try Lowering), AvoidLongGCWorkers: 0,113, AvoidOOMGCWorkers: 0,423, NextAvoidOOMGCWorkers: 0,320, LastGCWorkers: 3,000, GCWorkers: 1,000
[25,482s][debug][gc,director    ] Rule: Allocation Rate (Dynamic GC Workers), MaxAllocRate: 2701,1MB/s (+/-13,9%), Free: 8280MB, GCCPUTime: 1,149, GCDuration: 1,149s, TimeUntilOOM: 2,691s, TimeUntilGC: 1,442s, GCWorkers: 3 -> 1
[25,482s][debug][gc,director    ] Rule: High Usage, Free: 8280MB(67,4%)
[25,482s][debug][gc,director    ] Rule: Proactive, AcceptableGCInterval: 11,912s, TimeSinceLastGC: 1,726s, TimeUntilGC: 10,186s
[25,582s][debug][gc,alloc       ] Allocation Rate: 1740,0MB/s, Predicted: 1834,3MB/s, Avg: 1782,6(+/-239,1)MB/s
[25,582s][debug][gc,director    ] Select GC Workers (Try Lowering), AvoidLongGCWorkers: 0,113, AvoidOOMGCWorkers: 0,415, NextAvoidOOMGCWorkers: 0,306, LastGCWorkers: 3,000, GCWorkers: 1,000
[25,582s][debug][gc,director    ] Rule: Allocation Rate (Dynamic GC Workers), MaxAllocRate: 2621,2MB/s (+/-13,4%), Free: 8158MB, GCCPUTime: 1,149, GCDuration: 1,149s, TimeUntilOOM: 2,744s, TimeUntilGC: 1,495s, GCWorkers: 3 -> 1
[25,582s][debug][gc,director    ] Rule: High Usage, Free: 8158MB(66,4%)
[25,582s][debug][gc,director    ] Rule: Proactive, AcceptableGCInterval: 11,912s, TimeSinceLastGC: 1,826s, TimeUntilGC: 10,086s
[25,681s][debug][gc,alloc       ] Allocation Rate: 1758,0MB/s, Predicted: 1797,1MB/s, Avg: 1790,4(+/-236,9)MB/s
[25,681s][debug][gc,director    ] Select GC Workers (Try Lowering), AvoidLongGCWorkers: 0,113, AvoidOOMGCWorkers: 0,414, NextAvoidOOMGCWorkers: 0,297, LastGCWorkers: 3,000, GCWorkers: 1,000
[25,681s][debug][gc,director    ] Rule: Allocation Rate (Dynamic GC Workers), MaxAllocRate: 2576,7MB/s (+/-13,2%), Free: 8038MB, GCCPUTime: 1,149, GCDuration: 1,149s, TimeUntilOOM: 2,755s, TimeUntilGC: 1,506s, GCWorkers: 3 -> 1
[25,681s][debug][gc,director    ] Rule: High Usage, Free: 8038MB(65,4%)
[25,681s][debug][gc,director    ] Rule: Proactive, AcceptableGCInterval: 11,912s, TimeSinceLastGC: 1,925s, TimeUntilGC: 9,987s
[25,782s][debug][gc,alloc       ] Allocation Rate: 1762,0MB/s, Predicted: 1767,5MB/s, Avg: 1794,4(+/-236,1)MB/s
[25,782s][debug][gc,director    ] Select GC Workers (Try Lowering), AvoidLongGCWorkers: 0,113, AvoidOOMGCWorkers: 0,419, NextAvoidOOMGCWorkers: 0,292, LastGCWorkers: 3,000, GCWorkers: 1,000
[25,782s][debug][gc,director    ] Rule: Allocation Rate (Dynamic GC Workers), MaxAllocRate: 2571,2MB/s (+/-13,2%), Free: 7916MB, GCCPUTime: 1,149, GCDuration: 1,149s, TimeUntilOOM: 2,721s, TimeUntilGC: 1,472s, GCWorkers: 3 -> 1
[25,782s][debug][gc,director    ] Rule: High Usage, Free: 7916MB(64,4%)
[25,782s][debug][gc,director    ] Rule: Proactive, AcceptableGCInterval: 11,912s, TimeSinceLastGC: 2,025s, TimeUntilGC: 9,887s
[25,882s][debug][gc,alloc       ] Allocation Rate: 1770,0MB/s, Predicted: 1738,4MB/s, Avg: 1799,2(+/-235,0)MB/s
[25,882s][debug][gc,director    ] Select GC Workers (Try Lowering), AvoidLongGCWorkers: 0,113, AvoidOOMGCWorkers: 0,425, NextAvoidOOMGCWorkers: 0,288, LastGCWorkers: 3,000, GCWorkers: 1,000
[25,882s][debug][gc,director    ] Rule: Allocation Rate (Dynamic GC Workers), MaxAllocRate: 2572,6MB/s (+/-13,1%), Free: 7792MB, GCCPUTime: 1,149, GCDuration: 1,149s, TimeUntilOOM: 2,679s, TimeUntilGC: 1,430s, GCWorkers: 3 -> 1
[25,882s][debug][gc,director    ] Rule: High Usage, Free: 7792MB(63,4%)
[25,882s][debug][gc,director    ] Rule: Proactive, AcceptableGCInterval: 11,912s, TimeSinceLastGC: 2,126s, TimeUntilGC: 9,786s
[25,982s][debug][gc,alloc       ] Allocation Rate: 1778,0MB/s, Predicted: 1708,8MB/s, Avg: 1805,0(+/-233,7)MB/s
[25,982s][debug][gc,director    ] Select GC Workers (Try Lowering), AvoidLongGCWorkers: 0,113, AvoidOOMGCWorkers: 0,432, NextAvoidOOMGCWorkers: 0,284, LastGCWorkers: 3,000, GCWorkers: 1,000
[25,982s][debug][gc,director    ] Rule: Allocation Rate (Dynamic GC Workers), MaxAllocRate: 2574,1MB/s (+/-12,9%), Free: 7668MB, GCCPUTime: 1,149, GCDuration: 1,149s, TimeUntilOOM: 2,637s, TimeUntilGC: 1,388s, GCWorkers: 3 -> 1
[25,982s][debug][gc,director    ] Rule: High Usage, Free: 7668MB(62,4%)
[25,982s][debug][gc,director    ] Rule: Proactive, AcceptableGCInterval: 11,912s, TimeSinceLastGC: 2,226s, TimeUntilGC: 9,686s
[26,082s][debug][gc,alloc       ] Allocation Rate: 2546,0MB/s, Predicted: 1985,7MB/s, Avg: 1886,4(+/-320,0)MB/s
[26,082s][debug][gc,director    ] Select GC Workers (Unsteady), AvoidLongGCWorkers: 0,113, AvoidOOMGCWorkers: 0,599, LastGCWorkers: 3,000, HalfGCWorkers: 2,500, GCWorkers: 3,000
[26,082s][debug][gc,director    ] Rule: Allocation Rate (Dynamic GC Workers), MaxAllocRate: 3038,6MB/s (+/-17,0%), Free: 6780MB, GCCPUTime: 1,149, GCDuration: 0,394s, TimeUntilOOM: 1,908s, TimeUntilGC: 1,414s, GCWorkers: 3 -> 3
[26,082s][debug][gc,director    ] Rule: High Usage, Free: 6780MB(55,2%)
[26,082s][debug][gc,director    ] Rule: Proactive, AcceptableGCInterval: 11,912s, TimeSinceLastGC: 2,325s, TimeUntilGC: 9,586s
[26,182s][debug][gc,alloc       ] Allocation Rate: 2348,0MB/s, Predicted: 2153,2MB/s, Avg: 1939,0(+/-347,1)MB/s
[26,182s][debug][gc,director    ] Select GC Workers (Unsteady), AvoidLongGCWorkers: 0,113, AvoidOOMGCWorkers: 0,656, LastGCWorkers: 3,000, HalfGCWorkers: 2,500, GCWorkers: 3,000
[26,182s][debug][gc,director    ] Rule: Allocation Rate (Dynamic GC Workers), MaxAllocRate: 3295,5MB/s (+/-17,9%), Free: 6768MB, GCCPUTime: 1,149, GCDuration: 0,394s, TimeUntilOOM: 1,742s, TimeUntilGC: 1,248s, GCWorkers: 3 -> 3
[26,182s][debug][gc,director    ] Rule: High Usage, Free: 6768MB(55,1%)
[26,182s][debug][gc,director    ] Rule: Proactive, AcceptableGCInterval: 11,912s, TimeSinceLastGC: 2,426s, TimeUntilGC: 9,486s
[26,281s][debug][gc,alloc       ] Allocation Rate: 1614,0MB/s, Predicted: 2166,4MB/s, Avg: 1852,8(+/-307,9)MB/s
[26,281s][debug][gc,director    ] Select GC Workers (Unsteady), AvoidLongGCWorkers: 0,113, AvoidOOMGCWorkers: 0,630, LastGCWorkers: 3,000, HalfGCWorkers: 2,500, GCWorkers: 3,000
[26,281s][debug][gc,director    ] Rule: Allocation Rate (Dynamic GC Workers), MaxAllocRate: 3179,5MB/s (+/-16,6%), Free: 6728MB, GCCPUTime: 1,149, GCDuration: 0,394s, TimeUntilOOM: 1,815s, TimeUntilGC: 1,320s, GCWorkers: 3 -> 3
[26,281s][debug][gc,director    ] Rule: High Usage, Free: 6728MB(54,8%)
[26,281s][debug][gc,director    ] Rule: Proactive, AcceptableGCInterval: 11,912s, TimeSinceLastGC: 2,525s, TimeUntilGC: 9,387s
[26,381s][debug][gc,alloc       ] Allocation Rate: 1712,0MB/s, Predicted: 2038,4MB/s, Avg: 1865,6(+/-299,0)MB/s
[26,382s][debug][gc,director    ] Select GC Workers (Unsteady), AvoidLongGCWorkers: 0,113, AvoidOOMGCWorkers: 0,605, LastGCWorkers: 3,000, HalfGCWorkers: 2,500, GCWorkers: 3,000
[26,382s][debug][gc,director    ] Rule: Allocation Rate (Dynamic GC Workers), MaxAllocRate: 3022,2MB/s (+/-16,0%), Free: 6620MB, GCCPUTime: 1,149, GCDuration: 0,394s, TimeUntilOOM: 1,888s, TimeUntilGC: 1,394s, GCWorkers: 3 -> 3
[26,382s][debug][gc,director    ] Rule: High Usage, Free: 6620MB(53,9%)
[26,382s][debug][gc,director    ] Rule: Proactive, AcceptableGCInterval: 11,912s, TimeSinceLastGC: 2,625s, TimeUntilGC: 9,287s
[26,482s][debug][gc,alloc       ] Allocation Rate: 1780,0MB/s, Predicted: 1940,8MB/s, Avg: 1880,8(+/-290,3)MB/s
[26,482s][debug][gc,director    ] Select GC Workers (Unsteady), AvoidLongGCWorkers: 0,113, AvoidOOMGCWorkers: 0,588, LastGCWorkers: 3,000, HalfGCWorkers: 2,500, GCWorkers: 3,000
[26,482s][debug][gc,director    ] Rule: Allocation Rate (Dynamic GC Workers), MaxAllocRate: 2895,9MB/s (+/-15,4%), Free: 6500MB, GCCPUTime: 1,149, GCDuration: 0,394s, TimeUntilOOM: 1,944s, TimeUntilGC: 1,450s, GCWorkers: 3 -> 3
[26,482s][debug][gc,director    ] Rule: High Usage, Free: 6500MB(52,9%)
[26,482s][debug][gc,director    ] Rule: Proactive, AcceptableGCInterval: 11,912s, TimeSinceLastGC: 2,726s, TimeUntilGC: 9,186s
[26,582s][debug][gc,alloc       ] Allocation Rate: 1780,0MB/s, Predicted: 1862,9MB/s, Avg: 1884,8(+/-288,6)MB/s
[26,582s][debug][gc,director    ] Select GC Workers (Unsteady), AvoidLongGCWorkers: 0,113, AvoidOOMGCWorkers: 0,585, LastGCWorkers: 3,000, HalfGCWorkers: 2,500, GCWorkers: 3,000
[26,582s][debug][gc,director    ] Rule: Allocation Rate (Dynamic GC Workers), MaxAllocRate: 2834,3MB/s (+/-15,3%), Free: 6378MB, GCCPUTime: 1,149, GCDuration: 0,394s, TimeUntilOOM: 1,952s, TimeUntilGC: 1,457s, GCWorkers: 3 -> 3
[26,582s][debug][gc,director    ] Rule: High Usage, Free: 6378MB(51,9%)
[26,582s][debug][gc,director    ] Rule: Proactive, AcceptableGCInterval: 11,912s, TimeSinceLastGC: 2,826s, TimeUntilGC: 9,086s
[26,681s][debug][gc,alloc       ] Allocation Rate: 1778,0MB/s, Predicted: 1786,4MB/s, Avg: 1886,8(+/-287,7)MB/s
[26,682s][debug][gc,director    ] Select GC Workers (Unsteady), AvoidLongGCWorkers: 0,113, AvoidOOMGCWorkers: 0,596, LastGCWorkers: 3,000, HalfGCWorkers: 2,500, GCWorkers: 3,000
[26,682s][debug][gc,director    ] Rule: Allocation Rate (Dynamic GC Workers), MaxAllocRate: 2833,6MB/s (+/-15,3%), Free: 6260MB, GCCPUTime: 1,149, GCDuration: 0,394s, TimeUntilOOM: 1,917s, TimeUntilGC: 1,423s, GCWorkers: 3 -> 3
[26,682s][debug][gc,director    ] Rule: High Usage, Free: 6260MB(50,9%)
[26,682s][debug][gc,director    ] Rule: Proactive, AcceptableGCInterval: 11,912s, TimeSinceLastGC: 2,925s, TimeUntilGC: 8,987s
[26,782s][debug][gc,alloc       ] Allocation Rate: 1774,0MB/s, Predicted: 1708,0MB/s, Avg: 1888,0(+/-287,2)MB/s
[26,782s][debug][gc,director    ] Select GC Workers (Unsteady), AvoidLongGCWorkers: 0,113, AvoidOOMGCWorkers: 0,608, LastGCWorkers: 3,000, HalfGCWorkers: 2,500, GCWorkers: 3,000
[26,782s][debug][gc,director    ] Rule: Allocation Rate (Dynamic GC Workers), MaxAllocRate: 2833,2MB/s (+/-15,2%), Free: 6140MB, GCCPUTime: 1,149, GCDuration: 0,394s, TimeUntilOOM: 1,881s, TimeUntilGC: 1,387s, GCWorkers: 3 -> 3
[26,782s][debug][gc,director    ] Rule: High Usage, Free: 6140MB(50,0%)
[26,782s][debug][gc,director    ] Rule: Proactive, AcceptableGCInterval: 11,912s, TimeSinceLastGC: 3,026s, TimeUntilGC: 8,886s
[26,882s][debug][gc,alloc       ] Allocation Rate: 2530,0MB/s, Predicted: 1933,3MB/s, Avg: 1964,0(+/-341,4)MB/s
[26,882s][debug][gc,director    ] Select GC Workers (Unsteady), AvoidLongGCWorkers: 0,113, AvoidOOMGCWorkers: 0,789, LastGCWorkers: 3,000, HalfGCWorkers: 2,500, GCWorkers: 3,000
[26,882s][debug][gc,director    ] Rule: Allocation Rate (Dynamic GC Workers), MaxAllocRate: 3087,4MB/s (+/-17,4%), Free: 5260MB, GCCPUTime: 1,149, GCDuration: 0,394s, TimeUntilOOM: 1,451s, TimeUntilGC: 0,957s, GCWorkers: 3 -> 3
[26,882s][debug][gc,director    ] Rule: High Usage, Free: 5260MB(42,8%)
[26,882s][debug][gc,director    ] Rule: Proactive, AcceptableGCInterval: 11,912s, TimeSinceLastGC: 3,126s, TimeUntilGC: 8,786s
[26,981s][debug][gc,alloc       ] Allocation Rate: 2464,0MB/s, Predicted: 2083,7MB/s, Avg: 2032,6(+/-365,2)MB/s
[26,981s][debug][gc,director    ] Select GC Workers (Unsteady), AvoidLongGCWorkers: 0,113, AvoidOOMGCWorkers: 0,854, LastGCWorkers: 3,000, HalfGCWorkers: 2,500, GCWorkers: 3,000
[26,982s][debug][gc,director    ] Rule: Allocation Rate (Dynamic GC Workers), MaxAllocRate: 3285,5MB/s (+/-18,0%), Free: 5204MB, GCCPUTime: 1,149, GCDuration: 0,394s, TimeUntilOOM: 1,343s, TimeUntilGC: 0,849s, GCWorkers: 3 -> 3
[26,982s][debug][gc,director    ] Rule: High Usage, Free: 5204MB(42,4%)
[26,982s][debug][gc,director    ] Rule: Proactive, AcceptableGCInterval: 11,912s, TimeSinceLastGC: 3,225s, TimeUntilGC: 8,687s
[27,082s][debug][gc,alloc       ] Allocation Rate: 1588,0MB/s, Predicted: 2042,8MB/s, Avg: 1936,8(+/-343,0)MB/s
[27,082s][debug][gc,director    ] Select GC Workers (Unsteady), AvoidLongGCWorkers: 0,113, AvoidOOMGCWorkers: 0,824, LastGCWorkers: 3,000, HalfGCWorkers: 2,500, GCWorkers: 3,000
[27,082s][debug][gc,director    ] Rule: Allocation Rate (Dynamic GC Workers), MaxAllocRate: 3171,3MB/s (+/-17,7%), Free: 5192MB, GCCPUTime: 1,149, GCDuration: 0,394s, TimeUntilOOM: 1,391s, TimeUntilGC: 0,897s, GCWorkers: 3 -> 3
[27,082s][debug][gc,director    ] Rule: High Usage, Free: 5192MB(42,3%)
[27,082s][debug][gc,director    ] Rule: Proactive, AcceptableGCInterval: 11,912s, TimeSinceLastGC: 3,326s, TimeUntilGC: 8,586s
[27,182s][debug][gc,alloc       ] Allocation Rate: 1624,0MB/s, Predicted: 2027,3MB/s, Avg: 1864,4(+/-324,4)MB/s
[27,182s][debug][gc,director    ] Select GC Workers (Unsteady), AvoidLongGCWorkers: 0,113, AvoidOOMGCWorkers: 0,810, LastGCWorkers: 3,000, HalfGCWorkers: 2,500, GCWorkers: 3,000
[27,182s][debug][gc,director    ] Rule: Allocation Rate (Dynamic GC Workers), MaxAllocRate: 3094,9MB/s (+/-17,4%), Free: 5144MB, GCCPUTime: 1,149, GCDuration: 0,394s, TimeUntilOOM: 1,416s, TimeUntilGC: 0,922s, GCWorkers: 3 -> 3
[27,182s][debug][gc,director    ] Rule: High Usage, Free: 5144MB(41,9%)
[27,182s][debug][gc,director    ] Rule: Proactive, AcceptableGCInterval: 11,912s, TimeSinceLastGC: 3,426s, TimeUntilGC: 8,486s
[27,281s][debug][gc,alloc       ] Allocation Rate: 1678,0MB/s, Predicted: 1886,0MB/s, Avg: 1870,8(+/-320,0)MB/s
[27,281s][debug][gc,director    ] Select GC Workers (Unsteady), AvoidLongGCWorkers: 0,113, AvoidOOMGCWorkers: 0,781, LastGCWorkers: 3,000, HalfGCWorkers: 2,500, GCWorkers: 3,000
[27,281s][debug][gc,director    ] Rule: Allocation Rate (Dynamic GC Workers), MaxAllocRate: 2939,1MB/s (+/-17,1%), Free: 5050MB, GCCPUTime: 1,149, GCDuration: 0,394s, TimeUntilOOM: 1,467s, TimeUntilGC: 0,973s, GCWorkers: 3 -> 3
[27,281s][debug][gc,director    ] Rule: High Usage, Free: 5050MB(41,1%)
[27,281s][debug][gc,director    ] Rule: Proactive, AcceptableGCInterval: 11,912s, TimeSinceLastGC: 3,525s, TimeUntilGC: 8,387s
[27,382s][debug][gc,alloc       ] Allocation Rate: 1692,0MB/s, Predicted: 1772,1MB/s, Avg: 1868,8(+/-321,1)MB/s
[27,382s][debug][gc,director    ] Select GC Workers (Unsteady), AvoidLongGCWorkers: 0,113, AvoidOOMGCWorkers: 0,797, LastGCWorkers: 3,000, HalfGCWorkers: 2,500, GCWorkers: 3,000
[27,382s][debug][gc,director    ] Rule: Allocation Rate (Dynamic GC Workers), MaxAllocRate: 2925,3MB/s (+/-17,2%), Free: 4928MB, GCCPUTime: 1,149, GCDuration: 0,394s, TimeUntilOOM: 1,438s, TimeUntilGC: 0,943s, GCWorkers: 3 -> 3
[27,382s][debug][gc,director    ] Rule: High Usage, Free: 4928MB(40,1%)
[27,382s][debug][gc,director    ] Rule: Proactive, AcceptableGCInterval: 11,912s, TimeSinceLastGC: 3,626s, TimeUntilGC: 8,286s
[27,482s][debug][gc,alloc       ] Allocation Rate: 1694,0MB/s, Predicted: 1678,5MB/s, Avg: 1860,2(+/-324,5)MB/s
[27,482s][debug][gc,director    ] Select GC Workers (Unsteady), AvoidLongGCWorkers: 0,113, AvoidOOMGCWorkers: 0,820, LastGCWorkers: 3,000, HalfGCWorkers: 2,500, GCWorkers: 3,000
[27,482s][debug][gc,director    ] Rule: Allocation Rate (Dynamic GC Workers), MaxAllocRate: 2927,9MB/s (+/-17,4%), Free: 4806MB, GCCPUTime: 1,149, GCDuration: 0,394s, TimeUntilOOM: 1,398s, TimeUntilGC: 0,904s, GCWorkers: 3 -> 3
[27,482s][debug][gc,director    ] Rule: High Usage, Free: 4806MB(39,1%)
[27,482s][debug][gc,director    ] Rule: Proactive, AcceptableGCInterval: 11,912s, TimeSinceLastGC: 3,726s, TimeUntilGC: 8,186s
[27,581s][debug][gc,alloc       ] Allocation Rate: 1688,0MB/s, Predicted: 1588,3MB/s, Avg: 1851,0(+/-327,9)MB/s
[27,581s][debug][gc,director    ] Select GC Workers (Unsteady), AvoidLongGCWorkers: 0,113, AvoidOOMGCWorkers: 0,843, LastGCWorkers: 3,000, HalfGCWorkers: 2,500, GCWorkers: 3,000
[27,581s][debug][gc,director    ] Rule: Allocation Rate (Dynamic GC Workers), MaxAllocRate: 2930,0MB/s (+/-17,7%), Free: 4690MB, GCCPUTime: 1,149, GCDuration: 0,394s, TimeUntilOOM: 1,360s, TimeUntilGC: 0,866s, GCWorkers: 3 -> 3
[27,581s][debug][gc,director    ] Rule: High Usage, Free: 4690MB(38,2%)
[27,581s][debug][gc,director    ] Rule: Proactive, AcceptableGCInterval: 11,912s, TimeSinceLastGC: 3,825s, TimeUntilGC: 8,087s
[27,682s][debug][gc,alloc       ] Allocation Rate: 1692,0MB/s, Predicted: 1505,2MB/s, Avg: 1842,4(+/-330,8)MB/s
[27,682s][debug][gc,director    ] Select GC Workers (Unsteady), AvoidLongGCWorkers: 0,113, AvoidOOMGCWorkers: 0,868, LastGCWorkers: 3,000, HalfGCWorkers: 2,500, GCWorkers: 3,000
[27,682s][debug][gc,director    ] Rule: Allocation Rate (Dynamic GC Workers), MaxAllocRate: 2931,0MB/s (+/-18,0%), Free: 4568MB, GCCPUTime: 1,149, GCDuration: 0,394s, TimeUntilOOM: 1,321s, TimeUntilGC: 0,827s, GCWorkers: 3 -> 3
[27,682s][debug][gc,director    ] Rule: High Usage, Free: 4568MB(37,2%)
[27,682s][debug][gc,director    ] Rule: Proactive, AcceptableGCInterval: 11,912s, TimeSinceLastGC: 3,926s, TimeUntilGC: 7,986s
[27,782s][debug][gc,alloc       ] Allocation Rate: 2502,0MB/s, Predicted: 1750,8MB/s, Avg: 1915,2(+/-383,6)MB/s
[27,782s][debug][gc,director    ] Select GC Workers (Unsteady), AvoidLongGCWorkers: 0,113, AvoidOOMGCWorkers: 1,208, LastGCWorkers: 3,000, HalfGCWorkers: 2,500, GCWorkers: 3,000
[27,782s][debug][gc,director    ] Rule: Allocation Rate (Dynamic GC Workers), MaxAllocRate: 3177,6MB/s (+/-20,0%), Free: 3640MB, GCCPUTime: 1,149, GCDuration: 0,394s, TimeUntilOOM: 0,954s, TimeUntilGC: 0,460s, GCWorkers: 3 -> 3
[27,782s][debug][gc,director    ] Rule: High Usage, Free: 3640MB(29,6%)
[27,782s][debug][gc,director    ] Rule: Proactive, AcceptableGCInterval: 11,912s, TimeSinceLastGC: 4,026s, TimeUntilGC: 7,886s
[27,881s][debug][gc,alloc       ] Allocation Rate: 1630,0MB/s, Predicted: 1800,7MB/s, Avg: 1825,2(+/-330,8)MB/s
[27,881s][debug][gc,director    ] Select GC Workers (Unsteady), AvoidLongGCWorkers: 0,113, AvoidOOMGCWorkers: 1,090, LastGCWorkers: 3,000, HalfGCWorkers: 2,500, GCWorkers: 3,000
[27,881s][debug][gc,director    ] Rule: Allocation Rate (Dynamic GC Workers), MaxAllocRate: 2913,6MB/s (+/-18,1%), Free: 3632MB, GCCPUTime: 1,149, GCDuration: 0,394s, TimeUntilOOM: 1,055s, TimeUntilGC: 0,561s, GCWorkers: 3 -> 3
[27,881s][debug][gc,director    ] Rule: High Usage, Free: 3632MB(29,6%)
[27,881s][debug][gc,director    ] Rule: Proactive, AcceptableGCInterval: 11,912s, TimeSinceLastGC: 4,125s, TimeUntilGC: 7,787s
[27,982s][debug][gc,alloc       ] Allocation Rate: 1582,0MB/s, Predicted: 1873,7MB/s, Avg: 1737,0(+/-258,4)MB/s
[27,982s][debug][gc,director    ] Select GC Workers (Try Lowering), AvoidLongGCWorkers: 0,113, AvoidOOMGCWorkers: 0,993, NextAvoidOOMGCWorkers: 0,251, LastGCWorkers: 3,000, GCWorkers: 1,000
[27,982s][debug][gc,director    ] Rule: Allocation Rate (Dynamic GC Workers), MaxAllocRate: 2723,8MB/s (+/-14,9%), Free: 3622MB, GCCPUTime: 1,149, GCDuration: 1,149s, TimeUntilOOM: 1,158s, TimeUntilGC: -0,092s, GCWorkers: 3 -> 1
[27,982s][debug][gc,heap        ] GC(7) Heap before GC invocations=7 (full 7):
[27,982s][debug][gc,heap        ] GC(7)  ZHeap           used 8624M, capacity 11088M, max capacity 12288M
[27,982s][debug][gc,heap        ] GC(7)  Metaspace       used 31371K, committed 31744K, reserved 1114112K
[27,982s][debug][gc,heap        ] GC(7)   class space    used 3443K, committed 3648K, reserved 1048576K
[27,982s][info ][gc,start       ] GC(7) Garbage Collection (Allocation Rate)
[27,982s][info ][gc,task        ] GC(7) Using 1 workers
[27,982s][debug][gc,phases,start] GC(7) Pause Mark Start
[27,982s][debug][gc,marking     ] GC(7) Using 1 mark stripes
[27,982s][debug][gc,marking     ] GC(7) Mark Worker/Stripe Distribution
[27,982s][debug][gc,marking     ] GC(7)   Worker 0(1) -> Stripe 0(1)
[27,982s][info ][gc,phases      ] GC(7) Pause Mark Start 0,111ms
[27,982s][debug][gc,phases,start] GC(7) Concurrent Mark
[27,982s][debug][gc,task        ] GC(7) Executing Task: XMarkRootsTask, Active Workers: 1
[27,985s][debug][gc,tlab        ] GC(7) TLAB totals: thrds: 23  refills: 31015 max: 14933 slow allocs: 7035 max 483 waste:  2,0% gc: 2414432B max: 253208B slow: 155681464B max: 23872104B
[27,985s][debug][gc,task        ] GC(7) Executing Task: XMarkTask, Active Workers: 1
[28,082s][debug][gc,alloc       ] Allocation Rate: 1628,0MB/s, Predicted: 1790,4MB/s, Avg: 1741,0(+/-256,3)MB/s
[28,182s][debug][gc,alloc       ] Allocation Rate: 1664,0MB/s, Predicted: 1728,4MB/s, Avg: 1745,0(+/-254,8)MB/s
[28,281s][debug][gc,alloc       ] Allocation Rate: 1656,0MB/s, Predicted: 1674,9MB/s, Avg: 1742,8(+/-255,4)MB/s
[28,382s][debug][gc,alloc       ] Allocation Rate: 1618,0MB/s, Predicted: 1611,5MB/s, Avg: 1735,4(+/-257,9)MB/s
[28,482s][debug][gc,alloc       ] Allocation Rate: 1582,0MB/s, Predicted: 1539,1MB/s, Avg: 1724,2(+/-261,8)MB/s
[28,581s][debug][gc,alloc       ] Allocation Rate: 1584,0MB/s, Predicted: 1473,3MB/s, Avg: 1713,8(+/-265,1)MB/s
[28,589s][info ][gc,phases      ] GC(7) Concurrent Mark 606,876ms
[28,589s][debug][gc,phases,start] GC(7) Pause Mark End
[28,589s][info ][gc,phases      ] GC(7) Pause Mark End 0,123ms
[28,589s][debug][gc,phases,start] GC(7) Concurrent Mark Free
[28,590s][info ][gc,phases      ] GC(7) Concurrent Mark Free 0,069ms
[28,590s][debug][gc,phases,start] GC(7) Concurrent Process Non-Strong References
[28,590s][debug][gc,phases,start] GC(7) Concurrent References Process
[28,590s][debug][gc,task        ] GC(7) Executing Task: XReferenceProcessorTask, Active Workers: 1
[28,593s][debug][gc,phases      ] GC(7) Concurrent References Process 3,664ms
[28,593s][debug][gc,task        ] GC(7) Executing Task: XProcessWeakRootsTask, Active Workers: 1
[28,595s][debug][gc,phases,start] GC(7) Concurrent Classes Unlink
[28,595s][debug][gc,phases,start] GC(7) ClassLoaderData
[28,595s][debug][gc,phases      ] GC(7) ClassLoaderData 0,048ms
[28,595s][debug][gc,phases,start] GC(7) Trigger cleanups
[28,595s][debug][gc,phases      ] GC(7) Trigger cleanups 0,013ms
[28,595s][debug][gc,task        ] GC(7) Executing Task: XNMethodUnlinkTask, Active Workers: 1
[28,601s][debug][gc,phases      ] GC(7) Concurrent Classes Unlink 6,726ms
[28,602s][debug][gc,phases,start] GC(7) Concurrent Classes Purge
[28,602s][debug][gc,nmethod     ] GC(7) Unregister NMethod: io.sirix.settings.VersioningType$4.combineRecordPagesForModification (0x000070b0441dc590)
[28,602s][debug][gc,nmethod     ] GC(7) Unregister NMethod: io.sirix.io.filechannel.FileChannelWriter.flushBuffer (0x000070b04415b490)
[28,602s][debug][gc,nmethod     ] GC(7) Unregister NMethod: io.sirix.page.interfaces.Page.clear (0x000070b04426a210)
[28,602s][debug][gc,nmethod     ] GC(7) Unregister NMethod: io.sirix.settings.VersioningType$4.combineRecordPagesForModification (0x000070b043f59f90)
[28,602s][debug][gc,nmethod     ] GC(7) Unregister NMethod: it.unimi.dsi.fastutil.ints.Int2IntOpenHashMap.insert (0x000070b044230510)
[28,602s][debug][gc,nmethod     ] GC(7) Unregister NMethod: sun.nio.ch.Util.getTemporaryDirectBuffer (0x000070b043bdc010)
[28,602s][debug][gc,nmethod     ] GC(7) Unregister NMethod: sun.nio.ch.Util.offerFirstTemporaryDirectBuffer (0x000070b043f54b10)
[28,602s][debug][gc,nmethod     ] GC(7) Unregister NMethod: java.util.ArrayList$ArrayListSpliterator.estimateSize (0x000070b043bcd910)
[28,602s][debug][gc,nmethod     ] GC(7) Unregister NMethod: java.util.concurrent.CountedCompleter.addToPendingCount (0x000070b0440f9e10)
[28,602s][debug][gc,nmethod     ] GC(7) Unregister NMethod: jdk.internal.misc.Unsafe.putIntRelease (0x000070b043f1dc90)
[28,602s][debug][gc,nmethod     ] GC(7) Unregister NMethod: java.util.concurrent.ForkJoinPool.awaitWork (0x000070b043a61010)
[28,602s][debug][gc,nmethod     ] GC(7) Unregister NMethod: java.util.ArrayList.<init> (0x000070b043c61d10)
[28,602s][debug][gc,nmethod     ] GC(7) Unregister NMethod: java.util.ArrayList$ArrayListSpliterator.trySplit (0x000070b0440a7d90)
[28,602s][debug][gc,nmethod     ] GC(7) Unregister NMethod: java.util.concurrent.atomic.AtomicLong.addAndGet (0x000070b043b4fa90)
[28,602s][debug][gc,nmethod     ] GC(7) Unregister NMethod: java.util.stream.ForEachOps$ForEachTask.compute (0x000070b0440bff10)
[28,602s][debug][gc,nmethod     ] GC(7) Unregister NMethod: java.util.concurrent.ForkJoinPool$WorkQueue.nextLocalTask (0x000070b043b80690)
[28,602s][debug][gc,nmethod     ] GC(7) Unregister NMethod: io.sirix.settings.VersioningType$4.combineRecordPages (0x000070b043ad7190)
[28,602s][debug][gc,nmethod     ] GC(7) Unregister NMethod: java.util.concurrent.CountedCompleter.exec (0x000070b044106790)
[28,602s][debug][gc,nmethod     ] GC(7) Unregister NMethod: sun.nio.ch.FileChannelImpl.write (0x000070b0441b8410)
[28,602s][debug][gc,nmethod     ] GC(7) Unregister NMethod: java.lang.ref.NativeReferenceQueue.remove (0x000070b0440f9410)
[28,602s][debug][gc,nmethod     ] GC(7) Unregister NMethod: sun.nio.ch.IOUtil.write (0x000070b044000a10)
[28,602s][debug][gc,nmethod     ] GC(7) Unregister NMethod: java.util.concurrent.ForkJoinTask.fork (0x000070b043f00c10)
[28,602s][debug][gc,nmethod     ] GC(7) Unregister NMethod: java.util.concurrent.CountedCompleter.weakCompareAndSetPendingCount (0x000070b043a5d910)
[28,602s][debug][gc,nmethod     ] GC(7) Unregister NMethod: io.sirix.page.SerializationType$1.serializeFullReferencesPage (0x000070b043da7a90)
[28,602s][debug][gc,nmethod     ] GC(7) Unregister NMethod: io.sirix.index.name.Names.getName (0x000070b043b4a410)
[28,602s][debug][gc,nmethod     ] GC(7) Unregister NMethod: java.lang.ref.Reference.refersToImpl (0x000070b043ae6790)
[28,602s][debug][gc,nmethod     ] GC(7) Unregister NMethod: sun.nio.ch.UnixFileDispatcherImpl.pwrite (0x000070b043d03e90)
[28,602s][debug][gc,nmethod     ] GC(7) Unregister NMethod: java.util.stream.Sink$ChainedReference.end (0x000070b043d9ee90)
[28,602s][debug][gc,phases      ] GC(7) Concurrent Classes Purge 0,419ms
[28,602s][debug][gc,phases,start] GC(7) Concurrent References Enqueue
[28,602s][debug][gc,phases      ] GC(7) Concurrent References Enqueue 0,014ms
[28,602s][info ][gc,phases      ] GC(7) Concurrent Process Non-Strong References 12,497ms
[28,602s][debug][gc,phases,start] GC(7) Concurrent Reset Relocation Set
[28,602s][info ][gc,phases      ] GC(7) Concurrent Reset Relocation Set 0,172ms
[28,602s][debug][gc,phases,start] GC(7) Concurrent Select Relocation Set
[28,604s][debug][gc,task        ] GC(7) Executing Task: XRelocationSetInstallTask, Active Workers: 1
[28,605s][info ][gc,phases      ] GC(7) Concurrent Select Relocation Set 2,894ms
[28,605s][debug][gc,phases,start] GC(7) Pause Relocate Start
[28,605s][info ][gc,phases      ] GC(7) Pause Relocate Start 0,126ms
[28,606s][debug][gc,phases,start] GC(7) Concurrent Relocate
[28,606s][debug][gc,task        ] GC(7) Executing Task: XRelocateTask, Active Workers: 1
[28,625s][info ][gc,phases      ] GC(7) Concurrent Relocate 19,638ms
[28,625s][debug][gc,heap        ] GC(7) Heap after GC invocations=8 (full 8):
[28,625s][debug][gc,heap        ] GC(7)  ZHeap           used 1308M, capacity 11088M, max capacity 12288M
[28,625s][debug][gc,heap        ] GC(7)  Metaspace       used 31393K, committed 31808K, reserved 1114112K
[28,625s][debug][gc,heap        ] GC(7)   class space    used 3443K, committed 3648K, reserved 1048576K
[28,625s][info ][gc,load        ] GC(7) Load: 3,75/5,43/3,24
[28,625s][info ][gc,mmu         ] GC(7) MMU: 2ms/82,6%, 5ms/93,1%, 10ms/96,5%, 20ms/97,9%, 50ms/99,1%, 100ms/99,6%
[28,625s][info ][gc,marking     ] GC(7) Mark: 1 stripe(s), 2 proactive flush(es), 1 terminate flush(es), 0 completion(s), 0 continuation(s) 
[28,625s][info ][gc,marking     ] GC(7) Mark Stack Usage: 32M
[28,625s][info ][gc,nmethod     ] GC(7) NMethods: 3720 registered, 1209 unregistered
[28,625s][info ][gc,metaspace   ] GC(7) Metaspace: 30M used, 31M committed, 1088M reserved
[28,625s][info ][gc,ref         ] GC(7) Soft: 3931 encountered, 0 discovered, 0 enqueued
[28,626s][info ][gc,ref         ] GC(7) Weak: 1935 encountered, 135 discovered, 0 enqueued
[28,626s][info ][gc,ref         ] GC(7) Final: 10448 encountered, 10448 discovered, 10448 enqueued
[28,626s][info ][gc,ref         ] GC(7) Phantom: 545 encountered, 397 discovered, 145 enqueued
[28,626s][info ][gc,reloc       ] GC(7) Small Pages: 4297 / 8594M, Empty: 3448M, Relocated: 24M, In-Place: 0
[28,626s][info ][gc,reloc       ] GC(7) Medium Pages: 1 / 32M, Empty: 0M, Relocated: 0M, In-Place: 0
[28,626s][info ][gc,reloc       ] GC(7) Large Pages: 0 / 0M, Empty: 0M, Relocated: 0M, In-Place: 0
[28,626s][info ][gc,reloc       ] GC(7) Forwarding Usage: 3M
[28,626s][info ][gc,heap        ] GC(7) Min Capacity: 5120M(42%)
[28,626s][info ][gc,heap        ] GC(7) Max Capacity: 12288M(100%)
[28,626s][info ][gc,heap        ] GC(7) Soft Max Capacity: 12288M(100%)
[28,626s][info ][gc,heap        ] GC(7)                Mark Start          Mark End        Relocate Start      Relocate End           High               Low         
[28,626s][info ][gc,heap        ] GC(7)  Capacity:    11088M (90%)       11088M (90%)       11088M (90%)       11088M (90%)       11088M (90%)       11088M (90%)    
[28,626s][info ][gc,heap        ] GC(7)      Free:     3662M (30%)        3138M (26%)        6570M (53%)       10980M (89%)       10980M (89%)        3124M (25%)    
[28,626s][info ][gc,heap        ] GC(7)      Used:     8626M (70%)        9150M (74%)        5718M (47%)        1308M (11%)        9164M (75%)        1308M (11%)    
[28,626s][info ][gc,heap        ] GC(7)      Live:         -               547M (4%)          547M (4%)          547M (4%)             -                  -          
[28,626s][info ][gc,heap        ] GC(7) Allocated:         -               524M (4%)          540M (4%)          563M (5%)             -                  -          
[28,626s][info ][gc,heap        ] GC(7)   Garbage:         -              8078M (66%)        4630M (38%)         196M (2%)             -                  -          
[28,626s][info ][gc,heap        ] GC(7) Reclaimed:         -                  -              3448M (28%)        7881M (64%)            -                  -          
[28,626s][info ][gc             ] GC(7) Garbage Collection (Allocation Rate) 8626M(70%)->1308M(11%)
[28,682s][debug][gc,alloc       ] Allocation Rate: 1580,0MB/s, Predicted: 1414,0MB/s, Avg: 1702,6(+/-268,1)MB/s
[28,682s][debug][gc,director    ] Select GC Workers (Unsteady), AvoidLongGCWorkers: 0,094, AvoidOOMGCWorkers: 0,258, LastGCWorkers: 1,000, HalfGCWorkers: 2,500, GCWorkers: 2,500
[28,682s][debug][gc,director    ] Rule: Allocation Rate (Dynamic GC Workers), MaxAllocRate: 2584,9MB/s (+/-15,7%), Free: 10870MB, GCCPUTime: 0,947, GCDuration: 0,323s, TimeUntilOOM: 3,633s, TimeUntilGC: 3,210s, GCWorkers: 1 -> 3
[28,682s][debug][gc,heap        ] GC(8) Heap before GC invocations=8 (full 8):
[28,682s][debug][gc,heap        ] GC(8)  ZHeap           used 1376M, capacity 11088M, max capacity 12288M
[28,682s][debug][gc,heap        ] GC(8)  Metaspace       used 31393K, committed 31808K, reserved 1114112K
[28,682s][debug][gc,heap        ] GC(8)   class space    used 3443K, committed 3648K, reserved 1048576K
[28,682s][info ][gc,start       ] GC(8) Garbage Collection (Allocation Rate)
[28,682s][info ][gc,task        ] GC(8) Using 3 workers
[28,682s][debug][gc,phases,start] GC(8) Pause Mark Start
[28,682s][debug][gc,marking     ] GC(8) Using 2 mark stripes
[28,682s][debug][gc,marking     ] GC(8) Mark Worker/Stripe Distribution
[28,682s][debug][gc,marking     ] GC(8)   Worker 0(3) -> Stripe 0(2)
[28,682s][debug][gc,marking     ] GC(8)   Worker 1(3) -> Stripe 1(2)
[28,682s][debug][gc,marking     ] GC(8)   Worker 2(3) -> Stripe 0(2)
[28,682s][info ][gc,phases      ] GC(8) Pause Mark Start 0,174ms
[28,683s][debug][gc,phases,start] GC(8) Concurrent Mark
[28,683s][debug][gc,task        ] GC(8) Executing Task: XMarkRootsTask, Active Workers: 3
[28,684s][debug][gc,tlab        ] GC(8) TLAB totals: thrds: 3  refills: 2505 max: 2503 slow allocs: 5 max 5 waste:  0,5% gc: 486024B max: 262016B slow: 2501192B max: 2501192B
[28,684s][debug][gc,task        ] GC(8) Executing Task: XMarkTask, Active Workers: 3
[28,782s][debug][gc,alloc       ] Allocation Rate: 1046,0MB/s, Predicted: 1364,5MB/s, Avg: 1557,0(+/-172,9)MB/s
[28,834s][debug][gc,marking     ] Expanding mark stack space: 32M->64M
[28,882s][debug][gc,alloc       ] Allocation Rate: 1584,0MB/s, Predicted: 1394,8MB/s, Avg: 1552,4(+/-171,5)MB/s
[28,908s][info ][gc,phases      ] GC(8) Concurrent Mark 225,432ms
[28,908s][debug][gc,phases,start] GC(8) Pause Mark End
[28,908s][info ][gc,phases      ] GC(8) Pause Mark End 0,044ms
[28,908s][debug][gc,phases,start] GC(8) Concurrent Mark Free
[28,908s][info ][gc,phases      ] GC(8) Concurrent Mark Free 0,037ms
[28,908s][debug][gc,phases,start] GC(8) Concurrent Process Non-Strong References
[28,908s][debug][gc,phases,start] GC(8) Concurrent References Process
[28,908s][debug][gc,task        ] GC(8) Executing Task: XReferenceProcessorTask, Active Workers: 3
[28,908s][debug][gc,phases      ] GC(8) Concurrent References Process 0,178ms
[28,908s][debug][gc,task        ] GC(8) Executing Task: XProcessWeakRootsTask, Active Workers: 3
[28,909s][debug][gc,phases,start] GC(8) Concurrent Classes Unlink
[28,909s][debug][gc,phases,start] GC(8) ClassLoaderData
[28,909s][debug][gc,phases      ] GC(8) ClassLoaderData 0,042ms
[28,909s][debug][gc,phases,start] GC(8) Trigger cleanups
[28,909s][debug][gc,phases      ] GC(8) Trigger cleanups 0,009ms
[28,909s][debug][gc,task        ] GC(8) Executing Task: XNMethodUnlinkTask, Active Workers: 3
[28,912s][debug][gc,phases      ] GC(8) Concurrent Classes Unlink 2,481ms
[28,912s][debug][gc,phases,start] GC(8) Concurrent Classes Purge
[28,912s][debug][gc,nmethod     ] GC(8) Unregister NMethod: io.sirix.settings.VersioningType$4.combineRecordPages (0x000070b044004910)
[28,912s][debug][gc,phases      ] GC(8) Concurrent Classes Purge 0,067ms
[28,912s][debug][gc,phases,start] GC(8) Concurrent References Enqueue
[28,912s][debug][gc,phases      ] GC(8) Concurrent References Enqueue 0,012ms
[28,913s][info ][gc,phases      ] GC(8) Concurrent Process Non-Strong References 4,249ms
[28,913s][debug][gc,phases,start] GC(8) Concurrent Reset Relocation Set
[28,913s][info ][gc,phases      ] GC(8) Concurrent Reset Relocation Set 0,147ms
[28,913s][debug][gc,phases,start] GC(8) Concurrent Select Relocation Set
[28,914s][debug][gc,task        ] GC(8) Executing Task: XRelocationSetInstallTask, Active Workers: 3
[28,915s][info ][gc,phases      ] GC(8) Concurrent Select Relocation Set 1,834ms
[28,915s][debug][gc,phases,start] GC(8) Pause Relocate Start
[28,915s][info ][gc,phases      ] GC(8) Pause Relocate Start 0,026ms
[28,915s][debug][gc,phases,start] GC(8) Concurrent Relocate
[28,915s][debug][gc,task        ] GC(8) Executing Task: XRelocateTask, Active Workers: 3
[28,915s][info ][gc,phases      ] GC(8) Concurrent Relocate 0,559ms
[28,915s][debug][gc,heap        ] GC(8) Heap after GC invocations=9 (full 9):
[28,915s][debug][gc,heap        ] GC(8)  ZHeap           used 1620M, capacity 11088M, max capacity 12288M
[28,915s][debug][gc,heap        ] GC(8)  Metaspace       used 31393K, committed 31808K, reserved 1114112K
[28,915s][debug][gc,heap        ] GC(8)   class space    used 3443K, committed 3648K, reserved 1048576K
[28,915s][info ][gc,load        ] GC(8) Load: 3,75/5,43/3,24
[28,915s][info ][gc,mmu         ] GC(8) MMU: 2ms/82,6%, 5ms/93,1%, 10ms/96,5%, 20ms/97,9%, 50ms/99,1%, 100ms/99,6%
[28,915s][info ][gc,marking     ] GC(8) Mark: 2 stripe(s), 2 proactive flush(es), 1 terminate flush(es), 0 completion(s), 0 continuation(s) 
[28,915s][info ][gc,marking     ] GC(8) Mark Stack Usage: 64M
[28,915s][info ][gc,nmethod     ] GC(8) NMethods: 3720 registered, 1210 unregistered
[28,915s][info ][gc,metaspace   ] GC(8) Metaspace: 30M used, 31M committed, 1088M reserved
[28,915s][info ][gc,ref         ] GC(8) Soft: 3931 encountered, 0 discovered, 0 enqueued
[28,915s][info ][gc,ref         ] GC(8) Weak: 1935 encountered, 111 discovered, 0 enqueued
[28,915s][info ][gc,ref         ] GC(8) Final: 28 encountered, 28 discovered, 28 enqueued
[28,915s][info ][gc,ref         ] GC(8) Phantom: 429 encountered, 205 discovered, 29 enqueued
[28,915s][info ][gc,reloc       ] GC(8) Small Pages: 672 / 1344M, Empty: 688M, Relocated: 1M, In-Place: 0
[28,915s][info ][gc,reloc       ] GC(8) Medium Pages: 1 / 32M, Empty: 0M, Relocated: 0M, In-Place: 0
[28,915s][info ][gc,reloc       ] GC(8) Large Pages: 0 / 0M, Empty: 0M, Relocated: 0M, In-Place: 0
[28,915s][info ][gc,reloc       ] GC(8) Forwarding Usage: 0M
[28,915s][info ][gc,heap        ] GC(8) Min Capacity: 5120M(42%)
[28,915s][info ][gc,heap        ] GC(8) Max Capacity: 12288M(100%)
[28,915s][info ][gc,heap        ] GC(8) Soft Max Capacity: 12288M(100%)
[28,915s][info ][gc,heap        ] GC(8)                Mark Start          Mark End        Relocate Start      Relocate End           High               Low         
[28,915s][info ][gc,heap        ] GC(8)  Capacity:    11088M (90%)       11088M (90%)       11088M (90%)       11088M (90%)       11088M (90%)       11088M (90%)    
[28,915s][info ][gc,heap        ] GC(8)      Free:    10912M (89%)        9972M (81%)       10658M (87%)       10668M (87%)       10912M (89%)        9970M (81%)    
[28,915s][info ][gc,heap        ] GC(8)      Used:     1376M (11%)        2316M (19%)        1630M (13%)        1620M (13%)        2318M (19%)        1376M (11%)    
[28,915s][info ][gc,heap        ] GC(8)      Live:         -               489M (4%)          489M (4%)          489M (4%)             -                  -          
[28,916s][info ][gc,heap        ] GC(8) Allocated:         -               940M (8%)          942M (8%)          942M (8%)             -                  -          
[28,916s][info ][gc,heap        ] GC(8)   Garbage:         -               886M (7%)          198M (2%)          188M (2%)             -                  -          
[28,916s][info ][gc,heap        ] GC(8) Reclaimed:         -                  -               688M (6%)          698M (6%)             -                  -          
[28,916s][info ][gc             ] GC(8) Garbage Collection (Allocation Rate) 1376M(11%)->1620M(13%)
[28,982s][debug][gc,alloc       ] Allocation Rate: 1586,0MB/s, Predicted: 1416,1MB/s, Avg: 1552,8(+/-171,6)MB/s
[28,982s][debug][gc,director    ] Select GC Workers (Try Lowering), AvoidLongGCWorkers: 0,083, AvoidOOMGCWorkers: 0,184, NextAvoidOOMGCWorkers: 0,212, LastGCWorkers: 3,000, GCWorkers: 1,000
[28,982s][debug][gc,director    ] Rule: Allocation Rate (Dynamic GC Workers), MaxAllocRate: 2117,4MB/s (+/-11,0%), Free: 10618MB, GCCPUTime: 0,838, GCDuration: 0,838s, TimeUntilOOM: 4,516s, TimeUntilGC: 3,578s, GCWorkers: 3 -> 1
[28,982s][debug][gc,director    ] Rule: High Usage, Free: 10618MB(86,4%)
[28,982s][debug][gc,director    ] Rule: Proactive, UsedUntilEnabled: 1220MB, TimeUntilEnabled: 299,933s
[29,082s][debug][gc,alloc       ] Allocation Rate: 1574,0MB/s, Predicted: 1444,7MB/s, Avg: 1547,4(+/-170,0)MB/s
[29,082s][debug][gc,director    ] Select GC Workers (Try Lowering), AvoidLongGCWorkers: 0,083, AvoidOOMGCWorkers: 0,184, NextAvoidOOMGCWorkers: 0,206, LastGCWorkers: 3,000, GCWorkers: 1,000
[29,082s][debug][gc,director    ] Rule: Allocation Rate (Dynamic GC Workers), MaxAllocRate: 2106,7MB/s (+/-11,0%), Free: 10572MB, GCCPUTime: 0,838, GCDuration: 0,838s, TimeUntilOOM: 4,522s, TimeUntilGC: 3,584s, GCWorkers: 3 -> 1
[29,082s][debug][gc,director    ] Rule: High Usage, Free: 10572MB(86,0%)
[29,082s][debug][gc,director    ] Rule: Proactive, UsedUntilEnabled: 1174MB, TimeUntilEnabled: 299,833s
[29,181s][debug][gc,alloc       ] Allocation Rate: 1586,0MB/s, Predicted: 1491,2MB/s, Avg: 1539,6(+/-166,2)MB/s
[29,182s][debug][gc,director    ] Select GC Workers (Try Lowering), AvoidLongGCWorkers: 0,083, AvoidOOMGCWorkers: 0,183, NextAvoidOOMGCWorkers: 0,201, LastGCWorkers: 3,000, GCWorkers: 1,000
[29,182s][debug][gc,director    ] Rule: Allocation Rate (Dynamic GC Workers), MaxAllocRate: 2086,5MB/s (+/-10,8%), Free: 10476MB, GCCPUTime: 0,838, GCDuration: 0,838s, TimeUntilOOM: 4,532s, TimeUntilGC: 3,594s, GCWorkers: 3 -> 1
[29,182s][debug][gc,director    ] Rule: High Usage, Free: 10476MB(85,3%)
[29,182s][debug][gc,director    ] Rule: Proactive, UsedUntilEnabled: 1078MB, TimeUntilEnabled: 299,734s
[29,282s][debug][gc,alloc       ] Allocation Rate: 1622,0MB/s, Predicted: 1555,2MB/s, Avg: 1536,2(+/-164,1)MB/s
[29,282s][debug][gc,director    ] Select GC Workers (Try Lowering), AvoidLongGCWorkers: 0,083, AvoidOOMGCWorkers: 0,186, NextAvoidOOMGCWorkers: 0,199, LastGCWorkers: 3,000, GCWorkers: 1,000
[29,282s][debug][gc,director    ] Rule: Allocation Rate (Dynamic GC Workers), MaxAllocRate: 2095,2MB/s (+/-10,7%), Free: 10354MB, GCCPUTime: 0,838, GCDuration: 0,838s, TimeUntilOOM: 4,465s, TimeUntilGC: 3,527s, GCWorkers: 3 -> 1
[29,282s][debug][gc,director    ] Rule: High Usage, Free: 10354MB(84,3%)
[29,282s][debug][gc,director    ] Rule: Proactive, UsedUntilEnabled: 956MB, TimeUntilEnabled: 299,633s
[29,382s][debug][gc,alloc       ] Allocation Rate: 1658,0MB/s, Predicted: 1625,7MB/s, Avg: 1540,2(+/-166,5)MB/s
[29,382s][debug][gc,director    ] Select GC Workers (Try Lowering), AvoidLongGCWorkers: 0,083, AvoidOOMGCWorkers: 0,196, NextAvoidOOMGCWorkers: 0,205, LastGCWorkers: 3,000, GCWorkers: 1,000
[29,382s][debug][gc,director    ] Rule: Allocation Rate (Dynamic GC Workers), MaxAllocRate: 2173,7MB/s (+/-10,8%), Free: 10234MB, GCCPUTime: 0,838, GCDuration: 0,838s, TimeUntilOOM: 4,249s, TimeUntilGC: 3,311s, GCWorkers: 3 -> 1
[29,382s][debug][gc,director    ] Rule: High Usage, Free: 10234MB(83,3%)
[29,382s][debug][gc,director    ] Rule: Proactive, UsedUntilEnabled: 836MB, TimeUntilEnabled: 299,533s
[29,481s][debug][gc,alloc       ] Allocation Rate: 1792,0MB/s, Predicted: 1737,6MB/s, Avg: 1561,2(+/-182,9)MB/s
[29,481s][debug][gc,director    ] Select GC Workers (Try Lowering), AvoidLongGCWorkers: 0,083, AvoidOOMGCWorkers: 0,217, NextAvoidOOMGCWorkers: 0,222, LastGCWorkers: 3,000, GCWorkers: 1,000
[29,481s][debug][gc,director    ] Rule: Allocation Rate (Dynamic GC Workers), MaxAllocRate: 2339,5MB/s (+/-11,7%), Free: 10014MB, GCCPUTime: 0,838, GCDuration: 0,838s, TimeUntilOOM: 3,832s, TimeUntilGC: 2,894s, GCWorkers: 3 -> 1
[29,481s][debug][gc,director    ] Rule: High Usage, Free: 10014MB(81,5%)
[29,481s][debug][gc,director    ] Rule: Proactive, UsedUntilEnabled: 616MB, TimeUntilEnabled: 299,434s
[29,582s][debug][gc,alloc       ] Allocation Rate: 2632,0MB/s, Predicted: 2172,0MB/s, Avg: 1666,0(+/-370,2)MB/s
[29,582s][debug][gc,director    ] Select GC Workers (Unsteady), AvoidLongGCWorkers: 0,083, AvoidOOMGCWorkers: 0,381, LastGCWorkers: 3,000, HalfGCWorkers: 2,500, GCWorkers: 3,000
[29,582s][debug][gc,director    ] Rule: Allocation Rate (Dynamic GC Workers), MaxAllocRate: 3390,3MB/s (+/-22,2%), Free: 9056MB, GCCPUTime: 0,838, GCDuration: 0,285s, TimeUntilOOM: 2,185s, TimeUntilGC: 1,801s, GCWorkers: 3 -> 3
[29,582s][debug][gc,director    ] Rule: High Usage, Free: 9056MB(73,7%)
[29,582s][debug][gc,director    ] Rule: Proactive, AcceptableGCInterval: 8,526s, TimeSinceLastGC: 0,666s, TimeUntilGC: 7,860s
[29,682s][debug][gc,alloc       ] Allocation Rate: 2560,0MB/s, Predicted: 2506,7MB/s, Avg: 1764,0(+/-454,6)MB/s
[29,682s][debug][gc,director    ] Select GC Workers (Unsteady), AvoidLongGCWorkers: 0,083, AvoidOOMGCWorkers: 0,466, LastGCWorkers: 3,000, HalfGCWorkers: 2,500, GCWorkers: 3,000
[29,682s][debug][gc,director    ] Rule: Allocation Rate (Dynamic GC Workers), MaxAllocRate: 4002,5MB/s (+/-25,8%), Free: 9010MB, GCCPUTime: 0,838, GCDuration: 0,285s, TimeUntilOOM: 1,790s, TimeUntilGC: 1,405s, GCWorkers: 3 -> 3
[29,682s][debug][gc,director    ] Rule: High Usage, Free: 9010MB(73,3%)
[29,682s][debug][gc,director    ] Rule: Proactive, AcceptableGCInterval: 8,526s, TimeSinceLastGC: 0,767s, TimeUntilGC: 7,760s
[29,782s][debug][gc,alloc       ] Allocation Rate: 2338,0MB/s, Predicted: 2544,8MB/s, Avg: 1893,2(+/-414,0)MB/s
[29,782s][debug][gc,director    ] Select GC Workers (Unsteady), AvoidLongGCWorkers: 0,083, AvoidOOMGCWorkers: 0,449, LastGCWorkers: 3,000, HalfGCWorkers: 2,500, GCWorkers: 3,000
[29,782s][debug][gc,director    ] Rule: Allocation Rate (Dynamic GC Workers), MaxAllocRate: 3907,0MB/s (+/-21,9%), Free: 8838MB, GCCPUTime: 0,838, GCDuration: 0,285s, TimeUntilOOM: 1,856s, TimeUntilGC: 1,472s, GCWorkers: 3 -> 3
[29,782s][debug][gc,director    ] Rule: High Usage, Free: 8838MB(71,9%)
[29,782s][debug][gc,director    ] Rule: Proactive, AcceptableGCInterval: 8,526s, TimeSinceLastGC: 0,867s, TimeUntilGC: 7,660s
[29,882s][debug][gc,alloc       ] Allocation Rate: 2038,0MB/s, Predicted: 2520,3MB/s, Avg: 1938,6(+/-402,3)MB/s
[29,882s][debug][gc,director    ] Select GC Workers (Unsteady), AvoidLongGCWorkers: 0,083, AvoidOOMGCWorkers: 0,450, LastGCWorkers: 3,000, HalfGCWorkers: 2,500, GCWorkers: 3,000
[29,882s][debug][gc,director    ] Rule: Allocation Rate (Dynamic GC Workers), MaxAllocRate: 3844,0MB/s (+/-20,8%), Free: 8592MB, GCCPUTime: 0,838, GCDuration: 0,285s, TimeUntilOOM: 1,851s, TimeUntilGC: 1,466s, GCWorkers: 3 -> 3
[29,882s][debug][gc,director    ] Rule: High Usage, Free: 8592MB(69,9%)
[29,882s][debug][gc,director    ] Rule: Proactive, AcceptableGCInterval: 8,526s, TimeSinceLastGC: 0,967s, TimeUntilGC: 7,559s
[29,981s][debug][gc,alloc       ] Allocation Rate: 2254,0MB/s, Predicted: 2552,4MB/s, Avg: 2005,4(+/-393,6)MB/s
[29,981s][debug][gc,director    ] Select GC Workers (Unsteady), AvoidLongGCWorkers: 0,083, AvoidOOMGCWorkers: 0,459, LastGCWorkers: 3,000, HalfGCWorkers: 2,500, GCWorkers: 3,000
[29,981s][debug][gc,director    ] Rule: Allocation Rate (Dynamic GC Workers), MaxAllocRate: 3847,4MB/s (+/-19,6%), Free: 8364MB, GCCPUTime: 0,838, GCDuration: 0,285s, TimeUntilOOM: 1,817s, TimeUntilGC: 1,433s, GCWorkers: 3 -> 3
[29,981s][debug][gc,director    ] Rule: High Usage, Free: 8362MB(68,1%)
[29,981s][debug][gc,director    ] Rule: Proactive, AcceptableGCInterval: 8,526s, TimeSinceLastGC: 1,066s, TimeUntilGC: 7,460s
[30,081s][debug][gc,alloc       ] Allocation Rate: 3100,0MB/s, Predicted: 2875,2MB/s, Avg: 2158,0(+/-482,5)MB/s
[30,081s][debug][gc,director    ] Select GC Workers (Unsteady), AvoidLongGCWorkers: 0,083, AvoidOOMGCWorkers: 0,610, LastGCWorkers: 3,000, HalfGCWorkers: 2,500, GCWorkers: 3,000
[30,081s][debug][gc,director    ] Rule: Allocation Rate (Dynamic GC Workers), MaxAllocRate: 4462,9MB/s (+/-22,4%), Free: 7472MB, GCCPUTime: 0,838, GCDuration: 0,285s, TimeUntilOOM: 1,368s, TimeUntilGC: 0,984s, GCWorkers: 3 -> 3
[30,081s][debug][gc,director    ] Rule: High Usage, Free: 7472MB(60,8%)
[30,081s][debug][gc,director    ] Rule: Proactive, AcceptableGCInterval: 8,526s, TimeSinceLastGC: 1,166s, TimeUntilGC: 7,360s
[30,182s][debug][gc,alloc       ] Allocation Rate: 3150,0MB/s, Predicted: 3119,5MB/s, Avg: 2314,4(+/-523,5)MB/s
[30,182s][debug][gc,director    ] Select GC Workers (Unsteady), AvoidLongGCWorkers: 0,083, AvoidOOMGCWorkers: 0,677, LastGCWorkers: 3,000, HalfGCWorkers: 2,500, GCWorkers: 3,000
[30,182s][debug][gc,director    ] Rule: Allocation Rate (Dynamic GC Workers), MaxAllocRate: 4842,0MB/s (+/-22,6%), Free: 7326MB, GCCPUTime: 0,838, GCDuration: 0,285s, TimeUntilOOM: 1,234s, TimeUntilGC: 0,849s, GCWorkers: 3 -> 3
[30,182s][debug][gc,director    ] Rule: High Usage, Free: 7326MB(59,6%)
[30,182s][debug][gc,director    ] Rule: Proactive, AcceptableGCInterval: 8,526s, TimeSinceLastGC: 1,266s, TimeUntilGC: 7,260s
[30,282s][debug][gc,alloc       ] Allocation Rate: 3270,0MB/s, Predicted: 3317,1MB/s, Avg: 2479,2(+/-538,8)MB/s
[30,282s][debug][gc,director    ] Select GC Workers (Unsteady), AvoidLongGCWorkers: 0,083, AvoidOOMGCWorkers: 0,731, LastGCWorkers: 3,000, HalfGCWorkers: 2,500, GCWorkers: 3,000
[30,282s][debug][gc,director    ] Rule: Allocation Rate (Dynamic GC Workers), MaxAllocRate: 5089,8MB/s (+/-21,7%), Free: 7084MB, GCCPUTime: 0,838, GCDuration: 0,285s, TimeUntilOOM: 1,143s, TimeUntilGC: 0,759s, GCWorkers: 3 -> 3
[30,282s][debug][gc,director    ] Rule: High Usage, Free: 7084MB(57,6%)
[30,282s][debug][gc,director    ] Rule: Proactive, AcceptableGCInterval: 8,526s, TimeSinceLastGC: 1,367s, TimeUntilGC: 7,160s
[30,382s][debug][gc,alloc       ] Allocation Rate: 3390,0MB/s, Predicted: 3462,4MB/s, Avg: 2652,4(+/-525,1)MB/s
[30,382s][debug][gc,director    ] Select GC Workers (Unsteady), AvoidLongGCWorkers: 0,083, AvoidOOMGCWorkers: 0,759, LastGCWorkers: 3,000, HalfGCWorkers: 2,500, GCWorkers: 3,000
[30,382s][debug][gc,director    ] Rule: Allocation Rate (Dynamic GC Workers), MaxAllocRate: 5190,4MB/s (+/-19,8%), Free: 6844MB, GCCPUTime: 0,838, GCDuration: 0,285s, TimeUntilOOM: 1,101s, TimeUntilGC: 0,716s, GCWorkers: 3 -> 3
[30,382s][debug][gc,director    ] Rule: High Usage, Free: 6844MB(55,7%)
[30,382s][debug][gc,director    ] Rule: Proactive, AcceptableGCInterval: 8,526s, TimeSinceLastGC: 1,467s, TimeUntilGC: 7,060s
[30,481s][debug][gc,alloc       ] Allocation Rate: 4096,0MB/s, Predicted: 3810,4MB/s, Avg: 2882,8(+/-597,5)MB/s
[30,481s][debug][gc,director    ] Select GC Workers (Unsteady), AvoidLongGCWorkers: 0,083, AvoidOOMGCWorkers: 0,987, LastGCWorkers: 3,000, HalfGCWorkers: 2,500, GCWorkers: 3,000
[30,481s][debug][gc,director    ] Rule: Allocation Rate (Dynamic GC Workers), MaxAllocRate: 5776,6MB/s (+/-20,7%), Free: 5918MB, GCCPUTime: 0,838, GCDuration: 0,285s, TimeUntilOOM: 0,849s, TimeUntilGC: 0,464s, GCWorkers: 3 -> 3
[30,481s][debug][gc,director    ] Rule: High Usage, Free: 5918MB(48,2%)
[30,481s][debug][gc,director    ] Rule: Proactive, AcceptableGCInterval: 8,526s, TimeSinceLastGC: 1,566s, TimeUntilGC: 6,960s
[30,482s][info ][gc,stats       ] === Garbage Collection Statistics =======================================================================================================================
[30,482s][info ][gc,stats       ]                                                              Last 10s              Last 10m              Last 10h                Total
[30,482s][info ][gc,stats       ]                                                              Avg / Max             Avg / Max             Avg / Max             Avg / Max
[30,482s][info ][gc,stats       ]   Collector: Garbage Collection Cycle                    383,613 / 643,642     254,948 / 643,642     254,948 / 643,642     254,948 / 643,642     ms
[30,482s][info ][gc,stats       ]  Contention: Mark Segment Reset Contention                     1 / 14                0 / 14                0 / 14                0 / 14          ops/s
[30,482s][info ][gc,stats       ]  Contention: Mark SeqNum Reset Contention                      0 / 0                 0 / 0                 0 / 0                 0 / 0           ops/s
[30,482s][info ][gc,stats       ]    Critical: Allocation Stall                                  0 / 0                 0 / 0                 0 / 0                 0 / 0           ops/s
[30,482s][info ][gc,stats       ]    Critical: Allocation Stall                              0,000 / 0,000         0,000 / 0,000         0,000 / 0,000         0,000 / 0,000       ms
[30,482s][info ][gc,stats       ]    Critical: GC Locker Stall                                   0 / 0                 0 / 1                 0 / 1                 0 / 1           ops/s
[30,482s][info ][gc,stats       ]    Critical: GC Locker Stall                               0,000 / 0,000         0,175 / 0,345         0,175 / 0,345         0,175 / 0,345       ms
[30,482s][info ][gc,stats       ]    Critical: Relocation Stall                                  0 / 0                 0 / 0                 0 / 0                 0 / 0           ops/s
[30,482s][info ][gc,stats       ]    Critical: Relocation Stall                              0,000 / 0,000         0,000 / 0,000         0,000 / 0,000         0,000 / 0,000       ms
[30,482s][info ][gc,stats       ]      Memory: Allocation Rate                                1890 / 4096           1454 / 4096           1454 / 4096           1454 / 4096        MB/s
[30,482s][info ][gc,stats       ]      Memory: Defragment                                        0 / 0                 0 / 0                 0 / 0                 0 / 0           ops/s
[30,482s][info ][gc,stats       ]      Memory: Out Of Memory                                     0 / 0                 0 / 0                 0 / 0                 0 / 0           ops/s
[30,482s][info ][gc,stats       ]      Memory: Page Cache Flush                                  0 / 0                 0 / 0                 0 / 0                 0 / 0           MB/s
[30,482s][info ][gc,stats       ]      Memory: Page Cache Hit L1                               892 / 2048            536 / 2048            536 / 2048            536 / 2048        ops/s
[30,482s][info ][gc,stats       ]      Memory: Page Cache Hit L2                                 0 / 0                 0 / 0                 0 / 0                 0 / 0           ops/s
[30,482s][info ][gc,stats       ]      Memory: Page Cache Hit L3                                 0 / 0                90 / 797              90 / 797              90 / 797         ops/s
[30,482s][info ][gc,stats       ]      Memory: Page Cache Miss                                  55 / 523             106 / 583             106 / 583             106 / 583         ops/s
[30,482s][info ][gc,stats       ]      Memory: Uncommit                                          0 / 0                 0 / 0                 0 / 0                 0 / 0           MB/s
[30,482s][info ][gc,stats       ]      Memory: Undo Object Allocation Failed                     0 / 0                 0 / 0                 0 / 0                 0 / 0           ops/s
[30,482s][info ][gc,stats       ]      Memory: Undo Object Allocation Succeeded                  0 / 0                 0 / 10                0 / 10                0 / 10          ops/s
[30,482s][info ][gc,stats       ]      Memory: Undo Page Allocation                              1 / 15                1 / 16                1 / 16                1 / 16          ops/s
[30,482s][info ][gc,stats       ]       Phase: Concurrent Mark                             361,018 / 606,876     220,217 / 606,876     220,217 / 606,876     220,217 / 606,876     ms
[30,482s][info ][gc,stats       ]       Phase: Concurrent Mark Continue                      0,000 / 0,000         0,000 / 0,000         0,000 / 0,000         0,000 / 0,000       ms
[30,482s][info ][gc,stats       ]       Phase: Concurrent Mark Free                          0,047 / 0,069         0,045 / 0,070         0,045 / 0,070         0,045 / 0,070       ms
[30,482s][info ][gc,stats       ]       Phase: Concurrent Process Non-Strong References      8,466 / 12,497       12,211 / 28,355       12,211 / 28,355       12,211 / 28,355      ms
[30,482s][info ][gc,stats       ]       Phase: Concurrent Relocate                           9,621 / 19,638       13,159 / 68,030       13,159 / 68,030       13,159 / 68,030      ms
[30,482s][info ][gc,stats       ]       Phase: Concurrent Reset Relocation Set               0,110 / 0,172         0,065 / 0,172         0,065 / 0,172         0,065 / 0,172       ms
[30,482s][info ][gc,stats       ]       Phase: Concurrent Select Relocation Set              2,697 / 3,362         7,111 / 24,709        7,111 / 24,709        7,111 / 24,709      ms
[30,482s][info ][gc,stats       ]       Phase: Pause Mark End                                0,172 / 0,347         0,099 / 0,347         0,099 / 0,347         0,099 / 0,347       ms
[30,482s][info ][gc,stats       ]       Phase: Pause Mark Start                              0,127 / 0,174         0,134 / 0,192         0,134 / 0,192         0,134 / 0,192       ms
[30,482s][info ][gc,stats       ]       Phase: Pause Relocate Start                          0,077 / 0,126         0,057 / 0,126         0,057 / 0,126         0,057 / 0,126       ms
[30,482s][info ][gc,stats       ]    Subphase: Concurrent Classes Purge                      0,358 / 0,589         2,962 / 13,408        2,962 / 13,408        2,962 / 13,408      ms
[30,482s][info ][gc,stats       ]    Subphase: Concurrent Classes Unlink                     3,920 / 6,726         3,955 / 7,762         3,955 / 7,762         3,955 / 7,762       ms
[30,482s][info ][gc,stats       ]    Subphase: Concurrent Mark                             288,784 / 603,668     152,032 / 603,668     152,032 / 603,668     152,032 / 603,668     ms
[30,482s][info ][gc,stats       ]    Subphase: Concurrent Mark Try Flush                     0,165 / 0,363         1,491 / 7,166         1,491 / 7,166         1,491 / 7,166       ms
[30,482s][info ][gc,stats       ]    Subphase: Concurrent Mark Try Terminate                 1,014 / 1,190         1,191 / 6,763         1,191 / 6,763         1,191 / 6,763       ms
[30,482s][info ][gc,stats       ]    Subphase: Concurrent References Enqueue                 0,013 / 0,014         0,015 / 0,026         0,015 / 0,026         0,015 / 0,026       ms
[30,482s][info ][gc,stats       ]    Subphase: Concurrent References Process                 2,757 / 4,428         1,754 / 4,777         1,754 / 4,777         1,754 / 4,777       ms
[30,483s][info ][gc,stats       ]    Subphase: Concurrent Roots ClassLoaderDataGraph         0,179 / 0,313         0,136 / 0,487         0,136 / 0,487         0,136 / 0,487       ms
[30,483s][info ][gc,stats       ]    Subphase: Concurrent Roots CodeCache                    0,000 / 0,000         0,000 / 0,000         0,000 / 0,000         0,000 / 0,000       ms
[30,483s][info ][gc,stats       ]    Subphase: Concurrent Roots JavaThreads                  1,013 / 2,473         0,764 / 2,473         0,764 / 2,473         0,764 / 2,473       ms
[30,483s][info ][gc,stats       ]    Subphase: Concurrent Roots OopStorageSet                0,044 / 0,080         0,068 / 0,143         0,068 / 0,143         0,068 / 0,143       ms
[30,483s][info ][gc,stats       ]    Subphase: Concurrent Weak Roots OopStorageSet           0,514 / 1,169         0,694 / 2,088         0,694 / 2,088         0,694 / 2,088       ms
[30,483s][info ][gc,stats       ]    Subphase: Pause Mark Try Complete                       0,073 / 0,134         0,073 / 0,134         0,073 / 0,134         0,073 / 0,134       ms
[30,483s][info ][gc,stats       ]      System: Java Threads                                     39 / 40               35 / 42               35 / 42               35 / 42          threads
[30,483s][info ][gc,stats       ] =========================================================================================================================================================
[30,581s][debug][gc,alloc       ] Allocation Rate: 3158,0MB/s, Predicted: 3853,6MB/s, Avg: 2935,4(+/-596,3)MB/s
[30,582s][debug][gc,director    ] Select GC Workers (Unsteady), AvoidLongGCWorkers: 0,083, AvoidOOMGCWorkers: 0,994, LastGCWorkers: 3,000, HalfGCWorkers: 2,500, GCWorkers: 3,000
[30,582s][debug][gc,director    ] Rule: Allocation Rate (Dynamic GC Workers), MaxAllocRate: 5815,7MB/s (+/-20,3%), Free: 5898MB, GCCPUTime: 0,838, GCDuration: 0,285s, TimeUntilOOM: 0,843s, TimeUntilGC: 0,458s, GCWorkers: 3 -> 3
[30,582s][debug][gc,director    ] Rule: High Usage, Free: 5898MB(48,0%)
[30,582s][debug][gc,director    ] Rule: Proactive, AcceptableGCInterval: 8,526s, TimeSinceLastGC: 1,667s, TimeUntilGC: 6,860s
[30,681s][debug][gc,alloc       ] Allocation Rate: 3282,0MB/s, Predicted: 3892,1MB/s, Avg: 3007,6(+/-590,2)MB/s
[30,681s][debug][gc,director    ] Select GC Workers (Unsteady), AvoidLongGCWorkers: 0,083, AvoidOOMGCWorkers: 1,021, LastGCWorkers: 3,000, HalfGCWorkers: 2,500, GCWorkers: 3,000
[30,681s][debug][gc,director    ] Rule: Allocation Rate (Dynamic GC Workers), MaxAllocRate: 5834,1MB/s (+/-19,6%), Free: 5728MB, GCCPUTime: 0,838, GCDuration: 0,285s, TimeUntilOOM: 0,821s, TimeUntilGC: 0,436s, GCWorkers: 3 -> 3
[30,681s][debug][gc,director    ] Rule: High Usage, Free: 5728MB(46,6%)
[30,681s][debug][gc,director    ] Rule: Proactive, AcceptableGCInterval: 8,526s, TimeSinceLastGC: 1,766s, TimeUntilGC: 6,760s
[30,781s][debug][gc,alloc       ] Allocation Rate: 3346,0MB/s, Predicted: 3848,9MB/s, Avg: 3108,4(+/-552,0)MB/s
[30,782s][debug][gc,director    ] Select GC Workers (Unsteady), AvoidLongGCWorkers: 0,083, AvoidOOMGCWorkers: 1,018, LastGCWorkers: 3,000, HalfGCWorkers: 2,500, GCWorkers: 3,000
[30,782s][debug][gc,director    ] Rule: Allocation Rate (Dynamic GC Workers), MaxAllocRate: 5665,4MB/s (+/-17,8%), Free: 5490MB, GCCPUTime: 0,838, GCDuration: 0,285s, TimeUntilOOM: 0,823s, TimeUntilGC: 0,438s, GCWorkers: 3 -> 3
[30,782s][debug][gc,director    ] Rule: High Usage, Free: 5490MB(44,7%)
[30,782s][debug][gc,director    ] Rule: Proactive, AcceptableGCInterval: 8,526s, TimeSinceLastGC: 1,866s, TimeUntilGC: 6,660s
[30,882s][debug][gc,alloc       ] Allocation Rate: 3340,0MB/s, Predicted: 3656,1MB/s, Avg: 3238,6(+/-422,6)MB/s
[30,882s][debug][gc,director    ] Select GC Workers (Try Lowering), AvoidLongGCWorkers: 0,083, AvoidOOMGCWorkers: 0,909, NextAvoidOOMGCWorkers: 0,373, LastGCWorkers: 3,000, GCWorkers: 1,000
[30,882s][debug][gc,director    ] Rule: Allocation Rate (Dynamic GC Workers), MaxAllocRate: 5046,6MB/s (+/-13,0%), Free: 5252MB, GCCPUTime: 0,838, GCDuration: 0,838s, TimeUntilOOM: 0,921s, TimeUntilGC: -0,017s, GCWorkers: 3 -> 1
[30,882s][debug][gc,heap        ] GC(9) Heap before GC invocations=9 (full 9):
[30,882s][debug][gc,heap        ] GC(9)  ZHeap           used 6996M, capacity 11088M, max capacity 12288M
[30,882s][debug][gc,heap        ] GC(9)  Metaspace       used 31450K, committed 31872K, reserved 1114112K
[30,882s][debug][gc,heap        ] GC(9)   class space    used 3443K, committed 3648K, reserved 1048576K
[30,882s][info ][gc,start       ] GC(9) Garbage Collection (Allocation Rate)
[30,882s][info ][gc,task        ] GC(9) Using 1 workers
[30,882s][debug][gc,phases,start] GC(9) Pause Mark Start
[30,882s][debug][gc,marking     ] GC(9) Using 1 mark stripes
[30,882s][debug][gc,marking     ] GC(9) Mark Worker/Stripe Distribution
[30,882s][debug][gc,marking     ] GC(9)   Worker 0(1) -> Stripe 0(1)
[30,882s][info ][gc,phases      ] GC(9) Pause Mark Start 0,038ms
[30,882s][debug][gc,phases,start] GC(9) Concurrent Mark
[30,882s][debug][gc,task        ] GC(9) Executing Task: XMarkRootsTask, Active Workers: 1
[30,884s][debug][gc,tlab        ] GC(9) TLAB totals: thrds: 23  refills: 24849 max: 12051 slow allocs: 5617 max 402 waste:  2,0% gc: 2073360B max: 187312B slow: 123875480B max: 19489640B
[30,884s][debug][gc,task        ] GC(9) Executing Task: XMarkTask, Active Workers: 1
[30,968s][debug][gc,marking     ] Expanding mark stack space: 64M->96M
[30,982s][debug][gc,alloc       ] Allocation Rate: 4026,0MB/s, Predicted: 3708,5MB/s, Avg: 3415,8(+/-335,0)MB/s
[31,082s][debug][gc,alloc       ] Allocation Rate: 3152,0MB/s, Predicted: 3518,8MB/s, Avg: 3421,0(+/-330,4)MB/s
[31,181s][debug][gc,alloc       ] Allocation Rate: 3174,0MB/s, Predicted: 3347,7MB/s, Avg: 3423,4(+/-328,5)MB/s
[31,192s][info ][gc,phases      ] GC(9) Concurrent Mark 309,747ms
[31,192s][debug][gc,phases,start] GC(9) Pause Mark End
[31,192s][info ][gc,phases      ] GC(9) Pause Mark End 0,023ms
[31,192s][debug][gc,phases,start] GC(9) Concurrent Mark Free
[31,192s][info ][gc,phases      ] GC(9) Concurrent Mark Free 0,018ms
[31,192s][debug][gc,phases,start] GC(9) Concurrent Process Non-Strong References
[31,192s][debug][gc,phases,start] GC(9) Concurrent References Process
[31,192s][debug][gc,task        ] GC(9) Executing Task: XReferenceProcessorTask, Active Workers: 1
[31,194s][debug][gc,phases      ] GC(9) Concurrent References Process 1,803ms
[31,194s][debug][gc,task        ] GC(9) Executing Task: XProcessWeakRootsTask, Active Workers: 1
[31,195s][debug][gc,phases,start] GC(9) Concurrent Classes Unlink
[31,195s][debug][gc,phases,start] GC(9) ClassLoaderData
[31,195s][debug][gc,phases      ] GC(9) ClassLoaderData 0,051ms
[31,195s][debug][gc,phases,start] GC(9) Trigger cleanups
[31,195s][debug][gc,phases      ] GC(9) Trigger cleanups 0,005ms
[31,195s][debug][gc,task        ] GC(9) Executing Task: XNMethodUnlinkTask, Active Workers: 1
[31,199s][debug][gc,phases      ] GC(9) Concurrent Classes Unlink 3,837ms
[31,199s][debug][gc,phases,start] GC(9) Concurrent Classes Purge
[31,199s][debug][gc,nmethod     ] GC(9) Unregister NMethod: io.sirix.page.NamePage.getName (0x000070b0441d3910)
[31,199s][debug][gc,nmethod     ] GC(9) Unregister NMethod: java.lang.AbstractStringBuilder.charAt (0x000070b044151090)
[31,199s][debug][gc,nmethod     ] GC(9) Unregister NMethod: sun.nio.ch.FileChannelImpl.writeInternal (0x000070b043b46810)
[31,199s][debug][gc,nmethod     ] GC(9) Unregister NMethod: jdk.internal.misc.Unsafe.loadFence (0x000070b04408dd90)
[31,199s][debug][gc,nmethod     ] GC(9) Unregister NMethod: java.util.ArrayList$ArrayListSpliterator.forEachRemaining (0x000070b043da5690)
[31,199s][debug][gc,nmethod     ] GC(9) Unregister NMethod: java.util.concurrent.ForkJoinPool.scan (0x000070b04422ef10)
[31,199s][debug][gc,nmethod     ] GC(9) Unregister NMethod: java.io.ByteArrayInputStream.read (0x000070b0441fd210)
[31,199s][debug][gc,phases      ] GC(9) Concurrent Classes Purge 0,068ms
[31,199s][debug][gc,phases,start] GC(9) Concurrent References Enqueue
[31,199s][debug][gc,phases      ] GC(9) Concurrent References Enqueue 0,006ms
[31,199s][info ][gc,phases      ] GC(9) Concurrent Process Non-Strong References 6,879ms
[31,199s][debug][gc,phases,start] GC(9) Concurrent Reset Relocation Set
[31,199s][info ][gc,phases      ] GC(9) Concurrent Reset Relocation Set 0,006ms
[31,199s][debug][gc,phases,start] GC(9) Concurrent Select Relocation Set
[31,200s][debug][gc,task        ] GC(9) Executing Task: XRelocationSetInstallTask, Active Workers: 1
[31,201s][info ][gc,phases      ] GC(9) Concurrent Select Relocation Set 1,655ms
[31,201s][debug][gc,phases,start] GC(9) Pause Relocate Start
[31,201s][info ][gc,phases      ] GC(9) Pause Relocate Start 0,020ms
[31,201s][debug][gc,phases,start] GC(9) Concurrent Relocate
[31,201s][debug][gc,task        ] GC(9) Executing Task: XRelocateTask, Active Workers: 1
[31,206s][info ][gc,phases      ] GC(9) Concurrent Relocate 4,943ms
[31,206s][debug][gc,heap        ] GC(9) Heap after GC invocations=10 (full 10):
[31,206s][debug][gc,heap        ] GC(9)  ZHeap           used 1840M, capacity 11088M, max capacity 12288M
[31,206s][debug][gc,heap        ] GC(9)  Metaspace       used 31453K, committed 31872K, reserved 1114112K
[31,206s][debug][gc,heap        ] GC(9)   class space    used 3443K, committed 3648K, reserved 1048576K
[31,206s][info ][gc,load        ] GC(9) Load: 3,75/5,43/3,24
[31,206s][info ][gc,mmu         ] GC(9) MMU: 2ms/82,6%, 5ms/93,1%, 10ms/96,5%, 20ms/97,9%, 50ms/99,1%, 100ms/99,6%
[31,206s][info ][gc,marking     ] GC(9) Mark: 1 stripe(s), 2 proactive flush(es), 1 terminate flush(es), 0 completion(s), 0 continuation(s) 
[31,206s][info ][gc,marking     ] GC(9) Mark Stack Usage: 96M
[31,206s][info ][gc,nmethod     ] GC(9) NMethods: 3760 registered, 1217 unregistered
[31,206s][info ][gc,metaspace   ] GC(9) Metaspace: 30M used, 31M committed, 1088M reserved
[31,206s][info ][gc,ref         ] GC(9) Soft: 3931 encountered, 0 discovered, 0 enqueued
[31,206s][info ][gc,ref         ] GC(9) Weak: 1937 encountered, 112 discovered, 0 enqueued
[31,206s][info ][gc,ref         ] GC(9) Final: 8351 encountered, 8351 discovered, 8351 enqueued
[31,206s][info ][gc,ref         ] GC(9) Phantom: 516 encountered, 368 discovered, 115 enqueued
[31,206s][info ][gc,reloc       ] GC(9) Small Pages: 3482 / 6964M, Empty: 2758M, Relocated: 5M, In-Place: 0
[31,206s][info ][gc,reloc       ] GC(9) Medium Pages: 1 / 32M, Empty: 0M, Relocated: 0M, In-Place: 0
[31,206s][info ][gc,reloc       ] GC(9) Large Pages: 0 / 0M, Empty: 0M, Relocated: 0M, In-Place: 0
[31,206s][info ][gc,reloc       ] GC(9) Forwarding Usage: 2M
[31,206s][info ][gc,heap        ] GC(9) Min Capacity: 5120M(42%)
[31,206s][info ][gc,heap        ] GC(9) Max Capacity: 12288M(100%)
[31,206s][info ][gc,heap        ] GC(9) Soft Max Capacity: 12288M(100%)
[31,206s][info ][gc,heap        ] GC(9)                Mark Start          Mark End        Relocate Start      Relocate End           High               Low         
[31,206s][info ][gc,heap        ] GC(9)  Capacity:    11088M (90%)       11088M (90%)       11088M (90%)       11088M (90%)       11088M (90%)       11088M (90%)    
[31,206s][info ][gc,heap        ] GC(9)      Free:     5292M (43%)        4182M (34%)        6918M (56%)       10448M (85%)       10450M (85%)        4164M (34%)    
[31,206s][info ][gc,heap        ] GC(9)      Used:     6996M (57%)        8106M (66%)        5370M (44%)        1840M (15%)        8124M (66%)        1838M (15%)    
[31,206s][info ][gc,heap        ] GC(9)      Live:         -               508M (4%)          508M (4%)          508M (4%)             -                  -          
[31,206s][info ][gc,heap        ] GC(9) Allocated:         -              1110M (9%)         1132M (9%)         1141M (9%)             -                  -          
[31,206s][info ][gc,heap        ] GC(9)   Garbage:         -              6487M (53%)        3729M (30%)         189M (2%)             -                  -          
[31,206s][info ][gc,heap        ] GC(9) Reclaimed:         -                  -              2758M (22%)        6297M (51%)            -                  -          
[31,206s][info ][gc             ] GC(9) Garbage Collection (Allocation Rate) 6996M(57%)->1840M(15%)
[31,281s][debug][gc,alloc       ] Allocation Rate: 3152,0MB/s, Predicted: 3198,3MB/s, Avg: 3411,6(+/-335,9)MB/s
[31,281s][debug][gc,director    ] Select GC Workers (Normal), AvoidLongGCWorkers: 0,098, AvoidOOMGCWorkers: 0,476, LastGCWorkers: 1,000, GCWorkers: 0,476
[31,281s][debug][gc,director    ] Rule: Allocation Rate (Dynamic GC Workers), MaxAllocRate: 4516,8MB/s (+/-9,8%), Free: 10230MB, GCCPUTime: 0,986, GCDuration: 0,986s, TimeUntilOOM: 2,062s, TimeUntilGC: 0,976s, GCWorkers: 1 -> 1
[31,281s][debug][gc,director    ] Rule: High Usage, Free: 10230MB(83,3%)
[31,281s][debug][gc,director    ] Rule: Proactive, UsedUntilEnabled: 1052MB, TimeUntilEnabled: 299,924s
[31,382s][debug][gc,alloc       ] Allocation Rate: 3148,0MB/s, Predicted: 3087,1MB/s, Avg: 3387,4(+/-345,2)MB/s
[31,382s][debug][gc,director    ] Select GC Workers (Normal), AvoidLongGCWorkers: 0,098, AvoidOOMGCWorkers: 0,490, LastGCWorkers: 1,000, GCWorkers: 0,490
[31,382s][debug][gc,director    ] Rule: Allocation Rate (Dynamic GC Workers), MaxAllocRate: 4523,1MB/s (+/-10,2%), Free: 9994MB, GCCPUTime: 0,986, GCDuration: 0,986s, TimeUntilOOM: 2,005s, TimeUntilGC: 0,919s, GCWorkers: 1 -> 1
[31,382s][debug][gc,director    ] Rule: High Usage, Free: 9994MB(81,3%)
[31,382s][debug][gc,director    ] Rule: Proactive, UsedUntilEnabled: 816MB, TimeUntilEnabled: 299,824s
[31,482s][debug][gc,alloc       ] Allocation Rate: 3168,0MB/s, Predicted: 3188,3MB/s, Avg: 3294,6(+/-255,2)MB/s
[31,482s][debug][gc,director    ] Select GC Workers (Normal), AvoidLongGCWorkers: 0,098, AvoidOOMGCWorkers: 0,484, LastGCWorkers: 1,000, GCWorkers: 0,484
[31,482s][debug][gc,director    ] Rule: Allocation Rate (Dynamic GC Workers), MaxAllocRate: 4134,3MB/s (+/-7,7%), Free: 9048MB, GCCPUTime: 0,986, GCDuration: 0,986s, TimeUntilOOM: 2,031s, TimeUntilGC: 0,945s, GCWorkers: 1 -> 1
[31,482s][debug][gc,director    ] Rule: High Usage, Free: 9048MB(73,6%)
[31,482s][debug][gc,director    ] Rule: Proactive, AcceptableGCInterval: 9,934s, TimeSinceLastGC: 0,276s, TimeUntilGC: 9,658s
[31,582s][debug][gc,alloc       ] Allocation Rate: 3198,0MB/s, Predicted: 3113,2MB/s, Avg: 3298,6(+/-253,3)MB/s
[31,582s][debug][gc,director    ] Select GC Workers (Normal), AvoidLongGCWorkers: 0,098, AvoidOOMGCWorkers: 0,486, LastGCWorkers: 1,000, GCWorkers: 0,486
[31,582s][debug][gc,director    ] Rule: Allocation Rate (Dynamic GC Workers), MaxAllocRate: 4132,2MB/s (+/-7,7%), Free: 8998MB, GCCPUTime: 0,986, GCDuration: 0,986s, TimeUntilOOM: 2,022s, TimeUntilGC: 0,936s, GCWorkers: 1 -> 1
[31,582s][debug][gc,director    ] Rule: High Usage, Free: 8998MB(73,2%)
[31,582s][debug][gc,director    ] Rule: Proactive, AcceptableGCInterval: 9,934s, TimeSinceLastGC: 0,376s, TimeUntilGC: 9,557s
[31,681s][debug][gc,alloc       ] Allocation Rate: 3230,0MB/s, Predicted: 3081,3MB/s, Avg: 3293,4(+/-254,1)MB/s
[31,681s][debug][gc,director    ] Select GC Workers (Normal), AvoidLongGCWorkers: 0,098, AvoidOOMGCWorkers: 0,497, LastGCWorkers: 1,000, GCWorkers: 0,497
[31,681s][debug][gc,director    ] Rule: Allocation Rate (Dynamic GC Workers), MaxAllocRate: 4129,7MB/s (+/-7,7%), Free: 8796MB, GCCPUTime: 0,986, GCDuration: 0,986s, TimeUntilOOM: 1,977s, TimeUntilGC: 0,891s, GCWorkers: 1 -> 1
[31,681s][debug][gc,director    ] Rule: High Usage, Free: 8796MB(71,6%)
[31,681s][debug][gc,director    ] Rule: Proactive, AcceptableGCInterval: 9,934s, TimeSinceLastGC: 0,475s, TimeUntilGC: 9,458s
[31,782s][debug][gc,alloc       ] Allocation Rate: 3154,0MB/s, Predicted: 3039,6MB/s, Avg: 3274,2(+/-256,7)MB/s
[31,782s][debug][gc,director    ] Select GC Workers (Normal), AvoidLongGCWorkers: 0,098, AvoidOOMGCWorkers: 0,505, LastGCWorkers: 1,000, GCWorkers: 0,505
[31,782s][debug][gc,director    ] Rule: Allocation Rate (Dynamic GC Workers), MaxAllocRate: 4118,8MB/s (+/-7,8%), Free: 8636MB, GCCPUTime: 0,986, GCDuration: 0,986s, TimeUntilOOM: 1,944s, TimeUntilGC: 0,858s, GCWorkers: 1 -> 1
[31,782s][debug][gc,director    ] Rule: High Usage, Free: 8636MB(70,3%)
[31,782s][debug][gc,director    ] Rule: Proactive, AcceptableGCInterval: 9,934s, TimeSinceLastGC: 0,576s, TimeUntilGC: 9,358s
[31,882s][debug][gc,alloc       ] Allocation Rate: 3112,0MB/s, Predicted: 2992,3MB/s, Avg: 3251,4(+/-259,9)MB/s
[31,882s][debug][gc,director    ] Select GC Workers (Normal), AvoidLongGCWorkers: 0,098, AvoidOOMGCWorkers: 0,516, LastGCWorkers: 1,000, GCWorkers: 0,516
[31,882s][debug][gc,director    ] Rule: Allocation Rate (Dynamic GC Workers), MaxAllocRate: 4106,7MB/s (+/-8,0%), Free: 8438MB, GCCPUTime: 0,986, GCDuration: 0,986s, TimeUntilOOM: 1,903s, TimeUntilGC: 0,817s, GCWorkers: 1 -> 1
[31,882s][debug][gc,director    ] Rule: High Usage, Free: 8438MB(68,7%)
[31,882s][debug][gc,director    ] Rule: Proactive, AcceptableGCInterval: 9,934s, TimeSinceLastGC: 0,676s, TimeUntilGC: 9,258s
[31,982s][debug][gc,alloc       ] Allocation Rate: 3146,0MB/s, Predicted: 3156,7MB/s, Avg: 3163,4(+/-30,5)MB/s
[31,982s][debug][gc,director    ] Select GC Workers (Normal), AvoidLongGCWorkers: 0,098, AvoidOOMGCWorkers: 0,432, LastGCWorkers: 1,000, GCWorkers: 0,432
[31,982s][debug][gc,director    ] Rule: Allocation Rate (Dynamic GC Workers), MaxAllocRate: 3263,7MB/s (+/-1,0%), Free: 7490MB, GCCPUTime: 0,986, GCDuration: 0,986s, TimeUntilOOM: 2,273s, TimeUntilGC: 1,187s, GCWorkers: 1 -> 1
[31,982s][debug][gc,director    ] Rule: High Usage, Free: 7490MB(61,0%)
[31,982s][debug][gc,director    ] Rule: Proactive, AcceptableGCInterval: 9,934s, TimeSinceLastGC: 0,776s, TimeUntilGC: 9,157s
[32,081s][debug][gc,alloc       ] Allocation Rate: 3190,0MB/s, Predicted: 3164,3MB/s, Avg: 3167,2(+/-31,2)MB/s
[32,081s][debug][gc,director    ] Select GC Workers (Normal), AvoidLongGCWorkers: 0,098, AvoidOOMGCWorkers: 0,437, LastGCWorkers: 1,000, GCWorkers: 0,437
[32,081s][debug][gc,director    ] Rule: Allocation Rate (Dynamic GC Workers), MaxAllocRate: 3269,8MB/s (+/-1,0%), Free: 7428MB, GCCPUTime: 0,986, GCDuration: 0,986s, TimeUntilOOM: 2,250s, TimeUntilGC: 1,164s, GCWorkers: 1 -> 1
[32,081s][debug][gc,director    ] Rule: High Usage, Free: 7428MB(60,4%)
[32,081s][debug][gc,director    ] Rule: Proactive, AcceptableGCInterval: 9,934s, TimeSinceLastGC: 0,875s, TimeUntilGC: 9,058s
[32,182s][debug][gc,alloc       ] Allocation Rate: 3246,0MB/s, Predicted: 3197,6MB/s, Avg: 3174,4(+/-39,2)MB/s
[32,182s][debug][gc,director    ] Select GC Workers (Normal), AvoidLongGCWorkers: 0,098, AvoidOOMGCWorkers: 0,459, LastGCWorkers: 1,000, GCWorkers: 0,459
[32,182s][debug][gc,director    ] Rule: Allocation Rate (Dynamic GC Workers), MaxAllocRate: 3326,6MB/s (+/-1,2%), Free: 7204MB, GCCPUTime: 0,986, GCDuration: 0,986s, TimeUntilOOM: 2,139s, TimeUntilGC: 1,053s, GCWorkers: 1 -> 1
[32,182s][debug][gc,director    ] Rule: High Usage, Free: 7204MB(58,6%)
[32,182s][debug][gc,director    ] Rule: Proactive, AcceptableGCInterval: 9,934s, TimeSinceLastGC: 0,976s, TimeUntilGC: 8,958s
[32,282s][debug][gc,alloc       ] Allocation Rate: 3254,0MB/s, Predicted: 3223,5MB/s, Avg: 3184,6(+/-44,9)MB/s
[32,282s][debug][gc,director    ] Select GC Workers (Normal), AvoidLongGCWorkers: 0,098, AvoidOOMGCWorkers: 0,481, LastGCWorkers: 1,000, GCWorkers: 0,481
[32,282s][debug][gc,director    ] Rule: Allocation Rate (Dynamic GC Workers), MaxAllocRate: 3371,2MB/s (+/-1,4%), Free: 6976MB, GCCPUTime: 0,986, GCDuration: 0,986s, TimeUntilOOM: 2,040s, TimeUntilGC: 0,955s, GCWorkers: 1 -> 1
[32,282s][debug][gc,director    ] Rule: High Usage, Free: 6976MB(56,8%)
[32,282s][debug][gc,director    ] Rule: Proactive, AcceptableGCInterval: 9,934s, TimeSinceLastGC: 1,076s, TimeUntilGC: 8,858s
[32,383s][debug][gc,alloc       ] Allocation Rate: 3612,0MB/s, Predicted: 3384,7MB/s, Avg: 3231,0(+/-134,2)MB/s
[32,384s][debug][gc,director    ] Select GC Workers (Normal), AvoidLongGCWorkers: 0,098, AvoidOOMGCWorkers: 0,614, LastGCWorkers: 1,000, GCWorkers: 0,614
[32,384s][debug][gc,director    ] Rule: Allocation Rate (Dynamic GC Workers), MaxAllocRate: 3826,1MB/s (+/-4,2%), Free: 6378MB, GCCPUTime: 0,986, GCDuration: 0,986s, TimeUntilOOM: 1,601s, TimeUntilGC: 0,515s, GCWorkers: 1 -> 1
[32,384s][debug][gc,director    ] Rule: High Usage, Free: 6378MB(51,9%)
[32,384s][debug][gc,director    ] Rule: Proactive, AcceptableGCInterval: 9,934s, TimeSinceLastGC: 1,178s, TimeUntilGC: 8,756s
[32,482s][debug][gc,alloc       ] Allocation Rate: 3126,0MB/s, Predicted: 3325,9MB/s, Avg: 3226,8(+/-136,7)MB/s
[32,482s][debug][gc,director    ] Select GC Workers (Normal), AvoidLongGCWorkers: 0,098, AvoidOOMGCWorkers: 0,654, LastGCWorkers: 1,000, GCWorkers: 0,654
[32,482s][debug][gc,director    ] Rule: Allocation Rate (Dynamic GC Workers), MaxAllocRate: 3775,7MB/s (+/-4,2%), Free: 5922MB, GCCPUTime: 0,986, GCDuration: 0,986s, TimeUntilOOM: 1,505s, TimeUntilGC: 0,419s, GCWorkers: 1 -> 1
[32,482s][debug][gc,director    ] Rule: High Usage, Free: 5922MB(48,2%)
[32,482s][debug][gc,director    ] Rule: Proactive, AcceptableGCInterval: 9,934s, TimeSinceLastGC: 1,276s, TimeUntilGC: 8,658s
[32,582s][debug][gc,alloc       ] Allocation Rate: 3266,0MB/s, Predicted: 3333,9MB/s, Avg: 3233,6(+/-136,8)MB/s
[32,582s][debug][gc,director    ] Select GC Workers (Normal), AvoidLongGCWorkers: 0,098, AvoidOOMGCWorkers: 0,677, LastGCWorkers: 1,000, GCWorkers: 0,677
[32,582s][debug][gc,director    ] Rule: Allocation Rate (Dynamic GC Workers), MaxAllocRate: 3784,0MB/s (+/-4,2%), Free: 5732MB, GCCPUTime: 0,986, GCDuration: 0,986s, TimeUntilOOM: 1,453s, TimeUntilGC: 0,367s, GCWorkers: 1 -> 1
[32,582s][debug][gc,director    ] Rule: High Usage, Free: 5732MB(46,6%)
[32,582s][debug][gc,director    ] Rule: Proactive, AcceptableGCInterval: 9,934s, TimeSinceLastGC: 1,376s, TimeUntilGC: 8,558s
[32,682s][debug][gc,alloc       ] Allocation Rate: 3276,0MB/s, Predicted: 3349,9MB/s, Avg: 3238,2(+/-137,4)MB/s
[32,682s][debug][gc,director    ] Select GC Workers (Normal), AvoidLongGCWorkers: 0,098, AvoidOOMGCWorkers: 0,706, LastGCWorkers: 1,000, GCWorkers: 0,706
[32,682s][debug][gc,director    ] Rule: Allocation Rate (Dynamic GC Workers), MaxAllocRate: 3801,8MB/s (+/-4,2%), Free: 5520MB, GCCPUTime: 0,986, GCDuration: 0,986s, TimeUntilOOM: 1,393s, TimeUntilGC: 0,307s, GCWorkers: 1 -> 1
[32,682s][debug][gc,director    ] Rule: High Usage, Free: 5520MB(44,9%)
[32,682s][debug][gc,director    ] Rule: Proactive, AcceptableGCInterval: 9,934s, TimeSinceLastGC: 1,476s, TimeUntilGC: 8,457s
[32,781s][debug][gc,alloc       ] Allocation Rate: 3336,0MB/s, Predicted: 3366,5MB/s, Avg: 3256,4(+/-137,1)MB/s
[32,781s][debug][gc,director    ] Select GC Workers (Normal), AvoidLongGCWorkers: 0,098, AvoidOOMGCWorkers: 0,739, LastGCWorkers: 1,000, GCWorkers: 0,739
[32,781s][debug][gc,director    ] Rule: Allocation Rate (Dynamic GC Workers), MaxAllocRate: 3817,5MB/s (+/-4,2%), Free: 5300MB, GCCPUTime: 0,986, GCDuration: 0,986s, TimeUntilOOM: 1,332s, TimeUntilGC: 0,246s, GCWorkers: 1 -> 1
[32,781s][debug][gc,director    ] Rule: High Usage, Free: 5300MB(43,1%)
[32,781s][debug][gc,director    ] Rule: Proactive, AcceptableGCInterval: 9,934s, TimeSinceLastGC: 1,575s, TimeUntilGC: 8,358s
[32,881s][debug][gc,alloc       ] Allocation Rate: 4056,0MB/s, Predicted: 3647,9MB/s, Avg: 3350,8(+/-267,8)MB/s
[32,881s][debug][gc,director    ] Select GC Workers (Normal), AvoidLongGCWorkers: 0,098, AvoidOOMGCWorkers: 1,101, LastGCWorkers: 1,000, GCWorkers: 1,101
[32,881s][debug][gc,director    ] Rule: Allocation Rate (Dynamic GC Workers), MaxAllocRate: 4529,1MB/s (+/-8,0%), Free: 4382MB, GCCPUTime: 0,986, GCDuration: 0,496s, TimeUntilOOM: 0,896s, TimeUntilGC: 0,299s, GCWorkers: 1 -> 2
[32,882s][debug][gc,heap        ] GC(10) Heap before GC invocations=10 (full 10):
[32,882s][debug][gc,heap        ] GC(10)  ZHeap           used 7864M, capacity 11088M, max capacity 12288M
[32,882s][debug][gc,heap        ] GC(10)  Metaspace       used 31459K, committed 31872K, reserved 1114112K
[32,882s][debug][gc,heap        ] GC(10)   class space    used 3443K, committed 3648K, reserved 1048576K
[32,882s][info ][gc,start       ] GC(10) Garbage Collection (Allocation Rate)
[32,882s][info ][gc,task        ] GC(10) Using 2 workers
[32,882s][debug][gc,phases,start] GC(10) Pause Mark Start
[32,882s][debug][gc,marking     ] GC(10) Using 2 mark stripes
[32,882s][debug][gc,marking     ] GC(10) Mark Worker/Stripe Distribution
[32,882s][debug][gc,marking     ] GC(10)   Worker 0(2) -> Stripe 0(2)
[32,882s][debug][gc,marking     ] GC(10)   Worker 1(2) -> Stripe 1(2)
[32,882s][info ][gc,phases      ] GC(10) Pause Mark Start 0,057ms
[32,882s][debug][gc,phases,start] GC(10) Concurrent Mark
[32,882s][debug][gc,task        ] GC(10) Executing Task: XMarkRootsTask, Active Workers: 2
[32,883s][debug][gc,tlab        ] GC(10) TLAB totals: thrds: 23  refills: 27772 max: 12217 slow allocs: 7743 max 556 waste:  2,2% gc: 1761176B max: 187768B slow: 148789424B max: 21386904B
[32,883s][debug][gc,task        ] GC(10) Executing Task: XMarkTask, Active Workers: 2
[32,982s][debug][gc,alloc       ] Allocation Rate: 3156,0MB/s, Predicted: 3515,3MB/s, Avg: 3351,8(+/-267,1)MB/s
[33,066s][info ][gc,phases      ] GC(10) Concurrent Mark 183,610ms
[33,066s][debug][gc,phases,start] GC(10) Pause Mark End
[33,066s][info ][gc,phases      ] GC(10) Pause Mark End 0,037ms
[33,066s][debug][gc,phases,start] GC(10) Concurrent Mark Free
[33,066s][debug][gc,marking     ] GC(10) Shrinking mark stack space: 96M->32M
[33,067s][info ][gc,phases      ] GC(10) Concurrent Mark Free 1,038ms
[33,067s][debug][gc,phases,start] GC(10) Concurrent Process Non-Strong References
[33,067s][debug][gc,phases,start] GC(10) Concurrent References Process
[33,067s][debug][gc,task        ] GC(10) Executing Task: XReferenceProcessorTask, Active Workers: 2
[33,069s][debug][gc,phases      ] GC(10) Concurrent References Process 2,072ms
[33,069s][debug][gc,task        ] GC(10) Executing Task: XProcessWeakRootsTask, Active Workers: 2
[33,069s][debug][gc,phases,start] GC(10) Concurrent Classes Unlink
[33,070s][debug][gc,phases,start] GC(10) ClassLoaderData
[33,070s][debug][gc,phases      ] GC(10) ClassLoaderData 0,023ms
[33,070s][debug][gc,phases,start] GC(10) Trigger cleanups
[33,070s][debug][gc,phases      ] GC(10) Trigger cleanups 0,005ms
[33,070s][debug][gc,task        ] GC(10) Executing Task: XNMethodUnlinkTask, Active Workers: 2
[33,071s][debug][gc,phases      ] GC(10) Concurrent Classes Unlink 1,873ms
[33,071s][debug][gc,phases,start] GC(10) Concurrent Classes Purge
[33,071s][debug][gc,nmethod     ] GC(10) Unregister NMethod: java.lang.StringBuilder.charAt (0x000070b043c00610)
[33,072s][debug][gc,nmethod     ] GC(10) Unregister NMethod: io.sirix.axis.pathsummary.AbstractAxis.hasNext (0x000070b044249590)
[33,072s][debug][gc,phases      ] GC(10) Concurrent Classes Purge 0,028ms
[33,072s][debug][gc,phases,start] GC(10) Concurrent References Enqueue
[33,072s][debug][gc,phases      ] GC(10) Concurrent References Enqueue 0,007ms
[33,072s][info ][gc,phases      ] GC(10) Concurrent Process Non-Strong References 4,639ms
[33,072s][debug][gc,phases,start] GC(10) Concurrent Reset Relocation Set
[33,072s][info ][gc,phases      ] GC(10) Concurrent Reset Relocation Set 0,046ms
[33,072s][debug][gc,phases,start] GC(10) Concurrent Select Relocation Set
[33,073s][debug][gc,task        ] GC(10) Executing Task: XRelocationSetInstallTask, Active Workers: 2
[33,073s][info ][gc,phases      ] GC(10) Concurrent Select Relocation Set 1,423ms
[33,073s][debug][gc,phases,start] GC(10) Pause Relocate Start
[33,073s][info ][gc,phases      ] GC(10) Pause Relocate Start 0,045ms
[33,073s][debug][gc,phases,start] GC(10) Concurrent Relocate
[33,073s][debug][gc,task        ] GC(10) Executing Task: XRelocateTask, Active Workers: 2
[33,079s][info ][gc,phases      ] GC(10) Concurrent Relocate 5,753ms
[33,079s][debug][gc,heap        ] GC(10) Heap after GC invocations=11 (full 11):
[33,079s][debug][gc,heap        ] GC(10)  ZHeap           used 984M, capacity 11088M, max capacity 12288M
[33,079s][debug][gc,heap        ] GC(10)  Metaspace       used 31464K, committed 31872K, reserved 1114112K
[33,079s][debug][gc,heap        ] GC(10)   class space    used 3443K, committed 3648K, reserved 1048576K
[33,079s][info ][gc,load        ] GC(10) Load: 3,69/5,39/3,23
[33,079s][info ][gc,mmu         ] GC(10) MMU: 2ms/82,6%, 5ms/93,1%, 10ms/96,5%, 20ms/97,9%, 50ms/99,1%, 100ms/99,6%
[33,079s][info ][gc,marking     ] GC(10) Mark: 2 stripe(s), 2 proactive flush(es), 1 terminate flush(es), 0 completion(s), 0 continuation(s) 
[33,079s][info ][gc,marking     ] GC(10) Mark Stack Usage: 32M
[33,079s][info ][gc,nmethod     ] GC(10) NMethods: 3781 registered, 1219 unregistered
[33,079s][info ][gc,metaspace   ] GC(10) Metaspace: 30M used, 31M committed, 1088M reserved
[33,079s][info ][gc,ref         ] GC(10) Soft: 3931 encountered, 0 discovered, 0 enqueued
[33,079s][info ][gc,ref         ] GC(10) Weak: 1937 encountered, 182 discovered, 0 enqueued
[33,079s][info ][gc,ref         ] GC(10) Final: 10406 encountered, 10406 discovered, 10406 enqueued
[33,079s][info ][gc,ref         ] GC(10) Phantom: 519 encountered, 296 discovered, 118 enqueued
[33,079s][info ][gc,reloc       ] GC(10) Small Pages: 3916 / 7832M, Empty: 2748M, Relocated: 22M, In-Place: 0
[33,079s][info ][gc,reloc       ] GC(10) Medium Pages: 1 / 32M, Empty: 0M, Relocated: 0M, In-Place: 0
[33,079s][info ][gc,reloc       ] GC(10) Large Pages: 0 / 0M, Empty: 0M, Relocated: 0M, In-Place: 0
[33,079s][info ][gc,reloc       ] GC(10) Forwarding Usage: 3M
[33,079s][info ][gc,heap        ] GC(10) Min Capacity: 5120M(42%)
[33,079s][info ][gc,heap        ] GC(10) Max Capacity: 12288M(100%)
[33,079s][info ][gc,heap        ] GC(10) Soft Max Capacity: 12288M(100%)
[33,079s][info ][gc,heap        ] GC(10)                Mark Start          Mark End        Relocate Start      Relocate End           High               Low         
[33,079s][info ][gc,heap        ] GC(10)  Capacity:    11088M (90%)       11088M (90%)       11088M (90%)       11088M (90%)       11088M (90%)       11088M (90%)    
[33,079s][info ][gc,heap        ] GC(10)      Free:     4424M (36%)        4204M (34%)        6936M (56%)       11304M (92%)       11304M (92%)        4192M (34%)    
[33,079s][info ][gc,heap        ] GC(10)      Used:     7864M (64%)        8084M (66%)        5352M (44%)         984M (8%)         8096M (66%)         984M (8%)     
[33,079s][info ][gc,heap        ] GC(10)      Live:         -               543M (4%)          543M (4%)          543M (4%)             -                  -          
[33,079s][info ][gc,heap        ] GC(10) Allocated:         -               220M (2%)          236M (2%)          249M (2%)             -                  -          
[33,079s][info ][gc,heap        ] GC(10)   Garbage:         -              7320M (60%)        4572M (37%)         191M (2%)             -                  -          
[33,079s][info ][gc,heap        ] GC(10) Reclaimed:         -                  -              2748M (22%)        7129M (58%)            -                  -          
[33,079s][info ][gc             ] GC(10) Garbage Collection (Allocation Rate) 7864M(64%)->984M(8%)
[33,082s][debug][gc,alloc       ] Allocation Rate: 3302,0MB/s, Predicted: 3452,3MB/s, Avg: 3363,0(+/-262,3)MB/s
[33,082s][debug][gc,director    ] Select GC Workers (Try Lowering), AvoidLongGCWorkers: 0,071, AvoidOOMGCWorkers: 0,293, NextAvoidOOMGCWorkers: 0,361, LastGCWorkers: 2,000, GCWorkers: 1,000
[33,082s][debug][gc,director    ] Rule: Allocation Rate (Dynamic GC Workers), MaxAllocRate: 4315,5MB/s (+/-7,8%), Free: 11256MB, GCCPUTime: 0,714, GCDuration: 0,714s, TimeUntilOOM: 2,420s, TimeUntilGC: 1,606s, GCWorkers: 2 -> 1
[33,082s][debug][gc,director    ] Rule: High Usage, Free: 11256MB(91,6%)
[33,082s][debug][gc,director    ] Rule: Proactive, UsedUntilEnabled: 1222MB, TimeUntilEnabled: 299,997s
[33,182s][debug][gc,alloc       ] Allocation Rate: 3290,0MB/s, Predicted: 3391,9MB/s, Avg: 3367,4(+/-260,7)MB/s
[33,182s][debug][gc,director    ] Select GC Workers (Try Lowering), AvoidLongGCWorkers: 0,071, AvoidOOMGCWorkers: 0,294, NextAvoidOOMGCWorkers: 0,344, LastGCWorkers: 2,000, GCWorkers: 1,000
[33,182s][debug][gc,director    ] Rule: Allocation Rate (Dynamic GC Workers), MaxAllocRate: 4249,7MB/s (+/-7,7%), Free: 11044MB, GCCPUTime: 0,714, GCDuration: 0,714s, TimeUntilOOM: 2,412s, TimeUntilGC: 1,598s, GCWorkers: 2 -> 1
[33,182s][debug][gc,director    ] Rule: High Usage, Free: 11044MB(89,9%)
[33,182s][debug][gc,director    ] Rule: Proactive, UsedUntilEnabled: 1010MB, TimeUntilEnabled: 299,897s
[33,282s][debug][gc,alloc       ] Allocation Rate: 3224,0MB/s, Predicted: 3304,3MB/s, Avg: 3364,4(+/-262,2)MB/s
[33,282s][debug][gc,director    ] Select GC Workers (Try Lowering), AvoidLongGCWorkers: 0,071, AvoidOOMGCWorkers: 0,297, NextAvoidOOMGCWorkers: 0,332, LastGCWorkers: 2,000, GCWorkers: 1,000
[33,282s][debug][gc,director    ] Rule: Allocation Rate (Dynamic GC Workers), MaxAllocRate: 4227,1MB/s (+/-7,8%), Free: 10882MB, GCCPUTime: 0,714, GCDuration: 0,714s, TimeUntilOOM: 2,388s, TimeUntilGC: 1,575s, GCWorkers: 2 -> 1
[33,282s][debug][gc,director    ] Rule: High Usage, Free: 10882MB(88,6%)
[33,282s][debug][gc,director    ] Rule: Proactive, UsedUntilEnabled: 848MB, TimeUntilEnabled: 299,797s
[33,381s][debug][gc,alloc       ] Allocation Rate: 3560,0MB/s, Predicted: 3448,5MB/s, Avg: 3359,2(+/-257,7)MB/s
[33,381s][debug][gc,director    ] Select GC Workers (Try Lowering), AvoidLongGCWorkers: 0,071, AvoidOOMGCWorkers: 0,330, NextAvoidOOMGCWorkers: 0,355, LastGCWorkers: 2,000, GCWorkers: 1,000
[33,381s][debug][gc,director    ] Rule: Allocation Rate (Dynamic GC Workers), MaxAllocRate: 4296,4MB/s (+/-7,7%), Free: 9952MB, GCCPUTime: 0,714, GCDuration: 0,714s, TimeUntilOOM: 2,151s, TimeUntilGC: 1,338s, GCWorkers: 2 -> 1
[33,381s][debug][gc,director    ] Rule: High Usage, Free: 9952MB(81,0%)
[33,381s][debug][gc,director    ] Rule: Proactive, AcceptableGCInterval: 7,215s, TimeSinceLastGC: 0,302s, TimeUntilGC: 6,912s
[33,482s][debug][gc,alloc       ] Allocation Rate: 3162,0MB/s, Predicted: 3307,5MB/s, Avg: 3362,8(+/-254,6)MB/s
[33,482s][debug][gc,director    ] Select GC Workers (Try Lowering), AvoidLongGCWorkers: 0,071, AvoidOOMGCWorkers: 0,324, NextAvoidOOMGCWorkers: 0,332, LastGCWorkers: 2,000, GCWorkers: 1,000
[33,482s][debug][gc,director    ] Rule: Allocation Rate (Dynamic GC Workers), MaxAllocRate: 4200,7MB/s (+/-7,6%), Free: 9890MB, GCCPUTime: 0,714, GCDuration: 0,714s, TimeUntilOOM: 2,189s, TimeUntilGC: 1,375s, GCWorkers: 2 -> 1
[33,482s][debug][gc,director    ] Rule: High Usage, Free: 9890MB(80,5%)
[33,482s][debug][gc,director    ] Rule: Proactive, AcceptableGCInterval: 7,215s, TimeSinceLastGC: 0,403s, TimeUntilGC: 6,812s
[33,582s][debug][gc,alloc       ] Allocation Rate: 3202,0MB/s, Predicted: 3217,3MB/s, Avg: 3356,4(+/-257,8)MB/s
[33,582s][debug][gc,director    ] Select GC Workers (Try Lowering), AvoidLongGCWorkers: 0,071, AvoidOOMGCWorkers: 0,333, NextAvoidOOMGCWorkers: 0,325, LastGCWorkers: 2,000, GCWorkers: 1,000
[33,582s][debug][gc,director    ] Rule: Allocation Rate (Dynamic GC Workers), MaxAllocRate: 4204,6MB/s (+/-7,7%), Free: 9660MB, GCCPUTime: 0,714, GCDuration: 0,714s, TimeUntilOOM: 2,134s, TimeUntilGC: 1,320s, GCWorkers: 2 -> 1
[33,582s][debug][gc,director    ] Rule: High Usage, Free: 9660MB(78,6%)
[33,582s][debug][gc,director    ] Rule: Proactive, AcceptableGCInterval: 7,215s, TimeSinceLastGC: 0,503s, TimeUntilGC: 6,712s
[33,682s][debug][gc,alloc       ] Allocation Rate: 3216,0MB/s, Predicted: 3139,7MB/s, Avg: 3350,4(+/-260,3)MB/s
[33,682s][debug][gc,director    ] Select GC Workers (Try Lowering), AvoidLongGCWorkers: 0,071, AvoidOOMGCWorkers: 0,341, NextAvoidOOMGCWorkers: 0,318, LastGCWorkers: 2,000, GCWorkers: 1,000
[33,682s][debug][gc,director    ] Rule: Allocation Rate (Dynamic GC Workers), MaxAllocRate: 4206,8MB/s (+/-7,8%), Free: 9434MB, GCCPUTime: 0,714, GCDuration: 0,714s, TimeUntilOOM: 2,081s, TimeUntilGC: 1,267s, GCWorkers: 2 -> 1
[33,682s][debug][gc,director    ] Rule: High Usage, Free: 9434MB(76,8%)
[33,682s][debug][gc,director    ] Rule: Proactive, AcceptableGCInterval: 7,215s, TimeSinceLastGC: 0,603s, TimeUntilGC: 6,612s
[33,783s][debug][gc,alloc       ] Allocation Rate: 3804,0MB/s, Predicted: 3317,3MB/s, Avg: 3397,2(+/-293,4)MB/s
[33,783s][debug][gc,director    ] Select GC Workers (Try Lowering), AvoidLongGCWorkers: 0,071, AvoidOOMGCWorkers: 0,390, NextAvoidOOMGCWorkers: 0,343, LastGCWorkers: 2,000, GCWorkers: 1,000
[33,783s][debug][gc,director    ] Rule: Allocation Rate (Dynamic GC Workers), MaxAllocRate: 4362,7MB/s (+/-8,6%), Free: 8620MB, GCCPUTime: 0,714, GCDuration: 0,714s, TimeUntilOOM: 1,819s, TimeUntilGC: 1,005s, GCWorkers: 2 -> 1
[33,783s][debug][gc,director    ] Rule: High Usage, Free: 8620MB(70,1%)
[33,783s][debug][gc,director    ] Rule: Proactive, AcceptableGCInterval: 7,215s, TimeSinceLastGC: 0,704s, TimeUntilGC: 6,511s
[33,882s][debug][gc,alloc       ] Allocation Rate: 3130,0MB/s, Predicted: 3386,1MB/s, Avg: 3304,6(+/-203,1)MB/s
[33,882s][debug][gc,director    ] Select GC Workers (Try Lowering), AvoidLongGCWorkers: 0,071, AvoidOOMGCWorkers: 0,365, NextAvoidOOMGCWorkers: 0,309, LastGCWorkers: 2,000, GCWorkers: 1,000
[33,882s][debug][gc,director    ] Rule: Allocation Rate (Dynamic GC Workers), MaxAllocRate: 4054,5MB/s (+/-6,1%), Free: 8382MB, GCCPUTime: 0,714, GCDuration: 0,714s, TimeUntilOOM: 1,948s, TimeUntilGC: 1,134s, GCWorkers: 2 -> 1
[33,882s][debug][gc,director    ] Rule: High Usage, Free: 8382MB(68,2%)
[33,882s][debug][gc,director    ] Rule: Proactive, AcceptableGCInterval: 7,215s, TimeSinceLastGC: 0,803s, TimeUntilGC: 6,412s
[33,981s][debug][gc,alloc       ] Allocation Rate: 3246,0MB/s, Predicted: 3323,1MB/s, Avg: 3313,6(+/-198,3)MB/s
[33,981s][debug][gc,director    ] Select GC Workers (Try Lowering), AvoidLongGCWorkers: 0,071, AvoidOOMGCWorkers: 0,364, NextAvoidOOMGCWorkers: 0,296, LastGCWorkers: 2,000, GCWorkers: 1,000
[33,981s][debug][gc,director    ] Rule: Allocation Rate (Dynamic GC Workers), MaxAllocRate: 3975,5MB/s (+/-6,0%), Free: 8218MB, GCCPUTime: 0,714, GCDuration: 0,714s, TimeUntilOOM: 1,950s, TimeUntilGC: 1,137s, GCWorkers: 2 -> 1
[33,981s][debug][gc,director    ] Rule: High Usage, Free: 8218MB(66,9%)
[33,981s][debug][gc,director    ] Rule: Proactive, AcceptableGCInterval: 7,215s, TimeSinceLastGC: 0,902s, TimeUntilGC: 6,312s
[34,081s][debug][gc,alloc       ] Allocation Rate: 3262,0MB/s, Predicted: 3299,3MB/s, Avg: 3309,6(+/-198,9)MB/s
[34,081s][debug][gc,director    ] Select GC Workers (Try Lowering), AvoidLongGCWorkers: 0,071, AvoidOOMGCWorkers: 0,373, NextAvoidOOMGCWorkers: 0,290, LastGCWorkers: 2,000, GCWorkers: 1,000
[34,081s][debug][gc,director    ] Rule: Allocation Rate (Dynamic GC Workers), MaxAllocRate: 3964,0MB/s (+/-6,0%), Free: 7994MB, GCCPUTime: 0,714, GCDuration: 0,714s, TimeUntilOOM: 1,902s, TimeUntilGC: 1,089s, GCWorkers: 2 -> 1
[34,081s][debug][gc,director    ] Rule: High Usage, Free: 7994MB(65,1%)
[34,081s][debug][gc,director    ] Rule: Proactive, AcceptableGCInterval: 7,215s, TimeSinceLastGC: 1,002s, TimeUntilGC: 6,212s
[34,182s][debug][gc,alloc       ] Allocation Rate: 3234,0MB/s, Predicted: 3263,9MB/s, Avg: 3304,0(+/-200,1)MB/s
[34,182s][debug][gc,director    ] Select GC Workers (Try Lowering), AvoidLongGCWorkers: 0,071, AvoidOOMGCWorkers: 0,382, NextAvoidOOMGCWorkers: 0,283, LastGCWorkers: 2,000, GCWorkers: 1,000
[34,182s][debug][gc,director    ] Rule: Allocation Rate (Dynamic GC Workers), MaxAllocRate: 3962,6MB/s (+/-6,1%), Free: 7810MB, GCCPUTime: 0,714, GCDuration: 0,714s, TimeUntilOOM: 1,858s, TimeUntilGC: 1,045s, GCWorkers: 2 -> 1
[34,182s][debug][gc,director    ] Rule: High Usage, Free: 7810MB(63,6%)
[34,182s][debug][gc,director    ] Rule: Proactive, AcceptableGCInterval: 7,215s, TimeSinceLastGC: 1,103s, TimeUntilGC: 6,112s
[34,282s][debug][gc,alloc       ] Allocation Rate: 4034,0MB/s, Predicted: 3534,5MB/s, Avg: 3385,0(+/-293,5)MB/s
[34,282s][debug][gc,director    ] Select GC Workers (Try Lowering), AvoidLongGCWorkers: 0,071, AvoidOOMGCWorkers: 0,508, NextAvoidOOMGCWorkers: 0,330, LastGCWorkers: 2,000, GCWorkers: 1,000
[34,282s][debug][gc,director    ] Rule: Allocation Rate (Dynamic GC Workers), MaxAllocRate: 4500,3MB/s (+/-8,7%), Free: 6848MB, GCCPUTime: 0,714, GCDuration: 0,714s, TimeUntilOOM: 1,400s, TimeUntilGC: 0,587s, GCWorkers: 2 -> 1
[34,282s][debug][gc,director    ] Rule: High Usage, Free: 6848MB(55,7%)
[34,282s][debug][gc,director    ] Rule: Proactive, AcceptableGCInterval: 7,215s, TimeSinceLastGC: 1,203s, TimeUntilGC: 6,012s
[34,382s][debug][gc,alloc       ] Allocation Rate: 3172,0MB/s, Predicted: 3496,0MB/s, Avg: 3346,2(+/-293,5)MB/s
[34,382s][debug][gc,director    ] Select GC Workers (Try Lowering), AvoidLongGCWorkers: 0,071, AvoidOOMGCWorkers: 0,509, NextAvoidOOMGCWorkers: 0,316, LastGCWorkers: 2,000, GCWorkers: 1,000
[34,382s][debug][gc,director    ] Rule: Allocation Rate (Dynamic GC Workers), MaxAllocRate: 4461,6MB/s (+/-8,8%), Free: 6780MB, GCCPUTime: 0,714, GCDuration: 0,714s, TimeUntilOOM: 1,397s, TimeUntilGC: 0,583s, GCWorkers: 2 -> 1
[34,382s][debug][gc,director    ] Rule: High Usage, Free: 6780MB(55,2%)
[34,382s][debug][gc,director    ] Rule: Proactive, AcceptableGCInterval: 7,215s, TimeSinceLastGC: 1,303s, TimeUntilGC: 5,912s
[34,482s][debug][gc,alloc       ] Allocation Rate: 3332,0MB/s, Predicted: 3441,2MB/s, Avg: 3363,2(+/-287,1)MB/s
[34,482s][debug][gc,director    ] Select GC Workers (Try Lowering), AvoidLongGCWorkers: 0,071, AvoidOOMGCWorkers: 0,516, NextAvoidOOMGCWorkers: 0,305, LastGCWorkers: 2,000, GCWorkers: 1,000
[34,482s][debug][gc,director    ] Rule: Allocation Rate (Dynamic GC Workers), MaxAllocRate: 4386,1MB/s (+/-8,5%), Free: 6558MB, GCCPUTime: 0,714, GCDuration: 0,714s, TimeUntilOOM: 1,378s, TimeUntilGC: 0,564s, GCWorkers: 2 -> 1
[34,482s][debug][gc,director    ] Rule: High Usage, Free: 6558MB(53,4%)
[34,482s][debug][gc,director    ] Rule: Proactive, AcceptableGCInterval: 7,215s, TimeSinceLastGC: 1,403s, TimeUntilGC: 5,812s
[34,581s][debug][gc,alloc       ] Allocation Rate: 3332,0MB/s, Predicted: 3385,7MB/s, Avg: 3376,2(+/-282,5)MB/s
[34,581s][debug][gc,director    ] Select GC Workers (Try Lowering), AvoidLongGCWorkers: 0,071, AvoidOOMGCWorkers: 0,525, NextAvoidOOMGCWorkers: 0,296, LastGCWorkers: 2,000, GCWorkers: 1,000
[34,581s][debug][gc,director    ] Rule: Allocation Rate (Dynamic GC Workers), MaxAllocRate: 4315,2MB/s (+/-8,4%), Free: 6328MB, GCCPUTime: 0,714, GCDuration: 0,714s, TimeUntilOOM: 1,353s, TimeUntilGC: 0,540s, GCWorkers: 2 -> 1
[34,581s][debug][gc,director    ] Rule: High Usage, Free: 6328MB(51,5%)
[34,581s][debug][gc,director    ] Rule: Proactive, AcceptableGCInterval: 7,215s, TimeSinceLastGC: 1,502s, TimeUntilGC: 5,712s
[34,682s][debug][gc,alloc       ] Allocation Rate: 3898,0MB/s, Predicted: 3551,7MB/s, Avg: 3444,4(+/-315,9)MB/s
[34,682s][debug][gc,director    ] Select GC Workers (Try Lowering), AvoidLongGCWorkers: 0,071, AvoidOOMGCWorkers: 0,645, NextAvoidOOMGCWorkers: 0,315, LastGCWorkers: 2,000, GCWorkers: 1,000
[34,682s][debug][gc,director    ] Rule: Allocation Rate (Dynamic GC Workers), MaxAllocRate: 4591,2MB/s (+/-9,2%), Free: 5532MB, GCCPUTime: 0,714, GCDuration: 0,714s, TimeUntilOOM: 1,104s, TimeUntilGC: 0,290s, GCWorkers: 2 -> 1
[34,682s][debug][gc,director    ] Rule: High Usage, Free: 5532MB(45,0%)
[34,682s][debug][gc,director    ] Rule: Proactive, AcceptableGCInterval: 7,215s, TimeSinceLastGC: 1,603s, TimeUntilGC: 5,612s
[34,782s][debug][gc,alloc       ] Allocation Rate: 3338,0MB/s, Predicted: 3605,1MB/s, Avg: 3397,8(+/-293,0)MB/s
[34,782s][debug][gc,director    ] Select GC Workers (Try Lowering), AvoidLongGCWorkers: 0,071, AvoidOOMGCWorkers: 0,668, NextAvoidOOMGCWorkers: 0,307, LastGCWorkers: 2,000, GCWorkers: 1,000
[34,782s][debug][gc,director    ] Rule: Allocation Rate (Dynamic GC Workers), MaxAllocRate: 4569,0MB/s (+/-8,6%), Free: 5290MB, GCCPUTime: 0,714, GCDuration: 0,714s, TimeUntilOOM: 1,066s, TimeUntilGC: 0,252s, GCWorkers: 2 -> 1
[34,782s][debug][gc,director    ] Rule: High Usage, Free: 5290MB(43,1%)
[34,782s][debug][gc,director    ] Rule: Proactive, AcceptableGCInterval: 7,215s, TimeSinceLastGC: 1,703s, TimeUntilGC: 5,512s
[34,881s][debug][gc,alloc       ] Allocation Rate: 3256,0MB/s, Predicted: 3476,9MB/s, Avg: 3410,4(+/-283,7)MB/s
[34,881s][debug][gc,director    ] Select GC Workers (Try Lowering), AvoidLongGCWorkers: 0,071, AvoidOOMGCWorkers: 0,663, NextAvoidOOMGCWorkers: 0,293, LastGCWorkers: 2,000, GCWorkers: 1,000
[34,881s][debug][gc,director    ] Rule: Allocation Rate (Dynamic GC Workers), MaxAllocRate: 4410,5MB/s (+/-8,3%), Free: 5128MB, GCCPUTime: 0,714, GCDuration: 0,714s, TimeUntilOOM: 1,073s, TimeUntilGC: 0,260s, GCWorkers: 2 -> 1
[34,881s][debug][gc,director    ] Rule: High Usage, Free: 5128MB(41,7%)
[34,881s][debug][gc,director    ] Rule: Proactive, AcceptableGCInterval: 7,215s, TimeSinceLastGC: 1,802s, TimeUntilGC: 5,412s
[34,981s][debug][gc,alloc       ] Allocation Rate: 3320,0MB/s, Predicted: 3396,9MB/s, Avg: 3417,8(+/-280,3)MB/s
[34,982s][debug][gc,director    ] Select GC Workers (Try Lowering), AvoidLongGCWorkers: 0,071, AvoidOOMGCWorkers: 0,682, NextAvoidOOMGCWorkers: 0,285, LastGCWorkers: 2,000, GCWorkers: 1,000
[34,982s][debug][gc,director    ] Rule: Allocation Rate (Dynamic GC Workers), MaxAllocRate: 4340,1MB/s (+/-8,2%), Free: 4900MB, GCCPUTime: 0,714, GCDuration: 0,714s, TimeUntilOOM: 1,043s, TimeUntilGC: 0,230s, GCWorkers: 2 -> 1
[34,982s][debug][gc,director    ] Rule: High Usage, Free: 4900MB(39,9%)
[34,982s][debug][gc,director    ] Rule: Proactive, AcceptableGCInterval: 7,215s, TimeSinceLastGC: 1,902s, TimeUntilGC: 5,312s
[35,082s][debug][gc,alloc       ] Allocation Rate: 3328,0MB/s, Predicted: 3319,5MB/s, Avg: 3424,4(+/-277,3)MB/s
[35,082s][debug][gc,director    ] Select GC Workers (Try Lowering), AvoidLongGCWorkers: 0,071, AvoidOOMGCWorkers: 0,715, NextAvoidOOMGCWorkers: 0,279, LastGCWorkers: 2,000, GCWorkers: 1,000
[35,082s][debug][gc,director    ] Rule: Allocation Rate (Dynamic GC Workers), MaxAllocRate: 4336,9MB/s (+/-8,1%), Free: 4668MB, GCCPUTime: 0,714, GCDuration: 0,714s, TimeUntilOOM: 0,996s, TimeUntilGC: 0,182s, GCWorkers: 2 -> 1
[35,082s][debug][gc,director    ] Rule: High Usage, Free: 4668MB(38,0%)
[35,082s][debug][gc,director    ] Rule: Proactive, AcceptableGCInterval: 7,215s, TimeSinceLastGC: 2,003s, TimeUntilGC: 5,212s
[35,182s][debug][gc,alloc       ] Allocation Rate: 4058,0MB/s, Predicted: 3522,1MB/s, Avg: 3506,8(+/-326,5)MB/s
[35,182s][debug][gc,director    ] Select GC Workers (Try Lowering), AvoidLongGCWorkers: 0,071, AvoidOOMGCWorkers: 0,955, NextAvoidOOMGCWorkers: 0,296, LastGCWorkers: 2,000, GCWorkers: 1,000
[35,182s][debug][gc,director    ] Rule: Allocation Rate (Dynamic GC Workers), MaxAllocRate: 4596,6MB/s (+/-9,3%), Free: 3754MB, GCCPUTime: 0,714, GCDuration: 0,714s, TimeUntilOOM: 0,747s, TimeUntilGC: -0,067s, GCWorkers: 2 -> 1
[35,182s][debug][gc,heap        ] GC(11) Heap before GC invocations=11 (full 11):
[35,182s][debug][gc,heap        ] GC(11)  ZHeap           used 8492M, capacity 11088M, max capacity 12288M
[35,182s][debug][gc,heap        ] GC(11)  Metaspace       used 31485K, committed 31872K, reserved 1114112K
[35,182s][debug][gc,heap        ] GC(11)   class space    used 3443K, committed 3648K, reserved 1048576K
[35,182s][info ][gc,start       ] GC(11) Garbage Collection (Allocation Rate)
[35,182s][info ][gc,task        ] GC(11) Using 1 workers
[35,182s][debug][gc,phases,start] GC(11) Pause Mark Start
[35,182s][debug][gc,marking     ] GC(11) Using 1 mark stripes
[35,182s][debug][gc,marking     ] GC(11) Mark Worker/Stripe Distribution
[35,182s][debug][gc,marking     ] GC(11)   Worker 0(1) -> Stripe 0(1)
[35,182s][info ][gc,phases      ] GC(11) Pause Mark Start 0,035ms
[35,182s][debug][gc,phases,start] GC(11) Concurrent Mark
[35,182s][debug][gc,task        ] GC(11) Executing Task: XMarkRootsTask, Active Workers: 1
[35,184s][debug][gc,tlab        ] GC(11) TLAB totals: thrds: 24  refills: 29440 max: 14538 slow allocs: 9030 max 589 waste:  2,0% gc: 2638928B max: 261920B slow: 148419384B max: 23925120B
[35,184s][debug][gc,task        ] GC(11) Executing Task: XMarkTask, Active Workers: 1
[35,281s][debug][gc,alloc       ] Allocation Rate: 3154,0MB/s, Predicted: 3521,6MB/s, Avg: 3418,8(+/-289,0)MB/s
[35,381s][debug][gc,alloc       ] Allocation Rate: 3302,0MB/s, Predicted: 3409,1MB/s, Avg: 3431,8(+/-280,4)MB/s
[35,479s][info ][gc,phases      ] GC(11) Concurrent Mark 296,379ms
[35,479s][debug][gc,phases,start] GC(11) Pause Mark End
[35,479s][info ][gc,phases      ] GC(11) Pause Mark End 0,027ms
[35,479s][debug][gc,phases,start] GC(11) Concurrent Mark Free
[35,479s][info ][gc,phases      ] GC(11) Concurrent Mark Free 0,017ms
[35,479s][debug][gc,phases,start] GC(11) Concurrent Process Non-Strong References
[35,479s][debug][gc,phases,start] GC(11) Concurrent References Process
[35,479s][debug][gc,task        ] GC(11) Executing Task: XReferenceProcessorTask, Active Workers: 1
[35,481s][debug][gc,phases      ] GC(11) Concurrent References Process 2,288ms
[35,481s][debug][gc,task        ] GC(11) Executing Task: XProcessWeakRootsTask, Active Workers: 1
[35,482s][debug][gc,alloc       ] Allocation Rate: 3284,0MB/s, Predicted: 3323,3MB/s, Avg: 3427,0(+/-282,5)MB/s
[35,482s][debug][gc,phases,start] GC(11) Concurrent Classes Unlink
[35,482s][debug][gc,phases,start] GC(11) ClassLoaderData
[35,482s][debug][gc,phases      ] GC(11) ClassLoaderData 0,025ms
[35,482s][debug][gc,phases,start] GC(11) Trigger cleanups
[35,482s][debug][gc,phases      ] GC(11) Trigger cleanups 0,005ms
[35,482s][debug][gc,task        ] GC(11) Executing Task: XNMethodUnlinkTask, Active Workers: 1
[35,486s][debug][gc,phases      ] GC(11) Concurrent Classes Unlink 3,735ms
[35,486s][debug][gc,phases,start] GC(11) Concurrent Classes Purge
[35,486s][debug][gc,nmethod     ] GC(11) Unregister NMethod: io.brackit.query.atomic.QNm.<init> (0x000070b043aa2590)
[35,486s][debug][gc,nmethod     ] GC(11) Unregister NMethod: java.util.concurrent.ForkJoinPool.scan (0x000070b06380b610)
[35,486s][debug][gc,nmethod     ] GC(11) Unregister NMethod: it.unimi.dsi.fastutil.ints.Int2IntOpenHashMap.find (0x000070b043fbe110)
[35,486s][debug][gc,nmethod     ] GC(11) Unregister NMethod: jdk.internal.misc.Unsafe.putReferenceOpaque (0x000070b044204c10)
[35,486s][debug][gc,nmethod     ] GC(11) Unregister NMethod: jdk.internal.misc.Unsafe.putLongRelease (0x000070b044140f10)
[35,486s][debug][gc,nmethod     ] GC(11) Unregister NMethod: io.sirix.page.delegates.FullReferencesPage.commit (0x000070b0440f8910)
[35,486s][debug][gc,phases      ] GC(11) Concurrent Classes Purge 0,048ms
[35,486s][debug][gc,phases,start] GC(11) Concurrent References Enqueue
[35,486s][debug][gc,phases      ] GC(11) Concurrent References Enqueue 0,006ms
[35,486s][info ][gc,phases      ] GC(11) Concurrent Process Non-Strong References 7,097ms
[35,486s][debug][gc,phases,start] GC(11) Concurrent Reset Relocation Set
[35,486s][info ][gc,phases      ] GC(11) Concurrent Reset Relocation Set 0,055ms
[35,486s][debug][gc,phases,start] GC(11) Concurrent Select Relocation Set
[35,487s][debug][gc,task        ] GC(11) Executing Task: XRelocationSetInstallTask, Active Workers: 1
[35,487s][info ][gc,phases      ] GC(11) Concurrent Select Relocation Set 1,266ms
[35,487s][debug][gc,phases,start] GC(11) Pause Relocate Start
[35,487s][info ][gc,phases      ] GC(11) Pause Relocate Start 0,026ms
[35,488s][debug][gc,phases,start] GC(11) Concurrent Relocate
[35,488s][debug][gc,task        ] GC(11) Executing Task: XRelocateTask, Active Workers: 1
[35,497s][info ][gc,phases      ] GC(11) Concurrent Relocate 9,567ms
[35,497s][debug][gc,heap        ] GC(11) Heap after GC invocations=12 (full 12):
[35,497s][debug][gc,heap        ] GC(11)  ZHeap           used 1248M, capacity 11088M, max capacity 12288M
[35,497s][debug][gc,heap        ] GC(11)  Metaspace       used 31509K, committed 31936K, reserved 1114112K
[35,497s][debug][gc,heap        ] GC(11)   class space    used 3443K, committed 3648K, reserved 1048576K
[35,497s][info ][gc,load        ] GC(11) Load: 3,69/5,39/3,23
[35,497s][info ][gc,mmu         ] GC(11) MMU: 2ms/82,6%, 5ms/93,1%, 10ms/96,5%, 20ms/97,9%, 50ms/99,1%, 100ms/99,6%
[35,497s][info ][gc,marking     ] GC(11) Mark: 1 stripe(s), 2 proactive flush(es), 1 terminate flush(es), 0 completion(s), 0 continuation(s) 
[35,497s][info ][gc,marking     ] GC(11) Mark Stack Usage: 32M
[35,497s][info ][gc,nmethod     ] GC(11) NMethods: 3823 registered, 1225 unregistered
[35,497s][info ][gc,metaspace   ] GC(11) Metaspace: 30M used, 31M committed, 1088M reserved
[35,497s][info ][gc,ref         ] GC(11) Soft: 3931 encountered, 0 discovered, 0 enqueued
[35,497s][info ][gc,ref         ] GC(11) Weak: 1937 encountered, 149 discovered, 0 enqueued
[35,497s][info ][gc,ref         ] GC(11) Final: 10439 encountered, 10439 discovered, 10439 enqueued
[35,497s][info ][gc,ref         ] GC(11) Phantom: 545 encountered, 397 discovered, 144 enqueued
[35,497s][info ][gc,reloc       ] GC(11) Small Pages: 4230 / 8460M, Empty: 3388M, Relocated: 22M, In-Place: 0
[35,497s][info ][gc,reloc       ] GC(11) Medium Pages: 1 / 32M, Empty: 0M, Relocated: 0M, In-Place: 0
[35,497s][info ][gc,reloc       ] GC(11) Large Pages: 0 / 0M, Empty: 0M, Relocated: 0M, In-Place: 0
[35,497s][info ][gc,reloc       ] GC(11) Forwarding Usage: 2M
[35,497s][info ][gc,heap        ] GC(11) Min Capacity: 5120M(42%)
[35,497s][info ][gc,heap        ] GC(11) Max Capacity: 12288M(100%)
[35,497s][info ][gc,heap        ] GC(11) Soft Max Capacity: 12288M(100%)
[35,497s][info ][gc,heap        ] GC(11)                Mark Start          Mark End        Relocate Start      Relocate End           High               Low         
[35,497s][info ][gc,heap        ] GC(11)  Capacity:    11088M (90%)       11088M (90%)       11088M (90%)       11088M (90%)       11088M (90%)       11088M (90%)    
[35,497s][info ][gc,heap        ] GC(11)      Free:     3796M (31%)        3322M (27%)        6694M (54%)       11040M (90%)       11042M (90%)        3308M (27%)    
[35,497s][info ][gc,heap        ] GC(11)      Used:     8492M (69%)        8966M (73%)        5594M (46%)        1248M (10%)        8980M (73%)        1246M (10%)    
[35,497s][info ][gc,heap        ] GC(11)      Live:         -               544M (4%)          544M (4%)          544M (4%)             -                  -          
[35,497s][info ][gc,heap        ] GC(11) Allocated:         -               474M (4%)          490M (4%)          513M (4%)             -                  -          
[35,497s][info ][gc,heap        ] GC(11)   Garbage:         -              7947M (65%)        4559M (37%)         190M (2%)             -                  -          
[35,497s][info ][gc,heap        ] GC(11) Reclaimed:         -                  -              3388M (28%)        7757M (63%)            -                  -          
[35,497s][info ][gc             ] GC(11) Garbage Collection (Allocation Rate) 8492M(69%)->1248M(10%)
[35,585s][debug][gc,alloc       ] Allocation Rate: 3472,0MB/s, Predicted: 3316,0MB/s, Avg: 3441,0(+/-280,9)MB/s
[35,585s][debug][gc,director    ] Select GC Workers (Normal), AvoidLongGCWorkers: 0,055, AvoidOOMGCWorkers: 0,247, LastGCWorkers: 1,000, GCWorkers: 0,247
[35,585s][debug][gc,director    ] Rule: Allocation Rate (Dynamic GC Workers), MaxAllocRate: 4365,3MB/s (+/-8,2%), Free: 10610MB, GCCPUTime: 0,558, GCDuration: 0,558s, TimeUntilOOM: 2,247s, TimeUntilGC: 1,589s, GCWorkers: 1 -> 1
[35,585s][debug][gc,director    ] Rule: High Usage, Free: 10608MB(86,3%)
[35,585s][debug][gc,director    ] Rule: Proactive, UsedUntilEnabled: 838MB, TimeUntilEnabled: 299,912s
[35,682s][debug][gc,alloc       ] Allocation Rate: 3358,0MB/s, Predicted: 3404,7MB/s, Avg: 3387,0(+/-236,2)MB/s
[35,682s][debug][gc,director    ] Select GC Workers (Normal), AvoidLongGCWorkers: 0,055, AvoidOOMGCWorkers: 0,250, LastGCWorkers: 1,000, GCWorkers: 0,250
[35,682s][debug][gc,director    ] Rule: Allocation Rate (Dynamic GC Workers), MaxAllocRate: 4181,9MB/s (+/-7,0%), Free: 9938MB, GCCPUTime: 0,558, GCDuration: 0,558s, TimeUntilOOM: 2,221s, TimeUntilGC: 1,563s, GCWorkers: 1 -> 1
[35,682s][debug][gc,director    ] Rule: High Usage, Free: 9938MB(80,9%)
[35,682s][debug][gc,director    ] Rule: Proactive, UsedUntilEnabled: 168MB, TimeUntilEnabled: 299,815s
[35,782s][debug][gc,alloc       ] Allocation Rate: 3204,0MB/s, Predicted: 3318,4MB/s, Avg: 3373,6(+/-242,3)MB/s
[35,782s][debug][gc,director    ] Select GC Workers (Normal), AvoidLongGCWorkers: 0,055, AvoidOOMGCWorkers: 0,252, LastGCWorkers: 1,000, GCWorkers: 0,252
[35,782s][debug][gc,director    ] Rule: Allocation Rate (Dynamic GC Workers), MaxAllocRate: 4171,0MB/s (+/-7,2%), Free: 9844MB, GCCPUTime: 0,558, GCDuration: 0,558s, TimeUntilOOM: 2,202s, TimeUntilGC: 1,544s, GCWorkers: 1 -> 1
[35,782s][debug][gc,director    ] Rule: High Usage, Free: 9844MB(80,1%)
[35,782s][debug][gc,director    ] Rule: Proactive, UsedUntilEnabled: 74MB, TimeUntilEnabled: 299,715s
[35,882s][debug][gc,alloc       ] Allocation Rate: 3256,0MB/s, Predicted: 3240,0MB/s, Avg: 3373,6(+/-242,3)MB/s
[35,882s][debug][gc,director    ] Select GC Workers (Normal), AvoidLongGCWorkers: 0,055, AvoidOOMGCWorkers: 0,257, LastGCWorkers: 1,000, GCWorkers: 0,257
[35,882s][debug][gc,director    ] Rule: Allocation Rate (Dynamic GC Workers), MaxAllocRate: 4171,0MB/s (+/-7,2%), Free: 9630MB, GCCPUTime: 0,558, GCDuration: 0,558s, TimeUntilOOM: 2,154s, TimeUntilGC: 1,496s, GCWorkers: 1 -> 1
[35,882s][debug][gc,director    ] Rule: High Usage, Free: 9630MB(78,4%)
[35,882s][debug][gc,director    ] Rule: Proactive, AcceptableGCInterval: 5,653s, TimeSinceLastGC: 0,385s, TimeUntilGC: 5,268s
[35,982s][debug][gc,alloc       ] Allocation Rate: 3214,0MB/s, Predicted: 3161,9MB/s, Avg: 3363,0(+/-246,7)MB/s
[35,982s][debug][gc,director    ] Select GC Workers (Normal), AvoidLongGCWorkers: 0,055, AvoidOOMGCWorkers: 0,263, LastGCWorkers: 1,000, GCWorkers: 0,263
[35,982s][debug][gc,director    ] Rule: Allocation Rate (Dynamic GC Workers), MaxAllocRate: 4174,9MB/s (+/-7,3%), Free: 9442MB, GCCPUTime: 0,558, GCDuration: 0,558s, TimeUntilOOM: 2,107s, TimeUntilGC: 1,449s, GCWorkers: 1 -> 1
[35,982s][debug][gc,director    ] Rule: High Usage, Free: 9442MB(76,8%)
[35,982s][debug][gc,director    ] Rule: Proactive, AcceptableGCInterval: 5,653s, TimeSinceLastGC: 0,485s, TimeUntilGC: 5,168s
[36,081s][debug][gc,alloc       ] Allocation Rate: 3604,0MB/s, Predicted: 3248,9MB/s, Avg: 3390,6(+/-256,5)MB/s
[36,081s][debug][gc,director    ] Select GC Workers (Normal), AvoidLongGCWorkers: 0,055, AvoidOOMGCWorkers: 0,287, LastGCWorkers: 1,000, GCWorkers: 0,287
[36,081s][debug][gc,director    ] Rule: Allocation Rate (Dynamic GC Workers), MaxAllocRate: 4234,6MB/s (+/-7,6%), Free: 8818MB, GCCPUTime: 0,558, GCDuration: 0,558s, TimeUntilOOM: 1,936s, TimeUntilGC: 1,278s, GCWorkers: 1 -> 1
[36,081s][debug][gc,director    ] Rule: High Usage, Free: 8818MB(71,8%)
[36,081s][debug][gc,director    ] Rule: Proactive, AcceptableGCInterval: 5,653s, TimeSinceLastGC: 0,584s, TimeUntilGC: 5,068s
[36,182s][debug][gc,alloc       ] Allocation Rate: 3134,0MB/s, Predicted: 3324,3MB/s, Avg: 3298,2(+/-138,9)MB/s
[36,182s][debug][gc,director    ] Select GC Workers (Normal), AvoidLongGCWorkers: 0,055, AvoidOOMGCWorkers: 0,261, LastGCWorkers: 1,000, GCWorkers: 0,261
[36,182s][debug][gc,director    ] Rule: Allocation Rate (Dynamic GC Workers), MaxAllocRate: 3781,4MB/s (+/-4,2%), Free: 8378MB, GCCPUTime: 0,558, GCDuration: 0,558s, TimeUntilOOM: 2,126s, TimeUntilGC: 1,468s, GCWorkers: 1 -> 1
[36,182s][debug][gc,director    ] Rule: High Usage, Free: 8378MB(68,2%)
[36,182s][debug][gc,director    ] Rule: Proactive, AcceptableGCInterval: 5,653s, TimeSinceLastGC: 0,685s, TimeUntilGC: 4,968s
[36,282s][debug][gc,alloc       ] Allocation Rate: 3244,0MB/s, Predicted: 3264,1MB/s, Avg: 3307,2(+/-132,0)MB/s
[36,282s][debug][gc,director    ] Select GC Workers (Normal), AvoidLongGCWorkers: 0,055, AvoidOOMGCWorkers: 0,263, LastGCWorkers: 1,000, GCWorkers: 0,263
[36,282s][debug][gc,director    ] Rule: Allocation Rate (Dynamic GC Workers), MaxAllocRate: 3741,7MB/s (+/-4,0%), Free: 8210MB, GCCPUTime: 0,558, GCDuration: 0,558s, TimeUntilOOM: 2,110s, TimeUntilGC: 1,452s, GCWorkers: 1 -> 1
[36,282s][debug][gc,director    ] Rule: High Usage, Free: 8210MB(66,8%)
[36,282s][debug][gc,director    ] Rule: Proactive, AcceptableGCInterval: 5,653s, TimeSinceLastGC: 0,785s, TimeUntilGC: 4,868s
[36,382s][debug][gc,alloc       ] Allocation Rate: 3222,0MB/s, Predicted: 3228,7MB/s, Avg: 3299,2(+/-134,5)MB/s
[36,382s][debug][gc,director    ] Select GC Workers (Normal), AvoidLongGCWorkers: 0,055, AvoidOOMGCWorkers: 0,269, LastGCWorkers: 1,000, GCWorkers: 0,269
[36,382s][debug][gc,director    ] Rule: Allocation Rate (Dynamic GC Workers), MaxAllocRate: 3741,8MB/s (+/-4,1%), Free: 8016MB, GCCPUTime: 0,558, GCDuration: 0,558s, TimeUntilOOM: 2,058s, TimeUntilGC: 1,400s, GCWorkers: 1 -> 1
[36,382s][debug][gc,director    ] Rule: High Usage, Free: 8016MB(65,2%)
[36,382s][debug][gc,director    ] Rule: Proactive, AcceptableGCInterval: 5,653s, TimeSinceLastGC: 0,885s, TimeUntilGC: 4,768s
[36,481s][debug][gc,alloc       ] Allocation Rate: 3210,0MB/s, Predicted: 3188,9MB/s, Avg: 3291,8(+/-137,2)MB/s
[36,481s][debug][gc,director    ] Select GC Workers (Normal), AvoidLongGCWorkers: 0,055, AvoidOOMGCWorkers: 0,276, LastGCWorkers: 1,000, GCWorkers: 0,276
[36,481s][debug][gc,director    ] Rule: Allocation Rate (Dynamic GC Workers), MaxAllocRate: 3743,1MB/s (+/-4,2%), Free: 7824MB, GCCPUTime: 0,558, GCDuration: 0,558s, TimeUntilOOM: 2,007s, TimeUntilGC: 1,349s, GCWorkers: 1 -> 1
[36,481s][debug][gc,director    ] Rule: High Usage, Free: 7824MB(63,7%)
[36,481s][debug][gc,director    ] Rule: Proactive, AcceptableGCInterval: 5,653s, TimeSinceLastGC: 0,984s, TimeUntilGC: 4,669s
[36,581s][debug][gc,alloc       ] Allocation Rate: 3762,0MB/s, Predicted: 3425,1MB/s, Avg: 3320,8(+/-191,9)MB/s
[36,581s][debug][gc,director    ] Select GC Workers (Normal), AvoidLongGCWorkers: 0,055, AvoidOOMGCWorkers: 0,347, LastGCWorkers: 1,000, GCWorkers: 0,347
[36,581s][debug][gc,director    ] Rule: Allocation Rate (Dynamic GC Workers), MaxAllocRate: 4056,6MB/s (+/-5,8%), Free: 6854MB, GCCPUTime: 0,558, GCDuration: 0,558s, TimeUntilOOM: 1,597s, TimeUntilGC: 0,939s, GCWorkers: 1 -> 1
[36,581s][debug][gc,director    ] Rule: High Usage, Free: 6854MB(55,8%)
[36,581s][debug][gc,director    ] Rule: Proactive, AcceptableGCInterval: 5,653s, TimeSinceLastGC: 1,084s, TimeUntilGC: 4,568s
[36,682s][debug][gc,alloc       ] Allocation Rate: 3120,0MB/s, Predicted: 3354,7MB/s, Avg: 3297,0(+/-200,4)MB/s
[36,682s][debug][gc,director    ] Select GC Workers (Normal), AvoidLongGCWorkers: 0,055, AvoidOOMGCWorkers: 0,347, LastGCWorkers: 1,000, GCWorkers: 0,347
[36,682s][debug][gc,director    ] Rule: Allocation Rate (Dynamic GC Workers), MaxAllocRate: 4014,1MB/s (+/-6,1%), Free: 6818MB, GCCPUTime: 0,558, GCDuration: 0,558s, TimeUntilOOM: 1,601s, TimeUntilGC: 0,943s, GCWorkers: 1 -> 1
[36,682s][debug][gc,director    ] Rule: High Usage, Free: 6818MB(55,5%)
[36,682s][debug][gc,director    ] Rule: Proactive, AcceptableGCInterval: 5,653s, TimeSinceLastGC: 1,185s, TimeUntilGC: 4,468s
[36,782s][debug][gc,alloc       ] Allocation Rate: 3244,0MB/s, Predicted: 3308,7MB/s, Avg: 3301,0(+/-198,9)MB/s
[36,782s][debug][gc,director    ] Select GC Workers (Normal), AvoidLongGCWorkers: 0,055, AvoidOOMGCWorkers: 0,353, LastGCWorkers: 1,000, GCWorkers: 0,353
[36,782s][debug][gc,director    ] Rule: Allocation Rate (Dynamic GC Workers), MaxAllocRate: 3963,1MB/s (+/-6,0%), Free: 6600MB, GCCPUTime: 0,558, GCDuration: 0,558s, TimeUntilOOM: 1,571s, TimeUntilGC: 0,913s, GCWorkers: 1 -> 1
[36,782s][debug][gc,director    ] Rule: High Usage, Free: 6600MB(53,7%)
[36,782s][debug][gc,director    ] Rule: Proactive, AcceptableGCInterval: 5,653s, TimeSinceLastGC: 1,285s, TimeUntilGC: 4,368s
[36,882s][debug][gc,alloc       ] Allocation Rate: 3262,0MB/s, Predicted: 3281,1MB/s, Avg: 3301,6(+/-198,8)MB/s
[36,882s][debug][gc,director    ] Select GC Workers (Normal), AvoidLongGCWorkers: 0,055, AvoidOOMGCWorkers: 0,366, LastGCWorkers: 1,000, GCWorkers: 0,366
[36,882s][debug][gc,director    ] Rule: Allocation Rate (Dynamic GC Workers), MaxAllocRate: 3955,7MB/s (+/-6,0%), Free: 6368MB, GCCPUTime: 0,558, GCDuration: 0,558s, TimeUntilOOM: 1,518s, TimeUntilGC: 0,860s, GCWorkers: 1 -> 1
[36,882s][debug][gc,director    ] Rule: High Usage, Free: 6368MB(51,8%)
[36,882s][debug][gc,director    ] Rule: Proactive, AcceptableGCInterval: 5,653s, TimeSinceLastGC: 1,385s, TimeUntilGC: 4,268s
[36,981s][debug][gc,alloc       ] Allocation Rate: 3266,0MB/s, Predicted: 3243,5MB/s, Avg: 3306,8(+/-197,1)MB/s
[36,981s][debug][gc,director    ] Select GC Workers (Normal), AvoidLongGCWorkers: 0,055, AvoidOOMGCWorkers: 0,377, LastGCWorkers: 1,000, GCWorkers: 0,377
[36,981s][debug][gc,director    ] Rule: Allocation Rate (Dynamic GC Workers), MaxAllocRate: 3955,3MB/s (+/-6,0%), Free: 6178MB, GCCPUTime: 0,558, GCDuration: 0,558s, TimeUntilOOM: 1,474s, TimeUntilGC: 0,816s, GCWorkers: 1 -> 1
[36,981s][debug][gc,director    ] Rule: High Usage, Free: 6178MB(50,3%)
[36,981s][debug][gc,director    ] Rule: Proactive, AcceptableGCInterval: 5,653s, TimeSinceLastGC: 1,484s, TimeUntilGC: 4,169s
[37,082s][debug][gc,alloc       ] Allocation Rate: 3532,0MB/s, Predicted: 3412,8MB/s, Avg: 3299,6(+/-187,2)MB/s
[37,082s][debug][gc,director    ] Select GC Workers (Normal), AvoidLongGCWorkers: 0,055, AvoidOOMGCWorkers: 0,447, LastGCWorkers: 1,000, GCWorkers: 0,447
[37,082s][debug][gc,director    ] Rule: Allocation Rate (Dynamic GC Workers), MaxAllocRate: 4028,6MB/s (+/-5,7%), Free: 5290MB, GCCPUTime: 0,558, GCDuration: 0,558s, TimeUntilOOM: 1,243s, TimeUntilGC: 0,585s, GCWorkers: 1 -> 1
[37,082s][debug][gc,director    ] Rule: High Usage, Free: 5290MB(43,1%)
[37,082s][debug][gc,director    ] Rule: Proactive, AcceptableGCInterval: 5,653s, TimeSinceLastGC: 1,584s, TimeUntilGC: 4,068s
[37,182s][debug][gc,alloc       ] Allocation Rate: 3180,0MB/s, Predicted: 3320,8MB/s, Avg: 3304,2(+/-183,6)MB/s
[37,182s][debug][gc,director    ] Select GC Workers (Normal), AvoidLongGCWorkers: 0,055, AvoidOOMGCWorkers: 0,443, LastGCWorkers: 1,000, GCWorkers: 0,443
[37,182s][debug][gc,director    ] Rule: Allocation Rate (Dynamic GC Workers), MaxAllocRate: 3924,8MB/s (+/-5,6%), Free: 5198MB, GCCPUTime: 0,558, GCDuration: 0,558s, TimeUntilOOM: 1,255s, TimeUntilGC: 0,597s, GCWorkers: 1 -> 1
[37,182s][debug][gc,director    ] Rule: High Usage, Free: 5198MB(42,3%)
[37,182s][debug][gc,director    ] Rule: Proactive, AcceptableGCInterval: 5,653s, TimeSinceLastGC: 1,685s, TimeUntilGC: 3,968s
[37,282s][debug][gc,alloc       ] Allocation Rate: 3240,0MB/s, Predicted: 3279,1MB/s, Avg: 3303,8(+/-183,7)MB/s
[37,282s][debug][gc,director    ] Select GC Workers (Normal), AvoidLongGCWorkers: 0,055, AvoidOOMGCWorkers: 0,461, LastGCWorkers: 1,000, GCWorkers: 0,461
[37,282s][debug][gc,director    ] Rule: Allocation Rate (Dynamic GC Workers), MaxAllocRate: 3908,3MB/s (+/-5,6%), Free: 4970MB, GCCPUTime: 0,558, GCDuration: 0,558s, TimeUntilOOM: 1,205s, TimeUntilGC: 0,547s, GCWorkers: 1 -> 1
[37,282s][debug][gc,director    ] Rule: High Usage, Free: 4970MB(40,4%)
[37,282s][debug][gc,director    ] Rule: Proactive, AcceptableGCInterval: 5,653s, TimeSinceLastGC: 1,785s, TimeUntilGC: 3,868s
[37,382s][debug][gc,alloc       ] Allocation Rate: 3254,0MB/s, Predicted: 3237,3MB/s, Avg: 3307,0(+/-182,5)MB/s
[37,382s][debug][gc,director    ] Select GC Workers (Normal), AvoidLongGCWorkers: 0,055, AvoidOOMGCWorkers: 0,481, LastGCWorkers: 1,000, GCWorkers: 0,481
[37,382s][debug][gc,director    ] Rule: Allocation Rate (Dynamic GC Workers), MaxAllocRate: 3907,6MB/s (+/-5,5%), Free: 4762MB, GCCPUTime: 0,558, GCDuration: 0,558s, TimeUntilOOM: 1,155s, TimeUntilGC: 0,497s, GCWorkers: 1 -> 1
[37,382s][debug][gc,director    ] Rule: High Usage, Free: 4762MB(38,8%)
[37,382s][debug][gc,director    ] Rule: Proactive, AcceptableGCInterval: 5,653s, TimeSinceLastGC: 1,885s, TimeUntilGC: 3,768s
[37,481s][debug][gc,alloc       ] Allocation Rate: 3978,0MB/s, Predicted: 3479,9MB/s, Avg: 3383,8(+/-267,4)MB/s
[37,481s][debug][gc,director    ] Select GC Workers (Normal), AvoidLongGCWorkers: 0,055, AvoidOOMGCWorkers: 0,681, LastGCWorkers: 1,000, GCWorkers: 0,681
[37,481s][debug][gc,director    ] Rule: Allocation Rate (Dynamic GC Workers), MaxAllocRate: 4359,7MB/s (+/-7,9%), Free: 3842MB, GCCPUTime: 0,558, GCDuration: 0,558s, TimeUntilOOM: 0,817s, TimeUntilGC: 0,159s, GCWorkers: 1 -> 1
[37,481s][debug][gc,director    ] Rule: High Usage, Free: 3842MB(31,3%)
[37,481s][debug][gc,director    ] Rule: Proactive, AcceptableGCInterval: 5,653s, TimeSinceLastGC: 1,984s, TimeUntilGC: 3,668s
[37,582s][debug][gc,alloc       ] Allocation Rate: 3116,0MB/s, Predicted: 3473,6MB/s, Avg: 3319,2(+/-245,3)MB/s
[37,582s][debug][gc,director    ] Select GC Workers (Normal), AvoidLongGCWorkers: 0,055, AvoidOOMGCWorkers: 0,685, LastGCWorkers: 1,000, GCWorkers: 0,685
[37,582s][debug][gc,director    ] Rule: Allocation Rate (Dynamic GC Workers), MaxAllocRate: 4280,9MB/s (+/-7,4%), Free: 3738MB, GCCPUTime: 0,558, GCDuration: 0,558s, TimeUntilOOM: 0,813s, TimeUntilGC: 0,155s, GCWorkers: 1 -> 1
[37,582s][debug][gc,director    ] Rule: High Usage, Free: 3738MB(30,4%)
[37,582s][debug][gc,director    ] Rule: Proactive, AcceptableGCInterval: 5,653s, TimeSinceLastGC: 2,085s, TimeUntilGC: 3,568s
[37,682s][debug][gc,alloc       ] Allocation Rate: 3228,0MB/s, Predicted: 3384,0MB/s, Avg: 3330,0(+/-238,6)MB/s
[37,682s][debug][gc,director    ] Select GC Workers (Normal), AvoidLongGCWorkers: 0,055, AvoidOOMGCWorkers: 0,693, LastGCWorkers: 1,000, GCWorkers: 0,693
[37,682s][debug][gc,director    ] Rule: Allocation Rate (Dynamic GC Workers), MaxAllocRate: 4169,2MB/s (+/-7,2%), Free: 3590MB, GCCPUTime: 0,558, GCDuration: 0,558s, TimeUntilOOM: 0,804s, TimeUntilGC: 0,145s, GCWorkers: 1 -> 1
[37,682s][debug][gc,director    ] Rule: High Usage, Free: 3590MB(29,2%)
[37,682s][debug][gc,director    ] Rule: Proactive, AcceptableGCInterval: 5,653s, TimeSinceLastGC: 2,185s, TimeUntilGC: 3,468s
[37,782s][debug][gc,alloc       ] Allocation Rate: 3216,0MB/s, Predicted: 3315,5MB/s, Avg: 3327,2(+/-239,8)MB/s
[37,782s][debug][gc,director    ] Select GC Workers (Normal), AvoidLongGCWorkers: 0,055, AvoidOOMGCWorkers: 0,726, LastGCWorkers: 1,000, GCWorkers: 0,726
[37,782s][debug][gc,director    ] Rule: Allocation Rate (Dynamic GC Workers), MaxAllocRate: 4116,2MB/s (+/-7,2%), Free: 3384MB, GCCPUTime: 0,558, GCDuration: 0,558s, TimeUntilOOM: 0,767s, TimeUntilGC: 0,109s, GCWorkers: 1 -> 1
[37,782s][debug][gc,director    ] Rule: High Usage, Free: 3384MB(27,5%)
[37,782s][debug][gc,director    ] Rule: Proactive, AcceptableGCInterval: 5,653s, TimeSinceLastGC: 2,285s, TimeUntilGC: 3,368s
[37,881s][debug][gc,alloc       ] Allocation Rate: 3204,0MB/s, Predicted: 3248,8MB/s, Avg: 3321,4(+/-242,0)MB/s
[37,881s][debug][gc,director    ] Select GC Workers (Normal), AvoidLongGCWorkers: 0,055, AvoidOOMGCWorkers: 0,778, LastGCWorkers: 1,000, GCWorkers: 0,778
[37,881s][debug][gc,director    ] Rule: Allocation Rate (Dynamic GC Workers), MaxAllocRate: 4117,6MB/s (+/-7,3%), Free: 3164MB, GCCPUTime: 0,558, GCDuration: 0,558s, TimeUntilOOM: 0,716s, TimeUntilGC: 0,058s, GCWorkers: 1 -> 1
[37,881s][debug][gc,director    ] Rule: High Usage, Free: 3164MB(25,7%)
[37,881s][debug][gc,director    ] Rule: Proactive, AcceptableGCInterval: 5,653s, TimeSinceLastGC: 2,384s, TimeUntilGC: 3,269s
[37,981s][debug][gc,alloc       ] Allocation Rate: 3972,0MB/s, Predicted: 3494,3MB/s, Avg: 3392,0(+/-309,2)MB/s
[37,981s][debug][gc,director    ] Select GC Workers (Normal), AvoidLongGCWorkers: 0,055, AvoidOOMGCWorkers: 1,248, LastGCWorkers: 1,000, GCWorkers: 1,248
[37,981s][debug][gc,director    ] Rule: Allocation Rate (Dynamic GC Workers), MaxAllocRate: 4511,6MB/s (+/-9,1%), Free: 2206MB, GCCPUTime: 0,558, GCDuration: 0,281s, TimeUntilOOM: 0,448s, TimeUntilGC: 0,067s, GCWorkers: 1 -> 2
[37,981s][debug][gc,heap        ] GC(12) Heap before GC invocations=12 (full 12):
[37,981s][debug][gc,heap        ] GC(12)  ZHeap           used 10040M, capacity 11088M, max capacity 12288M
[37,981s][debug][gc,heap        ] GC(12)  Metaspace       used 31529K, committed 31936K, reserved 1114112K
[37,981s][debug][gc,heap        ] GC(12)   class space    used 3443K, committed 3648K, reserved 1048576K
[37,981s][info ][gc,start       ] GC(12) Garbage Collection (Allocation Rate)
[37,981s][info ][gc,task        ] GC(12) Using 2 workers
[37,982s][debug][gc,phases,start] GC(12) Pause Mark Start
[37,982s][debug][gc,marking     ] GC(12) Using 2 mark stripes
[37,982s][debug][gc,marking     ] GC(12) Mark Worker/Stripe Distribution
[37,982s][debug][gc,marking     ] GC(12)   Worker 0(2) -> Stripe 0(2)
[37,982s][debug][gc,marking     ] GC(12)   Worker 1(2) -> Stripe 1(2)
[37,982s][info ][gc,phases      ] GC(12) Pause Mark Start 0,043ms
[37,982s][debug][gc,phases,start] GC(12) Concurrent Mark
[37,982s][debug][gc,task        ] GC(12) Executing Task: XMarkRootsTask, Active Workers: 2
[37,982s][debug][gc,tlab        ] GC(12) TLAB totals: thrds: 25  refills: 35464 max: 17487 slow allocs: 10567 max 712 waste:  2,0% gc: 2628656B max: 262000B slow: 175047392B max: 27687672B
[37,982s][debug][gc,task        ] GC(12) Executing Task: XMarkTask, Active Workers: 2
[38,081s][debug][gc,alloc       ] Allocation Rate: 3110,0MB/s, Predicted: 3418,8MB/s, Avg: 3349,8(+/-315,9)MB/s
[38,140s][info ][gc,phases      ] GC(12) Concurrent Mark 158,634ms
[38,140s][debug][gc,phases,start] GC(12) Pause Mark End
[38,140s][info ][gc,phases      ] GC(12) Pause Mark End 0,032ms
[38,140s][debug][gc,phases,start] GC(12) Concurrent Mark Free
[38,140s][info ][gc,phases      ] GC(12) Concurrent Mark Free 0,020ms
[38,140s][debug][gc,phases,start] GC(12) Concurrent Process Non-Strong References
[38,140s][debug][gc,phases,start] GC(12) Concurrent References Process
[38,140s][debug][gc,task        ] GC(12) Executing Task: XReferenceProcessorTask, Active Workers: 2
[38,143s][debug][gc,phases      ] GC(12) Concurrent References Process 2,379ms
[38,143s][debug][gc,task        ] GC(12) Executing Task: XProcessWeakRootsTask, Active Workers: 2
[38,143s][debug][gc,phases,start] GC(12) Concurrent Classes Unlink
[38,143s][debug][gc,phases,start] GC(12) ClassLoaderData
[38,143s][debug][gc,phases      ] GC(12) ClassLoaderData 0,024ms
[38,143s][debug][gc,phases,start] GC(12) Trigger cleanups
[38,143s][debug][gc,phases      ] GC(12) Trigger cleanups 0,005ms
[38,143s][debug][gc,task        ] GC(12) Executing Task: XNMethodUnlinkTask, Active Workers: 2
[38,145s][debug][gc,phases      ] GC(12) Concurrent Classes Unlink 1,959ms
[38,145s][debug][gc,phases,start] GC(12) Concurrent Classes Purge
[38,145s][debug][gc,nmethod     ] GC(12) Unregister NMethod: org.magicwerk.brownies.collections.IList.checkIndexAdd (0x000070b043fea190)
[38,145s][debug][gc,nmethod     ] GC(12) Unregister NMethod: java.util.stream.AbstractPipeline.wrapAndCopyInto (0x000070b043da3f10)
[38,145s][debug][gc,nmethod     ] GC(12) Unregister NMethod: java.util.concurrent.ForkJoinPool.awaitWork (0x000070b06379db90)
[38,146s][debug][gc,nmethod     ] GC(12) Unregister NMethod: io.sirix.page.delegates.FullReferencesPage.commit (0x000070b04422d590)
[38,146s][debug][gc,nmethod     ] GC(12) Unregister NMethod: io.sirix.axis.pathsummary.LevelOrderSettingInMemoryInstancesAxis.nextNode (0x000070b04425b590)
[38,146s][debug][gc,nmethod     ] GC(12) Unregister NMethod: it.unimi.dsi.fastutil.ints.Int2LongOpenHashMap.find (0x000070b043f65f10)
[38,146s][debug][gc,nmethod     ] GC(12) Unregister NMethod: java.util.stream.Sink$ChainedReference.begin (0x000070b043db5d90)
[38,146s][debug][gc,nmethod     ] GC(12) Unregister NMethod: java.util.ArrayList.clear (0x000070b043fb6a10)
[38,146s][debug][gc,nmethod     ] GC(12) Unregister NMethod: io.sirix.axis.pathsummary.AbstractAxis.next (0x000070b043af8890)
[38,146s][debug][gc,nmethod     ] GC(12) Unregister NMethod: java.nio.MappedByteBuffer.flip (0x000070b0440b3c10)
[38,146s][debug][gc,phases      ] GC(12) Concurrent Classes Purge 0,072ms
[38,146s][debug][gc,phases,start] GC(12) Concurrent References Enqueue
[38,146s][debug][gc,phases      ] GC(12) Concurrent References Enqueue 0,006ms
[38,146s][info ][gc,phases      ] GC(12) Concurrent Process Non-Strong References 5,129ms
[38,146s][debug][gc,phases,start] GC(12) Concurrent Reset Relocation Set
[38,146s][info ][gc,phases      ] GC(12) Concurrent Reset Relocation Set 0,059ms
[38,146s][debug][gc,phases,start] GC(12) Concurrent Select Relocation Set
[38,147s][debug][gc,task        ] GC(12) Executing Task: XRelocationSetInstallTask, Active Workers: 2
[38,147s][info ][gc,phases      ] GC(12) Concurrent Select Relocation Set 1,631ms
[38,147s][debug][gc,phases,start] GC(12) Pause Relocate Start
[38,147s][info ][gc,phases      ] GC(12) Pause Relocate Start 0,024ms
[38,147s][debug][gc,phases,start] GC(12) Concurrent Relocate
[38,147s][debug][gc,task        ] GC(12) Executing Task: XRelocateTask, Active Workers: 2
[38,155s][info ][gc,phases      ] GC(12) Concurrent Relocate 7,105ms
[38,155s][debug][gc,heap        ] GC(12) Heap after GC invocations=13 (full 13):
[38,155s][debug][gc,heap        ] GC(12)  ZHeap           used 898M, capacity 11088M, max capacity 12288M
[38,155s][debug][gc,heap        ] GC(12)  Metaspace       used 31534K, committed 31936K, reserved 1114112K
[38,155s][debug][gc,heap        ] GC(12)   class space    used 3443K, committed 3648K, reserved 1048576K
[38,155s][info ][gc,load        ] GC(12) Load: 3,63/5,35/3,23
[38,155s][info ][gc,mmu         ] GC(12) MMU: 2ms/82,6%, 5ms/93,1%, 10ms/96,5%, 20ms/97,9%, 50ms/99,1%, 100ms/99,6%
[38,155s][info ][gc,marking     ] GC(12) Mark: 2 stripe(s), 2 proactive flush(es), 1 terminate flush(es), 0 completion(s), 0 continuation(s) 
[38,155s][info ][gc,marking     ] GC(12) Mark Stack Usage: 32M
[38,155s][info ][gc,nmethod     ] GC(12) NMethods: 3853 registered, 1235 unregistered
[38,155s][info ][gc,metaspace   ] GC(12) Metaspace: 30M used, 31M committed, 1088M reserved
[38,155s][info ][gc,ref         ] GC(12) Soft: 3931 encountered, 0 discovered, 0 enqueued
[38,155s][info ][gc,ref         ] GC(12) Weak: 1939 encountered, 130 discovered, 0 enqueued
[38,155s][info ][gc,ref         ] GC(12) Final: 12529 encountered, 12529 discovered, 12529 enqueued
[38,155s][info ][gc,ref         ] GC(12) Phantom: 577 encountered, 468 discovered, 175 enqueued
[38,155s][info ][gc,reloc       ] GC(12) Small Pages: 5004 / 10008M, Empty: 4050M, Relocated: 24M, In-Place: 0
[38,155s][info ][gc,reloc       ] GC(12) Medium Pages: 1 / 32M, Empty: 0M, Relocated: 0M, In-Place: 0
[38,155s][info ][gc,reloc       ] GC(12) Large Pages: 0 / 0M, Empty: 0M, Relocated: 0M, In-Place: 0
[38,155s][info ][gc,reloc       ] GC(12) Forwarding Usage: 3M
[38,155s][info ][gc,heap        ] GC(12) Min Capacity: 5120M(42%)
[38,155s][info ][gc,heap        ] GC(12) Max Capacity: 12288M(100%)
[38,155s][info ][gc,heap        ] GC(12) Soft Max Capacity: 12288M(100%)
[38,155s][info ][gc,heap        ] GC(12)                Mark Start          Mark End        Relocate Start      Relocate End           High               Low         
[38,155s][info ][gc,heap        ] GC(12)  Capacity:    11088M (90%)       11088M (90%)       11088M (90%)       11088M (90%)       11088M (90%)       11088M (90%)    
[38,155s][info ][gc,heap        ] GC(12)      Free:     2248M (18%)        2120M (17%)        6158M (50%)       11390M (93%)       11392M (93%)        2112M (17%)    
[38,155s][info ][gc,heap        ] GC(12)      Used:    10040M (82%)       10168M (83%)        6130M (50%)         898M (7%)        10176M (83%)         896M (7%)     
[38,155s][info ][gc,heap        ] GC(12)      Live:         -               546M (4%)          546M (4%)          546M (4%)             -                  -          
[38,155s][info ][gc,heap        ] GC(12) Allocated:         -               128M (1%)          140M (1%)          159M (1%)             -                  -          
[38,155s][info ][gc,heap        ] GC(12)   Garbage:         -              9493M (77%)        5443M (44%)         191M (2%)             -                  -          
[38,155s][info ][gc,heap        ] GC(12) Reclaimed:         -                  -              4050M (33%)        9301M (76%)            -                  -          
[38,155s][info ][gc             ] GC(12) Garbage Collection (Allocation Rate) 10040M(82%)->898M(7%)
[38,182s][debug][gc,alloc       ] Allocation Rate: 3206,0MB/s, Predicted: 3316,0MB/s, Avg: 3352,4(+/-314,6)MB/s
[38,182s][debug][gc,director    ] Select GC Workers (Try Lowering), AvoidLongGCWorkers: 0,046, AvoidOOMGCWorkers: 0,195, NextAvoidOOMGCWorkers: 0,224, LastGCWorkers: 2,000, GCWorkers: 1,000
[38,182s][debug][gc,director    ] Rule: Allocation Rate (Dynamic GC Workers), MaxAllocRate: 4387,6MB/s (+/-9,4%), Free: 11294MB, GCCPUTime: 0,462, GCDuration: 0,462s, TimeUntilOOM: 2,353s, TimeUntilGC: 1,791s, GCWorkers: 2 -> 1
[38,182s][debug][gc,director    ] Rule: High Usage, Free: 11294MB(91,9%)
[38,182s][debug][gc,director    ] Rule: Proactive, UsedUntilEnabled: 1174MB, TimeUntilEnabled: 299,973s
[38,282s][debug][gc,alloc       ] Allocation Rate: 3200,0MB/s, Predicted: 3225,1MB/s, Avg: 3348,4(+/-316,3)MB/s
[38,282s][debug][gc,director    ] Select GC Workers (Try Lowering), AvoidLongGCWorkers: 0,046, AvoidOOMGCWorkers: 0,199, NextAvoidOOMGCWorkers: 0,218, LastGCWorkers: 2,000, GCWorkers: 1,000
[38,282s][debug][gc,director    ] Rule: Allocation Rate (Dynamic GC Workers), MaxAllocRate: 4389,1MB/s (+/-9,4%), Free: 11072MB, GCCPUTime: 0,462, GCDuration: 0,462s, TimeUntilOOM: 2,305s, TimeUntilGC: 1,743s, GCWorkers: 2 -> 1
[38,282s][debug][gc,director    ] Rule: High Usage, Free: 11072MB(90,1%)
[38,282s][debug][gc,director    ] Rule: Proactive, UsedUntilEnabled: 952MB, TimeUntilEnabled: 299,873s
[38,382s][debug][gc,alloc       ] Allocation Rate: 3220,0MB/s, Predicted: 3148,5MB/s, Avg: 3345,0(+/-317,4)MB/s
[38,382s][debug][gc,director    ] Select GC Workers (Try Lowering), AvoidLongGCWorkers: 0,046, AvoidOOMGCWorkers: 0,204, NextAvoidOOMGCWorkers: 0,213, LastGCWorkers: 2,000, GCWorkers: 1,000
[38,382s][debug][gc,director    ] Rule: Allocation Rate (Dynamic GC Workers), MaxAllocRate: 4389,5MB/s (+/-9,5%), Free: 10844MB, GCCPUTime: 0,462, GCDuration: 0,462s, TimeUntilOOM: 2,256s, TimeUntilGC: 1,694s, GCWorkers: 2 -> 1
[38,382s][debug][gc,director    ] Rule: High Usage, Free: 10844MB(88,2%)
[38,382s][debug][gc,director    ] Rule: Proactive, UsedUntilEnabled: 724MB, TimeUntilEnabled: 299,773s
[38,482s][debug][gc,alloc       ] Allocation Rate: 3230,0MB/s, Predicted: 3271,3MB/s, Avg: 3270,2(+/-237,5)MB/s
[38,482s][debug][gc,director    ] Select GC Workers (Try Lowering), AvoidLongGCWorkers: 0,046, AvoidOOMGCWorkers: 0,201, NextAvoidOOMGCWorkers: 0,201, LastGCWorkers: 2,000, GCWorkers: 1,000
[38,482s][debug][gc,director    ] Rule: Allocation Rate (Dynamic GC Workers), MaxAllocRate: 4053,0MB/s (+/-7,3%), Free: 9918MB, GCCPUTime: 0,462, GCDuration: 0,462s, TimeUntilOOM: 2,281s, TimeUntilGC: 1,719s, GCWorkers: 2 -> 1
[38,482s][debug][gc,director    ] Rule: High Usage, Free: 9918MB(80,7%)
[38,482s][debug][gc,director    ] Rule: Proactive, AcceptableGCInterval: 4,667s, TimeSinceLastGC: 0,328s, TimeUntilGC: 4,339s
[38,581s][debug][gc,alloc       ] Allocation Rate: 3178,0MB/s, Predicted: 3193,3MB/s, Avg: 3276,4(+/-234,2)MB/s
[38,581s][debug][gc,director    ] Select GC Workers (Try Lowering), AvoidLongGCWorkers: 0,046, AvoidOOMGCWorkers: 0,202, NextAvoidOOMGCWorkers: 0,194, LastGCWorkers: 2,000, GCWorkers: 1,000
[38,581s][debug][gc,director    ] Rule: Allocation Rate (Dynamic GC Workers), MaxAllocRate: 4047,1MB/s (+/-7,1%), Free: 9862MB, GCCPUTime: 0,462, GCDuration: 0,462s, TimeUntilOOM: 2,274s, TimeUntilGC: 1,712s, GCWorkers: 2 -> 1
[38,581s][debug][gc,director    ] Rule: High Usage, Free: 9862MB(80,3%)
[38,581s][debug][gc,director    ] Rule: Proactive, AcceptableGCInterval: 4,667s, TimeSinceLastGC: 0,427s, TimeUntilGC: 4,240s
[38,681s][debug][gc,alloc       ] Allocation Rate: 3258,0MB/s, Predicted: 3173,1MB/s, Avg: 3279,4(+/-233,8)MB/s
[38,681s][debug][gc,director    ] Select GC Workers (Try Lowering), AvoidLongGCWorkers: 0,046, AvoidOOMGCWorkers: 0,207, NextAvoidOOMGCWorkers: 0,190, LastGCWorkers: 2,000, GCWorkers: 1,000
[38,681s][debug][gc,director    ] Rule: Allocation Rate (Dynamic GC Workers), MaxAllocRate: 4048,6MB/s (+/-7,1%), Free: 9634MB, GCCPUTime: 0,462, GCDuration: 0,462s, TimeUntilOOM: 2,221s, TimeUntilGC: 1,659s, GCWorkers: 2 -> 1
[38,681s][debug][gc,director    ] Rule: High Usage, Free: 9634MB(78,4%)
[38,681s][debug][gc,director    ] Rule: Proactive, AcceptableGCInterval: 4,667s, TimeSinceLastGC: 0,527s, TimeUntilGC: 4,140s
[38,781s][debug][gc,alloc       ] Allocation Rate: 3278,0MB/s, Predicted: 3155,6MB/s, Avg: 3285,6(+/-232,8)MB/s
[38,781s][debug][gc,director    ] Select GC Workers (Try Lowering), AvoidLongGCWorkers: 0,046, AvoidOOMGCWorkers: 0,212, NextAvoidOOMGCWorkers: 0,186, LastGCWorkers: 2,000, GCWorkers: 1,000
[38,781s][debug][gc,director    ] Rule: Allocation Rate (Dynamic GC Workers), MaxAllocRate: 4051,7MB/s (+/-7,1%), Free: 9408MB, GCCPUTime: 0,462, GCDuration: 0,462s, TimeUntilOOM: 2,168s, TimeUntilGC: 1,606s, GCWorkers: 2 -> 1
[38,781s][debug][gc,director    ] Rule: High Usage, Free: 9408MB(76,6%)
[38,782s][debug][gc,director    ] Rule: Proactive, AcceptableGCInterval: 4,667s, TimeSinceLastGC: 0,627s, TimeUntilGC: 4,040s
[38,884s][debug][gc,alloc       ] Allocation Rate: 3784,0MB/s, Predicted: 3333,2MB/s, Avg: 3343,6(+/-273,9)MB/s
[38,884s][debug][gc,director    ] Select GC Workers (Try Lowering), AvoidLongGCWorkers: 0,046, AvoidOOMGCWorkers: 0,243, NextAvoidOOMGCWorkers: 0,200, LastGCWorkers: 2,000, GCWorkers: 1,000
[38,884s][debug][gc,director    ] Rule: Allocation Rate (Dynamic GC Workers), MaxAllocRate: 4244,9MB/s (+/-8,2%), Free: 8682MB, GCCPUTime: 0,462, GCDuration: 0,462s, TimeUntilOOM: 1,890s, TimeUntilGC: 1,328s, GCWorkers: 2 -> 1
[38,884s][debug][gc,director    ] Rule: High Usage, Free: 8682MB(70,7%)
[38,884s][debug][gc,director    ] Rule: Proactive, AcceptableGCInterval: 4,667s, TimeSinceLastGC: 0,730s, TimeUntilGC: 3,937s
[38,982s][debug][gc,alloc       ] Allocation Rate: 3168,0MB/s, Predicted: 3430,5MB/s, Avg: 3263,2(+/-179,3)MB/s
[38,982s][debug][gc,director    ] Select GC Workers (Try Lowering), AvoidLongGCWorkers: 0,046, AvoidOOMGCWorkers: 0,234, NextAvoidOOMGCWorkers: 0,186, LastGCWorkers: 2,000, GCWorkers: 1,000
[38,982s][debug][gc,director    ] Rule: Allocation Rate (Dynamic GC Workers), MaxAllocRate: 4020,5MB/s (+/-5,5%), Free: 8340MB, GCCPUTime: 0,462, GCDuration: 0,462s, TimeUntilOOM: 1,966s, TimeUntilGC: 1,404s, GCWorkers: 2 -> 1
[38,982s][debug][gc,director    ] Rule: High Usage, Free: 8340MB(67,9%)
[38,982s][debug][gc,director    ] Rule: Proactive, AcceptableGCInterval: 4,667s, TimeSinceLastGC: 0,827s, TimeUntilGC: 3,840s
[39,082s][debug][gc,alloc       ] Allocation Rate: 3282,0MB/s, Predicted: 3397,2MB/s, Avg: 3280,4(+/-171,9)MB/s
[39,082s][debug][gc,director    ] Select GC Workers (Try Lowering), AvoidLongGCWorkers: 0,046, AvoidOOMGCWorkers: 0,234, NextAvoidOOMGCWorkers: 0,179, LastGCWorkers: 2,000, GCWorkers: 1,000
[39,082s][debug][gc,director    ] Rule: Allocation Rate (Dynamic GC Workers), MaxAllocRate: 3962,8MB/s (+/-5,2%), Free: 8200MB, GCCPUTime: 0,462, GCDuration: 0,462s, TimeUntilOOM: 1,966s, TimeUntilGC: 1,404s, GCWorkers: 2 -> 1
[39,082s][debug][gc,director    ] Rule: High Usage, Free: 8200MB(66,7%)
[39,082s][debug][gc,director    ] Rule: Proactive, AcceptableGCInterval: 4,667s, TimeSinceLastGC: 0,927s, TimeUntilGC: 3,740s
[39,182s][debug][gc,alloc       ] Allocation Rate: 3330,0MB/s, Predicted: 3397,2MB/s, Avg: 3292,8(+/-170,5)MB/s
[39,182s][debug][gc,director    ] Select GC Workers (Try Lowering), AvoidLongGCWorkers: 0,046, AvoidOOMGCWorkers: 0,240, NextAvoidOOMGCWorkers: 0,176, LastGCWorkers: 2,000, GCWorkers: 1,000
[39,182s][debug][gc,director    ] Rule: Allocation Rate (Dynamic GC Workers), MaxAllocRate: 3958,3MB/s (+/-5,2%), Free: 7964MB, GCCPUTime: 0,462, GCDuration: 0,462s, TimeUntilOOM: 1,913s, TimeUntilGC: 1,351s, GCWorkers: 2 -> 1
[39,182s][debug][gc,director    ] Rule: High Usage, Free: 7964MB(64,8%)
[39,182s][debug][gc,director    ] Rule: Proactive, AcceptableGCInterval: 4,667s, TimeSinceLastGC: 1,027s, TimeUntilGC: 3,640s
[39,282s][debug][gc,alloc       ] Allocation Rate: 3324,0MB/s, Predicted: 3384,9MB/s, Avg: 3305,2(+/-167,8)MB/s
[39,282s][debug][gc,director    ] Select GC Workers (Try Lowering), AvoidLongGCWorkers: 0,046, AvoidOOMGCWorkers: 0,245, NextAvoidOOMGCWorkers: 0,172, LastGCWorkers: 2,000, GCWorkers: 1,000
[39,282s][debug][gc,director    ] Rule: Allocation Rate (Dynamic GC Workers), MaxAllocRate: 3937,2MB/s (+/-5,1%), Free: 7748MB, GCCPUTime: 0,462, GCDuration: 0,462s, TimeUntilOOM: 1,873s, TimeUntilGC: 1,311s, GCWorkers: 2 -> 1
[39,282s][debug][gc,director    ] Rule: High Usage, Free: 7748MB(63,1%)
[39,282s][debug][gc,director    ] Rule: Proactive, AcceptableGCInterval: 4,667s, TimeSinceLastGC: 1,128s, TimeUntilGC: 3,539s
[39,381s][debug][gc,alloc       ] Allocation Rate: 4056,0MB/s, Predicted: 3662,5MB/s, Avg: 3388,8(+/-277,2)MB/s
[39,381s][debug][gc,director    ] Select GC Workers (Try Lowering), AvoidLongGCWorkers: 0,046, AvoidOOMGCWorkers: 0,335, NextAvoidOOMGCWorkers: 0,202, LastGCWorkers: 2,000, GCWorkers: 1,000
[39,381s][debug][gc,director    ] Rule: Allocation Rate (Dynamic GC Workers), MaxAllocRate: 4574,5MB/s (+/-8,2%), Free: 6788MB, GCCPUTime: 0,462, GCDuration: 0,462s, TimeUntilOOM: 1,372s, TimeUntilGC: 0,810s, GCWorkers: 2 -> 1
[39,381s][debug][gc,director    ] Rule: High Usage, Free: 6788MB(55,2%)
[39,381s][debug][gc,director    ] Rule: Proactive, AcceptableGCInterval: 4,667s, TimeSinceLastGC: 1,227s, TimeUntilGC: 3,440s
[39,481s][debug][gc,alloc       ] Allocation Rate: 3184,0MB/s, Predicted: 3538,3MB/s, Avg: 3384,2(+/-280,1)MB/s
[39,481s][debug][gc,director    ] Select GC Workers (Try Lowering), AvoidLongGCWorkers: 0,046, AvoidOOMGCWorkers: 0,330, NextAvoidOOMGCWorkers: 0,192, LastGCWorkers: 2,000, GCWorkers: 1,000
[39,481s][debug][gc,director    ] Rule: Allocation Rate (Dynamic GC Workers), MaxAllocRate: 4460,0MB/s (+/-8,3%), Free: 6734MB, GCCPUTime: 0,462, GCDuration: 0,462s, TimeUntilOOM: 1,394s, TimeUntilGC: 0,832s, GCWorkers: 2 -> 1
[39,481s][debug][gc,director    ] Rule: High Usage, Free: 6734MB(54,8%)
[39,481s][debug][gc,director    ] Rule: Proactive, AcceptableGCInterval: 4,667s, TimeSinceLastGC: 1,327s, TimeUntilGC: 3,340s
[39,582s][debug][gc,alloc       ] Allocation Rate: 3350,0MB/s, Predicted: 3469,6MB/s, Avg: 3401,4(+/-272,1)MB/s
[39,582s][debug][gc,director    ] Select GC Workers (Try Lowering), AvoidLongGCWorkers: 0,046, AvoidOOMGCWorkers: 0,333, NextAvoidOOMGCWorkers: 0,185, LastGCWorkers: 2,000, GCWorkers: 1,000
[39,582s][debug][gc,director    ] Rule: Allocation Rate (Dynamic GC Workers), MaxAllocRate: 4365,0MB/s (+/-8,0%), Free: 6512MB, GCCPUTime: 0,462, GCDuration: 0,462s, TimeUntilOOM: 1,381s, TimeUntilGC: 0,819s, GCWorkers: 2 -> 1
[39,582s][debug][gc,director    ] Rule: High Usage, Free: 6512MB(53,0%)
[39,582s][debug][gc,director    ] Rule: Proactive, AcceptableGCInterval: 4,667s, TimeSinceLastGC: 1,427s, TimeUntilGC: 3,240s
[39,682s][debug][gc,alloc       ] Allocation Rate: 3348,0MB/s, Predicted: 3410,0MB/s, Avg: 3410,4(+/-268,7)MB/s
[39,682s][debug][gc,director    ] Select GC Workers (Try Lowering), AvoidLongGCWorkers: 0,046, AvoidOOMGCWorkers: 0,339, NextAvoidOOMGCWorkers: 0,180, LastGCWorkers: 2,000, GCWorkers: 1,000
[39,682s][debug][gc,director    ] Rule: Allocation Rate (Dynamic GC Workers), MaxAllocRate: 4294,5MB/s (+/-7,9%), Free: 6286MB, GCCPUTime: 0,462, GCDuration: 0,462s, TimeUntilOOM: 1,357s, TimeUntilGC: 0,795s, GCWorkers: 2 -> 1
[39,682s][debug][gc,director    ] Rule: High Usage, Free: 6286MB(51,2%)
[39,682s][debug][gc,director    ] Rule: Proactive, AcceptableGCInterval: 4,667s, TimeSinceLastGC: 1,527s, TimeUntilGC: 3,140s
[39,785s][debug][gc,alloc       ] Allocation Rate: 3686,0MB/s, Predicted: 3484,9MB/s, Avg: 3451,2(+/-276,3)MB/s
[39,785s][debug][gc,director    ] Select GC Workers (Try Lowering), AvoidLongGCWorkers: 0,046, AvoidOOMGCWorkers: 0,382, NextAvoidOOMGCWorkers: 0,183, LastGCWorkers: 2,000, GCWorkers: 1,000
[39,785s][debug][gc,director    ] Rule: Allocation Rate (Dynamic GC Workers), MaxAllocRate: 4394,2MB/s (+/-8,0%), Free: 5716MB, GCCPUTime: 0,462, GCDuration: 0,462s, TimeUntilOOM: 1,204s, TimeUntilGC: 0,642s, GCWorkers: 2 -> 1
[39,785s][debug][gc,director    ] Rule: High Usage, Free: 5716MB(46,5%)
[39,785s][debug][gc,director    ] Rule: Proactive, AcceptableGCInterval: 4,667s, TimeSinceLastGC: 1,630s, TimeUntilGC: 3,037s
[39,882s][debug][gc,alloc       ] Allocation Rate: 3476,0MB/s, Predicted: 3583,6MB/s, Avg: 3420,4(+/-253,8)MB/s
[39,882s][debug][gc,director    ] Select GC Workers (Try Lowering), AvoidLongGCWorkers: 0,046, AvoidOOMGCWorkers: 0,419, NextAvoidOOMGCWorkers: 0,184, LastGCWorkers: 2,000, GCWorkers: 1,000
[39,882s][debug][gc,director    ] Rule: Allocation Rate (Dynamic GC Workers), MaxAllocRate: 4418,7MB/s (+/-7,4%), Free: 5206MB, GCCPUTime: 0,462, GCDuration: 0,462s, TimeUntilOOM: 1,097s, TimeUntilGC: 0,535s, GCWorkers: 2 -> 1
[39,882s][debug][gc,director    ] Rule: High Usage, Free: 5206MB(42,4%)
[39,882s][debug][gc,director    ] Rule: Proactive, AcceptableGCInterval: 4,667s, TimeSinceLastGC: 1,728s, TimeUntilGC: 2,939s
[39,982s][debug][gc,alloc       ] Allocation Rate: 3284,0MB/s, Predicted: 3461,7MB/s, Avg: 3432,0(+/-244,5)MB/s
[39,982s][debug][gc,director    ] Select GC Workers (Try Lowering), AvoidLongGCWorkers: 0,046, AvoidOOMGCWorkers: 0,416, NextAvoidOOMGCWorkers: 0,176, LastGCWorkers: 2,000, GCWorkers: 1,000
[39,982s][debug][gc,director    ] Rule: Allocation Rate (Dynamic GC Workers), MaxAllocRate: 4266,1MB/s (+/-7,1%), Free: 5056MB, GCCPUTime: 0,462, GCDuration: 0,462s, TimeUntilOOM: 1,106s, TimeUntilGC: 0,544s, GCWorkers: 2 -> 1
[39,982s][debug][gc,director    ] Rule: High Usage, Free: 5056MB(41,1%)
[39,982s][debug][gc,director    ] Rule: Proactive, AcceptableGCInterval: 4,667s, TimeSinceLastGC: 1,827s, TimeUntilGC: 2,840s
[40,082s][debug][gc,alloc       ] Allocation Rate: 3362,0MB/s, Predicted: 3393,7MB/s, Avg: 3440,0(+/-240,7)MB/s
[40,082s][debug][gc,director    ] Select GC Workers (Try Lowering), AvoidLongGCWorkers: 0,046, AvoidOOMGCWorkers: 0,431, NextAvoidOOMGCWorkers: 0,172, LastGCWorkers: 2,000, GCWorkers: 1,000
[40,082s][debug][gc,director    ] Rule: Allocation Rate (Dynamic GC Workers), MaxAllocRate: 4232,0MB/s (+/-7,0%), Free: 4838MB, GCCPUTime: 0,462, GCDuration: 0,462s, TimeUntilOOM: 1,068s, TimeUntilGC: 0,506s, GCWorkers: 2 -> 1
[40,082s][debug][gc,director    ] Rule: High Usage, Free: 4838MB(39,4%)
[40,082s][debug][gc,director    ] Rule: Proactive, AcceptableGCInterval: 4,667s, TimeSinceLastGC: 1,927s, TimeUntilGC: 2,740s
[40,182s][debug][gc,alloc       ] Allocation Rate: 3354,0MB/s, Predicted: 3330,0MB/s, Avg: 3442,4(+/-239,7)MB/s
[40,183s][debug][gc,director    ] Select GC Workers (Try Lowering), AvoidLongGCWorkers: 0,046, AvoidOOMGCWorkers: 0,452, NextAvoidOOMGCWorkers: 0,169, LastGCWorkers: 2,000, GCWorkers: 1,000
[40,183s][debug][gc,director    ] Rule: Allocation Rate (Dynamic GC Workers), MaxAllocRate: 4231,2MB/s (+/-7,0%), Free: 4610MB, GCCPUTime: 0,462, GCDuration: 0,462s, TimeUntilOOM: 1,019s, TimeUntilGC: 0,456s, GCWorkers: 2 -> 1
[40,183s][debug][gc,director    ] Rule: High Usage, Free: 4610MB(37,5%)
[40,183s][debug][gc,director    ] Rule: Proactive, AcceptableGCInterval: 4,667s, TimeSinceLastGC: 2,028s, TimeUntilGC: 2,639s
[40,282s][debug][gc,alloc       ] Allocation Rate: 4098,0MB/s, Predicted: 3560,7MB/s, Avg: 3519,8(+/-305,0)MB/s
[40,282s][debug][gc,director    ] Select GC Workers (Try Lowering), AvoidLongGCWorkers: 0,046, AvoidOOMGCWorkers: 0,626, NextAvoidOOMGCWorkers: 0,181, LastGCWorkers: 2,000, GCWorkers: 1,000
[40,282s][debug][gc,director    ] Rule: Allocation Rate (Dynamic GC Workers), MaxAllocRate: 4564,4MB/s (+/-8,7%), Free: 3650MB, GCCPUTime: 0,462, GCDuration: 0,462s, TimeUntilOOM: 0,736s, TimeUntilGC: 0,174s, GCWorkers: 2 -> 1
[40,282s][debug][gc,director    ] Rule: High Usage, Free: 3650MB(29,7%)
[40,282s][debug][gc,director    ] Rule: Proactive, AcceptableGCInterval: 4,667s, TimeSinceLastGC: 2,127s, TimeUntilGC: 2,540s
[40,382s][debug][gc,alloc       ] Allocation Rate: 3154,0MB/s, Predicted: 3557,3MB/s, Avg: 3429,6(+/-263,7)MB/s
[40,382s][debug][gc,director    ] Select GC Workers (Try Lowering), AvoidLongGCWorkers: 0,046, AvoidOOMGCWorkers: 0,604, NextAvoidOOMGCWorkers: 0,173, LastGCWorkers: 2,000, GCWorkers: 1,000
[40,382s][debug][gc,director    ] Rule: Allocation Rate (Dynamic GC Workers), MaxAllocRate: 4425,1MB/s (+/-7,7%), Free: 3634MB, GCCPUTime: 0,462, GCDuration: 0,462s, TimeUntilOOM: 0,763s, TimeUntilGC: 0,200s, GCWorkers: 2 -> 1
[40,382s][debug][gc,director    ] Rule: High Usage, Free: 3634MB(29,6%)
[40,382s][debug][gc,director    ] Rule: Proactive, AcceptableGCInterval: 4,667s, TimeSinceLastGC: 2,227s, TimeUntilGC: 2,440s
[40,482s][info ][gc,stats       ] === Garbage Collection Statistics =======================================================================================================================
[40,482s][info ][gc,stats       ]                                                              Last 10s              Last 10m              Last 10h                Total
[40,482s][info ][gc,stats       ]                                                              Avg / Max             Avg / Max             Avg / Max             Avg / Max
[40,482s][info ][gc,stats       ]   Collector: Garbage Collection Cycle                    252,457 / 324,032     254,182 / 643,642     254,182 / 643,642     254,182 / 643,642     ms
[40,482s][info ][gc,stats       ]  Contention: Mark Segment Reset Contention                     0 / 0                 0 / 14                0 / 14                0 / 14          ops/s
[40,482s][info ][gc,stats       ]  Contention: Mark SeqNum Reset Contention                      0 / 0                 0 / 0                 0 / 0                 0 / 0           ops/s
[40,482s][info ][gc,stats       ]    Critical: Allocation Stall                                  0 / 0                 0 / 0                 0 / 0                 0 / 0           ops/s
[40,482s][info ][gc,stats       ]    Critical: Allocation Stall                              0,000 / 0,000         0,000 / 0,000         0,000 / 0,000         0,000 / 0,000       ms
[40,482s][info ][gc,stats       ]    Critical: GC Locker Stall                                   0 / 0                 0 / 1                 0 / 1                 0 / 1           ops/s
[40,482s][info ][gc,stats       ]    Critical: GC Locker Stall                               0,000 / 0,000         0,175 / 0,345         0,175 / 0,345         0,175 / 0,345       ms
[40,482s][info ][gc,stats       ]    Critical: Relocation Stall                                  0 / 0                 0 / 0                 0 / 0                 0 / 0           ops/s
[40,482s][info ][gc,stats       ]    Critical: Relocation Stall                              0,000 / 0,000         0,000 / 0,000         0,000 / 0,000         0,000 / 0,000       ms
[40,482s][info ][gc,stats       ]      Memory: Allocation Rate                                3297 / 3996           1939 / 4096           1939 / 4096           1939 / 4096        MB/s
[40,482s][info ][gc,stats       ]      Memory: Defragment                                        0 / 0                 0 / 0                 0 / 0                 0 / 0           ops/s
[40,482s][info ][gc,stats       ]      Memory: Out Of Memory                                     0 / 0                 0 / 0                 0 / 0                 0 / 0           ops/s
[40,482s][info ][gc,stats       ]      Memory: Page Cache Flush                                  0 / 0                 0 / 0                 0 / 0                 0 / 0           MB/s
[40,482s][info ][gc,stats       ]      Memory: Page Cache Hit L1                              1652 / 1998            830 / 2048            830 / 2048            830 / 2048        ops/s
[40,482s][info ][gc,stats       ]      Memory: Page Cache Hit L2                                 0 / 0                 0 / 0                 0 / 0                 0 / 0           ops/s
[40,482s][info ][gc,stats       ]      Memory: Page Cache Hit L3                                 0 / 0                66 / 797              66 / 797              66 / 797         ops/s
[40,482s][info ][gc,stats       ]      Memory: Page Cache Miss                                   0 / 0                78 / 583              78 / 583              78 / 583         ops/s
[40,482s][info ][gc,stats       ]      Memory: Uncommit                                          0 / 0                 0 / 0                 0 / 0                 0 / 0           MB/s
[40,482s][info ][gc,stats       ]      Memory: Undo Object Allocation Failed                     0 / 0                 0 / 0                 0 / 0                 0 / 0           ops/s
[40,482s][info ][gc,stats       ]      Memory: Undo Object Allocation Succeeded                  0 / 1                 0 / 10                0 / 10                0 / 10          ops/s
[40,482s][info ][gc,stats       ]      Memory: Undo Page Allocation                              0 / 1                 1 / 16                1 / 16                1 / 16          ops/s
[40,482s][info ][gc,stats       ]       Phase: Concurrent Mark                             237,092 / 309,747     225,409 / 606,876     225,409 / 606,876     225,409 / 606,876     ms
[40,482s][info ][gc,stats       ]       Phase: Concurrent Mark Continue                      0,000 / 0,000         0,000 / 0,000         0,000 / 0,000         0,000 / 0,000       ms
[40,482s][info ][gc,stats       ]       Phase: Concurrent Mark Free                          0,273 / 1,038         0,115 / 1,038         0,115 / 1,038         0,115 / 1,038       ms
[40,482s][info ][gc,stats       ]       Phase: Concurrent Process Non-Strong References      5,936 / 7,097        10,281 / 28,355       10,281 / 28,355       10,281 / 28,355      ms
[40,482s][info ][gc,stats       ]       Phase: Concurrent Relocate                           6,842 / 9,567        11,216 / 68,030       11,216 / 68,030       11,216 / 68,030      ms
[40,482s][info ][gc,stats       ]       Phase: Concurrent Reset Relocation Set               0,041 / 0,059         0,058 / 0,172         0,058 / 0,172         0,058 / 0,172       ms
[40,482s][info ][gc,stats       ]       Phase: Concurrent Select Relocation Set              1,494 / 1,655         5,383 / 24,709        5,383 / 24,709        5,383 / 24,709      ms
[40,482s][info ][gc,stats       ]       Phase: Pause Mark End                                0,030 / 0,037         0,077 / 0,347         0,077 / 0,347         0,077 / 0,347       ms
[40,482s][info ][gc,stats       ]       Phase: Pause Mark Start                              0,043 / 0,057         0,106 / 0,192         0,106 / 0,192         0,106 / 0,192       ms
[40,482s][info ][gc,stats       ]       Phase: Pause Relocate Start                          0,029 / 0,045         0,048 / 0,126         0,048 / 0,126         0,048 / 0,126       ms
[40,482s][info ][gc,stats       ]    Subphase: Concurrent Classes Purge                      0,054 / 0,072         2,067 / 13,408        2,067 / 13,408        2,067 / 13,408      ms
[40,482s][info ][gc,stats       ]    Subphase: Concurrent Classes Unlink                     2,851 / 3,837         3,615 / 7,762         3,615 / 7,762         3,615 / 7,762       ms
[40,482s][info ][gc,stats       ]    Subphase: Concurrent Mark                             213,663 / 308,122     162,026 / 603,668     162,026 / 603,668     162,026 / 603,668     ms
[40,482s][info ][gc,stats       ]    Subphase: Concurrent Mark Try Flush                     0,118 / 0,223         1,079 / 7,166         1,079 / 7,166         1,079 / 7,166       ms
[40,482s][info ][gc,stats       ]    Subphase: Concurrent Mark Try Terminate                 0,829 / 1,187         1,142 / 6,763         1,142 / 6,763         1,142 / 6,763       ms
[40,482s][info ][gc,stats       ]    Subphase: Concurrent References Enqueue                 0,006 / 0,007         0,012 / 0,026         0,012 / 0,026         0,012 / 0,026       ms
[40,482s][info ][gc,stats       ]    Subphase: Concurrent References Process                 2,136 / 2,379         1,871 / 4,777         1,871 / 4,777         1,871 / 4,777       ms
[40,482s][info ][gc,stats       ]    Subphase: Concurrent Roots ClassLoaderDataGraph         0,086 / 0,163         0,126 / 0,487         0,126 / 0,487         0,126 / 0,487       ms
[40,482s][debug][gc,alloc       ] Allocation Rate: 3302,0MB/s, Predicted: 3440,8MB/s, Avg: 3441,4(+/-254,9)MB/s
[40,482s][info ][gc,stats       ]    Subphase: Concurrent Roots CodeCache                    0,000 / 0,000         0,000 / 0,000         0,000 / 0,000         0,000 / 0,000       ms
[40,482s][info ][gc,stats       ]    Subphase: Concurrent Roots JavaThreads                  0,827 / 1,215         0,775 / 2,473         0,775 / 2,473         0,775 / 2,473       ms
[40,482s][info ][gc,stats       ]    Subphase: Concurrent Roots OopStorageSet                0,026 / 0,033         0,060 / 0,143         0,060 / 0,143         0,060 / 0,143       ms
[40,482s][info ][gc,stats       ]    Subphase: Concurrent Weak Roots OopStorageSet           0,470 / 0,781         0,651 / 2,088         0,651 / 2,088         0,651 / 2,088       ms
[40,482s][info ][gc,stats       ]    Subphase: Pause Mark Try Complete                       0,000 / 0,000         0,073 / 0,134         0,073 / 0,134         0,073 / 0,134       ms
[40,482s][info ][gc,stats       ]      System: Java Threads                                     40 / 42               36 / 42               36 / 42               36 / 42          threads
[40,482s][info ][gc,stats       ] =========================================================================================================================================================
[40,482s][debug][gc,director    ] Select GC Workers (Try Lowering), AvoidLongGCWorkers: 0,046, AvoidOOMGCWorkers: 0,617, NextAvoidOOMGCWorkers: 0,167, LastGCWorkers: 2,000, GCWorkers: 1,000
[40,482s][debug][gc,director    ] Rule: Allocation Rate (Dynamic GC Workers), MaxAllocRate: 4280,3MB/s (+/-7,4%), Free: 3432MB, GCCPUTime: 0,462, GCDuration: 0,462s, TimeUntilOOM: 0,747s, TimeUntilGC: 0,184s, GCWorkers: 2 -> 1
[40,482s][debug][gc,director    ] Rule: High Usage, Free: 3432MB(27,9%)
[40,482s][debug][gc,director    ] Rule: Proactive, AcceptableGCInterval: 4,667s, TimeSinceLastGC: 2,328s, TimeUntilGC: 2,339s
[40,581s][debug][gc,alloc       ] Allocation Rate: 3278,0MB/s, Predicted: 3351,1MB/s, Avg: 3434,2(+/-258,4)MB/s
[40,581s][debug][gc,director    ] Select GC Workers (Try Lowering), AvoidLongGCWorkers: 0,046, AvoidOOMGCWorkers: 0,657, NextAvoidOOMGCWorkers: 0,164, LastGCWorkers: 2,000, GCWorkers: 1,000
[40,581s][debug][gc,director    ] Rule: Allocation Rate (Dynamic GC Workers), MaxAllocRate: 4284,5MB/s (+/-7,5%), Free: 3234MB, GCCPUTime: 0,462, GCDuration: 0,462s, TimeUntilOOM: 0,702s, TimeUntilGC: 0,140s, GCWorkers: 2 -> 1
[40,581s][debug][gc,director    ] Rule: High Usage, Free: 3234MB(26,3%)
[40,581s][debug][gc,director    ] Rule: Proactive, AcceptableGCInterval: 4,667s, TimeSinceLastGC: 2,427s, TimeUntilGC: 2,240s
[40,682s][debug][gc,alloc       ] Allocation Rate: 3266,0MB/s, Predicted: 3260,8MB/s, Avg: 3426,0(+/-262,3)MB/s
[40,682s][debug][gc,director    ] Select GC Workers (Try Lowering), AvoidLongGCWorkers: 0,046, AvoidOOMGCWorkers: 0,705, NextAvoidOOMGCWorkers: 0,161, LastGCWorkers: 2,000, GCWorkers: 1,000
[40,682s][debug][gc,director    ] Rule: Allocation Rate (Dynamic GC Workers), MaxAllocRate: 4289,1MB/s (+/-7,7%), Free: 3020MB, GCCPUTime: 0,462, GCDuration: 0,462s, TimeUntilOOM: 0,654s, TimeUntilGC: 0,092s, GCWorkers: 2 -> 1
[40,682s][debug][gc,director    ] Rule: High Usage, Free: 3020MB(24,6%)
[40,682s][debug][gc,director    ] Rule: Proactive, AcceptableGCInterval: 4,667s, TimeSinceLastGC: 2,527s, TimeUntilGC: 2,140s
[40,782s][debug][gc,alloc       ] Allocation Rate: 3640,0MB/s, Predicted: 3415,7MB/s, Avg: 3421,4(+/-258,1)MB/s
[40,782s][debug][gc,director    ] Select GC Workers (Normal), AvoidLongGCWorkers: 0,046, AvoidOOMGCWorkers: 1,020, LastGCWorkers: 2,000, GCWorkers: 1,020
[40,782s][debug][gc,director    ] Rule: Allocation Rate (Dynamic GC Workers), MaxAllocRate: 4270,6MB/s (+/-7,5%), Free: 2082MB, GCCPUTime: 0,462, GCDuration: 0,233s, TimeUntilOOM: 0,453s, TimeUntilGC: 0,121s, GCWorkers: 2 -> 2
[40,782s][debug][gc,director    ] Rule: High Usage, Free: 2082MB(16,9%)
[40,782s][debug][gc,director    ] Rule: Proactive, AcceptableGCInterval: 4,667s, TimeSinceLastGC: 2,627s, TimeUntilGC: 2,040s
[40,882s][debug][gc,alloc       ] Allocation Rate: 3178,0MB/s, Predicted: 3332,9MB/s, Avg: 3391,6(+/-267,1)MB/s
[40,882s][debug][gc,director    ] Select GC Workers (Normal), AvoidLongGCWorkers: 0,046, AvoidOOMGCWorkers: 1,050, LastGCWorkers: 2,000, GCWorkers: 1,050
[40,882s][debug][gc,director    ] Rule: Allocation Rate (Dynamic GC Workers), MaxAllocRate: 4270,5MB/s (+/-7,9%), Free: 2028MB, GCCPUTime: 0,462, GCDuration: 0,233s, TimeUntilOOM: 0,440s, TimeUntilGC: 0,107s, GCWorkers: 2 -> 2
[40,882s][debug][gc,director    ] Rule: High Usage, Free: 2028MB(16,5%)
[40,882s][debug][gc,director    ] Rule: Proactive, AcceptableGCInterval: 4,667s, TimeSinceLastGC: 2,728s, TimeUntilGC: 1,939s
[40,982s][debug][gc,alloc       ] Allocation Rate: 3248,0MB/s, Predicted: 3246,8MB/s, Avg: 3388,0(+/-268,8)MB/s
[40,982s][debug][gc,director    ] Select GC Workers (Normal), AvoidLongGCWorkers: 0,046, AvoidOOMGCWorkers: 1,180, LastGCWorkers: 2,000, GCWorkers: 1,180
[40,982s][debug][gc,director    ] Rule: Allocation Rate (Dynamic GC Workers), MaxAllocRate: 4272,3MB/s (+/-7,9%), Free: 1808MB, GCCPUTime: 0,462, GCDuration: 0,233s, TimeUntilOOM: 0,392s, TimeUntilGC: 0,059s, GCWorkers: 2 -> 2
[40,982s][debug][gc,director    ] Rule: High Usage, Free: 1808MB(14,7%)
[40,982s][debug][gc,director    ] Rule: Proactive, AcceptableGCInterval: 4,667s, TimeSinceLastGC: 2,827s, TimeUntilGC: 1,840s
[41,082s][debug][gc,alloc       ] Allocation Rate: 3238,0MB/s, Predicted: 3179,9MB/s, Avg: 3375,6(+/-272,5)MB/s
[41,082s][debug][gc,director    ] Select GC Workers (Normal), AvoidLongGCWorkers: 0,046, AvoidOOMGCWorkers: 1,337, LastGCWorkers: 2,000, GCWorkers: 1,337
[41,082s][debug][gc,director    ] Rule: Allocation Rate (Dynamic GC Workers), MaxAllocRate: 4272,3MB/s (+/-8,1%), Free: 1600MB, GCCPUTime: 0,462, GCDuration: 0,233s, TimeUntilOOM: 0,347s, TimeUntilGC: 0,014s, GCWorkers: 2 -> 2
[41,082s][debug][gc,director    ] Rule: High Usage, Free: 1600MB(13,0%)
[41,082s][debug][gc,director    ] Rule: Proactive, AcceptableGCInterval: 4,667s, TimeSinceLastGC: 2,927s, TimeUntilGC: 1,740s
[41,185s][debug][gc,alloc       ] Allocation Rate: 3392,0MB/s, Predicted: 3180,7MB/s, Avg: 3379,4(+/-272,4)MB/s
[41,185s][debug][gc,director    ] Select GC Workers (Normal), AvoidLongGCWorkers: 0,046, AvoidOOMGCWorkers: 1,769, LastGCWorkers: 2,000, GCWorkers: 1,769
[41,185s][debug][gc,director    ] Rule: Allocation Rate (Dynamic GC Workers), MaxAllocRate: 4275,9MB/s (+/-8,1%), Free: 1214MB, GCCPUTime: 0,462, GCDuration: 0,233s, TimeUntilOOM: 0,263s, TimeUntilGC: -0,070s, GCWorkers: 2 -> 2
[41,185s][debug][gc,heap        ] GC(13) Heap before GC invocations=13 (full 13):
[41,185s][debug][gc,heap        ] GC(13)  ZHeap           used 11034M, capacity 11088M, max capacity 12288M
[41,186s][debug][gc,heap        ] GC(13)  Metaspace       used 31543K, committed 31936K, reserved 1114112K
[41,186s][debug][gc,heap        ] GC(13)   class space    used 3443K, committed 3648K, reserved 1048576K
[41,186s][info ][gc,start       ] GC(13) Garbage Collection (Allocation Rate)
[41,186s][info ][gc,task        ] GC(13) Using 2 workers
[41,188s][debug][gc,jni         ] Setting _needs_gc. Thread "VM Thread" 2 locked.
[41,188s][debug][gc,jni         ] Performing GC after exiting critical section. Thread "ForkJoinPool.commonPool-worker-16" 0 locked.
[41,188s][debug][gc             ] GC(13) GC Locker Stall (XDriver) 0,148ms
[41,188s][debug][gc,phases,start] GC(13) Pause Mark Start
[41,188s][debug][gc,marking     ] GC(13) Using 2 mark stripes
[41,188s][debug][gc,marking     ] GC(13) Mark Worker/Stripe Distribution
[41,188s][debug][gc,marking     ] GC(13)   Worker 0(2) -> Stripe 0(2)
[41,188s][debug][gc,marking     ] GC(13)   Worker 1(2) -> Stripe 1(2)
[41,188s][info ][gc,phases      ] GC(13) Pause Mark Start 0,040ms
[41,188s][debug][gc,phases,start] GC(13) Concurrent Mark
[41,188s][debug][gc,task        ] GC(13) Executing Task: XMarkRootsTask, Active Workers: 2
[41,189s][debug][gc,tlab        ] GC(13) TLAB totals: thrds: 27  refills: 40712 max: 20660 slow allocs: 8964 max 617 waste:  2,0% gc: 3552560B max: 262072B slow: 196834680B max: 30325704B
[41,189s][debug][gc,task        ] GC(13) Executing Task: XMarkTask, Active Workers: 2
[41,282s][debug][gc,alloc       ] Allocation Rate: 2930,0MB/s, Predicted: 3192,5MB/s, Avg: 3262,6(+/-170,7)MB/s
[41,375s][info ][gc,phases      ] GC(13) Concurrent Mark 187,049ms
[41,376s][debug][gc,phases,start] GC(13) Pause Mark End
[41,376s][info ][gc,phases      ] GC(13) Pause Mark End 0,030ms
[41,376s][debug][gc,phases,start] GC(13) Concurrent Mark Free
[41,376s][info ][gc,phases      ] GC(13) Concurrent Mark Free 0,020ms
[41,376s][debug][gc,phases,start] GC(13) Concurrent Process Non-Strong References
[41,376s][debug][gc,phases,start] GC(13) Concurrent References Process
[41,376s][debug][gc,task        ] GC(13) Executing Task: XReferenceProcessorTask, Active Workers: 2
[41,378s][debug][gc,phases      ] GC(13) Concurrent References Process 2,397ms
[41,378s][debug][gc,task        ] GC(13) Executing Task: XProcessWeakRootsTask, Active Workers: 2
[41,379s][debug][gc,phases,start] GC(13) Concurrent Classes Unlink
[41,379s][debug][gc,phases,start] GC(13) ClassLoaderData
[41,379s][debug][gc,phases      ] GC(13) ClassLoaderData 0,024ms
[41,379s][debug][gc,phases,start] GC(13) Trigger cleanups
[41,379s][debug][gc,phases      ] GC(13) Trigger cleanups 0,005ms
[41,379s][debug][gc,task        ] GC(13) Executing Task: XNMethodUnlinkTask, Active Workers: 2
[41,381s][debug][gc,phases      ] GC(13) Concurrent Classes Unlink 2,178ms
[41,381s][debug][gc,phases,start] GC(13) Concurrent Classes Purge
[41,381s][debug][gc,nmethod     ] GC(13) Unregister NMethod: java.util.concurrent.atomic.AtomicLong.incrementAndGet (0x000070b043f7e290)
[41,381s][debug][gc,nmethod     ] GC(13) Unregister NMethod: io.sirix.node.HashEntryNode.getKind (0x000070b043fe9990)
[41,381s][debug][gc,nmethod     ] GC(13) Unregister NMethod: io.sirix.axis.pathsummary.LevelOrderSettingInMemoryInstancesAxis.getRightSibling (0x000070b043a73b90)
[41,381s][debug][gc,nmethod     ] GC(13) Unregister NMethod: java.lang.invoke.VarHandleByteArrayAsInts$ArrayHandle.set (0x000070b043fd8810)
[41,381s][debug][gc,nmethod     ] GC(13) Unregister NMethod: io.sirix.node.NodeKind.deserializeStructDel (0x000070b043f34a10)
[41,381s][debug][gc,nmethod     ] GC(13) Unregister NMethod: java.util.concurrent.atomic.AtomicLong.compareAndSet (0x000070b0441d0f90)
[41,381s][debug][gc,nmethod     ] GC(13) Unregister NMethod: io.sirix.node.NodeKind$13.deserialize (0x000070b044105310)
[41,381s][debug][gc,nmethod     ] GC(13) Unregister NMethod: io.sirix.node.NodeKind.deserializeNodeDelegateWithoutIDs (0x000070b043b90790)
[41,381s][debug][gc,nmethod     ] GC(13) Unregister NMethod: it.unimi.dsi.fastutil.ints.Int2LongOpenHashMap.insert (0x000070b043f50890)
[41,381s][debug][gc,nmethod     ] GC(13) Unregister NMethod: io.sirix.page.SerializationType$1.deserializeFullReferencesPage (0x000070b04414a790)
[41,381s][debug][gc,nmethod     ] GC(13) Unregister NMethod: java.util.concurrent.ForkJoinPool.scan (0x000070b043b73a90)
[41,381s][debug][gc,nmethod     ] GC(13) Unregister NMethod: it.unimi.dsi.fastutil.ints.Int2IntOpenHashMap.put (0x000070b043fc7f10)
[41,381s][debug][gc,nmethod     ] GC(13) Unregister NMethod: io.sirix.index.path.summary.PathSummaryReader$$Lambda/0x000000003d386928.apply (0x000070b04410b790)
[41,381s][debug][gc,nmethod     ] GC(13) Unregister NMethod: java.util.ArrayList$ArrayListSpliterator.trySplit (0x000070b043b14490)
[41,381s][debug][gc,nmethod     ] GC(13) Unregister NMethod: net.jpountz.lz4.LZ4BlockInputStream.refill (0x000070b043a65790)
[41,381s][debug][gc,nmethod     ] GC(13) Unregister NMethod: io.sirix.access.trx.page.NodePageReadOnlyTrx.getDataRecord (0x000070b04424d690)
[41,381s][debug][gc,nmethod     ] GC(13) Unregister NMethod: net.openhft.chronicle.bytes.RandomDataInput.readUnsignedByte (0x000070b044252d90)
[41,381s][debug][gc,nmethod     ] GC(13) Unregister NMethod: org.magicwerk.brownies.collections.IList$Iter.hasNext (0x000070b043ffe190)
[41,381s][debug][gc,nmethod     ] GC(13) Unregister NMethod: it.unimi.dsi.fastutil.ints.Int2ObjectOpenHashMap.put (0x000070b043a85c90)
[41,381s][debug][gc,phases      ] GC(13) Concurrent Classes Purge 0,139ms
[41,381s][debug][gc,phases,start] GC(13) Concurrent References Enqueue
[41,381s][debug][gc,phases      ] GC(13) Concurrent References Enqueue 0,007ms
[41,381s][info ][gc,phases      ] GC(13) Concurrent Process Non-Strong References 5,262ms
[41,381s][debug][gc,phases,start] GC(13) Concurrent Reset Relocation Set
[41,381s][info ][gc,phases      ] GC(13) Concurrent Reset Relocation Set 0,071ms
[41,381s][debug][gc,phases,start] GC(13) Concurrent Select Relocation Set
[41,382s][debug][gc,alloc       ] Allocation Rate: 3194,0MB/s, Predicted: 3136,1MB/s, Avg: 3266,6(+/-168,6)MB/s
[41,382s][debug][gc,task        ] GC(13) Executing Task: XRelocationSetInstallTask, Active Workers: 2
[41,383s][info ][gc,phases      ] GC(13) Concurrent Select Relocation Set 1,480ms
[41,383s][debug][gc,phases,start] GC(13) Pause Relocate Start
[41,383s][info ][gc,phases      ] GC(13) Pause Relocate Start 0,025ms
[41,383s][debug][gc,phases,start] GC(13) Concurrent Relocate
[41,383s][debug][gc,task        ] GC(13) Executing Task: XRelocateTask, Active Workers: 2
[41,387s][info ][gc,phases      ] GC(13) Concurrent Relocate 4,211ms
[41,387s][debug][gc,heap        ] GC(13) Heap after GC invocations=14 (full 14):
[41,387s][debug][gc,heap        ] GC(13)  ZHeap           used 1416M, capacity 11750M, max capacity 12288M
[41,387s][debug][gc,heap        ] GC(13)  Metaspace       used 31543K, committed 31936K, reserved 1114112K
[41,387s][debug][gc,heap        ] GC(13)   class space    used 3443K, committed 3648K, reserved 1048576K
[41,387s][info ][gc,load        ] GC(13) Load: 3,63/5,35/3,23
[41,387s][info ][gc,mmu         ] GC(13) MMU: 2ms/82,6%, 5ms/93,1%, 10ms/96,5%, 20ms/97,9%, 50ms/99,1%, 100ms/99,6%
[41,387s][info ][gc,marking     ] GC(13) Mark: 2 stripe(s), 2 proactive flush(es), 1 terminate flush(es), 0 completion(s), 0 continuation(s) 
[41,387s][info ][gc,marking     ] GC(13) Mark Stack Usage: 32M
[41,387s][info ][gc,nmethod     ] GC(13) NMethods: 3869 registered, 1254 unregistered
[41,387s][info ][gc,metaspace   ] GC(13) Metaspace: 30M used, 31M committed, 1088M reserved
[41,387s][info ][gc,ref         ] GC(13) Soft: 3931 encountered, 0 discovered, 0 enqueued
[41,387s][info ][gc,ref         ] GC(13) Weak: 1939 encountered, 178 discovered, 0 enqueued
[41,387s][info ][gc,ref         ] GC(13) Final: 13086 encountered, 13078 discovered, 13072 enqueued
[41,387s][info ][gc,ref         ] GC(13) Phantom: 606 encountered, 458 discovered, 204 enqueued
[41,387s][info ][gc,reloc       ] GC(13) Small Pages: 5522 / 11044M, Empty: 4814M, Relocated: 12M, In-Place: 0
[41,387s][info ][gc,reloc       ] GC(13) Medium Pages: 1 / 32M, Empty: 0M, Relocated: 0M, In-Place: 0
[41,387s][info ][gc,reloc       ] GC(13) Large Pages: 0 / 0M, Empty: 0M, Relocated: 0M, In-Place: 0
[41,387s][info ][gc,reloc       ] GC(13) Forwarding Usage: 2M
[41,387s][info ][gc,heap        ] GC(13) Min Capacity: 5120M(42%)
[41,387s][info ][gc,heap        ] GC(13) Max Capacity: 12288M(100%)
[41,387s][info ][gc,heap        ] GC(13) Soft Max Capacity: 12288M(100%)
[41,387s][info ][gc,heap        ] GC(13)                Mark Start          Mark End        Relocate Start      Relocate End           High               Low         
[41,387s][info ][gc,heap        ] GC(13)  Capacity:    11088M (90%)       11748M (96%)       11750M (96%)       11750M (96%)       11750M (96%)       11088M (90%)    
[41,387s][info ][gc,heap        ] GC(13)      Free:     1212M (10%)         540M (4%)         5352M (44%)       10872M (88%)       10872M (88%)         538M (4%)     
[41,387s][info ][gc,heap        ] GC(13)      Used:    11076M (90%)       11748M (96%)        6936M (56%)        1416M (12%)       11750M (96%)        1416M (12%)    
[41,387s][info ][gc,heap        ] GC(13)      Live:         -               542M (4%)          542M (4%)          542M (4%)             -                  -          
[41,387s][info ][gc,heap        ] GC(13) Allocated:         -               672M (5%)          674M (5%)          673M (5%)             -                  -          
[41,387s][info ][gc,heap        ] GC(13)   Garbage:         -             10533M (86%)        5719M (47%)         200M (2%)             -                  -          
[41,387s][info ][gc,heap        ] GC(13) Reclaimed:         -                  -              4814M (39%)       10333M (84%)            -                  -          
[41,387s][info ][gc             ] GC(13) Garbage Collection (Allocation Rate) 11076M(90%)->1416M(12%)
[41,482s][debug][gc,alloc       ] Allocation Rate: 3030,0MB/s, Predicted: 3050,9MB/s, Avg: 3239,4(+/-182,1)MB/s
[41,482s][debug][gc,director    ] Select GC Workers (Try Lowering), AvoidLongGCWorkers: 0,048, AvoidOOMGCWorkers: 0,180, NextAvoidOOMGCWorkers: 0,199, LastGCWorkers: 2,000, GCWorkers: 1,000
[41,482s][debug][gc,director    ] Rule: Allocation Rate (Dynamic GC Workers), MaxAllocRate: 3838,5MB/s (+/-5,6%), Free: 10792MB, GCCPUTime: 0,487, GCDuration: 0,487s, TimeUntilOOM: 2,662s, TimeUntilGC: 2,075s, GCWorkers: 2 -> 1
[41,482s][debug][gc,director    ] Rule: High Usage, Free: 10792MB(87,8%)
[41,482s][debug][gc,director    ] Rule: Proactive, UsedUntilEnabled: 1190MB, TimeUntilEnabled: 299,905s
[41,581s][debug][gc,alloc       ] Allocation Rate: 3024,0MB/s, Predicted: 2975,1MB/s, Avg: 3214,0(+/-192,3)MB/s
[41,581s][debug][gc,director    ] Select GC Workers (Try Lowering), AvoidLongGCWorkers: 0,048, AvoidOOMGCWorkers: 0,185, NextAvoidOOMGCWorkers: 0,196, LastGCWorkers: 2,000, GCWorkers: 1,000
[41,581s][debug][gc,director    ] Rule: Allocation Rate (Dynamic GC Workers), MaxAllocRate: 3846,9MB/s (+/-6,0%), Free: 10600MB, GCCPUTime: 0,487, GCDuration: 0,487s, TimeUntilOOM: 2,600s, TimeUntilGC: 2,013s, GCWorkers: 2 -> 1
[41,581s][debug][gc,director    ] Rule: High Usage, Free: 10600MB(86,3%)
[41,581s][debug][gc,director    ] Rule: Proactive, UsedUntilEnabled: 998MB, TimeUntilEnabled: 299,806s
[41,681s][debug][gc,alloc       ] Allocation Rate: 3034,0MB/s, Predicted: 2916,9MB/s, Avg: 3190,8(+/-198,5)MB/s
[41,681s][debug][gc,director    ] Select GC Workers (Try Lowering), AvoidLongGCWorkers: 0,048, AvoidOOMGCWorkers: 0,189, NextAvoidOOMGCWorkers: 0,192, LastGCWorkers: 2,000, GCWorkers: 1,000
[41,681s][debug][gc,director    ] Rule: Allocation Rate (Dynamic GC Workers), MaxAllocRate: 3844,1MB/s (+/-6,2%), Free: 10376MB, GCCPUTime: 0,487, GCDuration: 0,487s, TimeUntilOOM: 2,541s, TimeUntilGC: 1,954s, GCWorkers: 2 -> 1
[41,681s][debug][gc,director    ] Rule: High Usage, Free: 10376MB(84,4%)
[41,681s][debug][gc,director    ] Rule: Proactive, UsedUntilEnabled: 774MB, TimeUntilEnabled: 299,706s
[41,782s][debug][gc,alloc       ] Allocation Rate: 2330,0MB/s, Predicted: 2692,4MB/s, Avg: 3059,8(+/-276,0)MB/s
[41,782s][debug][gc,director    ] Select GC Workers (Try Lowering), AvoidLongGCWorkers: 0,048, AvoidOOMGCWorkers: 0,205, NextAvoidOOMGCWorkers: 0,200, LastGCWorkers: 2,000, GCWorkers: 1,000
[41,782s][debug][gc,director    ] Rule: Allocation Rate (Dynamic GC Workers), MaxAllocRate: 3968,0MB/s (+/-9,0%), Free: 10142MB, GCCPUTime: 0,487, GCDuration: 0,487s, TimeUntilOOM: 2,344s, TimeUntilGC: 1,757s, GCWorkers: 2 -> 1
[41,782s][debug][gc,director    ] Rule: High Usage, Free: 10142MB(82,5%)
[41,782s][debug][gc,director    ] Rule: Proactive, UsedUntilEnabled: 540MB, TimeUntilEnabled: 299,605s
[41,882s][debug][gc,alloc       ] Allocation Rate: 3164,0MB/s, Predicted: 2765,6MB/s, Avg: 3058,4(+/-275,4)MB/s
[41,882s][debug][gc,director    ] Select GC Workers (Try Lowering), AvoidLongGCWorkers: 0,048, AvoidOOMGCWorkers: 0,224, NextAvoidOOMGCWorkers: 0,209, LastGCWorkers: 2,000, GCWorkers: 1,000
[41,882s][debug][gc,director    ] Rule: Allocation Rate (Dynamic GC Workers), MaxAllocRate: 3964,7MB/s (+/-9,0%), Free: 9254MB, GCCPUTime: 0,487, GCDuration: 0,487s, TimeUntilOOM: 2,141s, TimeUntilGC: 1,554s, GCWorkers: 2 -> 1
[41,882s][debug][gc,director    ] Rule: High Usage, Free: 9254MB(75,3%)
[41,882s][debug][gc,director    ] Rule: Proactive, AcceptableGCInterval: 5,107s, TimeSinceLastGC: 0,495s, TimeUntilGC: 4,612s
[41,982s][debug][gc,alloc       ] Allocation Rate: 3032,0MB/s, Predicted: 2805,6MB/s, Avg: 3036,8(+/-268,1)MB/s
[41,982s][debug][gc,director    ] Select GC Workers (Try Lowering), AvoidLongGCWorkers: 0,048, AvoidOOMGCWorkers: 0,224, NextAvoidOOMGCWorkers: 0,200, LastGCWorkers: 2,000, GCWorkers: 1,000
[41,982s][debug][gc,director    ] Rule: Allocation Rate (Dynamic GC Workers), MaxAllocRate: 3919,0MB/s (+/-8,8%), Free: 9166MB, GCCPUTime: 0,487, GCDuration: 0,487s, TimeUntilOOM: 2,149s, TimeUntilGC: 1,562s, GCWorkers: 2 -> 1
[41,982s][debug][gc,director    ] Rule: High Usage, Free: 9166MB(74,6%)
[41,982s][debug][gc,director    ] Rule: Proactive, AcceptableGCInterval: 5,107s, TimeSinceLastGC: 0,595s, TimeUntilGC: 4,512s
[42,082s][debug][gc,alloc       ] Allocation Rate: 3054,0MB/s, Predicted: 2866,1MB/s, Avg: 3018,4(+/-259,8)MB/s
[42,082s][debug][gc,director    ] Select GC Workers (Try Lowering), AvoidLongGCWorkers: 0,048, AvoidOOMGCWorkers: 0,226, NextAvoidOOMGCWorkers: 0,194, LastGCWorkers: 2,000, GCWorkers: 1,000
[42,082s][debug][gc,director    ] Rule: Allocation Rate (Dynamic GC Workers), MaxAllocRate: 3873,4MB/s (+/-8,6%), Free: 8936MB, GCCPUTime: 0,487, GCDuration: 0,487s, TimeUntilOOM: 2,124s, TimeUntilGC: 1,537s, GCWorkers: 2 -> 1
[42,082s][debug][gc,director    ] Rule: High Usage, Free: 8936MB(72,7%)
[42,082s][debug][gc,director    ] Rule: Proactive, AcceptableGCInterval: 5,107s, TimeSinceLastGC: 0,695s, TimeUntilGC: 4,411s
[42,181s][debug][gc,alloc       ] Allocation Rate: 2896,0MB/s, Predicted: 2916,8MB/s, Avg: 2968,8(+/-229,3)MB/s
[42,181s][debug][gc,director    ] Select GC Workers (Try Lowering), AvoidLongGCWorkers: 0,048, AvoidOOMGCWorkers: 0,221, NextAvoidOOMGCWorkers: 0,183, LastGCWorkers: 2,000, GCWorkers: 1,000
[42,181s][debug][gc,director    ] Rule: Allocation Rate (Dynamic GC Workers), MaxAllocRate: 3723,5MB/s (+/-7,7%), Free: 8712MB, GCCPUTime: 0,487, GCDuration: 0,487s, TimeUntilOOM: 2,172s, TimeUntilGC: 1,585s, GCWorkers: 2 -> 1
[42,182s][debug][gc,director    ] Rule: High Usage, Free: 8712MB(70,9%)
[42,182s][debug][gc,director    ] Rule: Proactive, AcceptableGCInterval: 5,107s, TimeSinceLastGC: 0,795s, TimeUntilGC: 4,312s
[42,283s][debug][gc,alloc       ] Allocation Rate: 3364,0MB/s, Predicted: 3064,5MB/s, Avg: 3012,2(+/-257,3)MB/s
[42,283s][debug][gc,director    ] Select GC Workers (Try Lowering), AvoidLongGCWorkers: 0,048, AvoidOOMGCWorkers: 0,263, NextAvoidOOMGCWorkers: 0,202, LastGCWorkers: 2,000, GCWorkers: 1,000
[42,283s][debug][gc,director    ] Rule: Allocation Rate (Dynamic GC Workers), MaxAllocRate: 3911,1MB/s (+/-8,5%), Free: 7746MB, GCCPUTime: 0,487, GCDuration: 0,487s, TimeUntilOOM: 1,825s, TimeUntilGC: 1,238s, GCWorkers: 2 -> 1
[42,283s][debug][gc,director    ] Rule: High Usage, Free: 7746MB(63,0%)
[42,283s][debug][gc,director    ] Rule: Proactive, AcceptableGCInterval: 5,107s, TimeSinceLastGC: 0,896s, TimeUntilGC: 4,211s
[42,382s][debug][gc,alloc       ] Allocation Rate: 3152,0MB/s, Predicted: 3168,9MB/s, Avg: 3008,0(+/-254,6)MB/s
[42,382s][debug][gc,director    ] Select GC Workers (Try Lowering), AvoidLongGCWorkers: 0,048, AvoidOOMGCWorkers: 0,272, NextAvoidOOMGCWorkers: 0,198, LastGCWorkers: 2,000, GCWorkers: 1,000
[42,382s][debug][gc,director    ] Rule: Allocation Rate (Dynamic GC Workers), MaxAllocRate: 4006,7MB/s (+/-8,5%), Free: 7678MB, GCCPUTime: 0,487, GCDuration: 0,487s, TimeUntilOOM: 1,767s, TimeUntilGC: 1,180s, GCWorkers: 2 -> 1
[42,382s][debug][gc,director    ] Rule: High Usage, Free: 7678MB(62,5%)
[42,382s][debug][gc,director    ] Rule: Proactive, AcceptableGCInterval: 5,107s, TimeSinceLastGC: 0,995s, TimeUntilGC: 4,112s
[42,482s][debug][gc,alloc       ] Allocation Rate: 3246,0MB/s, Predicted: 3270,0MB/s, Avg: 3029,6(+/-264,5)MB/s
[42,482s][debug][gc,director    ] Select GC Workers (Try Lowering), AvoidLongGCWorkers: 0,048, AvoidOOMGCWorkers: 0,287, NextAvoidOOMGCWorkers: 0,197, LastGCWorkers: 2,000, GCWorkers: 1,000
[42,482s][debug][gc,director    ] Rule: Allocation Rate (Dynamic GC Workers), MaxAllocRate: 4140,4MB/s (+/-8,7%), Free: 7546MB, GCCPUTime: 0,487, GCDuration: 0,487s, TimeUntilOOM: 1,676s, TimeUntilGC: 1,089s, GCWorkers: 2 -> 1
[42,482s][debug][gc,director    ] Rule: High Usage, Free: 7546MB(61,4%)
[42,482s][debug][gc,director    ] Rule: Proactive, AcceptableGCInterval: 5,107s, TimeSinceLastGC: 1,095s, TimeUntilGC: 4,011s
[42,581s][debug][gc,alloc       ] Allocation Rate: 3248,0MB/s, Predicted: 3355,9MB/s, Avg: 3052,0(+/-272,4)MB/s
[42,581s][debug][gc,director    ] Select GC Workers (Try Lowering), AvoidLongGCWorkers: 0,048, AvoidOOMGCWorkers: 0,303, NextAvoidOOMGCWorkers: 0,197, LastGCWorkers: 2,000, GCWorkers: 1,000
[42,581s][debug][gc,director    ] Rule: Allocation Rate (Dynamic GC Workers), MaxAllocRate: 4252,4MB/s (+/-8,9%), Free: 7352MB, GCCPUTime: 0,487, GCDuration: 0,487s, TimeUntilOOM: 1,587s, TimeUntilGC: 1,000s, GCWorkers: 2 -> 1
[42,581s][debug][gc,director    ] Rule: High Usage, Free: 7352MB(59,8%)
[42,581s][debug][gc,director    ] Rule: Proactive, AcceptableGCInterval: 5,107s, TimeSinceLastGC: 1,194s, TimeUntilGC: 3,912s
[42,681s][debug][gc,alloc       ] Allocation Rate: 3230,0MB/s, Predicted: 3422,3MB/s, Avg: 3071,6(+/-277,5)MB/s
[42,682s][debug][gc,director    ] Select GC Workers (Try Lowering), AvoidLongGCWorkers: 0,048, AvoidOOMGCWorkers: 0,318, NextAvoidOOMGCWorkers: 0,195, LastGCWorkers: 2,000, GCWorkers: 1,000
[42,682s][debug][gc,director    ] Rule: Allocation Rate (Dynamic GC Workers), MaxAllocRate: 4335,2MB/s (+/-9,0%), Free: 7146MB, GCCPUTime: 0,487, GCDuration: 0,487s, TimeUntilOOM: 1,512s, TimeUntilGC: 0,925s, GCWorkers: 2 -> 1
[42,682s][debug][gc,director    ] Rule: High Usage, Free: 7146MB(58,2%)
[42,682s][debug][gc,director    ] Rule: Proactive, AcceptableGCInterval: 5,107s, TimeSinceLastGC: 1,295s, TimeUntilGC: 3,812s
[42,782s][debug][gc,alloc       ] Allocation Rate: 3896,0MB/s, Predicted: 3554,3MB/s, Avg: 3228,2(+/-255,8)MB/s
[42,782s][debug][gc,director    ] Select GC Workers (Try Lowering), AvoidLongGCWorkers: 0,048, AvoidOOMGCWorkers: 0,366, NextAvoidOOMGCWorkers: 0,202, LastGCWorkers: 2,000, GCWorkers: 1,000
[42,782s][debug][gc,director    ] Rule: Allocation Rate (Dynamic GC Workers), MaxAllocRate: 4395,9MB/s (+/-7,9%), Free: 6242MB, GCCPUTime: 0,487, GCDuration: 0,487s, TimeUntilOOM: 1,316s, TimeUntilGC: 0,729s, GCWorkers: 2 -> 1
[42,782s][debug][gc,director    ] Rule: High Usage, Free: 6242MB(50,8%)
[42,782s][debug][gc,director    ] Rule: Proactive, AcceptableGCInterval: 5,107s, TimeSinceLastGC: 1,395s, TimeUntilGC: 3,712s
[42,882s][debug][gc,alloc       ] Allocation Rate: 3142,0MB/s, Predicted: 3502,7MB/s, Avg: 3226,0(+/-256,4)MB/s
[42,882s][debug][gc,director    ] Select GC Workers (Try Lowering), AvoidLongGCWorkers: 0,048, AvoidOOMGCWorkers: 0,370, NextAvoidOOMGCWorkers: 0,195, LastGCWorkers: 2,000, GCWorkers: 1,000
[42,882s][debug][gc,director    ] Rule: Allocation Rate (Dynamic GC Workers), MaxAllocRate: 4346,4MB/s (+/-7,9%), Free: 6112MB, GCCPUTime: 0,487, GCDuration: 0,487s, TimeUntilOOM: 1,303s, TimeUntilGC: 0,716s, GCWorkers: 2 -> 1
[42,882s][debug][gc,director    ] Rule: High Usage, Free: 6112MB(49,7%)
[42,882s][debug][gc,director    ] Rule: Proactive, AcceptableGCInterval: 5,107s, TimeSinceLastGC: 1,495s, TimeUntilGC: 3,612s
[42,982s][debug][gc,alloc       ] Allocation Rate: 3204,0MB/s, Predicted: 3442,1MB/s, Avg: 3243,2(+/-248,5)MB/s
[42,982s][debug][gc,director    ] Select GC Workers (Try Lowering), AvoidLongGCWorkers: 0,048, AvoidOOMGCWorkers: 0,370, NextAvoidOOMGCWorkers: 0,188, LastGCWorkers: 2,000, GCWorkers: 1,000
[42,982s][debug][gc,director    ] Rule: Allocation Rate (Dynamic GC Workers), MaxAllocRate: 4259,7MB/s (+/-7,7%), Free: 5962MB, GCCPUTime: 0,487, GCDuration: 0,487s, TimeUntilOOM: 1,300s, TimeUntilGC: 0,713s, GCWorkers: 2 -> 1
[42,982s][debug][gc,director    ] Rule: High Usage, Free: 5962MB(48,5%)
[42,982s][debug][gc,director    ] Rule: Proactive, AcceptableGCInterval: 5,107s, TimeSinceLastGC: 1,595s, TimeUntilGC: 3,512s
[43,081s][debug][gc,alloc       ] Allocation Rate: 3196,0MB/s, Predicted: 3372,8MB/s, Avg: 3257,4(+/-241,2)MB/s
[43,081s][debug][gc,director    ] Select GC Workers (Try Lowering), AvoidLongGCWorkers: 0,048, AvoidOOMGCWorkers: 0,375, NextAvoidOOMGCWorkers: 0,182, LastGCWorkers: 2,000, GCWorkers: 1,000
[43,081s][debug][gc,director    ] Rule: Allocation Rate (Dynamic GC Workers), MaxAllocRate: 4166,5MB/s (+/-7,4%), Free: 5740MB, GCCPUTime: 0,487, GCDuration: 0,487s, TimeUntilOOM: 1,283s, TimeUntilGC: 0,696s, GCWorkers: 2 -> 1
[43,081s][debug][gc,director    ] Rule: High Usage, Free: 5740MB(46,7%)
[43,081s][debug][gc,director    ] Rule: Proactive, AcceptableGCInterval: 5,107s, TimeSinceLastGC: 1,694s, TimeUntilGC: 3,412s
[43,181s][debug][gc,alloc       ] Allocation Rate: 3184,0MB/s, Predicted: 3247,1MB/s, Avg: 3286,2(+/-211,7)MB/s
[43,182s][debug][gc,director    ] Select GC Workers (Try Lowering), AvoidLongGCWorkers: 0,048, AvoidOOMGCWorkers: 0,369, NextAvoidOOMGCWorkers: 0,174, LastGCWorkers: 2,000, GCWorkers: 1,000
[43,182s][debug][gc,director    ] Rule: Allocation Rate (Dynamic GC Workers), MaxAllocRate: 3982,9MB/s (+/-6,4%), Free: 5528MB, GCCPUTime: 0,487, GCDuration: 0,487s, TimeUntilOOM: 1,304s, TimeUntilGC: 0,717s, GCWorkers: 2 -> 1
[43,182s][debug][gc,director    ] Rule: High Usage, Free: 5528MB(45,0%)
[43,182s][debug][gc,director    ] Rule: Proactive, AcceptableGCInterval: 5,107s, TimeSinceLastGC: 1,795s, TimeUntilGC: 3,312s
[43,282s][debug][gc,alloc       ] Allocation Rate: 3188,0MB/s, Predicted: 3228,5MB/s, Avg: 3268,6(+/-211,8)MB/s
[43,282s][debug][gc,director    ] Select GC Workers (Try Lowering), AvoidLongGCWorkers: 0,048, AvoidOOMGCWorkers: 0,447, NextAvoidOOMGCWorkers: 0,182, LastGCWorkers: 2,000, GCWorkers: 1,000
[43,282s][debug][gc,director    ] Rule: Allocation Rate (Dynamic GC Workers), MaxAllocRate: 3965,7MB/s (+/-6,5%), Free: 4558MB, GCCPUTime: 0,487, GCDuration: 0,487s, TimeUntilOOM: 1,079s, TimeUntilGC: 0,492s, GCWorkers: 2 -> 1
[43,282s][debug][gc,director    ] Rule: High Usage, Free: 4558MB(37,1%)
[43,282s][debug][gc,director    ] Rule: Proactive, AcceptableGCInterval: 5,107s, TimeSinceLastGC: 1,895s, TimeUntilGC: 3,212s
[43,382s][debug][gc,alloc       ] Allocation Rate: 3158,0MB/s, Predicted: 3153,2MB/s, Avg: 3269,2(+/-211,5)MB/s
[43,382s][debug][gc,director    ] Select GC Workers (Try Lowering), AvoidLongGCWorkers: 0,048, AvoidOOMGCWorkers: 0,451, NextAvoidOOMGCWorkers: 0,176, LastGCWorkers: 2,000, GCWorkers: 1,000
[43,382s][debug][gc,director    ] Rule: Allocation Rate (Dynamic GC Workers), MaxAllocRate: 3965,2MB/s (+/-6,5%), Free: 4518MB, GCCPUTime: 0,487, GCDuration: 0,487s, TimeUntilOOM: 1,070s, TimeUntilGC: 0,483s, GCWorkers: 2 -> 1
[43,382s][debug][gc,director    ] Rule: High Usage, Free: 4518MB(36,8%)
[43,382s][debug][gc,director    ] Rule: Proactive, AcceptableGCInterval: 5,107s, TimeSinceLastGC: 1,995s, TimeUntilGC: 3,112s
[43,482s][debug][gc,alloc       ] Allocation Rate: 3242,0MB/s, Predicted: 3136,1MB/s, Avg: 3268,8(+/-211,6)MB/s
[43,482s][debug][gc,director    ] Select GC Workers (Try Lowering), AvoidLongGCWorkers: 0,048, AvoidOOMGCWorkers: 0,473, NextAvoidOOMGCWorkers: 0,173, LastGCWorkers: 2,000, GCWorkers: 1,000
[43,482s][debug][gc,director    ] Rule: Allocation Rate (Dynamic GC Workers), MaxAllocRate: 3965,0MB/s (+/-6,5%), Free: 4304MB, GCCPUTime: 0,487, GCDuration: 0,487s, TimeUntilOOM: 1,020s, TimeUntilGC: 0,433s, GCWorkers: 2 -> 1
[43,482s][debug][gc,director    ] Rule: High Usage, Free: 4304MB(35,0%)
[43,482s][debug][gc,director    ] Rule: Proactive, AcceptableGCInterval: 5,107s, TimeSinceLastGC: 2,095s, TimeUntilGC: 3,011s
[43,581s][debug][gc,alloc       ] Allocation Rate: 3276,0MB/s, Predicted: 3133,5MB/s, Avg: 3271,6(+/-211,5)MB/s
[43,581s][debug][gc,director    ] Select GC Workers (Try Lowering), AvoidLongGCWorkers: 0,048, AvoidOOMGCWorkers: 0,500, NextAvoidOOMGCWorkers: 0,170, LastGCWorkers: 2,000, GCWorkers: 1,000
[43,581s][debug][gc,director    ] Rule: Allocation Rate (Dynamic GC Workers), MaxAllocRate: 3967,4MB/s (+/-6,5%), Free: 4076MB, GCCPUTime: 0,487, GCDuration: 0,487s, TimeUntilOOM: 0,965s, TimeUntilGC: 0,378s, GCWorkers: 2 -> 1
[43,581s][debug][gc,director    ] Rule: High Usage, Free: 4076MB(33,2%)
[43,581s][debug][gc,director    ] Rule: Proactive, AcceptableGCInterval: 5,107s, TimeSinceLastGC: 2,194s, TimeUntilGC: 2,912s
[43,681s][debug][gc,alloc       ] Allocation Rate: 3268,0MB/s, Predicted: 3120,9MB/s, Avg: 3275,4(+/-211,0)MB/s
[43,682s][debug][gc,director    ] Select GC Workers (Try Lowering), AvoidLongGCWorkers: 0,048, AvoidOOMGCWorkers: 0,526, NextAvoidOOMGCWorkers: 0,167, LastGCWorkers: 2,000, GCWorkers: 1,000
[43,682s][debug][gc,director    ] Rule: Allocation Rate (Dynamic GC Workers), MaxAllocRate: 3969,8MB/s (+/-6,4%), Free: 3878MB, GCCPUTime: 0,487, GCDuration: 0,487s, TimeUntilOOM: 0,918s, TimeUntilGC: 0,331s, GCWorkers: 2 -> 1
[43,682s][debug][gc,director    ] Rule: High Usage, Free: 3878MB(31,6%)
[43,682s][debug][gc,director    ] Rule: Proactive, AcceptableGCInterval: 5,107s, TimeSinceLastGC: 2,295s, TimeUntilGC: 2,812s
[43,782s][debug][gc,alloc       ] Allocation Rate: 3264,0MB/s, Predicted: 3281,9MB/s, Avg: 3212,2(+/-45,1)MB/s
[43,782s][debug][gc,director    ] Select GC Workers (Try Lowering), AvoidLongGCWorkers: 0,048, AvoidOOMGCWorkers: 0,564, NextAvoidOOMGCWorkers: 0,165, LastGCWorkers: 2,000, GCWorkers: 1,000
[43,782s][debug][gc,director    ] Rule: Allocation Rate (Dynamic GC Workers), MaxAllocRate: 3430,2MB/s (+/-1,4%), Free: 2982MB, GCCPUTime: 0,487, GCDuration: 0,487s, TimeUntilOOM: 0,857s, TimeUntilGC: 0,270s, GCWorkers: 2 -> 1
[43,782s][debug][gc,director    ] Rule: High Usage, Free: 2982MB(24,3%)
[43,782s][debug][gc,director    ] Rule: Proactive, AcceptableGCInterval: 5,107s, TimeSinceLastGC: 2,395s, TimeUntilGC: 2,712s
[43,882s][debug][gc,alloc       ] Allocation Rate: 3232,0MB/s, Predicted: 3271,1MB/s, Avg: 3221,2(+/-38,7)MB/s
[43,882s][debug][gc,director    ] Select GC Workers (Try Lowering), AvoidLongGCWorkers: 0,048, AvoidOOMGCWorkers: 0,577, NextAvoidOOMGCWorkers: 0,160, LastGCWorkers: 2,000, GCWorkers: 1,000
[43,882s][debug][gc,director    ] Rule: Allocation Rate (Dynamic GC Workers), MaxAllocRate: 3398,4MB/s (+/-1,2%), Free: 2880MB, GCCPUTime: 0,487, GCDuration: 0,487s, TimeUntilOOM: 0,837s, TimeUntilGC: 0,250s, GCWorkers: 2 -> 1
[43,882s][debug][gc,director    ] Rule: High Usage, Free: 2880MB(23,4%)
[43,882s][debug][gc,director    ] Rule: Proactive, AcceptableGCInterval: 5,107s, TimeSinceLastGC: 2,495s, TimeUntilGC: 2,612s
[43,982s][debug][gc,alloc       ] Allocation Rate: 3312,0MB/s, Predicted: 3302,8MB/s, Avg: 3232,0(+/-46,7)MB/s
[43,982s][debug][gc,director    ] Select GC Workers (Try Lowering), AvoidLongGCWorkers: 0,048, AvoidOOMGCWorkers: 0,640, NextAvoidOOMGCWorkers: 0,159, LastGCWorkers: 2,000, GCWorkers: 1,000
[43,982s][debug][gc,director    ] Rule: Allocation Rate (Dynamic GC Workers), MaxAllocRate: 3456,3MB/s (+/-1,4%), Free: 2650MB, GCCPUTime: 0,487, GCDuration: 0,487s, TimeUntilOOM: 0,756s, TimeUntilGC: 0,169s, GCWorkers: 2 -> 1
[43,982s][debug][gc,director    ] Rule: High Usage, Free: 2650MB(21,6%)
[43,982s][debug][gc,director    ] Rule: Proactive, AcceptableGCInterval: 5,107s, TimeSinceLastGC: 2,595s, TimeUntilGC: 2,511s
[44,081s][debug][gc,alloc       ] Allocation Rate: 3316,0MB/s, Predicted: 3326,8MB/s, Avg: 3244,0(+/-51,1)MB/s
[44,081s][debug][gc,director    ] Select GC Workers (Try Lowering), AvoidLongGCWorkers: 0,048, AvoidOOMGCWorkers: 0,710, NextAvoidOOMGCWorkers: 0,158, LastGCWorkers: 2,000, GCWorkers: 1,000
[44,081s][debug][gc,director    ] Rule: Allocation Rate (Dynamic GC Workers), MaxAllocRate: 3494,9MB/s (+/-1,6%), Free: 2424MB, GCCPUTime: 0,487, GCDuration: 0,487s, TimeUntilOOM: 0,683s, TimeUntilGC: 0,096s, GCWorkers: 2 -> 1
[44,081s][debug][gc,director    ] Rule: High Usage, Free: 2424MB(19,7%)
[44,081s][debug][gc,director    ] Rule: Proactive, AcceptableGCInterval: 5,107s, TimeSinceLastGC: 2,694s, TimeUntilGC: 2,412s
[44,182s][debug][gc,alloc       ] Allocation Rate: 4096,0MB/s, Predicted: 3651,6MB/s, Avg: 3335,2(+/-257,9)MB/s
[44,182s][debug][gc,director    ] Select GC Workers (Normal), AvoidLongGCWorkers: 0,048, AvoidOOMGCWorkers: 1,668, LastGCWorkers: 2,000, GCWorkers: 1,668
[44,182s][debug][gc,director    ] Rule: Allocation Rate (Dynamic GC Workers), MaxAllocRate: 4500,3MB/s (+/-7,7%), Free: 1432MB, GCCPUTime: 0,487, GCDuration: 0,248s, TimeUntilOOM: 0,295s, TimeUntilGC: -0,052s, GCWorkers: 2 -> 2
[44,182s][debug][gc,heap        ] GC(14) Heap before GC invocations=14 (full 14):
[44,182s][debug][gc,heap        ] GC(14)  ZHeap           used 10814M, capacity 11750M, max capacity 12288M
[44,182s][debug][gc,heap        ] GC(14)  Metaspace       used 31581K, committed 32000K, reserved 1114112K
[44,182s][debug][gc,heap        ] GC(14)   class space    used 3443K, committed 3648K, reserved 1048576K
[44,183s][info ][gc,start       ] GC(14) Garbage Collection (Allocation Rate)
[44,183s][info ][gc,task        ] GC(14) Using 2 workers
[44,183s][debug][gc,phases,start] GC(14) Pause Mark Start
[44,183s][debug][gc,marking     ] GC(14) Using 2 mark stripes
[44,183s][debug][gc,marking     ] GC(14) Mark Worker/Stripe Distribution
[44,183s][debug][gc,marking     ] GC(14)   Worker 0(2) -> Stripe 0(2)
[44,183s][debug][gc,marking     ] GC(14)   Worker 1(2) -> Stripe 1(2)
[44,183s][info ][gc,phases      ] GC(14) Pause Mark Start 0,046ms
[44,183s][debug][gc,phases,start] GC(14) Concurrent Mark
[44,183s][debug][gc,task        ] GC(14) Executing Task: XMarkRootsTask, Active Workers: 2
[44,183s][debug][gc,tlab        ] GC(14) TLAB totals: thrds: 23  refills: 39646 max: 18093 slow allocs: 9516 max 704 waste:  2,1% gc: 2219936B max: 186776B slow: 208689232B max: 29389800B
[44,183s][debug][gc,task        ] GC(14) Executing Task: XMarkTask, Active Workers: 2
[44,281s][debug][gc,alloc       ] Allocation Rate: 3148,0MB/s, Predicted: 3537,5MB/s, Avg: 3331,2(+/-260,5)MB/s
[44,360s][info ][gc,phases      ] GC(14) Concurrent Mark 177,269ms
[44,360s][debug][gc,phases,start] GC(14) Pause Mark End
[44,360s][debug][gc,task        ] GC(14) Executing Task: XMarkTask, Active Workers: 2
[44,360s][debug][gc,marking     ] GC(14) Mark With Timeout (XWorker#2): Completed, 100 oops, 0,006ms
[44,360s][debug][gc,marking     ] GC(14) Mark With Timeout (XWorker#2): Completed, 1 oops, 0,000ms
[44,360s][info ][gc,phases      ] GC(14) Pause Mark End 0,220ms
[44,360s][debug][gc,phases,start] GC(14) Concurrent Mark Free
[44,360s][info ][gc,phases      ] GC(14) Concurrent Mark Free 0,021ms
[44,360s][debug][gc,phases,start] GC(14) Concurrent Process Non-Strong References
[44,360s][debug][gc,phases,start] GC(14) Concurrent References Process
[44,360s][debug][gc,task        ] GC(14) Executing Task: XReferenceProcessorTask, Active Workers: 2
[44,363s][debug][gc,phases      ] GC(14) Concurrent References Process 2,897ms
[44,363s][debug][gc,task        ] GC(14) Executing Task: XProcessWeakRootsTask, Active Workers: 2
[44,364s][debug][gc,phases,start] GC(14) Concurrent Classes Unlink
[44,364s][debug][gc,phases,start] GC(14) ClassLoaderData
[44,364s][debug][gc,phases      ] GC(14) ClassLoaderData 0,039ms
[44,364s][debug][gc,phases,start] GC(14) Trigger cleanups
[44,364s][debug][gc,phases      ] GC(14) Trigger cleanups 0,009ms
[44,364s][debug][gc,task        ] GC(14) Executing Task: XNMethodUnlinkTask, Active Workers: 2
[44,366s][debug][gc,phases      ] GC(14) Concurrent Classes Unlink 2,090ms
[44,366s][debug][gc,phases,start] GC(14) Concurrent Classes Purge
[44,366s][debug][gc,nmethod     ] GC(14) Unregister NMethod: java.nio.ByteBuffer.put (0x000070b043f2a210)
[44,366s][debug][gc,nmethod     ] GC(14) Unregister NMethod: io.sirix.index.path.summary.PathNode.getURIKey (0x000070b0440b2710)
[44,366s][debug][gc,nmethod     ] GC(14) Unregister NMethod: java.util.concurrent.atomic.AtomicLong.decrementAndGet (0x000070b043ae3c90)
[44,366s][debug][gc,nmethod     ] GC(14) Unregister NMethod: io.sirix.node.NodeSerializerImpl.deserialize (0x000070b043ea3590)
[44,366s][debug][gc,nmethod     ] GC(14) Unregister NMethod: org.magicwerk.brownies.collections.IList$Iter.next (0x000070b04403b710)
[44,366s][debug][gc,nmethod     ] GC(14) Unregister NMethod: io.sirix.access.trx.page.NodePageTrx.getName (0x000070b0440c6910)
[44,366s][debug][gc,nmethod     ] GC(14) Unregister NMethod: io.sirix.node.delegates.NameNodeDelegate.hashCode (0x000070b043f4e710)
[44,366s][debug][gc,nmethod     ] GC(14) Unregister NMethod: java.io.ByteArrayInputStream.close (0x000070b043b10e90)
[44,366s][debug][gc,nmethod     ] GC(14) Unregister NMethod: it.unimi.dsi.fastutil.ints.Int2LongOpenHashMap.put (0x000070b043f75510)
[44,366s][debug][gc,nmethod     ] GC(14) Unregister NMethod: io.sirix.index.path.summary.PathSummaryReader.getName (0x000070b043f3ae10)
[44,366s][debug][gc,nmethod     ] GC(14) Unregister NMethod: java.util.concurrent.ForkJoinPool.awaitWork (0x000070b043b70e90)
[44,366s][debug][gc,nmethod     ] GC(14) Unregister NMethod: io.sirix.page.SerializationType$1.deserializeFullReferencesPage (0x000070b063888810)
[44,366s][debug][gc,nmethod     ] GC(14) Unregister NMethod: java.util.concurrent.CountedCompleter.propagateCompletion (0x000070b043f65410)
[44,366s][debug][gc,nmethod     ] GC(14) Unregister NMethod: io.brackit.query.atomic.QNm.hashCode (0x000070b043a33b10)
[44,366s][debug][gc,nmethod     ] GC(14) Unregister NMethod: io.sirix.page.SerializationType$1.deserializeFullReferencesPage (0x000070b04401b910)
[44,366s][debug][gc,nmethod     ] GC(14) Unregister NMethod: io.sirix.node.delegates.NodeDelegate.hashCode (0x000070b0441bbe90)
[44,366s][debug][gc,nmethod     ] GC(14) Unregister NMethod: io.sirix.node.xml.AbstractStructForwardingNode.<init> (0x000070b043f48990)
[44,366s][debug][gc,nmethod     ] GC(14) Unregister NMethod: java.nio.ByteBuffer.putBuffer (0x000070b0441c1910)
[44,366s][debug][gc,nmethod     ] GC(14) Unregister NMethod: io.sirix.cache.TransactionIntentLog.clear (0x000070b04422f410)
[44,366s][debug][gc,nmethod     ] GC(14) Unregister NMethod: java.lang.StringBuilder.append (0x000070b043adde90)
[44,366s][debug][gc,phases      ] GC(14) Concurrent Classes Purge 0,228ms
[44,366s][debug][gc,phases,start] GC(14) Concurrent References Enqueue
[44,366s][debug][gc,phases      ] GC(14) Concurrent References Enqueue 0,010ms
[44,366s][info ][gc,phases      ] GC(14) Concurrent Process Non-Strong References 5,917ms
[44,366s][debug][gc,phases,start] GC(14) Concurrent Reset Relocation Set
[44,366s][info ][gc,phases      ] GC(14) Concurrent Reset Relocation Set 0,089ms
[44,366s][debug][gc,phases,start] GC(14) Concurrent Select Relocation Set
[44,368s][debug][gc,task        ] GC(14) Executing Task: XRelocationSetInstallTask, Active Workers: 2
[44,368s][info ][gc,phases      ] GC(14) Concurrent Select Relocation Set 2,010ms
[44,368s][debug][gc,phases,start] GC(14) Pause Relocate Start
[44,368s][info ][gc,phases      ] GC(14) Pause Relocate Start 0,021ms
[44,368s][debug][gc,phases,start] GC(14) Concurrent Relocate
[44,369s][debug][gc,task        ] GC(14) Executing Task: XRelocateTask, Active Workers: 2
[44,376s][info ][gc,phases      ] GC(14) Concurrent Relocate 7,967ms
[44,377s][debug][gc,heap        ] GC(14) Heap after GC invocations=15 (full 15):
[44,377s][debug][gc,heap        ] GC(14)  ZHeap           used 926M, capacity 11750M, max capacity 12288M
[44,377s][debug][gc,heap        ] GC(14)  Metaspace       used 31581K, committed 32000K, reserved 1114112K
[44,377s][debug][gc,heap        ] GC(14)   class space    used 3443K, committed 3648K, reserved 1048576K
[44,377s][info ][gc,load        ] GC(14) Load: 3,50/5,30/3,23
[44,377s][info ][gc,mmu         ] GC(14) MMU: 2ms/82,6%, 5ms/93,1%, 10ms/96,5%, 20ms/97,9%, 50ms/99,1%, 100ms/99,6%
[44,377s][info ][gc,marking     ] GC(14) Mark: 2 stripe(s), 2 proactive flush(es), 1 terminate flush(es), 1 completion(s), 0 continuation(s) 
[44,377s][info ][gc,marking     ] GC(14) Mark Stack Usage: 32M
[44,377s][info ][gc,nmethod     ] GC(14) NMethods: 3898 registered, 1274 unregistered
[44,377s][info ][gc,metaspace   ] GC(14) Metaspace: 30M used, 31M committed, 1088M reserved
[44,377s][info ][gc,ref         ] GC(14) Soft: 3931 encountered, 0 discovered, 0 enqueued
[44,377s][info ][gc,ref         ] GC(14) Weak: 1939 encountered, 236 discovered, 0 enqueued
[44,377s][info ][gc,ref         ] GC(14) Final: 14073 encountered, 14073 discovered, 14073 enqueued
[44,377s][info ][gc,ref         ] GC(14) Phantom: 576 encountered, 349 discovered, 174 enqueued
[44,377s][info ][gc,reloc       ] GC(14) Small Pages: 5391 / 10782M, Empty: 4124M, Relocated: 23M, In-Place: 0
[44,377s][info ][gc,reloc       ] GC(14) Medium Pages: 1 / 32M, Empty: 0M, Relocated: 0M, In-Place: 0
[44,377s][info ][gc,reloc       ] GC(14) Large Pages: 0 / 0M, Empty: 0M, Relocated: 0M, In-Place: 0
[44,377s][info ][gc,reloc       ] GC(14) Forwarding Usage: 3M
[44,377s][info ][gc,heap        ] GC(14) Min Capacity: 5120M(42%)
[44,377s][info ][gc,heap        ] GC(14) Max Capacity: 12288M(100%)
[44,377s][info ][gc,heap        ] GC(14) Soft Max Capacity: 12288M(100%)
[44,377s][info ][gc,heap        ] GC(14)                Mark Start          Mark End        Relocate Start      Relocate End           High               Low         
[44,377s][info ][gc,heap        ] GC(14)  Capacity:    11750M (96%)       11750M (96%)       11750M (96%)       11750M (96%)       11750M (96%)       11750M (96%)    
[44,377s][info ][gc,heap        ] GC(14)      Free:     1474M (12%)        1332M (11%)        5440M (44%)       11362M (92%)       11362M (92%)        1320M (11%)    
[44,377s][info ][gc,heap        ] GC(14)      Used:    10814M (88%)       10956M (89%)        6848M (56%)         926M (8%)        10968M (89%)         926M (8%)     
[44,377s][info ][gc,heap        ] GC(14)      Live:         -               555M (5%)          555M (5%)          555M (5%)             -                  -          
[44,377s][info ][gc,heap        ] GC(14) Allocated:         -               142M (1%)          158M (1%)          171M (1%)             -                  -          
[44,377s][info ][gc,heap        ] GC(14)   Garbage:         -             10258M (83%)        6134M (50%)         199M (2%)             -                  -          
[44,377s][info ][gc,heap        ] GC(14) Reclaimed:         -                  -              4124M (34%)       10059M (82%)            -                  -          
[44,377s][info ][gc             ] GC(14) Garbage Collection (Allocation Rate) 10814M(88%)->926M(8%)
[44,382s][debug][gc,alloc       ] Allocation Rate: 3270,0MB/s, Predicted: 3466,8MB/s, Avg: 3342,4(+/-255,1)MB/s
[44,382s][debug][gc,director    ] Select GC Workers (Try Lowering), AvoidLongGCWorkers: 0,044, AvoidOOMGCWorkers: 0,179, NextAvoidOOMGCWorkers: 0,206, LastGCWorkers: 2,000, GCWorkers: 1,000
[44,382s][debug][gc,director    ] Rule: Allocation Rate (Dynamic GC Workers), MaxAllocRate: 4306,3MB/s (+/-7,6%), Free: 11310MB, GCCPUTime: 0,443, GCDuration: 0,443s, TimeUntilOOM: 2,440s, TimeUntilGC: 1,897s, GCWorkers: 2 -> 1
[44,382s][debug][gc,director    ] Rule: High Usage, Free: 11310MB(92,0%)
[44,382s][debug][gc,director    ] Rule: Proactive, UsedUntilEnabled: 1218MB, TimeUntilEnabled: 299,995s
[44,482s][debug][gc,alloc       ] Allocation Rate: 3280,0MB/s, Predicted: 3415,1MB/s, Avg: 3346,2(+/-253,9)MB/s
[44,482s][debug][gc,director    ] Select GC Workers (Try Lowering), AvoidLongGCWorkers: 0,044, AvoidOOMGCWorkers: 0,181, NextAvoidOOMGCWorkers: 0,198, LastGCWorkers: 2,000, GCWorkers: 1,000
[44,482s][debug][gc,director    ] Rule: Allocation Rate (Dynamic GC Workers), MaxAllocRate: 4250,5MB/s (+/-7,6%), Free: 11084MB, GCCPUTime: 0,443, GCDuration: 0,443s, TimeUntilOOM: 2,424s, TimeUntilGC: 1,881s, GCWorkers: 2 -> 1
[44,482s][debug][gc,director    ] Rule: High Usage, Free: 11084MB(90,2%)
[44,482s][debug][gc,director    ] Rule: Proactive, UsedUntilEnabled: 992MB, TimeUntilEnabled: 299,895s
[44,582s][debug][gc,alloc       ] Allocation Rate: 3278,0MB/s, Predicted: 3369,1MB/s, Avg: 3346,4(+/-253,8)MB/s
[44,582s][debug][gc,director    ] Select GC Workers (Try Lowering), AvoidLongGCWorkers: 0,044, AvoidOOMGCWorkers: 0,182, NextAvoidOOMGCWorkers: 0,191, LastGCWorkers: 2,000, GCWorkers: 1,000
[44,582s][debug][gc,director    ] Rule: Allocation Rate (Dynamic GC Workers), MaxAllocRate: 4204,3MB/s (+/-7,6%), Free: 10858MB, GCCPUTime: 0,443, GCDuration: 0,443s, TimeUntilOOM: 2,400s, TimeUntilGC: 1,857s, GCWorkers: 2 -> 1
[44,582s][debug][gc,director    ] Rule: High Usage, Free: 10858MB(88,4%)
[44,582s][debug][gc,director    ] Rule: Proactive, UsedUntilEnabled: 766MB, TimeUntilEnabled: 299,795s
[44,682s][debug][gc,alloc       ] Allocation Rate: 4036,0MB/s, Predicted: 3624,0MB/s, Avg: 3423,2(+/-324,8)MB/s
[44,682s][debug][gc,director    ] Select GC Workers (Try Lowering), AvoidLongGCWorkers: 0,044, AvoidOOMGCWorkers: 0,227, NextAvoidOOMGCWorkers: 0,229, LastGCWorkers: 2,000, GCWorkers: 1,000
[44,682s][debug][gc,director    ] Rule: Allocation Rate (Dynamic GC Workers), MaxAllocRate: 4692,7MB/s (+/-9,5%), Free: 9902MB, GCCPUTime: 0,443, GCDuration: 0,443s, TimeUntilOOM: 1,927s, TimeUntilGC: 1,384s, GCWorkers: 2 -> 1
[44,682s][debug][gc,director    ] Rule: High Usage, Free: 9902MB(80,6%)
[44,682s][debug][gc,director    ] Rule: Proactive, AcceptableGCInterval: 4,590s, TimeSinceLastGC: 0,306s, TimeUntilGC: 4,284s
[44,781s][debug][gc,alloc       ] Allocation Rate: 3184,0MB/s, Predicted: 3485,9MB/s, Avg: 3415,2(+/-329,5)MB/s
[44,781s][debug][gc,director    ] Select GC Workers (Try Lowering), AvoidLongGCWorkers: 0,044, AvoidOOMGCWorkers: 0,223, NextAvoidOOMGCWorkers: 0,213, LastGCWorkers: 2,000, GCWorkers: 1,000
[44,781s][debug][gc,director    ] Rule: Allocation Rate (Dynamic GC Workers), MaxAllocRate: 4570,2MB/s (+/-9,6%), Free: 9858MB, GCCPUTime: 0,443, GCDuration: 0,443s, TimeUntilOOM: 1,967s, TimeUntilGC: 1,424s, GCWorkers: 2 -> 1
[44,781s][debug][gc,director    ] Rule: High Usage, Free: 9858MB(80,2%)
[44,781s][debug][gc,director    ] Rule: Proactive, AcceptableGCInterval: 4,590s, TimeSinceLastGC: 0,405s, TimeUntilGC: 4,185s
[44,881s][debug][gc,alloc       ] Allocation Rate: 3272,0MB/s, Predicted: 3379,7MB/s, Avg: 3419,2(+/-327,5)MB/s
[44,881s][debug][gc,director    ] Select GC Workers (Try Lowering), AvoidLongGCWorkers: 0,044, AvoidOOMGCWorkers: 0,223, NextAvoidOOMGCWorkers: 0,204, LastGCWorkers: 2,000, GCWorkers: 1,000
[44,881s][debug][gc,director    ] Rule: Allocation Rate (Dynamic GC Workers), MaxAllocRate: 4496,9MB/s (+/-9,6%), Free: 9668MB, GCCPUTime: 0,443, GCDuration: 0,443s, TimeUntilOOM: 1,962s, TimeUntilGC: 1,419s, GCWorkers: 2 -> 1
[44,881s][debug][gc,director    ] Rule: High Usage, Free: 9668MB(78,7%)
[44,881s][debug][gc,director    ] Rule: Proactive, AcceptableGCInterval: 4,590s, TimeSinceLastGC: 0,505s, TimeUntilGC: 4,085s
[44,982s][debug][gc,alloc       ] Allocation Rate: 3272,0MB/s, Predicted: 3292,3MB/s, Avg: 3415,2(+/-329,1)MB/s
[44,982s][debug][gc,director    ] Select GC Workers (Try Lowering), AvoidLongGCWorkers: 0,044, AvoidOOMGCWorkers: 0,229, NextAvoidOOMGCWorkers: 0,199, LastGCWorkers: 2,000, GCWorkers: 1,000
[44,982s][debug][gc,director    ] Rule: Allocation Rate (Dynamic GC Workers), MaxAllocRate: 4498,0MB/s (+/-9,6%), Free: 9438MB, GCCPUTime: 0,443, GCDuration: 0,443s, TimeUntilOOM: 1,914s, TimeUntilGC: 1,371s, GCWorkers: 2 -> 1
[44,982s][debug][gc,director    ] Rule: High Usage, Free: 9438MB(76,8%)
[44,982s][debug][gc,director    ] Rule: Proactive, AcceptableGCInterval: 4,590s, TimeSinceLastGC: 0,605s, TimeUntilGC: 3,985s
[45,082s][debug][gc,alloc       ] Allocation Rate: 3238,0MB/s, Predicted: 3194,9MB/s, Avg: 3407,4(+/-332,2)MB/s
[45,082s][debug][gc,director    ] Select GC Workers (Try Lowering), AvoidLongGCWorkers: 0,044, AvoidOOMGCWorkers: 0,234, NextAvoidOOMGCWorkers: 0,194, LastGCWorkers: 2,000, GCWorkers: 1,000
[45,082s][debug][gc,director    ] Rule: Allocation Rate (Dynamic GC Workers), MaxAllocRate: 4500,6MB/s (+/-9,8%), Free: 9246MB, GCCPUTime: 0,443, GCDuration: 0,443s, TimeUntilOOM: 1,872s, TimeUntilGC: 1,329s, GCWorkers: 2 -> 1
[45,082s][debug][gc,director    ] Rule: High Usage, Free: 9246MB(75,2%)
[45,082s][debug][gc,director    ] Rule: Proactive, AcceptableGCInterval: 4,590s, TimeSinceLastGC: 0,705s, TimeUntilGC: 3,885s
[45,182s][debug][gc,alloc       ] Allocation Rate: 3164,0MB/s, Predicted: 3281,2MB/s, Avg: 3314,2(+/-245,3)MB/s
[45,182s][debug][gc,director    ] Select GC Workers (Try Lowering), AvoidLongGCWorkers: 0,044, AvoidOOMGCWorkers: 0,233, NextAvoidOOMGCWorkers: 0,185, LastGCWorkers: 2,000, GCWorkers: 1,000
[45,182s][debug][gc,director    ] Rule: Allocation Rate (Dynamic GC Workers), MaxAllocRate: 4121,5MB/s (+/-7,4%), Free: 8328MB, GCCPUTime: 0,443, GCDuration: 0,443s, TimeUntilOOM: 1,881s, TimeUntilGC: 1,338s, GCWorkers: 2 -> 1
[45,182s][debug][gc,director    ] Rule: High Usage, Free: 8328MB(67,8%)
[45,182s][debug][gc,director    ] Rule: Proactive, AcceptableGCInterval: 4,590s, TimeSinceLastGC: 0,805s, TimeUntilGC: 3,785s
[45,282s][debug][gc,alloc       ] Allocation Rate: 3268,0MB/s, Predicted: 3218,4MB/s, Avg: 3326,2(+/-239,8)MB/s
[45,282s][debug][gc,director    ] Select GC Workers (Try Lowering), AvoidLongGCWorkers: 0,044, AvoidOOMGCWorkers: 0,236, NextAvoidOOMGCWorkers: 0,179, LastGCWorkers: 2,000, GCWorkers: 1,000
[45,282s][debug][gc,director    ] Rule: Allocation Rate (Dynamic GC Workers), MaxAllocRate: 4115,2MB/s (+/-7,2%), Free: 8202MB, GCCPUTime: 0,443, GCDuration: 0,443s, TimeUntilOOM: 1,859s, TimeUntilGC: 1,316s, GCWorkers: 2 -> 1
[45,282s][debug][gc,director    ] Rule: High Usage, Free: 8202MB(66,7%)
[45,282s][debug][gc,director    ] Rule: Proactive, AcceptableGCInterval: 4,590s, TimeSinceLastGC: 0,905s, TimeUntilGC: 3,685s
[45,382s][debug][gc,alloc       ] Allocation Rate: 3326,0MB/s, Predicted: 3203,3MB/s, Avg: 3331,8(+/-239,1)MB/s
[45,382s][debug][gc,director    ] Select GC Workers (Try Lowering), AvoidLongGCWorkers: 0,044, AvoidOOMGCWorkers: 0,242, NextAvoidOOMGCWorkers: 0,175, LastGCWorkers: 2,000, GCWorkers: 1,000
[45,382s][debug][gc,director    ] Rule: Allocation Rate (Dynamic GC Workers), MaxAllocRate: 4118,5MB/s (+/-7,2%), Free: 7984MB, GCCPUTime: 0,443, GCDuration: 0,443s, TimeUntilOOM: 1,809s, TimeUntilGC: 1,266s, GCWorkers: 2 -> 1
[45,382s][debug][gc,director    ] Rule: High Usage, Free: 7984MB(65,0%)
[45,382s][debug][gc,director    ] Rule: Proactive, AcceptableGCInterval: 4,590s, TimeSinceLastGC: 1,006s, TimeUntilGC: 3,584s
[45,481s][debug][gc,alloc       ] Allocation Rate: 3324,0MB/s, Predicted: 3186,4MB/s, Avg: 3336,2(+/-238,5)MB/s
[45,481s][debug][gc,director    ] Select GC Workers (Try Lowering), AvoidLongGCWorkers: 0,044, AvoidOOMGCWorkers: 0,249, NextAvoidOOMGCWorkers: 0,172, LastGCWorkers: 2,000, GCWorkers: 1,000
[45,481s][debug][gc,director    ] Rule: Allocation Rate (Dynamic GC Workers), MaxAllocRate: 4120,9MB/s (+/-7,1%), Free: 7758MB, GCCPUTime: 0,443, GCDuration: 0,443s, TimeUntilOOM: 1,757s, TimeUntilGC: 1,214s, GCWorkers: 2 -> 1
[45,481s][debug][gc,director    ] Rule: High Usage, Free: 7758MB(63,1%)
[45,481s][debug][gc,director    ] Rule: Proactive, AcceptableGCInterval: 4,590s, TimeSinceLastGC: 1,105s, TimeUntilGC: 3,485s
[45,581s][debug][gc,alloc       ] Allocation Rate: 4090,0MB/s, Predicted: 3472,4MB/s, Avg: 3417,4(+/-326,7)MB/s
[45,581s][debug][gc,director    ] Select GC Workers (Try Lowering), AvoidLongGCWorkers: 0,044, AvoidOOMGCWorkers: 0,323, NextAvoidOOMGCWorkers: 0,195, LastGCWorkers: 2,000, GCWorkers: 1,000
[45,581s][debug][gc,director    ] Rule: Allocation Rate (Dynamic GC Workers), MaxAllocRate: 4547,6MB/s (+/-9,6%), Free: 6768MB, GCCPUTime: 0,443, GCDuration: 0,443s, TimeUntilOOM: 1,358s, TimeUntilGC: 0,815s, GCWorkers: 2 -> 1
[45,581s][debug][gc,director    ] Rule: High Usage, Free: 6768MB(55,1%)
[45,581s][debug][gc,director    ] Rule: Proactive, AcceptableGCInterval: 4,590s, TimeSinceLastGC: 1,205s, TimeUntilGC: 3,385s
[45,682s][debug][gc,alloc       ] Allocation Rate: 3176,0MB/s, Predicted: 3540,8MB/s, Avg: 3331,4(+/-258,7)MB/s
[45,682s][debug][gc,director    ] Select GC Workers (Try Lowering), AvoidLongGCWorkers: 0,044, AvoidOOMGCWorkers: 0,309, NextAvoidOOMGCWorkers: 0,182, LastGCWorkers: 2,000, GCWorkers: 1,000
[45,682s][debug][gc,director    ] Rule: Allocation Rate (Dynamic GC Workers), MaxAllocRate: 4392,1MB/s (+/-7,8%), Free: 6726MB, GCCPUTime: 0,443, GCDuration: 0,443s, TimeUntilOOM: 1,421s, TimeUntilGC: 0,878s, GCWorkers: 2 -> 1
[45,682s][debug][gc,director    ] Rule: High Usage, Free: 6726MB(54,7%)
[45,682s][debug][gc,director    ] Rule: Proactive, AcceptableGCInterval: 4,590s, TimeSinceLastGC: 1,305s, TimeUntilGC: 3,285s
[45,782s][debug][gc,alloc       ] Allocation Rate: 3354,0MB/s, Predicted: 3510,5MB/s, Avg: 3348,4(+/-254,0)MB/s
[45,782s][debug][gc,director    ] Select GC Workers (Try Lowering), AvoidLongGCWorkers: 0,044, AvoidOOMGCWorkers: 0,315, NextAvoidOOMGCWorkers: 0,177, LastGCWorkers: 2,000, GCWorkers: 1,000
[45,782s][debug][gc,director    ] Rule: Allocation Rate (Dynamic GC Workers), MaxAllocRate: 4346,3MB/s (+/-7,6%), Free: 6504MB, GCCPUTime: 0,443, GCDuration: 0,443s, TimeUntilOOM: 1,391s, TimeUntilGC: 0,848s, GCWorkers: 2 -> 1
[45,782s][debug][gc,director    ] Rule: High Usage, Free: 6504MB(52,9%)
[45,782s][debug][gc,director    ] Rule: Proactive, AcceptableGCInterval: 4,590s, TimeSinceLastGC: 1,405s, TimeUntilGC: 3,185s
[45,882s][debug][gc,alloc       ] Allocation Rate: 3392,0MB/s, Predicted: 3507,6MB/s, Avg: 3360,4(+/-252,9)MB/s
[45,882s][debug][gc,director    ] Select GC Workers (Try Lowering), AvoidLongGCWorkers: 0,044, AvoidOOMGCWorkers: 0,326, NextAvoidOOMGCWorkers: 0,173, LastGCWorkers: 2,000, GCWorkers: 1,000
[45,882s][debug][gc,director    ] Rule: Allocation Rate (Dynamic GC Workers), MaxAllocRate: 4339,9MB/s (+/-7,5%), Free: 6276MB, GCCPUTime: 0,443, GCDuration: 0,443s, TimeUntilOOM: 1,345s, TimeUntilGC: 0,802s, GCWorkers: 2 -> 1
[45,882s][debug][gc,director    ] Rule: High Usage, Free: 6276MB(51,1%)
[45,882s][debug][gc,director    ] Rule: Proactive, AcceptableGCInterval: 4,590s, TimeSinceLastGC: 1,506s, TimeUntilGC: 3,084s
[45,981s][debug][gc,alloc       ] Allocation Rate: 3514,0MB/s, Predicted: 3545,5MB/s, Avg: 3384,6(+/-254,9)MB/s
[45,981s][debug][gc,director    ] Select GC Workers (Try Lowering), AvoidLongGCWorkers: 0,044, AvoidOOMGCWorkers: 0,349, NextAvoidOOMGCWorkers: 0,172, LastGCWorkers: 2,000, GCWorkers: 1,000
[45,981s][debug][gc,director    ] Rule: Allocation Rate (Dynamic GC Workers), MaxAllocRate: 4384,2MB/s (+/-7,5%), Free: 5922MB, GCCPUTime: 0,443, GCDuration: 0,443s, TimeUntilOOM: 1,256s, TimeUntilGC: 0,713s, GCWorkers: 2 -> 1
[45,981s][debug][gc,director    ] Rule: High Usage, Free: 5922MB(48,2%)
[45,981s][debug][gc,director    ] Rule: Proactive, AcceptableGCInterval: 4,590s, TimeSinceLastGC: 1,605s, TimeUntilGC: 2,985s
[46,082s][debug][gc,alloc       ] Allocation Rate: 4058,0MB/s, Predicted: 3775,7MB/s, Avg: 3466,6(+/-318,5)MB/s
[46,082s][debug][gc,director    ] Select GC Workers (Try Lowering), AvoidLongGCWorkers: 0,044, AvoidOOMGCWorkers: 0,446, NextAvoidOOMGCWorkers: 0,185, LastGCWorkers: 2,000, GCWorkers: 1,000
[46,082s][debug][gc,director    ] Rule: Allocation Rate (Dynamic GC Workers), MaxAllocRate: 4823,8MB/s (+/-9,2%), Free: 5188MB, GCCPUTime: 0,443, GCDuration: 0,443s, TimeUntilOOM: 0,985s, TimeUntilGC: 0,442s, GCWorkers: 2 -> 1
[46,082s][debug][gc,director    ] Rule: High Usage, Free: 5188MB(42,2%)
[46,082s][debug][gc,director    ] Rule: Proactive, AcceptableGCInterval: 4,590s, TimeSinceLastGC: 1,705s, TimeUntilGC: 2,885s
[46,182s][debug][gc,alloc       ] Allocation Rate: 3312,0MB/s, Predicted: 3633,2MB/s, Avg: 3481,4(+/-307,3)MB/s
[46,182s][debug][gc,director    ] Select GC Workers (Try Lowering), AvoidLongGCWorkers: 0,044, AvoidOOMGCWorkers: 0,443, NextAvoidOOMGCWorkers: 0,177, LastGCWorkers: 2,000, GCWorkers: 1,000
[46,182s][debug][gc,director    ] Rule: Allocation Rate (Dynamic GC Workers), MaxAllocRate: 4644,5MB/s (+/-8,8%), Free: 5016MB, GCCPUTime: 0,443, GCDuration: 0,443s, TimeUntilOOM: 0,992s, TimeUntilGC: 0,449s, GCWorkers: 2 -> 1
[46,182s][debug][gc,director    ] Rule: High Usage, Free: 5016MB(40,8%)
[46,182s][debug][gc,director    ] Rule: Proactive, AcceptableGCInterval: 4,590s, TimeSinceLastGC: 1,805s, TimeUntilGC: 2,785s
[46,282s][debug][gc,alloc       ] Allocation Rate: 3418,0MB/s, Predicted: 3550,9MB/s, Avg: 3496,4(+/-300,1)MB/s
[46,282s][debug][gc,director    ] Select GC Workers (Try Lowering), AvoidLongGCWorkers: 0,044, AvoidOOMGCWorkers: 0,453, NextAvoidOOMGCWorkers: 0,171, LastGCWorkers: 2,000, GCWorkers: 1,000
[46,282s][debug][gc,director    ] Rule: Allocation Rate (Dynamic GC Workers), MaxAllocRate: 4538,5MB/s (+/-8,6%), Free: 4784MB, GCCPUTime: 0,443, GCDuration: 0,443s, TimeUntilOOM: 0,971s, TimeUntilGC: 0,428s, GCWorkers: 2 -> 1
[46,282s][debug][gc,director    ] Rule: High Usage, Free: 4784MB(38,9%)
[46,282s][debug][gc,director    ] Rule: Proactive, AcceptableGCInterval: 4,590s, TimeSinceLastGC: 1,905s, TimeUntilGC: 2,685s
[46,382s][debug][gc,alloc       ] Allocation Rate: 3430,0MB/s, Predicted: 3478,9MB/s, Avg: 3506,8(+/-295,8)MB/s
[46,382s][debug][gc,director    ] Select GC Workers (Try Lowering), AvoidLongGCWorkers: 0,044, AvoidOOMGCWorkers: 0,469, NextAvoidOOMGCWorkers: 0,167, LastGCWorkers: 2,000, GCWorkers: 1,000
[46,382s][debug][gc,director    ] Rule: Allocation Rate (Dynamic GC Workers), MaxAllocRate: 4480,2MB/s (+/-8,4%), Free: 4554MB, GCCPUTime: 0,443, GCDuration: 0,443s, TimeUntilOOM: 0,937s, TimeUntilGC: 0,394s, GCWorkers: 2 -> 1
[46,382s][debug][gc,director    ] Rule: High Usage, Free: 4554MB(37,1%)
[46,382s][debug][gc,director    ] Rule: Proactive, AcceptableGCInterval: 4,590s, TimeSinceLastGC: 2,006s, TimeUntilGC: 2,584s
[46,481s][debug][gc,alloc       ] Allocation Rate: 4134,0MB/s, Predicted: 3681,1MB/s, Avg: 3587,8(+/-342,0)MB/s
[46,481s][debug][gc,director    ] Select GC Workers (Try Lowering), AvoidLongGCWorkers: 0,044, AvoidOOMGCWorkers: 0,640, NextAvoidOOMGCWorkers: 0,177, LastGCWorkers: 2,000, GCWorkers: 1,000
[46,481s][debug][gc,director    ] Rule: Allocation Rate (Dynamic GC Workers), MaxAllocRate: 4806,3MB/s (+/-9,5%), Free: 3626MB, GCCPUTime: 0,443, GCDuration: 0,443s, TimeUntilOOM: 0,689s, TimeUntilGC: 0,146s, GCWorkers: 2 -> 1
[46,481s][debug][gc,director    ] Rule: High Usage, Free: 3626MB(29,5%)
[46,481s][debug][gc,director    ] Rule: Proactive, AcceptableGCInterval: 4,590s, TimeSinceLastGC: 2,105s, TimeUntilGC: 2,485s
[46,582s][debug][gc,alloc       ] Allocation Rate: 3258,0MB/s, Predicted: 3683,1MB/s, Avg: 3504,6(+/-309,3)MB/s
[46,582s][debug][gc,director    ] Select GC Workers (Try Lowering), AvoidLongGCWorkers: 0,044, AvoidOOMGCWorkers: 0,642, NextAvoidOOMGCWorkers: 0,170, LastGCWorkers: 2,000, GCWorkers: 1,000
[46,582s][debug][gc,director    ] Rule: Allocation Rate (Dynamic GC Workers), MaxAllocRate: 4700,9MB/s (+/-8,8%), Free: 3510MB, GCCPUTime: 0,443, GCDuration: 0,443s, TimeUntilOOM: 0,686s, TimeUntilGC: 0,143s, GCWorkers: 2 -> 1
[46,582s][debug][gc,director    ] Rule: High Usage, Free: 3510MB(28,6%)
[46,582s][debug][gc,director    ] Rule: Proactive, AcceptableGCInterval: 4,590s, TimeSinceLastGC: 2,205s, TimeUntilGC: 2,385s
[46,682s][debug][gc,alloc       ] Allocation Rate: 3452,0MB/s, Predicted: 3574,4MB/s, Avg: 3532,2(+/-290,5)MB/s
[46,682s][debug][gc,director    ] Select GC Workers (Try Lowering), AvoidLongGCWorkers: 0,044, AvoidOOMGCWorkers: 0,660, NextAvoidOOMGCWorkers: 0,165, LastGCWorkers: 2,000, GCWorkers: 1,000
[46,682s][debug][gc,director    ] Rule: Allocation Rate (Dynamic GC Workers), MaxAllocRate: 4530,3MB/s (+/-8,2%), Free: 3274MB, GCCPUTime: 0,443, GCDuration: 0,443s, TimeUntilOOM: 0,668s, TimeUntilGC: 0,125s, GCWorkers: 2 -> 1
[46,682s][debug][gc,director    ] Rule: High Usage, Free: 3274MB(26,6%)
[46,682s][debug][gc,director    ] Rule: Proactive, AcceptableGCInterval: 4,590s, TimeSinceLastGC: 2,305s, TimeUntilGC: 2,285s
[46,782s][debug][gc,alloc       ] Allocation Rate: 3464,0MB/s, Predicted: 3499,6MB/s, Avg: 3543,2(+/-285,6)MB/s
[46,782s][debug][gc,director    ] Select GC Workers (Try Lowering), AvoidLongGCWorkers: 0,044, AvoidOOMGCWorkers: 0,703, NextAvoidOOMGCWorkers: 0,161, LastGCWorkers: 2,000, GCWorkers: 1,000
[46,782s][debug][gc,director    ] Rule: Allocation Rate (Dynamic GC Workers), MaxAllocRate: 4483,0MB/s (+/-8,1%), Free: 3040MB, GCCPUTime: 0,443, GCDuration: 0,443s, TimeUntilOOM: 0,628s, TimeUntilGC: 0,085s, GCWorkers: 2 -> 1
[46,782s][debug][gc,director    ] Rule: High Usage, Free: 3040MB(24,7%)
[46,782s][debug][gc,director    ] Rule: Proactive, AcceptableGCInterval: 4,590s, TimeSinceLastGC: 2,406s, TimeUntilGC: 2,185s
[46,881s][debug][gc,alloc       ] Allocation Rate: 4212,0MB/s, Predicted: 3726,8MB/s, Avg: 3625,2(+/-342,5)MB/s
[46,881s][debug][gc,director    ] Select GC Workers (Normal), AvoidLongGCWorkers: 0,044, AvoidOOMGCWorkers: 1,143, LastGCWorkers: 2,000, GCWorkers: 1,143
[46,881s][debug][gc,director    ] Rule: Allocation Rate (Dynamic GC Workers), MaxAllocRate: 4853,7MB/s (+/-9,4%), Free: 2064MB, GCCPUTime: 0,443, GCDuration: 0,225s, TimeUntilOOM: 0,389s, TimeUntilGC: 0,064s, GCWorkers: 2 -> 2
[46,881s][debug][gc,director    ] Rule: High Usage, Free: 2064MB(16,8%)
[46,881s][debug][gc,director    ] Rule: Proactive, AcceptableGCInterval: 4,590s, TimeSinceLastGC: 2,505s, TimeUntilGC: 2,085s
[46,981s][debug][gc,alloc       ] Allocation Rate: 3922,0MB/s, Predicted: 3815,9MB/s, Avg: 3666,0(+/-351,0)MB/s
[46,981s][debug][gc,director    ] Select GC Workers (Normal), AvoidLongGCWorkers: 0,044, AvoidOOMGCWorkers: 1,209, LastGCWorkers: 2,000, GCWorkers: 1,209
[46,981s][debug][gc,director    ] Rule: Allocation Rate (Dynamic GC Workers), MaxAllocRate: 4970,8MB/s (+/-9,6%), Free: 2002MB, GCCPUTime: 0,443, GCDuration: 0,225s, TimeUntilOOM: 0,368s, TimeUntilGC: 0,043s, GCWorkers: 2 -> 2
[46,981s][debug][gc,director    ] Rule: High Usage, Free: 2002MB(16,3%)
[46,981s][debug][gc,director    ] Rule: Proactive, AcceptableGCInterval: 4,590s, TimeSinceLastGC: 2,605s, TimeUntilGC: 1,985s
[47,082s][debug][gc,alloc       ] Allocation Rate: 3406,0MB/s, Predicted: 3816,4MB/s, Avg: 3600,8(+/-332,2)MB/s
[47,082s][debug][gc,director    ] Select GC Workers (Normal), AvoidLongGCWorkers: 0,044, AvoidOOMGCWorkers: 1,341, LastGCWorkers: 2,000, GCWorkers: 1,341
[47,082s][debug][gc,director    ] Rule: Allocation Rate (Dynamic GC Workers), MaxAllocRate: 4909,4MB/s (+/-9,2%), Free: 1780MB, GCCPUTime: 0,443, GCDuration: 0,225s, TimeUntilOOM: 0,332s, TimeUntilGC: 0,007s, GCWorkers: 2 -> 2
[47,082s][debug][gc,director    ] Rule: High Usage, Free: 1780MB(14,5%)
[47,082s][debug][gc,director    ] Rule: Proactive, AcceptableGCInterval: 4,590s, TimeSinceLastGC: 2,705s, TimeUntilGC: 1,885s
[47,182s][debug][gc,alloc       ] Allocation Rate: 3464,0MB/s, Predicted: 3684,7MB/s, Avg: 3616,0(+/-321,9)MB/s
[47,182s][debug][gc,director    ] Select GC Workers (Normal), AvoidLongGCWorkers: 0,044, AvoidOOMGCWorkers: 1,485, LastGCWorkers: 2,000, GCWorkers: 1,485
[47,182s][debug][gc,director    ] Rule: Allocation Rate (Dynamic GC Workers), MaxAllocRate: 4744,0MB/s (+/-8,9%), Free: 1552MB, GCCPUTime: 0,443, GCDuration: 0,225s, TimeUntilOOM: 0,300s, TimeUntilGC: -0,024s, GCWorkers: 2 -> 2
[47,182s][debug][gc,heap        ] GC(15) Heap before GC invocations=15 (full 15):
[47,182s][debug][gc,heap        ] GC(15)  ZHeap           used 10694M, capacity 11750M, max capacity 12288M
[47,182s][debug][gc,heap        ] GC(15)  Metaspace       used 31586K, committed 32000K, reserved 1114112K
[47,182s][debug][gc,heap        ] GC(15)   class space    used 3443K, committed 3648K, reserved 1048576K
[47,182s][info ][gc,start       ] GC(15) Garbage Collection (Allocation Rate)
[47,182s][info ][gc,task        ] GC(15) Using 2 workers
[47,182s][debug][gc,phases,start] GC(15) Pause Mark Start
[47,182s][debug][gc,marking     ] GC(15) Using 2 mark stripes
[47,182s][debug][gc,marking     ] GC(15) Mark Worker/Stripe Distribution
[47,182s][debug][gc,marking     ] GC(15)   Worker 0(2) -> Stripe 0(2)
[47,182s][debug][gc,marking     ] GC(15)   Worker 1(2) -> Stripe 1(2)
[47,183s][info ][gc,phases      ] GC(15) Pause Mark Start 0,421ms
[47,183s][debug][gc,phases,start] GC(15) Concurrent Mark
[47,183s][debug][gc,task        ] GC(15) Executing Task: XMarkRootsTask, Active Workers: 2
[47,183s][debug][gc,tlab        ] GC(15) TLAB totals: thrds: 25  refills: 39193 max: 19954 slow allocs: 8479 max 610 waste:  1,9% gc: 2334856B max: 252896B slow: 189267904B max: 30272488B
[47,183s][debug][gc,task        ] GC(15) Executing Task: XMarkTask, Active Workers: 2
[47,283s][debug][gc,alloc       ] Allocation Rate: 3760,0MB/s, Predicted: 3689,5MB/s, Avg: 3650,2(+/-317,2)MB/s
[47,326s][info ][gc,phases      ] GC(15) Concurrent Mark 143,783ms
[47,326s][debug][gc,phases,start] GC(15) Pause Mark End
[47,326s][info ][gc,phases      ] GC(15) Pause Mark End 0,023ms
[47,327s][debug][gc,phases,start] GC(15) Concurrent Mark Free
[47,327s][info ][gc,phases      ] GC(15) Concurrent Mark Free 0,022ms
[47,327s][debug][gc,phases,start] GC(15) Concurrent Process Non-Strong References
[47,327s][debug][gc,phases,start] GC(15) Concurrent References Process
[47,327s][debug][gc,task        ] GC(15) Executing Task: XReferenceProcessorTask, Active Workers: 2
[47,329s][debug][gc,phases      ] GC(15) Concurrent References Process 2,232ms
[47,329s][debug][gc,task        ] GC(15) Executing Task: XProcessWeakRootsTask, Active Workers: 2
[47,329s][debug][gc,phases,start] GC(15) Concurrent Classes Unlink
[47,329s][debug][gc,phases,start] GC(15) ClassLoaderData
[47,329s][debug][gc,phases      ] GC(15) ClassLoaderData 0,027ms
[47,329s][debug][gc,phases,start] GC(15) Trigger cleanups
[47,329s][debug][gc,phases      ] GC(15) Trigger cleanups 0,006ms
[47,329s][debug][gc,task        ] GC(15) Executing Task: XNMethodUnlinkTask, Active Workers: 2
[47,331s][debug][gc,phases      ] GC(15) Concurrent Classes Unlink 2,004ms
[47,331s][debug][gc,phases,start] GC(15) Concurrent Classes Purge
[47,331s][debug][gc,nmethod     ] GC(15) Unregister NMethod: sun.nio.ch.IOUtil.acquireScope (0x000070b044098e10)
[47,331s][debug][gc,nmethod     ] GC(15) Unregister NMethod: java.util.concurrent.ForkJoinPool$WorkQueue.push (0x000070b0440fd210)
[47,331s][debug][gc,nmethod     ] GC(15) Unregister NMethod: sun.nio.fs.UnixPath.normalizeAndCheck (0x000070b043aff210)
[47,331s][debug][gc,nmethod     ] GC(15) Unregister NMethod: java.util.concurrent.ForkJoinPool$WorkQueue.unlockPhase (0x000070b043cc7810)
[47,331s][debug][gc,nmethod     ] GC(15) Unregister NMethod: io.sirix.access.trx.page.NodePageTrx$$Lambda/0x000000003d3592e8.accept (0x000070b0440c5810)
[47,331s][debug][gc,nmethod     ] GC(15) Unregister NMethod: java.lang.ref.Reference.processPendingReferences (0x000070b044148f10)
[47,331s][debug][gc,nmethod     ] GC(15) Unregister NMethod: io.sirix.cache.TransactionIntentLog.put (0x000070b043f07f10)
[47,331s][debug][gc,nmethod     ] GC(15) Unregister NMethod: it.unimi.dsi.fastutil.shorts.AbstractShortList.iterator (0x000070b04416c610)
[47,331s][debug][gc,nmethod     ] GC(15) Unregister NMethod: io.sirix.cache.TransactionIntentLog.clear (0x000070b043b46e10)
[47,331s][debug][gc,nmethod     ] GC(15) Unregister NMethod: io.sirix.index.path.summary.PathNode.hashCode (0x000070b043b3e210)
[47,331s][debug][gc,nmethod     ] GC(15) Unregister NMethod: java.util.ArrayList$ArrayListSpliterator.trySplit (0x000070b0442d0e90)
[47,331s][debug][gc,phases      ] GC(15) Concurrent Classes Purge 0,110ms
[47,331s][debug][gc,phases,start] GC(15) Concurrent References Enqueue
[47,331s][debug][gc,phases      ] GC(15) Concurrent References Enqueue 0,009ms
[47,331s][info ][gc,phases      ] GC(15) Concurrent Process Non-Strong References 4,816ms
[47,331s][debug][gc,phases,start] GC(15) Concurrent Reset Relocation Set
[47,332s][info ][gc,phases      ] GC(15) Concurrent Reset Relocation Set 0,095ms
[47,332s][debug][gc,phases,start] GC(15) Concurrent Select Relocation Set
[47,333s][debug][gc,task        ] GC(15) Executing Task: XRelocationSetInstallTask, Active Workers: 2
[47,333s][info ][gc,phases      ] GC(15) Concurrent Select Relocation Set 1,401ms
[47,333s][debug][gc,phases,start] GC(15) Pause Relocate Start
[47,333s][info ][gc,phases      ] GC(15) Pause Relocate Start 0,014ms
[47,333s][debug][gc,phases,start] GC(15) Concurrent Relocate
[47,333s][debug][gc,task        ] GC(15) Executing Task: XRelocateTask, Active Workers: 2
[47,337s][info ][gc,phases      ] GC(15) Concurrent Relocate 4,021ms
[47,337s][debug][gc,heap        ] GC(15) Heap after GC invocations=16 (full 16):
[47,337s][debug][gc,heap        ] GC(15)  ZHeap           used 1636M, capacity 11772M, max capacity 12288M
[47,337s][debug][gc,heap        ] GC(15)  Metaspace       used 31586K, committed 32000K, reserved 1114112K
[47,337s][debug][gc,heap        ] GC(15)   class space    used 3443K, committed 3648K, reserved 1048576K
[47,337s][info ][gc,load        ] GC(15) Load: 3,54/5,28/3,23
[47,337s][info ][gc,mmu         ] GC(15) MMU: 2ms/78,9%, 5ms/91,6%, 10ms/95,8%, 20ms/97,9%, 50ms/99,1%, 100ms/99,6%
[47,337s][info ][gc,marking     ] GC(15) Mark: 2 stripe(s), 10 proactive flush(es), 1 terminate flush(es), 0 completion(s), 0 continuation(s) 
[47,337s][info ][gc,marking     ] GC(15) Mark Stack Usage: 32M
[47,337s][info ][gc,nmethod     ] GC(15) NMethods: 3908 registered, 1285 unregistered
[47,337s][info ][gc,metaspace   ] GC(15) Metaspace: 30M used, 31M committed, 1088M reserved
[47,337s][info ][gc,ref         ] GC(15) Soft: 3931 encountered, 0 discovered, 0 enqueued
[47,337s][info ][gc,ref         ] GC(15) Weak: 1939 encountered, 142 discovered, 0 enqueued
[47,337s][info ][gc,ref         ] GC(15) Final: 12564 encountered, 12564 discovered, 12564 enqueued
[47,337s][info ][gc,ref         ] GC(15) Phantom: 605 encountered, 454 discovered, 203 enqueued
[47,337s][info ][gc,reloc       ] GC(15) Small Pages: 5331 / 10662M, Empty: 4844M, Relocated: 5M, In-Place: 0
[47,337s][info ][gc,reloc       ] GC(15) Medium Pages: 1 / 32M, Empty: 0M, Relocated: 0M, In-Place: 0
[47,337s][info ][gc,reloc       ] GC(15) Large Pages: 0 / 0M, Empty: 0M, Relocated: 0M, In-Place: 0
[47,337s][info ][gc,reloc       ] GC(15) Forwarding Usage: 2M
[47,337s][info ][gc,heap        ] GC(15) Min Capacity: 5120M(42%)
[47,337s][info ][gc,heap        ] GC(15) Max Capacity: 12288M(100%)
[47,337s][info ][gc,heap        ] GC(15) Soft Max Capacity: 12288M(100%)
[47,337s][info ][gc,heap        ] GC(15)                Mark Start          Mark End        Relocate Start      Relocate End           High               Low         
[47,337s][info ][gc,heap        ] GC(15)  Capacity:    11750M (96%)       11770M (96%)       11772M (96%)       11772M (96%)       11772M (96%)       11750M (96%)    
[47,337s][info ][gc,heap        ] GC(15)      Free:     1594M (13%)         518M (4%)         5360M (44%)       10652M (87%)       10652M (87%)         516M (4%)     
[47,337s][info ][gc,heap        ] GC(15)      Used:    10694M (87%)       11770M (96%)        6928M (56%)        1636M (13%)       11772M (96%)        1636M (13%)    
[47,337s][info ][gc,heap        ] GC(15)      Live:         -               400M (3%)          400M (3%)          400M (3%)             -                  -          
[47,337s][info ][gc,heap        ] GC(15) Allocated:         -              1076M (9%)         1078M (9%)         1079M (9%)             -                  -          
[47,337s][info ][gc,heap        ] GC(15)   Garbage:         -             10293M (84%)        5449M (44%)         156M (1%)             -                  -          
[47,337s][info ][gc,heap        ] GC(15) Reclaimed:         -                  -              4844M (39%)       10137M (82%)            -                  -          
[47,337s][info ][gc             ] GC(15) Garbage Collection (Allocation Rate) 10694M(87%)->1636M(13%)
[47,381s][debug][gc,alloc       ] Allocation Rate: 4094,0MB/s, Predicted: 3808,3MB/s, Avg: 3716,6(+/-333,3)MB/s
[47,382s][debug][gc,director    ] Select GC Workers (Try Lowering), AvoidLongGCWorkers: 0,045, AvoidOOMGCWorkers: 0,226, NextAvoidOOMGCWorkers: 0,263, LastGCWorkers: 2,000, GCWorkers: 1,000
[47,382s][debug][gc,director    ] Rule: Allocation Rate (Dynamic GC Workers), MaxAllocRate: 4904,8MB/s (+/-9,0%), Free: 10600MB, GCCPUTime: 0,451, GCDuration: 0,451s, TimeUntilOOM: 1,983s, TimeUntilGC: 1,432s, GCWorkers: 2 -> 1
[47,382s][debug][gc,director    ] Rule: High Usage, Free: 10600MB(86,3%)
[47,382s][debug][gc,director    ] Rule: Proactive, UsedUntilEnabled: 1218MB, TimeUntilEnabled: 299,955s
[47,482s][debug][gc,alloc       ] Allocation Rate: 3324,0MB/s, Predicted: 3762,5MB/s, Avg: 3635,6(+/-320,1)MB/s
[47,482s][debug][gc,director    ] Select GC Workers (Try Lowering), AvoidLongGCWorkers: 0,045, AvoidOOMGCWorkers: 0,224, NextAvoidOOMGCWorkers: 0,247, LastGCWorkers: 2,000, GCWorkers: 1,000
[47,482s][debug][gc,director    ] Rule: Allocation Rate (Dynamic GC Workers), MaxAllocRate: 4815,9MB/s (+/-8,8%), Free: 10442MB, GCCPUTime: 0,451, GCDuration: 0,451s, TimeUntilOOM: 1,993s, TimeUntilGC: 1,442s, GCWorkers: 2 -> 1
[47,482s][debug][gc,director    ] Rule: High Usage, Free: 10442MB(85,0%)
[47,482s][debug][gc,director    ] Rule: Proactive, UsedUntilEnabled: 1060MB, TimeUntilEnabled: 299,855s
[47,582s][debug][gc,alloc       ] Allocation Rate: 3434,0MB/s, Predicted: 3581,2MB/s, Avg: 3653,2(+/-303,3)MB/s
[47,582s][debug][gc,director    ] Select GC Workers (Try Lowering), AvoidLongGCWorkers: 0,045, AvoidOOMGCWorkers: 0,221, NextAvoidOOMGCWorkers: 0,229, LastGCWorkers: 2,000, GCWorkers: 1,000
[47,582s][debug][gc,director    ] Rule: Allocation Rate (Dynamic GC Workers), MaxAllocRate: 4651,2MB/s (+/-8,3%), Free: 10214MB, GCCPUTime: 0,451, GCDuration: 0,451s, TimeUntilOOM: 2,028s, TimeUntilGC: 1,477s, GCWorkers: 2 -> 1
[47,582s][debug][gc,director    ] Rule: High Usage, Free: 10214MB(83,1%)
[47,582s][debug][gc,director    ] Rule: Proactive, UsedUntilEnabled: 832MB, TimeUntilEnabled: 299,755s
[47,682s][debug][gc,alloc       ] Allocation Rate: 3432,0MB/s, Predicted: 3439,1MB/s, Avg: 3651,2(+/-304,7)MB/s
[47,682s][debug][gc,director    ] Select GC Workers (Try Lowering), AvoidLongGCWorkers: 0,045, AvoidOOMGCWorkers: 0,226, NextAvoidOOMGCWorkers: 0,223, LastGCWorkers: 2,000, GCWorkers: 1,000
[47,682s][debug][gc,director    ] Rule: Allocation Rate (Dynamic GC Workers), MaxAllocRate: 4653,7MB/s (+/-8,3%), Free: 9982MB, GCCPUTime: 0,451, GCDuration: 0,451s, TimeUntilOOM: 1,980s, TimeUntilGC: 1,429s, GCWorkers: 2 -> 1
[47,682s][debug][gc,director    ] Rule: High Usage, Free: 9982MB(81,2%)
[47,682s][debug][gc,director    ] Rule: Proactive, UsedUntilEnabled: 600MB, TimeUntilEnabled: 299,655s
[47,781s][debug][gc,alloc       ] Allocation Rate: 4142,0MB/s, Predicted: 3585,5MB/s, Avg: 3719,0(+/-329,9)MB/s
[47,781s][debug][gc,director    ] Select GC Workers (Try Lowering), AvoidLongGCWorkers: 0,045, AvoidOOMGCWorkers: 0,259, NextAvoidOOMGCWorkers: 0,242, LastGCWorkers: 2,000, GCWorkers: 1,000
[47,781s][debug][gc,director    ] Rule: Allocation Rate (Dynamic GC Workers), MaxAllocRate: 4804,4MB/s (+/-8,9%), Free: 9038MB, GCCPUTime: 0,451, GCDuration: 0,451s, TimeUntilOOM: 1,728s, TimeUntilGC: 1,177s, GCWorkers: 2 -> 1
[47,781s][debug][gc,director    ] Rule: High Usage, Free: 9038MB(73,6%)
[47,781s][debug][gc,director    ] Rule: Proactive, AcceptableGCInterval: 4,605s, TimeSinceLastGC: 0,444s, TimeUntilGC: 4,161s
[47,882s][debug][gc,alloc       ] Allocation Rate: 3272,0MB/s, Predicted: 3538,1MB/s, Avg: 3625,0(+/-309,3)MB/s
[47,882s][debug][gc,director    ] Select GC Workers (Try Lowering), AvoidLongGCWorkers: 0,045, AvoidOOMGCWorkers: 0,252, NextAvoidOOMGCWorkers: 0,224, LastGCWorkers: 2,000, GCWorkers: 1,000
[47,882s][debug][gc,director    ] Rule: Allocation Rate (Dynamic GC Workers), MaxAllocRate: 4642,7MB/s (+/-8,5%), Free: 8932MB, GCCPUTime: 0,451, GCDuration: 0,451s, TimeUntilOOM: 1,773s, TimeUntilGC: 1,222s, GCWorkers: 2 -> 1
[47,882s][debug][gc,director    ] Rule: High Usage, Free: 8932MB(72,7%)
[47,882s][debug][gc,director    ] Rule: Proactive, AcceptableGCInterval: 4,605s, TimeSinceLastGC: 0,545s, TimeUntilGC: 4,061s
[47,982s][debug][gc,alloc       ] Allocation Rate: 3438,0MB/s, Predicted: 3542,5MB/s, Avg: 3576,6(+/-296,6)MB/s
[47,982s][debug][gc,director    ] Select GC Workers (Try Lowering), AvoidLongGCWorkers: 0,045, AvoidOOMGCWorkers: 0,253, NextAvoidOOMGCWorkers: 0,214, LastGCWorkers: 2,000, GCWorkers: 1,000
[47,982s][debug][gc,director    ] Rule: Allocation Rate (Dynamic GC Workers), MaxAllocRate: 4552,6MB/s (+/-8,3%), Free: 8704MB, GCCPUTime: 0,451, GCDuration: 0,451s, TimeUntilOOM: 1,765s, TimeUntilGC: 1,214s, GCWorkers: 2 -> 1
[47,982s][debug][gc,director    ] Rule: High Usage, Free: 8704MB(70,8%)
[47,982s][debug][gc,director    ] Rule: Proactive, AcceptableGCInterval: 4,605s, TimeSinceLastGC: 0,645s, TimeUntilGC: 3,960s
[48,082s][debug][gc,alloc       ] Allocation Rate: 3452,0MB/s, Predicted: 3447,2MB/s, Avg: 3581,2(+/-294,3)MB/s
[48,082s][debug][gc,director    ] Select GC Workers (Try Lowering), AvoidLongGCWorkers: 0,045, AvoidOOMGCWorkers: 0,260, NextAvoidOOMGCWorkers: 0,209, LastGCWorkers: 2,000, GCWorkers: 1,000
[48,082s][debug][gc,director    ] Rule: Allocation Rate (Dynamic GC Workers), MaxAllocRate: 4549,6MB/s (+/-8,2%), Free: 8470MB, GCCPUTime: 0,451, GCDuration: 0,451s, TimeUntilOOM: 1,720s, TimeUntilGC: 1,169s, GCWorkers: 2 -> 1
[48,082s][debug][gc,director    ] Rule: High Usage, Free: 8470MB(68,9%)
[48,082s][debug][gc,director    ] Rule: Proactive, AcceptableGCInterval: 4,605s, TimeSinceLastGC: 0,745s, TimeUntilGC: 3,860s
[48,181s][debug][gc,alloc       ] Allocation Rate: 4212,0MB/s, Predicted: 3668,3MB/s, Avg: 3656,0(+/-345,6)MB/s
[48,181s][debug][gc,director    ] Select GC Workers (Try Lowering), AvoidLongGCWorkers: 0,045, AvoidOOMGCWorkers: 0,315, NextAvoidOOMGCWorkers: 0,230, LastGCWorkers: 2,000, GCWorkers: 1,000
[48,181s][debug][gc,director    ] Rule: Allocation Rate (Dynamic GC Workers), MaxAllocRate: 4805,4MB/s (+/-9,5%), Free: 7480MB, GCCPUTime: 0,451, GCDuration: 0,451s, TimeUntilOOM: 1,422s, TimeUntilGC: 0,871s, GCWorkers: 2 -> 1
[48,181s][debug][gc,director    ] Rule: High Usage, Free: 7480MB(60,9%)
[48,181s][debug][gc,director    ] Rule: Proactive, AcceptableGCInterval: 4,605s, TimeSinceLastGC: 0,844s, TimeUntilGC: 3,761s
[48,281s][debug][gc,alloc       ] Allocation Rate: 3704,0MB/s, Predicted: 3715,2MB/s, Avg: 3650,4(+/-344,3)MB/s
[48,281s][debug][gc,director    ] Select GC Workers (Try Lowering), AvoidLongGCWorkers: 0,045, AvoidOOMGCWorkers: 0,318, NextAvoidOOMGCWorkers: 0,221, LastGCWorkers: 2,000, GCWorkers: 1,000
[48,281s][debug][gc,director    ] Rule: Allocation Rate (Dynamic GC Workers), MaxAllocRate: 4848,1MB/s (+/-9,4%), Free: 7460MB, GCCPUTime: 0,451, GCDuration: 0,451s, TimeUntilOOM: 1,406s, TimeUntilGC: 0,855s, GCWorkers: 2 -> 1
[48,281s][debug][gc,director    ] Rule: High Usage, Free: 7460MB(60,7%)
[48,281s][debug][gc,director    ] Rule: Proactive, AcceptableGCInterval: 4,605s, TimeSinceLastGC: 0,944s, TimeUntilGC: 3,661s
[48,381s][debug][gc,alloc       ] Allocation Rate: 3352,0MB/s, Predicted: 3714,1MB/s, Avg: 3576,2(+/-319,8)MB/s
[48,381s][debug][gc,director    ] Select GC Workers (Try Lowering), AvoidLongGCWorkers: 0,045, AvoidOOMGCWorkers: 0,321, NextAvoidOOMGCWorkers: 0,211, LastGCWorkers: 2,000, GCWorkers: 1,000
[48,381s][debug][gc,director    ] Rule: Allocation Rate (Dynamic GC Workers), MaxAllocRate: 4766,4MB/s (+/-8,9%), Free: 7248MB, GCCPUTime: 0,451, GCDuration: 0,451s, TimeUntilOOM: 1,396s, TimeUntilGC: 0,845s, GCWorkers: 2 -> 1
[48,381s][debug][gc,director    ] Rule: High Usage, Free: 7248MB(59,0%)
[48,381s][debug][gc,director    ] Rule: Proactive, AcceptableGCInterval: 4,605s, TimeSinceLastGC: 1,044s, TimeUntilGC: 3,561s
[48,481s][debug][gc,alloc       ] Allocation Rate: 3418,0MB/s, Predicted: 3583,6MB/s, Avg: 3585,6(+/-313,6)MB/s
[48,482s][debug][gc,director    ] Select GC Workers (Try Lowering), AvoidLongGCWorkers: 0,045, AvoidOOMGCWorkers: 0,320, NextAvoidOOMGCWorkers: 0,201, LastGCWorkers: 2,000, GCWorkers: 1,000
[48,482s][debug][gc,director    ] Rule: Allocation Rate (Dynamic GC Workers), MaxAllocRate: 4617,4MB/s (+/-8,7%), Free: 7024MB, GCCPUTime: 0,451, GCDuration: 0,451s, TimeUntilOOM: 1,399s, TimeUntilGC: 0,848s, GCWorkers: 2 -> 1
[48,482s][debug][gc,director    ] Rule: High Usage, Free: 7024MB(57,2%)
[48,482s][debug][gc,director    ] Rule: Proactive, AcceptableGCInterval: 4,605s, TimeSinceLastGC: 1,145s, TimeUntilGC: 3,461s
[48,582s][debug][gc,alloc       ] Allocation Rate: 3418,0MB/s, Predicted: 3476,1MB/s, Avg: 3584,0(+/-314,4)MB/s
[48,582s][debug][gc,director    ] Select GC Workers (Try Lowering), AvoidLongGCWorkers: 0,045, AvoidOOMGCWorkers: 0,331, NextAvoidOOMGCWorkers: 0,197, LastGCWorkers: 2,000, GCWorkers: 1,000
[48,582s][debug][gc,director    ] Rule: Allocation Rate (Dynamic GC Workers), MaxAllocRate: 4618,4MB/s (+/-8,8%), Free: 6798MB, GCCPUTime: 0,451, GCDuration: 0,451s, TimeUntilOOM: 1,353s, TimeUntilGC: 0,802s, GCWorkers: 2 -> 1
[48,582s][debug][gc,director    ] Rule: High Usage, Free: 6798MB(55,3%)
[48,582s][debug][gc,director    ] Rule: Proactive, AcceptableGCInterval: 4,605s, TimeSinceLastGC: 1,245s, TimeUntilGC: 3,361s
[48,682s][debug][gc,alloc       ] Allocation Rate: 4074,0MB/s, Predicted: 3631,6MB/s, Avg: 3648,2(+/-341,2)MB/s
[48,682s][debug][gc,director    ] Select GC Workers (Try Lowering), AvoidLongGCWorkers: 0,045, AvoidOOMGCWorkers: 0,396, NextAvoidOOMGCWorkers: 0,208, LastGCWorkers: 2,000, GCWorkers: 1,000
[48,682s][debug][gc,director    ] Rule: Allocation Rate (Dynamic GC Workers), MaxAllocRate: 4770,9MB/s (+/-9,4%), Free: 5908MB, GCCPUTime: 0,451, GCDuration: 0,451s, TimeUntilOOM: 1,132s, TimeUntilGC: 0,581s, GCWorkers: 2 -> 1
[48,682s][debug][gc,director    ] Rule: High Usage, Free: 5908MB(48,1%)
[48,682s][debug][gc,director    ] Rule: Proactive, AcceptableGCInterval: 4,605s, TimeSinceLastGC: 1,345s, TimeUntilGC: 3,260s
[48,782s][debug][gc,alloc       ] Allocation Rate: 3276,0MB/s, Predicted: 3614,4MB/s, Avg: 3561,6(+/-313,6)MB/s
[48,782s][debug][gc,director    ] Select GC Workers (Try Lowering), AvoidLongGCWorkers: 0,045, AvoidOOMGCWorkers: 0,393, NextAvoidOOMGCWorkers: 0,198, LastGCWorkers: 2,000, GCWorkers: 1,000
[48,782s][debug][gc,director    ] Rule: Allocation Rate (Dynamic GC Workers), MaxAllocRate: 4646,5MB/s (+/-8,8%), Free: 5762MB, GCCPUTime: 0,451, GCDuration: 0,451s, TimeUntilOOM: 1,140s, TimeUntilGC: 0,589s, GCWorkers: 2 -> 1
[48,782s][debug][gc,director    ] Rule: High Usage, Free: 5762MB(46,9%)
[48,782s][debug][gc,director    ] Rule: Proactive, AcceptableGCInterval: 4,605s, TimeSinceLastGC: 1,445s, TimeUntilGC: 3,160s
[48,881s][debug][gc,alloc       ] Allocation Rate: 3396,0MB/s, Predicted: 3470,9MB/s, Avg: 3574,0(+/-304,3)MB/s
[48,881s][debug][gc,director    ] Select GC Workers (Try Lowering), AvoidLongGCWorkers: 0,045, AvoidOOMGCWorkers: 0,402, NextAvoidOOMGCWorkers: 0,191, LastGCWorkers: 2,000, GCWorkers: 1,000
[48,881s][debug][gc,director    ] Rule: Allocation Rate (Dynamic GC Workers), MaxAllocRate: 4575,2MB/s (+/-8,5%), Free: 5536MB, GCCPUTime: 0,451, GCDuration: 0,451s, TimeUntilOOM: 1,115s, TimeUntilGC: 0,564s, GCWorkers: 2 -> 1
[48,881s][debug][gc,director    ] Rule: High Usage, Free: 5536MB(45,1%)
[48,881s][debug][gc,director    ] Rule: Proactive, AcceptableGCInterval: 4,605s, TimeSinceLastGC: 1,544s, TimeUntilGC: 3,061s
[48,981s][debug][gc,alloc       ] Allocation Rate: 3398,0MB/s, Predicted: 3364,3MB/s, Avg: 3570,0(+/-306,3)MB/s
[48,981s][debug][gc,director    ] Select GC Workers (Try Lowering), AvoidLongGCWorkers: 0,045, AvoidOOMGCWorkers: 0,420, NextAvoidOOMGCWorkers: 0,187, LastGCWorkers: 2,000, GCWorkers: 1,000
[48,982s][debug][gc,director    ] Rule: Allocation Rate (Dynamic GC Workers), MaxAllocRate: 4577,8MB/s (+/-8,6%), Free: 5306MB, GCCPUTime: 0,451, GCDuration: 0,451s, TimeUntilOOM: 1,067s, TimeUntilGC: 0,516s, GCWorkers: 2 -> 1
[48,982s][debug][gc,director    ] Rule: High Usage, Free: 5306MB(43,2%)
[48,982s][debug][gc,director    ] Rule: Proactive, AcceptableGCInterval: 4,605s, TimeSinceLastGC: 1,645s, TimeUntilGC: 2,961s
[49,082s][debug][gc,alloc       ] Allocation Rate: 4130,0MB/s, Predicted: 3556,8MB/s, Avg: 3637,8(+/-345,2)MB/s
[49,082s][debug][gc,director    ] Select GC Workers (Try Lowering), AvoidLongGCWorkers: 0,045, AvoidOOMGCWorkers: 0,541, NextAvoidOOMGCWorkers: 0,199, LastGCWorkers: 2,000, GCWorkers: 1,000
[49,082s][debug][gc,director    ] Rule: Allocation Rate (Dynamic GC Workers), MaxAllocRate: 4773,8MB/s (+/-9,5%), Free: 4340MB, GCCPUTime: 0,451, GCDuration: 0,451s, TimeUntilOOM: 0,830s, TimeUntilGC: 0,279s, GCWorkers: 2 -> 1
[49,082s][debug][gc,director    ] Rule: High Usage, Free: 4340MB(35,3%)
[49,082s][debug][gc,director    ] Rule: Proactive, AcceptableGCInterval: 4,605s, TimeSinceLastGC: 1,745s, TimeUntilGC: 2,861s
[49,182s][debug][gc,alloc       ] Allocation Rate: 3190,0MB/s, Predicted: 3530,8MB/s, Avg: 3535,6(+/-309,5)MB/s
[49,182s][debug][gc,director    ] Select GC Workers (Try Lowering), AvoidLongGCWorkers: 0,045, AvoidOOMGCWorkers: 0,518, NextAvoidOOMGCWorkers: 0,187, LastGCWorkers: 2,000, GCWorkers: 1,000
[49,182s][debug][gc,director    ] Rule: Allocation Rate (Dynamic GC Workers), MaxAllocRate: 4554,2MB/s (+/-8,8%), Free: 4290MB, GCCPUTime: 0,451, GCDuration: 0,451s, TimeUntilOOM: 0,866s, TimeUntilGC: 0,315s, GCWorkers: 2 -> 1
[49,182s][debug][gc,director    ] Rule: High Usage, Free: 4290MB(34,9%)
[49,182s][debug][gc,director    ] Rule: Proactive, AcceptableGCInterval: 4,605s, TimeSinceLastGC: 1,845s, TimeUntilGC: 2,760s
[49,282s][debug][gc,alloc       ] Allocation Rate: 3398,0MB/s, Predicted: 3520,7MB/s, Avg: 3505,0(+/-306,5)MB/s
[49,282s][debug][gc,director    ] Select GC Workers (Try Lowering), AvoidLongGCWorkers: 0,045, AvoidOOMGCWorkers: 0,545, NextAvoidOOMGCWorkers: 0,183, LastGCWorkers: 2,000, GCWorkers: 1,000
[49,282s][debug][gc,director    ] Rule: Allocation Rate (Dynamic GC Workers), MaxAllocRate: 4529,2MB/s (+/-8,7%), Free: 4060MB, GCCPUTime: 0,451, GCDuration: 0,451s, TimeUntilOOM: 0,824s, TimeUntilGC: 0,273s, GCWorkers: 2 -> 1
[49,282s][debug][gc,director    ] Rule: High Usage, Free: 4060MB(33,0%)
[49,282s][debug][gc,director    ] Rule: Proactive, AcceptableGCInterval: 4,605s, TimeSinceLastGC: 1,945s, TimeUntilGC: 2,660s
[49,381s][debug][gc,alloc       ] Allocation Rate: 3414,0MB/s, Predicted: 3443,5MB/s, Avg: 3511,2(+/-304,0)MB/s
[49,381s][debug][gc,director    ] Select GC Workers (Try Lowering), AvoidLongGCWorkers: 0,045, AvoidOOMGCWorkers: 0,574, NextAvoidOOMGCWorkers: 0,179, LastGCWorkers: 2,000, GCWorkers: 1,000
[49,381s][debug][gc,director    ] Rule: Allocation Rate (Dynamic GC Workers), MaxAllocRate: 4511,4MB/s (+/-8,7%), Free: 3834MB, GCCPUTime: 0,451, GCDuration: 0,451s, TimeUntilOOM: 0,782s, TimeUntilGC: 0,231s, GCWorkers: 2 -> 1
[49,381s][debug][gc,director    ] Rule: High Usage, Free: 3834MB(31,2%)
[49,381s][debug][gc,director    ] Rule: Proactive, AcceptableGCInterval: 4,605s, TimeSinceLastGC: 2,044s, TimeUntilGC: 2,561s
[49,481s][debug][gc,alloc       ] Allocation Rate: 3774,0MB/s, Predicted: 3523,7MB/s, Avg: 3546,8(+/-311,7)MB/s
[49,482s][debug][gc,director    ] Select GC Workers (Try Lowering), AvoidLongGCWorkers: 0,045, AvoidOOMGCWorkers: 0,688, NextAvoidOOMGCWorkers: 0,181, LastGCWorkers: 2,000, GCWorkers: 1,000
[49,482s][debug][gc,director    ] Rule: Allocation Rate (Dynamic GC Workers), MaxAllocRate: 4572,5MB/s (+/-8,8%), Free: 3248MB, GCCPUTime: 0,451, GCDuration: 0,451s, TimeUntilOOM: 0,653s, TimeUntilGC: 0,102s, GCWorkers: 2 -> 1
[49,482s][debug][gc,director    ] Rule: High Usage, Free: 3248MB(26,4%)
[49,482s][debug][gc,director    ] Rule: Proactive, AcceptableGCInterval: 4,605s, TimeSinceLastGC: 2,145s, TimeUntilGC: 2,461s
[49,582s][debug][gc,alloc       ] Allocation Rate: 4036,0MB/s, Predicted: 3685,1MB/s, Avg: 3608,6(+/-340,0)MB/s
[49,582s][debug][gc,director    ] Select GC Workers (Try Lowering), AvoidLongGCWorkers: 0,045, AvoidOOMGCWorkers: 0,857, NextAvoidOOMGCWorkers: 0,183, LastGCWorkers: 2,000, GCWorkers: 1,000
[49,582s][debug][gc,director    ] Rule: Allocation Rate (Dynamic GC Workers), MaxAllocRate: 4803,9MB/s (+/-9,4%), Free: 2762MB, GCCPUTime: 0,451, GCDuration: 0,451s, TimeUntilOOM: 0,525s, TimeUntilGC: -0,026s, GCWorkers: 2 -> 1
[49,582s][debug][gc,heap        ] GC(16) Heap before GC invocations=16 (full 16):
[49,582s][debug][gc,heap        ] GC(16)  ZHeap           used 9484M, capacity 11772M, max capacity 12288M
[49,582s][debug][gc,heap        ] GC(16)  Metaspace       used 31605K, committed 32000K, reserved 1114112K
[49,582s][debug][gc,heap        ] GC(16)   class space    used 3443K, committed 3648K, reserved 1048576K
[49,582s][info ][gc,start       ] GC(16) Garbage Collection (Allocation Rate)
[49,582s][info ][gc,task        ] GC(16) Using 1 workers
[49,582s][debug][gc,phases,start] GC(16) Pause Mark Start
[49,582s][debug][gc,marking     ] GC(16) Using 1 mark stripes
[49,582s][debug][gc,marking     ] GC(16) Mark Worker/Stripe Distribution
[49,582s][debug][gc,marking     ] GC(16)   Worker 0(1) -> Stripe 0(1)
[49,582s][info ][gc,phases      ] GC(16) Pause Mark Start 0,056ms
[49,582s][debug][gc,phases,start] GC(16) Concurrent Mark
[49,582s][debug][gc,task        ] GC(16) Executing Task: XMarkRootsTask, Active Workers: 1
[49,582s][debug][gc,tlab        ] GC(16) TLAB totals: thrds: 23  refills: 35113 max: 15842 slow allocs: 8535 max 553 waste:  2,1% gc: 2546536B max: 252768B slow: 184470920B max: 25082624B
[49,583s][debug][gc,task        ] GC(16) Executing Task: XMarkTask, Active Workers: 1
[49,682s][debug][gc,alloc       ] Allocation Rate: 3274,0MB/s, Predicted: 3675,3MB/s, Avg: 3528,6(+/-314,2)MB/s
[49,782s][debug][gc,alloc       ] Allocation Rate: 3320,0MB/s, Predicted: 3524,5MB/s, Avg: 3533,0(+/-311,0)MB/s
[49,881s][debug][gc,alloc       ] Allocation Rate: 3280,0MB/s, Predicted: 3386,8MB/s, Avg: 3521,4(+/-317,9)MB/s
[49,909s][info ][gc,phases      ] GC(16) Concurrent Mark 327,557ms
[49,910s][debug][gc,phases,start] GC(16) Pause Mark End
[49,910s][debug][gc,task        ] GC(16) Executing Task: XMarkTask, Active Workers: 1
[49,910s][debug][gc,marking     ] GC(16) Mark With Timeout (XWorker#0): Completed, 143 oops, 0,003ms
[49,910s][info ][gc,phases      ] GC(16) Pause Mark End 0,126ms
[49,910s][debug][gc,phases,start] GC(16) Concurrent Mark Free
[49,910s][info ][gc,phases      ] GC(16) Concurrent Mark Free 0,039ms
[49,910s][debug][gc,phases,start] GC(16) Concurrent Process Non-Strong References
[49,910s][debug][gc,phases,start] GC(16) Concurrent References Process
[49,910s][debug][gc,task        ] GC(16) Executing Task: XReferenceProcessorTask, Active Workers: 1
[49,912s][debug][gc,phases      ] GC(16) Concurrent References Process 2,544ms
[49,912s][debug][gc,task        ] GC(16) Executing Task: XProcessWeakRootsTask, Active Workers: 1
[49,914s][debug][gc,phases,start] GC(16) Concurrent Classes Unlink
[49,914s][debug][gc,phases,start] GC(16) ClassLoaderData
[49,914s][debug][gc,phases      ] GC(16) ClassLoaderData 0,025ms
[49,914s][debug][gc,phases,start] GC(16) Trigger cleanups
[49,914s][debug][gc,phases      ] GC(16) Trigger cleanups 0,005ms
[49,914s][debug][gc,task        ] GC(16) Executing Task: XNMethodUnlinkTask, Active Workers: 1
[49,919s][debug][gc,phases      ] GC(16) Concurrent Classes Unlink 4,701ms
[49,919s][debug][gc,phases,start] GC(16) Concurrent Classes Purge
[49,919s][debug][gc,nmethod     ] GC(16) Unregister NMethod: java.util.concurrent.ForkJoinPool.signalWork (0x000070b043f04c90)
[49,919s][debug][gc,nmethod     ] GC(16) Unregister NMethod: net.openhft.chronicle.bytes.internal.BytesInternal.readStopBit0 (0x000070b0441db690)
[49,919s][debug][gc,nmethod     ] GC(16) Unregister NMethod: java.util.stream.ForEachOps$ForEachTask.compute (0x000070b043f7b690)
[49,919s][debug][gc,nmethod     ] GC(16) Unregister NMethod: java.lang.ref.Finalizer$FinalizerThread.run (0x000070b043ff5f90)
[49,919s][debug][gc,nmethod     ] GC(16) Unregister NMethod: java.lang.invoke.VarHandleGuards.guard_LLL_Z (0x000070b044101e90)
[49,919s][debug][gc,nmethod     ] GC(16) Unregister NMethod: java.util.concurrent.ForkJoinPool.scan (0x000070b06386a410)
[49,919s][debug][gc,nmethod     ] GC(16) Unregister NMethod: java.lang.invoke.VarHandleReferences$FieldInstanceReadWrite.compareAndSet (0x000070b044100f90)
[49,919s][debug][gc,nmethod     ] GC(16) Unregister NMethod: io.sirix.page.PageKind$1.deserializePage (0x000070b044083610)
[49,919s][debug][gc,nmethod     ] GC(16) Unregister NMethod: jdk.internal.util.ArraysSupport.mismatch (0x000070b043f44310)
[49,919s][debug][gc,phases      ] GC(16) Concurrent Classes Purge 0,083ms
[49,919s][debug][gc,phases,start] GC(16) Concurrent References Enqueue
[49,919s][debug][gc,phases      ] GC(16) Concurrent References Enqueue 0,006ms
[49,919s][info ][gc,phases      ] GC(16) Concurrent Process Non-Strong References 9,146ms
[49,919s][debug][gc,phases,start] GC(16) Concurrent Reset Relocation Set
[49,919s][info ][gc,phases      ] GC(16) Concurrent Reset Relocation Set 0,069ms
[49,919s][debug][gc,phases,start] GC(16) Concurrent Select Relocation Set
[49,920s][debug][gc,task        ] GC(16) Executing Task: XRelocationSetInstallTask, Active Workers: 1
[49,921s][info ][gc,phases      ] GC(16) Concurrent Select Relocation Set 2,342ms
[49,922s][debug][gc,phases,start] GC(16) Pause Relocate Start
[49,922s][info ][gc,phases      ] GC(16) Pause Relocate Start 0,021ms
[49,922s][debug][gc,phases,start] GC(16) Concurrent Relocate
[49,922s][debug][gc,task        ] GC(16) Executing Task: XRelocateTask, Active Workers: 1
[49,935s][info ][gc,phases      ] GC(16) Concurrent Relocate 13,536ms
[49,935s][debug][gc,heap        ] GC(16) Heap after GC invocations=17 (full 17):
[49,935s][debug][gc,heap        ] GC(16)  ZHeap           used 1360M, capacity 11772M, max capacity 12288M
[49,935s][debug][gc,heap        ] GC(16)  Metaspace       used 31605K, committed 32000K, reserved 1114112K
[49,935s][debug][gc,heap        ] GC(16)   class space    used 3443K, committed 3648K, reserved 1048576K
[49,935s][info ][gc,load        ] GC(16) Load: 3,54/5,28/3,23
[49,935s][info ][gc,mmu         ] GC(16) MMU: 2ms/78,9%, 5ms/91,6%, 10ms/95,8%, 20ms/97,9%, 50ms/99,1%, 100ms/99,6%
[49,935s][info ][gc,marking     ] GC(16) Mark: 1 stripe(s), 2 proactive flush(es), 1 terminate flush(es), 1 completion(s), 0 continuation(s) 
[49,935s][info ][gc,marking     ] GC(16) Mark Stack Usage: 32M
[49,935s][info ][gc,nmethod     ] GC(16) NMethods: 3961 registered, 1294 unregistered
[49,935s][info ][gc,metaspace   ] GC(16) Metaspace: 30M used, 31M committed, 1088M reserved
[49,935s][info ][gc,ref         ] GC(16) Soft: 3931 encountered, 0 discovered, 0 enqueued
[49,935s][info ][gc,ref         ] GC(16) Weak: 1940 encountered, 146 discovered, 1 enqueued
[49,935s][info ][gc,ref         ] GC(16) Final: 12493 encountered, 12493 discovered, 12493 enqueued
[49,935s][info ][gc,ref         ] GC(16) Phantom: 547 encountered, 399 discovered, 145 enqueued
[49,935s][info ][gc,reloc       ] GC(16) Small Pages: 4726 / 9452M, Empty: 3446M, Relocated: 27M, In-Place: 0
[49,935s][info ][gc,reloc       ] GC(16) Medium Pages: 1 / 32M, Empty: 0M, Relocated: 0M, In-Place: 0
[49,935s][info ][gc,reloc       ] GC(16) Large Pages: 0 / 0M, Empty: 0M, Relocated: 0M, In-Place: 0
[49,935s][info ][gc,reloc       ] GC(16) Forwarding Usage: 4M
[49,935s][info ][gc,heap        ] GC(16) Min Capacity: 5120M(42%)
[49,935s][info ][gc,heap        ] GC(16) Max Capacity: 12288M(100%)
[49,935s][info ][gc,heap        ] GC(16) Soft Max Capacity: 12288M(100%)
[49,935s][info ][gc,heap        ] GC(16)                Mark Start          Mark End        Relocate Start      Relocate End           High               Low         
[49,935s][info ][gc,heap        ] GC(16)  Capacity:    11772M (96%)       11772M (96%)       11772M (96%)       11772M (96%)       11772M (96%)       11772M (96%)    
[49,935s][info ][gc,heap        ] GC(16)      Free:     2804M (23%)        2248M (18%)        5676M (46%)       10928M (89%)       10932M (89%)        2234M (18%)    
[49,935s][info ][gc,heap        ] GC(16)      Used:     9484M (77%)       10040M (82%)        6612M (54%)        1360M (11%)       10054M (82%)        1356M (11%)    
[49,935s][info ][gc,heap        ] GC(16)      Live:         -               557M (5%)          557M (5%)          557M (5%)             -                  -          
[49,935s][info ][gc,heap        ] GC(16) Allocated:         -               556M (5%)          574M (5%)          605M (5%)             -                  -          
[49,935s][info ][gc,heap        ] GC(16)   Garbage:         -              8926M (73%)        5480M (45%)         196M (2%)             -                  -          
[49,935s][info ][gc,heap        ] GC(16) Reclaimed:         -                  -              3446M (28%)        8729M (71%)            -                  -          
[49,935s][info ][gc             ] GC(16) Garbage Collection (Allocation Rate) 9484M(77%)->1360M(11%)
[49,984s][debug][gc,alloc       ] Allocation Rate: 3394,0MB/s, Predicted: 3302,9MB/s, Avg: 3521,0(+/-318,1)MB/s
[49,984s][debug][gc,director    ] Select GC Workers (Normal), AvoidLongGCWorkers: 0,042, AvoidOOMGCWorkers: 0,196, LastGCWorkers: 1,000, GCWorkers: 0,196
[49,984s][debug][gc,director    ] Rule: Allocation Rate (Dynamic GC Workers), MaxAllocRate: 4567,7MB/s (+/-9,0%), Free: 10644MB, GCCPUTime: 0,422, GCDuration: 0,422s, TimeUntilOOM: 2,137s, TimeUntilGC: 1,615s, GCWorkers: 1 -> 1
[49,984s][debug][gc,director    ] Rule: High Usage, Free: 10644MB(86,6%)
[49,984s][debug][gc,director    ] Rule: Proactive, UsedUntilEnabled: 986MB, TimeUntilEnabled: 299,951s
[50,082s][debug][gc,alloc       ] Allocation Rate: 3160,0MB/s, Predicted: 3320,9MB/s, Avg: 3424,0(+/-260,2)MB/s
[50,082s][debug][gc,director    ] Select GC Workers (Normal), AvoidLongGCWorkers: 0,042, AvoidOOMGCWorkers: 0,195, LastGCWorkers: 1,000, GCWorkers: 0,195
[50,082s][debug][gc,director    ] Rule: Allocation Rate (Dynamic GC Workers), MaxAllocRate: 4280,3MB/s (+/-7,6%), Free: 9912MB, GCCPUTime: 0,422, GCDuration: 0,422s, TimeUntilOOM: 2,152s, TimeUntilGC: 1,630s, GCWorkers: 1 -> 1
[50,082s][debug][gc,director    ] Rule: High Usage, Free: 9912MB(80,7%)
[50,082s][debug][gc,director    ] Rule: Proactive, UsedUntilEnabled: 254MB, TimeUntilEnabled: 299,854s
[50,182s][debug][gc,alloc       ] Allocation Rate: 3264,0MB/s, Predicted: 3194,5MB/s, Avg: 3431,4(+/-254,5)MB/s
[50,182s][debug][gc,director    ] Select GC Workers (Normal), AvoidLongGCWorkers: 0,042, AvoidOOMGCWorkers: 0,197, LastGCWorkers: 1,000, GCWorkers: 0,197
[50,182s][debug][gc,director    ] Rule: Allocation Rate (Dynamic GC Workers), MaxAllocRate: 4268,7MB/s (+/-7,4%), Free: 9758MB, GCCPUTime: 0,422, GCDuration: 0,422s, TimeUntilOOM: 2,128s, TimeUntilGC: 1,606s, GCWorkers: 1 -> 1
[50,182s][debug][gc,director    ] Rule: High Usage, Free: 9758MB(79,4%)
[50,182s][debug][gc,director    ] Rule: Proactive, UsedUntilEnabled: 100MB, TimeUntilEnabled: 299,753s
[50,282s][debug][gc,alloc       ] Allocation Rate: 3268,0MB/s, Predicted: 3120,3MB/s, Avg: 3418,4(+/-259,1)MB/s
[50,282s][debug][gc,director    ] Select GC Workers (Normal), AvoidLongGCWorkers: 0,042, AvoidOOMGCWorkers: 0,202, LastGCWorkers: 1,000, GCWorkers: 0,202
[50,282s][debug][gc,director    ] Rule: Allocation Rate (Dynamic GC Workers), MaxAllocRate: 4271,0MB/s (+/-7,6%), Free: 9526MB, GCCPUTime: 0,422, GCDuration: 0,422s, TimeUntilOOM: 2,073s, TimeUntilGC: 1,551s, GCWorkers: 1 -> 1
[50,282s][debug][gc,director    ] Rule: High Usage, Free: 9526MB(77,5%)
[50,282s][debug][gc,director    ] Rule: Proactive, AcceptableGCInterval: 4,281s, TimeSinceLastGC: 0,347s, TimeUntilGC: 3,935s
[50,381s][debug][gc,alloc       ] Allocation Rate: 3268,0MB/s, Predicted: 3058,9MB/s, Avg: 3403,8(+/-263,0)MB/s
[50,381s][debug][gc,director    ] Select GC Workers (Normal), AvoidLongGCWorkers: 0,042, AvoidOOMGCWorkers: 0,207, LastGCWorkers: 1,000, GCWorkers: 0,207
[50,381s][debug][gc,director    ] Rule: Allocation Rate (Dynamic GC Workers), MaxAllocRate: 4269,3MB/s (+/-7,7%), Free: 9298MB, GCCPUTime: 0,422, GCDuration: 0,422s, TimeUntilOOM: 2,022s, TimeUntilGC: 1,500s, GCWorkers: 1 -> 1
[50,381s][debug][gc,director    ] Rule: High Usage, Free: 9298MB(75,7%)
[50,381s][debug][gc,director    ] Rule: Proactive, AcceptableGCInterval: 4,281s, TimeSinceLastGC: 0,446s, TimeUntilGC: 3,835s
[50,481s][debug][gc,alloc       ] Allocation Rate: 3636,0MB/s, Predicted: 3250,5MB/s, Avg: 3390,0(+/-246,3)MB/s
[50,481s][debug][gc,director    ] Select GC Workers (Normal), AvoidLongGCWorkers: 0,042, AvoidOOMGCWorkers: 0,226, LastGCWorkers: 1,000, GCWorkers: 0,226
[50,481s][debug][gc,director    ] Rule: Allocation Rate (Dynamic GC Workers), MaxAllocRate: 4200,6MB/s (+/-7,3%), Free: 8346MB, GCCPUTime: 0,422, GCDuration: 0,422s, TimeUntilOOM: 1,852s, TimeUntilGC: 1,330s, GCWorkers: 1 -> 1
[50,481s][debug][gc,director    ] Rule: High Usage, Free: 8346MB(67,9%)
[50,481s][debug][gc,director    ] Rule: Proactive, AcceptableGCInterval: 4,281s, TimeSinceLastGC: 0,546s, TimeUntilGC: 3,735s
[50,482s][info ][gc,stats       ] === Garbage Collection Statistics =======================================================================================================================
[50,482s][info ][gc,stats       ]                                                              Last 10s              Last 10m              Last 10h                Total
[50,482s][info ][gc,stats       ]                                                              Avg / Max             Avg / Max             Avg / Max             Avg / Max
[50,482s][info ][gc,stats       ]   Collector: Garbage Collection Cycle                    226,073 / 353,483     247,568 / 643,642     247,568 / 643,642     247,568 / 643,642     ms
[50,482s][info ][gc,stats       ]  Contention: Mark Segment Reset Contention                     0 / 2                 0 / 14                0 / 14                0 / 14          ops/s
[50,482s][info ][gc,stats       ]  Contention: Mark SeqNum Reset Contention                      0 / 0                 0 / 0                 0 / 0                 0 / 0           ops/s
[50,482s][info ][gc,stats       ]    Critical: Allocation Stall                                  0 / 0                 0 / 0                 0 / 0                 0 / 0           ops/s
[50,482s][info ][gc,stats       ]    Critical: Allocation Stall                              0,000 / 0,000         0,000 / 0,000         0,000 / 0,000         0,000 / 0,000       ms
[50,482s][info ][gc,stats       ]    Critical: GC Locker Stall                                   0 / 1                 0 / 1                 0 / 1                 0 / 1           ops/s
[50,482s][info ][gc,stats       ]    Critical: GC Locker Stall                               0,148 / 0,148         0,166 / 0,345         0,166 / 0,345         0,166 / 0,345       ms
[50,482s][info ][gc,stats       ]    Critical: Relocation Stall                                  0 / 0                 0 / 0                 0 / 0                 0 / 0           ops/s
[50,482s][info ][gc,stats       ]    Critical: Relocation Stall                              0,000 / 0,000         0,000 / 0,000         0,000 / 0,000         0,000 / 0,000       ms
[50,482s][info ][gc,stats       ]      Memory: Allocation Rate                                3440 / 4134           2252 / 4134           2252 / 4134           2252 / 4134        MB/s
[50,482s][info ][gc,stats       ]      Memory: Defragment                                        0 / 0                 0 / 0                 0 / 0                 0 / 0           ops/s
[50,482s][info ][gc,stats       ]      Memory: Out Of Memory                                     0 / 0                 0 / 0                 0 / 0                 0 / 0           ops/s
[50,482s][info ][gc,stats       ]      Memory: Page Cache Flush                                  0 / 0                 0 / 0                 0 / 0                 0 / 0           MB/s
[50,482s][info ][gc,stats       ]      Memory: Page Cache Hit L1                              1690 / 2067           1009 / 2067           1009 / 2067           1009 / 2067        ops/s
[50,482s][info ][gc,stats       ]      Memory: Page Cache Hit L2                                 0 / 0                 0 / 0                 0 / 0                 0 / 0           ops/s
[50,482s][info ][gc,stats       ]      Memory: Page Cache Hit L3                                 0 / 0                53 / 797              53 / 797              53 / 797         ops/s
[50,482s][info ][gc,stats       ]      Memory: Page Cache Miss                                  34 / 331              69 / 583              69 / 583              69 / 583         ops/s
[50,482s][info ][gc,stats       ]      Memory: Uncommit                                          0 / 0                 0 / 0                 0 / 0                 0 / 0           MB/s
[50,482s][info ][gc,stats       ]      Memory: Undo Object Allocation Failed                     0 / 0                 0 / 0                 0 / 0                 0 / 0           ops/s
[50,482s][info ][gc,stats       ]      Memory: Undo Object Allocation Succeeded                  1 / 13                0 / 13                0 / 13                0 / 13          ops/s
[50,482s][info ][gc,stats       ]      Memory: Undo Page Allocation                              3 / 28                1 / 28                1 / 28                1 / 28          ops/s
[50,482s][info ][gc,stats       ]       Phase: Concurrent Mark                             208,915 / 327,557     221,528 / 606,876     221,528 / 606,876     221,528 / 606,876     ms
[50,482s][info ][gc,stats       ]       Phase: Concurrent Mark Continue                      0,000 / 0,000         0,000 / 0,000         0,000 / 0,000         0,000 / 0,000       ms
[50,482s][info ][gc,stats       ]       Phase: Concurrent Mark Free                          0,026 / 0,039         0,094 / 1,038         0,094 / 1,038         0,094 / 1,038       ms
[50,482s][info ][gc,stats       ]       Phase: Concurrent Process Non-Strong References      6,285 / 9,146         9,340 / 28,355        9,340 / 28,355        9,340 / 28,355      ms
[50,482s][info ][gc,stats       ]       Phase: Concurrent Relocate                           7,434 / 13,536       10,326 / 68,030       10,326 / 68,030       10,326 / 68,030      ms
[50,482s][info ][gc,stats       ]       Phase: Concurrent Reset Relocation Set               0,081 / 0,095         0,063 / 0,172         0,063 / 0,172         0,063 / 0,172       ms
[50,482s][info ][gc,stats       ]       Phase: Concurrent Select Relocation Set              1,808 / 2,342         4,542 / 24,709        4,542 / 24,709        4,542 / 24,709      ms
[50,482s][info ][gc,stats       ]       Phase: Pause Mark End                                0,100 / 0,220         0,083 / 0,347         0,083 / 0,347         0,083 / 0,347       ms
[50,482s][info ][gc,stats       ]       Phase: Pause Mark Start                              0,141 / 0,421         0,114 / 0,421         0,114 / 0,421         0,114 / 0,421       ms
[50,482s][info ][gc,stats       ]       Phase: Pause Relocate Start                          0,020 / 0,025         0,042 / 0,126         0,042 / 0,126         0,042 / 0,126       ms
[50,482s][info ][gc,stats       ]    Subphase: Concurrent Classes Purge                      0,140 / 0,228         1,614 / 13,408        1,614 / 13,408        1,614 / 13,408      ms
[50,482s][info ][gc,stats       ]    Subphase: Concurrent Classes Unlink                     2,743 / 4,701         3,410 / 7,762         3,410 / 7,762         3,410 / 7,762       ms
[50,482s][info ][gc,stats       ]    Subphase: Concurrent Mark                             190,433 / 326,739     166,545 / 603,668     166,545 / 603,668     166,545 / 603,668     ms
[50,482s][info ][gc,stats       ]    Subphase: Concurrent Mark Try Flush                     0,030 / 0,092         0,729 / 7,166         0,729 / 7,166         0,729 / 7,166       ms
[50,482s][info ][gc,stats       ]    Subphase: Concurrent Mark Try Terminate                 0,815 / 1,160         1,103 / 6,763         1,103 / 6,763         1,103 / 6,763       ms
[50,482s][info ][gc,stats       ]    Subphase: Concurrent References Enqueue                 0,008 / 0,010         0,011 / 0,026         0,011 / 0,026         0,011 / 0,026       ms
[50,482s][info ][gc,stats       ]    Subphase: Concurrent References Process                 2,518 / 2,897         2,023 / 4,777         2,023 / 4,777         2,023 / 4,777       ms
[50,482s][info ][gc,stats       ]    Subphase: Concurrent Roots ClassLoaderDataGraph         0,086 / 0,165         0,119 / 0,487         0,119 / 0,487         0,119 / 0,487       ms
[50,482s][info ][gc,stats       ]    Subphase: Concurrent Roots CodeCache                    0,000 / 0,000         0,000 / 0,000         0,000 / 0,000         0,000 / 0,000       ms
[50,482s][info ][gc,stats       ]    Subphase: Concurrent Roots JavaThreads                  0,540 / 0,672         0,736 / 2,473         0,736 / 2,473         0,736 / 2,473       ms
[50,482s][info ][gc,stats       ]    Subphase: Concurrent Roots OopStorageSet                0,024 / 0,029         0,054 / 0,143         0,054 / 0,143         0,054 / 0,143       ms
[50,482s][info ][gc,stats       ]    Subphase: Concurrent Weak Roots OopStorageSet           0,454 / 1,273         0,614 / 2,088         0,614 / 2,088         0,614 / 2,088       ms
[50,482s][info ][gc,stats       ]    Subphase: Pause Mark Try Complete                       0,024 / 0,040         0,048 / 0,134         0,048 / 0,134         0,048 / 0,134       ms
[50,482s][info ][gc,stats       ]      System: Java Threads                                     40 / 41               37 / 42               37 / 42               37 / 42          threads
[50,482s][info ][gc,stats       ] =========================================================================================================================================================
[50,582s][debug][gc,alloc       ] Allocation Rate: 3236,0MB/s, Predicted: 3361,2MB/s, Avg: 3310,0(+/-122,2)MB/s
[50,582s][debug][gc,director    ] Select GC Workers (Normal), AvoidLongGCWorkers: 0,042, AvoidOOMGCWorkers: 0,198, LastGCWorkers: 1,000, GCWorkers: 0,198
[50,582s][debug][gc,director    ] Rule: Allocation Rate (Dynamic GC Workers), MaxAllocRate: 3763,2MB/s (+/-3,7%), Free: 8258MB, GCCPUTime: 0,422, GCDuration: 0,422s, TimeUntilOOM: 2,116s, TimeUntilGC: 1,595s, GCWorkers: 1 -> 1
[50,582s][debug][gc,director    ] Rule: High Usage, Free: 8258MB(67,2%)
[50,582s][debug][gc,director    ] Rule: Proactive, AcceptableGCInterval: 4,281s, TimeSinceLastGC: 0,646s, TimeUntilGC: 3,635s
[50,682s][debug][gc,alloc       ] Allocation Rate: 3310,0MB/s, Predicted: 3351,6MB/s, Avg: 3313,6(+/-121,6)MB/s
[50,682s][debug][gc,director    ] Select GC Workers (Normal), AvoidLongGCWorkers: 0,042, AvoidOOMGCWorkers: 0,202, LastGCWorkers: 1,000, GCWorkers: 0,202
[50,682s][debug][gc,director    ] Rule: Allocation Rate (Dynamic GC Workers), MaxAllocRate: 3751,7MB/s (+/-3,7%), Free: 8054MB, GCCPUTime: 0,422, GCDuration: 0,422s, TimeUntilOOM: 2,071s, TimeUntilGC: 1,549s, GCWorkers: 1 -> 1
[50,682s][debug][gc,director    ] Rule: High Usage, Free: 8054MB(65,5%)
[50,682s][debug][gc,director    ] Rule: Proactive, AcceptableGCInterval: 4,281s, TimeSinceLastGC: 0,747s, TimeUntilGC: 3,535s
[50,782s][debug][gc,alloc       ] Allocation Rate: 3344,0MB/s, Predicted: 3365,5MB/s, Avg: 3316,0(+/-121,9)MB/s
[50,782s][debug][gc,director    ] Select GC Workers (Normal), AvoidLongGCWorkers: 0,042, AvoidOOMGCWorkers: 0,209, LastGCWorkers: 1,000, GCWorkers: 0,209
[50,782s][debug][gc,director    ] Rule: Allocation Rate (Dynamic GC Workers), MaxAllocRate: 3766,7MB/s (+/-3,7%), Free: 7830MB, GCCPUTime: 0,422, GCDuration: 0,422s, TimeUntilOOM: 2,005s, TimeUntilGC: 1,483s, GCWorkers: 1 -> 1
[50,782s][debug][gc,director    ] Rule: High Usage, Free: 7830MB(63,7%)
[50,782s][debug][gc,director    ] Rule: Proactive, AcceptableGCInterval: 4,281s, TimeSinceLastGC: 0,847s, TimeUntilGC: 3,435s
[50,883s][debug][gc,alloc       ] Allocation Rate: 3824,0MB/s, Predicted: 3559,1MB/s, Avg: 3370,4(+/-193,9)MB/s
[50,883s][debug][gc,director    ] Select GC Workers (Normal), AvoidLongGCWorkers: 0,042, AvoidOOMGCWorkers: 0,260, LastGCWorkers: 1,000, GCWorkers: 0,260
[50,883s][debug][gc,director    ] Rule: Allocation Rate (Dynamic GC Workers), MaxAllocRate: 4197,0MB/s (+/-5,8%), Free: 7164MB, GCCPUTime: 0,422, GCDuration: 0,422s, TimeUntilOOM: 1,614s, TimeUntilGC: 1,092s, GCWorkers: 1 -> 1
[50,883s][debug][gc,director    ] Rule: High Usage, Free: 7164MB(58,3%)
[50,883s][debug][gc,director    ] Rule: Proactive, AcceptableGCInterval: 4,281s, TimeSinceLastGC: 0,948s, TimeUntilGC: 3,333s
[50,982s][debug][gc,alloc       ] Allocation Rate: 3882,0MB/s, Predicted: 3770,0MB/s, Avg: 3419,2(+/-247,6)MB/s
[50,982s][debug][gc,director    ] Select GC Workers (Normal), AvoidLongGCWorkers: 0,042, AvoidOOMGCWorkers: 0,305, LastGCWorkers: 1,000, GCWorkers: 0,305
[50,982s][debug][gc,director    ] Rule: Allocation Rate (Dynamic GC Workers), MaxAllocRate: 4584,8MB/s (+/-7,2%), Free: 6762MB, GCCPUTime: 0,422, GCDuration: 0,422s, TimeUntilOOM: 1,375s, TimeUntilGC: 0,853s, GCWorkers: 1 -> 1
[50,982s][debug][gc,director    ] Rule: High Usage, Free: 6762MB(55,0%)
[50,982s][debug][gc,director    ] Rule: Proactive, AcceptableGCInterval: 4,281s, TimeSinceLastGC: 1,046s, TimeUntilGC: 3,235s
[51,082s][debug][gc,alloc       ] Allocation Rate: 3338,0MB/s, Predicted: 3668,4MB/s, Avg: 3437,0(+/-234,4)MB/s
[51,082s][debug][gc,director    ] Select GC Workers (Normal), AvoidLongGCWorkers: 0,042, AvoidOOMGCWorkers: 0,302, LastGCWorkers: 1,000, GCWorkers: 0,302
[51,082s][debug][gc,director    ] Rule: Allocation Rate (Dynamic GC Workers), MaxAllocRate: 4439,7MB/s (+/-6,8%), Free: 6574MB, GCCPUTime: 0,422, GCDuration: 0,422s, TimeUntilOOM: 1,386s, TimeUntilGC: 0,864s, GCWorkers: 1 -> 1
[51,082s][debug][gc,director    ] Rule: High Usage, Free: 6572MB(53,5%)
[51,082s][debug][gc,director    ] Rule: Proactive, AcceptableGCInterval: 4,281s, TimeSinceLastGC: 1,147s, TimeUntilGC: 3,135s
[51,182s][debug][gc,alloc       ] Allocation Rate: 3380,0MB/s, Predicted: 3599,5MB/s, Avg: 3448,6(+/-228,3)MB/s
[51,182s][debug][gc,director    ] Select GC Workers (Normal), AvoidLongGCWorkers: 0,042, AvoidOOMGCWorkers: 0,305, LastGCWorkers: 1,000, GCWorkers: 0,305
[51,182s][debug][gc,director    ] Rule: Allocation Rate (Dynamic GC Workers), MaxAllocRate: 4350,8MB/s (+/-6,6%), Free: 6378MB, GCCPUTime: 0,422, GCDuration: 0,422s, TimeUntilOOM: 1,375s, TimeUntilGC: 0,853s, GCWorkers: 1 -> 1
[51,182s][debug][gc,director    ] Rule: High Usage, Free: 6378MB(51,9%)
[51,182s][debug][gc,director    ] Rule: Proactive, AcceptableGCInterval: 4,281s, TimeSinceLastGC: 1,247s, TimeUntilGC: 3,035s
[51,281s][debug][gc,alloc       ] Allocation Rate: 3378,0MB/s, Predicted: 3523,1MB/s, Avg: 3459,6(+/-221,9)MB/s
[51,281s][debug][gc,director    ] Select GC Workers (Normal), AvoidLongGCWorkers: 0,042, AvoidOOMGCWorkers: 0,309, LastGCWorkers: 1,000, GCWorkers: 0,309
[51,281s][debug][gc,director    ] Rule: Allocation Rate (Dynamic GC Workers), MaxAllocRate: 4253,4MB/s (+/-6,4%), Free: 6148MB, GCCPUTime: 0,422, GCDuration: 0,422s, TimeUntilOOM: 1,358s, TimeUntilGC: 0,837s, GCWorkers: 1 -> 1
[51,281s][debug][gc,director    ] Rule: High Usage, Free: 6148MB(50,0%)
[51,281s][debug][gc,director    ] Rule: Proactive, AcceptableGCInterval: 4,281s, TimeSinceLastGC: 1,346s, TimeUntilGC: 2,935s
[51,381s][debug][gc,alloc       ] Allocation Rate: 4084,0MB/s, Predicted: 3721,7MB/s, Avg: 3541,2(+/-279,1)MB/s
[51,381s][debug][gc,director    ] Select GC Workers (Normal), AvoidLongGCWorkers: 0,042, AvoidOOMGCWorkers: 0,403, LastGCWorkers: 1,000, GCWorkers: 0,403
[51,381s][debug][gc,director    ] Rule: Allocation Rate (Dynamic GC Workers), MaxAllocRate: 4640,2MB/s (+/-7,9%), Free: 5214MB, GCCPUTime: 0,422, GCDuration: 0,422s, TimeUntilOOM: 1,042s, TimeUntilGC: 0,520s, GCWorkers: 1 -> 1
[51,381s][debug][gc,director    ] Rule: High Usage, Free: 5214MB(42,4%)
[51,381s][debug][gc,director    ] Rule: Proactive, AcceptableGCInterval: 4,281s, TimeSinceLastGC: 1,446s, TimeUntilGC: 2,835s
[51,481s][debug][gc,alloc       ] Allocation Rate: 3228,0MB/s, Predicted: 3621,7MB/s, Avg: 3500,4(+/-291,8)MB/s
[51,482s][debug][gc,director    ] Select GC Workers (Normal), AvoidLongGCWorkers: 0,042, AvoidOOMGCWorkers: 0,407, LastGCWorkers: 1,000, GCWorkers: 0,407
[51,482s][debug][gc,director    ] Rule: Allocation Rate (Dynamic GC Workers), MaxAllocRate: 4582,0MB/s (+/-8,3%), Free: 5116MB, GCCPUTime: 0,422, GCDuration: 0,422s, TimeUntilOOM: 1,031s, TimeUntilGC: 0,509s, GCWorkers: 1 -> 1
[51,482s][debug][gc,director    ] Rule: High Usage, Free: 5116MB(41,6%)
[51,482s][debug][gc,director    ] Rule: Proactive, AcceptableGCInterval: 4,281s, TimeSinceLastGC: 1,546s, TimeUntilGC: 2,735s
[51,582s][debug][gc,alloc       ] Allocation Rate: 3370,0MB/s, Predicted: 3499,1MB/s, Avg: 3513,8(+/-282,3)MB/s
[51,582s][debug][gc,director    ] Select GC Workers (Normal), AvoidLongGCWorkers: 0,042, AvoidOOMGCWorkers: 0,412, LastGCWorkers: 1,000, GCWorkers: 0,412
[51,582s][debug][gc,director    ] Rule: Allocation Rate (Dynamic GC Workers), MaxAllocRate: 4442,7MB/s (+/-8,0%), Free: 4888MB, GCCPUTime: 0,422, GCDuration: 0,422s, TimeUntilOOM: 1,018s, TimeUntilGC: 0,497s, GCWorkers: 1 -> 1
[51,582s][debug][gc,director    ] Rule: High Usage, Free: 4888MB(39,8%)
[51,582s][debug][gc,director    ] Rule: Proactive, AcceptableGCInterval: 4,281s, TimeSinceLastGC: 1,646s, TimeUntilGC: 2,635s
[51,682s][debug][gc,alloc       ] Allocation Rate: 3398,0MB/s, Predicted: 3398,4MB/s, Avg: 3522,6(+/-277,1)MB/s
[51,682s][debug][gc,director    ] Select GC Workers (Normal), AvoidLongGCWorkers: 0,042, AvoidOOMGCWorkers: 0,431, LastGCWorkers: 1,000, GCWorkers: 0,431
[51,682s][debug][gc,director    ] Rule: Allocation Rate (Dynamic GC Workers), MaxAllocRate: 4434,5MB/s (+/-7,9%), Free: 4658MB, GCCPUTime: 0,422, GCDuration: 0,422s, TimeUntilOOM: 0,974s, TimeUntilGC: 0,452s, GCWorkers: 1 -> 1
[51,682s][debug][gc,director    ] Rule: High Usage, Free: 4658MB(37,9%)
[51,682s][debug][gc,director    ] Rule: Proactive, AcceptableGCInterval: 4,281s, TimeSinceLastGC: 1,747s, TimeUntilGC: 2,535s
[51,782s][debug][gc,alloc       ] Allocation Rate: 4168,0MB/s, Predicted: 3608,9MB/s, Avg: 3605,0(+/-329,4)MB/s
[51,782s][debug][gc,director    ] Select GC Workers (Normal), AvoidLongGCWorkers: 0,042, AvoidOOMGCWorkers: 0,588, LastGCWorkers: 1,000, GCWorkers: 0,588
[51,782s][debug][gc,director    ] Rule: Allocation Rate (Dynamic GC Workers), MaxAllocRate: 4692,7MB/s (+/-9,1%), Free: 3662MB, GCCPUTime: 0,422, GCDuration: 0,422s, TimeUntilOOM: 0,715s, TimeUntilGC: 0,193s, GCWorkers: 1 -> 1
[51,782s][debug][gc,director    ] Rule: High Usage, Free: 3662MB(29,8%)
[51,782s][debug][gc,director    ] Rule: Proactive, AcceptableGCInterval: 4,281s, TimeSinceLastGC: 1,847s, TimeUntilGC: 2,435s
[51,881s][debug][gc,alloc       ] Allocation Rate: 3556,0MB/s, Predicted: 3647,7MB/s, Avg: 3578,2(+/-321,2)MB/s
[51,881s][debug][gc,director    ] Select GC Workers (Normal), AvoidLongGCWorkers: 0,042, AvoidOOMGCWorkers: 0,597, LastGCWorkers: 1,000, GCWorkers: 0,597
[51,881s][debug][gc,director    ] Rule: Allocation Rate (Dynamic GC Workers), MaxAllocRate: 4704,8MB/s (+/-9,0%), Free: 3608MB, GCCPUTime: 0,422, GCDuration: 0,422s, TimeUntilOOM: 0,704s, TimeUntilGC: 0,182s, GCWorkers: 1 -> 1
[51,881s][debug][gc,director    ] Rule: High Usage, Free: 3608MB(29,4%)
[51,881s][debug][gc,director    ] Rule: Proactive, AcceptableGCInterval: 4,281s, TimeSinceLastGC: 1,946s, TimeUntilGC: 2,335s
[51,981s][debug][gc,alloc       ] Allocation Rate: 3380,0MB/s, Predicted: 3649,5MB/s, Avg: 3528,0(+/-308,8)MB/s
[51,981s][debug][gc,director    ] Select GC Workers (Normal), AvoidLongGCWorkers: 0,042, AvoidOOMGCWorkers: 0,631, LastGCWorkers: 1,000, GCWorkers: 0,631
[51,981s][debug][gc,director    ] Rule: Allocation Rate (Dynamic GC Workers), MaxAllocRate: 4665,7MB/s (+/-8,8%), Free: 3382MB, GCCPUTime: 0,422, GCDuration: 0,422s, TimeUntilOOM: 0,667s, TimeUntilGC: 0,145s, GCWorkers: 1 -> 1
[51,981s][debug][gc,director    ] Rule: High Usage, Free: 3382MB(27,5%)
[51,981s][debug][gc,director    ] Rule: Proactive, AcceptableGCInterval: 4,281s, TimeSinceLastGC: 2,046s, TimeUntilGC: 2,235s
[52,082s][debug][gc,alloc       ] Allocation Rate: 3402,0MB/s, Predicted: 3548,4MB/s, Avg: 3534,4(+/-305,5)MB/s
[52,082s][debug][gc,director    ] Select GC Workers (Normal), AvoidLongGCWorkers: 0,042, AvoidOOMGCWorkers: 0,656, LastGCWorkers: 1,000, GCWorkers: 0,656
[52,082s][debug][gc,director    ] Rule: Allocation Rate (Dynamic GC Workers), MaxAllocRate: 4553,6MB/s (+/-8,6%), Free: 3172MB, GCCPUTime: 0,422, GCDuration: 0,422s, TimeUntilOOM: 0,641s, TimeUntilGC: 0,119s, GCWorkers: 1 -> 1
[52,082s][debug][gc,director    ] Rule: High Usage, Free: 3172MB(25,8%)
[52,082s][debug][gc,director    ] Rule: Proactive, AcceptableGCInterval: 4,281s, TimeSinceLastGC: 2,147s, TimeUntilGC: 2,135s
[52,182s][debug][gc,alloc       ] Allocation Rate: 3406,0MB/s, Predicted: 3455,9MB/s, Avg: 3537,0(+/-304,3)MB/s
[52,182s][debug][gc,director    ] Select GC Workers (Normal), AvoidLongGCWorkers: 0,042, AvoidOOMGCWorkers: 0,698, LastGCWorkers: 1,000, GCWorkers: 0,698
[52,182s][debug][gc,director    ] Rule: Allocation Rate (Dynamic GC Workers), MaxAllocRate: 4538,2MB/s (+/-8,6%), Free: 2972MB, GCCPUTime: 0,422, GCDuration: 0,422s, TimeUntilOOM: 0,603s, TimeUntilGC: 0,081s, GCWorkers: 1 -> 1
[52,182s][debug][gc,director    ] Rule: High Usage, Free: 2972MB(24,2%)
[52,182s][debug][gc,director    ] Rule: Proactive, AcceptableGCInterval: 4,281s, TimeSinceLastGC: 2,247s, TimeUntilGC: 2,035s
[52,282s][debug][gc,alloc       ] Allocation Rate: 4082,0MB/s, Predicted: 3631,5MB/s, Avg: 3607,4(+/-338,8)MB/s
[52,282s][debug][gc,director    ] Select GC Workers (Normal), AvoidLongGCWorkers: 0,042, AvoidOOMGCWorkers: 1,061, LastGCWorkers: 1,000, GCWorkers: 1,061
[52,282s][debug][gc,director    ] Rule: Allocation Rate (Dynamic GC Workers), MaxAllocRate: 4746,3MB/s (+/-9,4%), Free: 2066MB, GCCPUTime: 0,422, GCDuration: 0,213s, TimeUntilOOM: 0,398s, TimeUntilGC: 0,085s, GCWorkers: 1 -> 2
[52,282s][debug][gc,heap        ] GC(17) Heap before GC invocations=17 (full 17):
[52,282s][debug][gc,heap        ] GC(17)  ZHeap           used 10180M, capacity 11772M, max capacity 12288M
[52,282s][debug][gc,heap        ] GC(17)  Metaspace       used 31606K, committed 32000K, reserved 1114112K
[52,282s][debug][gc,heap        ] GC(17)   class space    used 3443K, committed 3648K, reserved 1048576K
[52,282s][info ][gc,start       ] GC(17) Garbage Collection (Allocation Rate)
[52,282s][info ][gc,task        ] GC(17) Using 2 workers
[52,282s][debug][gc,phases,start] GC(17) Pause Mark Start
[52,282s][debug][gc,marking     ] GC(17) Using 2 mark stripes
[52,282s][debug][gc,marking     ] GC(17) Mark Worker/Stripe Distribution
[52,282s][debug][gc,marking     ] GC(17)   Worker 0(2) -> Stripe 0(2)
[52,282s][debug][gc,marking     ] GC(17)   Worker 1(2) -> Stripe 1(2)
[52,282s][info ][gc,phases      ] GC(17) Pause Mark Start 0,057ms
[52,282s][debug][gc,phases,start] GC(17) Concurrent Mark
[52,282s][debug][gc,task        ] GC(17) Executing Task: XMarkRootsTask, Active Workers: 2
[52,284s][debug][gc,tlab        ] GC(17) TLAB totals: thrds: 24  refills: 37129 max: 17828 slow allocs: 8457 max 592 waste:  2,0% gc: 2595192B max: 261584B slow: 186826928B max: 27857088B
[52,284s][debug][gc,task        ] GC(17) Executing Task: XMarkTask, Active Workers: 2
[52,381s][debug][gc,alloc       ] Allocation Rate: 3248,0MB/s, Predicted: 3614,8MB/s, Avg: 3523,8(+/-313,1)MB/s
[52,438s][info ][gc,phases      ] GC(17) Concurrent Mark 155,692ms
[52,438s][debug][gc,phases,start] GC(17) Pause Mark End
[52,438s][info ][gc,phases      ] GC(17) Pause Mark End 0,031ms
[52,438s][debug][gc,phases,start] GC(17) Concurrent Mark Free
[52,438s][info ][gc,phases      ] GC(17) Concurrent Mark Free 0,019ms
[52,438s][debug][gc,phases,start] GC(17) Concurrent Process Non-Strong References
[52,438s][debug][gc,phases,start] GC(17) Concurrent References Process
[52,438s][debug][gc,task        ] GC(17) Executing Task: XReferenceProcessorTask, Active Workers: 2
[52,440s][debug][gc,phases      ] GC(17) Concurrent References Process 1,496ms
[52,440s][debug][gc,task        ] GC(17) Executing Task: XProcessWeakRootsTask, Active Workers: 2
[52,440s][debug][gc,phases,start] GC(17) Concurrent Classes Unlink
[52,440s][debug][gc,phases,start] GC(17) ClassLoaderData
[52,440s][debug][gc,phases      ] GC(17) ClassLoaderData 0,049ms
[52,440s][debug][gc,phases,start] GC(17) Trigger cleanups
[52,440s][debug][gc,phases      ] GC(17) Trigger cleanups 0,005ms
[52,440s][debug][gc,task        ] GC(17) Executing Task: XNMethodUnlinkTask, Active Workers: 2
[52,443s][debug][gc,phases      ] GC(17) Concurrent Classes Unlink 2,786ms
[52,443s][debug][gc,phases,start] GC(17) Concurrent Classes Purge
[52,443s][debug][gc,nmethod     ] GC(17) Unregister NMethod: java.util.concurrent.ForkJoinPool.scan (0x000070b043b46e10)
[52,443s][debug][gc,nmethod     ] GC(17) Unregister NMethod: java.util.concurrent.ForkJoinPool.awaitWork (0x000070b063878b90)
[52,443s][debug][gc,nmethod     ] GC(17) Unregister NMethod: java.util.concurrent.ForkJoinPool$WorkQueue.push (0x000070b063888e90)
[52,443s][debug][gc,nmethod     ] GC(17) Unregister NMethod: net.openhft.chronicle.bytes.AbstractBytes.readSkip (0x000070b044082b90)
[52,443s][debug][gc,nmethod     ] GC(17) Unregister NMethod: java.lang.invoke.Invokers$Holder.linkToTargetMethod (0x000070b043d15f10)
[52,443s][debug][gc,nmethod     ] GC(17) Unregister NMethod: java.lang.ref.Reference.processPendingReferences (0x000070b043ff6c90)
[52,443s][debug][gc,nmethod     ] GC(17) Unregister NMethod: net.openhft.chronicle.bytes.AbstractBytes.peekUnsignedByte (0x000070b043f90090)
[52,443s][debug][gc,nmethod     ] GC(17) Unregister NMethod: io.sirix.page.SerializationType$1.deserializeFullReferencesPage (0x000070b04414a790)
[52,443s][debug][gc,phases      ] GC(17) Concurrent Classes Purge 0,079ms
[52,443s][debug][gc,phases,start] GC(17) Concurrent References Enqueue
[52,443s][debug][gc,phases      ] GC(17) Concurrent References Enqueue 0,007ms
[52,443s][info ][gc,phases      ] GC(17) Concurrent Process Non-Strong References 4,991ms
[52,443s][debug][gc,phases,start] GC(17) Concurrent Reset Relocation Set
[52,443s][info ][gc,phases      ] GC(17) Concurrent Reset Relocation Set 0,069ms
[52,443s][debug][gc,phases,start] GC(17) Concurrent Select Relocation Set
[52,444s][debug][gc,task        ] GC(17) Executing Task: XRelocationSetInstallTask, Active Workers: 2
[52,445s][info ][gc,phases      ] GC(17) Concurrent Select Relocation Set 1,436ms
[52,445s][debug][gc,phases,start] GC(17) Pause Relocate Start
[52,445s][info ][gc,phases      ] GC(17) Pause Relocate Start 0,025ms
[52,445s][debug][gc,phases,start] GC(17) Concurrent Relocate
[52,445s][debug][gc,task        ] GC(17) Executing Task: XRelocateTask, Active Workers: 2
[52,452s][info ][gc,phases      ] GC(17) Concurrent Relocate 6,922ms
[52,452s][debug][gc,heap        ] GC(17) Heap after GC invocations=18 (full 18):
[52,452s][debug][gc,heap        ] GC(17)  ZHeap           used 996M, capacity 11772M, max capacity 12288M
[52,452s][debug][gc,heap        ] GC(17)  Metaspace       used 31606K, committed 32000K, reserved 1114112K
[52,452s][debug][gc,heap        ] GC(17)   class space    used 3443K, committed 3648K, reserved 1048576K
[52,452s][info ][gc,load        ] GC(17) Load: 3,34/5,20/3,22
[52,452s][info ][gc,mmu         ] GC(17) MMU: 2ms/78,9%, 5ms/91,6%, 10ms/95,8%, 20ms/97,9%, 50ms/99,1%, 100ms/99,6%
[52,452s][info ][gc,marking     ] GC(17) Mark: 2 stripe(s), 2 proactive flush(es), 1 terminate flush(es), 0 completion(s), 0 continuation(s) 
[52,452s][info ][gc,marking     ] GC(17) Mark Stack Usage: 32M
[52,452s][info ][gc,nmethod     ] GC(17) NMethods: 3961 registered, 1302 unregistered
[52,452s][info ][gc,metaspace   ] GC(17) Metaspace: 30M used, 31M committed, 1088M reserved
[52,452s][info ][gc,ref         ] GC(17) Soft: 3931 encountered, 0 discovered, 0 enqueued
[52,452s][info ][gc,ref         ] GC(17) Weak: 1939 encountered, 162 discovered, 0 enqueued
[52,452s][info ][gc,ref         ] GC(17) Final: 12529 encountered, 12529 discovered, 12529 enqueued
[52,452s][info ][gc,ref         ] GC(17) Phantom: 577 encountered, 425 discovered, 175 enqueued
[52,452s][info ][gc,reloc       ] GC(17) Small Pages: 5074 / 10148M, Empty: 4130M, Relocated: 24M, In-Place: 0
[52,452s][info ][gc,reloc       ] GC(17) Medium Pages: 1 / 32M, Empty: 0M, Relocated: 0M, In-Place: 0
[52,452s][info ][gc,reloc       ] GC(17) Large Pages: 0 / 0M, Empty: 0M, Relocated: 0M, In-Place: 0
[52,452s][info ][gc,reloc       ] GC(17) Forwarding Usage: 3M
[52,452s][info ][gc,heap        ] GC(17) Min Capacity: 5120M(42%)
[52,452s][info ][gc,heap        ] GC(17) Max Capacity: 12288M(100%)
[52,452s][info ][gc,heap        ] GC(17) Soft Max Capacity: 12288M(100%)
[52,452s][info ][gc,heap        ] GC(17)                Mark Start          Mark End        Relocate Start      Relocate End           High               Low         
[52,452s][info ][gc,heap        ] GC(17)  Capacity:    11772M (96%)       11772M (96%)       11772M (96%)       11772M (96%)       11772M (96%)       11772M (96%)    
[52,452s][info ][gc,heap        ] GC(17)      Free:     2108M (17%)        1898M (15%)        6014M (49%)       11292M (92%)       11292M (92%)        1886M (15%)    
[52,452s][info ][gc,heap        ] GC(17)      Used:    10180M (83%)       10390M (85%)        6274M (51%)         996M (8%)        10402M (85%)         996M (8%)     
[52,452s][info ][gc,heap        ] GC(17)      Live:         -               559M (5%)          559M (5%)          559M (5%)             -                  -          
[52,452s][info ][gc,heap        ] GC(17) Allocated:         -               210M (2%)          224M (2%)          237M (2%)             -                  -          
[52,452s][info ][gc,heap        ] GC(17)   Garbage:         -              9620M (78%)        5490M (45%)         199M (2%)             -                  -          
[52,452s][info ][gc,heap        ] GC(17) Reclaimed:         -                  -              4130M (34%)        9421M (77%)            -                  -          
[52,452s][info ][gc             ] GC(17) Garbage Collection (Allocation Rate) 10180M(83%)->996M(8%)
[52,481s][debug][gc,alloc       ] Allocation Rate: 3358,0MB/s, Predicted: 3469,6MB/s, Avg: 3536,8(+/-303,0)MB/s
[52,481s][debug][gc,director    ] Select GC Workers (Try Lowering), AvoidLongGCWorkers: 0,038, AvoidOOMGCWorkers: 0,168, NextAvoidOOMGCWorkers: 0,190, LastGCWorkers: 2,000, GCWorkers: 1,000
[52,481s][debug][gc,director    ] Rule: Allocation Rate (Dynamic GC Workers), MaxAllocRate: 4534,0MB/s (+/-8,6%), Free: 11182MB, GCCPUTime: 0,384, GCDuration: 0,384s, TimeUntilOOM: 2,272s, TimeUntilGC: 1,788s, GCWorkers: 2 -> 1
[52,481s][debug][gc,director    ] Rule: High Usage, Free: 11182MB(91,0%)
[52,481s][debug][gc,director    ] Rule: Proactive, UsedUntilEnabled: 1160MB, TimeUntilEnabled: 299,971s
[52,582s][debug][gc,alloc       ] Allocation Rate: 3352,0MB/s, Predicted: 3351,2MB/s, Avg: 3535,0(+/-304,1)MB/s
[52,582s][debug][gc,director    ] Select GC Workers (Try Lowering), AvoidLongGCWorkers: 0,038, AvoidOOMGCWorkers: 0,171, NextAvoidOOMGCWorkers: 0,185, LastGCWorkers: 2,000, GCWorkers: 1,000
[52,582s][debug][gc,director    ] Rule: Allocation Rate (Dynamic GC Workers), MaxAllocRate: 4535,6MB/s (+/-8,6%), Free: 10958MB, GCCPUTime: 0,384, GCDuration: 0,384s, TimeUntilOOM: 2,225s, TimeUntilGC: 1,741s, GCWorkers: 2 -> 1
[52,582s][debug][gc,director    ] Rule: High Usage, Free: 10958MB(89,2%)
[52,582s][debug][gc,director    ] Rule: Proactive, UsedUntilEnabled: 936MB, TimeUntilEnabled: 299,870s
[52,682s][debug][gc,alloc       ] Allocation Rate: 3736,0MB/s, Predicted: 3395,1MB/s, Avg: 3568,8(+/-305,8)MB/s
[52,682s][debug][gc,director    ] Select GC Workers (Try Lowering), AvoidLongGCWorkers: 0,038, AvoidOOMGCWorkers: 0,183, NextAvoidOOMGCWorkers: 0,189, LastGCWorkers: 2,000, GCWorkers: 1,000
[52,682s][debug][gc,director    ] Rule: Allocation Rate (Dynamic GC Workers), MaxAllocRate: 4574,9MB/s (+/-8,6%), Free: 10340MB, GCCPUTime: 0,384, GCDuration: 0,384s, TimeUntilOOM: 2,082s, TimeUntilGC: 1,598s, GCWorkers: 2 -> 1
[52,682s][debug][gc,director    ] Rule: High Usage, Free: 10340MB(84,1%)
[52,682s][debug][gc,director    ] Rule: Proactive, UsedUntilEnabled: 318MB, TimeUntilEnabled: 299,770s
[52,782s][debug][gc,alloc       ] Allocation Rate: 3190,0MB/s, Predicted: 3403,3MB/s, Avg: 3471,0(+/-249,7)MB/s
[52,782s][debug][gc,director    ] Select GC Workers (Try Lowering), AvoidLongGCWorkers: 0,038, AvoidOOMGCWorkers: 0,177, NextAvoidOOMGCWorkers: 0,174, LastGCWorkers: 2,000, GCWorkers: 1,000
[52,782s][debug][gc,director    ] Rule: Allocation Rate (Dynamic GC Workers), MaxAllocRate: 4292,7MB/s (+/-7,2%), Free: 9894MB, GCCPUTime: 0,384, GCDuration: 0,384s, TimeUntilOOM: 2,150s, TimeUntilGC: 1,667s, GCWorkers: 2 -> 1
[52,782s][debug][gc,director    ] Rule: High Usage, Free: 9892MB(80,5%)
[52,782s][debug][gc,director    ] Rule: Proactive, AcceptableGCInterval: 3,881s, TimeSinceLastGC: 0,330s, TimeUntilGC: 3,551s
[52,881s][debug][gc,alloc       ] Allocation Rate: 3330,0MB/s, Predicted: 3369,6MB/s, Avg: 3448,4(+/-251,2)MB/s
[52,881s][debug][gc,director    ] Select GC Workers (Try Lowering), AvoidLongGCWorkers: 0,038, AvoidOOMGCWorkers: 0,180, NextAvoidOOMGCWorkers: 0,169, LastGCWorkers: 2,000, GCWorkers: 1,000
[52,881s][debug][gc,director    ] Rule: Allocation Rate (Dynamic GC Workers), MaxAllocRate: 4275,1MB/s (+/-7,3%), Free: 9698MB, GCCPUTime: 0,384, GCDuration: 0,384s, TimeUntilOOM: 2,114s, TimeUntilGC: 1,631s, GCWorkers: 2 -> 1
[52,881s][debug][gc,director    ] Rule: High Usage, Free: 9698MB(78,9%)
[52,881s][debug][gc,director    ] Rule: Proactive, AcceptableGCInterval: 3,881s, TimeSinceLastGC: 0,429s, TimeUntilGC: 3,452s
[52,981s][debug][gc,alloc       ] Allocation Rate: 3334,0MB/s, Predicted: 3305,6MB/s, Avg: 3443,8(+/-252,9)MB/s
[52,981s][debug][gc,director    ] Select GC Workers (Try Lowering), AvoidLongGCWorkers: 0,038, AvoidOOMGCWorkers: 0,185, NextAvoidOOMGCWorkers: 0,165, LastGCWorkers: 2,000, GCWorkers: 1,000
[52,982s][debug][gc,director    ] Rule: Allocation Rate (Dynamic GC Workers), MaxAllocRate: 4275,9MB/s (+/-7,3%), Free: 9470MB, GCCPUTime: 0,384, GCDuration: 0,384s, TimeUntilOOM: 2,063s, TimeUntilGC: 1,580s, GCWorkers: 2 -> 1
[52,982s][debug][gc,director    ] Rule: High Usage, Free: 9470MB(77,1%)
[52,982s][debug][gc,director    ] Rule: Proactive, AcceptableGCInterval: 3,881s, TimeSinceLastGC: 0,530s, TimeUntilGC: 3,352s
[53,082s][debug][gc,alloc       ] Allocation Rate: 3354,0MB/s, Predicted: 3258,5MB/s, Avg: 3439,0(+/-254,1)MB/s
[53,082s][debug][gc,director    ] Select GC Workers (Try Lowering), AvoidLongGCWorkers: 0,038, AvoidOOMGCWorkers: 0,189, NextAvoidOOMGCWorkers: 0,162, LastGCWorkers: 2,000, GCWorkers: 1,000
[53,082s][debug][gc,director    ] Rule: Allocation Rate (Dynamic GC Workers), MaxAllocRate: 4275,0MB/s (+/-7,4%), Free: 9240MB, GCCPUTime: 0,384, GCDuration: 0,384s, TimeUntilOOM: 2,013s, TimeUntilGC: 1,529s, GCWorkers: 2 -> 1
[53,082s][debug][gc,director    ] Rule: High Usage, Free: 9240MB(75,2%)
[53,082s][debug][gc,director    ] Rule: Proactive, AcceptableGCInterval: 3,881s, TimeSinceLastGC: 0,630s, TimeUntilGC: 3,251s
[53,182s][debug][gc,alloc       ] Allocation Rate: 4054,0MB/s, Predicted: 3495,7MB/s, Avg: 3503,8(+/-313,2)MB/s
[53,182s][debug][gc,director    ] Select GC Workers (Try Lowering), AvoidLongGCWorkers: 0,038, AvoidOOMGCWorkers: 0,226, NextAvoidOOMGCWorkers: 0,179, LastGCWorkers: 2,000, GCWorkers: 1,000
[53,182s][debug][gc,director    ] Rule: Allocation Rate (Dynamic GC Workers), MaxAllocRate: 4534,2MB/s (+/-8,9%), Free: 8338MB, GCCPUTime: 0,384, GCDuration: 0,384s, TimeUntilOOM: 1,688s, TimeUntilGC: 1,204s, GCWorkers: 2 -> 1
[53,182s][debug][gc,director    ] Rule: High Usage, Free: 8338MB(67,9%)
[53,182s][debug][gc,director    ] Rule: Proactive, AcceptableGCInterval: 3,881s, TimeSinceLastGC: 0,730s, TimeUntilGC: 3,151s
[53,282s][debug][gc,alloc       ] Allocation Rate: 3260,0MB/s, Predicted: 3552,4MB/s, Avg: 3421,6(+/-252,6)MB/s
[53,282s][debug][gc,director    ] Select GC Workers (Try Lowering), AvoidLongGCWorkers: 0,038, AvoidOOMGCWorkers: 0,218, NextAvoidOOMGCWorkers: 0,167, LastGCWorkers: 2,000, GCWorkers: 1,000
[53,282s][debug][gc,director    ] Rule: Allocation Rate (Dynamic GC Workers), MaxAllocRate: 4383,7MB/s (+/-7,4%), Free: 8228MB, GCCPUTime: 0,384, GCDuration: 0,384s, TimeUntilOOM: 1,748s, TimeUntilGC: 1,264s, GCWorkers: 2 -> 1
[53,282s][debug][gc,director    ] Rule: High Usage, Free: 8228MB(67,0%)
[53,282s][debug][gc,director    ] Rule: Proactive, AcceptableGCInterval: 3,881s, TimeSinceLastGC: 0,830s, TimeUntilGC: 3,051s
[53,381s][debug][gc,alloc       ] Allocation Rate: 3378,0MB/s, Predicted: 3488,7MB/s, Avg: 3434,6(+/-246,6)MB/s
[53,381s][debug][gc,director    ] Select GC Workers (Try Lowering), AvoidLongGCWorkers: 0,038, AvoidOOMGCWorkers: 0,219, NextAvoidOOMGCWorkers: 0,160, LastGCWorkers: 2,000, GCWorkers: 1,000
[53,381s][debug][gc,director    ] Rule: Allocation Rate (Dynamic GC Workers), MaxAllocRate: 4300,2MB/s (+/-7,2%), Free: 8010MB, GCCPUTime: 0,384, GCDuration: 0,384s, TimeUntilOOM: 1,738s, TimeUntilGC: 1,254s, GCWorkers: 2 -> 1
[53,381s][debug][gc,director    ] Rule: High Usage, Free: 8010MB(65,2%)
[53,381s][debug][gc,director    ] Rule: Proactive, AcceptableGCInterval: 3,881s, TimeSinceLastGC: 0,929s, TimeUntilGC: 2,952s
[53,481s][debug][gc,alloc       ] Allocation Rate: 3388,0MB/s, Predicted: 3449,6MB/s, Avg: 3437,6(+/-245,9)MB/s
[53,481s][debug][gc,director    ] Select GC Workers (Try Lowering), AvoidLongGCWorkers: 0,038, AvoidOOMGCWorkers: 0,223, NextAvoidOOMGCWorkers: 0,156, LastGCWorkers: 2,000, GCWorkers: 1,000
[53,481s][debug][gc,director    ] Rule: Allocation Rate (Dynamic GC Workers), MaxAllocRate: 4258,6MB/s (+/-7,2%), Free: 7794MB, GCCPUTime: 0,384, GCDuration: 0,384s, TimeUntilOOM: 1,708s, TimeUntilGC: 1,224s, GCWorkers: 2 -> 1
[53,481s][debug][gc,director    ] Rule: High Usage, Free: 7794MB(63,4%)
[53,482s][debug][gc,director    ] Rule: Proactive, AcceptableGCInterval: 3,881s, TimeSinceLastGC: 1,030s, TimeUntilGC: 2,852s
[53,582s][debug][gc,alloc       ] Allocation Rate: 4130,0MB/s, Predicted: 3703,7MB/s, Avg: 3515,4(+/-318,8)MB/s
[53,582s][debug][gc,director    ] Select GC Workers (Try Lowering), AvoidLongGCWorkers: 0,038, AvoidOOMGCWorkers: 0,290, NextAvoidOOMGCWorkers: 0,177, LastGCWorkers: 2,000, GCWorkers: 1,000
[53,582s][debug][gc,director    ] Rule: Allocation Rate (Dynamic GC Workers), MaxAllocRate: 4752,6MB/s (+/-9,1%), Free: 6824MB, GCCPUTime: 0,384, GCDuration: 0,384s, TimeUntilOOM: 1,316s, TimeUntilGC: 0,833s, GCWorkers: 2 -> 1
[53,582s][debug][gc,director    ] Rule: High Usage, Free: 6824MB(55,5%)
[53,582s][debug][gc,director    ] Rule: Proactive, AcceptableGCInterval: 3,881s, TimeSinceLastGC: 1,130s, TimeUntilGC: 2,751s
[53,682s][debug][gc,alloc       ] Allocation Rate: 3614,0MB/s, Predicted: 3802,0MB/s, Avg: 3503,2(+/-312,3)MB/s
[53,682s][debug][gc,director    ] Select GC Workers (Try Lowering), AvoidLongGCWorkers: 0,038, AvoidOOMGCWorkers: 0,298, NextAvoidOOMGCWorkers: 0,172, LastGCWorkers: 2,000, GCWorkers: 1,000
[53,682s][debug][gc,director    ] Rule: Allocation Rate (Dynamic GC Workers), MaxAllocRate: 4829,8MB/s (+/-8,9%), Free: 6730MB, GCCPUTime: 0,384, GCDuration: 0,384s, TimeUntilOOM: 1,279s, TimeUntilGC: 0,796s, GCWorkers: 2 -> 1
[53,682s][debug][gc,director    ] Rule: High Usage, Free: 6730MB(54,8%)
[53,682s][debug][gc,director    ] Rule: Proactive, AcceptableGCInterval: 3,881s, TimeSinceLastGC: 1,230s, TimeUntilGC: 2,651s
[53,781s][debug][gc,alloc       ] Allocation Rate: 3384,0MB/s, Predicted: 3670,8MB/s, Avg: 3522,6(+/-298,0)MB/s
[53,781s][debug][gc,director    ] Select GC Workers (Try Lowering), AvoidLongGCWorkers: 0,038, AvoidOOMGCWorkers: 0,296, NextAvoidOOMGCWorkers: 0,164, LastGCWorkers: 2,000, GCWorkers: 1,000
[53,781s][debug][gc,director    ] Rule: Allocation Rate (Dynamic GC Workers), MaxAllocRate: 4651,3MB/s (+/-8,5%), Free: 6510MB, GCCPUTime: 0,384, GCDuration: 0,384s, TimeUntilOOM: 1,290s, TimeUntilGC: 0,807s, GCWorkers: 2 -> 1
[53,781s][debug][gc,director    ] Rule: High Usage, Free: 6508MB(53,0%)
[53,781s][debug][gc,director    ] Rule: Proactive, AcceptableGCInterval: 3,881s, TimeSinceLastGC: 1,329s, TimeUntilGC: 2,552s
[53,881s][debug][gc,alloc       ] Allocation Rate: 3418,0MB/s, Predicted: 3577,6MB/s, Avg: 3531,4(+/-293,4)MB/s
[53,881s][debug][gc,director    ] Select GC Workers (Try Lowering), AvoidLongGCWorkers: 0,038, AvoidOOMGCWorkers: 0,299, NextAvoidOOMGCWorkers: 0,158, LastGCWorkers: 2,000, GCWorkers: 1,000
[53,881s][debug][gc,director    ] Rule: Allocation Rate (Dynamic GC Workers), MaxAllocRate: 4543,2MB/s (+/-8,3%), Free: 6282MB, GCCPUTime: 0,384, GCDuration: 0,384s, TimeUntilOOM: 1,277s, TimeUntilGC: 0,793s, GCWorkers: 2 -> 1
[53,881s][debug][gc,director    ] Rule: High Usage, Free: 6282MB(51,1%)
[53,881s][debug][gc,director    ] Rule: Proactive, AcceptableGCInterval: 3,881s, TimeSinceLastGC: 1,429s, TimeUntilGC: 2,452s
[53,981s][debug][gc,alloc       ] Allocation Rate: 3618,0MB/s, Predicted: 3559,6MB/s, Avg: 3559,8(+/-286,6)MB/s
[53,982s][debug][gc,director    ] Select GC Workers (Try Lowering), AvoidLongGCWorkers: 0,038, AvoidOOMGCWorkers: 0,317, NextAvoidOOMGCWorkers: 0,156, LastGCWorkers: 2,000, GCWorkers: 1,000
[53,982s][debug][gc,director    ] Rule: Allocation Rate (Dynamic GC Workers), MaxAllocRate: 4502,9MB/s (+/-8,1%), Free: 5850MB, GCCPUTime: 0,384, GCDuration: 0,384s, TimeUntilOOM: 1,202s, TimeUntilGC: 0,719s, GCWorkers: 2 -> 1
[53,982s][debug][gc,director    ] Rule: High Usage, Free: 5850MB(47,6%)
[53,982s][debug][gc,director    ] Rule: Proactive, AcceptableGCInterval: 3,881s, TimeSinceLastGC: 1,530s, TimeUntilGC: 2,351s
[54,082s][debug][gc,alloc       ] Allocation Rate: 4048,0MB/s, Predicted: 3700,0MB/s, Avg: 3629,2(+/-311,3)MB/s
[54,082s][debug][gc,director    ] Select GC Workers (Try Lowering), AvoidLongGCWorkers: 0,038, AvoidOOMGCWorkers: 0,377, NextAvoidOOMGCWorkers: 0,162, LastGCWorkers: 2,000, GCWorkers: 1,000
[54,082s][debug][gc,director    ] Rule: Allocation Rate (Dynamic GC Workers), MaxAllocRate: 4724,5MB/s (+/-8,6%), Free: 5192MB, GCCPUTime: 0,384, GCDuration: 0,384s, TimeUntilOOM: 1,012s, TimeUntilGC: 0,529s, GCWorkers: 2 -> 1
[54,082s][debug][gc,director    ] Rule: High Usage, Free: 5192MB(42,3%)
[54,082s][debug][gc,director    ] Rule: Proactive, AcceptableGCInterval: 3,881s, TimeSinceLastGC: 1,630s, TimeUntilGC: 2,251s
[54,182s][debug][gc,alloc       ] Allocation Rate: 3332,0MB/s, Predicted: 3694,4MB/s, Avg: 3557,0(+/-287,2)MB/s
[54,182s][debug][gc,director    ] Select GC Workers (Try Lowering), AvoidLongGCWorkers: 0,038, AvoidOOMGCWorkers: 0,382, NextAvoidOOMGCWorkers: 0,156, LastGCWorkers: 2,000, GCWorkers: 1,000
[54,182s][debug][gc,director    ] Rule: Allocation Rate (Dynamic GC Workers), MaxAllocRate: 4639,6MB/s (+/-8,1%), Free: 5008MB, GCCPUTime: 0,384, GCDuration: 0,384s, TimeUntilOOM: 0,999s, TimeUntilGC: 0,515s, GCWorkers: 2 -> 1
[54,182s][debug][gc,director    ] Rule: High Usage, Free: 5008MB(40,8%)
[54,182s][debug][gc,director    ] Rule: Proactive, AcceptableGCInterval: 3,881s, TimeSinceLastGC: 1,730s, TimeUntilGC: 2,151s
[54,281s][debug][gc,alloc       ] Allocation Rate: 3446,0MB/s, Predicted: 3570,8MB/s, Avg: 3575,6(+/-273,1)MB/s
[54,281s][debug][gc,director    ] Select GC Workers (Try Lowering), AvoidLongGCWorkers: 0,038, AvoidOOMGCWorkers: 0,384, NextAvoidOOMGCWorkers: 0,150, LastGCWorkers: 2,000, GCWorkers: 1,000
[54,281s][debug][gc,director    ] Rule: Allocation Rate (Dynamic GC Workers), MaxAllocRate: 4474,2MB/s (+/-7,6%), Free: 4782MB, GCCPUTime: 0,384, GCDuration: 0,384s, TimeUntilOOM: 0,993s, TimeUntilGC: 0,509s, GCWorkers: 2 -> 1
[54,281s][debug][gc,director    ] Rule: High Usage, Free: 4782MB(38,9%)
[54,281s][debug][gc,director    ] Rule: Proactive, AcceptableGCInterval: 3,881s, TimeSinceLastGC: 1,829s, TimeUntilGC: 2,052s
[54,381s][debug][gc,alloc       ] Allocation Rate: 3456,0MB/s, Predicted: 3470,3MB/s, Avg: 3583,4(+/-268,4)MB/s
[54,381s][debug][gc,director    ] Select GC Workers (Try Lowering), AvoidLongGCWorkers: 0,038, AvoidOOMGCWorkers: 0,402, NextAvoidOOMGCWorkers: 0,147, LastGCWorkers: 2,000, GCWorkers: 1,000
[54,381s][debug][gc,director    ] Rule: Allocation Rate (Dynamic GC Workers), MaxAllocRate: 4466,6MB/s (+/-7,5%), Free: 4554MB, GCCPUTime: 0,384, GCDuration: 0,384s, TimeUntilOOM: 0,949s, TimeUntilGC: 0,465s, GCWorkers: 2 -> 1
[54,381s][debug][gc,director    ] Rule: High Usage, Free: 4554MB(37,1%)
[54,381s][debug][gc,director    ] Rule: Proactive, AcceptableGCInterval: 3,881s, TimeSinceLastGC: 1,929s, TimeUntilGC: 1,952s
[54,482s][debug][gc,alloc       ] Allocation Rate: 4164,0MB/s, Predicted: 3650,4MB/s, Avg: 3661,0(+/-309,7)MB/s
[54,482s][debug][gc,director    ] Select GC Workers (Try Lowering), AvoidLongGCWorkers: 0,038, AvoidOOMGCWorkers: 0,534, NextAvoidOOMGCWorkers: 0,155, LastGCWorkers: 2,000, GCWorkers: 1,000
[54,482s][debug][gc,director    ] Rule: Allocation Rate (Dynamic GC Workers), MaxAllocRate: 4680,0MB/s (+/-8,5%), Free: 3630MB, GCCPUTime: 0,384, GCDuration: 0,384s, TimeUntilOOM: 0,715s, TimeUntilGC: 0,232s, GCWorkers: 2 -> 1
[54,482s][debug][gc,director    ] Rule: High Usage, Free: 3630MB(29,5%)
[54,482s][debug][gc,director    ] Rule: Proactive, AcceptableGCInterval: 3,881s, TimeSinceLastGC: 2,030s, TimeUntilGC: 1,851s
[54,582s][debug][gc,alloc       ] Allocation Rate: 3328,0MB/s, Predicted: 3642,3MB/s, Avg: 3580,8(+/-280,3)MB/s
[54,582s][debug][gc,director    ] Select GC Workers (Try Lowering), AvoidLongGCWorkers: 0,038, AvoidOOMGCWorkers: 0,537, NextAvoidOOMGCWorkers: 0,149, LastGCWorkers: 2,000, GCWorkers: 1,000
[54,582s][debug][gc,director    ] Rule: Allocation Rate (Dynamic GC Workers), MaxAllocRate: 4564,6MB/s (+/-7,8%), Free: 3500MB, GCCPUTime: 0,384, GCDuration: 0,384s, TimeUntilOOM: 0,711s, TimeUntilGC: 0,227s, GCWorkers: 2 -> 1
[54,582s][debug][gc,director    ] Rule: High Usage, Free: 3500MB(28,5%)
[54,582s][debug][gc,director    ] Rule: Proactive, AcceptableGCInterval: 3,881s, TimeSinceLastGC: 2,130s, TimeUntilGC: 1,751s
[54,682s][debug][gc,alloc       ] Allocation Rate: 3460,0MB/s, Predicted: 3602,8MB/s, Avg: 3565,4(+/-282,3)MB/s
[54,682s][debug][gc,director    ] Select GC Workers (Try Lowering), AvoidLongGCWorkers: 0,038, AvoidOOMGCWorkers: 0,572, NextAvoidOOMGCWorkers: 0,146, LastGCWorkers: 2,000, GCWorkers: 1,000
[54,682s][debug][gc,director    ] Rule: Allocation Rate (Dynamic GC Workers), MaxAllocRate: 4531,6MB/s (+/-7,9%), Free: 3270MB, GCCPUTime: 0,384, GCDuration: 0,384s, TimeUntilOOM: 0,669s, TimeUntilGC: 0,185s, GCWorkers: 2 -> 1
[54,682s][debug][gc,director    ] Rule: High Usage, Free: 3270MB(26,6%)
[54,682s][debug][gc,director    ] Rule: Proactive, AcceptableGCInterval: 3,881s, TimeSinceLastGC: 2,230s, TimeUntilGC: 1,651s
[54,781s][debug][gc,alloc       ] Allocation Rate: 3476,0MB/s, Predicted: 3518,7MB/s, Avg: 3574,6(+/-277,7)MB/s
[54,781s][debug][gc,director    ] Select GC Workers (Try Lowering), AvoidLongGCWorkers: 0,038, AvoidOOMGCWorkers: 0,610, NextAvoidOOMGCWorkers: 0,143, LastGCWorkers: 2,000, GCWorkers: 1,000
[54,781s][debug][gc,director    ] Rule: Allocation Rate (Dynamic GC Workers), MaxAllocRate: 4488,3MB/s (+/-7,8%), Free: 3034MB, GCCPUTime: 0,384, GCDuration: 0,384s, TimeUntilOOM: 0,627s, TimeUntilGC: 0,144s, GCWorkers: 2 -> 1
[54,781s][debug][gc,director    ] Rule: High Usage, Free: 3034MB(24,7%)
[54,781s][debug][gc,director    ] Rule: Proactive, AcceptableGCInterval: 3,881s, TimeSinceLastGC: 2,329s, TimeUntilGC: 1,552s
[54,881s][debug][gc,alloc       ] Allocation Rate: 4210,0MB/s, Predicted: 3731,1MB/s, Avg: 3653,8(+/-329,8)MB/s
[54,882s][debug][gc,director    ] Select GC Workers (Try Lowering), AvoidLongGCWorkers: 0,038, AvoidOOMGCWorkers: 0,972, NextAvoidOOMGCWorkers: 0,150, LastGCWorkers: 2,000, GCWorkers: 1,000
[54,882s][debug][gc,director    ] Rule: Allocation Rate (Dynamic GC Workers), MaxAllocRate: 4816,2MB/s (+/-9,0%), Free: 2072MB, GCCPUTime: 0,384, GCDuration: 0,384s, TimeUntilOOM: 0,395s, TimeUntilGC: -0,089s, GCWorkers: 2 -> 1
[54,882s][debug][gc,heap        ] GC(18) Heap before GC invocations=18 (full 18):
[54,882s][debug][gc,heap        ] GC(18)  ZHeap           used 10174M, capacity 11772M, max capacity 12288M
[54,882s][debug][gc,heap        ] GC(18)  Metaspace       used 31621K, committed 32064K, reserved 1114112K
[54,882s][debug][gc,heap        ] GC(18)   class space    used 3443K, committed 3648K, reserved 1048576K
[54,882s][info ][gc,start       ] GC(18) Garbage Collection (Allocation Rate)
[54,882s][info ][gc,task        ] GC(18) Using 1 workers
[54,882s][debug][gc,phases,start] GC(18) Pause Mark Start
[54,882s][debug][gc,marking     ] GC(18) Using 1 mark stripes
[54,882s][debug][gc,marking     ] GC(18) Mark Worker/Stripe Distribution
[54,882s][debug][gc,marking     ] GC(18)   Worker 0(1) -> Stripe 0(1)
[54,882s][info ][gc,phases      ] GC(18) Pause Mark Start 0,035ms
[54,882s][debug][gc,phases,start] GC(18) Concurrent Mark
[54,882s][debug][gc,task        ] GC(18) Executing Task: XMarkRootsTask, Active Workers: 1
[54,883s][debug][gc,tlab        ] GC(18) TLAB totals: thrds: 23  refills: 37128 max: 17812 slow allocs: 8455 max 589 waste:  2,0% gc: 2118184B max: 253328B slow: 186518360B max: 27437984B
[54,883s][debug][gc,task        ] GC(18) Executing Task: XMarkTask, Active Workers: 1
[54,982s][debug][gc,alloc       ] Allocation Rate: 3816,0MB/s, Predicted: 3786,4MB/s, Avg: 3673,6(+/-333,0)MB/s
[55,082s][debug][gc,alloc       ] Allocation Rate: 3384,0MB/s, Predicted: 3770,4MB/s, Avg: 3607,2(+/-317,5)MB/s
[55,182s][debug][gc,alloc       ] Allocation Rate: 3428,0MB/s, Predicted: 3625,3MB/s, Avg: 3616,8(+/-310,4)MB/s
[55,186s][info ][gc,phases      ] GC(18) Concurrent Mark 304,420ms
[55,186s][debug][gc,phases,start] GC(18) Pause Mark End
[55,187s][debug][gc,task        ] GC(18) Executing Task: XMarkTask, Active Workers: 1
[55,187s][debug][gc,marking     ] GC(18) Mark With Timeout (XWorker#4): Completed, 84 oops, 0,002ms
[55,187s][info ][gc,phases      ] GC(18) Pause Mark End 0,573ms
[55,188s][debug][gc,phases,start] GC(18) Concurrent Mark Free
[55,188s][info ][gc,phases      ] GC(18) Concurrent Mark Free 0,007ms
[55,188s][debug][gc,phases,start] GC(18) Concurrent Process Non-Strong References
[55,188s][debug][gc,phases,start] GC(18) Concurrent References Process
[55,188s][debug][gc,task        ] GC(18) Executing Task: XReferenceProcessorTask, Active Workers: 1
[55,190s][debug][gc,phases      ] GC(18) Concurrent References Process 2,470ms
[55,190s][debug][gc,task        ] GC(18) Executing Task: XProcessWeakRootsTask, Active Workers: 1
[55,191s][debug][gc,phases,start] GC(18) Concurrent Classes Unlink
[55,191s][debug][gc,phases,start] GC(18) ClassLoaderData
[55,191s][debug][gc,phases      ] GC(18) ClassLoaderData 0,050ms
[55,191s][debug][gc,phases,start] GC(18) Trigger cleanups
[55,191s][debug][gc,phases      ] GC(18) Trigger cleanups 0,004ms
[55,191s][debug][gc,task        ] GC(18) Executing Task: XNMethodUnlinkTask, Active Workers: 1
[55,195s][debug][gc,phases      ] GC(18) Concurrent Classes Unlink 4,467ms
[55,195s][debug][gc,phases,start] GC(18) Concurrent Classes Purge
[55,195s][debug][gc,nmethod     ] GC(18) Unregister NMethod: java.lang.String.compareTo (0x000070b04405d090)
[55,195s][debug][gc,nmethod     ] GC(18) Unregister NMethod: java.util.concurrent.ConcurrentHashMap.sumCount (0x000070b0442da110)
[55,195s][debug][gc,nmethod     ] GC(18) Unregister NMethod: com.github.benmanes.caffeine.cache.BaseMpscLinkedArrayQueue.poll (0x000070b043ade410)
[55,195s][debug][gc,phases      ] GC(18) Concurrent Classes Purge 0,040ms
[55,195s][debug][gc,phases,start] GC(18) Concurrent References Enqueue
[55,195s][debug][gc,phases      ] GC(18) Concurrent References Enqueue 0,008ms
[55,195s][info ][gc,phases      ] GC(18) Concurrent Process Non-Strong References 7,944ms
[55,195s][debug][gc,phases,start] GC(18) Concurrent Reset Relocation Set
[55,196s][info ][gc,phases      ] GC(18) Concurrent Reset Relocation Set 0,067ms
[55,196s][debug][gc,phases,start] GC(18) Concurrent Select Relocation Set
[55,196s][debug][gc,task        ] GC(18) Executing Task: XRelocationSetInstallTask, Active Workers: 1
[55,197s][info ][gc,phases      ] GC(18) Concurrent Select Relocation Set 1,679ms
[55,197s][debug][gc,phases,start] GC(18) Pause Relocate Start
[55,197s][info ][gc,phases      ] GC(18) Pause Relocate Start 0,027ms
[55,197s][debug][gc,phases,start] GC(18) Concurrent Relocate
[55,197s][debug][gc,task        ] GC(18) Executing Task: XRelocateTask, Active Workers: 1
[55,208s][info ][gc,phases      ] GC(18) Concurrent Relocate 10,567ms
[55,208s][debug][gc,heap        ] GC(18) Heap after GC invocations=19 (full 19):
[55,208s][debug][gc,heap        ] GC(18)  ZHeap           used 1310M, capacity 11772M, max capacity 12288M
[55,208s][debug][gc,heap        ] GC(18)  Metaspace       used 31623K, committed 32064K, reserved 1114112K
[55,208s][debug][gc,heap        ] GC(18)   class space    used 3443K, committed 3648K, reserved 1048576K
[55,208s][info ][gc,load        ] GC(18) Load: 3,34/5,20/3,22
[55,208s][info ][gc,mmu         ] GC(18) MMU: 2ms/71,4%, 5ms/88,5%, 10ms/94,3%, 20ms/97,0%, 50ms/98,8%, 100ms/99,4%
[55,208s][info ][gc,marking     ] GC(18) Mark: 1 stripe(s), 2 proactive flush(es), 1 terminate flush(es), 1 completion(s), 0 continuation(s) 
[55,208s][info ][gc,marking     ] GC(18) Mark Stack Usage: 32M
[55,208s][info ][gc,nmethod     ] GC(18) NMethods: 3984 registered, 1305 unregistered
[55,208s][info ][gc,metaspace   ] GC(18) Metaspace: 30M used, 31M committed, 1088M reserved
[55,208s][info ][gc,ref         ] GC(18) Soft: 3931 encountered, 0 discovered, 0 enqueued
[55,208s][info ][gc,ref         ] GC(18) Weak: 1939 encountered, 126 discovered, 0 enqueued
[55,208s][info ][gc,ref         ] GC(18) Final: 12527 encountered, 12527 discovered, 12527 enqueued
[55,208s][info ][gc,ref         ] GC(18) Phantom: 576 encountered, 428 discovered, 174 enqueued
[55,208s][info ][gc,reloc       ] GC(18) Small Pages: 5071 / 10142M, Empty: 4126M, Relocated: 26M, In-Place: 0
[55,208s][info ][gc,reloc       ] GC(18) Medium Pages: 1 / 32M, Empty: 0M, Relocated: 0M, In-Place: 0
[55,208s][info ][gc,reloc       ] GC(18) Large Pages: 0 / 0M, Empty: 0M, Relocated: 0M, In-Place: 0
[55,208s][info ][gc,reloc       ] GC(18) Forwarding Usage: 3M
[55,208s][info ][gc,heap        ] GC(18) Min Capacity: 5120M(42%)
[55,208s][info ][gc,heap        ] GC(18) Max Capacity: 12288M(100%)
[55,208s][info ][gc,heap        ] GC(18) Soft Max Capacity: 12288M(100%)
[55,208s][info ][gc,heap        ] GC(18)                Mark Start          Mark End        Relocate Start      Relocate End           High               Low         
[55,208s][info ][gc,heap        ] GC(18)  Capacity:    11772M (96%)       11772M (96%)       11772M (96%)       11772M (96%)       11772M (96%)       11772M (96%)    
[55,208s][info ][gc,heap        ] GC(18)      Free:     2114M (17%)        1612M (13%)        5716M (47%)       10978M (89%)       10978M (89%)        1592M (13%)    
[55,208s][info ][gc,heap        ] GC(18)      Used:    10174M (83%)       10676M (87%)        6572M (53%)        1310M (11%)       10696M (87%)        1310M (11%)    
[55,208s][info ][gc,heap        ] GC(18)      Live:         -               560M (5%)          560M (5%)          560M (5%)             -                  -          
[55,208s][info ][gc,heap        ] GC(18) Allocated:         -               502M (4%)          524M (4%)          551M (4%)             -                  -          
[55,208s][info ][gc,heap        ] GC(18)   Garbage:         -              9613M (78%)        5487M (45%)         197M (2%)             -                  -          
[55,208s][info ][gc,heap        ] GC(18) Reclaimed:         -                  -              4126M (34%)        9415M (77%)            -                  -          
[55,208s][info ][gc             ] GC(18) Garbage Collection (Allocation Rate) 10174M(83%)->1310M(11%)
[55,284s][debug][gc,alloc       ] Allocation Rate: 3618,0MB/s, Predicted: 3580,3MB/s, Avg: 3634,0(+/-305,2)MB/s
[55,284s][debug][gc,director    ] Select GC Workers (Normal), AvoidLongGCWorkers: 0,036, AvoidOOMGCWorkers: 0,171, LastGCWorkers: 1,000, GCWorkers: 0,171
[55,284s][debug][gc,director    ] Rule: Allocation Rate (Dynamic GC Workers), MaxAllocRate: 4638,3MB/s (+/-8,4%), Free: 10578MB, GCCPUTime: 0,363, GCDuration: 0,363s, TimeUntilOOM: 2,104s, TimeUntilGC: 1,641s, GCWorkers: 1 -> 1
[55,284s][debug][gc,director    ] Rule: High Usage, Free: 10576MB(86,1%)
[55,284s][debug][gc,director    ] Rule: Proactive, UsedUntilEnabled: 868MB, TimeUntilEnabled: 299,924s
[55,382s][debug][gc,alloc       ] Allocation Rate: 4078,0MB/s, Predicted: 3710,4MB/s, Avg: 3696,2(+/-325,3)MB/s
[55,382s][debug][gc,director    ] Select GC Workers (Normal), AvoidLongGCWorkers: 0,036, AvoidOOMGCWorkers: 0,189, LastGCWorkers: 1,000, GCWorkers: 0,189
[55,382s][debug][gc,director    ] Rule: Allocation Rate (Dynamic GC Workers), MaxAllocRate: 4780,9MB/s (+/-8,8%), Free: 9892MB, GCCPUTime: 0,363, GCDuration: 0,363s, TimeUntilOOM: 1,902s, TimeUntilGC: 1,439s, GCWorkers: 1 -> 1
[55,382s][debug][gc,director    ] Rule: High Usage, Free: 9892MB(80,5%)
[55,382s][debug][gc,director    ] Rule: Proactive, UsedUntilEnabled: 184MB, TimeUntilEnabled: 299,826s
[55,482s][debug][gc,alloc       ] Allocation Rate: 3300,0MB/s, Predicted: 3676,7MB/s, Avg: 3609,8(+/-303,6)MB/s
[55,482s][debug][gc,director    ] Select GC Workers (Normal), AvoidLongGCWorkers: 0,036, AvoidOOMGCWorkers: 0,187, LastGCWorkers: 1,000, GCWorkers: 0,187
[55,482s][debug][gc,director    ] Rule: Allocation Rate (Dynamic GC Workers), MaxAllocRate: 4675,7MB/s (+/-8,4%), Free: 9746MB, GCCPUTime: 0,363, GCDuration: 0,363s, TimeUntilOOM: 1,923s, TimeUntilGC: 1,460s, GCWorkers: 1 -> 1
[55,482s][debug][gc,director    ] Rule: High Usage, Free: 9746MB(79,3%)
[55,482s][debug][gc,director    ] Rule: Proactive, UsedUntilEnabled: 38MB, TimeUntilEnabled: 299,726s
[55,582s][debug][gc,alloc       ] Allocation Rate: 3394,0MB/s, Predicted: 3515,2MB/s, Avg: 3616,4(+/-298,1)MB/s
[55,582s][debug][gc,director    ] Select GC Workers (Normal), AvoidLongGCWorkers: 0,036, AvoidOOMGCWorkers: 0,188, LastGCWorkers: 1,000, GCWorkers: 0,188
[55,582s][debug][gc,director    ] Rule: Allocation Rate (Dynamic GC Workers), MaxAllocRate: 4597,2MB/s (+/-8,2%), Free: 9522MB, GCCPUTime: 0,363, GCDuration: 0,363s, TimeUntilOOM: 1,914s, TimeUntilGC: 1,451s, GCWorkers: 1 -> 1
[55,582s][debug][gc,director    ] Rule: High Usage, Free: 9522MB(77,5%)
[55,582s][debug][gc,director    ] Rule: Proactive, AcceptableGCInterval: 3,685s, TimeSinceLastGC: 0,374s, TimeUntilGC: 3,311s
[55,682s][debug][gc,alloc       ] Allocation Rate: 3386,0MB/s, Predicted: 3381,3MB/s, Avg: 3609,0(+/-302,8)MB/s
[55,682s][debug][gc,director    ] Select GC Workers (Normal), AvoidLongGCWorkers: 0,036, AvoidOOMGCWorkers: 0,193, LastGCWorkers: 1,000, GCWorkers: 0,193
[55,682s][debug][gc,director    ] Rule: Allocation Rate (Dynamic GC Workers), MaxAllocRate: 4605,2MB/s (+/-8,4%), Free: 9300MB, GCCPUTime: 0,363, GCDuration: 0,363s, TimeUntilOOM: 1,863s, TimeUntilGC: 1,400s, GCWorkers: 1 -> 1
[55,682s][debug][gc,director    ] Rule: High Usage, Free: 9300MB(75,7%)
[55,682s][debug][gc,director    ] Rule: Proactive, AcceptableGCInterval: 3,685s, TimeSinceLastGC: 0,474s, TimeUntilGC: 3,211s
[55,781s][debug][gc,alloc       ] Allocation Rate: 4114,0MB/s, Predicted: 3547,9MB/s, Avg: 3672,8(+/-333,7)MB/s
[55,781s][debug][gc,director    ] Select GC Workers (Normal), AvoidLongGCWorkers: 0,036, AvoidOOMGCWorkers: 0,225, LastGCWorkers: 1,000, GCWorkers: 0,225
[55,781s][debug][gc,director    ] Rule: Allocation Rate (Dynamic GC Workers), MaxAllocRate: 4770,7MB/s (+/-9,1%), Free: 8336MB, GCCPUTime: 0,363, GCDuration: 0,363s, TimeUntilOOM: 1,602s, TimeUntilGC: 1,139s, GCWorkers: 1 -> 1
[55,781s][debug][gc,director    ] Rule: High Usage, Free: 8336MB(67,8%)
[55,781s][debug][gc,director    ] Rule: Proactive, AcceptableGCInterval: 3,685s, TimeSinceLastGC: 0,573s, TimeUntilGC: 3,111s
[55,882s][debug][gc,alloc       ] Allocation Rate: 3234,0MB/s, Predicted: 3515,6MB/s, Avg: 3575,2(+/-303,6)MB/s
[55,882s][debug][gc,director    ] Select GC Workers (Normal), AvoidLongGCWorkers: 0,036, AvoidOOMGCWorkers: 0,217, LastGCWorkers: 1,000, GCWorkers: 0,217
[55,882s][debug][gc,director    ] Rule: Allocation Rate (Dynamic GC Workers), MaxAllocRate: 4574,3MB/s (+/-8,5%), Free: 8254MB, GCCPUTime: 0,363, GCDuration: 0,363s, TimeUntilOOM: 1,663s, TimeUntilGC: 1,200s, GCWorkers: 1 -> 1
[55,882s][debug][gc,director    ] Rule: High Usage, Free: 8254MB(67,2%)
[55,882s][debug][gc,director    ] Rule: Proactive, AcceptableGCInterval: 3,685s, TimeSinceLastGC: 0,674s, TimeUntilGC: 3,011s
[55,982s][debug][gc,alloc       ] Allocation Rate: 3424,0MB/s, Predicted: 3519,3MB/s, Avg: 3536,0(+/-295,2)MB/s
[55,982s][debug][gc,director    ] Select GC Workers (Normal), AvoidLongGCWorkers: 0,036, AvoidOOMGCWorkers: 0,219, LastGCWorkers: 1,000, GCWorkers: 0,219
[55,982s][debug][gc,director    ] Rule: Allocation Rate (Dynamic GC Workers), MaxAllocRate: 4507,4MB/s (+/-8,3%), Free: 8028MB, GCCPUTime: 0,363, GCDuration: 0,363s, TimeUntilOOM: 1,644s, TimeUntilGC: 1,181s, GCWorkers: 1 -> 1
[55,982s][debug][gc,director    ] Rule: High Usage, Free: 8028MB(65,3%)
[55,982s][debug][gc,director    ] Rule: Proactive, AcceptableGCInterval: 3,685s, TimeSinceLastGC: 0,774s, TimeUntilGC: 2,911s
[56,082s][debug][gc,alloc       ] Allocation Rate: 3424,0MB/s, Predicted: 3434,0MB/s, Avg: 3540,0(+/-293,4)MB/s
[56,082s][debug][gc,director    ] Select GC Workers (Normal), AvoidLongGCWorkers: 0,036, AvoidOOMGCWorkers: 0,225, LastGCWorkers: 1,000, GCWorkers: 0,225
[56,082s][debug][gc,director    ] Rule: Allocation Rate (Dynamic GC Workers), MaxAllocRate: 4505,4MB/s (+/-8,3%), Free: 7800MB, GCCPUTime: 0,363, GCDuration: 0,363s, TimeUntilOOM: 1,599s, TimeUntilGC: 1,136s, GCWorkers: 1 -> 1
[56,082s][debug][gc,director    ] Rule: High Usage, Free: 7798MB(63,5%)
[56,082s][debug][gc,director    ] Rule: Proactive, AcceptableGCInterval: 3,685s, TimeSinceLastGC: 0,874s, TimeUntilGC: 2,811s
[56,184s][debug][gc,alloc       ] Allocation Rate: 4018,0MB/s, Predicted: 3595,3MB/s, Avg: 3599,0(+/-322,8)MB/s
[56,184s][debug][gc,director    ] Select GC Workers (Normal), AvoidLongGCWorkers: 0,036, AvoidOOMGCWorkers: 0,263, LastGCWorkers: 1,000, GCWorkers: 0,263
[56,184s][debug][gc,director    ] Rule: Allocation Rate (Dynamic GC Workers), MaxAllocRate: 4661,1MB/s (+/-9,0%), Free: 6972MB, GCCPUTime: 0,363, GCDuration: 0,363s, TimeUntilOOM: 1,373s, TimeUntilGC: 0,910s, GCWorkers: 1 -> 1
[56,184s][debug][gc,director    ] Rule: High Usage, Free: 6970MB(56,7%)
[56,184s][debug][gc,director    ] Rule: Proactive, AcceptableGCInterval: 3,685s, TimeSinceLastGC: 0,976s, TimeUntilGC: 2,708s
[56,282s][debug][gc,alloc       ] Allocation Rate: 3836,0MB/s, Predicted: 3695,2MB/s, Avg: 3620,8(+/-330,6)MB/s
[56,282s][debug][gc,director    ] Select GC Workers (Normal), AvoidLongGCWorkers: 0,036, AvoidOOMGCWorkers: 0,279, LastGCWorkers: 1,000, GCWorkers: 0,279
[56,282s][debug][gc,director    ] Rule: Allocation Rate (Dynamic GC Workers), MaxAllocRate: 4783,0MB/s (+/-9,1%), Free: 6744MB, GCCPUTime: 0,363, GCDuration: 0,363s, TimeUntilOOM: 1,292s, TimeUntilGC: 0,829s, GCWorkers: 1 -> 1
[56,282s][debug][gc,director    ] Rule: High Usage, Free: 6744MB(54,9%)
[56,282s][debug][gc,director    ] Rule: Proactive, AcceptableGCInterval: 3,685s, TimeSinceLastGC: 1,074s, TimeUntilGC: 2,611s
[56,382s][debug][gc,alloc       ] Allocation Rate: 3380,0MB/s, Predicted: 3720,8MB/s, Avg: 3551,0(+/-298,9)MB/s
[56,382s][debug][gc,director    ] Select GC Workers (Normal), AvoidLongGCWorkers: 0,036, AvoidOOMGCWorkers: 0,282, LastGCWorkers: 1,000, GCWorkers: 0,282
[56,382s][debug][gc,director    ] Rule: Allocation Rate (Dynamic GC Workers), MaxAllocRate: 4704,2MB/s (+/-8,4%), Free: 6512MB, GCCPUTime: 0,363, GCDuration: 0,363s, TimeUntilOOM: 1,277s, TimeUntilGC: 0,814s, GCWorkers: 1 -> 1
[56,382s][debug][gc,director    ] Rule: High Usage, Free: 6512MB(53,0%)
[56,382s][debug][gc,director    ] Rule: Proactive, AcceptableGCInterval: 3,685s, TimeSinceLastGC: 1,174s, TimeUntilGC: 2,511s
[56,482s][debug][gc,alloc       ] Allocation Rate: 3468,0MB/s, Predicted: 3620,7MB/s, Avg: 3567,8(+/-288,8)MB/s
[56,482s][debug][gc,director    ] Select GC Workers (Normal), AvoidLongGCWorkers: 0,036, AvoidOOMGCWorkers: 0,284, LastGCWorkers: 1,000, GCWorkers: 0,284
[56,482s][debug][gc,director    ] Rule: Allocation Rate (Dynamic GC Workers), MaxAllocRate: 4571,1MB/s (+/-8,1%), Free: 6276MB, GCCPUTime: 0,363, GCDuration: 0,363s, TimeUntilOOM: 1,270s, TimeUntilGC: 0,807s, GCWorkers: 1 -> 1
[56,482s][debug][gc,director    ] Rule: High Usage, Free: 6276MB(51,1%)
[56,482s][debug][gc,director    ] Rule: Proactive, AcceptableGCInterval: 3,685s, TimeSinceLastGC: 1,274s, TimeUntilGC: 2,411s
[56,584s][debug][gc,alloc       ] Allocation Rate: 3686,0MB/s, Predicted: 3621,6MB/s, Avg: 3597,0(+/-284,5)MB/s
[56,584s][debug][gc,director    ] Select GC Workers (Normal), AvoidLongGCWorkers: 0,036, AvoidOOMGCWorkers: 0,304, LastGCWorkers: 1,000, GCWorkers: 0,304
[56,584s][debug][gc,director    ] Rule: Allocation Rate (Dynamic GC Workers), MaxAllocRate: 4557,8MB/s (+/-7,9%), Free: 5834MB, GCCPUTime: 0,363, GCDuration: 0,363s, TimeUntilOOM: 1,186s, TimeUntilGC: 0,723s, GCWorkers: 1 -> 1
[56,584s][debug][gc,director    ] Rule: High Usage, Free: 5834MB(47,5%)
[56,584s][debug][gc,director    ] Rule: Proactive, AcceptableGCInterval: 3,685s, TimeSinceLastGC: 1,376s, TimeUntilGC: 2,308s
[56,682s][debug][gc,alloc       ] Allocation Rate: 4118,0MB/s, Predicted: 3773,7MB/s, Avg: 3670,2(+/-313,5)MB/s
[56,682s][debug][gc,director    ] Select GC Workers (Normal), AvoidLongGCWorkers: 0,036, AvoidOOMGCWorkers: 0,363, LastGCWorkers: 1,000, GCWorkers: 0,363
[56,682s][debug][gc,director    ] Rule: Allocation Rate (Dynamic GC Workers), MaxAllocRate: 4805,3MB/s (+/-8,5%), Free: 5182MB, GCCPUTime: 0,363, GCDuration: 0,363s, TimeUntilOOM: 0,994s, TimeUntilGC: 0,531s, GCWorkers: 1 -> 1
[56,682s][debug][gc,director    ] Rule: High Usage, Free: 5182MB(42,2%)
[56,682s][debug][gc,director    ] Rule: Proactive, AcceptableGCInterval: 3,685s, TimeSinceLastGC: 1,474s, TimeUntilGC: 2,211s
[56,782s][debug][gc,alloc       ] Allocation Rate: 3340,0MB/s, Predicted: 3760,0MB/s, Avg: 3592,8(+/-289,0)MB/s
[56,782s][debug][gc,director    ] Select GC Workers (Normal), AvoidLongGCWorkers: 0,036, AvoidOOMGCWorkers: 0,368, LastGCWorkers: 1,000, GCWorkers: 0,368
[56,782s][debug][gc,director    ] Rule: Allocation Rate (Dynamic GC Workers), MaxAllocRate: 4710,8MB/s (+/-8,0%), Free: 4996MB, GCCPUTime: 0,363, GCDuration: 0,363s, TimeUntilOOM: 0,982s, TimeUntilGC: 0,519s, GCWorkers: 1 -> 1
[56,782s][debug][gc,director    ] Rule: High Usage, Free: 4996MB(40,7%)
[56,782s][debug][gc,director    ] Rule: Proactive, AcceptableGCInterval: 3,685s, TimeSinceLastGC: 1,574s, TimeUntilGC: 2,111s
[56,881s][debug][gc,alloc       ] Allocation Rate: 3488,0MB/s, Predicted: 3622,4MB/s, Avg: 3618,2(+/-266,6)MB/s
[56,881s][debug][gc,director    ] Select GC Workers (Normal), AvoidLongGCWorkers: 0,036, AvoidOOMGCWorkers: 0,366, LastGCWorkers: 1,000, GCWorkers: 0,366
[56,881s][debug][gc,director    ] Rule: Allocation Rate (Dynamic GC Workers), MaxAllocRate: 4499,6MB/s (+/-7,4%), Free: 4766MB, GCCPUTime: 0,363, GCDuration: 0,363s, TimeUntilOOM: 0,987s, TimeUntilGC: 0,524s, GCWorkers: 1 -> 1
[56,881s][debug][gc,director    ] Rule: High Usage, Free: 4766MB(38,8%)
[56,881s][debug][gc,director    ] Rule: Proactive, AcceptableGCInterval: 3,685s, TimeSinceLastGC: 1,673s, TimeUntilGC: 2,011s
[56,981s][debug][gc,alloc       ] Allocation Rate: 3498,0MB/s, Predicted: 3522,5MB/s, Avg: 3625,6(+/-262,1)MB/s
[56,981s][debug][gc,director    ] Select GC Workers (Normal), AvoidLongGCWorkers: 0,036, AvoidOOMGCWorkers: 0,383, LastGCWorkers: 1,000, GCWorkers: 0,383
[56,981s][debug][gc,director    ] Rule: Allocation Rate (Dynamic GC Workers), MaxAllocRate: 4488,0MB/s (+/-7,2%), Free: 4530MB, GCCPUTime: 0,363, GCDuration: 0,363s, TimeUntilOOM: 0,941s, TimeUntilGC: 0,478s, GCWorkers: 1 -> 1
[56,981s][debug][gc,director    ] Rule: High Usage, Free: 4530MB(36,9%)
[56,981s][debug][gc,director    ] Rule: Proactive, AcceptableGCInterval: 3,685s, TimeSinceLastGC: 1,773s, TimeUntilGC: 1,911s
[57,081s][debug][gc,alloc       ] Allocation Rate: 4176,0MB/s, Predicted: 3688,9MB/s, Avg: 3700,8(+/-298,8)MB/s
[57,082s][debug][gc,director    ] Select GC Workers (Normal), AvoidLongGCWorkers: 0,036, AvoidOOMGCWorkers: 0,505, LastGCWorkers: 1,000, GCWorkers: 0,505
[57,082s][debug][gc,director    ] Rule: Allocation Rate (Dynamic GC Workers), MaxAllocRate: 4683,9MB/s (+/-8,1%), Free: 3624MB, GCCPUTime: 0,363, GCDuration: 0,363s, TimeUntilOOM: 0,716s, TimeUntilGC: 0,253s, GCWorkers: 1 -> 1
[57,082s][debug][gc,director    ] Rule: High Usage, Free: 3624MB(29,5%)
[57,082s][debug][gc,director    ] Rule: Proactive, AcceptableGCInterval: 3,685s, TimeSinceLastGC: 1,873s, TimeUntilGC: 1,811s
[57,182s][debug][gc,alloc       ] Allocation Rate: 3476,0MB/s, Predicted: 3683,6MB/s, Avg: 3646,6(+/-285,2)MB/s
[57,182s][debug][gc,director    ] Select GC Workers (Normal), AvoidLongGCWorkers: 0,036, AvoidOOMGCWorkers: 0,514, LastGCWorkers: 1,000, GCWorkers: 0,514
[57,182s][debug][gc,director    ] Rule: Allocation Rate (Dynamic GC Workers), MaxAllocRate: 4622,0MB/s (+/-7,8%), Free: 3502MB, GCCPUTime: 0,363, GCDuration: 0,363s, TimeUntilOOM: 0,703s, TimeUntilGC: 0,240s, GCWorkers: 1 -> 1
[57,182s][debug][gc,director    ] Rule: High Usage, Free: 3502MB(28,5%)
[57,182s][debug][gc,director    ] Rule: Proactive, AcceptableGCInterval: 3,685s, TimeSinceLastGC: 1,974s, TimeUntilGC: 1,711s
[57,282s][debug][gc,alloc       ] Allocation Rate: 3480,0MB/s, Predicted: 3667,5MB/s, Avg: 3611,0(+/-281,5)MB/s
[57,282s][debug][gc,director    ] Select GC Workers (Normal), AvoidLongGCWorkers: 0,036, AvoidOOMGCWorkers: 0,548, LastGCWorkers: 1,000, GCWorkers: 0,548
[57,282s][debug][gc,director    ] Rule: Allocation Rate (Dynamic GC Workers), MaxAllocRate: 4593,8MB/s (+/-7,8%), Free: 3264MB, GCCPUTime: 0,363, GCDuration: 0,363s, TimeUntilOOM: 0,659s, TimeUntilGC: 0,196s, GCWorkers: 1 -> 1
[57,282s][debug][gc,director    ] Rule: High Usage, Free: 3264MB(26,6%)
[57,282s][debug][gc,director    ] Rule: Proactive, AcceptableGCInterval: 3,685s, TimeSinceLastGC: 2,074s, TimeUntilGC: 1,611s
[57,382s][debug][gc,alloc       ] Allocation Rate: 3482,0MB/s, Predicted: 3554,3MB/s, Avg: 3621,2(+/-274,7)MB/s
[57,382s][debug][gc,director    ] Select GC Workers (Normal), AvoidLongGCWorkers: 0,036, AvoidOOMGCWorkers: 0,581, LastGCWorkers: 1,000, GCWorkers: 0,581
[57,382s][debug][gc,director    ] Rule: Allocation Rate (Dynamic GC Workers), MaxAllocRate: 4525,2MB/s (+/-7,6%), Free: 3030MB, GCCPUTime: 0,363, GCDuration: 0,363s, TimeUntilOOM: 0,622s, TimeUntilGC: 0,160s, GCWorkers: 1 -> 1
[57,382s][debug][gc,director    ] Rule: High Usage, Free: 3030MB(24,7%)
[57,382s][debug][gc,director    ] Rule: Proactive, AcceptableGCInterval: 3,685s, TimeSinceLastGC: 2,174s, TimeUntilGC: 1,511s
[57,481s][debug][gc,alloc       ] Allocation Rate: 4216,0MB/s, Predicted: 3751,3MB/s, Avg: 3696,0(+/-320,8)MB/s
[57,481s][debug][gc,director    ] Select GC Workers (Normal), AvoidLongGCWorkers: 0,036, AvoidOOMGCWorkers: 0,919, LastGCWorkers: 1,000, GCWorkers: 0,919
[57,481s][debug][gc,director    ] Rule: Allocation Rate (Dynamic GC Workers), MaxAllocRate: 4806,9MB/s (+/-8,7%), Free: 2062MB, GCCPUTime: 0,363, GCDuration: 0,363s, TimeUntilOOM: 0,395s, TimeUntilGC: -0,068s, GCWorkers: 1 -> 1
[57,481s][debug][gc,heap        ] GC(19) Heap before GC invocations=19 (full 19):
[57,481s][debug][gc,heap        ] GC(19)  ZHeap           used 10184M, capacity 11772M, max capacity 12288M
[57,481s][debug][gc,heap        ] GC(19)  Metaspace       used 31627K, committed 32064K, reserved 1114112K
[57,481s][debug][gc,heap        ] GC(19)   class space    used 3443K, committed 3648K, reserved 1048576K
[57,481s][info ][gc,start       ] GC(19) Garbage Collection (Allocation Rate)
[57,481s][info ][gc,task        ] GC(19) Using 1 workers
[57,481s][debug][gc,phases,start] GC(19) Pause Mark Start
[57,481s][debug][gc,marking     ] GC(19) Using 1 mark stripes
[57,481s][debug][gc,marking     ] GC(19) Mark Worker/Stripe Distribution
[57,482s][debug][gc,marking     ] GC(19)   Worker 0(1) -> Stripe 0(1)
[57,482s][info ][gc,phases      ] GC(19) Pause Mark Start 0,038ms
[57,482s][debug][gc,phases,start] GC(19) Concurrent Mark
[57,482s][debug][gc,task        ] GC(19) Executing Task: XMarkRootsTask, Active Workers: 1
[57,482s][debug][gc,tlab        ] GC(19) TLAB totals: thrds: 24  refills: 37140 max: 17852 slow allocs: 8481 max 569 waste:  2,0% gc: 2180176B max: 253112B slow: 186577072B max: 27764120B
[57,482s][debug][gc,task        ] GC(19) Executing Task: XMarkTask, Active Workers: 1
[57,581s][debug][gc,alloc       ] Allocation Rate: 3850,0MB/s, Predicted: 3810,3MB/s, Avg: 3712,4(+/-324,0)MB/s
[57,682s][debug][gc,alloc       ] Allocation Rate: 3414,0MB/s, Predicted: 3799,1MB/s, Avg: 3642,0(+/-304,1)MB/s
[57,781s][info ][gc,phases      ] GC(19) Concurrent Mark 298,998ms
[57,781s][debug][gc,phases,start] GC(19) Pause Mark End
[57,781s][debug][gc,task        ] GC(19) Executing Task: XMarkTask, Active Workers: 1
[57,781s][debug][gc,marking     ] GC(19) Mark With Timeout (XWorker#0): Completed, 176 oops, 0,002ms
[57,781s][info ][gc,phases      ] GC(19) Pause Mark End 0,248ms
[57,781s][debug][gc,phases,start] GC(19) Concurrent Mark Free
[57,781s][info ][gc,phases      ] GC(19) Concurrent Mark Free 0,020ms
[57,781s][debug][gc,phases,start] GC(19) Concurrent Process Non-Strong References
[57,781s][debug][gc,phases,start] GC(19) Concurrent References Process
[57,781s][debug][gc,task        ] GC(19) Executing Task: XReferenceProcessorTask, Active Workers: 1
[57,782s][debug][gc,alloc       ] Allocation Rate: 3446,0MB/s, Predicted: 3640,1MB/s, Avg: 3652,6(+/-295,1)MB/s
[57,784s][debug][gc,phases      ] GC(19) Concurrent References Process 2,419ms
[57,784s][debug][gc,task        ] GC(19) Executing Task: XProcessWeakRootsTask, Active Workers: 1
[57,784s][debug][gc,phases,start] GC(19) Concurrent Classes Unlink
[57,784s][debug][gc,phases,start] GC(19) ClassLoaderData
[57,784s][debug][gc,phases      ] GC(19) ClassLoaderData 0,028ms
[57,784s][debug][gc,phases,start] GC(19) Trigger cleanups
[57,784s][debug][gc,phases      ] GC(19) Trigger cleanups 0,007ms
[57,784s][debug][gc,task        ] GC(19) Executing Task: XNMethodUnlinkTask, Active Workers: 1
[57,788s][debug][gc,phases      ] GC(19) Concurrent Classes Unlink 3,635ms
[57,788s][debug][gc,phases,start] GC(19) Concurrent Classes Purge
[57,788s][debug][gc,nmethod     ] GC(19) Unregister NMethod: io.sirix.access.trx.page.AbstractForwardingPageReadOnlyTrx.getResourceSession (0x000070b04410e810)
[57,788s][debug][gc,nmethod     ] GC(19) Unregister NMethod: com.github.benmanes.caffeine.cache.PSMW.getPreviousInAccessOrder (0x000070b0441b0910)
[57,788s][debug][gc,phases      ] GC(19) Concurrent Classes Purge 0,034ms
[57,788s][debug][gc,phases,start] GC(19) Concurrent References Enqueue
[57,788s][debug][gc,phases      ] GC(19) Concurrent References Enqueue 0,009ms
[57,788s][info ][gc,phases      ] GC(19) Concurrent Process Non-Strong References 7,046ms
[57,788s][debug][gc,phases,start] GC(19) Concurrent Reset Relocation Set
[57,788s][info ][gc,phases      ] GC(19) Concurrent Reset Relocation Set 0,088ms
[57,788s][debug][gc,phases,start] GC(19) Concurrent Select Relocation Set
[57,790s][debug][gc,task        ] GC(19) Executing Task: XRelocationSetInstallTask, Active Workers: 1
[57,790s][info ][gc,phases      ] GC(19) Concurrent Select Relocation Set 2,125ms
[57,790s][debug][gc,phases,start] GC(19) Pause Relocate Start
[57,791s][info ][gc,phases      ] GC(19) Pause Relocate Start 0,032ms
[57,791s][debug][gc,phases,start] GC(19) Concurrent Relocate
[57,791s][debug][gc,task        ] GC(19) Executing Task: XRelocateTask, Active Workers: 1
[57,802s][info ][gc,phases      ] GC(19) Concurrent Relocate 11,364ms
[57,802s][debug][gc,heap        ] GC(19) Heap after GC invocations=20 (full 20):
[57,802s][debug][gc,heap        ] GC(19)  ZHeap           used 1314M, capacity 11772M, max capacity 12288M
[57,802s][debug][gc,heap        ] GC(19)  Metaspace       used 31638K, committed 32064K, reserved 1114112K
[57,802s][debug][gc,heap        ] GC(19)   class space    used 3443K, committed 3648K, reserved 1048576K
[57,802s][info ][gc,load        ] GC(19) Load: 3,15/5,13/3,21
[57,802s][info ][gc,mmu         ] GC(19) MMU: 2ms/71,4%, 5ms/88,5%, 10ms/94,3%, 20ms/97,0%, 50ms/98,8%, 100ms/99,4%
[57,802s][info ][gc,marking     ] GC(19) Mark: 1 stripe(s), 2 proactive flush(es), 1 terminate flush(es), 1 completion(s), 0 continuation(s) 
[57,802s][info ][gc,marking     ] GC(19) Mark Stack Usage: 32M
[57,802s][info ][gc,nmethod     ] GC(19) NMethods: 4000 registered, 1307 unregistered
[57,802s][info ][gc,metaspace   ] GC(19) Metaspace: 30M used, 31M committed, 1088M reserved
[57,802s][info ][gc,ref         ] GC(19) Soft: 3931 encountered, 0 discovered, 0 enqueued
[57,802s][info ][gc,ref         ] GC(19) Weak: 1939 encountered, 126 discovered, 0 enqueued
[57,802s][info ][gc,ref         ] GC(19) Final: 12529 encountered, 12529 discovered, 12529 enqueued
[57,802s][info ][gc,ref         ] GC(19) Phantom: 577 encountered, 429 discovered, 175 enqueued
[57,802s][info ][gc,reloc       ] GC(19) Small Pages: 5076 / 10152M, Empty: 4140M, Relocated: 24M, In-Place: 0
[57,802s][info ][gc,reloc       ] GC(19) Medium Pages: 1 / 32M, Empty: 0M, Relocated: 0M, In-Place: 0
[57,802s][info ][gc,reloc       ] GC(19) Large Pages: 0 / 0M, Empty: 0M, Relocated: 0M, In-Place: 0
[57,802s][info ][gc,reloc       ] GC(19) Forwarding Usage: 3M
[57,802s][info ][gc,heap        ] GC(19) Min Capacity: 5120M(42%)
[57,802s][info ][gc,heap        ] GC(19) Max Capacity: 12288M(100%)
[57,802s][info ][gc,heap        ] GC(19) Soft Max Capacity: 12288M(100%)
[57,802s][info ][gc,heap        ] GC(19)                Mark Start          Mark End        Relocate Start      Relocate End           High               Low         
[57,802s][info ][gc,heap        ] GC(19)  Capacity:    11772M (96%)       11772M (96%)       11772M (96%)       11772M (96%)       11772M (96%)       11772M (96%)    
[57,802s][info ][gc,heap        ] GC(19)      Free:     2104M (17%)        1594M (13%)        5716M (47%)       10974M (89%)       10974M (89%)        1580M (13%)    
[57,802s][info ][gc,heap        ] GC(19)      Used:    10184M (83%)       10694M (87%)        6572M (53%)        1314M (11%)       10708M (87%)        1314M (11%)    
[57,802s][info ][gc,heap        ] GC(19)      Live:         -               561M (5%)          561M (5%)          561M (5%)             -                  -          
[57,802s][info ][gc,heap        ] GC(19) Allocated:         -               510M (4%)          528M (4%)          553M (5%)             -                  -          
[57,802s][info ][gc,heap        ] GC(19)   Garbage:         -              9622M (78%)        5482M (45%)         198M (2%)             -                  -          
[57,802s][info ][gc,heap        ] GC(19) Reclaimed:         -                  -              4140M (34%)        9423M (77%)            -                  -          
[57,802s][info ][gc             ] GC(19) Garbage Collection (Allocation Rate) 10184M(83%)->1314M(11%)
[57,884s][debug][gc,alloc       ] Allocation Rate: 3620,0MB/s, Predicted: 3583,2MB/s, Avg: 3665,8(+/-290,4)MB/s
[57,884s][debug][gc,director    ] Select GC Workers (Normal), AvoidLongGCWorkers: 0,034, AvoidOOMGCWorkers: 0,163, LastGCWorkers: 1,000, GCWorkers: 0,163
[57,884s][debug][gc,director    ] Rule: Allocation Rate (Dynamic GC Workers), MaxAllocRate: 4621,3MB/s (+/-7,9%), Free: 10564MB, GCCPUTime: 0,347, GCDuration: 0,347s, TimeUntilOOM: 2,118s, TimeUntilGC: 1,671s, GCWorkers: 1 -> 1
[57,884s][debug][gc,director    ] Rule: High Usage, Free: 10562MB(86,0%)
[57,884s][debug][gc,director    ] Rule: Proactive, UsedUntilEnabled: 858MB, TimeUntilEnabled: 299,918s
[57,981s][debug][gc,alloc       ] Allocation Rate: 4064,0MB/s, Predicted: 3697,7MB/s, Avg: 3722,4(+/-306,9)MB/s
[57,981s][debug][gc,director    ] Select GC Workers (Normal), AvoidLongGCWorkers: 0,034, AvoidOOMGCWorkers: 0,178, LastGCWorkers: 1,000, GCWorkers: 0,178
[57,981s][debug][gc,director    ] Rule: Allocation Rate (Dynamic GC Workers), MaxAllocRate: 4732,1MB/s (+/-8,2%), Free: 9890MB, GCCPUTime: 0,347, GCDuration: 0,347s, TimeUntilOOM: 1,931s, TimeUntilGC: 1,483s, GCWorkers: 1 -> 1
[57,981s][debug][gc,director    ] Rule: High Usage, Free: 9890MB(80,5%)
[57,981s][debug][gc,director    ] Rule: Proactive, UsedUntilEnabled: 186MB, TimeUntilEnabled: 299,820s
[58,082s][debug][gc,alloc       ] Allocation Rate: 3306,0MB/s, Predicted: 3652,1MB/s, Avg: 3635,4(+/-288,7)MB/s
[58,082s][debug][gc,director    ] Select GC Workers (Normal), AvoidLongGCWorkers: 0,034, AvoidOOMGCWorkers: 0,176, LastGCWorkers: 1,000, GCWorkers: 0,176
[58,082s][debug][gc,director    ] Rule: Allocation Rate (Dynamic GC Workers), MaxAllocRate: 4602,2MB/s (+/-7,9%), Free: 9742MB, GCCPUTime: 0,347, GCDuration: 0,347s, TimeUntilOOM: 1,961s, TimeUntilGC: 1,514s, GCWorkers: 1 -> 1
[58,082s][debug][gc,director    ] Rule: High Usage, Free: 9742MB(79,3%)
[58,082s][debug][gc,director    ] Rule: Proactive, UsedUntilEnabled: 38MB, TimeUntilEnabled: 299,720s
[58,182s][debug][gc,alloc       ] Allocation Rate: 3408,0MB/s, Predicted: 3518,7MB/s, Avg: 3628,6(+/-293,2)MB/s
[58,182s][debug][gc,director    ] Select GC Workers (Normal), AvoidLongGCWorkers: 0,034, AvoidOOMGCWorkers: 0,180, LastGCWorkers: 1,000, GCWorkers: 0,180
[58,182s][debug][gc,director    ] Rule: Allocation Rate (Dynamic GC Workers), MaxAllocRate: 4593,2MB/s (+/-8,1%), Free: 9518MB, GCCPUTime: 0,347, GCDuration: 0,347s, TimeUntilOOM: 1,917s, TimeUntilGC: 1,470s, GCWorkers: 1 -> 1
[58,182s][debug][gc,director    ] Rule: High Usage, Free: 9518MB(77,5%)
[58,182s][debug][gc,director    ] Rule: Proactive, AcceptableGCInterval: 3,536s, TimeSinceLastGC: 0,380s, TimeUntilGC: 3,156s
[58,282s][debug][gc,alloc       ] Allocation Rate: 3394,0MB/s, Predicted: 3385,2MB/s, Avg: 3620,0(+/-298,6)MB/s
[58,282s][debug][gc,director    ] Select GC Workers (Normal), AvoidLongGCWorkers: 0,034, AvoidOOMGCWorkers: 0,185, LastGCWorkers: 1,000, GCWorkers: 0,185
[58,282s][debug][gc,director    ] Rule: Allocation Rate (Dynamic GC Workers), MaxAllocRate: 4602,6MB/s (+/-8,2%), Free: 9294MB, GCCPUTime: 0,347, GCDuration: 0,347s, TimeUntilOOM: 1,865s, TimeUntilGC: 1,418s, GCWorkers: 1 -> 1
[58,282s][debug][gc,director    ] Rule: High Usage, Free: 9294MB(75,6%)
[58,282s][debug][gc,director    ] Rule: Proactive, AcceptableGCInterval: 3,536s, TimeSinceLastGC: 0,480s, TimeUntilGC: 3,056s
[58,381s][debug][gc,alloc       ] Allocation Rate: 4124,0MB/s, Predicted: 3550,0MB/s, Avg: 3684,2(+/-329,5)MB/s
[58,381s][debug][gc,director    ] Select GC Workers (Normal), AvoidLongGCWorkers: 0,034, AvoidOOMGCWorkers: 0,215, LastGCWorkers: 1,000, GCWorkers: 0,215
[58,381s][debug][gc,director    ] Rule: Allocation Rate (Dynamic GC Workers), MaxAllocRate: 4768,3MB/s (+/-8,9%), Free: 8330MB, GCCPUTime: 0,347, GCDuration: 0,347s, TimeUntilOOM: 1,604s, TimeUntilGC: 1,156s, GCWorkers: 1 -> 1
[58,381s][debug][gc,director    ] Rule: High Usage, Free: 8330MB(67,8%)
[58,381s][debug][gc,director    ] Rule: Proactive, AcceptableGCInterval: 3,536s, TimeSinceLastGC: 0,579s, TimeUntilGC: 2,957s
[58,481s][debug][gc,alloc       ] Allocation Rate: 3240,0MB/s, Predicted: 3514,1MB/s, Avg: 3586,6(+/-300,8)MB/s
[58,481s][debug][gc,director    ] Select GC Workers (Normal), AvoidLongGCWorkers: 0,034, AvoidOOMGCWorkers: 0,207, LastGCWorkers: 1,000, GCWorkers: 0,207
[58,482s][debug][gc,director    ] Rule: Allocation Rate (Dynamic GC Workers), MaxAllocRate: 4576,3MB/s (+/-8,4%), Free: 8246MB, GCCPUTime: 0,347, GCDuration: 0,347s, TimeUntilOOM: 1,662s, TimeUntilGC: 1,215s, GCWorkers: 1 -> 1
[58,482s][debug][gc,director    ] Rule: High Usage, Free: 8246MB(67,1%)
[58,482s][debug][gc,director    ] Rule: Proactive, AcceptableGCInterval: 3,536s, TimeSinceLastGC: 0,680s, TimeUntilGC: 2,857s
[58,582s][debug][gc,alloc       ] Allocation Rate: 3394,0MB/s, Predicted: 3507,3MB/s, Avg: 3541,0(+/-291,8)MB/s
[58,582s][debug][gc,director    ] Select GC Workers (Normal), AvoidLongGCWorkers: 0,034, AvoidOOMGCWorkers: 0,209, LastGCWorkers: 1,000, GCWorkers: 0,209
[58,582s][debug][gc,director    ] Rule: Allocation Rate (Dynamic GC Workers), MaxAllocRate: 4501,2MB/s (+/-8,2%), Free: 8016MB, GCCPUTime: 0,347, GCDuration: 0,347s, TimeUntilOOM: 1,645s, TimeUntilGC: 1,198s, GCWorkers: 1 -> 1
[58,582s][debug][gc,director    ] Rule: High Usage, Free: 8016MB(65,2%)
[58,582s][debug][gc,director    ] Rule: Proactive, AcceptableGCInterval: 3,536s, TimeSinceLastGC: 0,780s, TimeUntilGC: 2,757s
[58,682s][debug][gc,alloc       ] Allocation Rate: 3406,0MB/s, Predicted: 3419,5MB/s, Avg: 3540,2(+/-292,2)MB/s
[58,682s][debug][gc,director    ] Select GC Workers (Normal), AvoidLongGCWorkers: 0,034, AvoidOOMGCWorkers: 0,216, LastGCWorkers: 1,000, GCWorkers: 0,216
[58,682s][debug][gc,director    ] Rule: Allocation Rate (Dynamic GC Workers), MaxAllocRate: 4501,6MB/s (+/-8,3%), Free: 7786MB, GCCPUTime: 0,347, GCDuration: 0,347s, TimeUntilOOM: 1,598s, TimeUntilGC: 1,150s, GCWorkers: 1 -> 1
[58,682s][debug][gc,director    ] Rule: High Usage, Free: 7786MB(63,4%)
[58,682s][debug][gc,director    ] Rule: Proactive, AcceptableGCInterval: 3,536s, TimeSinceLastGC: 0,880s, TimeUntilGC: 2,656s
[58,784s][debug][gc,alloc       ] Allocation Rate: 4098,0MB/s, Predicted: 3617,5MB/s, Avg: 3605,4(+/-333,7)MB/s
[58,784s][debug][gc,director    ] Select GC Workers (Normal), AvoidLongGCWorkers: 0,034, AvoidOOMGCWorkers: 0,258, LastGCWorkers: 1,000, GCWorkers: 0,258
[58,784s][debug][gc,director    ] Rule: Allocation Rate (Dynamic GC Workers), MaxAllocRate: 4715,4MB/s (+/-9,3%), Free: 6874MB, GCCPUTime: 0,347, GCDuration: 0,347s, TimeUntilOOM: 1,334s, TimeUntilGC: 0,887s, GCWorkers: 1 -> 1
[58,784s][debug][gc,director    ] Rule: High Usage, Free: 6874MB(55,9%)
[58,784s][debug][gc,director    ] Rule: Proactive, AcceptableGCInterval: 3,536s, TimeSinceLastGC: 0,983s, TimeUntilGC: 2,554s
[58,882s][debug][gc,alloc       ] Allocation Rate: 3824,0MB/s, Predicted: 3708,8MB/s, Avg: 3625,8(+/-340,1)MB/s
[58,882s][debug][gc,director    ] Select GC Workers (Normal), AvoidLongGCWorkers: 0,034, AvoidOOMGCWorkers: 0,270, LastGCWorkers: 1,000, GCWorkers: 0,270
[58,882s][debug][gc,director    ] Rule: Allocation Rate (Dynamic GC Workers), MaxAllocRate: 4828,0MB/s (+/-9,4%), Free: 6746MB, GCCPUTime: 0,347, GCDuration: 0,347s, TimeUntilOOM: 1,277s, TimeUntilGC: 0,830s, GCWorkers: 1 -> 1
[58,882s][debug][gc,director    ] Rule: High Usage, Free: 6746MB(54,9%)
[58,882s][debug][gc,director    ] Rule: Proactive, AcceptableGCInterval: 3,536s, TimeSinceLastGC: 1,080s, TimeUntilGC: 2,457s
[58,982s][debug][gc,alloc       ] Allocation Rate: 3364,0MB/s, Predicted: 3720,9MB/s, Avg: 3555,8(+/-313,7)MB/s
[58,982s][debug][gc,director    ] Select GC Workers (Normal), AvoidLongGCWorkers: 0,034, AvoidOOMGCWorkers: 0,273, LastGCWorkers: 1,000, GCWorkers: 0,273
[58,982s][debug][gc,director    ] Rule: Allocation Rate (Dynamic GC Workers), MaxAllocRate: 4753,3MB/s (+/-8,8%), Free: 6526MB, GCCPUTime: 0,347, GCDuration: 0,347s, TimeUntilOOM: 1,262s, TimeUntilGC: 0,814s, GCWorkers: 1 -> 1
[58,982s][debug][gc,director    ] Rule: High Usage, Free: 6524MB(53,1%)
[58,982s][debug][gc,director    ] Rule: Proactive, AcceptableGCInterval: 3,536s, TimeSinceLastGC: 1,180s, TimeUntilGC: 2,356s
[59,081s][debug][gc,alloc       ] Allocation Rate: 3456,0MB/s, Predicted: 3614,4MB/s, Avg: 3570,8(+/-304,9)MB/s
[59,081s][debug][gc,director    ] Select GC Workers (Normal), AvoidLongGCWorkers: 0,034, AvoidOOMGCWorkers: 0,275, LastGCWorkers: 1,000, GCWorkers: 0,275
[59,081s][debug][gc,director    ] Rule: Allocation Rate (Dynamic GC Workers), MaxAllocRate: 4617,7MB/s (+/-8,5%), Free: 6286MB, GCCPUTime: 0,347, GCDuration: 0,347s, TimeUntilOOM: 1,254s, TimeUntilGC: 0,807s, GCWorkers: 1 -> 1
[59,081s][debug][gc,director    ] Rule: High Usage, Free: 6286MB(51,2%)
[59,081s][debug][gc,director    ] Rule: Proactive, AcceptableGCInterval: 3,536s, TimeSinceLastGC: 1,279s, TimeUntilGC: 2,257s
[59,181s][debug][gc,alloc       ] Allocation Rate: 3586,0MB/s, Predicted: 3577,1MB/s, Avg: 3588,6(+/-300,0)MB/s
[59,182s][debug][gc,director    ] Select GC Workers (Normal), AvoidLongGCWorkers: 0,034, AvoidOOMGCWorkers: 0,289, LastGCWorkers: 1,000, GCWorkers: 0,289
[59,182s][debug][gc,director    ] Rule: Allocation Rate (Dynamic GC Workers), MaxAllocRate: 4575,9MB/s (+/-8,4%), Free: 5928MB, GCCPUTime: 0,347, GCDuration: 0,347s, TimeUntilOOM: 1,196s, TimeUntilGC: 0,748s, GCWorkers: 1 -> 1
[59,182s][debug][gc,director    ] Rule: High Usage, Free: 5926MB(48,2%)
[59,182s][debug][gc,director    ] Rule: Proactive, AcceptableGCInterval: 3,536s, TimeSinceLastGC: 1,380s, TimeUntilGC: 2,157s
[59,282s][debug][gc,alloc       ] Allocation Rate: 4114,0MB/s, Predicted: 3735,3MB/s, Avg: 3660,6(+/-329,6)MB/s
[59,282s][debug][gc,director    ] Select GC Workers (Normal), AvoidLongGCWorkers: 0,034, AvoidOOMGCWorkers: 0,350, LastGCWorkers: 1,000, GCWorkers: 0,350
[59,282s][debug][gc,director    ] Rule: Allocation Rate (Dynamic GC Workers), MaxAllocRate: 4820,0MB/s (+/-9,0%), Free: 5180MB, GCCPUTime: 0,347, GCDuration: 0,347s, TimeUntilOOM: 0,986s, TimeUntilGC: 0,539s, GCWorkers: 1 -> 1
[59,282s][debug][gc,director    ] Rule: High Usage, Free: 5180MB(42,2%)
[59,282s][debug][gc,director    ] Rule: Proactive, AcceptableGCInterval: 3,536s, TimeSinceLastGC: 1,480s, TimeUntilGC: 2,056s
[59,382s][debug][gc,alloc       ] Allocation Rate: 3342,0MB/s, Predicted: 3731,5MB/s, Avg: 3582,4(+/-302,0)MB/s
[59,382s][debug][gc,director    ] Select GC Workers (Normal), AvoidLongGCWorkers: 0,034, AvoidOOMGCWorkers: 0,355, LastGCWorkers: 1,000, GCWorkers: 0,355
[59,382s][debug][gc,director    ] Rule: Allocation Rate (Dynamic GC Workers), MaxAllocRate: 4725,3MB/s (+/-8,4%), Free: 4988MB, GCCPUTime: 0,347, GCDuration: 0,347s, TimeUntilOOM: 0,974s, TimeUntilGC: 0,526s, GCWorkers: 1 -> 1
[59,382s][debug][gc,director    ] Rule: High Usage, Free: 4988MB(40,6%)
[59,382s][debug][gc,director    ] Rule: Proactive, AcceptableGCInterval: 3,536s, TimeSinceLastGC: 1,580s, TimeUntilGC: 1,956s
[59,481s][debug][gc,alloc       ] Allocation Rate: 3494,0MB/s, Predicted: 3604,8MB/s, Avg: 3607,8(+/-282,2)MB/s
[59,481s][debug][gc,director    ] Select GC Workers (Normal), AvoidLongGCWorkers: 0,034, AvoidOOMGCWorkers: 0,355, LastGCWorkers: 1,000, GCWorkers: 0,355
[59,481s][debug][gc,director    ] Rule: Allocation Rate (Dynamic GC Workers), MaxAllocRate: 4536,3MB/s (+/-7,8%), Free: 4752MB, GCCPUTime: 0,347, GCDuration: 0,347s, TimeUntilOOM: 0,972s, TimeUntilGC: 0,524s, GCWorkers: 1 -> 1
[59,481s][debug][gc,director    ] Rule: High Usage, Free: 4752MB(38,7%)
[59,481s][debug][gc,director    ] Rule: Proactive, AcceptableGCInterval: 3,536s, TimeSinceLastGC: 1,679s, TimeUntilGC: 1,857s
[59,581s][debug][gc,alloc       ] Allocation Rate: 3502,0MB/s, Predicted: 3505,5MB/s, Avg: 3618,6(+/-275,8)MB/s
[59,582s][debug][gc,director    ] Select GC Workers (Normal), AvoidLongGCWorkers: 0,034, AvoidOOMGCWorkers: 0,373, LastGCWorkers: 1,000, GCWorkers: 0,373
[59,582s][debug][gc,director    ] Rule: Allocation Rate (Dynamic GC Workers), MaxAllocRate: 4526,1MB/s (+/-7,6%), Free: 4514MB, GCCPUTime: 0,347, GCDuration: 0,347s, TimeUntilOOM: 0,927s, TimeUntilGC: 0,479s, GCWorkers: 1 -> 1
[59,582s][debug][gc,director    ] Rule: High Usage, Free: 4514MB(36,7%)
[59,582s][debug][gc,director    ] Rule: Proactive, AcceptableGCInterval: 3,536s, TimeSinceLastGC: 1,780s, TimeUntilGC: 1,757s
[59,682s][debug][gc,alloc       ] Allocation Rate: 4170,0MB/s, Predicted: 3669,3MB/s, Avg: 3695,0(+/-310,0)MB/s
[59,682s][debug][gc,director    ] Select GC Workers (Normal), AvoidLongGCWorkers: 0,034, AvoidOOMGCWorkers: 0,488, LastGCWorkers: 1,000, GCWorkers: 0,488
[59,682s][debug][gc,director    ] Rule: Allocation Rate (Dynamic GC Workers), MaxAllocRate: 4715,1MB/s (+/-8,4%), Free: 3616MB, GCCPUTime: 0,347, GCDuration: 0,347s, TimeUntilOOM: 0,708s, TimeUntilGC: 0,260s, GCWorkers: 1 -> 1
[59,682s][debug][gc,director    ] Rule: High Usage, Free: 3616MB(29,4%)
[59,682s][debug][gc,director    ] Rule: Proactive, AcceptableGCInterval: 3,536s, TimeSinceLastGC: 1,880s, TimeUntilGC: 1,656s
[59,782s][debug][gc,alloc       ] Allocation Rate: 3412,0MB/s, Predicted: 3663,6MB/s, Avg: 3626,4(+/-288,4)MB/s
[59,782s][debug][gc,director    ] Select GC Workers (Normal), AvoidLongGCWorkers: 0,034, AvoidOOMGCWorkers: 0,497, LastGCWorkers: 1,000, GCWorkers: 0,497
[59,782s][debug][gc,director    ] Rule: Allocation Rate (Dynamic GC Workers), MaxAllocRate: 4612,5MB/s (+/-8,0%), Free: 3464MB, GCCPUTime: 0,347, GCDuration: 0,347s, TimeUntilOOM: 0,696s, TimeUntilGC: 0,248s, GCWorkers: 1 -> 1
[59,782s][debug][gc,director    ] Rule: High Usage, Free: 3464MB(28,2%)
[59,782s][debug][gc,director    ] Rule: Proactive, AcceptableGCInterval: 3,536s, TimeSinceLastGC: 1,980s, TimeUntilGC: 1,556s
[59,881s][debug][gc,alloc       ] Allocation Rate: 3512,0MB/s, Predicted: 3670,5MB/s, Avg: 3595,2(+/-282,1)MB/s
[59,881s][debug][gc,director    ] Select GC Workers (Normal), AvoidLongGCWorkers: 0,034, AvoidOOMGCWorkers: 0,530, LastGCWorkers: 1,000, GCWorkers: 0,530
[59,881s][debug][gc,director    ] Rule: Allocation Rate (Dynamic GC Workers), MaxAllocRate: 4598,9MB/s (+/-7,8%), Free: 3234MB, GCCPUTime: 0,347, GCDuration: 0,347s, TimeUntilOOM: 0,652s, TimeUntilGC: 0,205s, GCWorkers: 1 -> 1
[59,881s][debug][gc,director    ] Rule: High Usage, Free: 3234MB(26,3%)
[59,881s][debug][gc,director    ] Rule: Proactive, AcceptableGCInterval: 3,536s, TimeSinceLastGC: 2,079s, TimeUntilGC: 1,457s
[59,982s][debug][gc,alloc       ] Allocation Rate: 3530,0MB/s, Predicted: 3582,8MB/s, Avg: 3611,8(+/-272,8)MB/s
[59,982s][debug][gc,director    ] Select GC Workers (Normal), AvoidLongGCWorkers: 0,034, AvoidOOMGCWorkers: 0,560, LastGCWorkers: 1,000, GCWorkers: 0,560
[59,982s][debug][gc,director    ] Rule: Allocation Rate (Dynamic GC Workers), MaxAllocRate: 4509,4MB/s (+/-7,6%), Free: 2996MB, GCCPUTime: 0,347, GCDuration: 0,347s, TimeUntilOOM: 0,618s, TimeUntilGC: 0,170s, GCWorkers: 1 -> 1
[59,982s][debug][gc,director    ] Rule: High Usage, Free: 2994MB(24,4%)
[59,982s][debug][gc,director    ] Rule: Proactive, AcceptableGCInterval: 3,536s, TimeSinceLastGC: 2,180s, TimeUntilGC: 1,357s
[60,082s][debug][gc,alloc       ] Allocation Rate: 4232,0MB/s, Predicted: 3789,3MB/s, Avg: 3689,4(+/-323,1)MB/s
[60,082s][debug][gc,director    ] Select GC Workers (Normal), AvoidLongGCWorkers: 0,034, AvoidOOMGCWorkers: 0,892, LastGCWorkers: 1,000, GCWorkers: 0,892
[60,082s][debug][gc,director    ] Rule: Allocation Rate (Dynamic GC Workers), MaxAllocRate: 4852,6MB/s (+/-8,8%), Free: 2054MB, GCCPUTime: 0,347, GCDuration: 0,347s, TimeUntilOOM: 0,389s, TimeUntilGC: -0,058s, GCWorkers: 1 -> 1
[60,082s][debug][gc,heap        ] GC(20) Heap before GC invocations=20 (full 20):
[60,082s][debug][gc,heap        ] GC(20)  ZHeap           used 10192M, capacity 11772M, max capacity 12288M
[60,082s][debug][gc,heap        ] GC(20)  Metaspace       used 31666K, committed 32064K, reserved 1114112K
[60,082s][debug][gc,heap        ] GC(20)   class space    used 3443K, committed 3648K, reserved 1048576K
[60,082s][info ][gc,start       ] GC(20) Garbage Collection (Allocation Rate)
[60,082s][info ][gc,task        ] GC(20) Using 1 workers
[60,082s][debug][gc,phases,start] GC(20) Pause Mark Start
[60,082s][debug][gc,marking     ] GC(20) Using 1 mark stripes
[60,082s][debug][gc,marking     ] GC(20) Mark Worker/Stripe Distribution
[60,082s][debug][gc,marking     ] GC(20)   Worker 0(1) -> Stripe 0(1)
[60,082s][info ][gc,phases      ] GC(20) Pause Mark Start 0,038ms
[60,082s][debug][gc,phases,start] GC(20) Concurrent Mark
[60,082s][debug][gc,task        ] GC(20) Executing Task: XMarkRootsTask, Active Workers: 1
[60,083s][debug][gc,tlab        ] GC(20) TLAB totals: thrds: 24  refills: 37161 max: 17892 slow allocs: 8480 max 582 waste:  2,0% gc: 2527704B max: 190928B slow: 186322584B max: 27956240B
[60,083s][debug][gc,task        ] GC(20) Executing Task: XMarkTask, Active Workers: 1
[60,182s][debug][gc,alloc       ] Allocation Rate: 3972,0MB/s, Predicted: 3874,8MB/s, Avg: 3728,0(+/-331,4)MB/s
[60,281s][debug][gc,alloc       ] Allocation Rate: 3434,0MB/s, Predicted: 3860,1MB/s, Avg: 3660,0(+/-314,6)MB/s
[60,379s][info ][gc,phases      ] GC(20) Concurrent Mark 296,841ms
[60,379s][debug][gc,phases,start] GC(20) Pause Mark End
[60,379s][debug][gc,task        ] GC(20) Executing Task: XMarkTask, Active Workers: 1
[60,379s][debug][gc,marking     ] GC(20) Mark With Timeout (XWorker#3): Completed, 200 oops, 0,003ms
[60,379s][info ][gc,phases      ] GC(20) Pause Mark End 0,065ms
[60,379s][debug][gc,phases,start] GC(20) Concurrent Mark Free
[60,379s][info ][gc,phases      ] GC(20) Concurrent Mark Free 0,007ms
[60,379s][debug][gc,phases,start] GC(20) Concurrent Process Non-Strong References
[60,379s][debug][gc,phases,start] GC(20) Concurrent References Process
[60,379s][debug][gc,task        ] GC(20) Executing Task: XReferenceProcessorTask, Active Workers: 1
[60,381s][debug][gc,alloc       ] Allocation Rate: 3468,0MB/s, Predicted: 3698,5MB/s, Avg: 3672,6(+/-303,9)MB/s
[60,382s][debug][gc,phases      ] GC(20) Concurrent References Process 2,482ms
[60,382s][debug][gc,task        ] GC(20) Executing Task: XProcessWeakRootsTask, Active Workers: 1
[60,382s][debug][gc,phases,start] GC(20) Concurrent Classes Unlink
[60,382s][debug][gc,phases,start] GC(20) ClassLoaderData
[60,382s][debug][gc,phases      ] GC(20) ClassLoaderData 0,026ms
[60,382s][debug][gc,phases,start] GC(20) Trigger cleanups
[60,382s][debug][gc,phases      ] GC(20) Trigger cleanups 0,006ms
[60,382s][debug][gc,task        ] GC(20) Executing Task: XNMethodUnlinkTask, Active Workers: 1
[60,386s][debug][gc,phases      ] GC(20) Concurrent Classes Unlink 3,936ms
[60,386s][debug][gc,phases,start] GC(20) Concurrent Classes Purge
[60,387s][debug][gc,nmethod     ] GC(20) Unregister NMethod: java.lang.invoke.DirectMethodHandle.constructorMethod (0x000070b043c06510)
[60,387s][debug][gc,nmethod     ] GC(20) Unregister NMethod: java.util.concurrent.ForkJoinPool.awaitWork (0x000070b043f3b910)
[60,387s][debug][gc,nmethod     ] GC(20) Unregister NMethod: net.openhft.chronicle.bytes.AbstractBytes.writePosition (0x000070b0440c3c10)
[60,387s][debug][gc,nmethod     ] GC(20) Unregister NMethod: java.util.concurrent.ForkJoinPool.scan (0x000070b0638ddd10)
[60,387s][debug][gc,phases      ] GC(20) Concurrent Classes Purge 0,058ms
[60,387s][debug][gc,phases,start] GC(20) Concurrent References Enqueue
[60,387s][debug][gc,phases      ] GC(20) Concurrent References Enqueue 0,007ms
[60,387s][info ][gc,phases      ] GC(20) Concurrent Process Non-Strong References 7,524ms
[60,387s][debug][gc,phases,start] GC(20) Concurrent Reset Relocation Set
[60,387s][info ][gc,phases      ] GC(20) Concurrent Reset Relocation Set 0,072ms
[60,387s][debug][gc,phases,start] GC(20) Concurrent Select Relocation Set
[60,388s][debug][gc,task        ] GC(20) Executing Task: XRelocationSetInstallTask, Active Workers: 1
[60,388s][info ][gc,phases      ] GC(20) Concurrent Select Relocation Set 1,278ms
[60,388s][debug][gc,phases,start] GC(20) Pause Relocate Start
[60,388s][info ][gc,phases      ] GC(20) Pause Relocate Start 0,015ms
[60,388s][debug][gc,phases,start] GC(20) Concurrent Relocate
[60,388s][debug][gc,task        ] GC(20) Executing Task: XRelocateTask, Active Workers: 1
[60,397s][info ][gc,phases      ] GC(20) Concurrent Relocate 9,145ms
[60,397s][debug][gc,heap        ] GC(20) Heap after GC invocations=21 (full 21):
[60,397s][debug][gc,heap        ] GC(20)  ZHeap           used 1334M, capacity 11772M, max capacity 12288M
[60,397s][debug][gc,heap        ] GC(20)  Metaspace       used 31666K, committed 32064K, reserved 1114112K
[60,397s][debug][gc,heap        ] GC(20)   class space    used 3443K, committed 3648K, reserved 1048576K
[60,397s][info ][gc,load        ] GC(20) Load: 3,15/5,13/3,21
[60,397s][info ][gc,mmu         ] GC(20) MMU: 2ms/71,4%, 5ms/88,5%, 10ms/94,3%, 20ms/97,0%, 50ms/98,8%, 100ms/99,4%
[60,397s][info ][gc,marking     ] GC(20) Mark: 1 stripe(s), 2 proactive flush(es), 1 terminate flush(es), 1 completion(s), 0 continuation(s) 
[60,397s][info ][gc,marking     ] GC(20) Mark Stack Usage: 32M
[60,397s][info ][gc,nmethod     ] GC(20) NMethods: 4028 registered, 1311 unregistered
[60,397s][info ][gc,metaspace   ] GC(20) Metaspace: 30M used, 31M committed, 1088M reserved
[60,397s][info ][gc,ref         ] GC(20) Soft: 3931 encountered, 0 discovered, 0 enqueued
[60,397s][info ][gc,ref         ] GC(20) Weak: 1939 encountered, 128 discovered, 0 enqueued
[60,397s][info ][gc,ref         ] GC(20) Final: 12528 encountered, 12528 discovered, 12528 enqueued
[60,397s][info ][gc,ref         ] GC(20) Phantom: 576 encountered, 428 discovered, 174 enqueued
[60,397s][info ][gc,reloc       ] GC(20) Small Pages: 5080 / 10160M, Empty: 4144M, Relocated: 22M, In-Place: 0
[60,397s][info ][gc,reloc       ] GC(20) Medium Pages: 1 / 32M, Empty: 0M, Relocated: 0M, In-Place: 0
[60,397s][info ][gc,reloc       ] GC(20) Large Pages: 0 / 0M, Empty: 0M, Relocated: 0M, In-Place: 0
[60,397s][info ][gc,reloc       ] GC(20) Forwarding Usage: 2M
[60,397s][info ][gc,heap        ] GC(20) Min Capacity: 5120M(42%)
[60,397s][info ][gc,heap        ] GC(20) Max Capacity: 12288M(100%)
[60,397s][info ][gc,heap        ] GC(20) Soft Max Capacity: 12288M(100%)
[60,397s][info ][gc,heap        ] GC(20)                Mark Start          Mark End        Relocate Start      Relocate End           High               Low         
[60,397s][info ][gc,heap        ] GC(20)  Capacity:    11772M (96%)       11772M (96%)       11772M (96%)       11772M (96%)       11772M (96%)       11772M (96%)    
[60,397s][info ][gc,heap        ] GC(20)      Free:     2096M (17%)        1566M (13%)        5692M (46%)       10954M (89%)       10956M (89%)        1550M (13%)    
[60,397s][info ][gc,heap        ] GC(20)      Used:    10192M (83%)       10722M (87%)        6596M (54%)        1334M (11%)       10738M (87%)        1332M (11%)    
[60,397s][info ][gc,heap        ] GC(20)      Live:         -               563M (5%)          563M (5%)          563M (5%)             -                  -          
[60,397s][info ][gc,heap        ] GC(20) Allocated:         -               530M (4%)          548M (4%)          571M (5%)             -                  -          
[60,397s][info ][gc,heap        ] GC(20)   Garbage:         -              9628M (78%)        5484M (45%)         199M (2%)             -                  -          
[60,397s][info ][gc,heap        ] GC(20) Reclaimed:         -                  -              4144M (34%)        9429M (77%)            -                  -          
[60,397s][info ][gc             ] GC(20) Garbage Collection (Allocation Rate) 10192M(83%)->1334M(11%)
[60,482s][debug][gc,alloc       ] Allocation Rate: 3900,0MB/s, Predicted: 3741,9MB/s, Avg: 3713,2(+/-304,5)MB/s
[60,482s][debug][gc,director    ] Select GC Workers (Normal), AvoidLongGCWorkers: 0,033, AvoidOOMGCWorkers: 0,166, LastGCWorkers: 1,000, GCWorkers: 0,166
[60,482s][debug][gc,director    ] Rule: Allocation Rate (Dynamic GC Workers), MaxAllocRate: 4743,8MB/s (+/-8,2%), Free: 10278MB, GCCPUTime: 0,336, GCDuration: 0,336s, TimeUntilOOM: 2,002s, TimeUntilGC: 1,566s, GCWorkers: 1 -> 1
[60,482s][debug][gc,director    ] Rule: High Usage, Free: 10278MB(83,6%)
[60,482s][debug][gc,director    ] Rule: Proactive, UsedUntilEnabled: 594MB, TimeUntilEnabled: 299,915s
[60,482s][info ][gc,stats       ] === Garbage Collection Statistics =======================================================================================================================
[60,482s][info ][gc,stats       ]                                                              Last 10s              Last 10m              Last 10h                Total
[60,482s][info ][gc,stats       ]                                                              Avg / Max             Avg / Max             Avg / Max             Avg / Max
[60,482s][info ][gc,stats       ]   Collector: Garbage Collection Cycle                    283,035 / 326,400     254,324 / 643,642     254,324 / 643,642     254,324 / 643,642     ms
[60,482s][info ][gc,stats       ]  Contention: Mark Segment Reset Contention                     0 / 2                 0 / 14                0 / 14                0 / 14          ops/s
[60,482s][info ][gc,stats       ]  Contention: Mark SeqNum Reset Contention                      0 / 0                 0 / 0                 0 / 0                 0 / 0           ops/s
[60,482s][info ][gc,stats       ]    Critical: Allocation Stall                                  0 / 0                 0 / 0                 0 / 0                 0 / 0           ops/s
[60,482s][info ][gc,stats       ]    Critical: Allocation Stall                              0,000 / 0,000         0,000 / 0,000         0,000 / 0,000         0,000 / 0,000       ms
[60,482s][info ][gc,stats       ]    Critical: GC Locker Stall                                   0 / 0                 0 / 1                 0 / 1                 0 / 1           ops/s
[60,482s][info ][gc,stats       ]    Critical: GC Locker Stall                               0,000 / 0,000         0,166 / 0,345         0,166 / 0,345         0,166 / 0,345       ms
[60,482s][info ][gc,stats       ]    Critical: Relocation Stall                                  0 / 0                 0 / 0                 0 / 0                 0 / 0           ops/s
[60,482s][info ][gc,stats       ]    Critical: Relocation Stall                              0,000 / 0,000         0,000 / 0,000         0,000 / 0,000         0,000 / 0,000       ms
[60,482s][info ][gc,stats       ]      Memory: Allocation Rate                                3575 / 4214           2480 / 4214           2480 / 4214           2480 / 4214        MB/s
[60,482s][info ][gc,stats       ]      Memory: Defragment                                        0 / 0                 0 / 0                 0 / 0                 0 / 0           ops/s
[60,482s][info ][gc,stats       ]      Memory: Out Of Memory                                     0 / 0                 0 / 0                 0 / 0                 0 / 0           ops/s
[60,482s][info ][gc,stats       ]      Memory: Page Cache Flush                                  0 / 0                 0 / 0                 0 / 0                 0 / 0           MB/s
[60,482s][info ][gc,stats       ]      Memory: Page Cache Hit L1                              1792 / 2107           1144 / 2107           1144 / 2107           1144 / 2107        ops/s
[60,482s][info ][gc,stats       ]      Memory: Page Cache Hit L2                                 0 / 0                 0 / 0                 0 / 0                 0 / 0           ops/s
[60,482s][info ][gc,stats       ]      Memory: Page Cache Hit L3                                 0 / 0                43 / 797              43 / 797              43 / 797         ops/s
[60,482s][info ][gc,stats       ]      Memory: Page Cache Miss                                   0 / 0                57 / 583              57 / 583              57 / 583         ops/s
[60,482s][info ][gc,stats       ]      Memory: Uncommit                                          0 / 0                 0 / 0                 0 / 0                 0 / 0           MB/s
[60,482s][info ][gc,stats       ]      Memory: Undo Object Allocation Failed                     0 / 0                 0 / 0                 0 / 0                 0 / 0           ops/s
[60,482s][info ][gc,stats       ]      Memory: Undo Object Allocation Succeeded                  0 / 0                 0 / 13                0 / 13                0 / 13          ops/s
[60,482s][info ][gc,stats       ]      Memory: Undo Page Allocation                              0 / 0                 1 / 28                1 / 28                1 / 28          ops/s
[60,482s][info ][gc,stats       ]       Phase: Concurrent Mark                             263,988 / 304,420     229,616 / 606,876     229,616 / 606,876     229,616 / 606,876     ms
[60,482s][info ][gc,stats       ]       Phase: Concurrent Mark Continue                      0,000 / 0,000         0,000 / 0,000         0,000 / 0,000         0,000 / 0,000       ms
[60,482s][info ][gc,stats       ]       Phase: Concurrent Mark Free                          0,013 / 0,020         0,079 / 1,038         0,079 / 1,038         0,079 / 1,038       ms
[60,482s][info ][gc,stats       ]       Phase: Concurrent Process Non-Strong References      6,876 / 7,944         8,871 / 28,355        8,871 / 28,355        8,871 / 28,355      ms
[60,482s][info ][gc,stats       ]       Phase: Concurrent Relocate                           9,499 / 11,364       10,168 / 68,030       10,168 / 68,030       10,168 / 68,030      ms
[60,482s][info ][gc,stats       ]       Phase: Concurrent Reset Relocation Set               0,074 / 0,088         0,065 / 0,172         0,065 / 0,172         0,065 / 0,172       ms
[60,482s][info ][gc,stats       ]       Phase: Concurrent Select Relocation Set              1,629 / 2,125         3,987 / 24,709        3,987 / 24,709        3,987 / 24,709      ms
[60,482s][info ][gc,stats       ]       Phase: Pause Mark End                                0,229 / 0,573         0,111 / 0,573         0,111 / 0,573         0,111 / 0,573       ms
[60,482s][info ][gc,stats       ]       Phase: Pause Mark Start                              0,042 / 0,057         0,101 / 0,421         0,101 / 0,421         0,101 / 0,421       ms
[60,482s][info ][gc,stats       ]       Phase: Pause Relocate Start                          0,025 / 0,032         0,039 / 0,126         0,039 / 0,126         0,039 / 0,126       ms
[60,482s][info ][gc,stats       ]    Subphase: Concurrent Classes Purge                      0,053 / 0,079         1,317 / 13,408        1,317 / 13,408        1,317 / 13,408      ms
[60,482s][info ][gc,stats       ]    Subphase: Concurrent Classes Unlink                     3,706 / 4,467         3,467 / 7,762         3,467 / 7,762         3,467 / 7,762       ms
[60,482s][info ][gc,stats       ]    Subphase: Concurrent Mark                             240,867 / 302,755     174,129 / 603,668     174,129 / 603,668     174,129 / 603,668     ms
[60,482s][info ][gc,stats       ]    Subphase: Concurrent Mark Try Flush                     0,088 / 0,186         0,622 / 7,166         0,622 / 7,166         0,622 / 7,166       ms
[60,482s][info ][gc,stats       ]    Subphase: Concurrent Mark Try Terminate                 0,137 / 1,080         1,073 / 6,763         1,073 / 6,763         1,073 / 6,763       ms
[60,482s][info ][gc,stats       ]    Subphase: Concurrent References Enqueue                 0,008 / 0,009         0,011 / 0,026         0,011 / 0,026         0,011 / 0,026       ms
[60,482s][info ][gc,stats       ]    Subphase: Concurrent References Process                 2,217 / 2,482         2,060 / 4,777         2,060 / 4,777         2,060 / 4,777       ms
[60,482s][info ][gc,stats       ]    Subphase: Concurrent Roots ClassLoaderDataGraph         0,099 / 0,130         0,117 / 0,487         0,117 / 0,487         0,117 / 0,487       ms
[60,482s][info ][gc,stats       ]    Subphase: Concurrent Roots CodeCache                    0,000 / 0,000         0,000 / 0,000         0,000 / 0,000         0,000 / 0,000       ms
[60,482s][info ][gc,stats       ]    Subphase: Concurrent Roots JavaThreads                  0,730 / 1,223         0,736 / 2,473         0,736 / 2,473         0,736 / 2,473       ms
[60,482s][info ][gc,stats       ]    Subphase: Concurrent Roots OopStorageSet                0,024 / 0,036         0,050 / 0,143         0,050 / 0,143         0,050 / 0,143       ms
[60,482s][info ][gc,stats       ]    Subphase: Concurrent Weak Roots OopStorageSet           0,455 / 0,564         0,596 / 2,088         0,596 / 2,088         0,596 / 2,088       ms
[60,482s][info ][gc,stats       ]    Subphase: Pause Mark Try Complete                       0,022 / 0,025         0,040 / 0,134         0,040 / 0,134         0,040 / 0,134       ms
[60,482s][info ][gc,stats       ]      System: Java Threads                                     40 / 41               38 / 42               38 / 42               38 / 42          threads
[60,482s][info ][gc,stats       ] =========================================================================================================================================================
[60,582s][debug][gc,alloc       ] Allocation Rate: 4056,0MB/s, Predicted: 3822,7MB/s, Avg: 3768,6(+/-311,3)MB/s
[60,582s][debug][gc,director    ] Select GC Workers (Normal), AvoidLongGCWorkers: 0,033, AvoidOOMGCWorkers: 0,177, LastGCWorkers: 1,000, GCWorkers: 0,177
[60,582s][debug][gc,director    ] Rule: Allocation Rate (Dynamic GC Workers), MaxAllocRate: 4847,2MB/s (+/-8,3%), Free: 9888MB, GCCPUTime: 0,336, GCDuration: 0,336s, TimeUntilOOM: 1,884s, TimeUntilGC: 1,448s, GCWorkers: 1 -> 1
[60,582s][debug][gc,director    ] Rule: High Usage, Free: 9888MB(80,5%)
[60,582s][debug][gc,director    ] Rule: Proactive, UsedUntilEnabled: 204MB, TimeUntilEnabled: 299,815s
[60,682s][debug][gc,alloc       ] Allocation Rate: 3356,0MB/s, Predicted: 3764,7MB/s, Avg: 3687,2(+/-302,0)MB/s
[60,682s][debug][gc,director    ] Select GC Workers (Normal), AvoidLongGCWorkers: 0,033, AvoidOOMGCWorkers: 0,177, LastGCWorkers: 1,000, GCWorkers: 0,177
[60,682s][debug][gc,director    ] Rule: Allocation Rate (Dynamic GC Workers), MaxAllocRate: 4758,5MB/s (+/-8,2%), Free: 9690MB, GCCPUTime: 0,336, GCDuration: 0,336s, TimeUntilOOM: 1,882s, TimeUntilGC: 1,446s, GCWorkers: 1 -> 1
[60,682s][debug][gc,director    ] Rule: High Usage, Free: 9690MB(78,9%)
[60,682s][debug][gc,director    ] Rule: Proactive, UsedUntilEnabled: 6MB, TimeUntilEnabled: 299,715s
[60,781s][debug][gc,alloc       ] Allocation Rate: 3436,0MB/s, Predicted: 3590,8MB/s, Avg: 3689,6(+/-299,9)MB/s
[60,781s][debug][gc,director    ] Select GC Workers (Normal), AvoidLongGCWorkers: 0,033, AvoidOOMGCWorkers: 0,178, LastGCWorkers: 1,000, GCWorkers: 0,178
[60,781s][debug][gc,director    ] Rule: Allocation Rate (Dynamic GC Workers), MaxAllocRate: 4676,5MB/s (+/-8,1%), Free: 9458MB, GCCPUTime: 0,336, GCDuration: 0,336s, TimeUntilOOM: 1,870s, TimeUntilGC: 1,434s, GCWorkers: 1 -> 1
[60,781s][debug][gc,director    ] Rule: High Usage, Free: 9458MB(77,0%)
[60,781s][debug][gc,director    ] Rule: Proactive, AcceptableGCInterval: 3,428s, TimeSinceLastGC: 0,384s, TimeUntilGC: 3,044s
[60,881s][debug][gc,alloc       ] Allocation Rate: 3442,0MB/s, Predicted: 3444,4MB/s, Avg: 3682,6(+/-304,8)MB/s
[60,881s][debug][gc,director    ] Select GC Workers (Normal), AvoidLongGCWorkers: 0,033, AvoidOOMGCWorkers: 0,183, LastGCWorkers: 1,000, GCWorkers: 0,183
[60,881s][debug][gc,director    ] Rule: Allocation Rate (Dynamic GC Workers), MaxAllocRate: 4685,4MB/s (+/-8,3%), Free: 9220MB, GCCPUTime: 0,336, GCDuration: 0,336s, TimeUntilOOM: 1,817s, TimeUntilGC: 1,381s, GCWorkers: 1 -> 1
[60,881s][debug][gc,director    ] Rule: High Usage, Free: 9220MB(75,0%)
[60,881s][debug][gc,director    ] Rule: Proactive, AcceptableGCInterval: 3,428s, TimeSinceLastGC: 0,484s, TimeUntilGC: 2,944s
[60,981s][debug][gc,alloc       ] Allocation Rate: 4106,0MB/s, Predicted: 3573,1MB/s, Avg: 3740,2(+/-324,3)MB/s
[60,981s][debug][gc,director    ] Select GC Workers (Normal), AvoidLongGCWorkers: 0,033, AvoidOOMGCWorkers: 0,209, LastGCWorkers: 1,000, GCWorkers: 0,209
[60,981s][debug][gc,director    ] Rule: Allocation Rate (Dynamic GC Workers), MaxAllocRate: 4807,3MB/s (+/-8,7%), Free: 8320MB, GCCPUTime: 0,336, GCDuration: 0,336s, TimeUntilOOM: 1,593s, TimeUntilGC: 1,157s, GCWorkers: 1 -> 1
[60,981s][debug][gc,director    ] Rule: High Usage, Free: 8320MB(67,7%)
[60,981s][debug][gc,director    ] Rule: Proactive, AcceptableGCInterval: 3,428s, TimeSinceLastGC: 0,584s, TimeUntilGC: 2,844s
[61,082s][debug][gc,alloc       ] Allocation Rate: 3328,0MB/s, Predicted: 3539,3MB/s, Avg: 3649,8(+/-299,7)MB/s
[61,082s][debug][gc,director    ] Select GC Workers (Normal), AvoidLongGCWorkers: 0,033, AvoidOOMGCWorkers: 0,205, LastGCWorkers: 1,000, GCWorkers: 0,205
[61,082s][debug][gc,director    ] Rule: Allocation Rate (Dynamic GC Workers), MaxAllocRate: 4635,8MB/s (+/-8,2%), Free: 8156MB, GCCPUTime: 0,336, GCDuration: 0,336s, TimeUntilOOM: 1,626s, TimeUntilGC: 1,190s, GCWorkers: 1 -> 1
[61,082s][debug][gc,director    ] Rule: High Usage, Free: 8156MB(66,4%)
[61,082s][debug][gc,director    ] Rule: Proactive, AcceptableGCInterval: 3,428s, TimeSinceLastGC: 0,684s, TimeUntilGC: 2,744s
[61,182s][debug][gc,alloc       ] Allocation Rate: 3466,0MB/s, Predicted: 3551,7MB/s, Avg: 3599,2(+/-283,2)MB/s
[61,182s][debug][gc,director    ] Select GC Workers (Normal), AvoidLongGCWorkers: 0,033, AvoidOOMGCWorkers: 0,206, LastGCWorkers: 1,000, GCWorkers: 0,206
[61,182s][debug][gc,director    ] Rule: Allocation Rate (Dynamic GC Workers), MaxAllocRate: 4531,2MB/s (+/-7,9%), Free: 7924MB, GCCPUTime: 0,336, GCDuration: 0,336s, TimeUntilOOM: 1,621s, TimeUntilGC: 1,185s, GCWorkers: 1 -> 1
[61,182s][debug][gc,director    ] Rule: High Usage, Free: 7924MB(64,5%)
[61,182s][debug][gc,director    ] Rule: Proactive, AcceptableGCInterval: 3,428s, TimeSinceLastGC: 0,785s, TimeUntilGC: 2,644s
[61,282s][debug][gc,alloc       ] Allocation Rate: 3476,0MB/s, Predicted: 3458,4MB/s, Avg: 3603,4(+/-281,1)MB/s
[61,282s][debug][gc,director    ] Select GC Workers (Normal), AvoidLongGCWorkers: 0,033, AvoidOOMGCWorkers: 0,211, LastGCWorkers: 1,000, GCWorkers: 0,211
[61,282s][debug][gc,director    ] Rule: Allocation Rate (Dynamic GC Workers), MaxAllocRate: 4528,3MB/s (+/-7,8%), Free: 7700MB, GCCPUTime: 0,336, GCDuration: 0,336s, TimeUntilOOM: 1,577s, TimeUntilGC: 1,141s, GCWorkers: 1 -> 1
[61,282s][debug][gc,director    ] Rule: High Usage, Free: 7700MB(62,7%)
[61,282s][debug][gc,director    ] Rule: Proactive, AcceptableGCInterval: 3,428s, TimeSinceLastGC: 0,885s, TimeUntilGC: 2,544s
[61,382s][debug][gc,alloc       ] Allocation Rate: 4190,0MB/s, Predicted: 3656,9MB/s, Avg: 3675,6(+/-326,1)MB/s
[61,382s][debug][gc,director    ] Select GC Workers (Normal), AvoidLongGCWorkers: 0,033, AvoidOOMGCWorkers: 0,255, LastGCWorkers: 1,000, GCWorkers: 0,255
[61,382s][debug][gc,director    ] Rule: Allocation Rate (Dynamic GC Workers), MaxAllocRate: 4748,8MB/s (+/-8,9%), Free: 6760MB, GCCPUTime: 0,336, GCDuration: 0,336s, TimeUntilOOM: 1,308s, TimeUntilGC: 0,872s, GCWorkers: 1 -> 1
[61,382s][debug][gc,director    ] Rule: High Usage, Free: 6760MB(55,0%)
[61,382s][debug][gc,director    ] Rule: Proactive, AcceptableGCInterval: 3,428s, TimeSinceLastGC: 0,985s, TimeUntilGC: 2,443s
[61,481s][debug][gc,alloc       ] Allocation Rate: 3636,0MB/s, Predicted: 3700,9MB/s, Avg: 3649,2(+/-317,5)MB/s
[61,481s][debug][gc,director    ] Select GC Workers (Normal), AvoidLongGCWorkers: 0,033, AvoidOOMGCWorkers: 0,259, LastGCWorkers: 1,000, GCWorkers: 0,259
[61,481s][debug][gc,director    ] Rule: Allocation Rate (Dynamic GC Workers), MaxAllocRate: 4745,6MB/s (+/-8,7%), Free: 6646MB, GCCPUTime: 0,336, GCDuration: 0,336s, TimeUntilOOM: 1,288s, TimeUntilGC: 0,852s, GCWorkers: 1 -> 1
[61,481s][debug][gc,director    ] Rule: High Usage, Free: 6646MB(54,1%)
[61,481s][debug][gc,director    ] Rule: Proactive, AcceptableGCInterval: 3,428s, TimeSinceLastGC: 1,084s, TimeUntilGC: 2,344s
[61,581s][debug][gc,alloc       ] Allocation Rate: 3474,0MB/s, Predicted: 3739,3MB/s, Avg: 3591,0(+/-289,7)MB/s
[61,581s][debug][gc,director    ] Select GC Workers (Normal), AvoidLongGCWorkers: 0,033, AvoidOOMGCWorkers: 0,264, LastGCWorkers: 1,000, GCWorkers: 0,264
[61,581s][debug][gc,director    ] Rule: Allocation Rate (Dynamic GC Workers), MaxAllocRate: 4692,6MB/s (+/-8,1%), Free: 6414MB, GCCPUTime: 0,336, GCDuration: 0,336s, TimeUntilOOM: 1,265s, TimeUntilGC: 0,829s, GCWorkers: 1 -> 1
[61,581s][debug][gc,director    ] Rule: High Usage, Free: 6414MB(52,2%)
[61,581s][debug][gc,director    ] Rule: Proactive, AcceptableGCInterval: 3,428s, TimeSinceLastGC: 1,184s, TimeUntilGC: 2,244s
[61,682s][debug][gc,alloc       ] Allocation Rate: 3510,0MB/s, Predicted: 3644,3MB/s, Avg: 3606,4(+/-280,7)MB/s
[61,682s][debug][gc,director    ] Select GC Workers (Normal), AvoidLongGCWorkers: 0,033, AvoidOOMGCWorkers: 0,266, LastGCWorkers: 1,000, GCWorkers: 0,266
[61,682s][debug][gc,director    ] Rule: Allocation Rate (Dynamic GC Workers), MaxAllocRate: 4568,1MB/s (+/-7,8%), Free: 6180MB, GCCPUTime: 0,336, GCDuration: 0,336s, TimeUntilOOM: 1,255s, TimeUntilGC: 0,819s, GCWorkers: 1 -> 1
[61,682s][debug][gc,director    ] Rule: High Usage, Free: 6180MB(50,3%)
[61,682s][debug][gc,director    ] Rule: Proactive, AcceptableGCInterval: 3,428s, TimeSinceLastGC: 1,284s, TimeUntilGC: 2,144s
[61,782s][debug][gc,alloc       ] Allocation Rate: 4264,0MB/s, Predicted: 3861,9MB/s, Avg: 3689,2(+/-335,1)MB/s
[61,782s][debug][gc,director    ] Select GC Workers (Normal), AvoidLongGCWorkers: 0,033, AvoidOOMGCWorkers: 0,348, LastGCWorkers: 1,000, GCWorkers: 0,348
[61,782s][debug][gc,director    ] Rule: Allocation Rate (Dynamic GC Workers), MaxAllocRate: 4964,6MB/s (+/-9,1%), Free: 5194MB, GCCPUTime: 0,336, GCDuration: 0,336s, TimeUntilOOM: 0,959s, TimeUntilGC: 0,523s, GCWorkers: 1 -> 1
[61,782s][debug][gc,director    ] Rule: High Usage, Free: 5194MB(42,3%)
[61,782s][debug][gc,director    ] Rule: Proactive, AcceptableGCInterval: 3,428s, TimeSinceLastGC: 1,385s, TimeUntilGC: 2,044s
[61,882s][debug][gc,alloc       ] Allocation Rate: 4110,0MB/s, Predicted: 3964,3MB/s, Avg: 3756,0(+/-345,6)MB/s
[61,882s][debug][gc,director    ] Select GC Workers (Normal), AvoidLongGCWorkers: 0,033, AvoidOOMGCWorkers: 0,364, LastGCWorkers: 1,000, GCWorkers: 0,364
[61,882s][debug][gc,director    ] Rule: Allocation Rate (Dynamic GC Workers), MaxAllocRate: 5101,5MB/s (+/-9,2%), Free: 5112MB, GCCPUTime: 0,336, GCDuration: 0,336s, TimeUntilOOM: 0,918s, TimeUntilGC: 0,482s, GCWorkers: 1 -> 1
[61,882s][debug][gc,director    ] Rule: High Usage, Free: 5112MB(41,6%)
[61,882s][debug][gc,director    ] Rule: Proactive, AcceptableGCInterval: 3,428s, TimeSinceLastGC: 1,485s, TimeUntilGC: 1,944s
[61,982s][debug][gc,alloc       ] Allocation Rate: 3438,0MB/s, Predicted: 3930,4MB/s, Avg: 3689,2(+/-335,9)MB/s
[61,982s][debug][gc,director    ] Select GC Workers (Normal), AvoidLongGCWorkers: 0,033, AvoidOOMGCWorkers: 0,376, LastGCWorkers: 1,000, GCWorkers: 0,376
[61,982s][debug][gc,director    ] Rule: Allocation Rate (Dynamic GC Workers), MaxAllocRate: 5035,7MB/s (+/-9,1%), Free: 4882MB, GCCPUTime: 0,336, GCDuration: 0,336s, TimeUntilOOM: 0,889s, TimeUntilGC: 0,453s, GCWorkers: 1 -> 1
[61,982s][debug][gc,director    ] Rule: High Usage, Free: 4882MB(39,7%)
[61,982s][debug][gc,director    ] Rule: Proactive, AcceptableGCInterval: 3,428s, TimeSinceLastGC: 1,585s, TimeUntilGC: 1,843s
[62,081s][debug][gc,alloc       ] Allocation Rate: 3512,0MB/s, Predicted: 3763,2MB/s, Avg: 3707,6(+/-320,3)MB/s
[62,081s][debug][gc,director    ] Select GC Workers (Normal), AvoidLongGCWorkers: 0,033, AvoidOOMGCWorkers: 0,376, LastGCWorkers: 1,000, GCWorkers: 0,376
[62,081s][debug][gc,director    ] Rule: Allocation Rate (Dynamic GC Workers), MaxAllocRate: 4817,2MB/s (+/-8,6%), Free: 4644MB, GCCPUTime: 0,336, GCDuration: 0,336s, TimeUntilOOM: 0,887s, TimeUntilGC: 0,451s, GCWorkers: 1 -> 1
[62,081s][debug][gc,director    ] Rule: High Usage, Free: 4644MB(37,8%)
[62,081s][debug][gc,director    ] Rule: Proactive, AcceptableGCInterval: 3,428s, TimeSinceLastGC: 1,684s, TimeUntilGC: 1,744s
[62,181s][debug][gc,alloc       ] Allocation Rate: 4202,0MB/s, Predicted: 3896,5MB/s, Avg: 3781,2(+/-340,3)MB/s
[62,182s][debug][gc,director    ] Select GC Workers (Normal), AvoidLongGCWorkers: 0,033, AvoidOOMGCWorkers: 0,491, LastGCWorkers: 1,000, GCWorkers: 0,491
[62,182s][debug][gc,director    ] Rule: Allocation Rate (Dynamic GC Workers), MaxAllocRate: 5016,2MB/s (+/-9,0%), Free: 3718MB, GCCPUTime: 0,336, GCDuration: 0,336s, TimeUntilOOM: 0,680s, TimeUntilGC: 0,244s, GCWorkers: 1 -> 1
[62,182s][debug][gc,director    ] Rule: High Usage, Free: 3718MB(30,3%)
[62,182s][debug][gc,director    ] Rule: Proactive, AcceptableGCInterval: 3,428s, TimeSinceLastGC: 1,784s, TimeUntilGC: 1,644s
[62,282s][debug][gc,alloc       ] Allocation Rate: 4118,0MB/s, Predicted: 3949,9MB/s, Avg: 3845,4(+/-337,2)MB/s
[62,282s][debug][gc,director    ] Select GC Workers (Normal), AvoidLongGCWorkers: 0,033, AvoidOOMGCWorkers: 0,513, LastGCWorkers: 1,000, GCWorkers: 0,513
[62,282s][debug][gc,director    ] Rule: Allocation Rate (Dynamic GC Workers), MaxAllocRate: 5059,4MB/s (+/-8,8%), Free: 3582MB, GCCPUTime: 0,336, GCDuration: 0,336s, TimeUntilOOM: 0,651s, TimeUntilGC: 0,215s, GCWorkers: 1 -> 1
[62,282s][debug][gc,director    ] Rule: High Usage, Free: 3582MB(29,2%)
[62,282s][debug][gc,director    ] Rule: Proactive, AcceptableGCInterval: 3,428s, TimeSinceLastGC: 1,885s, TimeUntilGC: 1,544s
[62,382s][debug][gc,alloc       ] Allocation Rate: 3410,0MB/s, Predicted: 3867,6MB/s, Avg: 3767,4(+/-338,7)MB/s
[62,382s][debug][gc,director    ] Select GC Workers (Normal), AvoidLongGCWorkers: 0,033, AvoidOOMGCWorkers: 0,542, LastGCWorkers: 1,000, GCWorkers: 0,542
[62,382s][debug][gc,director    ] Rule: Allocation Rate (Dynamic GC Workers), MaxAllocRate: 4981,9MB/s (+/-9,0%), Free: 3350MB, GCCPUTime: 0,336, GCDuration: 0,336s, TimeUntilOOM: 0,617s, TimeUntilGC: 0,181s, GCWorkers: 1 -> 1
[62,382s][debug][gc,director    ] Rule: High Usage, Free: 3350MB(27,3%)
[62,382s][debug][gc,director    ] Rule: Proactive, AcceptableGCInterval: 3,428s, TimeSinceLastGC: 1,985s, TimeUntilGC: 1,444s
[62,482s][debug][gc,alloc       ] Allocation Rate: 3530,0MB/s, Predicted: 3737,6MB/s, Avg: 3756,8(+/-344,2)MB/s
[62,482s][debug][gc,director    ] Select GC Workers (Normal), AvoidLongGCWorkers: 0,033, AvoidOOMGCWorkers: 0,573, LastGCWorkers: 1,000, GCWorkers: 0,573
[62,482s][debug][gc,director    ] Rule: Allocation Rate (Dynamic GC Workers), MaxAllocRate: 4889,4MB/s (+/-9,2%), Free: 3116MB, GCCPUTime: 0,336, GCDuration: 0,336s, TimeUntilOOM: 0,584s, TimeUntilGC: 0,148s, GCWorkers: 1 -> 1
[62,482s][debug][gc,director    ] Rule: High Usage, Free: 3116MB(25,4%)
[62,482s][debug][gc,director    ] Rule: Proactive, AcceptableGCInterval: 3,428s, TimeSinceLastGC: 2,085s, TimeUntilGC: 1,343s
[62,581s][debug][gc,alloc       ] Allocation Rate: 3916,0MB/s, Predicted: 3725,9MB/s, Avg: 3801,0(+/-333,3)MB/s
[62,581s][debug][gc,director    ] Select GC Workers (Normal), AvoidLongGCWorkers: 0,033, AvoidOOMGCWorkers: 0,715, LastGCWorkers: 1,000, GCWorkers: 0,715
[62,581s][debug][gc,director    ] Rule: Allocation Rate (Dynamic GC Workers), MaxAllocRate: 4897,6MB/s (+/-8,8%), Free: 2494MB, GCCPUTime: 0,336, GCDuration: 0,336s, TimeUntilOOM: 0,468s, TimeUntilGC: 0,032s, GCWorkers: 1 -> 1
[62,581s][debug][gc,director    ] Rule: High Usage, Free: 2494MB(20,3%)
[62,581s][debug][gc,director    ] Rule: Proactive, AcceptableGCInterval: 3,428s, TimeSinceLastGC: 2,184s, TimeUntilGC: 1,244s
[62,681s][debug][gc,alloc       ] Allocation Rate: 4138,0MB/s, Predicted: 3783,1MB/s, Avg: 3863,8(+/-331,7)MB/s
[62,682s][debug][gc,director    ] Select GC Workers (Normal), AvoidLongGCWorkers: 0,033, AvoidOOMGCWorkers: 0,884, LastGCWorkers: 1,000, GCWorkers: 0,884
[62,682s][debug][gc,director    ] Rule: Allocation Rate (Dynamic GC Workers), MaxAllocRate: 4955,2MB/s (+/-8,6%), Free: 2042MB, GCCPUTime: 0,336, GCDuration: 0,336s, TimeUntilOOM: 0,380s, TimeUntilGC: -0,056s, GCWorkers: 1 -> 1
[62,682s][debug][gc,heap        ] GC(21) Heap before GC invocations=21 (full 21):
[62,682s][debug][gc,heap        ] GC(21)  ZHeap           used 10204M, capacity 11772M, max capacity 12288M
[62,682s][debug][gc,heap        ] GC(21)  Metaspace       used 31666K, committed 32064K, reserved 1114112K
[62,682s][debug][gc,heap        ] GC(21)   class space    used 3443K, committed 3648K, reserved 1048576K
[62,682s][info ][gc,start       ] GC(21) Garbage Collection (Allocation Rate)
[62,682s][info ][gc,task        ] GC(21) Using 1 workers
[62,682s][debug][gc,phases,start] GC(21) Pause Mark Start
[62,682s][debug][gc,marking     ] GC(21) Using 1 mark stripes
[62,682s][debug][gc,marking     ] GC(21) Mark Worker/Stripe Distribution
[62,682s][debug][gc,marking     ] GC(21)   Worker 0(1) -> Stripe 0(1)
[62,682s][info ][gc,phases      ] GC(21) Pause Mark Start 0,044ms
[62,682s][debug][gc,phases,start] GC(21) Concurrent Mark
[62,682s][debug][gc,task        ] GC(21) Executing Task: XMarkRootsTask, Active Workers: 1
[62,683s][debug][gc,tlab        ] GC(21) TLAB totals: thrds: 25  refills: 37167 max: 17930 slow allocs: 8527 max 593 waste:  2,0% gc: 2044592B max: 227232B slow: 186515032B max: 28141336B
[62,683s][debug][gc,task        ] GC(21) Executing Task: XMarkTask, Active Workers: 1
[62,782s][debug][gc,alloc       ] Allocation Rate: 3376,0MB/s, Predicted: 3694,7MB/s, Avg: 3775,0(+/-331,5)MB/s
[62,882s][debug][gc,alloc       ] Allocation Rate: 3520,0MB/s, Predicted: 3682,0MB/s, Avg: 3716,0(+/-318,9)MB/s
[62,982s][debug][gc,alloc       ] Allocation Rate: 3512,0MB/s, Predicted: 3526,3MB/s, Avg: 3723,4(+/-313,2)MB/s
[62,983s][info ][gc,phases      ] GC(21) Concurrent Mark 300,930ms
[62,983s][debug][gc,phases,start] GC(21) Pause Mark End
[62,983s][info ][gc,phases      ] GC(21) Pause Mark End 0,025ms
[62,983s][debug][gc,phases,start] GC(21) Concurrent Mark Free
[62,983s][info ][gc,phases      ] GC(21) Concurrent Mark Free 0,018ms
[62,983s][debug][gc,phases,start] GC(21) Concurrent Process Non-Strong References
[62,983s][debug][gc,phases,start] GC(21) Concurrent References Process
[62,983s][debug][gc,task        ] GC(21) Executing Task: XReferenceProcessorTask, Active Workers: 1
[62,986s][debug][gc,phases      ] GC(21) Concurrent References Process 2,627ms
[62,986s][debug][gc,task        ] GC(21) Executing Task: XProcessWeakRootsTask, Active Workers: 1
[62,986s][debug][gc,phases,start] GC(21) Concurrent Classes Unlink
[62,986s][debug][gc,phases,start] GC(21) ClassLoaderData
[62,986s][debug][gc,phases      ] GC(21) ClassLoaderData 0,023ms
[62,986s][debug][gc,phases,start] GC(21) Trigger cleanups
[62,986s][debug][gc,phases      ] GC(21) Trigger cleanups 0,005ms
[62,986s][debug][gc,task        ] GC(21) Executing Task: XNMethodUnlinkTask, Active Workers: 1
[62,999s][debug][gc,phases      ] GC(21) Concurrent Classes Unlink 13,184ms
[63,000s][debug][gc,phases,start] GC(21) Concurrent Classes Purge
[63,000s][debug][gc,nmethod     ] GC(21) Unregister NMethod: com.github.benmanes.caffeine.cache.PSMW.setNextInAccessOrder (0x000070b043f3f010)
[63,000s][debug][gc,nmethod     ] GC(21) Unregister NMethod: java.util.HashMap$HashIterator.nextNode (0x000070b043a3ad90)
[63,000s][debug][gc,nmethod     ] GC(21) Unregister NMethod: com.github.benmanes.caffeine.cache.PSMW.setPreviousInAccessOrder (0x000070b043ea5210)
[63,000s][debug][gc,phases      ] GC(21) Concurrent Classes Purge 0,114ms
[63,000s][debug][gc,phases,start] GC(21) Concurrent References Enqueue
[63,000s][debug][gc,phases      ] GC(21) Concurrent References Enqueue 0,010ms
[63,000s][info ][gc,phases      ] GC(21) Concurrent Process Non-Strong References 17,552ms
[63,000s][debug][gc,phases,start] GC(21) Concurrent Reset Relocation Set
[63,001s][info ][gc,phases      ] GC(21) Concurrent Reset Relocation Set 0,543ms
[63,001s][debug][gc,phases,start] GC(21) Concurrent Select Relocation Set
[63,003s][debug][gc,task        ] GC(21) Executing Task: XRelocationSetInstallTask, Active Workers: 1
[63,005s][info ][gc,phases      ] GC(21) Concurrent Select Relocation Set 3,618ms
[63,005s][debug][gc,jni         ] Setting _needs_gc. Thread "VM Thread" 3 locked.
[63,005s][debug][gc,jni         ] Performing GC after exiting critical section. Thread "ForkJoinPool.commonPool-worker-17" 0 locked.
[63,005s][debug][gc             ] GC(21) GC Locker Stall (XDriver) 0,053ms
[63,006s][debug][gc,phases,start] GC(21) Pause Relocate Start
[63,006s][info ][gc,phases      ] GC(21) Pause Relocate Start 0,020ms
[63,006s][debug][gc,phases,start] GC(21) Concurrent Relocate
[63,006s][debug][gc,task        ] GC(21) Executing Task: XRelocateTask, Active Workers: 1
[63,038s][info ][gc,phases      ] GC(21) Concurrent Relocate 32,032ms
[63,038s][debug][gc,heap        ] GC(21) Heap after GC invocations=22 (full 22):
[63,038s][debug][gc,heap        ] GC(21)  ZHeap           used 2328M, capacity 11772M, max capacity 12288M
[63,038s][debug][gc,heap        ] GC(21)  Metaspace       used 31666K, committed 32064K, reserved 1114112K
[63,038s][debug][gc,heap        ] GC(21)   class space    used 3443K, committed 3648K, reserved 1048576K
[63,038s][info ][gc,load        ] GC(21) Load: 2,98/5,07/3,19
[63,038s][info ][gc,mmu         ] GC(21) MMU: 2ms/71,4%, 5ms/88,5%, 10ms/94,3%, 20ms/97,0%, 50ms/98,8%, 100ms/99,4%
[63,038s][info ][gc,marking     ] GC(21) Mark: 1 stripe(s), 2 proactive flush(es), 1 terminate flush(es), 0 completion(s), 0 continuation(s) 
[63,038s][info ][gc,marking     ] GC(21) Mark Stack Usage: 32M
[63,038s][info ][gc,nmethod     ] GC(21) NMethods: 4030 registered, 1314 unregistered
[63,038s][info ][gc,metaspace   ] GC(21) Metaspace: 30M used, 31M committed, 1088M reserved
[63,038s][info ][gc,ref         ] GC(21) Soft: 3931 encountered, 0 discovered, 0 enqueued
[63,038s][info ][gc,ref         ] GC(21) Weak: 1939 encountered, 128 discovered, 0 enqueued
[63,038s][info ][gc,ref         ] GC(21) Final: 12540 encountered, 12540 discovered, 12540 enqueued
[63,038s][info ][gc,ref         ] GC(21) Phantom: 578 encountered, 429 discovered, 176 enqueued
[63,038s][info ][gc,reloc       ] GC(21) Small Pages: 5086 / 10172M, Empty: 4140M, Relocated: 26M, In-Place: 0
[63,038s][info ][gc,reloc       ] GC(21) Medium Pages: 1 / 32M, Empty: 0M, Relocated: 0M, In-Place: 0
[63,038s][info ][gc,reloc       ] GC(21) Large Pages: 0 / 0M, Empty: 0M, Relocated: 0M, In-Place: 0
[63,038s][info ][gc,reloc       ] GC(21) Forwarding Usage: 4M
[63,038s][info ][gc,heap        ] GC(21) Min Capacity: 5120M(42%)
[63,038s][info ][gc,heap        ] GC(21) Max Capacity: 12288M(100%)
[63,038s][info ][gc,heap        ] GC(21) Soft Max Capacity: 12288M(100%)
[63,038s][info ][gc,heap        ] GC(21)                Mark Start          Mark End        Relocate Start      Relocate End           High               Low         
[63,038s][info ][gc,heap        ] GC(21)  Capacity:    11772M (96%)       11772M (96%)       11772M (96%)       11772M (96%)       11772M (96%)       11772M (96%)    
[63,038s][info ][gc,heap        ] GC(21)      Free:     2084M (17%)        1410M (11%)        5154M (42%)        9960M (81%)        9970M (81%)        1092M (9%)     
[63,038s][info ][gc,heap        ] GC(21)      Used:    10204M (83%)       10878M (89%)        7134M (58%)        2328M (19%)       11196M (91%)        2318M (19%)    
[63,038s][info ][gc,heap        ] GC(21)      Live:         -               564M (5%)          564M (5%)          564M (5%)             -                  -          
[63,038s][info ][gc,heap        ] GC(21) Allocated:         -               674M (5%)         1070M (9%)         1565M (13%)            -                  -          
[63,038s][info ][gc,heap        ] GC(21)   Garbage:         -              9639M (78%)        5499M (45%)         198M (2%)             -                  -          
[63,038s][info ][gc,heap        ] GC(21) Reclaimed:         -                  -              4140M (34%)        9441M (77%)            -                  -          
[63,038s][info ][gc             ] GC(21) Garbage Collection (Allocation Rate) 10204M(83%)->2328M(19%)
[63,081s][debug][gc,alloc       ] Allocation Rate: 4178,0MB/s, Predicted: 3651,7MB/s, Avg: 3790,0(+/-331,4)MB/s
[63,081s][debug][gc,director    ] Select GC Workers (Normal), AvoidLongGCWorkers: 0,039, AvoidOOMGCWorkers: 0,212, LastGCWorkers: 1,000, GCWorkers: 0,212
[63,081s][debug][gc,director    ] Rule: Allocation Rate (Dynamic GC Workers), MaxAllocRate: 4880,6MB/s (+/-8,7%), Free: 9908MB, GCCPUTime: 0,404, GCDuration: 0,404s, TimeUntilOOM: 1,867s, TimeUntilGC: 1,363s, GCWorkers: 1 -> 1
[63,081s][debug][gc,director    ] Rule: High Usage, Free: 9908MB(80,6%)
[63,081s][debug][gc,director    ] Rule: Proactive, UsedUntilEnabled: 1218MB, TimeUntilEnabled: 299,957s
[63,181s][debug][gc,alloc       ] Allocation Rate: 3364,0MB/s, Predicted: 3591,2MB/s, Avg: 3706,2(+/-322,5)MB/s
[63,181s][debug][gc,director    ] Select GC Workers (Normal), AvoidLongGCWorkers: 0,039, AvoidOOMGCWorkers: 0,210, LastGCWorkers: 1,000, GCWorkers: 0,210
[63,181s][debug][gc,director    ] Rule: Allocation Rate (Dynamic GC Workers), MaxAllocRate: 4767,3MB/s (+/-8,7%), Free: 9800MB, GCCPUTime: 0,404, GCDuration: 0,404s, TimeUntilOOM: 1,891s, TimeUntilGC: 1,387s, GCWorkers: 1 -> 1
[63,181s][debug][gc,director    ] Rule: High Usage, Free: 9800MB(79,8%)
[63,181s][debug][gc,director    ] Rule: Proactive, UsedUntilEnabled: 1110MB, TimeUntilEnabled: 299,857s
[63,282s][debug][gc,alloc       ] Allocation Rate: 3444,0MB/s, Predicted: 3596,1MB/s, Avg: 3638,8(+/-298,9)MB/s
[63,282s][debug][gc,director    ] Select GC Workers (Normal), AvoidLongGCWorkers: 0,039, AvoidOOMGCWorkers: 0,207, LastGCWorkers: 1,000, GCWorkers: 0,207
[63,282s][debug][gc,director    ] Rule: Allocation Rate (Dynamic GC Workers), MaxAllocRate: 4622,5MB/s (+/-8,2%), Free: 9580MB, GCCPUTime: 0,404, GCDuration: 0,404s, TimeUntilOOM: 1,915s, TimeUntilGC: 1,411s, GCWorkers: 1 -> 1
[63,282s][debug][gc,director    ] Rule: High Usage, Free: 9580MB(78,0%)
[63,282s][debug][gc,director    ] Rule: Proactive, UsedUntilEnabled: 890MB, TimeUntilEnabled: 299,756s
[63,382s][debug][gc,alloc       ] Allocation Rate: 3436,0MB/s, Predicted: 3454,0MB/s, Avg: 3641,4(+/-297,1)MB/s
[63,382s][debug][gc,director    ] Select GC Workers (Normal), AvoidLongGCWorkers: 0,039, AvoidOOMGCWorkers: 0,212, LastGCWorkers: 1,000, GCWorkers: 0,212
[63,382s][debug][gc,director    ] Rule: Allocation Rate (Dynamic GC Workers), MaxAllocRate: 4618,9MB/s (+/-8,2%), Free: 9356MB, GCCPUTime: 0,404, GCDuration: 0,404s, TimeUntilOOM: 1,873s, TimeUntilGC: 1,369s, GCWorkers: 1 -> 1
[63,382s][debug][gc,director    ] Rule: High Usage, Free: 9356MB(76,1%)
[63,382s][debug][gc,director    ] Rule: Proactive, UsedUntilEnabled: 666MB, TimeUntilEnabled: 299,656s
[63,482s][debug][gc,alloc       ] Allocation Rate: 4034,0MB/s, Predicted: 3581,3MB/s, Avg: 3691,8(+/-316,0)MB/s
[63,482s][debug][gc,director    ] Select GC Workers (Normal), AvoidLongGCWorkers: 0,039, AvoidOOMGCWorkers: 0,239, LastGCWorkers: 1,000, GCWorkers: 0,239
[63,482s][debug][gc,director    ] Rule: Allocation Rate (Dynamic GC Workers), MaxAllocRate: 4731,7MB/s (+/-8,6%), Free: 8524MB, GCCPUTime: 0,404, GCDuration: 0,404s, TimeUntilOOM: 1,659s, TimeUntilGC: 1,155s, GCWorkers: 1 -> 1
[63,482s][debug][gc,director    ] Rule: High Usage, Free: 8524MB(69,4%)
[63,482s][debug][gc,director    ] Rule: Proactive, AcceptableGCInterval: 4,338s, TimeSinceLastGC: 0,444s, TimeUntilGC: 3,894s
[63,581s][debug][gc,alloc       ] Allocation Rate: 3612,0MB/s, Predicted: 3609,2MB/s, Avg: 3661,4(+/-307,5)MB/s
[63,581s][debug][gc,director    ] Select GC Workers (Normal), AvoidLongGCWorkers: 0,039, AvoidOOMGCWorkers: 0,241, LastGCWorkers: 1,000, GCWorkers: 0,241
[63,581s][debug][gc,director    ] Rule: Allocation Rate (Dynamic GC Workers), MaxAllocRate: 4673,2MB/s (+/-8,4%), Free: 8328MB, GCCPUTime: 0,404, GCDuration: 0,404s, TimeUntilOOM: 1,644s, TimeUntilGC: 1,140s, GCWorkers: 1 -> 1
[63,581s][debug][gc,director    ] Rule: High Usage, Free: 8328MB(67,8%)
[63,581s][debug][gc,director    ] Rule: Proactive, AcceptableGCInterval: 4,338s, TimeSinceLastGC: 0,543s, TimeUntilGC: 3,795s
[63,681s][debug][gc,alloc       ] Allocation Rate: 3386,0MB/s, Predicted: 3626,1MB/s, Avg: 3586,2(+/-271,6)MB/s
[63,681s][debug][gc,director    ] Select GC Workers (Normal), AvoidLongGCWorkers: 0,039, AvoidOOMGCWorkers: 0,238, LastGCWorkers: 1,000, GCWorkers: 0,238
[63,681s][debug][gc,director    ] Rule: Allocation Rate (Dynamic GC Workers), MaxAllocRate: 4519,9MB/s (+/-7,6%), Free: 8096MB, GCCPUTime: 0,404, GCDuration: 0,404s, TimeUntilOOM: 1,665s, TimeUntilGC: 1,161s, GCWorkers: 1 -> 1
[63,681s][debug][gc,director    ] Rule: High Usage, Free: 8096MB(65,9%)
[63,681s][debug][gc,director    ] Rule: Proactive, AcceptableGCInterval: 4,338s, TimeSinceLastGC: 0,643s, TimeUntilGC: 3,695s
[63,782s][debug][gc,alloc       ] Allocation Rate: 3390,0MB/s, Predicted: 3491,6MB/s, Avg: 3587,6(+/-270,6)MB/s
[63,782s][debug][gc,director    ] Select GC Workers (Normal), AvoidLongGCWorkers: 0,039, AvoidOOMGCWorkers: 0,243, LastGCWorkers: 1,000, GCWorkers: 0,243
[63,782s][debug][gc,director    ] Rule: Allocation Rate (Dynamic GC Workers), MaxAllocRate: 4477,9MB/s (+/-7,5%), Free: 7870MB, GCCPUTime: 0,404, GCDuration: 0,404s, TimeUntilOOM: 1,634s, TimeUntilGC: 1,130s, GCWorkers: 1 -> 1
[63,782s][debug][gc,director    ] Rule: High Usage, Free: 7870MB(64,0%)
[63,782s][debug][gc,director    ] Rule: Proactive, AcceptableGCInterval: 4,338s, TimeSinceLastGC: 0,744s, TimeUntilGC: 3,595s
[63,882s][debug][gc,alloc       ] Allocation Rate: 3378,0MB/s, Predicted: 3389,7MB/s, Avg: 3573,4(+/-277,4)MB/s
[63,882s][debug][gc,director    ] Select GC Workers (Normal), AvoidLongGCWorkers: 0,039, AvoidOOMGCWorkers: 0,250, LastGCWorkers: 1,000, GCWorkers: 0,250
[63,882s][debug][gc,director    ] Rule: Allocation Rate (Dynamic GC Workers), MaxAllocRate: 4486,1MB/s (+/-7,8%), Free: 7656MB, GCCPUTime: 0,404, GCDuration: 0,404s, TimeUntilOOM: 1,584s, TimeUntilGC: 1,080s, GCWorkers: 1 -> 1
[63,882s][debug][gc,director    ] Rule: High Usage, Free: 7656MB(62,3%)
[63,882s][debug][gc,director    ] Rule: Proactive, AcceptableGCInterval: 4,338s, TimeSinceLastGC: 0,844s, TimeUntilGC: 3,494s
[63,982s][debug][gc,alloc       ] Allocation Rate: 4044,0MB/s, Predicted: 3561,6MB/s, Avg: 3626,6(+/-309,6)MB/s
[63,982s][debug][gc,director    ] Select GC Workers (Normal), AvoidLongGCWorkers: 0,039, AvoidOOMGCWorkers: 0,296, LastGCWorkers: 1,000, GCWorkers: 0,296
[63,982s][debug][gc,director    ] Rule: Allocation Rate (Dynamic GC Workers), MaxAllocRate: 4645,5MB/s (+/-8,5%), Free: 6768MB, GCCPUTime: 0,404, GCDuration: 0,404s, TimeUntilOOM: 1,342s, TimeUntilGC: 0,838s, GCWorkers: 1 -> 1
[63,982s][debug][gc,director    ] Rule: High Usage, Free: 6768MB(55,1%)
[63,982s][debug][gc,director    ] Rule: Proactive, AcceptableGCInterval: 4,338s, TimeSinceLastGC: 0,944s, TimeUntilGC: 3,394s
[64,081s][debug][gc,alloc       ] Allocation Rate: 3286,0MB/s, Predicted: 3572,4MB/s, Avg: 3537,4(+/-262,9)MB/s
[64,081s][debug][gc,director    ] Select GC Workers (Normal), AvoidLongGCWorkers: 0,039, AvoidOOMGCWorkers: 0,286, LastGCWorkers: 1,000, GCWorkers: 0,286
[64,081s][debug][gc,director    ] Rule: Allocation Rate (Dynamic GC Workers), MaxAllocRate: 4437,5MB/s (+/-7,4%), Free: 6622MB, GCCPUTime: 0,404, GCDuration: 0,404s, TimeUntilOOM: 1,389s, TimeUntilGC: 0,885s, GCWorkers: 1 -> 1
[64,081s][debug][gc,director    ] Rule: High Usage, Free: 6622MB(53,9%)
[64,081s][debug][gc,director    ] Rule: Proactive, AcceptableGCInterval: 4,338s, TimeSinceLastGC: 1,043s, TimeUntilGC: 3,295s
[64,181s][debug][gc,alloc       ] Allocation Rate: 3400,0MB/s, Predicted: 3471,2MB/s, Avg: 3541,0(+/-260,7)MB/s
[64,181s][debug][gc,director    ] Select GC Workers (Normal), AvoidLongGCWorkers: 0,039, AvoidOOMGCWorkers: 0,293, LastGCWorkers: 1,000, GCWorkers: 0,293
[64,181s][debug][gc,director    ] Rule: Allocation Rate (Dynamic GC Workers), MaxAllocRate: 4399,0MB/s (+/-7,4%), Free: 6400MB, GCCPUTime: 0,404, GCDuration: 0,404s, TimeUntilOOM: 1,355s, TimeUntilGC: 0,851s, GCWorkers: 1 -> 1
[64,181s][debug][gc,director    ] Rule: High Usage, Free: 6400MB(52,1%)
[64,181s][debug][gc,director    ] Rule: Proactive, AcceptableGCInterval: 4,338s, TimeSinceLastGC: 1,143s, TimeUntilGC: 3,195s
[64,281s][debug][gc,alloc       ] Allocation Rate: 3412,0MB/s, Predicted: 3393,7MB/s, Avg: 3537,8(+/-262,1)MB/s
[64,281s][debug][gc,director    ] Select GC Workers (Normal), AvoidLongGCWorkers: 0,039, AvoidOOMGCWorkers: 0,304, LastGCWorkers: 1,000, GCWorkers: 0,304
[64,281s][debug][gc,director    ] Rule: Allocation Rate (Dynamic GC Workers), MaxAllocRate: 4400,2MB/s (+/-7,4%), Free: 6168MB, GCCPUTime: 0,404, GCDuration: 0,404s, TimeUntilOOM: 1,305s, TimeUntilGC: 0,801s, GCWorkers: 1 -> 1
[64,281s][debug][gc,director    ] Rule: High Usage, Free: 6168MB(50,2%)
[64,281s][debug][gc,director    ] Rule: Proactive, AcceptableGCInterval: 4,338s, TimeSinceLastGC: 1,243s, TimeUntilGC: 3,095s
[64,382s][debug][gc,alloc       ] Allocation Rate: 4150,0MB/s, Predicted: 3611,5MB/s, Avg: 3609,2(+/-316,3)MB/s
[64,382s][debug][gc,director    ] Select GC Workers (Normal), AvoidLongGCWorkers: 0,039, AvoidOOMGCWorkers: 0,387, LastGCWorkers: 1,000, GCWorkers: 0,387
[64,382s][debug][gc,director    ] Rule: Allocation Rate (Dynamic GC Workers), MaxAllocRate: 4652,2MB/s (+/-8,8%), Free: 5206MB, GCCPUTime: 0,404, GCDuration: 0,404s, TimeUntilOOM: 1,029s, TimeUntilGC: 0,525s, GCWorkers: 1 -> 1
[64,382s][debug][gc,director    ] Rule: High Usage, Free: 5206MB(42,4%)
[64,382s][debug][gc,director    ] Rule: Proactive, AcceptableGCInterval: 4,338s, TimeSinceLastGC: 1,344s, TimeUntilGC: 2,994s
[64,482s][debug][gc,alloc       ] Allocation Rate: 3414,0MB/s, Predicted: 3646,7MB/s, Avg: 3547,2(+/-286,3)MB/s
[64,482s][debug][gc,director    ] Select GC Workers (Normal), AvoidLongGCWorkers: 0,039, AvoidOOMGCWorkers: 0,386, LastGCWorkers: 1,000, GCWorkers: 0,386
[64,482s][debug][gc,director    ] Rule: Allocation Rate (Dynamic GC Workers), MaxAllocRate: 4588,7MB/s (+/-8,1%), Free: 5108MB, GCCPUTime: 0,404, GCDuration: 0,404s, TimeUntilOOM: 1,030s, TimeUntilGC: 0,526s, GCWorkers: 1 -> 1
[64,482s][debug][gc,director    ] Rule: High Usage, Free: 5108MB(41,6%)
[64,482s][debug][gc,director    ] Rule: Proactive, AcceptableGCInterval: 4,338s, TimeSinceLastGC: 1,444s, TimeUntilGC: 2,894s
[64,582s][debug][gc,alloc       ] Allocation Rate: 3436,0MB/s, Predicted: 3619,5MB/s, Avg: 3529,6(+/-287,2)MB/s
[64,582s][debug][gc,director    ] Select GC Workers (Normal), AvoidLongGCWorkers: 0,039, AvoidOOMGCWorkers: 0,402, LastGCWorkers: 1,000, GCWorkers: 0,402
[64,582s][debug][gc,director    ] Rule: Allocation Rate (Dynamic GC Workers), MaxAllocRate: 4564,4MB/s (+/-8,1%), Free: 4892MB, GCCPUTime: 0,404, GCDuration: 0,404s, TimeUntilOOM: 0,991s, TimeUntilGC: 0,487s, GCWorkers: 1 -> 1
[64,582s][debug][gc,director    ] Rule: High Usage, Free: 4892MB(39,8%)
[64,582s][debug][gc,director    ] Rule: Proactive, AcceptableGCInterval: 4,338s, TimeSinceLastGC: 1,544s, TimeUntilGC: 2,794s
[64,681s][debug][gc,alloc       ] Allocation Rate: 3432,0MB/s, Predicted: 3542,1MB/s, Avg: 3534,2(+/-285,2)MB/s
[64,681s][debug][gc,director    ] Select GC Workers (Normal), AvoidLongGCWorkers: 0,039, AvoidOOMGCWorkers: 0,413, LastGCWorkers: 1,000, GCWorkers: 0,413
[64,681s][debug][gc,director    ] Rule: Allocation Rate (Dynamic GC Workers), MaxAllocRate: 4480,6MB/s (+/-8,1%), Free: 4666MB, GCCPUTime: 0,404, GCDuration: 0,404s, TimeUntilOOM: 0,964s, TimeUntilGC: 0,460s, GCWorkers: 1 -> 1
[64,681s][debug][gc,director    ] Rule: High Usage, Free: 4666MB(38,0%)
[64,681s][debug][gc,director    ] Rule: Proactive, AcceptableGCInterval: 4,338s, TimeSinceLastGC: 1,643s, TimeUntilGC: 2,695s
[64,785s][debug][gc,alloc       ] Allocation Rate: 4036,0MB/s, Predicted: 3704,4MB/s, Avg: 3598,8(+/-316,6)MB/s
[64,785s][debug][gc,director    ] Select GC Workers (Normal), AvoidLongGCWorkers: 0,039, AvoidOOMGCWorkers: 0,538, LastGCWorkers: 1,000, GCWorkers: 0,538
[64,785s][debug][gc,director    ] Rule: Allocation Rate (Dynamic GC Workers), MaxAllocRate: 4746,3MB/s (+/-8,8%), Free: 3834MB, GCCPUTime: 0,404, GCDuration: 0,404s, TimeUntilOOM: 0,742s, TimeUntilGC: 0,239s, GCWorkers: 1 -> 1
[64,785s][debug][gc,director    ] Rule: High Usage, Free: 3834MB(31,2%)
[64,785s][debug][gc,director    ] Rule: Proactive, AcceptableGCInterval: 4,338s, TimeSinceLastGC: 1,747s, TimeUntilGC: 2,591s
[64,882s][debug][gc,alloc       ] Allocation Rate: 4026,0MB/s, Predicted: 3816,4MB/s, Avg: 3663,6(+/-330,8)MB/s
[64,882s][debug][gc,director    ] Select GC Workers (Normal), AvoidLongGCWorkers: 0,039, AvoidOOMGCWorkers: 0,589, LastGCWorkers: 1,000, GCWorkers: 0,589
[64,882s][debug][gc,director    ] Rule: Allocation Rate (Dynamic GC Workers), MaxAllocRate: 4905,0MB/s (+/-9,0%), Free: 3630MB, GCCPUTime: 0,404, GCDuration: 0,404s, TimeUntilOOM: 0,679s, TimeUntilGC: 0,175s, GCWorkers: 1 -> 1
[64,882s][debug][gc,director    ] Rule: High Usage, Free: 3630MB(29,5%)
[64,882s][debug][gc,director    ] Rule: Proactive, AcceptableGCInterval: 4,338s, TimeSinceLastGC: 1,844s, TimeUntilGC: 2,494s
[64,982s][debug][gc,alloc       ] Allocation Rate: 3330,0MB/s, Predicted: 3784,4MB/s, Avg: 3592,2(+/-317,8)MB/s
[64,982s][debug][gc,director    ] Select GC Workers (Normal), AvoidLongGCWorkers: 0,039, AvoidOOMGCWorkers: 0,612, LastGCWorkers: 1,000, GCWorkers: 0,612
[64,982s][debug][gc,director    ] Rule: Allocation Rate (Dynamic GC Workers), MaxAllocRate: 4830,2MB/s (+/-8,8%), Free: 3438MB, GCCPUTime: 0,404, GCDuration: 0,404s, TimeUntilOOM: 0,654s, TimeUntilGC: 0,150s, GCWorkers: 1 -> 1
[64,982s][debug][gc,director    ] Rule: High Usage, Free: 3438MB(28,0%)
[64,982s][debug][gc,director    ] Rule: Proactive, AcceptableGCInterval: 4,338s, TimeSinceLastGC: 1,944s, TimeUntilGC: 2,394s
[65,082s][debug][gc,alloc       ] Allocation Rate: 3406,0MB/s, Predicted: 3628,3MB/s, Avg: 3604,2(+/-308,1)MB/s
[65,082s][debug][gc,director    ] Select GC Workers (Normal), AvoidLongGCWorkers: 0,039, AvoidOOMGCWorkers: 0,627, LastGCWorkers: 1,000, GCWorkers: 0,627
[65,082s][debug][gc,director    ] Rule: Allocation Rate (Dynamic GC Workers), MaxAllocRate: 4642,2MB/s (+/-8,5%), Free: 3216MB, GCCPUTime: 0,404, GCDuration: 0,404s, TimeUntilOOM: 0,638s, TimeUntilGC: 0,134s, GCWorkers: 1 -> 1
[65,082s][debug][gc,director    ] Rule: High Usage, Free: 3216MB(26,2%)
[65,082s][debug][gc,director    ] Rule: Proactive, AcceptableGCInterval: 4,338s, TimeSinceLastGC: 2,044s, TimeUntilGC: 2,294s
[65,181s][debug][gc,alloc       ] Allocation Rate: 3408,0MB/s, Predicted: 3495,3MB/s, Avg: 3605,0(+/-307,6)MB/s
[65,181s][debug][gc,director    ] Select GC Workers (Normal), AvoidLongGCWorkers: 0,039, AvoidOOMGCWorkers: 0,671, LastGCWorkers: 1,000, GCWorkers: 0,671
[65,181s][debug][gc,director    ] Rule: Allocation Rate (Dynamic GC Workers), MaxAllocRate: 4617,2MB/s (+/-8,5%), Free: 2992MB, GCCPUTime: 0,404, GCDuration: 0,404s, TimeUntilOOM: 0,597s, TimeUntilGC: 0,093s, GCWorkers: 1 -> 1
[65,181s][debug][gc,director    ] Rule: High Usage, Free: 2992MB(24,3%)
[65,181s][debug][gc,director    ] Rule: Proactive, AcceptableGCInterval: 4,338s, TimeSinceLastGC: 2,143s, TimeUntilGC: 2,195s
[65,281s][debug][gc,alloc       ] Allocation Rate: 4094,0MB/s, Predicted: 3639,5MB/s, Avg: 3673,2(+/-331,9)MB/s
[65,281s][debug][gc,director    ] Select GC Workers (Normal), AvoidLongGCWorkers: 0,039, AvoidOOMGCWorkers: 1,012, LastGCWorkers: 1,000, GCWorkers: 1,012
[65,281s][debug][gc,director    ] Rule: Allocation Rate (Dynamic GC Workers), MaxAllocRate: 4765,4MB/s (+/-9,0%), Free: 2074MB, GCCPUTime: 0,404, GCDuration: 0,207s, TimeUntilOOM: 0,399s, TimeUntilGC: 0,092s, GCWorkers: 1 -> 2
[65,281s][debug][gc,heap        ] GC(22) Heap before GC invocations=22 (full 22):
[65,281s][debug][gc,heap        ] GC(22)  ZHeap           used 10172M, capacity 11772M, max capacity 12288M
[65,281s][debug][gc,heap        ] GC(22)  Metaspace       used 31681K, committed 32064K, reserved 1114112K
[65,281s][debug][gc,heap        ] GC(22)   class space    used 3443K, committed 3648K, reserved 1048576K
[65,281s][info ][gc,start       ] GC(22) Garbage Collection (Allocation Rate)
[65,281s][info ][gc,task        ] GC(22) Using 2 workers
[65,282s][debug][gc,phases,start] GC(22) Pause Mark Start
[65,282s][debug][gc,marking     ] GC(22) Using 2 mark stripes
[65,282s][debug][gc,marking     ] GC(22) Mark Worker/Stripe Distribution
[65,282s][debug][gc,marking     ] GC(22)   Worker 0(2) -> Stripe 0(2)
[65,282s][debug][gc,marking     ] GC(22)   Worker 1(2) -> Stripe 1(2)
[65,282s][info ][gc,phases      ] GC(22) Pause Mark Start 0,040ms
[65,282s][debug][gc,phases,start] GC(22) Concurrent Mark
[65,282s][debug][gc,task        ] GC(22) Executing Task: XMarkRootsTask, Active Workers: 2
[65,282s][debug][gc,tlab        ] GC(22) TLAB totals: thrds: 25  refills: 37046 max: 17880 slow allocs: 8532 max 594 waste:  2,0% gc: 3686960B max: 234936B slow: 186404528B max: 27893344B
[65,282s][debug][gc,task        ] GC(22) Executing Task: XMarkTask, Active Workers: 2
[65,382s][debug][gc,alloc       ] Allocation Rate: 3240,0MB/s, Predicted: 3593,3MB/s, Avg: 3582,2(+/-312,9)MB/s
[65,460s][info ][gc,phases      ] GC(22) Concurrent Mark 178,238ms
[65,460s][debug][gc,phases,start] GC(22) Pause Mark End
[65,460s][info ][gc,phases      ] GC(22) Pause Mark End 0,030ms
[65,460s][debug][gc,phases,start] GC(22) Concurrent Mark Free
[65,460s][info ][gc,phases      ] GC(22) Concurrent Mark Free 0,020ms
[65,460s][debug][gc,phases,start] GC(22) Concurrent Process Non-Strong References
[65,460s][debug][gc,phases,start] GC(22) Concurrent References Process
[65,460s][debug][gc,task        ] GC(22) Executing Task: XReferenceProcessorTask, Active Workers: 2
[65,463s][debug][gc,phases      ] GC(22) Concurrent References Process 2,392ms
[65,463s][debug][gc,task        ] GC(22) Executing Task: XProcessWeakRootsTask, Active Workers: 2
[65,463s][debug][gc,phases,start] GC(22) Concurrent Classes Unlink
[65,463s][debug][gc,phases,start] GC(22) ClassLoaderData
[65,463s][debug][gc,phases      ] GC(22) ClassLoaderData 0,025ms
[65,463s][debug][gc,phases,start] GC(22) Trigger cleanups
[65,463s][debug][gc,phases      ] GC(22) Trigger cleanups 0,005ms
[65,463s][debug][gc,task        ] GC(22) Executing Task: XNMethodUnlinkTask, Active Workers: 2
[65,465s][debug][gc,phases      ] GC(22) Concurrent Classes Unlink 2,063ms
[65,465s][debug][gc,phases,start] GC(22) Concurrent Classes Purge
[65,465s][debug][gc,nmethod     ] GC(22) Unregister NMethod: java.util.concurrent.ForkJoinPool.scan (0x000070b04411e210)
[65,465s][debug][gc,nmethod     ] GC(22) Unregister NMethod: io.sirix.page.delegates.FullReferencesPage.<init> (0x000070b04401c410)
[65,465s][debug][gc,nmethod     ] GC(22) Unregister NMethod: net.openhft.chronicle.bytes.AbstractBytes.writeLimit (0x000070b043ac5d90)
[65,465s][debug][gc,nmethod     ] GC(22) Unregister NMethod: net.jpountz.lz4.LZ4BlockInputStream.read (0x000070b04423cb90)
[65,465s][debug][gc,phases      ] GC(22) Concurrent Classes Purge 0,050ms
[65,465s][debug][gc,phases,start] GC(22) Concurrent References Enqueue
[65,465s][debug][gc,phases      ] GC(22) Concurrent References Enqueue 0,006ms
[65,465s][info ][gc,phases      ] GC(22) Concurrent Process Non-Strong References 5,133ms
[65,465s][debug][gc,phases,start] GC(22) Concurrent Reset Relocation Set
[65,465s][info ][gc,phases      ] GC(22) Concurrent Reset Relocation Set 0,071ms
[65,466s][debug][gc,phases,start] GC(22) Concurrent Select Relocation Set
[65,466s][debug][gc,task        ] GC(22) Executing Task: XRelocationSetInstallTask, Active Workers: 2
[65,467s][info ][gc,phases      ] GC(22) Concurrent Select Relocation Set 1,396ms
[65,467s][debug][gc,phases,start] GC(22) Pause Relocate Start
[65,467s][info ][gc,phases      ] GC(22) Pause Relocate Start 0,022ms
[65,467s][debug][gc,phases,start] GC(22) Concurrent Relocate
[65,467s][debug][gc,task        ] GC(22) Executing Task: XRelocateTask, Active Workers: 2
[65,473s][info ][gc,phases      ] GC(22) Concurrent Relocate 6,496ms
[65,474s][debug][gc,heap        ] GC(22) Heap after GC invocations=23 (full 23):
[65,474s][debug][gc,heap        ] GC(22)  ZHeap           used 1072M, capacity 11772M, max capacity 12288M
[65,474s][debug][gc,heap        ] GC(22)  Metaspace       used 31682K, committed 32064K, reserved 1114112K
[65,474s][debug][gc,heap        ] GC(22)   class space    used 3443K, committed 3648K, reserved 1048576K
[65,474s][info ][gc,load        ] GC(22) Load: 2,98/5,07/3,19
[65,474s][info ][gc,mmu         ] GC(22) MMU: 2ms/71,4%, 5ms/88,5%, 10ms/94,3%, 20ms/97,0%, 50ms/98,8%, 100ms/99,4%
[65,474s][info ][gc,marking     ] GC(22) Mark: 2 stripe(s), 2 proactive flush(es), 1 terminate flush(es), 0 completion(s), 0 continuation(s) 
[65,474s][info ][gc,marking     ] GC(22) Mark Stack Usage: 32M
[65,474s][info ][gc,nmethod     ] GC(22) NMethods: 4038 registered, 1318 unregistered
[65,474s][info ][gc,metaspace   ] GC(22) Metaspace: 30M used, 31M committed, 1088M reserved
[65,474s][info ][gc,ref         ] GC(22) Soft: 3931 encountered, 0 discovered, 0 enqueued
[65,474s][info ][gc,ref         ] GC(22) Weak: 1939 encountered, 318 discovered, 0 enqueued
[65,474s][info ][gc,ref         ] GC(22) Final: 12516 encountered, 12516 discovered, 12516 enqueued
[65,474s][info ][gc,ref         ] GC(22) Phantom: 574 encountered, 453 discovered, 172 enqueued
[65,474s][info ][gc,reloc       ] GC(22) Small Pages: 5070 / 10140M, Empty: 4136M, Relocated: 24M, In-Place: 0
[65,474s][info ][gc,reloc       ] GC(22) Medium Pages: 1 / 32M, Empty: 0M, Relocated: 0M, In-Place: 0
[65,474s][info ][gc,reloc       ] GC(22) Large Pages: 0 / 0M, Empty: 0M, Relocated: 0M, In-Place: 0
[65,474s][info ][gc,reloc       ] GC(22) Forwarding Usage: 3M
[65,474s][info ][gc,heap        ] GC(22) Min Capacity: 5120M(42%)
[65,474s][info ][gc,heap        ] GC(22) Max Capacity: 12288M(100%)
[65,474s][info ][gc,heap        ] GC(22) Soft Max Capacity: 12288M(100%)
[65,474s][info ][gc,heap        ] GC(22)                Mark Start          Mark End        Relocate Start      Relocate End           High               Low         
[65,474s][info ][gc,heap        ] GC(22)  Capacity:    11772M (96%)       11772M (96%)       11772M (96%)       11772M (96%)       11772M (96%)       11772M (96%)    
[65,474s][info ][gc,heap        ] GC(22)      Free:     2116M (17%)        1844M (15%)        5966M (49%)       11216M (91%)       11216M (91%)        1832M (15%)    
[65,474s][info ][gc,heap        ] GC(22)      Used:    10172M (83%)       10444M (85%)        6322M (51%)        1072M (9%)        10456M (85%)        1072M (9%)     
[65,474s][info ][gc,heap        ] GC(22)      Live:         -               565M (5%)          565M (5%)          565M (5%)             -                  -          
[65,474s][info ][gc,heap        ] GC(22) Allocated:         -               272M (2%)          286M (2%)          305M (2%)             -                  -          
[65,474s][info ][gc,heap        ] GC(22)   Garbage:         -              9606M (78%)        5470M (45%)         200M (2%)             -                  -          
[65,474s][info ][gc,heap        ] GC(22) Reclaimed:         -                  -              4136M (34%)        9405M (77%)            -                  -          
[65,474s][info ][gc             ] GC(22) Garbage Collection (Allocation Rate) 10172M(83%)->1072M(9%)
[65,482s][debug][gc,alloc       ] Allocation Rate: 3362,0MB/s, Predicted: 3460,4MB/s, Avg: 3577,0(+/-316,1)MB/s
[65,482s][debug][gc,director    ] Select GC Workers (Try Lowering), AvoidLongGCWorkers: 0,043, AvoidOOMGCWorkers: 0,196, NextAvoidOOMGCWorkers: 0,228, LastGCWorkers: 2,000, GCWorkers: 1,000
[65,482s][debug][gc,director    ] Rule: Allocation Rate (Dynamic GC Workers), MaxAllocRate: 4617,1MB/s (+/-8,8%), Free: 11154MB, GCCPUTime: 0,442, GCDuration: 0,442s, TimeUntilOOM: 2,220s, TimeUntilGC: 1,678s, GCWorkers: 2 -> 1
[65,482s][debug][gc,director    ] Rule: High Usage, Free: 11154MB(90,8%)
[65,482s][debug][gc,director    ] Rule: Proactive, UsedUntilEnabled: 1208MB, TimeUntilEnabled: 299,992s
[65,582s][debug][gc,alloc       ] Allocation Rate: 3314,0MB/s, Predicted: 3317,6MB/s, Avg: 3564,8(+/-323,6)MB/s
[65,582s][debug][gc,director    ] Select GC Workers (Try Lowering), AvoidLongGCWorkers: 0,043, AvoidOOMGCWorkers: 0,200, NextAvoidOOMGCWorkers: 0,222, LastGCWorkers: 2,000, GCWorkers: 1,000
[65,582s][debug][gc,director    ] Rule: Allocation Rate (Dynamic GC Workers), MaxAllocRate: 4629,5MB/s (+/-9,1%), Free: 10984MB, GCCPUTime: 0,442, GCDuration: 0,442s, TimeUntilOOM: 2,175s, TimeUntilGC: 1,633s, GCWorkers: 2 -> 1
[65,582s][debug][gc,director    ] Rule: High Usage, Free: 10984MB(89,4%)
[65,582s][debug][gc,director    ] Rule: Proactive, UsedUntilEnabled: 1038MB, TimeUntilEnabled: 299,892s
[65,684s][debug][gc,alloc       ] Allocation Rate: 3434,0MB/s, Predicted: 3229,9MB/s, Avg: 3565,0(+/-323,5)MB/s
[65,685s][debug][gc,director    ] Select GC Workers (Try Lowering), AvoidLongGCWorkers: 0,043, AvoidOOMGCWorkers: 0,207, NextAvoidOOMGCWorkers: 0,218, LastGCWorkers: 2,000, GCWorkers: 1,000
[65,685s][debug][gc,director    ] Rule: Allocation Rate (Dynamic GC Workers), MaxAllocRate: 4629,4MB/s (+/-9,1%), Free: 10636MB, GCCPUTime: 0,442, GCDuration: 0,442s, TimeUntilOOM: 2,106s, TimeUntilGC: 1,565s, GCWorkers: 2 -> 1
[65,685s][debug][gc,director    ] Rule: High Usage, Free: 10636MB(86,6%)
[65,685s][debug][gc,director    ] Rule: Proactive, UsedUntilEnabled: 690MB, TimeUntilEnabled: 299,789s
[65,782s][debug][gc,alloc       ] Allocation Rate: 3350,0MB/s, Predicted: 3269,5MB/s, Avg: 3496,4(+/-287,0)MB/s
[65,782s][debug][gc,director    ] Select GC Workers (Try Lowering), AvoidLongGCWorkers: 0,043, AvoidOOMGCWorkers: 0,212, NextAvoidOOMGCWorkers: 0,213, LastGCWorkers: 2,000, GCWorkers: 1,000
[65,782s][debug][gc,director    ] Rule: Allocation Rate (Dynamic GC Workers), MaxAllocRate: 4440,8MB/s (+/-8,2%), Free: 9890MB, GCCPUTime: 0,442, GCDuration: 0,442s, TimeUntilOOM: 2,058s, TimeUntilGC: 1,516s, GCWorkers: 2 -> 1
[65,782s][debug][gc,director    ] Rule: High Usage, Free: 9890MB(80,5%)
[65,782s][debug][gc,director    ] Rule: Proactive, AcceptableGCInterval: 4,620s, TimeSinceLastGC: 0,308s, TimeUntilGC: 4,311s
[65,882s][debug][gc,alloc       ] Allocation Rate: 3298,0MB/s, Predicted: 3331,3MB/s, Avg: 3423,6(+/-230,1)MB/s
[65,882s][debug][gc,director    ] Select GC Workers (Try Lowering), AvoidLongGCWorkers: 0,043, AvoidOOMGCWorkers: 0,200, NextAvoidOOMGCWorkers: 0,192, LastGCWorkers: 2,000, GCWorkers: 1,000
[65,882s][debug][gc,director    ] Rule: Allocation Rate (Dynamic GC Workers), MaxAllocRate: 4180,8MB/s (+/-6,7%), Free: 9738MB, GCCPUTime: 0,442, GCDuration: 0,442s, TimeUntilOOM: 2,183s, TimeUntilGC: 1,641s, GCWorkers: 2 -> 1
[65,882s][debug][gc,director    ] Rule: High Usage, Free: 9738MB(79,2%)
[65,882s][debug][gc,director    ] Rule: Proactive, AcceptableGCInterval: 4,620s, TimeSinceLastGC: 0,409s, TimeUntilGC: 4,211s
[65,981s][debug][gc,alloc       ] Allocation Rate: 3312,0MB/s, Predicted: 3261,7MB/s, Avg: 3421,8(+/-230,9)MB/s
[65,981s][debug][gc,director    ] Select GC Workers (Try Lowering), AvoidLongGCWorkers: 0,043, AvoidOOMGCWorkers: 0,204, NextAvoidOOMGCWorkers: 0,187, LastGCWorkers: 2,000, GCWorkers: 1,000
[65,981s][debug][gc,director    ] Rule: Allocation Rate (Dynamic GC Workers), MaxAllocRate: 4181,6MB/s (+/-6,7%), Free: 9532MB, GCCPUTime: 0,442, GCDuration: 0,442s, TimeUntilOOM: 2,135s, TimeUntilGC: 1,594s, GCWorkers: 2 -> 1
[65,981s][debug][gc,director    ] Rule: High Usage, Free: 9532MB(77,6%)
[65,981s][debug][gc,director    ] Rule: Proactive, AcceptableGCInterval: 4,620s, TimeSinceLastGC: 0,508s, TimeUntilGC: 4,112s
[66,081s][debug][gc,alloc       ] Allocation Rate: 3324,0MB/s, Predicted: 3218,4MB/s, Avg: 3413,6(+/-232,8)MB/s
[66,081s][debug][gc,director    ] Select GC Workers (Try Lowering), AvoidLongGCWorkers: 0,043, AvoidOOMGCWorkers: 0,209, NextAvoidOOMGCWorkers: 0,184, LastGCWorkers: 2,000, GCWorkers: 1,000
[66,081s][debug][gc,director    ] Rule: Allocation Rate (Dynamic GC Workers), MaxAllocRate: 4179,6MB/s (+/-6,8%), Free: 9298MB, GCCPUTime: 0,442, GCDuration: 0,442s, TimeUntilOOM: 2,083s, TimeUntilGC: 1,541s, GCWorkers: 2 -> 1
[66,081s][debug][gc,director    ] Rule: High Usage, Free: 9298MB(75,7%)
[66,081s][debug][gc,director    ] Rule: Proactive, AcceptableGCInterval: 4,620s, TimeSinceLastGC: 0,608s, TimeUntilGC: 4,012s
[66,181s][debug][gc,alloc       ] Allocation Rate: 4062,0MB/s, Predicted: 3476,3MB/s, Avg: 3479,0(+/-303,2)MB/s
[66,182s][debug][gc,director    ] Select GC Workers (Try Lowering), AvoidLongGCWorkers: 0,043, AvoidOOMGCWorkers: 0,255, NextAvoidOOMGCWorkers: 0,207, LastGCWorkers: 2,000, GCWorkers: 1,000
[66,182s][debug][gc,director    ] Rule: Allocation Rate (Dynamic GC Workers), MaxAllocRate: 4476,8MB/s (+/-8,7%), Free: 8336MB, GCCPUTime: 0,442, GCDuration: 0,442s, TimeUntilOOM: 1,713s, TimeUntilGC: 1,171s, GCWorkers: 2 -> 1
[66,182s][debug][gc,director    ] Rule: High Usage, Free: 8336MB(67,8%)
[66,182s][debug][gc,director    ] Rule: Proactive, AcceptableGCInterval: 4,620s, TimeSinceLastGC: 0,708s, TimeUntilGC: 3,912s
[66,282s][debug][gc,alloc       ] Allocation Rate: 3220,0MB/s, Predicted: 3536,7MB/s, Avg: 3391,6(+/-230,6)MB/s
[66,282s][debug][gc,director    ] Select GC Workers (Try Lowering), AvoidLongGCWorkers: 0,043, AvoidOOMGCWorkers: 0,242, NextAvoidOOMGCWorkers: 0,190, LastGCWorkers: 2,000, GCWorkers: 1,000
[66,282s][debug][gc,director    ] Rule: Allocation Rate (Dynamic GC Workers), MaxAllocRate: 4295,6MB/s (+/-6,8%), Free: 8260MB, GCCPUTime: 0,442, GCDuration: 0,442s, TimeUntilOOM: 1,800s, TimeUntilGC: 1,259s, GCWorkers: 2 -> 1
[66,282s][debug][gc,director    ] Rule: High Usage, Free: 8260MB(67,2%)
[66,282s][debug][gc,director    ] Rule: Proactive, AcceptableGCInterval: 4,620s, TimeSinceLastGC: 0,808s, TimeUntilGC: 3,811s
[66,382s][debug][gc,alloc       ] Allocation Rate: 3340,0MB/s, Predicted: 3475,6MB/s, Avg: 3401,6(+/-226,0)MB/s
[66,382s][debug][gc,director    ] Select GC Workers (Try Lowering), AvoidLongGCWorkers: 0,043, AvoidOOMGCWorkers: 0,244, NextAvoidOOMGCWorkers: 0,183, LastGCWorkers: 2,000, GCWorkers: 1,000
[66,382s][debug][gc,director    ] Rule: Allocation Rate (Dynamic GC Workers), MaxAllocRate: 4219,2MB/s (+/-6,6%), Free: 8032MB, GCCPUTime: 0,442, GCDuration: 0,442s, TimeUntilOOM: 1,785s, TimeUntilGC: 1,243s, GCWorkers: 2 -> 1
[66,382s][debug][gc,director    ] Rule: High Usage, Free: 8032MB(65,4%)
[66,382s][debug][gc,director    ] Rule: Proactive, AcceptableGCInterval: 4,620s, TimeSinceLastGC: 0,909s, TimeUntilGC: 3,711s
[66,481s][debug][gc,alloc       ] Allocation Rate: 3352,0MB/s, Predicted: 3445,2MB/s, Avg: 3400,6(+/-226,2)MB/s
[66,481s][debug][gc,director    ] Select GC Workers (Try Lowering), AvoidLongGCWorkers: 0,043, AvoidOOMGCWorkers: 0,250, NextAvoidOOMGCWorkers: 0,179, LastGCWorkers: 2,000, GCWorkers: 1,000
[66,482s][debug][gc,director    ] Rule: Allocation Rate (Dynamic GC Workers), MaxAllocRate: 4189,4MB/s (+/-6,7%), Free: 7802MB, GCCPUTime: 0,442, GCDuration: 0,442s, TimeUntilOOM: 1,746s, TimeUntilGC: 1,204s, GCWorkers: 2 -> 1
[66,482s][debug][gc,director    ] Rule: High Usage, Free: 7802MB(63,5%)
[66,482s][debug][gc,director    ] Rule: Proactive, AcceptableGCInterval: 4,620s, TimeSinceLastGC: 1,008s, TimeUntilGC: 3,612s
[66,582s][debug][gc,alloc       ] Allocation Rate: 3332,0MB/s, Predicted: 3394,7MB/s, Avg: 3402,4(+/-225,5)MB/s
[66,582s][debug][gc,director    ] Select GC Workers (Try Lowering), AvoidLongGCWorkers: 0,043, AvoidOOMGCWorkers: 0,252, NextAvoidOOMGCWorkers: 0,173, LastGCWorkers: 2,000, GCWorkers: 1,000
[66,582s][debug][gc,director    ] Rule: Allocation Rate (Dynamic GC Workers), MaxAllocRate: 4144,6MB/s (+/-6,6%), Free: 7652MB, GCCPUTime: 0,442, GCDuration: 0,442s, TimeUntilOOM: 1,731s, TimeUntilGC: 1,190s, GCWorkers: 2 -> 1
[66,582s][debug][gc,director    ] Rule: High Usage, Free: 7652MB(62,3%)
[66,582s][debug][gc,director    ] Rule: Proactive, AcceptableGCInterval: 4,620s, TimeSinceLastGC: 1,108s, TimeUntilGC: 3,511s
[66,682s][debug][gc,alloc       ] Allocation Rate: 3882,0MB/s, Predicted: 3594,9MB/s, Avg: 3447,2(+/-267,9)MB/s
[66,682s][debug][gc,director    ] Select GC Workers (Try Lowering), AvoidLongGCWorkers: 0,043, AvoidOOMGCWorkers: 0,312, NextAvoidOOMGCWorkers: 0,190, LastGCWorkers: 2,000, GCWorkers: 1,000
[66,682s][debug][gc,director    ] Rule: Allocation Rate (Dynamic GC Workers), MaxAllocRate: 4476,4MB/s (+/-7,8%), Free: 6756MB, GCCPUTime: 0,442, GCDuration: 0,442s, TimeUntilOOM: 1,400s, TimeUntilGC: 0,859s, GCWorkers: 2 -> 1
[66,682s][debug][gc,director    ] Rule: High Usage, Free: 6756MB(55,0%)
[66,682s][debug][gc,director    ] Rule: Proactive, AcceptableGCInterval: 4,620s, TimeSinceLastGC: 1,209s, TimeUntilGC: 3,411s
[66,781s][debug][gc,alloc       ] Allocation Rate: 3272,0MB/s, Predicted: 3498,9MB/s, Avg: 3439,4(+/-271,7)MB/s
[66,781s][debug][gc,director    ] Select GC Workers (Try Lowering), AvoidLongGCWorkers: 0,043, AvoidOOMGCWorkers: 0,313, NextAvoidOOMGCWorkers: 0,183, LastGCWorkers: 2,000, GCWorkers: 1,000
[66,781s][debug][gc,director    ] Rule: Allocation Rate (Dynamic GC Workers), MaxAllocRate: 4393,0MB/s (+/-7,9%), Free: 6618MB, GCCPUTime: 0,442, GCDuration: 0,442s, TimeUntilOOM: 1,396s, TimeUntilGC: 0,854s, GCWorkers: 2 -> 1
[66,781s][debug][gc,director    ] Rule: High Usage, Free: 6618MB(53,9%)
[66,781s][debug][gc,director    ] Rule: Proactive, AcceptableGCInterval: 4,620s, TimeSinceLastGC: 1,308s, TimeUntilGC: 3,312s
[66,881s][debug][gc,alloc       ] Allocation Rate: 3344,0MB/s, Predicted: 3423,1MB/s, Avg: 3444,0(+/-269,7)MB/s
[66,881s][debug][gc,director    ] Select GC Workers (Try Lowering), AvoidLongGCWorkers: 0,043, AvoidOOMGCWorkers: 0,319, NextAvoidOOMGCWorkers: 0,177, LastGCWorkers: 2,000, GCWorkers: 1,000
[66,881s][debug][gc,director    ] Rule: Allocation Rate (Dynamic GC Workers), MaxAllocRate: 4331,3MB/s (+/-7,8%), Free: 6394MB, GCCPUTime: 0,442, GCDuration: 0,442s, TimeUntilOOM: 1,369s, TimeUntilGC: 0,827s, GCWorkers: 2 -> 1
[66,881s][debug][gc,director    ] Rule: High Usage, Free: 6394MB(52,0%)
[66,881s][debug][gc,director    ] Rule: Proactive, AcceptableGCInterval: 4,620s, TimeSinceLastGC: 1,408s, TimeUntilGC: 3,212s
[66,982s][debug][gc,alloc       ] Allocation Rate: 3356,0MB/s, Predicted: 3352,7MB/s, Avg: 3448,4(+/-267,8)MB/s
[66,982s][debug][gc,director    ] Select GC Workers (Try Lowering), AvoidLongGCWorkers: 0,043, AvoidOOMGCWorkers: 0,330, NextAvoidOOMGCWorkers: 0,173, LastGCWorkers: 2,000, GCWorkers: 1,000
[66,982s][debug][gc,director    ] Rule: Allocation Rate (Dynamic GC Workers), MaxAllocRate: 4329,7MB/s (+/-7,8%), Free: 6176MB, GCCPUTime: 0,442, GCDuration: 0,442s, TimeUntilOOM: 1,324s, TimeUntilGC: 0,782s, GCWorkers: 2 -> 1
[66,982s][debug][gc,director    ] Rule: High Usage, Free: 6176MB(50,3%)
[66,982s][debug][gc,director    ] Rule: Proactive, AcceptableGCInterval: 4,620s, TimeSinceLastGC: 1,508s, TimeUntilGC: 3,112s
[67,082s][debug][gc,alloc       ] Allocation Rate: 4084,0MB/s, Predicted: 3573,7MB/s, Avg: 3524,4(+/-323,7)MB/s
[67,082s][debug][gc,director    ] Select GC Workers (Try Lowering), AvoidLongGCWorkers: 0,043, AvoidOOMGCWorkers: 0,425, NextAvoidOOMGCWorkers: 0,188, LastGCWorkers: 2,000, GCWorkers: 1,000
[67,082s][debug][gc,director    ] Rule: Allocation Rate (Dynamic GC Workers), MaxAllocRate: 4639,0MB/s (+/-9,2%), Free: 5214MB, GCCPUTime: 0,442, GCDuration: 0,442s, TimeUntilOOM: 1,029s, TimeUntilGC: 0,488s, GCWorkers: 2 -> 1
[67,082s][debug][gc,director    ] Rule: High Usage, Free: 5212MB(42,4%)
[67,082s][debug][gc,director    ] Rule: Proactive, AcceptableGCInterval: 4,620s, TimeSinceLastGC: 1,608s, TimeUntilGC: 3,011s
[67,182s][debug][gc,alloc       ] Allocation Rate: 3170,0MB/s, Predicted: 3575,3MB/s, Avg: 3435,2(+/-283,7)MB/s
[67,182s][debug][gc,director    ] Select GC Workers (Try Lowering), AvoidLongGCWorkers: 0,043, AvoidOOMGCWorkers: 0,413, NextAvoidOOMGCWorkers: 0,178, LastGCWorkers: 2,000, GCWorkers: 1,000
[67,182s][debug][gc,director    ] Rule: Allocation Rate (Dynamic GC Workers), MaxAllocRate: 4509,0MB/s (+/-8,3%), Free: 5166MB, GCCPUTime: 0,442, GCDuration: 0,442s, TimeUntilOOM: 1,058s, TimeUntilGC: 0,517s, GCWorkers: 2 -> 1
[67,182s][debug][gc,director    ] Rule: High Usage, Free: 5166MB(42,0%)
[67,182s][debug][gc,director    ] Rule: Proactive, AcceptableGCInterval: 4,620s, TimeSinceLastGC: 1,709s, TimeUntilGC: 2,911s
[67,281s][debug][gc,alloc       ] Allocation Rate: 3324,0MB/s, Predicted: 3473,5MB/s, Avg: 3445,6(+/-277,5)MB/s
[67,281s][debug][gc,director    ] Select GC Workers (Try Lowering), AvoidLongGCWorkers: 0,043, AvoidOOMGCWorkers: 0,420, NextAvoidOOMGCWorkers: 0,172, LastGCWorkers: 2,000, GCWorkers: 1,000
[67,281s][debug][gc,director    ] Rule: Allocation Rate (Dynamic GC Workers), MaxAllocRate: 4386,6MB/s (+/-8,1%), Free: 4936MB, GCCPUTime: 0,442, GCDuration: 0,442s, TimeUntilOOM: 1,041s, TimeUntilGC: 0,500s, GCWorkers: 2 -> 1
[67,281s][debug][gc,director    ] Rule: High Usage, Free: 4936MB(40,2%)
[67,281s][debug][gc,director    ] Rule: Proactive, AcceptableGCInterval: 4,620s, TimeSinceLastGC: 1,808s, TimeUntilGC: 2,812s
[67,381s][debug][gc,alloc       ] Allocation Rate: 3322,0MB/s, Predicted: 3395,9MB/s, Avg: 3443,8(+/-278,2)MB/s
[67,381s][debug][gc,director    ] Select GC Workers (Try Lowering), AvoidLongGCWorkers: 0,043, AvoidOOMGCWorkers: 0,438, NextAvoidOOMGCWorkers: 0,168, LastGCWorkers: 2,000, GCWorkers: 1,000
[67,381s][debug][gc,director    ] Rule: Allocation Rate (Dynamic GC Workers), MaxAllocRate: 4359,3MB/s (+/-8,1%), Free: 4710MB, GCCPUTime: 0,442, GCDuration: 0,442s, TimeUntilOOM: 1,000s, TimeUntilGC: 0,458s, GCWorkers: 2 -> 1
[67,381s][debug][gc,director    ] Rule: High Usage, Free: 4708MB(38,3%)
[67,382s][debug][gc,director    ] Rule: Proactive, AcceptableGCInterval: 4,620s, TimeSinceLastGC: 1,908s, TimeUntilGC: 2,712s
[67,486s][debug][gc,alloc       ] Allocation Rate: 3478,0MB/s, Predicted: 3385,1MB/s, Avg: 3456,4(+/-276,6)MB/s
[67,486s][debug][gc,director    ] Select GC Workers (Try Lowering), AvoidLongGCWorkers: 0,043, AvoidOOMGCWorkers: 0,478, NextAvoidOOMGCWorkers: 0,167, LastGCWorkers: 2,000, GCWorkers: 1,000
[67,486s][debug][gc,director    ] Rule: Allocation Rate (Dynamic GC Workers), MaxAllocRate: 4366,7MB/s (+/-8,0%), Free: 4316MB, GCCPUTime: 0,442, GCDuration: 0,442s, TimeUntilOOM: 0,915s, TimeUntilGC: 0,373s, GCWorkers: 2 -> 1
[67,486s][debug][gc,director    ] Rule: High Usage, Free: 4316MB(35,1%)
[67,486s][debug][gc,director    ] Rule: Proactive, AcceptableGCInterval: 4,620s, TimeSinceLastGC: 2,012s, TimeUntilGC: 2,607s
[67,582s][debug][gc,alloc       ] Allocation Rate: 4034,0MB/s, Predicted: 3582,9MB/s, Avg: 3526,6(+/-321,6)MB/s
[67,582s][debug][gc,director    ] Select GC Workers (Try Lowering), AvoidLongGCWorkers: 0,043, AvoidOOMGCWorkers: 0,614, NextAvoidOOMGCWorkers: 0,174, LastGCWorkers: 2,000, GCWorkers: 1,000
[67,582s][debug][gc,director    ] Rule: Allocation Rate (Dynamic GC Workers), MaxAllocRate: 4641,1MB/s (+/-9,1%), Free: 3618MB, GCCPUTime: 0,442, GCDuration: 0,442s, TimeUntilOOM: 0,714s, TimeUntilGC: 0,173s, GCWorkers: 2 -> 1
[67,582s][debug][gc,director    ] Rule: High Usage, Free: 3618MB(29,4%)
[67,582s][debug][gc,director    ] Rule: Proactive, AcceptableGCInterval: 4,620s, TimeSinceLastGC: 2,108s, TimeUntilGC: 2,511s
[67,682s][debug][gc,alloc       ] Allocation Rate: 3278,0MB/s, Predicted: 3578,3MB/s, Avg: 3466,2(+/-305,5)MB/s
[67,682s][debug][gc,director    ] Select GC Workers (Try Lowering), AvoidLongGCWorkers: 0,043, AvoidOOMGCWorkers: 0,629, NextAvoidOOMGCWorkers: 0,168, LastGCWorkers: 2,000, GCWorkers: 1,000
[67,682s][debug][gc,director    ] Rule: Allocation Rate (Dynamic GC Workers), MaxAllocRate: 4583,5MB/s (+/-8,8%), Free: 3478MB, GCCPUTime: 0,442, GCDuration: 0,442s, TimeUntilOOM: 0,697s, TimeUntilGC: 0,156s, GCWorkers: 2 -> 1
[67,682s][debug][gc,director    ] Rule: High Usage, Free: 3478MB(28,3%)
[67,682s][debug][gc,director    ] Rule: Proactive, AcceptableGCInterval: 4,620s, TimeSinceLastGC: 2,209s, TimeUntilGC: 2,411s
[67,781s][debug][gc,alloc       ] Allocation Rate: 3360,0MB/s, Predicted: 3484,0MB/s, Avg: 3475,0(+/-301,0)MB/s
[67,782s][debug][gc,director    ] Select GC Workers (Try Lowering), AvoidLongGCWorkers: 0,043, AvoidOOMGCWorkers: 0,655, NextAvoidOOMGCWorkers: 0,164, LastGCWorkers: 2,000, GCWorkers: 1,000
[67,782s][debug][gc,director    ] Rule: Allocation Rate (Dynamic GC Workers), MaxAllocRate: 4474,4MB/s (+/-8,7%), Free: 3258MB, GCCPUTime: 0,442, GCDuration: 0,442s, TimeUntilOOM: 0,670s, TimeUntilGC: 0,128s, GCWorkers: 2 -> 1
[67,782s][debug][gc,director    ] Rule: High Usage, Free: 3258MB(26,5%)
[67,782s][debug][gc,director    ] Rule: Proactive, AcceptableGCInterval: 4,620s, TimeSinceLastGC: 2,308s, TimeUntilGC: 2,312s
[67,882s][debug][gc,alloc       ] Allocation Rate: 3362,0MB/s, Predicted: 3403,9MB/s, Avg: 3476,8(+/-300,3)MB/s
[67,882s][debug][gc,director    ] Select GC Workers (Try Lowering), AvoidLongGCWorkers: 0,043, AvoidOOMGCWorkers: 0,703, NextAvoidOOMGCWorkers: 0,160, LastGCWorkers: 2,000, GCWorkers: 1,000
[67,882s][debug][gc,director    ] Rule: Allocation Rate (Dynamic GC Workers), MaxAllocRate: 4464,8MB/s (+/-8,6%), Free: 3032MB, GCCPUTime: 0,442, GCDuration: 0,442s, TimeUntilOOM: 0,625s, TimeUntilGC: 0,083s, GCWorkers: 2 -> 1
[67,882s][debug][gc,director    ] Rule: High Usage, Free: 3032MB(24,7%)
[67,882s][debug][gc,director    ] Rule: Proactive, AcceptableGCInterval: 4,620s, TimeSinceLastGC: 2,408s, TimeUntilGC: 2,211s
[67,982s][debug][gc,alloc       ] Allocation Rate: 4116,0MB/s, Predicted: 3627,3MB/s, Avg: 3552,8(+/-351,8)MB/s
[67,982s][debug][gc,director    ] Select GC Workers (Normal), AvoidLongGCWorkers: 0,043, AvoidOOMGCWorkers: 1,130, LastGCWorkers: 2,000, GCWorkers: 1,130
[67,982s][debug][gc,director    ] Rule: Allocation Rate (Dynamic GC Workers), MaxAllocRate: 4785,0MB/s (+/-9,9%), Free: 2060MB, GCCPUTime: 0,442, GCDuration: 0,225s, TimeUntilOOM: 0,392s, TimeUntilGC: 0,067s, GCWorkers: 2 -> 2
[67,982s][debug][gc,director    ] Rule: High Usage, Free: 2060MB(16,8%)
[67,982s][debug][gc,director    ] Rule: Proactive, AcceptableGCInterval: 4,620s, TimeSinceLastGC: 2,509s, TimeUntilGC: 2,111s
[68,081s][debug][gc,alloc       ] Allocation Rate: 3210,0MB/s, Predicted: 3631,9MB/s, Avg: 3465,4(+/-315,7)MB/s
[68,081s][debug][gc,director    ] Select GC Workers (Normal), AvoidLongGCWorkers: 0,043, AvoidOOMGCWorkers: 1,126, LastGCWorkers: 2,000, GCWorkers: 1,126
[68,081s][debug][gc,director    ] Rule: Allocation Rate (Dynamic GC Workers), MaxAllocRate: 4670,7MB/s (+/-9,1%), Free: 2004MB, GCCPUTime: 0,442, GCDuration: 0,225s, TimeUntilOOM: 0,393s, TimeUntilGC: 0,069s, GCWorkers: 2 -> 2
[68,081s][debug][gc,director    ] Rule: High Usage, Free: 2004MB(16,3%)
[68,081s][debug][gc,director    ] Rule: Proactive, AcceptableGCInterval: 4,620s, TimeSinceLastGC: 2,608s, TimeUntilGC: 2,012s
[68,181s][debug][gc,alloc       ] Allocation Rate: 3324,0MB/s, Predicted: 3496,5MB/s, Avg: 3480,8(+/-304,5)MB/s
[68,181s][debug][gc,director    ] Select GC Workers (Normal), AvoidLongGCWorkers: 0,043, AvoidOOMGCWorkers: 1,177, LastGCWorkers: 2,000, GCWorkers: 1,177
[68,181s][debug][gc,director    ] Rule: Allocation Rate (Dynamic GC Workers), MaxAllocRate: 4498,4MB/s (+/-8,7%), Free: 1842MB, GCCPUTime: 0,442, GCDuration: 0,225s, TimeUntilOOM: 0,377s, TimeUntilGC: 0,052s, GCWorkers: 2 -> 2
[68,181s][debug][gc,director    ] Rule: High Usage, Free: 1842MB(15,0%)
[68,181s][debug][gc,director    ] Rule: Proactive, AcceptableGCInterval: 4,620s, TimeSinceLastGC: 2,708s, TimeUntilGC: 1,912s
[68,282s][debug][gc,alloc       ] Allocation Rate: 3294,0MB/s, Predicted: 3380,0MB/s, Avg: 3477,8(+/-306,2)MB/s
[68,282s][debug][gc,director    ] Select GC Workers (Normal), AvoidLongGCWorkers: 0,043, AvoidOOMGCWorkers: 1,320, LastGCWorkers: 2,000, GCWorkers: 1,320
[68,282s][debug][gc,director    ] Rule: Allocation Rate (Dynamic GC Workers), MaxAllocRate: 4485,2MB/s (+/-8,8%), Free: 1642MB, GCCPUTime: 0,442, GCDuration: 0,225s, TimeUntilOOM: 0,336s, TimeUntilGC: 0,012s, GCWorkers: 2 -> 2
[68,282s][debug][gc,director    ] Rule: High Usage, Free: 1642MB(13,4%)
[68,282s][debug][gc,director    ] Rule: Proactive, AcceptableGCInterval: 4,620s, TimeSinceLastGC: 2,808s, TimeUntilGC: 1,812s
[68,382s][debug][gc,alloc       ] Allocation Rate: 3268,0MB/s, Predicted: 3254,5MB/s, Avg: 3472,4(+/-309,3)MB/s
[68,382s][debug][gc,director    ] Select GC Workers (Normal), AvoidLongGCWorkers: 0,043, AvoidOOMGCWorkers: 1,511, LastGCWorkers: 2,000, GCWorkers: 1,511
[68,382s][debug][gc,director    ] Rule: Allocation Rate (Dynamic GC Workers), MaxAllocRate: 4490,2MB/s (+/-8,9%), Free: 1442MB, GCCPUTime: 0,442, GCDuration: 0,225s, TimeUntilOOM: 0,295s, TimeUntilGC: -0,030s, GCWorkers: 2 -> 2
[68,382s][debug][gc,heap        ] GC(23) Heap before GC invocations=23 (full 23):
[68,382s][debug][gc,heap        ] GC(23)  ZHeap           used 10804M, capacity 11772M, max capacity 12288M
[68,382s][debug][gc,heap        ] GC(23)  Metaspace       used 31688K, committed 32064K, reserved 1114112K
[68,382s][debug][gc,heap        ] GC(23)   class space    used 3443K, committed 3648K, reserved 1048576K
[68,382s][info ][gc,start       ] GC(23) Garbage Collection (Allocation Rate)
[68,382s][info ][gc,task        ] GC(23) Using 2 workers
[68,382s][debug][gc,phases,start] GC(23) Pause Mark Start
[68,382s][debug][gc,marking     ] GC(23) Using 2 mark stripes
[68,382s][debug][gc,marking     ] GC(23) Mark Worker/Stripe Distribution
[68,382s][debug][gc,marking     ] GC(23)   Worker 0(2) -> Stripe 0(2)
[68,382s][debug][gc,marking     ] GC(23)   Worker 1(2) -> Stripe 1(2)
[68,382s][info ][gc,phases      ] GC(23) Pause Mark Start 0,045ms
[68,382s][debug][gc,phases,start] GC(23) Concurrent Mark
[68,382s][debug][gc,task        ] GC(23) Executing Task: XMarkRootsTask, Active Workers: 2
[68,384s][debug][gc,tlab        ] GC(23) TLAB totals: thrds: 24  refills: 39609 max: 20323 slow allocs: 8470 max 606 waste:  1,9% gc: 2833256B max: 262096B slow: 189861440B max: 30616176B
[68,384s][debug][gc,task        ] GC(23) Executing Task: XMarkTask, Active Workers: 2
[68,468s][debug][gc,marking     ] Expanding mark stack space: 32M->64M
[68,483s][debug][gc,alloc       ] Allocation Rate: 3784,0MB/s, Predicted: 3380,7MB/s, Avg: 3503,0(+/-323,2)MB/s
[68,581s][debug][gc,alloc       ] Allocation Rate: 3150,0MB/s, Predicted: 3381,1MB/s, Avg: 3414,6(+/-284,4)MB/s
[68,597s][info ][gc,phases      ] GC(23) Concurrent Mark 214,195ms
[68,597s][debug][gc,phases,start] GC(23) Pause Mark End
[68,597s][info ][gc,phases      ] GC(23) Pause Mark End 0,040ms
[68,597s][debug][gc,phases,start] GC(23) Concurrent Mark Free
[68,597s][info ][gc,phases      ] GC(23) Concurrent Mark Free 0,008ms
[68,597s][debug][gc,phases,start] GC(23) Concurrent Process Non-Strong References
[68,597s][debug][gc,phases,start] GC(23) Concurrent References Process
[68,597s][debug][gc,task        ] GC(23) Executing Task: XReferenceProcessorTask, Active Workers: 2
[68,600s][debug][gc,phases      ] GC(23) Concurrent References Process 2,927ms
[68,600s][debug][gc,task        ] GC(23) Executing Task: XProcessWeakRootsTask, Active Workers: 2
[68,600s][debug][gc,phases,start] GC(23) Concurrent Classes Unlink
[68,600s][debug][gc,phases,start] GC(23) ClassLoaderData
[68,600s][debug][gc,phases      ] GC(23) ClassLoaderData 0,028ms
[68,600s][debug][gc,phases,start] GC(23) Trigger cleanups
[68,600s][debug][gc,phases      ] GC(23) Trigger cleanups 0,006ms
[68,600s][debug][gc,task        ] GC(23) Executing Task: XNMethodUnlinkTask, Active Workers: 2
[68,602s][debug][gc,phases      ] GC(23) Concurrent Classes Unlink 1,955ms
[68,602s][debug][gc,phases,start] GC(23) Concurrent Classes Purge
[68,602s][debug][gc,nmethod     ] GC(23) Unregister NMethod: java.util.concurrent.ForkJoinPool.scan (0x000070b0638ddd10)
[68,602s][debug][gc,nmethod     ] GC(23) Unregister NMethod: io.sirix.access.trx.node.json.JsonNodeTrxImpl.nodeReadOnlyTrxDelegate (0x000070b043f18e10)
[68,602s][debug][gc,nmethod     ] GC(23) Unregister NMethod: jdk.internal.misc.Unsafe.getLongUnaligned (0x000070b044147f10)
[68,602s][debug][gc,nmethod     ] GC(23) Unregister NMethod: java.nio.HeapByteBuffer.getLong (0x000070b0440ff290)
[68,602s][debug][gc,nmethod     ] GC(23) Unregister NMethod: java.util.concurrent.CountedCompleter.exec (0x000070b04410a790)
[68,602s][debug][gc,nmethod     ] GC(23) Unregister NMethod: io.sirix.page.AbstractForwardingPage.getOrCreateReference (0x000070b043f30b90)
[68,602s][debug][gc,nmethod     ] GC(23) Unregister NMethod: net.openhft.chronicle.bytes.AbstractBytes.writeShort (0x000070b0440fbf90)
[68,602s][debug][gc,nmethod     ] GC(23) Unregister NMethod: io.sirix.page.delegates.FullReferencesPage.<init> (0x000070b044074210)
[68,602s][debug][gc,phases      ] GC(23) Concurrent Classes Purge 0,061ms
[68,602s][debug][gc,phases,start] GC(23) Concurrent References Enqueue
[68,602s][debug][gc,phases      ] GC(23) Concurrent References Enqueue 0,007ms
[68,602s][info ][gc,phases      ] GC(23) Concurrent Process Non-Strong References 5,404ms
[68,602s][debug][gc,phases,start] GC(23) Concurrent Reset Relocation Set
[68,602s][info ][gc,phases      ] GC(23) Concurrent Reset Relocation Set 0,071ms
[68,602s][debug][gc,phases,start] GC(23) Concurrent Select Relocation Set
[68,603s][debug][gc,task        ] GC(23) Executing Task: XRelocationSetInstallTask, Active Workers: 2
[68,604s][info ][gc,phases      ] GC(23) Concurrent Select Relocation Set 1,501ms
[68,604s][debug][gc,phases,start] GC(23) Pause Relocate Start
[68,604s][info ][gc,phases      ] GC(23) Pause Relocate Start 0,012ms
[68,604s][debug][gc,phases,start] GC(23) Concurrent Relocate
[68,604s][debug][gc,task        ] GC(23) Executing Task: XRelocateTask, Active Workers: 2
[68,609s][info ][gc,phases      ] GC(23) Concurrent Relocate 4,800ms
[68,609s][debug][gc,heap        ] GC(23) Heap after GC invocations=24 (full 24):
[68,609s][debug][gc,heap        ] GC(23)  ZHeap           used 1650M, capacity 11782M, max capacity 12288M
[68,609s][debug][gc,heap        ] GC(23)  Metaspace       used 31688K, committed 32064K, reserved 1114112K
[68,609s][debug][gc,heap        ] GC(23)   class space    used 3443K, committed 3648K, reserved 1048576K
[68,609s][info ][gc,load        ] GC(23) Load: 4,58/5,36/3,30
[68,609s][info ][gc,mmu         ] GC(23) MMU: 2ms/71,4%, 5ms/88,5%, 10ms/94,3%, 20ms/97,0%, 50ms/98,8%, 100ms/99,4%
[68,609s][info ][gc,marking     ] GC(23) Mark: 2 stripe(s), 10 proactive flush(es), 1 terminate flush(es), 0 completion(s), 0 continuation(s) 
[68,609s][info ][gc,marking     ] GC(23) Mark Stack Usage: 64M
[68,609s][info ][gc,nmethod     ] GC(23) NMethods: 4042 registered, 1326 unregistered
[68,609s][info ][gc,metaspace   ] GC(23) Metaspace: 30M used, 31M committed, 1088M reserved
[68,609s][info ][gc,ref         ] GC(23) Soft: 3931 encountered, 0 discovered, 0 enqueued
[68,609s][info ][gc,ref         ] GC(23) Weak: 1939 encountered, 118 discovered, 0 enqueued
[68,609s][info ][gc,ref         ] GC(23) Final: 12564 encountered, 12564 discovered, 12564 enqueued
[68,609s][info ][gc,ref         ] GC(23) Phantom: 605 encountered, 457 discovered, 203 enqueued
[68,609s][info ][gc,reloc       ] GC(23) Small Pages: 5386 / 10772M, Empty: 4826M, Relocated: 8M, In-Place: 0
[68,609s][info ][gc,reloc       ] GC(23) Medium Pages: 1 / 32M, Empty: 0M, Relocated: 0M, In-Place: 0
[68,609s][info ][gc,reloc       ] GC(23) Large Pages: 0 / 0M, Empty: 0M, Relocated: 0M, In-Place: 0
[68,609s][info ][gc,reloc       ] GC(23) Forwarding Usage: 3M
[68,609s][info ][gc,heap        ] GC(23) Min Capacity: 5120M(42%)
[68,609s][info ][gc,heap        ] GC(23) Max Capacity: 12288M(100%)
[68,609s][info ][gc,heap        ] GC(23) Soft Max Capacity: 12288M(100%)
[68,609s][info ][gc,heap        ] GC(23)                Mark Start          Mark End        Relocate Start      Relocate End           High               Low         
[68,609s][info ][gc,heap        ] GC(23)  Capacity:    11772M (96%)       11782M (96%)       11782M (96%)       11782M (96%)       11782M (96%)       11772M (96%)    
[68,609s][info ][gc,heap        ] GC(23)      Free:     1484M (12%)         506M (4%)         5332M (43%)       10638M (87%)       10638M (87%)         506M (4%)     
[68,609s][info ][gc,heap        ] GC(23)      Used:    10804M (88%)       11782M (96%)        6956M (57%)        1650M (13%)       11782M (96%)        1650M (13%)    
[68,609s][info ][gc,heap        ] GC(23)      Live:         -               491M (4%)          491M (4%)          491M (4%)             -                  -          
[68,609s][info ][gc,heap        ] GC(23) Allocated:         -               978M (8%)          978M (8%)          977M (8%)             -                  -          
[68,609s][info ][gc,heap        ] GC(23)   Garbage:         -             10312M (84%)        5486M (45%)         181M (1%)             -                  -          
[68,609s][info ][gc,heap        ] GC(23) Reclaimed:         -                  -              4826M (39%)       10131M (82%)            -                  -          
[68,609s][info ][gc             ] GC(23) Garbage Collection (Allocation Rate) 10804M(88%)->1650M(13%)
[68,682s][debug][gc,alloc       ] Allocation Rate: 3144,0MB/s, Predicted: 3236,4MB/s, Avg: 3401,2(+/-293,5)MB/s
[68,682s][debug][gc,director    ] Select GC Workers (Try Lowering), AvoidLongGCWorkers: 0,055, AvoidOOMGCWorkers: 0,251, NextAvoidOOMGCWorkers: 0,291, LastGCWorkers: 2,000, GCWorkers: 1,000
[68,682s][debug][gc,director    ] Rule: Allocation Rate (Dynamic GC Workers), MaxAllocRate: 4367,1MB/s (+/-8,6%), Free: 10466MB, GCCPUTime: 0,557, GCDuration: 0,557s, TimeUntilOOM: 2,206s, TimeUntilGC: 1,549s, GCWorkers: 2 -> 1
[68,682s][debug][gc,director    ] Rule: High Usage, Free: 10466MB(85,2%)
[68,682s][debug][gc,director    ] Rule: Proactive, UsedUntilEnabled: 1098MB, TimeUntilEnabled: 299,927s
[68,782s][debug][gc,alloc       ] Allocation Rate: 3158,0MB/s, Predicted: 3128,1MB/s, Avg: 3381,0(+/-302,5)MB/s
[68,782s][debug][gc,director    ] Select GC Workers (Try Lowering), AvoidLongGCWorkers: 0,055, AvoidOOMGCWorkers: 0,258, NextAvoidOOMGCWorkers: 0,285, LastGCWorkers: 2,000, GCWorkers: 1,000
[68,782s][debug][gc,director    ] Rule: Allocation Rate (Dynamic GC Workers), MaxAllocRate: 4376,4MB/s (+/-8,9%), Free: 10232MB, GCCPUTime: 0,557, GCDuration: 0,557s, TimeUntilOOM: 2,146s, TimeUntilGC: 1,489s, GCWorkers: 2 -> 1
[68,782s][debug][gc,director    ] Rule: High Usage, Free: 10232MB(83,3%)
[68,782s][debug][gc,director    ] Rule: Proactive, UsedUntilEnabled: 864MB, TimeUntilEnabled: 299,827s
[68,882s][debug][gc,alloc       ] Allocation Rate: 3166,0MB/s, Predicted: 3037,1MB/s, Avg: 3361,4(+/-309,4)MB/s
[68,882s][debug][gc,director    ] Select GC Workers (Try Lowering), AvoidLongGCWorkers: 0,055, AvoidOOMGCWorkers: 0,265, NextAvoidOOMGCWorkers: 0,279, LastGCWorkers: 2,000, GCWorkers: 1,000
[68,882s][debug][gc,director    ] Rule: Allocation Rate (Dynamic GC Workers), MaxAllocRate: 4379,4MB/s (+/-9,2%), Free: 9998MB, GCCPUTime: 0,557, GCDuration: 0,557s, TimeUntilOOM: 2,091s, TimeUntilGC: 1,433s, GCWorkers: 2 -> 1
[68,882s][debug][gc,director    ] Rule: High Usage, Free: 9998MB(81,4%)
[68,882s][debug][gc,director    ] Rule: Proactive, UsedUntilEnabled: 630MB, TimeUntilEnabled: 299,727s
[68,982s][debug][gc,alloc       ] Allocation Rate: 3156,0MB/s, Predicted: 3156,1MB/s, Avg: 3265,4(+/-183,8)MB/s
[68,982s][debug][gc,director    ] Select GC Workers (Try Lowering), AvoidLongGCWorkers: 0,055, AvoidOOMGCWorkers: 0,250, NextAvoidOOMGCWorkers: 0,251, LastGCWorkers: 2,000, GCWorkers: 1,000
[68,982s][debug][gc,director    ] Rule: Allocation Rate (Dynamic GC Workers), MaxAllocRate: 3870,1MB/s (+/-5,6%), Free: 9036MB, GCCPUTime: 0,557, GCDuration: 0,557s, TimeUntilOOM: 2,210s, TimeUntilGC: 1,553s, GCWorkers: 2 -> 1
[68,982s][debug][gc,director    ] Rule: High Usage, Free: 9036MB(73,5%)
[68,982s][debug][gc,director    ] Rule: Proactive, AcceptableGCInterval: 5,662s, TimeSinceLastGC: 0,374s, TimeUntilGC: 5,289s
[69,081s][debug][gc,alloc       ] Allocation Rate: 3180,0MB/s, Predicted: 3107,2MB/s, Avg: 3262,4(+/-184,9)MB/s
[69,081s][debug][gc,director    ] Select GC Workers (Try Lowering), AvoidLongGCWorkers: 0,055, AvoidOOMGCWorkers: 0,253, NextAvoidOOMGCWorkers: 0,242, LastGCWorkers: 2,000, GCWorkers: 1,000
[69,081s][debug][gc,director    ] Rule: Allocation Rate (Dynamic GC Workers), MaxAllocRate: 3870,8MB/s (+/-5,7%), Free: 8956MB, GCCPUTime: 0,557, GCDuration: 0,557s, TimeUntilOOM: 2,190s, TimeUntilGC: 1,532s, GCWorkers: 2 -> 1
[69,081s][debug][gc,director    ] Rule: High Usage, Free: 8956MB(72,9%)
[69,081s][debug][gc,director    ] Rule: Proactive, AcceptableGCInterval: 5,662s, TimeSinceLastGC: 0,473s, TimeUntilGC: 5,190s
[69,181s][debug][gc,alloc       ] Allocation Rate: 3242,0MB/s, Predicted: 3115,5MB/s, Avg: 3254,2(+/-183,8)MB/s
[69,181s][debug][gc,director    ] Select GC Workers (Try Lowering), AvoidLongGCWorkers: 0,055, AvoidOOMGCWorkers: 0,259, NextAvoidOOMGCWorkers: 0,237, LastGCWorkers: 2,000, GCWorkers: 1,000
[69,181s][debug][gc,director    ] Rule: Allocation Rate (Dynamic GC Workers), MaxAllocRate: 3859,0MB/s (+/-5,6%), Free: 8732MB, GCCPUTime: 0,557, GCDuration: 0,557s, TimeUntilOOM: 2,142s, TimeUntilGC: 1,484s, GCWorkers: 2 -> 1
[69,181s][debug][gc,director    ] Rule: High Usage, Free: 8732MB(71,1%)
[69,181s][debug][gc,director    ] Rule: Proactive, AcceptableGCInterval: 5,662s, TimeSinceLastGC: 0,573s, TimeUntilGC: 5,090s
[69,282s][debug][gc,alloc       ] Allocation Rate: 3260,0MB/s, Predicted: 3128,4MB/s, Avg: 3250,8(+/-183,3)MB/s
[69,282s][debug][gc,director    ] Select GC Workers (Try Lowering), AvoidLongGCWorkers: 0,055, AvoidOOMGCWorkers: 0,265, NextAvoidOOMGCWorkers: 0,232, LastGCWorkers: 2,000, GCWorkers: 1,000
[69,282s][debug][gc,director    ] Rule: Allocation Rate (Dynamic GC Workers), MaxAllocRate: 3854,1MB/s (+/-5,6%), Free: 8514MB, GCCPUTime: 0,557, GCDuration: 0,557s, TimeUntilOOM: 2,091s, TimeUntilGC: 1,434s, GCWorkers: 2 -> 1
[69,282s][debug][gc,director    ] Rule: High Usage, Free: 8514MB(69,3%)
[69,282s][debug][gc,director    ] Rule: Proactive, AcceptableGCInterval: 5,662s, TimeSinceLastGC: 0,673s, TimeUntilGC: 4,989s
[69,383s][debug][gc,alloc       ] Allocation Rate: 3722,0MB/s, Predicted: 3321,5MB/s, Avg: 3296,2(+/-231,8)MB/s
[69,383s][debug][gc,director    ] Select GC Workers (Try Lowering), AvoidLongGCWorkers: 0,055, AvoidOOMGCWorkers: 0,309, NextAvoidOOMGCWorkers: 0,252, LastGCWorkers: 2,000, GCWorkers: 1,000
[69,383s][debug][gc,director    ] Rule: Allocation Rate (Dynamic GC Workers), MaxAllocRate: 4084,2MB/s (+/-7,0%), Free: 7848MB, GCCPUTime: 0,557, GCDuration: 0,557s, TimeUntilOOM: 1,795s, TimeUntilGC: 1,138s, GCWorkers: 2 -> 1
[69,383s][debug][gc,director    ] Rule: High Usage, Free: 7848MB(63,9%)
[69,383s][debug][gc,director    ] Rule: Proactive, AcceptableGCInterval: 5,662s, TimeSinceLastGC: 0,775s, TimeUntilGC: 4,888s
[69,482s][debug][gc,alloc       ] Allocation Rate: 3222,0MB/s, Predicted: 3421,9MB/s, Avg: 3240,0(+/-165,3)MB/s
[69,482s][debug][gc,director    ] Select GC Workers (Try Lowering), AvoidLongGCWorkers: 0,055, AvoidOOMGCWorkers: 0,310, NextAvoidOOMGCWorkers: 0,242, LastGCWorkers: 2,000, GCWorkers: 1,000
[69,482s][debug][gc,director    ] Rule: Allocation Rate (Dynamic GC Workers), MaxAllocRate: 3965,8MB/s (+/-5,1%), Free: 7450MB, GCCPUTime: 0,557, GCDuration: 0,557s, TimeUntilOOM: 1,787s, TimeUntilGC: 1,130s, GCWorkers: 2 -> 1
[69,482s][debug][gc,director    ] Rule: High Usage, Free: 7450MB(60,6%)
[69,482s][debug][gc,director    ] Rule: Proactive, AcceptableGCInterval: 5,662s, TimeSinceLastGC: 0,873s, TimeUntilGC: 4,789s
[69,582s][debug][gc,alloc       ] Allocation Rate: 3354,0MB/s, Predicted: 3443,5MB/s, Avg: 3260,4(+/-165,5)MB/s
[69,582s][debug][gc,director    ] Select GC Workers (Try Lowering), AvoidLongGCWorkers: 0,055, AvoidOOMGCWorkers: 0,320, NextAvoidOOMGCWorkers: 0,238, LastGCWorkers: 2,000, GCWorkers: 1,000
[69,582s][debug][gc,director    ] Rule: Allocation Rate (Dynamic GC Workers), MaxAllocRate: 3988,1MB/s (+/-5,1%), Free: 7246MB, GCCPUTime: 0,557, GCDuration: 0,557s, TimeUntilOOM: 1,729s, TimeUntilGC: 1,072s, GCWorkers: 2 -> 1
[69,582s][debug][gc,director    ] Rule: High Usage, Free: 7246MB(59,0%)
[69,582s][debug][gc,director    ] Rule: Proactive, AcceptableGCInterval: 5,662s, TimeSinceLastGC: 0,973s, TimeUntilGC: 4,689s
[69,682s][debug][gc,alloc       ] Allocation Rate: 3440,0MB/s, Predicted: 3484,3MB/s, Avg: 3290,0(+/-168,5)MB/s
[69,682s][debug][gc,director    ] Select GC Workers (Try Lowering), AvoidLongGCWorkers: 0,055, AvoidOOMGCWorkers: 0,335, NextAvoidOOMGCWorkers: 0,235, LastGCWorkers: 2,000, GCWorkers: 1,000
[69,682s][debug][gc,director    ] Rule: Allocation Rate (Dynamic GC Workers), MaxAllocRate: 4038,7MB/s (+/-5,1%), Free: 7026MB, GCCPUTime: 0,557, GCDuration: 0,557s, TimeUntilOOM: 1,655s, TimeUntilGC: 0,997s, GCWorkers: 2 -> 1
[69,682s][debug][gc,director    ] Rule: High Usage, Free: 7026MB(57,2%)
[69,682s][debug][gc,director    ] Rule: Proactive, AcceptableGCInterval: 5,662s, TimeSinceLastGC: 1,073s, TimeUntilGC: 4,589s
[69,782s][debug][gc,alloc       ] Allocation Rate: 3420,0MB/s, Predicted: 3501,1MB/s, Avg: 3316,2(+/-166,3)MB/s
[69,782s][debug][gc,director    ] Select GC Workers (Try Lowering), AvoidLongGCWorkers: 0,055, AvoidOOMGCWorkers: 0,346, NextAvoidOOMGCWorkers: 0,231, LastGCWorkers: 2,000, GCWorkers: 1,000
[69,782s][debug][gc,director    ] Rule: Allocation Rate (Dynamic GC Workers), MaxAllocRate: 4048,2MB/s (+/-5,0%), Free: 6810MB, GCCPUTime: 0,557, GCDuration: 0,557s, TimeUntilOOM: 1,602s, TimeUntilGC: 0,944s, GCWorkers: 2 -> 1
[69,782s][debug][gc,director    ] Rule: High Usage, Free: 6810MB(55,4%)
[69,782s][debug][gc,director    ] Rule: Proactive, AcceptableGCInterval: 5,662s, TimeSinceLastGC: 1,174s, TimeUntilGC: 4,489s
[69,881s][debug][gc,alloc       ] Allocation Rate: 4096,0MB/s, Predicted: 3772,9MB/s, Avg: 3409,2(+/-278,5)MB/s
[69,881s][debug][gc,director    ] Select GC Workers (Try Lowering), AvoidLongGCWorkers: 0,055, AvoidOOMGCWorkers: 0,477, NextAvoidOOMGCWorkers: 0,269, LastGCWorkers: 2,000, GCWorkers: 1,000
[69,881s][debug][gc,director    ] Rule: Allocation Rate (Dynamic GC Workers), MaxAllocRate: 4689,3MB/s (+/-8,2%), Free: 5902MB, GCCPUTime: 0,557, GCDuration: 0,557s, TimeUntilOOM: 1,164s, TimeUntilGC: 0,506s, GCWorkers: 2 -> 1
[69,881s][debug][gc,director    ] Rule: High Usage, Free: 5902MB(48,0%)
[69,881s][debug][gc,director    ] Rule: Proactive, AcceptableGCInterval: 5,662s, TimeSinceLastGC: 1,273s, TimeUntilGC: 4,390s
[69,982s][debug][gc,alloc       ] Allocation Rate: 3202,0MB/s, Predicted: 3622,5MB/s, Avg: 3413,8(+/-274,6)MB/s
[69,982s][debug][gc,director    ] Select GC Workers (Try Lowering), AvoidLongGCWorkers: 0,055, AvoidOOMGCWorkers: 0,465, NextAvoidOOMGCWorkers: 0,253, LastGCWorkers: 2,000, GCWorkers: 1,000
[69,982s][debug][gc,director    ] Rule: Allocation Rate (Dynamic GC Workers), MaxAllocRate: 4526,2MB/s (+/-8,0%), Free: 5832MB, GCCPUTime: 0,557, GCDuration: 0,557s, TimeUntilOOM: 1,193s, TimeUntilGC: 0,535s, GCWorkers: 2 -> 1
[69,982s][debug][gc,director    ] Rule: High Usage, Free: 5832MB(47,5%)
[69,982s][debug][gc,director    ] Rule: Proactive, AcceptableGCInterval: 5,662s, TimeSinceLastGC: 1,373s, TimeUntilGC: 4,289s
[70,082s][debug][gc,alloc       ] Allocation Rate: 3352,0MB/s, Predicted: 3535,5MB/s, Avg: 3431,0(+/-264,6)MB/s
[70,082s][debug][gc,director    ] Select GC Workers (Try Lowering), AvoidLongGCWorkers: 0,055, AvoidOOMGCWorkers: 0,470, NextAvoidOOMGCWorkers: 0,243, LastGCWorkers: 2,000, GCWorkers: 1,000
[70,082s][debug][gc,director    ] Rule: Allocation Rate (Dynamic GC Workers), MaxAllocRate: 4406,3MB/s (+/-7,7%), Free: 5604MB, GCCPUTime: 0,557, GCDuration: 0,557s, TimeUntilOOM: 1,181s, TimeUntilGC: 0,523s, GCWorkers: 2 -> 1
[70,082s][debug][gc,director    ] Rule: High Usage, Free: 5604MB(45,6%)
[70,082s][debug][gc,director    ] Rule: Proactive, AcceptableGCInterval: 5,662s, TimeSinceLastGC: 1,473s, TimeUntilGC: 4,189s
[70,182s][debug][gc,alloc       ] Allocation Rate: 3348,0MB/s, Predicted: 3451,9MB/s, Avg: 3441,6(+/-258,9)MB/s
[70,182s][debug][gc,director    ] Select GC Workers (Try Lowering), AvoidLongGCWorkers: 0,055, AvoidOOMGCWorkers: 0,477, NextAvoidOOMGCWorkers: 0,235, LastGCWorkers: 2,000, GCWorkers: 1,000
[70,182s][debug][gc,director    ] Rule: Allocation Rate (Dynamic GC Workers), MaxAllocRate: 4303,9MB/s (+/-7,5%), Free: 5384MB, GCCPUTime: 0,557, GCDuration: 0,557s, TimeUntilOOM: 1,163s, TimeUntilGC: 0,506s, GCWorkers: 2 -> 1
[70,182s][debug][gc,director    ] Rule: High Usage, Free: 5384MB(43,8%)
[70,182s][debug][gc,director    ] Rule: Proactive, AcceptableGCInterval: 5,662s, TimeSinceLastGC: 1,573s, TimeUntilGC: 4,089s
[70,284s][debug][gc,alloc       ] Allocation Rate: 3788,0MB/s, Predicted: 3542,0MB/s, Avg: 3494,4(+/-270,1)MB/s
[70,284s][debug][gc,director    ] Select GC Workers (Try Lowering), AvoidLongGCWorkers: 0,055, AvoidOOMGCWorkers: 0,561, NextAvoidOOMGCWorkers: 0,242, LastGCWorkers: 2,000, GCWorkers: 1,000
[70,284s][debug][gc,director    ] Rule: Allocation Rate (Dynamic GC Workers), MaxAllocRate: 4430,8MB/s (+/-7,7%), Free: 4726MB, GCCPUTime: 0,557, GCDuration: 0,557s, TimeUntilOOM: 0,990s, TimeUntilGC: 0,333s, GCWorkers: 2 -> 1
[70,284s][debug][gc,director    ] Rule: High Usage, Free: 4726MB(38,5%)
[70,284s][debug][gc,director    ] Rule: Proactive, AcceptableGCInterval: 5,662s, TimeSinceLastGC: 1,676s, TimeUntilGC: 3,987s
[70,382s][debug][gc,alloc       ] Allocation Rate: 3528,0MB/s, Predicted: 3616,1MB/s, Avg: 3475,0(+/-259,8)MB/s
[70,382s][debug][gc,director    ] Select GC Workers (Try Lowering), AvoidLongGCWorkers: 0,055, AvoidOOMGCWorkers: 0,617, NextAvoidOOMGCWorkers: 0,241, LastGCWorkers: 2,000, GCWorkers: 1,000
[70,382s][debug][gc,director    ] Rule: Allocation Rate (Dynamic GC Workers), MaxAllocRate: 4471,1MB/s (+/-7,5%), Free: 4324MB, GCCPUTime: 0,557, GCDuration: 0,557s, TimeUntilOOM: 0,900s, TimeUntilGC: 0,242s, GCWorkers: 2 -> 1
[70,382s][debug][gc,director    ] Rule: High Usage, Free: 4324MB(35,2%)
[70,382s][debug][gc,director    ] Rule: Proactive, AcceptableGCInterval: 5,662s, TimeSinceLastGC: 1,773s, TimeUntilGC: 3,889s
[70,482s][info ][gc,stats       ] === Garbage Collection Statistics =======================================================================================================================
[70,482s][info ][gc,stats       ]                                                              Last 10s              Last 10m              Last 10h                Total
[70,482s][info ][gc,stats       ]                                                              Avg / Max             Avg / Max             Avg / Max             Avg / Max
[70,482s][info ][gc,stats       ]   Collector: Garbage Collection Cycle                    258,384 / 356,460     254,831 / 643,642     254,831 / 643,642     254,831 / 643,642     ms
[70,482s][info ][gc,stats       ]  Contention: Mark Segment Reset Contention                     0 / 0                 0 / 14                0 / 14                0 / 14          ops/s
[70,482s][info ][gc,stats       ]  Contention: Mark SeqNum Reset Contention                      0 / 0                 0 / 0                 0 / 0                 0 / 0           ops/s
[70,482s][info ][gc,stats       ]    Critical: Allocation Stall                                  0 / 0                 0 / 0                 0 / 0                 0 / 0           ops/s
[70,482s][info ][gc,stats       ]    Critical: Allocation Stall                              0,000 / 0,000         0,000 / 0,000         0,000 / 0,000         0,000 / 0,000       ms
[70,482s][info ][gc,stats       ]    Critical: GC Locker Stall                                   0 / 1                 0 / 1                 0 / 1                 0 / 1           ops/s
[70,482s][info ][gc,stats       ]    Critical: GC Locker Stall                               0,053 / 0,053         0,138 / 0,345         0,138 / 0,345         0,138 / 0,345       ms
[70,482s][info ][gc,stats       ]    Critical: Relocation Stall                                  0 / 0                 0 / 0                 0 / 0                 0 / 0           ops/s
[70,482s][info ][gc,stats       ]    Critical: Relocation Stall                              0,000 / 0,000         0,000 / 0,000         0,000 / 0,000         0,000 / 0,000       ms
[70,482s][info ][gc,stats       ]      Memory: Allocation Rate                                3511 / 4064           2632 / 4214           2632 / 4214           2632 / 4214        MB/s
[70,482s][info ][gc,stats       ]      Memory: Defragment                                        0 / 0                 0 / 0                 0 / 0                 0 / 0           ops/s
[70,482s][info ][gc,stats       ]      Memory: Out Of Memory                                     0 / 0                 0 / 0                 0 / 0                 0 / 0           ops/s
[70,482s][info ][gc,stats       ]      Memory: Page Cache Flush                                  0 / 0                 0 / 0                 0 / 0                 0 / 0           MB/s
[70,482s][info ][gc,stats       ]      Memory: Page Cache Hit L1                              1758 / 2045           1234 / 2107           1234 / 2107           1234 / 2107        ops/s
[70,482s][info ][gc,stats       ]      Memory: Page Cache Hit L2                                 0 / 0                 0 / 0                 0 / 0                 0 / 0           ops/s
[70,482s][info ][gc,stats       ]      Memory: Page Cache Hit L3                                 0 / 0                37 / 797              37 / 797              37 / 797         ops/s
[70,482s][info ][gc,stats       ]      Memory: Page Cache Miss                                   0 / 5                49 / 583              49 / 583              49 / 583         ops/s
[70,482s][info ][gc,stats       ]      Memory: Uncommit                                          0 / 0                 0 / 0                 0 / 0                 0 / 0           MB/s
[70,482s][info ][gc,stats       ]      Memory: Undo Object Allocation Failed                     0 / 0                 0 / 0                 0 / 0                 0 / 0           ops/s
[70,482s][info ][gc,stats       ]      Memory: Undo Object Allocation Succeeded                  0 / 1                 0 / 13                0 / 13                0 / 13          ops/s
[70,482s][info ][gc,stats       ]      Memory: Undo Page Allocation                              0 / 0                 1 / 28                1 / 28                1 / 28          ops/s
[70,482s][info ][gc,stats       ]       Phase: Concurrent Mark                             231,121 / 300,930     229,804 / 606,876     229,804 / 606,876     229,804 / 606,876     ms
[70,482s][info ][gc,stats       ]       Phase: Concurrent Mark Continue                      0,000 / 0,000         0,000 / 0,000         0,000 / 0,000         0,000 / 0,000       ms
[70,482s][info ][gc,stats       ]       Phase: Concurrent Mark Free                          0,015 / 0,020         0,071 / 1,038         0,071 / 1,038         0,071 / 1,038       ms
[70,482s][info ][gc,stats       ]       Phase: Concurrent Process Non-Strong References      9,363 / 17,552        8,933 / 28,355        8,933 / 28,355        8,933 / 28,355      ms
[70,482s][debug][gc,alloc       ] Allocation Rate: 3306,0MB/s, Predicted: 3481,1MB/s, Avg: 3483,4(+/-252,8)MB/s
[70,482s][info ][gc,stats       ]       Phase: Concurrent Relocate                          14,442 / 32,032       10,703 / 68,030       10,703 / 68,030       10,703 / 68,030      ms
[70,482s][info ][gc,stats       ]       Phase: Concurrent Reset Relocation Set               0,229 / 0,543         0,086 / 0,543         0,086 / 0,543         0,086 / 0,543       ms
[70,482s][info ][gc,stats       ]       Phase: Concurrent Select Relocation Set              2,172 / 3,618         3,760 / 24,709        3,760 / 24,709        3,760 / 24,709      ms
[70,482s][info ][gc,stats       ]       Phase: Pause Mark End                                0,031 / 0,040         0,101 / 0,573         0,101 / 0,573         0,101 / 0,573       ms
[70,482s][info ][gc,stats       ]       Phase: Pause Mark Start                              0,043 / 0,045         0,093 / 0,421         0,093 / 0,421         0,093 / 0,421       ms
[70,482s][info ][gc,stats       ]       Phase: Pause Relocate Start                          0,018 / 0,022         0,036 / 0,126         0,036 / 0,126         0,036 / 0,126       ms
[70,482s][info ][gc,stats       ]    Subphase: Concurrent Classes Purge                      0,075 / 0,114         1,161 / 13,408        1,161 / 13,408        1,161 / 13,408      ms
[70,482s][info ][gc,stats       ]    Subphase: Concurrent Classes Unlink                     5,734 / 13,184        3,750 / 13,184        3,750 / 13,184        3,750 / 13,184      ms
[70,482s][debug][gc,director    ] Select GC Workers (Try Lowering), AvoidLongGCWorkers: 0,055, AvoidOOMGCWorkers: 0,620, NextAvoidOOMGCWorkers: 0,231, LastGCWorkers: 2,000, GCWorkers: 1,000
[70,482s][info ][gc,stats       ]    Subphase: Concurrent Mark                             215,471 / 299,564     177,957 / 603,668     177,957 / 603,668     177,957 / 603,668     ms
[70,482s][info ][gc,stats       ]    Subphase: Concurrent Mark Try Flush                     0,104 / 0,634         0,523 / 7,166         0,523 / 7,166         0,523 / 7,166       ms
[70,482s][info ][gc,stats       ]    Subphase: Concurrent Mark Try Terminate                 0,764 / 1,074         1,052 / 6,763         1,052 / 6,763         1,052 / 6,763       ms
[70,482s][info ][gc,stats       ]    Subphase: Concurrent References Enqueue                 0,007 / 0,010         0,010 / 0,026         0,010 / 0,026         0,010 / 0,026       ms
[70,482s][info ][gc,stats       ]    Subphase: Concurrent References Process                 2,649 / 2,927         2,134 / 4,777         2,134 / 4,777         2,134 / 4,777       ms
[70,482s][info ][gc,stats       ]    Subphase: Concurrent Roots ClassLoaderDataGraph         0,067 / 0,112         0,111 / 0,487         0,111 / 0,487         0,111 / 0,487       ms
[70,482s][info ][gc,stats       ]    Subphase: Concurrent Roots CodeCache                    0,000 / 0,000         0,000 / 0,000         0,000 / 0,000         0,000 / 0,000       ms
[70,482s][info ][gc,stats       ]    Subphase: Concurrent Roots JavaThreads                  0,839 / 1,181         0,746 / 2,473         0,746 / 2,473         0,746 / 2,473       ms
[70,482s][info ][gc,stats       ]    Subphase: Concurrent Roots OopStorageSet                0,024 / 0,026         0,048 / 0,143         0,048 / 0,143         0,048 / 0,143       ms
[70,482s][info ][gc,stats       ]    Subphase: Concurrent Weak Roots OopStorageSet           0,355 / 0,518         0,571 / 2,088         0,571 / 2,088         0,571 / 2,088       ms
[70,482s][info ][gc,stats       ]    Subphase: Pause Mark Try Complete                       0,000 / 0,000         0,040 / 0,134         0,040 / 0,134         0,040 / 0,134       ms
[70,482s][info ][gc,stats       ]      System: Java Threads                                     40 / 40               38 / 42               38 / 42               38 / 42          threads
[70,482s][info ][gc,stats       ] =========================================================================================================================================================
[70,482s][debug][gc,director    ] Rule: Allocation Rate (Dynamic GC Workers), MaxAllocRate: 4315,2MB/s (+/-7,3%), Free: 4144MB, GCCPUTime: 0,557, GCDuration: 0,557s, TimeUntilOOM: 0,895s, TimeUntilGC: 0,238s, GCWorkers: 2 -> 1
[70,482s][debug][gc,director    ] Rule: High Usage, Free: 4144MB(33,7%)
[70,482s][debug][gc,director    ] Rule: Proactive, AcceptableGCInterval: 5,662s, TimeSinceLastGC: 1,873s, TimeUntilGC: 3,789s
[70,582s][debug][gc,alloc       ] Allocation Rate: 3272,0MB/s, Predicted: 3362,0MB/s, Avg: 3475,2(+/-258,1)MB/s
[70,582s][debug][gc,director    ] Select GC Workers (Try Lowering), AvoidLongGCWorkers: 0,055, AvoidOOMGCWorkers: 0,650, NextAvoidOOMGCWorkers: 0,226, LastGCWorkers: 2,000, GCWorkers: 1,000
[70,582s][debug][gc,director    ] Rule: Allocation Rate (Dynamic GC Workers), MaxAllocRate: 4324,5MB/s (+/-7,4%), Free: 3974MB, GCCPUTime: 0,557, GCDuration: 0,557s, TimeUntilOOM: 0,855s, TimeUntilGC: 0,198s, GCWorkers: 2 -> 1
[70,582s][debug][gc,director    ] Rule: High Usage, Free: 3974MB(32,3%)
[70,582s][debug][gc,director    ] Rule: Proactive, AcceptableGCInterval: 5,662s, TimeSinceLastGC: 1,974s, TimeUntilGC: 3,689s
[70,681s][debug][gc,alloc       ] Allocation Rate: 3240,0MB/s, Predicted: 3258,5MB/s, Avg: 3455,2(+/-267,6)MB/s
[70,681s][debug][gc,director    ] Select GC Workers (Try Lowering), AvoidLongGCWorkers: 0,055, AvoidOOMGCWorkers: 0,686, NextAvoidOOMGCWorkers: 0,221, LastGCWorkers: 2,000, GCWorkers: 1,000
[70,681s][debug][gc,director    ] Rule: Allocation Rate (Dynamic GC Workers), MaxAllocRate: 4335,9MB/s (+/-7,7%), Free: 3786MB, GCCPUTime: 0,557, GCDuration: 0,557s, TimeUntilOOM: 0,810s, TimeUntilGC: 0,153s, GCWorkers: 2 -> 1
[70,681s][debug][gc,director    ] Rule: High Usage, Free: 3786MB(30,8%)
[70,681s][debug][gc,director    ] Rule: Proactive, AcceptableGCInterval: 5,662s, TimeSinceLastGC: 2,073s, TimeUntilGC: 3,590s
[70,783s][debug][gc,alloc       ] Allocation Rate: 3862,0MB/s, Predicted: 3411,9MB/s, Avg: 3499,4(+/-293,4)MB/s
[70,783s][debug][gc,director    ] Select GC Workers (Try Lowering), AvoidLongGCWorkers: 0,055, AvoidOOMGCWorkers: 0,915, NextAvoidOOMGCWorkers: 0,230, LastGCWorkers: 2,000, GCWorkers: 1,000
[70,783s][debug][gc,director    ] Rule: Allocation Rate (Dynamic GC Workers), MaxAllocRate: 4464,9MB/s (+/-8,4%), Free: 2946MB, GCCPUTime: 0,557, GCDuration: 0,557s, TimeUntilOOM: 0,609s, TimeUntilGC: -0,049s, GCWorkers: 2 -> 1
[70,783s][debug][gc,heap        ] GC(24) Heap before GC invocations=24 (full 24):
[70,783s][debug][gc,heap        ] GC(24)  ZHeap           used 9300M, capacity 11782M, max capacity 12288M
[70,783s][debug][gc,heap        ] GC(24)  Metaspace       used 31690K, committed 32064K, reserved 1114112K
[70,784s][debug][gc,heap        ] GC(24)   class space    used 3443K, committed 3648K, reserved 1048576K
[70,784s][info ][gc,start       ] GC(24) Garbage Collection (Allocation Rate)
[70,784s][info ][gc,task        ] GC(24) Using 1 workers
[70,787s][debug][gc,phases,start] GC(24) Pause Mark Start
[70,787s][debug][gc,marking     ] GC(24) Using 1 mark stripes
[70,787s][debug][gc,marking     ] GC(24) Mark Worker/Stripe Distribution
[70,787s][debug][gc,marking     ] GC(24)   Worker 0(1) -> Stripe 0(1)
[70,787s][info ][gc,phases      ] GC(24) Pause Mark Start 0,098ms
[70,787s][debug][gc,phases,start] GC(24) Concurrent Mark
[70,787s][debug][gc,task        ] GC(24) Executing Task: XMarkRootsTask, Active Workers: 1
[70,794s][debug][gc,tlab        ] GC(24) TLAB totals: thrds: 23  refills: 34205 max: 15359 slow allocs: 8272 max 559 waste:  2,1% gc: 2513400B max: 253040B slow: 180962128B max: 24901680B
[70,794s][debug][gc,task        ] GC(24) Executing Task: XMarkTask, Active Workers: 1
[70,882s][debug][gc,alloc       ] Allocation Rate: 3164,0MB/s, Predicted: 3436,8MB/s, Avg: 3406,2(+/-230,4)MB/s
[70,982s][debug][gc,alloc       ] Allocation Rate: 3266,0MB/s, Predicted: 3326,3MB/s, Avg: 3412,6(+/-225,4)MB/s
[71,082s][debug][gc,alloc       ] Allocation Rate: 3262,0MB/s, Predicted: 3249,9MB/s, Avg: 3403,6(+/-229,4)MB/s
[71,123s][info ][gc,phases      ] GC(24) Concurrent Mark 335,910ms
[71,123s][debug][gc,phases,start] GC(24) Pause Mark End
[71,123s][info ][gc,phases      ] GC(24) Pause Mark End 0,028ms
[71,123s][debug][gc,phases,start] GC(24) Concurrent Mark Free
[71,123s][debug][gc,marking     ] GC(24) Shrinking mark stack space: 64M->32M
[71,124s][info ][gc,phases      ] GC(24) Concurrent Mark Free 0,567ms
[71,124s][debug][gc,phases,start] GC(24) Concurrent Process Non-Strong References
[71,124s][debug][gc,phases,start] GC(24) Concurrent References Process
[71,124s][debug][gc,task        ] GC(24) Executing Task: XReferenceProcessorTask, Active Workers: 1
[71,126s][debug][gc,phases      ] GC(24) Concurrent References Process 2,642ms
[71,126s][debug][gc,task        ] GC(24) Executing Task: XProcessWeakRootsTask, Active Workers: 1
[71,127s][debug][gc,phases,start] GC(24) Concurrent Classes Unlink
[71,127s][debug][gc,phases,start] GC(24) ClassLoaderData
[71,127s][debug][gc,phases      ] GC(24) ClassLoaderData 0,026ms
[71,127s][debug][gc,phases,start] GC(24) Trigger cleanups
[71,127s][debug][gc,phases      ] GC(24) Trigger cleanups 0,005ms
[71,127s][debug][gc,task        ] GC(24) Executing Task: XNMethodUnlinkTask, Active Workers: 1
[71,131s][debug][gc,phases      ] GC(24) Concurrent Classes Unlink 4,021ms
[71,131s][debug][gc,phases,start] GC(24) Concurrent Classes Purge
[71,131s][debug][gc,nmethod     ] GC(24) Unregister NMethod: java.lang.StrictMath.ceil (0x000070b043d27e90)
[71,131s][debug][gc,nmethod     ] GC(24) Unregister NMethod: sun.nio.ch.FileChannelImpl.read (0x000070b044091910)
[71,131s][debug][gc,phases      ] GC(24) Concurrent Classes Purge 0,040ms
[71,131s][debug][gc,phases,start] GC(24) Concurrent References Enqueue
[71,131s][debug][gc,phases      ] GC(24) Concurrent References Enqueue 0,006ms
[71,131s][info ][gc,phases      ] GC(24) Concurrent Process Non-Strong References 7,890ms
[71,131s][debug][gc,phases,start] GC(24) Concurrent Reset Relocation Set
[71,131s][info ][gc,phases      ] GC(24) Concurrent Reset Relocation Set 0,069ms
[71,131s][debug][gc,phases,start] GC(24) Concurrent Select Relocation Set
[71,133s][debug][gc,task        ] GC(24) Executing Task: XRelocationSetInstallTask, Active Workers: 1
[71,134s][info ][gc,phases      ] GC(24) Concurrent Select Relocation Set 2,152ms
[71,134s][debug][gc,phases,start] GC(24) Pause Relocate Start
[71,134s][info ][gc,phases      ] GC(24) Pause Relocate Start 0,023ms
[71,134s][debug][gc,phases,start] GC(24) Concurrent Relocate
[71,134s][debug][gc,task        ] GC(24) Executing Task: XRelocateTask, Active Workers: 1
[71,144s][info ][gc,phases      ] GC(24) Concurrent Relocate 10,293ms
[71,144s][debug][gc,heap        ] GC(24) Heap after GC invocations=25 (full 25):
[71,144s][debug][gc,heap        ] GC(24)  ZHeap           used 1448M, capacity 11782M, max capacity 12288M
[71,144s][debug][gc,heap        ] GC(24)  Metaspace       used 31690K, committed 32064K, reserved 1114112K
[71,144s][debug][gc,heap        ] GC(24)   class space    used 3443K, committed 3648K, reserved 1048576K
[71,144s][info ][gc,load        ] GC(24) Load: 4,58/5,36/3,30
[71,144s][info ][gc,mmu         ] GC(24) MMU: 2ms/71,4%, 5ms/88,5%, 10ms/94,3%, 20ms/97,0%, 50ms/98,8%, 100ms/99,4%
[71,144s][info ][gc,marking     ] GC(24) Mark: 1 stripe(s), 2 proactive flush(es), 1 terminate flush(es), 0 completion(s), 0 continuation(s) 
[71,144s][info ][gc,marking     ] GC(24) Mark Stack Usage: 32M
[71,144s][info ][gc,nmethod     ] GC(24) NMethods: 4048 registered, 1328 unregistered
[71,144s][info ][gc,metaspace   ] GC(24) Metaspace: 30M used, 31M committed, 1088M reserved
[71,144s][info ][gc,ref         ] GC(24) Soft: 3931 encountered, 0 discovered, 0 enqueued
[71,144s][info ][gc,ref         ] GC(24) Weak: 1939 encountered, 136 discovered, 0 enqueued
[71,144s][info ][gc,ref         ] GC(24) Final: 12216 encountered, 12216 discovered, 12214 enqueued
[71,144s][info ][gc,ref         ] GC(24) Phantom: 547 encountered, 399 discovered, 145 enqueued
[71,144s][info ][gc,reloc       ] GC(24) Small Pages: 4664 / 9328M, Empty: 3438M, Relocated: 24M, In-Place: 0
[71,144s][info ][gc,reloc       ] GC(24) Medium Pages: 1 / 32M, Empty: 0M, Relocated: 0M, In-Place: 0
[71,144s][info ][gc,reloc       ] GC(24) Large Pages: 0 / 0M, Empty: 0M, Relocated: 0M, In-Place: 0
[71,144s][info ][gc,reloc       ] GC(24) Forwarding Usage: 3M
[71,144s][info ][gc,heap        ] GC(24) Min Capacity: 5120M(42%)
[71,144s][info ][gc,heap        ] GC(24) Max Capacity: 12288M(100%)
[71,144s][info ][gc,heap        ] GC(24) Soft Max Capacity: 12288M(100%)
[71,144s][info ][gc,heap        ] GC(24)                Mark Start          Mark End        Relocate Start      Relocate End           High               Low         
[71,144s][info ][gc,heap        ] GC(24)  Capacity:    11782M (96%)       11782M (96%)       11782M (96%)       11782M (96%)       11782M (96%)       11782M (96%)    
[71,144s][info ][gc,heap        ] GC(24)      Free:     2928M (24%)        2296M (19%)        5708M (46%)       10840M (88%)       10842M (88%)        2274M (19%)    
[71,144s][info ][gc,heap        ] GC(24)      Used:     9360M (76%)        9992M (81%)        6580M (54%)        1448M (12%)       10014M (81%)        1446M (12%)    
[71,144s][info ][gc,heap        ] GC(24)      Live:         -               567M (5%)          567M (5%)          567M (5%)             -                  -          
[71,144s][info ][gc,heap        ] GC(24) Allocated:         -               632M (5%)          658M (5%)          681M (6%)             -                  -          
[71,144s][info ][gc,heap        ] GC(24)   Garbage:         -              8792M (72%)        5354M (44%)         198M (2%)             -                  -          
[71,144s][info ][gc,heap        ] GC(24) Reclaimed:         -                  -              3438M (28%)        8593M (70%)            -                  -          
[71,144s][info ][gc             ] GC(24) Garbage Collection (Allocation Rate) 9360M(76%)->1448M(12%)
[71,182s][debug][gc,alloc       ] Allocation Rate: 3272,0MB/s, Predicted: 3182,4MB/s, Avg: 3396,0(+/-232,4)MB/s
[71,182s][debug][gc,director    ] Select GC Workers (Normal), AvoidLongGCWorkers: 0,050, AvoidOOMGCWorkers: 0,210, LastGCWorkers: 1,000, GCWorkers: 0,210
[71,182s][debug][gc,director    ] Rule: Allocation Rate (Dynamic GC Workers), MaxAllocRate: 4160,7MB/s (+/-6,8%), Free: 10708MB, GCCPUTime: 0,516, GCDuration: 0,516s, TimeUntilOOM: 2,409s, TimeUntilGC: 1,793s, GCWorkers: 1 -> 1
[71,182s][debug][gc,director    ] Rule: High Usage, Free: 10708MB(87,1%)
[71,182s][debug][gc,director    ] Rule: Proactive, UsedUntilEnabled: 1138MB, TimeUntilEnabled: 299,962s
[71,281s][debug][gc,alloc       ] Allocation Rate: 3548,0MB/s, Predicted: 3347,7MB/s, Avg: 3372,0(+/-200,9)MB/s
[71,281s][debug][gc,director    ] Select GC Workers (Normal), AvoidLongGCWorkers: 0,050, AvoidOOMGCWorkers: 0,221, LastGCWorkers: 1,000, GCWorkers: 0,221
[71,281s][debug][gc,director    ] Rule: Allocation Rate (Dynamic GC Workers), MaxAllocRate: 4033,2MB/s (+/-6,0%), Free: 9774MB, GCCPUTime: 0,516, GCDuration: 0,516s, TimeUntilOOM: 2,287s, TimeUntilGC: 1,672s, GCWorkers: 1 -> 1
[71,281s][debug][gc,director    ] Rule: High Usage, Free: 9774MB(79,5%)
[71,281s][debug][gc,director    ] Rule: Proactive, UsedUntilEnabled: 204MB, TimeUntilEnabled: 299,863s
[71,382s][debug][gc,alloc       ] Allocation Rate: 3222,0MB/s, Predicted: 3329,3MB/s, Avg: 3341,4(+/-198,1)MB/s
[71,382s][debug][gc,director    ] Select GC Workers (Normal), AvoidLongGCWorkers: 0,050, AvoidOOMGCWorkers: 0,221, LastGCWorkers: 1,000, GCWorkers: 0,221
[71,382s][debug][gc,director    ] Rule: Allocation Rate (Dynamic GC Workers), MaxAllocRate: 3993,4MB/s (+/-5,9%), Free: 9698MB, GCCPUTime: 0,516, GCDuration: 0,516s, TimeUntilOOM: 2,293s, TimeUntilGC: 1,677s, GCWorkers: 1 -> 1
[71,382s][debug][gc,director    ] Rule: High Usage, Free: 9698MB(78,9%)
[71,382s][debug][gc,director    ] Rule: Proactive, UsedUntilEnabled: 128MB, TimeUntilEnabled: 299,763s
[71,482s][debug][gc,alloc       ] Allocation Rate: 3262,0MB/s, Predicted: 3288,1MB/s, Avg: 3337,0(+/-199,4)MB/s
[71,482s][debug][gc,director    ] Select GC Workers (Normal), AvoidLongGCWorkers: 0,050, AvoidOOMGCWorkers: 0,226, LastGCWorkers: 1,000, GCWorkers: 0,226
[71,482s][debug][gc,director    ] Rule: Allocation Rate (Dynamic GC Workers), MaxAllocRate: 3993,0MB/s (+/-6,0%), Free: 9478MB, GCCPUTime: 0,516, GCDuration: 0,516s, TimeUntilOOM: 2,240s, TimeUntilGC: 1,624s, GCWorkers: 1 -> 1
[71,482s][debug][gc,director    ] Rule: High Usage, Free: 9478MB(77,1%)
[71,482s][debug][gc,director    ] Rule: Proactive, AcceptableGCInterval: 5,547s, TimeSinceLastGC: 0,338s, TimeUntilGC: 5,209s
[71,582s][debug][gc,alloc       ] Allocation Rate: 3308,0MB/s, Predicted: 3259,2MB/s, Avg: 3340,6(+/-198,5)MB/s
[71,582s][debug][gc,director    ] Select GC Workers (Normal), AvoidLongGCWorkers: 0,050, AvoidOOMGCWorkers: 0,231, LastGCWorkers: 1,000, GCWorkers: 0,231
[71,582s][debug][gc,director    ] Rule: Allocation Rate (Dynamic GC Workers), MaxAllocRate: 3993,7MB/s (+/-5,9%), Free: 9262MB, GCCPUTime: 0,516, GCDuration: 0,516s, TimeUntilOOM: 2,189s, TimeUntilGC: 1,574s, GCWorkers: 1 -> 1
[71,582s][debug][gc,director    ] Rule: High Usage, Free: 9262MB(75,4%)
[71,582s][debug][gc,director    ] Rule: Proactive, AcceptableGCInterval: 5,547s, TimeSinceLastGC: 0,438s, TimeUntilGC: 5,109s
[71,681s][debug][gc,alloc       ] Allocation Rate: 3650,0MB/s, Predicted: 3356,1MB/s, Avg: 3381,6(+/-215,1)MB/s
[71,681s][debug][gc,director    ] Select GC Workers (Normal), AvoidLongGCWorkers: 0,050, AvoidOOMGCWorkers: 0,252, LastGCWorkers: 1,000, GCWorkers: 0,252
[71,681s][debug][gc,director    ] Rule: Allocation Rate (Dynamic GC Workers), MaxAllocRate: 4089,4MB/s (+/-6,4%), Free: 8730MB, GCCPUTime: 0,516, GCDuration: 0,516s, TimeUntilOOM: 2,007s, TimeUntilGC: 1,392s, GCWorkers: 1 -> 1
[71,681s][debug][gc,director    ] Rule: High Usage, Free: 8730MB(71,0%)
[71,681s][debug][gc,director    ] Rule: Proactive, AcceptableGCInterval: 5,547s, TimeSinceLastGC: 0,537s, TimeUntilGC: 5,010s
[71,782s][debug][gc,alloc       ] Allocation Rate: 3352,0MB/s, Predicted: 3472,4MB/s, Avg: 3330,6(+/-143,8)MB/s
[71,782s][debug][gc,director    ] Select GC Workers (Normal), AvoidLongGCWorkers: 0,050, AvoidOOMGCWorkers: 0,254, LastGCWorkers: 1,000, GCWorkers: 0,254
[71,782s][debug][gc,director    ] Rule: Allocation Rate (Dynamic GC Workers), MaxAllocRate: 3945,6MB/s (+/-4,3%), Free: 8194MB, GCCPUTime: 0,516, GCDuration: 0,516s, TimeUntilOOM: 1,991s, TimeUntilGC: 1,375s, GCWorkers: 1 -> 1
[71,782s][debug][gc,director    ] Rule: High Usage, Free: 8194MB(66,7%)
[71,782s][debug][gc,director    ] Rule: Proactive, AcceptableGCInterval: 5,547s, TimeSinceLastGC: 0,637s, TimeUntilGC: 4,910s
[71,882s][debug][gc,alloc       ] Allocation Rate: 3354,0MB/s, Predicted: 3437,3MB/s, Avg: 3349,6(+/-132,7)MB/s
[71,882s][debug][gc,director    ] Select GC Workers (Normal), AvoidLongGCWorkers: 0,050, AvoidOOMGCWorkers: 0,255, LastGCWorkers: 1,000, GCWorkers: 0,255
[71,882s][debug][gc,director    ] Rule: Allocation Rate (Dynamic GC Workers), MaxAllocRate: 3873,9MB/s (+/-4,0%), Free: 7980MB, GCCPUTime: 0,516, GCDuration: 0,516s, TimeUntilOOM: 1,981s, TimeUntilGC: 1,366s, GCWorkers: 1 -> 1
[71,882s][debug][gc,director    ] Rule: High Usage, Free: 7980MB(64,9%)
[71,882s][debug][gc,director    ] Rule: Proactive, AcceptableGCInterval: 5,547s, TimeSinceLastGC: 0,738s, TimeUntilGC: 4,809s
[71,982s][debug][gc,alloc       ] Allocation Rate: 3414,0MB/s, Predicted: 3440,8MB/s, Avg: 3364,4(+/-130,8)MB/s
[71,982s][debug][gc,director    ] Select GC Workers (Normal), AvoidLongGCWorkers: 0,050, AvoidOOMGCWorkers: 0,263, LastGCWorkers: 1,000, GCWorkers: 0,263
[71,982s][debug][gc,director    ] Rule: Allocation Rate (Dynamic GC Workers), MaxAllocRate: 3871,0MB/s (+/-3,9%), Free: 7750MB, GCCPUTime: 0,516, GCDuration: 0,516s, TimeUntilOOM: 1,927s, TimeUntilGC: 1,312s, GCWorkers: 1 -> 1
[71,982s][debug][gc,director    ] Rule: High Usage, Free: 7750MB(63,1%)
[71,982s][debug][gc,director    ] Rule: Proactive, AcceptableGCInterval: 5,547s, TimeSinceLastGC: 0,838s, TimeUntilGC: 4,709s
[72,082s][debug][gc,alloc       ] Allocation Rate: 3412,0MB/s, Predicted: 3432,5MB/s, Avg: 3379,4(+/-126,7)MB/s
[72,082s][debug][gc,director    ] Select GC Workers (Normal), AvoidLongGCWorkers: 0,050, AvoidOOMGCWorkers: 0,269, LastGCWorkers: 1,000, GCWorkers: 0,269
[72,082s][debug][gc,director    ] Rule: Allocation Rate (Dynamic GC Workers), MaxAllocRate: 3849,4MB/s (+/-3,7%), Free: 7526MB, GCCPUTime: 0,516, GCDuration: 0,516s, TimeUntilOOM: 1,884s, TimeUntilGC: 1,269s, GCWorkers: 1 -> 1
[72,082s][debug][gc,director    ] Rule: High Usage, Free: 7526MB(61,2%)
[72,082s][debug][gc,director    ] Rule: Proactive, AcceptableGCInterval: 5,547s, TimeSinceLastGC: 0,938s, TimeUntilGC: 4,609s
[72,181s][debug][gc,alloc       ] Allocation Rate: 4074,0MB/s, Predicted: 3681,7MB/s, Avg: 3459,6(+/-238,1)MB/s
[72,181s][debug][gc,director    ] Select GC Workers (Normal), AvoidLongGCWorkers: 0,050, AvoidOOMGCWorkers: 0,365, LastGCWorkers: 1,000, GCWorkers: 0,365
[72,181s][debug][gc,director    ] Rule: Allocation Rate (Dynamic GC Workers), MaxAllocRate: 4465,3MB/s (+/-6,9%), Free: 6634MB, GCCPUTime: 0,516, GCDuration: 0,516s, TimeUntilOOM: 1,390s, TimeUntilGC: 0,774s, GCWorkers: 1 -> 1
[72,181s][debug][gc,director    ] Rule: High Usage, Free: 6634MB(54,0%)
[72,181s][debug][gc,director    ] Rule: Proactive, AcceptableGCInterval: 5,547s, TimeSinceLastGC: 1,037s, TimeUntilGC: 4,510s
[72,281s][debug][gc,alloc       ] Allocation Rate: 3278,0MB/s, Predicted: 3632,7MB/s, Avg: 3432,6(+/-241,9)MB/s
[72,281s][debug][gc,director    ] Select GC Workers (Normal), AvoidLongGCWorkers: 0,050, AvoidOOMGCWorkers: 0,370, LastGCWorkers: 1,000, GCWorkers: 0,370
[72,281s][debug][gc,director    ] Rule: Allocation Rate (Dynamic GC Workers), MaxAllocRate: 4428,5MB/s (+/-7,0%), Free: 6496MB, GCCPUTime: 0,516, GCDuration: 0,516s, TimeUntilOOM: 1,370s, TimeUntilGC: 0,755s, GCWorkers: 1 -> 1
[72,281s][debug][gc,director    ] Rule: High Usage, Free: 6496MB(52,9%)
[72,281s][debug][gc,director    ] Rule: Proactive, AcceptableGCInterval: 5,547s, TimeSinceLastGC: 1,137s, TimeUntilGC: 4,410s
[72,382s][debug][gc,alloc       ] Allocation Rate: 3434,0MB/s, Predicted: 3577,1MB/s, Avg: 3453,8(+/-231,5)MB/s
[72,382s][debug][gc,director    ] Select GC Workers (Normal), AvoidLongGCWorkers: 0,050, AvoidOOMGCWorkers: 0,375, LastGCWorkers: 1,000, GCWorkers: 0,375
[72,382s][debug][gc,director    ] Rule: Allocation Rate (Dynamic GC Workers), MaxAllocRate: 4339,0MB/s (+/-6,7%), Free: 6264MB, GCCPUTime: 0,516, GCDuration: 0,516s, TimeUntilOOM: 1,353s, TimeUntilGC: 0,737s, GCWorkers: 1 -> 1
[72,382s][debug][gc,director    ] Rule: High Usage, Free: 6264MB(51,0%)
[72,382s][debug][gc,director    ] Rule: Proactive, AcceptableGCInterval: 5,547s, TimeSinceLastGC: 1,238s, TimeUntilGC: 4,309s
[72,482s][debug][gc,alloc       ] Allocation Rate: 3450,0MB/s, Predicted: 3524,4MB/s, Avg: 3472,6(+/-222,7)MB/s
[72,482s][debug][gc,director    ] Select GC Workers (Normal), AvoidLongGCWorkers: 0,050, AvoidOOMGCWorkers: 0,382, LastGCWorkers: 1,000, GCWorkers: 0,382
[72,482s][debug][gc,director    ] Rule: Allocation Rate (Dynamic GC Workers), MaxAllocRate: 4257,1MB/s (+/-6,4%), Free: 6028MB, GCCPUTime: 0,516, GCDuration: 0,516s, TimeUntilOOM: 1,331s, TimeUntilGC: 0,715s, GCWorkers: 1 -> 1
[72,482s][debug][gc,director    ] Rule: High Usage, Free: 6028MB(49,1%)
[72,482s][debug][gc,director    ] Rule: Proactive, AcceptableGCInterval: 5,547s, TimeSinceLastGC: 1,338s, TimeUntilGC: 4,209s
[72,582s][debug][gc,alloc       ] Allocation Rate: 4194,0MB/s, Predicted: 3769,1MB/s, Avg: 3561,2(+/-301,8)MB/s
[72,582s][debug][gc,director    ] Select GC Workers (Normal), AvoidLongGCWorkers: 0,050, AvoidOOMGCWorkers: 0,519, LastGCWorkers: 1,000, GCWorkers: 0,519
[72,582s][debug][gc,director    ] Rule: Allocation Rate (Dynamic GC Workers), MaxAllocRate: 4762,1MB/s (+/-8,5%), Free: 5068MB, GCCPUTime: 0,516, GCDuration: 0,516s, TimeUntilOOM: 0,981s, TimeUntilGC: 0,366s, GCWorkers: 1 -> 1
[72,582s][debug][gc,director    ] Rule: High Usage, Free: 5068MB(41,2%)
[72,582s][debug][gc,director    ] Rule: Proactive, AcceptableGCInterval: 5,547s, TimeSinceLastGC: 1,438s, TimeUntilGC: 4,109s
[72,681s][debug][gc,alloc       ] Allocation Rate: 3736,0MB/s, Predicted: 3862,7MB/s, Avg: 3569,8(+/-305,4)MB/s
[72,681s][debug][gc,director    ] Select GC Workers (Normal), AvoidLongGCWorkers: 0,050, AvoidOOMGCWorkers: 0,539, LastGCWorkers: 1,000, GCWorkers: 0,539
[72,681s][debug][gc,director    ] Rule: Allocation Rate (Dynamic GC Workers), MaxAllocRate: 4867,5MB/s (+/-8,6%), Free: 4996MB, GCCPUTime: 0,516, GCDuration: 0,516s, TimeUntilOOM: 0,946s, TimeUntilGC: 0,330s, GCWorkers: 1 -> 1
[72,681s][debug][gc,director    ] Rule: High Usage, Free: 4996MB(40,7%)
[72,681s][debug][gc,director    ] Rule: Proactive, AcceptableGCInterval: 5,547s, TimeSinceLastGC: 1,537s, TimeUntilGC: 4,010s
[72,782s][debug][gc,alloc       ] Allocation Rate: 3422,0MB/s, Predicted: 3745,5MB/s, Avg: 3576,8(+/-301,1)MB/s
[72,782s][debug][gc,director    ] Select GC Workers (Normal), AvoidLongGCWorkers: 0,050, AvoidOOMGCWorkers: 0,549, LastGCWorkers: 1,000, GCWorkers: 0,549
[72,782s][debug][gc,director    ] Rule: Allocation Rate (Dynamic GC Workers), MaxAllocRate: 4736,2MB/s (+/-8,4%), Free: 4772MB, GCCPUTime: 0,516, GCDuration: 0,516s, TimeUntilOOM: 0,929s, TimeUntilGC: 0,314s, GCWorkers: 1 -> 1
[72,782s][debug][gc,director    ] Rule: High Usage, Free: 4772MB(38,8%)
[72,782s][debug][gc,director    ] Rule: Proactive, AcceptableGCInterval: 5,547s, TimeSinceLastGC: 1,637s, TimeUntilGC: 3,910s
[72,882s][debug][gc,alloc       ] Allocation Rate: 3432,0MB/s, Predicted: 3628,1MB/s, Avg: 3584,6(+/-296,2)MB/s
[72,882s][debug][gc,director    ] Select GC Workers (Normal), AvoidLongGCWorkers: 0,050, AvoidOOMGCWorkers: 0,559, LastGCWorkers: 1,000, GCWorkers: 0,559
[72,882s][debug][gc,director    ] Rule: Allocation Rate (Dynamic GC Workers), MaxAllocRate: 4602,7MB/s (+/-8,3%), Free: 4548MB, GCCPUTime: 0,516, GCDuration: 0,516s, TimeUntilOOM: 0,913s, TimeUntilGC: 0,297s, GCWorkers: 1 -> 1
[72,882s][debug][gc,director    ] Rule: High Usage, Free: 4548MB(37,0%)
[72,882s][debug][gc,director    ] Rule: Proactive, AcceptableGCInterval: 5,547s, TimeSinceLastGC: 1,738s, TimeUntilGC: 3,810s
[72,984s][debug][gc,alloc       ] Allocation Rate: 3876,0MB/s, Predicted: 3699,2MB/s, Avg: 3630,8(+/-301,9)MB/s
[72,984s][debug][gc,director    ] Select GC Workers (Normal), AvoidLongGCWorkers: 0,050, AvoidOOMGCWorkers: 0,672, LastGCWorkers: 1,000, GCWorkers: 0,672
[72,984s][debug][gc,director    ] Rule: Allocation Rate (Dynamic GC Workers), MaxAllocRate: 4692,7MB/s (+/-8,3%), Free: 3870MB, GCCPUTime: 0,516, GCDuration: 0,516s, TimeUntilOOM: 0,761s, TimeUntilGC: 0,146s, GCWorkers: 1 -> 1
[72,984s][debug][gc,director    ] Rule: High Usage, Free: 3870MB(31,5%)
[72,984s][debug][gc,director    ] Rule: Proactive, AcceptableGCInterval: 5,547s, TimeSinceLastGC: 1,840s, TimeUntilGC: 3,707s
[73,081s][debug][gc,alloc       ] Allocation Rate: 4038,0MB/s, Predicted: 3803,7MB/s, Avg: 3693,4(+/-314,7)MB/s
[73,082s][debug][gc,director    ] Select GC Workers (Normal), AvoidLongGCWorkers: 0,050, AvoidOOMGCWorkers: 0,772, LastGCWorkers: 1,000, GCWorkers: 0,772
[73,082s][debug][gc,director    ] Rule: Allocation Rate (Dynamic GC Workers), MaxAllocRate: 4839,3MB/s (+/-8,5%), Free: 3488MB, GCCPUTime: 0,516, GCDuration: 0,516s, TimeUntilOOM: 0,664s, TimeUntilGC: 0,049s, GCWorkers: 1 -> 1
[73,082s][debug][gc,director    ] Rule: High Usage, Free: 3488MB(28,4%)
[73,082s][debug][gc,director    ] Rule: Proactive, AcceptableGCInterval: 5,547s, TimeSinceLastGC: 1,937s, TimeUntilGC: 3,610s
[73,182s][debug][gc,alloc       ] Allocation Rate: 3362,0MB/s, Predicted: 3772,7MB/s, Avg: 3622,2(+/-300,8)MB/s
[73,182s][debug][gc,director    ] Select GC Workers (Normal), AvoidLongGCWorkers: 0,050, AvoidOOMGCWorkers: 0,809, LastGCWorkers: 1,000, GCWorkers: 0,809
[73,182s][debug][gc,director    ] Rule: Allocation Rate (Dynamic GC Workers), MaxAllocRate: 4762,4MB/s (+/-8,3%), Free: 3272MB, GCCPUTime: 0,516, GCDuration: 0,516s, TimeUntilOOM: 0,634s, TimeUntilGC: 0,019s, GCWorkers: 1 -> 1
[73,182s][debug][gc,director    ] Rule: High Usage, Free: 3272MB(26,6%)
[73,182s][debug][gc,director    ] Rule: Proactive, AcceptableGCInterval: 5,547s, TimeSinceLastGC: 2,038s, TimeUntilGC: 3,509s
[73,282s][debug][gc,alloc       ] Allocation Rate: 3444,0MB/s, Predicted: 3609,6MB/s, Avg: 3638,8(+/-285,5)MB/s
[73,282s][debug][gc,director    ] Select GC Workers (Normal), AvoidLongGCWorkers: 0,050, AvoidOOMGCWorkers: 0,831, LastGCWorkers: 1,000, GCWorkers: 0,831
[73,282s][debug][gc,director    ] Rule: Allocation Rate (Dynamic GC Workers), MaxAllocRate: 4578,3MB/s (+/-7,8%), Free: 3052MB, GCCPUTime: 0,516, GCDuration: 0,516s, TimeUntilOOM: 0,618s, TimeUntilGC: 0,003s, GCWorkers: 1 -> 1
[73,282s][debug][gc,director    ] Rule: High Usage, Free: 3052MB(24,8%)
[73,282s][debug][gc,director    ] Rule: Proactive, AcceptableGCInterval: 5,547s, TimeSinceLastGC: 2,138s, TimeUntilGC: 3,409s
[73,382s][debug][gc,alloc       ] Allocation Rate: 3434,0MB/s, Predicted: 3473,1MB/s, Avg: 3638,8(+/-285,5)MB/s
[73,382s][debug][gc,director    ] Select GC Workers (Normal), AvoidLongGCWorkers: 0,050, AvoidOOMGCWorkers: 0,897, LastGCWorkers: 1,000, GCWorkers: 0,897
[73,382s][debug][gc,director    ] Rule: Allocation Rate (Dynamic GC Workers), MaxAllocRate: 4578,3MB/s (+/-7,8%), Free: 2830MB, GCCPUTime: 0,516, GCDuration: 0,516s, TimeUntilOOM: 0,573s, TimeUntilGC: -0,042s, GCWorkers: 1 -> 1
[73,382s][debug][gc,heap        ] GC(25) Heap before GC invocations=25 (full 25):
[73,382s][debug][gc,heap        ] GC(25)  ZHeap           used 9418M, capacity 11782M, max capacity 12288M
[73,382s][debug][gc,heap        ] GC(25)  Metaspace       used 31692K, committed 32064K, reserved 1114112K
[73,382s][debug][gc,heap        ] GC(25)   class space    used 3443K, committed 3648K, reserved 1048576K
[73,382s][info ][gc,start       ] GC(25) Garbage Collection (Allocation Rate)
[73,382s][info ][gc,task        ] GC(25) Using 1 workers
[73,382s][debug][gc,phases,start] GC(25) Pause Mark Start
[73,382s][debug][gc,marking     ] GC(25) Using 1 mark stripes
[73,382s][debug][gc,marking     ] GC(25) Mark Worker/Stripe Distribution
[73,382s][debug][gc,marking     ] GC(25)   Worker 0(1) -> Stripe 0(1)
[73,382s][info ][gc,phases      ] GC(25) Pause Mark Start 0,043ms
[73,382s][debug][gc,phases,start] GC(25) Concurrent Mark
[73,382s][debug][gc,task        ] GC(25) Executing Task: XMarkRootsTask, Active Workers: 1
[73,384s][debug][gc,tlab        ] GC(25) TLAB totals: thrds: 24  refills: 34109 max: 17632 slow allocs: 7241 max 510 waste:  1,9% gc: 2193280B max: 261608B slow: 162508384B max: 25738880B
[73,384s][debug][gc,task        ] GC(25) Executing Task: XMarkTask, Active Workers: 1
[73,417s][debug][gc,marking     ] Expanding mark stack space: 32M->64M
[73,446s][debug][gc,marking     ] Expanding mark stack space: 64M->96M
[73,481s][debug][gc,alloc       ] Allocation Rate: 4110,0MB/s, Predicted: 3611,2MB/s, Avg: 3704,8(+/-309,5)MB/s
[73,581s][debug][gc,alloc       ] Allocation Rate: 3166,0MB/s, Predicted: 3526,1MB/s, Avg: 3602,0(+/-300,6)MB/s
[73,682s][debug][gc,alloc       ] Allocation Rate: 3292,0MB/s, Predicted: 3437,9MB/s, Avg: 3557,6(+/-310,1)MB/s
[73,724s][info ][gc,phases      ] GC(25) Concurrent Mark 341,610ms
[73,724s][debug][gc,phases,start] GC(25) Pause Mark End
[73,724s][info ][gc,phases      ] GC(25) Pause Mark End 0,031ms
[73,724s][debug][gc,phases,start] GC(25) Concurrent Mark Free
[73,724s][info ][gc,phases      ] GC(25) Concurrent Mark Free 0,008ms
[73,724s][debug][gc,phases,start] GC(25) Concurrent Process Non-Strong References
[73,724s][debug][gc,phases,start] GC(25) Concurrent References Process
[73,724s][debug][gc,task        ] GC(25) Executing Task: XReferenceProcessorTask, Active Workers: 1
[73,726s][debug][gc,phases      ] GC(25) Concurrent References Process 2,227ms
[73,726s][debug][gc,task        ] GC(25) Executing Task: XProcessWeakRootsTask, Active Workers: 1
[73,727s][debug][gc,phases,start] GC(25) Concurrent Classes Unlink
[73,727s][debug][gc,phases,start] GC(25) ClassLoaderData
[73,727s][debug][gc,phases      ] GC(25) ClassLoaderData 0,023ms
[73,727s][debug][gc,phases,start] GC(25) Trigger cleanups
[73,727s][debug][gc,phases      ] GC(25) Trigger cleanups 0,015ms
[73,727s][debug][gc,task        ] GC(25) Executing Task: XNMethodUnlinkTask, Active Workers: 1
[73,731s][debug][gc,phases      ] GC(25) Concurrent Classes Unlink 3,709ms
[73,731s][debug][gc,phases,start] GC(25) Concurrent Classes Purge
[73,731s][debug][gc,nmethod     ] GC(25) Unregister NMethod: java.util.concurrent.ForkJoinPool.scan (0x000070b04411e210)
[73,731s][debug][gc,nmethod     ] GC(25) Unregister NMethod: it.unimi.dsi.fastutil.shorts.ShortArrayList$1.hasNext (0x000070b044168010)
[73,731s][debug][gc,nmethod     ] GC(25) Unregister NMethod: com.github.benmanes.caffeine.cache.BoundedLocalCache.evictFromWindow (0x000070b044035e10)
[73,731s][debug][gc,phases      ] GC(25) Concurrent Classes Purge 0,048ms
[73,731s][debug][gc,phases,start] GC(25) Concurrent References Enqueue
[73,731s][debug][gc,phases      ] GC(25) Concurrent References Enqueue 0,007ms
[73,731s][info ][gc,phases      ] GC(25) Concurrent Process Non-Strong References 6,882ms
[73,731s][debug][gc,phases,start] GC(25) Concurrent Reset Relocation Set
[73,731s][info ][gc,phases      ] GC(25) Concurrent Reset Relocation Set 0,068ms
[73,731s][debug][gc,phases,start] GC(25) Concurrent Select Relocation Set
[73,732s][debug][gc,task        ] GC(25) Executing Task: XRelocationSetInstallTask, Active Workers: 1
[73,733s][info ][gc,phases      ] GC(25) Concurrent Select Relocation Set 1,518ms
[73,733s][debug][gc,phases,start] GC(25) Pause Relocate Start
[73,733s][info ][gc,phases      ] GC(25) Pause Relocate Start 0,028ms
[73,733s][debug][gc,phases,start] GC(25) Concurrent Relocate
[73,733s][debug][gc,task        ] GC(25) Executing Task: XRelocateTask, Active Workers: 1
[73,738s][info ][gc,phases      ] GC(25) Concurrent Relocate 4,926ms
[73,738s][debug][gc,heap        ] GC(25) Heap after GC invocations=26 (full 26):
[73,738s][debug][gc,heap        ] GC(25)  ZHeap           used 1970M, capacity 11782M, max capacity 12288M
[73,738s][debug][gc,heap        ] GC(25)  Metaspace       used 31692K, committed 32064K, reserved 1114112K
[73,738s][debug][gc,heap        ] GC(25)   class space    used 3443K, committed 3648K, reserved 1048576K
[73,738s][info ][gc,load        ] GC(25) Load: 4,38/5,31/3,29
[73,738s][info ][gc,mmu         ] GC(25) MMU: 2ms/71,4%, 5ms/88,5%, 10ms/94,3%, 20ms/97,0%, 50ms/98,8%, 100ms/99,4%
[73,738s][info ][gc,marking     ] GC(25) Mark: 1 stripe(s), 2 proactive flush(es), 1 terminate flush(es), 0 completion(s), 0 continuation(s) 
[73,738s][info ][gc,marking     ] GC(25) Mark Stack Usage: 96M
[73,738s][info ][gc,nmethod     ] GC(25) NMethods: 4054 registered, 1331 unregistered
[73,738s][info ][gc,metaspace   ] GC(25) Metaspace: 30M used, 31M committed, 1088M reserved
[73,738s][info ][gc,ref         ] GC(25) Soft: 3931 encountered, 0 discovered, 0 enqueued
[73,738s][info ][gc,ref         ] GC(25) Weak: 1939 encountered, 130 discovered, 0 enqueued
[73,738s][info ][gc,ref         ] GC(25) Final: 10755 encountered, 10755 discovered, 10755 enqueued
[73,738s][info ][gc,ref         ] GC(25) Phantom: 577 encountered, 430 discovered, 175 enqueued
[73,738s][info ][gc,reloc       ] GC(25) Small Pages: 4693 / 9386M, Empty: 4138M, Relocated: 4M, In-Place: 0
[73,738s][info ][gc,reloc       ] GC(25) Medium Pages: 1 / 32M, Empty: 0M, Relocated: 0M, In-Place: 0
[73,738s][info ][gc,reloc       ] GC(25) Large Pages: 0 / 0M, Empty: 0M, Relocated: 0M, In-Place: 0
[73,738s][info ][gc,reloc       ] GC(25) Forwarding Usage: 1M
[73,738s][info ][gc,heap        ] GC(25) Min Capacity: 5120M(42%)
[73,738s][info ][gc,heap        ] GC(25) Max Capacity: 12288M(100%)
[73,738s][info ][gc,heap        ] GC(25) Soft Max Capacity: 12288M(100%)
[73,738s][info ][gc,heap        ] GC(25)                Mark Start          Mark End        Relocate Start      Relocate End           High               Low         
[73,738s][info ][gc,heap        ] GC(25)  Capacity:    11782M (96%)       11782M (96%)       11782M (96%)       11782M (96%)       11782M (96%)       11782M (96%)    
[73,738s][info ][gc,heap        ] GC(25)      Free:     2870M (23%)        1654M (13%)        5784M (47%)       10318M (84%)       10318M (84%)        1650M (13%)    
[73,738s][info ][gc,heap        ] GC(25)      Used:     9418M (77%)       10634M (87%)        6504M (53%)        1970M (16%)       10638M (87%)        1970M (16%)    
[73,738s][info ][gc,heap        ] GC(25)      Live:         -               537M (4%)          537M (4%)          537M (4%)             -                  -          
[73,738s][info ][gc,heap        ] GC(25) Allocated:         -              1216M (10%)        1224M (10%)        1235M (10%)            -                  -          
[73,738s][info ][gc,heap        ] GC(25)   Garbage:         -              8880M (72%)        4742M (39%)         196M (2%)             -                  -          
[73,738s][info ][gc,heap        ] GC(25) Reclaimed:         -                  -              4138M (34%)        8683M (71%)            -                  -          
[73,738s][info ][gc             ] GC(25) Garbage Collection (Allocation Rate) 9418M(77%)->1970M(16%)
[73,782s][debug][gc,alloc       ] Allocation Rate: 3276,0MB/s, Predicted: 3289,1MB/s, Avg: 3543,0(+/-319,5)MB/s
[73,782s][debug][gc,director    ] Select GC Workers (Normal), AvoidLongGCWorkers: 0,044, AvoidOOMGCWorkers: 0,216, LastGCWorkers: 1,000, GCWorkers: 0,216
[73,782s][debug][gc,director    ] Rule: Allocation Rate (Dynamic GC Workers), MaxAllocRate: 4594,2MB/s (+/-9,0%), Free: 10178MB, GCCPUTime: 0,447, GCDuration: 0,447s, TimeUntilOOM: 2,032s, TimeUntilGC: 1,486s, GCWorkers: 1 -> 1
[73,782s][debug][gc,director    ] Rule: High Usage, Free: 10178MB(82,8%)
[73,782s][debug][gc,director    ] Rule: Proactive, UsedUntilEnabled: 1130MB, TimeUntilEnabled: 299,956s
[73,882s][debug][gc,alloc       ] Allocation Rate: 3276,0MB/s, Predicted: 3152,7MB/s, Avg: 3527,4(+/-328,2)MB/s
[73,882s][debug][gc,director    ] Select GC Workers (Normal), AvoidLongGCWorkers: 0,044, AvoidOOMGCWorkers: 0,222, LastGCWorkers: 1,000, GCWorkers: 0,222
[73,882s][debug][gc,director    ] Rule: Allocation Rate (Dynamic GC Workers), MaxAllocRate: 4607,3MB/s (+/-9,3%), Free: 9956MB, GCCPUTime: 0,447, GCDuration: 0,447s, TimeUntilOOM: 1,977s, TimeUntilGC: 1,430s, GCWorkers: 1 -> 1
[73,882s][debug][gc,director    ] Rule: High Usage, Free: 9956MB(81,0%)
[73,882s][debug][gc,director    ] Rule: Proactive, UsedUntilEnabled: 908MB, TimeUntilEnabled: 299,856s
[73,982s][debug][gc,alloc       ] Allocation Rate: 3524,0MB/s, Predicted: 3244,3MB/s, Avg: 3492,2(+/-307,1)MB/s
[73,982s][debug][gc,director    ] Select GC Workers (Normal), AvoidLongGCWorkers: 0,044, AvoidOOMGCWorkers: 0,238, LastGCWorkers: 1,000, GCWorkers: 0,238
[73,982s][debug][gc,director    ] Rule: Allocation Rate (Dynamic GC Workers), MaxAllocRate: 4502,8MB/s (+/-8,8%), Free: 9034MB, GCCPUTime: 0,447, GCDuration: 0,447s, TimeUntilOOM: 1,844s, TimeUntilGC: 1,298s, GCWorkers: 1 -> 1
[73,982s][debug][gc,director    ] Rule: High Usage, Free: 9034MB(73,5%)
[73,982s][debug][gc,director    ] Rule: Proactive, AcceptableGCInterval: 4,746s, TimeSinceLastGC: 0,244s, TimeUntilGC: 4,502s
[74,081s][debug][gc,alloc       ] Allocation Rate: 3220,0MB/s, Predicted: 3280,9MB/s, Avg: 3410,4(+/-255,4)MB/s
[74,081s][debug][gc,director    ] Select GC Workers (Normal), AvoidLongGCWorkers: 0,044, AvoidOOMGCWorkers: 0,224, LastGCWorkers: 1,000, GCWorkers: 0,224
[74,081s][debug][gc,director    ] Rule: Allocation Rate (Dynamic GC Workers), MaxAllocRate: 4250,9MB/s (+/-7,5%), Free: 8952MB, GCCPUTime: 0,447, GCDuration: 0,447s, TimeUntilOOM: 1,959s, TimeUntilGC: 1,413s, GCWorkers: 1 -> 1
[74,081s][debug][gc,director    ] Rule: High Usage, Free: 8952MB(72,9%)
[74,081s][debug][gc,director    ] Rule: Proactive, AcceptableGCInterval: 4,746s, TimeSinceLastGC: 0,343s, TimeUntilGC: 4,403s
[74,181s][debug][gc,alloc       ] Allocation Rate: 3226,0MB/s, Predicted: 3194,3MB/s, Avg: 3396,8(+/-261,2)MB/s
[74,181s][debug][gc,director    ] Select GC Workers (Normal), AvoidLongGCWorkers: 0,044, AvoidOOMGCWorkers: 0,231, LastGCWorkers: 1,000, GCWorkers: 0,231
[74,181s][debug][gc,director    ] Rule: Allocation Rate (Dynamic GC Workers), MaxAllocRate: 4256,3MB/s (+/-7,7%), Free: 8728MB, GCCPUTime: 0,447, GCDuration: 0,447s, TimeUntilOOM: 1,904s, TimeUntilGC: 1,358s, GCWorkers: 1 -> 1
[74,181s][debug][gc,director    ] Rule: High Usage, Free: 8728MB(71,0%)
[74,181s][debug][gc,director    ] Rule: Proactive, AcceptableGCInterval: 4,746s, TimeSinceLastGC: 0,444s, TimeUntilGC: 4,303s
[74,282s][debug][gc,alloc       ] Allocation Rate: 3232,0MB/s, Predicted: 3140,9MB/s, Avg: 3375,6(+/-265,1)MB/s
[74,282s][debug][gc,director    ] Select GC Workers (Normal), AvoidLongGCWorkers: 0,044, AvoidOOMGCWorkers: 0,237, LastGCWorkers: 1,000, GCWorkers: 0,237
[74,282s][debug][gc,director    ] Rule: Allocation Rate (Dynamic GC Workers), MaxAllocRate: 4247,9MB/s (+/-7,9%), Free: 8504MB, GCCPUTime: 0,447, GCDuration: 0,447s, TimeUntilOOM: 1,856s, TimeUntilGC: 1,310s, GCWorkers: 1 -> 1
[74,282s][debug][gc,director    ] Rule: High Usage, Free: 8504MB(69,2%)
[74,282s][debug][gc,director    ] Rule: Proactive, AcceptableGCInterval: 4,746s, TimeSinceLastGC: 0,544s, TimeUntilGC: 4,203s
[74,383s][debug][gc,alloc       ] Allocation Rate: 3686,0MB/s, Predicted: 3280,7MB/s, Avg: 3400,8(+/-281,0)MB/s
[74,383s][debug][gc,director    ] Select GC Workers (Normal), AvoidLongGCWorkers: 0,044, AvoidOOMGCWorkers: 0,263, LastGCWorkers: 1,000, GCWorkers: 0,263
[74,383s][debug][gc,director    ] Rule: Allocation Rate (Dynamic GC Workers), MaxAllocRate: 4325,3MB/s (+/-8,3%), Free: 7820MB, GCCPUTime: 0,447, GCDuration: 0,447s, TimeUntilOOM: 1,670s, TimeUntilGC: 1,123s, GCWorkers: 1 -> 1
[74,383s][debug][gc,director    ] Rule: High Usage, Free: 7818MB(63,6%)
[74,383s][debug][gc,director    ] Rule: Proactive, AcceptableGCInterval: 4,746s, TimeSinceLastGC: 0,646s, TimeUntilGC: 4,101s
[74,482s][debug][gc,alloc       ] Allocation Rate: 3152,0MB/s, Predicted: 3370,3MB/s, Avg: 3305,0(+/-160,2)MB/s
[74,482s][debug][gc,director    ] Select GC Workers (Normal), AvoidLongGCWorkers: 0,044, AvoidOOMGCWorkers: 0,241, LastGCWorkers: 1,000, GCWorkers: 0,241
[74,482s][debug][gc,director    ] Rule: Allocation Rate (Dynamic GC Workers), MaxAllocRate: 3897,3MB/s (+/-4,8%), Free: 7450MB, GCCPUTime: 0,447, GCDuration: 0,447s, TimeUntilOOM: 1,823s, TimeUntilGC: 1,277s, GCWorkers: 1 -> 1
[74,482s][debug][gc,director    ] Rule: High Usage, Free: 7450MB(60,6%)
[74,482s][debug][gc,director    ] Rule: Proactive, AcceptableGCInterval: 4,746s, TimeSinceLastGC: 0,744s, TimeUntilGC: 4,003s
[74,582s][debug][gc,alloc       ] Allocation Rate: 3332,0MB/s, Predicted: 3344,0MB/s, Avg: 3321,6(+/-153,3)MB/s
[74,582s][debug][gc,director    ] Select GC Workers (Normal), AvoidLongGCWorkers: 0,044, AvoidOOMGCWorkers: 0,244, LastGCWorkers: 1,000, GCWorkers: 0,244
[74,582s][debug][gc,director    ] Rule: Allocation Rate (Dynamic GC Workers), MaxAllocRate: 3848,6MB/s (+/-4,6%), Free: 7254MB, GCCPUTime: 0,447, GCDuration: 0,447s, TimeUntilOOM: 1,802s, TimeUntilGC: 1,255s, GCWorkers: 1 -> 1
[74,582s][debug][gc,director    ] Rule: High Usage, Free: 7254MB(59,0%)
[74,582s][debug][gc,director    ] Rule: Proactive, AcceptableGCInterval: 4,746s, TimeSinceLastGC: 0,844s, TimeUntilGC: 3,903s
[74,682s][debug][gc,alloc       ] Allocation Rate: 3352,0MB/s, Predicted: 3348,3MB/s, Avg: 3327,6(+/-153,2)MB/s
[74,682s][debug][gc,director    ] Select GC Workers (Normal), AvoidLongGCWorkers: 0,044, AvoidOOMGCWorkers: 0,252, LastGCWorkers: 1,000, GCWorkers: 0,252
[74,682s][debug][gc,director    ] Rule: Allocation Rate (Dynamic GC Workers), MaxAllocRate: 3852,5MB/s (+/-4,6%), Free: 7036MB, GCCPUTime: 0,447, GCDuration: 0,447s, TimeUntilOOM: 1,746s, TimeUntilGC: 1,199s, GCWorkers: 1 -> 1
[74,682s][debug][gc,director    ] Rule: High Usage, Free: 7036MB(57,3%)
[74,682s][debug][gc,director    ] Rule: Proactive, AcceptableGCInterval: 4,746s, TimeSinceLastGC: 0,944s, TimeUntilGC: 3,802s
[74,782s][debug][gc,alloc       ] Allocation Rate: 3364,0MB/s, Predicted: 3349,1MB/s, Avg: 3336,4(+/-152,6)MB/s
[74,782s][debug][gc,director    ] Select GC Workers (Normal), AvoidLongGCWorkers: 0,044, AvoidOOMGCWorkers: 0,260, LastGCWorkers: 1,000, GCWorkers: 0,260
[74,782s][debug][gc,director    ] Rule: Allocation Rate (Dynamic GC Workers), MaxAllocRate: 3851,0MB/s (+/-4,6%), Free: 6814MB, GCCPUTime: 0,447, GCDuration: 0,447s, TimeUntilOOM: 1,692s, TimeUntilGC: 1,145s, GCWorkers: 1 -> 1
[74,782s][debug][gc,director    ] Rule: High Usage, Free: 6814MB(55,5%)
[74,782s][debug][gc,director    ] Rule: Proactive, AcceptableGCInterval: 4,746s, TimeSinceLastGC: 1,044s, TimeUntilGC: 3,702s
[74,881s][debug][gc,alloc       ] Allocation Rate: 4058,0MB/s, Predicted: 3621,6MB/s, Avg: 3414,6(+/-262,4)MB/s
[74,881s][debug][gc,director    ] Select GC Workers (Normal), AvoidLongGCWorkers: 0,044, AvoidOOMGCWorkers: 0,361, LastGCWorkers: 1,000, GCWorkers: 0,361
[74,881s][debug][gc,director    ] Rule: Allocation Rate (Dynamic GC Workers), MaxAllocRate: 4485,1MB/s (+/-7,7%), Free: 5898MB, GCCPUTime: 0,447, GCDuration: 0,447s, TimeUntilOOM: 1,221s, TimeUntilGC: 0,675s, GCWorkers: 1 -> 1
[74,881s][debug][gc,director    ] Rule: High Usage, Free: 5898MB(48,0%)
[74,881s][debug][gc,director    ] Rule: Proactive, AcceptableGCInterval: 4,746s, TimeSinceLastGC: 1,143s, TimeUntilGC: 3,603s
[74,981s][debug][gc,alloc       ] Allocation Rate: 3234,0MB/s, Predicted: 3578,5MB/s, Avg: 3385,6(+/-264,7)MB/s
[74,981s][debug][gc,director    ] Select GC Workers (Normal), AvoidLongGCWorkers: 0,044, AvoidOOMGCWorkers: 0,364, LastGCWorkers: 1,000, GCWorkers: 0,364
[74,981s][debug][gc,director    ] Rule: Allocation Rate (Dynamic GC Workers), MaxAllocRate: 4449,7MB/s (+/-7,8%), Free: 5800MB, GCCPUTime: 0,447, GCDuration: 0,447s, TimeUntilOOM: 1,209s, TimeUntilGC: 0,662s, GCWorkers: 1 -> 1
[74,981s][debug][gc,director    ] Rule: High Usage, Free: 5800MB(47,2%)
[74,981s][debug][gc,director    ] Rule: Proactive, AcceptableGCInterval: 4,746s, TimeSinceLastGC: 1,244s, TimeUntilGC: 3,503s
[75,082s][debug][gc,alloc       ] Allocation Rate: 3334,0MB/s, Predicted: 3513,7MB/s, Avg: 3397,0(+/-259,8)MB/s
[75,082s][debug][gc,director    ] Select GC Workers (Normal), AvoidLongGCWorkers: 0,044, AvoidOOMGCWorkers: 0,369, LastGCWorkers: 1,000, GCWorkers: 0,369
[75,082s][debug][gc,director    ] Rule: Allocation Rate (Dynamic GC Workers), MaxAllocRate: 4368,5MB/s (+/-7,6%), Free: 5618MB, GCCPUTime: 0,447, GCDuration: 0,447s, TimeUntilOOM: 1,195s, TimeUntilGC: 0,648s, GCWorkers: 1 -> 1
[75,082s][debug][gc,director    ] Rule: High Usage, Free: 5618MB(45,7%)
[75,082s][debug][gc,director    ] Rule: Proactive, AcceptableGCInterval: 4,746s, TimeSinceLastGC: 1,344s, TimeUntilGC: 3,403s
[75,182s][debug][gc,alloc       ] Allocation Rate: 3322,0MB/s, Predicted: 3438,1MB/s, Avg: 3406,6(+/-255,0)MB/s
[75,182s][debug][gc,director    ] Select GC Workers (Normal), AvoidLongGCWorkers: 0,044, AvoidOOMGCWorkers: 0,375, LastGCWorkers: 1,000, GCWorkers: 0,375
[75,182s][debug][gc,director    ] Rule: Allocation Rate (Dynamic GC Workers), MaxAllocRate: 4277,2MB/s (+/-7,5%), Free: 5408MB, GCCPUTime: 0,447, GCDuration: 0,447s, TimeUntilOOM: 1,176s, TimeUntilGC: 0,630s, GCWorkers: 1 -> 1
[75,182s][debug][gc,director    ] Rule: High Usage, Free: 5408MB(44,0%)
[75,182s][debug][gc,director    ] Rule: Proactive, AcceptableGCInterval: 4,746s, TimeSinceLastGC: 1,444s, TimeUntilGC: 3,303s
[75,282s][debug][gc,alloc       ] Allocation Rate: 3288,0MB/s, Predicted: 3344,1MB/s, Avg: 3412,2(+/-251,7)MB/s
[75,282s][debug][gc,director    ] Select GC Workers (Normal), AvoidLongGCWorkers: 0,044, AvoidOOMGCWorkers: 0,385, LastGCWorkers: 1,000, GCWorkers: 0,385
[75,282s][debug][gc,director    ] Rule: Allocation Rate (Dynamic GC Workers), MaxAllocRate: 4240,4MB/s (+/-7,4%), Free: 5216MB, GCCPUTime: 0,447, GCDuration: 0,447s, TimeUntilOOM: 1,146s, TimeUntilGC: 0,599s, GCWorkers: 1 -> 1
[75,282s][debug][gc,director    ] Rule: High Usage, Free: 5216MB(42,4%)
[75,282s][debug][gc,director    ] Rule: Proactive, AcceptableGCInterval: 4,746s, TimeSinceLastGC: 1,544s, TimeUntilGC: 3,202s
[75,382s][debug][gc,alloc       ] Allocation Rate: 3504,0MB/s, Predicted: 3453,9MB/s, Avg: 3394,0(+/-237,4)MB/s
[75,382s][debug][gc,director    ] Select GC Workers (Normal), AvoidLongGCWorkers: 0,044, AvoidOOMGCWorkers: 0,463, LastGCWorkers: 1,000, GCWorkers: 0,463
[75,382s][debug][gc,director    ] Rule: Allocation Rate (Dynamic GC Workers), MaxAllocRate: 4235,1MB/s (+/-7,0%), Free: 4324MB, GCCPUTime: 0,447, GCDuration: 0,447s, TimeUntilOOM: 0,954s, TimeUntilGC: 0,408s, GCWorkers: 1 -> 1
[75,382s][debug][gc,director    ] Rule: High Usage, Free: 4324MB(35,2%)
[75,382s][debug][gc,director    ] Rule: Proactive, AcceptableGCInterval: 4,746s, TimeSinceLastGC: 1,644s, TimeUntilGC: 3,102s
[75,481s][debug][gc,alloc       ] Allocation Rate: 3254,0MB/s, Predicted: 3333,3MB/s, Avg: 3404,2(+/-228,8)MB/s
[75,481s][debug][gc,director    ] Select GC Workers (Normal), AvoidLongGCWorkers: 0,044, AvoidOOMGCWorkers: 0,467, LastGCWorkers: 1,000, GCWorkers: 0,467
[75,481s][debug][gc,director    ] Rule: Allocation Rate (Dynamic GC Workers), MaxAllocRate: 4157,2MB/s (+/-6,7%), Free: 4196MB, GCCPUTime: 0,447, GCDuration: 0,447s, TimeUntilOOM: 0,946s, TimeUntilGC: 0,399s, GCWorkers: 1 -> 1
[75,481s][debug][gc,director    ] Rule: High Usage, Free: 4196MB(34,1%)
[75,481s][debug][gc,director    ] Rule: Proactive, AcceptableGCInterval: 4,746s, TimeSinceLastGC: 1,743s, TimeUntilGC: 3,003s
[75,581s][debug][gc,alloc       ] Allocation Rate: 3270,0MB/s, Predicted: 3260,4MB/s, Avg: 3398,0(+/-231,5)MB/s
[75,581s][debug][gc,director    ] Select GC Workers (Normal), AvoidLongGCWorkers: 0,044, AvoidOOMGCWorkers: 0,493, LastGCWorkers: 1,000, GCWorkers: 0,493
[75,581s][debug][gc,director    ] Rule: Allocation Rate (Dynamic GC Workers), MaxAllocRate: 4159,9MB/s (+/-6,8%), Free: 3984MB, GCCPUTime: 0,447, GCDuration: 0,447s, TimeUntilOOM: 0,897s, TimeUntilGC: 0,350s, GCWorkers: 1 -> 1
[75,581s][debug][gc,director    ] Rule: High Usage, Free: 3984MB(32,4%)
[75,582s][debug][gc,director    ] Rule: Proactive, AcceptableGCInterval: 4,746s, TimeSinceLastGC: 1,844s, TimeUntilGC: 2,903s
[75,682s][debug][gc,alloc       ] Allocation Rate: 3264,0MB/s, Predicted: 3194,5MB/s, Avg: 3389,2(+/-234,8)MB/s
[75,682s][debug][gc,director    ] Select GC Workers (Normal), AvoidLongGCWorkers: 0,044, AvoidOOMGCWorkers: 0,522, LastGCWorkers: 1,000, GCWorkers: 0,522
[75,682s][debug][gc,director    ] Rule: Allocation Rate (Dynamic GC Workers), MaxAllocRate: 4161,7MB/s (+/-6,9%), Free: 3772MB, GCCPUTime: 0,447, GCDuration: 0,447s, TimeUntilOOM: 0,848s, TimeUntilGC: 0,301s, GCWorkers: 1 -> 1
[75,682s][debug][gc,director    ] Rule: High Usage, Free: 3772MB(30,7%)
[75,682s][debug][gc,director    ] Rule: Proactive, AcceptableGCInterval: 4,746s, TimeSinceLastGC: 1,944s, TimeUntilGC: 2,803s
[75,782s][debug][gc,alloc       ] Allocation Rate: 3868,0MB/s, Predicted: 3379,3MB/s, Avg: 3439,6(+/-274,7)MB/s
[75,782s][debug][gc,director    ] Select GC Workers (Normal), AvoidLongGCWorkers: 0,044, AvoidOOMGCWorkers: 0,708, LastGCWorkers: 1,000, GCWorkers: 0,708
[75,782s][debug][gc,director    ] Rule: Allocation Rate (Dynamic GC Workers), MaxAllocRate: 4343,4MB/s (+/-8,0%), Free: 2942MB, GCCPUTime: 0,447, GCDuration: 0,447s, TimeUntilOOM: 0,627s, TimeUntilGC: 0,081s, GCWorkers: 1 -> 1
[75,782s][debug][gc,director    ] Rule: High Usage, Free: 2942MB(23,9%)
[75,782s][debug][gc,director    ] Rule: Proactive, AcceptableGCInterval: 4,746s, TimeSinceLastGC: 2,044s, TimeUntilGC: 2,702s
[75,881s][debug][gc,alloc       ] Allocation Rate: 3152,0MB/s, Predicted: 3429,2MB/s, Avg: 3349,0(+/-193,0)MB/s
[75,881s][debug][gc,director    ] Select GC Workers (Normal), AvoidLongGCWorkers: 0,044, AvoidOOMGCWorkers: 0,695, LastGCWorkers: 1,000, GCWorkers: 0,695
[75,881s][debug][gc,director    ] Rule: Allocation Rate (Dynamic GC Workers), MaxAllocRate: 4064,4MB/s (+/-5,8%), Free: 2746MB, GCCPUTime: 0,447, GCDuration: 0,447s, TimeUntilOOM: 0,639s, TimeUntilGC: 0,092s, GCWorkers: 1 -> 1
[75,881s][debug][gc,director    ] Rule: High Usage, Free: 2746MB(22,3%)
[75,881s][debug][gc,director    ] Rule: Proactive, AcceptableGCInterval: 4,746s, TimeSinceLastGC: 2,143s, TimeUntilGC: 2,603s
[75,981s][debug][gc,alloc       ] Allocation Rate: 3270,0MB/s, Predicted: 3366,9MB/s, Avg: 3352,6(+/-191,2)MB/s
[75,981s][debug][gc,director    ] Select GC Workers (Normal), AvoidLongGCWorkers: 0,044, AvoidOOMGCWorkers: 0,741, LastGCWorkers: 1,000, GCWorkers: 0,741
[75,981s][debug][gc,director    ] Rule: Allocation Rate (Dynamic GC Workers), MaxAllocRate: 3996,0MB/s (+/-5,7%), Free: 2530MB, GCCPUTime: 0,447, GCDuration: 0,447s, TimeUntilOOM: 0,599s, TimeUntilGC: 0,052s, GCWorkers: 1 -> 1
[75,981s][debug][gc,director    ] Rule: High Usage, Free: 2530MB(20,6%)
[75,981s][debug][gc,director    ] Rule: Proactive, AcceptableGCInterval: 4,746s, TimeSinceLastGC: 2,244s, TimeUntilGC: 2,503s
[76,081s][debug][gc,alloc       ] Allocation Rate: 3298,0MB/s, Predicted: 3340,1MB/s, Avg: 3349,0(+/-191,8)MB/s
[76,082s][debug][gc,director    ] Select GC Workers (Normal), AvoidLongGCWorkers: 0,044, AvoidOOMGCWorkers: 0,807, LastGCWorkers: 1,000, GCWorkers: 0,807
[76,082s][debug][gc,director    ] Rule: Allocation Rate (Dynamic GC Workers), MaxAllocRate: 3980,2MB/s (+/-5,7%), Free: 2320MB, GCCPUTime: 0,447, GCDuration: 0,447s, TimeUntilOOM: 0,551s, TimeUntilGC: 0,005s, GCWorkers: 1 -> 1
[76,082s][debug][gc,director    ] Rule: High Usage, Free: 2320MB(18,9%)
[76,082s][debug][gc,director    ] Rule: Proactive, AcceptableGCInterval: 4,746s, TimeSinceLastGC: 2,344s, TimeUntilGC: 2,403s
[76,182s][debug][gc,alloc       ] Allocation Rate: 3292,0MB/s, Predicted: 3310,1MB/s, Avg: 3346,0(+/-192,5)MB/s
[76,182s][debug][gc,director    ] Select GC Workers (Normal), AvoidLongGCWorkers: 0,044, AvoidOOMGCWorkers: 0,886, LastGCWorkers: 1,000, GCWorkers: 0,886
[76,182s][debug][gc,director    ] Rule: Allocation Rate (Dynamic GC Workers), MaxAllocRate: 3979,3MB/s (+/-5,8%), Free: 2116MB, GCCPUTime: 0,447, GCDuration: 0,447s, TimeUntilOOM: 0,503s, TimeUntilGC: -0,044s, GCWorkers: 1 -> 1
[76,182s][debug][gc,heap        ] GC(26) Heap before GC invocations=26 (full 26):
[76,182s][debug][gc,heap        ] GC(26)  ZHeap           used 10130M, capacity 11782M, max capacity 12288M
[76,182s][debug][gc,heap        ] GC(26)  Metaspace       used 31733K, committed 32128K, reserved 1114112K
[76,182s][debug][gc,heap        ] GC(26)   class space    used 3448K, committed 3648K, reserved 1048576K
[76,182s][info ][gc,start       ] GC(26) Garbage Collection (Allocation Rate)
[76,182s][info ][gc,task        ] GC(26) Using 1 workers
[76,182s][debug][gc,phases,start] GC(26) Pause Mark Start
[76,182s][debug][gc,marking     ] GC(26) Using 1 mark stripes
[76,182s][debug][gc,marking     ] GC(26) Mark Worker/Stripe Distribution
[76,182s][debug][gc,marking     ] GC(26)   Worker 0(1) -> Stripe 0(1)
[76,182s][info ][gc,phases      ] GC(26) Pause Mark Start 0,032ms
[76,182s][debug][gc,phases,start] GC(26) Concurrent Mark
[76,182s][debug][gc,task        ] GC(26) Executing Task: XMarkRootsTask, Active Workers: 1
[76,183s][debug][gc,tlab        ] GC(26) TLAB totals: thrds: 25  refills: 37024 max: 17684 slow allocs: 8470 max 559 waste:  2,1% gc: 3587888B max: 262048B slow: 187797504B max: 27336632B
[76,183s][debug][gc,task        ] GC(26) Executing Task: XMarkTask, Active Workers: 1
[76,282s][debug][gc,alloc       ] Allocation Rate: 4034,0MB/s, Predicted: 3569,9MB/s, Avg: 3420,6(+/-280,1)MB/s
[76,382s][debug][gc,alloc       ] Allocation Rate: 3162,0MB/s, Predicted: 3488,7MB/s, Avg: 3386,4(+/-288,6)MB/s
[76,474s][info ][gc,phases      ] GC(26) Concurrent Mark 292,308ms
[76,474s][debug][gc,phases,start] GC(26) Pause Mark End
[76,474s][info ][gc,phases      ] GC(26) Pause Mark End 0,026ms
[76,474s][debug][gc,phases,start] GC(26) Concurrent Mark Free
[76,474s][debug][gc,marking     ] GC(26) Shrinking mark stack space: 96M->64M
[76,475s][info ][gc,phases      ] GC(26) Concurrent Mark Free 0,159ms
[76,475s][debug][gc,phases,start] GC(26) Concurrent Process Non-Strong References
[76,475s][debug][gc,phases,start] GC(26) Concurrent References Process
[76,475s][debug][gc,task        ] GC(26) Executing Task: XReferenceProcessorTask, Active Workers: 1
[76,477s][debug][gc,phases      ] GC(26) Concurrent References Process 2,576ms
[76,477s][debug][gc,task        ] GC(26) Executing Task: XProcessWeakRootsTask, Active Workers: 1
[76,478s][debug][gc,phases,start] GC(26) Concurrent Classes Unlink
[76,478s][debug][gc,phases,start] GC(26) ClassLoaderData
[76,478s][debug][gc,phases      ] GC(26) ClassLoaderData 0,027ms
[76,478s][debug][gc,phases,start] GC(26) Trigger cleanups
[76,478s][debug][gc,phases      ] GC(26) Trigger cleanups 0,005ms
[76,478s][debug][gc,task        ] GC(26) Executing Task: XNMethodUnlinkTask, Active Workers: 1
[76,482s][debug][gc,alloc       ] Allocation Rate: 3250,0MB/s, Predicted: 3398,8MB/s, Avg: 3386,0(+/-288,8)MB/s
[76,483s][debug][gc,phases      ] GC(26) Concurrent Classes Unlink 5,028ms
[76,483s][debug][gc,phases,start] GC(26) Concurrent Classes Purge
[76,483s][debug][gc,nmethod     ] GC(26) Unregister NMethod: com.google.common.collect.ForwardingObject.<init> (0x000070b043f2b790)
[76,483s][debug][gc,nmethod     ] GC(26) Unregister NMethod: java.lang.Class.getSimpleName (0x000070b0635f9010)
[76,483s][debug][gc,nmethod     ] GC(26) Unregister NMethod: com.github.benmanes.caffeine.cache.PSMW.getNextInAccessOrder (0x000070b04416ab10)
[76,483s][debug][gc,nmethod     ] GC(26) Unregister NMethod: com.github.benmanes.caffeine.cache.BoundedLocalCache.maintenance (0x000070b044231010)
[76,483s][debug][gc,nmethod     ] GC(26) Unregister NMethod: com.github.benmanes.caffeine.cache.BoundedLocalCache.drainReadBuffer (0x000070b04422c090)
[76,483s][debug][gc,nmethod     ] GC(26) Unregister NMethod: com.github.benmanes.caffeine.cache.BoundedLocalCache.afterRead (0x000070b0440bbe10)
[76,483s][debug][gc,nmethod     ] GC(26) Unregister NMethod: io.sirix.axis.pathsummary.LevelOrderSettingInMemoryInstancesAxis.getFirstChild (0x000070b043d1ae90)
[76,483s][debug][gc,nmethod     ] GC(26) Unregister NMethod: java.util.concurrent.ForkJoinPool.signalWork (0x000070b0638d3b10)
[76,483s][debug][gc,phases      ] GC(26) Concurrent Classes Purge 0,081ms
[76,483s][debug][gc,phases,start] GC(26) Concurrent References Enqueue
[76,483s][debug][gc,phases      ] GC(26) Concurrent References Enqueue 0,008ms
[76,483s][info ][gc,phases      ] GC(26) Concurrent Process Non-Strong References 8,737ms
[76,483s][debug][gc,phases,start] GC(26) Concurrent Reset Relocation Set
[76,483s][info ][gc,phases      ] GC(26) Concurrent Reset Relocation Set 0,059ms
[76,483s][debug][gc,phases,start] GC(26) Concurrent Select Relocation Set
[76,485s][debug][gc,task        ] GC(26) Executing Task: XRelocationSetInstallTask, Active Workers: 1
[76,485s][info ][gc,phases      ] GC(26) Concurrent Select Relocation Set 1,548ms
[76,485s][debug][gc,phases,start] GC(26) Pause Relocate Start
[76,485s][info ][gc,phases      ] GC(26) Pause Relocate Start 0,022ms
[76,485s][debug][gc,phases,start] GC(26) Concurrent Relocate
[76,485s][debug][gc,task        ] GC(26) Executing Task: XRelocateTask, Active Workers: 1
[76,492s][info ][gc,phases      ] GC(26) Concurrent Relocate 6,362ms
[76,492s][debug][gc,heap        ] GC(26) Heap after GC invocations=27 (full 27):
[76,492s][debug][gc,heap        ] GC(26)  ZHeap           used 1900M, capacity 11782M, max capacity 12288M
[76,492s][debug][gc,heap        ] GC(26)  Metaspace       used 31746K, committed 32128K, reserved 1114112K
[76,492s][debug][gc,heap        ] GC(26)   class space    used 3448K, committed 3648K, reserved 1048576K
[76,492s][info ][gc,load        ] GC(26) Load: 4,38/5,31/3,29
[76,492s][info ][gc,mmu         ] GC(26) MMU: 2ms/71,4%, 5ms/88,5%, 10ms/94,3%, 20ms/97,0%, 50ms/98,8%, 100ms/99,4%
[76,492s][info ][gc,marking     ] GC(26) Mark: 1 stripe(s), 2 proactive flush(es), 1 terminate flush(es), 0 completion(s), 0 continuation(s) 
[76,492s][info ][gc,marking     ] GC(26) Mark Stack Usage: 64M
[76,492s][info ][gc,nmethod     ] GC(26) NMethods: 4094 registered, 1339 unregistered
[76,492s][info ][gc,metaspace   ] GC(26) Metaspace: 31M used, 31M committed, 1088M reserved
[76,492s][info ][gc,ref         ] GC(26) Soft: 3937 encountered, 0 discovered, 0 enqueued
[76,492s][info ][gc,ref         ] GC(26) Weak: 1972 encountered, 141 discovered, 13 enqueued
[76,492s][info ][gc,ref         ] GC(26) Final: 12529 encountered, 12529 discovered, 12529 enqueued
[76,492s][info ][gc,ref         ] GC(26) Phantom: 577 encountered, 430 discovered, 175 enqueued
[76,492s][info ][gc,reloc       ] GC(26) Small Pages: 5049 / 10098M, Empty: 4136M, Relocated: 4M, In-Place: 0
[76,492s][info ][gc,reloc       ] GC(26) Medium Pages: 1 / 32M, Empty: 0M, Relocated: 0M, In-Place: 0
[76,492s][info ][gc,reloc       ] GC(26) Large Pages: 0 / 0M, Empty: 0M, Relocated: 0M, In-Place: 0
[76,492s][info ][gc,reloc       ] GC(26) Forwarding Usage: 2M
[76,492s][info ][gc,heap        ] GC(26) Min Capacity: 5120M(42%)
[76,492s][info ][gc,heap        ] GC(26) Max Capacity: 12288M(100%)
[76,492s][info ][gc,heap        ] GC(26) Soft Max Capacity: 12288M(100%)
[76,492s][info ][gc,heap        ] GC(26)                Mark Start          Mark End        Relocate Start      Relocate End           High               Low         
[76,492s][info ][gc,heap        ] GC(26)  Capacity:    11782M (96%)       11782M (96%)       11782M (96%)       11782M (96%)       11782M (96%)       11782M (96%)    
[76,492s][info ][gc,heap        ] GC(26)      Free:     2158M (18%)        1004M (8%)         5118M (42%)       10388M (85%)       10390M (85%)         986M (8%)     
[76,492s][info ][gc,heap        ] GC(26)      Used:    10130M (82%)       11284M (92%)        7170M (58%)        1900M (15%)       11302M (92%)        1898M (15%)    
[76,492s][info ][gc,heap        ] GC(26)      Live:         -               516M (4%)          516M (4%)          516M (4%)             -                  -          
[76,492s][info ][gc,heap        ] GC(26) Allocated:         -              1154M (9%)         1176M (10%)        1193M (10%)            -                  -          
[76,492s][info ][gc,heap        ] GC(26)   Garbage:         -              9613M (78%)        5477M (45%)         189M (2%)             -                  -          
[76,492s][info ][gc,heap        ] GC(26) Reclaimed:         -                  -              4136M (34%)        9423M (77%)            -                  -          
[76,492s][info ][gc             ] GC(26) Garbage Collection (Allocation Rate) 10130M(82%)->1900M(15%)
[76,581s][debug][gc,alloc       ] Allocation Rate: 3256,0MB/s, Predicted: 3315,9MB/s, Avg: 3384,6(+/-289,4)MB/s
[76,581s][debug][gc,director    ] Select GC Workers (Normal), AvoidLongGCWorkers: 0,041, AvoidOOMGCWorkers: 0,192, LastGCWorkers: 1,000, GCWorkers: 0,192
[76,581s][debug][gc,director    ] Rule: Allocation Rate (Dynamic GC Workers), MaxAllocRate: 4336,8MB/s (+/-8,6%), Free: 10152MB, GCCPUTime: 0,419, GCDuration: 0,419s, TimeUntilOOM: 2,156s, TimeUntilGC: 1,637s, GCWorkers: 1 -> 1
[76,581s][debug][gc,director    ] Rule: High Usage, Free: 10152MB(82,6%)
[76,581s][debug][gc,director    ] Rule: Proactive, UsedUntilEnabled: 1034MB, TimeUntilEnabled: 299,910s
[76,681s][debug][gc,alloc       ] Allocation Rate: 3258,0MB/s, Predicted: 3233,1MB/s, Avg: 3384,0(+/-289,6)MB/s
[76,681s][debug][gc,director    ] Select GC Workers (Normal), AvoidLongGCWorkers: 0,041, AvoidOOMGCWorkers: 0,196, LastGCWorkers: 1,000, GCWorkers: 0,196
[76,681s][debug][gc,director    ] Rule: Allocation Rate (Dynamic GC Workers), MaxAllocRate: 4337,1MB/s (+/-8,6%), Free: 9938MB, GCCPUTime: 0,419, GCDuration: 0,419s, TimeUntilOOM: 2,111s, TimeUntilGC: 1,592s, GCWorkers: 1 -> 1
[76,681s][debug][gc,director    ] Rule: High Usage, Free: 9938MB(80,9%)
[76,681s][debug][gc,director    ] Rule: Proactive, UsedUntilEnabled: 820MB, TimeUntilEnabled: 299,810s
[76,781s][debug][gc,alloc       ] Allocation Rate: 3342,0MB/s, Predicted: 3345,3MB/s, Avg: 3331,4(+/-240,6)MB/s
[76,781s][debug][gc,director    ] Select GC Workers (Normal), AvoidLongGCWorkers: 0,041, AvoidOOMGCWorkers: 0,203, LastGCWorkers: 1,000, GCWorkers: 0,203
[76,781s][debug][gc,director    ] Rule: Allocation Rate (Dynamic GC Workers), MaxAllocRate: 4137,0MB/s (+/-7,2%), Free: 9030MB, GCCPUTime: 0,419, GCDuration: 0,419s, TimeUntilOOM: 2,036s, TimeUntilGC: 1,517s, GCWorkers: 1 -> 1
[76,781s][debug][gc,director    ] Rule: High Usage, Free: 9030MB(73,5%)
[76,782s][debug][gc,director    ] Rule: Proactive, AcceptableGCInterval: 4,355s, TimeSinceLastGC: 0,290s, TimeUntilGC: 4,065s
[76,882s][debug][gc,alloc       ] Allocation Rate: 3238,0MB/s, Predicted: 3260,1MB/s, Avg: 3340,0(+/-235,5)MB/s
[76,882s][debug][gc,director    ] Select GC Workers (Normal), AvoidLongGCWorkers: 0,041, AvoidOOMGCWorkers: 0,204, LastGCWorkers: 1,000, GCWorkers: 0,204
[76,882s][debug][gc,director    ] Rule: Allocation Rate (Dynamic GC Workers), MaxAllocRate: 4114,9MB/s (+/-7,1%), Free: 8932MB, GCCPUTime: 0,419, GCDuration: 0,419s, TimeUntilOOM: 2,028s, TimeUntilGC: 1,509s, GCWorkers: 1 -> 1
[76,882s][debug][gc,director    ] Rule: High Usage, Free: 8932MB(72,7%)
[76,882s][debug][gc,director    ] Rule: Proactive, AcceptableGCInterval: 4,355s, TimeSinceLastGC: 0,390s, TimeUntilGC: 3,965s
[76,982s][debug][gc,alloc       ] Allocation Rate: 3244,0MB/s, Predicted: 3203,1MB/s, Avg: 3337,4(+/-236,4)MB/s
[76,982s][debug][gc,director    ] Select GC Workers (Normal), AvoidLongGCWorkers: 0,041, AvoidOOMGCWorkers: 0,210, LastGCWorkers: 1,000, GCWorkers: 0,210
[76,982s][debug][gc,director    ] Rule: Allocation Rate (Dynamic GC Workers), MaxAllocRate: 4115,3MB/s (+/-7,1%), Free: 8710MB, GCCPUTime: 0,419, GCDuration: 0,419s, TimeUntilOOM: 1,977s, TimeUntilGC: 1,457s, GCWorkers: 1 -> 1
[76,982s][debug][gc,director    ] Rule: High Usage, Free: 8710MB(70,9%)
[76,982s][debug][gc,director    ] Rule: Proactive, AcceptableGCInterval: 4,355s, TimeSinceLastGC: 0,490s, TimeUntilGC: 3,865s
[77,082s][debug][gc,alloc       ] Allocation Rate: 3266,0MB/s, Predicted: 3164,0MB/s, Avg: 3334,2(+/-237,1)MB/s
[77,082s][debug][gc,director    ] Select GC Workers (Normal), AvoidLongGCWorkers: 0,041, AvoidOOMGCWorkers: 0,215, LastGCWorkers: 1,000, GCWorkers: 0,215
[77,082s][debug][gc,director    ] Rule: Allocation Rate (Dynamic GC Workers), MaxAllocRate: 4114,5MB/s (+/-7,1%), Free: 8478MB, GCCPUTime: 0,419, GCDuration: 0,419s, TimeUntilOOM: 1,924s, TimeUntilGC: 1,405s, GCWorkers: 1 -> 1
[77,082s][debug][gc,director    ] Rule: High Usage, Free: 8478MB(69,0%)
[77,082s][debug][gc,director    ] Rule: Proactive, AcceptableGCInterval: 4,355s, TimeSinceLastGC: 0,590s, TimeUntilGC: 3,765s
[77,181s][debug][gc,alloc       ] Allocation Rate: 3964,0MB/s, Predicted: 3404,7MB/s, Avg: 3401,4(+/-302,0)MB/s
[77,182s][debug][gc,director    ] Select GC Workers (Normal), AvoidLongGCWorkers: 0,041, AvoidOOMGCWorkers: 0,262, LastGCWorkers: 1,000, GCWorkers: 0,262
[77,182s][debug][gc,director    ] Rule: Allocation Rate (Dynamic GC Workers), MaxAllocRate: 4398,4MB/s (+/-8,9%), Free: 7574MB, GCCPUTime: 0,419, GCDuration: 0,419s, TimeUntilOOM: 1,582s, TimeUntilGC: 1,062s, GCWorkers: 1 -> 1
[77,182s][debug][gc,director    ] Rule: High Usage, Free: 7574MB(61,6%)
[77,182s][debug][gc,director    ] Rule: Proactive, AcceptableGCInterval: 4,355s, TimeSinceLastGC: 0,690s, TimeUntilGC: 3,665s
[77,282s][debug][gc,alloc       ] Allocation Rate: 3182,0MB/s, Predicted: 3485,6MB/s, Avg: 3316,2(+/-220,8)MB/s
[77,282s][debug][gc,director    ] Select GC Workers (Normal), AvoidLongGCWorkers: 0,041, AvoidOOMGCWorkers: 0,251, LastGCWorkers: 1,000, GCWorkers: 0,251
[77,282s][debug][gc,director    ] Rule: Allocation Rate (Dynamic GC Workers), MaxAllocRate: 4212,0MB/s (+/-6,7%), Free: 7424MB, GCCPUTime: 0,419, GCDuration: 0,419s, TimeUntilOOM: 1,653s, TimeUntilGC: 1,133s, GCWorkers: 1 -> 1
[77,282s][debug][gc,director    ] Rule: High Usage, Free: 7424MB(60,4%)
[77,282s][debug][gc,director    ] Rule: Proactive, AcceptableGCInterval: 4,355s, TimeSinceLastGC: 0,790s, TimeUntilGC: 3,565s
[77,382s][debug][gc,alloc       ] Allocation Rate: 3380,0MB/s, Predicted: 3470,0MB/s, Avg: 3338,0(+/-215,1)MB/s
[77,382s][debug][gc,director    ] Select GC Workers (Normal), AvoidLongGCWorkers: 0,041, AvoidOOMGCWorkers: 0,256, LastGCWorkers: 1,000, GCWorkers: 0,256
[77,382s][debug][gc,director    ] Rule: Allocation Rate (Dynamic GC Workers), MaxAllocRate: 4177,9MB/s (+/-6,4%), Free: 7206MB, GCCPUTime: 0,419, GCDuration: 0,419s, TimeUntilOOM: 1,620s, TimeUntilGC: 1,101s, GCWorkers: 1 -> 1
[77,382s][debug][gc,director    ] Rule: High Usage, Free: 7206MB(58,6%)
[77,382s][debug][gc,director    ] Rule: Proactive, AcceptableGCInterval: 4,355s, TimeSinceLastGC: 0,890s, TimeUntilGC: 3,465s
[77,481s][debug][gc,alloc       ] Allocation Rate: 3384,0MB/s, Predicted: 3464,9MB/s, Avg: 3351,4(+/-213,4)MB/s
[77,481s][debug][gc,director    ] Select GC Workers (Normal), AvoidLongGCWorkers: 0,041, AvoidOOMGCWorkers: 0,263, LastGCWorkers: 1,000, GCWorkers: 0,263
[77,481s][debug][gc,director    ] Rule: Allocation Rate (Dynamic GC Workers), MaxAllocRate: 4167,2MB/s (+/-6,4%), Free: 6986MB, GCCPUTime: 0,419, GCDuration: 0,419s, TimeUntilOOM: 1,576s, TimeUntilGC: 1,057s, GCWorkers: 1 -> 1
[77,481s][debug][gc,director    ] Rule: High Usage, Free: 6986MB(56,9%)
[77,481s][debug][gc,director    ] Rule: Proactive, AcceptableGCInterval: 4,355s, TimeSinceLastGC: 0,990s, TimeUntilGC: 3,366s
[77,581s][debug][gc,alloc       ] Allocation Rate: 3306,0MB/s, Predicted: 3421,3MB/s, Avg: 3356,4(+/-211,7)MB/s
[77,581s][debug][gc,director    ] Select GC Workers (Normal), AvoidLongGCWorkers: 0,041, AvoidOOMGCWorkers: 0,265, LastGCWorkers: 1,000, GCWorkers: 0,265
[77,581s][debug][gc,director    ] Rule: Allocation Rate (Dynamic GC Workers), MaxAllocRate: 4117,9MB/s (+/-6,3%), Free: 6846MB, GCCPUTime: 0,419, GCDuration: 0,419s, TimeUntilOOM: 1,564s, TimeUntilGC: 1,045s, GCWorkers: 1 -> 1
[77,581s][debug][gc,director    ] Rule: High Usage, Free: 6846MB(55,7%)
[77,581s][debug][gc,director    ] Rule: Proactive, AcceptableGCInterval: 4,355s, TimeSinceLastGC: 1,090s, TimeUntilGC: 3,266s
[77,681s][debug][gc,alloc       ] Allocation Rate: 4048,0MB/s, Predicted: 3671,7MB/s, Avg: 3435,4(+/-292,3)MB/s
[77,682s][debug][gc,director    ] Select GC Workers (Normal), AvoidLongGCWorkers: 0,041, AvoidOOMGCWorkers: 0,354, LastGCWorkers: 1,000, GCWorkers: 0,354
[77,682s][debug][gc,director    ] Rule: Allocation Rate (Dynamic GC Workers), MaxAllocRate: 4633,5MB/s (+/-8,5%), Free: 5890MB, GCCPUTime: 0,419, GCDuration: 0,419s, TimeUntilOOM: 1,171s, TimeUntilGC: 0,652s, GCWorkers: 1 -> 1
[77,682s][debug][gc,director    ] Rule: High Usage, Free: 5890MB(47,9%)
[77,682s][debug][gc,director    ] Rule: Proactive, AcceptableGCInterval: 4,355s, TimeSinceLastGC: 1,190s, TimeUntilGC: 3,165s
[77,782s][debug][gc,alloc       ] Allocation Rate: 3188,0MB/s, Predicted: 3547,9MB/s, Avg: 3420,0(+/-300,7)MB/s
[77,782s][debug][gc,director    ] Select GC Workers (Normal), AvoidLongGCWorkers: 0,041, AvoidOOMGCWorkers: 0,351, LastGCWorkers: 1,000, GCWorkers: 0,351
[77,782s][debug][gc,director    ] Rule: Allocation Rate (Dynamic GC Workers), MaxAllocRate: 4537,5MB/s (+/-8,8%), Free: 5842MB, GCCPUTime: 0,419, GCDuration: 0,419s, TimeUntilOOM: 1,183s, TimeUntilGC: 0,664s, GCWorkers: 1 -> 1
[77,782s][debug][gc,director    ] Rule: High Usage, Free: 5842MB(47,5%)
[77,782s][debug][gc,director    ] Rule: Proactive, AcceptableGCInterval: 4,355s, TimeSinceLastGC: 1,290s, TimeUntilGC: 3,065s
[77,882s][debug][gc,alloc       ] Allocation Rate: 3326,0MB/s, Predicted: 3461,7MB/s, Avg: 3428,8(+/-296,6)MB/s
[77,882s][debug][gc,director    ] Select GC Workers (Normal), AvoidLongGCWorkers: 0,041, AvoidOOMGCWorkers: 0,357, LastGCWorkers: 1,000, GCWorkers: 0,357
[77,882s][debug][gc,director    ] Rule: Allocation Rate (Dynamic GC Workers), MaxAllocRate: 4437,5MB/s (+/-8,6%), Free: 5606MB, GCCPUTime: 0,419, GCDuration: 0,419s, TimeUntilOOM: 1,163s, TimeUntilGC: 0,644s, GCWorkers: 1 -> 1
[77,882s][debug][gc,director    ] Rule: High Usage, Free: 5606MB(45,6%)
[77,882s][debug][gc,director    ] Rule: Proactive, AcceptableGCInterval: 4,355s, TimeSinceLastGC: 1,390s, TimeUntilGC: 2,965s
[77,982s][debug][gc,alloc       ] Allocation Rate: 3310,0MB/s, Predicted: 3364,9MB/s, Avg: 3435,4(+/-293,1)MB/s
[77,982s][debug][gc,director    ] Select GC Workers (Normal), AvoidLongGCWorkers: 0,041, AvoidOOMGCWorkers: 0,367, LastGCWorkers: 1,000, GCWorkers: 0,367
[77,982s][debug][gc,director    ] Rule: Allocation Rate (Dynamic GC Workers), MaxAllocRate: 4399,8MB/s (+/-8,5%), Free: 5400MB, GCCPUTime: 0,419, GCDuration: 0,419s, TimeUntilOOM: 1,131s, TimeUntilGC: 0,612s, GCWorkers: 1 -> 1
[77,982s][debug][gc,director    ] Rule: High Usage, Free: 5400MB(43,9%)
[77,982s][debug][gc,director    ] Rule: Proactive, AcceptableGCInterval: 4,355s, TimeSinceLastGC: 1,490s, TimeUntilGC: 2,865s
[78,083s][debug][gc,alloc       ] Allocation Rate: 3356,0MB/s, Predicted: 3288,0MB/s, Avg: 3444,4(+/-289,1)MB/s
[78,083s][debug][gc,director    ] Select GC Workers (Normal), AvoidLongGCWorkers: 0,041, AvoidOOMGCWorkers: 0,387, LastGCWorkers: 1,000, GCWorkers: 0,387
[78,083s][debug][gc,director    ] Rule: Allocation Rate (Dynamic GC Workers), MaxAllocRate: 4395,7MB/s (+/-8,4%), Free: 5116MB, GCCPUTime: 0,419, GCDuration: 0,419s, TimeUntilOOM: 1,074s, TimeUntilGC: 0,555s, GCWorkers: 1 -> 1
[78,083s][debug][gc,director    ] Rule: High Usage, Free: 5116MB(41,6%)
[78,083s][debug][gc,director    ] Rule: Proactive, AcceptableGCInterval: 4,355s, TimeSinceLastGC: 1,591s, TimeUntilGC: 2,764s
[78,182s][debug][gc,alloc       ] Allocation Rate: 3266,0MB/s, Predicted: 3355,2MB/s, Avg: 3374,6(+/-234,3)MB/s
[78,182s][debug][gc,director    ] Select GC Workers (Normal), AvoidLongGCWorkers: 0,041, AvoidOOMGCWorkers: 0,427, LastGCWorkers: 1,000, GCWorkers: 0,427
[78,182s][debug][gc,director    ] Rule: Allocation Rate (Dynamic GC Workers), MaxAllocRate: 4145,5MB/s (+/-6,9%), Free: 4310MB, GCCPUTime: 0,419, GCDuration: 0,419s, TimeUntilOOM: 0,972s, TimeUntilGC: 0,453s, GCWorkers: 1 -> 1
[78,182s][debug][gc,director    ] Rule: High Usage, Free: 4310MB(35,1%)
[78,182s][debug][gc,director    ] Rule: Proactive, AcceptableGCInterval: 4,355s, TimeSinceLastGC: 1,690s, TimeUntilGC: 2,665s
[78,282s][debug][gc,alloc       ] Allocation Rate: 3178,0MB/s, Predicted: 3225,2MB/s, Avg: 3374,2(+/-234,6)MB/s
[78,282s][debug][gc,director    ] Select GC Workers (Normal), AvoidLongGCWorkers: 0,041, AvoidOOMGCWorkers: 0,434, LastGCWorkers: 1,000, GCWorkers: 0,434
[78,282s][debug][gc,director    ] Rule: Allocation Rate (Dynamic GC Workers), MaxAllocRate: 4146,2MB/s (+/-7,0%), Free: 4246MB, GCCPUTime: 0,419, GCDuration: 0,419s, TimeUntilOOM: 0,957s, TimeUntilGC: 0,438s, GCWorkers: 1 -> 1
[78,282s][debug][gc,director    ] Rule: High Usage, Free: 4246MB(34,6%)
[78,282s][debug][gc,director    ] Rule: Proactive, AcceptableGCInterval: 4,355s, TimeSinceLastGC: 1,791s, TimeUntilGC: 2,565s
[78,381s][debug][gc,alloc       ] Allocation Rate: 3160,0MB/s, Predicted: 3141,1MB/s, Avg: 3352,2(+/-243,2)MB/s
[78,381s][debug][gc,director    ] Select GC Workers (Normal), AvoidLongGCWorkers: 0,041, AvoidOOMGCWorkers: 0,458, LastGCWorkers: 1,000, GCWorkers: 0,458
[78,381s][debug][gc,director    ] Rule: Allocation Rate (Dynamic GC Workers), MaxAllocRate: 4152,4MB/s (+/-7,3%), Free: 4046MB, GCCPUTime: 0,419, GCDuration: 0,419s, TimeUntilOOM: 0,908s, TimeUntilGC: 0,389s, GCWorkers: 1 -> 1
[78,381s][debug][gc,director    ] Rule: High Usage, Free: 4046MB(32,9%)
[78,381s][debug][gc,director    ] Rule: Proactive, AcceptableGCInterval: 4,355s, TimeSinceLastGC: 1,890s, TimeUntilGC: 2,466s
[78,481s][debug][gc,alloc       ] Allocation Rate: 3126,0MB/s, Predicted: 3059,1MB/s, Avg: 3326,4(+/-252,0)MB/s
[78,481s][debug][gc,director    ] Select GC Workers (Normal), AvoidLongGCWorkers: 0,041, AvoidOOMGCWorkers: 0,482, LastGCWorkers: 1,000, GCWorkers: 0,482
[78,482s][debug][gc,director    ] Rule: Allocation Rate (Dynamic GC Workers), MaxAllocRate: 4155,5MB/s (+/-7,6%), Free: 3860MB, GCCPUTime: 0,419, GCDuration: 0,419s, TimeUntilOOM: 0,863s, TimeUntilGC: 0,344s, GCWorkers: 1 -> 1
[78,482s][debug][gc,director    ] Rule: High Usage, Free: 3860MB(31,4%)
[78,482s][debug][gc,director    ] Rule: Proactive, AcceptableGCInterval: 4,355s, TimeSinceLastGC: 1,990s, TimeUntilGC: 2,365s
[78,582s][debug][gc,alloc       ] Allocation Rate: 3108,0MB/s, Predicted: 2966,3MB/s, Avg: 3306,6(+/-260,4)MB/s
[78,582s][debug][gc,director    ] Select GC Workers (Normal), AvoidLongGCWorkers: 0,041, AvoidOOMGCWorkers: 0,500, LastGCWorkers: 1,000, GCWorkers: 0,500
[78,582s][debug][gc,director    ] Rule: Allocation Rate (Dynamic GC Workers), MaxAllocRate: 4163,6MB/s (+/-7,9%), Free: 3738MB, GCCPUTime: 0,419, GCDuration: 0,419s, TimeUntilOOM: 0,832s, TimeUntilGC: 0,313s, GCWorkers: 1 -> 1
[78,582s][debug][gc,director    ] Rule: High Usage, Free: 3738MB(30,4%)
[78,582s][debug][gc,director    ] Rule: Proactive, AcceptableGCInterval: 4,355s, TimeSinceLastGC: 2,090s, TimeUntilGC: 2,265s
[78,682s][debug][gc,alloc       ] Allocation Rate: 2264,0MB/s, Predicted: 2746,9MB/s, Avg: 3128,2(+/-299,6)MB/s
[78,682s][debug][gc,director    ] Select GC Workers (Normal), AvoidLongGCWorkers: 0,041, AvoidOOMGCWorkers: 0,517, LastGCWorkers: 1,000, GCWorkers: 0,517
[78,682s][debug][gc,director    ] Rule: Allocation Rate (Dynamic GC Workers), MaxAllocRate: 4113,9MB/s (+/-9,6%), Free: 3626MB, GCCPUTime: 0,419, GCDuration: 0,419s, TimeUntilOOM: 0,804s, TimeUntilGC: 0,285s, GCWorkers: 1 -> 1
[78,682s][debug][gc,director    ] Rule: High Usage, Free: 3626MB(29,5%)
[78,682s][debug][gc,director    ] Rule: Proactive, AcceptableGCInterval: 4,355s, TimeSinceLastGC: 2,190s, TimeUntilGC: 2,165s
[78,782s][debug][gc,alloc       ] Allocation Rate: 3100,0MB/s, Predicted: 2751,6MB/s, Avg: 3119,4(+/-299,0)MB/s
[78,782s][debug][gc,director    ] Select GC Workers (Normal), AvoidLongGCWorkers: 0,041, AvoidOOMGCWorkers: 0,684, LastGCWorkers: 1,000, GCWorkers: 0,684
[78,782s][debug][gc,director    ] Rule: Allocation Rate (Dynamic GC Workers), MaxAllocRate: 4103,2MB/s (+/-9,6%), Free: 2742MB, GCCPUTime: 0,419, GCDuration: 0,419s, TimeUntilOOM: 0,610s, TimeUntilGC: 0,091s, GCWorkers: 1 -> 1
[78,782s][debug][gc,director    ] Rule: High Usage, Free: 2742MB(22,3%)
[78,782s][debug][gc,director    ] Rule: Proactive, AcceptableGCInterval: 4,355s, TimeSinceLastGC: 2,291s, TimeUntilGC: 2,065s
[78,881s][debug][gc,alloc       ] Allocation Rate: 2970,0MB/s, Predicted: 2746,9MB/s, Avg: 3083,8(+/-293,4)MB/s
[78,881s][debug][gc,director    ] Select GC Workers (Normal), AvoidLongGCWorkers: 0,041, AvoidOOMGCWorkers: 0,702, LastGCWorkers: 1,000, GCWorkers: 0,702
[78,881s][debug][gc,director    ] Rule: Allocation Rate (Dynamic GC Workers), MaxAllocRate: 4049,2MB/s (+/-9,5%), Free: 2636MB, GCCPUTime: 0,419, GCDuration: 0,419s, TimeUntilOOM: 0,594s, TimeUntilGC: 0,075s, GCWorkers: 1 -> 1
[78,881s][debug][gc,director    ] Rule: High Usage, Free: 2636MB(21,5%)
[78,881s][debug][gc,director    ] Rule: Proactive, AcceptableGCInterval: 4,355s, TimeSinceLastGC: 2,390s, TimeUntilGC: 1,966s
[78,982s][debug][gc,alloc       ] Allocation Rate: 2992,0MB/s, Predicted: 2770,5MB/s, Avg: 3052,0(+/-284,2)MB/s
[78,982s][debug][gc,director    ] Select GC Workers (Normal), AvoidLongGCWorkers: 0,041, AvoidOOMGCWorkers: 0,756, LastGCWorkers: 1,000, GCWorkers: 0,756
[78,982s][debug][gc,director    ] Rule: Allocation Rate (Dynamic GC Workers), MaxAllocRate: 3987,3MB/s (+/-9,3%), Free: 2408MB, GCCPUTime: 0,419, GCDuration: 0,419s, TimeUntilOOM: 0,552s, TimeUntilGC: 0,033s, GCWorkers: 1 -> 1
[78,982s][debug][gc,director    ] Rule: High Usage, Free: 2408MB(19,6%)
[78,982s][debug][gc,director    ] Rule: Proactive, AcceptableGCInterval: 4,355s, TimeSinceLastGC: 2,490s, TimeUntilGC: 1,865s
[79,082s][debug][gc,alloc       ] Allocation Rate: 2940,0MB/s, Predicted: 2806,8MB/s, Avg: 3010,4(+/-266,6)MB/s
[79,082s][debug][gc,director    ] Select GC Workers (Normal), AvoidLongGCWorkers: 0,041, AvoidOOMGCWorkers: 0,811, LastGCWorkers: 1,000, GCWorkers: 0,811
[79,082s][debug][gc,director    ] Rule: Allocation Rate (Dynamic GC Workers), MaxAllocRate: 3887,7MB/s (+/-8,9%), Free: 2182MB, GCCPUTime: 0,419, GCDuration: 0,419s, TimeUntilOOM: 0,516s, TimeUntilGC: -0,004s, GCWorkers: 1 -> 1
[79,082s][debug][gc,heap        ] GC(27) Heap before GC invocations=27 (full 27):
[79,082s][debug][gc,heap        ] GC(27)  ZHeap           used 10064M, capacity 11782M, max capacity 12288M
[79,082s][debug][gc,heap        ] GC(27)  Metaspace       used 31824K, committed 32192K, reserved 1114112K
[79,082s][debug][gc,heap        ] GC(27)   class space    used 3448K, committed 3648K, reserved 1048576K
[79,082s][info ][gc,start       ] GC(27) Garbage Collection (Allocation Rate)
[79,082s][info ][gc,task        ] GC(27) Using 1 workers
[79,082s][debug][gc,phases,start] GC(27) Pause Mark Start
[79,082s][debug][gc,marking     ] GC(27) Using 1 mark stripes
[79,082s][debug][gc,marking     ] GC(27) Mark Worker/Stripe Distribution
[79,082s][debug][gc,marking     ] GC(27)   Worker 0(1) -> Stripe 0(1)
[79,082s][info ][gc,phases      ] GC(27) Pause Mark Start 0,080ms
[79,082s][debug][gc,phases,start] GC(27) Concurrent Mark
[79,082s][debug][gc,task        ] GC(27) Executing Task: XMarkRootsTask, Active Workers: 1
[79,084s][debug][gc,tlab        ] GC(27) TLAB totals: thrds: 24  refills: 36683 max: 17496 slow allocs: 8389 max 558 waste:  2,0% gc: 2338488B max: 261928B slow: 181521544B max: 26908944B
[79,084s][debug][gc,task        ] GC(27) Executing Task: XMarkTask, Active Workers: 1
[79,182s][debug][gc,alloc       ] Allocation Rate: 2820,0MB/s, Predicted: 2798,8MB/s, Avg: 2965,8(+/-257,3)MB/s
[79,282s][debug][gc,alloc       ] Allocation Rate: 3098,0MB/s, Predicted: 2908,3MB/s, Avg: 2957,8(+/-251,7)MB/s
[79,381s][info ][gc,phases      ] GC(27) Concurrent Mark 298,750ms
[79,381s][debug][gc,phases,start] GC(27) Pause Mark End
[79,381s][info ][gc,phases      ] GC(27) Pause Mark End 0,035ms
[79,381s][debug][gc,phases,start] GC(27) Concurrent Mark Free
[79,381s][info ][gc,phases      ] GC(27) Concurrent Mark Free 0,008ms
[79,381s][debug][gc,phases,start] GC(27) Concurrent Process Non-Strong References
[79,381s][debug][gc,phases,start] GC(27) Concurrent References Process
[79,381s][debug][gc,task        ] GC(27) Executing Task: XReferenceProcessorTask, Active Workers: 1
[79,382s][debug][gc,alloc       ] Allocation Rate: 3034,0MB/s, Predicted: 2992,7MB/s, Avg: 2945,2(+/-244,3)MB/s
[79,384s][debug][gc,phases      ] GC(27) Concurrent References Process 2,332ms
[79,384s][debug][gc,task        ] GC(27) Executing Task: XProcessWeakRootsTask, Active Workers: 1
[79,384s][debug][gc,phases,start] GC(27) Concurrent Classes Unlink
[79,384s][debug][gc,phases,start] GC(27) ClassLoaderData
[79,384s][debug][gc,phases      ] GC(27) ClassLoaderData 0,032ms
[79,384s][debug][gc,phases,start] GC(27) Trigger cleanups
[79,384s][debug][gc,phases      ] GC(27) Trigger cleanups 0,005ms
[79,384s][debug][gc,task        ] GC(27) Executing Task: XNMethodUnlinkTask, Active Workers: 1
[79,389s][debug][gc,phases      ] GC(27) Concurrent Classes Unlink 4,465ms
[79,389s][debug][gc,phases,start] GC(27) Concurrent Classes Purge
[79,389s][debug][gc,nmethod     ] GC(27) Unregister NMethod: io.sirix.page.interfaces.Page.commit (0x000070b0442dbb90)
[79,389s][debug][gc,nmethod     ] GC(27) Unregister NMethod: sun.nio.fs.UnixPath.toUnixPath (0x000070b0441fbf10)
[79,389s][debug][gc,phases      ] GC(27) Concurrent Classes Purge 0,028ms
[79,389s][debug][gc,phases,start] GC(27) Concurrent References Enqueue
[79,389s][debug][gc,phases      ] GC(27) Concurrent References Enqueue 0,008ms
[79,389s][info ][gc,phases      ] GC(27) Concurrent Process Non-Strong References 7,743ms
[79,389s][debug][gc,phases,start] GC(27) Concurrent Reset Relocation Set
[79,389s][info ][gc,phases      ] GC(27) Concurrent Reset Relocation Set 0,072ms
[79,389s][debug][gc,phases,start] GC(27) Concurrent Select Relocation Set
[79,390s][debug][gc,task        ] GC(27) Executing Task: XRelocationSetInstallTask, Active Workers: 1
[79,390s][info ][gc,phases      ] GC(27) Concurrent Select Relocation Set 1,457ms
[79,391s][debug][gc,phases,start] GC(27) Pause Relocate Start
[79,391s][info ][gc,phases      ] GC(27) Pause Relocate Start 0,036ms
[79,391s][debug][gc,phases,start] GC(27) Concurrent Relocate
[79,391s][debug][gc,task        ] GC(27) Executing Task: XRelocateTask, Active Workers: 1
[79,396s][info ][gc,phases      ] GC(27) Concurrent Relocate 5,655ms
[79,396s][debug][gc,heap        ] GC(27) Heap after GC invocations=28 (full 28):
[79,396s][debug][gc,heap        ] GC(27)  ZHeap           used 1824M, capacity 11782M, max capacity 12288M
[79,396s][debug][gc,heap        ] GC(27)  Metaspace       used 31824K, committed 32192K, reserved 1114112K
[79,396s][debug][gc,heap        ] GC(27)   class space    used 3448K, committed 3648K, reserved 1048576K
[79,396s][info ][gc,load        ] GC(27) Load: 4,10/5,24/3,28
[79,396s][info ][gc,mmu         ] GC(27) MMU: 2ms/71,4%, 5ms/88,5%, 10ms/94,3%, 20ms/97,0%, 50ms/98,8%, 100ms/99,4%
[79,396s][info ][gc,marking     ] GC(27) Mark: 1 stripe(s), 2 proactive flush(es), 1 terminate flush(es), 0 completion(s), 0 continuation(s) 
[79,396s][info ][gc,marking     ] GC(27) Mark Stack Usage: 64M
[79,396s][info ][gc,nmethod     ] GC(27) NMethods: 4191 registered, 1341 unregistered
[79,396s][info ][gc,metaspace   ] GC(27) Metaspace: 31M used, 31M committed, 1088M reserved
[79,396s][info ][gc,ref         ] GC(27) Soft: 3937 encountered, 0 discovered, 0 enqueued
[79,396s][info ][gc,ref         ] GC(27) Weak: 1959 encountered, 119 discovered, 0 enqueued
[79,396s][info ][gc,ref         ] GC(27) Final: 12528 encountered, 12528 discovered, 12528 enqueued
[79,396s][info ][gc,ref         ] GC(27) Phantom: 576 encountered, 428 discovered, 174 enqueued
[79,396s][info ][gc,reloc       ] GC(27) Small Pages: 5016 / 10032M, Empty: 4134M, Relocated: 3M, In-Place: 0
[79,396s][info ][gc,reloc       ] GC(27) Medium Pages: 1 / 32M, Empty: 0M, Relocated: 0M, In-Place: 0
[79,396s][info ][gc,reloc       ] GC(27) Large Pages: 0 / 0M, Empty: 0M, Relocated: 0M, In-Place: 0
[79,396s][info ][gc,reloc       ] GC(27) Forwarding Usage: 1M
[79,396s][info ][gc,heap        ] GC(27) Min Capacity: 5120M(42%)
[79,396s][info ][gc,heap        ] GC(27) Max Capacity: 12288M(100%)
[79,396s][info ][gc,heap        ] GC(27) Soft Max Capacity: 12288M(100%)
[79,396s][info ][gc,heap        ] GC(27)                Mark Start          Mark End        Relocate Start      Relocate End           High               Low         
[79,396s][info ][gc,heap        ] GC(27)  Capacity:    11782M (96%)       11782M (96%)       11782M (96%)       11782M (96%)       11782M (96%)       11782M (96%)    
[79,396s][info ][gc,heap        ] GC(27)      Free:     2224M (18%)        1054M (9%)         5170M (42%)       10464M (85%)       10464M (85%)        1038M (8%)     
[79,396s][info ][gc,heap        ] GC(27)      Used:    10064M (82%)       11234M (91%)        7118M (58%)        1824M (15%)       11250M (92%)        1824M (15%)    
[79,396s][info ][gc,heap        ] GC(27)      Live:         -               456M (4%)          456M (4%)          456M (4%)             -                  -          
[79,396s][info ][gc,heap        ] GC(27) Allocated:         -              1170M (10%)        1188M (10%)        1197M (10%)            -                  -          
[79,396s][info ][gc,heap        ] GC(27)   Garbage:         -              9607M (78%)        5473M (45%)         170M (1%)             -                  -          
[79,397s][info ][gc,heap        ] GC(27) Reclaimed:         -                  -              4134M (34%)        9437M (77%)            -                  -          
[79,397s][info ][gc             ] GC(27) Garbage Collection (Allocation Rate) 10064M(82%)->1824M(15%)
[79,482s][debug][gc,alloc       ] Allocation Rate: 3054,0MB/s, Predicted: 3084,4MB/s, Avg: 2938,0(+/-239,9)MB/s
[79,482s][debug][gc,director    ] Select GC Workers (Normal), AvoidLongGCWorkers: 0,037, AvoidOOMGCWorkers: 0,150, LastGCWorkers: 1,000, GCWorkers: 0,150
[79,482s][debug][gc,director    ] Rule: Allocation Rate (Dynamic GC Workers), MaxAllocRate: 3873,8MB/s (+/-8,2%), Free: 10244MB, GCCPUTime: 0,372, GCDuration: 0,372s, TimeUntilOOM: 2,445s, TimeUntilGC: 1,973s, GCWorkers: 1 -> 1
[79,482s][debug][gc,director    ] Rule: High Usage, Free: 10244MB(83,4%)
[79,482s][debug][gc,director    ] Rule: Proactive, UsedUntilEnabled: 1050MB, TimeUntilEnabled: 299,914s
[79,582s][debug][gc,alloc       ] Allocation Rate: 3130,0MB/s, Predicted: 3206,5MB/s, Avg: 2940,2(+/-241,6)MB/s
[79,582s][debug][gc,director    ] Select GC Workers (Normal), AvoidLongGCWorkers: 0,037, AvoidOOMGCWorkers: 0,159, LastGCWorkers: 1,000, GCWorkers: 0,159
[79,582s][debug][gc,director    ] Rule: Allocation Rate (Dynamic GC Workers), MaxAllocRate: 4001,4MB/s (+/-8,2%), Free: 10046MB, GCCPUTime: 0,372, GCDuration: 0,372s, TimeUntilOOM: 2,320s, TimeUntilGC: 1,848s, GCWorkers: 1 -> 1
[79,582s][debug][gc,director    ] Rule: High Usage, Free: 10046MB(81,8%)
[79,582s][debug][gc,director    ] Rule: Proactive, UsedUntilEnabled: 852MB, TimeUntilEnabled: 299,814s
[79,682s][debug][gc,alloc       ] Allocation Rate: 3648,0MB/s, Predicted: 3309,3MB/s, Avg: 3078,6(+/-208,7)MB/s
[79,682s][debug][gc,director    ] Select GC Workers (Normal), AvoidLongGCWorkers: 0,037, AvoidOOMGCWorkers: 0,167, LastGCWorkers: 1,000, GCWorkers: 0,167
[79,683s][debug][gc,director    ] Rule: Allocation Rate (Dynamic GC Workers), MaxAllocRate: 3996,2MB/s (+/-6,8%), Free: 9414MB, GCCPUTime: 0,372, GCDuration: 0,372s, TimeUntilOOM: 2,206s, TimeUntilGC: 1,734s, GCWorkers: 1 -> 1
[79,683s][debug][gc,director    ] Rule: High Usage, Free: 9414MB(76,6%)
[79,683s][debug][gc,director    ] Rule: Proactive, UsedUntilEnabled: 220MB, TimeUntilEnabled: 299,714s
[79,782s][debug][gc,alloc       ] Allocation Rate: 3164,0MB/s, Predicted: 3349,2MB/s, Avg: 3085,0(+/-210,3)MB/s
[79,782s][debug][gc,director    ] Select GC Workers (Normal), AvoidLongGCWorkers: 0,037, AvoidOOMGCWorkers: 0,176, LastGCWorkers: 1,000, GCWorkers: 0,176
[79,782s][debug][gc,director    ] Rule: Allocation Rate (Dynamic GC Workers), MaxAllocRate: 4041,1MB/s (+/-6,8%), Free: 9016MB, GCCPUTime: 0,372, GCDuration: 0,372s, TimeUntilOOM: 2,089s, TimeUntilGC: 1,617s, GCWorkers: 1 -> 1
[79,782s][debug][gc,director    ] Rule: High Usage, Free: 9016MB(73,4%)
[79,782s][debug][gc,director    ] Rule: Proactive, AcceptableGCInterval: 3,821s, TimeSinceLastGC: 0,385s, TimeUntilGC: 3,435s
[79,882s][debug][gc,alloc       ] Allocation Rate: 3230,0MB/s, Predicted: 3376,5MB/s, Avg: 3111,0(+/-210,5)MB/s
[79,882s][debug][gc,director    ] Select GC Workers (Normal), AvoidLongGCWorkers: 0,037, AvoidOOMGCWorkers: 0,181, LastGCWorkers: 1,000, GCWorkers: 0,181
[79,882s][debug][gc,director    ] Rule: Allocation Rate (Dynamic GC Workers), MaxAllocRate: 4069,2MB/s (+/-6,8%), Free: 8844MB, GCCPUTime: 0,372, GCDuration: 0,372s, TimeUntilOOM: 2,036s, TimeUntilGC: 1,564s, GCWorkers: 1 -> 1
[79,882s][debug][gc,director    ] Rule: High Usage, Free: 8844MB(72,0%)
[79,882s][debug][gc,director    ] Rule: Proactive, AcceptableGCInterval: 3,821s, TimeSinceLastGC: 0,486s, TimeUntilGC: 3,335s
[79,982s][debug][gc,alloc       ] Allocation Rate: 3216,0MB/s, Predicted: 3386,8MB/s, Avg: 3133,4(+/-208,6)MB/s
[79,982s][debug][gc,director    ] Select GC Workers (Normal), AvoidLongGCWorkers: 0,037, AvoidOOMGCWorkers: 0,185, LastGCWorkers: 1,000, GCWorkers: 0,185
[79,982s][debug][gc,director    ] Rule: Allocation Rate (Dynamic GC Workers), MaxAllocRate: 4073,1MB/s (+/-6,7%), Free: 8630MB, GCCPUTime: 0,372, GCDuration: 0,372s, TimeUntilOOM: 1,987s, TimeUntilGC: 1,515s, GCWorkers: 1 -> 1
[79,982s][debug][gc,director    ] Rule: High Usage, Free: 8630MB(70,2%)
[79,982s][debug][gc,director    ] Rule: Proactive, AcceptableGCInterval: 3,821s, TimeSinceLastGC: 0,586s, TimeUntilGC: 3,235s
[80,081s][debug][gc,alloc       ] Allocation Rate: 3222,0MB/s, Predicted: 3370,7MB/s, Avg: 3161,6(+/-199,4)MB/s
[80,081s][debug][gc,director    ] Select GC Workers (Normal), AvoidLongGCWorkers: 0,037, AvoidOOMGCWorkers: 0,188, LastGCWorkers: 1,000, GCWorkers: 0,188
[80,081s][debug][gc,director    ] Rule: Allocation Rate (Dynamic GC Workers), MaxAllocRate: 4026,7MB/s (+/-6,3%), Free: 8398MB, GCCPUTime: 0,372, GCDuration: 0,372s, TimeUntilOOM: 1,962s, TimeUntilGC: 1,490s, GCWorkers: 1 -> 1
[80,081s][debug][gc,director    ] Rule: High Usage, Free: 8398MB(68,3%)
[80,081s][debug][gc,director    ] Rule: Proactive, AcceptableGCInterval: 3,821s, TimeSinceLastGC: 0,685s, TimeUntilGC: 3,135s
[80,181s][debug][gc,alloc       ] Allocation Rate: 3478,0MB/s, Predicted: 3406,1MB/s, Avg: 3227,4(+/-183,7)MB/s
[80,182s][debug][gc,director    ] Select GC Workers (Normal), AvoidLongGCWorkers: 0,037, AvoidOOMGCWorkers: 0,210, LastGCWorkers: 1,000, GCWorkers: 0,210
[80,182s][debug][gc,director    ] Rule: Allocation Rate (Dynamic GC Workers), MaxAllocRate: 4010,7MB/s (+/-5,7%), Free: 7450MB, GCCPUTime: 0,372, GCDuration: 0,372s, TimeUntilOOM: 1,757s, TimeUntilGC: 1,286s, GCWorkers: 1 -> 1
[80,182s][debug][gc,director    ] Rule: High Usage, Free: 7450MB(60,6%)
[80,182s][debug][gc,director    ] Rule: Proactive, AcceptableGCInterval: 3,821s, TimeSinceLastGC: 0,785s, TimeUntilGC: 3,035s
[80,282s][debug][gc,alloc       ] Allocation Rate: 3188,0MB/s, Predicted: 3355,9MB/s, Avg: 3236,4(+/-179,3)MB/s
[80,282s][debug][gc,director    ] Select GC Workers (Normal), AvoidLongGCWorkers: 0,037, AvoidOOMGCWorkers: 0,207, LastGCWorkers: 1,000, GCWorkers: 0,207
[80,282s][debug][gc,director    ] Rule: Allocation Rate (Dynamic GC Workers), MaxAllocRate: 3946,0MB/s (+/-5,5%), Free: 7398MB, GCCPUTime: 0,372, GCDuration: 0,372s, TimeUntilOOM: 1,776s, TimeUntilGC: 1,305s, GCWorkers: 1 -> 1
[80,282s][debug][gc,director    ] Rule: High Usage, Free: 7398MB(60,2%)
[80,282s][debug][gc,director    ] Rule: Proactive, AcceptableGCInterval: 3,821s, TimeSinceLastGC: 0,885s, TimeUntilGC: 2,935s
[80,382s][debug][gc,alloc       ] Allocation Rate: 3268,0MB/s, Predicted: 3314,5MB/s, Avg: 3259,8(+/-166,2)MB/s
[80,382s][debug][gc,director    ] Select GC Workers (Normal), AvoidLongGCWorkers: 0,037, AvoidOOMGCWorkers: 0,208, LastGCWorkers: 1,000, GCWorkers: 0,208
[80,382s][debug][gc,director    ] Rule: Allocation Rate (Dynamic GC Workers), MaxAllocRate: 3861,3MB/s (+/-5,1%), Free: 7180MB, GCCPUTime: 0,372, GCDuration: 0,372s, TimeUntilOOM: 1,769s, TimeUntilGC: 1,297s, GCWorkers: 1 -> 1
[80,382s][debug][gc,director    ] Rule: High Usage, Free: 7180MB(58,4%)
[80,382s][debug][gc,director    ] Rule: Proactive, AcceptableGCInterval: 3,821s, TimeSinceLastGC: 0,986s, TimeUntilGC: 2,835s
[80,481s][debug][gc,alloc       ] Allocation Rate: 3276,0MB/s, Predicted: 3266,1MB/s, Avg: 3282,0(+/-151,4)MB/s
[80,481s][debug][gc,director    ] Select GC Workers (Normal), AvoidLongGCWorkers: 0,037, AvoidOOMGCWorkers: 0,209, LastGCWorkers: 1,000, GCWorkers: 0,209
[80,481s][debug][gc,director    ] Rule: Allocation Rate (Dynamic GC Workers), MaxAllocRate: 3780,1MB/s (+/-4,6%), Free: 6968MB, GCCPUTime: 0,372, GCDuration: 0,372s, TimeUntilOOM: 1,762s, TimeUntilGC: 1,290s, GCWorkers: 1 -> 1
[80,481s][debug][gc,director    ] Rule: High Usage, Free: 6968MB(56,7%)
[80,481s][debug][gc,director    ] Rule: Proactive, AcceptableGCInterval: 3,821s, TimeSinceLastGC: 1,085s, TimeUntilGC: 2,736s
[80,482s][info ][gc,stats       ] === Garbage Collection Statistics =======================================================================================================================
[80,482s][info ][gc,stats       ]                                                              Last 10s              Last 10m              Last 10h                Total
[80,482s][info ][gc,stats       ]                                                              Avg / Max             Avg / Max             Avg / Max             Avg / Max
[80,482s][info ][gc,stats       ]   Collector: Garbage Collection Cycle                    335,182 / 360,643     266,310 / 643,642     266,310 / 643,642     266,310 / 643,642     ms
[80,482s][info ][gc,stats       ]  Contention: Mark Segment Reset Contention                     0 / 0                 0 / 14                0 / 14                0 / 14          ops/s
[80,482s][info ][gc,stats       ]  Contention: Mark SeqNum Reset Contention                      0 / 0                 0 / 0                 0 / 0                 0 / 0           ops/s
[80,482s][info ][gc,stats       ]    Critical: Allocation Stall                                  0 / 0                 0 / 0                 0 / 0                 0 / 0           ops/s
[80,482s][info ][gc,stats       ]    Critical: Allocation Stall                              0,000 / 0,000         0,000 / 0,000         0,000 / 0,000         0,000 / 0,000       ms
[80,482s][info ][gc,stats       ]    Critical: GC Locker Stall                                   0 / 0                 0 / 1                 0 / 1                 0 / 1           ops/s
[80,482s][info ][gc,stats       ]    Critical: GC Locker Stall                               0,000 / 0,000         0,138 / 0,345         0,138 / 0,345         0,138 / 0,345       ms
[80,482s][info ][gc,stats       ]    Critical: Relocation Stall                                  0 / 0                 0 / 0                 0 / 0                 0 / 0           ops/s
[80,482s][info ][gc,stats       ]    Critical: Relocation Stall                              0,000 / 0,000         0,000 / 0,000         0,000 / 0,000         0,000 / 0,000       ms
[80,482s][info ][gc,stats       ]      Memory: Allocation Rate                                3332 / 4110           2721 / 4214           2721 / 4214           2721 / 4214        MB/s
[80,482s][info ][gc,stats       ]      Memory: Defragment                                        0 / 0                 0 / 0                 0 / 0                 0 / 0           ops/s
[80,482s][info ][gc,stats       ]      Memory: Out Of Memory                                     0 / 0                 0 / 0                 0 / 0                 0 / 0           ops/s
[80,482s][info ][gc,stats       ]      Memory: Page Cache Flush                                  0 / 0                 0 / 0                 0 / 0                 0 / 0           MB/s
[80,482s][info ][gc,stats       ]      Memory: Page Cache Hit L1                              1668 / 2055           1290 / 2107           1290 / 2107           1290 / 2107        ops/s
[80,482s][info ][gc,stats       ]      Memory: Page Cache Hit L2                                 0 / 0                 0 / 0                 0 / 0                 0 / 0           ops/s
[80,482s][info ][gc,stats       ]      Memory: Page Cache Hit L3                                 0 / 0                32 / 797              32 / 797              32 / 797         ops/s
[80,482s][info ][gc,stats       ]      Memory: Page Cache Miss                                   0 / 0                42 / 583              42 / 583              42 / 583         ops/s
[80,482s][info ][gc,stats       ]      Memory: Uncommit                                          0 / 0                 0 / 0                 0 / 0                 0 / 0           MB/s
[80,482s][info ][gc,stats       ]      Memory: Undo Object Allocation Failed                     0 / 0                 0 / 0                 0 / 0                 0 / 0           ops/s
[80,482s][info ][gc,stats       ]      Memory: Undo Object Allocation Succeeded                  0 / 3                 0 / 13                0 / 13                0 / 13          ops/s
[80,482s][info ][gc,stats       ]      Memory: Undo Page Allocation                              0 / 1                 1 / 28                1 / 28                1 / 28          ops/s
[80,482s][info ][gc,stats       ]       Phase: Concurrent Mark                             317,144 / 341,610     242,281 / 606,876     242,281 / 606,876     242,281 / 606,876     ms
[80,482s][info ][gc,stats       ]       Phase: Concurrent Mark Continue                      0,000 / 0,000         0,000 / 0,000         0,000 / 0,000         0,000 / 0,000       ms
[80,482s][info ][gc,stats       ]       Phase: Concurrent Mark Free                          0,185 / 0,567         0,087 / 1,038         0,087 / 1,038         0,087 / 1,038       ms
[80,482s][info ][gc,stats       ]       Phase: Concurrent Process Non-Strong References      7,813 / 8,737         8,773 / 28,355        8,773 / 28,355        8,773 / 28,355      ms
[80,482s][info ][gc,stats       ]       Phase: Concurrent Relocate                           6,809 / 10,293       10,146 / 68,030       10,146 / 68,030       10,146 / 68,030      ms
[80,482s][info ][gc,stats       ]       Phase: Concurrent Reset Relocation Set               0,067 / 0,072         0,083 / 0,543         0,083 / 0,543         0,083 / 0,543       ms
[80,482s][info ][gc,stats       ]       Phase: Concurrent Select Relocation Set              1,669 / 2,152         3,461 / 24,709        3,461 / 24,709        3,461 / 24,709      ms
[80,482s][info ][gc,stats       ]       Phase: Pause Mark End                                0,030 / 0,035         0,091 / 0,573         0,091 / 0,573         0,091 / 0,573       ms
[80,482s][info ][gc,stats       ]       Phase: Pause Mark Start                              0,063 / 0,098         0,089 / 0,421         0,089 / 0,421         0,089 / 0,421       ms
[80,482s][info ][gc,stats       ]       Phase: Pause Relocate Start                          0,027 / 0,036         0,035 / 0,126         0,035 / 0,126         0,035 / 0,126       ms
[80,482s][info ][gc,stats       ]    Subphase: Concurrent Classes Purge                      0,049 / 0,081         1,003 / 13,408        1,003 / 13,408        1,003 / 13,408      ms
[80,482s][info ][gc,stats       ]    Subphase: Concurrent Classes Unlink                     4,306 / 5,028         3,829 / 13,184        3,829 / 13,184        3,829 / 13,184      ms
[80,482s][info ][gc,stats       ]    Subphase: Concurrent Mark                             314,109 / 339,921     187,347 / 603,668     187,347 / 603,668     187,347 / 603,668     ms
[80,482s][info ][gc,stats       ]    Subphase: Concurrent Mark Try Flush                     0,137 / 0,238         0,478 / 7,166         0,478 / 7,166         0,478 / 7,166       ms
[80,482s][info ][gc,stats       ]    Subphase: Concurrent Mark Try Terminate                 0,041 / 0,121         1,027 / 6,763         1,027 / 6,763         1,027 / 6,763       ms
[80,482s][info ][gc,stats       ]    Subphase: Concurrent References Enqueue                 0,007 / 0,008         0,010 / 0,026         0,010 / 0,026         0,010 / 0,026       ms
[80,482s][info ][gc,stats       ]    Subphase: Concurrent References Process                 2,444 / 2,642         2,178 / 4,777         2,178 / 4,777         2,178 / 4,777       ms
[80,482s][info ][gc,stats       ]    Subphase: Concurrent Roots ClassLoaderDataGraph         0,145 / 0,222         0,114 / 0,487         0,114 / 0,487         0,114 / 0,487       ms
[80,482s][info ][gc,stats       ]    Subphase: Concurrent Roots CodeCache                    0,000 / 0,000         0,000 / 0,000         0,000 / 0,000         0,000 / 0,000       ms
[80,482s][info ][gc,stats       ]    Subphase: Concurrent Roots JavaThreads                  1,649 / 3,022         0,809 / 3,022         0,809 / 3,022         0,809 / 3,022       ms
[80,482s][info ][gc,stats       ]    Subphase: Concurrent Roots OopStorageSet                0,035 / 0,053         0,047 / 0,143         0,047 / 0,143         0,047 / 0,143       ms
[80,482s][info ][gc,stats       ]    Subphase: Concurrent Weak Roots OopStorageSet           0,604 / 0,624         0,573 / 2,088         0,573 / 2,088         0,573 / 2,088       ms
[80,482s][info ][gc,stats       ]    Subphase: Pause Mark Try Complete                       0,000 / 0,000         0,040 / 0,134         0,040 / 0,134         0,040 / 0,134       ms
[80,482s][info ][gc,stats       ]      System: Java Threads                                     40 / 42               38 / 42               38 / 42               38 / 42          threads
[80,482s][info ][gc,stats       ] =========================================================================================================================================================
[80,581s][debug][gc,alloc       ] Allocation Rate: 3254,0MB/s, Predicted: 3214,4MB/s, Avg: 3294,4(+/-143,3)MB/s
[80,581s][debug][gc,director    ] Select GC Workers (Normal), AvoidLongGCWorkers: 0,037, AvoidOOMGCWorkers: 0,213, LastGCWorkers: 1,000, GCWorkers: 0,213
[80,581s][debug][gc,director    ] Rule: Allocation Rate (Dynamic GC Workers), MaxAllocRate: 3765,8MB/s (+/-4,3%), Free: 6792MB, GCCPUTime: 0,372, GCDuration: 0,372s, TimeUntilOOM: 1,728s, TimeUntilGC: 1,257s, GCWorkers: 1 -> 1
[80,581s][debug][gc,director    ] Rule: High Usage, Free: 6792MB(55,3%)
[80,581s][debug][gc,director    ] Rule: Proactive, AcceptableGCInterval: 3,821s, TimeSinceLastGC: 1,185s, TimeUntilGC: 2,635s
[80,681s][debug][gc,alloc       ] Allocation Rate: 3536,0MB/s, Predicted: 3405,3MB/s, Avg: 3283,2(+/-117,2)MB/s
[80,681s][debug][gc,director    ] Select GC Workers (Normal), AvoidLongGCWorkers: 0,037, AvoidOOMGCWorkers: 0,246, LastGCWorkers: 1,000, GCWorkers: 0,246
[80,682s][debug][gc,director    ] Rule: Allocation Rate (Dynamic GC Workers), MaxAllocRate: 3791,0MB/s (+/-3,6%), Free: 5880MB, GCCPUTime: 0,372, GCDuration: 0,372s, TimeUntilOOM: 1,498s, TimeUntilGC: 1,026s, GCWorkers: 1 -> 1
[80,682s][debug][gc,director    ] Rule: High Usage, Free: 5880MB(47,9%)
[80,682s][debug][gc,director    ] Rule: Proactive, AcceptableGCInterval: 3,821s, TimeSinceLastGC: 1,285s, TimeUntilGC: 2,535s
[80,782s][debug][gc,alloc       ] Allocation Rate: 3192,0MB/s, Predicted: 3337,1MB/s, Avg: 3286,0(+/-114,6)MB/s
[80,782s][debug][gc,director    ] Select GC Workers (Normal), AvoidLongGCWorkers: 0,037, AvoidOOMGCWorkers: 0,243, LastGCWorkers: 1,000, GCWorkers: 0,243
[80,782s][debug][gc,director    ] Rule: Allocation Rate (Dynamic GC Workers), MaxAllocRate: 3714,2MB/s (+/-3,5%), Free: 5822MB, GCCPUTime: 0,372, GCDuration: 0,372s, TimeUntilOOM: 1,515s, TimeUntilGC: 1,043s, GCWorkers: 1 -> 1
[80,782s][debug][gc,director    ] Rule: High Usage, Free: 5822MB(47,4%)
[80,782s][debug][gc,director    ] Rule: Proactive, AcceptableGCInterval: 3,821s, TimeSinceLastGC: 1,386s, TimeUntilGC: 2,435s
[80,882s][debug][gc,alloc       ] Allocation Rate: 3244,0MB/s, Predicted: 3305,3MB/s, Avg: 3287,4(+/-114,0)MB/s
[80,882s][debug][gc,director    ] Select GC Workers (Normal), AvoidLongGCWorkers: 0,037, AvoidOOMGCWorkers: 0,251, LastGCWorkers: 1,000, GCWorkers: 0,251
[80,882s][debug][gc,director    ] Rule: Allocation Rate (Dynamic GC Workers), MaxAllocRate: 3680,5MB/s (+/-3,5%), Free: 5600MB, GCCPUTime: 0,372, GCDuration: 0,372s, TimeUntilOOM: 1,471s, TimeUntilGC: 0,999s, GCWorkers: 1 -> 1
[80,882s][debug][gc,director    ] Rule: High Usage, Free: 5600MB(45,6%)
[80,882s][debug][gc,director    ] Rule: Proactive, AcceptableGCInterval: 3,821s, TimeSinceLastGC: 1,486s, TimeUntilGC: 2,335s
[80,981s][debug][gc,alloc       ] Allocation Rate: 3236,0MB/s, Predicted: 3265,7MB/s, Avg: 3289,4(+/-112,9)MB/s
[80,981s][debug][gc,director    ] Select GC Workers (Normal), AvoidLongGCWorkers: 0,037, AvoidOOMGCWorkers: 0,259, LastGCWorkers: 1,000, GCWorkers: 0,259
[80,981s][debug][gc,director    ] Rule: Allocation Rate (Dynamic GC Workers), MaxAllocRate: 3660,9MB/s (+/-3,4%), Free: 5394MB, GCCPUTime: 0,372, GCDuration: 0,372s, TimeUntilOOM: 1,424s, TimeUntilGC: 0,953s, GCWorkers: 1 -> 1
[80,981s][debug][gc,director    ] Rule: High Usage, Free: 5394MB(43,9%)
[80,981s][debug][gc,director    ] Rule: Proactive, AcceptableGCInterval: 3,821s, TimeSinceLastGC: 1,585s, TimeUntilGC: 2,236s
[81,082s][debug][gc,alloc       ] Allocation Rate: 3210,0MB/s, Predicted: 3216,0MB/s, Avg: 3288,2(+/-113,7)MB/s
[81,082s][debug][gc,director    ] Select GC Workers (Normal), AvoidLongGCWorkers: 0,037, AvoidOOMGCWorkers: 0,269, LastGCWorkers: 1,000, GCWorkers: 0,269
[81,082s][debug][gc,director    ] Rule: Allocation Rate (Dynamic GC Workers), MaxAllocRate: 3662,3MB/s (+/-3,5%), Free: 5188MB, GCCPUTime: 0,372, GCDuration: 0,372s, TimeUntilOOM: 1,369s, TimeUntilGC: 0,897s, GCWorkers: 1 -> 1
[81,082s][debug][gc,director    ] Rule: High Usage, Free: 5188MB(42,2%)
[81,082s][debug][gc,director    ] Rule: Proactive, AcceptableGCInterval: 3,821s, TimeSinceLastGC: 1,685s, TimeUntilGC: 2,135s
[81,182s][debug][gc,alloc       ] Allocation Rate: 3146,0MB/s, Predicted: 3209,7MB/s, Avg: 3255,0(+/-101,2)MB/s
[81,182s][debug][gc,director    ] Select GC Workers (Normal), AvoidLongGCWorkers: 0,037, AvoidOOMGCWorkers: 0,317, LastGCWorkers: 1,000, GCWorkers: 0,317
[81,182s][debug][gc,director    ] Rule: Allocation Rate (Dynamic GC Workers), MaxAllocRate: 3588,0MB/s (+/-3,1%), Free: 4304MB, GCCPUTime: 0,372, GCDuration: 0,372s, TimeUntilOOM: 1,163s, TimeUntilGC: 0,692s, GCWorkers: 1 -> 1
[81,182s][debug][gc,director    ] Rule: High Usage, Free: 4304MB(35,0%)
[81,182s][debug][gc,director    ] Rule: Proactive, AcceptableGCInterval: 3,821s, TimeSinceLastGC: 1,785s, TimeUntilGC: 2,035s
[81,282s][debug][gc,alloc       ] Allocation Rate: 3238,0MB/s, Predicted: 3185,1MB/s, Avg: 3260,0(+/-99,0)MB/s
[81,282s][debug][gc,director    ] Select GC Workers (Normal), AvoidLongGCWorkers: 0,037, AvoidOOMGCWorkers: 0,327, LastGCWorkers: 1,000, GCWorkers: 0,327
[81,282s][debug][gc,director    ] Rule: Allocation Rate (Dynamic GC Workers), MaxAllocRate: 3585,7MB/s (+/-3,0%), Free: 4160MB, GCCPUTime: 0,372, GCDuration: 0,372s, TimeUntilOOM: 1,126s, TimeUntilGC: 0,654s, GCWorkers: 1 -> 1
[81,282s][debug][gc,director    ] Rule: High Usage, Free: 4160MB(33,9%)
[81,282s][debug][gc,director    ] Rule: Proactive, AcceptableGCInterval: 3,821s, TimeSinceLastGC: 1,886s, TimeUntilGC: 1,935s
[81,381s][debug][gc,alloc       ] Allocation Rate: 3242,0MB/s, Predicted: 3180,0MB/s, Avg: 3257,4(+/-99,1)MB/s
[81,381s][debug][gc,director    ] Select GC Workers (Normal), AvoidLongGCWorkers: 0,037, AvoidOOMGCWorkers: 0,346, LastGCWorkers: 1,000, GCWorkers: 0,346
[81,381s][debug][gc,director    ] Rule: Allocation Rate (Dynamic GC Workers), MaxAllocRate: 3583,4MB/s (+/-3,0%), Free: 3940MB, GCCPUTime: 0,372, GCDuration: 0,372s, TimeUntilOOM: 1,067s, TimeUntilGC: 0,595s, GCWorkers: 1 -> 1
[81,381s][debug][gc,director    ] Rule: High Usage, Free: 3940MB(32,1%)
[81,381s][debug][gc,director    ] Rule: Proactive, AcceptableGCInterval: 3,821s, TimeSinceLastGC: 1,985s, TimeUntilGC: 1,836s
[81,481s][debug][gc,alloc       ] Allocation Rate: 3256,0MB/s, Predicted: 3184,4MB/s, Avg: 3255,4(+/-98,9)MB/s
[81,481s][debug][gc,director    ] Select GC Workers (Normal), AvoidLongGCWorkers: 0,037, AvoidOOMGCWorkers: 0,367, LastGCWorkers: 1,000, GCWorkers: 0,367
[81,481s][debug][gc,director    ] Rule: Allocation Rate (Dynamic GC Workers), MaxAllocRate: 3580,8MB/s (+/-3,0%), Free: 3710MB, GCCPUTime: 0,372, GCDuration: 0,372s, TimeUntilOOM: 1,006s, TimeUntilGC: 0,534s, GCWorkers: 1 -> 1
[81,481s][debug][gc,director    ] Rule: High Usage, Free: 3710MB(30,2%)
[81,481s][debug][gc,director    ] Rule: Proactive, AcceptableGCInterval: 3,821s, TimeSinceLastGC: 2,085s, TimeUntilGC: 1,735s
[81,581s][debug][gc,alloc       ] Allocation Rate: 4050,0MB/s, Predicted: 3501,9MB/s, Avg: 3335,0(+/-258,0)MB/s
[81,582s][debug][gc,director    ] Select GC Workers (Normal), AvoidLongGCWorkers: 0,037, AvoidOOMGCWorkers: 0,633, LastGCWorkers: 1,000, GCWorkers: 0,633
[81,582s][debug][gc,director    ] Rule: Allocation Rate (Dynamic GC Workers), MaxAllocRate: 4350,9MB/s (+/-7,7%), Free: 2742MB, GCCPUTime: 0,372, GCDuration: 0,372s, TimeUntilOOM: 0,585s, TimeUntilGC: 0,113s, GCWorkers: 1 -> 1
[81,582s][debug][gc,director    ] Rule: High Usage, Free: 2742MB(22,3%)
[81,582s][debug][gc,director    ] Rule: Proactive, AcceptableGCInterval: 3,821s, TimeSinceLastGC: 2,185s, TimeUntilGC: 1,635s
[81,682s][debug][gc,alloc       ] Allocation Rate: 3208,0MB/s, Predicted: 3504,7MB/s, Avg: 3302,2(+/-251,2)MB/s
[81,682s][debug][gc,director    ] Select GC Workers (Normal), AvoidLongGCWorkers: 0,037, AvoidOOMGCWorkers: 0,646, LastGCWorkers: 1,000, GCWorkers: 0,646
[81,682s][debug][gc,director    ] Rule: Allocation Rate (Dynamic GC Workers), MaxAllocRate: 4331,1MB/s (+/-7,6%), Free: 2672MB, GCCPUTime: 0,372, GCDuration: 0,372s, TimeUntilOOM: 0,573s, TimeUntilGC: 0,102s, GCWorkers: 1 -> 1
[81,682s][debug][gc,director    ] Rule: High Usage, Free: 2672MB(21,7%)
[81,682s][debug][gc,director    ] Rule: Proactive, AcceptableGCInterval: 3,821s, TimeSinceLastGC: 2,285s, TimeUntilGC: 1,535s
[81,782s][debug][gc,alloc       ] Allocation Rate: 3376,0MB/s, Predicted: 3504,8MB/s, Avg: 3320,6(+/-249,1)MB/s
[81,782s][debug][gc,director    ] Select GC Workers (Normal), AvoidLongGCWorkers: 0,037, AvoidOOMGCWorkers: 0,704, LastGCWorkers: 1,000, GCWorkers: 0,704
[81,782s][debug][gc,director    ] Rule: Allocation Rate (Dynamic GC Workers), MaxAllocRate: 4324,6MB/s (+/-7,5%), Free: 2448MB, GCCPUTime: 0,372, GCDuration: 0,372s, TimeUntilOOM: 0,527s, TimeUntilGC: 0,055s, GCWorkers: 1 -> 1
[81,782s][debug][gc,director    ] Rule: High Usage, Free: 2448MB(19,9%)
[81,782s][debug][gc,director    ] Rule: Proactive, AcceptableGCInterval: 3,821s, TimeSinceLastGC: 2,386s, TimeUntilGC: 1,435s
[81,882s][debug][gc,alloc       ] Allocation Rate: 3388,0MB/s, Predicted: 3511,3MB/s, Avg: 3335,0(+/-248,5)MB/s
[81,882s][debug][gc,director    ] Select GC Workers (Normal), AvoidLongGCWorkers: 0,037, AvoidOOMGCWorkers: 0,780, LastGCWorkers: 1,000, GCWorkers: 0,780
[81,882s][debug][gc,director    ] Rule: Allocation Rate (Dynamic GC Workers), MaxAllocRate: 4328,9MB/s (+/-7,4%), Free: 2210MB, GCCPUTime: 0,372, GCDuration: 0,372s, TimeUntilOOM: 0,475s, TimeUntilGC: 0,003s, GCWorkers: 1 -> 1
[81,882s][debug][gc,director    ] Rule: High Usage, Free: 2210MB(18,0%)
[81,882s][debug][gc,director    ] Rule: Proactive, AcceptableGCInterval: 3,821s, TimeSinceLastGC: 2,486s, TimeUntilGC: 1,335s
[81,984s][debug][gc,alloc       ] Allocation Rate: 3918,0MB/s, Predicted: 3718,1MB/s, Avg: 3403,2(+/-300,1)MB/s
[81,984s][debug][gc,director    ] Select GC Workers (Normal), AvoidLongGCWorkers: 0,037, AvoidOOMGCWorkers: 1,298, LastGCWorkers: 1,000, GCWorkers: 1,298
[81,984s][debug][gc,director    ] Rule: Allocation Rate (Dynamic GC Workers), MaxAllocRate: 4705,8MB/s (+/-8,8%), Free: 1472MB, GCCPUTime: 0,372, GCDuration: 0,188s, TimeUntilOOM: 0,287s, TimeUntilGC: -0,001s, GCWorkers: 1 -> 2
[81,986s][debug][gc,heap        ] GC(28) Heap before GC invocations=28 (full 28):
[81,986s][debug][gc,heap        ] GC(28)  ZHeap           used 10812M, capacity 11782M, max capacity 12288M
[81,986s][debug][gc,heap        ] GC(28)  Metaspace       used 31831K, committed 32192K, reserved 1114112K
[81,986s][debug][gc,heap        ] GC(28)   class space    used 3448K, committed 3648K, reserved 1048576K
[81,987s][info ][gc,start       ] GC(28) Garbage Collection (Allocation Rate)
[81,987s][info ][gc,task        ] GC(28) Using 2 workers
[81,987s][debug][gc,jni         ] Setting _needs_gc. Thread "VM Thread" 1 locked.
[81,987s][debug][gc,jni         ] Performing GC after exiting critical section. Thread "ForkJoinPool.commonPool-worker-12" 0 locked.
[81,987s][debug][gc             ] GC(28) GC Locker Stall (XDriver) 0,219ms
[81,988s][debug][gc,phases,start] GC(28) Pause Mark Start
[81,988s][debug][gc,marking     ] GC(28) Using 2 mark stripes
[81,988s][debug][gc,marking     ] GC(28) Mark Worker/Stripe Distribution
[81,988s][debug][gc,marking     ] GC(28)   Worker 0(2) -> Stripe 0(2)
[81,988s][debug][gc,marking     ] GC(28)   Worker 1(2) -> Stripe 1(2)
[81,988s][info ][gc,phases      ] GC(28) Pause Mark Start 0,055ms
[81,988s][debug][gc,phases,start] GC(28) Concurrent Mark
[81,988s][debug][gc,task        ] GC(28) Executing Task: XMarkRootsTask, Active Workers: 2
[81,989s][debug][gc,tlab        ] GC(28) TLAB totals: thrds: 22  refills: 39804 max: 18537 slow allocs: 9321 max 626 waste:  2,0% gc: 1809256B max: 200072B slow: 195314584B max: 28935632B
[81,989s][debug][gc,task        ] GC(28) Executing Task: XMarkTask, Active Workers: 2
[82,082s][debug][gc,alloc       ] Allocation Rate: 4050,0MB/s, Predicted: 3925,3MB/s, Avg: 3487,2(+/-348,0)MB/s
[82,172s][info ][gc,phases      ] GC(28) Concurrent Mark 183,901ms
[82,172s][debug][gc,phases,start] GC(28) Pause Mark End
[82,172s][info ][gc,phases      ] GC(28) Pause Mark End 0,030ms
[82,172s][debug][gc,phases,start] GC(28) Concurrent Mark Free
[82,172s][debug][gc,marking     ] GC(28) Shrinking mark stack space: 64M->32M
[82,173s][info ][gc,phases      ] GC(28) Concurrent Mark Free 1,224ms
[82,173s][debug][gc,phases,start] GC(28) Concurrent Process Non-Strong References
[82,173s][debug][gc,phases,start] GC(28) Concurrent References Process
[82,173s][debug][gc,task        ] GC(28) Executing Task: XReferenceProcessorTask, Active Workers: 2
[82,176s][debug][gc,phases      ] GC(28) Concurrent References Process 2,536ms
[82,176s][debug][gc,task        ] GC(28) Executing Task: XProcessWeakRootsTask, Active Workers: 2
[82,176s][debug][gc,phases,start] GC(28) Concurrent Classes Unlink
[82,176s][debug][gc,phases,start] GC(28) ClassLoaderData
[82,176s][debug][gc,phases      ] GC(28) ClassLoaderData 0,031ms
[82,176s][debug][gc,phases,start] GC(28) Trigger cleanups
[82,176s][debug][gc,phases      ] GC(28) Trigger cleanups 0,007ms
[82,176s][debug][gc,task        ] GC(28) Executing Task: XNMethodUnlinkTask, Active Workers: 2
[82,178s][debug][gc,phases      ] GC(28) Concurrent Classes Unlink 2,026ms
[82,178s][debug][gc,phases,start] GC(28) Concurrent Classes Purge
[82,178s][debug][gc,nmethod     ] GC(28) Unregister NMethod: io.brackit.query.atomic.AbstractAtomic.atomicCmp (0x000070b043d3f790)
[82,178s][debug][gc,phases      ] GC(28) Concurrent Classes Purge 0,038ms
[82,178s][debug][gc,phases,start] GC(28) Concurrent References Enqueue
[82,178s][debug][gc,phases      ] GC(28) Concurrent References Enqueue 0,011ms
[82,178s][info ][gc,phases      ] GC(28) Concurrent Process Non-Strong References 5,281ms
[82,178s][debug][gc,phases,start] GC(28) Concurrent Reset Relocation Set
[82,179s][info ][gc,phases      ] GC(28) Concurrent Reset Relocation Set 0,099ms
[82,179s][debug][gc,phases,start] GC(28) Concurrent Select Relocation Set
[82,180s][debug][gc,task        ] GC(28) Executing Task: XRelocationSetInstallTask, Active Workers: 2
[82,181s][info ][gc,phases      ] GC(28) Concurrent Select Relocation Set 2,254ms
[82,181s][debug][gc,phases,start] GC(28) Pause Relocate Start
[82,181s][info ][gc,phases      ] GC(28) Pause Relocate Start 0,025ms
[82,181s][debug][gc,phases,start] GC(28) Concurrent Relocate
[82,181s][debug][gc,task        ] GC(28) Executing Task: XRelocateTask, Active Workers: 2
[82,182s][debug][gc,alloc       ] Allocation Rate: 3302,0MB/s, Predicted: 3760,3MB/s, Avg: 3502,8(+/-335,7)MB/s
[82,188s][info ][gc,phases      ] GC(28) Concurrent Relocate 7,248ms
[82,188s][debug][gc,heap        ] GC(28) Heap after GC invocations=29 (full 29):
[82,188s][debug][gc,heap        ] GC(28)  ZHeap           used 1214M, capacity 11782M, max capacity 12288M
[82,188s][debug][gc,heap        ] GC(28)  Metaspace       used 31831K, committed 32192K, reserved 1114112K
[82,188s][debug][gc,heap        ] GC(28)   class space    used 3448K, committed 3648K, reserved 1048576K
[82,188s][info ][gc,load        ] GC(28) Load: 4,10/5,21/3,28
[82,188s][info ][gc,mmu         ] GC(28) MMU: 2ms/71,4%, 5ms/88,5%, 10ms/94,3%, 20ms/97,0%, 50ms/98,8%, 100ms/99,4%
[82,188s][info ][gc,marking     ] GC(28) Mark: 2 stripe(s), 10 proactive flush(es), 1 terminate flush(es), 0 completion(s), 0 continuation(s) 
[82,188s][info ][gc,marking     ] GC(28) Mark Stack Usage: 32M
[82,188s][info ][gc,nmethod     ] GC(28) NMethods: 4202 registered, 1342 unregistered
[82,188s][info ][gc,metaspace   ] GC(28) Metaspace: 31M used, 31M committed, 1088M reserved
[82,188s][info ][gc,ref         ] GC(28) Soft: 3937 encountered, 0 discovered, 0 enqueued
[82,188s][info ][gc,ref         ] GC(28) Weak: 1959 encountered, 150 discovered, 0 enqueued
[82,188s][info ][gc,ref         ] GC(28) Final: 13994 encountered, 13977 discovered, 13974 enqueued
[82,188s][info ][gc,ref         ] GC(28) Phantom: 576 encountered, 352 discovered, 174 enqueued
[82,188s][info ][gc,reloc       ] GC(28) Small Pages: 5394 / 10788M, Empty: 4134M, Relocated: 20M, In-Place: 0
[82,188s][info ][gc,reloc       ] GC(28) Medium Pages: 1 / 32M, Empty: 0M, Relocated: 0M, In-Place: 0
[82,188s][info ][gc,reloc       ] GC(28) Large Pages: 0 / 0M, Empty: 0M, Relocated: 0M, In-Place: 0
[82,188s][info ][gc,reloc       ] GC(28) Forwarding Usage: 2M
[82,188s][info ][gc,heap        ] GC(28) Min Capacity: 5120M(42%)
[82,188s][info ][gc,heap        ] GC(28) Max Capacity: 12288M(100%)
[82,188s][info ][gc,heap        ] GC(28) Soft Max Capacity: 12288M(100%)
[82,188s][info ][gc,heap        ] GC(28)                Mark Start          Mark End        Relocate Start      Relocate End           High               Low         
[82,188s][info ][gc,heap        ] GC(28)  Capacity:    11782M (96%)       11782M (96%)       11782M (96%)       11782M (96%)       11782M (96%)       11782M (96%)    
[82,188s][info ][gc,heap        ] GC(28)      Free:     1468M (12%)        1064M (9%)         5180M (42%)       11074M (90%)       11076M (90%)        1050M (9%)     
[82,188s][info ][gc,heap        ] GC(28)      Used:    10820M (88%)       11224M (91%)        7108M (58%)        1214M (10%)       11238M (91%)        1212M (10%)    
[82,188s][info ][gc,heap        ] GC(28)      Live:         -               572M (5%)          572M (5%)          572M (5%)             -                  -          
[82,188s][info ][gc,heap        ] GC(28) Allocated:         -               404M (3%)          422M (3%)          437M (4%)             -                  -          
[82,188s][info ][gc,heap        ] GC(28)   Garbage:         -             10247M (83%)        6113M (50%)         204M (2%)             -                  -          
[82,188s][info ][gc,heap        ] GC(28) Reclaimed:         -                  -              4134M (34%)       10043M (82%)            -                  -          
[82,188s][info ][gc             ] GC(28) Garbage Collection (Allocation Rate) 10820M(88%)->1214M(10%)
[82,282s][debug][gc,alloc       ] Allocation Rate: 3398,0MB/s, Predicted: 3647,7MB/s, Avg: 3518,8(+/-326,4)MB/s
[82,282s][debug][gc,director    ] Select GC Workers (Try Lowering), AvoidLongGCWorkers: 0,049, AvoidOOMGCWorkers: 0,235, NextAvoidOOMGCWorkers: 0,267, LastGCWorkers: 2,000, GCWorkers: 1,000
[82,282s][debug][gc,director    ] Rule: Allocation Rate (Dynamic GC Workers), MaxAllocRate: 4721,6MB/s (+/-9,3%), Free: 10808MB, GCCPUTime: 0,499, GCDuration: 0,499s, TimeUntilOOM: 2,095s, TimeUntilGC: 1,496s, GCWorkers: 2 -> 1
[82,282s][debug][gc,director    ] Rule: High Usage, Free: 10808MB(88,0%)
[82,282s][debug][gc,director    ] Rule: Proactive, UsedUntilEnabled: 1004MB, TimeUntilEnabled: 299,906s
[82,382s][debug][gc,alloc       ] Allocation Rate: 3420,0MB/s, Predicted: 3534,4MB/s, Avg: 3536,6(+/-315,4)MB/s
[82,382s][debug][gc,director    ] Select GC Workers (Try Lowering), AvoidLongGCWorkers: 0,049, AvoidOOMGCWorkers: 0,232, NextAvoidOOMGCWorkers: 0,250, LastGCWorkers: 2,000, GCWorkers: 1,000
[82,382s][debug][gc,director    ] Rule: Allocation Rate (Dynamic GC Workers), MaxAllocRate: 4574,6MB/s (+/-8,9%), Free: 10566MB, GCCPUTime: 0,499, GCDuration: 0,499s, TimeUntilOOM: 2,121s, TimeUntilGC: 1,522s, GCWorkers: 2 -> 1
[82,382s][debug][gc,director    ] Rule: High Usage, Free: 10566MB(86,0%)
[82,382s][debug][gc,director    ] Rule: Proactive, UsedUntilEnabled: 762MB, TimeUntilEnabled: 299,806s
[82,481s][debug][gc,alloc       ] Allocation Rate: 4136,0MB/s, Predicted: 3699,3MB/s, Avg: 3624,6(+/-346,1)MB/s
[82,481s][debug][gc,director    ] Select GC Workers (Try Lowering), AvoidLongGCWorkers: 0,049, AvoidOOMGCWorkers: 0,271, NextAvoidOOMGCWorkers: 0,280, LastGCWorkers: 2,000, GCWorkers: 1,000
[82,481s][debug][gc,director    ] Rule: Allocation Rate (Dynamic GC Workers), MaxAllocRate: 4838,3MB/s (+/-9,5%), Free: 9622MB, GCCPUTime: 0,499, GCDuration: 0,499s, TimeUntilOOM: 1,815s, TimeUntilGC: 1,217s, GCWorkers: 2 -> 1
[82,481s][debug][gc,director    ] Rule: High Usage, Free: 9622MB(78,3%)
[82,481s][debug][gc,director    ] Rule: Proactive, AcceptableGCInterval: 5,210s, TimeSinceLastGC: 0,293s, TimeUntilGC: 4,917s
[82,581s][debug][gc,alloc       ] Allocation Rate: 3246,0MB/s, Predicted: 3661,3MB/s, Avg: 3544,2(+/-331,0)MB/s
[82,581s][debug][gc,director    ] Select GC Workers (Try Lowering), AvoidLongGCWorkers: 0,049, AvoidOOMGCWorkers: 0,268, NextAvoidOOMGCWorkers: 0,261, LastGCWorkers: 2,000, GCWorkers: 1,000
[82,581s][debug][gc,director    ] Rule: Allocation Rate (Dynamic GC Workers), MaxAllocRate: 4750,6MB/s (+/-9,3%), Free: 9542MB, GCCPUTime: 0,499, GCDuration: 0,499s, TimeUntilOOM: 1,837s, TimeUntilGC: 1,238s, GCWorkers: 2 -> 1
[82,581s][debug][gc,director    ] Rule: High Usage, Free: 9542MB(77,7%)
[82,581s][debug][gc,director    ] Rule: Proactive, AcceptableGCInterval: 5,210s, TimeSinceLastGC: 0,393s, TimeUntilGC: 4,816s
[82,682s][debug][gc,alloc       ] Allocation Rate: 3402,0MB/s, Predicted: 3514,8MB/s, Avg: 3563,6(+/-316,1)MB/s
[82,682s][debug][gc,director    ] Select GC Workers (Try Lowering), AvoidLongGCWorkers: 0,049, AvoidOOMGCWorkers: 0,265, NextAvoidOOMGCWorkers: 0,245, LastGCWorkers: 2,000, GCWorkers: 1,000
[82,682s][debug][gc,director    ] Rule: Allocation Rate (Dynamic GC Workers), MaxAllocRate: 4603,8MB/s (+/-8,9%), Free: 9316MB, GCCPUTime: 0,499, GCDuration: 0,499s, TimeUntilOOM: 1,859s, TimeUntilGC: 1,260s, GCWorkers: 2 -> 1
[82,682s][debug][gc,director    ] Rule: High Usage, Free: 9316MB(75,8%)
[82,682s][debug][gc,director    ] Rule: Proactive, AcceptableGCInterval: 5,210s, TimeSinceLastGC: 0,493s, TimeUntilGC: 4,716s
[82,782s][debug][gc,alloc       ] Allocation Rate: 3402,0MB/s, Predicted: 3400,1MB/s, Avg: 3566,2(+/-314,7)MB/s
[82,782s][debug][gc,director    ] Select GC Workers (Try Lowering), AvoidLongGCWorkers: 0,049, AvoidOOMGCWorkers: 0,271, NextAvoidOOMGCWorkers: 0,239, LastGCWorkers: 2,000, GCWorkers: 1,000
[82,782s][debug][gc,director    ] Rule: Allocation Rate (Dynamic GC Workers), MaxAllocRate: 4601,6MB/s (+/-8,8%), Free: 9092MB, GCCPUTime: 0,499, GCDuration: 0,499s, TimeUntilOOM: 1,816s, TimeUntilGC: 1,217s, GCWorkers: 2 -> 1
[82,782s][debug][gc,director    ] Rule: High Usage, Free: 9092MB(74,0%)
[82,782s][debug][gc,director    ] Rule: Proactive, AcceptableGCInterval: 5,210s, TimeSinceLastGC: 0,594s, TimeUntilGC: 4,616s
[82,885s][debug][gc,alloc       ] Allocation Rate: 3880,0MB/s, Predicted: 3478,1MB/s, Avg: 3615,4(+/-321,4)MB/s
[82,885s][debug][gc,director    ] Select GC Workers (Try Lowering), AvoidLongGCWorkers: 0,049, AvoidOOMGCWorkers: 0,300, NextAvoidOOMGCWorkers: 0,247, LastGCWorkers: 2,000, GCWorkers: 1,000
[82,885s][debug][gc,director    ] Rule: Allocation Rate (Dynamic GC Workers), MaxAllocRate: 4672,8MB/s (+/-8,9%), Free: 8376MB, GCCPUTime: 0,499, GCDuration: 0,499s, TimeUntilOOM: 1,646s, TimeUntilGC: 1,047s, GCWorkers: 2 -> 1
[82,885s][debug][gc,director    ] Rule: High Usage, Free: 8372MB(68,1%)
[82,885s][debug][gc,director    ] Rule: Proactive, AcceptableGCInterval: 5,210s, TimeSinceLastGC: 0,697s, TimeUntilGC: 4,512s
[82,982s][debug][gc,alloc       ] Allocation Rate: 3476,0MB/s, Predicted: 3503,1MB/s, Avg: 3571,2(+/-306,8)MB/s
[82,982s][debug][gc,director    ] Select GC Workers (Try Lowering), AvoidLongGCWorkers: 0,049, AvoidOOMGCWorkers: 0,305, NextAvoidOOMGCWorkers: 0,238, LastGCWorkers: 2,000, GCWorkers: 1,000
[82,982s][debug][gc,director    ] Rule: Allocation Rate (Dynamic GC Workers), MaxAllocRate: 4580,6MB/s (+/-8,6%), Free: 8046MB, GCCPUTime: 0,499, GCDuration: 0,499s, TimeUntilOOM: 1,618s, TimeUntilGC: 1,019s, GCWorkers: 2 -> 1
[82,982s][debug][gc,director    ] Rule: High Usage, Free: 8046MB(65,5%)
[82,982s][debug][gc,director    ] Rule: Proactive, AcceptableGCInterval: 5,210s, TimeSinceLastGC: 0,793s, TimeUntilGC: 4,416s
[83,082s][debug][gc,alloc       ] Allocation Rate: 3320,0MB/s, Predicted: 3530,3MB/s, Avg: 3498,2(+/-268,6)MB/s
[83,082s][debug][gc,director    ] Select GC Workers (Try Lowering), AvoidLongGCWorkers: 0,049, AvoidOOMGCWorkers: 0,298, NextAvoidOOMGCWorkers: 0,224, LastGCWorkers: 2,000, GCWorkers: 1,000
[83,082s][debug][gc,director    ] Rule: Allocation Rate (Dynamic GC Workers), MaxAllocRate: 4414,2MB/s (+/-7,7%), Free: 7864MB, GCCPUTime: 0,499, GCDuration: 0,499s, TimeUntilOOM: 1,654s, TimeUntilGC: 1,056s, GCWorkers: 2 -> 1
[83,082s][debug][gc,director    ] Rule: High Usage, Free: 7864MB(64,0%)
[83,082s][debug][gc,director    ] Rule: Proactive, AcceptableGCInterval: 5,210s, TimeSinceLastGC: 0,894s, TimeUntilGC: 4,316s
[83,182s][debug][gc,alloc       ] Allocation Rate: 3410,0MB/s, Predicted: 3442,7MB/s, Avg: 3509,0(+/-262,6)MB/s
[83,182s][debug][gc,director    ] Select GC Workers (Try Lowering), AvoidLongGCWorkers: 0,049, AvoidOOMGCWorkers: 0,303, NextAvoidOOMGCWorkers: 0,217, LastGCWorkers: 2,000, GCWorkers: 1,000
[83,182s][debug][gc,director    ] Rule: Allocation Rate (Dynamic GC Workers), MaxAllocRate: 4373,2MB/s (+/-7,5%), Free: 7638MB, GCCPUTime: 0,499, GCDuration: 0,499s, TimeUntilOOM: 1,625s, TimeUntilGC: 1,026s, GCWorkers: 2 -> 1
[83,182s][debug][gc,director    ] Rule: High Usage, Free: 7638MB(62,2%)
[83,182s][debug][gc,director    ] Rule: Proactive, AcceptableGCInterval: 5,210s, TimeSinceLastGC: 0,994s, TimeUntilGC: 4,216s
[83,281s][debug][gc,alloc       ] Allocation Rate: 3392,0MB/s, Predicted: 3366,3MB/s, Avg: 3508,4(+/-262,9)MB/s
[83,281s][debug][gc,director    ] Select GC Workers (Try Lowering), AvoidLongGCWorkers: 0,049, AvoidOOMGCWorkers: 0,313, NextAvoidOOMGCWorkers: 0,212, LastGCWorkers: 2,000, GCWorkers: 1,000
[83,281s][debug][gc,director    ] Rule: Allocation Rate (Dynamic GC Workers), MaxAllocRate: 4373,4MB/s (+/-7,5%), Free: 7416MB, GCCPUTime: 0,499, GCDuration: 0,499s, TimeUntilOOM: 1,578s, TimeUntilGC: 0,979s, GCWorkers: 2 -> 1
[83,281s][debug][gc,director    ] Rule: High Usage, Free: 7416MB(60,4%)
[83,281s][debug][gc,director    ] Rule: Proactive, AcceptableGCInterval: 5,210s, TimeSinceLastGC: 1,093s, TimeUntilGC: 4,117s
[83,381s][debug][gc,alloc       ] Allocation Rate: 4078,0MB/s, Predicted: 3570,5MB/s, Avg: 3574,2(+/-310,5)MB/s
[83,381s][debug][gc,director    ] Select GC Workers (Try Lowering), AvoidLongGCWorkers: 0,049, AvoidOOMGCWorkers: 0,380, NextAvoidOOMGCWorkers: 0,229, LastGCWorkers: 2,000, GCWorkers: 1,000
[83,381s][debug][gc,director    ] Rule: Allocation Rate (Dynamic GC Workers), MaxAllocRate: 4596,1MB/s (+/-8,7%), Free: 6488MB, GCCPUTime: 0,499, GCDuration: 0,499s, TimeUntilOOM: 1,299s, TimeUntilGC: 0,700s, GCWorkers: 2 -> 1
[83,381s][debug][gc,director    ] Rule: High Usage, Free: 6488MB(52,8%)
[83,381s][debug][gc,director    ] Rule: Proactive, AcceptableGCInterval: 5,210s, TimeSinceLastGC: 1,193s, TimeUntilGC: 4,016s
[83,481s][debug][gc,alloc       ] Allocation Rate: 3240,0MB/s, Predicted: 3586,7MB/s, Avg: 3484,6(+/-260,8)MB/s
[83,482s][debug][gc,director    ] Select GC Workers (Try Lowering), AvoidLongGCWorkers: 0,049, AvoidOOMGCWorkers: 0,370, NextAvoidOOMGCWorkers: 0,216, LastGCWorkers: 2,000, GCWorkers: 1,000
[83,482s][debug][gc,director    ] Rule: Allocation Rate (Dynamic GC Workers), MaxAllocRate: 4444,8MB/s (+/-7,5%), Free: 6382MB, GCCPUTime: 0,499, GCDuration: 0,499s, TimeUntilOOM: 1,336s, TimeUntilGC: 0,737s, GCWorkers: 2 -> 1
[83,482s][debug][gc,director    ] Rule: High Usage, Free: 6382MB(51,9%)
[83,482s][debug][gc,director    ] Rule: Proactive, AcceptableGCInterval: 5,210s, TimeSinceLastGC: 1,293s, TimeUntilGC: 3,916s
[83,582s][debug][gc,alloc       ] Allocation Rate: 3400,0MB/s, Predicted: 3489,2MB/s, Avg: 3500,0(+/-250,6)MB/s
[83,582s][debug][gc,director    ] Select GC Workers (Try Lowering), AvoidLongGCWorkers: 0,049, AvoidOOMGCWorkers: 0,372, NextAvoidOOMGCWorkers: 0,207, LastGCWorkers: 2,000, GCWorkers: 1,000
[83,582s][debug][gc,director    ] Rule: Allocation Rate (Dynamic GC Workers), MaxAllocRate: 4324,6MB/s (+/-7,2%), Free: 6142MB, GCCPUTime: 0,499, GCDuration: 0,499s, TimeUntilOOM: 1,325s, TimeUntilGC: 0,727s, GCWorkers: 2 -> 1
[83,582s][debug][gc,director    ] Rule: High Usage, Free: 6142MB(50,0%)
[83,582s][debug][gc,director    ] Rule: Proactive, AcceptableGCInterval: 5,210s, TimeSinceLastGC: 1,394s, TimeUntilGC: 3,816s
[83,682s][debug][gc,alloc       ] Allocation Rate: 3404,0MB/s, Predicted: 3424,7MB/s, Avg: 3500,2(+/-250,5)MB/s
[83,682s][debug][gc,director    ] Select GC Workers (Try Lowering), AvoidLongGCWorkers: 0,049, AvoidOOMGCWorkers: 0,387, NextAvoidOOMGCWorkers: 0,203, LastGCWorkers: 2,000, GCWorkers: 1,000
[83,682s][debug][gc,director    ] Rule: Allocation Rate (Dynamic GC Workers), MaxAllocRate: 4324,6MB/s (+/-7,2%), Free: 5912MB, GCCPUTime: 0,499, GCDuration: 0,499s, TimeUntilOOM: 1,276s, TimeUntilGC: 0,677s, GCWorkers: 2 -> 1
[83,682s][debug][gc,director    ] Rule: High Usage, Free: 5912MB(48,1%)
[83,682s][debug][gc,director    ] Rule: Proactive, AcceptableGCInterval: 5,210s, TimeSinceLastGC: 1,494s, TimeUntilGC: 3,716s
[83,782s][debug][gc,alloc       ] Allocation Rate: 4178,0MB/s, Predicted: 3669,6MB/s, Avg: 3577,8(+/-318,9)MB/s
[83,782s][debug][gc,director    ] Select GC Workers (Try Lowering), AvoidLongGCWorkers: 0,049, AvoidOOMGCWorkers: 0,518, NextAvoidOOMGCWorkers: 0,223, LastGCWorkers: 2,000, GCWorkers: 1,000
[83,782s][debug][gc,director    ] Rule: Allocation Rate (Dynamic GC Workers), MaxAllocRate: 4719,1MB/s (+/-8,9%), Free: 4914MB, GCCPUTime: 0,499, GCDuration: 0,499s, TimeUntilOOM: 0,956s, TimeUntilGC: 0,357s, GCWorkers: 2 -> 1
[83,782s][debug][gc,director    ] Rule: High Usage, Free: 4914MB(40,0%)
[83,782s][debug][gc,director    ] Rule: Proactive, AcceptableGCInterval: 5,210s, TimeSinceLastGC: 1,594s, TimeUntilGC: 3,616s
[83,881s][debug][gc,alloc       ] Allocation Rate: 3504,0MB/s, Predicted: 3720,7MB/s, Avg: 3540,2(+/-302,8)MB/s
[83,881s][debug][gc,director    ] Select GC Workers (Try Lowering), AvoidLongGCWorkers: 0,049, AvoidOOMGCWorkers: 0,520, NextAvoidOOMGCWorkers: 0,214, LastGCWorkers: 2,000, GCWorkers: 1,000
[83,881s][debug][gc,director    ] Rule: Allocation Rate (Dynamic GC Workers), MaxAllocRate: 4717,2MB/s (+/-8,6%), Free: 4874MB, GCCPUTime: 0,499, GCDuration: 0,499s, TimeUntilOOM: 0,952s, TimeUntilGC: 0,353s, GCWorkers: 2 -> 1
[83,881s][debug][gc,director    ] Rule: High Usage, Free: 4874MB(39,7%)
[83,881s][debug][gc,director    ] Rule: Proactive, AcceptableGCInterval: 5,210s, TimeSinceLastGC: 1,693s, TimeUntilGC: 3,516s
[83,981s][debug][gc,alloc       ] Allocation Rate: 3394,0MB/s, Predicted: 3645,1MB/s, Avg: 3532,0(+/-305,6)MB/s
[83,981s][debug][gc,director    ] Select GC Workers (Try Lowering), AvoidLongGCWorkers: 0,049, AvoidOOMGCWorkers: 0,538, NextAvoidOOMGCWorkers: 0,208, LastGCWorkers: 2,000, GCWorkers: 1,000
[83,981s][debug][gc,director    ] Rule: Allocation Rate (Dynamic GC Workers), MaxAllocRate: 4650,6MB/s (+/-8,7%), Free: 4652MB, GCCPUTime: 0,499, GCDuration: 0,499s, TimeUntilOOM: 0,921s, TimeUntilGC: 0,322s, GCWorkers: 2 -> 1
[83,982s][debug][gc,director    ] Rule: High Usage, Free: 4652MB(37,9%)
[83,982s][debug][gc,director    ] Rule: Proactive, AcceptableGCInterval: 5,210s, TimeSinceLastGC: 1,793s, TimeUntilGC: 3,416s
[84,082s][debug][gc,alloc       ] Allocation Rate: 3436,0MB/s, Predicted: 3550,1MB/s, Avg: 3543,6(+/-299,4)MB/s
[84,082s][debug][gc,director    ] Select GC Workers (Try Lowering), AvoidLongGCWorkers: 0,049, AvoidOOMGCWorkers: 0,550, NextAvoidOOMGCWorkers: 0,201, LastGCWorkers: 2,000, GCWorkers: 1,000
[84,082s][debug][gc,director    ] Rule: Allocation Rate (Dynamic GC Workers), MaxAllocRate: 4535,5MB/s (+/-8,5%), Free: 4428MB, GCCPUTime: 0,499, GCDuration: 0,499s, TimeUntilOOM: 0,900s, TimeUntilGC: 0,301s, GCWorkers: 2 -> 1
[84,082s][debug][gc,director    ] Rule: High Usage, Free: 4428MB(36,0%)
[84,082s][debug][gc,director    ] Rule: Proactive, AcceptableGCInterval: 5,210s, TimeSinceLastGC: 1,894s, TimeUntilGC: 3,316s
[84,182s][debug][gc,alloc       ] Allocation Rate: 3424,0MB/s, Predicted: 3466,7MB/s, Avg: 3545,0(+/-298,9)MB/s
[84,182s][debug][gc,director    ] Select GC Workers (Try Lowering), AvoidLongGCWorkers: 0,049, AvoidOOMGCWorkers: 0,578, NextAvoidOOMGCWorkers: 0,196, LastGCWorkers: 2,000, GCWorkers: 1,000
[84,182s][debug][gc,director    ] Rule: Allocation Rate (Dynamic GC Workers), MaxAllocRate: 4528,4MB/s (+/-8,4%), Free: 4210MB, GCCPUTime: 0,499, GCDuration: 0,499s, TimeUntilOOM: 0,857s, TimeUntilGC: 0,259s, GCWorkers: 2 -> 1
[84,182s][debug][gc,director    ] Rule: High Usage, Free: 4208MB(34,2%)
[84,182s][debug][gc,director    ] Rule: Proactive, AcceptableGCInterval: 5,210s, TimeSinceLastGC: 1,994s, TimeUntilGC: 3,216s
[84,281s][debug][gc,alloc       ] Allocation Rate: 4084,0MB/s, Predicted: 3641,5MB/s, Avg: 3614,2(+/-333,5)MB/s
[84,281s][debug][gc,director    ] Select GC Workers (Try Lowering), AvoidLongGCWorkers: 0,049, AvoidOOMGCWorkers: 0,772, NextAvoidOOMGCWorkers: 0,206, LastGCWorkers: 2,000, GCWorkers: 1,000
[84,281s][debug][gc,director    ] Rule: Allocation Rate (Dynamic GC Workers), MaxAllocRate: 4738,9MB/s (+/-9,2%), Free: 3332MB, GCCPUTime: 0,499, GCDuration: 0,499s, TimeUntilOOM: 0,644s, TimeUntilGC: 0,045s, GCWorkers: 2 -> 1
[84,281s][debug][gc,director    ] Rule: High Usage, Free: 3332MB(27,1%)
[84,281s][debug][gc,director    ] Rule: Proactive, AcceptableGCInterval: 5,210s, TimeSinceLastGC: 2,093s, TimeUntilGC: 3,117s
[84,382s][debug][gc,alloc       ] Allocation Rate: 3318,0MB/s, Predicted: 3646,7MB/s, Avg: 3538,2(+/-304,5)MB/s
[84,382s][debug][gc,director    ] Select GC Workers (Try Lowering), AvoidLongGCWorkers: 0,049, AvoidOOMGCWorkers: 0,792, NextAvoidOOMGCWorkers: 0,199, LastGCWorkers: 2,000, GCWorkers: 1,000
[84,382s][debug][gc,director    ] Rule: Allocation Rate (Dynamic GC Workers), MaxAllocRate: 4648,6MB/s (+/-8,6%), Free: 3170MB, GCCPUTime: 0,499, GCDuration: 0,499s, TimeUntilOOM: 0,628s, TimeUntilGC: 0,029s, GCWorkers: 2 -> 1
[84,382s][debug][gc,director    ] Rule: High Usage, Free: 3170MB(25,8%)
[84,382s][debug][gc,director    ] Rule: Proactive, AcceptableGCInterval: 5,210s, TimeSinceLastGC: 2,193s, TimeUntilGC: 3,016s
[84,482s][debug][gc,alloc       ] Allocation Rate: 3452,0MB/s, Predicted: 3532,7MB/s, Avg: 3559,4(+/-290,0)MB/s
[84,482s][debug][gc,director    ] Select GC Workers (Try Lowering), AvoidLongGCWorkers: 0,049, AvoidOOMGCWorkers: 0,829, NextAvoidOOMGCWorkers: 0,193, LastGCWorkers: 2,000, GCWorkers: 1,000
[84,482s][debug][gc,director    ] Rule: Allocation Rate (Dynamic GC Workers), MaxAllocRate: 4513,8MB/s (+/-8,1%), Free: 2930MB, GCCPUTime: 0,499, GCDuration: 0,499s, TimeUntilOOM: 0,600s, TimeUntilGC: 0,001s, GCWorkers: 2 -> 1
[84,482s][debug][gc,director    ] Rule: High Usage, Free: 2930MB(23,8%)
[84,482s][debug][gc,director    ] Rule: Proactive, AcceptableGCInterval: 5,210s, TimeSinceLastGC: 2,294s, TimeUntilGC: 2,916s
[84,582s][debug][gc,alloc       ] Allocation Rate: 3448,0MB/s, Predicted: 3445,6MB/s, Avg: 3564,2(+/-287,7)MB/s
[84,582s][debug][gc,director    ] Select GC Workers (Try Lowering), AvoidLongGCWorkers: 0,049, AvoidOOMGCWorkers: 0,901, NextAvoidOOMGCWorkers: 0,189, LastGCWorkers: 2,000, GCWorkers: 1,000
[84,582s][debug][gc,director    ] Rule: Allocation Rate (Dynamic GC Workers), MaxAllocRate: 4511,0MB/s (+/-8,1%), Free: 2694MB, GCCPUTime: 0,499, GCDuration: 0,499s, TimeUntilOOM: 0,553s, TimeUntilGC: -0,046s, GCWorkers: 2 -> 1
[84,582s][debug][gc,heap        ] GC(29) Heap before GC invocations=29 (full 29):
[84,582s][debug][gc,heap        ] GC(29)  ZHeap           used 9554M, capacity 11782M, max capacity 12288M
[84,582s][debug][gc,heap        ] GC(29)  Metaspace       used 31832K, committed 32192K, reserved 1114112K
[84,582s][debug][gc,heap        ] GC(29)   class space    used 3448K, committed 3648K, reserved 1048576K
[84,582s][info ][gc,start       ] GC(29) Garbage Collection (Allocation Rate)
[84,582s][info ][gc,task        ] GC(29) Using 1 workers
[84,582s][debug][gc,phases,start] GC(29) Pause Mark Start
[84,582s][debug][gc,marking     ] GC(29) Using 1 mark stripes
[84,582s][debug][gc,marking     ] GC(29) Mark Worker/Stripe Distribution
[84,582s][debug][gc,marking     ] GC(29)   Worker 0(1) -> Stripe 0(1)
[84,582s][info ][gc,phases      ] GC(29) Pause Mark Start 0,046ms
[84,582s][debug][gc,phases,start] GC(29) Concurrent Mark
[84,583s][debug][gc,task        ] GC(29) Executing Task: XMarkRootsTask, Active Workers: 1
[84,584s][debug][gc,tlab        ] GC(29) TLAB totals: thrds: 24  refills: 34310 max: 17537 slow allocs: 7274 max 511 waste:  1,8% gc: 1595120B max: 186640B slow: 157766512B max: 25910712B
[84,584s][debug][gc,task        ] GC(29) Executing Task: XMarkTask, Active Workers: 1
[84,635s][debug][gc,marking     ] Expanding mark stack space: 32M->64M
[84,681s][debug][gc,alloc       ] Allocation Rate: 4164,0MB/s, Predicted: 3642,8MB/s, Avg: 3640,2(+/-332,3)MB/s
[84,741s][debug][gc,marking     ] Expanding mark stack space: 64M->96M
[84,781s][debug][gc,alloc       ] Allocation Rate: 3224,0MB/s, Predicted: 3619,7MB/s, Avg: 3544,8(+/-299,6)MB/s
[84,882s][debug][gc,alloc       ] Allocation Rate: 3408,0MB/s, Predicted: 3554,1MB/s, Avg: 3535,2(+/-302,2)MB/s
[84,916s][info ][gc,phases      ] GC(29) Concurrent Mark 333,206ms
[84,916s][debug][gc,phases,start] GC(29) Pause Mark End
[84,916s][info ][gc,phases      ] GC(29) Pause Mark End 0,026ms
[84,916s][debug][gc,phases,start] GC(29) Concurrent Mark Free
[84,916s][info ][gc,phases      ] GC(29) Concurrent Mark Free 0,019ms
[84,916s][debug][gc,phases,start] GC(29) Concurrent Process Non-Strong References
[84,916s][debug][gc,phases,start] GC(29) Concurrent References Process
[84,916s][debug][gc,task        ] GC(29) Executing Task: XReferenceProcessorTask, Active Workers: 1
[84,918s][debug][gc,phases      ] GC(29) Concurrent References Process 2,249ms
[84,918s][debug][gc,task        ] GC(29) Executing Task: XProcessWeakRootsTask, Active Workers: 1
[84,919s][debug][gc,phases,start] GC(29) Concurrent Classes Unlink
[84,919s][debug][gc,phases,start] GC(29) ClassLoaderData
[84,919s][debug][gc,phases      ] GC(29) ClassLoaderData 0,056ms
[84,919s][debug][gc,phases,start] GC(29) Trigger cleanups
[84,919s][debug][gc,phases      ] GC(29) Trigger cleanups 0,007ms
[84,919s][debug][gc,task        ] GC(29) Executing Task: XNMethodUnlinkTask, Active Workers: 1
[84,923s][debug][gc,phases      ] GC(29) Concurrent Classes Unlink 4,371ms
[84,924s][debug][gc,phases,start] GC(29) Concurrent Classes Purge
[84,924s][debug][gc,nmethod     ] GC(29) Unregister NMethod: net.openhft.chronicle.core.Maths.hash64 (0x000070b043ab4b10)
[84,924s][debug][gc,nmethod     ] GC(29) Unregister NMethod: com.github.benmanes.caffeine.cache.AccessOrderDeque.contains (0x000070b043a30490)
[84,924s][debug][gc,nmethod     ] GC(29) Unregister NMethod: io.sirix.index.path.summary.PathSummaryReader.moveToFirstChild (0x000070b044096f10)
[84,924s][debug][gc,nmethod     ] GC(29) Unregister NMethod: io.sirix.page.KeyValueLeafPage.getPinCount (0x000070b04410e410)
[84,924s][debug][gc,nmethod     ] GC(29) Unregister NMethod: com.github.benmanes.caffeine.cache.BoundedLocalCache.afterWrite (0x000070b0440ebf10)
[84,924s][debug][gc,nmethod     ] GC(29) Unregister NMethod: net.openhft.chronicle.bytes.internal.BytesInternal.parseUtf81 (0x000070b043fd5b90)
[84,924s][debug][gc,phases      ] GC(29) Concurrent Classes Purge 0,061ms
[84,924s][debug][gc,phases,start] GC(29) Concurrent References Enqueue
[84,924s][debug][gc,phases      ] GC(29) Concurrent References Enqueue 0,007ms
[84,924s][info ][gc,phases      ] GC(29) Concurrent Process Non-Strong References 7,759ms
[84,924s][debug][gc,phases,start] GC(29) Concurrent Reset Relocation Set
[84,924s][info ][gc,phases      ] GC(29) Concurrent Reset Relocation Set 0,077ms
[84,924s][debug][gc,phases,start] GC(29) Concurrent Select Relocation Set
[84,925s][debug][gc,task        ] GC(29) Executing Task: XRelocationSetInstallTask, Active Workers: 1
[84,925s][info ][gc,phases      ] GC(29) Concurrent Select Relocation Set 1,416ms
[84,925s][debug][gc,phases,start] GC(29) Pause Relocate Start
[84,925s][info ][gc,phases      ] GC(29) Pause Relocate Start 0,022ms
[84,925s][debug][gc,phases,start] GC(29) Concurrent Relocate
[84,925s][debug][gc,task        ] GC(29) Executing Task: XRelocateTask, Active Workers: 1
[84,932s][info ][gc,phases      ] GC(29) Concurrent Relocate 6,601ms
[84,932s][debug][gc,heap        ] GC(29) Heap after GC invocations=30 (full 30):
[84,932s][debug][gc,heap        ] GC(29)  ZHeap           used 2032M, capacity 11782M, max capacity 12288M
[84,932s][debug][gc,heap        ] GC(29)  Metaspace       used 31832K, committed 32192K, reserved 1114112K
[84,932s][debug][gc,heap        ] GC(29)   class space    used 3448K, committed 3648K, reserved 1048576K
[84,932s][info ][gc,load        ] GC(29) Load: 4,10/5,21/3,28
[84,932s][info ][gc,mmu         ] GC(29) MMU: 2ms/71,4%, 5ms/88,5%, 10ms/94,3%, 20ms/97,0%, 50ms/98,8%, 100ms/99,4%
[84,932s][info ][gc,marking     ] GC(29) Mark: 1 stripe(s), 2 proactive flush(es), 1 terminate flush(es), 0 completion(s), 0 continuation(s) 
[84,932s][info ][gc,marking     ] GC(29) Mark Stack Usage: 96M
[84,932s][info ][gc,nmethod     ] GC(29) NMethods: 4203 registered, 1348 unregistered
[84,932s][info ][gc,metaspace   ] GC(29) Metaspace: 31M used, 31M committed, 1088M reserved
[84,932s][info ][gc,ref         ] GC(29) Soft: 3937 encountered, 0 discovered, 0 enqueued
[84,932s][info ][gc,ref         ] GC(29) Weak: 1959 encountered, 103 discovered, 0 enqueued
[84,932s][info ][gc,ref         ] GC(29) Final: 11082 encountered, 11082 discovered, 11082 enqueued
[84,932s][info ][gc,ref         ] GC(29) Phantom: 576 encountered, 428 discovered, 174 enqueued
[84,932s][info ][gc,reloc       ] GC(29) Small Pages: 4761 / 9522M, Empty: 4144M, Relocated: 8M, In-Place: 0
[84,932s][info ][gc,reloc       ] GC(29) Medium Pages: 1 / 32M, Empty: 0M, Relocated: 0M, In-Place: 0
[84,932s][info ][gc,reloc       ] GC(29) Large Pages: 0 / 0M, Empty: 0M, Relocated: 0M, In-Place: 0
[84,932s][info ][gc,reloc       ] GC(29) Forwarding Usage: 3M
[84,932s][info ][gc,heap        ] GC(29) Min Capacity: 5120M(42%)
[84,932s][info ][gc,heap        ] GC(29) Max Capacity: 12288M(100%)
[84,932s][info ][gc,heap        ] GC(29) Soft Max Capacity: 12288M(100%)
[84,932s][info ][gc,heap        ] GC(29)                Mark Start          Mark End        Relocate Start      Relocate End           High               Low         
[84,932s][info ][gc,heap        ] GC(29)  Capacity:    11782M (96%)       11782M (96%)       11782M (96%)       11782M (96%)       11782M (96%)       11782M (96%)    
[84,932s][info ][gc,heap        ] GC(29)      Free:     2734M (22%)        1440M (12%)        5572M (45%)       10256M (83%)       10258M (83%)        1432M (12%)    
[84,932s][info ][gc,heap        ] GC(29)      Used:     9554M (78%)       10848M (88%)        6716M (55%)        2032M (17%)       10856M (88%)        2030M (17%)    
[84,932s][info ][gc,heap        ] GC(29)      Live:         -               522M (4%)          522M (4%)          522M (4%)             -                  -          
[84,932s][info ][gc,heap        ] GC(29) Allocated:         -              1294M (11%)        1306M (11%)        1321M (11%)            -                  -          
[84,932s][info ][gc,heap        ] GC(29)   Garbage:         -              9031M (74%)        4887M (40%)         188M (2%)             -                  -          
[84,932s][info ][gc,heap        ] GC(29) Reclaimed:         -                  -              4144M (34%)        8843M (72%)            -                  -          
[84,932s][info ][gc             ] GC(29) Garbage Collection (Allocation Rate) 9554M(78%)->2032M(17%)
[84,982s][debug][gc,alloc       ] Allocation Rate: 3392,0MB/s, Predicted: 3459,2MB/s, Avg: 3535,0(+/-302,3)MB/s
[84,982s][debug][gc,director    ] Select GC Workers (Normal), AvoidLongGCWorkers: 0,043, AvoidOOMGCWorkers: 0,209, LastGCWorkers: 1,000, GCWorkers: 0,209
[84,982s][debug][gc,director    ] Rule: Allocation Rate (Dynamic GC Workers), MaxAllocRate: 4529,8MB/s (+/-8,6%), Free: 10104MB, GCCPUTime: 0,435, GCDuration: 0,435s, TimeUntilOOM: 2,055s, TimeUntilGC: 1,520s, GCWorkers: 1 -> 1
[84,982s][debug][gc,director    ] Rule: High Usage, Free: 10104MB(82,2%)
[84,982s][debug][gc,director    ] Rule: Proactive, UsedUntilEnabled: 1118MB, TimeUntilEnabled: 299,950s
[85,082s][debug][gc,alloc       ] Allocation Rate: 3370,0MB/s, Predicted: 3366,8MB/s, Avg: 3528,4(+/-305,1)MB/s
[85,082s][debug][gc,director    ] Select GC Workers (Normal), AvoidLongGCWorkers: 0,043, AvoidOOMGCWorkers: 0,214, LastGCWorkers: 1,000, GCWorkers: 0,214
[85,082s][debug][gc,director    ] Rule: Allocation Rate (Dynamic GC Workers), MaxAllocRate: 4532,4MB/s (+/-8,6%), Free: 9902MB, GCCPUTime: 0,435, GCDuration: 0,435s, TimeUntilOOM: 2,011s, TimeUntilGC: 1,476s, GCWorkers: 1 -> 1
[85,082s][debug][gc,director    ] Rule: High Usage, Free: 9902MB(80,6%)
[85,082s][debug][gc,director    ] Rule: Proactive, UsedUntilEnabled: 916MB, TimeUntilEnabled: 299,850s
[85,181s][debug][gc,alloc       ] Allocation Rate: 4042,0MB/s, Predicted: 3544,4MB/s, Avg: 3590,2(+/-338,5)MB/s
[85,181s][debug][gc,director    ] Select GC Workers (Normal), AvoidLongGCWorkers: 0,043, AvoidOOMGCWorkers: 0,246, LastGCWorkers: 1,000, GCWorkers: 0,246
[85,181s][debug][gc,director    ] Rule: Allocation Rate (Dynamic GC Workers), MaxAllocRate: 4704,0MB/s (+/-9,4%), Free: 9016MB, GCCPUTime: 0,435, GCDuration: 0,435s, TimeUntilOOM: 1,752s, TimeUntilGC: 1,217s, GCWorkers: 1 -> 1
[85,181s][debug][gc,director    ] Rule: High Usage, Free: 9016MB(73,4%)
[85,181s][debug][gc,director    ] Rule: Proactive, UsedUntilEnabled: 30MB, TimeUntilEnabled: 299,750s
[85,282s][debug][gc,alloc       ] Allocation Rate: 3262,0MB/s, Predicted: 3544,8MB/s, Avg: 3508,0(+/-306,9)MB/s
[85,282s][debug][gc,director    ] Select GC Workers (Normal), AvoidLongGCWorkers: 0,043, AvoidOOMGCWorkers: 0,239, LastGCWorkers: 1,000, GCWorkers: 0,239
[85,282s][debug][gc,director    ] Rule: Allocation Rate (Dynamic GC Workers), MaxAllocRate: 4554,7MB/s (+/-8,7%), Free: 8914MB, GCCPUTime: 0,435, GCDuration: 0,435s, TimeUntilOOM: 1,800s, TimeUntilGC: 1,265s, GCWorkers: 1 -> 1
[85,282s][debug][gc,director    ] Rule: High Usage, Free: 8914MB(72,5%)
[85,282s][debug][gc,director    ] Rule: Proactive, AcceptableGCInterval: 4,523s, TimeSinceLastGC: 0,350s, TimeUntilGC: 4,173s
[85,382s][debug][gc,alloc       ] Allocation Rate: 3330,0MB/s, Predicted: 3422,9MB/s, Avg: 3509,2(+/-306,2)MB/s
[85,382s][debug][gc,director    ] Select GC Workers (Normal), AvoidLongGCWorkers: 0,043, AvoidOOMGCWorkers: 0,243, LastGCWorkers: 1,000, GCWorkers: 0,243
[85,382s][debug][gc,director    ] Rule: Allocation Rate (Dynamic GC Workers), MaxAllocRate: 4516,8MB/s (+/-8,7%), Free: 8684MB, GCCPUTime: 0,435, GCDuration: 0,435s, TimeUntilOOM: 1,768s, TimeUntilGC: 1,233s, GCWorkers: 1 -> 1
[85,382s][debug][gc,director    ] Rule: High Usage, Free: 8684MB(70,7%)
[85,382s][debug][gc,director    ] Rule: Proactive, AcceptableGCInterval: 4,523s, TimeSinceLastGC: 0,450s, TimeUntilGC: 4,073s
[85,482s][debug][gc,alloc       ] Allocation Rate: 3322,0MB/s, Predicted: 3332,8MB/s, Avg: 3496,2(+/-311,1)MB/s
[85,482s][debug][gc,director    ] Select GC Workers (Normal), AvoidLongGCWorkers: 0,043, AvoidOOMGCWorkers: 0,250, LastGCWorkers: 1,000, GCWorkers: 0,250
[85,482s][debug][gc,director    ] Rule: Allocation Rate (Dynamic GC Workers), MaxAllocRate: 4519,8MB/s (+/-8,9%), Free: 8452MB, GCCPUTime: 0,435, GCDuration: 0,435s, TimeUntilOOM: 1,717s, TimeUntilGC: 1,182s, GCWorkers: 1 -> 1
[85,482s][debug][gc,director    ] Rule: High Usage, Free: 8452MB(68,8%)
[85,482s][debug][gc,director    ] Rule: Proactive, AcceptableGCInterval: 4,523s, TimeSinceLastGC: 0,550s, TimeUntilGC: 3,972s
[85,581s][debug][gc,alloc       ] Allocation Rate: 3942,0MB/s, Predicted: 3498,3MB/s, Avg: 3545,6(+/-337,6)MB/s
[85,582s][debug][gc,director    ] Select GC Workers (Normal), AvoidLongGCWorkers: 0,043, AvoidOOMGCWorkers: 0,289, LastGCWorkers: 1,000, GCWorkers: 0,289
[85,582s][debug][gc,director    ] Rule: Allocation Rate (Dynamic GC Workers), MaxAllocRate: 4656,4MB/s (+/-9,5%), Free: 7594MB, GCCPUTime: 0,435, GCDuration: 0,435s, TimeUntilOOM: 1,489s, TimeUntilGC: 0,954s, GCWorkers: 1 -> 1
[85,582s][debug][gc,director    ] Rule: High Usage, Free: 7594MB(61,8%)
[85,582s][debug][gc,director    ] Rule: Proactive, AcceptableGCInterval: 4,523s, TimeSinceLastGC: 0,650s, TimeUntilGC: 3,873s
[85,682s][debug][gc,alloc       ] Allocation Rate: 3152,0MB/s, Predicted: 3505,7MB/s, Avg: 3444,4(+/-284,6)MB/s
[85,682s][debug][gc,director    ] Select GC Workers (Normal), AvoidLongGCWorkers: 0,043, AvoidOOMGCWorkers: 0,278, LastGCWorkers: 1,000, GCWorkers: 0,278
[85,682s][debug][gc,director    ] Rule: Allocation Rate (Dynamic GC Workers), MaxAllocRate: 4442,1MB/s (+/-8,3%), Free: 7440MB, GCCPUTime: 0,435, GCDuration: 0,435s, TimeUntilOOM: 1,547s, TimeUntilGC: 1,012s, GCWorkers: 1 -> 1
[85,682s][debug][gc,director    ] Rule: High Usage, Free: 7440MB(60,5%)
[85,682s][debug][gc,director    ] Rule: Proactive, AcceptableGCInterval: 4,523s, TimeSinceLastGC: 0,750s, TimeUntilGC: 3,773s
[85,782s][debug][gc,alloc       ] Allocation Rate: 3270,0MB/s, Predicted: 3377,2MB/s, Avg: 3449,0(+/-281,3)MB/s
[85,782s][debug][gc,director    ] Select GC Workers (Normal), AvoidLongGCWorkers: 0,043, AvoidOOMGCWorkers: 0,280, LastGCWorkers: 1,000, GCWorkers: 0,280
[85,782s][debug][gc,director    ] Rule: Allocation Rate (Dynamic GC Workers), MaxAllocRate: 4374,7MB/s (+/-8,2%), Free: 7264MB, GCCPUTime: 0,435, GCDuration: 0,435s, TimeUntilOOM: 1,535s, TimeUntilGC: 1,000s, GCWorkers: 1 -> 1
[85,782s][debug][gc,director    ] Rule: High Usage, Free: 7264MB(59,1%)
[85,782s][debug][gc,director    ] Rule: Proactive, AcceptableGCInterval: 4,523s, TimeSinceLastGC: 0,850s, TimeUntilGC: 3,673s
[85,881s][debug][gc,alloc       ] Allocation Rate: 3258,0MB/s, Predicted: 3289,9MB/s, Avg: 3434,0(+/-287,0)MB/s
[85,881s][debug][gc,director    ] Select GC Workers (Normal), AvoidLongGCWorkers: 0,043, AvoidOOMGCWorkers: 0,290, LastGCWorkers: 1,000, GCWorkers: 0,290
[85,881s][debug][gc,director    ] Rule: Allocation Rate (Dynamic GC Workers), MaxAllocRate: 4378,5MB/s (+/-8,4%), Free: 7052MB, GCCPUTime: 0,435, GCDuration: 0,435s, TimeUntilOOM: 1,486s, TimeUntilGC: 0,951s, GCWorkers: 1 -> 1
[85,881s][debug][gc,director    ] Rule: High Usage, Free: 7052MB(57,4%)
[85,881s][debug][gc,director    ] Rule: Proactive, AcceptableGCInterval: 4,523s, TimeSinceLastGC: 0,950s, TimeUntilGC: 3,573s
[85,982s][debug][gc,alloc       ] Allocation Rate: 3266,0MB/s, Predicted: 3211,5MB/s, Avg: 3421,4(+/-291,3)MB/s
[85,982s][debug][gc,director    ] Select GC Workers (Normal), AvoidLongGCWorkers: 0,043, AvoidOOMGCWorkers: 0,299, LastGCWorkers: 1,000, GCWorkers: 0,299
[85,982s][debug][gc,director    ] Rule: Allocation Rate (Dynamic GC Workers), MaxAllocRate: 4380,1MB/s (+/-8,5%), Free: 6836MB, GCCPUTime: 0,435, GCDuration: 0,435s, TimeUntilOOM: 1,438s, TimeUntilGC: 0,903s, GCWorkers: 1 -> 1
[85,982s][debug][gc,director    ] Rule: High Usage, Free: 6836MB(55,6%)
[85,982s][debug][gc,director    ] Rule: Proactive, AcceptableGCInterval: 4,523s, TimeSinceLastGC: 1,050s, TimeUntilGC: 3,473s
[86,082s][debug][gc,alloc       ] Allocation Rate: 4016,0MB/s, Predicted: 3435,6MB/s, Avg: 3486,0(+/-340,3)MB/s
[86,082s][debug][gc,director    ] Select GC Workers (Normal), AvoidLongGCWorkers: 0,043, AvoidOOMGCWorkers: 0,370, LastGCWorkers: 1,000, GCWorkers: 0,370
[86,082s][debug][gc,director    ] Rule: Allocation Rate (Dynamic GC Workers), MaxAllocRate: 4605,7MB/s (+/-9,8%), Free: 5886MB, GCCPUTime: 0,435, GCDuration: 0,435s, TimeUntilOOM: 1,164s, TimeUntilGC: 0,629s, GCWorkers: 1 -> 1
[86,082s][debug][gc,director    ] Rule: High Usage, Free: 5886MB(47,9%)
[86,082s][debug][gc,director    ] Rule: Proactive, AcceptableGCInterval: 4,523s, TimeSinceLastGC: 1,150s, TimeUntilGC: 3,373s
[86,182s][debug][gc,alloc       ] Allocation Rate: 3162,0MB/s, Predicted: 3454,3MB/s, Avg: 3398,0(+/-296,0)MB/s
[86,183s][debug][gc,director    ] Select GC Workers (Normal), AvoidLongGCWorkers: 0,043, AvoidOOMGCWorkers: 0,354, LastGCWorkers: 1,000, GCWorkers: 0,354
[86,183s][debug][gc,director    ] Rule: Allocation Rate (Dynamic GC Workers), MaxAllocRate: 4428,4MB/s (+/-8,7%), Free: 5854MB, GCCPUTime: 0,435, GCDuration: 0,435s, TimeUntilOOM: 1,216s, TimeUntilGC: 0,681s, GCWorkers: 1 -> 1
[86,183s][debug][gc,director    ] Rule: High Usage, Free: 5854MB(47,6%)
[86,183s][debug][gc,director    ] Rule: Proactive, AcceptableGCInterval: 4,523s, TimeSinceLastGC: 1,251s, TimeUntilGC: 3,272s
[86,282s][debug][gc,alloc       ] Allocation Rate: 3288,0MB/s, Predicted: 3374,0MB/s, Avg: 3400,6(+/-294,9)MB/s
[86,282s][debug][gc,director    ] Select GC Workers (Normal), AvoidLongGCWorkers: 0,043, AvoidOOMGCWorkers: 0,364, LastGCWorkers: 1,000, GCWorkers: 0,364
[86,282s][debug][gc,director    ] Rule: Allocation Rate (Dynamic GC Workers), MaxAllocRate: 4371,1MB/s (+/-8,7%), Free: 5626MB, GCCPUTime: 0,435, GCDuration: 0,435s, TimeUntilOOM: 1,184s, TimeUntilGC: 0,649s, GCWorkers: 1 -> 1
[86,282s][debug][gc,director    ] Rule: High Usage, Free: 5626MB(45,8%)
[86,282s][debug][gc,director    ] Rule: Proactive, AcceptableGCInterval: 4,523s, TimeSinceLastGC: 1,350s, TimeUntilGC: 3,173s
[86,382s][debug][gc,alloc       ] Allocation Rate: 3254,0MB/s, Predicted: 3296,5MB/s, Avg: 3393,0(+/-297,6)MB/s
[86,382s][debug][gc,director    ] Select GC Workers (Normal), AvoidLongGCWorkers: 0,043, AvoidOOMGCWorkers: 0,377, LastGCWorkers: 1,000, GCWorkers: 0,377
[86,382s][debug][gc,director    ] Rule: Allocation Rate (Dynamic GC Workers), MaxAllocRate: 4372,4MB/s (+/-8,8%), Free: 5430MB, GCCPUTime: 0,435, GCDuration: 0,435s, TimeUntilOOM: 1,142s, TimeUntilGC: 0,607s, GCWorkers: 1 -> 1
[86,382s][debug][gc,director    ] Rule: High Usage, Free: 5430MB(44,2%)
[86,382s][debug][gc,director    ] Rule: Proactive, AcceptableGCInterval: 4,523s, TimeSinceLastGC: 1,450s, TimeUntilGC: 3,073s
[86,481s][debug][gc,alloc       ] Allocation Rate: 3832,0MB/s, Predicted: 3453,2MB/s, Avg: 3444,0(+/-323,7)MB/s
[86,481s][debug][gc,director    ] Select GC Workers (Normal), AvoidLongGCWorkers: 0,043, AvoidOOMGCWorkers: 0,462, LastGCWorkers: 1,000, GCWorkers: 0,462
[86,481s][debug][gc,director    ] Rule: Allocation Rate (Dynamic GC Workers), MaxAllocRate: 4518,2MB/s (+/-9,4%), Free: 4620MB, GCCPUTime: 0,435, GCDuration: 0,435s, TimeUntilOOM: 0,935s, TimeUntilGC: 0,400s, GCWorkers: 1 -> 1
[86,481s][debug][gc,director    ] Rule: High Usage, Free: 4620MB(37,6%)
[86,481s][debug][gc,director    ] Rule: Proactive, AcceptableGCInterval: 4,523s, TimeSinceLastGC: 1,549s, TimeUntilGC: 2,973s
[86,581s][debug][gc,alloc       ] Allocation Rate: 2994,0MB/s, Predicted: 3406,0MB/s, Avg: 3349,2(+/-302,0)MB/s
[86,581s][debug][gc,director    ] Select GC Workers (Normal), AvoidLongGCWorkers: 0,043, AvoidOOMGCWorkers: 0,450, LastGCWorkers: 1,000, GCWorkers: 0,450
[86,581s][debug][gc,director    ] Rule: Allocation Rate (Dynamic GC Workers), MaxAllocRate: 4399,8MB/s (+/-9,0%), Free: 4602MB, GCCPUTime: 0,435, GCDuration: 0,435s, TimeUntilOOM: 0,959s, TimeUntilGC: 0,424s, GCWorkers: 1 -> 1
[86,581s][debug][gc,director    ] Rule: High Usage, Free: 4602MB(37,5%)
[86,581s][debug][gc,director    ] Rule: Proactive, AcceptableGCInterval: 4,523s, TimeSinceLastGC: 1,650s, TimeUntilGC: 2,873s
[86,584s][info ][gc,heap,exit   ] Heap
[86,584s][info ][gc,heap,exit   ]  ZHeap           used 7644M, capacity 11782M, max capacity 12288M
[86,584s][info ][gc,heap,exit   ]  Metaspace       used 32253K, committed 32640K, reserved 1114112K
[86,584s][info ][gc,heap,exit   ]   class space    used 3525K, committed 3712K, reserved 1048576K
