[0.008s][debug][gc,heap] Minimum heap 5368709120  Initial heap 5368709120  Maximum heap 12884901888
[0.008s][info ][gc,init] Initializing The Z Garbage Collector
[0.008s][info ][gc,init] Version: 22.0.2+9 (release)
[0.008s][info ][gc,init] Using legacy single-generation mode
[0.008s][info ][gc,init] NUMA Support: Disabled
[0.008s][info ][gc,init] CPUs: 20 total, 20 available
[0.008s][info ][gc,init] Memory: 31764M
[0.008s][info ][gc,init] Large Page Support: Disabled
[0.008s][info ][gc,init] GC Workers: 5 (dynamic)
[0.009s][info ][gc,init] Address Space Type: Contiguous/Unrestricted/Complete
[0.009s][info ][gc,init] Address Space Size: 196608M x 3 = 589824M
[0.009s][info ][gc,init] Heap Backing File: /memfd:java_heap
[0.009s][info ][gc,init] Heap Backing Filesystem: tmpfs (0x1021994)
[0.009s][info ][gc,init] Min Capacity: 5120M
[0.009s][info ][gc,init] Initial Capacity: 5120M
[0.009s][info ][gc,init] Max Capacity: 12288M
[0.009s][info ][gc,init] Medium Page Size: 32M
[0.009s][info ][gc,init] Pre-touch: Enabled
[0.009s][info ][gc,init] Available space on backing filesystem: N/A
[0.010s][info ][gc,init] Uncommit: Enabled
[0.010s][info ][gc,init] Uncommit Delay: 300s
[1.150s][debug][gc,task] Executing Task: XPreTouchTask, Active Workers: 5
[2.177s][debug][gc,marking] Expanding mark stack space: 0M->32M
[2.177s][info ][gc,init   ] Runtime Workers: 12
[2.179s][info ][gc        ] Using The Z Garbage Collector
[2.190s][info ][gc,metaspace] CDS archive(s) mapped at: [0x00007331be000000-0x00007331bec75000-0x00007331bec75000), size 13062144, SharedBaseAddress: 0x00007331be000000, ArchiveRelocationMode: 1.
[2.190s][info ][gc,metaspace] Compressed class space mapped at: 0x00007331bf000000-0x00007331ff000000, reserved size: 1073741824
[2.190s][info ][gc,metaspace] Narrow klass base: 0x00007331be000000, Narrow klass shift: 0, Narrow klass range: 0x100000000
[2,200s][debug][gc,heap     ] Uncommit Timeout: 299s
[2,202s][debug][gc,nmethod  ] Rebuilding NMethod Table: 0->1024 entries, 0(0%->0%) registered, 0(0%->0%) unregistered
[2,300s][debug][gc,alloc    ] Allocation Rate: 8,0MB/s, Predicted: 8,0MB/s, Avg: 8,0(+/-0,0)MB/s
[2,300s][debug][gc,director ] Rule: Warmup 10%, Used: 14MB, UsedThreshold: 1228MB
[2,300s][debug][gc,director ] Rule: High Usage, Free: 12232MB(99,5%)
[2,399s][debug][gc,alloc    ] Allocation Rate: 46,0MB/s, Predicted: 84,0MB/s, Avg: 27,0(+/-19,0)MB/s
[2,399s][debug][gc,director ] Rule: Warmup 10%, Used: 52MB, UsedThreshold: 1228MB
[2,399s][debug][gc,director ] Rule: High Usage, Free: 12194MB(99,2%)
[2,439s][debug][gc,nmethod  ] Rebuilding NMethod Table: 1024->2048 entries, 717(70%->35%) registered, 0(0%->0%) unregistered
[2,499s][debug][gc,alloc    ] Allocation Rate: 50,0MB/s, Predicted: 76,7MB/s, Avg: 34,7(+/-18,9)MB/s
[2,499s][debug][gc,director ] Rule: Warmup 10%, Used: 56MB, UsedThreshold: 1228MB
[2,499s][debug][gc,director ] Rule: High Usage, Free: 12190MB(99,2%)
[2,600s][debug][gc,alloc    ] Allocation Rate: 60,0MB/s, Predicted: 81,0MB/s, Avg: 41,0(+/-19,7)MB/s
[2,600s][debug][gc,director ] Rule: Warmup 10%, Used: 66MB, UsedThreshold: 1228MB
[2,600s][debug][gc,director ] Rule: High Usage, Free: 12180MB(99,1%)
[2,700s][debug][gc,alloc    ] Allocation Rate: 68,0MB/s, Predicted: 86,6MB/s, Avg: 46,4(+/-20,7)MB/s
[2,700s][debug][gc,director ] Rule: Warmup 10%, Used: 74MB, UsedThreshold: 1228MB
[2,700s][debug][gc,director ] Rule: High Usage, Free: 12172MB(99,1%)
[2,727s][debug][gc,nmethod  ] Rebuilding NMethod Table: 2048->4096 entries, 1434(70%->35%) registered, 0(0%->0%) unregistered
[2,800s][debug][gc,alloc    ] Allocation Rate: 74,0MB/s, Predicted: 91,6MB/s, Avg: 51,0(+/-21,5)MB/s
[2,800s][debug][gc,director ] Rule: Warmup 10%, Used: 80MB, UsedThreshold: 1228MB
[2,800s][debug][gc,director ] Rule: High Usage, Free: 12166MB(99,0%)
[2,900s][debug][gc,alloc    ] Allocation Rate: 80,0MB/s, Predicted: 96,6MB/s, Avg: 55,1(+/-22,3)MB/s
[2,900s][debug][gc,director ] Rule: Warmup 10%, Used: 86MB, UsedThreshold: 1228MB
[2,900s][debug][gc,director ] Rule: High Usage, Free: 12160MB(99,0%)
[2,999s][debug][gc,alloc    ] Allocation Rate: 86,0MB/s, Predicted: 101,6MB/s, Avg: 59,0(+/-23,3)MB/s
[2,999s][debug][gc,director ] Rule: Warmup 10%, Used: 92MB, UsedThreshold: 1228MB
[2,999s][debug][gc,director ] Rule: High Usage, Free: 12154MB(98,9%)
[3,100s][debug][gc,alloc    ] Allocation Rate: 136,0MB/s, Predicted: 126,4MB/s, Avg: 67,6(+/-32,7)MB/s
[3,100s][debug][gc,director ] Rule: Warmup 10%, Used: 142MB, UsedThreshold: 1228MB
[3,100s][debug][gc,director ] Rule: High Usage, Free: 12104MB(98,5%)
[3,200s][debug][gc,alloc    ] Allocation Rate: 188,0MB/s, Predicted: 162,8MB/s, Avg: 79,6(+/-47,6)MB/s
[3,200s][debug][gc,director ] Rule: Warmup 10%, Used: 194MB, UsedThreshold: 1228MB
[3,200s][debug][gc,director ] Rule: High Usage, Free: 12052MB(98,1%)
[3,300s][debug][gc,alloc    ] Allocation Rate: 186,0MB/s, Predicted: 186,3MB/s, Avg: 97,4(+/-50,7)MB/s
[3,300s][debug][gc,director ] Rule: Warmup 10%, Used: 200MB, UsedThreshold: 1228MB
[3,300s][debug][gc,director ] Rule: High Usage, Free: 12046MB(98,0%)
[3,399s][debug][gc,alloc    ] Allocation Rate: 158,0MB/s, Predicted: 196,8MB/s, Avg: 108,6(+/-50,5)MB/s
[3,399s][debug][gc,director ] Rule: Warmup 10%, Used: 210MB, UsedThreshold: 1228MB
[3,399s][debug][gc,director ] Rule: High Usage, Free: 12036MB(97,9%)
[3,499s][debug][gc,alloc    ] Allocation Rate: 158,0MB/s, Predicted: 200,9MB/s, Avg: 119,4(+/-48,3)MB/s
[3,499s][debug][gc,director ] Rule: Warmup 10%, Used: 214MB, UsedThreshold: 1228MB
[3,499s][debug][gc,director ] Rule: High Usage, Free: 12032MB(97,9%)
[3,599s][debug][gc,alloc    ] Allocation Rate: 160,0MB/s, Predicted: 201,3MB/s, Avg: 129,4(+/-45,2)MB/s
[3,599s][debug][gc,director ] Rule: Warmup 10%, Used: 226MB, UsedThreshold: 1228MB
[3,599s][debug][gc,director ] Rule: High Usage, Free: 12020MB(97,8%)
[3,632s][debug][gc,nmethod  ] Rebuilding NMethod Table: 4096->8192 entries, 2868(70%->35%) registered, 0(0%->0%) unregistered
[3,700s][debug][gc,alloc    ] Allocation Rate: 170,0MB/s, Predicted: 201,2MB/s, Avg: 139,6(+/-41,5)MB/s
[3,700s][debug][gc,director ] Rule: Warmup 10%, Used: 244MB, UsedThreshold: 1228MB
[3,700s][debug][gc,director ] Rule: High Usage, Free: 12002MB(97,7%)
[3,800s][debug][gc,alloc    ] Allocation Rate: 222,0MB/s, Predicted: 216,7MB/s, Avg: 154,4(+/-41,9)MB/s
[3,800s][debug][gc,director ] Rule: Warmup 10%, Used: 302MB, UsedThreshold: 1228MB
[3,800s][debug][gc,director ] Rule: High Usage, Free: 11944MB(97,2%)
[3,900s][debug][gc,alloc    ] Allocation Rate: 250,0MB/s, Predicted: 235,1MB/s, Avg: 171,4(+/-42,7)MB/s
[3,900s][debug][gc,director ] Rule: Warmup 10%, Used: 336MB, UsedThreshold: 1228MB
[3,900s][debug][gc,director ] Rule: High Usage, Free: 11910MB(96,9%)
[3,964s][info ][gc,heap,exit] Heap
[3,964s][info ][gc,heap,exit]  ZHeap           used 338M, capacity 5120M, max capacity 12288M
[3,965s][info ][gc,heap,exit]  Metaspace       used 20612K, committed 21184K, reserved 1114112K
[3,965s][info ][gc,heap,exit]   class space    used 2747K, committed 3008K, reserved 1048576K
