[0.009s][debug][gc,heap] Minimum heap 5368709120  Initial heap 5368709120  Maximum heap 12884901888
[0.009s][info ][gc,init] Initializing The Z Garbage Collector
[0.009s][info ][gc,init] Version: 22.0.2+9 (release)
[0.009s][info ][gc,init] Using legacy single-generation mode
[0.009s][info ][gc,init] NUMA Support: Disabled
[0.009s][info ][gc,init] CPUs: 20 total, 20 available
[0.009s][info ][gc,init] Memory: 31764M
[0.009s][info ][gc,init] Large Page Support: Disabled
[0.009s][info ][gc,init] GC Workers: 5 (dynamic)
[0.010s][info ][gc,init] Address Space Type: Contiguous/Unrestricted/Complete
[0.010s][info ][gc,init] Address Space Size: 196608M x 3 = 589824M
[0.010s][info ][gc,init] Heap Backing File: /memfd:java_heap
[0.010s][info ][gc,init] Heap Backing Filesystem: tmpfs (0x1021994)
[0.011s][info ][gc,init] Min Capacity: 5120M
[0.011s][info ][gc,init] Initial Capacity: 5120M
[0.011s][info ][gc,init] Max Capacity: 12288M
[0.011s][info ][gc,init] Medium Page Size: 32M
[0.011s][info ][gc,init] Pre-touch: Enabled
[0.011s][info ][gc,init] Available space on backing filesystem: N/A
[0.012s][info ][gc,init] Uncommit: Enabled
[0.012s][info ][gc,init] Uncommit Delay: 300s
[1.200s][debug][gc,task] Executing Task: XPreTouchTask, Active Workers: 5
[2.243s][debug][gc,marking] Expanding mark stack space: 0M->32M
[2.244s][info ][gc,init   ] Runtime Workers: 12
[2.245s][info ][gc        ] Using The Z Garbage Collector
[2.255s][info ][gc,metaspace] CDS archive(s) mapped at: [0x00007bdd3a000000-0x00007bdd3ac75000-0x00007bdd3ac75000), size 13062144, SharedBaseAddress: 0x00007bdd3a000000, ArchiveRelocationMode: 1.
[2.255s][info ][gc,metaspace] Compressed class space mapped at: 0x00007bdd3b000000-0x00007bdd7b000000, reserved size: 1073741824
[2.255s][info ][gc,metaspace] Narrow klass base: 0x00007bdd3a000000, Narrow klass shift: 0, Narrow klass range: 0x100000000
[2,265s][debug][gc,heap     ] Uncommit Timeout: 299s
[2,267s][debug][gc,nmethod  ] Rebuilding NMethod Table: 0->1024 entries, 0(0%->0%) registered, 0(0%->0%) unregistered
[2,365s][debug][gc,alloc    ] Allocation Rate: 8,0MB/s, Predicted: 8,0MB/s, Avg: 8,0(+/-0,0)MB/s
[2,365s][debug][gc,director ] Rule: Warmup 10%, Used: 14MB, UsedThreshold: 1228MB
[2,365s][debug][gc,director ] Rule: High Usage, Free: 12232MB(99,5%)
[2,464s][debug][gc,alloc    ] Allocation Rate: 46,0MB/s, Predicted: 84,0MB/s, Avg: 27,0(+/-19,0)MB/s
[2,464s][debug][gc,director ] Rule: Warmup 10%, Used: 52MB, UsedThreshold: 1228MB
[2,464s][debug][gc,director ] Rule: High Usage, Free: 12194MB(99,2%)
[2,507s][debug][gc,nmethod  ] Rebuilding NMethod Table: 1024->2048 entries, 717(70%->35%) registered, 0(0%->0%) unregistered
[2,564s][debug][gc,alloc    ] Allocation Rate: 50,0MB/s, Predicted: 76,7MB/s, Avg: 34,7(+/-18,9)MB/s
[2,565s][debug][gc,director ] Rule: Warmup 10%, Used: 56MB, UsedThreshold: 1228MB
[2,565s][debug][gc,director ] Rule: High Usage, Free: 12190MB(99,2%)
[2,665s][debug][gc,alloc    ] Allocation Rate: 58,0MB/s, Predicted: 79,0MB/s, Avg: 40,5(+/-19,3)MB/s
[2,665s][debug][gc,director ] Rule: Warmup 10%, Used: 64MB, UsedThreshold: 1228MB
[2,665s][debug][gc,director ] Rule: High Usage, Free: 12182MB(99,1%)
[2,765s][debug][gc,alloc    ] Allocation Rate: 64,0MB/s, Predicted: 82,4MB/s, Avg: 45,2(+/-19,6)MB/s
[2,765s][debug][gc,director ] Rule: Warmup 10%, Used: 70MB, UsedThreshold: 1228MB
[2,765s][debug][gc,director ] Rule: High Usage, Free: 12176MB(99,1%)
[2,818s][debug][gc,nmethod  ] Rebuilding NMethod Table: 2048->4096 entries, 1434(70%->35%) registered, 0(0%->0%) unregistered
[2,865s][debug][gc,alloc    ] Allocation Rate: 70,0MB/s, Predicted: 86,5MB/s, Avg: 49,3(+/-20,2)MB/s
[2,865s][debug][gc,director ] Rule: Warmup 10%, Used: 76MB, UsedThreshold: 1228MB
[2,865s][debug][gc,director ] Rule: High Usage, Free: 12170MB(99,0%)
[2,964s][debug][gc,alloc    ] Allocation Rate: 76,0MB/s, Predicted: 91,1MB/s, Avg: 53,1(+/-20,9)MB/s
[2,964s][debug][gc,director ] Rule: Warmup 10%, Used: 82MB, UsedThreshold: 1228MB
[2,964s][debug][gc,director ] Rule: High Usage, Free: 12164MB(99,0%)
[3,064s][debug][gc,alloc    ] Allocation Rate: 80,0MB/s, Predicted: 95,1MB/s, Avg: 56,5(+/-21,4)MB/s
[3,065s][debug][gc,director ] Rule: Warmup 10%, Used: 86MB, UsedThreshold: 1228MB
[3,065s][debug][gc,director ] Rule: High Usage, Free: 12160MB(99,0%)
[3,165s][debug][gc,alloc    ] Allocation Rate: 134,0MB/s, Predicted: 120,9MB/s, Avg: 65,1(+/-31,7)MB/s
[3,165s][debug][gc,director ] Rule: Warmup 10%, Used: 140MB, UsedThreshold: 1228MB
[3,165s][debug][gc,director ] Rule: High Usage, Free: 12106MB(98,5%)
[3,265s][debug][gc,alloc    ] Allocation Rate: 184,0MB/s, Predicted: 157,3MB/s, Avg: 77,0(+/-46,6)MB/s
[3,265s][debug][gc,director ] Rule: Warmup 10%, Used: 190MB, UsedThreshold: 1228MB
[3,265s][debug][gc,director ] Rule: High Usage, Free: 12056MB(98,1%)
[3,364s][debug][gc,alloc    ] Allocation Rate: 184,0MB/s, Predicted: 181,7MB/s, Avg: 94,6(+/-50,3)MB/s
[3,364s][debug][gc,director ] Rule: Warmup 10%, Used: 198MB, UsedThreshold: 1228MB
[3,364s][debug][gc,director ] Rule: High Usage, Free: 12048MB(98,0%)
[3,464s][debug][gc,alloc    ] Allocation Rate: 156,0MB/s, Predicted: 193,3MB/s, Avg: 105,6(+/-50,5)MB/s
[3,464s][debug][gc,director ] Rule: Warmup 10%, Used: 208MB, UsedThreshold: 1228MB
[3,464s][debug][gc,director ] Rule: High Usage, Free: 12038MB(98,0%)
[3,565s][debug][gc,alloc    ] Allocation Rate: 158,0MB/s, Predicted: 199,5MB/s, Avg: 116,4(+/-49,0)MB/s
[3,565s][debug][gc,director ] Rule: Warmup 10%, Used: 214MB, UsedThreshold: 1228MB
[3,565s][debug][gc,director ] Rule: High Usage, Free: 12032MB(97,9%)
[3,665s][debug][gc,alloc    ] Allocation Rate: 202,0MB/s, Predicted: 218,1MB/s, Avg: 130,8(+/-50,9)MB/s
[3,665s][debug][gc,director ] Rule: Warmup 10%, Used: 266MB, UsedThreshold: 1228MB
[3,665s][debug][gc,director ] Rule: High Usage, Free: 11980MB(97,5%)
[3,765s][debug][gc,alloc    ] Allocation Rate: 248,0MB/s, Predicted: 247,2MB/s, Avg: 149,2(+/-56,3)MB/s
[3,765s][debug][gc,director ] Rule: Warmup 10%, Used: 318MB, UsedThreshold: 1228MB
[3,765s][debug][gc,director ] Rule: High Usage, Free: 11928MB(97,1%)
[3,808s][debug][gc,nmethod  ] Rebuilding NMethod Table: 4096->8192 entries, 2868(70%->35%) registered, 0(0%->0%) unregistered
[3,864s][debug][gc,alloc    ] Allocation Rate: 254,0MB/s, Predicted: 268,0MB/s, Avg: 167,6(+/-57,5)MB/s
[3,864s][debug][gc,director ] Rule: Warmup 10%, Used: 330MB, UsedThreshold: 1228MB
[3,864s][debug][gc,director ] Rule: High Usage, Free: 11916MB(97,0%)
[3,882s][info ][gc,heap,exit] Heap
[3,882s][info ][gc,heap,exit]  ZHeap           used 332M, capacity 5120M, max capacity 12288M
[3,882s][info ][gc,heap,exit]  Metaspace       used 20347K, committed 20864K, reserved 1114112K
[3,882s][info ][gc,heap,exit]   class space    used 2713K, committed 2944K, reserved 1048576K
