[1.369s][info][gc] Using The Z Garbage Collector
[1,760s][info][gc] GC(0) Garbage Collection (Metadata GC Threshold) 86M(1%)->58M(1%)
[2,885s][info][gc] GC(1) Garbage Collection (Warmup) 902M(11%)->406M(5%)
[4,038s][info][gc] GC(2) Garbage Collection (Warmup) 1788M(22%)->792M(10%)
[4,958s][info][gc] GC(3) Garbage Collection (Warmup) 2550M(31%)->692M(8%)
[6,356s][info][gc] GC(4) Garbage Collection (Allocation Rate) 5226M(64%)->282M(3%)
[7,934s][info][gc] GC(5) Garbage Collection (Allocation Rate) 5306M(65%)->714M(9%)
[9,804s][info][gc] GC(6) Garbage Collection (Allocation Rate) 6086M(74%)->468M(6%)
[11,408s][info][gc] GC(7) Garbage Collection (Allocation Rate) 5408M(66%)->480M(6%)
[13,249s][info][gc] GC(8) Garbage Collection (Allocation Rate) 6424M(78%)->670M(8%)
[15,202s][info][gc] GC(9) Garbage Collection (Allocation Rate) 6402M(78%)->1398M(17%)
[16,803s][info][gc] GC(10) Garbage Collection (Allocation Rate) 6346M(77%)->582M(7%)
[18,378s][info][gc] GC(11) Garbage Collection (Allocation Rate) 5638M(69%)->340M(4%)
[20,295s][info][gc] GC(12) Garbage Collection (Allocation Rate) 5800M(71%)->1740M(21%)
[21,387s][info][gc] GC(13) Garbage Collection (Allocation Rate) 5336M(65%)->398M(5%)
[23,139s][info][gc] GC(14) Garbage Collection (Allocation Rate) 5666M(69%)->1448M(18%)
[24,807s][info][gc] GC(15) Garbage Collection (Allocation Rate) 5894M(72%)->1788M(22%)
[26,120s][info][gc] GC(16) Garbage Collection (Allocation Rate) 5574M(68%)->1362M(17%)
[27,651s][info][gc] GC(17) Garbage Collection (Allocation Rate) 6514M(80%)->246M(3%)
[29,820s][info][gc] GC(18) Garbage Collection (Allocation Rate) 7088M(87%)->644M(8%)
[31,712s][info][gc] GC(19) Garbage Collection (Allocation Rate) 6914M(84%)->696M(8%)
[33,346s][info][gc] GC(20) Garbage Collection (Allocation Rate) 6526M(80%)->172M(2%)
[35,427s][info][gc] GC(21) Garbage Collection (Allocation Rate) 6006M(73%)->1828M(22%)
[36,364s][info][gc] GC(22) Garbage Collection (Allocation Rate) 5162M(63%)->284M(3%)
[38,182s][info][gc] GC(23) Garbage Collection (Allocation Rate) 5706M(70%)->794M(10%)
[39,820s][info][gc] GC(24) Garbage Collection (Allocation Rate) 6532M(80%)->134M(2%)
[41,879s][info][gc] GC(25) Garbage Collection (Allocation Rate) 6614M(81%)->304M(4%)
[44,286s][info][gc] GC(26) Garbage Collection (Allocation Rate) 6970M(85%)->1352M(17%)
[45,578s][info][gc] GC(27) Garbage Collection (Allocation Rate) 5316M(65%)->322M(4%)
[47,618s][info][gc] GC(28) Garbage Collection (Allocation Rate) 5986M(73%)->1798M(22%)
[48,672s][info][gc] GC(29) Garbage Collection (Allocation Rate) 5236M(64%)->300M(4%)
[50,541s][info][gc] GC(30) Garbage Collection (Allocation Rate) 5664M(69%)->1456M(18%)
[52,179s][info][gc] GC(31) Garbage Collection (Allocation Rate) 5818M(71%)->1662M(20%)
[53,793s][info][gc] GC(32) Garbage Collection (Allocation Rate) 6030M(74%)->1658M(20%)
[55,137s][info][gc] GC(33) Garbage Collection (Allocation Rate) 6360M(78%)->246M(3%)
[57,028s][info][gc] GC(34) Garbage Collection (Allocation Rate) 5786M(71%)->1408M(17%)
[58,697s][info][gc] GC(35) Garbage Collection (Allocation Rate) 5872M(72%)->1764M(22%)
[60,161s][info][gc] GC(36) Garbage Collection (Allocation Rate) 5790M(71%)->1602M(20%)
