[1.363s][info][gc] Using The Z Garbage Collector
[1,832s][info][gc] GC(0) Garbage Collection (Metadata GC Threshold) 92M(1%)->60M(1%)
[2,747s][info][gc] GC(1) Garbage Collection (Warmup) 1028M(13%)->592M(7%)
[3,255s][info][gc] GC(2) Garbage Collection (Warmup) 1882M(23%)->616M(8%)
[4,059s][info][gc] GC(3) Garbage Collection (Warmup) 2658M(32%)->596M(7%)
[6,665s][info][gc] GC(4) Garbage Collection (Allocation Rate) 5828M(71%)->1312M(16%)
[6,837s][info][gc] GC(5) Garbage Collection (Allocation Rate) 1352M(17%)->738M(9%)
[9,350s][info][gc] GC(6) Garbage Collection (Allocation Rate) 6230M(76%)->1252M(15%)
[11,740s][info][gc] GC(7) Garbage Collection (Allocation Rate) 6588M(80%)->1220M(15%)
[14,132s][info][gc] GC(8) Garbage Collection (Allocation Rate) 6406M(78%)->1434M(18%)
[16,427s][info][gc] GC(9) Garbage Collection (Allocation Rate) 6368M(78%)->1480M(18%)
[18,736s][info][gc] GC(10) Garbage Collection (Allocation Rate) 6580M(80%)->1404M(17%)
[21,109s][info][gc] GC(11) Garbage Collection (Allocation Rate) 6784M(83%)->1298M(16%)
[23,526s][info][gc] GC(12) Garbage Collection (Allocation Rate) 6678M(82%)->1462M(18%)
[25,828s][info][gc] GC(13) Garbage Collection (Allocation Rate) 6544M(80%)->1474M(18%)
[28,119s][info][gc] GC(14) Garbage Collection (Allocation Rate) 6606M(81%)->1464M(18%)
[30,411s][info][gc] GC(15) Garbage Collection (Allocation Rate) 6626M(81%)->1414M(17%)
[32,818s][info][gc] GC(16) Garbage Collection (Allocation Rate) 6878M(84%)->1350M(16%)
[35,217s][info][gc] GC(17) Garbage Collection (Allocation Rate) 6786M(83%)->1442M(18%)
[37,531s][info][gc] GC(18) Garbage Collection (Allocation Rate) 6586M(80%)->1490M(18%)
[39,803s][info][gc] GC(19) Garbage Collection (Allocation Rate) 6694M(82%)->1436M(18%)
[42,122s][info][gc] GC(20) Garbage Collection (Allocation Rate) 6722M(82%)->1496M(18%)
[44,424s][info][gc] GC(21) Garbage Collection (Allocation Rate) 6720M(82%)->1488M(18%)
[46,725s][info][gc] GC(22) Garbage Collection (Allocation Rate) 6694M(82%)->1484M(18%)
[49,018s][info][gc] GC(23) Garbage Collection (Allocation Rate) 6690M(82%)->1464M(18%)
[51,346s][info][gc] GC(24) Garbage Collection (Allocation Rate) 6686M(82%)->1454M(18%)
[53,725s][info][gc] GC(25) Garbage Collection (Allocation Rate) 6564M(80%)->1478M(18%)
[56,119s][info][gc] GC(26) Garbage Collection (Allocation Rate) 6792M(83%)->1438M(18%)
[58,532s][info][gc] GC(27) Garbage Collection (Allocation Rate) 6764M(83%)->1472M(18%)
[60,915s][info][gc] GC(28) Garbage Collection (Allocation Rate) 6770M(83%)->1452M(18%)
[63,338s][info][gc] GC(29) Garbage Collection (Allocation Rate) 6754M(82%)->1472M(18%)
[65,726s][info][gc] GC(30) Garbage Collection (Allocation Rate) 6688M(82%)->1454M(18%)
[68,159s][info][gc] GC(31) Garbage Collection (Allocation Rate) 6738M(82%)->1554M(19%)
[70,450s][info][gc] GC(32) Garbage Collection (Allocation Rate) 6520M(80%)->1568M(19%)
[72,755s][info][gc] GC(33) Garbage Collection (Allocation Rate) 6546M(80%)->1546M(19%)
[75,156s][info][gc] GC(34) Garbage Collection (Allocation Rate) 6788M(83%)->1536M(19%)
[77,541s][info][gc] GC(35) Garbage Collection (Allocation Rate) 6784M(83%)->1514M(18%)
[79,839s][info][gc] GC(36) Garbage Collection (Allocation Rate) 6532M(80%)->1520M(19%)
[82,244s][info][gc] GC(37) Garbage Collection (Allocation Rate) 6812M(83%)->1526M(19%)
[84,640s][info][gc] GC(38) Garbage Collection (Allocation Rate) 6802M(83%)->1508M(18%)
[87,042s][info][gc] GC(39) Garbage Collection (Allocation Rate) 6782M(83%)->1538M(19%)
[89,462s][info][gc] GC(40) Garbage Collection (Allocation Rate) 6734M(82%)->1586M(19%)
[91,851s][info][gc] GC(41) Garbage Collection (Allocation Rate) 6736M(82%)->1526M(19%)
[94,255s][info][gc] GC(42) Garbage Collection (Allocation Rate) 6758M(82%)->1558M(19%)
[96,661s][info][gc] GC(43) Garbage Collection (Allocation Rate) 6738M(82%)->1576M(19%)
[99,030s][info][gc] GC(44) Garbage Collection (Allocation Rate) 6712M(82%)->1532M(19%)
[101,354s][info][gc] GC(45) Garbage Collection (Allocation Rate) 6556M(80%)->1572M(19%)
[103,655s][info][gc] GC(46) Garbage Collection (Allocation Rate) 6546M(80%)->1588M(19%)
