[1.217s][info][gc] Using The Z Garbage Collector
[1,600s][info][gc] GC(0) Garbage Collection (Metadata GC Threshold) 84M(1%)->58M(0%)
[3,003s][info][gc] GC(1) Garbage Collection (Warmup) 1648M(11%)->788M(5%)
[4,462s][info][gc] GC(2) Garbage Collection (Warmup) 3276M(21%)->1294M(8%)
[5,614s][info][gc] GC(3) Garbage Collection (Warmup) 4640M(30%)->1352M(9%)
[10,011s][info][gc] GC(4) Garbage Collection (Allocation Rate) 11512M(75%)->860M(6%)
[10,694s][info][gc] GC(5) Garbage Collection (Allocation Rate) 3282M(21%)->246M(2%)
[13,740s][info][gc] GC(6) Garbage Collection (Allocation Rate) 11708M(76%)->298M(2%)
[17,308s][info][gc] GC(7) Garbage Collection (Allocation Rate) 12242M(80%)->1556M(10%)
[17,410s][info][gc] GC(8) Garbage Collection (Allocation Rate) 1644M(11%)->466M(3%)
[20,791s][info][gc] GC(9) Garbage Collection (Allocation Rate) 13050M(85%)->452M(3%)
[24,565s][info][gc] GC(10) Garbage Collection (Allocation Rate) 13476M(88%)->1364M(9%)
[27,716s][info][gc] GC(11) Garbage Collection (Allocation Rate) 13104M(85%)->354M(2%)
[31,420s][info][gc] GC(12) Garbage Collection (Allocation Rate) 13450M(88%)->1528M(10%)
[34,613s][info][gc] GC(13) Garbage Collection (Allocation Rate) 13208M(86%)->706M(5%)
[38,264s][info][gc] GC(14) Garbage Collection (Allocation Rate) 13632M(89%)->1714M(11%)
[41,233s][info][gc] GC(15) Garbage Collection (Allocation Rate) 12990M(85%)->304M(2%)
[44,539s][info][gc] GC(16) Garbage Collection (Allocation Rate) 12950M(84%)->356M(2%)
[47,725s][info][gc] GC(17) Garbage Collection (Proactive) 12292M(80%)->710M(5%)
[50,656s][info][gc] GC(18) Garbage Collection (Allocation Rate) 11824M(77%)->428M(3%)
[53,899s][info][gc] GC(19) Garbage Collection (Allocation Rate) 13074M(85%)->224M(1%)
[58,899s][info][gc] GC(20) Garbage Collection (Allocation Rate) 13728M(89%)->4888M(32%)
[59,959s][info][gc] GC(21) Garbage Collection (Allocation Rate) 5722M(37%)->4012M(26%)
[62,476s][info][gc] GC(22) Garbage Collection (Allocation Rate) 9128M(59%)->5910M(38%)
[64,395s][info][gc] GC(23) Garbage Collection (Allocation Rate) 8628M(56%)->6986M(45%)
[66,091s][info][gc] GC(24) Garbage Collection (Allocation Rate) 8928M(58%)->7530M(49%)
[67,837s][info][gc] GC(25) Garbage Collection (Allocation Rate) 9828M(64%)->7270M(47%)
[69,407s][info][gc] GC(26) Garbage Collection (Allocation Rate) 10136M(66%)->6274M(41%)
[71,581s][info][gc] GC(27) Garbage Collection (Allocation Rate) 9940M(65%)->7446M(48%)
[73,570s][info][gc] GC(28) Garbage Collection (Allocation Rate) 10476M(68%)->7618M(50%)
[75,517s][info][gc] GC(29) Garbage Collection (Allocation Rate) 10684M(70%)->7414M(48%)
[77,105s][info][gc] GC(30) Garbage Collection (Allocation Rate) 10652M(69%)->6176M(40%)
[79,181s][info][gc] GC(31) Garbage Collection (Allocation Rate) 10314M(67%)->7190M(47%)
[81,089s][info][gc] GC(32) Garbage Collection (Allocation Rate) 10684M(70%)->7158M(47%)
[83,076s][info][gc] GC(33) Garbage Collection (Allocation Rate) 10930M(71%)->7150M(47%)
[85,059s][info][gc] GC(34) Garbage Collection (Allocation Rate) 10992M(72%)->7108M(46%)
[87,171s][info][gc] GC(35) Garbage Collection (Allocation Rate) 11324M(74%)->7112M(46%)
[89,280s][info][gc] GC(36) Garbage Collection (Allocation Rate) 11324M(74%)->7108M(46%)
[91,373s][info][gc] GC(37) Garbage Collection (Allocation Rate) 11252M(73%)->7184M(47%)
[93,461s][info][gc] GC(38) Garbage Collection (Allocation Rate) 11438M(74%)->7084M(46%)
[95,590s][info][gc] GC(39) Garbage Collection (Allocation Rate) 11324M(74%)->7224M(47%)
[97,700s][info][gc] GC(40) Garbage Collection (Allocation Rate) 11338M(74%)->7200M(47%)
[99,798s][info][gc] GC(41) Garbage Collection (Allocation Rate) 11302M(74%)->7186M(47%)
[101,889s][info][gc] GC(42) Garbage Collection (Allocation Rate) 11294M(74%)->7170M(47%)
[103,976s][info][gc] GC(43) Garbage Collection (Allocation Rate) 11328M(74%)->7170M(47%)
[106,234s][info][gc] GC(44) Garbage Collection (Allocation Rate) 11776M(77%)->6864M(45%)
[108,651s][info][gc] GC(45) Garbage Collection (Allocation Rate) 11870M(77%)->6970M(45%)
[111,006s][info][gc] GC(46) Garbage Collection (Allocation Rate) 11266M(73%)->6218M(40%)
[114,135s][info][gc] GC(47) Garbage Collection (Allocation Rate) 12214M(80%)->6630M(43%)
[116,953s][info][gc] GC(48) Garbage Collection (Allocation Rate) 12166M(79%)->7064M(46%)
[119,403s][info][gc] GC(49) Garbage Collection (Allocation Rate) 11280M(73%)->7150M(47%)
[121,678s][info][gc] GC(50) Garbage Collection (Allocation Rate) 11038M(72%)->7536M(49%)
[123,750s][info][gc] GC(51) Garbage Collection (Allocation Rate) 11134M(72%)->7384M(48%)
[125,800s][info][gc] GC(52) Garbage Collection (Allocation Rate) 11068M(72%)->7216M(47%)
[127,858s][info][gc] GC(53) Garbage Collection (Allocation Rate) 11086M(72%)->7162M(47%)
[130,056s][info][gc] GC(54) Garbage Collection (Allocation Rate) 11464M(75%)->7124M(46%)
[132,386s][info][gc] GC(55) Garbage Collection (Allocation Rate) 11690M(76%)->7160M(47%)
[134,548s][info][gc] GC(56) Garbage Collection (Allocation Rate) 11342M(74%)->7220M(47%)
[136,852s][info][gc] GC(57) Garbage Collection (Allocation Rate) 11876M(77%)->7200M(47%)
[139,068s][info][gc] GC(58) Garbage Collection (Allocation Rate) 11622M(76%)->7220M(47%)
[141,280s][info][gc] GC(59) Garbage Collection (Allocation Rate) 11566M(75%)->7224M(47%)
[143,563s][info][gc] GC(60) Garbage Collection (Allocation Rate) 11754M(77%)->7272M(47%)
[145,874s][info][gc] GC(61) Garbage Collection (Allocation Rate) 11884M(77%)->7236M(47%)
[148,407s][info][gc] GC(62) Garbage Collection (Allocation Rate) 12218M(80%)->7156M(47%)
[150,506s][info][gc] GC(63) Garbage Collection (Allocation Rate) 10996M(72%)->7362M(48%)
[152,719s][info][gc] GC(64) Garbage Collection (Allocation Rate) 11534M(75%)->7294M(47%)
[154,887s][info][gc] GC(65) Garbage Collection (Allocation Rate) 11402M(74%)->7358M(48%)
