[2024-02-14T16:48:55.228+0100][debug][gc,heap] Minimum heap 5368709120  Initial heap 5368709120  Maximum heap 16106127360
[2024-02-14T16:48:55.228+0100][info ][gc,init] Initializing The Z Garbage Collector
[2024-02-14T16:48:55.228+0100][info ][gc,init] Version: 21+35-jvmci-23.1-b15 (release)
[2024-02-14T16:48:55.228+0100][info ][gc,init] Using legacy single-generation mode
[2024-02-14T16:48:55.228+0100][info ][gc,init] NUMA Support: Disabled
[2024-02-14T16:48:55.228+0100][info ][gc,init] CPUs: 20 total, 20 available
[2024-02-14T16:48:55.229+0100][info ][gc,init] Memory: 31762M
[2024-02-14T16:48:55.229+0100][info ][gc,init] Large Page Support: Disabled
[2024-02-14T16:48:55.229+0100][info ][gc,init] GC Workers: 5 (dynamic)
[2024-02-14T16:48:55.229+0100][info ][gc,init] Address Space Type: Contiguous/Unrestricted/Complete
[2024-02-14T16:48:55.229+0100][info ][gc,init] Address Space Size: 245760M x 3 = 737280M
[2024-02-14T16:48:55.229+0100][info ][gc,init] Heap Backing File: /memfd:java_heap
[2024-02-14T16:48:55.229+0100][info ][gc,init] Heap Backing Filesystem: tmpfs (0x1021994)
[2024-02-14T16:48:55.229+0100][info ][gc,init] Min Capacity: 5120M
[2024-02-14T16:48:55.229+0100][info ][gc,init] Initial Capacity: 5120M
[2024-02-14T16:48:55.229+0100][info ][gc,init] Max Capacity: 15360M
[2024-02-14T16:48:55.229+0100][info ][gc,init] Medium Page Size: 32M
[2024-02-14T16:48:55.229+0100][info ][gc,init] Pre-touch: Enabled
[2024-02-14T16:48:55.229+0100][info ][gc,init] Available space on backing filesystem: N/A
[2024-02-14T16:48:55.230+0100][info ][gc,init] Uncommit: Enabled
[2024-02-14T16:48:55.230+0100][info ][gc,init] Uncommit Delay: 300s
[2024-02-14T16:48:56.256+0100][debug][gc,task] Executing Task: XPreTouchTask, Active Workers: 5
[2024-02-14T16:48:57.279+0100][debug][gc,marking] Expanding mark stack space: 0M->32M
[2024-02-14T16:48:57.280+0100][info ][gc,init   ] Runtime Workers: 12
[2024-02-14T16:48:57.281+0100][info ][gc        ] Using The Z Garbage Collector
[2024-02-14T16:48:57.281+0100][info ][gc,metaspace] CDS archive(s) not mapped
[2024-02-14T16:48:57.281+0100][info ][gc,metaspace] Compressed class space mapped at: 0x0000000080000000-0x00000000c0000000, reserved size: 1073741824
[2024-02-14T16:48:57.281+0100][info ][gc,metaspace] Narrow klass base: 0x0000000000000000, Narrow klass shift: 0, Narrow klass range: 0xc0000000
[2024-02-14T16:48:57.308+0100][debug][gc,heap     ] Uncommit Timeout: 299s
[2024-02-14T16:48:57.309+0100][debug][gc,nmethod  ] Rebuilding NMethod Table: 0->1024 entries, 0(0%->0%) registered, 0(0%->0%) unregistered
[2024-02-14T16:48:57.408+0100][debug][gc,alloc    ] Allocation Rate: 8,0MB/s, Predicted: 8,0MB/s, Avg: 8,0(+/-0,0)MB/s
[2024-02-14T16:48:57.408+0100][debug][gc,director ] Rule: Warmup 10%, Used: 12MB, UsedThreshold: 1536MB
[2024-02-14T16:48:57.408+0100][debug][gc,director ] Rule: High Usage, Free: 15306MB(99,6%)
[2024-02-14T16:48:57.507+0100][debug][gc,alloc    ] Allocation Rate: 48,0MB/s, Predicted: 88,0MB/s, Avg: 28,0(+/-20,0)MB/s
[2024-02-14T16:48:57.507+0100][debug][gc,director ] Rule: Warmup 10%, Used: 52MB, UsedThreshold: 1536MB
[2024-02-14T16:48:57.507+0100][debug][gc,director ] Rule: High Usage, Free: 15266MB(99,4%)
[2024-02-14T16:48:57.526+0100][debug][gc,nmethod  ] Rebuilding NMethod Table: 1024->2048 entries, 717(70%->35%) registered, 0(0%->0%) unregistered
[2024-02-14T16:48:57.607+0100][debug][gc,alloc    ] Allocation Rate: 52,0MB/s, Predicted: 80,0MB/s, Avg: 36,0(+/-19,9)MB/s
[2024-02-14T16:48:57.607+0100][debug][gc,director ] Rule: Warmup 10%, Used: 56MB, UsedThreshold: 1536MB
[2024-02-14T16:48:57.607+0100][debug][gc,director ] Rule: High Usage, Free: 15262MB(99,4%)
[2024-02-14T16:48:57.707+0100][debug][gc,alloc    ] Allocation Rate: 58,0MB/s, Predicted: 80,0MB/s, Avg: 41,5(+/-19,7)MB/s
[2024-02-14T16:48:57.707+0100][debug][gc,director ] Rule: Warmup 10%, Used: 62MB, UsedThreshold: 1536MB
[2024-02-14T16:48:57.707+0100][debug][gc,director ] Rule: High Usage, Free: 15256MB(99,3%)
[2024-02-14T16:48:57.808+0100][debug][gc,alloc    ] Allocation Rate: 62,0MB/s, Predicted: 81,0MB/s, Avg: 45,6(+/-19,4)MB/s
[2024-02-14T16:48:57.808+0100][debug][gc,director ] Rule: Warmup 10%, Used: 66MB, UsedThreshold: 1536MB
[2024-02-14T16:48:57.808+0100][debug][gc,director ] Rule: High Usage, Free: 15252MB(99,3%)
[2024-02-14T16:48:57.838+0100][debug][gc,nmethod  ] Rebuilding NMethod Table: 2048->4096 entries, 1434(70%->35%) registered, 0(0%->0%) unregistered
[2024-02-14T16:48:57.908+0100][debug][gc,alloc    ] Allocation Rate: 68,0MB/s, Predicted: 84,1MB/s, Avg: 49,3(+/-19,6)MB/s
[2024-02-14T16:48:57.908+0100][debug][gc,director ] Rule: Warmup 10%, Used: 72MB, UsedThreshold: 1536MB
[2024-02-14T16:48:57.908+0100][debug][gc,director ] Rule: High Usage, Free: 15246MB(99,3%)
[2024-02-14T16:48:58.007+0100][debug][gc,alloc    ] Allocation Rate: 72,0MB/s, Predicted: 87,1MB/s, Avg: 52,6(+/-19,8)MB/s
[2024-02-14T16:48:58.007+0100][debug][gc,director ] Rule: Warmup 10%, Used: 76MB, UsedThreshold: 1536MB
[2024-02-14T16:48:58.007+0100][debug][gc,director ] Rule: High Usage, Free: 15242MB(99,2%)
[2024-02-14T16:48:58.038+0100][debug][gc,heap     ] GC(0) Heap before GC invocations=0 (full 0):
[2024-02-14T16:48:58.038+0100][debug][gc,heap     ] GC(0)  ZHeap           used 80M, capacity 5120M, max capacity 15360M
[2024-02-14T16:48:58.038+0100][debug][gc,heap     ] GC(0)  Metaspace       used 21290K, committed 21568K, reserved 1114112K
[2024-02-14T16:48:58.038+0100][debug][gc,heap     ] GC(0)   class space    used 2252K, committed 2368K, reserved 1048576K
[2024-02-14T16:48:58.038+0100][info ][gc,start    ] GC(0) Garbage Collection (Metadata GC Threshold)
[2024-02-14T16:48:58.038+0100][info ][gc,task     ] GC(0) Using 5 workers
[2024-02-14T16:48:58.038+0100][debug][gc,phases,start] GC(0) Pause Mark Start
[2024-02-14T16:48:58.038+0100][debug][gc,marking     ] GC(0) Using 4 mark stripes
[2024-02-14T16:48:58.038+0100][debug][gc,marking     ] GC(0) Mark Worker/Stripe Distribution
[2024-02-14T16:48:58.038+0100][debug][gc,marking     ] GC(0)   Worker 0(5) -> Stripe 0(4)
[2024-02-14T16:48:58.038+0100][debug][gc,marking     ] GC(0)   Worker 1(5) -> Stripe 1(4)
[2024-02-14T16:48:58.038+0100][debug][gc,marking     ] GC(0)   Worker 2(5) -> Stripe 2(4)
[2024-02-14T16:48:58.038+0100][debug][gc,marking     ] GC(0)   Worker 3(5) -> Stripe 3(4)
[2024-02-14T16:48:58.038+0100][debug][gc,marking     ] GC(0)   Worker 4(5) -> Stripe 0(4)
[2024-02-14T16:48:58.038+0100][info ][gc,phases      ] GC(0) Pause Mark Start 0,099ms
[2024-02-14T16:48:58.038+0100][debug][gc,phases,start] GC(0) Concurrent Mark
[2024-02-14T16:48:58.038+0100][debug][gc,task        ] GC(0) Executing Task: XMarkRootsTask, Active Workers: 5
[2024-02-14T16:48:58.040+0100][debug][gc,tlab        ] GC(0) TLAB totals: thrds: 15  refills: 164 max: 130 slow allocs: 8 max 7 waste:  8,5% gc: 3263848B max: 261960B slow: 381584B max: 192904B
[2024-02-14T16:48:58.040+0100][debug][gc,task        ] GC(0) Executing Task: XMarkTask, Active Workers: 5
[2024-02-14T16:48:58.044+0100][info ][gc,phases      ] GC(0) Concurrent Mark 5,554ms
[2024-02-14T16:48:58.044+0100][debug][gc,phases,start] GC(0) Pause Mark End
[2024-02-14T16:48:58.044+0100][info ][gc,phases      ] GC(0) Pause Mark End 0,042ms
[2024-02-14T16:48:58.044+0100][debug][gc,phases,start] GC(0) Concurrent Mark Free
[2024-02-14T16:48:58.044+0100][info ][gc,phases      ] GC(0) Concurrent Mark Free 0,018ms
[2024-02-14T16:48:58.044+0100][debug][gc,phases,start] GC(0) Concurrent Process Non-Strong References
[2024-02-14T16:48:58.044+0100][debug][gc,phases,start] GC(0) Concurrent References Process
[2024-02-14T16:48:58.044+0100][debug][gc,task        ] GC(0) Executing Task: XReferenceProcessorTask, Active Workers: 5
[2024-02-14T16:48:58.044+0100][debug][gc,phases      ] GC(0) Concurrent References Process 0,122ms
[2024-02-14T16:48:58.044+0100][debug][gc,task        ] GC(0) Executing Task: XProcessWeakRootsTask, Active Workers: 5
[2024-02-14T16:48:58.045+0100][debug][gc,phases,start] GC(0) Concurrent Classes Unlink
[2024-02-14T16:48:58.045+0100][debug][gc,phases,start] GC(0) ClassLoaderData
[2024-02-14T16:48:58.045+0100][debug][gc,phases      ] GC(0) ClassLoaderData 0,019ms
[2024-02-14T16:48:58.045+0100][debug][gc,phases,start] GC(0) Trigger cleanups
[2024-02-14T16:48:58.045+0100][debug][gc,phases      ] GC(0) Trigger cleanups 0,009ms
[2024-02-14T16:48:58.045+0100][debug][gc,task        ] GC(0) Executing Task: XNMethodUnlinkTask, Active Workers: 5
[2024-02-14T16:48:58.045+0100][debug][gc,phases      ] GC(0) Concurrent Classes Unlink 0,739ms
[2024-02-14T16:48:58.045+0100][debug][gc,phases,start] GC(0) Concurrent Classes Purge
[2024-02-14T16:48:58.045+0100][debug][gc,nmethod     ] GC(0) Unregister NMethod: jdk.internal.loader.URLClassPath$JarLoader$2.getManifest (0x00007f9f0bbac690)
[2024-02-14T16:48:58.045+0100][debug][gc,nmethod     ] GC(0) Unregister NMethod: jdk.internal.org.objectweb.asm.ByteVector.putByte (0x00007f9f0ba50e90)
[2024-02-14T16:48:58.045+0100][debug][gc,nmethod     ] GC(0) Unregister NMethod: java.util.jar.JarFile.isMultiRelease (0x00007f9f0bad6b10)
[2024-02-14T16:48:58.045+0100][debug][gc,nmethod     ] GC(0) Unregister NMethod: java.lang.StringBuilder.toString (0x00007f9f0ba9af10)
[2024-02-14T16:48:58.045+0100][debug][gc,nmethod     ] GC(0) Unregister NMethod: java.util.LinkedHashMap.newNode (0x00007f9f0babeb10)
[2024-02-14T16:48:58.045+0100][debug][gc,nmethod     ] GC(0) Unregister NMethod: java.util.concurrent.ConcurrentHashMap.putVal (0x00007f9f2b35f710)
[2024-02-14T16:48:58.045+0100][debug][gc,nmethod     ] GC(0) Unregister NMethod: sun.invoke.util.VerifyAccess.isSamePackage (0x00007f9f0baf2090)
[2024-02-14T16:48:58.045+0100][debug][gc,nmethod     ] GC(0) Unregister NMethod: jdk.internal.loader.Resource.cachedInputStream (0x00007f9f0bb50a90)
[2024-02-14T16:48:58.045+0100][debug][gc,nmethod     ] GC(0) Unregister NMethod: jdk.internal.loader.URLClassPath$JarLoader.checkResource (0x00007f9f0bc24910)
[2024-02-14T16:48:58.045+0100][debug][gc,nmethod     ] GC(0) Unregister NMethod: java.lang.invoke.LambdaForm$MH/0x0000000080000800.invoke (0x00007f9f0bb3c610)
[2024-02-14T16:48:58.045+0100][debug][gc,nmethod     ] GC(0) Unregister NMethod: jdk.internal.loader.BuiltinClassLoader.loadClassOrNull (0x00007f9f0bb2a690)
[2024-02-14T16:48:58.045+0100][debug][gc,nmethod     ] GC(0) Unregister NMethod: java.util.jar.JarFile.ensureInitialization (0x00007f9f0bbad510)
[2024-02-14T16:48:58.045+0100][debug][gc,nmethod     ] GC(0) Unregister NMethod: java.util.zip.ZipFile$Source.zipCoderForPos (0x00007f9f0baaa110)
[2024-02-14T16:48:58.045+0100][debug][gc,nmethod     ] GC(0) Unregister NMethod: java.util.concurrent.ConcurrentHashMap.setTabAt (0x00007f9f0ba95310)
[2024-02-14T16:48:58.045+0100][debug][gc,nmethod     ] GC(0) Unregister NMethod: java.util.concurrent.ConcurrentHashMap.casTabAt (0x00007f9f0ba6cd90)
[2024-02-14T16:48:58.045+0100][debug][gc,nmethod     ] GC(0) Unregister NMethod: java.util.jar.JavaUtilJarAccessImpl.ensureInitialization (0x00007f9f0bbab310)
[2024-02-14T16:48:58.045+0100][debug][gc,nmethod     ] GC(0) Unregister NMethod: sun.net.www.ParseUtil.firstEncodeIndex (0x00007f9f0be37590)
[2024-02-14T16:48:58.046+0100][debug][gc,nmethod     ] GC(0) Unregister NMethod: java.lang.String.<init> (0x00007f9f0ba9c510)
[2024-02-14T16:48:58.046+0100][debug][gc,nmethod     ] GC(0) Unregister NMethod: sun.net.www.ParseUtil.firstEncodeIndex (0x00007f9f2b372510)
[2024-02-14T16:48:58.046+0100][debug][gc,nmethod     ] GC(0) Unregister NMethod: java.io.StreamTokenizer.read (0x00007f9f0be1e010)
[2024-02-14T16:48:58.046+0100][debug][gc,nmethod     ] GC(0) Unregister NMethod: java.lang.ref.ReferenceQueue.poll (0x00007f9f0bad0310)
[2024-02-14T16:48:58.046+0100][debug][gc,nmethod     ] GC(0) Unregister NMethod: java.util.HashMap.put (0x00007f9f2b364b90)
[2024-02-14T16:48:58.046+0100][debug][gc,nmethod     ] GC(0) Unregister NMethod: java.util.zip.ZipFile$Source.getEntryPos (0x00007f9f0bad8590)
[2024-02-14T16:48:58.046+0100][debug][gc,nmethod     ] GC(0) Unregister NMethod: java.io.BufferedReader.read (0x00007f9f0be1f310)
[2024-02-14T16:48:58.046+0100][debug][gc,nmethod     ] GC(0) Unregister NMethod: java.util.regex.Matcher.search (0x00007f9f0bab2810)
[2024-02-14T16:48:58.046+0100][debug][gc,nmethod     ] GC(0) Unregister NMethod: jdk.internal.jimage.ImageStringsReader.unmaskedHashCode (0x00007f9f0bc7a610)
[2024-02-14T16:48:58.046+0100][debug][gc,nmethod     ] GC(0) Unregister NMethod: java.util.LinkedHashMap.afterNodeInsertion (0x00007f9f0babfc10)
[2024-02-14T16:48:58.046+0100][debug][gc,nmethod     ] GC(0) Unregister NMethod: java.util.zip.InflaterInputStream.read (0x00007f9f0bafac90)
[2024-02-14T16:48:58.046+0100][debug][gc,nmethod     ] GC(0) Unregister NMethod: java.util.zip.ZipFile$Source.getEntryPos (0x00007f9f0bb80390)
[2024-02-14T16:48:58.046+0100][debug][gc,nmethod     ] GC(0) Unregister NMethod: jdk.internal.jimage.ImageStringsReader.unmaskedHashCode (0x00007f9f0baccc90)
[2024-02-14T16:48:58.046+0100][debug][gc,nmethod     ] GC(0) Unregister NMethod: java.util.zip.ZipCoder.hash (0x00007f9f0bb8b010)
[2024-02-14T16:48:58.046+0100][debug][gc,nmethod     ] GC(0) Unregister NMethod: jdk.internal.loader.URLClassPath.getLoader (0x00007f9f0badb610)
[2024-02-14T16:48:58.046+0100][debug][gc,nmethod     ] GC(0) Unregister NMethod: jdk.internal.reflect.ClassFileAssembler.emitShort (0x00007f9f0bb35d90)
[2024-02-14T16:48:58.046+0100][debug][gc,nmethod     ] GC(0) Unregister NMethod: java.lang.AbstractStringBuilder.<init> (0x00007f9f0ba9a710)
[2024-02-14T16:48:58.046+0100][debug][gc,nmethod     ] GC(0) Unregister NMethod: java.util.HashMap.get (0x00007f9f0ba5d290)
[2024-02-14T16:48:58.046+0100][debug][gc,nmethod     ] GC(0) Unregister NMethod: java.util.jar.JavaUtilJarAccessImpl.entryFor (0x00007f9f0bb5c690)
[2024-02-14T16:48:58.046+0100][debug][gc,nmethod     ] GC(0) Unregister NMethod: sun.reflect.generics.parser.SignatureParser.current (0x00007f9f0bc2ab90)
[2024-02-14T16:48:58.046+0100][debug][gc,nmethod     ] GC(0) Unregister NMethod: jdk.internal.org.objectweb.asm.SymbolTable.get (0x00007f9f0ba43f90)
[2024-02-14T16:48:58.046+0100][debug][gc,nmethod     ] GC(0) Unregister NMethod: java.util.concurrent.locks.AbstractQueuedSynchronizer.signalNext (0x00007f9f2b34b290)
[2024-02-14T16:48:58.046+0100][debug][gc,nmethod     ] GC(0) Unregister NMethod: jdk.internal.loader.Resource.getByteBuffer (0x00007f9f0bbab710)
[2024-02-14T16:48:58.046+0100][debug][gc,nmethod     ] GC(0) Unregister NMethod: java.util.concurrent.locks.AbstractQueuedSynchronizer.signalNext (0x00007f9f0ba77d90)
[2024-02-14T16:48:58.046+0100][debug][gc,nmethod     ] GC(0) Unregister NMethod: java.lang.AbstractStringBuilder.append (0x00007f9f2b34aa90)
[2024-02-14T16:48:58.046+0100][debug][gc,nmethod     ] GC(0) Unregister NMethod: java.lang.StringConcatHelper.prepend (0x00007f9f0bc53d10)
[2024-02-14T16:48:58.046+0100][debug][gc,nmethod     ] GC(0) Unregister NMethod: sun.net.www.ParseUtil.firstEncodeIndex (0x00007f9f0ba99310)
[2024-02-14T16:48:58.046+0100][debug][gc,nmethod     ] GC(0) Unregister NMethod: jdk.internal.misc.Blocker.end (0x00007f9f0babf010)
[2024-02-14T16:48:58.046+0100][debug][gc,nmethod     ] GC(0) Unregister NMethod: jdk.internal.org.objectweb.asm.ByteVector.putInt (0x00007f9f0baf2590)
[2024-02-14T16:48:58.046+0100][debug][gc,nmethod     ] GC(0) Unregister NMethod: java.util.zip.ZipFile.getZipEntry (0x00007f9f0bb8bc90)
[2024-02-14T16:48:58.046+0100][debug][gc,nmethod     ] GC(0) Unregister NMethod: java.lang.invoke.LambdaForm.uncustomize (0x00007f9f0baf4390)
[2024-02-14T16:48:58.046+0100][debug][gc,nmethod     ] GC(0) Unregister NMethod: java.lang.StringConcatHelper.prepend (0x00007f9f0bad1a90)
[2024-02-14T16:48:58.046+0100][debug][gc,nmethod     ] GC(0) Unregister NMethod: java.util.ImmutableCollections$SetN$SetNIterator.hasNext (0x00007f9f0ba2c290)
[2024-02-14T16:48:58.046+0100][debug][gc,nmethod     ] GC(0) Unregister NMethod: java.util.zip.ZipFile$Source.isMetaName (0x00007f9f0baae890)
[2024-02-14T16:48:58.046+0100][debug][gc,nmethod     ] GC(0) Unregister NMethod: java.lang.CharacterData.of (0x00007f9f0bb65610)
[2024-02-14T16:48:58.046+0100][debug][gc,nmethod     ] GC(0) Unregister NMethod: java.io.File.isInvalid (0x00007f9f0bace790)
[2024-02-14T16:48:58.046+0100][debug][gc,nmethod     ] GC(0) Unregister NMethod: java.lang.invoke.Invokers$Holder.linkToTargetMethod (0x00007f9f0bb3c210)
[2024-02-14T16:48:58.046+0100][debug][gc,nmethod     ] GC(0) Unregister NMethod: jdk.internal.reflect.ByteVectorImpl.add (0x00007f9f0bb20290)
[2024-02-14T16:48:58.046+0100][debug][gc,nmethod     ] GC(0) Unregister NMethod: java.util.stream.AbstractPipeline.isParallel (0x00007f9f0bcad610)
[2024-02-14T16:48:58.046+0100][debug][gc,nmethod     ] GC(0) Unregister NMethod: java.util.WeakHashMap.hash (0x00007f9f0badcd10)
[2024-02-14T16:48:58.046+0100][debug][gc,nmethod     ] GC(0) Unregister NMethod: jdk.internal.util.ArraysSupport.vectorizedHashCode (0x00007f9f0ba26390)
[2024-02-14T16:48:58.046+0100][debug][gc,nmethod     ] GC(0) Unregister NMethod: java.lang.StringLatin1.equals (0x00007f9f0ba28290)
[2024-02-14T16:48:58.046+0100][debug][gc,nmethod     ] GC(0) Unregister NMethod: jdk.internal.util.ArraysSupport.mismatch (0x00007f9f2b36cf10)
[2024-02-14T16:48:58.046+0100][debug][gc,nmethod     ] GC(0) Unregister NMethod: sun.security.util.KnownOIDs.register (0x00007f9f0bb2e690)
[2024-02-14T16:48:58.046+0100][debug][gc,nmethod     ] GC(0) Unregister NMethod: java.lang.String.replace (0x00007f9f0baa6710)
[2024-02-14T16:48:58.046+0100][debug][gc,nmethod     ] GC(0) Unregister NMethod: jdk.internal.org.objectweb.asm.SymbolTable.put (0x00007f9f0ba4a110)
[2024-02-14T16:48:58.046+0100][debug][gc,nmethod     ] GC(0) Unregister NMethod: java.util.Arrays.equals (0x00007f9f0bb1c010)
[2024-02-14T16:48:58.046+0100][debug][gc,nmethod     ] GC(0) Unregister NMethod: jdk.internal.org.objectweb.asm.SymbolTable$Entry.<init> (0x00007f9f0ba4be90)
[2024-02-14T16:48:58.046+0100][debug][gc,nmethod     ] GC(0) Unregister NMethod: java.util.ArrayList$Itr.next (0x00007f9f0bb32410)
[2024-02-14T16:48:58.046+0100][debug][gc,nmethod     ] GC(0) Unregister NMethod: jdk.internal.loader.Resource.getBytes (0x00007f9f0bc74c10)
[2024-02-14T16:48:58.046+0100][debug][gc,nmethod     ] GC(0) Unregister NMethod: java.nio.DirectLongBufferU.ix (0x00007f9f0bad6110)
[2024-02-14T16:48:58.046+0100][debug][gc,nmethod     ] GC(0) Unregister NMethod: jdk.internal.org.objectweb.asm.Frame.push (0x00007f9f0bb3c990)
[2024-02-14T16:48:58.046+0100][debug][gc,nmethod     ] GC(0) Unregister NMethod: java.net.URLClassLoader.defineClass (0x00007f9f0bc17c90)
[2024-02-14T16:48:58.046+0100][debug][gc,nmethod     ] GC(0) Unregister NMethod: java.util.ArrayList$Itr.<init> (0x00007f9f0bbb6310)
[2024-02-14T16:48:58.046+0100][debug][gc,nmethod     ] GC(0) Unregister NMethod: java.util.jar.JarFile.getManifest (0x00007f9f0bb88590)
[2024-02-14T16:48:58.046+0100][debug][gc,nmethod     ] GC(0) Unregister NMethod: java.lang.String.regionMatches (0x00007f9f0bae0b90)
[2024-02-14T16:48:58.046+0100][debug][gc,nmethod     ] GC(0) Unregister NMethod: java.util.Arrays.rangeCheck (0x00007f9f0bae9290)
[2024-02-14T16:48:58.046+0100][debug][gc,nmethod     ] GC(0) Unregister NMethod: java.lang.AbstractStringBuilder.append (0x00007f9f0ba76690)
[2024-02-14T16:48:58.046+0100][debug][gc,nmethod     ] GC(0) Unregister NMethod: jdk.internal.org.objectweb.asm.ByteVector.putUTF8 (0x00007f9f0ba45790)
[2024-02-14T16:48:58.046+0100][debug][gc,nmethod     ] GC(0) Unregister NMethod: java.util.HashMap.getNode (0x00007f9f0ba54b90)
[2024-02-14T16:48:58.046+0100][debug][gc,nmethod     ] GC(0) Unregister NMethod: java.lang.ClassLoader.getClassLoadingLock (0x00007f9f0bae7810)
[2024-02-14T16:48:58.046+0100][debug][gc,nmethod     ] GC(0) Unregister NMethod: java.util.ImmutableCollections$SetN.probe (0x00007f9f0ba25310)
[2024-02-14T16:48:58.046+0100][debug][gc,nmethod     ] GC(0) Unregister NMethod: java.lang.StringLatin1.canEncode (0x00007f9f2b347e10)
[2024-02-14T16:48:58.046+0100][debug][gc,nmethod     ] GC(0) Unregister NMethod: jdk.internal.loader.URLClassPath$JarLoader.findResource (0x00007f9f0bb7bf90)
[2024-02-14T16:48:58.046+0100][debug][gc,nmethod     ] GC(0) Unregister NMethod: java.lang.CharacterDataLatin1.equalsIgnoreCase (0x00007f9f0bc89f10)
[2024-02-14T16:48:58.046+0100][debug][gc,nmethod     ] GC(0) Unregister NMethod: sun.reflect.generics.parser.SignatureParser.advance (0x00007f9f0bc2a610)
[2024-02-14T16:48:58.046+0100][debug][gc,nmethod     ] GC(0) Unregister NMethod: sun.net.util.IPAddressUtil.checkHostString (0x00007f9f0bae1690)
[2024-02-14T16:48:58.046+0100][debug][gc,nmethod     ] GC(0) Unregister NMethod: java.lang.AbstractStringBuilder.append (0x00007f9f0ba6eb90)
[2024-02-14T16:48:58.046+0100][debug][gc,nmethod     ] GC(0) Unregister NMethod: java.lang.StringLatin1.indexOf (0x00007f9f0ba37610)
[2024-02-14T16:48:58.046+0100][debug][gc,nmethod     ] GC(0) Unregister NMethod: jdk.internal.util.ArraysSupport.mismatch (0x00007f9f0ba38290)
[2024-02-14T16:48:58.046+0100][debug][gc,nmethod     ] GC(0) Unregister NMethod: jdk.internal.org.objectweb.asm.Frame.execute (0x00007f9f0bb07710)
[2024-02-14T16:48:58.046+0100][debug][gc,nmethod     ] GC(0) Unregister NMethod: java.util.regex.Pattern$BmpCharPropertyGreedy.match (0x00007f9f0baad110)
[2024-02-14T16:48:58.046+0100][debug][gc,nmethod     ] GC(0) Unregister NMethod: java.lang.String.toString (0x00007f9f0baaf910)
[2024-02-14T16:48:58.046+0100][debug][gc,nmethod     ] GC(0) Unregister NMethod: java.lang.ClassLoader.checkName (0x00007f9f0bad3490)
[2024-02-14T16:48:58.046+0100][debug][gc,nmethod     ] GC(0) Unregister NMethod: java.lang.StringLatin1.canEncode (0x00007f9f0ba35890)
[2024-02-14T16:48:58.046+0100][debug][gc,nmethod     ] GC(0) Unregister NMethod: java.util.ArrayList.add (0x00007f9f0baadf90)
[2024-02-14T16:48:58.046+0100][debug][gc,nmethod     ] GC(0) Unregister NMethod: java.lang.invoke.MemberName.getReferenceKind (0x00007f9f0baa4510)
[2024-02-14T16:48:58.046+0100][debug][gc,nmethod     ] GC(0) Unregister NMethod: java.lang.String.startsWith (0x00007f9f0ba37f10)
[2024-02-14T16:48:58.046+0100][debug][gc,nmethod     ] GC(0) Unregister NMethod: java.lang.StringBuilder.append (0x00007f9f0ba6e810)
[2024-02-14T16:48:58.046+0100][debug][gc,nmethod     ] GC(0) Unregister NMethod: java.util.stream.ReduceOps$ReduceOp.evaluateSequential (0x00007f9f0bd67e90)
[2024-02-14T16:48:58.046+0100][debug][gc,nmethod     ] GC(0) Unregister NMethod: java.lang.String.<init> (0x00007f9f0bc08710)
[2024-02-14T16:48:58.046+0100][debug][gc,nmethod     ] GC(0) Unregister NMethod: java.util.jar.JarFile.getEntry (0x00007f9f0bada410)
[2024-02-14T16:48:58.046+0100][debug][gc,nmethod     ] GC(0) Unregister NMethod: java.lang.invoke.MemberName.getMethodOrFieldType (0x00007f9f0bb1b410)
[2024-02-14T16:48:58.046+0100][debug][gc,nmethod     ] GC(0) Unregister NMethod: java.lang.StringConcatHelper.newString (0x00007f9f0baed890)
[2024-02-14T16:48:58.046+0100][debug][gc,nmethod     ] GC(0) Unregister NMethod: sun.net.util.IPAddressUtil.checkHost (0x00007f9f0bae2a90)
[2024-02-14T16:48:58.046+0100][debug][gc,nmethod     ] GC(0) Unregister NMethod: java.lang.CharacterDataLatin1.isWhitespace (0x00007f9f0bcdc590)
[2024-02-14T16:48:58.046+0100][debug][gc,nmethod     ] GC(0) Unregister NMethod: java.util.concurrent.ConcurrentHashMap.putIfAbsent (0x00007f9f0ba3f810)
[2024-02-14T16:48:58.046+0100][debug][gc,nmethod     ] GC(0) Unregister NMethod: jdk.internal.loader.Resource.cachedInputStream (0x00007f9f0bc78010)
[2024-02-14T16:48:58.046+0100][debug][gc,nmethod     ] GC(0) Unregister NMethod: java.lang.ref.SoftReference.get (0x00007f9f0bb13f10)
[2024-02-14T16:48:58.046+0100][debug][gc,nmethod     ] GC(0) Unregister NMethod: java.lang.String.indexOf (0x00007f9f0ba38a90)
[2024-02-14T16:48:58.046+0100][debug][gc,nmethod     ] GC(0) Unregister NMethod: java.lang.StringUTF16.compress (0x00007f9f0ba7ae10)
[2024-02-14T16:48:58.046+0100][debug][gc,nmethod     ] GC(0) Unregister NMethod: java.lang.ref.Cleaner$1.apply (0x00007f9f0bace390)
[2024-02-14T16:48:58.046+0100][debug][gc,nmethod     ] GC(0) Unregister NMethod: java.lang.StringLatin1.indexOf (0x00007f9f0bad4190)
[2024-02-14T16:48:58.046+0100][debug][gc,nmethod     ] GC(0) Unregister NMethod: java.util.zip.ZipFile$ZipFileInputStream.close (0x00007f9f0baea290)
[2024-02-14T16:48:58.046+0100][debug][gc,nmethod     ] GC(0) Unregister NMethod: jdk.internal.loader.URLClassPath$JarLoader.getResource (0x00007f9f0bad9d10)
[2024-02-14T16:48:58.046+0100][debug][gc,nmethod     ] GC(0) Unregister NMethod: java.util.HashMap.put (0x00007f9f0ba5cb10)
[2024-02-14T16:48:58.047+0100][debug][gc,nmethod     ] GC(0) Unregister NMethod: jdk.internal.loader.BuiltinClassLoader.findLoadedModule (0x00007f9f0bb2a090)
[2024-02-14T16:48:58.047+0100][debug][gc,nmethod     ] GC(0) Unregister NMethod: jdk.internal.loader.URLClassPath$JarLoader.getResource (0x00007f9f0bc61a10)
[2024-02-14T16:48:58.047+0100][debug][gc,nmethod     ] GC(0) Unregister NMethod: java.util.concurrent.locks.AbstractQueuedSynchronizer.release (0x00007f9f0ba7ba10)
[2024-02-14T16:48:58.047+0100][debug][gc,nmethod     ] GC(0) Unregister NMethod: java.util.zip.ZipFile$CleanableResource.getInflater (0x00007f9f0bb51c90)
[2024-02-14T16:48:58.047+0100][debug][gc,nmethod     ] GC(0) Unregister NMethod: java.lang.ref.Reference.reachabilityFence (0x00007f9f0baa4210)
[2024-02-14T16:48:58.047+0100][debug][gc,nmethod     ] GC(0) Unregister NMethod: java.util.jar.JarFile.getEntry (0x00007f9f0bb85210)
[2024-02-14T16:48:58.047+0100][debug][gc,nmethod     ] GC(0) Unregister NMethod: java.util.HashMap.afterNodeInsertion (0x00007f9f0ba51c90)
[2024-02-14T16:48:58.047+0100][debug][gc,nmethod     ] GC(0) Unregister NMethod: java.util.regex.Matcher.search (0x00007f9f2b35cc90)
[2024-02-14T16:48:58.047+0100][debug][gc,nmethod     ] GC(0) Unregister NMethod: jdk.internal.loader.URLClassPath$JarLoader.ensureOpen (0x00007f9f0bb7c910)
[2024-02-14T16:48:58.047+0100][debug][gc,nmethod     ] GC(0) Unregister NMethod: jdk.internal.org.objectweb.asm.Type.getArgumentsAndReturnSizes (0x00007f9f0bb22710)
[2024-02-14T16:48:58.047+0100][debug][gc,nmethod     ] GC(0) Unregister NMethod: java.lang.Object.equals (0x00007f9f0ba64790)
[2024-02-14T16:48:58.047+0100][debug][gc,nmethod     ] GC(0) Unregister NMethod: java.util.Collections$SetFromMap.remove (0x00007f9f0baeaa10)
[2024-02-14T16:48:58.047+0100][debug][gc,nmethod     ] GC(0) Unregister NMethod: java.util.jar.Manifest$FastInputStream.readLine (0x00007f9f0bad4c10)
[2024-02-14T16:48:58.047+0100][debug][gc,nmethod     ] GC(0) Unregister NMethod: jdk.internal.org.objectweb.asm.SymbolTable.addConstantMemberReference (0x00007f9f0bb3df10)
[2024-02-14T16:48:58.047+0100][debug][gc,nmethod     ] GC(0) Unregister NMethod: java.util.zip.ZipFile.getEntry (0x00007f9f0bb81610)
[2024-02-14T16:48:58.047+0100][debug][gc,nmethod     ] GC(0) Unregister NMethod: jdk.internal.loader.URLClassPath$JarLoader.ensureOpen (0x00007f9f0bad6410)
[2024-02-14T16:48:58.047+0100][debug][gc,nmethod     ] GC(0) Unregister NMethod: jdk.internal.util.ArraysSupport.vectorizedHashCode (0x00007f9f2b344990)
[2024-02-14T16:48:58.047+0100][debug][gc,nmethod     ] GC(0) Unregister NMethod: java.util.zip.ZipFile.getEntry (0x00007f9f0bad7d90)
[2024-02-14T16:48:58.047+0100][debug][gc,nmethod     ] GC(0) Unregister NMethod: java.util.WeakHashMap.remove (0x00007f9f0baeae10)
[2024-02-14T16:48:58.047+0100][debug][gc,nmethod     ] GC(0) Unregister NMethod: java.lang.invoke.MethodType.parameterCount (0x00007f9f0ba4b010)
[2024-02-14T16:48:58.047+0100][debug][gc,nmethod     ] GC(0) Unregister NMethod: java.util.jar.JarFile.checkForSpecialAttributes (0x00007f9f0bc62790)
[2024-02-14T16:48:58.047+0100][debug][gc,nmethod     ] GC(0) Unregister NMethod: sun.net.util.IPAddressUtil.scan (0x00007f9f0bae1f90)
[2024-02-14T16:48:58.047+0100][debug][gc,nmethod     ] GC(0) Unregister NMethod: java.lang.ref.NativeReferenceQueue.poll (0x00007f9f0ba43890)
[2024-02-14T16:48:58.047+0100][debug][gc,nmethod     ] GC(0) Unregister NMethod: java.lang.StringLatin1.lastIndexOf (0x00007f9f0ba39a90)
[2024-02-14T16:48:58.047+0100][debug][gc,nmethod     ] GC(0) Unregister NMethod: java.util.concurrent.ConcurrentHashMap.get (0x00007f9f0ba48690)
[2024-02-14T16:48:58.047+0100][debug][gc,nmethod     ] GC(0) Unregister NMethod: java.util.jar.JarFile.getJarEntry (0x00007f9f0bad9790)
[2024-02-14T16:48:58.047+0100][debug][gc,nmethod     ] GC(0) Unregister NMethod: java.lang.String.getBytes (0x00007f9f0ba41410)
[2024-02-14T16:48:58.047+0100][debug][gc,nmethod     ] GC(0) Unregister NMethod: java.lang.String.equals (0x00007f9f0ba28810)
[2024-02-14T16:48:58.047+0100][debug][gc,nmethod     ] GC(0) Unregister NMethod: java.lang.StringUTF16.getChar (0x00007f9f0bc08310)
[2024-02-14T16:48:58.047+0100][debug][gc,nmethod     ] GC(0) Unregister NMethod: java.io.RandomAccessFile.seek (0x00007f9f0bad5710)
[2024-02-14T16:48:58.047+0100][debug][gc,nmethod     ] GC(0) Unregister NMethod: java.util.jar.JarFile.getEntry (0x00007f9f0bc61110)
[2024-02-14T16:48:58.047+0100][debug][gc,nmethod     ] GC(0) Unregister NMethod: java.util.concurrent.locks.ReentrantLock$NonfairSync.initialTryLock (0x00007f9f2b34c190)
[2024-02-14T16:48:58.047+0100][debug][gc,nmethod     ] GC(0) Unregister NMethod: java.lang.AbstractStringBuilder.append (0x00007f9f0bc03510)
[2024-02-14T16:48:58.047+0100][debug][gc,nmethod     ] GC(0) Unregister NMethod: java.util.concurrent.ConcurrentHashMap.putVal (0x00007f9f0ba3b590)
[2024-02-14T16:48:58.047+0100][debug][gc,nmethod     ] GC(0) Unregister NMethod: sun.net.www.ParseUtil.firstEncodeIndex (0x00007f9f2b373310)
[2024-02-14T16:48:58.047+0100][debug][gc,nmethod     ] GC(0) Unregister NMethod: java.util.HashMap.putVal (0x00007f9f0ba5e110)
[2024-02-14T16:48:58.047+0100][debug][gc,nmethod     ] GC(0) Unregister NMethod: java.lang.String.indexOf (0x00007f9f0bad4590)
[2024-02-14T16:48:58.047+0100][debug][gc,nmethod     ] GC(0) Unregister NMethod: java.util.WeakHashMap.expungeStaleEntries (0x00007f9f0badd790)
[2024-02-14T16:48:58.047+0100][debug][gc,nmethod     ] GC(0) Unregister NMethod: java.util.concurrent.locks.AbstractQueuedSynchronizer.compareAndSetState (0x00007f9f0ba78790)
[2024-02-14T16:48:58.047+0100][debug][gc,nmethod     ] GC(0) Unregister NMethod: java.lang.String.isEmpty (0x00007f9f0ba34890)
[2024-02-14T16:48:58.047+0100][debug][gc,nmethod     ] GC(0) Unregister NMethod: java.util.HashMap.putVal (0x00007f9f0ba52c10)
[2024-02-14T16:48:58.047+0100][debug][gc,nmethod     ] GC(0) Unregister NMethod: java.lang.String.indexOf (0x00007f9f0ba35510)
[2024-02-14T16:48:58.047+0100][debug][gc,nmethod     ] GC(0) Unregister NMethod: java.util.Optional.empty (0x00007f9f0bc1c190)
[2024-02-14T16:48:58.047+0100][debug][gc,nmethod     ] GC(0) Unregister NMethod: java.lang.String.<init> (0x00007f9f0baf6d90)
[2024-02-14T16:48:58.047+0100][debug][gc,nmethod     ] GC(0) Unregister NMethod: jdk.internal.misc.Unsafe.getShortUnaligned (0x00007f9f0ba8e210)
[2024-02-14T16:48:58.047+0100][debug][gc,nmethod     ] GC(0) Unregister NMethod: java.util.concurrent.ConcurrentHashMap.tabAt (0x00007f9f0ba3a190)
[2024-02-14T16:48:58.047+0100][debug][gc,nmethod     ] GC(0) Unregister NMethod: java.nio.DirectByteBuffer.get (0x00007f9f0bacbc90)
[2024-02-14T16:48:58.047+0100][debug][gc,nmethod     ] GC(0) Unregister NMethod: jdk.internal.loader.URLClassPath$JarLoader.getResource (0x00007f9f0bb84790)
[2024-02-14T16:48:58.047+0100][debug][gc,nmethod     ] GC(0) Unregister NMethod: jdk.internal.misc.Unsafe.allocateUninitializedArray (0x00007f9f0baa4d10)
[2024-02-14T16:48:58.047+0100][debug][gc,nmethod     ] GC(0) Unregister NMethod: java.util.concurrent.locks.ReentrantLock$NonfairSync.initialTryLock (0x00007f9f0ba79610)
[2024-02-14T16:48:58.047+0100][debug][gc,nmethod     ] GC(0) Unregister NMethod: java.util.jar.JarFile.isMultiRelease (0x00007f9f0bc70810)
[2024-02-14T16:48:58.047+0100][debug][gc,nmethod     ] GC(0) Unregister NMethod: java.lang.StringCoding.countPositives (0x00007f9f0baa9310)
[2024-02-14T16:48:58.047+0100][debug][gc,nmethod     ] GC(0) Unregister NMethod: java.util.zip.ZipCoder$UTF8ZipCoder.checkedHash (0x00007f9f0baac190)
[2024-02-14T16:48:58.047+0100][debug][gc,nmethod     ] GC(0) Unregister NMethod: sun.invoke.util.VerifyAccess.isClassAccessible (0x00007f9f0bb03a10)
[2024-02-14T16:48:58.047+0100][debug][gc,nmethod     ] GC(0) Unregister NMethod: java.lang.StringLatin1.regionMatchesCI (0x00007f9f0baf1b10)
[2024-02-14T16:48:58.047+0100][debug][gc,nmethod     ] GC(0) Unregister NMethod: java.lang.CharacterDataLatin1.toUpperCaseEx (0x00007f9f0bb2b710)
[2024-02-14T16:48:58.047+0100][debug][gc,nmethod     ] GC(0) Unregister NMethod: jdk.internal.misc.Unsafe.allocateUninitializedArray0 (0x00007f9f0ba9f790)
[2024-02-14T16:48:58.047+0100][debug][gc,nmethod     ] GC(0) Unregister NMethod: jdk.internal.loader.Resource.getBytes (0x00007f9f0bbaf310)
[2024-02-14T16:48:58.047+0100][debug][gc,nmethod     ] GC(0) Unregister NMethod: java.util.jar.JarFile.checkForSpecialAttributes (0x00007f9f0bb7d690)
[2024-02-14T16:48:58.047+0100][debug][gc,nmethod     ] GC(0) Unregister NMethod: java.io.RandomAccessFile.readBytes (0x00007f9f0bacf010)
[2024-02-14T16:48:58.047+0100][debug][gc,nmethod     ] GC(0) Unregister NMethod: jdk.internal.loader.URLClassPath.getLoader (0x00007f9f0bb85f10)
[2024-02-14T16:48:58.047+0100][debug][gc,nmethod     ] GC(0) Unregister NMethod: java.lang.System.getSecurityManager (0x00007f9f0ba96310)
[2024-02-14T16:48:58.047+0100][debug][gc,nmethod     ] GC(0) Unregister NMethod: java.lang.String.equalsIgnoreCase (0x00007f9f0bb01c90)
[2024-02-14T16:48:58.047+0100][debug][gc,nmethod     ] GC(0) Unregister NMethod: java.lang.String.indexOf (0x00007f9f0bcce390)
[2024-02-14T16:48:58.047+0100][debug][gc,nmethod     ] GC(0) Unregister NMethod: java.lang.invoke.LambdaForm.prepare (0x00007f9f0bb19c90)
[2024-02-14T16:48:58.047+0100][debug][gc,nmethod     ] GC(0) Unregister NMethod: java.util.jar.JarFile$JarFileEntry.getCodeSigners (0x00007f9f0bbb6710)
[2024-02-14T16:48:58.047+0100][debug][gc,nmethod     ] GC(0) Unregister NMethod: java.lang.String.startsWith (0x00007f9f0be2d410)
[2024-02-14T16:48:58.047+0100][debug][gc,nmethod     ] GC(0) Unregister NMethod: java.util.concurrent.locks.ReentrantLock$NonfairSync.initialTryLock (0x00007f9f0bc64b90)
[2024-02-14T16:48:58.047+0100][debug][gc,nmethod     ] GC(0) Unregister NMethod: java.lang.CharacterDataLatin1.toLowerCase (0x00007f9f0bb28490)
[2024-02-14T16:48:58.047+0100][debug][gc,nmethod     ] GC(0) Unregister NMethod: java.lang.Class.getName (0x00007f9f0ba72510)
[2024-02-14T16:48:58.047+0100][debug][gc,nmethod     ] GC(0) Unregister NMethod: java.util.zip.ZipUtils.CENHOW (0x00007f9f0baa9810)
[2024-02-14T16:48:58.047+0100][debug][gc,nmethod     ] GC(0) Unregister NMethod: java.io.BufferedReader.implRead (0x00007f9f0be1ea10)
[2024-02-14T16:48:58.047+0100][debug][gc,nmethod     ] GC(0) Unregister NMethod: java.lang.Object.<init> (0x00007f9f0ba24010)
[2024-02-14T16:48:58.047+0100][debug][gc,nmethod     ] GC(0) Unregister NMethod: java.util.ImmutableCollections$SetN$SetNIterator.next (0x00007f9f0ba3a810)
[2024-02-14T16:48:58.047+0100][debug][gc,nmethod     ] GC(0) Unregister NMethod: java.util.HashMap.putVal (0x00007f9f2b362810)
[2024-02-14T16:48:58.047+0100][debug][gc,nmethod     ] GC(0) Unregister NMethod: java.util.zip.ZipFile.ensureOpen (0x00007f9f0bb64f10)
[2024-02-14T16:48:58.047+0100][debug][gc,nmethod     ] GC(0) Unregister NMethod: java.util.Collections.emptyList (0x00007f9f0bbbb810)
[2024-02-14T16:48:58.047+0100][debug][gc,nmethod     ] GC(0) Unregister NMethod: java.util.jar.JarFile.getInputStream (0x00007f9f0bba8f10)
[2024-02-14T16:48:58.047+0100][debug][gc,nmethod     ] GC(0) Unregister NMethod: java.util.HashMap.get (0x00007f9f0ba59110)
[2024-02-14T16:48:58.047+0100][debug][gc,nmethod     ] GC(0) Unregister NMethod: java.util.HashMap.put (0x00007f9f0ba56510)
[2024-02-14T16:48:58.047+0100][debug][gc,nmethod     ] GC(0) Unregister NMethod: jdk.internal.misc.Blocker.begin (0x00007f9f0bac0090)
[2024-02-14T16:48:58.047+0100][debug][gc,nmethod     ] GC(0) Unregister NMethod: jdk.internal.org.objectweb.asm.ByteVector.put122 (0x00007f9f0baf5010)
[2024-02-14T16:48:58.047+0100][debug][gc,nmethod     ] GC(0) Unregister NMethod: java.util.regex.Pattern$$Lambda/0x00000000800a2880.is (0x00007f9f0baaba10)
[2024-02-14T16:48:58.047+0100][debug][gc,nmethod     ] GC(0) Unregister NMethod: java.util.zip.ZipUtils.SH (0x00007f9f0ba72110)
[2024-02-14T16:48:58.047+0100][debug][gc,nmethod     ] GC(0) Unregister NMethod: java.io.BufferedInputStream.getBufIfOpen (0x00007f9f0ba7a710)
[2024-02-14T16:48:58.047+0100][debug][gc,nmethod     ] GC(0) Unregister NMethod: jdk.internal.org.objectweb.asm.ByteVector.putShort (0x00007f9f0ba47d10)
[2024-02-14T16:48:58.047+0100][debug][gc,nmethod     ] GC(0) Unregister NMethod: java.net.URLClassLoader$1.run (0x00007f9f0bc15890)
[2024-02-14T16:48:58.047+0100][debug][gc,nmethod     ] GC(0) Unregister NMethod: java.util.jar.JarFile.getEntry (0x00007f9f2b37d790)
[2024-02-14T16:48:58.047+0100][debug][gc,nmethod     ] GC(0) Unregister NMethod: jdk.internal.org.objectweb.asm.MethodWriter.visitVarInsn (0x00007f9f0bb3b890)
[2024-02-14T16:48:58.047+0100][debug][gc,nmethod     ] GC(0) Unregister NMethod: java.lang.String.checkIndex (0x00007f9f0ba34110)
[2024-02-14T16:48:58.047+0100][debug][gc,nmethod     ] GC(0) Unregister NMethod: java.util.HashSet.add (0x00007f9f0ba58790)
[2024-02-14T16:48:58.047+0100][debug][gc,nmethod     ] GC(0) Unregister NMethod: java.util.zip.ZipFile$Source.nextEntryPos (0x00007f9f0baaca10)
[2024-02-14T16:48:58.047+0100][debug][gc,nmethod     ] GC(0) Unregister NMethod: java.util.zip.ZipFile$Source.checkAndAddEntry (0x00007f9f0bab3510)
[2024-02-14T16:48:58.047+0100][debug][gc,nmethod     ] GC(0) Unregister NMethod: java.lang.StringLatin1.replace (0x00007f9f0ba70a10)
[2024-02-14T16:48:58.047+0100][debug][gc,nmethod     ] GC(0) Unregister NMethod: java.io.UnixFileSystem.normalize (0x00007f9f0bada990)
[2024-02-14T16:48:58.047+0100][debug][gc,nmethod     ] GC(0) Unregister NMethod: jdk.internal.reflect.ByteVectorImpl.add (0x00007f9f0bb36790)
[2024-02-14T16:48:58.048+0100][debug][gc,nmethod     ] GC(0) Unregister NMethod: java.lang.String.isLatin1 (0x00007f9f2b342610)
[2024-02-14T16:48:58.048+0100][debug][gc,nmethod     ] GC(0) Unregister NMethod: java.util.jar.JarFile.checkForSpecialAttributes (0x00007f9f0bad6f10)
[2024-02-14T16:48:58.048+0100][debug][gc,nmethod     ] GC(0) Unregister NMethod: java.util.jar.JarFile.checkForSpecialAttributes (0x00007f9f2b375590)
[2024-02-14T16:48:58.048+0100][debug][gc,nmethod     ] GC(0) Unregister NMethod: java.util.zip.Inflater.ensureOpen (0x00007f9f0bae3f10)
[2024-02-14T16:48:58.048+0100][debug][gc,nmethod     ] GC(0) Unregister NMethod: java.lang.Math.max (0x00007f9f0ba36990)
[2024-02-14T16:48:58.048+0100][debug][gc,nmethod     ] GC(0) Unregister NMethod: java.util.concurrent.locks.AbstractQueuedSynchronizer.compareAndSetState (0x00007f9f2b34c590)
[2024-02-14T16:48:58.048+0100][debug][gc,nmethod     ] GC(0) Unregister NMethod: java.util.WeakHashMap.getTable (0x00007f9f0badd090)
[2024-02-14T16:48:58.048+0100][debug][gc,nmethod     ] GC(0) Unregister NMethod: java.lang.String.<init> (0x00007f9f0bc58310)
[2024-02-14T16:48:58.048+0100][debug][gc,nmethod     ] GC(0) Unregister NMethod: jdk.internal.misc.InternalLock.lock (0x00007f9f0ba79d10)
[2024-02-14T16:48:58.048+0100][debug][gc,nmethod     ] GC(0) Unregister NMethod: java.lang.StringLatin1.indexOfChar (0x00007f9f0ba34c90)
[2024-02-14T16:48:58.048+0100][debug][gc,nmethod     ] GC(0) Unregister NMethod: jdk.internal.reflect.ClassFileAssembler.emitByte (0x00007f9f0bb1fe10)
[2024-02-14T16:48:58.048+0100][debug][gc,nmethod     ] GC(0) Unregister NMethod: jdk.internal.misc.InternalLock.unlock (0x00007f9f0ba7c710)
[2024-02-14T16:48:58.048+0100][debug][gc,nmethod     ] GC(0) Unregister NMethod: java.lang.StringLatin1.indexOf (0x00007f9f0ba36d10)
[2024-02-14T16:48:58.048+0100][debug][gc,nmethod     ] GC(0) Unregister NMethod: java.lang.invoke.MethodHandle.<init> (0x00007f9f0bb19610)
[2024-02-14T16:48:58.048+0100][debug][gc,nmethod     ] GC(0) Unregister NMethod: jdk.internal.org.objectweb.asm.Symbol.<init> (0x00007f9f0ba49d10)
[2024-02-14T16:48:58.048+0100][debug][gc,nmethod     ] GC(0) Unregister NMethod: java.lang.String.isLatin1 (0x00007f9f0ba32b90)
[2024-02-14T16:48:58.048+0100][debug][gc,nmethod     ] GC(0) Unregister NMethod: java.util.concurrent.locks.ReentrantLock$Sync.tryRelease (0x00007f9f0ba7b390)
[2024-02-14T16:48:58.048+0100][debug][gc,nmethod     ] GC(0) Unregister NMethod: jdk.internal.org.objectweb.asm.SymbolTable.addConstantUtf8 (0x00007f9f0ba4c690)
[2024-02-14T16:48:58.048+0100][debug][gc,nmethod     ] GC(0) Unregister NMethod: java.nio.DirectLongBufferU.put (0x00007f9f0bae6b10)
[2024-02-14T16:48:58.048+0100][debug][gc,nmethod     ] GC(0) Unregister NMethod: jdk.internal.perf.PerfCounter.add (0x00007f9f0bae5190)
[2024-02-14T16:48:58.048+0100][debug][gc,nmethod     ] GC(0) Unregister NMethod: java.nio.DirectByteBuffer.ix (0x00007f9f0bacad10)
[2024-02-14T16:48:58.048+0100][debug][gc,nmethod     ] GC(0) Unregister NMethod: java.lang.String.substring (0x00007f9f0ba67010)
[2024-02-14T16:48:58.048+0100][debug][gc,nmethod     ] GC(0) Unregister NMethod: java.util.jar.JarFile.getManifestFromReference (0x00007f9f0bb88910)
[2024-02-14T16:48:58.048+0100][debug][gc,nmethod     ] GC(0) Unregister NMethod: java.lang.String.charAt (0x00007f9f0ba33510)
[2024-02-14T16:48:58.048+0100][debug][gc,nmethod     ] GC(0) Unregister NMethod: java.lang.Integer.rotateLeft (0x00007f9f0bb32b10)
[2024-02-14T16:48:58.048+0100][debug][gc,nmethod     ] GC(0) Unregister NMethod: java.lang.invoke.MethodType.parameterType (0x00007f9f0ba4c290)
[2024-02-14T16:48:58.048+0100][debug][gc,nmethod     ] GC(0) Unregister NMethod: java.util.concurrent.locks.AbstractQueuedSynchronizer.signalNext (0x00007f9f0be1d610)
[2024-02-14T16:48:58.048+0100][debug][gc,nmethod     ] GC(0) Unregister NMethod: java.util.regex.Pattern$BmpCharPropertyGreedy.match (0x00007f9f2b359410)
[2024-02-14T16:48:58.048+0100][debug][gc,nmethod     ] GC(0) Unregister NMethod: jdk.internal.loader.Resource.getByteBuffer (0x00007f9f0bc81f10)
[2024-02-14T16:48:58.048+0100][debug][gc,nmethod     ] GC(0) Unregister NMethod: java.io.RandomAccessFile.readFully (0x00007f9f0bad3c10)
[2024-02-14T16:48:58.048+0100][debug][gc,nmethod     ] GC(0) Unregister NMethod: jdk.internal.org.objectweb.asm.SymbolTable.addConstantUtf8Reference (0x00007f9f0baf0410)
[2024-02-14T16:48:58.048+0100][debug][gc,nmethod     ] GC(0) Unregister NMethod: java.util.jar.JarFile.maybeInstantiateVerifier (0x00007f9f0baed410)
[2024-02-14T16:48:58.048+0100][debug][gc,nmethod     ] GC(0) Unregister NMethod: jdk.internal.org.objectweb.asm.ByteVector.put12 (0x00007f9f0bab7110)
[2024-02-14T16:48:58.048+0100][debug][gc,nmethod     ] GC(0) Unregister NMethod: java.util.LinkedHashMap.get (0x00007f9f0baecc90)
[2024-02-14T16:48:58.048+0100][debug][gc,nmethod     ] GC(0) Unregister NMethod: java.util.Objects.requireNonNull (0x00007f9f0baa7b90)
[2024-02-14T16:48:58.048+0100][debug][gc,nmethod     ] GC(0) Unregister NMethod: java.lang.String.startsWith (0x00007f9f0ba35c10)
[2024-02-14T16:48:58.048+0100][debug][gc,nmethod     ] GC(0) Unregister NMethod: java.lang.AbstractStringBuilder.ensureCapacityInternal (0x00007f9f0ba4b390)
[2024-02-14T16:48:58.048+0100][debug][gc,nmethod     ] GC(0) Unregister NMethod: java.nio.DirectLongBufferU.get (0x00007f9f0bae6210)
[2024-02-14T16:48:58.048+0100][debug][gc,nmethod     ] GC(0) Unregister NMethod: java.lang.String.startsWith (0x00007f9f2b392810)
[2024-02-14T16:48:58.048+0100][debug][gc,nmethod     ] GC(0) Unregister NMethod: java.lang.CharacterDataLatin1.equalsIgnoreCase (0x00007f9f0badf410)
[2024-02-14T16:48:58.048+0100][debug][gc,nmethod     ] GC(0) Unregister NMethod: java.util.zip.ZipFile.ensureOpen (0x00007f9f0bad2f10)
[2024-02-14T16:48:58.048+0100][debug][gc,nmethod     ] GC(0) Unregister NMethod: java.lang.String.length (0x00007f9f0ba32710)
[2024-02-14T16:48:58.048+0100][debug][gc,nmethod     ] GC(0) Unregister NMethod: java.lang.String.startsWith (0x00007f9f2b36d510)
[2024-02-14T16:48:58.048+0100][debug][gc,nmethod     ] GC(0) Unregister NMethod: java.lang.String.<init> (0x00007f9f0ba40590)
[2024-02-14T16:48:58.048+0100][debug][gc,nmethod     ] GC(0) Unregister NMethod: java.lang.String.coder (0x00007f9f0ba32390)
[2024-02-14T16:48:58.048+0100][debug][gc,nmethod     ] GC(0) Unregister NMethod: java.util.ArrayList$Itr.hasNext (0x00007f9f0bb2de10)
[2024-02-14T16:48:58.048+0100][debug][gc,nmethod     ] GC(0) Unregister NMethod: java.util.HashMap.getNode (0x00007f9f2b34fa90)
[2024-02-14T16:48:58.048+0100][debug][gc,nmethod     ] GC(0) Unregister NMethod: java.util.zip.ZipCoder.hash (0x00007f9f0bad9190)
[2024-02-14T16:48:58.048+0100][debug][gc,nmethod     ] GC(0) Unregister NMethod: java.util.HashMap.newNode (0x00007f9f0ba51390)
[2024-02-14T16:48:58.048+0100][debug][gc,nmethod     ] GC(0) Unregister NMethod: java.util.concurrent.ConcurrentHashMap.addCount (0x00007f9f0ba3e490)
[2024-02-14T16:48:58.048+0100][debug][gc,nmethod     ] GC(0) Unregister NMethod: jdk.internal.misc.Unsafe.putReferenceRelease (0x00007f9f0ba94c90)
[2024-02-14T16:48:58.048+0100][debug][gc,nmethod     ] GC(0) Unregister NMethod: java.lang.String.hashCode (0x00007f9f0ba24310)
[2024-02-14T16:48:58.048+0100][debug][gc,nmethod     ] GC(0) Unregister NMethod: java.util.Objects.requireNonNull (0x00007f9f0ba2ac10)
[2024-02-14T16:48:58.048+0100][debug][gc,phases      ] GC(0) Concurrent Classes Purge 2,727ms
[2024-02-14T16:48:58.048+0100][debug][gc,phases,start] GC(0) Concurrent References Enqueue
[2024-02-14T16:48:58.048+0100][debug][gc,phases      ] GC(0) Concurrent References Enqueue 0,011ms
[2024-02-14T16:48:58.048+0100][info ][gc,phases      ] GC(0) Concurrent Process Non-Strong References 3,855ms
[2024-02-14T16:48:58.048+0100][debug][gc,phases,start] GC(0) Concurrent Reset Relocation Set
[2024-02-14T16:48:58.048+0100][info ][gc,phases      ] GC(0) Concurrent Reset Relocation Set 0,009ms
[2024-02-14T16:48:58.048+0100][debug][gc,phases,start] GC(0) Concurrent Select Relocation Set
[2024-02-14T16:48:58.053+0100][debug][gc,task        ] GC(0) Executing Task: XRelocationSetInstallTask, Active Workers: 5
[2024-02-14T16:48:58.053+0100][info ][gc,phases      ] GC(0) Concurrent Select Relocation Set 5,208ms
[2024-02-14T16:48:58.053+0100][debug][gc,phases,start] GC(0) Pause Relocate Start
[2024-02-14T16:48:58.053+0100][info ][gc,phases      ] GC(0) Pause Relocate Start 0,036ms
[2024-02-14T16:48:58.054+0100][debug][gc,phases,start] GC(0) Concurrent Relocate
[2024-02-14T16:48:58.054+0100][debug][gc,task        ] GC(0) Executing Task: XRelocateTask, Active Workers: 5
[2024-02-14T16:48:58.056+0100][info ][gc,phases      ] GC(0) Concurrent Relocate 2,227ms
[2024-02-14T16:48:58.056+0100][debug][gc,heap        ] GC(0) Heap after GC invocations=1 (full 1):
[2024-02-14T16:48:58.056+0100][debug][gc,heap        ] GC(0)  ZHeap           used 56M, capacity 5120M, max capacity 15360M
[2024-02-14T16:48:58.056+0100][debug][gc,heap        ] GC(0)  Metaspace       used 21380K, committed 21632K, reserved 1114112K
[2024-02-14T16:48:58.056+0100][debug][gc,heap        ] GC(0)   class space    used 2271K, committed 2368K, reserved 1048576K
[2024-02-14T16:48:58.056+0100][info ][gc,load        ] GC(0) Load: 1,81/1,25/1,55
[2024-02-14T16:48:58.056+0100][info ][gc,mmu         ] GC(0) MMU: 2ms/95,1%, 5ms/98,0%, 10ms/98,6%, 20ms/99,1%, 50ms/99,6%, 100ms/99,8%
[2024-02-14T16:48:58.056+0100][info ][gc,marking     ] GC(0) Mark: 4 stripe(s), 3 proactive flush(es), 2 terminate flush(es), 0 completion(s), 0 continuation(s) 
[2024-02-14T16:48:58.056+0100][info ][gc,marking     ] GC(0) Mark Stack Usage: 32M
[2024-02-14T16:48:58.056+0100][info ][gc,nmethod     ] GC(0) NMethods: 1703 registered, 262 unregistered
[2024-02-14T16:48:58.056+0100][info ][gc,metaspace   ] GC(0) Metaspace: 20M used, 21M committed, 1088M reserved
[2024-02-14T16:48:58.056+0100][info ][gc,ref         ] GC(0) Soft: 3631 encountered, 0 discovered, 0 enqueued
[2024-02-14T16:48:58.056+0100][info ][gc,ref         ] GC(0) Weak: 1793 encountered, 774 discovered, 522 enqueued
[2024-02-14T16:48:58.056+0100][info ][gc,ref         ] GC(0) Final: 0 encountered, 0 discovered, 0 enqueued
[2024-02-14T16:48:58.056+0100][info ][gc,ref         ] GC(0) Phantom: 752 encountered, 666 discovered, 390 enqueued
[2024-02-14T16:48:58.056+0100][info ][gc,reloc       ] GC(0) Small Pages: 24 / 48M, Empty: 0M, Relocated: 6M, In-Place: 0
[2024-02-14T16:48:58.056+0100][info ][gc,reloc       ] GC(0) Medium Pages: 1 / 32M, Empty: 0M, Relocated: 0M, In-Place: 0
[2024-02-14T16:48:58.056+0100][info ][gc,reloc       ] GC(0) Large Pages: 0 / 0M, Empty: 0M, Relocated: 0M, In-Place: 0
[2024-02-14T16:48:58.056+0100][info ][gc,reloc       ] GC(0) Forwarding Usage: 2M
[2024-02-14T16:48:58.056+0100][info ][gc,heap        ] GC(0) Min Capacity: 5120M(33%)
[2024-02-14T16:48:58.056+0100][info ][gc,heap        ] GC(0) Max Capacity: 15360M(100%)
[2024-02-14T16:48:58.056+0100][info ][gc,heap        ] GC(0) Soft Max Capacity: 15360M(100%)
[2024-02-14T16:48:58.056+0100][info ][gc,heap        ] GC(0)                Mark Start          Mark End        Relocate Start      Relocate End           High               Low         
[2024-02-14T16:48:58.056+0100][info ][gc,heap        ] GC(0)  Capacity:     5120M (33%)        5120M (33%)        5120M (33%)        5120M (33%)        5120M (33%)        5120M (33%)    
[2024-02-14T16:48:58.056+0100][info ][gc,heap        ] GC(0)      Free:    15280M (99%)       15278M (99%)       15272M (99%)       15304M (100%)      15304M (100%)      15264M (99%)    
[2024-02-14T16:48:58.056+0100][info ][gc,heap        ] GC(0)      Used:       80M (1%)           82M (1%)           88M (1%)           56M (0%)           96M (1%)           56M (0%)     
[2024-02-14T16:48:58.056+0100][info ][gc,heap        ] GC(0)      Live:         -                12M (0%)           12M (0%)           12M (0%)             -                  -          
[2024-02-14T16:48:58.056+0100][info ][gc,heap        ] GC(0) Allocated:         -                 2M (0%)            8M (0%)            9M (0%)             -                  -          
[2024-02-14T16:48:58.056+0100][info ][gc,heap        ] GC(0)   Garbage:         -                67M (0%)           67M (0%)           33M (0%)             -                  -          
[2024-02-14T16:48:58.056+0100][info ][gc,heap        ] GC(0) Reclaimed:         -                  -                 0M (0%)           33M (0%)             -                  -          
[2024-02-14T16:48:58.056+0100][info ][gc             ] GC(0) Garbage Collection (Metadata GC Threshold) 80M(1%)->56M(0%)
[2024-02-14T16:48:58.107+0100][debug][gc,alloc       ] Allocation Rate: 88,0MB/s, Predicted: 96,2MB/s, Avg: 57,0(+/-21,9)MB/s
[2024-02-14T16:48:58.107+0100][debug][gc,director    ] Rule: Warmup 10%, Used: 58MB, UsedThreshold: 1536MB
[2024-02-14T16:48:58.107+0100][debug][gc,director    ] Rule: High Usage, Free: 15260MB(99,3%)
[2024-02-14T16:48:58.207+0100][debug][gc,alloc       ] Allocation Rate: 88,0MB/s, Predicted: 101,3MB/s, Avg: 60,4(+/-22,8)MB/s
[2024-02-14T16:48:58.208+0100][debug][gc,director    ] Rule: Warmup 10%, Used: 58MB, UsedThreshold: 1536MB
[2024-02-14T16:48:58.208+0100][debug][gc,director    ] Rule: High Usage, Free: 15260MB(99,3%)
[2024-02-14T16:48:58.308+0100][debug][gc,alloc       ] Allocation Rate: 88,0MB/s, Predicted: 104,1MB/s, Avg: 63,2(+/-23,2)MB/s
[2024-02-14T16:48:58.308+0100][debug][gc,director    ] Rule: Warmup 10%, Used: 58MB, UsedThreshold: 1536MB
[2024-02-14T16:48:58.308+0100][debug][gc,director    ] Rule: High Usage, Free: 15260MB(99,3%)
[2024-02-14T16:48:58.408+0100][debug][gc,alloc       ] Allocation Rate: 82,0MB/s, Predicted: 96,9MB/s, Avg: 70,6(+/-14,6)MB/s
[2024-02-14T16:48:58.408+0100][debug][gc,director    ] Rule: Warmup 10%, Used: 60MB, UsedThreshold: 1536MB
[2024-02-14T16:48:58.408+0100][debug][gc,director    ] Rule: High Usage, Free: 15258MB(99,3%)
[2024-02-14T16:48:58.507+0100][debug][gc,alloc       ] Allocation Rate: 54,0MB/s, Predicted: 84,3MB/s, Avg: 71,2(+/-13,8)MB/s
[2024-02-14T16:48:58.507+0100][debug][gc,director    ] Rule: Warmup 10%, Used: 72MB, UsedThreshold: 1536MB
[2024-02-14T16:48:58.507+0100][debug][gc,director    ] Rule: High Usage, Free: 15246MB(99,3%)
[2024-02-14T16:48:58.607+0100][debug][gc,alloc       ] Allocation Rate: 66,0MB/s, Predicted: 77,1MB/s, Avg: 72,6(+/-12,4)MB/s
[2024-02-14T16:48:58.608+0100][debug][gc,director    ] Rule: Warmup 10%, Used: 88MB, UsedThreshold: 1536MB
[2024-02-14T16:48:58.608+0100][debug][gc,director    ] Rule: High Usage, Free: 15230MB(99,2%)
[2024-02-14T16:48:58.708+0100][debug][gc,alloc       ] Allocation Rate: 66,0MB/s, Predicted: 70,5MB/s, Avg: 73,4(+/-11,7)MB/s
[2024-02-14T16:48:58.708+0100][debug][gc,director    ] Rule: Warmup 10%, Used: 94MB, UsedThreshold: 1536MB
[2024-02-14T16:48:58.708+0100][debug][gc,director    ] Rule: High Usage, Free: 15224MB(99,1%)
[2024-02-14T16:48:58.771+0100][debug][gc,nmethod     ] Rebuilding NMethod Table: 4096->4096 entries, 2606(64%->64%) registered, 262(6%->0%) unregistered
[2024-02-14T16:48:58.808+0100][debug][gc,alloc       ] Allocation Rate: 76,0MB/s, Predicted: 68,5MB/s, Avg: 74,8(+/-11,0)MB/s
[2024-02-14T16:48:58.808+0100][debug][gc,director    ] Rule: Warmup 10%, Used: 108MB, UsedThreshold: 1536MB
[2024-02-14T16:48:58.808+0100][debug][gc,director    ] Rule: High Usage, Free: 15210MB(99,0%)
[2024-02-14T16:48:58.907+0100][debug][gc,alloc       ] Allocation Rate: 98,0MB/s, Predicted: 76,0MB/s, Avg: 77,8(+/-12,7)MB/s
[2024-02-14T16:48:58.907+0100][debug][gc,director    ] Rule: Warmup 10%, Used: 136MB, UsedThreshold: 1536MB
[2024-02-14T16:48:58.907+0100][debug][gc,director    ] Rule: High Usage, Free: 15182MB(98,8%)
[2024-02-14T16:48:59.007+0100][debug][gc,alloc       ] Allocation Rate: 156,0MB/s, Predicted: 105,7MB/s, Avg: 86,2(+/-26,4)MB/s
[2024-02-14T16:48:59.008+0100][debug][gc,director    ] Rule: Warmup 10%, Used: 198MB, UsedThreshold: 1536MB
[2024-02-14T16:48:59.008+0100][debug][gc,director    ] Rule: High Usage, Free: 15120MB(98,4%)
[2024-02-14T16:48:59.108+0100][debug][gc,alloc       ] Allocation Rate: 228,0MB/s, Predicted: 162,9MB/s, Avg: 100,2(+/-50,1)MB/s
[2024-02-14T16:48:59.108+0100][debug][gc,director    ] Rule: Warmup 10%, Used: 286MB, UsedThreshold: 1536MB
[2024-02-14T16:48:59.108+0100][debug][gc,director    ] Rule: High Usage, Free: 15032MB(97,9%)
[2024-02-14T16:48:59.208+0100][debug][gc,alloc       ] Allocation Rate: 324,0MB/s, Predicted: 249,2MB/s, Avg: 123,8(+/-83,4)MB/s
[2024-02-14T16:48:59.208+0100][debug][gc,director    ] Rule: Warmup 10%, Used: 382MB, UsedThreshold: 1536MB
[2024-02-14T16:48:59.208+0100][debug][gc,director    ] Rule: High Usage, Free: 14936MB(97,2%)
[2024-02-14T16:48:59.307+0100][debug][gc,alloc       ] Allocation Rate: 424,0MB/s, Predicted: 359,7MB/s, Avg: 157,4(+/-121,3)MB/s
[2024-02-14T16:48:59.307+0100][debug][gc,director    ] Rule: Warmup 10%, Used: 482MB, UsedThreshold: 1536MB
[2024-02-14T16:48:59.307+0100][debug][gc,director    ] Rule: High Usage, Free: 14836MB(96,6%)
[2024-02-14T16:48:59.408+0100][debug][gc,alloc       ] Allocation Rate: 526,0MB/s, Predicted: 487,1MB/s, Avg: 201,8(+/-160,5)MB/s
[2024-02-14T16:48:59.408+0100][debug][gc,director    ] Rule: Warmup 10%, Used: 586MB, UsedThreshold: 1536MB
[2024-02-14T16:48:59.408+0100][debug][gc,director    ] Rule: High Usage, Free: 14732MB(95,9%)
[2024-02-14T16:48:59.508+0100][debug][gc,alloc       ] Allocation Rate: 618,0MB/s, Predicted: 614,1MB/s, Avg: 258,2(+/-194,2)MB/s
[2024-02-14T16:48:59.508+0100][debug][gc,director    ] Rule: Warmup 10%, Used: 690MB, UsedThreshold: 1536MB
[2024-02-14T16:48:59.508+0100][debug][gc,director    ] Rule: High Usage, Free: 14628MB(95,2%)
[2024-02-14T16:48:59.607+0100][debug][gc,alloc       ] Allocation Rate: 708,0MB/s, Predicted: 742,8MB/s, Avg: 322,4(+/-223,9)MB/s
[2024-02-14T16:48:59.607+0100][debug][gc,director    ] Rule: Warmup 10%, Used: 796MB, UsedThreshold: 1536MB
[2024-02-14T16:48:59.607+0100][debug][gc,director    ] Rule: High Usage, Free: 14522MB(94,5%)
[2024-02-14T16:48:59.707+0100][debug][gc,alloc       ] Allocation Rate: 810,0MB/s, Predicted: 869,5MB/s, Avg: 396,8(+/-248,6)MB/s
[2024-02-14T16:48:59.707+0100][debug][gc,director    ] Rule: Warmup 10%, Used: 904MB, UsedThreshold: 1536MB
[2024-02-14T16:48:59.707+0100][debug][gc,director    ] Rule: High Usage, Free: 14414MB(93,8%)
[2024-02-14T16:48:59.808+0100][debug][gc,alloc       ] Allocation Rate: 904,0MB/s, Predicted: 986,8MB/s, Avg: 479,6(+/-265,3)MB/s
[2024-02-14T16:48:59.808+0100][debug][gc,director    ] Rule: Warmup 10%, Used: 1012MB, UsedThreshold: 1536MB
[2024-02-14T16:48:59.808+0100][debug][gc,director    ] Rule: High Usage, Free: 14306MB(93,1%)
[2024-02-14T16:48:59.834+0100][debug][gc,nmethod     ] Rebuilding NMethod Table: 4096->8192 entries, 2868(70%->35%) registered, 0(0%->0%) unregistered
[2024-02-14T16:48:59.908+0100][debug][gc,alloc       ] Allocation Rate: 972,0MB/s, Predicted: 1082,0MB/s, Avg: 567,0(+/-269,1)MB/s
[2024-02-14T16:48:59.908+0100][debug][gc,director    ] Rule: Warmup 10%, Used: 1108MB, UsedThreshold: 1536MB
[2024-02-14T16:48:59.908+0100][debug][gc,director    ] Rule: High Usage, Free: 14210MB(92,5%)
[2024-02-14T16:49:00.007+0100][debug][gc,alloc       ] Allocation Rate: 1020,0MB/s, Predicted: 1153,6MB/s, Avg: 653,4(+/-261,9)MB/s
[2024-02-14T16:49:00.007+0100][debug][gc,director    ] Rule: Warmup 10%, Used: 1218MB, UsedThreshold: 1536MB
[2024-02-14T16:49:00.007+0100][debug][gc,director    ] Rule: High Usage, Free: 14100MB(91,8%)
[2024-02-14T16:49:00.107+0100][debug][gc,alloc       ] Allocation Rate: 1044,0MB/s, Predicted: 1196,4MB/s, Avg: 735,0(+/-243,1)MB/s
[2024-02-14T16:49:00.107+0100][debug][gc,director    ] Rule: Warmup 10%, Used: 1330MB, UsedThreshold: 1536MB
[2024-02-14T16:49:00.107+0100][debug][gc,director    ] Rule: High Usage, Free: 13988MB(91,1%)
[2024-02-14T16:49:00.208+0100][debug][gc,alloc       ] Allocation Rate: 1060,0MB/s, Predicted: 1216,8MB/s, Avg: 808,6(+/-217,6)MB/s
[2024-02-14T16:49:00.208+0100][debug][gc,director    ] Rule: Warmup 10%, Used: 1442MB, UsedThreshold: 1536MB
[2024-02-14T16:49:00.208+0100][debug][gc,director    ] Rule: High Usage, Free: 13876MB(90,3%)
[2024-02-14T16:49:00.308+0100][debug][gc,alloc       ] Allocation Rate: 1070,0MB/s, Predicted: 1218,8MB/s, Avg: 873,2(+/-187,6)MB/s
[2024-02-14T16:49:00.308+0100][debug][gc,director    ] Rule: Warmup 10%, Used: 1552MB, UsedThreshold: 1536MB
[2024-02-14T16:49:00.308+0100][debug][gc,heap        ] GC(1) Heap before GC invocations=1 (full 1):
[2024-02-14T16:49:00.308+0100][debug][gc,heap        ] GC(1)  ZHeap           used 1552M, capacity 5120M, max capacity 15360M
[2024-02-14T16:49:00.308+0100][debug][gc,heap        ] GC(1)  Metaspace       used 30060K, committed 30464K, reserved 1114112K
[2024-02-14T16:49:00.308+0100][debug][gc,heap        ] GC(1)   class space    used 3265K, committed 3456K, reserved 1048576K
[2024-02-14T16:49:00.308+0100][info ][gc,start       ] GC(1) Garbage Collection (Warmup)
[2024-02-14T16:49:00.308+0100][info ][gc,task        ] GC(1) Using 5 workers
[2024-02-14T16:49:00.308+0100][debug][gc,phases,start] GC(1) Pause Mark Start
[2024-02-14T16:49:00.308+0100][debug][gc,marking     ] GC(1) Using 4 mark stripes
[2024-02-14T16:49:00.308+0100][debug][gc,marking     ] GC(1) Mark Worker/Stripe Distribution
[2024-02-14T16:49:00.308+0100][debug][gc,marking     ] GC(1)   Worker 0(5) -> Stripe 0(4)
[2024-02-14T16:49:00.308+0100][debug][gc,marking     ] GC(1)   Worker 1(5) -> Stripe 1(4)
[2024-02-14T16:49:00.308+0100][debug][gc,marking     ] GC(1)   Worker 2(5) -> Stripe 2(4)
[2024-02-14T16:49:00.308+0100][debug][gc,marking     ] GC(1)   Worker 3(5) -> Stripe 3(4)
[2024-02-14T16:49:00.308+0100][debug][gc,marking     ] GC(1)   Worker 4(5) -> Stripe 0(4)
[2024-02-14T16:49:00.308+0100][info ][gc,phases      ] GC(1) Pause Mark Start 0,142ms
[2024-02-14T16:49:00.309+0100][debug][gc,phases,start] GC(1) Concurrent Mark
[2024-02-14T16:49:00.309+0100][debug][gc,task        ] GC(1) Executing Task: XMarkRootsTask, Active Workers: 5
[2024-02-14T16:49:00.310+0100][debug][gc,tlab        ] GC(1) TLAB totals: thrds: 23  refills: 5953 max: 5931 slow allocs: 20 max 20 waste:  0,7% gc: 5218344B max: 262056B slow: 5165136B max: 5165136B
[2024-02-14T16:49:00.310+0100][debug][gc,task        ] GC(1) Executing Task: XMarkTask, Active Workers: 5
[2024-02-14T16:49:00.407+0100][debug][gc,alloc       ] Allocation Rate: 1068,0MB/s, Predicted: 1204,1MB/s, Avg: 927,4(+/-154,9)MB/s
[2024-02-14T16:49:00.415+0100][info ][gc,phases      ] GC(1) Concurrent Mark 106,157ms
[2024-02-14T16:49:00.415+0100][debug][gc,phases,start] GC(1) Pause Mark End
[2024-02-14T16:49:00.415+0100][info ][gc,phases      ] GC(1) Pause Mark End 0,055ms
[2024-02-14T16:49:00.415+0100][debug][gc,phases,start] GC(1) Concurrent Mark Free
[2024-02-14T16:49:00.415+0100][info ][gc,phases      ] GC(1) Concurrent Mark Free 0,050ms
[2024-02-14T16:49:00.415+0100][debug][gc,phases,start] GC(1) Concurrent Process Non-Strong References
[2024-02-14T16:49:00.415+0100][debug][gc,phases,start] GC(1) Concurrent References Process
[2024-02-14T16:49:00.415+0100][debug][gc,task        ] GC(1) Executing Task: XReferenceProcessorTask, Active Workers: 5
[2024-02-14T16:49:00.415+0100][debug][gc,phases      ] GC(1) Concurrent References Process 0,296ms
[2024-02-14T16:49:00.415+0100][debug][gc,task        ] GC(1) Executing Task: XProcessWeakRootsTask, Active Workers: 5
[2024-02-14T16:49:00.416+0100][debug][gc,phases,start] GC(1) Concurrent Classes Unlink
[2024-02-14T16:49:00.416+0100][debug][gc,phases,start] GC(1) ClassLoaderData
[2024-02-14T16:49:00.416+0100][debug][gc,phases      ] GC(1) ClassLoaderData 0,036ms
[2024-02-14T16:49:00.416+0100][debug][gc,phases,start] GC(1) Trigger cleanups
[2024-02-14T16:49:00.416+0100][debug][gc,phases      ] GC(1) Trigger cleanups 0,009ms
[2024-02-14T16:49:00.416+0100][debug][gc,task        ] GC(1) Executing Task: XNMethodUnlinkTask, Active Workers: 5
[2024-02-14T16:49:00.417+0100][debug][gc,phases      ] GC(1) Concurrent Classes Unlink 1,267ms
[2024-02-14T16:49:00.417+0100][debug][gc,phases,start] GC(1) Concurrent Classes Purge
[2024-02-14T16:49:00.417+0100][debug][gc,nmethod     ] GC(1) Unregister NMethod: io.sirix.service.json.shredder.JsonShredder.insertNewContent (0x00007f9f2b49e010)
[2024-02-14T16:49:00.417+0100][debug][gc,nmethod     ] GC(1) Unregister NMethod: io.sirix.access.trx.node.json.JsonNodeTrxImpl.insertBooleanValueAsRightSibling (0x00007f9f0bff6310)
[2024-02-14T16:49:00.417+0100][debug][gc,nmethod     ] GC(1) Unregister NMethod: java.lang.String.regionMatches (0x00007f9f0bc94890)
[2024-02-14T16:49:00.417+0100][debug][gc,nmethod     ] GC(1) Unregister NMethod: io.sirix.service.json.shredder.JsonShredder.insertNumberValue (0x00007f9f0bfe8010)
[2024-02-14T16:49:00.417+0100][debug][gc,nmethod     ] GC(1) Unregister NMethod: java.nio.ByteBuffer.limit (0x00007f9f0be1db10)
[2024-02-14T16:49:00.417+0100][debug][gc,nmethod     ] GC(1) Unregister NMethod: io.sirix.api.PageReadOnlyTrx.recordPageOffset (0x00007f9f0bc5a890)
[2024-02-14T16:49:00.417+0100][debug][gc,nmethod     ] GC(1) Unregister NMethod: java.nio.ByteBuffer.arrayOffset (0x00007f9f0baf0790)
[2024-02-14T16:49:00.417+0100][debug][gc,nmethod     ] GC(1) Unregister NMethod: io.sirix.node.json.ArrayNode.getKind (0x00007f9f0be9cb10)
[2024-02-14T16:49:00.417+0100][debug][gc,nmethod     ] GC(1) Unregister NMethod: io.sirix.service.json.shredder.JsonShredder.processNumber (0x00007f9f0bfe2110)
[2024-02-14T16:49:00.418+0100][debug][gc,nmethod     ] GC(1) Unregister NMethod: io.sirix.access.trx.node.json.JsonNodeTrxImpl.insertNullValueAsRightSibling (0x00007f9f0bfb7990)
[2024-02-14T16:49:00.418+0100][debug][gc,nmethod     ] GC(1) Unregister NMethod: java.util.ArrayList$Itr.hasNext (0x00007f9f0bde0090)
[2024-02-14T16:49:00.418+0100][debug][gc,nmethod     ] GC(1) Unregister NMethod: net.openhft.chronicle.core.io.AbstractReferenceCounted.refCount (0x00007f9f0bf4ce90)
[2024-02-14T16:49:00.418+0100][debug][gc,nmethod     ] GC(1) Unregister NMethod: java.lang.ClassLoader.checkName (0x00007f9f0bc39a10)
[2024-02-14T16:49:00.418+0100][debug][gc,nmethod     ] GC(1) Unregister NMethod: com.google.gson.stream.JsonReader.doPeek (0x00007f9f0bebeb90)
[2024-02-14T16:49:00.418+0100][debug][gc,nmethod     ] GC(1) Unregister NMethod: io.sirix.node.AbstractForwardingNode.getNodeKey (0x00007f9f0bc5a290)
[2024-02-14T16:49:00.418+0100][debug][gc,nmethod     ] GC(1) Unregister NMethod: java.net.URLStreamHandler.setURL (0x00007f9f0bb82c90)
[2024-02-14T16:49:00.418+0100][debug][gc,nmethod     ] GC(1) Unregister NMethod: sun.nio.cs.UTF_8$Decoder.decodeArrayLoop (0x00007f9f0c011d10)
[2024-02-14T16:49:00.418+0100][debug][gc,nmethod     ] GC(1) Unregister NMethod: java.lang.Class.getPackageName (0x00007f9f0baa3090)
[2024-02-14T16:49:00.418+0100][debug][gc,nmethod     ] GC(1) Unregister NMethod: java.lang.System$2.decodeASCII (0x00007f9f0c00f110)
[2024-02-14T16:49:00.418+0100][debug][gc,nmethod     ] GC(1) Unregister NMethod: com.google.gson.stream.JsonReader.endArray (0x00007f9f0bffec90)
[2024-02-14T16:49:00.418+0100][debug][gc,nmethod     ] GC(1) Unregister NMethod: com.google.gson.stream.JsonReader.nextNonWhitespace (0x00007f9f0be69b90)
[2024-02-14T16:49:00.418+0100][debug][gc,nmethod     ] GC(1) Unregister NMethod: net.openhft.chronicle.bytes.internal.HeapBytesStore.writeByte (0x00007f9f0be5df10)
[2024-02-14T16:49:00.418+0100][debug][gc,nmethod     ] GC(1) Unregister NMethod: java.nio.Buffer.position (0x00007f9f0baf4390)
[2024-02-14T16:49:00.418+0100][debug][gc,nmethod     ] GC(1) Unregister NMethod: net.openhft.chronicle.core.io.AbstractReferenceCounted.throwExceptionIfReleased (0x00007f9f0bb89a10)
[2024-02-14T16:49:00.418+0100][debug][gc,nmethod     ] GC(1) Unregister NMethod: java.net.URLStreamHandler.parseURL (0x00007f9f0bc99b10)
[2024-02-14T16:49:00.418+0100][debug][gc,nmethod     ] GC(1) Unregister NMethod: net.openhft.chronicle.bytes.internal.HeapBytesStore.writeInt (0x00007f9f0bedd590)
[2024-02-14T16:49:00.418+0100][debug][gc,nmethod     ] GC(1) Unregister NMethod: java.util.jar.Attributes.getValue (0x00007f9f0bae8e90)
[2024-02-14T16:49:00.418+0100][debug][gc,nmethod     ] GC(1) Unregister NMethod: io.sirix.axis.filter.FilterAxis.<init> (0x00007f9f0beec710)
[2024-02-14T16:49:00.418+0100][debug][gc,nmethod     ] GC(1) Unregister NMethod: io.sirix.access.Utils.buildName (0x00007f9f0beeb490)
[2024-02-14T16:49:00.418+0100][debug][gc,nmethod     ] GC(1) Unregister NMethod: net.openhft.chronicle.bytes.AbstractBytes.clear (0x00007f9f0be94c10)
[2024-02-14T16:49:00.418+0100][debug][gc,nmethod     ] GC(1) Unregister NMethod: io.sirix.node.xml.AbstractStructForwardingNode.hasLeftSibling (0x00007f9f0bea4610)
[2024-02-14T16:49:00.418+0100][debug][gc,nmethod     ] GC(1) Unregister NMethod: jdk.internal.org.objectweb.asm.MethodWriter.visitCode (0x00007f9f0bc88790)
[2024-02-14T16:49:00.418+0100][debug][gc,nmethod     ] GC(1) Unregister NMethod: java.net.URL.<init> (0x00007f9f0bb6b310)
[2024-02-14T16:49:00.418+0100][debug][gc,nmethod     ] GC(1) Unregister NMethod: io.sirix.access.trx.page.NodePageTrx.getMostRecentPageContainer (0x00007f9f0bf63a10)
[2024-02-14T16:49:00.418+0100][debug][gc,nmethod     ] GC(1) Unregister NMethod: java.nio.HeapCharBuffer.<init> (0x00007f9f0bfa5290)
[2024-02-14T16:49:00.418+0100][debug][gc,nmethod     ] GC(1) Unregister NMethod: io.sirix.node.AbstractForwardingNode.getParentKey (0x00007f9f0bb8a410)
[2024-02-14T16:49:00.418+0100][debug][gc,nmethod     ] GC(1) Unregister NMethod: sun.net.www.ParseUtil.encodePath (0x00007f9f0bb63c90)
[2024-02-14T16:49:00.418+0100][debug][gc,nmethod     ] GC(1) Unregister NMethod: net.openhft.chronicle.bytes.internal.HeapBytesStore.writeByte (0x00007f9f0be5e310)
[2024-02-14T16:49:00.418+0100][debug][gc,nmethod     ] GC(1) Unregister NMethod: io.sirix.access.trx.node.json.JsonNodeFactoryImpl.createJsonBooleanNode (0x00007f9f0bff4f90)
[2024-02-14T16:49:00.418+0100][debug][gc,nmethod     ] GC(1) Unregister NMethod: java.lang.System$2.decodeASCII (0x00007f9f0c025f90)
[2024-02-14T16:49:00.418+0100][debug][gc,nmethod     ] GC(1) Unregister NMethod: io.sirix.node.xml.AbstractStructForwardingNode.getFirstChildKey (0x00007f9f0bed0890)
[2024-02-14T16:49:00.418+0100][debug][gc,nmethod     ] GC(1) Unregister NMethod: io.sirix.access.trx.node.json.JsonNodeFactoryImpl.createJsonStringNode (0x00007f9f0bfae110)
[2024-02-14T16:49:00.418+0100][debug][gc,nmethod     ] GC(1) Unregister NMethod: net.openhft.hashing.XXH3.access$500 (0x00007f9f0bed6a10)
[2024-02-14T16:49:00.418+0100][debug][gc,nmethod     ] GC(1) Unregister NMethod: io.sirix.service.json.shredder.JsonShredder.insertStringValue (0x00007f9f0bfaf790)
[2024-02-14T16:49:00.418+0100][debug][gc,nmethod     ] GC(1) Unregister NMethod: io.sirix.axis.AbstractAxis.hasNext (0x00007f9f0be76e90)
[2024-02-14T16:49:00.418+0100][debug][gc,nmethod     ] GC(1) Unregister NMethod: io.sirix.access.trx.node.AbstractNodeReadOnlyTrx.moveTo (0x00007f9f2b3dee90)
[2024-02-14T16:49:00.418+0100][debug][gc,nmethod     ] GC(1) Unregister NMethod: jdk.internal.util.ArraysSupport.signedHashCode (0x00007f9f0ba24990)
[2024-02-14T16:49:00.418+0100][debug][gc,nmethod     ] GC(1) Unregister NMethod: io.sirix.access.trx.node.AbstractNodeHashing.adaptHashesWithAdd (0x00007f9f0beb9d10)
[2024-02-14T16:49:00.418+0100][debug][gc,nmethod     ] GC(1) Unregister NMethod: io.sirix.node.xml.AbstractStructForwardingNode.getDescendantCount (0x00007f9f0be76090)
[2024-02-14T16:49:00.418+0100][debug][gc,nmethod     ] GC(1) Unregister NMethod: io.sirix.access.trx.node.AbstractNodeTrxImpl.checkAccessAndCommit (0x00007f9f0bed9590)
[2024-02-14T16:49:00.418+0100][debug][gc,nmethod     ] GC(1) Unregister NMethod: io.sirix.access.trx.page.NodePageTrx.createRecord (0x00007f9f0be95b90)
[2024-02-14T16:49:00.418+0100][debug][gc,nmethod     ] GC(1) Unregister NMethod: java.nio.Buffer.<init> (0x00007f9f0ba4be90)
[2024-02-14T16:49:00.418+0100][debug][gc,nmethod     ] GC(1) Unregister NMethod: io.sirix.index.path.summary.PathSummaryWriter.movePathSummary (0x00007f9f0bf14210)
[2024-02-14T16:49:00.418+0100][debug][gc,nmethod     ] GC(1) Unregister NMethod: java.lang.CharacterDataLatin1.digit (0x00007f9f0bec9290)
[2024-02-14T16:49:00.418+0100][debug][gc,nmethod     ] GC(1) Unregister NMethod: io.sirix.axis.AbstractAxis.<init> (0x00007f9f0beac090)
[2024-02-14T16:49:00.418+0100][debug][gc,nmethod     ] GC(1) Unregister NMethod: java.lang.invoke.TypeConvertingMethodAdapter.descriptorToName (0x00007f9f0bb21190)
[2024-02-14T16:49:00.418+0100][debug][gc,nmethod     ] GC(1) Unregister NMethod: java.lang.Math.multiplyHigh (0x00007f9f0be84c10)
[2024-02-14T16:49:00.418+0100][debug][gc,nmethod     ] GC(1) Unregister NMethod: io.sirix.access.trx.page.NodePageReadOnlyTrx.getValue (0x00007f9f0bb87590)
[2024-02-14T16:49:00.418+0100][debug][gc,nmethod     ] GC(1) Unregister NMethod: io.sirix.access.trx.node.json.JsonNodeReadOnlyTrxImpl.isObjectKey (0x00007f9f0bf1fd90)
[2024-02-14T16:49:00.418+0100][debug][gc,nmethod     ] GC(1) Unregister NMethod: com.google.gson.stream.JsonReader.fillBuffer (0x00007f9f0c017e90)
[2024-02-14T16:49:00.418+0100][debug][gc,nmethod     ] GC(1) Unregister NMethod: com.google.gson.stream.JsonReader.nextQuotedValue (0x00007f9f0be91310)
[2024-02-14T16:49:00.418+0100][debug][gc,nmethod     ] GC(1) Unregister NMethod: sun.nio.cs.StreamDecoder.lockedRead (0x00007f9f0c016890)
[2024-02-14T16:49:00.418+0100][debug][gc,nmethod     ] GC(1) Unregister NMethod: io.sirix.service.json.shredder.JsonShredder.processNull (0x00007f9f0bfb4810)
[2024-02-14T16:49:00.418+0100][debug][gc,nmethod     ] GC(1) Unregister NMethod: java.nio.ByteBuffer.position (0x00007f9f0bcce790)
[2024-02-14T16:49:00.418+0100][debug][gc,nmethod     ] GC(1) Unregister NMethod: io.sirix.service.json.shredder.JsonShredder.insertBooleanValue (0x00007f9f0bff9f90)
[2024-02-14T16:49:00.418+0100][debug][gc,nmethod     ] GC(1) Unregister NMethod: java.net.URL.set (0x00007f9f0bb81f90)
[2024-02-14T16:49:00.418+0100][debug][gc,nmethod     ] GC(1) Unregister NMethod: net.openhft.chronicle.bytes.internal.HeapBytesStore.writeInt (0x00007f9f0bedf390)
[2024-02-14T16:49:00.418+0100][debug][gc,nmethod     ] GC(1) Unregister NMethod: java.util.Arrays.copyOfRange (0x00007f9f0ba46810)
[2024-02-14T16:49:00.418+0100][debug][gc,nmethod     ] GC(1) Unregister NMethod: sun.nio.cs.StreamDecoder.read (0x00007f9f0c015b10)
[2024-02-14T16:49:00.418+0100][debug][gc,nmethod     ] GC(1) Unregister NMethod: io.sirix.access.trx.node.json.JsonNodeTrxImpl.getPathNodeKey (0x00007f9f0bf21290)
[2024-02-14T16:49:00.418+0100][debug][gc,nmethod     ] GC(1) Unregister NMethod: io.sirix.node.xml.AbstractStructForwardingNode.setRightSiblingKey (0x00007f9f0bf1d810)
[2024-02-14T16:49:00.418+0100][debug][gc,nmethod     ] GC(1) Unregister NMethod: com.google.gson.stream.JsonReader.nextNull (0x00007f9f0bfb5510)
[2024-02-14T16:49:00.418+0100][debug][gc,nmethod     ] GC(1) Unregister NMethod: io.sirix.access.trx.page.NodePageTrx.prepareRecordForModification (0x00007f9f2b3dca90)
[2024-02-14T16:49:00.418+0100][debug][gc,nmethod     ] GC(1) Unregister NMethod: io.sirix.node.xml.AbstractStructForwardingNode.hasRightSibling (0x00007f9f0be7a090)
[2024-02-14T16:49:00.418+0100][debug][gc,nmethod     ] GC(1) Unregister NMethod: java.nio.charset.CharsetDecoder.decode (0x00007f9f0c010d90)
[2024-02-14T16:49:00.418+0100][debug][gc,nmethod     ] GC(1) Unregister NMethod: io.sirix.access.trx.node.AbstractNodeReadOnlyTrx.getParentKind (0x00007f9f0bee7690)
[2024-02-14T16:49:00.418+0100][debug][gc,nmethod     ] GC(1) Unregister NMethod: io.sirix.index.path.summary.PathSummaryReader.getLevel (0x00007f9f0bf48b10)
[2024-02-14T16:49:00.418+0100][debug][gc,nmethod     ] GC(1) Unregister NMethod: net.openhft.chronicle.bytes.NativeBytes.writeOffsetPositionMoved (0x00007f9f0ba3db90)
[2024-02-14T16:49:00.418+0100][debug][gc,nmethod     ] GC(1) Unregister NMethod: net.openhft.hashing.XXH3.XXH3_avalanche (0x00007f9f0bed3010)
[2024-02-14T16:49:00.418+0100][debug][gc,nmethod     ] GC(1) Unregister NMethod: io.sirix.access.trx.node.json.JsonNodeTrxImpl.insertArrayAsRightSibling (0x00007f9f0c002810)
[2024-02-14T16:49:00.418+0100][debug][gc,nmethod     ] GC(1) Unregister NMethod: com.google.gson.stream.JsonReader.nextBoolean (0x00007f9f0bff2f10)
[2024-02-14T16:49:00.418+0100][debug][gc,nmethod     ] GC(1) Unregister NMethod: java.lang.AbstractStringBuilder.appendChars (0x00007f9f0bfa3790)
[2024-02-14T16:49:00.418+0100][debug][gc,nmethod     ] GC(1) Unregister NMethod: io.sirix.node.json.ArrayNode.delegate (0x00007f9f0be99190)
[2024-02-14T16:49:00.418+0100][debug][gc,nmethod     ] GC(1) Unregister NMethod: java.util.BitSet.wordIndex (0x00007f9f0bc5fd90)
[2024-02-14T16:49:00.418+0100][debug][gc,nmethod     ] GC(1) Unregister NMethod: io.sirix.node.json.ObjectNode.getKind (0x00007f9f0be9ce90)
[2024-02-14T16:49:00.418+0100][debug][gc,nmethod     ] GC(1) Unregister NMethod: sun.nio.cs.StreamDecoder.implRead (0x00007f9f0c034e90)
[2024-02-14T16:49:00.418+0100][debug][gc,nmethod     ] GC(1) Unregister NMethod: java.lang.ClassLoader.loadClass (0x00007f9f0bae8710)
[2024-02-14T16:49:00.419+0100][debug][gc,nmethod     ] GC(1) Unregister NMethod: java.lang.StringLatin1.regionMatchesCI (0x00007f9f0bcb3110)
[2024-02-14T16:49:00.419+0100][debug][gc,nmethod     ] GC(1) Unregister NMethod: io.sirix.node.json.NumberNode.getKind (0x00007f9f0bfaac90)
[2024-02-14T16:49:00.419+0100][debug][gc,nmethod     ] GC(1) Unregister NMethod: io.sirix.access.trx.node.json.JsonNodeFactoryImpl.createJsonNumberNode (0x00007f9f0bfe2990)
[2024-02-14T16:49:00.419+0100][debug][gc,nmethod     ] GC(1) Unregister NMethod: java.lang.String.<init> (0x00007f9f0bc68290)
[2024-02-14T16:49:00.419+0100][debug][gc,nmethod     ] GC(1) Unregister NMethod: com.google.common.base.Preconditions.checkArgument (0x00007f9f0be67190)
[2024-02-14T16:49:00.419+0100][debug][gc,nmethod     ] GC(1) Unregister NMethod: java.lang.invoke.MemberName.flagsMods (0x00007f9f0bb20790)
[2024-02-14T16:49:00.419+0100][debug][gc,nmethod     ] GC(1) Unregister NMethod: java.lang.ref.Reference.refersToImpl (0x00007f9f0baf0d90)
[2024-02-14T16:49:00.419+0100][debug][gc,nmethod     ] GC(1) Unregister NMethod: io.sirix.node.json.AbstractNullNode.computeHash (0x00007f9f0bfc2010)
[2024-02-14T16:49:00.419+0100][debug][gc,nmethod     ] GC(1) Unregister NMethod: java.lang.invoke.LambdaForm$MH/0x000000008035bc00.guard (0x00007f9f0bf89090)
[2024-02-14T16:49:00.419+0100][debug][gc,nmethod     ] GC(1) Unregister NMethod: com.google.gson.stream.JsonReader.peekNumber (0x00007f9f0bfbc410)
[2024-02-14T16:49:00.419+0100][debug][gc,nmethod     ] GC(1) Unregister NMethod: jdk.internal.org.objectweb.asm.ByteVector.putByteArray (0x00007f9f0bb3d990)
[2024-02-14T16:49:00.419+0100][debug][gc,nmethod     ] GC(1) Unregister NMethod: java.util.HashMap.computeIfAbsent (0x00007f9f0bf6c190)
[2024-02-14T16:49:00.419+0100][debug][gc,nmethod     ] GC(1) Unregister NMethod: net.openhft.chronicle.bytes.internal.HeapBytesStore.writeLong (0x00007f9f0be63990)
[2024-02-14T16:49:00.419+0100][debug][gc,nmethod     ] GC(1) Unregister NMethod: io.sirix.access.trx.node.json.JsonNodeTrxImpl.insertAsSibling (0x00007f9f0bf22090)
[2024-02-14T16:49:00.419+0100][debug][gc,nmethod     ] GC(1) Unregister NMethod: java.lang.invoke.LambdaForm$MH/0x000000008037c400.invoke (0x00007f9f0bf6b590)
[2024-02-14T16:49:00.419+0100][debug][gc,nmethod     ] GC(1) Unregister NMethod: java.nio.ByteBuffer.rewind (0x00007f9f0bea9490)
[2024-02-14T16:49:00.419+0100][debug][gc,nmethod     ] GC(1) Unregister NMethod: java.nio.ByteBuffer.position (0x00007f9f0ba96310)
[2024-02-14T16:49:00.419+0100][debug][gc,nmethod     ] GC(1) Unregister NMethod: io.sirix.service.json.shredder.JsonShredder.insertNullValue (0x00007f9f0bfbd790)
[2024-02-14T16:49:00.419+0100][debug][gc,nmethod     ] GC(1) Unregister NMethod: io.sirix.access.trx.node.AbstractDeweyIDManager.newFirstChildID (0x00007f9f0bf7fb10)
[2024-02-14T16:49:00.419+0100][debug][gc,nmethod     ] GC(1) Unregister NMethod: java.io.InputStreamReader.read (0x00007f9f0c034a90)
[2024-02-14T16:49:00.419+0100][debug][gc,nmethod     ] GC(1) Unregister NMethod: jdk.internal.jimage.ImageLocation.readValue (0x00007f9f0badb010)
[2024-02-14T16:49:00.419+0100][debug][gc,nmethod     ] GC(1) Unregister NMethod: java.lang.invoke.MethodHandleImpl.profileBoolean (0x00007f9f0bed8010)
[2024-02-14T16:49:00.419+0100][debug][gc,nmethod     ] GC(1) Unregister NMethod: io.sirix.access.trx.node.AbstractNodeReadOnlyTrx.setCurrentNode (0x00007f9f0bb86b90)
[2024-02-14T16:49:00.419+0100][debug][gc,nmethod     ] GC(1) Unregister NMethod: io.sirix.cache.IndexLogKey.hashCode (0x00007f9f0bf77390)
[2024-02-14T16:49:00.419+0100][debug][gc,nmethod     ] GC(1) Unregister NMethod: io.sirix.node.json.AbstractNumberNode.computeHash (0x00007f9f0bfd3190)
[2024-02-14T16:49:00.419+0100][debug][gc,nmethod     ] GC(1) Unregister NMethod: jdk.internal.org.objectweb.asm.MethodWriter.visitEnd (0x00007f9f0bc43890)
[2024-02-14T16:49:00.419+0100][debug][gc,nmethod     ] GC(1) Unregister NMethod: net.openhft.chronicle.core.UnsafeMemory.writeInt (0x00007f9f0bedd990)
[2024-02-14T16:49:00.419+0100][debug][gc,nmethod     ] GC(1) Unregister NMethod: sun.nio.cs.StreamDecoder.implRead (0x00007f9f2b4d7c10)
[2024-02-14T16:49:00.419+0100][debug][gc,nmethod     ] GC(1) Unregister NMethod: net.openhft.chronicle.bytes.internal.BytesInternal.writeStopBit (0x00007f9f0bf34a90)
[2024-02-14T16:49:00.419+0100][debug][gc,nmethod     ] GC(1) Unregister NMethod: java.lang.Integer.parseInt (0x00007f9f0bfab010)
[2024-02-14T16:49:00.419+0100][debug][gc,nmethod     ] GC(1) Unregister NMethod: com.google.gson.stream.JsonReader.push (0x00007f9f0bf99890)
[2024-02-14T16:49:00.419+0100][debug][gc,nmethod     ] GC(1) Unregister NMethod: net.openhft.chronicle.bytes.internal.BytesInternal.writeUtf8 (0x00007f9f0bf3fe90)
[2024-02-14T16:49:00.419+0100][debug][gc,nmethod     ] GC(1) Unregister NMethod: io.sirix.service.json.shredder.JsonShredder.processBoolean (0x00007f9f0bff4810)
[2024-02-14T16:49:00.419+0100][debug][gc,nmethod     ] GC(1) Unregister NMethod: io.sirix.access.trx.page.NodePageReadOnlyTrx.pageKey (0x00007f9f0bb90010)
[2024-02-14T16:49:00.419+0100][debug][gc,nmethod     ] GC(1) Unregister NMethod: java.util.Arrays.copyOf (0x00007f9f0baa7110)
[2024-02-14T16:49:00.419+0100][debug][gc,nmethod     ] GC(1) Unregister NMethod: java.util.regex.Matcher.checkMatch (0x00007f9f0baaff90)
[2024-02-14T16:49:00.419+0100][debug][gc,nmethod     ] GC(1) Unregister NMethod: io.sirix.access.trx.node.json.JsonNodeTrxImpl.insertNumberValueAsRightSibling (0x00007f9f0bfe3d10)
[2024-02-14T16:49:00.419+0100][debug][gc,nmethod     ] GC(1) Unregister NMethod: io.sirix.access.trx.node.AbstractIndexController.notifyChange (0x00007f9f0becb810)
[2024-02-14T16:49:00.420+0100][debug][gc,nmethod     ] GC(1) Unregister NMethod: io.sirix.node.json.AbstractBooleanNode.delegate (0x00007f9f0bf79290)
[2024-02-14T16:49:00.420+0100][debug][gc,nmethod     ] GC(1) Unregister NMethod: net.openhft.chronicle.core.UnsafeMemory.writeByte (0x00007f9f0bb86210)
[2024-02-14T16:49:00.420+0100][debug][gc,nmethod     ] GC(1) Unregister NMethod: java.util.concurrent.ConcurrentHashMap.putIfAbsent (0x00007f9f2b399290)
[2024-02-14T16:49:00.420+0100][debug][gc,nmethod     ] GC(1) Unregister NMethod: net.openhft.hashing.XXH3.XXH3_mix16B (0x00007f9f0be85a90)
[2024-02-14T16:49:00.420+0100][debug][gc,nmethod     ] GC(1) Unregister NMethod: net.openhft.chronicle.bytes.AbstractBytes.writeInt (0x00007f9f0bed1690)
[2024-02-14T16:49:00.420+0100][debug][gc,nmethod     ] GC(1) Unregister NMethod: java.util.Arrays.copyOf (0x00007f9f0baca110)
[2024-02-14T16:49:00.420+0100][debug][gc,nmethod     ] GC(1) Unregister NMethod: java.lang.Math.clamp (0x00007f9f0bb59e90)
[2024-02-14T16:49:00.420+0100][debug][gc,nmethod     ] GC(1) Unregister NMethod: io.sirix.node.delegates.StructNodeDelegate.<init> (0x00007f9f0bea5b10)
[2024-02-14T16:49:00.420+0100][debug][gc,nmethod     ] GC(1) Unregister NMethod: io.sirix.access.trx.node.AbstractNodeReadOnlyTrx.moveTo (0x00007f9f0be6d310)
[2024-02-14T16:49:00.420+0100][debug][gc,nmethod     ] GC(1) Unregister NMethod: net.openhft.chronicle.bytes.NativeBytes.writeLong (0x00007f9f0be74410)
[2024-02-14T16:49:00.420+0100][debug][gc,nmethod     ] GC(1) Unregister NMethod: io.sirix.node.delegates.StructNodeDelegate.incrementChildCount (0x00007f9f0bea3c90)
[2024-02-14T16:49:00.420+0100][debug][gc,nmethod     ] GC(1) Unregister NMethod: io.sirix.service.json.shredder.JsonShredder.adaptTrxPosAndStack (0x00007f9f0bf5e710)
[2024-02-14T16:49:00.420+0100][debug][gc,nmethod     ] GC(1) Unregister NMethod: io.sirix.access.trx.page.NodePageTrx.prepareRecordPage (0x00007f9f2b3dbd90)
[2024-02-14T16:49:00.420+0100][debug][gc,nmethod     ] GC(1) Unregister NMethod: io.sirix.node.json.BooleanNode.getKind (0x00007f9f0bfd0310)
[2024-02-14T16:49:00.420+0100][debug][gc,nmethod     ] GC(1) Unregister NMethod: io.sirix.page.RevisionRootPage.incrementAndGetMaxNodeKeyInDocumentIndex (0x00007f9f0bea9f90)
[2024-02-14T16:49:00.420+0100][debug][gc,nmethod     ] GC(1) Unregister NMethod: io.sirix.access.trx.node.json.JsonNodeTrxImpl.insertStringValueAsRightSibling (0x00007f9f0bfc7410)
[2024-02-14T16:49:00.420+0100][debug][gc,nmethod     ] GC(1) Unregister NMethod: io.sirix.access.trx.page.NodePageTrx.getPageContainer (0x00007f9f0be71110)
[2024-02-14T16:49:00.420+0100][debug][gc,nmethod     ] GC(1) Unregister NMethod: io.sirix.cache.PageContainer.getModifiedAsUnorderedKeyValuePage (0x00007f9f0be66810)
[2024-02-14T16:49:00.420+0100][debug][gc,nmethod     ] GC(1) Unregister NMethod: java.lang.Object.<init> (0x00007f9f2b33fe10)
[2024-02-14T16:49:00.420+0100][debug][gc,nmethod     ] GC(1) Unregister NMethod: jdk.internal.ref.PhantomCleanable.insert (0x00007f9f0badfb90)
[2024-02-14T16:49:00.420+0100][debug][gc,nmethod     ] GC(1) Unregister NMethod: java.lang.Math.min (0x00007f9f0ba35190)
[2024-02-14T16:49:00.420+0100][debug][gc,nmethod     ] GC(1) Unregister NMethod: io.sirix.utils.IntToObjectMap.put (0x00007f9f0beca990)
[2024-02-14T16:49:00.420+0100][debug][gc,nmethod     ] GC(1) Unregister NMethod: java.lang.String.encodeUTF8 (0x00007f9f0bee3590)
[2024-02-14T16:49:00.420+0100][debug][gc,nmethod     ] GC(1) Unregister NMethod: java.lang.ref.Cleaner.register (0x00007f9f0baec610)
[2024-02-14T16:49:00.420+0100][debug][gc,nmethod     ] GC(1) Unregister NMethod: io.sirix.access.trx.node.AbstractNodeHashing.setAddDescendants (0x00007f9f0be7a790)
[2024-02-14T16:49:00.420+0100][debug][gc,nmethod     ] GC(1) Unregister NMethod: io.sirix.node.json.AbstractStringNode.computeHash (0x00007f9f0bf44c10)
[2024-02-14T16:49:00.420+0100][debug][gc,nmethod     ] GC(1) Unregister NMethod: com.google.common.base.Preconditions.checkArgument (0x00007f9f0be69710)
[2024-02-14T16:49:00.420+0100][debug][gc,nmethod     ] GC(1) Unregister NMethod: com.google.gson.stream.JsonReader.nextString (0x00007f9f0bf1de10)
[2024-02-14T16:49:00.420+0100][debug][gc,nmethod     ] GC(1) Unregister NMethod: sun.net.www.protocol.file.Handler.parseURL (0x00007f9f0bc7ee90)
[2024-02-14T16:49:00.420+0100][debug][gc,nmethod     ] GC(1) Unregister NMethod: io.sirix.access.trx.node.AbstractNodeReadOnlyTrx.moveToParent (0x00007f9f0be9db90)
[2024-02-14T16:49:00.420+0100][debug][gc,nmethod     ] GC(1) Unregister NMethod: jdk.internal.loader.URLClassPath.getResource (0x00007f9f0bba3b10)
[2024-02-14T16:49:00.420+0100][debug][gc,nmethod     ] GC(1) Unregister NMethod: java.lang.ref.NativeReferenceQueue.poll (0x00007f9f2b39e290)
[2024-02-14T16:49:00.420+0100][debug][gc,nmethod     ] GC(1) Unregister NMethod: net.openhft.hashing.LongHashFunction.unsafeHash (0x00007f9f0beba890)
[2024-02-14T16:49:00.420+0100][debug][gc,nmethod     ] GC(1) Unregister NMethod: io.sirix.axis.AbstractAxis.tryToComputeNext (0x00007f9f0be7c010)
[2024-02-14T16:49:00.420+0100][debug][gc,nmethod     ] GC(1) Unregister NMethod: java.util.ArrayList.get (0x00007f9f0bad2690)
[2024-02-14T16:49:00.420+0100][debug][gc,nmethod     ] GC(1) Unregister NMethod: java.lang.ThreadLocal.get (0x00007f9f0be15310)
[2024-02-14T16:49:00.420+0100][debug][gc,nmethod     ] GC(1) Unregister NMethod: io.sirix.node.json.ObjectKeyNode.getKind (0x00007f9f0be66e10)
[2024-02-14T16:49:00.420+0100][debug][gc,nmethod     ] GC(1) Unregister NMethod: it.unimi.dsi.fastutil.longs.LongArrayList.getLong (0x00007f9f0beaa310)
[2024-02-14T16:49:00.420+0100][debug][gc,nmethod     ] GC(1) Unregister NMethod: io.sirix.access.trx.node.AbstractNodeHashing.isValueNode (0x00007f9f0bed3390)
[2024-02-14T16:49:00.420+0100][debug][gc,nmethod     ] GC(1) Unregister NMethod: io.sirix.access.trx.page.NodePageTrx.getMostRecentPageContainer (0x00007f9f0bb8f090)
[2024-02-14T16:49:00.420+0100][debug][gc,nmethod     ] GC(1) Unregister NMethod: java.lang.Integer.valueOf (0x00007f9f0bd11d90)
[2024-02-14T16:49:00.420+0100][debug][gc,nmethod     ] GC(1) Unregister NMethod: java.lang.AbstractStringBuilder.append (0x00007f9f0c014d90)
[2024-02-14T16:49:00.420+0100][debug][gc,nmethod     ] GC(1) Unregister NMethod: io.sirix.node.xml.AbstractStructForwardingNode.setDescendantCount (0x00007f9f0be78490)
[2024-02-14T16:49:00.420+0100][debug][gc,nmethod     ] GC(1) Unregister NMethod: it.unimi.dsi.fastutil.longs.LongArrayList.add (0x00007f9f0bea6610)
[2024-02-14T16:49:00.420+0100][debug][gc,nmethod     ] GC(1) Unregister NMethod: java.util.HashSet.isEmpty (0x00007f9f0ba6f910)
[2024-02-14T16:49:00.420+0100][debug][gc,nmethod     ] GC(1) Unregister NMethod: io.sirix.service.json.shredder.JsonShredder.insertArray (0x00007f9f0c007490)
[2024-02-14T16:49:00.420+0100][debug][gc,nmethod     ] GC(1) Unregister NMethod: java.io.File.isInvalid (0x00007f9f0be03390)
[2024-02-14T16:49:00.420+0100][debug][gc,nmethod     ] GC(1) Unregister NMethod: net.openhft.chronicle.bytes.AppendableUtil.findUtf8Length (0x00007f9f0beda610)
[2024-02-14T16:49:00.420+0100][debug][gc,nmethod     ] GC(1) Unregister NMethod: jdk.internal.ref.PhantomCleanable.<init> (0x00007f9f0bae0410)
[2024-02-14T16:49:00.420+0100][debug][gc,nmethod     ] GC(1) Unregister NMethod: io.sirix.node.delegates.NodeDelegate.<init> (0x00007f9f0bea4d10)
[2024-02-14T16:49:00.420+0100][debug][gc,nmethod     ] GC(1) Unregister NMethod: java.nio.ByteBuffer.flip (0x00007f9f0c024690)
[2024-02-14T16:49:00.420+0100][debug][gc,nmethod     ] GC(1) Unregister NMethod: net.openhft.chronicle.bytes.internal.HeapBytesStore.writeLong (0x00007f9f0be63190)
[2024-02-14T16:49:00.420+0100][debug][gc,nmethod     ] GC(1) Unregister NMethod: java.lang.invoke.LambdaForm$DMH/0x0000000080111c00.invokeSpecial (0x00007f9f0bf63310)
[2024-02-14T16:49:00.420+0100][debug][gc,nmethod     ] GC(1) Unregister NMethod: java.lang.StringLatin1.canEncode (0x00007f9f0bc60610)
[2024-02-14T16:49:00.420+0100][debug][gc,nmethod     ] GC(1) Unregister NMethod: io.sirix.node.json.AbstractStringNode.delegate (0x00007f9f0be7e290)
[2024-02-14T16:49:00.420+0100][debug][gc,nmethod     ] GC(1) Unregister NMethod: it.unimi.dsi.fastutil.HashCommon.mix (0x00007f9f0be7cd10)
[2024-02-14T16:49:00.420+0100][debug][gc,nmethod     ] GC(1) Unregister NMethod: java.lang.ref.ReferenceQueue.poll (0x00007f9f0bbd5910)
[2024-02-14T16:49:00.420+0100][debug][gc,nmethod     ] GC(1) Unregister NMethod: java.io.InputStreamReader.read (0x00007f9f0c015290)
[2024-02-14T16:49:00.420+0100][debug][gc,nmethod     ] GC(1) Unregister NMethod: net.openhft.chronicle.bytes.StreamingDataOutput.appendUtf8 (0x00007f9f0bedad90)
[2024-02-14T16:49:00.420+0100][debug][gc,nmethod     ] GC(1) Unregister NMethod: java.lang.StringBuilder.append (0x00007f9f0ba76310)
[2024-02-14T16:49:00.420+0100][debug][gc,nmethod     ] GC(1) Unregister NMethod: io.sirix.node.AbstractForwardingNode.getNodeDelegate (0x00007f9f0bc5ab90)
[2024-02-14T16:49:00.420+0100][debug][gc,nmethod     ] GC(1) Unregister NMethod: io.sirix.node.xml.AbstractStructForwardingNode.getLeftSiblingKey (0x00007f9f0bf1d210)
[2024-02-14T16:49:00.420+0100][debug][gc,nmethod     ] GC(1) Unregister NMethod: java.util.BitSet.recalculateWordsInUse (0x00007f9f0be67990)
[2024-02-14T16:49:00.420+0100][debug][gc,nmethod     ] GC(1) Unregister NMethod: jdk.internal.loader.URLClassPath$JarLoader$2.getCodeSourceURL (0x00007f9f0bbaaf90)
[2024-02-14T16:49:00.420+0100][debug][gc,nmethod     ] GC(1) Unregister NMethod: com.google.gson.stream.JsonReader.beginArray (0x00007f9f0c001810)
[2024-02-14T16:49:00.420+0100][debug][gc,nmethod     ] GC(1) Unregister NMethod: net.openhft.chronicle.core.UnsafeMemory.writeLong (0x00007f9f0ba36710)
[2024-02-14T16:49:00.420+0100][debug][gc,nmethod     ] GC(1) Unregister NMethod: java.lang.invoke.MethodType.methodType (0x00007f9f0ba75a10)
[2024-02-14T16:49:00.420+0100][debug][gc,nmethod     ] GC(1) Unregister NMethod: com.google.gson.stream.JsonReader.isLiteral (0x00007f9f0bfa7290)
[2024-02-14T16:49:00.420+0100][debug][gc,nmethod     ] GC(1) Unregister NMethod: java.lang.StringBuilder.<init> (0x00007f9f0baa6d90)
[2024-02-14T16:49:00.420+0100][debug][gc,nmethod     ] GC(1) Unregister NMethod: net.openhft.hashing.UnsafeAccess.byteOrder (0x00007f9f0beadb90)
[2024-02-14T16:49:00.420+0100][debug][gc,nmethod     ] GC(1) Unregister NMethod: jdk.internal.reflect.MethodHandleByteFieldAccessorImpl.getByte (0x00007f9f0bf3e410)
[2024-02-14T16:49:00.420+0100][debug][gc,nmethod     ] GC(1) Unregister NMethod: io.sirix.access.trx.node.json.JsonNodeTrxImpl.adaptNodesAndHashesForInsertAsChild (0x00007f9f0bedba10)
[2024-02-14T16:49:00.420+0100][debug][gc,nmethod     ] GC(1) Unregister NMethod: io.sirix.service.json.shredder.JsonShredder.processString (0x00007f9f0bfaa510)
[2024-02-14T16:49:00.420+0100][debug][gc,nmethod     ] GC(1) Unregister NMethod: java.util.BitSet.set (0x00007f9f0be89c10)
[2024-02-14T16:49:00.420+0100][debug][gc,nmethod     ] GC(1) Unregister NMethod: io.sirix.access.trx.node.json.JsonNodeTrxImpl.adaptForInsert (0x00007f9f0beb6c10)
[2024-02-14T16:49:00.420+0100][debug][gc,nmethod     ] GC(1) Unregister NMethod: java.nio.CharBuffer.wrap (0x00007f9f0bfa4c90)
[2024-02-14T16:49:00.420+0100][debug][gc,nmethod     ] GC(1) Unregister NMethod: io.sirix.access.trx.node.AbstractDeweyIDManager.newRightSiblingID (0x00007f9f0bf2f310)
[2024-02-14T16:49:00.420+0100][debug][gc,nmethod     ] GC(1) Unregister NMethod: net.openhft.chronicle.bytes.NativeBytes.writeLong (0x00007f9f0be74990)
[2024-02-14T16:49:00.420+0100][debug][gc,nmethod     ] GC(1) Unregister NMethod: java.lang.invoke.LambdaForm$MH/0x000000008035a400.invoke (0x00007f9f0bfd0690)
[2024-02-14T16:49:00.420+0100][debug][gc,nmethod     ] GC(1) Unregister NMethod: io.sirix.access.trx.page.NodePageTrx.getRecord (0x00007f9f2b3ddf10)
[2024-02-14T16:49:00.420+0100][debug][gc,nmethod     ] GC(1) Unregister NMethod: java.lang.String.<init> (0x00007f9f2b377c10)
[2024-02-14T16:49:00.420+0100][debug][gc,nmethod     ] GC(1) Unregister NMethod: io.sirix.node.json.AbstractNullNode.delegate (0x00007f9f0bfa4290)
[2024-02-14T16:49:00.420+0100][debug][gc,nmethod     ] GC(1) Unregister NMethod: io.sirix.index.path.summary.PathSummaryReader.moveTo (0x00007f9f0be78e90)
[2024-02-14T16:49:00.420+0100][debug][gc,nmethod     ] GC(1) Unregister NMethod: com.google.gson.stream.JsonReader.peek (0x00007f9f0be99810)
[2024-02-14T16:49:00.420+0100][debug][gc,nmethod     ] GC(1) Unregister NMethod: java.lang.invoke.LambdaForm$BasicType.basicType (0x00007f9f0bb02990)
[2024-02-14T16:49:00.420+0100][debug][gc,nmethod     ] GC(1) Unregister NMethod: io.sirix.index.path.summary.PathSummaryReader.getNodeKey (0x00007f9f0be76690)
[2024-02-14T16:49:00.420+0100][debug][gc,nmethod     ] GC(1) Unregister NMethod: io.sirix.service.json.shredder.JsonShredder.processTrxMovement (0x00007f9f0bf83290)
[2024-02-14T16:49:00.420+0100][debug][gc,nmethod     ] GC(1) Unregister NMethod: java.lang.Class.descriptorString (0x00007f9f0bb27110)
[2024-02-14T16:49:00.420+0100][debug][gc,nmethod     ] GC(1) Unregister NMethod: net.openhft.chronicle.core.util.StringUtils.getStringCoderForStringOrStringBuilder (0x00007f9f0bf3b610)
[2024-02-14T16:49:00.420+0100][debug][gc,nmethod     ] GC(1) Unregister NMethod: io.sirix.page.KeyValueLeafPage.setRecord (0x00007f9f0be8ec10)
[2024-02-14T16:49:00.420+0100][debug][gc,nmethod     ] GC(1) Unregister NMethod: io.sirix.access.trx.node.AbstractNodeReadOnlyTrx.moveTo (0x00007f9f0bf69410)
[2024-02-14T16:49:00.420+0100][debug][gc,nmethod     ] GC(1) Unregister NMethod: net.openhft.chronicle.bytes.AbstractBytes.writeOffsetPositionMoved (0x00007f9f0ba36b10)
[2024-02-14T16:49:00.420+0100][debug][gc,nmethod     ] GC(1) Unregister NMethod: java.lang.Thread.onSpinWait (0x00007f9f0bae9290)
[2024-02-14T16:49:00.420+0100][debug][gc,nmethod     ] GC(1) Unregister NMethod: io.sirix.access.trx.page.NodePageTrx.getRecord (0x00007f9f0be72210)
[2024-02-14T16:49:00.420+0100][debug][gc,nmethod     ] GC(1) Unregister NMethod: java.util.concurrent.ConcurrentHashMap.computeIfAbsent (0x00007f9f0bb1c690)
[2024-02-14T16:49:00.420+0100][debug][gc,nmethod     ] GC(1) Unregister NMethod: java.util.ArrayList.grow (0x00007f9f0bb3ec90)
[2024-02-14T16:49:00.420+0100][debug][gc,nmethod     ] GC(1) Unregister NMethod: io.sirix.access.trx.node.json.JsonNodeReadOnlyTrxImpl.isArray (0x00007f9f0bf90390)
[2024-02-14T16:49:00.420+0100][debug][gc,nmethod     ] GC(1) Unregister NMethod: java.lang.Long.getChars (0x00007f9f0bfc6890)
[2024-02-14T16:49:00.420+0100][debug][gc,nmethod     ] GC(1) Unregister NMethod: io.sirix.access.trx.node.json.JsonNodeTrxImpl.checkPrecondition (0x00007f9f0bfa6010)
[2024-02-14T16:49:00.420+0100][debug][gc,nmethod     ] GC(1) Unregister NMethod: io.sirix.node.json.StringNode.getKind (0x00007f9f0bfa5690)
[2024-02-14T16:49:00.420+0100][debug][gc,nmethod     ] GC(1) Unregister NMethod: it.unimi.dsi.fastutil.longs.LongArrayList.grow (0x00007f9f0bea6c10)
[2024-02-14T16:49:00.421+0100][debug][gc,nmethod     ] GC(1) Unregister NMethod: java.util.ArrayList$Itr.next (0x00007f9f0be32410)
[2024-02-14T16:49:00.421+0100][debug][gc,nmethod     ] GC(1) Unregister NMethod: io.sirix.node.delegates.ValueNodeDelegate.<init> (0x00007f9f0bf42390)
[2024-02-14T16:49:00.421+0100][debug][gc,nmethod     ] GC(1) Unregister NMethod: java.lang.invoke.DelegatingMethodHandle$Holder.delegate (0x00007f9f0bf8fb10)
[2024-02-14T16:49:00.421+0100][debug][gc,nmethod     ] GC(1) Unregister NMethod: io.sirix.service.json.shredder.JsonShredder.insertNewContent (0x00007f9f0c05eb90)
[2024-02-14T16:49:00.421+0100][debug][gc,nmethod     ] GC(1) Unregister NMethod: io.sirix.node.json.NullNode.getKind (0x00007f9f0bfa4910)
[2024-02-14T16:49:00.421+0100][debug][gc,nmethod     ] GC(1) Unregister NMethod: java.util.HashMap$HashIterator.hasNext (0x00007f9f0ba57910)
[2024-02-14T16:49:00.421+0100][debug][gc,nmethod     ] GC(1) Unregister NMethod: io.sirix.axis.AbstractAxis.nextLong (0x00007f9f0be7fe10)
[2024-02-14T16:49:00.421+0100][debug][gc,nmethod     ] GC(1) Unregister NMethod: io.sirix.node.json.AbstractNumberNode.delegate (0x00007f9f0be87d10)
[2024-02-14T16:49:00.421+0100][debug][gc,nmethod     ] GC(1) Unregister NMethod: java.lang.invoke.MemberName.init (0x00007f9f0bb20a90)
[2024-02-14T16:49:00.421+0100][debug][gc,nmethod     ] GC(1) Unregister NMethod: java.util.HashMap.hash (0x00007f9f0ba4b890)
[2024-02-14T16:49:00.421+0100][debug][gc,nmethod     ] GC(1) Unregister NMethod: io.sirix.access.trx.node.AbstractNodeReadOnlyTrx.getNodeKey (0x00007f9f0bed6090)
[2024-02-14T16:49:00.421+0100][debug][gc,nmethod     ] GC(1) Unregister NMethod: net.openhft.hashing.MathsJDK9.unsignedLongMulXorFoldImp (0x00007f9f0be84f90)
[2024-02-14T16:49:00.421+0100][debug][gc,nmethod     ] GC(1) Unregister NMethod: net.openhft.chronicle.bytes.BytesStore.safeLimit (0x00007f9f0bb8fa90)
[2024-02-14T16:49:00.421+0100][debug][gc,nmethod     ] GC(1) Unregister NMethod: io.sirix.node.xml.AbstractStructForwardingNode.incrementChildCount (0x00007f9f0bea4010)
[2024-02-14T16:49:00.421+0100][debug][gc,nmethod     ] GC(1) Unregister NMethod: java.lang.Integer.rotateRight (0x00007f9f0bb7c910)
[2024-02-14T16:49:00.421+0100][debug][gc,nmethod     ] GC(1) Unregister NMethod: sun.net.util.URLUtil.urlNoFragString (0x00007f9f0bb05210)
[2024-02-14T16:49:00.421+0100][debug][gc,nmethod     ] GC(1) Unregister NMethod: io.sirix.access.trx.node.AbstractNodeTrxImpl.intermediateCommitIfRequired (0x00007f9f0bed8890)
[2024-02-14T16:49:00.421+0100][debug][gc,nmethod     ] GC(1) Unregister NMethod: sun.nio.cs.StreamDecoder.read (0x00007f9f0c037590)
[2024-02-14T16:49:00.421+0100][debug][gc,nmethod     ] GC(1) Unregister NMethod: io.sirix.access.trx.node.json.JsonNodeTrxImpl.getPathNodeKey (0x00007f9f0beea190)
[2024-02-14T16:49:00.421+0100][debug][gc,nmethod     ] GC(1) Unregister NMethod: java.lang.String.encode (0x00007f9f0bee2910)
[2024-02-14T16:49:00.421+0100][debug][gc,nmethod     ] GC(1) Unregister NMethod: sun.nio.cs.StreamDecoder.implRead (0x00007f9f0c017310)
[2024-02-14T16:49:00.421+0100][debug][gc,nmethod     ] GC(1) Unregister NMethod: io.sirix.node.json.ObjectStringNode.getKind (0x00007f9f0bed0510)
[2024-02-14T16:49:00.421+0100][debug][gc,nmethod     ] GC(1) Unregister NMethod: io.sirix.access.trx.page.NodePageTrx.prepareRecordPage (0x00007f9f0be67e90)
[2024-02-14T16:49:00.421+0100][debug][gc,nmethod     ] GC(1) Unregister NMethod: io.sirix.node.delegates.NodeDelegate.getKind (0x00007f9f0beb6890)
[2024-02-14T16:49:00.421+0100][debug][gc,nmethod     ] GC(1) Unregister NMethod: java.lang.AbstractStringBuilder.append (0x00007f9f0c039d90)
[2024-02-14T16:49:00.421+0100][debug][gc,nmethod     ] GC(1) Unregister NMethod: java.lang.String.hashCode (0x00007f9f0ba41410)
[2024-02-14T16:49:00.421+0100][debug][gc,nmethod     ] GC(1) Unregister NMethod: io.sirix.node.immutable.json.ImmutableArrayNode.getKind (0x00007f9f0bf36c90)
[2024-02-14T16:49:00.421+0100][debug][gc,nmethod     ] GC(1) Unregister NMethod: io.sirix.node.json.ArrayNode.computeHash (0x00007f9f0c01e910)
[2024-02-14T16:49:00.421+0100][debug][gc,nmethod     ] GC(1) Unregister NMethod: io.sirix.access.trx.node.json.JsonNodeFactoryImpl.createJsonArrayNode (0x00007f9f0c000c10)
[2024-02-14T16:49:00.421+0100][debug][gc,nmethod     ] GC(1) Unregister NMethod: net.openhft.hashing.LongHashFunction.hashByteBuffer (0x00007f9f0bebcd90)
[2024-02-14T16:49:00.421+0100][debug][gc,nmethod     ] GC(1) Unregister NMethod: io.sirix.node.json.AbstractBooleanNode.computeHash (0x00007f9f0bfede90)
[2024-02-14T16:49:00.421+0100][debug][gc,nmethod     ] GC(1) Unregister NMethod: java.util.zip.ZipFile$Source.readFullyAt (0x00007f9f0bade790)
[2024-02-14T16:49:00.421+0100][debug][gc,nmethod     ] GC(1) Unregister NMethod: io.sirix.access.trx.page.NodePageTrx$IndexLogKeyToPageContainer.<init> (0x00007f9f0c025790)
[2024-02-14T16:49:00.421+0100][debug][gc,nmethod     ] GC(1) Unregister NMethod: java.lang.StringLatin1.hashCode (0x00007f9f0ba24e10)
[2024-02-14T16:49:00.421+0100][debug][gc,nmethod     ] GC(1) Unregister NMethod: java.lang.Long.toString (0x00007f9f0bfe0710)
[2024-02-14T16:49:00.421+0100][debug][gc,nmethod     ] GC(1) Unregister NMethod: java.lang.String.contains (0x00007f9f0be2c590)
[2024-02-14T16:49:00.421+0100][debug][gc,nmethod     ] GC(1) Unregister NMethod: io.sirix.access.trx.node.json.JsonNodeReadOnlyTrxImpl.getNode (0x00007f9f0be9f290)
[2024-02-14T16:49:00.421+0100][debug][gc,nmethod     ] GC(1) Unregister NMethod: io.sirix.access.trx.node.AbstractNodeReadOnlyTrx.assertNotClosed (0x00007f9f0bc59d90)
[2024-02-14T16:49:00.421+0100][debug][gc,nmethod     ] GC(1) Unregister NMethod: java.lang.String.hashCode (0x00007f9f2b347a10)
[2024-02-14T16:49:00.421+0100][debug][gc,nmethod     ] GC(1) Unregister NMethod: com.google.gson.stream.JsonReader.endArray (0x00007f9f0c01c510)
[2024-02-14T16:49:00.421+0100][debug][gc,nmethod     ] GC(1) Unregister NMethod: io.sirix.access.trx.page.NodePageTrx.prepareRecordPage (0x00007f9f0bf67b90)
[2024-02-14T16:49:00.421+0100][debug][gc,nmethod     ] GC(1) Unregister NMethod: java.lang.Long.bitCount (0x00007f9f0be85710)
[2024-02-14T16:49:00.421+0100][debug][gc,nmethod     ] GC(1) Unregister NMethod: java.util.concurrent.locks.ReentrantLock.unlock (0x00007f9f0ba78b10)
[2024-02-14T16:49:00.421+0100][debug][gc,nmethod     ] GC(1) Unregister NMethod: java.lang.String.<init> (0x00007f9f0bea3090)
[2024-02-14T16:49:00.421+0100][debug][gc,nmethod     ] GC(1) Unregister NMethod: io.sirix.access.trx.page.NodePageTrx.prepareRecordForModification (0x00007f9f0be6f490)
[2024-02-14T16:49:00.421+0100][debug][gc,nmethod     ] GC(1) Unregister NMethod: java.util.zip.Checksum.update (0x00007f9f0ba96e10)
[2024-02-14T16:49:00.421+0100][debug][gc,nmethod     ] GC(1) Unregister NMethod: java.lang.String.indexOf (0x00007f9f0bb57590)
[2024-02-14T16:49:00.421+0100][debug][gc,nmethod     ] GC(1) Unregister NMethod: io.sirix.service.json.JsonNumber.stringToNumber (0x00007f9f0bfe0d90)
[2024-02-14T16:49:00.421+0100][debug][gc,nmethod     ] GC(1) Unregister NMethod: java.lang.invoke.LambdaForm$MH/0x000000008035a800.invoke (0x00007f9f0bf62a10)
[2024-02-14T16:49:00.421+0100][debug][gc,nmethod     ] GC(1) Unregister NMethod: io.sirix.access.trx.page.NodePageTrx.getPageContainer (0x00007f9f2b3e0c10)
[2024-02-14T16:49:00.421+0100][debug][gc,nmethod     ] GC(1) Unregister NMethod: java.util.BitSet.cardinality (0x00007f9f0be89690)
[2024-02-14T16:49:00.421+0100][debug][gc,nmethod     ] GC(1) Unregister NMethod: net.openhft.chronicle.bytes.NativeBytes.writeByte (0x00007f9f0bc59190)
[2024-02-14T16:49:00.421+0100][debug][gc,nmethod     ] GC(1) Unregister NMethod: io.sirix.service.json.shredder.JsonShredder.processBeginArray (0x00007f9f0c002290)
[2024-02-14T16:49:00.421+0100][debug][gc,nmethod     ] GC(1) Unregister NMethod: net.openhft.hashing.XXH3.XXH3_64bits_internal (0x00007f9f0bef2810)
[2024-02-14T16:49:00.421+0100][debug][gc,nmethod     ] GC(1) Unregister NMethod: sun.nio.cs.UTF_8$Decoder.decodeArrayLoop (0x00007f9f0c029610)
[2024-02-14T16:49:00.421+0100][debug][gc,nmethod     ] GC(1) Unregister NMethod: java.io.UnixFileSystem.resolve (0x00007f9f0bc8b110)
[2024-02-14T16:49:00.421+0100][debug][gc,nmethod     ] GC(1) Unregister NMethod: java.nio.CharBuffer.position (0x00007f9f0ba58790)
[2024-02-14T16:49:00.421+0100][debug][gc,nmethod     ] GC(1) Unregister NMethod: io.sirix.node.xml.AbstractStructForwardingNode.getRightSiblingKey (0x00007f9f0be7c710)
[2024-02-14T16:49:00.421+0100][debug][gc,nmethod     ] GC(1) Unregister NMethod: java.io.UnixFileSystem.hasBooleanAttributes (0x00007f9f0bc1fd10)
[2024-02-14T16:49:00.421+0100][debug][gc,nmethod     ] GC(1) Unregister NMethod: io.sirix.node.json.ArrayNode.computeHash (0x00007f9f0bfffb10)
[2024-02-14T16:49:00.421+0100][debug][gc,nmethod     ] GC(1) Unregister NMethod: io.sirix.access.trx.page.NodePageTrx.getRecord (0x00007f9f0bf66390)
[2024-02-14T16:49:00.421+0100][debug][gc,nmethod     ] GC(1) Unregister NMethod: net.openhft.chronicle.bytes.NativeBytes.writeByte (0x00007f9f0bc59810)
[2024-02-14T16:49:00.421+0100][debug][gc,nmethod     ] GC(1) Unregister NMethod: io.sirix.node.xml.AbstractStructForwardingNode.setLastChildKey (0x00007f9f0beb0110)
[2024-02-14T16:49:00.421+0100][debug][gc,nmethod     ] GC(1) Unregister NMethod: it.unimi.dsi.fastutil.longs.LongArrayList.removeLong (0x00007f9f0bea8290)
[2024-02-14T16:49:00.421+0100][debug][gc,nmethod     ] GC(1) Unregister NMethod: jdk.internal.util.ArraysSupport.mismatch (0x00007f9f0be2cc10)
[2024-02-14T16:49:00.421+0100][debug][gc,nmethod     ] GC(1) Unregister NMethod: io.sirix.cache.IndexLogKey.equals (0x00007f9f0bf77810)
[2024-02-14T16:49:00.421+0100][debug][gc,nmethod     ] GC(1) Unregister NMethod: net.openhft.chronicle.bytes.internal.BytesInternal.appendUtf8Char (0x00007f9f0be5fc90)
[2024-02-14T16:49:00.421+0100][debug][gc,nmethod     ] GC(1) Unregister NMethod: com.google.gson.stream.JsonReader.peekKeyword (0x00007f9f0bfa8110)
[2024-02-14T16:49:00.421+0100][debug][gc,nmethod     ] GC(1) Unregister NMethod: io.sirix.service.json.shredder.JsonShredder.insertNewContent (0x00007f9f0c018610)
[2024-02-14T16:49:00.421+0100][debug][gc,nmethod     ] GC(1) Unregister NMethod: com.google.gson.stream.JsonReader.fillBuffer (0x00007f9f0c042e90)
[2024-02-14T16:49:00.421+0100][debug][gc,nmethod     ] GC(1) Unregister NMethod: jdk.internal.org.objectweb.asm.ByteVector.putShort (0x00007f9f2b37b590)
[2024-02-14T16:49:00.421+0100][debug][gc,nmethod     ] GC(1) Unregister NMethod: java.util.jar.Manifest$FastInputStream.readLine (0x00007f9f0bc65890)
[2024-02-14T16:49:00.421+0100][debug][gc,nmethod     ] GC(1) Unregister NMethod: com.google.gson.stream.JsonReader.beginArray (0x00007f9f0c023110)
[2024-02-14T16:49:00.421+0100][debug][gc,nmethod     ] GC(1) Unregister NMethod: io.sirix.access.trx.node.json.JsonNodeTrxImpl.insertStringValueAsFirstChild (0x00007f9f0bf55990)
[2024-02-14T16:49:00.421+0100][debug][gc,nmethod     ] GC(1) Unregister NMethod: java.lang.StringLatin1.inflate (0x00007f9f0bf19210)
[2024-02-14T16:49:00.421+0100][debug][gc,nmethod     ] GC(1) Unregister NMethod: io.sirix.access.trx.node.json.JsonNodeFactoryImpl.createJsonArrayNode (0x00007f9f0c01d690)
[2024-02-14T16:49:00.421+0100][debug][gc,nmethod     ] GC(1) Unregister NMethod: java.lang.StringLatin1.inflate (0x00007f9f0be4ed90)
[2024-02-14T16:49:00.421+0100][debug][gc,nmethod     ] GC(1) Unregister NMethod: io.sirix.access.trx.page.NodePageTrx.prepareRecordForModification (0x00007f9f0bf64710)
[2024-02-14T16:49:00.421+0100][debug][gc,nmethod     ] GC(1) Unregister NMethod: io.sirix.access.trx.page.NodePageTrx.getMostRecentPageContainer (0x00007f9f2b3d7f10)
[2024-02-14T16:49:00.421+0100][debug][gc,nmethod     ] GC(1) Unregister NMethod: java.util.LinkedHashMap.afterNodeAccess (0x00007f9f0bf6f010)
[2024-02-14T16:49:00.421+0100][debug][gc,nmethod     ] GC(1) Unregister NMethod: io.sirix.access.trx.node.json.JsonNodeTrxImpl.moveToParentObjectKeyArrayOrDocumentRoot (0x00007f9f0becda90)
[2024-02-14T16:49:00.421+0100][debug][gc,nmethod     ] GC(1) Unregister NMethod: io.sirix.access.trx.node.AbstractNodeHashing.rollingAdd (0x00007f9f0beb0990)
[2024-02-14T16:49:00.421+0100][debug][gc,nmethod     ] GC(1) Unregister NMethod: io.sirix.node.json.ObjectKeyNode.delegate (0x00007f9f0bb90810)
[2024-02-14T16:49:00.421+0100][debug][gc,nmethod     ] GC(1) Unregister NMethod: io.sirix.access.trx.page.NodePageTrx.getPageContainer (0x00007f9f0bf6fe10)
[2024-02-14T16:49:00.421+0100][debug][gc,nmethod     ] GC(1) Unregister NMethod: io.sirix.index.path.summary.PathSummaryWriter.getPathNodeKey (0x00007f9f0bf10210)
[2024-02-14T16:49:00.421+0100][debug][gc,nmethod     ] GC(1) Unregister NMethod: java.nio.charset.CharsetDecoder.decode (0x00007f9f0c026990)
[2024-02-14T16:49:00.421+0100][debug][gc,nmethod     ] GC(1) Unregister NMethod: io.sirix.access.trx.node.AbstractNodeReadOnlyTrx.getKind (0x00007f9f0be87390)
[2024-02-14T16:49:00.421+0100][debug][gc,nmethod     ] GC(1) Unregister NMethod: net.openhft.hashing.Maths.unsignedLongMulXorFold (0x00007f9f0be85390)
[2024-02-14T16:49:00.421+0100][debug][gc,nmethod     ] GC(1) Unregister NMethod: java.lang.invoke.MethodType.makeImpl (0x00007f9f0ba74310)
[2024-02-14T16:49:00.421+0100][debug][gc,nmethod     ] GC(1) Unregister NMethod: io.sirix.access.trx.node.json.JsonNodeFactoryImpl.createJsonNullNode (0x00007f9f0bfb6690)
[2024-02-14T16:49:00.421+0100][debug][gc,nmethod     ] GC(1) Unregister NMethod: io.sirix.access.trx.node.AbstractNodeReadOnlyTrx.storeDeweyIDs (0x00007f9f0beaf310)
[2024-02-14T16:49:00.421+0100][debug][gc,nmethod     ] GC(1) Unregister NMethod: io.sirix.utils.IntToObjectMap.find (0x00007f9f0be75910)
[2024-02-14T16:49:00.421+0100][debug][gc,nmethod     ] GC(1) Unregister NMethod: net.openhft.hashing.XXH3$AsLongHashFunction.hash (0x00007f9f0bebc190)
[2024-02-14T16:49:00.421+0100][debug][gc,nmethod     ] GC(1) Unregister NMethod: java.lang.String.decodeASCII (0x00007f9f0c00f490)
[2024-02-14T16:49:00.421+0100][debug][gc,nmethod     ] GC(1) Unregister NMethod: java.lang.Long.hashCode (0x00007f9f0bf64410)
[2024-02-14T16:49:00.421+0100][debug][gc,nmethod     ] GC(1) Unregister NMethod: java.nio.Buffer.limit (0x00007f9f0bb20210)
[2024-02-14T16:49:00.421+0100][debug][gc,nmethod     ] GC(1) Unregister NMethod: java.lang.StringConcatHelper.newString (0x00007f9f0bcd3490)
[2024-02-14T16:49:00.421+0100][debug][gc,nmethod     ] GC(1) Unregister NMethod: java.util.BitSet.checkInvariants (0x00007f9f0bc5df10)
[2024-02-14T16:49:00.422+0100][debug][gc,nmethod     ] GC(1) Unregister NMethod: java.lang.Long.stringSize (0x00007f9f0bfbbf10)
[2024-02-14T16:49:00.422+0100][debug][gc,nmethod     ] GC(1) Unregister NMethod: java.lang.StringLatin1.inflate (0x00007f9f0bb28890)
[2024-02-14T16:49:00.422+0100][debug][gc,nmethod     ] GC(1) Unregister NMethod: io.sirix.axis.filter.PathNameFilter.<init> (0x00007f9f0bef0510)
[2024-02-14T16:49:00.422+0100][debug][gc,nmethod     ] GC(1) Unregister NMethod: java.lang.String.indexOf (0x00007f9f0bb56c10)
[2024-02-14T16:49:00.422+0100][debug][gc,phases      ] GC(1) Concurrent Classes Purge 4,181ms
[2024-02-14T16:49:00.422+0100][debug][gc,phases,start] GC(1) Concurrent References Enqueue
[2024-02-14T16:49:00.422+0100][debug][gc,phases      ] GC(1) Concurrent References Enqueue 0,011ms
[2024-02-14T16:49:00.422+0100][info ][gc,phases      ] GC(1) Concurrent Process Non-Strong References 6,491ms
[2024-02-14T16:49:00.422+0100][debug][gc,phases,start] GC(1) Concurrent Reset Relocation Set
[2024-02-14T16:49:00.422+0100][info ][gc,phases      ] GC(1) Concurrent Reset Relocation Set 0,010ms
[2024-02-14T16:49:00.422+0100][debug][gc,phases,start] GC(1) Concurrent Select Relocation Set
[2024-02-14T16:49:00.423+0100][debug][gc,task        ] GC(1) Executing Task: XRelocationSetInstallTask, Active Workers: 5
[2024-02-14T16:49:00.446+0100][info ][gc,phases      ] GC(1) Concurrent Select Relocation Set 24,137ms
[2024-02-14T16:49:00.446+0100][debug][gc,phases,start] GC(1) Pause Relocate Start
[2024-02-14T16:49:00.446+0100][info ][gc,phases      ] GC(1) Pause Relocate Start 0,040ms
[2024-02-14T16:49:00.446+0100][debug][gc,phases,start] GC(1) Concurrent Relocate
[2024-02-14T16:49:00.446+0100][debug][gc,task        ] GC(1) Executing Task: XRelocateTask, Active Workers: 5
[2024-02-14T16:49:00.507+0100][debug][gc,alloc       ] Allocation Rate: 1068,0MB/s, Predicted: 1177,9MB/s, Avg: 972,4(+/-119,9)MB/s
[2024-02-14T16:49:00.526+0100][info ][gc,phases      ] GC(1) Concurrent Relocate 80,437ms
[2024-02-14T16:49:00.527+0100][debug][gc,heap        ] GC(1) Heap after GC invocations=2 (full 2):
[2024-02-14T16:49:00.527+0100][debug][gc,heap        ] GC(1)  ZHeap           used 656M, capacity 5120M, max capacity 15360M
[2024-02-14T16:49:00.527+0100][debug][gc,heap        ] GC(1)  Metaspace       used 30060K, committed 30464K, reserved 1114112K
[2024-02-14T16:49:00.527+0100][debug][gc,heap        ] GC(1)   class space    used 3265K, committed 3456K, reserved 1048576K
[2024-02-14T16:49:00.527+0100][info ][gc,load        ] GC(1) Load: 1,81/1,25/1,55
[2024-02-14T16:49:00.527+0100][info ][gc,mmu         ] GC(1) MMU: 2ms/92,9%, 5ms/97,2%, 10ms/98,6%, 20ms/99,1%, 50ms/99,6%, 100ms/99,8%
[2024-02-14T16:49:00.527+0100][info ][gc,marking     ] GC(1) Mark: 4 stripe(s), 2 proactive flush(es), 1 terminate flush(es), 0 completion(s), 0 continuation(s) 
[2024-02-14T16:49:00.527+0100][info ][gc,marking     ] GC(1) Mark Stack Usage: 32M
[2024-02-14T16:49:00.527+0100][info ][gc,nmethod     ] GC(1) NMethods: 2570 registered, 328 unregistered
[2024-02-14T16:49:00.527+0100][info ][gc,metaspace   ] GC(1) Metaspace: 29M used, 29M committed, 1088M reserved
[2024-02-14T16:49:00.527+0100][info ][gc,ref         ] GC(1) Soft: 3818 encountered, 0 discovered, 0 enqueued
[2024-02-14T16:49:00.527+0100][info ][gc,ref         ] GC(1) Weak: 2033 encountered, 566 discovered, 242 enqueued
[2024-02-14T16:49:00.527+0100][info ][gc,ref         ] GC(1) Final: 45 encountered, 45 discovered, 45 enqueued
[2024-02-14T16:49:00.527+0100][info ][gc,ref         ] GC(1) Phantom: 556 encountered, 448 discovered, 181 enqueued
[2024-02-14T16:49:00.527+0100][info ][gc,reloc       ] GC(1) Small Pages: 760 / 1520M, Empty: 0M, Relocated: 382M, In-Place: 0
[2024-02-14T16:49:00.527+0100][info ][gc,reloc       ] GC(1) Medium Pages: 1 / 32M, Empty: 0M, Relocated: 0M, In-Place: 0
[2024-02-14T16:49:00.527+0100][info ][gc,reloc       ] GC(1) Large Pages: 0 / 0M, Empty: 0M, Relocated: 0M, In-Place: 0
[2024-02-14T16:49:00.527+0100][info ][gc,reloc       ] GC(1) Forwarding Usage: 183M
[2024-02-14T16:49:00.527+0100][info ][gc,heap        ] GC(1) Min Capacity: 5120M(33%)
[2024-02-14T16:49:00.527+0100][info ][gc,heap        ] GC(1) Max Capacity: 15360M(100%)
[2024-02-14T16:49:00.527+0100][info ][gc,heap        ] GC(1) Soft Max Capacity: 15360M(100%)
[2024-02-14T16:49:00.527+0100][info ][gc,heap        ] GC(1)                Mark Start          Mark End        Relocate Start      Relocate End           High               Low         
[2024-02-14T16:49:00.527+0100][info ][gc,heap        ] GC(1)  Capacity:     5120M (33%)        5120M (33%)        5120M (33%)        5120M (33%)        5120M (33%)        5120M (33%)    
[2024-02-14T16:49:00.527+0100][info ][gc,heap        ] GC(1)      Free:    13808M (90%)       13698M (89%)       13664M (89%)       14704M (96%)       14704M (96%)       13662M (89%)    
[2024-02-14T16:49:00.527+0100][info ][gc,heap        ] GC(1)      Used:     1552M (10%)        1662M (11%)        1696M (11%)         656M (4%)         1698M (11%)         656M (4%)     
[2024-02-14T16:49:00.527+0100][info ][gc,heap        ] GC(1)      Live:         -               394M (3%)          394M (3%)          394M (3%)             -                  -          
[2024-02-14T16:49:00.527+0100][info ][gc,heap        ] GC(1) Allocated:         -               110M (1%)          144M (1%)          223M (1%)             -                  -          
[2024-02-14T16:49:00.527+0100][info ][gc,heap        ] GC(1)   Garbage:         -              1157M (8%)         1157M (8%)           37M (0%)             -                  -          
[2024-02-14T16:49:00.527+0100][info ][gc,heap        ] GC(1) Reclaimed:         -                  -                 0M (0%)         1119M (7%)             -                  -          
[2024-02-14T16:49:00.527+0100][info ][gc             ] GC(1) Garbage Collection (Warmup) 1552M(10%)->656M(4%)
[2024-02-14T16:49:00.607+0100][debug][gc,alloc       ] Allocation Rate: 1072,0MB/s, Predicted: 1147,2MB/s, Avg: 1008,8(+/-84,0)MB/s
[2024-02-14T16:49:00.608+0100][debug][gc,director    ] Rule: Warmup 20%, Used: 748MB, UsedThreshold: 3072MB
[2024-02-14T16:49:00.608+0100][debug][gc,director    ] Select GC Workers (Not Warm), GCWorkers: 5,000
[2024-02-14T16:49:00.608+0100][debug][gc,director    ] Rule: Allocation Rate (Dynamic GC Workers), MaxAllocRate: 1423,7MB/s (+/-8,3%), Free: 14570MB, GCCPUTime: 2,283, GCDuration: 0,464s, TimeUntilOOM: 9,447s, TimeUntilGC: 8,883s, GCWorkers: 5 -> 5
[2024-02-14T16:49:00.608+0100][debug][gc,director    ] Rule: High Usage, Free: 14570MB(94,9%)
[2024-02-14T16:49:00.708+0100][debug][gc,alloc       ] Allocation Rate: 1076,0MB/s, Predicted: 1121,1MB/s, Avg: 1035,4(+/-53,4)MB/s
[2024-02-14T16:49:00.708+0100][debug][gc,director    ] Rule: Warmup 20%, Used: 860MB, UsedThreshold: 3072MB
[2024-02-14T16:49:00.708+0100][debug][gc,director    ] Select GC Workers (Not Warm), GCWorkers: 5,000
[2024-02-14T16:49:00.708+0100][debug][gc,director    ] Rule: Allocation Rate (Dynamic GC Workers), MaxAllocRate: 1296,8MB/s (+/-5,2%), Free: 14458MB, GCCPUTime: 2,283, GCDuration: 0,464s, TimeUntilOOM: 10,602s, TimeUntilGC: 10,038s, GCWorkers: 5 -> 5
[2024-02-14T16:49:00.708+0100][debug][gc,director    ] Rule: High Usage, Free: 14458MB(94,1%)
[2024-02-14T16:49:00.807+0100][debug][gc,alloc       ] Allocation Rate: 1034,0MB/s, Predicted: 1085,5MB/s, Avg: 1048,4(+/-30,9)MB/s
[2024-02-14T16:49:00.807+0100][debug][gc,director    ] Rule: Warmup 20%, Used: 926MB, UsedThreshold: 3072MB
[2024-02-14T16:49:00.807+0100][debug][gc,director    ] Select GC Workers (Not Warm), GCWorkers: 5,000
[2024-02-14T16:49:00.807+0100][debug][gc,director    ] Rule: Allocation Rate (Dynamic GC Workers), MaxAllocRate: 1187,2MB/s (+/-2,9%), Free: 14392MB, GCCPUTime: 2,283, GCDuration: 0,464s, TimeUntilOOM: 11,775s, TimeUntilGC: 11,211s, GCWorkers: 5 -> 5
[2024-02-14T16:49:00.807+0100][debug][gc,director    ] Rule: High Usage, Free: 14392MB(93,7%)
[2024-02-14T16:49:00.907+0100][debug][gc,alloc       ] Allocation Rate: 938,0MB/s, Predicted: 1020,9MB/s, Avg: 1045,0(+/-39,7)MB/s
[2024-02-14T16:49:00.907+0100][debug][gc,director    ] Rule: Warmup 20%, Used: 926MB, UsedThreshold: 3072MB
[2024-02-14T16:49:00.907+0100][debug][gc,director    ] Select GC Workers (Not Warm), GCWorkers: 5,000
[2024-02-14T16:49:00.907+0100][debug][gc,director    ] Rule: Allocation Rate (Dynamic GC Workers), MaxAllocRate: 1175,8MB/s (+/-3,8%), Free: 14392MB, GCCPUTime: 2,283, GCDuration: 0,464s, TimeUntilOOM: 11,792s, TimeUntilGC: 11,228s, GCWorkers: 5 -> 5
[2024-02-14T16:49:00.907+0100][debug][gc,director    ] Rule: High Usage, Free: 14392MB(93,7%)
[2024-02-14T16:49:01.007+0100][debug][gc,alloc       ] Allocation Rate: 842,0MB/s, Predicted: 933,1MB/s, Avg: 1027,2(+/-72,9)MB/s
[2024-02-14T16:49:01.008+0100][debug][gc,director    ] Rule: Warmup 20%, Used: 940MB, UsedThreshold: 3072MB
[2024-02-14T16:49:01.008+0100][debug][gc,director    ] Select GC Workers (Not Warm), GCWorkers: 5,000
[2024-02-14T16:49:01.008+0100][debug][gc,director    ] Rule: Allocation Rate (Dynamic GC Workers), MaxAllocRate: 1267,2MB/s (+/-7,1%), Free: 14378MB, GCCPUTime: 2,283, GCDuration: 0,464s, TimeUntilOOM: 10,594s, TimeUntilGC: 10,030s, GCWorkers: 5 -> 5
[2024-02-14T16:49:01.008+0100][debug][gc,director    ] Rule: High Usage, Free: 14378MB(93,6%)
[2024-02-14T16:49:01.108+0100][debug][gc,alloc       ] Allocation Rate: 800,0MB/s, Predicted: 846,7MB/s, Avg: 1002,8(+/-99,3)MB/s
[2024-02-14T16:49:01.108+0100][debug][gc,director    ] Rule: Warmup 20%, Used: 1010MB, UsedThreshold: 3072MB
[2024-02-14T16:49:01.108+0100][debug][gc,director    ] Select GC Workers (Not Warm), GCWorkers: 5,000
[2024-02-14T16:49:01.108+0100][debug][gc,director    ] Rule: Allocation Rate (Dynamic GC Workers), MaxAllocRate: 1329,5MB/s (+/-9,9%), Free: 14308MB, GCCPUTime: 2,283, GCDuration: 0,464s, TimeUntilOOM: 9,792s, TimeUntilGC: 9,228s, GCWorkers: 5 -> 5
[2024-02-14T16:49:01.108+0100][debug][gc,director    ] Rule: High Usage, Free: 14308MB(93,2%)
[2024-02-14T16:49:01.208+0100][debug][gc,alloc       ] Allocation Rate: 790,0MB/s, Predicted: 776,8MB/s, Avg: 975,8(+/-115,5)MB/s
[2024-02-14T16:49:01.208+0100][debug][gc,director    ] Rule: Warmup 20%, Used: 1112MB, UsedThreshold: 3072MB
[2024-02-14T16:49:01.208+0100][debug][gc,director    ] Select GC Workers (Not Warm), GCWorkers: 5,000
[2024-02-14T16:49:01.208+0100][debug][gc,director    ] Rule: Allocation Rate (Dynamic GC Workers), MaxAllocRate: 1355,7MB/s (+/-11,8%), Free: 14206MB, GCCPUTime: 2,283, GCDuration: 0,464s, TimeUntilOOM: 9,370s, TimeUntilGC: 8,806s, GCWorkers: 5 -> 5
[2024-02-14T16:49:01.208+0100][debug][gc,director    ] Rule: High Usage, Free: 14206MB(92,5%)
[2024-02-14T16:49:01.307+0100][debug][gc,alloc       ] Allocation Rate: 770,0MB/s, Predicted: 719,6MB/s, Avg: 945,8(+/-125,6)MB/s
[2024-02-14T16:49:01.307+0100][debug][gc,director    ] Rule: Warmup 20%, Used: 1202MB, UsedThreshold: 3072MB
[2024-02-14T16:49:01.307+0100][debug][gc,director    ] Select GC Workers (Not Warm), GCWorkers: 5,000
[2024-02-14T16:49:01.307+0100][debug][gc,director    ] Rule: Allocation Rate (Dynamic GC Workers), MaxAllocRate: 1359,1MB/s (+/-13,3%), Free: 14116MB, GCCPUTime: 2,283, GCDuration: 0,464s, TimeUntilOOM: 9,168s, TimeUntilGC: 8,604s, GCWorkers: 5 -> 5
[2024-02-14T16:49:01.307+0100][debug][gc,director    ] Rule: High Usage, Free: 14116MB(91,9%)
[2024-02-14T16:49:01.407+0100][debug][gc,alloc       ] Allocation Rate: 768,0MB/s, Predicted: 681,1MB/s, Avg: 915,8(+/-128,6)MB/s
[2024-02-14T16:49:01.407+0100][debug][gc,director    ] Rule: Warmup 20%, Used: 1302MB, UsedThreshold: 3072MB
[2024-02-14T16:49:01.407+0100][debug][gc,director    ] Select GC Workers (Not Warm), GCWorkers: 5,000
[2024-02-14T16:49:01.407+0100][debug][gc,director    ] Rule: Allocation Rate (Dynamic GC Workers), MaxAllocRate: 1339,1MB/s (+/-14,0%), Free: 14016MB, GCCPUTime: 2,283, GCDuration: 0,464s, TimeUntilOOM: 9,178s, TimeUntilGC: 8,614s, GCWorkers: 5 -> 5
[2024-02-14T16:49:01.408+0100][debug][gc,director    ] Rule: High Usage, Free: 14016MB(91,2%)
[2024-02-14T16:49:01.508+0100][debug][gc,alloc       ] Allocation Rate: 762,0MB/s, Predicted: 660,1MB/s, Avg: 885,2(+/-125,1)MB/s
[2024-02-14T16:49:01.508+0100][debug][gc,director    ] Rule: Warmup 20%, Used: 1400MB, UsedThreshold: 3072MB
[2024-02-14T16:49:01.508+0100][debug][gc,director    ] Select GC Workers (Not Warm), GCWorkers: 5,000
[2024-02-14T16:49:01.508+0100][debug][gc,director    ] Rule: Allocation Rate (Dynamic GC Workers), MaxAllocRate: 1297,0MB/s (+/-14,1%), Free: 13918MB, GCCPUTime: 2,283, GCDuration: 0,464s, TimeUntilOOM: 9,402s, TimeUntilGC: 8,838s, GCWorkers: 5 -> 5
[2024-02-14T16:49:01.508+0100][debug][gc,director    ] Rule: High Usage, Free: 13918MB(90,6%)
[2024-02-14T16:49:01.608+0100][debug][gc,alloc       ] Allocation Rate: 700,0MB/s, Predicted: 635,9MB/s, Avg: 848,0(+/-119,2)MB/s
[2024-02-14T16:49:01.608+0100][debug][gc,director    ] Rule: Warmup 20%, Used: 1448MB, UsedThreshold: 3072MB
[2024-02-14T16:49:01.608+0100][debug][gc,director    ] Select GC Workers (Not Warm), GCWorkers: 5,000
[2024-02-14T16:49:01.608+0100][debug][gc,director    ] Rule: Allocation Rate (Dynamic GC Workers), MaxAllocRate: 1240,3MB/s (+/-14,1%), Free: 13870MB, GCCPUTime: 2,283, GCDuration: 0,464s, TimeUntilOOM: 9,804s, TimeUntilGC: 9,240s, GCWorkers: 5 -> 5
[2024-02-14T16:49:01.608+0100][debug][gc,director    ] Rule: High Usage, Free: 13870MB(90,3%)
[2024-02-14T16:49:01.707+0100][debug][gc,alloc       ] Allocation Rate: 624,0MB/s, Predicted: 607,1MB/s, Avg: 802,8(+/-109,5)MB/s
[2024-02-14T16:49:01.707+0100][debug][gc,director    ] Rule: Warmup 20%, Used: 1484MB, UsedThreshold: 3072MB
[2024-02-14T16:49:01.707+0100][debug][gc,director    ] Select GC Workers (Not Warm), GCWorkers: 5,000
[2024-02-14T16:49:01.707+0100][debug][gc,director    ] Rule: Allocation Rate (Dynamic GC Workers), MaxAllocRate: 1163,2MB/s (+/-13,6%), Free: 13834MB, GCCPUTime: 2,283, GCDuration: 0,464s, TimeUntilOOM: 10,466s, TimeUntilGC: 9,902s, GCWorkers: 5 -> 5
[2024-02-14T16:49:01.707+0100][debug][gc,director    ] Rule: High Usage, Free: 13834MB(90,1%)
[2024-02-14T16:49:01.808+0100][debug][gc,alloc       ] Allocation Rate: 646,0MB/s, Predicted: 606,0MB/s, Avg: 764,0(+/-87,2)MB/s
[2024-02-14T16:49:01.808+0100][debug][gc,director    ] Rule: Warmup 20%, Used: 1572MB, UsedThreshold: 3072MB
[2024-02-14T16:49:01.808+0100][debug][gc,director    ] Select GC Workers (Not Warm), GCWorkers: 5,000
[2024-02-14T16:49:01.808+0100][debug][gc,director    ] Rule: Allocation Rate (Dynamic GC Workers), MaxAllocRate: 1050,9MB/s (+/-11,4%), Free: 13746MB, GCCPUTime: 2,283, GCDuration: 0,464s, TimeUntilOOM: 11,741s, TimeUntilGC: 11,177s, GCWorkers: 5 -> 5
[2024-02-14T16:49:01.808+0100][debug][gc,director    ] Rule: High Usage, Free: 13746MB(89,5%)
[2024-02-14T16:49:01.908+0100][debug][gc,alloc       ] Allocation Rate: 744,0MB/s, Predicted: 644,4MB/s, Avg: 744,6(+/-65,1)MB/s
[2024-02-14T16:49:01.908+0100][debug][gc,director    ] Rule: Warmup 20%, Used: 1670MB, UsedThreshold: 3072MB
[2024-02-14T16:49:01.908+0100][debug][gc,director    ] Select GC Workers (Not Warm), GCWorkers: 5,000
[2024-02-14T16:49:01.908+0100][debug][gc,director    ] Rule: Allocation Rate (Dynamic GC Workers), MaxAllocRate: 958,8MB/s (+/-8,7%), Free: 13648MB, GCCPUTime: 2,283, GCDuration: 0,464s, TimeUntilOOM: 13,090s, TimeUntilGC: 12,526s, GCWorkers: 5 -> 5
[2024-02-14T16:49:01.908+0100][debug][gc,director    ] Rule: High Usage, Free: 13648MB(88,9%)
[2024-02-14T16:49:02.007+0100][debug][gc,alloc       ] Allocation Rate: 840,0MB/s, Predicted: 708,5MB/s, Avg: 744,4(+/-64,8)MB/s
[2024-02-14T16:49:02.007+0100][debug][gc,director    ] Rule: Warmup 20%, Used: 1780MB, UsedThreshold: 3072MB
[2024-02-14T16:49:02.007+0100][debug][gc,director    ] Select GC Workers (Not Warm), GCWorkers: 5,000
[2024-02-14T16:49:02.007+0100][debug][gc,director    ] Rule: Allocation Rate (Dynamic GC Workers), MaxAllocRate: 957,6MB/s (+/-8,7%), Free: 13538MB, GCCPUTime: 2,283, GCDuration: 0,464s, TimeUntilOOM: 13,005s, TimeUntilGC: 12,441s, GCWorkers: 5 -> 5
[2024-02-14T16:49:02.007+0100][debug][gc,director    ] Rule: High Usage, Free: 13538MB(88,1%)
[2024-02-14T16:49:02.108+0100][debug][gc,alloc       ] Allocation Rate: 892,0MB/s, Predicted: 782,4MB/s, Avg: 753,6(+/-77,4)MB/s
[2024-02-14T16:49:02.108+0100][debug][gc,director    ] Rule: Warmup 20%, Used: 1902MB, UsedThreshold: 3072MB
[2024-02-14T16:49:02.108+0100][debug][gc,director    ] Select GC Workers (Not Warm), GCWorkers: 5,000
[2024-02-14T16:49:02.108+0100][debug][gc,director    ] Rule: Allocation Rate (Dynamic GC Workers), MaxAllocRate: 1036,9MB/s (+/-10,3%), Free: 13416MB, GCCPUTime: 2,283, GCDuration: 0,464s, TimeUntilOOM: 11,734s, TimeUntilGC: 11,170s, GCWorkers: 5 -> 5
[2024-02-14T16:49:02.108+0100][debug][gc,director    ] Rule: High Usage, Free: 13416MB(87,3%)
[2024-02-14T16:49:02.208+0100][debug][gc,alloc       ] Allocation Rate: 918,0MB/s, Predicted: 857,9MB/s, Avg: 766,4(+/-91,6)MB/s
[2024-02-14T16:49:02.208+0100][debug][gc,director    ] Rule: Warmup 20%, Used: 2030MB, UsedThreshold: 3072MB
[2024-02-14T16:49:02.208+0100][debug][gc,director    ] Select GC Workers (Not Warm), GCWorkers: 5,000
[2024-02-14T16:49:02.208+0100][debug][gc,director    ] Rule: Allocation Rate (Dynamic GC Workers), MaxAllocRate: 1159,3MB/s (+/-12,0%), Free: 13288MB, GCCPUTime: 2,283, GCDuration: 0,464s, TimeUntilOOM: 10,239s, TimeUntilGC: 9,675s, GCWorkers: 5 -> 5
[2024-02-14T16:49:02.208+0100][debug][gc,director    ] Rule: High Usage, Free: 13288MB(86,5%)
[2024-02-14T16:49:02.307+0100][debug][gc,alloc       ] Allocation Rate: 964,0MB/s, Predicted: 937,9MB/s, Avg: 785,8(+/-109,2)MB/s
[2024-02-14T16:49:02.308+0100][debug][gc,director    ] Rule: Warmup 20%, Used: 2166MB, UsedThreshold: 3072MB
[2024-02-14T16:49:02.308+0100][debug][gc,director    ] Select GC Workers (Not Warm), GCWorkers: 5,000
[2024-02-14T16:49:02.308+0100][debug][gc,director    ] Rule: Allocation Rate (Dynamic GC Workers), MaxAllocRate: 1297,1MB/s (+/-13,9%), Free: 13152MB, GCCPUTime: 2,283, GCDuration: 0,464s, TimeUntilOOM: 8,903s, TimeUntilGC: 8,339s, GCWorkers: 5 -> 5
[2024-02-14T16:49:02.308+0100][debug][gc,director    ] Rule: High Usage, Free: 13152MB(85,6%)
[2024-02-14T16:49:02.407+0100][debug][gc,alloc       ] Allocation Rate: 990,0MB/s, Predicted: 1014,8MB/s, Avg: 808,0(+/-124,7)MB/s
[2024-02-14T16:49:02.407+0100][debug][gc,director    ] Rule: Warmup 20%, Used: 2292MB, UsedThreshold: 3072MB
[2024-02-14T16:49:02.407+0100][debug][gc,director    ] Select GC Workers (Not Warm), GCWorkers: 5,000
[2024-02-14T16:49:02.407+0100][debug][gc,director    ] Rule: Allocation Rate (Dynamic GC Workers), MaxAllocRate: 1425,3MB/s (+/-15,4%), Free: 13026MB, GCCPUTime: 2,283, GCDuration: 0,464s, TimeUntilOOM: 7,917s, TimeUntilGC: 7,353s, GCWorkers: 5 -> 5
[2024-02-14T16:49:02.407+0100][debug][gc,director    ] Rule: High Usage, Free: 13026MB(84,8%)
[2024-02-14T16:49:02.507+0100][debug][gc,alloc       ] Allocation Rate: 1310,0MB/s, Predicted: 1203,3MB/s, Avg: 862,8(+/-193,8)MB/s
[2024-02-14T16:49:02.507+0100][debug][gc,director    ] Rule: Warmup 20%, Used: 2708MB, UsedThreshold: 3072MB
[2024-02-14T16:49:02.507+0100][debug][gc,director    ] Select GC Workers (Not Warm), GCWorkers: 5,000
[2024-02-14T16:49:02.507+0100][debug][gc,director    ] Rule: Allocation Rate (Dynamic GC Workers), MaxAllocRate: 1840,9MB/s (+/-22,5%), Free: 12610MB, GCCPUTime: 2,283, GCDuration: 0,464s, TimeUntilOOM: 5,594s, TimeUntilGC: 5,029s, GCWorkers: 5 -> 5
[2024-02-14T16:49:02.507+0100][debug][gc,director    ] Rule: High Usage, Free: 12610MB(82,1%)
[2024-02-14T16:49:02.608+0100][debug][gc,alloc       ] Allocation Rate: 1328,0MB/s, Predicted: 1346,0MB/s, Avg: 925,6(+/-229,3)MB/s
[2024-02-14T16:49:02.608+0100][debug][gc,director    ] Rule: Warmup 20%, Used: 2774MB, UsedThreshold: 3072MB
[2024-02-14T16:49:02.608+0100][debug][gc,director    ] Select GC Workers (Not Warm), GCWorkers: 5,000
[2024-02-14T16:49:02.608+0100][debug][gc,director    ] Rule: Allocation Rate (Dynamic GC Workers), MaxAllocRate: 2100,6MB/s (+/-24,8%), Free: 12544MB, GCCPUTime: 2,283, GCDuration: 0,464s, TimeUntilOOM: 4,786s, TimeUntilGC: 4,222s, GCWorkers: 5 -> 5
[2024-02-14T16:49:02.608+0100][debug][gc,director    ] Rule: High Usage, Free: 12544MB(81,7%)
[2024-02-14T16:49:02.708+0100][debug][gc,alloc       ] Allocation Rate: 1432,0MB/s, Predicted: 1468,1MB/s, Avg: 1006,4(+/-250,2)MB/s
[2024-02-14T16:49:02.708+0100][debug][gc,director    ] Rule: Warmup 20%, Used: 2914MB, UsedThreshold: 3072MB
[2024-02-14T16:49:02.708+0100][debug][gc,director    ] Select GC Workers (Not Warm), GCWorkers: 5,000
[2024-02-14T16:49:02.708+0100][debug][gc,director    ] Rule: Allocation Rate (Dynamic GC Workers), MaxAllocRate: 2291,5MB/s (+/-24,9%), Free: 12404MB, GCCPUTime: 2,283, GCDuration: 0,464s, TimeUntilOOM: 4,335s, TimeUntilGC: 3,771s, GCWorkers: 5 -> 5
[2024-02-14T16:49:02.708+0100][debug][gc,director    ] Rule: High Usage, Free: 12404MB(80,8%)
[2024-02-14T16:49:02.807+0100][debug][gc,alloc       ] Allocation Rate: 1480,0MB/s, Predicted: 1561,5MB/s, Avg: 1089,8(+/-255,1)MB/s
[2024-02-14T16:49:02.807+0100][debug][gc,director    ] Rule: Warmup 20%, Used: 3050MB, UsedThreshold: 3072MB
[2024-02-14T16:49:02.807+0100][debug][gc,director    ] Select GC Workers (Not Warm), GCWorkers: 5,000
[2024-02-14T16:49:02.807+0100][debug][gc,director    ] Rule: Allocation Rate (Dynamic GC Workers), MaxAllocRate: 2401,0MB/s (+/-23,4%), Free: 12268MB, GCCPUTime: 2,283, GCDuration: 0,464s, TimeUntilOOM: 4,140s, TimeUntilGC: 3,576s, GCWorkers: 5 -> 5
[2024-02-14T16:49:02.807+0100][debug][gc,director    ] Rule: High Usage, Free: 12268MB(79,9%)
[2024-02-14T16:49:02.907+0100][debug][gc,alloc       ] Allocation Rate: 1520,0MB/s, Predicted: 1641,3MB/s, Avg: 1167,4(+/-256,2)MB/s
[2024-02-14T16:49:02.908+0100][debug][gc,director    ] Rule: Warmup 20%, Used: 3188MB, UsedThreshold: 3072MB
[2024-02-14T16:49:02.908+0100][debug][gc,heap        ] GC(2) Heap before GC invocations=2 (full 2):
[2024-02-14T16:49:02.908+0100][debug][gc,heap        ] GC(2)  ZHeap           used 3188M, capacity 5120M, max capacity 15360M
[2024-02-14T16:49:02.908+0100][debug][gc,heap        ] GC(2)  Metaspace       used 30712K, committed 31040K, reserved 1114112K
[2024-02-14T16:49:02.908+0100][debug][gc,heap        ] GC(2)   class space    used 3305K, committed 3456K, reserved 1048576K
[2024-02-14T16:49:02.908+0100][info ][gc,start       ] GC(2) Garbage Collection (Warmup)
[2024-02-14T16:49:02.908+0100][info ][gc,task        ] GC(2) Using 5 workers
[2024-02-14T16:49:02.908+0100][debug][gc,phases,start] GC(2) Pause Mark Start
[2024-02-14T16:49:02.908+0100][debug][gc,marking     ] GC(2) Using 4 mark stripes
[2024-02-14T16:49:02.908+0100][debug][gc,marking     ] GC(2) Mark Worker/Stripe Distribution
[2024-02-14T16:49:02.908+0100][debug][gc,marking     ] GC(2)   Worker 0(5) -> Stripe 0(4)
[2024-02-14T16:49:02.908+0100][debug][gc,marking     ] GC(2)   Worker 1(5) -> Stripe 1(4)
[2024-02-14T16:49:02.908+0100][debug][gc,marking     ] GC(2)   Worker 2(5) -> Stripe 2(4)
[2024-02-14T16:49:02.908+0100][debug][gc,marking     ] GC(2)   Worker 3(5) -> Stripe 3(4)
[2024-02-14T16:49:02.908+0100][debug][gc,marking     ] GC(2)   Worker 4(5) -> Stripe 0(4)
[2024-02-14T16:49:02.908+0100][info ][gc,phases      ] GC(2) Pause Mark Start 0,144ms
[2024-02-14T16:49:02.908+0100][debug][gc,phases,start] GC(2) Concurrent Mark
[2024-02-14T16:49:02.908+0100][debug][gc,task        ] GC(2) Executing Task: XMarkRootsTask, Active Workers: 5
[2024-02-14T16:49:02.909+0100][debug][gc,tlab        ] GC(2) TLAB totals: thrds: 38  refills: 10874 max: 6841 slow allocs: 856 max 85 waste:  0,9% gc: 4927816B max: 262096B slow: 20069936B max: 8446872B
[2024-02-14T16:49:02.909+0100][debug][gc,task        ] GC(2) Executing Task: XMarkTask, Active Workers: 5
[2024-02-14T16:49:03.000+0100][info ][gc,phases      ] GC(2) Concurrent Mark 91,699ms
[2024-02-14T16:49:03.000+0100][debug][gc,phases,start] GC(2) Pause Mark End
[2024-02-14T16:49:03.000+0100][info ][gc,phases      ] GC(2) Pause Mark End 0,054ms
[2024-02-14T16:49:03.000+0100][debug][gc,phases,start] GC(2) Concurrent Mark Free
[2024-02-14T16:49:03.000+0100][info ][gc,phases      ] GC(2) Concurrent Mark Free 0,037ms
[2024-02-14T16:49:03.000+0100][debug][gc,phases,start] GC(2) Concurrent Process Non-Strong References
[2024-02-14T16:49:03.000+0100][debug][gc,phases,start] GC(2) Concurrent References Process
[2024-02-14T16:49:03.000+0100][debug][gc,task        ] GC(2) Executing Task: XReferenceProcessorTask, Active Workers: 5
[2024-02-14T16:49:03.002+0100][debug][gc,phases      ] GC(2) Concurrent References Process 1,325ms
[2024-02-14T16:49:03.002+0100][debug][gc,task        ] GC(2) Executing Task: XProcessWeakRootsTask, Active Workers: 5
[2024-02-14T16:49:03.002+0100][debug][gc,phases,start] GC(2) Concurrent Classes Unlink
[2024-02-14T16:49:03.002+0100][debug][gc,phases,start] GC(2) ClassLoaderData
[2024-02-14T16:49:03.002+0100][debug][gc,phases      ] GC(2) ClassLoaderData 0,037ms
[2024-02-14T16:49:03.002+0100][debug][gc,phases,start] GC(2) Trigger cleanups
[2024-02-14T16:49:03.002+0100][debug][gc,phases      ] GC(2) Trigger cleanups 0,009ms
[2024-02-14T16:49:03.002+0100][debug][gc,task        ] GC(2) Executing Task: XNMethodUnlinkTask, Active Workers: 5
[2024-02-14T16:49:03.004+0100][debug][gc,phases      ] GC(2) Concurrent Classes Unlink 1,869ms
[2024-02-14T16:49:03.004+0100][debug][gc,phases,start] GC(2) Concurrent Classes Purge
[2024-02-14T16:49:03.004+0100][debug][gc,nmethod     ] GC(2) Unregister NMethod: java.nio.ByteBuffer.limit (0x00007f9f0bcd4090)
[2024-02-14T16:49:03.004+0100][debug][gc,nmethod     ] GC(2) Unregister NMethod: java.util.concurrent.ConcurrentHashMap$EntrySpliterator.<init> (0x00007f9f0be5ea90)
[2024-02-14T16:49:03.004+0100][debug][gc,nmethod     ] GC(2) Unregister NMethod: io.sirix.service.json.shredder.JsonShredder.processNull (0x00007f9f0c0cf610)
[2024-02-14T16:49:03.004+0100][debug][gc,nmethod     ] GC(2) Unregister NMethod: java.io.ByteArrayOutputStream.write (0x00007f9f0bb26a10)
[2024-02-14T16:49:03.004+0100][debug][gc,nmethod     ] GC(2) Unregister NMethod: jdk.internal.misc.Unsafe.checkSize (0x00007f9f0ba3bc10)
[2024-02-14T16:49:03.004+0100][debug][gc,nmethod     ] GC(2) Unregister NMethod: net.openhft.chronicle.bytes.internal.NativeBytesStore.write (0x00007f9f0be1db10)
[2024-02-14T16:49:03.004+0100][debug][gc,nmethod     ] GC(2) Unregister NMethod: io.sirix.access.trx.page.NodePageReadOnlyTrx.getValue (0x00007f9f0c09d590)
[2024-02-14T16:49:03.004+0100][debug][gc,nmethod     ] GC(2) Unregister NMethod: java.util.HashMap.computeIfAbsent (0x00007f9f2b615310)
[2024-02-14T16:49:03.004+0100][debug][gc,nmethod     ] GC(2) Unregister NMethod: jdk.internal.misc.Unsafe.getIntUnaligned (0x00007f9f0bc20110)
[2024-02-14T16:49:03.004+0100][debug][gc,nmethod     ] GC(2) Unregister NMethod: io.sirix.access.trx.page.NodePageTrx.getRecord (0x00007f9f0c0a8d10)
[2024-02-14T16:49:03.004+0100][debug][gc,nmethod     ] GC(2) Unregister NMethod: sun.security.provider.DigestBase.implCompressMultiBlock0 (0x00007f9f0bee7c10)
[2024-02-14T16:49:03.004+0100][debug][gc,nmethod     ] GC(2) Unregister NMethod: io.sirix.access.trx.page.NodePageTrx.prepareRecordForModification (0x00007f9f2b3eaf90)
[2024-02-14T16:49:03.004+0100][debug][gc,nmethod     ] GC(2) Unregister NMethod: net.openhft.chronicle.core.UnsafeMemory.copyMemory (0x00007f9f0bcb3410)
[2024-02-14T16:49:03.004+0100][debug][gc,nmethod     ] GC(2) Unregister NMethod: io.sirix.access.trx.page.NodePageReadOnlyTrx.getCurrentMaxIndirectPageTreeLevel (0x00007f9f0c048490)
[2024-02-14T16:49:03.004+0100][debug][gc,nmethod     ] GC(2) Unregister NMethod: java.util.concurrent.ConcurrentHashMap.sumCount (0x00007f9f0bc94890)
[2024-02-14T16:49:03.004+0100][debug][gc,nmethod     ] GC(2) Unregister NMethod: net.openhft.chronicle.bytes.VanillaBytes.bytesForRead (0x00007f9f0bf15090)
[2024-02-14T16:49:03.004+0100][debug][gc,nmethod     ] GC(2) Unregister NMethod: net.openhft.chronicle.bytes.internal.ReferenceCountedUtil.throwExceptionIfReleased (0x00007f9f0bf17110)
[2024-02-14T16:49:03.004+0100][debug][gc,nmethod     ] GC(2) Unregister NMethod: java.io.DataOutputStream.flush (0x00007f9f0be63e10)
[2024-02-14T16:49:03.004+0100][debug][gc,nmethod     ] GC(2) Unregister NMethod: java.nio.HeapByteBuffer.putLong (0x00007f9f0baf0790)
[2024-02-14T16:49:03.004+0100][debug][gc,nmethod     ] GC(2) Unregister NMethod: sun.security.provider.SHA2$SHA256.clone (0x00007f9f0bf30890)
[2024-02-14T16:49:03.004+0100][debug][gc,nmethod     ] GC(2) Unregister NMethod: jdk.internal.misc.Blocker.begin (0x00007f9f0c108a90)
[2024-02-14T16:49:03.004+0100][debug][gc,nmethod     ] GC(2) Unregister NMethod: io.sirix.access.trx.page.AbstractForwardingPageReadOnlyTrx.getReader (0x00007f9f0bf25790)
[2024-02-14T16:49:03.004+0100][debug][gc,nmethod     ] GC(2) Unregister NMethod: java.util.concurrent.ConcurrentHashMap$Traverser.advance (0x00007f9f0bac8410)
[2024-02-14T16:49:03.004+0100][debug][gc,nmethod     ] GC(2) Unregister NMethod: io.sirix.service.json.shredder.JsonShredder.processBeginArray (0x00007f9f0c0ede90)
[2024-02-14T16:49:03.004+0100][debug][gc,nmethod     ] GC(2) Unregister NMethod: net.openhft.chronicle.core.io.AbstractReferenceCounted.release (0x00007f9f0bc39a10)
[2024-02-14T16:49:03.004+0100][debug][gc,nmethod     ] GC(2) Unregister NMethod: net.openhft.chronicle.bytes.internal.NativeBytesStore.elasticByteBuffer (0x00007f9f0be86890)
[2024-02-14T16:49:03.004+0100][debug][gc,nmethod     ] GC(2) Unregister NMethod: io.sirix.access.trx.page.NodePageTrx.getMostRecentPageContainer (0x00007f9f0c0af690)
[2024-02-14T16:49:03.004+0100][debug][gc,nmethod     ] GC(2) Unregister NMethod: java.util.stream.Nodes.flatten (0x00007f9f0bf21e10)
[2024-02-14T16:49:03.004+0100][debug][gc,nmethod     ] GC(2) Unregister NMethod: com.google.gson.stream.JsonReader.nextQuotedValue (0x00007f9f2b3f4390)
[2024-02-14T16:49:03.004+0100][debug][gc,nmethod     ] GC(2) Unregister NMethod: java.nio.channels.spi.AbstractInterruptibleChannel.begin (0x00007f9f0bfd4d90)
[2024-02-14T16:49:03.004+0100][debug][gc,nmethod     ] GC(2) Unregister NMethod: it.unimi.dsi.fastutil.longs.AbstractLongList.push (0x00007f9f0bea6210)
[2024-02-14T16:49:03.004+0100][debug][gc,nmethod     ] GC(2) Unregister NMethod: io.sirix.node.NodeKind.serializeDelegate (0x00007f9f0baa3090)
[2024-02-14T16:49:03.004+0100][debug][gc,nmethod     ] GC(2) Unregister NMethod: java.util.stream.Nodes$SpinedNodeBuilder.build (0x00007f9f0bff0a10)
[2024-02-14T16:49:03.004+0100][debug][gc,nmethod     ] GC(2) Unregister NMethod: net.openhft.chronicle.bytes.Bytes.wrapForRead (0x00007f9f0c05f590)
[2024-02-14T16:49:03.004+0100][debug][gc,nmethod     ] GC(2) Unregister NMethod: net.openhft.chronicle.bytes.internal.HeapBytesStore.<init> (0x00007f9f0bea8590)
[2024-02-14T16:49:03.004+0100][debug][gc,nmethod     ] GC(2) Unregister NMethod: net.openhft.chronicle.core.io.ReferenceCountedTracer.onReleased (0x00007f9f0c043390)
[2024-02-14T16:49:03.005+0100][debug][gc,nmethod     ] GC(2) Unregister NMethod: net.jpountz.lz4.LZ4BlockOutputStream.flushBufferedData (0x00007f9f0c016110)
[2024-02-14T16:49:03.005+0100][debug][gc,nmethod     ] GC(2) Unregister NMethod: sun.security.provider.SHA2.implCompress (0x00007f9f0bffec90)
[2024-02-14T16:49:03.005+0100][debug][gc,nmethod     ] GC(2) Unregister NMethod: sun.misc.Unsafe.putInt (0x00007f9f0bedb710)
[2024-02-14T16:49:03.005+0100][debug][gc,nmethod     ] GC(2) Unregister NMethod: java.util.stream.Nodes$SpinedNodeBuilder.begin (0x00007f9f0be5df10)
[2024-02-14T16:49:03.005+0100][debug][gc,nmethod     ] GC(2) Unregister NMethod: sun.security.provider.SHA2.implDigest (0x00007f9f0bfa6310)
[2024-02-14T16:49:03.005+0100][debug][gc,nmethod     ] GC(2) Unregister NMethod: java.lang.ref.Finalizer.register (0x00007f9f0bb1d090)
[2024-02-14T16:49:03.005+0100][debug][gc,nmethod     ] GC(2) Unregister NMethod: java.util.BitSet.<init> (0x00007f9f0bc99b10)
[2024-02-14T16:49:03.005+0100][debug][gc,nmethod     ] GC(2) Unregister NMethod: io.sirix.page.KeyValueLeafPage.<init> (0x00007f9f0c046910)
[2024-02-14T16:49:03.005+0100][debug][gc,nmethod     ] GC(2) Unregister NMethod: io.sirix.page.KeyValueLeafPage.<init> (0x00007f9f0c05da90)
[2024-02-14T16:49:03.005+0100][debug][gc,nmethod     ] GC(2) Unregister NMethod: net.openhft.chronicle.bytes.internal.HeapBytesStore.readByte (0x00007f9f0bc5ed10)
[2024-02-14T16:49:03.005+0100][debug][gc,nmethod     ] GC(2) Unregister NMethod: net.openhft.chronicle.bytes.NativeBytes.ensureCapacity (0x00007f9f0bae8e90)
[2024-02-14T16:49:03.005+0100][debug][gc,nmethod     ] GC(2) Unregister NMethod: net.openhft.chronicle.bytes.AbstractBytes.start (0x00007f9f0be1ea90)
[2024-02-14T16:49:03.005+0100][debug][gc,nmethod     ] GC(2) Unregister NMethod: net.openhft.chronicle.bytes.internal.NativeBytesStore.init (0x00007f9f0bf44f10)
[2024-02-14T16:49:03.005+0100][debug][gc,nmethod     ] GC(2) Unregister NMethod: java.lang.invoke.DirectMethodHandle$Holder.invokeStatic (0x00007f9f0bfccb90)
[2024-02-14T16:49:03.005+0100][debug][gc,nmethod     ] GC(2) Unregister NMethod: java.lang.Class.cast (0x00007f9f0bc2b790)
[2024-02-14T16:49:03.005+0100][debug][gc,nmethod     ] GC(2) Unregister NMethod: net.openhft.chronicle.bytes.internal.HeapBytesStore.performRelease (0x00007f9f0c013890)
[2024-02-14T16:49:03.005+0100][debug][gc,nmethod     ] GC(2) Unregister NMethod: sun.security.provider.DigestBase.implCompressMultiBlockCheck (0x00007f9f0bf2fd90)
[2024-02-14T16:49:03.005+0100][debug][gc,nmethod     ] GC(2) Unregister NMethod: io.sirix.access.trx.node.json.JsonNodeTrxImpl.insertStringValueAsFirstChild (0x00007f9f0c0ee410)
[2024-02-14T16:49:03.005+0100][debug][gc,nmethod     ] GC(2) Unregister NMethod: io.sirix.page.SerializationType.serializeBitSet (0x00007f9f0bc9a410)
[2024-02-14T16:49:03.005+0100][debug][gc,nmethod     ] GC(2) Unregister NMethod: java.util.concurrent.ConcurrentHashMap$EntrySetView.spliterator (0x00007f9f0be5f690)
[2024-02-14T16:49:03.005+0100][debug][gc,nmethod     ] GC(2) Unregister NMethod: io.sirix.index.path.summary.PathSummaryReader.getStructuralNode (0x00007f9f0be75010)
[2024-02-14T16:49:03.005+0100][debug][gc,nmethod     ] GC(2) Unregister NMethod: java.util.concurrent.ConcurrentHashMap$Traverser.<init> (0x00007f9f0ba47110)
[2024-02-14T16:49:03.005+0100][debug][gc,nmethod     ] GC(2) Unregister NMethod: io.sirix.node.json.BooleanNode.getKind (0x00007f9f0bc88790)
[2024-02-14T16:49:03.005+0100][debug][gc,nmethod     ] GC(2) Unregister NMethod: io.sirix.node.xml.AbstractStructForwardingNode.getChildCount (0x00007f9f2b52fc90)
[2024-02-14T16:49:03.005+0100][debug][gc,nmethod     ] GC(2) Unregister NMethod: net.openhft.chronicle.bytes.NativeBytes.wrapWithNativeBytes (0x00007f9f0bc9aa90)
[2024-02-14T16:49:03.005+0100][debug][gc,nmethod     ] GC(2) Unregister NMethod: net.openhft.chronicle.bytes.Bytes.elasticByteBuffer (0x00007f9f0bf30f10)
[2024-02-14T16:49:03.005+0100][debug][gc,nmethod     ] GC(2) Unregister NMethod: io.sirix.node.xml.AbstractStructForwardingNode.getLastChildKey (0x00007f9f0be89990)
[2024-02-14T16:49:03.005+0100][debug][gc,nmethod     ] GC(2) Unregister NMethod: net.openhft.chronicle.core.UnsafeMemory.lambda$new$0 (0x00007f9f0bb63c90)
[2024-02-14T16:49:03.005+0100][debug][gc,nmethod     ] GC(2) Unregister NMethod: net.openhft.chronicle.bytes.NativeBytes.wrapWithNativeBytes (0x00007f9f0be70f10)
[2024-02-14T16:49:03.005+0100][debug][gc,nmethod     ] GC(2) Unregister NMethod: io.sirix.page.PageKind$1.serializePage (0x00007f9f0bc9b090)
[2024-02-14T16:49:03.005+0100][debug][gc,nmethod     ] GC(2) Unregister NMethod: java.lang.invoke.LambdaForm$MH/0x0000000080000800.invoke (0x00007f9f0bd6bf10)
[2024-02-14T16:49:03.005+0100][debug][gc,nmethod     ] GC(2) Unregister NMethod: com.google.common.hash.MessageDigestHashFunction.newHasher (0x00007f9f0bf83710)
[2024-02-14T16:49:03.005+0100][debug][gc,nmethod     ] GC(2) Unregister NMethod: io.sirix.access.trx.page.NodePageReadOnlyTrx.assertNotClosed (0x00007f9f0bc5b110)
[2024-02-14T16:49:03.005+0100][debug][gc,nmethod     ] GC(2) Unregister NMethod: io.sirix.node.xml.AbstractStructForwardingNode.getChildCount (0x00007f9f0c025f90)
[2024-02-14T16:49:03.005+0100][debug][gc,nmethod     ] GC(2) Unregister NMethod: io.sirix.access.trx.page.NodePageTrx$$Lambda/0x0000000080342618.accept (0x00007f9f0bf2f910)
[2024-02-14T16:49:03.005+0100][debug][gc,nmethod     ] GC(2) Unregister NMethod: java.util.LinkedHashMap.afterNodeInsertion (0x00007f9f0bcf5390)
[2024-02-14T16:49:03.005+0100][debug][gc,nmethod     ] GC(2) Unregister NMethod: net.openhft.chronicle.bytes.AbstractBytes.writeLimit (0x00007f9f0bed8910)
[2024-02-14T16:49:03.005+0100][debug][gc,nmethod     ] GC(2) Unregister NMethod: io.sirix.access.trx.node.AbstractNodeReadOnlyTrx.moveToParent (0x00007f9f2b3fda10)
[2024-02-14T16:49:03.005+0100][debug][gc,nmethod     ] GC(2) Unregister NMethod: net.openhft.chronicle.bytes.VanillaBytes.<init> (0x00007f9f0bed6a10)
[2024-02-14T16:49:03.005+0100][debug][gc,nmethod     ] GC(2) Unregister NMethod: jdk.internal.misc.Unsafe.putLongUnaligned (0x00007f9f0bb90990)
[2024-02-14T16:49:03.005+0100][debug][gc,nmethod     ] GC(2) Unregister NMethod: net.openhft.chronicle.bytes.AbstractBytes.readCheckOffset (0x00007f9f0be1e210)
[2024-02-14T16:49:03.005+0100][debug][gc,nmethod     ] GC(2) Unregister NMethod: net.jpountz.xxhash.StreamingXXHash32$1.reset (0x00007f9f0beef310)
[2024-02-14T16:49:03.005+0100][debug][gc,nmethod     ] GC(2) Unregister NMethod: jdk.internal.misc.Blocker.end (0x00007f9f2b375290)
[2024-02-14T16:49:03.005+0100][debug][gc,nmethod     ] GC(2) Unregister NMethod: net.openhft.chronicle.bytes.StreamingDataOutput.write (0x00007f9f0ba24990)
[2024-02-14T16:49:03.005+0100][debug][gc,nmethod     ] GC(2) Unregister NMethod: io.sirix.page.KeyValueLeafPage.getDeweyId (0x00007f9f0c09bf90)
[2024-02-14T16:49:03.005+0100][debug][gc,nmethod     ] GC(2) Unregister NMethod: io.sirix.page.PageReference.<init> (0x00007f9f0c034690)
[2024-02-14T16:49:03.005+0100][debug][gc,nmethod     ] GC(2) Unregister NMethod: java.util.BitSet.flip (0x00007f9f0be93310)
[2024-02-14T16:49:03.005+0100][debug][gc,nmethod     ] GC(2) Unregister NMethod: java.lang.ref.Finalizer.<init> (0x00007f9f0bb1dc10)
[2024-02-14T16:49:03.005+0100][debug][gc,nmethod     ] GC(2) Unregister NMethod: net.openhft.chronicle.core.io.ReferenceCountedTracer.onReleased (0x00007f9f0bebcf90)
[2024-02-14T16:49:03.005+0100][debug][gc,nmethod     ] GC(2) Unregister NMethod: io.sirix.node.json.ObjectNumberNode.getKind (0x00007f9f0bea7890)
[2024-02-14T16:49:03.005+0100][debug][gc,nmethod     ] GC(2) Unregister NMethod: net.openhft.chronicle.bytes.AbstractBytes.readPosition (0x00007f9f0bf31890)
[2024-02-14T16:49:03.005+0100][debug][gc,nmethod     ] GC(2) Unregister NMethod: io.sirix.node.xml.AbstractStructForwardingNode.getChildCount (0x00007f9f0bf1fd90)
[2024-02-14T16:49:03.005+0100][debug][gc,nmethod     ] GC(2) Unregister NMethod: io.sirix.page.KeyValueLeafPage.addReferences (0x00007f9f0bf22f10)
[2024-02-14T16:49:03.005+0100][debug][gc,nmethod     ] GC(2) Unregister NMethod: net.openhft.chronicle.bytes.internal.BytesInternal.writeStopBit0 (0x00007f9f0bb87590)
[2024-02-14T16:49:03.005+0100][debug][gc,nmethod     ] GC(2) Unregister NMethod: java.nio.ByteBuffer.<init> (0x00007f9f0be91310)
[2024-02-14T16:49:03.005+0100][debug][gc,nmethod     ] GC(2) Unregister NMethod: net.openhft.chronicle.core.UnsafeMemory.copyMemoryLoop (0x00007f9f0bfb4810)
[2024-02-14T16:49:03.005+0100][debug][gc,nmethod     ] GC(2) Unregister NMethod: net.openhft.chronicle.bytes.AbstractBytes.readLimit (0x00007f9f0bed8390)
[2024-02-14T16:49:03.005+0100][debug][gc,nmethod     ] GC(2) Unregister NMethod: net.openhft.chronicle.core.io.AbstractReferenceCounted.release (0x00007f9f0bfb9c90)
[2024-02-14T16:49:03.005+0100][debug][gc,nmethod     ] GC(2) Unregister NMethod: io.sirix.node.NodeKind$28.serialize (0x00007f9f0bb81f90)
[2024-02-14T16:49:03.005+0100][debug][gc,nmethod     ] GC(2) Unregister NMethod: io.sirix.node.AbstractForwardingNode.getNodeDelegate (0x00007f9f0bcce790)
[2024-02-14T16:49:03.005+0100][debug][gc,nmethod     ] GC(2) Unregister NMethod: net.openhft.chronicle.bytes.NativeBytes.<init> (0x00007f9f0ba46810)
[2024-02-14T16:49:03.005+0100][debug][gc,nmethod     ] GC(2) Unregister NMethod: java.util.HashMap.computeIfAbsent (0x00007f9f0c0b2390)
[2024-02-14T16:49:03.005+0100][debug][gc,nmethod     ] GC(2) Unregister NMethod: java.util.stream.ForEachOps$ForEachOp$OfRef.accept (0x00007f9f0c05f190)
[2024-02-14T16:49:03.005+0100][debug][gc,nmethod     ] GC(2) Unregister NMethod: io.sirix.access.trx.node.json.JsonNodeTrxImpl.getBytes (0x00007f9f0bf3f990)
[2024-02-14T16:49:03.005+0100][debug][gc,nmethod     ] GC(2) Unregister NMethod: io.sirix.node.NodeKind$27.serialize (0x00007f9f0bedf390)
[2024-02-14T16:49:03.005+0100][debug][gc,nmethod     ] GC(2) Unregister NMethod: net.openhft.chronicle.bytes.BytesStore.copyTo (0x00007f9f0c120f90)
[2024-02-14T16:49:03.005+0100][debug][gc,nmethod     ] GC(2) Unregister NMethod: net.openhft.chronicle.bytes.internal.HeapBytesStore.<init> (0x00007f9f0bf21290)
[2024-02-14T16:49:03.005+0100][debug][gc,nmethod     ] GC(2) Unregister NMethod: io.sirix.access.trx.page.NodePageTrx.lambda$parallelSerializationOfKeyValuePages$1 (0x00007f9f0bf46f10)
[2024-02-14T16:49:03.005+0100][debug][gc,nmethod     ] GC(2) Unregister NMethod: io.sirix.access.trx.page.NodePageTrx.prepareRecordPage (0x00007f9f0c0cfd10)
[2024-02-14T16:49:03.005+0100][debug][gc,nmethod     ] GC(2) Unregister NMethod: net.openhft.chronicle.bytes.AbstractBytes.readOffsetPositionMoved (0x00007f9f0bb08310)
[2024-02-14T16:49:03.005+0100][debug][gc,nmethod     ] GC(2) Unregister NMethod: net.openhft.chronicle.bytes.AbstractBytes.bytesStore (0x00007f9f0be74c90)
[2024-02-14T16:49:03.005+0100][debug][gc,nmethod     ] GC(2) Unregister NMethod: io.sirix.service.json.shredder.JsonShredder.insertNullValue (0x00007f9f0c116290)
[2024-02-14T16:49:03.005+0100][debug][gc,nmethod     ] GC(2) Unregister NMethod: java.lang.Integer.numberOfLeadingZeros (0x00007f9f0bae8390)
[2024-02-14T16:49:03.005+0100][debug][gc,nmethod     ] GC(2) Unregister NMethod: java.nio.ByteBuffer.allocate (0x00007f9f0bb8a210)
[2024-02-14T16:49:03.005+0100][debug][gc,nmethod     ] GC(2) Unregister NMethod: io.sirix.node.json.NumberNode.getKind (0x00007f9f0bc5fd90)
[2024-02-14T16:49:03.005+0100][debug][gc,nmethod     ] GC(2) Unregister NMethod: java.util.AbstractList.<init> (0x00007f9f0bb2db10)
[2024-02-14T16:49:03.005+0100][debug][gc,nmethod     ] GC(2) Unregister NMethod: net.openhft.chronicle.core.io.AbstractReferenceCounted.reserveTransfer (0x00007f9f0c010d90)
[2024-02-14T16:49:03.005+0100][debug][gc,nmethod     ] GC(2) Unregister NMethod: sun.security.provider.ByteArrayAccess.b2iBig64 (0x00007f9f0ba3db90)
[2024-02-14T16:49:03.005+0100][debug][gc,nmethod     ] GC(2) Unregister NMethod: io.sirix.access.trx.page.NodePageTrx$$Lambda/0x0000000080342198.apply (0x00007f9f0bed3010)
[2024-02-14T16:49:03.005+0100][debug][gc,nmethod     ] GC(2) Unregister NMethod: io.sirix.access.trx.page.NodePageTrx.getMostRecentPageContainer (0x00007f9f2b3e2f90)
[2024-02-14T16:49:03.005+0100][debug][gc,nmethod     ] GC(2) Unregister NMethod: java.lang.Integer.numberOfTrailingZeros (0x00007f9f0c061510)
[2024-02-14T16:49:03.005+0100][debug][gc,nmethod     ] GC(2) Unregister NMethod: net.openhft.chronicle.bytes.NativeBytes.writeCheckOffset (0x00007f9f0bf48b10)
[2024-02-14T16:49:03.005+0100][debug][gc,nmethod     ] GC(2) Unregister NMethod: java.lang.invoke.LambdaForm$MH/0x0000000080364800.invoke (0x00007f9f0bfcdb10)
[2024-02-14T16:49:03.005+0100][debug][gc,nmethod     ] GC(2) Unregister NMethod: java.util.HashMap.computeIfAbsent (0x00007f9f2b3f1a90)
[2024-02-14T16:49:03.005+0100][debug][gc,nmethod     ] GC(2) Unregister NMethod: java.util.ImmutableCollections$AbstractImmutableList.iterator (0x00007f9f0ba47910)
[2024-02-14T16:49:03.005+0100][debug][gc,nmethod     ] GC(2) Unregister NMethod: net.openhft.chronicle.bytes.AbstractBytes.writeInt (0x00007f9f2b468490)
[2024-02-14T16:49:03.005+0100][debug][gc,nmethod     ] GC(2) Unregister NMethod: com.google.gson.stream.JsonReader.readEscapeCharacter (0x00007f9f0c10f510)
[2024-02-14T16:49:03.005+0100][debug][gc,nmethod     ] GC(2) Unregister NMethod: jdk.internal.access.SharedSecrets.getJavaUtilCollectionAccess (0x00007f9f0bf22a90)
[2024-02-14T16:49:03.005+0100][debug][gc,nmethod     ] GC(2) Unregister NMethod: net.jpountz.lz4.LZ4BlockOutputStream.<init> (0x00007f9f0bea0090)
[2024-02-14T16:49:03.005+0100][debug][gc,nmethod     ] GC(2) Unregister NMethod: net.openhft.chronicle.bytes.RandomDataInput.toByteArray (0x00007f9f0bae8710)
[2024-02-14T16:49:03.005+0100][debug][gc,nmethod     ] GC(2) Unregister NMethod: java.util.concurrent.ConcurrentHashMap.computeIfAbsent (0x00007f9f0baf7990)
[2024-02-14T16:49:03.005+0100][debug][gc,nmethod     ] GC(2) Unregister NMethod: net.openhft.chronicle.bytes.internal.BytesInternal.failIfBytesOnBytes (0x00007f9f0bf7fe90)
[2024-02-14T16:49:03.005+0100][debug][gc,nmethod     ] GC(2) Unregister NMethod: sun.security.provider.ByteArrayAccess.i2bBig (0x00007f9f0be87610)
[2024-02-14T16:49:03.006+0100][debug][gc,nmethod     ] GC(2) Unregister NMethod: net.openhft.chronicle.bytes.AbstractBytes.<init> (0x00007f9f0be6a690)
[2024-02-14T16:49:03.006+0100][debug][gc,nmethod     ] GC(2) Unregister NMethod: java.nio.Buffer.session (0x00007f9f0bac7d10)
[2024-02-14T16:49:03.006+0100][debug][gc,nmethod     ] GC(2) Unregister NMethod: io.sirix.access.trx.node.json.JsonNodeTrxImpl.insertNullValueAsRightSibling (0x00007f9f0c0d1590)
[2024-02-14T16:49:03.006+0100][debug][gc,nmethod     ] GC(2) Unregister NMethod: java.nio.ByteOrder.nativeOrder (0x00007f9f0ba3b590)
[2024-02-14T16:49:03.006+0100][debug][gc,nmethod     ] GC(2) Unregister NMethod: io.sirix.access.trx.node.AbstractNodeTrxImpl.getCurrentNode (0x00007f9f0bfa5a10)
[2024-02-14T16:49:03.006+0100][debug][gc,nmethod     ] GC(2) Unregister NMethod: net.openhft.chronicle.bytes.internal.NativeBytesStore.writeShort (0x00007f9f0bfb5a10)
[2024-02-14T16:49:03.006+0100][debug][gc,nmethod     ] GC(2) Unregister NMethod: io.sirix.access.trx.page.NodePageTrx.getRecord (0x00007f9f2b3e6090)
[2024-02-14T16:49:03.006+0100][debug][gc,nmethod     ] GC(2) Unregister NMethod: sun.security.provider.DigestBase.implCompressMultiBlock0 (0x00007f9f0ba47490)
[2024-02-14T16:49:03.006+0100][debug][gc,nmethod     ] GC(2) Unregister NMethod: java.nio.DirectByteBuffer.<init> (0x00007f9f0bedc410)
[2024-02-14T16:49:03.006+0100][debug][gc,nmethod     ] GC(2) Unregister NMethod: io.sirix.page.delegates.BitmapReferencesPage.getOrCreateReference (0x00007f9f0be8ca10)
[2024-02-14T16:49:03.006+0100][debug][gc,nmethod     ] GC(2) Unregister NMethod: io.sirix.node.delegates.ValueNodeDelegate.getRawValue (0x00007f9f0bf42f90)
[2024-02-14T16:49:03.006+0100][debug][gc,nmethod     ] GC(2) Unregister NMethod: io.sirix.service.json.shredder.JsonShredder.insertNewContent (0x00007f9f0c0ebe90)
[2024-02-14T16:49:03.006+0100][debug][gc,nmethod     ] GC(2) Unregister NMethod: net.openhft.chronicle.core.UnsafeMemory.writeLong (0x00007f9f0bc68290)
[2024-02-14T16:49:03.006+0100][debug][gc,nmethod     ] GC(2) Unregister NMethod: java.lang.invoke.VarHandle.checkAccessModeThenIsDirect (0x00007f9f0ba8cf10)
[2024-02-14T16:49:03.006+0100][debug][gc,nmethod     ] GC(2) Unregister NMethod: java.security.MessageDigest.update (0x00007f9f0bf84910)
[2024-02-14T16:49:03.006+0100][debug][gc,nmethod     ] GC(2) Unregister NMethod: net.openhft.chronicle.bytes.AbstractBytes.clear (0x00007f9f2b3f7590)
[2024-02-14T16:49:03.006+0100][debug][gc,nmethod     ] GC(2) Unregister NMethod: java.lang.String.getBytes (0x00007f9f0bee2f90)
[2024-02-14T16:49:03.006+0100][debug][gc,nmethod     ] GC(2) Unregister NMethod: java.lang.Thread.blockedOn (0x00007f9f0bfe2810)
[2024-02-14T16:49:03.006+0100][debug][gc,nmethod     ] GC(2) Unregister NMethod: net.openhft.chronicle.bytes.NativeBytes.writeByte (0x00007f9f0bb3d990)
[2024-02-14T16:49:03.006+0100][debug][gc,nmethod     ] GC(2) Unregister NMethod: net.openhft.chronicle.bytes.BytesStore.copyTo (0x00007f9f0bee8810)
[2024-02-14T16:49:03.006+0100][debug][gc,nmethod     ] GC(2) Unregister NMethod: sun.security.provider.DigestBase.engineUpdate (0x00007f9f0be91710)
[2024-02-14T16:49:03.006+0100][debug][gc,nmethod     ] GC(2) Unregister NMethod: io.sirix.access.trx.page.NodePageReadOnlyTrx.getResourceSession (0x00007f9f0c039810)
[2024-02-14T16:49:03.006+0100][debug][gc,nmethod     ] GC(2) Unregister NMethod: java.util.concurrent.ConcurrentHashMap.entrySet (0x00007f9f0bf23f90)
[2024-02-14T16:49:03.006+0100][debug][gc,nmethod     ] GC(2) Unregister NMethod: java.lang.String.<init> (0x00007f9f0ba8ae90)
[2024-02-14T16:49:03.006+0100][debug][gc,nmethod     ] GC(2) Unregister NMethod: java.nio.Bits.reserveMemory (0x00007f9f0c037e90)
[2024-02-14T16:49:03.006+0100][debug][gc,nmethod     ] GC(2) Unregister NMethod: java.lang.invoke.LambdaForm$MH/0x0000000080360400.invoke (0x00007f9f2b528410)
[2024-02-14T16:49:03.006+0100][debug][gc,nmethod     ] GC(2) Unregister NMethod: net.jpountz.lz4.LZ4BlockOutputStream.flush (0x00007f9f0be63990)
[2024-02-14T16:49:03.006+0100][debug][gc,nmethod     ] GC(2) Unregister NMethod: net.openhft.chronicle.core.io.VanillaReferenceCounted.reserve (0x00007f9f0bf77690)
[2024-02-14T16:49:03.006+0100][debug][gc,nmethod     ] GC(2) Unregister NMethod: net.openhft.chronicle.core.Maths.toInt32 (0x00007f9f0c014f10)
[2024-02-14T16:49:03.006+0100][debug][gc,nmethod     ] GC(2) Unregister NMethod: net.openhft.chronicle.bytes.internal.BytesInternal.failIfBytesOnBytes (0x00007f9f0be9df10)
[2024-02-14T16:49:03.006+0100][debug][gc,nmethod     ] GC(2) Unregister NMethod: sun.security.provider.DigestBase.implCompressMultiBlock0 (0x00007f9f0c034a90)
[2024-02-14T16:49:03.006+0100][debug][gc,nmethod     ] GC(2) Unregister NMethod: java.nio.HeapByteBuffer.put (0x00007f9f0beac390)
[2024-02-14T16:49:03.006+0100][debug][gc,nmethod     ] GC(2) Unregister NMethod: sun.nio.cs.StreamDecoder.readBytes (0x00007f9f0c03d790)
[2024-02-14T16:49:03.006+0100][debug][gc,nmethod     ] GC(2) Unregister NMethod: java.util.stream.Nodes$SpinedNodeBuilder.end (0x00007f9f0bf7fb10)
[2024-02-14T16:49:03.006+0100][debug][gc,nmethod     ] GC(2) Unregister NMethod: net.openhft.chronicle.bytes.RandomCommon.writeLimit (0x00007f9f0bc95290)
[2024-02-14T16:49:03.006+0100][debug][gc,nmethod     ] GC(2) Unregister NMethod: io.sirix.access.trx.page.AbstractForwardingPageReadOnlyTrx.getResourceSession (0x00007f9f0bf35710)
[2024-02-14T16:49:03.006+0100][debug][gc,nmethod     ] GC(2) Unregister NMethod: io.sirix.page.PageKind$1.serializePage (0x00007f9f0c06c210)
[2024-02-14T16:49:03.006+0100][debug][gc,nmethod     ] GC(2) Unregister NMethod: java.lang.invoke.LambdaForm$MH/0x0000000080369800.tableSwitch (0x00007f9f0bfd1890)
[2024-02-14T16:49:03.006+0100][debug][gc,nmethod     ] GC(2) Unregister NMethod: io.sirix.node.json.ArrayNode.getKind (0x00007f9f0bf34a90)
[2024-02-14T16:49:03.006+0100][debug][gc,nmethod     ] GC(2) Unregister NMethod: io.sirix.node.NodeKind$28.serialize (0x00007f9f0bff4810)
[2024-02-14T16:49:03.006+0100][debug][gc,nmethod     ] GC(2) Unregister NMethod: java.util.concurrent.atomic.AtomicLong.incrementAndGet (0x00007f9f0bc8ce10)
[2024-02-14T16:49:03.006+0100][debug][gc,nmethod     ] GC(2) Unregister NMethod: java.util.BitSet.and (0x00007f9f0be8e390)
[2024-02-14T16:49:03.006+0100][debug][gc,nmethod     ] GC(2) Unregister NMethod: io.sirix.access.trx.page.NodePageTrx$$Lambda/0x00000000803423d0.test (0x00007f9f0bedab90)
[2024-02-14T16:49:03.006+0100][debug][gc,nmethod     ] GC(2) Unregister NMethod: io.sirix.access.trx.node.AbstractNodeReadOnlyTrx.moveToParent (0x00007f9f0c195c10)
[2024-02-14T16:49:03.006+0100][debug][gc,nmethod     ] GC(2) Unregister NMethod: io.sirix.node.NodeKind.serializeStructNodeJsonValueNode (0x00007f9f0becb810)
[2024-02-14T16:49:03.006+0100][debug][gc,nmethod     ] GC(2) Unregister NMethod: io.sirix.access.trx.node.json.JsonNodeTrxImpl.insertStringValueAsRightSibling (0x00007f9f2b5a7a90)
[2024-02-14T16:49:03.006+0100][debug][gc,nmethod     ] GC(2) Unregister NMethod: net.openhft.chronicle.bytes.BytesStore.bytesForWrite (0x00007f9f0bed9610)
[2024-02-14T16:49:03.006+0100][debug][gc,nmethod     ] GC(2) Unregister NMethod: java.nio.Bits.tryReserveMemory (0x00007f9f0ba74690)
[2024-02-14T16:49:03.006+0100][debug][gc,nmethod     ] GC(2) Unregister NMethod: java.util.concurrent.atomic.AtomicInteger.incrementAndGet (0x00007f9f0bf79290)
[2024-02-14T16:49:03.006+0100][debug][gc,nmethod     ] GC(2) Unregister NMethod: jdk.internal.misc.Unsafe.getIntUnaligned (0x00007f9f0bb34a90)
[2024-02-14T16:49:03.006+0100][debug][gc,nmethod     ] GC(2) Unregister NMethod: net.openhft.chronicle.bytes.internal.NativeBytesStore.write (0x00007f9f0bed1690)
[2024-02-14T16:49:03.006+0100][debug][gc,nmethod     ] GC(2) Unregister NMethod: io.sirix.index.path.summary.PathSummaryWriter.getPathNodeKey (0x00007f9f2b4a6190)
[2024-02-14T16:49:03.006+0100][debug][gc,nmethod     ] GC(2) Unregister NMethod: net.openhft.chronicle.bytes.internal.NativeBytesStore.writeShort (0x00007f9f0c035690)
[2024-02-14T16:49:03.006+0100][debug][gc,nmethod     ] GC(2) Unregister NMethod: io.sirix.node.json.BooleanNode.getKind (0x00007f9f0be74410)
[2024-02-14T16:49:03.006+0100][debug][gc,nmethod     ] GC(2) Unregister NMethod: net.openhft.chronicle.bytes.VanillaBytes.bytesForRead (0x00007f9f0be64590)
[2024-02-14T16:49:03.006+0100][debug][gc,nmethod     ] GC(2) Unregister NMethod: io.sirix.page.PageKind$1.serializePage (0x00007f9f0befcb90)
[2024-02-14T16:49:03.006+0100][debug][gc,nmethod     ] GC(2) Unregister NMethod: net.openhft.chronicle.bytes.AbstractBytes.read (0x00007f9f0baca110)
[2024-02-14T16:49:03.006+0100][debug][gc,nmethod     ] GC(2) Unregister NMethod: net.openhft.chronicle.core.UnsafeMemory.copyMemory (0x00007f9f0bb59e90)
[2024-02-14T16:49:03.006+0100][debug][gc,nmethod     ] GC(2) Unregister NMethod: java.util.ArrayList.forEach (0x00007f9f0bb1d490)
[2024-02-14T16:49:03.006+0100][debug][gc,nmethod     ] GC(2) Unregister NMethod: io.sirix.node.NodeKind.serializeValDelegate (0x00007f9f0bea3c90)
[2024-02-14T16:49:03.006+0100][debug][gc,nmethod     ] GC(2) Unregister NMethod: java.util.BitSet.nextSetBit (0x00007f9f0c061990)
[2024-02-14T16:49:03.006+0100][debug][gc,nmethod     ] GC(2) Unregister NMethod: net.openhft.chronicle.bytes.internal.NativeBytesStore.<init> (0x00007f9f0c012910)
[2024-02-14T16:49:03.006+0100][debug][gc,nmethod     ] GC(2) Unregister NMethod: net.openhft.chronicle.bytes.internal.NativeBytesStore.writeShort (0x00007f9f0bf5e710)
[2024-02-14T16:49:03.006+0100][debug][gc,nmethod     ] GC(2) Unregister NMethod: java.nio.HeapCharBuffer.<init> (0x00007f9f0c024a10)
[2024-02-14T16:49:03.006+0100][debug][gc,nmethod     ] GC(2) Unregister NMethod: net.openhft.chronicle.bytes.internal.BytesInternal.toByteArray (0x00007f9f0bea9f90)
[2024-02-14T16:49:03.006+0100][debug][gc,nmethod     ] GC(2) Unregister NMethod: net.openhft.chronicle.core.io.VanillaReferenceCounted.valueCompareAndSet (0x00007f9f0beca990)
[2024-02-14T16:49:03.006+0100][debug][gc,nmethod     ] GC(2) Unregister NMethod: java.util.BitSet.<init> (0x00007f9f0be6ee90)
[2024-02-14T16:49:03.006+0100][debug][gc,nmethod     ] GC(2) Unregister NMethod: jdk.internal.misc.Blocker.begin (0x00007f9f2b374f10)
[2024-02-14T16:49:03.006+0100][debug][gc,nmethod     ] GC(2) Unregister NMethod: net.openhft.chronicle.core.io.VanillaReferenceCounted.<init> (0x00007f9f0bf47310)
[2024-02-14T16:49:03.006+0100][debug][gc,nmethod     ] GC(2) Unregister NMethod: io.sirix.service.json.shredder.JsonShredder.processNull (0x00007f9f0c115b90)
[2024-02-14T16:49:03.006+0100][debug][gc,nmethod     ] GC(2) Unregister NMethod: net.openhft.chronicle.core.io.AbstractReferenceCounted$$Lambda/0x0000000080312bc0.run (0x00007f9f0bff3090)
[2024-02-14T16:49:03.006+0100][debug][gc,nmethod     ] GC(2) Unregister NMethod: java.util.Arrays.fill (0x00007f9f2b574290)
[2024-02-14T16:49:03.006+0100][debug][gc,nmethod     ] GC(2) Unregister NMethod: net.jpountz.lz4.LZ4BlockOutputStream.<init> (0x00007f9f0bfa8190)
[2024-02-14T16:49:03.006+0100][debug][gc,nmethod     ] GC(2) Unregister NMethod: io.sirix.access.trx.node.AbstractNodeHashing.adaptHashesWithAdd (0x00007f9f0c0cbf10)
[2024-02-14T16:49:03.006+0100][debug][gc,nmethod     ] GC(2) Unregister NMethod: java.util.stream.AbstractPipeline.exactOutputSizeIfKnown (0x00007f9f0bc8b410)
[2024-02-14T16:49:03.006+0100][debug][gc,nmethod     ] GC(2) Unregister NMethod: net.openhft.chronicle.bytes.StreamingDataOutput.rawWriteByte (0x00007f9f0bb86610)
[2024-02-14T16:49:03.006+0100][debug][gc,nmethod     ] GC(2) Unregister NMethod: java.lang.ref.Reference.<init> (0x00007f9f0ba91d10)
[2024-02-14T16:49:03.006+0100][debug][gc,nmethod     ] GC(2) Unregister NMethod: net.openhft.chronicle.bytes.internal.NativeBytesStore.read (0x00007f9f0bfb5d90)
[2024-02-14T16:49:03.006+0100][debug][gc,nmethod     ] GC(2) Unregister NMethod: net.openhft.chronicle.bytes.AbstractBytes.clear (0x00007f9f0bf6ac90)
[2024-02-14T16:49:03.006+0100][debug][gc,nmethod     ] GC(2) Unregister NMethod: java.lang.invoke.LambdaForm$MH/0x0000000080364c00.linkToTargetMethod (0x00007f9f0bfcb610)
[2024-02-14T16:49:03.006+0100][debug][gc,nmethod     ] GC(2) Unregister NMethod: java.io.OutputStream.flush (0x00007f9f0bee3590)
[2024-02-14T16:49:03.006+0100][debug][gc,nmethod     ] GC(2) Unregister NMethod: io.sirix.node.NodeKind$27.serialize (0x00007f9f0baec610)
[2024-02-14T16:49:03.006+0100][debug][gc,nmethod     ] GC(2) Unregister NMethod: net.openhft.chronicle.bytes.AbstractBytes.read (0x00007f9f0c099190)
[2024-02-14T16:49:03.006+0100][debug][gc,nmethod     ] GC(2) Unregister NMethod: sun.security.provider.DigestBase.engineDigest (0x00007f9f0be85310)
[2024-02-14T16:49:03.006+0100][debug][gc,nmethod     ] GC(2) Unregister NMethod: io.sirix.access.trx.node.json.JsonNodeTrxImpl.insertArrayAsRightSibling (0x00007f9f2b4c3d10)
[2024-02-14T16:49:03.006+0100][debug][gc,nmethod     ] GC(2) Unregister NMethod: java.lang.invoke.MemberName$Factory.resolve (0x00007f9f0bb32e10)
[2024-02-14T16:49:03.006+0100][debug][gc,nmethod     ] GC(2) Unregister NMethod: net.openhft.chronicle.core.UnsafeMemory.copyMemory (0x00007f9f0bc7ee90)
[2024-02-14T16:49:03.007+0100][debug][gc,nmethod     ] GC(2) Unregister NMethod: io.sirix.service.json.shredder.JsonShredder.insertNewContent (0x00007f9f2b4dc390)
[2024-02-14T16:49:03.007+0100][debug][gc,nmethod     ] GC(2) Unregister NMethod: net.openhft.chronicle.bytes.internal.AbstractBytesStore.writeRemaining (0x00007f9f0bff3e10)
[2024-02-14T16:49:03.007+0100][debug][gc,nmethod     ] GC(2) Unregister NMethod: net.openhft.chronicle.core.UnsafeMemory.readBytes (0x00007f9f0bf5ed10)
[2024-02-14T16:49:03.007+0100][debug][gc,nmethod     ] GC(2) Unregister NMethod: net.openhft.chronicle.bytes.internal.NativeBytesStore.write0 (0x00007f9f0bf69390)
[2024-02-14T16:49:03.007+0100][debug][gc,nmethod     ] GC(2) Unregister NMethod: net.openhft.chronicle.bytes.NativeBytes.bytesStore (0x00007f9f0be7c010)
[2024-02-14T16:49:03.007+0100][debug][gc,nmethod     ] GC(2) Unregister NMethod: java.lang.Thread.interrupted (0x00007f9f0bb9ed90)
[2024-02-14T16:49:03.007+0100][debug][gc,nmethod     ] GC(2) Unregister NMethod: net.openhft.chronicle.bytes.AbstractBytes.<init> (0x00007f9f0be9db90)
[2024-02-14T16:49:03.007+0100][debug][gc,nmethod     ] GC(2) Unregister NMethod: java.util.stream.SortedOps$OfRef.opWrapSink (0x00007f9f0bebda90)
[2024-02-14T16:49:03.007+0100][debug][gc,nmethod     ] GC(2) Unregister NMethod: java.util.BitSet.nextSetBit (0x00007f9f2b641e10)
[2024-02-14T16:49:03.007+0100][debug][gc,nmethod     ] GC(2) Unregister NMethod: net.openhft.chronicle.bytes.NativeBytes.writeByte (0x00007f9f2b3e3f10)
[2024-02-14T16:49:03.007+0100][debug][gc,nmethod     ] GC(2) Unregister NMethod: java.lang.invoke.DirectMethodHandle$Holder.invokeStatic (0x00007f9f0bfcbc10)
[2024-02-14T16:49:03.007+0100][debug][gc,nmethod     ] GC(2) Unregister NMethod: io.sirix.access.trx.node.json.JsonNodeTrxImpl.insertStringValueAsFirstChild (0x00007f9f2b4adf10)
[2024-02-14T16:49:03.007+0100][debug][gc,nmethod     ] GC(2) Unregister NMethod: com.google.gson.stream.JsonReader.nextQuotedValue (0x00007f9f0c113b90)
[2024-02-14T16:49:03.007+0100][debug][gc,nmethod     ] GC(2) Unregister NMethod: net.openhft.chronicle.bytes.BytesStore.bytesForRead (0x00007f9f0bf80f10)
[2024-02-14T16:49:03.007+0100][debug][gc,nmethod     ] GC(2) Unregister NMethod: java.util.BitSet.toByteArray (0x00007f9f0bfbaa90)
[2024-02-14T16:49:03.007+0100][debug][gc,nmethod     ] GC(2) Unregister NMethod: java.nio.DirectByteBuffer.address (0x00007f9f0c013190)
[2024-02-14T16:49:03.007+0100][debug][gc,nmethod     ] GC(2) Unregister NMethod: net.openhft.chronicle.bytes.internal.NativeBytesStore.writeByte (0x00007f9f0bfef990)
[2024-02-14T16:49:03.007+0100][debug][gc,nmethod     ] GC(2) Unregister NMethod: net.jpountz.xxhash.StreamingXXHash32JNI.update (0x00007f9f0bed3a10)
[2024-02-14T16:49:03.007+0100][debug][gc,nmethod     ] GC(2) Unregister NMethod: java.nio.HeapByteBuffer.<init> (0x00007f9f0bb8f090)
[2024-02-14T16:49:03.007+0100][debug][gc,nmethod     ] GC(2) Unregister NMethod: jdk.internal.misc.Unsafe.copyMemory (0x00007f9f0bb0a210)
[2024-02-14T16:49:03.007+0100][debug][gc,nmethod     ] GC(2) Unregister NMethod: java.lang.invoke.LambdaForm$MH/0x0000000080364000.invoke (0x00007f9f0bfcc310)
[2024-02-14T16:49:03.007+0100][debug][gc,nmethod     ] GC(2) Unregister NMethod: io.sirix.node.xml.AbstractStructForwardingNode.getLastChildKey (0x00007f9f0bad2690)
[2024-02-14T16:49:03.007+0100][debug][gc,nmethod     ] GC(2) Unregister NMethod: io.sirix.access.trx.page.TreeModifierImpl.prepareIndirectPage (0x00007f9f0c057290)
[2024-02-14T16:49:03.007+0100][debug][gc,nmethod     ] GC(2) Unregister NMethod: io.sirix.access.trx.page.AbstractForwardingPageReadOnlyTrx.getResourceSession (0x00007f9f0be78490)
[2024-02-14T16:49:03.007+0100][debug][gc,nmethod     ] GC(2) Unregister NMethod: net.openhft.chronicle.core.io.AbstractReferenceCounted.reserve (0x00007f9f0bfee710)
[2024-02-14T16:49:03.007+0100][debug][gc,nmethod     ] GC(2) Unregister NMethod: java.util.LinkedHashMap.newNode (0x00007f9f0bcfb890)
[2024-02-14T16:49:03.007+0100][debug][gc,nmethod     ] GC(2) Unregister NMethod: io.sirix.page.PageReference.setPageFragments (0x00007f9f0c0c9590)
[2024-02-14T16:49:03.007+0100][debug][gc,nmethod     ] GC(2) Unregister NMethod: net.openhft.chronicle.bytes.AbstractBytes.writeInt (0x00007f9f0bed1d10)
[2024-02-14T16:49:03.007+0100][debug][gc,nmethod     ] GC(2) Unregister NMethod: java.nio.ByteBuffer.allocate (0x00007f9f0bfba110)
[2024-02-14T16:49:03.007+0100][debug][gc,nmethod     ] GC(2) Unregister NMethod: io.sirix.page.KeyValueLeafPage.clearPage (0x00007f9f0bf67390)
[2024-02-14T16:49:03.007+0100][debug][gc,nmethod     ] GC(2) Unregister NMethod: io.sirix.node.Utils.putVarLong (0x00007f9f0ba6f910)
[2024-02-14T16:49:03.007+0100][debug][gc,nmethod     ] GC(2) Unregister NMethod: java.lang.invoke.MethodType.checkSlotCount (0x00007f9f0ba40910)
[2024-02-14T16:49:03.007+0100][debug][gc,nmethod     ] GC(2) Unregister NMethod: net.openhft.chronicle.bytes.internal.AbstractBytesStore.readRemaining (0x00007f9f0c012510)
[2024-02-14T16:49:03.007+0100][debug][gc,nmethod     ] GC(2) Unregister NMethod: java.util.ArrayList.sort (0x00007f9f0bfa6e10)
[2024-02-14T16:49:03.007+0100][debug][gc,nmethod     ] GC(2) Unregister NMethod: io.sirix.page.KeyValueLeafPage.processEntries (0x00007f9f0bf1d210)
[2024-02-14T16:49:03.007+0100][debug][gc,nmethod     ] GC(2) Unregister NMethod: com.google.common.base.Preconditions.checkArgument (0x00007f9f0bf84210)
[2024-02-14T16:49:03.007+0100][debug][gc,nmethod     ] GC(2) Unregister NMethod: net.openhft.chronicle.bytes.internal.NativeBytesStore.writeInt (0x00007f9f0be03390)
[2024-02-14T16:49:03.007+0100][debug][gc,nmethod     ] GC(2) Unregister NMethod: net.openhft.chronicle.core.util.ObjectUtils.requireNonNull (0x00007f9f0be20410)
[2024-02-14T16:49:03.007+0100][debug][gc,nmethod     ] GC(2) Unregister NMethod: java.util.stream.ReferencePipeline$3$1.accept (0x00007f9f0bbbc290)
[2024-02-14T16:49:03.007+0100][debug][gc,nmethod     ] GC(2) Unregister NMethod: net.openhft.chronicle.bytes.RandomCommon.writeRemaining (0x00007f9f0bae0410)
[2024-02-14T16:49:03.007+0100][debug][gc,nmethod     ] GC(2) Unregister NMethod: com.google.common.base.Preconditions.checkPositionIndexes (0x00007f9f0be64e90)
[2024-02-14T16:49:03.007+0100][debug][gc,nmethod     ] GC(2) Unregister NMethod: io.sirix.index.path.summary.PathSummaryReader.moveTo (0x00007f9f2b45ab10)
[2024-02-14T16:49:03.007+0100][debug][gc,nmethod     ] GC(2) Unregister NMethod: net.openhft.chronicle.bytes.internal.AbstractBytesStore.canReleaseInBackground (0x00007f9f0bc3a010)
[2024-02-14T16:49:03.007+0100][debug][gc,nmethod     ] GC(2) Unregister NMethod: java.nio.CharBuffer.<init> (0x00007f9f0bfa1c90)
[2024-02-14T16:49:03.007+0100][debug][gc,nmethod     ] GC(2) Unregister NMethod: java.nio.Bits.reserveMemory (0x00007f9f0beb5e90)
[2024-02-14T16:49:03.007+0100][debug][gc,nmethod     ] GC(2) Unregister NMethod: jdk.internal.misc.Unsafe.checkNativeAddress (0x00007f9f0be7e290)
[2024-02-14T16:49:03.007+0100][debug][gc,nmethod     ] GC(2) Unregister NMethod: net.openhft.chronicle.bytes.internal.BytesInternal.writeUtf8 (0x00007f9f2b42fc10)
[2024-02-14T16:49:03.007+0100][debug][gc,nmethod     ] GC(2) Unregister NMethod: io.sirix.access.trx.node.json.ForwardingJsonNodeReadOnlyTrx.isObjectKey (0x00007f9f0bf1f490)
[2024-02-14T16:49:03.007+0100][debug][gc,nmethod     ] GC(2) Unregister NMethod: java.nio.HeapByteBuffer.<init> (0x00007f9f0bb89d90)
[2024-02-14T16:49:03.007+0100][debug][gc,nmethod     ] GC(2) Unregister NMethod: net.jpountz.xxhash.StreamingXXHash32$1.getValue (0x00007f9f0bedaf90)
[2024-02-14T16:49:03.007+0100][debug][gc,nmethod     ] GC(2) Unregister NMethod: java.nio.HeapByteBuffer.put (0x00007f9f0bf23890)
[2024-02-14T16:49:03.007+0100][debug][gc,nmethod     ] GC(2) Unregister NMethod: io.sirix.page.PageReference.setKey (0x00007f9f0c025c10)
[2024-02-14T16:49:03.007+0100][debug][gc,nmethod     ] GC(2) Unregister NMethod: io.sirix.access.trx.node.json.JsonNodeTrxImpl.adaptNodesAndHashesForInsertAsChild (0x00007f9f2b496210)
[2024-02-14T16:49:03.007+0100][debug][gc,nmethod     ] GC(2) Unregister NMethod: java.util.BitSet.get (0x00007f9f0be93e90)
[2024-02-14T16:49:03.007+0100][debug][gc,nmethod     ] GC(2) Unregister NMethod: net.openhft.chronicle.bytes.NativeBytes.resize (0x00007f9f0c018490)
[2024-02-14T16:49:03.007+0100][debug][gc,nmethod     ] GC(2) Unregister NMethod: net.jpountz.xxhash.StreamingXXHash32$1.update (0x00007f9f0bed4010)
[2024-02-14T16:49:03.007+0100][debug][gc,nmethod     ] GC(2) Unregister NMethod: io.sirix.access.trx.node.json.JsonNodeTrxImpl.insertAsSibling (0x00007f9f2b411e90)
[2024-02-14T16:49:03.007+0100][debug][gc,nmethod     ] GC(2) Unregister NMethod: io.sirix.index.path.summary.PathSummaryReader.getPathNode (0x00007f9f0beae890)
[2024-02-14T16:49:03.007+0100][debug][gc,nmethod     ] GC(2) Unregister NMethod: sun.misc.Unsafe.getLong (0x00007f9f0bab2810)
[2024-02-14T16:49:03.007+0100][debug][gc,nmethod     ] GC(2) Unregister NMethod: java.util.stream.SpinedBuffer.ensureCapacity (0x00007f9f0bb6cd10)
[2024-02-14T16:49:03.007+0100][debug][gc,nmethod     ] GC(2) Unregister NMethod: io.sirix.node.AbstractForwardingNode.getNodeDelegate (0x00007f9f2b3d5e90)
[2024-02-14T16:49:03.007+0100][debug][gc,nmethod     ] GC(2) Unregister NMethod: sun.security.provider.DigestBase.engineDigest (0x00007f9f0bf47c10)
[2024-02-14T16:49:03.007+0100][debug][gc,nmethod     ] GC(2) Unregister NMethod: io.sirix.node.NodeKind$20.serialize (0x00007f9f0ba36710)
[2024-02-14T16:49:03.007+0100][debug][gc,nmethod     ] GC(2) Unregister NMethod: java.util.stream.SpinedBuffer.capacity (0x00007f9f0bf24910)
[2024-02-14T16:49:03.007+0100][debug][gc,nmethod     ] GC(2) Unregister NMethod: java.util.concurrent.CopyOnWriteArrayList.clear (0x00007f9f0bf45490)
[2024-02-14T16:49:03.007+0100][debug][gc,nmethod     ] GC(2) Unregister NMethod: net.openhft.chronicle.bytes.AbstractBytes.<init> (0x00007f9f0be7ca10)
[2024-02-14T16:49:03.007+0100][debug][gc,nmethod     ] GC(2) Unregister NMethod: io.sirix.access.trx.page.NodePageReadOnlyTrx.getRevisionNumber (0x00007f9f0c044d10)
[2024-02-14T16:49:03.007+0100][debug][gc,nmethod     ] GC(2) Unregister NMethod: java.util.concurrent.CopyOnWriteArrayList.size (0x00007f9f0bbaaf90)
[2024-02-14T16:49:03.007+0100][debug][gc,nmethod     ] GC(2) Unregister NMethod: java.util.TimSort.sort (0x00007f9f0bedd290)
[2024-02-14T16:49:03.007+0100][debug][gc,nmethod     ] GC(2) Unregister NMethod: net.jpountz.lz4.LZ4BlockOutputStream.compressionLevel (0x00007f9f0bfa7290)
[2024-02-14T16:49:03.007+0100][debug][gc,nmethod     ] GC(2) Unregister NMethod: io.sirix.page.UberPage.getPageCountExp (0x00007f9f0c047d90)
[2024-02-14T16:49:03.007+0100][debug][gc,nmethod     ] GC(2) Unregister NMethod: io.sirix.access.trx.node.json.JsonNodeTrxImpl.nodeReadOnlyTrxDelegate (0x00007f9f0be77a10)
[2024-02-14T16:49:03.007+0100][debug][gc,nmethod     ] GC(2) Unregister NMethod: io.sirix.access.trx.node.json.JsonNodeTrxImpl.insertAsSibling (0x00007f9f0c0de210)
[2024-02-14T16:49:03.007+0100][debug][gc,nmethod     ] GC(2) Unregister NMethod: io.sirix.service.json.shredder.JsonShredder.insertNumberValue (0x00007f9f2b46f590)
[2024-02-14T16:49:03.007+0100][debug][gc,nmethod     ] GC(2) Unregister NMethod: java.lang.StringUTF16.compress (0x00007f9f0ba89310)
[2024-02-14T16:49:03.007+0100][debug][gc,nmethod     ] GC(2) Unregister NMethod: sun.security.provider.ByteArrayAccess.i2bBig (0x00007f9f0bef6490)
[2024-02-14T16:49:03.007+0100][debug][gc,nmethod     ] GC(2) Unregister NMethod: net.openhft.chronicle.bytes.AbstractBytes.writeShort (0x00007f9f0c035210)
[2024-02-14T16:49:03.007+0100][debug][gc,nmethod     ] GC(2) Unregister NMethod: sun.security.provider.DigestBase.engineUpdate (0x00007f9f0bf3e410)
[2024-02-14T16:49:03.007+0100][debug][gc,nmethod     ] GC(2) Unregister NMethod: net.openhft.chronicle.bytes.internal.NativeBytesStore.writeLong (0x00007f9f0bfabc90)
[2024-02-14T16:49:03.007+0100][debug][gc,nmethod     ] GC(2) Unregister NMethod: io.sirix.access.trx.node.json.JsonNodeTrxImpl.insertStringValueAsRightSibling (0x00007f9f2b44af10)
[2024-02-14T16:49:03.007+0100][debug][gc,nmethod     ] GC(2) Unregister NMethod: java.lang.invoke.VarHandleByteArrayAsInts$ArrayHandle.get (0x00007f9f0bb34590)
[2024-02-14T16:49:03.007+0100][debug][gc,nmethod     ] GC(2) Unregister NMethod: net.openhft.chronicle.bytes.NativeBytes.writeLong (0x00007f9f2b3ed290)
[2024-02-14T16:49:03.007+0100][debug][gc,nmethod     ] GC(2) Unregister NMethod: java.util.ImmutableCollections$ListItr.hasNext (0x00007f9f0bf34f90)
[2024-02-14T16:49:03.007+0100][debug][gc,nmethod     ] GC(2) Unregister NMethod: net.openhft.chronicle.bytes.internal.NativeBytesStore.setAddress (0x00007f9f0bff3610)
[2024-02-14T16:49:03.007+0100][debug][gc,nmethod     ] GC(2) Unregister NMethod: java.lang.invoke.LambdaForm$MH/0x0000000080362400.invoke (0x00007f9f0bfcd290)
[2024-02-14T16:49:03.007+0100][debug][gc,nmethod     ] GC(2) Unregister NMethod: io.sirix.node.xml.AbstractStructForwardingNode.getLastChildKey (0x00007f9f2b545790)
[2024-02-14T16:49:03.007+0100][debug][gc,nmethod     ] GC(2) Unregister NMethod: io.sirix.service.json.shredder.JsonShredder.insertArray (0x00007f9f0c0fca90)
[2024-02-14T16:49:03.007+0100][debug][gc,nmethod     ] GC(2) Unregister NMethod: jdk.internal.misc.Blocker.end (0x00007f9f0c109c10)
[2024-02-14T16:49:03.007+0100][debug][gc,nmethod     ] GC(2) Unregister NMethod: java.lang.invoke.LambdaForm$MH/0x0000000080360400.invoke (0x00007f9f0bfcf090)
[2024-02-14T16:49:03.007+0100][debug][gc,nmethod     ] GC(2) Unregister NMethod: io.sirix.access.trx.node.json.JsonNodeTrxImpl.insertNullValueAsRightSibling (0x00007f9f0c11ab10)
[2024-02-14T16:49:03.007+0100][debug][gc,nmethod     ] GC(2) Unregister NMethod: io.sirix.node.AbstractForwardingNode.<init> (0x00007f9f0be88390)
[2024-02-14T16:49:03.007+0100][debug][gc,nmethod     ] GC(2) Unregister NMethod: java.lang.String.getBytesNoRepl1 (0x00007f9f0bafe790)
[2024-02-14T16:49:03.007+0100][debug][gc,nmethod     ] GC(2) Unregister NMethod: java.util.concurrent.ConcurrentHashMap.clear (0x00007f9f0bf66010)
[2024-02-14T16:49:03.007+0100][debug][gc,nmethod     ] GC(2) Unregister NMethod: net.openhft.chronicle.bytes.internal.BytesInternal.writeStopBit (0x00007f9f2b41a090)
[2024-02-14T16:49:03.007+0100][debug][gc,nmethod     ] GC(2) Unregister NMethod: java.util.Arrays$ArrayList.get (0x00007f9f0c0c9890)
[2024-02-14T16:49:03.007+0100][debug][gc,nmethod     ] GC(2) Unregister NMethod: sun.nio.cs.StreamDecoder.implRead (0x00007f9f0c06a390)
[2024-02-14T16:49:03.007+0100][debug][gc,nmethod     ] GC(2) Unregister NMethod: net.openhft.chronicle.bytes.internal.HeapBytesStore.read (0x00007f9f0be78e90)
[2024-02-14T16:49:03.007+0100][debug][gc,nmethod     ] GC(2) Unregister NMethod: net.openhft.chronicle.bytes.AbstractBytes.<init> (0x00007f9f0bfee310)
[2024-02-14T16:49:03.007+0100][debug][gc,nmethod     ] GC(2) Unregister NMethod: java.util.BitSet.toByteArray (0x00007f9f0be89f90)
[2024-02-14T16:49:03.007+0100][debug][gc,nmethod     ] GC(2) Unregister NMethod: io.sirix.index.path.summary.PathNode.getLocalNameKey (0x00007f9f0be80b10)
[2024-02-14T16:49:03.008+0100][debug][gc,nmethod     ] GC(2) Unregister NMethod: net.openhft.chronicle.bytes.NativeBytes.writeLong (0x00007f9f0c002510)
[2024-02-14T16:49:03.008+0100][debug][gc,nmethod     ] GC(2) Unregister NMethod: io.sirix.page.PageKind$1.serializePage (0x00007f9f0c07df90)
[2024-02-14T16:49:03.008+0100][debug][gc,nmethod     ] GC(2) Unregister NMethod: net.jpountz.lz4.LZ4BlockOutputStream.writeIntLE (0x00007f9f0be74810)
[2024-02-14T16:49:03.008+0100][debug][gc,nmethod     ] GC(2) Unregister NMethod: net.openhft.chronicle.bytes.internal.NativeBytesStore.writeShort (0x00007f9f0be71610)
[2024-02-14T16:49:03.008+0100][debug][gc,nmethod     ] GC(2) Unregister NMethod: io.sirix.access.trx.node.json.JsonNodeTrxImpl.insertNullValueAsRightSibling (0x00007f9f2b45e690)
[2024-02-14T16:49:03.008+0100][debug][gc,nmethod     ] GC(2) Unregister NMethod: io.sirix.service.json.shredder.JsonShredder.processString (0x00007f9f0c10ee10)
[2024-02-14T16:49:03.008+0100][debug][gc,nmethod     ] GC(2) Unregister NMethod: net.openhft.chronicle.bytes.NativeBytes.resizeHelper (0x00007f9f0c016c10)
[2024-02-14T16:49:03.008+0100][debug][gc,nmethod     ] GC(2) Unregister NMethod: net.openhft.chronicle.bytes.internal.BytesInternal.writeStopBit (0x00007f9f0bb27110)
[2024-02-14T16:49:03.008+0100][debug][gc,nmethod     ] GC(2) Unregister NMethod: java.security.MessageDigest$Delegate.clone (0x00007f9f0be85d90)
[2024-02-14T16:49:03.008+0100][debug][gc,nmethod     ] GC(2) Unregister NMethod: net.openhft.chronicle.bytes.NativeBytes.writeLong (0x00007f9f0c002a90)
[2024-02-14T16:49:03.008+0100][debug][gc,nmethod     ] GC(2) Unregister NMethod: sun.security.provider.SHA2.implCompress0 (0x00007f9f0bf3b610)
[2024-02-14T16:49:03.008+0100][debug][gc,nmethod     ] GC(2) Unregister NMethod: java.nio.HeapCharBuffer.slice (0x00007f9f0c025290)
[2024-02-14T16:49:03.008+0100][debug][gc,nmethod     ] GC(2) Unregister NMethod: java.util.BitSet.nextSetBit (0x00007f9f0c168a90)
[2024-02-14T16:49:03.008+0100][debug][gc,nmethod     ] GC(2) Unregister NMethod: java.nio.ByteBuffer.order (0x00007f9f0bb20690)
[2024-02-14T16:49:03.008+0100][debug][gc,nmethod     ] GC(2) Unregister NMethod: io.sirix.access.trx.page.NodePageTrx.getPageContainer (0x00007f9f2b3e5410)
[2024-02-14T16:49:03.008+0100][debug][gc,nmethod     ] GC(2) Unregister NMethod: net.openhft.chronicle.core.Maths.toUInt31 (0x00007f9f0be8ec10)
[2024-02-14T16:49:03.008+0100][debug][gc,nmethod     ] GC(2) Unregister NMethod: java.util.stream.ReferencePipeline$$Lambda/0x00000000801f0210.apply (0x00007f9f0bff1090)
[2024-02-14T16:49:03.008+0100][debug][gc,nmethod     ] GC(2) Unregister NMethod: net.openhft.chronicle.bytes.AbstractBytes.readByte (0x00007f9f0bc5d610)
[2024-02-14T16:49:03.008+0100][debug][gc,nmethod     ] GC(2) Unregister NMethod: net.openhft.chronicle.bytes.AbstractBytes.writeInt (0x00007f9f0bb3ec90)
[2024-02-14T16:49:03.008+0100][debug][gc,nmethod     ] GC(2) Unregister NMethod: net.openhft.chronicle.core.UnsafeMemory.readBytes (0x00007f9f0be71e90)
[2024-02-14T16:49:03.008+0100][debug][gc,nmethod     ] GC(2) Unregister NMethod: sun.misc.Unsafe.getByte (0x00007f9f0be1de90)
[2024-02-14T16:49:03.008+0100][debug][gc,nmethod     ] GC(2) Unregister NMethod: java.security.MessageDigestSpi.clone (0x00007f9f0bff2a10)
[2024-02-14T16:49:03.008+0100][debug][gc,nmethod     ] GC(2) Unregister NMethod: jdk.internal.misc.Unsafe.allocateMemory (0x00007f9f0bc8ba90)
[2024-02-14T16:49:03.008+0100][debug][gc,nmethod     ] GC(2) Unregister NMethod: java.util.stream.SortedOps$RefSortingSink.end (0x00007f9f0bf25d10)
[2024-02-14T16:49:03.008+0100][debug][gc,nmethod     ] GC(2) Unregister NMethod: java.util.stream.ReferencePipeline.makeNodeBuilder (0x00007f9f0be5e710)
[2024-02-14T16:49:03.008+0100][debug][gc,nmethod     ] GC(2) Unregister NMethod: io.sirix.service.json.shredder.JsonShredder.insertNullValue (0x00007f9f0c0d5790)
[2024-02-14T16:49:03.008+0100][debug][gc,nmethod     ] GC(2) Unregister NMethod: java.lang.String.<init> (0x00007f9f0ba91610)
[2024-02-14T16:49:03.008+0100][debug][gc,nmethod     ] GC(2) Unregister NMethod: java.io.ByteArrayOutputStream.<init> (0x00007f9f0c05fe10)
[2024-02-14T16:49:03.008+0100][debug][gc,alloc       ] Allocation Rate: 1508,0MB/s, Predicted: 1690,3MB/s, Avg: 1234,2(+/-249,1)MB/s
[2024-02-14T16:49:03.008+0100][debug][gc,nmethod     ] GC(2) Unregister NMethod: java.io.ByteArrayOutputStream.close (0x00007f9f0bfa6010)
[2024-02-14T16:49:03.008+0100][debug][gc,nmethod     ] GC(2) Unregister NMethod: net.openhft.chronicle.bytes.internal.HeapBytesStore.readLong (0x00007f9f0be65390)
[2024-02-14T16:49:03.008+0100][debug][gc,nmethod     ] GC(2) Unregister NMethod: io.sirix.access.trx.page.NodePageTrx.prepareRecordPage (0x00007f9f2b3e9c90)
[2024-02-14T16:49:03.008+0100][debug][gc,nmethod     ] GC(2) Unregister NMethod: io.sirix.access.trx.node.json.JsonNodeTrxImpl.insertNumberValueAsRightSibling (0x00007f9f0c0e7c10)
[2024-02-14T16:49:03.008+0100][debug][gc,nmethod     ] GC(2) Unregister NMethod: java.util.stream.SortedOps$RefSortingSink.begin (0x00007f9f0bb6b990)
[2024-02-14T16:49:03.008+0100][debug][gc,nmethod     ] GC(2) Unregister NMethod: io.sirix.access.trx.node.AbstractResourceSession.getResourceConfig (0x00007f9f0be9d210)
[2024-02-14T16:49:03.008+0100][debug][gc,nmethod     ] GC(2) Unregister NMethod: java.util.ImmutableCollections$ListN.size (0x00007f9f0bcbc310)
[2024-02-14T16:49:03.008+0100][debug][gc,nmethod     ] GC(2) Unregister NMethod: io.sirix.page.PageKind$1.serializePage (0x00007f9f2b565610)
[2024-02-14T16:49:03.008+0100][debug][gc,nmethod     ] GC(2) Unregister NMethod: com.google.gson.stream.JsonReader.nextString (0x00007f9f2b418110)
[2024-02-14T16:49:03.008+0100][debug][gc,nmethod     ] GC(2) Unregister NMethod: net.openhft.chronicle.bytes.StreamingDataOutput.writeStopBit (0x00007f9f0bf33490)
[2024-02-14T16:49:03.008+0100][debug][gc,nmethod     ] GC(2) Unregister NMethod: net.openhft.chronicle.bytes.AbstractBytes.readCheckOffset0 (0x00007f9f0bb09110)
[2024-02-14T16:49:03.008+0100][debug][gc,nmethod     ] GC(2) Unregister NMethod: java.nio.MappedByteBuffer.<init> (0x00007f9f0c05eb90)
[2024-02-14T16:49:03.008+0100][debug][gc,nmethod     ] GC(2) Unregister NMethod: net.openhft.chronicle.core.io.VanillaReferenceCounted.<init> (0x00007f9f0bf20390)
[2024-02-14T16:49:03.008+0100][debug][gc,nmethod     ] GC(2) Unregister NMethod: net.jpountz.lz4.LZ4BlockOutputStream.close (0x00007f9f0bea2e90)
[2024-02-14T16:49:03.008+0100][debug][gc,nmethod     ] GC(2) Unregister NMethod: jdk.internal.misc.Unsafe.checkOffset (0x00007f9f0be1f590)
[2024-02-14T16:49:03.008+0100][debug][gc,nmethod     ] GC(2) Unregister NMethod: io.sirix.node.NodeKind.serializeJsonObjectOrArrayStructDelegate (0x00007f9f0be7fe10)
[2024-02-14T16:49:03.008+0100][debug][gc,nmethod     ] GC(2) Unregister NMethod: io.sirix.page.delegates.BitmapReferencesPage.index (0x00007f9f0be8d990)
[2024-02-14T16:49:03.008+0100][debug][gc,nmethod     ] GC(2) Unregister NMethod: net.openhft.chronicle.core.io.VanillaReferenceCounted.release (0x00007f9f0be69410)
[2024-02-14T16:49:03.008+0100][debug][gc,nmethod     ] GC(2) Unregister NMethod: io.sirix.node.NodeKind$20.serialize (0x00007f9f0ba4b890)
[2024-02-14T16:49:03.008+0100][debug][gc,nmethod     ] GC(2) Unregister NMethod: io.sirix.access.trx.page.NodePageTrx.getPageContainer (0x00007f9f0c0b0090)
[2024-02-14T16:49:03.008+0100][debug][gc,nmethod     ] GC(2) Unregister NMethod: io.sirix.access.trx.node.AbstractNodeTrxImpl.intermediateCommitIfRequired (0x00007f9f2b40fa10)
[2024-02-14T16:49:03.008+0100][debug][gc,nmethod     ] GC(2) Unregister NMethod: java.io.FileInputStream.available (0x00007f9f0c028e10)
[2024-02-14T16:49:03.008+0100][debug][gc,nmethod     ] GC(2) Unregister NMethod: io.sirix.service.json.shredder.JsonShredder.insertArray (0x00007f9f2b4cb110)
[2024-02-14T16:49:03.008+0100][debug][gc,nmethod     ] GC(2) Unregister NMethod: io.sirix.access.trx.page.NodePageReadOnlyTrx.getValue (0x00007f9f2b3d7190)
[2024-02-14T16:49:03.008+0100][debug][gc,nmethod     ] GC(2) Unregister NMethod: java.util.Objects.equals (0x00007f9f0ba2bc90)
[2024-02-14T16:49:03.008+0100][debug][gc,nmethod     ] GC(2) Unregister NMethod: io.sirix.page.IndirectPage.getOrCreateReference (0x00007f9f0c045310)
[2024-02-14T16:49:03.008+0100][debug][gc,nmethod     ] GC(2) Unregister NMethod: net.openhft.chronicle.bytes.AbstractBytes.write (0x00007f9f0be95410)
[2024-02-14T16:49:03.008+0100][debug][gc,nmethod     ] GC(2) Unregister NMethod: io.sirix.page.KeyValueLeafPage.addReferences (0x00007f9f0bfd6890)
[2024-02-14T16:49:03.008+0100][debug][gc,nmethod     ] GC(2) Unregister NMethod: java.lang.Long.numberOfTrailingZeros (0x00007f9f0c060b90)
[2024-02-14T16:49:03.008+0100][debug][gc,nmethod     ] GC(2) Unregister NMethod: java.lang.invoke.Invokers$Holder.linkToTargetMethod (0x00007f9f0bd6c510)
[2024-02-14T16:49:03.008+0100][debug][gc,nmethod     ] GC(2) Unregister NMethod: io.sirix.service.json.shredder.JsonShredder.processBeginArray (0x00007f9f2b4bc090)
[2024-02-14T16:49:03.008+0100][debug][gc,nmethod     ] GC(2) Unregister NMethod: net.openhft.chronicle.core.UnsafeMemory.copyMemory (0x00007f9f0beea190)
[2024-02-14T16:49:03.008+0100][debug][gc,nmethod     ] GC(2) Unregister NMethod: net.openhft.chronicle.bytes.StreamingDataOutput.appendUtf8 (0x00007f9f2b3f8290)
[2024-02-14T16:49:03.008+0100][debug][gc,nmethod     ] GC(2) Unregister NMethod: jdk.internal.misc.Unsafe.setMemory (0x00007f9f0bfa4210)
[2024-02-14T16:49:03.008+0100][debug][gc,nmethod     ] GC(2) Unregister NMethod: java.util.stream.Nodes$SpinedNodeBuilder.asArray (0x00007f9f0bfef610)
[2024-02-14T16:49:03.008+0100][debug][gc,nmethod     ] GC(2) Unregister NMethod: net.openhft.chronicle.core.io.AbstractReferenceCounted.<init> (0x00007f9f0bb05210)
[2024-02-14T16:49:03.008+0100][debug][gc,nmethod     ] GC(2) Unregister NMethod: java.util.ArrayDeque.pollFirst (0x00007f9f0baff110)
[2024-02-14T16:49:03.008+0100][debug][gc,nmethod     ] GC(2) Unregister NMethod: io.sirix.service.json.shredder.JsonShredder.insertNullValue (0x00007f9f2b5ae610)
[2024-02-14T16:49:03.008+0100][debug][gc,nmethod     ] GC(2) Unregister NMethod: jdk.internal.misc.Unsafe.setMemory (0x00007f9f0c037590)
[2024-02-14T16:49:03.008+0100][debug][gc,nmethod     ] GC(2) Unregister NMethod: io.sirix.io.bytepipe.ByteHandlerPipeline.serialize (0x00007f9f0bf83110)
[2024-02-14T16:49:03.008+0100][debug][gc,nmethod     ] GC(2) Unregister NMethod: net.openhft.chronicle.bytes.Bytes.isClear (0x00007f9f0c060610)
[2024-02-14T16:49:03.008+0100][debug][gc,nmethod     ] GC(2) Unregister NMethod: net.openhft.chronicle.bytes.internal.NativeBytesStore.writeByte (0x00007f9f0bb20a10)
[2024-02-14T16:49:03.008+0100][debug][gc,nmethod     ] GC(2) Unregister NMethod: net.openhft.chronicle.bytes.internal.BytesInternal.appendUtf8Char (0x00007f9f2b3efc90)
[2024-02-14T16:49:03.008+0100][debug][gc,nmethod     ] GC(2) Unregister NMethod: java.io.ByteArrayOutputStream.ensureCapacity (0x00007f9f0bb26590)
[2024-02-14T16:49:03.008+0100][debug][gc,nmethod     ] GC(2) Unregister NMethod: net.openhft.chronicle.bytes.NativeBytes.writeByte (0x00007f9f0ba41410)
[2024-02-14T16:49:03.008+0100][debug][gc,nmethod     ] GC(2) Unregister NMethod: net.openhft.chronicle.bytes.internal.NativeBytesStore.writeInt (0x00007f9f0bf36c90)
[2024-02-14T16:49:03.008+0100][debug][gc,nmethod     ] GC(2) Unregister NMethod: net.openhft.chronicle.core.io.AbstractReferenceCounted.reserve (0x00007f9f0bc94e10)
[2024-02-14T16:49:03.008+0100][debug][gc,nmethod     ] GC(2) Unregister NMethod: io.sirix.access.trx.node.json.ForwardingJsonNodeReadOnlyTrx.getNode (0x00007f9f0bf20990)
[2024-02-14T16:49:03.008+0100][debug][gc,nmethod     ] GC(2) Unregister NMethod: jdk.internal.misc.Unsafe.putLongUnaligned (0x00007f9f0c039d90)
[2024-02-14T16:49:03.008+0100][debug][gc,nmethod     ] GC(2) Unregister NMethod: net.openhft.chronicle.bytes.NativeBytes.writeLong (0x00007f9f2b3ec710)
[2024-02-14T16:49:03.008+0100][debug][gc,nmethod     ] GC(2) Unregister NMethod: io.sirix.page.KeyValueLeafPage.processEntries (0x00007f9f0bf90110)
[2024-02-14T16:49:03.008+0100][debug][gc,nmethod     ] GC(2) Unregister NMethod: java.io.FilterOutputStream.close (0x00007f9f0bf81910)
[2024-02-14T16:49:03.008+0100][debug][gc,nmethod     ] GC(2) Unregister NMethod: java.util.HashMap.computeIfAbsent (0x00007f9f0c184510)
[2024-02-14T16:49:03.009+0100][debug][gc,nmethod     ] GC(2) Unregister NMethod: java.util.HashMap.getNode (0x00007f9f0bc37510)
[2024-02-14T16:49:03.009+0100][debug][gc,nmethod     ] GC(2) Unregister NMethod: io.sirix.access.trx.node.json.JsonNodeTrxImpl.adaptForInsert (0x00007f9f2b40a690)
[2024-02-14T16:49:03.009+0100][debug][gc,nmethod     ] GC(2) Unregister NMethod: net.openhft.chronicle.bytes.VanillaBytes.<init> (0x00007f9f0bfeeb90)
[2024-02-14T16:49:03.009+0100][debug][gc,nmethod     ] GC(2) Unregister NMethod: java.util.stream.SpinedBuffer.asArray (0x00007f9f0bfeef90)
[2024-02-14T16:49:03.009+0100][debug][gc,nmethod     ] GC(2) Unregister NMethod: java.util.LinkedHashMap$Entry.<init> (0x00007f9f0babe690)
[2024-02-14T16:49:03.009+0100][debug][gc,nmethod     ] GC(2) Unregister NMethod: net.openhft.chronicle.bytes.internal.NativeBytesStore.writeByte (0x00007f9f0bfede90)
[2024-02-14T16:49:03.009+0100][debug][gc,nmethod     ] GC(2) Unregister NMethod: net.openhft.chronicle.bytes.internal.NativeBytesStore.translate (0x00007f9f0bc1c190)
[2024-02-14T16:49:03.009+0100][debug][gc,nmethod     ] GC(2) Unregister NMethod: java.util.Objects.isNull (0x00007f9f0bfbbb90)
[2024-02-14T16:49:03.009+0100][debug][gc,nmethod     ] GC(2) Unregister NMethod: com.google.common.hash.MessageDigestHashFunction$MessageDigestHasher.hash (0x00007f9f0bf82290)
[2024-02-14T16:49:03.009+0100][debug][gc,nmethod     ] GC(2) Unregister NMethod: jdk.internal.misc.Unsafe.putIntUnaligned (0x00007f9f0ba35510)
[2024-02-14T16:49:03.009+0100][debug][gc,nmethod     ] GC(2) Unregister NMethod: sun.security.provider.SHA2.implCompress0 (0x00007f9f0be2c590)
[2024-02-14T16:49:03.009+0100][debug][gc,nmethod     ] GC(2) Unregister NMethod: net.openhft.chronicle.core.UnsafeMemory$$Lambda/0x0000000080303d20.apply (0x00007f9f0c025790)
[2024-02-14T16:49:03.009+0100][debug][gc,nmethod     ] GC(2) Unregister NMethod: io.sirix.service.json.shredder.JsonShredder.processString (0x00007f9f2b436410)
[2024-02-14T16:49:03.009+0100][debug][gc,nmethod     ] GC(2) Unregister NMethod: net.jpountz.lz4.LZ4BlockOutputStream.finish (0x00007f9f0be9f290)
[2024-02-14T16:49:03.009+0100][debug][gc,nmethod     ] GC(2) Unregister NMethod: net.jpountz.lz4.LZ4Compressor.compress (0x00007f9f0c011510)
[2024-02-14T16:49:03.009+0100][debug][gc,nmethod     ] GC(2) Unregister NMethod: org.magicwerk.brownies.collections.GapList.get (0x00007f9f0be8b610)
[2024-02-14T16:49:03.009+0100][debug][gc,nmethod     ] GC(2) Unregister NMethod: net.openhft.chronicle.bytes.internal.NativeBytesStore.writeByte (0x00007f9f0c01c510)
[2024-02-14T16:49:03.009+0100][debug][gc,nmethod     ] GC(2) Unregister NMethod: java.util.stream.SpinedBuffer.copyInto (0x00007f9f0bb6bf90)
[2024-02-14T16:49:03.009+0100][debug][gc,nmethod     ] GC(2) Unregister NMethod: java.nio.HeapByteBuffer.putLong (0x00007f9f0bb8f910)
[2024-02-14T16:49:03.009+0100][debug][gc,nmethod     ] GC(2) Unregister NMethod: java.util.Arrays.rangeCheck (0x00007f9f0bdd6810)
[2024-02-14T16:49:03.009+0100][debug][gc,nmethod     ] GC(2) Unregister NMethod: org.magicwerk.brownies.collections.GapList.add (0x00007f9f0c03a790)
[2024-02-14T16:49:03.009+0100][debug][gc,nmethod     ] GC(2) Unregister NMethod: io.sirix.cache.TransactionIntentLog.put (0x00007f9f0c043990)
[2024-02-14T16:49:03.009+0100][debug][gc,nmethod     ] GC(2) Unregister NMethod: net.openhft.chronicle.bytes.internal.NativeBytesStore.read (0x00007f9f0bf5f690)
[2024-02-14T16:49:03.009+0100][debug][gc,nmethod     ] GC(2) Unregister NMethod: net.openhft.chronicle.core.UnsafeMemory.compareAndSwapInt (0x00007f9f0bebc990)
[2024-02-14T16:49:03.009+0100][debug][gc,nmethod     ] GC(2) Unregister NMethod: net.jpountz.lz4.LZ4Factory.fastestInstance (0x00007f9f0bf40190)
[2024-02-14T16:49:03.009+0100][debug][gc,nmethod     ] GC(2) Unregister NMethod: net.openhft.chronicle.core.UnsafeMemory.copyMemory (0x00007f9f0ba78b10)
[2024-02-14T16:49:03.009+0100][debug][gc,nmethod     ] GC(2) Unregister NMethod: java.util.concurrent.atomic.AtomicLong.compareAndSet (0x00007f9f0bb8f590)
[2024-02-14T16:49:03.009+0100][debug][gc,nmethod     ] GC(2) Unregister NMethod: java.util.stream.AbstractPipeline.evaluateToArrayNode (0x00007f9f0bf21690)
[2024-02-14T16:49:03.009+0100][debug][gc,nmethod     ] GC(2) Unregister NMethod: net.openhft.chronicle.core.util.Ints.requireNonNegative (0x00007f9f0bb57590)
[2024-02-14T16:49:03.009+0100][debug][gc,nmethod     ] GC(2) Unregister NMethod: java.util.concurrent.ConcurrentHashMap$EntrySpliterator.forEachRemaining (0x00007f9f0bf26990)
[2024-02-14T16:49:03.009+0100][debug][gc,nmethod     ] GC(2) Unregister NMethod: io.sirix.service.json.shredder.JsonShredder.insertNumberValue (0x00007f9f0c0e3190)
[2024-02-14T16:49:03.009+0100][debug][gc,nmethod     ] GC(2) Unregister NMethod: io.sirix.access.trx.node.json.JsonNodeTrxImpl.adaptNodesAndHashesForInsertAsChild (0x00007f9f0c0f6290)
[2024-02-14T16:49:03.009+0100][debug][gc,nmethod     ] GC(2) Unregister NMethod: java.util.stream.AbstractPipeline.evaluate (0x00007f9f0be5ee10)
[2024-02-14T16:49:03.009+0100][debug][gc,nmethod     ] GC(2) Unregister NMethod: com.google.gson.stream.JsonReader.nextString (0x00007f9f0c112510)
[2024-02-14T16:49:03.009+0100][debug][gc,nmethod     ] GC(2) Unregister NMethod: io.sirix.page.KeyValueLeafPage.processEntries (0x00007f9f0bc59190)
[2024-02-14T16:49:03.009+0100][debug][gc,nmethod     ] GC(2) Unregister NMethod: java.util.concurrent.ConcurrentHashMap$Traverser.<init> (0x00007f9f0bfab110)
[2024-02-14T16:49:03.009+0100][debug][gc,nmethod     ] GC(2) Unregister NMethod: io.sirix.page.KeyValueLeafPage.clearPage (0x00007f9f0bf68110)
[2024-02-14T16:49:03.009+0100][debug][gc,nmethod     ] GC(2) Unregister NMethod: java.util.ArrayList.iterator (0x00007f9f0bbb2b10)
[2024-02-14T16:49:03.009+0100][debug][gc,nmethod     ] GC(2) Unregister NMethod: net.openhft.chronicle.bytes.NativeBytes.checkResize (0x00007f9f0be6b810)
[2024-02-14T16:49:03.009+0100][debug][gc,nmethod     ] GC(2) Unregister NMethod: java.util.ImmutableCollections.listFromTrustedArrayNullsAllowed (0x00007f9f0bf22690)
[2024-02-14T16:49:03.009+0100][debug][gc,nmethod     ] GC(2) Unregister NMethod: io.sirix.access.trx.node.AbstractNodeHashing.adaptHashesWithAdd (0x00007f9f2b409210)
[2024-02-14T16:49:03.009+0100][debug][gc,nmethod     ] GC(2) Unregister NMethod: java.lang.StringBuilder.length (0x00007f9f0ba9a390)
[2024-02-14T16:49:03.009+0100][debug][gc,nmethod     ] GC(2) Unregister NMethod: io.sirix.access.trx.node.json.JsonNodeTrxImpl.adaptForInsert (0x00007f9f0c0cc590)
[2024-02-14T16:49:03.009+0100][debug][gc,nmethod     ] GC(2) Unregister NMethod: jdk.internal.loader.Resource.getBytes (0x00007f9f0bcdca90)
[2024-02-14T16:49:03.009+0100][debug][gc,nmethod     ] GC(2) Unregister NMethod: net.jpountz.lz4.LZ4Utils.maxCompressedLength (0x00007f9f0bff2190)
[2024-02-14T16:49:03.009+0100][debug][gc,nmethod     ] GC(2) Unregister NMethod: io.sirix.access.trx.node.json.JsonNodeTrxImpl.insertStringValueAsRightSibling (0x00007f9f0c10ac10)
[2024-02-14T16:49:03.009+0100][debug][gc,nmethod     ] GC(2) Unregister NMethod: io.sirix.service.json.shredder.JsonShredder.processNull (0x00007f9f2b5b4490)
[2024-02-14T16:49:03.009+0100][debug][gc,nmethod     ] GC(2) Unregister NMethod: net.jpountz.lz4.LZ4BlockOutputStream.write (0x00007f9f0bff1490)
[2024-02-14T16:49:03.009+0100][debug][gc,nmethod     ] GC(2) Unregister NMethod: net.openhft.chronicle.bytes.internal.HeapBytesStore.<init> (0x00007f9f0be72d10)
[2024-02-14T16:49:03.009+0100][debug][gc,nmethod     ] GC(2) Unregister NMethod: java.nio.ByteBuffer.<init> (0x00007f9f0ba58790)
[2024-02-14T16:49:03.009+0100][debug][gc,nmethod     ] GC(2) Unregister NMethod: java.util.stream.SpinedBuffer.clear (0x00007f9f0bb6da90)
[2024-02-14T16:49:03.009+0100][debug][gc,nmethod     ] GC(2) Unregister NMethod: net.openhft.chronicle.bytes.internal.NativeBytesStore.write0 (0x00007f9f0bf69f10)
[2024-02-14T16:49:03.009+0100][debug][gc,nmethod     ] GC(2) Unregister NMethod: java.io.ByteArrayOutputStream.write (0x00007f9f0be68490)
[2024-02-14T16:49:03.009+0100][debug][gc,nmethod     ] GC(2) Unregister NMethod: java.lang.Math.min (0x00007f9f0bb37610)
[2024-02-14T16:49:03.009+0100][debug][gc,nmethod     ] GC(2) Unregister NMethod: io.sirix.node.xml.AbstractStructForwardingNode.<init> (0x00007f9f0be9e790)
[2024-02-14T16:49:03.009+0100][debug][gc,nmethod     ] GC(2) Unregister NMethod: java.util.ArrayDeque.addLast (0x00007f9f0bae9c90)
[2024-02-14T16:49:03.009+0100][debug][gc,nmethod     ] GC(2) Unregister NMethod: jdk.internal.misc.Unsafe.getIntUnaligned (0x00007f9f2b509b10)
[2024-02-14T16:49:03.009+0100][debug][gc,nmethod     ] GC(2) Unregister NMethod: java.util.concurrent.atomic.AtomicLong.addAndGet (0x00007f9f0bea8290)
[2024-02-14T16:49:03.009+0100][debug][gc,nmethod     ] GC(2) Unregister NMethod: sun.security.provider.SHA2.implCompress (0x00007f9f0bfd0610)
[2024-02-14T16:49:03.009+0100][debug][gc,nmethod     ] GC(2) Unregister NMethod: io.sirix.node.NodeKind.serializeJsonObjectOrArrayStructDelegate (0x00007f9f2b53c990)
[2024-02-14T16:49:03.009+0100][debug][gc,nmethod     ] GC(2) Unregister NMethod: io.sirix.access.trx.page.NodePageReadOnlyTrx.getPageReference (0x00007f9f0c04dd10)
[2024-02-14T16:49:03.009+0100][debug][gc,nmethod     ] GC(2) Unregister NMethod: net.openhft.chronicle.bytes.NativeBytes.writeByte (0x00007f9f2b3ede10)
[2024-02-14T16:49:03.009+0100][debug][gc,nmethod     ] GC(2) Unregister NMethod: io.sirix.access.trx.node.json.JsonNodeTrxImpl.insertNumberValueAsRightSibling (0x00007f9f2b479e90)
[2024-02-14T16:49:03.009+0100][debug][gc,nmethod     ] GC(2) Unregister NMethod: it.unimi.dsi.fastutil.longs.AbstractLongList.peekLong (0x00007f9f0bea9b90)
[2024-02-14T16:49:03.009+0100][debug][gc,nmethod     ] GC(2) Unregister NMethod: net.openhft.chronicle.bytes.Bytes.elasticHeapByteBuffer (0x00007f9f0beda390)
[2024-02-14T16:49:03.009+0100][debug][gc,nmethod     ] GC(2) Unregister NMethod: net.openhft.chronicle.core.UnsafeMemory.compareAndSwapInt (0x00007f9f0c042e90)
[2024-02-14T16:49:03.009+0100][debug][gc,nmethod     ] GC(2) Unregister NMethod: io.sirix.node.NodeSerializerImpl.serialize (0x00007f9f0bc65890)
[2024-02-14T16:49:03.009+0100][debug][gc,nmethod     ] GC(2) Unregister NMethod: java.util.stream.Nodes$SpinedNodeBuilder.copyInto (0x00007f9f0bff0d10)
[2024-02-14T16:49:03.009+0100][debug][gc,nmethod     ] GC(2) Unregister NMethod: net.openhft.chronicle.core.util.Longs.requireNonNegative (0x00007f9f0be1fb10)
[2024-02-14T16:49:03.009+0100][debug][gc,nmethod     ] GC(2) Unregister NMethod: net.openhft.chronicle.bytes.internal.HeapBytesStore.readInt (0x00007f9f0bfbc390)
[2024-02-14T16:49:03.009+0100][debug][gc,nmethod     ] GC(2) Unregister NMethod: net.jpountz.lz4.LZ4JNICompressor.compress (0x00007f9f0be5fc10)
[2024-02-14T16:49:03.009+0100][debug][gc,nmethod     ] GC(2) Unregister NMethod: io.sirix.index.path.summary.PathSummaryWriter.getPathNodeKey (0x00007f9f0c104710)
[2024-02-14T16:49:03.009+0100][debug][gc,nmethod     ] GC(2) Unregister NMethod: java.util.BitSet.set (0x00007f9f0c054f90)
[2024-02-14T16:49:03.009+0100][debug][gc,nmethod     ] GC(2) Unregister NMethod: io.sirix.service.json.shredder.JsonShredder.insertNullValue (0x00007f9f2b43e210)
[2024-02-14T16:49:03.009+0100][debug][gc,nmethod     ] GC(2) Unregister NMethod: net.openhft.chronicle.core.io.AbstractReferenceCounted.<init> (0x00007f9f0c026990)
[2024-02-14T16:49:03.009+0100][debug][gc,nmethod     ] GC(2) Unregister NMethod: net.openhft.chronicle.bytes.RandomCommon.readRemaining (0x00007f9f0bf35310)
[2024-02-14T16:49:03.009+0100][debug][gc,nmethod     ] GC(2) Unregister NMethod: io.sirix.access.trx.node.json.JsonNodeTrxImpl.insertNullValueAsRightSibling (0x00007f9f2b5baf90)
[2024-02-14T16:49:03.009+0100][debug][gc,nmethod     ] GC(2) Unregister NMethod: io.sirix.service.json.shredder.JsonShredder.processNull (0x00007f9f2b444310)
[2024-02-14T16:49:03.009+0100][debug][gc,nmethod     ] GC(2) Unregister NMethod: java.lang.AbstractStringBuilder.isLatin1 (0x00007f9f0ba6d990)
[2024-02-14T16:49:03.009+0100][debug][gc,nmethod     ] GC(2) Unregister NMethod: io.sirix.node.NodeKind.serializeJsonObjectOrArrayStructDelegate (0x00007f9f0becda90)
[2024-02-14T16:49:03.009+0100][debug][gc,nmethod     ] GC(2) Unregister NMethod: java.nio.DirectByteBuffer$Deallocator.<init> (0x00007f9f0ba75490)
[2024-02-14T16:49:03.009+0100][debug][gc,nmethod     ] GC(2) Unregister NMethod: io.sirix.io.bytepipe.LZ4Compressor.serialize (0x00007f9f0c014110)
[2024-02-14T16:49:03.009+0100][debug][gc,nmethod     ] GC(2) Unregister NMethod: java.util.Arrays.sort (0x00007f9f0ba74c10)
[2024-02-14T16:49:03.009+0100][debug][gc,nmethod     ] GC(2) Unregister NMethod: io.sirix.access.trx.node.json.ForwardingJsonNodeReadOnlyTrx.getNodeKey (0x00007f9f0bed5790)
[2024-02-14T16:49:03.009+0100][debug][gc,nmethod     ] GC(2) Unregister NMethod: java.nio.ByteBuffer.order (0x00007f9f0bff0590)
[2024-02-14T16:49:03.009+0100][debug][gc,nmethod     ] GC(2) Unregister NMethod: io.sirix.access.trx.node.json.JsonNodeTrxImpl.insertArrayAsRightSibling (0x00007f9f0c0f7e10)
[2024-02-14T16:49:03.009+0100][debug][gc,nmethod     ] GC(2) Unregister NMethod: net.openhft.chronicle.core.io.ReferenceChangeListenerManager.callReferenceChangeListeners (0x00007f9f0beaf310)
[2024-02-14T16:49:03.009+0100][debug][gc,nmethod     ] GC(2) Unregister NMethod: net.openhft.chronicle.bytes.AbstractBytes.readLimit (0x00007f9f0be1f090)
[2024-02-14T16:49:03.009+0100][debug][gc,nmethod     ] GC(2) Unregister NMethod: io.sirix.access.trx.node.json.JsonNodeTrxImpl.insertStringValueAsRightSibling (0x00007f9f0c0da010)
[2024-02-14T16:49:03.009+0100][debug][gc,nmethod     ] GC(2) Unregister NMethod: java.util.stream.Nodes.builder (0x00007f9f0bf24390)
[2024-02-14T16:49:03.009+0100][debug][gc,nmethod     ] GC(2) Unregister NMethod: net.openhft.chronicle.bytes.internal.HeapBytesStore.write (0x00007f9f0be75910)
[2024-02-14T16:49:03.009+0100][debug][gc,nmethod     ] GC(2) Unregister NMethod: io.sirix.page.PageReference.setLogKey (0x00007f9f0c03a410)
[2024-02-14T16:49:03.009+0100][debug][gc,nmethod     ] GC(2) Unregister NMethod: net.openhft.chronicle.bytes.AbstractBytes.readInt (0x00007f9f0bfbd410)
[2024-02-14T16:49:03.009+0100][debug][gc,nmethod     ] GC(2) Unregister NMethod: net.openhft.chronicle.core.io.VanillaReferenceCounted.valueCompareAndSet (0x00007f9f0bebc190)
[2024-02-14T16:49:03.009+0100][debug][gc,nmethod     ] GC(2) Unregister NMethod: net.openhft.chronicle.bytes.RandomCommon.writePosition (0x00007f9f0be7c690)
[2024-02-14T16:49:03.009+0100][debug][gc,nmethod     ] GC(2) Unregister NMethod: io.sirix.access.trx.page.NodePageTrx.prepareRecordForModification (0x00007f9f0c0c5910)
[2024-02-14T16:49:03.010+0100][debug][gc,nmethod     ] GC(2) Unregister NMethod: io.sirix.page.delegates.BitmapReferencesPage.createNewReference (0x00007f9f0c05cc90)
[2024-02-14T16:49:03.010+0100][debug][gc,nmethod     ] GC(2) Unregister NMethod: io.sirix.access.trx.page.NodePageTrx.getRevisionNumber (0x00007f9f0c013b90)
[2024-02-14T16:49:03.010+0100][debug][gc,nmethod     ] GC(2) Unregister NMethod: net.openhft.chronicle.core.io.ReferenceChangeListenerManager.callReferenceChangeListeners (0x00007f9f0bfa4b10)
[2024-02-14T16:49:03.010+0100][debug][gc,nmethod     ] GC(2) Unregister NMethod: sun.security.provider.DigestBase.engineUpdate (0x00007f9f0bfb8990)
[2024-02-14T16:49:03.010+0100][debug][gc,nmethod     ] GC(2) Unregister NMethod: java.util.stream.SortedOps$OfRef.<init> (0x00007f9f0bee8290)
[2024-02-14T16:49:03.010+0100][debug][gc,nmethod     ] GC(2) Unregister NMethod: net.openhft.chronicle.bytes.NativeBytes.readRemaining (0x00007f9f0bb28890)
[2024-02-14T16:49:03.010+0100][debug][gc,nmethod     ] GC(2) Unregister NMethod: io.sirix.node.json.NumberNode.getKind (0x00007f9f0bb20210)
[2024-02-14T16:49:03.010+0100][debug][gc,nmethod     ] GC(2) Unregister NMethod: net.openhft.chronicle.core.io.VanillaReferenceCounted.release (0x00007f9f0bcd3490)
[2024-02-14T16:49:03.010+0100][debug][gc,nmethod     ] GC(2) Unregister NMethod: io.sirix.node.json.ArrayNode.getKind (0x00007f9f0bc5df10)
[2024-02-14T16:49:03.010+0100][debug][gc,nmethod     ] GC(2) Unregister NMethod: java.util.stream.ReferencePipeline$2$1.accept (0x00007f9f0ba4d910)
[2024-02-14T16:49:03.010+0100][debug][gc,nmethod     ] GC(2) Unregister NMethod: jdk.internal.util.Preconditions.checkFromIndexSize (0x00007f9f0ba83e90)
[2024-02-14T16:49:03.010+0100][debug][gc,nmethod     ] GC(2) Unregister NMethod: io.sirix.page.KeyValueLeafPage.getSlot (0x00007f9f0c09d190)
[2024-02-14T16:49:03.010+0100][debug][gc,nmethod     ] GC(2) Unregister NMethod: net.openhft.chronicle.bytes.BytesStore.realCapacity (0x00007f9f0bb56c10)
[2024-02-14T16:49:03.010+0100][debug][gc,phases      ] GC(2) Concurrent Classes Purge 5,566ms
[2024-02-14T16:49:03.010+0100][debug][gc,phases,start] GC(2) Concurrent References Enqueue
[2024-02-14T16:49:03.010+0100][debug][gc,phases      ] GC(2) Concurrent References Enqueue 0,011ms
[2024-02-14T16:49:03.010+0100][info ][gc,phases      ] GC(2) Concurrent Process Non-Strong References 9,346ms
[2024-02-14T16:49:03.010+0100][debug][gc,phases,start] GC(2) Concurrent Reset Relocation Set
[2024-02-14T16:49:03.010+0100][info ][gc,phases      ] GC(2) Concurrent Reset Relocation Set 0,042ms
[2024-02-14T16:49:03.010+0100][debug][gc,phases,start] GC(2) Concurrent Select Relocation Set
[2024-02-14T16:49:03.020+0100][debug][gc,task        ] GC(2) Executing Task: XRelocationSetInstallTask, Active Workers: 5
[2024-02-14T16:49:03.020+0100][info ][gc,phases      ] GC(2) Concurrent Select Relocation Set 10,108ms
[2024-02-14T16:49:03.020+0100][debug][gc,phases,start] GC(2) Pause Relocate Start
[2024-02-14T16:49:03.020+0100][info ][gc,phases      ] GC(2) Pause Relocate Start 0,045ms
[2024-02-14T16:49:03.020+0100][debug][gc,phases,start] GC(2) Concurrent Relocate
[2024-02-14T16:49:03.020+0100][debug][gc,task        ] GC(2) Executing Task: XRelocateTask, Active Workers: 5
[2024-02-14T16:49:03.023+0100][info ][gc,phases      ] GC(2) Concurrent Relocate 2,520ms
[2024-02-14T16:49:03.023+0100][debug][gc,heap        ] GC(2) Heap after GC invocations=3 (full 3):
[2024-02-14T16:49:03.023+0100][debug][gc,heap        ] GC(2)  ZHeap           used 634M, capacity 5120M, max capacity 15360M
[2024-02-14T16:49:03.023+0100][debug][gc,heap        ] GC(2)  Metaspace       used 30721K, committed 31040K, reserved 1114112K
[2024-02-14T16:49:03.023+0100][debug][gc,heap        ] GC(2)   class space    used 3305K, committed 3456K, reserved 1048576K
[2024-02-14T16:49:03.023+0100][info ][gc,load        ] GC(2) Load: 1,74/1,24/1,55
[2024-02-14T16:49:03.023+0100][info ][gc,mmu         ] GC(2) MMU: 2ms/92,8%, 5ms/97,1%, 10ms/98,6%, 20ms/99,1%, 50ms/99,6%, 100ms/99,8%
[2024-02-14T16:49:03.023+0100][info ][gc,marking     ] GC(2) Mark: 4 stripe(s), 2 proactive flush(es), 1 terminate flush(es), 0 completion(s), 0 continuation(s) 
[2024-02-14T16:49:03.023+0100][info ][gc,marking     ] GC(2) Mark Stack Usage: 32M
[2024-02-14T16:49:03.023+0100][info ][gc,nmethod     ] GC(2) NMethods: 3272 registered, 834 unregistered
[2024-02-14T16:49:03.023+0100][info ][gc,metaspace   ] GC(2) Metaspace: 30M used, 30M committed, 1088M reserved
[2024-02-14T16:49:03.023+0100][info ][gc,ref         ] GC(2) Soft: 3825 encountered, 0 discovered, 0 enqueued
[2024-02-14T16:49:03.023+0100][info ][gc,ref         ] GC(2) Weak: 1932 encountered, 228 discovered, 37 enqueued
[2024-02-14T16:49:03.023+0100][info ][gc,ref         ] GC(2) Final: 4201 encountered, 4201 discovered, 4201 enqueued
[2024-02-14T16:49:03.023+0100][info ][gc,ref         ] GC(2) Phantom: 4604 encountered, 4559 discovered, 4225 enqueued
[2024-02-14T16:49:03.023+0100][info ][gc,reloc       ] GC(2) Small Pages: 1578 / 3156M, Empty: 1502M, Relocated: 3M, In-Place: 0
[2024-02-14T16:49:03.023+0100][info ][gc,reloc       ] GC(2) Medium Pages: 1 / 32M, Empty: 0M, Relocated: 0M, In-Place: 0
[2024-02-14T16:49:03.023+0100][info ][gc,reloc       ] GC(2) Large Pages: 0 / 0M, Empty: 0M, Relocated: 0M, In-Place: 0
[2024-02-14T16:49:03.023+0100][info ][gc,reloc       ] GC(2) Forwarding Usage: 1M
[2024-02-14T16:49:03.023+0100][info ][gc,heap        ] GC(2) Min Capacity: 5120M(33%)
[2024-02-14T16:49:03.023+0100][info ][gc,heap        ] GC(2) Max Capacity: 15360M(100%)
[2024-02-14T16:49:03.023+0100][info ][gc,heap        ] GC(2) Soft Max Capacity: 15360M(100%)
[2024-02-14T16:49:03.023+0100][info ][gc,heap        ] GC(2)                Mark Start          Mark End        Relocate Start      Relocate End           High               Low         
[2024-02-14T16:49:03.023+0100][info ][gc,heap        ] GC(2)  Capacity:     5120M (33%)        5120M (33%)        5120M (33%)        5120M (33%)        5120M (33%)        5120M (33%)    
[2024-02-14T16:49:03.023+0100][info ][gc,heap        ] GC(2)      Free:    12172M (79%)       12084M (79%)       13558M (88%)       14726M (96%)       14726M (96%)       12072M (79%)    
[2024-02-14T16:49:03.023+0100][info ][gc,heap        ] GC(2)      Used:     3188M (21%)        3276M (21%)        1802M (12%)         634M (4%)         3288M (21%)         634M (4%)     
[2024-02-14T16:49:03.023+0100][info ][gc,heap        ] GC(2)      Live:         -               368M (2%)          368M (2%)          368M (2%)             -                  -          
[2024-02-14T16:49:03.023+0100][info ][gc,heap        ] GC(2) Allocated:         -                88M (1%)          116M (1%)          119M (1%)             -                  -          
[2024-02-14T16:49:03.023+0100][info ][gc,heap        ] GC(2)   Garbage:         -              2819M (18%)        1317M (9%)          145M (1%)             -                  -          
[2024-02-14T16:49:03.023+0100][info ][gc,heap        ] GC(2) Reclaimed:         -                  -              1502M (10%)        2673M (17%)            -                  -          
[2024-02-14T16:49:03.023+0100][info ][gc             ] GC(2) Garbage Collection (Warmup) 3188M(21%)->634M(4%)
[2024-02-14T16:49:03.108+0100][debug][gc,alloc       ] Allocation Rate: 1526,0MB/s, Predicted: 1715,7MB/s, Avg: 1297,6(+/-234,2)MB/s
[2024-02-14T16:49:03.108+0100][debug][gc,director    ] Rule: Warmup 30%, Used: 752MB, UsedThreshold: 4608MB
[2024-02-14T16:49:03.108+0100][debug][gc,director    ] Select GC Workers (Not Warm), GCWorkers: 5,000
[2024-02-14T16:49:03.108+0100][debug][gc,director    ] Rule: Allocation Rate (Dynamic GC Workers), MaxAllocRate: 2486,2MB/s (+/-18,0%), Free: 14566MB, GCCPUTime: 1,519, GCDuration: 0,327s, TimeUntilOOM: 4,963s, TimeUntilGC: 4,536s, GCWorkers: 5 -> 5
[2024-02-14T16:49:03.108+0100][debug][gc,director    ] Rule: High Usage, Free: 14566MB(94,8%)
[2024-02-14T16:49:03.207+0100][debug][gc,alloc       ] Allocation Rate: 1996,0MB/s, Predicted: 1893,9MB/s, Avg: 1405,4(+/-278,5)MB/s
[2024-02-14T16:49:03.207+0100][debug][gc,director    ] Rule: Warmup 30%, Used: 1350MB, UsedThreshold: 4608MB
[2024-02-14T16:49:03.207+0100][debug][gc,director    ] Select GC Workers (Not Warm), GCWorkers: 5,000
[2024-02-14T16:49:03.207+0100][debug][gc,director    ] Rule: Allocation Rate (Dynamic GC Workers), MaxAllocRate: 2810,4MB/s (+/-19,8%), Free: 13968MB, GCCPUTime: 1,519, GCDuration: 0,327s, TimeUntilOOM: 4,148s, TimeUntilGC: 3,721s, GCWorkers: 5 -> 5
[2024-02-14T16:49:03.207+0100][debug][gc,director    ] Rule: High Usage, Free: 13968MB(90,9%)
[2024-02-14T16:49:03.308+0100][debug][gc,alloc       ] Allocation Rate: 1930,0MB/s, Predicted: 1986,0MB/s, Avg: 1502,0(+/-276,2)MB/s
[2024-02-14T16:49:03.308+0100][debug][gc,director    ] Rule: Warmup 30%, Used: 1420MB, UsedThreshold: 4608MB
[2024-02-14T16:49:03.308+0100][debug][gc,director    ] Select GC Workers (Not Warm), GCWorkers: 5,000
[2024-02-14T16:49:03.308+0100][debug][gc,director    ] Rule: Allocation Rate (Dynamic GC Workers), MaxAllocRate: 2894,8MB/s (+/-18,4%), Free: 13898MB, GCCPUTime: 1,519, GCDuration: 0,327s, TimeUntilOOM: 4,055s, TimeUntilGC: 3,628s, GCWorkers: 5 -> 5
[2024-02-14T16:49:03.308+0100][debug][gc,director    ] Rule: High Usage, Free: 13898MB(90,5%)
[2024-02-14T16:49:03.408+0100][debug][gc,alloc       ] Allocation Rate: 1934,0MB/s, Predicted: 2022,3MB/s, Avg: 1596,4(+/-244,6)MB/s
[2024-02-14T16:49:03.408+0100][debug][gc,director    ] Rule: Warmup 30%, Used: 1550MB, UsedThreshold: 4608MB
[2024-02-14T16:49:03.408+0100][debug][gc,director    ] Select GC Workers (Not Warm), GCWorkers: 5,000
[2024-02-14T16:49:03.408+0100][debug][gc,director    ] Rule: Allocation Rate (Dynamic GC Workers), MaxAllocRate: 2827,1MB/s (+/-15,3%), Free: 13768MB, GCCPUTime: 1,519, GCDuration: 0,327s, TimeUntilOOM: 4,223s, TimeUntilGC: 3,796s, GCWorkers: 5 -> 5
[2024-02-14T16:49:03.408+0100][debug][gc,director    ] Rule: High Usage, Free: 13768MB(89,6%)
[2024-02-14T16:49:03.507+0100][debug][gc,alloc       ] Allocation Rate: 1652,0MB/s, Predicted: 1968,1MB/s, Avg: 1630,6(+/-225,3)MB/s
[2024-02-14T16:49:03.507+0100][debug][gc,director    ] Rule: Warmup 30%, Used: 1686MB, UsedThreshold: 4608MB
[2024-02-14T16:49:03.507+0100][debug][gc,director    ] Select GC Workers (Not Warm), GCWorkers: 5,000
[2024-02-14T16:49:03.507+0100][debug][gc,director    ] Rule: Allocation Rate (Dynamic GC Workers), MaxAllocRate: 2709,5MB/s (+/-13,8%), Free: 13630MB, GCCPUTime: 1,519, GCDuration: 0,327s, TimeUntilOOM: 4,420s, TimeUntilGC: 3,993s, GCWorkers: 5 -> 5
[2024-02-14T16:49:03.507+0100][debug][gc,director    ] Rule: High Usage, Free: 13630MB(88,7%)
[2024-02-14T16:49:03.607+0100][debug][gc,alloc       ] Allocation Rate: 1726,0MB/s, Predicted: 1925,6MB/s, Avg: 1670,4(+/-202,3)MB/s
[2024-02-14T16:49:03.607+0100][debug][gc,director    ] Rule: Warmup 30%, Used: 1826MB, UsedThreshold: 4608MB
[2024-02-14T16:49:03.607+0100][debug][gc,director    ] Select GC Workers (Not Warm), GCWorkers: 5,000
[2024-02-14T16:49:03.607+0100][debug][gc,director    ] Rule: Allocation Rate (Dynamic GC Workers), MaxAllocRate: 2591,3MB/s (+/-12,1%), Free: 13492MB, GCCPUTime: 1,519, GCDuration: 0,327s, TimeUntilOOM: 4,644s, TimeUntilGC: 4,217s, GCWorkers: 5 -> 5
[2024-02-14T16:49:03.607+0100][debug][gc,director    ] Rule: High Usage, Free: 13492MB(87,8%)
[2024-02-14T16:49:03.708+0100][debug][gc,alloc       ] Allocation Rate: 1724,0MB/s, Predicted: 1883,5MB/s, Avg: 1699,6(+/-186,2)MB/s
[2024-02-14T16:49:03.708+0100][debug][gc,director    ] Rule: Warmup 30%, Used: 1964MB, UsedThreshold: 4608MB
[2024-02-14T16:49:03.708+0100][debug][gc,director    ] Select GC Workers (Not Warm), GCWorkers: 5,000
[2024-02-14T16:49:03.708+0100][debug][gc,director    ] Rule: Allocation Rate (Dynamic GC Workers), MaxAllocRate: 2496,2MB/s (+/-11,0%), Free: 13354MB, GCCPUTime: 1,519, GCDuration: 0,327s, TimeUntilOOM: 4,821s, TimeUntilGC: 4,395s, GCWorkers: 5 -> 5
[2024-02-14T16:49:03.708+0100][debug][gc,director    ] Rule: High Usage, Free: 13354MB(86,9%)
[2024-02-14T16:49:03.809+0100][debug][gc,alloc       ] Allocation Rate: 2002,0MB/s, Predicted: 1945,9MB/s, Avg: 1751,8(+/-190,5)MB/s
[2024-02-14T16:49:03.809+0100][debug][gc,director    ] Rule: Warmup 30%, Used: 2378MB, UsedThreshold: 4608MB
[2024-02-14T16:49:03.809+0100][debug][gc,director    ] Select GC Workers (Not Warm), GCWorkers: 5,000
[2024-02-14T16:49:03.809+0100][debug][gc,director    ] Rule: Allocation Rate (Dynamic GC Workers), MaxAllocRate: 2572,6MB/s (+/-10,9%), Free: 12940MB, GCCPUTime: 1,519, GCDuration: 0,327s, TimeUntilOOM: 4,537s, TimeUntilGC: 4,110s, GCWorkers: 5 -> 5
[2024-02-14T16:49:03.809+0100][debug][gc,director    ] Rule: High Usage, Free: 12940MB(84,2%)
[2024-02-14T16:49:03.908+0100][debug][gc,alloc       ] Allocation Rate: 2162,0MB/s, Predicted: 2048,1MB/s, Avg: 1816,0(+/-208,8)MB/s
[2024-02-14T16:49:03.908+0100][debug][gc,director    ] Rule: Warmup 30%, Used: 2676MB, UsedThreshold: 4608MB
[2024-02-14T16:49:03.908+0100][debug][gc,director    ] Select GC Workers (Not Warm), GCWorkers: 5,000
[2024-02-14T16:49:03.908+0100][debug][gc,director    ] Rule: Allocation Rate (Dynamic GC Workers), MaxAllocRate: 2735,3MB/s (+/-11,5%), Free: 12642MB, GCCPUTime: 1,519, GCDuration: 0,327s, TimeUntilOOM: 4,145s, TimeUntilGC: 3,718s, GCWorkers: 5 -> 5
[2024-02-14T16:49:03.908+0100][debug][gc,director    ] Rule: High Usage, Free: 12642MB(82,3%)
[2024-02-14T16:49:04.007+0100][debug][gc,alloc       ] Allocation Rate: 2204,0MB/s, Predicted: 2121,2MB/s, Avg: 1885,6(+/-210,5)MB/s
[2024-02-14T16:49:04.007+0100][debug][gc,director    ] Rule: Warmup 30%, Used: 2816MB, UsedThreshold: 4608MB
[2024-02-14T16:49:04.007+0100][debug][gc,director    ] Select GC Workers (Not Warm), GCWorkers: 5,000
[2024-02-14T16:49:04.007+0100][debug][gc,director    ] Rule: Allocation Rate (Dynamic GC Workers), MaxAllocRate: 2814,0MB/s (+/-11,2%), Free: 12502MB, GCCPUTime: 1,519, GCDuration: 0,327s, TimeUntilOOM: 3,997s, TimeUntilGC: 3,570s, GCWorkers: 5 -> 5
[2024-02-14T16:49:04.007+0100][debug][gc,director    ] Rule: High Usage, Free: 12502MB(81,4%)
[2024-02-14T16:49:04.108+0100][debug][gc,alloc       ] Allocation Rate: 2208,0MB/s, Predicted: 2154,3MB/s, Avg: 1953,8(+/-192,7)MB/s
[2024-02-14T16:49:04.108+0100][debug][gc,director    ] Rule: Warmup 30%, Used: 2960MB, UsedThreshold: 4608MB
[2024-02-14T16:49:04.108+0100][debug][gc,director    ] Select GC Workers (Not Warm), GCWorkers: 5,000
[2024-02-14T16:49:04.108+0100][debug][gc,director    ] Rule: Allocation Rate (Dynamic GC Workers), MaxAllocRate: 2788,4MB/s (+/-9,9%), Free: 12358MB, GCCPUTime: 1,519, GCDuration: 0,327s, TimeUntilOOM: 4,034s, TimeUntilGC: 3,607s, GCWorkers: 5 -> 5
[2024-02-14T16:49:04.108+0100][debug][gc,director    ] Rule: High Usage, Free: 12358MB(80,5%)
[2024-02-14T16:49:04.207+0100][debug][gc,alloc       ] Allocation Rate: 1752,0MB/s, Predicted: 2084,8MB/s, Avg: 1929,4(+/-201,1)MB/s
[2024-02-14T16:49:04.207+0100][debug][gc,director    ] Rule: Warmup 30%, Used: 3102MB, UsedThreshold: 4608MB
[2024-02-14T16:49:04.207+0100][debug][gc,director    ] Select GC Workers (Not Warm), GCWorkers: 5,000
[2024-02-14T16:49:04.207+0100][debug][gc,director    ] Rule: Allocation Rate (Dynamic GC Workers), MaxAllocRate: 2746,5MB/s (+/-10,4%), Free: 12216MB, GCCPUTime: 1,519, GCDuration: 0,327s, TimeUntilOOM: 4,028s, TimeUntilGC: 3,601s, GCWorkers: 5 -> 5
[2024-02-14T16:49:04.207+0100][debug][gc,director    ] Rule: High Usage, Free: 12216MB(79,5%)
[2024-02-14T16:49:04.308+0100][debug][gc,alloc       ] Allocation Rate: 1826,0MB/s, Predicted: 2043,6MB/s, Avg: 1919,0(+/-203,5)MB/s
[2024-02-14T16:49:04.308+0100][debug][gc,director    ] Rule: Warmup 30%, Used: 3246MB, UsedThreshold: 4608MB
[2024-02-14T16:49:04.308+0100][debug][gc,director    ] Select GC Workers (Not Warm), GCWorkers: 5,000
[2024-02-14T16:49:04.308+0100][debug][gc,director    ] Rule: Allocation Rate (Dynamic GC Workers), MaxAllocRate: 2713,1MB/s (+/-10,6%), Free: 12072MB, GCCPUTime: 1,519, GCDuration: 0,327s, TimeUntilOOM: 4,023s, TimeUntilGC: 3,596s, GCWorkers: 5 -> 5
[2024-02-14T16:49:04.308+0100][debug][gc,director    ] Rule: High Usage, Free: 12072MB(78,6%)
[2024-02-14T16:49:04.407+0100][debug][gc,alloc       ] Allocation Rate: 1938,0MB/s, Predicted: 2055,2MB/s, Avg: 1919,4(+/-203,5)MB/s
[2024-02-14T16:49:04.407+0100][debug][gc,director    ] Rule: Warmup 30%, Used: 3474MB, UsedThreshold: 4608MB
[2024-02-14T16:49:04.407+0100][debug][gc,director    ] Select GC Workers (Not Warm), GCWorkers: 5,000
[2024-02-14T16:49:04.407+0100][debug][gc,director    ] Rule: Allocation Rate (Dynamic GC Workers), MaxAllocRate: 2724,8MB/s (+/-10,6%), Free: 11844MB, GCCPUTime: 1,519, GCDuration: 0,327s, TimeUntilOOM: 3,930s, TimeUntilGC: 3,503s, GCWorkers: 5 -> 5
[2024-02-14T16:49:04.407+0100][debug][gc,director    ] Rule: High Usage, Free: 11844MB(77,1%)
[2024-02-14T16:49:04.508+0100][debug][gc,alloc       ] Allocation Rate: 2252,0MB/s, Predicted: 2116,9MB/s, Avg: 1979,4(+/-204,3)MB/s
[2024-02-14T16:49:04.508+0100][debug][gc,director    ] Rule: Warmup 30%, Used: 3922MB, UsedThreshold: 4608MB
[2024-02-14T16:49:04.508+0100][debug][gc,director    ] Select GC Workers (Not Warm), GCWorkers: 5,000
[2024-02-14T16:49:04.508+0100][debug][gc,director    ] Rule: Allocation Rate (Dynamic GC Workers), MaxAllocRate: 2789,1MB/s (+/-10,3%), Free: 11396MB, GCCPUTime: 1,519, GCDuration: 0,327s, TimeUntilOOM: 3,704s, TimeUntilGC: 3,277s, GCWorkers: 5 -> 5
[2024-02-14T16:49:04.508+0100][debug][gc,director    ] Rule: High Usage, Free: 11396MB(74,2%)
[2024-02-14T16:49:04.608+0100][debug][gc,alloc       ] Allocation Rate: 2218,0MB/s, Predicted: 2144,8MB/s, Avg: 2028,6(+/-196,4)MB/s
[2024-02-14T16:49:04.608+0100][debug][gc,director    ] Rule: Warmup 30%, Used: 4028MB, UsedThreshold: 4608MB
[2024-02-14T16:49:04.608+0100][debug][gc,director    ] Select GC Workers (Not Warm), GCWorkers: 5,000
[2024-02-14T16:49:04.608+0100][debug][gc,director    ] Rule: Allocation Rate (Dynamic GC Workers), MaxAllocRate: 2791,1MB/s (+/-9,7%), Free: 11290MB, GCCPUTime: 1,519, GCDuration: 0,327s, TimeUntilOOM: 3,688s, TimeUntilGC: 3,261s, GCWorkers: 5 -> 5
[2024-02-14T16:49:04.608+0100][debug][gc,director    ] Rule: High Usage, Free: 11290MB(73,5%)
[2024-02-14T16:49:04.707+0100][debug][gc,alloc       ] Allocation Rate: 2220,0MB/s, Predicted: 2140,1MB/s, Avg: 2078,2(+/-174,7)MB/s
[2024-02-14T16:49:04.707+0100][debug][gc,director    ] Rule: Warmup 30%, Used: 4168MB, UsedThreshold: 4608MB
[2024-02-14T16:49:04.707+0100][debug][gc,director    ] Select GC Workers (Not Warm), GCWorkers: 5,000
[2024-02-14T16:49:04.707+0100][debug][gc,director    ] Rule: Allocation Rate (Dynamic GC Workers), MaxAllocRate: 2714,8MB/s (+/-8,4%), Free: 11150MB, GCCPUTime: 1,519, GCDuration: 0,327s, TimeUntilOOM: 3,789s, TimeUntilGC: 3,362s, GCWorkers: 5 -> 5
[2024-02-14T16:49:04.707+0100][debug][gc,director    ] Rule: High Usage, Free: 11150MB(72,6%)
[2024-02-14T16:49:04.807+0100][debug][gc,alloc       ] Allocation Rate: 1948,0MB/s, Predicted: 2067,7MB/s, Avg: 2072,8(+/-177,7)MB/s
[2024-02-14T16:49:04.808+0100][debug][gc,director    ] Rule: Warmup 30%, Used: 4310MB, UsedThreshold: 4608MB
[2024-02-14T16:49:04.808+0100][debug][gc,director    ] Select GC Workers (Not Warm), GCWorkers: 5,000
[2024-02-14T16:49:04.808+0100][debug][gc,director    ] Rule: Allocation Rate (Dynamic GC Workers), MaxAllocRate: 2657,6MB/s (+/-8,6%), Free: 11008MB, GCCPUTime: 1,519, GCDuration: 0,327s, TimeUntilOOM: 3,815s, TimeUntilGC: 3,388s, GCWorkers: 5 -> 5
[2024-02-14T16:49:04.808+0100][debug][gc,director    ] Rule: High Usage, Free: 11008MB(71,7%)
[2024-02-14T16:49:04.908+0100][debug][gc,alloc       ] Allocation Rate: 1794,0MB/s, Predicted: 1980,0MB/s, Avg: 2036,0(+/-192,9)MB/s
[2024-02-14T16:49:04.908+0100][debug][gc,director    ] Rule: Warmup 30%, Used: 4454MB, UsedThreshold: 4608MB
[2024-02-14T16:49:04.908+0100][debug][gc,director    ] Select GC Workers (Not Warm), GCWorkers: 5,000
[2024-02-14T16:49:04.908+0100][debug][gc,director    ] Rule: Allocation Rate (Dynamic GC Workers), MaxAllocRate: 2670,7MB/s (+/-9,5%), Free: 10864MB, GCCPUTime: 1,519, GCDuration: 0,327s, TimeUntilOOM: 3,716s, TimeUntilGC: 3,289s, GCWorkers: 5 -> 5
[2024-02-14T16:49:04.908+0100][debug][gc,director    ] Rule: High Usage, Free: 10864MB(70,7%)
[2024-02-14T16:49:05.008+0100][debug][gc,alloc       ] Allocation Rate: 1796,0MB/s, Predicted: 1928,8MB/s, Avg: 1995,2(+/-196,2)MB/s
[2024-02-14T16:49:05.008+0100][debug][gc,director    ] Rule: Warmup 30%, Used: 4596MB, UsedThreshold: 4608MB
[2024-02-14T16:49:05.008+0100][debug][gc,director    ] Select GC Workers (Not Warm), GCWorkers: 5,000
[2024-02-14T16:49:05.008+0100][debug][gc,director    ] Rule: Allocation Rate (Dynamic GC Workers), MaxAllocRate: 2640,7MB/s (+/-9,8%), Free: 10722MB, GCCPUTime: 1,519, GCDuration: 0,327s, TimeUntilOOM: 3,697s, TimeUntilGC: 3,270s, GCWorkers: 5 -> 5
[2024-02-14T16:49:05.008+0100][debug][gc,director    ] Rule: High Usage, Free: 10722MB(69,8%)
[2024-02-14T16:49:05.107+0100][debug][gc,alloc       ] Allocation Rate: 2042,0MB/s, Predicted: 2004,3MB/s, Avg: 1978,6(+/-184,1)MB/s
[2024-02-14T16:49:05.107+0100][debug][gc,director    ] Rule: Warmup 30%, Used: 4986MB, UsedThreshold: 4608MB
[2024-02-14T16:49:05.107+0100][debug][gc,heap        ] GC(3) Heap before GC invocations=3 (full 3):
[2024-02-14T16:49:05.107+0100][debug][gc,heap        ] GC(3)  ZHeap           used 4992M, capacity 5120M, max capacity 15360M
[2024-02-14T16:49:05.107+0100][debug][gc,heap        ] GC(3)  Metaspace       used 30789K, committed 31104K, reserved 1114112K
[2024-02-14T16:49:05.107+0100][debug][gc,heap        ] GC(3)   class space    used 3305K, committed 3456K, reserved 1048576K
[2024-02-14T16:49:05.108+0100][info ][gc,start       ] GC(3) Garbage Collection (Warmup)
[2024-02-14T16:49:05.108+0100][info ][gc,task        ] GC(3) Using 5 workers
[2024-02-14T16:49:05.108+0100][debug][gc,jni         ] Setting _needs_gc. Thread "VM Thread" 1 locked.
[2024-02-14T16:49:05.108+0100][debug][gc,jni         ] Performing GC after exiting critical section. Thread "ForkJoinPool.commonPool-worker-3" 0 locked.
[2024-02-14T16:49:05.108+0100][debug][gc             ] GC(3) GC Locker Stall (XDriver) 0,094ms
[2024-02-14T16:49:05.108+0100][debug][gc,phases,start] GC(3) Pause Mark Start
[2024-02-14T16:49:05.108+0100][debug][gc,marking     ] GC(3) Using 4 mark stripes
[2024-02-14T16:49:05.108+0100][debug][gc,marking     ] GC(3) Mark Worker/Stripe Distribution
[2024-02-14T16:49:05.108+0100][debug][gc,marking     ] GC(3)   Worker 0(5) -> Stripe 0(4)
[2024-02-14T16:49:05.108+0100][debug][gc,marking     ] GC(3)   Worker 1(5) -> Stripe 1(4)
[2024-02-14T16:49:05.108+0100][debug][gc,marking     ] GC(3)   Worker 2(5) -> Stripe 2(4)
[2024-02-14T16:49:05.108+0100][debug][gc,marking     ] GC(3)   Worker 3(5) -> Stripe 3(4)
[2024-02-14T16:49:05.108+0100][debug][gc,marking     ] GC(3)   Worker 4(5) -> Stripe 0(4)
[2024-02-14T16:49:05.108+0100][info ][gc,phases      ] GC(3) Pause Mark Start 0,130ms
[2024-02-14T16:49:05.109+0100][debug][gc,phases,start] GC(3) Concurrent Mark
[2024-02-14T16:49:05.109+0100][debug][gc,task        ] GC(3) Executing Task: XMarkRootsTask, Active Workers: 5
[2024-02-14T16:49:05.111+0100][debug][gc,tlab        ] GC(3) TLAB totals: thrds: 28  refills: 17546 max: 10112 slow allocs: 2614 max 189 waste:  0,9% gc: 3634536B max: 262096B slow: 38776880B max: 14172880B
[2024-02-14T16:49:05.111+0100][debug][gc,task        ] GC(3) Executing Task: XMarkTask, Active Workers: 5
[2024-02-14T16:49:05.207+0100][debug][gc,alloc       ] Allocation Rate: 2082,0MB/s, Predicted: 1985,2MB/s, Avg: 2011,6(+/-169,5)MB/s
[2024-02-14T16:49:05.307+0100][info ][gc,stats       ] === Garbage Collection Statistics =======================================================================================================================
[2024-02-14T16:49:05.307+0100][info ][gc,stats       ]                                                              Last 10s              Last 10m              Last 10h                Total
[2024-02-14T16:49:05.307+0100][info ][gc,stats       ]                                                              Avg / Max             Avg / Max             Avg / Max             Avg / Max
[2024-02-14T16:49:05.307+0100][info ][gc,stats       ]   Collector: Garbage Collection Cycle                    117,166 / 218,583     117,166 / 218,583     117,166 / 218,583     117,166 / 218,583     ms
[2024-02-14T16:49:05.307+0100][info ][gc,stats       ]  Contention: Mark Segment Reset Contention                     6 / 41                6 / 41                6 / 41                6 / 41          ops/s
[2024-02-14T16:49:05.307+0100][info ][gc,stats       ]  Contention: Mark SeqNum Reset Contention                      0 / 0                 0 / 0                 0 / 0                 0 / 0           ops/s
[2024-02-14T16:49:05.307+0100][info ][gc,stats       ]    Critical: Allocation Stall                                  0 / 0                 0 / 0                 0 / 0                 0 / 0           ops/s
[2024-02-14T16:49:05.307+0100][info ][gc,stats       ]    Critical: Allocation Stall                              0,000 / 0,000         0,000 / 0,000         0,000 / 0,000         0,000 / 0,000       ms
[2024-02-14T16:49:05.307+0100][info ][gc,stats       ]    Critical: GC Locker Stall                                   0 / 1                 0 / 1                 0 / 1                 0 / 1           ops/s
[2024-02-14T16:49:05.307+0100][info ][gc,stats       ]    Critical: GC Locker Stall                               0,094 / 0,094         0,094 / 0,094         0,094 / 0,094         0,094 / 0,094       ms
[2024-02-14T16:49:05.307+0100][info ][gc,stats       ]    Critical: Relocation Stall                                  0 / 0                 0 / 0                 0 / 0                 0 / 0           ops/s
[2024-02-14T16:49:05.307+0100][info ][gc,stats       ]    Critical: Relocation Stall                              0,000 / 0,000         0,000 / 0,000         0,000 / 0,000         0,000 / 0,000       ms
[2024-02-14T16:49:05.307+0100][info ][gc,stats       ]      Memory: Allocation Rate                                1137 / 2028           1137 / 2028           1137 / 2028           1137 / 2028        MB/s
[2024-02-14T16:49:05.307+0100][info ][gc,stats       ]      Memory: Defragment                                        0 / 0                 0 / 0                 0 / 0                 0 / 0           ops/s
[2024-02-14T16:49:05.307+0100][info ][gc,stats       ]      Memory: Out Of Memory                                     0 / 0                 0 / 0                 0 / 0                 0 / 0           ops/s
[2024-02-14T16:49:05.307+0100][info ][gc,stats       ]      Memory: Page Cache Flush                                  0 / 0                 0 / 0                 0 / 0                 0 / 0           MB/s
[2024-02-14T16:49:05.307+0100][info ][gc,stats       ]      Memory: Page Cache Hit L1                               266 / 912             266 / 912             266 / 912             266 / 912         ops/s
[2024-02-14T16:49:05.308+0100][info ][gc,stats       ]      Memory: Page Cache Hit L2                                 0 / 0                 0 / 0                 0 / 0                 0 / 0           ops/s
[2024-02-14T16:49:05.308+0100][info ][gc,stats       ]      Memory: Page Cache Hit L3                               318 / 915             318 / 915             318 / 915             318 / 915         ops/s
[2024-02-14T16:49:05.308+0100][info ][gc,stats       ]      Memory: Page Cache Miss                                   8 / 63                8 / 63                8 / 63                8 / 63          ops/s
[2024-02-14T16:49:05.308+0100][info ][gc,stats       ]      Memory: Uncommit                                          0 / 0                 0 / 0                 0 / 0                 0 / 0           MB/s
[2024-02-14T16:49:05.308+0100][info ][gc,stats       ]      Memory: Undo Object Allocation Failed                     0 / 0                 0 / 0                 0 / 0                 0 / 0           ops/s
[2024-02-14T16:49:05.308+0100][info ][gc,stats       ]      Memory: Undo Object Allocation Succeeded                  0 / 1                 0 / 1                 0 / 1                 0 / 1           ops/s
[2024-02-14T16:49:05.308+0100][info ][gc,stats       ]      Memory: Undo Page Allocation                              1 / 13                1 / 13                1 / 13                1 / 13          ops/s
[2024-02-14T16:49:05.308+0100][info ][gc,stats       ]       Phase: Concurrent Mark                              67,803 / 106,157      67,803 / 106,157      67,803 / 106,157      67,803 / 106,157     ms
[2024-02-14T16:49:05.308+0100][info ][gc,stats       ]       Phase: Concurrent Mark Continue                      0,000 / 0,000         0,000 / 0,000         0,000 / 0,000         0,000 / 0,000       ms
[2024-02-14T16:49:05.308+0100][info ][gc,stats       ]       Phase: Concurrent Mark Free                          0,035 / 0,050         0,035 / 0,050         0,035 / 0,050         0,035 / 0,050       ms
[2024-02-14T16:49:05.308+0100][info ][gc,stats       ]       Phase: Concurrent Process Non-Strong References      6,564 / 9,346         6,564 / 9,346         6,564 / 9,346         6,564 / 9,346       ms
[2024-02-14T16:49:05.308+0100][info ][gc,stats       ]       Phase: Concurrent Relocate                          28,395 / 80,437       28,395 / 80,437       28,395 / 80,437       28,395 / 80,437      ms
[2024-02-14T16:49:05.308+0100][info ][gc,stats       ]       Phase: Concurrent Reset Relocation Set               0,020 / 0,042         0,020 / 0,042         0,020 / 0,042         0,020 / 0,042       ms
[2024-02-14T16:49:05.308+0100][info ][gc,stats       ]       Phase: Concurrent Select Relocation Set             13,151 / 24,137       13,151 / 24,137       13,151 / 24,137       13,151 / 24,137      ms
[2024-02-14T16:49:05.308+0100][info ][gc,stats       ]       Phase: Pause Mark End                                0,050 / 0,055         0,050 / 0,055         0,050 / 0,055         0,050 / 0,055       ms
[2024-02-14T16:49:05.308+0100][info ][gc,stats       ]       Phase: Pause Mark Start                              0,128 / 0,144         0,128 / 0,144         0,128 / 0,144         0,128 / 0,144       ms
[2024-02-14T16:49:05.308+0100][info ][gc,stats       ]       Phase: Pause Relocate Start                          0,040 / 0,045         0,040 / 0,045         0,040 / 0,045         0,040 / 0,045       ms
[2024-02-14T16:49:05.308+0100][debug][gc,alloc       ] Allocation Rate: 2026,0MB/s, Predicted: 1941,5MB/s, Avg: 2031,6(+/-157,9)MB/s
[2024-02-14T16:49:05.308+0100][info ][gc,stats       ]    Subphase: Concurrent Classes Purge                      4,158 / 5,566         4,158 / 5,566         4,158 / 5,566         4,158 / 5,566       ms
[2024-02-14T16:49:05.308+0100][info ][gc,stats       ]    Subphase: Concurrent Classes Unlink                     1,292 / 1,869         1,292 / 1,869         1,292 / 1,869         1,292 / 1,869       ms
[2024-02-14T16:49:05.308+0100][info ][gc,stats       ]    Subphase: Concurrent Mark                              66,148 / 104,795      66,148 / 104,795      66,148 / 104,795      66,148 / 104,795     ms
[2024-02-14T16:49:05.308+0100][info ][gc,stats       ]    Subphase: Concurrent Mark Try Flush                     0,131 / 0,226         0,131 / 0,226         0,131 / 0,226         0,131 / 0,226       ms
[2024-02-14T16:49:05.308+0100][info ][gc,stats       ]    Subphase: Concurrent Mark Try Terminate                 0,745 / 1,262         0,745 / 1,262         0,745 / 1,262         0,745 / 1,262       ms
[2024-02-14T16:49:05.308+0100][info ][gc,stats       ]    Subphase: Concurrent References Enqueue                 0,011 / 0,011         0,011 / 0,011         0,011 / 0,011         0,011 / 0,011       ms
[2024-02-14T16:49:05.308+0100][info ][gc,stats       ]    Subphase: Concurrent References Process                 0,581 / 1,325         0,581 / 1,325         0,581 / 1,325         0,581 / 1,325       ms
[2024-02-14T16:49:05.308+0100][info ][gc,stats       ]    Subphase: Concurrent Roots ClassLoaderDataGraph         0,073 / 0,309         0,073 / 0,309         0,073 / 0,309         0,073 / 0,309       ms
[2024-02-14T16:49:05.308+0100][info ][gc,stats       ]    Subphase: Concurrent Roots CodeCache                    0,000 / 0,000         0,000 / 0,000         0,000 / 0,000         0,000 / 0,000       ms
[2024-02-14T16:49:05.308+0100][info ][gc,stats       ]    Subphase: Concurrent Roots JavaThreads                  0,566 / 1,676         0,566 / 1,676         0,566 / 1,676         0,566 / 1,676       ms
[2024-02-14T16:49:05.308+0100][info ][gc,stats       ]    Subphase: Concurrent Roots OopStorageSet                0,280 / 0,964         0,280 / 0,964         0,280 / 0,964         0,280 / 0,964       ms
[2024-02-14T16:49:05.308+0100][info ][gc,stats       ]    Subphase: Concurrent Weak Roots OopStorageSet           0,171 / 0,294         0,171 / 0,294         0,171 / 0,294         0,171 / 0,294       ms
[2024-02-14T16:49:05.308+0100][info ][gc,stats       ]    Subphase: Pause Mark Try Complete                       0,000 / 0,000         0,000 / 0,000         0,000 / 0,000         0,000 / 0,000       ms
[2024-02-14T16:49:05.308+0100][info ][gc,stats       ]      System: Java Threads                                     33 / 46               33 / 46               33 / 46               33 / 46          threads
[2024-02-14T16:49:05.308+0100][info ][gc,stats       ] =========================================================================================================================================================
[2024-02-14T16:49:05.359+0100][info ][gc,phases      ] GC(3) Concurrent Mark 250,545ms
[2024-02-14T16:49:05.359+0100][debug][gc,phases,start] GC(3) Pause Mark End
[2024-02-14T16:49:05.359+0100][info ][gc,phases      ] GC(3) Pause Mark End 0,047ms
[2024-02-14T16:49:05.359+0100][debug][gc,phases,start] GC(3) Concurrent Mark Free
[2024-02-14T16:49:05.359+0100][info ][gc,phases      ] GC(3) Concurrent Mark Free 0,030ms
[2024-02-14T16:49:05.359+0100][debug][gc,phases,start] GC(3) Concurrent Process Non-Strong References
[2024-02-14T16:49:05.359+0100][debug][gc,phases,start] GC(3) Concurrent References Process
[2024-02-14T16:49:05.360+0100][debug][gc,task        ] GC(3) Executing Task: XReferenceProcessorTask, Active Workers: 5
[2024-02-14T16:49:05.362+0100][debug][gc,phases      ] GC(3) Concurrent References Process 2,064ms
[2024-02-14T16:49:05.362+0100][debug][gc,task        ] GC(3) Executing Task: XProcessWeakRootsTask, Active Workers: 5
[2024-02-14T16:49:05.362+0100][debug][gc,phases,start] GC(3) Concurrent Classes Unlink
[2024-02-14T16:49:05.362+0100][debug][gc,phases,start] GC(3) ClassLoaderData
[2024-02-14T16:49:05.362+0100][debug][gc,phases      ] GC(3) ClassLoaderData 0,049ms
[2024-02-14T16:49:05.362+0100][debug][gc,phases,start] GC(3) Trigger cleanups
[2024-02-14T16:49:05.362+0100][debug][gc,phases      ] GC(3) Trigger cleanups 0,016ms
[2024-02-14T16:49:05.362+0100][debug][gc,task        ] GC(3) Executing Task: XNMethodUnlinkTask, Active Workers: 5
[2024-02-14T16:49:05.363+0100][debug][gc,phases      ] GC(3) Concurrent Classes Unlink 1,480ms
[2024-02-14T16:49:05.364+0100][debug][gc,phases,start] GC(3) Concurrent Classes Purge
[2024-02-14T16:49:05.364+0100][debug][gc,nmethod     ] GC(3) Unregister NMethod: net.openhft.chronicle.bytes.AbstractBytes.readByte (0x00007f9f0c09fb90)
[2024-02-14T16:49:05.364+0100][debug][gc,nmethod     ] GC(3) Unregister NMethod: io.sirix.access.trx.page.NodePageReadOnlyTrx.loadPage (0x00007f9f0bee0d10)
[2024-02-14T16:49:05.364+0100][debug][gc,nmethod     ] GC(3) Unregister NMethod: java.nio.DirectByteBuffer.<init> (0x00007f9f0bec2410)
[2024-02-14T16:49:05.364+0100][debug][gc,nmethod     ] GC(3) Unregister NMethod: com.google.common.hash.MessageDigestHashFunction.newHasher (0x00007f9f0c147510)
[2024-02-14T16:49:05.364+0100][debug][gc,nmethod     ] GC(3) Unregister NMethod: io.sirix.page.KeyValueLeafPage.setDeweyId (0x00007f9f0c09c390)
[2024-02-14T16:49:05.364+0100][debug][gc,nmethod     ] GC(3) Unregister NMethod: io.sirix.page.PageReference.<init> (0x00007f9f0c0c8f10)
[2024-02-14T16:49:05.364+0100][debug][gc,nmethod     ] GC(3) Unregister NMethod: sun.nio.ch.FileChannelImpl.size (0x00007f9f0bfdeb90)
[2024-02-14T16:49:05.364+0100][debug][gc,nmethod     ] GC(3) Unregister NMethod: net.openhft.chronicle.core.io.VanillaReferenceCounted.callOnRelease (0x00007f9f0bf84f90)
[2024-02-14T16:49:05.364+0100][debug][gc,nmethod     ] GC(3) Unregister NMethod: java.nio.MappedByteBuffer.<init> (0x00007f9f0bec5210)
[2024-02-14T16:49:05.364+0100][debug][gc,nmethod     ] GC(3) Unregister NMethod: java.util.stream.AbstractPipeline.<init> (0x00007f9f0bd4e290)
[2024-02-14T16:49:05.364+0100][debug][gc,nmethod     ] GC(3) Unregister NMethod: it.unimi.dsi.fastutil.shorts.ShortArrayList$1.nextShort (0x00007f9f0c064590)
[2024-02-14T16:49:05.364+0100][debug][gc,nmethod     ] GC(3) Unregister NMethod: sun.security.provider.DigestBase.engineDigest (0x00007f9f0bef5f10)
[2024-02-14T16:49:05.364+0100][debug][gc,nmethod     ] GC(3) Unregister NMethod: java.util.concurrent.ConcurrentHashMap$ValuesView.iterator (0x00007f9f0bf68490)
[2024-02-14T16:49:05.364+0100][debug][gc,nmethod     ] GC(3) Unregister NMethod: net.openhft.chronicle.bytes.internal.NativeBytesStore.elasticByteBuffer (0x00007f9f0bfebc90)
[2024-02-14T16:49:05.364+0100][debug][gc,nmethod     ] GC(3) Unregister NMethod: java.io.ByteArrayOutputStream.<init> (0x00007f9f0c136290)
[2024-02-14T16:49:05.364+0100][debug][gc,nmethod     ] GC(3) Unregister NMethod: net.jpountz.lz4.LZ4BlockOutputStream.write (0x00007f9f0bfe7090)
[2024-02-14T16:49:05.364+0100][debug][gc,nmethod     ] GC(3) Unregister NMethod: java.nio.Bits.reserveMemory (0x00007f9f0c12bc10)
[2024-02-14T16:49:05.364+0100][debug][gc,nmethod     ] GC(3) Unregister NMethod: net.jpountz.lz4.LZ4BlockOutputStream.flush (0x00007f9f0bfb6a10)
[2024-02-14T16:49:05.364+0100][debug][gc,nmethod     ] GC(3) Unregister NMethod: net.jpountz.lz4.LZ4BlockOutputStream.<init> (0x00007f9f0c02f990)
[2024-02-14T16:49:05.364+0100][debug][gc,nmethod     ] GC(3) Unregister NMethod: java.util.stream.ReferencePipeline.sorted (0x00007f9f0bfaa890)
[2024-02-14T16:49:05.364+0100][debug][gc,nmethod     ] GC(3) Unregister NMethod: jdk.internal.misc.Unsafe.setMemory (0x00007f9f0bec7590)
[2024-02-14T16:49:05.364+0100][debug][gc,nmethod     ] GC(3) Unregister NMethod: com.google.common.base.Preconditions.checkPositionIndexes (0x00007f9f0be6e910)
[2024-02-14T16:49:05.364+0100][debug][gc,nmethod     ] GC(3) Unregister NMethod: java.nio.ByteBuffer.wrap (0x00007f9f0bfa4590)
[2024-02-14T16:49:05.364+0100][debug][gc,nmethod     ] GC(3) Unregister NMethod: java.lang.ref.ReferenceQueue.enqueue0 (0x00007f9f0ba43890)
[2024-02-14T16:49:05.364+0100][debug][gc,nmethod     ] GC(3) Unregister NMethod: net.openhft.chronicle.bytes.Bytes.bytesForWrite (0x00007f9f0bfd9f90)
[2024-02-14T16:49:05.364+0100][debug][gc,nmethod     ] GC(3) Unregister NMethod: java.lang.ref.ReferenceQueue.poll0 (0x00007f9f0ba34890)
[2024-02-14T16:49:05.364+0100][debug][gc,nmethod     ] GC(3) Unregister NMethod: java.util.concurrent.ConcurrentHashMap$EntrySpliterator.forEachRemaining (0x00007f9f0bfe8690)
[2024-02-14T16:49:05.364+0100][debug][gc,nmethod     ] GC(3) Unregister NMethod: java.util.stream.AbstractPipeline.exactOutputSizeIfKnown (0x00007f9f0bec7990)
[2024-02-14T16:49:05.364+0100][debug][gc,nmethod     ] GC(3) Unregister NMethod: jdk.internal.misc.Unsafe.checkNativeAddress (0x00007f9f0c120290)
[2024-02-14T16:49:05.364+0100][debug][gc,nmethod     ] GC(3) Unregister NMethod: net.openhft.chronicle.bytes.AbstractBytes.write (0x00007f9f0bfd8690)
[2024-02-14T16:49:05.364+0100][debug][gc,nmethod     ] GC(3) Unregister NMethod: java.util.ArrayList.grow (0x00007f9f0c00fe90)
[2024-02-14T16:49:05.364+0100][debug][gc,nmethod     ] GC(3) Unregister NMethod: io.sirix.page.KeyValueLeafPage.setSlot (0x00007f9f0c09ca10)
[2024-02-14T16:49:05.364+0100][debug][gc,nmethod     ] GC(3) Unregister NMethod: java.lang.ref.Finalizer.<init> (0x00007f9f0bebef90)
[2024-02-14T16:49:05.364+0100][debug][gc,nmethod     ] GC(3) Unregister NMethod: java.lang.Integer.numberOfLeadingZeros (0x00007f9f0bfb7110)
[2024-02-14T16:49:05.364+0100][debug][gc,nmethod     ] GC(3) Unregister NMethod: io.sirix.io.filechannel.FileChannelWriter.writePageReference (0x00007f9f0c003590)
[2024-02-14T16:49:05.364+0100][debug][gc,nmethod     ] GC(3) Unregister NMethod: io.sirix.access.trx.page.NodePageTrx$$Lambda/0x00000000803423d0.test (0x00007f9f0bec1b90)
[2024-02-14T16:49:05.364+0100][debug][gc,nmethod     ] GC(3) Unregister NMethod: jdk.internal.misc.Unsafe.setMemory (0x00007f9f0bec6710)
[2024-02-14T16:49:05.364+0100][debug][gc,nmethod     ] GC(3) Unregister NMethod: io.sirix.access.trx.page.NodePageTrx$$Lambda/0x0000000080342618.accept (0x00007f9f0bfec490)
[2024-02-14T16:49:05.364+0100][debug][gc,nmethod     ] GC(3) Unregister NMethod: io.sirix.access.trx.page.AbstractForwardingPageReadOnlyTrx.getReader (0x00007f9f0c13c510)
[2024-02-14T16:49:05.364+0100][debug][gc,nmethod     ] GC(3) Unregister NMethod: java.lang.ThreadLocal.getMap (0x00007f9f0bc50210)
[2024-02-14T16:49:05.364+0100][debug][gc,nmethod     ] GC(3) Unregister NMethod: java.util.concurrent.CopyOnWriteArrayList.clear (0x00007f9f0bef7d10)
[2024-02-14T16:49:05.364+0100][debug][gc,nmethod     ] GC(3) Unregister NMethod: net.jpountz.xxhash.StreamingXXHash32JNI.update (0x00007f9f0bec0190)
[2024-02-14T16:49:05.364+0100][debug][gc,nmethod     ] GC(3) Unregister NMethod: net.jpountz.lz4.LZ4BlockOutputStream.flushBufferedData (0x00007f9f0c132f90)
[2024-02-14T16:49:05.364+0100][debug][gc,nmethod     ] GC(3) Unregister NMethod: io.sirix.io.bytepipe.ByteHandlerPipeline.serialize (0x00007f9f0c146490)
[2024-02-14T16:49:05.365+0100][debug][gc,nmethod     ] GC(3) Unregister NMethod: sun.nio.ch.NativeThreadSet.remove (0x00007f9f0bf63d90)
[2024-02-14T16:49:05.365+0100][debug][gc,nmethod     ] GC(3) Unregister NMethod: java.lang.Short.valueOf (0x00007f9f0c063990)
[2024-02-14T16:49:05.365+0100][debug][gc,nmethod     ] GC(3) Unregister NMethod: java.util.stream.AbstractPipeline.wrapSink (0x00007f9f0bd52910)
[2024-02-14T16:49:05.365+0100][debug][gc,nmethod     ] GC(3) Unregister NMethod: java.util.ArrayDeque.add (0x00007f9f0baebc10)
[2024-02-14T16:49:05.365+0100][debug][gc,nmethod     ] GC(3) Unregister NMethod: java.util.stream.AbstractPipeline.copyInto (0x00007f9f0bd53a90)
[2024-02-14T16:49:05.365+0100][debug][gc,nmethod     ] GC(3) Unregister NMethod: com.google.common.hash.MessageDigestHashFunction$MessageDigestHasher.hash (0x00007f9f0c149610)
[2024-02-14T16:49:05.365+0100][debug][gc,nmethod     ] GC(3) Unregister NMethod: net.openhft.chronicle.bytes.AbstractBytes.readLong (0x00007f9f0c0c4610)
[2024-02-14T16:49:05.365+0100][debug][gc,nmethod     ] GC(3) Unregister NMethod: java.security.MessageDigestSpi.clone (0x00007f9f0c13b590)
[2024-02-14T16:49:05.365+0100][debug][gc,nmethod     ] GC(3) Unregister NMethod: java.nio.ByteBuffer.<init> (0x00007f9f0bec8810)
[2024-02-14T16:49:05.365+0100][debug][gc,nmethod     ] GC(3) Unregister NMethod: java.util.concurrent.ConcurrentHashMap$ValueIterator.<init> (0x00007f9f0bf69010)
[2024-02-14T16:49:05.365+0100][debug][gc,nmethod     ] GC(3) Unregister NMethod: java.nio.Bits.tryReserveMemory (0x00007f9f0bec0890)
[2024-02-14T16:49:05.365+0100][debug][gc,nmethod     ] GC(3) Unregister NMethod: net.openhft.chronicle.bytes.NativeBytes.allocateNewByteBufferBackedStore (0x00007f9f0c011910)
[2024-02-14T16:49:05.365+0100][debug][gc,nmethod     ] GC(3) Unregister NMethod: java.util.concurrent.ConcurrentHashMap$BaseIterator.<init> (0x00007f9f0bfe2410)
[2024-02-14T16:49:05.365+0100][debug][gc,nmethod     ] GC(3) Unregister NMethod: com.google.common.hash.AbstractByteHasher.putBytes (0x00007f9f0be6fc10)
[2024-02-14T16:49:05.365+0100][debug][gc,nmethod     ] GC(3) Unregister NMethod: net.openhft.chronicle.bytes.internal.HeapBytesStore.<init> (0x00007f9f0c131210)
[2024-02-14T16:49:05.365+0100][debug][gc,nmethod     ] GC(3) Unregister NMethod: java.util.stream.Sink.end (0x00007f9f0bd52610)
[2024-02-14T16:49:05.365+0100][debug][gc,nmethod     ] GC(3) Unregister NMethod: java.util.Collection.stream (0x00007f9f0be02890)
[2024-02-14T16:49:05.365+0100][debug][gc,nmethod     ] GC(3) Unregister NMethod: java.nio.channels.spi.AbstractInterruptibleChannel.begin (0x00007f9f0c094e90)
[2024-02-14T16:49:05.365+0100][debug][gc,nmethod     ] GC(3) Unregister NMethod: java.util.Spliterator.getExactSizeIfKnown (0x00007f9f0bd50590)
[2024-02-14T16:49:05.365+0100][debug][gc,nmethod     ] GC(3) Unregister NMethod: net.openhft.chronicle.bytes.NativeBytes.resizeHelper (0x00007f9f0bf6bc10)
[2024-02-14T16:49:05.365+0100][debug][gc,nmethod     ] GC(3) Unregister NMethod: io.sirix.page.PagePersister.serializePage (0x00007f9f0bfddb90)
[2024-02-14T16:49:05.365+0100][debug][gc,nmethod     ] GC(3) Unregister NMethod: sun.nio.ch.NativeThreadSet.add (0x00007f9f2b468910)
[2024-02-14T16:49:05.365+0100][debug][gc,nmethod     ] GC(3) Unregister NMethod: net.openhft.chronicle.bytes.Bytes.elasticHeapByteBuffer (0x00007f9f0c134c10)
[2024-02-14T16:49:05.365+0100][debug][gc,nmethod     ] GC(3) Unregister NMethod: java.util.stream.ReferencePipeline.toList (0x00007f9f0bf5bd10)
[2024-02-14T16:49:05.365+0100][debug][gc,nmethod     ] GC(3) Unregister NMethod: net.jpountz.lz4.LZ4BlockOutputStream.compressionLevel (0x00007f9f0c02cb10)
[2024-02-14T16:49:05.365+0100][debug][gc,nmethod     ] GC(3) Unregister NMethod: io.sirix.page.PageReference.<init> (0x00007f9f0c061010)
[2024-02-14T16:49:05.365+0100][debug][gc,nmethod     ] GC(3) Unregister NMethod: net.openhft.chronicle.bytes.NativeBytes.resize (0x00007f9f0c13de90)
[2024-02-14T16:49:05.365+0100][debug][gc,nmethod     ] GC(3) Unregister NMethod: io.sirix.page.SerializationType.readPageFragments (0x00007f9f0c0c7590)
[2024-02-14T16:49:05.365+0100][debug][gc,nmethod     ] GC(3) Unregister NMethod: java.util.concurrent.ConcurrentHashMap.entrySet (0x00007f9f0c135c90)
[2024-02-14T16:49:05.365+0100][debug][gc,nmethod     ] GC(3) Unregister NMethod: net.openhft.chronicle.bytes.internal.BytesInternal.readStopBit (0x00007f9f0c0aa510)
[2024-02-14T16:49:05.365+0100][debug][gc,nmethod     ] GC(3) Unregister NMethod: io.sirix.access.trx.page.TreeModifierImpl.prepareLeafOfTree (0x00007f9f0c058e10)
[2024-02-14T16:49:05.365+0100][debug][gc,nmethod     ] GC(3) Unregister NMethod: net.openhft.chronicle.bytes.BytesStore.bytesForRead (0x00007f9f0c139810)
[2024-02-14T16:49:05.365+0100][debug][gc,nmethod     ] GC(3) Unregister NMethod: java.lang.AbstractStringBuilder.charAt (0x00007f9f0bfbf790)
[2024-02-14T16:49:05.365+0100][debug][gc,nmethod     ] GC(3) Unregister NMethod: java.lang.ref.Reference.enqueueFromPending (0x00007f9f0baa4210)
[2024-02-14T16:49:05.365+0100][debug][gc,nmethod     ] GC(3) Unregister NMethod: net.openhft.chronicle.bytes.AbstractBytes.readPosition (0x00007f9f0bef8290)
[2024-02-14T16:49:05.365+0100][debug][gc,nmethod     ] GC(3) Unregister NMethod: net.openhft.chronicle.core.Maths.toInt32 (0x00007f9f0bef7190)
[2024-02-14T16:49:05.365+0100][debug][gc,nmethod     ] GC(3) Unregister NMethod: net.openhft.chronicle.core.io.AbstractReferenceCounted$$Lambda/0x0000000080312bc0.run (0x00007f9f0bef5290)
[2024-02-14T16:49:05.365+0100][debug][gc,nmethod     ] GC(3) Unregister NMethod: net.openhft.chronicle.bytes.internal.NativeBytesStore.<init> (0x00007f9f0c132790)
[2024-02-14T16:49:05.365+0100][debug][gc,nmethod     ] GC(3) Unregister NMethod: net.openhft.chronicle.bytes.NativeBytes.checkResize (0x00007f9f0c14e210)
[2024-02-14T16:49:05.365+0100][debug][gc,nmethod     ] GC(3) Unregister NMethod: java.util.stream.AbstractPipeline.sourceSpliterator (0x00007f9f0bd57090)
[2024-02-14T16:49:05.365+0100][debug][gc,nmethod     ] GC(3) Unregister NMethod: java.nio.channels.spi.AbstractInterruptibleChannel.end (0x00007f9f0bfd5b10)
[2024-02-14T16:49:05.365+0100][debug][gc,nmethod     ] GC(3) Unregister NMethod: jdk.internal.misc.Unsafe.weakCompareAndSetInt (0x00007f9f0be21110)
[2024-02-14T16:49:05.365+0100][debug][gc,nmethod     ] GC(3) Unregister NMethod: io.sirix.page.SerializationType.readHash (0x00007f9f0c0c4f10)
[2024-02-14T16:49:05.365+0100][debug][gc,nmethod     ] GC(3) Unregister NMethod: java.lang.StringBuilder.charAt (0x00007f9f0bfbfe90)
[2024-02-14T16:49:05.365+0100][debug][gc,nmethod     ] GC(3) Unregister NMethod: jdk.internal.misc.Unsafe.checkPointer (0x00007f9f0be15b10)
[2024-02-14T16:49:05.365+0100][debug][gc,nmethod     ] GC(3) Unregister NMethod: java.nio.DirectByteBuffer$Deallocator.<init> (0x00007f9f0bec4e10)
[2024-02-14T16:49:05.365+0100][debug][gc,nmethod     ] GC(3) Unregister NMethod: java.lang.ref.Finalizer.register (0x00007f9f0bec1790)
[2024-02-14T16:49:05.365+0100][debug][gc,nmethod     ] GC(3) Unregister NMethod: com.google.common.hash.HashCode$BytesHashCode.asBytes (0x00007f9f0bf13e90)
[2024-02-14T16:49:05.365+0100][debug][gc,nmethod     ] GC(3) Unregister NMethod: io.sirix.page.KeyValueLeafPage.commit (0x00007f9f0bfca310)
[2024-02-14T16:49:05.365+0100][debug][gc,nmethod     ] GC(3) Unregister NMethod: net.openhft.chronicle.bytes.AbstractBytes.writeLimit (0x00007f9f0befbf10)
[2024-02-14T16:49:05.365+0100][debug][gc,nmethod     ] GC(3) Unregister NMethod: net.openhft.chronicle.bytes.AbstractBytes.writeShort (0x00007f9f0bf14a10)
[2024-02-14T16:49:05.366+0100][debug][gc,nmethod     ] GC(3) Unregister NMethod: io.sirix.access.trx.page.NodePageTrx$$Lambda/0x0000000080371df8.apply (0x00007f9f0c056610)
[2024-02-14T16:49:05.366+0100][debug][gc,nmethod     ] GC(3) Unregister NMethod: net.openhft.chronicle.bytes.internal.NativeBytesStore.readByte (0x00007f9f0c09ee90)
[2024-02-14T16:49:05.366+0100][debug][gc,nmethod     ] GC(3) Unregister NMethod: java.util.concurrent.ConcurrentHashMap$BaseIterator.hasNext (0x00007f9f0bac7090)
[2024-02-14T16:49:05.366+0100][debug][gc,nmethod     ] GC(3) Unregister NMethod: net.openhft.chronicle.core.io.AbstractReferenceCounted.reserveTransfer (0x00007f9f0bfe9a90)
[2024-02-14T16:49:05.366+0100][debug][gc,nmethod     ] GC(3) Unregister NMethod: net.openhft.chronicle.bytes.AbstractBytes.readLimit (0x00007f9f0beb0110)
[2024-02-14T16:49:05.366+0100][debug][gc,nmethod     ] GC(3) Unregister NMethod: java.security.MessageDigest$Delegate.clone (0x00007f9f0c12e910)
[2024-02-14T16:49:05.366+0100][debug][gc,nmethod     ] GC(3) Unregister NMethod: io.sirix.page.SerializationType.serializeBitSet (0x00007f9f0c152b10)
[2024-02-14T16:49:05.366+0100][debug][gc,nmethod     ] GC(3) Unregister NMethod: net.openhft.chronicle.bytes.VanillaBytes.read (0x00007f9f0c097c90)
[2024-02-14T16:49:05.366+0100][debug][gc,nmethod     ] GC(3) Unregister NMethod: io.sirix.access.trx.page.NodePageTrx$$Lambda/0x0000000080342198.apply (0x00007f9f0bebf790)
[2024-02-14T16:49:05.366+0100][debug][gc,nmethod     ] GC(3) Unregister NMethod: io.sirix.index.path.summary.PathSummaryReader.assertNotClosed (0x00007f9f0bb89510)
[2024-02-14T16:49:05.366+0100][debug][gc,nmethod     ] GC(3) Unregister NMethod: io.sirix.page.SerializationType.writeHash (0x00007f9f0bfc4e90)
[2024-02-14T16:49:05.366+0100][debug][gc,nmethod     ] GC(3) Unregister NMethod: io.sirix.page.SerializationType.writePageFragments (0x00007f9f0c000390)
[2024-02-14T16:49:05.366+0100][debug][gc,nmethod     ] GC(3) Unregister NMethod: jdk.internal.misc.Unsafe.allocateMemory (0x00007f9f0bec5610)
[2024-02-14T16:49:05.366+0100][debug][gc,nmethod     ] GC(3) Unregister NMethod: io.sirix.access.trx.page.NodePageTrx.getRevisionNumber (0x00007f9f0c132110)
[2024-02-14T16:49:05.366+0100][debug][gc,nmethod     ] GC(3) Unregister NMethod: java.util.concurrent.atomic.AtomicLong.decrementAndGet (0x00007f9f0ba6d990)
[2024-02-14T16:49:05.366+0100][debug][gc,nmethod     ] GC(3) Unregister NMethod: java.security.MessageDigest.update (0x00007f9f0c148b10)
[2024-02-14T16:49:05.366+0100][debug][gc,nmethod     ] GC(3) Unregister NMethod: sun.nio.ch.NativeThreadSet.remove (0x00007f9f2b41a910)
[2024-02-14T16:49:05.366+0100][debug][gc,nmethod     ] GC(3) Unregister NMethod: sun.nio.ch.NativeThreadSet.add (0x00007f9f0bf64410)
[2024-02-14T16:49:05.366+0100][debug][gc,nmethod     ] GC(3) Unregister NMethod: io.sirix.access.trx.page.NodePageReadOnlyTrx.getPathSummaryPage (0x00007f9f0bcd3490)
[2024-02-14T16:49:05.366+0100][debug][gc,nmethod     ] GC(3) Unregister NMethod: java.util.ImmutableCollections$AbstractImmutableList.iterator (0x00007f9f0bfb7610)
[2024-02-14T16:49:05.366+0100][debug][gc,nmethod     ] GC(3) Unregister NMethod: io.sirix.access.trx.page.NodePageTrx.commit (0x00007f9f0bfdc690)
[2024-02-14T16:49:05.366+0100][debug][gc,phases      ] GC(3) Concurrent Classes Purge 2,185ms
[2024-02-14T16:49:05.366+0100][debug][gc,phases,start] GC(3) Concurrent References Enqueue
[2024-02-14T16:49:05.366+0100][debug][gc,phases      ] GC(3) Concurrent References Enqueue 0,011ms
[2024-02-14T16:49:05.366+0100][info ][gc,phases      ] GC(3) Concurrent Process Non-Strong References 6,369ms
[2024-02-14T16:49:05.366+0100][debug][gc,phases,start] GC(3) Concurrent Reset Relocation Set
[2024-02-14T16:49:05.366+0100][info ][gc,phases      ] GC(3) Concurrent Reset Relocation Set 0,027ms
[2024-02-14T16:49:05.366+0100][debug][gc,phases,start] GC(3) Concurrent Select Relocation Set
[2024-02-14T16:49:05.368+0100][debug][gc,task        ] GC(3) Executing Task: XRelocationSetInstallTask, Active Workers: 5
[2024-02-14T16:49:05.374+0100][info ][gc,phases      ] GC(3) Concurrent Select Relocation Set 7,786ms
[2024-02-14T16:49:05.374+0100][debug][gc,phases,start] GC(3) Pause Relocate Start
[2024-02-14T16:49:05.374+0100][info ][gc,phases      ] GC(3) Pause Relocate Start 0,050ms
[2024-02-14T16:49:05.374+0100][debug][gc,phases,start] GC(3) Concurrent Relocate
[2024-02-14T16:49:05.374+0100][debug][gc,task        ] GC(3) Executing Task: XRelocateTask, Active Workers: 5
[2024-02-14T16:49:05.394+0100][info ][gc,phases      ] GC(3) Concurrent Relocate 19,570ms
[2024-02-14T16:49:05.394+0100][debug][gc,heap        ] GC(3) Heap after GC invocations=4 (full 4):
[2024-02-14T16:49:05.394+0100][debug][gc,heap        ] GC(3)  ZHeap           used 1022M, capacity 5266M, max capacity 15360M
[2024-02-14T16:49:05.394+0100][debug][gc,heap        ] GC(3)  Metaspace       used 30795K, committed 31168K, reserved 1114112K
[2024-02-14T16:49:05.394+0100][debug][gc,heap        ] GC(3)   class space    used 3305K, committed 3456K, reserved 1048576K
[2024-02-14T16:49:05.394+0100][info ][gc,load        ] GC(3) Load: 1,74/1,24/1,55
[2024-02-14T16:49:05.394+0100][info ][gc,mmu         ] GC(3) MMU: 2ms/92,8%, 5ms/97,1%, 10ms/98,6%, 20ms/99,1%, 50ms/99,6%, 100ms/99,8%
[2024-02-14T16:49:05.394+0100][info ][gc,marking     ] GC(3) Mark: 4 stripe(s), 7 proactive flush(es), 1 terminate flush(es), 0 completion(s), 0 continuation(s) 
[2024-02-14T16:49:05.395+0100][info ][gc,marking     ] GC(3) Mark Stack Usage: 32M
[2024-02-14T16:49:05.395+0100][info ][gc,nmethod     ] GC(3) NMethods: 3389 registered, 950 unregistered
[2024-02-14T16:49:05.395+0100][info ][gc,metaspace   ] GC(3) Metaspace: 30M used, 30M committed, 1088M reserved
[2024-02-14T16:49:05.395+0100][info ][gc,ref         ] GC(3) Soft: 3825 encountered, 0 discovered, 0 enqueued
[2024-02-14T16:49:05.395+0100][info ][gc,ref         ] GC(3) Weak: 1899 encountered, 110 discovered, 0 enqueued
[2024-02-14T16:49:05.395+0100][info ][gc,ref         ] GC(3) Final: 7538 encountered, 7536 discovered, 7536 enqueued
[2024-02-14T16:49:05.395+0100][info ][gc,ref         ] GC(3) Phantom: 7957 encountered, 7827 discovered, 7559 enqueued
[2024-02-14T16:49:05.395+0100][info ][gc,reloc       ] GC(3) Small Pages: 2481 / 4962M, Empty: 2150M, Relocated: 80M, In-Place: 0
[2024-02-14T16:49:05.395+0100][info ][gc,reloc       ] GC(3) Medium Pages: 1 / 32M, Empty: 0M, Relocated: 0M, In-Place: 0
[2024-02-14T16:49:05.395+0100][info ][gc,reloc       ] GC(3) Large Pages: 0 / 0M, Empty: 0M, Relocated: 0M, In-Place: 0
[2024-02-14T16:49:05.395+0100][info ][gc,reloc       ] GC(3) Forwarding Usage: 25M
[2024-02-14T16:49:05.395+0100][info ][gc,heap        ] GC(3) Min Capacity: 5120M(33%)
[2024-02-14T16:49:05.395+0100][info ][gc,heap        ] GC(3) Max Capacity: 15360M(100%)
[2024-02-14T16:49:05.395+0100][info ][gc,heap        ] GC(3) Soft Max Capacity: 15360M(100%)
[2024-02-14T16:49:05.395+0100][info ][gc,heap        ] GC(3)                Mark Start          Mark End        Relocate Start      Relocate End           High               Low         
[2024-02-14T16:49:05.395+0100][info ][gc,heap        ] GC(3)  Capacity:     5120M (33%)        5262M (34%)        5266M (34%)        5266M (34%)        5266M (34%)        5120M (33%)    
[2024-02-14T16:49:05.395+0100][info ][gc,heap        ] GC(3)      Free:    10366M (67%)       10098M (66%)       12236M (80%)       14338M (93%)       14340M (93%)       10094M (66%)    
[2024-02-14T16:49:05.395+0100][info ][gc,heap        ] GC(3)      Used:     4994M (33%)        5262M (34%)        3124M (20%)        1022M (7%)         5266M (34%)        1020M (7%)     
[2024-02-14T16:49:05.395+0100][info ][gc,heap        ] GC(3)      Live:         -               537M (3%)          537M (3%)          537M (3%)             -                  -          
[2024-02-14T16:49:05.395+0100][info ][gc,heap        ] GC(3) Allocated:         -               268M (2%)          280M (2%)          303M (2%)             -                  -          
[2024-02-14T16:49:05.395+0100][info ][gc,heap        ] GC(3)   Garbage:         -              4456M (29%)        2306M (15%)         181M (1%)             -                  -          
[2024-02-14T16:49:05.395+0100][info ][gc,heap        ] GC(3) Reclaimed:         -                  -              2150M (14%)        4275M (28%)            -                  -          
[2024-02-14T16:49:05.395+0100][info ][gc             ] GC(3) Garbage Collection (Warmup) 4994M(33%)->1022M(7%)
[2024-02-14T16:49:05.408+0100][debug][gc,alloc       ] Allocation Rate: 1856,0MB/s, Predicted: 1846,3MB/s, Avg: 2023,4(+/-164,5)MB/s
[2024-02-14T16:49:05.408+0100][debug][gc,director    ] Select GC Workers (Try Lowering), AvoidLongGCWorkers: 0,249, AvoidOOMGCWorkers: 0,486, NextAvoidOOMGCWorkers: 0,816, LastGCWorkers: 5,000, GCWorkers: 1,316
[2024-02-14T16:49:05.408+0100][debug][gc,director    ] Rule: Allocation Rate (Dynamic GC Workers), MaxAllocRate: 2564,7MB/s (+/-8,1%), Free: 14276MB, GCCPUTime: 2,511, GCDuration: 1,267s, TimeUntilOOM: 5,148s, TimeUntilGC: 3,781s, GCWorkers: 5 -> 2
[2024-02-14T16:49:05.408+0100][debug][gc,director    ] Rule: High Usage, Free: 14276MB(92,9%)
[2024-02-14T16:49:05.408+0100][debug][gc,director    ] Rule: Proactive, UsedUntilEnabled: 1516MB, TimeUntilEnabled: 299,986s
[2024-02-14T16:49:05.507+0100][debug][gc,alloc       ] Allocation Rate: 1540,0MB/s, Predicted: 1713,9MB/s, Avg: 1952,2(+/-200,3)MB/s
[2024-02-14T16:49:05.507+0100][debug][gc,director    ] Select GC Workers (Try Lowering), AvoidLongGCWorkers: 0,249, AvoidOOMGCWorkers: 0,509, NextAvoidOOMGCWorkers: 0,855, LastGCWorkers: 5,000, GCWorkers: 1,355
[2024-02-14T16:49:05.507+0100][debug][gc,director    ] Rule: Allocation Rate (Dynamic GC Workers), MaxAllocRate: 2611,4MB/s (+/-10,3%), Free: 14142MB, GCCPUTime: 2,511, GCDuration: 1,267s, TimeUntilOOM: 4,911s, TimeUntilGC: 3,545s, GCWorkers: 5 -> 2
[2024-02-14T16:49:05.507+0100][debug][gc,director    ] Rule: High Usage, Free: 14142MB(92,1%)
[2024-02-14T16:49:05.507+0100][debug][gc,director    ] Rule: Proactive, UsedUntilEnabled: 1382MB, TimeUntilEnabled: 299,887s
[2024-02-14T16:49:05.607+0100][debug][gc,alloc       ] Allocation Rate: 1578,0MB/s, Predicted: 1635,1MB/s, Avg: 1888,2(+/-207,3)MB/s
[2024-02-14T16:49:05.608+0100][debug][gc,director    ] Select GC Workers (Try Lowering), AvoidLongGCWorkers: 0,249, AvoidOOMGCWorkers: 0,509, NextAvoidOOMGCWorkers: 0,827, LastGCWorkers: 5,000, GCWorkers: 1,327
[2024-02-14T16:49:05.608+0100][debug][gc,director    ] Rule: Allocation Rate (Dynamic GC Workers), MaxAllocRate: 2570,3MB/s (+/-11,0%), Free: 13998MB, GCCPUTime: 2,511, GCDuration: 1,267s, TimeUntilOOM: 4,907s, TimeUntilGC: 3,540s, GCWorkers: 5 -> 2
[2024-02-14T16:49:05.608+0100][debug][gc,director    ] Rule: High Usage, Free: 13998MB(91,1%)
[2024-02-14T16:49:05.608+0100][debug][gc,director    ] Rule: Proactive, UsedUntilEnabled: 1238MB, TimeUntilEnabled: 299,786s
[2024-02-14T16:49:05.708+0100][debug][gc,alloc       ] Allocation Rate: 1582,0MB/s, Predicted: 1601,1MB/s, Avg: 1824,4(+/-193,1)MB/s
[2024-02-14T16:49:05.708+0100][debug][gc,director    ] Select GC Workers (Try Lowering), AvoidLongGCWorkers: 0,249, AvoidOOMGCWorkers: 0,491, NextAvoidOOMGCWorkers: 0,755, LastGCWorkers: 5,000, GCWorkers: 1,255
[2024-02-14T16:49:05.708+0100][debug][gc,director    ] Rule: Allocation Rate (Dynamic GC Workers), MaxAllocRate: 2459,7MB/s (+/-10,6%), Free: 13854MB, GCCPUTime: 2,511, GCDuration: 1,267s, TimeUntilOOM: 5,093s, TimeUntilGC: 3,727s, GCWorkers: 5 -> 2
[2024-02-14T16:49:05.708+0100][debug][gc,director    ] Rule: High Usage, Free: 13854MB(90,2%)
[2024-02-14T16:49:05.708+0100][debug][gc,director    ] Rule: Proactive, UsedUntilEnabled: 1094MB, TimeUntilEnabled: 299,686s
[2024-02-14T16:49:05.807+0100][debug][gc,alloc       ] Allocation Rate: 1582,0MB/s, Predicted: 1537,1MB/s, Avg: 1787,8(+/-200,7)MB/s
[2024-02-14T16:49:05.807+0100][debug][gc,director    ] Select GC Workers (Try Lowering), AvoidLongGCWorkers: 0,249, AvoidOOMGCWorkers: 0,496, NextAvoidOOMGCWorkers: 0,746, LastGCWorkers: 5,000, GCWorkers: 1,246
[2024-02-14T16:49:05.807+0100][debug][gc,director    ] Rule: Allocation Rate (Dynamic GC Workers), MaxAllocRate: 2448,2MB/s (+/-11,2%), Free: 13712MB, GCCPUTime: 2,511, GCDuration: 1,267s, TimeUntilOOM: 5,036s, TimeUntilGC: 3,669s, GCWorkers: 5 -> 2
[2024-02-14T16:49:05.807+0100][debug][gc,director    ] Rule: High Usage, Free: 13712MB(89,3%)
[2024-02-14T16:49:05.807+0100][debug][gc,director    ] Rule: Proactive, UsedUntilEnabled: 952MB, TimeUntilEnabled: 299,587s
[2024-02-14T16:49:05.907+0100][debug][gc,alloc       ] Allocation Rate: 2020,0MB/s, Predicted: 1631,6MB/s, Avg: 1810,4(+/-212,5)MB/s
[2024-02-14T16:49:05.907+0100][debug][gc,director    ] Select GC Workers (Try Lowering), AvoidLongGCWorkers: 0,249, AvoidOOMGCWorkers: 0,534, NextAvoidOOMGCWorkers: 0,808, LastGCWorkers: 5,000, GCWorkers: 1,308
[2024-02-14T16:49:05.907+0100][debug][gc,director    ] Rule: Allocation Rate (Dynamic GC Workers), MaxAllocRate: 2509,6MB/s (+/-11,7%), Free: 13128MB, GCCPUTime: 2,511, GCDuration: 1,267s, TimeUntilOOM: 4,682s, TimeUntilGC: 3,315s, GCWorkers: 5 -> 2
[2024-02-14T16:49:05.907+0100][debug][gc,director    ] Rule: High Usage, Free: 13128MB(85,5%)
[2024-02-14T16:49:05.907+0100][debug][gc,director    ] Rule: Proactive, UsedUntilEnabled: 368MB, TimeUntilEnabled: 299,486s
[2024-02-14T16:49:06.008+0100][debug][gc,alloc       ] Allocation Rate: 2016,0MB/s, Predicted: 1710,0MB/s, Avg: 1832,4(+/-221,1)MB/s
[2024-02-14T16:49:06.008+0100][debug][gc,director    ] Select GC Workers (Try Lowering), AvoidLongGCWorkers: 0,249, AvoidOOMGCWorkers: 0,552, NextAvoidOOMGCWorkers: 0,822, LastGCWorkers: 5,000, GCWorkers: 1,322
[2024-02-14T16:49:06.008+0100][debug][gc,director    ] Rule: Allocation Rate (Dynamic GC Workers), MaxAllocRate: 2559,9MB/s (+/-12,1%), Free: 12992MB, GCCPUTime: 2,511, GCDuration: 1,267s, TimeUntilOOM: 4,529s, TimeUntilGC: 3,162s, GCWorkers: 5 -> 2
[2024-02-14T16:49:06.008+0100][debug][gc,director    ] Rule: High Usage, Free: 12992MB(84,6%)
[2024-02-14T16:49:06.008+0100][debug][gc,director    ] Rule: Proactive, UsedUntilEnabled: 232MB, TimeUntilEnabled: 299,386s
[2024-02-14T16:49:06.108+0100][debug][gc,alloc       ] Allocation Rate: 1766,0MB/s, Predicted: 1739,3MB/s, Avg: 1804,8(+/-210,2)MB/s
[2024-02-14T16:49:06.108+0100][debug][gc,director    ] Select GC Workers (Try Lowering), AvoidLongGCWorkers: 0,249, AvoidOOMGCWorkers: 0,542, NextAvoidOOMGCWorkers: 0,775, LastGCWorkers: 5,000, GCWorkers: 1,275
[2024-02-14T16:49:06.108+0100][debug][gc,director    ] Rule: Allocation Rate (Dynamic GC Workers), MaxAllocRate: 2496,3MB/s (+/-11,6%), Free: 12850MB, GCCPUTime: 2,511, GCDuration: 1,267s, TimeUntilOOM: 4,611s, TimeUntilGC: 3,244s, GCWorkers: 5 -> 2
[2024-02-14T16:49:06.108+0100][debug][gc,director    ] Rule: High Usage, Free: 12850MB(83,7%)
[2024-02-14T16:49:06.108+0100][debug][gc,director    ] Rule: Proactive, UsedUntilEnabled: 90MB, TimeUntilEnabled: 299,286s
[2024-02-14T16:49:06.207+0100][debug][gc,alloc       ] Allocation Rate: 1726,0MB/s, Predicted: 1781,7MB/s, Avg: 1769,2(+/-189,3)MB/s
[2024-02-14T16:49:06.207+0100][debug][gc,director    ] Select GC Workers (Try Lowering), AvoidLongGCWorkers: 0,249, AvoidOOMGCWorkers: 0,524, NextAvoidOOMGCWorkers: 0,716, LastGCWorkers: 5,000, GCWorkers: 1,216
[2024-02-14T16:49:06.207+0100][debug][gc,director    ] Rule: Allocation Rate (Dynamic GC Workers), MaxAllocRate: 2404,6MB/s (+/-10,7%), Free: 12710MB, GCCPUTime: 2,511, GCDuration: 1,267s, TimeUntilOOM: 4,775s, TimeUntilGC: 3,408s, GCWorkers: 5 -> 2
[2024-02-14T16:49:06.207+0100][debug][gc,director    ] Rule: High Usage, Free: 12710MB(82,7%)
[2024-02-14T16:49:06.207+0100][debug][gc,director    ] Rule: Proactive, AcceptableGCInterval: 25,499s, TimeSinceLastGC: 0,813s, TimeUntilGC: 24,686s
[2024-02-14T16:49:06.307+0100][debug][gc,alloc       ] Allocation Rate: 1780,0MB/s, Predicted: 1854,5MB/s, Avg: 1744,6(+/-169,3)MB/s
[2024-02-14T16:49:06.307+0100][debug][gc,director    ] Select GC Workers (Try Lowering), AvoidLongGCWorkers: 0,249, AvoidOOMGCWorkers: 0,526, NextAvoidOOMGCWorkers: 0,701, LastGCWorkers: 5,000, GCWorkers: 1,201
[2024-02-14T16:49:06.307+0100][debug][gc,director    ] Rule: Allocation Rate (Dynamic GC Workers), MaxAllocRate: 2411,5MB/s (+/-9,7%), Free: 12568MB, GCCPUTime: 2,511, GCDuration: 1,267s, TimeUntilOOM: 4,751s, TimeUntilGC: 3,384s, GCWorkers: 5 -> 2
[2024-02-14T16:49:06.308+0100][debug][gc,director    ] Rule: High Usage, Free: 12568MB(81,8%)
[2024-02-14T16:49:06.308+0100][debug][gc,director    ] Rule: Proactive, AcceptableGCInterval: 25,499s, TimeSinceLastGC: 0,914s, TimeUntilGC: 24,586s
[2024-02-14T16:49:06.408+0100][debug][gc,alloc       ] Allocation Rate: 1850,0MB/s, Predicted: 1926,4MB/s, Avg: 1744,0(+/-168,9)MB/s
[2024-02-14T16:49:06.408+0100][debug][gc,director    ] Select GC Workers (Try Lowering), AvoidLongGCWorkers: 0,249, AvoidOOMGCWorkers: 0,548, NextAvoidOOMGCWorkers: 0,718, LastGCWorkers: 5,000, GCWorkers: 1,218
[2024-02-14T16:49:06.408+0100][debug][gc,director    ] Rule: Allocation Rate (Dynamic GC Workers), MaxAllocRate: 2482,1MB/s (+/-9,7%), Free: 12426MB, GCCPUTime: 2,511, GCDuration: 1,267s, TimeUntilOOM: 4,564s, TimeUntilGC: 3,197s, GCWorkers: 5 -> 2
[2024-02-14T16:49:06.408+0100][debug][gc,director    ] Rule: High Usage, Free: 12426MB(80,9%)
[2024-02-14T16:49:06.408+0100][debug][gc,director    ] Rule: Proactive, AcceptableGCInterval: 25,499s, TimeSinceLastGC: 1,014s, TimeUntilGC: 24,485s
[2024-02-14T16:49:06.507+0100][debug][gc,alloc       ] Allocation Rate: 2236,0MB/s, Predicted: 2068,8MB/s, Avg: 1813,6(+/-209,1)MB/s
[2024-02-14T16:49:06.507+0100][debug][gc,director    ] Select GC Workers (Try Lowering), AvoidLongGCWorkers: 0,249, AvoidOOMGCWorkers: 0,647, NextAvoidOOMGCWorkers: 0,867, LastGCWorkers: 5,000, GCWorkers: 1,367
[2024-02-14T16:49:06.507+0100][debug][gc,director    ] Rule: Allocation Rate (Dynamic GC Workers), MaxAllocRate: 2756,8MB/s (+/-11,5%), Free: 11902MB, GCCPUTime: 2,511, GCDuration: 1,267s, TimeUntilOOM: 3,871s, TimeUntilGC: 2,504s, GCWorkers: 5 -> 2
[2024-02-14T16:49:06.507+0100][debug][gc,director    ] Rule: High Usage, Free: 11902MB(77,5%)
[2024-02-14T16:49:06.507+0100][debug][gc,director    ] Rule: Proactive, AcceptableGCInterval: 25,499s, TimeSinceLastGC: 1,113s, TimeUntilGC: 24,386s
[2024-02-14T16:49:06.607+0100][debug][gc,alloc       ] Allocation Rate: 2296,0MB/s, Predicted: 2198,9MB/s, Avg: 1885,4(+/-237,2)MB/s
[2024-02-14T16:49:06.607+0100][debug][gc,director    ] Select GC Workers (Try Lowering), AvoidLongGCWorkers: 0,249, AvoidOOMGCWorkers: 0,718, NextAvoidOOMGCWorkers: 0,961, LastGCWorkers: 5,000, GCWorkers: 1,461
[2024-02-14T16:49:06.607+0100][debug][gc,director    ] Rule: Allocation Rate (Dynamic GC Workers), MaxAllocRate: 2979,6MB/s (+/-12,6%), Free: 11702MB, GCCPUTime: 2,511, GCDuration: 1,267s, TimeUntilOOM: 3,488s, TimeUntilGC: 2,122s, GCWorkers: 5 -> 2
[2024-02-14T16:49:06.607+0100][debug][gc,director    ] Rule: High Usage, Free: 11702MB(76,2%)
[2024-02-14T16:49:06.607+0100][debug][gc,director    ] Rule: Proactive, AcceptableGCInterval: 25,499s, TimeSinceLastGC: 1,214s, TimeUntilGC: 24,286s
[2024-02-14T16:49:06.708+0100][debug][gc,alloc       ] Allocation Rate: 2294,0MB/s, Predicted: 2281,5MB/s, Avg: 1956,6(+/-242,3)MB/s
[2024-02-14T16:49:06.708+0100][debug][gc,director    ] Select GC Workers (Try Lowering), AvoidLongGCWorkers: 0,249, AvoidOOMGCWorkers: 0,750, NextAvoidOOMGCWorkers: 0,979, LastGCWorkers: 5,000, GCWorkers: 1,479
[2024-02-14T16:49:06.708+0100][debug][gc,director    ] Rule: Allocation Rate (Dynamic GC Workers), MaxAllocRate: 3078,7MB/s (+/-12,4%), Free: 11560MB, GCCPUTime: 2,511, GCDuration: 1,267s, TimeUntilOOM: 3,341s, TimeUntilGC: 1,974s, GCWorkers: 5 -> 2
[2024-02-14T16:49:06.708+0100][debug][gc,director    ] Rule: High Usage, Free: 11560MB(75,3%)
[2024-02-14T16:49:06.708+0100][debug][gc,director    ] Rule: Proactive, AcceptableGCInterval: 25,499s, TimeSinceLastGC: 1,314s, TimeUntilGC: 24,185s
[2024-02-14T16:49:06.808+0100][debug][gc,alloc       ] Allocation Rate: 2294,0MB/s, Predicted: 2316,5MB/s, Avg: 2027,8(+/-225,8)MB/s
[2024-02-14T16:49:06.808+0100][debug][gc,director    ] Select GC Workers (Try Lowering), AvoidLongGCWorkers: 0,249, AvoidOOMGCWorkers: 0,746, NextAvoidOOMGCWorkers: 0,936, LastGCWorkers: 5,000, GCWorkers: 1,436
[2024-02-14T16:49:06.808+0100][debug][gc,director    ] Rule: Allocation Rate (Dynamic GC Workers), MaxAllocRate: 3059,5MB/s (+/-11,1%), Free: 11418MB, GCCPUTime: 2,511, GCDuration: 1,267s, TimeUntilOOM: 3,358s, TimeUntilGC: 1,991s, GCWorkers: 5 -> 2
[2024-02-14T16:49:06.808+0100][debug][gc,director    ] Rule: High Usage, Free: 11418MB(74,3%)
[2024-02-14T16:49:06.808+0100][debug][gc,director    ] Rule: Proactive, AcceptableGCInterval: 25,499s, TimeSinceLastGC: 1,414s, TimeUntilGC: 24,085s
[2024-02-14T16:49:06.907+0100][debug][gc,alloc       ] Allocation Rate: 1852,0MB/s, Predicted: 2244,1MB/s, Avg: 2011,0(+/-231,9)MB/s
[2024-02-14T16:49:06.907+0100][debug][gc,director    ] Select GC Workers (Try Lowering), AvoidLongGCWorkers: 0,249, AvoidOOMGCWorkers: 0,745, NextAvoidOOMGCWorkers: 0,901, LastGCWorkers: 5,000, GCWorkers: 1,401
[2024-02-14T16:49:06.907+0100][debug][gc,director    ] Rule: Allocation Rate (Dynamic GC Workers), MaxAllocRate: 3007,3MB/s (+/-11,5%), Free: 11278MB, GCCPUTime: 2,511, GCDuration: 1,267s, TimeUntilOOM: 3,362s, TimeUntilGC: 1,996s, GCWorkers: 5 -> 2
[2024-02-14T16:49:06.907+0100][debug][gc,director    ] Rule: High Usage, Free: 11278MB(73,4%)
[2024-02-14T16:49:06.907+0100][debug][gc,director    ] Rule: Proactive, AcceptableGCInterval: 25,499s, TimeSinceLastGC: 1,514s, TimeUntilGC: 23,986s
[2024-02-14T16:49:07.008+0100][debug][gc,alloc       ] Allocation Rate: 1858,0MB/s, Predicted: 2184,3MB/s, Avg: 1995,2(+/-236,4)MB/s
[2024-02-14T16:49:07.008+0100][debug][gc,director    ] Select GC Workers (Try Lowering), AvoidLongGCWorkers: 0,249, AvoidOOMGCWorkers: 0,746, NextAvoidOOMGCWorkers: 0,870, LastGCWorkers: 5,000, GCWorkers: 1,370
[2024-02-14T16:49:07.008+0100][debug][gc,director    ] Rule: Allocation Rate (Dynamic GC Workers), MaxAllocRate: 2962,1MB/s (+/-11,8%), Free: 11134MB, GCCPUTime: 2,511, GCDuration: 1,267s, TimeUntilOOM: 3,361s, TimeUntilGC: 1,994s, GCWorkers: 5 -> 2
[2024-02-14T16:49:07.008+0100][debug][gc,director    ] Rule: High Usage, Free: 11134MB(72,5%)
[2024-02-14T16:49:07.008+0100][debug][gc,director    ] Rule: Proactive, AcceptableGCInterval: 25,499s, TimeSinceLastGC: 1,614s, TimeUntilGC: 23,886s
[2024-02-14T16:49:07.108+0100][debug][gc,alloc       ] Allocation Rate: 2298,0MB/s, Predicted: 2244,3MB/s, Avg: 2048,4(+/-238,7)MB/s
[2024-02-14T16:49:07.108+0100][debug][gc,director    ] Select GC Workers (Try Lowering), AvoidLongGCWorkers: 0,249, AvoidOOMGCWorkers: 0,804, NextAvoidOOMGCWorkers: 0,915, LastGCWorkers: 5,000, GCWorkers: 1,415
[2024-02-14T16:49:07.108+0100][debug][gc,director    ] Rule: Allocation Rate (Dynamic GC Workers), MaxAllocRate: 3029,6MB/s (+/-11,7%), Free: 10552MB, GCCPUTime: 2,511, GCDuration: 1,267s, TimeUntilOOM: 3,120s, TimeUntilGC: 1,753s, GCWorkers: 5 -> 2
[2024-02-14T16:49:07.108+0100][debug][gc,director    ] Rule: High Usage, Free: 10550MB(68,7%)
[2024-02-14T16:49:07.108+0100][debug][gc,director    ] Rule: Proactive, AcceptableGCInterval: 25,499s, TimeSinceLastGC: 1,714s, TimeUntilGC: 23,785s
[2024-02-14T16:49:07.207+0100][debug][gc,alloc       ] Allocation Rate: 2306,0MB/s, Predicted: 2261,3MB/s, Avg: 2106,4(+/-223,2)MB/s
[2024-02-14T16:49:07.207+0100][debug][gc,director    ] Select GC Workers (Try Lowering), AvoidLongGCWorkers: 0,249, AvoidOOMGCWorkers: 0,798, NextAvoidOOMGCWorkers: 0,876, LastGCWorkers: 5,000, GCWorkers: 1,376
[2024-02-14T16:49:07.207+0100][debug][gc,director    ] Rule: Allocation Rate (Dynamic GC Workers), MaxAllocRate: 2995,9MB/s (+/-10,6%), Free: 10404MB, GCCPUTime: 2,511, GCDuration: 1,267s, TimeUntilOOM: 3,140s, TimeUntilGC: 1,773s, GCWorkers: 5 -> 2
[2024-02-14T16:49:07.207+0100][debug][gc,director    ] Rule: High Usage, Free: 10404MB(67,7%)
[2024-02-14T16:49:07.207+0100][debug][gc,director    ] Rule: Proactive, AcceptableGCInterval: 25,499s, TimeSinceLastGC: 1,813s, TimeUntilGC: 23,686s
[2024-02-14T16:49:07.307+0100][debug][gc,alloc       ] Allocation Rate: 2304,0MB/s, Predicted: 2253,3MB/s, Avg: 2158,8(+/-200,9)MB/s
[2024-02-14T16:49:07.307+0100][debug][gc,director    ] Select GC Workers (Try Lowering), AvoidLongGCWorkers: 0,249, AvoidOOMGCWorkers: 0,778, NextAvoidOOMGCWorkers: 0,824, LastGCWorkers: 5,000, GCWorkers: 1,324
[2024-02-14T16:49:07.307+0100][debug][gc,director    ] Rule: Allocation Rate (Dynamic GC Workers), MaxAllocRate: 2914,3MB/s (+/-9,3%), Free: 10262MB, GCCPUTime: 2,511, GCDuration: 1,267s, TimeUntilOOM: 3,222s, TimeUntilGC: 1,855s, GCWorkers: 5 -> 2
[2024-02-14T16:49:07.307+0100][debug][gc,director    ] Rule: High Usage, Free: 10262MB(66,8%)
[2024-02-14T16:49:07.307+0100][debug][gc,director    ] Rule: Proactive, AcceptableGCInterval: 25,499s, TimeSinceLastGC: 1,914s, TimeUntilGC: 23,586s
[2024-02-14T16:49:07.408+0100][debug][gc,alloc       ] Allocation Rate: 2304,0MB/s, Predicted: 2229,1MB/s, Avg: 2204,2(+/-175,7)MB/s
[2024-02-14T16:49:07.408+0100][debug][gc,director    ] Select GC Workers (Try Lowering), AvoidLongGCWorkers: 0,249, AvoidOOMGCWorkers: 0,750, NextAvoidOOMGCWorkers: 0,768, LastGCWorkers: 5,000, GCWorkers: 1,268
[2024-02-14T16:49:07.408+0100][debug][gc,director    ] Rule: Allocation Rate (Dynamic GC Workers), MaxAllocRate: 2807,1MB/s (+/-8,0%), Free: 10122MB, GCCPUTime: 2,511, GCDuration: 1,267s, TimeUntilOOM: 3,340s, TimeUntilGC: 1,973s, GCWorkers: 5 -> 2
[2024-02-14T16:49:07.408+0100][debug][gc,director    ] Rule: High Usage, Free: 10122MB(65,9%)
[2024-02-14T16:49:07.408+0100][debug][gc,director    ] Rule: Proactive, AcceptableGCInterval: 25,499s, TimeSinceLastGC: 2,014s, TimeUntilGC: 23,485s
[2024-02-14T16:49:07.508+0100][debug][gc,alloc       ] Allocation Rate: 1894,0MB/s, Predicted: 2113,5MB/s, Avg: 2170,0(+/-198,0)MB/s
[2024-02-14T16:49:07.508+0100][debug][gc,director    ] Select GC Workers (Try Lowering), AvoidLongGCWorkers: 0,249, AvoidOOMGCWorkers: 0,771, NextAvoidOOMGCWorkers: 0,765, LastGCWorkers: 5,000, GCWorkers: 1,265
[2024-02-14T16:49:07.508+0100][debug][gc,director    ] Rule: Allocation Rate (Dynamic GC Workers), MaxAllocRate: 2821,5MB/s (+/-9,1%), Free: 10012MB, GCCPUTime: 2,511, GCDuration: 1,267s, TimeUntilOOM: 3,252s, TimeUntilGC: 1,885s, GCWorkers: 5 -> 2
[2024-02-14T16:49:07.508+0100][debug][gc,director    ] Rule: High Usage, Free: 10012MB(65,2%)
[2024-02-14T16:49:07.508+0100][debug][gc,director    ] Rule: Proactive, AcceptableGCInterval: 25,499s, TimeSinceLastGC: 2,114s, TimeUntilGC: 23,385s
[2024-02-14T16:49:07.607+0100][debug][gc,alloc       ] Allocation Rate: 1768,0MB/s, Predicted: 1986,3MB/s, Avg: 2117,2(+/-225,8)MB/s
[2024-02-14T16:49:07.607+0100][debug][gc,director    ] Select GC Workers (Try Lowering), AvoidLongGCWorkers: 0,249, AvoidOOMGCWorkers: 0,799, NextAvoidOOMGCWorkers: 0,768, LastGCWorkers: 5,000, GCWorkers: 1,268
[2024-02-14T16:49:07.607+0100][debug][gc,director    ] Rule: Allocation Rate (Dynamic GC Workers), MaxAllocRate: 2860,2MB/s (+/-10,7%), Free: 9934MB, GCCPUTime: 2,511, GCDuration: 1,267s, TimeUntilOOM: 3,138s, TimeUntilGC: 1,771s, GCWorkers: 5 -> 2
[2024-02-14T16:49:07.607+0100][debug][gc,director    ] Rule: High Usage, Free: 9934MB(64,7%)
[2024-02-14T16:49:07.607+0100][debug][gc,director    ] Rule: Proactive, AcceptableGCInterval: 25,499s, TimeSinceLastGC: 2,213s, TimeUntilGC: 23,286s
[2024-02-14T16:49:07.707+0100][debug][gc,alloc       ] Allocation Rate: 1706,0MB/s, Predicted: 1868,9MB/s, Avg: 2058,4(+/-247,6)MB/s
[2024-02-14T16:49:07.707+0100][debug][gc,director    ] Select GC Workers (Try Lowering), AvoidLongGCWorkers: 0,249, AvoidOOMGCWorkers: 0,819, NextAvoidOOMGCWorkers: 0,763, LastGCWorkers: 5,000, GCWorkers: 1,263
[2024-02-14T16:49:07.707+0100][debug][gc,director    ] Rule: Allocation Rate (Dynamic GC Workers), MaxAllocRate: 2873,2MB/s (+/-12,0%), Free: 9854MB, GCCPUTime: 2,511, GCDuration: 1,267s, TimeUntilOOM: 3,061s, TimeUntilGC: 1,694s, GCWorkers: 5 -> 2
[2024-02-14T16:49:07.707+0100][debug][gc,director    ] Rule: High Usage, Free: 9854MB(64,2%)
[2024-02-14T16:49:07.707+0100][debug][gc,director    ] Rule: Proactive, AcceptableGCInterval: 25,499s, TimeSinceLastGC: 2,314s, TimeUntilGC: 23,186s
[2024-02-14T16:49:07.808+0100][debug][gc,alloc       ] Allocation Rate: 1646,0MB/s, Predicted: 1766,8MB/s, Avg: 1993,6(+/-261,9)MB/s
[2024-02-14T16:49:07.808+0100][debug][gc,director    ] Select GC Workers (Try Lowering), AvoidLongGCWorkers: 0,249, AvoidOOMGCWorkers: 0,829, NextAvoidOOMGCWorkers: 0,748, LastGCWorkers: 5,000, GCWorkers: 1,248
[2024-02-14T16:49:07.808+0100][debug][gc,director    ] Rule: Allocation Rate (Dynamic GC Workers), MaxAllocRate: 2855,3MB/s (+/-13,1%), Free: 9772MB, GCCPUTime: 2,511, GCDuration: 1,267s, TimeUntilOOM: 3,025s, TimeUntilGC: 1,658s, GCWorkers: 5 -> 2
[2024-02-14T16:49:07.808+0100][debug][gc,director    ] Rule: High Usage, Free: 9772MB(63,6%)
[2024-02-14T16:49:07.808+0100][debug][gc,director    ] Rule: Proactive, AcceptableGCInterval: 25,499s, TimeSinceLastGC: 2,414s, TimeUntilGC: 23,085s
[2024-02-14T16:49:07.908+0100][debug][gc,alloc       ] Allocation Rate: 1784,0MB/s, Predicted: 1645,2MB/s, Avg: 1986,8(+/-266,3)MB/s
[2024-02-14T16:49:07.908+0100][debug][gc,director    ] Select GC Workers (Try Lowering), AvoidLongGCWorkers: 0,249, AvoidOOMGCWorkers: 0,858, NextAvoidOOMGCWorkers: 0,749, LastGCWorkers: 5,000, GCWorkers: 1,249
[2024-02-14T16:49:07.908+0100][debug][gc,director    ] Rule: Allocation Rate (Dynamic GC Workers), MaxAllocRate: 2863,1MB/s (+/-13,4%), Free: 9486MB, GCCPUTime: 2,511, GCDuration: 1,267s, TimeUntilOOM: 2,922s, TimeUntilGC: 1,555s, GCWorkers: 5 -> 2
[2024-02-14T16:49:07.908+0100][debug][gc,director    ] Rule: High Usage, Free: 9486MB(61,8%)
[2024-02-14T16:49:07.908+0100][debug][gc,director    ] Rule: Proactive, AcceptableGCInterval: 25,499s, TimeSinceLastGC: 2,514s, TimeUntilGC: 22,985s
[2024-02-14T16:49:08.007+0100][debug][gc,alloc       ] Allocation Rate: 1938,0MB/s, Predicted: 1591,3MB/s, Avg: 1994,8(+/-263,5)MB/s
[2024-02-14T16:49:08.007+0100][debug][gc,director    ] Select GC Workers (Try Lowering), AvoidLongGCWorkers: 0,249, AvoidOOMGCWorkers: 0,883, NextAvoidOOMGCWorkers: 0,745, LastGCWorkers: 5,000, GCWorkers: 1,245
[2024-02-14T16:49:08.007+0100][debug][gc,director    ] Rule: Allocation Rate (Dynamic GC Workers), MaxAllocRate: 2861,8MB/s (+/-13,2%), Free: 9200MB, GCCPUTime: 2,511, GCDuration: 1,267s, TimeUntilOOM: 2,840s, TimeUntilGC: 1,473s, GCWorkers: 5 -> 2
[2024-02-14T16:49:08.007+0100][debug][gc,director    ] Rule: High Usage, Free: 9200MB(59,9%)
[2024-02-14T16:49:08.007+0100][debug][gc,director    ] Rule: Proactive, AcceptableGCInterval: 25,499s, TimeSinceLastGC: 2,614s, TimeUntilGC: 22,886s
[2024-02-14T16:49:08.108+0100][debug][gc,alloc       ] Allocation Rate: 1426,0MB/s, Predicted: 1444,7MB/s, Avg: 1907,6(+/-291,5)MB/s
[2024-02-14T16:49:08.108+0100][debug][gc,director    ] Select GC Workers (Unsteady), AvoidLongGCWorkers: 0,249, AvoidOOMGCWorkers: 0,906, LastGCWorkers: 5,000, HalfGCWorkers: 2,500, GCWorkers: 5,000
[2024-02-14T16:49:08.108+0100][debug][gc,director    ] Rule: Allocation Rate (Dynamic GC Workers), MaxAllocRate: 2866,9MB/s (+/-15,3%), Free: 9148MB, GCCPUTime: 2,511, GCDuration: 0,520s, TimeUntilOOM: 2,768s, TimeUntilGC: 2,148s, GCWorkers: 5 -> 5
[2024-02-14T16:49:08.108+0100][debug][gc,director    ] Rule: High Usage, Free: 9148MB(59,6%)
[2024-02-14T16:49:08.108+0100][debug][gc,director    ] Rule: Proactive, AcceptableGCInterval: 25,499s, TimeSinceLastGC: 2,714s, TimeUntilGC: 22,786s
[2024-02-14T16:49:08.208+0100][debug][gc,alloc       ] Allocation Rate: 1356,0MB/s, Predicted: 1330,3MB/s, Avg: 1812,6(+/-300,9)MB/s
[2024-02-14T16:49:08.208+0100][debug][gc,director    ] Select GC Workers (Unsteady), AvoidLongGCWorkers: 0,249, AvoidOOMGCWorkers: 0,904, LastGCWorkers: 5,000, HalfGCWorkers: 2,500, GCWorkers: 5,000
[2024-02-14T16:49:08.208+0100][debug][gc,director    ] Rule: Allocation Rate (Dynamic GC Workers), MaxAllocRate: 2802,6MB/s (+/-16,6%), Free: 9068MB, GCCPUTime: 2,511, GCDuration: 0,520s, TimeUntilOOM: 2,775s, TimeUntilGC: 2,155s, GCWorkers: 5 -> 5
[2024-02-14T16:49:08.208+0100][debug][gc,director    ] Rule: High Usage, Free: 9068MB(59,0%)
[2024-02-14T16:49:08.208+0100][debug][gc,director    ] Rule: Proactive, AcceptableGCInterval: 25,499s, TimeSinceLastGC: 2,814s, TimeUntilGC: 22,685s
[2024-02-14T16:49:08.307+0100][debug][gc,alloc       ] Allocation Rate: 1296,0MB/s, Predicted: 1254,7MB/s, Avg: 1711,8(+/-287,9)MB/s
[2024-02-14T16:49:08.307+0100][debug][gc,director    ] Select GC Workers (Unsteady), AvoidLongGCWorkers: 0,249, AvoidOOMGCWorkers: 0,867, LastGCWorkers: 5,000, HalfGCWorkers: 2,500, GCWorkers: 5,000
[2024-02-14T16:49:08.307+0100][debug][gc,director    ] Rule: Allocation Rate (Dynamic GC Workers), MaxAllocRate: 2659,2MB/s (+/-16,8%), Free: 8988MB, GCCPUTime: 2,511, GCDuration: 0,520s, TimeUntilOOM: 2,893s, TimeUntilGC: 2,273s, GCWorkers: 5 -> 5
[2024-02-14T16:49:08.307+0100][debug][gc,director    ] Rule: High Usage, Free: 8988MB(58,5%)
[2024-02-14T16:49:08.307+0100][debug][gc,director    ] Rule: Proactive, AcceptableGCInterval: 25,499s, TimeSinceLastGC: 2,913s, TimeUntilGC: 22,586s
[2024-02-14T16:49:08.407+0100][debug][gc,alloc       ] Allocation Rate: 1234,0MB/s, Predicted: 1221,5MB/s, Avg: 1604,8(+/-243,3)MB/s
[2024-02-14T16:49:08.407+0100][debug][gc,director    ] Select GC Workers (Unsteady), AvoidLongGCWorkers: 0,249, AvoidOOMGCWorkers: 0,779, LastGCWorkers: 5,000, HalfGCWorkers: 2,500, GCWorkers: 5,000
[2024-02-14T16:49:08.407+0100][debug][gc,director    ] Rule: Allocation Rate (Dynamic GC Workers), MaxAllocRate: 2405,5MB/s (+/-15,2%), Free: 8908MB, GCCPUTime: 2,511, GCDuration: 0,520s, TimeUntilOOM: 3,216s, TimeUntilGC: 2,595s, GCWorkers: 5 -> 5
[2024-02-14T16:49:08.408+0100][debug][gc,director    ] Rule: High Usage, Free: 8908MB(58,0%)
[2024-02-14T16:49:08.408+0100][debug][gc,director    ] Rule: Proactive, AcceptableGCInterval: 25,499s, TimeSinceLastGC: 3,014s, TimeUntilGC: 22,486s
[2024-02-14T16:49:08.508+0100][debug][gc,alloc       ] Allocation Rate: 1204,0MB/s, Predicted: 1138,3MB/s, Avg: 1535,8(+/-249,3)MB/s
[2024-02-14T16:49:08.508+0100][debug][gc,director    ] Select GC Workers (Unsteady), AvoidLongGCWorkers: 0,249, AvoidOOMGCWorkers: 0,777, LastGCWorkers: 5,000, HalfGCWorkers: 2,500, GCWorkers: 5,000
[2024-02-14T16:49:08.508+0100][debug][gc,director    ] Rule: Allocation Rate (Dynamic GC Workers), MaxAllocRate: 2356,1MB/s (+/-16,2%), Free: 8828MB, GCCPUTime: 2,511, GCDuration: 0,520s, TimeUntilOOM: 3,224s, TimeUntilGC: 2,603s, GCWorkers: 5 -> 5
[2024-02-14T16:49:08.508+0100][debug][gc,director    ] Rule: High Usage, Free: 8828MB(57,5%)
[2024-02-14T16:49:08.508+0100][debug][gc,director    ] Rule: Proactive, AcceptableGCInterval: 25,499s, TimeSinceLastGC: 3,114s, TimeUntilGC: 22,385s
[2024-02-14T16:49:08.608+0100][debug][gc,alloc       ] Allocation Rate: 1204,0MB/s, Predicted: 1067,5MB/s, Avg: 1479,4(+/-254,1)MB/s
[2024-02-14T16:49:08.608+0100][debug][gc,director    ] Select GC Workers (Unsteady), AvoidLongGCWorkers: 0,249, AvoidOOMGCWorkers: 0,777, LastGCWorkers: 5,000, HalfGCWorkers: 2,500, GCWorkers: 5,000
[2024-02-14T16:49:08.608+0100][debug][gc,director    ] Rule: Allocation Rate (Dynamic GC Workers), MaxAllocRate: 2315,6MB/s (+/-17,2%), Free: 8748MB, GCCPUTime: 2,511, GCDuration: 0,520s, TimeUntilOOM: 3,224s, TimeUntilGC: 2,604s, GCWorkers: 5 -> 5
[2024-02-14T16:49:08.608+0100][debug][gc,director    ] Rule: High Usage, Free: 8748MB(57,0%)
[2024-02-14T16:49:08.608+0100][debug][gc,director    ] Rule: Proactive, AcceptableGCInterval: 25,499s, TimeSinceLastGC: 3,214s, TimeUntilGC: 22,285s
[2024-02-14T16:49:08.707+0100][debug][gc,alloc       ] Allocation Rate: 1204,0MB/s, Predicted: 1017,7MB/s, Avg: 1429,2(+/-254,0)MB/s
[2024-02-14T16:49:08.707+0100][debug][gc,director    ] Select GC Workers (Unsteady), AvoidLongGCWorkers: 0,249, AvoidOOMGCWorkers: 0,771, LastGCWorkers: 5,000, HalfGCWorkers: 2,500, GCWorkers: 5,000
[2024-02-14T16:49:08.707+0100][debug][gc,director    ] Rule: Allocation Rate (Dynamic GC Workers), MaxAllocRate: 2265,0MB/s (+/-17,8%), Free: 8670MB, GCCPUTime: 2,511, GCDuration: 0,520s, TimeUntilOOM: 3,250s, TimeUntilGC: 2,630s, GCWorkers: 5 -> 5
[2024-02-14T16:49:08.707+0100][debug][gc,director    ] Rule: High Usage, Free: 8670MB(56,4%)
[2024-02-14T16:49:08.707+0100][debug][gc,director    ] Rule: Proactive, AcceptableGCInterval: 25,499s, TimeSinceLastGC: 3,314s, TimeUntilGC: 22,186s
[2024-02-14T16:49:08.808+0100][debug][gc,alloc       ] Allocation Rate: 1200,0MB/s, Predicted: 983,9MB/s, Avg: 1384,6(+/-251,1)MB/s
[2024-02-14T16:49:08.808+0100][debug][gc,director    ] Select GC Workers (Unsteady), AvoidLongGCWorkers: 0,249, AvoidOOMGCWorkers: 0,762, LastGCWorkers: 5,000, HalfGCWorkers: 2,500, GCWorkers: 5,000
[2024-02-14T16:49:08.808+0100][debug][gc,director    ] Rule: Allocation Rate (Dynamic GC Workers), MaxAllocRate: 2211,0MB/s (+/-18,1%), Free: 8590MB, GCCPUTime: 2,511, GCDuration: 0,520s, TimeUntilOOM: 3,289s, TimeUntilGC: 2,668s, GCWorkers: 5 -> 5
[2024-02-14T16:49:08.808+0100][debug][gc,director    ] Rule: High Usage, Free: 8590MB(55,9%)
[2024-02-14T16:49:08.808+0100][debug][gc,director    ] Rule: Proactive, AcceptableGCInterval: 25,499s, TimeSinceLastGC: 3,414s, TimeUntilGC: 22,086s
[2024-02-14T16:49:08.908+0100][debug][gc,alloc       ] Allocation Rate: 1002,0MB/s, Predicted: 937,3MB/s, Avg: 1306,4(+/-235,9)MB/s
[2024-02-14T16:49:08.908+0100][debug][gc,director    ] Select GC Workers (Unsteady), AvoidLongGCWorkers: 0,249, AvoidOOMGCWorkers: 0,724, LastGCWorkers: 5,000, HalfGCWorkers: 2,500, GCWorkers: 5,000
[2024-02-14T16:49:08.908+0100][debug][gc,director    ] Rule: Allocation Rate (Dynamic GC Workers), MaxAllocRate: 2082,6MB/s (+/-18,1%), Free: 8510MB, GCCPUTime: 2,511, GCDuration: 0,520s, TimeUntilOOM: 3,461s, TimeUntilGC: 2,841s, GCWorkers: 5 -> 5
[2024-02-14T16:49:08.908+0100][debug][gc,director    ] Rule: High Usage, Free: 8510MB(55,4%)
[2024-02-14T16:49:08.908+0100][debug][gc,director    ] Rule: Proactive, AcceptableGCInterval: 25,499s, TimeSinceLastGC: 3,514s, TimeUntilGC: 21,985s
[2024-02-14T16:49:09.007+0100][debug][gc,alloc       ] Allocation Rate: 866,0MB/s, Predicted: 929,6MB/s, Avg: 1199,2(+/-153,8)MB/s
[2024-02-14T16:49:09.007+0100][debug][gc,director    ] Select GC Workers (Try Lowering), AvoidLongGCWorkers: 0,249, AvoidOOMGCWorkers: 0,578, NextAvoidOOMGCWorkers: 0,427, LastGCWorkers: 5,000, GCWorkers: 1,000
[2024-02-14T16:49:09.007+0100][debug][gc,director    ] Rule: Allocation Rate (Dynamic GC Workers), MaxAllocRate: 1705,3MB/s (+/-12,8%), Free: 8324MB, GCCPUTime: 2,511, GCDuration: 2,511s, TimeUntilOOM: 4,326s, TimeUntilGC: 1,715s, GCWorkers: 5 -> 1
[2024-02-14T16:49:09.007+0100][debug][gc,director    ] Rule: High Usage, Free: 8324MB(54,2%)
[2024-02-14T16:49:09.007+0100][debug][gc,director    ] Rule: Proactive, AcceptableGCInterval: 25,499s, TimeSinceLastGC: 3,613s, TimeUntilGC: 21,886s
[2024-02-14T16:49:09.107+0100][debug][gc,alloc       ] Allocation Rate: 1108,0MB/s, Predicted: 953,6MB/s, Avg: 1167,4(+/-135,4)MB/s
[2024-02-14T16:49:09.107+0100][debug][gc,director    ] Select GC Workers (Try Lowering), AvoidLongGCWorkers: 0,249, AvoidOOMGCWorkers: 0,562, NextAvoidOOMGCWorkers: 0,411, LastGCWorkers: 5,000, GCWorkers: 1,000
[2024-02-14T16:49:09.107+0100][debug][gc,director    ] Rule: Allocation Rate (Dynamic GC Workers), MaxAllocRate: 1613,0MB/s (+/-11,6%), Free: 8014MB, GCCPUTime: 2,511, GCDuration: 2,511s, TimeUntilOOM: 4,452s, TimeUntilGC: 1,841s, GCWorkers: 5 -> 1
[2024-02-14T16:49:09.107+0100][debug][gc,director    ] Rule: High Usage, Free: 8014MB(52,2%)
[2024-02-14T16:49:09.107+0100][debug][gc,director    ] Rule: Proactive, AcceptableGCInterval: 25,499s, TimeSinceLastGC: 3,714s, TimeUntilGC: 21,786s
[2024-02-14T16:49:09.208+0100][debug][gc,alloc       ] Allocation Rate: 1200,0MB/s, Predicted: 1016,9MB/s, Avg: 1151,8(+/-121,0)MB/s
[2024-02-14T16:49:09.208+0100][debug][gc,director    ] Select GC Workers (Try Lowering), AvoidLongGCWorkers: 0,249, AvoidOOMGCWorkers: 0,544, NextAvoidOOMGCWorkers: 0,395, LastGCWorkers: 5,000, GCWorkers: 1,000
[2024-02-14T16:49:09.208+0100][debug][gc,director    ] Rule: Allocation Rate (Dynamic GC Workers), MaxAllocRate: 1550,0MB/s (+/-10,5%), Free: 7872MB, GCCPUTime: 2,511, GCDuration: 2,511s, TimeUntilOOM: 4,596s, TimeUntilGC: 1,985s, GCWorkers: 5 -> 1
[2024-02-14T16:49:09.208+0100][debug][gc,director    ] Rule: High Usage, Free: 7872MB(51,2%)
[2024-02-14T16:49:09.208+0100][debug][gc,director    ] Rule: Proactive, AcceptableGCInterval: 25,499s, TimeSinceLastGC: 3,814s, TimeUntilGC: 21,685s
[2024-02-14T16:49:09.308+0100][debug][gc,alloc       ] Allocation Rate: 1188,0MB/s, Predicted: 1069,9MB/s, Avg: 1141,0(+/-112,1)MB/s
[2024-02-14T16:49:09.308+0100][debug][gc,director    ] Select GC Workers (Try Lowering), AvoidLongGCWorkers: 0,249, AvoidOOMGCWorkers: 0,531, NextAvoidOOMGCWorkers: 0,382, LastGCWorkers: 5,000, GCWorkers: 1,000
[2024-02-14T16:49:09.308+0100][debug][gc,director    ] Rule: Allocation Rate (Dynamic GC Workers), MaxAllocRate: 1510,0MB/s (+/-9,8%), Free: 7804MB, GCCPUTime: 2,511, GCDuration: 2,511s, TimeUntilOOM: 4,706s, TimeUntilGC: 2,094s, GCWorkers: 5 -> 1
[2024-02-14T16:49:09.308+0100][debug][gc,director    ] Rule: High Usage, Free: 7804MB(50,8%)
[2024-02-14T16:49:09.308+0100][debug][gc,director    ] Rule: Proactive, AcceptableGCInterval: 25,499s, TimeSinceLastGC: 3,914s, TimeUntilGC: 21,585s
[2024-02-14T16:49:09.407+0100][debug][gc,alloc       ] Allocation Rate: 1186,0MB/s, Predicted: 1112,7MB/s, Avg: 1136,2(+/-109,0)MB/s
[2024-02-14T16:49:09.407+0100][debug][gc,director    ] Select GC Workers (Try Lowering), AvoidLongGCWorkers: 0,249, AvoidOOMGCWorkers: 0,530, NextAvoidOOMGCWorkers: 0,376, LastGCWorkers: 5,000, GCWorkers: 1,000
[2024-02-14T16:49:09.407+0100][debug][gc,director    ] Rule: Allocation Rate (Dynamic GC Workers), MaxAllocRate: 1495,0MB/s (+/-9,6%), Free: 7726MB, GCCPUTime: 2,511, GCDuration: 2,511s, TimeUntilOOM: 4,715s, TimeUntilGC: 2,104s, GCWorkers: 5 -> 1
[2024-02-14T16:49:09.407+0100][debug][gc,director    ] Rule: High Usage, Free: 7726MB(50,3%)
[2024-02-14T16:49:09.407+0100][debug][gc,director    ] Rule: Proactive, AcceptableGCInterval: 25,499s, TimeSinceLastGC: 4,014s, TimeUntilGC: 21,486s
[2024-02-14T16:49:09.508+0100][debug][gc,alloc       ] Allocation Rate: 1186,0MB/s, Predicted: 1150,7MB/s, Avg: 1134,4(+/-108,1)MB/s
[2024-02-14T16:49:09.508+0100][debug][gc,director    ] Select GC Workers (Try Lowering), AvoidLongGCWorkers: 0,249, AvoidOOMGCWorkers: 0,540, NextAvoidOOMGCWorkers: 0,375, LastGCWorkers: 5,000, GCWorkers: 1,000
[2024-02-14T16:49:09.508+0100][debug][gc,director    ] Rule: Allocation Rate (Dynamic GC Workers), MaxAllocRate: 1506,2MB/s (+/-9,5%), Free: 7646MB, GCCPUTime: 2,511, GCDuration: 2,511s, TimeUntilOOM: 4,635s, TimeUntilGC: 2,024s, GCWorkers: 5 -> 1
[2024-02-14T16:49:09.508+0100][debug][gc,director    ] Rule: High Usage, Free: 7646MB(49,8%)
[2024-02-14T16:49:09.508+0100][debug][gc,director    ] Rule: Proactive, AcceptableGCInterval: 25,499s, TimeSinceLastGC: 4,114s, TimeUntilGC: 21,385s
[2024-02-14T16:49:09.608+0100][debug][gc,alloc       ] Allocation Rate: 1188,0MB/s, Predicted: 1190,7MB/s, Avg: 1132,8(+/-107,1)MB/s
[2024-02-14T16:49:09.608+0100][debug][gc,director    ] Select GC Workers (Try Lowering), AvoidLongGCWorkers: 0,249, AvoidOOMGCWorkers: 0,558, NextAvoidOOMGCWorkers: 0,378, LastGCWorkers: 5,000, GCWorkers: 1,000
[2024-02-14T16:49:09.608+0100][debug][gc,director    ] Rule: Allocation Rate (Dynamic GC Workers), MaxAllocRate: 1543,2MB/s (+/-9,5%), Free: 7566MB, GCCPUTime: 2,511, GCDuration: 2,511s, TimeUntilOOM: 4,479s, TimeUntilGC: 1,868s, GCWorkers: 5 -> 1
[2024-02-14T16:49:09.608+0100][debug][gc,director    ] Rule: High Usage, Free: 7566MB(49,3%)
[2024-02-14T16:49:09.608+0100][debug][gc,director    ] Rule: Proactive, AcceptableGCInterval: 25,499s, TimeSinceLastGC: 4,214s, TimeUntilGC: 21,285s
[2024-02-14T16:49:09.707+0100][debug][gc,alloc       ] Allocation Rate: 1188,0MB/s, Predicted: 1231,7MB/s, Avg: 1131,2(+/-106,2)MB/s
[2024-02-14T16:49:09.707+0100][debug][gc,director    ] Select GC Workers (Try Lowering), AvoidLongGCWorkers: 0,249, AvoidOOMGCWorkers: 0,578, NextAvoidOOMGCWorkers: 0,381, LastGCWorkers: 5,000, GCWorkers: 1,000
[2024-02-14T16:49:09.707+0100][debug][gc,director    ] Rule: Allocation Rate (Dynamic GC Workers), MaxAllocRate: 1581,1MB/s (+/-9,4%), Free: 7486MB, GCCPUTime: 2,511, GCDuration: 2,511s, TimeUntilOOM: 4,329s, TimeUntilGC: 1,717s, GCWorkers: 5 -> 1
[2024-02-14T16:49:09.707+0100][debug][gc,director    ] Rule: High Usage, Free: 7486MB(48,7%)
[2024-02-14T16:49:09.707+0100][debug][gc,director    ] Rule: Proactive, AcceptableGCInterval: 25,499s, TimeSinceLastGC: 4,314s, TimeUntilGC: 21,186s
[2024-02-14T16:49:09.808+0100][debug][gc,alloc       ] Allocation Rate: 1190,0MB/s, Predicted: 1273,6MB/s, Avg: 1130,2(+/-105,6)MB/s
[2024-02-14T16:49:09.808+0100][debug][gc,director    ] Select GC Workers (Try Lowering), AvoidLongGCWorkers: 0,249, AvoidOOMGCWorkers: 0,599, NextAvoidOOMGCWorkers: 0,384, LastGCWorkers: 5,000, GCWorkers: 1,000
[2024-02-14T16:49:09.808+0100][debug][gc,director    ] Rule: Allocation Rate (Dynamic GC Workers), MaxAllocRate: 1620,9MB/s (+/-9,3%), Free: 7404MB, GCCPUTime: 2,511, GCDuration: 2,511s, TimeUntilOOM: 4,178s, TimeUntilGC: 1,566s, GCWorkers: 5 -> 1
[2024-02-14T16:49:09.808+0100][debug][gc,director    ] Rule: High Usage, Free: 7404MB(48,2%)
[2024-02-14T16:49:09.808+0100][debug][gc,director    ] Rule: Proactive, AcceptableGCInterval: 25,499s, TimeSinceLastGC: 4,414s, TimeUntilGC: 21,085s
[2024-02-14T16:49:09.908+0100][debug][gc,alloc       ] Allocation Rate: 1192,0MB/s, Predicted: 1264,1MB/s, Avg: 1149,2(+/-97,6)MB/s
[2024-02-14T16:49:09.908+0100][debug][gc,director    ] Select GC Workers (Try Lowering), AvoidLongGCWorkers: 0,249, AvoidOOMGCWorkers: 0,587, NextAvoidOOMGCWorkers: 0,374, LastGCWorkers: 5,000, GCWorkers: 1,000
[2024-02-14T16:49:09.908+0100][debug][gc,director    ] Rule: Allocation Rate (Dynamic GC Workers), MaxAllocRate: 1585,2MB/s (+/-8,5%), Free: 7324MB, GCCPUTime: 2,511, GCDuration: 2,511s, TimeUntilOOM: 4,259s, TimeUntilGC: 1,647s, GCWorkers: 5 -> 1
[2024-02-14T16:49:09.908+0100][debug][gc,director    ] Rule: High Usage, Free: 7324MB(47,7%)
[2024-02-14T16:49:09.908+0100][debug][gc,director    ] Rule: Proactive, AcceptableGCInterval: 25,499s, TimeSinceLastGC: 4,514s, TimeUntilGC: 20,985s
[2024-02-14T16:49:10.007+0100][debug][gc,alloc       ] Allocation Rate: 1108,0MB/s, Predicted: 1172,1MB/s, Avg: 1173,4(+/-32,9)MB/s
[2024-02-14T16:49:10.007+0100][debug][gc,director    ] Select GC Workers (Try Lowering), AvoidLongGCWorkers: 0,249, AvoidOOMGCWorkers: 0,454, NextAvoidOOMGCWorkers: 0,311, LastGCWorkers: 5,000, GCWorkers: 1,000
[2024-02-14T16:49:10.007+0100][debug][gc,director    ] Rule: Allocation Rate (Dynamic GC Workers), MaxAllocRate: 1281,7MB/s (+/-2,8%), Free: 7246MB, GCCPUTime: 2,511, GCDuration: 2,511s, TimeUntilOOM: 5,499s, TimeUntilGC: 2,888s, GCWorkers: 5 -> 1
[2024-02-14T16:49:10.007+0100][debug][gc,director    ] Rule: High Usage, Free: 7246MB(47,2%)
[2024-02-14T16:49:10.007+0100][debug][gc,director    ] Rule: Proactive, AcceptableGCInterval: 25,499s, TimeSinceLastGC: 4,614s, TimeUntilGC: 20,886s
[2024-02-14T16:49:10.108+0100][debug][gc,alloc       ] Allocation Rate: 878,0MB/s, Predicted: 1036,5MB/s, Avg: 1150,4(+/-94,1)MB/s
[2024-02-14T16:49:10.108+0100][debug][gc,director    ] Select GC Workers (Try Lowering), AvoidLongGCWorkers: 0,249, AvoidOOMGCWorkers: 0,551, NextAvoidOOMGCWorkers: 0,349, LastGCWorkers: 5,000, GCWorkers: 1,000
[2024-02-14T16:49:10.108+0100][debug][gc,director    ] Rule: Allocation Rate (Dynamic GC Workers), MaxAllocRate: 1460,0MB/s (+/-8,2%), Free: 7166MB, GCCPUTime: 2,511, GCDuration: 2,511s, TimeUntilOOM: 4,537s, TimeUntilGC: 1,926s, GCWorkers: 5 -> 1
[2024-02-14T16:49:10.108+0100][debug][gc,director    ] Rule: High Usage, Free: 7166MB(46,7%)
[2024-02-14T16:49:10.108+0100][debug][gc,director    ] Rule: Proactive, AcceptableGCInterval: 25,499s, TimeSinceLastGC: 4,714s, TimeUntilGC: 20,785s
[2024-02-14T16:49:10.208+0100][debug][gc,alloc       ] Allocation Rate: 1000,0MB/s, Predicted: 989,6MB/s, Avg: 1130,4(+/-102,3)MB/s
[2024-02-14T16:49:10.208+0100][debug][gc,director    ] Select GC Workers (Try Lowering), AvoidLongGCWorkers: 0,249, AvoidOOMGCWorkers: 0,585, NextAvoidOOMGCWorkers: 0,357, LastGCWorkers: 5,000, GCWorkers: 1,000
[2024-02-14T16:49:10.208+0100][debug][gc,director    ] Rule: Allocation Rate (Dynamic GC Workers), MaxAllocRate: 1467,1MB/s (+/-9,1%), Free: 6844MB, GCCPUTime: 2,511, GCDuration: 2,511s, TimeUntilOOM: 4,278s, TimeUntilGC: 1,667s, GCWorkers: 5 -> 1
[2024-02-14T16:49:10.208+0100][debug][gc,director    ] Rule: High Usage, Free: 6842MB(44,5%)
[2024-02-14T16:49:10.208+0100][debug][gc,director    ] Rule: Proactive, AcceptableGCInterval: 25,499s, TimeSinceLastGC: 4,814s, TimeUntilGC: 20,685s
[2024-02-14T16:49:10.307+0100][debug][gc,alloc       ] Allocation Rate: 1200,0MB/s, Predicted: 1032,8MB/s, Avg: 1131,6(+/-103,1)MB/s
[2024-02-14T16:49:10.307+0100][debug][gc,director    ] Select GC Workers (Try Lowering), AvoidLongGCWorkers: 0,249, AvoidOOMGCWorkers: 0,608, NextAvoidOOMGCWorkers: 0,360, LastGCWorkers: 5,000, GCWorkers: 1,000
[2024-02-14T16:49:10.307+0100][debug][gc,director    ] Rule: Allocation Rate (Dynamic GC Workers), MaxAllocRate: 1470,7MB/s (+/-9,1%), Free: 6604MB, GCCPUTime: 2,511, GCDuration: 2,511s, TimeUntilOOM: 4,116s, TimeUntilGC: 1,504s, GCWorkers: 5 -> 1
[2024-02-14T16:49:10.307+0100][debug][gc,director    ] Rule: High Usage, Free: 6604MB(43,0%)
[2024-02-14T16:49:10.307+0100][debug][gc,director    ] Rule: Proactive, AcceptableGCInterval: 25,499s, TimeSinceLastGC: 4,914s, TimeUntilGC: 20,586s
[2024-02-14T16:49:10.408+0100][debug][gc,alloc       ] Allocation Rate: 1168,0MB/s, Predicted: 1061,9MB/s, Avg: 1129,8(+/-102,2)MB/s
[2024-02-14T16:49:10.408+0100][debug][gc,director    ] Select GC Workers (Try Lowering), AvoidLongGCWorkers: 0,249, AvoidOOMGCWorkers: 0,610, NextAvoidOOMGCWorkers: 0,355, LastGCWorkers: 5,000, GCWorkers: 1,000
[2024-02-14T16:49:10.408+0100][debug][gc,director    ] Rule: Allocation Rate (Dynamic GC Workers), MaxAllocRate: 1466,2MB/s (+/-9,0%), Free: 6558MB, GCCPUTime: 2,511, GCDuration: 2,511s, TimeUntilOOM: 4,101s, TimeUntilGC: 1,490s, GCWorkers: 5 -> 1
[2024-02-14T16:49:10.408+0100][debug][gc,director    ] Rule: High Usage, Free: 6558MB(42,7%)
[2024-02-14T16:49:10.408+0100][debug][gc,director    ] Rule: Proactive, AcceptableGCInterval: 25,499s, TimeSinceLastGC: 5,014s, TimeUntilGC: 20,485s
[2024-02-14T16:49:10.507+0100][debug][gc,alloc       ] Allocation Rate: 1166,0MB/s, Predicted: 1091,3MB/s, Avg: 1127,8(+/-101,3)MB/s
[2024-02-14T16:49:10.507+0100][debug][gc,director    ] Select GC Workers (Try Lowering), AvoidLongGCWorkers: 0,249, AvoidOOMGCWorkers: 0,615, NextAvoidOOMGCWorkers: 0,352, LastGCWorkers: 5,000, GCWorkers: 1,000
[2024-02-14T16:49:10.507+0100][debug][gc,director    ] Rule: Allocation Rate (Dynamic GC Workers), MaxAllocRate: 1461,2MB/s (+/-9,0%), Free: 6480MB, GCCPUTime: 2,511, GCDuration: 2,511s, TimeUntilOOM: 4,069s, TimeUntilGC: 1,458s, GCWorkers: 5 -> 1
[2024-02-14T16:49:10.507+0100][debug][gc,director    ] Rule: High Usage, Free: 6480MB(42,2%)
[2024-02-14T16:49:10.507+0100][debug][gc,director    ] Rule: Proactive, AcceptableGCInterval: 25,499s, TimeSinceLastGC: 5,114s, TimeUntilGC: 20,386s
[2024-02-14T16:49:10.608+0100][debug][gc,alloc       ] Allocation Rate: 1164,0MB/s, Predicted: 1121,9MB/s, Avg: 1125,4(+/-100,1)MB/s
[2024-02-14T16:49:10.608+0100][debug][gc,director    ] Select GC Workers (Try Lowering), AvoidLongGCWorkers: 0,249, AvoidOOMGCWorkers: 0,619, NextAvoidOOMGCWorkers: 0,348, LastGCWorkers: 5,000, GCWorkers: 1,000
[2024-02-14T16:49:10.608+0100][debug][gc,director    ] Rule: Allocation Rate (Dynamic GC Workers), MaxAllocRate: 1454,9MB/s (+/-8,9%), Free: 6402MB, GCCPUTime: 2,511, GCDuration: 2,511s, TimeUntilOOM: 4,041s, TimeUntilGC: 1,429s, GCWorkers: 5 -> 1
[2024-02-14T16:49:10.608+0100][debug][gc,director    ] Rule: High Usage, Free: 6402MB(41,7%)
[2024-02-14T16:49:10.608+0100][debug][gc,director    ] Rule: Proactive, AcceptableGCInterval: 25,499s, TimeSinceLastGC: 5,214s, TimeUntilGC: 20,285s
[2024-02-14T16:49:10.708+0100][debug][gc,alloc       ] Allocation Rate: 1164,0MB/s, Predicted: 1154,0MB/s, Avg: 1123,0(+/-98,9)MB/s
[2024-02-14T16:49:10.708+0100][debug][gc,director    ] Select GC Workers (Try Lowering), AvoidLongGCWorkers: 0,249, AvoidOOMGCWorkers: 0,637, NextAvoidOOMGCWorkers: 0,349, LastGCWorkers: 5,000, GCWorkers: 1,000
[2024-02-14T16:49:10.708+0100][debug][gc,director    ] Rule: Allocation Rate (Dynamic GC Workers), MaxAllocRate: 1479,4MB/s (+/-8,8%), Free: 6322MB, GCCPUTime: 2,511, GCDuration: 2,511s, TimeUntilOOM: 3,927s, TimeUntilGC: 1,316s, GCWorkers: 5 -> 1
[2024-02-14T16:49:10.709+0100][debug][gc,director    ] Rule: High Usage, Free: 6322MB(41,2%)
[2024-02-14T16:49:10.709+0100][debug][gc,director    ] Rule: Proactive, AcceptableGCInterval: 25,499s, TimeSinceLastGC: 5,315s, TimeUntilGC: 20,185s
[2024-02-14T16:49:10.808+0100][debug][gc,alloc       ] Allocation Rate: 1162,0MB/s, Predicted: 1187,5MB/s, Avg: 1120,2(+/-97,3)MB/s
[2024-02-14T16:49:10.808+0100][debug][gc,director    ] Select GC Workers (Try Lowering), AvoidLongGCWorkers: 0,249, AvoidOOMGCWorkers: 0,657, NextAvoidOOMGCWorkers: 0,350, LastGCWorkers: 5,000, GCWorkers: 1,000
[2024-02-14T16:49:10.808+0100][debug][gc,director    ] Rule: Allocation Rate (Dynamic GC Workers), MaxAllocRate: 1507,8MB/s (+/-8,7%), Free: 6244MB, GCCPUTime: 2,511, GCDuration: 2,511s, TimeUntilOOM: 3,810s, TimeUntilGC: 1,199s, GCWorkers: 5 -> 1
[2024-02-14T16:49:10.808+0100][debug][gc,director    ] Rule: High Usage, Free: 6244MB(40,7%)
[2024-02-14T16:49:10.808+0100][debug][gc,director    ] Rule: Proactive, AcceptableGCInterval: 25,499s, TimeSinceLastGC: 5,414s, TimeUntilGC: 20,085s
[2024-02-14T16:49:10.907+0100][debug][gc,alloc       ] Allocation Rate: 1158,0MB/s, Predicted: 1221,7MB/s, Avg: 1116,8(+/-95,3)MB/s
[2024-02-14T16:49:10.907+0100][debug][gc,director    ] Select GC Workers (Try Lowering), AvoidLongGCWorkers: 0,249, AvoidOOMGCWorkers: 0,677, NextAvoidOOMGCWorkers: 0,351, LastGCWorkers: 5,000, GCWorkers: 1,000
[2024-02-14T16:49:10.907+0100][debug][gc,director    ] Rule: Allocation Rate (Dynamic GC Workers), MaxAllocRate: 1535,5MB/s (+/-8,5%), Free: 6166MB, GCCPUTime: 2,511, GCDuration: 2,511s, TimeUntilOOM: 3,700s, TimeUntilGC: 1,089s, GCWorkers: 5 -> 1
[2024-02-14T16:49:10.907+0100][debug][gc,director    ] Rule: High Usage, Free: 6166MB(40,1%)
[2024-02-14T16:49:10.907+0100][debug][gc,director    ] Rule: Proactive, AcceptableGCInterval: 25,499s, TimeSinceLastGC: 5,513s, TimeUntilGC: 19,986s
[2024-02-14T16:49:11.008+0100][debug][gc,alloc       ] Allocation Rate: 1160,0MB/s, Predicted: 1236,7MB/s, Avg: 1122,0(+/-96,1)MB/s
[2024-02-14T16:49:11.008+0100][debug][gc,director    ] Select GC Workers (Try Lowering), AvoidLongGCWorkers: 0,249, AvoidOOMGCWorkers: 0,694, NextAvoidOOMGCWorkers: 0,350, LastGCWorkers: 5,000, GCWorkers: 1,000
[2024-02-14T16:49:11.008+0100][debug][gc,director    ] Rule: Allocation Rate (Dynamic GC Workers), MaxAllocRate: 1553,0MB/s (+/-8,6%), Free: 6086MB, GCCPUTime: 2,511, GCDuration: 2,511s, TimeUntilOOM: 3,610s, TimeUntilGC: 0,998s, GCWorkers: 5 -> 1
[2024-02-14T16:49:11.008+0100][debug][gc,director    ] Rule: High Usage, Free: 6086MB(39,6%)
[2024-02-14T16:49:11.008+0100][debug][gc,director    ] Rule: Proactive, AcceptableGCInterval: 25,499s, TimeSinceLastGC: 5,614s, TimeUntilGC: 19,885s
[2024-02-14T16:49:11.107+0100][debug][gc,alloc       ] Allocation Rate: 1158,0MB/s, Predicted: 1186,0MB/s, Avg: 1150,0(+/-51,3)MB/s
[2024-02-14T16:49:11.107+0100][debug][gc,director    ] Select GC Workers (Try Lowering), AvoidLongGCWorkers: 0,249, AvoidOOMGCWorkers: 0,589, NextAvoidOOMGCWorkers: 0,317, LastGCWorkers: 5,000, GCWorkers: 1,000
[2024-02-14T16:49:11.107+0100][debug][gc,director    ] Rule: Allocation Rate (Dynamic GC Workers), MaxAllocRate: 1354,9MB/s (+/-4,5%), Free: 6008MB, GCCPUTime: 2,511, GCDuration: 2,511s, TimeUntilOOM: 4,245s, TimeUntilGC: 1,634s, GCWorkers: 5 -> 1
[2024-02-14T16:49:11.107+0100][debug][gc,director    ] Rule: High Usage, Free: 6008MB(39,1%)
[2024-02-14T16:49:11.107+0100][debug][gc,director    ] Rule: Proactive, AcceptableGCInterval: 25,499s, TimeSinceLastGC: 5,714s, TimeUntilGC: 19,786s
[2024-02-14T16:49:11.208+0100][debug][gc,alloc       ] Allocation Rate: 944,0MB/s, Predicted: 1063,6MB/s, Avg: 1144,4(+/-67,8)MB/s
[2024-02-14T16:49:11.208+0100][debug][gc,director    ] Select GC Workers (Try Lowering), AvoidLongGCWorkers: 0,249, AvoidOOMGCWorkers: 0,611, NextAvoidOOMGCWorkers: 0,319, LastGCWorkers: 5,000, GCWorkers: 1,000
[2024-02-14T16:49:11.208+0100][debug][gc,director    ] Rule: Allocation Rate (Dynamic GC Workers), MaxAllocRate: 1367,5MB/s (+/-5,9%), Free: 5928MB, GCCPUTime: 2,511, GCDuration: 2,511s, TimeUntilOOM: 4,092s, TimeUntilGC: 1,481s, GCWorkers: 5 -> 1
[2024-02-14T16:49:11.208+0100][debug][gc,director    ] Rule: High Usage, Free: 5928MB(38,6%)
[2024-02-14T16:49:11.208+0100][debug][gc,director    ] Rule: Proactive, AcceptableGCInterval: 25,499s, TimeSinceLastGC: 5,814s, TimeUntilGC: 19,685s
[2024-02-14T16:49:11.307+0100][debug][gc,alloc       ] Allocation Rate: 848,0MB/s, Predicted: 959,9MB/s, Avg: 1109,2(+/-108,8)MB/s
[2024-02-14T16:49:11.307+0100][debug][gc,director    ] Select GC Workers (Try Lowering), AvoidLongGCWorkers: 0,249, AvoidOOMGCWorkers: 0,703, NextAvoidOOMGCWorkers: 0,338, LastGCWorkers: 5,000, GCWorkers: 1,000
[2024-02-14T16:49:11.307+0100][debug][gc,director    ] Rule: Allocation Rate (Dynamic GC Workers), MaxAllocRate: 1467,2MB/s (+/-9,8%), Free: 5736MB, GCCPUTime: 2,511, GCDuration: 2,511s, TimeUntilOOM: 3,560s, TimeUntilGC: 0,949s, GCWorkers: 5 -> 1
[2024-02-14T16:49:11.307+0100][debug][gc,director    ] Rule: High Usage, Free: 5736MB(37,3%)
[2024-02-14T16:49:11.307+0100][debug][gc,director    ] Rule: Proactive, AcceptableGCInterval: 25,499s, TimeSinceLastGC: 5,913s, TimeUntilGC: 19,586s
[2024-02-14T16:49:11.407+0100][debug][gc,alloc       ] Allocation Rate: 1122,0MB/s, Predicted: 980,7MB/s, Avg: 1104,6(+/-107,2)MB/s
[2024-02-14T16:49:11.407+0100][debug][gc,director    ] Select GC Workers (Try Lowering), AvoidLongGCWorkers: 0,249, AvoidOOMGCWorkers: 0,738, NextAvoidOOMGCWorkers: 0,341, LastGCWorkers: 5,000, GCWorkers: 1,000
[2024-02-14T16:49:11.407+0100][debug][gc,director    ] Rule: Allocation Rate (Dynamic GC Workers), MaxAllocRate: 1457,2MB/s (+/-9,7%), Free: 5430MB, GCCPUTime: 2,511, GCDuration: 2,511s, TimeUntilOOM: 3,397s, TimeUntilGC: 0,786s, GCWorkers: 5 -> 1
[2024-02-14T16:49:11.407+0100][debug][gc,director    ] Rule: High Usage, Free: 5428MB(35,3%)
[2024-02-14T16:49:11.407+0100][debug][gc,director    ] Rule: Proactive, AcceptableGCInterval: 25,499s, TimeSinceLastGC: 6,014s, TimeUntilGC: 19,486s
[2024-02-14T16:49:11.508+0100][debug][gc,alloc       ] Allocation Rate: 1206,0MB/s, Predicted: 1037,6MB/s, Avg: 1108,6(+/-110,1)MB/s
[2024-02-14T16:49:11.508+0100][debug][gc,director    ] Select GC Workers (Try Lowering), AvoidLongGCWorkers: 0,249, AvoidOOMGCWorkers: 0,765, NextAvoidOOMGCWorkers: 0,342, LastGCWorkers: 5,000, GCWorkers: 1,000
[2024-02-14T16:49:11.508+0100][debug][gc,director    ] Rule: Allocation Rate (Dynamic GC Workers), MaxAllocRate: 1470,8MB/s (+/-9,9%), Free: 5294MB, GCCPUTime: 2,511, GCDuration: 2,511s, TimeUntilOOM: 3,274s, TimeUntilGC: 0,663s, GCWorkers: 5 -> 1
[2024-02-14T16:49:11.508+0100][debug][gc,director    ] Rule: High Usage, Free: 5294MB(34,5%)
[2024-02-14T16:49:11.508+0100][debug][gc,director    ] Rule: Proactive, AcceptableGCInterval: 25,499s, TimeSinceLastGC: 6,114s, TimeUntilGC: 19,385s
[2024-02-14T16:49:11.608+0100][debug][gc,alloc       ] Allocation Rate: 1190,0MB/s, Predicted: 1084,9MB/s, Avg: 1111,2(+/-111,7)MB/s
[2024-02-14T16:49:11.608+0100][debug][gc,director    ] Select GC Workers (Try Lowering), AvoidLongGCWorkers: 0,249, AvoidOOMGCWorkers: 0,779, NextAvoidOOMGCWorkers: 0,340, LastGCWorkers: 5,000, GCWorkers: 1,000
[2024-02-14T16:49:11.608+0100][debug][gc,director    ] Rule: Allocation Rate (Dynamic GC Workers), MaxAllocRate: 1478,6MB/s (+/-10,0%), Free: 5232MB, GCCPUTime: 2,511, GCDuration: 2,511s, TimeUntilOOM: 3,215s, TimeUntilGC: 0,604s, GCWorkers: 5 -> 1
[2024-02-14T16:49:11.608+0100][debug][gc,director    ] Rule: High Usage, Free: 5232MB(34,1%)
[2024-02-14T16:49:11.608+0100][debug][gc,director    ] Rule: Proactive, AcceptableGCInterval: 25,499s, TimeSinceLastGC: 6,214s, TimeUntilGC: 19,285s
[2024-02-14T16:49:11.707+0100][debug][gc,alloc       ] Allocation Rate: 1188,0MB/s, Predicted: 1129,7MB/s, Avg: 1113,6(+/-113,0)MB/s
[2024-02-14T16:49:11.707+0100][debug][gc,director    ] Select GC Workers (Try Lowering), AvoidLongGCWorkers: 0,249, AvoidOOMGCWorkers: 0,804, NextAvoidOOMGCWorkers: 0,340, LastGCWorkers: 5,000, GCWorkers: 1,000
[2024-02-14T16:49:11.707+0100][debug][gc,director    ] Rule: Allocation Rate (Dynamic GC Workers), MaxAllocRate: 1501,6MB/s (+/-10,1%), Free: 5154MB, GCCPUTime: 2,511, GCDuration: 2,511s, TimeUntilOOM: 3,116s, TimeUntilGC: 0,505s, GCWorkers: 5 -> 1
[2024-02-14T16:49:11.707+0100][debug][gc,director    ] Rule: High Usage, Free: 5154MB(33,6%)
[2024-02-14T16:49:11.707+0100][debug][gc,director    ] Rule: Proactive, AcceptableGCInterval: 25,499s, TimeSinceLastGC: 6,314s, TimeUntilGC: 19,186s
[2024-02-14T16:49:11.808+0100][debug][gc,alloc       ] Allocation Rate: 1190,0MB/s, Predicted: 1173,2MB/s, Avg: 1116,4(+/-114,5)MB/s
[2024-02-14T16:49:11.808+0100][debug][gc,director    ] Select GC Workers (Try Lowering), AvoidLongGCWorkers: 0,249, AvoidOOMGCWorkers: 0,845, NextAvoidOOMGCWorkers: 0,342, LastGCWorkers: 5,000, GCWorkers: 1,000
[2024-02-14T16:49:11.808+0100][debug][gc,director    ] Rule: Allocation Rate (Dynamic GC Workers), MaxAllocRate: 1550,0MB/s (+/-10,3%), Free: 5074MB, GCCPUTime: 2,511, GCDuration: 2,511s, TimeUntilOOM: 2,969s, TimeUntilGC: 0,358s, GCWorkers: 5 -> 1
[2024-02-14T16:49:11.808+0100][debug][gc,director    ] Rule: High Usage, Free: 5074MB(33,0%)
[2024-02-14T16:49:11.808+0100][debug][gc,director    ] Rule: Proactive, AcceptableGCInterval: 25,499s, TimeSinceLastGC: 6,414s, TimeUntilGC: 19,085s
[2024-02-14T16:49:11.908+0100][debug][gc,alloc       ] Allocation Rate: 1192,0MB/s, Predicted: 1214,5MB/s, Avg: 1119,8(+/-116,2)MB/s
[2024-02-14T16:49:11.908+0100][debug][gc,director    ] Select GC Workers (Try Lowering), AvoidLongGCWorkers: 0,249, AvoidOOMGCWorkers: 0,885, NextAvoidOOMGCWorkers: 0,344, LastGCWorkers: 5,000, GCWorkers: 1,000
[2024-02-14T16:49:11.908+0100][debug][gc,director    ] Rule: Allocation Rate (Dynamic GC Workers), MaxAllocRate: 1596,9MB/s (+/-10,4%), Free: 4994MB, GCCPUTime: 2,511, GCDuration: 2,511s, TimeUntilOOM: 2,833s, TimeUntilGC: 0,222s, GCWorkers: 5 -> 1
[2024-02-14T16:49:11.908+0100][debug][gc,director    ] Rule: High Usage, Free: 4994MB(32,5%)
[2024-02-14T16:49:11.908+0100][debug][gc,director    ] Rule: Proactive, AcceptableGCInterval: 25,499s, TimeSinceLastGC: 6,514s, TimeUntilGC: 18,985s
[2024-02-14T16:49:12.007+0100][debug][gc,alloc       ] Allocation Rate: 1190,0MB/s, Predicted: 1253,3MB/s, Avg: 1122,8(+/-117,6)MB/s
[2024-02-14T16:49:12.007+0100][debug][gc,director    ] Select GC Workers (Try Lowering), AvoidLongGCWorkers: 0,249, AvoidOOMGCWorkers: 0,925, NextAvoidOOMGCWorkers: 0,345, LastGCWorkers: 5,000, GCWorkers: 1,000
[2024-02-14T16:49:12.007+0100][debug][gc,director    ] Rule: Allocation Rate (Dynamic GC Workers), MaxAllocRate: 1640,2MB/s (+/-10,5%), Free: 4916MB, GCCPUTime: 2,511, GCDuration: 2,511s, TimeUntilOOM: 2,713s, TimeUntilGC: 0,102s, GCWorkers: 5 -> 1
[2024-02-14T16:49:12.007+0100][debug][gc,director    ] Rule: High Usage, Free: 4916MB(32,0%)
[2024-02-14T16:49:12.007+0100][debug][gc,director    ] Rule: Proactive, AcceptableGCInterval: 25,499s, TimeSinceLastGC: 6,614s, TimeUntilGC: 18,886s
[2024-02-14T16:49:12.108+0100][debug][gc,alloc       ] Allocation Rate: 1194,0MB/s, Predicted: 1291,2MB/s, Avg: 1126,4(+/-119,1)MB/s
[2024-02-14T16:49:12.108+0100][debug][gc,director    ] Select GC Workers (Try Lowering), AvoidLongGCWorkers: 0,249, AvoidOOMGCWorkers: 0,967, NextAvoidOOMGCWorkers: 0,346, LastGCWorkers: 5,000, GCWorkers: 1,000
[2024-02-14T16:49:12.108+0100][debug][gc,director    ] Rule: Allocation Rate (Dynamic GC Workers), MaxAllocRate: 1683,2MB/s (+/-10,6%), Free: 4834MB, GCCPUTime: 2,511, GCDuration: 2,511s, TimeUntilOOM: 2,597s, TimeUntilGC: -0,014s, GCWorkers: 5 -> 1
[2024-02-14T16:49:12.108+0100][debug][gc,heap        ] GC(4) Heap before GC invocations=4 (full 4):
[2024-02-14T16:49:12.108+0100][debug][gc,heap        ] GC(4)  ZHeap           used 10484M, capacity 10484M, max capacity 15360M
[2024-02-14T16:49:12.108+0100][debug][gc,heap        ] GC(4)  Metaspace       used 30874K, committed 31232K, reserved 1114112K
[2024-02-14T16:49:12.108+0100][debug][gc,heap        ] GC(4)   class space    used 3305K, committed 3456K, reserved 1048576K
[2024-02-14T16:49:12.108+0100][info ][gc,start       ] GC(4) Garbage Collection (Allocation Rate)
[2024-02-14T16:49:12.108+0100][info ][gc,task        ] GC(4) Using 1 workers
[2024-02-14T16:49:12.108+0100][debug][gc,phases,start] GC(4) Pause Mark Start
[2024-02-14T16:49:12.108+0100][debug][gc,marking     ] GC(4) Using 1 mark stripes
[2024-02-14T16:49:12.108+0100][debug][gc,marking     ] GC(4) Mark Worker/Stripe Distribution
[2024-02-14T16:49:12.108+0100][debug][gc,marking     ] GC(4)   Worker 0(1) -> Stripe 0(1)
[2024-02-14T16:49:12.108+0100][info ][gc,phases      ] GC(4) Pause Mark Start 0,065ms
[2024-02-14T16:49:12.108+0100][debug][gc,phases,start] GC(4) Concurrent Mark
[2024-02-14T16:49:12.108+0100][debug][gc,task        ] GC(4) Executing Task: XMarkRootsTask, Active Workers: 1
[2024-02-14T16:49:12.111+0100][debug][gc,tlab        ] GC(4) TLAB totals: thrds: 29  refills: 38301 max: 23117 slow allocs: 5625 max 440 waste:  0,8% gc: 2092688B max: 262008B slow: 78901328B max: 37403080B
[2024-02-14T16:49:12.111+0100][debug][gc,task        ] GC(4) Executing Task: XMarkTask, Active Workers: 1
[2024-02-14T16:49:12.208+0100][debug][gc,alloc       ] Allocation Rate: 1188,0MB/s, Predicted: 1267,2MB/s, Avg: 1150,8(+/-103,2)MB/s
[2024-02-14T16:49:12.307+0100][debug][gc,alloc       ] Allocation Rate: 1086,0MB/s, Predicted: 1160,5MB/s, Avg: 1174,6(+/-36,5)MB/s
[2024-02-14T16:49:12.407+0100][debug][gc,alloc       ] Allocation Rate: 838,0MB/s, Predicted: 1011,9MB/s, Avg: 1146,2(+/-107,6)MB/s
[2024-02-14T16:49:12.508+0100][debug][gc,alloc       ] Allocation Rate: 868,0MB/s, Predicted: 916,5MB/s, Avg: 1112,4(+/-133,5)MB/s
[2024-02-14T16:49:12.608+0100][debug][gc,alloc       ] Allocation Rate: 1116,0MB/s, Predicted: 938,7MB/s, Avg: 1105,0(+/-131,0)MB/s
[2024-02-14T16:49:12.689+0100][info ][gc,phases      ] GC(4) Concurrent Mark 580,975ms
[2024-02-14T16:49:12.690+0100][debug][gc,phases,start] GC(4) Pause Mark End
[2024-02-14T16:49:12.690+0100][info ][gc,phases      ] GC(4) Pause Mark End 0,064ms
[2024-02-14T16:49:12.690+0100][debug][gc,phases,start] GC(4) Concurrent Mark Free
[2024-02-14T16:49:12.690+0100][info ][gc,phases      ] GC(4) Concurrent Mark Free 0,048ms
[2024-02-14T16:49:12.690+0100][debug][gc,phases,start] GC(4) Concurrent Process Non-Strong References
[2024-02-14T16:49:12.690+0100][debug][gc,phases,start] GC(4) Concurrent References Process
[2024-02-14T16:49:12.690+0100][debug][gc,task        ] GC(4) Executing Task: XReferenceProcessorTask, Active Workers: 1
[2024-02-14T16:49:12.697+0100][debug][gc,phases      ] GC(4) Concurrent References Process 7,270ms
[2024-02-14T16:49:12.697+0100][debug][gc,task        ] GC(4) Executing Task: XProcessWeakRootsTask, Active Workers: 1
[2024-02-14T16:49:12.698+0100][debug][gc,phases,start] GC(4) Concurrent Classes Unlink
[2024-02-14T16:49:12.698+0100][debug][gc,phases,start] GC(4) ClassLoaderData
[2024-02-14T16:49:12.698+0100][debug][gc,phases      ] GC(4) ClassLoaderData 0,038ms
[2024-02-14T16:49:12.698+0100][debug][gc,phases,start] GC(4) Trigger cleanups
[2024-02-14T16:49:12.698+0100][debug][gc,phases      ] GC(4) Trigger cleanups 0,009ms
[2024-02-14T16:49:12.698+0100][debug][gc,task        ] GC(4) Executing Task: XNMethodUnlinkTask, Active Workers: 1
[2024-02-14T16:49:12.704+0100][debug][gc,phases      ] GC(4) Concurrent Classes Unlink 6,276ms
[2024-02-14T16:49:12.705+0100][debug][gc,phases,start] GC(4) Concurrent Classes Purge
[2024-02-14T16:49:12.705+0100][debug][gc,nmethod     ] GC(4) Unregister NMethod: io.sirix.access.trx.page.NodePageTrx$$Lambda/0x00000000803330e0.apply (0x00007f9f0c0b5b90)
[2024-02-14T16:49:12.705+0100][debug][gc,nmethod     ] GC(4) Unregister NMethod: java.nio.Bits.unreserveMemory (0x00007f9f0ba3bc10)
[2024-02-14T16:49:12.705+0100][debug][gc,nmethod     ] GC(4) Unregister NMethod: net.openhft.chronicle.bytes.Bytes.wrapForRead (0x00007f9f0c138710)
[2024-02-14T16:49:12.705+0100][debug][gc,nmethod     ] GC(4) Unregister NMethod: net.jpountz.lz4.LZ4BlockOutputStream.finish (0x00007f9f0bef3390)
[2024-02-14T16:49:12.705+0100][debug][gc,nmethod     ] GC(4) Unregister NMethod: java.util.ArrayList.<init> (0x00007f9f0c0cab10)
[2024-02-14T16:49:12.705+0100][debug][gc,nmethod     ] GC(4) Unregister NMethod: java.lang.Byte.hashCode (0x00007f9f0bcfe110)
[2024-02-14T16:49:12.705+0100][debug][gc,nmethod     ] GC(4) Unregister NMethod: io.sirix.access.trx.page.NodePageReadOnlyTrx.getRecord (0x00007f9f0c0a6110)
[2024-02-14T16:49:12.705+0100][debug][gc,nmethod     ] GC(4) Unregister NMethod: java.util.concurrent.ForkJoinPool.scan (0x00007f9f0c14e810)
[2024-02-14T16:49:12.705+0100][debug][gc,nmethod     ] GC(4) Unregister NMethod: java.lang.Long.rotateRight (0x00007f9f0c170e90)
[2024-02-14T16:49:12.705+0100][debug][gc,nmethod     ] GC(4) Unregister NMethod: java.util.Objects.checkIndex (0x00007f9f0bad2310)
[2024-02-14T16:49:12.705+0100][debug][gc,nmethod     ] GC(4) Unregister NMethod: net.jpountz.xxhash.StreamingXXHash32JNI.finalize (0x00007f9f0bcce790)
[2024-02-14T16:49:12.705+0100][debug][gc,nmethod     ] GC(4) Unregister NMethod: java.util.concurrent.ForkJoinPool.scan (0x00007f9f2b4f3b90)
[2024-02-14T16:49:12.705+0100][debug][gc,nmethod     ] GC(4) Unregister NMethod: java.util.ArrayList$ArrayListSpliterator.forEachRemaining (0x00007f9f0bf5cc10)
[2024-02-14T16:49:12.705+0100][debug][gc,nmethod     ] GC(4) Unregister NMethod: java.lang.invoke.VarForm.getMemberName (0x00007f9f0ba8c690)
[2024-02-14T16:49:12.705+0100][debug][gc,nmethod     ] GC(4) Unregister NMethod: net.jpountz.lz4.LZ4BlockOutputStream.close (0x00007f9f0bef4b90)
[2024-02-14T16:49:12.705+0100][debug][gc,nmethod     ] GC(4) Unregister NMethod: java.util.ArrayList.toArray (0x00007f9f0bb01c90)
[2024-02-14T16:49:12.705+0100][debug][gc,nmethod     ] GC(4) Unregister NMethod: io.sirix.page.KeyValueLeafPage.getNumberOfNonNullEntries (0x00007f9f0beac390)
[2024-02-14T16:49:12.705+0100][debug][gc,nmethod     ] GC(4) Unregister NMethod: jdk.internal.misc.Unsafe.putReferenceOpaque (0x00007f9f0bc8ce10)
[2024-02-14T16:49:12.705+0100][debug][gc,nmethod     ] GC(4) Unregister NMethod: io.sirix.access.trx.page.NodePageReadOnlyTrx.getReferenceToLeafOfSubtree (0x00007f9f0c0bab90)
[2024-02-14T16:49:12.705+0100][debug][gc,nmethod     ] GC(4) Unregister NMethod: io.sirix.node.Utils.getVarLong (0x00007f9f0c0af090)
[2024-02-14T16:49:12.705+0100][debug][gc,nmethod     ] GC(4) Unregister NMethod: io.sirix.page.delegates.FullReferencesPage.getReferences (0x00007f9f0c0cb690)
[2024-02-14T16:49:12.705+0100][debug][gc,nmethod     ] GC(4) Unregister NMethod: net.openhft.chronicle.bytes.Bytes.elasticByteBuffer (0x00007f9f0bfe5990)
[2024-02-14T16:49:12.705+0100][debug][gc,nmethod     ] GC(4) Unregister NMethod: net.jpountz.util.SafeUtils.readIntLE (0x00007f9f0bfbe110)
[2024-02-14T16:49:12.705+0100][debug][gc,nmethod     ] GC(4) Unregister NMethod: io.sirix.access.trx.page.NodePageReadOnlyTrx.getDataRecord (0x00007f9f0c0ad510)
[2024-02-14T16:49:12.705+0100][debug][gc,nmethod     ] GC(4) Unregister NMethod: jdk.internal.ref.Cleaner.clean (0x00007f9f0bef6490)
[2024-02-14T16:49:12.705+0100][debug][gc,nmethod     ] GC(4) Unregister NMethod: java.util.concurrent.CountedCompleter.addToPendingCount (0x00007f9f0c151a10)
[2024-02-14T16:49:12.705+0100][debug][gc,nmethod     ] GC(4) Unregister NMethod: java.util.Arrays.hashCode (0x00007f9f0bcd1410)
[2024-02-14T16:49:12.705+0100][debug][gc,nmethod     ] GC(4) Unregister NMethod: it.unimi.dsi.fastutil.shorts.AbstractShortList.ensureIndex (0x00007f9f0c066910)
[2024-02-14T16:49:12.705+0100][debug][gc,nmethod     ] GC(4) Unregister NMethod: io.sirix.page.KeyValueLeafPage.getNumberOfNonNullEntries (0x00007f9f0bb3ec90)
[2024-02-14T16:49:12.705+0100][debug][gc,nmethod     ] GC(4) Unregister NMethod: net.jpountz.xxhash.StreamingXXHash32$1.update (0x00007f9f0bebfd90)
[2024-02-14T16:49:12.705+0100][debug][gc,nmethod     ] GC(4) Unregister NMethod: java.util.concurrent.ForkJoinPool$WorkQueue.getAndSetAccess (0x00007f9f0c14db90)
[2024-02-14T16:49:12.705+0100][debug][gc,nmethod     ] GC(4) Unregister NMethod: java.nio.Buffer.remaining (0x00007f9f0bb13f10)
[2024-02-14T16:49:12.705+0100][debug][gc,nmethod     ] GC(4) Unregister NMethod: java.util.HashSet.add (0x00007f9f0ba5d710)
[2024-02-14T16:49:12.705+0100][debug][gc,nmethod     ] GC(4) Unregister NMethod: net.openhft.chronicle.core.io.VanillaReferenceCounted.callOnRelease (0x00007f9f0ba4b890)
[2024-02-14T16:49:12.705+0100][debug][gc,nmethod     ] GC(4) Unregister NMethod: io.sirix.index.path.summary.PathSummaryReader.moveTo (0x00007f9f0c0b1190)
[2024-02-14T16:49:12.705+0100][debug][gc,nmethod     ] GC(4) Unregister NMethod: java.util.HashMap.resize (0x00007f9f0ba68010)
[2024-02-14T16:49:12.705+0100][debug][gc,nmethod     ] GC(4) Unregister NMethod: jdk.internal.ref.Cleaner.remove (0x00007f9f0ba35510)
[2024-02-14T16:49:12.705+0100][debug][gc,nmethod     ] GC(4) Unregister NMethod: net.openhft.chronicle.bytes.StreamingDataInput.rawReadByte (0x00007f9f0bfbf190)
[2024-02-14T16:49:12.705+0100][debug][gc,nmethod     ] GC(4) Unregister NMethod: java.lang.AbstractStringBuilder.setCharAt (0x00007f9f0c0a0710)
[2024-02-14T16:49:12.705+0100][debug][gc,nmethod     ] GC(4) Unregister NMethod: java.nio.DirectByteBuffer$Deallocator.run (0x00007f9f0ba78b10)
[2024-02-14T16:49:12.705+0100][debug][gc,nmethod     ] GC(4) Unregister NMethod: net.jpountz.util.SafeUtils.checkRange (0x00007f9f0bc5b610)
[2024-02-14T16:49:12.705+0100][debug][gc,nmethod     ] GC(4) Unregister NMethod: io.sirix.page.AbstractForwardingPage.getOrCreateReference (0x00007f9f0be88810)
[2024-02-14T16:49:12.705+0100][debug][gc,nmethod     ] GC(4) Unregister NMethod: net.jpountz.lz4.LZ4JNICompressor.compress (0x00007f9f0c029610)
[2024-02-14T16:49:12.705+0100][debug][gc,nmethod     ] GC(4) Unregister NMethod: java.lang.ref.Reference.getFromInactiveFinalReference (0x00007f9f0ba9a390)
[2024-02-14T16:49:12.705+0100][debug][gc,nmethod     ] GC(4) Unregister NMethod: net.openhft.chronicle.core.io.IOTools.counter (0x00007f9f0bc1fd10)
[2024-02-14T16:49:12.705+0100][debug][gc,nmethod     ] GC(4) Unregister NMethod: net.jpountz.xxhash.StreamingXXHash32$1.reset (0x00007f9f0beb5590)
[2024-02-14T16:49:12.705+0100][debug][gc,nmethod     ] GC(4) Unregister NMethod: it.unimi.dsi.fastutil.shorts.ShortArrayList$1.<init> (0x00007f9f0c064c90)
[2024-02-14T16:49:12.705+0100][debug][gc,nmethod     ] GC(4) Unregister NMethod: java.util.stream.Sink.begin (0x00007f9f0c11ed10)
[2024-02-14T16:49:12.705+0100][debug][gc,nmethod     ] GC(4) Unregister NMethod: java.lang.ref.Finalizer.runFinalizer (0x00007f9f0bea9b90)
[2024-02-14T16:49:12.705+0100][debug][gc,nmethod     ] GC(4) Unregister NMethod: io.sirix.page.delegates.ReferencesPage4.getOrCreateReference (0x00007f9f0c067f90)
[2024-02-14T16:49:12.705+0100][debug][gc,nmethod     ] GC(4) Unregister NMethod: io.sirix.index.path.summary.PathNode.getPrefixKey (0x00007f9f0bf33810)
[2024-02-14T16:49:12.705+0100][debug][gc,nmethod     ] GC(4) Unregister NMethod: java.lang.ref.Reference.clearInactiveFinalReference (0x00007f9f0ba75490)
[2024-02-14T16:49:12.705+0100][debug][gc,nmethod     ] GC(4) Unregister NMethod: net.jpountz.xxhash.StreamingXXHash32$1.getValue (0x00007f9f0bec0f10)
[2024-02-14T16:49:12.705+0100][debug][gc,nmethod     ] GC(4) Unregister NMethod: io.sirix.access.trx.node.AbstractResourceSession.assertNotClosed (0x00007f9f0be9ba90)
[2024-02-14T16:49:12.705+0100][debug][gc,nmethod     ] GC(4) Unregister NMethod: java.io.FilterOutputStream.close (0x00007f9f0c13cc10)
[2024-02-14T16:49:12.705+0100][debug][gc,nmethod     ] GC(4) Unregister NMethod: java.util.Arrays.fill (0x00007f9f0be34010)
[2024-02-14T16:49:12.705+0100][debug][gc,nmethod     ] GC(4) Unregister NMethod: java.lang.ref.NativeReferenceQueue.remove (0x00007f9f0ba4d910)
[2024-02-14T16:49:12.705+0100][debug][gc,phases      ] GC(4) Concurrent Classes Purge 0,677ms
[2024-02-14T16:49:12.705+0100][debug][gc,phases,start] GC(4) Concurrent References Enqueue
[2024-02-14T16:49:12.705+0100][debug][gc,phases      ] GC(4) Concurrent References Enqueue 0,011ms
[2024-02-14T16:49:12.705+0100][info ][gc,phases      ] GC(4) Concurrent Process Non-Strong References 15,565ms
[2024-02-14T16:49:12.705+0100][debug][gc,phases,start] GC(4) Concurrent Reset Relocation Set
[2024-02-14T16:49:12.705+0100][info ][gc,phases      ] GC(4) Concurrent Reset Relocation Set 0,043ms
[2024-02-14T16:49:12.705+0100][debug][gc,phases,start] GC(4) Concurrent Select Relocation Set
[2024-02-14T16:49:12.708+0100][debug][gc,alloc       ] Allocation Rate: 1214,0MB/s, Predicted: 1004,4MB/s, Avg: 1107,6(+/-132,9)MB/s
[2024-02-14T16:49:12.708+0100][debug][gc,task        ] GC(4) Executing Task: XRelocationSetInstallTask, Active Workers: 1
[2024-02-14T16:49:12.709+0100][info ][gc,phases      ] GC(4) Concurrent Select Relocation Set 3,412ms
[2024-02-14T16:49:12.709+0100][debug][gc,phases,start] GC(4) Pause Relocate Start
[2024-02-14T16:49:12.709+0100][info ][gc,phases      ] GC(4) Pause Relocate Start 0,054ms
[2024-02-14T16:49:12.709+0100][debug][gc,phases,start] GC(4) Concurrent Relocate
[2024-02-14T16:49:12.709+0100][debug][gc,task        ] GC(4) Executing Task: XRelocateTask, Active Workers: 1
[2024-02-14T16:49:12.731+0100][info ][gc,phases      ] GC(4) Concurrent Relocate 21,497ms
[2024-02-14T16:49:12.731+0100][debug][gc,heap        ] GC(4) Heap after GC invocations=5 (full 5):
[2024-02-14T16:49:12.731+0100][debug][gc,heap        ] GC(4)  ZHeap           used 1368M, capacity 11344M, max capacity 15360M
[2024-02-14T16:49:12.731+0100][debug][gc,heap        ] GC(4)  Metaspace       used 30881K, committed 31232K, reserved 1114112K
[2024-02-14T16:49:12.731+0100][debug][gc,heap        ] GC(4)   class space    used 3305K, committed 3456K, reserved 1048576K
[2024-02-14T16:49:12.731+0100][info ][gc,load        ] GC(4) Load: 1,77/1,26/1,55
[2024-02-14T16:49:12.731+0100][info ][gc,mmu         ] GC(4) MMU: 2ms/92,8%, 5ms/97,1%, 10ms/98,6%, 20ms/99,1%, 50ms/99,6%, 100ms/99,8%
[2024-02-14T16:49:12.731+0100][info ][gc,marking     ] GC(4) Mark: 1 stripe(s), 2 proactive flush(es), 1 terminate flush(es), 0 completion(s), 0 continuation(s) 
[2024-02-14T16:49:12.731+0100][info ][gc,marking     ] GC(4) Mark Stack Usage: 32M
[2024-02-14T16:49:12.731+0100][info ][gc,nmethod     ] GC(4) NMethods: 3474 registered, 1007 unregistered
[2024-02-14T16:49:12.731+0100][info ][gc,metaspace   ] GC(4) Metaspace: 30M used, 30M committed, 1088M reserved
[2024-02-14T16:49:12.731+0100][info ][gc,ref         ] GC(4) Soft: 3825 encountered, 0 discovered, 0 enqueued
[2024-02-14T16:49:12.731+0100][info ][gc,ref         ] GC(4) Weak: 1901 encountered, 456 discovered, 0 enqueued
[2024-02-14T16:49:12.731+0100][info ][gc,ref         ] GC(4) Final: 15594 encountered, 15594 discovered, 15594 enqueued
[2024-02-14T16:49:12.731+0100][info ][gc,ref         ] GC(4) Phantom: 16014 encountered, 15866 discovered, 15632 enqueued
[2024-02-14T16:49:12.731+0100][info ][gc,reloc       ] GC(4) Small Pages: 5226 / 10452M, Empty: 5690M, Relocated: 10M, In-Place: 0
[2024-02-14T16:49:12.731+0100][info ][gc,reloc       ] GC(4) Medium Pages: 1 / 32M, Empty: 0M, Relocated: 0M, In-Place: 0
[2024-02-14T16:49:12.731+0100][info ][gc,reloc       ] GC(4) Large Pages: 0 / 0M, Empty: 0M, Relocated: 0M, In-Place: 0
[2024-02-14T16:49:12.731+0100][info ][gc,reloc       ] GC(4) Forwarding Usage: 3M
[2024-02-14T16:49:12.731+0100][info ][gc,heap        ] GC(4) Min Capacity: 5120M(33%)
[2024-02-14T16:49:12.731+0100][info ][gc,heap        ] GC(4) Max Capacity: 15360M(100%)
[2024-02-14T16:49:12.731+0100][info ][gc,heap        ] GC(4) Soft Max Capacity: 15360M(100%)
[2024-02-14T16:49:12.731+0100][info ][gc,heap        ] GC(4)                Mark Start          Mark End        Relocate Start      Relocate End           High               Low         
[2024-02-14T16:49:12.731+0100][info ][gc,heap        ] GC(4)  Capacity:    10484M (68%)       11336M (74%)       11344M (74%)       11344M (74%)       11344M (74%)       10484M (68%)    
[2024-02-14T16:49:12.731+0100][info ][gc,heap        ] GC(4)      Free:     4876M (32%)        4024M (26%)        9706M (63%)       13992M (91%)       13994M (91%)        4016M (26%)    
[2024-02-14T16:49:12.731+0100][info ][gc,heap        ] GC(4)      Used:    10484M (68%)       11336M (74%)        5654M (37%)        1368M (9%)        11344M (74%)        1366M (9%)     
[2024-02-14T16:49:12.731+0100][info ][gc,heap        ] GC(4)      Live:         -               367M (2%)          367M (2%)          367M (2%)             -                  -          
[2024-02-14T16:49:12.731+0100][info ][gc,heap        ] GC(4) Allocated:         -               852M (6%)          860M (6%)          862M (6%)             -                  -          
[2024-02-14T16:49:12.731+0100][info ][gc,heap        ] GC(4)   Garbage:         -             10116M (66%)        4426M (29%)         138M (1%)             -                  -          
[2024-02-14T16:49:12.731+0100][info ][gc,heap        ] GC(4) Reclaimed:         -                  -              5690M (37%)        9978M (65%)            -                  -          
[2024-02-14T16:49:12.731+0100][info ][gc             ] GC(4) Garbage Collection (Allocation Rate) 10484M(68%)->1368M(9%)
[2024-02-14T16:49:12.807+0100][debug][gc,alloc       ] Allocation Rate: 1244,0MB/s, Predicted: 1080,9MB/s, Avg: 1113,0(+/-137,2)MB/s
[2024-02-14T16:49:12.807+0100][debug][gc,director    ] Select GC Workers (Normal), AvoidLongGCWorkers: 0,186, AvoidOOMGCWorkers: 0,236, LastGCWorkers: 1,000, GCWorkers: 0,236
[2024-02-14T16:49:12.807+0100][debug][gc,director    ] Rule: Allocation Rate (Dynamic GC Workers), MaxAllocRate: 1564,3MB/s (+/-12,3%), Free: 13844MB, GCCPUTime: 1,876, GCDuration: 1,876s, TimeUntilOOM: 7,879s, TimeUntilGC: 5,903s, GCWorkers: 1 -> 1
[2024-02-14T16:49:12.807+0100][debug][gc,director    ] Rule: High Usage, Free: 13844MB(90,1%)
[2024-02-14T16:49:12.807+0100][debug][gc,director    ] Rule: Proactive, UsedUntilEnabled: 1430MB, TimeUntilEnabled: 299,924s
[2024-02-14T16:49:12.907+0100][debug][gc,alloc       ] Allocation Rate: 1306,0MB/s, Predicted: 1179,2MB/s, Avg: 1124,4(+/-147,6)MB/s
[2024-02-14T16:49:12.907+0100][debug][gc,director    ] Select GC Workers (Normal), AvoidLongGCWorkers: 0,186, AvoidOOMGCWorkers: 0,256, LastGCWorkers: 1,000, GCWorkers: 0,256
[2024-02-14T16:49:12.907+0100][debug][gc,director    ] Rule: Allocation Rate (Dynamic GC Workers), MaxAllocRate: 1664,8MB/s (+/-13,1%), Free: 13702MB, GCCPUTime: 1,876, GCDuration: 1,876s, TimeUntilOOM: 7,275s, TimeUntilGC: 5,300s, GCWorkers: 1 -> 1
[2024-02-14T16:49:12.907+0100][debug][gc,director    ] Rule: High Usage, Free: 13702MB(89,2%)
[2024-02-14T16:49:12.907+0100][debug][gc,director    ] Rule: Proactive, UsedUntilEnabled: 1288MB, TimeUntilEnabled: 299,823s
[2024-02-14T16:49:13.008+0100][debug][gc,alloc       ] Allocation Rate: 1370,0MB/s, Predicted: 1294,9MB/s, Avg: 1142,4(+/-164,5)MB/s
[2024-02-14T16:49:13.008+0100][debug][gc,director    ] Select GC Workers (Normal), AvoidLongGCWorkers: 0,186, AvoidOOMGCWorkers: 0,289, LastGCWorkers: 1,000, GCWorkers: 0,289
[2024-02-14T16:49:13.008+0100][debug][gc,director    ] Rule: Allocation Rate (Dynamic GC Workers), MaxAllocRate: 1836,2MB/s (+/-14,4%), Free: 13560MB, GCCPUTime: 1,876, GCDuration: 1,876s, TimeUntilOOM: 6,455s, TimeUntilGC: 4,479s, GCWorkers: 1 -> 1
[2024-02-14T16:49:13.008+0100][debug][gc,director    ] Rule: High Usage, Free: 13560MB(88,3%)
[2024-02-14T16:49:13.008+0100][debug][gc,director    ] Rule: Proactive, UsedUntilEnabled: 1146MB, TimeUntilEnabled: 299,723s
[2024-02-14T16:49:13.108+0100][debug][gc,alloc       ] Allocation Rate: 1432,0MB/s, Predicted: 1424,5MB/s, Avg: 1166,2(+/-186,0)MB/s
[2024-02-14T16:49:13.108+0100][debug][gc,director    ] Select GC Workers (Unsteady), AvoidLongGCWorkers: 0,186, AvoidOOMGCWorkers: 0,328, LastGCWorkers: 1,000, HalfGCWorkers: 2,500, GCWorkers: 2,500
[2024-02-14T16:49:13.108+0100][debug][gc,director    ] Rule: Allocation Rate (Dynamic GC Workers), MaxAllocRate: 2036,7MB/s (+/-16,0%), Free: 13416MB, GCCPUTime: 1,876, GCDuration: 0,636s, TimeUntilOOM: 5,681s, TimeUntilGC: 4,945s, GCWorkers: 1 -> 3
[2024-02-14T16:49:13.108+0100][debug][gc,heap        ] GC(5) Heap before GC invocations=5 (full 5):
[2024-02-14T16:49:13.108+0100][debug][gc,heap        ] GC(5)  ZHeap           used 1902M, capacity 11344M, max capacity 15360M
[2024-02-14T16:49:13.108+0100][debug][gc,heap        ] GC(5)  Metaspace       used 30881K, committed 31232K, reserved 1114112K
[2024-02-14T16:49:13.108+0100][debug][gc,heap        ] GC(5)   class space    used 3305K, committed 3456K, reserved 1048576K
[2024-02-14T16:49:13.108+0100][info ][gc,start       ] GC(5) Garbage Collection (Allocation Rate)
[2024-02-14T16:49:13.108+0100][info ][gc,task        ] GC(5) Using 3 workers
[2024-02-14T16:49:13.108+0100][debug][gc,phases,start] GC(5) Pause Mark Start
[2024-02-14T16:49:13.108+0100][debug][gc,marking     ] GC(5) Using 2 mark stripes
[2024-02-14T16:49:13.108+0100][debug][gc,marking     ] GC(5) Mark Worker/Stripe Distribution
[2024-02-14T16:49:13.108+0100][debug][gc,marking     ] GC(5)   Worker 0(3) -> Stripe 0(2)
[2024-02-14T16:49:13.108+0100][debug][gc,marking     ] GC(5)   Worker 1(3) -> Stripe 1(2)
[2024-02-14T16:49:13.108+0100][debug][gc,marking     ] GC(5)   Worker 2(3) -> Stripe 0(2)
[2024-02-14T16:49:13.108+0100][info ][gc,phases      ] GC(5) Pause Mark Start 0,108ms
[2024-02-14T16:49:13.109+0100][debug][gc,phases,start] GC(5) Concurrent Mark
[2024-02-14T16:49:13.109+0100][debug][gc,task        ] GC(5) Executing Task: XMarkRootsTask, Active Workers: 3
[2024-02-14T16:49:13.110+0100][debug][gc,tlab        ] GC(5) TLAB totals: thrds: 25  refills: 5401 max: 3349 slow allocs: 761 max 62 waste:  0,9% gc: 1706832B max: 261952B slow: 10603904B max: 5295096B
[2024-02-14T16:49:13.110+0100][debug][gc,task        ] GC(5) Executing Task: XMarkTask, Active Workers: 3
[2024-02-14T16:49:13.207+0100][debug][gc,alloc       ] Allocation Rate: 1440,0MB/s, Predicted: 1539,9MB/s, Avg: 1191,4(+/-203,5)MB/s
[2024-02-14T16:49:13.301+0100][info ][gc,phases      ] GC(5) Concurrent Mark 192,043ms
[2024-02-14T16:49:13.301+0100][debug][gc,phases,start] GC(5) Pause Mark End
[2024-02-14T16:49:13.301+0100][info ][gc,phases      ] GC(5) Pause Mark End 0,052ms
[2024-02-14T16:49:13.301+0100][debug][gc,phases,start] GC(5) Concurrent Mark Free
[2024-02-14T16:49:13.301+0100][info ][gc,phases      ] GC(5) Concurrent Mark Free 0,045ms
[2024-02-14T16:49:13.301+0100][debug][gc,phases,start] GC(5) Concurrent Process Non-Strong References
[2024-02-14T16:49:13.301+0100][debug][gc,phases,start] GC(5) Concurrent References Process
[2024-02-14T16:49:13.301+0100][debug][gc,task        ] GC(5) Executing Task: XReferenceProcessorTask, Active Workers: 3
[2024-02-14T16:49:13.302+0100][debug][gc,phases      ] GC(5) Concurrent References Process 0,771ms
[2024-02-14T16:49:13.302+0100][debug][gc,task        ] GC(5) Executing Task: XProcessWeakRootsTask, Active Workers: 3
[2024-02-14T16:49:13.303+0100][debug][gc,phases,start] GC(5) Concurrent Classes Unlink
[2024-02-14T16:49:13.303+0100][debug][gc,phases,start] GC(5) ClassLoaderData
[2024-02-14T16:49:13.303+0100][debug][gc,phases      ] GC(5) ClassLoaderData 0,037ms
[2024-02-14T16:49:13.303+0100][debug][gc,phases,start] GC(5) Trigger cleanups
[2024-02-14T16:49:13.303+0100][debug][gc,phases      ] GC(5) Trigger cleanups 0,009ms
[2024-02-14T16:49:13.303+0100][debug][gc,task        ] GC(5) Executing Task: XNMethodUnlinkTask, Active Workers: 3
[2024-02-14T16:49:13.305+0100][debug][gc,phases      ] GC(5) Concurrent Classes Unlink 2,056ms
[2024-02-14T16:49:13.305+0100][debug][gc,phases,start] GC(5) Concurrent Classes Purge
[2024-02-14T16:49:13.305+0100][debug][gc,nmethod     ] GC(5) Unregister NMethod: net.openhft.chronicle.core.Maths.hash64 (0x00007f9f0c16b610)
[2024-02-14T16:49:13.305+0100][debug][gc,nmethod     ] GC(5) Unregister NMethod: java.lang.ThreadLocal.get (0x00007f9f0bc5e290)
[2024-02-14T16:49:13.305+0100][debug][gc,nmethod     ] GC(5) Unregister NMethod: io.sirix.node.NodeKind.getKind (0x00007f9f0c0a4f90)
[2024-02-14T16:49:13.305+0100][debug][gc,nmethod     ] GC(5) Unregister NMethod: java.lang.ThreadLocal$ThreadLocalMap.getEntry (0x00007f9f0baaa110)
[2024-02-14T16:49:13.305+0100][debug][gc,nmethod     ] GC(5) Unregister NMethod: java.util.concurrent.ForkJoinPool.awaitWork (0x00007f9f0be5e710)
[2024-02-14T16:49:13.305+0100][debug][gc,phases      ] GC(5) Concurrent Classes Purge 0,109ms
[2024-02-14T16:49:13.305+0100][debug][gc,phases,start] GC(5) Concurrent References Enqueue
[2024-02-14T16:49:13.305+0100][debug][gc,phases      ] GC(5) Concurrent References Enqueue 0,010ms
[2024-02-14T16:49:13.305+0100][info ][gc,phases      ] GC(5) Concurrent Process Non-Strong References 3,874ms
[2024-02-14T16:49:13.305+0100][debug][gc,phases,start] GC(5) Concurrent Reset Relocation Set
[2024-02-14T16:49:13.305+0100][info ][gc,phases      ] GC(5) Concurrent Reset Relocation Set 0,074ms
[2024-02-14T16:49:13.305+0100][debug][gc,phases,start] GC(5) Concurrent Select Relocation Set
[2024-02-14T16:49:13.307+0100][debug][gc,task        ] GC(5) Executing Task: XRelocationSetInstallTask, Active Workers: 3
[2024-02-14T16:49:13.307+0100][info ][gc,phases      ] GC(5) Concurrent Select Relocation Set 1,995ms
[2024-02-14T16:49:13.307+0100][debug][gc,alloc       ] Allocation Rate: 1450,0MB/s, Predicted: 1615,2MB/s, Avg: 1227,8(+/-213,7)MB/s
[2024-02-14T16:49:13.307+0100][debug][gc,phases,start] GC(5) Pause Relocate Start
[2024-02-14T16:49:13.307+0100][info ][gc,phases      ] GC(5) Pause Relocate Start 0,047ms
[2024-02-14T16:49:13.307+0100][debug][gc,phases,start] GC(5) Concurrent Relocate
[2024-02-14T16:49:13.308+0100][debug][gc,task        ] GC(5) Executing Task: XRelocateTask, Active Workers: 3
[2024-02-14T16:49:13.314+0100][info ][gc,phases      ] GC(5) Concurrent Relocate 6,369ms
[2024-02-14T16:49:13.314+0100][debug][gc,heap        ] GC(5) Heap after GC invocations=6 (full 6):
[2024-02-14T16:49:13.314+0100][debug][gc,heap        ] GC(5)  ZHeap           used 754M, capacity 11344M, max capacity 15360M
[2024-02-14T16:49:13.314+0100][debug][gc,heap        ] GC(5)  Metaspace       used 30881K, committed 31232K, reserved 1114112K
[2024-02-14T16:49:13.314+0100][debug][gc,heap        ] GC(5)   class space    used 3305K, committed 3456K, reserved 1048576K
[2024-02-14T16:49:13.314+0100][info ][gc,load        ] GC(5) Load: 1,78/1,27/1,55
[2024-02-14T16:49:13.314+0100][info ][gc,mmu         ] GC(5) MMU: 2ms/92,8%, 5ms/97,1%, 10ms/98,6%, 20ms/99,1%, 50ms/99,6%, 100ms/99,8%
[2024-02-14T16:49:13.314+0100][info ][gc,marking     ] GC(5) Mark: 2 stripe(s), 2 proactive flush(es), 1 terminate flush(es), 0 completion(s), 0 continuation(s) 
[2024-02-14T16:49:13.314+0100][info ][gc,marking     ] GC(5) Mark Stack Usage: 32M
[2024-02-14T16:49:13.314+0100][info ][gc,nmethod     ] GC(5) NMethods: 3473 registered, 1012 unregistered
[2024-02-14T16:49:13.314+0100][info ][gc,metaspace   ] GC(5) Metaspace: 30M used, 30M committed, 1088M reserved
[2024-02-14T16:49:13.314+0100][info ][gc,ref         ] GC(5) Soft: 3825 encountered, 0 discovered, 0 enqueued
[2024-02-14T16:49:13.314+0100][info ][gc,ref         ] GC(5) Weak: 1901 encountered, 108 discovered, 0 enqueued
[2024-02-14T16:49:13.314+0100][info ][gc,ref         ] GC(5) Final: 2104 encountered, 2104 discovered, 2104 enqueued
[2024-02-14T16:49:13.314+0100][info ][gc,ref         ] GC(5) Phantom: 2493 encountered, 2285 discovered, 2111 enqueued
[2024-02-14T16:49:13.314+0100][info ][gc,reloc       ] GC(5) Small Pages: 935 / 1870M, Empty: 724M, Relocated: 5M, In-Place: 0
[2024-02-14T16:49:13.314+0100][info ][gc,reloc       ] GC(5) Medium Pages: 1 / 32M, Empty: 0M, Relocated: 0M, In-Place: 0
[2024-02-14T16:49:13.314+0100][info ][gc,reloc       ] GC(5) Large Pages: 0 / 0M, Empty: 0M, Relocated: 0M, In-Place: 0
[2024-02-14T16:49:13.314+0100][info ][gc,reloc       ] GC(5) Forwarding Usage: 2M
[2024-02-14T16:49:13.314+0100][info ][gc,heap        ] GC(5) Min Capacity: 5120M(33%)
[2024-02-14T16:49:13.314+0100][info ][gc,heap        ] GC(5) Max Capacity: 15360M(100%)
[2024-02-14T16:49:13.314+0100][info ][gc,heap        ] GC(5) Soft Max Capacity: 15360M(100%)
[2024-02-14T16:49:13.314+0100][info ][gc,heap        ] GC(5)                Mark Start          Mark End        Relocate Start      Relocate End           High               Low         
[2024-02-14T16:49:13.314+0100][info ][gc,heap        ] GC(5)  Capacity:    11344M (74%)       11344M (74%)       11344M (74%)       11344M (74%)       11344M (74%)       11344M (74%)    
[2024-02-14T16:49:13.314+0100][info ][gc,heap        ] GC(5)      Free:    13458M (88%)       13302M (87%)       14020M (91%)       14606M (95%)       14608M (95%)       13298M (87%)    
[2024-02-14T16:49:13.314+0100][info ][gc,heap        ] GC(5)      Used:     1902M (12%)        2058M (13%)        1340M (9%)          754M (5%)         2062M (13%)         752M (5%)     
[2024-02-14T16:49:13.314+0100][info ][gc,heap        ] GC(5)      Live:         -               425M (3%)          425M (3%)          425M (3%)             -                  -          
[2024-02-14T16:49:13.314+0100][info ][gc,heap        ] GC(5) Allocated:         -               156M (1%)          162M (1%)          169M (1%)             -                  -          
[2024-02-14T16:49:13.314+0100][info ][gc,heap        ] GC(5)   Garbage:         -              1476M (10%)         752M (5%)          158M (1%)             -                  -          
[2024-02-14T16:49:13.314+0100][info ][gc,heap        ] GC(5) Reclaimed:         -                  -               724M (5%)         1317M (9%)             -                  -          
[2024-02-14T16:49:13.314+0100][info ][gc             ] GC(5) Garbage Collection (Allocation Rate) 1902M(12%)->754M(5%)
[2024-02-14T16:49:13.407+0100][debug][gc,alloc       ] Allocation Rate: 1990,0MB/s, Predicted: 1816,1MB/s, Avg: 1343,0(+/-274,4)MB/s
[2024-02-14T16:49:13.407+0100][debug][gc,director    ] Select GC Workers (Unsteady), AvoidLongGCWorkers: 0,130, AvoidOOMGCWorkers: 0,307, LastGCWorkers: 3,000, HalfGCWorkers: 2,500, GCWorkers: 3,000
[2024-02-14T16:49:13.407+0100][debug][gc,director    ] Rule: Allocation Rate (Dynamic GC Workers), MaxAllocRate: 2719,1MB/s (+/-20,4%), Free: 13960MB, GCCPUTime: 1,315, GCDuration: 0,446s, TimeUntilOOM: 4,263s, TimeUntilGC: 3,717s, GCWorkers: 3 -> 3
[2024-02-14T16:49:13.407+0100][debug][gc,director    ] Rule: High Usage, Free: 13960MB(90,9%)
[2024-02-14T16:49:13.407+0100][debug][gc,director    ] Rule: Proactive, UsedUntilEnabled: 932MB, TimeUntilEnabled: 299,907s
[2024-02-14T16:49:13.507+0100][debug][gc,alloc       ] Allocation Rate: 1862,0MB/s, Predicted: 1897,1MB/s, Avg: 1442,4(+/-264,2)MB/s
[2024-02-14T16:49:13.507+0100][debug][gc,director    ] Select GC Workers (Unsteady), AvoidLongGCWorkers: 0,130, AvoidOOMGCWorkers: 0,308, LastGCWorkers: 3,000, HalfGCWorkers: 2,500, GCWorkers: 3,000
[2024-02-14T16:49:13.507+0100][debug][gc,director    ] Rule: Allocation Rate (Dynamic GC Workers), MaxAllocRate: 2766,4MB/s (+/-18,3%), Free: 13896MB, GCCPUTime: 1,315, GCDuration: 0,446s, TimeUntilOOM: 4,245s, TimeUntilGC: 3,699s, GCWorkers: 3 -> 3
[2024-02-14T16:49:13.507+0100][debug][gc,director    ] Rule: High Usage, Free: 13896MB(90,5%)
[2024-02-14T16:49:13.507+0100][debug][gc,director    ] Rule: Proactive, UsedUntilEnabled: 868MB, TimeUntilEnabled: 299,806s
[2024-02-14T16:49:13.608+0100][debug][gc,alloc       ] Allocation Rate: 1654,0MB/s, Predicted: 1894,7MB/s, Avg: 1496,2(+/-246,4)MB/s
[2024-02-14T16:49:13.608+0100][debug][gc,director    ] Select GC Workers (Unsteady), AvoidLongGCWorkers: 0,130, AvoidOOMGCWorkers: 0,299, LastGCWorkers: 3,000, HalfGCWorkers: 2,500, GCWorkers: 3,000
[2024-02-14T16:49:13.608+0100][debug][gc,director    ] Rule: Allocation Rate (Dynamic GC Workers), MaxAllocRate: 2705,6MB/s (+/-16,5%), Free: 13794MB, GCCPUTime: 1,315, GCDuration: 0,446s, TimeUntilOOM: 4,377s, TimeUntilGC: 3,831s, GCWorkers: 3 -> 3
[2024-02-14T16:49:13.608+0100][debug][gc,director    ] Rule: High Usage, Free: 13794MB(89,8%)
[2024-02-14T16:49:13.608+0100][debug][gc,director    ] Rule: Proactive, UsedUntilEnabled: 766MB, TimeUntilEnabled: 299,706s
[2024-02-14T16:49:13.708+0100][debug][gc,alloc       ] Allocation Rate: 1588,0MB/s, Predicted: 1856,1MB/s, Avg: 1533,6(+/-228,5)MB/s
[2024-02-14T16:49:13.708+0100][debug][gc,director    ] Select GC Workers (Try Lowering), AvoidLongGCWorkers: 0,130, AvoidOOMGCWorkers: 0,286, NextAvoidOOMGCWorkers: 0,327, LastGCWorkers: 3,000, GCWorkers: 1,000
[2024-02-14T16:49:13.708+0100][debug][gc,director    ] Rule: Allocation Rate (Dynamic GC Workers), MaxAllocRate: 2608,0MB/s (+/-14,9%), Free: 13684MB, GCCPUTime: 1,315, GCDuration: 1,315s, TimeUntilOOM: 4,567s, TimeUntilGC: 3,152s, GCWorkers: 3 -> 1
[2024-02-14T16:49:13.708+0100][debug][gc,director    ] Rule: High Usage, Free: 13684MB(89,1%)
[2024-02-14T16:49:13.708+0100][debug][gc,director    ] Rule: Proactive, UsedUntilEnabled: 656MB, TimeUntilEnabled: 299,606s
[2024-02-14T16:49:13.807+0100][debug][gc,alloc       ] Allocation Rate: 1620,0MB/s, Predicted: 1813,5MB/s, Avg: 1571,2(+/-207,7)MB/s
[2024-02-14T16:49:13.807+0100][debug][gc,director    ] Select GC Workers (Try Lowering), AvoidLongGCWorkers: 0,130, AvoidOOMGCWorkers: 0,273, NextAvoidOOMGCWorkers: 0,303, LastGCWorkers: 3,000, GCWorkers: 1,000
[2024-02-14T16:49:13.807+0100][debug][gc,director    ] Rule: Allocation Rate (Dynamic GC Workers), MaxAllocRate: 2497,0MB/s (+/-13,2%), Free: 13542MB, GCCPUTime: 1,315, GCDuration: 1,315s, TimeUntilOOM: 4,790s, TimeUntilGC: 3,375s, GCWorkers: 3 -> 1
[2024-02-14T16:49:13.807+0100][debug][gc,director    ] Rule: High Usage, Free: 13540MB(88,2%)
[2024-02-14T16:49:13.807+0100][debug][gc,director    ] Rule: Proactive, UsedUntilEnabled: 512MB, TimeUntilEnabled: 299,506s
[2024-02-14T16:49:13.908+0100][debug][gc,alloc       ] Allocation Rate: 1622,0MB/s, Predicted: 1763,1MB/s, Avg: 1602,8(+/-188,1)MB/s
[2024-02-14T16:49:13.908+0100][debug][gc,director    ] Select GC Workers (Try Lowering), AvoidLongGCWorkers: 0,130, AvoidOOMGCWorkers: 0,259, NextAvoidOOMGCWorkers: 0,280, LastGCWorkers: 3,000, GCWorkers: 1,000
[2024-02-14T16:49:13.908+0100][debug][gc,director    ] Rule: Allocation Rate (Dynamic GC Workers), MaxAllocRate: 2382,0MB/s (+/-11,7%), Free: 13398MB, GCCPUTime: 1,315, GCDuration: 1,315s, TimeUntilOOM: 5,034s, TimeUntilGC: 3,619s, GCWorkers: 3 -> 1
[2024-02-14T16:49:13.908+0100][debug][gc,director    ] Rule: High Usage, Free: 13398MB(87,2%)
[2024-02-14T16:49:13.908+0100][debug][gc,director    ] Rule: Proactive, UsedUntilEnabled: 370MB, TimeUntilEnabled: 299,406s
[2024-02-14T16:49:14.008+0100][debug][gc,alloc       ] Allocation Rate: 1620,0MB/s, Predicted: 1707,9MB/s, Avg: 1627,8(+/-171,4)MB/s
[2024-02-14T16:49:14.008+0100][debug][gc,director    ] Select GC Workers (Try Lowering), AvoidLongGCWorkers: 0,130, AvoidOOMGCWorkers: 0,247, NextAvoidOOMGCWorkers: 0,261, LastGCWorkers: 3,000, GCWorkers: 1,000
[2024-02-14T16:49:14.008+0100][debug][gc,director    ] Rule: Allocation Rate (Dynamic GC Workers), MaxAllocRate: 2271,8MB/s (+/-10,5%), Free: 13258MB, GCCPUTime: 1,315, GCDuration: 1,315s, TimeUntilOOM: 5,280s, TimeUntilGC: 3,865s, GCWorkers: 3 -> 1
[2024-02-14T16:49:14.008+0100][debug][gc,director    ] Rule: High Usage, Free: 13258MB(86,3%)
[2024-02-14T16:49:14.008+0100][debug][gc,director    ] Rule: Proactive, UsedUntilEnabled: 230MB, TimeUntilEnabled: 299,306s
[2024-02-14T16:49:14.107+0100][debug][gc,alloc       ] Allocation Rate: 2074,0MB/s, Predicted: 1834,1MB/s, Avg: 1692,0(+/-203,3)MB/s
[2024-02-14T16:49:14.107+0100][debug][gc,director    ] Select GC Workers (Try Lowering), AvoidLongGCWorkers: 0,130, AvoidOOMGCWorkers: 0,289, NextAvoidOOMGCWorkers: 0,301, LastGCWorkers: 3,000, GCWorkers: 1,000
[2024-02-14T16:49:14.107+0100][debug][gc,director    ] Rule: Allocation Rate (Dynamic GC Workers), MaxAllocRate: 2503,0MB/s (+/-12,0%), Free: 12660MB, GCCPUTime: 1,315, GCDuration: 1,315s, TimeUntilOOM: 4,515s, TimeUntilGC: 3,101s, GCWorkers: 3 -> 1
[2024-02-14T16:49:14.107+0100][debug][gc,director    ] Rule: High Usage, Free: 12660MB(82,4%)
[2024-02-14T16:49:14.107+0100][debug][gc,director    ] Rule: Proactive, AcceptableGCInterval: 13,340s, TimeSinceLastGC: 0,794s, TimeUntilGC: 12,547s
[2024-02-14T16:49:14.208+0100][debug][gc,alloc       ] Allocation Rate: 2134,0MB/s, Predicted: 1943,7MB/s, Avg: 1761,4(+/-222,9)MB/s
[2024-02-14T16:49:14.208+0100][debug][gc,director    ] Select GC Workers (Try Lowering), AvoidLongGCWorkers: 0,130, AvoidOOMGCWorkers: 0,315, NextAvoidOOMGCWorkers: 0,321, LastGCWorkers: 3,000, GCWorkers: 1,000
[2024-02-14T16:49:14.208+0100][debug][gc,director    ] Rule: Allocation Rate (Dynamic GC Workers), MaxAllocRate: 2677,2MB/s (+/-12,7%), Free: 12518MB, GCCPUTime: 1,315, GCDuration: 1,315s, TimeUntilOOM: 4,150s, TimeUntilGC: 2,736s, GCWorkers: 3 -> 1
[2024-02-14T16:49:14.208+0100][debug][gc,director    ] Rule: High Usage, Free: 12518MB(81,5%)
[2024-02-14T16:49:14.208+0100][debug][gc,director    ] Rule: Proactive, AcceptableGCInterval: 13,340s, TimeSinceLastGC: 0,894s, TimeUntilGC: 12,446s
[2024-02-14T16:49:14.308+0100][debug][gc,alloc       ] Allocation Rate: 2200,0MB/s, Predicted: 2036,1MB/s, Avg: 1836,4(+/-231,5)MB/s
[2024-02-14T16:49:14.308+0100][debug][gc,director    ] Select GC Workers (Try Lowering), AvoidLongGCWorkers: 0,130, AvoidOOMGCWorkers: 0,333, NextAvoidOOMGCWorkers: 0,331, LastGCWorkers: 3,000, GCWorkers: 1,000
[2024-02-14T16:49:14.308+0100][debug][gc,director    ] Rule: Allocation Rate (Dynamic GC Workers), MaxAllocRate: 2798,0MB/s (+/-12,6%), Free: 12372MB, GCCPUTime: 1,315, GCDuration: 1,315s, TimeUntilOOM: 3,927s, TimeUntilGC: 2,512s, GCWorkers: 3 -> 1
[2024-02-14T16:49:14.308+0100][debug][gc,director    ] Rule: High Usage, Free: 12372MB(80,5%)
[2024-02-14T16:49:14.308+0100][debug][gc,director    ] Rule: Proactive, AcceptableGCInterval: 13,340s, TimeSinceLastGC: 0,994s, TimeUntilGC: 12,346s
[2024-02-14T16:49:14.407+0100][debug][gc,alloc       ] Allocation Rate: 1730,0MB/s, Predicted: 2034,5MB/s, Avg: 1810,4(+/-227,4)MB/s
[2024-02-14T16:49:14.407+0100][debug][gc,director    ] Select GC Workers (Try Lowering), AvoidLongGCWorkers: 0,130, AvoidOOMGCWorkers: 0,335, NextAvoidOOMGCWorkers: 0,324, LastGCWorkers: 3,000, GCWorkers: 1,000
[2024-02-14T16:49:14.407+0100][debug][gc,director    ] Rule: Allocation Rate (Dynamic GC Workers), MaxAllocRate: 2782,7MB/s (+/-12,6%), Free: 12230MB, GCCPUTime: 1,315, GCDuration: 1,315s, TimeUntilOOM: 3,905s, TimeUntilGC: 2,490s, GCWorkers: 3 -> 1
[2024-02-14T16:49:14.407+0100][debug][gc,director    ] Rule: High Usage, Free: 12230MB(79,6%)
[2024-02-14T16:49:14.407+0100][debug][gc,director    ] Rule: Proactive, AcceptableGCInterval: 13,340s, TimeSinceLastGC: 1,093s, TimeUntilGC: 12,247s
[2024-02-14T16:49:14.508+0100][debug][gc,alloc       ] Allocation Rate: 1810,0MB/s, Predicted: 2048,1MB/s, Avg: 1805,2(+/-226,7)MB/s
[2024-02-14T16:49:14.508+0100][debug][gc,director    ] Select GC Workers (Try Lowering), AvoidLongGCWorkers: 0,130, AvoidOOMGCWorkers: 0,340, NextAvoidOOMGCWorkers: 0,321, LastGCWorkers: 3,000, GCWorkers: 1,000
[2024-02-14T16:49:14.508+0100][debug][gc,director    ] Rule: Allocation Rate (Dynamic GC Workers), MaxAllocRate: 2794,2MB/s (+/-12,6%), Free: 12086MB, GCCPUTime: 1,315, GCDuration: 1,315s, TimeUntilOOM: 3,843s, TimeUntilGC: 2,428s, GCWorkers: 3 -> 1
[2024-02-14T16:49:14.508+0100][debug][gc,director    ] Rule: High Usage, Free: 12086MB(78,7%)
[2024-02-14T16:49:14.508+0100][debug][gc,director    ] Rule: Proactive, AcceptableGCInterval: 13,340s, TimeSinceLastGC: 1,194s, TimeUntilGC: 12,146s
[2024-02-14T16:49:14.608+0100][debug][gc,alloc       ] Allocation Rate: 1990,0MB/s, Predicted: 2081,7MB/s, Avg: 1838,8(+/-226,7)MB/s
[2024-02-14T16:49:14.608+0100][debug][gc,director    ] Select GC Workers (Try Lowering), AvoidLongGCWorkers: 0,130, AvoidOOMGCWorkers: 0,352, NextAvoidOOMGCWorkers: 0,323, LastGCWorkers: 3,000, GCWorkers: 1,000
[2024-02-14T16:49:14.608+0100][debug][gc,director    ] Rule: Allocation Rate (Dynamic GC Workers), MaxAllocRate: 2827,8MB/s (+/-12,3%), Free: 11802MB, GCCPUTime: 1,315, GCDuration: 1,315s, TimeUntilOOM: 3,715s, TimeUntilGC: 2,301s, GCWorkers: 3 -> 1
[2024-02-14T16:49:14.608+0100][debug][gc,director    ] Rule: High Usage, Free: 11800MB(76,8%)
[2024-02-14T16:49:14.608+0100][debug][gc,director    ] Rule: Proactive, AcceptableGCInterval: 13,340s, TimeSinceLastGC: 1,294s, TimeUntilGC: 12,046s
[2024-02-14T16:49:14.707+0100][debug][gc,alloc       ] Allocation Rate: 2336,0MB/s, Predicted: 2213,7MB/s, Avg: 1913,6(+/-253,5)MB/s
[2024-02-14T16:49:14.707+0100][debug][gc,director    ] Select GC Workers (Try Lowering), AvoidLongGCWorkers: 0,130, AvoidOOMGCWorkers: 0,398, NextAvoidOOMGCWorkers: 0,352, LastGCWorkers: 3,000, GCWorkers: 1,000
[2024-02-14T16:49:14.707+0100][debug][gc,director    ] Rule: Allocation Rate (Dynamic GC Workers), MaxAllocRate: 3047,8MB/s (+/-13,2%), Free: 11348MB, GCCPUTime: 1,315, GCDuration: 1,315s, TimeUntilOOM: 3,288s, TimeUntilGC: 1,873s, GCWorkers: 3 -> 1
[2024-02-14T16:49:14.707+0100][debug][gc,director    ] Rule: High Usage, Free: 11348MB(73,9%)
[2024-02-14T16:49:14.707+0100][debug][gc,director    ] Rule: Proactive, AcceptableGCInterval: 13,340s, TimeSinceLastGC: 1,393s, TimeUntilGC: 11,947s
[2024-02-14T16:49:14.807+0100][debug][gc,alloc       ] Allocation Rate: 2336,0MB/s, Predicted: 2304,4MB/s, Avg: 1985,2(+/-261,4)MB/s
[2024-02-14T16:49:14.808+0100][debug][gc,director    ] Select GC Workers (Try Lowering), AvoidLongGCWorkers: 0,130, AvoidOOMGCWorkers: 0,418, NextAvoidOOMGCWorkers: 0,358, LastGCWorkers: 3,000, GCWorkers: 1,000
[2024-02-14T16:49:14.808+0100][debug][gc,director    ] Rule: Allocation Rate (Dynamic GC Workers), MaxAllocRate: 3164,6MB/s (+/-13,2%), Free: 11206MB, GCCPUTime: 1,315, GCDuration: 1,315s, TimeUntilOOM: 3,129s, TimeUntilGC: 1,714s, GCWorkers: 3 -> 1
[2024-02-14T16:49:14.808+0100][debug][gc,director    ] Rule: High Usage, Free: 11206MB(73,0%)
[2024-02-14T16:49:14.808+0100][debug][gc,director    ] Rule: Proactive, AcceptableGCInterval: 13,340s, TimeSinceLastGC: 1,494s, TimeUntilGC: 11,846s
[2024-02-14T16:49:14.908+0100][debug][gc,alloc       ] Allocation Rate: 2336,0MB/s, Predicted: 2347,9MB/s, Avg: 2056,6(+/-249,7)MB/s
[2024-02-14T16:49:14.908+0100][debug][gc,director    ] Select GC Workers (Try Lowering), AvoidLongGCWorkers: 0,130, AvoidOOMGCWorkers: 0,420, NextAvoidOOMGCWorkers: 0,350, LastGCWorkers: 3,000, GCWorkers: 1,000
[2024-02-14T16:49:14.908+0100][debug][gc,director    ] Rule: Allocation Rate (Dynamic GC Workers), MaxAllocRate: 3169,6MB/s (+/-12,1%), Free: 11062MB, GCCPUTime: 1,315, GCDuration: 1,315s, TimeUntilOOM: 3,112s, TimeUntilGC: 1,697s, GCWorkers: 3 -> 1
[2024-02-14T16:49:14.908+0100][debug][gc,director    ] Rule: High Usage, Free: 11060MB(72,0%)
[2024-02-14T16:49:14.908+0100][debug][gc,director    ] Rule: Proactive, AcceptableGCInterval: 13,340s, TimeSinceLastGC: 1,594s, TimeUntilGC: 11,746s
[2024-02-14T16:49:15.007+0100][debug][gc,alloc       ] Allocation Rate: 2338,0MB/s, Predicted: 2344,0MB/s, Avg: 2128,4(+/-214,6)MB/s
[2024-02-14T16:49:15.007+0100][debug][gc,director    ] Select GC Workers (Try Lowering), AvoidLongGCWorkers: 0,130, AvoidOOMGCWorkers: 0,402, NextAvoidOOMGCWorkers: 0,329, LastGCWorkers: 3,000, GCWorkers: 1,000
[2024-02-14T16:49:15.007+0100][debug][gc,director    ] Rule: Allocation Rate (Dynamic GC Workers), MaxAllocRate: 3050,2MB/s (+/-10,1%), Free: 10920MB, GCCPUTime: 1,315, GCDuration: 1,315s, TimeUntilOOM: 3,252s, TimeUntilGC: 1,837s, GCWorkers: 3 -> 1
[2024-02-14T16:49:15.007+0100][debug][gc,director    ] Rule: High Usage, Free: 10920MB(71,1%)
[2024-02-14T16:49:15.007+0100][debug][gc,director    ] Rule: Proactive, AcceptableGCInterval: 13,340s, TimeSinceLastGC: 1,693s, TimeUntilGC: 11,647s
[2024-02-14T16:49:15.107+0100][debug][gc,alloc       ] Allocation Rate: 1888,0MB/s, Predicted: 2233,3MB/s, Avg: 2109,8(+/-226,3)MB/s
[2024-02-14T16:49:15.107+0100][debug][gc,director    ] Select GC Workers (Try Lowering), AvoidLongGCWorkers: 0,130, AvoidOOMGCWorkers: 0,400, NextAvoidOOMGCWorkers: 0,319, LastGCWorkers: 3,000, GCWorkers: 1,000
[2024-02-14T16:49:15.107+0100][debug][gc,director    ] Rule: Allocation Rate (Dynamic GC Workers), MaxAllocRate: 2977,9MB/s (+/-10,7%), Free: 10772MB, GCCPUTime: 1,315, GCDuration: 1,315s, TimeUntilOOM: 3,267s, TimeUntilGC: 1,852s, GCWorkers: 3 -> 1
[2024-02-14T16:49:15.107+0100][debug][gc,director    ] Rule: High Usage, Free: 10772MB(70,1%)
[2024-02-14T16:49:15.107+0100][debug][gc,director    ] Rule: Proactive, AcceptableGCInterval: 13,340s, TimeSinceLastGC: 1,794s, TimeUntilGC: 11,546s
[2024-02-14T16:49:15.208+0100][debug][gc,alloc       ] Allocation Rate: 2200,0MB/s, Predicted: 2275,9MB/s, Avg: 2116,4(+/-227,8)MB/s
[2024-02-14T16:49:15.208+0100][debug][gc,director    ] Select GC Workers (Try Lowering), AvoidLongGCWorkers: 0,130, AvoidOOMGCWorkers: 0,425, NextAvoidOOMGCWorkers: 0,327, LastGCWorkers: 3,000, GCWorkers: 1,000
[2024-02-14T16:49:15.208+0100][debug][gc,director    ] Rule: Allocation Rate (Dynamic GC Workers), MaxAllocRate: 3025,6MB/s (+/-10,8%), Free: 10314MB, GCCPUTime: 1,315, GCDuration: 1,315s, TimeUntilOOM: 3,078s, TimeUntilGC: 1,663s, GCWorkers: 3 -> 1
[2024-02-14T16:49:15.208+0100][debug][gc,director    ] Rule: High Usage, Free: 10314MB(67,1%)
[2024-02-14T16:49:15.208+0100][debug][gc,director    ] Rule: Proactive, AcceptableGCInterval: 13,340s, TimeSinceLastGC: 1,894s, TimeUntilGC: 11,446s
[2024-02-14T16:49:15.307+0100][info ][gc,stats       ] === Garbage Collection Statistics =======================================================================================================================
[2024-02-14T16:49:15.307+0100][info ][gc,stats       ]                                                              Last 10s              Last 10m              Last 10h                Total
[2024-02-14T16:49:15.307+0100][info ][gc,stats       ]                                                              Avg / Max             Avg / Max             Avg / Max             Avg / Max
[2024-02-14T16:49:15.307+0100][info ][gc,stats       ]   Collector: Garbage Collection Cycle                    371,791 / 623,071     244,479 / 623,071     244,479 / 623,071     244,479 / 623,071     ms
[2024-02-14T16:49:15.307+0100][info ][gc,stats       ]  Contention: Mark Segment Reset Contention                     7 / 70                6 / 70                6 / 70                6 / 70          ops/s
[2024-02-14T16:49:15.307+0100][info ][gc,stats       ]  Contention: Mark SeqNum Reset Contention                      0 / 0                 0 / 0                 0 / 0                 0 / 0           ops/s
[2024-02-14T16:49:15.307+0100][info ][gc,stats       ]    Critical: Allocation Stall                                  0 / 0                 0 / 0                 0 / 0                 0 / 0           ops/s
[2024-02-14T16:49:15.308+0100][info ][gc,stats       ]    Critical: Allocation Stall                              0,000 / 0,000         0,000 / 0,000         0,000 / 0,000         0,000 / 0,000       ms
[2024-02-14T16:49:15.308+0100][info ][gc,stats       ]    Critical: GC Locker Stall                                   0 / 0                 0 / 1                 0 / 1                 0 / 1           ops/s
[2024-02-14T16:49:15.308+0100][info ][gc,stats       ]    Critical: GC Locker Stall                               0,000 / 0,000         0,094 / 0,094         0,094 / 0,094         0,094 / 0,094       ms
[2024-02-14T16:49:15.308+0100][info ][gc,stats       ]    Critical: Relocation Stall                                  0 / 0                 0 / 0                 0 / 0                 0 / 0           ops/s
[2024-02-14T16:49:15.308+0100][info ][gc,stats       ]    Critical: Relocation Stall                              0,000 / 0,000         0,000 / 0,000         0,000 / 0,000         0,000 / 0,000       ms
[2024-02-14T16:49:15.308+0100][info ][gc,stats       ]      Memory: Allocation Rate                                1567 / 2322           1376 / 2322           1376 / 2322           1376 / 2322        MB/s
[2024-02-14T16:49:15.308+0100][info ][gc,stats       ]      Memory: Defragment                                        0 / 0                 0 / 0                 0 / 0                 0 / 0           ops/s
[2024-02-14T16:49:15.308+0100][info ][gc,stats       ]      Memory: Out Of Memory                                     0 / 0                 0 / 0                 0 / 0                 0 / 0           ops/s
[2024-02-14T16:49:15.308+0100][info ][gc,stats       ]      Memory: Page Cache Flush                                  0 / 0                 0 / 0                 0 / 0                 0 / 0           MB/s
[2024-02-14T16:49:15.308+0100][info ][gc,stats       ]      Memory: Page Cache Hit L1                               484 / 1161            387 / 1161            387 / 1161            387 / 1161        ops/s
[2024-02-14T16:49:15.308+0100][info ][gc,stats       ]      Memory: Page Cache Hit L2                                 0 / 0                 0 / 0                 0 / 0                 0 / 0           ops/s
[2024-02-14T16:49:15.308+0100][info ][gc,stats       ]      Memory: Page Cache Hit L3                                 0 / 0               141 / 915             141 / 915             141 / 915         ops/s
[2024-02-14T16:49:15.308+0100][info ][gc,stats       ]      Memory: Page Cache Miss                                 304 / 600             172 / 600             172 / 600             172 / 600         ops/s
[2024-02-14T16:49:15.308+0100][info ][gc,stats       ]      Memory: Uncommit                                          0 / 0                 0 / 0                 0 / 0                 0 / 0           MB/s
[2024-02-14T16:49:15.308+0100][info ][gc,stats       ]      Memory: Undo Object Allocation Failed                     0 / 0                 0 / 0                 0 / 0                 0 / 0           ops/s
[2024-02-14T16:49:15.308+0100][info ][gc,stats       ]      Memory: Undo Object Allocation Succeeded                  0 / 6                 0 / 6                 0 / 6                 0 / 6           ops/s
[2024-02-14T16:49:15.308+0100][info ][gc,stats       ]      Memory: Undo Page Allocation                              3 / 17                2 / 17                2 / 17                2 / 17          ops/s
[2024-02-14T16:49:15.308+0100][info ][gc,stats       ]       Phase: Concurrent Mark                             341,187 / 580,975     204,495 / 580,975     204,495 / 580,975     204,495 / 580,975     ms
[2024-02-14T16:49:15.308+0100][info ][gc,stats       ]       Phase: Concurrent Mark Continue                      0,000 / 0,000         0,000 / 0,000         0,000 / 0,000         0,000 / 0,000       ms
[2024-02-14T16:49:15.308+0100][info ][gc,stats       ]       Phase: Concurrent Mark Free                          0,041 / 0,048         0,038 / 0,050         0,038 / 0,050         0,038 / 0,050       ms
[2024-02-14T16:49:15.308+0100][info ][gc,stats       ]       Phase: Concurrent Process Non-Strong References      8,603 / 15,565        7,583 / 15,565        7,583 / 15,565        7,583 / 15,565      ms
[2024-02-14T16:49:15.308+0100][info ][gc,stats       ]       Phase: Concurrent Relocate                          15,812 / 21,497       22,103 / 80,437       22,103 / 80,437       22,103 / 80,437      ms
[2024-02-14T16:49:15.308+0100][info ][gc,stats       ]       Phase: Concurrent Reset Relocation Set               0,048 / 0,074         0,034 / 0,074         0,034 / 0,074         0,034 / 0,074       ms
[2024-02-14T16:49:15.308+0100][info ][gc,stats       ]       Phase: Concurrent Select Relocation Set              4,397 / 7,786         8,774 / 24,137        8,774 / 24,137        8,774 / 24,137      ms
[2024-02-14T16:49:15.308+0100][info ][gc,stats       ]       Phase: Pause Mark End                                0,054 / 0,064         0,052 / 0,064         0,052 / 0,064         0,052 / 0,064       ms
[2024-02-14T16:49:15.308+0100][info ][gc,stats       ]       Phase: Pause Mark Start                              0,086 / 0,108         0,114 / 0,144         0,114 / 0,144         0,114 / 0,144       ms
[2024-02-14T16:49:15.308+0100][info ][gc,stats       ]       Phase: Pause Relocate Start                          0,051 / 0,054         0,045 / 0,054         0,045 / 0,054         0,045 / 0,054       ms
[2024-02-14T16:49:15.308+0100][info ][gc,stats       ]    Subphase: Concurrent Classes Purge                      0,991 / 2,185         2,574 / 5,566         2,574 / 5,566         2,574 / 5,566       ms
[2024-02-14T16:49:15.308+0100][info ][gc,stats       ]    Subphase: Concurrent Classes Unlink                     3,271 / 6,276         2,281 / 6,276         2,281 / 6,276         2,281 / 6,276       ms
[2024-02-14T16:49:15.308+0100][debug][gc,alloc       ] Allocation Rate: 2322,0MB/s, Predicted: 2380,4MB/s, Avg: 2128,6(+/-235,1)MB/s
[2024-02-14T16:49:15.308+0100][debug][gc,director    ] Select GC Workers (Try Lowering), AvoidLongGCWorkers: 0,130, AvoidOOMGCWorkers: 0,456, NextAvoidOOMGCWorkers: 0,336, LastGCWorkers: 3,000, GCWorkers: 1,000
[2024-02-14T16:49:15.308+0100][debug][gc,director    ] Rule: Allocation Rate (Dynamic GC Workers), MaxAllocRate: 3154,1MB/s (+/-11,0%), Free: 10050MB, GCCPUTime: 1,315, GCDuration: 1,315s, TimeUntilOOM: 2,869s, TimeUntilGC: 1,455s, GCWorkers: 3 -> 1
[2024-02-14T16:49:15.308+0100][debug][gc,director    ] Rule: High Usage, Free: 10050MB(65,4%)
[2024-02-14T16:49:15.308+0100][debug][gc,director    ] Rule: Proactive, AcceptableGCInterval: 13,340s, TimeSinceLastGC: 1,994s, TimeUntilGC: 11,346s
[2024-02-14T16:49:15.308+0100][info ][gc,stats       ]    Subphase: Concurrent Mark                             264,972 / 578,370     140,707 / 578,370     140,707 / 578,370     140,707 / 578,370     ms
[2024-02-14T16:49:15.308+0100][info ][gc,stats       ]    Subphase: Concurrent Mark Try Flush                     1,253 / 16,348        0,759 / 16,348        0,759 / 16,348        0,759 / 16,348      ms
[2024-02-14T16:49:15.308+0100][info ][gc,stats       ]    Subphase: Concurrent Mark Try Terminate                 0,962 / 1,182         0,901 / 1,262         0,901 / 1,262         0,901 / 1,262       ms
[2024-02-14T16:49:15.308+0100][info ][gc,stats       ]    Subphase: Concurrent References Enqueue                 0,011 / 0,011         0,011 / 0,011         0,011 / 0,011         0,011 / 0,011       ms
[2024-02-14T16:49:15.308+0100][info ][gc,stats       ]    Subphase: Concurrent References Process                 3,368 / 7,270         1,975 / 7,270         1,975 / 7,270         1,975 / 7,270       ms
[2024-02-14T16:49:15.308+0100][info ][gc,stats       ]    Subphase: Concurrent Roots ClassLoaderDataGraph         0,136 / 0,310         0,084 / 0,310         0,084 / 0,310         0,084 / 0,310       ms
[2024-02-14T16:49:15.308+0100][info ][gc,stats       ]    Subphase: Concurrent Roots CodeCache                    0,000 / 0,000         0,000 / 0,000         0,000 / 0,000         0,000 / 0,000       ms
[2024-02-14T16:49:15.308+0100][info ][gc,stats       ]    Subphase: Concurrent Roots JavaThreads                  0,995 / 1,932         0,640 / 1,932         0,640 / 1,932         0,640 / 1,932       ms
[2024-02-14T16:49:15.308+0100][info ][gc,stats       ]    Subphase: Concurrent Roots OopStorageSet                0,056 / 0,100         0,241 / 0,964         0,241 / 0,964         0,241 / 0,964       ms
[2024-02-14T16:49:15.308+0100][info ][gc,stats       ]    Subphase: Concurrent Weak Roots OopStorageSet           0,304 / 0,729         0,221 / 0,729         0,221 / 0,729         0,221 / 0,729       ms
[2024-02-14T16:49:15.308+0100][info ][gc,stats       ]    Subphase: Pause Mark Try Complete                       0,000 / 0,000         0,000 / 0,000         0,000 / 0,000         0,000 / 0,000       ms
[2024-02-14T16:49:15.308+0100][info ][gc,stats       ]      System: Java Threads                                     40 / 42               36 / 46               36 / 46               36 / 46          threads
[2024-02-14T16:49:15.308+0100][info ][gc,stats       ] =========================================================================================================================================================
[2024-02-14T16:49:15.407+0100][debug][gc,alloc       ] Allocation Rate: 2318,0MB/s, Predicted: 2349,9MB/s, Avg: 2187,4(+/-198,8)MB/s
[2024-02-14T16:49:15.407+0100][debug][gc,director    ] Select GC Workers (Try Lowering), AvoidLongGCWorkers: 0,130, AvoidOOMGCWorkers: 0,433, NextAvoidOOMGCWorkers: 0,315, LastGCWorkers: 3,000, GCWorkers: 1,000
[2024-02-14T16:49:15.407+0100][debug][gc,director    ] Rule: Allocation Rate (Dynamic GC Workers), MaxAllocRate: 3004,1MB/s (+/-9,1%), Free: 9912MB, GCCPUTime: 1,315, GCDuration: 1,315s, TimeUntilOOM: 3,025s, TimeUntilGC: 1,610s, GCWorkers: 3 -> 1
[2024-02-14T16:49:15.407+0100][debug][gc,director    ] Rule: High Usage, Free: 9912MB(64,5%)
[2024-02-14T16:49:15.407+0100][debug][gc,director    ] Rule: Proactive, AcceptableGCInterval: 13,340s, TimeSinceLastGC: 2,093s, TimeUntilGC: 11,247s
[2024-02-14T16:49:15.508+0100][debug][gc,alloc       ] Allocation Rate: 2318,0MB/s, Predicted: 2301,5MB/s, Avg: 2238,2(+/-156,2)MB/s
[2024-02-14T16:49:15.508+0100][debug][gc,director    ] Select GC Workers (Try Lowering), AvoidLongGCWorkers: 0,130, AvoidOOMGCWorkers: 0,403, NextAvoidOOMGCWorkers: 0,292, LastGCWorkers: 3,000, GCWorkers: 1,000
[2024-02-14T16:49:15.508+0100][debug][gc,director    ] Rule: Allocation Rate (Dynamic GC Workers), MaxAllocRate: 2815,6MB/s (+/-7,0%), Free: 9768MB, GCCPUTime: 1,315, GCDuration: 1,315s, TimeUntilOOM: 3,243s, TimeUntilGC: 1,828s, GCWorkers: 3 -> 1
[2024-02-14T16:49:15.508+0100][debug][gc,director    ] Rule: High Usage, Free: 9768MB(63,6%)
[2024-02-14T16:49:15.508+0100][debug][gc,director    ] Rule: Proactive, AcceptableGCInterval: 13,340s, TimeSinceLastGC: 2,194s, TimeUntilGC: 11,146s
[2024-02-14T16:49:15.608+0100][debug][gc,alloc       ] Allocation Rate: 2164,0MB/s, Predicted: 2205,6MB/s, Avg: 2255,6(+/-136,0)MB/s
[2024-02-14T16:49:15.608+0100][debug][gc,director    ] Select GC Workers (Try Lowering), AvoidLongGCWorkers: 0,130, AvoidOOMGCWorkers: 0,389, NextAvoidOOMGCWorkers: 0,279, LastGCWorkers: 3,000, GCWorkers: 1,000
[2024-02-14T16:49:15.608+0100][debug][gc,director    ] Rule: Allocation Rate (Dynamic GC Workers), MaxAllocRate: 2703,1MB/s (+/-6,0%), Free: 9640MB, GCCPUTime: 1,315, GCDuration: 1,315s, TimeUntilOOM: 3,363s, TimeUntilGC: 1,949s, GCWorkers: 3 -> 1
[2024-02-14T16:49:15.608+0100][debug][gc,director    ] Rule: High Usage, Free: 9640MB(62,8%)
[2024-02-14T16:49:15.608+0100][debug][gc,director    ] Rule: Proactive, AcceptableGCInterval: 13,340s, TimeSinceLastGC: 2,294s, TimeUntilGC: 11,046s
[2024-02-14T16:49:15.707+0100][debug][gc,alloc       ] Allocation Rate: 1850,0MB/s, Predicted: 2064,8MB/s, Avg: 2207,0(+/-178,7)MB/s
[2024-02-14T16:49:15.707+0100][debug][gc,director    ] Select GC Workers (Try Lowering), AvoidLongGCWorkers: 0,130, AvoidOOMGCWorkers: 0,416, NextAvoidOOMGCWorkers: 0,286, LastGCWorkers: 3,000, GCWorkers: 1,000
[2024-02-14T16:49:15.707+0100][debug][gc,director    ] Rule: Allocation Rate (Dynamic GC Workers), MaxAllocRate: 2795,1MB/s (+/-8,1%), Free: 9498MB, GCCPUTime: 1,315, GCDuration: 1,315s, TimeUntilOOM: 3,144s, TimeUntilGC: 1,729s, GCWorkers: 3 -> 1
[2024-02-14T16:49:15.707+0100][debug][gc,director    ] Rule: High Usage, Free: 9498MB(61,8%)
[2024-02-14T16:49:15.707+0100][debug][gc,director    ] Rule: Proactive, AcceptableGCInterval: 13,340s, TimeSinceLastGC: 2,393s, TimeUntilGC: 10,947s
[2024-02-14T16:49:15.807+0100][debug][gc,alloc       ] Allocation Rate: 2028,0MB/s, Predicted: 2027,6MB/s, Avg: 2176,2(+/-180,4)MB/s
[2024-02-14T16:49:15.808+0100][debug][gc,director    ] Select GC Workers (Try Lowering), AvoidLongGCWorkers: 0,130, AvoidOOMGCWorkers: 0,428, NextAvoidOOMGCWorkers: 0,285, LastGCWorkers: 3,000, GCWorkers: 1,000
[2024-02-14T16:49:15.808+0100][debug][gc,director    ] Rule: Allocation Rate (Dynamic GC Workers), MaxAllocRate: 2769,7MB/s (+/-8,3%), Free: 9176MB, GCCPUTime: 1,315, GCDuration: 1,315s, TimeUntilOOM: 3,059s, TimeUntilGC: 1,645s, GCWorkers: 3 -> 1
[2024-02-14T16:49:15.808+0100][debug][gc,director    ] Rule: High Usage, Free: 9176MB(59,7%)
[2024-02-14T16:49:15.808+0100][debug][gc,director    ] Rule: Proactive, AcceptableGCInterval: 13,340s, TimeSinceLastGC: 2,494s, TimeUntilGC: 10,846s
[2024-02-14T16:49:15.908+0100][debug][gc,alloc       ] Allocation Rate: 2302,0MB/s, Predicted: 2120,5MB/s, Avg: 2172,8(+/-177,6)MB/s
[2024-02-14T16:49:15.908+0100][debug][gc,director    ] Select GC Workers (Try Lowering), AvoidLongGCWorkers: 0,130, AvoidOOMGCWorkers: 0,446, NextAvoidOOMGCWorkers: 0,286, LastGCWorkers: 3,000, GCWorkers: 1,000
[2024-02-14T16:49:15.908+0100][debug][gc,director    ] Rule: Allocation Rate (Dynamic GC Workers), MaxAllocRate: 2757,3MB/s (+/-8,2%), Free: 8760MB, GCCPUTime: 1,315, GCDuration: 1,315s, TimeUntilOOM: 2,937s, TimeUntilGC: 1,522s, GCWorkers: 3 -> 1
[2024-02-14T16:49:15.908+0100][debug][gc,director    ] Rule: High Usage, Free: 8760MB(57,0%)
[2024-02-14T16:49:15.908+0100][debug][gc,director    ] Rule: Proactive, AcceptableGCInterval: 13,340s, TimeSinceLastGC: 2,594s, TimeUntilGC: 10,746s
[2024-02-14T16:49:16.007+0100][debug][gc,alloc       ] Allocation Rate: 2302,0MB/s, Predicted: 2216,3MB/s, Avg: 2169,2(+/-174,6)MB/s
[2024-02-14T16:49:16.007+0100][debug][gc,director    ] Select GC Workers (Try Lowering), AvoidLongGCWorkers: 0,130, AvoidOOMGCWorkers: 0,458, NextAvoidOOMGCWorkers: 0,285, LastGCWorkers: 3,000, GCWorkers: 1,000
[2024-02-14T16:49:16.007+0100][debug][gc,director    ] Rule: Allocation Rate (Dynamic GC Workers), MaxAllocRate: 2790,7MB/s (+/-8,0%), Free: 8618MB, GCCPUTime: 1,315, GCDuration: 1,315s, TimeUntilOOM: 2,858s, TimeUntilGC: 1,443s, GCWorkers: 3 -> 1
[2024-02-14T16:49:16.007+0100][debug][gc,director    ] Rule: High Usage, Free: 8618MB(56,1%)
[2024-02-14T16:49:16.007+0100][debug][gc,director    ] Rule: Proactive, AcceptableGCInterval: 13,340s, TimeSinceLastGC: 2,693s, TimeUntilGC: 10,647s
[2024-02-14T16:49:16.107+0100][debug][gc,alloc       ] Allocation Rate: 2300,0MB/s, Predicted: 2193,6MB/s, Avg: 2210,4(+/-150,3)MB/s
[2024-02-14T16:49:16.107+0100][debug][gc,director    ] Select GC Workers (Try Lowering), AvoidLongGCWorkers: 0,130, AvoidOOMGCWorkers: 0,446, NextAvoidOOMGCWorkers: 0,275, LastGCWorkers: 3,000, GCWorkers: 1,000
[2024-02-14T16:49:16.108+0100][debug][gc,director    ] Rule: Allocation Rate (Dynamic GC Workers), MaxAllocRate: 2704,9MB/s (+/-6,8%), Free: 8472MB, GCCPUTime: 1,315, GCDuration: 1,315s, TimeUntilOOM: 2,933s, TimeUntilGC: 1,518s, GCWorkers: 3 -> 1
[2024-02-14T16:49:16.108+0100][debug][gc,director    ] Rule: High Usage, Free: 8472MB(55,2%)
[2024-02-14T16:49:16.108+0100][debug][gc,director    ] Rule: Proactive, AcceptableGCInterval: 13,340s, TimeSinceLastGC: 2,794s, TimeUntilGC: 10,546s
[2024-02-14T16:49:16.208+0100][debug][gc,alloc       ] Allocation Rate: 1990,0MB/s, Predicted: 2102,7MB/s, Avg: 2189,4(+/-164,3)MB/s
[2024-02-14T16:49:16.208+0100][debug][gc,director    ] Select GC Workers (Try Lowering), AvoidLongGCWorkers: 0,130, AvoidOOMGCWorkers: 0,461, NextAvoidOOMGCWorkers: 0,274, LastGCWorkers: 3,000, GCWorkers: 1,000
[2024-02-14T16:49:16.208+0100][debug][gc,director    ] Rule: Allocation Rate (Dynamic GC Workers), MaxAllocRate: 2730,0MB/s (+/-7,5%), Free: 8328MB, GCCPUTime: 1,315, GCDuration: 1,315s, TimeUntilOOM: 2,838s, TimeUntilGC: 1,423s, GCWorkers: 3 -> 1
[2024-02-14T16:49:16.208+0100][debug][gc,director    ] Rule: High Usage, Free: 8328MB(54,2%)
[2024-02-14T16:49:16.208+0100][debug][gc,director    ] Rule: Proactive, AcceptableGCInterval: 13,340s, TimeSinceLastGC: 2,894s, TimeUntilGC: 10,446s
[2024-02-14T16:49:16.307+0100][debug][gc,alloc       ] Allocation Rate: 1864,0MB/s, Predicted: 2007,9MB/s, Avg: 2143,6(+/-183,6)MB/s
[2024-02-14T16:49:16.307+0100][debug][gc,director    ] Select GC Workers (Try Lowering), AvoidLongGCWorkers: 0,130, AvoidOOMGCWorkers: 0,477, NextAvoidOOMGCWorkers: 0,274, LastGCWorkers: 3,000, GCWorkers: 1,000
[2024-02-14T16:49:16.307+0100][debug][gc,director    ] Rule: Allocation Rate (Dynamic GC Workers), MaxAllocRate: 2747,9MB/s (+/-8,6%), Free: 8186MB, GCCPUTime: 1,315, GCDuration: 1,315s, TimeUntilOOM: 2,744s, TimeUntilGC: 1,329s, GCWorkers: 3 -> 1
[2024-02-14T16:49:16.307+0100][debug][gc,director    ] Rule: High Usage, Free: 8186MB(53,3%)
[2024-02-14T16:49:16.307+0100][debug][gc,director    ] Rule: Proactive, AcceptableGCInterval: 13,340s, TimeSinceLastGC: 2,993s, TimeUntilGC: 10,347s
[2024-02-14T16:49:16.407+0100][debug][gc,alloc       ] Allocation Rate: 2196,0MB/s, Predicted: 2075,3MB/s, Avg: 2131,4(+/-175,5)MB/s
[2024-02-14T16:49:16.407+0100][debug][gc,director    ] Select GC Workers (Try Lowering), AvoidLongGCWorkers: 0,130, AvoidOOMGCWorkers: 0,497, NextAvoidOOMGCWorkers: 0,275, LastGCWorkers: 3,000, GCWorkers: 1,000
[2024-02-14T16:49:16.407+0100][debug][gc,director    ] Rule: Allocation Rate (Dynamic GC Workers), MaxAllocRate: 2708,9MB/s (+/-8,2%), Free: 7716MB, GCCPUTime: 1,315, GCDuration: 1,315s, TimeUntilOOM: 2,632s, TimeUntilGC: 1,217s, GCWorkers: 3 -> 1
[2024-02-14T16:49:16.407+0100][debug][gc,director    ] Rule: High Usage, Free: 7716MB(50,2%)
[2024-02-14T16:49:16.407+0100][debug][gc,director    ] Rule: Proactive, AcceptableGCInterval: 13,340s, TimeSinceLastGC: 3,093s, TimeUntilGC: 10,247s
[2024-02-14T16:49:16.507+0100][debug][gc,alloc       ] Allocation Rate: 2310,0MB/s, Predicted: 2196,5MB/s, Avg: 2130,6(+/-174,7)MB/s
[2024-02-14T16:49:16.508+0100][debug][gc,director    ] Select GC Workers (Try Lowering), AvoidLongGCWorkers: 0,130, AvoidOOMGCWorkers: 0,526, NextAvoidOOMGCWorkers: 0,277, LastGCWorkers: 3,000, GCWorkers: 1,000
[2024-02-14T16:49:16.508+0100][debug][gc,director    ] Rule: Allocation Rate (Dynamic GC Workers), MaxAllocRate: 2771,3MB/s (+/-8,2%), Free: 7458MB, GCCPUTime: 1,315, GCDuration: 1,315s, TimeUntilOOM: 2,487s, TimeUntilGC: 1,072s, GCWorkers: 3 -> 1
[2024-02-14T16:49:16.508+0100][debug][gc,director    ] Rule: High Usage, Free: 7456MB(48,5%)
[2024-02-14T16:49:16.508+0100][debug][gc,director    ] Rule: Proactive, AcceptableGCInterval: 13,340s, TimeSinceLastGC: 3,194s, TimeUntilGC: 10,146s
[2024-02-14T16:49:16.608+0100][debug][gc,alloc       ] Allocation Rate: 2324,0MB/s, Predicted: 2282,8MB/s, Avg: 2146,6(+/-184,1)MB/s
[2024-02-14T16:49:16.608+0100][debug][gc,director    ] Select GC Workers (Try Lowering), AvoidLongGCWorkers: 0,130, AvoidOOMGCWorkers: 0,561, NextAvoidOOMGCWorkers: 0,280, LastGCWorkers: 3,000, GCWorkers: 1,000
[2024-02-14T16:49:16.608+0100][debug][gc,director    ] Rule: Allocation Rate (Dynamic GC Workers), MaxAllocRate: 2888,5MB/s (+/-8,6%), Free: 7316MB, GCCPUTime: 1,315, GCDuration: 1,315s, TimeUntilOOM: 2,333s, TimeUntilGC: 0,918s, GCWorkers: 3 -> 1
[2024-02-14T16:49:16.608+0100][debug][gc,director    ] Rule: High Usage, Free: 7316MB(47,6%)
[2024-02-14T16:49:16.608+0100][debug][gc,director    ] Rule: Proactive, AcceptableGCInterval: 13,340s, TimeSinceLastGC: 3,294s, TimeUntilGC: 10,046s
[2024-02-14T16:49:16.707+0100][debug][gc,alloc       ] Allocation Rate: 2320,0MB/s, Predicted: 2273,1MB/s, Avg: 2193,6(+/-160,9)MB/s
[2024-02-14T16:49:16.707+0100][debug][gc,director    ] Select GC Workers (Try Lowering), AvoidLongGCWorkers: 0,130, AvoidOOMGCWorkers: 0,549, NextAvoidOOMGCWorkers: 0,272, LastGCWorkers: 3,000, GCWorkers: 1,000
[2024-02-14T16:49:16.707+0100][debug][gc,director    ] Rule: Allocation Rate (Dynamic GC Workers), MaxAllocRate: 2802,5MB/s (+/-7,3%), Free: 7178MB, GCCPUTime: 1,315, GCDuration: 1,315s, TimeUntilOOM: 2,386s, TimeUntilGC: 0,971s, GCWorkers: 3 -> 1
[2024-02-14T16:49:16.707+0100][debug][gc,director    ] Rule: High Usage, Free: 7178MB(46,7%)
[2024-02-14T16:49:16.707+0100][debug][gc,director    ] Rule: Proactive, AcceptableGCInterval: 13,340s, TimeSinceLastGC: 3,393s, TimeUntilGC: 9,947s
[2024-02-14T16:49:16.807+0100][debug][gc,alloc       ] Allocation Rate: 2142,0MB/s, Predicted: 2208,3MB/s, Avg: 2205,0(+/-152,6)MB/s
[2024-02-14T16:49:16.807+0100][debug][gc,director    ] Select GC Workers (Try Lowering), AvoidLongGCWorkers: 0,130, AvoidOOMGCWorkers: 0,539, NextAvoidOOMGCWorkers: 0,264, LastGCWorkers: 3,000, GCWorkers: 1,000
[2024-02-14T16:49:16.807+0100][debug][gc,director    ] Rule: Allocation Rate (Dynamic GC Workers), MaxAllocRate: 2710,3MB/s (+/-6,9%), Free: 7036MB, GCCPUTime: 1,315, GCDuration: 1,315s, TimeUntilOOM: 2,428s, TimeUntilGC: 1,013s, GCWorkers: 3 -> 1
[2024-02-14T16:49:16.807+0100][debug][gc,director    ] Rule: High Usage, Free: 7036MB(45,8%)
[2024-02-14T16:49:16.807+0100][debug][gc,director    ] Rule: Proactive, AcceptableGCInterval: 13,340s, TimeSinceLastGC: 3,493s, TimeUntilGC: 9,847s
[2024-02-14T16:49:16.908+0100][debug][gc,alloc       ] Allocation Rate: 1870,0MB/s, Predicted: 2100,1MB/s, Avg: 2161,8(+/-178,0)MB/s
[2024-02-14T16:49:16.908+0100][debug][gc,director    ] Select GC Workers (Try Lowering), AvoidLongGCWorkers: 0,130, AvoidOOMGCWorkers: 0,565, NextAvoidOOMGCWorkers: 0,264, LastGCWorkers: 3,000, GCWorkers: 1,000
[2024-02-14T16:49:16.908+0100][debug][gc,director    ] Rule: Allocation Rate (Dynamic GC Workers), MaxAllocRate: 2747,6MB/s (+/-8,2%), Free: 6890MB, GCCPUTime: 1,315, GCDuration: 1,315s, TimeUntilOOM: 2,317s, TimeUntilGC: 0,902s, GCWorkers: 3 -> 1
[2024-02-14T16:49:16.908+0100][debug][gc,director    ] Rule: High Usage, Free: 6890MB(44,9%)
[2024-02-14T16:49:16.908+0100][debug][gc,director    ] Rule: Proactive, AcceptableGCInterval: 13,340s, TimeSinceLastGC: 3,594s, TimeUntilGC: 9,746s
[2024-02-14T16:49:17.008+0100][debug][gc,alloc       ] Allocation Rate: 2324,0MB/s, Predicted: 2202,4MB/s, Avg: 2164,0(+/-179,9)MB/s
[2024-02-14T16:49:17.008+0100][debug][gc,director    ] Select GC Workers (Try Lowering), AvoidLongGCWorkers: 0,130, AvoidOOMGCWorkers: 0,630, NextAvoidOOMGCWorkers: 0,272, LastGCWorkers: 3,000, GCWorkers: 1,000
[2024-02-14T16:49:17.008+0100][debug][gc,director    ] Rule: Allocation Rate (Dynamic GC Workers), MaxAllocRate: 2794,3MB/s (+/-8,3%), Free: 6292MB, GCCPUTime: 1,315, GCDuration: 1,315s, TimeUntilOOM: 2,079s, TimeUntilGC: 0,664s, GCWorkers: 3 -> 1
[2024-02-14T16:49:17.008+0100][debug][gc,director    ] Rule: High Usage, Free: 6292MB(41,0%)
[2024-02-14T16:49:17.008+0100][debug][gc,director    ] Rule: Proactive, AcceptableGCInterval: 13,340s, TimeSinceLastGC: 3,694s, TimeUntilGC: 9,646s
[2024-02-14T16:49:17.107+0100][debug][gc,alloc       ] Allocation Rate: 2336,0MB/s, Predicted: 2307,5MB/s, Avg: 2167,6(+/-182,9)MB/s
[2024-02-14T16:49:17.107+0100][debug][gc,director    ] Select GC Workers (Try Lowering), AvoidLongGCWorkers: 0,130, AvoidOOMGCWorkers: 0,674, NextAvoidOOMGCWorkers: 0,274, LastGCWorkers: 3,000, GCWorkers: 1,000
[2024-02-14T16:49:17.107+0100][debug][gc,director    ] Rule: Allocation Rate (Dynamic GC Workers), MaxAllocRate: 2909,3MB/s (+/-8,4%), Free: 6136MB, GCCPUTime: 1,315, GCDuration: 1,315s, TimeUntilOOM: 1,945s, TimeUntilGC: 0,530s, GCWorkers: 3 -> 1
[2024-02-14T16:49:17.107+0100][debug][gc,director    ] Rule: High Usage, Free: 6136MB(39,9%)
[2024-02-14T16:49:17.107+0100][debug][gc,director    ] Rule: Proactive, AcceptableGCInterval: 13,340s, TimeSinceLastGC: 3,793s, TimeUntilGC: 9,547s
[2024-02-14T16:49:17.207+0100][debug][gc,alloc       ] Allocation Rate: 2336,0MB/s, Predicted: 2327,5MB/s, Avg: 2202,2(+/-178,7)MB/s
[2024-02-14T16:49:17.207+0100][debug][gc,director    ] Select GC Workers (Try Lowering), AvoidLongGCWorkers: 0,130, AvoidOOMGCWorkers: 0,690, NextAvoidOOMGCWorkers: 0,271, LastGCWorkers: 3,000, GCWorkers: 1,000
[2024-02-14T16:49:17.207+0100][debug][gc,director    ] Rule: Allocation Rate (Dynamic GC Workers), MaxAllocRate: 2915,5MB/s (+/-8,1%), Free: 5992MB, GCCPUTime: 1,315, GCDuration: 1,315s, TimeUntilOOM: 1,901s, TimeUntilGC: 0,486s, GCWorkers: 3 -> 1
[2024-02-14T16:49:17.207+0100][debug][gc,director    ] Rule: High Usage, Free: 5992MB(39,0%)
[2024-02-14T16:49:17.207+0100][debug][gc,director    ] Rule: Proactive, AcceptableGCInterval: 13,340s, TimeSinceLastGC: 3,894s, TimeUntilGC: 9,446s
[2024-02-14T16:49:17.308+0100][debug][gc,alloc       ] Allocation Rate: 2338,0MB/s, Predicted: 2291,6MB/s, Avg: 2249,6(+/-141,8)MB/s
[2024-02-14T16:49:17.308+0100][debug][gc,director    ] Select GC Workers (Try Lowering), AvoidLongGCWorkers: 0,130, AvoidOOMGCWorkers: 0,657, NextAvoidOOMGCWorkers: 0,260, LastGCWorkers: 3,000, GCWorkers: 1,000
[2024-02-14T16:49:17.308+0100][debug][gc,director    ] Rule: Allocation Rate (Dynamic GC Workers), MaxAllocRate: 2758,1MB/s (+/-6,3%), Free: 5848MB, GCCPUTime: 1,315, GCDuration: 1,315s, TimeUntilOOM: 1,995s, TimeUntilGC: 0,580s, GCWorkers: 3 -> 1
[2024-02-14T16:49:17.308+0100][debug][gc,director    ] Rule: High Usage, Free: 5848MB(38,1%)
[2024-02-14T16:49:17.308+0100][debug][gc,director    ] Rule: Proactive, AcceptableGCInterval: 13,340s, TimeSinceLastGC: 3,994s, TimeUntilGC: 9,346s
[2024-02-14T16:49:17.408+0100][debug][gc,alloc       ] Allocation Rate: 2012,0MB/s, Predicted: 2182,3MB/s, Avg: 2231,2(+/-158,5)MB/s
[2024-02-14T16:49:17.408+0100][debug][gc,director    ] Select GC Workers (Try Lowering), AvoidLongGCWorkers: 0,130, AvoidOOMGCWorkers: 0,678, NextAvoidOOMGCWorkers: 0,258, LastGCWorkers: 3,000, GCWorkers: 1,000
[2024-02-14T16:49:17.408+0100][debug][gc,director    ] Rule: Allocation Rate (Dynamic GC Workers), MaxAllocRate: 2752,7MB/s (+/-7,1%), Free: 5704MB, GCCPUTime: 1,315, GCDuration: 1,315s, TimeUntilOOM: 1,935s, TimeUntilGC: 0,520s, GCWorkers: 3 -> 1
[2024-02-14T16:49:17.408+0100][debug][gc,director    ] Rule: High Usage, Free: 5704MB(37,1%)
[2024-02-14T16:49:17.408+0100][debug][gc,director    ] Rule: Proactive, AcceptableGCInterval: 13,340s, TimeSinceLastGC: 4,094s, TimeUntilGC: 9,246s
[2024-02-14T16:49:17.507+0100][debug][gc,alloc       ] Allocation Rate: 1896,0MB/s, Predicted: 2069,2MB/s, Avg: 2189,8(+/-184,4)MB/s
[2024-02-14T16:49:17.507+0100][debug][gc,director    ] Select GC Workers (Try Lowering), AvoidLongGCWorkers: 0,130, AvoidOOMGCWorkers: 0,715, NextAvoidOOMGCWorkers: 0,258, LastGCWorkers: 3,000, GCWorkers: 1,000
[2024-02-14T16:49:17.507+0100][debug][gc,director    ] Rule: Allocation Rate (Dynamic GC Workers), MaxAllocRate: 2796,7MB/s (+/-8,4%), Free: 5562MB, GCCPUTime: 1,315, GCDuration: 1,315s, TimeUntilOOM: 1,834s, TimeUntilGC: 0,419s, GCWorkers: 3 -> 1
[2024-02-14T16:49:17.507+0100][debug][gc,director    ] Rule: High Usage, Free: 5562MB(36,2%)
[2024-02-14T16:49:17.507+0100][debug][gc,director    ] Rule: Proactive, AcceptableGCInterval: 13,340s, TimeSinceLastGC: 4,193s, TimeUntilGC: 9,147s
[2024-02-14T16:49:17.607+0100][debug][gc,alloc       ] Allocation Rate: 2386,0MB/s, Predicted: 2183,5MB/s, Avg: 2196,0(+/-189,8)MB/s
[2024-02-14T16:49:17.607+0100][debug][gc,director    ] Select GC Workers (Try Lowering), AvoidLongGCWorkers: 0,130, AvoidOOMGCWorkers: 0,816, NextAvoidOOMGCWorkers: 0,265, LastGCWorkers: 3,000, GCWorkers: 1,000
[2024-02-14T16:49:17.607+0100][debug][gc,director    ] Rule: Allocation Rate (Dynamic GC Workers), MaxAllocRate: 2820,6MB/s (+/-8,6%), Free: 4930MB, GCCPUTime: 1,315, GCDuration: 1,315s, TimeUntilOOM: 1,609s, TimeUntilGC: 0,194s, GCWorkers: 3 -> 1
[2024-02-14T16:49:17.607+0100][debug][gc,director    ] Rule: High Usage, Free: 4930MB(32,1%)
[2024-02-14T16:49:17.607+0100][debug][gc,director    ] Rule: Proactive, AcceptableGCInterval: 13,340s, TimeSinceLastGC: 4,294s, TimeUntilGC: 9,046s
[2024-02-14T16:49:17.708+0100][debug][gc,alloc       ] Allocation Rate: 2368,0MB/s, Predicted: 2285,3MB/s, Avg: 2200,8(+/-193,5)MB/s
[2024-02-14T16:49:17.708+0100][debug][gc,director    ] Select GC Workers (Try Lowering), AvoidLongGCWorkers: 0,130, AvoidOOMGCWorkers: 0,868, NextAvoidOOMGCWorkers: 0,265, LastGCWorkers: 3,000, GCWorkers: 1,000
[2024-02-14T16:49:17.708+0100][debug][gc,director    ] Rule: Allocation Rate (Dynamic GC Workers), MaxAllocRate: 2921,9MB/s (+/-8,8%), Free: 4810MB, GCCPUTime: 1,315, GCDuration: 1,315s, TimeUntilOOM: 1,513s, TimeUntilGC: 0,098s, GCWorkers: 3 -> 1
[2024-02-14T16:49:17.708+0100][debug][gc,director    ] Rule: High Usage, Free: 4810MB(31,3%)
[2024-02-14T16:49:17.708+0100][debug][gc,director    ] Rule: Proactive, AcceptableGCInterval: 13,340s, TimeSinceLastGC: 4,394s, TimeUntilGC: 8,946s
[2024-02-14T16:49:17.808+0100][debug][gc,alloc       ] Allocation Rate: 2370,0MB/s, Predicted: 2337,3MB/s, Avg: 2223,6(+/-198,6)MB/s
[2024-02-14T16:49:17.808+0100][debug][gc,director    ] Select GC Workers (Try Lowering), AvoidLongGCWorkers: 0,130, AvoidOOMGCWorkers: 0,917, NextAvoidOOMGCWorkers: 0,263, LastGCWorkers: 3,000, GCWorkers: 1,000
[2024-02-14T16:49:17.808+0100][debug][gc,director    ] Rule: Allocation Rate (Dynamic GC Workers), MaxAllocRate: 2990,7MB/s (+/-8,9%), Free: 4666MB, GCCPUTime: 1,315, GCDuration: 1,315s, TimeUntilOOM: 1,432s, TimeUntilGC: 0,017s, GCWorkers: 3 -> 1
[2024-02-14T16:49:17.808+0100][debug][gc,director    ] Rule: High Usage, Free: 4666MB(30,4%)
[2024-02-14T16:49:17.808+0100][debug][gc,director    ] Rule: Proactive, AcceptableGCInterval: 13,340s, TimeSinceLastGC: 4,494s, TimeUntilGC: 8,846s
[2024-02-14T16:49:17.907+0100][debug][gc,alloc       ] Allocation Rate: 2368,0MB/s, Predicted: 2300,8MB/s, Avg: 2273,4(+/-162,9)MB/s
[2024-02-14T16:49:17.907+0100][debug][gc,director    ] Select GC Workers (Try Lowering), AvoidLongGCWorkers: 0,130, AvoidOOMGCWorkers: 0,883, NextAvoidOOMGCWorkers: 0,256, LastGCWorkers: 3,000, GCWorkers: 1,000
[2024-02-14T16:49:17.907+0100][debug][gc,director    ] Rule: Allocation Rate (Dynamic GC Workers), MaxAllocRate: 2836,7MB/s (+/-7,2%), Free: 4522MB, GCCPUTime: 1,315, GCDuration: 1,315s, TimeUntilOOM: 1,488s, TimeUntilGC: 0,073s, GCWorkers: 3 -> 1
[2024-02-14T16:49:17.907+0100][debug][gc,director    ] Rule: High Usage, Free: 4522MB(29,4%)
[2024-02-14T16:49:17.907+0100][debug][gc,director    ] Rule: Proactive, AcceptableGCInterval: 13,340s, TimeSinceLastGC: 4,593s, TimeUntilGC: 8,747s
[2024-02-14T16:49:18.007+0100][debug][gc,alloc       ] Allocation Rate: 1916,0MB/s, Predicted: 2171,3MB/s, Avg: 2232,6(+/-193,3)MB/s
[2024-02-14T16:49:18.007+0100][debug][gc,director    ] Select GC Workers (Try Lowering), AvoidLongGCWorkers: 0,130, AvoidOOMGCWorkers: 0,936, NextAvoidOOMGCWorkers: 0,255, LastGCWorkers: 3,000, GCWorkers: 1,000
[2024-02-14T16:49:18.007+0100][debug][gc,director    ] Rule: Allocation Rate (Dynamic GC Workers), MaxAllocRate: 2868,8MB/s (+/-8,7%), Free: 4378MB, GCCPUTime: 1,315, GCDuration: 1,315s, TimeUntilOOM: 1,404s, TimeUntilGC: -0,010s, GCWorkers: 3 -> 1
[2024-02-14T16:49:18.008+0100][debug][gc,heap        ] GC(6) Heap before GC invocations=6 (full 6):
[2024-02-14T16:49:18.008+0100][debug][gc,heap        ] GC(6)  ZHeap           used 10940M, capacity 11344M, max capacity 15360M
[2024-02-14T16:49:18.008+0100][debug][gc,heap        ] GC(6)  Metaspace       used 30970K, committed 31360K, reserved 1114112K
[2024-02-14T16:49:18.008+0100][debug][gc,heap        ] GC(6)   class space    used 3305K, committed 3520K, reserved 1048576K
[2024-02-14T16:49:18.008+0100][info ][gc,start       ] GC(6) Garbage Collection (Allocation Rate)
[2024-02-14T16:49:18.008+0100][info ][gc,task        ] GC(6) Using 1 workers
[2024-02-14T16:49:18.008+0100][debug][gc,phases,start] GC(6) Pause Mark Start
[2024-02-14T16:49:18.008+0100][debug][gc,marking     ] GC(6) Using 1 mark stripes
[2024-02-14T16:49:18.008+0100][debug][gc,marking     ] GC(6) Mark Worker/Stripe Distribution
[2024-02-14T16:49:18.008+0100][debug][gc,marking     ] GC(6)   Worker 0(1) -> Stripe 0(1)
[2024-02-14T16:49:18.008+0100][info ][gc,phases      ] GC(6) Pause Mark Start 0,101ms
[2024-02-14T16:49:18.008+0100][debug][gc,phases,start] GC(6) Concurrent Mark
[2024-02-14T16:49:18.008+0100][debug][gc,task        ] GC(6) Executing Task: XMarkRootsTask, Active Workers: 1
[2024-02-14T16:49:18.010+0100][debug][gc,tlab        ] GC(6) TLAB totals: thrds: 27  refills: 40625 max: 24264 slow allocs: 6122 max 488 waste:  0,8% gc: 2227336B max: 252992B slow: 85176616B max: 39245280B
[2024-02-14T16:49:18.010+0100][debug][gc,task        ] GC(6) Executing Task: XMarkTask, Active Workers: 1
[2024-02-14T16:49:18.108+0100][debug][gc,alloc       ] Allocation Rate: 1882,0MB/s, Predicted: 2058,7MB/s, Avg: 2187,2(+/-215,7)MB/s
[2024-02-14T16:49:18.208+0100][debug][gc,alloc       ] Allocation Rate: 2130,0MB/s, Predicted: 2075,5MB/s, Avg: 2166,6(+/-210,3)MB/s
[2024-02-14T16:49:18.274+0100][debug][gc,marking     ] Expanding mark stack space: 32M->64M
[2024-02-14T16:49:18.308+0100][debug][gc,alloc       ] Allocation Rate: 2228,0MB/s, Predicted: 2145,7MB/s, Avg: 2155,6(+/-203,8)MB/s
[2024-02-14T16:49:18.407+0100][debug][gc,alloc       ] Allocation Rate: 2140,0MB/s, Predicted: 2101,2MB/s, Avg: 2168,4(+/-198,4)MB/s
[2024-02-14T16:49:18.497+0100][info ][gc,phases      ] GC(6) Concurrent Mark 489,090ms
[2024-02-14T16:49:18.497+0100][debug][gc,phases,start] GC(6) Pause Mark End
[2024-02-14T16:49:18.497+0100][info ][gc,phases      ] GC(6) Pause Mark End 0,067ms
[2024-02-14T16:49:18.497+0100][debug][gc,phases,start] GC(6) Concurrent Mark Free
[2024-02-14T16:49:18.497+0100][info ][gc,phases      ] GC(6) Concurrent Mark Free 0,046ms
[2024-02-14T16:49:18.497+0100][debug][gc,phases,start] GC(6) Concurrent Process Non-Strong References
[2024-02-14T16:49:18.497+0100][debug][gc,phases,start] GC(6) Concurrent References Process
[2024-02-14T16:49:18.497+0100][debug][gc,task        ] GC(6) Executing Task: XReferenceProcessorTask, Active Workers: 1
[2024-02-14T16:49:18.505+0100][debug][gc,phases      ] GC(6) Concurrent References Process 7,454ms
[2024-02-14T16:49:18.505+0100][debug][gc,task        ] GC(6) Executing Task: XProcessWeakRootsTask, Active Workers: 1
[2024-02-14T16:49:18.506+0100][debug][gc,phases,start] GC(6) Concurrent Classes Unlink
[2024-02-14T16:49:18.506+0100][debug][gc,phases,start] GC(6) ClassLoaderData
[2024-02-14T16:49:18.506+0100][debug][gc,phases      ] GC(6) ClassLoaderData 0,037ms
[2024-02-14T16:49:18.506+0100][debug][gc,phases,start] GC(6) Trigger cleanups
[2024-02-14T16:49:18.506+0100][debug][gc,phases      ] GC(6) Trigger cleanups 0,009ms
[2024-02-14T16:49:18.506+0100][debug][gc,task        ] GC(6) Executing Task: XNMethodUnlinkTask, Active Workers: 1
[2024-02-14T16:49:18.507+0100][debug][gc,alloc       ] Allocation Rate: 2070,0MB/s, Predicted: 1989,2MB/s, Avg: 2185,8(+/-180,5)MB/s
[2024-02-14T16:49:18.511+0100][debug][gc,phases      ] GC(6) Concurrent Classes Unlink 4,824ms
[2024-02-14T16:49:18.511+0100][debug][gc,phases,start] GC(6) Concurrent Classes Purge
[2024-02-14T16:49:18.511+0100][debug][gc,nmethod     ] GC(6) Unregister NMethod: jdk.internal.util.ArraysSupport.mismatch (0x00007f9f0bb24f10)
[2024-02-14T16:49:18.511+0100][debug][gc,nmethod     ] GC(6) Unregister NMethod: java.util.ArrayList$ArrayListSpliterator.estimateSize (0x00007f9f0bbab310)
[2024-02-14T16:49:18.511+0100][debug][gc,nmethod     ] GC(6) Unregister NMethod: java.util.concurrent.ForkJoinPool.awaitWork (0x00007f9f2b4e5390)
[2024-02-14T16:49:18.511+0100][debug][gc,nmethod     ] GC(6) Unregister NMethod: sun.nio.ch.NativeThreadSet.add (0x00007f9f0bf2f910)
[2024-02-14T16:49:18.511+0100][debug][gc,nmethod     ] GC(6) Unregister NMethod: java.util.stream.Sink$ChainedReference.end (0x00007f9f0bd4d090)
[2024-02-14T16:49:18.511+0100][debug][gc,nmethod     ] GC(6) Unregister NMethod: java.lang.invoke.Invokers$Holder.linkToTargetMethod (0x00007f9f0bcd2a10)
[2024-02-14T16:49:18.511+0100][debug][gc,nmethod     ] GC(6) Unregister NMethod: io.sirix.settings.VersioningType$4.combineRecordPagesForModification (0x00007f9f0c113a90)
[2024-02-14T16:49:18.511+0100][debug][gc,nmethod     ] GC(6) Unregister NMethod: sun.nio.ch.IOUtil.write (0x00007f9f0c158490)
[2024-02-14T16:49:18.511+0100][debug][gc,nmethod     ] GC(6) Unregister NMethod: java.lang.StringLatin1.compareTo (0x00007f9f0bb37910)
[2024-02-14T16:49:18.511+0100][debug][gc,nmethod     ] GC(6) Unregister NMethod: io.sirix.io.filechannel.FileChannelWriter.flushBuffer (0x00007f9f0c15e210)
[2024-02-14T16:49:18.511+0100][debug][gc,nmethod     ] GC(6) Unregister NMethod: sun.nio.ch.IOUtil.acquireScope (0x00007f9f0bfc0210)
[2024-02-14T16:49:18.511+0100][debug][gc,nmethod     ] GC(6) Unregister NMethod: java.lang.StringLatin1.compareTo (0x00007f9f0bb24a10)
[2024-02-14T16:49:18.511+0100][debug][gc,nmethod     ] GC(6) Unregister NMethod: java.util.concurrent.ForkJoinPool$WorkQueue.casSlotToNull (0x00007f9f0beca990)
[2024-02-14T16:49:18.511+0100][debug][gc,nmethod     ] GC(6) Unregister NMethod: sun.nio.ch.NativeThreadSet.remove (0x00007f9f0baec610)
[2024-02-14T16:49:18.511+0100][debug][gc,nmethod     ] GC(6) Unregister NMethod: java.lang.AbstractStringBuilder.setLength (0x00007f9f0c0a1a90)
[2024-02-14T16:49:18.511+0100][debug][gc,nmethod     ] GC(6) Unregister NMethod: io.sirix.node.xml.AbstractStructForwardingNode.hasFirstChild (0x00007f9f0bee4410)
[2024-02-14T16:49:18.511+0100][debug][gc,nmethod     ] GC(6) Unregister NMethod: net.openhft.chronicle.bytes.internal.BytesInternal.calculateCount (0x00007f9f0c16ea90)
[2024-02-14T16:49:18.511+0100][debug][gc,nmethod     ] GC(6) Unregister NMethod: io.sirix.page.NamePage.getName (0x00007f9f0c0c2d10)
[2024-02-14T16:49:18.511+0100][debug][gc,nmethod     ] GC(6) Unregister NMethod: io.sirix.index.path.summary.PathSummaryReader.getName (0x00007f9f0c0b6e10)
[2024-02-14T16:49:18.511+0100][debug][gc,nmethod     ] GC(6) Unregister NMethod: java.lang.Record.<init> (0x00007f9f0bb66410)
[2024-02-14T16:49:18.511+0100][debug][gc,nmethod     ] GC(6) Unregister NMethod: java.lang.String.compareTo (0x00007f9f0bb24010)
[2024-02-14T16:49:18.511+0100][debug][gc,nmethod     ] GC(6) Unregister NMethod: io.sirix.settings.VersioningType$4.combineRecordPages (0x00007f9f0c13de90)
[2024-02-14T16:49:18.511+0100][debug][gc,nmethod     ] GC(6) Unregister NMethod: java.lang.Long.valueOf (0x00007f9f0becd410)
[2024-02-14T16:49:18.511+0100][debug][gc,nmethod     ] GC(6) Unregister NMethod: java.util.function.UnaryOperator$$Lambda/0x00000000802c4730.apply (0x00007f9f0c0a3f10)
[2024-02-14T16:49:18.511+0100][debug][gc,nmethod     ] GC(6) Unregister NMethod: io.sirix.page.SerializationType$1.serializeFullReferencesPage (0x00007f9f0bb26590)
[2024-02-14T16:49:18.511+0100][debug][gc,nmethod     ] GC(6) Unregister NMethod: java.nio.MappedByteBuffer.position (0x00007f9f0bfffe90)
[2024-02-14T16:49:18.511+0100][debug][gc,nmethod     ] GC(6) Unregister NMethod: io.sirix.settings.VersioningType$4.combineRecordPages (0x00007f9f0bfca310)
[2024-02-14T16:49:18.511+0100][debug][gc,nmethod     ] GC(6) Unregister NMethod: sun.nio.ch.FileChannelImpl.write (0x00007f9f0c15fb90)
[2024-02-14T16:49:18.511+0100][debug][gc,nmethod     ] GC(6) Unregister NMethod: sun.nio.ch.FileChannelImpl.writeInternal (0x00007f9f0c15cb90)
[2024-02-14T16:49:18.511+0100][debug][gc,nmethod     ] GC(6) Unregister NMethod: it.unimi.dsi.fastutil.ints.Int2ObjectOpenHashMap.get (0x00007f9f0bf4ba10)
[2024-02-14T16:49:18.511+0100][debug][gc,nmethod     ] GC(6) Unregister NMethod: io.sirix.settings.VersioningType$4.combineRecordPagesForModification (0x00007f9f0c004110)
[2024-02-14T16:49:18.511+0100][debug][gc,nmethod     ] GC(6) Unregister NMethod: io.sirix.axis.pathsummary.AbstractAxis.hasNext (0x00007f9f0c0c1b10)
[2024-02-14T16:49:18.511+0100][debug][gc,nmethod     ] GC(6) Unregister NMethod: java.util.concurrent.ForkJoinPool.scan (0x00007f9f0bcd3490)
[2024-02-14T16:49:18.511+0100][debug][gc,phases      ] GC(6) Concurrent Classes Purge 0,413ms
[2024-02-14T16:49:18.511+0100][debug][gc,phases,start] GC(6) Concurrent References Enqueue
[2024-02-14T16:49:18.511+0100][debug][gc,phases      ] GC(6) Concurrent References Enqueue 0,011ms
[2024-02-14T16:49:18.511+0100][info ][gc,phases      ] GC(6) Concurrent Process Non-Strong References 14,032ms
[2024-02-14T16:49:18.511+0100][debug][gc,phases,start] GC(6) Concurrent Reset Relocation Set
[2024-02-14T16:49:18.512+0100][info ][gc,phases      ] GC(6) Concurrent Reset Relocation Set 0,017ms
[2024-02-14T16:49:18.512+0100][debug][gc,phases,start] GC(6) Concurrent Select Relocation Set
[2024-02-14T16:49:18.513+0100][debug][gc,task        ] GC(6) Executing Task: XRelocationSetInstallTask, Active Workers: 1
[2024-02-14T16:49:18.514+0100][info ][gc,phases      ] GC(6) Concurrent Select Relocation Set 2,555ms
[2024-02-14T16:49:18.514+0100][debug][gc,phases,start] GC(6) Pause Relocate Start
[2024-02-14T16:49:18.514+0100][info ][gc,phases      ] GC(6) Pause Relocate Start 0,048ms
[2024-02-14T16:49:18.515+0100][debug][gc,phases,start] GC(6) Concurrent Relocate
[2024-02-14T16:49:18.515+0100][debug][gc,task        ] GC(6) Executing Task: XRelocateTask, Active Workers: 1
[2024-02-14T16:49:18.535+0100][info ][gc,phases      ] GC(6) Concurrent Relocate 20,373ms
[2024-02-14T16:49:18.535+0100][debug][gc,heap        ] GC(6) Heap after GC invocations=7 (full 7):
[2024-02-14T16:49:18.535+0100][debug][gc,heap        ] GC(6)  ZHeap           used 1510M, capacity 11828M, max capacity 15360M
[2024-02-14T16:49:18.535+0100][debug][gc,heap        ] GC(6)  Metaspace       used 30974K, committed 31424K, reserved 1114112K
[2024-02-14T16:49:18.535+0100][debug][gc,heap        ] GC(6)   class space    used 3305K, committed 3520K, reserved 1048576K
[2024-02-14T16:49:18.535+0100][info ][gc,load        ] GC(6) Load: 1,80/1,28/1,56
[2024-02-14T16:49:18.535+0100][info ][gc,mmu         ] GC(6) MMU: 2ms/92,8%, 5ms/97,1%, 10ms/98,6%, 20ms/99,1%, 50ms/99,6%, 100ms/99,8%
[2024-02-14T16:49:18.535+0100][info ][gc,marking     ] GC(6) Mark: 1 stripe(s), 2 proactive flush(es), 1 terminate flush(es), 0 completion(s), 0 continuation(s) 
[2024-02-14T16:49:18.535+0100][info ][gc,marking     ] GC(6) Mark Stack Usage: 64M
[2024-02-14T16:49:18.535+0100][info ][gc,nmethod     ] GC(6) NMethods: 3590 registered, 1045 unregistered
[2024-02-14T16:49:18.535+0100][info ][gc,metaspace   ] GC(6) Metaspace: 30M used, 30M committed, 1088M reserved
[2024-02-14T16:49:18.535+0100][info ][gc,ref         ] GC(6) Soft: 3825 encountered, 0 discovered, 0 enqueued
[2024-02-14T16:49:18.535+0100][info ][gc,ref         ] GC(6) Weak: 1901 encountered, 140 discovered, 0 enqueued
[2024-02-14T16:49:18.535+0100][info ][gc,ref         ] GC(6) Final: 16820 encountered, 16820 discovered, 16820 enqueued
[2024-02-14T16:49:18.535+0100][info ][gc,ref         ] GC(6) Phantom: 17246 encountered, 17096 discovered, 16864 enqueued
[2024-02-14T16:49:18.535+0100][info ][gc,reloc       ] GC(6) Small Pages: 5454 / 10908M, Empty: 5752M, Relocated: 4M, In-Place: 0
[2024-02-14T16:49:18.535+0100][info ][gc,reloc       ] GC(6) Medium Pages: 1 / 32M, Empty: 0M, Relocated: 0M, In-Place: 0
[2024-02-14T16:49:18.535+0100][info ][gc,reloc       ] GC(6) Large Pages: 0 / 0M, Empty: 0M, Relocated: 0M, In-Place: 0
[2024-02-14T16:49:18.535+0100][info ][gc,reloc       ] GC(6) Forwarding Usage: 1M
[2024-02-14T16:49:18.535+0100][info ][gc,heap        ] GC(6) Min Capacity: 5120M(33%)
[2024-02-14T16:49:18.535+0100][info ][gc,heap        ] GC(6) Max Capacity: 15360M(100%)
[2024-02-14T16:49:18.535+0100][info ][gc,heap        ] GC(6) Soft Max Capacity: 15360M(100%)
[2024-02-14T16:49:18.535+0100][info ][gc,heap        ] GC(6)                Mark Start          Mark End        Relocate Start      Relocate End           High               Low         
[2024-02-14T16:49:18.535+0100][info ][gc,heap        ] GC(6)  Capacity:    11344M (74%)       11818M (77%)       11828M (77%)       11828M (77%)       11828M (77%)       11344M (74%)    
[2024-02-14T16:49:18.535+0100][info ][gc,heap        ] GC(6)      Free:     4420M (29%)        3542M (23%)        9280M (60%)       13850M (90%)       13850M (90%)        3532M (23%)    
[2024-02-14T16:49:18.535+0100][info ][gc,heap        ] GC(6)      Used:    10940M (71%)       11818M (77%)        6080M (40%)        1510M (10%)       11828M (77%)        1510M (10%)    
[2024-02-14T16:49:18.535+0100][info ][gc,heap        ] GC(6)      Live:         -               431M (3%)          431M (3%)          431M (3%)             -                  -          
[2024-02-14T16:49:18.535+0100][info ][gc,heap        ] GC(6) Allocated:         -               878M (6%)          892M (6%)          920M (6%)             -                  -          
[2024-02-14T16:49:18.535+0100][info ][gc,heap        ] GC(6)   Garbage:         -             10508M (68%)        4756M (31%)         158M (1%)             -                  -          
[2024-02-14T16:49:18.535+0100][info ][gc,heap        ] GC(6) Reclaimed:         -                  -              5752M (37%)       10350M (67%)            -                  -          
[2024-02-14T16:49:18.535+0100][info ][gc             ] GC(6) Garbage Collection (Allocation Rate) 10940M(71%)->1510M(10%)
[2024-02-14T16:49:18.608+0100][debug][gc,alloc       ] Allocation Rate: 1578,0MB/s, Predicted: 1799,5MB/s, Avg: 2105,0(+/-242,9)MB/s
[2024-02-14T16:49:18.608+0100][debug][gc,director    ] Select GC Workers (Normal), AvoidLongGCWorkers: 0,097, AvoidOOMGCWorkers: 0,230, LastGCWorkers: 1,000, GCWorkers: 0,230
[2024-02-14T16:49:18.608+0100][debug][gc,director    ] Rule: Allocation Rate (Dynamic GC Workers), MaxAllocRate: 2904,2MB/s (+/-11,5%), Free: 13704MB, GCCPUTime: 0,979, GCDuration: 0,979s, TimeUntilOOM: 4,230s, TimeUntilGC: 3,152s, GCWorkers: 1 -> 1
[2024-02-14T16:49:18.608+0100][debug][gc,director    ] Rule: High Usage, Free: 13704MB(89,2%)
[2024-02-14T16:49:18.608+0100][debug][gc,director    ] Rule: Proactive, UsedUntilEnabled: 1432MB, TimeUntilEnabled: 299,927s
[2024-02-14T16:49:18.708+0100][debug][gc,alloc       ] Allocation Rate: 1598,0MB/s, Predicted: 1666,8MB/s, Avg: 2028,0(+/-268,1)MB/s
[2024-02-14T16:49:18.708+0100][debug][gc,director    ] Select GC Workers (Normal), AvoidLongGCWorkers: 0,097, AvoidOOMGCWorkers: 0,236, LastGCWorkers: 1,000, GCWorkers: 0,236
[2024-02-14T16:49:18.708+0100][debug][gc,director    ] Rule: Allocation Rate (Dynamic GC Workers), MaxAllocRate: 2910,0MB/s (+/-13,2%), Free: 13564MB, GCCPUTime: 0,979, GCDuration: 0,979s, TimeUntilOOM: 4,117s, TimeUntilGC: 3,038s, GCWorkers: 1 -> 1
[2024-02-14T16:49:18.708+0100][debug][gc,director    ] Rule: High Usage, Free: 13564MB(88,3%)
[2024-02-14T16:49:18.708+0100][debug][gc,director    ] Rule: Proactive, UsedUntilEnabled: 1292MB, TimeUntilEnabled: 299,827s
[2024-02-14T16:49:18.808+0100][debug][gc,alloc       ] Allocation Rate: 1596,0MB/s, Predicted: 1585,2MB/s, Avg: 1950,6(+/-269,9)MB/s
[2024-02-14T16:49:18.808+0100][debug][gc,director    ] Select GC Workers (Normal), AvoidLongGCWorkers: 0,097, AvoidOOMGCWorkers: 0,234, LastGCWorkers: 1,000, GCWorkers: 0,234
[2024-02-14T16:49:18.808+0100][debug][gc,director    ] Rule: Allocation Rate (Dynamic GC Workers), MaxAllocRate: 2838,6MB/s (+/-13,8%), Free: 13422MB, GCCPUTime: 0,979, GCDuration: 0,979s, TimeUntilOOM: 4,154s, TimeUntilGC: 3,075s, GCWorkers: 1 -> 1
[2024-02-14T16:49:18.808+0100][debug][gc,director    ] Rule: High Usage, Free: 13422MB(87,4%)
[2024-02-14T16:49:18.808+0100][debug][gc,director    ] Rule: Proactive, UsedUntilEnabled: 1150MB, TimeUntilEnabled: 299,727s
[2024-02-14T16:49:18.907+0100][debug][gc,alloc       ] Allocation Rate: 1582,0MB/s, Predicted: 1549,1MB/s, Avg: 1872,0(+/-250,6)MB/s
[2024-02-14T16:49:18.907+0100][debug][gc,director    ] Select GC Workers (Normal), AvoidLongGCWorkers: 0,097, AvoidOOMGCWorkers: 0,224, LastGCWorkers: 1,000, GCWorkers: 0,224
[2024-02-14T16:49:18.907+0100][debug][gc,director    ] Rule: Allocation Rate (Dynamic GC Workers), MaxAllocRate: 2696,7MB/s (+/-13,4%), Free: 13292MB, GCCPUTime: 0,979, GCDuration: 0,979s, TimeUntilOOM: 4,347s, TimeUntilGC: 3,268s, GCWorkers: 1 -> 1
[2024-02-14T16:49:18.907+0100][debug][gc,director    ] Rule: High Usage, Free: 13292MB(86,5%)
[2024-02-14T16:49:18.907+0100][debug][gc,director    ] Rule: Proactive, UsedUntilEnabled: 1020MB, TimeUntilEnabled: 299,628s
[2024-02-14T16:49:19.008+0100][debug][gc,alloc       ] Allocation Rate: 2060,0MB/s, Predicted: 1636,0MB/s, Avg: 1886,4(+/-256,8)MB/s
[2024-02-14T16:49:19.008+0100][debug][gc,director    ] Select GC Workers (Normal), AvoidLongGCWorkers: 0,097, AvoidOOMGCWorkers: 0,238, LastGCWorkers: 1,000, GCWorkers: 0,238
[2024-02-14T16:49:19.008+0100][debug][gc,director    ] Rule: Allocation Rate (Dynamic GC Workers), MaxAllocRate: 2731,4MB/s (+/-13,6%), Free: 12670MB, GCCPUTime: 0,979, GCDuration: 0,979s, TimeUntilOOM: 4,083s, TimeUntilGC: 3,004s, GCWorkers: 1 -> 1
[2024-02-14T16:49:19.008+0100][debug][gc,director    ] Rule: High Usage, Free: 12670MB(82,5%)
[2024-02-14T16:49:19.008+0100][debug][gc,director    ] Rule: Proactive, UsedUntilEnabled: 398MB, TimeUntilEnabled: 299,527s
[2024-02-14T16:49:19.108+0100][debug][gc,alloc       ] Allocation Rate: 2020,0MB/s, Predicted: 1688,3MB/s, Avg: 1900,2(+/-259,9)MB/s
[2024-02-14T16:49:19.108+0100][debug][gc,director    ] Select GC Workers (Normal), AvoidLongGCWorkers: 0,097, AvoidOOMGCWorkers: 0,242, LastGCWorkers: 1,000, GCWorkers: 0,242
[2024-02-14T16:49:19.108+0100][debug][gc,director    ] Rule: Allocation Rate (Dynamic GC Workers), MaxAllocRate: 2755,4MB/s (+/-13,7%), Free: 12586MB, GCCPUTime: 0,979, GCDuration: 0,979s, TimeUntilOOM: 4,018s, TimeUntilGC: 2,939s, GCWorkers: 1 -> 1
[2024-02-14T16:49:19.108+0100][debug][gc,director    ] Rule: High Usage, Free: 12586MB(81,9%)
[2024-02-14T16:49:19.108+0100][debug][gc,director    ] Rule: Proactive, UsedUntilEnabled: 314MB, TimeUntilEnabled: 299,427s
[2024-02-14T16:49:19.207+0100][debug][gc,alloc       ] Allocation Rate: 1770,0MB/s, Predicted: 1697,5MB/s, Avg: 1864,2(+/-250,3)MB/s
[2024-02-14T16:49:19.207+0100][debug][gc,director    ] Select GC Workers (Normal), AvoidLongGCWorkers: 0,097, AvoidOOMGCWorkers: 0,238, LastGCWorkers: 1,000, GCWorkers: 0,238
[2024-02-14T16:49:19.207+0100][debug][gc,director    ] Rule: Allocation Rate (Dynamic GC Workers), MaxAllocRate: 2687,9MB/s (+/-13,4%), Free: 12444MB, GCCPUTime: 0,979, GCDuration: 0,979s, TimeUntilOOM: 4,082s, TimeUntilGC: 3,003s, GCWorkers: 1 -> 1
[2024-02-14T16:49:19.207+0100][debug][gc,director    ] Rule: High Usage, Free: 12444MB(81,0%)
[2024-02-14T16:49:19.207+0100][debug][gc,director    ] Rule: Proactive, UsedUntilEnabled: 172MB, TimeUntilEnabled: 299,328s
[2024-02-14T16:49:19.307+0100][debug][gc,alloc       ] Allocation Rate: 1674,0MB/s, Predicted: 1718,4MB/s, Avg: 1808,8(+/-223,5)MB/s
[2024-02-14T16:49:19.307+0100][debug][gc,director    ] Select GC Workers (Normal), AvoidLongGCWorkers: 0,097, AvoidOOMGCWorkers: 0,226, LastGCWorkers: 1,000, GCWorkers: 0,226
[2024-02-14T16:49:19.307+0100][debug][gc,director    ] Rule: Allocation Rate (Dynamic GC Workers), MaxAllocRate: 2544,4MB/s (+/-12,4%), Free: 12298MB, GCCPUTime: 0,979, GCDuration: 0,979s, TimeUntilOOM: 4,302s, TimeUntilGC: 3,223s, GCWorkers: 1 -> 1
[2024-02-14T16:49:19.307+0100][debug][gc,director    ] Rule: High Usage, Free: 12298MB(80,1%)
[2024-02-14T16:49:19.307+0100][debug][gc,director    ] Rule: Proactive, UsedUntilEnabled: 26MB, TimeUntilEnabled: 299,228s
[2024-02-14T16:49:19.407+0100][debug][gc,alloc       ] Allocation Rate: 1766,0MB/s, Predicted: 1789,6MB/s, Avg: 1771,4(+/-194,4)MB/s
[2024-02-14T16:49:19.408+0100][debug][gc,director    ] Select GC Workers (Normal), AvoidLongGCWorkers: 0,097, AvoidOOMGCWorkers: 0,216, LastGCWorkers: 1,000, GCWorkers: 0,216
[2024-02-14T16:49:19.408+0100][debug][gc,director    ] Rule: Allocation Rate (Dynamic GC Workers), MaxAllocRate: 2429,3MB/s (+/-11,0%), Free: 12150MB, GCCPUTime: 0,979, GCDuration: 0,979s, TimeUntilOOM: 4,507s, TimeUntilGC: 3,428s, GCWorkers: 1 -> 1
[2024-02-14T16:49:19.408+0100][debug][gc,director    ] Rule: High Usage, Free: 12150MB(79,1%)
[2024-02-14T16:49:19.408+0100][debug][gc,director    ] Rule: Proactive, AcceptableGCInterval: 9,917s, TimeSinceLastGC: 0,873s, TimeUntilGC: 9,044s
[2024-02-14T16:49:19.508+0100][debug][gc,alloc       ] Allocation Rate: 1838,0MB/s, Predicted: 1895,9MB/s, Avg: 1748,2(+/-169,6)MB/s
[2024-02-14T16:49:19.508+0100][debug][gc,director    ] Select GC Workers (Normal), AvoidLongGCWorkers: 0,097, AvoidOOMGCWorkers: 0,218, LastGCWorkers: 1,000, GCWorkers: 0,218
[2024-02-14T16:49:19.508+0100][debug][gc,director    ] Rule: Allocation Rate (Dynamic GC Workers), MaxAllocRate: 2454,1MB/s (+/-9,7%), Free: 12006MB, GCCPUTime: 0,979, GCDuration: 0,979s, TimeUntilOOM: 4,460s, TimeUntilGC: 3,381s, GCWorkers: 1 -> 1
[2024-02-14T16:49:19.508+0100][debug][gc,director    ] Rule: High Usage, Free: 12006MB(78,2%)
[2024-02-14T16:49:19.508+0100][debug][gc,director    ] Rule: Proactive, AcceptableGCInterval: 9,917s, TimeSinceLastGC: 0,973s, TimeUntilGC: 8,944s
[2024-02-14T16:49:19.608+0100][debug][gc,alloc       ] Allocation Rate: 2326,0MB/s, Predicted: 2081,6MB/s, Avg: 1823,0(+/-231,7)MB/s
[2024-02-14T16:49:19.608+0100][debug][gc,director    ] Select GC Workers (Normal), AvoidLongGCWorkers: 0,097, AvoidOOMGCWorkers: 0,274, LastGCWorkers: 1,000, GCWorkers: 0,274
[2024-02-14T16:49:19.608+0100][debug][gc,director    ] Rule: Allocation Rate (Dynamic GC Workers), MaxAllocRate: 2843,9MB/s (+/-12,7%), Free: 11378MB, GCCPUTime: 0,979, GCDuration: 0,979s, TimeUntilOOM: 3,550s, TimeUntilGC: 2,471s, GCWorkers: 1 -> 1
[2024-02-14T16:49:19.608+0100][debug][gc,director    ] Rule: High Usage, Free: 11378MB(74,1%)
[2024-02-14T16:49:19.608+0100][debug][gc,director    ] Rule: Proactive, AcceptableGCInterval: 9,917s, TimeSinceLastGC: 1,073s, TimeUntilGC: 8,844s
[2024-02-14T16:49:19.707+0100][debug][gc,alloc       ] Allocation Rate: 2274,0MB/s, Predicted: 2202,0MB/s, Avg: 1890,6(+/-253,7)MB/s
[2024-02-14T16:49:19.707+0100][debug][gc,director    ] Select GC Workers (Normal), AvoidLongGCWorkers: 0,097, AvoidOOMGCWorkers: 0,297, LastGCWorkers: 1,000, GCWorkers: 0,297
[2024-02-14T16:49:19.707+0100][debug][gc,director    ] Rule: Allocation Rate (Dynamic GC Workers), MaxAllocRate: 3036,9MB/s (+/-13,4%), Free: 11290MB, GCCPUTime: 0,979, GCDuration: 0,979s, TimeUntilOOM: 3,278s, TimeUntilGC: 2,199s, GCWorkers: 1 -> 1
[2024-02-14T16:49:19.707+0100][debug][gc,director    ] Rule: High Usage, Free: 11290MB(73,5%)
[2024-02-14T16:49:19.707+0100][debug][gc,director    ] Rule: Proactive, AcceptableGCInterval: 9,917s, TimeSinceLastGC: 1,172s, TimeUntilGC: 8,745s
[2024-02-14T16:49:19.807+0100][debug][gc,alloc       ] Allocation Rate: 2276,0MB/s, Predicted: 2277,6MB/s, Avg: 1958,6(+/-256,8)MB/s
[2024-02-14T16:49:19.808+0100][debug][gc,director    ] Select GC Workers (Normal), AvoidLongGCWorkers: 0,097, AvoidOOMGCWorkers: 0,308, LastGCWorkers: 1,000, GCWorkers: 0,308
[2024-02-14T16:49:19.808+0100][debug][gc,director    ] Rule: Allocation Rate (Dynamic GC Workers), MaxAllocRate: 3122,5MB/s (+/-13,1%), Free: 11146MB, GCCPUTime: 0,979, GCDuration: 0,979s, TimeUntilOOM: 3,156s, TimeUntilGC: 2,077s, GCWorkers: 1 -> 1
[2024-02-14T16:49:19.808+0100][debug][gc,director    ] Rule: High Usage, Free: 11146MB(72,6%)
[2024-02-14T16:49:19.808+0100][debug][gc,director    ] Rule: Proactive, AcceptableGCInterval: 9,917s, TimeSinceLastGC: 1,273s, TimeUntilGC: 8,644s
[2024-02-14T16:49:19.908+0100][debug][gc,alloc       ] Allocation Rate: 2270,0MB/s, Predicted: 2301,7MB/s, Avg: 2027,4(+/-238,1)MB/s
[2024-02-14T16:49:19.908+0100][debug][gc,director    ] Select GC Workers (Normal), AvoidLongGCWorkers: 0,097, AvoidOOMGCWorkers: 0,304, LastGCWorkers: 1,000, GCWorkers: 0,304
[2024-02-14T16:49:19.908+0100][debug][gc,director    ] Rule: Allocation Rate (Dynamic GC Workers), MaxAllocRate: 3085,3MB/s (+/-11,7%), Free: 11022MB, GCCPUTime: 0,979, GCDuration: 0,979s, TimeUntilOOM: 3,197s, TimeUntilGC: 2,118s, GCWorkers: 1 -> 1
[2024-02-14T16:49:19.908+0100][debug][gc,director    ] Rule: High Usage, Free: 11022MB(71,8%)
[2024-02-14T16:49:19.908+0100][debug][gc,director    ] Rule: Proactive, AcceptableGCInterval: 9,917s, TimeSinceLastGC: 1,373s, TimeUntilGC: 8,544s
[2024-02-14T16:49:20.008+0100][debug][gc,alloc       ] Allocation Rate: 1784,0MB/s, Predicted: 2213,1MB/s, Avg: 1999,8(+/-248,5)MB/s
[2024-02-14T16:49:20.008+0100][debug][gc,director    ] Select GC Workers (Normal), AvoidLongGCWorkers: 0,097, AvoidOOMGCWorkers: 0,305, LastGCWorkers: 1,000, GCWorkers: 0,305
[2024-02-14T16:49:20.008+0100][debug][gc,director    ] Rule: Allocation Rate (Dynamic GC Workers), MaxAllocRate: 3030,9MB/s (+/-12,4%), Free: 10886MB, GCCPUTime: 0,979, GCDuration: 0,979s, TimeUntilOOM: 3,195s, TimeUntilGC: 2,116s, GCWorkers: 1 -> 1
[2024-02-14T16:49:20.008+0100][debug][gc,director    ] Rule: High Usage, Free: 10886MB(70,9%)
[2024-02-14T16:49:20.008+0100][debug][gc,director    ] Rule: Proactive, AcceptableGCInterval: 9,917s, TimeSinceLastGC: 1,473s, TimeUntilGC: 8,444s
[2024-02-14T16:49:20.107+0100][debug][gc,alloc       ] Allocation Rate: 1838,0MB/s, Predicted: 2153,7MB/s, Avg: 1981,6(+/-253,0)MB/s
[2024-02-14T16:49:20.107+0100][debug][gc,director    ] Select GC Workers (Normal), AvoidLongGCWorkers: 0,097, AvoidOOMGCWorkers: 0,305, LastGCWorkers: 1,000, GCWorkers: 0,305
[2024-02-14T16:49:20.107+0100][debug][gc,director    ] Rule: Allocation Rate (Dynamic GC Workers), MaxAllocRate: 2986,3MB/s (+/-12,8%), Free: 10748MB, GCCPUTime: 0,979, GCDuration: 0,979s, TimeUntilOOM: 3,192s, TimeUntilGC: 2,113s, GCWorkers: 1 -> 1
[2024-02-14T16:49:20.107+0100][debug][gc,director    ] Rule: High Usage, Free: 10748MB(70,0%)
[2024-02-14T16:49:20.107+0100][debug][gc,director    ] Rule: Proactive, AcceptableGCInterval: 9,917s, TimeSinceLastGC: 1,572s, TimeUntilGC: 8,345s
[2024-02-14T16:49:20.207+0100][debug][gc,alloc       ] Allocation Rate: 2338,0MB/s, Predicted: 2239,9MB/s, Avg: 2038,4(+/-262,7)MB/s
[2024-02-14T16:49:20.207+0100][debug][gc,director    ] Select GC Workers (Normal), AvoidLongGCWorkers: 0,097, AvoidOOMGCWorkers: 0,338, LastGCWorkers: 1,000, GCWorkers: 0,338
[2024-02-14T16:49:20.207+0100][debug][gc,director    ] Rule: Allocation Rate (Dynamic GC Workers), MaxAllocRate: 3104,3MB/s (+/-12,9%), Free: 10106MB, GCCPUTime: 0,979, GCDuration: 0,979s, TimeUntilOOM: 2,884s, TimeUntilGC: 1,805s, GCWorkers: 1 -> 1
[2024-02-14T16:49:20.207+0100][debug][gc,director    ] Rule: High Usage, Free: 10106MB(65,8%)
[2024-02-14T16:49:20.207+0100][debug][gc,director    ] Rule: Proactive, AcceptableGCInterval: 9,917s, TimeSinceLastGC: 1,672s, TimeUntilGC: 8,244s
[2024-02-14T16:49:20.308+0100][debug][gc,alloc       ] Allocation Rate: 2302,0MB/s, Predicted: 2248,1MB/s, Avg: 2101,2(+/-242,4)MB/s
[2024-02-14T16:49:20.308+0100][debug][gc,director    ] Select GC Workers (Normal), AvoidLongGCWorkers: 0,097, AvoidOOMGCWorkers: 0,331, LastGCWorkers: 1,000, GCWorkers: 0,331
[2024-02-14T16:49:20.308+0100][debug][gc,director    ] Rule: Allocation Rate (Dynamic GC Workers), MaxAllocRate: 3045,6MB/s (+/-11,5%), Free: 9996MB, GCCPUTime: 0,979, GCDuration: 0,979s, TimeUntilOOM: 2,943s, TimeUntilGC: 1,864s, GCWorkers: 1 -> 1
[2024-02-14T16:49:20.308+0100][debug][gc,director    ] Rule: High Usage, Free: 9996MB(65,1%)
[2024-02-14T16:49:20.308+0100][debug][gc,director    ] Rule: Proactive, AcceptableGCInterval: 9,917s, TimeSinceLastGC: 1,773s, TimeUntilGC: 8,144s
[2024-02-14T16:49:20.408+0100][debug][gc,alloc       ] Allocation Rate: 2292,0MB/s, Predicted: 2235,1MB/s, Avg: 2153,8(+/-219,9)MB/s
[2024-02-14T16:49:20.408+0100][debug][gc,director    ] Select GC Workers (Normal), AvoidLongGCWorkers: 0,097, AvoidOOMGCWorkers: 0,322, LastGCWorkers: 1,000, GCWorkers: 0,322
[2024-02-14T16:49:20.408+0100][debug][gc,director    ] Rule: Allocation Rate (Dynamic GC Workers), MaxAllocRate: 2958,8MB/s (+/-10,2%), Free: 9856MB, GCCPUTime: 0,979, GCDuration: 0,979s, TimeUntilOOM: 3,022s, TimeUntilGC: 1,944s, GCWorkers: 1 -> 1
[2024-02-14T16:49:20.408+0100][debug][gc,director    ] Rule: High Usage, Free: 9856MB(64,2%)
[2024-02-14T16:49:20.408+0100][debug][gc,director    ] Rule: Proactive, AcceptableGCInterval: 9,917s, TimeSinceLastGC: 1,873s, TimeUntilGC: 8,044s
[2024-02-14T16:49:20.508+0100][debug][gc,alloc       ] Allocation Rate: 2286,0MB/s, Predicted: 2203,7MB/s, Avg: 2198,6(+/-195,3)MB/s
[2024-02-14T16:49:20.508+0100][debug][gc,director    ] Select GC Workers (Normal), AvoidLongGCWorkers: 0,097, AvoidOOMGCWorkers: 0,310, LastGCWorkers: 1,000, GCWorkers: 0,310
[2024-02-14T16:49:20.508+0100][debug][gc,director    ] Rule: Allocation Rate (Dynamic GC Workers), MaxAllocRate: 2846,4MB/s (+/-8,9%), Free: 9718MB, GCCPUTime: 0,979, GCDuration: 0,979s, TimeUntilOOM: 3,136s, TimeUntilGC: 2,057s, GCWorkers: 1 -> 1
[2024-02-14T16:49:20.508+0100][debug][gc,director    ] Rule: High Usage, Free: 9718MB(63,3%)
[2024-02-14T16:49:20.508+0100][debug][gc,director    ] Rule: Proactive, AcceptableGCInterval: 9,917s, TimeSinceLastGC: 1,973s, TimeUntilGC: 7,944s
[2024-02-14T16:49:20.607+0100][debug][gc,alloc       ] Allocation Rate: 1796,0MB/s, Predicted: 2076,7MB/s, Avg: 2145,6(+/-223,4)MB/s
[2024-02-14T16:49:20.607+0100][debug][gc,director    ] Select GC Workers (Normal), AvoidLongGCWorkers: 0,097, AvoidOOMGCWorkers: 0,323, LastGCWorkers: 1,000, GCWorkers: 0,323
[2024-02-14T16:49:20.607+0100][debug][gc,director    ] Rule: Allocation Rate (Dynamic GC Workers), MaxAllocRate: 2880,8MB/s (+/-10,4%), Free: 9580MB, GCCPUTime: 0,979, GCDuration: 0,979s, TimeUntilOOM: 3,012s, TimeUntilGC: 1,933s, GCWorkers: 1 -> 1
[2024-02-14T16:49:20.607+0100][debug][gc,director    ] Rule: High Usage, Free: 9580MB(62,4%)
[2024-02-14T16:49:20.607+0100][debug][gc,director    ] Rule: Proactive, AcceptableGCInterval: 9,917s, TimeSinceLastGC: 2,072s, TimeUntilGC: 7,845s
[2024-02-14T16:49:20.707+0100][debug][gc,alloc       ] Allocation Rate: 1848,0MB/s, Predicted: 1991,9MB/s, Avg: 2103,0(+/-235,2)MB/s
[2024-02-14T16:49:20.707+0100][debug][gc,director    ] Select GC Workers (Normal), AvoidLongGCWorkers: 0,097, AvoidOOMGCWorkers: 0,330, LastGCWorkers: 1,000, GCWorkers: 0,330
[2024-02-14T16:49:20.707+0100][debug][gc,director    ] Rule: Allocation Rate (Dynamic GC Workers), MaxAllocRate: 2876,9MB/s (+/-11,2%), Free: 9442MB, GCCPUTime: 0,979, GCDuration: 0,979s, TimeUntilOOM: 2,952s, TimeUntilGC: 1,873s, GCWorkers: 1 -> 1
[2024-02-14T16:49:20.707+0100][debug][gc,director    ] Rule: High Usage, Free: 9442MB(61,5%)
[2024-02-14T16:49:20.707+0100][debug][gc,director    ] Rule: Proactive, AcceptableGCInterval: 9,917s, TimeSinceLastGC: 2,173s, TimeUntilGC: 7,744s
[2024-02-14T16:49:20.808+0100][debug][gc,alloc       ] Allocation Rate: 2336,0MB/s, Predicted: 2131,2MB/s, Avg: 2109,0(+/-240,2)MB/s
[2024-02-14T16:49:20.808+0100][debug][gc,director    ] Select GC Workers (Normal), AvoidLongGCWorkers: 0,097, AvoidOOMGCWorkers: 0,360, LastGCWorkers: 1,000, GCWorkers: 0,360
[2024-02-14T16:49:20.808+0100][debug][gc,director    ] Rule: Allocation Rate (Dynamic GC Workers), MaxAllocRate: 2921,7MB/s (+/-11,4%), Free: 8810MB, GCCPUTime: 0,979, GCDuration: 0,979s, TimeUntilOOM: 2,707s, TimeUntilGC: 1,628s, GCWorkers: 1 -> 1
[2024-02-14T16:49:20.808+0100][debug][gc,director    ] Rule: High Usage, Free: 8810MB(57,4%)
[2024-02-14T16:49:20.808+0100][debug][gc,director    ] Rule: Proactive, AcceptableGCInterval: 9,917s, TimeSinceLastGC: 2,273s, TimeUntilGC: 7,644s
[2024-02-14T16:49:20.908+0100][debug][gc,alloc       ] Allocation Rate: 2330,0MB/s, Predicted: 2262,5MB/s, Avg: 2115,0(+/-244,9)MB/s
[2024-02-14T16:49:20.908+0100][debug][gc,director    ] Select GC Workers (Normal), AvoidLongGCWorkers: 0,097, AvoidOOMGCWorkers: 0,384, LastGCWorkers: 1,000, GCWorkers: 0,384
[2024-02-14T16:49:20.908+0100][debug][gc,director    ] Rule: Allocation Rate (Dynamic GC Workers), MaxAllocRate: 3068,3MB/s (+/-11,6%), Free: 8692MB, GCCPUTime: 0,979, GCDuration: 0,979s, TimeUntilOOM: 2,539s, TimeUntilGC: 1,460s, GCWorkers: 1 -> 1
[2024-02-14T16:49:20.908+0100][debug][gc,director    ] Rule: High Usage, Free: 8692MB(56,6%)
[2024-02-14T16:49:20.908+0100][debug][gc,director    ] Rule: Proactive, AcceptableGCInterval: 9,917s, TimeSinceLastGC: 2,373s, TimeUntilGC: 7,544s
[2024-02-14T16:49:21.007+0100][debug][gc,alloc       ] Allocation Rate: 2332,0MB/s, Predicted: 2261,1MB/s, Avg: 2169,8(+/-225,2)MB/s
[2024-02-14T16:49:21.007+0100][debug][gc,director    ] Select GC Workers (Normal), AvoidLongGCWorkers: 0,097, AvoidOOMGCWorkers: 0,377, LastGCWorkers: 1,000, GCWorkers: 0,377
[2024-02-14T16:49:21.007+0100][debug][gc,director    ] Rule: Allocation Rate (Dynamic GC Workers), MaxAllocRate: 3002,1MB/s (+/-10,4%), Free: 8554MB, GCCPUTime: 0,979, GCDuration: 0,979s, TimeUntilOOM: 2,581s, TimeUntilGC: 1,503s, GCWorkers: 1 -> 1
[2024-02-14T16:49:21.007+0100][debug][gc,director    ] Rule: High Usage, Free: 8554MB(55,7%)
[2024-02-14T16:49:21.007+0100][debug][gc,director    ] Rule: Proactive, AcceptableGCInterval: 9,917s, TimeSinceLastGC: 2,472s, TimeUntilGC: 7,445s
[2024-02-14T16:49:21.108+0100][debug][gc,alloc       ] Allocation Rate: 2334,0MB/s, Predicted: 2238,3MB/s, Avg: 2219,4(+/-199,9)MB/s
[2024-02-14T16:49:21.108+0100][debug][gc,director    ] Select GC Workers (Normal), AvoidLongGCWorkers: 0,097, AvoidOOMGCWorkers: 0,365, LastGCWorkers: 1,000, GCWorkers: 0,365
[2024-02-14T16:49:21.108+0100][debug][gc,director    ] Rule: Allocation Rate (Dynamic GC Workers), MaxAllocRate: 2895,9MB/s (+/-9,0%), Free: 8414MB, GCCPUTime: 0,979, GCDuration: 0,979s, TimeUntilOOM: 2,665s, TimeUntilGC: 1,587s, GCWorkers: 1 -> 1
[2024-02-14T16:49:21.108+0100][debug][gc,director    ] Rule: High Usage, Free: 8414MB(54,8%)
[2024-02-14T16:49:21.108+0100][debug][gc,director    ] Rule: Proactive, AcceptableGCInterval: 9,917s, TimeSinceLastGC: 2,573s, TimeUntilGC: 7,344s
[2024-02-14T16:49:21.208+0100][debug][gc,alloc       ] Allocation Rate: 1830,0MB/s, Predicted: 2114,1MB/s, Avg: 2168,6(+/-226,1)MB/s
[2024-02-14T16:49:21.208+0100][debug][gc,director    ] Select GC Workers (Normal), AvoidLongGCWorkers: 0,097, AvoidOOMGCWorkers: 0,378, LastGCWorkers: 1,000, GCWorkers: 0,378
[2024-02-14T16:49:21.208+0100][debug][gc,director    ] Rule: Allocation Rate (Dynamic GC Workers), MaxAllocRate: 2912,6MB/s (+/-10,4%), Free: 8276MB, GCCPUTime: 0,979, GCDuration: 0,979s, TimeUntilOOM: 2,573s, TimeUntilGC: 1,494s, GCWorkers: 1 -> 1
[2024-02-14T16:49:21.208+0100][debug][gc,director    ] Rule: High Usage, Free: 8276MB(53,9%)
[2024-02-14T16:49:21.208+0100][debug][gc,director    ] Rule: Proactive, AcceptableGCInterval: 9,917s, TimeSinceLastGC: 2,673s, TimeUntilGC: 7,244s
[2024-02-14T16:49:21.308+0100][debug][gc,alloc       ] Allocation Rate: 1860,0MB/s, Predicted: 2026,3MB/s, Avg: 2124,4(+/-238,6)MB/s
[2024-02-14T16:49:21.308+0100][debug][gc,director    ] Select GC Workers (Normal), AvoidLongGCWorkers: 0,097, AvoidOOMGCWorkers: 0,387, LastGCWorkers: 1,000, GCWorkers: 0,387
[2024-02-14T16:49:21.308+0100][debug][gc,director    ] Rule: Allocation Rate (Dynamic GC Workers), MaxAllocRate: 2909,4MB/s (+/-11,2%), Free: 8136MB, GCCPUTime: 0,979, GCDuration: 0,979s, TimeUntilOOM: 2,514s, TimeUntilGC: 1,435s, GCWorkers: 1 -> 1
[2024-02-14T16:49:21.308+0100][debug][gc,director    ] Rule: High Usage, Free: 8136MB(53,0%)
[2024-02-14T16:49:21.308+0100][debug][gc,director    ] Rule: Proactive, AcceptableGCInterval: 9,917s, TimeSinceLastGC: 2,773s, TimeUntilGC: 7,144s
[2024-02-14T16:49:21.407+0100][debug][gc,alloc       ] Allocation Rate: 2350,0MB/s, Predicted: 2161,2MB/s, Avg: 2130,2(+/-243,2)MB/s
[2024-02-14T16:49:21.407+0100][debug][gc,director    ] Select GC Workers (Normal), AvoidLongGCWorkers: 0,097, AvoidOOMGCWorkers: 0,428, LastGCWorkers: 1,000, GCWorkers: 0,428
[2024-02-14T16:49:21.407+0100][debug][gc,director    ] Rule: Allocation Rate (Dynamic GC Workers), MaxAllocRate: 2961,5MB/s (+/-11,4%), Free: 7508MB, GCCPUTime: 0,979, GCDuration: 0,979s, TimeUntilOOM: 2,275s, TimeUntilGC: 1,197s, GCWorkers: 1 -> 1
[2024-02-14T16:49:21.407+0100][debug][gc,director    ] Rule: High Usage, Free: 7508MB(48,9%)
[2024-02-14T16:49:21.407+0100][debug][gc,director    ] Rule: Proactive, AcceptableGCInterval: 9,917s, TimeSinceLastGC: 2,872s, TimeUntilGC: 7,045s
[2024-02-14T16:49:21.508+0100][debug][gc,alloc       ] Allocation Rate: 2332,0MB/s, Predicted: 2283,5MB/s, Avg: 2134,8(+/-246,5)MB/s
[2024-02-14T16:49:21.508+0100][debug][gc,director    ] Select GC Workers (Normal), AvoidLongGCWorkers: 0,097, AvoidOOMGCWorkers: 0,455, LastGCWorkers: 1,000, GCWorkers: 0,455
[2024-02-14T16:49:21.508+0100][debug][gc,director    ] Rule: Allocation Rate (Dynamic GC Workers), MaxAllocRate: 3094,7MB/s (+/-11,5%), Free: 7388MB, GCCPUTime: 0,979, GCDuration: 0,979s, TimeUntilOOM: 2,140s, TimeUntilGC: 1,061s, GCWorkers: 1 -> 1
[2024-02-14T16:49:21.508+0100][debug][gc,director    ] Rule: High Usage, Free: 7388MB(48,1%)
[2024-02-14T16:49:21.508+0100][debug][gc,director    ] Rule: Proactive, AcceptableGCInterval: 9,917s, TimeSinceLastGC: 2,973s, TimeUntilGC: 6,944s
[2024-02-14T16:49:21.608+0100][debug][gc,alloc       ] Allocation Rate: 2324,0MB/s, Predicted: 2268,8MB/s, Avg: 2187,6(+/-223,8)MB/s
[2024-02-14T16:49:21.608+0100][debug][gc,director    ] Select GC Workers (Normal), AvoidLongGCWorkers: 0,097, AvoidOOMGCWorkers: 0,445, LastGCWorkers: 1,000, GCWorkers: 0,445
[2024-02-14T16:49:21.608+0100][debug][gc,director    ] Rule: Allocation Rate (Dynamic GC Workers), MaxAllocRate: 3005,3MB/s (+/-10,2%), Free: 7258MB, GCCPUTime: 0,979, GCDuration: 0,979s, TimeUntilOOM: 2,191s, TimeUntilGC: 1,112s, GCWorkers: 1 -> 1
[2024-02-14T16:49:21.608+0100][debug][gc,director    ] Rule: High Usage, Free: 7258MB(47,3%)
[2024-02-14T16:49:21.608+0100][debug][gc,director    ] Rule: Proactive, AcceptableGCInterval: 9,917s, TimeSinceLastGC: 3,073s, TimeUntilGC: 6,844s
[2024-02-14T16:49:21.707+0100][debug][gc,alloc       ] Allocation Rate: 2318,0MB/s, Predicted: 2230,4MB/s, Avg: 2234,6(+/-195,1)MB/s
[2024-02-14T16:49:21.707+0100][debug][gc,director    ] Select GC Workers (Normal), AvoidLongGCWorkers: 0,097, AvoidOOMGCWorkers: 0,428, LastGCWorkers: 1,000, GCWorkers: 0,428
[2024-02-14T16:49:21.707+0100][debug][gc,director    ] Rule: Allocation Rate (Dynamic GC Workers), MaxAllocRate: 2876,5MB/s (+/-8,7%), Free: 7124MB, GCCPUTime: 0,979, GCDuration: 0,979s, TimeUntilOOM: 2,278s, TimeUntilGC: 1,199s, GCWorkers: 1 -> 1
[2024-02-14T16:49:21.707+0100][debug][gc,director    ] Rule: High Usage, Free: 7124MB(46,4%)
[2024-02-14T16:49:21.707+0100][debug][gc,director    ] Rule: Proactive, AcceptableGCInterval: 9,917s, TimeSinceLastGC: 3,172s, TimeUntilGC: 6,745s
[2024-02-14T16:49:21.807+0100][debug][gc,alloc       ] Allocation Rate: 1822,0MB/s, Predicted: 2092,4MB/s, Avg: 2183,2(+/-226,7)MB/s
[2024-02-14T16:49:21.807+0100][debug][gc,director    ] Select GC Workers (Normal), AvoidLongGCWorkers: 0,097, AvoidOOMGCWorkers: 0,451, LastGCWorkers: 1,000, GCWorkers: 0,451
[2024-02-14T16:49:21.807+0100][debug][gc,director    ] Rule: Allocation Rate (Dynamic GC Workers), MaxAllocRate: 2929,3MB/s (+/-10,4%), Free: 6988MB, GCCPUTime: 0,979, GCDuration: 0,979s, TimeUntilOOM: 2,161s, TimeUntilGC: 1,082s, GCWorkers: 1 -> 1
[2024-02-14T16:49:21.807+0100][debug][gc,director    ] Rule: High Usage, Free: 6988MB(45,5%)
[2024-02-14T16:49:21.807+0100][debug][gc,director    ] Rule: Proactive, AcceptableGCInterval: 9,917s, TimeSinceLastGC: 3,272s, TimeUntilGC: 6,644s
[2024-02-14T16:49:21.908+0100][debug][gc,alloc       ] Allocation Rate: 1838,0MB/s, Predicted: 1993,5MB/s, Avg: 2134,0(+/-242,4)MB/s
[2024-02-14T16:49:21.908+0100][debug][gc,director    ] Select GC Workers (Normal), AvoidLongGCWorkers: 0,097, AvoidOOMGCWorkers: 0,464, LastGCWorkers: 1,000, GCWorkers: 0,464
[2024-02-14T16:49:21.908+0100][debug][gc,director    ] Rule: Allocation Rate (Dynamic GC Workers), MaxAllocRate: 2931,6MB/s (+/-11,4%), Free: 6854MB, GCCPUTime: 0,979, GCDuration: 0,979s, TimeUntilOOM: 2,100s, TimeUntilGC: 1,021s, GCWorkers: 1 -> 1
[2024-02-14T16:49:21.908+0100][debug][gc,director    ] Rule: High Usage, Free: 6854MB(44,6%)
[2024-02-14T16:49:21.908+0100][debug][gc,director    ] Rule: Proactive, AcceptableGCInterval: 9,917s, TimeSinceLastGC: 3,373s, TimeUntilGC: 6,544s
[2024-02-14T16:49:22.008+0100][debug][gc,alloc       ] Allocation Rate: 2328,0MB/s, Predicted: 2123,9MB/s, Avg: 2133,6(+/-242,1)MB/s
[2024-02-14T16:49:22.008+0100][debug][gc,director    ] Select GC Workers (Normal), AvoidLongGCWorkers: 0,097, AvoidOOMGCWorkers: 0,511, LastGCWorkers: 1,000, GCWorkers: 0,511
[2024-02-14T16:49:22.008+0100][debug][gc,director    ] Rule: Allocation Rate (Dynamic GC Workers), MaxAllocRate: 2930,1MB/s (+/-11,3%), Free: 6226MB, GCCPUTime: 0,979, GCDuration: 0,979s, TimeUntilOOM: 1,908s, TimeUntilGC: 0,830s, GCWorkers: 1 -> 1
[2024-02-14T16:49:22.008+0100][debug][gc,director    ] Rule: High Usage, Free: 6226MB(40,5%)
[2024-02-14T16:49:22.008+0100][debug][gc,director    ] Rule: Proactive, AcceptableGCInterval: 9,917s, TimeSinceLastGC: 3,473s, TimeUntilGC: 6,444s
[2024-02-14T16:49:22.107+0100][debug][gc,alloc       ] Allocation Rate: 2306,0MB/s, Predicted: 2246,3MB/s, Avg: 2130,8(+/-239,9)MB/s
[2024-02-14T16:49:22.107+0100][debug][gc,director    ] Select GC Workers (Normal), AvoidLongGCWorkers: 0,097, AvoidOOMGCWorkers: 0,539, LastGCWorkers: 1,000, GCWorkers: 0,539
[2024-02-14T16:49:22.107+0100][debug][gc,director    ] Rule: Allocation Rate (Dynamic GC Workers), MaxAllocRate: 3035,6MB/s (+/-11,3%), Free: 6108MB, GCCPUTime: 0,979, GCDuration: 0,979s, TimeUntilOOM: 1,809s, TimeUntilGC: 0,730s, GCWorkers: 1 -> 1
[2024-02-14T16:49:22.107+0100][debug][gc,director    ] Rule: High Usage, Free: 6108MB(39,8%)
[2024-02-14T16:49:22.107+0100][debug][gc,director    ] Rule: Proactive, AcceptableGCInterval: 9,917s, TimeSinceLastGC: 3,572s, TimeUntilGC: 6,345s
[2024-02-14T16:49:22.207+0100][debug][gc,alloc       ] Allocation Rate: 2304,0MB/s, Predicted: 2235,3MB/s, Avg: 2178,2(+/-221,9)MB/s
[2024-02-14T16:49:22.207+0100][debug][gc,director    ] Select GC Workers (Normal), AvoidLongGCWorkers: 0,097, AvoidOOMGCWorkers: 0,533, LastGCWorkers: 1,000, GCWorkers: 0,533
[2024-02-14T16:49:22.207+0100][debug][gc,director    ] Rule: Allocation Rate (Dynamic GC Workers), MaxAllocRate: 2965,5MB/s (+/-10,2%), Free: 5972MB, GCCPUTime: 0,979, GCDuration: 0,979s, TimeUntilOOM: 1,828s, TimeUntilGC: 0,749s, GCWorkers: 1 -> 1
[2024-02-14T16:49:22.207+0100][debug][gc,director    ] Rule: High Usage, Free: 5972MB(38,9%)
[2024-02-14T16:49:22.207+0100][debug][gc,director    ] Rule: Proactive, AcceptableGCInterval: 9,917s, TimeSinceLastGC: 3,672s, TimeUntilGC: 6,244s
[2024-02-14T16:49:22.307+0100][debug][gc,alloc       ] Allocation Rate: 2298,0MB/s, Predicted: 2198,4MB/s, Avg: 2222,0(+/-196,6)MB/s
[2024-02-14T16:49:22.308+0100][debug][gc,director    ] Select GC Workers (Normal), AvoidLongGCWorkers: 0,097, AvoidOOMGCWorkers: 0,521, LastGCWorkers: 1,000, GCWorkers: 0,521
[2024-02-14T16:49:22.308+0100][debug][gc,director    ] Rule: Allocation Rate (Dynamic GC Workers), MaxAllocRate: 2868,8MB/s (+/-8,8%), Free: 5838MB, GCCPUTime: 0,979, GCDuration: 0,979s, TimeUntilOOM: 1,870s, TimeUntilGC: 0,791s, GCWorkers: 1 -> 1
[2024-02-14T16:49:22.308+0100][debug][gc,director    ] Rule: High Usage, Free: 5838MB(38,0%)
[2024-02-14T16:49:22.308+0100][debug][gc,director    ] Rule: Proactive, AcceptableGCInterval: 9,917s, TimeSinceLastGC: 3,773s, TimeUntilGC: 6,144s
[2024-02-14T16:49:22.408+0100][debug][gc,alloc       ] Allocation Rate: 1804,0MB/s, Predicted: 2065,3MB/s, Avg: 2167,4(+/-226,9)MB/s
[2024-02-14T16:49:22.408+0100][debug][gc,director    ] Select GC Workers (Normal), AvoidLongGCWorkers: 0,097, AvoidOOMGCWorkers: 0,550, LastGCWorkers: 1,000, GCWorkers: 0,550
[2024-02-14T16:49:22.408+0100][debug][gc,director    ] Rule: Allocation Rate (Dynamic GC Workers), MaxAllocRate: 2914,1MB/s (+/-10,5%), Free: 5704MB, GCCPUTime: 0,979, GCDuration: 0,979s, TimeUntilOOM: 1,772s, TimeUntilGC: 0,693s, GCWorkers: 1 -> 1
[2024-02-14T16:49:22.408+0100][debug][gc,director    ] Rule: High Usage, Free: 5704MB(37,1%)
[2024-02-14T16:49:22.408+0100][debug][gc,director    ] Rule: Proactive, AcceptableGCInterval: 9,917s, TimeSinceLastGC: 3,873s, TimeUntilGC: 6,044s
[2024-02-14T16:49:22.508+0100][debug][gc,alloc       ] Allocation Rate: 1820,0MB/s, Predicted: 1970,3MB/s, Avg: 2116,2(+/-241,3)MB/s
[2024-02-14T16:49:22.508+0100][debug][gc,director    ] Select GC Workers (Normal), AvoidLongGCWorkers: 0,097, AvoidOOMGCWorkers: 0,568, LastGCWorkers: 1,000, GCWorkers: 0,568
[2024-02-14T16:49:22.508+0100][debug][gc,director    ] Rule: Allocation Rate (Dynamic GC Workers), MaxAllocRate: 2910,2MB/s (+/-11,4%), Free: 5568MB, GCCPUTime: 0,979, GCDuration: 0,979s, TimeUntilOOM: 1,717s, TimeUntilGC: 0,639s, GCWorkers: 1 -> 1
[2024-02-14T16:49:22.508+0100][debug][gc,director    ] Rule: High Usage, Free: 5568MB(36,2%)
[2024-02-14T16:49:22.508+0100][debug][gc,director    ] Rule: Proactive, AcceptableGCInterval: 9,917s, TimeSinceLastGC: 3,973s, TimeUntilGC: 5,944s
[2024-02-14T16:49:22.607+0100][debug][gc,alloc       ] Allocation Rate: 2310,0MB/s, Predicted: 2103,2MB/s, Avg: 2114,8(+/-240,1)MB/s
[2024-02-14T16:49:22.607+0100][debug][gc,director    ] Select GC Workers (Normal), AvoidLongGCWorkers: 0,097, AvoidOOMGCWorkers: 0,638, LastGCWorkers: 1,000, GCWorkers: 0,638
[2024-02-14T16:49:22.607+0100][debug][gc,director    ] Rule: Allocation Rate (Dynamic GC Workers), MaxAllocRate: 2904,9MB/s (+/-11,4%), Free: 4948MB, GCCPUTime: 0,979, GCDuration: 0,979s, TimeUntilOOM: 1,530s, TimeUntilGC: 0,451s, GCWorkers: 1 -> 1
[2024-02-14T16:49:22.607+0100][debug][gc,director    ] Rule: High Usage, Free: 4948MB(32,2%)
[2024-02-14T16:49:22.607+0100][debug][gc,director    ] Rule: Proactive, AcceptableGCInterval: 9,917s, TimeSinceLastGC: 4,072s, TimeUntilGC: 5,845s
[2024-02-14T16:49:22.707+0100][debug][gc,alloc       ] Allocation Rate: 2298,0MB/s, Predicted: 2230,7MB/s, Avg: 2112,8(+/-238,5)MB/s
[2024-02-14T16:49:22.707+0100][debug][gc,director    ] Select GC Workers (Normal), AvoidLongGCWorkers: 0,097, AvoidOOMGCWorkers: 0,679, LastGCWorkers: 1,000, GCWorkers: 0,679
[2024-02-14T16:49:22.707+0100][debug][gc,director    ] Rule: Allocation Rate (Dynamic GC Workers), MaxAllocRate: 3015,5MB/s (+/-11,3%), Free: 4826MB, GCCPUTime: 0,979, GCDuration: 0,979s, TimeUntilOOM: 1,438s, TimeUntilGC: 0,359s, GCWorkers: 1 -> 1
[2024-02-14T16:49:22.707+0100][debug][gc,director    ] Rule: High Usage, Free: 4826MB(31,4%)
[2024-02-14T16:49:22.708+0100][debug][gc,director    ] Rule: Proactive, AcceptableGCInterval: 9,917s, TimeSinceLastGC: 4,173s, TimeUntilGC: 5,744s
[2024-02-14T16:49:22.808+0100][debug][gc,alloc       ] Allocation Rate: 2292,0MB/s, Predicted: 2224,8MB/s, Avg: 2159,8(+/-222,3)MB/s
[2024-02-14T16:49:22.808+0100][debug][gc,director    ] Select GC Workers (Normal), AvoidLongGCWorkers: 0,097, AvoidOOMGCWorkers: 0,678, LastGCWorkers: 1,000, GCWorkers: 0,678
[2024-02-14T16:49:22.808+0100][debug][gc,director    ] Rule: Allocation Rate (Dynamic GC Workers), MaxAllocRate: 2956,4MB/s (+/-10,3%), Free: 4696MB, GCCPUTime: 0,979, GCDuration: 0,979s, TimeUntilOOM: 1,440s, TimeUntilGC: 0,361s, GCWorkers: 1 -> 1
[2024-02-14T16:49:22.808+0100][debug][gc,director    ] Rule: High Usage, Free: 4696MB(30,6%)
[2024-02-14T16:49:22.808+0100][debug][gc,director    ] Rule: Proactive, AcceptableGCInterval: 9,917s, TimeSinceLastGC: 4,273s, TimeUntilGC: 5,644s
[2024-02-14T16:49:22.908+0100][debug][gc,alloc       ] Allocation Rate: 2292,0MB/s, Predicted: 2191,9MB/s, Avg: 2205,2(+/-196,9)MB/s
[2024-02-14T16:49:22.908+0100][debug][gc,director    ] Select GC Workers (Normal), AvoidLongGCWorkers: 0,097, AvoidOOMGCWorkers: 0,665, LastGCWorkers: 1,000, GCWorkers: 0,665
[2024-02-14T16:49:22.908+0100][debug][gc,director    ] Rule: Allocation Rate (Dynamic GC Workers), MaxAllocRate: 2853,0MB/s (+/-8,9%), Free: 4562MB, GCCPUTime: 0,979, GCDuration: 0,979s, TimeUntilOOM: 1,468s, TimeUntilGC: 0,389s, GCWorkers: 1 -> 1
[2024-02-14T16:49:22.908+0100][debug][gc,director    ] Rule: High Usage, Free: 4562MB(29,7%)
[2024-02-14T16:49:22.908+0100][debug][gc,director    ] Rule: Proactive, AcceptableGCInterval: 9,917s, TimeSinceLastGC: 4,373s, TimeUntilGC: 5,544s
[2024-02-14T16:49:23.007+0100][debug][gc,alloc       ] Allocation Rate: 1798,0MB/s, Predicted: 2061,7MB/s, Avg: 2152,2(+/-225,9)MB/s
[2024-02-14T16:49:23.007+0100][debug][gc,director    ] Select GC Workers (Normal), AvoidLongGCWorkers: 0,097, AvoidOOMGCWorkers: 0,705, LastGCWorkers: 1,000, GCWorkers: 0,705
[2024-02-14T16:49:23.007+0100][debug][gc,director    ] Rule: Allocation Rate (Dynamic GC Workers), MaxAllocRate: 2895,5MB/s (+/-10,5%), Free: 4428MB, GCCPUTime: 0,979, GCDuration: 0,979s, TimeUntilOOM: 1,384s, TimeUntilGC: 0,305s, GCWorkers: 1 -> 1
[2024-02-14T16:49:23.007+0100][debug][gc,director    ] Rule: High Usage, Free: 4428MB(28,8%)
[2024-02-14T16:49:23.007+0100][debug][gc,director    ] Rule: Proactive, AcceptableGCInterval: 9,917s, TimeSinceLastGC: 4,472s, TimeUntilGC: 5,445s
[2024-02-14T16:49:23.107+0100][debug][gc,alloc       ] Allocation Rate: 1810,0MB/s, Predicted: 1965,9MB/s, Avg: 2102,6(+/-240,6)MB/s
[2024-02-14T16:49:23.108+0100][debug][gc,director    ] Select GC Workers (Normal), AvoidLongGCWorkers: 0,097, AvoidOOMGCWorkers: 0,733, LastGCWorkers: 1,000, GCWorkers: 0,733
[2024-02-14T16:49:23.108+0100][debug][gc,director    ] Rule: Allocation Rate (Dynamic GC Workers), MaxAllocRate: 2894,5MB/s (+/-11,4%), Free: 4298MB, GCCPUTime: 0,979, GCDuration: 0,979s, TimeUntilOOM: 1,332s, TimeUntilGC: 0,254s, GCWorkers: 1 -> 1
[2024-02-14T16:49:23.108+0100][debug][gc,director    ] Rule: High Usage, Free: 4298MB(28,0%)
[2024-02-14T16:49:23.108+0100][debug][gc,director    ] Rule: Proactive, AcceptableGCInterval: 9,917s, TimeSinceLastGC: 4,573s, TimeUntilGC: 5,344s
[2024-02-14T16:49:23.208+0100][debug][gc,alloc       ] Allocation Rate: 2296,0MB/s, Predicted: 2096,9MB/s, Avg: 2101,8(+/-240,0)MB/s
[2024-02-14T16:49:23.208+0100][debug][gc,director    ] Select GC Workers (Normal), AvoidLongGCWorkers: 0,097, AvoidOOMGCWorkers: 0,857, LastGCWorkers: 1,000, GCWorkers: 0,857
[2024-02-14T16:49:23.208+0100][debug][gc,director    ] Rule: Allocation Rate (Dynamic GC Workers), MaxAllocRate: 2891,5MB/s (+/-11,4%), Free: 3676MB, GCCPUTime: 0,979, GCDuration: 0,979s, TimeUntilOOM: 1,141s, TimeUntilGC: 0,062s, GCWorkers: 1 -> 1
[2024-02-14T16:49:23.208+0100][debug][gc,director    ] Rule: High Usage, Free: 3676MB(23,9%)
[2024-02-14T16:49:23.208+0100][debug][gc,director    ] Rule: Proactive, AcceptableGCInterval: 9,917s, TimeSinceLastGC: 4,673s, TimeUntilGC: 5,244s
[2024-02-14T16:49:23.308+0100][debug][gc,alloc       ] Allocation Rate: 2286,0MB/s, Predicted: 2222,9MB/s, Avg: 2100,6(+/-239,0)MB/s
[2024-02-14T16:49:23.308+0100][debug][gc,director    ] Select GC Workers (Normal), AvoidLongGCWorkers: 0,097, AvoidOOMGCWorkers: 0,923, LastGCWorkers: 1,000, GCWorkers: 0,923
[2024-02-14T16:49:23.308+0100][debug][gc,director    ] Rule: Allocation Rate (Dynamic GC Workers), MaxAllocRate: 3009,5MB/s (+/-11,4%), Free: 3552MB, GCCPUTime: 0,979, GCDuration: 0,979s, TimeUntilOOM: 1,060s, TimeUntilGC: -0,019s, GCWorkers: 1 -> 1
[2024-02-14T16:49:23.308+0100][debug][gc,heap        ] GC(7) Heap before GC invocations=7 (full 7):
[2024-02-14T16:49:23.308+0100][debug][gc,heap        ] GC(7)  ZHeap           used 11766M, capacity 11828M, max capacity 15360M
[2024-02-14T16:49:23.308+0100][debug][gc,heap        ] GC(7)  Metaspace       used 31045K, committed 31424K, reserved 1114112K
[2024-02-14T16:49:23.308+0100][debug][gc,heap        ] GC(7)   class space    used 3305K, committed 3520K, reserved 1048576K
[2024-02-14T16:49:23.308+0100][info ][gc,start       ] GC(7) Garbage Collection (Allocation Rate)
[2024-02-14T16:49:23.308+0100][info ][gc,task        ] GC(7) Using 1 workers
[2024-02-14T16:49:23.308+0100][debug][gc,phases,start] GC(7) Pause Mark Start
[2024-02-14T16:49:23.308+0100][debug][gc,marking     ] GC(7) Using 1 mark stripes
[2024-02-14T16:49:23.308+0100][debug][gc,marking     ] GC(7) Mark Worker/Stripe Distribution
[2024-02-14T16:49:23.308+0100][debug][gc,marking     ] GC(7)   Worker 0(1) -> Stripe 0(1)
[2024-02-14T16:49:23.308+0100][info ][gc,phases      ] GC(7) Pause Mark Start 0,080ms
[2024-02-14T16:49:23.309+0100][debug][gc,phases,start] GC(7) Concurrent Mark
[2024-02-14T16:49:23.309+0100][debug][gc,task        ] GC(7) Executing Task: XMarkRootsTask, Active Workers: 1
[2024-02-14T16:49:23.311+0100][debug][gc,tlab        ] GC(7) TLAB totals: thrds: 28  refills: 43830 max: 25356 slow allocs: 6565 max 502 waste:  0,9% gc: 1977824B max: 262064B slow: 99322152B max: 38176520B
[2024-02-14T16:49:23.311+0100][debug][gc,task        ] GC(7) Executing Task: XMarkTask, Active Workers: 1
[2024-02-14T16:49:23.407+0100][debug][gc,alloc       ] Allocation Rate: 2246,0MB/s, Predicted: 2202,0MB/s, Avg: 2144,8(+/-220,2)MB/s
[2024-02-14T16:49:23.507+0100][debug][gc,alloc       ] Allocation Rate: 2182,0MB/s, Predicted: 2130,3MB/s, Avg: 2181,0(+/-191,8)MB/s
[2024-02-14T16:49:23.508+0100][info ][gc,phases      ] GC(7) Concurrent Mark 199,210ms
[2024-02-14T16:49:23.508+0100][debug][gc,phases,start] GC(7) Pause Mark End
[2024-02-14T16:49:23.508+0100][info ][gc,phases      ] GC(7) Pause Mark End 0,051ms
[2024-02-14T16:49:23.508+0100][debug][gc,phases,start] GC(7) Concurrent Mark Free
[2024-02-14T16:49:23.508+0100][debug][gc,marking     ] GC(7) Shrinking mark stack space: 64M->32M
[2024-02-14T16:49:23.508+0100][info ][gc,phases      ] GC(7) Concurrent Mark Free 0,113ms
[2024-02-14T16:49:23.508+0100][debug][gc,phases,start] GC(7) Concurrent Process Non-Strong References
[2024-02-14T16:49:23.508+0100][debug][gc,phases,start] GC(7) Concurrent References Process
[2024-02-14T16:49:23.508+0100][debug][gc,task        ] GC(7) Executing Task: XReferenceProcessorTask, Active Workers: 1
[2024-02-14T16:49:23.517+0100][debug][gc,phases      ] GC(7) Concurrent References Process 8,497ms
[2024-02-14T16:49:23.517+0100][debug][gc,task        ] GC(7) Executing Task: XProcessWeakRootsTask, Active Workers: 1
[2024-02-14T16:49:23.518+0100][debug][gc,phases,start] GC(7) Concurrent Classes Unlink
[2024-02-14T16:49:23.518+0100][debug][gc,phases,start] GC(7) ClassLoaderData
[2024-02-14T16:49:23.518+0100][debug][gc,phases      ] GC(7) ClassLoaderData 0,039ms
[2024-02-14T16:49:23.518+0100][debug][gc,phases,start] GC(7) Trigger cleanups
[2024-02-14T16:49:23.518+0100][debug][gc,phases      ] GC(7) Trigger cleanups 0,012ms
[2024-02-14T16:49:23.518+0100][debug][gc,task        ] GC(7) Executing Task: XNMethodUnlinkTask, Active Workers: 1
[2024-02-14T16:49:23.523+0100][debug][gc,phases      ] GC(7) Concurrent Classes Unlink 5,241ms
[2024-02-14T16:49:23.523+0100][debug][gc,phases,start] GC(7) Concurrent Classes Purge
[2024-02-14T16:49:23.523+0100][debug][gc,nmethod     ] GC(7) Unregister NMethod: io.sirix.index.name.Names.getName (0x00007f9f0c179690)
[2024-02-14T16:49:23.523+0100][debug][gc,nmethod     ] GC(7) Unregister NMethod: io.sirix.access.trx.page.NodePageReadOnlyTrx.getNamePage (0x00007f9f0bf0ed90)
[2024-02-14T16:49:23.523+0100][debug][gc,nmethod     ] GC(7) Unregister NMethod: jdk.internal.misc.Unsafe.weakCompareAndSetLong (0x00007f9f0ba35190)
[2024-02-14T16:49:23.523+0100][debug][gc,nmethod     ] GC(7) Unregister NMethod: io.sirix.page.PageKind$1.deserializePage (0x00007f9f0bf1d210)
[2024-02-14T16:49:23.523+0100][debug][gc,nmethod     ] GC(7) Unregister NMethod: java.util.HashMap.clear (0x00007f9f0bcd1410)
[2024-02-14T16:49:23.523+0100][debug][gc,nmethod     ] GC(7) Unregister NMethod: net.jpountz.lz4.LZ4BlockInputStream.refill (0x00007f9f0c184510)
[2024-02-14T16:49:23.523+0100][debug][gc,nmethod     ] GC(7) Unregister NMethod: java.util.concurrent.ForkJoinPool.awaitWork (0x00007f9f0ba68010)
[2024-02-14T16:49:23.523+0100][debug][gc,nmethod     ] GC(7) Unregister NMethod: java.util.HashMap.clear (0x00007f9f0ba78b10)
[2024-02-14T16:49:23.523+0100][debug][gc,nmethod     ] GC(7) Unregister NMethod: java.lang.ref.NativeReferenceQueue.enqueue (0x00007f9f0bab7110)
[2024-02-14T16:49:23.523+0100][debug][gc,phases      ] GC(7) Concurrent Classes Purge 0,162ms
[2024-02-14T16:49:23.523+0100][debug][gc,phases,start] GC(7) Concurrent References Enqueue
[2024-02-14T16:49:23.523+0100][debug][gc,phases      ] GC(7) Concurrent References Enqueue 0,012ms
[2024-02-14T16:49:23.523+0100][info ][gc,phases      ] GC(7) Concurrent Process Non-Strong References 15,155ms
[2024-02-14T16:49:23.523+0100][debug][gc,phases,start] GC(7) Concurrent Reset Relocation Set
[2024-02-14T16:49:23.524+0100][info ][gc,phases      ] GC(7) Concurrent Reset Relocation Set 0,079ms
[2024-02-14T16:49:23.524+0100][debug][gc,phases,start] GC(7) Concurrent Select Relocation Set
[2024-02-14T16:49:23.525+0100][debug][gc,task        ] GC(7) Executing Task: XRelocationSetInstallTask, Active Workers: 1
[2024-02-14T16:49:23.526+0100][info ][gc,phases      ] GC(7) Concurrent Select Relocation Set 2,511ms
[2024-02-14T16:49:23.526+0100][debug][gc,phases,start] GC(7) Pause Relocate Start
[2024-02-14T16:49:23.526+0100][info ][gc,phases      ] GC(7) Pause Relocate Start 0,046ms
[2024-02-14T16:49:23.526+0100][debug][gc,phases,start] GC(7) Concurrent Relocate
[2024-02-14T16:49:23.527+0100][debug][gc,task        ] GC(7) Executing Task: XRelocateTask, Active Workers: 1
[2024-02-14T16:49:23.545+0100][info ][gc,phases      ] GC(7) Concurrent Relocate 18,963ms
[2024-02-14T16:49:23.546+0100][debug][gc,heap        ] GC(7) Heap after GC invocations=8 (full 8):
[2024-02-14T16:49:23.546+0100][debug][gc,heap        ] GC(7)  ZHeap           used 382M, capacity 11946M, max capacity 15360M
[2024-02-14T16:49:23.546+0100][debug][gc,heap        ] GC(7)  Metaspace       used 31046K, committed 31424K, reserved 1114112K
[2024-02-14T16:49:23.546+0100][debug][gc,heap        ] GC(7)   class space    used 3305K, committed 3520K, reserved 1048576K
[2024-02-14T16:49:23.546+0100][info ][gc,load        ] GC(7) Load: 1,82/1,29/1,56
[2024-02-14T16:49:23.546+0100][info ][gc,mmu         ] GC(7) MMU: 2ms/92,8%, 5ms/97,1%, 10ms/98,6%, 20ms/99,1%, 50ms/99,6%, 100ms/99,8%
[2024-02-14T16:49:23.546+0100][info ][gc,marking     ] GC(7) Mark: 1 stripe(s), 2 proactive flush(es), 1 terminate flush(es), 0 completion(s), 0 continuation(s) 
[2024-02-14T16:49:23.546+0100][info ][gc,marking     ] GC(7) Mark Stack Usage: 32M
[2024-02-14T16:49:23.546+0100][info ][gc,nmethod     ] GC(7) NMethods: 3678 registered, 1054 unregistered
[2024-02-14T16:49:23.546+0100][info ][gc,metaspace   ] GC(7) Metaspace: 30M used, 30M committed, 1088M reserved
[2024-02-14T16:49:23.546+0100][info ][gc,ref         ] GC(7) Soft: 3825 encountered, 0 discovered, 0 enqueued
[2024-02-14T16:49:23.546+0100][info ][gc,ref         ] GC(7) Weak: 1901 encountered, 149 discovered, 0 enqueued
[2024-02-14T16:49:23.546+0100][info ][gc,ref         ] GC(7) Final: 18926 encountered, 18926 discovered, 18926 enqueued
[2024-02-14T16:49:23.546+0100][info ][gc,ref         ] GC(7) Phantom: 19359 encountered, 19211 discovered, 18977 enqueued
[2024-02-14T16:49:23.546+0100][info ][gc,reloc       ] GC(7) Small Pages: 5867 / 11734M, Empty: 6430M, Relocated: 4M, In-Place: 0
[2024-02-14T16:49:23.546+0100][info ][gc,reloc       ] GC(7) Medium Pages: 1 / 32M, Empty: 0M, Relocated: 0M, In-Place: 0
[2024-02-14T16:49:23.546+0100][info ][gc,reloc       ] GC(7) Large Pages: 0 / 0M, Empty: 0M, Relocated: 0M, In-Place: 0
[2024-02-14T16:49:23.546+0100][info ][gc,reloc       ] GC(7) Forwarding Usage: 2M
[2024-02-14T16:49:23.546+0100][info ][gc,heap        ] GC(7) Min Capacity: 5120M(33%)
[2024-02-14T16:49:23.546+0100][info ][gc,heap        ] GC(7) Max Capacity: 15360M(100%)
[2024-02-14T16:49:23.546+0100][info ][gc,heap        ] GC(7) Soft Max Capacity: 15360M(100%)
[2024-02-14T16:49:23.546+0100][info ][gc,heap        ] GC(7)                Mark Start          Mark End        Relocate Start      Relocate End           High               Low         
[2024-02-14T16:49:23.546+0100][info ][gc,heap        ] GC(7)  Capacity:    11828M (77%)       11934M (78%)       11946M (78%)       11946M (78%)       11946M (78%)       11828M (77%)    
[2024-02-14T16:49:23.546+0100][info ][gc,heap        ] GC(7)      Free:     3594M (23%)        3426M (22%)        9842M (64%)       14978M (98%)       14978M (98%)        3414M (22%)    
[2024-02-14T16:49:23.546+0100][info ][gc,heap        ] GC(7)      Used:    11766M (77%)       11934M (78%)        5518M (36%)         382M (2%)        11946M (78%)         382M (2%)     
[2024-02-14T16:49:23.546+0100][info ][gc,heap        ] GC(7)      Live:         -               112M (1%)          112M (1%)          112M (1%)             -                  -          
[2024-02-14T16:49:23.546+0100][info ][gc,heap        ] GC(7) Allocated:         -               168M (1%)          182M (1%)          210M (1%)             -                  -          
[2024-02-14T16:49:23.546+0100][info ][gc,heap        ] GC(7)   Garbage:         -             11653M (76%)        5223M (34%)          59M (0%)             -                  -          
[2024-02-14T16:49:23.546+0100][info ][gc,heap        ] GC(7) Reclaimed:         -                  -              6430M (42%)       11594M (75%)            -                  -          
[2024-02-14T16:49:23.546+0100][info ][gc             ] GC(7) Garbage Collection (Allocation Rate) 11766M(77%)->382M(2%)
[2024-02-14T16:49:23.607+0100][debug][gc,alloc       ] Allocation Rate: 1738,0MB/s, Predicted: 1987,5MB/s, Avg: 2123,8(+/-226,9)MB/s
[2024-02-14T16:49:23.607+0100][debug][gc,director    ] Select GC Workers (Normal), AvoidLongGCWorkers: 0,088, AvoidOOMGCWorkers: 0,189, LastGCWorkers: 1,000, GCWorkers: 0,189
[2024-02-14T16:49:23.607+0100][debug][gc,director    ] Rule: Allocation Rate (Dynamic GC Workers), MaxAllocRate: 2870,3MB/s (+/-10,7%), Free: 14806MB, GCCPUTime: 0,884, GCDuration: 0,884s, TimeUntilOOM: 4,661s, TimeUntilGC: 3,676s, GCWorkers: 1 -> 1
[2024-02-14T16:49:23.607+0100][debug][gc,director    ] Rule: High Usage, Free: 14806MB(96,4%)
[2024-02-14T16:49:23.607+0100][debug][gc,director    ] Rule: Proactive, UsedUntilEnabled: 1406MB, TimeUntilEnabled: 299,938s
[2024-02-14T16:49:23.707+0100][debug][gc,alloc       ] Allocation Rate: 1830,0MB/s, Predicted: 1916,4MB/s, Avg: 2077,0(+/-234,3)MB/s
[2024-02-14T16:49:23.707+0100][debug][gc,director    ] Select GC Workers (Normal), AvoidLongGCWorkers: 0,088, AvoidOOMGCWorkers: 0,191, LastGCWorkers: 1,000, GCWorkers: 0,191
[2024-02-14T16:49:23.707+0100][debug][gc,director    ] Rule: Allocation Rate (Dynamic GC Workers), MaxAllocRate: 2847,8MB/s (+/-11,3%), Free: 14592MB, GCCPUTime: 0,884, GCDuration: 0,884s, TimeUntilOOM: 4,605s, TimeUntilGC: 3,621s, GCWorkers: 1 -> 1
[2024-02-14T16:49:23.707+0100][debug][gc,director    ] Rule: High Usage, Free: 14592MB(95,0%)
[2024-02-14T16:49:23.707+0100][debug][gc,director    ] Rule: Proactive, UsedUntilEnabled: 1192MB, TimeUntilEnabled: 299,838s
[2024-02-14T16:49:23.808+0100][debug][gc,alloc       ] Allocation Rate: 2382,0MB/s, Predicted: 2095,7MB/s, Avg: 2086,0(+/-243,9)MB/s
[2024-02-14T16:49:23.808+0100][debug][gc,director    ] Select GC Workers (Normal), AvoidLongGCWorkers: 0,088, AvoidOOMGCWorkers: 0,205, LastGCWorkers: 1,000, GCWorkers: 0,205
[2024-02-14T16:49:23.808+0100][debug][gc,director    ] Rule: Allocation Rate (Dynamic GC Workers), MaxAllocRate: 2898,2MB/s (+/-11,7%), Free: 13910MB, GCCPUTime: 0,884, GCDuration: 0,884s, TimeUntilOOM: 4,297s, TimeUntilGC: 3,313s, GCWorkers: 1 -> 1
[2024-02-14T16:49:23.808+0100][debug][gc,director    ] Rule: High Usage, Free: 13910MB(90,6%)
[2024-02-14T16:49:23.808+0100][debug][gc,director    ] Rule: Proactive, UsedUntilEnabled: 510MB, TimeUntilEnabled: 299,738s
[2024-02-14T16:49:23.908+0100][debug][gc,alloc       ] Allocation Rate: 2518,0MB/s, Predicted: 2323,5MB/s, Avg: 2108,6(+/-270,9)MB/s
[2024-02-14T16:49:23.908+0100][debug][gc,director    ] Select GC Workers (Normal), AvoidLongGCWorkers: 0,088, AvoidOOMGCWorkers: 0,234, LastGCWorkers: 1,000, GCWorkers: 0,234
[2024-02-14T16:49:23.908+0100][debug][gc,director    ] Rule: Allocation Rate (Dynamic GC Workers), MaxAllocRate: 3214,8MB/s (+/-12,8%), Free: 13640MB, GCCPUTime: 0,884, GCDuration: 0,884s, TimeUntilOOM: 3,760s, TimeUntilGC: 2,776s, GCWorkers: 1 -> 1
[2024-02-14T16:49:23.908+0100][debug][gc,director    ] Rule: High Usage, Free: 13640MB(88,8%)
[2024-02-14T16:49:23.908+0100][debug][gc,director    ] Rule: Proactive, UsedUntilEnabled: 240MB, TimeUntilEnabled: 299,638s
[2024-02-14T16:49:24.007+0100][debug][gc,alloc       ] Allocation Rate: 2650,0MB/s, Predicted: 2457,2MB/s, Avg: 2193,8(+/-292,9)MB/s
[2024-02-14T16:49:24.007+0100][debug][gc,director    ] Select GC Workers (Normal), AvoidLongGCWorkers: 0,088, AvoidOOMGCWorkers: 0,255, LastGCWorkers: 1,000, GCWorkers: 0,255
[2024-02-14T16:49:24.007+0100][debug][gc,director    ] Rule: Allocation Rate (Dynamic GC Workers), MaxAllocRate: 3421,0MB/s (+/-13,4%), Free: 13374MB, GCCPUTime: 0,884, GCDuration: 0,884s, TimeUntilOOM: 3,449s, TimeUntilGC: 2,465s, GCWorkers: 1 -> 1
[2024-02-14T16:49:24.007+0100][debug][gc,director    ] Rule: High Usage, Free: 13374MB(87,1%)
[2024-02-14T16:49:24.007+0100][debug][gc,director    ] Rule: Proactive, AcceptableGCInterval: 8,920s, TimeSinceLastGC: 0,462s, TimeUntilGC: 8,459s
[2024-02-14T16:49:24.107+0100][debug][gc,alloc       ] Allocation Rate: 3210,0MB/s, Predicted: 2761,3MB/s, Avg: 2333,8(+/-393,3)MB/s
[2024-02-14T16:49:24.107+0100][debug][gc,director    ] Select GC Workers (Unsteady), AvoidLongGCWorkers: 0,088, AvoidOOMGCWorkers: 0,329, LastGCWorkers: 1,000, HalfGCWorkers: 2,500, GCWorkers: 2,500
[2024-02-14T16:49:24.107+0100][debug][gc,director    ] Rule: Allocation Rate (Dynamic GC Workers), MaxAllocRate: 4055,7MB/s (+/-16,9%), Free: 12684MB, GCCPUTime: 0,884, GCDuration: 0,299s, TimeUntilOOM: 2,676s, TimeUntilGC: 2,277s, GCWorkers: 1 -> 3
[2024-02-14T16:49:24.107+0100][debug][gc,heap        ] GC(8) Heap before GC invocations=8 (full 8):
[2024-02-14T16:49:24.108+0100][debug][gc,heap        ] GC(8)  ZHeap           used 2634M, capacity 11946M, max capacity 15360M
[2024-02-14T16:49:24.108+0100][debug][gc,heap        ] GC(8)  Metaspace       used 31075K, committed 31488K, reserved 1114112K
[2024-02-14T16:49:24.108+0100][debug][gc,heap        ] GC(8)   class space    used 3305K, committed 3520K, reserved 1048576K
[2024-02-14T16:49:24.108+0100][info ][gc,start       ] GC(8) Garbage Collection (Allocation Rate)
[2024-02-14T16:49:24.108+0100][info ][gc,task        ] GC(8) Using 3 workers
[2024-02-14T16:49:24.108+0100][debug][gc,phases,start] GC(8) Pause Mark Start
[2024-02-14T16:49:24.108+0100][debug][gc,marking     ] GC(8) Using 2 mark stripes
[2024-02-14T16:49:24.108+0100][debug][gc,marking     ] GC(8) Mark Worker/Stripe Distribution
[2024-02-14T16:49:24.108+0100][debug][gc,marking     ] GC(8)   Worker 0(3) -> Stripe 0(2)
[2024-02-14T16:49:24.108+0100][debug][gc,marking     ] GC(8)   Worker 1(3) -> Stripe 1(2)
[2024-02-14T16:49:24.108+0100][debug][gc,marking     ] GC(8)   Worker 2(3) -> Stripe 0(2)
[2024-02-14T16:49:24.108+0100][info ][gc,phases      ] GC(8) Pause Mark Start 0,067ms
[2024-02-14T16:49:24.108+0100][debug][gc,phases,start] GC(8) Concurrent Mark
[2024-02-14T16:49:24.108+0100][debug][gc,task        ] GC(8) Executing Task: XMarkRootsTask, Active Workers: 3
[2024-02-14T16:49:24.109+0100][debug][gc,tlab        ] GC(8) TLAB totals: thrds: 28  refills: 9587 max: 5540 slow allocs: 1397 max 126 waste:  1,0% gc: 2371432B max: 261992B slow: 22989496B max: 7702904B
[2024-02-14T16:49:24.109+0100][debug][gc,task        ] GC(8) Executing Task: XMarkTask, Active Workers: 3
[2024-02-14T16:49:24.122+0100][info ][gc,phases      ] GC(8) Concurrent Mark 14,449ms
[2024-02-14T16:49:24.123+0100][debug][gc,phases,start] GC(8) Pause Mark End
[2024-02-14T16:49:24.123+0100][info ][gc,phases      ] GC(8) Pause Mark End 0,034ms
[2024-02-14T16:49:24.123+0100][debug][gc,phases,start] GC(8) Concurrent Mark Free
[2024-02-14T16:49:24.123+0100][info ][gc,phases      ] GC(8) Concurrent Mark Free 0,026ms
[2024-02-14T16:49:24.123+0100][debug][gc,phases,start] GC(8) Concurrent Process Non-Strong References
[2024-02-14T16:49:24.123+0100][debug][gc,phases,start] GC(8) Concurrent References Process
[2024-02-14T16:49:24.123+0100][debug][gc,task        ] GC(8) Executing Task: XReferenceProcessorTask, Active Workers: 3
[2024-02-14T16:49:24.124+0100][debug][gc,phases      ] GC(8) Concurrent References Process 1,448ms
[2024-02-14T16:49:24.124+0100][debug][gc,task        ] GC(8) Executing Task: XProcessWeakRootsTask, Active Workers: 3
[2024-02-14T16:49:24.125+0100][debug][gc,phases,start] GC(8) Concurrent Classes Unlink
[2024-02-14T16:49:24.125+0100][debug][gc,phases,start] GC(8) ClassLoaderData
[2024-02-14T16:49:24.125+0100][debug][gc,phases      ] GC(8) ClassLoaderData 0,027ms
[2024-02-14T16:49:24.125+0100][debug][gc,phases,start] GC(8) Trigger cleanups
[2024-02-14T16:49:24.125+0100][debug][gc,phases      ] GC(8) Trigger cleanups 0,004ms
[2024-02-14T16:49:24.125+0100][debug][gc,task        ] GC(8) Executing Task: XNMethodUnlinkTask, Active Workers: 3
[2024-02-14T16:49:24.126+0100][debug][gc,phases      ] GC(8) Concurrent Classes Unlink 1,428ms
[2024-02-14T16:49:24.126+0100][debug][gc,phases,start] GC(8) Concurrent Classes Purge
[2024-02-14T16:49:24.126+0100][debug][gc,nmethod     ] GC(8) Unregister NMethod: java.lang.ref.Reference.processPendingReferences (0x00007f9f0bc5ed10)
[2024-02-14T16:49:24.126+0100][debug][gc,nmethod     ] GC(8) Unregister NMethod: java.util.BitSet.set (0x00007f9f2b503790)
[2024-02-14T16:49:24.126+0100][debug][gc,nmethod     ] GC(8) Unregister NMethod: org.magicwerk.brownies.collections.GapList.doEnsureCapacity (0x00007f9f0c03ca90)
[2024-02-14T16:49:24.126+0100][debug][gc,nmethod     ] GC(8) Unregister NMethod: java.lang.invoke.DirectMethodHandle$Holder.newInvokeSpecial (0x00007f9f0bd11310)
[2024-02-14T16:49:24.126+0100][debug][gc,nmethod     ] GC(8) Unregister NMethod: it.unimi.dsi.fastutil.ints.Int2IntOpenHashMap.find (0x00007f9f0bee9910)
[2024-02-14T16:49:24.126+0100][debug][gc,nmethod     ] GC(8) Unregister NMethod: io.sirix.page.delegates.BitmapReferencesPage.createNewReference (0x00007f9f2b67ec90)
[2024-02-14T16:49:24.126+0100][debug][gc,nmethod     ] GC(8) Unregister NMethod: java.util.stream.AbstractPipeline.wrapAndCopyInto (0x00007f9f0bd51810)
[2024-02-14T16:49:24.126+0100][debug][gc,nmethod     ] GC(8) Unregister NMethod: java.util.BitSet.set (0x00007f9f2b65d410)
[2024-02-14T16:49:24.126+0100][debug][gc,nmethod     ] GC(8) Unregister NMethod: org.magicwerk.brownies.collections.IList.checkIndexAdd (0x00007f9f0c03af10)
[2024-02-14T16:49:24.126+0100][debug][gc,nmethod     ] GC(8) Unregister NMethod: org.magicwerk.brownies.collections.GapList.doAdd (0x00007f9f0c03ff90)
[2024-02-14T16:49:24.126+0100][debug][gc,nmethod     ] GC(8) Unregister NMethod: java.lang.StringBuilder.append (0x00007f9f0bfbbf10)
[2024-02-14T16:49:24.126+0100][debug][gc,phases      ] GC(8) Concurrent Classes Purge 0,097ms
[2024-02-14T16:49:24.126+0100][debug][gc,phases,start] GC(8) Concurrent References Enqueue
[2024-02-14T16:49:24.126+0100][debug][gc,phases      ] GC(8) Concurrent References Enqueue 0,006ms
[2024-02-14T16:49:24.126+0100][info ][gc,phases      ] GC(8) Concurrent Process Non-Strong References 3,604ms
[2024-02-14T16:49:24.126+0100][debug][gc,phases,start] GC(8) Concurrent Reset Relocation Set
[2024-02-14T16:49:24.126+0100][info ][gc,phases      ] GC(8) Concurrent Reset Relocation Set 0,089ms
[2024-02-14T16:49:24.126+0100][debug][gc,phases,start] GC(8) Concurrent Select Relocation Set
[2024-02-14T16:49:24.127+0100][debug][gc,task        ] GC(8) Executing Task: XRelocationSetInstallTask, Active Workers: 3
[2024-02-14T16:49:24.128+0100][info ][gc,phases      ] GC(8) Concurrent Select Relocation Set 1,159ms
[2024-02-14T16:49:24.128+0100][debug][gc,phases,start] GC(8) Pause Relocate Start
[2024-02-14T16:49:24.128+0100][info ][gc,phases      ] GC(8) Pause Relocate Start 0,025ms
[2024-02-14T16:49:24.128+0100][debug][gc,phases,start] GC(8) Concurrent Relocate
[2024-02-14T16:49:24.128+0100][debug][gc,task        ] GC(8) Executing Task: XRelocateTask, Active Workers: 3
[2024-02-14T16:49:24.130+0100][info ][gc,phases      ] GC(8) Concurrent Relocate 1,741ms
[2024-02-14T16:49:24.130+0100][debug][gc,heap        ] GC(8) Heap after GC invocations=9 (full 9):
[2024-02-14T16:49:24.130+0100][debug][gc,heap        ] GC(8)  ZHeap           used 112M, capacity 11946M, max capacity 15360M
[2024-02-14T16:49:24.130+0100][debug][gc,heap        ] GC(8)  Metaspace       used 31075K, committed 31488K, reserved 1114112K
[2024-02-14T16:49:24.130+0100][debug][gc,heap        ] GC(8)   class space    used 3305K, committed 3520K, reserved 1048576K
[2024-02-14T16:49:24.130+0100][info ][gc,load        ] GC(8) Load: 1,82/1,29/1,56
[2024-02-14T16:49:24.130+0100][info ][gc,mmu         ] GC(8) MMU: 2ms/92,8%, 5ms/97,1%, 10ms/98,6%, 20ms/99,1%, 50ms/99,6%, 100ms/99,8%
[2024-02-14T16:49:24.130+0100][info ][gc,marking     ] GC(8) Mark: 2 stripe(s), 6 proactive flush(es), 1 terminate flush(es), 0 completion(s), 0 continuation(s) 
[2024-02-14T16:49:24.130+0100][info ][gc,marking     ] GC(8) Mark Stack Usage: 32M
[2024-02-14T16:49:24.130+0100][info ][gc,nmethod     ] GC(8) NMethods: 3713 registered, 1065 unregistered
[2024-02-14T16:49:24.130+0100][info ][gc,metaspace   ] GC(8) Metaspace: 30M used, 30M committed, 1088M reserved
[2024-02-14T16:49:24.130+0100][info ][gc,ref         ] GC(8) Soft: 3825 encountered, 0 discovered, 0 enqueued
[2024-02-14T16:49:24.130+0100][info ][gc,ref         ] GC(8) Weak: 1901 encountered, 326 discovered, 0 enqueued
[2024-02-14T16:49:24.130+0100][info ][gc,ref         ] GC(8) Final: 4208 encountered, 4208 discovered, 4208 enqueued
[2024-02-14T16:49:24.130+0100][info ][gc,ref         ] GC(8) Phantom: 4604 encountered, 4585 discovered, 4222 enqueued
[2024-02-14T16:49:24.130+0100][info ][gc,reloc       ] GC(8) Small Pages: 1301 / 2602M, Empty: 1408M, Relocated: 2M, In-Place: 0
[2024-02-14T16:49:24.130+0100][info ][gc,reloc       ] GC(8) Medium Pages: 1 / 32M, Empty: 0M, Relocated: 0M, In-Place: 0
[2024-02-14T16:49:24.130+0100][info ][gc,reloc       ] GC(8) Large Pages: 0 / 0M, Empty: 0M, Relocated: 0M, In-Place: 0
[2024-02-14T16:49:24.130+0100][info ][gc,reloc       ] GC(8) Forwarding Usage: 0M
[2024-02-14T16:49:24.130+0100][info ][gc,heap        ] GC(8) Min Capacity: 5120M(33%)
[2024-02-14T16:49:24.130+0100][info ][gc,heap        ] GC(8) Max Capacity: 15360M(100%)
[2024-02-14T16:49:24.130+0100][info ][gc,heap        ] GC(8) Soft Max Capacity: 15360M(100%)
[2024-02-14T16:49:24.130+0100][info ][gc,heap        ] GC(8)                Mark Start          Mark End        Relocate Start      Relocate End           High               Low         
[2024-02-14T16:49:24.130+0100][info ][gc,heap        ] GC(8)  Capacity:    11946M (78%)       11946M (78%)       11946M (78%)       11946M (78%)       11946M (78%)       11946M (78%)    
[2024-02-14T16:49:24.130+0100][info ][gc,heap        ] GC(8)      Free:    12726M (83%)       12700M (83%)       14100M (92%)       15248M (99%)       15248M (99%)       12694M (83%)    
[2024-02-14T16:49:24.130+0100][info ][gc,heap        ] GC(8)      Used:     2634M (17%)        2660M (17%)        1260M (8%)          112M (1%)         2666M (17%)         112M (1%)     
[2024-02-14T16:49:24.130+0100][info ][gc,heap        ] GC(8)      Live:         -                28M (0%)           28M (0%)           28M (0%)             -                  -          
[2024-02-14T16:49:24.130+0100][info ][gc,heap        ] GC(8) Allocated:         -                26M (0%)           34M (0%)           45M (0%)             -                  -          
[2024-02-14T16:49:24.130+0100][info ][gc,heap        ] GC(8)   Garbage:         -              2605M (17%)        1197M (8%)           37M (0%)             -                  -          
[2024-02-14T16:49:24.130+0100][info ][gc,heap        ] GC(8) Reclaimed:         -                  -              1408M (9%)         2567M (17%)            -                  -          
[2024-02-14T16:49:24.130+0100][info ][gc             ] GC(8) Garbage Collection (Allocation Rate) 2634M(17%)->112M(1%)
[2024-02-14T16:49:24.207+0100][debug][gc,alloc       ] Allocation Rate: 2846,0MB/s, Predicted: 2956,1MB/s, Avg: 2388,8(+/-421,7)MB/s
[2024-02-14T16:49:24.207+0100][debug][gc,director    ] Select GC Workers (Unsteady), AvoidLongGCWorkers: 0,065, AvoidOOMGCWorkers: 0,222, LastGCWorkers: 3,000, HalfGCWorkers: 2,500, GCWorkers: 3,000
[2024-02-14T16:49:24.207+0100][debug][gc,director    ] Rule: Allocation Rate (Dynamic GC Workers), MaxAllocRate: 4343,6MB/s (+/-17,7%), Free: 14994MB, GCCPUTime: 0,656, GCDuration: 0,223s, TimeUntilOOM: 2,934s, TimeUntilGC: 2,611s, GCWorkers: 3 -> 3
[2024-02-14T16:49:24.207+0100][debug][gc,director    ] Rule: High Usage, Free: 14994MB(97,6%)
[2024-02-14T16:49:24.207+0100][debug][gc,director    ] Rule: Proactive, UsedUntilEnabled: 1324MB, TimeUntilEnabled: 299,922s
[2024-02-14T16:49:24.308+0100][debug][gc,alloc       ] Allocation Rate: 2988,0MB/s, Predicted: 3168,4MB/s, Avg: 2459,0(+/-455,8)MB/s
[2024-02-14T16:49:24.308+0100][debug][gc,director    ] Select GC Workers (Unsteady), AvoidLongGCWorkers: 0,065, AvoidOOMGCWorkers: 0,245, LastGCWorkers: 3,000, HalfGCWorkers: 2,500, GCWorkers: 3,000
[2024-02-14T16:49:24.308+0100][debug][gc,director    ] Rule: Allocation Rate (Dynamic GC Workers), MaxAllocRate: 4668,1MB/s (+/-18,5%), Free: 14728MB, GCCPUTime: 0,656, GCDuration: 0,223s, TimeUntilOOM: 2,662s, TimeUntilGC: 2,339s, GCWorkers: 3 -> 3
[2024-02-14T16:49:24.308+0100][debug][gc,director    ] Rule: High Usage, Free: 14728MB(95,9%)
[2024-02-14T16:49:24.308+0100][debug][gc,director    ] Rule: Proactive, UsedUntilEnabled: 1058MB, TimeUntilEnabled: 299,822s
[2024-02-14T16:49:24.408+0100][debug][gc,alloc       ] Allocation Rate: 3640,0MB/s, Predicted: 3584,0MB/s, Avg: 2598,4(+/-568,5)MB/s
[2024-02-14T16:49:24.408+0100][debug][gc,director    ] Select GC Workers (Unsteady), AvoidLongGCWorkers: 0,065, AvoidOOMGCWorkers: 0,310, LastGCWorkers: 3,000, HalfGCWorkers: 2,500, GCWorkers: 3,000
[2024-02-14T16:49:24.408+0100][debug][gc,director    ] Rule: Allocation Rate (Dynamic GC Workers), MaxAllocRate: 5454,7MB/s (+/-21,9%), Free: 13982MB, GCCPUTime: 0,656, GCDuration: 0,223s, TimeUntilOOM: 2,103s, TimeUntilGC: 1,780s, GCWorkers: 3 -> 3
[2024-02-14T16:49:24.408+0100][debug][gc,director    ] Rule: High Usage, Free: 13982MB(91,0%)
[2024-02-14T16:49:24.408+0100][debug][gc,director    ] Rule: Proactive, UsedUntilEnabled: 312MB, TimeUntilEnabled: 299,722s
[2024-02-14T16:49:24.507+0100][debug][gc,alloc       ] Allocation Rate: 3800,0MB/s, Predicted: 3953,6MB/s, Avg: 2760,2(+/-651,2)MB/s
[2024-02-14T16:49:24.507+0100][debug][gc,director    ] Select GC Workers (Unsteady), AvoidLongGCWorkers: 0,065, AvoidOOMGCWorkers: 0,357, LastGCWorkers: 3,000, HalfGCWorkers: 2,500, GCWorkers: 3,000
[2024-02-14T16:49:24.507+0100][debug][gc,director    ] Rule: Allocation Rate (Dynamic GC Workers), MaxAllocRate: 6096,4MB/s (+/-23,6%), Free: 13750MB, GCCPUTime: 0,656, GCDuration: 0,223s, TimeUntilOOM: 1,825s, TimeUntilGC: 1,502s, GCWorkers: 3 -> 3
[2024-02-14T16:49:24.507+0100][debug][gc,director    ] Rule: High Usage, Free: 13750MB(89,5%)
[2024-02-14T16:49:24.507+0100][debug][gc,director    ] Rule: Proactive, UsedUntilEnabled: 80MB, TimeUntilEnabled: 299,623s
[2024-02-14T16:49:24.607+0100][debug][gc,alloc       ] Allocation Rate: 3896,0MB/s, Predicted: 4135,3MB/s, Avg: 2976,0(+/-634,1)MB/s
[2024-02-14T16:49:24.607+0100][debug][gc,director    ] Select GC Workers (Unsteady), AvoidLongGCWorkers: 0,065, AvoidOOMGCWorkers: 0,365, LastGCWorkers: 3,000, HalfGCWorkers: 2,500, GCWorkers: 3,000
[2024-02-14T16:49:24.607+0100][debug][gc,director    ] Rule: Allocation Rate (Dynamic GC Workers), MaxAllocRate: 6221,7MB/s (+/-21,3%), Free: 13478MB, GCCPUTime: 0,656, GCDuration: 0,223s, TimeUntilOOM: 1,786s, TimeUntilGC: 1,463s, GCWorkers: 3 -> 3
[2024-02-14T16:49:24.607+0100][debug][gc,director    ] Rule: High Usage, Free: 13478MB(87,7%)
[2024-02-14T16:49:24.607+0100][debug][gc,director    ] Rule: Proactive, AcceptableGCInterval: 6,671s, TimeSinceLastGC: 0,478s, TimeUntilGC: 6,193s
[2024-02-14T16:49:24.707+0100][debug][gc,alloc       ] Allocation Rate: 4372,0MB/s, Predicted: 4388,1MB/s, Avg: 3230,2(+/-633,2)MB/s
[2024-02-14T16:49:24.708+0100][debug][gc,director    ] Select GC Workers (Unsteady), AvoidLongGCWorkers: 0,065, AvoidOOMGCWorkers: 0,395, LastGCWorkers: 3,000, HalfGCWorkers: 2,500, GCWorkers: 3,000
[2024-02-14T16:49:24.708+0100][debug][gc,director    ] Rule: Allocation Rate (Dynamic GC Workers), MaxAllocRate: 6471,7MB/s (+/-19,6%), Free: 12788MB, GCCPUTime: 0,656, GCDuration: 0,223s, TimeUntilOOM: 1,652s, TimeUntilGC: 1,329s, GCWorkers: 3 -> 3
[2024-02-14T16:49:24.708+0100][debug][gc,director    ] Rule: High Usage, Free: 12788MB(83,3%)
[2024-02-14T16:49:24.708+0100][debug][gc,director    ] Rule: Proactive, AcceptableGCInterval: 6,671s, TimeSinceLastGC: 0,578s, TimeUntilGC: 6,093s
[2024-02-14T16:49:24.808+0100][debug][gc,alloc       ] Allocation Rate: 3952,0MB/s, Predicted: 4450,7MB/s, Avg: 3387,2(+/-597,0)MB/s
[2024-02-14T16:49:24.808+0100][debug][gc,director    ] Select GC Workers (Unsteady), AvoidLongGCWorkers: 0,065, AvoidOOMGCWorkers: 0,393, LastGCWorkers: 3,000, HalfGCWorkers: 2,500, GCWorkers: 3,000
[2024-02-14T16:49:24.808+0100][debug][gc,director    ] Rule: Allocation Rate (Dynamic GC Workers), MaxAllocRate: 6415,3MB/s (+/-17,6%), Free: 12526MB, GCCPUTime: 0,656, GCDuration: 0,223s, TimeUntilOOM: 1,660s, TimeUntilGC: 1,337s, GCWorkers: 3 -> 3
[2024-02-14T16:49:24.808+0100][debug][gc,director    ] Rule: High Usage, Free: 12526MB(81,5%)
[2024-02-14T16:49:24.808+0100][debug][gc,director    ] Rule: Proactive, AcceptableGCInterval: 6,671s, TimeSinceLastGC: 0,678s, TimeUntilGC: 5,993s
[2024-02-14T16:49:24.908+0100][debug][gc,alloc       ] Allocation Rate: 3950,0MB/s, Predicted: 4444,0MB/s, Avg: 3530,4(+/-540,4)MB/s
[2024-02-14T16:49:24.908+0100][debug][gc,director    ] Select GC Workers (Unsteady), AvoidLongGCWorkers: 0,065, AvoidOOMGCWorkers: 0,382, LastGCWorkers: 3,000, HalfGCWorkers: 2,500, GCWorkers: 3,000
[2024-02-14T16:49:24.908+0100][debug][gc,director    ] Rule: Allocation Rate (Dynamic GC Workers), MaxAllocRate: 6222,4MB/s (+/-15,3%), Free: 12258MB, GCCPUTime: 0,656, GCDuration: 0,223s, TimeUntilOOM: 1,708s, TimeUntilGC: 1,386s, GCWorkers: 3 -> 3
[2024-02-14T16:49:24.908+0100][debug][gc,director    ] Rule: High Usage, Free: 12258MB(79,8%)
[2024-02-14T16:49:24.908+0100][debug][gc,director    ] Rule: Proactive, AcceptableGCInterval: 6,671s, TimeSinceLastGC: 0,778s, TimeUntilGC: 5,892s
[2024-02-14T16:49:25.007+0100][debug][gc,alloc       ] Allocation Rate: 4072,0MB/s, Predicted: 4425,9MB/s, Avg: 3672,6(+/-473,0)MB/s
[2024-02-14T16:49:25.007+0100][debug][gc,director    ] Select GC Workers (Try Lowering), AvoidLongGCWorkers: 0,065, AvoidOOMGCWorkers: 0,371, NextAvoidOOMGCWorkers: 0,310, LastGCWorkers: 3,000, GCWorkers: 1,000
[2024-02-14T16:49:25.007+0100][debug][gc,director    ] Rule: Allocation Rate (Dynamic GC Workers), MaxAllocRate: 5982,1MB/s (+/-12,9%), Free: 11870MB, GCCPUTime: 0,656, GCDuration: 0,656s, TimeUntilOOM: 1,758s, TimeUntilGC: 1,002s, GCWorkers: 3 -> 1
[2024-02-14T16:49:25.007+0100][debug][gc,director    ] Rule: High Usage, Free: 11870MB(77,3%)
[2024-02-14T16:49:25.007+0100][debug][gc,director    ] Rule: Proactive, AcceptableGCInterval: 6,671s, TimeSinceLastGC: 0,878s, TimeUntilGC: 5,793s
[2024-02-14T16:49:25.107+0100][debug][gc,alloc       ] Allocation Rate: 3954,0MB/s, Predicted: 4415,1MB/s, Avg: 3747,0(+/-452,4)MB/s
[2024-02-14T16:49:25.107+0100][debug][gc,director    ] Select GC Workers (Try Lowering), AvoidLongGCWorkers: 0,065, AvoidOOMGCWorkers: 0,382, NextAvoidOOMGCWorkers: 0,303, LastGCWorkers: 3,000, GCWorkers: 1,000
[2024-02-14T16:49:25.107+0100][debug][gc,director    ] Rule: Allocation Rate (Dynamic GC Workers), MaxAllocRate: 5903,7MB/s (+/-12,1%), Free: 11298MB, GCCPUTime: 0,656, GCDuration: 0,656s, TimeUntilOOM: 1,708s, TimeUntilGC: 0,951s, GCWorkers: 3 -> 1
[2024-02-14T16:49:25.107+0100][debug][gc,director    ] Rule: High Usage, Free: 11298MB(73,6%)
[2024-02-14T16:49:25.107+0100][debug][gc,director    ] Rule: Proactive, AcceptableGCInterval: 6,671s, TimeSinceLastGC: 0,978s, TimeUntilGC: 5,693s
[2024-02-14T16:49:25.208+0100][debug][gc,alloc       ] Allocation Rate: 3966,0MB/s, Predicted: 4262,4MB/s, Avg: 3859,0(+/-340,2)MB/s
[2024-02-14T16:49:25.208+0100][debug][gc,director    ] Select GC Workers (Try Lowering), AvoidLongGCWorkers: 0,065, AvoidOOMGCWorkers: 0,346, NextAvoidOOMGCWorkers: 0,268, LastGCWorkers: 3,000, GCWorkers: 1,000
[2024-02-14T16:49:25.208+0100][debug][gc,director    ] Rule: Allocation Rate (Dynamic GC Workers), MaxAllocRate: 5381,9MB/s (+/-8,8%), Free: 11028MB, GCCPUTime: 0,656, GCDuration: 0,656s, TimeUntilOOM: 1,883s, TimeUntilGC: 1,127s, GCWorkers: 3 -> 1
[2024-02-14T16:49:25.208+0100][debug][gc,director    ] Rule: High Usage, Free: 11028MB(71,8%)
[2024-02-14T16:49:25.208+0100][debug][gc,director    ] Rule: Proactive, AcceptableGCInterval: 6,671s, TimeSinceLastGC: 1,078s, TimeUntilGC: 5,593s
[2024-02-14T16:49:25.308+0100][info ][gc,stats       ] === Garbage Collection Statistics =======================================================================================================================
[2024-02-14T16:49:25.308+0100][info ][gc,stats       ]                                                              Last 10s              Last 10m              Last 10h                Total
[2024-02-14T16:49:25.308+0100][info ][gc,stats       ]                                                              Avg / Max             Avg / Max             Avg / Max             Avg / Max
[2024-02-14T16:49:25.308+0100][info ][gc,stats       ]   Collector: Garbage Collection Cycle                    262,357 / 527,469     250,438 / 623,071     250,438 / 623,071     250,438 / 623,071     ms
[2024-02-14T16:49:25.308+0100][info ][gc,stats       ]  Contention: Mark Segment Reset Contention                     0 / 0                 4 / 70                4 / 70                4 / 70          ops/s
[2024-02-14T16:49:25.308+0100][info ][gc,stats       ]  Contention: Mark SeqNum Reset Contention                      0 / 0                 0 / 0                 0 / 0                 0 / 0           ops/s
[2024-02-14T16:49:25.308+0100][info ][gc,stats       ]    Critical: Allocation Stall                                  0 / 0                 0 / 0                 0 / 0                 0 / 0           ops/s
[2024-02-14T16:49:25.308+0100][info ][gc,stats       ]    Critical: Allocation Stall                              0,000 / 0,000         0,000 / 0,000         0,000 / 0,000         0,000 / 0,000       ms
[2024-02-14T16:49:25.308+0100][info ][gc,stats       ]    Critical: GC Locker Stall                                   0 / 0                 0 / 1                 0 / 1                 0 / 1           ops/s
[2024-02-14T16:49:25.308+0100][info ][gc,stats       ]    Critical: GC Locker Stall                               0,000 / 0,000         0,094 / 0,094         0,094 / 0,094         0,094 / 0,094       ms
[2024-02-14T16:49:25.308+0100][info ][gc,stats       ]    Critical: Relocation Stall                                  0 / 0                 0 / 0                 0 / 0                 0 / 0           ops/s
[2024-02-14T16:49:25.308+0100][info ][gc,stats       ]    Critical: Relocation Stall                              0,000 / 0,000         0,000 / 0,000         0,000 / 0,000         0,000 / 0,000       ms
[2024-02-14T16:49:25.308+0100][debug][gc,alloc       ] Allocation Rate: 3964,0MB/s, Predicted: 4072,1MB/s, Avg: 3956,6(+/-177,3)MB/s
[2024-02-14T16:49:25.308+0100][debug][gc,director    ] Select GC Workers (Try Lowering), AvoidLongGCWorkers: 0,065, AvoidOOMGCWorkers: 0,295, NextAvoidOOMGCWorkers: 0,228, LastGCWorkers: 3,000, GCWorkers: 1,000
[2024-02-14T16:49:25.308+0100][debug][gc,director    ] Rule: Allocation Rate (Dynamic GC Workers), MaxAllocRate: 4655,7MB/s (+/-4,5%), Free: 10764MB, GCCPUTime: 0,656, GCDuration: 0,656s, TimeUntilOOM: 2,213s, TimeUntilGC: 1,457s, GCWorkers: 3 -> 1
[2024-02-14T16:49:25.308+0100][debug][gc,director    ] Rule: High Usage, Free: 10764MB(70,1%)
[2024-02-14T16:49:25.308+0100][debug][gc,director    ] Rule: Proactive, AcceptableGCInterval: 6,671s, TimeSinceLastGC: 1,178s, TimeUntilGC: 5,493s
[2024-02-14T16:49:25.308+0100][info ][gc,stats       ]      Memory: Allocation Rate                                2380 / 3964           1734 / 3964           1734 / 3964           1734 / 3964        MB/s
[2024-02-14T16:49:25.308+0100][info ][gc,stats       ]      Memory: Defragment                                        0 / 0                 0 / 0                 0 / 0                 0 / 0           ops/s
[2024-02-14T16:49:25.308+0100][info ][gc,stats       ]      Memory: Out Of Memory                                     0 / 0                 0 / 0                 0 / 0                 0 / 0           ops/s
[2024-02-14T16:49:25.308+0100][info ][gc,stats       ]      Memory: Page Cache Flush                                  0 / 0                 0 / 0                 0 / 0                 0 / 0           MB/s
[2024-02-14T16:49:25.308+0100][info ][gc,stats       ]      Memory: Page Cache Hit L1                              1160 / 1982            663 / 1982            663 / 1982            663 / 1982        ops/s
[2024-02-14T16:49:25.308+0100][info ][gc,stats       ]      Memory: Page Cache Hit L2                                 0 / 0                 0 / 0                 0 / 0                 0 / 0           ops/s
[2024-02-14T16:49:25.308+0100][info ][gc,stats       ]      Memory: Page Cache Hit L3                                 0 / 0                90 / 915              90 / 915              90 / 915         ops/s
[2024-02-14T16:49:25.308+0100][info ][gc,stats       ]      Memory: Page Cache Miss                                  30 / 177             121 / 600             121 / 600             121 / 600         ops/s
[2024-02-14T16:49:25.308+0100][info ][gc,stats       ]      Memory: Uncommit                                          0 / 0                 0 / 0                 0 / 0                 0 / 0           MB/s
[2024-02-14T16:49:25.308+0100][info ][gc,stats       ]      Memory: Undo Object Allocation Failed                     0 / 0                 0 / 0                 0 / 0                 0 / 0           ops/s
[2024-02-14T16:49:25.308+0100][info ][gc,stats       ]      Memory: Undo Object Allocation Succeeded                  0 / 6                 0 / 6                 0 / 6                 0 / 6           ops/s
[2024-02-14T16:49:25.308+0100][info ][gc,stats       ]      Memory: Undo Page Allocation                              0 / 0                 1 / 17                1 / 17                1 / 17          ops/s
[2024-02-14T16:49:25.308+0100][info ][gc,stats       ]       Phase: Concurrent Mark                             234,249 / 489,090     214,413 / 580,975     214,413 / 580,975     214,413 / 580,975     ms
[2024-02-14T16:49:25.308+0100][info ][gc,stats       ]       Phase: Concurrent Mark Continue                      0,000 / 0,000         0,000 / 0,000         0,000 / 0,000         0,000 / 0,000       ms
[2024-02-14T16:49:25.308+0100][info ][gc,stats       ]       Phase: Concurrent Mark Free                          0,062 / 0,113         0,046 / 0,113         0,046 / 0,113         0,046 / 0,113       ms
[2024-02-14T16:49:25.308+0100][info ][gc,stats       ]       Phase: Concurrent Process Non-Strong References     10,930 / 15,155        8,699 / 15,565        8,699 / 15,565        8,699 / 15,565      ms
[2024-02-14T16:49:25.308+0100][info ][gc,stats       ]       Phase: Concurrent Relocate                          13,692 / 20,373       19,300 / 80,437       19,300 / 80,437       19,300 / 80,437      ms
[2024-02-14T16:49:25.308+0100][info ][gc,stats       ]       Phase: Concurrent Reset Relocation Set               0,062 / 0,089         0,043 / 0,089         0,043 / 0,089         0,043 / 0,089       ms
[2024-02-14T16:49:25.308+0100][info ][gc,stats       ]       Phase: Concurrent Select Relocation Set              2,075 / 2,555         6,541 / 24,137        6,541 / 24,137        6,541 / 24,137      ms
[2024-02-14T16:49:25.308+0100][info ][gc,stats       ]       Phase: Pause Mark End                                0,051 / 0,067         0,052 / 0,067         0,052 / 0,067         0,052 / 0,067       ms
[2024-02-14T16:49:25.308+0100][info ][gc,stats       ]       Phase: Pause Mark Start                              0,082 / 0,101         0,104 / 0,144         0,104 / 0,144         0,104 / 0,144       ms
[2024-02-14T16:49:25.308+0100][info ][gc,stats       ]       Phase: Pause Relocate Start                          0,040 / 0,048         0,044 / 0,054         0,044 / 0,054         0,044 / 0,054       ms
[2024-02-14T16:49:25.308+0100][info ][gc,stats       ]    Subphase: Concurrent Classes Purge                      0,224 / 0,413         1,791 / 5,566         1,791 / 5,566         1,791 / 5,566       ms
[2024-02-14T16:49:25.308+0100][info ][gc,stats       ]    Subphase: Concurrent Classes Unlink                     3,831 / 5,241         2,798 / 6,276         2,798 / 6,276         2,798 / 6,276       ms
[2024-02-14T16:49:25.308+0100][info ][gc,stats       ]    Subphase: Concurrent Mark                             144,750 / 486,543     141,404 / 578,370     141,404 / 578,370     141,404 / 578,370     ms
[2024-02-14T16:49:25.308+0100][info ][gc,stats       ]    Subphase: Concurrent Mark Try Flush                     0,177 / 0,331         0,560 / 16,348        0,560 / 16,348        0,560 / 16,348      ms
[2024-02-14T16:49:25.308+0100][info ][gc,stats       ]    Subphase: Concurrent Mark Try Terminate                 0,770 / 1,171         0,875 / 1,262         0,875 / 1,262         0,875 / 1,262       ms
[2024-02-14T16:49:25.308+0100][info ][gc,stats       ]    Subphase: Concurrent References Enqueue                 0,010 / 0,012         0,010 / 0,012         0,010 / 0,012         0,010 / 0,012       ms
[2024-02-14T16:49:25.308+0100][info ][gc,stats       ]    Subphase: Concurrent References Process                 5,800 / 8,497         3,250 / 8,497         3,250 / 8,497         3,250 / 8,497       ms
[2024-02-14T16:49:25.308+0100][info ][gc,stats       ]    Subphase: Concurrent Roots ClassLoaderDataGraph         0,102 / 0,198         0,087 / 0,310         0,087 / 0,310         0,087 / 0,310       ms
[2024-02-14T16:49:25.308+0100][info ][gc,stats       ]    Subphase: Concurrent Roots CodeCache                    0,000 / 0,000         0,000 / 0,000         0,000 / 0,000         0,000 / 0,000       ms
[2024-02-14T16:49:25.308+0100][info ][gc,stats       ]    Subphase: Concurrent Roots JavaThreads                  0,950 / 1,842         0,696 / 1,932         0,696 / 1,932         0,696 / 1,932       ms
[2024-02-14T16:49:25.308+0100][info ][gc,stats       ]    Subphase: Concurrent Roots OopStorageSet                0,048 / 0,085         0,212 / 0,964         0,212 / 0,964         0,212 / 0,964       ms
[2024-02-14T16:49:25.308+0100][info ][gc,stats       ]    Subphase: Concurrent Weak Roots OopStorageSet           0,363 / 0,778         0,246 / 0,778         0,246 / 0,778         0,246 / 0,778       ms
[2024-02-14T16:49:25.308+0100][info ][gc,stats       ]    Subphase: Pause Mark Try Complete                       0,000 / 0,000         0,000 / 0,000         0,000 / 0,000         0,000 / 0,000       ms
[2024-02-14T16:49:25.308+0100][info ][gc,stats       ]      System: Java Threads                                     40 / 41               37 / 46               37 / 46               37 / 46          threads
[2024-02-14T16:49:25.308+0100][info ][gc,stats       ] =========================================================================================================================================================
[2024-02-14T16:49:25.407+0100][debug][gc,alloc       ] Allocation Rate: 3902,0MB/s, Predicted: 3965,9MB/s, Avg: 3982,8(+/-145,1)MB/s
[2024-02-14T16:49:25.407+0100][debug][gc,director    ] Select GC Workers (Try Lowering), AvoidLongGCWorkers: 0,065, AvoidOOMGCWorkers: 0,299, NextAvoidOOMGCWorkers: 0,223, LastGCWorkers: 3,000, GCWorkers: 1,000
[2024-02-14T16:49:25.407+0100][debug][gc,director    ] Rule: Allocation Rate (Dynamic GC Workers), MaxAllocRate: 4460,1MB/s (+/-3,6%), Free: 10080MB, GCCPUTime: 0,656, GCDuration: 0,656s, TimeUntilOOM: 2,181s, TimeUntilGC: 1,425s, GCWorkers: 3 -> 1
[2024-02-14T16:49:25.407+0100][debug][gc,director    ] Rule: High Usage, Free: 10080MB(65,6%)
[2024-02-14T16:49:25.407+0100][debug][gc,director    ] Rule: Proactive, AcceptableGCInterval: 6,671s, TimeSinceLastGC: 1,278s, TimeUntilGC: 5,393s
[2024-02-14T16:49:25.507+0100][debug][gc,alloc       ] Allocation Rate: 3950,0MB/s, Predicted: 3904,0MB/s, Avg: 3997,8(+/-132,6)MB/s
[2024-02-14T16:49:25.507+0100][debug][gc,director    ] Select GC Workers (Try Lowering), AvoidLongGCWorkers: 0,065, AvoidOOMGCWorkers: 0,305, NextAvoidOOMGCWorkers: 0,218, LastGCWorkers: 3,000, GCWorkers: 1,000
[2024-02-14T16:49:25.507+0100][debug][gc,director    ] Rule: Allocation Rate (Dynamic GC Workers), MaxAllocRate: 4434,1MB/s (+/-3,3%), Free: 9800MB, GCCPUTime: 0,656, GCDuration: 0,656s, TimeUntilOOM: 2,139s, TimeUntilGC: 1,383s, GCWorkers: 3 -> 1
[2024-02-14T16:49:25.507+0100][debug][gc,director    ] Rule: High Usage, Free: 9800MB(63,8%)
[2024-02-14T16:49:25.507+0100][debug][gc,director    ] Rule: Proactive, AcceptableGCInterval: 6,671s, TimeSinceLastGC: 1,378s, TimeUntilGC: 5,293s
[2024-02-14T16:49:25.608+0100][debug][gc,alloc       ] Allocation Rate: 3944,0MB/s, Predicted: 3855,3MB/s, Avg: 4002,6(+/-129,7)MB/s
[2024-02-14T16:49:25.608+0100][debug][gc,director    ] Select GC Workers (Try Lowering), AvoidLongGCWorkers: 0,065, AvoidOOMGCWorkers: 0,313, NextAvoidOOMGCWorkers: 0,215, LastGCWorkers: 3,000, GCWorkers: 1,000
[2024-02-14T16:49:25.608+0100][debug][gc,director    ] Rule: Allocation Rate (Dynamic GC Workers), MaxAllocRate: 4429,2MB/s (+/-3,2%), Free: 9534MB, GCCPUTime: 0,656, GCDuration: 0,656s, TimeUntilOOM: 2,085s, TimeUntilGC: 1,329s, GCWorkers: 3 -> 1
[2024-02-14T16:49:25.608+0100][debug][gc,director    ] Rule: High Usage, Free: 9534MB(62,1%)
[2024-02-14T16:49:25.608+0100][debug][gc,director    ] Rule: Proactive, AcceptableGCInterval: 6,671s, TimeSinceLastGC: 1,478s, TimeUntilGC: 5,193s
[2024-02-14T16:49:25.708+0100][debug][gc,alloc       ] Allocation Rate: 3952,0MB/s, Predicted: 3933,6MB/s, Avg: 3960,6(+/-40,7)MB/s
[2024-02-14T16:49:25.708+0100][debug][gc,director    ] Select GC Workers (Try Lowering), AvoidLongGCWorkers: 0,065, AvoidOOMGCWorkers: 0,305, NextAvoidOOMGCWorkers: 0,205, LastGCWorkers: 3,000, GCWorkers: 1,000
[2024-02-14T16:49:25.708+0100][debug][gc,director    ] Rule: Allocation Rate (Dynamic GC Workers), MaxAllocRate: 4094,6MB/s (+/-1,0%), Free: 8836MB, GCCPUTime: 0,656, GCDuration: 0,656s, TimeUntilOOM: 2,136s, TimeUntilGC: 1,380s, GCWorkers: 3 -> 1
[2024-02-14T16:49:25.708+0100][debug][gc,director    ] Rule: High Usage, Free: 8836MB(57,5%)
[2024-02-14T16:49:25.708+0100][debug][gc,director    ] Rule: Proactive, AcceptableGCInterval: 6,671s, TimeSinceLastGC: 1,578s, TimeUntilGC: 5,093s
[2024-02-14T16:49:25.808+0100][debug][gc,alloc       ] Allocation Rate: 3966,0MB/s, Predicted: 3933,5MB/s, Avg: 3962,0(+/-40,6)MB/s
[2024-02-14T16:49:25.808+0100][debug][gc,director    ] Select GC Workers (Try Lowering), AvoidLongGCWorkers: 0,065, AvoidOOMGCWorkers: 0,315, NextAvoidOOMGCWorkers: 0,203, LastGCWorkers: 3,000, GCWorkers: 1,000
[2024-02-14T16:49:25.808+0100][debug][gc,director    ] Rule: Allocation Rate (Dynamic GC Workers), MaxAllocRate: 4095,7MB/s (+/-1,0%), Free: 8558MB, GCCPUTime: 0,656, GCDuration: 0,656s, TimeUntilOOM: 2,068s, TimeUntilGC: 1,312s, GCWorkers: 3 -> 1
[2024-02-14T16:49:25.808+0100][debug][gc,director    ] Rule: High Usage, Free: 8558MB(55,7%)
[2024-02-14T16:49:25.808+0100][debug][gc,director    ] Rule: Proactive, AcceptableGCInterval: 6,671s, TimeSinceLastGC: 1,678s, TimeUntilGC: 4,992s
[2024-02-14T16:49:25.907+0100][debug][gc,alloc       ] Allocation Rate: 3970,0MB/s, Predicted: 3933,5MB/s, Avg: 3964,0(+/-40,5)MB/s
[2024-02-14T16:49:25.907+0100][debug][gc,director    ] Select GC Workers (Try Lowering), AvoidLongGCWorkers: 0,065, AvoidOOMGCWorkers: 0,326, NextAvoidOOMGCWorkers: 0,201, LastGCWorkers: 3,000, GCWorkers: 1,000
[2024-02-14T16:49:25.907+0100][debug][gc,director    ] Rule: Allocation Rate (Dynamic GC Workers), MaxAllocRate: 4097,2MB/s (+/-1,0%), Free: 8288MB, GCCPUTime: 0,656, GCDuration: 0,656s, TimeUntilOOM: 2,002s, TimeUntilGC: 1,246s, GCWorkers: 3 -> 1
[2024-02-14T16:49:25.907+0100][debug][gc,director    ] Rule: High Usage, Free: 8288MB(54,0%)
[2024-02-14T16:49:25.907+0100][debug][gc,director    ] Rule: Proactive, AcceptableGCInterval: 6,671s, TimeSinceLastGC: 1,778s, TimeUntilGC: 4,893s
[2024-02-14T16:49:26.007+0100][debug][gc,alloc       ] Allocation Rate: 4280,0MB/s, Predicted: 4088,7MB/s, Avg: 3984,8(+/-100,1)MB/s
[2024-02-14T16:49:26.007+0100][debug][gc,director    ] Select GC Workers (Try Lowering), AvoidLongGCWorkers: 0,065, AvoidOOMGCWorkers: 0,389, NextAvoidOOMGCWorkers: 0,216, LastGCWorkers: 3,000, GCWorkers: 1,000
[2024-02-14T16:49:26.007+0100][debug][gc,director    ] Rule: Allocation Rate (Dynamic GC Workers), MaxAllocRate: 4418,1MB/s (+/-2,5%), Free: 7590MB, GCCPUTime: 0,656, GCDuration: 0,656s, TimeUntilOOM: 1,676s, TimeUntilGC: 0,920s, GCWorkers: 3 -> 1
[2024-02-14T16:49:26.007+0100][debug][gc,director    ] Rule: High Usage, Free: 7590MB(49,4%)
[2024-02-14T16:49:26.007+0100][debug][gc,director    ] Rule: Proactive, AcceptableGCInterval: 6,671s, TimeSinceLastGC: 1,878s, TimeUntilGC: 4,793s
[2024-02-14T16:49:26.108+0100][debug][gc,alloc       ] Allocation Rate: 3976,0MB/s, Predicted: 4076,9MB/s, Avg: 3987,0(+/-99,7)MB/s
[2024-02-14T16:49:26.108+0100][debug][gc,director    ] Select GC Workers (Try Lowering), AvoidLongGCWorkers: 0,065, AvoidOOMGCWorkers: 0,402, NextAvoidOOMGCWorkers: 0,212, LastGCWorkers: 3,000, GCWorkers: 1,000
[2024-02-14T16:49:26.108+0100][debug][gc,director    ] Rule: Allocation Rate (Dynamic GC Workers), MaxAllocRate: 4404,9MB/s (+/-2,5%), Free: 7322MB, GCCPUTime: 0,656, GCDuration: 0,656s, TimeUntilOOM: 1,622s, TimeUntilGC: 0,866s, GCWorkers: 3 -> 1
[2024-02-14T16:49:26.108+0100][debug][gc,director    ] Rule: High Usage, Free: 7322MB(47,7%)
[2024-02-14T16:49:26.108+0100][debug][gc,director    ] Rule: Proactive, AcceptableGCInterval: 6,671s, TimeSinceLastGC: 1,978s, TimeUntilGC: 4,693s
[2024-02-14T16:49:26.208+0100][debug][gc,alloc       ] Allocation Rate: 3978,0MB/s, Predicted: 4067,7MB/s, Avg: 3988,2(+/-99,5)MB/s
[2024-02-14T16:49:26.208+0100][debug][gc,director    ] Select GC Workers (Try Lowering), AvoidLongGCWorkers: 0,065, AvoidOOMGCWorkers: 0,417, NextAvoidOOMGCWorkers: 0,209, LastGCWorkers: 3,000, GCWorkers: 1,000
[2024-02-14T16:49:26.208+0100][debug][gc,director    ] Rule: Allocation Rate (Dynamic GC Workers), MaxAllocRate: 4395,1MB/s (+/-2,5%), Free: 7050MB, GCCPUTime: 0,656, GCDuration: 0,656s, TimeUntilOOM: 1,565s, TimeUntilGC: 0,809s, GCWorkers: 3 -> 1
[2024-02-14T16:49:26.208+0100][debug][gc,director    ] Rule: High Usage, Free: 7050MB(45,9%)
[2024-02-14T16:49:26.208+0100][debug][gc,director    ] Rule: Proactive, AcceptableGCInterval: 6,671s, TimeSinceLastGC: 2,078s, TimeUntilGC: 4,593s
[2024-02-14T16:49:26.307+0100][debug][gc,alloc       ] Allocation Rate: 4428,0MB/s, Predicted: 4237,2MB/s, Avg: 4034,6(+/-164,4)MB/s
[2024-02-14T16:49:26.307+0100][debug][gc,director    ] Select GC Workers (Try Lowering), AvoidLongGCWorkers: 0,065, AvoidOOMGCWorkers: 0,513, NextAvoidOOMGCWorkers: 0,223, LastGCWorkers: 3,000, GCWorkers: 1,000
[2024-02-14T16:49:26.307+0100][debug][gc,director    ] Rule: Allocation Rate (Dynamic GC Workers), MaxAllocRate: 4778,2MB/s (+/-4,1%), Free: 6336MB, GCCPUTime: 0,656, GCDuration: 0,656s, TimeUntilOOM: 1,274s, TimeUntilGC: 0,518s, GCWorkers: 3 -> 1
[2024-02-14T16:49:26.307+0100][debug][gc,director    ] Rule: High Usage, Free: 6336MB(41,2%)
[2024-02-14T16:49:26.307+0100][debug][gc,director    ] Rule: Proactive, AcceptableGCInterval: 6,671s, TimeSinceLastGC: 2,178s, TimeUntilGC: 4,493s
[2024-02-14T16:49:26.407+0100][debug][gc,alloc       ] Allocation Rate: 4002,0MB/s, Predicted: 4188,8MB/s, Avg: 4044,6(+/-159,0)MB/s
[2024-02-14T16:49:26.407+0100][debug][gc,director    ] Select GC Workers (Try Lowering), AvoidLongGCWorkers: 0,065, AvoidOOMGCWorkers: 0,526, NextAvoidOOMGCWorkers: 0,218, LastGCWorkers: 3,000, GCWorkers: 1,000
[2024-02-14T16:49:26.407+0100][debug][gc,director    ] Rule: Allocation Rate (Dynamic GC Workers), MaxAllocRate: 4711,9MB/s (+/-3,9%), Free: 6078MB, GCCPUTime: 0,656, GCDuration: 0,656s, TimeUntilOOM: 1,241s, TimeUntilGC: 0,485s, GCWorkers: 3 -> 1
[2024-02-14T16:49:26.407+0100][debug][gc,director    ] Rule: High Usage, Free: 6078MB(39,6%)
[2024-02-14T16:49:26.407+0100][debug][gc,director    ] Rule: Proactive, AcceptableGCInterval: 6,671s, TimeSinceLastGC: 2,278s, TimeUntilGC: 4,393s
[2024-02-14T16:49:26.508+0100][debug][gc,alloc       ] Allocation Rate: 3996,0MB/s, Predicted: 4144,1MB/s, Avg: 4049,2(+/-156,8)MB/s
[2024-02-14T16:49:26.508+0100][debug][gc,director    ] Select GC Workers (Try Lowering), AvoidLongGCWorkers: 0,065, AvoidOOMGCWorkers: 0,545, NextAvoidOOMGCWorkers: 0,214, LastGCWorkers: 3,000, GCWorkers: 1,000
[2024-02-14T16:49:26.508+0100][debug][gc,director    ] Rule: Allocation Rate (Dynamic GC Workers), MaxAllocRate: 4660,2MB/s (+/-3,9%), Free: 5804MB, GCCPUTime: 0,656, GCDuration: 0,656s, TimeUntilOOM: 1,199s, TimeUntilGC: 0,443s, GCWorkers: 3 -> 1
[2024-02-14T16:49:26.508+0100][debug][gc,director    ] Rule: High Usage, Free: 5804MB(37,8%)
[2024-02-14T16:49:26.508+0100][debug][gc,director    ] Rule: Proactive, AcceptableGCInterval: 6,671s, TimeSinceLastGC: 2,378s, TimeUntilGC: 4,293s
[2024-02-14T16:49:26.608+0100][debug][gc,alloc       ] Allocation Rate: 4468,0MB/s, Predicted: 4283,6MB/s, Avg: 4101,6(+/-195,7)MB/s
[2024-02-14T16:49:26.608+0100][debug][gc,director    ] Select GC Workers (Try Lowering), AvoidLongGCWorkers: 0,065, AvoidOOMGCWorkers: 0,667, NextAvoidOOMGCWorkers: 0,223, LastGCWorkers: 3,000, GCWorkers: 1,000
[2024-02-14T16:49:26.608+0100][debug][gc,director    ] Rule: Allocation Rate (Dynamic GC Workers), MaxAllocRate: 4927,4MB/s (+/-4,8%), Free: 5066MB, GCCPUTime: 0,656, GCDuration: 0,656s, TimeUntilOOM: 0,981s, TimeUntilGC: 0,225s, GCWorkers: 3 -> 1
[2024-02-14T16:49:26.608+0100][debug][gc,director    ] Rule: High Usage, Free: 5066MB(33,0%)
[2024-02-14T16:49:26.608+0100][debug][gc,director    ] Rule: Proactive, AcceptableGCInterval: 6,671s, TimeSinceLastGC: 2,478s, TimeUntilGC: 4,193s
[2024-02-14T16:49:26.707+0100][debug][gc,alloc       ] Allocation Rate: 4016,0MB/s, Predicted: 4209,5MB/s, Avg: 4108,0(+/-191,7)MB/s
[2024-02-14T16:49:26.707+0100][debug][gc,director    ] Select GC Workers (Try Lowering), AvoidLongGCWorkers: 0,065, AvoidOOMGCWorkers: 0,688, NextAvoidOOMGCWorkers: 0,217, LastGCWorkers: 3,000, GCWorkers: 1,000
[2024-02-14T16:49:26.707+0100][debug][gc,director    ] Rule: Allocation Rate (Dynamic GC Workers), MaxAllocRate: 4840,2MB/s (+/-4,7%), Free: 4820MB, GCCPUTime: 0,656, GCDuration: 0,656s, TimeUntilOOM: 0,951s, TimeUntilGC: 0,195s, GCWorkers: 3 -> 1
[2024-02-14T16:49:26.707+0100][debug][gc,director    ] Rule: High Usage, Free: 4820MB(31,4%)
[2024-02-14T16:49:26.707+0100][debug][gc,director    ] Rule: Proactive, AcceptableGCInterval: 6,671s, TimeSinceLastGC: 2,577s, TimeUntilGC: 4,093s
[2024-02-14T16:49:26.807+0100][debug][gc,alloc       ] Allocation Rate: 4022,0MB/s, Predicted: 4137,2MB/s, Avg: 4113,6(+/-188,2)MB/s
[2024-02-14T16:49:26.807+0100][debug][gc,director    ] Select GC Workers (Try Lowering), AvoidLongGCWorkers: 0,065, AvoidOOMGCWorkers: 0,717, NextAvoidOOMGCWorkers: 0,213, LastGCWorkers: 3,000, GCWorkers: 1,000
[2024-02-14T16:49:26.807+0100][debug][gc,director    ] Rule: Allocation Rate (Dynamic GC Workers), MaxAllocRate: 4756,6MB/s (+/-4,6%), Free: 4538MB, GCCPUTime: 0,656, GCDuration: 0,656s, TimeUntilOOM: 0,912s, TimeUntilGC: 0,156s, GCWorkers: 3 -> 1
[2024-02-14T16:49:26.807+0100][debug][gc,director    ] Rule: High Usage, Free: 4536MB(29,5%)
[2024-02-14T16:49:26.807+0100][debug][gc,director    ] Rule: Proactive, AcceptableGCInterval: 6,671s, TimeSinceLastGC: 2,678s, TimeUntilGC: 3,993s
[2024-02-14T16:49:26.907+0100][debug][gc,alloc       ] Allocation Rate: 4486,0MB/s, Predicted: 4247,9MB/s, Avg: 4165,2(+/-211,1)MB/s
[2024-02-14T16:49:26.907+0100][debug][gc,director    ] Select GC Workers (Try Lowering), AvoidLongGCWorkers: 0,065, AvoidOOMGCWorkers: 0,896, NextAvoidOOMGCWorkers: 0,219, LastGCWorkers: 3,000, GCWorkers: 1,000
[2024-02-14T16:49:26.907+0100][debug][gc,director    ] Rule: Allocation Rate (Dynamic GC Workers), MaxAllocRate: 4942,6MB/s (+/-5,1%), Free: 3800MB, GCCPUTime: 0,656, GCDuration: 0,656s, TimeUntilOOM: 0,732s, TimeUntilGC: -0,024s, GCWorkers: 3 -> 1
[2024-02-14T16:49:26.907+0100][debug][gc,heap        ] GC(9) Heap before GC invocations=9 (full 9):
[2024-02-14T16:49:26.907+0100][debug][gc,heap        ] GC(9)  ZHeap           used 11518M, capacity 11946M, max capacity 15360M
[2024-02-14T16:49:26.907+0100][debug][gc,heap        ] GC(9)  Metaspace       used 31134K, committed 31552K, reserved 1114112K
[2024-02-14T16:49:26.907+0100][debug][gc,heap        ] GC(9)   class space    used 3305K, committed 3520K, reserved 1048576K
[2024-02-14T16:49:26.908+0100][info ][gc,start       ] GC(9) Garbage Collection (Allocation Rate)
[2024-02-14T16:49:26.908+0100][info ][gc,task        ] GC(9) Using 1 workers
[2024-02-14T16:49:26.908+0100][debug][gc,jni         ] Setting _needs_gc. Thread "VM Thread" 3 locked.
[2024-02-14T16:49:26.908+0100][debug][gc,jni         ] Performing GC after exiting critical section. Thread "ForkJoinPool.commonPool-worker-1" 0 locked.
[2024-02-14T16:49:26.908+0100][debug][gc             ] GC(9) GC Locker Stall (XDriver) 0,093ms
[2024-02-14T16:49:26.908+0100][debug][gc,phases,start] GC(9) Pause Mark Start
[2024-02-14T16:49:26.908+0100][debug][gc,marking     ] GC(9) Using 1 mark stripes
[2024-02-14T16:49:26.908+0100][debug][gc,marking     ] GC(9) Mark Worker/Stripe Distribution
[2024-02-14T16:49:26.908+0100][debug][gc,marking     ] GC(9)   Worker 0(1) -> Stripe 0(1)
[2024-02-14T16:49:26.908+0100][info ][gc,phases      ] GC(9) Pause Mark Start 0,035ms
[2024-02-14T16:49:26.908+0100][debug][gc,phases,start] GC(9) Concurrent Mark
[2024-02-14T16:49:26.908+0100][debug][gc,task        ] GC(9) Executing Task: XMarkRootsTask, Active Workers: 1
[2024-02-14T16:49:26.910+0100][debug][gc,tlab        ] GC(9) TLAB totals: thrds: 28  refills: 44891 max: 26646 slow allocs: 6165 max 487 waste:  0,9% gc: 2239464B max: 262064B slow: 102016576B max: 35661496B
[2024-02-14T16:49:26.910+0100][debug][gc,task        ] GC(9) Executing Task: XMarkTask, Active Workers: 1
[2024-02-14T16:49:26.982+0100][info ][gc,phases      ] GC(9) Concurrent Mark 73,619ms
[2024-02-14T16:49:26.982+0100][debug][gc,phases,start] GC(9) Pause Mark End
[2024-02-14T16:49:26.982+0100][info ][gc,phases      ] GC(9) Pause Mark End 0,034ms
[2024-02-14T16:49:26.982+0100][debug][gc,phases,start] GC(9) Concurrent Mark Free
[2024-02-14T16:49:26.982+0100][info ][gc,phases      ] GC(9) Concurrent Mark Free 0,020ms
[2024-02-14T16:49:26.982+0100][debug][gc,phases,start] GC(9) Concurrent Process Non-Strong References
[2024-02-14T16:49:26.982+0100][debug][gc,phases,start] GC(9) Concurrent References Process
[2024-02-14T16:49:26.982+0100][debug][gc,task        ] GC(9) Executing Task: XReferenceProcessorTask, Active Workers: 1
[2024-02-14T16:49:26.989+0100][debug][gc,phases      ] GC(9) Concurrent References Process 7,319ms
[2024-02-14T16:49:26.989+0100][debug][gc,task        ] GC(9) Executing Task: XProcessWeakRootsTask, Active Workers: 1
[2024-02-14T16:49:26.990+0100][debug][gc,phases,start] GC(9) Concurrent Classes Unlink
[2024-02-14T16:49:26.990+0100][debug][gc,phases,start] GC(9) ClassLoaderData
[2024-02-14T16:49:26.990+0100][debug][gc,phases      ] GC(9) ClassLoaderData 0,031ms
[2024-02-14T16:49:26.990+0100][debug][gc,phases,start] GC(9) Trigger cleanups
[2024-02-14T16:49:26.990+0100][debug][gc,phases      ] GC(9) Trigger cleanups 0,007ms
[2024-02-14T16:49:26.990+0100][debug][gc,task        ] GC(9) Executing Task: XNMethodUnlinkTask, Active Workers: 1
[2024-02-14T16:49:26.994+0100][debug][gc,phases      ] GC(9) Concurrent Classes Unlink 4,528ms
[2024-02-14T16:49:26.995+0100][debug][gc,phases,start] GC(9) Concurrent Classes Purge
[2024-02-14T16:49:26.995+0100][debug][gc,nmethod     ] GC(9) Unregister NMethod: io.sirix.node.NodeKind.deserializeStructDel (0x00007f9f0c18a110)
[2024-02-14T16:49:26.995+0100][debug][gc,nmethod     ] GC(9) Unregister NMethod: io.sirix.io.filechannel.FileChannelWriter.getOffset (0x00007f9f0bfdbd10)
[2024-02-14T16:49:26.995+0100][debug][gc,nmethod     ] GC(9) Unregister NMethod: io.sirix.node.NodeKind.deserializeNodeDelegateWithoutIDs (0x00007f9f0c182f10)
[2024-02-14T16:49:26.995+0100][debug][gc,nmethod     ] GC(9) Unregister NMethod: io.sirix.node.delegates.StructNodeDelegate.<init> (0x00007f9f0c181290)
[2024-02-14T16:49:26.995+0100][debug][gc,nmethod     ] GC(9) Unregister NMethod: io.sirix.node.delegates.NameNodeDelegate.<init> (0x00007f9f0c0bcb90)
[2024-02-14T16:49:26.995+0100][debug][gc,nmethod     ] GC(9) Unregister NMethod: it.unimi.dsi.fastutil.ints.Int2LongOpenHashMap.put (0x00007f9f0becb290)
[2024-02-14T16:49:26.995+0100][debug][gc,nmethod     ] GC(9) Unregister NMethod: net.openhft.chronicle.core.util.StringUtils.isEqual (0x00007f9f0c167b90)
[2024-02-14T16:49:26.995+0100][debug][gc,nmethod     ] GC(9) Unregister NMethod: io.sirix.page.delegates.FullReferencesPage.commit (0x00007f9f0bfea010)
[2024-02-14T16:49:26.995+0100][debug][gc,nmethod     ] GC(9) Unregister NMethod: io.sirix.node.NodeKind$13.deserialize (0x00007f9f0c187d10)
[2024-02-14T16:49:26.995+0100][debug][gc,nmethod     ] GC(9) Unregister NMethod: io.sirix.axis.pathsummary.LevelOrderSettingInMemoryInstancesAxis.nextNode (0x00007f9f0c18fa10)
[2024-02-14T16:49:26.995+0100][debug][gc,nmethod     ] GC(9) Unregister NMethod: java.util.concurrent.CountedCompleter.propagateCompletion (0x00007f9f0bbbc290)
[2024-02-14T16:49:26.995+0100][debug][gc,nmethod     ] GC(9) Unregister NMethod: java.util.ArrayList.clear (0x00007f9f0baaa110)
[2024-02-14T16:49:26.995+0100][debug][gc,nmethod     ] GC(9) Unregister NMethod: io.sirix.page.delegates.FullReferencesPage.commit (0x00007f9f0c095590)
[2024-02-14T16:49:26.995+0100][debug][gc,nmethod     ] GC(9) Unregister NMethod: io.sirix.page.delegates.BitmapReferencesPage.createNewReference (0x00007f9f0bfb9810)
[2024-02-14T16:49:26.995+0100][debug][gc,nmethod     ] GC(9) Unregister NMethod: java.nio.MappedByteBuffer.rewind (0x00007f9f0c157b10)
[2024-02-14T16:49:26.995+0100][debug][gc,nmethod     ] GC(9) Unregister NMethod: io.sirix.index.path.summary.PathNode.<init> (0x00007f9f0c0c0910)
[2024-02-14T16:49:26.995+0100][debug][gc,nmethod     ] GC(9) Unregister NMethod: java.util.stream.Sink$ChainedReference.begin (0x00007f9f0bd5fb10)
[2024-02-14T16:49:26.995+0100][debug][gc,nmethod     ] GC(9) Unregister NMethod: io.sirix.page.SerializationType$1.deserializeFullReferencesPage (0x00007f9f0bb6b990)
[2024-02-14T16:49:26.995+0100][debug][gc,nmethod     ] GC(9) Unregister NMethod: net.openhft.chronicle.bytes.AbstractBytes.readSkip (0x00007f9f0c0c3d10)
[2024-02-14T16:49:26.995+0100][debug][gc,nmethod     ] GC(9) Unregister NMethod: net.openhft.chronicle.bytes.AbstractBytes.peekUnsignedByte (0x00007f9f0c0c2410)
[2024-02-14T16:49:26.995+0100][debug][gc,nmethod     ] GC(9) Unregister NMethod: net.openhft.chronicle.core.util.StringUtils.charAt (0x00007f9f0c165090)
[2024-02-14T16:49:26.995+0100][debug][gc,nmethod     ] GC(9) Unregister NMethod: java.io.ByteArrayInputStream.close (0x00007f9f0bc1c190)
[2024-02-14T16:49:26.995+0100][debug][gc,nmethod     ] GC(9) Unregister NMethod: java.util.concurrent.ForkJoinPool$WorkQueue.push (0x00007f9f0c14fc10)
[2024-02-14T16:49:26.995+0100][debug][gc,nmethod     ] GC(9) Unregister NMethod: io.sirix.page.SerializationType$1.deserializeFullReferencesPage (0x00007f9f2b71cd90)
[2024-02-14T16:49:26.995+0100][debug][gc,nmethod     ] GC(9) Unregister NMethod: io.sirix.io.filechannel.FileChannelWriter.write (0x00007f9f0bfe0a90)
[2024-02-14T16:49:26.995+0100][debug][gc,nmethod     ] GC(9) Unregister NMethod: it.unimi.dsi.fastutil.ints.Int2IntOpenHashMap.put (0x00007f9f0bf0fc90)
[2024-02-14T16:49:26.995+0100][debug][gc,nmethod     ] GC(9) Unregister NMethod: io.brackit.query.atomic.QNm.hashCode (0x00007f9f0bfa2410)
[2024-02-14T16:49:26.995+0100][debug][gc,nmethod     ] GC(9) Unregister NMethod: io.sirix.page.SerializationType$1.deserializeFullReferencesPage (0x00007f9f0be75910)
[2024-02-14T16:49:26.995+0100][debug][gc,nmethod     ] GC(9) Unregister NMethod: java.util.BitSet.set (0x00007f9f0bfb8990)
[2024-02-14T16:49:26.995+0100][debug][gc,nmethod     ] GC(9) Unregister NMethod: java.nio.MappedByteBuffer.limit (0x00007f9f0c157610)
[2024-02-14T16:49:26.995+0100][debug][gc,phases      ] GC(9) Concurrent Classes Purge 0,315ms
[2024-02-14T16:49:26.995+0100][debug][gc,phases,start] GC(9) Concurrent References Enqueue
[2024-02-14T16:49:26.995+0100][debug][gc,phases      ] GC(9) Concurrent References Enqueue 0,008ms
[2024-02-14T16:49:26.995+0100][info ][gc,phases      ] GC(9) Concurrent Process Non-Strong References 13,005ms
[2024-02-14T16:49:26.995+0100][debug][gc,phases,start] GC(9) Concurrent Reset Relocation Set
[2024-02-14T16:49:26.995+0100][info ][gc,phases      ] GC(9) Concurrent Reset Relocation Set 0,024ms
[2024-02-14T16:49:26.995+0100][debug][gc,phases,start] GC(9) Concurrent Select Relocation Set
[2024-02-14T16:49:26.997+0100][debug][gc,task        ] GC(9) Executing Task: XRelocationSetInstallTask, Active Workers: 1
[2024-02-14T16:49:26.998+0100][info ][gc,phases      ] GC(9) Concurrent Select Relocation Set 3,363ms
[2024-02-14T16:49:26.999+0100][debug][gc,phases,start] GC(9) Pause Relocate Start
[2024-02-14T16:49:26.999+0100][info ][gc,phases      ] GC(9) Pause Relocate Start 0,034ms
[2024-02-14T16:49:26.999+0100][debug][gc,phases,start] GC(9) Concurrent Relocate
[2024-02-14T16:49:26.999+0100][debug][gc,task        ] GC(9) Executing Task: XRelocateTask, Active Workers: 1
[2024-02-14T16:49:27.008+0100][debug][gc,alloc       ] Allocation Rate: 4004,0MB/s, Predicted: 4214,0MB/s, Avg: 4137,6(+/-212,3)MB/s
[2024-02-14T16:49:27.026+0100][info ][gc,phases      ] GC(9) Concurrent Relocate 27,665ms
[2024-02-14T16:49:27.026+0100][debug][gc,heap        ] GC(9) Heap after GC invocations=10 (full 10):
[2024-02-14T16:49:27.026+0100][debug][gc,heap        ] GC(9)  ZHeap           used 436M, capacity 11946M, max capacity 15360M
[2024-02-14T16:49:27.026+0100][debug][gc,heap        ] GC(9)  Metaspace       used 31145K, committed 31616K, reserved 1114112K
[2024-02-14T16:49:27.026+0100][debug][gc,heap        ] GC(9)   class space    used 3305K, committed 3520K, reserved 1048576K
[2024-02-14T16:49:27.026+0100][info ][gc,load        ] GC(9) Load: 1,82/1,29/1,56
[2024-02-14T16:49:27.026+0100][info ][gc,mmu         ] GC(9) MMU: 2ms/92,8%, 5ms/97,1%, 10ms/98,6%, 20ms/99,1%, 50ms/99,6%, 100ms/99,8%
[2024-02-14T16:49:27.026+0100][info ][gc,marking     ] GC(9) Mark: 1 stripe(s), 2 proactive flush(es), 1 terminate flush(es), 0 completion(s), 0 continuation(s) 
[2024-02-14T16:49:27.026+0100][info ][gc,marking     ] GC(9) Mark Stack Usage: 32M
[2024-02-14T16:49:27.027+0100][info ][gc,nmethod     ] GC(9) NMethods: 3791 registered, 1095 unregistered
[2024-02-14T16:49:27.027+0100][info ][gc,metaspace   ] GC(9) Metaspace: 30M used, 30M committed, 1088M reserved
[2024-02-14T16:49:27.027+0100][info ][gc,ref         ] GC(9) Soft: 3825 encountered, 0 discovered, 0 enqueued
[2024-02-14T16:49:27.027+0100][info ][gc,ref         ] GC(9) Weak: 1901 encountered, 140 discovered, 0 enqueued
[2024-02-14T16:49:27.027+0100][info ][gc,ref         ] GC(9) Final: 18841 encountered, 18838 discovered, 18834 enqueued
[2024-02-14T16:49:27.027+0100][info ][gc,ref         ] GC(9) Phantom: 19272 encountered, 19122 discovered, 18889 enqueued
[2024-02-14T16:49:27.027+0100][info ][gc,reloc       ] GC(9) Small Pages: 5744 / 11488M, Empty: 5638M, Relocated: 123M, In-Place: 0
[2024-02-14T16:49:27.027+0100][info ][gc,reloc       ] GC(9) Medium Pages: 1 / 32M, Empty: 0M, Relocated: 0M, In-Place: 0
[2024-02-14T16:49:27.027+0100][info ][gc,reloc       ] GC(9) Large Pages: 0 / 0M, Empty: 0M, Relocated: 0M, In-Place: 0
[2024-02-14T16:49:27.027+0100][info ][gc,reloc       ] GC(9) Forwarding Usage: 5M
[2024-02-14T16:49:27.027+0100][info ][gc,heap        ] GC(9) Min Capacity: 5120M(33%)
[2024-02-14T16:49:27.027+0100][info ][gc,heap        ] GC(9) Max Capacity: 15360M(100%)
[2024-02-14T16:49:27.027+0100][info ][gc,heap        ] GC(9) Soft Max Capacity: 15360M(100%)
[2024-02-14T16:49:27.027+0100][info ][gc,heap        ] GC(9)                Mark Start          Mark End        Relocate Start      Relocate End           High               Low         
[2024-02-14T16:49:27.027+0100][info ][gc,heap        ] GC(9)  Capacity:    11946M (78%)       11946M (78%)       11946M (78%)       11946M (78%)       11946M (78%)       11946M (78%)    
[2024-02-14T16:49:27.027+0100][info ][gc,heap        ] GC(9)      Free:     3840M (25%)        3696M (24%)        9292M (60%)       14924M (97%)       14926M (97%)        3662M (24%)    
[2024-02-14T16:49:27.027+0100][info ][gc,heap        ] GC(9)      Used:    11520M (75%)       11664M (76%)        6068M (40%)         436M (3%)        11698M (76%)         434M (3%)     
[2024-02-14T16:49:27.027+0100][info ][gc,heap        ] GC(9)      Live:         -               141M (1%)          141M (1%)          141M (1%)             -                  -          
[2024-02-14T16:49:27.027+0100][info ][gc,heap        ] GC(9) Allocated:         -               144M (1%)          186M (1%)          260M (2%)             -                  -          
[2024-02-14T16:49:27.027+0100][info ][gc,heap        ] GC(9)   Garbage:         -             11378M (74%)        5740M (37%)          34M (0%)             -                  -          
[2024-02-14T16:49:27.027+0100][info ][gc,heap        ] GC(9) Reclaimed:         -                  -              5638M (37%)       11344M (74%)            -                  -          
[2024-02-14T16:49:27.027+0100][info ][gc             ] GC(9) Garbage Collection (Allocation Rate) 11520M(75%)->436M(3%)
[2024-02-14T16:49:27.108+0100][debug][gc,alloc       ] Allocation Rate: 4002,0MB/s, Predicted: 4116,7MB/s, Avg: 4140,2(+/-210,5)MB/s
[2024-02-14T16:49:27.108+0100][debug][gc,director    ] Select GC Workers (Normal), AvoidLongGCWorkers: 0,040, AvoidOOMGCWorkers: 0,140, LastGCWorkers: 1,000, GCWorkers: 0,140
[2024-02-14T16:49:27.108+0100][debug][gc,director    ] Rule: Allocation Rate (Dynamic GC Workers), MaxAllocRate: 4832,9MB/s (+/-5,1%), Free: 14666MB, GCCPUTime: 0,410, GCDuration: 0,410s, TimeUntilOOM: 2,888s, TimeUntilGC: 2,378s, GCWorkers: 1 -> 1
[2024-02-14T16:49:27.108+0100][debug][gc,director    ] Rule: High Usage, Free: 14666MB(95,5%)
[2024-02-14T16:49:27.108+0100][debug][gc,director    ] Rule: Proactive, UsedUntilEnabled: 1320MB, TimeUntilEnabled: 299,919s
[2024-02-14T16:49:27.207+0100][debug][gc,alloc       ] Allocation Rate: 3996,0MB/s, Predicted: 4015,7MB/s, Avg: 4142,0(+/-209,2)MB/s
[2024-02-14T16:49:27.207+0100][debug][gc,director    ] Select GC Workers (Normal), AvoidLongGCWorkers: 0,040, AvoidOOMGCWorkers: 0,143, LastGCWorkers: 1,000, GCWorkers: 0,143
[2024-02-14T16:49:27.207+0100][debug][gc,director    ] Rule: Allocation Rate (Dynamic GC Workers), MaxAllocRate: 4830,3MB/s (+/-5,1%), Free: 14400MB, GCCPUTime: 0,410, GCDuration: 0,410s, TimeUntilOOM: 2,838s, TimeUntilGC: 2,328s, GCWorkers: 1 -> 1
[2024-02-14T16:49:27.207+0100][debug][gc,director    ] Rule: High Usage, Free: 14400MB(93,8%)
[2024-02-14T16:49:27.207+0100][debug][gc,director    ] Rule: Proactive, UsedUntilEnabled: 1054MB, TimeUntilEnabled: 299,819s
[2024-02-14T16:49:27.307+0100][debug][gc,alloc       ] Allocation Rate: 3970,0MB/s, Predicted: 4023,2MB/s, Avg: 4096,2(+/-190,9)MB/s
[2024-02-14T16:49:27.307+0100][debug][gc,director    ] Select GC Workers (Normal), AvoidLongGCWorkers: 0,040, AvoidOOMGCWorkers: 0,146, LastGCWorkers: 1,000, GCWorkers: 0,146
[2024-02-14T16:49:27.307+0100][debug][gc,director    ] Rule: Allocation Rate (Dynamic GC Workers), MaxAllocRate: 4724,3MB/s (+/-4,7%), Free: 13712MB, GCCPUTime: 0,410, GCDuration: 0,410s, TimeUntilOOM: 2,773s, TimeUntilGC: 2,263s, GCWorkers: 1 -> 1
[2024-02-14T16:49:27.307+0100][debug][gc,director    ] Rule: High Usage, Free: 13712MB(89,3%)
[2024-02-14T16:49:27.307+0100][debug][gc,director    ] Rule: Proactive, UsedUntilEnabled: 366MB, TimeUntilEnabled: 299,719s
[2024-02-14T16:49:27.407+0100][debug][gc,alloc       ] Allocation Rate: 3984,0MB/s, Predicted: 3953,2MB/s, Avg: 4094,4(+/-191,8)MB/s
[2024-02-14T16:49:27.408+0100][debug][gc,director    ] Select GC Workers (Normal), AvoidLongGCWorkers: 0,040, AvoidOOMGCWorkers: 0,149, LastGCWorkers: 1,000, GCWorkers: 0,149
[2024-02-14T16:49:27.408+0100][debug][gc,director    ] Rule: Allocation Rate (Dynamic GC Workers), MaxAllocRate: 4725,7MB/s (+/-4,7%), Free: 13440MB, GCCPUTime: 0,410, GCDuration: 0,410s, TimeUntilOOM: 2,717s, TimeUntilGC: 2,207s, GCWorkers: 1 -> 1
[2024-02-14T16:49:27.408+0100][debug][gc,director    ] Rule: High Usage, Free: 13440MB(87,5%)
[2024-02-14T16:49:27.408+0100][debug][gc,director    ] Rule: Proactive, UsedUntilEnabled: 94MB, TimeUntilEnabled: 299,619s
[2024-02-14T16:49:27.508+0100][debug][gc,alloc       ] Allocation Rate: 3988,0MB/s, Predicted: 3884,4MB/s, Avg: 4093,6(+/-192,3)MB/s
[2024-02-14T16:49:27.508+0100][debug][gc,director    ] Select GC Workers (Normal), AvoidLongGCWorkers: 0,040, AvoidOOMGCWorkers: 0,152, LastGCWorkers: 1,000, GCWorkers: 0,152
[2024-02-14T16:49:27.508+0100][debug][gc,director    ] Rule: Allocation Rate (Dynamic GC Workers), MaxAllocRate: 4726,3MB/s (+/-4,7%), Free: 13160MB, GCCPUTime: 0,410, GCDuration: 0,410s, TimeUntilOOM: 2,660s, TimeUntilGC: 2,150s, GCWorkers: 1 -> 1
[2024-02-14T16:49:27.508+0100][debug][gc,director    ] Rule: High Usage, Free: 13160MB(85,7%)
[2024-02-14T16:49:27.508+0100][debug][gc,director    ] Rule: Proactive, AcceptableGCInterval: 4,226s, TimeSinceLastGC: 0,482s, TimeUntilGC: 3,744s
[2024-02-14T16:49:27.608+0100][debug][gc,alloc       ] Allocation Rate: 3946,0MB/s, Predicted: 3925,2MB/s, Avg: 4041,4(+/-149,7)MB/s
[2024-02-14T16:49:27.608+0100][debug][gc,director    ] Select GC Workers (Normal), AvoidLongGCWorkers: 0,040, AvoidOOMGCWorkers: 0,153, LastGCWorkers: 1,000, GCWorkers: 0,153
[2024-02-14T16:49:27.608+0100][debug][gc,director    ] Rule: Allocation Rate (Dynamic GC Workers), MaxAllocRate: 4533,9MB/s (+/-3,7%), Free: 12466MB, GCCPUTime: 0,410, GCDuration: 0,410s, TimeUntilOOM: 2,651s, TimeUntilGC: 2,142s, GCWorkers: 1 -> 1
[2024-02-14T16:49:27.608+0100][debug][gc,director    ] Rule: High Usage, Free: 12466MB(81,2%)
[2024-02-14T16:49:27.608+0100][debug][gc,director    ] Rule: Proactive, AcceptableGCInterval: 4,226s, TimeSinceLastGC: 0,581s, TimeUntilGC: 3,645s
[2024-02-14T16:49:27.708+0100][debug][gc,alloc       ] Allocation Rate: 3976,0MB/s, Predicted: 3892,3MB/s, Avg: 4037,4(+/-150,8)MB/s
[2024-02-14T16:49:27.708+0100][debug][gc,director    ] Select GC Workers (Normal), AvoidLongGCWorkers: 0,040, AvoidOOMGCWorkers: 0,156, LastGCWorkers: 1,000, GCWorkers: 0,156
[2024-02-14T16:49:27.708+0100][debug][gc,director    ] Rule: Allocation Rate (Dynamic GC Workers), MaxAllocRate: 4533,7MB/s (+/-3,7%), Free: 12190MB, GCCPUTime: 0,410, GCDuration: 0,410s, TimeUntilOOM: 2,592s, TimeUntilGC: 2,082s, GCWorkers: 1 -> 1
[2024-02-14T16:49:27.708+0100][debug][gc,director    ] Rule: High Usage, Free: 12190MB(79,4%)
[2024-02-14T16:49:27.708+0100][debug][gc,director    ] Rule: Proactive, AcceptableGCInterval: 4,226s, TimeSinceLastGC: 0,681s, TimeUntilGC: 3,545s
[2024-02-14T16:49:27.808+0100][debug][gc,alloc       ] Allocation Rate: 3970,0MB/s, Predicted: 3861,2MB/s, Avg: 4032,2(+/-152,2)MB/s
[2024-02-14T16:49:27.808+0100][debug][gc,director    ] Select GC Workers (Normal), AvoidLongGCWorkers: 0,040, AvoidOOMGCWorkers: 0,160, LastGCWorkers: 1,000, GCWorkers: 0,160
[2024-02-14T16:49:27.808+0100][debug][gc,director    ] Rule: Allocation Rate (Dynamic GC Workers), MaxAllocRate: 4532,9MB/s (+/-3,8%), Free: 11914MB, GCCPUTime: 0,410, GCDuration: 0,410s, TimeUntilOOM: 2,533s, TimeUntilGC: 2,023s, GCWorkers: 1 -> 1
[2024-02-14T16:49:27.808+0100][debug][gc,director    ] Rule: High Usage, Free: 11914MB(77,6%)
[2024-02-14T16:49:27.808+0100][debug][gc,director    ] Rule: Proactive, AcceptableGCInterval: 4,226s, TimeSinceLastGC: 0,782s, TimeUntilGC: 3,445s
[2024-02-14T16:49:27.907+0100][debug][gc,alloc       ] Allocation Rate: 3926,0MB/s, Predicted: 3939,7MB/s, Avg: 3976,2(+/-23,5)MB/s
[2024-02-14T16:49:27.907+0100][debug][gc,director    ] Select GC Workers (Normal), AvoidLongGCWorkers: 0,040, AvoidOOMGCWorkers: 0,147, LastGCWorkers: 1,000, GCWorkers: 0,147
[2024-02-14T16:49:27.907+0100][debug][gc,director    ] Rule: Allocation Rate (Dynamic GC Workers), MaxAllocRate: 4053,6MB/s (+/-0,6%), Free: 11222MB, GCCPUTime: 0,410, GCDuration: 0,410s, TimeUntilOOM: 2,752s, TimeUntilGC: 2,242s, GCWorkers: 1 -> 1
[2024-02-14T16:49:27.907+0100][debug][gc,director    ] Rule: High Usage, Free: 11222MB(73,1%)
[2024-02-14T16:49:27.907+0100][debug][gc,director    ] Rule: Proactive, AcceptableGCInterval: 4,226s, TimeSinceLastGC: 0,881s, TimeUntilGC: 3,346s
[2024-02-14T16:49:28.007+0100][debug][gc,alloc       ] Allocation Rate: 3986,0MB/s, Predicted: 3951,1MB/s, Avg: 3974,4(+/-22,0)MB/s
[2024-02-14T16:49:28.008+0100][debug][gc,director    ] Select GC Workers (Normal), AvoidLongGCWorkers: 0,040, AvoidOOMGCWorkers: 0,151, LastGCWorkers: 1,000, GCWorkers: 0,151
[2024-02-14T16:49:28.008+0100][debug][gc,director    ] Rule: Allocation Rate (Dynamic GC Workers), MaxAllocRate: 4046,7MB/s (+/-0,6%), Free: 10946MB, GCCPUTime: 0,410, GCDuration: 0,410s, TimeUntilOOM: 2,690s, TimeUntilGC: 2,180s, GCWorkers: 1 -> 1
[2024-02-14T16:49:28.008+0100][debug][gc,director    ] Rule: High Usage, Free: 10946MB(71,3%)
[2024-02-14T16:49:28.008+0100][debug][gc,director    ] Rule: Proactive, AcceptableGCInterval: 4,226s, TimeSinceLastGC: 0,981s, TimeUntilGC: 3,245s
[2024-02-14T16:49:28.108+0100][debug][gc,alloc       ] Allocation Rate: 3992,0MB/s, Predicted: 3965,5MB/s, Avg: 3973,4(+/-20,9)MB/s
[2024-02-14T16:49:28.108+0100][debug][gc,director    ] Select GC Workers (Normal), AvoidLongGCWorkers: 0,040, AvoidOOMGCWorkers: 0,154, LastGCWorkers: 1,000, GCWorkers: 0,154
[2024-02-14T16:49:28.108+0100][debug][gc,director    ] Rule: Allocation Rate (Dynamic GC Workers), MaxAllocRate: 4042,2MB/s (+/-0,5%), Free: 10672MB, GCCPUTime: 0,410, GCDuration: 0,410s, TimeUntilOOM: 2,626s, TimeUntilGC: 2,117s, GCWorkers: 1 -> 1
[2024-02-14T16:49:28.108+0100][debug][gc,director    ] Rule: High Usage, Free: 10672MB(69,5%)
[2024-02-14T16:49:28.108+0100][debug][gc,director    ] Rule: Proactive, AcceptableGCInterval: 4,226s, TimeSinceLastGC: 1,082s, TimeUntilGC: 3,144s
[2024-02-14T16:49:28.208+0100][debug][gc,alloc       ] Allocation Rate: 4450,0MB/s, Predicted: 4162,1MB/s, Avg: 4018,8(+/-145,0)MB/s
[2024-02-14T16:49:28.208+0100][debug][gc,director    ] Select GC Workers (Normal), AvoidLongGCWorkers: 0,040, AvoidOOMGCWorkers: 0,196, LastGCWorkers: 1,000, GCWorkers: 0,196
[2024-02-14T16:49:28.208+0100][debug][gc,director    ] Rule: Allocation Rate (Dynamic GC Workers), MaxAllocRate: 4639,4MB/s (+/-3,6%), Free: 9950MB, GCCPUTime: 0,410, GCDuration: 0,410s, TimeUntilOOM: 2,070s, TimeUntilGC: 1,560s, GCWorkers: 1 -> 1
[2024-02-14T16:49:28.208+0100][debug][gc,director    ] Rule: High Usage, Free: 9950MB(64,8%)
[2024-02-14T16:49:28.208+0100][debug][gc,director    ] Rule: Proactive, AcceptableGCInterval: 4,226s, TimeSinceLastGC: 1,182s, TimeUntilGC: 3,045s
[2024-02-14T16:49:28.307+0100][debug][gc,alloc       ] Allocation Rate: 3992,0MB/s, Predicted: 4138,4MB/s, Avg: 4021,0(+/-144,5)MB/s
[2024-02-14T16:49:28.307+0100][debug][gc,director    ] Select GC Workers (Normal), AvoidLongGCWorkers: 0,040, AvoidOOMGCWorkers: 0,199, LastGCWorkers: 1,000, GCWorkers: 0,199
[2024-02-14T16:49:28.307+0100][debug][gc,director    ] Rule: Allocation Rate (Dynamic GC Workers), MaxAllocRate: 4613,7MB/s (+/-3,6%), Free: 9720MB, GCCPUTime: 0,410, GCDuration: 0,410s, TimeUntilOOM: 2,034s, TimeUntilGC: 1,524s, GCWorkers: 1 -> 1
[2024-02-14T16:49:28.307+0100][debug][gc,director    ] Rule: High Usage, Free: 9720MB(63,3%)
[2024-02-14T16:49:28.307+0100][debug][gc,director    ] Rule: Proactive, AcceptableGCInterval: 4,226s, TimeSinceLastGC: 1,281s, TimeUntilGC: 2,946s
[2024-02-14T16:49:28.408+0100][debug][gc,alloc       ] Allocation Rate: 3978,0MB/s, Predicted: 4111,3MB/s, Avg: 4020,4(+/-144,6)MB/s
[2024-02-14T16:49:28.408+0100][debug][gc,director    ] Select GC Workers (Normal), AvoidLongGCWorkers: 0,040, AvoidOOMGCWorkers: 0,204, LastGCWorkers: 1,000, GCWorkers: 0,204
[2024-02-14T16:49:28.408+0100][debug][gc,director    ] Rule: Allocation Rate (Dynamic GC Workers), MaxAllocRate: 4587,2MB/s (+/-3,6%), Free: 9462MB, GCCPUTime: 0,410, GCDuration: 0,410s, TimeUntilOOM: 1,991s, TimeUntilGC: 1,481s, GCWorkers: 1 -> 1
[2024-02-14T16:49:28.408+0100][debug][gc,director    ] Rule: High Usage, Free: 9462MB(61,6%)
[2024-02-14T16:49:28.408+0100][debug][gc,director    ] Rule: Proactive, AcceptableGCInterval: 4,226s, TimeSinceLastGC: 1,381s, TimeUntilGC: 2,845s
[2024-02-14T16:49:28.508+0100][debug][gc,alloc       ] Allocation Rate: 4186,0MB/s, Predicted: 4168,9MB/s, Avg: 4040,2(+/-152,2)MB/s
[2024-02-14T16:49:28.508+0100][debug][gc,director    ] Select GC Workers (Normal), AvoidLongGCWorkers: 0,040, AvoidOOMGCWorkers: 0,219, LastGCWorkers: 1,000, GCWorkers: 0,219
[2024-02-14T16:49:28.508+0100][debug][gc,director    ] Rule: Allocation Rate (Dynamic GC Workers), MaxAllocRate: 4669,7MB/s (+/-3,8%), Free: 8974MB, GCCPUTime: 0,410, GCDuration: 0,410s, TimeUntilOOM: 1,852s, TimeUntilGC: 1,342s, GCWorkers: 1 -> 1
[2024-02-14T16:49:28.508+0100][debug][gc,director    ] Rule: High Usage, Free: 8974MB(58,4%)
[2024-02-14T16:49:28.508+0100][debug][gc,director    ] Rule: Proactive, AcceptableGCInterval: 4,226s, TimeSinceLastGC: 1,482s, TimeUntilGC: 2,745s
[2024-02-14T16:49:28.607+0100][debug][gc,alloc       ] Allocation Rate: 3968,0MB/s, Predicted: 4114,9MB/s, Avg: 4042,4(+/-151,0)MB/s
[2024-02-14T16:49:28.607+0100][debug][gc,director    ] Select GC Workers (Normal), AvoidLongGCWorkers: 0,040, AvoidOOMGCWorkers: 0,228, LastGCWorkers: 1,000, GCWorkers: 0,228
[2024-02-14T16:49:28.607+0100][debug][gc,director    ] Rule: Allocation Rate (Dynamic GC Workers), MaxAllocRate: 4611,7MB/s (+/-3,7%), Free: 8498MB, GCCPUTime: 0,410, GCDuration: 0,410s, TimeUntilOOM: 1,776s, TimeUntilGC: 1,267s, GCWorkers: 1 -> 1
[2024-02-14T16:49:28.607+0100][debug][gc,director    ] Rule: High Usage, Free: 8498MB(55,3%)
[2024-02-14T16:49:28.607+0100][debug][gc,director    ] Rule: Proactive, AcceptableGCInterval: 4,226s, TimeSinceLastGC: 1,581s, TimeUntilGC: 2,646s
[2024-02-14T16:49:28.707+0100][debug][gc,alloc       ] Allocation Rate: 3960,0MB/s, Predicted: 4064,3MB/s, Avg: 4040,8(+/-151,7)MB/s
[2024-02-14T16:49:28.708+0100][debug][gc,director    ] Select GC Workers (Normal), AvoidLongGCWorkers: 0,040, AvoidOOMGCWorkers: 0,233, LastGCWorkers: 1,000, GCWorkers: 0,233
[2024-02-14T16:49:28.708+0100][debug][gc,director    ] Rule: Allocation Rate (Dynamic GC Workers), MaxAllocRate: 4563,6MB/s (+/-3,8%), Free: 8230MB, GCCPUTime: 0,410, GCDuration: 0,410s, TimeUntilOOM: 1,738s, TimeUntilGC: 1,228s, GCWorkers: 1 -> 1
[2024-02-14T16:49:28.708+0100][debug][gc,director    ] Rule: High Usage, Free: 8230MB(53,6%)
[2024-02-14T16:49:28.708+0100][debug][gc,director    ] Rule: Proactive, AcceptableGCInterval: 4,226s, TimeSinceLastGC: 1,681s, TimeUntilGC: 2,545s
[2024-02-14T16:49:28.808+0100][debug][gc,alloc       ] Allocation Rate: 3960,0MB/s, Predicted: 4013,1MB/s, Avg: 4039,8(+/-152,2)MB/s
[2024-02-14T16:49:28.808+0100][debug][gc,director    ] Select GC Workers (Normal), AvoidLongGCWorkers: 0,040, AvoidOOMGCWorkers: 0,240, LastGCWorkers: 1,000, GCWorkers: 0,240
[2024-02-14T16:49:28.808+0100][debug][gc,director    ] Rule: Allocation Rate (Dynamic GC Workers), MaxAllocRate: 4540,7MB/s (+/-3,8%), Free: 7952MB, GCCPUTime: 0,410, GCDuration: 0,410s, TimeUntilOOM: 1,688s, TimeUntilGC: 1,178s, GCWorkers: 1 -> 1
[2024-02-14T16:49:28.808+0100][debug][gc,director    ] Rule: High Usage, Free: 7952MB(51,8%)
[2024-02-14T16:49:28.808+0100][debug][gc,director    ] Rule: Proactive, AcceptableGCInterval: 4,226s, TimeSinceLastGC: 1,781s, TimeUntilGC: 2,445s
[2024-02-14T16:49:28.908+0100][debug][gc,alloc       ] Allocation Rate: 3968,0MB/s, Predicted: 3954,0MB/s, Avg: 4044,0(+/-149,6)MB/s
[2024-02-14T16:49:28.908+0100][debug][gc,director    ] Select GC Workers (Normal), AvoidLongGCWorkers: 0,040, AvoidOOMGCWorkers: 0,263, LastGCWorkers: 1,000, GCWorkers: 0,263
[2024-02-14T16:49:28.908+0100][debug][gc,director    ] Rule: Allocation Rate (Dynamic GC Workers), MaxAllocRate: 4536,3MB/s (+/-3,7%), Free: 7254MB, GCCPUTime: 0,410, GCDuration: 0,410s, TimeUntilOOM: 1,542s, TimeUntilGC: 1,032s, GCWorkers: 1 -> 1
[2024-02-14T16:49:28.908+0100][debug][gc,director    ] Rule: High Usage, Free: 7254MB(47,2%)
[2024-02-14T16:49:28.908+0100][debug][gc,director    ] Rule: Proactive, AcceptableGCInterval: 4,226s, TimeSinceLastGC: 1,882s, TimeUntilGC: 2,345s
[2024-02-14T16:49:29.007+0100][debug][gc,alloc       ] Allocation Rate: 3958,0MB/s, Predicted: 3904,1MB/s, Avg: 4041,2(+/-150,9)MB/s
[2024-02-14T16:49:29.007+0100][debug][gc,director    ] Select GC Workers (Normal), AvoidLongGCWorkers: 0,040, AvoidOOMGCWorkers: 0,273, LastGCWorkers: 1,000, GCWorkers: 0,273
[2024-02-14T16:49:29.007+0100][debug][gc,director    ] Rule: Allocation Rate (Dynamic GC Workers), MaxAllocRate: 4537,8MB/s (+/-3,7%), Free: 6988MB, GCCPUTime: 0,410, GCDuration: 0,410s, TimeUntilOOM: 1,485s, TimeUntilGC: 0,975s, GCWorkers: 1 -> 1
[2024-02-14T16:49:29.007+0100][debug][gc,director    ] Rule: High Usage, Free: 6988MB(45,5%)
[2024-02-14T16:49:29.007+0100][debug][gc,director    ] Rule: Proactive, AcceptableGCInterval: 4,226s, TimeSinceLastGC: 1,981s, TimeUntilGC: 2,246s
[2024-02-14T16:49:29.107+0100][debug][gc,alloc       ] Allocation Rate: 3950,0MB/s, Predicted: 3854,5MB/s, Avg: 4037,0(+/-152,8)MB/s
[2024-02-14T16:49:29.107+0100][debug][gc,director    ] Select GC Workers (Normal), AvoidLongGCWorkers: 0,040, AvoidOOMGCWorkers: 0,284, LastGCWorkers: 1,000, GCWorkers: 0,284
[2024-02-14T16:49:29.107+0100][debug][gc,director    ] Rule: Allocation Rate (Dynamic GC Workers), MaxAllocRate: 4539,8MB/s (+/-3,8%), Free: 6724MB, GCCPUTime: 0,410, GCDuration: 0,410s, TimeUntilOOM: 1,427s, TimeUntilGC: 0,917s, GCWorkers: 1 -> 1
[2024-02-14T16:49:29.108+0100][debug][gc,director    ] Rule: High Usage, Free: 6724MB(43,8%)
[2024-02-14T16:49:29.108+0100][debug][gc,director    ] Rule: Proactive, AcceptableGCInterval: 4,226s, TimeSinceLastGC: 2,081s, TimeUntilGC: 2,145s
[2024-02-14T16:49:29.208+0100][debug][gc,alloc       ] Allocation Rate: 3906,0MB/s, Predicted: 3912,3MB/s, Avg: 3982,6(+/-71,0)MB/s
[2024-02-14T16:49:29.208+0100][debug][gc,director    ] Select GC Workers (Normal), AvoidLongGCWorkers: 0,040, AvoidOOMGCWorkers: 0,288, LastGCWorkers: 1,000, GCWorkers: 0,288
[2024-02-14T16:49:29.208+0100][debug][gc,director    ] Rule: Allocation Rate (Dynamic GC Workers), MaxAllocRate: 4216,4MB/s (+/-1,8%), Free: 6044MB, GCCPUTime: 0,410, GCDuration: 0,410s, TimeUntilOOM: 1,408s, TimeUntilGC: 0,899s, GCWorkers: 1 -> 1
[2024-02-14T16:49:29.208+0100][debug][gc,director    ] Rule: High Usage, Free: 6044MB(39,3%)
[2024-02-14T16:49:29.208+0100][debug][gc,director    ] Rule: Proactive, AcceptableGCInterval: 4,226s, TimeSinceLastGC: 2,181s, TimeUntilGC: 2,045s
[2024-02-14T16:49:29.308+0100][debug][gc,alloc       ] Allocation Rate: 3948,0MB/s, Predicted: 3900,9MB/s, Avg: 3978,2(+/-71,7)MB/s
[2024-02-14T16:49:29.308+0100][debug][gc,director    ] Select GC Workers (Normal), AvoidLongGCWorkers: 0,040, AvoidOOMGCWorkers: 0,302, LastGCWorkers: 1,000, GCWorkers: 0,302
[2024-02-14T16:49:29.308+0100][debug][gc,director    ] Rule: Allocation Rate (Dynamic GC Workers), MaxAllocRate: 4214,1MB/s (+/-1,8%), Free: 5772MB, GCCPUTime: 0,410, GCDuration: 0,410s, TimeUntilOOM: 1,345s, TimeUntilGC: 0,836s, GCWorkers: 1 -> 1
[2024-02-14T16:49:29.308+0100][debug][gc,director    ] Rule: High Usage, Free: 5772MB(37,6%)
[2024-02-14T16:49:29.308+0100][debug][gc,director    ] Rule: Proactive, AcceptableGCInterval: 4,226s, TimeSinceLastGC: 2,282s, TimeUntilGC: 1,945s
[2024-02-14T16:49:29.407+0100][debug][gc,alloc       ] Allocation Rate: 3966,0MB/s, Predicted: 3896,0MB/s, Avg: 3977,0(+/-71,8)MB/s
[2024-02-14T16:49:29.407+0100][debug][gc,director    ] Select GC Workers (Normal), AvoidLongGCWorkers: 0,040, AvoidOOMGCWorkers: 0,317, LastGCWorkers: 1,000, GCWorkers: 0,317
[2024-02-14T16:49:29.407+0100][debug][gc,director    ] Rule: Allocation Rate (Dynamic GC Workers), MaxAllocRate: 4213,2MB/s (+/-1,8%), Free: 5496MB, GCCPUTime: 0,410, GCDuration: 0,410s, TimeUntilOOM: 1,281s, TimeUntilGC: 0,772s, GCWorkers: 1 -> 1
[2024-02-14T16:49:29.407+0100][debug][gc,director    ] Rule: High Usage, Free: 5496MB(35,8%)
[2024-02-14T16:49:29.407+0100][debug][gc,director    ] Rule: Proactive, AcceptableGCInterval: 4,226s, TimeSinceLastGC: 2,381s, TimeUntilGC: 1,846s
[2024-02-14T16:49:29.507+0100][debug][gc,alloc       ] Allocation Rate: 4196,0MB/s, Predicted: 4039,3MB/s, Avg: 3978,0(+/-74,7)MB/s
[2024-02-14T16:49:29.507+0100][debug][gc,director    ] Select GC Workers (Normal), AvoidLongGCWorkers: 0,040, AvoidOOMGCWorkers: 0,371, LastGCWorkers: 1,000, GCWorkers: 0,371
[2024-02-14T16:49:29.507+0100][debug][gc,director    ] Rule: Allocation Rate (Dynamic GC Workers), MaxAllocRate: 4285,1MB/s (+/-1,9%), Free: 4780MB, GCCPUTime: 0,410, GCDuration: 0,410s, TimeUntilOOM: 1,095s, TimeUntilGC: 0,585s, GCWorkers: 1 -> 1
[2024-02-14T16:49:29.507+0100][debug][gc,director    ] Rule: High Usage, Free: 4780MB(31,1%)
[2024-02-14T16:49:29.507+0100][debug][gc,director    ] Rule: Proactive, AcceptableGCInterval: 4,226s, TimeSinceLastGC: 2,481s, TimeUntilGC: 1,745s
[2024-02-14T16:49:29.608+0100][debug][gc,alloc       ] Allocation Rate: 3972,0MB/s, Predicted: 4034,3MB/s, Avg: 3978,4(+/-74,6)MB/s
[2024-02-14T16:49:29.608+0100][debug][gc,director    ] Select GC Workers (Normal), AvoidLongGCWorkers: 0,040, AvoidOOMGCWorkers: 0,392, LastGCWorkers: 1,000, GCWorkers: 0,392
[2024-02-14T16:49:29.608+0100][debug][gc,director    ] Rule: Allocation Rate (Dynamic GC Workers), MaxAllocRate: 4279,9MB/s (+/-1,9%), Free: 4526MB, GCCPUTime: 0,410, GCDuration: 0,410s, TimeUntilOOM: 1,038s, TimeUntilGC: 0,528s, GCWorkers: 1 -> 1
[2024-02-14T16:49:29.608+0100][debug][gc,director    ] Rule: High Usage, Free: 4526MB(29,5%)
[2024-02-14T16:49:29.608+0100][debug][gc,director    ] Rule: Proactive, AcceptableGCInterval: 4,226s, TimeSinceLastGC: 2,581s, TimeUntilGC: 1,645s
[2024-02-14T16:49:29.708+0100][debug][gc,alloc       ] Allocation Rate: 3930,0MB/s, Predicted: 4010,0MB/s, Avg: 3975,4(+/-75,9)MB/s
[2024-02-14T16:49:29.708+0100][debug][gc,director    ] Select GC Workers (Normal), AvoidLongGCWorkers: 0,040, AvoidOOMGCWorkers: 0,411, LastGCWorkers: 1,000, GCWorkers: 0,411
[2024-02-14T16:49:29.708+0100][debug][gc,director    ] Rule: Allocation Rate (Dynamic GC Workers), MaxAllocRate: 4259,8MB/s (+/-1,9%), Free: 4300MB, GCCPUTime: 0,410, GCDuration: 0,410s, TimeUntilOOM: 0,991s, TimeUntilGC: 0,481s, GCWorkers: 1 -> 1
[2024-02-14T16:49:29.708+0100][debug][gc,director    ] Rule: High Usage, Free: 4300MB(28,0%)
[2024-02-14T16:49:29.708+0100][debug][gc,director    ] Rule: Proactive, AcceptableGCInterval: 4,226s, TimeSinceLastGC: 2,681s, TimeUntilGC: 1,545s
[2024-02-14T16:49:29.808+0100][debug][gc,alloc       ] Allocation Rate: 4036,0MB/s, Predicted: 4030,1MB/s, Avg: 3983,0(+/-77,8)MB/s
[2024-02-14T16:49:29.808+0100][debug][gc,director    ] Select GC Workers (Normal), AvoidLongGCWorkers: 0,040, AvoidOOMGCWorkers: 0,455, LastGCWorkers: 1,000, GCWorkers: 0,455
[2024-02-14T16:49:29.808+0100][debug][gc,director    ] Rule: Allocation Rate (Dynamic GC Workers), MaxAllocRate: 4286,1MB/s (+/-2,0%), Free: 3908MB, GCCPUTime: 0,410, GCDuration: 0,410s, TimeUntilOOM: 0,894s, TimeUntilGC: 0,385s, GCWorkers: 1 -> 1
[2024-02-14T16:49:29.808+0100][debug][gc,director    ] Rule: High Usage, Free: 3908MB(25,4%)
[2024-02-14T16:49:29.808+0100][debug][gc,director    ] Rule: Proactive, AcceptableGCInterval: 4,226s, TimeSinceLastGC: 2,782s, TimeUntilGC: 1,445s
[2024-02-14T16:49:29.907+0100][debug][gc,alloc       ] Allocation Rate: 3880,0MB/s, Predicted: 3984,9MB/s, Avg: 3974,2(+/-83,7)MB/s
[2024-02-14T16:49:29.907+0100][debug][gc,director    ] Select GC Workers (Normal), AvoidLongGCWorkers: 0,040, AvoidOOMGCWorkers: 0,525, LastGCWorkers: 1,000, GCWorkers: 0,525
[2024-02-14T16:49:29.907+0100][debug][gc,director    ] Rule: Allocation Rate (Dynamic GC Workers), MaxAllocRate: 4260,4MB/s (+/-2,1%), Free: 3374MB, GCCPUTime: 0,410, GCDuration: 0,410s, TimeUntilOOM: 0,776s, TimeUntilGC: 0,266s, GCWorkers: 1 -> 1
[2024-02-14T16:49:29.907+0100][debug][gc,director    ] Rule: High Usage, Free: 3374MB(22,0%)
[2024-02-14T16:49:29.907+0100][debug][gc,director    ] Rule: Proactive, AcceptableGCInterval: 4,226s, TimeSinceLastGC: 2,881s, TimeUntilGC: 1,346s
[2024-02-14T16:49:30.007+0100][debug][gc,alloc       ] Allocation Rate: 3756,0MB/s, Predicted: 3893,3MB/s, Avg: 3954,0(+/-106,5)MB/s
[2024-02-14T16:49:30.007+0100][debug][gc,director    ] Select GC Workers (Normal), AvoidLongGCWorkers: 0,040, AvoidOOMGCWorkers: 0,557, LastGCWorkers: 1,000, GCWorkers: 0,557
[2024-02-14T16:49:30.007+0100][debug][gc,director    ] Rule: Allocation Rate (Dynamic GC Workers), MaxAllocRate: 4304,4MB/s (+/-2,7%), Free: 3232MB, GCCPUTime: 0,410, GCDuration: 0,410s, TimeUntilOOM: 0,731s, TimeUntilGC: 0,221s, GCWorkers: 1 -> 1
[2024-02-14T16:49:30.007+0100][debug][gc,director    ] Rule: High Usage, Free: 3232MB(21,0%)
[2024-02-14T16:49:30.007+0100][debug][gc,director    ] Rule: Proactive, AcceptableGCInterval: 4,226s, TimeSinceLastGC: 2,981s, TimeUntilGC: 1,245s
[2024-02-14T16:49:30.108+0100][debug][gc,alloc       ] Allocation Rate: 3640,0MB/s, Predicted: 3766,7MB/s, Avg: 3923,0(+/-142,2)MB/s
[2024-02-14T16:49:30.108+0100][debug][gc,director    ] Select GC Workers (Normal), AvoidLongGCWorkers: 0,040, AvoidOOMGCWorkers: 0,602, LastGCWorkers: 1,000, GCWorkers: 0,602
[2024-02-14T16:49:30.108+0100][debug][gc,director    ] Rule: Allocation Rate (Dynamic GC Workers), MaxAllocRate: 4391,1MB/s (+/-3,6%), Free: 3082MB, GCCPUTime: 0,410, GCDuration: 0,410s, TimeUntilOOM: 0,677s, TimeUntilGC: 0,168s, GCWorkers: 1 -> 1
[2024-02-14T16:49:30.108+0100][debug][gc,director    ] Rule: High Usage, Free: 3082MB(20,1%)
[2024-02-14T16:49:30.108+0100][debug][gc,director    ] Rule: Proactive, AcceptableGCInterval: 4,226s, TimeSinceLastGC: 3,081s, TimeUntilGC: 1,145s
[2024-02-14T16:49:30.208+0100][debug][gc,alloc       ] Allocation Rate: 3114,0MB/s, Predicted: 3438,5MB/s, Avg: 3843,8(+/-281,7)MB/s
[2024-02-14T16:49:30.208+0100][debug][gc,director    ] Select GC Workers (Normal), AvoidLongGCWorkers: 0,040, AvoidOOMGCWorkers: 0,713, LastGCWorkers: 1,000, GCWorkers: 0,713
[2024-02-14T16:49:30.208+0100][debug][gc,director    ] Rule: Allocation Rate (Dynamic GC Workers), MaxAllocRate: 4770,9MB/s (+/-7,3%), Free: 2930MB, GCCPUTime: 0,410, GCDuration: 0,410s, TimeUntilOOM: 0,572s, TimeUntilGC: 0,062s, GCWorkers: 1 -> 1
[2024-02-14T16:49:30.208+0100][debug][gc,director    ] Rule: High Usage, Free: 2930MB(19,1%)
[2024-02-14T16:49:30.208+0100][debug][gc,director    ] Rule: Proactive, AcceptableGCInterval: 4,226s, TimeSinceLastGC: 3,181s, TimeUntilGC: 1,045s
[2024-02-14T16:49:30.308+0100][debug][gc,alloc       ] Allocation Rate: 2990,0MB/s, Predicted: 3124,8MB/s, Avg: 3748,0(+/-376,8)MB/s
[2024-02-14T16:49:30.308+0100][debug][gc,director    ] Select GC Workers (Normal), AvoidLongGCWorkers: 0,040, AvoidOOMGCWorkers: 0,807, LastGCWorkers: 1,000, GCWorkers: 0,807
[2024-02-14T16:49:30.308+0100][debug][gc,director    ] Rule: Allocation Rate (Dynamic GC Workers), MaxAllocRate: 4988,0MB/s (+/-10,1%), Free: 2782MB, GCCPUTime: 0,410, GCDuration: 0,410s, TimeUntilOOM: 0,507s, TimeUntilGC: -0,003s, GCWorkers: 1 -> 1
[2024-02-14T16:49:30.308+0100][debug][gc,heap        ] GC(10) Heap before GC invocations=10 (full 10):
[2024-02-14T16:49:30.308+0100][debug][gc,heap        ] GC(10)  ZHeap           used 12536M, capacity 12536M, max capacity 15360M
[2024-02-14T16:49:30.308+0100][debug][gc,heap        ] GC(10)  Metaspace       used 31239K, committed 31680K, reserved 1114112K
[2024-02-14T16:49:30.308+0100][debug][gc,heap        ] GC(10)   class space    used 3305K, committed 3520K, reserved 1048576K
[2024-02-14T16:49:30.308+0100][info ][gc,start       ] GC(10) Garbage Collection (Allocation Rate)
[2024-02-14T16:49:30.308+0100][info ][gc,task        ] GC(10) Using 1 workers
[2024-02-14T16:49:30.308+0100][debug][gc,phases,start] GC(10) Pause Mark Start
[2024-02-14T16:49:30.308+0100][debug][gc,marking     ] GC(10) Using 1 mark stripes
[2024-02-14T16:49:30.308+0100][debug][gc,marking     ] GC(10) Mark Worker/Stripe Distribution
[2024-02-14T16:49:30.308+0100][debug][gc,marking     ] GC(10)   Worker 0(1) -> Stripe 0(1)
[2024-02-14T16:49:30.308+0100][info ][gc,phases      ] GC(10) Pause Mark Start 0,056ms
[2024-02-14T16:49:30.308+0100][debug][gc,phases,start] GC(10) Concurrent Mark
[2024-02-14T16:49:30.308+0100][debug][gc,task        ] GC(10) Executing Task: XMarkRootsTask, Active Workers: 1
[2024-02-14T16:49:30.310+0100][debug][gc,tlab        ] GC(10) TLAB totals: thrds: 28  refills: 48518 max: 30189 slow allocs: 6803 max 553 waste:  0,7% gc: 2039144B max: 261944B slow: 90481488B max: 46576600B
[2024-02-14T16:49:30.310+0100][debug][gc,task        ] GC(10) Executing Task: XMarkTask, Active Workers: 1
[2024-02-14T16:49:30.385+0100][debug][gc,marking     ] Expanding mark stack space: 32M->64M
[2024-02-14T16:49:30.407+0100][debug][gc,alloc       ] Allocation Rate: 3122,0MB/s, Predicted: 2932,5MB/s, Avg: 3663,6(+/-411,5)MB/s
[2024-02-14T16:49:30.455+0100][debug][gc,marking     ] Expanding mark stack space: 64M->96M
[2024-02-14T16:49:30.507+0100][debug][gc,alloc       ] Allocation Rate: 2668,0MB/s, Predicted: 2676,3MB/s, Avg: 3510,8(+/-465,6)MB/s
[2024-02-14T16:49:30.607+0100][debug][gc,alloc       ] Allocation Rate: 2536,0MB/s, Predicted: 2409,3MB/s, Avg: 3367,2(+/-519,5)MB/s
[2024-02-14T16:49:30.691+0100][info ][gc,phases      ] GC(10) Concurrent Mark 382,769ms
[2024-02-14T16:49:30.691+0100][debug][gc,phases,start] GC(10) Pause Mark End
[2024-02-14T16:49:30.691+0100][info ][gc,phases      ] GC(10) Pause Mark End 0,037ms
[2024-02-14T16:49:30.691+0100][debug][gc,phases,start] GC(10) Concurrent Mark Free
[2024-02-14T16:49:30.691+0100][info ][gc,phases      ] GC(10) Concurrent Mark Free 0,023ms
[2024-02-14T16:49:30.691+0100][debug][gc,phases,start] GC(10) Concurrent Process Non-Strong References
[2024-02-14T16:49:30.691+0100][debug][gc,phases,start] GC(10) Concurrent References Process
[2024-02-14T16:49:30.692+0100][debug][gc,task        ] GC(10) Executing Task: XReferenceProcessorTask, Active Workers: 1
[2024-02-14T16:49:30.699+0100][debug][gc,phases      ] GC(10) Concurrent References Process 7,040ms
[2024-02-14T16:49:30.699+0100][debug][gc,task        ] GC(10) Executing Task: XProcessWeakRootsTask, Active Workers: 1
[2024-02-14T16:49:30.699+0100][debug][gc,phases,start] GC(10) Concurrent Classes Unlink
[2024-02-14T16:49:30.699+0100][debug][gc,phases,start] GC(10) ClassLoaderData
[2024-02-14T16:49:30.699+0100][debug][gc,phases      ] GC(10) ClassLoaderData 0,039ms
[2024-02-14T16:49:30.699+0100][debug][gc,phases,start] GC(10) Trigger cleanups
[2024-02-14T16:49:30.699+0100][debug][gc,phases      ] GC(10) Trigger cleanups 0,012ms
[2024-02-14T16:49:30.699+0100][debug][gc,task        ] GC(10) Executing Task: XNMethodUnlinkTask, Active Workers: 1
[2024-02-14T16:49:30.703+0100][debug][gc,phases      ] GC(10) Concurrent Classes Unlink 3,717ms
[2024-02-14T16:49:30.704+0100][debug][gc,phases,start] GC(10) Concurrent Classes Purge
[2024-02-14T16:49:30.704+0100][debug][gc,nmethod     ] GC(10) Unregister NMethod: org.magicwerk.brownies.collections.IList$Iter.hasNext (0x00007f9f0bae8e90)
[2024-02-14T16:49:30.704+0100][debug][gc,nmethod     ] GC(10) Unregister NMethod: java.util.Arrays.fill (0x00007f9f0bb05e10)
[2024-02-14T16:49:30.704+0100][debug][gc,nmethod     ] GC(10) Unregister NMethod: io.sirix.index.path.summary.PathNode.hashCode (0x00007f9f0c0bd290)
[2024-02-14T16:49:30.704+0100][debug][gc,nmethod     ] GC(10) Unregister NMethod: io.sirix.index.path.summary.PathSummaryReader$$Lambda/0x000000008037e000.apply (0x00007f9f0bcf5390)
[2024-02-14T16:49:30.704+0100][debug][gc,nmethod     ] GC(10) Unregister NMethod: sun.nio.fs.UnixPath.normalizeAndCheck (0x00007f9f0bb00890)
[2024-02-14T16:49:30.704+0100][debug][gc,nmethod     ] GC(10) Unregister NMethod: net.openhft.chronicle.bytes.internal.BytesInternal.parseUtf8_SB1 (0x00007f9f0c0b2390)
[2024-02-14T16:49:30.704+0100][debug][gc,nmethod     ] GC(10) Unregister NMethod: java.lang.ref.Reference.processPendingReferences (0x00007f9f0c010d90)
[2024-02-14T16:49:30.704+0100][debug][gc,nmethod     ] GC(10) Unregister NMethod: java.util.stream.ForEachOps$ForEachTask.compute (0x00007f9f2b720890)
[2024-02-14T16:49:30.704+0100][debug][gc,nmethod     ] GC(10) Unregister NMethod: java.util.concurrent.ForkJoinTask.fork (0x00007f9f2b71fc10)
[2024-02-14T16:49:30.704+0100][debug][gc,nmethod     ] GC(10) Unregister NMethod: org.magicwerk.brownies.collections.IList$Iter.next (0x00007f9f0baca110)
[2024-02-14T16:49:30.704+0100][debug][gc,nmethod     ] GC(10) Unregister NMethod: io.sirix.axis.pathsummary.AbstractAxis.next (0x00007f9f0c187790)
[2024-02-14T16:49:30.704+0100][debug][gc,nmethod     ] GC(10) Unregister NMethod: java.util.concurrent.ForkJoinTask.fork (0x00007f9f0c151d10)
[2024-02-14T16:49:30.704+0100][debug][gc,nmethod     ] GC(10) Unregister NMethod: java.util.ArrayList$ArrayListSpliterator.trySplit (0x00007f9f0c150d90)
[2024-02-14T16:49:30.704+0100][debug][gc,nmethod     ] GC(10) Unregister NMethod: net.openhft.chronicle.core.util.StringUtils.isEqual (0x00007f9f0c166510)
[2024-02-14T16:49:30.704+0100][debug][gc,nmethod     ] GC(10) Unregister NMethod: it.unimi.dsi.fastutil.ints.Int2ObjectOpenHashMap.put (0x00007f9f0c16e210)
[2024-02-14T16:49:30.704+0100][debug][gc,nmethod     ] GC(10) Unregister NMethod: java.util.ArrayList$ArrayListSpliterator.trySplit (0x00007f9f0c152790)
[2024-02-14T16:49:30.704+0100][debug][gc,nmethod     ] GC(10) Unregister NMethod: java.util.stream.ForEachOps$ForEachTask.compute (0x00007f9f0c154a90)
[2024-02-14T16:49:30.704+0100][debug][gc,nmethod     ] GC(10) Unregister NMethod: io.sirix.node.delegates.NodeDelegate.hashCode (0x00007f9f0c0bdd10)
[2024-02-14T16:49:30.704+0100][debug][gc,nmethod     ] GC(10) Unregister NMethod: io.sirix.node.delegates.NameNodeDelegate.hashCode (0x00007f9f0c0bf210)
[2024-02-14T16:49:30.704+0100][debug][gc,nmethod     ] GC(10) Unregister NMethod: io.sirix.node.HashEntryNode.getKind (0x00007f9f0c16a110)
[2024-02-14T16:49:30.704+0100][debug][gc,nmethod     ] GC(10) Unregister NMethod: net.openhft.chronicle.bytes.internal.BytesInternal.readUtf8 (0x00007f9f0c17ca10)
[2024-02-14T16:49:30.704+0100][debug][gc,nmethod     ] GC(10) Unregister NMethod: io.sirix.page.delegates.FullReferencesPage.<init> (0x00007f9f0c097c90)
[2024-02-14T16:49:30.704+0100][debug][gc,nmethod     ] GC(10) Unregister NMethod: io.sirix.node.NodeKind.deserializeNameDelegate (0x00007f9f0c181a10)
[2024-02-14T16:49:30.704+0100][debug][gc,nmethod     ] GC(10) Unregister NMethod: java.lang.ThreadLocal.getCarrierThreadLocal (0x00007f9f0be22d10)
[2024-02-14T16:49:30.704+0100][debug][gc,nmethod     ] GC(10) Unregister NMethod: java.lang.Integer.hashCode (0x00007f9f0be89010)
[2024-02-14T16:49:30.704+0100][debug][gc,phases      ] GC(10) Concurrent Classes Purge 0,286ms
[2024-02-14T16:49:30.704+0100][debug][gc,phases,start] GC(10) Concurrent References Enqueue
[2024-02-14T16:49:30.704+0100][debug][gc,phases      ] GC(10) Concurrent References Enqueue 0,010ms
[2024-02-14T16:49:30.704+0100][info ][gc,phases      ] GC(10) Concurrent Process Non-Strong References 12,371ms
[2024-02-14T16:49:30.704+0100][debug][gc,phases,start] GC(10) Concurrent Reset Relocation Set
[2024-02-14T16:49:30.704+0100][info ][gc,phases      ] GC(10) Concurrent Reset Relocation Set 0,097ms
[2024-02-14T16:49:30.704+0100][debug][gc,phases,start] GC(10) Concurrent Select Relocation Set
[2024-02-14T16:49:30.706+0100][debug][gc,task        ] GC(10) Executing Task: XRelocationSetInstallTask, Active Workers: 1
[2024-02-14T16:49:30.706+0100][info ][gc,phases      ] GC(10) Concurrent Select Relocation Set 2,310ms
[2024-02-14T16:49:30.707+0100][debug][gc,phases,start] GC(10) Pause Relocate Start
[2024-02-14T16:49:30.707+0100][info ][gc,phases      ] GC(10) Pause Relocate Start 0,029ms
[2024-02-14T16:49:30.707+0100][debug][gc,phases,start] GC(10) Concurrent Relocate
[2024-02-14T16:49:30.707+0100][debug][gc,task        ] GC(10) Executing Task: XRelocateTask, Active Workers: 1
[2024-02-14T16:49:30.708+0100][debug][gc,alloc       ] Allocation Rate: 2444,0MB/s, Predicted: 2190,1MB/s, Avg: 3218,6(+/-549,0)MB/s
[2024-02-14T16:49:30.720+0100][info ][gc,phases      ] GC(10) Concurrent Relocate 13,742ms
[2024-02-14T16:49:30.720+0100][debug][gc,heap        ] GC(10) Heap after GC invocations=11 (full 11):
[2024-02-14T16:49:30.720+0100][debug][gc,heap        ] GC(10)  ZHeap           used 1654M, capacity 13394M, max capacity 15360M
[2024-02-14T16:49:30.720+0100][debug][gc,heap        ] GC(10)  Metaspace       used 31245K, committed 31680K, reserved 1114112K
[2024-02-14T16:49:30.720+0100][debug][gc,heap        ] GC(10)   class space    used 3306K, committed 3520K, reserved 1048576K
[2024-02-14T16:49:30.720+0100][info ][gc,load        ] GC(10) Load: 1,75/1,29/1,56
[2024-02-14T16:49:30.720+0100][info ][gc,mmu         ] GC(10) MMU: 2ms/92,8%, 5ms/97,1%, 10ms/98,6%, 20ms/99,1%, 50ms/99,6%, 100ms/99,8%
[2024-02-14T16:49:30.720+0100][info ][gc,marking     ] GC(10) Mark: 1 stripe(s), 2 proactive flush(es), 1 terminate flush(es), 0 completion(s), 0 continuation(s) 
[2024-02-14T16:49:30.720+0100][info ][gc,marking     ] GC(10) Mark Stack Usage: 96M
[2024-02-14T16:49:30.720+0100][info ][gc,nmethod     ] GC(10) NMethods: 3890 registered, 1120 unregistered
[2024-02-14T16:49:30.720+0100][info ][gc,metaspace   ] GC(10) Metaspace: 30M used, 30M committed, 1088M reserved
[2024-02-14T16:49:30.720+0100][info ][gc,ref         ] GC(10) Soft: 3825 encountered, 0 discovered, 0 enqueued
[2024-02-14T16:49:30.720+0100][info ][gc,ref         ] GC(10) Weak: 1901 encountered, 119 discovered, 0 enqueued
[2024-02-14T16:49:30.721+0100][info ][gc,ref         ] GC(10) Final: 19016 encountered, 19016 discovered, 19016 enqueued
[2024-02-14T16:49:30.721+0100][info ][gc,ref         ] GC(10) Phantom: 19445 encountered, 19295 discovered, 19063 enqueued
[2024-02-14T16:49:30.721+0100][info ][gc,reloc       ] GC(10) Small Pages: 6252 / 12504M, Empty: 6592M, Relocated: 6M, In-Place: 0
[2024-02-14T16:49:30.721+0100][info ][gc,reloc       ] GC(10) Medium Pages: 1 / 32M, Empty: 0M, Relocated: 0M, In-Place: 0
[2024-02-14T16:49:30.721+0100][info ][gc,reloc       ] GC(10) Large Pages: 0 / 0M, Empty: 0M, Relocated: 0M, In-Place: 0
[2024-02-14T16:49:30.721+0100][info ][gc,reloc       ] GC(10) Forwarding Usage: 3M
[2024-02-14T16:49:30.721+0100][info ][gc,heap        ] GC(10) Min Capacity: 5120M(33%)
[2024-02-14T16:49:30.721+0100][info ][gc,heap        ] GC(10) Max Capacity: 15360M(100%)
[2024-02-14T16:49:30.721+0100][info ][gc,heap        ] GC(10) Soft Max Capacity: 15360M(100%)
[2024-02-14T16:49:30.721+0100][info ][gc,heap        ] GC(10)                Mark Start          Mark End        Relocate Start      Relocate End           High               Low         
[2024-02-14T16:49:30.721+0100][info ][gc,heap        ] GC(10)  Capacity:    12536M (82%)       13376M (87%)       13394M (87%)       13394M (87%)       13394M (87%)       12536M (82%)    
[2024-02-14T16:49:30.721+0100][info ][gc,heap        ] GC(10)      Free:     2824M (18%)        1984M (13%)        8554M (56%)       13706M (89%)       13708M (89%)        1966M (13%)    
[2024-02-14T16:49:30.721+0100][info ][gc,heap        ] GC(10)      Used:    12536M (82%)       13376M (87%)        6806M (44%)        1654M (11%)       13394M (87%)        1652M (11%)    
[2024-02-14T16:49:30.721+0100][info ][gc,heap        ] GC(10)      Live:         -               559M (4%)          559M (4%)          559M (4%)             -                  -          
[2024-02-14T16:49:30.721+0100][info ][gc,heap        ] GC(10) Allocated:         -               840M (5%)          862M (6%)          898M (6%)             -                  -          
[2024-02-14T16:49:30.721+0100][info ][gc,heap        ] GC(10)   Garbage:         -             11976M (78%)        5384M (35%)         196M (1%)             -                  -          
[2024-02-14T16:49:30.721+0100][info ][gc,heap        ] GC(10) Reclaimed:         -                  -              6592M (43%)       11780M (77%)            -                  -          
[2024-02-14T16:49:30.721+0100][info ][gc             ] GC(10) Garbage Collection (Allocation Rate) 12536M(82%)->1654M(11%)
[2024-02-14T16:49:30.808+0100][debug][gc,alloc       ] Allocation Rate: 2322,0MB/s, Predicted: 2049,5MB/s, Avg: 3047,2(+/-534,4)MB/s
[2024-02-14T16:49:30.808+0100][debug][gc,director    ] Select GC Workers (Unsteady), AvoidLongGCWorkers: 0,078, AvoidOOMGCWorkers: 0,328, LastGCWorkers: 1,000, HalfGCWorkers: 2,500, GCWorkers: 2,500
[2024-02-14T16:49:30.808+0100][debug][gc,director    ] Rule: Allocation Rate (Dynamic GC Workers), MaxAllocRate: 4805,6MB/s (+/-17,5%), Free: 13440MB, GCCPUTime: 0,785, GCDuration: 0,265s, TimeUntilOOM: 2,379s, TimeUntilGC: 2,014s, GCWorkers: 1 -> 3
[2024-02-14T16:49:30.808+0100][debug][gc,heap        ] GC(11) Heap before GC invocations=11 (full 11):
[2024-02-14T16:49:30.808+0100][debug][gc,heap        ] GC(11)  ZHeap           used 1878M, capacity 13394M, max capacity 15360M
[2024-02-14T16:49:30.808+0100][debug][gc,heap        ] GC(11)  Metaspace       used 31245K, committed 31680K, reserved 1114112K
[2024-02-14T16:49:30.808+0100][debug][gc,heap        ] GC(11)   class space    used 3306K, committed 3520K, reserved 1048576K
[2024-02-14T16:49:30.808+0100][info ][gc,start       ] GC(11) Garbage Collection (Allocation Rate)
[2024-02-14T16:49:30.808+0100][info ][gc,task        ] GC(11) Using 3 workers
[2024-02-14T16:49:30.808+0100][debug][gc,phases,start] GC(11) Pause Mark Start
[2024-02-14T16:49:30.808+0100][debug][gc,marking     ] GC(11) Using 2 mark stripes
[2024-02-14T16:49:30.808+0100][debug][gc,marking     ] GC(11) Mark Worker/Stripe Distribution
[2024-02-14T16:49:30.808+0100][debug][gc,marking     ] GC(11)   Worker 0(3) -> Stripe 0(2)
[2024-02-14T16:49:30.808+0100][debug][gc,marking     ] GC(11)   Worker 1(3) -> Stripe 1(2)
[2024-02-14T16:49:30.808+0100][debug][gc,marking     ] GC(11)   Worker 2(3) -> Stripe 0(2)
[2024-02-14T16:49:30.808+0100][info ][gc,phases      ] GC(11) Pause Mark Start 0,063ms
[2024-02-14T16:49:30.808+0100][debug][gc,phases,start] GC(11) Concurrent Mark
[2024-02-14T16:49:30.808+0100][debug][gc,task        ] GC(11) Executing Task: XMarkRootsTask, Active Workers: 3
[2024-02-14T16:49:30.809+0100][debug][gc,tlab        ] GC(11) TLAB totals: thrds: 25  refills: 4331 max: 2281 slow allocs: 773 max 64 waste:  1,0% gc: 1935384B max: 261808B slow: 8858848B max: 3694624B
[2024-02-14T16:49:30.809+0100][debug][gc,task        ] GC(11) Executing Task: XMarkTask, Active Workers: 3
[2024-02-14T16:49:30.907+0100][debug][gc,alloc       ] Allocation Rate: 1930,0MB/s, Predicted: 1824,7MB/s, Avg: 2852,2(+/-550,4)MB/s
[2024-02-14T16:49:30.911+0100][info ][gc,phases      ] GC(11) Concurrent Mark 102,476ms
[2024-02-14T16:49:30.911+0100][debug][gc,phases,start] GC(11) Pause Mark End
[2024-02-14T16:49:30.911+0100][info ][gc,phases      ] GC(11) Pause Mark End 0,037ms
[2024-02-14T16:49:30.911+0100][debug][gc,phases,start] GC(11) Concurrent Mark Free
[2024-02-14T16:49:30.911+0100][debug][gc,marking     ] GC(11) Shrinking mark stack space: 96M->32M
[2024-02-14T16:49:30.913+0100][info ][gc,phases      ] GC(11) Concurrent Mark Free 1,509ms
[2024-02-14T16:49:30.913+0100][debug][gc,phases,start] GC(11) Concurrent Process Non-Strong References
[2024-02-14T16:49:30.913+0100][debug][gc,phases,start] GC(11) Concurrent References Process
[2024-02-14T16:49:30.913+0100][debug][gc,task        ] GC(11) Executing Task: XReferenceProcessorTask, Active Workers: 3
[2024-02-14T16:49:30.913+0100][debug][gc,phases      ] GC(11) Concurrent References Process 0,685ms
[2024-02-14T16:49:30.913+0100][debug][gc,task        ] GC(11) Executing Task: XProcessWeakRootsTask, Active Workers: 3
[2024-02-14T16:49:30.914+0100][debug][gc,phases,start] GC(11) Concurrent Classes Unlink
[2024-02-14T16:49:30.914+0100][debug][gc,phases,start] GC(11) ClassLoaderData
[2024-02-14T16:49:30.914+0100][debug][gc,phases      ] GC(11) ClassLoaderData 0,032ms
[2024-02-14T16:49:30.914+0100][debug][gc,phases,start] GC(11) Trigger cleanups
[2024-02-14T16:49:30.914+0100][debug][gc,phases      ] GC(11) Trigger cleanups 0,008ms
[2024-02-14T16:49:30.914+0100][debug][gc,task        ] GC(11) Executing Task: XNMethodUnlinkTask, Active Workers: 3
[2024-02-14T16:49:30.915+0100][debug][gc,phases      ] GC(11) Concurrent Classes Unlink 1,554ms
[2024-02-14T16:49:30.915+0100][debug][gc,phases,start] GC(11) Concurrent Classes Purge
[2024-02-14T16:49:30.915+0100][debug][gc,nmethod     ] GC(11) Unregister NMethod: com.google.common.collect.ForwardingObject.<init> (0x00007f9f0be84810)
[2024-02-14T16:49:30.915+0100][debug][gc,phases      ] GC(11) Concurrent Classes Purge 0,035ms
[2024-02-14T16:49:30.915+0100][debug][gc,phases,start] GC(11) Concurrent References Enqueue
[2024-02-14T16:49:30.915+0100][debug][gc,phases      ] GC(11) Concurrent References Enqueue 0,010ms
[2024-02-14T16:49:30.915+0100][info ][gc,phases      ] GC(11) Concurrent Process Non-Strong References 2,752ms
[2024-02-14T16:49:30.915+0100][debug][gc,phases,start] GC(11) Concurrent Reset Relocation Set
[2024-02-14T16:49:30.915+0100][info ][gc,phases      ] GC(11) Concurrent Reset Relocation Set 0,082ms
[2024-02-14T16:49:30.915+0100][debug][gc,phases,start] GC(11) Concurrent Select Relocation Set
[2024-02-14T16:49:30.917+0100][debug][gc,task        ] GC(11) Executing Task: XRelocationSetInstallTask, Active Workers: 3
[2024-02-14T16:49:30.917+0100][info ][gc,phases      ] GC(11) Concurrent Select Relocation Set 1,597ms
[2024-02-14T16:49:30.917+0100][debug][gc,phases,start] GC(11) Pause Relocate Start
[2024-02-14T16:49:30.917+0100][info ][gc,phases      ] GC(11) Pause Relocate Start 0,031ms
[2024-02-14T16:49:30.917+0100][debug][gc,phases,start] GC(11) Concurrent Relocate
[2024-02-14T16:49:30.917+0100][debug][gc,task        ] GC(11) Executing Task: XRelocateTask, Active Workers: 3
[2024-02-14T16:49:30.920+0100][info ][gc,phases      ] GC(11) Concurrent Relocate 2,846ms
[2024-02-14T16:49:30.920+0100][debug][gc,heap        ] GC(11) Heap after GC invocations=12 (full 12):
[2024-02-14T16:49:30.920+0100][debug][gc,heap        ] GC(11)  ZHeap           used 742M, capacity 13394M, max capacity 15360M
[2024-02-14T16:49:30.920+0100][debug][gc,heap        ] GC(11)  Metaspace       used 31245K, committed 31680K, reserved 1114112K
[2024-02-14T16:49:30.920+0100][debug][gc,heap        ] GC(11)   class space    used 3306K, committed 3520K, reserved 1048576K
[2024-02-14T16:49:30.920+0100][info ][gc,load        ] GC(11) Load: 1,75/1,29/1,56
[2024-02-14T16:49:30.920+0100][info ][gc,mmu         ] GC(11) MMU: 2ms/92,8%, 5ms/97,1%, 10ms/98,6%, 20ms/99,1%, 50ms/99,6%, 100ms/99,8%
[2024-02-14T16:49:30.920+0100][info ][gc,marking     ] GC(11) Mark: 2 stripe(s), 2 proactive flush(es), 1 terminate flush(es), 0 completion(s), 0 continuation(s) 
[2024-02-14T16:49:30.920+0100][info ][gc,marking     ] GC(11) Mark Stack Usage: 32M
[2024-02-14T16:49:30.920+0100][info ][gc,nmethod     ] GC(11) NMethods: 3890 registered, 1121 unregistered
[2024-02-14T16:49:30.920+0100][info ][gc,metaspace   ] GC(11) Metaspace: 30M used, 30M committed, 1088M reserved
[2024-02-14T16:49:30.920+0100][info ][gc,ref         ] GC(11) Soft: 3825 encountered, 0 discovered, 0 enqueued
[2024-02-14T16:49:30.920+0100][info ][gc,ref         ] GC(11) Weak: 1901 encountered, 89 discovered, 0 enqueued
[2024-02-14T16:49:30.920+0100][info ][gc,ref         ] GC(11) Final: 2100 encountered, 2100 discovered, 2100 enqueued
[2024-02-14T16:49:30.920+0100][info ][gc,ref         ] GC(11) Phantom: 2485 encountered, 2473 discovered, 2103 enqueued
[2024-02-14T16:49:30.920+0100][info ][gc,reloc       ] GC(11) Small Pages: 923 / 1846M, Empty: 720M, Relocated: 1M, In-Place: 0
[2024-02-14T16:49:30.920+0100][info ][gc,reloc       ] GC(11) Medium Pages: 1 / 32M, Empty: 0M, Relocated: 0M, In-Place: 0
[2024-02-14T16:49:30.920+0100][info ][gc,reloc       ] GC(11) Large Pages: 0 / 0M, Empty: 0M, Relocated: 0M, In-Place: 0
[2024-02-14T16:49:30.920+0100][info ][gc,reloc       ] GC(11) Forwarding Usage: 0M
[2024-02-14T16:49:30.920+0100][info ][gc,heap        ] GC(11) Min Capacity: 5120M(33%)
[2024-02-14T16:49:30.920+0100][info ][gc,heap        ] GC(11) Max Capacity: 15360M(100%)
[2024-02-14T16:49:30.920+0100][info ][gc,heap        ] GC(11) Soft Max Capacity: 15360M(100%)
[2024-02-14T16:49:30.920+0100][info ][gc,heap        ] GC(11)                Mark Start          Mark End        Relocate Start      Relocate End           High               Low         
[2024-02-14T16:49:30.920+0100][info ][gc,heap        ] GC(11)  Capacity:    13394M (87%)       13394M (87%)       13394M (87%)       13394M (87%)       13394M (87%)       13394M (87%)    
[2024-02-14T16:49:30.920+0100][info ][gc,heap        ] GC(11)      Free:    13482M (88%)       13324M (87%)       14034M (91%)       14618M (95%)       14618M (95%)       13318M (87%)    
[2024-02-14T16:49:30.920+0100][info ][gc,heap        ] GC(11)      Used:     1878M (12%)        2036M (13%)        1326M (9%)          742M (5%)         2042M (13%)         742M (5%)     
[2024-02-14T16:49:30.920+0100][info ][gc,heap        ] GC(11)      Live:         -               412M (3%)          412M (3%)          412M (3%)             -                  -          
[2024-02-14T16:49:30.920+0100][info ][gc,heap        ] GC(11) Allocated:         -               158M (1%)          168M (1%)          171M (1%)             -                  -          
[2024-02-14T16:49:30.920+0100][info ][gc,heap        ] GC(11)   Garbage:         -              1465M (10%)         745M (5%)          157M (1%)             -                  -          
[2024-02-14T16:49:30.920+0100][info ][gc,heap        ] GC(11) Reclaimed:         -                  -               720M (5%)         1307M (9%)             -                  -          
[2024-02-14T16:49:30.920+0100][info ][gc             ] GC(11) Garbage Collection (Allocation Rate) 1878M(12%)->742M(5%)
[2024-02-14T16:49:31.007+0100][debug][gc,alloc       ] Allocation Rate: 2430,0MB/s, Predicted: 1896,8MB/s, Avg: 2719,6(+/-470,7)MB/s
[2024-02-14T16:49:31.007+0100][debug][gc,director    ] Select GC Workers (Unsteady), AvoidLongGCWorkers: 0,057, AvoidOOMGCWorkers: 0,206, LastGCWorkers: 3,000, HalfGCWorkers: 2,500, GCWorkers: 3,000
[2024-02-14T16:49:31.007+0100][debug][gc,director    ] Rule: Allocation Rate (Dynamic GC Workers), MaxAllocRate: 4268,4MB/s (+/-17,3%), Free: 13954MB, GCCPUTime: 0,578, GCDuration: 0,196s, TimeUntilOOM: 2,787s, TimeUntilGC: 2,491s, GCWorkers: 3 -> 3
[2024-02-14T16:49:31.007+0100][debug][gc,director    ] Rule: High Usage, Free: 13954MB(90,8%)
[2024-02-14T16:49:31.007+0100][debug][gc,director    ] Rule: Proactive, UsedUntilEnabled: 914MB, TimeUntilEnabled: 299,913s
[2024-02-14T16:49:31.107+0100][debug][gc,alloc       ] Allocation Rate: 2554,0MB/s, Predicted: 2076,0MB/s, Avg: 2611,0(+/-357,5)MB/s
[2024-02-14T16:49:31.107+0100][debug][gc,director    ] Select GC Workers (Try Lowering), AvoidLongGCWorkers: 0,057, AvoidOOMGCWorkers: 0,181, NextAvoidOOMGCWorkers: 0,199, LastGCWorkers: 3,000, GCWorkers: 1,000
[2024-02-14T16:49:31.107+0100][debug][gc,director    ] Rule: Allocation Rate (Dynamic GC Workers), MaxAllocRate: 3787,3MB/s (+/-13,7%), Free: 13682MB, GCCPUTime: 0,578, GCDuration: 0,578s, TimeUntilOOM: 3,178s, TimeUntilGC: 2,499s, GCWorkers: 3 -> 1
[2024-02-14T16:49:31.107+0100][debug][gc,director    ] Rule: High Usage, Free: 13682MB(89,1%)
[2024-02-14T16:49:31.107+0100][debug][gc,director    ] Rule: Proactive, UsedUntilEnabled: 642MB, TimeUntilEnabled: 299,813s
[2024-02-14T16:49:31.208+0100][debug][gc,alloc       ] Allocation Rate: 2670,0MB/s, Predicted: 2233,7MB/s, Avg: 2566,6(+/-317,6)MB/s
[2024-02-14T16:49:31.208+0100][debug][gc,director    ] Select GC Workers (Try Lowering), AvoidLongGCWorkers: 0,057, AvoidOOMGCWorkers: 0,174, NextAvoidOOMGCWorkers: 0,185, LastGCWorkers: 3,000, GCWorkers: 1,000
[2024-02-14T16:49:31.208+0100][debug][gc,director    ] Rule: Allocation Rate (Dynamic GC Workers), MaxAllocRate: 3611,6MB/s (+/-12,4%), Free: 13412MB, GCCPUTime: 0,578, GCDuration: 0,578s, TimeUntilOOM: 3,305s, TimeUntilGC: 2,626s, GCWorkers: 3 -> 1
[2024-02-14T16:49:31.208+0100][debug][gc,director    ] Rule: High Usage, Free: 13412MB(87,3%)
[2024-02-14T16:49:31.208+0100][debug][gc,director    ] Rule: Proactive, UsedUntilEnabled: 372MB, TimeUntilEnabled: 299,712s
[2024-02-14T16:49:31.308+0100][debug][gc,alloc       ] Allocation Rate: 3248,0MB/s, Predicted: 2619,2MB/s, Avg: 2592,4(+/-358,7)MB/s
[2024-02-14T16:49:31.308+0100][debug][gc,director    ] Select GC Workers (Try Lowering), AvoidLongGCWorkers: 0,057, AvoidOOMGCWorkers: 0,196, NextAvoidOOMGCWorkers: 0,202, LastGCWorkers: 3,000, GCWorkers: 1,000
[2024-02-14T16:49:31.308+0100][debug][gc,director    ] Rule: Allocation Rate (Dynamic GC Workers), MaxAllocRate: 3799,7MB/s (+/-13,8%), Free: 12686MB, GCCPUTime: 0,578, GCDuration: 0,578s, TimeUntilOOM: 2,933s, TimeUntilGC: 2,255s, GCWorkers: 3 -> 1
[2024-02-14T16:49:31.308+0100][debug][gc,director    ] Rule: High Usage, Free: 12686MB(82,6%)
[2024-02-14T16:49:31.308+0100][debug][gc,director    ] Rule: Proactive, AcceptableGCInterval: 5,866s, TimeSinceLastGC: 0,388s, TimeUntilGC: 5,478s
[2024-02-14T16:49:31.408+0100][debug][gc,alloc       ] Allocation Rate: 3054,0MB/s, Predicted: 2945,1MB/s, Avg: 2585,6(+/-349,2)MB/s
[2024-02-14T16:49:31.408+0100][debug][gc,director    ] Select GC Workers (Try Lowering), AvoidLongGCWorkers: 0,057, AvoidOOMGCWorkers: 0,214, NextAvoidOOMGCWorkers: 0,213, LastGCWorkers: 3,000, GCWorkers: 1,000
[2024-02-14T16:49:31.408+0100][debug][gc,director    ] Rule: Allocation Rate (Dynamic GC Workers), MaxAllocRate: 4094,0MB/s (+/-13,5%), Free: 12472MB, GCCPUTime: 0,578, GCDuration: 0,578s, TimeUntilOOM: 2,684s, TimeUntilGC: 2,006s, GCWorkers: 3 -> 1
[2024-02-14T16:49:31.408+0100][debug][gc,director    ] Rule: High Usage, Free: 12472MB(81,2%)
[2024-02-14T16:49:31.408+0100][debug][gc,director    ] Rule: Proactive, AcceptableGCInterval: 5,866s, TimeSinceLastGC: 0,488s, TimeUntilGC: 5,378s
[2024-02-14T16:49:31.507+0100][debug][gc,alloc       ] Allocation Rate: 2982,0MB/s, Predicted: 3125,6MB/s, Avg: 2617,0(+/-368,7)MB/s
[2024-02-14T16:49:31.507+0100][debug][gc,director    ] Select GC Workers (Try Lowering), AvoidLongGCWorkers: 0,057, AvoidOOMGCWorkers: 0,231, NextAvoidOOMGCWorkers: 0,222, LastGCWorkers: 3,000, GCWorkers: 1,000
[2024-02-14T16:49:31.507+0100][debug][gc,director    ] Rule: Allocation Rate (Dynamic GC Workers), MaxAllocRate: 4338,9MB/s (+/-14,1%), Free: 12282MB, GCCPUTime: 0,578, GCDuration: 0,578s, TimeUntilOOM: 2,481s, TimeUntilGC: 1,803s, GCWorkers: 3 -> 1
[2024-02-14T16:49:31.507+0100][debug][gc,director    ] Rule: High Usage, Free: 12282MB(80,0%)
[2024-02-14T16:49:31.507+0100][debug][gc,director    ] Rule: Proactive, AcceptableGCInterval: 5,866s, TimeSinceLastGC: 0,587s, TimeUntilGC: 5,279s
[2024-02-14T16:49:31.607+0100][debug][gc,alloc       ] Allocation Rate: 3122,0MB/s, Predicted: 3306,0MB/s, Avg: 2675,6(+/-396,7)MB/s
[2024-02-14T16:49:31.607+0100][debug][gc,director    ] Select GC Workers (Try Lowering), AvoidLongGCWorkers: 0,057, AvoidOOMGCWorkers: 0,253, NextAvoidOOMGCWorkers: 0,232, LastGCWorkers: 3,000, GCWorkers: 1,000
[2024-02-14T16:49:31.607+0100][debug][gc,director    ] Rule: Allocation Rate (Dynamic GC Workers), MaxAllocRate: 4611,4MB/s (+/-14,8%), Free: 12020MB, GCCPUTime: 0,578, GCDuration: 0,578s, TimeUntilOOM: 2,270s, TimeUntilGC: 1,592s, GCWorkers: 3 -> 1
[2024-02-14T16:49:31.607+0100][debug][gc,director    ] Rule: High Usage, Free: 12020MB(78,3%)
[2024-02-14T16:49:31.607+0100][debug][gc,director    ] Rule: Proactive, AcceptableGCInterval: 5,866s, TimeSinceLastGC: 0,687s, TimeUntilGC: 5,179s
[2024-02-14T16:49:31.708+0100][debug][gc,alloc       ] Allocation Rate: 3656,0MB/s, Predicted: 3636,4MB/s, Avg: 2796,8(+/-483,2)MB/s
[2024-02-14T16:49:31.708+0100][debug][gc,director    ] Select GC Workers (Unsteady), AvoidLongGCWorkers: 0,057, AvoidOOMGCWorkers: 0,310, LastGCWorkers: 3,000, HalfGCWorkers: 2,500, GCWorkers: 3,000
[2024-02-14T16:49:31.708+0100][debug][gc,director    ] Rule: Allocation Rate (Dynamic GC Workers), MaxAllocRate: 5226,2MB/s (+/-17,3%), Free: 11352MB, GCCPUTime: 0,578, GCDuration: 0,196s, TimeUntilOOM: 1,852s, TimeUntilGC: 1,556s, GCWorkers: 3 -> 3
[2024-02-14T16:49:31.708+0100][debug][gc,director    ] Rule: High Usage, Free: 11352MB(73,9%)
[2024-02-14T16:49:31.708+0100][debug][gc,director    ] Rule: Proactive, AcceptableGCInterval: 5,866s, TimeSinceLastGC: 0,788s, TimeUntilGC: 5,079s
[2024-02-14T16:49:31.808+0100][debug][gc,alloc       ] Allocation Rate: 3656,0MB/s, Predicted: 3853,5MB/s, Avg: 2930,2(+/-516,6)MB/s
[2024-02-14T16:49:31.808+0100][debug][gc,director    ] Select GC Workers (Unsteady), AvoidLongGCWorkers: 0,057, AvoidOOMGCWorkers: 0,339, LastGCWorkers: 3,000, HalfGCWorkers: 2,500, GCWorkers: 3,000
[2024-02-14T16:49:31.808+0100][debug][gc,director    ] Rule: Allocation Rate (Dynamic GC Workers), MaxAllocRate: 5553,5MB/s (+/-17,6%), Free: 11092MB, GCCPUTime: 0,578, GCDuration: 0,196s, TimeUntilOOM: 1,698s, TimeUntilGC: 1,402s, GCWorkers: 3 -> 3
[2024-02-14T16:49:31.808+0100][debug][gc,director    ] Rule: High Usage, Free: 11092MB(72,2%)
[2024-02-14T16:49:31.808+0100][debug][gc,director    ] Rule: Proactive, AcceptableGCInterval: 5,866s, TimeSinceLastGC: 0,888s, TimeUntilGC: 4,978s
[2024-02-14T16:49:31.907+0100][debug][gc,alloc       ] Allocation Rate: 3738,0MB/s, Predicted: 3909,9MB/s, Avg: 3111,0(+/-446,6)MB/s
[2024-02-14T16:49:31.907+0100][debug][gc,director    ] Select GC Workers (Try Lowering), AvoidLongGCWorkers: 0,057, AvoidOOMGCWorkers: 0,326, NextAvoidOOMGCWorkers: 0,253, LastGCWorkers: 3,000, GCWorkers: 1,000
[2024-02-14T16:49:31.907+0100][debug][gc,director    ] Rule: Allocation Rate (Dynamic GC Workers), MaxAllocRate: 5379,4MB/s (+/-14,4%), Free: 10856MB, GCCPUTime: 0,578, GCDuration: 0,578s, TimeUntilOOM: 1,765s, TimeUntilGC: 1,087s, GCWorkers: 3 -> 1
[2024-02-14T16:49:31.907+0100][debug][gc,director    ] Rule: High Usage, Free: 10856MB(70,7%)
[2024-02-14T16:49:31.907+0100][debug][gc,director    ] Rule: Proactive, AcceptableGCInterval: 5,866s, TimeSinceLastGC: 0,987s, TimeUntilGC: 4,879s
[2024-02-14T16:49:32.007+0100][debug][gc,alloc       ] Allocation Rate: 3456,0MB/s, Predicted: 3866,3MB/s, Avg: 3213,6(+/-393,0)MB/s
[2024-02-14T16:49:32.007+0100][debug][gc,director    ] Select GC Workers (Try Lowering), AvoidLongGCWorkers: 0,057, AvoidOOMGCWorkers: 0,317, NextAvoidOOMGCWorkers: 0,238, LastGCWorkers: 3,000, GCWorkers: 1,000
[2024-02-14T16:49:32.007+0100][debug][gc,director    ] Rule: Allocation Rate (Dynamic GC Workers), MaxAllocRate: 5159,4MB/s (+/-12,2%), Free: 10496MB, GCCPUTime: 0,578, GCDuration: 0,578s, TimeUntilOOM: 1,813s, TimeUntilGC: 1,134s, GCWorkers: 3 -> 1
[2024-02-14T16:49:32.007+0100][debug][gc,director    ] Rule: High Usage, Free: 10494MB(68,3%)
[2024-02-14T16:49:32.007+0100][debug][gc,director    ] Rule: Proactive, AcceptableGCInterval: 5,866s, TimeSinceLastGC: 1,087s, TimeUntilGC: 4,779s
[2024-02-14T16:49:32.108+0100][debug][gc,alloc       ] Allocation Rate: 3716,0MB/s, Predicted: 3891,3MB/s, Avg: 3329,8(+/-350,3)MB/s
[2024-02-14T16:49:32.108+0100][debug][gc,director    ] Select GC Workers (Try Lowering), AvoidLongGCWorkers: 0,057, AvoidOOMGCWorkers: 0,321, NextAvoidOOMGCWorkers: 0,230, LastGCWorkers: 3,000, GCWorkers: 1,000
[2024-02-14T16:49:32.108+0100][debug][gc,director    ] Rule: Allocation Rate (Dynamic GC Workers), MaxAllocRate: 5043,8MB/s (+/-10,5%), Free: 9966MB, GCCPUTime: 0,578, GCDuration: 0,578s, TimeUntilOOM: 1,788s, TimeUntilGC: 1,110s, GCWorkers: 3 -> 1
[2024-02-14T16:49:32.108+0100][debug][gc,director    ] Rule: High Usage, Free: 9966MB(64,9%)
[2024-02-14T16:49:32.108+0100][debug][gc,director    ] Rule: Proactive, AcceptableGCInterval: 5,866s, TimeSinceLastGC: 1,188s, TimeUntilGC: 4,679s
[2024-02-14T16:49:32.208+0100][debug][gc,alloc       ] Allocation Rate: 3678,0MB/s, Predicted: 3854,7MB/s, Avg: 3430,6(+/-284,8)MB/s
[2024-02-14T16:49:32.208+0100][debug][gc,director    ] Select GC Workers (Try Lowering), AvoidLongGCWorkers: 0,057, AvoidOOMGCWorkers: 0,306, NextAvoidOOMGCWorkers: 0,214, LastGCWorkers: 3,000, GCWorkers: 1,000
[2024-02-14T16:49:32.208+0100][debug][gc,director    ] Rule: Allocation Rate (Dynamic GC Workers), MaxAllocRate: 4791,8MB/s (+/-8,3%), Free: 9734MB, GCCPUTime: 0,578, GCDuration: 0,578s, TimeUntilOOM: 1,876s, TimeUntilGC: 1,197s, GCWorkers: 3 -> 1
[2024-02-14T16:49:32.208+0100][debug][gc,director    ] Rule: High Usage, Free: 9734MB(63,4%)
[2024-02-14T16:49:32.208+0100][debug][gc,director    ] Rule: Proactive, AcceptableGCInterval: 5,866s, TimeSinceLastGC: 1,288s, TimeUntilGC: 4,578s
[2024-02-14T16:49:32.308+0100][debug][gc,alloc       ] Allocation Rate: 3204,0MB/s, Predicted: 3715,3MB/s, Avg: 3426,2(+/-287,9)MB/s
[2024-02-14T16:49:32.308+0100][debug][gc,director    ] Select GC Workers (Try Lowering), AvoidLongGCWorkers: 0,057, AvoidOOMGCWorkers: 0,306, NextAvoidOOMGCWorkers: 0,206, LastGCWorkers: 3,000, GCWorkers: 1,000
[2024-02-14T16:49:32.308+0100][debug][gc,director    ] Rule: Allocation Rate (Dynamic GC Workers), MaxAllocRate: 4662,7MB/s (+/-8,4%), Free: 9482MB, GCCPUTime: 0,578, GCDuration: 0,578s, TimeUntilOOM: 1,876s, TimeUntilGC: 1,198s, GCWorkers: 3 -> 1
[2024-02-14T16:49:32.308+0100][debug][gc,director    ] Rule: High Usage, Free: 9482MB(61,7%)
[2024-02-14T16:49:32.308+0100][debug][gc,director    ] Rule: Proactive, AcceptableGCInterval: 5,866s, TimeSinceLastGC: 1,388s, TimeUntilGC: 4,478s
[2024-02-14T16:49:32.407+0100][debug][gc,alloc       ] Allocation Rate: 3680,0MB/s, Predicted: 3717,6MB/s, Avg: 3488,8(+/-267,5)MB/s
[2024-02-14T16:49:32.407+0100][debug][gc,director    ] Select GC Workers (Try Lowering), AvoidLongGCWorkers: 0,057, AvoidOOMGCWorkers: 0,324, NextAvoidOOMGCWorkers: 0,206, LastGCWorkers: 3,000, GCWorkers: 1,000
[2024-02-14T16:49:32.407+0100][debug][gc,director    ] Rule: Allocation Rate (Dynamic GC Workers), MaxAllocRate: 4597,8MB/s (+/-7,7%), Free: 8792MB, GCCPUTime: 0,578, GCDuration: 0,578s, TimeUntilOOM: 1,776s, TimeUntilGC: 1,098s, GCWorkers: 3 -> 1
[2024-02-14T16:49:32.407+0100][debug][gc,director    ] Rule: High Usage, Free: 8792MB(57,2%)
[2024-02-14T16:49:32.407+0100][debug][gc,director    ] Rule: Proactive, AcceptableGCInterval: 5,866s, TimeSinceLastGC: 1,487s, TimeUntilGC: 4,379s
[2024-02-14T16:49:32.507+0100][debug][gc,alloc       ] Allocation Rate: 3744,0MB/s, Predicted: 3684,5MB/s, Avg: 3565,0(+/-215,8)MB/s
[2024-02-14T16:49:32.507+0100][debug][gc,director    ] Select GC Workers (Try Lowering), AvoidLongGCWorkers: 0,057, AvoidOOMGCWorkers: 0,314, NextAvoidOOMGCWorkers: 0,195, LastGCWorkers: 3,000, GCWorkers: 1,000
[2024-02-14T16:49:32.507+0100][debug][gc,director    ] Rule: Allocation Rate (Dynamic GC Workers), MaxAllocRate: 4394,7MB/s (+/-6,1%), Free: 8538MB, GCCPUTime: 0,578, GCDuration: 0,578s, TimeUntilOOM: 1,832s, TimeUntilGC: 1,154s, GCWorkers: 3 -> 1
[2024-02-14T16:49:32.507+0100][debug][gc,director    ] Rule: High Usage, Free: 8538MB(55,6%)
[2024-02-14T16:49:32.507+0100][debug][gc,director    ] Rule: Proactive, AcceptableGCInterval: 5,866s, TimeSinceLastGC: 1,587s, TimeUntilGC: 4,279s
[2024-02-14T16:49:32.608+0100][debug][gc,alloc       ] Allocation Rate: 3732,0MB/s, Predicted: 3633,2MB/s, Avg: 3626,0(+/-161,3)MB/s
[2024-02-14T16:49:32.608+0100][debug][gc,director    ] Select GC Workers (Try Lowering), AvoidLongGCWorkers: 0,057, AvoidOOMGCWorkers: 0,302, NextAvoidOOMGCWorkers: 0,185, LastGCWorkers: 3,000, GCWorkers: 1,000
[2024-02-14T16:49:32.608+0100][debug][gc,director    ] Rule: Allocation Rate (Dynamic GC Workers), MaxAllocRate: 4164,0MB/s (+/-4,4%), Free: 8288MB, GCCPUTime: 0,578, GCDuration: 0,578s, TimeUntilOOM: 1,906s, TimeUntilGC: 1,227s, GCWorkers: 3 -> 1
[2024-02-14T16:49:32.608+0100][debug][gc,director    ] Rule: High Usage, Free: 8288MB(54,0%)
[2024-02-14T16:49:32.608+0100][debug][gc,director    ] Rule: Proactive, AcceptableGCInterval: 5,866s, TimeSinceLastGC: 1,688s, TimeUntilGC: 4,178s
[2024-02-14T16:49:32.708+0100][debug][gc,alloc       ] Allocation Rate: 3630,0MB/s, Predicted: 3642,8MB/s, Avg: 3623,4(+/-161,0)MB/s
[2024-02-14T16:49:32.708+0100][debug][gc,director    ] Select GC Workers (Try Lowering), AvoidLongGCWorkers: 0,057, AvoidOOMGCWorkers: 0,324, NextAvoidOOMGCWorkers: 0,187, LastGCWorkers: 3,000, GCWorkers: 1,000
[2024-02-14T16:49:32.708+0100][debug][gc,director    ] Rule: Allocation Rate (Dynamic GC Workers), MaxAllocRate: 4172,6MB/s (+/-4,4%), Free: 7720MB, GCCPUTime: 0,578, GCDuration: 0,578s, TimeUntilOOM: 1,771s, TimeUntilGC: 1,093s, GCWorkers: 3 -> 1
[2024-02-14T16:49:32.708+0100][debug][gc,director    ] Rule: High Usage, Free: 7720MB(50,3%)
[2024-02-14T16:49:32.708+0100][debug][gc,director    ] Rule: Proactive, AcceptableGCInterval: 5,866s, TimeSinceLastGC: 1,788s, TimeUntilGC: 4,078s
[2024-02-14T16:49:32.807+0100][debug][gc,alloc       ] Allocation Rate: 3724,0MB/s, Predicted: 3691,7MB/s, Avg: 3630,2(+/-163,7)MB/s
[2024-02-14T16:49:32.807+0100][debug][gc,director    ] Select GC Workers (Try Lowering), AvoidLongGCWorkers: 0,057, AvoidOOMGCWorkers: 0,345, NextAvoidOOMGCWorkers: 0,187, LastGCWorkers: 3,000, GCWorkers: 1,000
[2024-02-14T16:49:32.807+0100][debug][gc,director    ] Rule: Allocation Rate (Dynamic GC Workers), MaxAllocRate: 4230,3MB/s (+/-4,5%), Free: 7368MB, GCCPUTime: 0,578, GCDuration: 0,578s, TimeUntilOOM: 1,667s, TimeUntilGC: 0,988s, GCWorkers: 3 -> 1
[2024-02-14T16:49:32.807+0100][debug][gc,director    ] Rule: High Usage, Free: 7368MB(48,0%)
[2024-02-14T16:49:32.807+0100][debug][gc,director    ] Rule: Proactive, AcceptableGCInterval: 5,866s, TimeSinceLastGC: 1,887s, TimeUntilGC: 3,979s
[2024-02-14T16:49:32.908+0100][debug][gc,alloc       ] Allocation Rate: 3742,0MB/s, Predicted: 3765,2MB/s, Avg: 3630,6(+/-163,9)MB/s
[2024-02-14T16:49:32.908+0100][debug][gc,director    ] Select GC Workers (Try Lowering), AvoidLongGCWorkers: 0,057, AvoidOOMGCWorkers: 0,364, NextAvoidOOMGCWorkers: 0,186, LastGCWorkers: 3,000, GCWorkers: 1,000
[2024-02-14T16:49:32.908+0100][debug][gc,director    ] Rule: Allocation Rate (Dynamic GC Workers), MaxAllocRate: 4304,6MB/s (+/-4,5%), Free: 7114MB, GCCPUTime: 0,578, GCDuration: 0,578s, TimeUntilOOM: 1,581s, TimeUntilGC: 0,903s, GCWorkers: 3 -> 1
[2024-02-14T16:49:32.908+0100][debug][gc,director    ] Rule: High Usage, Free: 7114MB(46,3%)
[2024-02-14T16:49:32.908+0100][debug][gc,director    ] Rule: Proactive, AcceptableGCInterval: 5,866s, TimeSinceLastGC: 1,988s, TimeUntilGC: 3,878s
[2024-02-14T16:49:33.007+0100][debug][gc,alloc       ] Allocation Rate: 3648,0MB/s, Predicted: 3725,6MB/s, Avg: 3649,8(+/-153,3)MB/s
[2024-02-14T16:49:33.007+0100][debug][gc,director    ] Select GC Workers (Try Lowering), AvoidLongGCWorkers: 0,057, AvoidOOMGCWorkers: 0,370, NextAvoidOOMGCWorkers: 0,182, LastGCWorkers: 3,000, GCWorkers: 1,000
[2024-02-14T16:49:33.007+0100][debug][gc,director    ] Rule: Allocation Rate (Dynamic GC Workers), MaxAllocRate: 4229,9MB/s (+/-4,2%), Free: 6850MB, GCCPUTime: 0,578, GCDuration: 0,578s, TimeUntilOOM: 1,554s, TimeUntilGC: 0,876s, GCWorkers: 3 -> 1
[2024-02-14T16:49:33.007+0100][debug][gc,director    ] Rule: High Usage, Free: 6850MB(44,6%)
[2024-02-14T16:49:33.007+0100][debug][gc,director    ] Rule: Proactive, AcceptableGCInterval: 5,866s, TimeSinceLastGC: 2,087s, TimeUntilGC: 3,779s
[2024-02-14T16:49:33.107+0100][debug][gc,alloc       ] Allocation Rate: 3786,0MB/s, Predicted: 3797,7MB/s, Avg: 3656,8(+/-157,7)MB/s
[2024-02-14T16:49:33.107+0100][debug][gc,director    ] Select GC Workers (Try Lowering), AvoidLongGCWorkers: 0,057, AvoidOOMGCWorkers: 0,419, NextAvoidOOMGCWorkers: 0,187, LastGCWorkers: 3,000, GCWorkers: 1,000
[2024-02-14T16:49:33.107+0100][debug][gc,director    ] Rule: Allocation Rate (Dynamic GC Workers), MaxAllocRate: 4316,5MB/s (+/-4,3%), Free: 6180MB, GCCPUTime: 0,578, GCDuration: 0,578s, TimeUntilOOM: 1,373s, TimeUntilGC: 0,694s, GCWorkers: 3 -> 1
[2024-02-14T16:49:33.107+0100][debug][gc,director    ] Rule: High Usage, Free: 6180MB(40,2%)
[2024-02-14T16:49:33.107+0100][debug][gc,director    ] Rule: Proactive, AcceptableGCInterval: 5,866s, TimeSinceLastGC: 2,187s, TimeUntilGC: 3,679s
[2024-02-14T16:49:33.207+0100][debug][gc,alloc       ] Allocation Rate: 3800,0MB/s, Predicted: 3860,7MB/s, Avg: 3669,0(+/-163,4)MB/s
[2024-02-14T16:49:33.207+0100][debug][gc,director    ] Select GC Workers (Try Lowering), AvoidLongGCWorkers: 0,057, AvoidOOMGCWorkers: 0,445, NextAvoidOOMGCWorkers: 0,185, LastGCWorkers: 3,000, GCWorkers: 1,000
[2024-02-14T16:49:33.207+0100][debug][gc,director    ] Rule: Allocation Rate (Dynamic GC Workers), MaxAllocRate: 4398,4MB/s (+/-4,5%), Free: 5934MB, GCCPUTime: 0,578, GCDuration: 0,578s, TimeUntilOOM: 1,292s, TimeUntilGC: 0,613s, GCWorkers: 3 -> 1
[2024-02-14T16:49:33.207+0100][debug][gc,director    ] Rule: High Usage, Free: 5934MB(38,6%)
[2024-02-14T16:49:33.207+0100][debug][gc,director    ] Rule: Proactive, AcceptableGCInterval: 5,866s, TimeSinceLastGC: 2,287s, TimeUntilGC: 3,579s
[2024-02-14T16:49:33.308+0100][debug][gc,alloc       ] Allocation Rate: 3810,0MB/s, Predicted: 3793,1MB/s, Avg: 3729,6(+/-58,3)MB/s
[2024-02-14T16:49:33.308+0100][debug][gc,director    ] Select GC Workers (Try Lowering), AvoidLongGCWorkers: 0,057, AvoidOOMGCWorkers: 0,410, NextAvoidOOMGCWorkers: 0,174, LastGCWorkers: 3,000, GCWorkers: 1,000
[2024-02-14T16:49:33.308+0100][debug][gc,director    ] Rule: Allocation Rate (Dynamic GC Workers), MaxAllocRate: 3985,0MB/s (+/-1,6%), Free: 5672MB, GCCPUTime: 0,578, GCDuration: 0,578s, TimeUntilOOM: 1,401s, TimeUntilGC: 0,723s, GCWorkers: 3 -> 1
[2024-02-14T16:49:33.308+0100][debug][gc,director    ] Rule: High Usage, Free: 5672MB(36,9%)
[2024-02-14T16:49:33.308+0100][debug][gc,director    ] Rule: Proactive, AcceptableGCInterval: 5,866s, TimeSinceLastGC: 2,388s, TimeUntilGC: 3,479s
[2024-02-14T16:49:33.408+0100][debug][gc,alloc       ] Allocation Rate: 3644,0MB/s, Predicted: 3745,6MB/s, Avg: 3726,0(+/-62,3)MB/s
[2024-02-14T16:49:33.408+0100][debug][gc,director    ] Select GC Workers (Try Lowering), AvoidLongGCWorkers: 0,057, AvoidOOMGCWorkers: 0,449, NextAvoidOOMGCWorkers: 0,175, LastGCWorkers: 3,000, GCWorkers: 1,000
[2024-02-14T16:49:33.408+0100][debug][gc,director    ] Rule: Allocation Rate (Dynamic GC Workers), MaxAllocRate: 3950,5MB/s (+/-1,7%), Free: 5148MB, GCCPUTime: 0,578, GCDuration: 0,578s, TimeUntilOOM: 1,282s, TimeUntilGC: 0,604s, GCWorkers: 3 -> 1
[2024-02-14T16:49:33.408+0100][debug][gc,director    ] Rule: High Usage, Free: 5146MB(33,5%)
[2024-02-14T16:49:33.408+0100][debug][gc,director    ] Rule: Proactive, AcceptableGCInterval: 5,866s, TimeSinceLastGC: 2,488s, TimeUntilGC: 3,378s
[2024-02-14T16:49:33.508+0100][debug][gc,alloc       ] Allocation Rate: 3726,0MB/s, Predicted: 3750,4MB/s, Avg: 3724,2(+/-62,0)MB/s
[2024-02-14T16:49:33.508+0100][debug][gc,director    ] Select GC Workers (Try Lowering), AvoidLongGCWorkers: 0,057, AvoidOOMGCWorkers: 0,481, NextAvoidOOMGCWorkers: 0,174, LastGCWorkers: 3,000, GCWorkers: 1,000
[2024-02-14T16:49:33.508+0100][debug][gc,director    ] Rule: Allocation Rate (Dynamic GC Workers), MaxAllocRate: 3954,4MB/s (+/-1,7%), Free: 4812MB, GCCPUTime: 0,578, GCDuration: 0,578s, TimeUntilOOM: 1,197s, TimeUntilGC: 0,519s, GCWorkers: 3 -> 1
[2024-02-14T16:49:33.508+0100][debug][gc,director    ] Rule: High Usage, Free: 4812MB(31,3%)
[2024-02-14T16:49:33.508+0100][debug][gc,director    ] Rule: Proactive, AcceptableGCInterval: 5,866s, TimeSinceLastGC: 2,588s, TimeUntilGC: 3,278s
[2024-02-14T16:49:33.607+0100][debug][gc,alloc       ] Allocation Rate: 3724,0MB/s, Predicted: 3752,4MB/s, Avg: 3723,4(+/-61,9)MB/s
[2024-02-14T16:49:33.607+0100][debug][gc,director    ] Select GC Workers (Try Lowering), AvoidLongGCWorkers: 0,057, AvoidOOMGCWorkers: 0,507, NextAvoidOOMGCWorkers: 0,172, LastGCWorkers: 3,000, GCWorkers: 1,000
[2024-02-14T16:49:33.607+0100][debug][gc,director    ] Rule: Allocation Rate (Dynamic GC Workers), MaxAllocRate: 3956,2MB/s (+/-1,7%), Free: 4564MB, GCCPUTime: 0,578, GCDuration: 0,578s, TimeUntilOOM: 1,135s, TimeUntilGC: 0,457s, GCWorkers: 3 -> 1
[2024-02-14T16:49:33.607+0100][debug][gc,director    ] Rule: High Usage, Free: 4564MB(29,7%)
[2024-02-14T16:49:33.607+0100][debug][gc,director    ] Rule: Proactive, AcceptableGCInterval: 5,866s, TimeSinceLastGC: 2,687s, TimeUntilGC: 3,179s
[2024-02-14T16:49:33.707+0100][debug][gc,alloc       ] Allocation Rate: 3394,0MB/s, Predicted: 3595,7MB/s, Avg: 3699,8(+/-115,1)MB/s
[2024-02-14T16:49:33.707+0100][debug][gc,director    ] Select GC Workers (Try Lowering), AvoidLongGCWorkers: 0,057, AvoidOOMGCWorkers: 0,560, NextAvoidOOMGCWorkers: 0,172, LastGCWorkers: 3,000, GCWorkers: 1,000
[2024-02-14T16:49:33.707+0100][debug][gc,director    ] Rule: Allocation Rate (Dynamic GC Workers), MaxAllocRate: 4078,7MB/s (+/-3,1%), Free: 4328MB, GCCPUTime: 0,578, GCDuration: 0,578s, TimeUntilOOM: 1,029s, TimeUntilGC: 0,351s, GCWorkers: 3 -> 1
[2024-02-14T16:49:33.707+0100][debug][gc,director    ] Rule: High Usage, Free: 4328MB(28,2%)
[2024-02-14T16:49:33.707+0100][debug][gc,director    ] Rule: Proactive, AcceptableGCInterval: 5,866s, TimeSinceLastGC: 2,787s, TimeUntilGC: 3,079s
[2024-02-14T16:49:33.807+0100][debug][gc,alloc       ] Allocation Rate: 3718,0MB/s, Predicted: 3609,5MB/s, Avg: 3699,2(+/-115,0)MB/s
[2024-02-14T16:49:33.807+0100][debug][gc,director    ] Select GC Workers (Try Lowering), AvoidLongGCWorkers: 0,057, AvoidOOMGCWorkers: 0,664, NextAvoidOOMGCWorkers: 0,175, LastGCWorkers: 3,000, GCWorkers: 1,000
[2024-02-14T16:49:33.807+0100][debug][gc,director    ] Rule: Allocation Rate (Dynamic GC Workers), MaxAllocRate: 4077,7MB/s (+/-3,1%), Free: 3650MB, GCCPUTime: 0,578, GCDuration: 0,578s, TimeUntilOOM: 0,868s, TimeUntilGC: 0,190s, GCWorkers: 3 -> 1
[2024-02-14T16:49:33.807+0100][debug][gc,director    ] Rule: High Usage, Free: 3650MB(23,8%)
[2024-02-14T16:49:33.807+0100][debug][gc,director    ] Rule: Proactive, AcceptableGCInterval: 5,866s, TimeSinceLastGC: 2,887s, TimeUntilGC: 2,979s
[2024-02-14T16:49:33.908+0100][debug][gc,alloc       ] Allocation Rate: 3684,0MB/s, Predicted: 3614,8MB/s, Avg: 3693,4(+/-114,2)MB/s
[2024-02-14T16:49:33.908+0100][debug][gc,director    ] Select GC Workers (Try Lowering), AvoidLongGCWorkers: 0,057, AvoidOOMGCWorkers: 0,705, NextAvoidOOMGCWorkers: 0,173, LastGCWorkers: 3,000, GCWorkers: 1,000
[2024-02-14T16:49:33.908+0100][debug][gc,director    ] Rule: Allocation Rate (Dynamic GC Workers), MaxAllocRate: 4069,1MB/s (+/-3,1%), Free: 3432MB, GCCPUTime: 0,578, GCDuration: 0,578s, TimeUntilOOM: 0,818s, TimeUntilGC: 0,140s, GCWorkers: 3 -> 1
[2024-02-14T16:49:33.908+0100][debug][gc,director    ] Rule: High Usage, Free: 3432MB(22,3%)
[2024-02-14T16:49:33.908+0100][debug][gc,director    ] Rule: Proactive, AcceptableGCInterval: 5,866s, TimeSinceLastGC: 2,988s, TimeUntilGC: 2,879s
[2024-02-14T16:49:34.008+0100][debug][gc,alloc       ] Allocation Rate: 3666,0MB/s, Predicted: 3591,7MB/s, Avg: 3695,2(+/-113,6)MB/s
[2024-02-14T16:49:34.008+0100][debug][gc,director    ] Select GC Workers (Try Lowering), AvoidLongGCWorkers: 0,057, AvoidOOMGCWorkers: 0,760, NextAvoidOOMGCWorkers: 0,171, LastGCWorkers: 3,000, GCWorkers: 1,000
[2024-02-14T16:49:34.008+0100][debug][gc,director    ] Rule: Allocation Rate (Dynamic GC Workers), MaxAllocRate: 4069,0MB/s (+/-3,1%), Free: 3184MB, GCCPUTime: 0,578, GCDuration: 0,578s, TimeUntilOOM: 0,759s, TimeUntilGC: 0,081s, GCWorkers: 3 -> 1
[2024-02-14T16:49:34.008+0100][debug][gc,director    ] Rule: High Usage, Free: 3184MB(20,7%)
[2024-02-14T16:49:34.008+0100][debug][gc,director    ] Rule: Proactive, AcceptableGCInterval: 5,866s, TimeSinceLastGC: 3,088s, TimeUntilGC: 2,778s
[2024-02-14T16:49:34.108+0100][debug][gc,alloc       ] Allocation Rate: 3236,0MB/s, Predicted: 3432,3MB/s, Avg: 3640,2(+/-173,6)MB/s
[2024-02-14T16:49:34.108+0100][debug][gc,director    ] Select GC Workers (Try Lowering), AvoidLongGCWorkers: 0,057, AvoidOOMGCWorkers: 0,866, NextAvoidOOMGCWorkers: 0,170, LastGCWorkers: 3,000, GCWorkers: 1,000
[2024-02-14T16:49:34.108+0100][debug][gc,director    ] Rule: Allocation Rate (Dynamic GC Workers), MaxAllocRate: 4211,5MB/s (+/-4,8%), Free: 2944MB, GCCPUTime: 0,578, GCDuration: 0,578s, TimeUntilOOM: 0,667s, TimeUntilGC: -0,011s, GCWorkers: 3 -> 1
[2024-02-14T16:49:34.108+0100][debug][gc,heap        ] GC(12) Heap before GC invocations=12 (full 12):
[2024-02-14T16:49:34.108+0100][debug][gc,heap        ] GC(12)  ZHeap           used 12374M, capacity 13394M, max capacity 15360M
[2024-02-14T16:49:34.108+0100][debug][gc,heap        ] GC(12)  Metaspace       used 31263K, committed 31680K, reserved 1114112K
[2024-02-14T16:49:34.108+0100][debug][gc,heap        ] GC(12)   class space    used 3306K, committed 3520K, reserved 1048576K
[2024-02-14T16:49:34.108+0100][info ][gc,start       ] GC(12) Garbage Collection (Allocation Rate)
[2024-02-14T16:49:34.108+0100][info ][gc,task        ] GC(12) Using 1 workers
[2024-02-14T16:49:34.108+0100][debug][gc,phases,start] GC(12) Pause Mark Start
[2024-02-14T16:49:34.108+0100][debug][gc,marking     ] GC(12) Using 1 mark stripes
[2024-02-14T16:49:34.108+0100][debug][gc,marking     ] GC(12) Mark Worker/Stripe Distribution
[2024-02-14T16:49:34.108+0100][debug][gc,marking     ] GC(12)   Worker 0(1) -> Stripe 0(1)
[2024-02-14T16:49:34.108+0100][info ][gc,phases      ] GC(12) Pause Mark Start 0,057ms
[2024-02-14T16:49:34.108+0100][debug][gc,phases,start] GC(12) Concurrent Mark
[2024-02-14T16:49:34.108+0100][debug][gc,task        ] GC(12) Executing Task: XMarkRootsTask, Active Workers: 1
[2024-02-14T16:49:34.110+0100][debug][gc,tlab        ] GC(12) TLAB totals: thrds: 27  refills: 46305 max: 28087 slow allocs: 6868 max 572 waste:  0,8% gc: 1984432B max: 260272B slow: 88405136B max: 43337512B
[2024-02-14T16:49:34.110+0100][debug][gc,task        ] GC(12) Executing Task: XMarkTask, Active Workers: 1
[2024-02-14T16:49:34.138+0100][debug][gc,marking     ] Expanding mark stack space: 32M->64M
[2024-02-14T16:49:34.171+0100][debug][gc,marking     ] Expanding mark stack space: 64M->96M
[2024-02-14T16:49:34.207+0100][debug][gc,alloc       ] Allocation Rate: 3604,0MB/s, Predicted: 3460,4MB/s, Avg: 3620,6(+/-165,3)MB/s
[2024-02-14T16:49:34.307+0100][debug][gc,alloc       ] Allocation Rate: 3560,0MB/s, Predicted: 3486,7MB/s, Avg: 3595,6(+/-153,3)MB/s
[2024-02-14T16:49:34.407+0100][debug][gc,alloc       ] Allocation Rate: 3242,0MB/s, Predicted: 3358,1MB/s, Avg: 3555,4(+/-184,8)MB/s
[2024-02-14T16:49:34.435+0100][info ][gc,phases      ] GC(12) Concurrent Mark 326,230ms
[2024-02-14T16:49:34.435+0100][debug][gc,phases,start] GC(12) Pause Mark End
[2024-02-14T16:49:34.435+0100][info ][gc,phases      ] GC(12) Pause Mark End 0,040ms
[2024-02-14T16:49:34.435+0100][debug][gc,phases,start] GC(12) Concurrent Mark Free
[2024-02-14T16:49:34.435+0100][info ][gc,phases      ] GC(12) Concurrent Mark Free 0,027ms
[2024-02-14T16:49:34.435+0100][debug][gc,phases,start] GC(12) Concurrent Process Non-Strong References
[2024-02-14T16:49:34.435+0100][debug][gc,phases,start] GC(12) Concurrent References Process
[2024-02-14T16:49:34.435+0100][debug][gc,task        ] GC(12) Executing Task: XReferenceProcessorTask, Active Workers: 1
[2024-02-14T16:49:34.443+0100][debug][gc,phases      ] GC(12) Concurrent References Process 7,625ms
[2024-02-14T16:49:34.443+0100][debug][gc,task        ] GC(12) Executing Task: XProcessWeakRootsTask, Active Workers: 1
[2024-02-14T16:49:34.443+0100][debug][gc,phases,start] GC(12) Concurrent Classes Unlink
[2024-02-14T16:49:34.443+0100][debug][gc,phases,start] GC(12) ClassLoaderData
[2024-02-14T16:49:34.443+0100][debug][gc,phases      ] GC(12) ClassLoaderData 0,034ms
[2024-02-14T16:49:34.443+0100][debug][gc,phases,start] GC(12) Trigger cleanups
[2024-02-14T16:49:34.443+0100][debug][gc,phases      ] GC(12) Trigger cleanups 0,007ms
[2024-02-14T16:49:34.443+0100][debug][gc,task        ] GC(12) Executing Task: XNMethodUnlinkTask, Active Workers: 1
[2024-02-14T16:49:34.447+0100][debug][gc,phases      ] GC(12) Concurrent Classes Unlink 4,113ms
[2024-02-14T16:49:34.447+0100][debug][gc,phases,start] GC(12) Concurrent Classes Purge
[2024-02-14T16:49:34.447+0100][debug][gc,nmethod     ] GC(12) Unregister NMethod: java.util.concurrent.ConcurrentHashMap.addCount (0x00007f9f2b385c90)
[2024-02-14T16:49:34.447+0100][debug][gc,nmethod     ] GC(12) Unregister NMethod: io.sirix.page.interfaces.Page.clearPage (0x00007f9f0bc88790)
[2024-02-14T16:49:34.447+0100][debug][gc,nmethod     ] GC(12) Unregister NMethod: io.sirix.page.delegates.FullReferencesPage.<init> (0x00007f9f0baa3490)
[2024-02-14T16:49:34.447+0100][debug][gc,nmethod     ] GC(12) Unregister NMethod: it.unimi.dsi.fastutil.shorts.ShortArrayList$1.hasNext (0x00007f9f0c062910)
[2024-02-14T16:49:34.447+0100][debug][gc,nmethod     ] GC(12) Unregister NMethod: jdk.internal.misc.Unsafe.getLongUnaligned (0x00007f9f0bad2690)
[2024-02-14T16:49:34.447+0100][debug][gc,nmethod     ] GC(12) Unregister NMethod: java.util.concurrent.ForkJoinPool$WorkQueue.push (0x00007f9f2b722b90)
[2024-02-14T16:49:34.447+0100][debug][gc,nmethod     ] GC(12) Unregister NMethod: java.util.concurrent.ForkJoinPool.scan (0x00007f9f2b6aa290)
[2024-02-14T16:49:34.447+0100][debug][gc,nmethod     ] GC(12) Unregister NMethod: io.sirix.page.SerializationType$1.deserializeFullReferencesPage (0x00007f9f0c15e410)
[2024-02-14T16:49:34.447+0100][debug][gc,nmethod     ] GC(12) Unregister NMethod: java.nio.HeapByteBuffer.getLong (0x00007f9f0c042e90)
[2024-02-14T16:49:34.447+0100][debug][gc,phases      ] GC(12) Concurrent Classes Purge 0,109ms
[2024-02-14T16:49:34.447+0100][debug][gc,phases,start] GC(12) Concurrent References Enqueue
[2024-02-14T16:49:34.448+0100][debug][gc,phases      ] GC(12) Concurrent References Enqueue 0,010ms
[2024-02-14T16:49:34.448+0100][info ][gc,phases      ] GC(12) Concurrent Process Non-Strong References 12,671ms
[2024-02-14T16:49:34.448+0100][debug][gc,phases,start] GC(12) Concurrent Reset Relocation Set
[2024-02-14T16:49:34.448+0100][info ][gc,phases      ] GC(12) Concurrent Reset Relocation Set 0,018ms
[2024-02-14T16:49:34.448+0100][debug][gc,phases,start] GC(12) Concurrent Select Relocation Set
[2024-02-14T16:49:34.449+0100][debug][gc,task        ] GC(12) Executing Task: XRelocationSetInstallTask, Active Workers: 1
[2024-02-14T16:49:34.450+0100][info ][gc,phases      ] GC(12) Concurrent Select Relocation Set 2,390ms
[2024-02-14T16:49:34.450+0100][debug][gc,phases,start] GC(12) Pause Relocate Start
[2024-02-14T16:49:34.450+0100][info ][gc,phases      ] GC(12) Pause Relocate Start 0,033ms
[2024-02-14T16:49:34.450+0100][debug][gc,phases,start] GC(12) Concurrent Relocate
[2024-02-14T16:49:34.450+0100][debug][gc,task        ] GC(12) Executing Task: XRelocateTask, Active Workers: 1
[2024-02-14T16:49:34.464+0100][info ][gc,phases      ] GC(12) Concurrent Relocate 13,512ms
[2024-02-14T16:49:34.464+0100][debug][gc,heap        ] GC(12) Heap after GC invocations=13 (full 13):
[2024-02-14T16:49:34.464+0100][debug][gc,heap        ] GC(12)  ZHeap           used 1876M, capacity 13466M, max capacity 15360M
[2024-02-14T16:49:34.464+0100][debug][gc,heap        ] GC(12)  Metaspace       used 31266K, committed 31680K, reserved 1114112K
[2024-02-14T16:49:34.464+0100][debug][gc,heap        ] GC(12)   class space    used 3306K, committed 3520K, reserved 1048576K
[2024-02-14T16:49:34.464+0100][info ][gc,load        ] GC(12) Load: 2,25/1,40/1,59
[2024-02-14T16:49:34.464+0100][info ][gc,mmu         ] GC(12) MMU: 2ms/92,8%, 5ms/97,1%, 10ms/98,6%, 20ms/99,1%, 50ms/99,6%, 100ms/99,8%
[2024-02-14T16:49:34.464+0100][info ][gc,marking     ] GC(12) Mark: 1 stripe(s), 2 proactive flush(es), 1 terminate flush(es), 0 completion(s), 0 continuation(s) 
[2024-02-14T16:49:34.464+0100][info ][gc,marking     ] GC(12) Mark Stack Usage: 96M
[2024-02-14T16:49:34.464+0100][info ][gc,nmethod     ] GC(12) NMethods: 3930 registered, 1130 unregistered
[2024-02-14T16:49:34.464+0100][info ][gc,metaspace   ] GC(12) Metaspace: 30M used, 30M committed, 1088M reserved
[2024-02-14T16:49:34.464+0100][info ][gc,ref         ] GC(12) Soft: 3825 encountered, 0 discovered, 0 enqueued
[2024-02-14T16:49:34.464+0100][info ][gc,ref         ] GC(12) Weak: 1901 encountered, 125 discovered, 0 enqueued
[2024-02-14T16:49:34.464+0100][info ][gc,ref         ] GC(12) Final: 18924 encountered, 18924 discovered, 18924 enqueued
[2024-02-14T16:49:34.464+0100][info ][gc,ref         ] GC(12) Phantom: 19357 encountered, 19207 discovered, 18975 enqueued
[2024-02-14T16:49:34.464+0100][info ][gc,reloc       ] GC(12) Small Pages: 6171 / 12342M, Empty: 6474M, Relocated: 5M, In-Place: 0
[2024-02-14T16:49:34.464+0100][info ][gc,reloc       ] GC(12) Medium Pages: 1 / 32M, Empty: 0M, Relocated: 0M, In-Place: 0
[2024-02-14T16:49:34.464+0100][info ][gc,reloc       ] GC(12) Large Pages: 0 / 0M, Empty: 0M, Relocated: 0M, In-Place: 0
[2024-02-14T16:49:34.464+0100][info ][gc,reloc       ] GC(12) Forwarding Usage: 2M
[2024-02-14T16:49:34.464+0100][info ][gc,heap        ] GC(12) Min Capacity: 5120M(33%)
[2024-02-14T16:49:34.464+0100][info ][gc,heap        ] GC(12) Max Capacity: 15360M(100%)
[2024-02-14T16:49:34.464+0100][info ][gc,heap        ] GC(12) Soft Max Capacity: 15360M(100%)
[2024-02-14T16:49:34.464+0100][info ][gc,heap        ] GC(12)                Mark Start          Mark End        Relocate Start      Relocate End           High               Low         
[2024-02-14T16:49:34.464+0100][info ][gc,heap        ] GC(12)  Capacity:    13394M (87%)       13448M (88%)       13466M (88%)       13466M (88%)       13466M (88%)       13394M (87%)    
[2024-02-14T16:49:34.464+0100][info ][gc,heap        ] GC(12)      Free:     2986M (19%)        1912M (12%)        8362M (54%)       13484M (88%)       13484M (88%)        1894M (12%)    
[2024-02-14T16:49:34.464+0100][info ][gc,heap        ] GC(12)      Used:    12374M (81%)       13448M (88%)        6998M (46%)        1876M (12%)       13466M (88%)        1876M (12%)    
[2024-02-14T16:49:34.464+0100][info ][gc,heap        ] GC(12)      Live:         -               552M (4%)          552M (4%)          552M (4%)             -                  -          
[2024-02-14T16:49:34.464+0100][info ][gc,heap        ] GC(12) Allocated:         -              1074M (7%)         1098M (7%)         1128M (7%)             -                  -          
[2024-02-14T16:49:34.464+0100][info ][gc,heap        ] GC(12)   Garbage:         -             11821M (77%)        5347M (35%)         195M (1%)             -                  -          
[2024-02-14T16:49:34.464+0100][info ][gc,heap        ] GC(12) Reclaimed:         -                  -              6474M (42%)       11626M (76%)            -                  -          
[2024-02-14T16:49:34.464+0100][info ][gc             ] GC(12) Garbage Collection (Allocation Rate) 12374M(81%)->1876M(12%)
[2024-02-14T16:49:34.507+0100][debug][gc,alloc       ] Allocation Rate: 3108,0MB/s, Predicted: 3224,7MB/s, Avg: 3493,6(+/-217,8)MB/s
[2024-02-14T16:49:34.507+0100][debug][gc,director    ] Select GC Workers (Normal), AvoidLongGCWorkers: 0,049, AvoidOOMGCWorkers: 0,164, LastGCWorkers: 1,000, GCWorkers: 0,164
[2024-02-14T16:49:34.507+0100][debug][gc,director    ] Rule: Allocation Rate (Dynamic GC Workers), MaxAllocRate: 4210,2MB/s (+/-6,2%), Free: 13330MB, GCCPUTime: 0,493, GCDuration: 0,493s, TimeUntilOOM: 2,980s, TimeUntilGC: 2,388s, GCWorkers: 1 -> 1
[2024-02-14T16:49:34.507+0100][debug][gc,director    ] Rule: High Usage, Free: 13330MB(86,8%)
[2024-02-14T16:49:34.507+0100][debug][gc,director    ] Rule: Proactive, UsedUntilEnabled: 1424MB, TimeUntilEnabled: 299,956s
[2024-02-14T16:49:34.607+0100][debug][gc,alloc       ] Allocation Rate: 3522,0MB/s, Predicted: 3297,5MB/s, Avg: 3473,4(+/-204,4)MB/s
[2024-02-14T16:49:34.607+0100][debug][gc,director    ] Select GC Workers (Normal), AvoidLongGCWorkers: 0,049, AvoidOOMGCWorkers: 0,169, LastGCWorkers: 1,000, GCWorkers: 0,169
[2024-02-14T16:49:34.607+0100][debug][gc,director    ] Rule: Allocation Rate (Dynamic GC Workers), MaxAllocRate: 4146,1MB/s (+/-5,9%), Free: 12670MB, GCCPUTime: 0,493, GCDuration: 0,493s, TimeUntilOOM: 2,886s, TimeUntilGC: 2,293s, GCWorkers: 1 -> 1
[2024-02-14T16:49:34.608+0100][debug][gc,director    ] Rule: High Usage, Free: 12670MB(82,5%)
[2024-02-14T16:49:34.608+0100][debug][gc,director    ] Rule: Proactive, UsedUntilEnabled: 764MB, TimeUntilEnabled: 299,856s
[2024-02-14T16:49:34.708+0100][debug][gc,alloc       ] Allocation Rate: 3520,0MB/s, Predicted: 3294,9MB/s, Avg: 3486,0(+/-203,0)MB/s
[2024-02-14T16:49:34.708+0100][debug][gc,director    ] Select GC Workers (Normal), AvoidLongGCWorkers: 0,049, AvoidOOMGCWorkers: 0,173, LastGCWorkers: 1,000, GCWorkers: 0,173
[2024-02-14T16:49:34.708+0100][debug][gc,director    ] Rule: Allocation Rate (Dynamic GC Workers), MaxAllocRate: 4154,1MB/s (+/-5,8%), Free: 12436MB, GCCPUTime: 0,493, GCDuration: 0,493s, TimeUntilOOM: 2,829s, TimeUntilGC: 2,236s, GCWorkers: 1 -> 1
[2024-02-14T16:49:34.708+0100][debug][gc,director    ] Rule: High Usage, Free: 12436MB(81,0%)
[2024-02-14T16:49:34.708+0100][debug][gc,director    ] Rule: Proactive, UsedUntilEnabled: 530MB, TimeUntilEnabled: 299,756s
[2024-02-14T16:49:34.808+0100][debug][gc,alloc       ] Allocation Rate: 3108,0MB/s, Predicted: 3205,6MB/s, Avg: 3425,0(+/-215,4)MB/s
[2024-02-14T16:49:34.808+0100][debug][gc,director    ] Select GC Workers (Normal), AvoidLongGCWorkers: 0,049, AvoidOOMGCWorkers: 0,176, LastGCWorkers: 1,000, GCWorkers: 0,176
[2024-02-14T16:49:34.808+0100][debug][gc,director    ] Rule: Allocation Rate (Dynamic GC Workers), MaxAllocRate: 4133,8MB/s (+/-6,3%), Free: 12170MB, GCCPUTime: 0,493, GCDuration: 0,493s, TimeUntilOOM: 2,770s, TimeUntilGC: 2,177s, GCWorkers: 1 -> 1
[2024-02-14T16:49:34.808+0100][debug][gc,director    ] Rule: High Usage, Free: 12170MB(79,2%)
[2024-02-14T16:49:34.808+0100][debug][gc,director    ] Rule: Proactive, UsedUntilEnabled: 264MB, TimeUntilEnabled: 299,656s
[2024-02-14T16:49:34.908+0100][debug][gc,alloc       ] Allocation Rate: 3452,0MB/s, Predicted: 3285,5MB/s, Avg: 3401,8(+/-198,1)MB/s
[2024-02-14T16:49:34.908+0100][debug][gc,director    ] Select GC Workers (Normal), AvoidLongGCWorkers: 0,049, AvoidOOMGCWorkers: 0,181, LastGCWorkers: 1,000, GCWorkers: 0,181
[2024-02-14T16:49:34.908+0100][debug][gc,director    ] Rule: Allocation Rate (Dynamic GC Workers), MaxAllocRate: 4053,6MB/s (+/-5,8%), Free: 11608MB, GCCPUTime: 0,493, GCDuration: 0,493s, TimeUntilOOM: 2,706s, TimeUntilGC: 2,113s, GCWorkers: 1 -> 1
[2024-02-14T16:49:34.908+0100][debug][gc,director    ] Rule: High Usage, Free: 11608MB(75,6%)
[2024-02-14T16:49:34.908+0100][debug][gc,director    ] Rule: Proactive, AcceptableGCInterval: 5,025s, TimeSinceLastGC: 0,444s, TimeUntilGC: 4,581s
[2024-02-14T16:49:35.007+0100][debug][gc,alloc       ] Allocation Rate: 3596,0MB/s, Predicted: 3433,6MB/s, Avg: 3394,8(+/-189,7)MB/s
[2024-02-14T16:49:35.007+0100][debug][gc,director    ] Select GC Workers (Normal), AvoidLongGCWorkers: 0,049, AvoidOOMGCWorkers: 0,187, LastGCWorkers: 1,000, GCWorkers: 0,187
[2024-02-14T16:49:35.007+0100][debug][gc,director    ] Rule: Allocation Rate (Dynamic GC Workers), MaxAllocRate: 4057,7MB/s (+/-5,6%), Free: 11216MB, GCCPUTime: 0,493, GCDuration: 0,493s, TimeUntilOOM: 2,618s, TimeUntilGC: 2,025s, GCWorkers: 1 -> 1
[2024-02-14T16:49:35.007+0100][debug][gc,director    ] Rule: High Usage, Free: 11216MB(73,0%)
[2024-02-14T16:49:35.007+0100][debug][gc,director    ] Rule: Proactive, AcceptableGCInterval: 5,025s, TimeSinceLastGC: 0,543s, TimeUntilGC: 4,481s
[2024-02-14T16:49:35.107+0100][debug][gc,alloc       ] Allocation Rate: 3624,0MB/s, Predicted: 3482,9MB/s, Avg: 3433,6(+/-192,9)MB/s
[2024-02-14T16:49:35.107+0100][debug][gc,director    ] Select GC Workers (Normal), AvoidLongGCWorkers: 0,049, AvoidOOMGCWorkers: 0,194, LastGCWorkers: 1,000, GCWorkers: 0,194
[2024-02-14T16:49:35.107+0100][debug][gc,director    ] Rule: Allocation Rate (Dynamic GC Workers), MaxAllocRate: 4117,6MB/s (+/-5,6%), Free: 10948MB, GCCPUTime: 0,493, GCDuration: 0,493s, TimeUntilOOM: 2,517s, TimeUntilGC: 1,925s, GCWorkers: 1 -> 1
[2024-02-14T16:49:35.107+0100][debug][gc,director    ] Rule: High Usage, Free: 10948MB(71,3%)
[2024-02-14T16:49:35.107+0100][debug][gc,director    ] Rule: Proactive, AcceptableGCInterval: 5,025s, TimeSinceLastGC: 0,644s, TimeUntilGC: 4,381s
[2024-02-14T16:49:35.207+0100][debug][gc,alloc       ] Allocation Rate: 3276,0MB/s, Predicted: 3465,3MB/s, Avg: 3400,8(+/-189,0)MB/s
[2024-02-14T16:49:35.207+0100][debug][gc,director    ] Select GC Workers (Normal), AvoidLongGCWorkers: 0,049, AvoidOOMGCWorkers: 0,197, LastGCWorkers: 1,000, GCWorkers: 0,197
[2024-02-14T16:49:35.207+0100][debug][gc,director    ] Rule: Allocation Rate (Dynamic GC Workers), MaxAllocRate: 4087,1MB/s (+/-5,6%), Free: 10682MB, GCCPUTime: 0,493, GCDuration: 0,493s, TimeUntilOOM: 2,476s, TimeUntilGC: 1,883s, GCWorkers: 1 -> 1
[2024-02-14T16:49:35.207+0100][debug][gc,director    ] Rule: High Usage, Free: 10682MB(69,5%)
[2024-02-14T16:49:35.207+0100][debug][gc,director    ] Rule: Proactive, AcceptableGCInterval: 5,025s, TimeSinceLastGC: 0,744s, TimeUntilGC: 4,281s
[2024-02-14T16:49:35.308+0100][debug][gc,alloc       ] Allocation Rate: 3750,0MB/s, Predicted: 3647,5MB/s, Avg: 3419,8(+/-212,1)MB/s
[2024-02-14T16:49:35.308+0100][debug][gc,director    ] Select GC Workers (Normal), AvoidLongGCWorkers: 0,049, AvoidOOMGCWorkers: 0,226, LastGCWorkers: 1,000, GCWorkers: 0,226
[2024-02-14T16:49:35.308+0100][debug][gc,director    ] Rule: Allocation Rate (Dynamic GC Workers), MaxAllocRate: 4345,5MB/s (+/-6,2%), Free: 9990MB, GCCPUTime: 0,493, GCDuration: 0,493s, TimeUntilOOM: 2,165s, TimeUntilGC: 1,572s, GCWorkers: 1 -> 1
[2024-02-14T16:49:35.308+0100][debug][gc,director    ] Rule: High Usage, Free: 9990MB(65,0%)
[2024-02-14T16:49:35.308+0100][debug][gc,director    ] Rule: Proactive, AcceptableGCInterval: 5,025s, TimeSinceLastGC: 0,844s, TimeUntilGC: 4,181s
[2024-02-14T16:49:35.308+0100][info ][gc,stats       ] === Garbage Collection Statistics =======================================================================================================================
[2024-02-14T16:49:35.308+0100][info ][gc,stats       ]                                                              Last 10s              Last 10m              Last 10h                Total
[2024-02-14T16:49:35.308+0100][info ][gc,stats       ]                                                              Avg / Max             Avg / Max             Avg / Max             Avg / Max
[2024-02-14T16:49:35.308+0100][info ][gc,stats       ]   Collector: Garbage Collection Cycle                    249,809 / 412,355     250,244 / 623,071     250,244 / 623,071     250,244 / 623,071     ms
[2024-02-14T16:49:35.308+0100][info ][gc,stats       ]  Contention: Mark Segment Reset Contention                     0 / 2                 3 / 70                3 / 70                3 / 70          ops/s
[2024-02-14T16:49:35.308+0100][info ][gc,stats       ]  Contention: Mark SeqNum Reset Contention                      0 / 0                 0 / 0                 0 / 0                 0 / 0           ops/s
[2024-02-14T16:49:35.308+0100][info ][gc,stats       ]    Critical: Allocation Stall                                  0 / 0                 0 / 0                 0 / 0                 0 / 0           ops/s
[2024-02-14T16:49:35.308+0100][info ][gc,stats       ]    Critical: Allocation Stall                              0,000 / 0,000         0,000 / 0,000         0,000 / 0,000         0,000 / 0,000       ms
[2024-02-14T16:49:35.308+0100][info ][gc,stats       ]    Critical: GC Locker Stall                                   0 / 1                 0 / 1                 0 / 1                 0 / 1           ops/s
[2024-02-14T16:49:35.308+0100][info ][gc,stats       ]    Critical: GC Locker Stall                               0,093 / 0,093         0,093 / 0,094         0,093 / 0,094         0,093 / 0,094       ms
[2024-02-14T16:49:35.308+0100][info ][gc,stats       ]    Critical: Relocation Stall                                  0 / 0                 0 / 0                 0 / 0                 0 / 0           ops/s
[2024-02-14T16:49:35.308+0100][info ][gc,stats       ]    Critical: Relocation Stall                              0,000 / 0,000         0,000 / 0,000         0,000 / 0,000         0,000 / 0,000       ms
[2024-02-14T16:49:35.308+0100][info ][gc,stats       ]      Memory: Allocation Rate                                3690 / 4428           2249 / 4428           2249 / 4428           2249 / 4428        MB/s
[2024-02-14T16:49:35.308+0100][info ][gc,stats       ]      Memory: Defragment                                        0 / 0                 0 / 0                 0 / 0                 0 / 0           ops/s
[2024-02-14T16:49:35.308+0100][info ][gc,stats       ]      Memory: Out Of Memory                                     0 / 0                 0 / 0                 0 / 0                 0 / 0           ops/s
[2024-02-14T16:49:35.308+0100][info ][gc,stats       ]      Memory: Page Cache Flush                                  0 / 0                 0 / 0                 0 / 0                 0 / 0           MB/s
[2024-02-14T16:49:35.308+0100][info ][gc,stats       ]      Memory: Page Cache Hit L1                              1776 / 2214            956 / 2214            956 / 2214            956 / 2214        ops/s
[2024-02-14T16:49:35.308+0100][info ][gc,stats       ]      Memory: Page Cache Hit L2                                 0 / 0                 0 / 0                 0 / 0                 0 / 0           ops/s
[2024-02-14T16:49:35.308+0100][info ][gc,stats       ]      Memory: Page Cache Hit L3                                 0 / 0                66 / 915              66 / 915              66 / 915         ops/s
[2024-02-14T16:49:35.308+0100][info ][gc,stats       ]      Memory: Page Cache Miss                                  76 / 429             109 / 600             109 / 600             109 / 600         ops/s
[2024-02-14T16:49:35.308+0100][info ][gc,stats       ]      Memory: Uncommit                                          0 / 0                 0 / 0                 0 / 0                 0 / 0           MB/s
[2024-02-14T16:49:35.308+0100][info ][gc,stats       ]      Memory: Undo Object Allocation Failed                     0 / 0                 0 / 0                 0 / 0                 0 / 0           ops/s
[2024-02-14T16:49:35.308+0100][info ][gc,stats       ]      Memory: Undo Object Allocation Succeeded                  0 / 2                 0 / 6                 0 / 6                 0 / 6           ops/s
[2024-02-14T16:49:35.308+0100][info ][gc,stats       ]      Memory: Undo Page Allocation                              3 / 31                2 / 31                2 / 31                2 / 31          ops/s
[2024-02-14T16:49:35.308+0100][info ][gc,stats       ]       Phase: Concurrent Mark                             221,274 / 382,769     216,524 / 580,975     216,524 / 580,975     216,524 / 580,975     ms
[2024-02-14T16:49:35.308+0100][info ][gc,stats       ]       Phase: Concurrent Mark Continue                      0,000 / 0,000         0,000 / 0,000         0,000 / 0,000         0,000 / 0,000       ms
[2024-02-14T16:49:35.308+0100][info ][gc,stats       ]       Phase: Concurrent Mark Free                          0,395 / 1,509         0,153 / 1,509         0,153 / 1,509         0,153 / 1,509       ms
[2024-02-14T16:49:35.308+0100][info ][gc,stats       ]       Phase: Concurrent Process Non-Strong References     10,200 / 13,005        9,161 / 15,565        9,161 / 15,565        9,161 / 15,565      ms
[2024-02-14T16:49:35.308+0100][info ][gc,stats       ]       Phase: Concurrent Relocate                          14,441 / 27,665       17,805 / 80,437       17,805 / 80,437       17,805 / 80,437      ms
[2024-02-14T16:49:35.308+0100][info ][gc,stats       ]       Phase: Concurrent Reset Relocation Set               0,055 / 0,097         0,047 / 0,097         0,047 / 0,097         0,047 / 0,097       ms
[2024-02-14T16:49:35.308+0100][info ][gc,stats       ]       Phase: Concurrent Select Relocation Set              2,415 / 3,363         5,272 / 24,137        5,272 / 24,137        5,272 / 24,137      ms
[2024-02-14T16:49:35.308+0100][info ][gc,stats       ]       Phase: Pause Mark End                                0,037 / 0,040         0,047 / 0,067         0,047 / 0,067         0,047 / 0,067       ms
[2024-02-14T16:49:35.308+0100][info ][gc,stats       ]       Phase: Pause Mark Start                              0,053 / 0,063         0,088 / 0,144         0,088 / 0,144         0,088 / 0,144       ms
[2024-02-14T16:49:35.308+0100][info ][gc,stats       ]       Phase: Pause Relocate Start                          0,032 / 0,034         0,040 / 0,054         0,040 / 0,054         0,040 / 0,054       ms
[2024-02-14T16:49:35.308+0100][info ][gc,stats       ]    Subphase: Concurrent Classes Purge                      0,186 / 0,315         1,297 / 5,566         1,297 / 5,566         1,297 / 5,566       ms
[2024-02-14T16:49:35.308+0100][info ][gc,stats       ]    Subphase: Concurrent Classes Unlink                     3,478 / 4,528         3,007 / 6,276         3,007 / 6,276         3,007 / 6,276       ms
[2024-02-14T16:49:35.308+0100][info ][gc,stats       ]    Subphase: Concurrent Mark                             180,276 / 381,101     148,068 / 578,370     148,068 / 578,370     148,068 / 578,370     ms
[2024-02-14T16:49:35.308+0100][info ][gc,stats       ]    Subphase: Concurrent Mark Try Flush                     0,137 / 0,236         0,459 / 16,348        0,459 / 16,348        0,459 / 16,348      ms
[2024-02-14T16:49:35.308+0100][info ][gc,stats       ]    Subphase: Concurrent Mark Try Terminate                 0,264 / 1,176         0,811 / 1,262         0,811 / 1,262         0,811 / 1,262       ms
[2024-02-14T16:49:35.308+0100][info ][gc,stats       ]    Subphase: Concurrent References Enqueue                 0,009 / 0,010         0,010 / 0,012         0,010 / 0,012         0,010 / 0,012       ms
[2024-02-14T16:49:35.308+0100][info ][gc,stats       ]    Subphase: Concurrent References Process                 5,667 / 7,625         3,993 / 8,497         3,993 / 8,497         3,993 / 8,497       ms
[2024-02-14T16:49:35.308+0100][info ][gc,stats       ]    Subphase: Concurrent Roots ClassLoaderDataGraph         0,089 / 0,134         0,088 / 0,310         0,088 / 0,310         0,088 / 0,310       ms
[2024-02-14T16:49:35.308+0100][info ][gc,stats       ]    Subphase: Concurrent Roots CodeCache                    0,000 / 0,000         0,000 / 0,000         0,000 / 0,000         0,000 / 0,000       ms
[2024-02-14T16:49:35.308+0100][info ][gc,stats       ]    Subphase: Concurrent Roots JavaThreads                  0,746 / 1,081         0,705 / 1,932         0,705 / 1,932         0,705 / 1,932       ms
[2024-02-14T16:49:35.308+0100][info ][gc,stats       ]    Subphase: Concurrent Roots OopStorageSet                0,042 / 0,046         0,186 / 0,964         0,186 / 0,964         0,186 / 0,964       ms
[2024-02-14T16:49:35.308+0100][info ][gc,stats       ]    Subphase: Concurrent Weak Roots OopStorageSet           0,256 / 0,414         0,247 / 0,778         0,247 / 0,778         0,247 / 0,778       ms
[2024-02-14T16:49:35.308+0100][info ][gc,stats       ]    Subphase: Pause Mark Try Complete                       0,000 / 0,000         0,000 / 0,000         0,000 / 0,000         0,000 / 0,000       ms
[2024-02-14T16:49:35.308+0100][info ][gc,stats       ]      System: Java Threads                                     41 / 41               38 / 46               38 / 46               38 / 46          threads
[2024-02-14T16:49:35.308+0100][info ][gc,stats       ] =========================================================================================================================================================
[2024-02-14T16:49:35.408+0100][debug][gc,alloc       ] Allocation Rate: 3812,0MB/s, Predicted: 3756,9MB/s, Avg: 3476,8(+/-232,3)MB/s
[2024-02-14T16:49:35.408+0100][debug][gc,director    ] Select GC Workers (Normal), AvoidLongGCWorkers: 0,049, AvoidOOMGCWorkers: 0,243, LastGCWorkers: 1,000, GCWorkers: 0,243
[2024-02-14T16:49:35.408+0100][debug][gc,director    ] Rule: Allocation Rate (Dynamic GC Workers), MaxAllocRate: 4521,4MB/s (+/-6,7%), Free: 9722MB, GCCPUTime: 0,493, GCDuration: 0,493s, TimeUntilOOM: 2,016s, TimeUntilGC: 1,423s, GCWorkers: 1 -> 1
[2024-02-14T16:49:35.408+0100][debug][gc,director    ] Rule: High Usage, Free: 9722MB(63,3%)
[2024-02-14T16:49:35.408+0100][debug][gc,director    ] Rule: Proactive, AcceptableGCInterval: 5,025s, TimeSinceLastGC: 0,944s, TimeUntilGC: 4,081s
[2024-02-14T16:49:35.507+0100][debug][gc,alloc       ] Allocation Rate: 3872,0MB/s, Predicted: 3816,7MB/s, Avg: 3553,2(+/-224,0)MB/s
[2024-02-14T16:49:35.507+0100][debug][gc,director    ] Select GC Workers (Normal), AvoidLongGCWorkers: 0,049, AvoidOOMGCWorkers: 0,250, LastGCWorkers: 1,000, GCWorkers: 0,250
[2024-02-14T16:49:35.507+0100][debug][gc,director    ] Rule: Allocation Rate (Dynamic GC Workers), MaxAllocRate: 4553,6MB/s (+/-6,3%), Free: 9460MB, GCCPUTime: 0,493, GCDuration: 0,493s, TimeUntilOOM: 1,954s, TimeUntilGC: 1,362s, GCWorkers: 1 -> 1
[2024-02-14T16:49:35.507+0100][debug][gc,director    ] Rule: High Usage, Free: 9460MB(61,6%)
[2024-02-14T16:49:35.507+0100][debug][gc,director    ] Rule: Proactive, AcceptableGCInterval: 5,025s, TimeSinceLastGC: 1,043s, TimeUntilGC: 3,982s
[2024-02-14T16:49:35.607+0100][debug][gc,alloc       ] Allocation Rate: 3892,0MB/s, Predicted: 3943,9MB/s, Avg: 3590,2(+/-245,3)MB/s
[2024-02-14T16:49:35.607+0100][debug][gc,director    ] Select GC Workers (Normal), AvoidLongGCWorkers: 0,049, AvoidOOMGCWorkers: 0,283, LastGCWorkers: 1,000, GCWorkers: 0,283
[2024-02-14T16:49:35.607+0100][debug][gc,director    ] Rule: Allocation Rate (Dynamic GC Workers), MaxAllocRate: 4751,0MB/s (+/-6,8%), Free: 8778MB, GCCPUTime: 0,493, GCDuration: 0,493s, TimeUntilOOM: 1,729s, TimeUntilGC: 1,137s, GCWorkers: 1 -> 1
[2024-02-14T16:49:35.607+0100][debug][gc,director    ] Rule: High Usage, Free: 8778MB(57,1%)
[2024-02-14T16:49:35.607+0100][debug][gc,director    ] Rule: Proactive, AcceptableGCInterval: 5,025s, TimeSinceLastGC: 1,143s, TimeUntilGC: 3,881s
[2024-02-14T16:49:35.707+0100][debug][gc,alloc       ] Allocation Rate: 3920,0MB/s, Predicted: 4057,1MB/s, Avg: 3630,2(+/-262,6)MB/s
[2024-02-14T16:49:35.707+0100][debug][gc,director    ] Select GC Workers (Normal), AvoidLongGCWorkers: 0,049, AvoidOOMGCWorkers: 0,303, LastGCWorkers: 1,000, GCWorkers: 0,303
[2024-02-14T16:49:35.707+0100][debug][gc,director    ] Rule: Allocation Rate (Dynamic GC Workers), MaxAllocRate: 4921,1MB/s (+/-7,2%), Free: 8516MB, GCCPUTime: 0,493, GCDuration: 0,493s, TimeUntilOOM: 1,614s, TimeUntilGC: 1,021s, GCWorkers: 1 -> 1
[2024-02-14T16:49:35.707+0100][debug][gc,director    ] Rule: High Usage, Free: 8516MB(55,4%)
[2024-02-14T16:49:35.707+0100][debug][gc,director    ] Rule: Proactive, AcceptableGCInterval: 5,025s, TimeSinceLastGC: 1,244s, TimeUntilGC: 3,781s
[2024-02-14T16:49:35.807+0100][debug][gc,alloc       ] Allocation Rate: 3894,0MB/s, Predicted: 4023,3MB/s, Avg: 3708,8(+/-206,1)MB/s
[2024-02-14T16:49:35.807+0100][debug][gc,director    ] Select GC Workers (Normal), AvoidLongGCWorkers: 0,049, AvoidOOMGCWorkers: 0,293, LastGCWorkers: 1,000, GCWorkers: 0,293
[2024-02-14T16:49:35.807+0100][debug][gc,director    ] Rule: Allocation Rate (Dynamic GC Workers), MaxAllocRate: 4701,4MB/s (+/-5,6%), Free: 8276MB, GCCPUTime: 0,493, GCDuration: 0,493s, TimeUntilOOM: 1,668s, TimeUntilGC: 1,075s, GCWorkers: 1 -> 1
[2024-02-14T16:49:35.807+0100][debug][gc,director    ] Rule: High Usage, Free: 8276MB(53,9%)
[2024-02-14T16:49:35.807+0100][debug][gc,director    ] Rule: Proactive, AcceptableGCInterval: 5,025s, TimeSinceLastGC: 1,344s, TimeUntilGC: 3,681s
[2024-02-14T16:49:35.908+0100][debug][gc,alloc       ] Allocation Rate: 3886,0MB/s, Predicted: 4025,7MB/s, Avg: 3752,2(+/-192,7)MB/s
[2024-02-14T16:49:35.908+0100][debug][gc,director    ] Select GC Workers (Normal), AvoidLongGCWorkers: 0,049, AvoidOOMGCWorkers: 0,310, LastGCWorkers: 1,000, GCWorkers: 0,310
[2024-02-14T16:49:35.908+0100][debug][gc,director    ] Rule: Allocation Rate (Dynamic GC Workers), MaxAllocRate: 4659,7MB/s (+/-5,1%), Free: 7720MB, GCCPUTime: 0,493, GCDuration: 0,493s, TimeUntilOOM: 1,576s, TimeUntilGC: 0,983s, GCWorkers: 1 -> 1
[2024-02-14T16:49:35.908+0100][debug][gc,director    ] Rule: High Usage, Free: 7720MB(50,3%)
[2024-02-14T16:49:35.908+0100][debug][gc,director    ] Rule: Proactive, AcceptableGCInterval: 5,025s, TimeSinceLastGC: 1,444s, TimeUntilGC: 3,581s
[2024-02-14T16:49:36.008+0100][debug][gc,alloc       ] Allocation Rate: 3816,0MB/s, Predicted: 4009,6MB/s, Avg: 3774,2(+/-186,0)MB/s
[2024-02-14T16:49:36.008+0100][debug][gc,director    ] Select GC Workers (Normal), AvoidLongGCWorkers: 0,049, AvoidOOMGCWorkers: 0,321, LastGCWorkers: 1,000, GCWorkers: 0,321
[2024-02-14T16:49:36.008+0100][debug][gc,director    ] Rule: Allocation Rate (Dynamic GC Workers), MaxAllocRate: 4621,7MB/s (+/-4,9%), Free: 7400MB, GCCPUTime: 0,493, GCDuration: 0,493s, TimeUntilOOM: 1,526s, TimeUntilGC: 0,933s, GCWorkers: 1 -> 1
[2024-02-14T16:49:36.008+0100][debug][gc,director    ] Rule: High Usage, Free: 7400MB(48,2%)
[2024-02-14T16:49:36.008+0100][debug][gc,director    ] Rule: Proactive, AcceptableGCInterval: 5,025s, TimeSinceLastGC: 1,544s, TimeUntilGC: 3,481s
[2024-02-14T16:49:36.107+0100][debug][gc,alloc       ] Allocation Rate: 3802,0MB/s, Predicted: 3980,7MB/s, Avg: 3792,0(+/-179,2)MB/s
[2024-02-14T16:49:36.107+0100][debug][gc,director    ] Select GC Workers (Normal), AvoidLongGCWorkers: 0,049, AvoidOOMGCWorkers: 0,328, LastGCWorkers: 1,000, GCWorkers: 0,328
[2024-02-14T16:49:36.107+0100][debug][gc,director    ] Rule: Allocation Rate (Dynamic GC Workers), MaxAllocRate: 4570,3MB/s (+/-4,7%), Free: 7146MB, GCCPUTime: 0,493, GCDuration: 0,493s, TimeUntilOOM: 1,493s, TimeUntilGC: 0,900s, GCWorkers: 1 -> 1
[2024-02-14T16:49:36.107+0100][debug][gc,director    ] Rule: High Usage, Free: 7146MB(46,5%)
[2024-02-14T16:49:36.107+0100][debug][gc,director    ] Rule: Proactive, AcceptableGCInterval: 5,025s, TimeSinceLastGC: 1,643s, TimeUntilGC: 3,381s
[2024-02-14T16:49:36.207+0100][debug][gc,alloc       ] Allocation Rate: 3792,0MB/s, Predicted: 3843,1MB/s, Avg: 3843,6(+/-53,1)MB/s
[2024-02-14T16:49:36.207+0100][debug][gc,director    ] Select GC Workers (Normal), AvoidLongGCWorkers: 0,049, AvoidOOMGCWorkers: 0,289, LastGCWorkers: 1,000, GCWorkers: 0,289
[2024-02-14T16:49:36.207+0100][debug][gc,director    ] Rule: Allocation Rate (Dynamic GC Workers), MaxAllocRate: 4018,5MB/s (+/-1,4%), Free: 6890MB, GCCPUTime: 0,493, GCDuration: 0,493s, TimeUntilOOM: 1,691s, TimeUntilGC: 1,099s, GCWorkers: 1 -> 1
[2024-02-14T16:49:36.207+0100][debug][gc,director    ] Rule: High Usage, Free: 6890MB(44,9%)
[2024-02-14T16:49:36.207+0100][debug][gc,director    ] Rule: Proactive, AcceptableGCInterval: 5,025s, TimeSinceLastGC: 1,744s, TimeUntilGC: 3,281s
[2024-02-14T16:49:36.308+0100][debug][gc,alloc       ] Allocation Rate: 3772,0MB/s, Predicted: 3789,5MB/s, Avg: 3845,8(+/-49,6)MB/s
[2024-02-14T16:49:36.308+0100][debug][gc,director    ] Select GC Workers (Normal), AvoidLongGCWorkers: 0,049, AvoidOOMGCWorkers: 0,320, LastGCWorkers: 1,000, GCWorkers: 0,320
[2024-02-14T16:49:36.308+0100][debug][gc,director    ] Rule: Allocation Rate (Dynamic GC Workers), MaxAllocRate: 4008,9MB/s (+/-1,3%), Free: 6218MB, GCCPUTime: 0,493, GCDuration: 0,493s, TimeUntilOOM: 1,531s, TimeUntilGC: 0,939s, GCWorkers: 1 -> 1
[2024-02-14T16:49:36.308+0100][debug][gc,director    ] Rule: High Usage, Free: 6218MB(40,5%)
[2024-02-14T16:49:36.308+0100][debug][gc,director    ] Rule: Proactive, AcceptableGCInterval: 5,025s, TimeSinceLastGC: 1,844s, TimeUntilGC: 3,181s
[2024-02-14T16:49:36.408+0100][debug][gc,alloc       ] Allocation Rate: 3766,0MB/s, Predicted: 3748,5MB/s, Avg: 3841,2(+/-54,4)MB/s
[2024-02-14T16:49:36.408+0100][debug][gc,director    ] Select GC Workers (Normal), AvoidLongGCWorkers: 0,049, AvoidOOMGCWorkers: 0,335, LastGCWorkers: 1,000, GCWorkers: 0,335
[2024-02-14T16:49:36.408+0100][debug][gc,director    ] Rule: Allocation Rate (Dynamic GC Workers), MaxAllocRate: 4020,1MB/s (+/-1,4%), Free: 5956MB, GCCPUTime: 0,493, GCDuration: 0,493s, TimeUntilOOM: 1,461s, TimeUntilGC: 0,868s, GCWorkers: 1 -> 1
[2024-02-14T16:49:36.408+0100][debug][gc,director    ] Rule: High Usage, Free: 5956MB(38,8%)
[2024-02-14T16:49:36.408+0100][debug][gc,director    ] Rule: Proactive, AcceptableGCInterval: 5,025s, TimeSinceLastGC: 1,944s, TimeUntilGC: 3,081s
[2024-02-14T16:49:36.508+0100][debug][gc,alloc       ] Allocation Rate: 3762,0MB/s, Predicted: 3725,1MB/s, Avg: 3830,2(+/-58,0)MB/s
[2024-02-14T16:49:36.508+0100][debug][gc,director    ] Select GC Workers (Normal), AvoidLongGCWorkers: 0,049, AvoidOOMGCWorkers: 0,351, LastGCWorkers: 1,000, GCWorkers: 0,351
[2024-02-14T16:49:36.508+0100][debug][gc,director    ] Rule: Allocation Rate (Dynamic GC Workers), MaxAllocRate: 4021,2MB/s (+/-1,5%), Free: 5698MB, GCCPUTime: 0,493, GCDuration: 0,493s, TimeUntilOOM: 1,396s, TimeUntilGC: 0,803s, GCWorkers: 1 -> 1
[2024-02-14T16:49:36.508+0100][debug][gc,director    ] Rule: High Usage, Free: 5698MB(37,1%)
[2024-02-14T16:49:36.508+0100][debug][gc,director    ] Rule: Proactive, AcceptableGCInterval: 5,025s, TimeSinceLastGC: 2,044s, TimeUntilGC: 2,981s
[2024-02-14T16:49:36.607+0100][debug][gc,alloc       ] Allocation Rate: 3782,0MB/s, Predicted: 3722,3MB/s, Avg: 3819,2(+/-55,7)MB/s
[2024-02-14T16:49:36.607+0100][debug][gc,director    ] Select GC Workers (Normal), AvoidLongGCWorkers: 0,049, AvoidOOMGCWorkers: 0,398, LastGCWorkers: 1,000, GCWorkers: 0,398
[2024-02-14T16:49:36.607+0100][debug][gc,director    ] Rule: Allocation Rate (Dynamic GC Workers), MaxAllocRate: 4002,3MB/s (+/-1,5%), Free: 4992MB, GCCPUTime: 0,493, GCDuration: 0,493s, TimeUntilOOM: 1,229s, TimeUntilGC: 0,637s, GCWorkers: 1 -> 1
[2024-02-14T16:49:36.607+0100][debug][gc,director    ] Rule: High Usage, Free: 4992MB(32,5%)
[2024-02-14T16:49:36.607+0100][debug][gc,director    ] Rule: Proactive, AcceptableGCInterval: 5,025s, TimeSinceLastGC: 2,143s, TimeUntilGC: 2,881s
[2024-02-14T16:49:36.707+0100][debug][gc,alloc       ] Allocation Rate: 3780,0MB/s, Predicted: 3733,5MB/s, Avg: 3805,2(+/-45,2)MB/s
[2024-02-14T16:49:36.707+0100][debug][gc,director    ] Select GC Workers (Normal), AvoidLongGCWorkers: 0,049, AvoidOOMGCWorkers: 0,414, LastGCWorkers: 1,000, GCWorkers: 0,414
[2024-02-14T16:49:36.707+0100][debug][gc,director    ] Rule: Allocation Rate (Dynamic GC Workers), MaxAllocRate: 3953,8MB/s (+/-1,2%), Free: 4736MB, GCCPUTime: 0,493, GCDuration: 0,493s, TimeUntilOOM: 1,184s, TimeUntilGC: 0,591s, GCWorkers: 1 -> 1
[2024-02-14T16:49:36.707+0100][debug][gc,director    ] Rule: High Usage, Free: 4736MB(30,8%)
[2024-02-14T16:49:36.707+0100][debug][gc,director    ] Rule: Proactive, AcceptableGCInterval: 5,025s, TimeSinceLastGC: 2,244s, TimeUntilGC: 2,781s
[2024-02-14T16:49:36.808+0100][debug][gc,alloc       ] Allocation Rate: 3802,0MB/s, Predicted: 3755,9MB/s, Avg: 3796,0(+/-34,2)MB/s
[2024-02-14T16:49:36.808+0100][debug][gc,director    ] Select GC Workers (Normal), AvoidLongGCWorkers: 0,049, AvoidOOMGCWorkers: 0,432, LastGCWorkers: 1,000, GCWorkers: 0,432
[2024-02-14T16:49:36.808+0100][debug][gc,director    ] Rule: Allocation Rate (Dynamic GC Workers), MaxAllocRate: 3908,4MB/s (+/-0,9%), Free: 4474MB, GCCPUTime: 0,493, GCDuration: 0,493s, TimeUntilOOM: 1,134s, TimeUntilGC: 0,542s, GCWorkers: 1 -> 1
[2024-02-14T16:49:36.808+0100][debug][gc,director    ] Rule: High Usage, Free: 4474MB(29,1%)
[2024-02-14T16:49:36.808+0100][debug][gc,director    ] Rule: Proactive, AcceptableGCInterval: 5,025s, TimeSinceLastGC: 2,344s, TimeUntilGC: 2,681s
[2024-02-14T16:49:36.908+0100][debug][gc,alloc       ] Allocation Rate: 3530,0MB/s, Predicted: 3673,5MB/s, Avg: 3760,4(+/-78,5)MB/s
[2024-02-14T16:49:36.908+0100][debug][gc,director    ] Select GC Workers (Normal), AvoidLongGCWorkers: 0,049, AvoidOOMGCWorkers: 0,480, LastGCWorkers: 1,000, GCWorkers: 0,480
[2024-02-14T16:49:36.908+0100][debug][gc,director    ] Rule: Allocation Rate (Dynamic GC Workers), MaxAllocRate: 4018,8MB/s (+/-2,1%), Free: 4190MB, GCCPUTime: 0,493, GCDuration: 0,493s, TimeUntilOOM: 1,021s, TimeUntilGC: 0,429s, GCWorkers: 1 -> 1
[2024-02-14T16:49:36.908+0100][debug][gc,director    ] Rule: High Usage, Free: 4190MB(27,3%)
[2024-02-14T16:49:36.908+0100][debug][gc,director    ] Rule: Proactive, AcceptableGCInterval: 5,025s, TimeSinceLastGC: 2,444s, TimeUntilGC: 2,581s
[2024-02-14T16:49:37.008+0100][debug][gc,alloc       ] Allocation Rate: 3872,0MB/s, Predicted: 3732,9MB/s, Avg: 3766,0(+/-84,1)MB/s
[2024-02-14T16:49:37.008+0100][debug][gc,director    ] Select GC Workers (Normal), AvoidLongGCWorkers: 0,049, AvoidOOMGCWorkers: 0,575, LastGCWorkers: 1,000, GCWorkers: 0,575
[2024-02-14T16:49:37.008+0100][debug][gc,director    ] Rule: Allocation Rate (Dynamic GC Workers), MaxAllocRate: 4042,7MB/s (+/-2,2%), Free: 3528MB, GCCPUTime: 0,493, GCDuration: 0,493s, TimeUntilOOM: 0,854s, TimeUntilGC: 0,261s, GCWorkers: 1 -> 1
[2024-02-14T16:49:37.008+0100][debug][gc,director    ] Rule: High Usage, Free: 3528MB(23,0%)
[2024-02-14T16:49:37.008+0100][debug][gc,director    ] Rule: Proactive, AcceptableGCInterval: 5,025s, TimeSinceLastGC: 2,544s, TimeUntilGC: 2,481s
[2024-02-14T16:49:37.107+0100][debug][gc,alloc       ] Allocation Rate: 3854,0MB/s, Predicted: 3777,7MB/s, Avg: 3771,2(+/-87,7)MB/s
[2024-02-14T16:49:37.107+0100][debug][gc,director    ] Select GC Workers (Normal), AvoidLongGCWorkers: 0,049, AvoidOOMGCWorkers: 0,620, LastGCWorkers: 1,000, GCWorkers: 0,620
[2024-02-14T16:49:37.107+0100][debug][gc,director    ] Rule: Allocation Rate (Dynamic GC Workers), MaxAllocRate: 4066,3MB/s (+/-2,3%), Free: 3292MB, GCCPUTime: 0,493, GCDuration: 0,493s, TimeUntilOOM: 0,791s, TimeUntilGC: 0,198s, GCWorkers: 1 -> 1
[2024-02-14T16:49:37.107+0100][debug][gc,director    ] Rule: High Usage, Free: 3292MB(21,4%)
[2024-02-14T16:49:37.107+0100][debug][gc,director    ] Rule: Proactive, AcceptableGCInterval: 5,025s, TimeSinceLastGC: 2,643s, TimeUntilGC: 2,381s
[2024-02-14T16:49:37.207+0100][debug][gc,alloc       ] Allocation Rate: 3854,0MB/s, Predicted: 3816,4MB/s, Avg: 3777,4(+/-91,1)MB/s
[2024-02-14T16:49:37.207+0100][debug][gc,director    ] Select GC Workers (Normal), AvoidLongGCWorkers: 0,049, AvoidOOMGCWorkers: 0,682, LastGCWorkers: 1,000, GCWorkers: 0,682
[2024-02-14T16:49:37.207+0100][debug][gc,director    ] Rule: Allocation Rate (Dynamic GC Workers), MaxAllocRate: 4116,0MB/s (+/-2,4%), Free: 3036MB, GCCPUTime: 0,493, GCDuration: 0,493s, TimeUntilOOM: 0,720s, TimeUntilGC: 0,128s, GCWorkers: 1 -> 1
[2024-02-14T16:49:37.207+0100][debug][gc,director    ] Rule: High Usage, Free: 3036MB(19,8%)
[2024-02-14T16:49:37.207+0100][debug][gc,director    ] Rule: Proactive, AcceptableGCInterval: 5,025s, TimeSinceLastGC: 2,744s, TimeUntilGC: 2,281s
[2024-02-14T16:49:37.307+0100][debug][gc,alloc       ] Allocation Rate: 3864,0MB/s, Predicted: 3849,6MB/s, Avg: 3786,6(+/-94,6)MB/s
[2024-02-14T16:49:37.307+0100][debug][gc,director    ] Select GC Workers (Normal), AvoidLongGCWorkers: 0,049, AvoidOOMGCWorkers: 0,892, LastGCWorkers: 1,000, GCWorkers: 0,892
[2024-02-14T16:49:37.307+0100][debug][gc,director    ] Rule: Allocation Rate (Dynamic GC Workers), MaxAllocRate: 4161,0MB/s (+/-2,5%), Free: 2354MB, GCCPUTime: 0,493, GCDuration: 0,493s, TimeUntilOOM: 0,552s, TimeUntilGC: -0,041s, GCWorkers: 1 -> 1
[2024-02-14T16:49:37.308+0100][debug][gc,heap        ] GC(13) Heap before GC invocations=13 (full 13):
[2024-02-14T16:49:37.308+0100][debug][gc,heap        ] GC(13)  ZHeap           used 12964M, capacity 13466M, max capacity 15360M
[2024-02-14T16:49:37.308+0100][debug][gc,heap        ] GC(13)  Metaspace       used 31291K, committed 31680K, reserved 1114112K
[2024-02-14T16:49:37.308+0100][debug][gc,heap        ] GC(13)   class space    used 3306K, committed 3520K, reserved 1048576K
[2024-02-14T16:49:37.308+0100][info ][gc,start       ] GC(13) Garbage Collection (Allocation Rate)
[2024-02-14T16:49:37.308+0100][info ][gc,task        ] GC(13) Using 1 workers
[2024-02-14T16:49:37.308+0100][debug][gc,phases,start] GC(13) Pause Mark Start
[2024-02-14T16:49:37.308+0100][debug][gc,marking     ] GC(13) Using 1 mark stripes
[2024-02-14T16:49:37.308+0100][debug][gc,marking     ] GC(13) Mark Worker/Stripe Distribution
[2024-02-14T16:49:37.308+0100][debug][gc,marking     ] GC(13)   Worker 0(1) -> Stripe 0(1)
[2024-02-14T16:49:37.308+0100][info ][gc,phases      ] GC(13) Pause Mark Start 0,079ms
[2024-02-14T16:49:37.308+0100][debug][gc,phases,start] GC(13) Concurrent Mark
[2024-02-14T16:49:37.308+0100][debug][gc,task        ] GC(13) Executing Task: XMarkRootsTask, Active Workers: 1
[2024-02-14T16:49:37.309+0100][debug][gc,tlab        ] GC(13) TLAB totals: thrds: 27  refills: 47879 max: 27526 slow allocs: 7621 max 586 waste:  0,8% gc: 1702680B max: 260128B slow: 94171760B max: 43687232B
[2024-02-14T16:49:37.309+0100][debug][gc,task        ] GC(13) Executing Task: XMarkTask, Active Workers: 1
[2024-02-14T16:49:37.362+0100][info ][gc,phases      ] GC(13) Concurrent Mark 54,422ms
[2024-02-14T16:49:37.363+0100][debug][gc,phases,start] GC(13) Pause Mark End
[2024-02-14T16:49:37.363+0100][info ][gc,phases      ] GC(13) Pause Mark End 0,032ms
[2024-02-14T16:49:37.363+0100][debug][gc,phases,start] GC(13) Concurrent Mark Free
[2024-02-14T16:49:37.363+0100][debug][gc,marking     ] GC(13) Shrinking mark stack space: 96M->32M
[2024-02-14T16:49:37.364+0100][info ][gc,phases      ] GC(13) Concurrent Mark Free 1,306ms
[2024-02-14T16:49:37.364+0100][debug][gc,phases,start] GC(13) Concurrent Process Non-Strong References
[2024-02-14T16:49:37.364+0100][debug][gc,phases,start] GC(13) Concurrent References Process
[2024-02-14T16:49:37.364+0100][debug][gc,task        ] GC(13) Executing Task: XReferenceProcessorTask, Active Workers: 1
[2024-02-14T16:49:37.372+0100][debug][gc,phases      ] GC(13) Concurrent References Process 7,772ms
[2024-02-14T16:49:37.372+0100][debug][gc,task        ] GC(13) Executing Task: XProcessWeakRootsTask, Active Workers: 1
[2024-02-14T16:49:37.372+0100][debug][gc,phases,start] GC(13) Concurrent Classes Unlink
[2024-02-14T16:49:37.372+0100][debug][gc,phases,start] GC(13) ClassLoaderData
[2024-02-14T16:49:37.372+0100][debug][gc,phases      ] GC(13) ClassLoaderData 0,026ms
[2024-02-14T16:49:37.372+0100][debug][gc,phases,start] GC(13) Trigger cleanups
[2024-02-14T16:49:37.372+0100][debug][gc,phases      ] GC(13) Trigger cleanups 0,006ms
[2024-02-14T16:49:37.372+0100][debug][gc,task        ] GC(13) Executing Task: XNMethodUnlinkTask, Active Workers: 1
[2024-02-14T16:49:37.376+0100][debug][gc,phases      ] GC(13) Concurrent Classes Unlink 3,743ms
[2024-02-14T16:49:37.376+0100][debug][gc,phases,start] GC(13) Concurrent Classes Purge
[2024-02-14T16:49:37.376+0100][debug][gc,nmethod     ] GC(13) Unregister NMethod: java.lang.ref.Finalizer$FinalizerThread.run (0x00007f9f0bee7c10)
[2024-02-14T16:49:37.376+0100][debug][gc,nmethod     ] GC(13) Unregister NMethod: io.sirix.cache.PageContainer.getInstance (0x00007f9f0c044510)
[2024-02-14T16:49:37.376+0100][debug][gc,nmethod     ] GC(13) Unregister NMethod: java.util.concurrent.ForkJoinPool.scan (0x00007f9f0c139910)
[2024-02-14T16:49:37.376+0100][debug][gc,nmethod     ] GC(13) Unregister NMethod: java.lang.invoke.DirectMethodHandle.constructorMethod (0x00007f9f0bbff310)
[2024-02-14T16:49:37.376+0100][debug][gc,nmethod     ] GC(13) Unregister NMethod: io.sirix.access.trx.page.NodePageTrx.getActualRevisionRootPage (0x00007f9f0bea3690)
[2024-02-14T16:49:37.376+0100][debug][gc,nmethod     ] GC(13) Unregister NMethod: io.sirix.access.trx.page.NodePageReadOnlyTrx.getPage (0x00007f9f0bee2510)
[2024-02-14T16:49:37.376+0100][debug][gc,nmethod     ] GC(13) Unregister NMethod: java.util.concurrent.ForkJoinPool.scan (0x00007f9f0c098210)
[2024-02-14T16:49:37.376+0100][debug][gc,nmethod     ] GC(13) Unregister NMethod: jdk.internal.misc.Unsafe.loadFence (0x00007f9f0ba57910)
[2024-02-14T16:49:37.376+0100][debug][gc,nmethod     ] GC(13) Unregister NMethod: java.util.concurrent.ForkJoinPool.scan (0x00007f9f2b386290)
[2024-02-14T16:49:37.376+0100][debug][gc,nmethod     ] GC(13) Unregister NMethod: net.jpountz.lz4.LZ4BlockInputStream.read (0x00007f9f0bc65890)
[2024-02-14T16:49:37.376+0100][debug][gc,phases      ] GC(13) Concurrent Classes Purge 0,127ms
[2024-02-14T16:49:37.376+0100][debug][gc,phases,start] GC(13) Concurrent References Enqueue
[2024-02-14T16:49:37.376+0100][debug][gc,phases      ] GC(13) Concurrent References Enqueue 0,009ms
[2024-02-14T16:49:37.376+0100][info ][gc,phases      ] GC(13) Concurrent Process Non-Strong References 12,307ms
[2024-02-14T16:49:37.376+0100][debug][gc,phases,start] GC(13) Concurrent Reset Relocation Set
[2024-02-14T16:49:37.376+0100][info ][gc,phases      ] GC(13) Concurrent Reset Relocation Set 0,079ms
[2024-02-14T16:49:37.376+0100][debug][gc,phases,start] GC(13) Concurrent Select Relocation Set
[2024-02-14T16:49:37.378+0100][debug][gc,task        ] GC(13) Executing Task: XRelocationSetInstallTask, Active Workers: 1
[2024-02-14T16:49:37.378+0100][info ][gc,phases      ] GC(13) Concurrent Select Relocation Set 2,099ms
[2024-02-14T16:49:37.379+0100][debug][gc,phases,start] GC(13) Pause Relocate Start
[2024-02-14T16:49:37.379+0100][info ][gc,phases      ] GC(13) Pause Relocate Start 0,024ms
[2024-02-14T16:49:37.379+0100][debug][gc,phases,start] GC(13) Concurrent Relocate
[2024-02-14T16:49:37.379+0100][debug][gc,task        ] GC(13) Executing Task: XRelocateTask, Active Workers: 1
[2024-02-14T16:49:37.392+0100][info ][gc,phases      ] GC(13) Concurrent Relocate 13,335ms
[2024-02-14T16:49:37.392+0100][debug][gc,heap        ] GC(13) Heap after GC invocations=14 (full 14):
[2024-02-14T16:49:37.392+0100][debug][gc,heap        ] GC(13)  ZHeap           used 272M, capacity 13466M, max capacity 15360M
[2024-02-14T16:49:37.392+0100][debug][gc,heap        ] GC(13)  Metaspace       used 31291K, committed 31680K, reserved 1114112K
[2024-02-14T16:49:37.392+0100][debug][gc,heap        ] GC(13)   class space    used 3306K, committed 3520K, reserved 1048576K
[2024-02-14T16:49:37.392+0100][info ][gc,load        ] GC(13) Load: 2,25/1,40/1,59
[2024-02-14T16:49:37.392+0100][info ][gc,mmu         ] GC(13) MMU: 2ms/92,8%, 5ms/97,1%, 10ms/98,6%, 20ms/99,1%, 50ms/99,6%, 100ms/99,8%
[2024-02-14T16:49:37.392+0100][info ][gc,marking     ] GC(13) Mark: 1 stripe(s), 2 proactive flush(es), 1 terminate flush(es), 0 completion(s), 0 continuation(s) 
[2024-02-14T16:49:37.392+0100][info ][gc,marking     ] GC(13) Mark Stack Usage: 32M
[2024-02-14T16:49:37.392+0100][info ][gc,nmethod     ] GC(13) NMethods: 3976 registered, 1140 unregistered
[2024-02-14T16:49:37.392+0100][info ][gc,metaspace   ] GC(13) Metaspace: 30M used, 30M committed, 1088M reserved
[2024-02-14T16:49:37.392+0100][info ][gc,ref         ] GC(13) Soft: 3825 encountered, 0 discovered, 0 enqueued
[2024-02-14T16:49:37.392+0100][info ][gc,ref         ] GC(13) Weak: 1901 encountered, 131 discovered, 0 enqueued
[2024-02-14T16:49:37.392+0100][info ][gc,ref         ] GC(13) Final: 20991 encountered, 20991 discovered, 20991 enqueued
[2024-02-14T16:49:37.392+0100][info ][gc,ref         ] GC(13) Phantom: 21415 encountered, 21265 discovered, 21033 enqueued
[2024-02-14T16:49:37.392+0100][info ][gc,reloc       ] GC(13) Small Pages: 6466 / 12932M, Empty: 7190M, Relocated: 4M, In-Place: 0
[2024-02-14T16:49:37.392+0100][info ][gc,reloc       ] GC(13) Medium Pages: 1 / 32M, Empty: 0M, Relocated: 0M, In-Place: 0
[2024-02-14T16:49:37.392+0100][info ][gc,reloc       ] GC(13) Large Pages: 0 / 0M, Empty: 0M, Relocated: 0M, In-Place: 0
[2024-02-14T16:49:37.392+0100][info ][gc,reloc       ] GC(13) Forwarding Usage: 2M
[2024-02-14T16:49:37.392+0100][info ][gc,heap        ] GC(13) Min Capacity: 5120M(33%)
[2024-02-14T16:49:37.392+0100][info ][gc,heap        ] GC(13) Max Capacity: 15360M(100%)
[2024-02-14T16:49:37.392+0100][info ][gc,heap        ] GC(13) Soft Max Capacity: 15360M(100%)
[2024-02-14T16:49:37.392+0100][info ][gc,heap        ] GC(13)                Mark Start          Mark End        Relocate Start      Relocate End           High               Low         
[2024-02-14T16:49:37.392+0100][info ][gc,heap        ] GC(13)  Capacity:    13466M (88%)       13466M (88%)       13466M (88%)       13466M (88%)       13466M (88%)       13466M (88%)    
[2024-02-14T16:49:37.392+0100][info ][gc,heap        ] GC(13)      Free:     2396M (16%)        2252M (15%)        9402M (61%)       15088M (98%)       15088M (98%)        2216M (14%)    
[2024-02-14T16:49:37.392+0100][info ][gc,heap        ] GC(13)      Used:    12964M (84%)       13108M (85%)        5958M (39%)         272M (2%)        13144M (86%)         272M (2%)     
[2024-02-14T16:49:37.392+0100][info ][gc,heap        ] GC(13)      Live:         -                18M (0%)           18M (0%)           18M (0%)             -                  -          
[2024-02-14T16:49:37.392+0100][info ][gc,heap        ] GC(13) Allocated:         -               144M (1%)          184M (1%)          220M (1%)             -                  -          
[2024-02-14T16:49:37.392+0100][info ][gc,heap        ] GC(13)   Garbage:         -             12945M (84%)        5755M (37%)          33M (0%)             -                  -          
[2024-02-14T16:49:37.392+0100][info ][gc,heap        ] GC(13) Reclaimed:         -                  -              7190M (47%)       12912M (84%)            -                  -          
[2024-02-14T16:49:37.392+0100][info ][gc             ] GC(13) Garbage Collection (Allocation Rate) 12964M(84%)->272M(2%)
[2024-02-14T16:49:37.408+0100][debug][gc,alloc       ] Allocation Rate: 3864,0MB/s, Predicted: 3875,1MB/s, Avg: 3796,4(+/-97,0)MB/s
[2024-02-14T16:49:37.408+0100][debug][gc,director    ] Select GC Workers (Normal), AvoidLongGCWorkers: 0,056, AvoidOOMGCWorkers: 0,162, LastGCWorkers: 1,000, GCWorkers: 0,162
[2024-02-14T16:49:37.408+0100][debug][gc,director    ] Rule: Allocation Rate (Dynamic GC Workers), MaxAllocRate: 4194,4MB/s (+/-2,6%), Free: 15006MB, GCCPUTime: 0,570, GCDuration: 0,570s, TimeUntilOOM: 3,489s, TimeUntilGC: 2,818s, GCWorkers: 1 -> 1
[2024-02-14T16:49:37.408+0100][debug][gc,director    ] Rule: High Usage, Free: 15006MB(97,7%)
[2024-02-14T16:49:37.408+0100][debug][gc,director    ] Rule: Proactive, UsedUntilEnabled: 1496MB, TimeUntilEnabled: 299,984s
[2024-02-14T16:49:37.508+0100][debug][gc,alloc       ] Allocation Rate: 3860,0MB/s, Predicted: 3891,3MB/s, Avg: 3806,2(+/-98,0)MB/s
[2024-02-14T16:49:37.508+0100][debug][gc,director    ] Select GC Workers (Normal), AvoidLongGCWorkers: 0,056, AvoidOOMGCWorkers: 0,166, LastGCWorkers: 1,000, GCWorkers: 0,166
[2024-02-14T16:49:37.508+0100][debug][gc,director    ] Rule: Allocation Rate (Dynamic GC Workers), MaxAllocRate: 4213,8MB/s (+/-2,6%), Free: 14752MB, GCCPUTime: 0,570, GCDuration: 0,570s, TimeUntilOOM: 3,413s, TimeUntilGC: 2,743s, GCWorkers: 1 -> 1
[2024-02-14T16:49:37.508+0100][debug][gc,director    ] Rule: High Usage, Free: 14752MB(96,0%)
[2024-02-14T16:49:37.508+0100][debug][gc,director    ] Rule: Proactive, UsedUntilEnabled: 1242MB, TimeUntilEnabled: 299,884s
[2024-02-14T16:49:37.608+0100][debug][gc,alloc       ] Allocation Rate: 3576,0MB/s, Predicted: 3792,8MB/s, Avg: 3785,6(+/-120,1)MB/s
[2024-02-14T16:49:37.608+0100][debug][gc,director    ] Select GC Workers (Normal), AvoidLongGCWorkers: 0,056, AvoidOOMGCWorkers: 0,170, LastGCWorkers: 1,000, GCWorkers: 0,170
[2024-02-14T16:49:37.608+0100][debug][gc,director    ] Rule: Allocation Rate (Dynamic GC Workers), MaxAllocRate: 4188,0MB/s (+/-3,2%), Free: 14330MB, GCCPUTime: 0,570, GCDuration: 0,570s, TimeUntilOOM: 3,317s, TimeUntilGC: 2,646s, GCWorkers: 1 -> 1
[2024-02-14T16:49:37.608+0100][debug][gc,director    ] Rule: High Usage, Free: 14328MB(93,3%)
[2024-02-14T16:49:37.608+0100][debug][gc,director    ] Rule: Proactive, UsedUntilEnabled: 818MB, TimeUntilEnabled: 299,784s
[2024-02-14T16:49:37.707+0100][debug][gc,alloc       ] Allocation Rate: 3750,0MB/s, Predicted: 3777,1MB/s, Avg: 3782,6(+/-120,6)MB/s
[2024-02-14T16:49:37.707+0100][debug][gc,director    ] Select GC Workers (Normal), AvoidLongGCWorkers: 0,056, AvoidOOMGCWorkers: 0,175, LastGCWorkers: 1,000, GCWorkers: 0,175
[2024-02-14T16:49:37.707+0100][debug][gc,director    ] Rule: Allocation Rate (Dynamic GC Workers), MaxAllocRate: 4179,3MB/s (+/-3,2%), Free: 13900MB, GCCPUTime: 0,570, GCDuration: 0,570s, TimeUntilOOM: 3,223s, TimeUntilGC: 2,553s, GCWorkers: 1 -> 1
[2024-02-14T16:49:37.707+0100][debug][gc,director    ] Rule: High Usage, Free: 13900MB(90,5%)
[2024-02-14T16:49:37.707+0100][debug][gc,director    ] Rule: Proactive, UsedUntilEnabled: 390MB, TimeUntilEnabled: 299,685s
[2024-02-14T16:49:37.808+0100][debug][gc,alloc       ] Allocation Rate: 3668,0MB/s, Predicted: 3736,4MB/s, Avg: 3769,2(+/-125,0)MB/s
[2024-02-14T16:49:37.808+0100][debug][gc,director    ] Select GC Workers (Normal), AvoidLongGCWorkers: 0,056, AvoidOOMGCWorkers: 0,178, LastGCWorkers: 1,000, GCWorkers: 0,178
[2024-02-14T16:49:37.808+0100][debug][gc,director    ] Rule: Allocation Rate (Dynamic GC Workers), MaxAllocRate: 4180,6MB/s (+/-3,3%), Free: 13720MB, GCCPUTime: 0,570, GCDuration: 0,570s, TimeUntilOOM: 3,176s, TimeUntilGC: 2,506s, GCWorkers: 1 -> 1
[2024-02-14T16:49:37.808+0100][debug][gc,director    ] Rule: High Usage, Free: 13720MB(89,3%)
[2024-02-14T16:49:37.808+0100][debug][gc,director    ] Rule: Proactive, UsedUntilEnabled: 210MB, TimeUntilEnabled: 299,584s
[2024-02-14T16:49:37.908+0100][debug][gc,alloc       ] Allocation Rate: 3566,0MB/s, Predicted: 3591,3MB/s, Avg: 3772,8(+/-118,4)MB/s
[2024-02-14T16:49:37.908+0100][debug][gc,director    ] Select GC Workers (Normal), AvoidLongGCWorkers: 0,056, AvoidOOMGCWorkers: 0,179, LastGCWorkers: 1,000, GCWorkers: 0,179
[2024-02-14T16:49:37.908+0100][debug][gc,director    ] Rule: Allocation Rate (Dynamic GC Workers), MaxAllocRate: 4162,5MB/s (+/-3,1%), Free: 13540MB, GCCPUTime: 0,570, GCDuration: 0,570s, TimeUntilOOM: 3,154s, TimeUntilGC: 2,484s, GCWorkers: 1 -> 1
[2024-02-14T16:49:37.908+0100][debug][gc,director    ] Rule: High Usage, Free: 13540MB(88,2%)
[2024-02-14T16:49:37.908+0100][debug][gc,director    ] Rule: Proactive, UsedUntilEnabled: 30MB, TimeUntilEnabled: 299,484s
[2024-02-14T16:49:38.007+0100][debug][gc,alloc       ] Allocation Rate: 3126,0MB/s, Predicted: 3359,1MB/s, Avg: 3698,2(+/-222,1)MB/s
[2024-02-14T16:49:38.007+0100][debug][gc,director    ] Select GC Workers (Normal), AvoidLongGCWorkers: 0,056, AvoidOOMGCWorkers: 0,199, LastGCWorkers: 1,000, GCWorkers: 0,199
[2024-02-14T16:49:38.007+0100][debug][gc,director    ] Rule: Allocation Rate (Dynamic GC Workers), MaxAllocRate: 4428,9MB/s (+/-6,0%), Free: 13314MB, GCCPUTime: 0,570, GCDuration: 0,570s, TimeUntilOOM: 2,836s, TimeUntilGC: 2,166s, GCWorkers: 1 -> 1
[2024-02-14T16:49:38.007+0100][debug][gc,director    ] Rule: High Usage, Free: 13314MB(86,7%)
[2024-02-14T16:49:38.007+0100][debug][gc,director    ] Rule: Proactive, AcceptableGCInterval: 5,820s, TimeSinceLastGC: 0,615s, TimeUntilGC: 5,205s
[2024-02-14T16:49:38.107+0100][debug][gc,alloc       ] Allocation Rate: 3562,0MB/s, Predicted: 3346,1MB/s, Avg: 3669,0(+/-218,8)MB/s
[2024-02-14T16:49:38.107+0100][debug][gc,director    ] Select GC Workers (Normal), AvoidLongGCWorkers: 0,056, AvoidOOMGCWorkers: 0,208, LastGCWorkers: 1,000, GCWorkers: 0,208
[2024-02-14T16:49:38.107+0100][debug][gc,director    ] Rule: Allocation Rate (Dynamic GC Workers), MaxAllocRate: 4389,1MB/s (+/-6,0%), Free: 12644MB, GCCPUTime: 0,570, GCDuration: 0,570s, TimeUntilOOM: 2,719s, TimeUntilGC: 2,048s, GCWorkers: 1 -> 1
[2024-02-14T16:49:38.107+0100][debug][gc,director    ] Rule: High Usage, Free: 12644MB(82,3%)
[2024-02-14T16:49:38.107+0100][debug][gc,director    ] Rule: Proactive, AcceptableGCInterval: 5,820s, TimeSinceLastGC: 0,715s, TimeUntilGC: 5,105s
[2024-02-14T16:49:38.208+0100][debug][gc,alloc       ] Allocation Rate: 3576,0MB/s, Predicted: 3358,3MB/s, Avg: 3641,2(+/-211,1)MB/s
[2024-02-14T16:49:38.208+0100][debug][gc,director    ] Select GC Workers (Normal), AvoidLongGCWorkers: 0,056, AvoidOOMGCWorkers: 0,210, LastGCWorkers: 1,000, GCWorkers: 0,210
[2024-02-14T16:49:38.208+0100][debug][gc,director    ] Rule: Allocation Rate (Dynamic GC Workers), MaxAllocRate: 4335,8MB/s (+/-5,8%), Free: 12374MB, GCCPUTime: 0,570, GCDuration: 0,570s, TimeUntilOOM: 2,698s, TimeUntilGC: 2,027s, GCWorkers: 1 -> 1
[2024-02-14T16:49:38.208+0100][debug][gc,director    ] Rule: High Usage, Free: 12374MB(80,6%)
[2024-02-14T16:49:38.208+0100][debug][gc,director    ] Rule: Proactive, AcceptableGCInterval: 5,820s, TimeSinceLastGC: 0,816s, TimeUntilGC: 5,004s
[2024-02-14T16:49:38.308+0100][debug][gc,alloc       ] Allocation Rate: 3166,0MB/s, Predicted: 3227,6MB/s, Avg: 3571,4(+/-239,4)MB/s
[2024-02-14T16:49:38.308+0100][debug][gc,director    ] Select GC Workers (Normal), AvoidLongGCWorkers: 0,056, AvoidOOMGCWorkers: 0,217, LastGCWorkers: 1,000, GCWorkers: 0,217
[2024-02-14T16:49:38.308+0100][debug][gc,director    ] Rule: Allocation Rate (Dynamic GC Workers), MaxAllocRate: 4359,1MB/s (+/-6,7%), Free: 12100MB, GCCPUTime: 0,570, GCDuration: 0,570s, TimeUntilOOM: 2,601s, TimeUntilGC: 1,931s, GCWorkers: 1 -> 1
[2024-02-14T16:49:38.308+0100][debug][gc,director    ] Rule: High Usage, Free: 12100MB(78,8%)
[2024-02-14T16:49:38.308+0100][debug][gc,director    ] Rule: Proactive, AcceptableGCInterval: 5,820s, TimeSinceLastGC: 0,916s, TimeUntilGC: 4,904s
[2024-02-14T16:49:38.408+0100][debug][gc,alloc       ] Allocation Rate: 3628,0MB/s, Predicted: 3328,3MB/s, Avg: 3547,8(+/-220,2)MB/s
[2024-02-14T16:49:38.408+0100][debug][gc,director    ] Select GC Workers (Normal), AvoidLongGCWorkers: 0,056, AvoidOOMGCWorkers: 0,226, LastGCWorkers: 1,000, GCWorkers: 0,226
[2024-02-14T16:49:38.408+0100][debug][gc,director    ] Rule: Allocation Rate (Dynamic GC Workers), MaxAllocRate: 4272,5MB/s (+/-6,2%), Free: 11378MB, GCCPUTime: 0,570, GCDuration: 0,570s, TimeUntilOOM: 2,507s, TimeUntilGC: 1,837s, GCWorkers: 1 -> 1
[2024-02-14T16:49:38.408+0100][debug][gc,director    ] Rule: High Usage, Free: 11378MB(74,1%)
[2024-02-14T16:49:38.408+0100][debug][gc,director    ] Rule: Proactive, AcceptableGCInterval: 5,820s, TimeSinceLastGC: 1,016s, TimeUntilGC: 4,804s
[2024-02-14T16:49:38.507+0100][debug][gc,alloc       ] Allocation Rate: 3620,0MB/s, Predicted: 3440,4MB/s, Avg: 3523,8(+/-196,7)MB/s
[2024-02-14T16:49:38.507+0100][debug][gc,director    ] Select GC Workers (Normal), AvoidLongGCWorkers: 0,056, AvoidOOMGCWorkers: 0,224, LastGCWorkers: 1,000, GCWorkers: 0,224
[2024-02-14T16:49:38.507+0100][debug][gc,director    ] Rule: Allocation Rate (Dynamic GC Workers), MaxAllocRate: 4171,1MB/s (+/-5,6%), Free: 11132MB, GCCPUTime: 0,570, GCDuration: 0,570s, TimeUntilOOM: 2,528s, TimeUntilGC: 1,857s, GCWorkers: 1 -> 1
[2024-02-14T16:49:38.507+0100][debug][gc,director    ] Rule: High Usage, Free: 11132MB(72,5%)
[2024-02-14T16:49:38.507+0100][debug][gc,director    ] Rule: Proactive, AcceptableGCInterval: 5,820s, TimeSinceLastGC: 1,115s, TimeUntilGC: 4,705s
[2024-02-14T16:49:38.608+0100][debug][gc,alloc       ] Allocation Rate: 3470,0MB/s, Predicted: 3432,8MB/s, Avg: 3513,2(+/-196,5)MB/s
[2024-02-14T16:49:38.608+0100][debug][gc,director    ] Select GC Workers (Normal), AvoidLongGCWorkers: 0,056, AvoidOOMGCWorkers: 0,229, LastGCWorkers: 1,000, GCWorkers: 0,229
[2024-02-14T16:49:38.608+0100][debug][gc,director    ] Rule: Allocation Rate (Dynamic GC Workers), MaxAllocRate: 4159,7MB/s (+/-5,6%), Free: 10864MB, GCCPUTime: 0,570, GCDuration: 0,570s, TimeUntilOOM: 2,473s, TimeUntilGC: 1,803s, GCWorkers: 1 -> 1
[2024-02-14T16:49:38.608+0100][debug][gc,director    ] Rule: High Usage, Free: 10864MB(70,7%)
[2024-02-14T16:49:38.608+0100][debug][gc,director    ] Rule: Proactive, AcceptableGCInterval: 5,820s, TimeSinceLastGC: 1,216s, TimeUntilGC: 4,604s
[2024-02-14T16:49:38.708+0100][debug][gc,alloc       ] Allocation Rate: 3674,0MB/s, Predicted: 3560,3MB/s, Avg: 3505,6(+/-188,5)MB/s
[2024-02-14T16:49:38.708+0100][debug][gc,director    ] Select GC Workers (Normal), AvoidLongGCWorkers: 0,056, AvoidOOMGCWorkers: 0,244, LastGCWorkers: 1,000, GCWorkers: 0,244
[2024-02-14T16:49:38.708+0100][debug][gc,director    ] Rule: Allocation Rate (Dynamic GC Workers), MaxAllocRate: 4180,5MB/s (+/-5,4%), Free: 10222MB, GCCPUTime: 0,570, GCDuration: 0,570s, TimeUntilOOM: 2,320s, TimeUntilGC: 1,650s, GCWorkers: 1 -> 1
[2024-02-14T16:49:38.708+0100][debug][gc,director    ] Rule: High Usage, Free: 10222MB(66,5%)
[2024-02-14T16:49:38.708+0100][debug][gc,director    ] Rule: Proactive, AcceptableGCInterval: 5,820s, TimeSinceLastGC: 1,316s, TimeUntilGC: 4,504s
[2024-02-14T16:49:38.807+0100][debug][gc,alloc       ] Allocation Rate: 3794,0MB/s, Predicted: 3718,9MB/s, Avg: 3518,2(+/-202,6)MB/s
[2024-02-14T16:49:38.807+0100][debug][gc,director    ] Select GC Workers (Normal), AvoidLongGCWorkers: 0,056, AvoidOOMGCWorkers: 0,264, LastGCWorkers: 1,000, GCWorkers: 0,264
[2024-02-14T16:49:38.807+0100][debug][gc,director    ] Rule: Allocation Rate (Dynamic GC Workers), MaxAllocRate: 4385,6MB/s (+/-5,8%), Free: 9926MB, GCCPUTime: 0,570, GCDuration: 0,570s, TimeUntilOOM: 2,140s, TimeUntilGC: 1,470s, GCWorkers: 1 -> 1
[2024-02-14T16:49:38.807+0100][debug][gc,director    ] Rule: High Usage, Free: 9926MB(64,6%)
[2024-02-14T16:49:38.807+0100][debug][gc,director    ] Rule: Proactive, AcceptableGCInterval: 5,820s, TimeSinceLastGC: 1,415s, TimeUntilGC: 4,405s
[2024-02-14T16:49:38.907+0100][debug][gc,alloc       ] Allocation Rate: 3880,0MB/s, Predicted: 3876,4MB/s, Avg: 3549,6(+/-230,1)MB/s
[2024-02-14T16:49:38.907+0100][debug][gc,director    ] Select GC Workers (Normal), AvoidLongGCWorkers: 0,056, AvoidOOMGCWorkers: 0,289, LastGCWorkers: 1,000, GCWorkers: 0,289
[2024-02-14T16:49:38.907+0100][debug][gc,director    ] Rule: Allocation Rate (Dynamic GC Workers), MaxAllocRate: 4633,4MB/s (+/-6,5%), Free: 9660MB, GCCPUTime: 0,570, GCDuration: 0,570s, TimeUntilOOM: 1,958s, TimeUntilGC: 1,288s, GCWorkers: 1 -> 1
[2024-02-14T16:49:38.907+0100][debug][gc,director    ] Rule: High Usage, Free: 9660MB(62,9%)
[2024-02-14T16:49:38.907+0100][debug][gc,director    ] Rule: Proactive, AcceptableGCInterval: 5,820s, TimeSinceLastGC: 1,515s, TimeUntilGC: 4,305s
[2024-02-14T16:49:39.007+0100][debug][gc,alloc       ] Allocation Rate: 3926,0MB/s, Predicted: 3914,0MB/s, Avg: 3629,6(+/-206,8)MB/s
[2024-02-14T16:49:39.007+0100][debug][gc,director    ] Select GC Workers (Normal), AvoidLongGCWorkers: 0,056, AvoidOOMGCWorkers: 0,293, LastGCWorkers: 1,000, GCWorkers: 0,293
[2024-02-14T16:49:39.007+0100][debug][gc,director    ] Rule: Allocation Rate (Dynamic GC Workers), MaxAllocRate: 4594,3MB/s (+/-5,7%), Free: 9390MB, GCCPUTime: 0,570, GCDuration: 0,570s, TimeUntilOOM: 1,934s, TimeUntilGC: 1,263s, GCWorkers: 1 -> 1
[2024-02-14T16:49:39.007+0100][debug][gc,director    ] Rule: High Usage, Free: 9390MB(61,1%)
[2024-02-14T16:49:39.007+0100][debug][gc,director    ] Rule: Proactive, AcceptableGCInterval: 5,820s, TimeSinceLastGC: 1,615s, TimeUntilGC: 4,205s
[2024-02-14T16:49:39.107+0100][debug][gc,alloc       ] Allocation Rate: 3944,0MB/s, Predicted: 4021,7MB/s, Avg: 3667,8(+/-225,2)MB/s
[2024-02-14T16:49:39.107+0100][debug][gc,director    ] Select GC Workers (Normal), AvoidLongGCWorkers: 0,056, AvoidOOMGCWorkers: 0,329, LastGCWorkers: 1,000, GCWorkers: 0,329
[2024-02-14T16:49:39.107+0100][debug][gc,director    ] Rule: Allocation Rate (Dynamic GC Workers), MaxAllocRate: 4762,8MB/s (+/-6,1%), Free: 8700MB, GCCPUTime: 0,570, GCDuration: 0,570s, TimeUntilOOM: 1,721s, TimeUntilGC: 1,051s, GCWorkers: 1 -> 1
[2024-02-14T16:49:39.107+0100][debug][gc,director    ] Rule: High Usage, Free: 8700MB(56,6%)
[2024-02-14T16:49:39.107+0100][debug][gc,director    ] Rule: Proactive, AcceptableGCInterval: 5,820s, TimeSinceLastGC: 1,715s, TimeUntilGC: 4,105s
[2024-02-14T16:49:39.208+0100][debug][gc,alloc       ] Allocation Rate: 3936,0MB/s, Predicted: 4104,5MB/s, Avg: 3703,8(+/-236,2)MB/s
[2024-02-14T16:49:39.208+0100][debug][gc,director    ] Select GC Workers (Normal), AvoidLongGCWorkers: 0,056, AvoidOOMGCWorkers: 0,349, LastGCWorkers: 1,000, GCWorkers: 0,349
[2024-02-14T16:49:39.208+0100][debug][gc,director    ] Rule: Allocation Rate (Dynamic GC Workers), MaxAllocRate: 4881,6MB/s (+/-6,4%), Free: 8438MB, GCCPUTime: 0,570, GCDuration: 0,570s, TimeUntilOOM: 1,625s, TimeUntilGC: 0,955s, GCWorkers: 1 -> 1
[2024-02-14T16:49:39.208+0100][debug][gc,director    ] Rule: High Usage, Free: 8438MB(54,9%)
[2024-02-14T16:49:39.208+0100][debug][gc,director    ] Rule: Proactive, AcceptableGCInterval: 5,820s, TimeSinceLastGC: 1,816s, TimeUntilGC: 4,004s
[2024-02-14T16:49:39.308+0100][debug][gc,alloc       ] Allocation Rate: 3930,0MB/s, Predicted: 4051,6MB/s, Avg: 3780,2(+/-161,6)MB/s
[2024-02-14T16:49:39.308+0100][debug][gc,director    ] Select GC Workers (Normal), AvoidLongGCWorkers: 0,056, AvoidOOMGCWorkers: 0,331, LastGCWorkers: 1,000, GCWorkers: 0,331
[2024-02-14T16:49:39.308+0100][debug][gc,director    ] Rule: Allocation Rate (Dynamic GC Workers), MaxAllocRate: 4583,5MB/s (+/-4,3%), Free: 8172MB, GCCPUTime: 0,570, GCDuration: 0,570s, TimeUntilOOM: 1,710s, TimeUntilGC: 1,040s, GCWorkers: 1 -> 1
[2024-02-14T16:49:39.308+0100][debug][gc,director    ] Rule: High Usage, Free: 8172MB(53,2%)
[2024-02-14T16:49:39.308+0100][debug][gc,director    ] Rule: Proactive, AcceptableGCInterval: 5,820s, TimeSinceLastGC: 1,916s, TimeUntilGC: 3,904s
[2024-02-14T16:49:39.407+0100][debug][gc,alloc       ] Allocation Rate: 3892,0MB/s, Predicted: 4055,7MB/s, Avg: 3806,6(+/-156,1)MB/s
[2024-02-14T16:49:39.407+0100][debug][gc,director    ] Select GC Workers (Normal), AvoidLongGCWorkers: 0,056, AvoidOOMGCWorkers: 0,360, LastGCWorkers: 1,000, GCWorkers: 0,360
[2024-02-14T16:49:39.407+0100][debug][gc,director    ] Rule: Allocation Rate (Dynamic GC Workers), MaxAllocRate: 4569,4MB/s (+/-4,1%), Free: 7486MB, GCCPUTime: 0,570, GCDuration: 0,570s, TimeUntilOOM: 1,574s, TimeUntilGC: 0,904s, GCWorkers: 1 -> 1
[2024-02-14T16:49:39.407+0100][debug][gc,director    ] Rule: High Usage, Free: 7486MB(48,7%)
[2024-02-14T16:49:39.407+0100][debug][gc,director    ] Rule: Proactive, AcceptableGCInterval: 5,820s, TimeSinceLastGC: 2,015s, TimeUntilGC: 3,805s
[2024-02-14T16:49:39.507+0100][debug][gc,alloc       ] Allocation Rate: 3920,0MB/s, Predicted: 4051,3MB/s, Avg: 3836,6(+/-145,8)MB/s
[2024-02-14T16:49:39.507+0100][debug][gc,director    ] Select GC Workers (Normal), AvoidLongGCWorkers: 0,056, AvoidOOMGCWorkers: 0,370, LastGCWorkers: 1,000, GCWorkers: 0,370
[2024-02-14T16:49:39.507+0100][debug][gc,director    ] Rule: Allocation Rate (Dynamic GC Workers), MaxAllocRate: 4531,2MB/s (+/-3,8%), Free: 7210MB, GCCPUTime: 0,570, GCDuration: 0,570s, TimeUntilOOM: 1,533s, TimeUntilGC: 0,863s, GCWorkers: 1 -> 1
[2024-02-14T16:49:39.507+0100][debug][gc,director    ] Rule: High Usage, Free: 7210MB(46,9%)
[2024-02-14T16:49:39.507+0100][debug][gc,director    ] Rule: Proactive, AcceptableGCInterval: 5,820s, TimeSinceLastGC: 2,115s, TimeUntilGC: 3,705s
[2024-02-14T16:49:39.608+0100][debug][gc,alloc       ] Allocation Rate: 3924,0MB/s, Predicted: 3988,5MB/s, Avg: 3882,0(+/-80,8)MB/s
[2024-02-14T16:49:39.608+0100][debug][gc,director    ] Select GC Workers (Normal), AvoidLongGCWorkers: 0,056, AvoidOOMGCWorkers: 0,354, LastGCWorkers: 1,000, GCWorkers: 0,354
[2024-02-14T16:49:39.608+0100][debug][gc,director    ] Rule: Allocation Rate (Dynamic GC Workers), MaxAllocRate: 4254,5MB/s (+/-2,1%), Free: 6940MB, GCCPUTime: 0,570, GCDuration: 0,570s, TimeUntilOOM: 1,598s, TimeUntilGC: 0,928s, GCWorkers: 1 -> 1
[2024-02-14T16:49:39.608+0100][debug][gc,director    ] Rule: High Usage, Free: 6940MB(45,2%)
[2024-02-14T16:49:39.608+0100][debug][gc,director    ] Rule: Proactive, AcceptableGCInterval: 5,820s, TimeSinceLastGC: 2,216s, TimeUntilGC: 3,604s
[2024-02-14T16:49:39.708+0100][debug][gc,alloc       ] Allocation Rate: 4004,0MB/s, Predicted: 3981,9MB/s, Avg: 3915,0(+/-51,0)MB/s
[2024-02-14T16:49:39.708+0100][debug][gc,director    ] Select GC Workers (Normal), AvoidLongGCWorkers: 0,056, AvoidOOMGCWorkers: 0,383, LastGCWorkers: 1,000, GCWorkers: 0,383
[2024-02-14T16:49:39.708+0100][debug][gc,director    ] Rule: Allocation Rate (Dynamic GC Workers), MaxAllocRate: 4149,8MB/s (+/-1,3%), Free: 6222MB, GCCPUTime: 0,570, GCDuration: 0,570s, TimeUntilOOM: 1,480s, TimeUntilGC: 0,810s, GCWorkers: 1 -> 1
[2024-02-14T16:49:39.708+0100][debug][gc,director    ] Rule: High Usage, Free: 6222MB(40,5%)
[2024-02-14T16:49:39.708+0100][debug][gc,director    ] Rule: Proactive, AcceptableGCInterval: 5,820s, TimeSinceLastGC: 2,316s, TimeUntilGC: 3,504s
[2024-02-14T16:49:39.807+0100][debug][gc,alloc       ] Allocation Rate: 3922,0MB/s, Predicted: 3952,4MB/s, Avg: 3927,8(+/-31,3)MB/s
[2024-02-14T16:49:39.807+0100][debug][gc,director    ] Select GC Workers (Normal), AvoidLongGCWorkers: 0,056, AvoidOOMGCWorkers: 0,386, LastGCWorkers: 1,000, GCWorkers: 0,386
[2024-02-14T16:49:39.807+0100][debug][gc,director    ] Rule: Allocation Rate (Dynamic GC Workers), MaxAllocRate: 4055,5MB/s (+/-0,8%), Free: 6004MB, GCCPUTime: 0,570, GCDuration: 0,570s, TimeUntilOOM: 1,469s, TimeUntilGC: 0,798s, GCWorkers: 1 -> 1
[2024-02-14T16:49:39.807+0100][debug][gc,director    ] Rule: High Usage, Free: 6004MB(39,1%)
[2024-02-14T16:49:39.807+0100][debug][gc,director    ] Rule: Proactive, AcceptableGCInterval: 5,820s, TimeSinceLastGC: 2,415s, TimeUntilGC: 3,405s
[2024-02-14T16:49:39.907+0100][debug][gc,alloc       ] Allocation Rate: 3918,0MB/s, Predicted: 3935,7MB/s, Avg: 3931,6(+/-27,4)MB/s
[2024-02-14T16:49:39.908+0100][debug][gc,director    ] Select GC Workers (Normal), AvoidLongGCWorkers: 0,056, AvoidOOMGCWorkers: 0,400, LastGCWorkers: 1,000, GCWorkers: 0,400
[2024-02-14T16:49:39.908+0100][debug][gc,director    ] Rule: Allocation Rate (Dynamic GC Workers), MaxAllocRate: 4025,8MB/s (+/-0,7%), Free: 5742MB, GCCPUTime: 0,570, GCDuration: 0,570s, TimeUntilOOM: 1,416s, TimeUntilGC: 0,746s, GCWorkers: 1 -> 1
[2024-02-14T16:49:39.908+0100][debug][gc,director    ] Rule: High Usage, Free: 5742MB(37,4%)
[2024-02-14T16:49:39.908+0100][debug][gc,director    ] Rule: Proactive, AcceptableGCInterval: 5,820s, TimeSinceLastGC: 2,516s, TimeUntilGC: 3,304s
[2024-02-14T16:49:40.008+0100][debug][gc,alloc       ] Allocation Rate: 4080,0MB/s, Predicted: 3993,6MB/s, Avg: 3947,0(+/-52,1)MB/s
[2024-02-14T16:49:40.008+0100][debug][gc,director    ] Select GC Workers (Normal), AvoidLongGCWorkers: 0,056, AvoidOOMGCWorkers: 0,451, LastGCWorkers: 1,000, GCWorkers: 0,451
[2024-02-14T16:49:40.008+0100][debug][gc,director    ] Rule: Allocation Rate (Dynamic GC Workers), MaxAllocRate: 4164,9MB/s (+/-1,3%), Free: 5310MB, GCCPUTime: 0,570, GCDuration: 0,570s, TimeUntilOOM: 1,258s, TimeUntilGC: 0,588s, GCWorkers: 1 -> 1
[2024-02-14T16:49:40.008+0100][debug][gc,director    ] Rule: High Usage, Free: 5308MB(34,6%)
[2024-02-14T16:49:40.008+0100][debug][gc,director    ] Rule: Proactive, AcceptableGCInterval: 5,820s, TimeSinceLastGC: 2,616s, TimeUntilGC: 3,204s
[2024-02-14T16:49:40.108+0100][debug][gc,alloc       ] Allocation Rate: 3922,0MB/s, Predicted: 3982,8MB/s, Avg: 3944,8(+/-52,6)MB/s
[2024-02-14T16:49:40.108+0100][debug][gc,director    ] Select GC Workers (Normal), AvoidLongGCWorkers: 0,056, AvoidOOMGCWorkers: 0,500, LastGCWorkers: 1,000, GCWorkers: 0,500
[2024-02-14T16:49:40.108+0100][debug][gc,director    ] Rule: Allocation Rate (Dynamic GC Workers), MaxAllocRate: 4155,9MB/s (+/-1,3%), Free: 4778MB, GCCPUTime: 0,570, GCDuration: 0,570s, TimeUntilOOM: 1,135s, TimeUntilGC: 0,464s, GCWorkers: 1 -> 1
[2024-02-14T16:49:40.108+0100][debug][gc,director    ] Rule: High Usage, Free: 4778MB(31,1%)
[2024-02-14T16:49:40.108+0100][debug][gc,director    ] Rule: Proactive, AcceptableGCInterval: 5,820s, TimeSinceLastGC: 2,716s, TimeUntilGC: 3,104s
[2024-02-14T16:49:40.207+0100][debug][gc,alloc       ] Allocation Rate: 3930,0MB/s, Predicted: 3974,5MB/s, Avg: 3944,2(+/-52,7)MB/s
[2024-02-14T16:49:40.207+0100][debug][gc,director    ] Select GC Workers (Normal), AvoidLongGCWorkers: 0,056, AvoidOOMGCWorkers: 0,529, LastGCWorkers: 1,000, GCWorkers: 0,529
[2024-02-14T16:49:40.207+0100][debug][gc,director    ] Rule: Allocation Rate (Dynamic GC Workers), MaxAllocRate: 4148,1MB/s (+/-1,3%), Free: 4508MB, GCCPUTime: 0,570, GCDuration: 0,570s, TimeUntilOOM: 1,072s, TimeUntilGC: 0,402s, GCWorkers: 1 -> 1
[2024-02-14T16:49:40.207+0100][debug][gc,director    ] Rule: High Usage, Free: 4508MB(29,3%)
[2024-02-14T16:49:40.207+0100][debug][gc,director    ] Rule: Proactive, AcceptableGCInterval: 5,820s, TimeSinceLastGC: 2,815s, TimeUntilGC: 3,005s
[2024-02-14T16:49:40.308+0100][debug][gc,alloc       ] Allocation Rate: 3930,0MB/s, Predicted: 3965,1MB/s, Avg: 3944,2(+/-52,7)MB/s
[2024-02-14T16:49:40.308+0100][debug][gc,director    ] Select GC Workers (Normal), AvoidLongGCWorkers: 0,056, AvoidOOMGCWorkers: 0,561, LastGCWorkers: 1,000, GCWorkers: 0,561
[2024-02-14T16:49:40.308+0100][debug][gc,director    ] Rule: Allocation Rate (Dynamic GC Workers), MaxAllocRate: 4138,6MB/s (+/-1,3%), Free: 4242MB, GCCPUTime: 0,570, GCDuration: 0,570s, TimeUntilOOM: 1,011s, TimeUntilGC: 0,341s, GCWorkers: 1 -> 1
[2024-02-14T16:49:40.308+0100][debug][gc,director    ] Rule: High Usage, Free: 4242MB(27,6%)
[2024-02-14T16:49:40.308+0100][debug][gc,director    ] Rule: Proactive, AcceptableGCInterval: 5,820s, TimeSinceLastGC: 2,916s, TimeUntilGC: 2,904s
[2024-02-14T16:49:40.408+0100][debug][gc,alloc       ] Allocation Rate: 3896,0MB/s, Predicted: 3931,9MB/s, Avg: 3944,6(+/-52,4)MB/s
[2024-02-14T16:49:40.408+0100][debug][gc,director    ] Select GC Workers (Normal), AvoidLongGCWorkers: 0,056, AvoidOOMGCWorkers: 0,660, LastGCWorkers: 1,000, GCWorkers: 0,660
[2024-02-14T16:49:40.408+0100][debug][gc,director    ] Rule: Allocation Rate (Dynamic GC Workers), MaxAllocRate: 4116,9MB/s (+/-1,3%), Free: 3590MB, GCCPUTime: 0,570, GCDuration: 0,570s, TimeUntilOOM: 0,861s, TimeUntilGC: 0,190s, GCWorkers: 1 -> 1
[2024-02-14T16:49:40.408+0100][debug][gc,director    ] Rule: High Usage, Free: 3590MB(23,4%)
[2024-02-14T16:49:40.408+0100][debug][gc,director    ] Rule: Proactive, AcceptableGCInterval: 5,820s, TimeSinceLastGC: 3,016s, TimeUntilGC: 2,804s
[2024-02-14T16:49:40.507+0100][debug][gc,alloc       ] Allocation Rate: 3888,0MB/s, Predicted: 3902,7MB/s, Avg: 3941,4(+/-54,7)MB/s
[2024-02-14T16:49:40.507+0100][debug][gc,director    ] Select GC Workers (Normal), AvoidLongGCWorkers: 0,056, AvoidOOMGCWorkers: 0,715, LastGCWorkers: 1,000, GCWorkers: 0,715
[2024-02-14T16:49:40.507+0100][debug][gc,director    ] Rule: Allocation Rate (Dynamic GC Workers), MaxAllocRate: 4121,3MB/s (+/-1,4%), Free: 3324MB, GCCPUTime: 0,570, GCDuration: 0,570s, TimeUntilOOM: 0,795s, TimeUntilGC: 0,125s, GCWorkers: 1 -> 1
[2024-02-14T16:49:40.507+0100][debug][gc,director    ] Rule: High Usage, Free: 3324MB(21,6%)
[2024-02-14T16:49:40.507+0100][debug][gc,director    ] Rule: Proactive, AcceptableGCInterval: 5,820s, TimeSinceLastGC: 3,115s, TimeUntilGC: 2,705s
[2024-02-14T16:49:40.607+0100][debug][gc,alloc       ] Allocation Rate: 3882,0MB/s, Predicted: 3874,3MB/s, Avg: 3937,2(+/-57,4)MB/s
[2024-02-14T16:49:40.607+0100][debug][gc,director    ] Select GC Workers (Normal), AvoidLongGCWorkers: 0,056, AvoidOOMGCWorkers: 0,779, LastGCWorkers: 1,000, GCWorkers: 0,779
[2024-02-14T16:49:40.607+0100][debug][gc,director    ] Rule: Allocation Rate (Dynamic GC Workers), MaxAllocRate: 4126,1MB/s (+/-1,5%), Free: 3058MB, GCCPUTime: 0,570, GCDuration: 0,570s, TimeUntilOOM: 0,730s, TimeUntilGC: 0,060s, GCWorkers: 1 -> 1
[2024-02-14T16:49:40.607+0100][debug][gc,director    ] Rule: High Usage, Free: 3058MB(19,9%)
[2024-02-14T16:49:40.607+0100][debug][gc,director    ] Rule: Proactive, AcceptableGCInterval: 5,820s, TimeSinceLastGC: 3,215s, TimeUntilGC: 2,605s
[2024-02-14T16:49:40.708+0100][debug][gc,alloc       ] Allocation Rate: 3872,0MB/s, Predicted: 3866,0MB/s, Avg: 3924,0(+/-55,7)MB/s
[2024-02-14T16:49:40.708+0100][debug][gc,director    ] Select GC Workers (Normal), AvoidLongGCWorkers: 0,056, AvoidOOMGCWorkers: 1,011, LastGCWorkers: 1,000, GCWorkers: 1,011
[2024-02-14T16:49:40.708+0100][debug][gc,director    ] Rule: Allocation Rate (Dynamic GC Workers), MaxAllocRate: 4107,2MB/s (+/-1,4%), Free: 2350MB, GCCPUTime: 0,570, GCDuration: 0,288s, TimeUntilOOM: 0,564s, TimeUntilGC: 0,176s, GCWorkers: 1 -> 2
[2024-02-14T16:49:40.708+0100][debug][gc,heap        ] GC(14) Heap before GC invocations=14 (full 14):
[2024-02-14T16:49:40.708+0100][debug][gc,heap        ] GC(14)  ZHeap           used 12968M, capacity 13466M, max capacity 15360M
[2024-02-14T16:49:40.708+0100][debug][gc,heap        ] GC(14)  Metaspace       used 31300K, committed 31680K, reserved 1114112K
[2024-02-14T16:49:40.708+0100][debug][gc,heap        ] GC(14)   class space    used 3306K, committed 3520K, reserved 1048576K
[2024-02-14T16:49:40.708+0100][info ][gc,start       ] GC(14) Garbage Collection (Allocation Rate)
[2024-02-14T16:49:40.708+0100][info ][gc,task        ] GC(14) Using 2 workers
[2024-02-14T16:49:40.708+0100][debug][gc,phases,start] GC(14) Pause Mark Start
[2024-02-14T16:49:40.708+0100][debug][gc,marking     ] GC(14) Using 2 mark stripes
[2024-02-14T16:49:40.708+0100][debug][gc,marking     ] GC(14) Mark Worker/Stripe Distribution
[2024-02-14T16:49:40.708+0100][debug][gc,marking     ] GC(14)   Worker 0(2) -> Stripe 0(2)
[2024-02-14T16:49:40.708+0100][debug][gc,marking     ] GC(14)   Worker 1(2) -> Stripe 1(2)
[2024-02-14T16:49:40.708+0100][info ][gc,phases      ] GC(14) Pause Mark Start 0,085ms
[2024-02-14T16:49:40.708+0100][debug][gc,phases,start] GC(14) Concurrent Mark
[2024-02-14T16:49:40.708+0100][debug][gc,task        ] GC(14) Executing Task: XMarkRootsTask, Active Workers: 2
[2024-02-14T16:49:40.709+0100][debug][gc,tlab        ] GC(14) TLAB totals: thrds: 29  refills: 50670 max: 30376 slow allocs: 7760 max 629 waste:  0,8% gc: 2196536B max: 261616B slow: 98582888B max: 47610168B
[2024-02-14T16:49:40.709+0100][debug][gc,task        ] GC(14) Executing Task: XMarkTask, Active Workers: 2
[2024-02-14T16:49:40.739+0100][info ][gc,phases      ] GC(14) Concurrent Mark 30,865ms
[2024-02-14T16:49:40.739+0100][debug][gc,phases,start] GC(14) Pause Mark End
[2024-02-14T16:49:40.739+0100][info ][gc,phases      ] GC(14) Pause Mark End 0,049ms
[2024-02-14T16:49:40.740+0100][debug][gc,phases,start] GC(14) Concurrent Mark Free
[2024-02-14T16:49:40.740+0100][info ][gc,phases      ] GC(14) Concurrent Mark Free 0,022ms
[2024-02-14T16:49:40.740+0100][debug][gc,phases,start] GC(14) Concurrent Process Non-Strong References
[2024-02-14T16:49:40.740+0100][debug][gc,phases,start] GC(14) Concurrent References Process
[2024-02-14T16:49:40.740+0100][debug][gc,task        ] GC(14) Executing Task: XReferenceProcessorTask, Active Workers: 2
[2024-02-14T16:49:40.745+0100][debug][gc,phases      ] GC(14) Concurrent References Process 5,390ms
[2024-02-14T16:49:40.745+0100][debug][gc,task        ] GC(14) Executing Task: XProcessWeakRootsTask, Active Workers: 2
[2024-02-14T16:49:40.745+0100][debug][gc,phases,start] GC(14) Concurrent Classes Unlink
[2024-02-14T16:49:40.745+0100][debug][gc,phases,start] GC(14) ClassLoaderData
[2024-02-14T16:49:40.745+0100][debug][gc,phases      ] GC(14) ClassLoaderData 0,033ms
[2024-02-14T16:49:40.745+0100][debug][gc,phases,start] GC(14) Trigger cleanups
[2024-02-14T16:49:40.745+0100][debug][gc,phases      ] GC(14) Trigger cleanups 0,007ms
[2024-02-14T16:49:40.745+0100][debug][gc,task        ] GC(14) Executing Task: XNMethodUnlinkTask, Active Workers: 2
[2024-02-14T16:49:40.747+0100][debug][gc,phases      ] GC(14) Concurrent Classes Unlink 1,986ms
[2024-02-14T16:49:40.748+0100][debug][gc,phases,start] GC(14) Concurrent Classes Purge
[2024-02-14T16:49:40.748+0100][debug][gc,nmethod     ] GC(14) Unregister NMethod: sun.nio.ch.IOUtil.read (0x00007f9f2b756990)
[2024-02-14T16:49:40.748+0100][debug][gc,nmethod     ] GC(14) Unregister NMethod: sun.nio.ch.IOUtil.read (0x00007f9f0bfbaa90)
[2024-02-14T16:49:40.748+0100][debug][gc,nmethod     ] GC(14) Unregister NMethod: java.nio.ByteBuffer.flip (0x00007f9f0c06ba10)
[2024-02-14T16:49:40.748+0100][debug][gc,nmethod     ] GC(14) Unregister NMethod: sun.nio.fs.UnixPath.toUnixPath (0x00007f9f0bb22f10)
[2024-02-14T16:49:40.748+0100][debug][gc,nmethod     ] GC(14) Unregister NMethod: java.util.concurrent.locks.ReentrantLock.lock (0x00007f9f0ba76f90)
[2024-02-14T16:49:40.748+0100][debug][gc,phases      ] GC(14) Concurrent Classes Purge 0,071ms
[2024-02-14T16:49:40.748+0100][debug][gc,phases,start] GC(14) Concurrent References Enqueue
[2024-02-14T16:49:40.748+0100][debug][gc,phases      ] GC(14) Concurrent References Enqueue 0,009ms
[2024-02-14T16:49:40.748+0100][info ][gc,phases      ] GC(14) Concurrent Process Non-Strong References 8,162ms
[2024-02-14T16:49:40.748+0100][debug][gc,phases,start] GC(14) Concurrent Reset Relocation Set
[2024-02-14T16:49:40.748+0100][info ][gc,phases      ] GC(14) Concurrent Reset Relocation Set 0,085ms
[2024-02-14T16:49:40.748+0100][debug][gc,phases,start] GC(14) Concurrent Select Relocation Set
[2024-02-14T16:49:40.750+0100][debug][gc,task        ] GC(14) Executing Task: XRelocationSetInstallTask, Active Workers: 2
[2024-02-14T16:49:40.750+0100][info ][gc,phases      ] GC(14) Concurrent Select Relocation Set 2,349ms
[2024-02-14T16:49:40.750+0100][debug][gc,phases,start] GC(14) Pause Relocate Start
[2024-02-14T16:49:40.750+0100][info ][gc,phases      ] GC(14) Pause Relocate Start 0,029ms
[2024-02-14T16:49:40.750+0100][debug][gc,phases,start] GC(14) Concurrent Relocate
[2024-02-14T16:49:40.750+0100][debug][gc,task        ] GC(14) Executing Task: XRelocateTask, Active Workers: 2
[2024-02-14T16:49:40.758+0100][info ][gc,phases      ] GC(14) Concurrent Relocate 8,027ms
[2024-02-14T16:49:40.759+0100][debug][gc,heap        ] GC(14) Heap after GC invocations=15 (full 15):
[2024-02-14T16:49:40.759+0100][debug][gc,heap        ] GC(14)  ZHeap           used 176M, capacity 13466M, max capacity 15360M
[2024-02-14T16:49:40.759+0100][debug][gc,heap        ] GC(14)  Metaspace       used 31300K, committed 31680K, reserved 1114112K
[2024-02-14T16:49:40.759+0100][debug][gc,heap        ] GC(14)   class space    used 3306K, committed 3520K, reserved 1048576K
[2024-02-14T16:49:40.759+0100][info ][gc,load        ] GC(14) Load: 2,31/1,43/1,60
[2024-02-14T16:49:40.759+0100][info ][gc,mmu         ] GC(14) MMU: 2ms/92,8%, 5ms/97,1%, 10ms/98,6%, 20ms/99,1%, 50ms/99,6%, 100ms/99,8%
[2024-02-14T16:49:40.759+0100][info ][gc,marking     ] GC(14) Mark: 2 stripe(s), 2 proactive flush(es), 1 terminate flush(es), 0 completion(s), 0 continuation(s) 
[2024-02-14T16:49:40.759+0100][info ][gc,marking     ] GC(14) Mark Stack Usage: 32M
[2024-02-14T16:49:40.759+0100][info ][gc,nmethod     ] GC(14) NMethods: 3990 registered, 1145 unregistered
[2024-02-14T16:49:40.759+0100][info ][gc,metaspace   ] GC(14) Metaspace: 30M used, 30M committed, 1088M reserved
[2024-02-14T16:49:40.759+0100][info ][gc,ref         ] GC(14) Soft: 3825 encountered, 0 discovered, 0 enqueued
[2024-02-14T16:49:40.759+0100][info ][gc,ref         ] GC(14) Weak: 1901 encountered, 371 discovered, 0 enqueued
[2024-02-14T16:49:40.759+0100][info ][gc,ref         ] GC(14) Final: 21018 encountered, 21018 discovered, 21018 enqueued
[2024-02-14T16:49:40.759+0100][info ][gc,ref         ] GC(14) Phantom: 21468 encountered, 21453 discovered, 21086 enqueued
[2024-02-14T16:49:40.759+0100][info ][gc,reloc       ] GC(14) Small Pages: 6468 / 12936M, Empty: 6836M, Relocated: 8M, In-Place: 0
[2024-02-14T16:49:40.759+0100][info ][gc,reloc       ] GC(14) Medium Pages: 1 / 32M, Empty: 0M, Relocated: 0M, In-Place: 0
[2024-02-14T16:49:40.759+0100][info ][gc,reloc       ] GC(14) Large Pages: 0 / 0M, Empty: 0M, Relocated: 0M, In-Place: 0
[2024-02-14T16:49:40.759+0100][info ][gc,reloc       ] GC(14) Forwarding Usage: 2M
[2024-02-14T16:49:40.759+0100][info ][gc,heap        ] GC(14) Min Capacity: 5120M(33%)
[2024-02-14T16:49:40.759+0100][info ][gc,heap        ] GC(14) Max Capacity: 15360M(100%)
[2024-02-14T16:49:40.759+0100][info ][gc,heap        ] GC(14) Soft Max Capacity: 15360M(100%)
[2024-02-14T16:49:40.759+0100][info ][gc,heap        ] GC(14)                Mark Start          Mark End        Relocate Start      Relocate End           High               Low         
[2024-02-14T16:49:40.759+0100][info ][gc,heap        ] GC(14)  Capacity:    13466M (88%)       13466M (88%)       13466M (88%)       13466M (88%)       13466M (88%)       13466M (88%)    
[2024-02-14T16:49:40.759+0100][info ][gc,heap        ] GC(14)      Free:     2392M (16%)        2316M (15%)        9124M (59%)       15184M (99%)       15184M (99%)        2294M (15%)    
[2024-02-14T16:49:40.759+0100][info ][gc,heap        ] GC(14)      Used:    12968M (84%)       13044M (85%)        6236M (41%)         176M (1%)        13066M (85%)         176M (1%)     
[2024-02-14T16:49:40.759+0100][info ][gc,heap        ] GC(14)      Live:         -                21M (0%)           21M (0%)           21M (0%)             -                  -          
[2024-02-14T16:49:40.759+0100][info ][gc,heap        ] GC(14) Allocated:         -                76M (0%)          104M (1%)          122M (1%)             -                  -          
[2024-02-14T16:49:40.759+0100][info ][gc,heap        ] GC(14)   Garbage:         -             12946M (84%)        6110M (40%)          31M (0%)             -                  -          
[2024-02-14T16:49:40.759+0100][info ][gc,heap        ] GC(14) Reclaimed:         -                  -              6836M (45%)       12914M (84%)            -                  -          
[2024-02-14T16:49:40.759+0100][info ][gc             ] GC(14) Garbage Collection (Allocation Rate) 12968M(84%)->176M(1%)
[2024-02-14T16:49:40.808+0100][debug][gc,alloc       ] Allocation Rate: 3906,0MB/s, Predicted: 3858,3MB/s, Avg: 3922,4(+/-55,9)MB/s
[2024-02-14T16:49:40.808+0100][debug][gc,director    ] Select GC Workers (Try Lowering), AvoidLongGCWorkers: 0,036, AvoidOOMGCWorkers: 0,099, NextAvoidOOMGCWorkers: 0,106, LastGCWorkers: 2,000, GCWorkers: 1,000
[2024-02-14T16:49:40.808+0100][debug][gc,director    ] Rule: Allocation Rate (Dynamic GC Workers), MaxAllocRate: 4106,5MB/s (+/-1,4%), Free: 15014MB, GCCPUTime: 0,361, GCDuration: 0,361s, TimeUntilOOM: 3,605s, TimeUntilGC: 3,143s, GCWorkers: 2 -> 1
[2024-02-14T16:49:40.808+0100][debug][gc,director    ] Rule: High Usage, Free: 15014MB(97,7%)
[2024-02-14T16:49:40.808+0100][debug][gc,director    ] Rule: Proactive, UsedUntilEnabled: 1408MB, TimeUntilEnabled: 299,951s
[2024-02-14T16:49:40.907+0100][debug][gc,alloc       ] Allocation Rate: 3900,0MB/s, Predicted: 3848,1MB/s, Avg: 3920,6(+/-56,3)MB/s
[2024-02-14T16:49:40.907+0100][debug][gc,director    ] Select GC Workers (Try Lowering), AvoidLongGCWorkers: 0,036, AvoidOOMGCWorkers: 0,101, NextAvoidOOMGCWorkers: 0,104, LastGCWorkers: 2,000, GCWorkers: 1,000
[2024-02-14T16:49:40.907+0100][debug][gc,director    ] Rule: Allocation Rate (Dynamic GC Workers), MaxAllocRate: 4106,0MB/s (+/-1,4%), Free: 14758MB, GCCPUTime: 0,361, GCDuration: 0,361s, TimeUntilOOM: 3,543s, TimeUntilGC: 3,082s, GCWorkers: 2 -> 1
[2024-02-14T16:49:40.907+0100][debug][gc,director    ] Rule: High Usage, Free: 14758MB(96,1%)
[2024-02-14T16:49:40.907+0100][debug][gc,director    ] Rule: Proactive, UsedUntilEnabled: 1152MB, TimeUntilEnabled: 299,851s
[2024-02-14T16:49:41.007+0100][debug][gc,alloc       ] Allocation Rate: 3946,0MB/s, Predicted: 3900,8MB/s, Avg: 3907,2(+/-22,8)MB/s
[2024-02-14T16:49:41.007+0100][debug][gc,director    ] Select GC Workers (Try Lowering), AvoidLongGCWorkers: 0,036, AvoidOOMGCWorkers: 0,100, NextAvoidOOMGCWorkers: 0,101, LastGCWorkers: 2,000, GCWorkers: 1,000
[2024-02-14T16:49:41.007+0100][debug][gc,director    ] Rule: Allocation Rate (Dynamic GC Workers), MaxAllocRate: 3982,1MB/s (+/-0,6%), Free: 14280MB, GCCPUTime: 0,361, GCDuration: 0,361s, TimeUntilOOM: 3,565s, TimeUntilGC: 3,104s, GCWorkers: 2 -> 1
[2024-02-14T16:49:41.007+0100][debug][gc,director    ] Rule: High Usage, Free: 14280MB(93,0%)
[2024-02-14T16:49:41.007+0100][debug][gc,director    ] Rule: Proactive, UsedUntilEnabled: 674MB, TimeUntilEnabled: 299,751s
[2024-02-14T16:49:41.108+0100][debug][gc,alloc       ] Allocation Rate: 3888,0MB/s, Predicted: 3897,1MB/s, Avg: 3903,8(+/-22,8)MB/s
[2024-02-14T16:49:41.108+0100][debug][gc,director    ] Select GC Workers (Try Lowering), AvoidLongGCWorkers: 0,036, AvoidOOMGCWorkers: 0,103, NextAvoidOOMGCWorkers: 0,101, LastGCWorkers: 2,000, GCWorkers: 1,000
[2024-02-14T16:49:41.108+0100][debug][gc,director    ] Rule: Allocation Rate (Dynamic GC Workers), MaxAllocRate: 3979,0MB/s (+/-0,6%), Free: 13806MB, GCCPUTime: 0,361, GCDuration: 0,361s, TimeUntilOOM: 3,450s, TimeUntilGC: 2,988s, GCWorkers: 2 -> 1
[2024-02-14T16:49:41.108+0100][debug][gc,director    ] Rule: High Usage, Free: 13806MB(89,9%)
[2024-02-14T16:49:41.108+0100][debug][gc,director    ] Rule: Proactive, UsedUntilEnabled: 200MB, TimeUntilEnabled: 299,651s
[2024-02-14T16:49:41.208+0100][debug][gc,alloc       ] Allocation Rate: 3876,0MB/s, Predicted: 3892,9MB/s, Avg: 3898,4(+/-22,4)MB/s
[2024-02-14T16:49:41.208+0100][debug][gc,director    ] Select GC Workers (Try Lowering), AvoidLongGCWorkers: 0,036, AvoidOOMGCWorkers: 0,105, NextAvoidOOMGCWorkers: 0,100, LastGCWorkers: 2,000, GCWorkers: 1,000
[2024-02-14T16:49:41.208+0100][debug][gc,director    ] Rule: Allocation Rate (Dynamic GC Workers), MaxAllocRate: 3972,1MB/s (+/-0,6%), Free: 13548MB, GCCPUTime: 0,361, GCDuration: 0,361s, TimeUntilOOM: 3,391s, TimeUntilGC: 2,930s, GCWorkers: 2 -> 1
[2024-02-14T16:49:41.208+0100][debug][gc,director    ] Rule: High Usage, Free: 13548MB(88,2%)
[2024-02-14T16:49:41.208+0100][debug][gc,director    ] Rule: Proactive, AcceptableGCInterval: 3,745s, TimeSinceLastGC: 0,449s, TimeUntilGC: 3,295s
[2024-02-14T16:49:41.308+0100][debug][gc,alloc       ] Allocation Rate: 3868,0MB/s, Predicted: 3889,2MB/s, Avg: 3892,2(+/-21,3)MB/s
[2024-02-14T16:49:41.308+0100][debug][gc,director    ] Select GC Workers (Try Lowering), AvoidLongGCWorkers: 0,036, AvoidOOMGCWorkers: 0,107, NextAvoidOOMGCWorkers: 0,099, LastGCWorkers: 2,000, GCWorkers: 1,000
[2024-02-14T16:49:41.308+0100][debug][gc,director    ] Rule: Allocation Rate (Dynamic GC Workers), MaxAllocRate: 3962,4MB/s (+/-0,5%), Free: 13290MB, GCCPUTime: 0,361, GCDuration: 0,361s, TimeUntilOOM: 3,336s, TimeUntilGC: 2,874s, GCWorkers: 2 -> 1
[2024-02-14T16:49:41.308+0100][debug][gc,director    ] Rule: High Usage, Free: 13290MB(86,5%)
[2024-02-14T16:49:41.308+0100][debug][gc,director    ] Rule: Proactive, AcceptableGCInterval: 3,745s, TimeSinceLastGC: 0,549s, TimeUntilGC: 3,195s
[2024-02-14T16:49:41.407+0100][debug][gc,alloc       ] Allocation Rate: 3904,0MB/s, Predicted: 3894,9MB/s, Avg: 3893,0(+/-21,6)MB/s
[2024-02-14T16:49:41.407+0100][debug][gc,director    ] Select GC Workers (Try Lowering), AvoidLongGCWorkers: 0,036, AvoidOOMGCWorkers: 0,113, NextAvoidOOMGCWorkers: 0,101, LastGCWorkers: 2,000, GCWorkers: 1,000
[2024-02-14T16:49:41.407+0100][debug][gc,director    ] Rule: Allocation Rate (Dynamic GC Workers), MaxAllocRate: 3966,1MB/s (+/-0,6%), Free: 12602MB, GCCPUTime: 0,361, GCDuration: 0,361s, TimeUntilOOM: 3,160s, TimeUntilGC: 2,699s, GCWorkers: 2 -> 1
[2024-02-14T16:49:41.407+0100][debug][gc,director    ] Rule: High Usage, Free: 12602MB(82,0%)
[2024-02-14T16:49:41.407+0100][debug][gc,director    ] Rule: Proactive, AcceptableGCInterval: 3,745s, TimeSinceLastGC: 0,649s, TimeUntilGC: 3,096s
[2024-02-14T16:49:41.507+0100][debug][gc,alloc       ] Allocation Rate: 3904,0MB/s, Predicted: 3898,0MB/s, Avg: 3894,6(+/-21,8)MB/s
[2024-02-14T16:49:41.507+0100][debug][gc,director    ] Select GC Workers (Try Lowering), AvoidLongGCWorkers: 0,036, AvoidOOMGCWorkers: 0,115, NextAvoidOOMGCWorkers: 0,100, LastGCWorkers: 2,000, GCWorkers: 1,000
[2024-02-14T16:49:41.507+0100][debug][gc,director    ] Rule: Allocation Rate (Dynamic GC Workers), MaxAllocRate: 3969,7MB/s (+/-0,6%), Free: 12336MB, GCCPUTime: 0,361, GCDuration: 0,361s, TimeUntilOOM: 3,090s, TimeUntilGC: 2,629s, GCWorkers: 2 -> 1
[2024-02-14T16:49:41.507+0100][debug][gc,director    ] Rule: High Usage, Free: 12336MB(80,3%)
[2024-02-14T16:49:41.507+0100][debug][gc,director    ] Rule: Proactive, AcceptableGCInterval: 3,745s, TimeSinceLastGC: 0,749s, TimeUntilGC: 2,996s
[2024-02-14T16:49:41.608+0100][debug][gc,alloc       ] Allocation Rate: 3904,0MB/s, Predicted: 3898,4MB/s, Avg: 3896,8(+/-21,5)MB/s
[2024-02-14T16:49:41.608+0100][debug][gc,director    ] Select GC Workers (Try Lowering), AvoidLongGCWorkers: 0,036, AvoidOOMGCWorkers: 0,118, NextAvoidOOMGCWorkers: 0,099, LastGCWorkers: 2,000, GCWorkers: 1,000
[2024-02-14T16:49:41.608+0100][debug][gc,director    ] Rule: Allocation Rate (Dynamic GC Workers), MaxAllocRate: 3969,2MB/s (+/-0,6%), Free: 12068MB, GCCPUTime: 0,361, GCDuration: 0,361s, TimeUntilOOM: 3,024s, TimeUntilGC: 2,562s, GCWorkers: 2 -> 1
[2024-02-14T16:49:41.608+0100][debug][gc,director    ] Rule: High Usage, Free: 12068MB(78,6%)
[2024-02-14T16:49:41.608+0100][debug][gc,director    ] Rule: Proactive, AcceptableGCInterval: 3,745s, TimeSinceLastGC: 0,849s, TimeUntilGC: 2,896s
[2024-02-14T16:49:41.708+0100][debug][gc,alloc       ] Allocation Rate: 3898,0MB/s, Predicted: 3892,3MB/s, Avg: 3899,4(+/-19,9)MB/s
[2024-02-14T16:49:41.708+0100][debug][gc,director    ] Select GC Workers (Try Lowering), AvoidLongGCWorkers: 0,036, AvoidOOMGCWorkers: 0,125, NextAvoidOOMGCWorkers: 0,101, LastGCWorkers: 2,000, GCWorkers: 1,000
[2024-02-14T16:49:41.708+0100][debug][gc,director    ] Rule: Allocation Rate (Dynamic GC Workers), MaxAllocRate: 3964,8MB/s (+/-0,5%), Free: 11368MB, GCCPUTime: 0,361, GCDuration: 0,361s, TimeUntilOOM: 2,853s, TimeUntilGC: 2,391s, GCWorkers: 2 -> 1
[2024-02-14T16:49:41.708+0100][debug][gc,director    ] Rule: High Usage, Free: 11368MB(74,0%)
[2024-02-14T16:49:41.708+0100][debug][gc,director    ] Rule: Proactive, AcceptableGCInterval: 3,745s, TimeSinceLastGC: 0,949s, TimeUntilGC: 2,795s
[2024-02-14T16:49:41.808+0100][debug][gc,alloc       ] Allocation Rate: 3904,0MB/s, Predicted: 3895,9MB/s, Avg: 3899,2(+/-19,8)MB/s
[2024-02-14T16:49:41.808+0100][debug][gc,director    ] Select GC Workers (Try Lowering), AvoidLongGCWorkers: 0,036, AvoidOOMGCWorkers: 0,128, NextAvoidOOMGCWorkers: 0,100, LastGCWorkers: 2,000, GCWorkers: 1,000
[2024-02-14T16:49:41.808+0100][debug][gc,director    ] Rule: Allocation Rate (Dynamic GC Workers), MaxAllocRate: 3964,4MB/s (+/-0,5%), Free: 11110MB, GCCPUTime: 0,361, GCDuration: 0,361s, TimeUntilOOM: 2,788s, TimeUntilGC: 2,327s, GCWorkers: 2 -> 1
[2024-02-14T16:49:41.808+0100][debug][gc,director    ] Rule: High Usage, Free: 11110MB(72,3%)
[2024-02-14T16:49:41.808+0100][debug][gc,director    ] Rule: Proactive, AcceptableGCInterval: 3,745s, TimeSinceLastGC: 1,050s, TimeUntilGC: 2,695s
[2024-02-14T16:49:41.907+0100][debug][gc,alloc       ] Allocation Rate: 3904,0MB/s, Predicted: 3898,0MB/s, Avg: 3899,6(+/-19,9)MB/s
[2024-02-14T16:49:41.907+0100][debug][gc,director    ] Select GC Workers (Try Lowering), AvoidLongGCWorkers: 0,036, AvoidOOMGCWorkers: 0,131, NextAvoidOOMGCWorkers: 0,099, LastGCWorkers: 2,000, GCWorkers: 1,000
[2024-02-14T16:49:41.907+0100][debug][gc,director    ] Rule: Allocation Rate (Dynamic GC Workers), MaxAllocRate: 3964,9MB/s (+/-0,5%), Free: 10854MB, GCCPUTime: 0,361, GCDuration: 0,361s, TimeUntilOOM: 2,724s, TimeUntilGC: 2,262s, GCWorkers: 2 -> 1
[2024-02-14T16:49:41.907+0100][debug][gc,director    ] Rule: High Usage, Free: 10854MB(70,7%)
[2024-02-14T16:49:41.907+0100][debug][gc,director    ] Rule: Proactive, AcceptableGCInterval: 3,745s, TimeSinceLastGC: 1,149s, TimeUntilGC: 2,596s
[2024-02-14T16:49:42.007+0100][debug][gc,alloc       ] Allocation Rate: 4042,0MB/s, Predicted: 3967,3MB/s, Avg: 3909,2(+/-46,0)MB/s
[2024-02-14T16:49:42.008+0100][debug][gc,director    ] Select GC Workers (Try Lowering), AvoidLongGCWorkers: 0,036, AvoidOOMGCWorkers: 0,145, NextAvoidOOMGCWorkers: 0,104, LastGCWorkers: 2,000, GCWorkers: 1,000
[2024-02-14T16:49:42.008+0100][debug][gc,director    ] Rule: Allocation Rate (Dynamic GC Workers), MaxAllocRate: 4118,6MB/s (+/-1,2%), Free: 10232MB, GCCPUTime: 0,361, GCDuration: 0,361s, TimeUntilOOM: 2,455s, TimeUntilGC: 1,994s, GCWorkers: 2 -> 1
[2024-02-14T16:49:42.008+0100][debug][gc,director    ] Rule: High Usage, Free: 10230MB(66,6%)
[2024-02-14T16:49:42.008+0100][debug][gc,director    ] Rule: Proactive, AcceptableGCInterval: 3,745s, TimeSinceLastGC: 1,249s, TimeUntilGC: 2,496s
[2024-02-14T16:49:42.108+0100][debug][gc,alloc       ] Allocation Rate: 3882,0MB/s, Predicted: 3950,8MB/s, Avg: 3908,6(+/-46,3)MB/s
[2024-02-14T16:49:42.108+0100][debug][gc,director    ] Select GC Workers (Try Lowering), AvoidLongGCWorkers: 0,036, AvoidOOMGCWorkers: 0,149, NextAvoidOOMGCWorkers: 0,103, LastGCWorkers: 2,000, GCWorkers: 1,000
[2024-02-14T16:49:42.108+0100][debug][gc,director    ] Rule: Allocation Rate (Dynamic GC Workers), MaxAllocRate: 4103,1MB/s (+/-1,2%), Free: 9924MB, GCCPUTime: 0,361, GCDuration: 0,361s, TimeUntilOOM: 2,390s, TimeUntilGC: 1,929s, GCWorkers: 2 -> 1
[2024-02-14T16:49:42.108+0100][debug][gc,director    ] Rule: High Usage, Free: 9924MB(64,6%)
[2024-02-14T16:49:42.108+0100][debug][gc,director    ] Rule: Proactive, AcceptableGCInterval: 3,745s, TimeSinceLastGC: 1,349s, TimeUntilGC: 2,395s
[2024-02-14T16:49:42.208+0100][debug][gc,alloc       ] Allocation Rate: 3878,0MB/s, Predicted: 3929,9MB/s, Avg: 3908,8(+/-46,2)MB/s
[2024-02-14T16:49:42.208+0100][debug][gc,director    ] Select GC Workers (Try Lowering), AvoidLongGCWorkers: 0,036, AvoidOOMGCWorkers: 0,152, NextAvoidOOMGCWorkers: 0,102, LastGCWorkers: 2,000, GCWorkers: 1,000
[2024-02-14T16:49:42.208+0100][debug][gc,director    ] Rule: Allocation Rate (Dynamic GC Workers), MaxAllocRate: 4081,8MB/s (+/-1,2%), Free: 9670MB, GCCPUTime: 0,361, GCDuration: 0,361s, TimeUntilOOM: 2,341s, TimeUntilGC: 1,880s, GCWorkers: 2 -> 1
[2024-02-14T16:49:42.208+0100][debug][gc,director    ] Rule: High Usage, Free: 9670MB(63,0%)
[2024-02-14T16:49:42.208+0100][debug][gc,director    ] Rule: Proactive, AcceptableGCInterval: 3,745s, TimeSinceLastGC: 1,450s, TimeUntilGC: 2,295s
[2024-02-14T16:49:42.307+0100][debug][gc,alloc       ] Allocation Rate: 3872,0MB/s, Predicted: 3904,3MB/s, Avg: 3909,2(+/-45,8)MB/s
[2024-02-14T16:49:42.307+0100][debug][gc,director    ] Select GC Workers (Try Lowering), AvoidLongGCWorkers: 0,036, AvoidOOMGCWorkers: 0,156, NextAvoidOOMGCWorkers: 0,100, LastGCWorkers: 2,000, GCWorkers: 1,000
[2024-02-14T16:49:42.307+0100][debug][gc,director    ] Rule: Allocation Rate (Dynamic GC Workers), MaxAllocRate: 4060,0MB/s (+/-1,2%), Free: 9418MB, GCCPUTime: 0,361, GCDuration: 0,361s, TimeUntilOOM: 2,293s, TimeUntilGC: 1,832s, GCWorkers: 2 -> 1
[2024-02-14T16:49:42.307+0100][debug][gc,director    ] Rule: High Usage, Free: 9418MB(61,3%)
[2024-02-14T16:49:42.307+0100][debug][gc,director    ] Rule: Proactive, AcceptableGCInterval: 3,745s, TimeSinceLastGC: 1,549s, TimeUntilGC: 2,196s
[2024-02-14T16:49:42.407+0100][debug][gc,alloc       ] Allocation Rate: 3876,0MB/s, Predicted: 3889,6MB/s, Avg: 3906,4(+/-46,9)MB/s
[2024-02-14T16:49:42.407+0100][debug][gc,director    ] Select GC Workers (Try Lowering), AvoidLongGCWorkers: 0,036, AvoidOOMGCWorkers: 0,168, NextAvoidOOMGCWorkers: 0,102, LastGCWorkers: 2,000, GCWorkers: 1,000
[2024-02-14T16:49:42.407+0100][debug][gc,director    ] Rule: Allocation Rate (Dynamic GC Workers), MaxAllocRate: 4060,7MB/s (+/-1,2%), Free: 8726MB, GCCPUTime: 0,361, GCDuration: 0,361s, TimeUntilOOM: 2,123s, TimeUntilGC: 1,662s, GCWorkers: 2 -> 1
[2024-02-14T16:49:42.407+0100][debug][gc,director    ] Rule: High Usage, Free: 8726MB(56,8%)
[2024-02-14T16:49:42.407+0100][debug][gc,director    ] Rule: Proactive, AcceptableGCInterval: 3,745s, TimeSinceLastGC: 1,649s, TimeUntilGC: 2,096s
[2024-02-14T16:49:42.508+0100][debug][gc,alloc       ] Allocation Rate: 3868,0MB/s, Predicted: 3873,6MB/s, Avg: 3902,8(+/-48,3)MB/s
[2024-02-14T16:49:42.508+0100][debug][gc,director    ] Select GC Workers (Try Lowering), AvoidLongGCWorkers: 0,036, AvoidOOMGCWorkers: 0,173, NextAvoidOOMGCWorkers: 0,101, LastGCWorkers: 2,000, GCWorkers: 1,000
[2024-02-14T16:49:42.508+0100][debug][gc,director    ] Rule: Allocation Rate (Dynamic GC Workers), MaxAllocRate: 4061,7MB/s (+/-1,2%), Free: 8468MB, GCCPUTime: 0,361, GCDuration: 0,361s, TimeUntilOOM: 2,059s, TimeUntilGC: 1,598s, GCWorkers: 2 -> 1
[2024-02-14T16:49:42.508+0100][debug][gc,director    ] Rule: High Usage, Free: 8468MB(55,1%)
[2024-02-14T16:49:42.508+0100][debug][gc,director    ] Rule: Proactive, AcceptableGCInterval: 3,745s, TimeSinceLastGC: 1,749s, TimeUntilGC: 1,996s
[2024-02-14T16:49:42.608+0100][debug][gc,alloc       ] Allocation Rate: 3858,0MB/s, Predicted: 3856,0MB/s, Avg: 3898,2(+/-50,1)MB/s
[2024-02-14T16:49:42.608+0100][debug][gc,director    ] Select GC Workers (Try Lowering), AvoidLongGCWorkers: 0,036, AvoidOOMGCWorkers: 0,179, NextAvoidOOMGCWorkers: 0,100, LastGCWorkers: 2,000, GCWorkers: 1,000
[2024-02-14T16:49:42.608+0100][debug][gc,director    ] Rule: Allocation Rate (Dynamic GC Workers), MaxAllocRate: 4063,1MB/s (+/-1,3%), Free: 8212MB, GCCPUTime: 0,361, GCDuration: 0,361s, TimeUntilOOM: 1,995s, TimeUntilGC: 1,534s, GCWorkers: 2 -> 1
[2024-02-14T16:49:42.608+0100][debug][gc,director    ] Rule: High Usage, Free: 8212MB(53,5%)
[2024-02-14T16:49:42.608+0100][debug][gc,director    ] Rule: Proactive, AcceptableGCInterval: 3,745s, TimeSinceLastGC: 1,849s, TimeUntilGC: 1,895s
[2024-02-14T16:49:42.707+0100][debug][gc,alloc       ] Allocation Rate: 3862,0MB/s, Predicted: 3841,5MB/s, Avg: 3894,6(+/-51,3)MB/s
[2024-02-14T16:49:42.707+0100][debug][gc,director    ] Select GC Workers (Try Lowering), AvoidLongGCWorkers: 0,036, AvoidOOMGCWorkers: 0,196, NextAvoidOOMGCWorkers: 0,102, LastGCWorkers: 2,000, GCWorkers: 1,000
[2024-02-14T16:49:42.707+0100][debug][gc,director    ] Rule: Allocation Rate (Dynamic GC Workers), MaxAllocRate: 4063,4MB/s (+/-1,3%), Free: 7506MB, GCCPUTime: 0,361, GCDuration: 0,361s, TimeUntilOOM: 1,823s, TimeUntilGC: 1,362s, GCWorkers: 2 -> 1
[2024-02-14T16:49:42.707+0100][debug][gc,director    ] Rule: High Usage, Free: 7506MB(48,9%)
[2024-02-14T16:49:42.707+0100][debug][gc,director    ] Rule: Proactive, AcceptableGCInterval: 3,745s, TimeSinceLastGC: 1,949s, TimeUntilGC: 1,796s
[2024-02-14T16:49:42.807+0100][debug][gc,alloc       ] Allocation Rate: 3844,0MB/s, Predicted: 3823,7MB/s, Avg: 3888,6(+/-53,3)MB/s
[2024-02-14T16:49:42.807+0100][debug][gc,director    ] Select GC Workers (Try Lowering), AvoidLongGCWorkers: 0,036, AvoidOOMGCWorkers: 0,203, NextAvoidOOMGCWorkers: 0,101, LastGCWorkers: 2,000, GCWorkers: 1,000
[2024-02-14T16:49:42.807+0100][debug][gc,director    ] Rule: Allocation Rate (Dynamic GC Workers), MaxAllocRate: 4064,0MB/s (+/-1,4%), Free: 7266MB, GCCPUTime: 0,361, GCDuration: 0,361s, TimeUntilOOM: 1,764s, TimeUntilGC: 1,302s, GCWorkers: 2 -> 1
[2024-02-14T16:49:42.807+0100][debug][gc,director    ] Rule: High Usage, Free: 7266MB(47,3%)
[2024-02-14T16:49:42.807+0100][debug][gc,director    ] Rule: Proactive, AcceptableGCInterval: 3,745s, TimeSinceLastGC: 2,049s, TimeUntilGC: 1,696s
[2024-02-14T16:49:42.908+0100][debug][gc,alloc       ] Allocation Rate: 3850,0MB/s, Predicted: 3812,4MB/s, Avg: 3883,2(+/-54,2)MB/s
[2024-02-14T16:49:42.908+0100][debug][gc,director    ] Select GC Workers (Try Lowering), AvoidLongGCWorkers: 0,036, AvoidOOMGCWorkers: 0,210, NextAvoidOOMGCWorkers: 0,100, LastGCWorkers: 2,000, GCWorkers: 1,000
[2024-02-14T16:49:42.908+0100][debug][gc,director    ] Rule: Allocation Rate (Dynamic GC Workers), MaxAllocRate: 4061,6MB/s (+/-1,4%), Free: 7004MB, GCCPUTime: 0,361, GCDuration: 0,361s, TimeUntilOOM: 1,701s, TimeUntilGC: 1,239s, GCWorkers: 2 -> 1
[2024-02-14T16:49:42.908+0100][debug][gc,director    ] Rule: High Usage, Free: 7004MB(45,6%)
[2024-02-14T16:49:42.908+0100][debug][gc,director    ] Rule: Proactive, AcceptableGCInterval: 3,745s, TimeSinceLastGC: 2,149s, TimeUntilGC: 1,596s
[2024-02-14T16:49:43.009+0100][debug][gc,alloc       ] Allocation Rate: 3808,0MB/s, Predicted: 3824,7MB/s, Avg: 3859,8(+/-20,8)MB/s
[2024-02-14T16:49:43.009+0100][debug][gc,director    ] Select GC Workers (Try Lowering), AvoidLongGCWorkers: 0,036, AvoidOOMGCWorkers: 0,220, NextAvoidOOMGCWorkers: 0,099, LastGCWorkers: 2,000, GCWorkers: 1,000
[2024-02-14T16:49:43.009+0100][debug][gc,director    ] Rule: Allocation Rate (Dynamic GC Workers), MaxAllocRate: 3928,3MB/s (+/-0,5%), Free: 6428MB, GCCPUTime: 0,361, GCDuration: 0,361s, TimeUntilOOM: 1,628s, TimeUntilGC: 1,166s, GCWorkers: 2 -> 1
[2024-02-14T16:49:43.009+0100][debug][gc,director    ] Rule: High Usage, Free: 6426MB(41,8%)
[2024-02-14T16:49:43.009+0100][debug][gc,director    ] Rule: Proactive, AcceptableGCInterval: 3,745s, TimeSinceLastGC: 2,250s, TimeUntilGC: 1,494s
[2024-02-14T16:49:43.108+0100][debug][gc,alloc       ] Allocation Rate: 3880,0MB/s, Predicted: 3838,7MB/s, Avg: 3859,6(+/-20,6)MB/s
[2024-02-14T16:49:43.108+0100][debug][gc,director    ] Select GC Workers (Try Lowering), AvoidLongGCWorkers: 0,036, AvoidOOMGCWorkers: 0,233, NextAvoidOOMGCWorkers: 0,099, LastGCWorkers: 2,000, GCWorkers: 1,000
[2024-02-14T16:49:43.108+0100][debug][gc,director    ] Rule: Allocation Rate (Dynamic GC Workers), MaxAllocRate: 3927,5MB/s (+/-0,5%), Free: 6044MB, GCCPUTime: 0,361, GCDuration: 0,361s, TimeUntilOOM: 1,531s, TimeUntilGC: 1,069s, GCWorkers: 2 -> 1
[2024-02-14T16:49:43.108+0100][debug][gc,director    ] Rule: High Usage, Free: 6044MB(39,3%)
[2024-02-14T16:49:43.108+0100][debug][gc,director    ] Rule: Proactive, AcceptableGCInterval: 3,745s, TimeSinceLastGC: 2,349s, TimeUntilGC: 1,395s
[2024-02-14T16:49:43.207+0100][debug][gc,alloc       ] Allocation Rate: 3878,0MB/s, Predicted: 3850,9MB/s, Avg: 3859,6(+/-20,6)MB/s
[2024-02-14T16:49:43.207+0100][debug][gc,director    ] Select GC Workers (Try Lowering), AvoidLongGCWorkers: 0,036, AvoidOOMGCWorkers: 0,244, NextAvoidOOMGCWorkers: 0,098, LastGCWorkers: 2,000, GCWorkers: 1,000
[2024-02-14T16:49:43.207+0100][debug][gc,director    ] Rule: Allocation Rate (Dynamic GC Workers), MaxAllocRate: 3927,5MB/s (+/-0,5%), Free: 5792MB, GCCPUTime: 0,361, GCDuration: 0,361s, TimeUntilOOM: 1,467s, TimeUntilGC: 1,006s, GCWorkers: 2 -> 1
[2024-02-14T16:49:43.207+0100][debug][gc,director    ] Rule: High Usage, Free: 5792MB(37,7%)
[2024-02-14T16:49:43.207+0100][debug][gc,director    ] Rule: Proactive, AcceptableGCInterval: 3,745s, TimeSinceLastGC: 2,449s, TimeUntilGC: 1,296s
[2024-02-14T16:49:43.307+0100][debug][gc,alloc       ] Allocation Rate: 3880,0MB/s, Predicted: 3862,4MB/s, Avg: 3860,4(+/-21,2)MB/s
[2024-02-14T16:49:43.307+0100][debug][gc,director    ] Select GC Workers (Try Lowering), AvoidLongGCWorkers: 0,036, AvoidOOMGCWorkers: 0,255, NextAvoidOOMGCWorkers: 0,097, LastGCWorkers: 2,000, GCWorkers: 1,000
[2024-02-14T16:49:43.307+0100][debug][gc,director    ] Rule: Allocation Rate (Dynamic GC Workers), MaxAllocRate: 3932,3MB/s (+/-0,6%), Free: 5538MB, GCCPUTime: 0,361, GCDuration: 0,361s, TimeUntilOOM: 1,401s, TimeUntilGC: 0,939s, GCWorkers: 2 -> 1
[2024-02-14T16:49:43.307+0100][debug][gc,director    ] Rule: High Usage, Free: 5538MB(36,1%)
[2024-02-14T16:49:43.307+0100][debug][gc,director    ] Rule: Proactive, AcceptableGCInterval: 3,745s, TimeSinceLastGC: 2,549s, TimeUntilGC: 1,196s
[2024-02-14T16:49:43.408+0100][debug][gc,alloc       ] Allocation Rate: 3880,0MB/s, Predicted: 3874,4MB/s, Avg: 3860,8(+/-21,6)MB/s
[2024-02-14T16:49:43.408+0100][debug][gc,director    ] Select GC Workers (Try Lowering), AvoidLongGCWorkers: 0,036, AvoidOOMGCWorkers: 0,293, NextAvoidOOMGCWorkers: 0,099, LastGCWorkers: 2,000, GCWorkers: 1,000
[2024-02-14T16:49:43.408+0100][debug][gc,director    ] Rule: Allocation Rate (Dynamic GC Workers), MaxAllocRate: 3945,4MB/s (+/-0,6%), Free: 4846MB, GCCPUTime: 0,361, GCDuration: 0,361s, TimeUntilOOM: 1,221s, TimeUntilGC: 0,760s, GCWorkers: 2 -> 1
[2024-02-14T16:49:43.408+0100][debug][gc,director    ] Rule: High Usage, Free: 4846MB(31,5%)
[2024-02-14T16:49:43.408+0100][debug][gc,director    ] Rule: Proactive, AcceptableGCInterval: 3,745s, TimeSinceLastGC: 2,649s, TimeUntilGC: 1,096s
[2024-02-14T16:49:43.508+0100][debug][gc,alloc       ] Allocation Rate: 3880,0MB/s, Predicted: 3884,0MB/s, Avg: 3862,0(+/-22,3)MB/s
[2024-02-14T16:49:43.508+0100][debug][gc,director    ] Select GC Workers (Try Lowering), AvoidLongGCWorkers: 0,036, AvoidOOMGCWorkers: 0,310, NextAvoidOOMGCWorkers: 0,098, LastGCWorkers: 2,000, GCWorkers: 1,000
[2024-02-14T16:49:43.508+0100][debug][gc,director    ] Rule: Allocation Rate (Dynamic GC Workers), MaxAllocRate: 3957,2MB/s (+/-0,6%), Free: 4588MB, GCCPUTime: 0,361, GCDuration: 0,361s, TimeUntilOOM: 1,153s, TimeUntilGC: 0,691s, GCWorkers: 2 -> 1
[2024-02-14T16:49:43.508+0100][debug][gc,director    ] Rule: High Usage, Free: 4588MB(29,9%)
[2024-02-14T16:49:43.508+0100][debug][gc,director    ] Rule: Proactive, AcceptableGCInterval: 3,745s, TimeSinceLastGC: 2,749s, TimeUntilGC: 0,995s
[2024-02-14T16:49:43.608+0100][debug][gc,alloc       ] Allocation Rate: 3884,0MB/s, Predicted: 3891,7MB/s, Avg: 3864,6(+/-23,1)MB/s
[2024-02-14T16:49:43.608+0100][debug][gc,director    ] Select GC Workers (Try Lowering), AvoidLongGCWorkers: 0,036, AvoidOOMGCWorkers: 0,330, NextAvoidOOMGCWorkers: 0,098, LastGCWorkers: 2,000, GCWorkers: 1,000
[2024-02-14T16:49:43.608+0100][debug][gc,director    ] Rule: Allocation Rate (Dynamic GC Workers), MaxAllocRate: 3967,9MB/s (+/-0,6%), Free: 4328MB, GCCPUTime: 0,361, GCDuration: 0,361s, TimeUntilOOM: 1,084s, TimeUntilGC: 0,623s, GCWorkers: 2 -> 1
[2024-02-14T16:49:43.608+0100][debug][gc,director    ] Rule: High Usage, Free: 4328MB(28,2%)
[2024-02-14T16:49:43.608+0100][debug][gc,director    ] Rule: Proactive, AcceptableGCInterval: 3,745s, TimeSinceLastGC: 2,849s, TimeUntilGC: 0,895s
[2024-02-14T16:49:43.707+0100][debug][gc,alloc       ] Allocation Rate: 3878,0MB/s, Predicted: 3896,4MB/s, Avg: 3866,2(+/-23,5)MB/s
[2024-02-14T16:49:43.707+0100][debug][gc,director    ] Select GC Workers (Try Lowering), AvoidLongGCWorkers: 0,036, AvoidOOMGCWorkers: 0,395, NextAvoidOOMGCWorkers: 0,100, LastGCWorkers: 2,000, GCWorkers: 1,000
[2024-02-14T16:49:43.707+0100][debug][gc,director    ] Rule: Allocation Rate (Dynamic GC Workers), MaxAllocRate: 3973,6MB/s (+/-0,6%), Free: 3628MB, GCCPUTime: 0,361, GCDuration: 0,361s, TimeUntilOOM: 0,908s, TimeUntilGC: 0,446s, GCWorkers: 2 -> 1
[2024-02-14T16:49:43.707+0100][debug][gc,director    ] Rule: High Usage, Free: 3628MB(23,6%)
[2024-02-14T16:49:43.707+0100][debug][gc,director    ] Rule: Proactive, AcceptableGCInterval: 3,745s, TimeSinceLastGC: 2,949s, TimeUntilGC: 0,796s
[2024-02-14T16:49:43.807+0100][debug][gc,alloc       ] Allocation Rate: 3892,0MB/s, Predicted: 3900,8MB/s, Avg: 3871,0(+/-23,3)MB/s
[2024-02-14T16:49:43.807+0100][debug][gc,director    ] Select GC Workers (Try Lowering), AvoidLongGCWorkers: 0,036, AvoidOOMGCWorkers: 0,425, NextAvoidOOMGCWorkers: 0,099, LastGCWorkers: 2,000, GCWorkers: 1,000
[2024-02-14T16:49:43.807+0100][debug][gc,director    ] Rule: Allocation Rate (Dynamic GC Workers), MaxAllocRate: 3977,6MB/s (+/-0,6%), Free: 3372MB, GCCPUTime: 0,361, GCDuration: 0,361s, TimeUntilOOM: 0,843s, TimeUntilGC: 0,381s, GCWorkers: 2 -> 1
[2024-02-14T16:49:43.807+0100][debug][gc,director    ] Rule: High Usage, Free: 3372MB(22,0%)
[2024-02-14T16:49:43.807+0100][debug][gc,director    ] Rule: Proactive, AcceptableGCInterval: 3,745s, TimeSinceLastGC: 3,049s, TimeUntilGC: 0,696s
[2024-02-14T16:49:43.908+0100][debug][gc,alloc       ] Allocation Rate: 3886,0MB/s, Predicted: 3901,2MB/s, Avg: 3874,6(+/-22,6)MB/s
[2024-02-14T16:49:43.908+0100][debug][gc,director    ] Select GC Workers (Try Lowering), AvoidLongGCWorkers: 0,036, AvoidOOMGCWorkers: 0,460, NextAvoidOOMGCWorkers: 0,098, LastGCWorkers: 2,000, GCWorkers: 1,000
[2024-02-14T16:49:43.908+0100][debug][gc,director    ] Rule: Allocation Rate (Dynamic GC Workers), MaxAllocRate: 3975,5MB/s (+/-0,6%), Free: 3118MB, GCCPUTime: 0,361, GCDuration: 0,361s, TimeUntilOOM: 0,780s, TimeUntilGC: 0,318s, GCWorkers: 2 -> 1
[2024-02-14T16:49:43.908+0100][debug][gc,director    ] Rule: High Usage, Free: 3118MB(20,3%)
[2024-02-14T16:49:43.908+0100][debug][gc,director    ] Rule: Proactive, AcceptableGCInterval: 3,745s, TimeSinceLastGC: 3,149s, TimeUntilGC: 0,596s
[2024-02-14T16:49:44.008+0100][debug][gc,alloc       ] Allocation Rate: 3922,0MB/s, Predicted: 3902,4MB/s, Avg: 3886,0(+/-12,7)MB/s
[2024-02-14T16:49:44.008+0100][debug][gc,director    ] Select GC Workers (Try Lowering), AvoidLongGCWorkers: 0,036, AvoidOOMGCWorkers: 0,568, NextAvoidOOMGCWorkers: 0,099, LastGCWorkers: 2,000, GCWorkers: 1,000
[2024-02-14T16:49:44.008+0100][debug][gc,director    ] Rule: Allocation Rate (Dynamic GC Workers), MaxAllocRate: 3944,1MB/s (+/-0,3%), Free: 2500MB, GCCPUTime: 0,361, GCDuration: 0,361s, TimeUntilOOM: 0,632s, TimeUntilGC: 0,170s, GCWorkers: 2 -> 1
[2024-02-14T16:49:44.008+0100][debug][gc,director    ] Rule: High Usage, Free: 2500MB(16,3%)
[2024-02-14T16:49:44.008+0100][debug][gc,director    ] Rule: Proactive, AcceptableGCInterval: 3,745s, TimeSinceLastGC: 3,249s, TimeUntilGC: 0,495s
[2024-02-14T16:49:44.108+0100][debug][gc,alloc       ] Allocation Rate: 3876,0MB/s, Predicted: 3896,8MB/s, Avg: 3885,6(+/-12,9)MB/s
[2024-02-14T16:49:44.108+0100][debug][gc,director    ] Select GC Workers (Try Lowering), AvoidLongGCWorkers: 0,036, AvoidOOMGCWorkers: 0,655, NextAvoidOOMGCWorkers: 0,099, LastGCWorkers: 2,000, GCWorkers: 1,000
[2024-02-14T16:49:44.108+0100][debug][gc,director    ] Rule: Allocation Rate (Dynamic GC Workers), MaxAllocRate: 3939,3MB/s (+/-0,3%), Free: 2168MB, GCCPUTime: 0,361, GCDuration: 0,361s, TimeUntilOOM: 0,549s, TimeUntilGC: 0,087s, GCWorkers: 2 -> 1
[2024-02-14T16:49:44.108+0100][debug][gc,director    ] Rule: High Usage, Free: 2168MB(14,1%)
[2024-02-14T16:49:44.108+0100][debug][gc,director    ] Rule: Proactive, AcceptableGCInterval: 3,745s, TimeSinceLastGC: 3,349s, TimeUntilGC: 0,395s
[2024-02-14T16:49:44.207+0100][debug][gc,alloc       ] Allocation Rate: 3874,0MB/s, Predicted: 3890,1MB/s, Avg: 3885,2(+/-13,2)MB/s
[2024-02-14T16:49:44.207+0100][debug][gc,director    ] Select GC Workers (Try Lowering), AvoidLongGCWorkers: 0,036, AvoidOOMGCWorkers: 0,741, NextAvoidOOMGCWorkers: 0,098, LastGCWorkers: 2,000, GCWorkers: 1,000
[2024-02-14T16:49:44.207+0100][debug][gc,director    ] Rule: Allocation Rate (Dynamic GC Workers), MaxAllocRate: 3933,6MB/s (+/-0,3%), Free: 1918MB, GCCPUTime: 0,361, GCDuration: 0,361s, TimeUntilOOM: 0,486s, TimeUntilGC: 0,025s, GCWorkers: 2 -> 1
[2024-02-14T16:49:44.207+0100][debug][gc,director    ] Rule: High Usage, Free: 1918MB(12,5%)
[2024-02-14T16:49:44.207+0100][debug][gc,director    ] Rule: Proactive, AcceptableGCInterval: 3,745s, TimeSinceLastGC: 3,449s, TimeUntilGC: 0,296s
[2024-02-14T16:49:44.307+0100][debug][gc,alloc       ] Allocation Rate: 3788,0MB/s, Predicted: 3849,9MB/s, Avg: 3876,0(+/-32,1)MB/s
[2024-02-14T16:49:44.307+0100][debug][gc,director    ] Select GC Workers (Try Lowering), AvoidLongGCWorkers: 0,036, AvoidOOMGCWorkers: 0,828, NextAvoidOOMGCWorkers: 0,096, LastGCWorkers: 2,000, GCWorkers: 1,000
[2024-02-14T16:49:44.307+0100][debug][gc,director    ] Rule: Allocation Rate (Dynamic GC Workers), MaxAllocRate: 3981,7MB/s (+/-0,8%), Free: 1748MB, GCCPUTime: 0,361, GCDuration: 0,361s, TimeUntilOOM: 0,435s, TimeUntilGC: -0,026s, GCWorkers: 2 -> 1
[2024-02-14T16:49:44.307+0100][debug][gc,heap        ] GC(15) Heap before GC invocations=15 (full 15):
[2024-02-14T16:49:44.308+0100][debug][gc,heap        ] GC(15)  ZHeap           used 13570M, capacity 13570M, max capacity 15360M
[2024-02-14T16:49:44.308+0100][debug][gc,heap        ] GC(15)  Metaspace       used 31317K, committed 31680K, reserved 1114112K
[2024-02-14T16:49:44.308+0100][debug][gc,heap        ] GC(15)   class space    used 3306K, committed 3520K, reserved 1048576K
[2024-02-14T16:49:44.308+0100][info ][gc,start       ] GC(15) Garbage Collection (Allocation Rate)
[2024-02-14T16:49:44.308+0100][info ][gc,task        ] GC(15) Using 1 workers
[2024-02-14T16:49:44.308+0100][debug][gc,phases,start] GC(15) Pause Mark Start
[2024-02-14T16:49:44.308+0100][debug][gc,marking     ] GC(15) Using 1 mark stripes
[2024-02-14T16:49:44.308+0100][debug][gc,marking     ] GC(15) Mark Worker/Stripe Distribution
[2024-02-14T16:49:44.308+0100][debug][gc,marking     ] GC(15)   Worker 0(1) -> Stripe 0(1)
[2024-02-14T16:49:44.308+0100][info ][gc,phases      ] GC(15) Pause Mark Start 0,053ms
[2024-02-14T16:49:44.308+0100][debug][gc,phases,start] GC(15) Concurrent Mark
[2024-02-14T16:49:44.308+0100][debug][gc,task        ] GC(15) Executing Task: XMarkRootsTask, Active Workers: 1
[2024-02-14T16:49:44.309+0100][debug][gc,tlab        ] GC(15) TLAB totals: thrds: 28  refills: 53056 max: 32763 slow allocs: 7709 max 636 waste:  0,8% gc: 1830688B max: 260128B slow: 102481744B max: 51822392B
[2024-02-14T16:49:44.309+0100][debug][gc,task        ] GC(15) Executing Task: XMarkTask, Active Workers: 1
[2024-02-14T16:49:44.407+0100][debug][gc,alloc       ] Allocation Rate: 3240,0MB/s, Predicted: 3596,5MB/s, Avg: 3812,0(+/-193,3)MB/s
[2024-02-14T16:49:44.508+0100][debug][gc,alloc       ] Allocation Rate: 3402,0MB/s, Predicted: 3450,7MB/s, Avg: 3764,2(+/-226,8)MB/s
[2024-02-14T16:49:44.608+0100][debug][gc,alloc       ] Allocation Rate: 3342,0MB/s, Predicted: 3313,7MB/s, Avg: 3710,0(+/-254,8)MB/s
[2024-02-14T16:49:44.624+0100][info ][gc,phases      ] GC(15) Concurrent Mark 315,820ms
[2024-02-14T16:49:44.624+0100][debug][gc,phases,start] GC(15) Pause Mark End
[2024-02-14T16:49:44.624+0100][info ][gc,phases      ] GC(15) Pause Mark End 0,031ms
[2024-02-14T16:49:44.624+0100][debug][gc,phases,start] GC(15) Concurrent Mark Free
[2024-02-14T16:49:44.624+0100][info ][gc,phases      ] GC(15) Concurrent Mark Free 0,019ms
[2024-02-14T16:49:44.624+0100][debug][gc,phases,start] GC(15) Concurrent Process Non-Strong References
[2024-02-14T16:49:44.624+0100][debug][gc,phases,start] GC(15) Concurrent References Process
[2024-02-14T16:49:44.624+0100][debug][gc,task        ] GC(15) Executing Task: XReferenceProcessorTask, Active Workers: 1
[2024-02-14T16:49:44.635+0100][debug][gc,phases      ] GC(15) Concurrent References Process 10,523ms
[2024-02-14T16:49:44.635+0100][debug][gc,task        ] GC(15) Executing Task: XProcessWeakRootsTask, Active Workers: 1
[2024-02-14T16:49:44.635+0100][debug][gc,phases,start] GC(15) Concurrent Classes Unlink
[2024-02-14T16:49:44.635+0100][debug][gc,phases,start] GC(15) ClassLoaderData
[2024-02-14T16:49:44.635+0100][debug][gc,phases      ] GC(15) ClassLoaderData 0,028ms
[2024-02-14T16:49:44.635+0100][debug][gc,phases,start] GC(15) Trigger cleanups
[2024-02-14T16:49:44.635+0100][debug][gc,phases      ] GC(15) Trigger cleanups 0,005ms
[2024-02-14T16:49:44.635+0100][debug][gc,task        ] GC(15) Executing Task: XNMethodUnlinkTask, Active Workers: 1
[2024-02-14T16:49:44.639+0100][debug][gc,phases      ] GC(15) Concurrent Classes Unlink 4,487ms
[2024-02-14T16:49:44.640+0100][debug][gc,phases,start] GC(15) Concurrent Classes Purge
[2024-02-14T16:49:44.640+0100][debug][gc,nmethod     ] GC(15) Unregister NMethod: sun.nio.ch.IOUtil.read (0x00007f9f0bed6a10)
[2024-02-14T16:49:44.640+0100][debug][gc,nmethod     ] GC(15) Unregister NMethod: java.util.concurrent.ForkJoinTask.fork (0x00007f9f0c03cf10)
[2024-02-14T16:49:44.640+0100][debug][gc,nmethod     ] GC(15) Unregister NMethod: java.util.stream.ForEachOps$ForEachTask.compute (0x00007f9f0c18a610)
[2024-02-14T16:49:44.640+0100][debug][gc,nmethod     ] GC(15) Unregister NMethod: java.lang.String.compareTo (0x00007f9f0c0a0a90)
[2024-02-14T16:49:44.640+0100][debug][gc,nmethod     ] GC(15) Unregister NMethod: java.lang.Thread.getAndClearInterrupt (0x00007f9f0bb9f890)
[2024-02-14T16:49:44.640+0100][debug][gc,nmethod     ] GC(15) Unregister NMethod: java.lang.VirtualThread.compareAndSetState (0x00007f9f0bb13f10)
[2024-02-14T16:49:44.640+0100][debug][gc,nmethod     ] GC(15) Unregister NMethod: net.openhft.chronicle.bytes.StreamingDataOutput.writeUtf8 (0x00007f9f0bf38090)
[2024-02-14T16:49:44.640+0100][debug][gc,nmethod     ] GC(15) Unregister NMethod: java.util.concurrent.ForkJoinPool.compareAndSetCtl (0x00007f9f0c0a0710)
[2024-02-14T16:49:44.640+0100][debug][gc,nmethod     ] GC(15) Unregister NMethod: sun.nio.ch.IOUtil.readIntoNativeBuffer (0x00007f9f0bf40190)
[2024-02-14T16:49:44.640+0100][debug][gc,nmethod     ] GC(15) Unregister NMethod: io.sirix.page.RevisionRootPage.getPathSummaryPageReference (0x00007f9f0be68490)
[2024-02-14T16:49:44.640+0100][debug][gc,nmethod     ] GC(15) Unregister NMethod: sun.nio.ch.FileChannelImpl.readInternal (0x00007f9f0beda390)
[2024-02-14T16:49:44.640+0100][debug][gc,nmethod     ] GC(15) Unregister NMethod: java.lang.StringLatin1.compareTo (0x00007f9f0bf33810)
[2024-02-14T16:49:44.640+0100][debug][gc,nmethod     ] GC(15) Unregister NMethod: java.nio.MappedByteBuffer.flip (0x00007f9f0bb28890)
[2024-02-14T16:49:44.640+0100][debug][gc,phases      ] GC(15) Concurrent Classes Purge 0,161ms
[2024-02-14T16:49:44.640+0100][debug][gc,phases,start] GC(15) Concurrent References Enqueue
[2024-02-14T16:49:44.640+0100][debug][gc,phases      ] GC(15) Concurrent References Enqueue 0,010ms
[2024-02-14T16:49:44.640+0100][info ][gc,phases      ] GC(15) Concurrent Process Non-Strong References 16,291ms
[2024-02-14T16:49:44.640+0100][debug][gc,phases,start] GC(15) Concurrent Reset Relocation Set
[2024-02-14T16:49:44.640+0100][info ][gc,phases      ] GC(15) Concurrent Reset Relocation Set 0,112ms
[2024-02-14T16:49:44.640+0100][debug][gc,phases,start] GC(15) Concurrent Select Relocation Set
[2024-02-14T16:49:44.642+0100][debug][gc,task        ] GC(15) Executing Task: XRelocationSetInstallTask, Active Workers: 1
[2024-02-14T16:49:44.643+0100][info ][gc,phases      ] GC(15) Concurrent Select Relocation Set 2,273ms
[2024-02-14T16:49:44.643+0100][debug][gc,phases,start] GC(15) Pause Relocate Start
[2024-02-14T16:49:44.643+0100][info ][gc,phases      ] GC(15) Pause Relocate Start 0,037ms
[2024-02-14T16:49:44.643+0100][debug][gc,phases,start] GC(15) Concurrent Relocate
[2024-02-14T16:49:44.643+0100][debug][gc,task        ] GC(15) Executing Task: XRelocateTask, Active Workers: 1
[2024-02-14T16:49:44.661+0100][info ][gc,phases      ] GC(15) Concurrent Relocate 18,522ms
[2024-02-14T16:49:44.661+0100][debug][gc,heap        ] GC(15) Heap after GC invocations=16 (full 16):
[2024-02-14T16:49:44.661+0100][debug][gc,heap        ] GC(15)  ZHeap           used 1426M, capacity 14324M, max capacity 15360M
[2024-02-14T16:49:44.661+0100][debug][gc,heap        ] GC(15)  Metaspace       used 31317K, committed 31680K, reserved 1114112K
[2024-02-14T16:49:44.661+0100][debug][gc,heap        ] GC(15)   class space    used 3306K, committed 3520K, reserved 1048576K
[2024-02-14T16:49:44.662+0100][info ][gc,load        ] GC(15) Load: 2,21/1,42/1,59
[2024-02-14T16:49:44.662+0100][info ][gc,mmu         ] GC(15) MMU: 2ms/92,8%, 5ms/97,1%, 10ms/98,6%, 20ms/99,1%, 50ms/99,6%, 100ms/99,8%
[2024-02-14T16:49:44.662+0100][info ][gc,marking     ] GC(15) Mark: 1 stripe(s), 2 proactive flush(es), 1 terminate flush(es), 0 completion(s), 0 continuation(s) 
[2024-02-14T16:49:44.662+0100][info ][gc,marking     ] GC(15) Mark Stack Usage: 32M
[2024-02-14T16:49:44.662+0100][info ][gc,nmethod     ] GC(15) NMethods: 4018 registered, 1158 unregistered
[2024-02-14T16:49:44.662+0100][info ][gc,metaspace   ] GC(15) Metaspace: 30M used, 30M committed, 1088M reserved
[2024-02-14T16:49:44.662+0100][info ][gc,ref         ] GC(15) Soft: 3825 encountered, 0 discovered, 0 enqueued
[2024-02-14T16:49:44.662+0100][info ][gc,ref         ] GC(15) Weak: 1905 encountered, 162 discovered, 0 enqueued
[2024-02-14T16:49:44.662+0100][info ][gc,ref         ] GC(15) Final: 21075 encountered, 21075 discovered, 21075 enqueued
[2024-02-14T16:49:44.662+0100][info ][gc,ref         ] GC(15) Phantom: 21519 encountered, 21369 discovered, 21135 enqueued
[2024-02-14T16:49:44.662+0100][info ][gc,reloc       ] GC(15) Small Pages: 6769 / 13538M, Empty: 7188M, Relocated: 6M, In-Place: 0
[2024-02-14T16:49:44.662+0100][info ][gc,reloc       ] GC(15) Medium Pages: 1 / 32M, Empty: 0M, Relocated: 0M, In-Place: 0
[2024-02-14T16:49:44.662+0100][info ][gc,reloc       ] GC(15) Large Pages: 0 / 0M, Empty: 0M, Relocated: 0M, In-Place: 0
[2024-02-14T16:49:44.662+0100][info ][gc,reloc       ] GC(15) Forwarding Usage: 2M
[2024-02-14T16:49:44.662+0100][info ][gc,heap        ] GC(15) Min Capacity: 5120M(33%)
[2024-02-14T16:49:44.662+0100][info ][gc,heap        ] GC(15) Max Capacity: 15360M(100%)
[2024-02-14T16:49:44.662+0100][info ][gc,heap        ] GC(15) Soft Max Capacity: 15360M(100%)
[2024-02-14T16:49:44.662+0100][info ][gc,heap        ] GC(15)                Mark Start          Mark End        Relocate Start      Relocate End           High               Low         
[2024-02-14T16:49:44.662+0100][info ][gc,heap        ] GC(15)  Capacity:    13570M (88%)       14306M (93%)       14324M (93%)       14324M (93%)       14324M (93%)       13570M (88%)    
[2024-02-14T16:49:44.662+0100][info ][gc,heap        ] GC(15)      Free:     1790M (12%)        1054M (7%)         8222M (54%)       13934M (91%)       13936M (91%)        1036M (7%)     
[2024-02-14T16:49:44.662+0100][info ][gc,heap        ] GC(15)      Used:    13570M (88%)       14306M (93%)        7138M (46%)        1426M (9%)        14324M (93%)        1424M (9%)     
[2024-02-14T16:49:44.662+0100][info ][gc,heap        ] GC(15)      Live:         -               471M (3%)          471M (3%)          471M (3%)             -                  -          
[2024-02-14T16:49:44.662+0100][info ][gc,heap        ] GC(15) Allocated:         -               736M (5%)          756M (5%)          784M (5%)             -                  -          
[2024-02-14T16:49:44.662+0100][info ][gc,heap        ] GC(15)   Garbage:         -             13098M (85%)        5910M (38%)         170M (1%)             -                  -          
[2024-02-14T16:49:44.662+0100][info ][gc,heap        ] GC(15) Reclaimed:         -                  -              7188M (47%)       12928M (84%)            -                  -          
[2024-02-14T16:49:44.662+0100][info ][gc             ] GC(15) Garbage Collection (Allocation Rate) 13570M(88%)->1426M(9%)
[2024-02-14T16:49:44.708+0100][debug][gc,alloc       ] Allocation Rate: 2808,0MB/s, Predicted: 2997,7MB/s, Avg: 3603,0(+/-363,3)MB/s
[2024-02-14T16:49:44.708+0100][debug][gc,director    ] Select GC Workers (Normal), AvoidLongGCWorkers: 0,066, AvoidOOMGCWorkers: 0,253, LastGCWorkers: 1,000, GCWorkers: 0,253
[2024-02-14T16:49:44.708+0100][debug][gc,director    ] Rule: Allocation Rate (Dynamic GC Workers), MaxAllocRate: 4798,5MB/s (+/-10,1%), Free: 13792MB, GCCPUTime: 0,664, GCDuration: 0,664s, TimeUntilOOM: 2,611s, TimeUntilGC: 1,847s, GCWorkers: 1 -> 1
[2024-02-14T16:49:44.708+0100][debug][gc,director    ] Rule: High Usage, Free: 13792MB(89,8%)
[2024-02-14T16:49:44.708+0100][debug][gc,director    ] Rule: Proactive, UsedUntilEnabled: 1436MB, TimeUntilEnabled: 299,954s
[2024-02-14T16:49:44.807+0100][debug][gc,alloc       ] Allocation Rate: 2806,0MB/s, Predicted: 2756,0MB/s, Avg: 3494,4(+/-418,8)MB/s
[2024-02-14T16:49:44.807+0100][debug][gc,director    ] Select GC Workers (Normal), AvoidLongGCWorkers: 0,066, AvoidOOMGCWorkers: 0,266, LastGCWorkers: 1,000, GCWorkers: 0,266
[2024-02-14T16:49:44.807+0100][debug][gc,director    ] Rule: Allocation Rate (Dynamic GC Workers), MaxAllocRate: 4872,4MB/s (+/-12,0%), Free: 13540MB, GCCPUTime: 0,664, GCDuration: 0,664s, TimeUntilOOM: 2,482s, TimeUntilGC: 1,717s, GCWorkers: 1 -> 1
[2024-02-14T16:49:44.807+0100][debug][gc,director    ] Rule: High Usage, Free: 13538MB(88,1%)
[2024-02-14T16:49:44.807+0100][debug][gc,director    ] Rule: Proactive, UsedUntilEnabled: 1182MB, TimeUntilEnabled: 299,854s
[2024-02-14T16:49:44.907+0100][debug][gc,alloc       ] Allocation Rate: 2802,0MB/s, Predicted: 2583,5MB/s, Avg: 3386,0(+/-443,0)MB/s
[2024-02-14T16:49:44.907+0100][debug][gc,director    ] Select GC Workers (Normal), AvoidLongGCWorkers: 0,066, AvoidOOMGCWorkers: 0,272, LastGCWorkers: 1,000, GCWorkers: 0,272
[2024-02-14T16:49:44.907+0100][debug][gc,director    ] Rule: Allocation Rate (Dynamic GC Workers), MaxAllocRate: 4843,6MB/s (+/-13,1%), Free: 13288MB, GCCPUTime: 0,664, GCDuration: 0,664s, TimeUntilOOM: 2,426s, TimeUntilGC: 1,662s, GCWorkers: 1 -> 1
[2024-02-14T16:49:44.907+0100][debug][gc,director    ] Rule: High Usage, Free: 13288MB(86,5%)
[2024-02-14T16:49:44.907+0100][debug][gc,director    ] Rule: Proactive, UsedUntilEnabled: 932MB, TimeUntilEnabled: 299,754s
[2024-02-14T16:49:45.007+0100][debug][gc,alloc       ] Allocation Rate: 2866,0MB/s, Predicted: 2518,4MB/s, Avg: 3280,4(+/-428,2)MB/s
[2024-02-14T16:49:45.007+0100][debug][gc,director    ] Select GC Workers (Normal), AvoidLongGCWorkers: 0,066, AvoidOOMGCWorkers: 0,278, LastGCWorkers: 1,000, GCWorkers: 0,278
[2024-02-14T16:49:45.008+0100][debug][gc,director    ] Rule: Allocation Rate (Dynamic GC Workers), MaxAllocRate: 4689,5MB/s (+/-13,1%), Free: 12614MB, GCCPUTime: 0,664, GCDuration: 0,664s, TimeUntilOOM: 2,379s, TimeUntilGC: 1,615s, GCWorkers: 1 -> 1
[2024-02-14T16:49:45.008+0100][debug][gc,director    ] Rule: High Usage, Free: 12614MB(82,1%)
[2024-02-14T16:49:45.008+0100][debug][gc,director    ] Rule: Proactive, UsedUntilEnabled: 258MB, TimeUntilEnabled: 299,654s
[2024-02-14T16:49:45.108+0100][debug][gc,alloc       ] Allocation Rate: 2758,0MB/s, Predicted: 2468,3MB/s, Avg: 3168,6(+/-403,4)MB/s
[2024-02-14T16:49:45.108+0100][debug][gc,director    ] Select GC Workers (Normal), AvoidLongGCWorkers: 0,066, AvoidOOMGCWorkers: 0,271, LastGCWorkers: 1,000, GCWorkers: 0,271
[2024-02-14T16:49:45.108+0100][debug][gc,director    ] Rule: Allocation Rate (Dynamic GC Workers), MaxAllocRate: 4495,9MB/s (+/-12,7%), Free: 12382MB, GCCPUTime: 0,664, GCDuration: 0,664s, TimeUntilOOM: 2,443s, TimeUntilGC: 1,679s, GCWorkers: 1 -> 1
[2024-02-14T16:49:45.108+0100][debug][gc,director    ] Rule: High Usage, Free: 12380MB(80,6%)
[2024-02-14T16:49:45.108+0100][debug][gc,director    ] Rule: Proactive, UsedUntilEnabled: 24MB, TimeUntilEnabled: 299,554s
[2024-02-14T16:49:45.207+0100][debug][gc,alloc       ] Allocation Rate: 2726,0MB/s, Predicted: 2479,3MB/s, Avg: 3053,8(+/-345,5)MB/s
[2024-02-14T16:49:45.207+0100][debug][gc,director    ] Select GC Workers (Normal), AvoidLongGCWorkers: 0,066, AvoidOOMGCWorkers: 0,253, LastGCWorkers: 1,000, GCWorkers: 0,253
[2024-02-14T16:49:45.207+0100][debug][gc,director    ] Rule: Allocation Rate (Dynamic GC Workers), MaxAllocRate: 4190,6MB/s (+/-11,3%), Free: 12164MB, GCCPUTime: 0,664, GCDuration: 0,664s, TimeUntilOOM: 2,608s, TimeUntilGC: 1,843s, GCWorkers: 1 -> 1
[2024-02-14T16:49:45.207+0100][debug][gc,director    ] Rule: High Usage, Free: 12164MB(79,2%)
[2024-02-14T16:49:45.207+0100][debug][gc,director    ] Rule: Proactive, AcceptableGCInterval: 6,690s, TimeSinceLastGC: 0,546s, TimeUntilGC: 6,145s
[2024-02-14T16:49:45.307+0100][debug][gc,alloc       ] Allocation Rate: 2948,0MB/s, Predicted: 2632,8MB/s, Avg: 2969,8(+/-243,9)MB/s
[2024-02-14T16:49:45.307+0100][debug][gc,director    ] Select GC Workers (Normal), AvoidLongGCWorkers: 0,066, AvoidOOMGCWorkers: 0,229, LastGCWorkers: 1,000, GCWorkers: 0,229
[2024-02-14T16:49:45.307+0100][debug][gc,director    ] Rule: Allocation Rate (Dynamic GC Workers), MaxAllocRate: 3772,5MB/s (+/-8,2%), Free: 11772MB, GCCPUTime: 0,664, GCDuration: 0,664s, TimeUntilOOM: 2,884s, TimeUntilGC: 2,119s, GCWorkers: 1 -> 1
[2024-02-14T16:49:45.307+0100][debug][gc,director    ] Rule: High Usage, Free: 11772MB(76,6%)
[2024-02-14T16:49:45.307+0100][debug][gc,director    ] Rule: Proactive, AcceptableGCInterval: 6,690s, TimeSinceLastGC: 0,646s, TimeUntilGC: 6,045s
[2024-02-14T16:49:45.308+0100][info ][gc,stats       ] === Garbage Collection Statistics =======================================================================================================================
[2024-02-14T16:49:45.308+0100][info ][gc,stats       ]                                                              Last 10s              Last 10m              Last 10h                Total
[2024-02-14T16:49:45.308+0100][info ][gc,stats       ]                                                              Avg / Max             Avg / Max             Avg / Max             Avg / Max
[2024-02-14T16:49:45.308+0100][info ][gc,stats       ]   Collector: Garbage Collection Cycle                    163,107 / 354,125     233,906 / 623,071     233,906 / 623,071     233,906 / 623,071     ms
[2024-02-14T16:49:45.308+0100][info ][gc,stats       ]  Contention: Mark Segment Reset Contention                     0 / 0                 2 / 70                2 / 70                2 / 70          ops/s
[2024-02-14T16:49:45.308+0100][info ][gc,stats       ]  Contention: Mark SeqNum Reset Contention                      0 / 0                 0 / 0                 0 / 0                 0 / 0           ops/s
[2024-02-14T16:49:45.308+0100][info ][gc,stats       ]    Critical: Allocation Stall                                  0 / 0                 0 / 0                 0 / 0                 0 / 0           ops/s
[2024-02-14T16:49:45.308+0100][info ][gc,stats       ]    Critical: Allocation Stall                              0,000 / 0,000         0,000 / 0,000         0,000 / 0,000         0,000 / 0,000       ms
[2024-02-14T16:49:45.308+0100][info ][gc,stats       ]    Critical: GC Locker Stall                                   0 / 0                 0 / 1                 0 / 1                 0 / 1           ops/s
[2024-02-14T16:49:45.308+0100][info ][gc,stats       ]    Critical: GC Locker Stall                               0,000 / 0,000         0,093 / 0,094         0,093 / 0,094         0,093 / 0,094       ms
[2024-02-14T16:49:45.308+0100][info ][gc,stats       ]    Critical: Relocation Stall                                  0 / 0                 0 / 0                 0 / 0                 0 / 0           ops/s
[2024-02-14T16:49:45.308+0100][info ][gc,stats       ]    Critical: Relocation Stall                              0,000 / 0,000         0,000 / 0,000         0,000 / 0,000         0,000 / 0,000       ms
[2024-02-14T16:49:45.308+0100][info ][gc,stats       ]      Memory: Allocation Rate                                3702 / 3932           2551 / 4428           2551 / 4428           2551 / 4428        MB/s
[2024-02-14T16:49:45.308+0100][info ][gc,stats       ]      Memory: Defragment                                        0 / 0                 0 / 0                 0 / 0                 0 / 0           ops/s
[2024-02-14T16:49:45.308+0100][info ][gc,stats       ]      Memory: Out Of Memory                                     0 / 0                 0 / 0                 0 / 0                 0 / 0           ops/s
[2024-02-14T16:49:45.308+0100][info ][gc,stats       ]      Memory: Page Cache Flush                                  0 / 0                 0 / 0                 0 / 0                 0 / 0           MB/s
[2024-02-14T16:49:45.308+0100][info ][gc,stats       ]      Memory: Page Cache Hit L1                              1809 / 1966           1133 / 2214           1133 / 2214           1133 / 2214        ops/s
[2024-02-14T16:49:45.308+0100][info ][gc,stats       ]      Memory: Page Cache Hit L2                                 0 / 0                 0 / 0                 0 / 0                 0 / 0           ops/s
[2024-02-14T16:49:45.308+0100][info ][gc,stats       ]      Memory: Page Cache Hit L3                                 0 / 0                53 / 915              53 / 915              53 / 915         ops/s
[2024-02-14T16:49:45.308+0100][info ][gc,stats       ]      Memory: Page Cache Miss                                  42 / 377              95 / 600              95 / 600              95 / 600         ops/s
[2024-02-14T16:49:45.308+0100][info ][gc,stats       ]      Memory: Uncommit                                          0 / 0                 0 / 0                 0 / 0                 0 / 0           MB/s
[2024-02-14T16:49:45.308+0100][info ][gc,stats       ]      Memory: Undo Object Allocation Failed                     0 / 0                 0 / 0                 0 / 0                 0 / 0           ops/s
[2024-02-14T16:49:45.308+0100][info ][gc,stats       ]      Memory: Undo Object Allocation Succeeded                  1 / 14                0 / 14                0 / 14                0 / 14          ops/s
[2024-02-14T16:49:45.308+0100][info ][gc,stats       ]      Memory: Undo Page Allocation                              2 / 21                2 / 31                2 / 31                2 / 31          ops/s
[2024-02-14T16:49:45.308+0100][info ][gc,stats       ]       Phase: Concurrent Mark                             133,702 / 315,820     200,995 / 580,975     200,995 / 580,975     200,995 / 580,975     ms
[2024-02-14T16:49:45.308+0100][info ][gc,stats       ]       Phase: Concurrent Mark Continue                      0,000 / 0,000         0,000 / 0,000         0,000 / 0,000         0,000 / 0,000       ms
[2024-02-14T16:49:45.308+0100][info ][gc,stats       ]       Phase: Concurrent Mark Free                          0,449 / 1,306         0,209 / 1,509         0,209 / 1,509         0,209 / 1,509       ms
[2024-02-14T16:49:45.308+0100][info ][gc,stats       ]       Phase: Concurrent Process Non-Strong References     12,253 / 16,291        9,741 / 16,291        9,741 / 16,291        9,741 / 16,291      ms
[2024-02-14T16:49:45.308+0100][info ][gc,stats       ]       Phase: Concurrent Relocate                          13,294 / 18,522       16,959 / 80,437       16,959 / 80,437       16,959 / 80,437      ms
[2024-02-14T16:49:45.308+0100][info ][gc,stats       ]       Phase: Concurrent Reset Relocation Set               0,092 / 0,112         0,056 / 0,112         0,056 / 0,112         0,056 / 0,112       ms
[2024-02-14T16:49:45.308+0100][info ][gc,stats       ]       Phase: Concurrent Select Relocation Set              2,241 / 2,349         4,703 / 24,137        4,703 / 24,137        4,703 / 24,137      ms
[2024-02-14T16:49:45.308+0100][info ][gc,stats       ]       Phase: Pause Mark End                                0,037 / 0,049         0,045 / 0,067         0,045 / 0,067         0,045 / 0,067       ms
[2024-02-14T16:49:45.308+0100][info ][gc,stats       ]       Phase: Pause Mark Start                              0,072 / 0,085         0,085 / 0,144         0,085 / 0,144         0,085 / 0,144       ms
[2024-02-14T16:49:45.308+0100][info ][gc,stats       ]       Phase: Pause Relocate Start                          0,030 / 0,037         0,038 / 0,054         0,038 / 0,054         0,038 / 0,054       ms
[2024-02-14T16:49:45.308+0100][info ][gc,stats       ]    Subphase: Concurrent Classes Purge                      0,120 / 0,161         1,076 / 5,566         1,076 / 5,566         1,076 / 5,566       ms
[2024-02-14T16:49:45.308+0100][info ][gc,stats       ]    Subphase: Concurrent Classes Unlink                     3,405 / 4,487         3,082 / 6,276         3,082 / 6,276         3,082 / 6,276       ms
[2024-02-14T16:49:45.308+0100][info ][gc,stats       ]    Subphase: Concurrent Mark                             106,467 / 314,275     143,801 / 578,370     143,801 / 578,370     143,801 / 578,370     ms
[2024-02-14T16:49:45.308+0100][info ][gc,stats       ]    Subphase: Concurrent Mark Try Flush                     0,113 / 0,215         0,406 / 16,348        0,406 / 16,348        0,406 / 16,348      ms
[2024-02-14T16:49:45.308+0100][info ][gc,stats       ]    Subphase: Concurrent Mark Try Terminate                 0,807 / 1,180         0,810 / 1,262         0,810 / 1,262         0,810 / 1,262       ms
[2024-02-14T16:49:45.308+0100][info ][gc,stats       ]    Subphase: Concurrent References Enqueue                 0,010 / 0,010         0,010 / 0,012         0,010 / 0,012         0,010 / 0,012       ms
[2024-02-14T16:49:45.308+0100][info ][gc,stats       ]    Subphase: Concurrent References Process                 7,895 / 10,523        4,725 / 10,523        4,725 / 10,523        4,725 / 10,523      ms
[2024-02-14T16:49:45.308+0100][info ][gc,stats       ]    Subphase: Concurrent Roots ClassLoaderDataGraph         0,090 / 0,136         0,088 / 0,310         0,088 / 0,310         0,088 / 0,310       ms
[2024-02-14T16:49:45.308+0100][info ][gc,stats       ]    Subphase: Concurrent Roots CodeCache                    0,000 / 0,000         0,000 / 0,000         0,000 / 0,000         0,000 / 0,000       ms
[2024-02-14T16:49:45.308+0100][info ][gc,stats       ]    Subphase: Concurrent Roots JavaThreads                  0,854 / 1,096         0,720 / 1,932         0,720 / 1,932         0,720 / 1,932       ms
[2024-02-14T16:49:45.308+0100][info ][gc,stats       ]    Subphase: Concurrent Roots OopStorageSet                0,046 / 0,047         0,174 / 0,964         0,174 / 0,964         0,174 / 0,964       ms
[2024-02-14T16:49:45.308+0100][info ][gc,stats       ]    Subphase: Concurrent Weak Roots OopStorageSet           0,256 / 0,367         0,248 / 0,778         0,248 / 0,778         0,248 / 0,778       ms
[2024-02-14T16:49:45.308+0100][info ][gc,stats       ]    Subphase: Pause Mark Try Complete                       0,000 / 0,000         0,000 / 0,000         0,000 / 0,000         0,000 / 0,000       ms
[2024-02-14T16:49:45.308+0100][info ][gc,stats       ]      System: Java Threads                                     41 / 42               39 / 46               39 / 46               39 / 46          threads
[2024-02-14T16:49:45.308+0100][info ][gc,stats       ] =========================================================================================================================================================
[2024-02-14T16:49:45.407+0100][debug][gc,alloc       ] Allocation Rate: 3274,0MB/s, Predicted: 2826,5MB/s, Avg: 2973,2(+/-247,9)MB/s
[2024-02-14T16:49:45.407+0100][debug][gc,director    ] Select GC Workers (Normal), AvoidLongGCWorkers: 0,066, AvoidOOMGCWorkers: 0,240, LastGCWorkers: 1,000, GCWorkers: 0,240
[2024-02-14T16:49:45.408+0100][debug][gc,director    ] Rule: Allocation Rate (Dynamic GC Workers), MaxAllocRate: 3788,9MB/s (+/-8,3%), Free: 11304MB, GCCPUTime: 0,664, GCDuration: 0,664s, TimeUntilOOM: 2,754s, TimeUntilGC: 1,990s, GCWorkers: 1 -> 1
[2024-02-14T16:49:45.408+0100][debug][gc,director    ] Rule: High Usage, Free: 11304MB(73,6%)
[2024-02-14T16:49:45.408+0100][debug][gc,director    ] Rule: Proactive, AcceptableGCInterval: 6,690s, TimeSinceLastGC: 0,746s, TimeUntilGC: 5,944s
[2024-02-14T16:49:45.508+0100][debug][gc,alloc       ] Allocation Rate: 3062,0MB/s, Predicted: 2976,4MB/s, Avg: 2939,2(+/-206,6)MB/s
[2024-02-14T16:49:45.508+0100][debug][gc,director    ] Select GC Workers (Normal), AvoidLongGCWorkers: 0,066, AvoidOOMGCWorkers: 0,233, LastGCWorkers: 1,000, GCWorkers: 0,233
[2024-02-14T16:49:45.508+0100][debug][gc,director    ] Rule: Allocation Rate (Dynamic GC Workers), MaxAllocRate: 3656,3MB/s (+/-7,0%), Free: 11096MB, GCCPUTime: 0,664, GCDuration: 0,664s, TimeUntilOOM: 2,835s, TimeUntilGC: 2,071s, GCWorkers: 1 -> 1
[2024-02-14T16:49:45.508+0100][debug][gc,director    ] Rule: High Usage, Free: 11096MB(72,2%)
[2024-02-14T16:49:45.508+0100][debug][gc,director    ] Rule: Proactive, AcceptableGCInterval: 6,690s, TimeSinceLastGC: 0,846s, TimeUntilGC: 5,844s
[2024-02-14T16:49:45.608+0100][debug][gc,alloc       ] Allocation Rate: 3102,0MB/s, Predicted: 3148,9MB/s, Avg: 2915,2(+/-168,9)MB/s
[2024-02-14T16:49:45.608+0100][debug][gc,director    ] Select GC Workers (Normal), AvoidLongGCWorkers: 0,066, AvoidOOMGCWorkers: 0,239, LastGCWorkers: 1,000, GCWorkers: 0,239
[2024-02-14T16:49:45.608+0100][debug][gc,director    ] Rule: Allocation Rate (Dynamic GC Workers), MaxAllocRate: 3704,8MB/s (+/-5,8%), Free: 10856MB, GCCPUTime: 0,664, GCDuration: 0,664s, TimeUntilOOM: 2,770s, TimeUntilGC: 2,005s, GCWorkers: 1 -> 1
[2024-02-14T16:49:45.608+0100][debug][gc,director    ] Rule: High Usage, Free: 10856MB(70,7%)
[2024-02-14T16:49:45.608+0100][debug][gc,director    ] Rule: Proactive, AcceptableGCInterval: 6,690s, TimeSinceLastGC: 0,946s, TimeUntilGC: 5,744s
[2024-02-14T16:49:45.707+0100][debug][gc,alloc       ] Allocation Rate: 3490,0MB/s, Predicted: 3350,3MB/s, Avg: 2983,4(+/-236,2)MB/s
[2024-02-14T16:49:45.707+0100][debug][gc,director    ] Select GC Workers (Normal), AvoidLongGCWorkers: 0,066, AvoidOOMGCWorkers: 0,286, LastGCWorkers: 1,000, GCWorkers: 0,286
[2024-02-14T16:49:45.707+0100][debug][gc,director    ] Rule: Allocation Rate (Dynamic GC Workers), MaxAllocRate: 4127,4MB/s (+/-7,9%), Free: 10300MB, GCCPUTime: 0,664, GCDuration: 0,664s, TimeUntilOOM: 2,312s, TimeUntilGC: 1,548s, GCWorkers: 1 -> 1
[2024-02-14T16:49:45.707+0100][debug][gc,director    ] Rule: High Usage, Free: 10300MB(67,1%)
[2024-02-14T16:49:45.707+0100][debug][gc,director    ] Rule: Proactive, AcceptableGCInterval: 6,690s, TimeSinceLastGC: 1,046s, TimeUntilGC: 5,645s
[2024-02-14T16:49:45.807+0100][debug][gc,alloc       ] Allocation Rate: 3596,0MB/s, Predicted: 3548,0MB/s, Avg: 3062,4(+/-289,7)MB/s
[2024-02-14T16:49:45.807+0100][debug][gc,director    ] Select GC Workers (Normal), AvoidLongGCWorkers: 0,066, AvoidOOMGCWorkers: 0,328, LastGCWorkers: 1,000, GCWorkers: 0,328
[2024-02-14T16:49:45.807+0100][debug][gc,director    ] Rule: Allocation Rate (Dynamic GC Workers), MaxAllocRate: 4501,2MB/s (+/-9,5%), Free: 9944MB, GCCPUTime: 0,664, GCDuration: 0,664s, TimeUntilOOM: 2,018s, TimeUntilGC: 1,254s, GCWorkers: 1 -> 1
[2024-02-14T16:49:45.807+0100][debug][gc,director    ] Rule: High Usage, Free: 9944MB(64,7%)
[2024-02-14T16:49:45.807+0100][debug][gc,director    ] Rule: Proactive, AcceptableGCInterval: 6,690s, TimeSinceLastGC: 1,146s, TimeUntilGC: 5,544s
[2024-02-14T16:49:45.908+0100][debug][gc,alloc       ] Allocation Rate: 3592,0MB/s, Predicted: 3690,4MB/s, Avg: 3141,4(+/-314,6)MB/s
[2024-02-14T16:49:45.908+0100][debug][gc,director    ] Select GC Workers (Normal), AvoidLongGCWorkers: 0,066, AvoidOOMGCWorkers: 0,355, LastGCWorkers: 1,000, GCWorkers: 0,355
[2024-02-14T16:49:45.908+0100][debug][gc,director    ] Rule: Allocation Rate (Dynamic GC Workers), MaxAllocRate: 4725,5MB/s (+/-10,0%), Free: 9696MB, GCCPUTime: 0,664, GCDuration: 0,664s, TimeUntilOOM: 1,865s, TimeUntilGC: 1,101s, GCWorkers: 1 -> 1
[2024-02-14T16:49:45.908+0100][debug][gc,director    ] Rule: High Usage, Free: 9696MB(63,1%)
[2024-02-14T16:49:45.908+0100][debug][gc,director    ] Rule: Proactive, AcceptableGCInterval: 6,690s, TimeSinceLastGC: 1,246s, TimeUntilGC: 5,444s
[2024-02-14T16:49:46.008+0100][debug][gc,alloc       ] Allocation Rate: 3174,0MB/s, Predicted: 3630,0MB/s, Avg: 3172,2(+/-300,9)MB/s
[2024-02-14T16:49:46.008+0100][debug][gc,director    ] Select GC Workers (Normal), AvoidLongGCWorkers: 0,066, AvoidOOMGCWorkers: 0,354, LastGCWorkers: 1,000, GCWorkers: 0,354
[2024-02-14T16:49:46.008+0100][debug][gc,director    ] Rule: Allocation Rate (Dynamic GC Workers), MaxAllocRate: 4620,0MB/s (+/-9,5%), Free: 9440MB, GCCPUTime: 0,664, GCDuration: 0,664s, TimeUntilOOM: 1,866s, TimeUntilGC: 1,102s, GCWorkers: 1 -> 1
[2024-02-14T16:49:46.008+0100][debug][gc,director    ] Rule: High Usage, Free: 9440MB(61,5%)
[2024-02-14T16:49:46.008+0100][debug][gc,director    ] Rule: Proactive, AcceptableGCInterval: 6,690s, TimeSinceLastGC: 1,346s, TimeUntilGC: 5,344s
[2024-02-14T16:49:46.107+0100][debug][gc,alloc       ] Allocation Rate: 3626,0MB/s, Predicted: 3701,1MB/s, Avg: 3259,0(+/-294,0)MB/s
[2024-02-14T16:49:46.107+0100][debug][gc,director    ] Select GC Workers (Normal), AvoidLongGCWorkers: 0,066, AvoidOOMGCWorkers: 0,385, LastGCWorkers: 1,000, GCWorkers: 0,385
[2024-02-14T16:49:46.107+0100][debug][gc,director    ] Rule: Allocation Rate (Dynamic GC Workers), MaxAllocRate: 4668,4MB/s (+/-9,0%), Free: 8756MB, GCCPUTime: 0,664, GCDuration: 0,664s, TimeUntilOOM: 1,720s, TimeUntilGC: 0,956s, GCWorkers: 1 -> 1
[2024-02-14T16:49:46.107+0100][debug][gc,director    ] Rule: High Usage, Free: 8756MB(57,0%)
[2024-02-14T16:49:46.107+0100][debug][gc,director    ] Rule: Proactive, AcceptableGCInterval: 6,690s, TimeSinceLastGC: 1,446s, TimeUntilGC: 5,245s
[2024-02-14T16:49:46.207+0100][debug][gc,alloc       ] Allocation Rate: 3662,0MB/s, Predicted: 3720,1MB/s, Avg: 3352,6(+/-255,9)MB/s
[2024-02-14T16:49:46.207+0100][debug][gc,director    ] Select GC Workers (Normal), AvoidLongGCWorkers: 0,066, AvoidOOMGCWorkers: 0,382, LastGCWorkers: 1,000, GCWorkers: 0,382
[2024-02-14T16:49:46.207+0100][debug][gc,director    ] Rule: Allocation Rate (Dynamic GC Workers), MaxAllocRate: 4562,2MB/s (+/-7,6%), Free: 8502MB, GCCPUTime: 0,664, GCDuration: 0,664s, TimeUntilOOM: 1,731s, TimeUntilGC: 0,967s, GCWorkers: 1 -> 1
[2024-02-14T16:49:46.207+0100][debug][gc,director    ] Rule: High Usage, Free: 8502MB(55,4%)
[2024-02-14T16:49:46.207+0100][debug][gc,director    ] Rule: Proactive, AcceptableGCInterval: 6,690s, TimeSinceLastGC: 1,546s, TimeUntilGC: 5,145s
[2024-02-14T16:49:46.307+0100][debug][gc,alloc       ] Allocation Rate: 3526,0MB/s, Predicted: 3681,6MB/s, Avg: 3410,4(+/-220,9)MB/s
[2024-02-14T16:49:46.307+0100][debug][gc,director    ] Select GC Workers (Normal), AvoidLongGCWorkers: 0,066, AvoidOOMGCWorkers: 0,376, LastGCWorkers: 1,000, GCWorkers: 0,376
[2024-02-14T16:49:46.308+0100][debug][gc,director    ] Rule: Allocation Rate (Dynamic GC Workers), MaxAllocRate: 4408,4MB/s (+/-6,5%), Free: 8248MB, GCCPUTime: 0,664, GCDuration: 0,664s, TimeUntilOOM: 1,757s, TimeUntilGC: 0,993s, GCWorkers: 1 -> 1
[2024-02-14T16:49:46.308+0100][debug][gc,director    ] Rule: High Usage, Free: 8248MB(53,7%)
[2024-02-14T16:49:46.308+0100][debug][gc,director    ] Rule: Proactive, AcceptableGCInterval: 6,690s, TimeSinceLastGC: 1,646s, TimeUntilGC: 5,044s
[2024-02-14T16:49:46.408+0100][debug][gc,alloc       ] Allocation Rate: 3786,0MB/s, Predicted: 3795,5MB/s, Avg: 3461,6(+/-241,7)MB/s
[2024-02-14T16:49:46.408+0100][debug][gc,director    ] Select GC Workers (Normal), AvoidLongGCWorkers: 0,066, AvoidOOMGCWorkers: 0,432, LastGCWorkers: 1,000, GCWorkers: 0,432
[2024-02-14T16:49:46.408+0100][debug][gc,director    ] Rule: Allocation Rate (Dynamic GC Workers), MaxAllocRate: 4590,8MB/s (+/-7,0%), Free: 7518MB, GCCPUTime: 0,664, GCDuration: 0,664s, TimeUntilOOM: 1,531s, TimeUntilGC: 0,766s, GCWorkers: 1 -> 1
[2024-02-14T16:49:46.408+0100][debug][gc,director    ] Rule: High Usage, Free: 7518MB(48,9%)
[2024-02-14T16:49:46.408+0100][debug][gc,director    ] Rule: Proactive, AcceptableGCInterval: 6,690s, TimeSinceLastGC: 1,746s, TimeUntilGC: 4,944s
[2024-02-14T16:49:46.508+0100][debug][gc,alloc       ] Allocation Rate: 3804,0MB/s, Predicted: 3825,9MB/s, Avg: 3535,8(+/-220,6)MB/s
[2024-02-14T16:49:46.508+0100][debug][gc,director    ] Select GC Workers (Normal), AvoidLongGCWorkers: 0,066, AvoidOOMGCWorkers: 0,439, LastGCWorkers: 1,000, GCWorkers: 0,439
[2024-02-14T16:49:46.508+0100][debug][gc,director    ] Rule: Allocation Rate (Dynamic GC Workers), MaxAllocRate: 4551,8MB/s (+/-6,2%), Free: 7292MB, GCCPUTime: 0,664, GCDuration: 0,664s, TimeUntilOOM: 1,508s, TimeUntilGC: 0,744s, GCWorkers: 1 -> 1
[2024-02-14T16:49:46.508+0100][debug][gc,director    ] Rule: High Usage, Free: 7292MB(47,5%)
[2024-02-14T16:49:46.508+0100][debug][gc,director    ] Rule: Proactive, AcceptableGCInterval: 6,690s, TimeSinceLastGC: 1,847s, TimeUntilGC: 4,844s
[2024-02-14T16:49:46.607+0100][debug][gc,alloc       ] Allocation Rate: 3812,0MB/s, Predicted: 3820,7MB/s, Avg: 3606,8(+/-180,1)MB/s
[2024-02-14T16:49:46.607+0100][debug][gc,director    ] Select GC Workers (Normal), AvoidLongGCWorkers: 0,066, AvoidOOMGCWorkers: 0,435, LastGCWorkers: 1,000, GCWorkers: 0,435
[2024-02-14T16:49:46.607+0100][debug][gc,director    ] Rule: Allocation Rate (Dynamic GC Workers), MaxAllocRate: 4413,3MB/s (+/-5,0%), Free: 7044MB, GCCPUTime: 0,664, GCDuration: 0,664s, TimeUntilOOM: 1,520s, TimeUntilGC: 0,756s, GCWorkers: 1 -> 1
[2024-02-14T16:49:46.607+0100][debug][gc,director    ] Rule: High Usage, Free: 7042MB(45,8%)
[2024-02-14T16:49:46.607+0100][debug][gc,director    ] Rule: Proactive, AcceptableGCInterval: 6,690s, TimeSinceLastGC: 1,946s, TimeUntilGC: 4,745s
[2024-02-14T16:49:46.707+0100][debug][gc,alloc       ] Allocation Rate: 3566,0MB/s, Predicted: 3773,2MB/s, Avg: 3614,4(+/-176,6)MB/s
[2024-02-14T16:49:46.708+0100][debug][gc,director    ] Select GC Workers (Normal), AvoidLongGCWorkers: 0,066, AvoidOOMGCWorkers: 0,449, LastGCWorkers: 1,000, GCWorkers: 0,449
[2024-02-14T16:49:46.708+0100][debug][gc,director    ] Rule: Allocation Rate (Dynamic GC Workers), MaxAllocRate: 4354,2MB/s (+/-4,9%), Free: 6734MB, GCCPUTime: 0,664, GCDuration: 0,664s, TimeUntilOOM: 1,475s, TimeUntilGC: 0,710s, GCWorkers: 1 -> 1
[2024-02-14T16:49:46.708+0100][debug][gc,director    ] Rule: High Usage, Free: 6734MB(43,8%)
[2024-02-14T16:49:46.708+0100][debug][gc,director    ] Rule: Proactive, AcceptableGCInterval: 6,690s, TimeSinceLastGC: 2,046s, TimeUntilGC: 4,644s
[2024-02-14T16:49:46.808+0100][debug][gc,alloc       ] Allocation Rate: 3836,0MB/s, Predicted: 3856,9MB/s, Avg: 3638,4(+/-188,4)MB/s
[2024-02-14T16:49:46.808+0100][debug][gc,director    ] Select GC Workers (Normal), AvoidLongGCWorkers: 0,066, AvoidOOMGCWorkers: 0,510, LastGCWorkers: 1,000, GCWorkers: 0,510
[2024-02-14T16:49:46.808+0100][debug][gc,director    ] Rule: Allocation Rate (Dynamic GC Workers), MaxAllocRate: 4476,7MB/s (+/-5,2%), Free: 6108MB, GCCPUTime: 0,664, GCDuration: 0,664s, TimeUntilOOM: 1,297s, TimeUntilGC: 0,533s, GCWorkers: 1 -> 1
[2024-02-14T16:49:46.808+0100][debug][gc,director    ] Rule: High Usage, Free: 6108MB(39,8%)
[2024-02-14T16:49:46.808+0100][debug][gc,director    ] Rule: Proactive, AcceptableGCInterval: 6,690s, TimeSinceLastGC: 2,146s, TimeUntilGC: 4,544s
[2024-02-14T16:49:46.908+0100][debug][gc,alloc       ] Allocation Rate: 3840,0MB/s, Predicted: 3925,2MB/s, Avg: 3663,2(+/-196,8)MB/s
[2024-02-14T16:49:46.908+0100][debug][gc,director    ] Select GC Workers (Normal), AvoidLongGCWorkers: 0,066, AvoidOOMGCWorkers: 0,545, LastGCWorkers: 1,000, GCWorkers: 0,545
[2024-02-14T16:49:46.908+0100][debug][gc,director    ] Rule: Allocation Rate (Dynamic GC Workers), MaxAllocRate: 4572,6MB/s (+/-5,4%), Free: 5856MB, GCCPUTime: 0,664, GCDuration: 0,664s, TimeUntilOOM: 1,215s, TimeUntilGC: 0,451s, GCWorkers: 1 -> 1
[2024-02-14T16:49:46.908+0100][debug][gc,director    ] Rule: High Usage, Free: 5856MB(38,1%)
[2024-02-14T16:49:46.908+0100][debug][gc,director    ] Rule: Proactive, AcceptableGCInterval: 6,690s, TimeSinceLastGC: 2,247s, TimeUntilGC: 4,444s
[2024-02-14T16:49:47.007+0100][debug][gc,alloc       ] Allocation Rate: 3840,0MB/s, Predicted: 3865,5MB/s, Avg: 3729,8(+/-116,1)MB/s
[2024-02-14T16:49:47.007+0100][debug][gc,director    ] Select GC Workers (Normal), AvoidLongGCWorkers: 0,066, AvoidOOMGCWorkers: 0,518, LastGCWorkers: 1,000, GCWorkers: 0,518
[2024-02-14T16:49:47.007+0100][debug][gc,director    ] Rule: Allocation Rate (Dynamic GC Workers), MaxAllocRate: 4247,4MB/s (+/-3,1%), Free: 5600MB, GCCPUTime: 0,664, GCDuration: 0,664s, TimeUntilOOM: 1,279s, TimeUntilGC: 0,514s, GCWorkers: 1 -> 1
[2024-02-14T16:49:47.007+0100][debug][gc,director    ] Rule: High Usage, Free: 5600MB(36,5%)
[2024-02-14T16:49:47.007+0100][debug][gc,director    ] Rule: Proactive, AcceptableGCInterval: 6,690s, TimeSinceLastGC: 2,346s, TimeUntilGC: 4,345s
[2024-02-14T16:49:47.107+0100][debug][gc,alloc       ] Allocation Rate: 3852,0MB/s, Predicted: 3886,7MB/s, Avg: 3752,4(+/-115,7)MB/s
[2024-02-14T16:49:47.108+0100][debug][gc,director    ] Select GC Workers (Normal), AvoidLongGCWorkers: 0,066, AvoidOOMGCWorkers: 0,594, LastGCWorkers: 1,000, GCWorkers: 0,594
[2024-02-14T16:49:47.108+0100][debug][gc,director    ] Rule: Allocation Rate (Dynamic GC Workers), MaxAllocRate: 4267,3MB/s (+/-3,1%), Free: 4904MB, GCCPUTime: 0,664, GCDuration: 0,664s, TimeUntilOOM: 1,115s, TimeUntilGC: 0,350s, GCWorkers: 1 -> 1
[2024-02-14T16:49:47.108+0100][debug][gc,director    ] Rule: High Usage, Free: 4904MB(31,9%)
[2024-02-14T16:49:47.108+0100][debug][gc,director    ] Rule: Proactive, AcceptableGCInterval: 6,690s, TimeSinceLastGC: 2,446s, TimeUntilGC: 4,244s
[2024-02-14T16:49:47.208+0100][debug][gc,alloc       ] Allocation Rate: 3852,0MB/s, Predicted: 3902,4MB/s, Avg: 3771,4(+/-114,9)MB/s
[2024-02-14T16:49:47.208+0100][debug][gc,director    ] Select GC Workers (Normal), AvoidLongGCWorkers: 0,066, AvoidOOMGCWorkers: 0,629, LastGCWorkers: 1,000, GCWorkers: 0,629
[2024-02-14T16:49:47.208+0100][debug][gc,director    ] Rule: Allocation Rate (Dynamic GC Workers), MaxAllocRate: 4280,3MB/s (+/-3,0%), Free: 4650MB, GCCPUTime: 0,664, GCDuration: 0,664s, TimeUntilOOM: 1,054s, TimeUntilGC: 0,290s, GCWorkers: 1 -> 1
[2024-02-14T16:49:47.208+0100][debug][gc,director    ] Rule: High Usage, Free: 4650MB(30,3%)
[2024-02-14T16:49:47.208+0100][debug][gc,director    ] Rule: Proactive, AcceptableGCInterval: 6,690s, TimeSinceLastGC: 2,546s, TimeUntilGC: 4,144s
[2024-02-14T16:49:47.307+0100][debug][gc,alloc       ] Allocation Rate: 3852,0MB/s, Predicted: 3869,2MB/s, Avg: 3804,0(+/-82,2)MB/s
[2024-02-14T16:49:47.307+0100][debug][gc,director    ] Select GC Workers (Normal), AvoidLongGCWorkers: 0,066, AvoidOOMGCWorkers: 0,638, LastGCWorkers: 1,000, GCWorkers: 0,638
[2024-02-14T16:49:47.307+0100][debug][gc,director    ] Rule: Allocation Rate (Dynamic GC Workers), MaxAllocRate: 4139,7MB/s (+/-2,2%), Free: 4396MB, GCCPUTime: 0,664, GCDuration: 0,664s, TimeUntilOOM: 1,039s, TimeUntilGC: 0,275s, GCWorkers: 1 -> 1
[2024-02-14T16:49:47.307+0100][debug][gc,director    ] Rule: High Usage, Free: 4396MB(28,6%)
[2024-02-14T16:49:47.307+0100][debug][gc,director    ] Rule: Proactive, AcceptableGCInterval: 6,690s, TimeSinceLastGC: 2,646s, TimeUntilGC: 4,045s
[2024-02-14T16:49:47.407+0100][debug][gc,alloc       ] Allocation Rate: 3836,0MB/s, Predicted: 3877,2MB/s, Avg: 3809,0(+/-82,5)MB/s
[2024-02-14T16:49:47.407+0100][debug][gc,director    ] Select GC Workers (Normal), AvoidLongGCWorkers: 0,066, AvoidOOMGCWorkers: 0,764, LastGCWorkers: 1,000, GCWorkers: 0,764
[2024-02-14T16:49:47.407+0100][debug][gc,director    ] Rule: Allocation Rate (Dynamic GC Workers), MaxAllocRate: 4148,6MB/s (+/-2,2%), Free: 3682MB, GCCPUTime: 0,664, GCDuration: 0,664s, TimeUntilOOM: 0,869s, TimeUntilGC: 0,104s, GCWorkers: 1 -> 1
[2024-02-14T16:49:47.407+0100][debug][gc,director    ] Rule: High Usage, Free: 3682MB(24,0%)
[2024-02-14T16:49:47.407+0100][debug][gc,director    ] Rule: Proactive, AcceptableGCInterval: 6,690s, TimeSinceLastGC: 2,746s, TimeUntilGC: 3,945s
[2024-02-14T16:49:47.508+0100][debug][gc,alloc       ] Allocation Rate: 3848,0MB/s, Predicted: 3891,5MB/s, Avg: 3813,4(+/-83,3)MB/s
[2024-02-14T16:49:47.508+0100][debug][gc,director    ] Select GC Workers (Normal), AvoidLongGCWorkers: 0,066, AvoidOOMGCWorkers: 0,820, LastGCWorkers: 1,000, GCWorkers: 0,820
[2024-02-14T16:49:47.508+0100][debug][gc,director    ] Rule: Allocation Rate (Dynamic GC Workers), MaxAllocRate: 4165,4MB/s (+/-2,2%), Free: 3444MB, GCCPUTime: 0,664, GCDuration: 0,664s, TimeUntilOOM: 0,809s, TimeUntilGC: 0,045s, GCWorkers: 1 -> 1
[2024-02-14T16:49:47.508+0100][debug][gc,director    ] Rule: High Usage, Free: 3444MB(22,4%)
[2024-02-14T16:49:47.508+0100][debug][gc,director    ] Rule: Proactive, AcceptableGCInterval: 6,690s, TimeSinceLastGC: 2,846s, TimeUntilGC: 3,844s
[2024-02-14T16:49:47.608+0100][debug][gc,alloc       ] Allocation Rate: 3860,0MB/s, Predicted: 3909,7MB/s, Avg: 3818,2(+/-84,4)MB/s
[2024-02-14T16:49:47.608+0100][debug][gc,director    ] Select GC Workers (Normal), AvoidLongGCWorkers: 0,066, AvoidOOMGCWorkers: 0,892, LastGCWorkers: 1,000, GCWorkers: 0,892
[2024-02-14T16:49:47.608+0100][debug][gc,director    ] Rule: Allocation Rate (Dynamic GC Workers), MaxAllocRate: 4187,5MB/s (+/-2,2%), Free: 3184MB, GCCPUTime: 0,664, GCDuration: 0,664s, TimeUntilOOM: 0,744s, TimeUntilGC: -0,020s, GCWorkers: 1 -> 1
[2024-02-14T16:49:47.608+0100][debug][gc,heap        ] GC(16) Heap before GC invocations=16 (full 16):
[2024-02-14T16:49:47.608+0100][debug][gc,heap        ] GC(16)  ZHeap           used 12134M, capacity 14324M, max capacity 15360M
[2024-02-14T16:49:47.608+0100][debug][gc,heap        ] GC(16)  Metaspace       used 31344K, committed 31744K, reserved 1114112K
[2024-02-14T16:49:47.608+0100][debug][gc,heap        ] GC(16)   class space    used 3306K, committed 3520K, reserved 1048576K
[2024-02-14T16:49:47.608+0100][info ][gc,start       ] GC(16) Garbage Collection (Allocation Rate)
[2024-02-14T16:49:47.608+0100][info ][gc,task        ] GC(16) Using 1 workers
[2024-02-14T16:49:47.608+0100][debug][gc,phases,start] GC(16) Pause Mark Start
[2024-02-14T16:49:47.608+0100][debug][gc,marking     ] GC(16) Using 1 mark stripes
[2024-02-14T16:49:47.608+0100][debug][gc,marking     ] GC(16) Mark Worker/Stripe Distribution
[2024-02-14T16:49:47.608+0100][debug][gc,marking     ] GC(16)   Worker 0(1) -> Stripe 0(1)
[2024-02-14T16:49:47.608+0100][info ][gc,phases      ] GC(16) Pause Mark Start 0,052ms
[2024-02-14T16:49:47.608+0100][debug][gc,phases,start] GC(16) Concurrent Mark
[2024-02-14T16:49:47.608+0100][debug][gc,task        ] GC(16) Executing Task: XMarkRootsTask, Active Workers: 1
[2024-02-14T16:49:47.610+0100][debug][gc,tlab        ] GC(16) TLAB totals: thrds: 28  refills: 45062 max: 26797 slow allocs: 6966 max 586 waste:  0,8% gc: 2178800B max: 260512B slow: 86027448B max: 42434944B
[2024-02-14T16:49:47.610+0100][debug][gc,task        ] GC(16) Executing Task: XMarkTask, Active Workers: 1
[2024-02-14T16:49:47.707+0100][debug][gc,alloc       ] Allocation Rate: 3780,0MB/s, Predicted: 3827,2MB/s, Avg: 3839,6(+/-21,3)MB/s
[2024-02-14T16:49:47.807+0100][debug][gc,alloc       ] Allocation Rate: 3846,0MB/s, Predicted: 3828,8MB/s, Avg: 3840,6(+/-21,3)MB/s
[2024-02-14T16:49:47.851+0100][info ][gc,phases      ] GC(16) Concurrent Mark 243,165ms
[2024-02-14T16:49:47.852+0100][debug][gc,phases,start] GC(16) Pause Mark End
[2024-02-14T16:49:47.852+0100][info ][gc,phases      ] GC(16) Pause Mark End 0,031ms
[2024-02-14T16:49:47.852+0100][debug][gc,phases,start] GC(16) Concurrent Mark Free
[2024-02-14T16:49:47.852+0100][info ][gc,phases      ] GC(16) Concurrent Mark Free 0,017ms
[2024-02-14T16:49:47.852+0100][debug][gc,phases,start] GC(16) Concurrent Process Non-Strong References
[2024-02-14T16:49:47.852+0100][debug][gc,phases,start] GC(16) Concurrent References Process
[2024-02-14T16:49:47.852+0100][debug][gc,task        ] GC(16) Executing Task: XReferenceProcessorTask, Active Workers: 1
[2024-02-14T16:49:47.859+0100][debug][gc,phases      ] GC(16) Concurrent References Process 6,844ms
[2024-02-14T16:49:47.859+0100][debug][gc,task        ] GC(16) Executing Task: XProcessWeakRootsTask, Active Workers: 1
[2024-02-14T16:49:47.859+0100][debug][gc,phases,start] GC(16) Concurrent Classes Unlink
[2024-02-14T16:49:47.859+0100][debug][gc,phases,start] GC(16) ClassLoaderData
[2024-02-14T16:49:47.859+0100][debug][gc,phases      ] GC(16) ClassLoaderData 0,030ms
[2024-02-14T16:49:47.859+0100][debug][gc,phases,start] GC(16) Trigger cleanups
[2024-02-14T16:49:47.859+0100][debug][gc,phases      ] GC(16) Trigger cleanups 0,007ms
[2024-02-14T16:49:47.859+0100][debug][gc,task        ] GC(16) Executing Task: XNMethodUnlinkTask, Active Workers: 1
[2024-02-14T16:49:47.863+0100][debug][gc,phases      ] GC(16) Concurrent Classes Unlink 3,895ms
[2024-02-14T16:49:47.863+0100][debug][gc,phases,start] GC(16) Concurrent Classes Purge
[2024-02-14T16:49:47.863+0100][debug][gc,nmethod     ] GC(16) Unregister NMethod: sun.nio.ch.FileChannelImpl.read (0x00007f9f0bb59e90)
[2024-02-14T16:49:47.863+0100][debug][gc,nmethod     ] GC(16) Unregister NMethod: java.util.stream.AbstractPipeline.<init> (0x00007f9f0bd4b910)
[2024-02-14T16:49:47.863+0100][debug][gc,nmethod     ] GC(16) Unregister NMethod: io.sirix.page.delegates.FullReferencesPage.<init> (0x00007f9f0c141c90)
[2024-02-14T16:49:47.863+0100][debug][gc,nmethod     ] GC(16) Unregister NMethod: io.sirix.page.RevisionRootPage.getIndirectDocumentIndexPageReference (0x00007f9f0bd50590)
[2024-02-14T16:49:47.863+0100][debug][gc,nmethod     ] GC(16) Unregister NMethod: java.util.concurrent.ForkJoinTask.casStatus (0x00007f9f0be21110)
[2024-02-14T16:49:47.863+0100][debug][gc,nmethod     ] GC(16) Unregister NMethod: it.unimi.dsi.fastutil.shorts.ShortListIterator.next (0x00007f9f0c063190)
[2024-02-14T16:49:47.863+0100][debug][gc,phases      ] GC(16) Concurrent Classes Purge 0,077ms
[2024-02-14T16:49:47.863+0100][debug][gc,phases,start] GC(16) Concurrent References Enqueue
[2024-02-14T16:49:47.863+0100][debug][gc,phases      ] GC(16) Concurrent References Enqueue 0,009ms
[2024-02-14T16:49:47.863+0100][info ][gc,phases      ] GC(16) Concurrent Process Non-Strong References 11,628ms
[2024-02-14T16:49:47.863+0100][debug][gc,phases,start] GC(16) Concurrent Reset Relocation Set
[2024-02-14T16:49:47.863+0100][info ][gc,phases      ] GC(16) Concurrent Reset Relocation Set 0,085ms
[2024-02-14T16:49:47.863+0100][debug][gc,phases,start] GC(16) Concurrent Select Relocation Set
[2024-02-14T16:49:47.865+0100][debug][gc,task        ] GC(16) Executing Task: XRelocationSetInstallTask, Active Workers: 1
[2024-02-14T16:49:47.865+0100][info ][gc,phases      ] GC(16) Concurrent Select Relocation Set 1,974ms
[2024-02-14T16:49:47.866+0100][debug][gc,phases,start] GC(16) Pause Relocate Start
[2024-02-14T16:49:47.866+0100][info ][gc,phases      ] GC(16) Pause Relocate Start 0,024ms
[2024-02-14T16:49:47.866+0100][debug][gc,phases,start] GC(16) Concurrent Relocate
[2024-02-14T16:49:47.866+0100][debug][gc,task        ] GC(16) Executing Task: XRelocateTask, Active Workers: 1
[2024-02-14T16:49:47.879+0100][info ][gc,phases      ] GC(16) Concurrent Relocate 13,403ms
[2024-02-14T16:49:47.879+0100][debug][gc,heap        ] GC(16) Heap after GC invocations=17 (full 17):
[2024-02-14T16:49:47.879+0100][debug][gc,heap        ] GC(16)  ZHeap           used 1594M, capacity 14324M, max capacity 15360M
[2024-02-14T16:49:47.879+0100][debug][gc,heap        ] GC(16)  Metaspace       used 31344K, committed 31744K, reserved 1114112K
[2024-02-14T16:49:47.879+0100][debug][gc,heap        ] GC(16)   class space    used 3306K, committed 3520K, reserved 1048576K
[2024-02-14T16:49:47.879+0100][info ][gc,load        ] GC(16) Load: 2,19/1,43/1,60
[2024-02-14T16:49:47.879+0100][info ][gc,mmu         ] GC(16) MMU: 2ms/92,8%, 5ms/97,1%, 10ms/98,6%, 20ms/99,1%, 50ms/99,6%, 100ms/99,8%
[2024-02-14T16:49:47.879+0100][info ][gc,marking     ] GC(16) Mark: 1 stripe(s), 2 proactive flush(es), 1 terminate flush(es), 0 completion(s), 0 continuation(s) 
[2024-02-14T16:49:47.879+0100][info ][gc,marking     ] GC(16) Mark Stack Usage: 32M
[2024-02-14T16:49:47.879+0100][info ][gc,nmethod     ] GC(16) NMethods: 4035 registered, 1164 unregistered
[2024-02-14T16:49:47.879+0100][info ][gc,metaspace   ] GC(16) Metaspace: 30M used, 31M committed, 1088M reserved
[2024-02-14T16:49:47.879+0100][info ][gc,ref         ] GC(16) Soft: 3825 encountered, 0 discovered, 0 enqueued
[2024-02-14T16:49:47.879+0100][info ][gc,ref         ] GC(16) Weak: 1905 encountered, 462 discovered, 0 enqueued
[2024-02-14T16:49:47.879+0100][info ][gc,ref         ] GC(16) Final: 18924 encountered, 18924 discovered, 18924 enqueued
[2024-02-14T16:49:47.879+0100][info ][gc,ref         ] GC(16) Phantom: 19359 encountered, 19209 discovered, 18975 enqueued
[2024-02-14T16:49:47.879+0100][info ][gc,reloc       ] GC(16) Small Pages: 6051 / 12102M, Empty: 6472M, Relocated: 5M, In-Place: 0
[2024-02-14T16:49:47.879+0100][info ][gc,reloc       ] GC(16) Medium Pages: 1 / 32M, Empty: 0M, Relocated: 0M, In-Place: 0
[2024-02-14T16:49:47.879+0100][info ][gc,reloc       ] GC(16) Large Pages: 0 / 0M, Empty: 0M, Relocated: 0M, In-Place: 0
[2024-02-14T16:49:47.879+0100][info ][gc,reloc       ] GC(16) Forwarding Usage: 2M
[2024-02-14T16:49:47.879+0100][info ][gc,heap        ] GC(16) Min Capacity: 5120M(33%)
[2024-02-14T16:49:47.879+0100][info ][gc,heap        ] GC(16) Max Capacity: 15360M(100%)
[2024-02-14T16:49:47.879+0100][info ][gc,heap        ] GC(16) Soft Max Capacity: 15360M(100%)
[2024-02-14T16:49:47.879+0100][info ][gc,heap        ] GC(16)                Mark Start          Mark End        Relocate Start      Relocate End           High               Low         
[2024-02-14T16:49:47.879+0100][info ][gc,heap        ] GC(16)  Capacity:    14324M (93%)       14324M (93%)       14324M (93%)       14324M (93%)       14324M (93%)       14324M (93%)    
[2024-02-14T16:49:47.879+0100][info ][gc,heap        ] GC(16)      Free:     3226M (21%)        2210M (14%)        8646M (56%)       13768M (90%)       13768M (90%)        2178M (14%)    
[2024-02-14T16:49:47.879+0100][info ][gc,heap        ] GC(16)      Used:    12134M (79%)       13150M (86%)        6714M (44%)        1592M (10%)       13182M (86%)        1592M (10%)    
[2024-02-14T16:49:47.879+0100][info ][gc,heap        ] GC(16)      Live:         -               368M (2%)          368M (2%)          368M (2%)             -                  -          
[2024-02-14T16:49:47.879+0100][info ][gc,heap        ] GC(16) Allocated:         -              1016M (7%)         1052M (7%)         1084M (7%)             -                  -          
[2024-02-14T16:49:47.879+0100][info ][gc,heap        ] GC(16)   Garbage:         -             11765M (77%)        5293M (34%)         138M (1%)             -                  -          
[2024-02-14T16:49:47.879+0100][info ][gc,heap        ] GC(16) Reclaimed:         -                  -              6472M (42%)       11626M (76%)            -                  -          
[2024-02-14T16:49:47.879+0100][info ][gc             ] GC(16) Garbage Collection (Allocation Rate) 12134M(79%)->1592M(10%)
[2024-02-14T16:49:47.907+0100][debug][gc,alloc       ] Allocation Rate: 3832,0MB/s, Predicted: 3825,2MB/s, Avg: 3839,8(+/-21,5)MB/s
[2024-02-14T16:49:47.908+0100][debug][gc,director    ] Select GC Workers (Normal), AvoidLongGCWorkers: 0,048, AvoidOOMGCWorkers: 0,139, LastGCWorkers: 1,000, GCWorkers: 0,139
[2024-02-14T16:49:47.908+0100][debug][gc,director    ] Rule: Allocation Rate (Dynamic GC Workers), MaxAllocRate: 3910,5MB/s (+/-0,6%), Free: 13652MB, GCCPUTime: 0,485, GCDuration: 0,485s, TimeUntilOOM: 3,472s, TimeUntilGC: 2,887s, GCWorkers: 1 -> 1
[2024-02-14T16:49:47.908+0100][debug][gc,director    ] Rule: High Usage, Free: 13652MB(88,9%)
[2024-02-14T16:49:47.908+0100][debug][gc,director    ] Rule: Proactive, UsedUntilEnabled: 1462MB, TimeUntilEnabled: 299,972s
[2024-02-14T16:49:48.008+0100][debug][gc,alloc       ] Allocation Rate: 3794,0MB/s, Predicted: 3806,9MB/s, Avg: 3835,2(+/-25,5)MB/s
[2024-02-14T16:49:48.008+0100][debug][gc,director    ] Select GC Workers (Normal), AvoidLongGCWorkers: 0,048, AvoidOOMGCWorkers: 0,141, LastGCWorkers: 1,000, GCWorkers: 0,141
[2024-02-14T16:49:48.008+0100][debug][gc,director    ] Rule: Allocation Rate (Dynamic GC Workers), MaxAllocRate: 3919,1MB/s (+/-0,7%), Free: 13434MB, GCCPUTime: 0,485, GCDuration: 0,485s, TimeUntilOOM: 3,405s, TimeUntilGC: 2,820s, GCWorkers: 1 -> 1
[2024-02-14T16:49:48.008+0100][debug][gc,director    ] Rule: High Usage, Free: 13434MB(87,5%)
[2024-02-14T16:49:48.008+0100][debug][gc,director    ] Rule: Proactive, UsedUntilEnabled: 1244MB, TimeUntilEnabled: 299,871s
[2024-02-14T16:49:48.108+0100][debug][gc,alloc       ] Allocation Rate: 3444,0MB/s, Predicted: 3654,9MB/s, Avg: 3794,4(+/-119,4)MB/s
[2024-02-14T16:49:48.108+0100][debug][gc,director    ] Select GC Workers (Normal), AvoidLongGCWorkers: 0,048, AvoidOOMGCWorkers: 0,159, LastGCWorkers: 1,000, GCWorkers: 0,159
[2024-02-14T16:49:48.108+0100][debug][gc,director    ] Rule: Allocation Rate (Dynamic GC Workers), MaxAllocRate: 4187,3MB/s (+/-3,1%), Free: 13084MB, GCCPUTime: 0,485, GCDuration: 0,485s, TimeUntilOOM: 3,029s, TimeUntilGC: 2,444s, GCWorkers: 1 -> 1
[2024-02-14T16:49:48.108+0100][debug][gc,director    ] Rule: High Usage, Free: 13084MB(85,2%)
[2024-02-14T16:49:48.108+0100][debug][gc,director    ] Rule: Proactive, UsedUntilEnabled: 892MB, TimeUntilEnabled: 299,771s
[2024-02-14T16:49:48.207+0100][debug][gc,alloc       ] Allocation Rate: 3732,0MB/s, Predicted: 3645,3MB/s, Avg: 3782,4(+/-119,1)MB/s
[2024-02-14T16:49:48.207+0100][debug][gc,director    ] Select GC Workers (Normal), AvoidLongGCWorkers: 0,048, AvoidOOMGCWorkers: 0,165, LastGCWorkers: 1,000, GCWorkers: 0,165
[2024-02-14T16:49:48.207+0100][debug][gc,director    ] Rule: Allocation Rate (Dynamic GC Workers), MaxAllocRate: 4174,2MB/s (+/-3,1%), Free: 12546MB, GCCPUTime: 0,485, GCDuration: 0,485s, TimeUntilOOM: 2,914s, TimeUntilGC: 2,329s, GCWorkers: 1 -> 1
[2024-02-14T16:49:48.207+0100][debug][gc,director    ] Rule: High Usage, Free: 12546MB(81,7%)
[2024-02-14T16:49:48.207+0100][debug][gc,director    ] Rule: Proactive, UsedUntilEnabled: 356MB, TimeUntilEnabled: 299,672s
[2024-02-14T16:49:48.307+0100][debug][gc,alloc       ] Allocation Rate: 3734,0MB/s, Predicted: 3644,5MB/s, Avg: 3770,6(+/-117,4)MB/s
[2024-02-14T16:49:48.307+0100][debug][gc,director    ] Select GC Workers (Normal), AvoidLongGCWorkers: 0,048, AvoidOOMGCWorkers: 0,168, LastGCWorkers: 1,000, GCWorkers: 0,168
[2024-02-14T16:49:48.307+0100][debug][gc,director    ] Rule: Allocation Rate (Dynamic GC Workers), MaxAllocRate: 4156,9MB/s (+/-3,1%), Free: 12290MB, GCCPUTime: 0,485, GCDuration: 0,485s, TimeUntilOOM: 2,867s, TimeUntilGC: 2,282s, GCWorkers: 1 -> 1
[2024-02-14T16:49:48.307+0100][debug][gc,director    ] Rule: High Usage, Free: 12290MB(80,0%)
[2024-02-14T16:49:48.307+0100][debug][gc,director    ] Rule: Proactive, UsedUntilEnabled: 100MB, TimeUntilEnabled: 299,572s
[2024-02-14T16:49:48.408+0100][debug][gc,alloc       ] Allocation Rate: 3282,0MB/s, Predicted: 3466,5MB/s, Avg: 3715,2(+/-184,8)MB/s
[2024-02-14T16:49:48.408+0100][debug][gc,director    ] Select GC Workers (Normal), AvoidLongGCWorkers: 0,048, AvoidOOMGCWorkers: 0,182, LastGCWorkers: 1,000, GCWorkers: 0,182
[2024-02-14T16:49:48.408+0100][debug][gc,director    ] Rule: Allocation Rate (Dynamic GC Workers), MaxAllocRate: 4323,4MB/s (+/-5,0%), Free: 12028MB, GCCPUTime: 0,485, GCDuration: 0,485s, TimeUntilOOM: 2,650s, TimeUntilGC: 2,065s, GCWorkers: 1 -> 1
[2024-02-14T16:49:48.408+0100][debug][gc,director    ] Rule: High Usage, Free: 12026MB(78,3%)
[2024-02-14T16:49:48.408+0100][debug][gc,director    ] Rule: Proactive, AcceptableGCInterval: 4,926s, TimeSinceLastGC: 0,529s, TimeUntilGC: 4,398s
[2024-02-14T16:49:48.508+0100][debug][gc,alloc       ] Allocation Rate: 3746,0MB/s, Predicted: 3514,3MB/s, Avg: 3705,0(+/-180,0)MB/s
[2024-02-14T16:49:48.508+0100][debug][gc,director    ] Select GC Workers (Normal), AvoidLongGCWorkers: 0,048, AvoidOOMGCWorkers: 0,191, LastGCWorkers: 1,000, GCWorkers: 0,191
[2024-02-14T16:49:48.508+0100][debug][gc,director    ] Rule: Allocation Rate (Dynamic GC Workers), MaxAllocRate: 4297,2MB/s (+/-4,9%), Free: 11326MB, GCCPUTime: 0,485, GCDuration: 0,485s, TimeUntilOOM: 2,514s, TimeUntilGC: 1,929s, GCWorkers: 1 -> 1
[2024-02-14T16:49:48.508+0100][debug][gc,director    ] Rule: High Usage, Free: 11326MB(73,7%)
[2024-02-14T16:49:48.508+0100][debug][gc,director    ] Rule: Proactive, AcceptableGCInterval: 4,926s, TimeSinceLastGC: 0,629s, TimeUntilGC: 4,297s
[2024-02-14T16:49:48.607+0100][debug][gc,alloc       ] Allocation Rate: 3738,0MB/s, Predicted: 3568,8MB/s, Avg: 3692,8(+/-173,0)MB/s
[2024-02-14T16:49:48.607+0100][debug][gc,director    ] Select GC Workers (Normal), AvoidLongGCWorkers: 0,048, AvoidOOMGCWorkers: 0,194, LastGCWorkers: 1,000, GCWorkers: 0,194
[2024-02-14T16:49:48.607+0100][debug][gc,director    ] Rule: Allocation Rate (Dynamic GC Workers), MaxAllocRate: 4262,2MB/s (+/-4,7%), Free: 11074MB, GCCPUTime: 0,485, GCDuration: 0,485s, TimeUntilOOM: 2,482s, TimeUntilGC: 1,897s, GCWorkers: 1 -> 1
[2024-02-14T16:49:48.607+0100][debug][gc,director    ] Rule: High Usage, Free: 11074MB(72,1%)
[2024-02-14T16:49:48.607+0100][debug][gc,director    ] Rule: Proactive, AcceptableGCInterval: 4,926s, TimeSinceLastGC: 0,728s, TimeUntilGC: 4,198s
[2024-02-14T16:49:48.708+0100][debug][gc,alloc       ] Allocation Rate: 3768,0MB/s, Predicted: 3622,1MB/s, Avg: 3691,6(+/-172,5)MB/s
[2024-02-14T16:49:48.708+0100][debug][gc,director    ] Select GC Workers (Normal), AvoidLongGCWorkers: 0,048, AvoidOOMGCWorkers: 0,198, LastGCWorkers: 1,000, GCWorkers: 0,198
[2024-02-14T16:49:48.708+0100][debug][gc,director    ] Rule: Allocation Rate (Dynamic GC Workers), MaxAllocRate: 4259,2MB/s (+/-4,7%), Free: 10816MB, GCCPUTime: 0,485, GCDuration: 0,485s, TimeUntilOOM: 2,426s, TimeUntilGC: 1,841s, GCWorkers: 1 -> 1
[2024-02-14T16:49:48.708+0100][debug][gc,director    ] Rule: High Usage, Free: 10816MB(70,4%)
[2024-02-14T16:49:48.708+0100][debug][gc,director    ] Rule: Proactive, AcceptableGCInterval: 4,926s, TimeSinceLastGC: 0,828s, TimeUntilGC: 4,098s
[2024-02-14T16:49:48.808+0100][debug][gc,alloc       ] Allocation Rate: 3788,0MB/s, Predicted: 3701,9MB/s, Avg: 3685,8(+/-168,1)MB/s
[2024-02-14T16:49:48.808+0100][debug][gc,director    ] Select GC Workers (Normal), AvoidLongGCWorkers: 0,048, AvoidOOMGCWorkers: 0,212, LastGCWorkers: 1,000, GCWorkers: 0,212
[2024-02-14T16:49:48.808+0100][debug][gc,director    ] Rule: Allocation Rate (Dynamic GC Workers), MaxAllocRate: 4255,0MB/s (+/-4,6%), Free: 10102MB, GCCPUTime: 0,485, GCDuration: 0,485s, TimeUntilOOM: 2,271s, TimeUntilGC: 1,686s, GCWorkers: 1 -> 1
[2024-02-14T16:49:48.808+0100][debug][gc,director    ] Rule: High Usage, Free: 10102MB(65,8%)
[2024-02-14T16:49:48.808+0100][debug][gc,director    ] Rule: Proactive, AcceptableGCInterval: 4,926s, TimeSinceLastGC: 0,929s, TimeUntilGC: 3,997s
[2024-02-14T16:49:48.907+0100][debug][gc,alloc       ] Allocation Rate: 3788,0MB/s, Predicted: 3781,7MB/s, Avg: 3681,4(+/-164,8)MB/s
[2024-02-14T16:49:48.907+0100][debug][gc,director    ] Select GC Workers (Normal), AvoidLongGCWorkers: 0,048, AvoidOOMGCWorkers: 0,220, LastGCWorkers: 1,000, GCWorkers: 0,220
[2024-02-14T16:49:48.907+0100][debug][gc,director    ] Rule: Allocation Rate (Dynamic GC Workers), MaxAllocRate: 4323,9MB/s (+/-4,5%), Free: 9864MB, GCCPUTime: 0,485, GCDuration: 0,485s, TimeUntilOOM: 2,184s, TimeUntilGC: 1,599s, GCWorkers: 1 -> 1
[2024-02-14T16:49:48.907+0100][debug][gc,director    ] Rule: High Usage, Free: 9864MB(64,2%)
[2024-02-14T16:49:48.907+0100][debug][gc,director    ] Rule: Proactive, AcceptableGCInterval: 4,926s, TimeSinceLastGC: 1,028s, TimeUntilGC: 3,898s
[2024-02-14T16:49:49.007+0100][debug][gc,alloc       ] Allocation Rate: 3828,0MB/s, Predicted: 3870,4MB/s, Avg: 3684,8(+/-167,4)MB/s
[2024-02-14T16:49:49.007+0100][debug][gc,director    ] Select GC Workers (Normal), AvoidLongGCWorkers: 0,048, AvoidOOMGCWorkers: 0,232, LastGCWorkers: 1,000, GCWorkers: 0,232
[2024-02-14T16:49:49.007+0100][debug][gc,director    ] Rule: Allocation Rate (Dynamic GC Workers), MaxAllocRate: 4421,2MB/s (+/-4,5%), Free: 9606MB, GCCPUTime: 0,485, GCDuration: 0,485s, TimeUntilOOM: 2,078s, TimeUntilGC: 1,493s, GCWorkers: 1 -> 1
[2024-02-14T16:49:49.007+0100][debug][gc,director    ] Rule: High Usage, Free: 9606MB(62,5%)
[2024-02-14T16:49:49.007+0100][debug][gc,director    ] Rule: Proactive, AcceptableGCInterval: 4,926s, TimeSinceLastGC: 1,128s, TimeUntilGC: 3,798s
[2024-02-14T16:49:49.108+0100][debug][gc,alloc       ] Allocation Rate: 3960,0MB/s, Predicted: 3916,3MB/s, Avg: 3736,4(+/-164,7)MB/s
[2024-02-14T16:49:49.108+0100][debug][gc,director    ] Select GC Workers (Normal), AvoidLongGCWorkers: 0,048, AvoidOOMGCWorkers: 0,246, LastGCWorkers: 1,000, GCWorkers: 0,246
[2024-02-14T16:49:49.108+0100][debug][gc,director    ] Rule: Allocation Rate (Dynamic GC Workers), MaxAllocRate: 4458,3MB/s (+/-4,4%), Free: 9124MB, GCCPUTime: 0,485, GCDuration: 0,485s, TimeUntilOOM: 1,960s, TimeUntilGC: 1,375s, GCWorkers: 1 -> 1
[2024-02-14T16:49:49.108+0100][debug][gc,director    ] Rule: High Usage, Free: 9124MB(59,4%)
[2024-02-14T16:49:49.108+0100][debug][gc,director    ] Rule: Proactive, AcceptableGCInterval: 4,926s, TimeSinceLastGC: 1,229s, TimeUntilGC: 3,698s
[2024-02-14T16:49:49.208+0100][debug][gc,alloc       ] Allocation Rate: 3898,0MB/s, Predicted: 3979,7MB/s, Avg: 3753,0(+/-171,7)MB/s
[2024-02-14T16:49:49.208+0100][debug][gc,director    ] Select GC Workers (Normal), AvoidLongGCWorkers: 0,048, AvoidOOMGCWorkers: 0,265, LastGCWorkers: 1,000, GCWorkers: 0,265
[2024-02-14T16:49:49.208+0100][debug][gc,director    ] Rule: Allocation Rate (Dynamic GC Workers), MaxAllocRate: 4544,6MB/s (+/-4,6%), Free: 8648MB, GCCPUTime: 0,485, GCDuration: 0,485s, TimeUntilOOM: 1,820s, TimeUntilGC: 1,235s, GCWorkers: 1 -> 1
[2024-02-14T16:49:49.208+0100][debug][gc,director    ] Rule: High Usage, Free: 8648MB(56,3%)
[2024-02-14T16:49:49.208+0100][debug][gc,director    ] Rule: Proactive, AcceptableGCInterval: 4,926s, TimeSinceLastGC: 1,329s, TimeUntilGC: 3,597s
[2024-02-14T16:49:49.307+0100][debug][gc,alloc       ] Allocation Rate: 3854,0MB/s, Predicted: 4015,1MB/s, Avg: 3765,0(+/-174,1)MB/s
[2024-02-14T16:49:49.307+0100][debug][gc,director    ] Select GC Workers (Normal), AvoidLongGCWorkers: 0,048, AvoidOOMGCWorkers: 0,274, LastGCWorkers: 1,000, GCWorkers: 0,274
[2024-02-14T16:49:49.307+0100][debug][gc,director    ] Rule: Allocation Rate (Dynamic GC Workers), MaxAllocRate: 4587,9MB/s (+/-4,6%), Free: 8436MB, GCCPUTime: 0,485, GCDuration: 0,485s, TimeUntilOOM: 1,757s, TimeUntilGC: 1,173s, GCWorkers: 1 -> 1
[2024-02-14T16:49:49.307+0100][debug][gc,director    ] Rule: High Usage, Free: 8436MB(54,9%)
[2024-02-14T16:49:49.307+0100][debug][gc,director    ] Rule: Proactive, AcceptableGCInterval: 4,926s, TimeSinceLastGC: 1,428s, TimeUntilGC: 3,498s
[2024-02-14T16:49:49.407+0100][debug][gc,alloc       ] Allocation Rate: 3854,0MB/s, Predicted: 3921,9MB/s, Avg: 3822,2(+/-67,1)MB/s
[2024-02-14T16:49:49.407+0100][debug][gc,director    ] Select GC Workers (Normal), AvoidLongGCWorkers: 0,048, AvoidOOMGCWorkers: 0,248, LastGCWorkers: 1,000, GCWorkers: 0,248
[2024-02-14T16:49:49.407+0100][debug][gc,director    ] Rule: Allocation Rate (Dynamic GC Workers), MaxAllocRate: 4142,5MB/s (+/-1,8%), Free: 8174MB, GCCPUTime: 0,485, GCDuration: 0,485s, TimeUntilOOM: 1,939s, TimeUntilGC: 1,354s, GCWorkers: 1 -> 1
[2024-02-14T16:49:49.407+0100][debug][gc,director    ] Rule: High Usage, Free: 8174MB(53,2%)
[2024-02-14T16:49:49.407+0100][debug][gc,director    ] Rule: Proactive, AcceptableGCInterval: 4,926s, TimeSinceLastGC: 1,528s, TimeUntilGC: 3,398s
[2024-02-14T16:49:49.508+0100][debug][gc,alloc       ] Allocation Rate: 3856,0MB/s, Predicted: 3915,1MB/s, Avg: 3833,2(+/-62,5)MB/s
[2024-02-14T16:49:49.508+0100][debug][gc,director    ] Select GC Workers (Normal), AvoidLongGCWorkers: 0,048, AvoidOOMGCWorkers: 0,270, LastGCWorkers: 1,000, GCWorkers: 0,270
[2024-02-14T16:49:49.508+0100][debug][gc,director    ] Rule: Allocation Rate (Dynamic GC Workers), MaxAllocRate: 4120,8MB/s (+/-1,6%), Free: 7470MB, GCCPUTime: 0,485, GCDuration: 0,485s, TimeUntilOOM: 1,784s, TimeUntilGC: 1,199s, GCWorkers: 1 -> 1
[2024-02-14T16:49:49.508+0100][debug][gc,director    ] Rule: High Usage, Free: 7470MB(48,6%)
[2024-02-14T16:49:49.508+0100][debug][gc,director    ] Rule: Proactive, AcceptableGCInterval: 4,926s, TimeSinceLastGC: 1,629s, TimeUntilGC: 3,298s
[2024-02-14T16:49:49.608+0100][debug][gc,alloc       ] Allocation Rate: 3858,0MB/s, Predicted: 3899,6MB/s, Avg: 3845,2(+/-54,0)MB/s
[2024-02-14T16:49:49.608+0100][debug][gc,director    ] Select GC Workers (Normal), AvoidLongGCWorkers: 0,048, AvoidOOMGCWorkers: 0,276, LastGCWorkers: 1,000, GCWorkers: 0,276
[2024-02-14T16:49:49.608+0100][debug][gc,director    ] Rule: Allocation Rate (Dynamic GC Workers), MaxAllocRate: 4077,4MB/s (+/-1,4%), Free: 7214MB, GCCPUTime: 0,485, GCDuration: 0,485s, TimeUntilOOM: 1,745s, TimeUntilGC: 1,160s, GCWorkers: 1 -> 1
[2024-02-14T16:49:49.608+0100][debug][gc,director    ] Rule: High Usage, Free: 7214MB(47,0%)
[2024-02-14T16:49:49.608+0100][debug][gc,director    ] Rule: Proactive, AcceptableGCInterval: 4,926s, TimeSinceLastGC: 1,729s, TimeUntilGC: 3,197s
[2024-02-14T16:49:49.707+0100][debug][gc,alloc       ] Allocation Rate: 3852,0MB/s, Predicted: 3881,7MB/s, Avg: 3853,6(+/-47,5)MB/s
[2024-02-14T16:49:49.707+0100][debug][gc,director    ] Select GC Workers (Normal), AvoidLongGCWorkers: 0,048, AvoidOOMGCWorkers: 0,283, LastGCWorkers: 1,000, GCWorkers: 0,283
[2024-02-14T16:49:49.707+0100][debug][gc,director    ] Rule: Allocation Rate (Dynamic GC Workers), MaxAllocRate: 4038,1MB/s (+/-1,2%), Free: 6964MB, GCCPUTime: 0,485, GCDuration: 0,485s, TimeUntilOOM: 1,704s, TimeUntilGC: 1,119s, GCWorkers: 1 -> 1
[2024-02-14T16:49:49.707+0100][debug][gc,director    ] Rule: High Usage, Free: 6964MB(45,3%)
[2024-02-14T16:49:49.707+0100][debug][gc,director    ] Rule: Proactive, AcceptableGCInterval: 4,926s, TimeSinceLastGC: 1,828s, TimeUntilGC: 3,098s
[2024-02-14T16:49:49.807+0100][debug][gc,alloc       ] Allocation Rate: 3854,0MB/s, Predicted: 3864,4MB/s, Avg: 3860,2(+/-42,2)MB/s
[2024-02-14T16:49:49.807+0100][debug][gc,director    ] Select GC Workers (Normal), AvoidLongGCWorkers: 0,048, AvoidOOMGCWorkers: 0,312, LastGCWorkers: 1,000, GCWorkers: 0,312
[2024-02-14T16:49:49.807+0100][debug][gc,director    ] Rule: Allocation Rate (Dynamic GC Workers), MaxAllocRate: 4003,4MB/s (+/-1,1%), Free: 6248MB, GCCPUTime: 0,485, GCDuration: 0,485s, TimeUntilOOM: 1,544s, TimeUntilGC: 0,959s, GCWorkers: 1 -> 1
[2024-02-14T16:49:49.807+0100][debug][gc,director    ] Rule: High Usage, Free: 6248MB(40,7%)
[2024-02-14T16:49:49.807+0100][debug][gc,director    ] Rule: Proactive, AcceptableGCInterval: 4,926s, TimeSinceLastGC: 1,928s, TimeUntilGC: 2,998s
[2024-02-14T16:49:49.907+0100][debug][gc,alloc       ] Allocation Rate: 3840,0MB/s, Predicted: 3837,1MB/s, Avg: 3865,4(+/-35,7)MB/s
[2024-02-14T16:49:49.908+0100][debug][gc,director    ] Select GC Workers (Normal), AvoidLongGCWorkers: 0,048, AvoidOOMGCWorkers: 0,322, LastGCWorkers: 1,000, GCWorkers: 0,322
[2024-02-14T16:49:49.908+0100][debug][gc,director    ] Rule: Allocation Rate (Dynamic GC Workers), MaxAllocRate: 3983,0MB/s (+/-0,9%), Free: 6024MB, GCCPUTime: 0,485, GCDuration: 0,485s, TimeUntilOOM: 1,499s, TimeUntilGC: 0,914s, GCWorkers: 1 -> 1
[2024-02-14T16:49:49.908+0100][debug][gc,director    ] Rule: High Usage, Free: 6024MB(39,2%)
[2024-02-14T16:49:49.908+0100][debug][gc,director    ] Rule: Proactive, AcceptableGCInterval: 4,926s, TimeSinceLastGC: 2,028s, TimeUntilGC: 2,898s
[2024-02-14T16:49:50.008+0100][debug][gc,alloc       ] Allocation Rate: 3836,0MB/s, Predicted: 3815,3MB/s, Avg: 3866,2(+/-35,0)MB/s
[2024-02-14T16:49:50.008+0100][debug][gc,director    ] Select GC Workers (Normal), AvoidLongGCWorkers: 0,048, AvoidOOMGCWorkers: 0,336, LastGCWorkers: 1,000, GCWorkers: 0,336
[2024-02-14T16:49:50.008+0100][debug][gc,director    ] Rule: Allocation Rate (Dynamic GC Workers), MaxAllocRate: 3981,3MB/s (+/-0,9%), Free: 5770MB, GCCPUTime: 0,485, GCDuration: 0,485s, TimeUntilOOM: 1,436s, TimeUntilGC: 0,851s, GCWorkers: 1 -> 1
[2024-02-14T16:49:50.008+0100][debug][gc,director    ] Rule: High Usage, Free: 5770MB(37,6%)
[2024-02-14T16:49:50.008+0100][debug][gc,director    ] Rule: Proactive, AcceptableGCInterval: 4,926s, TimeSinceLastGC: 2,129s, TimeUntilGC: 2,797s
[2024-02-14T16:49:50.108+0100][debug][gc,alloc       ] Allocation Rate: 3644,0MB/s, Predicted: 3751,5MB/s, Avg: 3834,6(+/-65,4)MB/s
[2024-02-14T16:49:50.108+0100][debug][gc,director    ] Select GC Workers (Normal), AvoidLongGCWorkers: 0,048, AvoidOOMGCWorkers: 0,362, LastGCWorkers: 1,000, GCWorkers: 0,362
[2024-02-14T16:49:50.108+0100][debug][gc,director    ] Rule: Allocation Rate (Dynamic GC Workers), MaxAllocRate: 4049,9MB/s (+/-1,7%), Free: 5484MB, GCCPUTime: 0,485, GCDuration: 0,485s, TimeUntilOOM: 1,331s, TimeUntilGC: 0,746s, GCWorkers: 1 -> 1
[2024-02-14T16:49:50.108+0100][debug][gc,director    ] Rule: High Usage, Free: 5484MB(35,7%)
[2024-02-14T16:49:50.108+0100][debug][gc,director    ] Rule: Proactive, AcceptableGCInterval: 4,926s, TimeSinceLastGC: 2,229s, TimeUntilGC: 2,697s
[2024-02-14T16:49:50.207+0100][debug][gc,alloc       ] Allocation Rate: 3808,0MB/s, Predicted: 3757,7MB/s, Avg: 3825,6(+/-62,2)MB/s
[2024-02-14T16:49:50.207+0100][debug][gc,director    ] Select GC Workers (Normal), AvoidLongGCWorkers: 0,048, AvoidOOMGCWorkers: 0,408, LastGCWorkers: 1,000, GCWorkers: 0,408
[2024-02-14T16:49:50.207+0100][debug][gc,director    ] Rule: Allocation Rate (Dynamic GC Workers), MaxAllocRate: 4030,3MB/s (+/-1,6%), Free: 4840MB, GCCPUTime: 0,485, GCDuration: 0,485s, TimeUntilOOM: 1,182s, TimeUntilGC: 0,597s, GCWorkers: 1 -> 1
[2024-02-14T16:49:50.207+0100][debug][gc,director    ] Rule: High Usage, Free: 4840MB(31,5%)
[2024-02-14T16:49:50.207+0100][debug][gc,director    ] Rule: Proactive, AcceptableGCInterval: 4,926s, TimeSinceLastGC: 2,328s, TimeUntilGC: 2,598s
[2024-02-14T16:49:50.307+0100][debug][gc,alloc       ] Allocation Rate: 3852,0MB/s, Predicted: 3775,9MB/s, Avg: 3825,4(+/-62,1)MB/s
[2024-02-14T16:49:50.307+0100][debug][gc,director    ] Select GC Workers (Normal), AvoidLongGCWorkers: 0,048, AvoidOOMGCWorkers: 0,431, LastGCWorkers: 1,000, GCWorkers: 0,431
[2024-02-14T16:49:50.307+0100][debug][gc,director    ] Rule: Allocation Rate (Dynamic GC Workers), MaxAllocRate: 4029,8MB/s (+/-1,6%), Free: 4584MB, GCCPUTime: 0,485, GCDuration: 0,485s, TimeUntilOOM: 1,119s, TimeUntilGC: 0,534s, GCWorkers: 1 -> 1
[2024-02-14T16:49:50.307+0100][debug][gc,director    ] Rule: High Usage, Free: 4584MB(29,8%)
[2024-02-14T16:49:50.307+0100][debug][gc,director    ] Rule: Proactive, AcceptableGCInterval: 4,926s, TimeSinceLastGC: 2,428s, TimeUntilGC: 2,498s
[2024-02-14T16:49:50.408+0100][debug][gc,alloc       ] Allocation Rate: 3848,0MB/s, Predicted: 3792,5MB/s, Avg: 3824,8(+/-61,9)MB/s
[2024-02-14T16:49:50.408+0100][debug][gc,director    ] Select GC Workers (Normal), AvoidLongGCWorkers: 0,048, AvoidOOMGCWorkers: 0,457, LastGCWorkers: 1,000, GCWorkers: 0,457
[2024-02-14T16:49:50.408+0100][debug][gc,director    ] Rule: Allocation Rate (Dynamic GC Workers), MaxAllocRate: 4028,4MB/s (+/-1,6%), Free: 4326MB, GCCPUTime: 0,485, GCDuration: 0,485s, TimeUntilOOM: 1,057s, TimeUntilGC: 0,472s, GCWorkers: 1 -> 1
[2024-02-14T16:49:50.408+0100][debug][gc,director    ] Rule: High Usage, Free: 4326MB(28,2%)
[2024-02-14T16:49:50.408+0100][debug][gc,director    ] Rule: Proactive, AcceptableGCInterval: 4,926s, TimeSinceLastGC: 2,529s, TimeUntilGC: 2,398s
[2024-02-14T16:49:50.508+0100][debug][gc,alloc       ] Allocation Rate: 3834,0MB/s, Predicted: 3804,5MB/s, Avg: 3822,6(+/-61,1)MB/s
[2024-02-14T16:49:50.508+0100][debug][gc,director    ] Select GC Workers (Normal), AvoidLongGCWorkers: 0,048, AvoidOOMGCWorkers: 0,543, LastGCWorkers: 1,000, GCWorkers: 0,543
[2024-02-14T16:49:50.508+0100][debug][gc,director    ] Rule: Allocation Rate (Dynamic GC Workers), MaxAllocRate: 4023,7MB/s (+/-1,6%), Free: 3636MB, GCCPUTime: 0,485, GCDuration: 0,485s, TimeUntilOOM: 0,889s, TimeUntilGC: 0,305s, GCWorkers: 1 -> 1
[2024-02-14T16:49:50.508+0100][debug][gc,director    ] Rule: High Usage, Free: 3636MB(23,7%)
[2024-02-14T16:49:50.508+0100][debug][gc,director    ] Rule: Proactive, AcceptableGCInterval: 4,926s, TimeSinceLastGC: 2,629s, TimeUntilGC: 2,297s
[2024-02-14T16:49:50.607+0100][debug][gc,alloc       ] Allocation Rate: 3832,0MB/s, Predicted: 3817,7MB/s, Avg: 3820,0(+/-60,1)MB/s
[2024-02-14T16:49:50.607+0100][debug][gc,director    ] Select GC Workers (Normal), AvoidLongGCWorkers: 0,048, AvoidOOMGCWorkers: 0,583, LastGCWorkers: 1,000, GCWorkers: 0,583
[2024-02-14T16:49:50.607+0100][debug][gc,director    ] Rule: Allocation Rate (Dynamic GC Workers), MaxAllocRate: 4017,7MB/s (+/-1,6%), Free: 3384MB, GCCPUTime: 0,485, GCDuration: 0,485s, TimeUntilOOM: 0,829s, TimeUntilGC: 0,244s, GCWorkers: 1 -> 1
[2024-02-14T16:49:50.607+0100][debug][gc,director    ] Rule: High Usage, Free: 3382MB(22,0%)
[2024-02-14T16:49:50.607+0100][debug][gc,director    ] Rule: Proactive, AcceptableGCInterval: 4,926s, TimeSinceLastGC: 2,728s, TimeUntilGC: 2,198s
[2024-02-14T16:49:50.708+0100][debug][gc,alloc       ] Allocation Rate: 3838,0MB/s, Predicted: 3833,5MB/s, Avg: 3818,6(+/-59,5)MB/s
[2024-02-14T16:49:50.708+0100][debug][gc,director    ] Select GC Workers (Normal), AvoidLongGCWorkers: 0,048, AvoidOOMGCWorkers: 0,633, LastGCWorkers: 1,000, GCWorkers: 0,633
[2024-02-14T16:49:50.708+0100][debug][gc,director    ] Rule: Allocation Rate (Dynamic GC Workers), MaxAllocRate: 4029,2MB/s (+/-1,6%), Free: 3126MB, GCCPUTime: 0,485, GCDuration: 0,485s, TimeUntilOOM: 0,764s, TimeUntilGC: 0,179s, GCWorkers: 1 -> 1
[2024-02-14T16:49:50.708+0100][debug][gc,director    ] Rule: High Usage, Free: 3126MB(20,4%)
[2024-02-14T16:49:50.708+0100][debug][gc,director    ] Rule: Proactive, AcceptableGCInterval: 4,926s, TimeSinceLastGC: 2,828s, TimeUntilGC: 2,098s
[2024-02-14T16:49:50.808+0100][debug][gc,alloc       ] Allocation Rate: 3774,0MB/s, Predicted: 3825,1MB/s, Avg: 3810,6(+/-59,6)MB/s
[2024-02-14T16:49:50.808+0100][debug][gc,director    ] Select GC Workers (Normal), AvoidLongGCWorkers: 0,048, AvoidOOMGCWorkers: 0,800, LastGCWorkers: 1,000, GCWorkers: 0,800
[2024-02-14T16:49:50.808+0100][debug][gc,director    ] Rule: Allocation Rate (Dynamic GC Workers), MaxAllocRate: 4021,1MB/s (+/-1,6%), Free: 2470MB, GCCPUTime: 0,485, GCDuration: 0,485s, TimeUntilOOM: 0,605s, TimeUntilGC: 0,020s, GCWorkers: 1 -> 1
[2024-02-14T16:49:50.808+0100][debug][gc,director    ] Rule: High Usage, Free: 2470MB(16,1%)
[2024-02-14T16:49:50.808+0100][debug][gc,director    ] Rule: Proactive, AcceptableGCInterval: 4,926s, TimeSinceLastGC: 2,929s, TimeUntilGC: 1,997s
[2024-02-14T16:49:50.907+0100][debug][gc,alloc       ] Allocation Rate: 3828,0MB/s, Predicted: 3839,9MB/s, Avg: 3809,4(+/-59,1)MB/s
[2024-02-14T16:49:50.907+0100][debug][gc,director    ] Select GC Workers (Normal), AvoidLongGCWorkers: 0,048, AvoidOOMGCWorkers: 0,904, LastGCWorkers: 1,000, GCWorkers: 0,904
[2024-02-14T16:49:50.907+0100][debug][gc,director    ] Rule: Allocation Rate (Dynamic GC Workers), MaxAllocRate: 4034,3MB/s (+/-1,6%), Free: 2196MB, GCCPUTime: 0,485, GCDuration: 0,485s, TimeUntilOOM: 0,536s, TimeUntilGC: -0,049s, GCWorkers: 1 -> 1
[2024-02-14T16:49:50.907+0100][debug][gc,heap        ] GC(17) Heap before GC invocations=17 (full 17):
[2024-02-14T16:49:50.907+0100][debug][gc,heap        ] GC(17)  ZHeap           used 13122M, capacity 14324M, max capacity 15360M
[2024-02-14T16:49:50.907+0100][debug][gc,heap        ] GC(17)  Metaspace       used 31351K, committed 31808K, reserved 1114112K
[2024-02-14T16:49:50.907+0100][debug][gc,heap        ] GC(17)   class space    used 3306K, committed 3520K, reserved 1048576K
[2024-02-14T16:49:50.907+0100][info ][gc,start       ] GC(17) Garbage Collection (Allocation Rate)
[2024-02-14T16:49:50.907+0100][info ][gc,task        ] GC(17) Using 1 workers
[2024-02-14T16:49:50.907+0100][debug][gc,phases,start] GC(17) Pause Mark Start
[2024-02-14T16:49:50.907+0100][debug][gc,marking     ] GC(17) Using 1 mark stripes
[2024-02-14T16:49:50.907+0100][debug][gc,marking     ] GC(17) Mark Worker/Stripe Distribution
[2024-02-14T16:49:50.907+0100][debug][gc,marking     ] GC(17)   Worker 0(1) -> Stripe 0(1)
[2024-02-14T16:49:50.907+0100][info ][gc,phases      ] GC(17) Pause Mark Start 0,052ms
[2024-02-14T16:49:50.908+0100][debug][gc,phases,start] GC(17) Concurrent Mark
[2024-02-14T16:49:50.908+0100][debug][gc,task        ] GC(17) Executing Task: XMarkRootsTask, Active Workers: 1
[2024-02-14T16:49:50.909+0100][debug][gc,tlab        ] GC(17) TLAB totals: thrds: 27  refills: 49435 max: 29163 slow allocs: 7907 max 604 waste:  0,7% gc: 1787984B max: 260224B slow: 92065344B max: 45731392B
[2024-02-14T16:49:50.909+0100][debug][gc,task        ] GC(17) Executing Task: XMarkTask, Active Workers: 1
[2024-02-14T16:49:51.007+0100][debug][gc,alloc       ] Allocation Rate: 3796,0MB/s, Predicted: 3841,6MB/s, Avg: 3805,4(+/-58,5)MB/s
[2024-02-14T16:49:51.030+0100][info ][gc,phases      ] GC(17) Concurrent Mark 122,573ms
[2024-02-14T16:49:51.030+0100][debug][gc,phases,start] GC(17) Pause Mark End
[2024-02-14T16:49:51.030+0100][info ][gc,phases      ] GC(17) Pause Mark End 0,037ms
[2024-02-14T16:49:51.030+0100][debug][gc,phases,start] GC(17) Concurrent Mark Free
[2024-02-14T16:49:51.030+0100][info ][gc,phases      ] GC(17) Concurrent Mark Free 0,024ms
[2024-02-14T16:49:51.030+0100][debug][gc,phases,start] GC(17) Concurrent Process Non-Strong References
[2024-02-14T16:49:51.030+0100][debug][gc,phases,start] GC(17) Concurrent References Process
[2024-02-14T16:49:51.030+0100][debug][gc,task        ] GC(17) Executing Task: XReferenceProcessorTask, Active Workers: 1
[2024-02-14T16:49:51.038+0100][debug][gc,phases      ] GC(17) Concurrent References Process 7,984ms
[2024-02-14T16:49:51.038+0100][debug][gc,task        ] GC(17) Executing Task: XProcessWeakRootsTask, Active Workers: 1
[2024-02-14T16:49:51.039+0100][debug][gc,phases,start] GC(17) Concurrent Classes Unlink
[2024-02-14T16:49:51.039+0100][debug][gc,phases,start] GC(17) ClassLoaderData
[2024-02-14T16:49:51.039+0100][debug][gc,phases      ] GC(17) ClassLoaderData 0,031ms
[2024-02-14T16:49:51.039+0100][debug][gc,phases,start] GC(17) Trigger cleanups
[2024-02-14T16:49:51.039+0100][debug][gc,phases      ] GC(17) Trigger cleanups 0,007ms
[2024-02-14T16:49:51.039+0100][debug][gc,task        ] GC(17) Executing Task: XNMethodUnlinkTask, Active Workers: 1
[2024-02-14T16:49:51.043+0100][debug][gc,phases      ] GC(17) Concurrent Classes Unlink 4,041ms
[2024-02-14T16:49:51.043+0100][debug][gc,phases,start] GC(17) Concurrent Classes Purge
[2024-02-14T16:49:51.043+0100][debug][gc,nmethod     ] GC(17) Unregister NMethod: java.util.concurrent.ForkJoinPool.scan (0x00007f9f2b754d10)
[2024-02-14T16:49:51.043+0100][debug][gc,nmethod     ] GC(17) Unregister NMethod: java.lang.StrictMath.ceil (0x00007f9f0bd74310)
[2024-02-14T16:49:51.043+0100][debug][gc,nmethod     ] GC(17) Unregister NMethod: io.sirix.page.delegates.FullReferencesPage.<init> (0x00007f9f0c140090)
[2024-02-14T16:49:51.043+0100][debug][gc,nmethod     ] GC(17) Unregister NMethod: java.lang.Long.hashCode (0x00007f9f0bfa2090)
[2024-02-14T16:49:51.043+0100][debug][gc,nmethod     ] GC(17) Unregister NMethod: java.util.ArrayList.<init> (0x00007f9f0bcf1610)
[2024-02-14T16:49:51.043+0100][debug][gc,phases      ] GC(17) Concurrent Classes Purge 0,086ms
[2024-02-14T16:49:51.043+0100][debug][gc,phases,start] GC(17) Concurrent References Enqueue
[2024-02-14T16:49:51.043+0100][debug][gc,phases      ] GC(17) Concurrent References Enqueue 0,010ms
[2024-02-14T16:49:51.043+0100][info ][gc,phases      ] GC(17) Concurrent Process Non-Strong References 13,056ms
[2024-02-14T16:49:51.043+0100][debug][gc,phases,start] GC(17) Concurrent Reset Relocation Set
[2024-02-14T16:49:51.044+0100][info ][gc,phases      ] GC(17) Concurrent Reset Relocation Set 0,075ms
[2024-02-14T16:49:51.044+0100][debug][gc,phases,start] GC(17) Concurrent Select Relocation Set
[2024-02-14T16:49:51.045+0100][debug][gc,task        ] GC(17) Executing Task: XRelocationSetInstallTask, Active Workers: 1
[2024-02-14T16:49:51.046+0100][info ][gc,phases      ] GC(17) Concurrent Select Relocation Set 2,234ms
[2024-02-14T16:49:51.046+0100][debug][gc,phases,start] GC(17) Pause Relocate Start
[2024-02-14T16:49:51.046+0100][info ][gc,phases      ] GC(17) Pause Relocate Start 0,035ms
[2024-02-14T16:49:51.046+0100][debug][gc,phases,start] GC(17) Concurrent Relocate
[2024-02-14T16:49:51.046+0100][debug][gc,task        ] GC(17) Executing Task: XRelocateTask, Active Workers: 1
[2024-02-14T16:49:51.060+0100][info ][gc,phases      ] GC(17) Concurrent Relocate 13,894ms
[2024-02-14T16:49:51.060+0100][debug][gc,heap        ] GC(17) Heap after GC invocations=18 (full 18):
[2024-02-14T16:49:51.060+0100][debug][gc,heap        ] GC(17)  ZHeap           used 568M, capacity 14324M, max capacity 15360M
[2024-02-14T16:49:51.060+0100][debug][gc,heap        ] GC(17)  Metaspace       used 31351K, committed 31808K, reserved 1114112K
[2024-02-14T16:49:51.060+0100][debug][gc,heap        ] GC(17)   class space    used 3306K, committed 3520K, reserved 1048576K
[2024-02-14T16:49:51.060+0100][info ][gc,load        ] GC(17) Load: 2,19/1,43/1,60
[2024-02-14T16:49:51.060+0100][info ][gc,mmu         ] GC(17) MMU: 2ms/92,8%, 5ms/97,1%, 10ms/98,6%, 20ms/99,1%, 50ms/99,6%, 100ms/99,8%
[2024-02-14T16:49:51.060+0100][info ][gc,marking     ] GC(17) Mark: 1 stripe(s), 2 proactive flush(es), 1 terminate flush(es), 0 completion(s), 0 continuation(s) 
[2024-02-14T16:49:51.060+0100][info ][gc,marking     ] GC(17) Mark Stack Usage: 32M
[2024-02-14T16:49:51.060+0100][info ][gc,nmethod     ] GC(17) NMethods: 4039 registered, 1169 unregistered
[2024-02-14T16:49:51.060+0100][info ][gc,metaspace   ] GC(17) Metaspace: 30M used, 31M committed, 1088M reserved
[2024-02-14T16:49:51.060+0100][info ][gc,ref         ] GC(17) Soft: 3825 encountered, 0 discovered, 0 enqueued
[2024-02-14T16:49:51.060+0100][info ][gc,ref         ] GC(17) Weak: 1905 encountered, 456 discovered, 0 enqueued
[2024-02-14T16:49:51.060+0100][info ][gc,ref         ] GC(17) Final: 21028 encountered, 21028 discovered, 21028 enqueued
[2024-02-14T16:49:51.060+0100][info ][gc,ref         ] GC(17) Phantom: 21470 encountered, 21322 discovered, 21086 enqueued
[2024-02-14T16:49:51.060+0100][info ][gc,reloc       ] GC(17) Small Pages: 6545 / 13090M, Empty: 7194M, Relocated: 6M, In-Place: 0
[2024-02-14T16:49:51.060+0100][info ][gc,reloc       ] GC(17) Medium Pages: 1 / 32M, Empty: 0M, Relocated: 0M, In-Place: 0
[2024-02-14T16:49:51.060+0100][info ][gc,reloc       ] GC(17) Large Pages: 0 / 0M, Empty: 0M, Relocated: 0M, In-Place: 0
[2024-02-14T16:49:51.060+0100][info ][gc,reloc       ] GC(17) Forwarding Usage: 3M
[2024-02-14T16:49:51.060+0100][info ][gc,heap        ] GC(17) Min Capacity: 5120M(33%)
[2024-02-14T16:49:51.060+0100][info ][gc,heap        ] GC(17) Max Capacity: 15360M(100%)
[2024-02-14T16:49:51.060+0100][info ][gc,heap        ] GC(17) Soft Max Capacity: 15360M(100%)
[2024-02-14T16:49:51.060+0100][info ][gc,heap        ] GC(17)                Mark Start          Mark End        Relocate Start      Relocate End           High               Low         
[2024-02-14T16:49:51.060+0100][info ][gc,heap        ] GC(17)  Capacity:    14324M (93%)       14324M (93%)       14324M (93%)       14324M (93%)       14324M (93%)       14324M (93%)    
[2024-02-14T16:49:51.060+0100][info ][gc,heap        ] GC(17)      Free:     2238M (15%)        1958M (13%)        9112M (59%)       14792M (96%)       14792M (96%)        1924M (13%)    
[2024-02-14T16:49:51.060+0100][info ][gc,heap        ] GC(17)      Used:    13122M (85%)       13402M (87%)        6248M (41%)         568M (4%)        13436M (87%)         568M (4%)     
[2024-02-14T16:49:51.060+0100][info ][gc,heap        ] GC(17)      Live:         -               142M (1%)          142M (1%)          142M (1%)             -                  -          
[2024-02-14T16:49:51.060+0100][info ][gc,heap        ] GC(17) Allocated:         -               280M (2%)          320M (2%)          356M (2%)             -                  -          
[2024-02-14T16:49:51.060+0100][info ][gc,heap        ] GC(17)   Garbage:         -             12979M (85%)        5785M (38%)          69M (0%)             -                  -          
[2024-02-14T16:49:51.060+0100][info ][gc,heap        ] GC(17) Reclaimed:         -                  -              7194M (47%)       12910M (84%)            -                  -          
[2024-02-14T16:49:51.060+0100][info ][gc             ] GC(17) Garbage Collection (Allocation Rate) 13122M(85%)->568M(4%)
[2024-02-14T16:49:51.108+0100][debug][gc,alloc       ] Allocation Rate: 3766,0MB/s, Predicted: 3782,8MB/s, Avg: 3817,6(+/-28,7)MB/s
[2024-02-14T16:49:51.108+0100][debug][gc,director    ] Select GC Workers (Normal), AvoidLongGCWorkers: 0,040, AvoidOOMGCWorkers: 0,109, LastGCWorkers: 1,000, GCWorkers: 0,109
[2024-02-14T16:49:51.108+0100][debug][gc,director    ] Rule: Allocation Rate (Dynamic GC Workers), MaxAllocRate: 3912,0MB/s (+/-0,8%), Free: 14630MB, GCCPUTime: 0,407, GCDuration: 0,407s, TimeUntilOOM: 3,712s, TimeUntilGC: 3,205s, GCWorkers: 1 -> 1
[2024-02-14T16:49:51.108+0100][debug][gc,director    ] Rule: High Usage, Free: 14630MB(95,2%)
[2024-02-14T16:49:51.108+0100][debug][gc,director    ] Rule: Proactive, UsedUntilEnabled: 1416MB, TimeUntilEnabled: 299,952s
[2024-02-14T16:49:51.208+0100][debug][gc,alloc       ] Allocation Rate: 3822,0MB/s, Predicted: 3782,0MB/s, Avg: 3819,0(+/-28,5)MB/s
[2024-02-14T16:49:51.208+0100][debug][gc,director    ] Select GC Workers (Normal), AvoidLongGCWorkers: 0,040, AvoidOOMGCWorkers: 0,114, LastGCWorkers: 1,000, GCWorkers: 0,114
[2024-02-14T16:49:51.208+0100][debug][gc,director    ] Rule: Allocation Rate (Dynamic GC Workers), MaxAllocRate: 3912,9MB/s (+/-0,7%), Free: 13930MB, GCCPUTime: 0,407, GCDuration: 0,407s, TimeUntilOOM: 3,534s, TimeUntilGC: 3,027s, GCWorkers: 1 -> 1
[2024-02-14T16:49:51.208+0100][debug][gc,director    ] Rule: High Usage, Free: 13930MB(90,7%)
[2024-02-14T16:49:51.208+0100][debug][gc,director    ] Rule: Proactive, UsedUntilEnabled: 716MB, TimeUntilEnabled: 299,852s
[2024-02-14T16:49:51.307+0100][debug][gc,alloc       ] Allocation Rate: 3820,0MB/s, Predicted: 3791,2MB/s, Avg: 3815,8(+/-26,4)MB/s
[2024-02-14T16:49:51.307+0100][debug][gc,director    ] Select GC Workers (Normal), AvoidLongGCWorkers: 0,040, AvoidOOMGCWorkers: 0,116, LastGCWorkers: 1,000, GCWorkers: 0,116
[2024-02-14T16:49:51.307+0100][debug][gc,director    ] Rule: Allocation Rate (Dynamic GC Workers), MaxAllocRate: 3902,5MB/s (+/-0,7%), Free: 13676MB, GCCPUTime: 0,407, GCDuration: 0,407s, TimeUntilOOM: 3,480s, TimeUntilGC: 2,974s, GCWorkers: 1 -> 1
[2024-02-14T16:49:51.307+0100][debug][gc,director    ] Rule: High Usage, Free: 13676MB(89,0%)
[2024-02-14T16:49:51.307+0100][debug][gc,director    ] Rule: Proactive, UsedUntilEnabled: 462MB, TimeUntilEnabled: 299,753s
[2024-02-14T16:49:51.407+0100][debug][gc,alloc       ] Allocation Rate: 3818,0MB/s, Predicted: 3800,7MB/s, Avg: 3812,8(+/-24,1)MB/s
[2024-02-14T16:49:51.407+0100][debug][gc,director    ] Select GC Workers (Normal), AvoidLongGCWorkers: 0,040, AvoidOOMGCWorkers: 0,118, LastGCWorkers: 1,000, GCWorkers: 0,118
[2024-02-14T16:49:51.407+0100][debug][gc,director    ] Rule: Allocation Rate (Dynamic GC Workers), MaxAllocRate: 3892,2MB/s (+/-0,6%), Free: 13420MB, GCCPUTime: 0,407, GCDuration: 0,407s, TimeUntilOOM: 3,426s, TimeUntilGC: 2,920s, GCWorkers: 1 -> 1
[2024-02-14T16:49:51.407+0100][debug][gc,director    ] Rule: High Usage, Free: 13420MB(87,4%)
[2024-02-14T16:49:51.407+0100][debug][gc,director    ] Rule: Proactive, UsedUntilEnabled: 206MB, TimeUntilEnabled: 299,653s
[2024-02-14T16:49:51.508+0100][debug][gc,alloc       ] Allocation Rate: 3838,0MB/s, Predicted: 3816,4MB/s, Avg: 3813,2(+/-24,5)MB/s
[2024-02-14T16:49:51.508+0100][debug][gc,director    ] Select GC Workers (Normal), AvoidLongGCWorkers: 0,040, AvoidOOMGCWorkers: 0,124, LastGCWorkers: 1,000, GCWorkers: 0,124
[2024-02-14T16:49:51.508+0100][debug][gc,director    ] Rule: Allocation Rate (Dynamic GC Workers), MaxAllocRate: 3897,1MB/s (+/-0,6%), Free: 12710MB, GCCPUTime: 0,407, GCDuration: 0,407s, TimeUntilOOM: 3,241s, TimeUntilGC: 2,734s, GCWorkers: 1 -> 1
[2024-02-14T16:49:51.508+0100][debug][gc,director    ] Rule: High Usage, Free: 12710MB(82,7%)
[2024-02-14T16:49:51.508+0100][debug][gc,director    ] Rule: Proactive, AcceptableGCInterval: 4,142s, TimeSinceLastGC: 0,448s, TimeUntilGC: 3,694s
[2024-02-14T16:49:51.608+0100][debug][gc,alloc       ] Allocation Rate: 3832,0MB/s, Predicted: 3828,9MB/s, Avg: 3813,2(+/-24,5)MB/s
[2024-02-14T16:49:51.608+0100][debug][gc,director    ] Select GC Workers (Normal), AvoidLongGCWorkers: 0,040, AvoidOOMGCWorkers: 0,127, LastGCWorkers: 1,000, GCWorkers: 0,127
[2024-02-14T16:49:51.608+0100][debug][gc,director    ] Rule: Allocation Rate (Dynamic GC Workers), MaxAllocRate: 3909,6MB/s (+/-0,6%), Free: 12462MB, GCCPUTime: 0,407, GCDuration: 0,407s, TimeUntilOOM: 3,167s, TimeUntilGC: 2,661s, GCWorkers: 1 -> 1
[2024-02-14T16:49:51.608+0100][debug][gc,director    ] Rule: High Usage, Free: 12462MB(81,1%)
[2024-02-14T16:49:51.608+0100][debug][gc,director    ] Rule: Proactive, AcceptableGCInterval: 4,142s, TimeSinceLastGC: 0,548s, TimeUntilGC: 3,594s
[2024-02-14T16:49:51.707+0100][debug][gc,alloc       ] Allocation Rate: 3836,0MB/s, Predicted: 3844,7MB/s, Avg: 3813,0(+/-24,3)MB/s
[2024-02-14T16:49:51.707+0100][debug][gc,director    ] Select GC Workers (Normal), AvoidLongGCWorkers: 0,040, AvoidOOMGCWorkers: 0,130, LastGCWorkers: 1,000, GCWorkers: 0,130
[2024-02-14T16:49:51.707+0100][debug][gc,director    ] Rule: Allocation Rate (Dynamic GC Workers), MaxAllocRate: 3924,7MB/s (+/-0,6%), Free: 12200MB, GCCPUTime: 0,407, GCDuration: 0,407s, TimeUntilOOM: 3,089s, TimeUntilGC: 2,582s, GCWorkers: 1 -> 1
[2024-02-14T16:49:51.707+0100][debug][gc,director    ] Rule: High Usage, Free: 12200MB(79,4%)
[2024-02-14T16:49:51.707+0100][debug][gc,director    ] Rule: Proactive, AcceptableGCInterval: 4,142s, TimeSinceLastGC: 0,647s, TimeUntilGC: 3,495s
[2024-02-14T16:49:51.807+0100][debug][gc,alloc       ] Allocation Rate: 3582,0MB/s, Predicted: 3741,9MB/s, Avg: 3793,8(+/-73,5)MB/s
[2024-02-14T16:49:51.807+0100][debug][gc,director    ] Select GC Workers (Normal), AvoidLongGCWorkers: 0,040, AvoidOOMGCWorkers: 0,141, LastGCWorkers: 1,000, GCWorkers: 0,141
[2024-02-14T16:49:51.807+0100][debug][gc,director    ] Rule: Allocation Rate (Dynamic GC Workers), MaxAllocRate: 4035,8MB/s (+/-1,9%), Free: 11802MB, GCCPUTime: 0,407, GCDuration: 0,407s, TimeUntilOOM: 2,869s, TimeUntilGC: 2,362s, GCWorkers: 1 -> 1
[2024-02-14T16:49:51.807+0100][debug][gc,director    ] Rule: High Usage, Free: 11802MB(76,8%)
[2024-02-14T16:49:51.807+0100][debug][gc,director    ] Rule: Proactive, AcceptableGCInterval: 4,142s, TimeSinceLastGC: 0,747s, TimeUntilGC: 3,394s
[2024-02-14T16:49:51.908+0100][debug][gc,alloc       ] Allocation Rate: 3868,0MB/s, Predicted: 3780,7MB/s, Avg: 3797,8(+/-76,3)MB/s
[2024-02-14T16:49:51.908+0100][debug][gc,director    ] Select GC Workers (Normal), AvoidLongGCWorkers: 0,040, AvoidOOMGCWorkers: 0,148, LastGCWorkers: 1,000, GCWorkers: 0,148
[2024-02-14T16:49:51.908+0100][debug][gc,director    ] Rule: Allocation Rate (Dynamic GC Workers), MaxAllocRate: 4048,9MB/s (+/-2,0%), Free: 11238MB, GCCPUTime: 0,407, GCDuration: 0,407s, TimeUntilOOM: 2,721s, TimeUntilGC: 2,214s, GCWorkers: 1 -> 1
[2024-02-14T16:49:51.908+0100][debug][gc,director    ] Rule: High Usage, Free: 11238MB(73,2%)
[2024-02-14T16:49:51.908+0100][debug][gc,director    ] Rule: Proactive, AcceptableGCInterval: 4,142s, TimeSinceLastGC: 0,848s, TimeUntilGC: 3,294s
[2024-02-14T16:49:52.008+0100][debug][gc,alloc       ] Allocation Rate: 3908,0MB/s, Predicted: 3824,3MB/s, Avg: 3809,0(+/-83,1)MB/s
[2024-02-14T16:49:52.008+0100][debug][gc,director    ] Select GC Workers (Normal), AvoidLongGCWorkers: 0,040, AvoidOOMGCWorkers: 0,154, LastGCWorkers: 1,000, GCWorkers: 0,154
[2024-02-14T16:49:52.008+0100][debug][gc,director    ] Rule: Allocation Rate (Dynamic GC Workers), MaxAllocRate: 4097,9MB/s (+/-2,2%), Free: 10978MB, GCCPUTime: 0,407, GCDuration: 0,407s, TimeUntilOOM: 2,622s, TimeUntilGC: 2,115s, GCWorkers: 1 -> 1
[2024-02-14T16:49:52.008+0100][debug][gc,director    ] Rule: High Usage, Free: 10978MB(71,5%)
[2024-02-14T16:49:52.008+0100][debug][gc,director    ] Rule: Proactive, AcceptableGCInterval: 4,142s, TimeSinceLastGC: 0,948s, TimeUntilGC: 3,194s
[2024-02-14T16:49:52.108+0100][debug][gc,alloc       ] Allocation Rate: 3912,0MB/s, Predicted: 3854,0MB/s, Avg: 3823,6(+/-87,0)MB/s
[2024-02-14T16:49:52.108+0100][debug][gc,director    ] Select GC Workers (Normal), AvoidLongGCWorkers: 0,040, AvoidOOMGCWorkers: 0,159, LastGCWorkers: 1,000, GCWorkers: 0,159
[2024-02-14T16:49:52.108+0100][debug][gc,director    ] Rule: Allocation Rate (Dynamic GC Workers), MaxAllocRate: 4140,4MB/s (+/-2,3%), Free: 10718MB, GCCPUTime: 0,407, GCDuration: 0,407s, TimeUntilOOM: 2,531s, TimeUntilGC: 2,024s, GCWorkers: 1 -> 1
[2024-02-14T16:49:52.108+0100][debug][gc,director    ] Rule: High Usage, Free: 10718MB(69,8%)
[2024-02-14T16:49:52.108+0100][debug][gc,director    ] Rule: Proactive, AcceptableGCInterval: 4,142s, TimeSinceLastGC: 1,048s, TimeUntilGC: 3,094s
[2024-02-14T16:49:52.207+0100][debug][gc,alloc       ] Allocation Rate: 3902,0MB/s, Predicted: 3884,9MB/s, Avg: 3831,6(+/-90,1)MB/s
[2024-02-14T16:49:52.207+0100][debug][gc,director    ] Select GC Workers (Normal), AvoidLongGCWorkers: 0,040, AvoidOOMGCWorkers: 0,172, LastGCWorkers: 1,000, GCWorkers: 0,172
[2024-02-14T16:49:52.207+0100][debug][gc,director    ] Rule: Allocation Rate (Dynamic GC Workers), MaxAllocRate: 4181,6MB/s (+/-2,4%), Free: 10028MB, GCCPUTime: 0,407, GCDuration: 0,407s, TimeUntilOOM: 2,343s, TimeUntilGC: 1,836s, GCWorkers: 1 -> 1
[2024-02-14T16:49:52.207+0100][debug][gc,director    ] Rule: High Usage, Free: 10028MB(65,3%)
[2024-02-14T16:49:52.207+0100][debug][gc,director    ] Rule: Proactive, AcceptableGCInterval: 4,142s, TimeSinceLastGC: 1,147s, TimeUntilGC: 2,994s
[2024-02-14T16:49:52.307+0100][debug][gc,alloc       ] Allocation Rate: 3906,0MB/s, Predicted: 3911,6MB/s, Avg: 3840,2(+/-92,7)MB/s
[2024-02-14T16:49:52.307+0100][debug][gc,director    ] Select GC Workers (Normal), AvoidLongGCWorkers: 0,040, AvoidOOMGCWorkers: 0,178, LastGCWorkers: 1,000, GCWorkers: 0,178
[2024-02-14T16:49:52.307+0100][debug][gc,director    ] Rule: Allocation Rate (Dynamic GC Workers), MaxAllocRate: 4216,6MB/s (+/-2,4%), Free: 9770MB, GCCPUTime: 0,407, GCDuration: 0,407s, TimeUntilOOM: 2,262s, TimeUntilGC: 1,756s, GCWorkers: 1 -> 1
[2024-02-14T16:49:52.307+0100][debug][gc,director    ] Rule: High Usage, Free: 9770MB(63,6%)
[2024-02-14T16:49:52.307+0100][debug][gc,director    ] Rule: Proactive, AcceptableGCInterval: 4,142s, TimeSinceLastGC: 1,247s, TimeUntilGC: 2,894s
[2024-02-14T16:49:52.408+0100][debug][gc,alloc       ] Allocation Rate: 3910,0MB/s, Predicted: 3933,6MB/s, Avg: 3849,4(+/-94,6)MB/s
[2024-02-14T16:49:52.408+0100][debug][gc,director    ] Select GC Workers (Normal), AvoidLongGCWorkers: 0,040, AvoidOOMGCWorkers: 0,184, LastGCWorkers: 1,000, GCWorkers: 0,184
[2024-02-14T16:49:52.408+0100][debug][gc,director    ] Rule: Allocation Rate (Dynamic GC Workers), MaxAllocRate: 4244,8MB/s (+/-2,5%), Free: 9510MB, GCCPUTime: 0,407, GCDuration: 0,407s, TimeUntilOOM: 2,187s, TimeUntilGC: 1,680s, GCWorkers: 1 -> 1
[2024-02-14T16:49:52.408+0100][debug][gc,director    ] Rule: High Usage, Free: 9510MB(61,9%)
[2024-02-14T16:49:52.408+0100][debug][gc,director    ] Rule: Proactive, AcceptableGCInterval: 4,142s, TimeSinceLastGC: 1,348s, TimeUntilGC: 2,794s
[2024-02-14T16:49:52.508+0100][debug][gc,alloc       ] Allocation Rate: 3912,0MB/s, Predicted: 3955,6MB/s, Avg: 3856,8(+/-96,3)MB/s
[2024-02-14T16:49:52.508+0100][debug][gc,director    ] Select GC Workers (Normal), AvoidLongGCWorkers: 0,040, AvoidOOMGCWorkers: 0,201, LastGCWorkers: 1,000, GCWorkers: 0,201
[2024-02-14T16:49:52.508+0100][debug][gc,director    ] Rule: Allocation Rate (Dynamic GC Workers), MaxAllocRate: 4272,4MB/s (+/-2,5%), Free: 8798MB, GCCPUTime: 0,407, GCDuration: 0,407s, TimeUntilOOM: 2,009s, TimeUntilGC: 1,503s, GCWorkers: 1 -> 1
[2024-02-14T16:49:52.508+0100][debug][gc,director    ] Rule: High Usage, Free: 8798MB(57,3%)
[2024-02-14T16:49:52.508+0100][debug][gc,director    ] Rule: Proactive, AcceptableGCInterval: 4,142s, TimeSinceLastGC: 1,448s, TimeUntilGC: 2,694s
[2024-02-14T16:49:52.607+0100][debug][gc,alloc       ] Allocation Rate: 3906,0MB/s, Predicted: 3968,7MB/s, Avg: 3864,2(+/-96,9)MB/s
[2024-02-14T16:49:52.607+0100][debug][gc,director    ] Select GC Workers (Normal), AvoidLongGCWorkers: 0,040, AvoidOOMGCWorkers: 0,207, LastGCWorkers: 1,000, GCWorkers: 0,207
[2024-02-14T16:49:52.607+0100][debug][gc,director    ] Rule: Allocation Rate (Dynamic GC Workers), MaxAllocRate: 4287,6MB/s (+/-2,5%), Free: 8558MB, GCCPUTime: 0,407, GCDuration: 0,407s, TimeUntilOOM: 1,947s, TimeUntilGC: 1,441s, GCWorkers: 1 -> 1
[2024-02-14T16:49:52.607+0100][debug][gc,director    ] Rule: High Usage, Free: 8558MB(55,7%)
[2024-02-14T16:49:52.607+0100][debug][gc,director    ] Rule: Proactive, AcceptableGCInterval: 4,142s, TimeSinceLastGC: 1,547s, TimeUntilGC: 2,594s
[2024-02-14T16:49:52.707+0100][debug][gc,alloc       ] Allocation Rate: 3904,0MB/s, Predicted: 3977,1MB/s, Avg: 3871,0(+/-97,1)MB/s
[2024-02-14T16:49:52.708+0100][debug][gc,director    ] Select GC Workers (Normal), AvoidLongGCWorkers: 0,040, AvoidOOMGCWorkers: 0,214, LastGCWorkers: 1,000, GCWorkers: 0,214
[2024-02-14T16:49:52.708+0100][debug][gc,director    ] Rule: Allocation Rate (Dynamic GC Workers), MaxAllocRate: 4296,6MB/s (+/-2,5%), Free: 8298MB, GCCPUTime: 0,407, GCDuration: 0,407s, TimeUntilOOM: 1,884s, TimeUntilGC: 1,377s, GCWorkers: 1 -> 1
[2024-02-14T16:49:52.708+0100][debug][gc,director    ] Rule: High Usage, Free: 8298MB(54,0%)
[2024-02-14T16:49:52.708+0100][debug][gc,director    ] Rule: Proactive, AcceptableGCInterval: 4,142s, TimeSinceLastGC: 1,647s, TimeUntilGC: 2,494s
[2024-02-14T16:49:52.808+0100][debug][gc,alloc       ] Allocation Rate: 4052,0MB/s, Predicted: 3972,4MB/s, Avg: 3918,0(+/-46,3)MB/s
[2024-02-14T16:49:52.808+0100][debug][gc,director    ] Select GC Workers (Normal), AvoidLongGCWorkers: 0,040, AvoidOOMGCWorkers: 0,217, LastGCWorkers: 1,000, GCWorkers: 0,217
[2024-02-14T16:49:52.808+0100][debug][gc,director    ] Rule: Allocation Rate (Dynamic GC Workers), MaxAllocRate: 4124,7MB/s (+/-1,2%), Free: 7752MB, GCCPUTime: 0,407, GCDuration: 0,407s, TimeUntilOOM: 1,857s, TimeUntilGC: 1,351s, GCWorkers: 1 -> 1
[2024-02-14T16:49:52.808+0100][debug][gc,director    ] Rule: High Usage, Free: 7752MB(50,5%)
[2024-02-14T16:49:52.808+0100][debug][gc,director    ] Rule: Proactive, AcceptableGCInterval: 4,142s, TimeSinceLastGC: 1,748s, TimeUntilGC: 2,394s
[2024-02-14T16:49:52.908+0100][debug][gc,alloc       ] Allocation Rate: 3892,0MB/s, Predicted: 3948,7MB/s, Avg: 3920,4(+/-44,2)MB/s
[2024-02-14T16:49:52.908+0100][debug][gc,director    ] Select GC Workers (Normal), AvoidLongGCWorkers: 0,040, AvoidOOMGCWorkers: 0,227, LastGCWorkers: 1,000, GCWorkers: 0,227
[2024-02-14T16:49:52.908+0100][debug][gc,director    ] Rule: Allocation Rate (Dynamic GC Workers), MaxAllocRate: 4094,2MB/s (+/-1,1%), Free: 7348MB, GCCPUTime: 0,407, GCDuration: 0,407s, TimeUntilOOM: 1,775s, TimeUntilGC: 1,268s, GCWorkers: 1 -> 1
[2024-02-14T16:49:52.908+0100][debug][gc,director    ] Rule: High Usage, Free: 7348MB(47,8%)
[2024-02-14T16:49:52.908+0100][debug][gc,director    ] Rule: Proactive, AcceptableGCInterval: 4,142s, TimeSinceLastGC: 1,848s, TimeUntilGC: 2,294s
[2024-02-14T16:49:53.007+0100][debug][gc,alloc       ] Allocation Rate: 3880,0MB/s, Predicted: 3929,2MB/s, Avg: 3917,6(+/-45,8)MB/s
[2024-02-14T16:49:53.007+0100][debug][gc,director    ] Select GC Workers (Normal), AvoidLongGCWorkers: 0,040, AvoidOOMGCWorkers: 0,235, LastGCWorkers: 1,000, GCWorkers: 0,235
[2024-02-14T16:49:53.007+0100][debug][gc,director    ] Rule: Allocation Rate (Dynamic GC Workers), MaxAllocRate: 4079,8MB/s (+/-1,2%), Free: 7098MB, GCCPUTime: 0,407, GCDuration: 0,407s, TimeUntilOOM: 1,720s, TimeUntilGC: 1,213s, GCWorkers: 1 -> 1
[2024-02-14T16:49:53.007+0100][debug][gc,director    ] Rule: High Usage, Free: 7098MB(46,2%)
[2024-02-14T16:49:53.007+0100][debug][gc,director    ] Rule: Proactive, AcceptableGCInterval: 4,142s, TimeSinceLastGC: 1,947s, TimeUntilGC: 2,195s
[2024-02-14T16:49:53.107+0100][debug][gc,alloc       ] Allocation Rate: 3872,0MB/s, Predicted: 3909,5MB/s, Avg: 3913,6(+/-47,8)MB/s
[2024-02-14T16:49:53.107+0100][debug][gc,director    ] Select GC Workers (Normal), AvoidLongGCWorkers: 0,040, AvoidOOMGCWorkers: 0,243, LastGCWorkers: 1,000, GCWorkers: 0,243
[2024-02-14T16:49:53.107+0100][debug][gc,director    ] Rule: Allocation Rate (Dynamic GC Workers), MaxAllocRate: 4070,9MB/s (+/-1,2%), Free: 6846MB, GCCPUTime: 0,407, GCDuration: 0,407s, TimeUntilOOM: 1,661s, TimeUntilGC: 1,155s, GCWorkers: 1 -> 1
[2024-02-14T16:49:53.107+0100][debug][gc,director    ] Rule: High Usage, Free: 6846MB(44,6%)
[2024-02-14T16:49:53.107+0100][debug][gc,director    ] Rule: Proactive, AcceptableGCInterval: 4,142s, TimeSinceLastGC: 2,047s, TimeUntilGC: 2,095s
[2024-02-14T16:49:53.207+0100][debug][gc,alloc       ] Allocation Rate: 3872,0MB/s, Predicted: 3889,7MB/s, Avg: 3910,6(+/-49,3)MB/s
[2024-02-14T16:49:53.207+0100][debug][gc,director    ] Select GC Workers (Normal), AvoidLongGCWorkers: 0,040, AvoidOOMGCWorkers: 0,270, LastGCWorkers: 1,000, GCWorkers: 0,270
[2024-02-14T16:49:53.207+0100][debug][gc,director    ] Rule: Allocation Rate (Dynamic GC Workers), MaxAllocRate: 4073,0MB/s (+/-1,3%), Free: 6156MB, GCCPUTime: 0,407, GCDuration: 0,407s, TimeUntilOOM: 1,493s, TimeUntilGC: 0,986s, GCWorkers: 1 -> 1
[2024-02-14T16:49:53.207+0100][debug][gc,director    ] Rule: High Usage, Free: 6156MB(40,1%)
[2024-02-14T16:49:53.207+0100][debug][gc,director    ] Rule: Proactive, AcceptableGCInterval: 4,142s, TimeSinceLastGC: 2,147s, TimeUntilGC: 1,994s
[2024-02-14T16:49:53.307+0100][debug][gc,alloc       ] Allocation Rate: 3868,0MB/s, Predicted: 3871,5MB/s, Avg: 3906,8(+/-51,0)MB/s
[2024-02-14T16:49:53.307+0100][debug][gc,director    ] Select GC Workers (Normal), AvoidLongGCWorkers: 0,040, AvoidOOMGCWorkers: 0,282, LastGCWorkers: 1,000, GCWorkers: 0,282
[2024-02-14T16:49:53.307+0100][debug][gc,director    ] Rule: Allocation Rate (Dynamic GC Workers), MaxAllocRate: 4074,6MB/s (+/-1,3%), Free: 5902MB, GCCPUTime: 0,407, GCDuration: 0,407s, TimeUntilOOM: 1,430s, TimeUntilGC: 0,923s, GCWorkers: 1 -> 1
[2024-02-14T16:49:53.308+0100][debug][gc,director    ] Rule: High Usage, Free: 5902MB(38,4%)
[2024-02-14T16:49:53.308+0100][debug][gc,director    ] Rule: Proactive, AcceptableGCInterval: 4,142s, TimeSinceLastGC: 2,247s, TimeUntilGC: 1,894s
[2024-02-14T16:49:53.408+0100][debug][gc,alloc       ] Allocation Rate: 3862,0MB/s, Predicted: 3854,4MB/s, Avg: 3902,0(+/-52,7)MB/s
[2024-02-14T16:49:53.408+0100][debug][gc,director    ] Select GC Workers (Normal), AvoidLongGCWorkers: 0,040, AvoidOOMGCWorkers: 0,295, LastGCWorkers: 1,000, GCWorkers: 0,295
[2024-02-14T16:49:53.408+0100][debug][gc,director    ] Rule: Allocation Rate (Dynamic GC Workers), MaxAllocRate: 4075,4MB/s (+/-1,4%), Free: 5648MB, GCCPUTime: 0,407, GCDuration: 0,407s, TimeUntilOOM: 1,367s, TimeUntilGC: 0,861s, GCWorkers: 1 -> 1
[2024-02-14T16:49:53.408+0100][debug][gc,director    ] Rule: High Usage, Free: 5648MB(36,8%)
[2024-02-14T16:49:53.408+0100][debug][gc,director    ] Rule: Proactive, AcceptableGCInterval: 4,142s, TimeSinceLastGC: 2,348s, TimeUntilGC: 1,794s
[2024-02-14T16:49:53.508+0100][debug][gc,alloc       ] Allocation Rate: 3860,0MB/s, Predicted: 3840,3MB/s, Avg: 3896,8(+/-54,0)MB/s
[2024-02-14T16:49:53.508+0100][debug][gc,director    ] Select GC Workers (Normal), AvoidLongGCWorkers: 0,040, AvoidOOMGCWorkers: 0,338, LastGCWorkers: 1,000, GCWorkers: 0,338
[2024-02-14T16:49:53.508+0100][debug][gc,director    ] Rule: Allocation Rate (Dynamic GC Workers), MaxAllocRate: 4074,5MB/s (+/-1,4%), Free: 4938MB, GCCPUTime: 0,407, GCDuration: 0,407s, TimeUntilOOM: 1,195s, TimeUntilGC: 0,689s, GCWorkers: 1 -> 1
[2024-02-14T16:49:53.508+0100][debug][gc,director    ] Rule: High Usage, Free: 4938MB(32,1%)
[2024-02-14T16:49:53.508+0100][debug][gc,director    ] Rule: Proactive, AcceptableGCInterval: 4,142s, TimeSinceLastGC: 2,448s, TimeUntilGC: 1,694s
[2024-02-14T16:49:53.608+0100][debug][gc,alloc       ] Allocation Rate: 3864,0MB/s, Predicted: 3829,6MB/s, Avg: 3892,6(+/-54,7)MB/s
[2024-02-14T16:49:53.608+0100][debug][gc,director    ] Select GC Workers (Normal), AvoidLongGCWorkers: 0,040, AvoidOOMGCWorkers: 0,355, LastGCWorkers: 1,000, GCWorkers: 0,355
[2024-02-14T16:49:53.608+0100][debug][gc,director    ] Rule: Allocation Rate (Dynamic GC Workers), MaxAllocRate: 4072,7MB/s (+/-1,4%), Free: 4694MB, GCCPUTime: 0,407, GCDuration: 0,407s, TimeUntilOOM: 1,137s, TimeUntilGC: 0,630s, GCWorkers: 1 -> 1
[2024-02-14T16:49:53.608+0100][debug][gc,director    ] Rule: High Usage, Free: 4694MB(30,6%)
[2024-02-14T16:49:53.608+0100][debug][gc,director    ] Rule: Proactive, AcceptableGCInterval: 4,142s, TimeSinceLastGC: 2,548s, TimeUntilGC: 1,594s
[2024-02-14T16:49:53.707+0100][debug][gc,alloc       ] Allocation Rate: 3858,0MB/s, Predicted: 3818,8MB/s, Avg: 3888,0(+/-55,5)MB/s
[2024-02-14T16:49:53.707+0100][debug][gc,director    ] Select GC Workers (Normal), AvoidLongGCWorkers: 0,040, AvoidOOMGCWorkers: 0,376, LastGCWorkers: 1,000, GCWorkers: 0,376
[2024-02-14T16:49:53.707+0100][debug][gc,director    ] Rule: Allocation Rate (Dynamic GC Workers), MaxAllocRate: 4070,7MB/s (+/-1,4%), Free: 4438MB, GCCPUTime: 0,407, GCDuration: 0,407s, TimeUntilOOM: 1,075s, TimeUntilGC: 0,568s, GCWorkers: 1 -> 1
[2024-02-14T16:49:53.707+0100][debug][gc,director    ] Rule: High Usage, Free: 4438MB(28,9%)
[2024-02-14T16:49:53.707+0100][debug][gc,director    ] Rule: Proactive, AcceptableGCInterval: 4,142s, TimeSinceLastGC: 2,647s, TimeUntilGC: 1,495s
[2024-02-14T16:49:53.807+0100][debug][gc,alloc       ] Allocation Rate: 3808,0MB/s, Predicted: 3830,5MB/s, Avg: 3863,6(+/-20,9)MB/s
[2024-02-14T16:49:53.807+0100][debug][gc,director    ] Select GC Workers (Normal), AvoidLongGCWorkers: 0,040, AvoidOOMGCWorkers: 0,405, LastGCWorkers: 1,000, GCWorkers: 0,405
[2024-02-14T16:49:53.807+0100][debug][gc,director    ] Rule: Allocation Rate (Dynamic GC Workers), MaxAllocRate: 3932,4MB/s (+/-0,5%), Free: 3944MB, GCCPUTime: 0,407, GCDuration: 0,407s, TimeUntilOOM: 0,998s, TimeUntilGC: 0,491s, GCWorkers: 1 -> 1
[2024-02-14T16:49:53.807+0100][debug][gc,director    ] Rule: High Usage, Free: 3944MB(25,7%)
[2024-02-14T16:49:53.807+0100][debug][gc,director    ] Rule: Proactive, AcceptableGCInterval: 4,142s, TimeSinceLastGC: 2,747s, TimeUntilGC: 1,394s
[2024-02-14T16:49:53.907+0100][debug][gc,alloc       ] Allocation Rate: 3860,0MB/s, Predicted: 3836,7MB/s, Avg: 3860,4(+/-18,7)MB/s
[2024-02-14T16:49:53.907+0100][debug][gc,director    ] Select GC Workers (Normal), AvoidLongGCWorkers: 0,040, AvoidOOMGCWorkers: 0,457, LastGCWorkers: 1,000, GCWorkers: 0,457
[2024-02-14T16:49:53.907+0100][debug][gc,director    ] Rule: Allocation Rate (Dynamic GC Workers), MaxAllocRate: 3921,8MB/s (+/-0,5%), Free: 3488MB, GCCPUTime: 0,407, GCDuration: 0,407s, TimeUntilOOM: 0,885s, TimeUntilGC: 0,379s, GCWorkers: 1 -> 1
[2024-02-14T16:49:53.908+0100][debug][gc,director    ] Rule: High Usage, Free: 3488MB(22,7%)
[2024-02-14T16:49:53.908+0100][debug][gc,director    ] Rule: Proactive, AcceptableGCInterval: 4,142s, TimeSinceLastGC: 2,847s, TimeUntilGC: 1,294s
[2024-02-14T16:49:54.008+0100][debug][gc,alloc       ] Allocation Rate: 3864,0MB/s, Predicted: 3843,3MB/s, Avg: 3858,8(+/-17,6)MB/s
[2024-02-14T16:49:54.008+0100][debug][gc,director    ] Select GC Workers (Normal), AvoidLongGCWorkers: 0,040, AvoidOOMGCWorkers: 0,492, LastGCWorkers: 1,000, GCWorkers: 0,492
[2024-02-14T16:49:54.008+0100][debug][gc,director    ] Rule: Allocation Rate (Dynamic GC Workers), MaxAllocRate: 3916,6MB/s (+/-0,5%), Free: 3234MB, GCCPUTime: 0,407, GCDuration: 0,407s, TimeUntilOOM: 0,822s, TimeUntilGC: 0,315s, GCWorkers: 1 -> 1
[2024-02-14T16:49:54.008+0100][debug][gc,director    ] Rule: High Usage, Free: 3234MB(21,1%)
[2024-02-14T16:49:54.008+0100][debug][gc,director    ] Rule: Proactive, AcceptableGCInterval: 4,142s, TimeSinceLastGC: 2,948s, TimeUntilGC: 1,194s
[2024-02-14T16:49:54.108+0100][debug][gc,alloc       ] Allocation Rate: 3870,0MB/s, Predicted: 3851,3MB/s, Avg: 3858,6(+/-17,4)MB/s
[2024-02-14T16:49:54.108+0100][debug][gc,director    ] Select GC Workers (Normal), AvoidLongGCWorkers: 0,040, AvoidOOMGCWorkers: 0,535, LastGCWorkers: 1,000, GCWorkers: 0,535
[2024-02-14T16:49:54.108+0100][debug][gc,director    ] Rule: Allocation Rate (Dynamic GC Workers), MaxAllocRate: 3915,9MB/s (+/-0,5%), Free: 2976MB, GCCPUTime: 0,407, GCDuration: 0,407s, TimeUntilOOM: 0,757s, TimeUntilGC: 0,250s, GCWorkers: 1 -> 1
[2024-02-14T16:49:54.108+0100][debug][gc,director    ] Rule: High Usage, Free: 2976MB(19,4%)
[2024-02-14T16:49:54.108+0100][debug][gc,director    ] Rule: Proactive, AcceptableGCInterval: 4,142s, TimeSinceLastGC: 3,048s, TimeUntilGC: 1,094s
[2024-02-14T16:49:54.207+0100][debug][gc,alloc       ] Allocation Rate: 3878,0MB/s, Predicted: 3862,7MB/s, Avg: 3859,2(+/-18,0)MB/s
[2024-02-14T16:49:54.207+0100][debug][gc,director    ] Select GC Workers (Normal), AvoidLongGCWorkers: 0,040, AvoidOOMGCWorkers: 0,701, LastGCWorkers: 1,000, GCWorkers: 0,701
[2024-02-14T16:49:54.207+0100][debug][gc,director    ] Rule: Allocation Rate (Dynamic GC Workers), MaxAllocRate: 3921,8MB/s (+/-0,5%), Free: 2278MB, GCCPUTime: 0,407, GCDuration: 0,407s, TimeUntilOOM: 0,578s, TimeUntilGC: 0,072s, GCWorkers: 1 -> 1
[2024-02-14T16:49:54.207+0100][debug][gc,director    ] Rule: High Usage, Free: 2278MB(14,8%)
[2024-02-14T16:49:54.207+0100][debug][gc,director    ] Rule: Proactive, AcceptableGCInterval: 4,142s, TimeSinceLastGC: 3,147s, TimeUntilGC: 0,995s
[2024-02-14T16:49:54.307+0100][debug][gc,alloc       ] Allocation Rate: 3884,0MB/s, Predicted: 3874,9MB/s, Avg: 3860,8(+/-19,3)MB/s
[2024-02-14T16:49:54.307+0100][debug][gc,director    ] Select GC Workers (Normal), AvoidLongGCWorkers: 0,040, AvoidOOMGCWorkers: 0,796, LastGCWorkers: 1,000, GCWorkers: 0,796
[2024-02-14T16:49:54.307+0100][debug][gc,director    ] Rule: Allocation Rate (Dynamic GC Workers), MaxAllocRate: 3938,5MB/s (+/-0,5%), Free: 2018MB, GCCPUTime: 0,407, GCDuration: 0,407s, TimeUntilOOM: 0,510s, TimeUntilGC: 0,003s, GCWorkers: 1 -> 1
[2024-02-14T16:49:54.307+0100][debug][gc,director    ] Rule: High Usage, Free: 2018MB(13,1%)
[2024-02-14T16:49:54.307+0100][debug][gc,director    ] Rule: Proactive, AcceptableGCInterval: 4,142s, TimeSinceLastGC: 3,247s, TimeUntilGC: 0,894s
[2024-02-14T16:49:54.408+0100][debug][gc,alloc       ] Allocation Rate: 3888,0MB/s, Predicted: 3886,1MB/s, Avg: 3863,4(+/-21,0)MB/s
[2024-02-14T16:49:54.408+0100][debug][gc,director    ] Select GC Workers (Normal), AvoidLongGCWorkers: 0,040, AvoidOOMGCWorkers: 0,918, LastGCWorkers: 1,000, GCWorkers: 0,918
[2024-02-14T16:49:54.408+0100][debug][gc,director    ] Rule: Allocation Rate (Dynamic GC Workers), MaxAllocRate: 3955,2MB/s (+/-0,5%), Free: 1760MB, GCCPUTime: 0,407, GCDuration: 0,407s, TimeUntilOOM: 0,443s, TimeUntilGC: -0,064s, GCWorkers: 1 -> 1
[2024-02-14T16:49:54.408+0100][debug][gc,heap        ] GC(18) Heap before GC invocations=18 (full 18):
[2024-02-14T16:49:54.408+0100][debug][gc,heap        ] GC(18)  ZHeap           used 13558M, capacity 14324M, max capacity 15360M
[2024-02-14T16:49:54.408+0100][debug][gc,heap        ] GC(18)  Metaspace       used 31354K, committed 31808K, reserved 1114112K
[2024-02-14T16:49:54.408+0100][debug][gc,heap        ] GC(18)   class space    used 3306K, committed 3520K, reserved 1048576K
[2024-02-14T16:49:54.408+0100][info ][gc,start       ] GC(18) Garbage Collection (Allocation Rate)
[2024-02-14T16:49:54.408+0100][info ][gc,task        ] GC(18) Using 1 workers
[2024-02-14T16:49:54.408+0100][debug][gc,phases,start] GC(18) Pause Mark Start
[2024-02-14T16:49:54.408+0100][debug][gc,marking     ] GC(18) Using 1 mark stripes
[2024-02-14T16:49:54.408+0100][debug][gc,marking     ] GC(18) Mark Worker/Stripe Distribution
[2024-02-14T16:49:54.408+0100][debug][gc,marking     ] GC(18)   Worker 0(1) -> Stripe 0(1)
[2024-02-14T16:49:54.408+0100][info ][gc,phases      ] GC(18) Pause Mark Start 0,047ms
[2024-02-14T16:49:54.408+0100][debug][gc,phases,start] GC(18) Concurrent Mark
[2024-02-14T16:49:54.408+0100][debug][gc,task        ] GC(18) Executing Task: XMarkRootsTask, Active Workers: 1
[2024-02-14T16:49:54.410+0100][debug][gc,tlab        ] GC(18) TLAB totals: thrds: 29  refills: 52375 max: 32117 slow allocs: 7624 max 602 waste:  0,7% gc: 2598936B max: 261880B slow: 96517840B max: 49294560B
[2024-02-14T16:49:54.410+0100][debug][gc,task        ] GC(18) Executing Task: XMarkTask, Active Workers: 1
[2024-02-14T16:49:54.486+0100][debug][gc,marking     ] Expanding mark stack space: 32M->64M
[2024-02-14T16:49:54.508+0100][debug][gc,alloc       ] Allocation Rate: 3872,0MB/s, Predicted: 3888,7MB/s, Avg: 3864,6(+/-21,1)MB/s
[2024-02-14T16:49:54.608+0100][debug][gc,alloc       ] Allocation Rate: 3762,0MB/s, Predicted: 3847,5MB/s, Avg: 3854,4(+/-37,3)MB/s
[2024-02-14T16:49:54.681+0100][info ][gc,phases      ] GC(18) Concurrent Mark 272,906ms
[2024-02-14T16:49:54.681+0100][debug][gc,phases,start] GC(18) Pause Mark End
[2024-02-14T16:49:54.681+0100][info ][gc,phases      ] GC(18) Pause Mark End 0,047ms
[2024-02-14T16:49:54.681+0100][debug][gc,phases,start] GC(18) Concurrent Mark Free
[2024-02-14T16:49:54.681+0100][info ][gc,phases      ] GC(18) Concurrent Mark Free 0,013ms
[2024-02-14T16:49:54.681+0100][debug][gc,phases,start] GC(18) Concurrent Process Non-Strong References
[2024-02-14T16:49:54.681+0100][debug][gc,phases,start] GC(18) Concurrent References Process
[2024-02-14T16:49:54.681+0100][debug][gc,task        ] GC(18) Executing Task: XReferenceProcessorTask, Active Workers: 1
[2024-02-14T16:49:54.689+0100][debug][gc,phases      ] GC(18) Concurrent References Process 7,864ms
[2024-02-14T16:49:54.689+0100][debug][gc,task        ] GC(18) Executing Task: XProcessWeakRootsTask, Active Workers: 1
[2024-02-14T16:49:54.690+0100][debug][gc,phases,start] GC(18) Concurrent Classes Unlink
[2024-02-14T16:49:54.690+0100][debug][gc,phases,start] GC(18) ClassLoaderData
[2024-02-14T16:49:54.690+0100][debug][gc,phases      ] GC(18) ClassLoaderData 0,027ms
[2024-02-14T16:49:54.690+0100][debug][gc,phases,start] GC(18) Trigger cleanups
[2024-02-14T16:49:54.690+0100][debug][gc,phases      ] GC(18) Trigger cleanups 0,004ms
[2024-02-14T16:49:54.690+0100][debug][gc,task        ] GC(18) Executing Task: XNMethodUnlinkTask, Active Workers: 1
[2024-02-14T16:49:54.694+0100][debug][gc,phases      ] GC(18) Concurrent Classes Unlink 4,050ms
[2024-02-14T16:49:54.694+0100][debug][gc,phases,start] GC(18) Concurrent Classes Purge
[2024-02-14T16:49:54.694+0100][debug][gc,nmethod     ] GC(18) Unregister NMethod: java.util.concurrent.ForkJoinTask.doExec (0x00007f9f0c153c90)
[2024-02-14T16:49:54.694+0100][debug][gc,nmethod     ] GC(18) Unregister NMethod: net.openhft.chronicle.bytes.AbstractBytes.readShort (0x00007f9f0bee2f90)
[2024-02-14T16:49:54.694+0100][debug][gc,nmethod     ] GC(18) Unregister NMethod: java.nio.HeapByteBuffer.get (0x00007f9f0c18f310)
[2024-02-14T16:49:54.694+0100][debug][gc,nmethod     ] GC(18) Unregister NMethod: java.util.concurrent.ForkJoinPool.signalWork (0x00007f9f0c168a90)
[2024-02-14T16:49:54.694+0100][debug][gc,nmethod     ] GC(18) Unregister NMethod: java.util.concurrent.ForkJoinPool.scan (0x00007f9f0c142a90)
[2024-02-14T16:49:54.694+0100][debug][gc,nmethod     ] GC(18) Unregister NMethod: sun.nio.fs.UnixPath.normalizeAndCheck (0x00007f9f0bfb9490)
[2024-02-14T16:49:54.694+0100][debug][gc,phases      ] GC(18) Concurrent Classes Purge 0,058ms
[2024-02-14T16:49:54.694+0100][debug][gc,phases,start] GC(18) Concurrent References Enqueue
[2024-02-14T16:49:54.694+0100][debug][gc,phases      ] GC(18) Concurrent References Enqueue 0,006ms
[2024-02-14T16:49:54.694+0100][info ][gc,phases      ] GC(18) Concurrent Process Non-Strong References 12,810ms
[2024-02-14T16:49:54.694+0100][debug][gc,phases,start] GC(18) Concurrent Reset Relocation Set
[2024-02-14T16:49:54.694+0100][info ][gc,phases      ] GC(18) Concurrent Reset Relocation Set 0,067ms
[2024-02-14T16:49:54.694+0100][debug][gc,phases,start] GC(18) Concurrent Select Relocation Set
[2024-02-14T16:49:54.695+0100][debug][gc,task        ] GC(18) Executing Task: XRelocationSetInstallTask, Active Workers: 1
[2024-02-14T16:49:54.696+0100][info ][gc,phases      ] GC(18) Concurrent Select Relocation Set 1,472ms
[2024-02-14T16:49:54.696+0100][debug][gc,phases,start] GC(18) Pause Relocate Start
[2024-02-14T16:49:54.696+0100][info ][gc,phases      ] GC(18) Pause Relocate Start 0,023ms
[2024-02-14T16:49:54.696+0100][debug][gc,phases,start] GC(18) Concurrent Relocate
[2024-02-14T16:49:54.696+0100][debug][gc,task        ] GC(18) Executing Task: XRelocateTask, Active Workers: 1
[2024-02-14T16:49:54.707+0100][debug][gc,alloc       ] Allocation Rate: 3650,0MB/s, Predicted: 3766,7MB/s, Avg: 3833,6(+/-71,7)MB/s
[2024-02-14T16:49:54.709+0100][info ][gc,phases      ] GC(18) Concurrent Relocate 13,291ms
[2024-02-14T16:49:54.709+0100][debug][gc,heap        ] GC(18) Heap after GC invocations=19 (full 19):
[2024-02-14T16:49:54.709+0100][debug][gc,heap        ] GC(18)  ZHeap           used 1622M, capacity 14498M, max capacity 15360M
[2024-02-14T16:49:54.709+0100][debug][gc,heap        ] GC(18)  Metaspace       used 31354K, committed 31808K, reserved 1114112K
[2024-02-14T16:49:54.709+0100][debug][gc,heap        ] GC(18)   class space    used 3306K, committed 3520K, reserved 1048576K
[2024-02-14T16:49:54.709+0100][info ][gc,load        ] GC(18) Load: 3,62/1,74/1,70
[2024-02-14T16:49:54.709+0100][info ][gc,mmu         ] GC(18) MMU: 2ms/92,8%, 5ms/97,1%, 10ms/98,6%, 20ms/99,1%, 50ms/99,6%, 100ms/99,8%
[2024-02-14T16:49:54.709+0100][info ][gc,marking     ] GC(18) Mark: 1 stripe(s), 2 proactive flush(es), 1 terminate flush(es), 0 completion(s), 0 continuation(s) 
[2024-02-14T16:49:54.709+0100][info ][gc,marking     ] GC(18) Mark Stack Usage: 64M
[2024-02-14T16:49:54.709+0100][info ][gc,nmethod     ] GC(18) NMethods: 4044 registered, 1175 unregistered
[2024-02-14T16:49:54.709+0100][info ][gc,metaspace   ] GC(18) Metaspace: 30M used, 31M committed, 1088M reserved
[2024-02-14T16:49:54.709+0100][info ][gc,ref         ] GC(18) Soft: 3825 encountered, 0 discovered, 0 enqueued
[2024-02-14T16:49:54.709+0100][info ][gc,ref         ] GC(18) Weak: 1905 encountered, 445 discovered, 0 enqueued
[2024-02-14T16:49:54.709+0100][info ][gc,ref         ] GC(18) Final: 21030 encountered, 21030 discovered, 21030 enqueued
[2024-02-14T16:49:54.709+0100][info ][gc,ref         ] GC(18) Phantom: 21472 encountered, 21322 discovered, 21088 enqueued
[2024-02-14T16:49:54.709+0100][info ][gc,reloc       ] GC(18) Small Pages: 6763 / 13526M, Empty: 7186M, Relocated: 4M, In-Place: 0
[2024-02-14T16:49:54.709+0100][info ][gc,reloc       ] GC(18) Medium Pages: 1 / 32M, Empty: 0M, Relocated: 0M, In-Place: 0
[2024-02-14T16:49:54.709+0100][info ][gc,reloc       ] GC(18) Large Pages: 0 / 0M, Empty: 0M, Relocated: 0M, In-Place: 0
[2024-02-14T16:49:54.709+0100][info ][gc,reloc       ] GC(18) Forwarding Usage: 2M
[2024-02-14T16:49:54.709+0100][info ][gc,heap        ] GC(18) Min Capacity: 5120M(33%)
[2024-02-14T16:49:54.709+0100][info ][gc,heap        ] GC(18) Max Capacity: 15360M(100%)
[2024-02-14T16:49:54.709+0100][info ][gc,heap        ] GC(18) Soft Max Capacity: 15360M(100%)
[2024-02-14T16:49:54.709+0100][info ][gc,heap        ] GC(18)                Mark Start          Mark End        Relocate Start      Relocate End           High               Low         
[2024-02-14T16:49:54.709+0100][info ][gc,heap        ] GC(18)  Capacity:    14324M (93%)       14480M (94%)       14498M (94%)       14498M (94%)       14498M (94%)       14324M (93%)    
[2024-02-14T16:49:54.709+0100][info ][gc,heap        ] GC(18)      Free:     1802M (12%)         880M (6%)         8044M (52%)       13738M (89%)       13738M (89%)         862M (6%)     
[2024-02-14T16:49:54.709+0100][info ][gc,heap        ] GC(18)      Used:    13558M (88%)       14480M (94%)        7316M (48%)        1622M (11%)       14498M (94%)        1622M (11%)    
[2024-02-14T16:49:54.709+0100][info ][gc,heap        ] GC(18)      Live:         -               475M (3%)          475M (3%)          475M (3%)             -                  -          
[2024-02-14T16:49:54.709+0100][info ][gc,heap        ] GC(18) Allocated:         -               922M (6%)          944M (6%)          974M (6%)             -                  -          
[2024-02-14T16:49:54.710+0100][info ][gc,heap        ] GC(18)   Garbage:         -             13082M (85%)        5896M (38%)         172M (1%)             -                  -          
[2024-02-14T16:49:54.710+0100][info ][gc,heap        ] GC(18) Reclaimed:         -                  -              7186M (47%)       12910M (84%)            -                  -          
[2024-02-14T16:49:54.710+0100][info ][gc             ] GC(18) Garbage Collection (Allocation Rate) 13558M(88%)->1622M(11%)
[2024-02-14T16:49:54.807+0100][debug][gc,alloc       ] Allocation Rate: 3414,0MB/s, Predicted: 3592,0MB/s, Avg: 3794,2(+/-145,4)MB/s
[2024-02-14T16:49:54.807+0100][debug][gc,director    ] Select GC Workers (Normal), AvoidLongGCWorkers: 0,047, AvoidOOMGCWorkers: 0,156, LastGCWorkers: 1,000, GCWorkers: 0,156
[2024-02-14T16:49:54.807+0100][debug][gc,director    ] Rule: Allocation Rate (Dynamic GC Workers), MaxAllocRate: 4272,5MB/s (+/-3,8%), Free: 13440MB, GCCPUTime: 0,476, GCDuration: 0,476s, TimeUntilOOM: 3,030s, TimeUntilGC: 2,453s, GCWorkers: 1 -> 1
[2024-02-14T16:49:54.807+0100][debug][gc,director    ] Rule: High Usage, Free: 13440MB(87,5%)
[2024-02-14T16:49:54.807+0100][debug][gc,director    ] Rule: Proactive, UsedUntilEnabled: 1280MB, TimeUntilEnabled: 299,902s
[2024-02-14T16:49:54.907+0100][debug][gc,alloc       ] Allocation Rate: 3544,0MB/s, Predicted: 3509,5MB/s, Avg: 3762,6(+/-161,1)MB/s
[2024-02-14T16:49:54.908+0100][debug][gc,director    ] Select GC Workers (Normal), AvoidLongGCWorkers: 0,047, AvoidOOMGCWorkers: 0,165, LastGCWorkers: 1,000, GCWorkers: 0,165
[2024-02-14T16:49:54.908+0100][debug][gc,director    ] Rule: Allocation Rate (Dynamic GC Workers), MaxAllocRate: 4292,7MB/s (+/-4,3%), Free: 12854MB, GCCPUTime: 0,476, GCDuration: 0,476s, TimeUntilOOM: 2,871s, TimeUntilGC: 2,295s, GCWorkers: 1 -> 1
[2024-02-14T16:49:54.908+0100][debug][gc,director    ] Rule: High Usage, Free: 12854MB(83,7%)
[2024-02-14T16:49:54.908+0100][debug][gc,director    ] Rule: Proactive, UsedUntilEnabled: 694MB, TimeUntilEnabled: 299,802s
[2024-02-14T16:49:55.008+0100][debug][gc,alloc       ] Allocation Rate: 3648,0MB/s, Predicted: 3490,7MB/s, Avg: 3741,0(+/-160,5)MB/s
[2024-02-14T16:49:55.008+0100][debug][gc,director    ] Select GC Workers (Normal), AvoidLongGCWorkers: 0,047, AvoidOOMGCWorkers: 0,168, LastGCWorkers: 1,000, GCWorkers: 0,168
[2024-02-14T16:49:55.008+0100][debug][gc,director    ] Rule: Allocation Rate (Dynamic GC Workers), MaxAllocRate: 4269,3MB/s (+/-4,3%), Free: 12498MB, GCCPUTime: 0,476, GCDuration: 0,476s, TimeUntilOOM: 2,807s, TimeUntilGC: 2,231s, GCWorkers: 1 -> 1
[2024-02-14T16:49:55.008+0100][debug][gc,director    ] Rule: High Usage, Free: 12498MB(81,4%)
[2024-02-14T16:49:55.008+0100][debug][gc,director    ] Rule: Proactive, UsedUntilEnabled: 338MB, TimeUntilEnabled: 299,702s
[2024-02-14T16:49:55.108+0100][debug][gc,alloc       ] Allocation Rate: 3646,0MB/s, Predicted: 3487,1MB/s, Avg: 3718,6(+/-156,6)MB/s
[2024-02-14T16:49:55.108+0100][debug][gc,director    ] Select GC Workers (Normal), AvoidLongGCWorkers: 0,047, AvoidOOMGCWorkers: 0,170, LastGCWorkers: 1,000, GCWorkers: 0,170
[2024-02-14T16:49:55.108+0100][debug][gc,director    ] Rule: Allocation Rate (Dynamic GC Workers), MaxAllocRate: 4233,8MB/s (+/-4,2%), Free: 12242MB, GCCPUTime: 0,476, GCDuration: 0,476s, TimeUntilOOM: 2,775s, TimeUntilGC: 2,198s, GCWorkers: 1 -> 1
[2024-02-14T16:49:55.108+0100][debug][gc,director    ] Rule: High Usage, Free: 12242MB(79,7%)
[2024-02-14T16:49:55.108+0100][debug][gc,director    ] Rule: Proactive, UsedUntilEnabled: 82MB, TimeUntilEnabled: 299,602s
[2024-02-14T16:49:55.208+0100][debug][gc,alloc       ] Allocation Rate: 3208,0MB/s, Predicted: 3325,3MB/s, Avg: 3651,6(+/-208,7)MB/s
[2024-02-14T16:49:55.208+0100][debug][gc,director    ] Select GC Workers (Normal), AvoidLongGCWorkers: 0,047, AvoidOOMGCWorkers: 0,181, LastGCWorkers: 1,000, GCWorkers: 0,181
[2024-02-14T16:49:55.208+0100][debug][gc,director    ] Rule: Allocation Rate (Dynamic GC Workers), MaxAllocRate: 4338,3MB/s (+/-5,7%), Free: 11982MB, GCCPUTime: 0,476, GCDuration: 0,476s, TimeUntilOOM: 2,613s, TimeUntilGC: 2,036s, GCWorkers: 1 -> 1
[2024-02-14T16:49:55.208+0100][debug][gc,director    ] Rule: High Usage, Free: 11982MB(78,0%)
[2024-02-14T16:49:55.208+0100][debug][gc,director    ] Rule: Proactive, AcceptableGCInterval: 4,824s, TimeSinceLastGC: 0,499s, TimeUntilGC: 4,325s
[2024-02-14T16:49:55.307+0100][debug][gc,alloc       ] Allocation Rate: 3638,0MB/s, Predicted: 3381,9MB/s, Avg: 3627,0(+/-193,8)MB/s
[2024-02-14T16:49:55.307+0100][debug][gc,director    ] Select GC Workers (Normal), AvoidLongGCWorkers: 0,047, AvoidOOMGCWorkers: 0,188, LastGCWorkers: 1,000, GCWorkers: 0,188
[2024-02-14T16:49:55.307+0100][debug][gc,director    ] Rule: Allocation Rate (Dynamic GC Workers), MaxAllocRate: 4264,8MB/s (+/-5,3%), Free: 11292MB, GCCPUTime: 0,476, GCDuration: 0,476s, TimeUntilOOM: 2,513s, TimeUntilGC: 1,937s, GCWorkers: 1 -> 1
[2024-02-14T16:49:55.307+0100][debug][gc,director    ] Rule: High Usage, Free: 11292MB(73,5%)
[2024-02-14T16:49:55.307+0100][debug][gc,director    ] Rule: Proactive, AcceptableGCInterval: 4,824s, TimeSinceLastGC: 0,598s, TimeUntilGC: 4,226s
[2024-02-14T16:49:55.308+0100][info ][gc,stats       ] === Garbage Collection Statistics =======================================================================================================================
[2024-02-14T16:49:55.308+0100][info ][gc,stats       ]                                                              Last 10s              Last 10m              Last 10h                Total
[2024-02-14T16:49:55.308+0100][info ][gc,stats       ]                                                              Avg / Max             Avg / Max             Avg / Max             Avg / Max
[2024-02-14T16:49:55.308+0100][info ][gc,stats       ]   Collector: Garbage Collection Cycle                    241,868 / 301,526     235,163 / 623,071     235,163 / 623,071     235,163 / 623,071     ms
[2024-02-14T16:49:55.308+0100][info ][gc,stats       ]  Contention: Mark Segment Reset Contention                     0 / 0                 2 / 70                2 / 70                2 / 70          ops/s
[2024-02-14T16:49:55.308+0100][info ][gc,stats       ]  Contention: Mark SeqNum Reset Contention                      0 / 0                 0 / 0                 0 / 0                 0 / 0           ops/s
[2024-02-14T16:49:55.308+0100][info ][gc,stats       ]    Critical: Allocation Stall                                  0 / 0                 0 / 0                 0 / 0                 0 / 0           ops/s
[2024-02-14T16:49:55.308+0100][info ][gc,stats       ]    Critical: Allocation Stall                              0,000 / 0,000         0,000 / 0,000         0,000 / 0,000         0,000 / 0,000       ms
[2024-02-14T16:49:55.308+0100][info ][gc,stats       ]    Critical: GC Locker Stall                                   0 / 0                 0 / 1                 0 / 1                 0 / 1           ops/s
[2024-02-14T16:49:55.308+0100][info ][gc,stats       ]    Critical: GC Locker Stall                               0,000 / 0,000         0,093 / 0,094         0,093 / 0,094         0,093 / 0,094       ms
[2024-02-14T16:49:55.308+0100][info ][gc,stats       ]    Critical: Relocation Stall                                  0 / 0                 0 / 0                 0 / 0                 0 / 0           ops/s
[2024-02-14T16:49:55.308+0100][info ][gc,stats       ]    Critical: Relocation Stall                              0,000 / 0,000         0,000 / 0,000         0,000 / 0,000         0,000 / 0,000       ms
[2024-02-14T16:49:55.308+0100][info ][gc,stats       ]      Memory: Allocation Rate                                3793 / 3906           2766 / 4428           2766 / 4428           2766 / 4428        MB/s
[2024-02-14T16:49:55.308+0100][info ][gc,stats       ]      Memory: Defragment                                        0 / 0                 0 / 0                 0 / 0                 0 / 0           ops/s
[2024-02-14T16:49:55.308+0100][info ][gc,stats       ]      Memory: Out Of Memory                                     0 / 0                 0 / 0                 0 / 0                 0 / 0           ops/s
[2024-02-14T16:49:55.308+0100][info ][gc,stats       ]      Memory: Page Cache Flush                                  0 / 0                 0 / 0                 0 / 0                 0 / 0           MB/s
[2024-02-14T16:49:55.308+0100][info ][gc,stats       ]      Memory: Page Cache Hit L1                              1888 / 1953           1264 / 2214           1264 / 2214           1264 / 2214        ops/s
[2024-02-14T16:49:55.308+0100][info ][gc,stats       ]      Memory: Page Cache Hit L2                                 0 / 0                 0 / 0                 0 / 0                 0 / 0           ops/s
[2024-02-14T16:49:55.308+0100][info ][gc,stats       ]      Memory: Page Cache Hit L3                                 0 / 0                43 / 915              43 / 915              43 / 915         ops/s
[2024-02-14T16:49:55.308+0100][info ][gc,stats       ]      Memory: Page Cache Miss                                   8 / 87               80 / 600              80 / 600              80 / 600         ops/s
[2024-02-14T16:49:55.308+0100][info ][gc,stats       ]      Memory: Uncommit                                          0 / 0                 0 / 0                 0 / 0                 0 / 0           MB/s
[2024-02-14T16:49:55.308+0100][info ][gc,stats       ]      Memory: Undo Object Allocation Failed                     0 / 0                 0 / 0                 0 / 0                 0 / 0           ops/s
[2024-02-14T16:49:55.308+0100][info ][gc,stats       ]      Memory: Undo Object Allocation Succeeded                  0 / 0                 0 / 14                0 / 14                0 / 14          ops/s
[2024-02-14T16:49:55.308+0100][info ][gc,stats       ]      Memory: Undo Page Allocation                              0 / 0                 1 / 31                1 / 31                1 / 31          ops/s
[2024-02-14T16:49:55.308+0100][info ][gc,stats       ]       Phase: Concurrent Mark                             212,881 / 272,906     202,872 / 580,975     202,872 / 580,975     202,872 / 580,975     ms
[2024-02-14T16:49:55.308+0100][info ][gc,stats       ]       Phase: Concurrent Mark Continue                      0,000 / 0,000         0,000 / 0,000         0,000 / 0,000         0,000 / 0,000       ms
[2024-02-14T16:49:55.308+0100][info ][gc,stats       ]       Phase: Concurrent Mark Free                          0,018 / 0,024         0,179 / 1,509         0,179 / 1,509         0,179 / 1,509       ms
[2024-02-14T16:49:55.308+0100][info ][gc,stats       ]       Phase: Concurrent Process Non-Strong References     12,498 / 13,056       10,176 / 16,291       10,176 / 16,291       10,176 / 16,291      ms
[2024-02-14T16:49:55.308+0100][info ][gc,stats       ]       Phase: Concurrent Relocate                          13,529 / 13,894       16,418 / 80,437       16,418 / 80,437       16,418 / 80,437      ms
[2024-02-14T16:49:55.308+0100][info ][gc,stats       ]       Phase: Concurrent Reset Relocation Set               0,075 / 0,085         0,059 / 0,112         0,059 / 0,112         0,059 / 0,112       ms
[2024-02-14T16:49:55.308+0100][info ][gc,stats       ]       Phase: Concurrent Select Relocation Set              1,893 / 2,234         4,260 / 24,137        4,260 / 24,137        4,260 / 24,137      ms
[2024-02-14T16:49:55.308+0100][info ][gc,stats       ]       Phase: Pause Mark End                                0,038 / 0,047         0,044 / 0,067         0,044 / 0,067         0,044 / 0,067       ms
[2024-02-14T16:49:55.308+0100][info ][gc,stats       ]       Phase: Pause Mark Start                              0,050 / 0,052         0,080 / 0,144         0,080 / 0,144         0,080 / 0,144       ms
[2024-02-14T16:49:55.308+0100][info ][gc,stats       ]       Phase: Pause Relocate Start                          0,027 / 0,035         0,036 / 0,054         0,036 / 0,054         0,036 / 0,054       ms
[2024-02-14T16:49:55.308+0100][info ][gc,stats       ]    Subphase: Concurrent Classes Purge                      0,074 / 0,086         0,918 / 5,566         0,918 / 5,566         0,918 / 5,566       ms
[2024-02-14T16:49:55.308+0100][info ][gc,stats       ]    Subphase: Concurrent Classes Unlink                     3,995 / 4,050         3,226 / 6,276         3,226 / 6,276         3,226 / 6,276       ms
[2024-02-14T16:49:55.308+0100][info ][gc,stats       ]    Subphase: Concurrent Mark                             211,167 / 271,187     148,613 / 578,370     148,613 / 578,370     148,613 / 578,370     ms
[2024-02-14T16:49:55.308+0100][info ][gc,stats       ]    Subphase: Concurrent Mark Try Flush                     0,129 / 0,219         0,369 / 16,348        0,369 / 16,348        0,369 / 16,348      ms
[2024-02-14T16:49:55.308+0100][info ][gc,stats       ]    Subphase: Concurrent Mark Try Terminate                 0,037 / 0,110         0,772 / 1,262         0,772 / 1,262         0,772 / 1,262       ms
[2024-02-14T16:49:55.308+0100][info ][gc,stats       ]    Subphase: Concurrent References Enqueue                 0,008 / 0,010         0,010 / 0,012         0,010 / 0,012         0,010 / 0,012       ms
[2024-02-14T16:49:55.308+0100][info ][gc,stats       ]    Subphase: Concurrent References Process                 7,564 / 7,984         5,173 / 10,523        5,173 / 10,523        5,173 / 10,523      ms
[2024-02-14T16:49:55.308+0100][info ][gc,stats       ]    Subphase: Concurrent Roots ClassLoaderDataGraph         0,118 / 0,131         0,090 / 0,310         0,090 / 0,310         0,090 / 0,310       ms
[2024-02-14T16:49:55.308+0100][info ][gc,stats       ]    Subphase: Concurrent Roots CodeCache                    0,000 / 0,000         0,000 / 0,000         0,000 / 0,000         0,000 / 0,000       ms
[2024-02-14T16:49:55.308+0100][info ][gc,stats       ]    Subphase: Concurrent Roots JavaThreads                  1,080 / 1,253         0,747 / 1,932         0,747 / 1,932         0,747 / 1,932       ms
[2024-02-14T16:49:55.308+0100][info ][gc,stats       ]    Subphase: Concurrent Roots OopStorageSet                0,037 / 0,041         0,163 / 0,964         0,163 / 0,964         0,163 / 0,964       ms
[2024-02-14T16:49:55.308+0100][info ][gc,stats       ]    Subphase: Concurrent Weak Roots OopStorageSet           0,395 / 0,454         0,259 / 0,778         0,259 / 0,778         0,259 / 0,778       ms
[2024-02-14T16:49:55.308+0100][info ][gc,stats       ]    Subphase: Pause Mark Try Complete                       0,000 / 0,000         0,000 / 0,000         0,000 / 0,000         0,000 / 0,000       ms
[2024-02-14T16:49:55.308+0100][info ][gc,stats       ]      System: Java Threads                                     42 / 43               39 / 46               39 / 46               39 / 46          threads
[2024-02-14T16:49:55.308+0100][info ][gc,stats       ] =========================================================================================================================================================
[2024-02-14T16:49:55.407+0100][debug][gc,alloc       ] Allocation Rate: 3632,0MB/s, Predicted: 3453,5MB/s, Avg: 3601,4(+/-173,5)MB/s
[2024-02-14T16:49:55.407+0100][debug][gc,director    ] Select GC Workers (Normal), AvoidLongGCWorkers: 0,047, AvoidOOMGCWorkers: 0,187, LastGCWorkers: 1,000, GCWorkers: 0,187
[2024-02-14T16:49:55.407+0100][debug][gc,director    ] Rule: Allocation Rate (Dynamic GC Workers), MaxAllocRate: 4172,3MB/s (+/-4,8%), Free: 11040MB, GCCPUTime: 0,476, GCDuration: 0,476s, TimeUntilOOM: 2,524s, TimeUntilGC: 1,948s, GCWorkers: 1 -> 1
[2024-02-14T16:49:55.407+0100][debug][gc,director    ] Rule: High Usage, Free: 11038MB(71,9%)
[2024-02-14T16:49:55.407+0100][debug][gc,director    ] Rule: Proactive, AcceptableGCInterval: 4,824s, TimeSinceLastGC: 0,698s, TimeUntilGC: 4,126s
[2024-02-14T16:49:55.507+0100][debug][gc,alloc       ] Allocation Rate: 3194,0MB/s, Predicted: 3362,7MB/s, Avg: 3533,6(+/-186,5)MB/s
[2024-02-14T16:49:55.507+0100][debug][gc,director    ] Select GC Workers (Normal), AvoidLongGCWorkers: 0,047, AvoidOOMGCWorkers: 0,191, LastGCWorkers: 1,000, GCWorkers: 0,191
[2024-02-14T16:49:55.507+0100][debug][gc,director    ] Rule: Allocation Rate (Dynamic GC Workers), MaxAllocRate: 4147,2MB/s (+/-5,3%), Free: 10784MB, GCCPUTime: 0,476, GCDuration: 0,476s, TimeUntilOOM: 2,470s, TimeUntilGC: 1,894s, GCWorkers: 1 -> 1
[2024-02-14T16:49:55.507+0100][debug][gc,director    ] Rule: High Usage, Free: 10784MB(70,2%)
[2024-02-14T16:49:55.507+0100][debug][gc,director    ] Rule: Proactive, AcceptableGCInterval: 4,824s, TimeSinceLastGC: 0,798s, TimeUntilGC: 4,026s
[2024-02-14T16:49:55.607+0100][debug][gc,alloc       ] Allocation Rate: 3752,0MB/s, Predicted: 3510,9MB/s, Avg: 3532,6(+/-185,3)MB/s
[2024-02-14T16:49:55.607+0100][debug][gc,director    ] Select GC Workers (Normal), AvoidLongGCWorkers: 0,047, AvoidOOMGCWorkers: 0,204, LastGCWorkers: 1,000, GCWorkers: 0,204
[2024-02-14T16:49:55.607+0100][debug][gc,director    ] Rule: Allocation Rate (Dynamic GC Workers), MaxAllocRate: 4142,3MB/s (+/-5,2%), Free: 10092MB, GCCPUTime: 0,476, GCDuration: 0,476s, TimeUntilOOM: 2,315s, TimeUntilGC: 1,739s, GCWorkers: 1 -> 1
[2024-02-14T16:49:55.607+0100][debug][gc,director    ] Rule: High Usage, Free: 10092MB(65,7%)
[2024-02-14T16:49:55.608+0100][debug][gc,director    ] Rule: Proactive, AcceptableGCInterval: 4,824s, TimeSinceLastGC: 0,898s, TimeUntilGC: 3,926s
[2024-02-14T16:49:55.708+0100][debug][gc,alloc       ] Allocation Rate: 3866,0MB/s, Predicted: 3675,6MB/s, Avg: 3554,2(+/-208,8)MB/s
[2024-02-14T16:49:55.708+0100][debug][gc,director    ] Select GC Workers (Normal), AvoidLongGCWorkers: 0,047, AvoidOOMGCWorkers: 0,222, LastGCWorkers: 1,000, GCWorkers: 0,222
[2024-02-14T16:49:55.708+0100][debug][gc,director    ] Rule: Allocation Rate (Dynamic GC Workers), MaxAllocRate: 4362,7MB/s (+/-5,9%), Free: 9836MB, GCCPUTime: 0,476, GCDuration: 0,476s, TimeUntilOOM: 2,129s, TimeUntilGC: 1,553s, GCWorkers: 1 -> 1
[2024-02-14T16:49:55.708+0100][debug][gc,director    ] Rule: High Usage, Free: 9836MB(64,0%)
[2024-02-14T16:49:55.708+0100][debug][gc,director    ] Rule: Proactive, AcceptableGCInterval: 4,824s, TimeSinceLastGC: 0,998s, TimeUntilGC: 3,826s
[2024-02-14T16:49:55.808+0100][debug][gc,alloc       ] Allocation Rate: 3862,0MB/s, Predicted: 3761,3MB/s, Avg: 3599,0(+/-221,6)MB/s
[2024-02-14T16:49:55.808+0100][debug][gc,director    ] Select GC Workers (Normal), AvoidLongGCWorkers: 0,047, AvoidOOMGCWorkers: 0,235, LastGCWorkers: 1,000, GCWorkers: 0,235
[2024-02-14T16:49:55.808+0100][debug][gc,director    ] Rule: Allocation Rate (Dynamic GC Workers), MaxAllocRate: 4490,5MB/s (+/-6,2%), Free: 9580MB, GCCPUTime: 0,476, GCDuration: 0,476s, TimeUntilOOM: 2,010s, TimeUntilGC: 1,433s, GCWorkers: 1 -> 1
[2024-02-14T16:49:55.808+0100][debug][gc,director    ] Rule: High Usage, Free: 9580MB(62,4%)
[2024-02-14T16:49:55.808+0100][debug][gc,director    ] Rule: Proactive, AcceptableGCInterval: 4,824s, TimeSinceLastGC: 1,098s, TimeUntilGC: 3,726s
[2024-02-14T16:49:55.908+0100][debug][gc,alloc       ] Allocation Rate: 3872,0MB/s, Predicted: 3855,9MB/s, Avg: 3631,8(+/-234,9)MB/s
[2024-02-14T16:49:55.908+0100][debug][gc,director    ] Select GC Workers (Normal), AvoidLongGCWorkers: 0,047, AvoidOOMGCWorkers: 0,260, LastGCWorkers: 1,000, GCWorkers: 0,260
[2024-02-14T16:49:55.908+0100][debug][gc,director    ] Rule: Allocation Rate (Dynamic GC Workers), MaxAllocRate: 4628,8MB/s (+/-6,5%), Free: 8982MB, GCCPUTime: 0,476, GCDuration: 0,476s, TimeUntilOOM: 1,823s, TimeUntilGC: 1,246s, GCWorkers: 1 -> 1
[2024-02-14T16:49:55.908+0100][debug][gc,director    ] Rule: High Usage, Free: 8982MB(58,5%)
[2024-02-14T16:49:55.908+0100][debug][gc,director    ] Rule: Proactive, AcceptableGCInterval: 4,824s, TimeSinceLastGC: 1,199s, TimeUntilGC: 3,625s
[2024-02-14T16:49:56.007+0100][debug][gc,alloc       ] Allocation Rate: 3872,0MB/s, Predicted: 3956,3MB/s, Avg: 3654,2(+/-245,8)MB/s
[2024-02-14T16:49:56.007+0100][debug][gc,director    ] Select GC Workers (Normal), AvoidLongGCWorkers: 0,047, AvoidOOMGCWorkers: 0,279, LastGCWorkers: 1,000, GCWorkers: 0,279
[2024-02-14T16:49:56.007+0100][debug][gc,director    ] Rule: Allocation Rate (Dynamic GC Workers), MaxAllocRate: 4765,1MB/s (+/-6,7%), Free: 8626MB, GCCPUTime: 0,476, GCDuration: 0,476s, TimeUntilOOM: 1,696s, TimeUntilGC: 1,120s, GCWorkers: 1 -> 1
[2024-02-14T16:49:56.007+0100][debug][gc,director    ] Rule: High Usage, Free: 8626MB(56,2%)
[2024-02-14T16:49:56.007+0100][debug][gc,director    ] Rule: Proactive, AcceptableGCInterval: 4,824s, TimeSinceLastGC: 1,298s, TimeUntilGC: 3,526s
[2024-02-14T16:49:56.107+0100][debug][gc,alloc       ] Allocation Rate: 3874,0MB/s, Predicted: 4042,0MB/s, Avg: 3677,0(+/-254,4)MB/s
[2024-02-14T16:49:56.107+0100][debug][gc,director    ] Select GC Workers (Normal), AvoidLongGCWorkers: 0,047, AvoidOOMGCWorkers: 0,295, LastGCWorkers: 1,000, GCWorkers: 0,295
[2024-02-14T16:49:56.107+0100][debug][gc,director    ] Rule: Allocation Rate (Dynamic GC Workers), MaxAllocRate: 4879,1MB/s (+/-6,9%), Free: 8368MB, GCCPUTime: 0,476, GCDuration: 0,476s, TimeUntilOOM: 1,604s, TimeUntilGC: 1,028s, GCWorkers: 1 -> 1
[2024-02-14T16:49:56.107+0100][debug][gc,director    ] Rule: High Usage, Free: 8368MB(54,5%)
[2024-02-14T16:49:56.107+0100][debug][gc,director    ] Rule: Proactive, AcceptableGCInterval: 4,824s, TimeSinceLastGC: 1,398s, TimeUntilGC: 3,426s
[2024-02-14T16:49:56.207+0100][debug][gc,alloc       ] Allocation Rate: 3866,0MB/s, Predicted: 3992,5MB/s, Avg: 3742,8(+/-204,9)MB/s
[2024-02-14T16:49:56.207+0100][debug][gc,director    ] Select GC Workers (Normal), AvoidLongGCWorkers: 0,047, AvoidOOMGCWorkers: 0,287, LastGCWorkers: 1,000, GCWorkers: 0,287
[2024-02-14T16:49:56.207+0100][debug][gc,director    ] Rule: Allocation Rate (Dynamic GC Workers), MaxAllocRate: 4666,6MB/s (+/-5,5%), Free: 8116MB, GCCPUTime: 0,476, GCDuration: 0,476s, TimeUntilOOM: 1,649s, TimeUntilGC: 1,073s, GCWorkers: 1 -> 1
[2024-02-14T16:49:56.207+0100][debug][gc,director    ] Rule: High Usage, Free: 8116MB(52,8%)
[2024-02-14T16:49:56.208+0100][debug][gc,director    ] Rule: Proactive, AcceptableGCInterval: 4,824s, TimeSinceLastGC: 1,498s, TimeUntilGC: 3,326s
[2024-02-14T16:49:56.308+0100][debug][gc,alloc       ] Allocation Rate: 3878,0MB/s, Predicted: 4018,7MB/s, Avg: 3766,8(+/-205,2)MB/s
[2024-02-14T16:49:56.308+0100][debug][gc,director    ] Select GC Workers (Normal), AvoidLongGCWorkers: 0,047, AvoidOOMGCWorkers: 0,316, LastGCWorkers: 1,000, GCWorkers: 0,316
[2024-02-14T16:49:56.308+0100][debug][gc,director    ] Rule: Allocation Rate (Dynamic GC Workers), MaxAllocRate: 4694,0MB/s (+/-5,4%), Free: 7414MB, GCCPUTime: 0,476, GCDuration: 0,476s, TimeUntilOOM: 1,498s, TimeUntilGC: 0,922s, GCWorkers: 1 -> 1
[2024-02-14T16:49:56.308+0100][debug][gc,director    ] Rule: High Usage, Free: 7414MB(48,3%)
[2024-02-14T16:49:56.308+0100][debug][gc,director    ] Rule: Proactive, AcceptableGCInterval: 4,824s, TimeSinceLastGC: 1,598s, TimeUntilGC: 3,226s
[2024-02-14T16:49:56.408+0100][debug][gc,alloc       ] Allocation Rate: 3894,0MB/s, Predicted: 4033,6MB/s, Avg: 3793,0(+/-203,1)MB/s
[2024-02-14T16:49:56.408+0100][debug][gc,director    ] Select GC Workers (Normal), AvoidLongGCWorkers: 0,047, AvoidOOMGCWorkers: 0,328, LastGCWorkers: 1,000, GCWorkers: 0,328
[2024-02-14T16:49:56.408+0100][debug][gc,director    ] Rule: Allocation Rate (Dynamic GC Workers), MaxAllocRate: 4701,8MB/s (+/-5,4%), Free: 7146MB, GCCPUTime: 0,476, GCDuration: 0,476s, TimeUntilOOM: 1,443s, TimeUntilGC: 0,866s, GCWorkers: 1 -> 1
[2024-02-14T16:49:56.408+0100][debug][gc,director    ] Rule: High Usage, Free: 7146MB(46,5%)
[2024-02-14T16:49:56.408+0100][debug][gc,director    ] Rule: Proactive, AcceptableGCInterval: 4,824s, TimeSinceLastGC: 1,699s, TimeUntilGC: 3,126s
[2024-02-14T16:49:56.507+0100][debug][gc,alloc       ] Allocation Rate: 3902,0MB/s, Predicted: 3917,5MB/s, Avg: 3863,8(+/-39,1)MB/s
[2024-02-14T16:49:56.507+0100][debug][gc,director    ] Select GC Workers (Normal), AvoidLongGCWorkers: 0,047, AvoidOOMGCWorkers: 0,281, LastGCWorkers: 1,000, GCWorkers: 0,281
[2024-02-14T16:49:56.507+0100][debug][gc,director    ] Rule: Allocation Rate (Dynamic GC Workers), MaxAllocRate: 4046,3MB/s (+/-1,0%), Free: 6882MB, GCCPUTime: 0,476, GCDuration: 0,476s, TimeUntilOOM: 1,684s, TimeUntilGC: 1,108s, GCWorkers: 1 -> 1
[2024-02-14T16:49:56.507+0100][debug][gc,director    ] Rule: High Usage, Free: 6882MB(44,8%)
[2024-02-14T16:49:56.507+0100][debug][gc,director    ] Rule: Proactive, AcceptableGCInterval: 4,824s, TimeSinceLastGC: 1,798s, TimeUntilGC: 3,026s
[2024-02-14T16:49:56.607+0100][debug][gc,alloc       ] Allocation Rate: 3904,0MB/s, Predicted: 3903,7MB/s, Avg: 3879,0(+/-14,6)MB/s
[2024-02-14T16:49:56.607+0100][debug][gc,director    ] Select GC Workers (Normal), AvoidLongGCWorkers: 0,047, AvoidOOMGCWorkers: 0,303, LastGCWorkers: 1,000, GCWorkers: 0,303
[2024-02-14T16:49:56.607+0100][debug][gc,director    ] Rule: Allocation Rate (Dynamic GC Workers), MaxAllocRate: 3951,8MB/s (+/-0,4%), Free: 6188MB, GCCPUTime: 0,476, GCDuration: 0,476s, TimeUntilOOM: 1,560s, TimeUntilGC: 0,984s, GCWorkers: 1 -> 1
[2024-02-14T16:49:56.607+0100][debug][gc,director    ] Rule: High Usage, Free: 6188MB(40,3%)
[2024-02-14T16:49:56.607+0100][debug][gc,director    ] Rule: Proactive, AcceptableGCInterval: 4,824s, TimeSinceLastGC: 1,898s, TimeUntilGC: 2,926s
[2024-02-14T16:49:56.707+0100][debug][gc,alloc       ] Allocation Rate: 3912,0MB/s, Predicted: 3913,5MB/s, Avg: 3883,6(+/-16,8)MB/s
[2024-02-14T16:49:56.707+0100][debug][gc,director    ] Select GC Workers (Normal), AvoidLongGCWorkers: 0,047, AvoidOOMGCWorkers: 0,319, LastGCWorkers: 1,000, GCWorkers: 0,319
[2024-02-14T16:49:56.707+0100][debug][gc,director    ] Rule: Allocation Rate (Dynamic GC Workers), MaxAllocRate: 3968,9MB/s (+/-0,4%), Free: 5924MB, GCCPUTime: 0,476, GCDuration: 0,476s, TimeUntilOOM: 1,486s, TimeUntilGC: 0,910s, GCWorkers: 1 -> 1
[2024-02-14T16:49:56.707+0100][debug][gc,director    ] Rule: High Usage, Free: 5924MB(38,6%)
[2024-02-14T16:49:56.707+0100][debug][gc,director    ] Rule: Proactive, AcceptableGCInterval: 4,824s, TimeSinceLastGC: 1,998s, TimeUntilGC: 2,826s
[2024-02-14T16:49:56.808+0100][debug][gc,alloc       ] Allocation Rate: 3914,0MB/s, Predicted: 3919,9MB/s, Avg: 3888,8(+/-17,4)MB/s
[2024-02-14T16:49:56.808+0100][debug][gc,director    ] Select GC Workers (Normal), AvoidLongGCWorkers: 0,047, AvoidOOMGCWorkers: 0,334, LastGCWorkers: 1,000, GCWorkers: 0,334
[2024-02-14T16:49:56.808+0100][debug][gc,director    ] Rule: Allocation Rate (Dynamic GC Workers), MaxAllocRate: 3977,1MB/s (+/-0,4%), Free: 5666MB, GCCPUTime: 0,476, GCDuration: 0,476s, TimeUntilOOM: 1,418s, TimeUntilGC: 0,842s, GCWorkers: 1 -> 1
[2024-02-14T16:49:56.808+0100][debug][gc,director    ] Rule: High Usage, Free: 5666MB(36,9%)
[2024-02-14T16:49:56.808+0100][debug][gc,director    ] Rule: Proactive, AcceptableGCInterval: 4,824s, TimeSinceLastGC: 2,098s, TimeUntilGC: 2,726s
[2024-02-14T16:49:56.908+0100][debug][gc,alloc       ] Allocation Rate: 4040,0MB/s, Predicted: 3975,9MB/s, Avg: 3905,6(+/-47,7)MB/s
[2024-02-14T16:49:56.908+0100][debug][gc,director    ] Select GC Workers (Normal), AvoidLongGCWorkers: 0,047, AvoidOOMGCWorkers: 0,401, LastGCWorkers: 1,000, GCWorkers: 0,401
[2024-02-14T16:49:56.908+0100][debug][gc,director    ] Rule: Allocation Rate (Dynamic GC Workers), MaxAllocRate: 4132,9MB/s (+/-1,2%), Free: 4944MB, GCCPUTime: 0,476, GCDuration: 0,476s, TimeUntilOOM: 1,182s, TimeUntilGC: 0,606s, GCWorkers: 1 -> 1
[2024-02-14T16:49:56.908+0100][debug][gc,director    ] Rule: High Usage, Free: 4944MB(32,2%)
[2024-02-14T16:49:56.908+0100][debug][gc,director    ] Rule: Proactive, AcceptableGCInterval: 4,824s, TimeSinceLastGC: 2,199s, TimeUntilGC: 2,626s
[2024-02-14T16:49:57.008+0100][debug][gc,alloc       ] Allocation Rate: 3914,0MB/s, Predicted: 3970,3MB/s, Avg: 3909,8(+/-46,4)MB/s
[2024-02-14T16:49:57.008+0100][debug][gc,director    ] Select GC Workers (Normal), AvoidLongGCWorkers: 0,047, AvoidOOMGCWorkers: 0,420, LastGCWorkers: 1,000, GCWorkers: 0,420
[2024-02-14T16:49:57.008+0100][debug][gc,director    ] Rule: Allocation Rate (Dynamic GC Workers), MaxAllocRate: 4123,0MB/s (+/-1,2%), Free: 4712MB, GCCPUTime: 0,476, GCDuration: 0,476s, TimeUntilOOM: 1,129s, TimeUntilGC: 0,553s, GCWorkers: 1 -> 1
[2024-02-14T16:49:57.008+0100][debug][gc,director    ] Rule: High Usage, Free: 4712MB(30,7%)
[2024-02-14T16:49:57.008+0100][debug][gc,director    ] Rule: Proactive, AcceptableGCInterval: 4,824s, TimeSinceLastGC: 2,299s, TimeUntilGC: 2,525s
[2024-02-14T16:49:57.107+0100][debug][gc,alloc       ] Allocation Rate: 3910,0MB/s, Predicted: 3960,8MB/s, Avg: 3913,4(+/-44,9)MB/s
[2024-02-14T16:49:57.107+0100][debug][gc,director    ] Select GC Workers (Normal), AvoidLongGCWorkers: 0,047, AvoidOOMGCWorkers: 0,442, LastGCWorkers: 1,000, GCWorkers: 0,442
[2024-02-14T16:49:57.107+0100][debug][gc,director    ] Rule: Allocation Rate (Dynamic GC Workers), MaxAllocRate: 4108,5MB/s (+/-1,1%), Free: 4458MB, GCCPUTime: 0,476, GCDuration: 0,476s, TimeUntilOOM: 1,073s, TimeUntilGC: 0,497s, GCWorkers: 1 -> 1
[2024-02-14T16:49:57.107+0100][debug][gc,director    ] Rule: High Usage, Free: 4458MB(29,0%)
[2024-02-14T16:49:57.107+0100][debug][gc,director    ] Rule: Proactive, AcceptableGCInterval: 4,824s, TimeSinceLastGC: 2,398s, TimeUntilGC: 2,426s
[2024-02-14T16:49:57.207+0100][debug][gc,alloc       ] Allocation Rate: 4032,0MB/s, Predicted: 3995,6MB/s, Avg: 3930,0(+/-54,0)MB/s
[2024-02-14T16:49:57.207+0100][debug][gc,director    ] Select GC Workers (Normal), AvoidLongGCWorkers: 0,047, AvoidOOMGCWorkers: 0,491, LastGCWorkers: 1,000, GCWorkers: 0,491
[2024-02-14T16:49:57.207+0100][debug][gc,director    ] Rule: Allocation Rate (Dynamic GC Workers), MaxAllocRate: 4173,4MB/s (+/-1,4%), Free: 4082MB, GCCPUTime: 0,476, GCDuration: 0,476s, TimeUntilOOM: 0,965s, TimeUntilGC: 0,389s, GCWorkers: 1 -> 1
[2024-02-14T16:49:57.207+0100][debug][gc,director    ] Rule: High Usage, Free: 4082MB(26,6%)
[2024-02-14T16:49:57.207+0100][debug][gc,director    ] Rule: Proactive, AcceptableGCInterval: 4,824s, TimeSinceLastGC: 2,498s, TimeUntilGC: 2,326s
[2024-02-14T16:49:57.307+0100][debug][gc,alloc       ] Allocation Rate: 3910,0MB/s, Predicted: 3973,7MB/s, Avg: 3933,2(+/-51,8)MB/s
[2024-02-14T16:49:57.308+0100][debug][gc,director    ] Select GC Workers (Normal), AvoidLongGCWorkers: 0,047, AvoidOOMGCWorkers: 0,569, LastGCWorkers: 1,000, GCWorkers: 0,569
[2024-02-14T16:49:57.308+0100][debug][gc,director    ] Rule: Allocation Rate (Dynamic GC Workers), MaxAllocRate: 4144,1MB/s (+/-1,3%), Free: 3504MB, GCCPUTime: 0,476, GCDuration: 0,476s, TimeUntilOOM: 0,835s, TimeUntilGC: 0,258s, GCWorkers: 1 -> 1
[2024-02-14T16:49:57.308+0100][debug][gc,director    ] Rule: High Usage, Free: 3504MB(22,8%)
[2024-02-14T16:49:57.308+0100][debug][gc,director    ] Rule: Proactive, AcceptableGCInterval: 4,824s, TimeSinceLastGC: 2,598s, TimeUntilGC: 2,226s
[2024-02-14T16:49:57.408+0100][debug][gc,alloc       ] Allocation Rate: 3896,0MB/s, Predicted: 3948,4MB/s, Avg: 3933,4(+/-51,6)MB/s
[2024-02-14T16:49:57.408+0100][debug][gc,director    ] Select GC Workers (Normal), AvoidLongGCWorkers: 0,047, AvoidOOMGCWorkers: 0,609, LastGCWorkers: 1,000, GCWorkers: 0,609
[2024-02-14T16:49:57.408+0100][debug][gc,director    ] Rule: Allocation Rate (Dynamic GC Workers), MaxAllocRate: 4118,2MB/s (+/-1,3%), Free: 3250MB, GCCPUTime: 0,476, GCDuration: 0,476s, TimeUntilOOM: 0,779s, TimeUntilGC: 0,203s, GCWorkers: 1 -> 1
[2024-02-14T16:49:57.408+0100][debug][gc,director    ] Rule: High Usage, Free: 3250MB(21,2%)
[2024-02-14T16:49:57.408+0100][debug][gc,director    ] Rule: Proactive, AcceptableGCInterval: 4,824s, TimeSinceLastGC: 2,698s, TimeUntilGC: 2,126s
[2024-02-14T16:49:57.508+0100][debug][gc,alloc       ] Allocation Rate: 3884,0MB/s, Predicted: 3920,3MB/s, Avg: 3931,6(+/-53,0)MB/s
[2024-02-14T16:49:57.508+0100][debug][gc,director    ] Select GC Workers (Normal), AvoidLongGCWorkers: 0,047, AvoidOOMGCWorkers: 0,660, LastGCWorkers: 1,000, GCWorkers: 0,660
[2024-02-14T16:49:57.508+0100][debug][gc,director    ] Rule: Allocation Rate (Dynamic GC Workers), MaxAllocRate: 4105,9MB/s (+/-1,3%), Free: 2996MB, GCCPUTime: 0,476, GCDuration: 0,476s, TimeUntilOOM: 0,720s, TimeUntilGC: 0,144s, GCWorkers: 1 -> 1
[2024-02-14T16:49:57.508+0100][debug][gc,director    ] Rule: High Usage, Free: 2996MB(19,5%)
[2024-02-14T16:49:57.508+0100][debug][gc,director    ] Rule: Proactive, AcceptableGCInterval: 4,824s, TimeSinceLastGC: 2,799s, TimeUntilGC: 2,026s
[2024-02-14T16:49:57.607+0100][debug][gc,alloc       ] Allocation Rate: 3874,0MB/s, Predicted: 3889,9MB/s, Avg: 3928,6(+/-55,3)MB/s
[2024-02-14T16:49:57.607+0100][debug][gc,director    ] Select GC Workers (Normal), AvoidLongGCWorkers: 0,047, AvoidOOMGCWorkers: 0,858, LastGCWorkers: 1,000, GCWorkers: 0,858
[2024-02-14T16:49:57.607+0100][debug][gc,director    ] Rule: Allocation Rate (Dynamic GC Workers), MaxAllocRate: 4110,4MB/s (+/-1,4%), Free: 2312MB, GCCPUTime: 0,476, GCDuration: 0,476s, TimeUntilOOM: 0,555s, TimeUntilGC: -0,022s, GCWorkers: 1 -> 1
[2024-02-14T16:49:57.607+0100][debug][gc,heap        ] GC(19) Heap before GC invocations=19 (full 19):
[2024-02-14T16:49:57.607+0100][debug][gc,heap        ] GC(19)  ZHeap           used 13006M, capacity 14498M, max capacity 15360M
[2024-02-14T16:49:57.607+0100][debug][gc,heap        ] GC(19)  Metaspace       used 31474K, committed 31872K, reserved 1114112K
[2024-02-14T16:49:57.607+0100][debug][gc,heap        ] GC(19)   class space    used 3306K, committed 3520K, reserved 1048576K
[2024-02-14T16:49:57.607+0100][info ][gc,start       ] GC(19) Garbage Collection (Allocation Rate)
[2024-02-14T16:49:57.607+0100][info ][gc,task        ] GC(19) Using 1 workers
[2024-02-14T16:49:57.607+0100][debug][gc,phases,start] GC(19) Pause Mark Start
[2024-02-14T16:49:57.607+0100][debug][gc,marking     ] GC(19) Using 1 mark stripes
[2024-02-14T16:49:57.607+0100][debug][gc,marking     ] GC(19) Mark Worker/Stripe Distribution
[2024-02-14T16:49:57.607+0100][debug][gc,marking     ] GC(19)   Worker 0(1) -> Stripe 0(1)
[2024-02-14T16:49:57.607+0100][info ][gc,phases      ] GC(19) Pause Mark Start 0,048ms
[2024-02-14T16:49:57.607+0100][debug][gc,phases,start] GC(19) Concurrent Mark
[2024-02-14T16:49:57.607+0100][debug][gc,task        ] GC(19) Executing Task: XMarkRootsTask, Active Workers: 1
[2024-02-14T16:49:57.609+0100][debug][gc,tlab        ] GC(19) TLAB totals: thrds: 28  refills: 48447 max: 28040 slow allocs: 7557 max 591 waste:  0,8% gc: 2552056B max: 261944B slow: 97279088B max: 44515664B
[2024-02-14T16:49:57.609+0100][debug][gc,task        ] GC(19) Executing Task: XMarkTask, Active Workers: 1
[2024-02-14T16:49:57.657+0100][info ][gc,phases      ] GC(19) Concurrent Mark 49,515ms
[2024-02-14T16:49:57.657+0100][debug][gc,phases,start] GC(19) Pause Mark End
[2024-02-14T16:49:57.657+0100][info ][gc,phases      ] GC(19) Pause Mark End 0,027ms
[2024-02-14T16:49:57.657+0100][debug][gc,phases,start] GC(19) Concurrent Mark Free
[2024-02-14T16:49:57.657+0100][debug][gc,marking     ] GC(19) Shrinking mark stack space: 64M->32M
[2024-02-14T16:49:57.658+0100][info ][gc,phases      ] GC(19) Concurrent Mark Free 0,727ms
[2024-02-14T16:49:57.658+0100][debug][gc,phases,start] GC(19) Concurrent Process Non-Strong References
[2024-02-14T16:49:57.658+0100][debug][gc,phases,start] GC(19) Concurrent References Process
[2024-02-14T16:49:57.658+0100][debug][gc,task        ] GC(19) Executing Task: XReferenceProcessorTask, Active Workers: 1
[2024-02-14T16:49:57.666+0100][debug][gc,phases      ] GC(19) Concurrent References Process 7,784ms
[2024-02-14T16:49:57.666+0100][debug][gc,task        ] GC(19) Executing Task: XProcessWeakRootsTask, Active Workers: 1
[2024-02-14T16:49:57.666+0100][debug][gc,phases,start] GC(19) Concurrent Classes Unlink
[2024-02-14T16:49:57.666+0100][debug][gc,phases,start] GC(19) ClassLoaderData
[2024-02-14T16:49:57.666+0100][debug][gc,phases      ] GC(19) ClassLoaderData 0,030ms
[2024-02-14T16:49:57.666+0100][debug][gc,phases,start] GC(19) Trigger cleanups
[2024-02-14T16:49:57.666+0100][debug][gc,phases      ] GC(19) Trigger cleanups 0,006ms
[2024-02-14T16:49:57.666+0100][debug][gc,task        ] GC(19) Executing Task: XNMethodUnlinkTask, Active Workers: 1
[2024-02-14T16:49:57.670+0100][debug][gc,phases      ] GC(19) Concurrent Classes Unlink 4,021ms
[2024-02-14T16:49:57.670+0100][debug][gc,phases,start] GC(19) Concurrent Classes Purge
[2024-02-14T16:49:57.670+0100][debug][gc,nmethod     ] GC(19) Unregister NMethod: sun.nio.fs.UnixPath.resolve (0x00007f9f0bb1d090)
[2024-02-14T16:49:57.670+0100][debug][gc,nmethod     ] GC(19) Unregister NMethod: java.util.Arrays.fill (0x00007f9f0bf3f990)
[2024-02-14T16:49:57.670+0100][debug][gc,nmethod     ] GC(19) Unregister NMethod: com.github.benmanes.caffeine.cache.stats.DisabledStatsCounter.recordHits (0x00007f9f0bfe7090)
[2024-02-14T16:49:57.670+0100][debug][gc,nmethod     ] GC(19) Unregister NMethod: io.sirix.page.interfaces.Page.commit (0x00007f9f0c16b610)
[2024-02-14T16:49:57.670+0100][debug][gc,nmethod     ] GC(19) Unregister NMethod: io.sirix.axis.pathsummary.LevelOrderSettingInMemoryInstancesAxis.getFirstChild (0x00007f9f0bfb5a10)
[2024-02-14T16:49:57.670+0100][debug][gc,nmethod     ] GC(19) Unregister NMethod: sun.nio.fs.UnixPath.resolve (0x00007f9f0bed3a10)
[2024-02-14T16:49:57.670+0100][debug][gc,nmethod     ] GC(19) Unregister NMethod: java.util.concurrent.ForkJoinPool.awaitWork (0x00007f9f0c140910)
[2024-02-14T16:49:57.670+0100][debug][gc,phases      ] GC(19) Concurrent Classes Purge 0,097ms
[2024-02-14T16:49:57.670+0100][debug][gc,phases,start] GC(19) Concurrent References Enqueue
[2024-02-14T16:49:57.670+0100][debug][gc,phases      ] GC(19) Concurrent References Enqueue 0,010ms
[2024-02-14T16:49:57.670+0100][info ][gc,phases      ] GC(19) Concurrent Process Non-Strong References 12,613ms
[2024-02-14T16:49:57.670+0100][debug][gc,phases,start] GC(19) Concurrent Reset Relocation Set
[2024-02-14T16:49:57.670+0100][info ][gc,phases      ] GC(19) Concurrent Reset Relocation Set 0,085ms
[2024-02-14T16:49:57.670+0100][debug][gc,phases,start] GC(19) Concurrent Select Relocation Set
[2024-02-14T16:49:57.672+0100][debug][gc,task        ] GC(19) Executing Task: XRelocationSetInstallTask, Active Workers: 1
[2024-02-14T16:49:57.673+0100][info ][gc,phases      ] GC(19) Concurrent Select Relocation Set 2,095ms
[2024-02-14T16:49:57.673+0100][debug][gc,phases,start] GC(19) Pause Relocate Start
[2024-02-14T16:49:57.673+0100][info ][gc,phases      ] GC(19) Pause Relocate Start 0,020ms
[2024-02-14T16:49:57.673+0100][debug][gc,phases,start] GC(19) Concurrent Relocate
[2024-02-14T16:49:57.673+0100][debug][gc,task        ] GC(19) Executing Task: XRelocateTask, Active Workers: 1
[2024-02-14T16:49:57.687+0100][info ][gc,phases      ] GC(19) Concurrent Relocate 14,341ms
[2024-02-14T16:49:57.687+0100][debug][gc,heap        ] GC(19) Heap after GC invocations=20 (full 20):
[2024-02-14T16:49:57.687+0100][debug][gc,heap        ] GC(19)  ZHeap           used 286M, capacity 14498M, max capacity 15360M
[2024-02-14T16:49:57.687+0100][debug][gc,heap        ] GC(19)  Metaspace       used 31474K, committed 31872K, reserved 1114112K
[2024-02-14T16:49:57.687+0100][debug][gc,heap        ] GC(19)   class space    used 3306K, committed 3520K, reserved 1048576K
[2024-02-14T16:49:57.687+0100][info ][gc,load        ] GC(19) Load: 3,62/1,74/1,70
[2024-02-14T16:49:57.687+0100][info ][gc,mmu         ] GC(19) MMU: 2ms/92,8%, 5ms/97,1%, 10ms/98,6%, 20ms/99,1%, 50ms/99,6%, 100ms/99,8%
[2024-02-14T16:49:57.687+0100][info ][gc,marking     ] GC(19) Mark: 1 stripe(s), 2 proactive flush(es), 1 terminate flush(es), 0 completion(s), 0 continuation(s) 
[2024-02-14T16:49:57.687+0100][info ][gc,marking     ] GC(19) Mark Stack Usage: 32M
[2024-02-14T16:49:57.687+0100][info ][gc,nmethod     ] GC(19) NMethods: 4146 registered, 1182 unregistered
[2024-02-14T16:49:57.687+0100][info ][gc,metaspace   ] GC(19) Metaspace: 30M used, 31M committed, 1088M reserved
[2024-02-14T16:49:57.687+0100][info ][gc,ref         ] GC(19) Soft: 3825 encountered, 0 discovered, 0 enqueued
[2024-02-14T16:49:57.687+0100][info ][gc,ref         ] GC(19) Weak: 1905 encountered, 121 discovered, 0 enqueued
[2024-02-14T16:49:57.687+0100][info ][gc,ref         ] GC(19) Final: 21026 encountered, 21026 discovered, 21026 enqueued
[2024-02-14T16:49:57.687+0100][info ][gc,ref         ] GC(19) Phantom: 21464 encountered, 21316 discovered, 21080 enqueued
[2024-02-14T16:49:57.687+0100][info ][gc,reloc       ] GC(19) Small Pages: 6487 / 12974M, Empty: 7194M, Relocated: 6M, In-Place: 0
[2024-02-14T16:49:57.687+0100][info ][gc,reloc       ] GC(19) Medium Pages: 1 / 32M, Empty: 0M, Relocated: 0M, In-Place: 0
[2024-02-14T16:49:57.687+0100][info ][gc,reloc       ] GC(19) Large Pages: 0 / 0M, Empty: 0M, Relocated: 0M, In-Place: 0
[2024-02-14T16:49:57.687+0100][info ][gc,reloc       ] GC(19) Forwarding Usage: 2M
[2024-02-14T16:49:57.687+0100][info ][gc,heap        ] GC(19) Min Capacity: 5120M(33%)
[2024-02-14T16:49:57.687+0100][info ][gc,heap        ] GC(19) Max Capacity: 15360M(100%)
[2024-02-14T16:49:57.687+0100][info ][gc,heap        ] GC(19) Soft Max Capacity: 15360M(100%)
[2024-02-14T16:49:57.687+0100][info ][gc,heap        ] GC(19)                Mark Start          Mark End        Relocate Start      Relocate End           High               Low         
[2024-02-14T16:49:57.687+0100][info ][gc,heap        ] GC(19)  Capacity:    14498M (94%)       14498M (94%)       14498M (94%)       14498M (94%)       14498M (94%)       14498M (94%)    
[2024-02-14T16:49:57.687+0100][info ][gc,heap        ] GC(19)      Free:     2354M (15%)        2224M (14%)        9378M (61%)       15074M (98%)       15076M (98%)        2188M (14%)    
[2024-02-14T16:49:57.687+0100][info ][gc,heap        ] GC(19)      Used:    13006M (85%)       13136M (86%)        5982M (39%)         286M (2%)        13172M (86%)         284M (2%)     
[2024-02-14T16:49:57.687+0100][info ][gc,heap        ] GC(19)      Live:         -                37M (0%)           37M (0%)           37M (0%)             -                  -          
[2024-02-14T16:49:57.687+0100][info ][gc,heap        ] GC(19) Allocated:         -               130M (1%)          170M (1%)          210M (1%)             -                  -          
[2024-02-14T16:49:57.687+0100][info ][gc,heap        ] GC(19)   Garbage:         -             12968M (84%)        5774M (38%)          38M (0%)             -                  -          
[2024-02-14T16:49:57.687+0100][info ][gc,heap        ] GC(19) Reclaimed:         -                  -              7194M (47%)       12930M (84%)            -                  -          
[2024-02-14T16:49:57.687+0100][info ][gc             ] GC(19) Garbage Collection (Allocation Rate) 13006M(85%)->286M(2%)
[2024-02-14T16:49:57.707+0100][debug][gc,alloc       ] Allocation Rate: 3878,0MB/s, Predicted: 3865,2MB/s, Avg: 3925,2(+/-57,2)MB/s
[2024-02-14T16:49:57.707+0100][debug][gc,director    ] Select GC Workers (Normal), AvoidLongGCWorkers: 0,044, AvoidOOMGCWorkers: 0,122, LastGCWorkers: 1,000, GCWorkers: 0,122
[2024-02-14T16:49:57.707+0100][debug][gc,director    ] Rule: Allocation Rate (Dynamic GC Workers), MaxAllocRate: 4113,4MB/s (+/-1,5%), Free: 14978MB, GCCPUTime: 0,444, GCDuration: 0,444s, TimeUntilOOM: 3,589s, TimeUntilGC: 3,046s, GCWorkers: 1 -> 1
[2024-02-14T16:49:57.707+0100][debug][gc,director    ] Rule: High Usage, Free: 14978MB(97,5%)
[2024-02-14T16:49:57.707+0100][debug][gc,director    ] Rule: Proactive, UsedUntilEnabled: 1482MB, TimeUntilEnabled: 299,980s
[2024-02-14T16:49:57.807+0100][debug][gc,alloc       ] Allocation Rate: 3874,0MB/s, Predicted: 3841,7MB/s, Avg: 3921,2(+/-59,2)MB/s
[2024-02-14T16:49:57.807+0100][debug][gc,director    ] Select GC Workers (Normal), AvoidLongGCWorkers: 0,044, AvoidOOMGCWorkers: 0,125, LastGCWorkers: 1,000, GCWorkers: 0,125
[2024-02-14T16:49:57.807+0100][debug][gc,director    ] Rule: Allocation Rate (Dynamic GC Workers), MaxAllocRate: 4116,0MB/s (+/-1,5%), Free: 14724MB, GCCPUTime: 0,444, GCDuration: 0,444s, TimeUntilOOM: 3,524s, TimeUntilGC: 2,981s, GCWorkers: 1 -> 1
[2024-02-14T16:49:57.807+0100][debug][gc,director    ] Rule: High Usage, Free: 14724MB(95,9%)
[2024-02-14T16:49:57.807+0100][debug][gc,director    ] Rule: Proactive, UsedUntilEnabled: 1228MB, TimeUntilEnabled: 299,880s
[2024-02-14T16:49:57.908+0100][debug][gc,alloc       ] Allocation Rate: 3900,0MB/s, Predicted: 3864,9MB/s, Avg: 3907,2(+/-44,1)MB/s
[2024-02-14T16:49:57.908+0100][debug][gc,director    ] Select GC Workers (Normal), AvoidLongGCWorkers: 0,044, AvoidOOMGCWorkers: 0,129, LastGCWorkers: 1,000, GCWorkers: 0,129
[2024-02-14T16:49:57.908+0100][debug][gc,director    ] Rule: Allocation Rate (Dynamic GC Workers), MaxAllocRate: 4052,2MB/s (+/-1,1%), Free: 13974MB, GCCPUTime: 0,444, GCDuration: 0,444s, TimeUntilOOM: 3,410s, TimeUntilGC: 2,867s, GCWorkers: 1 -> 1
[2024-02-14T16:49:57.908+0100][debug][gc,director    ] Rule: High Usage, Free: 13974MB(91,0%)
[2024-02-14T16:49:57.908+0100][debug][gc,director    ] Rule: Proactive, UsedUntilEnabled: 478MB, TimeUntilEnabled: 299,780s
[2024-02-14T16:49:58.008+0100][debug][gc,alloc       ] Allocation Rate: 3898,0MB/s, Predicted: 3863,1MB/s, Avg: 3905,6(+/-44,1)MB/s
[2024-02-14T16:49:58.008+0100][debug][gc,director    ] Select GC Workers (Normal), AvoidLongGCWorkers: 0,044, AvoidOOMGCWorkers: 0,131, LastGCWorkers: 1,000, GCWorkers: 0,131
[2024-02-14T16:49:58.008+0100][debug][gc,director    ] Rule: Allocation Rate (Dynamic GC Workers), MaxAllocRate: 4050,6MB/s (+/-1,1%), Free: 13746MB, GCCPUTime: 0,444, GCDuration: 0,444s, TimeUntilOOM: 3,356s, TimeUntilGC: 2,812s, GCWorkers: 1 -> 1
[2024-02-14T16:49:58.008+0100][debug][gc,director    ] Rule: High Usage, Free: 13746MB(89,5%)
[2024-02-14T16:49:58.008+0100][debug][gc,director    ] Rule: Proactive, UsedUntilEnabled: 250MB, TimeUntilEnabled: 299,679s
[2024-02-14T16:49:58.108+0100][debug][gc,alloc       ] Allocation Rate: 3910,0MB/s, Predicted: 3866,0MB/s, Avg: 3905,6(+/-44,1)MB/s
[2024-02-14T16:49:58.108+0100][debug][gc,director    ] Select GC Workers (Normal), AvoidLongGCWorkers: 0,044, AvoidOOMGCWorkers: 0,134, LastGCWorkers: 1,000, GCWorkers: 0,134
[2024-02-14T16:49:58.108+0100][debug][gc,director    ] Rule: Allocation Rate (Dynamic GC Workers), MaxAllocRate: 4050,6MB/s (+/-1,1%), Free: 13480MB, GCCPUTime: 0,444, GCDuration: 0,444s, TimeUntilOOM: 3,291s, TimeUntilGC: 2,747s, GCWorkers: 1 -> 1
[2024-02-14T16:49:58.108+0100][debug][gc,director    ] Rule: High Usage, Free: 13480MB(87,8%)
[2024-02-14T16:49:58.108+0100][debug][gc,director    ] Rule: Proactive, AcceptableGCInterval: 4,524s, TimeSinceLastGC: 0,421s, TimeUntilGC: 4,103s
[2024-02-14T16:49:58.207+0100][debug][gc,alloc       ] Allocation Rate: 3922,0MB/s, Predicted: 3906,3MB/s, Avg: 3894,6(+/-15,8)MB/s
[2024-02-14T16:49:58.207+0100][debug][gc,director    ] Select GC Workers (Normal), AvoidLongGCWorkers: 0,044, AvoidOOMGCWorkers: 0,134, LastGCWorkers: 1,000, GCWorkers: 0,134
[2024-02-14T16:49:58.207+0100][debug][gc,director    ] Rule: Allocation Rate (Dynamic GC Workers), MaxAllocRate: 3958,3MB/s (+/-0,4%), Free: 13086MB, GCCPUTime: 0,444, GCDuration: 0,444s, TimeUntilOOM: 3,293s, TimeUntilGC: 2,749s, GCWorkers: 1 -> 1
[2024-02-14T16:49:58.207+0100][debug][gc,director    ] Rule: High Usage, Free: 13086MB(85,2%)
[2024-02-14T16:49:58.207+0100][debug][gc,director    ] Rule: Proactive, AcceptableGCInterval: 4,524s, TimeSinceLastGC: 0,520s, TimeUntilGC: 4,004s
[2024-02-14T16:49:58.307+0100][debug][gc,alloc       ] Allocation Rate: 3920,0MB/s, Predicted: 3920,5MB/s, Avg: 3895,6(+/-17,0)MB/s
[2024-02-14T16:49:58.307+0100][debug][gc,director    ] Select GC Workers (Normal), AvoidLongGCWorkers: 0,044, AvoidOOMGCWorkers: 0,140, LastGCWorkers: 1,000, GCWorkers: 0,140
[2024-02-14T16:49:58.307+0100][debug][gc,director    ] Rule: Allocation Rate (Dynamic GC Workers), MaxAllocRate: 3976,6MB/s (+/-0,4%), Free: 12516MB, GCCPUTime: 0,444, GCDuration: 0,444s, TimeUntilOOM: 3,134s, TimeUntilGC: 2,590s, GCWorkers: 1 -> 1
[2024-02-14T16:49:58.307+0100][debug][gc,director    ] Rule: High Usage, Free: 12516MB(81,5%)
[2024-02-14T16:49:58.307+0100][debug][gc,director    ] Rule: Proactive, AcceptableGCInterval: 4,524s, TimeSinceLastGC: 0,620s, TimeUntilGC: 3,904s
[2024-02-14T16:49:58.408+0100][debug][gc,alloc       ] Allocation Rate: 3924,0MB/s, Predicted: 3932,0MB/s, Avg: 3898,4(+/-19,1)MB/s
[2024-02-14T16:49:58.408+0100][debug][gc,director    ] Select GC Workers (Normal), AvoidLongGCWorkers: 0,044, AvoidOOMGCWorkers: 0,144, LastGCWorkers: 1,000, GCWorkers: 0,144
[2024-02-14T16:49:58.408+0100][debug][gc,director    ] Rule: Allocation Rate (Dynamic GC Workers), MaxAllocRate: 3994,7MB/s (+/-0,5%), Free: 12258MB, GCCPUTime: 0,444, GCDuration: 0,444s, TimeUntilOOM: 3,054s, TimeUntilGC: 2,510s, GCWorkers: 1 -> 1
[2024-02-14T16:49:58.408+0100][debug][gc,director    ] Rule: High Usage, Free: 12258MB(79,8%)
[2024-02-14T16:49:58.408+0100][debug][gc,director    ] Rule: Proactive, AcceptableGCInterval: 4,524s, TimeSinceLastGC: 0,720s, TimeUntilGC: 3,803s
[2024-02-14T16:49:58.508+0100][debug][gc,alloc       ] Allocation Rate: 3928,0MB/s, Predicted: 3940,0MB/s, Avg: 3902,8(+/-20,3)MB/s
[2024-02-14T16:49:58.508+0100][debug][gc,director    ] Select GC Workers (Normal), AvoidLongGCWorkers: 0,044, AvoidOOMGCWorkers: 0,148, LastGCWorkers: 1,000, GCWorkers: 0,148
[2024-02-14T16:49:58.508+0100][debug][gc,director    ] Rule: Allocation Rate (Dynamic GC Workers), MaxAllocRate: 4006,7MB/s (+/-0,5%), Free: 12002MB, GCCPUTime: 0,444, GCDuration: 0,444s, TimeUntilOOM: 2,980s, TimeUntilGC: 2,437s, GCWorkers: 1 -> 1
[2024-02-14T16:49:58.508+0100][debug][gc,director    ] Rule: High Usage, Free: 12002MB(78,1%)
[2024-02-14T16:49:58.508+0100][debug][gc,director    ] Rule: Proactive, AcceptableGCInterval: 4,524s, TimeSinceLastGC: 0,821s, TimeUntilGC: 3,703s
[2024-02-14T16:49:58.608+0100][debug][gc,alloc       ] Allocation Rate: 3920,0MB/s, Predicted: 3939,2MB/s, Avg: 3907,4(+/-18,3)MB/s
[2024-02-14T16:49:58.608+0100][debug][gc,director    ] Select GC Workers (Normal), AvoidLongGCWorkers: 0,044, AvoidOOMGCWorkers: 0,156, LastGCWorkers: 1,000, GCWorkers: 0,156
[2024-02-14T16:49:58.608+0100][debug][gc,director    ] Rule: Allocation Rate (Dynamic GC Workers), MaxAllocRate: 3999,5MB/s (+/-0,5%), Free: 11326MB, GCCPUTime: 0,444, GCDuration: 0,444s, TimeUntilOOM: 2,819s, TimeUntilGC: 2,275s, GCWorkers: 1 -> 1
[2024-02-14T16:49:58.608+0100][debug][gc,director    ] Rule: High Usage, Free: 11326MB(73,7%)
[2024-02-14T16:49:58.608+0100][debug][gc,director    ] Rule: Proactive, AcceptableGCInterval: 4,524s, TimeSinceLastGC: 0,921s, TimeUntilGC: 3,603s
[2024-02-14T16:49:58.707+0100][debug][gc,alloc       ] Allocation Rate: 3918,0MB/s, Predicted: 3935,6MB/s, Avg: 3911,4(+/-15,6)MB/s
[2024-02-14T16:49:58.707+0100][debug][gc,director    ] Select GC Workers (Normal), AvoidLongGCWorkers: 0,044, AvoidOOMGCWorkers: 0,159, LastGCWorkers: 1,000, GCWorkers: 0,159
[2024-02-14T16:49:58.707+0100][debug][gc,director    ] Rule: Allocation Rate (Dynamic GC Workers), MaxAllocRate: 3987,1MB/s (+/-0,4%), Free: 11060MB, GCCPUTime: 0,444, GCDuration: 0,444s, TimeUntilOOM: 2,763s, TimeUntilGC: 2,219s, GCWorkers: 1 -> 1
[2024-02-14T16:49:58.707+0100][debug][gc,director    ] Rule: High Usage, Free: 11060MB(72,0%)
[2024-02-14T16:49:58.707+0100][debug][gc,director    ] Rule: Proactive, AcceptableGCInterval: 4,524s, TimeSinceLastGC: 1,020s, TimeUntilGC: 3,504s
[2024-02-14T16:49:58.807+0100][debug][gc,alloc       ] Allocation Rate: 3930,0MB/s, Predicted: 3933,1MB/s, Avg: 3917,0(+/-10,4)MB/s
[2024-02-14T16:49:58.807+0100][debug][gc,director    ] Select GC Workers (Normal), AvoidLongGCWorkers: 0,044, AvoidOOMGCWorkers: 0,162, LastGCWorkers: 1,000, GCWorkers: 0,162
[2024-02-14T16:49:58.807+0100][debug][gc,director    ] Rule: Allocation Rate (Dynamic GC Workers), MaxAllocRate: 3967,3MB/s (+/-0,3%), Free: 10794MB, GCCPUTime: 0,444, GCDuration: 0,444s, TimeUntilOOM: 2,714s, TimeUntilGC: 2,170s, GCWorkers: 1 -> 1
[2024-02-14T16:49:58.807+0100][debug][gc,director    ] Rule: High Usage, Free: 10794MB(70,3%)
[2024-02-14T16:49:58.807+0100][debug][gc,director    ] Rule: Proactive, AcceptableGCInterval: 4,524s, TimeSinceLastGC: 1,120s, TimeUntilGC: 3,404s
[2024-02-14T16:49:58.908+0100][debug][gc,alloc       ] Allocation Rate: 3904,0MB/s, Predicted: 3923,3MB/s, Avg: 3917,4(+/-9,8)MB/s
[2024-02-14T16:49:58.908+0100][debug][gc,director    ] Select GC Workers (Normal), AvoidLongGCWorkers: 0,044, AvoidOOMGCWorkers: 0,173, LastGCWorkers: 1,000, GCWorkers: 0,173
[2024-02-14T16:49:58.908+0100][debug][gc,director    ] Rule: Allocation Rate (Dynamic GC Workers), MaxAllocRate: 3955,6MB/s (+/-0,3%), Free: 10072MB, GCCPUTime: 0,444, GCDuration: 0,444s, TimeUntilOOM: 2,540s, TimeUntilGC: 1,996s, GCWorkers: 1 -> 1
[2024-02-14T16:49:58.908+0100][debug][gc,director    ] Rule: High Usage, Free: 10072MB(65,6%)
[2024-02-14T16:49:58.908+0100][debug][gc,director    ] Rule: Proactive, AcceptableGCInterval: 4,524s, TimeSinceLastGC: 1,220s, TimeUntilGC: 3,303s
[2024-02-14T16:49:59.008+0100][debug][gc,alloc       ] Allocation Rate: 3918,0MB/s, Predicted: 3918,4MB/s, Avg: 3919,4(+/-7,4)MB/s
[2024-02-14T16:49:59.008+0100][debug][gc,director    ] Select GC Workers (Normal), AvoidLongGCWorkers: 0,044, AvoidOOMGCWorkers: 0,177, LastGCWorkers: 1,000, GCWorkers: 0,177
[2024-02-14T16:49:59.008+0100][debug][gc,director    ] Rule: Allocation Rate (Dynamic GC Workers), MaxAllocRate: 3943,7MB/s (+/-0,2%), Free: 9828MB, GCCPUTime: 0,444, GCDuration: 0,444s, TimeUntilOOM: 2,487s, TimeUntilGC: 1,944s, GCWorkers: 1 -> 1
[2024-02-14T16:49:59.008+0100][debug][gc,director    ] Rule: High Usage, Free: 9828MB(64,0%)
[2024-02-14T16:49:59.008+0100][debug][gc,director    ] Rule: Proactive, AcceptableGCInterval: 4,524s, TimeSinceLastGC: 1,321s, TimeUntilGC: 3,203s
[2024-02-14T16:49:59.108+0100][debug][gc,alloc       ] Allocation Rate: 3910,0MB/s, Predicted: 3912,1MB/s, Avg: 3919,4(+/-7,4)MB/s
[2024-02-14T16:49:59.108+0100][debug][gc,director    ] Select GC Workers (Normal), AvoidLongGCWorkers: 0,044, AvoidOOMGCWorkers: 0,182, LastGCWorkers: 1,000, GCWorkers: 0,182
[2024-02-14T16:49:59.108+0100][debug][gc,director    ] Rule: Allocation Rate (Dynamic GC Workers), MaxAllocRate: 3943,7MB/s (+/-0,2%), Free: 9570MB, GCCPUTime: 0,444, GCDuration: 0,444s, TimeUntilOOM: 2,422s, TimeUntilGC: 1,879s, GCWorkers: 1 -> 1
[2024-02-14T16:49:59.108+0100][debug][gc,director    ] Rule: High Usage, Free: 9570MB(62,3%)
[2024-02-14T16:49:59.108+0100][debug][gc,director    ] Rule: Proactive, AcceptableGCInterval: 4,524s, TimeSinceLastGC: 1,421s, TimeUntilGC: 3,103s
[2024-02-14T16:49:59.207+0100][debug][gc,alloc       ] Allocation Rate: 3904,0MB/s, Predicted: 3906,7MB/s, Avg: 3917,6(+/-8,6)MB/s
[2024-02-14T16:49:59.207+0100][debug][gc,director    ] Select GC Workers (Normal), AvoidLongGCWorkers: 0,044, AvoidOOMGCWorkers: 0,189, LastGCWorkers: 1,000, GCWorkers: 0,189
[2024-02-14T16:49:59.207+0100][debug][gc,director    ] Rule: Allocation Rate (Dynamic GC Workers), MaxAllocRate: 3946,0MB/s (+/-0,2%), Free: 9188MB, GCCPUTime: 0,444, GCDuration: 0,444s, TimeUntilOOM: 2,323s, TimeUntilGC: 1,780s, GCWorkers: 1 -> 1
[2024-02-14T16:49:59.207+0100][debug][gc,director    ] Rule: High Usage, Free: 9188MB(59,8%)
[2024-02-14T16:49:59.207+0100][debug][gc,director    ] Rule: Proactive, AcceptableGCInterval: 4,524s, TimeSinceLastGC: 1,520s, TimeUntilGC: 3,004s
[2024-02-14T16:49:59.307+0100][debug][gc,alloc       ] Allocation Rate: 3878,0MB/s, Predicted: 3891,5MB/s, Avg: 3913,4(+/-14,6)MB/s
[2024-02-14T16:49:59.307+0100][debug][gc,director    ] Select GC Workers (Normal), AvoidLongGCWorkers: 0,044, AvoidOOMGCWorkers: 0,202, LastGCWorkers: 1,000, GCWorkers: 0,202
[2024-02-14T16:49:59.307+0100][debug][gc,director    ] Rule: Allocation Rate (Dynamic GC Workers), MaxAllocRate: 3961,4MB/s (+/-0,4%), Free: 8638MB, GCCPUTime: 0,444, GCDuration: 0,444s, TimeUntilOOM: 2,172s, TimeUntilGC: 1,629s, GCWorkers: 1 -> 1
[2024-02-14T16:49:59.308+0100][debug][gc,director    ] Rule: High Usage, Free: 8638MB(56,2%)
[2024-02-14T16:49:59.308+0100][debug][gc,director    ] Rule: Proactive, AcceptableGCInterval: 4,524s, TimeSinceLastGC: 1,620s, TimeUntilGC: 2,904s
[2024-02-14T16:49:59.408+0100][debug][gc,alloc       ] Allocation Rate: 3874,0MB/s, Predicted: 3878,5MB/s, Avg: 3908,4(+/-18,2)MB/s
[2024-02-14T16:49:59.408+0100][debug][gc,director    ] Select GC Workers (Normal), AvoidLongGCWorkers: 0,044, AvoidOOMGCWorkers: 0,209, LastGCWorkers: 1,000, GCWorkers: 0,209
[2024-02-14T16:49:59.408+0100][debug][gc,director    ] Rule: Allocation Rate (Dynamic GC Workers), MaxAllocRate: 3968,3MB/s (+/-0,5%), Free: 8384MB, GCCPUTime: 0,444, GCDuration: 0,444s, TimeUntilOOM: 2,103s, TimeUntilGC: 1,559s, GCWorkers: 1 -> 1
[2024-02-14T16:49:59.408+0100][debug][gc,director    ] Rule: High Usage, Free: 8384MB(54,6%)
[2024-02-14T16:49:59.408+0100][debug][gc,director    ] Rule: Proactive, AcceptableGCInterval: 4,524s, TimeSinceLastGC: 1,720s, TimeUntilGC: 2,803s
[2024-02-14T16:49:59.508+0100][debug][gc,alloc       ] Allocation Rate: 3874,0MB/s, Predicted: 3870,0MB/s, Avg: 3903,0(+/-19,6)MB/s
[2024-02-14T16:49:59.508+0100][debug][gc,director    ] Select GC Workers (Normal), AvoidLongGCWorkers: 0,044, AvoidOOMGCWorkers: 0,216, LastGCWorkers: 1,000, GCWorkers: 0,216
[2024-02-14T16:49:59.508+0100][debug][gc,director    ] Rule: Allocation Rate (Dynamic GC Workers), MaxAllocRate: 3967,4MB/s (+/-0,5%), Free: 8128MB, GCCPUTime: 0,444, GCDuration: 0,444s, TimeUntilOOM: 2,038s, TimeUntilGC: 1,495s, GCWorkers: 1 -> 1
[2024-02-14T16:49:59.508+0100][debug][gc,director    ] Rule: High Usage, Free: 8128MB(52,9%)
[2024-02-14T16:49:59.508+0100][debug][gc,director    ] Rule: Proactive, AcceptableGCInterval: 4,524s, TimeSinceLastGC: 1,821s, TimeUntilGC: 2,703s
[2024-02-14T16:49:59.608+0100][debug][gc,alloc       ] Allocation Rate: 3906,0MB/s, Predicted: 3875,7MB/s, Avg: 3901,6(+/-18,8)MB/s
[2024-02-14T16:49:59.608+0100][debug][gc,director    ] Select GC Workers (Normal), AvoidLongGCWorkers: 0,044, AvoidOOMGCWorkers: 0,236, LastGCWorkers: 1,000, GCWorkers: 0,236
[2024-02-14T16:49:59.608+0100][debug][gc,director    ] Rule: Allocation Rate (Dynamic GC Workers), MaxAllocRate: 3963,4MB/s (+/-0,5%), Free: 7418MB, GCCPUTime: 0,444, GCDuration: 0,444s, TimeUntilOOM: 1,863s, TimeUntilGC: 1,319s, GCWorkers: 1 -> 1
[2024-02-14T16:49:59.608+0100][debug][gc,director    ] Rule: High Usage, Free: 7418MB(48,3%)
[2024-02-14T16:49:59.608+0100][debug][gc,director    ] Rule: Proactive, AcceptableGCInterval: 4,524s, TimeSinceLastGC: 1,921s, TimeUntilGC: 2,603s
[2024-02-14T16:49:59.707+0100][debug][gc,alloc       ] Allocation Rate: 3894,0MB/s, Predicted: 3877,1MB/s, Avg: 3899,2(+/-18,0)MB/s
[2024-02-14T16:49:59.707+0100][debug][gc,director    ] Select GC Workers (Normal), AvoidLongGCWorkers: 0,044, AvoidOOMGCWorkers: 0,244, LastGCWorkers: 1,000, GCWorkers: 0,244
[2024-02-14T16:49:59.707+0100][debug][gc,director    ] Rule: Allocation Rate (Dynamic GC Workers), MaxAllocRate: 3958,6MB/s (+/-0,5%), Free: 7166MB, GCCPUTime: 0,444, GCDuration: 0,444s, TimeUntilOOM: 1,802s, TimeUntilGC: 1,258s, GCWorkers: 1 -> 1
[2024-02-14T16:49:59.707+0100][debug][gc,director    ] Rule: High Usage, Free: 7166MB(46,7%)
[2024-02-14T16:49:59.707+0100][debug][gc,director    ] Rule: Proactive, AcceptableGCInterval: 4,524s, TimeSinceLastGC: 2,020s, TimeUntilGC: 2,504s
[2024-02-14T16:49:59.807+0100][debug][gc,alloc       ] Allocation Rate: 3884,0MB/s, Predicted: 3879,2MB/s, Avg: 3894,6(+/-15,3)MB/s
[2024-02-14T16:49:59.807+0100][debug][gc,director    ] Select GC Workers (Normal), AvoidLongGCWorkers: 0,044, AvoidOOMGCWorkers: 0,252, LastGCWorkers: 1,000, GCWorkers: 0,252
[2024-02-14T16:49:59.808+0100][debug][gc,director    ] Rule: Allocation Rate (Dynamic GC Workers), MaxAllocRate: 3944,8MB/s (+/-0,4%), Free: 6910MB, GCCPUTime: 0,444, GCDuration: 0,444s, TimeUntilOOM: 1,745s, TimeUntilGC: 1,201s, GCWorkers: 1 -> 1
[2024-02-14T16:49:59.808+0100][debug][gc,director    ] Rule: High Usage, Free: 6910MB(45,0%)
[2024-02-14T16:49:59.808+0100][debug][gc,director    ] Rule: Proactive, AcceptableGCInterval: 4,524s, TimeSinceLastGC: 2,120s, TimeUntilGC: 2,404s
[2024-02-14T16:49:59.908+0100][debug][gc,alloc       ] Allocation Rate: 3878,0MB/s, Predicted: 3875,1MB/s, Avg: 3892,0(+/-15,6)MB/s
[2024-02-14T16:49:59.908+0100][debug][gc,director    ] Select GC Workers (Normal), AvoidLongGCWorkers: 0,044, AvoidOOMGCWorkers: 0,281, LastGCWorkers: 1,000, GCWorkers: 0,281
[2024-02-14T16:49:59.908+0100][debug][gc,director    ] Rule: Allocation Rate (Dynamic GC Workers), MaxAllocRate: 3943,5MB/s (+/-0,4%), Free: 6194MB, GCCPUTime: 0,444, GCDuration: 0,444s, TimeUntilOOM: 1,564s, TimeUntilGC: 1,021s, GCWorkers: 1 -> 1
[2024-02-14T16:49:59.908+0100][debug][gc,director    ] Rule: High Usage, Free: 6194MB(40,3%)
[2024-02-14T16:49:59.908+0100][debug][gc,director    ] Rule: Proactive, AcceptableGCInterval: 4,524s, TimeSinceLastGC: 2,221s, TimeUntilGC: 2,303s
[2024-02-14T16:50:00.008+0100][debug][gc,alloc       ] Allocation Rate: 3868,0MB/s, Predicted: 3872,4MB/s, Avg: 3887,0(+/-14,5)MB/s
[2024-02-14T16:50:00.008+0100][debug][gc,director    ] Select GC Workers (Normal), AvoidLongGCWorkers: 0,044, AvoidOOMGCWorkers: 0,292, LastGCWorkers: 1,000, GCWorkers: 0,292
[2024-02-14T16:50:00.008+0100][debug][gc,director    ] Rule: Allocation Rate (Dynamic GC Workers), MaxAllocRate: 3934,7MB/s (+/-0,4%), Free: 5960MB, GCCPUTime: 0,444, GCDuration: 0,444s, TimeUntilOOM: 1,509s, TimeUntilGC: 0,966s, GCWorkers: 1 -> 1
[2024-02-14T16:50:00.008+0100][debug][gc,director    ] Rule: High Usage, Free: 5960MB(38,8%)
[2024-02-14T16:50:00.008+0100][debug][gc,director    ] Rule: Proactive, AcceptableGCInterval: 4,524s, TimeSinceLastGC: 2,321s, TimeUntilGC: 2,203s
[2024-02-14T16:50:00.107+0100][debug][gc,alloc       ] Allocation Rate: 3858,0MB/s, Predicted: 3866,9MB/s, Avg: 3881,8(+/-14,6)MB/s
[2024-02-14T16:50:00.107+0100][debug][gc,director    ] Select GC Workers (Normal), AvoidLongGCWorkers: 0,044, AvoidOOMGCWorkers: 0,304, LastGCWorkers: 1,000, GCWorkers: 0,304
[2024-02-14T16:50:00.107+0100][debug][gc,director    ] Rule: Allocation Rate (Dynamic GC Workers), MaxAllocRate: 3929,9MB/s (+/-0,4%), Free: 5710MB, GCCPUTime: 0,444, GCDuration: 0,444s, TimeUntilOOM: 1,447s, TimeUntilGC: 0,904s, GCWorkers: 1 -> 1
[2024-02-14T16:50:00.107+0100][debug][gc,director    ] Rule: High Usage, Free: 5710MB(37,2%)
[2024-02-14T16:50:00.107+0100][debug][gc,director    ] Rule: Proactive, AcceptableGCInterval: 4,524s, TimeSinceLastGC: 2,420s, TimeUntilGC: 2,104s
[2024-02-14T16:50:00.207+0100][debug][gc,alloc       ] Allocation Rate: 3846,0MB/s, Predicted: 3858,5MB/s, Avg: 3876,0(+/-16,1)MB/s
[2024-02-14T16:50:00.207+0100][debug][gc,director    ] Select GC Workers (Normal), AvoidLongGCWorkers: 0,044, AvoidOOMGCWorkers: 0,325, LastGCWorkers: 1,000, GCWorkers: 0,325
[2024-02-14T16:50:00.207+0100][debug][gc,director    ] Rule: Allocation Rate (Dynamic GC Workers), MaxAllocRate: 3929,0MB/s (+/-0,4%), Free: 5340MB, GCCPUTime: 0,444, GCDuration: 0,444s, TimeUntilOOM: 1,354s, TimeUntilGC: 0,810s, GCWorkers: 1 -> 1
[2024-02-14T16:50:00.207+0100][debug][gc,director    ] Rule: High Usage, Free: 5340MB(34,8%)
[2024-02-14T16:50:00.207+0100][debug][gc,director    ] Rule: Proactive, AcceptableGCInterval: 4,524s, TimeSinceLastGC: 2,520s, TimeUntilGC: 2,004s
[2024-02-14T16:50:00.308+0100][debug][gc,alloc       ] Allocation Rate: 3888,0MB/s, Predicted: 3863,9MB/s, Avg: 3877,0(+/-16,5)MB/s
[2024-02-14T16:50:00.308+0100][debug][gc,director    ] Select GC Workers (Normal), AvoidLongGCWorkers: 0,044, AvoidOOMGCWorkers: 0,366, LastGCWorkers: 1,000, GCWorkers: 0,366
[2024-02-14T16:50:00.308+0100][debug][gc,director    ] Rule: Allocation Rate (Dynamic GC Workers), MaxAllocRate: 3931,3MB/s (+/-0,4%), Free: 4750MB, GCCPUTime: 0,444, GCDuration: 0,444s, TimeUntilOOM: 1,203s, TimeUntilGC: 0,660s, GCWorkers: 1 -> 1
[2024-02-14T16:50:00.308+0100][debug][gc,director    ] Rule: High Usage, Free: 4750MB(30,9%)
[2024-02-14T16:50:00.308+0100][debug][gc,director    ] Rule: Proactive, AcceptableGCInterval: 4,524s, TimeSinceLastGC: 2,620s, TimeUntilGC: 1,903s
[2024-02-14T16:50:00.408+0100][debug][gc,alloc       ] Allocation Rate: 3892,0MB/s, Predicted: 3869,1MB/s, Avg: 3878,8(+/-17,0)MB/s
[2024-02-14T16:50:00.408+0100][debug][gc,director    ] Select GC Workers (Normal), AvoidLongGCWorkers: 0,044, AvoidOOMGCWorkers: 0,388, LastGCWorkers: 1,000, GCWorkers: 0,388
[2024-02-14T16:50:00.408+0100][debug][gc,director    ] Rule: Allocation Rate (Dynamic GC Workers), MaxAllocRate: 3934,9MB/s (+/-0,4%), Free: 4492MB, GCCPUTime: 0,444, GCDuration: 0,444s, TimeUntilOOM: 1,137s, TimeUntilGC: 0,593s, GCWorkers: 1 -> 1
[2024-02-14T16:50:00.408+0100][debug][gc,director    ] Rule: High Usage, Free: 4492MB(29,2%)
[2024-02-14T16:50:00.408+0100][debug][gc,director    ] Rule: Proactive, AcceptableGCInterval: 4,524s, TimeSinceLastGC: 2,721s, TimeUntilGC: 1,803s
[2024-02-14T16:50:00.508+0100][debug][gc,alloc       ] Allocation Rate: 3896,0MB/s, Predicted: 3874,7MB/s, Avg: 3881,0(+/-17,7)MB/s
[2024-02-14T16:50:00.508+0100][debug][gc,director    ] Select GC Workers (Normal), AvoidLongGCWorkers: 0,044, AvoidOOMGCWorkers: 0,412, LastGCWorkers: 1,000, GCWorkers: 0,412
[2024-02-14T16:50:00.508+0100][debug][gc,director    ] Rule: Allocation Rate (Dynamic GC Workers), MaxAllocRate: 3939,2MB/s (+/-0,5%), Free: 4232MB, GCCPUTime: 0,444, GCDuration: 0,444s, TimeUntilOOM: 1,069s, TimeUntilGC: 0,526s, GCWorkers: 1 -> 1
[2024-02-14T16:50:00.508+0100][debug][gc,director    ] Rule: High Usage, Free: 4232MB(27,6%)
[2024-02-14T16:50:00.508+0100][debug][gc,director    ] Rule: Proactive, AcceptableGCInterval: 4,524s, TimeSinceLastGC: 2,821s, TimeUntilGC: 1,703s
[2024-02-14T16:50:00.607+0100][debug][gc,alloc       ] Allocation Rate: 3878,0MB/s, Predicted: 3880,1MB/s, Avg: 3878,2(+/-15,6)MB/s
[2024-02-14T16:50:00.607+0100][debug][gc,director    ] Select GC Workers (Normal), AvoidLongGCWorkers: 0,044, AvoidOOMGCWorkers: 0,492, LastGCWorkers: 1,000, GCWorkers: 0,492
[2024-02-14T16:50:00.607+0100][debug][gc,director    ] Rule: Allocation Rate (Dynamic GC Workers), MaxAllocRate: 3931,5MB/s (+/-0,4%), Free: 3542MB, GCCPUTime: 0,444, GCDuration: 0,444s, TimeUntilOOM: 0,897s, TimeUntilGC: 0,354s, GCWorkers: 1 -> 1
[2024-02-14T16:50:00.607+0100][debug][gc,director    ] Rule: High Usage, Free: 3542MB(23,1%)
[2024-02-14T16:50:00.607+0100][debug][gc,director    ] Rule: Proactive, AcceptableGCInterval: 4,524s, TimeSinceLastGC: 2,920s, TimeUntilGC: 1,604s
[2024-02-14T16:50:00.707+0100][debug][gc,alloc       ] Allocation Rate: 3874,0MB/s, Predicted: 3882,7MB/s, Avg: 3876,2(+/-14,7)MB/s
[2024-02-14T16:50:00.707+0100][debug][gc,director    ] Select GC Workers (Normal), AvoidLongGCWorkers: 0,044, AvoidOOMGCWorkers: 0,529, LastGCWorkers: 1,000, GCWorkers: 0,529
[2024-02-14T16:50:00.707+0100][debug][gc,director    ] Rule: Allocation Rate (Dynamic GC Workers), MaxAllocRate: 3931,1MB/s (+/-0,4%), Free: 3292MB, GCCPUTime: 0,444, GCDuration: 0,444s, TimeUntilOOM: 0,834s, TimeUntilGC: 0,291s, GCWorkers: 1 -> 1
[2024-02-14T16:50:00.707+0100][debug][gc,director    ] Rule: High Usage, Free: 3292MB(21,4%)
[2024-02-14T16:50:00.707+0100][debug][gc,director    ] Rule: Proactive, AcceptableGCInterval: 4,524s, TimeSinceLastGC: 3,020s, TimeUntilGC: 1,504s
[2024-02-14T16:50:00.807+0100][debug][gc,alloc       ] Allocation Rate: 3872,0MB/s, Predicted: 3883,1MB/s, Avg: 3875,0(+/-14,5)MB/s
[2024-02-14T16:50:00.807+0100][debug][gc,director    ] Select GC Workers (Normal), AvoidLongGCWorkers: 0,044, AvoidOOMGCWorkers: 0,573, LastGCWorkers: 1,000, GCWorkers: 0,573
[2024-02-14T16:50:00.807+0100][debug][gc,director    ] Rule: Allocation Rate (Dynamic GC Workers), MaxAllocRate: 3930,8MB/s (+/-0,4%), Free: 3038MB, GCCPUTime: 0,444, GCDuration: 0,444s, TimeUntilOOM: 0,770s, TimeUntilGC: 0,226s, GCWorkers: 1 -> 1
[2024-02-14T16:50:00.807+0100][debug][gc,director    ] Rule: High Usage, Free: 3038MB(19,8%)
[2024-02-14T16:50:00.807+0100][debug][gc,director    ] Rule: Proactive, AcceptableGCInterval: 4,524s, TimeSinceLastGC: 3,120s, TimeUntilGC: 1,404s
[2024-02-14T16:50:00.907+0100][debug][gc,alloc       ] Allocation Rate: 3888,0MB/s, Predicted: 3889,1MB/s, Avg: 3876,0(+/-15,0)MB/s
[2024-02-14T16:50:00.908+0100][debug][gc,director    ] Select GC Workers (Normal), AvoidLongGCWorkers: 0,044, AvoidOOMGCWorkers: 0,759, LastGCWorkers: 1,000, GCWorkers: 0,759
[2024-02-14T16:50:00.908+0100][debug][gc,director    ] Rule: Allocation Rate (Dynamic GC Workers), MaxAllocRate: 3938,5MB/s (+/-0,4%), Free: 2306MB, GCCPUTime: 0,444, GCDuration: 0,444s, TimeUntilOOM: 0,583s, TimeUntilGC: 0,040s, GCWorkers: 1 -> 1
[2024-02-14T16:50:00.908+0100][debug][gc,director    ] Rule: High Usage, Free: 2306MB(15,0%)
[2024-02-14T16:50:00.908+0100][debug][gc,director    ] Rule: Proactive, AcceptableGCInterval: 4,524s, TimeSinceLastGC: 3,220s, TimeUntilGC: 1,304s
[2024-02-14T16:50:01.008+0100][debug][gc,alloc       ] Allocation Rate: 3876,0MB/s, Predicted: 3886,9MB/s, Avg: 3876,8(+/-14,8)MB/s
[2024-02-14T16:50:01.008+0100][debug][gc,director    ] Select GC Workers (Normal), AvoidLongGCWorkers: 0,044, AvoidOOMGCWorkers: 0,839, LastGCWorkers: 1,000, GCWorkers: 0,839
[2024-02-14T16:50:01.008+0100][debug][gc,director    ] Rule: Allocation Rate (Dynamic GC Workers), MaxAllocRate: 3935,6MB/s (+/-0,4%), Free: 2084MB, GCCPUTime: 0,444, GCDuration: 0,444s, TimeUntilOOM: 0,528s, TimeUntilGC: -0,016s, GCWorkers: 1 -> 1
[2024-02-14T16:50:01.008+0100][debug][gc,heap        ] GC(20) Heap before GC invocations=20 (full 20):
[2024-02-14T16:50:01.008+0100][debug][gc,heap        ] GC(20)  ZHeap           used 13236M, capacity 14498M, max capacity 15360M
[2024-02-14T16:50:01.008+0100][debug][gc,heap        ] GC(20)  Metaspace       used 31476K, committed 31872K, reserved 1114112K
[2024-02-14T16:50:01.008+0100][debug][gc,heap        ] GC(20)   class space    used 3306K, committed 3520K, reserved 1048576K
[2024-02-14T16:50:01.008+0100][info ][gc,start       ] GC(20) Garbage Collection (Allocation Rate)
[2024-02-14T16:50:01.008+0100][info ][gc,task        ] GC(20) Using 1 workers
[2024-02-14T16:50:01.008+0100][debug][gc,phases,start] GC(20) Pause Mark Start
[2024-02-14T16:50:01.008+0100][debug][gc,marking     ] GC(20) Using 1 mark stripes
[2024-02-14T16:50:01.008+0100][debug][gc,marking     ] GC(20) Mark Worker/Stripe Distribution
[2024-02-14T16:50:01.008+0100][debug][gc,marking     ] GC(20)   Worker 0(1) -> Stripe 0(1)
[2024-02-14T16:50:01.008+0100][info ][gc,phases      ] GC(20) Pause Mark Start 0,075ms
[2024-02-14T16:50:01.008+0100][debug][gc,phases,start] GC(20) Concurrent Mark
[2024-02-14T16:50:01.008+0100][debug][gc,task        ] GC(20) Executing Task: XMarkRootsTask, Active Workers: 1
[2024-02-14T16:50:01.010+0100][debug][gc,tlab        ] GC(20) TLAB totals: thrds: 28  refills: 51812 max: 31138 slow allocs: 7251 max 596 waste:  0,9% gc: 2832184B max: 260272B slow: 122736976B max: 50068232B
[2024-02-14T16:50:01.010+0100][debug][gc,task        ] GC(20) Executing Task: XMarkTask, Active Workers: 1
[2024-02-14T16:50:01.108+0100][debug][gc,alloc       ] Allocation Rate: 3854,0MB/s, Predicted: 3872,8MB/s, Avg: 3876,4(+/-15,3)MB/s
[2024-02-14T16:50:01.143+0100][info ][gc,phases      ] GC(20) Concurrent Mark 134,479ms
[2024-02-14T16:50:01.143+0100][debug][gc,phases,start] GC(20) Pause Mark End
[2024-02-14T16:50:01.143+0100][info ][gc,phases      ] GC(20) Pause Mark End 0,037ms
[2024-02-14T16:50:01.143+0100][debug][gc,phases,start] GC(20) Concurrent Mark Free
[2024-02-14T16:50:01.143+0100][info ][gc,phases      ] GC(20) Concurrent Mark Free 0,023ms
[2024-02-14T16:50:01.143+0100][debug][gc,phases,start] GC(20) Concurrent Process Non-Strong References
[2024-02-14T16:50:01.143+0100][debug][gc,phases,start] GC(20) Concurrent References Process
[2024-02-14T16:50:01.143+0100][debug][gc,task        ] GC(20) Executing Task: XReferenceProcessorTask, Active Workers: 1
[2024-02-14T16:50:01.151+0100][debug][gc,phases      ] GC(20) Concurrent References Process 7,612ms
[2024-02-14T16:50:01.151+0100][debug][gc,task        ] GC(20) Executing Task: XProcessWeakRootsTask, Active Workers: 1
[2024-02-14T16:50:01.151+0100][debug][gc,phases,start] GC(20) Concurrent Classes Unlink
[2024-02-14T16:50:01.151+0100][debug][gc,phases,start] GC(20) ClassLoaderData
[2024-02-14T16:50:01.151+0100][debug][gc,phases      ] GC(20) ClassLoaderData 0,033ms
[2024-02-14T16:50:01.151+0100][debug][gc,phases,start] GC(20) Trigger cleanups
[2024-02-14T16:50:01.151+0100][debug][gc,phases      ] GC(20) Trigger cleanups 0,008ms
[2024-02-14T16:50:01.151+0100][debug][gc,task        ] GC(20) Executing Task: XNMethodUnlinkTask, Active Workers: 1
[2024-02-14T16:50:01.155+0100][debug][gc,phases      ] GC(20) Concurrent Classes Unlink 3,957ms
[2024-02-14T16:50:01.155+0100][debug][gc,phases,start] GC(20) Concurrent Classes Purge
[2024-02-14T16:50:01.155+0100][debug][gc,nmethod     ] GC(20) Unregister NMethod: io.brackit.query.atomic.AbstractAtomic.atomicCmp (0x00007f9f0be1db10)
[2024-02-14T16:50:01.155+0100][debug][gc,nmethod     ] GC(20) Unregister NMethod: java.util.Arrays.fill (0x00007f9f0c09bf90)
[2024-02-14T16:50:01.155+0100][debug][gc,nmethod     ] GC(20) Unregister NMethod: java.util.concurrent.ForkJoinPool.awaitWork (0x00007f9f2b6cb710)
[2024-02-14T16:50:01.155+0100][debug][gc,nmethod     ] GC(20) Unregister NMethod: java.util.HashMap.tableSizeFor (0x00007f9f0bb1eb10)
[2024-02-14T16:50:01.155+0100][debug][gc,nmethod     ] GC(20) Unregister NMethod: java.lang.invoke.DirectMethodHandle.allocateInstance (0x00007f9f0bbfed10)
[2024-02-14T16:50:01.155+0100][debug][gc,nmethod     ] GC(20) Unregister NMethod: io.sirix.node.json.StringNode.<init> (0x00007f9f0bfa9f10)
[2024-02-14T16:50:01.155+0100][debug][gc,phases      ] GC(20) Concurrent Classes Purge 0,079ms
[2024-02-14T16:50:01.155+0100][debug][gc,phases,start] GC(20) Concurrent References Enqueue
[2024-02-14T16:50:01.155+0100][debug][gc,phases      ] GC(20) Concurrent References Enqueue 0,009ms
[2024-02-14T16:50:01.155+0100][info ][gc,phases      ] GC(20) Concurrent Process Non-Strong References 12,416ms
[2024-02-14T16:50:01.155+0100][debug][gc,phases,start] GC(20) Concurrent Reset Relocation Set
[2024-02-14T16:50:01.155+0100][info ][gc,phases      ] GC(20) Concurrent Reset Relocation Set 0,084ms
[2024-02-14T16:50:01.155+0100][debug][gc,phases,start] GC(20) Concurrent Select Relocation Set
[2024-02-14T16:50:01.157+0100][debug][gc,task        ] GC(20) Executing Task: XRelocationSetInstallTask, Active Workers: 1
[2024-02-14T16:50:01.158+0100][info ][gc,phases      ] GC(20) Concurrent Select Relocation Set 2,082ms
[2024-02-14T16:50:01.158+0100][debug][gc,phases,start] GC(20) Pause Relocate Start
[2024-02-14T16:50:01.158+0100][info ][gc,phases      ] GC(20) Pause Relocate Start 0,030ms
[2024-02-14T16:50:01.158+0100][debug][gc,phases,start] GC(20) Concurrent Relocate
[2024-02-14T16:50:01.158+0100][debug][gc,task        ] GC(20) Executing Task: XRelocateTask, Active Workers: 1
[2024-02-14T16:50:01.172+0100][info ][gc,phases      ] GC(20) Concurrent Relocate 14,130ms
[2024-02-14T16:50:01.172+0100][debug][gc,heap        ] GC(20) Heap after GC invocations=21 (full 21):
[2024-02-14T16:50:01.172+0100][debug][gc,heap        ] GC(20)  ZHeap           used 646M, capacity 14498M, max capacity 15360M
[2024-02-14T16:50:01.172+0100][debug][gc,heap        ] GC(20)  Metaspace       used 31476K, committed 31872K, reserved 1114112K
[2024-02-14T16:50:01.172+0100][debug][gc,heap        ] GC(20)   class space    used 3306K, committed 3520K, reserved 1048576K
[2024-02-14T16:50:01.172+0100][info ][gc,load        ] GC(20) Load: 3,41/1,72/1,69
[2024-02-14T16:50:01.172+0100][info ][gc,mmu         ] GC(20) MMU: 2ms/92,8%, 5ms/97,1%, 10ms/98,6%, 20ms/99,1%, 50ms/99,6%, 100ms/99,8%
[2024-02-14T16:50:01.172+0100][info ][gc,marking     ] GC(20) Mark: 1 stripe(s), 2 proactive flush(es), 1 terminate flush(es), 0 completion(s), 0 continuation(s) 
[2024-02-14T16:50:01.172+0100][info ][gc,marking     ] GC(20) Mark Stack Usage: 32M
[2024-02-14T16:50:01.172+0100][info ][gc,nmethod     ] GC(20) NMethods: 4150 registered, 1188 unregistered
[2024-02-14T16:50:01.172+0100][info ][gc,metaspace   ] GC(20) Metaspace: 30M used, 31M committed, 1088M reserved
[2024-02-14T16:50:01.172+0100][info ][gc,ref         ] GC(20) Soft: 3825 encountered, 0 discovered, 0 enqueued
[2024-02-14T16:50:01.172+0100][info ][gc,ref         ] GC(20) Weak: 1905 encountered, 477 discovered, 0 enqueued
[2024-02-14T16:50:01.172+0100][info ][gc,ref         ] GC(20) Final: 21028 encountered, 21028 discovered, 21028 enqueued
[2024-02-14T16:50:01.172+0100][info ][gc,ref         ] GC(20) Phantom: 21470 encountered, 21322 discovered, 21086 enqueued
[2024-02-14T16:50:01.172+0100][info ][gc,reloc       ] GC(20) Small Pages: 6602 / 13204M, Empty: 7200M, Relocated: 6M, In-Place: 0
[2024-02-14T16:50:01.172+0100][info ][gc,reloc       ] GC(20) Medium Pages: 1 / 32M, Empty: 0M, Relocated: 0M, In-Place: 0
[2024-02-14T16:50:01.172+0100][info ][gc,reloc       ] GC(20) Large Pages: 0 / 0M, Empty: 0M, Relocated: 0M, In-Place: 0
[2024-02-14T16:50:01.172+0100][info ][gc,reloc       ] GC(20) Forwarding Usage: 2M
[2024-02-14T16:50:01.172+0100][info ][gc,heap        ] GC(20) Min Capacity: 5120M(33%)
[2024-02-14T16:50:01.172+0100][info ][gc,heap        ] GC(20) Max Capacity: 15360M(100%)
[2024-02-14T16:50:01.172+0100][info ][gc,heap        ] GC(20) Soft Max Capacity: 15360M(100%)
[2024-02-14T16:50:01.172+0100][info ][gc,heap        ] GC(20)                Mark Start          Mark End        Relocate Start      Relocate End           High               Low         
[2024-02-14T16:50:01.172+0100][info ][gc,heap        ] GC(20)  Capacity:    14498M (94%)       14498M (94%)       14498M (94%)       14498M (94%)       14498M (94%)       14498M (94%)    
[2024-02-14T16:50:01.172+0100][info ][gc,heap        ] GC(20)      Free:     2124M (14%)        1810M (12%)        8972M (58%)       14714M (96%)       14716M (96%)        1778M (12%)    
[2024-02-14T16:50:01.172+0100][info ][gc,heap        ] GC(20)      Used:    13236M (86%)       13550M (88%)        6388M (42%)         646M (4%)        13582M (88%)         644M (4%)     
[2024-02-14T16:50:01.172+0100][info ][gc,heap        ] GC(20)      Live:         -               177M (1%)          177M (1%)          177M (1%)             -                  -          
[2024-02-14T16:50:01.172+0100][info ][gc,heap        ] GC(20) Allocated:         -               314M (2%)          352M (2%)          387M (3%)             -                  -          
[2024-02-14T16:50:01.172+0100][info ][gc,heap        ] GC(20)   Garbage:         -             13058M (85%)        5858M (38%)          80M (1%)             -                  -          
[2024-02-14T16:50:01.172+0100][info ][gc,heap        ] GC(20) Reclaimed:         -                  -              7200M (47%)       12977M (84%)            -                  -          
[2024-02-14T16:50:01.172+0100][info ][gc             ] GC(20) Garbage Collection (Allocation Rate) 13236M(86%)->646M(4%)
[2024-02-14T16:50:01.207+0100][debug][gc,alloc       ] Allocation Rate: 3742,0MB/s, Predicted: 3810,9MB/s, Avg: 3866,0(+/-42,9)MB/s
[2024-02-14T16:50:01.207+0100][debug][gc,director    ] Select GC Workers (Normal), AvoidLongGCWorkers: 0,033, AvoidOOMGCWorkers: 0,090, LastGCWorkers: 1,000, GCWorkers: 0,090
[2024-02-14T16:50:01.207+0100][debug][gc,director    ] Rule: Allocation Rate (Dynamic GC Workers), MaxAllocRate: 4007,2MB/s (+/-1,1%), Free: 14582MB, GCCPUTime: 0,329, GCDuration: 0,329s, TimeUntilOOM: 3,599s, TimeUntilGC: 3,170s, GCWorkers: 1 -> 1
[2024-02-14T16:50:01.207+0100][debug][gc,director    ] Rule: High Usage, Free: 14582MB(94,9%)
[2024-02-14T16:50:01.207+0100][debug][gc,director    ] Rule: Proactive, UsedUntilEnabled: 1446MB, TimeUntilEnabled: 299,965s
[2024-02-14T16:50:01.307+0100][debug][gc,alloc       ] Allocation Rate: 3846,0MB/s, Predicted: 3808,8MB/s, Avg: 3861,8(+/-42,6)MB/s
[2024-02-14T16:50:01.307+0100][debug][gc,director    ] Select GC Workers (Normal), AvoidLongGCWorkers: 0,033, AvoidOOMGCWorkers: 0,095, LastGCWorkers: 1,000, GCWorkers: 0,095
[2024-02-14T16:50:01.307+0100][debug][gc,director    ] Rule: Allocation Rate (Dynamic GC Workers), MaxAllocRate: 4002,0MB/s (+/-1,1%), Free: 13884MB, GCCPUTime: 0,329, GCDuration: 0,329s, TimeUntilOOM: 3,431s, TimeUntilGC: 3,002s, GCWorkers: 1 -> 1
[2024-02-14T16:50:01.307+0100][debug][gc,director    ] Rule: High Usage, Free: 13884MB(90,4%)
[2024-02-14T16:50:01.307+0100][debug][gc,director    ] Rule: Proactive, UsedUntilEnabled: 748MB, TimeUntilEnabled: 299,865s
[2024-02-14T16:50:01.407+0100][debug][gc,alloc       ] Allocation Rate: 3848,0MB/s, Predicted: 3811,3MB/s, Avg: 3857,4(+/-41,5)MB/s
[2024-02-14T16:50:01.407+0100][debug][gc,director    ] Select GC Workers (Normal), AvoidLongGCWorkers: 0,033, AvoidOOMGCWorkers: 0,097, LastGCWorkers: 1,000, GCWorkers: 0,097
[2024-02-14T16:50:01.407+0100][debug][gc,director    ] Rule: Allocation Rate (Dynamic GC Workers), MaxAllocRate: 3994,0MB/s (+/-1,1%), Free: 13624MB, GCCPUTime: 0,329, GCDuration: 0,329s, TimeUntilOOM: 3,375s, TimeUntilGC: 2,946s, GCWorkers: 1 -> 1
[2024-02-14T16:50:01.407+0100][debug][gc,director    ] Rule: High Usage, Free: 13624MB(88,7%)
[2024-02-14T16:50:01.407+0100][debug][gc,director    ] Rule: Proactive, UsedUntilEnabled: 488MB, TimeUntilEnabled: 299,765s
[2024-02-14T16:50:01.508+0100][debug][gc,alloc       ] Allocation Rate: 3844,0MB/s, Predicted: 3816,3MB/s, Avg: 3852,2(+/-39,6)MB/s
[2024-02-14T16:50:01.508+0100][debug][gc,director    ] Select GC Workers (Normal), AvoidLongGCWorkers: 0,033, AvoidOOMGCWorkers: 0,098, LastGCWorkers: 1,000, GCWorkers: 0,098
[2024-02-14T16:50:01.508+0100][debug][gc,director    ] Rule: Allocation Rate (Dynamic GC Workers), MaxAllocRate: 3982,4MB/s (+/-1,0%), Free: 13368MB, GCCPUTime: 0,329, GCDuration: 0,329s, TimeUntilOOM: 3,323s, TimeUntilGC: 2,893s, GCWorkers: 1 -> 1
[2024-02-14T16:50:01.508+0100][debug][gc,director    ] Rule: High Usage, Free: 13368MB(87,0%)
[2024-02-14T16:50:01.508+0100][debug][gc,director    ] Rule: Proactive, UsedUntilEnabled: 232MB, TimeUntilEnabled: 299,664s
[2024-02-14T16:50:01.608+0100][debug][gc,alloc       ] Allocation Rate: 3860,0MB/s, Predicted: 3826,3MB/s, Avg: 3850,4(+/-38,7)MB/s
[2024-02-14T16:50:01.608+0100][debug][gc,director    ] Select GC Workers (Normal), AvoidLongGCWorkers: 0,033, AvoidOOMGCWorkers: 0,103, LastGCWorkers: 1,000, GCWorkers: 0,103
[2024-02-14T16:50:01.608+0100][debug][gc,director    ] Rule: Allocation Rate (Dynamic GC Workers), MaxAllocRate: 3977,9MB/s (+/-1,0%), Free: 12662MB, GCCPUTime: 0,329, GCDuration: 0,329s, TimeUntilOOM: 3,151s, TimeUntilGC: 2,722s, GCWorkers: 1 -> 1
[2024-02-14T16:50:01.608+0100][debug][gc,director    ] Rule: High Usage, Free: 12662MB(82,4%)
[2024-02-14T16:50:01.608+0100][debug][gc,director    ] Rule: Proactive, AcceptableGCInterval: 3,381s, TimeSinceLastGC: 0,436s, TimeUntilGC: 2,945s
[2024-02-14T16:50:01.708+0100][debug][gc,alloc       ] Allocation Rate: 3854,0MB/s, Predicted: 3834,0MB/s, Avg: 3848,4(+/-38,0)MB/s
[2024-02-14T16:50:01.708+0100][debug][gc,director    ] Select GC Workers (Normal), AvoidLongGCWorkers: 0,033, AvoidOOMGCWorkers: 0,105, LastGCWorkers: 1,000, GCWorkers: 0,105
[2024-02-14T16:50:01.708+0100][debug][gc,director    ] Rule: Allocation Rate (Dynamic GC Workers), MaxAllocRate: 3973,4MB/s (+/-1,0%), Free: 12418MB, GCCPUTime: 0,329, GCDuration: 0,329s, TimeUntilOOM: 3,095s, TimeUntilGC: 2,666s, GCWorkers: 1 -> 1
[2024-02-14T16:50:01.708+0100][debug][gc,director    ] Rule: High Usage, Free: 12418MB(80,8%)
[2024-02-14T16:50:01.708+0100][debug][gc,director    ] Rule: Proactive, AcceptableGCInterval: 3,381s, TimeSinceLastGC: 0,536s, TimeUntilGC: 2,845s
[2024-02-14T16:50:01.807+0100][debug][gc,alloc       ] Allocation Rate: 3850,0MB/s, Predicted: 3840,9MB/s, Avg: 3846,2(+/-37,2)MB/s
[2024-02-14T16:50:01.807+0100][debug][gc,director    ] Select GC Workers (Normal), AvoidLongGCWorkers: 0,033, AvoidOOMGCWorkers: 0,107, LastGCWorkers: 1,000, GCWorkers: 0,107
[2024-02-14T16:50:01.807+0100][debug][gc,director    ] Rule: Allocation Rate (Dynamic GC Workers), MaxAllocRate: 3968,6MB/s (+/-1,0%), Free: 12168MB, GCCPUTime: 0,329, GCDuration: 0,329s, TimeUntilOOM: 3,037s, TimeUntilGC: 2,608s, GCWorkers: 1 -> 1
[2024-02-14T16:50:01.807+0100][debug][gc,director    ] Rule: High Usage, Free: 12168MB(79,2%)
[2024-02-14T16:50:01.807+0100][debug][gc,director    ] Rule: Proactive, AcceptableGCInterval: 3,381s, TimeSinceLastGC: 0,635s, TimeUntilGC: 2,746s
[2024-02-14T16:50:01.907+0100][debug][gc,alloc       ] Allocation Rate: 3546,0MB/s, Predicted: 3732,0MB/s, Avg: 3812,0(+/-95,1)MB/s
[2024-02-14T16:50:01.907+0100][debug][gc,director    ] Select GC Workers (Normal), AvoidLongGCWorkers: 0,033, AvoidOOMGCWorkers: 0,117, LastGCWorkers: 1,000, GCWorkers: 0,117
[2024-02-14T16:50:01.907+0100][debug][gc,director    ] Rule: Allocation Rate (Dynamic GC Workers), MaxAllocRate: 4125,0MB/s (+/-2,5%), Free: 11736MB, GCCPUTime: 0,329, GCDuration: 0,329s, TimeUntilOOM: 2,776s, TimeUntilGC: 2,347s, GCWorkers: 1 -> 1
[2024-02-14T16:50:01.907+0100][debug][gc,director    ] Rule: High Usage, Free: 11736MB(76,4%)
[2024-02-14T16:50:01.907+0100][debug][gc,director    ] Rule: Proactive, AcceptableGCInterval: 3,381s, TimeSinceLastGC: 0,735s, TimeUntilGC: 2,646s
[2024-02-14T16:50:02.007+0100][debug][gc,alloc       ] Allocation Rate: 3836,0MB/s, Predicted: 3758,7MB/s, Avg: 3808,0(+/-93,2)MB/s
[2024-02-14T16:50:02.007+0100][debug][gc,director    ] Select GC Workers (Normal), AvoidLongGCWorkers: 0,033, AvoidOOMGCWorkers: 0,122, LastGCWorkers: 1,000, GCWorkers: 0,122
[2024-02-14T16:50:02.007+0100][debug][gc,director    ] Rule: Allocation Rate (Dynamic GC Workers), MaxAllocRate: 4114,6MB/s (+/-2,4%), Free: 11228MB, GCCPUTime: 0,329, GCDuration: 0,329s, TimeUntilOOM: 2,664s, TimeUntilGC: 2,234s, GCWorkers: 1 -> 1
[2024-02-14T16:50:02.007+0100][debug][gc,director    ] Rule: High Usage, Free: 11228MB(73,1%)
[2024-02-14T16:50:02.007+0100][debug][gc,director    ] Rule: Proactive, AcceptableGCInterval: 3,381s, TimeSinceLastGC: 0,836s, TimeUntilGC: 2,546s
[2024-02-14T16:50:02.108+0100][debug][gc,alloc       ] Allocation Rate: 3866,0MB/s, Predicted: 3794,1MB/s, Avg: 3809,2(+/-93,8)MB/s
[2024-02-14T16:50:02.108+0100][debug][gc,director    ] Select GC Workers (Normal), AvoidLongGCWorkers: 0,033, AvoidOOMGCWorkers: 0,125, LastGCWorkers: 1,000, GCWorkers: 0,125
[2024-02-14T16:50:02.108+0100][debug][gc,director    ] Rule: Allocation Rate (Dynamic GC Workers), MaxAllocRate: 4118,0MB/s (+/-2,5%), Free: 10972MB, GCCPUTime: 0,329, GCDuration: 0,329s, TimeUntilOOM: 2,600s, TimeUntilGC: 2,171s, GCWorkers: 1 -> 1
[2024-02-14T16:50:02.108+0100][debug][gc,director    ] Rule: High Usage, Free: 10972MB(71,4%)
[2024-02-14T16:50:02.108+0100][debug][gc,director    ] Rule: Proactive, AcceptableGCInterval: 3,381s, TimeSinceLastGC: 0,936s, TimeUntilGC: 2,445s
[2024-02-14T16:50:02.208+0100][debug][gc,alloc       ] Allocation Rate: 3868,0MB/s, Predicted: 3799,7MB/s, Avg: 3821,8(+/-92,4)MB/s
[2024-02-14T16:50:02.208+0100][debug][gc,director    ] Select GC Workers (Normal), AvoidLongGCWorkers: 0,033, AvoidOOMGCWorkers: 0,128, LastGCWorkers: 1,000, GCWorkers: 0,128
[2024-02-14T16:50:02.208+0100][debug][gc,director    ] Rule: Allocation Rate (Dynamic GC Workers), MaxAllocRate: 4125,9MB/s (+/-2,4%), Free: 10714MB, GCCPUTime: 0,329, GCDuration: 0,329s, TimeUntilOOM: 2,535s, TimeUntilGC: 2,106s, GCWorkers: 1 -> 1
[2024-02-14T16:50:02.208+0100][debug][gc,director    ] Rule: High Usage, Free: 10714MB(69,8%)
[2024-02-14T16:50:02.208+0100][debug][gc,director    ] Rule: Proactive, AcceptableGCInterval: 3,381s, TimeSinceLastGC: 1,036s, TimeUntilGC: 2,345s
[2024-02-14T16:50:02.308+0100][debug][gc,alloc       ] Allocation Rate: 3866,0MB/s, Predicted: 3823,9MB/s, Avg: 3823,8(+/-93,1)MB/s
[2024-02-14T16:50:02.308+0100][debug][gc,director    ] Select GC Workers (Normal), AvoidLongGCWorkers: 0,033, AvoidOOMGCWorkers: 0,138, LastGCWorkers: 1,000, GCWorkers: 0,138
[2024-02-14T16:50:02.308+0100][debug][gc,director    ] Rule: Allocation Rate (Dynamic GC Workers), MaxAllocRate: 4130,3MB/s (+/-2,4%), Free: 10018MB, GCCPUTime: 0,329, GCDuration: 0,329s, TimeUntilOOM: 2,368s, TimeUntilGC: 1,939s, GCWorkers: 1 -> 1
[2024-02-14T16:50:02.308+0100][debug][gc,director    ] Rule: High Usage, Free: 10018MB(65,2%)
[2024-02-14T16:50:02.308+0100][debug][gc,director    ] Rule: Proactive, AcceptableGCInterval: 3,381s, TimeSinceLastGC: 1,136s, TimeUntilGC: 2,245s
[2024-02-14T16:50:02.407+0100][debug][gc,alloc       ] Allocation Rate: 3854,0MB/s, Predicted: 3842,4MB/s, Avg: 3824,4(+/-93,3)MB/s
[2024-02-14T16:50:02.407+0100][debug][gc,director    ] Select GC Workers (Normal), AvoidLongGCWorkers: 0,033, AvoidOOMGCWorkers: 0,142, LastGCWorkers: 1,000, GCWorkers: 0,142
[2024-02-14T16:50:02.407+0100][debug][gc,director    ] Rule: Allocation Rate (Dynamic GC Workers), MaxAllocRate: 4149,4MB/s (+/-2,4%), Free: 9770MB, GCCPUTime: 0,329, GCDuration: 0,329s, TimeUntilOOM: 2,298s, TimeUntilGC: 1,869s, GCWorkers: 1 -> 1
[2024-02-14T16:50:02.407+0100][debug][gc,director    ] Rule: High Usage, Free: 9770MB(63,6%)
[2024-02-14T16:50:02.407+0100][debug][gc,director    ] Rule: Proactive, AcceptableGCInterval: 3,381s, TimeSinceLastGC: 1,235s, TimeUntilGC: 2,146s
[2024-02-14T16:50:02.507+0100][debug][gc,alloc       ] Allocation Rate: 3850,0MB/s, Predicted: 3857,9MB/s, Avg: 3825,0(+/-93,5)MB/s
[2024-02-14T16:50:02.507+0100][debug][gc,director    ] Select GC Workers (Normal), AvoidLongGCWorkers: 0,033, AvoidOOMGCWorkers: 0,146, LastGCWorkers: 1,000, GCWorkers: 0,146
[2024-02-14T16:50:02.507+0100][debug][gc,director    ] Rule: Allocation Rate (Dynamic GC Workers), MaxAllocRate: 4165,4MB/s (+/-2,4%), Free: 9516MB, GCCPUTime: 0,329, GCDuration: 0,329s, TimeUntilOOM: 2,230s, TimeUntilGC: 1,801s, GCWorkers: 1 -> 1
[2024-02-14T16:50:02.507+0100][debug][gc,director    ] Rule: High Usage, Free: 9516MB(62,0%)
[2024-02-14T16:50:02.507+0100][debug][gc,director    ] Rule: Proactive, AcceptableGCInterval: 3,381s, TimeSinceLastGC: 1,335s, TimeUntilGC: 2,046s
[2024-02-14T16:50:02.607+0100][debug][gc,alloc       ] Allocation Rate: 3870,0MB/s, Predicted: 3885,2MB/s, Avg: 3826,0(+/-93,9)MB/s
[2024-02-14T16:50:02.608+0100][debug][gc,director    ] Select GC Workers (Normal), AvoidLongGCWorkers: 0,033, AvoidOOMGCWorkers: 0,159, LastGCWorkers: 1,000, GCWorkers: 0,159
[2024-02-14T16:50:02.608+0100][debug][gc,director    ] Rule: Allocation Rate (Dynamic GC Workers), MaxAllocRate: 4194,1MB/s (+/-2,5%), Free: 8790MB, GCCPUTime: 0,329, GCDuration: 0,329s, TimeUntilOOM: 2,046s, TimeUntilGC: 1,616s, GCWorkers: 1 -> 1
[2024-02-14T16:50:02.608+0100][debug][gc,director    ] Rule: High Usage, Free: 8790MB(57,2%)
[2024-02-14T16:50:02.608+0100][debug][gc,director    ] Rule: Proactive, AcceptableGCInterval: 3,381s, TimeSinceLastGC: 1,436s, TimeUntilGC: 1,945s
[2024-02-14T16:50:02.708+0100][debug][gc,alloc       ] Allocation Rate: 3846,0MB/s, Predicted: 3900,7MB/s, Avg: 3825,2(+/-93,7)MB/s
[2024-02-14T16:50:02.708+0100][debug][gc,director    ] Select GC Workers (Normal), AvoidLongGCWorkers: 0,033, AvoidOOMGCWorkers: 0,164, LastGCWorkers: 1,000, GCWorkers: 0,164
[2024-02-14T16:50:02.708+0100][debug][gc,director    ] Rule: Allocation Rate (Dynamic GC Workers), MaxAllocRate: 4208,9MB/s (+/-2,4%), Free: 8572MB, GCCPUTime: 0,329, GCDuration: 0,329s, TimeUntilOOM: 1,988s, TimeUntilGC: 1,559s, GCWorkers: 1 -> 1
[2024-02-14T16:50:02.708+0100][debug][gc,director    ] Rule: High Usage, Free: 8572MB(55,8%)
[2024-02-14T16:50:02.708+0100][debug][gc,director    ] Rule: Proactive, AcceptableGCInterval: 3,381s, TimeSinceLastGC: 1,536s, TimeUntilGC: 1,845s
[2024-02-14T16:50:02.808+0100][debug][gc,alloc       ] Allocation Rate: 3842,0MB/s, Predicted: 3914,0MB/s, Avg: 3824,4(+/-93,5)MB/s
[2024-02-14T16:50:02.808+0100][debug][gc,director    ] Select GC Workers (Normal), AvoidLongGCWorkers: 0,033, AvoidOOMGCWorkers: 0,169, LastGCWorkers: 1,000, GCWorkers: 0,169
[2024-02-14T16:50:02.808+0100][debug][gc,director    ] Rule: Allocation Rate (Dynamic GC Workers), MaxAllocRate: 4221,6MB/s (+/-2,4%), Free: 8326MB, GCCPUTime: 0,329, GCDuration: 0,329s, TimeUntilOOM: 1,925s, TimeUntilGC: 1,496s, GCWorkers: 1 -> 1
[2024-02-14T16:50:02.808+0100][debug][gc,director    ] Rule: High Usage, Free: 8326MB(54,2%)
[2024-02-14T16:50:02.808+0100][debug][gc,director    ] Rule: Proactive, AcceptableGCInterval: 3,381s, TimeSinceLastGC: 1,636s, TimeUntilGC: 1,745s
[2024-02-14T16:50:02.907+0100][debug][gc,alloc       ] Allocation Rate: 3658,0MB/s, Predicted: 3773,2MB/s, Avg: 3835,6(+/-60,3)MB/s
[2024-02-14T16:50:02.907+0100][debug][gc,director    ] Select GC Workers (Normal), AvoidLongGCWorkers: 0,033, AvoidOOMGCWorkers: 0,165, LastGCWorkers: 1,000, GCWorkers: 0,165
[2024-02-14T16:50:02.907+0100][debug][gc,director    ] Rule: Allocation Rate (Dynamic GC Workers), MaxAllocRate: 4033,9MB/s (+/-1,6%), Free: 8082MB, GCCPUTime: 0,329, GCDuration: 0,329s, TimeUntilOOM: 1,973s, TimeUntilGC: 1,543s, GCWorkers: 1 -> 1
[2024-02-14T16:50:02.907+0100][debug][gc,director    ] Rule: High Usage, Free: 8082MB(52,6%)
[2024-02-14T16:50:02.907+0100][debug][gc,director    ] Rule: Proactive, AcceptableGCInterval: 3,381s, TimeSinceLastGC: 1,735s, TimeUntilGC: 1,646s
[2024-02-14T16:50:03.007+0100][debug][gc,alloc       ] Allocation Rate: 3840,0MB/s, Predicted: 3775,1MB/s, Avg: 3836,0(+/-60,3)MB/s
[2024-02-14T16:50:03.007+0100][debug][gc,director    ] Select GC Workers (Normal), AvoidLongGCWorkers: 0,033, AvoidOOMGCWorkers: 0,181, LastGCWorkers: 1,000, GCWorkers: 0,181
[2024-02-14T16:50:03.007+0100][debug][gc,director    ] Rule: Allocation Rate (Dynamic GC Workers), MaxAllocRate: 4034,4MB/s (+/-1,6%), Free: 7388MB, GCCPUTime: 0,329, GCDuration: 0,329s, TimeUntilOOM: 1,803s, TimeUntilGC: 1,374s, GCWorkers: 1 -> 1
[2024-02-14T16:50:03.007+0100][debug][gc,director    ] Rule: High Usage, Free: 7388MB(48,1%)
[2024-02-14T16:50:03.007+0100][debug][gc,director    ] Rule: Proactive, AcceptableGCInterval: 3,381s, TimeSinceLastGC: 1,835s, TimeUntilGC: 1,546s
[2024-02-14T16:50:03.107+0100][debug][gc,alloc       ] Allocation Rate: 3836,0MB/s, Predicted: 3783,1MB/s, Avg: 3833,0(+/-59,5)MB/s
[2024-02-14T16:50:03.107+0100][debug][gc,director    ] Select GC Workers (Normal), AvoidLongGCWorkers: 0,033, AvoidOOMGCWorkers: 0,187, LastGCWorkers: 1,000, GCWorkers: 0,187
[2024-02-14T16:50:03.107+0100][debug][gc,director    ] Rule: Allocation Rate (Dynamic GC Workers), MaxAllocRate: 4028,6MB/s (+/-1,6%), Free: 7136MB, GCCPUTime: 0,329, GCDuration: 0,329s, TimeUntilOOM: 1,744s, TimeUntilGC: 1,315s, GCWorkers: 1 -> 1
[2024-02-14T16:50:03.107+0100][debug][gc,director    ] Rule: High Usage, Free: 7136MB(46,5%)
[2024-02-14T16:50:03.107+0100][debug][gc,director    ] Rule: Proactive, AcceptableGCInterval: 3,381s, TimeSinceLastGC: 1,935s, TimeUntilGC: 1,446s
[2024-02-14T16:50:03.207+0100][debug][gc,alloc       ] Allocation Rate: 3832,0MB/s, Predicted: 3792,0MB/s, Avg: 3829,4(+/-58,3)MB/s
[2024-02-14T16:50:03.208+0100][debug][gc,director    ] Select GC Workers (Normal), AvoidLongGCWorkers: 0,033, AvoidOOMGCWorkers: 0,193, LastGCWorkers: 1,000, GCWorkers: 0,193
[2024-02-14T16:50:03.208+0100][debug][gc,director    ] Rule: Allocation Rate (Dynamic GC Workers), MaxAllocRate: 4021,2MB/s (+/-1,5%), Free: 6882MB, GCCPUTime: 0,329, GCDuration: 0,329s, TimeUntilOOM: 1,686s, TimeUntilGC: 1,257s, GCWorkers: 1 -> 1
[2024-02-14T16:50:03.208+0100][debug][gc,director    ] Rule: High Usage, Free: 6882MB(44,8%)
[2024-02-14T16:50:03.208+0100][debug][gc,director    ] Rule: Proactive, AcceptableGCInterval: 3,381s, TimeSinceLastGC: 2,036s, TimeUntilGC: 1,345s
[2024-02-14T16:50:03.308+0100][debug][gc,alloc       ] Allocation Rate: 3842,0MB/s, Predicted: 3806,8MB/s, Avg: 3827,0(+/-57,2)MB/s
[2024-02-14T16:50:03.308+0100][debug][gc,director    ] Select GC Workers (Normal), AvoidLongGCWorkers: 0,033, AvoidOOMGCWorkers: 0,215, LastGCWorkers: 1,000, GCWorkers: 0,215
[2024-02-14T16:50:03.308+0100][debug][gc,director    ] Rule: Allocation Rate (Dynamic GC Workers), MaxAllocRate: 4015,3MB/s (+/-1,5%), Free: 6176MB, GCCPUTime: 0,329, GCDuration: 0,329s, TimeUntilOOM: 1,515s, TimeUntilGC: 1,086s, GCWorkers: 1 -> 1
[2024-02-14T16:50:03.308+0100][debug][gc,director    ] Rule: High Usage, Free: 6176MB(40,2%)
[2024-02-14T16:50:03.308+0100][debug][gc,director    ] Rule: Proactive, AcceptableGCInterval: 3,381s, TimeSinceLastGC: 2,136s, TimeUntilGC: 1,245s
[2024-02-14T16:50:03.408+0100][debug][gc,alloc       ] Allocation Rate: 3832,0MB/s, Predicted: 3816,0MB/s, Avg: 3824,8(+/-56,6)MB/s
[2024-02-14T16:50:03.408+0100][debug][gc,director    ] Select GC Workers (Normal), AvoidLongGCWorkers: 0,033, AvoidOOMGCWorkers: 0,224, LastGCWorkers: 1,000, GCWorkers: 0,224
[2024-02-14T16:50:03.408+0100][debug][gc,director    ] Rule: Allocation Rate (Dynamic GC Workers), MaxAllocRate: 4010,9MB/s (+/-1,5%), Free: 5938MB, GCCPUTime: 0,329, GCDuration: 0,329s, TimeUntilOOM: 1,459s, TimeUntilGC: 1,030s, GCWorkers: 1 -> 1
[2024-02-14T16:50:03.408+0100][debug][gc,director    ] Rule: High Usage, Free: 5938MB(38,7%)
[2024-02-14T16:50:03.408+0100][debug][gc,director    ] Rule: Proactive, AcceptableGCInterval: 3,381s, TimeSinceLastGC: 2,236s, TimeUntilGC: 1,145s
[2024-02-14T16:50:03.508+0100][debug][gc,alloc       ] Allocation Rate: 3832,0MB/s, Predicted: 3825,6MB/s, Avg: 3823,0(+/-56,0)MB/s
[2024-02-14T16:50:03.508+0100][debug][gc,director    ] Select GC Workers (Normal), AvoidLongGCWorkers: 0,033, AvoidOOMGCWorkers: 0,234, LastGCWorkers: 1,000, GCWorkers: 0,234
[2024-02-14T16:50:03.508+0100][debug][gc,director    ] Rule: Allocation Rate (Dynamic GC Workers), MaxAllocRate: 4009,9MB/s (+/-1,5%), Free: 5684MB, GCCPUTime: 0,329, GCDuration: 0,329s, TimeUntilOOM: 1,397s, TimeUntilGC: 0,968s, GCWorkers: 1 -> 1
[2024-02-14T16:50:03.508+0100][debug][gc,director    ] Rule: High Usage, Free: 5684MB(37,0%)
[2024-02-14T16:50:03.508+0100][debug][gc,director    ] Rule: Proactive, AcceptableGCInterval: 3,381s, TimeSinceLastGC: 2,336s, TimeUntilGC: 1,045s
[2024-02-14T16:50:03.607+0100][debug][gc,alloc       ] Allocation Rate: 3652,0MB/s, Predicted: 3769,7MB/s, Avg: 3801,2(+/-73,3)MB/s
[2024-02-14T16:50:03.607+0100][debug][gc,director    ] Select GC Workers (Normal), AvoidLongGCWorkers: 0,033, AvoidOOMGCWorkers: 0,262, LastGCWorkers: 1,000, GCWorkers: 0,262
[2024-02-14T16:50:03.607+0100][debug][gc,director    ] Rule: Allocation Rate (Dynamic GC Workers), MaxAllocRate: 4042,3MB/s (+/-1,9%), Free: 5140MB, GCCPUTime: 0,329, GCDuration: 0,329s, TimeUntilOOM: 1,248s, TimeUntilGC: 0,818s, GCWorkers: 1 -> 1
[2024-02-14T16:50:03.607+0100][debug][gc,director    ] Rule: High Usage, Free: 5140MB(33,5%)
[2024-02-14T16:50:03.607+0100][debug][gc,director    ] Rule: Proactive, AcceptableGCInterval: 3,381s, TimeSinceLastGC: 2,435s, TimeUntilGC: 0,946s
[2024-02-14T16:50:03.707+0100][debug][gc,alloc       ] Allocation Rate: 3546,0MB/s, Predicted: 3679,6MB/s, Avg: 3771,2(+/-103,8)MB/s
[2024-02-14T16:50:03.707+0100][debug][gc,director    ] Select GC Workers (Normal), AvoidLongGCWorkers: 0,033, AvoidOOMGCWorkers: 0,274, LastGCWorkers: 1,000, GCWorkers: 0,274
[2024-02-14T16:50:03.707+0100][debug][gc,director    ] Rule: Allocation Rate (Dynamic GC Workers), MaxAllocRate: 4112,8MB/s (+/-2,8%), Free: 5026MB, GCCPUTime: 0,329, GCDuration: 0,329s, TimeUntilOOM: 1,189s, TimeUntilGC: 0,760s, GCWorkers: 1 -> 1
[2024-02-14T16:50:03.707+0100][debug][gc,director    ] Rule: High Usage, Free: 5026MB(32,7%)
[2024-02-14T16:50:03.707+0100][debug][gc,director    ] Rule: Proactive, AcceptableGCInterval: 3,381s, TimeSinceLastGC: 2,535s, TimeUntilGC: 0,846s
[2024-02-14T16:50:03.807+0100][debug][gc,alloc       ] Allocation Rate: 3616,0MB/s, Predicted: 3636,4MB/s, Avg: 3748,6(+/-110,3)MB/s
[2024-02-14T16:50:03.807+0100][debug][gc,director    ] Select GC Workers (Normal), AvoidLongGCWorkers: 0,033, AvoidOOMGCWorkers: 0,293, LastGCWorkers: 1,000, GCWorkers: 0,293
[2024-02-14T16:50:03.807+0100][debug][gc,director    ] Rule: Allocation Rate (Dynamic GC Workers), MaxAllocRate: 4111,7MB/s (+/-2,9%), Free: 4710MB, GCCPUTime: 0,329, GCDuration: 0,329s, TimeUntilOOM: 1,113s, TimeUntilGC: 0,684s, GCWorkers: 1 -> 1
[2024-02-14T16:50:03.807+0100][debug][gc,director    ] Rule: High Usage, Free: 4710MB(30,7%)
[2024-02-14T16:50:03.807+0100][debug][gc,director    ] Rule: Proactive, AcceptableGCInterval: 3,381s, TimeSinceLastGC: 2,635s, TimeUntilGC: 0,746s
[2024-02-14T16:50:03.907+0100][debug][gc,alloc       ] Allocation Rate: 3706,0MB/s, Predicted: 3595,2MB/s, Avg: 3753,4(+/-107,3)MB/s
[2024-02-14T16:50:03.907+0100][debug][gc,director    ] Select GC Workers (Normal), AvoidLongGCWorkers: 0,033, AvoidOOMGCWorkers: 0,315, LastGCWorkers: 1,000, GCWorkers: 0,315
[2024-02-14T16:50:03.908+0100][debug][gc,director    ] Rule: Allocation Rate (Dynamic GC Workers), MaxAllocRate: 4106,5MB/s (+/-2,9%), Free: 4376MB, GCCPUTime: 0,329, GCDuration: 0,329s, TimeUntilOOM: 1,036s, TimeUntilGC: 0,607s, GCWorkers: 1 -> 1
[2024-02-14T16:50:03.908+0100][debug][gc,director    ] Rule: High Usage, Free: 4376MB(28,5%)
[2024-02-14T16:50:03.908+0100][debug][gc,director    ] Rule: Proactive, AcceptableGCInterval: 3,381s, TimeSinceLastGC: 2,736s, TimeUntilGC: 0,645s
[2024-02-14T16:50:04.008+0100][debug][gc,alloc       ] Allocation Rate: 3350,0MB/s, Predicted: 3456,9MB/s, Avg: 3704,4(+/-157,0)MB/s
[2024-02-14T16:50:04.008+0100][debug][gc,director    ] Select GC Workers (Normal), AvoidLongGCWorkers: 0,033, AvoidOOMGCWorkers: 0,356, LastGCWorkers: 1,000, GCWorkers: 0,356
[2024-02-14T16:50:04.008+0100][debug][gc,director    ] Rule: Allocation Rate (Dynamic GC Workers), MaxAllocRate: 4220,9MB/s (+/-4,2%), Free: 4038MB, GCCPUTime: 0,329, GCDuration: 0,329s, TimeUntilOOM: 0,918s, TimeUntilGC: 0,489s, GCWorkers: 1 -> 1
[2024-02-14T16:50:04.008+0100][debug][gc,director    ] Rule: High Usage, Free: 4038MB(26,3%)
[2024-02-14T16:50:04.008+0100][debug][gc,director    ] Rule: Proactive, AcceptableGCInterval: 3,381s, TimeSinceLastGC: 2,836s, TimeUntilGC: 0,545s
[2024-02-14T16:50:04.108+0100][debug][gc,alloc       ] Allocation Rate: 3392,0MB/s, Predicted: 3367,1MB/s, Avg: 3660,0(+/-175,2)MB/s
[2024-02-14T16:50:04.108+0100][debug][gc,director    ] Select GC Workers (Normal), AvoidLongGCWorkers: 0,033, AvoidOOMGCWorkers: 0,388, LastGCWorkers: 1,000, GCWorkers: 0,388
[2024-02-14T16:50:04.108+0100][debug][gc,director    ] Rule: Allocation Rate (Dynamic GC Workers), MaxAllocRate: 4236,5MB/s (+/-4,8%), Free: 3744MB, GCCPUTime: 0,329, GCDuration: 0,329s, TimeUntilOOM: 0,843s, TimeUntilGC: 0,414s, GCWorkers: 1 -> 1
[2024-02-14T16:50:04.108+0100][debug][gc,director    ] Rule: High Usage, Free: 3744MB(24,4%)
[2024-02-14T16:50:04.108+0100][debug][gc,director    ] Rule: Proactive, AcceptableGCInterval: 3,381s, TimeSinceLastGC: 2,936s, TimeUntilGC: 0,445s
[2024-02-14T16:50:04.208+0100][debug][gc,alloc       ] Allocation Rate: 3428,0MB/s, Predicted: 3320,1MB/s, Avg: 3619,6(+/-177,4)MB/s
[2024-02-14T16:50:04.208+0100][debug][gc,director    ] Select GC Workers (Normal), AvoidLongGCWorkers: 0,033, AvoidOOMGCWorkers: 0,417, LastGCWorkers: 1,000, GCWorkers: 0,417
[2024-02-14T16:50:04.208+0100][debug][gc,director    ] Rule: Allocation Rate (Dynamic GC Workers), MaxAllocRate: 4203,5MB/s (+/-4,9%), Free: 3454MB, GCCPUTime: 0,329, GCDuration: 0,329s, TimeUntilOOM: 0,783s, TimeUntilGC: 0,354s, GCWorkers: 1 -> 1
[2024-02-14T16:50:04.208+0100][debug][gc,director    ] Rule: High Usage, Free: 3454MB(22,5%)
[2024-02-14T16:50:04.208+0100][debug][gc,director    ] Rule: Proactive, AcceptableGCInterval: 3,381s, TimeSinceLastGC: 3,036s, TimeUntilGC: 0,345s
[2024-02-14T16:50:04.307+0100][debug][gc,alloc       ] Allocation Rate: 3016,0MB/s, Predicted: 3138,0MB/s, Avg: 3537,0(+/-237,0)MB/s
[2024-02-14T16:50:04.307+0100][debug][gc,director    ] Select GC Workers (Normal), AvoidLongGCWorkers: 0,033, AvoidOOMGCWorkers: 0,477, LastGCWorkers: 1,000, GCWorkers: 0,477
[2024-02-14T16:50:04.307+0100][debug][gc,director    ] Rule: Allocation Rate (Dynamic GC Workers), MaxAllocRate: 4316,7MB/s (+/-6,7%), Free: 3160MB, GCCPUTime: 0,329, GCDuration: 0,329s, TimeUntilOOM: 0,686s, TimeUntilGC: 0,257s, GCWorkers: 1 -> 1
[2024-02-14T16:50:04.307+0100][debug][gc,director    ] Rule: High Usage, Free: 3160MB(20,6%)
[2024-02-14T16:50:04.307+0100][debug][gc,director    ] Rule: Proactive, AcceptableGCInterval: 3,381s, TimeSinceLastGC: 3,135s, TimeUntilGC: 0,246s
[2024-02-14T16:50:04.407+0100][debug][gc,alloc       ] Allocation Rate: 3110,0MB/s, Predicted: 3045,9MB/s, Avg: 3464,8(+/-245,9)MB/s
[2024-02-14T16:50:04.407+0100][debug][gc,director    ] Select GC Workers (Normal), AvoidLongGCWorkers: 0,033, AvoidOOMGCWorkers: 0,530, LastGCWorkers: 1,000, GCWorkers: 0,530
[2024-02-14T16:50:04.407+0100][debug][gc,director    ] Rule: Allocation Rate (Dynamic GC Workers), MaxAllocRate: 4273,9MB/s (+/-7,1%), Free: 2828MB, GCCPUTime: 0,329, GCDuration: 0,329s, TimeUntilOOM: 0,618s, TimeUntilGC: 0,189s, GCWorkers: 1 -> 1
[2024-02-14T16:50:04.407+0100][debug][gc,director    ] Rule: High Usage, Free: 2828MB(18,4%)
[2024-02-14T16:50:04.407+0100][debug][gc,director    ] Rule: Proactive, AcceptableGCInterval: 3,381s, TimeSinceLastGC: 3,235s, TimeUntilGC: 0,146s
[2024-02-14T16:50:04.508+0100][debug][gc,alloc       ] Allocation Rate: 3174,0MB/s, Predicted: 3027,5MB/s, Avg: 3399,0(+/-226,1)MB/s
[2024-02-14T16:50:04.508+0100][debug][gc,director    ] Select GC Workers (Normal), AvoidLongGCWorkers: 0,033, AvoidOOMGCWorkers: 0,577, LastGCWorkers: 1,000, GCWorkers: 0,577
[2024-02-14T16:50:04.508+0100][debug][gc,director    ] Rule: Allocation Rate (Dynamic GC Workers), MaxAllocRate: 4142,9MB/s (+/-6,7%), Free: 2510MB, GCCPUTime: 0,329, GCDuration: 0,329s, TimeUntilOOM: 0,568s, TimeUntilGC: 0,139s, GCWorkers: 1 -> 1
[2024-02-14T16:50:04.508+0100][debug][gc,director    ] Rule: High Usage, Free: 2510MB(16,3%)
[2024-02-14T16:50:04.508+0100][debug][gc,director    ] Rule: Proactive, AcceptableGCInterval: 3,381s, TimeSinceLastGC: 3,336s, TimeUntilGC: 0,045s
[2024-02-14T16:50:04.608+0100][debug][gc,alloc       ] Allocation Rate: 2948,0MB/s, Predicted: 2914,5MB/s, Avg: 3328,6(+/-245,1)MB/s
[2024-02-14T16:50:04.608+0100][debug][gc,director    ] Select GC Workers (Normal), AvoidLongGCWorkers: 0,033, AvoidOOMGCWorkers: 0,664, LastGCWorkers: 1,000, GCWorkers: 0,664
[2024-02-14T16:50:04.608+0100][debug][gc,director    ] Rule: Allocation Rate (Dynamic GC Workers), MaxAllocRate: 4135,2MB/s (+/-7,4%), Free: 2192MB, GCCPUTime: 0,329, GCDuration: 0,329s, TimeUntilOOM: 0,494s, TimeUntilGC: 0,064s, GCWorkers: 1 -> 1
[2024-02-14T16:50:04.608+0100][debug][gc,director    ] Rule: High Usage, Free: 2192MB(14,3%)
[2024-02-14T16:50:04.608+0100][debug][gc,director    ] Rule: Proactive, AcceptableGCInterval: 3,381s, TimeSinceLastGC: 3,436s, TimeUntilGC: -0,055s
[2024-02-14T16:50:04.608+0100][debug][gc,heap        ] GC(21) Heap before GC invocations=21 (full 21):
[2024-02-14T16:50:04.608+0100][debug][gc,heap        ] GC(21)  ZHeap           used 13128M, capacity 14498M, max capacity 15360M
[2024-02-14T16:50:04.608+0100][debug][gc,heap        ] GC(21)  Metaspace       used 32035K, committed 32448K, reserved 1114112K
[2024-02-14T16:50:04.608+0100][debug][gc,heap        ] GC(21)   class space    used 3379K, committed 3584K, reserved 1048576K
[2024-02-14T16:50:04.608+0100][info ][gc,start       ] GC(21) Garbage Collection (Proactive)
[2024-02-14T16:50:04.608+0100][info ][gc,task        ] GC(21) Using 5 workers
[2024-02-14T16:50:04.608+0100][debug][gc,jni         ] Setting _needs_gc. Thread "VM Thread" 1 locked.
[2024-02-14T16:50:04.608+0100][debug][gc,jni         ] Performing GC after exiting critical section. Thread "Test worker" 0 locked.
[2024-02-14T16:50:04.608+0100][debug][gc             ] GC(21) GC Locker Stall (XDriver) 0,057ms
[2024-02-14T16:50:04.608+0100][debug][gc,phases,start] GC(21) Pause Mark Start
[2024-02-14T16:50:04.608+0100][debug][gc,marking     ] GC(21) Using 4 mark stripes
[2024-02-14T16:50:04.608+0100][debug][gc,marking     ] GC(21) Mark Worker/Stripe Distribution
[2024-02-14T16:50:04.608+0100][debug][gc,marking     ] GC(21)   Worker 0(5) -> Stripe 0(4)
[2024-02-14T16:50:04.608+0100][debug][gc,marking     ] GC(21)   Worker 1(5) -> Stripe 1(4)
[2024-02-14T16:50:04.608+0100][debug][gc,marking     ] GC(21)   Worker 2(5) -> Stripe 2(4)
[2024-02-14T16:50:04.608+0100][debug][gc,marking     ] GC(21)   Worker 3(5) -> Stripe 3(4)
[2024-02-14T16:50:04.608+0100][debug][gc,marking     ] GC(21)   Worker 4(5) -> Stripe 0(4)
[2024-02-14T16:50:04.608+0100][info ][gc,phases      ] GC(21) Pause Mark Start 0,081ms
[2024-02-14T16:50:04.608+0100][debug][gc,phases,start] GC(21) Concurrent Mark
[2024-02-14T16:50:04.608+0100][debug][gc,task        ] GC(21) Executing Task: XMarkRootsTask, Active Workers: 5
[2024-02-14T16:50:04.609+0100][debug][gc,tlab        ] GC(21) TLAB totals: thrds: 31  refills: 50832 max: 34683 slow allocs: 5624 max 451 waste:  1,0% gc: 3014408B max: 262096B slow: 123729624B max: 68310952B
[2024-02-14T16:50:04.609+0100][debug][gc,task        ] GC(21) Executing Task: XMarkTask, Active Workers: 5
[2024-02-14T16:50:04.705+0100][info ][gc,phases      ] GC(21) Concurrent Mark 96,782ms
[2024-02-14T16:50:04.705+0100][debug][gc,phases,start] GC(21) Pause Mark End
[2024-02-14T16:50:04.705+0100][info ][gc,phases      ] GC(21) Pause Mark End 0,049ms
[2024-02-14T16:50:04.705+0100][debug][gc,phases,start] GC(21) Concurrent Mark Free
[2024-02-14T16:50:04.705+0100][info ][gc,phases      ] GC(21) Concurrent Mark Free 0,013ms
[2024-02-14T16:50:04.705+0100][debug][gc,phases,start] GC(21) Concurrent Process Non-Strong References
[2024-02-14T16:50:04.705+0100][debug][gc,phases,start] GC(21) Concurrent References Process
[2024-02-14T16:50:04.705+0100][debug][gc,task        ] GC(21) Executing Task: XReferenceProcessorTask, Active Workers: 5
[2024-02-14T16:50:04.708+0100][debug][gc,alloc       ] Allocation Rate: 3102,0MB/s, Predicted: 2881,9MB/s, Avg: 3284,2(+/-241,9)MB/s
[2024-02-14T16:50:04.711+0100][debug][gc,phases      ] GC(21) Concurrent References Process 5,506ms
[2024-02-14T16:50:04.711+0100][debug][gc,task        ] GC(21) Executing Task: XProcessWeakRootsTask, Active Workers: 5
[2024-02-14T16:50:04.711+0100][debug][gc,phases,start] GC(21) Concurrent Classes Unlink
[2024-02-14T16:50:04.711+0100][debug][gc,phases,start] GC(21) ClassLoaderData
[2024-02-14T16:50:04.711+0100][debug][gc,phases      ] GC(21) ClassLoaderData 0,037ms
[2024-02-14T16:50:04.711+0100][debug][gc,phases,start] GC(21) Trigger cleanups
[2024-02-14T16:50:04.711+0100][debug][gc,phases      ] GC(21) Trigger cleanups 0,008ms
[2024-02-14T16:50:04.711+0100][debug][gc,task        ] GC(21) Executing Task: XNMethodUnlinkTask, Active Workers: 5
[2024-02-14T16:50:04.712+0100][debug][gc,phases      ] GC(21) Concurrent Classes Unlink 1,073ms
[2024-02-14T16:50:04.712+0100][debug][gc,phases,start] GC(21) Concurrent Classes Purge
[2024-02-14T16:50:04.712+0100][debug][gc,nmethod     ] GC(21) Unregister NMethod: java.util.concurrent.ConcurrentHashMap.transfer (0x00007f9f2b37b990)
[2024-02-14T16:50:04.712+0100][debug][gc,nmethod     ] GC(21) Unregister NMethod: io.sirix.node.json.ArrayNode.<init> (0x00007f9f0c050290)
[2024-02-14T16:50:04.712+0100][debug][gc,nmethod     ] GC(21) Unregister NMethod: java.util.concurrent.ConcurrentHashMap.addCount (0x00007f9f0c138710)
[2024-02-14T16:50:04.712+0100][debug][gc,nmethod     ] GC(21) Unregister NMethod: com.google.gson.stream.JsonReader.peekKeyword (0x00007f9f2b40e510)
[2024-02-14T16:50:04.712+0100][debug][gc,nmethod     ] GC(21) Unregister NMethod: java.util.concurrent.ConcurrentHashMap.size (0x00007f9f0baf0790)
[2024-02-14T16:50:04.712+0100][debug][gc,nmethod     ] GC(21) Unregister NMethod: net.openhft.chronicle.bytes.internal.NativeBytesStore.readUnsignedByte (0x00007f9f0c0bee10)
[2024-02-14T16:50:04.712+0100][debug][gc,nmethod     ] GC(21) Unregister NMethod: com.github.benmanes.caffeine.cache.BoundedLocalCache.scheduleAfterWrite (0x00007f9f0c1b0110)
[2024-02-14T16:50:04.712+0100][debug][gc,nmethod     ] GC(21) Unregister NMethod: com.google.gson.stream.JsonReader.peek (0x00007f9f2b3f1190)
[2024-02-14T16:50:04.712+0100][debug][gc,nmethod     ] GC(21) Unregister NMethod: java.util.concurrent.ForkJoinTask.setDone (0x00007f9f0be8d090)
[2024-02-14T16:50:04.712+0100][debug][gc,nmethod     ] GC(21) Unregister NMethod: io.sirix.axis.AbstractAxis.nextLong (0x00007f9f0c0d1710)
[2024-02-14T16:50:04.712+0100][debug][gc,nmethod     ] GC(21) Unregister NMethod: java.util.concurrent.ConcurrentHashMap.clear (0x00007f9f2b65db10)
[2024-02-14T16:50:04.712+0100][debug][gc,nmethod     ] GC(21) Unregister NMethod: io.sirix.axis.DescendantAxis.nextKey (0x00007f9f0c0cab10)
[2024-02-14T16:50:04.712+0100][debug][gc,nmethod     ] GC(21) Unregister NMethod: io.sirix.node.json.BooleanNode.<init> (0x00007f9f0bff4210)
[2024-02-14T16:50:04.712+0100][debug][gc,nmethod     ] GC(21) Unregister NMethod: java.util.concurrent.ForkJoinPool.scan (0x00007f9f0c1cfc90)
[2024-02-14T16:50:04.712+0100][debug][gc,nmethod     ] GC(21) Unregister NMethod: com.github.benmanes.caffeine.cache.PSA.getNextInAccessOrder (0x00007f9f0baa3090)
[2024-02-14T16:50:04.712+0100][debug][gc,nmethod     ] GC(21) Unregister NMethod: io.sirix.axis.DescendantAxis.hasNextNode (0x00007f9f0c19af90)
[2024-02-14T16:50:04.712+0100][debug][gc,nmethod     ] GC(21) Unregister NMethod: com.github.benmanes.caffeine.cache.PSA.getPreviousInAccessOrder (0x00007f9f0bcfe110)
[2024-02-14T16:50:04.712+0100][debug][gc,nmethod     ] GC(21) Unregister NMethod: com.google.gson.stream.JsonReader.push (0x00007f9f2b4a2e10)
[2024-02-14T16:50:04.712+0100][debug][gc,nmethod     ] GC(21) Unregister NMethod: io.sirix.axis.AbstractAxis.<init> (0x00007f9f2b477a90)
[2024-02-14T16:50:04.712+0100][debug][gc,nmethod     ] GC(21) Unregister NMethod: io.sirix.node.NodeKind$27.deserialize (0x00007f9f0c1aaf10)
[2024-02-14T16:50:04.712+0100][debug][gc,nmethod     ] GC(21) Unregister NMethod: java.util.HashMap.clear (0x00007f9f2b4e5390)
[2024-02-14T16:50:04.712+0100][debug][gc,nmethod     ] GC(21) Unregister NMethod: com.google.gson.stream.JsonReader.readEscapeCharacter (0x00007f9f2b609710)
[2024-02-14T16:50:04.712+0100][debug][gc,nmethod     ] GC(21) Unregister NMethod: com.github.benmanes.caffeine.cache.BoundedLocalCache.rescheduleCleanUpIfIncomplete (0x00007f9f0c0e6410)
[2024-02-14T16:50:04.712+0100][debug][gc,nmethod     ] GC(21) Unregister NMethod: io.sirix.access.trx.page.NodePageReadOnlyTrx.loadDataPageFromDurableStorageAndCombinePageFragments (0x00007f9f0c04a490)
[2024-02-14T16:50:04.712+0100][debug][gc,nmethod     ] GC(21) Unregister NMethod: java.util.concurrent.ConcurrentHashMap.sumCount (0x00007f9f0c130c90)
[2024-02-14T16:50:04.712+0100][debug][gc,nmethod     ] GC(21) Unregister NMethod: io.sirix.access.trx.page.NodePageReadOnlyTrx.getFromBufferManager (0x00007f9f0c04b710)
[2024-02-14T16:50:04.713+0100][debug][gc,nmethod     ] GC(21) Unregister NMethod: com.github.benmanes.caffeine.cache.AbstractLinkedDeque.linkLast (0x00007f9f0ba4be90)
[2024-02-14T16:50:04.713+0100][debug][gc,nmethod     ] GC(21) Unregister NMethod: com.github.benmanes.caffeine.cache.BaseMpscLinkedArrayQueue.poll (0x00007f9f0bc9db90)
[2024-02-14T16:50:04.713+0100][debug][gc,nmethod     ] GC(21) Unregister NMethod: sun.nio.ch.Util$BufferCache.get (0x00007f9f0c034690)
[2024-02-14T16:50:04.713+0100][debug][gc,nmethod     ] GC(21) Unregister NMethod: com.github.benmanes.caffeine.cache.BoundedLocalCache.afterWrite (0x00007f9f0c1ad510)
[2024-02-14T16:50:04.713+0100][debug][gc,nmethod     ] GC(21) Unregister NMethod: com.google.gson.stream.JsonReader.beginArray (0x00007f9f2b4ada90)
[2024-02-14T16:50:04.713+0100][debug][gc,nmethod     ] GC(21) Unregister NMethod: io.sirix.node.xml.AbstractStructForwardingNode.hasFirstChild (0x00007f9f2b693310)
[2024-02-14T16:50:04.713+0100][debug][gc,nmethod     ] GC(21) Unregister NMethod: net.openhft.chronicle.bytes.AbstractBytes.read (0x00007f9f0c0cfe10)
[2024-02-14T16:50:04.713+0100][debug][gc,nmethod     ] GC(21) Unregister NMethod: io.sirix.io.filechannel.FileChannelReader.read (0x00007f9f0be91310)
[2024-02-14T16:50:04.713+0100][debug][gc,nmethod     ] GC(21) Unregister NMethod: io.sirix.service.json.shredder.JsonShredder.processString (0x00007f9f2b5cdf10)
[2024-02-14T16:50:04.713+0100][debug][gc,nmethod     ] GC(21) Unregister NMethod: com.github.benmanes.caffeine.cache.BoundedLocalCache.expireAfterWriteEntries (0x00007f9f0c072110)
[2024-02-14T16:50:04.713+0100][debug][gc,nmethod     ] GC(21) Unregister NMethod: com.github.benmanes.caffeine.cache.BaseMpscLinkedArrayQueue.offer (0x00007f9f0c1aea90)
[2024-02-14T16:50:04.713+0100][debug][gc,nmethod     ] GC(21) Unregister NMethod: java.nio.HeapByteBuffer.<init> (0x00007f9f0c0c8b10)
[2024-02-14T16:50:04.713+0100][debug][gc,nmethod     ] GC(21) Unregister NMethod: io.sirix.node.NodeKind.deserializeObjectOrArrayStructDelegate (0x00007f9f0c050990)
[2024-02-14T16:50:04.713+0100][debug][gc,nmethod     ] GC(21) Unregister NMethod: io.sirix.page.SerializationType.deserializeBitSet (0x00007f9f0bed8390)
[2024-02-14T16:50:04.713+0100][debug][gc,nmethod     ] GC(21) Unregister NMethod: java.lang.ThreadLocal$ThreadLocalMap.<init> (0x00007f9f0bf46f10)
[2024-02-14T16:50:04.713+0100][debug][gc,nmethod     ] GC(21) Unregister NMethod: io.sirix.axis.AbstractAxis.hasNext (0x00007f9f0c0d2410)
[2024-02-14T16:50:04.713+0100][debug][gc,nmethod     ] GC(21) Unregister NMethod: io.sirix.axis.AbstractAxis.tryToComputeNext (0x00007f9f0c0d1010)
[2024-02-14T16:50:04.713+0100][debug][gc,nmethod     ] GC(21) Unregister NMethod: io.sirix.page.NamePage.getName (0x00007f9f2b6a1010)
[2024-02-14T16:50:04.713+0100][debug][gc,nmethod     ] GC(21) Unregister NMethod: jdk.internal.misc.Unsafe.copyMemory (0x00007f9f2b50f790)
[2024-02-14T16:50:04.713+0100][debug][gc,nmethod     ] GC(21) Unregister NMethod: java.util.concurrent.ConcurrentHashMap.spread (0x00007f9f0ba3b290)
[2024-02-14T16:50:04.713+0100][debug][gc,nmethod     ] GC(21) Unregister NMethod: com.github.benmanes.caffeine.cache.PSA.setNextInAccessOrder (0x00007f9f0ba8c690)
[2024-02-14T16:50:04.713+0100][debug][gc,nmethod     ] GC(21) Unregister NMethod: java.io.InputStream.readNBytes (0x00007f9f0c02f990)
[2024-02-14T16:50:04.713+0100][debug][gc,nmethod     ] GC(21) Unregister NMethod: com.github.benmanes.caffeine.cache.BoundedLocalCache.expireAfterAccessEntries (0x00007f9f0c1b2e90)
[2024-02-14T16:50:04.713+0100][debug][gc,nmethod     ] GC(21) Unregister NMethod: io.sirix.service.json.shredder.JsonShredder.addObjectRecord (0x00007f9f0bf27090)
[2024-02-14T16:50:04.713+0100][debug][gc,nmethod     ] GC(21) Unregister NMethod: io.sirix.settings.VersioningType$4.getRevisionRoots (0x00007f9f0bfca990)
[2024-02-14T16:50:04.713+0100][debug][gc,nmethod     ] GC(21) Unregister NMethod: io.sirix.node.NodeKind.deserializeNodeDelegate (0x00007f9f0c13c310)
[2024-02-14T16:50:04.713+0100][debug][gc,nmethod     ] GC(21) Unregister NMethod: io.sirix.access.trx.node.AbstractNodeReadOnlyTrx.moveTo (0x00007f9f2b3e7590)
[2024-02-14T16:50:04.713+0100][debug][gc,nmethod     ] GC(21) Unregister NMethod: com.github.benmanes.caffeine.cache.BoundedLocalCache.drainKeyReferences (0x00007f9f0bfb5a10)
[2024-02-14T16:50:04.713+0100][debug][gc,nmethod     ] GC(21) Unregister NMethod: com.google.common.base.Preconditions.checkState (0x00007f9f0be75490)
[2024-02-14T16:50:04.713+0100][debug][gc,nmethod     ] GC(21) Unregister NMethod: com.github.benmanes.caffeine.cache.BoundedLocalCache.put (0x00007f9f0bef6810)
[2024-02-14T16:50:04.713+0100][debug][gc,nmethod     ] GC(21) Unregister NMethod: java.util.ImmutableCollections$AbstractImmutableList.iterator (0x00007f9f2b3f7590)
[2024-02-14T16:50:04.713+0100][debug][gc,nmethod     ] GC(21) Unregister NMethod: net.openhft.chronicle.bytes.AbstractBytes.read (0x00007f9f2b664b90)
[2024-02-14T16:50:04.713+0100][debug][gc,nmethod     ] GC(21) Unregister NMethod: jdk.internal.misc.Unsafe.putLongRelease (0x00007f9f0bef4b90)
[2024-02-14T16:50:04.713+0100][debug][gc,nmethod     ] GC(21) Unregister NMethod: java.util.ArrayList.isEmpty (0x00007f9f0bc94510)
[2024-02-14T16:50:04.713+0100][debug][gc,nmethod     ] GC(21) Unregister NMethod: io.sirix.access.trx.node.AbstractNodeReadOnlyTrx.hasRightSibling (0x00007f9f0c196810)
[2024-02-14T16:50:04.713+0100][debug][gc,nmethod     ] GC(21) Unregister NMethod: com.github.benmanes.caffeine.cache.BoundedLocalCache.performCleanUp (0x00007f9f0c1b1810)
[2024-02-14T16:50:04.713+0100][debug][gc,nmethod     ] GC(21) Unregister NMethod: com.google.gson.stream.JsonReader.peekNumber (0x00007f9f2b452c90)
[2024-02-14T16:50:04.713+0100][debug][gc,nmethod     ] GC(21) Unregister NMethod: java.util.concurrent.ForkJoinPool.execute (0x00007f9f0bebef90)
[2024-02-14T16:50:04.713+0100][debug][gc,nmethod     ] GC(21) Unregister NMethod: io.sirix.access.trx.node.AbstractNodeReadOnlyTrx.getRightSiblingKey (0x00007f9f0c199d90)
[2024-02-14T16:50:04.713+0100][debug][gc,nmethod     ] GC(21) Unregister NMethod: sun.nio.ch.IOUtil.write (0x00007f9f2b6bb790)
[2024-02-14T16:50:04.713+0100][debug][gc,nmethod     ] GC(21) Unregister NMethod: java.nio.charset.CharsetDecoder.decode (0x00007f9f2b4d4410)
[2024-02-14T16:50:04.713+0100][debug][gc,nmethod     ] GC(21) Unregister NMethod: io.sirix.access.trx.node.AbstractNodeReadOnlyTrx.moveTo (0x00007f9f0c0d5390)
[2024-02-14T16:50:04.713+0100][debug][gc,nmethod     ] GC(21) Unregister NMethod: io.sirix.axis.AbstractAxis.resetToLastKey (0x00007f9f0be7b790)
[2024-02-14T16:50:04.713+0100][debug][gc,nmethod     ] GC(21) Unregister NMethod: io.sirix.node.NodeKind.deserializeStructNodeJsonValueNode (0x00007f9f0c1a4710)
[2024-02-14T16:50:04.713+0100][debug][gc,nmethod     ] GC(21) Unregister NMethod: sun.nio.cs.StreamDecoder.implRead (0x00007f9f2b399d10)
[2024-02-14T16:50:04.713+0100][debug][gc,nmethod     ] GC(21) Unregister NMethod: java.util.concurrent.ForkJoinPool.scan (0x00007f9f2b7c0e90)
[2024-02-14T16:50:04.713+0100][debug][gc,nmethod     ] GC(21) Unregister NMethod: com.github.benmanes.caffeine.cache.BoundedLocalCache.drainWriteBuffer (0x00007f9f0c1d3010)
[2024-02-14T16:50:04.713+0100][debug][gc,nmethod     ] GC(21) Unregister NMethod: it.unimi.dsi.fastutil.longs.LongArrayList.grow (0x00007f9f2b3fb690)
[2024-02-14T16:50:04.713+0100][debug][gc,nmethod     ] GC(21) Unregister NMethod: com.github.benmanes.caffeine.cache.BoundedLocalCache$PerformCleanupTask.run (0x00007f9f0c1ee010)
[2024-02-14T16:50:04.713+0100][debug][gc,nmethod     ] GC(21) Unregister NMethod: io.sirix.service.json.shredder.JsonShredder.getObjectRecordValue (0x00007f9f0bf17910)
[2024-02-14T16:50:04.713+0100][debug][gc,nmethod     ] GC(21) Unregister NMethod: io.sirix.access.trx.page.NodePageReadOnlyTrx.isSecondMostRecentlyReadPage (0x00007f9f0c04c790)
[2024-02-14T16:50:04.713+0100][debug][gc,nmethod     ] GC(21) Unregister NMethod: jdk.internal.org.objectweb.asm.SymbolTable.addConstantUtf8Reference (0x00007f9f0bce1c90)
[2024-02-14T16:50:04.713+0100][debug][gc,nmethod     ] GC(21) Unregister NMethod: com.github.benmanes.caffeine.cache.BoundedLocalCache.expireEntries (0x00007f9f0c1b3510)
[2024-02-14T16:50:04.713+0100][debug][gc,nmethod     ] GC(21) Unregister NMethod: com.google.gson.stream.JsonReader.isLiteral (0x00007f9f2b459b90)
[2024-02-14T16:50:04.713+0100][debug][gc,nmethod     ] GC(21) Unregister NMethod: io.sirix.access.trx.page.NodePageReadOnlyTrx.dereferenceIndirectPageReference (0x00007f9f0c0b5210)
[2024-02-14T16:50:04.713+0100][debug][gc,nmethod     ] GC(21) Unregister NMethod: com.google.gson.stream.JsonReader.nextNonWhitespace (0x00007f9f2b3ef610)
[2024-02-14T16:50:04.713+0100][debug][gc,nmethod     ] GC(21) Unregister NMethod: io.sirix.node.NodeKind$20.deserialize (0x00007f9f0c052790)
[2024-02-14T16:50:04.713+0100][debug][gc,nmethod     ] GC(21) Unregister NMethod: it.unimi.dsi.fastutil.longs.LongArrayList.add (0x00007f9f2b3fb290)
[2024-02-14T16:50:04.713+0100][debug][gc,nmethod     ] GC(21) Unregister NMethod: com.github.benmanes.caffeine.cache.SystemTicker.read (0x00007f9f0beca990)
[2024-02-14T16:50:04.713+0100][debug][gc,nmethod     ] GC(21) Unregister NMethod: com.google.gson.stream.JsonReader.nextBoolean (0x00007f9f2b478190)
[2024-02-14T16:50:04.713+0100][debug][gc,nmethod     ] GC(21) Unregister NMethod: com.github.benmanes.caffeine.cache.BoundedLocalCache.drainWriteBuffer (0x00007f9f0c1b0f90)
[2024-02-14T16:50:04.713+0100][debug][gc,nmethod     ] GC(21) Unregister NMethod: io.sirix.service.json.shredder.JsonShredder.insertNewContent (0x00007f9f2b61b290)
[2024-02-14T16:50:04.713+0100][debug][gc,nmethod     ] GC(21) Unregister NMethod: com.github.benmanes.caffeine.cache.Pacer.schedule (0x00007f9f0c1e2f90)
[2024-02-14T16:50:04.713+0100][debug][gc,nmethod     ] GC(21) Unregister NMethod: io.sirix.access.trx.page.NodePageReadOnlyTrx.getRecord (0x00007f9f0c141590)
[2024-02-14T16:50:04.713+0100][debug][gc,nmethod     ] GC(21) Unregister NMethod: io.sirix.axis.AbstractAxis.nextLong (0x00007f9f2b466290)
[2024-02-14T16:50:04.713+0100][debug][gc,nmethod     ] GC(21) Unregister NMethod: io.sirix.io.bytepipe.ByteHandlerPipeline.deserialize (0x00007f9f0bd53a90)
[2024-02-14T16:50:04.713+0100][debug][gc,nmethod     ] GC(21) Unregister NMethod: io.sirix.service.json.shredder.JsonShredder.processName (0x00007f9f0bf16c90)
[2024-02-14T16:50:04.713+0100][debug][gc,nmethod     ] GC(21) Unregister NMethod: io.sirix.page.PageReference.hashCode (0x00007f9f0bfcbc10)
[2024-02-14T16:50:04.713+0100][debug][gc,nmethod     ] GC(21) Unregister NMethod: java.lang.invoke.MemberName.getMethodType (0x00007f9f0baa0890)
[2024-02-14T16:50:04.713+0100][debug][gc,nmethod     ] GC(21) Unregister NMethod: io.sirix.access.trx.node.AbstractNodeReadOnlyTrx.hasFirstChild (0x00007f9f0c0cd690)
[2024-02-14T16:50:04.713+0100][debug][gc,nmethod     ] GC(21) Unregister NMethod: com.github.benmanes.caffeine.cache.BoundedLocalCache.expireEntries (0x00007f9f0c1d7810)
[2024-02-14T16:50:04.713+0100][debug][gc,nmethod     ] GC(21) Unregister NMethod: com.github.benmanes.caffeine.cache.AbstractLinkedDeque.unlink (0x00007f9f0c17e590)
[2024-02-14T16:50:04.713+0100][debug][gc,nmethod     ] GC(21) Unregister NMethod: com.github.benmanes.caffeine.cache.SSLMSA.expiresVariable (0x00007f9f0bff6790)
[2024-02-14T16:50:04.713+0100][debug][gc,nmethod     ] GC(21) Unregister NMethod: com.github.benmanes.caffeine.cache.BoundedLocalCache.maintenance (0x00007f9f0c1e3b10)
[2024-02-14T16:50:04.713+0100][debug][gc,nmethod     ] GC(21) Unregister NMethod: io.sirix.page.PagePersister.deserializePage (0x00007f9f0ba40910)
[2024-02-14T16:50:04.713+0100][debug][gc,nmethod     ] GC(21) Unregister NMethod: com.google.gson.stream.JsonReader.nextQuotedValue (0x00007f9f2b5d7d10)
[2024-02-14T16:50:04.713+0100][debug][gc,nmethod     ] GC(21) Unregister NMethod: io.sirix.access.trx.page.NodePageReadOnlyTrx.isMostRecentlyReadPage (0x00007f9f0c16c790)
[2024-02-14T16:50:04.713+0100][debug][gc,nmethod     ] GC(21) Unregister NMethod: com.google.gson.stream.JsonReader.fillBuffer (0x00007f9f2b4da810)
[2024-02-14T16:50:04.713+0100][debug][gc,nmethod     ] GC(21) Unregister NMethod: com.google.gson.stream.JsonReader.endArray (0x00007f9f2b4ba490)
[2024-02-14T16:50:04.713+0100][debug][gc,nmethod     ] GC(21) Unregister NMethod: io.sirix.service.json.shredder.JsonShredder.processEndArray (0x00007f9f0bfff690)
[2024-02-14T16:50:04.713+0100][debug][gc,nmethod     ] GC(21) Unregister NMethod: com.google.gson.stream.JsonReader.nextString (0x00007f9f2b5da590)
[2024-02-14T16:50:04.713+0100][debug][gc,nmethod     ] GC(21) Unregister NMethod: com.github.benmanes.caffeine.cache.FrequencySketch.ensureCapacity (0x00007f9f0c1d1090)
[2024-02-14T16:50:04.713+0100][debug][gc,nmethod     ] GC(21) Unregister NMethod: java.util.concurrent.ForkJoinTask.signalWaiters (0x00007f9f0bf35110)
[2024-02-14T16:50:04.713+0100][debug][gc,nmethod     ] GC(21) Unregister NMethod: java.io.InputStream.readAllBytes (0x00007f9f0be02890)
[2024-02-14T16:50:04.713+0100][debug][gc,nmethod     ] GC(21) Unregister NMethod: java.util.concurrent.ForkJoinPool.awaitWork (0x00007f9f0c1cd690)
[2024-02-14T16:50:04.713+0100][debug][gc,nmethod     ] GC(21) Unregister NMethod: io.sirix.service.json.shredder.JsonShredder.processEndObject (0x00007f9f0bf87910)
[2024-02-14T16:50:04.713+0100][debug][gc,nmethod     ] GC(21) Unregister NMethod: com.github.benmanes.caffeine.cache.LocalManualCache.getIfPresent (0x00007f9f0c094e90)
[2024-02-14T16:50:04.713+0100][debug][gc,nmethod     ] GC(21) Unregister NMethod: sun.nio.cs.StreamDecoder.readBytes (0x00007f9f2b619c10)
[2024-02-14T16:50:04.713+0100][debug][gc,nmethod     ] GC(21) Unregister NMethod: com.github.benmanes.caffeine.cache.FrequencySketch.increment (0x00007f9f0c02a010)
[2024-02-14T16:50:04.713+0100][debug][gc,nmethod     ] GC(21) Unregister NMethod: io.sirix.access.trx.node.json.JsonNodeReadOnlyTrxImpl.isArray (0x00007f9f2b414890)
[2024-02-14T16:50:04.713+0100][debug][gc,nmethod     ] GC(21) Unregister NMethod: io.sirix.node.NodeKind$28.deserialize (0x00007f9f0c1a6f10)
[2024-02-14T16:50:04.713+0100][debug][gc,nmethod     ] GC(21) Unregister NMethod: com.google.gson.stream.JsonReader.nextName (0x00007f9f0beddd90)
[2024-02-14T16:50:04.713+0100][debug][gc,nmethod     ] GC(21) Unregister NMethod: java.util.concurrent.locks.AbstractQueuedSynchronizer.casTail (0x00007f9f0c066910)
[2024-02-14T16:50:04.713+0100][debug][gc,nmethod     ] GC(21) Unregister NMethod: java.util.concurrent.ForkJoinPool.scan (0x00007f9f2b773a90)
[2024-02-14T16:50:04.713+0100][debug][gc,nmethod     ] GC(21) Unregister NMethod: io.sirix.service.json.shredder.JsonShredder.processBeginObject (0x00007f9f0bf8f590)
[2024-02-14T16:50:04.713+0100][debug][gc,nmethod     ] GC(21) Unregister NMethod: java.util.concurrent.locks.ReentrantLock$Sync.tryLock (0x00007f9f0c1de210)
[2024-02-14T16:50:04.713+0100][debug][gc,nmethod     ] GC(21) Unregister NMethod: io.sirix.access.trx.node.AbstractNodeReadOnlyTrx.getLeftSiblingKey (0x00007f9f0c1a0a90)
[2024-02-14T16:50:04.713+0100][debug][gc,nmethod     ] GC(21) Unregister NMethod: io.sirix.node.delegates.NodeDelegate.<init> (0x00007f9f0bd5fb10)
[2024-02-14T16:50:04.713+0100][debug][gc,nmethod     ] GC(21) Unregister NMethod: java.util.concurrent.ForkJoinTask.getAndBitwiseOrStatus (0x00007f9f0be85d90)
[2024-02-14T16:50:04.713+0100][debug][gc,nmethod     ] GC(21) Unregister NMethod: com.github.benmanes.caffeine.cache.BaseMpscLinkedArrayQueue.casProducerIndex (0x00007f9f0c1ae410)
[2024-02-14T16:50:04.713+0100][debug][gc,nmethod     ] GC(21) Unregister NMethod: io.sirix.access.trx.node.AbstractNodeReadOnlyTrx.getStructuralNode (0x00007f9f0be9bf90)
[2024-02-14T16:50:04.713+0100][debug][gc,nmethod     ] GC(21) Unregister NMethod: net.openhft.chronicle.bytes.internal.BytesInternal.readStopBit0 (0x00007f9f0c17bc10)
[2024-02-14T16:50:04.713+0100][debug][gc,nmethod     ] GC(21) Unregister NMethod: io.sirix.access.trx.page.NodePageReadOnlyTrx.checkItemIfDeleted (0x00007f9f0be6cd10)
[2024-02-14T16:50:04.713+0100][debug][gc,nmethod     ] GC(21) Unregister NMethod: com.google.gson.stream.JsonReader.endObject (0x00007f9f0bf85d10)
[2024-02-14T16:50:04.713+0100][debug][gc,nmethod     ] GC(21) Unregister NMethod: java.lang.invoke.LambdaForm$BasicType.basicType (0x00007f9f0bb02590)
[2024-02-14T16:50:04.713+0100][debug][gc,nmethod     ] GC(21) Unregister NMethod: jdk.internal.org.objectweb.asm.Frame.execute (0x00007f9f0bcbd510)
[2024-02-14T16:50:04.713+0100][debug][gc,nmethod     ] GC(21) Unregister NMethod: io.sirix.access.trx.page.NodePageReadOnlyTrx.getRecordPage (0x00007f9f0c0a7610)
[2024-02-14T16:50:04.713+0100][debug][gc,nmethod     ] GC(21) Unregister NMethod: com.github.benmanes.caffeine.cache.BoundedLocalCache.drainValueReferences (0x00007f9f0bfa2090)
[2024-02-14T16:50:04.713+0100][debug][gc,nmethod     ] GC(21) Unregister NMethod: io.sirix.service.json.shredder.JsonShredder.insertNewContent (0x00007f9f0c01a610)
[2024-02-14T16:50:04.713+0100][debug][gc,nmethod     ] GC(21) Unregister NMethod: io.sirix.service.json.shredder.JsonShredder.processNull (0x00007f9f2b5eed90)
[2024-02-14T16:50:04.713+0100][debug][gc,nmethod     ] GC(21) Unregister NMethod: com.github.benmanes.caffeine.cache.BaseMpscLinkedArrayQueue.offerSlowPath (0x00007f9f0c1cb810)
[2024-02-14T16:50:04.713+0100][debug][gc,nmethod     ] GC(21) Unregister NMethod: com.github.benmanes.caffeine.cache.BoundedLocalCache.expireAfterAccessEntries (0x00007f9f0c1da090)
[2024-02-14T16:50:04.713+0100][debug][gc,nmethod     ] GC(21) Unregister NMethod: com.github.benmanes.caffeine.cache.SSLMSA.expiresAfterAccess (0x00007f9f0c1cd290)
[2024-02-14T16:50:04.713+0100][debug][gc,nmethod     ] GC(21) Unregister NMethod: com.github.benmanes.caffeine.cache.PSA.setPreviousInAccessOrder (0x00007f9f0ba5d710)
[2024-02-14T16:50:04.714+0100][debug][gc,nmethod     ] GC(21) Unregister NMethod: java.util.concurrent.locks.AbstractQueuedSynchronizer$Node.setPrevRelaxed (0x00007f9f0c0aa510)
[2024-02-14T16:50:04.714+0100][debug][gc,nmethod     ] GC(21) Unregister NMethod: com.github.benmanes.caffeine.cache.Pacer.schedule (0x00007f9f0c1b3e10)
[2024-02-14T16:50:04.714+0100][debug][gc,nmethod     ] GC(21) Unregister NMethod: io.sirix.service.json.shredder.JsonShredder.processBoolean (0x00007f9f2b481b10)
[2024-02-14T16:50:04.714+0100][debug][gc,nmethod     ] GC(21) Unregister NMethod: com.github.benmanes.caffeine.cache.SSLMSA.expiresAfterAccess (0x00007f9f0bf38090)
[2024-02-14T16:50:04.714+0100][debug][gc,nmethod     ] GC(21) Unregister NMethod: io.sirix.access.trx.page.NodePageReadOnlyTrx.setMostRecentlyReadRecordPage (0x00007f9f0c049a90)
[2024-02-14T16:50:04.714+0100][debug][gc,nmethod     ] GC(21) Unregister NMethod: io.sirix.service.json.shredder.JsonShredder.readNumber (0x00007f9f0bfd2d10)
[2024-02-14T16:50:04.714+0100][debug][gc,nmethod     ] GC(21) Unregister NMethod: com.github.benmanes.caffeine.cache.BoundedLocalCache.determineAdjustment (0x00007f9f0c0ed210)
[2024-02-14T16:50:04.714+0100][debug][gc,nmethod     ] GC(21) Unregister NMethod: java.io.InputStreamReader.read (0x00007f9f2b4d6a90)
[2024-02-14T16:50:04.714+0100][debug][gc,nmethod     ] GC(21) Unregister NMethod: java.util.concurrent.ForkJoinPool.submissionQueue (0x00007f9f0bd57090)
[2024-02-14T16:50:04.714+0100][debug][gc,nmethod     ] GC(21) Unregister NMethod: io.sirix.service.json.shredder.JsonShredder.processTrxMovement (0x00007f9f2b4a3190)
[2024-02-14T16:50:04.714+0100][debug][gc,nmethod     ] GC(21) Unregister NMethod: io.sirix.axis.AbstractAxis.tryToComputeNext (0x00007f9f2b45b890)
[2024-02-14T16:50:04.714+0100][debug][gc,nmethod     ] GC(21) Unregister NMethod: java.util.concurrent.ForkJoinPool$WorkQueue.push (0x00007f9f0c166a10)
[2024-02-14T16:50:04.714+0100][debug][gc,nmethod     ] GC(21) Unregister NMethod: io.sirix.service.json.shredder.JsonShredderTest.testChicagoDescendantAxis (0x00007f9f0c1b5e90)
[2024-02-14T16:50:04.714+0100][debug][gc,nmethod     ] GC(21) Unregister NMethod: sun.security.provider.DigestBase.engineDigest (0x00007f9f2b47b090)
[2024-02-14T16:50:04.714+0100][debug][gc,nmethod     ] GC(21) Unregister NMethod: java.util.BitSet.valueOf (0x00007f9f0bc37510)
[2024-02-14T16:50:04.714+0100][debug][gc,nmethod     ] GC(21) Unregister NMethod: java.util.concurrent.locks.ReentrantLock$Sync.tryLock (0x00007f9f0c1b2790)
[2024-02-14T16:50:04.714+0100][debug][gc,nmethod     ] GC(21) Unregister NMethod: java.util.concurrent.locks.LockSupport.unpark (0x00007f9f0ba35510)
[2024-02-14T16:50:04.714+0100][debug][gc,nmethod     ] GC(21) Unregister NMethod: io.sirix.settings.VersioningType$4.convertIntegers (0x00007f9f0c042010)
[2024-02-14T16:50:04.714+0100][debug][gc,nmethod     ] GC(21) Unregister NMethod: com.github.benmanes.caffeine.cache.BoundedLocalCache.expireAfterAccessEntries (0x00007f9f0c14fc10)
[2024-02-14T16:50:04.714+0100][debug][gc,nmethod     ] GC(21) Unregister NMethod: java.nio.ByteBuffer.putBuffer (0x00007f9f0bf14a10)
[2024-02-14T16:50:04.714+0100][debug][gc,nmethod     ] GC(21) Unregister NMethod: io.sirix.axis.AbstractAxis.hasNext (0x00007f9f2b3fa990)
[2024-02-14T16:50:04.714+0100][debug][gc,nmethod     ] GC(21) Unregister NMethod: sun.security.provider.DigestBase.engineUpdate (0x00007f9f2b64db10)
[2024-02-14T16:50:04.714+0100][debug][gc,nmethod     ] GC(21) Unregister NMethod: com.google.gson.stream.JsonReader.doPeek (0x00007f9f2b3fbe10)
[2024-02-14T16:50:04.714+0100][debug][gc,nmethod     ] GC(21) Unregister NMethod: com.github.benmanes.caffeine.cache.LocalManualCache.put (0x00007f9f0bef7b10)
[2024-02-14T16:50:04.714+0100][debug][gc,nmethod     ] GC(21) Unregister NMethod: io.sirix.service.json.shredder.JsonShredder.processBeginArray (0x00007f9f2b601a90)
[2024-02-14T16:50:04.714+0100][debug][gc,nmethod     ] GC(21) Unregister NMethod: com.github.benmanes.caffeine.cache.PSA.getAccessTime (0x00007f9f0c0c3110)
[2024-02-14T16:50:04.714+0100][debug][gc,nmethod     ] GC(21) Unregister NMethod: net.openhft.chronicle.bytes.internal.NativeBytesStore.readLong (0x00007f9f0c03b290)
[2024-02-14T16:50:04.714+0100][debug][gc,nmethod     ] GC(21) Unregister NMethod: com.github.benmanes.caffeine.cache.StripedBuffer.drainTo (0x00007f9f0c075a90)
[2024-02-14T16:50:04.714+0100][debug][gc,nmethod     ] GC(21) Unregister NMethod: io.sirix.service.json.shredder.JsonShredder.processNumber (0x00007f9f2b46ca90)
[2024-02-14T16:50:04.714+0100][debug][gc,nmethod     ] GC(21) Unregister NMethod: io.sirix.io.AbstractReader.deserialize (0x00007f9f0bc59190)
[2024-02-14T16:50:04.714+0100][debug][gc,nmethod     ] GC(21) Unregister NMethod: com.github.benmanes.caffeine.cache.BoundedLocalCache.evictFromMain (0x00007f9f0c0fd710)
[2024-02-14T16:50:04.714+0100][debug][gc,nmethod     ] GC(21) Unregister NMethod: it.unimi.dsi.fastutil.longs.LongArrayList.add (0x00007f9f0bfa9f10)
[2024-02-14T16:50:04.714+0100][debug][gc,nmethod     ] GC(21) Unregister NMethod: io.sirix.access.trx.node.AbstractNodeReadOnlyTrx.getFirstChildKey (0x00007f9f0c198090)
[2024-02-14T16:50:04.714+0100][debug][gc,nmethod     ] GC(21) Unregister NMethod: io.sirix.node.NodeKind$26.deserialize (0x00007f9f0c1a5490)
[2024-02-14T16:50:04.714+0100][debug][gc,nmethod     ] GC(21) Unregister NMethod: com.github.benmanes.caffeine.cache.BoundedLocalCache.scheduleDrainBuffers (0x00007f9f0c0de810)
[2024-02-14T16:50:04.714+0100][debug][gc,nmethod     ] GC(21) Unregister NMethod: it.unimi.dsi.fastutil.longs.AbstractLongList.popLong (0x00007f9f0bea7c10)
[2024-02-14T16:50:04.714+0100][debug][gc,nmethod     ] GC(21) Unregister NMethod: java.io.FilterInputStream.close (0x00007f9f0bfd0610)
[2024-02-14T16:50:04.714+0100][debug][gc,nmethod     ] GC(21) Unregister NMethod: it.unimi.dsi.fastutil.longs.LongArrayList.grow (0x00007f9f0c0cf510)
[2024-02-14T16:50:04.714+0100][debug][gc,nmethod     ] GC(21) Unregister NMethod: java.lang.invoke.VarHandleGuards.guard_LL_V (0x00007f9f0baf7e10)
[2024-02-14T16:50:04.714+0100][debug][gc,nmethod     ] GC(21) Unregister NMethod: com.github.benmanes.caffeine.cache.FrequencySketch.incrementAt (0x00007f9f0c1cf810)
[2024-02-14T16:50:04.714+0100][debug][gc,nmethod     ] GC(21) Unregister NMethod: java.util.concurrent.ConcurrentHashMap.putVal (0x00007f9f0bc54390)
[2024-02-14T16:50:04.714+0100][debug][gc,nmethod     ] GC(21) Unregister NMethod: io.sirix.access.trx.page.NodePageReadOnlyTrx.getLeafPageReference (0x00007f9f0c04c310)
[2024-02-14T16:50:04.714+0100][debug][gc,nmethod     ] GC(21) Unregister NMethod: com.google.gson.stream.JsonReader.beginObject (0x00007f9f0bf78110)
[2024-02-14T16:50:04.714+0100][debug][gc,nmethod     ] GC(21) Unregister NMethod: com.github.benmanes.caffeine.cache.AccessOrderDeque.contains (0x00007f9f0bfc4e90)
[2024-02-14T16:50:04.714+0100][debug][gc,nmethod     ] GC(21) Unregister NMethod: java.util.concurrent.ConcurrentHashMap$ValuesView.iterator (0x00007f9f2b4d0c90)
[2024-02-14T16:50:04.714+0100][debug][gc,nmethod     ] GC(21) Unregister NMethod: com.google.gson.stream.JsonReader.nextNull (0x00007f9f2b438990)
[2024-02-14T16:50:04.714+0100][debug][gc,nmethod     ] GC(21) Unregister NMethod: io.sirix.access.trx.page.NodePageReadOnlyTrx.getRecord (0x00007f9f2b4f7d90)
[2024-02-14T16:50:04.714+0100][debug][gc,nmethod     ] GC(21) Unregister NMethod: com.github.benmanes.caffeine.cache.BoundedLocalCache.demoteFromMainProtected (0x00007f9f0c0ea490)
[2024-02-14T16:50:04.714+0100][debug][gc,nmethod     ] GC(21) Unregister NMethod: io.sirix.access.trx.page.NodePageReadOnlyTrx.getPageFragments (0x00007f9f0c03d990)
[2024-02-14T16:50:04.714+0100][debug][gc,nmethod     ] GC(21) Unregister NMethod: io.sirix.node.xml.AbstractStructForwardingNode.hasFirstChild (0x00007f9f0c0d2f90)
[2024-02-14T16:50:04.714+0100][debug][gc,nmethod     ] GC(21) Unregister NMethod: com.github.benmanes.caffeine.cache.FrequencySketch.frequency (0x00007f9f0c1f2f10)
[2024-02-14T16:50:04.714+0100][debug][gc,nmethod     ] GC(21) Unregister NMethod: com.github.benmanes.caffeine.cache.BoundedBuffer$RingBuffer.drainTo (0x00007f9f0c1ca110)
[2024-02-14T16:50:04.714+0100][debug][gc,nmethod     ] GC(21) Unregister NMethod: sun.nio.fs.UnixPath.resolve (0x00007f9f2b77ce90)
[2024-02-14T16:50:04.714+0100][debug][gc,nmethod     ] GC(21) Unregister NMethod: com.github.benmanes.caffeine.cache.BoundedLocalCache.maintenance (0x00007f9f0c1b4490)
[2024-02-14T16:50:04.714+0100][debug][gc,nmethod     ] GC(21) Unregister NMethod: jdk.internal.misc.Unsafe.putIntRelease (0x00007f9f0bebc190)
[2024-02-14T16:50:04.714+0100][debug][gc,nmethod     ] GC(21) Unregister NMethod: io.sirix.node.NodeKind$29.deserialize (0x00007f9f0c1a6710)
[2024-02-14T16:50:04.714+0100][debug][gc,nmethod     ] GC(21) Unregister NMethod: java.util.concurrent.ForkJoinPool.poolSubmit (0x00007f9f0bcd3490)
[2024-02-14T16:50:04.714+0100][debug][gc,nmethod     ] GC(21) Unregister NMethod: java.nio.ByteBuffer.wrap (0x00007f9f0bb56c10)
[2024-02-14T16:50:04.714+0100][debug][gc,phases      ] GC(21) Concurrent Classes Purge 1,613ms
[2024-02-14T16:50:04.714+0100][debug][gc,phases,start] GC(21) Concurrent References Enqueue
[2024-02-14T16:50:04.714+0100][debug][gc,phases      ] GC(21) Concurrent References Enqueue 0,006ms
[2024-02-14T16:50:04.714+0100][info ][gc,phases      ] GC(21) Concurrent Process Non-Strong References 8,562ms
[2024-02-14T16:50:04.714+0100][debug][gc,phases,start] GC(21) Concurrent Reset Relocation Set
[2024-02-14T16:50:04.714+0100][info ][gc,phases      ] GC(21) Concurrent Reset Relocation Set 0,064ms
[2024-02-14T16:50:04.714+0100][debug][gc,phases,start] GC(21) Concurrent Select Relocation Set
[2024-02-14T16:50:04.715+0100][debug][gc,task        ] GC(21) Executing Task: XRelocationSetInstallTask, Active Workers: 5
[2024-02-14T16:50:04.740+0100][info ][gc,phases      ] GC(21) Concurrent Select Relocation Set 25,898ms
[2024-02-14T16:50:04.740+0100][debug][gc,phases,start] GC(21) Pause Relocate Start
[2024-02-14T16:50:04.740+0100][info ][gc,phases      ] GC(21) Pause Relocate Start 0,038ms
[2024-02-14T16:50:04.740+0100][debug][gc,phases,start] GC(21) Concurrent Relocate
[2024-02-14T16:50:04.740+0100][debug][gc,task        ] GC(21) Executing Task: XRelocateTask, Active Workers: 5
[2024-02-14T16:50:04.807+0100][debug][gc,alloc       ] Allocation Rate: 3034,0MB/s, Predicted: 2870,3MB/s, Avg: 3226,0(+/-224,5)MB/s
[2024-02-14T16:50:04.819+0100][info ][gc,phases      ] GC(21) Concurrent Relocate 78,646ms
[2024-02-14T16:50:04.819+0100][debug][gc,heap        ] GC(21) Heap after GC invocations=22 (full 22):
[2024-02-14T16:50:04.819+0100][debug][gc,heap        ] GC(21)  ZHeap           used 1214M, capacity 14498M, max capacity 15360M
[2024-02-14T16:50:04.819+0100][debug][gc,heap        ] GC(21)  Metaspace       used 32035K, committed 32448K, reserved 1114112K
[2024-02-14T16:50:04.819+0100][debug][gc,heap        ] GC(21)   class space    used 3379K, committed 3584K, reserved 1048576K
[2024-02-14T16:50:04.819+0100][info ][gc,load        ] GC(21) Load: 3,21/1,71/1,69
[2024-02-14T16:50:04.819+0100][info ][gc,mmu         ] GC(21) MMU: 2ms/92,8%, 5ms/97,1%, 10ms/98,6%, 20ms/99,1%, 50ms/99,6%, 100ms/99,8%
[2024-02-14T16:50:04.819+0100][info ][gc,marking     ] GC(21) Mark: 4 stripe(s), 10 proactive flush(es), 1 terminate flush(es), 0 completion(s), 0 continuation(s) 
[2024-02-14T16:50:04.819+0100][info ][gc,marking     ] GC(21) Mark Stack Usage: 32M
[2024-02-14T16:50:04.819+0100][info ][gc,nmethod     ] GC(21) NMethods: 4247 registered, 1386 unregistered
[2024-02-14T16:50:04.819+0100][info ][gc,metaspace   ] GC(21) Metaspace: 31M used, 31M committed, 1088M reserved
[2024-02-14T16:50:04.819+0100][info ][gc,ref         ] GC(21) Soft: 3896 encountered, 0 discovered, 0 enqueued
[2024-02-14T16:50:04.819+0100][info ][gc,ref         ] GC(21) Weak: 2093 encountered, 191 discovered, 38 enqueued
[2024-02-14T16:50:04.819+0100][info ][gc,ref         ] GC(21) Final: 22403 encountered, 22403 discovered, 22402 enqueued
[2024-02-14T16:50:04.819+0100][info ][gc,ref         ] GC(21) Phantom: 22860 encountered, 22751 discovered, 22465 enqueued
[2024-02-14T16:50:04.819+0100][info ][gc,reloc       ] GC(21) Small Pages: 6548 / 13096M, Empty: 5614M, Relocated: 626M, In-Place: 0
[2024-02-14T16:50:04.819+0100][info ][gc,reloc       ] GC(21) Medium Pages: 1 / 32M, Empty: 0M, Relocated: 0M, In-Place: 0
[2024-02-14T16:50:04.819+0100][info ][gc,reloc       ] GC(21) Large Pages: 0 / 0M, Empty: 0M, Relocated: 0M, In-Place: 0
[2024-02-14T16:50:04.819+0100][info ][gc,reloc       ] GC(21) Forwarding Usage: 266M
[2024-02-14T16:50:04.819+0100][info ][gc,heap        ] GC(21) Min Capacity: 5120M(33%)
[2024-02-14T16:50:04.819+0100][info ][gc,heap        ] GC(21) Max Capacity: 15360M(100%)
[2024-02-14T16:50:04.819+0100][info ][gc,heap        ] GC(21) Soft Max Capacity: 15360M(100%)
[2024-02-14T16:50:04.819+0100][info ][gc,heap        ] GC(21)                Mark Start          Mark End        Relocate Start      Relocate End           High               Low         
[2024-02-14T16:50:04.819+0100][info ][gc,heap        ] GC(21)  Capacity:    14498M (94%)       14498M (94%)       14498M (94%)       14498M (94%)       14498M (94%)       14498M (94%)    
[2024-02-14T16:50:04.819+0100][info ][gc,heap        ] GC(21)      Free:     2232M (15%)        1974M (13%)        7512M (49%)       14146M (92%)       14146M (92%)        1950M (13%)    
[2024-02-14T16:50:04.819+0100][info ][gc,heap        ] GC(21)      Used:    13128M (85%)       13386M (87%)        7848M (51%)        1214M (8%)        13410M (87%)        1214M (8%)     
[2024-02-14T16:50:04.819+0100][info ][gc,heap        ] GC(21)      Live:         -               639M (4%)          639M (4%)          639M (4%)             -                  -          
[2024-02-14T16:50:04.819+0100][info ][gc,heap        ] GC(21) Allocated:         -               258M (2%)          334M (2%)          539M (4%)             -                  -          
[2024-02-14T16:50:04.819+0100][info ][gc,heap        ] GC(21)   Garbage:         -             12488M (81%)        6874M (45%)          34M (0%)             -                  -          
[2024-02-14T16:50:04.819+0100][info ][gc,heap        ] GC(21) Reclaimed:         -                  -              5614M (37%)       12453M (81%)            -                  -          
[2024-02-14T16:50:04.819+0100][info ][gc             ] GC(21) Garbage Collection (Proactive) 13128M(85%)->1214M(8%)
[2024-02-14T16:50:04.907+0100][debug][gc,alloc       ] Allocation Rate: 3014,0MB/s, Predicted: 2913,5MB/s, Avg: 3156,8(+/-164,5)MB/s
[2024-02-14T16:50:04.907+0100][debug][gc,director    ] Select GC Workers (Try Lowering), AvoidLongGCWorkers: 0,210, AvoidOOMGCWorkers: 0,593, NextAvoidOOMGCWorkers: 1,134, LastGCWorkers: 5,000, GCWorkers: 1,634
[2024-02-14T16:50:04.907+0100][debug][gc,director    ] Rule: Allocation Rate (Dynamic GC Workers), MaxAllocRate: 3698,1MB/s (+/-5,2%), Free: 13816MB, GCCPUTime: 2,107, GCDuration: 1,056s, TimeUntilOOM: 3,551s, TimeUntilGC: 2,395s, GCWorkers: 5 -> 2
[2024-02-14T16:50:04.907+0100][debug][gc,director    ] Rule: High Usage, Free: 13816MB(89,9%)
[2024-02-14T16:50:04.907+0100][debug][gc,director    ] Rule: Proactive, UsedUntilEnabled: 1248MB, TimeUntilEnabled: 299,912s
[2024-02-14T16:50:05.007+0100][debug][gc,alloc       ] Allocation Rate: 3012,0MB/s, Predicted: 2907,1MB/s, Avg: 3123,0(+/-155,8)MB/s
[2024-02-14T16:50:05.007+0100][debug][gc,director    ] Select GC Workers (Try Lowering), AvoidLongGCWorkers: 0,210, AvoidOOMGCWorkers: 0,596, NextAvoidOOMGCWorkers: 1,087, LastGCWorkers: 5,000, GCWorkers: 1,587
[2024-02-14T16:50:05.007+0100][debug][gc,director    ] Rule: Allocation Rate (Dynamic GC Workers), MaxAllocRate: 3635,7MB/s (+/-5,0%), Free: 13480MB, GCCPUTime: 2,107, GCDuration: 1,056s, TimeUntilOOM: 3,531s, TimeUntilGC: 2,375s, GCWorkers: 5 -> 2
[2024-02-14T16:50:05.007+0100][debug][gc,director    ] Rule: High Usage, Free: 13480MB(87,8%)
[2024-02-14T16:50:05.007+0100][debug][gc,director    ] Rule: Proactive, UsedUntilEnabled: 912MB, TimeUntilEnabled: 299,811s
[2024-02-14T16:50:05.108+0100][debug][gc,alloc       ] Allocation Rate: 3058,0MB/s, Predicted: 2952,8MB/s, Avg: 3089,6(+/-127,9)MB/s
[2024-02-14T16:50:05.108+0100][debug][gc,director    ] Select GC Workers (Try Lowering), AvoidLongGCWorkers: 0,210, AvoidOOMGCWorkers: 0,586, NextAvoidOOMGCWorkers: 1,003, LastGCWorkers: 5,000, GCWorkers: 1,503
[2024-02-14T16:50:05.108+0100][debug][gc,director    ] Rule: Allocation Rate (Dynamic GC Workers), MaxAllocRate: 3510,4MB/s (+/-4,1%), Free: 13138MB, GCCPUTime: 2,107, GCDuration: 1,056s, TimeUntilOOM: 3,594s, TimeUntilGC: 2,438s, GCWorkers: 5 -> 2
[2024-02-14T16:50:05.108+0100][debug][gc,director    ] Rule: High Usage, Free: 13138MB(85,5%)
[2024-02-14T16:50:05.108+0100][debug][gc,director    ] Rule: Proactive, UsedUntilEnabled: 570MB, TimeUntilEnabled: 299,711s
[2024-02-14T16:50:05.208+0100][debug][gc,alloc       ] Allocation Rate: 3100,0MB/s, Predicted: 3047,2MB/s, Avg: 3056,8(+/-61,9)MB/s
[2024-02-14T16:50:05.208+0100][debug][gc,director    ] Select GC Workers (Try Lowering), AvoidLongGCWorkers: 0,210, AvoidOOMGCWorkers: 0,547, NextAvoidOOMGCWorkers: 0,857, LastGCWorkers: 5,000, GCWorkers: 1,357
[2024-02-14T16:50:05.208+0100][debug][gc,director    ] Rule: Allocation Rate (Dynamic GC Workers), MaxAllocRate: 3260,5MB/s (+/-2,0%), Free: 12808MB, GCCPUTime: 2,107, GCDuration: 1,056s, TimeUntilOOM: 3,850s, TimeUntilGC: 2,694s, GCWorkers: 5 -> 2
[2024-02-14T16:50:05.208+0100][debug][gc,director    ] Rule: High Usage, Free: 12806MB(83,4%)
[2024-02-14T16:50:05.208+0100][debug][gc,director    ] Rule: Proactive, UsedUntilEnabled: 238MB, TimeUntilEnabled: 299,611s
[2024-02-14T16:50:05.308+0100][info ][gc,stats       ] === Garbage Collection Statistics =======================================================================================================================
[2024-02-14T16:50:05.308+0100][info ][gc,stats       ]                                                              Last 10s              Last 10m              Last 10h                Total
[2024-02-14T16:50:05.308+0100][info ][gc,stats       ]                                                              Avg / Max             Avg / Max             Avg / Max             Avg / Max
[2024-02-14T16:50:05.308+0100][info ][gc,stats       ]   Collector: Garbage Collection Cycle                    151,761 / 211,063     223,790 / 623,071     223,790 / 623,071     223,790 / 623,071     ms
[2024-02-14T16:50:05.308+0100][info ][gc,stats       ]  Contention: Mark Segment Reset Contention                     0 / 2                 1 / 70                1 / 70                1 / 70          ops/s
[2024-02-14T16:50:05.308+0100][info ][gc,stats       ]  Contention: Mark SeqNum Reset Contention                      0 / 1                 0 / 1                 0 / 1                 0 / 1           ops/s
[2024-02-14T16:50:05.308+0100][info ][gc,stats       ]    Critical: Allocation Stall                                  0 / 0                 0 / 0                 0 / 0                 0 / 0           ops/s
[2024-02-14T16:50:05.308+0100][info ][gc,stats       ]    Critical: Allocation Stall                              0,000 / 0,000         0,000 / 0,000         0,000 / 0,000         0,000 / 0,000       ms
[2024-02-14T16:50:05.308+0100][info ][gc,stats       ]    Critical: GC Locker Stall                                   0 / 1                 0 / 1                 0 / 1                 0 / 1           ops/s
[2024-02-14T16:50:05.308+0100][info ][gc,stats       ]    Critical: GC Locker Stall                               0,057 / 0,057         0,081 / 0,094         0,081 / 0,094         0,081 / 0,094       ms
[2024-02-14T16:50:05.308+0100][info ][gc,stats       ]    Critical: Relocation Stall                                  0 / 0                 0 / 0                 0 / 0                 0 / 0           ops/s
[2024-02-14T16:50:05.308+0100][info ][gc,stats       ]    Critical: Relocation Stall                              0,000 / 0,000         0,000 / 0,000         0,000 / 0,000         0,000 / 0,000       ms
[2024-02-14T16:50:05.308+0100][info ][gc,stats       ]      Memory: Allocation Rate                                3717 / 3922           2905 / 4428           2905 / 4428           2905 / 4428        MB/s
[2024-02-14T16:50:05.308+0100][info ][gc,stats       ]      Memory: Defragment                                        0 / 0                 0 / 0                 0 / 0                 0 / 0           ops/s
[2024-02-14T16:50:05.308+0100][info ][gc,stats       ]      Memory: Out Of Memory                                     0 / 0                 0 / 0                 0 / 0                 0 / 0           ops/s
[2024-02-14T16:50:05.308+0100][info ][gc,stats       ]      Memory: Page Cache Flush                                  0 / 0                 0 / 0                 0 / 0                 0 / 0           MB/s
[2024-02-14T16:50:05.308+0100][info ][gc,stats       ]      Memory: Page Cache Hit L1                              1891 / 1964           1356 / 2214           1356 / 2214           1356 / 2214        ops/s
[2024-02-14T16:50:05.308+0100][info ][gc,stats       ]      Memory: Page Cache Hit L2                                 0 / 0                 0 / 0                 0 / 0                 0 / 0           ops/s
[2024-02-14T16:50:05.308+0100][info ][gc,stats       ]      Memory: Page Cache Hit L3                                 0 / 0                37 / 915              37 / 915              37 / 915         ops/s
[2024-02-14T16:50:05.308+0100][info ][gc,stats       ]      Memory: Page Cache Miss                                   0 / 0                68 / 600              68 / 600              68 / 600         ops/s
[2024-02-14T16:50:05.308+0100][info ][gc,stats       ]      Memory: Uncommit                                          0 / 0                 0 / 0                 0 / 0                 0 / 0           MB/s
[2024-02-14T16:50:05.308+0100][info ][gc,stats       ]      Memory: Undo Object Allocation Failed                     0 / 0                 0 / 0                 0 / 0                 0 / 0           ops/s
[2024-02-14T16:50:05.308+0100][info ][gc,stats       ]      Memory: Undo Object Allocation Succeeded                  0 / 0                 0 / 14                0 / 14                0 / 14          ops/s
[2024-02-14T16:50:05.308+0100][info ][gc,stats       ]      Memory: Undo Page Allocation                              0 / 0                 1 / 31                1 / 31                1 / 31          ops/s
[2024-02-14T16:50:05.308+0100][info ][gc,stats       ]       Phase: Concurrent Mark                              93,592 / 134,479     187,970 / 580,975     187,970 / 580,975     187,970 / 580,975     ms
[2024-02-14T16:50:05.308+0100][info ][gc,stats       ]       Phase: Concurrent Mark Continue                      0,000 / 0,000         0,000 / 0,000         0,000 / 0,000         0,000 / 0,000       ms
[2024-02-14T16:50:05.308+0100][debug][gc,alloc       ] Allocation Rate: 3138,0MB/s, Predicted: 3068,8MB/s, Avg: 3069,0(+/-64,6)MB/s
[2024-02-14T16:50:05.308+0100][info ][gc,stats       ]       Phase: Concurrent Mark Free                          0,254 / 0,727         0,189 / 1,509         0,189 / 1,509         0,189 / 1,509       ms
[2024-02-14T16:50:05.308+0100][debug][gc,director    ] Select GC Workers (Try Lowering), AvoidLongGCWorkers: 0,210, AvoidOOMGCWorkers: 0,565, NextAvoidOOMGCWorkers: 0,866, LastGCWorkers: 5,000, GCWorkers: 1,366
[2024-02-14T16:50:05.308+0100][debug][gc,director    ] Rule: Allocation Rate (Dynamic GC Workers), MaxAllocRate: 3281,7MB/s (+/-2,1%), Free: 12476MB, GCCPUTime: 2,107, GCDuration: 1,056s, TimeUntilOOM: 3,723s, TimeUntilGC: 2,567s, GCWorkers: 5 -> 2
[2024-02-14T16:50:05.308+0100][debug][gc,director    ] Rule: High Usage, Free: 12476MB(81,2%)
[2024-02-14T16:50:05.308+0100][debug][gc,director    ] Rule: Proactive, AcceptableGCInterval: 20,863s, TimeSinceLastGC: 0,489s, TimeUntilGC: 20,374s
[2024-02-14T16:50:05.308+0100][info ][gc,stats       ]       Phase: Concurrent Process Non-Strong References     11,197 / 12,613       10,315 / 16,291       10,315 / 16,291       10,315 / 16,291      ms
[2024-02-14T16:50:05.308+0100][info ][gc,stats       ]       Phase: Concurrent Relocate                          35,706 / 78,646       19,048 / 80,437       19,048 / 80,437       19,048 / 80,437      ms
[2024-02-14T16:50:05.308+0100][info ][gc,stats       ]       Phase: Concurrent Reset Relocation Set               0,078 / 0,085         0,061 / 0,112         0,061 / 0,112         0,061 / 0,112       ms
[2024-02-14T16:50:05.308+0100][info ][gc,stats       ]       Phase: Concurrent Select Relocation Set             10,025 / 25,898        5,046 / 25,898        5,046 / 25,898        5,046 / 25,898      ms
[2024-02-14T16:50:05.308+0100][info ][gc,stats       ]       Phase: Pause Mark End                                0,038 / 0,049         0,043 / 0,067         0,043 / 0,067         0,043 / 0,067       ms
[2024-02-14T16:50:05.308+0100][info ][gc,stats       ]       Phase: Pause Mark Start                              0,068 / 0,081         0,078 / 0,144         0,078 / 0,144         0,078 / 0,144       ms
[2024-02-14T16:50:05.308+0100][info ][gc,stats       ]       Phase: Pause Relocate Start                          0,029 / 0,038         0,035 / 0,054         0,035 / 0,054         0,035 / 0,054       ms
[2024-02-14T16:50:05.308+0100][info ][gc,stats       ]    Subphase: Concurrent Classes Purge                      0,596 / 1,613         0,874 / 5,566         0,874 / 5,566         0,874 / 5,566       ms
[2024-02-14T16:50:05.308+0100][info ][gc,stats       ]    Subphase: Concurrent Classes Unlink                     3,017 / 4,021         3,198 / 6,276         3,198 / 6,276         3,198 / 6,276       ms
[2024-02-14T16:50:05.308+0100][info ][gc,stats       ]    Subphase: Concurrent Mark                              94,210 / 132,833     140,841 / 578,370     140,841 / 578,370     140,841 / 578,370     ms
[2024-02-14T16:50:05.308+0100][info ][gc,stats       ]    Subphase: Concurrent Mark Try Flush                     0,109 / 0,242         0,317 / 16,348        0,317 / 16,348        0,317 / 16,348      ms
[2024-02-14T16:50:05.308+0100][info ][gc,stats       ]    Subphase: Concurrent Mark Try Terminate                 1,021 / 1,187         0,865 / 1,262         0,865 / 1,262         0,865 / 1,262       ms
[2024-02-14T16:50:05.308+0100][info ][gc,stats       ]    Subphase: Concurrent References Enqueue                 0,008 / 0,010         0,010 / 0,012         0,010 / 0,012         0,010 / 0,012       ms
[2024-02-14T16:50:05.308+0100][info ][gc,stats       ]    Subphase: Concurrent References Process                 6,967 / 7,784         5,418 / 10,523        5,418 / 10,523        5,418 / 10,523      ms
[2024-02-14T16:50:05.308+0100][info ][gc,stats       ]    Subphase: Concurrent Roots ClassLoaderDataGraph         0,081 / 0,121         0,089 / 0,310         0,089 / 0,310         0,089 / 0,310       ms
[2024-02-14T16:50:05.308+0100][info ][gc,stats       ]    Subphase: Concurrent Roots CodeCache                    0,000 / 0,000         0,000 / 0,000         0,000 / 0,000         0,000 / 0,000       ms
[2024-02-14T16:50:05.308+0100][info ][gc,stats       ]    Subphase: Concurrent Roots JavaThreads                  0,494 / 1,064         0,710 / 1,932         0,710 / 1,932         0,710 / 1,932       ms
[2024-02-14T16:50:05.308+0100][info ][gc,stats       ]    Subphase: Concurrent Roots OopStorageSet                0,035 / 0,046         0,148 / 0,964         0,148 / 0,964         0,148 / 0,964       ms
[2024-02-14T16:50:05.308+0100][info ][gc,stats       ]    Subphase: Concurrent Weak Roots OopStorageSet           0,156 / 0,357         0,244 / 0,778         0,244 / 0,778         0,244 / 0,778       ms
[2024-02-14T16:50:05.308+0100][info ][gc,stats       ]    Subphase: Pause Mark Try Complete                       0,000 / 0,000         0,000 / 0,000         0,000 / 0,000         0,000 / 0,000       ms
[2024-02-14T16:50:05.308+0100][info ][gc,stats       ]      System: Java Threads                                     42 / 43               40 / 46               40 / 46               40 / 46          threads
[2024-02-14T16:50:05.308+0100][info ][gc,stats       ] =========================================================================================================================================================
[2024-02-14T16:50:05.407+0100][debug][gc,alloc       ] Allocation Rate: 3128,0MB/s, Predicted: 3103,3MB/s, Avg: 3070,8(+/-66,0)MB/s
[2024-02-14T16:50:05.407+0100][debug][gc,director    ] Select GC Workers (Try Lowering), AvoidLongGCWorkers: 0,210, AvoidOOMGCWorkers: 0,587, NextAvoidOOMGCWorkers: 0,881, LastGCWorkers: 5,000, GCWorkers: 1,381
[2024-02-14T16:50:05.407+0100][debug][gc,director    ] Rule: Allocation Rate (Dynamic GC Workers), MaxAllocRate: 3320,5MB/s (+/-2,1%), Free: 12154MB, GCCPUTime: 2,107, GCDuration: 1,056s, TimeUntilOOM: 3,583s, TimeUntilGC: 2,427s, GCWorkers: 5 -> 2
[2024-02-14T16:50:05.407+0100][debug][gc,director    ] Rule: High Usage, Free: 12154MB(79,1%)
[2024-02-14T16:50:05.407+0100][debug][gc,director    ] Rule: Proactive, AcceptableGCInterval: 20,863s, TimeSinceLastGC: 0,588s, TimeUntilGC: 20,275s
[2024-02-14T16:50:05.507+0100][debug][gc,alloc       ] Allocation Rate: 3152,0MB/s, Predicted: 3163,3MB/s, Avg: 3068,6(+/-62,8)MB/s
[2024-02-14T16:50:05.507+0100][debug][gc,director    ] Select GC Workers (Try Lowering), AvoidLongGCWorkers: 0,210, AvoidOOMGCWorkers: 0,613, NextAvoidOOMGCWorkers: 0,899, LastGCWorkers: 5,000, GCWorkers: 1,399
[2024-02-14T16:50:05.507+0100][debug][gc,director    ] Rule: Allocation Rate (Dynamic GC Workers), MaxAllocRate: 3370,0MB/s (+/-2,0%), Free: 11814MB, GCCPUTime: 2,107, GCDuration: 1,056s, TimeUntilOOM: 3,435s, TimeUntilGC: 2,279s, GCWorkers: 5 -> 2
[2024-02-14T16:50:05.507+0100][debug][gc,director    ] Rule: High Usage, Free: 11814MB(76,9%)
[2024-02-14T16:50:05.507+0100][debug][gc,director    ] Rule: Proactive, AcceptableGCInterval: 20,863s, TimeSinceLastGC: 0,689s, TimeUntilGC: 20,175s
[2024-02-14T16:50:05.608+0100][debug][gc,alloc       ] Allocation Rate: 3178,0MB/s, Predicted: 3174,9MB/s, Avg: 3091,6(+/-56,2)MB/s
[2024-02-14T16:50:05.608+0100][debug][gc,director    ] Select GC Workers (Try Lowering), AvoidLongGCWorkers: 0,210, AvoidOOMGCWorkers: 0,628, NextAvoidOOMGCWorkers: 0,892, LastGCWorkers: 5,000, GCWorkers: 1,392
[2024-02-14T16:50:05.608+0100][debug][gc,director    ] Rule: Allocation Rate (Dynamic GC Workers), MaxAllocRate: 3359,8MB/s (+/-1,8%), Free: 11468MB, GCCPUTime: 2,107, GCDuration: 1,056s, TimeUntilOOM: 3,352s, TimeUntilGC: 2,196s, GCWorkers: 5 -> 2
[2024-02-14T16:50:05.608+0100][debug][gc,director    ] Rule: High Usage, Free: 11468MB(74,7%)
[2024-02-14T16:50:05.608+0100][debug][gc,director    ] Rule: Proactive, AcceptableGCInterval: 20,863s, TimeSinceLastGC: 0,789s, TimeUntilGC: 20,074s
[2024-02-14T16:50:05.708+0100][debug][gc,alloc       ] Allocation Rate: 3240,0MB/s, Predicted: 3237,1MB/s, Avg: 3105,4(+/-71,8)MB/s
[2024-02-14T16:50:05.708+0100][debug][gc,director    ] Select GC Workers (Try Lowering), AvoidLongGCWorkers: 0,210, AvoidOOMGCWorkers: 0,672, NextAvoidOOMGCWorkers: 0,940, LastGCWorkers: 5,000, GCWorkers: 1,440
[2024-02-14T16:50:05.708+0100][debug][gc,director    ] Rule: Allocation Rate (Dynamic GC Workers), MaxAllocRate: 3473,4MB/s (+/-2,3%), Free: 11138MB, GCCPUTime: 2,107, GCDuration: 1,056s, TimeUntilOOM: 3,134s, TimeUntilGC: 1,978s, GCWorkers: 5 -> 2
[2024-02-14T16:50:05.708+0100][debug][gc,director    ] Rule: High Usage, Free: 11138MB(72,5%)
[2024-02-14T16:50:05.708+0100][debug][gc,director    ] Rule: Proactive, AcceptableGCInterval: 20,863s, TimeSinceLastGC: 0,889s, TimeUntilGC: 19,974s
[2024-02-14T16:50:05.807+0100][debug][gc,alloc       ] Allocation Rate: 3322,0MB/s, Predicted: 3304,7MB/s, Avg: 3134,2(+/-92,3)MB/s
[2024-02-14T16:50:05.807+0100][debug][gc,director    ] Select GC Workers (Try Lowering), AvoidLongGCWorkers: 0,210, AvoidOOMGCWorkers: 0,724, NextAvoidOOMGCWorkers: 0,995, LastGCWorkers: 5,000, GCWorkers: 1,495
[2024-02-14T16:50:05.807+0100][debug][gc,director    ] Rule: Allocation Rate (Dynamic GC Workers), MaxAllocRate: 3608,2MB/s (+/-2,9%), Free: 10808MB, GCCPUTime: 2,107, GCDuration: 1,056s, TimeUntilOOM: 2,910s, TimeUntilGC: 1,754s, GCWorkers: 5 -> 2
[2024-02-14T16:50:05.807+0100][debug][gc,director    ] Rule: High Usage, Free: 10808MB(70,4%)
[2024-02-14T16:50:05.807+0100][debug][gc,director    ] Rule: Proactive, AcceptableGCInterval: 20,863s, TimeSinceLastGC: 0,988s, TimeUntilGC: 19,875s
[2024-02-14T16:50:05.907+0100][debug][gc,alloc       ] Allocation Rate: 3350,0MB/s, Predicted: 3358,9MB/s, Avg: 3167,8(+/-102,9)MB/s
[2024-02-14T16:50:05.907+0100][debug][gc,director    ] Select GC Workers (Try Lowering), AvoidLongGCWorkers: 0,210, AvoidOOMGCWorkers: 0,768, NextAvoidOOMGCWorkers: 1,029, LastGCWorkers: 5,000, GCWorkers: 1,529
[2024-02-14T16:50:05.907+0100][debug][gc,director    ] Rule: Allocation Rate (Dynamic GC Workers), MaxAllocRate: 3697,6MB/s (+/-3,2%), Free: 10466MB, GCCPUTime: 2,107, GCDuration: 1,056s, TimeUntilOOM: 2,741s, TimeUntilGC: 1,585s, GCWorkers: 5 -> 2
[2024-02-14T16:50:05.907+0100][debug][gc,director    ] Rule: High Usage, Free: 10466MB(68,1%)
[2024-02-14T16:50:05.907+0100][debug][gc,director    ] Rule: Proactive, AcceptableGCInterval: 20,863s, TimeSinceLastGC: 1,088s, TimeUntilGC: 19,775s
[2024-02-14T16:50:06.007+0100][debug][gc,alloc       ] Allocation Rate: 3352,0MB/s, Predicted: 3391,1MB/s, Avg: 3201,8(+/-102,0)MB/s
[2024-02-14T16:50:06.007+0100][debug][gc,director    ] Select GC Workers (Try Lowering), AvoidLongGCWorkers: 0,210, AvoidOOMGCWorkers: 0,800, NextAvoidOOMGCWorkers: 1,033, LastGCWorkers: 5,000, GCWorkers: 1,533
[2024-02-14T16:50:06.007+0100][debug][gc,director    ] Rule: Allocation Rate (Dynamic GC Workers), MaxAllocRate: 3726,7MB/s (+/-3,2%), Free: 10126MB, GCCPUTime: 2,107, GCDuration: 1,056s, TimeUntilOOM: 2,633s, TimeUntilGC: 1,477s, GCWorkers: 5 -> 2
[2024-02-14T16:50:06.007+0100][debug][gc,director    ] Rule: High Usage, Free: 10126MB(65,9%)
[2024-02-14T16:50:06.007+0100][debug][gc,director    ] Rule: Proactive, AcceptableGCInterval: 20,863s, TimeSinceLastGC: 1,188s, TimeUntilGC: 19,675s
[2024-02-14T16:50:06.108+0100][debug][gc,alloc       ] Allocation Rate: 3358,0MB/s, Predicted: 3415,2MB/s, Avg: 3231,8(+/-99,4)MB/s
[2024-02-14T16:50:06.108+0100][debug][gc,director    ] Select GC Workers (Try Lowering), AvoidLongGCWorkers: 0,210, AvoidOOMGCWorkers: 0,830, NextAvoidOOMGCWorkers: 1,031, LastGCWorkers: 5,000, GCWorkers: 1,531
[2024-02-14T16:50:06.108+0100][debug][gc,director    ] Rule: Allocation Rate (Dynamic GC Workers), MaxAllocRate: 3742,2MB/s (+/-3,1%), Free: 9782MB, GCCPUTime: 2,107, GCDuration: 1,056s, TimeUntilOOM: 2,536s, TimeUntilGC: 1,380s, GCWorkers: 5 -> 2
[2024-02-14T16:50:06.108+0100][debug][gc,director    ] Rule: High Usage, Free: 9782MB(63,7%)
[2024-02-14T16:50:06.108+0100][debug][gc,director    ] Rule: Proactive, AcceptableGCInterval: 20,863s, TimeSinceLastGC: 1,289s, TimeUntilGC: 19,575s
[2024-02-14T16:50:06.208+0100][debug][gc,alloc       ] Allocation Rate: 3378,0MB/s, Predicted: 3438,5MB/s, Avg: 3259,6(+/-97,5)MB/s
[2024-02-14T16:50:06.208+0100][debug][gc,director    ] Select GC Workers (Try Lowering), AvoidLongGCWorkers: 0,210, AvoidOOMGCWorkers: 0,865, NextAvoidOOMGCWorkers: 1,031, LastGCWorkers: 5,000, GCWorkers: 1,531
[2024-02-14T16:50:06.208+0100][debug][gc,director    ] Rule: Allocation Rate (Dynamic GC Workers), MaxAllocRate: 3759,3MB/s (+/-3,0%), Free: 9430MB, GCCPUTime: 2,107, GCDuration: 1,056s, TimeUntilOOM: 2,436s, TimeUntilGC: 1,279s, GCWorkers: 5 -> 2
[2024-02-14T16:50:06.208+0100][debug][gc,director    ] Rule: High Usage, Free: 9430MB(61,4%)
[2024-02-14T16:50:06.208+0100][debug][gc,director    ] Rule: Proactive, AcceptableGCInterval: 20,863s, TimeSinceLastGC: 1,389s, TimeUntilGC: 19,474s
[2024-02-14T16:50:06.308+0100][debug][gc,alloc       ] Allocation Rate: 3394,0MB/s, Predicted: 3459,9MB/s, Avg: 3285,2(+/-95,8)MB/s
[2024-02-14T16:50:06.308+0100][debug][gc,director    ] Select GC Workers (Try Lowering), AvoidLongGCWorkers: 0,210, AvoidOOMGCWorkers: 0,901, NextAvoidOOMGCWorkers: 1,030, LastGCWorkers: 5,000, GCWorkers: 1,530
[2024-02-14T16:50:06.308+0100][debug][gc,director    ] Rule: Allocation Rate (Dynamic GC Workers), MaxAllocRate: 3775,1MB/s (+/-2,9%), Free: 9082MB, GCCPUTime: 2,107, GCDuration: 1,056s, TimeUntilOOM: 2,338s, TimeUntilGC: 1,181s, GCWorkers: 5 -> 2
[2024-02-14T16:50:06.308+0100][debug][gc,director    ] Rule: High Usage, Free: 9082MB(59,1%)
[2024-02-14T16:50:06.308+0100][debug][gc,director    ] Rule: Proactive, AcceptableGCInterval: 20,863s, TimeSinceLastGC: 1,489s, TimeUntilGC: 19,374s
[2024-02-14T16:50:06.407+0100][debug][gc,alloc       ] Allocation Rate: 3362,0MB/s, Predicted: 3448,7MB/s, Avg: 3308,6(+/-82,1)MB/s
[2024-02-14T16:50:06.407+0100][debug][gc,director    ] Select GC Workers (Try Lowering), AvoidLongGCWorkers: 0,210, AvoidOOMGCWorkers: 0,913, NextAvoidOOMGCWorkers: 0,997, LastGCWorkers: 5,000, GCWorkers: 1,497
[2024-02-14T16:50:06.407+0100][debug][gc,director    ] Rule: Allocation Rate (Dynamic GC Workers), MaxAllocRate: 3718,9MB/s (+/-2,5%), Free: 8790MB, GCCPUTime: 2,107, GCDuration: 1,056s, TimeUntilOOM: 2,306s, TimeUntilGC: 1,150s, GCWorkers: 5 -> 2
[2024-02-14T16:50:06.407+0100][debug][gc,director    ] Rule: High Usage, Free: 8790MB(57,2%)
[2024-02-14T16:50:06.407+0100][debug][gc,director    ] Rule: Proactive, AcceptableGCInterval: 20,863s, TimeSinceLastGC: 1,588s, TimeUntilGC: 19,275s
[2024-02-14T16:50:06.507+0100][debug][gc,alloc       ] Allocation Rate: 3342,0MB/s, Predicted: 3420,3MB/s, Avg: 3327,6(+/-63,6)MB/s
[2024-02-14T16:50:06.507+0100][debug][gc,director    ] Select GC Workers (Try Lowering), AvoidLongGCWorkers: 0,210, AvoidOOMGCWorkers: 0,920, NextAvoidOOMGCWorkers: 0,959, LastGCWorkers: 5,000, GCWorkers: 1,459
[2024-02-14T16:50:06.507+0100][debug][gc,director    ] Rule: Allocation Rate (Dynamic GC Workers), MaxAllocRate: 3629,5MB/s (+/-1,9%), Free: 8472MB, GCCPUTime: 2,107, GCDuration: 1,056s, TimeUntilOOM: 2,290s, TimeUntilGC: 1,134s, GCWorkers: 5 -> 2
[2024-02-14T16:50:06.507+0100][debug][gc,director    ] Rule: High Usage, Free: 8472MB(55,2%)
[2024-02-14T16:50:06.507+0100][debug][gc,director    ] Rule: Proactive, AcceptableGCInterval: 20,863s, TimeSinceLastGC: 1,688s, TimeUntilGC: 19,175s
[2024-02-14T16:50:06.607+0100][debug][gc,alloc       ] Allocation Rate: 3326,0MB/s, Predicted: 3379,7MB/s, Avg: 3342,4(+/-39,8)MB/s
[2024-02-14T16:50:06.607+0100][debug][gc,director    ] Select GC Workers (Try Lowering), AvoidLongGCWorkers: 0,210, AvoidOOMGCWorkers: 0,919, NextAvoidOOMGCWorkers: 0,916, LastGCWorkers: 5,000, GCWorkers: 1,416
[2024-02-14T16:50:06.607+0100][debug][gc,director    ] Rule: Allocation Rate (Dynamic GC Workers), MaxAllocRate: 3510,9MB/s (+/-1,2%), Free: 8142MB, GCCPUTime: 2,107, GCDuration: 1,056s, TimeUntilOOM: 2,292s, TimeUntilGC: 1,136s, GCWorkers: 5 -> 2
[2024-02-14T16:50:06.607+0100][debug][gc,director    ] Rule: High Usage, Free: 8142MB(53,0%)
[2024-02-14T16:50:06.607+0100][debug][gc,director    ] Rule: Proactive, AcceptableGCInterval: 20,863s, TimeSinceLastGC: 1,788s, TimeUntilGC: 19,075s
[2024-02-14T16:50:06.707+0100][debug][gc,alloc       ] Allocation Rate: 3326,0MB/s, Predicted: 3345,9MB/s, Avg: 3351,0(+/-22,2)MB/s
[2024-02-14T16:50:06.707+0100][debug][gc,director    ] Select GC Workers (Try Lowering), AvoidLongGCWorkers: 0,210, AvoidOOMGCWorkers: 0,929, NextAvoidOOMGCWorkers: 0,887, LastGCWorkers: 5,000, GCWorkers: 1,387
[2024-02-14T16:50:06.708+0100][debug][gc,director    ] Rule: Allocation Rate (Dynamic GC Workers), MaxAllocRate: 3424,0MB/s (+/-0,7%), Free: 7812MB, GCCPUTime: 2,107, GCDuration: 1,056s, TimeUntilOOM: 2,267s, TimeUntilGC: 1,110s, GCWorkers: 5 -> 2
[2024-02-14T16:50:06.708+0100][debug][gc,director    ] Rule: High Usage, Free: 7812MB(50,9%)
[2024-02-14T16:50:06.708+0100][debug][gc,director    ] Rule: Proactive, AcceptableGCInterval: 20,863s, TimeSinceLastGC: 1,889s, TimeUntilGC: 18,975s
[2024-02-14T16:50:06.808+0100][debug][gc,alloc       ] Allocation Rate: 3308,0MB/s, Predicted: 3320,9MB/s, Avg: 3349,6(+/-24,3)MB/s
[2024-02-14T16:50:06.808+0100][debug][gc,director    ] Select GC Workers (Try Lowering), AvoidLongGCWorkers: 0,210, AvoidOOMGCWorkers: 0,970, NextAvoidOOMGCWorkers: 0,885, LastGCWorkers: 5,000, GCWorkers: 1,385
[2024-02-14T16:50:06.808+0100][debug][gc,director    ] Rule: Allocation Rate (Dynamic GC Workers), MaxAllocRate: 3429,6MB/s (+/-0,7%), Free: 7500MB, GCCPUTime: 2,107, GCDuration: 1,056s, TimeUntilOOM: 2,171s, TimeUntilGC: 1,015s, GCWorkers: 5 -> 2
[2024-02-14T16:50:06.808+0100][debug][gc,director    ] Rule: High Usage, Free: 7500MB(48,8%)
[2024-02-14T16:50:06.808+0100][debug][gc,director    ] Rule: Proactive, AcceptableGCInterval: 20,863s, TimeSinceLastGC: 1,989s, TimeUntilGC: 18,875s
[2024-02-14T16:50:06.908+0100][debug][gc,alloc       ] Allocation Rate: 3276,0MB/s, Predicted: 3291,6MB/s, Avg: 3342,2(+/-32,8)MB/s
[2024-02-14T16:50:06.908+0100][debug][gc,director    ] Select GC Workers (Try Lowering), AvoidLongGCWorkers: 0,210, AvoidOOMGCWorkers: 1,021, NextAvoidOOMGCWorkers: 0,615, LastGCWorkers: 5,000, GCWorkers: 2,000
[2024-02-14T16:50:06.908+0100][debug][gc,director    ] Rule: Allocation Rate (Dynamic GC Workers), MaxAllocRate: 3450,2MB/s (+/-1,0%), Free: 7190MB, GCCPUTime: 2,107, GCDuration: 1,056s, TimeUntilOOM: 2,064s, TimeUntilGC: 0,907s, GCWorkers: 5 -> 2
[2024-02-14T16:50:06.908+0100][debug][gc,director    ] Rule: High Usage, Free: 7190MB(46,8%)
[2024-02-14T16:50:06.908+0100][debug][gc,director    ] Rule: Proactive, AcceptableGCInterval: 20,863s, TimeSinceLastGC: 2,089s, TimeUntilGC: 18,774s
[2024-02-14T16:50:07.008+0100][debug][gc,alloc       ] Allocation Rate: 3252,0MB/s, Predicted: 3258,1MB/s, Avg: 3332,2(+/-42,2)MB/s
[2024-02-14T16:50:07.008+0100][debug][gc,director    ] Select GC Workers (Try Lowering), AvoidLongGCWorkers: 0,210, AvoidOOMGCWorkers: 1,077, NextAvoidOOMGCWorkers: 0,616, LastGCWorkers: 5,000, GCWorkers: 2,000
[2024-02-14T16:50:07.008+0100][debug][gc,director    ] Rule: Allocation Rate (Dynamic GC Workers), MaxAllocRate: 3471,1MB/s (+/-1,3%), Free: 6876MB, GCCPUTime: 2,107, GCDuration: 1,056s, TimeUntilOOM: 1,956s, TimeUntilGC: 0,800s, GCWorkers: 5 -> 2
[2024-02-14T16:50:07.008+0100][debug][gc,director    ] Rule: High Usage, Free: 6876MB(44,8%)
[2024-02-14T16:50:07.008+0100][debug][gc,director    ] Rule: Proactive, AcceptableGCInterval: 20,863s, TimeSinceLastGC: 2,189s, TimeUntilGC: 18,674s
[2024-02-14T16:50:07.107+0100][debug][gc,alloc       ] Allocation Rate: 3234,0MB/s, Predicted: 3225,7MB/s, Avg: 3319,8(+/-50,3)MB/s
[2024-02-14T16:50:07.107+0100][debug][gc,director    ] Select GC Workers (Try Lowering), AvoidLongGCWorkers: 0,210, AvoidOOMGCWorkers: 1,139, NextAvoidOOMGCWorkers: 0,617, LastGCWorkers: 5,000, GCWorkers: 2,000
[2024-02-14T16:50:07.107+0100][debug][gc,director    ] Rule: Allocation Rate (Dynamic GC Workers), MaxAllocRate: 3485,2MB/s (+/-1,5%), Free: 6548MB, GCCPUTime: 2,107, GCDuration: 1,056s, TimeUntilOOM: 1,851s, TimeUntilGC: 0,695s, GCWorkers: 5 -> 2
[2024-02-14T16:50:07.107+0100][debug][gc,director    ] Rule: High Usage, Free: 6548MB(42,6%)
[2024-02-14T16:50:07.107+0100][debug][gc,director    ] Rule: Proactive, AcceptableGCInterval: 20,863s, TimeSinceLastGC: 2,288s, TimeUntilGC: 18,575s
[2024-02-14T16:50:07.207+0100][debug][gc,alloc       ] Allocation Rate: 3202,0MB/s, Predicted: 3194,1MB/s, Avg: 3302,2(+/-57,1)MB/s
[2024-02-14T16:50:07.207+0100][debug][gc,director    ] Select GC Workers (Try Lowering), AvoidLongGCWorkers: 0,210, AvoidOOMGCWorkers: 1,202, NextAvoidOOMGCWorkers: 0,617, LastGCWorkers: 5,000, GCWorkers: 2,000
[2024-02-14T16:50:07.207+0100][debug][gc,director    ] Rule: Allocation Rate (Dynamic GC Workers), MaxAllocRate: 3490,2MB/s (+/-1,7%), Free: 6228MB, GCCPUTime: 2,107, GCDuration: 1,056s, TimeUntilOOM: 1,754s, TimeUntilGC: 0,598s, GCWorkers: 5 -> 2
[2024-02-14T16:50:07.207+0100][debug][gc,director    ] Rule: High Usage, Free: 6228MB(40,5%)
[2024-02-14T16:50:07.207+0100][debug][gc,director    ] Rule: Proactive, AcceptableGCInterval: 20,863s, TimeSinceLastGC: 2,389s, TimeUntilGC: 18,475s
[2024-02-14T16:50:07.307+0100][debug][gc,alloc       ] Allocation Rate: 3186,0MB/s, Predicted: 3172,1MB/s, Avg: 3281,4(+/-57,8)MB/s
[2024-02-14T16:50:07.307+0100][debug][gc,director    ] Select GC Workers (Try Lowering), AvoidLongGCWorkers: 0,210, AvoidOOMGCWorkers: 1,263, NextAvoidOOMGCWorkers: 0,614, LastGCWorkers: 5,000, GCWorkers: 2,000
[2024-02-14T16:50:07.307+0100][debug][gc,director    ] Rule: Allocation Rate (Dynamic GC Workers), MaxAllocRate: 3471,6MB/s (+/-1,8%), Free: 5896MB, GCCPUTime: 2,107, GCDuration: 1,056s, TimeUntilOOM: 1,669s, TimeUntilGC: 0,513s, GCWorkers: 5 -> 2
[2024-02-14T16:50:07.307+0100][debug][gc,director    ] Rule: High Usage, Free: 5896MB(38,4%)
[2024-02-14T16:50:07.308+0100][debug][gc,director    ] Rule: Proactive, AcceptableGCInterval: 20,863s, TimeSinceLastGC: 2,489s, TimeUntilGC: 18,375s
[2024-02-14T16:50:07.408+0100][debug][gc,alloc       ] Allocation Rate: 3236,0MB/s, Predicted: 3175,5MB/s, Avg: 3268,8(+/-52,3)MB/s
[2024-02-14T16:50:07.408+0100][debug][gc,director    ] Select GC Workers (Try Lowering), AvoidLongGCWorkers: 0,210, AvoidOOMGCWorkers: 1,327, NextAvoidOOMGCWorkers: 0,610, LastGCWorkers: 5,000, GCWorkers: 2,000
[2024-02-14T16:50:07.408+0100][debug][gc,director    ] Rule: Allocation Rate (Dynamic GC Workers), MaxAllocRate: 3441,0MB/s (+/-1,6%), Free: 5556MB, GCCPUTime: 2,107, GCDuration: 1,056s, TimeUntilOOM: 1,589s, TimeUntilGC: 0,433s, GCWorkers: 5 -> 2
[2024-02-14T16:50:07.408+0100][debug][gc,director    ] Rule: High Usage, Free: 5556MB(36,2%)
[2024-02-14T16:50:07.408+0100][debug][gc,director    ] Rule: Proactive, AcceptableGCInterval: 20,863s, TimeSinceLastGC: 2,589s, TimeUntilGC: 18,275s
[2024-02-14T16:50:07.508+0100][debug][gc,alloc       ] Allocation Rate: 3256,0MB/s, Predicted: 3189,9MB/s, Avg: 3260,2(+/-46,3)MB/s
[2024-02-14T16:50:07.508+0100][debug][gc,director    ] Select GC Workers (Try Lowering), AvoidLongGCWorkers: 0,210, AvoidOOMGCWorkers: 1,400, NextAvoidOOMGCWorkers: 0,607, LastGCWorkers: 5,000, GCWorkers: 2,000
[2024-02-14T16:50:07.508+0100][debug][gc,director    ] Rule: Allocation Rate (Dynamic GC Workers), MaxAllocRate: 3412,6MB/s (+/-1,4%), Free: 5214MB, GCCPUTime: 2,107, GCDuration: 1,056s, TimeUntilOOM: 1,506s, TimeUntilGC: 0,350s, GCWorkers: 5 -> 2
[2024-02-14T16:50:07.508+0100][debug][gc,director    ] Rule: High Usage, Free: 5214MB(33,9%)
[2024-02-14T16:50:07.508+0100][debug][gc,director    ] Rule: Proactive, AcceptableGCInterval: 20,863s, TimeSinceLastGC: 2,689s, TimeUntilGC: 18,174s
[2024-02-14T16:50:07.608+0100][debug][gc,alloc       ] Allocation Rate: 3218,0MB/s, Predicted: 3190,5MB/s, Avg: 3249,4(+/-42,1)MB/s
[2024-02-14T16:50:07.608+0100][debug][gc,director    ] Select GC Workers (Try Lowering), AvoidLongGCWorkers: 0,210, AvoidOOMGCWorkers: 1,470, NextAvoidOOMGCWorkers: 0,602, LastGCWorkers: 5,000, GCWorkers: 2,000
[2024-02-14T16:50:07.608+0100][debug][gc,director    ] Rule: Allocation Rate (Dynamic GC Workers), MaxAllocRate: 3387,9MB/s (+/-1,3%), Free: 4924MB, GCCPUTime: 2,107, GCDuration: 1,056s, TimeUntilOOM: 1,435s, TimeUntilGC: 0,279s, GCWorkers: 5 -> 2
[2024-02-14T16:50:07.608+0100][debug][gc,director    ] Rule: High Usage, Free: 4924MB(32,1%)
[2024-02-14T16:50:07.608+0100][debug][gc,director    ] Rule: Proactive, AcceptableGCInterval: 20,863s, TimeSinceLastGC: 2,789s, TimeUntilGC: 18,074s
[2024-02-14T16:50:07.707+0100][debug][gc,alloc       ] Allocation Rate: 3206,0MB/s, Predicted: 3193,6MB/s, Avg: 3237,4(+/-35,1)MB/s
[2024-02-14T16:50:07.707+0100][debug][gc,director    ] Select GC Workers (Try Lowering), AvoidLongGCWorkers: 0,210, AvoidOOMGCWorkers: 1,552, NextAvoidOOMGCWorkers: 0,598, LastGCWorkers: 5,000, GCWorkers: 2,000
[2024-02-14T16:50:07.707+0100][debug][gc,director    ] Rule: Allocation Rate (Dynamic GC Workers), MaxAllocRate: 3352,8MB/s (+/-1,1%), Free: 4606MB, GCCPUTime: 2,107, GCDuration: 1,056s, TimeUntilOOM: 1,359s, TimeUntilGC: 0,203s, GCWorkers: 5 -> 2
[2024-02-14T16:50:07.707+0100][debug][gc,director    ] Rule: High Usage, Free: 4606MB(30,0%)
[2024-02-14T16:50:07.707+0100][debug][gc,director    ] Rule: Proactive, AcceptableGCInterval: 20,863s, TimeSinceLastGC: 2,888s, TimeUntilGC: 17,975s
[2024-02-14T16:50:07.807+0100][debug][gc,alloc       ] Allocation Rate: 3182,0MB/s, Predicted: 3190,3MB/s, Avg: 3224,8(+/-29,7)MB/s
[2024-02-14T16:50:07.807+0100][debug][gc,director    ] Select GC Workers (Try Lowering), AvoidLongGCWorkers: 0,210, AvoidOOMGCWorkers: 1,639, NextAvoidOOMGCWorkers: 0,594, LastGCWorkers: 5,000, GCWorkers: 2,000
[2024-02-14T16:50:07.807+0100][debug][gc,director    ] Rule: Allocation Rate (Dynamic GC Workers), MaxAllocRate: 3322,4MB/s (+/-0,9%), Free: 4318MB, GCCPUTime: 2,107, GCDuration: 1,056s, TimeUntilOOM: 1,288s, TimeUntilGC: 0,132s, GCWorkers: 5 -> 2
[2024-02-14T16:50:07.807+0100][debug][gc,director    ] Rule: High Usage, Free: 4318MB(28,1%)
[2024-02-14T16:50:07.807+0100][debug][gc,director    ] Rule: Proactive, AcceptableGCInterval: 20,863s, TimeSinceLastGC: 2,989s, TimeUntilGC: 17,875s
[2024-02-14T16:50:07.907+0100][debug][gc,alloc       ] Allocation Rate: 3192,0MB/s, Predicted: 3190,8MB/s, Avg: 3216,4(+/-25,6)MB/s
[2024-02-14T16:50:07.908+0100][debug][gc,director    ] Select GC Workers (Try Lowering), AvoidLongGCWorkers: 0,210, AvoidOOMGCWorkers: 1,757, NextAvoidOOMGCWorkers: 0,591, LastGCWorkers: 5,000, GCWorkers: 2,000
[2024-02-14T16:50:07.908+0100][debug][gc,director    ] Rule: Allocation Rate (Dynamic GC Workers), MaxAllocRate: 3300,6MB/s (+/-0,8%), Free: 3998MB, GCCPUTime: 2,107, GCDuration: 1,056s, TimeUntilOOM: 1,202s, TimeUntilGC: 0,046s, GCWorkers: 5 -> 2
[2024-02-14T16:50:07.908+0100][debug][gc,director    ] Rule: High Usage, Free: 3998MB(26,0%)
[2024-02-14T16:50:07.908+0100][debug][gc,director    ] Rule: Proactive, AcceptableGCInterval: 20,863s, TimeSinceLastGC: 3,089s, TimeUntilGC: 17,775s
[2024-02-14T16:50:08.008+0100][debug][gc,alloc       ] Allocation Rate: 3206,0MB/s, Predicted: 3196,1MB/s, Avg: 3211,8(+/-22,8)MB/s
[2024-02-14T16:50:08.008+0100][debug][gc,director    ] Select GC Workers (Try Lowering), AvoidLongGCWorkers: 0,210, AvoidOOMGCWorkers: 1,905, NextAvoidOOMGCWorkers: 0,590, LastGCWorkers: 5,000, GCWorkers: 2,000
[2024-02-14T16:50:08.008+0100][debug][gc,director    ] Rule: Allocation Rate (Dynamic GC Workers), MaxAllocRate: 3286,7MB/s (+/-0,7%), Free: 3670MB, GCCPUTime: 2,107, GCDuration: 1,056s, TimeUntilOOM: 1,109s, TimeUntilGC: -0,047s, GCWorkers: 5 -> 2
[2024-02-14T16:50:08.008+0100][debug][gc,heap        ] GC(22) Heap before GC invocations=22 (full 22):
[2024-02-14T16:50:08.008+0100][debug][gc,heap        ] GC(22)  ZHeap           used 11648M, capacity 14530M, max capacity 15360M
[2024-02-14T16:50:08.008+0100][debug][gc,heap        ] GC(22)  Metaspace       used 32036K, committed 32448K, reserved 1114112K
[2024-02-14T16:50:08.008+0100][debug][gc,heap        ] GC(22)   class space    used 3379K, committed 3584K, reserved 1048576K
[2024-02-14T16:50:08.008+0100][info ][gc,start       ] GC(22) Garbage Collection (Allocation Rate)
[2024-02-14T16:50:08.008+0100][info ][gc,task        ] GC(22) Using 2 workers
[2024-02-14T16:50:08.008+0100][debug][gc,phases,start] GC(22) Pause Mark Start
[2024-02-14T16:50:08.008+0100][debug][gc,marking     ] GC(22) Using 2 mark stripes
[2024-02-14T16:50:08.008+0100][debug][gc,marking     ] GC(22) Mark Worker/Stripe Distribution
[2024-02-14T16:50:08.008+0100][debug][gc,marking     ] GC(22)   Worker 0(2) -> Stripe 0(2)
[2024-02-14T16:50:08.008+0100][debug][gc,marking     ] GC(22)   Worker 1(2) -> Stripe 1(2)
[2024-02-14T16:50:08.008+0100][info ][gc,phases      ] GC(22) Pause Mark Start 0,067ms
[2024-02-14T16:50:08.008+0100][debug][gc,phases,start] GC(22) Concurrent Mark
[2024-02-14T16:50:08.008+0100][debug][gc,task        ] GC(22) Executing Task: XMarkRootsTask, Active Workers: 2
[2024-02-14T16:50:08.009+0100][debug][gc,tlab        ] GC(22) TLAB totals: thrds: 9  refills: 43717 max: 43700 slow allocs: 7 max 6 waste:  1,0% gc: 1388560B max: 262096B slow: 108914688B max: 108905376B
[2024-02-14T16:50:08.009+0100][debug][gc,task        ] GC(22) Executing Task: XMarkTask, Active Workers: 2
[2024-02-14T16:50:08.108+0100][debug][gc,alloc       ] Allocation Rate: 3128,0MB/s, Predicted: 3168,5MB/s, Avg: 3201,2(+/-32,5)MB/s
[2024-02-14T16:50:08.208+0100][debug][gc,alloc       ] Allocation Rate: 3064,0MB/s, Predicted: 3113,9MB/s, Avg: 3187,4(+/-52,4)MB/s
[2024-02-14T16:50:08.307+0100][debug][gc,alloc       ] Allocation Rate: 3034,0MB/s, Predicted: 3052,1MB/s, Avg: 3172,2(+/-69,8)MB/s
[2024-02-14T16:50:08.407+0100][debug][gc,alloc       ] Allocation Rate: 3006,0MB/s, Predicted: 3002,7MB/s, Avg: 3149,2(+/-81,8)MB/s
[2024-02-14T16:50:08.507+0100][debug][gc,alloc       ] Allocation Rate: 2988,0MB/s, Predicted: 2966,7MB/s, Avg: 3122,4(+/-86,2)MB/s
[2024-02-14T16:50:08.574+0100][info ][gc,phases      ] GC(22) Concurrent Mark 566,243ms
[2024-02-14T16:50:08.574+0100][debug][gc,phases,start] GC(22) Pause Mark End
[2024-02-14T16:50:08.574+0100][info ][gc,phases      ] GC(22) Pause Mark End 0,035ms
[2024-02-14T16:50:08.574+0100][debug][gc,phases,start] GC(22) Concurrent Mark Free
[2024-02-14T16:50:08.574+0100][info ][gc,phases      ] GC(22) Concurrent Mark Free 0,041ms
[2024-02-14T16:50:08.574+0100][debug][gc,phases,start] GC(22) Concurrent Process Non-Strong References
[2024-02-14T16:50:08.574+0100][debug][gc,phases,start] GC(22) Concurrent References Process
[2024-02-14T16:50:08.575+0100][debug][gc,task        ] GC(22) Executing Task: XReferenceProcessorTask, Active Workers: 2
[2024-02-14T16:50:08.582+0100][debug][gc,phases      ] GC(22) Concurrent References Process 7,343ms
[2024-02-14T16:50:08.582+0100][debug][gc,task        ] GC(22) Executing Task: XProcessWeakRootsTask, Active Workers: 2
[2024-02-14T16:50:08.582+0100][debug][gc,phases,start] GC(22) Concurrent Classes Unlink
[2024-02-14T16:50:08.582+0100][debug][gc,phases,start] GC(22) ClassLoaderData
[2024-02-14T16:50:08.582+0100][debug][gc,phases      ] GC(22) ClassLoaderData 0,035ms
[2024-02-14T16:50:08.582+0100][debug][gc,phases,start] GC(22) Trigger cleanups
[2024-02-14T16:50:08.582+0100][debug][gc,phases      ] GC(22) Trigger cleanups 0,005ms
[2024-02-14T16:50:08.582+0100][debug][gc,task        ] GC(22) Executing Task: XNMethodUnlinkTask, Active Workers: 2
[2024-02-14T16:50:08.585+0100][debug][gc,phases      ] GC(22) Concurrent Classes Unlink 2,704ms
[2024-02-14T16:50:08.585+0100][debug][gc,phases,start] GC(22) Concurrent Classes Purge
[2024-02-14T16:50:08.585+0100][debug][gc,nmethod     ] GC(22) Unregister NMethod: com.github.benmanes.caffeine.cache.BoundedLocalCache$AddTask.run (0x00007f9f0c0f0010)
[2024-02-14T16:50:08.585+0100][debug][gc,nmethod     ] GC(22) Unregister NMethod: com.github.benmanes.caffeine.cache.BoundedLocalCache$PerformCleanupTask.run (0x00007f9f2b801e10)
[2024-02-14T16:50:08.585+0100][debug][gc,nmethod     ] GC(22) Unregister NMethod: com.github.benmanes.caffeine.cache.BoundedLocalCache.admit (0x00007f9f0c1f4390)
[2024-02-14T16:50:08.585+0100][debug][gc,nmethod     ] GC(22) Unregister NMethod: com.github.benmanes.caffeine.cache.BaseMpscLinkedArrayQueue.offerSlowPath (0x00007f9f0c214f10)
[2024-02-14T16:50:08.585+0100][debug][gc,nmethod     ] GC(22) Unregister NMethod: com.github.benmanes.caffeine.cache.BoundedLocalCache.performCleanUp (0x00007f9f0c1e1310)
[2024-02-14T16:50:08.585+0100][debug][gc,nmethod     ] GC(22) Unregister NMethod: com.github.benmanes.caffeine.cache.BoundedLocalCache.drainWriteBuffer (0x00007f9f2b7fb410)
[2024-02-14T16:50:08.585+0100][debug][gc,nmethod     ] GC(22) Unregister NMethod: com.github.benmanes.caffeine.cache.BoundedLocalCache.scheduleAfterWrite (0x00007f9f0c1d4710)
[2024-02-14T16:50:08.585+0100][debug][gc,nmethod     ] GC(22) Unregister NMethod: com.github.benmanes.caffeine.cache.BaseMpscLinkedArrayQueue.casProducerLimit (0x00007f9f0c1cc510)
[2024-02-14T16:50:08.585+0100][debug][gc,nmethod     ] GC(22) Unregister NMethod: com.github.benmanes.caffeine.cache.BoundedLocalCache.evictEntry (0x00007f9f0c1fcc90)
[2024-02-14T16:50:08.585+0100][debug][gc,nmethod     ] GC(22) Unregister NMethod: java.util.concurrent.ConcurrentHashMap.computeIfPresent (0x00007f9f0c1efd90)
[2024-02-14T16:50:08.585+0100][debug][gc,nmethod     ] GC(22) Unregister NMethod: java.util.concurrent.locks.ReentrantLock$NonfairSync.tryAcquire (0x00007f9f0ba8e210)
[2024-02-14T16:50:08.585+0100][debug][gc,nmethod     ] GC(22) Unregister NMethod: com.github.benmanes.caffeine.cache.BoundedLocalCache.put (0x00007f9f0c076290)
[2024-02-14T16:50:08.585+0100][debug][gc,nmethod     ] GC(22) Unregister NMethod: java.util.concurrent.ForkJoinPool.awaitWork (0x00007f9f0c0d5390)
[2024-02-14T16:50:08.585+0100][debug][gc,nmethod     ] GC(22) Unregister NMethod: io.sirix.cache.RecordPageCache$$Lambda/0x000000008029afc8.onRemoval (0x00007f9f0c20fa90)
[2024-02-14T16:50:08.585+0100][debug][gc,nmethod     ] GC(22) Unregister NMethod: com.github.benmanes.caffeine.cache.BoundedLocalCache.put (0x00007f9f2b81d310)
[2024-02-14T16:50:08.585+0100][debug][gc,nmethod     ] GC(22) Unregister NMethod: com.github.benmanes.caffeine.cache.PSAMS.newNode (0x00007f9f0bef6390)
[2024-02-14T16:50:08.585+0100][debug][gc,nmethod     ] GC(22) Unregister NMethod: com.github.benmanes.caffeine.cache.BoundedLocalCache$PerformCleanupTask.run (0x00007f9f0c1ee010)
[2024-02-14T16:50:08.585+0100][debug][gc,nmethod     ] GC(22) Unregister NMethod: com.github.benmanes.caffeine.cache.BoundedLocalCache.notifyRemoval (0x00007f9f0c20de10)
[2024-02-14T16:50:08.585+0100][debug][gc,nmethod     ] GC(22) Unregister NMethod: com.github.benmanes.caffeine.cache.BoundedLocalCache.expireAfterCreate (0x00007f9f0c08ba10)
[2024-02-14T16:50:08.585+0100][debug][gc,nmethod     ] GC(22) Unregister NMethod: java.util.concurrent.ForkJoinPool.hasTasks (0x00007f9f0c0a4f90)
[2024-02-14T16:50:08.585+0100][debug][gc,nmethod     ] GC(22) Unregister NMethod: com.github.benmanes.caffeine.cache.BoundedLocalCache.decreaseWindow (0x00007f9f0c1adc10)
[2024-02-14T16:50:08.585+0100][debug][gc,nmethod     ] GC(22) Unregister NMethod: com.github.benmanes.caffeine.cache.BoundedLocalCache.put (0x00007f9f0c217190)
[2024-02-14T16:50:08.586+0100][debug][gc,nmethod     ] GC(22) Unregister NMethod: com.github.benmanes.caffeine.cache.BoundedLocalCache.evictFromWindow (0x00007f9f0c072690)
[2024-02-14T16:50:08.586+0100][debug][gc,nmethod     ] GC(22) Unregister NMethod: com.github.benmanes.caffeine.cache.BoundedLocalCache.drainWriteBuffer (0x00007f9f0c0a7610)
[2024-02-14T16:50:08.586+0100][debug][gc,nmethod     ] GC(22) Unregister NMethod: com.github.benmanes.caffeine.cache.BoundedLocalCache.afterWrite (0x00007f9f0c1dea10)
[2024-02-14T16:50:08.586+0100][debug][gc,nmethod     ] GC(22) Unregister NMethod: jdk.internal.misc.Unsafe.putIntOpaque (0x00007f9f0ba57910)
[2024-02-14T16:50:08.586+0100][debug][gc,nmethod     ] GC(22) Unregister NMethod: java.util.concurrent.ForkJoinPool.runWorker (0x00007f9f2b635310)
[2024-02-14T16:50:08.586+0100][debug][gc,nmethod     ] GC(22) Unregister NMethod: com.github.benmanes.caffeine.cache.BoundedLocalCache$$Lambda/0x000000008038e6a8.run (0x00007f9f0c20d990)
[2024-02-14T16:50:08.586+0100][debug][gc,nmethod     ] GC(22) Unregister NMethod: com.github.benmanes.caffeine.cache.BoundedLocalCache$$Lambda/0x000000008038e478.apply (0x00007f9f0c1f6610)
[2024-02-14T16:50:08.586+0100][debug][gc,nmethod     ] GC(22) Unregister NMethod: com.github.benmanes.caffeine.cache.BoundedLocalCache$$Lambda/0x000000008038e478.<init> (0x00007f9f0c1f6190)
[2024-02-14T16:50:08.586+0100][debug][gc,nmethod     ] GC(22) Unregister NMethod: java.util.concurrent.ForkJoinPool.compareAndExchangeCtl (0x00007f9f0bfab110)
[2024-02-14T16:50:08.586+0100][debug][gc,nmethod     ] GC(22) Unregister NMethod: com.github.benmanes.caffeine.cache.BoundedLocalCache.determineAdjustment (0x00007f9f0bc54390)
[2024-02-14T16:50:08.586+0100][debug][gc,nmethod     ] GC(22) Unregister NMethod: java.util.concurrent.ForkJoinPool.scan (0x00007f9f0c216210)
[2024-02-14T16:50:08.586+0100][debug][gc,nmethod     ] GC(22) Unregister NMethod: io.sirix.index.IndexType.getType (0x00007f9f0c214390)
[2024-02-14T16:50:08.586+0100][debug][gc,nmethod     ] GC(22) Unregister NMethod: com.github.benmanes.caffeine.cache.BoundedLocalCache.determineAdjustment (0x00007f9f2b807d10)
[2024-02-14T16:50:08.586+0100][debug][gc,nmethod     ] GC(22) Unregister NMethod: java.util.concurrent.locks.AbstractQueuedSynchronizer.acquire (0x00007f9f0c026990)
[2024-02-14T16:50:08.586+0100][debug][gc,nmethod     ] GC(22) Unregister NMethod: com.github.benmanes.caffeine.cache.BoundedBuffer$RingBuffer.drainTo (0x00007f9f0c210690)
[2024-02-14T16:50:08.586+0100][debug][gc,nmethod     ] GC(22) Unregister NMethod: com.github.benmanes.caffeine.cache.BoundedLocalCache.climb (0x00007f9f0c06cf90)
[2024-02-14T16:50:08.586+0100][debug][gc,phases      ] GC(22) Concurrent Classes Purge 0,724ms
[2024-02-14T16:50:08.586+0100][debug][gc,phases,start] GC(22) Concurrent References Enqueue
[2024-02-14T16:50:08.586+0100][debug][gc,phases      ] GC(22) Concurrent References Enqueue 0,010ms
[2024-02-14T16:50:08.586+0100][info ][gc,phases      ] GC(22) Concurrent Process Non-Strong References 11,339ms
[2024-02-14T16:50:08.586+0100][debug][gc,phases,start] GC(22) Concurrent Reset Relocation Set
[2024-02-14T16:50:08.586+0100][info ][gc,phases      ] GC(22) Concurrent Reset Relocation Set 0,148ms
[2024-02-14T16:50:08.586+0100][debug][gc,phases,start] GC(22) Concurrent Select Relocation Set
[2024-02-14T16:50:08.588+0100][debug][gc,task        ] GC(22) Executing Task: XRelocationSetInstallTask, Active Workers: 2
[2024-02-14T16:50:08.608+0100][debug][gc,alloc       ] Allocation Rate: 2982,0MB/s, Predicted: 2936,0MB/s, Avg: 3098,8(+/-89,1)MB/s
[2024-02-14T16:50:08.683+0100][info ][gc,phases      ] GC(22) Concurrent Select Relocation Set 96,956ms
[2024-02-14T16:50:08.683+0100][debug][gc,phases,start] GC(22) Pause Relocate Start
[2024-02-14T16:50:08.683+0100][info ][gc,phases      ] GC(22) Pause Relocate Start 0,028ms
[2024-02-14T16:50:08.683+0100][debug][gc,phases,start] GC(22) Concurrent Relocate
[2024-02-14T16:50:08.683+0100][debug][gc,task        ] GC(22) Executing Task: XRelocateTask, Active Workers: 2
[2024-02-14T16:50:08.708+0100][debug][gc,alloc       ] Allocation Rate: 2958,0MB/s, Predicted: 2908,3MB/s, Avg: 3074,0(+/-90,3)MB/s
[2024-02-14T16:50:08.807+0100][debug][gc,alloc       ] Allocation Rate: 3000,0MB/s, Predicted: 2907,5MB/s, Avg: 3055,8(+/-84,9)MB/s
[2024-02-14T16:50:08.907+0100][debug][gc,alloc       ] Allocation Rate: 3010,0MB/s, Predicted: 2925,5MB/s, Avg: 3037,6(+/-72,3)MB/s
[2024-02-14T16:50:09.007+0100][debug][gc,alloc       ] Allocation Rate: 2990,0MB/s, Predicted: 2951,3MB/s, Avg: 3016,0(+/-46,4)MB/s
[2024-02-14T16:50:09.108+0100][debug][gc,alloc       ] Allocation Rate: 2994,0MB/s, Predicted: 2972,4MB/s, Avg: 3002,6(+/-27,7)MB/s
[2024-02-14T16:50:09.125+0100][info ][gc,phases      ] GC(22) Concurrent Relocate 441,476ms
[2024-02-14T16:50:09.125+0100][debug][gc,heap        ] GC(22) Heap after GC invocations=23 (full 23):
[2024-02-14T16:50:09.125+0100][debug][gc,heap        ] GC(22)  ZHeap           used 5444M, capacity 14594M, max capacity 15360M
[2024-02-14T16:50:09.125+0100][debug][gc,heap        ] GC(22)  Metaspace       used 32036K, committed 32448K, reserved 1114112K
[2024-02-14T16:50:09.125+0100][debug][gc,heap        ] GC(22)   class space    used 3379K, committed 3584K, reserved 1048576K
[2024-02-14T16:50:09.125+0100][info ][gc,load        ] GC(22) Load: 3,44/1,78/1,71
[2024-02-14T16:50:09.125+0100][info ][gc,mmu         ] GC(22) MMU: 2ms/92,8%, 5ms/97,1%, 10ms/98,6%, 20ms/99,1%, 50ms/99,6%, 100ms/99,8%
[2024-02-14T16:50:09.125+0100][info ][gc,marking     ] GC(22) Mark: 2 stripe(s), 2 proactive flush(es), 1 terminate flush(es), 0 completion(s), 0 continuation(s) 
[2024-02-14T16:50:09.125+0100][info ][gc,marking     ] GC(22) Mark Stack Usage: 32M
[2024-02-14T16:50:09.125+0100][info ][gc,nmethod     ] GC(22) NMethods: 4249 registered, 1424 unregistered
[2024-02-14T16:50:09.125+0100][info ][gc,metaspace   ] GC(22) Metaspace: 31M used, 31M committed, 1088M reserved
[2024-02-14T16:50:09.125+0100][info ][gc,ref         ] GC(22) Soft: 3896 encountered, 0 discovered, 0 enqueued
[2024-02-14T16:50:09.125+0100][info ][gc,ref         ] GC(22) Weak: 2056 encountered, 124 discovered, 1 enqueued
[2024-02-14T16:50:09.125+0100][info ][gc,ref         ] GC(22) Final: 21425 encountered, 21425 discovered, 21425 enqueued
[2024-02-14T16:50:09.125+0100][info ][gc,ref         ] GC(22) Phantom: 21830 encountered, 21821 discovered, 21435 enqueued
[2024-02-14T16:50:09.125+0100][info ][gc,reloc       ] GC(22) Small Pages: 5792 / 11584M, Empty: 2M, Relocated: 1791M, In-Place: 0
[2024-02-14T16:50:09.125+0100][info ][gc,reloc       ] GC(22) Medium Pages: 2 / 64M, Empty: 0M, Relocated: 3M, In-Place: 0
[2024-02-14T16:50:09.125+0100][info ][gc,reloc       ] GC(22) Large Pages: 0 / 0M, Empty: 0M, Relocated: 0M, In-Place: 0
[2024-02-14T16:50:09.125+0100][info ][gc,reloc       ] GC(22) Forwarding Usage: 743M
[2024-02-14T16:50:09.125+0100][info ][gc,heap        ] GC(22) Min Capacity: 5120M(33%)
[2024-02-14T16:50:09.125+0100][info ][gc,heap        ] GC(22) Max Capacity: 15360M(100%)
[2024-02-14T16:50:09.125+0100][info ][gc,heap        ] GC(22) Soft Max Capacity: 15360M(100%)
[2024-02-14T16:50:09.125+0100][info ][gc,heap        ] GC(22)                Mark Start          Mark End        Relocate Start      Relocate End           High               Low         
[2024-02-14T16:50:09.125+0100][info ][gc,heap        ] GC(22)  Capacity:    14530M (95%)       14530M (95%)       14530M (95%)       14594M (95%)       14594M (95%)       14530M (95%)    
[2024-02-14T16:50:09.125+0100][info ][gc,heap        ] GC(22)      Free:     3712M (24%)        2076M (14%)        1770M (12%)        9916M (65%)        9924M (65%)        1706M (11%)    
[2024-02-14T16:50:09.125+0100][info ][gc,heap        ] GC(22)      Used:    11648M (76%)       13284M (86%)       13590M (88%)        5444M (35%)       13654M (89%)        5436M (35%)    
[2024-02-14T16:50:09.125+0100][info ][gc,heap        ] GC(22)      Live:         -              2115M (14%)        2115M (14%)        2115M (14%)            -                  -          
[2024-02-14T16:50:09.125+0100][info ][gc,heap        ] GC(22) Allocated:         -              1636M (11%)        1944M (13%)        3289M (21%)            -                  -          
[2024-02-14T16:50:09.125+0100][info ][gc,heap        ] GC(22)   Garbage:         -              9532M (62%)        9530M (62%)          38M (0%)             -                  -          
[2024-02-14T16:50:09.125+0100][info ][gc,heap        ] GC(22) Reclaimed:         -                  -                 2M (0%)         9493M (62%)            -                  -          
[2024-02-14T16:50:09.125+0100][info ][gc             ] GC(22) Garbage Collection (Allocation Rate) 11648M(76%)->5444M(35%)
[2024-02-14T16:50:09.208+0100][debug][gc,alloc       ] Allocation Rate: 3050,0MB/s, Predicted: 3007,7MB/s, Avg: 3001,2(+/-24,8)MB/s
[2024-02-14T16:50:09.208+0100][debug][gc,director    ] Select GC Workers (Normal), AvoidLongGCWorkers: 0,410, AvoidOOMGCWorkers: 1,332, LastGCWorkers: 2,000, GCWorkers: 1,332
[2024-02-14T16:50:09.208+0100][debug][gc,director    ] Rule: Allocation Rate (Dynamic GC Workers), MaxAllocRate: 3089,3MB/s (+/-0,8%), Free: 9608MB, GCCPUTime: 4,107, GCDuration: 2,056s, TimeUntilOOM: 3,085s, TimeUntilGC: 0,928s, GCWorkers: 2 -> 2
[2024-02-14T16:50:09.208+0100][debug][gc,director    ] Rule: High Usage, Free: 9608MB(62,6%)
[2024-02-14T16:50:09.208+0100][debug][gc,director    ] Rule: Proactive, UsedUntilEnabled: 1270MB, TimeUntilEnabled: 299,917s
[2024-02-14T16:50:09.307+0100][debug][gc,alloc       ] Allocation Rate: 3064,0MB/s, Predicted: 3041,6MB/s, Avg: 3004,2(+/-29,9)MB/s
[2024-02-14T16:50:09.307+0100][debug][gc,director    ] Select GC Workers (Normal), AvoidLongGCWorkers: 0,410, AvoidOOMGCWorkers: 1,402, LastGCWorkers: 2,000, GCWorkers: 1,402
[2024-02-14T16:50:09.307+0100][debug][gc,director    ] Rule: Allocation Rate (Dynamic GC Workers), MaxAllocRate: 3139,9MB/s (+/-1,0%), Free: 9292MB, GCCPUTime: 4,107, GCDuration: 2,056s, TimeUntilOOM: 2,930s, TimeUntilGC: 0,774s, GCWorkers: 2 -> 2
[2024-02-14T16:50:09.307+0100][debug][gc,director    ] Rule: High Usage, Free: 9292MB(60,5%)
[2024-02-14T16:50:09.307+0100][debug][gc,director    ] Rule: Proactive, UsedUntilEnabled: 954MB, TimeUntilEnabled: 299,818s
[2024-02-14T16:50:09.407+0100][debug][gc,alloc       ] Allocation Rate: 3062,0MB/s, Predicted: 3065,2MB/s, Avg: 3009,8(+/-34,6)MB/s
[2024-02-14T16:50:09.407+0100][debug][gc,director    ] Select GC Workers (Normal), AvoidLongGCWorkers: 0,410, AvoidOOMGCWorkers: 1,471, LastGCWorkers: 2,000, GCWorkers: 1,471
[2024-02-14T16:50:09.407+0100][debug][gc,director    ] Rule: Allocation Rate (Dynamic GC Workers), MaxAllocRate: 3178,9MB/s (+/-1,1%), Free: 8982MB, GCCPUTime: 4,107, GCDuration: 2,056s, TimeUntilOOM: 2,793s, TimeUntilGC: 0,637s, GCWorkers: 2 -> 2
[2024-02-14T16:50:09.407+0100][debug][gc,director    ] Rule: High Usage, Free: 8982MB(58,5%)
[2024-02-14T16:50:09.407+0100][debug][gc,director    ] Rule: Proactive, UsedUntilEnabled: 644MB, TimeUntilEnabled: 299,717s
[2024-02-14T16:50:09.507+0100][debug][gc,alloc       ] Allocation Rate: 3048,0MB/s, Predicted: 3074,7MB/s, Avg: 3015,8(+/-35,5)MB/s
[2024-02-14T16:50:09.507+0100][debug][gc,director    ] Select GC Workers (Normal), AvoidLongGCWorkers: 0,410, AvoidOOMGCWorkers: 1,530, LastGCWorkers: 2,000, GCWorkers: 1,530
[2024-02-14T16:50:09.507+0100][debug][gc,director    ] Rule: Allocation Rate (Dynamic GC Workers), MaxAllocRate: 3191,3MB/s (+/-1,2%), Free: 8674MB, GCCPUTime: 4,107, GCDuration: 2,056s, TimeUntilOOM: 2,686s, TimeUntilGC: 0,530s, GCWorkers: 2 -> 2
[2024-02-14T16:50:09.507+0100][debug][gc,director    ] Rule: High Usage, Free: 8674MB(56,5%)
[2024-02-14T16:50:09.507+0100][debug][gc,director    ] Rule: Proactive, UsedUntilEnabled: 336MB, TimeUntilEnabled: 299,617s
[2024-02-14T16:50:09.608+0100][debug][gc,alloc       ] Allocation Rate: 3086,0MB/s, Predicted: 3093,7MB/s, Avg: 3026,2(+/-39,1)MB/s
[2024-02-14T16:50:09.608+0100][debug][gc,director    ] Select GC Workers (Normal), AvoidLongGCWorkers: 0,410, AvoidOOMGCWorkers: 1,607, LastGCWorkers: 2,000, GCWorkers: 1,607
[2024-02-14T16:50:09.608+0100][debug][gc,director    ] Rule: Allocation Rate (Dynamic GC Workers), MaxAllocRate: 3222,3MB/s (+/-1,3%), Free: 8348MB, GCCPUTime: 4,107, GCDuration: 2,056s, TimeUntilOOM: 2,558s, TimeUntilGC: 0,401s, GCWorkers: 2 -> 2
[2024-02-14T16:50:09.608+0100][debug][gc,director    ] Rule: High Usage, Free: 8348MB(54,3%)
[2024-02-14T16:50:09.608+0100][debug][gc,director    ] Rule: Proactive, UsedUntilEnabled: 10MB, TimeUntilEnabled: 299,517s
[2024-02-14T16:50:09.708+0100][debug][gc,alloc       ] Allocation Rate: 3110,0MB/s, Predicted: 3109,1MB/s, Avg: 3041,4(+/-39,2)MB/s
[2024-02-14T16:50:09.708+0100][debug][gc,director    ] Select GC Workers (Normal), AvoidLongGCWorkers: 0,410, AvoidOOMGCWorkers: 1,679, LastGCWorkers: 2,000, GCWorkers: 1,679
[2024-02-14T16:50:09.708+0100][debug][gc,director    ] Rule: Allocation Rate (Dynamic GC Workers), MaxAllocRate: 3237,9MB/s (+/-1,3%), Free: 8030MB, GCCPUTime: 4,107, GCDuration: 2,056s, TimeUntilOOM: 2,448s, TimeUntilGC: 0,292s, GCWorkers: 2 -> 2
[2024-02-14T16:50:09.708+0100][debug][gc,director    ] Rule: High Usage, Free: 8030MB(52,3%)
[2024-02-14T16:50:09.708+0100][debug][gc,director    ] Rule: Proactive, AcceptableGCInterval: 40,470s, TimeSinceLastGC: 0,583s, TimeUntilGC: 39,887s
[2024-02-14T16:50:09.807+0100][debug][gc,alloc       ] Allocation Rate: 3092,0MB/s, Predicted: 3118,3MB/s, Avg: 3050,6(+/-39,2)MB/s
[2024-02-14T16:50:09.807+0100][debug][gc,director    ] Select GC Workers (Normal), AvoidLongGCWorkers: 0,410, AvoidOOMGCWorkers: 1,751, LastGCWorkers: 2,000, GCWorkers: 1,751
[2024-02-14T16:50:09.807+0100][debug][gc,director    ] Rule: Allocation Rate (Dynamic GC Workers), MaxAllocRate: 3247,1MB/s (+/-1,3%), Free: 7720MB, GCCPUTime: 4,107, GCDuration: 2,056s, TimeUntilOOM: 2,347s, TimeUntilGC: 0,191s, GCWorkers: 2 -> 2
[2024-02-14T16:50:09.807+0100][debug][gc,director    ] Rule: High Usage, Free: 7718MB(50,2%)
[2024-02-14T16:50:09.807+0100][debug][gc,director    ] Rule: Proactive, AcceptableGCInterval: 40,470s, TimeSinceLastGC: 0,682s, TimeUntilGC: 39,788s
[2024-02-14T16:50:09.907+0100][debug][gc,alloc       ] Allocation Rate: 3064,0MB/s, Predicted: 3112,8MB/s, Avg: 3056,0(+/-36,8)MB/s
[2024-02-14T16:50:09.907+0100][debug][gc,director    ] Select GC Workers (Normal), AvoidLongGCWorkers: 0,410, AvoidOOMGCWorkers: 1,814, LastGCWorkers: 2,000, GCWorkers: 1,814
[2024-02-14T16:50:09.907+0100][debug][gc,director    ] Rule: Allocation Rate (Dynamic GC Workers), MaxAllocRate: 3234,0MB/s (+/-1,2%), Free: 7418MB, GCCPUTime: 4,107, GCDuration: 2,056s, TimeUntilOOM: 2,266s, TimeUntilGC: 0,110s, GCWorkers: 2 -> 2
[2024-02-14T16:50:09.907+0100][debug][gc,director    ] Rule: High Usage, Free: 7418MB(48,3%)
[2024-02-14T16:50:09.907+0100][debug][gc,director    ] Rule: Proactive, AcceptableGCInterval: 40,470s, TimeSinceLastGC: 0,783s, TimeUntilGC: 39,688s
[2024-02-14T16:50:10.007+0100][debug][gc,alloc       ] Allocation Rate: 3076,0MB/s, Predicted: 3103,2MB/s, Avg: 3064,6(+/-29,8)MB/s
[2024-02-14T16:50:10.008+0100][debug][gc,director    ] Select GC Workers (Normal), AvoidLongGCWorkers: 0,410, AvoidOOMGCWorkers: 1,873, LastGCWorkers: 2,000, GCWorkers: 1,873
[2024-02-14T16:50:10.008+0100][debug][gc,director    ] Rule: Allocation Rate (Dynamic GC Workers), MaxAllocRate: 3201,3MB/s (+/-1,0%), Free: 7098MB, GCCPUTime: 4,107, GCDuration: 2,056s, TimeUntilOOM: 2,196s, TimeUntilGC: 0,040s, GCWorkers: 2 -> 2
[2024-02-14T16:50:10.008+0100][debug][gc,director    ] Rule: High Usage, Free: 7098MB(46,2%)
[2024-02-14T16:50:10.008+0100][debug][gc,director    ] Rule: Proactive, AcceptableGCInterval: 40,470s, TimeSinceLastGC: 0,883s, TimeUntilGC: 39,588s
[2024-02-14T16:50:10.108+0100][debug][gc,alloc       ] Allocation Rate: 3130,0MB/s, Predicted: 3110,5MB/s, Avg: 3078,2(+/-25,1)MB/s
[2024-02-14T16:50:10.108+0100][debug][gc,director    ] Select GC Workers (Normal), AvoidLongGCWorkers: 0,410, AvoidOOMGCWorkers: 1,950, LastGCWorkers: 2,000, GCWorkers: 1,950
[2024-02-14T16:50:10.108+0100][debug][gc,director    ] Rule: Allocation Rate (Dynamic GC Workers), MaxAllocRate: 3193,3MB/s (+/-0,8%), Free: 6790MB, GCCPUTime: 4,107, GCDuration: 2,056s, TimeUntilOOM: 2,109s, TimeUntilGC: -0,047s, GCWorkers: 2 -> 2
[2024-02-14T16:50:10.108+0100][debug][gc,heap        ] GC(23) Heap before GC invocations=23 (full 23):
[2024-02-14T16:50:10.108+0100][debug][gc,heap        ] GC(23)  ZHeap           used 8528M, capacity 14594M, max capacity 15360M
[2024-02-14T16:50:10.108+0100][debug][gc,heap        ] GC(23)  Metaspace       used 32036K, committed 32448K, reserved 1114112K
[2024-02-14T16:50:10.108+0100][debug][gc,heap        ] GC(23)   class space    used 3379K, committed 3584K, reserved 1048576K
[2024-02-14T16:50:10.108+0100][info ][gc,start       ] GC(23) Garbage Collection (Allocation Rate)
[2024-02-14T16:50:10.108+0100][info ][gc,task        ] GC(23) Using 2 workers
[2024-02-14T16:50:10.108+0100][debug][gc,phases,start] GC(23) Pause Mark Start
[2024-02-14T16:50:10.108+0100][debug][gc,marking     ] GC(23) Using 2 mark stripes
[2024-02-14T16:50:10.108+0100][debug][gc,marking     ] GC(23) Mark Worker/Stripe Distribution
[2024-02-14T16:50:10.108+0100][debug][gc,marking     ] GC(23)   Worker 0(2) -> Stripe 0(2)
[2024-02-14T16:50:10.108+0100][debug][gc,marking     ] GC(23)   Worker 1(2) -> Stripe 1(2)
[2024-02-14T16:50:10.108+0100][info ][gc,phases      ] GC(23) Pause Mark Start 0,048ms
[2024-02-14T16:50:10.108+0100][debug][gc,phases,start] GC(23) Concurrent Mark
[2024-02-14T16:50:10.108+0100][debug][gc,task        ] GC(23) Executing Task: XMarkRootsTask, Active Workers: 2
[2024-02-14T16:50:10.109+0100][debug][gc,tlab        ] GC(23) TLAB totals: thrds: 9  refills: 25307 max: 25294 slow allocs: 1 max 1 waste:  1,0% gc: 1691224B max: 261096B slow: 62988560B max: 62978664B
[2024-02-14T16:50:10.109+0100][debug][gc,task        ] GC(23) Executing Task: XMarkTask, Active Workers: 2
[2024-02-14T16:50:10.208+0100][debug][gc,alloc       ] Allocation Rate: 3030,0MB/s, Predicted: 3083,7MB/s, Avg: 3076,2(+/-27,9)MB/s
[2024-02-14T16:50:10.307+0100][debug][gc,alloc       ] Allocation Rate: 2978,0MB/s, Predicted: 3041,2MB/s, Avg: 3067,6(+/-40,7)MB/s
[2024-02-14T16:50:10.407+0100][debug][gc,alloc       ] Allocation Rate: 2922,0MB/s, Predicted: 2981,5MB/s, Avg: 3053,6(+/-59,8)MB/s
[2024-02-14T16:50:10.507+0100][debug][gc,alloc       ] Allocation Rate: 2870,0MB/s, Predicted: 2906,5MB/s, Avg: 3035,8(+/-81,4)MB/s
[2024-02-14T16:50:10.608+0100][debug][gc,alloc       ] Allocation Rate: 2816,0MB/s, Predicted: 2832,0MB/s, Avg: 3008,8(+/-102,4)MB/s
[2024-02-14T16:50:10.708+0100][debug][gc,alloc       ] Allocation Rate: 2814,0MB/s, Predicted: 2781,1MB/s, Avg: 2979,2(+/-111,2)MB/s
[2024-02-14T16:50:10.808+0100][debug][gc,alloc       ] Allocation Rate: 2826,0MB/s, Predicted: 2749,9MB/s, Avg: 2952,6(+/-112,9)MB/s
[2024-02-14T16:50:10.907+0100][debug][gc,alloc       ] Allocation Rate: 2836,0MB/s, Predicted: 2732,9MB/s, Avg: 2929,8(+/-111,1)MB/s
[2024-02-14T16:50:10.947+0100][info ][gc,phases      ] GC(23) Concurrent Mark 838,424ms
[2024-02-14T16:50:10.947+0100][debug][gc,phases,start] GC(23) Pause Mark End
[2024-02-14T16:50:10.947+0100][info ][gc,phases      ] GC(23) Pause Mark End 0,028ms
[2024-02-14T16:50:10.947+0100][debug][gc,phases,start] GC(23) Concurrent Mark Free
[2024-02-14T16:50:10.947+0100][info ][gc,phases      ] GC(23) Concurrent Mark Free 0,006ms
[2024-02-14T16:50:10.947+0100][debug][gc,phases,start] GC(23) Concurrent Process Non-Strong References
[2024-02-14T16:50:10.947+0100][debug][gc,phases,start] GC(23) Concurrent References Process
[2024-02-14T16:50:10.947+0100][debug][gc,task        ] GC(23) Executing Task: XReferenceProcessorTask, Active Workers: 2
[2024-02-14T16:50:10.950+0100][debug][gc,phases      ] GC(23) Concurrent References Process 3,494ms
[2024-02-14T16:50:10.950+0100][debug][gc,task        ] GC(23) Executing Task: XProcessWeakRootsTask, Active Workers: 2
[2024-02-14T16:50:10.951+0100][debug][gc,phases,start] GC(23) Concurrent Classes Unlink
[2024-02-14T16:50:10.951+0100][debug][gc,phases,start] GC(23) ClassLoaderData
[2024-02-14T16:50:10.951+0100][debug][gc,phases      ] GC(23) ClassLoaderData 0,035ms
[2024-02-14T16:50:10.951+0100][debug][gc,phases,start] GC(23) Trigger cleanups
[2024-02-14T16:50:10.951+0100][debug][gc,phases      ] GC(23) Trigger cleanups 0,005ms
[2024-02-14T16:50:10.951+0100][debug][gc,task        ] GC(23) Executing Task: XNMethodUnlinkTask, Active Workers: 2
[2024-02-14T16:50:10.954+0100][debug][gc,phases      ] GC(23) Concurrent Classes Unlink 2,706ms
[2024-02-14T16:50:10.954+0100][debug][gc,phases,start] GC(23) Concurrent Classes Purge
[2024-02-14T16:50:10.954+0100][debug][gc,nmethod     ] GC(23) Unregister NMethod: com.github.benmanes.caffeine.cache.BoundedBuffer$RingBuffer.drainTo (0x00007f9f0c0cab10)
[2024-02-14T16:50:10.954+0100][debug][gc,nmethod     ] GC(23) Unregister NMethod: com.github.benmanes.caffeine.cache.BBHeader$ReadAndWriteCounterRef.writeCounterOpaque (0x00007f9f0beeb490)
[2024-02-14T16:50:10.954+0100][debug][gc,nmethod     ] GC(23) Unregister NMethod: java.util.concurrent.ForkJoinPool.awaitWork (0x00007f9f2b7bab90)
[2024-02-14T16:50:10.954+0100][debug][gc,nmethod     ] GC(23) Unregister NMethod: com.github.benmanes.caffeine.cache.BoundedLocalCache.evictEntries (0x00007f9f0c09bf90)
[2024-02-14T16:50:10.954+0100][debug][gc,nmethod     ] GC(23) Unregister NMethod: com.github.benmanes.caffeine.cache.BoundedBuffer$RingBuffer.drainTo (0x00007f9f2b459b90)
[2024-02-14T16:50:10.954+0100][debug][gc,nmethod     ] GC(23) Unregister NMethod: com.github.benmanes.caffeine.cache.BoundedLocalCache.expireEntries (0x00007f9f2b805190)
[2024-02-14T16:50:10.954+0100][debug][gc,nmethod     ] GC(23) Unregister NMethod: com.github.benmanes.caffeine.cache.BoundedLocalCache.expireAfterAccessEntries (0x00007f9f2b804890)
[2024-02-14T16:50:10.954+0100][debug][gc,nmethod     ] GC(23) Unregister NMethod: com.github.benmanes.caffeine.cache.BoundedLocalCache.expireEntries (0x00007f9f0c01a610)
[2024-02-14T16:50:10.954+0100][debug][gc,nmethod     ] GC(23) Unregister NMethod: com.github.benmanes.caffeine.cache.BoundedLocalCache.expireAfterAccessEntries (0x00007f9f0c1da090)
[2024-02-14T16:50:10.954+0100][debug][gc,nmethod     ] GC(23) Unregister NMethod: com.github.benmanes.caffeine.cache.BoundedLocalCache.getExpirationDelay (0x00007f9f0c06e190)
[2024-02-14T16:50:10.954+0100][debug][gc,phases      ] GC(23) Concurrent Classes Purge 0,112ms
[2024-02-14T16:50:10.954+0100][debug][gc,phases,start] GC(23) Concurrent References Enqueue
[2024-02-14T16:50:10.954+0100][debug][gc,phases      ] GC(23) Concurrent References Enqueue 0,007ms
[2024-02-14T16:50:10.954+0100][info ][gc,phases      ] GC(23) Concurrent Process Non-Strong References 7,120ms
[2024-02-14T16:50:10.954+0100][debug][gc,phases,start] GC(23) Concurrent Reset Relocation Set
[2024-02-14T16:50:10.954+0100][info ][gc,phases      ] GC(23) Concurrent Reset Relocation Set 0,235ms
[2024-02-14T16:50:10.954+0100][debug][gc,phases,start] GC(23) Concurrent Select Relocation Set
[2024-02-14T16:50:10.962+0100][debug][gc,task        ] GC(23) Executing Task: XRelocationSetInstallTask, Active Workers: 2
[2024-02-14T16:50:10.987+0100][info ][gc,phases      ] GC(23) Concurrent Select Relocation Set 32,830ms
[2024-02-14T16:50:10.987+0100][debug][gc,phases,start] GC(23) Pause Relocate Start
[2024-02-14T16:50:10.987+0100][info ][gc,phases      ] GC(23) Pause Relocate Start 0,032ms
[2024-02-14T16:50:10.987+0100][debug][gc,phases,start] GC(23) Concurrent Relocate
[2024-02-14T16:50:10.987+0100][debug][gc,task        ] GC(23) Executing Task: XRelocateTask, Active Workers: 2
[2024-02-14T16:50:11.007+0100][debug][gc,alloc       ] Allocation Rate: 2788,0MB/s, Predicted: 2715,2MB/s, Avg: 2901,0(+/-106,7)MB/s
[2024-02-14T16:50:11.107+0100][debug][gc,alloc       ] Allocation Rate: 2770,0MB/s, Predicted: 2723,9MB/s, Avg: 2865,0(+/-81,0)MB/s
[2024-02-14T16:50:11.207+0100][debug][gc,alloc       ] Allocation Rate: 2828,0MB/s, Predicted: 2753,1MB/s, Avg: 2844,8(+/-59,7)MB/s
[2024-02-14T16:50:11.308+0100][debug][gc,alloc       ] Allocation Rate: 2814,0MB/s, Predicted: 2776,3MB/s, Avg: 2828,4(+/-40,2)MB/s
[2024-02-14T16:50:11.328+0100][info ][gc,phases      ] GC(23) Concurrent Relocate 340,252ms
[2024-02-14T16:50:11.328+0100][debug][gc,heap        ] GC(23) Heap after GC invocations=24 (full 24):
[2024-02-14T16:50:11.328+0100][debug][gc,heap        ] GC(23)  ZHeap           used 6352M, capacity 14594M, max capacity 15360M
[2024-02-14T16:50:11.328+0100][debug][gc,heap        ] GC(23)  Metaspace       used 32036K, committed 32448K, reserved 1114112K
[2024-02-14T16:50:11.328+0100][debug][gc,heap        ] GC(23)   class space    used 3379K, committed 3584K, reserved 1048576K
[2024-02-14T16:50:11.328+0100][info ][gc,load        ] GC(23) Load: 3,44/1,78/1,71
[2024-02-14T16:50:11.328+0100][info ][gc,mmu         ] GC(23) MMU: 2ms/92,8%, 5ms/97,1%, 10ms/98,6%, 20ms/99,1%, 50ms/99,6%, 100ms/99,8%
[2024-02-14T16:50:11.328+0100][info ][gc,marking     ] GC(23) Mark: 2 stripe(s), 2 proactive flush(es), 1 terminate flush(es), 0 completion(s), 0 continuation(s) 
[2024-02-14T16:50:11.328+0100][info ][gc,marking     ] GC(23) Mark Stack Usage: 32M
[2024-02-14T16:50:11.328+0100][info ][gc,nmethod     ] GC(23) NMethods: 4246 registered, 1434 unregistered
[2024-02-14T16:50:11.328+0100][info ][gc,metaspace   ] GC(23) Metaspace: 31M used, 31M committed, 1088M reserved
[2024-02-14T16:50:11.328+0100][info ][gc,ref         ] GC(23) Soft: 3896 encountered, 0 discovered, 0 enqueued
[2024-02-14T16:50:11.328+0100][info ][gc,ref         ] GC(23) Weak: 2055 encountered, 161 discovered, 0 enqueued
[2024-02-14T16:50:11.328+0100][info ][gc,ref         ] GC(23) Final: 12397 encountered, 12397 discovered, 12397 enqueued
[2024-02-14T16:50:11.328+0100][info ][gc,ref         ] GC(23) Phantom: 12798 encountered, 12791 discovered, 12403 enqueued
[2024-02-14T16:50:11.328+0100][info ][gc,reloc       ] GC(23) Small Pages: 4233 / 8466M, Empty: 2M, Relocated: 1231M, In-Place: 0
[2024-02-14T16:50:11.328+0100][info ][gc,reloc       ] GC(23) Medium Pages: 2 / 64M, Empty: 32M, Relocated: 0M, In-Place: 0
[2024-02-14T16:50:11.328+0100][info ][gc,reloc       ] GC(23) Large Pages: 0 / 0M, Empty: 0M, Relocated: 0M, In-Place: 0
[2024-02-14T16:50:11.328+0100][info ][gc,reloc       ] GC(23) Forwarding Usage: 507M
[2024-02-14T16:50:11.328+0100][info ][gc,heap        ] GC(23) Min Capacity: 5120M(33%)
[2024-02-14T16:50:11.328+0100][info ][gc,heap        ] GC(23) Max Capacity: 15360M(100%)
[2024-02-14T16:50:11.328+0100][info ][gc,heap        ] GC(23) Soft Max Capacity: 15360M(100%)
[2024-02-14T16:50:11.328+0100][info ][gc,heap        ] GC(23)                Mark Start          Mark End        Relocate Start      Relocate End           High               Low         
[2024-02-14T16:50:11.328+0100][info ][gc,heap        ] GC(23)  Capacity:    14594M (95%)       14594M (95%)       14594M (95%)       14594M (95%)       14594M (95%)       14594M (95%)    
[2024-02-14T16:50:11.328+0100][info ][gc,heap        ] GC(23)      Free:     6830M (44%)        4514M (29%)        4444M (29%)        9008M (59%)        9022M (59%)        4442M (29%)    
[2024-02-14T16:50:11.328+0100][info ][gc,heap        ] GC(23)      Used:     8530M (56%)       10846M (71%)       10916M (71%)        6352M (41%)       10918M (71%)        6338M (41%)    
[2024-02-14T16:50:11.328+0100][info ][gc,heap        ] GC(23)      Live:         -              2957M (19%)        2957M (19%)        2957M (19%)            -                  -          
[2024-02-14T16:50:11.328+0100][info ][gc,heap        ] GC(23) Allocated:         -              2316M (15%)        2420M (16%)        3333M (22%)            -                  -          
[2024-02-14T16:50:11.328+0100][info ][gc,heap        ] GC(23)   Garbage:         -              5572M (36%)        5538M (36%)          60M (0%)             -                  -          
[2024-02-14T16:50:11.328+0100][info ][gc,heap        ] GC(23) Reclaimed:         -                  -                34M (0%)         5511M (36%)            -                  -          
[2024-02-14T16:50:11.328+0100][info ][gc             ] GC(23) Garbage Collection (Allocation Rate) 8530M(56%)->6352M(41%)
[2024-02-14T16:50:11.408+0100][debug][gc,alloc       ] Allocation Rate: 2844,0MB/s, Predicted: 2807,5MB/s, Avg: 2820,6(+/-26,5)MB/s
[2024-02-14T16:50:11.408+0100][debug][gc,director    ] Select GC Workers (Normal), AvoidLongGCWorkers: 0,382, AvoidOOMGCWorkers: 1,290, LastGCWorkers: 2,000, GCWorkers: 1,290
[2024-02-14T16:50:11.408+0100][debug][gc,director    ] Rule: Allocation Rate (Dynamic GC Workers), MaxAllocRate: 2907,9MB/s (+/-0,9%), Free: 8728MB, GCCPUTime: 3,831, GCDuration: 1,924s, TimeUntilOOM: 2,973s, TimeUntilGC: 0,949s, GCWorkers: 2 -> 2
[2024-02-14T16:50:11.408+0100][debug][gc,director    ] Rule: High Usage, Free: 8728MB(56,8%)
[2024-02-14T16:50:11.408+0100][debug][gc,director    ] Rule: Proactive, UsedUntilEnabled: 1298MB, TimeUntilEnabled: 299,920s
[2024-02-14T16:50:11.508+0100][debug][gc,alloc       ] Allocation Rate: 2920,0MB/s, Predicted: 2860,4MB/s, Avg: 2825,6(+/-37,7)MB/s
[2024-02-14T16:50:11.508+0100][debug][gc,director    ] Select GC Workers (Normal), AvoidLongGCWorkers: 0,382, AvoidOOMGCWorkers: 1,382, LastGCWorkers: 2,000, GCWorkers: 1,382
[2024-02-14T16:50:11.508+0100][debug][gc,director    ] Rule: Allocation Rate (Dynamic GC Workers), MaxAllocRate: 2984,5MB/s (+/-1,3%), Free: 8396MB, GCCPUTime: 3,831, GCDuration: 1,924s, TimeUntilOOM: 2,776s, TimeUntilGC: 0,752s, GCWorkers: 2 -> 2
[2024-02-14T16:50:11.508+0100][debug][gc,director    ] Rule: High Usage, Free: 8396MB(54,7%)
[2024-02-14T16:50:11.508+0100][debug][gc,director    ] Rule: Proactive, UsedUntilEnabled: 966MB, TimeUntilEnabled: 299,820s
[2024-02-14T16:50:11.607+0100][debug][gc,alloc       ] Allocation Rate: 2976,0MB/s, Predicted: 2918,0MB/s, Avg: 2841,6(+/-58,5)MB/s
[2024-02-14T16:50:11.607+0100][debug][gc,director    ] Select GC Workers (Normal), AvoidLongGCWorkers: 0,382, AvoidOOMGCWorkers: 1,511, LastGCWorkers: 2,000, GCWorkers: 1,511
[2024-02-14T16:50:11.607+0100][debug][gc,director    ] Rule: Allocation Rate (Dynamic GC Workers), MaxAllocRate: 3110,4MB/s (+/-2,1%), Free: 8070MB, GCCPUTime: 3,831, GCDuration: 1,924s, TimeUntilOOM: 2,542s, TimeUntilGC: 0,518s, GCWorkers: 2 -> 2
[2024-02-14T16:50:11.607+0100][debug][gc,director    ] Rule: High Usage, Free: 8070MB(52,5%)
[2024-02-14T16:50:11.607+0100][debug][gc,director    ] Rule: Proactive, UsedUntilEnabled: 640MB, TimeUntilEnabled: 299,720s
[2024-02-14T16:50:11.707+0100][debug][gc,alloc       ] Allocation Rate: 2996,0MB/s, Predicted: 2972,4MB/s, Avg: 2859,8(+/-73,5)MB/s
[2024-02-14T16:50:11.707+0100][debug][gc,director    ] Select GC Workers (Normal), AvoidLongGCWorkers: 0,382, AvoidOOMGCWorkers: 1,638, LastGCWorkers: 2,000, GCWorkers: 1,638
[2024-02-14T16:50:11.707+0100][debug][gc,director    ] Rule: Allocation Rate (Dynamic GC Workers), MaxAllocRate: 3214,1MB/s (+/-2,6%), Free: 7732MB, GCCPUTime: 3,831, GCDuration: 1,924s, TimeUntilOOM: 2,345s, TimeUntilGC: 0,321s, GCWorkers: 2 -> 2
[2024-02-14T16:50:11.707+0100][debug][gc,director    ] Rule: High Usage, Free: 7732MB(50,3%)
[2024-02-14T16:50:11.707+0100][debug][gc,director    ] Rule: Proactive, UsedUntilEnabled: 302MB, TimeUntilEnabled: 299,620s
[2024-02-14T16:50:11.807+0100][debug][gc,alloc       ] Allocation Rate: 3020,0MB/s, Predicted: 3027,5MB/s, Avg: 2879,2(+/-86,4)MB/s
[2024-02-14T16:50:11.807+0100][debug][gc,director    ] Select GC Workers (Normal), AvoidLongGCWorkers: 0,382, AvoidOOMGCWorkers: 1,776, LastGCWorkers: 2,000, GCWorkers: 1,776
[2024-02-14T16:50:11.807+0100][debug][gc,director    ] Rule: Allocation Rate (Dynamic GC Workers), MaxAllocRate: 3311,9MB/s (+/-3,0%), Free: 7386MB, GCCPUTime: 3,831, GCDuration: 1,924s, TimeUntilOOM: 2,165s, TimeUntilGC: 0,141s, GCWorkers: 2 -> 2
[2024-02-14T16:50:11.807+0100][debug][gc,director    ] Rule: High Usage, Free: 7386MB(48,1%)
[2024-02-14T16:50:11.807+0100][debug][gc,director    ] Rule: Proactive, AcceptableGCInterval: 38,206s, TimeSinceLastGC: 0,480s, TimeUntilGC: 37,726s
[2024-02-14T16:50:11.908+0100][debug][gc,alloc       ] Allocation Rate: 3052,0MB/s, Predicted: 3085,1MB/s, Avg: 2900,8(+/-99,0)MB/s
[2024-02-14T16:50:11.908+0100][debug][gc,director    ] Select GC Workers (Normal), AvoidLongGCWorkers: 0,382, AvoidOOMGCWorkers: 1,927, LastGCWorkers: 2,000, GCWorkers: 1,927
[2024-02-14T16:50:11.908+0100][debug][gc,director    ] Rule: Allocation Rate (Dynamic GC Workers), MaxAllocRate: 3410,9MB/s (+/-3,4%), Free: 7042MB, GCCPUTime: 3,831, GCDuration: 1,924s, TimeUntilOOM: 1,996s, TimeUntilGC: -0,028s, GCWorkers: 2 -> 2
[2024-02-14T16:50:11.908+0100][debug][gc,heap        ] GC(24) Heap before GC invocations=24 (full 24):
[2024-02-14T16:50:11.908+0100][debug][gc,heap        ] GC(24)  ZHeap           used 8276M, capacity 14594M, max capacity 15360M
[2024-02-14T16:50:11.908+0100][debug][gc,heap        ] GC(24)  Metaspace       used 32036K, committed 32448K, reserved 1114112K
[2024-02-14T16:50:11.908+0100][debug][gc,heap        ] GC(24)   class space    used 3379K, committed 3584K, reserved 1048576K
[2024-02-14T16:50:11.908+0100][info ][gc,start       ] GC(24) Garbage Collection (Allocation Rate)
[2024-02-14T16:50:11.908+0100][info ][gc,task        ] GC(24) Using 2 workers
[2024-02-14T16:50:11.908+0100][debug][gc,phases,start] GC(24) Pause Mark Start
[2024-02-14T16:50:11.908+0100][debug][gc,marking     ] GC(24) Using 2 mark stripes
[2024-02-14T16:50:11.908+0100][debug][gc,marking     ] GC(24) Mark Worker/Stripe Distribution
[2024-02-14T16:50:11.908+0100][debug][gc,marking     ] GC(24)   Worker 0(2) -> Stripe 0(2)
[2024-02-14T16:50:11.908+0100][debug][gc,marking     ] GC(24)   Worker 1(2) -> Stripe 1(2)
[2024-02-14T16:50:11.908+0100][info ][gc,phases      ] GC(24) Pause Mark Start 0,043ms
[2024-02-14T16:50:11.908+0100][debug][gc,phases,start] GC(24) Concurrent Mark
[2024-02-14T16:50:11.908+0100][debug][gc,task        ] GC(24) Executing Task: XMarkRootsTask, Active Workers: 2
[2024-02-14T16:50:11.908+0100][debug][gc,tlab        ] GC(24) TLAB totals: thrds: 9  refills: 20838 max: 20827 slow allocs: 3 max 3 waste:  1,0% gc: 1147208B max: 262008B slow: 51546616B max: 51539280B
[2024-02-14T16:50:11.908+0100][debug][gc,task        ] GC(24) Executing Task: XMarkTask, Active Workers: 2
[2024-02-14T16:50:12.008+0100][debug][gc,alloc       ] Allocation Rate: 3058,0MB/s, Predicted: 3117,9MB/s, Avg: 2927,8(+/-101,4)MB/s
[2024-02-14T16:50:12.108+0100][debug][gc,alloc       ] Allocation Rate: 3068,0MB/s, Predicted: 3131,9MB/s, Avg: 2957,6(+/-94,1)MB/s
[2024-02-14T16:50:12.208+0100][debug][gc,alloc       ] Allocation Rate: 3084,0MB/s, Predicted: 3147,9MB/s, Avg: 2983,2(+/-90,1)MB/s
[2024-02-14T16:50:12.307+0100][debug][gc,alloc       ] Allocation Rate: 3120,0MB/s, Predicted: 3157,5MB/s, Avg: 3013,8(+/-78,7)MB/s
[2024-02-14T16:50:12.407+0100][debug][gc,alloc       ] Allocation Rate: 3118,0MB/s, Predicted: 3153,9MB/s, Avg: 3041,2(+/-60,4)MB/s
[2024-02-14T16:50:12.507+0100][debug][gc,alloc       ] Allocation Rate: 3070,0MB/s, Predicted: 3133,1MB/s, Avg: 3056,2(+/-45,1)MB/s
[2024-02-14T16:50:12.607+0100][debug][gc,alloc       ] Allocation Rate: 3024,0MB/s, Predicted: 3098,8MB/s, Avg: 3061,0(+/-38,4)MB/s
[2024-02-14T16:50:12.708+0100][debug][gc,alloc       ] Allocation Rate: 2964,0MB/s, Predicted: 3042,7MB/s, Avg: 3057,8(+/-44,5)MB/s
[2024-02-14T16:50:12.808+0100][debug][gc,alloc       ] Allocation Rate: 2860,0MB/s, Predicted: 2953,5MB/s, Avg: 3041,8(+/-74,1)MB/s
[2024-02-14T16:50:12.813+0100][info ][gc,phases      ] GC(24) Concurrent Mark 905,490ms
[2024-02-14T16:50:12.813+0100][debug][gc,phases,start] GC(24) Pause Mark End
[2024-02-14T16:50:12.813+0100][info ][gc,phases      ] GC(24) Pause Mark End 0,025ms
[2024-02-14T16:50:12.813+0100][debug][gc,phases,start] GC(24) Concurrent Mark Free
[2024-02-14T16:50:12.813+0100][info ][gc,phases      ] GC(24) Concurrent Mark Free 0,020ms
[2024-02-14T16:50:12.813+0100][debug][gc,phases,start] GC(24) Concurrent Process Non-Strong References
[2024-02-14T16:50:12.814+0100][debug][gc,phases,start] GC(24) Concurrent References Process
[2024-02-14T16:50:12.814+0100][debug][gc,task        ] GC(24) Executing Task: XReferenceProcessorTask, Active Workers: 2
[2024-02-14T16:50:12.817+0100][debug][gc,phases      ] GC(24) Concurrent References Process 3,862ms
[2024-02-14T16:50:12.817+0100][debug][gc,task        ] GC(24) Executing Task: XProcessWeakRootsTask, Active Workers: 2
[2024-02-14T16:50:12.818+0100][debug][gc,phases,start] GC(24) Concurrent Classes Unlink
[2024-02-14T16:50:12.818+0100][debug][gc,phases,start] GC(24) ClassLoaderData
[2024-02-14T16:50:12.818+0100][debug][gc,phases      ] GC(24) ClassLoaderData 0,032ms
[2024-02-14T16:50:12.818+0100][debug][gc,phases,start] GC(24) Trigger cleanups
[2024-02-14T16:50:12.818+0100][debug][gc,phases      ] GC(24) Trigger cleanups 0,005ms
[2024-02-14T16:50:12.818+0100][debug][gc,task        ] GC(24) Executing Task: XNMethodUnlinkTask, Active Workers: 2
[2024-02-14T16:50:12.820+0100][debug][gc,phases      ] GC(24) Concurrent Classes Unlink 2,156ms
[2024-02-14T16:50:12.820+0100][debug][gc,phases,start] GC(24) Concurrent Classes Purge
[2024-02-14T16:50:12.820+0100][debug][gc,nmethod     ] GC(24) Unregister NMethod: io.sirix.service.json.shredder.JsonShredderTest.testChicagoDescendantAxis (0x00007f9f2b7a5090)
[2024-02-14T16:50:12.820+0100][debug][gc,nmethod     ] GC(24) Unregister NMethod: io.sirix.service.json.shredder.JsonShredderTest.testChicagoDescendantAxis (0x00007f9f0c1e0590)
[2024-02-14T16:50:12.820+0100][debug][gc,nmethod     ] GC(24) Unregister NMethod: com.github.benmanes.caffeine.cache.BoundedLocalCache$$Lambda/0x000000008038e6a8.run (0x00007f9f2b3ef610)
[2024-02-14T16:50:12.820+0100][debug][gc,phases      ] GC(24) Concurrent Classes Purge 0,044ms
[2024-02-14T16:50:12.820+0100][debug][gc,phases,start] GC(24) Concurrent References Enqueue
[2024-02-14T16:50:12.820+0100][debug][gc,phases      ] GC(24) Concurrent References Enqueue 0,006ms
[2024-02-14T16:50:12.820+0100][info ][gc,phases      ] GC(24) Concurrent Process Non-Strong References 6,595ms
[2024-02-14T16:50:12.820+0100][debug][gc,phases,start] GC(24) Concurrent Reset Relocation Set
[2024-02-14T16:50:12.820+0100][info ][gc,phases      ] GC(24) Concurrent Reset Relocation Set 0,134ms
[2024-02-14T16:50:12.820+0100][debug][gc,phases,start] GC(24) Concurrent Select Relocation Set
[2024-02-14T16:50:12.823+0100][debug][gc,task        ] GC(24) Executing Task: XRelocationSetInstallTask, Active Workers: 2
[2024-02-14T16:50:12.844+0100][info ][gc,phases      ] GC(24) Concurrent Select Relocation Set 23,907ms
[2024-02-14T16:50:12.844+0100][debug][gc,phases,start] GC(24) Pause Relocate Start
[2024-02-14T16:50:12.844+0100][info ][gc,phases      ] GC(24) Pause Relocate Start 0,022ms
[2024-02-14T16:50:12.844+0100][debug][gc,phases,start] GC(24) Concurrent Relocate
[2024-02-14T16:50:12.844+0100][debug][gc,task        ] GC(24) Executing Task: XRelocateTask, Active Workers: 2
[2024-02-14T16:50:12.908+0100][debug][gc,alloc       ] Allocation Rate: 2788,0MB/s, Predicted: 2854,7MB/s, Avg: 3015,4(+/-106,0)MB/s
[2024-02-14T16:50:13.007+0100][debug][gc,alloc       ] Allocation Rate: 2810,0MB/s, Predicted: 2783,9MB/s, Avg: 2990,6(+/-121,1)MB/s
[2024-02-14T16:50:13.107+0100][debug][gc,alloc       ] Allocation Rate: 2760,0MB/s, Predicted: 2712,3MB/s, Avg: 2959,8(+/-135,7)MB/s
[2024-02-14T16:50:13.123+0100][info ][gc,phases      ] GC(24) Concurrent Relocate 278,955ms
[2024-02-14T16:50:13.123+0100][debug][gc,heap        ] GC(24) Heap after GC invocations=25 (full 25):
[2024-02-14T16:50:13.123+0100][debug][gc,heap        ] GC(24)  ZHeap           used 7114M, capacity 14594M, max capacity 15360M
[2024-02-14T16:50:13.123+0100][debug][gc,heap        ] GC(24)  Metaspace       used 32037K, committed 32448K, reserved 1114112K
[2024-02-14T16:50:13.123+0100][debug][gc,heap        ] GC(24)   class space    used 3379K, committed 3584K, reserved 1048576K
[2024-02-14T16:50:13.123+0100][info ][gc,load        ] GC(24) Load: 3,40/1,80/1,72
[2024-02-14T16:50:13.123+0100][info ][gc,mmu         ] GC(24) MMU: 2ms/92,8%, 5ms/97,1%, 10ms/98,6%, 20ms/99,1%, 50ms/99,6%, 100ms/99,8%
[2024-02-14T16:50:13.123+0100][info ][gc,marking     ] GC(24) Mark: 2 stripe(s), 2 proactive flush(es), 1 terminate flush(es), 0 completion(s), 0 continuation(s) 
[2024-02-14T16:50:13.123+0100][info ][gc,marking     ] GC(24) Mark Stack Usage: 32M
[2024-02-14T16:50:13.123+0100][info ][gc,nmethod     ] GC(24) NMethods: 4254 registered, 1437 unregistered
[2024-02-14T16:50:13.123+0100][info ][gc,metaspace   ] GC(24) Metaspace: 31M used, 31M committed, 1088M reserved
[2024-02-14T16:50:13.123+0100][info ][gc,ref         ] GC(24) Soft: 3896 encountered, 0 discovered, 0 enqueued
[2024-02-14T16:50:13.123+0100][info ][gc,ref         ] GC(24) Weak: 2055 encountered, 365 discovered, 0 enqueued
[2024-02-14T16:50:13.123+0100][info ][gc,ref         ] GC(24) Final: 10181 encountered, 10181 discovered, 10181 enqueued
[2024-02-14T16:50:13.123+0100][info ][gc,ref         ] GC(24) Phantom: 10581 encountered, 10575 discovered, 10186 enqueued
[2024-02-14T16:50:13.124+0100][info ][gc,reloc       ] GC(24) Small Pages: 4106 / 8212M, Empty: 0M, Relocated: 1088M, In-Place: 0
[2024-02-14T16:50:13.124+0100][info ][gc,reloc       ] GC(24) Medium Pages: 2 / 64M, Empty: 0M, Relocated: 4M, In-Place: 0
[2024-02-14T16:50:13.124+0100][info ][gc,reloc       ] GC(24) Large Pages: 0 / 0M, Empty: 0M, Relocated: 0M, In-Place: 0
[2024-02-14T16:50:13.124+0100][info ][gc,reloc       ] GC(24) Forwarding Usage: 446M
[2024-02-14T16:50:13.124+0100][info ][gc,heap        ] GC(24) Min Capacity: 5120M(33%)
[2024-02-14T16:50:13.124+0100][info ][gc,heap        ] GC(24) Max Capacity: 15360M(100%)
[2024-02-14T16:50:13.124+0100][info ][gc,heap        ] GC(24) Soft Max Capacity: 15360M(100%)
[2024-02-14T16:50:13.124+0100][info ][gc,heap        ] GC(24)                Mark Start          Mark End        Relocate Start      Relocate End           High               Low         
[2024-02-14T16:50:13.124+0100][info ][gc,heap        ] GC(24)  Capacity:    14594M (95%)       14594M (95%)       14594M (95%)       14594M (95%)       14594M (95%)       14594M (95%)    
[2024-02-14T16:50:13.124+0100][info ][gc,heap        ] GC(24)      Free:     7084M (46%)        4552M (30%)        4490M (29%)        8246M (54%)        8260M (54%)        4458M (29%)    
[2024-02-14T16:50:13.124+0100][info ][gc,heap        ] GC(24)      Used:     8276M (54%)       10808M (70%)       10870M (71%)        7114M (46%)       10902M (71%)        7100M (46%)    
[2024-02-14T16:50:13.124+0100][info ][gc,heap        ] GC(24)      Live:         -              3650M (24%)        3650M (24%)        3650M (24%)            -                  -          
[2024-02-14T16:50:13.124+0100][info ][gc,heap        ] GC(24) Allocated:         -              2532M (16%)        2594M (17%)        3375M (22%)            -                  -          
[2024-02-14T16:50:13.124+0100][info ][gc,heap        ] GC(24)   Garbage:         -              4625M (30%)        4625M (30%)          87M (1%)             -                  -          
[2024-02-14T16:50:13.124+0100][info ][gc,heap        ] GC(24) Reclaimed:         -                  -                 0M (0%)         4537M (30%)            -                  -          
[2024-02-14T16:50:13.124+0100][info ][gc             ] GC(24) Garbage Collection (Allocation Rate) 8276M(54%)->7114M(46%)
[2024-02-14T16:50:13.207+0100][debug][gc,alloc       ] Allocation Rate: 2776,0MB/s, Predicted: 2671,9MB/s, Avg: 2929,0(+/-139,0)MB/s
[2024-02-14T16:50:13.207+0100][debug][gc,director    ] Select GC Workers (Normal), AvoidLongGCWorkers: 0,329, AvoidOOMGCWorkers: 1,474, LastGCWorkers: 2,000, GCWorkers: 1,474
[2024-02-14T16:50:13.207+0100][debug][gc,director    ] Rule: Allocation Rate (Dynamic GC Workers), MaxAllocRate: 3386,3MB/s (+/-4,7%), Free: 7940MB, GCCPUTime: 3,294, GCDuration: 1,654s, TimeUntilOOM: 2,239s, TimeUntilGC: 0,485s, GCWorkers: 2 -> 2
[2024-02-14T16:50:13.207+0100][debug][gc,director    ] Rule: High Usage, Free: 7940MB(51,7%)
[2024-02-14T16:50:13.207+0100][debug][gc,director    ] Rule: Proactive, UsedUntilEnabled: 1272MB, TimeUntilEnabled: 299,916s
[2024-02-14T16:50:13.307+0100][debug][gc,alloc       ] Allocation Rate: 2816,0MB/s, Predicted: 2677,6MB/s, Avg: 2898,6(+/-126,6)MB/s
[2024-02-14T16:50:13.307+0100][debug][gc,director    ] Select GC Workers (Normal), AvoidLongGCWorkers: 0,329, AvoidOOMGCWorkers: 1,500, LastGCWorkers: 2,000, GCWorkers: 1,500
[2024-02-14T16:50:13.307+0100][debug][gc,director    ] Rule: Allocation Rate (Dynamic GC Workers), MaxAllocRate: 3315,0MB/s (+/-4,4%), Free: 7614MB, GCCPUTime: 3,294, GCDuration: 1,654s, TimeUntilOOM: 2,201s, TimeUntilGC: 0,447s, GCWorkers: 2 -> 2
[2024-02-14T16:50:13.307+0100][debug][gc,director    ] Rule: High Usage, Free: 7614MB(49,6%)
[2024-02-14T16:50:13.307+0100][debug][gc,director    ] Rule: Proactive, UsedUntilEnabled: 946MB, TimeUntilEnabled: 299,816s
[2024-02-14T16:50:13.408+0100][debug][gc,alloc       ] Allocation Rate: 2862,0MB/s, Predicted: 2721,5MB/s, Avg: 2873,0(+/-103,3)MB/s
[2024-02-14T16:50:13.408+0100][debug][gc,director    ] Select GC Workers (Normal), AvoidLongGCWorkers: 0,329, AvoidOOMGCWorkers: 1,508, LastGCWorkers: 2,000, GCWorkers: 1,508
[2024-02-14T16:50:13.408+0100][debug][gc,director    ] Rule: Allocation Rate (Dynamic GC Workers), MaxAllocRate: 3213,1MB/s (+/-3,6%), Free: 7286MB, GCCPUTime: 3,294, GCDuration: 1,654s, TimeUntilOOM: 2,189s, TimeUntilGC: 0,435s, GCWorkers: 2 -> 2
[2024-02-14T16:50:13.408+0100][debug][gc,director    ] Rule: High Usage, Free: 7286MB(47,4%)
[2024-02-14T16:50:13.408+0100][debug][gc,director    ] Rule: Proactive, UsedUntilEnabled: 618MB, TimeUntilEnabled: 299,716s
[2024-02-14T16:50:13.508+0100][debug][gc,alloc       ] Allocation Rate: 2900,0MB/s, Predicted: 2784,8MB/s, Avg: 2856,0(+/-81,1)MB/s
[2024-02-14T16:50:13.508+0100][debug][gc,director    ] Select GC Workers (Normal), AvoidLongGCWorkers: 0,329, AvoidOOMGCWorkers: 1,522, LastGCWorkers: 2,000, GCWorkers: 1,522
[2024-02-14T16:50:13.508+0100][debug][gc,director    ] Rule: Allocation Rate (Dynamic GC Workers), MaxAllocRate: 3123,0MB/s (+/-2,8%), Free: 6964MB, GCCPUTime: 3,294, GCDuration: 1,654s, TimeUntilOOM: 2,168s, TimeUntilGC: 0,415s, GCWorkers: 2 -> 2
[2024-02-14T16:50:13.508+0100][debug][gc,director    ] Rule: High Usage, Free: 6964MB(45,3%)
[2024-02-14T16:50:13.508+0100][debug][gc,director    ] Rule: Proactive, UsedUntilEnabled: 296MB, TimeUntilEnabled: 299,616s
[2024-02-14T16:50:13.607+0100][debug][gc,alloc       ] Allocation Rate: 2942,0MB/s, Predicted: 2864,0MB/s, Avg: 2847,8(+/-66,6)MB/s
[2024-02-14T16:50:13.607+0100][debug][gc,director    ] Select GC Workers (Normal), AvoidLongGCWorkers: 0,329, AvoidOOMGCWorkers: 1,568, LastGCWorkers: 2,000, GCWorkers: 1,568
[2024-02-14T16:50:13.607+0100][debug][gc,director    ] Rule: Allocation Rate (Dynamic GC Workers), MaxAllocRate: 3083,1MB/s (+/-2,3%), Free: 6642MB, GCCPUTime: 3,294, GCDuration: 1,654s, TimeUntilOOM: 2,105s, TimeUntilGC: 0,352s, GCWorkers: 2 -> 2
[2024-02-14T16:50:13.607+0100][debug][gc,director    ] Rule: High Usage, Free: 6642MB(43,2%)
[2024-02-14T16:50:13.607+0100][debug][gc,director    ] Rule: Proactive, AcceptableGCInterval: 32,799s, TimeSinceLastGC: 0,484s, TimeUntilGC: 32,315s
[2024-02-14T16:50:13.707+0100][debug][gc,alloc       ] Allocation Rate: 2992,0MB/s, Predicted: 2952,7MB/s, Avg: 2850,6(+/-71,8)MB/s
[2024-02-14T16:50:13.707+0100][debug][gc,director    ] Select GC Workers (Normal), AvoidLongGCWorkers: 0,329, AvoidOOMGCWorkers: 1,710, LastGCWorkers: 2,000, GCWorkers: 1,710
[2024-02-14T16:50:13.707+0100][debug][gc,director    ] Rule: Allocation Rate (Dynamic GC Workers), MaxAllocRate: 3188,9MB/s (+/-2,5%), Free: 6316MB, GCCPUTime: 3,294, GCDuration: 1,654s, TimeUntilOOM: 1,932s, TimeUntilGC: 0,178s, GCWorkers: 2 -> 2
[2024-02-14T16:50:13.707+0100][debug][gc,director    ] Rule: High Usage, Free: 6316MB(41,1%)
[2024-02-14T16:50:13.707+0100][debug][gc,director    ] Rule: Proactive, AcceptableGCInterval: 32,799s, TimeSinceLastGC: 0,584s, TimeUntilGC: 32,215s
[2024-02-14T16:50:13.807+0100][debug][gc,alloc       ] Allocation Rate: 3078,0MB/s, Predicted: 3046,1MB/s, Avg: 2872,4(+/-99,2)MB/s
[2024-02-14T16:50:13.807+0100][debug][gc,director    ] Select GC Workers (Normal), AvoidLongGCWorkers: 0,329, AvoidOOMGCWorkers: 1,927, LastGCWorkers: 2,000, GCWorkers: 1,927
[2024-02-14T16:50:13.807+0100][debug][gc,director    ] Rule: Allocation Rate (Dynamic GC Workers), MaxAllocRate: 3372,6MB/s (+/-3,5%), Free: 5986MB, GCCPUTime: 3,294, GCDuration: 1,654s, TimeUntilOOM: 1,716s, TimeUntilGC: -0,038s, GCWorkers: 2 -> 2
[2024-02-14T16:50:13.808+0100][debug][gc,heap        ] GC(25) Heap before GC invocations=25 (full 25):
[2024-02-14T16:50:13.808+0100][debug][gc,heap        ] GC(25)  ZHeap           used 9334M, capacity 14594M, max capacity 15360M
[2024-02-14T16:50:13.808+0100][debug][gc,heap        ] GC(25)  Metaspace       used 32037K, committed 32448K, reserved 1114112K
[2024-02-14T16:50:13.808+0100][debug][gc,heap        ] GC(25)   class space    used 3379K, committed 3584K, reserved 1048576K
[2024-02-14T16:50:13.808+0100][info ][gc,start       ] GC(25) Garbage Collection (Allocation Rate)
[2024-02-14T16:50:13.808+0100][info ][gc,task        ] GC(25) Using 2 workers
[2024-02-14T16:50:13.808+0100][debug][gc,phases,start] GC(25) Pause Mark Start
[2024-02-14T16:50:13.808+0100][debug][gc,marking     ] GC(25) Using 2 mark stripes
[2024-02-14T16:50:13.808+0100][debug][gc,marking     ] GC(25) Mark Worker/Stripe Distribution
[2024-02-14T16:50:13.808+0100][debug][gc,marking     ] GC(25)   Worker 0(2) -> Stripe 0(2)
[2024-02-14T16:50:13.808+0100][debug][gc,marking     ] GC(25)   Worker 1(2) -> Stripe 1(2)
[2024-02-14T16:50:13.808+0100][info ][gc,phases      ] GC(25) Pause Mark Start 0,042ms
[2024-02-14T16:50:13.808+0100][debug][gc,phases,start] GC(25) Concurrent Mark
[2024-02-14T16:50:13.808+0100][debug][gc,task        ] GC(25) Executing Task: XMarkRootsTask, Active Workers: 2
[2024-02-14T16:50:13.809+0100][debug][gc,tlab        ] GC(25) TLAB totals: thrds: 9  refills: 22333 max: 22315 slow allocs: 3 max 3 waste:  0,9% gc: 1425792B max: 259760B slow: 50077576B max: 50067648B
[2024-02-14T16:50:13.809+0100][debug][gc,task        ] GC(25) Executing Task: XMarkTask, Active Workers: 2
[2024-02-14T16:50:13.908+0100][debug][gc,alloc       ] Allocation Rate: 3090,0MB/s, Predicted: 3110,7MB/s, Avg: 2902,6(+/-113,8)MB/s
[2024-02-14T16:50:14.008+0100][debug][gc,alloc       ] Allocation Rate: 3108,0MB/s, Predicted: 3168,1MB/s, Avg: 2932,4(+/-124,2)MB/s
[2024-02-14T16:50:14.108+0100][debug][gc,alloc       ] Allocation Rate: 3170,0MB/s, Predicted: 3217,2MB/s, Avg: 2973,4(+/-128,1)MB/s
[2024-02-14T16:50:14.208+0100][debug][gc,alloc       ] Allocation Rate: 3176,0MB/s, Predicted: 3245,6MB/s, Avg: 3013,4(+/-122,6)MB/s
[2024-02-14T16:50:14.307+0100][debug][gc,alloc       ] Allocation Rate: 3150,0MB/s, Predicted: 3247,6MB/s, Avg: 3046,8(+/-109,0)MB/s
[2024-02-14T16:50:14.407+0100][debug][gc,alloc       ] Allocation Rate: 3104,0MB/s, Predicted: 3221,2MB/s, Avg: 3071,0(+/-90,6)MB/s
[2024-02-14T16:50:14.507+0100][debug][gc,alloc       ] Allocation Rate: 3110,0MB/s, Predicted: 3191,2MB/s, Avg: 3092,0(+/-70,7)MB/s
[2024-02-14T16:50:14.607+0100][debug][gc,alloc       ] Allocation Rate: 3064,0MB/s, Predicted: 3140,0MB/s, Avg: 3104,2(+/-51,7)MB/s
[2024-02-14T16:50:14.708+0100][debug][gc,alloc       ] Allocation Rate: 3026,0MB/s, Predicted: 3078,8MB/s, Avg: 3107,6(+/-44,9)MB/s
[2024-02-14T16:50:14.739+0100][info ][gc,phases      ] GC(25) Concurrent Mark 930,915ms
[2024-02-14T16:50:14.739+0100][debug][gc,phases,start] GC(25) Pause Mark End
[2024-02-14T16:50:14.739+0100][info ][gc,phases      ] GC(25) Pause Mark End 0,029ms
[2024-02-14T16:50:14.739+0100][debug][gc,phases,start] GC(25) Concurrent Mark Free
[2024-02-14T16:50:14.739+0100][info ][gc,phases      ] GC(25) Concurrent Mark Free 0,008ms
[2024-02-14T16:50:14.739+0100][debug][gc,phases,start] GC(25) Concurrent Process Non-Strong References
[2024-02-14T16:50:14.739+0100][debug][gc,phases,start] GC(25) Concurrent References Process
[2024-02-14T16:50:14.739+0100][debug][gc,task        ] GC(25) Executing Task: XReferenceProcessorTask, Active Workers: 2
[2024-02-14T16:50:14.742+0100][debug][gc,phases      ] GC(25) Concurrent References Process 3,243ms
[2024-02-14T16:50:14.742+0100][debug][gc,task        ] GC(25) Executing Task: XProcessWeakRootsTask, Active Workers: 2
[2024-02-14T16:50:14.742+0100][debug][gc,phases,start] GC(25) Concurrent Classes Unlink
[2024-02-14T16:50:14.742+0100][debug][gc,phases,start] GC(25) ClassLoaderData
[2024-02-14T16:50:14.742+0100][debug][gc,phases      ] GC(25) ClassLoaderData 0,031ms
[2024-02-14T16:50:14.742+0100][debug][gc,phases,start] GC(25) Trigger cleanups
[2024-02-14T16:50:14.742+0100][debug][gc,phases      ] GC(25) Trigger cleanups 0,005ms
[2024-02-14T16:50:14.742+0100][debug][gc,task        ] GC(25) Executing Task: XNMethodUnlinkTask, Active Workers: 2
[2024-02-14T16:50:14.745+0100][debug][gc,phases      ] GC(25) Concurrent Classes Unlink 2,130ms
[2024-02-14T16:50:14.745+0100][debug][gc,phases,start] GC(25) Concurrent Classes Purge
[2024-02-14T16:50:14.745+0100][debug][gc,nmethod     ] GC(25) Unregister NMethod: com.github.benmanes.caffeine.cache.BoundedLocalCache$$Lambda/0x000000008038e6a8.run (0x00007f9f0baf0790)
[2024-02-14T16:50:14.745+0100][debug][gc,nmethod     ] GC(25) Unregister NMethod: io.sirix.access.trx.page.NodePageReadOnlyTrx.getPageFragments (0x00007f9f2b80f210)
[2024-02-14T16:50:14.745+0100][debug][gc,nmethod     ] GC(25) Unregister NMethod: com.github.benmanes.caffeine.cache.BoundedLocalCache.lambda$notifyRemoval$1 (0x00007f9f0c20f010)
[2024-02-14T16:50:14.745+0100][debug][gc,nmethod     ] GC(25) Unregister NMethod: java.util.concurrent.ForkJoinPool.runWorker (0x00007f9f0be7b790)
[2024-02-14T16:50:14.745+0100][debug][gc,nmethod     ] GC(25) Unregister NMethod: io.sirix.access.trx.page.NodePageReadOnlyTrx.getInMemoryPageInstance (0x00007f9f0c1cc090)
[2024-02-14T16:50:14.745+0100][debug][gc,nmethod     ] GC(25) Unregister NMethod: java.util.concurrent.ForkJoinPool.runWorker (0x00007f9f0ba35510)
[2024-02-14T16:50:14.745+0100][debug][gc,phases      ] GC(25) Concurrent Classes Purge 0,060ms
[2024-02-14T16:50:14.745+0100][debug][gc,phases,start] GC(25) Concurrent References Enqueue
[2024-02-14T16:50:14.745+0100][debug][gc,phases      ] GC(25) Concurrent References Enqueue 0,006ms
[2024-02-14T16:50:14.745+0100][info ][gc,phases      ] GC(25) Concurrent Process Non-Strong References 5,757ms
[2024-02-14T16:50:14.745+0100][debug][gc,phases,start] GC(25) Concurrent Reset Relocation Set
[2024-02-14T16:50:14.745+0100][info ][gc,phases      ] GC(25) Concurrent Reset Relocation Set 0,131ms
[2024-02-14T16:50:14.745+0100][debug][gc,phases,start] GC(25) Concurrent Select Relocation Set
[2024-02-14T16:50:14.749+0100][debug][gc,task        ] GC(25) Executing Task: XRelocationSetInstallTask, Active Workers: 2
[2024-02-14T16:50:14.765+0100][info ][gc,phases      ] GC(25) Concurrent Select Relocation Set 20,470ms
[2024-02-14T16:50:14.765+0100][debug][gc,phases,start] GC(25) Pause Relocate Start
[2024-02-14T16:50:14.765+0100][info ][gc,phases      ] GC(25) Pause Relocate Start 0,021ms
[2024-02-14T16:50:14.765+0100][debug][gc,phases,start] GC(25) Concurrent Relocate
[2024-02-14T16:50:14.765+0100][debug][gc,task        ] GC(25) Executing Task: XRelocateTask, Active Workers: 2
[2024-02-14T16:50:14.808+0100][debug][gc,alloc       ] Allocation Rate: 2998,0MB/s, Predicted: 3027,1MB/s, Avg: 3099,6(+/-55,3)MB/s
[2024-02-14T16:50:14.908+0100][debug][gc,alloc       ] Allocation Rate: 3012,0MB/s, Predicted: 2989,5MB/s, Avg: 3091,8(+/-61,3)MB/s
[2024-02-14T16:50:14.993+0100][info ][gc,phases      ] GC(25) Concurrent Relocate 227,995ms
[2024-02-14T16:50:14.994+0100][debug][gc,heap        ] GC(25) Heap after GC invocations=26 (full 26):
[2024-02-14T16:50:14.994+0100][debug][gc,heap        ] GC(25)  ZHeap           used 7316M, capacity 14594M, max capacity 15360M
[2024-02-14T16:50:14.994+0100][debug][gc,heap        ] GC(25)  Metaspace       used 32037K, committed 32448K, reserved 1114112K
[2024-02-14T16:50:14.994+0100][debug][gc,heap        ] GC(25)   class space    used 3379K, committed 3584K, reserved 1048576K
[2024-02-14T16:50:14.994+0100][info ][gc,load        ] GC(25) Load: 3,40/1,80/1,72
[2024-02-14T16:50:14.994+0100][info ][gc,mmu         ] GC(25) MMU: 2ms/92,8%, 5ms/97,1%, 10ms/98,6%, 20ms/99,1%, 50ms/99,6%, 100ms/99,8%
[2024-02-14T16:50:14.994+0100][info ][gc,marking     ] GC(25) Mark: 2 stripe(s), 2 proactive flush(es), 1 terminate flush(es), 0 completion(s), 0 continuation(s) 
[2024-02-14T16:50:14.994+0100][info ][gc,marking     ] GC(25) Mark Stack Usage: 32M
[2024-02-14T16:50:14.994+0100][info ][gc,nmethod     ] GC(25) NMethods: 4251 registered, 1443 unregistered
[2024-02-14T16:50:14.994+0100][info ][gc,metaspace   ] GC(25) Metaspace: 31M used, 31M committed, 1088M reserved
[2024-02-14T16:50:14.994+0100][info ][gc,ref         ] GC(25) Soft: 3896 encountered, 0 discovered, 0 enqueued
[2024-02-14T16:50:14.994+0100][info ][gc,ref         ] GC(25) Weak: 2055 encountered, 130 discovered, 0 enqueued
[2024-02-14T16:50:14.994+0100][info ][gc,ref         ] GC(25) Final: 10983 encountered, 10983 discovered, 10983 enqueued
[2024-02-14T16:50:14.994+0100][info ][gc,ref         ] GC(25) Phantom: 11383 encountered, 11376 discovered, 10988 enqueued
[2024-02-14T16:50:14.994+0100][info ][gc,reloc       ] GC(25) Small Pages: 4651 / 9302M, Empty: 324M, Relocated: 880M, In-Place: 0
[2024-02-14T16:50:14.994+0100][info ][gc,reloc       ] GC(25) Medium Pages: 1 / 32M, Empty: 0M, Relocated: 0M, In-Place: 0
[2024-02-14T16:50:14.994+0100][info ][gc,reloc       ] GC(25) Large Pages: 0 / 0M, Empty: 0M, Relocated: 0M, In-Place: 0
[2024-02-14T16:50:14.994+0100][info ][gc,reloc       ] GC(25) Forwarding Usage: 357M
[2024-02-14T16:50:14.994+0100][info ][gc,heap        ] GC(25) Min Capacity: 5120M(33%)
[2024-02-14T16:50:14.994+0100][info ][gc,heap        ] GC(25) Max Capacity: 15360M(100%)
[2024-02-14T16:50:14.994+0100][info ][gc,heap        ] GC(25) Soft Max Capacity: 15360M(100%)
[2024-02-14T16:50:14.994+0100][info ][gc,heap        ] GC(25)                Mark Start          Mark End        Relocate Start      Relocate End           High               Low         
[2024-02-14T16:50:14.994+0100][info ][gc,heap        ] GC(25)  Capacity:    14594M (95%)       14594M (95%)       14594M (95%)       14594M (95%)       14594M (95%)       14594M (95%)    
[2024-02-14T16:50:14.994+0100][info ][gc,heap        ] GC(25)      Free:     6026M (39%)        3244M (21%)        3488M (23%)        8046M (52%)        8058M (52%)        3222M (21%)    
[2024-02-14T16:50:14.994+0100][info ][gc,heap        ] GC(25)      Used:     9334M (61%)       12116M (79%)       11872M (77%)        7314M (48%)       12138M (79%)        7302M (48%)    
[2024-02-14T16:50:14.994+0100][info ][gc,heap        ] GC(25)      Live:         -              3672M (24%)        3672M (24%)        3672M (24%)            -                  -          
[2024-02-14T16:50:14.994+0100][info ][gc,heap        ] GC(25) Allocated:         -              2782M (18%)        2862M (19%)        3545M (23%)            -                  -          
[2024-02-14T16:50:14.994+0100][info ][gc,heap        ] GC(25)   Garbage:         -              5661M (37%)        5337M (35%)          96M (1%)             -                  -          
[2024-02-14T16:50:14.994+0100][info ][gc,heap        ] GC(25) Reclaimed:         -                  -               324M (2%)         5565M (36%)            -                  -          
[2024-02-14T16:50:14.994+0100][info ][gc             ] GC(25) Garbage Collection (Allocation Rate) 9334M(61%)->7314M(48%)
[2024-02-14T16:50:15.007+0100][debug][gc,alloc       ] Allocation Rate: 2992,0MB/s, Predicted: 2953,9MB/s, Avg: 3080,2(+/-67,8)MB/s
[2024-02-14T16:50:15.007+0100][debug][gc,director    ] Select GC Workers (Normal), AvoidLongGCWorkers: 0,287, AvoidOOMGCWorkers: 1,220, LastGCWorkers: 2,000, GCWorkers: 1,220
[2024-02-14T16:50:15.007+0100][debug][gc,director    ] Rule: Allocation Rate (Dynamic GC Workers), MaxAllocRate: 3303,3MB/s (+/-2,2%), Free: 7958MB, GCCPUTime: 2,873, GCDuration: 1,442s, TimeUntilOOM: 2,357s, TimeUntilGC: 0,816s, GCWorkers: 2 -> 2
[2024-02-14T16:50:15.007+0100][debug][gc,director    ] Rule: High Usage, Free: 7958MB(51,8%)
[2024-02-14T16:50:15.007+0100][debug][gc,director    ] Rule: Proactive, UsedUntilEnabled: 1490MB, TimeUntilEnabled: 299,986s
[2024-02-14T16:50:15.107+0100][debug][gc,alloc       ] Allocation Rate: 3008,0MB/s, Predicted: 2948,9MB/s, Avg: 3064,0(+/-63,6)MB/s
[2024-02-14T16:50:15.107+0100][debug][gc,director    ] Select GC Workers (Normal), AvoidLongGCWorkers: 0,287, AvoidOOMGCWorkers: 1,259, LastGCWorkers: 2,000, GCWorkers: 1,259
[2024-02-14T16:50:15.107+0100][debug][gc,director    ] Rule: Allocation Rate (Dynamic GC Workers), MaxAllocRate: 3273,4MB/s (+/-2,1%), Free: 7630MB, GCCPUTime: 2,873, GCDuration: 1,442s, TimeUntilOOM: 2,284s, TimeUntilGC: 0,742s, GCWorkers: 2 -> 2
[2024-02-14T16:50:15.107+0100][debug][gc,director    ] Rule: High Usage, Free: 7630MB(49,7%)
[2024-02-14T16:50:15.107+0100][debug][gc,director    ] Rule: Proactive, UsedUntilEnabled: 1162MB, TimeUntilEnabled: 299,886s
[2024-02-14T16:50:15.207+0100][debug][gc,alloc       ] Allocation Rate: 3032,0MB/s, Predicted: 2966,0MB/s, Avg: 3049,6(+/-51,9)MB/s
[2024-02-14T16:50:15.207+0100][debug][gc,director    ] Select GC Workers (Normal), AvoidLongGCWorkers: 0,287, AvoidOOMGCWorkers: 1,291, LastGCWorkers: 2,000, GCWorkers: 1,291
[2024-02-14T16:50:15.207+0100][debug][gc,director    ] Rule: Allocation Rate (Dynamic GC Workers), MaxAllocRate: 3220,2MB/s (+/-1,7%), Free: 7298MB, GCCPUTime: 2,873, GCDuration: 1,442s, TimeUntilOOM: 2,228s, TimeUntilGC: 0,687s, GCWorkers: 2 -> 2
[2024-02-14T16:50:15.207+0100][debug][gc,director    ] Rule: High Usage, Free: 7298MB(47,5%)
[2024-02-14T16:50:15.207+0100][debug][gc,director    ] Rule: Proactive, UsedUntilEnabled: 830MB, TimeUntilEnabled: 299,786s
[2024-02-14T16:50:15.307+0100][info ][gc,stats       ] === Garbage Collection Statistics =======================================================================================================================
[2024-02-14T16:50:15.307+0100][info ][gc,stats       ]                                                              Last 10s              Last 10m              Last 10h                Total
[2024-02-14T16:50:15.307+0100][info ][gc,stats       ]                                                              Avg / Max             Avg / Max             Avg / Max             Avg / Max
[2024-02-14T16:50:15.307+0100][info ][gc,stats       ]   Collector: Garbage Collection Cycle                   1184,669 / 1219,769    371,618 / 1219,769    371,618 / 1219,769    371,618 / 1219,769    ms
[2024-02-14T16:50:15.307+0100][info ][gc,stats       ]  Contention: Mark Segment Reset Contention                     0 / 0                 1 / 70                1 / 70                1 / 70          ops/s
[2024-02-14T16:50:15.307+0100][info ][gc,stats       ]  Contention: Mark SeqNum Reset Contention                      0 / 0                 0 / 1                 0 / 1                 0 / 1           ops/s
[2024-02-14T16:50:15.307+0100][info ][gc,stats       ]    Critical: Allocation Stall                                  0 / 0                 0 / 0                 0 / 0                 0 / 0           ops/s
[2024-02-14T16:50:15.307+0100][info ][gc,stats       ]    Critical: Allocation Stall                              0,000 / 0,000         0,000 / 0,000         0,000 / 0,000         0,000 / 0,000       ms
[2024-02-14T16:50:15.307+0100][info ][gc,stats       ]    Critical: GC Locker Stall                                   0 / 0                 0 / 1                 0 / 1                 0 / 1           ops/s
[2024-02-14T16:50:15.307+0100][info ][gc,stats       ]    Critical: GC Locker Stall                               0,000 / 0,000         0,081 / 0,094         0,081 / 0,094         0,081 / 0,094       ms
[2024-02-14T16:50:15.307+0100][info ][gc,stats       ]    Critical: Relocation Stall                                  0 / 0                 0 / 0                 0 / 0                 0 / 0           ops/s
[2024-02-14T16:50:15.307+0100][info ][gc,stats       ]    Critical: Relocation Stall                              0,000 / 0,000         0,000 / 0,000         0,000 / 0,000         0,000 / 0,000       ms
[2024-02-14T16:50:15.307+0100][info ][gc,stats       ]      Memory: Allocation Rate                                3061 / 3394           2925 / 4428           2925 / 4428           2925 / 4428        MB/s
[2024-02-14T16:50:15.307+0100][info ][gc,stats       ]      Memory: Defragment                                        0 / 0                 0 / 0                 0 / 0                 0 / 0           ops/s
[2024-02-14T16:50:15.307+0100][info ][gc,stats       ]      Memory: Out Of Memory                                     0 / 0                 0 / 0                 0 / 0                 0 / 0           ops/s
[2024-02-14T16:50:15.307+0100][info ][gc,stats       ]      Memory: Page Cache Flush                                  0 / 0                 0 / 0                 0 / 0                 0 / 0           MB/s
[2024-02-14T16:50:15.307+0100][info ][gc,stats       ]      Memory: Page Cache Hit L1                              1776 / 2414           1410 / 2414           1410 / 2414           1410 / 2414        ops/s
[2024-02-14T16:50:15.307+0100][info ][gc,stats       ]      Memory: Page Cache Hit L2                                 0 / 0                 0 / 0                 0 / 0                 0 / 0           ops/s
[2024-02-14T16:50:15.307+0100][info ][gc,stats       ]      Memory: Page Cache Hit L3                                 0 / 0                32 / 915              32 / 915              32 / 915         ops/s
[2024-02-14T16:50:15.307+0100][info ][gc,stats       ]      Memory: Page Cache Miss                                   0 / 2                60 / 600              60 / 600              60 / 600         ops/s
[2024-02-14T16:50:15.307+0100][debug][gc,alloc       ] Allocation Rate: 3054,0MB/s, Predicted: 2994,5MB/s, Avg: 3040,0(+/-39,9)MB/s
[2024-02-14T16:50:15.307+0100][info ][gc,stats       ]      Memory: Uncommit                                          0 / 0                 0 / 0                 0 / 0                 0 / 0           MB/s
[2024-02-14T16:50:15.308+0100][info ][gc,stats       ]      Memory: Undo Object Allocation Failed                     0 / 0                 0 / 0                 0 / 0                 0 / 0           ops/s
[2024-02-14T16:50:15.308+0100][info ][gc,stats       ]      Memory: Undo Object Allocation Succeeded                  0 / 1                 0 / 14                0 / 14                0 / 14          ops/s
[2024-02-14T16:50:15.308+0100][info ][gc,stats       ]      Memory: Undo Page Allocation                              0 / 0                 1 / 31                1 / 31                1 / 31          ops/s
[2024-02-14T16:50:15.308+0100][info ][gc,stats       ]       Phase: Concurrent Mark                             810,268 / 930,915     283,708 / 930,915     283,708 / 930,915     283,708 / 930,915     ms
[2024-02-14T16:50:15.308+0100][info ][gc,stats       ]       Phase: Concurrent Mark Continue                      0,000 / 0,000         0,000 / 0,000         0,000 / 0,000         0,000 / 0,000       ms
[2024-02-14T16:50:15.308+0100][info ][gc,stats       ]       Phase: Concurrent Mark Free                          0,019 / 0,041         0,163 / 1,509         0,163 / 1,509         0,163 / 1,509       ms
[2024-02-14T16:50:15.308+0100][info ][gc,stats       ]       Phase: Concurrent Process Non-Strong References      7,703 / 11,339        9,913 / 16,291        9,913 / 16,291        9,913 / 16,291      ms
[2024-02-14T16:50:15.308+0100][info ][gc,stats       ]       Phase: Concurrent Relocate                         322,169 / 441,476      65,682 / 441,476      65,682 / 441,476      65,682 / 441,476     ms
[2024-02-14T16:50:15.308+0100][info ][gc,stats       ]       Phase: Concurrent Reset Relocation Set               0,162 / 0,235         0,077 / 0,235         0,077 / 0,235         0,077 / 0,235       ms
[2024-02-14T16:50:15.308+0100][info ][gc,stats       ]       Phase: Concurrent Select Relocation Set             43,541 / 96,956       10,968 / 96,956       10,968 / 96,956       10,968 / 96,956      ms
[2024-02-14T16:50:15.308+0100][info ][gc,stats       ]       Phase: Pause Mark End                                0,030 / 0,035         0,041 / 0,067         0,041 / 0,067         0,041 / 0,067       ms
[2024-02-14T16:50:15.308+0100][info ][gc,stats       ]       Phase: Pause Mark Start                              0,050 / 0,067         0,074 / 0,144         0,074 / 0,144         0,074 / 0,144       ms
[2024-02-14T16:50:15.308+0100][debug][gc,director    ] Select GC Workers (Normal), AvoidLongGCWorkers: 0,287, AvoidOOMGCWorkers: 1,325, LastGCWorkers: 2,000, GCWorkers: 1,325
[2024-02-14T16:50:15.308+0100][info ][gc,stats       ]       Phase: Pause Relocate Start                          0,026 / 0,032         0,034 / 0,054         0,034 / 0,054         0,034 / 0,054       ms
[2024-02-14T16:50:15.308+0100][debug][gc,director    ] Rule: Allocation Rate (Dynamic GC Workers), MaxAllocRate: 3171,2MB/s (+/-1,3%), Free: 6976MB, GCCPUTime: 2,873, GCDuration: 1,442s, TimeUntilOOM: 2,171s, TimeUntilGC: 0,630s, GCWorkers: 2 -> 2
[2024-02-14T16:50:15.308+0100][debug][gc,director    ] Rule: High Usage, Free: 6976MB(45,4%)
[2024-02-14T16:50:15.308+0100][debug][gc,director    ] Rule: Proactive, UsedUntilEnabled: 506MB, TimeUntilEnabled: 299,686s
[2024-02-14T16:50:15.308+0100][info ][gc,stats       ]    Subphase: Concurrent Classes Purge                      0,235 / 0,724         0,776 / 5,566         0,776 / 5,566         0,776 / 5,566       ms
[2024-02-14T16:50:15.308+0100][info ][gc,stats       ]    Subphase: Concurrent Classes Unlink                     2,424 / 2,706         3,079 / 6,276         3,079 / 6,276         3,079 / 6,276       ms
[2024-02-14T16:50:15.308+0100][info ][gc,stats       ]    Subphase: Concurrent Mark                             808,983 / 930,134     234,615 / 930,134     234,615 / 930,134     234,615 / 930,134     ms
[2024-02-14T16:50:15.308+0100][info ][gc,stats       ]    Subphase: Concurrent Mark Try Flush                     0,096 / 0,212         0,290 / 16,348        0,290 / 16,348        0,290 / 16,348      ms
[2024-02-14T16:50:15.308+0100][info ][gc,stats       ]    Subphase: Concurrent Mark Try Terminate                 0,879 / 1,342         0,867 / 1,342         0,867 / 1,342         0,867 / 1,342       ms
[2024-02-14T16:50:15.308+0100][info ][gc,stats       ]    Subphase: Concurrent References Enqueue                 0,007 / 0,010         0,009 / 0,012         0,009 / 0,012         0,009 / 0,012       ms
[2024-02-14T16:50:15.308+0100][info ][gc,stats       ]    Subphase: Concurrent References Process                 4,486 / 7,343         5,274 / 10,523        5,274 / 10,523        5,274 / 10,523      ms
[2024-02-14T16:50:15.308+0100][info ][gc,stats       ]    Subphase: Concurrent Roots ClassLoaderDataGraph         0,064 / 0,129         0,085 / 0,310         0,085 / 0,310         0,085 / 0,310       ms
[2024-02-14T16:50:15.308+0100][info ][gc,stats       ]    Subphase: Concurrent Roots CodeCache                    0,000 / 0,000         0,000 / 0,000         0,000 / 0,000         0,000 / 0,000       ms
[2024-02-14T16:50:15.308+0100][info ][gc,stats       ]    Subphase: Concurrent Roots JavaThreads                  0,538 / 0,704         0,685 / 1,932         0,685 / 1,932         0,685 / 1,932       ms
[2024-02-14T16:50:15.308+0100][info ][gc,stats       ]    Subphase: Concurrent Roots OopStorageSet                0,041 / 0,052         0,139 / 0,964         0,139 / 0,964         0,139 / 0,964       ms
[2024-02-14T16:50:15.308+0100][info ][gc,stats       ]    Subphase: Concurrent Weak Roots OopStorageSet           0,217 / 0,387         0,240 / 0,778         0,240 / 0,778         0,240 / 0,778       ms
[2024-02-14T16:50:15.308+0100][info ][gc,stats       ]    Subphase: Pause Mark Try Complete                       0,000 / 0,000         0,000 / 0,000         0,000 / 0,000         0,000 / 0,000       ms
[2024-02-14T16:50:15.308+0100][info ][gc,stats       ]      System: Java Threads                                     43 / 43               40 / 46               40 / 46               40 / 46          threads
[2024-02-14T16:50:15.308+0100][info ][gc,stats       ] =========================================================================================================================================================
[2024-02-14T16:50:15.408+0100][debug][gc,alloc       ] Allocation Rate: 3090,0MB/s, Predicted: 3031,6MB/s, Avg: 3038,6(+/-37,8)MB/s
[2024-02-14T16:50:15.408+0100][debug][gc,director    ] Select GC Workers (Normal), AvoidLongGCWorkers: 0,287, AvoidOOMGCWorkers: 1,384, LastGCWorkers: 2,000, GCWorkers: 1,384
[2024-02-14T16:50:15.408+0100][debug][gc,director    ] Rule: Allocation Rate (Dynamic GC Workers), MaxAllocRate: 3163,0MB/s (+/-1,2%), Free: 6658MB, GCCPUTime: 2,873, GCDuration: 1,442s, TimeUntilOOM: 2,079s, TimeUntilGC: 0,538s, GCWorkers: 2 -> 2
[2024-02-14T16:50:15.408+0100][debug][gc,director    ] Rule: High Usage, Free: 6658MB(43,3%)
[2024-02-14T16:50:15.408+0100][debug][gc,director    ] Rule: Proactive, UsedUntilEnabled: 190MB, TimeUntilEnabled: 299,586s
[2024-02-14T16:50:15.507+0100][debug][gc,alloc       ] Allocation Rate: 3082,0MB/s, Predicted: 3068,0MB/s, Avg: 3035,8(+/-33,2)MB/s
[2024-02-14T16:50:15.507+0100][debug][gc,director    ] Select GC Workers (Normal), AvoidLongGCWorkers: 0,287, AvoidOOMGCWorkers: 1,458, LastGCWorkers: 2,000, GCWorkers: 1,458
[2024-02-14T16:50:15.507+0100][debug][gc,director    ] Rule: Allocation Rate (Dynamic GC Workers), MaxAllocRate: 3177,1MB/s (+/-1,1%), Free: 6338MB, GCCPUTime: 2,873, GCDuration: 1,442s, TimeUntilOOM: 1,973s, TimeUntilGC: 0,432s, GCWorkers: 2 -> 2
[2024-02-14T16:50:15.507+0100][debug][gc,director    ] Rule: High Usage, Free: 6338MB(41,3%)
[2024-02-14T16:50:15.507+0100][debug][gc,director    ] Rule: Proactive, AcceptableGCInterval: 28,541s, TimeSinceLastGC: 0,513s, TimeUntilGC: 28,028s
[2024-02-14T16:50:15.607+0100][debug][gc,alloc       ] Allocation Rate: 3132,0MB/s, Predicted: 3114,0MB/s, Avg: 3042,6(+/-43,6)MB/s
[2024-02-14T16:50:15.607+0100][debug][gc,director    ] Select GC Workers (Normal), AvoidLongGCWorkers: 0,287, AvoidOOMGCWorkers: 1,582, LastGCWorkers: 2,000, GCWorkers: 1,582
[2024-02-14T16:50:15.607+0100][debug][gc,director    ] Rule: Allocation Rate (Dynamic GC Workers), MaxAllocRate: 3257,4MB/s (+/-1,4%), Free: 6012MB, GCCPUTime: 2,873, GCDuration: 1,442s, TimeUntilOOM: 1,820s, TimeUntilGC: 0,278s, GCWorkers: 2 -> 2
[2024-02-14T16:50:15.607+0100][debug][gc,director    ] Rule: High Usage, Free: 6012MB(39,1%)
[2024-02-14T16:50:15.607+0100][debug][gc,director    ] Rule: Proactive, AcceptableGCInterval: 28,541s, TimeSinceLastGC: 0,614s, TimeUntilGC: 27,928s
[2024-02-14T16:50:15.707+0100][debug][gc,alloc       ] Allocation Rate: 3168,0MB/s, Predicted: 3159,7MB/s, Avg: 3056,8(+/-56,9)MB/s
[2024-02-14T16:50:15.707+0100][debug][gc,director    ] Select GC Workers (Normal), AvoidLongGCWorkers: 0,287, AvoidOOMGCWorkers: 1,727, LastGCWorkers: 2,000, GCWorkers: 1,727
[2024-02-14T16:50:15.707+0100][debug][gc,director    ] Rule: Allocation Rate (Dynamic GC Workers), MaxAllocRate: 3347,1MB/s (+/-1,9%), Free: 5688MB, GCCPUTime: 2,873, GCDuration: 1,442s, TimeUntilOOM: 1,668s, TimeUntilGC: 0,127s, GCWorkers: 2 -> 2
[2024-02-14T16:50:15.707+0100][debug][gc,director    ] Rule: High Usage, Free: 5688MB(37,0%)
[2024-02-14T16:50:15.707+0100][debug][gc,director    ] Rule: Proactive, AcceptableGCInterval: 28,541s, TimeSinceLastGC: 0,714s, TimeUntilGC: 27,828s
[2024-02-14T16:50:15.807+0100][debug][gc,alloc       ] Allocation Rate: 3192,0MB/s, Predicted: 3198,1MB/s, Avg: 3076,2(+/-65,9)MB/s
[2024-02-14T16:50:15.808+0100][debug][gc,director    ] Select GC Workers (Normal), AvoidLongGCWorkers: 0,287, AvoidOOMGCWorkers: 1,876, LastGCWorkers: 2,000, GCWorkers: 1,876
[2024-02-14T16:50:15.808+0100][debug][gc,director    ] Rule: Allocation Rate (Dynamic GC Workers), MaxAllocRate: 3415,1MB/s (+/-2,1%), Free: 5360MB, GCCPUTime: 2,873, GCDuration: 1,442s, TimeUntilOOM: 1,537s, TimeUntilGC: -0,005s, GCWorkers: 2 -> 2
[2024-02-14T16:50:15.808+0100][debug][gc,heap        ] GC(26) Heap before GC invocations=26 (full 26):
[2024-02-14T16:50:15.808+0100][debug][gc,heap        ] GC(26)  ZHeap           used 9958M, capacity 14594M, max capacity 15360M
[2024-02-14T16:50:15.808+0100][debug][gc,heap        ] GC(26)  Metaspace       used 32037K, committed 32448K, reserved 1114112K
[2024-02-14T16:50:15.808+0100][debug][gc,heap        ] GC(26)   class space    used 3379K, committed 3584K, reserved 1048576K
[2024-02-14T16:50:15.808+0100][info ][gc,start       ] GC(26) Garbage Collection (Allocation Rate)
[2024-02-14T16:50:15.808+0100][info ][gc,task        ] GC(26) Using 2 workers
[2024-02-14T16:50:15.808+0100][debug][gc,phases,start] GC(26) Pause Mark Start
[2024-02-14T16:50:15.808+0100][debug][gc,marking     ] GC(26) Using 2 mark stripes
[2024-02-14T16:50:15.808+0100][debug][gc,marking     ] GC(26) Mark Worker/Stripe Distribution
[2024-02-14T16:50:15.808+0100][debug][gc,marking     ] GC(26)   Worker 0(2) -> Stripe 0(2)
[2024-02-14T16:50:15.808+0100][debug][gc,marking     ] GC(26)   Worker 1(2) -> Stripe 1(2)
[2024-02-14T16:50:15.808+0100][info ][gc,phases      ] GC(26) Pause Mark Start 0,043ms
[2024-02-14T16:50:15.808+0100][debug][gc,phases,start] GC(26) Concurrent Mark
[2024-02-14T16:50:15.808+0100][debug][gc,task        ] GC(26) Executing Task: XMarkRootsTask, Active Workers: 2
[2024-02-14T16:50:15.809+0100][debug][gc,tlab        ] GC(26) TLAB totals: thrds: 8  refills: 24718 max: 24692 slow allocs: 4 max 4 waste:  0,6% gc: 1039960B max: 261904B slow: 41024904B max: 41009168B
[2024-02-14T16:50:15.809+0100][debug][gc,task        ] GC(26) Executing Task: XMarkTask, Active Workers: 2
[2024-02-14T16:50:15.908+0100][debug][gc,alloc       ] Allocation Rate: 3154,0MB/s, Predicted: 3212,1MB/s, Avg: 3090,4(+/-65,9)MB/s
[2024-02-14T16:50:16.008+0100][debug][gc,alloc       ] Allocation Rate: 3160,0MB/s, Predicted: 3213,7MB/s, Avg: 3107,2(+/-59,8)MB/s
[2024-02-14T16:50:16.107+0100][debug][gc,alloc       ] Allocation Rate: 3116,0MB/s, Predicted: 3190,8MB/s, Avg: 3118,0(+/-49,8)MB/s
[2024-02-14T16:50:16.207+0100][debug][gc,alloc       ] Allocation Rate: 3064,0MB/s, Predicted: 3146,3MB/s, Avg: 3121,2(+/-45,0)MB/s
[2024-02-14T16:50:16.307+0100][debug][gc,alloc       ] Allocation Rate: 3046,0MB/s, Predicted: 3098,3MB/s, Avg: 3120,4(+/-46,2)MB/s
[2024-02-14T16:50:16.407+0100][debug][gc,alloc       ] Allocation Rate: 3034,0MB/s, Predicted: 3055,6MB/s, Avg: 3114,8(+/-52,5)MB/s
[2024-02-14T16:50:16.507+0100][debug][gc,alloc       ] Allocation Rate: 3016,0MB/s, Predicted: 3007,3MB/s, Avg: 3108,2(+/-59,9)MB/s
[2024-02-14T16:50:16.608+0100][debug][gc,alloc       ] Allocation Rate: 2984,0MB/s, Predicted: 2964,0MB/s, Avg: 3093,4(+/-69,6)MB/s
[2024-02-14T16:50:16.708+0100][debug][gc,alloc       ] Allocation Rate: 2930,0MB/s, Predicted: 2918,5MB/s, Avg: 3069,6(+/-80,0)MB/s
[2024-02-14T16:50:16.725+0100][info ][gc,phases      ] GC(26) Concurrent Mark 916,817ms
[2024-02-14T16:50:16.725+0100][debug][gc,phases,start] GC(26) Pause Mark End
[2024-02-14T16:50:16.725+0100][info ][gc,phases      ] GC(26) Pause Mark End 0,031ms
[2024-02-14T16:50:16.725+0100][debug][gc,phases,start] GC(26) Concurrent Mark Free
[2024-02-14T16:50:16.725+0100][info ][gc,phases      ] GC(26) Concurrent Mark Free 0,008ms
[2024-02-14T16:50:16.725+0100][debug][gc,phases,start] GC(26) Concurrent Process Non-Strong References
[2024-02-14T16:50:16.725+0100][debug][gc,phases,start] GC(26) Concurrent References Process
[2024-02-14T16:50:16.725+0100][debug][gc,task        ] GC(26) Executing Task: XReferenceProcessorTask, Active Workers: 2
[2024-02-14T16:50:16.729+0100][debug][gc,phases      ] GC(26) Concurrent References Process 3,749ms
[2024-02-14T16:50:16.729+0100][debug][gc,task        ] GC(26) Executing Task: XProcessWeakRootsTask, Active Workers: 2
[2024-02-14T16:50:16.729+0100][debug][gc,phases,start] GC(26) Concurrent Classes Unlink
[2024-02-14T16:50:16.729+0100][debug][gc,phases,start] GC(26) ClassLoaderData
[2024-02-14T16:50:16.729+0100][debug][gc,phases      ] GC(26) ClassLoaderData 0,033ms
[2024-02-14T16:50:16.729+0100][debug][gc,phases,start] GC(26) Trigger cleanups
[2024-02-14T16:50:16.729+0100][debug][gc,phases      ] GC(26) Trigger cleanups 0,005ms
[2024-02-14T16:50:16.729+0100][debug][gc,task        ] GC(26) Executing Task: XNMethodUnlinkTask, Active Workers: 2
[2024-02-14T16:50:16.731+0100][debug][gc,phases      ] GC(26) Concurrent Classes Unlink 2,309ms
[2024-02-14T16:50:16.732+0100][debug][gc,phases,start] GC(26) Concurrent Classes Purge
[2024-02-14T16:50:16.732+0100][debug][gc,nmethod     ] GC(26) Unregister NMethod: java.util.concurrent.ForkJoinPool.runWorker (0x00007f9f2b635290)
[2024-02-14T16:50:16.732+0100][debug][gc,nmethod     ] GC(26) Unregister NMethod: io.sirix.access.trx.page.NodePageReadOnlyTrx.getPageFragments (0x00007f9f0c1cc510)
[2024-02-14T16:50:16.732+0100][debug][gc,nmethod     ] GC(26) Unregister NMethod: java.util.concurrent.ForkJoinPool.getAndAddCtl (0x00007f9f0ba76f90)
[2024-02-14T16:50:16.732+0100][debug][gc,phases      ] GC(26) Concurrent Classes Purge 0,034ms
[2024-02-14T16:50:16.732+0100][debug][gc,phases,start] GC(26) Concurrent References Enqueue
[2024-02-14T16:50:16.732+0100][debug][gc,phases      ] GC(26) Concurrent References Enqueue 0,007ms
[2024-02-14T16:50:16.732+0100][info ][gc,phases      ] GC(26) Concurrent Process Non-Strong References 6,737ms
[2024-02-14T16:50:16.732+0100][debug][gc,phases,start] GC(26) Concurrent Reset Relocation Set
[2024-02-14T16:50:16.732+0100][info ][gc,phases      ] GC(26) Concurrent Reset Relocation Set 0,149ms
[2024-02-14T16:50:16.732+0100][debug][gc,phases,start] GC(26) Concurrent Select Relocation Set
[2024-02-14T16:50:16.733+0100][debug][gc,task        ] GC(26) Executing Task: XRelocationSetInstallTask, Active Workers: 2
[2024-02-14T16:50:16.751+0100][info ][gc,phases      ] GC(26) Concurrent Select Relocation Set 19,579ms
[2024-02-14T16:50:16.752+0100][debug][gc,phases,start] GC(26) Pause Relocate Start
[2024-02-14T16:50:16.752+0100][info ][gc,phases      ] GC(26) Pause Relocate Start 0,023ms
[2024-02-14T16:50:16.752+0100][debug][gc,phases,start] GC(26) Concurrent Relocate
[2024-02-14T16:50:16.752+0100][debug][gc,task        ] GC(26) Executing Task: XRelocateTask, Active Workers: 2
[2024-02-14T16:50:16.808+0100][debug][gc,alloc       ] Allocation Rate: 2896,0MB/s, Predicted: 2881,7MB/s, Avg: 3040,0(+/-83,9)MB/s
[2024-02-14T16:50:16.907+0100][debug][gc,alloc       ] Allocation Rate: 2926,0MB/s, Predicted: 2866,5MB/s, Avg: 3017,2(+/-80,7)MB/s
[2024-02-14T16:50:16.972+0100][info ][gc,phases      ] GC(26) Concurrent Relocate 220,236ms
[2024-02-14T16:50:16.972+0100][debug][gc,heap        ] GC(26) Heap after GC invocations=27 (full 27):
[2024-02-14T16:50:16.972+0100][debug][gc,heap        ] GC(26)  ZHeap           used 7204M, capacity 14594M, max capacity 15360M
[2024-02-14T16:50:16.972+0100][debug][gc,heap        ] GC(26)  Metaspace       used 32037K, committed 32448K, reserved 1114112K
[2024-02-14T16:50:16.972+0100][debug][gc,heap        ] GC(26)   class space    used 3379K, committed 3584K, reserved 1048576K
[2024-02-14T16:50:16.972+0100][info ][gc,load        ] GC(26) Load: 3,40/1,80/1,72
[2024-02-14T16:50:16.972+0100][info ][gc,mmu         ] GC(26) MMU: 2ms/92,8%, 5ms/97,1%, 10ms/98,6%, 20ms/99,1%, 50ms/99,6%, 100ms/99,8%
[2024-02-14T16:50:16.972+0100][info ][gc,marking     ] GC(26) Mark: 2 stripe(s), 2 proactive flush(es), 1 terminate flush(es), 0 completion(s), 0 continuation(s) 
[2024-02-14T16:50:16.972+0100][info ][gc,marking     ] GC(26) Mark Stack Usage: 32M
[2024-02-14T16:50:16.972+0100][info ][gc,nmethod     ] GC(26) NMethods: 4250 registered, 1446 unregistered
[2024-02-14T16:50:16.972+0100][info ][gc,metaspace   ] GC(26) Metaspace: 31M used, 31M committed, 1088M reserved
[2024-02-14T16:50:16.972+0100][info ][gc,ref         ] GC(26) Soft: 3896 encountered, 0 discovered, 0 enqueued
[2024-02-14T16:50:16.972+0100][info ][gc,ref         ] GC(26) Weak: 2055 encountered, 129 discovered, 0 enqueued
[2024-02-14T16:50:16.972+0100][info ][gc,ref         ] GC(26) Final: 12277 encountered, 12277 discovered, 12277 enqueued
[2024-02-14T16:50:16.972+0100][info ][gc,ref         ] GC(26) Phantom: 12678 encountered, 12670 discovered, 12283 enqueued
[2024-02-14T16:50:16.972+0100][info ][gc,reloc       ] GC(26) Small Pages: 4963 / 9926M, Empty: 256M, Relocated: 899M, In-Place: 0
[2024-02-14T16:50:16.972+0100][info ][gc,reloc       ] GC(26) Medium Pages: 1 / 32M, Empty: 0M, Relocated: 0M, In-Place: 0
[2024-02-14T16:50:16.972+0100][info ][gc,reloc       ] GC(26) Large Pages: 0 / 0M, Empty: 0M, Relocated: 0M, In-Place: 0
[2024-02-14T16:50:16.972+0100][info ][gc,reloc       ] GC(26) Forwarding Usage: 367M
[2024-02-14T16:50:16.972+0100][info ][gc,heap        ] GC(26) Min Capacity: 5120M(33%)
[2024-02-14T16:50:16.972+0100][info ][gc,heap        ] GC(26) Max Capacity: 15360M(100%)
[2024-02-14T16:50:16.972+0100][info ][gc,heap        ] GC(26) Soft Max Capacity: 15360M(100%)
[2024-02-14T16:50:16.972+0100][info ][gc,heap        ] GC(26)                Mark Start          Mark End        Relocate Start      Relocate End           High               Low         
[2024-02-14T16:50:16.972+0100][info ][gc,heap        ] GC(26)  Capacity:    14594M (95%)       14594M (95%)       14594M (95%)       14594M (95%)       14594M (95%)       14594M (95%)    
[2024-02-14T16:50:16.972+0100][info ][gc,heap        ] GC(26)      Free:     5402M (35%)        2752M (18%)        2938M (19%)        8158M (53%)        8176M (53%)        2734M (18%)    
[2024-02-14T16:50:16.972+0100][info ][gc,heap        ] GC(26)      Used:     9958M (65%)       12608M (82%)       12422M (81%)        7202M (47%)       12626M (82%)        7184M (47%)    
[2024-02-14T16:50:16.972+0100][info ][gc,heap        ] GC(26)      Live:         -              3680M (24%)        3680M (24%)        3680M (24%)            -                  -          
[2024-02-14T16:50:16.972+0100][info ][gc,heap        ] GC(26) Allocated:         -              2650M (17%)        2720M (18%)        3375M (22%)            -                  -          
[2024-02-14T16:50:16.972+0100][info ][gc,heap        ] GC(26)   Garbage:         -              6277M (41%)        6021M (39%)         145M (1%)             -                  -          
[2024-02-14T16:50:16.972+0100][info ][gc,heap        ] GC(26) Reclaimed:         -                  -               256M (2%)         6131M (40%)            -                  -          
[2024-02-14T16:50:16.972+0100][info ][gc             ] GC(26) Garbage Collection (Allocation Rate) 9958M(65%)->7202M(47%)
[2024-02-14T16:50:17.007+0100][debug][gc,alloc       ] Allocation Rate: 2930,0MB/s, Predicted: 2869,7MB/s, Avg: 2994,2(+/-68,6)MB/s
[2024-02-14T16:50:17.007+0100][debug][gc,director    ] Select GC Workers (Normal), AvoidLongGCWorkers: 0,262, AvoidOOMGCWorkers: 1,081, LastGCWorkers: 2,000, GCWorkers: 1,081
[2024-02-14T16:50:17.007+0100][debug][gc,director    ] Rule: Allocation Rate (Dynamic GC Workers), MaxAllocRate: 3220,0MB/s (+/-2,3%), Free: 8000MB, GCCPUTime: 2,624, GCDuration: 1,316s, TimeUntilOOM: 2,429s, TimeUntilGC: 1,012s, GCWorkers: 2 -> 2
[2024-02-14T16:50:17.007+0100][debug][gc,director    ] Rule: High Usage, Free: 8000MB(52,1%)
[2024-02-14T16:50:17.007+0100][debug][gc,director    ] Rule: Proactive, UsedUntilEnabled: 1418MB, TimeUntilEnabled: 299,965s
[2024-02-14T16:50:17.107+0100][debug][gc,alloc       ] Allocation Rate: 2976,0MB/s, Predicted: 2894,9MB/s, Avg: 2980,2(+/-55,3)MB/s
[2024-02-14T16:50:17.107+0100][debug][gc,director    ] Select GC Workers (Normal), AvoidLongGCWorkers: 0,262, AvoidOOMGCWorkers: 1,102, LastGCWorkers: 2,000, GCWorkers: 1,102
[2024-02-14T16:50:17.107+0100][debug][gc,director    ] Rule: Allocation Rate (Dynamic GC Workers), MaxAllocRate: 3162,3MB/s (+/-1,9%), Free: 7670MB, GCCPUTime: 2,624, GCDuration: 1,316s, TimeUntilOOM: 2,381s, TimeUntilGC: 0,965s, GCWorkers: 2 -> 2
[2024-02-14T16:50:17.107+0100][debug][gc,director    ] Rule: High Usage, Free: 7670MB(49,9%)
[2024-02-14T16:50:17.108+0100][debug][gc,director    ] Rule: Proactive, UsedUntilEnabled: 1090MB, TimeUntilEnabled: 299,864s
[2024-02-14T16:50:17.208+0100][debug][gc,alloc       ] Allocation Rate: 3026,0MB/s, Predicted: 2935,6MB/s, Avg: 2976,4(+/-50,6)MB/s
[2024-02-14T16:50:17.208+0100][debug][gc,director    ] Select GC Workers (Normal), AvoidLongGCWorkers: 0,262, AvoidOOMGCWorkers: 1,143, LastGCWorkers: 2,000, GCWorkers: 1,143
[2024-02-14T16:50:17.208+0100][debug][gc,director    ] Rule: Allocation Rate (Dynamic GC Workers), MaxAllocRate: 3142,8MB/s (+/-1,7%), Free: 7340MB, GCCPUTime: 2,624, GCDuration: 1,316s, TimeUntilOOM: 2,297s, TimeUntilGC: 0,880s, GCWorkers: 2 -> 2
[2024-02-14T16:50:17.208+0100][debug][gc,director    ] Rule: High Usage, Free: 7340MB(47,8%)
[2024-02-14T16:50:17.208+0100][debug][gc,director    ] Rule: Proactive, UsedUntilEnabled: 760MB, TimeUntilEnabled: 299,764s
[2024-02-14T16:50:17.308+0100][debug][gc,alloc       ] Allocation Rate: 3048,0MB/s, Predicted: 2982,8MB/s, Avg: 2976,6(+/-50,8)MB/s
[2024-02-14T16:50:17.308+0100][debug][gc,director    ] Select GC Workers (Normal), AvoidLongGCWorkers: 0,262, AvoidOOMGCWorkers: 1,200, LastGCWorkers: 2,000, GCWorkers: 1,200
[2024-02-14T16:50:17.308+0100][debug][gc,director    ] Rule: Allocation Rate (Dynamic GC Workers), MaxAllocRate: 3150,1MB/s (+/-1,7%), Free: 7014MB, GCCPUTime: 2,624, GCDuration: 1,316s, TimeUntilOOM: 2,189s, TimeUntilGC: 0,773s, GCWorkers: 2 -> 2
[2024-02-14T16:50:17.308+0100][debug][gc,director    ] Rule: High Usage, Free: 7014MB(45,7%)
[2024-02-14T16:50:17.308+0100][debug][gc,director    ] Rule: Proactive, UsedUntilEnabled: 434MB, TimeUntilEnabled: 299,664s
[2024-02-14T16:50:17.407+0100][debug][gc,alloc       ] Allocation Rate: 3070,0MB/s, Predicted: 3035,5MB/s, Avg: 2980,2(+/-55,8)MB/s
[2024-02-14T16:50:17.407+0100][debug][gc,director    ] Select GC Workers (Normal), AvoidLongGCWorkers: 0,262, AvoidOOMGCWorkers: 1,289, LastGCWorkers: 2,000, GCWorkers: 1,289
[2024-02-14T16:50:17.407+0100][debug][gc,director    ] Rule: Allocation Rate (Dynamic GC Workers), MaxAllocRate: 3219,1MB/s (+/-1,9%), Free: 6684MB, GCCPUTime: 2,624, GCDuration: 1,316s, TimeUntilOOM: 2,038s, TimeUntilGC: 0,622s, GCWorkers: 2 -> 2
[2024-02-14T16:50:17.407+0100][debug][gc,director    ] Rule: High Usage, Free: 6684MB(43,5%)
[2024-02-14T16:50:17.407+0100][debug][gc,director    ] Rule: Proactive, UsedUntilEnabled: 104MB, TimeUntilEnabled: 299,565s
[2024-02-14T16:50:17.507+0100][debug][gc,alloc       ] Allocation Rate: 3100,0MB/s, Predicted: 3092,9MB/s, Avg: 2988,6(+/-66,0)MB/s
[2024-02-14T16:50:17.507+0100][debug][gc,director    ] Select GC Workers (Normal), AvoidLongGCWorkers: 0,262, AvoidOOMGCWorkers: 1,399, LastGCWorkers: 2,000, GCWorkers: 1,399
[2024-02-14T16:50:17.507+0100][debug][gc,director    ] Rule: Allocation Rate (Dynamic GC Workers), MaxAllocRate: 3310,0MB/s (+/-2,2%), Free: 6354MB, GCCPUTime: 2,624, GCDuration: 1,316s, TimeUntilOOM: 1,878s, TimeUntilGC: 0,462s, GCWorkers: 2 -> 2
[2024-02-14T16:50:17.507+0100][debug][gc,director    ] Rule: High Usage, Free: 6354MB(41,4%)
[2024-02-14T16:50:17.507+0100][debug][gc,director    ] Rule: Proactive, AcceptableGCInterval: 26,051s, TimeSinceLastGC: 0,535s, TimeUntilGC: 25,516s
[2024-02-14T16:50:17.607+0100][debug][gc,alloc       ] Allocation Rate: 3134,0MB/s, Predicted: 3149,9MB/s, Avg: 3003,6(+/-79,0)MB/s
[2024-02-14T16:50:17.607+0100][debug][gc,director    ] Select GC Workers (Normal), AvoidLongGCWorkers: 0,262, AvoidOOMGCWorkers: 1,527, LastGCWorkers: 2,000, GCWorkers: 1,527
[2024-02-14T16:50:17.607+0100][debug][gc,director    ] Rule: Allocation Rate (Dynamic GC Workers), MaxAllocRate: 3409,7MB/s (+/-2,6%), Free: 6026MB, GCCPUTime: 2,624, GCDuration: 1,316s, TimeUntilOOM: 1,722s, TimeUntilGC: 0,306s, GCWorkers: 2 -> 2
[2024-02-14T16:50:17.607+0100][debug][gc,director    ] Rule: High Usage, Free: 6026MB(39,2%)
[2024-02-14T16:50:17.607+0100][debug][gc,director    ] Rule: Proactive, AcceptableGCInterval: 26,051s, TimeSinceLastGC: 0,635s, TimeUntilGC: 25,416s
[2024-02-14T16:50:17.708+0100][debug][gc,alloc       ] Allocation Rate: 3198,0MB/s, Predicted: 3208,0MB/s, Avg: 3030,4(+/-93,6)MB/s
[2024-02-14T16:50:17.708+0100][debug][gc,director    ] Select GC Workers (Normal), AvoidLongGCWorkers: 0,262, AvoidOOMGCWorkers: 1,675, LastGCWorkers: 2,000, GCWorkers: 1,675
[2024-02-14T16:50:17.708+0100][debug][gc,director    ] Rule: Allocation Rate (Dynamic GC Workers), MaxAllocRate: 3515,9MB/s (+/-3,1%), Free: 5692MB, GCCPUTime: 2,624, GCDuration: 1,316s, TimeUntilOOM: 1,570s, TimeUntilGC: 0,154s, GCWorkers: 2 -> 2
[2024-02-14T16:50:17.708+0100][debug][gc,director    ] Rule: High Usage, Free: 5692MB(37,1%)
[2024-02-14T16:50:17.708+0100][debug][gc,director    ] Rule: Proactive, AcceptableGCInterval: 26,051s, TimeSinceLastGC: 0,736s, TimeUntilGC: 25,316s
[2024-02-14T16:50:17.808+0100][debug][gc,alloc       ] Allocation Rate: 3226,0MB/s, Predicted: 3250,4MB/s, Avg: 3063,4(+/-98,4)MB/s
[2024-02-14T16:50:17.808+0100][debug][gc,director    ] Select GC Workers (Normal), AvoidLongGCWorkers: 0,262, AvoidOOMGCWorkers: 1,807, LastGCWorkers: 2,000, GCWorkers: 1,807
[2024-02-14T16:50:17.808+0100][debug][gc,director    ] Rule: Allocation Rate (Dynamic GC Workers), MaxAllocRate: 3574,3MB/s (+/-3,2%), Free: 5372MB, GCCPUTime: 2,624, GCDuration: 1,316s, TimeUntilOOM: 1,456s, TimeUntilGC: 0,040s, GCWorkers: 2 -> 2
[2024-02-14T16:50:17.808+0100][debug][gc,director    ] Rule: High Usage, Free: 5372MB(35,0%)
[2024-02-14T16:50:17.808+0100][debug][gc,director    ] Rule: Proactive, AcceptableGCInterval: 26,051s, TimeSinceLastGC: 0,836s, TimeUntilGC: 25,216s
[2024-02-14T16:50:17.908+0100][debug][gc,alloc       ] Allocation Rate: 3270,0MB/s, Predicted: 3296,4MB/s, Avg: 3097,8(+/-104,3)MB/s
[2024-02-14T16:50:17.908+0100][debug][gc,director    ] Select GC Workers (Normal), AvoidLongGCWorkers: 0,262, AvoidOOMGCWorkers: 1,966, LastGCWorkers: 2,000, GCWorkers: 1,966
[2024-02-14T16:50:17.908+0100][debug][gc,director    ] Rule: Allocation Rate (Dynamic GC Workers), MaxAllocRate: 3639,7MB/s (+/-3,4%), Free: 5038MB, GCCPUTime: 2,624, GCDuration: 1,316s, TimeUntilOOM: 1,339s, TimeUntilGC: -0,077s, GCWorkers: 2 -> 2
[2024-02-14T16:50:17.908+0100][debug][gc,heap        ] GC(27) Heap before GC invocations=27 (full 27):
[2024-02-14T16:50:17.908+0100][debug][gc,heap        ] GC(27)  ZHeap           used 10280M, capacity 14594M, max capacity 15360M
[2024-02-14T16:50:17.908+0100][debug][gc,heap        ] GC(27)  Metaspace       used 32037K, committed 32448K, reserved 1114112K
[2024-02-14T16:50:17.908+0100][debug][gc,heap        ] GC(27)   class space    used 3379K, committed 3584K, reserved 1048576K
[2024-02-14T16:50:17.908+0100][info ][gc,start       ] GC(27) Garbage Collection (Allocation Rate)
[2024-02-14T16:50:17.908+0100][info ][gc,task        ] GC(27) Using 2 workers
[2024-02-14T16:50:17.908+0100][debug][gc,phases,start] GC(27) Pause Mark Start
[2024-02-14T16:50:17.908+0100][debug][gc,marking     ] GC(27) Using 2 mark stripes
[2024-02-14T16:50:17.908+0100][debug][gc,marking     ] GC(27) Mark Worker/Stripe Distribution
[2024-02-14T16:50:17.908+0100][debug][gc,marking     ] GC(27)   Worker 0(2) -> Stripe 0(2)
[2024-02-14T16:50:17.908+0100][debug][gc,marking     ] GC(27)   Worker 1(2) -> Stripe 1(2)
[2024-02-14T16:50:17.908+0100][info ][gc,phases      ] GC(27) Pause Mark Start 0,043ms
[2024-02-14T16:50:17.908+0100][debug][gc,phases,start] GC(27) Concurrent Mark
[2024-02-14T16:50:17.908+0100][debug][gc,task        ] GC(27) Executing Task: XMarkRootsTask, Active Workers: 2
[2024-02-14T16:50:17.909+0100][debug][gc,tlab        ] GC(27) TLAB totals: thrds: 8  refills: 25788 max: 25761 slow allocs: 4 max 4 waste:  0,8% gc: 1301768B max: 257104B slow: 49447320B max: 49431896B
[2024-02-14T16:50:17.909+0100][debug][gc,task        ] GC(27) Executing Task: XMarkTask, Active Workers: 2
[2024-02-14T16:50:18.007+0100][debug][gc,alloc       ] Allocation Rate: 3266,0MB/s, Predicted: 3318,9MB/s, Avg: 3131,4(+/-98,8)MB/s
[2024-02-14T16:50:18.107+0100][debug][gc,alloc       ] Allocation Rate: 3232,0MB/s, Predicted: 3317,7MB/s, Avg: 3157,0(+/-87,8)MB/s
[2024-02-14T16:50:18.207+0100][debug][gc,alloc       ] Allocation Rate: 3194,0MB/s, Predicted: 3297,6MB/s, Avg: 3173,8(+/-76,5)MB/s
[2024-02-14T16:50:18.307+0100][debug][gc,alloc       ] Allocation Rate: 3180,0MB/s, Predicted: 3266,5MB/s, Avg: 3187,0(+/-64,0)MB/s
[2024-02-14T16:50:18.408+0100][debug][gc,alloc       ] Allocation Rate: 3162,0MB/s, Predicted: 3225,3MB/s, Avg: 3196,2(+/-52,0)MB/s
[2024-02-14T16:50:18.508+0100][debug][gc,alloc       ] Allocation Rate: 3146,0MB/s, Predicted: 3179,6MB/s, Avg: 3200,8(+/-44,8)MB/s
[2024-02-14T16:50:18.608+0100][debug][gc,alloc       ] Allocation Rate: 3130,0MB/s, Predicted: 3133,5MB/s, Avg: 3200,4(+/-45,4)MB/s
[2024-02-14T16:50:18.707+0100][debug][gc,alloc       ] Allocation Rate: 3096,0MB/s, Predicted: 3091,1MB/s, Avg: 3190,2(+/-55,2)MB/s
[2024-02-14T16:50:18.807+0100][debug][gc,alloc       ] Allocation Rate: 2958,0MB/s, Predicted: 3007,7MB/s, Avg: 3163,4(+/-87,2)MB/s
[2024-02-14T16:50:18.888+0100][info ][gc,phases      ] GC(27) Concurrent Mark 979,889ms
[2024-02-14T16:50:18.888+0100][debug][gc,phases,start] GC(27) Pause Mark End
[2024-02-14T16:50:18.888+0100][info ][gc,phases      ] GC(27) Pause Mark End 0,037ms
[2024-02-14T16:50:18.889+0100][debug][gc,phases,start] GC(27) Concurrent Mark Free
[2024-02-14T16:50:18.889+0100][info ][gc,phases      ] GC(27) Concurrent Mark Free 0,023ms
[2024-02-14T16:50:18.889+0100][debug][gc,phases,start] GC(27) Concurrent Process Non-Strong References
[2024-02-14T16:50:18.889+0100][debug][gc,phases,start] GC(27) Concurrent References Process
[2024-02-14T16:50:18.889+0100][debug][gc,task        ] GC(27) Executing Task: XReferenceProcessorTask, Active Workers: 2
[2024-02-14T16:50:18.892+0100][debug][gc,phases      ] GC(27) Concurrent References Process 3,389ms
[2024-02-14T16:50:18.892+0100][debug][gc,task        ] GC(27) Executing Task: XProcessWeakRootsTask, Active Workers: 2
[2024-02-14T16:50:18.892+0100][debug][gc,phases,start] GC(27) Concurrent Classes Unlink
[2024-02-14T16:50:18.892+0100][debug][gc,phases,start] GC(27) ClassLoaderData
[2024-02-14T16:50:18.892+0100][debug][gc,phases      ] GC(27) ClassLoaderData 0,041ms
[2024-02-14T16:50:18.892+0100][debug][gc,phases,start] GC(27) Trigger cleanups
[2024-02-14T16:50:18.892+0100][debug][gc,phases      ] GC(27) Trigger cleanups 0,009ms
[2024-02-14T16:50:18.892+0100][debug][gc,task        ] GC(27) Executing Task: XNMethodUnlinkTask, Active Workers: 2
[2024-02-14T16:50:18.895+0100][debug][gc,phases      ] GC(27) Concurrent Classes Unlink 2,571ms
[2024-02-14T16:50:18.895+0100][debug][gc,phases,start] GC(27) Concurrent Classes Purge
[2024-02-14T16:50:18.895+0100][debug][gc,nmethod     ] GC(27) Unregister NMethod: com.github.benmanes.caffeine.cache.BoundedLocalCache.put (0x00007f9f2b5d8890)
[2024-02-14T16:50:18.895+0100][debug][gc,nmethod     ] GC(27) Unregister NMethod: java.util.concurrent.locks.LockSupport.setBlocker (0x00007f9f0c12bc10)
[2024-02-14T16:50:18.895+0100][debug][gc,nmethod     ] GC(27) Unregister NMethod: java.util.concurrent.ForkJoinPool.runWorker (0x00007f9f0bef6810)
[2024-02-14T16:50:18.895+0100][debug][gc,nmethod     ] GC(27) Unregister NMethod: java.util.concurrent.locks.ReentrantLock$Sync.tryLock (0x00007f9f0be7b790)
[2024-02-14T16:50:18.895+0100][debug][gc,nmethod     ] GC(27) Unregister NMethod: com.github.benmanes.caffeine.cache.BoundedLocalCache.put (0x00007f9f0c076710)
[2024-02-14T16:50:18.895+0100][debug][gc,nmethod     ] GC(27) Unregister NMethod: java.util.concurrent.locks.ReentrantLock$Sync.tryLock (0x00007f9f2b7fb010)
[2024-02-14T16:50:18.895+0100][debug][gc,phases      ] GC(27) Concurrent Classes Purge 0,247ms
[2024-02-14T16:50:18.895+0100][debug][gc,phases,start] GC(27) Concurrent References Enqueue
[2024-02-14T16:50:18.895+0100][debug][gc,phases      ] GC(27) Concurrent References Enqueue 0,012ms
[2024-02-14T16:50:18.895+0100][info ][gc,phases      ] GC(27) Concurrent Process Non-Strong References 6,774ms
[2024-02-14T16:50:18.895+0100][debug][gc,phases,start] GC(27) Concurrent Reset Relocation Set
[2024-02-14T16:50:18.896+0100][info ][gc,phases      ] GC(27) Concurrent Reset Relocation Set 0,171ms
[2024-02-14T16:50:18.896+0100][debug][gc,phases,start] GC(27) Concurrent Select Relocation Set
[2024-02-14T16:50:18.897+0100][debug][gc,task        ] GC(27) Executing Task: XRelocationSetInstallTask, Active Workers: 2
[2024-02-14T16:50:18.907+0100][debug][gc,alloc       ] Allocation Rate: 2794,0MB/s, Predicted: 2888,4MB/s, Avg: 3115,8(+/-133,6)MB/s
[2024-02-14T16:50:18.919+0100][info ][gc,phases      ] GC(27) Concurrent Select Relocation Set 23,860ms
[2024-02-14T16:50:18.919+0100][debug][gc,phases,start] GC(27) Pause Relocate Start
[2024-02-14T16:50:18.920+0100][info ][gc,phases      ] GC(27) Pause Relocate Start 0,045ms
[2024-02-14T16:50:18.920+0100][debug][gc,phases,start] GC(27) Concurrent Relocate
[2024-02-14T16:50:18.920+0100][debug][gc,task        ] GC(27) Executing Task: XRelocateTask, Active Workers: 2
[2024-02-14T16:50:19.007+0100][debug][gc,alloc       ] Allocation Rate: 2778,0MB/s, Predicted: 2793,3MB/s, Avg: 3067,0(+/-156,9)MB/s
[2024-02-14T16:50:19.108+0100][debug][gc,alloc       ] Allocation Rate: 2742,0MB/s, Predicted: 2707,3MB/s, Avg: 3018,0(+/-173,4)MB/s
[2024-02-14T16:50:19.173+0100][info ][gc,phases      ] GC(27) Concurrent Relocate 253,471ms
[2024-02-14T16:50:19.173+0100][debug][gc,heap        ] GC(27) Heap after GC invocations=28 (full 28):
[2024-02-14T16:50:19.173+0100][debug][gc,heap        ] GC(27)  ZHeap           used 7388M, capacity 14594M, max capacity 15360M
[2024-02-14T16:50:19.173+0100][debug][gc,heap        ] GC(27)  Metaspace       used 32037K, committed 32448K, reserved 1114112K
[2024-02-14T16:50:19.173+0100][debug][gc,heap        ] GC(27)   class space    used 3379K, committed 3584K, reserved 1048576K
[2024-02-14T16:50:19.173+0100][info ][gc,load        ] GC(27) Load: 3,29/1,81/1,72
[2024-02-14T16:50:19.173+0100][info ][gc,mmu         ] GC(27) MMU: 2ms/92,8%, 5ms/97,1%, 10ms/98,6%, 20ms/99,1%, 50ms/99,6%, 100ms/99,8%
[2024-02-14T16:50:19.173+0100][info ][gc,marking     ] GC(27) Mark: 2 stripe(s), 5 proactive flush(es), 1 terminate flush(es), 0 completion(s), 0 continuation(s) 
[2024-02-14T16:50:19.173+0100][info ][gc,marking     ] GC(27) Mark Stack Usage: 32M
[2024-02-14T16:50:19.173+0100][info ][gc,nmethod     ] GC(27) NMethods: 4251 registered, 1452 unregistered
[2024-02-14T16:50:19.173+0100][info ][gc,metaspace   ] GC(27) Metaspace: 31M used, 31M committed, 1088M reserved
[2024-02-14T16:50:19.173+0100][info ][gc,ref         ] GC(27) Soft: 3896 encountered, 0 discovered, 0 enqueued
[2024-02-14T16:50:19.173+0100][info ][gc,ref         ] GC(27) Weak: 2055 encountered, 517 discovered, 0 enqueued
[2024-02-14T16:50:19.173+0100][info ][gc,ref         ] GC(27) Final: 12770 encountered, 12770 discovered, 12770 enqueued
[2024-02-14T16:50:19.173+0100][info ][gc,ref         ] GC(27) Phantom: 13171 encountered, 12987 discovered, 12776 enqueued
[2024-02-14T16:50:19.173+0100][info ][gc,reloc       ] GC(27) Small Pages: 5125 / 10250M, Empty: 262M, Relocated: 946M, In-Place: 0
[2024-02-14T16:50:19.173+0100][info ][gc,reloc       ] GC(27) Medium Pages: 1 / 32M, Empty: 0M, Relocated: 0M, In-Place: 0
[2024-02-14T16:50:19.173+0100][info ][gc,reloc       ] GC(27) Large Pages: 0 / 0M, Empty: 0M, Relocated: 0M, In-Place: 0
[2024-02-14T16:50:19.173+0100][info ][gc,reloc       ] GC(27) Forwarding Usage: 384M
[2024-02-14T16:50:19.173+0100][info ][gc,heap        ] GC(27) Min Capacity: 5120M(33%)
[2024-02-14T16:50:19.173+0100][info ][gc,heap        ] GC(27) Max Capacity: 15360M(100%)
[2024-02-14T16:50:19.173+0100][info ][gc,heap        ] GC(27) Soft Max Capacity: 15360M(100%)
[2024-02-14T16:50:19.173+0100][info ][gc,heap        ] GC(27)                Mark Start          Mark End        Relocate Start      Relocate End           High               Low         
[2024-02-14T16:50:19.173+0100][info ][gc,heap        ] GC(27)  Capacity:    14594M (95%)       14594M (95%)       14594M (95%)       14594M (95%)       14594M (95%)       14594M (95%)    
[2024-02-14T16:50:19.173+0100][info ][gc,heap        ] GC(27)      Free:     5078M (33%)        2340M (15%)        2516M (16%)        7972M (52%)        7992M (52%)        2318M (15%)    
[2024-02-14T16:50:19.173+0100][info ][gc,heap        ] GC(27)      Used:    10282M (67%)       13020M (85%)       12844M (84%)        7388M (48%)       13042M (85%)        7368M (48%)    
[2024-02-14T16:50:19.173+0100][info ][gc,heap        ] GC(27)      Live:         -              3674M (24%)        3674M (24%)        3674M (24%)            -                  -          
[2024-02-14T16:50:19.173+0100][info ][gc,heap        ] GC(27) Allocated:         -              2738M (18%)        2824M (18%)        3525M (23%)            -                  -          
[2024-02-14T16:50:19.173+0100][info ][gc,heap        ] GC(27)   Garbage:         -              6607M (43%)        6345M (41%)         188M (1%)             -                  -          
[2024-02-14T16:50:19.173+0100][info ][gc,heap        ] GC(27) Reclaimed:         -                  -               262M (2%)         6419M (42%)            -                  -          
[2024-02-14T16:50:19.173+0100][info ][gc             ] GC(27) Garbage Collection (Allocation Rate) 10282M(67%)->7388M(48%)
[2024-02-14T16:50:19.208+0100][debug][gc,alloc       ] Allocation Rate: 2742,0MB/s, Predicted: 2643,9MB/s, Avg: 2972,8(+/-180,4)MB/s
[2024-02-14T16:50:19.208+0100][debug][gc,director    ] Select GC Workers (Normal), AvoidLongGCWorkers: 0,279, AvoidOOMGCWorkers: 1,352, LastGCWorkers: 2,000, GCWorkers: 1,352
[2024-02-14T16:50:19.208+0100][debug][gc,director    ] Rule: Allocation Rate (Dynamic GC Workers), MaxAllocRate: 3566,3MB/s (+/-6,1%), Free: 7824MB, GCCPUTime: 2,794, GCDuration: 1,400s, TimeUntilOOM: 2,068s, TimeUntilGC: 0,568s, GCWorkers: 2 -> 2
[2024-02-14T16:50:19.208+0100][debug][gc,director    ] Rule: High Usage, Free: 7824MB(50,9%)
[2024-02-14T16:50:19.208+0100][debug][gc,director    ] Rule: Proactive, UsedUntilEnabled: 1430MB, TimeUntilEnabled: 299,965s
[2024-02-14T16:50:19.308+0100][debug][gc,alloc       ] Allocation Rate: 2760,0MB/s, Predicted: 2614,0MB/s, Avg: 2930,8(+/-176,1)MB/s
[2024-02-14T16:50:19.308+0100][debug][gc,director    ] Select GC Workers (Normal), AvoidLongGCWorkers: 0,279, AvoidOOMGCWorkers: 1,389, LastGCWorkers: 2,000, GCWorkers: 1,389
[2024-02-14T16:50:19.308+0100][debug][gc,director    ] Rule: Allocation Rate (Dynamic GC Workers), MaxAllocRate: 3510,2MB/s (+/-6,0%), Free: 7494MB, GCCPUTime: 2,794, GCDuration: 1,400s, TimeUntilOOM: 2,014s, TimeUntilGC: 0,514s, GCWorkers: 2 -> 2
[2024-02-14T16:50:19.308+0100][debug][gc,director    ] Rule: High Usage, Free: 7494MB(48,8%)
[2024-02-14T16:50:19.308+0100][debug][gc,director    ] Rule: Proactive, UsedUntilEnabled: 1100MB, TimeUntilEnabled: 299,865s
[2024-02-14T16:50:19.407+0100][debug][gc,alloc       ] Allocation Rate: 2774,0MB/s, Predicted: 2612,9MB/s, Avg: 2892,0(+/-163,1)MB/s
[2024-02-14T16:50:19.407+0100][debug][gc,director    ] Select GC Workers (Normal), AvoidLongGCWorkers: 0,279, AvoidOOMGCWorkers: 1,413, LastGCWorkers: 2,000, GCWorkers: 1,413
[2024-02-14T16:50:19.407+0100][debug][gc,director    ] Rule: Allocation Rate (Dynamic GC Workers), MaxAllocRate: 3428,7MB/s (+/-5,6%), Free: 7170MB, GCCPUTime: 2,794, GCDuration: 1,400s, TimeUntilOOM: 1,979s, TimeUntilGC: 0,479s, GCWorkers: 2 -> 2
[2024-02-14T16:50:19.407+0100][debug][gc,director    ] Rule: High Usage, Free: 7170MB(46,7%)
[2024-02-14T16:50:19.407+0100][debug][gc,director    ] Rule: Proactive, UsedUntilEnabled: 776MB, TimeUntilEnabled: 299,766s
[2024-02-14T16:50:19.507+0100][debug][gc,alloc       ] Allocation Rate: 2790,0MB/s, Predicted: 2639,9MB/s, Avg: 2856,4(+/-141,2)MB/s
[2024-02-14T16:50:19.508+0100][debug][gc,director    ] Select GC Workers (Normal), AvoidLongGCWorkers: 0,279, AvoidOOMGCWorkers: 1,426, LastGCWorkers: 2,000, GCWorkers: 1,426
[2024-02-14T16:50:19.508+0100][debug][gc,director    ] Rule: Allocation Rate (Dynamic GC Workers), MaxAllocRate: 3320,9MB/s (+/-4,9%), Free: 6838MB, GCCPUTime: 2,794, GCDuration: 1,400s, TimeUntilOOM: 1,962s, TimeUntilGC: 0,462s, GCWorkers: 2 -> 2
[2024-02-14T16:50:19.508+0100][debug][gc,director    ] Rule: High Usage, Free: 6838MB(44,5%)
[2024-02-14T16:50:19.508+0100][debug][gc,director    ] Rule: Proactive, UsedUntilEnabled: 444MB, TimeUntilEnabled: 299,666s
[2024-02-14T16:50:19.608+0100][debug][gc,alloc       ] Allocation Rate: 2808,0MB/s, Predicted: 2693,5MB/s, Avg: 2824,2(+/-107,9)MB/s
[2024-02-14T16:50:19.608+0100][debug][gc,director    ] Select GC Workers (Normal), AvoidLongGCWorkers: 0,279, AvoidOOMGCWorkers: 1,419, LastGCWorkers: 2,000, GCWorkers: 1,419
[2024-02-14T16:50:19.608+0100][debug][gc,director    ] Rule: Allocation Rate (Dynamic GC Workers), MaxAllocRate: 3179,2MB/s (+/-3,8%), Free: 6508MB, GCCPUTime: 2,794, GCDuration: 1,400s, TimeUntilOOM: 1,972s, TimeUntilGC: 0,471s, GCWorkers: 2 -> 2
[2024-02-14T16:50:19.608+0100][debug][gc,director    ] Rule: High Usage, Free: 6508MB(42,4%)
[2024-02-14T16:50:19.608+0100][debug][gc,director    ] Rule: Proactive, UsedUntilEnabled: 114MB, TimeUntilEnabled: 299,565s
[2024-02-14T16:50:19.708+0100][debug][gc,alloc       ] Allocation Rate: 2844,0MB/s, Predicted: 2773,9MB/s, Avg: 2799,0(+/-60,5)MB/s
[2024-02-14T16:50:19.708+0100][debug][gc,director    ] Select GC Workers (Normal), AvoidLongGCWorkers: 0,279, AvoidOOMGCWorkers: 1,388, LastGCWorkers: 2,000, GCWorkers: 1,388
[2024-02-14T16:50:19.708+0100][debug][gc,director    ] Rule: Allocation Rate (Dynamic GC Workers), MaxAllocRate: 2998,0MB/s (+/-2,2%), Free: 6172MB, GCCPUTime: 2,794, GCDuration: 1,400s, TimeUntilOOM: 2,015s, TimeUntilGC: 0,515s, GCWorkers: 2 -> 2
[2024-02-14T16:50:19.708+0100][debug][gc,director    ] Rule: High Usage, Free: 6172MB(40,2%)
[2024-02-14T16:50:19.708+0100][debug][gc,director    ] Rule: Proactive, AcceptableGCInterval: 27,636s, TimeSinceLastGC: 0,535s, TimeUntilGC: 27,102s
[2024-02-14T16:50:19.808+0100][debug][gc,alloc       ] Allocation Rate: 2992,0MB/s, Predicted: 2893,5MB/s, Avg: 2802,4(+/-69,6)MB/s
[2024-02-14T16:50:19.808+0100][debug][gc,director    ] Select GC Workers (Normal), AvoidLongGCWorkers: 0,279, AvoidOOMGCWorkers: 1,532, LastGCWorkers: 2,000, GCWorkers: 1,532
[2024-02-14T16:50:19.808+0100][debug][gc,director    ] Rule: Allocation Rate (Dynamic GC Workers), MaxAllocRate: 3122,5MB/s (+/-2,5%), Free: 5842MB, GCCPUTime: 2,794, GCDuration: 1,400s, TimeUntilOOM: 1,826s, TimeUntilGC: 0,325s, GCWorkers: 2 -> 2
[2024-02-14T16:50:19.808+0100][debug][gc,director    ] Rule: High Usage, Free: 5842MB(38,0%)
[2024-02-14T16:50:19.808+0100][debug][gc,director    ] Rule: Proactive, AcceptableGCInterval: 27,636s, TimeSinceLastGC: 0,635s, TimeUntilGC: 27,002s
[2024-02-14T16:50:19.908+0100][debug][gc,alloc       ] Allocation Rate: 3130,0MB/s, Predicted: 3022,3MB/s, Avg: 2836,0(+/-120,2)MB/s
[2024-02-14T16:50:19.908+0100][debug][gc,director    ] Select GC Workers (Normal), AvoidLongGCWorkers: 0,279, AvoidOOMGCWorkers: 1,802, LastGCWorkers: 2,000, GCWorkers: 1,802
[2024-02-14T16:50:19.908+0100][debug][gc,director    ] Rule: Allocation Rate (Dynamic GC Workers), MaxAllocRate: 3417,7MB/s (+/-4,2%), Free: 5534MB, GCCPUTime: 2,794, GCDuration: 1,400s, TimeUntilOOM: 1,553s, TimeUntilGC: 0,053s, GCWorkers: 2 -> 2
[2024-02-14T16:50:19.908+0100][debug][gc,director    ] Rule: High Usage, Free: 5534MB(36,0%)
[2024-02-14T16:50:19.908+0100][debug][gc,director    ] Rule: Proactive, AcceptableGCInterval: 27,636s, TimeSinceLastGC: 0,735s, TimeUntilGC: 26,902s
[2024-02-14T16:50:20.007+0100][debug][gc,alloc       ] Allocation Rate: 3156,0MB/s, Predicted: 3134,8MB/s, Avg: 2873,8(+/-151,4)MB/s
[2024-02-14T16:50:20.007+0100][debug][gc,director    ] Select GC Workers (Normal), AvoidLongGCWorkers: 0,279, AvoidOOMGCWorkers: 2,052, LastGCWorkers: 2,000, GCWorkers: 2,052
[2024-02-14T16:50:20.007+0100][debug][gc,director    ] Rule: Allocation Rate (Dynamic GC Workers), MaxAllocRate: 3632,9MB/s (+/-5,3%), Free: 5220MB, GCCPUTime: 2,794, GCDuration: 0,936s, TimeUntilOOM: 1,365s, TimeUntilGC: 0,329s, GCWorkers: 2 -> 3
[2024-02-14T16:50:20.007+0100][debug][gc,heap        ] GC(28) Heap before GC invocations=28 (full 28):
[2024-02-14T16:50:20.007+0100][debug][gc,heap        ] GC(28)  ZHeap           used 10098M, capacity 14594M, max capacity 15360M
[2024-02-14T16:50:20.007+0100][debug][gc,heap        ] GC(28)  Metaspace       used 32037K, committed 32448K, reserved 1114112K
[2024-02-14T16:50:20.007+0100][debug][gc,heap        ] GC(28)   class space    used 3379K, committed 3584K, reserved 1048576K
[2024-02-14T16:50:20.007+0100][info ][gc,start       ] GC(28) Garbage Collection (Allocation Rate)
[2024-02-14T16:50:20.007+0100][info ][gc,task        ] GC(28) Using 3 workers
[2024-02-14T16:50:20.007+0100][debug][gc,phases,start] GC(28) Pause Mark Start
[2024-02-14T16:50:20.007+0100][debug][gc,marking     ] GC(28) Using 2 mark stripes
[2024-02-14T16:50:20.007+0100][debug][gc,marking     ] GC(28) Mark Worker/Stripe Distribution
[2024-02-14T16:50:20.007+0100][debug][gc,marking     ] GC(28)   Worker 0(3) -> Stripe 0(2)
[2024-02-14T16:50:20.007+0100][debug][gc,marking     ] GC(28)   Worker 1(3) -> Stripe 1(2)
[2024-02-14T16:50:20.007+0100][debug][gc,marking     ] GC(28)   Worker 2(3) -> Stripe 0(2)
[2024-02-14T16:50:20.007+0100][info ][gc,phases      ] GC(28) Pause Mark Start 0,078ms
[2024-02-14T16:50:20.007+0100][debug][gc,phases,start] GC(28) Concurrent Mark
[2024-02-14T16:50:20.007+0100][debug][gc,task        ] GC(28) Executing Task: XMarkRootsTask, Active Workers: 3
[2024-02-14T16:50:20.008+0100][debug][gc,tlab        ] GC(28) TLAB totals: thrds: 14  refills: 24895 max: 24864 slow allocs: 2 max 2 waste:  1,0% gc: 2544840B max: 262008B slow: 62308904B max: 62298184B
[2024-02-14T16:50:20.008+0100][debug][gc,task        ] GC(28) Executing Task: XMarkTask, Active Workers: 3
[2024-02-14T16:50:20.107+0100][debug][gc,alloc       ] Allocation Rate: 3174,0MB/s, Predicted: 3219,7MB/s, Avg: 2917,0(+/-168,3)MB/s
[2024-02-14T16:50:20.207+0100][debug][gc,alloc       ] Allocation Rate: 3174,0MB/s, Predicted: 3275,9MB/s, Avg: 2960,2(+/-173,2)MB/s
[2024-02-14T16:50:20.307+0100][debug][gc,alloc       ] Allocation Rate: 3120,0MB/s, Predicted: 3286,4MB/s, Avg: 2996,2(+/-165,1)MB/s
[2024-02-14T16:50:20.408+0100][debug][gc,alloc       ] Allocation Rate: 3060,0MB/s, Predicted: 3252,7MB/s, Avg: 3024,8(+/-148,0)MB/s
[2024-02-14T16:50:20.508+0100][debug][gc,alloc       ] Allocation Rate: 3016,0MB/s, Predicted: 3186,5MB/s, Avg: 3047,4(+/-126,0)MB/s
[2024-02-14T16:50:20.608+0100][debug][gc,alloc       ] Allocation Rate: 2944,0MB/s, Predicted: 3081,3MB/s, Avg: 3061,0(+/-105,1)MB/s
[2024-02-14T16:50:20.681+0100][info ][gc,phases      ] GC(28) Concurrent Mark 673,208ms
[2024-02-14T16:50:20.681+0100][debug][gc,phases,start] GC(28) Pause Mark End
[2024-02-14T16:50:20.681+0100][info ][gc,phases      ] GC(28) Pause Mark End 0,034ms
[2024-02-14T16:50:20.681+0100][debug][gc,phases,start] GC(28) Concurrent Mark Free
[2024-02-14T16:50:20.681+0100][info ][gc,phases      ] GC(28) Concurrent Mark Free 0,022ms
[2024-02-14T16:50:20.681+0100][debug][gc,phases,start] GC(28) Concurrent Process Non-Strong References
[2024-02-14T16:50:20.681+0100][debug][gc,phases,start] GC(28) Concurrent References Process
[2024-02-14T16:50:20.681+0100][debug][gc,task        ] GC(28) Executing Task: XReferenceProcessorTask, Active Workers: 3
[2024-02-14T16:50:20.683+0100][debug][gc,phases      ] GC(28) Concurrent References Process 2,026ms
[2024-02-14T16:50:20.683+0100][debug][gc,task        ] GC(28) Executing Task: XProcessWeakRootsTask, Active Workers: 3
[2024-02-14T16:50:20.683+0100][debug][gc,phases,start] GC(28) Concurrent Classes Unlink
[2024-02-14T16:50:20.683+0100][debug][gc,phases,start] GC(28) ClassLoaderData
[2024-02-14T16:50:20.683+0100][debug][gc,phases      ] GC(28) ClassLoaderData 0,033ms
[2024-02-14T16:50:20.683+0100][debug][gc,phases,start] GC(28) Trigger cleanups
[2024-02-14T16:50:20.683+0100][debug][gc,phases      ] GC(28) Trigger cleanups 0,005ms
[2024-02-14T16:50:20.683+0100][debug][gc,task        ] GC(28) Executing Task: XNMethodUnlinkTask, Active Workers: 3
[2024-02-14T16:50:20.685+0100][debug][gc,phases      ] GC(28) Concurrent Classes Unlink 1,932ms
[2024-02-14T16:50:20.685+0100][debug][gc,phases,start] GC(28) Concurrent Classes Purge
[2024-02-14T16:50:20.685+0100][debug][gc,nmethod     ] GC(28) Unregister NMethod: java.lang.invoke.VarHandleLongs$FieldInstanceReadOnly.getVolatile (0x00007f9f0bcf5390)
[2024-02-14T16:50:20.685+0100][debug][gc,nmethod     ] GC(28) Unregister NMethod: com.github.benmanes.caffeine.cache.BaseMpscLinkedArrayQueue.offerSlowPath (0x00007f9f2b693310)
[2024-02-14T16:50:20.685+0100][debug][gc,phases      ] GC(28) Concurrent Classes Purge 0,040ms
[2024-02-14T16:50:20.685+0100][debug][gc,phases,start] GC(28) Concurrent References Enqueue
[2024-02-14T16:50:20.685+0100][debug][gc,phases      ] GC(28) Concurrent References Enqueue 0,007ms
[2024-02-14T16:50:20.685+0100][info ][gc,phases      ] GC(28) Concurrent Process Non-Strong References 4,382ms
[2024-02-14T16:50:20.685+0100][debug][gc,phases,start] GC(28) Concurrent Reset Relocation Set
[2024-02-14T16:50:20.685+0100][info ][gc,phases      ] GC(28) Concurrent Reset Relocation Set 0,121ms
[2024-02-14T16:50:20.685+0100][debug][gc,phases,start] GC(28) Concurrent Select Relocation Set
[2024-02-14T16:50:20.686+0100][debug][gc,task        ] GC(28) Executing Task: XRelocationSetInstallTask, Active Workers: 3
[2024-02-14T16:50:20.700+0100][info ][gc,phases      ] GC(28) Concurrent Select Relocation Set 14,941ms
[2024-02-14T16:50:20.700+0100][debug][gc,phases,start] GC(28) Pause Relocate Start
[2024-02-14T16:50:20.701+0100][info ][gc,phases      ] GC(28) Pause Relocate Start 0,027ms
[2024-02-14T16:50:20.701+0100][debug][gc,phases,start] GC(28) Concurrent Relocate
[2024-02-14T16:50:20.701+0100][debug][gc,task        ] GC(28) Executing Task: XRelocateTask, Active Workers: 3
[2024-02-14T16:50:20.707+0100][debug][gc,alloc       ] Allocation Rate: 2888,0MB/s, Predicted: 2954,3MB/s, Avg: 3065,4(+/-96,4)MB/s
[2024-02-14T16:50:20.807+0100][debug][gc,alloc       ] Allocation Rate: 2844,0MB/s, Predicted: 2846,1MB/s, Avg: 3050,6(+/-116,0)MB/s
[2024-02-14T16:50:20.873+0100][info ][gc,phases      ] GC(28) Concurrent Relocate 172,415ms
[2024-02-14T16:50:20.873+0100][debug][gc,heap        ] GC(28) Heap after GC invocations=29 (full 29):
[2024-02-14T16:50:20.873+0100][debug][gc,heap        ] GC(28)  ZHeap           used 6258M, capacity 14594M, max capacity 15360M
[2024-02-14T16:50:20.873+0100][debug][gc,heap        ] GC(28)  Metaspace       used 32037K, committed 32448K, reserved 1114112K
[2024-02-14T16:50:20.873+0100][debug][gc,heap        ] GC(28)   class space    used 3379K, committed 3584K, reserved 1048576K
[2024-02-14T16:50:20.873+0100][info ][gc,load        ] GC(28) Load: 3,29/1,81/1,72
[2024-02-14T16:50:20.873+0100][info ][gc,mmu         ] GC(28) MMU: 2ms/92,8%, 5ms/97,1%, 10ms/98,6%, 20ms/99,1%, 50ms/99,6%, 100ms/99,8%
[2024-02-14T16:50:20.873+0100][info ][gc,marking     ] GC(28) Mark: 2 stripe(s), 2 proactive flush(es), 1 terminate flush(es), 0 completion(s), 0 continuation(s) 
[2024-02-14T16:50:20.873+0100][info ][gc,marking     ] GC(28) Mark Stack Usage: 32M
[2024-02-14T16:50:20.873+0100][info ][gc,nmethod     ] GC(28) NMethods: 4249 registered, 1454 unregistered
[2024-02-14T16:50:20.873+0100][info ][gc,metaspace   ] GC(28) Metaspace: 31M used, 31M committed, 1088M reserved
[2024-02-14T16:50:20.873+0100][info ][gc,ref         ] GC(28) Soft: 3896 encountered, 0 discovered, 0 enqueued
[2024-02-14T16:50:20.873+0100][info ][gc,ref         ] GC(28) Weak: 2055 encountered, 129 discovered, 0 enqueued
[2024-02-14T16:50:20.873+0100][info ][gc,ref         ] GC(28) Final: 12200 encountered, 12200 discovered, 12200 enqueued
[2024-02-14T16:50:20.873+0100][info ][gc,ref         ] GC(28) Phantom: 12601 encountered, 12576 discovered, 12206 enqueued
[2024-02-14T16:50:20.873+0100][info ][gc,reloc       ] GC(28) Small Pages: 5033 / 10066M, Empty: 274M, Relocated: 965M, In-Place: 0
[2024-02-14T16:50:20.873+0100][info ][gc,reloc       ] GC(28) Medium Pages: 1 / 32M, Empty: 0M, Relocated: 0M, In-Place: 0
[2024-02-14T16:50:20.873+0100][info ][gc,reloc       ] GC(28) Large Pages: 0 / 0M, Empty: 0M, Relocated: 0M, In-Place: 0
[2024-02-14T16:50:20.873+0100][info ][gc,reloc       ] GC(28) Forwarding Usage: 391M
[2024-02-14T16:50:20.873+0100][info ][gc,heap        ] GC(28) Min Capacity: 5120M(33%)
[2024-02-14T16:50:20.873+0100][info ][gc,heap        ] GC(28) Max Capacity: 15360M(100%)
[2024-02-14T16:50:20.873+0100][info ][gc,heap        ] GC(28) Soft Max Capacity: 15360M(100%)
[2024-02-14T16:50:20.873+0100][info ][gc,heap        ] GC(28)                Mark Start          Mark End        Relocate Start      Relocate End           High               Low         
[2024-02-14T16:50:20.873+0100][info ][gc,heap        ] GC(28)  Capacity:    14594M (95%)       14594M (95%)       14594M (95%)       14594M (95%)       14594M (95%)       14594M (95%)    
[2024-02-14T16:50:20.873+0100][info ][gc,heap        ] GC(28)      Free:     5262M (34%)        3398M (22%)        3618M (24%)        9102M (59%)        9104M (59%)        3384M (22%)    
[2024-02-14T16:50:20.873+0100][info ][gc,heap        ] GC(28)      Used:    10098M (66%)       11962M (78%)       11742M (76%)        6258M (41%)       11976M (78%)        6256M (41%)    
[2024-02-14T16:50:20.873+0100][info ][gc,heap        ] GC(28)      Live:         -              3679M (24%)        3679M (24%)        3679M (24%)            -                  -          
[2024-02-14T16:50:20.873+0100][info ][gc,heap        ] GC(28) Allocated:         -              1864M (12%)        1918M (12%)        2393M (16%)            -                  -          
[2024-02-14T16:50:20.873+0100][info ][gc,heap        ] GC(28)   Garbage:         -              6418M (42%)        6144M (40%)         184M (1%)             -                  -          
[2024-02-14T16:50:20.873+0100][info ][gc,heap        ] GC(28) Reclaimed:         -                  -               274M (2%)         6233M (41%)            -                  -          
[2024-02-14T16:50:20.873+0100][info ][gc             ] GC(28) Garbage Collection (Allocation Rate) 10098M(66%)->6258M(41%)
[2024-02-14T16:50:20.907+0100][debug][gc,alloc       ] Allocation Rate: 2816,0MB/s, Predicted: 2773,5MB/s, Avg: 3019,2(+/-131,7)MB/s
[2024-02-14T16:50:20.907+0100][debug][gc,director    ] Select GC Workers (Try Lowering), AvoidLongGCWorkers: 0,281, AvoidOOMGCWorkers: 1,133, NextAvoidOOMGCWorkers: 1,444, LastGCWorkers: 3,000, GCWorkers: 2,000
[2024-02-14T16:50:20.907+0100][debug][gc,director    ] Rule: Allocation Rate (Dynamic GC Workers), MaxAllocRate: 3452,4MB/s (+/-4,4%), Free: 8952MB, GCCPUTime: 2,815, GCDuration: 1,410s, TimeUntilOOM: 2,485s, TimeUntilGC: 0,975s, GCWorkers: 3 -> 2
[2024-02-14T16:50:20.907+0100][debug][gc,director    ] Rule: High Usage, Free: 8952MB(58,3%)
[2024-02-14T16:50:20.907+0100][debug][gc,director    ] Rule: Proactive, UsedUntilEnabled: 1428MB, TimeUntilEnabled: 299,966s
[2024-02-14T16:50:21.008+0100][debug][gc,alloc       ] Allocation Rate: 2834,0MB/s, Predicted: 2735,9MB/s, Avg: 2987,0(+/-133,6)MB/s
[2024-02-14T16:50:21.008+0100][debug][gc,director    ] Select GC Workers (Try Lowering), AvoidLongGCWorkers: 0,281, AvoidOOMGCWorkers: 1,169, NextAvoidOOMGCWorkers: 1,427, LastGCWorkers: 3,000, GCWorkers: 2,000
[2024-02-14T16:50:21.008+0100][debug][gc,director    ] Rule: Allocation Rate (Dynamic GC Workers), MaxAllocRate: 3426,7MB/s (+/-4,5%), Free: 8620MB, GCCPUTime: 2,815, GCDuration: 1,410s, TimeUntilOOM: 2,408s, TimeUntilGC: 0,898s, GCWorkers: 3 -> 2
[2024-02-14T16:50:21.008+0100][debug][gc,director    ] Rule: High Usage, Free: 8620MB(56,1%)
[2024-02-14T16:50:21.008+0100][debug][gc,director    ] Rule: Proactive, UsedUntilEnabled: 1096MB, TimeUntilEnabled: 299,865s
[2024-02-14T16:50:21.108+0100][debug][gc,alloc       ] Allocation Rate: 2886,0MB/s, Predicted: 2745,3MB/s, Avg: 2958,2(+/-120,6)MB/s
[2024-02-14T16:50:21.108+0100][debug][gc,director    ] Select GC Workers (Try Lowering), AvoidLongGCWorkers: 0,281, AvoidOOMGCWorkers: 1,186, NextAvoidOOMGCWorkers: 1,381, LastGCWorkers: 3,000, GCWorkers: 2,000
[2024-02-14T16:50:21.108+0100][debug][gc,director    ] Rule: Allocation Rate (Dynamic GC Workers), MaxAllocRate: 3355,1MB/s (+/-4,1%), Free: 8288MB, GCCPUTime: 2,815, GCDuration: 1,410s, TimeUntilOOM: 2,373s, TimeUntilGC: 0,863s, GCWorkers: 3 -> 2
[2024-02-14T16:50:21.108+0100][debug][gc,director    ] Rule: High Usage, Free: 8288MB(54,0%)
[2024-02-14T16:50:21.108+0100][debug][gc,director    ] Rule: Proactive, UsedUntilEnabled: 764MB, TimeUntilEnabled: 299,765s
[2024-02-14T16:50:21.208+0100][debug][gc,alloc       ] Allocation Rate: 2916,0MB/s, Predicted: 2786,0MB/s, Avg: 2932,4(+/-97,0)MB/s
[2024-02-14T16:50:21.208+0100][debug][gc,director    ] Select GC Workers (Try Lowering), AvoidLongGCWorkers: 0,281, AvoidOOMGCWorkers: 1,187, NextAvoidOOMGCWorkers: 1,317, LastGCWorkers: 3,000, GCWorkers: 2,000
[2024-02-14T16:50:21.208+0100][debug][gc,director    ] Rule: Allocation Rate (Dynamic GC Workers), MaxAllocRate: 3251,5MB/s (+/-3,3%), Free: 7968MB, GCCPUTime: 2,815, GCDuration: 1,410s, TimeUntilOOM: 2,372s, TimeUntilGC: 0,862s, GCWorkers: 3 -> 2
[2024-02-14T16:50:21.208+0100][debug][gc,director    ] Rule: High Usage, Free: 7968MB(51,9%)
[2024-02-14T16:50:21.208+0100][debug][gc,director    ] Rule: Proactive, UsedUntilEnabled: 444MB, TimeUntilEnabled: 299,665s
[2024-02-14T16:50:21.307+0100][debug][gc,alloc       ] Allocation Rate: 2968,0MB/s, Predicted: 2850,3MB/s, Avg: 2917,2(+/-76,0)MB/s
[2024-02-14T16:50:21.307+0100][debug][gc,director    ] Select GC Workers (Try Lowering), AvoidLongGCWorkers: 0,281, AvoidOOMGCWorkers: 1,198, NextAvoidOOMGCWorkers: 1,271, LastGCWorkers: 3,000, GCWorkers: 2,000
[2024-02-14T16:50:21.307+0100][debug][gc,director    ] Rule: Allocation Rate (Dynamic GC Workers), MaxAllocRate: 3167,4MB/s (+/-2,6%), Free: 7640MB, GCCPUTime: 2,815, GCDuration: 1,410s, TimeUntilOOM: 2,351s, TimeUntilGC: 0,841s, GCWorkers: 3 -> 2
[2024-02-14T16:50:21.307+0100][debug][gc,director    ] Rule: High Usage, Free: 7640MB(49,7%)
[2024-02-14T16:50:21.307+0100][debug][gc,director    ] Rule: Proactive, UsedUntilEnabled: 116MB, TimeUntilEnabled: 299,566s
[2024-02-14T16:50:21.407+0100][debug][gc,alloc       ] Allocation Rate: 3038,0MB/s, Predicted: 2936,7MB/s, Avg: 2915,0(+/-72,1)MB/s
[2024-02-14T16:50:21.407+0100][debug][gc,director    ] Select GC Workers (Try Lowering), AvoidLongGCWorkers: 0,281, AvoidOOMGCWorkers: 1,254, NextAvoidOOMGCWorkers: 1,273, LastGCWorkers: 3,000, GCWorkers: 2,000
[2024-02-14T16:50:21.407+0100][debug][gc,director    ] Rule: Allocation Rate (Dynamic GC Workers), MaxAllocRate: 3173,8MB/s (+/-2,5%), Free: 7306MB, GCCPUTime: 2,815, GCDuration: 1,410s, TimeUntilOOM: 2,246s, TimeUntilGC: 0,736s, GCWorkers: 3 -> 2
[2024-02-14T16:50:21.407+0100][debug][gc,director    ] Rule: High Usage, Free: 7306MB(47,6%)
[2024-02-14T16:50:21.407+0100][debug][gc,director    ] Rule: Proactive, AcceptableGCInterval: 27,788s, TimeSinceLastGC: 0,534s, TimeUntilGC: 27,254s
[2024-02-14T16:50:21.507+0100][debug][gc,alloc       ] Allocation Rate: 3088,0MB/s, Predicted: 3032,8MB/s, Avg: 2922,2(+/-84,4)MB/s
[2024-02-14T16:50:21.507+0100][debug][gc,director    ] Select GC Workers (Try Lowering), AvoidLongGCWorkers: 0,281, AvoidOOMGCWorkers: 1,377, NextAvoidOOMGCWorkers: 1,334, LastGCWorkers: 3,000, GCWorkers: 2,000
[2024-02-14T16:50:21.508+0100][debug][gc,director    ] Rule: Allocation Rate (Dynamic GC Workers), MaxAllocRate: 3310,4MB/s (+/-2,9%), Free: 6968MB, GCCPUTime: 2,815, GCDuration: 1,410s, TimeUntilOOM: 2,046s, TimeUntilGC: 0,536s, GCWorkers: 3 -> 2
[2024-02-14T16:50:21.508+0100][debug][gc,director    ] Rule: High Usage, Free: 6968MB(45,4%)
[2024-02-14T16:50:21.508+0100][debug][gc,director    ] Rule: Proactive, AcceptableGCInterval: 27,788s, TimeSinceLastGC: 0,634s, TimeUntilGC: 27,154s
[2024-02-14T16:50:21.608+0100][debug][gc,alloc       ] Allocation Rate: 3162,0MB/s, Predicted: 3134,5MB/s, Avg: 2944,0(+/-111,1)MB/s
[2024-02-14T16:50:21.608+0100][debug][gc,director    ] Select GC Workers (Try Lowering), AvoidLongGCWorkers: 0,281, AvoidOOMGCWorkers: 1,542, NextAvoidOOMGCWorkers: 1,413, LastGCWorkers: 3,000, GCWorkers: 2,000
[2024-02-14T16:50:21.608+0100][debug][gc,director    ] Rule: Allocation Rate (Dynamic GC Workers), MaxAllocRate: 3500,1MB/s (+/-3,8%), Free: 6636MB, GCCPUTime: 2,815, GCDuration: 1,410s, TimeUntilOOM: 1,827s, TimeUntilGC: 0,317s, GCWorkers: 3 -> 2
[2024-02-14T16:50:21.608+0100][debug][gc,director    ] Rule: High Usage, Free: 6636MB(43,2%)
[2024-02-14T16:50:21.608+0100][debug][gc,director    ] Rule: Proactive, AcceptableGCInterval: 27,788s, TimeSinceLastGC: 0,735s, TimeUntilGC: 27,054s
[2024-02-14T16:50:21.708+0100][debug][gc,alloc       ] Allocation Rate: 3212,0MB/s, Predicted: 3226,8MB/s, Avg: 2976,4(+/-134,8)MB/s
[2024-02-14T16:50:21.708+0100][debug][gc,director    ] Select GC Workers (Try Lowering), AvoidLongGCWorkers: 0,281, AvoidOOMGCWorkers: 1,715, NextAvoidOOMGCWorkers: 1,475, LastGCWorkers: 3,000, GCWorkers: 2,000
[2024-02-14T16:50:21.708+0100][debug][gc,director    ] Rule: Allocation Rate (Dynamic GC Workers), MaxAllocRate: 3670,3MB/s (+/-4,5%), Free: 6306MB, GCCPUTime: 2,815, GCDuration: 1,410s, TimeUntilOOM: 1,644s, TimeUntilGC: 0,134s, GCWorkers: 3 -> 2
[2024-02-14T16:50:21.708+0100][debug][gc,director    ] Rule: High Usage, Free: 6306MB(41,1%)
[2024-02-14T16:50:21.708+0100][debug][gc,director    ] Rule: Proactive, AcceptableGCInterval: 27,788s, TimeSinceLastGC: 0,835s, TimeUntilGC: 26,954s
[2024-02-14T16:50:21.808+0100][debug][gc,alloc       ] Allocation Rate: 3258,0MB/s, Predicted: 3304,1MB/s, Avg: 3017,8(+/-150,4)MB/s
[2024-02-14T16:50:21.808+0100][debug][gc,director    ] Select GC Workers (Try Lowering), AvoidLongGCWorkers: 0,281, AvoidOOMGCWorkers: 1,882, NextAvoidOOMGCWorkers: 1,511, LastGCWorkers: 3,000, GCWorkers: 2,011
[2024-02-14T16:50:21.808+0100][debug][gc,director    ] Rule: Allocation Rate (Dynamic GC Workers), MaxAllocRate: 3799,1MB/s (+/-5,0%), Free: 5974MB, GCCPUTime: 2,815, GCDuration: 0,942s, TimeUntilOOM: 1,498s, TimeUntilGC: 0,456s, GCWorkers: 3 -> 3
[2024-02-14T16:50:21.808+0100][debug][gc,director    ] Rule: High Usage, Free: 5972MB(38,9%)
[2024-02-14T16:50:21.808+0100][debug][gc,director    ] Rule: Proactive, AcceptableGCInterval: 27,788s, TimeSinceLastGC: 0,935s, TimeUntilGC: 26,853s
[2024-02-14T16:50:21.907+0100][debug][gc,alloc       ] Allocation Rate: 3312,0MB/s, Predicted: 3368,0MB/s, Avg: 3067,4(+/-157,3)MB/s
[2024-02-14T16:50:21.907+0100][debug][gc,director    ] Select GC Workers (Normal), AvoidLongGCWorkers: 0,281, AvoidOOMGCWorkers: 2,043, LastGCWorkers: 3,000, GCWorkers: 2,043
[2024-02-14T16:50:21.907+0100][debug][gc,director    ] Rule: Allocation Rate (Dynamic GC Workers), MaxAllocRate: 3885,7MB/s (+/-5,1%), Free: 5640MB, GCCPUTime: 2,815, GCDuration: 0,942s, TimeUntilOOM: 1,381s, TimeUntilGC: 0,339s, GCWorkers: 3 -> 3
[2024-02-14T16:50:21.907+0100][debug][gc,director    ] Rule: High Usage, Free: 5640MB(36,7%)
[2024-02-14T16:50:21.907+0100][debug][gc,director    ] Rule: Proactive, AcceptableGCInterval: 27,788s, TimeSinceLastGC: 1,034s, TimeUntilGC: 26,754s
[2024-02-14T16:50:22.007+0100][debug][gc,alloc       ] Allocation Rate: 3314,0MB/s, Predicted: 3404,4MB/s, Avg: 3115,4(+/-151,9)MB/s
[2024-02-14T16:50:22.007+0100][debug][gc,director    ] Select GC Workers (Normal), AvoidLongGCWorkers: 0,281, AvoidOOMGCWorkers: 2,177, LastGCWorkers: 3,000, GCWorkers: 2,177
[2024-02-14T16:50:22.007+0100][debug][gc,director    ] Rule: Allocation Rate (Dynamic GC Workers), MaxAllocRate: 3904,3MB/s (+/-4,9%), Free: 5306MB, GCCPUTime: 2,815, GCDuration: 0,942s, TimeUntilOOM: 1,296s, TimeUntilGC: 0,254s, GCWorkers: 3 -> 3
[2024-02-14T16:50:22.007+0100][debug][gc,director    ] Rule: High Usage, Free: 5306MB(34,5%)
[2024-02-14T16:50:22.007+0100][debug][gc,director    ] Rule: Proactive, AcceptableGCInterval: 27,788s, TimeSinceLastGC: 1,134s, TimeUntilGC: 26,654s
[2024-02-14T16:50:22.107+0100][debug][gc,alloc       ] Allocation Rate: 3320,0MB/s, Predicted: 3425,1MB/s, Avg: 3158,8(+/-141,8)MB/s
[2024-02-14T16:50:22.107+0100][debug][gc,director    ] Select GC Workers (Normal), AvoidLongGCWorkers: 0,281, AvoidOOMGCWorkers: 2,309, LastGCWorkers: 3,000, GCWorkers: 2,309
[2024-02-14T16:50:22.107+0100][debug][gc,director    ] Rule: Allocation Rate (Dynamic GC Workers), MaxAllocRate: 3891,8MB/s (+/-4,5%), Free: 4970MB, GCCPUTime: 2,815, GCDuration: 0,942s, TimeUntilOOM: 1,222s, TimeUntilGC: 0,180s, GCWorkers: 3 -> 3
[2024-02-14T16:50:22.107+0100][debug][gc,director    ] Rule: High Usage, Free: 4970MB(32,4%)
[2024-02-14T16:50:22.107+0100][debug][gc,director    ] Rule: Proactive, AcceptableGCInterval: 27,788s, TimeSinceLastGC: 1,234s, TimeUntilGC: 26,554s
[2024-02-14T16:50:22.208+0100][debug][gc,alloc       ] Allocation Rate: 3332,0MB/s, Predicted: 3429,6MB/s, Avg: 3200,4(+/-124,5)MB/s
[2024-02-14T16:50:22.208+0100][debug][gc,director    ] Select GC Workers (Normal), AvoidLongGCWorkers: 0,281, AvoidOOMGCWorkers: 2,428, LastGCWorkers: 3,000, GCWorkers: 2,428
[2024-02-14T16:50:22.208+0100][debug][gc,director    ] Rule: Allocation Rate (Dynamic GC Workers), MaxAllocRate: 3839,2MB/s (+/-3,9%), Free: 4636MB, GCCPUTime: 2,815, GCDuration: 0,942s, TimeUntilOOM: 1,162s, TimeUntilGC: 0,121s, GCWorkers: 3 -> 3
[2024-02-14T16:50:22.208+0100][debug][gc,director    ] Rule: High Usage, Free: 4636MB(30,2%)
[2024-02-14T16:50:22.208+0100][debug][gc,director    ] Rule: Proactive, AcceptableGCInterval: 27,788s, TimeSinceLastGC: 1,335s, TimeUntilGC: 26,454s
[2024-02-14T16:50:22.308+0100][debug][gc,alloc       ] Allocation Rate: 3336,0MB/s, Predicted: 3421,9MB/s, Avg: 3237,2(+/-102,8)MB/s
[2024-02-14T16:50:22.308+0100][debug][gc,director    ] Select GC Workers (Normal), AvoidLongGCWorkers: 0,281, AvoidOOMGCWorkers: 2,545, LastGCWorkers: 3,000, GCWorkers: 2,545
[2024-02-14T16:50:22.308+0100][debug][gc,director    ] Rule: Allocation Rate (Dynamic GC Workers), MaxAllocRate: 3760,3MB/s (+/-3,2%), Free: 4304MB, GCCPUTime: 2,815, GCDuration: 0,942s, TimeUntilOOM: 1,109s, TimeUntilGC: 0,068s, GCWorkers: 3 -> 3
[2024-02-14T16:50:22.308+0100][debug][gc,director    ] Rule: High Usage, Free: 4304MB(28,0%)
[2024-02-14T16:50:22.308+0100][debug][gc,director    ] Rule: Proactive, AcceptableGCInterval: 27,788s, TimeSinceLastGC: 1,435s, TimeUntilGC: 26,354s
[2024-02-14T16:50:22.408+0100][debug][gc,alloc       ] Allocation Rate: 3332,0MB/s, Predicted: 3406,7MB/s, Avg: 3266,6(+/-81,5)MB/s
[2024-02-14T16:50:22.408+0100][debug][gc,director    ] Select GC Workers (Normal), AvoidLongGCWorkers: 0,281, AvoidOOMGCWorkers: 2,676, LastGCWorkers: 3,000, GCWorkers: 2,676
[2024-02-14T16:50:22.408+0100][debug][gc,director    ] Rule: Allocation Rate (Dynamic GC Workers), MaxAllocRate: 3674,8MB/s (+/-2,5%), Free: 3974MB, GCCPUTime: 2,815, GCDuration: 0,942s, TimeUntilOOM: 1,055s, TimeUntilGC: 0,013s, GCWorkers: 3 -> 3
[2024-02-14T16:50:22.408+0100][debug][gc,director    ] Rule: High Usage, Free: 3974MB(25,9%)
[2024-02-14T16:50:22.408+0100][debug][gc,director    ] Rule: Proactive, AcceptableGCInterval: 27,788s, TimeSinceLastGC: 1,535s, TimeUntilGC: 26,254s
[2024-02-14T16:50:22.508+0100][debug][gc,alloc       ] Allocation Rate: 3314,0MB/s, Predicted: 3378,0MB/s, Avg: 3289,2(+/-56,3)MB/s
[2024-02-14T16:50:22.508+0100][debug][gc,director    ] Select GC Workers (Normal), AvoidLongGCWorkers: 0,281, AvoidOOMGCWorkers: 2,801, LastGCWorkers: 3,000, GCWorkers: 2,801
[2024-02-14T16:50:22.508+0100][debug][gc,director    ] Rule: Allocation Rate (Dynamic GC Workers), MaxAllocRate: 3563,2MB/s (+/-1,7%), Free: 3654MB, GCCPUTime: 2,815, GCDuration: 0,942s, TimeUntilOOM: 1,008s, TimeUntilGC: -0,034s, GCWorkers: 3 -> 3
[2024-02-14T16:50:22.508+0100][debug][gc,heap        ] GC(29) Heap before GC invocations=29 (full 29):
[2024-02-14T16:50:22.508+0100][debug][gc,heap        ] GC(29)  ZHeap           used 11664M, capacity 14594M, max capacity 15360M
[2024-02-14T16:50:22.508+0100][debug][gc,heap        ] GC(29)  Metaspace       used 32037K, committed 32448K, reserved 1114112K
[2024-02-14T16:50:22.508+0100][debug][gc,heap        ] GC(29)   class space    used 3379K, committed 3584K, reserved 1048576K
[2024-02-14T16:50:22.508+0100][info ][gc,start       ] GC(29) Garbage Collection (Allocation Rate)
[2024-02-14T16:50:22.508+0100][info ][gc,task        ] GC(29) Using 3 workers
[2024-02-14T16:50:22.508+0100][debug][gc,phases,start] GC(29) Pause Mark Start
[2024-02-14T16:50:22.508+0100][debug][gc,marking     ] GC(29) Using 2 mark stripes
[2024-02-14T16:50:22.508+0100][debug][gc,marking     ] GC(29) Mark Worker/Stripe Distribution
[2024-02-14T16:50:22.508+0100][debug][gc,marking     ] GC(29)   Worker 0(3) -> Stripe 0(2)
[2024-02-14T16:50:22.508+0100][debug][gc,marking     ] GC(29)   Worker 1(3) -> Stripe 1(2)
[2024-02-14T16:50:22.508+0100][debug][gc,marking     ] GC(29)   Worker 2(3) -> Stripe 0(2)
[2024-02-14T16:50:22.508+0100][info ][gc,phases      ] GC(29) Pause Mark Start 0,084ms
[2024-02-14T16:50:22.508+0100][debug][gc,phases,start] GC(29) Concurrent Mark
[2024-02-14T16:50:22.508+0100][debug][gc,task        ] GC(29) Executing Task: XMarkRootsTask, Active Workers: 3
[2024-02-14T16:50:22.509+0100][debug][gc,tlab        ] GC(29) TLAB totals: thrds: 9  refills: 31170 max: 31133 slow allocs: 7 max 7 waste:  1,0% gc: 1246168B max: 256872B slow: 77811976B max: 77794512B
[2024-02-14T16:50:22.509+0100][debug][gc,task        ] GC(29) Executing Task: XMarkTask, Active Workers: 3
[2024-02-14T16:50:22.607+0100][debug][gc,alloc       ] Allocation Rate: 3252,0MB/s, Predicted: 3329,2MB/s, Avg: 3298,2(+/-40,1)MB/s
[2024-02-14T16:50:22.707+0100][debug][gc,alloc       ] Allocation Rate: 3226,0MB/s, Predicted: 3277,3MB/s, Avg: 3299,6(+/-37,2)MB/s
[2024-02-14T16:50:22.807+0100][debug][gc,alloc       ] Allocation Rate: 3196,0MB/s, Predicted: 3224,8MB/s, Avg: 3293,4(+/-47,4)MB/s
[2024-02-14T16:50:22.907+0100][debug][gc,alloc       ] Allocation Rate: 3150,0MB/s, Predicted: 3172,4MB/s, Avg: 3277,2(+/-63,3)MB/s
[2024-02-14T16:50:23.008+0100][debug][gc,alloc       ] Allocation Rate: 3086,0MB/s, Predicted: 3105,7MB/s, Avg: 3254,4(+/-83,7)MB/s
[2024-02-14T16:50:23.108+0100][debug][gc,alloc       ] Allocation Rate: 3012,0MB/s, Predicted: 3026,3MB/s, Avg: 3223,6(+/-107,2)MB/s
[2024-02-14T16:50:23.202+0100][info ][gc,phases      ] GC(29) Concurrent Mark 693,949ms
[2024-02-14T16:50:23.202+0100][debug][gc,phases,start] GC(29) Pause Mark End
[2024-02-14T16:50:23.202+0100][info ][gc,phases      ] GC(29) Pause Mark End 0,042ms
[2024-02-14T16:50:23.202+0100][debug][gc,phases,start] GC(29) Concurrent Mark Free
[2024-02-14T16:50:23.202+0100][info ][gc,phases      ] GC(29) Concurrent Mark Free 0,008ms
[2024-02-14T16:50:23.202+0100][debug][gc,phases,start] GC(29) Concurrent Process Non-Strong References
[2024-02-14T16:50:23.202+0100][debug][gc,phases,start] GC(29) Concurrent References Process
[2024-02-14T16:50:23.202+0100][debug][gc,task        ] GC(29) Executing Task: XReferenceProcessorTask, Active Workers: 3
[2024-02-14T16:50:23.206+0100][debug][gc,phases      ] GC(29) Concurrent References Process 3,565ms
[2024-02-14T16:50:23.206+0100][debug][gc,task        ] GC(29) Executing Task: XProcessWeakRootsTask, Active Workers: 3
[2024-02-14T16:50:23.206+0100][debug][gc,phases,start] GC(29) Concurrent Classes Unlink
[2024-02-14T16:50:23.206+0100][debug][gc,phases,start] GC(29) ClassLoaderData
[2024-02-14T16:50:23.206+0100][debug][gc,phases      ] GC(29) ClassLoaderData 0,034ms
[2024-02-14T16:50:23.206+0100][debug][gc,phases,start] GC(29) Trigger cleanups
[2024-02-14T16:50:23.206+0100][debug][gc,phases      ] GC(29) Trigger cleanups 0,006ms
[2024-02-14T16:50:23.206+0100][debug][gc,task        ] GC(29) Executing Task: XNMethodUnlinkTask, Active Workers: 3
[2024-02-14T16:50:23.208+0100][debug][gc,phases      ] GC(29) Concurrent Classes Unlink 1,654ms
[2024-02-14T16:50:23.208+0100][debug][gc,phases,start] GC(29) Concurrent Classes Purge
[2024-02-14T16:50:23.208+0100][debug][gc,phases      ] GC(29) Concurrent Classes Purge 0,009ms
[2024-02-14T16:50:23.208+0100][debug][gc,phases,start] GC(29) Concurrent References Enqueue
[2024-02-14T16:50:23.208+0100][debug][gc,alloc       ] Allocation Rate: 2938,0MB/s, Predicted: 2940,9MB/s, Avg: 3184,2(+/-130,1)MB/s
[2024-02-14T16:50:23.208+0100][debug][gc,phases      ] GC(29) Concurrent References Enqueue 0,009ms
[2024-02-14T16:50:23.208+0100][info ][gc,phases      ] GC(29) Concurrent Process Non-Strong References 5,541ms
[2024-02-14T16:50:23.208+0100][debug][gc,phases,start] GC(29) Concurrent Reset Relocation Set
[2024-02-14T16:50:23.208+0100][info ][gc,phases      ] GC(29) Concurrent Reset Relocation Set 0,123ms
[2024-02-14T16:50:23.208+0100][debug][gc,phases,start] GC(29) Concurrent Select Relocation Set
[2024-02-14T16:50:23.213+0100][debug][gc,task        ] GC(29) Executing Task: XRelocationSetInstallTask, Active Workers: 3
[2024-02-14T16:50:23.222+0100][info ][gc,phases      ] GC(29) Concurrent Select Relocation Set 13,920ms
[2024-02-14T16:50:23.222+0100][debug][gc,phases,start] GC(29) Pause Relocate Start
[2024-02-14T16:50:23.222+0100][info ][gc,phases      ] GC(29) Pause Relocate Start 0,038ms
[2024-02-14T16:50:23.222+0100][debug][gc,phases,start] GC(29) Concurrent Relocate
[2024-02-14T16:50:23.222+0100][debug][gc,task        ] GC(29) Executing Task: XRelocateTask, Active Workers: 3
[2024-02-14T16:50:23.307+0100][debug][gc,alloc       ] Allocation Rate: 2852,0MB/s, Predicted: 2848,5MB/s, Avg: 3135,8(+/-152,7)MB/s
[2024-02-14T16:50:23.341+0100][info ][gc,phases      ] GC(29) Concurrent Relocate 118,490ms
[2024-02-14T16:50:23.341+0100][debug][gc,heap        ] GC(29) Heap after GC invocations=30 (full 30):
[2024-02-14T16:50:23.341+0100][debug][gc,heap        ] GC(29)  ZHeap           used 6212M, capacity 14594M, max capacity 15360M
[2024-02-14T16:50:23.341+0100][debug][gc,heap        ] GC(29)  Metaspace       used 32037K, committed 32448K, reserved 1114112K
[2024-02-14T16:50:23.341+0100][debug][gc,heap        ] GC(29)   class space    used 3379K, committed 3584K, reserved 1048576K
[2024-02-14T16:50:23.341+0100][info ][gc,load        ] GC(29) Load: 3,59/1,89/1,75
[2024-02-14T16:50:23.341+0100][info ][gc,mmu         ] GC(29) MMU: 2ms/92,8%, 5ms/97,1%, 10ms/98,6%, 20ms/99,1%, 50ms/99,6%, 100ms/99,8%
[2024-02-14T16:50:23.341+0100][info ][gc,marking     ] GC(29) Mark: 2 stripe(s), 2 proactive flush(es), 1 terminate flush(es), 0 completion(s), 0 continuation(s) 
[2024-02-14T16:50:23.341+0100][info ][gc,marking     ] GC(29) Mark Stack Usage: 32M
[2024-02-14T16:50:23.341+0100][info ][gc,nmethod     ] GC(29) NMethods: 4249 registered, 1454 unregistered
[2024-02-14T16:50:23.341+0100][info ][gc,metaspace   ] GC(29) Metaspace: 31M used, 31M committed, 1088M reserved
[2024-02-14T16:50:23.341+0100][info ][gc,ref         ] GC(29) Soft: 3896 encountered, 0 discovered, 0 enqueued
[2024-02-14T16:50:23.341+0100][info ][gc,ref         ] GC(29) Weak: 2055 encountered, 129 discovered, 0 enqueued
[2024-02-14T16:50:23.341+0100][info ][gc,ref         ] GC(29) Final: 15276 encountered, 15276 discovered, 15276 enqueued
[2024-02-14T16:50:23.341+0100][info ][gc,ref         ] GC(29) Phantom: 15679 encountered, 15550 discovered, 15284 enqueued
[2024-02-14T16:50:23.341+0100][info ][gc,reloc       ] GC(29) Small Pages: 5816 / 11632M, Empty: 90M, Relocated: 589M, In-Place: 0
[2024-02-14T16:50:23.341+0100][info ][gc,reloc       ] GC(29) Medium Pages: 1 / 32M, Empty: 0M, Relocated: 0M, In-Place: 0
[2024-02-14T16:50:23.341+0100][info ][gc,reloc       ] GC(29) Large Pages: 0 / 0M, Empty: 0M, Relocated: 0M, In-Place: 0
[2024-02-14T16:50:23.341+0100][info ][gc,reloc       ] GC(29) Forwarding Usage: 246M
[2024-02-14T16:50:23.341+0100][info ][gc,heap        ] GC(29) Min Capacity: 5120M(33%)
[2024-02-14T16:50:23.341+0100][info ][gc,heap        ] GC(29) Max Capacity: 15360M(100%)
[2024-02-14T16:50:23.341+0100][info ][gc,heap        ] GC(29) Soft Max Capacity: 15360M(100%)
[2024-02-14T16:50:23.341+0100][info ][gc,heap        ] GC(29)                Mark Start          Mark End        Relocate Start      Relocate End           High               Low         
[2024-02-14T16:50:23.341+0100][info ][gc,heap        ] GC(29)  Capacity:    14594M (95%)       14594M (95%)       14594M (95%)       14594M (95%)       14594M (95%)       14594M (95%)    
[2024-02-14T16:50:23.341+0100][info ][gc,heap        ] GC(29)      Free:     3696M (24%)        1756M (11%)        1794M (12%)        9150M (60%)        9152M (60%)        1736M (11%)    
[2024-02-14T16:50:23.341+0100][info ][gc,heap        ] GC(29)      Used:    11664M (76%)       13604M (89%)       13566M (88%)        6210M (40%)       13624M (89%)        6208M (40%)    
[2024-02-14T16:50:23.341+0100][info ][gc,heap        ] GC(29)      Live:         -              3697M (24%)        3697M (24%)        3697M (24%)            -                  -          
[2024-02-14T16:50:23.341+0100][info ][gc,heap        ] GC(29) Allocated:         -              1940M (13%)        1992M (13%)        2293M (15%)            -                  -          
[2024-02-14T16:50:23.341+0100][info ][gc,heap        ] GC(29)   Garbage:         -              7966M (52%)        7876M (51%)         218M (1%)             -                  -          
[2024-02-14T16:50:23.341+0100][info ][gc,heap        ] GC(29) Reclaimed:         -                  -                90M (1%)         7747M (50%)            -                  -          
[2024-02-14T16:50:23.341+0100][info ][gc             ] GC(29) Garbage Collection (Allocation Rate) 11664M(76%)->6210M(40%)
[2024-02-14T16:50:23.407+0100][debug][gc,alloc       ] Allocation Rate: 2820,0MB/s, Predicted: 2774,5MB/s, Avg: 3084,6(+/-163,8)MB/s
[2024-02-14T16:50:23.407+0100][debug][gc,director    ] Select GC Workers (Try Lowering), AvoidLongGCWorkers: 0,268, AvoidOOMGCWorkers: 1,155, NextAvoidOOMGCWorkers: 1,456, LastGCWorkers: 3,000, GCWorkers: 2,000
[2024-02-14T16:50:23.407+0100][debug][gc,director    ] Rule: Allocation Rate (Dynamic GC Workers), MaxAllocRate: 3623,5MB/s (+/-5,3%), Free: 8902MB, GCCPUTime: 2,692, GCDuration: 1,352s, TimeUntilOOM: 2,333s, TimeUntilGC: 0,881s, GCWorkers: 3 -> 2
[2024-02-14T16:50:23.407+0100][debug][gc,director    ] Rule: High Usage, Free: 8902MB(58,0%)
[2024-02-14T16:50:23.407+0100][debug][gc,director    ] Rule: Proactive, UsedUntilEnabled: 1330MB, TimeUntilEnabled: 299,934s
[2024-02-14T16:50:23.507+0100][debug][gc,alloc       ] Allocation Rate: 2812,0MB/s, Predicted: 2726,7MB/s, Avg: 3034,4(+/-162,7)MB/s
[2024-02-14T16:50:23.507+0100][debug][gc,director    ] Select GC Workers (Try Lowering), AvoidLongGCWorkers: 0,268, AvoidOOMGCWorkers: 1,180, NextAvoidOOMGCWorkers: 1,417, LastGCWorkers: 3,000, GCWorkers: 2,000
[2024-02-14T16:50:23.507+0100][debug][gc,director    ] Rule: Allocation Rate (Dynamic GC Workers), MaxAllocRate: 3569,8MB/s (+/-5,4%), Free: 8590MB, GCCPUTime: 2,692, GCDuration: 1,352s, TimeUntilOOM: 2,284s, TimeUntilGC: 0,832s, GCWorkers: 3 -> 2
[2024-02-14T16:50:23.507+0100][debug][gc,director    ] Rule: High Usage, Free: 8590MB(55,9%)
[2024-02-14T16:50:23.507+0100][debug][gc,director    ] Rule: Proactive, UsedUntilEnabled: 1018MB, TimeUntilEnabled: 299,833s
[2024-02-14T16:50:23.607+0100][debug][gc,alloc       ] Allocation Rate: 2844,0MB/s, Predicted: 2708,5MB/s, Avg: 2993,6(+/-153,9)MB/s
[2024-02-14T16:50:23.607+0100][debug][gc,director    ] Select GC Workers (Try Lowering), AvoidLongGCWorkers: 0,268, AvoidOOMGCWorkers: 1,196, NextAvoidOOMGCWorkers: 1,367, LastGCWorkers: 3,000, GCWorkers: 2,000
[2024-02-14T16:50:23.607+0100][debug][gc,director    ] Rule: Allocation Rate (Dynamic GC Workers), MaxAllocRate: 3500,1MB/s (+/-5,1%), Free: 8288MB, GCCPUTime: 2,692, GCDuration: 1,352s, TimeUntilOOM: 2,252s, TimeUntilGC: 0,800s, GCWorkers: 3 -> 2
[2024-02-14T16:50:23.607+0100][debug][gc,director    ] Rule: High Usage, Free: 8288MB(54,0%)
[2024-02-14T16:50:23.607+0100][debug][gc,director    ] Rule: Proactive, UsedUntilEnabled: 716MB, TimeUntilEnabled: 299,733s
[2024-02-14T16:50:23.707+0100][debug][gc,alloc       ] Allocation Rate: 2854,0MB/s, Predicted: 2714,7MB/s, Avg: 2956,4(+/-137,3)MB/s
[2024-02-14T16:50:23.708+0100][debug][gc,director    ] Select GC Workers (Try Lowering), AvoidLongGCWorkers: 0,268, AvoidOOMGCWorkers: 1,205, NextAvoidOOMGCWorkers: 1,311, LastGCWorkers: 3,000, GCWorkers: 2,000
[2024-02-14T16:50:23.708+0100][debug][gc,director    ] Rule: Allocation Rate (Dynamic GC Workers), MaxAllocRate: 3408,3MB/s (+/-4,6%), Free: 7974MB, GCCPUTime: 2,692, GCDuration: 1,352s, TimeUntilOOM: 2,236s, TimeUntilGC: 0,784s, GCWorkers: 3 -> 2
[2024-02-14T16:50:23.708+0100][debug][gc,director    ] Rule: High Usage, Free: 7974MB(51,9%)
[2024-02-14T16:50:23.708+0100][debug][gc,director    ] Rule: Proactive, UsedUntilEnabled: 402MB, TimeUntilEnabled: 299,633s
[2024-02-14T16:50:23.808+0100][debug][gc,alloc       ] Allocation Rate: 2854,0MB/s, Predicted: 2737,6MB/s, Avg: 2922,2(+/-114,0)MB/s
[2024-02-14T16:50:23.808+0100][debug][gc,director    ] Select GC Workers (Try Lowering), AvoidLongGCWorkers: 0,268, AvoidOOMGCWorkers: 1,203, NextAvoidOOMGCWorkers: 1,248, LastGCWorkers: 3,000, GCWorkers: 2,000
[2024-02-14T16:50:23.808+0100][debug][gc,director    ] Rule: Allocation Rate (Dynamic GC Workers), MaxAllocRate: 3297,3MB/s (+/-3,9%), Free: 7672MB, GCCPUTime: 2,692, GCDuration: 1,352s, TimeUntilOOM: 2,239s, TimeUntilGC: 0,788s, GCWorkers: 3 -> 2
[2024-02-14T16:50:23.808+0100][debug][gc,director    ] Rule: High Usage, Free: 7672MB(49,9%)
[2024-02-14T16:50:23.808+0100][debug][gc,director    ] Rule: Proactive, UsedUntilEnabled: 100MB, TimeUntilEnabled: 299,533s
[2024-02-14T16:50:23.908+0100][debug][gc,alloc       ] Allocation Rate: 2878,0MB/s, Predicted: 2780,7MB/s, Avg: 2895,0(+/-85,2)MB/s
[2024-02-14T16:50:23.908+0100][debug][gc,director    ] Select GC Workers (Try Lowering), AvoidLongGCWorkers: 0,268, AvoidOOMGCWorkers: 1,197, NextAvoidOOMGCWorkers: 1,186, LastGCWorkers: 3,000, GCWorkers: 2,000
[2024-02-14T16:50:23.908+0100][debug][gc,director    ] Rule: Allocation Rate (Dynamic GC Workers), MaxAllocRate: 3175,4MB/s (+/-2,9%), Free: 7360MB, GCCPUTime: 2,692, GCDuration: 1,352s, TimeUntilOOM: 2,252s, TimeUntilGC: 0,800s, GCWorkers: 3 -> 2
[2024-02-14T16:50:23.908+0100][debug][gc,director    ] Rule: High Usage, Free: 7360MB(47,9%)
[2024-02-14T16:50:23.908+0100][debug][gc,director    ] Rule: Proactive, AcceptableGCInterval: 26,827s, TimeSinceLastGC: 0,567s, TimeUntilGC: 26,259s
[2024-02-14T16:50:24.007+0100][debug][gc,alloc       ] Allocation Rate: 2924,0MB/s, Predicted: 2843,2MB/s, Avg: 2878,8(+/-58,6)MB/s
[2024-02-14T16:50:24.007+0100][debug][gc,director    ] Select GC Workers (Try Lowering), AvoidLongGCWorkers: 0,268, AvoidOOMGCWorkers: 1,199, NextAvoidOOMGCWorkers: 1,138, LastGCWorkers: 3,000, GCWorkers: 2,000
[2024-02-14T16:50:24.007+0100][debug][gc,director    ] Rule: Allocation Rate (Dynamic GC Workers), MaxAllocRate: 3071,7MB/s (+/-2,0%), Free: 7044MB, GCCPUTime: 2,692, GCDuration: 1,352s, TimeUntilOOM: 2,247s, TimeUntilGC: 0,796s, GCWorkers: 3 -> 2
[2024-02-14T16:50:24.007+0100][debug][gc,director    ] Rule: High Usage, Free: 7044MB(45,9%)
[2024-02-14T16:50:24.007+0100][debug][gc,director    ] Rule: Proactive, AcceptableGCInterval: 26,827s, TimeSinceLastGC: 0,666s, TimeUntilGC: 26,160s
[2024-02-14T16:50:24.107+0100][debug][gc,alloc       ] Allocation Rate: 2988,0MB/s, Predicted: 2922,4MB/s, Avg: 2876,4(+/-53,4)MB/s
[2024-02-14T16:50:24.107+0100][debug][gc,director    ] Select GC Workers (Try Lowering), AvoidLongGCWorkers: 0,268, AvoidOOMGCWorkers: 1,266, NextAvoidOOMGCWorkers: 1,147, LastGCWorkers: 3,000, GCWorkers: 2,000
[2024-02-14T16:50:24.107+0100][debug][gc,director    ] Rule: Allocation Rate (Dynamic GC Workers), MaxAllocRate: 3098,0MB/s (+/-1,9%), Free: 6718MB, GCCPUTime: 2,692, GCDuration: 1,352s, TimeUntilOOM: 2,129s, TimeUntilGC: 0,677s, GCWorkers: 3 -> 2
[2024-02-14T16:50:24.107+0100][debug][gc,director    ] Rule: High Usage, Free: 6718MB(43,7%)
[2024-02-14T16:50:24.107+0100][debug][gc,director    ] Rule: Proactive, AcceptableGCInterval: 26,827s, TimeSinceLastGC: 0,766s, TimeUntilGC: 26,060s
[2024-02-14T16:50:24.207+0100][debug][gc,alloc       ] Allocation Rate: 3042,0MB/s, Predicted: 3005,1MB/s, Avg: 2886,8(+/-71,4)MB/s
[2024-02-14T16:50:24.207+0100][debug][gc,director    ] Select GC Workers (Try Lowering), AvoidLongGCWorkers: 0,268, AvoidOOMGCWorkers: 1,398, NextAvoidOOMGCWorkers: 1,198, LastGCWorkers: 3,000, GCWorkers: 2,000
[2024-02-14T16:50:24.207+0100][debug][gc,director    ] Rule: Allocation Rate (Dynamic GC Workers), MaxAllocRate: 3240,2MB/s (+/-2,5%), Free: 6404MB, GCCPUTime: 2,692, GCDuration: 1,352s, TimeUntilOOM: 1,929s, TimeUntilGC: 0,477s, GCWorkers: 3 -> 2
[2024-02-14T16:50:24.207+0100][debug][gc,director    ] Rule: High Usage, Free: 6404MB(41,7%)
[2024-02-14T16:50:24.207+0100][debug][gc,director    ] Rule: Proactive, AcceptableGCInterval: 26,827s, TimeSinceLastGC: 0,867s, TimeUntilGC: 25,960s
[2024-02-14T16:50:24.307+0100][debug][gc,alloc       ] Allocation Rate: 3100,0MB/s, Predicted: 3081,1MB/s, Avg: 2911,6(+/-94,4)MB/s
[2024-02-14T16:50:24.307+0100][debug][gc,director    ] Select GC Workers (Try Lowering), AvoidLongGCWorkers: 0,268, AvoidOOMGCWorkers: 1,549, NextAvoidOOMGCWorkers: 1,247, LastGCWorkers: 3,000, GCWorkers: 2,000
[2024-02-14T16:50:24.307+0100][debug][gc,director    ] Rule: Allocation Rate (Dynamic GC Workers), MaxAllocRate: 3391,7MB/s (+/-3,2%), Free: 6100MB, GCCPUTime: 2,692, GCDuration: 1,352s, TimeUntilOOM: 1,742s, TimeUntilGC: 0,290s, GCWorkers: 3 -> 2
[2024-02-14T16:50:24.307+0100][debug][gc,director    ] Rule: High Usage, Free: 6100MB(39,7%)
[2024-02-14T16:50:24.307+0100][debug][gc,director    ] Rule: Proactive, AcceptableGCInterval: 26,827s, TimeSinceLastGC: 0,967s, TimeUntilGC: 25,860s
[2024-02-14T16:50:24.408+0100][debug][gc,alloc       ] Allocation Rate: 3098,0MB/s, Predicted: 3131,2MB/s, Avg: 2939,4(+/-103,8)MB/s
[2024-02-14T16:50:24.408+0100][debug][gc,director    ] Select GC Workers (Try Lowering), AvoidLongGCWorkers: 0,268, AvoidOOMGCWorkers: 1,673, NextAvoidOOMGCWorkers: 1,263, LastGCWorkers: 3,000, GCWorkers: 2,000
[2024-02-14T16:50:24.408+0100][debug][gc,director    ] Rule: Allocation Rate (Dynamic GC Workers), MaxAllocRate: 3472,8MB/s (+/-3,5%), Free: 5804MB, GCCPUTime: 2,692, GCDuration: 1,352s, TimeUntilOOM: 1,614s, TimeUntilGC: 0,162s, GCWorkers: 3 -> 2
[2024-02-14T16:50:24.408+0100][debug][gc,director    ] Rule: High Usage, Free: 5804MB(37,8%)
[2024-02-14T16:50:24.408+0100][debug][gc,director    ] Rule: Proactive, AcceptableGCInterval: 26,827s, TimeSinceLastGC: 1,067s, TimeUntilGC: 25,760s
[2024-02-14T16:50:24.508+0100][debug][gc,alloc       ] Allocation Rate: 3078,0MB/s, Predicted: 3152,7MB/s, Avg: 2966,0(+/-101,8)MB/s
[2024-02-14T16:50:24.508+0100][debug][gc,director    ] Select GC Workers (Try Lowering), AvoidLongGCWorkers: 0,268, AvoidOOMGCWorkers: 1,768, NextAvoidOOMGCWorkers: 1,255, LastGCWorkers: 3,000, GCWorkers: 2,000
[2024-02-14T16:50:24.508+0100][debug][gc,director    ] Rule: Allocation Rate (Dynamic GC Workers), MaxAllocRate: 3487,7MB/s (+/-3,4%), Free: 5512MB, GCCPUTime: 2,692, GCDuration: 1,352s, TimeUntilOOM: 1,528s, TimeUntilGC: 0,076s, GCWorkers: 3 -> 2
[2024-02-14T16:50:24.508+0100][debug][gc,director    ] Rule: High Usage, Free: 5512MB(35,9%)
[2024-02-14T16:50:24.508+0100][debug][gc,director    ] Rule: Proactive, AcceptableGCInterval: 26,827s, TimeSinceLastGC: 1,167s, TimeUntilGC: 25,659s
[2024-02-14T16:50:24.608+0100][debug][gc,alloc       ] Allocation Rate: 2992,0MB/s, Predicted: 3130,5MB/s, Avg: 2980,8(+/-93,4)MB/s
[2024-02-14T16:50:24.608+0100][debug][gc,director    ] Select GC Workers (Try Lowering), AvoidLongGCWorkers: 0,268, AvoidOOMGCWorkers: 1,809, NextAvoidOOMGCWorkers: 1,217, LastGCWorkers: 3,000, GCWorkers: 2,000
[2024-02-14T16:50:24.608+0100][debug][gc,director    ] Rule: Allocation Rate (Dynamic GC Workers), MaxAllocRate: 3437,9MB/s (+/-3,1%), Free: 5296MB, GCCPUTime: 2,692, GCDuration: 1,352s, TimeUntilOOM: 1,494s, TimeUntilGC: 0,042s, GCWorkers: 3 -> 2
[2024-02-14T16:50:24.608+0100][debug][gc,director    ] Rule: High Usage, Free: 5296MB(34,5%)
[2024-02-14T16:50:24.608+0100][debug][gc,director    ] Rule: Proactive, AcceptableGCInterval: 26,827s, TimeSinceLastGC: 1,267s, TimeUntilGC: 25,559s
[2024-02-14T16:50:24.707+0100][debug][gc,alloc       ] Allocation Rate: 2940,0MB/s, Predicted: 3080,4MB/s, Avg: 2989,4(+/-84,9)MB/s
[2024-02-14T16:50:24.707+0100][debug][gc,director    ] Select GC Workers (Try Lowering), AvoidLongGCWorkers: 0,268, AvoidOOMGCWorkers: 1,855, NextAvoidOOMGCWorkers: 1,184, LastGCWorkers: 3,000, GCWorkers: 2,000
[2024-02-14T16:50:24.707+0100][debug][gc,director    ] Rule: Allocation Rate (Dynamic GC Workers), MaxAllocRate: 3359,8MB/s (+/-2,8%), Free: 5034MB, GCCPUTime: 2,692, GCDuration: 1,352s, TimeUntilOOM: 1,457s, TimeUntilGC: 0,005s, GCWorkers: 3 -> 2
[2024-02-14T16:50:24.707+0100][debug][gc,director    ] Rule: High Usage, Free: 5034MB(32,8%)
[2024-02-14T16:50:24.707+0100][debug][gc,director    ] Rule: Proactive, AcceptableGCInterval: 26,827s, TimeSinceLastGC: 1,366s, TimeUntilGC: 25,460s
[2024-02-14T16:50:24.807+0100][debug][gc,alloc       ] Allocation Rate: 2902,0MB/s, Predicted: 3009,3MB/s, Avg: 2994,2(+/-78,2)MB/s
[2024-02-14T16:50:24.807+0100][debug][gc,director    ] Select GC Workers (Try Lowering), AvoidLongGCWorkers: 0,268, AvoidOOMGCWorkers: 1,899, NextAvoidOOMGCWorkers: 1,150, LastGCWorkers: 3,000, GCWorkers: 2,000
[2024-02-14T16:50:24.807+0100][debug][gc,director    ] Rule: Allocation Rate (Dynamic GC Workers), MaxAllocRate: 3266,7MB/s (+/-2,6%), Free: 4770MB, GCCPUTime: 2,692, GCDuration: 1,352s, TimeUntilOOM: 1,423s, TimeUntilGC: -0,029s, GCWorkers: 3 -> 2
[2024-02-14T16:50:24.807+0100][debug][gc,heap        ] GC(30) Heap before GC invocations=30 (full 30):
[2024-02-14T16:50:24.807+0100][debug][gc,heap        ] GC(30)  ZHeap           used 10548M, capacity 14594M, max capacity 15360M
[2024-02-14T16:50:24.807+0100][debug][gc,heap        ] GC(30)  Metaspace       used 32037K, committed 32448K, reserved 1114112K
[2024-02-14T16:50:24.807+0100][debug][gc,heap        ] GC(30)   class space    used 3379K, committed 3584K, reserved 1048576K
[2024-02-14T16:50:24.807+0100][info ][gc,start       ] GC(30) Garbage Collection (Allocation Rate)
[2024-02-14T16:50:24.807+0100][info ][gc,task        ] GC(30) Using 2 workers
[2024-02-14T16:50:24.808+0100][debug][gc,phases,start] GC(30) Pause Mark Start
[2024-02-14T16:50:24.808+0100][debug][gc,marking     ] GC(30) Using 2 mark stripes
[2024-02-14T16:50:24.808+0100][debug][gc,marking     ] GC(30) Mark Worker/Stripe Distribution
[2024-02-14T16:50:24.808+0100][debug][gc,marking     ] GC(30)   Worker 0(2) -> Stripe 0(2)
[2024-02-14T16:50:24.808+0100][debug][gc,marking     ] GC(30)   Worker 1(2) -> Stripe 1(2)
[2024-02-14T16:50:24.808+0100][info ][gc,phases      ] GC(30) Pause Mark Start 0,069ms
[2024-02-14T16:50:24.808+0100][debug][gc,phases,start] GC(30) Concurrent Mark
[2024-02-14T16:50:24.808+0100][debug][gc,task        ] GC(30) Executing Task: XMarkRootsTask, Active Workers: 2
[2024-02-14T16:50:24.809+0100][debug][gc,tlab        ] GC(30) TLAB totals: thrds: 13  refills: 26478 max: 26441 slow allocs: 7 max 7 waste:  1,0% gc: 2641720B max: 261984B slow: 65747648B max: 65728280B
[2024-02-14T16:50:24.809+0100][debug][gc,task        ] GC(30) Executing Task: XMarkTask, Active Workers: 2
[2024-02-14T16:50:24.908+0100][debug][gc,alloc       ] Allocation Rate: 2832,0MB/s, Predicted: 2913,5MB/s, Avg: 2989,6(+/-85,9)MB/s
[2024-02-14T16:50:25.008+0100][debug][gc,alloc       ] Allocation Rate: 2784,0MB/s, Predicted: 2813,7MB/s, Avg: 2975,6(+/-104,8)MB/s
[2024-02-14T16:50:25.108+0100][debug][gc,alloc       ] Allocation Rate: 2734,0MB/s, Predicted: 2720,4MB/s, Avg: 2950,2(+/-127,1)MB/s
[2024-02-14T16:50:25.207+0100][debug][gc,alloc       ] Allocation Rate: 2700,0MB/s, Predicted: 2644,8MB/s, Avg: 2916,0(+/-142,8)MB/s
[2024-02-14T16:50:25.307+0100][debug][gc,alloc       ] Allocation Rate: 2672,0MB/s, Predicted: 2596,3MB/s, Avg: 2873,2(+/-145,4)MB/s
[2024-02-14T16:50:25.308+0100][info ][gc,stats       ] === Garbage Collection Statistics =======================================================================================================================
[2024-02-14T16:50:25.308+0100][info ][gc,stats       ]                                                              Last 10s              Last 10m              Last 10h                Total
[2024-02-14T16:50:25.308+0100][info ][gc,stats       ]                                                              Avg / Max             Avg / Max             Avg / Max             Avg / Max
[2024-02-14T16:50:25.308+0100][info ][gc,stats       ]   Collector: Garbage Collection Cycle                   1031,980 / 1265,002    459,666 / 1265,002    459,666 / 1265,002    459,666 / 1265,002    ms
[2024-02-14T16:50:25.308+0100][info ][gc,stats       ]  Contention: Mark Segment Reset Contention                     6 / 34                2 / 70                2 / 70                2 / 70          ops/s
[2024-02-14T16:50:25.308+0100][info ][gc,stats       ]  Contention: Mark SeqNum Reset Contention                      0 / 1                 0 / 1                 0 / 1                 0 / 1           ops/s
[2024-02-14T16:50:25.308+0100][info ][gc,stats       ]    Critical: Allocation Stall                                  0 / 0                 0 / 0                 0 / 0                 0 / 0           ops/s
[2024-02-14T16:50:25.308+0100][info ][gc,stats       ]    Critical: Allocation Stall                              0,000 / 0,000         0,000 / 0,000         0,000 / 0,000         0,000 / 0,000       ms
[2024-02-14T16:50:25.308+0100][info ][gc,stats       ]    Critical: GC Locker Stall                                   0 / 0                 0 / 1                 0 / 1                 0 / 1           ops/s
[2024-02-14T16:50:25.308+0100][info ][gc,stats       ]    Critical: GC Locker Stall                               0,000 / 0,000         0,081 / 0,094         0,081 / 0,094         0,081 / 0,094       ms
[2024-02-14T16:50:25.308+0100][info ][gc,stats       ]    Critical: Relocation Stall                                  0 / 0                 0 / 0                 0 / 0                 0 / 0           ops/s
[2024-02-14T16:50:25.308+0100][info ][gc,stats       ]    Critical: Relocation Stall                              0,000 / 0,000         0,000 / 0,000         0,000 / 0,000         0,000 / 0,000       ms
[2024-02-14T16:50:25.308+0100][info ][gc,stats       ]      Memory: Allocation Rate                                3008 / 3334           2935 / 4428           2935 / 4428           2935 / 4428        MB/s
[2024-02-14T16:50:25.308+0100][info ][gc,stats       ]      Memory: Defragment                                        0 / 0                 0 / 0                 0 / 0                 0 / 0           ops/s
[2024-02-14T16:50:25.308+0100][info ][gc,stats       ]      Memory: Out Of Memory                                     0 / 0                 0 / 0                 0 / 0                 0 / 0           ops/s
[2024-02-14T16:50:25.308+0100][info ][gc,stats       ]      Memory: Page Cache Flush                                  0 / 0                 0 / 0                 0 / 0                 0 / 0           MB/s
[2024-02-14T16:50:25.308+0100][info ][gc,stats       ]      Memory: Page Cache Hit L1                              1674 / 1975           1440 / 2414           1440 / 2414           1440 / 2414        ops/s
[2024-02-14T16:50:25.308+0100][info ][gc,stats       ]      Memory: Page Cache Hit L2                                 0 / 0                 0 / 0                 0 / 0                 0 / 0           ops/s
[2024-02-14T16:50:25.308+0100][info ][gc,stats       ]      Memory: Page Cache Hit L3                                 0 / 0                28 / 915              28 / 915              28 / 915         ops/s
[2024-02-14T16:50:25.308+0100][info ][gc,stats       ]      Memory: Page Cache Miss                                   0 / 0                53 / 600              53 / 600              53 / 600         ops/s
[2024-02-14T16:50:25.308+0100][info ][gc,stats       ]      Memory: Uncommit                                          0 / 0                 0 / 0                 0 / 0                 0 / 0           MB/s
[2024-02-14T16:50:25.308+0100][info ][gc,stats       ]      Memory: Undo Object Allocation Failed                     0 / 0                 0 / 0                 0 / 0                 0 / 0           ops/s
[2024-02-14T16:50:25.308+0100][info ][gc,stats       ]      Memory: Undo Object Allocation Succeeded                  0 / 1                 0 / 14                0 / 14                0 / 14          ops/s
[2024-02-14T16:50:25.308+0100][info ][gc,stats       ]      Memory: Undo Page Allocation                              0 / 0                 1 / 31                1 / 31                1 / 31          ops/s
[2024-02-14T16:50:25.308+0100][info ][gc,stats       ]       Phase: Concurrent Mark                             815,966 / 979,889     354,676 / 979,889     354,676 / 979,889     354,676 / 979,889     ms
[2024-02-14T16:50:25.308+0100][info ][gc,stats       ]       Phase: Concurrent Mark Continue                      0,000 / 0,000         0,000 / 0,000         0,000 / 0,000         0,000 / 0,000       ms
[2024-02-14T16:50:25.308+0100][info ][gc,stats       ]       Phase: Concurrent Mark Free                          0,015 / 0,023         0,143 / 1,509         0,143 / 1,509         0,143 / 1,509       ms
[2024-02-14T16:50:25.308+0100][info ][gc,stats       ]       Phase: Concurrent Process Non-Strong References      5,858 / 6,774         9,373 / 16,291        9,373 / 16,291        9,373 / 16,291      ms
[2024-02-14T16:50:25.308+0100][info ][gc,stats       ]       Phase: Concurrent Relocate                         191,153 / 253,471      82,411 / 441,476      82,411 / 441,476      82,411 / 441,476     ms
[2024-02-14T16:50:25.308+0100][info ][gc,stats       ]       Phase: Concurrent Reset Relocation Set               0,141 / 0,171         0,085 / 0,235         0,085 / 0,235         0,085 / 0,235       ms
[2024-02-14T16:50:25.308+0100][info ][gc,stats       ]       Phase: Concurrent Select Relocation Set             18,075 / 23,860       11,916 / 96,956       11,916 / 96,956       11,916 / 96,956      ms
[2024-02-14T16:50:25.308+0100][info ][gc,stats       ]       Phase: Pause Mark End                                0,036 / 0,042         0,041 / 0,067         0,041 / 0,067         0,041 / 0,067       ms
[2024-02-14T16:50:25.308+0100][info ][gc,stats       ]       Phase: Pause Mark Start                              0,063 / 0,084         0,072 / 0,144         0,072 / 0,144         0,072 / 0,144       ms
[2024-02-14T16:50:25.308+0100][info ][gc,stats       ]       Phase: Pause Relocate Start                          0,033 / 0,045         0,034 / 0,054         0,034 / 0,054         0,034 / 0,054       ms
[2024-02-14T16:50:25.308+0100][info ][gc,stats       ]    Subphase: Concurrent Classes Purge                      0,082 / 0,247         0,683 / 5,566         0,683 / 5,566         0,683 / 5,566       ms
[2024-02-14T16:50:25.308+0100][info ][gc,stats       ]    Subphase: Concurrent Classes Unlink                     2,116 / 2,571         2,950 / 6,276         2,950 / 6,276         2,950 / 6,276       ms
[2024-02-14T16:50:25.308+0100][info ][gc,stats       ]    Subphase: Concurrent Mark                             788,467 / 979,011     317,280 / 979,011     317,280 / 979,011     317,280 / 979,011     ms
[2024-02-14T16:50:25.308+0100][info ][gc,stats       ]    Subphase: Concurrent Mark Try Flush                     0,099 / 0,132         0,264 / 16,348        0,264 / 16,348        0,264 / 16,348      ms
[2024-02-14T16:50:25.308+0100][info ][gc,stats       ]    Subphase: Concurrent Mark Try Terminate                 0,841 / 1,165         0,863 / 1,342         0,863 / 1,342         0,863 / 1,342       ms
[2024-02-14T16:50:25.308+0100][info ][gc,stats       ]    Subphase: Concurrent References Enqueue                 0,008 / 0,012         0,009 / 0,012         0,009 / 0,012         0,009 / 0,012       ms
[2024-02-14T16:50:25.308+0100][info ][gc,stats       ]    Subphase: Concurrent References Process                 3,182 / 3,749         4,996 / 10,523        4,996 / 10,523        4,996 / 10,523      ms
[2024-02-14T16:50:25.308+0100][info ][gc,stats       ]    Subphase: Concurrent Roots ClassLoaderDataGraph         0,080 / 0,146         0,084 / 0,310         0,084 / 0,310         0,084 / 0,310       ms
[2024-02-14T16:50:25.308+0100][info ][gc,stats       ]    Subphase: Concurrent Roots CodeCache                    0,000 / 0,000         0,000 / 0,000         0,000 / 0,000         0,000 / 0,000       ms
[2024-02-14T16:50:25.308+0100][info ][gc,stats       ]    Subphase: Concurrent Roots JavaThreads                  0,474 / 0,725         0,648 / 1,932         0,648 / 1,932         0,648 / 1,932       ms
[2024-02-14T16:50:25.308+0100][info ][gc,stats       ]    Subphase: Concurrent Roots OopStorageSet                0,020 / 0,041         0,118 / 0,964         0,118 / 0,964         0,118 / 0,964       ms
[2024-02-14T16:50:25.308+0100][info ][gc,stats       ]    Subphase: Concurrent Weak Roots OopStorageSet           0,213 / 0,395         0,236 / 0,778         0,236 / 0,778         0,236 / 0,778       ms
[2024-02-14T16:50:25.308+0100][info ][gc,stats       ]    Subphase: Pause Mark Try Complete                       0,000 / 0,000         0,000 / 0,000         0,000 / 0,000         0,000 / 0,000       ms
[2024-02-14T16:50:25.308+0100][info ][gc,stats       ]      System: Java Threads                                     43 / 43               40 / 46               40 / 46               40 / 46          threads
[2024-02-14T16:50:25.308+0100][info ][gc,stats       ] =========================================================================================================================================================
[2024-02-14T16:50:25.407+0100][debug][gc,alloc       ] Allocation Rate: 2608,0MB/s, Predicted: 2550,1MB/s, Avg: 2824,2(+/-143,9)MB/s
[2024-02-14T16:50:25.507+0100][debug][gc,alloc       ] Allocation Rate: 2602,0MB/s, Predicted: 2528,9MB/s, Avg: 2776,6(+/-130,2)MB/s
[2024-02-14T16:50:25.607+0100][debug][gc,alloc       ] Allocation Rate: 2674,0MB/s, Predicted: 2545,3MB/s, Avg: 2744,8(+/-111,1)MB/s
[2024-02-14T16:50:25.708+0100][debug][gc,alloc       ] Allocation Rate: 2704,0MB/s, Predicted: 2581,1MB/s, Avg: 2721,2(+/-90,3)MB/s
[2024-02-14T16:50:25.781+0100][info ][gc,phases      ] GC(30) Concurrent Mark 973,016ms
[2024-02-14T16:50:25.781+0100][debug][gc,phases,start] GC(30) Pause Mark End
[2024-02-14T16:50:25.781+0100][info ][gc,phases      ] GC(30) Pause Mark End 0,040ms
[2024-02-14T16:50:25.781+0100][debug][gc,phases,start] GC(30) Concurrent Mark Free
[2024-02-14T16:50:25.781+0100][info ][gc,phases      ] GC(30) Concurrent Mark Free 0,008ms
[2024-02-14T16:50:25.781+0100][debug][gc,phases,start] GC(30) Concurrent Process Non-Strong References
[2024-02-14T16:50:25.781+0100][debug][gc,phases,start] GC(30) Concurrent References Process
[2024-02-14T16:50:25.781+0100][debug][gc,task        ] GC(30) Executing Task: XReferenceProcessorTask, Active Workers: 2
[2024-02-14T16:50:25.786+0100][debug][gc,phases      ] GC(30) Concurrent References Process 5,040ms
[2024-02-14T16:50:25.786+0100][debug][gc,task        ] GC(30) Executing Task: XProcessWeakRootsTask, Active Workers: 2
[2024-02-14T16:50:25.786+0100][debug][gc,phases,start] GC(30) Concurrent Classes Unlink
[2024-02-14T16:50:25.786+0100][debug][gc,phases,start] GC(30) ClassLoaderData
[2024-02-14T16:50:25.786+0100][debug][gc,phases      ] GC(30) ClassLoaderData 0,037ms
[2024-02-14T16:50:25.786+0100][debug][gc,phases,start] GC(30) Trigger cleanups
[2024-02-14T16:50:25.786+0100][debug][gc,phases      ] GC(30) Trigger cleanups 0,005ms
[2024-02-14T16:50:25.786+0100][debug][gc,task        ] GC(30) Executing Task: XNMethodUnlinkTask, Active Workers: 2
[2024-02-14T16:50:25.790+0100][debug][gc,phases      ] GC(30) Concurrent Classes Unlink 3,283ms
[2024-02-14T16:50:25.790+0100][debug][gc,phases,start] GC(30) Concurrent Classes Purge
[2024-02-14T16:50:25.790+0100][debug][gc,phases      ] GC(30) Concurrent Classes Purge 0,025ms
[2024-02-14T16:50:25.790+0100][debug][gc,phases,start] GC(30) Concurrent References Enqueue
[2024-02-14T16:50:25.790+0100][debug][gc,phases      ] GC(30) Concurrent References Enqueue 0,007ms
[2024-02-14T16:50:25.790+0100][info ][gc,phases      ] GC(30) Concurrent Process Non-Strong References 8,759ms
[2024-02-14T16:50:25.790+0100][debug][gc,phases,start] GC(30) Concurrent Reset Relocation Set
[2024-02-14T16:50:25.790+0100][info ][gc,phases      ] GC(30) Concurrent Reset Relocation Set 0,146ms
[2024-02-14T16:50:25.790+0100][debug][gc,phases,start] GC(30) Concurrent Select Relocation Set
[2024-02-14T16:50:25.793+0100][debug][gc,task        ] GC(30) Executing Task: XRelocationSetInstallTask, Active Workers: 2
[2024-02-14T16:50:25.803+0100][info ][gc,phases      ] GC(30) Concurrent Select Relocation Set 12,881ms
[2024-02-14T16:50:25.803+0100][debug][gc,phases,start] GC(30) Pause Relocate Start
[2024-02-14T16:50:25.803+0100][info ][gc,phases      ] GC(30) Pause Relocate Start 0,037ms
[2024-02-14T16:50:25.803+0100][debug][gc,phases,start] GC(30) Concurrent Relocate
[2024-02-14T16:50:25.803+0100][debug][gc,task        ] GC(30) Executing Task: XRelocateTask, Active Workers: 2
[2024-02-14T16:50:25.808+0100][debug][gc,alloc       ] Allocation Rate: 2718,0MB/s, Predicted: 2628,0MB/s, Avg: 2702,8(+/-67,4)MB/s
[2024-02-14T16:50:25.908+0100][debug][gc,alloc       ] Allocation Rate: 2720,0MB/s, Predicted: 2669,3MB/s, Avg: 2691,6(+/-52,7)MB/s
[2024-02-14T16:50:25.941+0100][info ][gc,phases      ] GC(30) Concurrent Relocate 137,970ms
[2024-02-14T16:50:25.941+0100][debug][gc,heap        ] GC(30) Heap after GC invocations=31 (full 31):
[2024-02-14T16:50:25.941+0100][debug][gc,heap        ] GC(30)  ZHeap           used 6976M, capacity 14594M, max capacity 15360M
[2024-02-14T16:50:25.941+0100][debug][gc,heap        ] GC(30)  Metaspace       used 32037K, committed 32448K, reserved 1114112K
[2024-02-14T16:50:25.941+0100][debug][gc,heap        ] GC(30)   class space    used 3379K, committed 3584K, reserved 1048576K
[2024-02-14T16:50:25.941+0100][info ][gc,load        ] GC(30) Load: 3,59/1,89/1,75
[2024-02-14T16:50:25.941+0100][info ][gc,mmu         ] GC(30) MMU: 2ms/92,8%, 5ms/97,1%, 10ms/98,6%, 20ms/99,1%, 50ms/99,6%, 100ms/99,8%
[2024-02-14T16:50:25.941+0100][info ][gc,marking     ] GC(30) Mark: 2 stripe(s), 2 proactive flush(es), 1 terminate flush(es), 0 completion(s), 0 continuation(s) 
[2024-02-14T16:50:25.941+0100][info ][gc,marking     ] GC(30) Mark Stack Usage: 32M
[2024-02-14T16:50:25.941+0100][info ][gc,nmethod     ] GC(30) NMethods: 4250 registered, 1454 unregistered
[2024-02-14T16:50:25.941+0100][info ][gc,metaspace   ] GC(30) Metaspace: 31M used, 31M committed, 1088M reserved
[2024-02-14T16:50:25.941+0100][info ][gc,ref         ] GC(30) Soft: 3896 encountered, 0 discovered, 0 enqueued
[2024-02-14T16:50:25.941+0100][info ][gc,ref         ] GC(30) Weak: 2055 encountered, 282 discovered, 0 enqueued
[2024-02-14T16:50:25.941+0100][info ][gc,ref         ] GC(30) Final: 12972 encountered, 12972 discovered, 12972 enqueued
[2024-02-14T16:50:25.941+0100][info ][gc,ref         ] GC(30) Phantom: 13373 encountered, 13363 discovered, 12978 enqueued
[2024-02-14T16:50:25.941+0100][info ][gc,reloc       ] GC(30) Small Pages: 5259 / 10518M, Empty: 146M, Relocated: 425M, In-Place: 0
[2024-02-14T16:50:25.941+0100][info ][gc,reloc       ] GC(30) Medium Pages: 1 / 32M, Empty: 0M, Relocated: 0M, In-Place: 0
[2024-02-14T16:50:25.941+0100][info ][gc,reloc       ] GC(30) Large Pages: 0 / 0M, Empty: 0M, Relocated: 0M, In-Place: 0
[2024-02-14T16:50:25.941+0100][info ][gc,reloc       ] GC(30) Forwarding Usage: 184M
[2024-02-14T16:50:25.941+0100][info ][gc,heap        ] GC(30) Min Capacity: 5120M(33%)
[2024-02-14T16:50:25.941+0100][info ][gc,heap        ] GC(30) Max Capacity: 15360M(100%)
[2024-02-14T16:50:25.941+0100][info ][gc,heap        ] GC(30) Soft Max Capacity: 15360M(100%)
[2024-02-14T16:50:25.941+0100][info ][gc,heap        ] GC(30)                Mark Start          Mark End        Relocate Start      Relocate End           High               Low         
[2024-02-14T16:50:25.941+0100][info ][gc,heap        ] GC(30)  Capacity:    14594M (95%)       14594M (95%)       14594M (95%)       14594M (95%)       14594M (95%)       14594M (95%)    
[2024-02-14T16:50:25.941+0100][info ][gc,heap        ] GC(30)      Free:     4810M (31%)        2162M (14%)        2252M (15%)        8384M (55%)        8390M (55%)        2140M (14%)    
[2024-02-14T16:50:25.941+0100][info ][gc,heap        ] GC(30)      Used:    10550M (69%)       13198M (86%)       13108M (85%)        6976M (45%)       13220M (86%)        6970M (45%)    
[2024-02-14T16:50:25.941+0100][info ][gc,heap        ] GC(30)      Live:         -              3700M (24%)        3700M (24%)        3700M (24%)            -                  -          
[2024-02-14T16:50:25.941+0100][info ][gc,heap        ] GC(30) Allocated:         -              2648M (17%)        2704M (18%)        3043M (20%)            -                  -          
[2024-02-14T16:50:25.941+0100][info ][gc,heap        ] GC(30)   Garbage:         -              6849M (45%)        6703M (44%)         231M (2%)             -                  -          
[2024-02-14T16:50:25.941+0100][info ][gc,heap        ] GC(30) Reclaimed:         -                  -               146M (1%)         6617M (43%)            -                  -          
[2024-02-14T16:50:25.941+0100][info ][gc             ] GC(30) Garbage Collection (Allocation Rate) 10550M(69%)->6976M(45%)
[2024-02-14T16:50:26.007+0100][debug][gc,alloc       ] Allocation Rate: 2740,0MB/s, Predicted: 2713,3MB/s, Avg: 2687,2(+/-46,2)MB/s
[2024-02-14T16:50:26.007+0100][debug][gc,director    ] Select GC Workers (Try Lowering), AvoidLongGCWorkers: 0,271, AvoidOOMGCWorkers: 0,974, NextAvoidOOMGCWorkers: 1,943, LastGCWorkers: 2,000, GCWorkers: 2,000
[2024-02-14T16:50:26.007+0100][debug][gc,director    ] Rule: Allocation Rate (Dynamic GC Workers), MaxAllocRate: 2865,5MB/s (+/-1,7%), Free: 8138MB, GCCPUTime: 2,718, GCDuration: 1,363s, TimeUntilOOM: 2,792s, TimeUntilGC: 1,329s, GCWorkers: 2 -> 2
[2024-02-14T16:50:26.007+0100][debug][gc,director    ] Rule: High Usage, Free: 8138MB(53,0%)
[2024-02-14T16:50:26.007+0100][debug][gc,director    ] Rule: Proactive, UsedUntilEnabled: 1332MB, TimeUntilEnabled: 299,934s
[2024-02-14T16:50:26.107+0100][debug][gc,alloc       ] Allocation Rate: 2772,0MB/s, Predicted: 2759,7MB/s, Avg: 2691,0(+/-51,2)MB/s
[2024-02-14T16:50:26.107+0100][debug][gc,director    ] Select GC Workers (Normal), AvoidLongGCWorkers: 0,271, AvoidOOMGCWorkers: 1,036, LastGCWorkers: 2,000, GCWorkers: 1,036
[2024-02-14T16:50:26.107+0100][debug][gc,director    ] Rule: Allocation Rate (Dynamic GC Workers), MaxAllocRate: 2928,3MB/s (+/-1,9%), Free: 7830MB, GCCPUTime: 2,718, GCDuration: 1,363s, TimeUntilOOM: 2,624s, TimeUntilGC: 1,161s, GCWorkers: 2 -> 2
[2024-02-14T16:50:26.107+0100][debug][gc,director    ] Rule: High Usage, Free: 7830MB(51,0%)
[2024-02-14T16:50:26.107+0100][debug][gc,director    ] Rule: Proactive, UsedUntilEnabled: 1024MB, TimeUntilEnabled: 299,834s
[2024-02-14T16:50:26.207+0100][debug][gc,alloc       ] Allocation Rate: 2798,0MB/s, Predicted: 2804,9MB/s, Avg: 2700,8(+/-60,5)MB/s
[2024-02-14T16:50:26.207+0100][debug][gc,director    ] Select GC Workers (Normal), AvoidLongGCWorkers: 0,271, AvoidOOMGCWorkers: 1,110, LastGCWorkers: 2,000, GCWorkers: 1,110
[2024-02-14T16:50:26.207+0100][debug][gc,director    ] Rule: Allocation Rate (Dynamic GC Workers), MaxAllocRate: 3004,1MB/s (+/-2,2%), Free: 7524MB, GCCPUTime: 2,718, GCDuration: 1,363s, TimeUntilOOM: 2,450s, TimeUntilGC: 0,986s, GCWorkers: 2 -> 2
[2024-02-14T16:50:26.207+0100][debug][gc,director    ] Rule: High Usage, Free: 7524MB(49,0%)
[2024-02-14T16:50:26.207+0100][debug][gc,director    ] Rule: Proactive, UsedUntilEnabled: 718MB, TimeUntilEnabled: 299,734s
[2024-02-14T16:50:26.307+0100][debug][gc,alloc       ] Allocation Rate: 2812,0MB/s, Predicted: 2841,7MB/s, Avg: 2714,8(+/-68,0)MB/s
[2024-02-14T16:50:26.307+0100][debug][gc,director    ] Select GC Workers (Normal), AvoidLongGCWorkers: 0,271, AvoidOOMGCWorkers: 1,181, LastGCWorkers: 2,000, GCWorkers: 1,181
[2024-02-14T16:50:26.307+0100][debug][gc,director    ] Rule: Allocation Rate (Dynamic GC Workers), MaxAllocRate: 3065,5MB/s (+/-2,5%), Free: 7234MB, GCCPUTime: 2,718, GCDuration: 1,363s, TimeUntilOOM: 2,302s, TimeUntilGC: 0,839s, GCWorkers: 2 -> 2
[2024-02-14T16:50:26.308+0100][debug][gc,director    ] Rule: High Usage, Free: 7234MB(47,1%)
[2024-02-14T16:50:26.308+0100][debug][gc,director    ] Rule: Proactive, UsedUntilEnabled: 428MB, TimeUntilEnabled: 299,633s
[2024-02-14T16:50:26.408+0100][debug][gc,alloc       ] Allocation Rate: 2874,0MB/s, Predicted: 2876,9MB/s, Avg: 2741,4(+/-72,9)MB/s
[2024-02-14T16:50:26.408+0100][debug][gc,director    ] Select GC Workers (Normal), AvoidLongGCWorkers: 0,271, AvoidOOMGCWorkers: 1,254, LastGCWorkers: 2,000, GCWorkers: 1,254
[2024-02-14T16:50:26.408+0100][debug][gc,director    ] Rule: Allocation Rate (Dynamic GC Workers), MaxAllocRate: 3116,7MB/s (+/-2,7%), Free: 6938MB, GCCPUTime: 2,718, GCDuration: 1,363s, TimeUntilOOM: 2,168s, TimeUntilGC: 0,705s, GCWorkers: 2 -> 2
[2024-02-14T16:50:26.408+0100][debug][gc,director    ] Rule: High Usage, Free: 6938MB(45,2%)
[2024-02-14T16:50:26.408+0100][debug][gc,director    ] Rule: Proactive, UsedUntilEnabled: 132MB, TimeUntilEnabled: 299,533s
[2024-02-14T16:50:26.508+0100][debug][gc,alloc       ] Allocation Rate: 2866,0MB/s, Predicted: 2889,6MB/s, Avg: 2767,8(+/-65,0)MB/s
[2024-02-14T16:50:26.508+0100][debug][gc,director    ] Select GC Workers (Normal), AvoidLongGCWorkers: 0,271, AvoidOOMGCWorkers: 1,297, LastGCWorkers: 2,000, GCWorkers: 1,297
[2024-02-14T16:50:26.508+0100][debug][gc,director    ] Rule: Allocation Rate (Dynamic GC Workers), MaxAllocRate: 3103,4MB/s (+/-2,3%), Free: 6662MB, GCCPUTime: 2,718, GCDuration: 1,363s, TimeUntilOOM: 2,097s, TimeUntilGC: 0,634s, GCWorkers: 2 -> 2
[2024-02-14T16:50:26.508+0100][debug][gc,director    ] Rule: High Usage, Free: 6662MB(43,4%)
[2024-02-14T16:50:26.508+0100][debug][gc,director    ] Rule: Proactive, AcceptableGCInterval: 26,962s, TimeSinceLastGC: 0,567s, TimeUntilGC: 26,396s
[2024-02-14T16:50:26.608+0100][debug][gc,alloc       ] Allocation Rate: 2870,0MB/s, Predicted: 2905,5MB/s, Avg: 2787,4(+/-63,3)MB/s
[2024-02-14T16:50:26.608+0100][debug][gc,director    ] Select GC Workers (Normal), AvoidLongGCWorkers: 0,271, AvoidOOMGCWorkers: 1,360, LastGCWorkers: 2,000, GCWorkers: 1,360
[2024-02-14T16:50:26.608+0100][debug][gc,director    ] Rule: Allocation Rate (Dynamic GC Workers), MaxAllocRate: 3113,6MB/s (+/-2,3%), Free: 6370MB, GCCPUTime: 2,718, GCDuration: 1,363s, TimeUntilOOM: 2,000s, TimeUntilGC: 0,537s, GCWorkers: 2 -> 2
[2024-02-14T16:50:26.608+0100][debug][gc,director    ] Rule: High Usage, Free: 6370MB(41,5%)
[2024-02-14T16:50:26.608+0100][debug][gc,director    ] Rule: Proactive, AcceptableGCInterval: 26,962s, TimeSinceLastGC: 0,667s, TimeUntilGC: 26,295s
[2024-02-14T16:50:26.707+0100][debug][gc,alloc       ] Allocation Rate: 2888,0MB/s, Predicted: 2923,5MB/s, Avg: 2805,8(+/-63,1)MB/s
[2024-02-14T16:50:26.707+0100][debug][gc,director    ] Select GC Workers (Normal), AvoidLongGCWorkers: 0,271, AvoidOOMGCWorkers: 1,438, LastGCWorkers: 2,000, GCWorkers: 1,438
[2024-02-14T16:50:26.707+0100][debug][gc,director    ] Rule: Allocation Rate (Dynamic GC Workers), MaxAllocRate: 3131,0MB/s (+/-2,2%), Free: 6060MB, GCCPUTime: 2,718, GCDuration: 1,363s, TimeUntilOOM: 1,893s, TimeUntilGC: 0,430s, GCWorkers: 2 -> 2
[2024-02-14T16:50:26.707+0100][debug][gc,director    ] Rule: High Usage, Free: 6060MB(39,5%)
[2024-02-14T16:50:26.707+0100][debug][gc,director    ] Rule: Proactive, AcceptableGCInterval: 26,962s, TimeSinceLastGC: 0,766s, TimeUntilGC: 26,196s
[2024-02-14T16:50:26.807+0100][debug][gc,alloc       ] Allocation Rate: 2922,0MB/s, Predicted: 2946,5MB/s, Avg: 2826,2(+/-64,4)MB/s
[2024-02-14T16:50:26.807+0100][debug][gc,director    ] Select GC Workers (Normal), AvoidLongGCWorkers: 0,271, AvoidOOMGCWorkers: 1,530, LastGCWorkers: 2,000, GCWorkers: 1,530
[2024-02-14T16:50:26.807+0100][debug][gc,director    ] Rule: Allocation Rate (Dynamic GC Workers), MaxAllocRate: 3158,3MB/s (+/-2,3%), Free: 5748MB, GCCPUTime: 2,718, GCDuration: 1,363s, TimeUntilOOM: 1,779s, TimeUntilGC: 0,316s, GCWorkers: 2 -> 2
[2024-02-14T16:50:26.807+0100][debug][gc,director    ] Rule: High Usage, Free: 5748MB(37,4%)
[2024-02-14T16:50:26.807+0100][debug][gc,director    ] Rule: Proactive, AcceptableGCInterval: 26,962s, TimeSinceLastGC: 0,866s, TimeUntilGC: 26,096s
[2024-02-14T16:50:26.907+0100][debug][gc,alloc       ] Allocation Rate: 2998,0MB/s, Predicted: 2986,9MB/s, Avg: 2854,0(+/-72,1)MB/s
[2024-02-14T16:50:26.907+0100][debug][gc,director    ] Select GC Workers (Normal), AvoidLongGCWorkers: 0,271, AvoidOOMGCWorkers: 1,659, LastGCWorkers: 2,000, GCWorkers: 1,659
[2024-02-14T16:50:26.908+0100][debug][gc,director    ] Rule: Allocation Rate (Dynamic GC Workers), MaxAllocRate: 3224,1MB/s (+/-2,5%), Free: 5428MB, GCCPUTime: 2,718, GCDuration: 1,363s, TimeUntilOOM: 1,642s, TimeUntilGC: 0,179s, GCWorkers: 2 -> 2
[2024-02-14T16:50:26.908+0100][debug][gc,director    ] Rule: High Usage, Free: 5428MB(35,3%)
[2024-02-14T16:50:26.908+0100][debug][gc,director    ] Rule: Proactive, AcceptableGCInterval: 26,962s, TimeSinceLastGC: 0,967s, TimeUntilGC: 25,996s
[2024-02-14T16:50:27.008+0100][debug][gc,alloc       ] Allocation Rate: 3034,0MB/s, Predicted: 3028,5MB/s, Avg: 2883,4(+/-79,2)MB/s
[2024-02-14T16:50:27.008+0100][debug][gc,director    ] Select GC Workers (Normal), AvoidLongGCWorkers: 0,271, AvoidOOMGCWorkers: 1,804, LastGCWorkers: 2,000, GCWorkers: 1,804
[2024-02-14T16:50:27.008+0100][debug][gc,director    ] Rule: Allocation Rate (Dynamic GC Workers), MaxAllocRate: 3289,1MB/s (+/-2,7%), Free: 5104MB, GCCPUTime: 2,718, GCDuration: 1,363s, TimeUntilOOM: 1,510s, TimeUntilGC: 0,047s, GCWorkers: 2 -> 2
[2024-02-14T16:50:27.008+0100][debug][gc,director    ] Rule: High Usage, Free: 5104MB(33,2%)
[2024-02-14T16:50:27.008+0100][debug][gc,director    ] Rule: Proactive, AcceptableGCInterval: 26,962s, TimeSinceLastGC: 1,067s, TimeUntilGC: 25,896s
[2024-02-14T16:50:27.108+0100][debug][gc,alloc       ] Allocation Rate: 3048,0MB/s, Predicted: 3064,7MB/s, Avg: 2911,0(+/-83,5)MB/s
[2024-02-14T16:50:27.108+0100][debug][gc,director    ] Select GC Workers (Normal), AvoidLongGCWorkers: 0,271, AvoidOOMGCWorkers: 1,958, LastGCWorkers: 2,000, GCWorkers: 1,958
[2024-02-14T16:50:27.108+0100][debug][gc,director    ] Rule: Allocation Rate (Dynamic GC Workers), MaxAllocRate: 3339,5MB/s (+/-2,9%), Free: 4782MB, GCCPUTime: 2,718, GCDuration: 1,363s, TimeUntilOOM: 1,392s, TimeUntilGC: -0,071s, GCWorkers: 2 -> 2
[2024-02-14T16:50:27.108+0100][debug][gc,heap        ] GC(31) Heap before GC invocations=31 (full 31):
[2024-02-14T16:50:27.108+0100][debug][gc,heap        ] GC(31)  ZHeap           used 10538M, capacity 14594M, max capacity 15360M
[2024-02-14T16:50:27.108+0100][debug][gc,heap        ] GC(31)  Metaspace       used 32037K, committed 32448K, reserved 1114112K
[2024-02-14T16:50:27.108+0100][debug][gc,heap        ] GC(31)   class space    used 3379K, committed 3584K, reserved 1048576K
[2024-02-14T16:50:27.108+0100][info ][gc,start       ] GC(31) Garbage Collection (Allocation Rate)
[2024-02-14T16:50:27.108+0100][info ][gc,task        ] GC(31) Using 2 workers
[2024-02-14T16:50:27.108+0100][debug][gc,phases,start] GC(31) Pause Mark Start
[2024-02-14T16:50:27.108+0100][debug][gc,marking     ] GC(31) Using 2 mark stripes
[2024-02-14T16:50:27.108+0100][debug][gc,marking     ] GC(31) Mark Worker/Stripe Distribution
[2024-02-14T16:50:27.108+0100][debug][gc,marking     ] GC(31)   Worker 0(2) -> Stripe 0(2)
[2024-02-14T16:50:27.108+0100][debug][gc,marking     ] GC(31)   Worker 1(2) -> Stripe 1(2)
[2024-02-14T16:50:27.108+0100][info ][gc,phases      ] GC(31) Pause Mark Start 0,067ms
[2024-02-14T16:50:27.108+0100][debug][gc,phases,start] GC(31) Concurrent Mark
[2024-02-14T16:50:27.108+0100][debug][gc,task        ] GC(31) Executing Task: XMarkRootsTask, Active Workers: 2
[2024-02-14T16:50:27.109+0100][debug][gc,tlab        ] GC(31) TLAB totals: thrds: 10  refills: 26377 max: 26345 slow allocs: 2 max 2 waste:  1,0% gc: 1043072B max: 199312B slow: 65708800B max: 65695232B
[2024-02-14T16:50:27.109+0100][debug][gc,task        ] GC(31) Executing Task: XMarkTask, Active Workers: 2
[2024-02-14T16:50:27.208+0100][debug][gc,alloc       ] Allocation Rate: 3052,0MB/s, Predicted: 3090,9MB/s, Avg: 2936,4(+/-83,9)MB/s
[2024-02-14T16:50:27.307+0100][debug][gc,alloc       ] Allocation Rate: 3052,0MB/s, Predicted: 3104,0MB/s, Avg: 2960,4(+/-79,1)MB/s
[2024-02-14T16:50:27.407+0100][debug][gc,alloc       ] Allocation Rate: 3054,0MB/s, Predicted: 3118,4MB/s, Avg: 2978,4(+/-77,9)MB/s
[2024-02-14T16:50:27.507+0100][debug][gc,alloc       ] Allocation Rate: 3080,0MB/s, Predicted: 3129,1MB/s, Avg: 2999,8(+/-73,3)MB/s
[2024-02-14T16:50:27.607+0100][debug][gc,alloc       ] Allocation Rate: 3058,0MB/s, Predicted: 3117,7MB/s, Avg: 3018,6(+/-60,6)MB/s
[2024-02-14T16:50:27.707+0100][debug][gc,alloc       ] Allocation Rate: 3006,0MB/s, Predicted: 3077,9MB/s, Avg: 3030,4(+/-42,9)MB/s
[2024-02-14T16:50:27.807+0100][debug][gc,alloc       ] Allocation Rate: 2940,0MB/s, Predicted: 3012,8MB/s, Avg: 3032,2(+/-38,5)MB/s
[2024-02-14T16:50:27.908+0100][debug][gc,alloc       ] Allocation Rate: 2866,0MB/s, Predicted: 2937,2MB/s, Avg: 3019,0(+/-62,9)MB/s
[2024-02-14T16:50:28.008+0100][info ][gc,phases      ] GC(31) Concurrent Mark 899,476ms
[2024-02-14T16:50:28.008+0100][debug][gc,alloc       ] Allocation Rate: 2816,0MB/s, Predicted: 2860,0MB/s, Avg: 2997,2(+/-87,0)MB/s
[2024-02-14T16:50:28.008+0100][debug][gc,phases,start] GC(31) Pause Mark End
[2024-02-14T16:50:28.008+0100][info ][gc,phases      ] GC(31) Pause Mark End 0,032ms
[2024-02-14T16:50:28.008+0100][debug][gc,phases,start] GC(31) Concurrent Mark Free
[2024-02-14T16:50:28.008+0100][info ][gc,phases      ] GC(31) Concurrent Mark Free 0,009ms
[2024-02-14T16:50:28.008+0100][debug][gc,phases,start] GC(31) Concurrent Process Non-Strong References
[2024-02-14T16:50:28.008+0100][debug][gc,phases,start] GC(31) Concurrent References Process
[2024-02-14T16:50:28.008+0100][debug][gc,task        ] GC(31) Executing Task: XReferenceProcessorTask, Active Workers: 2
[2024-02-14T16:50:28.012+0100][debug][gc,phases      ] GC(31) Concurrent References Process 3,983ms
[2024-02-14T16:50:28.012+0100][debug][gc,task        ] GC(31) Executing Task: XProcessWeakRootsTask, Active Workers: 2
[2024-02-14T16:50:28.012+0100][debug][gc,phases,start] GC(31) Concurrent Classes Unlink
[2024-02-14T16:50:28.012+0100][debug][gc,phases,start] GC(31) ClassLoaderData
[2024-02-14T16:50:28.012+0100][debug][gc,phases      ] GC(31) ClassLoaderData 0,033ms
[2024-02-14T16:50:28.012+0100][debug][gc,phases,start] GC(31) Trigger cleanups
[2024-02-14T16:50:28.012+0100][debug][gc,phases      ] GC(31) Trigger cleanups 0,005ms
[2024-02-14T16:50:28.012+0100][debug][gc,task        ] GC(31) Executing Task: XNMethodUnlinkTask, Active Workers: 2
[2024-02-14T16:50:28.015+0100][debug][gc,phases      ] GC(31) Concurrent Classes Unlink 2,370ms
[2024-02-14T16:50:28.015+0100][debug][gc,phases,start] GC(31) Concurrent Classes Purge
[2024-02-14T16:50:28.015+0100][debug][gc,nmethod     ] GC(31) Unregister NMethod: com.github.benmanes.caffeine.cache.AbstractLinkedDeque.offerLast (0x00007f9f0bb59e90)
[2024-02-14T16:50:28.015+0100][debug][gc,phases      ] GC(31) Concurrent Classes Purge 0,032ms
[2024-02-14T16:50:28.015+0100][debug][gc,phases,start] GC(31) Concurrent References Enqueue
[2024-02-14T16:50:28.015+0100][debug][gc,phases      ] GC(31) Concurrent References Enqueue 0,007ms
[2024-02-14T16:50:28.015+0100][info ][gc,phases      ] GC(31) Concurrent Process Non-Strong References 6,819ms
[2024-02-14T16:50:28.015+0100][debug][gc,phases,start] GC(31) Concurrent Reset Relocation Set
[2024-02-14T16:50:28.015+0100][info ][gc,phases      ] GC(31) Concurrent Reset Relocation Set 0,108ms
[2024-02-14T16:50:28.015+0100][debug][gc,phases,start] GC(31) Concurrent Select Relocation Set
[2024-02-14T16:50:28.016+0100][debug][gc,task        ] GC(31) Executing Task: XRelocationSetInstallTask, Active Workers: 2
[2024-02-14T16:50:28.026+0100][info ][gc,phases      ] GC(31) Concurrent Select Relocation Set 10,976ms
[2024-02-14T16:50:28.026+0100][debug][gc,phases,start] GC(31) Pause Relocate Start
[2024-02-14T16:50:28.026+0100][info ][gc,phases      ] GC(31) Pause Relocate Start 0,033ms
[2024-02-14T16:50:28.026+0100][debug][gc,phases,start] GC(31) Concurrent Relocate
[2024-02-14T16:50:28.026+0100][debug][gc,task        ] GC(31) Executing Task: XRelocateTask, Active Workers: 2
[2024-02-14T16:50:28.107+0100][debug][gc,alloc       ] Allocation Rate: 2758,0MB/s, Predicted: 2777,9MB/s, Avg: 2968,2(+/-110,4)MB/s
[2024-02-14T16:50:28.161+0100][info ][gc,phases      ] GC(31) Concurrent Relocate 134,671ms
[2024-02-14T16:50:28.161+0100][debug][gc,heap        ] GC(31) Heap after GC invocations=32 (full 32):
[2024-02-14T16:50:28.161+0100][debug][gc,heap        ] GC(31)  ZHeap           used 6834M, capacity 14594M, max capacity 15360M
[2024-02-14T16:50:28.161+0100][debug][gc,heap        ] GC(31)  Metaspace       used 32037K, committed 32448K, reserved 1114112K
[2024-02-14T16:50:28.161+0100][debug][gc,heap        ] GC(31)   class space    used 3379K, committed 3584K, reserved 1048576K
[2024-02-14T16:50:28.161+0100][info ][gc,load        ] GC(31) Load: 3,62/1,93/1,76
[2024-02-14T16:50:28.161+0100][info ][gc,mmu         ] GC(31) MMU: 2ms/92,8%, 5ms/97,1%, 10ms/98,6%, 20ms/99,1%, 50ms/99,6%, 100ms/99,8%
[2024-02-14T16:50:28.161+0100][info ][gc,marking     ] GC(31) Mark: 2 stripe(s), 2 proactive flush(es), 1 terminate flush(es), 0 completion(s), 0 continuation(s) 
[2024-02-14T16:50:28.161+0100][info ][gc,marking     ] GC(31) Mark Stack Usage: 32M
[2024-02-14T16:50:28.161+0100][info ][gc,nmethod     ] GC(31) NMethods: 4250 registered, 1455 unregistered
[2024-02-14T16:50:28.161+0100][info ][gc,metaspace   ] GC(31) Metaspace: 31M used, 31M committed, 1088M reserved
[2024-02-14T16:50:28.161+0100][info ][gc,ref         ] GC(31) Soft: 3896 encountered, 0 discovered, 0 enqueued
[2024-02-14T16:50:28.161+0100][info ][gc,ref         ] GC(31) Weak: 2055 encountered, 150 discovered, 0 enqueued
[2024-02-14T16:50:28.161+0100][info ][gc,ref         ] GC(31) Final: 12927 encountered, 12927 discovered, 12927 enqueued
[2024-02-14T16:50:28.161+0100][info ][gc,ref         ] GC(31) Phantom: 13328 encountered, 13203 discovered, 12933 enqueued
[2024-02-14T16:50:28.161+0100][info ][gc,reloc       ] GC(31) Small Pages: 5253 / 10506M, Empty: 144M, Relocated: 397M, In-Place: 0
[2024-02-14T16:50:28.161+0100][info ][gc,reloc       ] GC(31) Medium Pages: 1 / 32M, Empty: 0M, Relocated: 0M, In-Place: 0
[2024-02-14T16:50:28.161+0100][info ][gc,reloc       ] GC(31) Large Pages: 0 / 0M, Empty: 0M, Relocated: 0M, In-Place: 0
[2024-02-14T16:50:28.161+0100][info ][gc,reloc       ] GC(31) Forwarding Usage: 174M
[2024-02-14T16:50:28.161+0100][info ][gc,heap        ] GC(31) Min Capacity: 5120M(33%)
[2024-02-14T16:50:28.161+0100][info ][gc,heap        ] GC(31) Max Capacity: 15360M(100%)
[2024-02-14T16:50:28.161+0100][info ][gc,heap        ] GC(31) Soft Max Capacity: 15360M(100%)
[2024-02-14T16:50:28.161+0100][info ][gc,heap        ] GC(31)                Mark Start          Mark End        Relocate Start      Relocate End           High               Low         
[2024-02-14T16:50:28.161+0100][info ][gc,heap        ] GC(31)  Capacity:    14594M (95%)       14594M (95%)       14594M (95%)       14594M (95%)       14594M (95%)       14594M (95%)    
[2024-02-14T16:50:28.161+0100][info ][gc,heap        ] GC(31)      Free:     4822M (31%)        2330M (15%)        2420M (16%)        8526M (56%)        8546M (56%)        2308M (15%)    
[2024-02-14T16:50:28.161+0100][info ][gc,heap        ] GC(31)      Used:    10538M (69%)       13030M (85%)       12940M (84%)        6834M (44%)       13052M (85%)        6814M (44%)    
[2024-02-14T16:50:28.161+0100][info ][gc,heap        ] GC(31)      Live:         -              3701M (24%)        3701M (24%)        3701M (24%)            -                  -          
[2024-02-14T16:50:28.161+0100][info ][gc,heap        ] GC(31) Allocated:         -              2492M (16%)        2546M (17%)        2901M (19%)            -                  -          
[2024-02-14T16:50:28.161+0100][info ][gc,heap        ] GC(31)   Garbage:         -              6836M (45%)        6692M (44%)         230M (2%)             -                  -          
[2024-02-14T16:50:28.161+0100][info ][gc,heap        ] GC(31) Reclaimed:         -                  -               144M (1%)         6605M (43%)            -                  -          
[2024-02-14T16:50:28.161+0100][info ][gc             ] GC(31) Garbage Collection (Allocation Rate) 10538M(69%)->6834M(44%)
[2024-02-14T16:50:28.207+0100][debug][gc,alloc       ] Allocation Rate: 2740,0MB/s, Predicted: 2708,9MB/s, Avg: 2937,0(+/-125,4)MB/s
[2024-02-14T16:50:28.207+0100][debug][gc,director    ] Select GC Workers (Normal), AvoidLongGCWorkers: 0,258, AvoidOOMGCWorkers: 1,082, LastGCWorkers: 2,000, GCWorkers: 1,082
[2024-02-14T16:50:28.207+0100][debug][gc,director    ] Rule: Allocation Rate (Dynamic GC Workers), MaxAllocRate: 3349,7MB/s (+/-4,3%), Free: 8338MB, GCCPUTime: 2,582, GCDuration: 1,294s, TimeUntilOOM: 2,387s, TimeUntilGC: 0,993s, GCWorkers: 2 -> 2
[2024-02-14T16:50:28.207+0100][debug][gc,director    ] Rule: High Usage, Free: 8338MB(54,3%)
[2024-02-14T16:50:28.207+0100][debug][gc,director    ] Rule: Proactive, UsedUntilEnabled: 1390MB, TimeUntilEnabled: 299,954s
[2024-02-14T16:50:28.307+0100][debug][gc,alloc       ] Allocation Rate: 2770,0MB/s, Predicted: 2672,8MB/s, Avg: 2908,8(+/-128,1)MB/s
[2024-02-14T16:50:28.307+0100][debug][gc,director    ] Select GC Workers (Normal), AvoidLongGCWorkers: 0,258, AvoidOOMGCWorkers: 1,120, LastGCWorkers: 2,000, GCWorkers: 1,120
[2024-02-14T16:50:28.307+0100][debug][gc,director    ] Rule: Allocation Rate (Dynamic GC Workers), MaxAllocRate: 3330,2MB/s (+/-4,4%), Free: 8018MB, GCCPUTime: 2,582, GCDuration: 1,294s, TimeUntilOOM: 2,306s, TimeUntilGC: 0,912s, GCWorkers: 2 -> 2
[2024-02-14T16:50:28.307+0100][debug][gc,director    ] Rule: High Usage, Free: 8018MB(52,2%)
[2024-02-14T16:50:28.307+0100][debug][gc,director    ] Rule: Proactive, UsedUntilEnabled: 1070MB, TimeUntilEnabled: 299,854s
[2024-02-14T16:50:28.407+0100][debug][gc,alloc       ] Allocation Rate: 2790,0MB/s, Predicted: 2664,0MB/s, Avg: 2882,4(+/-122,5)MB/s
[2024-02-14T16:50:28.408+0100][debug][gc,director    ] Select GC Workers (Normal), AvoidLongGCWorkers: 0,258, AvoidOOMGCWorkers: 1,149, LastGCWorkers: 2,000, GCWorkers: 1,149
[2024-02-14T16:50:28.408+0100][debug][gc,director    ] Rule: Allocation Rate (Dynamic GC Workers), MaxAllocRate: 3285,5MB/s (+/-4,3%), Free: 7702MB, GCCPUTime: 2,582, GCDuration: 1,294s, TimeUntilOOM: 2,249s, TimeUntilGC: 0,855s, GCWorkers: 2 -> 2
[2024-02-14T16:50:28.408+0100][debug][gc,director    ] Rule: High Usage, Free: 7702MB(50,1%)
[2024-02-14T16:50:28.408+0100][debug][gc,director    ] Rule: Proactive, UsedUntilEnabled: 754MB, TimeUntilEnabled: 299,753s
[2024-02-14T16:50:28.508+0100][debug][gc,alloc       ] Allocation Rate: 2800,0MB/s, Predicted: 2683,7MB/s, Avg: 2854,4(+/-104,9)MB/s
[2024-02-14T16:50:28.508+0100][debug][gc,director    ] Select GC Workers (Normal), AvoidLongGCWorkers: 0,258, AvoidOOMGCWorkers: 1,160, LastGCWorkers: 2,000, GCWorkers: 1,160
[2024-02-14T16:50:28.508+0100][debug][gc,director    ] Rule: Allocation Rate (Dynamic GC Workers), MaxAllocRate: 3199,5MB/s (+/-3,7%), Free: 7388MB, GCCPUTime: 2,582, GCDuration: 1,294s, TimeUntilOOM: 2,227s, TimeUntilGC: 0,833s, GCWorkers: 2 -> 2
[2024-02-14T16:50:28.508+0100][debug][gc,director    ] Rule: High Usage, Free: 7388MB(48,1%)
[2024-02-14T16:50:28.508+0100][debug][gc,director    ] Rule: Proactive, UsedUntilEnabled: 440MB, TimeUntilEnabled: 299,653s
[2024-02-14T16:50:28.608+0100][debug][gc,alloc       ] Allocation Rate: 2850,0MB/s, Predicted: 2736,3MB/s, Avg: 2833,6(+/-80,1)MB/s
[2024-02-14T16:50:28.608+0100][debug][gc,director    ] Select GC Workers (Normal), AvoidLongGCWorkers: 0,258, AvoidOOMGCWorkers: 1,164, LastGCWorkers: 2,000, GCWorkers: 1,164
[2024-02-14T16:50:28.608+0100][debug][gc,director    ] Rule: Allocation Rate (Dynamic GC Workers), MaxAllocRate: 3097,3MB/s (+/-2,8%), Free: 7068MB, GCCPUTime: 2,582, GCDuration: 1,294s, TimeUntilOOM: 2,219s, TimeUntilGC: 0,825s, GCWorkers: 2 -> 2
[2024-02-14T16:50:28.608+0100][debug][gc,director    ] Rule: High Usage, Free: 7068MB(46,0%)
[2024-02-14T16:50:28.608+0100][debug][gc,director    ] Rule: Proactive, UsedUntilEnabled: 120MB, TimeUntilEnabled: 299,553s
[2024-02-14T16:50:28.707+0100][debug][gc,alloc       ] Allocation Rate: 2918,0MB/s, Predicted: 2816,0MB/s, Avg: 2824,8(+/-63,9)MB/s
[2024-02-14T16:50:28.707+0100][debug][gc,director    ] Select GC Workers (Normal), AvoidLongGCWorkers: 0,258, AvoidOOMGCWorkers: 1,189, LastGCWorkers: 2,000, GCWorkers: 1,189
[2024-02-14T16:50:28.707+0100][debug][gc,director    ] Rule: Allocation Rate (Dynamic GC Workers), MaxAllocRate: 3035,1MB/s (+/-2,3%), Free: 6742MB, GCCPUTime: 2,582, GCDuration: 1,294s, TimeUntilOOM: 2,172s, TimeUntilGC: 0,778s, GCWorkers: 2 -> 2
[2024-02-14T16:50:28.707+0100][debug][gc,director    ] Rule: High Usage, Free: 6742MB(43,9%)
[2024-02-14T16:50:28.707+0100][debug][gc,director    ] Rule: Proactive, AcceptableGCInterval: 25,557s, TimeSinceLastGC: 0,546s, TimeUntilGC: 25,011s
[2024-02-14T16:50:28.807+0100][debug][gc,alloc       ] Allocation Rate: 3002,0MB/s, Predicted: 2917,6MB/s, Avg: 2831,0(+/-76,5)MB/s
[2024-02-14T16:50:28.807+0100][debug][gc,director    ] Select GC Workers (Normal), AvoidLongGCWorkers: 0,258, AvoidOOMGCWorkers: 1,312, LastGCWorkers: 2,000, GCWorkers: 1,312
[2024-02-14T16:50:28.807+0100][debug][gc,director    ] Rule: Allocation Rate (Dynamic GC Workers), MaxAllocRate: 3169,5MB/s (+/-2,7%), Free: 6412MB, GCCPUTime: 2,582, GCDuration: 1,294s, TimeUntilOOM: 1,970s, TimeUntilGC: 0,576s, GCWorkers: 2 -> 2
[2024-02-14T16:50:28.807+0100][debug][gc,director    ] Rule: High Usage, Free: 6412MB(41,7%)
[2024-02-14T16:50:28.807+0100][debug][gc,director    ] Rule: Proactive, AcceptableGCInterval: 25,557s, TimeSinceLastGC: 0,646s, TimeUntilGC: 24,911s
[2024-02-14T16:50:28.907+0100][debug][gc,alloc       ] Allocation Rate: 3088,0MB/s, Predicted: 3029,7MB/s, Avg: 2853,2(+/-108,9)MB/s
[2024-02-14T16:50:28.907+0100][debug][gc,director    ] Select GC Workers (Normal), AvoidLongGCWorkers: 0,258, AvoidOOMGCWorkers: 1,495, LastGCWorkers: 2,000, GCWorkers: 1,495
[2024-02-14T16:50:28.907+0100][debug][gc,director    ] Rule: Allocation Rate (Dynamic GC Workers), MaxAllocRate: 3387,9MB/s (+/-3,8%), Free: 6080MB, GCCPUTime: 2,582, GCDuration: 1,294s, TimeUntilOOM: 1,729s, TimeUntilGC: 0,335s, GCWorkers: 2 -> 2
[2024-02-14T16:50:28.907+0100][debug][gc,director    ] Rule: High Usage, Free: 6080MB(39,6%)
[2024-02-14T16:50:28.907+0100][debug][gc,director    ] Rule: Proactive, AcceptableGCInterval: 25,557s, TimeSinceLastGC: 0,746s, TimeUntilGC: 24,811s
[2024-02-14T16:50:29.007+0100][debug][gc,alloc       ] Allocation Rate: 3142,0MB/s, Predicted: 3135,3MB/s, Avg: 2885,8(+/-137,8)MB/s
[2024-02-14T16:50:29.007+0100][debug][gc,director    ] Select GC Workers (Normal), AvoidLongGCWorkers: 0,258, AvoidOOMGCWorkers: 1,691, LastGCWorkers: 2,000, GCWorkers: 1,691
[2024-02-14T16:50:29.007+0100][debug][gc,director    ] Rule: Allocation Rate (Dynamic GC Workers), MaxAllocRate: 3588,8MB/s (+/-4,8%), Free: 5750MB, GCCPUTime: 2,582, GCDuration: 1,294s, TimeUntilOOM: 1,529s, TimeUntilGC: 0,135s, GCWorkers: 2 -> 2
[2024-02-14T16:50:29.007+0100][debug][gc,director    ] Rule: High Usage, Free: 5750MB(37,4%)
[2024-02-14T16:50:29.007+0100][debug][gc,director    ] Rule: Proactive, AcceptableGCInterval: 25,557s, TimeSinceLastGC: 0,847s, TimeUntilGC: 24,710s
[2024-02-14T16:50:29.108+0100][debug][gc,alloc       ] Allocation Rate: 3208,0MB/s, Predicted: 3230,1MB/s, Avg: 2930,8(+/-160,3)MB/s
[2024-02-14T16:50:29.108+0100][debug][gc,director    ] Select GC Workers (Normal), AvoidLongGCWorkers: 0,258, AvoidOOMGCWorkers: 1,892, LastGCWorkers: 2,000, GCWorkers: 1,892
[2024-02-14T16:50:29.108+0100][debug][gc,director    ] Rule: Allocation Rate (Dynamic GC Workers), MaxAllocRate: 3757,8MB/s (+/-5,5%), Free: 5420MB, GCCPUTime: 2,582, GCDuration: 1,294s, TimeUntilOOM: 1,368s, TimeUntilGC: -0,027s, GCWorkers: 2 -> 2
[2024-02-14T16:50:29.108+0100][debug][gc,heap        ] GC(32) Heap before GC invocations=32 (full 32):
[2024-02-14T16:50:29.108+0100][debug][gc,heap        ] GC(32)  ZHeap           used 9898M, capacity 14594M, max capacity 15360M
[2024-02-14T16:50:29.108+0100][debug][gc,heap        ] GC(32)  Metaspace       used 32037K, committed 32448K, reserved 1114112K
[2024-02-14T16:50:29.108+0100][debug][gc,heap        ] GC(32)   class space    used 3379K, committed 3584K, reserved 1048576K
[2024-02-14T16:50:29.108+0100][info ][gc,start       ] GC(32) Garbage Collection (Allocation Rate)
[2024-02-14T16:50:29.108+0100][info ][gc,task        ] GC(32) Using 2 workers
[2024-02-14T16:50:29.108+0100][debug][gc,phases,start] GC(32) Pause Mark Start
[2024-02-14T16:50:29.108+0100][debug][gc,marking     ] GC(32) Using 2 mark stripes
[2024-02-14T16:50:29.108+0100][debug][gc,marking     ] GC(32) Mark Worker/Stripe Distribution
[2024-02-14T16:50:29.108+0100][debug][gc,marking     ] GC(32)   Worker 0(2) -> Stripe 0(2)
[2024-02-14T16:50:29.108+0100][debug][gc,marking     ] GC(32)   Worker 1(2) -> Stripe 1(2)
[2024-02-14T16:50:29.108+0100][info ][gc,phases      ] GC(32) Pause Mark Start 0,072ms
[2024-02-14T16:50:29.108+0100][debug][gc,phases,start] GC(32) Concurrent Mark
[2024-02-14T16:50:29.108+0100][debug][gc,task        ] GC(32) Executing Task: XMarkRootsTask, Active Workers: 2
[2024-02-14T16:50:29.109+0100][debug][gc,tlab        ] GC(32) TLAB totals: thrds: 10  refills: 23818 max: 23787 slow allocs: 7 max 7 waste:  1,0% gc: 1445464B max: 262008B slow: 59128672B max: 59111128B
[2024-02-14T16:50:29.109+0100][debug][gc,task        ] GC(32) Executing Task: XMarkTask, Active Workers: 2
[2024-02-14T16:50:29.208+0100][debug][gc,alloc       ] Allocation Rate: 3236,0MB/s, Predicted: 3301,3MB/s, Avg: 2980,4(+/-170,1)MB/s
[2024-02-14T16:50:29.308+0100][debug][gc,alloc       ] Allocation Rate: 3204,0MB/s, Predicted: 3334,7MB/s, Avg: 3023,8(+/-166,2)MB/s
[2024-02-14T16:50:29.408+0100][debug][gc,alloc       ] Allocation Rate: 3216,0MB/s, Predicted: 3349,2MB/s, Avg: 3066,4(+/-155,0)MB/s
[2024-02-14T16:50:29.507+0100][debug][gc,alloc       ] Allocation Rate: 3226,0MB/s, Predicted: 3342,0MB/s, Avg: 3109,0(+/-132,9)MB/s
[2024-02-14T16:50:29.607+0100][debug][gc,alloc       ] Allocation Rate: 3234,0MB/s, Predicted: 3322,9MB/s, Avg: 3147,4(+/-105,1)MB/s
[2024-02-14T16:50:29.707+0100][debug][gc,alloc       ] Allocation Rate: 3240,0MB/s, Predicted: 3298,8MB/s, Avg: 3179,6(+/-74,8)MB/s
[2024-02-14T16:50:29.807+0100][debug][gc,alloc       ] Allocation Rate: 3234,0MB/s, Predicted: 3273,2MB/s, Avg: 3202,8(+/-47,0)MB/s
[2024-02-14T16:50:29.907+0100][debug][gc,alloc       ] Allocation Rate: 3220,0MB/s, Predicted: 3249,5MB/s, Avg: 3216,0(+/-27,2)MB/s
[2024-02-14T16:50:30.008+0100][debug][gc,alloc       ] Allocation Rate: 3164,0MB/s, Predicted: 3208,9MB/s, Avg: 3218,2(+/-21,5)MB/s
[2024-02-14T16:50:30.027+0100][info ][gc,phases      ] GC(32) Concurrent Mark 919,571ms
[2024-02-14T16:50:30.028+0100][debug][gc,phases,start] GC(32) Pause Mark End
[2024-02-14T16:50:30.028+0100][info ][gc,phases      ] GC(32) Pause Mark End 0,034ms
[2024-02-14T16:50:30.028+0100][debug][gc,phases,start] GC(32) Concurrent Mark Free
[2024-02-14T16:50:30.028+0100][info ][gc,phases      ] GC(32) Concurrent Mark Free 0,007ms
[2024-02-14T16:50:30.028+0100][debug][gc,phases,start] GC(32) Concurrent Process Non-Strong References
[2024-02-14T16:50:30.028+0100][debug][gc,phases,start] GC(32) Concurrent References Process
[2024-02-14T16:50:30.028+0100][debug][gc,task        ] GC(32) Executing Task: XReferenceProcessorTask, Active Workers: 2
[2024-02-14T16:50:30.031+0100][debug][gc,phases      ] GC(32) Concurrent References Process 3,592ms
[2024-02-14T16:50:30.031+0100][debug][gc,task        ] GC(32) Executing Task: XProcessWeakRootsTask, Active Workers: 2
[2024-02-14T16:50:30.032+0100][debug][gc,phases,start] GC(32) Concurrent Classes Unlink
[2024-02-14T16:50:30.032+0100][debug][gc,phases,start] GC(32) ClassLoaderData
[2024-02-14T16:50:30.032+0100][debug][gc,phases      ] GC(32) ClassLoaderData 0,039ms
[2024-02-14T16:50:30.032+0100][debug][gc,phases,start] GC(32) Trigger cleanups
[2024-02-14T16:50:30.032+0100][debug][gc,phases      ] GC(32) Trigger cleanups 0,024ms
[2024-02-14T16:50:30.032+0100][debug][gc,task        ] GC(32) Executing Task: XNMethodUnlinkTask, Active Workers: 2
[2024-02-14T16:50:30.034+0100][debug][gc,phases      ] GC(32) Concurrent Classes Unlink 2,514ms
[2024-02-14T16:50:30.034+0100][debug][gc,phases,start] GC(32) Concurrent Classes Purge
[2024-02-14T16:50:30.034+0100][debug][gc,phases      ] GC(32) Concurrent Classes Purge 0,013ms
[2024-02-14T16:50:30.034+0100][debug][gc,phases,start] GC(32) Concurrent References Enqueue
[2024-02-14T16:50:30.034+0100][debug][gc,phases      ] GC(32) Concurrent References Enqueue 0,010ms
[2024-02-14T16:50:30.034+0100][info ][gc,phases      ] GC(32) Concurrent Process Non-Strong References 6,443ms
[2024-02-14T16:50:30.034+0100][debug][gc,phases,start] GC(32) Concurrent Reset Relocation Set
[2024-02-14T16:50:30.034+0100][info ][gc,phases      ] GC(32) Concurrent Reset Relocation Set 0,129ms
[2024-02-14T16:50:30.034+0100][debug][gc,phases,start] GC(32) Concurrent Select Relocation Set
[2024-02-14T16:50:30.036+0100][debug][gc,task        ] GC(32) Executing Task: XRelocationSetInstallTask, Active Workers: 2
[2024-02-14T16:50:30.045+0100][info ][gc,phases      ] GC(32) Concurrent Select Relocation Set 10,442ms
[2024-02-14T16:50:30.045+0100][debug][gc,phases,start] GC(32) Pause Relocate Start
[2024-02-14T16:50:30.045+0100][info ][gc,phases      ] GC(32) Pause Relocate Start 0,027ms
[2024-02-14T16:50:30.045+0100][debug][gc,phases,start] GC(32) Concurrent Relocate
[2024-02-14T16:50:30.045+0100][debug][gc,task        ] GC(32) Executing Task: XRelocateTask, Active Workers: 2
[2024-02-14T16:50:30.108+0100][debug][gc,alloc       ] Allocation Rate: 3118,0MB/s, Predicted: 3166,1MB/s, Avg: 3209,2(+/-37,1)MB/s
[2024-02-14T16:50:30.167+0100][info ][gc,phases      ] GC(32) Concurrent Relocate 121,806ms
[2024-02-14T16:50:30.167+0100][debug][gc,heap        ] GC(32) Heap after GC invocations=33 (full 33):
[2024-02-14T16:50:30.167+0100][debug][gc,heap        ] GC(32)  ZHeap           used 7220M, capacity 14594M, max capacity 15360M
[2024-02-14T16:50:30.167+0100][debug][gc,heap        ] GC(32)  Metaspace       used 32037K, committed 32448K, reserved 1114112K
[2024-02-14T16:50:30.167+0100][debug][gc,heap        ] GC(32)   class space    used 3379K, committed 3584K, reserved 1048576K
[2024-02-14T16:50:30.167+0100][info ][gc,load        ] GC(32) Load: 3,62/1,93/1,76
[2024-02-14T16:50:30.167+0100][info ][gc,mmu         ] GC(32) MMU: 2ms/92,8%, 5ms/97,1%, 10ms/98,6%, 20ms/99,1%, 50ms/99,6%, 100ms/99,8%
[2024-02-14T16:50:30.167+0100][info ][gc,marking     ] GC(32) Mark: 2 stripe(s), 2 proactive flush(es), 1 terminate flush(es), 0 completion(s), 0 continuation(s) 
[2024-02-14T16:50:30.167+0100][info ][gc,marking     ] GC(32) Mark Stack Usage: 32M
[2024-02-14T16:50:30.167+0100][info ][gc,nmethod     ] GC(32) NMethods: 4250 registered, 1455 unregistered
[2024-02-14T16:50:30.167+0100][info ][gc,metaspace   ] GC(32) Metaspace: 31M used, 31M committed, 1088M reserved
[2024-02-14T16:50:30.167+0100][info ][gc,ref         ] GC(32) Soft: 3896 encountered, 0 discovered, 0 enqueued
[2024-02-14T16:50:30.167+0100][info ][gc,ref         ] GC(32) Weak: 2055 encountered, 171 discovered, 0 enqueued
[2024-02-14T16:50:30.167+0100][info ][gc,ref         ] GC(32) Final: 11671 encountered, 11671 discovered, 11671 enqueued
[2024-02-14T16:50:30.167+0100][info ][gc,ref         ] GC(32) Phantom: 12072 encountered, 11948 discovered, 11677 enqueued
[2024-02-14T16:50:30.167+0100][info ][gc,reloc       ] GC(32) Small Pages: 4933 / 9866M, Empty: 204M, Relocated: 372M, In-Place: 0
[2024-02-14T16:50:30.167+0100][info ][gc,reloc       ] GC(32) Medium Pages: 1 / 32M, Empty: 0M, Relocated: 0M, In-Place: 0
[2024-02-14T16:50:30.167+0100][info ][gc,reloc       ] GC(32) Large Pages: 0 / 0M, Empty: 0M, Relocated: 0M, In-Place: 0
[2024-02-14T16:50:30.167+0100][info ][gc,reloc       ] GC(32) Forwarding Usage: 167M
[2024-02-14T16:50:30.167+0100][info ][gc,heap        ] GC(32) Min Capacity: 5120M(33%)
[2024-02-14T16:50:30.167+0100][info ][gc,heap        ] GC(32) Max Capacity: 15360M(100%)
[2024-02-14T16:50:30.167+0100][info ][gc,heap        ] GC(32) Soft Max Capacity: 15360M(100%)
[2024-02-14T16:50:30.167+0100][info ][gc,heap        ] GC(32)                Mark Start          Mark End        Relocate Start      Relocate End           High               Low         
[2024-02-14T16:50:30.167+0100][info ][gc,heap        ] GC(32)  Capacity:    14594M (95%)       14594M (95%)       14594M (95%)       14594M (95%)       14594M (95%)       14594M (95%)    
[2024-02-14T16:50:30.167+0100][info ][gc,heap        ] GC(32)      Free:     5462M (36%)        2570M (17%)        2722M (18%)        8140M (53%)        8148M (53%)        2548M (17%)    
[2024-02-14T16:50:30.167+0100][info ][gc,heap        ] GC(32)      Used:     9898M (64%)       12790M (83%)       12638M (82%)        7220M (47%)       12812M (83%)        7212M (47%)    
[2024-02-14T16:50:30.167+0100][info ][gc,heap        ] GC(32)      Live:         -              3704M (24%)        3704M (24%)        3704M (24%)            -                  -          
[2024-02-14T16:50:30.167+0100][info ][gc,heap        ] GC(32) Allocated:         -              2892M (19%)        2944M (19%)        3279M (21%)            -                  -          
[2024-02-14T16:50:30.167+0100][info ][gc,heap        ] GC(32)   Garbage:         -              6193M (40%)        5989M (39%)         235M (2%)             -                  -          
[2024-02-14T16:50:30.167+0100][info ][gc,heap        ] GC(32) Reclaimed:         -                  -               204M (1%)         5957M (39%)            -                  -          
[2024-02-14T16:50:30.167+0100][info ][gc             ] GC(32) Garbage Collection (Allocation Rate) 9898M(64%)->7220M(47%)
[2024-02-14T16:50:30.208+0100][debug][gc,alloc       ] Allocation Rate: 3094,0MB/s, Predicted: 3127,2MB/s, Avg: 3195,0(+/-49,3)MB/s
[2024-02-14T16:50:30.208+0100][debug][gc,director    ] Select GC Workers (Normal), AvoidLongGCWorkers: 0,237, AvoidOOMGCWorkers: 1,015, LastGCWorkers: 2,000, GCWorkers: 1,015
[2024-02-14T16:50:30.208+0100][debug][gc,director    ] Rule: Allocation Rate (Dynamic GC Workers), MaxAllocRate: 3357,1MB/s (+/-1,5%), Free: 7966MB, GCCPUTime: 2,373, GCDuration: 1,189s, TimeUntilOOM: 2,337s, TimeUntilGC: 1,048s, GCWorkers: 2 -> 2
[2024-02-14T16:50:30.208+0100][debug][gc,director    ] Rule: High Usage, Free: 7966MB(51,9%)
[2024-02-14T16:50:30.208+0100][debug][gc,director    ] Rule: Proactive, UsedUntilEnabled: 1404MB, TimeUntilEnabled: 299,959s
[2024-02-14T16:50:30.307+0100][debug][gc,alloc       ] Allocation Rate: 3120,0MB/s, Predicted: 3099,6MB/s, Avg: 3186,6(+/-53,9)MB/s
[2024-02-14T16:50:30.307+0100][debug][gc,director    ] Select GC Workers (Normal), AvoidLongGCWorkers: 0,237, AvoidOOMGCWorkers: 1,061, LastGCWorkers: 2,000, GCWorkers: 1,061
[2024-02-14T16:50:30.307+0100][debug][gc,director    ] Rule: Allocation Rate (Dynamic GC Workers), MaxAllocRate: 3364,1MB/s (+/-1,7%), Free: 7652MB, GCCPUTime: 2,373, GCDuration: 1,189s, TimeUntilOOM: 2,237s, TimeUntilGC: 0,948s, GCWorkers: 2 -> 2
[2024-02-14T16:50:30.307+0100][debug][gc,director    ] Rule: High Usage, Free: 7652MB(49,8%)
[2024-02-14T16:50:30.307+0100][debug][gc,director    ] Rule: Proactive, UsedUntilEnabled: 1090MB, TimeUntilEnabled: 299,860s
[2024-02-14T16:50:30.407+0100][debug][gc,alloc       ] Allocation Rate: 3112,0MB/s, Predicted: 3077,6MB/s, Avg: 3176,2(+/-57,2)MB/s
[2024-02-14T16:50:30.407+0100][debug][gc,director    ] Select GC Workers (Normal), AvoidLongGCWorkers: 0,237, AvoidOOMGCWorkers: 1,109, LastGCWorkers: 2,000, GCWorkers: 1,109
[2024-02-14T16:50:30.407+0100][debug][gc,director    ] Rule: Allocation Rate (Dynamic GC Workers), MaxAllocRate: 3364,4MB/s (+/-1,8%), Free: 7330MB, GCCPUTime: 2,373, GCDuration: 1,189s, TimeUntilOOM: 2,140s, TimeUntilGC: 0,851s, GCWorkers: 2 -> 2
[2024-02-14T16:50:30.407+0100][debug][gc,director    ] Rule: High Usage, Free: 7330MB(47,7%)
[2024-02-14T16:50:30.407+0100][debug][gc,director    ] Rule: Proactive, UsedUntilEnabled: 768MB, TimeUntilEnabled: 299,760s
[2024-02-14T16:50:30.507+0100][debug][gc,alloc       ] Allocation Rate: 3104,0MB/s, Predicted: 3062,0MB/s, Avg: 3164,0(+/-58,3)MB/s
[2024-02-14T16:50:30.507+0100][debug][gc,director    ] Select GC Workers (Normal), AvoidLongGCWorkers: 0,237, AvoidOOMGCWorkers: 1,156, LastGCWorkers: 2,000, GCWorkers: 1,156
[2024-02-14T16:50:30.507+0100][debug][gc,director    ] Rule: Allocation Rate (Dynamic GC Workers), MaxAllocRate: 3355,8MB/s (+/-1,8%), Free: 7014MB, GCCPUTime: 2,373, GCDuration: 1,189s, TimeUntilOOM: 2,052s, TimeUntilGC: 0,763s, GCWorkers: 2 -> 2
[2024-02-14T16:50:30.507+0100][debug][gc,director    ] Rule: High Usage, Free: 7014MB(45,7%)
[2024-02-14T16:50:30.507+0100][debug][gc,director    ] Rule: Proactive, UsedUntilEnabled: 452MB, TimeUntilEnabled: 299,660s
[2024-02-14T16:50:30.607+0100][debug][gc,alloc       ] Allocation Rate: 3102,0MB/s, Predicted: 3055,9MB/s, Avg: 3150,8(+/-55,8)MB/s
[2024-02-14T16:50:30.607+0100][debug][gc,director    ] Select GC Workers (Normal), AvoidLongGCWorkers: 0,237, AvoidOOMGCWorkers: 1,204, LastGCWorkers: 2,000, GCWorkers: 1,204
[2024-02-14T16:50:30.607+0100][debug][gc,director    ] Rule: Allocation Rate (Dynamic GC Workers), MaxAllocRate: 3334,5MB/s (+/-1,8%), Free: 6690MB, GCCPUTime: 2,373, GCDuration: 1,189s, TimeUntilOOM: 1,971s, TimeUntilGC: 0,682s, GCWorkers: 2 -> 2
[2024-02-14T16:50:30.607+0100][debug][gc,director    ] Rule: High Usage, Free: 6690MB(43,6%)
[2024-02-14T16:50:30.607+0100][debug][gc,director    ] Rule: Proactive, UsedUntilEnabled: 128MB, TimeUntilEnabled: 299,559s
[2024-02-14T16:50:30.708+0100][debug][gc,alloc       ] Allocation Rate: 3098,0MB/s, Predicted: 3058,5MB/s, Avg: 3136,6(+/-49,0)MB/s
[2024-02-14T16:50:30.708+0100][debug][gc,director    ] Select GC Workers (Normal), AvoidLongGCWorkers: 0,237, AvoidOOMGCWorkers: 1,250, LastGCWorkers: 2,000, GCWorkers: 1,250
[2024-02-14T16:50:30.708+0100][debug][gc,director    ] Rule: Allocation Rate (Dynamic GC Workers), MaxAllocRate: 3297,7MB/s (+/-1,6%), Free: 6362MB, GCCPUTime: 2,373, GCDuration: 1,189s, TimeUntilOOM: 1,900s, TimeUntilGC: 0,611s, GCWorkers: 2 -> 2
[2024-02-14T16:50:30.708+0100][debug][gc,director    ] Rule: High Usage, Free: 6362MB(41,4%)
[2024-02-14T16:50:30.708+0100][debug][gc,director    ] Rule: Proactive, AcceptableGCInterval: 23,457s, TimeSinceLastGC: 0,541s, TimeUntilGC: 22,917s
[2024-02-14T16:50:30.808+0100][debug][gc,alloc       ] Allocation Rate: 3108,0MB/s, Predicted: 3073,1MB/s, Avg: 3124,0(+/-37,1)MB/s
[2024-02-14T16:50:30.808+0100][debug][gc,director    ] Select GC Workers (Normal), AvoidLongGCWorkers: 0,237, AvoidOOMGCWorkers: 1,294, LastGCWorkers: 2,000, GCWorkers: 1,294
[2024-02-14T16:50:30.808+0100][debug][gc,director    ] Rule: Allocation Rate (Dynamic GC Workers), MaxAllocRate: 3245,9MB/s (+/-1,2%), Free: 6028MB, GCCPUTime: 2,373, GCDuration: 1,189s, TimeUntilOOM: 1,835s, TimeUntilGC: 0,546s, GCWorkers: 2 -> 2
[2024-02-14T16:50:30.808+0100][debug][gc,director    ] Rule: High Usage, Free: 6028MB(39,2%)
[2024-02-14T16:50:30.808+0100][debug][gc,director    ] Rule: Proactive, AcceptableGCInterval: 23,457s, TimeSinceLastGC: 0,641s, TimeUntilGC: 22,817s
[2024-02-14T16:50:30.908+0100][debug][gc,alloc       ] Allocation Rate: 3124,0MB/s, Predicted: 3098,7MB/s, Avg: 3114,4(+/-18,9)MB/s
[2024-02-14T16:50:30.908+0100][debug][gc,director    ] Select GC Workers (Normal), AvoidLongGCWorkers: 0,237, AvoidOOMGCWorkers: 1,333, LastGCWorkers: 2,000, GCWorkers: 1,333
[2024-02-14T16:50:30.908+0100][debug][gc,director    ] Rule: Allocation Rate (Dynamic GC Workers), MaxAllocRate: 3176,8MB/s (+/-0,6%), Free: 5694MB, GCCPUTime: 2,373, GCDuration: 1,189s, TimeUntilOOM: 1,782s, TimeUntilGC: 0,493s, GCWorkers: 2 -> 2
[2024-02-14T16:50:30.908+0100][debug][gc,director    ] Rule: High Usage, Free: 5694MB(37,1%)
[2024-02-14T16:50:30.908+0100][debug][gc,director    ] Rule: Proactive, AcceptableGCInterval: 23,457s, TimeSinceLastGC: 0,741s, TimeUntilGC: 22,716s
[2024-02-14T16:50:31.008+0100][debug][gc,alloc       ] Allocation Rate: 3184,0MB/s, Predicted: 3139,7MB/s, Avg: 3116,4(+/-24,4)MB/s
[2024-02-14T16:50:31.008+0100][debug][gc,director    ] Select GC Workers (Normal), AvoidLongGCWorkers: 0,237, AvoidOOMGCWorkers: 1,437, LastGCWorkers: 2,000, GCWorkers: 1,437
[2024-02-14T16:50:31.008+0100][debug][gc,director    ] Rule: Allocation Rate (Dynamic GC Workers), MaxAllocRate: 3219,9MB/s (+/-0,8%), Free: 5362MB, GCCPUTime: 2,373, GCDuration: 1,189s, TimeUntilOOM: 1,652s, TimeUntilGC: 0,363s, GCWorkers: 2 -> 2
[2024-02-14T16:50:31.008+0100][debug][gc,director    ] Rule: High Usage, Free: 5362MB(34,9%)
[2024-02-14T16:50:31.008+0100][debug][gc,director    ] Rule: Proactive, AcceptableGCInterval: 23,457s, TimeSinceLastGC: 0,841s, TimeUntilGC: 22,616s
[2024-02-14T16:50:31.107+0100][debug][gc,alloc       ] Allocation Rate: 3232,0MB/s, Predicted: 3186,4MB/s, Avg: 3127,8(+/-42,4)MB/s
[2024-02-14T16:50:31.107+0100][debug][gc,director    ] Select GC Workers (Normal), AvoidLongGCWorkers: 0,237, AvoidOOMGCWorkers: 1,592, LastGCWorkers: 2,000, GCWorkers: 1,592
[2024-02-14T16:50:31.107+0100][debug][gc,director    ] Rule: Allocation Rate (Dynamic GC Workers), MaxAllocRate: 3326,0MB/s (+/-1,4%), Free: 5030MB, GCCPUTime: 2,373, GCDuration: 1,189s, TimeUntilOOM: 1,492s, TimeUntilGC: 0,203s, GCWorkers: 2 -> 2
[2024-02-14T16:50:31.107+0100][debug][gc,director    ] Rule: High Usage, Free: 5030MB(32,7%)
[2024-02-14T16:50:31.107+0100][debug][gc,director    ] Rule: Proactive, AcceptableGCInterval: 23,457s, TimeSinceLastGC: 0,940s, TimeUntilGC: 22,517s
[2024-02-14T16:50:31.207+0100][debug][gc,alloc       ] Allocation Rate: 3264,0MB/s, Predicted: 3231,9MB/s, Avg: 3144,8(+/-57,0)MB/s
[2024-02-14T16:50:31.207+0100][debug][gc,director    ] Select GC Workers (Normal), AvoidLongGCWorkers: 0,237, AvoidOOMGCWorkers: 1,760, LastGCWorkers: 2,000, GCWorkers: 1,760
[2024-02-14T16:50:31.207+0100][debug][gc,director    ] Rule: Allocation Rate (Dynamic GC Workers), MaxAllocRate: 3419,5MB/s (+/-1,8%), Free: 4702MB, GCCPUTime: 2,373, GCDuration: 1,189s, TimeUntilOOM: 1,351s, TimeUntilGC: 0,062s, GCWorkers: 2 -> 2
[2024-02-14T16:50:31.207+0100][debug][gc,director    ] Rule: High Usage, Free: 4702MB(30,6%)
[2024-02-14T16:50:31.207+0100][debug][gc,director    ] Rule: Proactive, AcceptableGCInterval: 23,457s, TimeSinceLastGC: 1,040s, TimeUntilGC: 22,417s
[2024-02-14T16:50:31.307+0100][debug][gc,alloc       ] Allocation Rate: 3278,0MB/s, Predicted: 3278,5MB/s, Avg: 3160,6(+/-68,7)MB/s
[2024-02-14T16:50:31.307+0100][debug][gc,director    ] Select GC Workers (Normal), AvoidLongGCWorkers: 0,237, AvoidOOMGCWorkers: 1,946, LastGCWorkers: 2,000, GCWorkers: 1,946
[2024-02-14T16:50:31.307+0100][debug][gc,director    ] Rule: Allocation Rate (Dynamic GC Workers), MaxAllocRate: 3504,5MB/s (+/-2,2%), Free: 4374MB, GCCPUTime: 2,373, GCDuration: 1,189s, TimeUntilOOM: 1,222s, TimeUntilGC: -0,067s, GCWorkers: 2 -> 2
[2024-02-14T16:50:31.307+0100][debug][gc,heap        ] GC(33) Heap before GC invocations=33 (full 33):
[2024-02-14T16:50:31.307+0100][debug][gc,heap        ] GC(33)  ZHeap           used 10944M, capacity 14594M, max capacity 15360M
[2024-02-14T16:50:31.307+0100][debug][gc,heap        ] GC(33)  Metaspace       used 32037K, committed 32448K, reserved 1114112K
[2024-02-14T16:50:31.308+0100][debug][gc,heap        ] GC(33)   class space    used 3379K, committed 3584K, reserved 1048576K
[2024-02-14T16:50:31.308+0100][info ][gc,start       ] GC(33) Garbage Collection (Allocation Rate)
[2024-02-14T16:50:31.308+0100][info ][gc,task        ] GC(33) Using 2 workers
[2024-02-14T16:50:31.308+0100][debug][gc,phases,start] GC(33) Pause Mark Start
[2024-02-14T16:50:31.308+0100][debug][gc,marking     ] GC(33) Using 2 mark stripes
[2024-02-14T16:50:31.308+0100][debug][gc,marking     ] GC(33) Mark Worker/Stripe Distribution
[2024-02-14T16:50:31.308+0100][debug][gc,marking     ] GC(33)   Worker 0(2) -> Stripe 0(2)
[2024-02-14T16:50:31.308+0100][debug][gc,marking     ] GC(33)   Worker 1(2) -> Stripe 1(2)
[2024-02-14T16:50:31.308+0100][info ][gc,phases      ] GC(33) Pause Mark Start 0,059ms
[2024-02-14T16:50:31.308+0100][debug][gc,phases,start] GC(33) Concurrent Mark
[2024-02-14T16:50:31.308+0100][debug][gc,task        ] GC(33) Executing Task: XMarkRootsTask, Active Workers: 2
[2024-02-14T16:50:31.309+0100][debug][gc,tlab        ] GC(33) TLAB totals: thrds: 8  refills: 27992 max: 27958 slow allocs: 8 max 8 waste:  1,0% gc: 958592B max: 251984B slow: 69065904B max: 69049352B
[2024-02-14T16:50:31.309+0100][debug][gc,task        ] GC(33) Executing Task: XMarkTask, Active Workers: 2
[2024-02-14T16:50:31.408+0100][debug][gc,alloc       ] Allocation Rate: 3292,0MB/s, Predicted: 3318,1MB/s, Avg: 3178,6(+/-76,7)MB/s
[2024-02-14T16:50:31.508+0100][debug][gc,alloc       ] Allocation Rate: 3304,0MB/s, Predicted: 3348,4MB/s, Avg: 3198,6(+/-80,6)MB/s
[2024-02-14T16:50:31.608+0100][debug][gc,alloc       ] Allocation Rate: 3290,0MB/s, Predicted: 3359,2MB/s, Avg: 3217,4(+/-77,8)MB/s
[2024-02-14T16:50:31.708+0100][debug][gc,alloc       ] Allocation Rate: 3272,0MB/s, Predicted: 3349,2MB/s, Avg: 3234,8(+/-67,9)MB/s
[2024-02-14T16:50:31.808+0100][debug][gc,alloc       ] Allocation Rate: 3244,0MB/s, Predicted: 3319,1MB/s, Avg: 3248,4(+/-53,2)MB/s
[2024-02-14T16:50:31.907+0100][debug][gc,alloc       ] Allocation Rate: 3204,0MB/s, Predicted: 3268,1MB/s, Avg: 3256,4(+/-37,6)MB/s
[2024-02-14T16:50:32.007+0100][debug][gc,alloc       ] Allocation Rate: 3156,0MB/s, Predicted: 3208,7MB/s, Avg: 3253,6(+/-43,5)MB/s
[2024-02-14T16:50:32.107+0100][debug][gc,alloc       ] Allocation Rate: 3064,0MB/s, Predicted: 3127,1MB/s, Avg: 3236,8(+/-71,8)MB/s
[2024-02-14T16:50:32.136+0100][info ][gc,phases      ] GC(33) Concurrent Mark 827,980ms
[2024-02-14T16:50:32.136+0100][debug][gc,phases,start] GC(33) Pause Mark End
[2024-02-14T16:50:32.136+0100][info ][gc,phases      ] GC(33) Pause Mark End 0,029ms
[2024-02-14T16:50:32.136+0100][debug][gc,phases,start] GC(33) Concurrent Mark Free
[2024-02-14T16:50:32.136+0100][info ][gc,phases      ] GC(33) Concurrent Mark Free 0,012ms
[2024-02-14T16:50:32.136+0100][debug][gc,phases,start] GC(33) Concurrent Process Non-Strong References
[2024-02-14T16:50:32.136+0100][debug][gc,phases,start] GC(33) Concurrent References Process
[2024-02-14T16:50:32.136+0100][debug][gc,task        ] GC(33) Executing Task: XReferenceProcessorTask, Active Workers: 2
[2024-02-14T16:50:32.140+0100][debug][gc,phases      ] GC(33) Concurrent References Process 4,155ms
[2024-02-14T16:50:32.140+0100][debug][gc,task        ] GC(33) Executing Task: XProcessWeakRootsTask, Active Workers: 2
[2024-02-14T16:50:32.140+0100][debug][gc,phases,start] GC(33) Concurrent Classes Unlink
[2024-02-14T16:50:32.140+0100][debug][gc,phases,start] GC(33) ClassLoaderData
[2024-02-14T16:50:32.140+0100][debug][gc,phases      ] GC(33) ClassLoaderData 0,037ms
[2024-02-14T16:50:32.140+0100][debug][gc,phases,start] GC(33) Trigger cleanups
[2024-02-14T16:50:32.140+0100][debug][gc,phases      ] GC(33) Trigger cleanups 0,008ms
[2024-02-14T16:50:32.140+0100][debug][gc,task        ] GC(33) Executing Task: XNMethodUnlinkTask, Active Workers: 2
[2024-02-14T16:50:32.143+0100][debug][gc,phases      ] GC(33) Concurrent Classes Unlink 2,186ms
[2024-02-14T16:50:32.143+0100][debug][gc,phases,start] GC(33) Concurrent Classes Purge
[2024-02-14T16:50:32.143+0100][debug][gc,phases      ] GC(33) Concurrent Classes Purge 0,012ms
[2024-02-14T16:50:32.143+0100][debug][gc,phases,start] GC(33) Concurrent References Enqueue
[2024-02-14T16:50:32.143+0100][debug][gc,phases      ] GC(33) Concurrent References Enqueue 0,010ms
[2024-02-14T16:50:32.143+0100][info ][gc,phases      ] GC(33) Concurrent Process Non-Strong References 6,784ms
[2024-02-14T16:50:32.143+0100][debug][gc,phases,start] GC(33) Concurrent Reset Relocation Set
[2024-02-14T16:50:32.143+0100][info ][gc,phases      ] GC(33) Concurrent Reset Relocation Set 0,125ms
[2024-02-14T16:50:32.143+0100][debug][gc,phases,start] GC(33) Concurrent Select Relocation Set
[2024-02-14T16:50:32.145+0100][debug][gc,task        ] GC(33) Executing Task: XRelocationSetInstallTask, Active Workers: 2
[2024-02-14T16:50:32.153+0100][info ][gc,phases      ] GC(33) Concurrent Select Relocation Set 10,020ms
[2024-02-14T16:50:32.153+0100][debug][gc,phases,start] GC(33) Pause Relocate Start
[2024-02-14T16:50:32.153+0100][info ][gc,phases      ] GC(33) Pause Relocate Start 0,047ms
[2024-02-14T16:50:32.153+0100][debug][gc,phases,start] GC(33) Concurrent Relocate
[2024-02-14T16:50:32.153+0100][debug][gc,task        ] GC(33) Executing Task: XRelocateTask, Active Workers: 2
[2024-02-14T16:50:32.208+0100][debug][gc,alloc       ] Allocation Rate: 2996,0MB/s, Predicted: 3038,0MB/s, Avg: 3210,0(+/-100,8)MB/s
[2024-02-14T16:50:32.258+0100][info ][gc,phases      ] GC(33) Concurrent Relocate 105,301ms
[2024-02-14T16:50:32.259+0100][debug][gc,heap        ] GC(33) Heap after GC invocations=34 (full 34):
[2024-02-14T16:50:32.259+0100][debug][gc,heap        ] GC(33)  ZHeap           used 6750M, capacity 14594M, max capacity 15360M
[2024-02-14T16:50:32.259+0100][debug][gc,heap        ] GC(33)  Metaspace       used 32037K, committed 32448K, reserved 1114112K
[2024-02-14T16:50:32.259+0100][debug][gc,heap        ] GC(33)   class space    used 3379K, committed 3584K, reserved 1048576K
[2024-02-14T16:50:32.259+0100][info ][gc,load        ] GC(33) Load: 3,62/1,93/1,76
[2024-02-14T16:50:32.259+0100][info ][gc,mmu         ] GC(33) MMU: 2ms/92,8%, 5ms/97,1%, 10ms/98,6%, 20ms/99,1%, 50ms/99,6%, 100ms/99,8%
[2024-02-14T16:50:32.259+0100][info ][gc,marking     ] GC(33) Mark: 2 stripe(s), 2 proactive flush(es), 1 terminate flush(es), 0 completion(s), 0 continuation(s) 
[2024-02-14T16:50:32.259+0100][info ][gc,marking     ] GC(33) Mark Stack Usage: 32M
[2024-02-14T16:50:32.259+0100][info ][gc,nmethod     ] GC(33) NMethods: 4250 registered, 1455 unregistered
[2024-02-14T16:50:32.259+0100][info ][gc,metaspace   ] GC(33) Metaspace: 31M used, 31M committed, 1088M reserved
[2024-02-14T16:50:32.259+0100][info ][gc,ref         ] GC(33) Soft: 3896 encountered, 0 discovered, 0 enqueued
[2024-02-14T16:50:32.259+0100][info ][gc,ref         ] GC(33) Weak: 2055 encountered, 119 discovered, 0 enqueued
[2024-02-14T16:50:32.259+0100][info ][gc,ref         ] GC(33) Final: 13718 encountered, 13718 discovered, 13718 enqueued
[2024-02-14T16:50:32.259+0100][info ][gc,ref         ] GC(33) Phantom: 14120 encountered, 13994 discovered, 13725 enqueued
[2024-02-14T16:50:32.259+0100][info ][gc,reloc       ] GC(33) Small Pages: 5456 / 10912M, Empty: 214M, Relocated: 360M, In-Place: 0
[2024-02-14T16:50:32.259+0100][info ][gc,reloc       ] GC(33) Medium Pages: 1 / 32M, Empty: 0M, Relocated: 0M, In-Place: 0
[2024-02-14T16:50:32.259+0100][info ][gc,reloc       ] GC(33) Large Pages: 0 / 0M, Empty: 0M, Relocated: 0M, In-Place: 0
[2024-02-14T16:50:32.259+0100][info ][gc,reloc       ] GC(33) Forwarding Usage: 157M
[2024-02-14T16:50:32.259+0100][info ][gc,heap        ] GC(33) Min Capacity: 5120M(33%)
[2024-02-14T16:50:32.259+0100][info ][gc,heap        ] GC(33) Max Capacity: 15360M(100%)
[2024-02-14T16:50:32.259+0100][info ][gc,heap        ] GC(33) Soft Max Capacity: 15360M(100%)
[2024-02-14T16:50:32.259+0100][info ][gc,heap        ] GC(33)                Mark Start          Mark End        Relocate Start      Relocate End           High               Low         
[2024-02-14T16:50:32.259+0100][info ][gc,heap        ] GC(33)  Capacity:    14594M (95%)       14594M (95%)       14594M (95%)       14594M (95%)       14594M (95%)       14594M (95%)    
[2024-02-14T16:50:32.259+0100][info ][gc,heap        ] GC(33)      Free:     4416M (29%)        1942M (13%)        2108M (14%)        8610M (56%)        8616M (56%)        1922M (13%)    
[2024-02-14T16:50:32.259+0100][info ][gc,heap        ] GC(33)      Used:    10944M (71%)       13418M (87%)       13252M (86%)        6750M (44%)       13438M (87%)        6744M (44%)    
[2024-02-14T16:50:32.259+0100][info ][gc,heap        ] GC(33)      Live:         -              3705M (24%)        3705M (24%)        3705M (24%)            -                  -          
[2024-02-14T16:50:32.259+0100][info ][gc,heap        ] GC(33) Allocated:         -              2474M (16%)        2522M (16%)        2807M (18%)            -                  -          
[2024-02-14T16:50:32.259+0100][info ][gc,heap        ] GC(33)   Garbage:         -              7238M (47%)        7024M (46%)         236M (2%)             -                  -          
[2024-02-14T16:50:32.259+0100][info ][gc,heap        ] GC(33) Reclaimed:         -                  -               214M (1%)         7001M (46%)            -                  -          
[2024-02-14T16:50:32.259+0100][info ][gc             ] GC(33) Garbage Collection (Allocation Rate) 10944M(71%)->6750M(44%)
[2024-02-14T16:50:32.308+0100][debug][gc,alloc       ] Allocation Rate: 2966,0MB/s, Predicted: 2958,5MB/s, Avg: 3178,8(+/-121,2)MB/s
[2024-02-14T16:50:32.308+0100][debug][gc,director    ] Select GC Workers (Normal), AvoidLongGCWorkers: 0,234, AvoidOOMGCWorkers: 1,036, LastGCWorkers: 2,000, GCWorkers: 1,036
[2024-02-14T16:50:32.308+0100][debug][gc,director    ] Rule: Allocation Rate (Dynamic GC Workers), MaxAllocRate: 3577,5MB/s (+/-3,8%), Free: 8410MB, GCCPUTime: 2,346, GCDuration: 1,175s, TimeUntilOOM: 2,264s, TimeUntilGC: 0,989s, GCWorkers: 2 -> 2
[2024-02-14T16:50:32.308+0100][debug][gc,director    ] Rule: High Usage, Free: 8410MB(54,8%)
[2024-02-14T16:50:32.308+0100][debug][gc,director    ] Rule: Proactive, UsedUntilEnabled: 1378MB, TimeUntilEnabled: 299,951s
[2024-02-14T16:50:32.408+0100][debug][gc,alloc       ] Allocation Rate: 2956,0MB/s, Predicted: 2899,6MB/s, Avg: 3145,2(+/-131,3)MB/s
[2024-02-14T16:50:32.408+0100][debug][gc,director    ] Select GC Workers (Normal), AvoidLongGCWorkers: 0,234, AvoidOOMGCWorkers: 1,081, LastGCWorkers: 2,000, GCWorkers: 1,081
[2024-02-14T16:50:32.408+0100][debug][gc,director    ] Rule: Allocation Rate (Dynamic GC Workers), MaxAllocRate: 3577,2MB/s (+/-4,2%), Free: 8086MB, GCCPUTime: 2,346, GCDuration: 1,175s, TimeUntilOOM: 2,170s, TimeUntilGC: 0,895s, GCWorkers: 2 -> 2
[2024-02-14T16:50:32.408+0100][debug][gc,director    ] Rule: High Usage, Free: 8086MB(52,6%)
[2024-02-14T16:50:32.408+0100][debug][gc,director    ] Rule: Proactive, UsedUntilEnabled: 1054MB, TimeUntilEnabled: 299,851s
[2024-02-14T16:50:32.507+0100][debug][gc,alloc       ] Allocation Rate: 2954,0MB/s, Predicted: 2865,5MB/s, Avg: 3110,2(+/-130,9)MB/s
[2024-02-14T16:50:32.507+0100][debug][gc,director    ] Select GC Workers (Normal), AvoidLongGCWorkers: 0,234, AvoidOOMGCWorkers: 1,116, LastGCWorkers: 2,000, GCWorkers: 1,116
[2024-02-14T16:50:32.507+0100][debug][gc,director    ] Rule: Allocation Rate (Dynamic GC Workers), MaxAllocRate: 3541,1MB/s (+/-4,2%), Free: 7760MB, GCCPUTime: 2,346, GCDuration: 1,175s, TimeUntilOOM: 2,103s, TimeUntilGC: 0,828s, GCWorkers: 2 -> 2
[2024-02-14T16:50:32.507+0100][debug][gc,director    ] Rule: High Usage, Free: 7760MB(50,5%)
[2024-02-14T16:50:32.507+0100][debug][gc,director    ] Rule: Proactive, UsedUntilEnabled: 728MB, TimeUntilEnabled: 299,752s
[2024-02-14T16:50:32.607+0100][debug][gc,alloc       ] Allocation Rate: 2972,0MB/s, Predicted: 2858,1MB/s, Avg: 3078,4(+/-121,7)MB/s
[2024-02-14T16:50:32.607+0100][debug][gc,director    ] Select GC Workers (Normal), AvoidLongGCWorkers: 0,234, AvoidOOMGCWorkers: 1,142, LastGCWorkers: 2,000, GCWorkers: 1,142
[2024-02-14T16:50:32.607+0100][debug][gc,director    ] Rule: Allocation Rate (Dynamic GC Workers), MaxAllocRate: 3478,9MB/s (+/-4,0%), Free: 7430MB, GCCPUTime: 2,346, GCDuration: 1,175s, TimeUntilOOM: 2,055s, TimeUntilGC: 0,779s, GCWorkers: 2 -> 2
[2024-02-14T16:50:32.607+0100][debug][gc,director    ] Rule: High Usage, Free: 7430MB(48,4%)
[2024-02-14T16:50:32.607+0100][debug][gc,director    ] Rule: Proactive, UsedUntilEnabled: 398MB, TimeUntilEnabled: 299,651s
[2024-02-14T16:50:32.707+0100][debug][gc,alloc       ] Allocation Rate: 2998,0MB/s, Predicted: 2877,6MB/s, Avg: 3051,0(+/-104,7)MB/s
[2024-02-14T16:50:32.707+0100][debug][gc,director    ] Select GC Workers (Normal), AvoidLongGCWorkers: 0,234, AvoidOOMGCWorkers: 1,162, LastGCWorkers: 2,000, GCWorkers: 1,162
[2024-02-14T16:50:32.707+0100][debug][gc,director    ] Rule: Allocation Rate (Dynamic GC Workers), MaxAllocRate: 3395,5MB/s (+/-3,4%), Free: 7094MB, GCCPUTime: 2,346, GCDuration: 1,175s, TimeUntilOOM: 2,020s, TimeUntilGC: 0,745s, GCWorkers: 2 -> 2
[2024-02-14T16:50:32.707+0100][debug][gc,director    ] Rule: High Usage, Free: 7094MB(46,2%)
[2024-02-14T16:50:32.707+0100][debug][gc,director    ] Rule: Proactive, UsedUntilEnabled: 62MB, TimeUntilEnabled: 299,551s
[2024-02-14T16:50:32.808+0100][debug][gc,alloc       ] Allocation Rate: 3026,0MB/s, Predicted: 2919,1MB/s, Avg: 3029,2(+/-82,6)MB/s
[2024-02-14T16:50:32.808+0100][debug][gc,director    ] Select GC Workers (Normal), AvoidLongGCWorkers: 0,234, AvoidOOMGCWorkers: 1,177, LastGCWorkers: 2,000, GCWorkers: 1,177
[2024-02-14T16:50:32.808+0100][debug][gc,director    ] Rule: Allocation Rate (Dynamic GC Workers), MaxAllocRate: 3301,0MB/s (+/-2,7%), Free: 6760MB, GCCPUTime: 2,346, GCDuration: 1,175s, TimeUntilOOM: 1,994s, TimeUntilGC: 0,718s, GCWorkers: 2 -> 2
[2024-02-14T16:50:32.808+0100][debug][gc,director    ] Rule: High Usage, Free: 6760MB(44,0%)
[2024-02-14T16:50:32.808+0100][debug][gc,director    ] Rule: Proactive, AcceptableGCInterval: 23,163s, TimeSinceLastGC: 0,549s, TimeUntilGC: 22,614s
[2024-02-14T16:50:32.908+0100][debug][gc,alloc       ] Allocation Rate: 3070,0MB/s, Predicted: 2982,0MB/s, Avg: 3015,8(+/-61,3)MB/s
[2024-02-14T16:50:32.908+0100][debug][gc,director    ] Select GC Workers (Normal), AvoidLongGCWorkers: 0,234, AvoidOOMGCWorkers: 1,199, LastGCWorkers: 2,000, GCWorkers: 1,199
[2024-02-14T16:50:32.908+0100][debug][gc,director    ] Rule: Allocation Rate (Dynamic GC Workers), MaxAllocRate: 3217,4MB/s (+/-2,0%), Free: 6422MB, GCCPUTime: 2,346, GCDuration: 1,175s, TimeUntilOOM: 1,956s, TimeUntilGC: 0,681s, GCWorkers: 2 -> 2
[2024-02-14T16:50:32.908+0100][debug][gc,director    ] Rule: High Usage, Free: 6422MB(41,8%)
[2024-02-14T16:50:32.908+0100][debug][gc,director    ] Rule: Proactive, AcceptableGCInterval: 23,163s, TimeSinceLastGC: 0,649s, TimeUntilGC: 22,514s
[2024-02-14T16:50:33.008+0100][debug][gc,alloc       ] Allocation Rate: 3118,0MB/s, Predicted: 3060,3MB/s, Avg: 3012,0(+/-53,1)MB/s
[2024-02-14T16:50:33.008+0100][debug][gc,director    ] Select GC Workers (Normal), AvoidLongGCWorkers: 0,234, AvoidOOMGCWorkers: 1,269, LastGCWorkers: 2,000, GCWorkers: 1,269
[2024-02-14T16:50:33.008+0100][debug][gc,director    ] Rule: Allocation Rate (Dynamic GC Workers), MaxAllocRate: 3234,9MB/s (+/-1,8%), Free: 6090MB, GCCPUTime: 2,346, GCDuration: 1,175s, TimeUntilOOM: 1,850s, TimeUntilGC: 0,575s, GCWorkers: 2 -> 2
[2024-02-14T16:50:33.008+0100][debug][gc,director    ] Rule: High Usage, Free: 6090MB(39,6%)
[2024-02-14T16:50:33.008+0100][debug][gc,director    ] Rule: Proactive, AcceptableGCInterval: 23,163s, TimeSinceLastGC: 0,750s, TimeUntilGC: 22,414s
[2024-02-14T16:50:33.107+0100][debug][gc,alloc       ] Allocation Rate: 3204,0MB/s, Predicted: 3150,9MB/s, Avg: 3026,0(+/-77,7)MB/s
[2024-02-14T16:50:33.107+0100][debug][gc,director    ] Select GC Workers (Normal), AvoidLongGCWorkers: 0,234, AvoidOOMGCWorkers: 1,423, LastGCWorkers: 2,000, GCWorkers: 1,423
[2024-02-14T16:50:33.107+0100][debug][gc,director    ] Rule: Allocation Rate (Dynamic GC Workers), MaxAllocRate: 3406,6MB/s (+/-2,6%), Free: 5764MB, GCCPUTime: 2,346, GCDuration: 1,175s, TimeUntilOOM: 1,650s, TimeUntilGC: 0,375s, GCWorkers: 2 -> 2
[2024-02-14T16:50:33.107+0100][debug][gc,director    ] Rule: High Usage, Free: 5764MB(37,5%)
[2024-02-14T16:50:33.107+0100][debug][gc,director    ] Rule: Proactive, AcceptableGCInterval: 23,163s, TimeSinceLastGC: 0,849s, TimeUntilGC: 22,314s
[2024-02-14T16:50:33.207+0100][debug][gc,alloc       ] Allocation Rate: 3274,0MB/s, Predicted: 3242,1MB/s, Avg: 3053,8(+/-106,4)MB/s
[2024-02-14T16:50:33.207+0100][debug][gc,director    ] Select GC Workers (Normal), AvoidLongGCWorkers: 0,234, AvoidOOMGCWorkers: 1,607, LastGCWorkers: 2,000, GCWorkers: 1,607
[2024-02-14T16:50:33.207+0100][debug][gc,director    ] Rule: Allocation Rate (Dynamic GC Workers), MaxAllocRate: 3592,3MB/s (+/-3,5%), Free: 5434MB, GCCPUTime: 2,346, GCDuration: 1,175s, TimeUntilOOM: 1,462s, TimeUntilGC: 0,187s, GCWorkers: 2 -> 2
[2024-02-14T16:50:33.207+0100][debug][gc,director    ] Rule: High Usage, Free: 5434MB(35,4%)
[2024-02-14T16:50:33.208+0100][debug][gc,director    ] Rule: Proactive, AcceptableGCInterval: 23,163s, TimeSinceLastGC: 0,949s, TimeUntilGC: 22,214s
[2024-02-14T16:50:33.308+0100][debug][gc,alloc       ] Allocation Rate: 3306,0MB/s, Predicted: 3319,6MB/s, Avg: 3087,8(+/-125,5)MB/s
[2024-02-14T16:50:33.308+0100][debug][gc,director    ] Select GC Workers (Normal), AvoidLongGCWorkers: 0,234, AvoidOOMGCWorkers: 1,788, LastGCWorkers: 2,000, GCWorkers: 1,788
[2024-02-14T16:50:33.308+0100][debug][gc,director    ] Rule: Allocation Rate (Dynamic GC Workers), MaxAllocRate: 3732,7MB/s (+/-4,1%), Free: 5104MB, GCCPUTime: 2,346, GCDuration: 1,175s, TimeUntilOOM: 1,314s, TimeUntilGC: 0,039s, GCWorkers: 2 -> 2
[2024-02-14T16:50:33.308+0100][debug][gc,director    ] Rule: High Usage, Free: 5104MB(33,2%)
[2024-02-14T16:50:33.308+0100][debug][gc,director    ] Rule: Proactive, AcceptableGCInterval: 23,163s, TimeSinceLastGC: 1,049s, TimeUntilGC: 22,114s
[2024-02-14T16:50:33.408+0100][debug][gc,alloc       ] Allocation Rate: 3314,0MB/s, Predicted: 3374,9MB/s, Avg: 3123,6(+/-133,6)MB/s
[2024-02-14T16:50:33.408+0100][debug][gc,director    ] Select GC Workers (Normal), AvoidLongGCWorkers: 0,234, AvoidOOMGCWorkers: 1,959, LastGCWorkers: 2,000, GCWorkers: 1,959
[2024-02-14T16:50:33.408+0100][debug][gc,director    ] Rule: Allocation Rate (Dynamic GC Workers), MaxAllocRate: 3814,6MB/s (+/-4,3%), Free: 4772MB, GCCPUTime: 2,346, GCDuration: 1,175s, TimeUntilOOM: 1,200s, TimeUntilGC: -0,075s, GCWorkers: 2 -> 2
[2024-02-14T16:50:33.408+0100][debug][gc,heap        ] GC(34) Heap before GC invocations=34 (full 34):
[2024-02-14T16:50:33.408+0100][debug][gc,heap        ] GC(34)  ZHeap           used 10546M, capacity 14594M, max capacity 15360M
[2024-02-14T16:50:33.408+0100][debug][gc,heap        ] GC(34)  Metaspace       used 32037K, committed 32448K, reserved 1114112K
[2024-02-14T16:50:33.408+0100][debug][gc,heap        ] GC(34)   class space    used 3379K, committed 3584K, reserved 1048576K
[2024-02-14T16:50:33.408+0100][info ][gc,start       ] GC(34) Garbage Collection (Allocation Rate)
[2024-02-14T16:50:33.408+0100][info ][gc,task        ] GC(34) Using 2 workers
[2024-02-14T16:50:33.408+0100][debug][gc,phases,start] GC(34) Pause Mark Start
[2024-02-14T16:50:33.408+0100][debug][gc,marking     ] GC(34) Using 2 mark stripes
[2024-02-14T16:50:33.408+0100][debug][gc,marking     ] GC(34) Mark Worker/Stripe Distribution
[2024-02-14T16:50:33.408+0100][debug][gc,marking     ] GC(34)   Worker 0(2) -> Stripe 0(2)
[2024-02-14T16:50:33.408+0100][debug][gc,marking     ] GC(34)   Worker 1(2) -> Stripe 1(2)
[2024-02-14T16:50:33.408+0100][info ][gc,phases      ] GC(34) Pause Mark Start 0,060ms
[2024-02-14T16:50:33.408+0100][debug][gc,phases,start] GC(34) Concurrent Mark
[2024-02-14T16:50:33.408+0100][debug][gc,task        ] GC(34) Executing Task: XMarkRootsTask, Active Workers: 2
[2024-02-14T16:50:33.409+0100][debug][gc,tlab        ] GC(34) TLAB totals: thrds: 8  refills: 26393 max: 26361 slow allocs: 9 max 9 waste:  1,0% gc: 1034248B max: 239464B slow: 65592408B max: 65577544B
[2024-02-14T16:50:33.409+0100][debug][gc,task        ] GC(34) Executing Task: XMarkTask, Active Workers: 2
[2024-02-14T16:50:33.507+0100][debug][gc,alloc       ] Allocation Rate: 3312,0MB/s, Predicted: 3405,1MB/s, Avg: 3159,4(+/-131,3)MB/s
[2024-02-14T16:50:33.607+0100][debug][gc,alloc       ] Allocation Rate: 3304,0MB/s, Predicted: 3412,9MB/s, Avg: 3192,6(+/-121,3)MB/s
[2024-02-14T16:50:33.707+0100][debug][gc,alloc       ] Allocation Rate: 3296,0MB/s, Predicted: 3402,4MB/s, Avg: 3222,4(+/-105,4)MB/s
[2024-02-14T16:50:33.808+0100][debug][gc,alloc       ] Allocation Rate: 3292,0MB/s, Predicted: 3377,9MB/s, Avg: 3249,0(+/-83,9)MB/s
[2024-02-14T16:50:33.908+0100][debug][gc,alloc       ] Allocation Rate: 3278,0MB/s, Predicted: 3341,7MB/s, Avg: 3269,8(+/-59,0)MB/s
[2024-02-14T16:50:34.008+0100][debug][gc,alloc       ] Allocation Rate: 3270,0MB/s, Predicted: 3301,3MB/s, Avg: 3285,0(+/-30,8)MB/s
[2024-02-14T16:50:34.107+0100][debug][gc,alloc       ] Allocation Rate: 3262,0MB/s, Predicted: 3270,5MB/s, Avg: 3290,8(+/-17,7)MB/s
[2024-02-14T16:50:34.207+0100][debug][gc,alloc       ] Allocation Rate: 3222,0MB/s, Predicted: 3238,5MB/s, Avg: 3285,6(+/-27,0)MB/s
[2024-02-14T16:50:34.307+0100][debug][gc,alloc       ] Allocation Rate: 3180,0MB/s, Predicted: 3201,7MB/s, Avg: 3273,0(+/-40,6)MB/s
[2024-02-14T16:50:34.308+0100][info ][gc,phases      ] GC(34) Concurrent Mark 899,752ms
[2024-02-14T16:50:34.308+0100][debug][gc,phases,start] GC(34) Pause Mark End
[2024-02-14T16:50:34.308+0100][info ][gc,phases      ] GC(34) Pause Mark End 0,029ms
[2024-02-14T16:50:34.308+0100][debug][gc,phases,start] GC(34) Concurrent Mark Free
[2024-02-14T16:50:34.308+0100][info ][gc,phases      ] GC(34) Concurrent Mark Free 0,017ms
[2024-02-14T16:50:34.308+0100][debug][gc,phases,start] GC(34) Concurrent Process Non-Strong References
[2024-02-14T16:50:34.308+0100][debug][gc,phases,start] GC(34) Concurrent References Process
[2024-02-14T16:50:34.308+0100][debug][gc,task        ] GC(34) Executing Task: XReferenceProcessorTask, Active Workers: 2
[2024-02-14T16:50:34.312+0100][debug][gc,phases      ] GC(34) Concurrent References Process 3,659ms
[2024-02-14T16:50:34.312+0100][debug][gc,task        ] GC(34) Executing Task: XProcessWeakRootsTask, Active Workers: 2
[2024-02-14T16:50:34.312+0100][debug][gc,phases,start] GC(34) Concurrent Classes Unlink
[2024-02-14T16:50:34.312+0100][debug][gc,phases,start] GC(34) ClassLoaderData
[2024-02-14T16:50:34.312+0100][debug][gc,phases      ] GC(34) ClassLoaderData 0,038ms
[2024-02-14T16:50:34.312+0100][debug][gc,phases,start] GC(34) Trigger cleanups
[2024-02-14T16:50:34.312+0100][debug][gc,phases      ] GC(34) Trigger cleanups 0,008ms
[2024-02-14T16:50:34.312+0100][debug][gc,task        ] GC(34) Executing Task: XNMethodUnlinkTask, Active Workers: 2
[2024-02-14T16:50:34.315+0100][debug][gc,phases      ] GC(34) Concurrent Classes Unlink 2,588ms
[2024-02-14T16:50:34.315+0100][debug][gc,phases,start] GC(34) Concurrent Classes Purge
[2024-02-14T16:50:34.315+0100][debug][gc,nmethod     ] GC(34) Unregister NMethod: com.github.benmanes.caffeine.cache.BaseMpscLinkedArrayQueue.offerSlowPath (0x00007f9f0c034690)
[2024-02-14T16:50:34.315+0100][debug][gc,phases      ] GC(34) Concurrent Classes Purge 0,040ms
[2024-02-14T16:50:34.315+0100][debug][gc,phases,start] GC(34) Concurrent References Enqueue
[2024-02-14T16:50:34.315+0100][debug][gc,phases      ] GC(34) Concurrent References Enqueue 0,010ms
[2024-02-14T16:50:34.315+0100][info ][gc,phases      ] GC(34) Concurrent Process Non-Strong References 6,920ms
[2024-02-14T16:50:34.315+0100][debug][gc,phases,start] GC(34) Concurrent Reset Relocation Set
[2024-02-14T16:50:34.315+0100][info ][gc,phases      ] GC(34) Concurrent Reset Relocation Set 0,136ms
[2024-02-14T16:50:34.315+0100][debug][gc,phases,start] GC(34) Concurrent Select Relocation Set
[2024-02-14T16:50:34.317+0100][debug][gc,task        ] GC(34) Executing Task: XRelocationSetInstallTask, Active Workers: 2
[2024-02-14T16:50:34.326+0100][info ][gc,phases      ] GC(34) Concurrent Select Relocation Set 11,115ms
[2024-02-14T16:50:34.327+0100][debug][gc,phases,start] GC(34) Pause Relocate Start
[2024-02-14T16:50:34.327+0100][info ][gc,phases      ] GC(34) Pause Relocate Start 0,023ms
[2024-02-14T16:50:34.327+0100][debug][gc,phases,start] GC(34) Concurrent Relocate
[2024-02-14T16:50:34.327+0100][debug][gc,task        ] GC(34) Executing Task: XRelocateTask, Active Workers: 2
[2024-02-14T16:50:34.408+0100][debug][gc,alloc       ] Allocation Rate: 3126,0MB/s, Predicted: 3153,9MB/s, Avg: 3254,2(+/-57,3)MB/s
[2024-02-14T16:50:34.445+0100][info ][gc,phases      ] GC(34) Concurrent Relocate 118,291ms
[2024-02-14T16:50:34.445+0100][debug][gc,heap        ] GC(34) Heap after GC invocations=35 (full 35):
[2024-02-14T16:50:34.445+0100][debug][gc,heap        ] GC(34)  ZHeap           used 7176M, capacity 14594M, max capacity 15360M
[2024-02-14T16:50:34.445+0100][debug][gc,heap        ] GC(34)  Metaspace       used 32037K, committed 32448K, reserved 1114112K
[2024-02-14T16:50:34.445+0100][debug][gc,heap        ] GC(34)   class space    used 3379K, committed 3584K, reserved 1048576K
[2024-02-14T16:50:34.445+0100][info ][gc,load        ] GC(34) Load: 3,49/1,93/1,76
[2024-02-14T16:50:34.445+0100][info ][gc,mmu         ] GC(34) MMU: 2ms/92,8%, 5ms/97,1%, 10ms/98,6%, 20ms/99,1%, 50ms/99,6%, 100ms/99,8%
[2024-02-14T16:50:34.445+0100][info ][gc,marking     ] GC(34) Mark: 2 stripe(s), 2 proactive flush(es), 1 terminate flush(es), 0 completion(s), 0 continuation(s) 
[2024-02-14T16:50:34.445+0100][info ][gc,marking     ] GC(34) Mark Stack Usage: 32M
[2024-02-14T16:50:34.445+0100][info ][gc,nmethod     ] GC(34) NMethods: 4250 registered, 1456 unregistered
[2024-02-14T16:50:34.445+0100][info ][gc,metaspace   ] GC(34) Metaspace: 31M used, 31M committed, 1088M reserved
[2024-02-14T16:50:34.445+0100][info ][gc,ref         ] GC(34) Soft: 3896 encountered, 0 discovered, 0 enqueued
[2024-02-14T16:50:34.445+0100][info ][gc,ref         ] GC(34) Weak: 2055 encountered, 122 discovered, 0 enqueued
[2024-02-14T16:50:34.445+0100][info ][gc,ref         ] GC(34) Final: 12934 encountered, 12934 discovered, 12934 enqueued
[2024-02-14T16:50:34.445+0100][info ][gc,ref         ] GC(34) Phantom: 13335 encountered, 13322 discovered, 12940 enqueued
[2024-02-14T16:50:34.445+0100][info ][gc,reloc       ] GC(34) Small Pages: 5258 / 10516M, Empty: 242M, Relocated: 372M, In-Place: 0
[2024-02-14T16:50:34.445+0100][info ][gc,reloc       ] GC(34) Medium Pages: 1 / 32M, Empty: 0M, Relocated: 0M, In-Place: 0
[2024-02-14T16:50:34.445+0100][info ][gc,reloc       ] GC(34) Large Pages: 0 / 0M, Empty: 0M, Relocated: 0M, In-Place: 0
[2024-02-14T16:50:34.445+0100][info ][gc,reloc       ] GC(34) Forwarding Usage: 165M
[2024-02-14T16:50:34.445+0100][info ][gc,heap        ] GC(34) Min Capacity: 5120M(33%)
[2024-02-14T16:50:34.445+0100][info ][gc,heap        ] GC(34) Max Capacity: 15360M(100%)
[2024-02-14T16:50:34.445+0100][info ][gc,heap        ] GC(34) Soft Max Capacity: 15360M(100%)
[2024-02-14T16:50:34.445+0100][info ][gc,heap        ] GC(34)                Mark Start          Mark End        Relocate Start      Relocate End           High               Low         
[2024-02-14T16:50:34.445+0100][info ][gc,heap        ] GC(34)  Capacity:    14594M (95%)       14594M (95%)       14594M (95%)       14594M (95%)       14594M (95%)       14594M (95%)    
[2024-02-14T16:50:34.445+0100][info ][gc,heap        ] GC(34)      Free:     4812M (31%)        1964M (13%)        2154M (14%)        8184M (53%)        8192M (53%)        1944M (13%)    
[2024-02-14T16:50:34.445+0100][info ][gc,heap        ] GC(34)      Used:    10548M (69%)       13396M (87%)       13206M (86%)        7176M (47%)       13416M (87%)        7168M (47%)    
[2024-02-14T16:50:34.445+0100][info ][gc,heap        ] GC(34)      Live:         -              3703M (24%)        3703M (24%)        3703M (24%)            -                  -          
[2024-02-14T16:50:34.445+0100][info ][gc,heap        ] GC(34) Allocated:         -              2848M (19%)        2900M (19%)        3227M (21%)            -                  -          
[2024-02-14T16:50:34.445+0100][info ][gc,heap        ] GC(34)   Garbage:         -              6844M (45%)        6602M (43%)         244M (2%)             -                  -          
[2024-02-14T16:50:34.445+0100][info ][gc,heap        ] GC(34) Reclaimed:         -                  -               242M (2%)         6599M (43%)            -                  -          
[2024-02-14T16:50:34.445+0100][info ][gc             ] GC(34) Garbage Collection (Allocation Rate) 10548M(69%)->7176M(47%)
[2024-02-14T16:50:34.508+0100][debug][gc,alloc       ] Allocation Rate: 3110,0MB/s, Predicted: 3111,6MB/s, Avg: 3234,0(+/-68,0)MB/s
[2024-02-14T16:50:34.508+0100][debug][gc,director    ] Select GC Workers (Normal), AvoidLongGCWorkers: 0,230, AvoidOOMGCWorkers: 1,023, LastGCWorkers: 2,000, GCWorkers: 1,023
[2024-02-14T16:50:34.508+0100][debug][gc,director    ] Rule: Allocation Rate (Dynamic GC Workers), MaxAllocRate: 3457,7MB/s (+/-2,1%), Free: 7938MB, GCCPUTime: 2,299, GCDuration: 1,152s, TimeUntilOOM: 2,248s, TimeUntilGC: 0,997s, GCWorkers: 2 -> 2
[2024-02-14T16:50:34.508+0100][debug][gc,director    ] Rule: High Usage, Free: 7938MB(51,7%)
[2024-02-14T16:50:34.508+0100][debug][gc,director    ] Rule: Proactive, UsedUntilEnabled: 1332MB, TimeUntilEnabled: 299,937s
[2024-02-14T16:50:34.608+0100][debug][gc,alloc       ] Allocation Rate: 3112,0MB/s, Predicted: 3081,5MB/s, Avg: 3214,8(+/-72,5)MB/s
[2024-02-14T16:50:34.608+0100][debug][gc,director    ] Select GC Workers (Normal), AvoidLongGCWorkers: 0,230, AvoidOOMGCWorkers: 1,066, LastGCWorkers: 2,000, GCWorkers: 1,066
[2024-02-14T16:50:34.608+0100][debug][gc,director    ] Rule: Allocation Rate (Dynamic GC Workers), MaxAllocRate: 3453,3MB/s (+/-2,3%), Free: 7614MB, GCCPUTime: 2,299, GCDuration: 1,152s, TimeUntilOOM: 2,156s, TimeUntilGC: 0,905s, GCWorkers: 2 -> 2
[2024-02-14T16:50:34.608+0100][debug][gc,director    ] Rule: High Usage, Free: 7614MB(49,6%)
[2024-02-14T16:50:34.608+0100][debug][gc,director    ] Rule: Proactive, UsedUntilEnabled: 1008MB, TimeUntilEnabled: 299,837s
[2024-02-14T16:50:34.707+0100][debug][gc,alloc       ] Allocation Rate: 3104,0MB/s, Predicted: 3058,8MB/s, Avg: 3195,6(+/-73,8)MB/s
[2024-02-14T16:50:34.707+0100][debug][gc,director    ] Select GC Workers (Normal), AvoidLongGCWorkers: 0,230, AvoidOOMGCWorkers: 1,109, LastGCWorkers: 2,000, GCWorkers: 1,109
[2024-02-14T16:50:34.707+0100][debug][gc,director    ] Rule: Allocation Rate (Dynamic GC Workers), MaxAllocRate: 3438,6MB/s (+/-2,3%), Free: 7294MB, GCCPUTime: 2,299, GCDuration: 1,152s, TimeUntilOOM: 2,073s, TimeUntilGC: 0,822s, GCWorkers: 2 -> 2
[2024-02-14T16:50:34.707+0100][debug][gc,director    ] Rule: High Usage, Free: 7294MB(47,5%)
[2024-02-14T16:50:34.707+0100][debug][gc,director    ] Rule: Proactive, UsedUntilEnabled: 688MB, TimeUntilEnabled: 299,738s
[2024-02-14T16:50:34.807+0100][debug][gc,alloc       ] Allocation Rate: 3082,0MB/s, Predicted: 3039,1MB/s, Avg: 3174,6(+/-73,3)MB/s
[2024-02-14T16:50:34.807+0100][debug][gc,director    ] Select GC Workers (Normal), AvoidLongGCWorkers: 0,230, AvoidOOMGCWorkers: 1,150, LastGCWorkers: 2,000, GCWorkers: 1,150
[2024-02-14T16:50:34.807+0100][debug][gc,director    ] Rule: Allocation Rate (Dynamic GC Workers), MaxAllocRate: 3415,8MB/s (+/-2,3%), Free: 6986MB, GCCPUTime: 2,299, GCDuration: 1,152s, TimeUntilOOM: 1,999s, TimeUntilGC: 0,747s, GCWorkers: 2 -> 2
[2024-02-14T16:50:34.807+0100][debug][gc,director    ] Rule: High Usage, Free: 6986MB(45,5%)
[2024-02-14T16:50:34.807+0100][debug][gc,director    ] Rule: Proactive, UsedUntilEnabled: 380MB, TimeUntilEnabled: 299,638s
[2024-02-14T16:50:34.907+0100][debug][gc,alloc       ] Allocation Rate: 3080,0MB/s, Predicted: 3028,8MB/s, Avg: 3154,8(+/-69,3)MB/s
[2024-02-14T16:50:34.907+0100][debug][gc,director    ] Select GC Workers (Normal), AvoidLongGCWorkers: 0,230, AvoidOOMGCWorkers: 1,193, LastGCWorkers: 2,000, GCWorkers: 1,193
[2024-02-14T16:50:34.907+0100][debug][gc,director    ] Rule: Allocation Rate (Dynamic GC Workers), MaxAllocRate: 3382,9MB/s (+/-2,2%), Free: 6664MB, GCCPUTime: 2,299, GCDuration: 1,152s, TimeUntilOOM: 1,928s, TimeUntilGC: 0,676s, GCWorkers: 2 -> 2
[2024-02-14T16:50:34.907+0100][debug][gc,director    ] Rule: High Usage, Free: 6664MB(43,4%)
[2024-02-14T16:50:34.907+0100][debug][gc,director    ] Rule: Proactive, UsedUntilEnabled: 58MB, TimeUntilEnabled: 299,537s
[2024-02-14T16:50:35.008+0100][debug][gc,alloc       ] Allocation Rate: 3084,0MB/s, Predicted: 3031,2MB/s, Avg: 3136,2(+/-60,3)MB/s
[2024-02-14T16:50:35.008+0100][debug][gc,director    ] Select GC Workers (Normal), AvoidLongGCWorkers: 0,230, AvoidOOMGCWorkers: 1,234, LastGCWorkers: 2,000, GCWorkers: 1,234
[2024-02-14T16:50:35.008+0100][debug][gc,director    ] Rule: Allocation Rate (Dynamic GC Workers), MaxAllocRate: 3334,6MB/s (+/-1,9%), Free: 6336MB, GCCPUTime: 2,299, GCDuration: 1,152s, TimeUntilOOM: 1,864s, TimeUntilGC: 0,613s, GCWorkers: 2 -> 2
[2024-02-14T16:50:35.008+0100][debug][gc,director    ] Rule: High Usage, Free: 6336MB(41,2%)
[2024-02-14T16:50:35.008+0100][debug][gc,director    ] Rule: Proactive, AcceptableGCInterval: 22,697s, TimeSinceLastGC: 0,563s, TimeUntilGC: 22,135s
[2024-02-14T16:50:35.108+0100][debug][gc,alloc       ] Allocation Rate: 3090,0MB/s, Predicted: 3046,3MB/s, Avg: 3119,0(+/-44,4)MB/s
[2024-02-14T16:50:35.108+0100][debug][gc,director    ] Select GC Workers (Normal), AvoidLongGCWorkers: 0,230, AvoidOOMGCWorkers: 1,267, LastGCWorkers: 2,000, GCWorkers: 1,267
[2024-02-14T16:50:35.108+0100][debug][gc,director    ] Rule: Allocation Rate (Dynamic GC Workers), MaxAllocRate: 3265,0MB/s (+/-1,4%), Free: 6012MB, GCCPUTime: 2,299, GCDuration: 1,152s, TimeUntilOOM: 1,816s, TimeUntilGC: 0,564s, GCWorkers: 2 -> 2
[2024-02-14T16:50:35.108+0100][debug][gc,director    ] Rule: High Usage, Free: 6012MB(39,1%)
[2024-02-14T16:50:35.108+0100][debug][gc,director    ] Rule: Proactive, AcceptableGCInterval: 22,697s, TimeSinceLastGC: 0,663s, TimeUntilGC: 22,034s
[2024-02-14T16:50:35.208+0100][debug][gc,alloc       ] Allocation Rate: 3128,0MB/s, Predicted: 3077,3MB/s, Avg: 3109,6(+/-28,8)MB/s
[2024-02-14T16:50:35.208+0100][debug][gc,director    ] Select GC Workers (Normal), AvoidLongGCWorkers: 0,230, AvoidOOMGCWorkers: 1,309, LastGCWorkers: 2,000, GCWorkers: 1,309
[2024-02-14T16:50:35.208+0100][debug][gc,director    ] Rule: Allocation Rate (Dynamic GC Workers), MaxAllocRate: 3204,3MB/s (+/-0,9%), Free: 5684MB, GCCPUTime: 2,299, GCDuration: 1,152s, TimeUntilOOM: 1,758s, TimeUntilGC: 0,506s, GCWorkers: 2 -> 2
[2024-02-14T16:50:35.208+0100][debug][gc,director    ] Rule: High Usage, Free: 5684MB(37,0%)
[2024-02-14T16:50:35.208+0100][debug][gc,director    ] Rule: Proactive, AcceptableGCInterval: 22,697s, TimeSinceLastGC: 0,763s, TimeUntilGC: 21,934s
[2024-02-14T16:50:35.307+0100][debug][gc,alloc       ] Allocation Rate: 3164,0MB/s, Predicted: 3117,9MB/s, Avg: 3108,0(+/-25,0)MB/s
[2024-02-14T16:50:35.307+0100][debug][gc,director    ] Select GC Workers (Normal), AvoidLongGCWorkers: 0,230, AvoidOOMGCWorkers: 1,385, LastGCWorkers: 2,000, GCWorkers: 1,385
[2024-02-14T16:50:35.307+0100][debug][gc,director    ] Rule: Allocation Rate (Dynamic GC Workers), MaxAllocRate: 3200,2MB/s (+/-0,8%), Free: 5360MB, GCCPUTime: 2,299, GCDuration: 1,152s, TimeUntilOOM: 1,662s, TimeUntilGC: 0,410s, GCWorkers: 2 -> 2
[2024-02-14T16:50:35.307+0100][debug][gc,director    ] Rule: High Usage, Free: 5360MB(34,9%)
[2024-02-14T16:50:35.307+0100][debug][gc,director    ] Rule: Proactive, AcceptableGCInterval: 22,697s, TimeSinceLastGC: 0,862s, TimeUntilGC: 21,835s
[2024-02-14T16:50:35.307+0100][info ][gc,stats       ] === Garbage Collection Statistics =======================================================================================================================
[2024-02-14T16:50:35.307+0100][info ][gc,stats       ]                                                              Last 10s              Last 10m              Last 10h                Total
[2024-02-14T16:50:35.307+0100][info ][gc,stats       ]                                                              Avg / Max             Avg / Max             Avg / Max             Avg / Max
[2024-02-14T16:50:35.307+0100][info ][gc,stats       ]   Collector: Garbage Collection Cycle                   1046,820 / 1133,542    543,545 / 1265,002    543,545 / 1265,002    543,545 / 1265,002    ms
[2024-02-14T16:50:35.307+0100][info ][gc,stats       ]  Contention: Mark Segment Reset Contention                     1 / 6                 2 / 70                2 / 70                2 / 70          ops/s
[2024-02-14T16:50:35.307+0100][info ][gc,stats       ]  Contention: Mark SeqNum Reset Contention                      0 / 0                 0 / 1                 0 / 1                 0 / 1           ops/s
[2024-02-14T16:50:35.307+0100][info ][gc,stats       ]    Critical: Allocation Stall                                  0 / 0                 0 / 0                 0 / 0                 0 / 0           ops/s
[2024-02-14T16:50:35.307+0100][info ][gc,stats       ]    Critical: Allocation Stall                              0,000 / 0,000         0,000 / 0,000         0,000 / 0,000         0,000 / 0,000       ms
[2024-02-14T16:50:35.307+0100][info ][gc,stats       ]    Critical: GC Locker Stall                                   0 / 0                 0 / 1                 0 / 1                 0 / 1           ops/s
[2024-02-14T16:50:35.308+0100][info ][gc,stats       ]    Critical: GC Locker Stall                               0,000 / 0,000         0,081 / 0,094         0,081 / 0,094         0,081 / 0,094       ms
[2024-02-14T16:50:35.308+0100][info ][gc,stats       ]    Critical: Relocation Stall                                  0 / 0                 0 / 0                 0 / 0                 0 / 0           ops/s
[2024-02-14T16:50:35.308+0100][info ][gc,stats       ]    Critical: Relocation Stall                              0,000 / 0,000         0,000 / 0,000         0,000 / 0,000         0,000 / 0,000       ms
[2024-02-14T16:50:35.308+0100][info ][gc,stats       ]      Memory: Allocation Rate                                3085 / 3306           2950 / 4428           2950 / 4428           2950 / 4428        MB/s
[2024-02-14T16:50:35.308+0100][info ][gc,stats       ]      Memory: Defragment                                        0 / 0                 0 / 0                 0 / 0                 0 / 0           ops/s
[2024-02-14T16:50:35.308+0100][info ][gc,stats       ]      Memory: Out Of Memory                                     0 / 0                 0 / 0                 0 / 0                 0 / 0           ops/s
[2024-02-14T16:50:35.308+0100][info ][gc,stats       ]      Memory: Page Cache Flush                                  0 / 0                 0 / 0                 0 / 0                 0 / 0           MB/s
[2024-02-14T16:50:35.308+0100][info ][gc,stats       ]      Memory: Page Cache Hit L1                              1639 / 1770           1460 / 2414           1460 / 2414           1460 / 2414        ops/s
[2024-02-14T16:50:35.308+0100][info ][gc,stats       ]      Memory: Page Cache Hit L2                                 0 / 0                 0 / 0                 0 / 0                 0 / 0           ops/s
[2024-02-14T16:50:35.308+0100][info ][gc,stats       ]      Memory: Page Cache Hit L3                                 0 / 0                25 / 915              25 / 915              25 / 915         ops/s
[2024-02-14T16:50:35.308+0100][info ][gc,stats       ]      Memory: Page Cache Miss                                   0 / 0                47 / 600              47 / 600              47 / 600         ops/s
[2024-02-14T16:50:35.308+0100][info ][gc,stats       ]      Memory: Uncommit                                          0 / 0                 0 / 0                 0 / 0                 0 / 0           MB/s
[2024-02-14T16:50:35.308+0100][info ][gc,stats       ]      Memory: Undo Object Allocation Failed                     0 / 0                 0 / 0                 0 / 0                 0 / 0           ops/s
[2024-02-14T16:50:35.308+0100][info ][gc,stats       ]      Memory: Undo Object Allocation Succeeded                  0 / 0                 0 / 14                0 / 14                0 / 14          ops/s
[2024-02-14T16:50:35.308+0100][info ][gc,stats       ]      Memory: Undo Page Allocation                              0 / 0                 1 / 31                1 / 31                1 / 31          ops/s
[2024-02-14T16:50:35.308+0100][info ][gc,stats       ]       Phase: Concurrent Mark                             903,959 / 973,016     433,145 / 979,889     433,145 / 979,889     433,145 / 979,889     ms
[2024-02-14T16:50:35.308+0100][info ][gc,stats       ]       Phase: Concurrent Mark Continue                      0,000 / 0,000         0,000 / 0,000         0,000 / 0,000         0,000 / 0,000       ms
[2024-02-14T16:50:35.308+0100][info ][gc,stats       ]       Phase: Concurrent Mark Free                          0,011 / 0,017         0,124 / 1,509         0,124 / 1,509         0,124 / 1,509       ms
[2024-02-14T16:50:35.308+0100][info ][gc,stats       ]       Phase: Concurrent Process Non-Strong References      7,145 / 8,759         9,054 / 16,291        9,054 / 16,291        9,054 / 16,291      ms
[2024-02-14T16:50:35.308+0100][info ][gc,stats       ]       Phase: Concurrent Relocate                         123,608 / 137,970      88,297 / 441,476      88,297 / 441,476      88,297 / 441,476     ms
[2024-02-14T16:50:35.308+0100][info ][gc,stats       ]       Phase: Concurrent Reset Relocation Set               0,129 / 0,146         0,091 / 0,235         0,091 / 0,235         0,091 / 0,235       ms
[2024-02-14T16:50:35.308+0100][info ][gc,stats       ]       Phase: Concurrent Select Relocation Set             11,087 / 12,881       11,797 / 96,956       11,797 / 96,956       11,797 / 96,956      ms
[2024-02-14T16:50:35.308+0100][info ][gc,stats       ]       Phase: Pause Mark End                                0,033 / 0,040         0,039 / 0,067         0,039 / 0,067         0,039 / 0,067       ms
[2024-02-14T16:50:35.308+0100][info ][gc,stats       ]       Phase: Pause Mark Start                              0,065 / 0,072         0,071 / 0,144         0,071 / 0,144         0,071 / 0,144       ms
[2024-02-14T16:50:35.308+0100][info ][gc,stats       ]       Phase: Pause Relocate Start                          0,033 / 0,047         0,034 / 0,054         0,034 / 0,054         0,034 / 0,054       ms
[2024-02-14T16:50:35.308+0100][info ][gc,stats       ]    Subphase: Concurrent Classes Purge                      0,025 / 0,040         0,589 / 5,566         0,589 / 5,566         0,589 / 5,566       ms
[2024-02-14T16:50:35.308+0100][info ][gc,stats       ]    Subphase: Concurrent Classes Unlink                     2,588 / 3,283         2,898 / 6,276         2,898 / 6,276         2,898 / 6,276       ms
[2024-02-14T16:50:35.308+0100][info ][gc,stats       ]    Subphase: Concurrent Mark                             902,449 / 972,032     393,276 / 979,011     393,276 / 979,011     393,276 / 979,011     ms
[2024-02-14T16:50:35.308+0100][info ][gc,stats       ]    Subphase: Concurrent Mark Try Flush                     0,104 / 0,173         0,245 / 16,348        0,245 / 16,348        0,245 / 16,348      ms
[2024-02-14T16:50:35.308+0100][info ][gc,stats       ]    Subphase: Concurrent Mark Try Terminate                 0,544 / 1,175         0,842 / 1,342         0,842 / 1,342         0,842 / 1,342       ms
[2024-02-14T16:50:35.308+0100][info ][gc,stats       ]    Subphase: Concurrent References Enqueue                 0,009 / 0,010         0,009 / 0,012         0,009 / 0,012         0,009 / 0,012       ms
[2024-02-14T16:50:35.308+0100][info ][gc,stats       ]    Subphase: Concurrent References Process                 4,086 / 5,040         4,866 / 10,523        4,866 / 10,523        4,866 / 10,523      ms
[2024-02-14T16:50:35.308+0100][info ][gc,stats       ]    Subphase: Concurrent Roots ClassLoaderDataGraph         0,086 / 0,152         0,085 / 0,310         0,085 / 0,310         0,085 / 0,310       ms
[2024-02-14T16:50:35.308+0100][info ][gc,stats       ]    Subphase: Concurrent Roots CodeCache                    0,000 / 0,000         0,000 / 0,000         0,000 / 0,000         0,000 / 0,000       ms
[2024-02-14T16:50:35.308+0100][info ][gc,stats       ]    Subphase: Concurrent Roots JavaThreads                  0,598 / 0,728         0,643 / 1,932         0,643 / 1,932         0,643 / 1,932       ms
[2024-02-14T16:50:35.308+0100][info ][gc,stats       ]    Subphase: Concurrent Roots OopStorageSet                0,020 / 0,024         0,107 / 0,964         0,107 / 0,964         0,107 / 0,964       ms
[2024-02-14T16:50:35.308+0100][info ][gc,stats       ]    Subphase: Concurrent Weak Roots OopStorageSet           0,200 / 0,407         0,232 / 0,778         0,232 / 0,778         0,232 / 0,778       ms
[2024-02-14T16:50:35.308+0100][info ][gc,stats       ]    Subphase: Pause Mark Try Complete                       0,000 / 0,000         0,000 / 0,000         0,000 / 0,000         0,000 / 0,000       ms
[2024-02-14T16:50:35.308+0100][info ][gc,stats       ]      System: Java Threads                                     43 / 43               41 / 46               41 / 46               41 / 46          threads
[2024-02-14T16:50:35.308+0100][info ][gc,stats       ] =========================================================================================================================================================
[2024-02-14T16:50:35.407+0100][debug][gc,alloc       ] Allocation Rate: 3214,0MB/s, Predicted: 3165,1MB/s, Avg: 3116,8(+/-40,5)MB/s
[2024-02-14T16:50:35.407+0100][debug][gc,director    ] Select GC Workers (Normal), AvoidLongGCWorkers: 0,230, AvoidOOMGCWorkers: 1,528, LastGCWorkers: 2,000, GCWorkers: 1,528
[2024-02-14T16:50:35.407+0100][debug][gc,director    ] Rule: Allocation Rate (Dynamic GC Workers), MaxAllocRate: 3298,3MB/s (+/-1,3%), Free: 5032MB, GCCPUTime: 2,299, GCDuration: 1,152s, TimeUntilOOM: 1,506s, TimeUntilGC: 0,254s, GCWorkers: 2 -> 2
[2024-02-14T16:50:35.407+0100][debug][gc,director    ] Rule: High Usage, Free: 5032MB(32,8%)
[2024-02-14T16:50:35.407+0100][debug][gc,director    ] Rule: Proactive, AcceptableGCInterval: 22,697s, TimeSinceLastGC: 0,962s, TimeUntilGC: 21,735s
[2024-02-14T16:50:35.508+0100][debug][gc,alloc       ] Allocation Rate: 3238,0MB/s, Predicted: 3211,7MB/s, Avg: 3129,6(+/-54,2)MB/s
[2024-02-14T16:50:35.508+0100][debug][gc,director    ] Select GC Workers (Normal), AvoidLongGCWorkers: 0,230, AvoidOOMGCWorkers: 1,689, LastGCWorkers: 2,000, GCWorkers: 1,689
[2024-02-14T16:50:35.508+0100][debug][gc,director    ] Rule: Allocation Rate (Dynamic GC Workers), MaxAllocRate: 3390,1MB/s (+/-1,7%), Free: 4700MB, GCCPUTime: 2,299, GCDuration: 1,152s, TimeUntilOOM: 1,363s, TimeUntilGC: 0,111s, GCWorkers: 2 -> 2
[2024-02-14T16:50:35.508+0100][debug][gc,director    ] Rule: High Usage, Free: 4700MB(30,6%)
[2024-02-14T16:50:35.508+0100][debug][gc,director    ] Rule: Proactive, AcceptableGCInterval: 22,697s, TimeSinceLastGC: 1,063s, TimeUntilGC: 21,635s
[2024-02-14T16:50:35.608+0100][debug][gc,alloc       ] Allocation Rate: 3246,0MB/s, Predicted: 3253,6MB/s, Avg: 3143,0(+/-63,9)MB/s
[2024-02-14T16:50:35.608+0100][debug][gc,director    ] Select GC Workers (Normal), AvoidLongGCWorkers: 0,230, AvoidOOMGCWorkers: 1,863, LastGCWorkers: 2,000, GCWorkers: 1,863
[2024-02-14T16:50:35.608+0100][debug][gc,director    ] Rule: Allocation Rate (Dynamic GC Workers), MaxAllocRate: 3463,9MB/s (+/-2,0%), Free: 4368MB, GCCPUTime: 2,299, GCDuration: 1,152s, TimeUntilOOM: 1,236s, TimeUntilGC: -0,016s, GCWorkers: 2 -> 2
[2024-02-14T16:50:35.608+0100][debug][gc,heap        ] GC(35) Heap before GC invocations=35 (full 35):
[2024-02-14T16:50:35.608+0100][debug][gc,heap        ] GC(35)  ZHeap           used 10950M, capacity 14594M, max capacity 15360M
[2024-02-14T16:50:35.608+0100][debug][gc,heap        ] GC(35)  Metaspace       used 32037K, committed 32448K, reserved 1114112K
[2024-02-14T16:50:35.608+0100][debug][gc,heap        ] GC(35)   class space    used 3379K, committed 3584K, reserved 1048576K
[2024-02-14T16:50:35.608+0100][info ][gc,start       ] GC(35) Garbage Collection (Allocation Rate)
[2024-02-14T16:50:35.608+0100][info ][gc,task        ] GC(35) Using 2 workers
[2024-02-14T16:50:35.608+0100][debug][gc,phases,start] GC(35) Pause Mark Start
[2024-02-14T16:50:35.608+0100][debug][gc,marking     ] GC(35) Using 2 mark stripes
[2024-02-14T16:50:35.608+0100][debug][gc,marking     ] GC(35) Mark Worker/Stripe Distribution
[2024-02-14T16:50:35.608+0100][debug][gc,marking     ] GC(35)   Worker 0(2) -> Stripe 0(2)
[2024-02-14T16:50:35.608+0100][debug][gc,marking     ] GC(35)   Worker 1(2) -> Stripe 1(2)
[2024-02-14T16:50:35.608+0100][info ][gc,phases      ] GC(35) Pause Mark Start 0,060ms
[2024-02-14T16:50:35.608+0100][debug][gc,phases,start] GC(35) Concurrent Mark
[2024-02-14T16:50:35.608+0100][debug][gc,task        ] GC(35) Executing Task: XMarkRootsTask, Active Workers: 2
[2024-02-14T16:50:35.609+0100][debug][gc,tlab        ] GC(35) TLAB totals: thrds: 7  refills: 27994 max: 27961 slow allocs: 8 max 8 waste:  1,0% gc: 740976B max: 173848B slow: 69780648B max: 69757232B
[2024-02-14T16:50:35.609+0100][debug][gc,task        ] GC(35) Executing Task: XMarkTask, Active Workers: 2
[2024-02-14T16:50:35.708+0100][debug][gc,alloc       ] Allocation Rate: 3230,0MB/s, Predicted: 3278,0MB/s, Avg: 3155,6(+/-67,3)MB/s
[2024-02-14T16:50:35.807+0100][debug][gc,alloc       ] Allocation Rate: 3250,0MB/s, Predicted: 3296,1MB/s, Avg: 3172,4(+/-67,8)MB/s
[2024-02-14T16:50:35.907+0100][debug][gc,alloc       ] Allocation Rate: 3254,0MB/s, Predicted: 3304,1MB/s, Avg: 3189,8(+/-64,1)MB/s
[2024-02-14T16:50:36.007+0100][debug][gc,alloc       ] Allocation Rate: 3248,0MB/s, Predicted: 3299,2MB/s, Avg: 3206,2(+/-55,3)MB/s
[2024-02-14T16:50:36.107+0100][debug][gc,alloc       ] Allocation Rate: 3250,0MB/s, Predicted: 3285,7MB/s, Avg: 3222,2(+/-40,5)MB/s
[2024-02-14T16:50:36.208+0100][debug][gc,alloc       ] Allocation Rate: 3246,0MB/s, Predicted: 3270,1MB/s, Avg: 3234,0(+/-25,9)MB/s
[2024-02-14T16:50:36.308+0100][debug][gc,alloc       ] Allocation Rate: 3246,0MB/s, Predicted: 3256,3MB/s, Avg: 3242,2(+/-11,4)MB/s
[2024-02-14T16:50:36.408+0100][debug][gc,alloc       ] Allocation Rate: 3226,0MB/s, Predicted: 3242,3MB/s, Avg: 3243,4(+/-8,7)MB/s
[2024-02-14T16:50:36.504+0100][info ][gc,phases      ] GC(35) Concurrent Mark 896,160ms
[2024-02-14T16:50:36.504+0100][debug][gc,phases,start] GC(35) Pause Mark End
[2024-02-14T16:50:36.504+0100][info ][gc,phases      ] GC(35) Pause Mark End 0,043ms
[2024-02-14T16:50:36.504+0100][debug][gc,phases,start] GC(35) Concurrent Mark Free
[2024-02-14T16:50:36.504+0100][info ][gc,phases      ] GC(35) Concurrent Mark Free 0,027ms
[2024-02-14T16:50:36.504+0100][debug][gc,phases,start] GC(35) Concurrent Process Non-Strong References
[2024-02-14T16:50:36.504+0100][debug][gc,phases,start] GC(35) Concurrent References Process
[2024-02-14T16:50:36.504+0100][debug][gc,task        ] GC(35) Executing Task: XReferenceProcessorTask, Active Workers: 2
[2024-02-14T16:50:36.507+0100][debug][gc,alloc       ] Allocation Rate: 3172,0MB/s, Predicted: 3212,3MB/s, Avg: 3236,8(+/-23,2)MB/s
[2024-02-14T16:50:36.509+0100][debug][gc,phases      ] GC(35) Concurrent References Process 4,967ms
[2024-02-14T16:50:36.509+0100][debug][gc,task        ] GC(35) Executing Task: XProcessWeakRootsTask, Active Workers: 2
[2024-02-14T16:50:36.510+0100][debug][gc,phases,start] GC(35) Concurrent Classes Unlink
[2024-02-14T16:50:36.510+0100][debug][gc,phases,start] GC(35) ClassLoaderData
[2024-02-14T16:50:36.510+0100][debug][gc,phases      ] GC(35) ClassLoaderData 0,042ms
[2024-02-14T16:50:36.510+0100][debug][gc,phases,start] GC(35) Trigger cleanups
[2024-02-14T16:50:36.510+0100][debug][gc,phases      ] GC(35) Trigger cleanups 0,009ms
[2024-02-14T16:50:36.510+0100][debug][gc,task        ] GC(35) Executing Task: XNMethodUnlinkTask, Active Workers: 2
[2024-02-14T16:50:36.513+0100][debug][gc,phases      ] GC(35) Concurrent Classes Unlink 2,953ms
[2024-02-14T16:50:36.513+0100][debug][gc,phases,start] GC(35) Concurrent Classes Purge
[2024-02-14T16:50:36.513+0100][debug][gc,phases      ] GC(35) Concurrent Classes Purge 0,021ms
[2024-02-14T16:50:36.513+0100][debug][gc,phases,start] GC(35) Concurrent References Enqueue
[2024-02-14T16:50:36.513+0100][debug][gc,phases      ] GC(35) Concurrent References Enqueue 0,015ms
[2024-02-14T16:50:36.513+0100][info ][gc,phases      ] GC(35) Concurrent Process Non-Strong References 8,453ms
[2024-02-14T16:50:36.513+0100][debug][gc,phases,start] GC(35) Concurrent Reset Relocation Set
[2024-02-14T16:50:36.513+0100][info ][gc,phases      ] GC(35) Concurrent Reset Relocation Set 0,150ms
[2024-02-14T16:50:36.513+0100][debug][gc,phases,start] GC(35) Concurrent Select Relocation Set
[2024-02-14T16:50:36.515+0100][debug][gc,task        ] GC(35) Executing Task: XRelocationSetInstallTask, Active Workers: 2
[2024-02-14T16:50:36.527+0100][info ][gc,phases      ] GC(35) Concurrent Select Relocation Set 14,161ms
[2024-02-14T16:50:36.527+0100][debug][gc,phases,start] GC(35) Pause Relocate Start
[2024-02-14T16:50:36.527+0100][info ][gc,phases      ] GC(35) Pause Relocate Start 0,027ms
[2024-02-14T16:50:36.527+0100][debug][gc,phases,start] GC(35) Concurrent Relocate
[2024-02-14T16:50:36.527+0100][debug][gc,task        ] GC(35) Executing Task: XRelocateTask, Active Workers: 2
[2024-02-14T16:50:36.607+0100][debug][gc,alloc       ] Allocation Rate: 3104,0MB/s, Predicted: 3161,6MB/s, Avg: 3222,6(+/-45,7)MB/s
[2024-02-14T16:50:36.653+0100][info ][gc,phases      ] GC(35) Concurrent Relocate 125,596ms
[2024-02-14T16:50:36.653+0100][debug][gc,heap        ] GC(35) Heap after GC invocations=36 (full 36):
[2024-02-14T16:50:36.653+0100][debug][gc,heap        ] GC(35)  ZHeap           used 7172M, capacity 14594M, max capacity 15360M
[2024-02-14T16:50:36.653+0100][debug][gc,heap        ] GC(35)  Metaspace       used 32037K, committed 32448K, reserved 1114112K
[2024-02-14T16:50:36.653+0100][debug][gc,heap        ] GC(35)   class space    used 3379K, committed 3584K, reserved 1048576K
[2024-02-14T16:50:36.653+0100][info ][gc,load        ] GC(35) Load: 3,49/1,93/1,76
[2024-02-14T16:50:36.653+0100][info ][gc,mmu         ] GC(35) MMU: 2ms/92,8%, 5ms/97,1%, 10ms/98,6%, 20ms/99,1%, 50ms/99,6%, 100ms/99,8%
[2024-02-14T16:50:36.653+0100][info ][gc,marking     ] GC(35) Mark: 2 stripe(s), 3 proactive flush(es), 1 terminate flush(es), 0 completion(s), 0 continuation(s) 
[2024-02-14T16:50:36.653+0100][info ][gc,marking     ] GC(35) Mark Stack Usage: 32M
[2024-02-14T16:50:36.653+0100][info ][gc,nmethod     ] GC(35) NMethods: 4252 registered, 1456 unregistered
[2024-02-14T16:50:36.653+0100][info ][gc,metaspace   ] GC(35) Metaspace: 31M used, 31M committed, 1088M reserved
[2024-02-14T16:50:36.653+0100][info ][gc,ref         ] GC(35) Soft: 3896 encountered, 0 discovered, 0 enqueued
[2024-02-14T16:50:36.653+0100][info ][gc,ref         ] GC(35) Weak: 2055 encountered, 240 discovered, 0 enqueued
[2024-02-14T16:50:36.653+0100][info ][gc,ref         ] GC(35) Final: 13720 encountered, 13720 discovered, 13720 enqueued
[2024-02-14T16:50:36.653+0100][info ][gc,ref         ] GC(35) Phantom: 14122 encountered, 13974 discovered, 13727 enqueued
[2024-02-14T16:50:36.653+0100][info ][gc,reloc       ] GC(35) Small Pages: 5460 / 10920M, Empty: 198M, Relocated: 393M, In-Place: 0
[2024-02-14T16:50:36.653+0100][info ][gc,reloc       ] GC(35) Medium Pages: 1 / 32M, Empty: 0M, Relocated: 0M, In-Place: 0
[2024-02-14T16:50:36.653+0100][info ][gc,reloc       ] GC(35) Large Pages: 0 / 0M, Empty: 0M, Relocated: 0M, In-Place: 0
[2024-02-14T16:50:36.653+0100][info ][gc,reloc       ] GC(35) Forwarding Usage: 177M
[2024-02-14T16:50:36.653+0100][info ][gc,heap        ] GC(35) Min Capacity: 5120M(33%)
[2024-02-14T16:50:36.653+0100][info ][gc,heap        ] GC(35) Max Capacity: 15360M(100%)
[2024-02-14T16:50:36.653+0100][info ][gc,heap        ] GC(35) Soft Max Capacity: 15360M(100%)
[2024-02-14T16:50:36.653+0100][info ][gc,heap        ] GC(35)                Mark Start          Mark End        Relocate Start      Relocate End           High               Low         
[2024-02-14T16:50:36.653+0100][info ][gc,heap        ] GC(35)  Capacity:    14594M (95%)       14594M (95%)       14594M (95%)       14594M (95%)       14594M (95%)       14594M (95%)    
[2024-02-14T16:50:36.653+0100][info ][gc,heap        ] GC(35)      Free:     4408M (29%)        1578M (10%)        1720M (11%)        8188M (53%)        8196M (53%)        1556M (10%)    
[2024-02-14T16:50:36.653+0100][info ][gc,heap        ] GC(35)      Used:    10952M (71%)       13782M (90%)       13640M (89%)        7172M (47%)       13804M (90%)        7164M (47%)    
[2024-02-14T16:50:36.653+0100][info ][gc,heap        ] GC(35)      Live:         -              3705M (24%)        3705M (24%)        3705M (24%)            -                  -          
[2024-02-14T16:50:36.653+0100][info ][gc,heap        ] GC(35) Allocated:         -              2830M (18%)        2886M (19%)        3229M (21%)            -                  -          
[2024-02-14T16:50:36.653+0100][info ][gc,heap        ] GC(35)   Garbage:         -              7246M (47%)        7048M (46%)         237M (2%)             -                  -          
[2024-02-14T16:50:36.653+0100][info ][gc,heap        ] GC(35) Reclaimed:         -                  -               198M (1%)         7009M (46%)            -                  -          
[2024-02-14T16:50:36.653+0100][info ][gc             ] GC(35) Garbage Collection (Allocation Rate) 10952M(71%)->7172M(47%)
[2024-02-14T16:50:36.707+0100][debug][gc,alloc       ] Allocation Rate: 3102,0MB/s, Predicted: 3115,3MB/s, Avg: 3209,8(+/-58,1)MB/s
[2024-02-14T16:50:36.707+0100][debug][gc,director    ] Select GC Workers (Try Lowering), AvoidLongGCWorkers: 0,223, AvoidOOMGCWorkers: 0,969, NextAvoidOOMGCWorkers: 1,955, LastGCWorkers: 2,000, GCWorkers: 2,000
[2024-02-14T16:50:36.707+0100][debug][gc,director    ] Rule: Allocation Rate (Dynamic GC Workers), MaxAllocRate: 3401,0MB/s (+/-1,8%), Free: 7972MB, GCCPUTime: 2,231, GCDuration: 1,118s, TimeUntilOOM: 2,302s, TimeUntilGC: 1,084s, GCWorkers: 2 -> 2
[2024-02-14T16:50:36.707+0100][debug][gc,director    ] Rule: High Usage, Free: 7972MB(51,9%)
[2024-02-14T16:50:36.707+0100][debug][gc,director    ] Rule: Proactive, UsedUntilEnabled: 1362MB, TimeUntilEnabled: 299,946s
[2024-02-14T16:50:36.808+0100][debug][gc,alloc       ] Allocation Rate: 3102,0MB/s, Predicted: 3082,9MB/s, Avg: 3195,0(+/-64,5)MB/s
[2024-02-14T16:50:36.808+0100][debug][gc,director    ] Select GC Workers (Normal), AvoidLongGCWorkers: 0,223, AvoidOOMGCWorkers: 1,015, LastGCWorkers: 2,000, GCWorkers: 1,015
[2024-02-14T16:50:36.808+0100][debug][gc,director    ] Rule: Allocation Rate (Dynamic GC Workers), MaxAllocRate: 3407,2MB/s (+/-2,0%), Free: 7644MB, GCCPUTime: 2,231, GCDuration: 1,118s, TimeUntilOOM: 2,199s, TimeUntilGC: 0,981s, GCWorkers: 2 -> 2
[2024-02-14T16:50:36.808+0100][debug][gc,director    ] Rule: High Usage, Free: 7644MB(49,8%)
[2024-02-14T16:50:36.808+0100][debug][gc,director    ] Rule: Proactive, UsedUntilEnabled: 1034MB, TimeUntilEnabled: 299,845s
[2024-02-14T16:50:36.908+0100][debug][gc,alloc       ] Allocation Rate: 3106,0MB/s, Predicted: 3063,1MB/s, Avg: 3180,2(+/-66,2)MB/s
[2024-02-14T16:50:36.908+0100][debug][gc,director    ] Select GC Workers (Normal), AvoidLongGCWorkers: 0,223, AvoidOOMGCWorkers: 1,058, LastGCWorkers: 2,000, GCWorkers: 1,058
[2024-02-14T16:50:36.908+0100][debug][gc,director    ] Rule: Allocation Rate (Dynamic GC Workers), MaxAllocRate: 3398,1MB/s (+/-2,1%), Free: 7314MB, GCCPUTime: 2,231, GCDuration: 1,118s, TimeUntilOOM: 2,109s, TimeUntilGC: 0,890s, GCWorkers: 2 -> 2
[2024-02-14T16:50:36.908+0100][debug][gc,director    ] Rule: High Usage, Free: 7314MB(47,6%)
[2024-02-14T16:50:36.908+0100][debug][gc,director    ] Rule: Proactive, UsedUntilEnabled: 704MB, TimeUntilEnabled: 299,745s
[2024-02-14T16:50:37.007+0100][debug][gc,alloc       ] Allocation Rate: 3112,0MB/s, Predicted: 3053,9MB/s, Avg: 3166,6(+/-64,8)MB/s
[2024-02-14T16:50:37.007+0100][debug][gc,director    ] Select GC Workers (Normal), AvoidLongGCWorkers: 0,223, AvoidOOMGCWorkers: 1,102, LastGCWorkers: 2,000, GCWorkers: 1,102
[2024-02-14T16:50:37.007+0100][debug][gc,director    ] Rule: Allocation Rate (Dynamic GC Workers), MaxAllocRate: 3380,0MB/s (+/-2,0%), Free: 6986MB, GCCPUTime: 2,231, GCDuration: 1,118s, TimeUntilOOM: 2,025s, TimeUntilGC: 0,807s, GCWorkers: 2 -> 2
[2024-02-14T16:50:37.007+0100][debug][gc,director    ] Rule: High Usage, Free: 6986MB(45,5%)
[2024-02-14T16:50:37.007+0100][debug][gc,director    ] Rule: Proactive, UsedUntilEnabled: 376MB, TimeUntilEnabled: 299,646s
[2024-02-14T16:50:37.107+0100][debug][gc,alloc       ] Allocation Rate: 3126,0MB/s, Predicted: 3059,9MB/s, Avg: 3154,2(+/-59,3)MB/s
[2024-02-14T16:50:37.107+0100][debug][gc,director    ] Select GC Workers (Normal), AvoidLongGCWorkers: 0,223, AvoidOOMGCWorkers: 1,146, LastGCWorkers: 2,000, GCWorkers: 1,146
[2024-02-14T16:50:37.107+0100][debug][gc,director    ] Rule: Allocation Rate (Dynamic GC Workers), MaxAllocRate: 3349,4MB/s (+/-1,9%), Free: 6646MB, GCCPUTime: 2,231, GCDuration: 1,118s, TimeUntilOOM: 1,948s, TimeUntilGC: 0,730s, GCWorkers: 2 -> 2
[2024-02-14T16:50:37.107+0100][debug][gc,director    ] Rule: High Usage, Free: 6646MB(43,3%)
[2024-02-14T16:50:37.107+0100][debug][gc,director    ] Rule: Proactive, UsedUntilEnabled: 36MB, TimeUntilEnabled: 299,546s
[2024-02-14T16:50:37.207+0100][debug][gc,alloc       ] Allocation Rate: 3124,0MB/s, Predicted: 3072,3MB/s, Avg: 3142,0(+/-51,2)MB/s
[2024-02-14T16:50:37.207+0100][debug][gc,director    ] Select GC Workers (Normal), AvoidLongGCWorkers: 0,223, AvoidOOMGCWorkers: 1,187, LastGCWorkers: 2,000, GCWorkers: 1,187
[2024-02-14T16:50:37.207+0100][debug][gc,director    ] Rule: Allocation Rate (Dynamic GC Workers), MaxAllocRate: 3310,4MB/s (+/-1,6%), Free: 6324MB, GCCPUTime: 2,231, GCDuration: 1,118s, TimeUntilOOM: 1,880s, TimeUntilGC: 0,662s, GCWorkers: 2 -> 2
[2024-02-14T16:50:37.207+0100][debug][gc,director    ] Rule: High Usage, Free: 6324MB(41,2%)
[2024-02-14T16:50:37.207+0100][debug][gc,director    ] Rule: Proactive, AcceptableGCInterval: 22,059s, TimeSinceLastGC: 0,554s, TimeUntilGC: 21,505s
[2024-02-14T16:50:37.307+0100][debug][gc,alloc       ] Allocation Rate: 3122,0MB/s, Predicted: 3092,0MB/s, Avg: 3129,6(+/-37,7)MB/s
[2024-02-14T16:50:37.307+0100][debug][gc,director    ] Select GC Workers (Normal), AvoidLongGCWorkers: 0,223, AvoidOOMGCWorkers: 1,225, LastGCWorkers: 2,000, GCWorkers: 1,225
[2024-02-14T16:50:37.307+0100][debug][gc,director    ] Rule: Allocation Rate (Dynamic GC Workers), MaxAllocRate: 3253,8MB/s (+/-1,2%), Free: 6002MB, GCCPUTime: 2,231, GCDuration: 1,118s, TimeUntilOOM: 1,823s, TimeUntilGC: 0,605s, GCWorkers: 2 -> 2
[2024-02-14T16:50:37.307+0100][debug][gc,director    ] Rule: High Usage, Free: 6002MB(39,1%)
[2024-02-14T16:50:37.307+0100][debug][gc,director    ] Rule: Proactive, AcceptableGCInterval: 22,059s, TimeSinceLastGC: 0,654s, TimeUntilGC: 21,405s
[2024-02-14T16:50:37.407+0100][debug][gc,alloc       ] Allocation Rate: 3148,0MB/s, Predicted: 3125,1MB/s, Avg: 3121,8(+/-21,6)MB/s
[2024-02-14T16:50:37.407+0100][debug][gc,director    ] Select GC Workers (Normal), AvoidLongGCWorkers: 0,223, AvoidOOMGCWorkers: 1,268, LastGCWorkers: 2,000, GCWorkers: 1,268
[2024-02-14T16:50:37.407+0100][debug][gc,director    ] Rule: Allocation Rate (Dynamic GC Workers), MaxAllocRate: 3196,2MB/s (+/-0,7%), Free: 5668MB, GCCPUTime: 2,231, GCDuration: 1,118s, TimeUntilOOM: 1,761s, TimeUntilGC: 0,543s, GCWorkers: 2 -> 2
[2024-02-14T16:50:37.407+0100][debug][gc,director    ] Rule: High Usage, Free: 5668MB(36,9%)
[2024-02-14T16:50:37.407+0100][debug][gc,director    ] Rule: Proactive, AcceptableGCInterval: 22,059s, TimeSinceLastGC: 0,754s, TimeUntilGC: 21,305s
[2024-02-14T16:50:37.508+0100][debug][gc,alloc       ] Allocation Rate: 3196,0MB/s, Predicted: 3168,1MB/s, Avg: 3124,2(+/-27,6)MB/s
[2024-02-14T16:50:37.508+0100][debug][gc,director    ] Select GC Workers (Normal), AvoidLongGCWorkers: 0,223, AvoidOOMGCWorkers: 1,374, LastGCWorkers: 2,000, GCWorkers: 1,374
[2024-02-14T16:50:37.508+0100][debug][gc,director    ] Rule: Allocation Rate (Dynamic GC Workers), MaxAllocRate: 3258,9MB/s (+/-0,9%), Free: 5342MB, GCCPUTime: 2,231, GCDuration: 1,118s, TimeUntilOOM: 1,625s, TimeUntilGC: 0,407s, GCWorkers: 2 -> 2
[2024-02-14T16:50:37.508+0100][debug][gc,director    ] Rule: High Usage, Free: 5342MB(34,8%)
[2024-02-14T16:50:37.508+0100][debug][gc,director    ] Rule: Proactive, AcceptableGCInterval: 22,059s, TimeSinceLastGC: 0,854s, TimeUntilGC: 21,205s
[2024-02-14T16:50:37.608+0100][debug][gc,alloc       ] Allocation Rate: 3256,0MB/s, Predicted: 3215,5MB/s, Avg: 3139,4(+/-47,2)MB/s
[2024-02-14T16:50:37.608+0100][debug][gc,director    ] Select GC Workers (Normal), AvoidLongGCWorkers: 0,223, AvoidOOMGCWorkers: 1,523, LastGCWorkers: 2,000, GCWorkers: 1,523
[2024-02-14T16:50:37.608+0100][debug][gc,director    ] Rule: Allocation Rate (Dynamic GC Workers), MaxAllocRate: 3370,7MB/s (+/-1,5%), Free: 5018MB, GCCPUTime: 2,231, GCDuration: 1,118s, TimeUntilOOM: 1,467s, TimeUntilGC: 0,249s, GCWorkers: 2 -> 2
[2024-02-14T16:50:37.608+0100][debug][gc,director    ] Rule: High Usage, Free: 5018MB(32,7%)
[2024-02-14T16:50:37.608+0100][debug][gc,director    ] Rule: Proactive, AcceptableGCInterval: 22,059s, TimeSinceLastGC: 0,955s, TimeUntilGC: 21,105s
[2024-02-14T16:50:37.708+0100][debug][gc,alloc       ] Allocation Rate: 3288,0MB/s, Predicted: 3264,9MB/s, Avg: 3158,0(+/-62,8)MB/s
[2024-02-14T16:50:37.708+0100][debug][gc,director    ] Select GC Workers (Normal), AvoidLongGCWorkers: 0,223, AvoidOOMGCWorkers: 1,689, LastGCWorkers: 2,000, GCWorkers: 1,689
[2024-02-14T16:50:37.708+0100][debug][gc,director    ] Rule: Allocation Rate (Dynamic GC Workers), MaxAllocRate: 3471,7MB/s (+/-2,0%), Free: 4684MB, GCCPUTime: 2,231, GCDuration: 1,118s, TimeUntilOOM: 1,323s, TimeUntilGC: 0,105s, GCWorkers: 2 -> 2
[2024-02-14T16:50:37.708+0100][debug][gc,director    ] Rule: High Usage, Free: 4684MB(30,5%)
[2024-02-14T16:50:37.708+0100][debug][gc,director    ] Rule: Proactive, AcceptableGCInterval: 22,059s, TimeSinceLastGC: 1,055s, TimeUntilGC: 21,004s
[2024-02-14T16:50:37.807+0100][debug][gc,alloc       ] Allocation Rate: 3264,0MB/s, Predicted: 3292,4MB/s, Avg: 3174,2(+/-67,0)MB/s
[2024-02-14T16:50:37.807+0100][debug][gc,director    ] Select GC Workers (Normal), AvoidLongGCWorkers: 0,223, AvoidOOMGCWorkers: 1,832, LastGCWorkers: 2,000, GCWorkers: 1,832
[2024-02-14T16:50:37.807+0100][debug][gc,director    ] Rule: Allocation Rate (Dynamic GC Workers), MaxAllocRate: 3513,0MB/s (+/-2,1%), Free: 4378MB, GCCPUTime: 2,231, GCDuration: 1,118s, TimeUntilOOM: 1,220s, TimeUntilGC: 0,002s, GCWorkers: 2 -> 2
[2024-02-14T16:50:37.807+0100][debug][gc,director    ] Rule: High Usage, Free: 4378MB(28,5%)
[2024-02-14T16:50:37.807+0100][debug][gc,director    ] Rule: Proactive, AcceptableGCInterval: 22,059s, TimeSinceLastGC: 1,154s, TimeUntilGC: 20,905s
[2024-02-14T16:50:37.907+0100][debug][gc,alloc       ] Allocation Rate: 3262,0MB/s, Predicted: 3309,3MB/s, Avg: 3189,8(+/-67,5)MB/s
[2024-02-14T16:50:37.907+0100][debug][gc,director    ] Select GC Workers (Normal), AvoidLongGCWorkers: 0,223, AvoidOOMGCWorkers: 1,990, LastGCWorkers: 2,000, GCWorkers: 1,990
[2024-02-14T16:50:37.907+0100][debug][gc,director    ] Rule: Allocation Rate (Dynamic GC Workers), MaxAllocRate: 3531,5MB/s (+/-2,1%), Free: 4052MB, GCCPUTime: 2,231, GCDuration: 1,118s, TimeUntilOOM: 1,124s, TimeUntilGC: -0,094s, GCWorkers: 2 -> 2
[2024-02-14T16:50:37.907+0100][debug][gc,heap        ] GC(36) Heap before GC invocations=36 (full 36):
[2024-02-14T16:50:37.907+0100][debug][gc,heap        ] GC(36)  ZHeap           used 11266M, capacity 14594M, max capacity 15360M
[2024-02-14T16:50:37.907+0100][debug][gc,heap        ] GC(36)  Metaspace       used 32037K, committed 32448K, reserved 1114112K
[2024-02-14T16:50:37.907+0100][debug][gc,heap        ] GC(36)   class space    used 3379K, committed 3584K, reserved 1048576K
[2024-02-14T16:50:37.907+0100][info ][gc,start       ] GC(36) Garbage Collection (Allocation Rate)
[2024-02-14T16:50:37.907+0100][info ][gc,task        ] GC(36) Using 2 workers
[2024-02-14T16:50:37.907+0100][debug][gc,phases,start] GC(36) Pause Mark Start
[2024-02-14T16:50:37.907+0100][debug][gc,marking     ] GC(36) Using 2 mark stripes
[2024-02-14T16:50:37.907+0100][debug][gc,marking     ] GC(36) Mark Worker/Stripe Distribution
[2024-02-14T16:50:37.907+0100][debug][gc,marking     ] GC(36)   Worker 0(2) -> Stripe 0(2)
[2024-02-14T16:50:37.907+0100][debug][gc,marking     ] GC(36)   Worker 1(2) -> Stripe 1(2)
[2024-02-14T16:50:37.907+0100][info ][gc,phases      ] GC(36) Pause Mark Start 0,067ms
[2024-02-14T16:50:37.907+0100][debug][gc,phases,start] GC(36) Concurrent Mark
[2024-02-14T16:50:37.907+0100][debug][gc,task        ] GC(36) Executing Task: XMarkRootsTask, Active Workers: 2
[2024-02-14T16:50:37.909+0100][debug][gc,tlab        ] GC(36) TLAB totals: thrds: 10  refills: 29265 max: 29228 slow allocs: 6 max 6 waste:  1,0% gc: 1696776B max: 262008B slow: 73640024B max: 73623128B
[2024-02-14T16:50:37.909+0100][debug][gc,task        ] GC(36) Executing Task: XMarkTask, Active Workers: 2
[2024-02-14T16:50:38.007+0100][debug][gc,alloc       ] Allocation Rate: 3240,0MB/s, Predicted: 3308,7MB/s, Avg: 3202,6(+/-63,6)MB/s
[2024-02-14T16:50:38.107+0100][debug][gc,alloc       ] Allocation Rate: 3188,0MB/s, Predicted: 3282,4MB/s, Avg: 3208,8(+/-58,6)MB/s
[2024-02-14T16:50:38.207+0100][debug][gc,alloc       ] Allocation Rate: 3174,0MB/s, Predicted: 3245,9MB/s, Avg: 3213,8(+/-53,0)MB/s
[2024-02-14T16:50:38.308+0100][debug][gc,alloc       ] Allocation Rate: 3160,0MB/s, Predicted: 3199,9MB/s, Avg: 3217,6(+/-47,4)MB/s
[2024-02-14T16:50:38.408+0100][debug][gc,alloc       ] Allocation Rate: 3138,0MB/s, Predicted: 3149,5MB/s, Avg: 3216,6(+/-48,9)MB/s
[2024-02-14T16:50:38.508+0100][debug][gc,alloc       ] Allocation Rate: 3134,0MB/s, Predicted: 3110,9MB/s, Avg: 3210,4(+/-54,7)MB/s
[2024-02-14T16:50:38.608+0100][debug][gc,alloc       ] Allocation Rate: 3122,0MB/s, Predicted: 3087,7MB/s, Avg: 3197,0(+/-58,2)MB/s
[2024-02-14T16:50:38.707+0100][debug][gc,alloc       ] Allocation Rate: 3076,0MB/s, Predicted: 3063,6MB/s, Avg: 3175,8(+/-59,8)MB/s
[2024-02-14T16:50:38.807+0100][debug][gc,alloc       ] Allocation Rate: 3054,0MB/s, Predicted: 3038,4MB/s, Avg: 3154,8(+/-62,0)MB/s
[2024-02-14T16:50:38.820+0100][info ][gc,phases      ] GC(36) Concurrent Mark 912,405ms
[2024-02-14T16:50:38.820+0100][debug][gc,phases,start] GC(36) Pause Mark End
[2024-02-14T16:50:38.820+0100][info ][gc,phases      ] GC(36) Pause Mark End 0,035ms
[2024-02-14T16:50:38.820+0100][debug][gc,phases,start] GC(36) Concurrent Mark Free
[2024-02-14T16:50:38.820+0100][info ][gc,phases      ] GC(36) Concurrent Mark Free 0,007ms
[2024-02-14T16:50:38.820+0100][debug][gc,phases,start] GC(36) Concurrent Process Non-Strong References
[2024-02-14T16:50:38.820+0100][debug][gc,phases,start] GC(36) Concurrent References Process
[2024-02-14T16:50:38.820+0100][debug][gc,task        ] GC(36) Executing Task: XReferenceProcessorTask, Active Workers: 2
[2024-02-14T16:50:38.824+0100][debug][gc,phases      ] GC(36) Concurrent References Process 4,006ms
[2024-02-14T16:50:38.824+0100][debug][gc,task        ] GC(36) Executing Task: XProcessWeakRootsTask, Active Workers: 2
[2024-02-14T16:50:38.824+0100][debug][gc,phases,start] GC(36) Concurrent Classes Unlink
[2024-02-14T16:50:38.824+0100][debug][gc,phases,start] GC(36) ClassLoaderData
[2024-02-14T16:50:38.824+0100][debug][gc,phases      ] GC(36) ClassLoaderData 0,030ms
[2024-02-14T16:50:38.824+0100][debug][gc,phases,start] GC(36) Trigger cleanups
[2024-02-14T16:50:38.824+0100][debug][gc,phases      ] GC(36) Trigger cleanups 0,005ms
[2024-02-14T16:50:38.824+0100][debug][gc,task        ] GC(36) Executing Task: XNMethodUnlinkTask, Active Workers: 2
[2024-02-14T16:50:38.827+0100][debug][gc,phases      ] GC(36) Concurrent Classes Unlink 2,170ms
[2024-02-14T16:50:38.827+0100][debug][gc,phases,start] GC(36) Concurrent Classes Purge
[2024-02-14T16:50:38.827+0100][debug][gc,nmethod     ] GC(36) Unregister NMethod: java.lang.Thread$ThreadIdentifiers.next (0x00007f9f0bea0090)
[2024-02-14T16:50:38.827+0100][debug][gc,nmethod     ] GC(36) Unregister NMethod: java.util.stream.ReduceOps$3ReducingSink.accept (0x00007f9f0bd23f90)
[2024-02-14T16:50:38.827+0100][debug][gc,phases      ] GC(36) Concurrent Classes Purge 0,024ms
[2024-02-14T16:50:38.827+0100][debug][gc,phases,start] GC(36) Concurrent References Enqueue
[2024-02-14T16:50:38.827+0100][debug][gc,phases      ] GC(36) Concurrent References Enqueue 0,006ms
[2024-02-14T16:50:38.827+0100][info ][gc,phases      ] GC(36) Concurrent Process Non-Strong References 6,607ms
[2024-02-14T16:50:38.827+0100][debug][gc,phases,start] GC(36) Concurrent Reset Relocation Set
[2024-02-14T16:50:38.827+0100][info ][gc,phases      ] GC(36) Concurrent Reset Relocation Set 0,099ms
[2024-02-14T16:50:38.827+0100][debug][gc,phases,start] GC(36) Concurrent Select Relocation Set
[2024-02-14T16:50:38.828+0100][debug][gc,task        ] GC(36) Executing Task: XRelocationSetInstallTask, Active Workers: 2
[2024-02-14T16:50:38.837+0100][info ][gc,phases      ] GC(36) Concurrent Select Relocation Set 9,957ms
[2024-02-14T16:50:38.837+0100][debug][gc,phases,start] GC(36) Pause Relocate Start
[2024-02-14T16:50:38.837+0100][info ][gc,phases      ] GC(36) Pause Relocate Start 0,037ms
[2024-02-14T16:50:38.837+0100][debug][gc,phases,start] GC(36) Concurrent Relocate
[2024-02-14T16:50:38.837+0100][debug][gc,task        ] GC(36) Executing Task: XRelocateTask, Active Workers: 2
[2024-02-14T16:50:38.907+0100][debug][gc,alloc       ] Allocation Rate: 3002,0MB/s, Predicted: 3005,9MB/s, Avg: 3128,8(+/-66,0)MB/s
[2024-02-14T16:50:38.954+0100][info ][gc,phases      ] GC(36) Concurrent Relocate 116,951ms
[2024-02-14T16:50:38.954+0100][debug][gc,heap        ] GC(36) Heap after GC invocations=37 (full 37):
[2024-02-14T16:50:38.954+0100][debug][gc,heap        ] GC(36)  ZHeap           used 7076M, capacity 14594M, max capacity 15360M
[2024-02-14T16:50:38.954+0100][debug][gc,heap        ] GC(36)  Metaspace       used 32037K, committed 32448K, reserved 1114112K
[2024-02-14T16:50:38.954+0100][debug][gc,heap        ] GC(36)   class space    used 3379K, committed 3584K, reserved 1048576K
[2024-02-14T16:50:38.954+0100][info ][gc,load        ] GC(36) Load: 3,37/1,93/1,76
[2024-02-14T16:50:38.954+0100][info ][gc,mmu         ] GC(36) MMU: 2ms/92,8%, 5ms/97,1%, 10ms/98,6%, 20ms/99,1%, 50ms/99,6%, 100ms/99,8%
[2024-02-14T16:50:38.954+0100][info ][gc,marking     ] GC(36) Mark: 2 stripe(s), 2 proactive flush(es), 1 terminate flush(es), 0 completion(s), 0 continuation(s) 
[2024-02-14T16:50:38.954+0100][info ][gc,marking     ] GC(36) Mark Stack Usage: 32M
[2024-02-14T16:50:38.954+0100][info ][gc,nmethod     ] GC(36) NMethods: 4250 registered, 1458 unregistered
[2024-02-14T16:50:38.954+0100][info ][gc,metaspace   ] GC(36) Metaspace: 31M used, 31M committed, 1088M reserved
[2024-02-14T16:50:38.954+0100][info ][gc,ref         ] GC(36) Soft: 3896 encountered, 0 discovered, 0 enqueued
[2024-02-14T16:50:38.954+0100][info ][gc,ref         ] GC(36) Weak: 2055 encountered, 710 discovered, 0 enqueued
[2024-02-14T16:50:38.954+0100][info ][gc,ref         ] GC(36) Final: 14341 encountered, 14341 discovered, 14341 enqueued
[2024-02-14T16:50:38.954+0100][info ][gc,ref         ] GC(36) Phantom: 14743 encountered, 14732 discovered, 14348 enqueued
[2024-02-14T16:50:38.954+0100][info ][gc,reloc       ] GC(36) Small Pages: 5617 / 11234M, Empty: 232M, Relocated: 393M, In-Place: 0
[2024-02-14T16:50:38.954+0100][info ][gc,reloc       ] GC(36) Medium Pages: 1 / 32M, Empty: 0M, Relocated: 0M, In-Place: 0
[2024-02-14T16:50:38.954+0100][info ][gc,reloc       ] GC(36) Large Pages: 0 / 0M, Empty: 0M, Relocated: 0M, In-Place: 0
[2024-02-14T16:50:38.954+0100][info ][gc,reloc       ] GC(36) Forwarding Usage: 173M
[2024-02-14T16:50:38.954+0100][info ][gc,heap        ] GC(36) Min Capacity: 5120M(33%)
[2024-02-14T16:50:38.954+0100][info ][gc,heap        ] GC(36) Max Capacity: 15360M(100%)
[2024-02-14T16:50:38.954+0100][info ][gc,heap        ] GC(36) Soft Max Capacity: 15360M(100%)
[2024-02-14T16:50:38.954+0100][info ][gc,heap        ] GC(36)                Mark Start          Mark End        Relocate Start      Relocate End           High               Low         
[2024-02-14T16:50:38.954+0100][info ][gc,heap        ] GC(36)  Capacity:    14594M (95%)       14594M (95%)       14594M (95%)       14594M (95%)       14594M (95%)       14594M (95%)    
[2024-02-14T16:50:38.954+0100][info ][gc,heap        ] GC(36)      Free:     4094M (27%)        1338M (9%)         1522M (10%)        8284M (54%)        8294M (54%)        1318M (9%)     
[2024-02-14T16:50:38.954+0100][info ][gc,heap        ] GC(36)      Used:    11266M (73%)       14022M (91%)       13838M (90%)        7076M (46%)       14042M (91%)        7066M (46%)    
[2024-02-14T16:50:38.954+0100][info ][gc,heap        ] GC(36)      Live:         -              3704M (24%)        3704M (24%)        3704M (24%)            -                  -          
[2024-02-14T16:50:38.954+0100][info ][gc,heap        ] GC(36) Allocated:         -              2756M (18%)        2804M (18%)        3133M (20%)            -                  -          
[2024-02-14T16:50:38.954+0100][info ][gc,heap        ] GC(36)   Garbage:         -              7561M (49%)        7329M (48%)         238M (2%)             -                  -          
[2024-02-14T16:50:38.954+0100][info ][gc,heap        ] GC(36) Reclaimed:         -                  -               232M (2%)         7323M (48%)            -                  -          
[2024-02-14T16:50:38.954+0100][info ][gc             ] GC(36) Garbage Collection (Allocation Rate) 11266M(73%)->7076M(46%)
[2024-02-14T16:50:39.008+0100][debug][gc,alloc       ] Allocation Rate: 3006,0MB/s, Predicted: 2986,4MB/s, Avg: 3105,4(+/-63,8)MB/s
[2024-02-14T16:50:39.008+0100][debug][gc,director    ] Select GC Workers (Try Lowering), AvoidLongGCWorkers: 0,218, AvoidOOMGCWorkers: 0,914, NextAvoidOOMGCWorkers: 1,746, LastGCWorkers: 2,000, GCWorkers: 2,000
[2024-02-14T16:50:39.008+0100][debug][gc,director    ] Rule: Allocation Rate (Dynamic GC Workers), MaxAllocRate: 3315,4MB/s (+/-2,1%), Free: 8064MB, GCCPUTime: 2,179, GCDuration: 1,092s, TimeUntilOOM: 2,383s, TimeUntilGC: 1,191s, GCWorkers: 2 -> 2
[2024-02-14T16:50:39.008+0100][debug][gc,director    ] Rule: High Usage, Free: 8064MB(52,5%)
[2024-02-14T16:50:39.008+0100][debug][gc,director    ] Rule: Proactive, UsedUntilEnabled: 1358MB, TimeUntilEnabled: 299,946s
[2024-02-14T16:50:39.108+0100][debug][gc,alloc       ] Allocation Rate: 3042,0MB/s, Predicted: 2983,1MB/s, Avg: 3090,8(+/-59,8)MB/s
[2024-02-14T16:50:39.108+0100][debug][gc,director    ] Select GC Workers (Try Lowering), AvoidLongGCWorkers: 0,218, AvoidOOMGCWorkers: 0,943, NextAvoidOOMGCWorkers: 1,710, LastGCWorkers: 2,000, GCWorkers: 2,000
[2024-02-14T16:50:39.108+0100][debug][gc,director    ] Rule: Allocation Rate (Dynamic GC Workers), MaxAllocRate: 3287,7MB/s (+/-1,9%), Free: 7740MB, GCCPUTime: 2,179, GCDuration: 1,092s, TimeUntilOOM: 2,310s, TimeUntilGC: 1,118s, GCWorkers: 2 -> 2
[2024-02-14T16:50:39.108+0100][debug][gc,director    ] Rule: High Usage, Free: 7740MB(50,4%)
[2024-02-14T16:50:39.108+0100][debug][gc,director    ] Rule: Proactive, UsedUntilEnabled: 1034MB, TimeUntilEnabled: 299,846s
[2024-02-14T16:50:39.208+0100][debug][gc,alloc       ] Allocation Rate: 3056,0MB/s, Predicted: 2991,3MB/s, Avg: 3079,0(+/-53,6)MB/s
[2024-02-14T16:50:39.208+0100][debug][gc,director    ] Select GC Workers (Try Lowering), AvoidLongGCWorkers: 0,218, AvoidOOMGCWorkers: 0,973, NextAvoidOOMGCWorkers: 1,670, LastGCWorkers: 2,000, GCWorkers: 2,000
[2024-02-14T16:50:39.208+0100][debug][gc,director    ] Rule: Allocation Rate (Dynamic GC Workers), MaxAllocRate: 3255,3MB/s (+/-1,7%), Free: 7418MB, GCCPUTime: 2,179, GCDuration: 1,092s, TimeUntilOOM: 2,240s, TimeUntilGC: 1,048s, GCWorkers: 2 -> 2
[2024-02-14T16:50:39.208+0100][debug][gc,director    ] Rule: High Usage, Free: 7418MB(48,3%)
[2024-02-14T16:50:39.208+0100][debug][gc,director    ] Rule: Proactive, UsedUntilEnabled: 712MB, TimeUntilEnabled: 299,746s
[2024-02-14T16:50:39.307+0100][debug][gc,alloc       ] Allocation Rate: 3064,0MB/s, Predicted: 3006,9MB/s, Avg: 3069,4(+/-46,3)MB/s
[2024-02-14T16:50:39.307+0100][debug][gc,director    ] Select GC Workers (Normal), AvoidLongGCWorkers: 0,218, AvoidOOMGCWorkers: 1,003, LastGCWorkers: 2,000, GCWorkers: 1,003
[2024-02-14T16:50:39.307+0100][debug][gc,director    ] Rule: Allocation Rate (Dynamic GC Workers), MaxAllocRate: 3221,8MB/s (+/-1,5%), Free: 7102MB, GCCPUTime: 2,179, GCDuration: 1,092s, TimeUntilOOM: 2,172s, TimeUntilGC: 0,980s, GCWorkers: 2 -> 2
[2024-02-14T16:50:39.307+0100][debug][gc,director    ] Rule: High Usage, Free: 7102MB(46,2%)
[2024-02-14T16:50:39.307+0100][debug][gc,director    ] Rule: Proactive, UsedUntilEnabled: 396MB, TimeUntilEnabled: 299,647s
[2024-02-14T16:50:39.407+0100][debug][gc,alloc       ] Allocation Rate: 3078,0MB/s, Predicted: 3028,7MB/s, Avg: 3063,4(+/-40,6)MB/s
[2024-02-14T16:50:39.407+0100][debug][gc,director    ] Select GC Workers (Normal), AvoidLongGCWorkers: 0,218, AvoidOOMGCWorkers: 1,042, LastGCWorkers: 2,000, GCWorkers: 1,042
[2024-02-14T16:50:39.407+0100][debug][gc,director    ] Rule: Allocation Rate (Dynamic GC Workers), MaxAllocRate: 3196,9MB/s (+/-1,3%), Free: 6776MB, GCCPUTime: 2,179, GCDuration: 1,092s, TimeUntilOOM: 2,092s, TimeUntilGC: 0,900s, GCWorkers: 2 -> 2
[2024-02-14T16:50:39.407+0100][debug][gc,director    ] Rule: High Usage, Free: 6776MB(44,1%)
[2024-02-14T16:50:39.407+0100][debug][gc,director    ] Rule: Proactive, UsedUntilEnabled: 70MB, TimeUntilEnabled: 299,547s
[2024-02-14T16:50:39.507+0100][debug][gc,alloc       ] Allocation Rate: 3086,0MB/s, Predicted: 3056,5MB/s, Avg: 3058,6(+/-34,3)MB/s
[2024-02-14T16:50:39.507+0100][debug][gc,director    ] Select GC Workers (Normal), AvoidLongGCWorkers: 0,218, AvoidOOMGCWorkers: 1,084, LastGCWorkers: 2,000, GCWorkers: 1,084
[2024-02-14T16:50:39.507+0100][debug][gc,director    ] Rule: Allocation Rate (Dynamic GC Workers), MaxAllocRate: 3171,4MB/s (+/-1,1%), Free: 6446MB, GCCPUTime: 2,179, GCDuration: 1,092s, TimeUntilOOM: 2,010s, TimeUntilGC: 0,818s, GCWorkers: 2 -> 2
[2024-02-14T16:50:39.507+0100][debug][gc,director    ] Rule: High Usage, Free: 6446MB(42,0%)
[2024-02-14T16:50:39.507+0100][debug][gc,director    ] Rule: Proactive, AcceptableGCInterval: 21,544s, TimeSinceLastGC: 0,553s, TimeUntilGC: 20,991s
[2024-02-14T16:50:39.607+0100][debug][gc,alloc       ] Allocation Rate: 3072,0MB/s, Predicted: 3078,8MB/s, Avg: 3053,6(+/-27,7)MB/s
[2024-02-14T16:50:39.607+0100][debug][gc,director    ] Select GC Workers (Normal), AvoidLongGCWorkers: 0,218, AvoidOOMGCWorkers: 1,134, LastGCWorkers: 2,000, GCWorkers: 1,134
[2024-02-14T16:50:39.607+0100][debug][gc,director    ] Rule: Allocation Rate (Dynamic GC Workers), MaxAllocRate: 3169,9MB/s (+/-0,9%), Free: 6148MB, GCCPUTime: 2,179, GCDuration: 1,092s, TimeUntilOOM: 1,922s, TimeUntilGC: 0,730s, GCWorkers: 2 -> 2
[2024-02-14T16:50:39.607+0100][debug][gc,director    ] Rule: High Usage, Free: 6148MB(40,0%)
[2024-02-14T16:50:39.607+0100][debug][gc,director    ] Rule: Proactive, AcceptableGCInterval: 21,544s, TimeSinceLastGC: 0,653s, TimeUntilGC: 20,891s
[2024-02-14T16:50:39.707+0100][debug][gc,alloc       ] Allocation Rate: 3098,0MB/s, Predicted: 3102,5MB/s, Avg: 3055,8(+/-30,1)MB/s
[2024-02-14T16:50:39.707+0100][debug][gc,director    ] Select GC Workers (Normal), AvoidLongGCWorkers: 0,218, AvoidOOMGCWorkers: 1,208, LastGCWorkers: 2,000, GCWorkers: 1,208
[2024-02-14T16:50:39.707+0100][debug][gc,director    ] Rule: Allocation Rate (Dynamic GC Workers), MaxAllocRate: 3201,7MB/s (+/-1,0%), Free: 5834MB, GCCPUTime: 2,179, GCDuration: 1,092s, TimeUntilOOM: 1,804s, TimeUntilGC: 0,612s, GCWorkers: 2 -> 2
[2024-02-14T16:50:39.707+0100][debug][gc,director    ] Rule: High Usage, Free: 5834MB(38,0%)
[2024-02-14T16:50:39.707+0100][debug][gc,director    ] Rule: Proactive, AcceptableGCInterval: 21,544s, TimeSinceLastGC: 0,754s, TimeUntilGC: 20,791s
[2024-02-14T16:50:39.808+0100][debug][gc,alloc       ] Allocation Rate: 3136,0MB/s, Predicted: 3134,1MB/s, Avg: 3064,0(+/-38,5)MB/s
[2024-02-14T16:50:39.808+0100][debug][gc,director    ] Select GC Workers (Normal), AvoidLongGCWorkers: 0,218, AvoidOOMGCWorkers: 1,306, LastGCWorkers: 2,000, GCWorkers: 1,306
[2024-02-14T16:50:39.808+0100][debug][gc,director    ] Rule: Allocation Rate (Dynamic GC Workers), MaxAllocRate: 3260,9MB/s (+/-1,3%), Free: 5514MB, GCCPUTime: 2,179, GCDuration: 1,092s, TimeUntilOOM: 1,670s, TimeUntilGC: 0,478s, GCWorkers: 2 -> 2
[2024-02-14T16:50:39.808+0100][debug][gc,director    ] Rule: High Usage, Free: 5514MB(35,9%)
[2024-02-14T16:50:39.808+0100][debug][gc,director    ] Rule: Proactive, AcceptableGCInterval: 21,544s, TimeSinceLastGC: 0,854s, TimeUntilGC: 20,691s
[2024-02-14T16:50:39.908+0100][debug][gc,alloc       ] Allocation Rate: 3178,0MB/s, Predicted: 3163,2MB/s, Avg: 3081,6(+/-45,7)MB/s
[2024-02-14T16:50:39.908+0100][debug][gc,director    ] Select GC Workers (Normal), AvoidLongGCWorkers: 0,218, AvoidOOMGCWorkers: 1,411, LastGCWorkers: 2,000, GCWorkers: 1,411
[2024-02-14T16:50:39.908+0100][debug][gc,director    ] Rule: Allocation Rate (Dynamic GC Workers), MaxAllocRate: 3313,6MB/s (+/-1,5%), Free: 5196MB, GCCPUTime: 2,179, GCDuration: 1,092s, TimeUntilOOM: 1,545s, TimeUntilGC: 0,353s, GCWorkers: 2 -> 2
[2024-02-14T16:50:39.908+0100][debug][gc,director    ] Rule: High Usage, Free: 5196MB(33,8%)
[2024-02-14T16:50:39.908+0100][debug][gc,director    ] Rule: Proactive, AcceptableGCInterval: 21,544s, TimeSinceLastGC: 0,954s, TimeUntilGC: 20,590s
[2024-02-14T16:50:40.008+0100][debug][gc,alloc       ] Allocation Rate: 3192,0MB/s, Predicted: 3187,2MB/s, Avg: 3100,2(+/-48,9)MB/s
[2024-02-14T16:50:40.008+0100][debug][gc,director    ] Select GC Workers (Normal), AvoidLongGCWorkers: 0,218, AvoidOOMGCWorkers: 1,523, LastGCWorkers: 2,000, GCWorkers: 1,523
[2024-02-14T16:50:40.008+0100][debug][gc,director    ] Rule: Allocation Rate (Dynamic GC Workers), MaxAllocRate: 3348,1MB/s (+/-1,6%), Free: 4872MB, GCCPUTime: 2,179, GCDuration: 1,092s, TimeUntilOOM: 1,433s, TimeUntilGC: 0,241s, GCWorkers: 2 -> 2
[2024-02-14T16:50:40.008+0100][debug][gc,director    ] Rule: High Usage, Free: 4872MB(31,7%)
[2024-02-14T16:50:40.008+0100][debug][gc,director    ] Rule: Proactive, AcceptableGCInterval: 21,544s, TimeSinceLastGC: 1,054s, TimeUntilGC: 20,490s
[2024-02-14T16:50:40.108+0100][debug][gc,alloc       ] Allocation Rate: 3192,0MB/s, Predicted: 3208,4MB/s, Avg: 3115,2(+/-51,7)MB/s
[2024-02-14T16:50:40.108+0100][debug][gc,director    ] Select GC Workers (Normal), AvoidLongGCWorkers: 0,218, AvoidOOMGCWorkers: 1,648, LastGCWorkers: 2,000, GCWorkers: 1,648
[2024-02-14T16:50:40.108+0100][debug][gc,director    ] Rule: Allocation Rate (Dynamic GC Workers), MaxAllocRate: 3378,4MB/s (+/-1,7%), Free: 4548MB, GCCPUTime: 2,179, GCDuration: 1,092s, TimeUntilOOM: 1,324s, TimeUntilGC: 0,132s, GCWorkers: 2 -> 2
[2024-02-14T16:50:40.108+0100][debug][gc,director    ] Rule: High Usage, Free: 4548MB(29,6%)
[2024-02-14T16:50:40.108+0100][debug][gc,director    ] Rule: Proactive, AcceptableGCInterval: 21,544s, TimeSinceLastGC: 1,154s, TimeUntilGC: 20,390s
[2024-02-14T16:50:40.207+0100][debug][gc,alloc       ] Allocation Rate: 3192,0MB/s, Predicted: 3223,3MB/s, Avg: 3128,8(+/-52,2)MB/s
[2024-02-14T16:50:40.207+0100][debug][gc,director    ] Select GC Workers (Normal), AvoidLongGCWorkers: 0,218, AvoidOOMGCWorkers: 1,783, LastGCWorkers: 2,000, GCWorkers: 1,783
[2024-02-14T16:50:40.207+0100][debug][gc,director    ] Rule: Allocation Rate (Dynamic GC Workers), MaxAllocRate: 3395,1MB/s (+/-1,7%), Free: 4226MB, GCCPUTime: 2,179, GCDuration: 1,092s, TimeUntilOOM: 1,224s, TimeUntilGC: 0,032s, GCWorkers: 2 -> 2
[2024-02-14T16:50:40.207+0100][debug][gc,director    ] Rule: High Usage, Free: 4226MB(27,5%)
[2024-02-14T16:50:40.207+0100][debug][gc,director    ] Rule: Proactive, AcceptableGCInterval: 21,544s, TimeSinceLastGC: 1,253s, TimeUntilGC: 20,291s
[2024-02-14T16:50:40.307+0100][debug][gc,alloc       ] Allocation Rate: 3204,0MB/s, Predicted: 3236,1MB/s, Avg: 3142,8(+/-51,7)MB/s
[2024-02-14T16:50:40.307+0100][debug][gc,director    ] Select GC Workers (Normal), AvoidLongGCWorkers: 0,218, AvoidOOMGCWorkers: 1,939, LastGCWorkers: 2,000, GCWorkers: 1,939
[2024-02-14T16:50:40.307+0100][debug][gc,director    ] Rule: Allocation Rate (Dynamic GC Workers), MaxAllocRate: 3406,3MB/s (+/-1,6%), Free: 3898MB, GCCPUTime: 2,179, GCDuration: 1,092s, TimeUntilOOM: 1,126s, TimeUntilGC: -0,066s, GCWorkers: 2 -> 2
[2024-02-14T16:50:40.307+0100][debug][gc,heap        ] GC(37) Heap before GC invocations=37 (full 37):
[2024-02-14T16:50:40.307+0100][debug][gc,heap        ] GC(37)  ZHeap           used 11422M, capacity 14594M, max capacity 15360M
[2024-02-14T16:50:40.307+0100][debug][gc,heap        ] GC(37)  Metaspace       used 32037K, committed 32448K, reserved 1114112K
[2024-02-14T16:50:40.307+0100][debug][gc,heap        ] GC(37)   class space    used 3379K, committed 3584K, reserved 1048576K
[2024-02-14T16:50:40.307+0100][info ][gc,start       ] GC(37) Garbage Collection (Allocation Rate)
[2024-02-14T16:50:40.307+0100][info ][gc,task        ] GC(37) Using 2 workers
[2024-02-14T16:50:40.307+0100][debug][gc,phases,start] GC(37) Pause Mark Start
[2024-02-14T16:50:40.307+0100][debug][gc,marking     ] GC(37) Using 2 mark stripes
[2024-02-14T16:50:40.307+0100][debug][gc,marking     ] GC(37) Mark Worker/Stripe Distribution
[2024-02-14T16:50:40.307+0100][debug][gc,marking     ] GC(37)   Worker 0(2) -> Stripe 0(2)
[2024-02-14T16:50:40.307+0100][debug][gc,marking     ] GC(37)   Worker 1(2) -> Stripe 1(2)
[2024-02-14T16:50:40.307+0100][info ][gc,phases      ] GC(37) Pause Mark Start 0,062ms
[2024-02-14T16:50:40.308+0100][debug][gc,phases,start] GC(37) Concurrent Mark
[2024-02-14T16:50:40.308+0100][debug][gc,task        ] GC(37) Executing Task: XMarkRootsTask, Active Workers: 2
[2024-02-14T16:50:40.308+0100][debug][gc,tlab        ] GC(37) TLAB totals: thrds: 10  refills: 29870 max: 29835 slow allocs: 9 max 9 waste:  1,0% gc: 929608B max: 180672B slow: 75696160B max: 75666336B
[2024-02-14T16:50:40.308+0100][debug][gc,task        ] GC(37) Executing Task: XMarkTask, Active Workers: 2
[2024-02-14T16:50:40.407+0100][debug][gc,alloc       ] Allocation Rate: 3206,0MB/s, Predicted: 3244,1MB/s, Avg: 3155,6(+/-49,9)MB/s
[2024-02-14T16:50:40.507+0100][debug][gc,alloc       ] Allocation Rate: 3184,0MB/s, Predicted: 3236,9MB/s, Avg: 3165,4(+/-44,6)MB/s
[2024-02-14T16:50:40.608+0100][debug][gc,alloc       ] Allocation Rate: 3198,0MB/s, Predicted: 3225,1MB/s, Avg: 3178,0(+/-32,6)MB/s
[2024-02-14T16:50:40.708+0100][debug][gc,alloc       ] Allocation Rate: 3196,0MB/s, Predicted: 3210,9MB/s, Avg: 3187,8(+/-19,0)MB/s
[2024-02-14T16:50:40.808+0100][debug][gc,alloc       ] Allocation Rate: 3188,0MB/s, Predicted: 3197,2MB/s, Avg: 3193,0(+/-8,1)MB/s
[2024-02-14T16:50:40.908+0100][debug][gc,alloc       ] Allocation Rate: 3186,0MB/s, Predicted: 3190,4MB/s, Avg: 3193,8(+/-6,9)MB/s
[2024-02-14T16:50:41.008+0100][debug][gc,alloc       ] Allocation Rate: 3172,0MB/s, Predicted: 3181,2MB/s, Avg: 3191,8(+/-9,5)MB/s
[2024-02-14T16:50:41.107+0100][debug][gc,alloc       ] Allocation Rate: 3128,0MB/s, Predicted: 3155,7MB/s, Avg: 3185,4(+/-21,4)MB/s
[2024-02-14T16:50:41.185+0100][info ][gc,phases      ] GC(37) Concurrent Mark 877,191ms
[2024-02-14T16:50:41.185+0100][debug][gc,phases,start] GC(37) Pause Mark End
[2024-02-14T16:50:41.185+0100][info ][gc,phases      ] GC(37) Pause Mark End 0,034ms
[2024-02-14T16:50:41.185+0100][debug][gc,phases,start] GC(37) Concurrent Mark Free
[2024-02-14T16:50:41.185+0100][info ][gc,phases      ] GC(37) Concurrent Mark Free 0,007ms
[2024-02-14T16:50:41.185+0100][debug][gc,phases,start] GC(37) Concurrent Process Non-Strong References
[2024-02-14T16:50:41.185+0100][debug][gc,phases,start] GC(37) Concurrent References Process
[2024-02-14T16:50:41.185+0100][debug][gc,task        ] GC(37) Executing Task: XReferenceProcessorTask, Active Workers: 2
[2024-02-14T16:50:41.189+0100][debug][gc,phases      ] GC(37) Concurrent References Process 4,217ms
[2024-02-14T16:50:41.189+0100][debug][gc,task        ] GC(37) Executing Task: XProcessWeakRootsTask, Active Workers: 2
[2024-02-14T16:50:41.190+0100][debug][gc,phases,start] GC(37) Concurrent Classes Unlink
[2024-02-14T16:50:41.190+0100][debug][gc,phases,start] GC(37) ClassLoaderData
[2024-02-14T16:50:41.190+0100][debug][gc,phases      ] GC(37) ClassLoaderData 0,040ms
[2024-02-14T16:50:41.190+0100][debug][gc,phases,start] GC(37) Trigger cleanups
[2024-02-14T16:50:41.190+0100][debug][gc,phases      ] GC(37) Trigger cleanups 0,005ms
[2024-02-14T16:50:41.190+0100][debug][gc,task        ] GC(37) Executing Task: XNMethodUnlinkTask, Active Workers: 2
[2024-02-14T16:50:41.192+0100][debug][gc,phases      ] GC(37) Concurrent Classes Unlink 2,287ms
[2024-02-14T16:50:41.192+0100][debug][gc,phases,start] GC(37) Concurrent Classes Purge
[2024-02-14T16:50:41.192+0100][debug][gc,phases      ] GC(37) Concurrent Classes Purge 0,008ms
[2024-02-14T16:50:41.192+0100][debug][gc,phases,start] GC(37) Concurrent References Enqueue
[2024-02-14T16:50:41.192+0100][debug][gc,phases      ] GC(37) Concurrent References Enqueue 0,007ms
[2024-02-14T16:50:41.192+0100][info ][gc,phases      ] GC(37) Concurrent Process Non-Strong References 7,031ms
[2024-02-14T16:50:41.192+0100][debug][gc,phases,start] GC(37) Concurrent Reset Relocation Set
[2024-02-14T16:50:41.192+0100][info ][gc,phases      ] GC(37) Concurrent Reset Relocation Set 0,106ms
[2024-02-14T16:50:41.192+0100][debug][gc,phases,start] GC(37) Concurrent Select Relocation Set
[2024-02-14T16:50:41.193+0100][debug][gc,task        ] GC(37) Executing Task: XRelocationSetInstallTask, Active Workers: 2
[2024-02-14T16:50:41.202+0100][info ][gc,phases      ] GC(37) Concurrent Select Relocation Set 9,632ms
[2024-02-14T16:50:41.202+0100][debug][gc,phases,start] GC(37) Pause Relocate Start
[2024-02-14T16:50:41.202+0100][info ][gc,phases      ] GC(37) Pause Relocate Start 0,036ms
[2024-02-14T16:50:41.202+0100][debug][gc,phases,start] GC(37) Concurrent Relocate
[2024-02-14T16:50:41.202+0100][debug][gc,task        ] GC(37) Executing Task: XRelocateTask, Active Workers: 2
[2024-02-14T16:50:41.207+0100][debug][gc,alloc       ] Allocation Rate: 3080,0MB/s, Predicted: 3115,3MB/s, Avg: 3174,2(+/-37,9)MB/s
[2024-02-14T16:50:41.307+0100][debug][gc,alloc       ] Allocation Rate: 3020,0MB/s, Predicted: 3061,6MB/s, Avg: 3155,8(+/-58,2)MB/s
[2024-02-14T16:50:41.309+0100][info ][gc,phases      ] GC(37) Concurrent Relocate 107,040ms
[2024-02-14T16:50:41.309+0100][debug][gc,heap        ] GC(37) Heap after GC invocations=38 (full 38):
[2024-02-14T16:50:41.309+0100][debug][gc,heap        ] GC(37)  ZHeap           used 6972M, capacity 14594M, max capacity 15360M
[2024-02-14T16:50:41.309+0100][debug][gc,heap        ] GC(37)  Metaspace       used 32037K, committed 32448K, reserved 1114112K
[2024-02-14T16:50:41.309+0100][debug][gc,heap        ] GC(37)   class space    used 3379K, committed 3584K, reserved 1048576K
[2024-02-14T16:50:41.309+0100][info ][gc,load        ] GC(37) Load: 3,37/1,93/1,76
[2024-02-14T16:50:41.309+0100][info ][gc,mmu         ] GC(37) MMU: 2ms/92,8%, 5ms/97,1%, 10ms/98,6%, 20ms/99,1%, 50ms/99,6%, 100ms/99,8%
[2024-02-14T16:50:41.309+0100][info ][gc,marking     ] GC(37) Mark: 2 stripe(s), 2 proactive flush(es), 1 terminate flush(es), 0 completion(s), 0 continuation(s) 
[2024-02-14T16:50:41.309+0100][info ][gc,marking     ] GC(37) Mark Stack Usage: 32M
[2024-02-14T16:50:41.309+0100][info ][gc,nmethod     ] GC(37) NMethods: 4250 registered, 1458 unregistered
[2024-02-14T16:50:41.309+0100][info ][gc,metaspace   ] GC(37) Metaspace: 31M used, 31M committed, 1088M reserved
[2024-02-14T16:50:41.309+0100][info ][gc,ref         ] GC(37) Soft: 3896 encountered, 0 discovered, 0 enqueued
[2024-02-14T16:50:41.309+0100][info ][gc,ref         ] GC(37) Weak: 2055 encountered, 984 discovered, 0 enqueued
[2024-02-14T16:50:41.309+0100][info ][gc,ref         ] GC(37) Final: 14640 encountered, 14640 discovered, 14640 enqueued
[2024-02-14T16:50:41.309+0100][info ][gc,ref         ] GC(37) Phantom: 15042 encountered, 15033 discovered, 14647 enqueued
[2024-02-14T16:50:41.309+0100][info ][gc,reloc       ] GC(37) Small Pages: 5695 / 11390M, Empty: 190M, Relocated: 372M, In-Place: 0
[2024-02-14T16:50:41.309+0100][info ][gc,reloc       ] GC(37) Medium Pages: 1 / 32M, Empty: 0M, Relocated: 0M, In-Place: 0
[2024-02-14T16:50:41.309+0100][info ][gc,reloc       ] GC(37) Large Pages: 0 / 0M, Empty: 0M, Relocated: 0M, In-Place: 0
[2024-02-14T16:50:41.309+0100][info ][gc,reloc       ] GC(37) Forwarding Usage: 166M
[2024-02-14T16:50:41.309+0100][info ][gc,heap        ] GC(37) Min Capacity: 5120M(33%)
[2024-02-14T16:50:41.309+0100][info ][gc,heap        ] GC(37) Max Capacity: 15360M(100%)
[2024-02-14T16:50:41.309+0100][info ][gc,heap        ] GC(37) Soft Max Capacity: 15360M(100%)
[2024-02-14T16:50:41.309+0100][info ][gc,heap        ] GC(37)                Mark Start          Mark End        Relocate Start      Relocate End           High               Low         
[2024-02-14T16:50:41.309+0100][info ][gc,heap        ] GC(37)  Capacity:    14594M (95%)       14594M (95%)       14594M (95%)       14594M (95%)       14594M (95%)       14594M (95%)    
[2024-02-14T16:50:41.309+0100][info ][gc,heap        ] GC(37)      Free:     3938M (26%)        1252M (8%)         1394M (9%)         8390M (55%)        8390M (55%)        1232M (8%)     
[2024-02-14T16:50:41.309+0100][info ][gc,heap        ] GC(37)      Used:    11422M (74%)       14108M (92%)       13966M (91%)        6970M (45%)       14128M (92%)        6970M (45%)    
[2024-02-14T16:50:41.309+0100][info ][gc,heap        ] GC(37)      Live:         -              3706M (24%)        3706M (24%)        3706M (24%)            -                  -          
[2024-02-14T16:50:41.309+0100][info ][gc,heap        ] GC(37) Allocated:         -              2686M (17%)        2734M (18%)        3021M (20%)            -                  -          
[2024-02-14T16:50:41.309+0100][info ][gc,heap        ] GC(37)   Garbage:         -              7715M (50%)        7525M (49%)         241M (2%)             -                  -          
[2024-02-14T16:50:41.309+0100][info ][gc,heap        ] GC(37) Reclaimed:         -                  -               190M (1%)         7473M (49%)            -                  -          
[2024-02-14T16:50:41.309+0100][info ][gc             ] GC(37) Garbage Collection (Allocation Rate) 11422M(74%)->6970M(45%)
[2024-02-14T16:50:41.407+0100][debug][gc,alloc       ] Allocation Rate: 3022,0MB/s, Predicted: 3021,5MB/s, Avg: 3137,4(+/-67,7)MB/s
[2024-02-14T16:50:41.408+0100][debug][gc,director    ] Select GC Workers (Try Lowering), AvoidLongGCWorkers: 0,216, AvoidOOMGCWorkers: 0,926, NextAvoidOOMGCWorkers: 1,727, LastGCWorkers: 2,000, GCWorkers: 2,000
[2024-02-14T16:50:41.408+0100][debug][gc,director    ] Rule: Allocation Rate (Dynamic GC Workers), MaxAllocRate: 3360,3MB/s (+/-2,2%), Free: 8022MB, GCCPUTime: 2,164, GCDuration: 1,084s, TimeUntilOOM: 2,337s, TimeUntilGC: 1,153s, GCWorkers: 2 -> 2
[2024-02-14T16:50:41.408+0100][debug][gc,director    ] Rule: High Usage, Free: 8022MB(52,2%)
[2024-02-14T16:50:41.408+0100][debug][gc,director    ] Rule: Proactive, UsedUntilEnabled: 1210MB, TimeUntilEnabled: 299,901s
[2024-02-14T16:50:41.508+0100][debug][gc,alloc       ] Allocation Rate: 3052,0MB/s, Predicted: 2999,7MB/s, Avg: 3124,2(+/-70,2)MB/s
[2024-02-14T16:50:41.508+0100][debug][gc,director    ] Select GC Workers (Try Lowering), AvoidLongGCWorkers: 0,216, AvoidOOMGCWorkers: 0,966, NextAvoidOOMGCWorkers: 1,722, LastGCWorkers: 2,000, GCWorkers: 2,000
[2024-02-14T16:50:41.508+0100][debug][gc,director    ] Rule: Allocation Rate (Dynamic GC Workers), MaxAllocRate: 3355,1MB/s (+/-2,2%), Free: 7684MB, GCCPUTime: 2,164, GCDuration: 1,084s, TimeUntilOOM: 2,240s, TimeUntilGC: 1,056s, GCWorkers: 2 -> 2
[2024-02-14T16:50:41.508+0100][debug][gc,director    ] Rule: High Usage, Free: 7684MB(50,0%)
[2024-02-14T16:50:41.508+0100][debug][gc,director    ] Rule: Proactive, UsedUntilEnabled: 872MB, TimeUntilEnabled: 299,801s
[2024-02-14T16:50:41.608+0100][debug][gc,alloc       ] Allocation Rate: 3080,0MB/s, Predicted: 3001,7MB/s, Avg: 3112,4(+/-66,6)MB/s
[2024-02-14T16:50:41.608+0100][debug][gc,director    ] Select GC Workers (Normal), AvoidLongGCWorkers: 0,216, AvoidOOMGCWorkers: 1,003, LastGCWorkers: 2,000, GCWorkers: 1,003
[2024-02-14T16:50:41.608+0100][debug][gc,director    ] Rule: Allocation Rate (Dynamic GC Workers), MaxAllocRate: 3331,6MB/s (+/-2,1%), Free: 7344MB, GCCPUTime: 2,164, GCDuration: 1,084s, TimeUntilOOM: 2,158s, TimeUntilGC: 0,974s, GCWorkers: 2 -> 2
[2024-02-14T16:50:41.608+0100][debug][gc,director    ] Rule: High Usage, Free: 7344MB(47,8%)
[2024-02-14T16:50:41.608+0100][debug][gc,director    ] Rule: Proactive, UsedUntilEnabled: 532MB, TimeUntilEnabled: 299,701s
[2024-02-14T16:50:41.708+0100][debug][gc,alloc       ] Allocation Rate: 3112,0MB/s, Predicted: 3023,9MB/s, Avg: 3104,0(+/-60,6)MB/s
[2024-02-14T16:50:41.708+0100][debug][gc,director    ] Select GC Workers (Normal), AvoidLongGCWorkers: 0,216, AvoidOOMGCWorkers: 1,041, LastGCWorkers: 2,000, GCWorkers: 1,041
[2024-02-14T16:50:41.708+0100][debug][gc,director    ] Rule: Allocation Rate (Dynamic GC Workers), MaxAllocRate: 3303,3MB/s (+/-2,0%), Free: 7000MB, GCCPUTime: 2,164, GCDuration: 1,084s, TimeUntilOOM: 2,079s, TimeUntilGC: 0,894s, GCWorkers: 2 -> 2
[2024-02-14T16:50:41.708+0100][debug][gc,director    ] Rule: High Usage, Free: 7000MB(45,6%)
[2024-02-14T16:50:41.708+0100][debug][gc,director    ] Rule: Proactive, UsedUntilEnabled: 188MB, TimeUntilEnabled: 299,601s
[2024-02-14T16:50:41.807+0100][debug][gc,alloc       ] Allocation Rate: 3142,0MB/s, Predicted: 3061,5MB/s, Avg: 3099,4(+/-55,5)MB/s
[2024-02-14T16:50:41.807+0100][debug][gc,director    ] Select GC Workers (Normal), AvoidLongGCWorkers: 0,216, AvoidOOMGCWorkers: 1,086, LastGCWorkers: 2,000, GCWorkers: 1,086
[2024-02-14T16:50:41.807+0100][debug][gc,director    ] Rule: Allocation Rate (Dynamic GC Workers), MaxAllocRate: 3282,2MB/s (+/-1,8%), Free: 6658MB, GCCPUTime: 2,164, GCDuration: 1,084s, TimeUntilOOM: 1,993s, TimeUntilGC: 0,809s, GCWorkers: 2 -> 2
[2024-02-14T16:50:41.807+0100][debug][gc,director    ] Rule: High Usage, Free: 6658MB(43,3%)
[2024-02-14T16:50:41.807+0100][debug][gc,director    ] Rule: Proactive, AcceptableGCInterval: 21,360s, TimeSinceLastGC: 0,498s, TimeUntilGC: 20,862s
[2024-02-14T16:50:41.907+0100][debug][gc,alloc       ] Allocation Rate: 3174,0MB/s, Predicted: 3114,4MB/s, Avg: 3098,2(+/-53,8)MB/s
[2024-02-14T16:50:41.907+0100][debug][gc,director    ] Select GC Workers (Normal), AvoidLongGCWorkers: 0,216, AvoidOOMGCWorkers: 1,149, LastGCWorkers: 2,000, GCWorkers: 1,149
[2024-02-14T16:50:41.907+0100][debug][gc,director    ] Rule: Allocation Rate (Dynamic GC Workers), MaxAllocRate: 3291,3MB/s (+/-1,7%), Free: 6310MB, GCCPUTime: 2,164, GCDuration: 1,084s, TimeUntilOOM: 1,884s, TimeUntilGC: 0,700s, GCWorkers: 2 -> 2
[2024-02-14T16:50:41.907+0100][debug][gc,director    ] Rule: High Usage, Free: 6310MB(41,1%)
[2024-02-14T16:50:41.907+0100][debug][gc,director    ] Rule: Proactive, AcceptableGCInterval: 21,360s, TimeSinceLastGC: 0,598s, TimeUntilGC: 20,762s
[2024-02-14T16:50:42.007+0100][debug][gc,alloc       ] Allocation Rate: 3210,0MB/s, Predicted: 3178,8MB/s, Avg: 3102,0(+/-59,8)MB/s
[2024-02-14T16:50:42.007+0100][debug][gc,director    ] Select GC Workers (Normal), AvoidLongGCWorkers: 0,216, AvoidOOMGCWorkers: 1,249, LastGCWorkers: 2,000, GCWorkers: 1,249
[2024-02-14T16:50:42.007+0100][debug][gc,director    ] Rule: Allocation Rate (Dynamic GC Workers), MaxAllocRate: 3375,7MB/s (+/-1,9%), Free: 5964MB, GCCPUTime: 2,164, GCDuration: 1,084s, TimeUntilOOM: 1,733s, TimeUntilGC: 0,549s, GCWorkers: 2 -> 2
[2024-02-14T16:50:42.007+0100][debug][gc,director    ] Rule: High Usage, Free: 5964MB(38,8%)
[2024-02-14T16:50:42.007+0100][debug][gc,director    ] Rule: Proactive, AcceptableGCInterval: 21,360s, TimeSinceLastGC: 0,699s, TimeUntilGC: 20,662s
[2024-02-14T16:50:42.108+0100][debug][gc,alloc       ] Allocation Rate: 3276,0MB/s, Predicted: 3255,3MB/s, Avg: 3116,8(+/-79,5)MB/s
[2024-02-14T16:50:42.108+0100][debug][gc,director    ] Select GC Workers (Normal), AvoidLongGCWorkers: 0,216, AvoidOOMGCWorkers: 1,390, LastGCWorkers: 2,000, GCWorkers: 1,390
[2024-02-14T16:50:42.108+0100][debug][gc,director    ] Rule: Allocation Rate (Dynamic GC Workers), MaxAllocRate: 3517,0MB/s (+/-2,6%), Free: 5618MB, GCCPUTime: 2,164, GCDuration: 1,084s, TimeUntilOOM: 1,558s, TimeUntilGC: 0,374s, GCWorkers: 2 -> 2
[2024-02-14T16:50:42.108+0100][debug][gc,director    ] Rule: High Usage, Free: 5618MB(36,6%)
[2024-02-14T16:50:42.108+0100][debug][gc,director    ] Rule: Proactive, AcceptableGCInterval: 21,360s, TimeSinceLastGC: 0,799s, TimeUntilGC: 20,562s
[2024-02-14T16:50:42.208+0100][debug][gc,alloc       ] Allocation Rate: 3354,0MB/s, Predicted: 3340,4MB/s, Avg: 3144,2(+/-105,2)MB/s
[2024-02-14T16:50:42.208+0100][debug][gc,director    ] Select GC Workers (Normal), AvoidLongGCWorkers: 0,216, AvoidOOMGCWorkers: 1,567, LastGCWorkers: 2,000, GCWorkers: 1,567
[2024-02-14T16:50:42.208+0100][debug][gc,director    ] Rule: Allocation Rate (Dynamic GC Workers), MaxAllocRate: 3686,5MB/s (+/-3,3%), Free: 5266MB, GCCPUTime: 2,164, GCDuration: 1,084s, TimeUntilOOM: 1,382s, TimeUntilGC: 0,198s, GCWorkers: 2 -> 2
[2024-02-14T16:50:42.208+0100][debug][gc,director    ] Rule: High Usage, Free: 5266MB(34,3%)
[2024-02-14T16:50:42.208+0100][debug][gc,director    ] Rule: Proactive, AcceptableGCInterval: 21,360s, TimeSinceLastGC: 0,899s, TimeUntilGC: 20,461s
[2024-02-14T16:50:42.308+0100][debug][gc,alloc       ] Allocation Rate: 3432,0MB/s, Predicted: 3422,4MB/s, Avg: 3185,4(+/-126,9)MB/s
[2024-02-14T16:50:42.308+0100][debug][gc,director    ] Select GC Workers (Normal), AvoidLongGCWorkers: 0,216, AvoidOOMGCWorkers: 1,759, LastGCWorkers: 2,000, GCWorkers: 1,759
[2024-02-14T16:50:42.308+0100][debug][gc,director    ] Rule: Allocation Rate (Dynamic GC Workers), MaxAllocRate: 3840,0MB/s (+/-4,0%), Free: 4920MB, GCCPUTime: 2,164, GCDuration: 1,084s, TimeUntilOOM: 1,232s, TimeUntilGC: 0,048s, GCWorkers: 2 -> 2
[2024-02-14T16:50:42.308+0100][debug][gc,director    ] Rule: High Usage, Free: 4920MB(32,0%)
[2024-02-14T16:50:42.308+0100][debug][gc,director    ] Rule: Proactive, AcceptableGCInterval: 21,360s, TimeSinceLastGC: 0,999s, TimeUntilGC: 20,361s
[2024-02-14T16:50:42.407+0100][debug][gc,alloc       ] Allocation Rate: 3448,0MB/s, Predicted: 3483,9MB/s, Avg: 3228,0(+/-136,1)MB/s
[2024-02-14T16:50:42.407+0100][debug][gc,director    ] Select GC Workers (Normal), AvoidLongGCWorkers: 0,216, AvoidOOMGCWorkers: 1,942, LastGCWorkers: 2,000, GCWorkers: 1,942
[2024-02-14T16:50:42.407+0100][debug][gc,director    ] Rule: Allocation Rate (Dynamic GC Workers), MaxAllocRate: 3931,6MB/s (+/-4,2%), Free: 4574MB, GCCPUTime: 2,164, GCDuration: 1,084s, TimeUntilOOM: 1,116s, TimeUntilGC: -0,068s, GCWorkers: 2 -> 2
[2024-02-14T16:50:42.407+0100][debug][gc,heap        ] GC(38) Heap before GC invocations=38 (full 38):
[2024-02-14T16:50:42.407+0100][debug][gc,heap        ] GC(38)  ZHeap           used 10744M, capacity 14594M, max capacity 15360M
[2024-02-14T16:50:42.407+0100][debug][gc,heap        ] GC(38)  Metaspace       used 32037K, committed 32448K, reserved 1114112K
[2024-02-14T16:50:42.407+0100][debug][gc,heap        ] GC(38)   class space    used 3379K, committed 3584K, reserved 1048576K
[2024-02-14T16:50:42.407+0100][info ][gc,start       ] GC(38) Garbage Collection (Allocation Rate)
[2024-02-14T16:50:42.407+0100][info ][gc,task        ] GC(38) Using 2 workers
[2024-02-14T16:50:42.407+0100][debug][gc,phases,start] GC(38) Pause Mark Start
[2024-02-14T16:50:42.407+0100][debug][gc,marking     ] GC(38) Using 2 mark stripes
[2024-02-14T16:50:42.407+0100][debug][gc,marking     ] GC(38) Mark Worker/Stripe Distribution
[2024-02-14T16:50:42.407+0100][debug][gc,marking     ] GC(38)   Worker 0(2) -> Stripe 0(2)
[2024-02-14T16:50:42.407+0100][debug][gc,marking     ] GC(38)   Worker 1(2) -> Stripe 1(2)
[2024-02-14T16:50:42.407+0100][info ][gc,phases      ] GC(38) Pause Mark Start 0,061ms
[2024-02-14T16:50:42.407+0100][debug][gc,phases,start] GC(38) Concurrent Mark
[2024-02-14T16:50:42.407+0100][debug][gc,task        ] GC(38) Executing Task: XMarkRootsTask, Active Workers: 2
[2024-02-14T16:50:42.408+0100][debug][gc,tlab        ] GC(38) TLAB totals: thrds: 10  refills: 27145 max: 27111 slow allocs: 10 max 10 waste:  1,0% gc: 1296544B max: 260912B slow: 68556432B max: 68537592B
[2024-02-14T16:50:42.408+0100][debug][gc,task        ] GC(38) Executing Task: XMarkTask, Active Workers: 2
[2024-02-14T16:50:42.507+0100][debug][gc,alloc       ] Allocation Rate: 3430,0MB/s, Predicted: 3517,7MB/s, Avg: 3265,8(+/-134,4)MB/s
[2024-02-14T16:50:42.607+0100][debug][gc,alloc       ] Allocation Rate: 3412,0MB/s, Predicted: 3526,7MB/s, Avg: 3299,0(+/-125,1)MB/s
[2024-02-14T16:50:42.707+0100][debug][gc,alloc       ] Allocation Rate: 3386,0MB/s, Predicted: 3511,6MB/s, Avg: 3326,4(+/-110,3)MB/s
[2024-02-14T16:50:42.808+0100][debug][gc,alloc       ] Allocation Rate: 3362,0MB/s, Predicted: 3476,7MB/s, Avg: 3348,4(+/-91,7)MB/s
[2024-02-14T16:50:42.908+0100][debug][gc,alloc       ] Allocation Rate: 3336,0MB/s, Predicted: 3425,2MB/s, Avg: 3364,6(+/-71,5)MB/s
[2024-02-14T16:50:43.008+0100][debug][gc,alloc       ] Allocation Rate: 3310,0MB/s, Predicted: 3362,1MB/s, Avg: 3374,6(+/-54,1)MB/s
[2024-02-14T16:50:43.108+0100][debug][gc,alloc       ] Allocation Rate: 3282,0MB/s, Predicted: 3298,8MB/s, Avg: 3375,2(+/-53,0)MB/s
[2024-02-14T16:50:43.207+0100][debug][gc,alloc       ] Allocation Rate: 3218,0MB/s, Predicted: 3230,3MB/s, Avg: 3361,6(+/-71,1)MB/s
[2024-02-14T16:50:43.220+0100][info ][gc,phases      ] GC(38) Concurrent Mark 812,822ms
[2024-02-14T16:50:43.220+0100][debug][gc,phases,start] GC(38) Pause Mark End
[2024-02-14T16:50:43.220+0100][info ][gc,phases      ] GC(38) Pause Mark End 0,032ms
[2024-02-14T16:50:43.220+0100][debug][gc,phases,start] GC(38) Concurrent Mark Free
[2024-02-14T16:50:43.220+0100][info ][gc,phases      ] GC(38) Concurrent Mark Free 0,021ms
[2024-02-14T16:50:43.220+0100][debug][gc,phases,start] GC(38) Concurrent Process Non-Strong References
[2024-02-14T16:50:43.220+0100][debug][gc,phases,start] GC(38) Concurrent References Process
[2024-02-14T16:50:43.220+0100][debug][gc,task        ] GC(38) Executing Task: XReferenceProcessorTask, Active Workers: 2
[2024-02-14T16:50:43.224+0100][debug][gc,phases      ] GC(38) Concurrent References Process 3,949ms
[2024-02-14T16:50:43.224+0100][debug][gc,task        ] GC(38) Executing Task: XProcessWeakRootsTask, Active Workers: 2
[2024-02-14T16:50:43.225+0100][debug][gc,phases,start] GC(38) Concurrent Classes Unlink
[2024-02-14T16:50:43.225+0100][debug][gc,phases,start] GC(38) ClassLoaderData
[2024-02-14T16:50:43.225+0100][debug][gc,phases      ] GC(38) ClassLoaderData 0,051ms
[2024-02-14T16:50:43.225+0100][debug][gc,phases,start] GC(38) Trigger cleanups
[2024-02-14T16:50:43.225+0100][debug][gc,phases      ] GC(38) Trigger cleanups 0,005ms
[2024-02-14T16:50:43.225+0100][debug][gc,task        ] GC(38) Executing Task: XNMethodUnlinkTask, Active Workers: 2
[2024-02-14T16:50:43.227+0100][debug][gc,phases      ] GC(38) Concurrent Classes Unlink 2,263ms
[2024-02-14T16:50:43.227+0100][debug][gc,phases,start] GC(38) Concurrent Classes Purge
[2024-02-14T16:50:43.227+0100][debug][gc,phases      ] GC(38) Concurrent Classes Purge 0,020ms
[2024-02-14T16:50:43.227+0100][debug][gc,phases,start] GC(38) Concurrent References Enqueue
[2024-02-14T16:50:43.227+0100][debug][gc,phases      ] GC(38) Concurrent References Enqueue 0,007ms
[2024-02-14T16:50:43.227+0100][info ][gc,phases      ] GC(38) Concurrent Process Non-Strong References 6,674ms
[2024-02-14T16:50:43.227+0100][debug][gc,phases,start] GC(38) Concurrent Reset Relocation Set
[2024-02-14T16:50:43.227+0100][info ][gc,phases      ] GC(38) Concurrent Reset Relocation Set 0,108ms
[2024-02-14T16:50:43.227+0100][debug][gc,phases,start] GC(38) Concurrent Select Relocation Set
[2024-02-14T16:50:43.228+0100][debug][gc,task        ] GC(38) Executing Task: XRelocationSetInstallTask, Active Workers: 2
[2024-02-14T16:50:43.238+0100][info ][gc,phases      ] GC(38) Concurrent Select Relocation Set 10,277ms
[2024-02-14T16:50:43.238+0100][debug][gc,phases,start] GC(38) Pause Relocate Start
[2024-02-14T16:50:43.238+0100][info ][gc,phases      ] GC(38) Pause Relocate Start 0,026ms
[2024-02-14T16:50:43.238+0100][debug][gc,phases,start] GC(38) Concurrent Relocate
[2024-02-14T16:50:43.238+0100][debug][gc,task        ] GC(38) Executing Task: XRelocateTask, Active Workers: 2
[2024-02-14T16:50:43.307+0100][debug][gc,alloc       ] Allocation Rate: 3152,0MB/s, Predicted: 3165,2MB/s, Avg: 3333,6(+/-90,4)MB/s
[2024-02-14T16:50:43.353+0100][info ][gc,phases      ] GC(38) Concurrent Relocate 114,936ms
[2024-02-14T16:50:43.353+0100][debug][gc,heap        ] GC(38) Heap after GC invocations=39 (full 39):
[2024-02-14T16:50:43.353+0100][debug][gc,heap        ] GC(38)  ZHeap           used 6880M, capacity 14594M, max capacity 15360M
[2024-02-14T16:50:43.353+0100][debug][gc,heap        ] GC(38)  Metaspace       used 32037K, committed 32448K, reserved 1114112K
[2024-02-14T16:50:43.353+0100][debug][gc,heap        ] GC(38)   class space    used 3379K, committed 3584K, reserved 1048576K
[2024-02-14T16:50:43.353+0100][info ][gc,load        ] GC(38) Load: 3,34/1,95/1,77
[2024-02-14T16:50:43.353+0100][info ][gc,mmu         ] GC(38) MMU: 2ms/92,8%, 5ms/97,1%, 10ms/98,6%, 20ms/99,1%, 50ms/99,6%, 100ms/99,8%
[2024-02-14T16:50:43.353+0100][info ][gc,marking     ] GC(38) Mark: 2 stripe(s), 2 proactive flush(es), 1 terminate flush(es), 0 completion(s), 0 continuation(s) 
[2024-02-14T16:50:43.353+0100][info ][gc,marking     ] GC(38) Mark Stack Usage: 32M
[2024-02-14T16:50:43.353+0100][info ][gc,nmethod     ] GC(38) NMethods: 4250 registered, 1458 unregistered
[2024-02-14T16:50:43.353+0100][info ][gc,metaspace   ] GC(38) Metaspace: 31M used, 31M committed, 1088M reserved
[2024-02-14T16:50:43.353+0100][info ][gc,ref         ] GC(38) Soft: 3896 encountered, 0 discovered, 0 enqueued
[2024-02-14T16:50:43.353+0100][info ][gc,ref         ] GC(38) Weak: 2055 encountered, 88 discovered, 0 enqueued
[2024-02-14T16:50:43.353+0100][info ][gc,ref         ] GC(38) Final: 13301 encountered, 13301 discovered, 13301 enqueued
[2024-02-14T16:50:43.353+0100][info ][gc,ref         ] GC(38) Phantom: 13702 encountered, 13575 discovered, 13307 enqueued
[2024-02-14T16:50:43.353+0100][info ][gc,reloc       ] GC(38) Small Pages: 5356 / 10712M, Empty: 212M, Relocated: 391M, In-Place: 0
[2024-02-14T16:50:43.353+0100][info ][gc,reloc       ] GC(38) Medium Pages: 1 / 32M, Empty: 0M, Relocated: 0M, In-Place: 0
[2024-02-14T16:50:43.353+0100][info ][gc,reloc       ] GC(38) Large Pages: 0 / 0M, Empty: 0M, Relocated: 0M, In-Place: 0
[2024-02-14T16:50:43.353+0100][info ][gc,reloc       ] GC(38) Forwarding Usage: 173M
[2024-02-14T16:50:43.353+0100][info ][gc,heap        ] GC(38) Min Capacity: 5120M(33%)
[2024-02-14T16:50:43.353+0100][info ][gc,heap        ] GC(38) Max Capacity: 15360M(100%)
[2024-02-14T16:50:43.353+0100][info ][gc,heap        ] GC(38) Soft Max Capacity: 15360M(100%)
[2024-02-14T16:50:43.353+0100][info ][gc,heap        ] GC(38)                Mark Start          Mark End        Relocate Start      Relocate End           High               Low         
[2024-02-14T16:50:43.353+0100][info ][gc,heap        ] GC(38)  Capacity:    14594M (95%)       14594M (95%)       14594M (95%)       14594M (95%)       14594M (95%)       14594M (95%)    
[2024-02-14T16:50:43.353+0100][info ][gc,heap        ] GC(38)      Free:     4616M (30%)        2054M (13%)        2212M (14%)        8480M (55%)        8486M (55%)        2030M (13%)    
[2024-02-14T16:50:43.353+0100][info ][gc,heap        ] GC(38)      Used:    10744M (70%)       13306M (87%)       13148M (86%)        6880M (45%)       13330M (87%)        6874M (45%)    
[2024-02-14T16:50:43.353+0100][info ][gc,heap        ] GC(38)      Live:         -              3708M (24%)        3708M (24%)        3708M (24%)            -                  -          
[2024-02-14T16:50:43.353+0100][info ][gc,heap        ] GC(38) Allocated:         -              2562M (17%)        2616M (17%)        2931M (19%)            -                  -          
[2024-02-14T16:50:43.353+0100][info ][gc,heap        ] GC(38)   Garbage:         -              7035M (46%)        6823M (44%)         239M (2%)             -                  -          
[2024-02-14T16:50:43.353+0100][info ][gc,heap        ] GC(38) Reclaimed:         -                  -               212M (1%)         6795M (44%)            -                  -          
[2024-02-14T16:50:43.353+0100][info ][gc             ] GC(38) Garbage Collection (Allocation Rate) 10744M(70%)->6880M(45%)
[2024-02-14T16:50:43.407+0100][debug][gc,alloc       ] Allocation Rate: 3112,0MB/s, Predicted: 3107,1MB/s, Avg: 3300,0(+/-103,1)MB/s
[2024-02-14T16:50:43.407+0100][debug][gc,director    ] Select GC Workers (Try Lowering), AvoidLongGCWorkers: 0,215, AvoidOOMGCWorkers: 0,977, NextAvoidOOMGCWorkers: 1,992, LastGCWorkers: 2,000, GCWorkers: 2,000
[2024-02-14T16:50:43.407+0100][debug][gc,director    ] Rule: Allocation Rate (Dynamic GC Workers), MaxAllocRate: 3639,4MB/s (+/-3,1%), Free: 8258MB, GCCPUTime: 2,151, GCDuration: 1,077s, TimeUntilOOM: 2,200s, TimeUntilGC: 1,023s, GCWorkers: 2 -> 2
[2024-02-14T16:50:43.407+0100][debug][gc,director    ] Rule: High Usage, Free: 8258MB(53,8%)
[2024-02-14T16:50:43.407+0100][debug][gc,director    ] Rule: Proactive, UsedUntilEnabled: 1356MB, TimeUntilEnabled: 299,945s
[2024-02-14T16:50:43.507+0100][debug][gc,alloc       ] Allocation Rate: 3124,0MB/s, Predicted: 3071,3MB/s, Avg: 3269,4(+/-105,4)MB/s
[2024-02-14T16:50:43.507+0100][debug][gc,director    ] Select GC Workers (Normal), AvoidLongGCWorkers: 0,215, AvoidOOMGCWorkers: 1,013, LastGCWorkers: 2,000, GCWorkers: 1,013
[2024-02-14T16:50:43.507+0100][debug][gc,director    ] Rule: Allocation Rate (Dynamic GC Workers), MaxAllocRate: 3616,2MB/s (+/-3,2%), Free: 7926MB, GCCPUTime: 2,151, GCDuration: 1,077s, TimeUntilOOM: 2,123s, TimeUntilGC: 0,946s, GCWorkers: 2 -> 2
[2024-02-14T16:50:43.507+0100][debug][gc,director    ] Rule: High Usage, Free: 7926MB(51,6%)
[2024-02-14T16:50:43.507+0100][debug][gc,director    ] Rule: Proactive, UsedUntilEnabled: 1024MB, TimeUntilEnabled: 299,845s
[2024-02-14T16:50:43.608+0100][debug][gc,alloc       ] Allocation Rate: 3144,0MB/s, Predicted: 3059,2MB/s, Avg: 3242,6(+/-99,6)MB/s
[2024-02-14T16:50:43.608+0100][debug][gc,director    ] Select GC Workers (Normal), AvoidLongGCWorkers: 0,215, AvoidOOMGCWorkers: 1,044, LastGCWorkers: 2,000, GCWorkers: 1,044
[2024-02-14T16:50:43.608+0100][debug][gc,director    ] Rule: Allocation Rate (Dynamic GC Workers), MaxAllocRate: 3570,5MB/s (+/-3,1%), Free: 7584MB, GCCPUTime: 2,151, GCDuration: 1,077s, TimeUntilOOM: 2,061s, TimeUntilGC: 0,884s, GCWorkers: 2 -> 2
[2024-02-14T16:50:43.608+0100][debug][gc,director    ] Rule: High Usage, Free: 7584MB(49,4%)
[2024-02-14T16:50:43.608+0100][debug][gc,director    ] Rule: Proactive, UsedUntilEnabled: 682MB, TimeUntilEnabled: 299,745s
[2024-02-14T16:50:43.708+0100][debug][gc,alloc       ] Allocation Rate: 3160,0MB/s, Predicted: 3064,4MB/s, Avg: 3220,0(+/-89,7)MB/s
[2024-02-14T16:50:43.708+0100][debug][gc,director    ] Select GC Workers (Normal), AvoidLongGCWorkers: 0,215, AvoidOOMGCWorkers: 1,072, LastGCWorkers: 2,000, GCWorkers: 1,072
[2024-02-14T16:50:43.708+0100][debug][gc,director    ] Rule: Allocation Rate (Dynamic GC Workers), MaxAllocRate: 3515,1MB/s (+/-2,8%), Free: 7250MB, GCCPUTime: 2,151, GCDuration: 1,077s, TimeUntilOOM: 2,007s, TimeUntilGC: 0,830s, GCWorkers: 2 -> 2
[2024-02-14T16:50:43.708+0100][debug][gc,director    ] Rule: High Usage, Free: 7250MB(47,2%)
[2024-02-14T16:50:43.708+0100][debug][gc,director    ] Rule: Proactive, UsedUntilEnabled: 348MB, TimeUntilEnabled: 299,645s
[2024-02-14T16:50:43.808+0100][debug][gc,alloc       ] Allocation Rate: 3184,0MB/s, Predicted: 3087,9MB/s, Avg: 3202,2(+/-76,4)MB/s
[2024-02-14T16:50:43.808+0100][debug][gc,director    ] Select GC Workers (Normal), AvoidLongGCWorkers: 0,215, AvoidOOMGCWorkers: 1,101, LastGCWorkers: 2,000, GCWorkers: 1,101
[2024-02-14T16:50:43.808+0100][debug][gc,director    ] Rule: Allocation Rate (Dynamic GC Workers), MaxAllocRate: 3453,7MB/s (+/-2,4%), Free: 6908MB, GCCPUTime: 2,151, GCDuration: 1,077s, TimeUntilOOM: 1,954s, TimeUntilGC: 0,777s, GCWorkers: 2 -> 2
[2024-02-14T16:50:43.808+0100][debug][gc,director    ] Rule: High Usage, Free: 6906MB(45,0%)
[2024-02-14T16:50:43.808+0100][debug][gc,director    ] Rule: Proactive, UsedUntilEnabled: 4MB, TimeUntilEnabled: 299,545s
[2024-02-14T16:50:43.907+0100][debug][gc,alloc       ] Allocation Rate: 3212,0MB/s, Predicted: 3127,5MB/s, Avg: 3189,8(+/-62,5)MB/s
[2024-02-14T16:50:43.907+0100][debug][gc,director    ] Select GC Workers (Normal), AvoidLongGCWorkers: 0,215, AvoidOOMGCWorkers: 1,136, LastGCWorkers: 2,000, GCWorkers: 1,136
[2024-02-14T16:50:43.907+0100][debug][gc,director    ] Rule: Allocation Rate (Dynamic GC Workers), MaxAllocRate: 3395,5MB/s (+/-2,0%), Free: 6558MB, GCCPUTime: 2,151, GCDuration: 1,077s, TimeUntilOOM: 1,894s, TimeUntilGC: 0,717s, GCWorkers: 2 -> 2
[2024-02-14T16:50:43.907+0100][debug][gc,director    ] Rule: High Usage, Free: 6558MB(42,7%)
[2024-02-14T16:50:43.907+0100][debug][gc,director    ] Rule: Proactive, AcceptableGCInterval: 21,202s, TimeSinceLastGC: 0,554s, TimeUntilGC: 20,647s
[2024-02-14T16:50:44.007+0100][debug][gc,alloc       ] Allocation Rate: 3236,0MB/s, Predicted: 3178,0MB/s, Avg: 3182,4(+/-51,2)MB/s
[2024-02-14T16:50:44.007+0100][debug][gc,director    ] Select GC Workers (Normal), AvoidLongGCWorkers: 0,215, AvoidOOMGCWorkers: 1,179, LastGCWorkers: 2,000, GCWorkers: 1,179
[2024-02-14T16:50:44.007+0100][debug][gc,director    ] Rule: Allocation Rate (Dynamic GC Workers), MaxAllocRate: 3350,8MB/s (+/-1,6%), Free: 6214MB, GCCPUTime: 2,151, GCDuration: 1,077s, TimeUntilOOM: 1,825s, TimeUntilGC: 0,648s, GCWorkers: 2 -> 2
[2024-02-14T16:50:44.007+0100][debug][gc,director    ] Rule: High Usage, Free: 6212MB(40,4%)
[2024-02-14T16:50:44.007+0100][debug][gc,director    ] Rule: Proactive, AcceptableGCInterval: 21,202s, TimeSinceLastGC: 0,655s, TimeUntilGC: 20,547s
[2024-02-14T16:50:44.107+0100][debug][gc,alloc       ] Allocation Rate: 3264,0MB/s, Predicted: 3237,2MB/s, Avg: 3180,6(+/-47,9)MB/s
[2024-02-14T16:50:44.107+0100][debug][gc,director    ] Select GC Workers (Normal), AvoidLongGCWorkers: 0,215, AvoidOOMGCWorkers: 1,263, LastGCWorkers: 2,000, GCWorkers: 1,263
[2024-02-14T16:50:44.107+0100][debug][gc,director    ] Rule: Allocation Rate (Dynamic GC Workers), MaxAllocRate: 3394,7MB/s (+/-1,5%), Free: 5868MB, GCCPUTime: 2,151, GCDuration: 1,077s, TimeUntilOOM: 1,703s, TimeUntilGC: 0,526s, GCWorkers: 2 -> 2
[2024-02-14T16:50:44.107+0100][debug][gc,director    ] Rule: High Usage, Free: 5868MB(38,2%)
[2024-02-14T16:50:44.107+0100][debug][gc,director    ] Rule: Proactive, AcceptableGCInterval: 21,202s, TimeSinceLastGC: 0,755s, TimeUntilGC: 20,447s
[2024-02-14T16:50:44.207+0100][debug][gc,alloc       ] Allocation Rate: 3320,0MB/s, Predicted: 3302,9MB/s, Avg: 3190,8(+/-63,2)MB/s
[2024-02-14T16:50:44.208+0100][debug][gc,director    ] Select GC Workers (Normal), AvoidLongGCWorkers: 0,215, AvoidOOMGCWorkers: 1,395, LastGCWorkers: 2,000, GCWorkers: 1,395
[2024-02-14T16:50:44.208+0100][debug][gc,director    ] Rule: Allocation Rate (Dynamic GC Workers), MaxAllocRate: 3510,8MB/s (+/-2,0%), Free: 5522MB, GCCPUTime: 2,151, GCDuration: 1,077s, TimeUntilOOM: 1,542s, TimeUntilGC: 0,365s, GCWorkers: 2 -> 2
[2024-02-14T16:50:44.208+0100][debug][gc,director    ] Rule: High Usage, Free: 5522MB(36,0%)
[2024-02-14T16:50:44.208+0100][debug][gc,director    ] Rule: Proactive, AcceptableGCInterval: 21,202s, TimeSinceLastGC: 0,855s, TimeUntilGC: 20,347s
[2024-02-14T16:50:44.308+0100][debug][gc,alloc       ] Allocation Rate: 3388,0MB/s, Predicted: 3371,5MB/s, Avg: 3214,4(+/-84,7)MB/s
[2024-02-14T16:50:44.308+0100][debug][gc,director    ] Select GC Workers (Normal), AvoidLongGCWorkers: 0,215, AvoidOOMGCWorkers: 1,558, LastGCWorkers: 2,000, GCWorkers: 1,558
[2024-02-14T16:50:44.308+0100][debug][gc,director    ] Rule: Allocation Rate (Dynamic GC Workers), MaxAllocRate: 3650,1MB/s (+/-2,6%), Free: 5176MB, GCCPUTime: 2,151, GCDuration: 1,077s, TimeUntilOOM: 1,382s, TimeUntilGC: 0,205s, GCWorkers: 2 -> 2
[2024-02-14T16:50:44.308+0100][debug][gc,director    ] Rule: High Usage, Free: 5176MB(33,7%)
[2024-02-14T16:50:44.308+0100][debug][gc,director    ] Rule: Proactive, AcceptableGCInterval: 21,202s, TimeSinceLastGC: 0,955s, TimeUntilGC: 20,247s
[2024-02-14T16:50:44.408+0100][debug][gc,alloc       ] Allocation Rate: 3426,0MB/s, Predicted: 3428,8MB/s, Avg: 3245,8(+/-98,1)MB/s
[2024-02-14T16:50:44.408+0100][debug][gc,director    ] Select GC Workers (Normal), AvoidLongGCWorkers: 0,215, AvoidOOMGCWorkers: 1,722, LastGCWorkers: 2,000, GCWorkers: 1,722
[2024-02-14T16:50:44.408+0100][debug][gc,director    ] Rule: Allocation Rate (Dynamic GC Workers), MaxAllocRate: 3751,5MB/s (+/-3,0%), Free: 4832MB, GCCPUTime: 2,151, GCDuration: 1,077s, TimeUntilOOM: 1,250s, TimeUntilGC: 0,073s, GCWorkers: 2 -> 2
[2024-02-14T16:50:44.408+0100][debug][gc,director    ] Rule: High Usage, Free: 4832MB(31,5%)
[2024-02-14T16:50:44.408+0100][debug][gc,director    ] Rule: Proactive, AcceptableGCInterval: 21,202s, TimeSinceLastGC: 1,055s, TimeUntilGC: 20,147s
[2024-02-14T16:50:44.508+0100][debug][gc,alloc       ] Allocation Rate: 3436,0MB/s, Predicted: 3472,4MB/s, Avg: 3277,0(+/-103,8)MB/s
[2024-02-14T16:50:44.508+0100][debug][gc,director    ] Select GC Workers (Normal), AvoidLongGCWorkers: 0,215, AvoidOOMGCWorkers: 1,887, LastGCWorkers: 2,000, GCWorkers: 1,887
[2024-02-14T16:50:44.508+0100][debug][gc,director    ] Rule: Allocation Rate (Dynamic GC Workers), MaxAllocRate: 3814,0MB/s (+/-3,2%), Free: 4490MB, GCCPUTime: 2,151, GCDuration: 1,077s, TimeUntilOOM: 1,141s, TimeUntilGC: -0,036s, GCWorkers: 2 -> 2
[2024-02-14T16:50:44.508+0100][debug][gc,heap        ] GC(39) Heap before GC invocations=39 (full 39):
[2024-02-14T16:50:44.508+0100][debug][gc,heap        ] GC(39)  ZHeap           used 10828M, capacity 14594M, max capacity 15360M
[2024-02-14T16:50:44.508+0100][debug][gc,heap        ] GC(39)  Metaspace       used 32037K, committed 32448K, reserved 1114112K
[2024-02-14T16:50:44.508+0100][debug][gc,heap        ] GC(39)   class space    used 3379K, committed 3584K, reserved 1048576K
[2024-02-14T16:50:44.508+0100][info ][gc,start       ] GC(39) Garbage Collection (Allocation Rate)
[2024-02-14T16:50:44.508+0100][info ][gc,task        ] GC(39) Using 2 workers
[2024-02-14T16:50:44.508+0100][debug][gc,phases,start] GC(39) Pause Mark Start
[2024-02-14T16:50:44.508+0100][debug][gc,marking     ] GC(39) Using 2 mark stripes
[2024-02-14T16:50:44.508+0100][debug][gc,marking     ] GC(39) Mark Worker/Stripe Distribution
[2024-02-14T16:50:44.508+0100][debug][gc,marking     ] GC(39)   Worker 0(2) -> Stripe 0(2)
[2024-02-14T16:50:44.508+0100][debug][gc,marking     ] GC(39)   Worker 1(2) -> Stripe 1(2)
[2024-02-14T16:50:44.508+0100][info ][gc,phases      ] GC(39) Pause Mark Start 0,063ms
[2024-02-14T16:50:44.508+0100][debug][gc,phases,start] GC(39) Concurrent Mark
[2024-02-14T16:50:44.508+0100][debug][gc,task        ] GC(39) Executing Task: XMarkRootsTask, Active Workers: 2
[2024-02-14T16:50:44.509+0100][debug][gc,tlab        ] GC(39) TLAB totals: thrds: 9  refills: 27477 max: 27444 slow allocs: 7 max 7 waste:  1,0% gc: 1030616B max: 262008B slow: 69551048B max: 69532672B
[2024-02-14T16:50:44.509+0100][debug][gc,task        ] GC(39) Executing Task: XMarkTask, Active Workers: 2
[2024-02-14T16:50:44.607+0100][debug][gc,alloc       ] Allocation Rate: 3422,0MB/s, Predicted: 3494,9MB/s, Avg: 3304,8(+/-101,7)MB/s
[2024-02-14T16:50:44.707+0100][debug][gc,alloc       ] Allocation Rate: 3408,0MB/s, Predicted: 3497,6MB/s, Avg: 3329,6(+/-93,2)MB/s
[2024-02-14T16:50:44.807+0100][debug][gc,alloc       ] Allocation Rate: 3386,0MB/s, Predicted: 3481,3MB/s, Avg: 3349,8(+/-80,5)MB/s
[2024-02-14T16:50:44.907+0100][debug][gc,alloc       ] Allocation Rate: 3352,0MB/s, Predicted: 3445,5MB/s, Avg: 3363,8(+/-66,2)MB/s
[2024-02-14T16:50:45.008+0100][debug][gc,alloc       ] Allocation Rate: 3322,0MB/s, Predicted: 3394,7MB/s, Avg: 3372,4(+/-53,4)MB/s
[2024-02-14T16:50:45.108+0100][debug][gc,alloc       ] Allocation Rate: 3286,0MB/s, Predicted: 3331,2MB/s, Avg: 3374,6(+/-49,2)MB/s
[2024-02-14T16:50:45.208+0100][debug][gc,alloc       ] Allocation Rate: 3260,0MB/s, Predicted: 3270,8MB/s, Avg: 3368,6(+/-58,3)MB/s
[2024-02-14T16:50:45.308+0100][debug][gc,alloc       ] Allocation Rate: 3188,0MB/s, Predicted: 3203,7MB/s, Avg: 3348,6(+/-78,9)MB/s
[2024-02-14T16:50:45.308+0100][info ][gc,stats       ] === Garbage Collection Statistics =======================================================================================================================
[2024-02-14T16:50:45.308+0100][info ][gc,stats       ]                                                              Last 10s              Last 10m              Last 10h                Total
[2024-02-14T16:50:45.308+0100][info ][gc,stats       ]                                                              Avg / Max             Avg / Max             Avg / Max             Avg / Max
[2024-02-14T16:50:45.308+0100][info ][gc,stats       ]   Collector: Garbage Collection Cycle                   1009,865 / 1046,751    591,373 / 1265,002    591,373 / 1265,002    591,373 / 1265,002    ms
[2024-02-14T16:50:45.308+0100][info ][gc,stats       ]  Contention: Mark Segment Reset Contention                     0 / 1                 1 / 70                1 / 70                1 / 70          ops/s
[2024-02-14T16:50:45.308+0100][info ][gc,stats       ]  Contention: Mark SeqNum Reset Contention                      0 / 0                 0 / 1                 0 / 1                 0 / 1           ops/s
[2024-02-14T16:50:45.308+0100][info ][gc,stats       ]    Critical: Allocation Stall                                  0 / 0                 0 / 0                 0 / 0                 0 / 0           ops/s
[2024-02-14T16:50:45.308+0100][info ][gc,stats       ]    Critical: Allocation Stall                              0,000 / 0,000         0,000 / 0,000         0,000 / 0,000         0,000 / 0,000       ms
[2024-02-14T16:50:45.308+0100][info ][gc,stats       ]    Critical: GC Locker Stall                                   0 / 0                 0 / 1                 0 / 1                 0 / 1           ops/s
[2024-02-14T16:50:45.308+0100][info ][gc,stats       ]    Critical: GC Locker Stall                               0,000 / 0,000         0,081 / 0,094         0,081 / 0,094         0,081 / 0,094       ms
[2024-02-14T16:50:45.308+0100][info ][gc,stats       ]    Critical: Relocation Stall                                  0 / 0                 0 / 0                 0 / 0                 0 / 0           ops/s
[2024-02-14T16:50:45.308+0100][info ][gc,stats       ]    Critical: Relocation Stall                              0,000 / 0,000         0,000 / 0,000         0,000 / 0,000         0,000 / 0,000       ms
[2024-02-14T16:50:45.308+0100][info ][gc,stats       ]      Memory: Allocation Rate                                3197 / 3432           2973 / 4428           2973 / 4428           2973 / 4428        MB/s
[2024-02-14T16:50:45.308+0100][info ][gc,stats       ]      Memory: Defragment                                        0 / 0                 0 / 0                 0 / 0                 0 / 0           ops/s
[2024-02-14T16:50:45.308+0100][info ][gc,stats       ]      Memory: Out Of Memory                                     0 / 0                 0 / 0                 0 / 0                 0 / 0           ops/s
[2024-02-14T16:50:45.308+0100][info ][gc,stats       ]      Memory: Page Cache Flush                                  0 / 0                 0 / 0                 0 / 0                 0 / 0           MB/s
[2024-02-14T16:50:45.308+0100][info ][gc,stats       ]      Memory: Page Cache Hit L1                              1676 / 1766           1480 / 2414           1480 / 2414           1480 / 2414        ops/s
[2024-02-14T16:50:45.308+0100][info ][gc,stats       ]      Memory: Page Cache Hit L2                                 0 / 0                 0 / 0                 0 / 0                 0 / 0           ops/s
[2024-02-14T16:50:45.308+0100][info ][gc,stats       ]      Memory: Page Cache Hit L3                                 0 / 0                23 / 915              23 / 915              23 / 915         ops/s
[2024-02-14T16:50:45.308+0100][info ][gc,stats       ]      Memory: Page Cache Miss                                   0 / 0                43 / 600              43 / 600              43 / 600         ops/s
[2024-02-14T16:50:45.308+0100][info ][gc,stats       ]      Memory: Uncommit                                          0 / 0                 0 / 0                 0 / 0                 0 / 0           MB/s
[2024-02-14T16:50:45.308+0100][info ][gc,stats       ]      Memory: Undo Object Allocation Failed                     0 / 0                 0 / 0                 0 / 0                 0 / 0           ops/s
[2024-02-14T16:50:45.308+0100][info ][gc,stats       ]      Memory: Undo Object Allocation Succeeded                  0 / 0                 0 / 14                0 / 14                0 / 14          ops/s
[2024-02-14T16:50:45.308+0100][info ][gc,stats       ]      Memory: Undo Page Allocation                              0 / 0                 0 / 31                0 / 31                0 / 31          ops/s
[2024-02-14T16:50:45.308+0100][info ][gc,stats       ]       Phase: Concurrent Mark                             874,645 / 912,405     478,427 / 979,889     478,427 / 979,889     478,427 / 979,889     ms
[2024-02-14T16:50:45.308+0100][info ][gc,stats       ]       Phase: Concurrent Mark Continue                      0,000 / 0,000         0,000 / 0,000         0,000 / 0,000         0,000 / 0,000       ms
[2024-02-14T16:50:45.308+0100][info ][gc,stats       ]       Phase: Concurrent Mark Free                          0,016 / 0,027         0,113 / 1,509         0,113 / 1,509         0,113 / 1,509       ms
[2024-02-14T16:50:45.308+0100][info ][gc,stats       ]       Phase: Concurrent Process Non-Strong References      7,191 / 8,453         8,863 / 16,291        8,863 / 16,291        8,863 / 16,291      ms
[2024-02-14T16:50:45.308+0100][info ][gc,stats       ]       Phase: Concurrent Relocate                         116,131 / 125,596      91,151 / 441,476      91,151 / 441,476      91,151 / 441,476     ms
[2024-02-14T16:50:45.308+0100][info ][gc,stats       ]       Phase: Concurrent Reset Relocation Set               0,116 / 0,150         0,094 / 0,235         0,094 / 0,235         0,094 / 0,235       ms
[2024-02-14T16:50:45.308+0100][info ][gc,stats       ]       Phase: Concurrent Select Relocation Set             11,007 / 14,161       11,716 / 96,956       11,716 / 96,956       11,716 / 96,956      ms
[2024-02-14T16:50:45.308+0100][info ][gc,stats       ]       Phase: Pause Mark End                                0,036 / 0,043         0,039 / 0,067         0,039 / 0,067         0,039 / 0,067       ms
[2024-02-14T16:50:45.308+0100][info ][gc,stats       ]       Phase: Pause Mark Start                              0,063 / 0,067         0,070 / 0,144         0,070 / 0,144         0,070 / 0,144       ms
[2024-02-14T16:50:45.308+0100][info ][gc,stats       ]       Phase: Pause Relocate Start                          0,032 / 0,037         0,034 / 0,054         0,034 / 0,054         0,034 / 0,054       ms
[2024-02-14T16:50:45.308+0100][info ][gc,stats       ]    Subphase: Concurrent Classes Purge                      0,018 / 0,024         0,531 / 5,566         0,531 / 5,566         0,531 / 5,566       ms
[2024-02-14T16:50:45.308+0100][info ][gc,stats       ]    Subphase: Concurrent Classes Unlink                     2,418 / 2,953         2,849 / 6,276         2,849 / 6,276         2,849 / 6,276       ms
[2024-02-14T16:50:45.308+0100][info ][gc,stats       ]    Subphase: Concurrent Mark                             873,221 / 911,106     438,447 / 979,011     438,447 / 979,011     438,447 / 979,011     ms
[2024-02-14T16:50:45.308+0100][info ][gc,stats       ]    Subphase: Concurrent Mark Try Flush                     0,093 / 0,169         0,230 / 16,348        0,230 / 16,348        0,230 / 16,348      ms
[2024-02-14T16:50:45.308+0100][info ][gc,stats       ]    Subphase: Concurrent Mark Try Terminate                 0,739 / 1,156         0,835 / 1,342         0,835 / 1,342         0,835 / 1,342       ms
[2024-02-14T16:50:45.308+0100][info ][gc,stats       ]    Subphase: Concurrent References Enqueue                 0,009 / 0,015         0,009 / 0,015         0,009 / 0,015         0,009 / 0,015       ms
[2024-02-14T16:50:45.308+0100][info ][gc,stats       ]    Subphase: Concurrent References Process                 4,285 / 4,967         4,806 / 10,523        4,806 / 10,523        4,806 / 10,523      ms
[2024-02-14T16:50:45.308+0100][info ][gc,stats       ]    Subphase: Concurrent Roots ClassLoaderDataGraph         0,071 / 0,136         0,083 / 0,310         0,083 / 0,310         0,083 / 0,310       ms
[2024-02-14T16:50:45.308+0100][info ][gc,stats       ]    Subphase: Concurrent Roots CodeCache                    0,000 / 0,000         0,000 / 0,000         0,000 / 0,000         0,000 / 0,000       ms
[2024-02-14T16:50:45.308+0100][info ][gc,stats       ]    Subphase: Concurrent Roots JavaThreads                  0,561 / 1,073         0,633 / 1,932         0,633 / 1,932         0,633 / 1,932       ms
[2024-02-14T16:50:45.308+0100][info ][gc,stats       ]    Subphase: Concurrent Roots OopStorageSet                0,025 / 0,034         0,098 / 0,964         0,098 / 0,964         0,098 / 0,964       ms
[2024-02-14T16:50:45.308+0100][info ][gc,stats       ]    Subphase: Concurrent Weak Roots OopStorageSet           0,198 / 0,255         0,228 / 0,778         0,228 / 0,778         0,228 / 0,778       ms
[2024-02-14T16:50:45.308+0100][info ][gc,stats       ]    Subphase: Pause Mark Try Complete                       0,000 / 0,000         0,000 / 0,000         0,000 / 0,000         0,000 / 0,000       ms
[2024-02-14T16:50:45.308+0100][info ][gc,stats       ]      System: Java Threads                                     43 / 43               41 / 46               41 / 46               41 / 46          threads
[2024-02-14T16:50:45.308+0100][info ][gc,stats       ] =========================================================================================================================================================
[2024-02-14T16:50:45.321+0100][info ][gc,phases      ] GC(39) Concurrent Mark 812,343ms
[2024-02-14T16:50:45.321+0100][debug][gc,phases,start] GC(39) Pause Mark End
[2024-02-14T16:50:45.321+0100][info ][gc,phases      ] GC(39) Pause Mark End 0,031ms
[2024-02-14T16:50:45.321+0100][debug][gc,phases,start] GC(39) Concurrent Mark Free
[2024-02-14T16:50:45.321+0100][info ][gc,phases      ] GC(39) Concurrent Mark Free 0,019ms
[2024-02-14T16:50:45.321+0100][debug][gc,phases,start] GC(39) Concurrent Process Non-Strong References
[2024-02-14T16:50:45.321+0100][debug][gc,phases,start] GC(39) Concurrent References Process
[2024-02-14T16:50:45.321+0100][debug][gc,task        ] GC(39) Executing Task: XReferenceProcessorTask, Active Workers: 2
[2024-02-14T16:50:45.325+0100][debug][gc,phases      ] GC(39) Concurrent References Process 3,825ms
[2024-02-14T16:50:45.325+0100][debug][gc,task        ] GC(39) Executing Task: XProcessWeakRootsTask, Active Workers: 2
[2024-02-14T16:50:45.325+0100][debug][gc,phases,start] GC(39) Concurrent Classes Unlink
[2024-02-14T16:50:45.325+0100][debug][gc,phases,start] GC(39) ClassLoaderData
[2024-02-14T16:50:45.325+0100][debug][gc,phases      ] GC(39) ClassLoaderData 0,033ms
[2024-02-14T16:50:45.325+0100][debug][gc,phases,start] GC(39) Trigger cleanups
[2024-02-14T16:50:45.325+0100][debug][gc,phases      ] GC(39) Trigger cleanups 0,005ms
[2024-02-14T16:50:45.325+0100][debug][gc,task        ] GC(39) Executing Task: XNMethodUnlinkTask, Active Workers: 2
[2024-02-14T16:50:45.327+0100][debug][gc,phases      ] GC(39) Concurrent Classes Unlink 2,192ms
[2024-02-14T16:50:45.327+0100][debug][gc,phases,start] GC(39) Concurrent Classes Purge
[2024-02-14T16:50:45.327+0100][debug][gc,phases      ] GC(39) Concurrent Classes Purge 0,019ms
[2024-02-14T16:50:45.327+0100][debug][gc,phases,start] GC(39) Concurrent References Enqueue
[2024-02-14T16:50:45.327+0100][debug][gc,phases      ] GC(39) Concurrent References Enqueue 0,006ms
[2024-02-14T16:50:45.327+0100][info ][gc,phases      ] GC(39) Concurrent Process Non-Strong References 6,525ms
[2024-02-14T16:50:45.327+0100][debug][gc,phases,start] GC(39) Concurrent Reset Relocation Set
[2024-02-14T16:50:45.328+0100][info ][gc,phases      ] GC(39) Concurrent Reset Relocation Set 0,102ms
[2024-02-14T16:50:45.328+0100][debug][gc,phases,start] GC(39) Concurrent Select Relocation Set
[2024-02-14T16:50:45.329+0100][debug][gc,task        ] GC(39) Executing Task: XRelocationSetInstallTask, Active Workers: 2
[2024-02-14T16:50:45.337+0100][info ][gc,phases      ] GC(39) Concurrent Select Relocation Set 9,477ms
[2024-02-14T16:50:45.337+0100][debug][gc,phases,start] GC(39) Pause Relocate Start
[2024-02-14T16:50:45.337+0100][info ][gc,phases      ] GC(39) Pause Relocate Start 0,031ms
[2024-02-14T16:50:45.337+0100][debug][gc,phases,start] GC(39) Concurrent Relocate
[2024-02-14T16:50:45.337+0100][debug][gc,task        ] GC(39) Executing Task: XRelocateTask, Active Workers: 2
[2024-02-14T16:50:45.407+0100][debug][gc,alloc       ] Allocation Rate: 3116,0MB/s, Predicted: 3131,3MB/s, Avg: 3317,6(+/-100,4)MB/s
[2024-02-14T16:50:45.449+0100][info ][gc,phases      ] GC(39) Concurrent Relocate 111,334ms
[2024-02-14T16:50:45.449+0100][debug][gc,heap        ] GC(39) Heap after GC invocations=40 (full 40):
[2024-02-14T16:50:45.449+0100][debug][gc,heap        ] GC(39)  ZHeap           used 6834M, capacity 14594M, max capacity 15360M
[2024-02-14T16:50:45.449+0100][debug][gc,heap        ] GC(39)  Metaspace       used 32037K, committed 32448K, reserved 1114112K
[2024-02-14T16:50:45.449+0100][debug][gc,heap        ] GC(39)   class space    used 3379K, committed 3584K, reserved 1048576K
[2024-02-14T16:50:45.449+0100][info ][gc,load        ] GC(39) Load: 3,34/1,95/1,77
[2024-02-14T16:50:45.449+0100][info ][gc,mmu         ] GC(39) MMU: 2ms/92,8%, 5ms/97,1%, 10ms/98,6%, 20ms/99,1%, 50ms/99,6%, 100ms/99,8%
[2024-02-14T16:50:45.449+0100][info ][gc,marking     ] GC(39) Mark: 2 stripe(s), 6 proactive flush(es), 1 terminate flush(es), 0 completion(s), 0 continuation(s) 
[2024-02-14T16:50:45.449+0100][info ][gc,marking     ] GC(39) Mark Stack Usage: 32M
[2024-02-14T16:50:45.449+0100][info ][gc,nmethod     ] GC(39) NMethods: 4252 registered, 1458 unregistered
[2024-02-14T16:50:45.449+0100][info ][gc,metaspace   ] GC(39) Metaspace: 31M used, 31M committed, 1088M reserved
[2024-02-14T16:50:45.449+0100][info ][gc,ref         ] GC(39) Soft: 3896 encountered, 0 discovered, 0 enqueued
[2024-02-14T16:50:45.449+0100][info ][gc,ref         ] GC(39) Weak: 2055 encountered, 714 discovered, 0 enqueued
[2024-02-14T16:50:45.449+0100][info ][gc,ref         ] GC(39) Final: 13469 encountered, 13469 discovered, 13469 enqueued
[2024-02-14T16:50:45.449+0100][info ][gc,ref         ] GC(39) Phantom: 13871 encountered, 13863 discovered, 13476 enqueued
[2024-02-14T16:50:45.449+0100][info ][gc,reloc       ] GC(39) Small Pages: 5398 / 10796M, Empty: 236M, Relocated: 404M, In-Place: 0
[2024-02-14T16:50:45.449+0100][info ][gc,reloc       ] GC(39) Medium Pages: 1 / 32M, Empty: 0M, Relocated: 0M, In-Place: 0
[2024-02-14T16:50:45.449+0100][info ][gc,reloc       ] GC(39) Large Pages: 0 / 0M, Empty: 0M, Relocated: 0M, In-Place: 0
[2024-02-14T16:50:45.449+0100][info ][gc,reloc       ] GC(39) Forwarding Usage: 176M
[2024-02-14T16:50:45.449+0100][info ][gc,heap        ] GC(39) Min Capacity: 5120M(33%)
[2024-02-14T16:50:45.449+0100][info ][gc,heap        ] GC(39) Max Capacity: 15360M(100%)
[2024-02-14T16:50:45.449+0100][info ][gc,heap        ] GC(39) Soft Max Capacity: 15360M(100%)
[2024-02-14T16:50:45.449+0100][info ][gc,heap        ] GC(39)                Mark Start          Mark End        Relocate Start      Relocate End           High               Low         
[2024-02-14T16:50:45.449+0100][info ][gc,heap        ] GC(39)  Capacity:    14594M (95%)       14594M (95%)       14594M (95%)       14594M (95%)       14594M (95%)       14594M (95%)    
[2024-02-14T16:50:45.449+0100][info ][gc,heap        ] GC(39)      Free:     4532M (30%)        1998M (13%)        2184M (14%)        8526M (56%)        8532M (56%)        1978M (13%)    
[2024-02-14T16:50:45.449+0100][info ][gc,heap        ] GC(39)      Used:    10828M (70%)       13362M (87%)       13176M (86%)        6834M (44%)       13382M (87%)        6828M (44%)    
[2024-02-14T16:50:45.449+0100][info ][gc,heap        ] GC(39)      Live:         -              3703M (24%)        3703M (24%)        3703M (24%)            -                  -          
[2024-02-14T16:50:45.449+0100][info ][gc,heap        ] GC(39) Allocated:         -              2534M (16%)        2584M (17%)        2889M (19%)            -                  -          
[2024-02-14T16:50:45.449+0100][info ][gc,heap        ] GC(39)   Garbage:         -              7124M (46%)        6888M (45%)         241M (2%)             -                  -          
[2024-02-14T16:50:45.449+0100][info ][gc,heap        ] GC(39) Reclaimed:         -                  -               236M (2%)         6883M (45%)            -                  -          
[2024-02-14T16:50:45.449+0100][info ][gc             ] GC(39) Garbage Collection (Allocation Rate) 10828M(70%)->6834M(44%)
[2024-02-14T16:50:45.507+0100][debug][gc,alloc       ] Allocation Rate: 3086,0MB/s, Predicted: 3070,3MB/s, Avg: 3282,6(+/-113,2)MB/s
[2024-02-14T16:50:45.507+0100][debug][gc,director    ] Select GC Workers (Try Lowering), AvoidLongGCWorkers: 0,204, AvoidOOMGCWorkers: 0,930, NextAvoidOOMGCWorkers: 1,800, LastGCWorkers: 2,000, GCWorkers: 2,000
[2024-02-14T16:50:45.507+0100][debug][gc,director    ] Rule: Allocation Rate (Dynamic GC Workers), MaxAllocRate: 3655,0MB/s (+/-3,4%), Free: 8288MB, GCCPUTime: 2,038, GCDuration: 1,020s, TimeUntilOOM: 2,192s, TimeUntilGC: 1,072s, GCWorkers: 2 -> 2
[2024-02-14T16:50:45.507+0100][debug][gc,director    ] Rule: High Usage, Free: 8288MB(54,0%)
[2024-02-14T16:50:45.507+0100][debug][gc,director    ] Rule: Proactive, UsedUntilEnabled: 1340MB, TimeUntilEnabled: 299,942s
[2024-02-14T16:50:45.607+0100][debug][gc,alloc       ] Allocation Rate: 3098,0MB/s, Predicted: 3033,6MB/s, Avg: 3250,2(+/-115,0)MB/s
[2024-02-14T16:50:45.607+0100][debug][gc,director    ] Select GC Workers (Try Lowering), AvoidLongGCWorkers: 0,204, AvoidOOMGCWorkers: 0,963, NextAvoidOOMGCWorkers: 1,764, LastGCWorkers: 2,000, GCWorkers: 2,000
[2024-02-14T16:50:45.607+0100][debug][gc,director    ] Rule: Allocation Rate (Dynamic GC Workers), MaxAllocRate: 3628,6MB/s (+/-3,5%), Free: 7948MB, GCCPUTime: 2,038, GCDuration: 1,020s, TimeUntilOOM: 2,116s, TimeUntilGC: 0,995s, GCWorkers: 2 -> 2
[2024-02-14T16:50:45.607+0100][debug][gc,director    ] Rule: High Usage, Free: 7948MB(51,7%)
[2024-02-14T16:50:45.607+0100][debug][gc,director    ] Rule: Proactive, UsedUntilEnabled: 1000MB, TimeUntilEnabled: 299,841s
[2024-02-14T16:50:45.707+0100][debug][gc,alloc       ] Allocation Rate: 3120,0MB/s, Predicted: 3023,6MB/s, Avg: 3221,4(+/-107,7)MB/s
[2024-02-14T16:50:45.707+0100][debug][gc,director    ] Select GC Workers (Try Lowering), AvoidLongGCWorkers: 0,204, AvoidOOMGCWorkers: 0,990, NextAvoidOOMGCWorkers: 1,700, LastGCWorkers: 2,000, GCWorkers: 2,000
[2024-02-14T16:50:45.707+0100][debug][gc,director    ] Rule: Allocation Rate (Dynamic GC Workers), MaxAllocRate: 3575,8MB/s (+/-3,3%), Free: 7606MB, GCCPUTime: 2,038, GCDuration: 1,020s, TimeUntilOOM: 2,058s, TimeUntilGC: 0,938s, GCWorkers: 2 -> 2
[2024-02-14T16:50:45.707+0100][debug][gc,director    ] Rule: High Usage, Free: 7606MB(49,5%)
[2024-02-14T16:50:45.707+0100][debug][gc,director    ] Rule: Proactive, UsedUntilEnabled: 658MB, TimeUntilEnabled: 299,741s
[2024-02-14T16:50:45.807+0100][debug][gc,alloc       ] Allocation Rate: 3142,0MB/s, Predicted: 3035,7MB/s, Avg: 3197,0(+/-94,5)MB/s
[2024-02-14T16:50:45.807+0100][debug][gc,director    ] Select GC Workers (Normal), AvoidLongGCWorkers: 0,204, AvoidOOMGCWorkers: 1,013, LastGCWorkers: 2,000, GCWorkers: 1,013
[2024-02-14T16:50:45.807+0100][debug][gc,director    ] Rule: Allocation Rate (Dynamic GC Workers), MaxAllocRate: 3507,9MB/s (+/-3,0%), Free: 7262MB, GCCPUTime: 2,038, GCDuration: 1,020s, TimeUntilOOM: 2,011s, TimeUntilGC: 0,891s, GCWorkers: 2 -> 2
[2024-02-14T16:50:45.807+0100][debug][gc,director    ] Rule: High Usage, Free: 7262MB(47,3%)
[2024-02-14T16:50:45.807+0100][debug][gc,director    ] Rule: Proactive, UsedUntilEnabled: 314MB, TimeUntilEnabled: 299,641s
[2024-02-14T16:50:45.908+0100][debug][gc,alloc       ] Allocation Rate: 3168,0MB/s, Predicted: 3065,5MB/s, Avg: 3178,6(+/-79,2)MB/s
[2024-02-14T16:50:45.908+0100][debug][gc,director    ] Select GC Workers (Normal), AvoidLongGCWorkers: 0,204, AvoidOOMGCWorkers: 1,038, LastGCWorkers: 2,000, GCWorkers: 1,038
[2024-02-14T16:50:45.908+0100][debug][gc,director    ] Rule: Allocation Rate (Dynamic GC Workers), MaxAllocRate: 3439,1MB/s (+/-2,5%), Free: 6922MB, GCCPUTime: 2,038, GCDuration: 1,020s, TimeUntilOOM: 1,964s, TimeUntilGC: 0,844s, GCWorkers: 2 -> 2
[2024-02-14T16:50:45.908+0100][debug][gc,director    ] Rule: High Usage, Free: 6922MB(45,1%)
[2024-02-14T16:50:45.908+0100][debug][gc,director    ] Rule: Proactive, AcceptableGCInterval: 20,078s, TimeSinceLastGC: 0,459s, TimeUntilGC: 19,619s
[2024-02-14T16:50:46.008+0100][debug][gc,alloc       ] Allocation Rate: 3198,0MB/s, Predicted: 3111,5MB/s, Avg: 3166,2(+/-64,0)MB/s
[2024-02-14T16:50:46.008+0100][debug][gc,director    ] Select GC Workers (Normal), AvoidLongGCWorkers: 0,204, AvoidOOMGCWorkers: 1,067, LastGCWorkers: 2,000, GCWorkers: 1,067
[2024-02-14T16:50:46.008+0100][debug][gc,director    ] Rule: Allocation Rate (Dynamic GC Workers), MaxAllocRate: 3376,8MB/s (+/-2,0%), Free: 6578MB, GCCPUTime: 2,038, GCDuration: 1,020s, TimeUntilOOM: 1,909s, TimeUntilGC: 0,789s, GCWorkers: 2 -> 2
[2024-02-14T16:50:46.008+0100][debug][gc,director    ] Rule: High Usage, Free: 6578MB(42,8%)
[2024-02-14T16:50:46.008+0100][debug][gc,director    ] Rule: Proactive, AcceptableGCInterval: 20,078s, TimeSinceLastGC: 0,559s, TimeUntilGC: 19,519s
[2024-02-14T16:50:46.107+0100][debug][gc,alloc       ] Allocation Rate: 3230,0MB/s, Predicted: 3168,9MB/s, Avg: 3160,6(+/-55,1)MB/s
[2024-02-14T16:50:46.107+0100][debug][gc,director    ] Select GC Workers (Normal), AvoidLongGCWorkers: 0,204, AvoidOOMGCWorkers: 1,114, LastGCWorkers: 2,000, GCWorkers: 1,114
[2024-02-14T16:50:46.107+0100][debug][gc,director    ] Rule: Allocation Rate (Dynamic GC Workers), MaxAllocRate: 3350,3MB/s (+/-1,7%), Free: 6236MB, GCCPUTime: 2,038, GCDuration: 1,020s, TimeUntilOOM: 1,829s, TimeUntilGC: 0,709s, GCWorkers: 2 -> 2
[2024-02-14T16:50:46.107+0100][debug][gc,director    ] Rule: High Usage, Free: 6236MB(40,6%)
[2024-02-14T16:50:46.107+0100][debug][gc,director    ] Rule: Proactive, AcceptableGCInterval: 20,078s, TimeSinceLastGC: 0,659s, TimeUntilGC: 19,420s
[2024-02-14T16:50:46.207+0100][debug][gc,alloc       ] Allocation Rate: 3258,0MB/s, Predicted: 3234,4MB/s, Avg: 3160,4(+/-54,7)MB/s
[2024-02-14T16:50:46.207+0100][debug][gc,director    ] Select GC Workers (Normal), AvoidLongGCWorkers: 0,204, AvoidOOMGCWorkers: 1,202, LastGCWorkers: 2,000, GCWorkers: 1,202
[2024-02-14T16:50:46.207+0100][debug][gc,director    ] Rule: Allocation Rate (Dynamic GC Workers), MaxAllocRate: 3414,6MB/s (+/-1,7%), Free: 5890MB, GCCPUTime: 2,038, GCDuration: 1,020s, TimeUntilOOM: 1,696s, TimeUntilGC: 0,575s, GCWorkers: 2 -> 2
[2024-02-14T16:50:46.207+0100][debug][gc,director    ] Rule: High Usage, Free: 5890MB(38,3%)
[2024-02-14T16:50:46.207+0100][debug][gc,director    ] Rule: Proactive, AcceptableGCInterval: 20,078s, TimeSinceLastGC: 0,759s, TimeUntilGC: 19,320s
[2024-02-14T16:50:46.307+0100][debug][gc,alloc       ] Allocation Rate: 3326,0MB/s, Predicted: 3308,0MB/s, Avg: 3174,2(+/-74,0)MB/s
[2024-02-14T16:50:46.307+0100][debug][gc,director    ] Select GC Workers (Normal), AvoidLongGCWorkers: 0,204, AvoidOOMGCWorkers: 1,336, LastGCWorkers: 2,000, GCWorkers: 1,336
[2024-02-14T16:50:46.307+0100][debug][gc,director    ] Rule: Allocation Rate (Dynamic GC Workers), MaxAllocRate: 3551,4MB/s (+/-2,3%), Free: 5546MB, GCCPUTime: 2,038, GCDuration: 1,020s, TimeUntilOOM: 1,526s, TimeUntilGC: 0,406s, GCWorkers: 2 -> 2
[2024-02-14T16:50:46.307+0100][debug][gc,director    ] Rule: High Usage, Free: 5546MB(36,1%)
[2024-02-14T16:50:46.307+0100][debug][gc,director    ] Rule: Proactive, AcceptableGCInterval: 20,078s, TimeSinceLastGC: 0,859s, TimeUntilGC: 19,220s
[2024-02-14T16:50:46.407+0100][debug][gc,alloc       ] Allocation Rate: 3394,0MB/s, Predicted: 3380,4MB/s, Avg: 3202,0(+/-95,9)MB/s
[2024-02-14T16:50:46.407+0100][debug][gc,director    ] Select GC Workers (Normal), AvoidLongGCWorkers: 0,204, AvoidOOMGCWorkers: 1,491, LastGCWorkers: 2,000, GCWorkers: 1,491
[2024-02-14T16:50:46.407+0100][debug][gc,director    ] Rule: Allocation Rate (Dynamic GC Workers), MaxAllocRate: 3695,9MB/s (+/-3,0%), Free: 5206MB, GCCPUTime: 2,038, GCDuration: 1,020s, TimeUntilOOM: 1,368s, TimeUntilGC: 0,247s, GCWorkers: 2 -> 2
[2024-02-14T16:50:46.407+0100][debug][gc,director    ] Rule: High Usage, Free: 5206MB(33,9%)
[2024-02-14T16:50:46.407+0100][debug][gc,director    ] Rule: Proactive, AcceptableGCInterval: 20,078s, TimeSinceLastGC: 0,959s, TimeUntilGC: 19,119s
[2024-02-14T16:50:46.508+0100][debug][gc,alloc       ] Allocation Rate: 3418,0MB/s, Predicted: 3435,9MB/s, Avg: 3235,2(+/-106,8)MB/s
[2024-02-14T16:50:46.508+0100][debug][gc,director    ] Select GC Workers (Normal), AvoidLongGCWorkers: 0,204, AvoidOOMGCWorkers: 1,638, LastGCWorkers: 2,000, GCWorkers: 1,638
[2024-02-14T16:50:46.508+0100][debug][gc,director    ] Rule: Allocation Rate (Dynamic GC Workers), MaxAllocRate: 3787,4MB/s (+/-3,3%), Free: 4870MB, GCCPUTime: 2,038, GCDuration: 1,020s, TimeUntilOOM: 1,245s, TimeUntilGC: 0,125s, GCWorkers: 2 -> 2
[2024-02-14T16:50:46.508+0100][debug][gc,director    ] Rule: High Usage, Free: 4870MB(31,7%)
[2024-02-14T16:50:46.508+0100][debug][gc,director    ] Rule: Proactive, AcceptableGCInterval: 20,078s, TimeSinceLastGC: 1,059s, TimeUntilGC: 19,019s
[2024-02-14T16:50:46.608+0100][debug][gc,alloc       ] Allocation Rate: 3412,0MB/s, Predicted: 3470,0MB/s, Avg: 3266,6(+/-108,0)MB/s
[2024-02-14T16:50:46.608+0100][debug][gc,director    ] Select GC Workers (Normal), AvoidLongGCWorkers: 0,204, AvoidOOMGCWorkers: 1,777, LastGCWorkers: 2,000, GCWorkers: 1,777
[2024-02-14T16:50:46.608+0100][debug][gc,director    ] Rule: Allocation Rate (Dynamic GC Workers), MaxAllocRate: 3825,4MB/s (+/-3,3%), Free: 4536MB, GCCPUTime: 2,038, GCDuration: 1,020s, TimeUntilOOM: 1,148s, TimeUntilGC: 0,028s, GCWorkers: 2 -> 2
[2024-02-14T16:50:46.608+0100][debug][gc,director    ] Rule: High Usage, Free: 4536MB(29,5%)
[2024-02-14T16:50:46.608+0100][debug][gc,director    ] Rule: Proactive, AcceptableGCInterval: 20,078s, TimeSinceLastGC: 1,159s, TimeUntilGC: 18,919s
[2024-02-14T16:50:46.708+0100][debug][gc,alloc       ] Allocation Rate: 3406,0MB/s, Predicted: 3486,7MB/s, Avg: 3295,2(+/-103,2)MB/s
[2024-02-14T16:50:46.708+0100][debug][gc,director    ] Select GC Workers (Normal), AvoidLongGCWorkers: 0,204, AvoidOOMGCWorkers: 1,917, LastGCWorkers: 2,000, GCWorkers: 1,917
[2024-02-14T16:50:46.708+0100][debug][gc,director    ] Rule: Allocation Rate (Dynamic GC Workers), MaxAllocRate: 3826,2MB/s (+/-3,1%), Free: 4200MB, GCCPUTime: 2,038, GCDuration: 1,020s, TimeUntilOOM: 1,064s, TimeUntilGC: -0,056s, GCWorkers: 2 -> 2
[2024-02-14T16:50:46.708+0100][debug][gc,heap        ] GC(40) Heap before GC invocations=40 (full 40):
[2024-02-14T16:50:46.708+0100][debug][gc,heap        ] GC(40)  ZHeap           used 11118M, capacity 14594M, max capacity 15360M
[2024-02-14T16:50:46.708+0100][debug][gc,heap        ] GC(40)  Metaspace       used 32037K, committed 32448K, reserved 1114112K
[2024-02-14T16:50:46.708+0100][debug][gc,heap        ] GC(40)   class space    used 3379K, committed 3584K, reserved 1048576K
[2024-02-14T16:50:46.708+0100][info ][gc,start       ] GC(40) Garbage Collection (Allocation Rate)
[2024-02-14T16:50:46.708+0100][info ][gc,task        ] GC(40) Using 2 workers
[2024-02-14T16:50:46.708+0100][debug][gc,phases,start] GC(40) Pause Mark Start
[2024-02-14T16:50:46.708+0100][debug][gc,marking     ] GC(40) Using 2 mark stripes
[2024-02-14T16:50:46.708+0100][debug][gc,marking     ] GC(40) Mark Worker/Stripe Distribution
[2024-02-14T16:50:46.708+0100][debug][gc,marking     ] GC(40)   Worker 0(2) -> Stripe 0(2)
[2024-02-14T16:50:46.708+0100][debug][gc,marking     ] GC(40)   Worker 1(2) -> Stripe 1(2)
[2024-02-14T16:50:46.708+0100][info ][gc,phases      ] GC(40) Pause Mark Start 0,064ms
[2024-02-14T16:50:46.708+0100][debug][gc,phases,start] GC(40) Concurrent Mark
[2024-02-14T16:50:46.708+0100][debug][gc,task        ] GC(40) Executing Task: XMarkRootsTask, Active Workers: 2
[2024-02-14T16:50:46.709+0100][debug][gc,tlab        ] GC(40) TLAB totals: thrds: 10  refills: 28659 max: 28624 slow allocs: 12 max 12 waste:  1,0% gc: 1226104B max: 221752B slow: 72775864B max: 72752224B
[2024-02-14T16:50:46.709+0100][debug][gc,task        ] GC(40) Executing Task: XMarkTask, Active Workers: 2
[2024-02-14T16:50:46.808+0100][debug][gc,alloc       ] Allocation Rate: 3394,0MB/s, Predicted: 3485,3MB/s, Avg: 3320,4(+/-92,9)MB/s
[2024-02-14T16:50:46.907+0100][debug][gc,alloc       ] Allocation Rate: 3366,0MB/s, Predicted: 3462,9MB/s, Avg: 3340,2(+/-78,3)MB/s
[2024-02-14T16:50:47.007+0100][debug][gc,alloc       ] Allocation Rate: 3326,0MB/s, Predicted: 3419,3MB/s, Avg: 3353,0(+/-63,0)MB/s
[2024-02-14T16:50:47.107+0100][debug][gc,alloc       ] Allocation Rate: 3264,0MB/s, Predicted: 3350,9MB/s, Avg: 3356,4(+/-56,9)MB/s
[2024-02-14T16:50:47.207+0100][debug][gc,alloc       ] Allocation Rate: 3228,0MB/s, Predicted: 3273,3MB/s, Avg: 3353,4(+/-62,5)MB/s
[2024-02-14T16:50:47.307+0100][debug][gc,alloc       ] Allocation Rate: 3188,0MB/s, Predicted: 3199,9MB/s, Avg: 3339,6(+/-79,8)MB/s
[2024-02-14T16:50:47.407+0100][debug][gc,alloc       ] Allocation Rate: 3134,0MB/s, Predicted: 3132,1MB/s, Avg: 3313,6(+/-98,1)MB/s
[2024-02-14T16:50:47.508+0100][debug][gc,alloc       ] Allocation Rate: 3096,0MB/s, Predicted: 3072,9MB/s, Avg: 3281,4(+/-110,6)MB/s
[2024-02-14T16:50:47.572+0100][info ][gc,phases      ] GC(40) Concurrent Mark 864,212ms
[2024-02-14T16:50:47.573+0100][debug][gc,phases,start] GC(40) Pause Mark End
[2024-02-14T16:50:47.573+0100][info ][gc,phases      ] GC(40) Pause Mark End 0,041ms
[2024-02-14T16:50:47.573+0100][debug][gc,phases,start] GC(40) Concurrent Mark Free
[2024-02-14T16:50:47.573+0100][info ][gc,phases      ] GC(40) Concurrent Mark Free 0,023ms
[2024-02-14T16:50:47.573+0100][debug][gc,phases,start] GC(40) Concurrent Process Non-Strong References
[2024-02-14T16:50:47.573+0100][debug][gc,phases,start] GC(40) Concurrent References Process
[2024-02-14T16:50:47.573+0100][debug][gc,task        ] GC(40) Executing Task: XReferenceProcessorTask, Active Workers: 2
[2024-02-14T16:50:47.576+0100][debug][gc,phases      ] GC(40) Concurrent References Process 2,967ms
[2024-02-14T16:50:47.576+0100][debug][gc,task        ] GC(40) Executing Task: XProcessWeakRootsTask, Active Workers: 2
[2024-02-14T16:50:47.576+0100][debug][gc,phases,start] GC(40) Concurrent Classes Unlink
[2024-02-14T16:50:47.576+0100][debug][gc,phases,start] GC(40) ClassLoaderData
[2024-02-14T16:50:47.576+0100][debug][gc,phases      ] GC(40) ClassLoaderData 0,040ms
[2024-02-14T16:50:47.576+0100][debug][gc,phases,start] GC(40) Trigger cleanups
[2024-02-14T16:50:47.576+0100][debug][gc,phases      ] GC(40) Trigger cleanups 0,008ms
[2024-02-14T16:50:47.576+0100][debug][gc,task        ] GC(40) Executing Task: XNMethodUnlinkTask, Active Workers: 2
[2024-02-14T16:50:47.578+0100][debug][gc,phases      ] GC(40) Concurrent Classes Unlink 2,253ms
[2024-02-14T16:50:47.578+0100][debug][gc,phases,start] GC(40) Concurrent Classes Purge
[2024-02-14T16:50:47.578+0100][debug][gc,phases      ] GC(40) Concurrent Classes Purge 0,021ms
[2024-02-14T16:50:47.578+0100][debug][gc,phases,start] GC(40) Concurrent References Enqueue
[2024-02-14T16:50:47.578+0100][debug][gc,phases      ] GC(40) Concurrent References Enqueue 0,010ms
[2024-02-14T16:50:47.578+0100][info ][gc,phases      ] GC(40) Concurrent Process Non-Strong References 5,727ms
[2024-02-14T16:50:47.578+0100][debug][gc,phases,start] GC(40) Concurrent Reset Relocation Set
[2024-02-14T16:50:47.579+0100][info ][gc,phases      ] GC(40) Concurrent Reset Relocation Set 0,135ms
[2024-02-14T16:50:47.579+0100][debug][gc,phases,start] GC(40) Concurrent Select Relocation Set
[2024-02-14T16:50:47.580+0100][debug][gc,task        ] GC(40) Executing Task: XRelocationSetInstallTask, Active Workers: 2
[2024-02-14T16:50:47.589+0100][info ][gc,phases      ] GC(40) Concurrent Select Relocation Set 10,336ms
[2024-02-14T16:50:47.589+0100][debug][gc,phases,start] GC(40) Pause Relocate Start
[2024-02-14T16:50:47.589+0100][info ][gc,phases      ] GC(40) Pause Relocate Start 0,033ms
[2024-02-14T16:50:47.589+0100][debug][gc,phases,start] GC(40) Concurrent Relocate
[2024-02-14T16:50:47.589+0100][debug][gc,task        ] GC(40) Executing Task: XRelocateTask, Active Workers: 2
[2024-02-14T16:50:47.608+0100][debug][gc,alloc       ] Allocation Rate: 3056,0MB/s, Predicted: 3017,6MB/s, Avg: 3245,8(+/-119,8)MB/s
[2024-02-14T16:50:47.706+0100][info ][gc,phases      ] GC(40) Concurrent Relocate 117,166ms
[2024-02-14T16:50:47.706+0100][debug][gc,heap        ] GC(40) Heap after GC invocations=41 (full 41):
[2024-02-14T16:50:47.706+0100][debug][gc,heap        ] GC(40)  ZHeap           used 6932M, capacity 14594M, max capacity 15360M
[2024-02-14T16:50:47.706+0100][debug][gc,heap        ] GC(40)  Metaspace       used 32037K, committed 32448K, reserved 1114112K
[2024-02-14T16:50:47.706+0100][debug][gc,heap        ] GC(40)   class space    used 3379K, committed 3584K, reserved 1048576K
[2024-02-14T16:50:47.706+0100][info ][gc,load        ] GC(40) Load: 3,34/1,95/1,77
[2024-02-14T16:50:47.706+0100][info ][gc,mmu         ] GC(40) MMU: 2ms/92,8%, 5ms/97,1%, 10ms/98,6%, 20ms/99,1%, 50ms/99,6%, 100ms/99,8%
[2024-02-14T16:50:47.706+0100][info ][gc,marking     ] GC(40) Mark: 2 stripe(s), 2 proactive flush(es), 1 terminate flush(es), 0 completion(s), 0 continuation(s) 
[2024-02-14T16:50:47.706+0100][info ][gc,marking     ] GC(40) Mark Stack Usage: 32M
[2024-02-14T16:50:47.706+0100][info ][gc,nmethod     ] GC(40) NMethods: 4253 registered, 1458 unregistered
[2024-02-14T16:50:47.706+0100][info ][gc,metaspace   ] GC(40) Metaspace: 31M used, 31M committed, 1088M reserved
[2024-02-14T16:50:47.706+0100][info ][gc,ref         ] GC(40) Soft: 3896 encountered, 0 discovered, 0 enqueued
[2024-02-14T16:50:47.706+0100][info ][gc,ref         ] GC(40) Weak: 2055 encountered, 701 discovered, 0 enqueued
[2024-02-14T16:50:47.706+0100][info ][gc,ref         ] GC(40) Final: 14046 encountered, 14046 discovered, 14046 enqueued
[2024-02-14T16:50:47.706+0100][info ][gc,ref         ] GC(40) Phantom: 14448 encountered, 14440 discovered, 14053 enqueued
[2024-02-14T16:50:47.706+0100][info ][gc,reloc       ] GC(40) Small Pages: 5543 / 11086M, Empty: 204M, Relocated: 402M, In-Place: 0
[2024-02-14T16:50:47.706+0100][info ][gc,reloc       ] GC(40) Medium Pages: 1 / 32M, Empty: 0M, Relocated: 0M, In-Place: 0
[2024-02-14T16:50:47.706+0100][info ][gc,reloc       ] GC(40) Large Pages: 0 / 0M, Empty: 0M, Relocated: 0M, In-Place: 0
[2024-02-14T16:50:47.707+0100][info ][gc,reloc       ] GC(40) Forwarding Usage: 175M
[2024-02-14T16:50:47.707+0100][info ][gc,heap        ] GC(40) Min Capacity: 5120M(33%)
[2024-02-14T16:50:47.707+0100][info ][gc,heap        ] GC(40) Max Capacity: 15360M(100%)
[2024-02-14T16:50:47.707+0100][info ][gc,heap        ] GC(40) Soft Max Capacity: 15360M(100%)
[2024-02-14T16:50:47.707+0100][info ][gc,heap        ] GC(40)                Mark Start          Mark End        Relocate Start      Relocate End           High               Low         
[2024-02-14T16:50:47.707+0100][info ][gc,heap        ] GC(40)  Capacity:    14594M (95%)       14594M (95%)       14594M (95%)       14594M (95%)       14594M (95%)       14594M (95%)    
[2024-02-14T16:50:47.707+0100][info ][gc,heap        ] GC(40)      Free:     4242M (28%)        1626M (11%)        1782M (12%)        8428M (55%)        8430M (55%)        1608M (10%)    
[2024-02-14T16:50:47.707+0100][info ][gc,heap        ] GC(40)      Used:    11118M (72%)       13734M (89%)       13578M (88%)        6932M (45%)       13752M (90%)        6930M (45%)    
[2024-02-14T16:50:47.707+0100][info ][gc,heap        ] GC(40)      Live:         -              3707M (24%)        3707M (24%)        3707M (24%)            -                  -          
[2024-02-14T16:50:47.707+0100][info ][gc,heap        ] GC(40) Allocated:         -              2616M (17%)        2664M (17%)        2979M (19%)            -                  -          
[2024-02-14T16:50:47.707+0100][info ][gc,heap        ] GC(40)   Garbage:         -              7410M (48%)        7206M (47%)         244M (2%)             -                  -          
[2024-02-14T16:50:47.707+0100][info ][gc,heap        ] GC(40) Reclaimed:         -                  -               204M (1%)         7165M (47%)            -                  -          
[2024-02-14T16:50:47.707+0100][info ][gc             ] GC(40) Garbage Collection (Allocation Rate) 11118M(72%)->6932M(45%)
[2024-02-14T16:50:47.708+0100][debug][gc,alloc       ] Allocation Rate: 2986,0MB/s, Predicted: 2956,4MB/s, Avg: 3203,8(+/-129,5)MB/s
[2024-02-14T16:50:47.708+0100][debug][gc,director    ] Select GC Workers (Try Lowering), AvoidLongGCWorkers: 0,213, AvoidOOMGCWorkers: 0,961, NextAvoidOOMGCWorkers: 2,024, LastGCWorkers: 2,000, GCWorkers: 2,000
[2024-02-14T16:50:47.708+0100][debug][gc,director    ] Rule: Allocation Rate (Dynamic GC Workers), MaxAllocRate: 3629,9MB/s (+/-4,0%), Free: 8380MB, GCCPUTime: 2,133, GCDuration: 1,069s, TimeUntilOOM: 2,219s, TimeUntilGC: 1,050s, GCWorkers: 2 -> 2
[2024-02-14T16:50:47.708+0100][debug][gc,director    ] Rule: High Usage, Free: 8380MB(54,6%)
[2024-02-14T16:50:47.708+0100][debug][gc,director    ] Rule: Proactive, UsedUntilEnabled: 1530MB, TimeUntilEnabled: 299,998s
[2024-02-14T16:50:47.807+0100][debug][gc,alloc       ] Allocation Rate: 2998,0MB/s, Predicted: 2924,8MB/s, Avg: 3164,2(+/-125,8)MB/s
[2024-02-14T16:50:47.807+0100][debug][gc,director    ] Select GC Workers (Try Lowering), AvoidLongGCWorkers: 0,213, AvoidOOMGCWorkers: 0,987, NextAvoidOOMGCWorkers: 1,948, LastGCWorkers: 2,000, GCWorkers: 2,000
[2024-02-14T16:50:47.807+0100][debug][gc,director    ] Rule: Allocation Rate (Dynamic GC Workers), MaxAllocRate: 3578,0MB/s (+/-4,0%), Free: 8038MB, GCCPUTime: 2,133, GCDuration: 1,069s, TimeUntilOOM: 2,161s, TimeUntilGC: 0,992s, GCWorkers: 2 -> 2
[2024-02-14T16:50:47.807+0100][debug][gc,director    ] Rule: High Usage, Free: 8038MB(52,3%)
[2024-02-14T16:50:47.807+0100][debug][gc,director    ] Rule: Proactive, UsedUntilEnabled: 1188MB, TimeUntilEnabled: 299,899s
[2024-02-14T16:50:47.907+0100][debug][gc,alloc       ] Allocation Rate: 3016,0MB/s, Predicted: 2919,3MB/s, Avg: 3129,2(+/-112,8)MB/s
[2024-02-14T16:50:47.907+0100][debug][gc,director    ] Select GC Workers (Normal), AvoidLongGCWorkers: 0,213, AvoidOOMGCWorkers: 1,004, LastGCWorkers: 2,000, GCWorkers: 1,004
[2024-02-14T16:50:47.907+0100][debug][gc,director    ] Rule: Allocation Rate (Dynamic GC Workers), MaxAllocRate: 3500,2MB/s (+/-3,6%), Free: 7706MB, GCCPUTime: 2,133, GCDuration: 1,069s, TimeUntilOOM: 2,125s, TimeUntilGC: 0,956s, GCWorkers: 2 -> 2
[2024-02-14T16:50:47.907+0100][debug][gc,director    ] Rule: High Usage, Free: 7706MB(50,2%)
[2024-02-14T16:50:47.907+0100][debug][gc,director    ] Rule: Proactive, UsedUntilEnabled: 856MB, TimeUntilEnabled: 299,799s
[2024-02-14T16:50:48.008+0100][debug][gc,alloc       ] Allocation Rate: 3044,0MB/s, Predicted: 2937,7MB/s, Avg: 3101,0(+/-93,7)MB/s
[2024-02-14T16:50:48.008+0100][debug][gc,director    ] Select GC Workers (Normal), AvoidLongGCWorkers: 0,213, AvoidOOMGCWorkers: 1,016, LastGCWorkers: 2,000, GCWorkers: 1,016
[2024-02-14T16:50:48.008+0100][debug][gc,director    ] Rule: Allocation Rate (Dynamic GC Workers), MaxAllocRate: 3409,2MB/s (+/-3,0%), Free: 7374MB, GCCPUTime: 2,133, GCDuration: 1,069s, TimeUntilOOM: 2,100s, TimeUntilGC: 0,931s, GCWorkers: 2 -> 2
[2024-02-14T16:50:48.008+0100][debug][gc,director    ] Rule: High Usage, Free: 7374MB(48,0%)
[2024-02-14T16:50:48.008+0100][debug][gc,director    ] Rule: Proactive, UsedUntilEnabled: 524MB, TimeUntilEnabled: 299,699s
[2024-02-14T16:50:48.108+0100][debug][gc,alloc       ] Allocation Rate: 3092,0MB/s, Predicted: 2977,6MB/s, Avg: 3083,8(+/-76,3)MB/s
[2024-02-14T16:50:48.108+0100][debug][gc,director    ] Select GC Workers (Normal), AvoidLongGCWorkers: 0,213, AvoidOOMGCWorkers: 1,035, LastGCWorkers: 2,000, GCWorkers: 1,035
[2024-02-14T16:50:48.108+0100][debug][gc,director    ] Rule: Allocation Rate (Dynamic GC Workers), MaxAllocRate: 3335,0MB/s (+/-2,5%), Free: 7046MB, GCCPUTime: 2,133, GCDuration: 1,069s, TimeUntilOOM: 2,062s, TimeUntilGC: 0,893s, GCWorkers: 2 -> 2
[2024-02-14T16:50:48.108+0100][debug][gc,director    ] Rule: High Usage, Free: 7044MB(45,9%)
[2024-02-14T16:50:48.108+0100][debug][gc,director    ] Rule: Proactive, UsedUntilEnabled: 194MB, TimeUntilEnabled: 299,599s
[2024-02-14T16:50:48.208+0100][debug][gc,alloc       ] Allocation Rate: 3112,0MB/s, Predicted: 3027,3MB/s, Avg: 3072,2(+/-60,8)MB/s
[2024-02-14T16:50:48.208+0100][debug][gc,director    ] Select GC Workers (Normal), AvoidLongGCWorkers: 0,213, AvoidOOMGCWorkers: 1,060, LastGCWorkers: 2,000, GCWorkers: 1,060
[2024-02-14T16:50:48.208+0100][debug][gc,director    ] Rule: Allocation Rate (Dynamic GC Workers), MaxAllocRate: 3272,1MB/s (+/-2,0%), Free: 6716MB, GCCPUTime: 2,133, GCDuration: 1,069s, TimeUntilOOM: 2,013s, TimeUntilGC: 0,844s, GCWorkers: 2 -> 2
[2024-02-14T16:50:48.208+0100][debug][gc,director    ] Rule: High Usage, Free: 6716MB(43,7%)
[2024-02-14T16:50:48.208+0100][debug][gc,director    ] Rule: Proactive, AcceptableGCInterval: 21,073s, TimeSinceLastGC: 0,502s, TimeUntilGC: 20,571s
[2024-02-14T16:50:48.307+0100][debug][gc,alloc       ] Allocation Rate: 3134,0MB/s, Predicted: 3082,9MB/s, Avg: 3066,8(+/-52,0)MB/s
[2024-02-14T16:50:48.307+0100][debug][gc,director    ] Select GC Workers (Normal), AvoidLongGCWorkers: 0,213, AvoidOOMGCWorkers: 1,105, LastGCWorkers: 2,000, GCWorkers: 1,105
[2024-02-14T16:50:48.307+0100][debug][gc,director    ] Rule: Allocation Rate (Dynamic GC Workers), MaxAllocRate: 3254,0MB/s (+/-1,7%), Free: 6390MB, GCCPUTime: 2,133, GCDuration: 1,069s, TimeUntilOOM: 1,931s, TimeUntilGC: 0,762s, GCWorkers: 2 -> 2
[2024-02-14T16:50:48.307+0100][debug][gc,director    ] Rule: High Usage, Free: 6390MB(41,6%)
[2024-02-14T16:50:48.307+0100][debug][gc,director    ] Rule: Proactive, AcceptableGCInterval: 21,073s, TimeSinceLastGC: 0,601s, TimeUntilGC: 20,472s
[2024-02-14T16:50:48.407+0100][debug][gc,alloc       ] Allocation Rate: 3182,0MB/s, Predicted: 3146,9MB/s, Avg: 3071,6(+/-59,6)MB/s
[2024-02-14T16:50:48.407+0100][debug][gc,director    ] Select GC Workers (Normal), AvoidLongGCWorkers: 0,213, AvoidOOMGCWorkers: 1,201, LastGCWorkers: 2,000, GCWorkers: 1,201
[2024-02-14T16:50:48.407+0100][debug][gc,director    ] Rule: Allocation Rate (Dynamic GC Workers), MaxAllocRate: 3343,2MB/s (+/-1,9%), Free: 6056MB, GCCPUTime: 2,133, GCDuration: 1,069s, TimeUntilOOM: 1,777s, TimeUntilGC: 0,608s, GCWorkers: 2 -> 2
[2024-02-14T16:50:48.407+0100][debug][gc,director    ] Rule: High Usage, Free: 6056MB(39,4%)
[2024-02-14T16:50:48.407+0100][debug][gc,director    ] Rule: Proactive, AcceptableGCInterval: 21,073s, TimeSinceLastGC: 0,701s, TimeUntilGC: 20,372s
[2024-02-14T16:50:48.507+0100][debug][gc,alloc       ] Allocation Rate: 3204,0MB/s, Predicted: 3206,4MB/s, Avg: 3082,4(+/-71,6)MB/s
[2024-02-14T16:50:48.507+0100][debug][gc,director    ] Select GC Workers (Normal), AvoidLongGCWorkers: 0,213, AvoidOOMGCWorkers: 1,311, LastGCWorkers: 2,000, GCWorkers: 1,311
[2024-02-14T16:50:48.507+0100][debug][gc,director    ] Rule: Allocation Rate (Dynamic GC Workers), MaxAllocRate: 3442,2MB/s (+/-2,3%), Free: 5734MB, GCCPUTime: 2,133, GCDuration: 1,069s, TimeUntilOOM: 1,628s, TimeUntilGC: 0,459s, GCWorkers: 2 -> 2
[2024-02-14T16:50:48.507+0100][debug][gc,director    ] Rule: High Usage, Free: 5734MB(37,3%)
[2024-02-14T16:50:48.507+0100][debug][gc,director    ] Rule: Proactive, AcceptableGCInterval: 21,073s, TimeSinceLastGC: 0,801s, TimeUntilGC: 20,272s
[2024-02-14T16:50:48.607+0100][debug][gc,alloc       ] Allocation Rate: 3220,0MB/s, Predicted: 3254,4MB/s, Avg: 3098,8(+/-81,8)MB/s
[2024-02-14T16:50:48.607+0100][debug][gc,director    ] Select GC Workers (Normal), AvoidLongGCWorkers: 0,213, AvoidOOMGCWorkers: 1,423, LastGCWorkers: 2,000, GCWorkers: 1,423
[2024-02-14T16:50:48.607+0100][debug][gc,director    ] Rule: Allocation Rate (Dynamic GC Workers), MaxAllocRate: 3523,5MB/s (+/-2,6%), Free: 5426MB, GCCPUTime: 2,133, GCDuration: 1,069s, TimeUntilOOM: 1,500s, TimeUntilGC: 0,332s, GCWorkers: 2 -> 2
[2024-02-14T16:50:48.607+0100][debug][gc,director    ] Rule: High Usage, Free: 5426MB(35,3%)
[2024-02-14T16:50:48.607+0100][debug][gc,director    ] Rule: Proactive, AcceptableGCInterval: 21,073s, TimeSinceLastGC: 0,901s, TimeUntilGC: 20,172s
[2024-02-14T16:50:48.708+0100][debug][gc,alloc       ] Allocation Rate: 3282,0MB/s, Predicted: 3297,6MB/s, Avg: 3128,4(+/-88,9)MB/s
[2024-02-14T16:50:48.708+0100][debug][gc,director    ] Select GC Workers (Normal), AvoidLongGCWorkers: 0,213, AvoidOOMGCWorkers: 1,547, LastGCWorkers: 2,000, GCWorkers: 1,547
[2024-02-14T16:50:48.708+0100][debug][gc,director    ] Rule: Allocation Rate (Dynamic GC Workers), MaxAllocRate: 3590,0MB/s (+/-2,8%), Free: 5098MB, GCCPUTime: 2,133, GCDuration: 1,069s, TimeUntilOOM: 1,381s, TimeUntilGC: 0,212s, GCWorkers: 2 -> 2
[2024-02-14T16:50:48.708+0100][debug][gc,director    ] Rule: High Usage, Free: 5098MB(33,2%)
[2024-02-14T16:50:48.708+0100][debug][gc,director    ] Rule: Proactive, AcceptableGCInterval: 21,073s, TimeSinceLastGC: 1,001s, TimeUntilGC: 20,072s
[2024-02-14T16:50:48.808+0100][debug][gc,alloc       ] Allocation Rate: 3272,0MB/s, Predicted: 3320,3MB/s, Avg: 3155,8(+/-86,6)MB/s
[2024-02-14T16:50:48.808+0100][debug][gc,director    ] Select GC Workers (Normal), AvoidLongGCWorkers: 0,213, AvoidOOMGCWorkers: 1,660, LastGCWorkers: 2,000, GCWorkers: 1,660
[2024-02-14T16:50:48.808+0100][debug][gc,director    ] Rule: Allocation Rate (Dynamic GC Workers), MaxAllocRate: 3605,4MB/s (+/-2,7%), Free: 4766MB, GCCPUTime: 2,133, GCDuration: 1,069s, TimeUntilOOM: 1,287s, TimeUntilGC: 0,118s, GCWorkers: 2 -> 2
[2024-02-14T16:50:48.808+0100][debug][gc,director    ] Rule: High Usage, Free: 4766MB(31,0%)
[2024-02-14T16:50:48.808+0100][debug][gc,director    ] Rule: Proactive, AcceptableGCInterval: 21,073s, TimeSinceLastGC: 1,101s, TimeUntilGC: 19,972s
[2024-02-14T16:50:48.908+0100][debug][gc,alloc       ] Allocation Rate: 3264,0MB/s, Predicted: 3326,3MB/s, Avg: 3180,6(+/-78,2)MB/s
[2024-02-14T16:50:48.908+0100][debug][gc,director    ] Select GC Workers (Normal), AvoidLongGCWorkers: 0,213, AvoidOOMGCWorkers: 1,766, LastGCWorkers: 2,000, GCWorkers: 1,766
[2024-02-14T16:50:48.908+0100][debug][gc,director    ] Rule: Allocation Rate (Dynamic GC Workers), MaxAllocRate: 3583,4MB/s (+/-2,5%), Free: 4442MB, GCCPUTime: 2,133, GCDuration: 1,069s, TimeUntilOOM: 1,210s, TimeUntilGC: 0,041s, GCWorkers: 2 -> 2
[2024-02-14T16:50:48.908+0100][debug][gc,director    ] Rule: High Usage, Free: 4442MB(28,9%)
[2024-02-14T16:50:48.908+0100][debug][gc,director    ] Rule: Proactive, AcceptableGCInterval: 21,073s, TimeSinceLastGC: 1,201s, TimeUntilGC: 19,872s
[2024-02-14T16:50:49.008+0100][debug][gc,alloc       ] Allocation Rate: 3258,0MB/s, Predicted: 3320,8MB/s, Avg: 3202,0(+/-66,2)MB/s
[2024-02-14T16:50:49.008+0100][debug][gc,director    ] Select GC Workers (Normal), AvoidLongGCWorkers: 0,213, AvoidOOMGCWorkers: 1,875, LastGCWorkers: 2,000, GCWorkers: 1,875
[2024-02-14T16:50:49.008+0100][debug][gc,director    ] Rule: Allocation Rate (Dynamic GC Workers), MaxAllocRate: 3538,7MB/s (+/-2,1%), Free: 4116MB, GCCPUTime: 2,133, GCDuration: 1,069s, TimeUntilOOM: 1,140s, TimeUntilGC: -0,029s, GCWorkers: 2 -> 2
[2024-02-14T16:50:49.008+0100][debug][gc,heap        ] GC(41) Heap before GC invocations=41 (full 41):
[2024-02-14T16:50:49.008+0100][debug][gc,heap        ] GC(41)  ZHeap           used 11202M, capacity 14594M, max capacity 15360M
[2024-02-14T16:50:49.008+0100][debug][gc,heap        ] GC(41)  Metaspace       used 32037K, committed 32448K, reserved 1114112K
[2024-02-14T16:50:49.008+0100][debug][gc,heap        ] GC(41)   class space    used 3379K, committed 3584K, reserved 1048576K
[2024-02-14T16:50:49.008+0100][info ][gc,start       ] GC(41) Garbage Collection (Allocation Rate)
[2024-02-14T16:50:49.008+0100][info ][gc,task        ] GC(41) Using 2 workers
[2024-02-14T16:50:49.008+0100][debug][gc,phases,start] GC(41) Pause Mark Start
[2024-02-14T16:50:49.008+0100][debug][gc,marking     ] GC(41) Using 2 mark stripes
[2024-02-14T16:50:49.008+0100][debug][gc,marking     ] GC(41) Mark Worker/Stripe Distribution
[2024-02-14T16:50:49.008+0100][debug][gc,marking     ] GC(41)   Worker 0(2) -> Stripe 0(2)
[2024-02-14T16:50:49.008+0100][debug][gc,marking     ] GC(41)   Worker 1(2) -> Stripe 1(2)
[2024-02-14T16:50:49.008+0100][info ][gc,phases      ] GC(41) Pause Mark Start 0,071ms
[2024-02-14T16:50:49.008+0100][debug][gc,phases,start] GC(41) Concurrent Mark
[2024-02-14T16:50:49.008+0100][debug][gc,task        ] GC(41) Executing Task: XMarkRootsTask, Active Workers: 2
[2024-02-14T16:50:49.009+0100][debug][gc,tlab        ] GC(41) TLAB totals: thrds: 11  refills: 28953 max: 28918 slow allocs: 8 max 8 waste:  1,0% gc: 935168B max: 215128B slow: 74881792B max: 74863000B
[2024-02-14T16:50:49.009+0100][debug][gc,task        ] GC(41) Executing Task: XMarkTask, Active Workers: 2
[2024-02-14T16:50:49.107+0100][debug][gc,alloc       ] Allocation Rate: 3260,0MB/s, Predicted: 3314,7MB/s, Avg: 3218,8(+/-56,8)MB/s
[2024-02-14T16:50:49.207+0100][debug][gc,alloc       ] Allocation Rate: 3262,0MB/s, Predicted: 3303,5MB/s, Avg: 3233,8(+/-45,3)MB/s
[2024-02-14T16:50:49.307+0100][debug][gc,alloc       ] Allocation Rate: 3260,0MB/s, Predicted: 3287,3MB/s, Avg: 3246,4(+/-31,0)MB/s
[2024-02-14T16:50:49.407+0100][debug][gc,alloc       ] Allocation Rate: 3250,0MB/s, Predicted: 3271,6MB/s, Avg: 3253,2(+/-22,4)MB/s
[2024-02-14T16:50:49.507+0100][debug][gc,alloc       ] Allocation Rate: 3256,0MB/s, Predicted: 3259,6MB/s, Avg: 3258,4(+/-15,3)MB/s
[2024-02-14T16:50:49.607+0100][debug][gc,alloc       ] Allocation Rate: 3274,0MB/s, Predicted: 3255,6MB/s, Avg: 3263,8(+/-9,1)MB/s
[2024-02-14T16:50:49.708+0100][debug][gc,alloc       ] Allocation Rate: 3270,0MB/s, Predicted: 3262,9MB/s, Avg: 3262,6(+/-7,2)MB/s
[2024-02-14T16:50:49.808+0100][debug][gc,alloc       ] Allocation Rate: 3234,0MB/s, Predicted: 3254,0MB/s, Avg: 3258,8(+/-10,5)MB/s
[2024-02-14T16:50:49.908+0100][debug][gc,alloc       ] Allocation Rate: 3208,0MB/s, Predicted: 3235,1MB/s, Avg: 3253,2(+/-18,3)MB/s
[2024-02-14T16:50:49.912+0100][info ][gc,phases      ] GC(41) Concurrent Mark 903,597ms
[2024-02-14T16:50:49.912+0100][debug][gc,phases,start] GC(41) Pause Mark End
[2024-02-14T16:50:49.912+0100][info ][gc,phases      ] GC(41) Pause Mark End 0,047ms
[2024-02-14T16:50:49.912+0100][debug][gc,phases,start] GC(41) Concurrent Mark Free
[2024-02-14T16:50:49.912+0100][info ][gc,phases      ] GC(41) Concurrent Mark Free 0,021ms
[2024-02-14T16:50:49.912+0100][debug][gc,phases,start] GC(41) Concurrent Process Non-Strong References
[2024-02-14T16:50:49.912+0100][debug][gc,phases,start] GC(41) Concurrent References Process
[2024-02-14T16:50:49.912+0100][debug][gc,task        ] GC(41) Executing Task: XReferenceProcessorTask, Active Workers: 2
[2024-02-14T16:50:49.916+0100][debug][gc,phases      ] GC(41) Concurrent References Process 4,406ms
[2024-02-14T16:50:49.916+0100][debug][gc,task        ] GC(41) Executing Task: XProcessWeakRootsTask, Active Workers: 2
[2024-02-14T16:50:49.917+0100][debug][gc,phases,start] GC(41) Concurrent Classes Unlink
[2024-02-14T16:50:49.917+0100][debug][gc,phases,start] GC(41) ClassLoaderData
[2024-02-14T16:50:49.917+0100][debug][gc,phases      ] GC(41) ClassLoaderData 0,034ms
[2024-02-14T16:50:49.917+0100][debug][gc,phases,start] GC(41) Trigger cleanups
[2024-02-14T16:50:49.917+0100][debug][gc,phases      ] GC(41) Trigger cleanups 0,005ms
[2024-02-14T16:50:49.917+0100][debug][gc,task        ] GC(41) Executing Task: XNMethodUnlinkTask, Active Workers: 2
[2024-02-14T16:50:49.920+0100][debug][gc,phases      ] GC(41) Concurrent Classes Unlink 2,825ms
[2024-02-14T16:50:49.920+0100][debug][gc,phases,start] GC(41) Concurrent Classes Purge
[2024-02-14T16:50:49.920+0100][debug][gc,nmethod     ] GC(41) Unregister NMethod: java.util.concurrent.ConcurrentHashMap.computeIfPresent (0x00007f9f2b4a2e10)
[2024-02-14T16:50:49.920+0100][debug][gc,nmethod     ] GC(41) Unregister NMethod: java.util.concurrent.ConcurrentHashMap.get (0x00007f9f2b36ac10)
[2024-02-14T16:50:49.920+0100][debug][gc,nmethod     ] GC(41) Unregister NMethod: com.github.benmanes.caffeine.cache.LocalManualCache.getIfPresent (0x00007f9f2b7d7a90)
[2024-02-14T16:50:49.920+0100][debug][gc,nmethod     ] GC(41) Unregister NMethod: java.util.concurrent.ConcurrentHashMap.putVal (0x00007f9f2b7cfb90)
[2024-02-14T16:50:49.920+0100][debug][gc,nmethod     ] GC(41) Unregister NMethod: io.sirix.io.filechannel.FileChannelReader.close (0x00007f9f0be95410)
[2024-02-14T16:50:49.920+0100][debug][gc,nmethod     ] GC(41) Unregister NMethod: java.util.concurrent.ConcurrentHashMap$Node.<init> (0x00007f9f0ba3f410)
[2024-02-14T16:50:49.920+0100][debug][gc,nmethod     ] GC(41) Unregister NMethod: io.sirix.access.trx.page.NodePageReadOnlyTrx.getPageFragments (0x00007f9f2b823010)
[2024-02-14T16:50:49.920+0100][debug][gc,phases      ] GC(41) Concurrent Classes Purge 0,068ms
[2024-02-14T16:50:49.920+0100][debug][gc,phases,start] GC(41) Concurrent References Enqueue
[2024-02-14T16:50:49.920+0100][debug][gc,phases      ] GC(41) Concurrent References Enqueue 0,008ms
[2024-02-14T16:50:49.920+0100][info ][gc,phases      ] GC(41) Concurrent Process Non-Strong References 7,760ms
[2024-02-14T16:50:49.920+0100][debug][gc,phases,start] GC(41) Concurrent Reset Relocation Set
[2024-02-14T16:50:49.920+0100][info ][gc,phases      ] GC(41) Concurrent Reset Relocation Set 0,121ms
[2024-02-14T16:50:49.920+0100][debug][gc,phases,start] GC(41) Concurrent Select Relocation Set
[2024-02-14T16:50:49.921+0100][debug][gc,task        ] GC(41) Executing Task: XRelocationSetInstallTask, Active Workers: 2
[2024-02-14T16:50:49.929+0100][info ][gc,phases      ] GC(41) Concurrent Select Relocation Set 9,372ms
[2024-02-14T16:50:49.929+0100][debug][gc,phases,start] GC(41) Pause Relocate Start
[2024-02-14T16:50:49.929+0100][info ][gc,phases      ] GC(41) Pause Relocate Start 0,031ms
[2024-02-14T16:50:49.930+0100][debug][gc,phases,start] GC(41) Concurrent Relocate
[2024-02-14T16:50:49.930+0100][debug][gc,task        ] GC(41) Executing Task: XRelocateTask, Active Workers: 2
[2024-02-14T16:50:50.007+0100][debug][gc,alloc       ] Allocation Rate: 3166,0MB/s, Predicted: 3201,5MB/s, Avg: 3244,0(+/-31,7)MB/s
[2024-02-14T16:50:50.051+0100][info ][gc,phases      ] GC(41) Concurrent Relocate 121,033ms
[2024-02-14T16:50:50.051+0100][debug][gc,heap        ] GC(41) Heap after GC invocations=42 (full 42):
[2024-02-14T16:50:50.051+0100][debug][gc,heap        ] GC(41)  ZHeap           used 7240M, capacity 14594M, max capacity 15360M
[2024-02-14T16:50:50.051+0100][debug][gc,heap        ] GC(41)  Metaspace       used 32037K, committed 32448K, reserved 1114112K
[2024-02-14T16:50:50.051+0100][debug][gc,heap        ] GC(41)   class space    used 3379K, committed 3584K, reserved 1048576K
[2024-02-14T16:50:50.051+0100][info ][gc,load        ] GC(41) Load: 3,23/1,95/1,77
[2024-02-14T16:50:50.051+0100][info ][gc,mmu         ] GC(41) MMU: 2ms/92,8%, 5ms/97,1%, 10ms/98,6%, 20ms/99,1%, 50ms/99,6%, 100ms/99,8%
[2024-02-14T16:50:50.051+0100][info ][gc,marking     ] GC(41) Mark: 2 stripe(s), 2 proactive flush(es), 1 terminate flush(es), 0 completion(s), 0 continuation(s) 
[2024-02-14T16:50:50.051+0100][info ][gc,marking     ] GC(41) Mark Stack Usage: 32M
[2024-02-14T16:50:50.051+0100][info ][gc,nmethod     ] GC(41) NMethods: 4259 registered, 1465 unregistered
[2024-02-14T16:50:50.051+0100][info ][gc,metaspace   ] GC(41) Metaspace: 31M used, 31M committed, 1088M reserved
[2024-02-14T16:50:50.051+0100][info ][gc,ref         ] GC(41) Soft: 3896 encountered, 0 discovered, 0 enqueued
[2024-02-14T16:50:50.051+0100][info ][gc,ref         ] GC(41) Weak: 2055 encountered, 258 discovered, 0 enqueued
[2024-02-14T16:50:50.051+0100][info ][gc,ref         ] GC(41) Final: 14157 encountered, 14157 discovered, 14156 enqueued
[2024-02-14T16:50:50.051+0100][info ][gc,ref         ] GC(41) Phantom: 14559 encountered, 14372 discovered, 14164 enqueued
[2024-02-14T16:50:50.051+0100][info ][gc,reloc       ] GC(41) Small Pages: 5585 / 11170M, Empty: 174M, Relocated: 363M, In-Place: 0
[2024-02-14T16:50:50.051+0100][info ][gc,reloc       ] GC(41) Medium Pages: 1 / 32M, Empty: 0M, Relocated: 0M, In-Place: 0
[2024-02-14T16:50:50.051+0100][info ][gc,reloc       ] GC(41) Large Pages: 0 / 0M, Empty: 0M, Relocated: 0M, In-Place: 0
[2024-02-14T16:50:50.051+0100][info ][gc,reloc       ] GC(41) Forwarding Usage: 161M
[2024-02-14T16:50:50.051+0100][info ][gc,heap        ] GC(41) Min Capacity: 5120M(33%)
[2024-02-14T16:50:50.051+0100][info ][gc,heap        ] GC(41) Max Capacity: 15360M(100%)
[2024-02-14T16:50:50.051+0100][info ][gc,heap        ] GC(41) Soft Max Capacity: 15360M(100%)
[2024-02-14T16:50:50.051+0100][info ][gc,heap        ] GC(41)                Mark Start          Mark End        Relocate Start      Relocate End           High               Low         
[2024-02-14T16:50:50.051+0100][info ][gc,heap        ] GC(41)  Capacity:    14594M (95%)       14594M (95%)       14594M (95%)       14594M (95%)       14594M (95%)       14594M (95%)    
[2024-02-14T16:50:50.051+0100][info ][gc,heap        ] GC(41)      Free:     4158M (27%)        1262M (8%)         1382M (9%)         8120M (53%)        8130M (53%)        1236M (8%)     
[2024-02-14T16:50:50.051+0100][info ][gc,heap        ] GC(41)      Used:    11202M (73%)       14098M (92%)       13978M (91%)        7240M (47%)       14124M (92%)        7230M (47%)    
[2024-02-14T16:50:50.051+0100][info ][gc,heap        ] GC(41)      Live:         -              3708M (24%)        3708M (24%)        3708M (24%)            -                  -          
[2024-02-14T16:50:50.051+0100][info ][gc,heap        ] GC(41) Allocated:         -              2896M (19%)        2950M (19%)        3283M (21%)            -                  -          
[2024-02-14T16:50:50.051+0100][info ][gc,heap        ] GC(41)   Garbage:         -              7493M (49%)        7319M (48%)         248M (2%)             -                  -          
[2024-02-14T16:50:50.051+0100][info ][gc,heap        ] GC(41) Reclaimed:         -                  -               174M (1%)         7245M (47%)            -                  -          
[2024-02-14T16:50:50.051+0100][info ][gc             ] GC(41) Garbage Collection (Allocation Rate) 11202M(73%)->7240M(47%)
[2024-02-14T16:50:50.107+0100][debug][gc,alloc       ] Allocation Rate: 3134,0MB/s, Predicted: 3161,7MB/s, Avg: 3231,4(+/-45,1)MB/s
[2024-02-14T16:50:50.107+0100][debug][gc,director    ] Select GC Workers (Try Lowering), AvoidLongGCWorkers: 0,225, AvoidOOMGCWorkers: 0,976, NextAvoidOOMGCWorkers: 1,980, LastGCWorkers: 2,000, GCWorkers: 2,000
[2024-02-14T16:50:50.107+0100][debug][gc,director    ] Rule: Allocation Rate (Dynamic GC Workers), MaxAllocRate: 3379,8MB/s (+/-1,4%), Free: 7896MB, GCCPUTime: 2,249, GCDuration: 1,126s, TimeUntilOOM: 2,304s, TimeUntilGC: 1,078s, GCWorkers: 2 -> 2
[2024-02-14T16:50:50.107+0100][debug][gc,director    ] Rule: High Usage, Free: 7896MB(51,4%)
[2024-02-14T16:50:50.107+0100][debug][gc,director    ] Rule: Proactive, UsedUntilEnabled: 1354MB, TimeUntilEnabled: 299,943s
[2024-02-14T16:50:50.207+0100][debug][gc,alloc       ] Allocation Rate: 3122,0MB/s, Predicted: 3126,1MB/s, Avg: 3217,4(+/-54,2)MB/s
[2024-02-14T16:50:50.207+0100][debug][gc,director    ] Select GC Workers (Normal), AvoidLongGCWorkers: 0,225, AvoidOOMGCWorkers: 1,025, LastGCWorkers: 2,000, GCWorkers: 1,025
[2024-02-14T16:50:50.207+0100][debug][gc,director    ] Rule: Allocation Rate (Dynamic GC Workers), MaxAllocRate: 3395,8MB/s (+/-1,7%), Free: 7576MB, GCCPUTime: 2,249, GCDuration: 1,126s, TimeUntilOOM: 2,194s, TimeUntilGC: 0,968s, GCWorkers: 2 -> 2
[2024-02-14T16:50:50.207+0100][debug][gc,director    ] Rule: High Usage, Free: 7576MB(49,3%)
[2024-02-14T16:50:50.207+0100][debug][gc,director    ] Rule: Proactive, UsedUntilEnabled: 1034MB, TimeUntilEnabled: 299,843s
[2024-02-14T16:50:50.307+0100][debug][gc,alloc       ] Allocation Rate: 3120,0MB/s, Predicted: 3098,5MB/s, Avg: 3203,4(+/-59,3)MB/s
[2024-02-14T16:50:50.307+0100][debug][gc,director    ] Select GC Workers (Normal), AvoidLongGCWorkers: 0,225, AvoidOOMGCWorkers: 1,073, LastGCWorkers: 2,000, GCWorkers: 1,073
[2024-02-14T16:50:50.307+0100][debug][gc,director    ] Rule: Allocation Rate (Dynamic GC Workers), MaxAllocRate: 3398,4MB/s (+/-1,8%), Free: 7254MB, GCCPUTime: 2,249, GCDuration: 1,126s, TimeUntilOOM: 2,096s, TimeUntilGC: 0,869s, GCWorkers: 2 -> 2
[2024-02-14T16:50:50.307+0100][debug][gc,director    ] Rule: High Usage, Free: 7254MB(47,2%)
[2024-02-14T16:50:50.307+0100][debug][gc,director    ] Rule: Proactive, UsedUntilEnabled: 712MB, TimeUntilEnabled: 299,743s
[2024-02-14T16:50:50.408+0100][debug][gc,alloc       ] Allocation Rate: 3120,0MB/s, Predicted: 3077,6MB/s, Avg: 3190,4(+/-61,8)MB/s
[2024-02-14T16:50:50.408+0100][debug][gc,director    ] Select GC Workers (Normal), AvoidLongGCWorkers: 0,225, AvoidOOMGCWorkers: 1,123, LastGCWorkers: 2,000, GCWorkers: 1,123
[2024-02-14T16:50:50.408+0100][debug][gc,director    ] Rule: Allocation Rate (Dynamic GC Workers), MaxAllocRate: 3393,8MB/s (+/-1,9%), Free: 6932MB, GCCPUTime: 2,249, GCDuration: 1,126s, TimeUntilOOM: 2,004s, TimeUntilGC: 0,777s, GCWorkers: 2 -> 2
[2024-02-14T16:50:50.408+0100][debug][gc,director    ] Rule: High Usage, Free: 6932MB(45,1%)
[2024-02-14T16:50:50.408+0100][debug][gc,director    ] Rule: Proactive, UsedUntilEnabled: 390MB, TimeUntilEnabled: 299,643s
[2024-02-14T16:50:50.508+0100][debug][gc,alloc       ] Allocation Rate: 3120,0MB/s, Predicted: 3066,9MB/s, Avg: 3176,8(+/-60,8)MB/s
[2024-02-14T16:50:50.508+0100][debug][gc,director    ] Select GC Workers (Normal), AvoidLongGCWorkers: 0,225, AvoidOOMGCWorkers: 1,172, LastGCWorkers: 2,000, GCWorkers: 1,172
[2024-02-14T16:50:50.508+0100][debug][gc,director    ] Rule: Allocation Rate (Dynamic GC Workers), MaxAllocRate: 3377,0MB/s (+/-1,9%), Free: 6606MB, GCCPUTime: 2,249, GCDuration: 1,126s, TimeUntilOOM: 1,919s, TimeUntilGC: 0,693s, GCWorkers: 2 -> 2
[2024-02-14T16:50:50.508+0100][debug][gc,director    ] Rule: High Usage, Free: 6606MB(43,0%)
[2024-02-14T16:50:50.508+0100][debug][gc,director    ] Rule: Proactive, UsedUntilEnabled: 64MB, TimeUntilEnabled: 299,543s
[2024-02-14T16:50:50.608+0100][debug][gc,alloc       ] Allocation Rate: 3118,0MB/s, Predicted: 3069,3MB/s, Avg: 3161,2(+/-53,5)MB/s
[2024-02-14T16:50:50.608+0100][debug][gc,director    ] Select GC Workers (Normal), AvoidLongGCWorkers: 0,225, AvoidOOMGCWorkers: 1,216, LastGCWorkers: 2,000, GCWorkers: 1,216
[2024-02-14T16:50:50.608+0100][debug][gc,director    ] Rule: Allocation Rate (Dynamic GC Workers), MaxAllocRate: 3337,1MB/s (+/-1,7%), Free: 6280MB, GCCPUTime: 2,249, GCDuration: 1,126s, TimeUntilOOM: 1,851s, TimeUntilGC: 0,624s, GCWorkers: 2 -> 2
[2024-02-14T16:50:50.608+0100][debug][gc,director    ] Rule: High Usage, Free: 6280MB(40,9%)
[2024-02-14T16:50:50.608+0100][debug][gc,director    ] Rule: Proactive, AcceptableGCInterval: 22,182s, TimeSinceLastGC: 0,557s, TimeUntilGC: 21,625s
[2024-02-14T16:50:50.707+0100][debug][gc,alloc       ] Allocation Rate: 3122,0MB/s, Predicted: 3082,7MB/s, Avg: 3146,4(+/-40,1)MB/s
[2024-02-14T16:50:50.707+0100][debug][gc,director    ] Select GC Workers (Normal), AvoidLongGCWorkers: 0,225, AvoidOOMGCWorkers: 1,255, LastGCWorkers: 2,000, GCWorkers: 1,255
[2024-02-14T16:50:50.707+0100][debug][gc,director    ] Rule: Allocation Rate (Dynamic GC Workers), MaxAllocRate: 3278,4MB/s (+/-1,3%), Free: 5952MB, GCCPUTime: 2,249, GCDuration: 1,126s, TimeUntilOOM: 1,793s, TimeUntilGC: 0,566s, GCWorkers: 2 -> 2
[2024-02-14T16:50:50.707+0100][debug][gc,director    ] Rule: High Usage, Free: 5952MB(38,8%)
[2024-02-14T16:50:50.707+0100][debug][gc,director    ] Rule: Proactive, AcceptableGCInterval: 22,182s, TimeSinceLastGC: 0,656s, TimeUntilGC: 21,526s
[2024-02-14T16:50:50.807+0100][debug][gc,alloc       ] Allocation Rate: 3158,0MB/s, Predicted: 3110,7MB/s, Avg: 3138,8(+/-28,2)MB/s
[2024-02-14T16:50:50.807+0100][debug][gc,director    ] Select GC Workers (Normal), AvoidLongGCWorkers: 0,225, AvoidOOMGCWorkers: 1,306, LastGCWorkers: 2,000, GCWorkers: 1,306
[2024-02-14T16:50:50.807+0100][debug][gc,director    ] Rule: Allocation Rate (Dynamic GC Workers), MaxAllocRate: 3231,7MB/s (+/-0,9%), Free: 5620MB, GCCPUTime: 2,249, GCDuration: 1,126s, TimeUntilOOM: 1,723s, TimeUntilGC: 0,497s, GCWorkers: 2 -> 2
[2024-02-14T16:50:50.807+0100][debug][gc,director    ] Rule: High Usage, Free: 5620MB(36,6%)
[2024-02-14T16:50:50.807+0100][debug][gc,director    ] Rule: Proactive, AcceptableGCInterval: 22,182s, TimeSinceLastGC: 0,757s, TimeUntilGC: 21,426s
[2024-02-14T16:50:50.907+0100][debug][gc,alloc       ] Allocation Rate: 3190,0MB/s, Predicted: 3149,6MB/s, Avg: 3137,0(+/-24,0)MB/s
[2024-02-14T16:50:50.907+0100][debug][gc,director    ] Select GC Workers (Normal), AvoidLongGCWorkers: 0,225, AvoidOOMGCWorkers: 1,384, LastGCWorkers: 2,000, GCWorkers: 1,384
[2024-02-14T16:50:50.907+0100][debug][gc,director    ] Rule: Allocation Rate (Dynamic GC Workers), MaxAllocRate: 3228,7MB/s (+/-0,8%), Free: 5290MB, GCCPUTime: 2,249, GCDuration: 1,126s, TimeUntilOOM: 1,626s, TimeUntilGC: 0,400s, GCWorkers: 2 -> 2
[2024-02-14T16:50:50.907+0100][debug][gc,director    ] Rule: High Usage, Free: 5290MB(34,4%)
[2024-02-14T16:50:50.907+0100][debug][gc,director    ] Rule: Proactive, AcceptableGCInterval: 22,182s, TimeSinceLastGC: 0,857s, TimeUntilGC: 21,325s
[2024-02-14T16:50:51.008+0100][debug][gc,alloc       ] Allocation Rate: 3232,0MB/s, Predicted: 3195,3MB/s, Avg: 3143,6(+/-36,8)MB/s
[2024-02-14T16:50:51.008+0100][debug][gc,director    ] Select GC Workers (Normal), AvoidLongGCWorkers: 0,225, AvoidOOMGCWorkers: 1,521, LastGCWorkers: 2,000, GCWorkers: 1,521
[2024-02-14T16:50:51.008+0100][debug][gc,director    ] Rule: Allocation Rate (Dynamic GC Workers), MaxAllocRate: 3316,4MB/s (+/-1,2%), Free: 4964MB, GCCPUTime: 2,249, GCDuration: 1,126s, TimeUntilOOM: 1,480s, TimeUntilGC: 0,253s, GCWorkers: 2 -> 2
[2024-02-14T16:50:51.008+0100][debug][gc,director    ] Rule: High Usage, Free: 4964MB(32,3%)
[2024-02-14T16:50:51.008+0100][debug][gc,director    ] Rule: Proactive, AcceptableGCInterval: 22,182s, TimeSinceLastGC: 0,957s, TimeUntilGC: 21,225s
[2024-02-14T16:50:51.108+0100][debug][gc,alloc       ] Allocation Rate: 3264,0MB/s, Predicted: 3240,9MB/s, Avg: 3156,6(+/-51,2)MB/s
[2024-02-14T16:50:51.108+0100][debug][gc,director    ] Select GC Workers (Normal), AvoidLongGCWorkers: 0,225, AvoidOOMGCWorkers: 1,683, LastGCWorkers: 2,000, GCWorkers: 1,683
[2024-02-14T16:50:51.108+0100][debug][gc,director    ] Rule: Allocation Rate (Dynamic GC Workers), MaxAllocRate: 3409,5MB/s (+/-1,6%), Free: 4634MB, GCCPUTime: 2,249, GCDuration: 1,126s, TimeUntilOOM: 1,337s, TimeUntilGC: 0,111s, GCWorkers: 2 -> 2
[2024-02-14T16:50:51.108+0100][debug][gc,director    ] Rule: High Usage, Free: 4634MB(30,2%)
[2024-02-14T16:50:51.108+0100][debug][gc,director    ] Rule: Proactive, AcceptableGCInterval: 22,182s, TimeSinceLastGC: 1,057s, TimeUntilGC: 21,125s
[2024-02-14T16:50:51.208+0100][debug][gc,alloc       ] Allocation Rate: 3276,0MB/s, Predicted: 3279,5MB/s, Avg: 3172,0(+/-60,8)MB/s
[2024-02-14T16:50:51.208+0100][debug][gc,director    ] Select GC Workers (Normal), AvoidLongGCWorkers: 0,225, AvoidOOMGCWorkers: 1,856, LastGCWorkers: 2,000, GCWorkers: 1,856
[2024-02-14T16:50:51.208+0100][debug][gc,director    ] Rule: Allocation Rate (Dynamic GC Workers), MaxAllocRate: 3479,4MB/s (+/-1,9%), Free: 4302MB, GCCPUTime: 2,249, GCDuration: 1,126s, TimeUntilOOM: 1,213s, TimeUntilGC: -0,013s, GCWorkers: 2 -> 2
[2024-02-14T16:50:51.208+0100][debug][gc,heap        ] GC(42) Heap before GC invocations=42 (full 42):
[2024-02-14T16:50:51.208+0100][debug][gc,heap        ] GC(42)  ZHeap           used 11016M, capacity 14594M, max capacity 15360M
[2024-02-14T16:50:51.208+0100][debug][gc,heap        ] GC(42)  Metaspace       used 32037K, committed 32448K, reserved 1114112K
[2024-02-14T16:50:51.208+0100][debug][gc,heap        ] GC(42)   class space    used 3379K, committed 3584K, reserved 1048576K
[2024-02-14T16:50:51.208+0100][info ][gc,start       ] GC(42) Garbage Collection (Allocation Rate)
[2024-02-14T16:50:51.208+0100][info ][gc,task        ] GC(42) Using 2 workers
[2024-02-14T16:50:51.208+0100][debug][gc,phases,start] GC(42) Pause Mark Start
[2024-02-14T16:50:51.208+0100][debug][gc,marking     ] GC(42) Using 2 mark stripes
[2024-02-14T16:50:51.208+0100][debug][gc,marking     ] GC(42) Mark Worker/Stripe Distribution
[2024-02-14T16:50:51.208+0100][debug][gc,marking     ] GC(42)   Worker 0(2) -> Stripe 0(2)
[2024-02-14T16:50:51.208+0100][debug][gc,marking     ] GC(42)   Worker 1(2) -> Stripe 1(2)
[2024-02-14T16:50:51.208+0100][info ][gc,phases      ] GC(42) Pause Mark Start 0,064ms
[2024-02-14T16:50:51.208+0100][debug][gc,phases,start] GC(42) Concurrent Mark
[2024-02-14T16:50:51.208+0100][debug][gc,task        ] GC(42) Executing Task: XMarkRootsTask, Active Workers: 2
[2024-02-14T16:50:51.209+0100][debug][gc,tlab        ] GC(42) TLAB totals: thrds: 9  refills: 28202 max: 28168 slow allocs: 11 max 11 waste:  1,0% gc: 1153520B max: 250400B slow: 73662744B max: 73646328B
[2024-02-14T16:50:51.209+0100][debug][gc,task        ] GC(42) Executing Task: XMarkTask, Active Workers: 2
[2024-02-14T16:50:51.307+0100][debug][gc,alloc       ] Allocation Rate: 3242,0MB/s, Predicted: 3293,6MB/s, Avg: 3184,2(+/-61,3)MB/s
[2024-02-14T16:50:51.407+0100][debug][gc,alloc       ] Allocation Rate: 3240,0MB/s, Predicted: 3298,8MB/s, Avg: 3196,2(+/-59,3)MB/s
[2024-02-14T16:50:51.507+0100][debug][gc,alloc       ] Allocation Rate: 3240,0MB/s, Predicted: 3296,0MB/s, Avg: 3208,2(+/-54,6)MB/s
[2024-02-14T16:50:51.607+0100][debug][gc,alloc       ] Allocation Rate: 3238,0MB/s, Predicted: 3283,9MB/s, Avg: 3220,2(+/-46,0)MB/s
[2024-02-14T16:50:51.707+0100][debug][gc,alloc       ] Allocation Rate: 3232,0MB/s, Predicted: 3262,4MB/s, Avg: 3231,2(+/-32,3)MB/s
[2024-02-14T16:50:51.808+0100][debug][gc,alloc       ] Allocation Rate: 3226,0MB/s, Predicted: 3240,8MB/s, Avg: 3238,0(+/-21,6)MB/s
[2024-02-14T16:50:51.908+0100][debug][gc,alloc       ] Allocation Rate: 3218,0MB/s, Predicted: 3220,0MB/s, Avg: 3240,8(+/-16,4)MB/s
[2024-02-14T16:50:52.008+0100][debug][gc,alloc       ] Allocation Rate: 3212,0MB/s, Predicted: 3206,1MB/s, Avg: 3238,8(+/-18,4)MB/s
[2024-02-14T16:50:52.108+0100][debug][gc,alloc       ] Allocation Rate: 3204,0MB/s, Predicted: 3198,9MB/s, Avg: 3232,8(+/-19,0)MB/s
[2024-02-14T16:50:52.109+0100][info ][gc,phases      ] GC(42) Concurrent Mark 900,236ms
[2024-02-14T16:50:52.109+0100][debug][gc,phases,start] GC(42) Pause Mark End
[2024-02-14T16:50:52.109+0100][info ][gc,phases      ] GC(42) Pause Mark End 0,034ms
[2024-02-14T16:50:52.109+0100][debug][gc,phases,start] GC(42) Concurrent Mark Free
[2024-02-14T16:50:52.109+0100][info ][gc,phases      ] GC(42) Concurrent Mark Free 0,025ms
[2024-02-14T16:50:52.109+0100][debug][gc,phases,start] GC(42) Concurrent Process Non-Strong References
[2024-02-14T16:50:52.109+0100][debug][gc,phases,start] GC(42) Concurrent References Process
[2024-02-14T16:50:52.109+0100][debug][gc,task        ] GC(42) Executing Task: XReferenceProcessorTask, Active Workers: 2
[2024-02-14T16:50:52.113+0100][debug][gc,phases      ] GC(42) Concurrent References Process 4,187ms
[2024-02-14T16:50:52.113+0100][debug][gc,task        ] GC(42) Executing Task: XProcessWeakRootsTask, Active Workers: 2
[2024-02-14T16:50:52.113+0100][debug][gc,phases,start] GC(42) Concurrent Classes Unlink
[2024-02-14T16:50:52.113+0100][debug][gc,phases,start] GC(42) ClassLoaderData
[2024-02-14T16:50:52.113+0100][debug][gc,phases      ] GC(42) ClassLoaderData 0,032ms
[2024-02-14T16:50:52.113+0100][debug][gc,phases,start] GC(42) Trigger cleanups
[2024-02-14T16:50:52.113+0100][debug][gc,phases      ] GC(42) Trigger cleanups 0,005ms
[2024-02-14T16:50:52.113+0100][debug][gc,task        ] GC(42) Executing Task: XNMethodUnlinkTask, Active Workers: 2
[2024-02-14T16:50:52.116+0100][debug][gc,phases      ] GC(42) Concurrent Classes Unlink 2,399ms
[2024-02-14T16:50:52.116+0100][debug][gc,phases,start] GC(42) Concurrent Classes Purge
[2024-02-14T16:50:52.116+0100][debug][gc,nmethod     ] GC(42) Unregister NMethod: java.util.concurrent.ConcurrentHashMap.get (0x00007f9f0c0a7610)
[2024-02-14T16:50:52.116+0100][debug][gc,nmethod     ] GC(42) Unregister NMethod: jdk.internal.misc.Unsafe.putLongOpaque (0x00007f9f0bd51810)
[2024-02-14T16:50:52.116+0100][debug][gc,nmethod     ] GC(42) Unregister NMethod: java.util.concurrent.ConcurrentHashMap.computeIfPresent (0x00007f9f0c049a90)
[2024-02-14T16:50:52.116+0100][debug][gc,nmethod     ] GC(42) Unregister NMethod: java.util.concurrent.ConcurrentHashMap.putVal (0x00007f9f0bc54390)
[2024-02-14T16:50:52.116+0100][debug][gc,nmethod     ] GC(42) Unregister NMethod: io.sirix.access.trx.page.NodePageReadOnlyTrx.getPageFragments (0x00007f9f0c06d290)
[2024-02-14T16:50:52.116+0100][debug][gc,phases      ] GC(42) Concurrent Classes Purge 0,050ms
[2024-02-14T16:50:52.116+0100][debug][gc,phases,start] GC(42) Concurrent References Enqueue
[2024-02-14T16:50:52.116+0100][debug][gc,phases      ] GC(42) Concurrent References Enqueue 0,007ms
[2024-02-14T16:50:52.116+0100][info ][gc,phases      ] GC(42) Concurrent Process Non-Strong References 7,000ms
[2024-02-14T16:50:52.116+0100][debug][gc,phases,start] GC(42) Concurrent Reset Relocation Set
[2024-02-14T16:50:52.116+0100][info ][gc,phases      ] GC(42) Concurrent Reset Relocation Set 0,102ms
[2024-02-14T16:50:52.116+0100][debug][gc,phases,start] GC(42) Concurrent Select Relocation Set
[2024-02-14T16:50:52.117+0100][debug][gc,task        ] GC(42) Executing Task: XRelocationSetInstallTask, Active Workers: 2
[2024-02-14T16:50:52.125+0100][info ][gc,phases      ] GC(42) Concurrent Select Relocation Set 9,334ms
[2024-02-14T16:50:52.125+0100][debug][gc,phases,start] GC(42) Pause Relocate Start
[2024-02-14T16:50:52.125+0100][info ][gc,phases      ] GC(42) Pause Relocate Start 0,062ms
[2024-02-14T16:50:52.125+0100][debug][gc,phases,start] GC(42) Concurrent Relocate
[2024-02-14T16:50:52.125+0100][debug][gc,task        ] GC(42) Executing Task: XRelocateTask, Active Workers: 2
[2024-02-14T16:50:52.207+0100][debug][gc,alloc       ] Allocation Rate: 3096,0MB/s, Predicted: 3155,7MB/s, Avg: 3214,8(+/-41,5)MB/s
[2024-02-14T16:50:52.234+0100][info ][gc,phases      ] GC(42) Concurrent Relocate 108,823ms
[2024-02-14T16:50:52.234+0100][debug][gc,heap        ] GC(42) Heap after GC invocations=43 (full 43):
[2024-02-14T16:50:52.234+0100][debug][gc,heap        ] GC(42)  ZHeap           used 7110M, capacity 14594M, max capacity 15360M
[2024-02-14T16:50:52.234+0100][debug][gc,heap        ] GC(42)  Metaspace       used 32037K, committed 32448K, reserved 1114112K
[2024-02-14T16:50:52.234+0100][debug][gc,heap        ] GC(42)   class space    used 3379K, committed 3584K, reserved 1048576K
[2024-02-14T16:50:52.234+0100][info ][gc,load        ] GC(42) Load: 3,23/1,95/1,77
[2024-02-14T16:50:52.234+0100][info ][gc,mmu         ] GC(42) MMU: 2ms/92,8%, 5ms/97,1%, 10ms/98,6%, 20ms/99,1%, 50ms/99,6%, 100ms/99,8%
[2024-02-14T16:50:52.234+0100][info ][gc,marking     ] GC(42) Mark: 2 stripe(s), 2 proactive flush(es), 1 terminate flush(es), 0 completion(s), 0 continuation(s) 
[2024-02-14T16:50:52.234+0100][info ][gc,marking     ] GC(42) Mark Stack Usage: 32M
[2024-02-14T16:50:52.234+0100][info ][gc,nmethod     ] GC(42) NMethods: 4255 registered, 1470 unregistered
[2024-02-14T16:50:52.234+0100][info ][gc,metaspace   ] GC(42) Metaspace: 31M used, 31M committed, 1088M reserved
[2024-02-14T16:50:52.234+0100][info ][gc,ref         ] GC(42) Soft: 3896 encountered, 0 discovered, 0 enqueued
[2024-02-14T16:50:52.234+0100][info ][gc,ref         ] GC(42) Weak: 2055 encountered, 114 discovered, 0 enqueued
[2024-02-14T16:50:52.234+0100][info ][gc,ref         ] GC(42) Final: 13780 encountered, 13780 discovered, 13780 enqueued
[2024-02-14T16:50:52.234+0100][info ][gc,ref         ] GC(42) Phantom: 14180 encountered, 14053 discovered, 13785 enqueued
[2024-02-14T16:50:52.234+0100][info ][gc,reloc       ] GC(42) Small Pages: 5492 / 10984M, Empty: 234M, Relocated: 362M, In-Place: 0
[2024-02-14T16:50:52.234+0100][info ][gc,reloc       ] GC(42) Medium Pages: 1 / 32M, Empty: 0M, Relocated: 0M, In-Place: 0
[2024-02-14T16:50:52.234+0100][info ][gc,reloc       ] GC(42) Large Pages: 0 / 0M, Empty: 0M, Relocated: 0M, In-Place: 0
[2024-02-14T16:50:52.234+0100][info ][gc,reloc       ] GC(42) Forwarding Usage: 161M
[2024-02-14T16:50:52.234+0100][info ][gc,heap        ] GC(42) Min Capacity: 5120M(33%)
[2024-02-14T16:50:52.234+0100][info ][gc,heap        ] GC(42) Max Capacity: 15360M(100%)
[2024-02-14T16:50:52.234+0100][info ][gc,heap        ] GC(42) Soft Max Capacity: 15360M(100%)
[2024-02-14T16:50:52.234+0100][info ][gc,heap        ] GC(42)                Mark Start          Mark End        Relocate Start      Relocate End           High               Low         
[2024-02-14T16:50:52.234+0100][info ][gc,heap        ] GC(42)  Capacity:    14594M (95%)       14594M (95%)       14594M (95%)       14594M (95%)       14594M (95%)       14594M (95%)    
[2024-02-14T16:50:52.234+0100][info ][gc,heap        ] GC(42)      Free:     4344M (28%)        1470M (10%)        1652M (11%)        8250M (54%)        8252M (54%)        1446M (9%)     
[2024-02-14T16:50:52.234+0100][info ][gc,heap        ] GC(42)      Used:    11016M (72%)       13890M (90%)       13708M (89%)        7110M (46%)       13914M (91%)        7108M (46%)    
[2024-02-14T16:50:52.234+0100][info ][gc,heap        ] GC(42)      Live:         -              3708M (24%)        3708M (24%)        3708M (24%)            -                  -          
[2024-02-14T16:50:52.234+0100][info ][gc,heap        ] GC(42) Allocated:         -              2874M (19%)        2926M (19%)        3153M (21%)            -                  -          
[2024-02-14T16:50:52.234+0100][info ][gc,heap        ] GC(42)   Garbage:         -              7307M (48%)        7073M (46%)         247M (2%)             -                  -          
[2024-02-14T16:50:52.234+0100][info ][gc,heap        ] GC(42) Reclaimed:         -                  -               234M (2%)         7059M (46%)            -                  -          
[2024-02-14T16:50:52.234+0100][info ][gc             ] GC(42) Garbage Collection (Allocation Rate) 11016M(72%)->7110M(46%)
[2024-02-14T16:50:52.307+0100][debug][gc,alloc       ] Allocation Rate: 3086,0MB/s, Predicted: 3111,5MB/s, Avg: 3199,2(+/-55,3)MB/s
[2024-02-14T16:50:52.307+0100][debug][gc,director    ] Select GC Workers (Try Lowering), AvoidLongGCWorkers: 0,216, AvoidOOMGCWorkers: 0,930, NextAvoidOOMGCWorkers: 1,778, LastGCWorkers: 2,000, GCWorkers: 2,000
[2024-02-14T16:50:52.307+0100][debug][gc,director    ] Rule: Allocation Rate (Dynamic GC Workers), MaxAllocRate: 3381,3MB/s (+/-1,7%), Free: 7988MB, GCCPUTime: 2,160, GCDuration: 1,082s, TimeUntilOOM: 2,322s, TimeUntilGC: 1,140s, GCWorkers: 2 -> 2
[2024-02-14T16:50:52.307+0100][debug][gc,director    ] Rule: High Usage, Free: 7988MB(52,0%)
[2024-02-14T16:50:52.307+0100][debug][gc,director    ] Rule: Proactive, UsedUntilEnabled: 1316MB, TimeUntilEnabled: 299,927s
[2024-02-14T16:50:52.407+0100][debug][gc,alloc       ] Allocation Rate: 3078,0MB/s, Predicted: 3073,9MB/s, Avg: 3183,0(+/-64,1)MB/s
[2024-02-14T16:50:52.407+0100][debug][gc,director    ] Select GC Workers (Try Lowering), AvoidLongGCWorkers: 0,216, AvoidOOMGCWorkers: 0,975, NextAvoidOOMGCWorkers: 1,786, LastGCWorkers: 2,000, GCWorkers: 2,000
[2024-02-14T16:50:52.407+0100][debug][gc,director    ] Rule: Allocation Rate (Dynamic GC Workers), MaxAllocRate: 3393,8MB/s (+/-2,0%), Free: 7674MB, GCCPUTime: 2,160, GCDuration: 1,082s, TimeUntilOOM: 2,217s, TimeUntilGC: 1,035s, GCWorkers: 2 -> 2
[2024-02-14T16:50:52.407+0100][debug][gc,director    ] Rule: High Usage, Free: 7674MB(50,0%)
[2024-02-14T16:50:52.407+0100][debug][gc,director    ] Rule: Proactive, UsedUntilEnabled: 1002MB, TimeUntilEnabled: 299,827s
[2024-02-14T16:50:52.507+0100][debug][gc,alloc       ] Allocation Rate: 3074,0MB/s, Predicted: 3045,5MB/s, Avg: 3166,4(+/-68,5)MB/s
[2024-02-14T16:50:52.507+0100][debug][gc,director    ] Select GC Workers (Normal), AvoidLongGCWorkers: 0,216, AvoidOOMGCWorkers: 1,019, LastGCWorkers: 2,000, GCWorkers: 1,019
[2024-02-14T16:50:52.507+0100][debug][gc,director    ] Rule: Allocation Rate (Dynamic GC Workers), MaxAllocRate: 3391,8MB/s (+/-2,2%), Free: 7350MB, GCCPUTime: 2,160, GCDuration: 1,082s, TimeUntilOOM: 2,121s, TimeUntilGC: 0,939s, GCWorkers: 2 -> 2
[2024-02-14T16:50:52.507+0100][debug][gc,director    ] Rule: High Usage, Free: 7350MB(47,9%)
[2024-02-14T16:50:52.507+0100][debug][gc,director    ] Rule: Proactive, UsedUntilEnabled: 678MB, TimeUntilEnabled: 299,727s
[2024-02-14T16:50:52.607+0100][debug][gc,alloc       ] Allocation Rate: 3076,0MB/s, Predicted: 3028,4MB/s, Avg: 3150,2(+/-68,8)MB/s
[2024-02-14T16:50:52.608+0100][debug][gc,director    ] Select GC Workers (Normal), AvoidLongGCWorkers: 0,216, AvoidOOMGCWorkers: 1,061, LastGCWorkers: 2,000, GCWorkers: 1,061
[2024-02-14T16:50:52.608+0100][debug][gc,director    ] Rule: Allocation Rate (Dynamic GC Workers), MaxAllocRate: 3376,6MB/s (+/-2,2%), Free: 7026MB, GCCPUTime: 2,160, GCDuration: 1,082s, TimeUntilOOM: 2,036s, TimeUntilGC: 0,854s, GCWorkers: 2 -> 2
[2024-02-14T16:50:52.608+0100][debug][gc,director    ] Rule: High Usage, Free: 7026MB(45,7%)
[2024-02-14T16:50:52.608+0100][debug][gc,director    ] Rule: Proactive, UsedUntilEnabled: 354MB, TimeUntilEnabled: 299,627s
[2024-02-14T16:50:52.708+0100][debug][gc,alloc       ] Allocation Rate: 3082,0MB/s, Predicted: 3022,9MB/s, Avg: 3135,2(+/-65,6)MB/s
[2024-02-14T16:50:52.708+0100][debug][gc,director    ] Select GC Workers (Normal), AvoidLongGCWorkers: 0,216, AvoidOOMGCWorkers: 1,104, LastGCWorkers: 2,000, GCWorkers: 1,104
[2024-02-14T16:50:52.708+0100][debug][gc,director    ] Rule: Allocation Rate (Dynamic GC Workers), MaxAllocRate: 3351,1MB/s (+/-2,1%), Free: 6696MB, GCCPUTime: 2,160, GCDuration: 1,082s, TimeUntilOOM: 1,957s, TimeUntilGC: 0,775s, GCWorkers: 2 -> 2
[2024-02-14T16:50:52.708+0100][debug][gc,director    ] Rule: High Usage, Free: 6696MB(43,6%)
[2024-02-14T16:50:52.708+0100][debug][gc,director    ] Rule: Proactive, UsedUntilEnabled: 24MB, TimeUntilEnabled: 299,527s
[2024-02-14T16:50:52.808+0100][debug][gc,alloc       ] Allocation Rate: 3086,0MB/s, Predicted: 3027,5MB/s, Avg: 3121,2(+/-59,4)MB/s
[2024-02-14T16:50:52.808+0100][debug][gc,director    ] Select GC Workers (Normal), AvoidLongGCWorkers: 0,216, AvoidOOMGCWorkers: 1,147, LastGCWorkers: 2,000, GCWorkers: 1,147
[2024-02-14T16:50:52.808+0100][debug][gc,director    ] Rule: Allocation Rate (Dynamic GC Workers), MaxAllocRate: 3316,6MB/s (+/-1,9%), Free: 6368MB, GCCPUTime: 2,160, GCDuration: 1,082s, TimeUntilOOM: 1,884s, TimeUntilGC: 0,702s, GCWorkers: 2 -> 2
[2024-02-14T16:50:52.808+0100][debug][gc,director    ] Rule: High Usage, Free: 6368MB(41,5%)
[2024-02-14T16:50:52.808+0100][debug][gc,director    ] Rule: Proactive, AcceptableGCInterval: 21,306s, TimeSinceLastGC: 0,574s, TimeUntilGC: 20,733s
[2024-02-14T16:50:52.908+0100][debug][gc,alloc       ] Allocation Rate: 3094,0MB/s, Predicted: 3042,4MB/s, Avg: 3108,8(+/-50,1)MB/s
[2024-02-14T16:50:52.908+0100][debug][gc,director    ] Select GC Workers (Normal), AvoidLongGCWorkers: 0,216, AvoidOOMGCWorkers: 1,191, LastGCWorkers: 2,000, GCWorkers: 1,191
[2024-02-14T16:50:52.908+0100][debug][gc,director    ] Rule: Allocation Rate (Dynamic GC Workers), MaxAllocRate: 3273,6MB/s (+/-1,6%), Free: 6038MB, GCCPUTime: 2,160, GCDuration: 1,082s, TimeUntilOOM: 1,815s, TimeUntilGC: 0,633s, GCWorkers: 2 -> 2
[2024-02-14T16:50:52.908+0100][debug][gc,director    ] Rule: High Usage, Free: 6038MB(39,3%)
[2024-02-14T16:50:52.908+0100][debug][gc,director    ] Rule: Proactive, AcceptableGCInterval: 21,306s, TimeSinceLastGC: 0,674s, TimeUntilGC: 20,633s
[2024-02-14T16:50:53.007+0100][debug][gc,alloc       ] Allocation Rate: 3096,0MB/s, Predicted: 3064,8MB/s, Avg: 3097,2(+/-36,4)MB/s
[2024-02-14T16:50:53.007+0100][debug][gc,director    ] Select GC Workers (Normal), AvoidLongGCWorkers: 0,216, AvoidOOMGCWorkers: 1,231, LastGCWorkers: 2,000, GCWorkers: 1,231
[2024-02-14T16:50:53.007+0100][debug][gc,director    ] Rule: Allocation Rate (Dynamic GC Workers), MaxAllocRate: 3217,0MB/s (+/-1,2%), Free: 5714MB, GCCPUTime: 2,160, GCDuration: 1,082s, TimeUntilOOM: 1,756s, TimeUntilGC: 0,574s, GCWorkers: 2 -> 2
[2024-02-14T16:50:53.007+0100][debug][gc,director    ] Rule: High Usage, Free: 5714MB(37,2%)
[2024-02-14T16:50:53.007+0100][debug][gc,director    ] Rule: Proactive, AcceptableGCInterval: 21,306s, TimeSinceLastGC: 0,773s, TimeUntilGC: 20,534s
[2024-02-14T16:50:53.107+0100][debug][gc,alloc       ] Allocation Rate: 3102,0MB/s, Predicted: 3095,2MB/s, Avg: 3087,0(+/-9,1)MB/s
[2024-02-14T16:50:53.107+0100][debug][gc,director    ] Select GC Workers (Normal), AvoidLongGCWorkers: 0,216, AvoidOOMGCWorkers: 1,257, LastGCWorkers: 2,000, GCWorkers: 1,257
[2024-02-14T16:50:53.107+0100][debug][gc,director    ] Rule: Allocation Rate (Dynamic GC Workers), MaxAllocRate: 3125,3MB/s (+/-0,3%), Free: 5388MB, GCCPUTime: 2,160, GCDuration: 1,082s, TimeUntilOOM: 1,719s, TimeUntilGC: 0,537s, GCWorkers: 2 -> 2
[2024-02-14T16:50:53.107+0100][debug][gc,director    ] Rule: High Usage, Free: 5388MB(35,1%)
[2024-02-14T16:50:53.107+0100][debug][gc,director    ] Rule: Proactive, AcceptableGCInterval: 21,306s, TimeSinceLastGC: 0,873s, TimeUntilGC: 20,433s
[2024-02-14T16:50:53.207+0100][debug][gc,alloc       ] Allocation Rate: 3202,0MB/s, Predicted: 3143,6MB/s, Avg: 3097,6(+/-35,9)MB/s
[2024-02-14T16:50:53.207+0100][debug][gc,director    ] Select GC Workers (Normal), AvoidLongGCWorkers: 0,216, AvoidOOMGCWorkers: 1,409, LastGCWorkers: 2,000, GCWorkers: 1,409
[2024-02-14T16:50:53.207+0100][debug][gc,director    ] Rule: Allocation Rate (Dynamic GC Workers), MaxAllocRate: 3261,6MB/s (+/-1,2%), Free: 5064MB, GCCPUTime: 2,160, GCDuration: 1,082s, TimeUntilOOM: 1,535s, TimeUntilGC: 0,353s, GCWorkers: 2 -> 2
[2024-02-14T16:50:53.207+0100][debug][gc,director    ] Rule: High Usage, Free: 5064MB(33,0%)
[2024-02-14T16:50:53.207+0100][debug][gc,director    ] Rule: Proactive, AcceptableGCInterval: 21,306s, TimeSinceLastGC: 0,973s, TimeUntilGC: 20,333s
[2024-02-14T16:50:53.308+0100][debug][gc,alloc       ] Allocation Rate: 3246,0MB/s, Predicted: 3199,9MB/s, Avg: 3113,6(+/-56,7)MB/s
[2024-02-14T16:50:53.308+0100][debug][gc,director    ] Select GC Workers (Normal), AvoidLongGCWorkers: 0,216, AvoidOOMGCWorkers: 1,572, LastGCWorkers: 2,000, GCWorkers: 1,572
[2024-02-14T16:50:53.308+0100][debug][gc,director    ] Rule: Allocation Rate (Dynamic GC Workers), MaxAllocRate: 3386,5MB/s (+/-1,8%), Free: 4742MB, GCCPUTime: 2,160, GCDuration: 1,082s, TimeUntilOOM: 1,375s, TimeUntilGC: 0,193s, GCWorkers: 2 -> 2
[2024-02-14T16:50:53.308+0100][debug][gc,director    ] Rule: High Usage, Free: 4742MB(30,9%)
[2024-02-14T16:50:53.308+0100][debug][gc,director    ] Rule: Proactive, AcceptableGCInterval: 21,306s, TimeSinceLastGC: 1,073s, TimeUntilGC: 20,233s
[2024-02-14T16:50:53.408+0100][debug][gc,alloc       ] Allocation Rate: 3260,0MB/s, Predicted: 3248,9MB/s, Avg: 3131,8(+/-70,0)MB/s
[2024-02-14T16:50:53.408+0100][debug][gc,director    ] Select GC Workers (Normal), AvoidLongGCWorkers: 0,216, AvoidOOMGCWorkers: 1,743, LastGCWorkers: 2,000, GCWorkers: 1,743
[2024-02-14T16:50:53.408+0100][debug][gc,director    ] Rule: Allocation Rate (Dynamic GC Workers), MaxAllocRate: 3479,4MB/s (+/-2,2%), Free: 4414MB, GCCPUTime: 2,160, GCDuration: 1,082s, TimeUntilOOM: 1,241s, TimeUntilGC: 0,059s, GCWorkers: 2 -> 2
[2024-02-14T16:50:53.408+0100][debug][gc,director    ] Rule: High Usage, Free: 4414MB(28,7%)
[2024-02-14T16:50:53.408+0100][debug][gc,director    ] Rule: Proactive, AcceptableGCInterval: 21,306s, TimeSinceLastGC: 1,173s, TimeUntilGC: 20,133s
[2024-02-14T16:50:53.508+0100][debug][gc,alloc       ] Allocation Rate: 3266,0MB/s, Predicted: 3287,2MB/s, Avg: 3151,0(+/-77,5)MB/s
[2024-02-14T16:50:53.508+0100][debug][gc,director    ] Select GC Workers (Normal), AvoidLongGCWorkers: 0,216, AvoidOOMGCWorkers: 1,922, LastGCWorkers: 2,000, GCWorkers: 1,922
[2024-02-14T16:50:53.508+0100][debug][gc,director    ] Rule: Allocation Rate (Dynamic GC Workers), MaxAllocRate: 3542,1MB/s (+/-2,5%), Free: 4086MB, GCCPUTime: 2,160, GCDuration: 1,082s, TimeUntilOOM: 1,126s, TimeUntilGC: -0,056s, GCWorkers: 2 -> 2
[2024-02-14T16:50:53.508+0100][debug][gc,heap        ] GC(43) Heap before GC invocations=43 (full 43):
[2024-02-14T16:50:53.508+0100][debug][gc,heap        ] GC(43)  ZHeap           used 11232M, capacity 14594M, max capacity 15360M
[2024-02-14T16:50:53.508+0100][debug][gc,heap        ] GC(43)  Metaspace       used 32037K, committed 32448K, reserved 1114112K
[2024-02-14T16:50:53.508+0100][debug][gc,heap        ] GC(43)   class space    used 3379K, committed 3584K, reserved 1048576K
[2024-02-14T16:50:53.508+0100][info ][gc,start       ] GC(43) Garbage Collection (Allocation Rate)
[2024-02-14T16:50:53.508+0100][info ][gc,task        ] GC(43) Using 2 workers
[2024-02-14T16:50:53.508+0100][debug][gc,phases,start] GC(43) Pause Mark Start
[2024-02-14T16:50:53.508+0100][debug][gc,marking     ] GC(43) Using 2 mark stripes
[2024-02-14T16:50:53.508+0100][debug][gc,marking     ] GC(43) Mark Worker/Stripe Distribution
[2024-02-14T16:50:53.508+0100][debug][gc,marking     ] GC(43)   Worker 0(2) -> Stripe 0(2)
[2024-02-14T16:50:53.508+0100][debug][gc,marking     ] GC(43)   Worker 1(2) -> Stripe 1(2)
[2024-02-14T16:50:53.508+0100][info ][gc,phases      ] GC(43) Pause Mark Start 0,047ms
[2024-02-14T16:50:53.508+0100][debug][gc,phases,start] GC(43) Concurrent Mark
[2024-02-14T16:50:53.508+0100][debug][gc,task        ] GC(43) Executing Task: XMarkRootsTask, Active Workers: 2
[2024-02-14T16:50:53.509+0100][debug][gc,tlab        ] GC(43) TLAB totals: thrds: 10  refills: 29063 max: 29027 slow allocs: 6 max 6 waste:  1,0% gc: 1298608B max: 262008B slow: 75586104B max: 75569864B
[2024-02-14T16:50:53.509+0100][debug][gc,task        ] GC(43) Executing Task: XMarkTask, Active Workers: 2
[2024-02-14T16:50:53.608+0100][debug][gc,alloc       ] Allocation Rate: 3224,0MB/s, Predicted: 3296,4MB/s, Avg: 3165,8(+/-75,8)MB/s
[2024-02-14T16:50:53.658+0100][debug][gc,nmethod     ] Rebuilding NMethod Table: 8192->8192 entries, 4265(52%->52%) registered, 1470(18%->0%) unregistered
[2024-02-14T16:50:53.707+0100][debug][gc,alloc       ] Allocation Rate: 3188,0MB/s, Predicted: 3282,9MB/s, Avg: 3176,4(+/-70,6)MB/s
[2024-02-14T16:50:53.807+0100][debug][gc,alloc       ] Allocation Rate: 3160,0MB/s, Predicted: 3252,3MB/s, Avg: 3183,8(+/-64,4)MB/s
[2024-02-14T16:50:53.907+0100][debug][gc,alloc       ] Allocation Rate: 3130,0MB/s, Predicted: 3206,8MB/s, Avg: 3187,4(+/-60,1)MB/s
[2024-02-14T16:50:54.007+0100][debug][gc,alloc       ] Allocation Rate: 3104,0MB/s, Predicted: 3149,1MB/s, Avg: 3188,2(+/-58,9)MB/s
[2024-02-14T16:50:54.108+0100][debug][gc,alloc       ] Allocation Rate: 3038,0MB/s, Predicted: 3066,0MB/s, Avg: 3181,8(+/-70,3)MB/s
[2024-02-14T16:50:54.208+0100][debug][gc,alloc       ] Allocation Rate: 2956,0MB/s, Predicted: 2981,1MB/s, Avg: 3157,2(+/-96,9)MB/s
[2024-02-14T16:50:54.308+0100][debug][gc,alloc       ] Allocation Rate: 2870,0MB/s, Predicted: 2889,9MB/s, Avg: 3119,6(+/-124,3)MB/s
[2024-02-14T16:50:54.315+0100][info ][gc,phases      ] GC(43) Concurrent Mark 807,236ms
[2024-02-14T16:50:54.315+0100][debug][gc,phases,start] GC(43) Pause Mark End
[2024-02-14T16:50:54.315+0100][info ][gc,phases      ] GC(43) Pause Mark End 0,030ms
[2024-02-14T16:50:54.315+0100][debug][gc,phases,start] GC(43) Concurrent Mark Free
[2024-02-14T16:50:54.315+0100][info ][gc,phases      ] GC(43) Concurrent Mark Free 0,017ms
[2024-02-14T16:50:54.315+0100][debug][gc,phases,start] GC(43) Concurrent Process Non-Strong References
[2024-02-14T16:50:54.315+0100][debug][gc,phases,start] GC(43) Concurrent References Process
[2024-02-14T16:50:54.315+0100][debug][gc,task        ] GC(43) Executing Task: XReferenceProcessorTask, Active Workers: 2
[2024-02-14T16:50:54.319+0100][debug][gc,phases      ] GC(43) Concurrent References Process 3,929ms
[2024-02-14T16:50:54.319+0100][debug][gc,task        ] GC(43) Executing Task: XProcessWeakRootsTask, Active Workers: 2
[2024-02-14T16:50:54.320+0100][debug][gc,phases,start] GC(43) Concurrent Classes Unlink
[2024-02-14T16:50:54.320+0100][debug][gc,phases,start] GC(43) ClassLoaderData
[2024-02-14T16:50:54.320+0100][debug][gc,phases      ] GC(43) ClassLoaderData 0,031ms
[2024-02-14T16:50:54.320+0100][debug][gc,phases,start] GC(43) Trigger cleanups
[2024-02-14T16:50:54.320+0100][debug][gc,phases      ] GC(43) Trigger cleanups 0,005ms
[2024-02-14T16:50:54.320+0100][debug][gc,task        ] GC(43) Executing Task: XNMethodUnlinkTask, Active Workers: 2
[2024-02-14T16:50:54.322+0100][debug][gc,phases      ] GC(43) Concurrent Classes Unlink 2,156ms
[2024-02-14T16:50:54.322+0100][debug][gc,phases,start] GC(43) Concurrent Classes Purge
[2024-02-14T16:50:54.322+0100][debug][gc,phases      ] GC(43) Concurrent Classes Purge 0,006ms
[2024-02-14T16:50:54.322+0100][debug][gc,phases,start] GC(43) Concurrent References Enqueue
[2024-02-14T16:50:54.322+0100][debug][gc,phases      ] GC(43) Concurrent References Enqueue 0,007ms
[2024-02-14T16:50:54.322+0100][info ][gc,phases      ] GC(43) Concurrent Process Non-Strong References 6,434ms
[2024-02-14T16:50:54.322+0100][debug][gc,phases,start] GC(43) Concurrent Reset Relocation Set
[2024-02-14T16:50:54.322+0100][info ][gc,phases      ] GC(43) Concurrent Reset Relocation Set 0,094ms
[2024-02-14T16:50:54.322+0100][debug][gc,phases,start] GC(43) Concurrent Select Relocation Set
[2024-02-14T16:50:54.323+0100][debug][gc,task        ] GC(43) Executing Task: XRelocationSetInstallTask, Active Workers: 2
[2024-02-14T16:50:54.330+0100][info ][gc,phases      ] GC(43) Concurrent Select Relocation Set 8,499ms
[2024-02-14T16:50:54.331+0100][debug][gc,phases,start] GC(43) Pause Relocate Start
[2024-02-14T16:50:54.331+0100][info ][gc,phases      ] GC(43) Pause Relocate Start 0,033ms
[2024-02-14T16:50:54.331+0100][debug][gc,phases,start] GC(43) Concurrent Relocate
[2024-02-14T16:50:54.331+0100][debug][gc,task        ] GC(43) Executing Task: XRelocateTask, Active Workers: 2
[2024-02-14T16:50:54.408+0100][debug][gc,alloc       ] Allocation Rate: 2820,0MB/s, Predicted: 2807,5MB/s, Avg: 3075,6(+/-143,2)MB/s
[2024-02-14T16:50:54.434+0100][info ][gc,phases      ] GC(43) Concurrent Relocate 103,110ms
[2024-02-14T16:50:54.434+0100][debug][gc,heap        ] GC(43) Heap after GC invocations=44 (full 44):
[2024-02-14T16:50:54.434+0100][debug][gc,heap        ] GC(43)  ZHeap           used 6520M, capacity 14594M, max capacity 15360M
[2024-02-14T16:50:54.434+0100][debug][gc,heap        ] GC(43)  Metaspace       used 32051K, committed 32448K, reserved 1114112K
[2024-02-14T16:50:54.434+0100][debug][gc,heap        ] GC(43)   class space    used 3381K, committed 3584K, reserved 1048576K
[2024-02-14T16:50:54.434+0100][info ][gc,load        ] GC(43) Load: 3,05/1,94/1,77
[2024-02-14T16:50:54.434+0100][info ][gc,mmu         ] GC(43) MMU: 2ms/92,8%, 5ms/97,1%, 10ms/98,6%, 20ms/99,1%, 50ms/99,6%, 100ms/99,8%
[2024-02-14T16:50:54.434+0100][info ][gc,marking     ] GC(43) Mark: 2 stripe(s), 2 proactive flush(es), 1 terminate flush(es), 0 completion(s), 0 continuation(s) 
[2024-02-14T16:50:54.434+0100][info ][gc,marking     ] GC(43) Mark Stack Usage: 32M
[2024-02-14T16:50:54.434+0100][info ][gc,nmethod     ] GC(43) NMethods: 4273 registered, 0 unregistered
[2024-02-14T16:50:54.434+0100][info ][gc,metaspace   ] GC(43) Metaspace: 31M used, 31M committed, 1088M reserved
[2024-02-14T16:50:54.434+0100][info ][gc,ref         ] GC(43) Soft: 3896 encountered, 0 discovered, 0 enqueued
[2024-02-14T16:50:54.434+0100][info ][gc,ref         ] GC(43) Weak: 2055 encountered, 113 discovered, 0 enqueued
[2024-02-14T16:50:54.434+0100][info ][gc,ref         ] GC(43) Final: 14200 encountered, 14200 discovered, 14200 enqueued
[2024-02-14T16:50:54.434+0100][info ][gc,ref         ] GC(43) Phantom: 14602 encountered, 14591 discovered, 14207 enqueued
[2024-02-14T16:50:54.434+0100][info ][gc,reloc       ] GC(43) Small Pages: 5600 / 11200M, Empty: 244M, Relocated: 349M, In-Place: 0
[2024-02-14T16:50:54.434+0100][info ][gc,reloc       ] GC(43) Medium Pages: 1 / 32M, Empty: 0M, Relocated: 0M, In-Place: 0
[2024-02-14T16:50:54.434+0100][info ][gc,reloc       ] GC(43) Large Pages: 0 / 0M, Empty: 0M, Relocated: 0M, In-Place: 0
[2024-02-14T16:50:54.434+0100][info ][gc,reloc       ] GC(43) Forwarding Usage: 157M
[2024-02-14T16:50:54.434+0100][info ][gc,heap        ] GC(43) Min Capacity: 5120M(33%)
[2024-02-14T16:50:54.434+0100][info ][gc,heap        ] GC(43) Max Capacity: 15360M(100%)
[2024-02-14T16:50:54.434+0100][info ][gc,heap        ] GC(43) Soft Max Capacity: 15360M(100%)
[2024-02-14T16:50:54.434+0100][info ][gc,heap        ] GC(43)                Mark Start          Mark End        Relocate Start      Relocate End           High               Low         
[2024-02-14T16:50:54.434+0100][info ][gc,heap        ] GC(43)  Capacity:    14594M (95%)       14594M (95%)       14594M (95%)       14594M (95%)       14594M (95%)       14594M (95%)    
[2024-02-14T16:50:54.434+0100][info ][gc,heap        ] GC(43)      Free:     4128M (27%)        1892M (12%)        2088M (14%)        8840M (58%)        8844M (58%)        1870M (12%)    
[2024-02-14T16:50:54.434+0100][info ][gc,heap        ] GC(43)      Used:    11232M (73%)       13468M (88%)       13272M (86%)        6520M (42%)       13490M (88%)        6516M (42%)    
[2024-02-14T16:50:54.434+0100][info ][gc,heap        ] GC(43)      Live:         -              3708M (24%)        3708M (24%)        3708M (24%)            -                  -          
[2024-02-14T16:50:54.434+0100][info ][gc,heap        ] GC(43) Allocated:         -              2236M (15%)        2284M (15%)        2561M (17%)            -                  -          
[2024-02-14T16:50:54.434+0100][info ][gc,heap        ] GC(43)   Garbage:         -              7523M (49%)        7279M (47%)         249M (2%)             -                  -          
[2024-02-14T16:50:54.434+0100][info ][gc,heap        ] GC(43) Reclaimed:         -                  -               244M (2%)         7273M (47%)            -                  -          
[2024-02-14T16:50:54.434+0100][info ][gc             ] GC(43) Garbage Collection (Allocation Rate) 11232M(73%)->6520M(42%)
[2024-02-14T16:50:54.507+0100][debug][gc,alloc       ] Allocation Rate: 2800,0MB/s, Predicted: 2748,0MB/s, Avg: 3029,0(+/-149,4)MB/s
[2024-02-14T16:50:54.507+0100][debug][gc,director    ] Select GC Workers (Try Lowering), AvoidLongGCWorkers: 0,221, AvoidOOMGCWorkers: 0,956, NextAvoidOOMGCWorkers: 1,875, LastGCWorkers: 2,000, GCWorkers: 2,000
[2024-02-14T16:50:54.507+0100][debug][gc,director    ] Rule: Allocation Rate (Dynamic GC Workers), MaxAllocRate: 3520,5MB/s (+/-4,9%), Free: 8560MB, GCCPUTime: 2,216, GCDuration: 1,110s, TimeUntilOOM: 2,317s, TimeUntilGC: 1,108s, GCWorkers: 2 -> 2
[2024-02-14T16:50:54.507+0100][debug][gc,director    ] Rule: High Usage, Free: 8560MB(55,7%)
[2024-02-14T16:50:54.507+0100][debug][gc,director    ] Rule: Proactive, UsedUntilEnabled: 1298MB, TimeUntilEnabled: 299,927s
[2024-02-14T16:50:54.607+0100][debug][gc,alloc       ] Allocation Rate: 2844,0MB/s, Predicted: 2726,0MB/s, Avg: 2991,0(+/-143,1)MB/s
[2024-02-14T16:50:54.607+0100][debug][gc,director    ] Select GC Workers (Try Lowering), AvoidLongGCWorkers: 0,221, AvoidOOMGCWorkers: 0,977, NextAvoidOOMGCWorkers: 1,795, LastGCWorkers: 2,000, GCWorkers: 2,000
[2024-02-14T16:50:54.607+0100][debug][gc,director    ] Rule: Allocation Rate (Dynamic GC Workers), MaxAllocRate: 3462,0MB/s (+/-4,8%), Free: 8232MB, GCCPUTime: 2,216, GCDuration: 1,110s, TimeUntilOOM: 2,269s, TimeUntilGC: 1,060s, GCWorkers: 2 -> 2
[2024-02-14T16:50:54.607+0100][debug][gc,director    ] Rule: High Usage, Free: 8232MB(53,6%)
[2024-02-14T16:50:54.607+0100][debug][gc,director    ] Rule: Proactive, UsedUntilEnabled: 970MB, TimeUntilEnabled: 299,827s
[2024-02-14T16:50:54.707+0100][debug][gc,alloc       ] Allocation Rate: 2884,0MB/s, Predicted: 2735,7MB/s, Avg: 2960,6(+/-129,7)MB/s
[2024-02-14T16:50:54.707+0100][debug][gc,director    ] Select GC Workers (Try Lowering), AvoidLongGCWorkers: 0,221, AvoidOOMGCWorkers: 0,992, NextAvoidOOMGCWorkers: 1,705, LastGCWorkers: 2,000, GCWorkers: 2,000
[2024-02-14T16:50:54.707+0100][debug][gc,director    ] Rule: Allocation Rate (Dynamic GC Workers), MaxAllocRate: 3387,4MB/s (+/-4,4%), Free: 7900MB, GCCPUTime: 2,216, GCDuration: 1,110s, TimeUntilOOM: 2,234s, TimeUntilGC: 1,025s, GCWorkers: 2 -> 2
[2024-02-14T16:50:54.707+0100][debug][gc,director    ] Rule: High Usage, Free: 7900MB(51,4%)
[2024-02-14T16:50:54.707+0100][debug][gc,director    ] Rule: Proactive, UsedUntilEnabled: 638MB, TimeUntilEnabled: 299,727s
[2024-02-14T16:50:54.808+0100][debug][gc,alloc       ] Allocation Rate: 2912,0MB/s, Predicted: 2769,5MB/s, Avg: 2935,8(+/-111,7)MB/s
[2024-02-14T16:50:54.808+0100][debug][gc,director    ] Select GC Workers (Normal), AvoidLongGCWorkers: 0,221, AvoidOOMGCWorkers: 1,004, LastGCWorkers: 2,000, GCWorkers: 1,004
[2024-02-14T16:50:54.808+0100][debug][gc,director    ] Rule: Allocation Rate (Dynamic GC Workers), MaxAllocRate: 3303,3MB/s (+/-3,8%), Free: 7570MB, GCCPUTime: 2,216, GCDuration: 1,110s, TimeUntilOOM: 2,208s, TimeUntilGC: 0,998s, GCWorkers: 2 -> 2
[2024-02-14T16:50:54.808+0100][debug][gc,director    ] Rule: High Usage, Free: 7570MB(49,3%)
[2024-02-14T16:50:54.808+0100][debug][gc,director    ] Rule: Proactive, UsedUntilEnabled: 308MB, TimeUntilEnabled: 299,626s
[2024-02-14T16:50:54.908+0100][debug][gc,alloc       ] Allocation Rate: 2946,0MB/s, Predicted: 2825,3MB/s, Avg: 2917,4(+/-91,5)MB/s
[2024-02-14T16:50:54.908+0100][debug][gc,director    ] Select GC Workers (Normal), AvoidLongGCWorkers: 0,221, AvoidOOMGCWorkers: 1,017, LastGCWorkers: 2,000, GCWorkers: 1,017
[2024-02-14T16:50:54.908+0100][debug][gc,director    ] Rule: Allocation Rate (Dynamic GC Workers), MaxAllocRate: 3218,5MB/s (+/-3,1%), Free: 7236MB, GCCPUTime: 2,216, GCDuration: 1,110s, TimeUntilOOM: 2,180s, TimeUntilGC: 0,970s, GCWorkers: 2 -> 2
[2024-02-14T16:50:54.908+0100][debug][gc,director    ] Rule: High Usage, Free: 7236MB(47,1%)
[2024-02-14T16:50:54.908+0100][debug][gc,director    ] Rule: Proactive, AcceptableGCInterval: 21,836s, TimeSinceLastGC: 0,474s, TimeUntilGC: 21,362s
[2024-02-14T16:50:55.008+0100][debug][gc,alloc       ] Allocation Rate: 2984,0MB/s, Predicted: 2901,7MB/s, Avg: 2905,4(+/-72,0)MB/s
[2024-02-14T16:50:55.008+0100][debug][gc,director    ] Select GC Workers (Normal), AvoidLongGCWorkers: 0,221, AvoidOOMGCWorkers: 1,034, LastGCWorkers: 2,000, GCWorkers: 1,034
[2024-02-14T16:50:55.008+0100][debug][gc,director    ] Rule: Allocation Rate (Dynamic GC Workers), MaxAllocRate: 3142,4MB/s (+/-2,5%), Free: 6902MB, GCCPUTime: 2,216, GCDuration: 1,110s, TimeUntilOOM: 2,143s, TimeUntilGC: 0,934s, GCWorkers: 2 -> 2
[2024-02-14T16:50:55.008+0100][debug][gc,director    ] Rule: High Usage, Free: 6902MB(44,9%)
[2024-02-14T16:50:55.008+0100][debug][gc,director    ] Rule: Proactive, AcceptableGCInterval: 21,836s, TimeSinceLastGC: 0,574s, TimeUntilGC: 21,262s
[2024-02-14T16:50:55.107+0100][debug][gc,alloc       ] Allocation Rate: 3052,0MB/s, Predicted: 2995,7MB/s, Avg: 2906,8(+/-74,7)MB/s
[2024-02-14T16:50:55.107+0100][debug][gc,director    ] Select GC Workers (Normal), AvoidLongGCWorkers: 0,221, AvoidOOMGCWorkers: 1,122, LastGCWorkers: 2,000, GCWorkers: 1,122
[2024-02-14T16:50:55.107+0100][debug][gc,director    ] Rule: Allocation Rate (Dynamic GC Workers), MaxAllocRate: 3241,5MB/s (+/-2,6%), Free: 6570MB, GCCPUTime: 2,216, GCDuration: 1,110s, TimeUntilOOM: 1,976s, TimeUntilGC: 0,766s, GCWorkers: 2 -> 2
[2024-02-14T16:50:55.107+0100][debug][gc,director    ] Rule: High Usage, Free: 6570MB(42,8%)
[2024-02-14T16:50:55.107+0100][debug][gc,director    ] Rule: Proactive, AcceptableGCInterval: 21,836s, TimeSinceLastGC: 0,673s, TimeUntilGC: 21,162s
[2024-02-14T16:50:55.207+0100][debug][gc,alloc       ] Allocation Rate: 3152,0MB/s, Predicted: 3106,9MB/s, Avg: 2926,4(+/-104,7)MB/s
[2024-02-14T16:50:55.207+0100][debug][gc,director    ] Select GC Workers (Normal), AvoidLongGCWorkers: 0,221, AvoidOOMGCWorkers: 1,272, LastGCWorkers: 2,000, GCWorkers: 1,272
[2024-02-14T16:50:55.207+0100][debug][gc,director    ] Rule: Allocation Rate (Dynamic GC Workers), MaxAllocRate: 3451,5MB/s (+/-3,6%), Free: 6230MB, GCCPUTime: 2,216, GCDuration: 1,110s, TimeUntilOOM: 1,743s, TimeUntilGC: 0,533s, GCWorkers: 2 -> 2
[2024-02-14T16:50:55.207+0100][debug][gc,director    ] Rule: High Usage, Free: 6230MB(40,6%)
[2024-02-14T16:50:55.207+0100][debug][gc,director    ] Rule: Proactive, AcceptableGCInterval: 21,836s, TimeSinceLastGC: 0,773s, TimeUntilGC: 21,062s
[2024-02-14T16:50:55.307+0100][info ][gc,stats       ] === Garbage Collection Statistics =======================================================================================================================
[2024-02-14T16:50:55.307+0100][info ][gc,stats       ]                                                              Last 10s              Last 10m              Last 10h                Total
[2024-02-14T16:50:55.307+0100][info ][gc,stats       ]                                                              Avg / Max             Avg / Max             Avg / Max             Avg / Max
[2024-02-14T16:50:55.307+0100][info ][gc,stats       ]   Collector: Garbage Collection Cycle                    986,861 / 1042,756    636,315 / 1265,002    636,315 / 1265,002    636,315 / 1265,002    ms
[2024-02-14T16:50:55.307+0100][info ][gc,stats       ]  Contention: Mark Segment Reset Contention                     0 / 4                 1 / 70                1 / 70                1 / 70          ops/s
[2024-02-14T16:50:55.307+0100][info ][gc,stats       ]  Contention: Mark SeqNum Reset Contention                      0 / 0                 0 / 1                 0 / 1                 0 / 1           ops/s
[2024-02-14T16:50:55.307+0100][info ][gc,stats       ]    Critical: Allocation Stall                                  0 / 0                 0 / 0                 0 / 0                 0 / 0           ops/s
[2024-02-14T16:50:55.307+0100][info ][gc,stats       ]    Critical: Allocation Stall                              0,000 / 0,000         0,000 / 0,000         0,000 / 0,000         0,000 / 0,000       ms
[2024-02-14T16:50:55.307+0100][info ][gc,stats       ]    Critical: GC Locker Stall                                   0 / 0                 0 / 1                 0 / 1                 0 / 1           ops/s
[2024-02-14T16:50:55.307+0100][info ][gc,stats       ]    Critical: GC Locker Stall                               0,000 / 0,000         0,081 / 0,094         0,081 / 0,094         0,081 / 0,094       ms
[2024-02-14T16:50:55.307+0100][info ][gc,stats       ]    Critical: Relocation Stall                                  0 / 0                 0 / 0                 0 / 0                 0 / 0           ops/s
[2024-02-14T16:50:55.307+0100][info ][gc,stats       ]    Critical: Relocation Stall                              0,000 / 0,000         0,000 / 0,000         0,000 / 0,000         0,000 / 0,000       ms
[2024-02-14T16:50:55.307+0100][info ][gc,stats       ]      Memory: Allocation Rate                                3172 / 3326           2990 / 4428           2990 / 4428           2990 / 4428        MB/s
[2024-02-14T16:50:55.307+0100][info ][gc,stats       ]      Memory: Defragment                                        0 / 0                 0 / 0                 0 / 0                 0 / 0           ops/s
[2024-02-14T16:50:55.307+0100][info ][gc,stats       ]      Memory: Out Of Memory                                     0 / 0                 0 / 0                 0 / 0                 0 / 0           ops/s
[2024-02-14T16:50:55.307+0100][info ][gc,stats       ]      Memory: Page Cache Flush                                  0 / 0                 0 / 0                 0 / 0                 0 / 0           MB/s
[2024-02-14T16:50:55.307+0100][info ][gc,stats       ]      Memory: Page Cache Hit L1                              1680 / 1866           1497 / 2414           1497 / 2414           1497 / 2414        ops/s
[2024-02-14T16:50:55.308+0100][info ][gc,stats       ]      Memory: Page Cache Hit L2                                 0 / 0                 0 / 0                 0 / 0                 0 / 0           ops/s
[2024-02-14T16:50:55.308+0100][info ][gc,stats       ]      Memory: Page Cache Hit L3                                 0 / 0                21 / 915              21 / 915              21 / 915         ops/s
[2024-02-14T16:50:55.308+0100][info ][gc,stats       ]      Memory: Page Cache Miss                                   0 / 0                39 / 600              39 / 600              39 / 600         ops/s
[2024-02-14T16:50:55.308+0100][info ][gc,stats       ]      Memory: Uncommit                                          0 / 0                 0 / 0                 0 / 0                 0 / 0           MB/s
[2024-02-14T16:50:55.308+0100][info ][gc,stats       ]      Memory: Undo Object Allocation Failed                     0 / 0                 0 / 0                 0 / 0                 0 / 0           ops/s
[2024-02-14T16:50:55.308+0100][info ][gc,stats       ]      Memory: Undo Object Allocation Succeeded                  0 / 0                 0 / 14                0 / 14                0 / 14          ops/s
[2024-02-14T16:50:55.308+0100][info ][gc,stats       ]      Memory: Undo Page Allocation                              0 / 0                 0 / 31                0 / 31                0 / 31          ops/s
[2024-02-14T16:50:55.308+0100][info ][gc,stats       ]       Phase: Concurrent Mark                             857,525 / 903,597     521,506 / 979,889     521,506 / 979,889     521,506 / 979,889     ms
[2024-02-14T16:50:55.308+0100][debug][gc,alloc       ] Allocation Rate: 3252,0MB/s, Predicted: 3222,1MB/s, Avg: 2964,6(+/-140,7)MB/s
[2024-02-14T16:50:55.308+0100][info ][gc,stats       ]       Phase: Concurrent Mark Continue                      0,000 / 0,000         0,000 / 0,000         0,000 / 0,000         0,000 / 0,000       ms
[2024-02-14T16:50:55.308+0100][info ][gc,stats       ]       Phase: Concurrent Mark Free                          0,021 / 0,025         0,103 / 1,509         0,103 / 1,509         0,103 / 1,509       ms
[2024-02-14T16:50:55.308+0100][info ][gc,stats       ]       Phase: Concurrent Process Non-Strong References      6,689 / 7,760         8,616 / 16,291        8,616 / 16,291        8,616 / 16,291      ms
[2024-02-14T16:50:55.308+0100][info ][gc,stats       ]       Phase: Concurrent Relocate                         112,293 / 121,033      93,554 / 441,476      93,554 / 441,476      93,554 / 441,476     ms
[2024-02-14T16:50:55.308+0100][info ][gc,stats       ]       Phase: Concurrent Reset Relocation Set               0,111 / 0,135         0,096 / 0,235         0,096 / 0,235         0,096 / 0,235       ms
[2024-02-14T16:50:55.308+0100][info ][gc,stats       ]       Phase: Concurrent Select Relocation Set              9,404 / 10,336       11,453 / 96,956       11,453 / 96,956       11,453 / 96,956      ms
[2024-02-14T16:50:55.308+0100][info ][gc,stats       ]       Phase: Pause Mark End                                0,036 / 0,047         0,039 / 0,067         0,039 / 0,067         0,039 / 0,067       ms
[2024-02-14T16:50:55.308+0100][info ][gc,stats       ]       Phase: Pause Mark Start                              0,061 / 0,071         0,069 / 0,144         0,069 / 0,144         0,069 / 0,144       ms
[2024-02-14T16:50:55.308+0100][info ][gc,stats       ]       Phase: Pause Relocate Start                          0,038 / 0,062         0,034 / 0,062         0,034 / 0,062         0,034 / 0,062       ms
[2024-02-14T16:50:55.308+0100][info ][gc,stats       ]    Subphase: Concurrent Classes Purge                      0,033 / 0,068         0,474 / 5,566         0,474 / 5,566         0,474 / 5,566       ms
[2024-02-14T16:50:55.308+0100][debug][gc,director    ] Select GC Workers (Normal), AvoidLongGCWorkers: 0,221, AvoidOOMGCWorkers: 1,452, LastGCWorkers: 2,000, GCWorkers: 1,452
[2024-02-14T16:50:55.308+0100][info ][gc,stats       ]    Subphase: Concurrent Classes Unlink                     2,365 / 2,825         2,794 / 6,276         2,794 / 6,276         2,794 / 6,276       ms
[2024-02-14T16:50:55.308+0100][info ][gc,stats       ]    Subphase: Concurrent Mark                             856,354 / 902,685     482,437 / 979,011     482,437 / 979,011     482,437 / 979,011     ms
[2024-02-14T16:50:55.308+0100][info ][gc,stats       ]    Subphase: Concurrent Mark Try Flush                     0,098 / 0,138         0,215 / 16,348        0,215 / 16,348        0,215 / 16,348      ms
[2024-02-14T16:50:55.308+0100][info ][gc,stats       ]    Subphase: Concurrent Mark Try Terminate                 0,730 / 1,171         0,826 / 1,342         0,826 / 1,342         0,826 / 1,342       ms
[2024-02-14T16:50:55.308+0100][info ][gc,stats       ]    Subphase: Concurrent References Enqueue                 0,008 / 0,010         0,009 / 0,015         0,009 / 0,015         0,009 / 0,015       ms
[2024-02-14T16:50:55.308+0100][info ][gc,stats       ]    Subphase: Concurrent References Process                 3,863 / 4,406         4,699 / 10,523        4,699 / 10,523        4,699 / 10,523      ms
[2024-02-14T16:50:55.308+0100][info ][gc,stats       ]    Subphase: Concurrent Roots ClassLoaderDataGraph         0,063 / 0,121         0,081 / 0,310         0,081 / 0,310         0,081 / 0,310       ms
[2024-02-14T16:50:55.308+0100][info ][gc,stats       ]    Subphase: Concurrent Roots CodeCache                    0,000 / 0,000         0,000 / 0,000         0,000 / 0,000         0,000 / 0,000       ms
[2024-02-14T16:50:55.308+0100][info ][gc,stats       ]    Subphase: Concurrent Roots JavaThreads                  0,500 / 0,580         0,622 / 1,932         0,622 / 1,932         0,622 / 1,932       ms
[2024-02-14T16:50:55.308+0100][info ][gc,stats       ]    Subphase: Concurrent Roots OopStorageSet                0,026 / 0,029         0,094 / 0,964         0,094 / 0,964         0,094 / 0,964       ms
[2024-02-14T16:50:55.308+0100][info ][gc,stats       ]    Subphase: Concurrent Weak Roots OopStorageSet           0,167 / 0,220         0,222 / 0,778         0,222 / 0,778         0,222 / 0,778       ms
[2024-02-14T16:50:55.308+0100][info ][gc,stats       ]    Subphase: Pause Mark Try Complete                       0,000 / 0,000         0,000 / 0,000         0,000 / 0,000         0,000 / 0,000       ms
[2024-02-14T16:50:55.308+0100][info ][gc,stats       ]      System: Java Threads                                     43 / 43               41 / 46               41 / 46               41 / 46          threads
[2024-02-14T16:50:55.308+0100][info ][gc,stats       ] =========================================================================================================================================================
[2024-02-14T16:50:55.308+0100][debug][gc,director    ] Rule: Allocation Rate (Dynamic GC Workers), MaxAllocRate: 3685,0MB/s (+/-4,7%), Free: 5894MB, GCCPUTime: 2,216, GCDuration: 1,110s, TimeUntilOOM: 1,527s, TimeUntilGC: 0,317s, GCWorkers: 2 -> 2
[2024-02-14T16:50:55.308+0100][debug][gc,director    ] Rule: High Usage, Free: 5892MB(38,4%)
[2024-02-14T16:50:55.308+0100][debug][gc,director    ] Rule: Proactive, AcceptableGCInterval: 21,836s, TimeSinceLastGC: 0,874s, TimeUntilGC: 20,962s
[2024-02-14T16:50:55.407+0100][debug][gc,alloc       ] Allocation Rate: 3306,0MB/s, Predicted: 3320,1MB/s, Avg: 3013,2(+/-164,3)MB/s
[2024-02-14T16:50:55.407+0100][debug][gc,director    ] Select GC Workers (Normal), AvoidLongGCWorkers: 0,221, AvoidOOMGCWorkers: 1,624, LastGCWorkers: 2,000, GCWorkers: 1,624
[2024-02-14T16:50:55.407+0100][debug][gc,director    ] Rule: Allocation Rate (Dynamic GC Workers), MaxAllocRate: 3860,7MB/s (+/-5,5%), Free: 5562MB, GCCPUTime: 2,216, GCDuration: 1,110s, TimeUntilOOM: 1,366s, TimeUntilGC: 0,157s, GCWorkers: 2 -> 2
[2024-02-14T16:50:55.407+0100][debug][gc,director    ] Rule: High Usage, Free: 5562MB(36,2%)
[2024-02-14T16:50:55.407+0100][debug][gc,director    ] Rule: Proactive, AcceptableGCInterval: 21,836s, TimeSinceLastGC: 0,973s, TimeUntilGC: 20,862s
[2024-02-14T16:50:55.507+0100][debug][gc,alloc       ] Allocation Rate: 3332,0MB/s, Predicted: 3390,8MB/s, Avg: 3066,4(+/-172,6)MB/s
[2024-02-14T16:50:55.507+0100][debug][gc,director    ] Select GC Workers (Normal), AvoidLongGCWorkers: 0,221, AvoidOOMGCWorkers: 1,774, LastGCWorkers: 2,000, GCWorkers: 1,774
[2024-02-14T16:50:55.507+0100][debug][gc,director    ] Rule: Allocation Rate (Dynamic GC Workers), MaxAllocRate: 3958,6MB/s (+/-5,6%), Free: 5228MB, GCCPUTime: 2,216, GCDuration: 1,110s, TimeUntilOOM: 1,250s, TimeUntilGC: 0,041s, GCWorkers: 2 -> 2
[2024-02-14T16:50:55.507+0100][debug][gc,director    ] Rule: High Usage, Free: 5228MB(34,0%)
[2024-02-14T16:50:55.507+0100][debug][gc,director    ] Rule: Proactive, AcceptableGCInterval: 21,836s, TimeSinceLastGC: 1,073s, TimeUntilGC: 20,762s
[2024-02-14T16:50:55.607+0100][debug][gc,alloc       ] Allocation Rate: 3340,0MB/s, Predicted: 3440,9MB/s, Avg: 3116,0(+/-172,8)MB/s
[2024-02-14T16:50:55.607+0100][debug][gc,director    ] Select GC Workers (Normal), AvoidLongGCWorkers: 0,221, AvoidOOMGCWorkers: 1,920, LastGCWorkers: 2,000, GCWorkers: 1,920
[2024-02-14T16:50:55.607+0100][debug][gc,director    ] Rule: Allocation Rate (Dynamic GC Workers), MaxAllocRate: 4009,5MB/s (+/-5,5%), Free: 4892MB, GCCPUTime: 2,216, GCDuration: 1,110s, TimeUntilOOM: 1,156s, TimeUntilGC: -0,054s, GCWorkers: 2 -> 2
[2024-02-14T16:50:55.608+0100][debug][gc,heap        ] GC(44) Heap before GC invocations=44 (full 44):
[2024-02-14T16:50:55.608+0100][debug][gc,heap        ] GC(44)  ZHeap           used 10426M, capacity 14594M, max capacity 15360M
[2024-02-14T16:50:55.608+0100][debug][gc,heap        ] GC(44)  Metaspace       used 32051K, committed 32448K, reserved 1114112K
[2024-02-14T16:50:55.608+0100][debug][gc,heap        ] GC(44)   class space    used 3381K, committed 3584K, reserved 1048576K
[2024-02-14T16:50:55.608+0100][info ][gc,start       ] GC(44) Garbage Collection (Allocation Rate)
[2024-02-14T16:50:55.608+0100][info ][gc,task        ] GC(44) Using 2 workers
[2024-02-14T16:50:55.608+0100][debug][gc,jni         ] Setting _needs_gc. Thread "VM Thread" 1 locked.
[2024-02-14T16:50:55.608+0100][debug][gc,jni         ] Performing GC after exiting critical section. Thread "Test worker" 0 locked.
[2024-02-14T16:50:55.608+0100][debug][gc             ] GC(44) GC Locker Stall (XDriver) 0,088ms
[2024-02-14T16:50:55.608+0100][debug][gc,phases,start] GC(44) Pause Mark Start
[2024-02-14T16:50:55.608+0100][debug][gc,marking     ] GC(44) Using 2 mark stripes
[2024-02-14T16:50:55.608+0100][debug][gc,marking     ] GC(44) Mark Worker/Stripe Distribution
[2024-02-14T16:50:55.608+0100][debug][gc,marking     ] GC(44)   Worker 0(2) -> Stripe 0(2)
[2024-02-14T16:50:55.608+0100][debug][gc,marking     ] GC(44)   Worker 1(2) -> Stripe 1(2)
[2024-02-14T16:50:55.608+0100][info ][gc,phases      ] GC(44) Pause Mark Start 0,049ms
[2024-02-14T16:50:55.608+0100][debug][gc,phases,start] GC(44) Concurrent Mark
[2024-02-14T16:50:55.608+0100][debug][gc,task        ] GC(44) Executing Task: XMarkRootsTask, Active Workers: 2
[2024-02-14T16:50:55.609+0100][debug][gc,tlab        ] GC(44) TLAB totals: thrds: 11  refills: 25803 max: 25779 slow allocs: 8 max 8 waste:  1,2% gc: 1061008B max: 261784B slow: 80526648B max: 80507416B
[2024-02-14T16:50:55.609+0100][debug][gc,task        ] GC(44) Executing Task: XMarkTask, Active Workers: 2
[2024-02-14T16:50:55.708+0100][debug][gc,alloc       ] Allocation Rate: 3340,0MB/s, Predicted: 3468,7MB/s, Avg: 3161,6(+/-165,6)MB/s
[2024-02-14T16:50:55.808+0100][debug][gc,alloc       ] Allocation Rate: 3302,0MB/s, Predicted: 3458,3MB/s, Avg: 3200,6(+/-147,1)MB/s
[2024-02-14T16:50:55.908+0100][debug][gc,alloc       ] Allocation Rate: 3290,0MB/s, Predicted: 3426,1MB/s, Avg: 3235,0(+/-121,5)MB/s
[2024-02-14T16:50:56.007+0100][debug][gc,alloc       ] Allocation Rate: 3276,0MB/s, Predicted: 3375,6MB/s, Avg: 3264,2(+/-88,2)MB/s
[2024-02-14T16:50:56.107+0100][debug][gc,alloc       ] Allocation Rate: 3244,0MB/s, Predicted: 3310,9MB/s, Avg: 3283,4(+/-54,3)MB/s
[2024-02-14T16:50:56.207+0100][debug][gc,alloc       ] Allocation Rate: 3220,0MB/s, Predicted: 3250,5MB/s, Avg: 3290,2(+/-39,8)MB/s
[2024-02-14T16:50:56.308+0100][debug][gc,alloc       ] Allocation Rate: 3200,0MB/s, Predicted: 3204,3MB/s, Avg: 3285,0(+/-47,1)MB/s
[2024-02-14T16:50:56.399+0100][info ][gc,phases      ] GC(44) Concurrent Mark 791,566ms
[2024-02-14T16:50:56.400+0100][debug][gc,phases,start] GC(44) Pause Mark End
[2024-02-14T16:50:56.400+0100][info ][gc,phases      ] GC(44) Pause Mark End 0,032ms
[2024-02-14T16:50:56.400+0100][debug][gc,phases,start] GC(44) Concurrent Mark Free
[2024-02-14T16:50:56.400+0100][info ][gc,phases      ] GC(44) Concurrent Mark Free 0,022ms
[2024-02-14T16:50:56.400+0100][debug][gc,phases,start] GC(44) Concurrent Process Non-Strong References
[2024-02-14T16:50:56.400+0100][debug][gc,phases,start] GC(44) Concurrent References Process
[2024-02-14T16:50:56.400+0100][debug][gc,task        ] GC(44) Executing Task: XReferenceProcessorTask, Active Workers: 2
[2024-02-14T16:50:56.403+0100][debug][gc,phases      ] GC(44) Concurrent References Process 3,671ms
[2024-02-14T16:50:56.403+0100][debug][gc,task        ] GC(44) Executing Task: XProcessWeakRootsTask, Active Workers: 2
[2024-02-14T16:50:56.404+0100][debug][gc,phases,start] GC(44) Concurrent Classes Unlink
[2024-02-14T16:50:56.404+0100][debug][gc,phases,start] GC(44) ClassLoaderData
[2024-02-14T16:50:56.404+0100][debug][gc,phases      ] GC(44) ClassLoaderData 0,032ms
[2024-02-14T16:50:56.404+0100][debug][gc,phases,start] GC(44) Trigger cleanups
[2024-02-14T16:50:56.404+0100][debug][gc,phases      ] GC(44) Trigger cleanups 0,005ms
[2024-02-14T16:50:56.404+0100][debug][gc,task        ] GC(44) Executing Task: XNMethodUnlinkTask, Active Workers: 2
[2024-02-14T16:50:56.406+0100][debug][gc,phases      ] GC(44) Concurrent Classes Unlink 2,254ms
[2024-02-14T16:50:56.406+0100][debug][gc,phases,start] GC(44) Concurrent Classes Purge
[2024-02-14T16:50:56.406+0100][debug][gc,nmethod     ] GC(44) Unregister NMethod: com.github.benmanes.caffeine.cache.BoundedLocalCache.getExpirationDelay (0x00007f9f0c0cb190)
[2024-02-14T16:50:56.406+0100][debug][gc,nmethod     ] GC(44) Unregister NMethod: io.sirix.service.json.shredder.JsonShredderTest.testChicagoDescendantAxis (0x00007f9f0c1b3410)
[2024-02-14T16:50:56.406+0100][debug][gc,nmethod     ] GC(44) Unregister NMethod: io.sirix.access.trx.page.NodePageReadOnlyTrx.getPageFragments (0x00007f9f2b61ba10)
[2024-02-14T16:50:56.406+0100][debug][gc,nmethod     ] GC(44) Unregister NMethod: io.sirix.access.trx.node.AbstractNodeReadOnlyTrx.moveToRightSibling (0x00007f9f0be7b790)
[2024-02-14T16:50:56.406+0100][debug][gc,nmethod     ] GC(44) Unregister NMethod: com.github.benmanes.caffeine.cache.BoundedBuffer$RingBuffer.drainTo (0x00007f9f2b632590)
[2024-02-14T16:50:56.406+0100][debug][gc,nmethod     ] GC(44) Unregister NMethod: com.github.benmanes.caffeine.cache.BoundedLocalCache.getIfPresent (0x00007f9f2b7cfb90)
[2024-02-14T16:50:56.406+0100][debug][gc,nmethod     ] GC(44) Unregister NMethod: io.sirix.access.trx.node.AbstractNodeReadOnlyTrx.getParentKey (0x00007f9f0bf4c510)
[2024-02-14T16:50:56.406+0100][debug][gc,nmethod     ] GC(44) Unregister NMethod: com.github.benmanes.caffeine.cache.BoundedLocalCache.expireEntries (0x00007f9f2b802110)
[2024-02-14T16:50:56.406+0100][debug][gc,nmethod     ] GC(44) Unregister NMethod: io.sirix.axis.DescendantAxis.nextKey (0x00007f9f2b7a6a10)
[2024-02-14T16:50:56.406+0100][debug][gc,nmethod     ] GC(44) Unregister NMethod: io.sirix.service.json.shredder.JsonShredderTest.testChicagoDescendantAxis (0x00007f9f2b62ab90)
[2024-02-14T16:50:56.406+0100][debug][gc,nmethod     ] GC(44) Unregister NMethod: com.github.benmanes.caffeine.cache.FrequencySketch.increment (0x00007f9f2b7eaf90)
[2024-02-14T16:50:56.406+0100][debug][gc,nmethod     ] GC(44) Unregister NMethod: io.sirix.access.trx.node.AbstractNodeReadOnlyTrx.moveToFirstChild (0x00007f9f0c0a7610)
[2024-02-14T16:50:56.406+0100][debug][gc,nmethod     ] GC(44) Unregister NMethod: com.github.benmanes.caffeine.cache.BoundedLocalCache.expireEntries (0x00007f9f0c01a610)
[2024-02-14T16:50:56.406+0100][debug][gc,nmethod     ] GC(44) Unregister NMethod: io.sirix.page.NamePage.getName (0x00007f9f0c0ce890)
[2024-02-14T16:50:56.406+0100][debug][gc,nmethod     ] GC(44) Unregister NMethod: io.sirix.axis.PostOrderAxis.nextKey (0x00007f9f0c049a90)
[2024-02-14T16:50:56.406+0100][debug][gc,nmethod     ] GC(44) Unregister NMethod: com.github.benmanes.caffeine.cache.StripedBuffer.mix64 (0x00007f9f0c03af10)
[2024-02-14T16:50:56.406+0100][debug][gc,nmethod     ] GC(44) Unregister NMethod: com.github.benmanes.caffeine.cache.BoundedLocalCache.getExpirationDelay (0x00007f9f2b64db10)
[2024-02-14T16:50:56.406+0100][debug][gc,nmethod     ] GC(44) Unregister NMethod: com.github.benmanes.caffeine.cache.BoundedLocalCache.expireVariableEntries (0x00007f9f0c071890)
[2024-02-14T16:50:56.406+0100][debug][gc,nmethod     ] GC(44) Unregister NMethod: com.github.benmanes.caffeine.cache.BoundedLocalCache.scheduleDrainBuffers (0x00007f9f2b7f8a10)
[2024-02-14T16:50:56.406+0100][debug][gc,nmethod     ] GC(44) Unregister NMethod: com.github.benmanes.caffeine.cache.BoundedBuffer$RingBuffer.drainTo (0x00007f9f0baf7e10)
[2024-02-14T16:50:56.406+0100][debug][gc,nmethod     ] GC(44) Unregister NMethod: io.sirix.access.trx.page.NodePageReadOnlyTrx.getPageFragments (0x00007f9f0c06d290)
[2024-02-14T16:50:56.406+0100][debug][gc,nmethod     ] GC(44) Unregister NMethod: com.github.benmanes.caffeine.cache.BoundedLocalCache.getIfPresent (0x00007f9f0c05cc90)
[2024-02-14T16:50:56.406+0100][debug][gc,phases      ] GC(44) Concurrent Classes Purge 0,168ms
[2024-02-14T16:50:56.406+0100][debug][gc,phases,start] GC(44) Concurrent References Enqueue
[2024-02-14T16:50:56.406+0100][debug][gc,phases      ] GC(44) Concurrent References Enqueue 0,007ms
[2024-02-14T16:50:56.406+0100][info ][gc,phases      ] GC(44) Concurrent Process Non-Strong References 6,549ms
[2024-02-14T16:50:56.406+0100][debug][gc,phases,start] GC(44) Concurrent Reset Relocation Set
[2024-02-14T16:50:56.406+0100][info ][gc,phases      ] GC(44) Concurrent Reset Relocation Set 0,111ms
[2024-02-14T16:50:56.406+0100][debug][gc,phases,start] GC(44) Concurrent Select Relocation Set
[2024-02-14T16:50:56.407+0100][debug][gc,task        ] GC(44) Executing Task: XRelocationSetInstallTask, Active Workers: 2
[2024-02-14T16:50:56.408+0100][debug][gc,alloc       ] Allocation Rate: 3160,0MB/s, Predicted: 3159,9MB/s, Avg: 3270,4(+/-59,4)MB/s
[2024-02-14T16:50:56.415+0100][info ][gc,phases      ] GC(44) Concurrent Select Relocation Set 8,311ms
[2024-02-14T16:50:56.415+0100][debug][gc,phases,start] GC(44) Pause Relocate Start
[2024-02-14T16:50:56.415+0100][info ][gc,phases      ] GC(44) Pause Relocate Start 0,031ms
[2024-02-14T16:50:56.415+0100][debug][gc,phases,start] GC(44) Concurrent Relocate
[2024-02-14T16:50:56.415+0100][debug][gc,task        ] GC(44) Executing Task: XRelocateTask, Active Workers: 2
[2024-02-14T16:50:56.508+0100][debug][gc,alloc       ] Allocation Rate: 3082,0MB/s, Predicted: 3100,9MB/s, Avg: 3245,4(+/-77,9)MB/s
[2024-02-14T16:50:56.514+0100][info ][gc,phases      ] GC(44) Concurrent Relocate 99,351ms
[2024-02-14T16:50:56.514+0100][debug][gc,heap        ] GC(44) Heap after GC invocations=45 (full 45):
[2024-02-14T16:50:56.514+0100][debug][gc,heap        ] GC(44)  ZHeap           used 6714M, capacity 14594M, max capacity 15360M
[2024-02-14T16:50:56.514+0100][debug][gc,heap        ] GC(44)  Metaspace       used 32051K, committed 32448K, reserved 1114112K
[2024-02-14T16:50:56.514+0100][debug][gc,heap        ] GC(44)   class space    used 3381K, committed 3584K, reserved 1048576K
[2024-02-14T16:50:56.514+0100][info ][gc,load        ] GC(44) Load: 3,05/1,94/1,77
[2024-02-14T16:50:56.514+0100][info ][gc,mmu         ] GC(44) MMU: 2ms/92,8%, 5ms/97,1%, 10ms/98,6%, 20ms/99,1%, 50ms/99,6%, 100ms/99,8%
[2024-02-14T16:50:56.514+0100][info ][gc,marking     ] GC(44) Mark: 2 stripe(s), 2 proactive flush(es), 1 terminate flush(es), 0 completion(s), 0 continuation(s) 
[2024-02-14T16:50:56.514+0100][info ][gc,marking     ] GC(44) Mark Stack Usage: 32M
[2024-02-14T16:50:56.514+0100][info ][gc,nmethod     ] GC(44) NMethods: 4260 registered, 22 unregistered
[2024-02-14T16:50:56.514+0100][info ][gc,metaspace   ] GC(44) Metaspace: 31M used, 31M committed, 1088M reserved
[2024-02-14T16:50:56.514+0100][info ][gc,ref         ] GC(44) Soft: 3896 encountered, 0 discovered, 0 enqueued
[2024-02-14T16:50:56.514+0100][info ][gc,ref         ] GC(44) Weak: 2061 encountered, 115 discovered, 4 enqueued
[2024-02-14T16:50:56.514+0100][info ][gc,ref         ] GC(44) Final: 11839 encountered, 11839 discovered, 11838 enqueued
[2024-02-14T16:50:56.514+0100][info ][gc,ref         ] GC(44) Phantom: 12241 encountered, 12234 discovered, 11846 enqueued
[2024-02-14T16:50:56.514+0100][info ][gc,reloc       ] GC(44) Small Pages: 5197 / 10394M, Empty: 274M, Relocated: 365M, In-Place: 0
[2024-02-14T16:50:56.514+0100][info ][gc,reloc       ] GC(44) Medium Pages: 1 / 32M, Empty: 0M, Relocated: 0M, In-Place: 0
[2024-02-14T16:50:56.514+0100][info ][gc,reloc       ] GC(44) Large Pages: 0 / 0M, Empty: 0M, Relocated: 0M, In-Place: 0
[2024-02-14T16:50:56.514+0100][info ][gc,reloc       ] GC(44) Forwarding Usage: 153M
[2024-02-14T16:50:56.514+0100][info ][gc,heap        ] GC(44) Min Capacity: 5120M(33%)
[2024-02-14T16:50:56.514+0100][info ][gc,heap        ] GC(44) Max Capacity: 15360M(100%)
[2024-02-14T16:50:56.514+0100][info ][gc,heap        ] GC(44) Soft Max Capacity: 15360M(100%)
[2024-02-14T16:50:56.514+0100][info ][gc,heap        ] GC(44)                Mark Start          Mark End        Relocate Start      Relocate End           High               Low         
[2024-02-14T16:50:56.514+0100][info ][gc,heap        ] GC(44)  Capacity:    14594M (95%)       14594M (95%)       14594M (95%)       14594M (95%)       14594M (95%)       14594M (95%)    
[2024-02-14T16:50:56.514+0100][info ][gc,heap        ] GC(44)      Free:     4934M (32%)        2472M (16%)        2696M (18%)        8646M (56%)        8652M (56%)        2450M (16%)    
[2024-02-14T16:50:56.514+0100][info ][gc,heap        ] GC(44)      Used:    10426M (68%)       12888M (84%)       12664M (82%)        6714M (44%)       12910M (84%)        6708M (44%)    
[2024-02-14T16:50:56.514+0100][info ][gc,heap        ] GC(44)      Live:         -              3692M (24%)        3692M (24%)        3692M (24%)            -                  -          
[2024-02-14T16:50:56.514+0100][info ][gc,heap        ] GC(44) Allocated:         -              2462M (16%)        2512M (16%)        2767M (18%)            -                  -          
[2024-02-14T16:50:56.514+0100][info ][gc,heap        ] GC(44)   Garbage:         -              6733M (44%)        6459M (42%)         253M (2%)             -                  -          
[2024-02-14T16:50:56.514+0100][info ][gc,heap        ] GC(44) Reclaimed:         -                  -               274M (2%)         6479M (42%)            -                  -          
[2024-02-14T16:50:56.514+0100][info ][gc             ] GC(44) Garbage Collection (Allocation Rate) 10426M(68%)->6714M(44%)
[2024-02-14T16:50:56.607+0100][debug][gc,alloc       ] Allocation Rate: 3082,0MB/s, Predicted: 3060,8MB/s, Avg: 3219,6(+/-84,7)MB/s
[2024-02-14T16:50:56.607+0100][debug][gc,director    ] Select GC Workers (Try Lowering), AvoidLongGCWorkers: 0,206, AvoidOOMGCWorkers: 0,895, NextAvoidOOMGCWorkers: 1,628, LastGCWorkers: 2,000, GCWorkers: 2,000
[2024-02-14T16:50:56.607+0100][debug][gc,director    ] Rule: Allocation Rate (Dynamic GC Workers), MaxAllocRate: 3498,5MB/s (+/-2,6%), Free: 8290MB, GCCPUTime: 2,066, GCDuration: 1,034s, TimeUntilOOM: 2,309s, TimeUntilGC: 1,174s, GCWorkers: 2 -> 2
[2024-02-14T16:50:56.607+0100][debug][gc,director    ] Rule: High Usage, Free: 8290MB(54,0%)
[2024-02-14T16:50:56.607+0100][debug][gc,director    ] Rule: Proactive, UsedUntilEnabled: 1222MB, TimeUntilEnabled: 299,907s
[2024-02-14T16:50:56.707+0100][debug][gc,alloc       ] Allocation Rate: 3084,0MB/s, Predicted: 3038,7MB/s, Avg: 3194,0(+/-83,2)MB/s
[2024-02-14T16:50:56.707+0100][debug][gc,director    ] Select GC Workers (Try Lowering), AvoidLongGCWorkers: 0,206, AvoidOOMGCWorkers: 0,924, NextAvoidOOMGCWorkers: 1,593, LastGCWorkers: 2,000, GCWorkers: 2,000
[2024-02-14T16:50:56.707+0100][debug][gc,director    ] Rule: Allocation Rate (Dynamic GC Workers), MaxAllocRate: 3467,6MB/s (+/-2,6%), Free: 7956MB, GCCPUTime: 2,066, GCDuration: 1,034s, TimeUntilOOM: 2,236s, TimeUntilGC: 1,102s, GCWorkers: 2 -> 2
[2024-02-14T16:50:56.707+0100][debug][gc,director    ] Rule: High Usage, Free: 7956MB(51,8%)
[2024-02-14T16:50:56.707+0100][debug][gc,director    ] Rule: Proactive, UsedUntilEnabled: 888MB, TimeUntilEnabled: 299,807s
[2024-02-14T16:50:56.807+0100][debug][gc,alloc       ] Allocation Rate: 3126,0MB/s, Predicted: 3040,3MB/s, Avg: 3176,4(+/-76,8)MB/s
[2024-02-14T16:50:56.807+0100][debug][gc,director    ] Select GC Workers (Try Lowering), AvoidLongGCWorkers: 0,206, AvoidOOMGCWorkers: 0,952, NextAvoidOOMGCWorkers: 1,552, LastGCWorkers: 2,000, GCWorkers: 2,000
[2024-02-14T16:50:56.807+0100][debug][gc,director    ] Rule: Allocation Rate (Dynamic GC Workers), MaxAllocRate: 3429,2MB/s (+/-2,4%), Free: 7622MB, GCCPUTime: 2,066, GCDuration: 1,034s, TimeUntilOOM: 2,170s, TimeUntilGC: 1,036s, GCWorkers: 2 -> 2
[2024-02-14T16:50:56.807+0100][debug][gc,director    ] Rule: High Usage, Free: 7622MB(49,6%)
[2024-02-14T16:50:56.807+0100][debug][gc,director    ] Rule: Proactive, UsedUntilEnabled: 554MB, TimeUntilEnabled: 299,707s
[2024-02-14T16:50:56.908+0100][debug][gc,alloc       ] Allocation Rate: 3104,0MB/s, Predicted: 3041,6MB/s, Avg: 3157,8(+/-69,2)MB/s
[2024-02-14T16:50:56.908+0100][debug][gc,director    ] Select GC Workers (Try Lowering), AvoidLongGCWorkers: 0,206, AvoidOOMGCWorkers: 0,976, NextAvoidOOMGCWorkers: 1,500, LastGCWorkers: 2,000, GCWorkers: 2,000
[2024-02-14T16:50:56.908+0100][debug][gc,director    ] Rule: Allocation Rate (Dynamic GC Workers), MaxAllocRate: 3385,5MB/s (+/-2,2%), Free: 7322MB, GCCPUTime: 2,066, GCDuration: 1,034s, TimeUntilOOM: 2,116s, TimeUntilGC: 0,982s, GCWorkers: 2 -> 2
[2024-02-14T16:50:56.908+0100][debug][gc,director    ] Rule: High Usage, Free: 7322MB(47,7%)
[2024-02-14T16:50:56.908+0100][debug][gc,director    ] Rule: Proactive, UsedUntilEnabled: 252MB, TimeUntilEnabled: 299,607s
[2024-02-14T16:50:57.008+0100][debug][gc,alloc       ] Allocation Rate: 3116,0MB/s, Predicted: 3056,4MB/s, Avg: 3141,8(+/-57,5)MB/s
[2024-02-14T16:50:57.008+0100][debug][gc,director    ] Select GC Workers (Normal), AvoidLongGCWorkers: 0,206, AvoidOOMGCWorkers: 1,003, LastGCWorkers: 2,000, GCWorkers: 1,003
[2024-02-14T16:50:57.008+0100][debug][gc,director    ] Rule: Allocation Rate (Dynamic GC Workers), MaxAllocRate: 3331,2MB/s (+/-1,8%), Free: 6990MB, GCCPUTime: 2,066, GCDuration: 1,034s, TimeUntilOOM: 2,061s, TimeUntilGC: 0,926s, GCWorkers: 2 -> 2
[2024-02-14T16:50:57.008+0100][debug][gc,director    ] Rule: High Usage, Free: 6990MB(45,5%)
[2024-02-14T16:50:57.008+0100][debug][gc,director    ] Rule: Proactive, AcceptableGCInterval: 20,370s, TimeSinceLastGC: 0,493s, TimeUntilGC: 19,876s
[2024-02-14T16:50:57.108+0100][debug][gc,alloc       ] Allocation Rate: 3154,0MB/s, Predicted: 3088,5MB/s, Avg: 3132,8(+/-46,9)MB/s
[2024-02-14T16:50:57.108+0100][debug][gc,director    ] Select GC Workers (Normal), AvoidLongGCWorkers: 0,206, AvoidOOMGCWorkers: 1,036, LastGCWorkers: 2,000, GCWorkers: 1,036
[2024-02-14T16:50:57.108+0100][debug][gc,director    ] Rule: Allocation Rate (Dynamic GC Workers), MaxAllocRate: 3287,2MB/s (+/-1,5%), Free: 6654MB, GCCPUTime: 2,066, GCDuration: 1,034s, TimeUntilOOM: 1,994s, TimeUntilGC: 0,860s, GCWorkers: 2 -> 2
[2024-02-14T16:50:57.108+0100][debug][gc,director    ] Rule: High Usage, Free: 6654MB(43,3%)
[2024-02-14T16:50:57.108+0100][debug][gc,director    ] Rule: Proactive, AcceptableGCInterval: 20,370s, TimeSinceLastGC: 0,594s, TimeUntilGC: 19,776s
[2024-02-14T16:50:57.207+0100][debug][gc,alloc       ] Allocation Rate: 3138,0MB/s, Predicted: 3113,9MB/s, Avg: 3124,6(+/-37,1)MB/s
[2024-02-14T16:50:57.207+0100][debug][gc,director    ] Select GC Workers (Normal), AvoidLongGCWorkers: 0,206, AvoidOOMGCWorkers: 1,069, LastGCWorkers: 2,000, GCWorkers: 1,069
[2024-02-14T16:50:57.207+0100][debug][gc,director    ] Rule: Allocation Rate (Dynamic GC Workers), MaxAllocRate: 3246,7MB/s (+/-1,2%), Free: 6352MB, GCCPUTime: 2,066, GCDuration: 1,034s, TimeUntilOOM: 1,934s, TimeUntilGC: 0,799s, GCWorkers: 2 -> 2
[2024-02-14T16:50:57.207+0100][debug][gc,director    ] Rule: High Usage, Free: 6352MB(41,4%)
[2024-02-14T16:50:57.207+0100][debug][gc,director    ] Rule: Proactive, AcceptableGCInterval: 20,370s, TimeSinceLastGC: 0,693s, TimeUntilGC: 19,677s
[2024-02-14T16:50:57.307+0100][debug][gc,alloc       ] Allocation Rate: 3156,0MB/s, Predicted: 3146,5MB/s, Avg: 3120,2(+/-29,8)MB/s
[2024-02-14T16:50:57.307+0100][debug][gc,director    ] Select GC Workers (Normal), AvoidLongGCWorkers: 0,206, AvoidOOMGCWorkers: 1,125, LastGCWorkers: 2,000, GCWorkers: 1,125
[2024-02-14T16:50:57.307+0100][debug][gc,director    ] Rule: Allocation Rate (Dynamic GC Workers), MaxAllocRate: 3244,5MB/s (+/-1,0%), Free: 6018MB, GCCPUTime: 2,066, GCDuration: 1,034s, TimeUntilOOM: 1,837s, TimeUntilGC: 0,703s, GCWorkers: 2 -> 2
[2024-02-14T16:50:57.307+0100][debug][gc,director    ] Rule: High Usage, Free: 6018MB(39,2%)
[2024-02-14T16:50:57.307+0100][debug][gc,director    ] Rule: Proactive, AcceptableGCInterval: 20,370s, TimeSinceLastGC: 0,793s, TimeUntilGC: 19,577s
[2024-02-14T16:50:57.407+0100][debug][gc,alloc       ] Allocation Rate: 3202,0MB/s, Predicted: 3189,9MB/s, Avg: 3124,4(+/-37,1)MB/s
[2024-02-14T16:50:57.407+0100][debug][gc,director    ] Select GC Workers (Normal), AvoidLongGCWorkers: 0,206, AvoidOOMGCWorkers: 1,220, LastGCWorkers: 2,000, GCWorkers: 1,220
[2024-02-14T16:50:57.407+0100][debug][gc,director    ] Rule: Allocation Rate (Dynamic GC Workers), MaxAllocRate: 3312,1MB/s (+/-1,2%), Free: 5678MB, GCCPUTime: 2,066, GCDuration: 1,034s, TimeUntilOOM: 1,694s, TimeUntilGC: 0,560s, GCWorkers: 2 -> 2
[2024-02-14T16:50:57.407+0100][debug][gc,director    ] Rule: High Usage, Free: 5678MB(37,0%)
[2024-02-14T16:50:57.407+0100][debug][gc,director    ] Rule: Proactive, AcceptableGCInterval: 20,370s, TimeSinceLastGC: 0,893s, TimeUntilGC: 19,477s
[2024-02-14T16:50:57.508+0100][debug][gc,alloc       ] Allocation Rate: 3286,0MB/s, Predicted: 3243,2MB/s, Avg: 3144,8(+/-58,3)MB/s
[2024-02-14T16:50:57.508+0100][debug][gc,director    ] Select GC Workers (Normal), AvoidLongGCWorkers: 0,206, AvoidOOMGCWorkers: 1,354, LastGCWorkers: 2,000, GCWorkers: 1,354
[2024-02-14T16:50:57.508+0100][debug][gc,director    ] Rule: Allocation Rate (Dynamic GC Workers), MaxAllocRate: 3434,9MB/s (+/-1,9%), Free: 5340MB, GCCPUTime: 2,066, GCDuration: 1,034s, TimeUntilOOM: 1,526s, TimeUntilGC: 0,392s, GCWorkers: 2 -> 2
[2024-02-14T16:50:57.508+0100][debug][gc,director    ] Rule: High Usage, Free: 5340MB(34,8%)
[2024-02-14T16:50:57.508+0100][debug][gc,director    ] Rule: Proactive, AcceptableGCInterval: 20,370s, TimeSinceLastGC: 0,993s, TimeUntilGC: 19,376s
[2024-02-14T16:50:57.608+0100][debug][gc,alloc       ] Allocation Rate: 3258,0MB/s, Predicted: 3271,7MB/s, Avg: 3162,4(+/-63,0)MB/s
[2024-02-14T16:50:57.608+0100][debug][gc,director    ] Select GC Workers (Normal), AvoidLongGCWorkers: 0,206, AvoidOOMGCWorkers: 1,458, LastGCWorkers: 2,000, GCWorkers: 1,458
[2024-02-14T16:50:57.608+0100][debug][gc,director    ] Rule: Allocation Rate (Dynamic GC Workers), MaxAllocRate: 3479,1MB/s (+/-2,0%), Free: 5032MB, GCCPUTime: 2,066, GCDuration: 1,034s, TimeUntilOOM: 1,418s, TimeUntilGC: 0,284s, GCWorkers: 2 -> 2
[2024-02-14T16:50:57.608+0100][debug][gc,director    ] Rule: High Usage, Free: 5032MB(32,8%)
[2024-02-14T16:50:57.608+0100][debug][gc,director    ] Rule: Proactive, AcceptableGCInterval: 20,370s, TimeSinceLastGC: 1,093s, TimeUntilGC: 19,276s
[2024-02-14T16:50:57.708+0100][debug][gc,alloc       ] Allocation Rate: 3266,0MB/s, Predicted: 3292,3MB/s, Avg: 3180,6(+/-64,0)MB/s
[2024-02-14T16:50:57.708+0100][debug][gc,director    ] Select GC Workers (Normal), AvoidLongGCWorkers: 0,206, AvoidOOMGCWorkers: 1,575, LastGCWorkers: 2,000, GCWorkers: 1,575
[2024-02-14T16:50:57.708+0100][debug][gc,director    ] Rule: Allocation Rate (Dynamic GC Workers), MaxAllocRate: 3503,0MB/s (+/-2,0%), Free: 4690MB, GCCPUTime: 2,066, GCDuration: 1,034s, TimeUntilOOM: 1,312s, TimeUntilGC: 0,178s, GCWorkers: 2 -> 2
[2024-02-14T16:50:57.708+0100][debug][gc,director    ] Rule: High Usage, Free: 4690MB(30,5%)
[2024-02-14T16:50:57.708+0100][debug][gc,director    ] Rule: Proactive, AcceptableGCInterval: 20,370s, TimeSinceLastGC: 1,194s, TimeUntilGC: 19,176s
[2024-02-14T16:50:57.807+0100][debug][gc,alloc       ] Allocation Rate: 3270,0MB/s, Predicted: 3313,5MB/s, Avg: 3195,0(+/-66,3)MB/s
[2024-02-14T16:50:57.807+0100][debug][gc,director    ] Select GC Workers (Normal), AvoidLongGCWorkers: 0,206, AvoidOOMGCWorkers: 1,713, LastGCWorkers: 2,000, GCWorkers: 1,713
[2024-02-14T16:50:57.807+0100][debug][gc,director    ] Rule: Allocation Rate (Dynamic GC Workers), MaxAllocRate: 3531,6MB/s (+/-2,1%), Free: 4352MB, GCCPUTime: 2,066, GCDuration: 1,034s, TimeUntilOOM: 1,207s, TimeUntilGC: 0,073s, GCWorkers: 2 -> 2
[2024-02-14T16:50:57.807+0100][debug][gc,director    ] Rule: High Usage, Free: 4352MB(28,3%)
[2024-02-14T16:50:57.807+0100][debug][gc,director    ] Rule: Proactive, AcceptableGCInterval: 20,370s, TimeSinceLastGC: 1,293s, TimeUntilGC: 19,077s
[2024-02-14T16:50:57.907+0100][debug][gc,alloc       ] Allocation Rate: 3278,0MB/s, Predicted: 3322,4MB/s, Avg: 3212,4(+/-62,9)MB/s
[2024-02-14T16:50:57.907+0100][debug][gc,director    ] Select GC Workers (Normal), AvoidLongGCWorkers: 0,206, AvoidOOMGCWorkers: 1,841, LastGCWorkers: 2,000, GCWorkers: 1,841
[2024-02-14T16:50:57.907+0100][debug][gc,director    ] Rule: Allocation Rate (Dynamic GC Workers), MaxAllocRate: 3529,3MB/s (+/-2,0%), Free: 4044MB, GCCPUTime: 2,066, GCDuration: 1,034s, TimeUntilOOM: 1,124s, TimeUntilGC: -0,011s, GCWorkers: 2 -> 2
[2024-02-14T16:50:57.907+0100][debug][gc,heap        ] GC(45) Heap before GC invocations=45 (full 45):
[2024-02-14T16:50:57.907+0100][debug][gc,heap        ] GC(45)  ZHeap           used 11274M, capacity 14594M, max capacity 15360M
[2024-02-14T16:50:57.907+0100][debug][gc,heap        ] GC(45)  Metaspace       used 32051K, committed 32448K, reserved 1114112K
[2024-02-14T16:50:57.907+0100][debug][gc,heap        ] GC(45)   class space    used 3381K, committed 3584K, reserved 1048576K
[2024-02-14T16:50:57.907+0100][info ][gc,start       ] GC(45) Garbage Collection (Allocation Rate)
[2024-02-14T16:50:57.907+0100][info ][gc,task        ] GC(45) Using 2 workers
[2024-02-14T16:50:57.907+0100][debug][gc,phases,start] GC(45) Pause Mark Start
[2024-02-14T16:50:57.907+0100][debug][gc,marking     ] GC(45) Using 2 mark stripes
[2024-02-14T16:50:57.907+0100][debug][gc,marking     ] GC(45) Mark Worker/Stripe Distribution
[2024-02-14T16:50:57.907+0100][debug][gc,marking     ] GC(45)   Worker 0(2) -> Stripe 0(2)
[2024-02-14T16:50:57.907+0100][debug][gc,marking     ] GC(45)   Worker 1(2) -> Stripe 1(2)
[2024-02-14T16:50:57.907+0100][info ][gc,phases      ] GC(45) Pause Mark Start 0,061ms
[2024-02-14T16:50:57.907+0100][debug][gc,phases,start] GC(45) Concurrent Mark
[2024-02-14T16:50:57.907+0100][debug][gc,task        ] GC(45) Executing Task: XMarkRootsTask, Active Workers: 2
[2024-02-14T16:50:57.908+0100][debug][gc,tlab        ] GC(45) TLAB totals: thrds: 12  refills: 29258 max: 29230 slow allocs: 10 max 10 waste:  1,3% gc: 1682528B max: 262096B slow: 101345728B max: 101332984B
[2024-02-14T16:50:57.908+0100][debug][gc,task        ] GC(45) Executing Task: XMarkTask, Active Workers: 2
[2024-02-14T16:50:58.007+0100][debug][gc,alloc       ] Allocation Rate: 3284,0MB/s, Predicted: 3325,3MB/s, Avg: 3229,2(+/-57,0)MB/s
[2024-02-14T16:50:58.107+0100][debug][gc,alloc       ] Allocation Rate: 3266,0MB/s, Predicted: 3320,0MB/s, Avg: 3240,4(+/-51,9)MB/s
[2024-02-14T16:50:58.207+0100][debug][gc,alloc       ] Allocation Rate: 3278,0MB/s, Predicted: 3307,7MB/s, Avg: 3254,4(+/-39,9)MB/s
[2024-02-14T16:50:58.307+0100][debug][gc,alloc       ] Allocation Rate: 3258,0MB/s, Predicted: 3282,9MB/s, Avg: 3264,6(+/-22,9)MB/s
[2024-02-14T16:50:58.408+0100][debug][gc,alloc       ] Allocation Rate: 3230,0MB/s, Predicted: 3252,4MB/s, Avg: 3267,4(+/-15,6)MB/s
[2024-02-14T16:50:58.508+0100][debug][gc,alloc       ] Allocation Rate: 3200,0MB/s, Predicted: 3230,4MB/s, Avg: 3258,8(+/-24,3)MB/s
[2024-02-14T16:50:58.608+0100][debug][gc,alloc       ] Allocation Rate: 3200,0MB/s, Predicted: 3206,7MB/s, Avg: 3253,0(+/-30,0)MB/s
[2024-02-14T16:50:58.708+0100][debug][gc,alloc       ] Allocation Rate: 3082,0MB/s, Predicted: 3141,7MB/s, Avg: 3234,6(+/-58,9)MB/s
[2024-02-14T16:50:58.718+0100][info ][gc,phases      ] GC(45) Concurrent Mark 810,496ms
[2024-02-14T16:50:58.718+0100][debug][gc,phases,start] GC(45) Pause Mark End
[2024-02-14T16:50:58.718+0100][info ][gc,phases      ] GC(45) Pause Mark End 0,034ms
[2024-02-14T16:50:58.718+0100][debug][gc,phases,start] GC(45) Concurrent Mark Free
[2024-02-14T16:50:58.718+0100][info ][gc,phases      ] GC(45) Concurrent Mark Free 0,008ms
[2024-02-14T16:50:58.718+0100][debug][gc,phases,start] GC(45) Concurrent Process Non-Strong References
[2024-02-14T16:50:58.718+0100][debug][gc,phases,start] GC(45) Concurrent References Process
[2024-02-14T16:50:58.718+0100][debug][gc,task        ] GC(45) Executing Task: XReferenceProcessorTask, Active Workers: 2
[2024-02-14T16:50:58.721+0100][debug][gc,phases      ] GC(45) Concurrent References Process 2,733ms
[2024-02-14T16:50:58.721+0100][debug][gc,task        ] GC(45) Executing Task: XProcessWeakRootsTask, Active Workers: 2
[2024-02-14T16:50:58.721+0100][debug][gc,phases,start] GC(45) Concurrent Classes Unlink
[2024-02-14T16:50:58.721+0100][debug][gc,phases,start] GC(45) ClassLoaderData
[2024-02-14T16:50:58.721+0100][debug][gc,phases      ] GC(45) ClassLoaderData 0,054ms
[2024-02-14T16:50:58.721+0100][debug][gc,phases,start] GC(45) Trigger cleanups
[2024-02-14T16:50:58.721+0100][debug][gc,phases      ] GC(45) Trigger cleanups 0,005ms
[2024-02-14T16:50:58.721+0100][debug][gc,task        ] GC(45) Executing Task: XNMethodUnlinkTask, Active Workers: 2
[2024-02-14T16:50:58.723+0100][debug][gc,phases      ] GC(45) Concurrent Classes Unlink 2,082ms
[2024-02-14T16:50:58.723+0100][debug][gc,phases,start] GC(45) Concurrent Classes Purge
[2024-02-14T16:50:58.723+0100][debug][gc,nmethod     ] GC(45) Unregister NMethod: com.github.benmanes.caffeine.cache.BoundedLocalCache.drainWriteBuffer (0x00007f9f0bf46f10)
[2024-02-14T16:50:58.723+0100][debug][gc,nmethod     ] GC(45) Unregister NMethod: com.github.benmanes.caffeine.cache.BoundedLocalCache.isComputingAsync (0x00007f9f0bc5d610)
[2024-02-14T16:50:58.723+0100][debug][gc,nmethod     ] GC(45) Unregister NMethod: com.github.benmanes.caffeine.cache.BoundedLocalCache.drainWriteBuffer (0x00007f9f2b46ca90)
[2024-02-14T16:50:58.723+0100][debug][gc,nmethod     ] GC(45) Unregister NMethod: com.github.benmanes.caffeine.cache.FrequencySketch.incrementAt (0x00007f9f2b7ebc90)
[2024-02-14T16:50:58.723+0100][debug][gc,phases      ] GC(45) Concurrent Classes Purge 0,038ms
[2024-02-14T16:50:58.723+0100][debug][gc,phases,start] GC(45) Concurrent References Enqueue
[2024-02-14T16:50:58.723+0100][debug][gc,phases      ] GC(45) Concurrent References Enqueue 0,006ms
[2024-02-14T16:50:58.723+0100][info ][gc,phases      ] GC(45) Concurrent Process Non-Strong References 5,283ms
[2024-02-14T16:50:58.723+0100][debug][gc,phases,start] GC(45) Concurrent Reset Relocation Set
[2024-02-14T16:50:58.723+0100][info ][gc,phases      ] GC(45) Concurrent Reset Relocation Set 0,095ms
[2024-02-14T16:50:58.723+0100][debug][gc,phases,start] GC(45) Concurrent Select Relocation Set
[2024-02-14T16:50:58.724+0100][debug][gc,task        ] GC(45) Executing Task: XRelocationSetInstallTask, Active Workers: 2
[2024-02-14T16:50:58.732+0100][info ][gc,phases      ] GC(45) Concurrent Select Relocation Set 8,391ms
[2024-02-14T16:50:58.732+0100][debug][gc,phases,start] GC(45) Pause Relocate Start
[2024-02-14T16:50:58.732+0100][info ][gc,phases      ] GC(45) Pause Relocate Start 0,033ms
[2024-02-14T16:50:58.732+0100][debug][gc,phases,start] GC(45) Concurrent Relocate
[2024-02-14T16:50:58.732+0100][debug][gc,task        ] GC(45) Executing Task: XRelocateTask, Active Workers: 2
[2024-02-14T16:50:58.807+0100][debug][gc,alloc       ] Allocation Rate: 2958,0MB/s, Predicted: 3040,5MB/s, Avg: 3203,4(+/-100,1)MB/s
[2024-02-14T16:50:58.831+0100][info ][gc,phases      ] GC(45) Concurrent Relocate 99,281ms
[2024-02-14T16:50:58.831+0100][debug][gc,heap        ] GC(45) Heap after GC invocations=46 (full 46):
[2024-02-14T16:50:58.831+0100][debug][gc,heap        ] GC(45)  ZHeap           used 6654M, capacity 14594M, max capacity 15360M
[2024-02-14T16:50:58.831+0100][debug][gc,heap        ] GC(45)  Metaspace       used 32052K, committed 32448K, reserved 1114112K
[2024-02-14T16:50:58.831+0100][debug][gc,heap        ] GC(45)   class space    used 3381K, committed 3584K, reserved 1048576K
[2024-02-14T16:50:58.831+0100][info ][gc,load        ] GC(45) Load: 3,29/2,00/1,79
[2024-02-14T16:50:58.831+0100][info ][gc,mmu         ] GC(45) MMU: 2ms/92,8%, 5ms/97,1%, 10ms/98,6%, 20ms/99,1%, 50ms/99,6%, 100ms/99,8%
[2024-02-14T16:50:58.831+0100][info ][gc,marking     ] GC(45) Mark: 2 stripe(s), 8 proactive flush(es), 1 terminate flush(es), 0 completion(s), 0 continuation(s) 
[2024-02-14T16:50:58.831+0100][info ][gc,marking     ] GC(45) Mark Stack Usage: 32M
[2024-02-14T16:50:58.831+0100][info ][gc,nmethod     ] GC(45) NMethods: 4266 registered, 26 unregistered
[2024-02-14T16:50:58.831+0100][info ][gc,metaspace   ] GC(45) Metaspace: 31M used, 31M committed, 1088M reserved
[2024-02-14T16:50:58.831+0100][info ][gc,ref         ] GC(45) Soft: 3896 encountered, 0 discovered, 0 enqueued
[2024-02-14T16:50:58.831+0100][info ][gc,ref         ] GC(45) Weak: 2057 encountered, 58 discovered, 0 enqueued
[2024-02-14T16:50:58.831+0100][info ][gc,ref         ] GC(45) Final: 13174 encountered, 13174 discovered, 13174 enqueued
[2024-02-14T16:50:58.831+0100][info ][gc,ref         ] GC(45) Phantom: 13575 encountered, 13566 discovered, 13180 enqueued
[2024-02-14T16:50:58.831+0100][info ][gc,reloc       ] GC(45) Small Pages: 5621 / 11242M, Empty: 184M, Relocated: 353M, In-Place: 0
[2024-02-14T16:50:58.831+0100][info ][gc,reloc       ] GC(45) Medium Pages: 1 / 32M, Empty: 0M, Relocated: 0M, In-Place: 0
[2024-02-14T16:50:58.831+0100][info ][gc,reloc       ] GC(45) Large Pages: 0 / 0M, Empty: 0M, Relocated: 0M, In-Place: 0
[2024-02-14T16:50:58.831+0100][info ][gc,reloc       ] GC(45) Forwarding Usage: 150M
[2024-02-14T16:50:58.831+0100][info ][gc,heap        ] GC(45) Min Capacity: 5120M(33%)
[2024-02-14T16:50:58.831+0100][info ][gc,heap        ] GC(45) Max Capacity: 15360M(100%)
[2024-02-14T16:50:58.831+0100][info ][gc,heap        ] GC(45) Soft Max Capacity: 15360M(100%)
[2024-02-14T16:50:58.831+0100][info ][gc,heap        ] GC(45)                Mark Start          Mark End        Relocate Start      Relocate End           High               Low         
[2024-02-14T16:50:58.831+0100][info ][gc,heap        ] GC(45)  Capacity:    14594M (95%)       14594M (95%)       14594M (95%)       14594M (95%)       14594M (95%)       14594M (95%)    
[2024-02-14T16:50:58.831+0100][info ][gc,heap        ] GC(45)      Free:     4086M (27%)        1624M (11%)        1770M (12%)        8708M (57%)        8708M (57%)        1608M (10%)    
[2024-02-14T16:50:58.831+0100][info ][gc,heap        ] GC(45)      Used:    11274M (73%)       13736M (89%)       13590M (88%)        6652M (43%)       13752M (90%)        6652M (43%)    
[2024-02-14T16:50:58.831+0100][info ][gc,heap        ] GC(45)      Live:         -              3702M (24%)        3702M (24%)        3702M (24%)            -                  -          
[2024-02-14T16:50:58.831+0100][info ][gc,heap        ] GC(45) Allocated:         -              2462M (16%)        2500M (16%)        2697M (18%)            -                  -          
[2024-02-14T16:50:58.831+0100][info ][gc,heap        ] GC(45)   Garbage:         -              7571M (49%)        7387M (48%)         251M (2%)             -                  -          
[2024-02-14T16:50:58.831+0100][info ][gc,heap        ] GC(45) Reclaimed:         -                  -               184M (1%)         7319M (48%)            -                  -          
[2024-02-14T16:50:58.831+0100][info ][gc             ] GC(45) Garbage Collection (Allocation Rate) 11274M(73%)->6652M(43%)
[2024-02-14T16:50:58.907+0100][debug][gc,alloc       ] Allocation Rate: 2886,0MB/s, Predicted: 2933,5MB/s, Avg: 3164,2(+/-134,2)MB/s
[2024-02-14T16:50:58.907+0100][debug][gc,director    ] Select GC Workers (Try Lowering), AvoidLongGCWorkers: 0,197, AvoidOOMGCWorkers: 0,873, NextAvoidOOMGCWorkers: 1,578, LastGCWorkers: 2,000, GCWorkers: 2,000
[2024-02-14T16:50:58.907+0100][debug][gc,director    ] Rule: Allocation Rate (Dynamic GC Workers), MaxAllocRate: 3605,7MB/s (+/-4,2%), Free: 8478MB, GCCPUTime: 1,969, GCDuration: 0,986s, TimeUntilOOM: 2,256s, TimeUntilGC: 1,170s, GCWorkers: 2 -> 2
[2024-02-14T16:50:58.907+0100][debug][gc,director    ] Rule: High Usage, Free: 8478MB(55,2%)
[2024-02-14T16:50:58.907+0100][debug][gc,director    ] Rule: Proactive, UsedUntilEnabled: 1348MB, TimeUntilEnabled: 299,924s
[2024-02-14T16:50:59.007+0100][debug][gc,alloc       ] Allocation Rate: 2800,0MB/s, Predicted: 2819,7MB/s, Avg: 3115,8(+/-165,8)MB/s
[2024-02-14T16:50:59.007+0100][debug][gc,director    ] Select GC Workers (Try Lowering), AvoidLongGCWorkers: 0,197, AvoidOOMGCWorkers: 0,923, NextAvoidOOMGCWorkers: 1,607, LastGCWorkers: 2,000, GCWorkers: 2,000
[2024-02-14T16:50:59.007+0100][debug][gc,director    ] Rule: Allocation Rate (Dynamic GC Workers), MaxAllocRate: 3661,4MB/s (+/-5,3%), Free: 8226MB, GCCPUTime: 1,969, GCDuration: 0,986s, TimeUntilOOM: 2,133s, TimeUntilGC: 1,047s, GCWorkers: 2 -> 2
[2024-02-14T16:50:59.007+0100][debug][gc,director    ] Rule: High Usage, Free: 8226MB(53,6%)
[2024-02-14T16:50:59.007+0100][debug][gc,director    ] Rule: Proactive, UsedUntilEnabled: 1096MB, TimeUntilEnabled: 299,824s
[2024-02-14T16:50:59.107+0100][debug][gc,alloc       ] Allocation Rate: 2736,0MB/s, Predicted: 2707,9MB/s, Avg: 3062,8(+/-192,0)MB/s
[2024-02-14T16:50:59.107+0100][debug][gc,director    ] Select GC Workers (Try Lowering), AvoidLongGCWorkers: 0,197, AvoidOOMGCWorkers: 0,969, NextAvoidOOMGCWorkers: 1,610, LastGCWorkers: 2,000, GCWorkers: 2,000
[2024-02-14T16:50:59.107+0100][debug][gc,director    ] Rule: Allocation Rate (Dynamic GC Workers), MaxAllocRate: 3694,5MB/s (+/-6,3%), Free: 7972MB, GCCPUTime: 1,969, GCDuration: 0,986s, TimeUntilOOM: 2,031s, TimeUntilGC: 0,945s, GCWorkers: 2 -> 2
[2024-02-14T16:50:59.107+0100][debug][gc,director    ] Rule: High Usage, Free: 7972MB(51,9%)
[2024-02-14T16:50:59.107+0100][debug][gc,director    ] Rule: Proactive, UsedUntilEnabled: 842MB, TimeUntilEnabled: 299,724s
[2024-02-14T16:50:59.208+0100][debug][gc,alloc       ] Allocation Rate: 2676,0MB/s, Predicted: 2610,5MB/s, Avg: 3002,6(+/-208,7)MB/s
[2024-02-14T16:50:59.208+0100][debug][gc,director    ] Select GC Workers (Normal), AvoidLongGCWorkers: 0,197, AvoidOOMGCWorkers: 1,006, LastGCWorkers: 2,000, GCWorkers: 1,006
[2024-02-14T16:50:59.208+0100][debug][gc,director    ] Rule: Allocation Rate (Dynamic GC Workers), MaxAllocRate: 3689,3MB/s (+/-7,0%), Free: 7718MB, GCCPUTime: 1,969, GCDuration: 0,986s, TimeUntilOOM: 1,956s, TimeUntilGC: 0,870s, GCWorkers: 2 -> 2
[2024-02-14T16:50:59.208+0100][debug][gc,director    ] Rule: High Usage, Free: 7718MB(50,2%)
[2024-02-14T16:50:59.208+0100][debug][gc,director    ] Rule: Proactive, UsedUntilEnabled: 588MB, TimeUntilEnabled: 299,624s
[2024-02-14T16:50:59.308+0100][debug][gc,alloc       ] Allocation Rate: 2614,0MB/s, Predicted: 2523,2MB/s, Avg: 2938,2(+/-219,1)MB/s
[2024-02-14T16:50:59.308+0100][debug][gc,director    ] Select GC Workers (Normal), AvoidLongGCWorkers: 0,197, AvoidOOMGCWorkers: 1,037, LastGCWorkers: 2,000, GCWorkers: 1,037
[2024-02-14T16:50:59.308+0100][debug][gc,director    ] Rule: Allocation Rate (Dynamic GC Workers), MaxAllocRate: 3659,0MB/s (+/-7,5%), Free: 7466MB, GCCPUTime: 1,969, GCDuration: 0,986s, TimeUntilOOM: 1,899s, TimeUntilGC: 0,813s, GCWorkers: 2 -> 2
[2024-02-14T16:50:59.308+0100][debug][gc,director    ] Rule: High Usage, Free: 7464MB(48,6%)
[2024-02-14T16:50:59.308+0100][debug][gc,director    ] Rule: Proactive, UsedUntilEnabled: 334MB, TimeUntilEnabled: 299,524s
[2024-02-14T16:50:59.408+0100][debug][gc,alloc       ] Allocation Rate: 2560,0MB/s, Predicted: 2449,7MB/s, Avg: 2871,2(+/-222,0)MB/s
[2024-02-14T16:50:59.408+0100][debug][gc,director    ] Select GC Workers (Normal), AvoidLongGCWorkers: 0,197, AvoidOOMGCWorkers: 1,059, LastGCWorkers: 2,000, GCWorkers: 1,059
[2024-02-14T16:50:59.408+0100][debug][gc,director    ] Rule: Allocation Rate (Dynamic GC Workers), MaxAllocRate: 3601,7MB/s (+/-7,7%), Free: 7210MB, GCCPUTime: 1,969, GCDuration: 0,986s, TimeUntilOOM: 1,858s, TimeUntilGC: 0,772s, GCWorkers: 2 -> 2
[2024-02-14T16:50:59.408+0100][debug][gc,director    ] Rule: High Usage, Free: 7210MB(46,9%)
[2024-02-14T16:50:59.408+0100][debug][gc,director    ] Rule: Proactive, UsedUntilEnabled: 78MB, TimeUntilEnabled: 299,423s
[2024-02-14T16:50:59.507+0100][debug][gc,alloc       ] Allocation Rate: 2504,0MB/s, Predicted: 2390,5MB/s, Avg: 2801,6(+/-217,1)MB/s
[2024-02-14T16:50:59.507+0100][debug][gc,director    ] Select GC Workers (Normal), AvoidLongGCWorkers: 0,197, AvoidOOMGCWorkers: 1,072, LastGCWorkers: 2,000, GCWorkers: 1,072
[2024-02-14T16:50:59.507+0100][debug][gc,director    ] Rule: Allocation Rate (Dynamic GC Workers), MaxAllocRate: 3515,8MB/s (+/-7,7%), Free: 6956MB, GCCPUTime: 1,969, GCDuration: 0,986s, TimeUntilOOM: 1,836s, TimeUntilGC: 0,750s, GCWorkers: 2 -> 2
[2024-02-14T16:50:59.507+0100][debug][gc,director    ] Rule: High Usage, Free: 6956MB(45,3%)
[2024-02-14T16:50:59.507+0100][debug][gc,director    ] Rule: Proactive, AcceptableGCInterval: 19,408s, TimeSinceLastGC: 0,676s, TimeUntilGC: 18,733s
[2024-02-14T16:50:59.607+0100][debug][gc,alloc       ] Allocation Rate: 2452,0MB/s, Predicted: 2356,9MB/s, Avg: 2726,8(+/-194,6)MB/s
[2024-02-14T16:50:59.607+0100][debug][gc,director    ] Select GC Workers (Normal), AvoidLongGCWorkers: 0,197, AvoidOOMGCWorkers: 1,060, LastGCWorkers: 2,000, GCWorkers: 1,060
[2024-02-14T16:50:59.607+0100][debug][gc,director    ] Rule: Allocation Rate (Dynamic GC Workers), MaxAllocRate: 3367,1MB/s (+/-7,1%), Free: 6700MB, GCCPUTime: 1,969, GCDuration: 0,986s, TimeUntilOOM: 1,857s, TimeUntilGC: 0,772s, GCWorkers: 2 -> 2
[2024-02-14T16:50:59.607+0100][debug][gc,director    ] Rule: High Usage, Free: 6700MB(43,6%)
[2024-02-14T16:50:59.607+0100][debug][gc,director    ] Rule: Proactive, AcceptableGCInterval: 19,408s, TimeSinceLastGC: 0,776s, TimeUntilGC: 18,633s
[2024-02-14T16:50:59.707+0100][debug][gc,alloc       ] Allocation Rate: 2498,0MB/s, Predicted: 2360,1MB/s, Avg: 2668,4(+/-164,5)MB/s
[2024-02-14T16:50:59.707+0100][debug][gc,director    ] Select GC Workers (Normal), AvoidLongGCWorkers: 0,197, AvoidOOMGCWorkers: 1,043, LastGCWorkers: 2,000, GCWorkers: 1,043
[2024-02-14T16:50:59.707+0100][debug][gc,director    ] Rule: Allocation Rate (Dynamic GC Workers), MaxAllocRate: 3209,9MB/s (+/-6,2%), Free: 6430MB, GCCPUTime: 1,969, GCDuration: 0,986s, TimeUntilOOM: 1,887s, TimeUntilGC: 0,801s, GCWorkers: 2 -> 2
[2024-02-14T16:50:59.707+0100][debug][gc,director    ] Rule: High Usage, Free: 6430MB(41,9%)
[2024-02-14T16:50:59.707+0100][debug][gc,director    ] Rule: Proactive, AcceptableGCInterval: 19,408s, TimeSinceLastGC: 0,876s, TimeUntilGC: 18,532s
[2024-02-14T16:50:59.807+0100][debug][gc,alloc       ] Allocation Rate: 2540,0MB/s, Predicted: 2386,0MB/s, Avg: 2626,6(+/-136,3)MB/s
[2024-02-14T16:50:59.807+0100][debug][gc,director    ] Select GC Workers (Normal), AvoidLongGCWorkers: 0,197, AvoidOOMGCWorkers: 1,031, LastGCWorkers: 2,000, GCWorkers: 1,031
[2024-02-14T16:50:59.807+0100][debug][gc,director    ] Rule: Allocation Rate (Dynamic GC Workers), MaxAllocRate: 3075,3MB/s (+/-5,2%), Free: 6174MB, GCCPUTime: 1,969, GCDuration: 0,986s, TimeUntilOOM: 1,909s, TimeUntilGC: 0,823s, GCWorkers: 2 -> 2
[2024-02-14T16:50:59.807+0100][debug][gc,director    ] Rule: High Usage, Free: 6174MB(40,2%)
[2024-02-14T16:50:59.807+0100][debug][gc,director    ] Rule: Proactive, AcceptableGCInterval: 19,408s, TimeSinceLastGC: 0,976s, TimeUntilGC: 18,432s
[2024-02-14T16:50:59.907+0100][debug][gc,alloc       ] Allocation Rate: 2560,0MB/s, Predicted: 2428,5MB/s, Avg: 2594,0(+/-106,0)MB/s
[2024-02-14T16:50:59.907+0100][debug][gc,director    ] Select GC Workers (Normal), AvoidLongGCWorkers: 0,197, AvoidOOMGCWorkers: 1,019, LastGCWorkers: 2,000, GCWorkers: 1,019
[2024-02-14T16:50:59.907+0100][debug][gc,director    ] Rule: Allocation Rate (Dynamic GC Workers), MaxAllocRate: 2942,9MB/s (+/-4,1%), Free: 5918MB, GCCPUTime: 1,969, GCDuration: 0,986s, TimeUntilOOM: 1,932s, TimeUntilGC: 0,846s, GCWorkers: 2 -> 2
[2024-02-14T16:50:59.907+0100][debug][gc,director    ] Rule: High Usage, Free: 5918MB(38,5%)
[2024-02-14T16:50:59.908+0100][debug][gc,director    ] Rule: Proactive, AcceptableGCInterval: 19,408s, TimeSinceLastGC: 1,076s, TimeUntilGC: 18,332s
[2024-02-14T16:51:00.008+0100][debug][gc,alloc       ] Allocation Rate: 2564,0MB/s, Predicted: 2471,5MB/s, Avg: 2570,4(+/-80,8)MB/s
[2024-02-14T16:51:00.008+0100][debug][gc,director    ] Select GC Workers (Normal), AvoidLongGCWorkers: 0,197, AvoidOOMGCWorkers: 1,017, LastGCWorkers: 2,000, GCWorkers: 1,017
[2024-02-14T16:51:00.008+0100][debug][gc,director    ] Rule: Allocation Rate (Dynamic GC Workers), MaxAllocRate: 2836,4MB/s (+/-3,1%), Free: 5662MB, GCCPUTime: 1,969, GCDuration: 0,986s, TimeUntilOOM: 1,935s, TimeUntilGC: 0,850s, GCWorkers: 2 -> 2
[2024-02-14T16:51:00.008+0100][debug][gc,director    ] Rule: High Usage, Free: 5662MB(36,9%)
[2024-02-14T16:51:00.008+0100][debug][gc,director    ] Rule: Proactive, AcceptableGCInterval: 19,408s, TimeSinceLastGC: 1,176s, TimeUntilGC: 18,232s
[2024-02-14T16:51:00.108+0100][debug][gc,alloc       ] Allocation Rate: 2566,0MB/s, Predicted: 2513,9MB/s, Avg: 2553,4(+/-59,2)MB/s
[2024-02-14T16:51:00.108+0100][debug][gc,director    ] Select GC Workers (Normal), AvoidLongGCWorkers: 0,197, AvoidOOMGCWorkers: 1,024, LastGCWorkers: 2,000, GCWorkers: 1,024
[2024-02-14T16:51:00.108+0100][debug][gc,director    ] Rule: Allocation Rate (Dynamic GC Workers), MaxAllocRate: 2748,2MB/s (+/-2,3%), Free: 5406MB, GCCPUTime: 1,969, GCDuration: 0,986s, TimeUntilOOM: 1,923s, TimeUntilGC: 0,837s, GCWorkers: 2 -> 2
[2024-02-14T16:51:00.108+0100][debug][gc,director    ] Rule: High Usage, Free: 5406MB(35,2%)
[2024-02-14T16:51:00.108+0100][debug][gc,director    ] Rule: Proactive, AcceptableGCInterval: 19,408s, TimeSinceLastGC: 1,276s, TimeUntilGC: 18,132s
[2024-02-14T16:51:00.208+0100][debug][gc,alloc       ] Allocation Rate: 2566,0MB/s, Predicted: 2551,6MB/s, Avg: 2542,4(+/-43,5)MB/s
[2024-02-14T16:51:00.208+0100][debug][gc,director    ] Select GC Workers (Normal), AvoidLongGCWorkers: 0,197, AvoidOOMGCWorkers: 1,047, LastGCWorkers: 2,000, GCWorkers: 1,047
[2024-02-14T16:51:00.208+0100][debug][gc,director    ] Rule: Allocation Rate (Dynamic GC Workers), MaxAllocRate: 2694,8MB/s (+/-1,7%), Free: 5152MB, GCCPUTime: 1,969, GCDuration: 0,986s, TimeUntilOOM: 1,880s, TimeUntilGC: 0,794s, GCWorkers: 2 -> 2
[2024-02-14T16:51:00.208+0100][debug][gc,director    ] Rule: High Usage, Free: 5152MB(33,5%)
[2024-02-14T16:51:00.208+0100][debug][gc,director    ] Rule: Proactive, AcceptableGCInterval: 19,408s, TimeSinceLastGC: 1,376s, TimeUntilGC: 18,032s
[2024-02-14T16:51:00.308+0100][debug][gc,alloc       ] Allocation Rate: 2570,0MB/s, Predicted: 2581,7MB/s, Avg: 2538,0(+/-37,9)MB/s
[2024-02-14T16:51:00.308+0100][debug][gc,director    ] Select GC Workers (Normal), AvoidLongGCWorkers: 0,197, AvoidOOMGCWorkers: 1,105, LastGCWorkers: 2,000, GCWorkers: 1,105
[2024-02-14T16:51:00.308+0100][debug][gc,director    ] Rule: Allocation Rate (Dynamic GC Workers), MaxAllocRate: 2706,6MB/s (+/-1,5%), Free: 4896MB, GCCPUTime: 1,969, GCDuration: 0,986s, TimeUntilOOM: 1,782s, TimeUntilGC: 0,697s, GCWorkers: 2 -> 2
[2024-02-14T16:51:00.308+0100][debug][gc,director    ] Rule: High Usage, Free: 4896MB(31,9%)
[2024-02-14T16:51:00.308+0100][debug][gc,director    ] Rule: Proactive, AcceptableGCInterval: 19,408s, TimeSinceLastGC: 1,477s, TimeUntilGC: 17,932s
[2024-02-14T16:51:00.407+0100][debug][gc,alloc       ] Allocation Rate: 2568,0MB/s, Predicted: 2599,6MB/s, Avg: 2538,8(+/-38,5)MB/s
[2024-02-14T16:51:00.407+0100][debug][gc,director    ] Select GC Workers (Normal), AvoidLongGCWorkers: 0,197, AvoidOOMGCWorkers: 1,174, LastGCWorkers: 2,000, GCWorkers: 1,174
[2024-02-14T16:51:00.407+0100][debug][gc,director    ] Rule: Allocation Rate (Dynamic GC Workers), MaxAllocRate: 2726,2MB/s (+/-1,5%), Free: 4642MB, GCCPUTime: 1,969, GCDuration: 0,986s, TimeUntilOOM: 1,677s, TimeUntilGC: 0,592s, GCWorkers: 2 -> 2
[2024-02-14T16:51:00.407+0100][debug][gc,director    ] Rule: High Usage, Free: 4642MB(30,2%)
[2024-02-14T16:51:00.407+0100][debug][gc,director    ] Rule: Proactive, AcceptableGCInterval: 19,408s, TimeSinceLastGC: 1,576s, TimeUntilGC: 17,833s
[2024-02-14T16:51:00.507+0100][debug][gc,alloc       ] Allocation Rate: 2572,0MB/s, Predicted: 2603,6MB/s, Avg: 2545,6(+/-37,7)MB/s
[2024-02-14T16:51:00.507+0100][debug][gc,director    ] Select GC Workers (Normal), AvoidLongGCWorkers: 0,197, AvoidOOMGCWorkers: 1,243, LastGCWorkers: 2,000, GCWorkers: 1,243
[2024-02-14T16:51:00.507+0100][debug][gc,director    ] Rule: Allocation Rate (Dynamic GC Workers), MaxAllocRate: 2727,7MB/s (+/-1,5%), Free: 4384MB, GCCPUTime: 1,969, GCDuration: 0,986s, TimeUntilOOM: 1,584s, TimeUntilGC: 0,498s, GCWorkers: 2 -> 2
[2024-02-14T16:51:00.507+0100][debug][gc,director    ] Rule: High Usage, Free: 4384MB(28,5%)
[2024-02-14T16:51:00.507+0100][debug][gc,director    ] Rule: Proactive, AcceptableGCInterval: 19,408s, TimeSinceLastGC: 1,676s, TimeUntilGC: 17,732s
[2024-02-14T16:51:00.607+0100][debug][gc,alloc       ] Allocation Rate: 2562,0MB/s, Predicted: 2585,2MB/s, Avg: 2556,6(+/-21,3)MB/s
[2024-02-14T16:51:00.607+0100][debug][gc,director    ] Select GC Workers (Normal), AvoidLongGCWorkers: 0,197, AvoidOOMGCWorkers: 1,274, LastGCWorkers: 2,000, GCWorkers: 1,274
[2024-02-14T16:51:00.607+0100][debug][gc,director    ] Rule: Allocation Rate (Dynamic GC Workers), MaxAllocRate: 2655,2MB/s (+/-0,8%), Free: 4138MB, GCCPUTime: 1,969, GCDuration: 0,986s, TimeUntilOOM: 1,546s, TimeUntilGC: 0,460s, GCWorkers: 2 -> 2
[2024-02-14T16:51:00.607+0100][debug][gc,director    ] Rule: High Usage, Free: 4138MB(26,9%)
[2024-02-14T16:51:00.607+0100][debug][gc,director    ] Rule: Proactive, AcceptableGCInterval: 19,408s, TimeSinceLastGC: 1,776s, TimeUntilGC: 17,632s
[2024-02-14T16:51:00.707+0100][debug][gc,alloc       ] Allocation Rate: 2550,0MB/s, Predicted: 2566,9MB/s, Avg: 2561,8(+/-9,3)MB/s
[2024-02-14T16:51:00.707+0100][debug][gc,director    ] Select GC Workers (Normal), AvoidLongGCWorkers: 0,197, AvoidOOMGCWorkers: 1,323, LastGCWorkers: 2,000, GCWorkers: 1,323
[2024-02-14T16:51:00.707+0100][debug][gc,director    ] Rule: Allocation Rate (Dynamic GC Workers), MaxAllocRate: 2597,6MB/s (+/-0,4%), Free: 3880MB, GCCPUTime: 1,969, GCDuration: 0,986s, TimeUntilOOM: 1,488s, TimeUntilGC: 0,403s, GCWorkers: 2 -> 2
[2024-02-14T16:51:00.707+0100][debug][gc,director    ] Rule: High Usage, Free: 3880MB(25,3%)
[2024-02-14T16:51:00.707+0100][debug][gc,director    ] Rule: Proactive, AcceptableGCInterval: 19,408s, TimeSinceLastGC: 1,876s, TimeUntilGC: 17,532s
[2024-02-14T16:51:00.807+0100][debug][gc,alloc       ] Allocation Rate: 2544,0MB/s, Predicted: 2554,0MB/s, Avg: 2562,2(+/-8,4)MB/s
[2024-02-14T16:51:00.807+0100][debug][gc,director    ] Select GC Workers (Normal), AvoidLongGCWorkers: 0,197, AvoidOOMGCWorkers: 1,410, LastGCWorkers: 2,000, GCWorkers: 1,410
[2024-02-14T16:51:00.807+0100][debug][gc,director    ] Rule: Allocation Rate (Dynamic GC Workers), MaxAllocRate: 2589,9MB/s (+/-0,3%), Free: 3630MB, GCCPUTime: 1,969, GCDuration: 0,986s, TimeUntilOOM: 1,397s, TimeUntilGC: 0,311s, GCWorkers: 2 -> 2
[2024-02-14T16:51:00.807+0100][debug][gc,director    ] Rule: High Usage, Free: 3630MB(23,6%)
[2024-02-14T16:51:00.807+0100][debug][gc,director    ] Rule: Proactive, AcceptableGCInterval: 19,408s, TimeSinceLastGC: 1,976s, TimeUntilGC: 17,432s
[2024-02-14T16:51:00.908+0100][debug][gc,alloc       ] Allocation Rate: 2542,0MB/s, Predicted: 2545,3MB/s, Avg: 2560,4(+/-10,4)MB/s
[2024-02-14T16:51:00.908+0100][debug][gc,director    ] Select GC Workers (Normal), AvoidLongGCWorkers: 0,197, AvoidOOMGCWorkers: 1,520, LastGCWorkers: 2,000, GCWorkers: 1,520
[2024-02-14T16:51:00.908+0100][debug][gc,director    ] Rule: Allocation Rate (Dynamic GC Workers), MaxAllocRate: 2594,6MB/s (+/-0,4%), Free: 3376MB, GCCPUTime: 1,969, GCDuration: 0,986s, TimeUntilOOM: 1,296s, TimeUntilGC: 0,210s, GCWorkers: 2 -> 2
[2024-02-14T16:51:00.908+0100][debug][gc,director    ] Rule: High Usage, Free: 3376MB(22,0%)
[2024-02-14T16:51:00.908+0100][debug][gc,director    ] Rule: Proactive, AcceptableGCInterval: 19,408s, TimeSinceLastGC: 2,076s, TimeUntilGC: 17,332s
[2024-02-14T16:51:01.008+0100][debug][gc,alloc       ] Allocation Rate: 2538,0MB/s, Predicted: 2537,3MB/s, Avg: 2557,8(+/-12,2)MB/s
[2024-02-14T16:51:01.008+0100][debug][gc,director    ] Select GC Workers (Normal), AvoidLongGCWorkers: 0,197, AvoidOOMGCWorkers: 1,647, LastGCWorkers: 2,000, GCWorkers: 1,647
[2024-02-14T16:51:01.008+0100][debug][gc,director    ] Rule: Allocation Rate (Dynamic GC Workers), MaxAllocRate: 2598,1MB/s (+/-0,5%), Free: 3124MB, GCCPUTime: 1,969, GCDuration: 0,986s, TimeUntilOOM: 1,197s, TimeUntilGC: 0,111s, GCWorkers: 2 -> 2
[2024-02-14T16:51:01.008+0100][debug][gc,director    ] Rule: High Usage, Free: 3124MB(20,3%)
[2024-02-14T16:51:01.008+0100][debug][gc,director    ] Rule: Proactive, AcceptableGCInterval: 19,408s, TimeSinceLastGC: 2,176s, TimeUntilGC: 17,232s
[2024-02-14T16:51:01.108+0100][debug][gc,alloc       ] Allocation Rate: 2534,0MB/s, Predicted: 2530,0MB/s, Avg: 2554,6(+/-13,8)MB/s
[2024-02-14T16:51:01.108+0100][debug][gc,director    ] Select GC Workers (Normal), AvoidLongGCWorkers: 0,197, AvoidOOMGCWorkers: 1,794, LastGCWorkers: 2,000, GCWorkers: 1,794
[2024-02-14T16:51:01.108+0100][debug][gc,director    ] Rule: Allocation Rate (Dynamic GC Workers), MaxAllocRate: 2599,9MB/s (+/-0,5%), Free: 2872MB, GCCPUTime: 1,969, GCDuration: 0,986s, TimeUntilOOM: 1,099s, TimeUntilGC: 0,013s, GCWorkers: 2 -> 2
[2024-02-14T16:51:01.108+0100][debug][gc,director    ] Rule: High Usage, Free: 2872MB(18,7%)
[2024-02-14T16:51:01.108+0100][debug][gc,director    ] Rule: Proactive, AcceptableGCInterval: 19,408s, TimeSinceLastGC: 2,276s, TimeUntilGC: 17,132s
[2024-02-14T16:51:01.208+0100][debug][gc,alloc       ] Allocation Rate: 2532,0MB/s, Predicted: 2524,0MB/s, Avg: 2551,2(+/-14,7)MB/s
[2024-02-14T16:51:01.208+0100][debug][gc,director    ] Select GC Workers (Normal), AvoidLongGCWorkers: 0,197, AvoidOOMGCWorkers: 1,967, LastGCWorkers: 2,000, GCWorkers: 1,967
[2024-02-14T16:51:01.208+0100][debug][gc,director    ] Rule: Allocation Rate (Dynamic GC Workers), MaxAllocRate: 2599,6MB/s (+/-0,6%), Free: 2620MB, GCCPUTime: 1,969, GCDuration: 0,986s, TimeUntilOOM: 1,002s, TimeUntilGC: -0,084s, GCWorkers: 2 -> 2
[2024-02-14T16:51:01.208+0100][debug][gc,heap        ] GC(46) Heap before GC invocations=46 (full 46):
[2024-02-14T16:51:01.208+0100][debug][gc,heap        ] GC(46)  ZHeap           used 12698M, capacity 14594M, max capacity 15360M
[2024-02-14T16:51:01.208+0100][debug][gc,heap        ] GC(46)  Metaspace       used 32052K, committed 32448K, reserved 1114112K
[2024-02-14T16:51:01.208+0100][debug][gc,heap        ] GC(46)   class space    used 3381K, committed 3584K, reserved 1048576K
[2024-02-14T16:51:01.208+0100][info ][gc,start       ] GC(46) Garbage Collection (Allocation Rate)
[2024-02-14T16:51:01.208+0100][info ][gc,task        ] GC(46) Using 2 workers
[2024-02-14T16:51:01.208+0100][debug][gc,phases,start] GC(46) Pause Mark Start
[2024-02-14T16:51:01.208+0100][debug][gc,marking     ] GC(46) Using 2 mark stripes
[2024-02-14T16:51:01.208+0100][debug][gc,marking     ] GC(46) Mark Worker/Stripe Distribution
[2024-02-14T16:51:01.208+0100][debug][gc,marking     ] GC(46)   Worker 0(2) -> Stripe 0(2)
[2024-02-14T16:51:01.208+0100][debug][gc,marking     ] GC(46)   Worker 1(2) -> Stripe 1(2)
[2024-02-14T16:51:01.208+0100][info ][gc,phases      ] GC(46) Pause Mark Start 0,085ms
[2024-02-14T16:51:01.208+0100][debug][gc,phases,start] GC(46) Concurrent Mark
[2024-02-14T16:51:01.208+0100][debug][gc,task        ] GC(46) Executing Task: XMarkRootsTask, Active Workers: 2
[2024-02-14T16:51:01.209+0100][debug][gc,tlab        ] GC(46) TLAB totals: thrds: 8  refills: 34949 max: 34920 slow allocs: 0 max 0 waste:  0,6% gc: 1174384B max: 239800B slow: 52625120B max: 52612064B
[2024-02-14T16:51:01.209+0100][debug][gc,task        ] GC(46) Executing Task: XMarkTask, Active Workers: 2
[2024-02-14T16:51:01.308+0100][debug][gc,alloc       ] Allocation Rate: 2524,0MB/s, Predicted: 2518,1MB/s, Avg: 2546,6(+/-15,3)MB/s
[2024-02-14T16:51:01.407+0100][debug][gc,alloc       ] Allocation Rate: 2522,0MB/s, Predicted: 2514,0MB/s, Avg: 2542,0(+/-15,1)MB/s
[2024-02-14T16:51:01.507+0100][debug][gc,alloc       ] Allocation Rate: 2536,0MB/s, Predicted: 2519,6MB/s, Avg: 2538,4(+/-11,3)MB/s
[2024-02-14T16:51:01.607+0100][debug][gc,alloc       ] Allocation Rate: 2552,0MB/s, Predicted: 2531,3MB/s, Avg: 2537,4(+/-9,5)MB/s
[2024-02-14T16:51:01.708+0100][debug][gc,alloc       ] Allocation Rate: 2566,0MB/s, Predicted: 2546,1MB/s, Avg: 2539,0(+/-12,4)MB/s
[2024-02-14T16:51:01.807+0100][debug][gc,alloc       ] Allocation Rate: 2538,0MB/s, Predicted: 2547,1MB/s, Avg: 2538,4(+/-12,3)MB/s
[2024-02-14T16:51:01.907+0100][debug][gc,alloc       ] Allocation Rate: 2540,0MB/s, Predicted: 2548,7MB/s, Avg: 2538,2(+/-12,2)MB/s
[2024-02-14T16:51:01.929+0100][debug][gc,heap        ] Page Cache Flushed: 2M
[2024-02-14T16:51:01.930+0100][debug][gc,heap        ] Page Cache Flushed: 2M
[2024-02-14T16:51:01.931+0100][debug][gc,heap        ] Page Cache Flushed: 2M
[2024-02-14T16:51:01.932+0100][debug][gc,heap        ] Page Cache Flushed: 2M
[2024-02-14T16:51:01.933+0100][debug][gc,heap        ] Page Cache Flushed: 2M
[2024-02-14T16:51:01.935+0100][debug][gc,heap        ] Page Cache Flushed: 2M
[2024-02-14T16:51:01.936+0100][debug][gc,heap        ] Page Cache Flushed: 2M
[2024-02-14T16:51:01.937+0100][debug][gc,heap        ] Page Cache Flushed: 2M
[2024-02-14T16:51:01.938+0100][debug][gc,heap        ] Page Cache Flushed: 2M
[2024-02-14T16:51:01.939+0100][debug][gc,heap        ] Page Cache Flushed: 2M
[2024-02-14T16:51:01.940+0100][debug][gc,heap        ] Page Cache Flushed: 2M
[2024-02-14T16:51:01.941+0100][debug][gc,heap        ] Page Cache Flushed: 2M
[2024-02-14T16:51:01.943+0100][debug][gc,heap        ] Page Cache Flushed: 2M
[2024-02-14T16:51:01.944+0100][debug][gc,heap        ] Page Cache Flushed: 2M
[2024-02-14T16:51:01.945+0100][debug][gc,heap        ] Page Cache Flushed: 2M
[2024-02-14T16:51:01.946+0100][debug][gc,heap        ] Page Cache Flushed: 2M
[2024-02-14T16:51:01.948+0100][debug][gc,heap        ] Page Cache Flushed: 2M
[2024-02-14T16:51:01.949+0100][debug][gc,heap        ] Page Cache Flushed: 2M
[2024-02-14T16:51:01.950+0100][debug][gc,heap        ] Page Cache Flushed: 2M
[2024-02-14T16:51:01.951+0100][debug][gc,heap        ] Page Cache Flushed: 2M
[2024-02-14T16:51:01.952+0100][debug][gc,heap        ] Page Cache Flushed: 2M
[2024-02-14T16:51:01.954+0100][debug][gc,heap        ] Page Cache Flushed: 2M
[2024-02-14T16:51:01.955+0100][debug][gc,heap        ] Page Cache Flushed: 2M
[2024-02-14T16:51:01.956+0100][debug][gc,heap        ] Page Cache Flushed: 2M
[2024-02-14T16:51:01.957+0100][debug][gc,heap        ] Page Cache Flushed: 2M
[2024-02-14T16:51:01.959+0100][debug][gc,heap        ] Page Cache Flushed: 2M
[2024-02-14T16:51:01.960+0100][debug][gc,heap        ] Page Cache Flushed: 2M
[2024-02-14T16:51:01.961+0100][debug][gc,heap        ] Page Cache Flushed: 2M
[2024-02-14T16:51:01.962+0100][debug][gc,heap        ] Page Cache Flushed: 2M
[2024-02-14T16:51:01.963+0100][debug][gc,heap        ] Page Cache Flushed: 2M
[2024-02-14T16:51:01.964+0100][debug][gc,heap        ] Page Cache Flushed: 2M
[2024-02-14T16:51:01.965+0100][debug][gc,heap        ] Page Cache Flushed: 2M
[2024-02-14T16:51:01.973+0100][info ][gc,phases      ] GC(46) Concurrent Mark 765,072ms
[2024-02-14T16:51:01.974+0100][debug][gc,phases,start] GC(46) Pause Mark End
[2024-02-14T16:51:01.974+0100][info ][gc,phases      ] GC(46) Pause Mark End 0,034ms
[2024-02-14T16:51:01.974+0100][debug][gc,phases,start] GC(46) Concurrent Mark Free
[2024-02-14T16:51:01.974+0100][info ][gc,phases      ] GC(46) Concurrent Mark Free 0,007ms
[2024-02-14T16:51:01.974+0100][debug][gc,phases,start] GC(46) Concurrent Process Non-Strong References
[2024-02-14T16:51:01.974+0100][debug][gc,phases,start] GC(46) Concurrent References Process
[2024-02-14T16:51:01.974+0100][debug][gc,task        ] GC(46) Executing Task: XReferenceProcessorTask, Active Workers: 2
[2024-02-14T16:51:01.975+0100][debug][gc,phases      ] GC(46) Concurrent References Process 0,933ms
[2024-02-14T16:51:01.975+0100][debug][gc,task        ] GC(46) Executing Task: XProcessWeakRootsTask, Active Workers: 2
[2024-02-14T16:51:01.975+0100][debug][gc,phases,start] GC(46) Concurrent Classes Unlink
[2024-02-14T16:51:01.975+0100][debug][gc,phases,start] GC(46) ClassLoaderData
[2024-02-14T16:51:01.975+0100][debug][gc,phases      ] GC(46) ClassLoaderData 0,030ms
[2024-02-14T16:51:01.975+0100][debug][gc,phases,start] GC(46) Trigger cleanups
[2024-02-14T16:51:01.975+0100][debug][gc,phases      ] GC(46) Trigger cleanups 0,005ms
[2024-02-14T16:51:01.975+0100][debug][gc,task        ] GC(46) Executing Task: XNMethodUnlinkTask, Active Workers: 2
[2024-02-14T16:51:01.977+0100][debug][gc,phases      ] GC(46) Concurrent Classes Unlink 2,128ms
[2024-02-14T16:51:01.977+0100][debug][gc,phases,start] GC(46) Concurrent Classes Purge
[2024-02-14T16:51:01.977+0100][debug][gc,nmethod     ] GC(46) Unregister NMethod: com.github.benmanes.caffeine.cache.BoundedLocalCache.climb (0x00007f9f0c138710)
[2024-02-14T16:51:01.977+0100][debug][gc,nmethod     ] GC(46) Unregister NMethod: com.github.benmanes.caffeine.cache.BoundedLocalCache.afterRead (0x00007f9f0bec7210)
[2024-02-14T16:51:01.977+0100][debug][gc,nmethod     ] GC(46) Unregister NMethod: com.github.benmanes.caffeine.cache.BoundedLocalCache.hasExpired (0x00007f9f0c067e90)
[2024-02-14T16:51:01.977+0100][debug][gc,nmethod     ] GC(46) Unregister NMethod: com.github.benmanes.caffeine.cache.FrequencySketch.incrementAt (0x00007f9f0be75490)
[2024-02-14T16:51:01.977+0100][debug][gc,nmethod     ] GC(46) Unregister NMethod: com.github.benmanes.caffeine.cache.FrequencySketch.increment (0x00007f9f0bb59e90)
[2024-02-14T16:51:01.977+0100][debug][gc,nmethod     ] GC(46) Unregister NMethod: com.github.benmanes.caffeine.cache.BoundedLocalCache.tryExpireAfterRead (0x00007f9f0c066c90)
[2024-02-14T16:51:01.977+0100][debug][gc,nmethod     ] GC(46) Unregister NMethod: com.github.benmanes.caffeine.cache.AccessOrderDeque.remove (0x00007f9f0c1eea90)
[2024-02-14T16:51:01.977+0100][debug][gc,nmethod     ] GC(46) Unregister NMethod: io.sirix.page.PageReference.equals (0x00007f9f0c03b290)
[2024-02-14T16:51:01.977+0100][debug][gc,nmethod     ] GC(46) Unregister NMethod: com.github.benmanes.caffeine.cache.BoundedLocalCache.onAccess (0x00007f9f0bf80290)
[2024-02-14T16:51:01.977+0100][debug][gc,nmethod     ] GC(46) Unregister NMethod: com.github.benmanes.caffeine.cache.BoundedLocalCache.climb (0x00007f9f2b77ce90)
[2024-02-14T16:51:01.977+0100][debug][gc,phases      ] GC(46) Concurrent Classes Purge 0,076ms
[2024-02-14T16:51:01.977+0100][debug][gc,phases,start] GC(46) Concurrent References Enqueue
[2024-02-14T16:51:01.977+0100][debug][gc,phases      ] GC(46) Concurrent References Enqueue 0,006ms
[2024-02-14T16:51:01.977+0100][info ][gc,phases      ] GC(46) Concurrent Process Non-Strong References 3,409ms
[2024-02-14T16:51:01.977+0100][debug][gc,phases,start] GC(46) Concurrent Reset Relocation Set
[2024-02-14T16:51:01.977+0100][info ][gc,phases      ] GC(46) Concurrent Reset Relocation Set 0,100ms
[2024-02-14T16:51:01.977+0100][debug][gc,phases,start] GC(46) Concurrent Select Relocation Set
[2024-02-14T16:51:01.978+0100][debug][gc,task        ] GC(46) Executing Task: XRelocationSetInstallTask, Active Workers: 2
[2024-02-14T16:51:01.988+0100][info ][gc,phases      ] GC(46) Concurrent Select Relocation Set 10,539ms
[2024-02-14T16:51:01.988+0100][debug][gc,phases,start] GC(46) Pause Relocate Start
[2024-02-14T16:51:01.988+0100][info ][gc,phases      ] GC(46) Pause Relocate Start 0,026ms
[2024-02-14T16:51:01.988+0100][debug][gc,phases,start] GC(46) Concurrent Relocate
[2024-02-14T16:51:01.988+0100][debug][gc,task        ] GC(46) Executing Task: XRelocateTask, Active Workers: 2
[2024-02-14T16:51:02.007+0100][debug][gc,alloc       ] Allocation Rate: 2498,0MB/s, Predicted: 2532,5MB/s, Avg: 2534,2(+/-17,2)MB/s
[2024-02-14T16:51:02.089+0100][info ][gc,phases      ] GC(46) Concurrent Relocate 100,650ms
[2024-02-14T16:51:02.089+0100][debug][gc,heap        ] GC(46) Heap after GC invocations=47 (full 47):
[2024-02-14T16:51:02.089+0100][debug][gc,heap        ] GC(46)  ZHeap           used 6158M, capacity 14594M, max capacity 15360M
[2024-02-14T16:51:02.089+0100][debug][gc,heap        ] GC(46)  Metaspace       used 32052K, committed 32448K, reserved 1114112K
[2024-02-14T16:51:02.089+0100][debug][gc,heap        ] GC(46)   class space    used 3381K, committed 3584K, reserved 1048576K
[2024-02-14T16:51:02.089+0100][info ][gc,load        ] GC(46) Load: 3,29/2,00/1,79
[2024-02-14T16:51:02.089+0100][info ][gc,mmu         ] GC(46) MMU: 2ms/92,8%, 5ms/97,1%, 10ms/98,6%, 20ms/99,1%, 50ms/99,6%, 100ms/99,8%
[2024-02-14T16:51:02.089+0100][info ][gc,marking     ] GC(46) Mark: 2 stripe(s), 4 proactive flush(es), 1 terminate flush(es), 0 completion(s), 0 continuation(s) 
[2024-02-14T16:51:02.089+0100][info ][gc,marking     ] GC(46) Mark Stack Usage: 32M
[2024-02-14T16:51:02.089+0100][info ][gc,nmethod     ] GC(46) NMethods: 4264 registered, 36 unregistered
[2024-02-14T16:51:02.089+0100][info ][gc,metaspace   ] GC(46) Metaspace: 31M used, 31M committed, 1088M reserved
[2024-02-14T16:51:02.089+0100][info ][gc,ref         ] GC(46) Soft: 3896 encountered, 0 discovered, 0 enqueued
[2024-02-14T16:51:02.089+0100][info ][gc,ref         ] GC(46) Weak: 2057 encountered, 108 discovered, 0 enqueued
[2024-02-14T16:51:02.089+0100][info ][gc,ref         ] GC(46) Final: 4011 encountered, 4011 discovered, 4011 enqueued
[2024-02-14T16:51:02.089+0100][info ][gc,ref         ] GC(46) Phantom: 4408 encountered, 4261 discovered, 4013 enqueued
[2024-02-14T16:51:02.089+0100][info ][gc,reloc       ] GC(46) Small Pages: 6333 / 12666M, Empty: 5854M, Relocated: 397M, In-Place: 0
[2024-02-14T16:51:02.089+0100][info ][gc,reloc       ] GC(46) Medium Pages: 1 / 32M, Empty: 0M, Relocated: 0M, In-Place: 0
[2024-02-14T16:51:02.089+0100][info ][gc,reloc       ] GC(46) Large Pages: 0 / 0M, Empty: 0M, Relocated: 0M, In-Place: 0
[2024-02-14T16:51:02.089+0100][info ][gc,reloc       ] GC(46) Forwarding Usage: 167M
[2024-02-14T16:51:02.089+0100][info ][gc,heap        ] GC(46) Min Capacity: 5120M(33%)
[2024-02-14T16:51:02.089+0100][info ][gc,heap        ] GC(46) Max Capacity: 15360M(100%)
[2024-02-14T16:51:02.089+0100][info ][gc,heap        ] GC(46) Soft Max Capacity: 15360M(100%)
[2024-02-14T16:51:02.089+0100][info ][gc,heap        ] GC(46)                Mark Start          Mark End        Relocate Start      Relocate End           High               Low         
[2024-02-14T16:51:02.089+0100][info ][gc,heap        ] GC(46)  Capacity:    14594M (95%)       14594M (95%)       14594M (95%)       14594M (95%)       14594M (95%)       14594M (95%)    
[2024-02-14T16:51:02.089+0100][info ][gc,heap        ] GC(46)      Free:     2662M (17%)         780M (5%)         6586M (43%)        9202M (60%)        9204M (60%)         770M (5%)     
[2024-02-14T16:51:02.089+0100][info ][gc,heap        ] GC(46)      Used:    12698M (83%)       14580M (95%)        8774M (57%)        6158M (40%)       14590M (95%)        6156M (40%)    
[2024-02-14T16:51:02.089+0100][info ][gc,heap        ] GC(46)      Live:         -              3664M (24%)        3664M (24%)        3664M (24%)            -                  -          
[2024-02-14T16:51:02.089+0100][info ][gc,heap        ] GC(46) Allocated:         -              1882M (12%)        1930M (13%)        2221M (14%)            -                  -          
[2024-02-14T16:51:02.089+0100][info ][gc,heap        ] GC(46)   Garbage:         -              9033M (59%)        3179M (21%)         271M (2%)             -                  -          
[2024-02-14T16:51:02.089+0100][info ][gc,heap        ] GC(46) Reclaimed:         -                  -              5854M (38%)        8761M (57%)            -                  -          
[2024-02-14T16:51:02.089+0100][info ][gc             ] GC(46) Garbage Collection (Allocation Rate) 12698M(83%)->6158M(40%)
[2024-02-14T16:51:02.107+0100][debug][gc,alloc       ] Allocation Rate: 2540,0MB/s, Predicted: 2534,8MB/s, Avg: 2534,8(+/-17,3)MB/s
[2024-02-14T16:51:02.107+0100][debug][gc,director    ] Select GC Workers (Try Lowering), AvoidLongGCWorkers: 0,193, AvoidOOMGCWorkers: 0,554, NextAvoidOOMGCWorkers: 0,791, LastGCWorkers: 2,000, GCWorkers: 1,291
[2024-02-14T16:51:02.107+0100][debug][gc,director    ] Rule: Allocation Rate (Dynamic GC Workers), MaxAllocRate: 2591,6MB/s (+/-0,7%), Free: 9094MB, GCCPUTime: 1,931, GCDuration: 0,967s, TimeUntilOOM: 3,485s, TimeUntilGC: 2,419s, GCWorkers: 2 -> 2
[2024-02-14T16:51:02.107+0100][debug][gc,director    ] Rule: High Usage, Free: 9094MB(59,2%)
[2024-02-14T16:51:02.107+0100][debug][gc,director    ] Rule: Proactive, UsedUntilEnabled: 1470MB, TimeUntilEnabled: 299,981s
[2024-02-14T16:51:02.207+0100][debug][gc,alloc       ] Allocation Rate: 2574,0MB/s, Predicted: 2549,7MB/s, Avg: 2539,0(+/-20,8)MB/s
[2024-02-14T16:51:02.208+0100][debug][gc,director    ] Select GC Workers (Try Lowering), AvoidLongGCWorkers: 0,193, AvoidOOMGCWorkers: 0,578, NextAvoidOOMGCWorkers: 0,807, LastGCWorkers: 2,000, GCWorkers: 1,307
[2024-02-14T16:51:02.208+0100][debug][gc,director    ] Rule: Allocation Rate (Dynamic GC Workers), MaxAllocRate: 2618,2MB/s (+/-0,8%), Free: 8808MB, GCCPUTime: 1,931, GCDuration: 0,967s, TimeUntilOOM: 3,337s, TimeUntilGC: 2,270s, GCWorkers: 2 -> 2
[2024-02-14T16:51:02.208+0100][debug][gc,director    ] Rule: High Usage, Free: 8808MB(57,3%)
[2024-02-14T16:51:02.208+0100][debug][gc,director    ] Rule: Proactive, UsedUntilEnabled: 1184MB, TimeUntilEnabled: 299,881s
[2024-02-14T16:51:02.308+0100][debug][gc,alloc       ] Allocation Rate: 2572,0MB/s, Predicted: 2558,9MB/s, Avg: 2543,8(+/-22,3)MB/s
[2024-02-14T16:51:02.308+0100][debug][gc,director    ] Select GC Workers (Try Lowering), AvoidLongGCWorkers: 0,193, AvoidOOMGCWorkers: 0,598, NextAvoidOOMGCWorkers: 0,811, LastGCWorkers: 2,000, GCWorkers: 1,311
[2024-02-14T16:51:02.308+0100][debug][gc,director    ] Rule: Allocation Rate (Dynamic GC Workers), MaxAllocRate: 2632,2MB/s (+/-0,9%), Free: 8562MB, GCCPUTime: 1,931, GCDuration: 0,967s, TimeUntilOOM: 3,224s, TimeUntilGC: 2,158s, GCWorkers: 2 -> 2
[2024-02-14T16:51:02.308+0100][debug][gc,director    ] Rule: High Usage, Free: 8562MB(55,7%)
[2024-02-14T16:51:02.308+0100][debug][gc,director    ] Rule: Proactive, UsedUntilEnabled: 938MB, TimeUntilEnabled: 299,781s
[2024-02-14T16:51:02.408+0100][debug][gc,alloc       ] Allocation Rate: 2570,0MB/s, Predicted: 2563,6MB/s, Avg: 2548,6(+/-22,2)MB/s
[2024-02-14T16:51:02.408+0100][debug][gc,director    ] Select GC Workers (Try Lowering), AvoidLongGCWorkers: 0,193, AvoidOOMGCWorkers: 0,618, NextAvoidOOMGCWorkers: 0,811, LastGCWorkers: 2,000, GCWorkers: 1,311
[2024-02-14T16:51:02.408+0100][debug][gc,director    ] Rule: Allocation Rate (Dynamic GC Workers), MaxAllocRate: 2636,8MB/s (+/-0,9%), Free: 8312MB, GCCPUTime: 1,931, GCDuration: 0,967s, TimeUntilOOM: 3,125s, TimeUntilGC: 2,058s, GCWorkers: 2 -> 2
[2024-02-14T16:51:02.408+0100][debug][gc,director    ] Rule: High Usage, Free: 8312MB(54,1%)
[2024-02-14T16:51:02.408+0100][debug][gc,director    ] Rule: Proactive, UsedUntilEnabled: 688MB, TimeUntilEnabled: 299,681s
[2024-02-14T16:51:02.507+0100][debug][gc,alloc       ] Allocation Rate: 2598,0MB/s, Predicted: 2580,0MB/s, Avg: 2554,8(+/-26,2)MB/s
[2024-02-14T16:51:02.507+0100][debug][gc,director    ] Select GC Workers (Try Lowering), AvoidLongGCWorkers: 0,193, AvoidOOMGCWorkers: 0,649, NextAvoidOOMGCWorkers: 0,829, LastGCWorkers: 2,000, GCWorkers: 1,329
[2024-02-14T16:51:02.507+0100][debug][gc,director    ] Rule: Allocation Rate (Dynamic GC Workers), MaxAllocRate: 2666,1MB/s (+/-1,0%), Free: 8012MB, GCCPUTime: 1,931, GCDuration: 0,967s, TimeUntilOOM: 2,975s, TimeUntilGC: 1,908s, GCWorkers: 2 -> 2
[2024-02-14T16:51:02.507+0100][debug][gc,director    ] Rule: High Usage, Free: 8012MB(52,2%)
[2024-02-14T16:51:02.507+0100][debug][gc,director    ] Rule: Proactive, UsedUntilEnabled: 388MB, TimeUntilEnabled: 299,582s
[2024-02-14T16:51:02.607+0100][debug][gc,alloc       ] Allocation Rate: 2610,0MB/s, Predicted: 2601,3MB/s, Avg: 2560,6(+/-30,9)MB/s
[2024-02-14T16:51:02.607+0100][debug][gc,director    ] Select GC Workers (Try Lowering), AvoidLongGCWorkers: 0,193, AvoidOOMGCWorkers: 0,682, NextAvoidOOMGCWorkers: 0,846, LastGCWorkers: 2,000, GCWorkers: 1,346
[2024-02-14T16:51:02.607+0100][debug][gc,director    ] Rule: Allocation Rate (Dynamic GC Workers), MaxAllocRate: 2703,0MB/s (+/-1,2%), Free: 7738MB, GCCPUTime: 1,931, GCDuration: 0,967s, TimeUntilOOM: 2,829s, TimeUntilGC: 1,762s, GCWorkers: 2 -> 2
[2024-02-14T16:51:02.607+0100][debug][gc,director    ] Rule: High Usage, Free: 7738MB(50,4%)
[2024-02-14T16:51:02.607+0100][debug][gc,director    ] Rule: Proactive, UsedUntilEnabled: 114MB, TimeUntilEnabled: 299,481s
[2024-02-14T16:51:02.707+0100][debug][gc,alloc       ] Allocation Rate: 2662,0MB/s, Predicted: 2643,3MB/s, Avg: 2570,2(+/-43,4)MB/s
[2024-02-14T16:51:02.707+0100][debug][gc,director    ] Select GC Workers (Try Lowering), AvoidLongGCWorkers: 0,193, AvoidOOMGCWorkers: 0,738, NextAvoidOOMGCWorkers: 0,889, LastGCWorkers: 2,000, GCWorkers: 1,389
[2024-02-14T16:51:02.707+0100][debug][gc,director    ] Rule: Allocation Rate (Dynamic GC Workers), MaxAllocRate: 2786,3MB/s (+/-1,7%), Free: 7414MB, GCCPUTime: 1,931, GCDuration: 0,967s, TimeUntilOOM: 2,617s, TimeUntilGC: 1,550s, GCWorkers: 2 -> 2
[2024-02-14T16:51:02.707+0100][debug][gc,director    ] Rule: High Usage, Free: 7414MB(48,3%)
[2024-02-14T16:51:02.707+0100][debug][gc,director    ] Rule: Proactive, AcceptableGCInterval: 19,032s, TimeSinceLastGC: 0,619s, TimeUntilGC: 18,413s
[2024-02-14T16:51:02.807+0100][debug][gc,alloc       ] Allocation Rate: 2758,0MB/s, Predicted: 2709,9MB/s, Avg: 2592,2(+/-69,5)MB/s
[2024-02-14T16:51:02.807+0100][debug][gc,director    ] Select GC Workers (Try Lowering), AvoidLongGCWorkers: 0,193, AvoidOOMGCWorkers: 0,821, NextAvoidOOMGCWorkers: 0,962, LastGCWorkers: 2,000, GCWorkers: 1,462
[2024-02-14T16:51:02.807+0100][debug][gc,director    ] Rule: Allocation Rate (Dynamic GC Workers), MaxAllocRate: 2938,5MB/s (+/-2,7%), Free: 7096MB, GCCPUTime: 1,931, GCDuration: 0,967s, TimeUntilOOM: 2,352s, TimeUntilGC: 1,285s, GCWorkers: 2 -> 2
[2024-02-14T16:51:02.807+0100][debug][gc,director    ] Rule: High Usage, Free: 7096MB(46,2%)
[2024-02-14T16:51:02.807+0100][debug][gc,director    ] Rule: Proactive, AcceptableGCInterval: 19,032s, TimeSinceLastGC: 0,719s, TimeUntilGC: 18,313s
[2024-02-14T16:51:02.907+0100][debug][gc,alloc       ] Allocation Rate: 2742,0MB/s, Predicted: 2755,9MB/s, Avg: 2612,4(+/-79,9)MB/s
[2024-02-14T16:51:02.907+0100][debug][gc,director    ] Select GC Workers (Try Lowering), AvoidLongGCWorkers: 0,193, AvoidOOMGCWorkers: 0,876, NextAvoidOOMGCWorkers: 0,986, LastGCWorkers: 2,000, GCWorkers: 1,486
[2024-02-14T16:51:02.907+0100][debug][gc,director    ] Rule: Allocation Rate (Dynamic GC Workers), MaxAllocRate: 3018,9MB/s (+/-3,1%), Free: 6856MB, GCCPUTime: 1,931, GCDuration: 0,967s, TimeUntilOOM: 2,204s, TimeUntilGC: 1,137s, GCWorkers: 2 -> 2
[2024-02-14T16:51:02.907+0100][debug][gc,director    ] Rule: High Usage, Free: 6856MB(44,6%)
[2024-02-14T16:51:02.907+0100][debug][gc,director    ] Rule: Proactive, AcceptableGCInterval: 19,032s, TimeSinceLastGC: 0,819s, TimeUntilGC: 18,213s
[2024-02-14T16:51:03.008+0100][debug][gc,alloc       ] Allocation Rate: 2852,0MB/s, Predicted: 2821,2MB/s, Avg: 2647,8(+/-97,8)MB/s
[2024-02-14T16:51:03.008+0100][debug][gc,director    ] Select GC Workers (Try Lowering), AvoidLongGCWorkers: 0,193, AvoidOOMGCWorkers: 0,963, NextAvoidOOMGCWorkers: 1,038, LastGCWorkers: 2,000, GCWorkers: 1,538
[2024-02-14T16:51:03.008+0100][debug][gc,director    ] Rule: Allocation Rate (Dynamic GC Workers), MaxAllocRate: 3143,1MB/s (+/-3,7%), Free: 6536MB, GCCPUTime: 1,931, GCDuration: 0,967s, TimeUntilOOM: 2,005s, TimeUntilGC: 0,939s, GCWorkers: 2 -> 2
[2024-02-14T16:51:03.008+0100][debug][gc,director    ] Rule: High Usage, Free: 6536MB(42,6%)
[2024-02-14T16:51:03.008+0100][debug][gc,director    ] Rule: Proactive, AcceptableGCInterval: 19,032s, TimeSinceLastGC: 0,919s, TimeUntilGC: 18,113s
[2024-02-14T16:51:03.108+0100][debug][gc,alloc       ] Allocation Rate: 2880,0MB/s, Predicted: 2885,3MB/s, Avg: 2681,8(+/-112,4)MB/s
[2024-02-14T16:51:03.108+0100][debug][gc,director    ] Select GC Workers (Normal), AvoidLongGCWorkers: 0,193, AvoidOOMGCWorkers: 1,054, LastGCWorkers: 2,000, GCWorkers: 1,054
[2024-02-14T16:51:03.108+0100][debug][gc,director    ] Rule: Allocation Rate (Dynamic GC Workers), MaxAllocRate: 3255,3MB/s (+/-4,2%), Free: 6214MB, GCCPUTime: 1,931, GCDuration: 0,967s, TimeUntilOOM: 1,832s, TimeUntilGC: 0,765s, GCWorkers: 2 -> 2
[2024-02-14T16:51:03.108+0100][debug][gc,director    ] Rule: High Usage, Free: 6214MB(40,5%)
[2024-02-14T16:51:03.108+0100][debug][gc,director    ] Rule: Proactive, AcceptableGCInterval: 19,032s, TimeSinceLastGC: 1,019s, TimeUntilGC: 18,013s
[2024-02-14T16:51:03.208+0100][debug][gc,alloc       ] Allocation Rate: 2842,0MB/s, Predicted: 2920,7MB/s, Avg: 2708,6(+/-115,5)MB/s
[2024-02-14T16:51:03.208+0100][debug][gc,director    ] Select GC Workers (Normal), AvoidLongGCWorkers: 0,193, AvoidOOMGCWorkers: 1,114, LastGCWorkers: 2,000, GCWorkers: 1,114
[2024-02-14T16:51:03.208+0100][debug][gc,director    ] Rule: Allocation Rate (Dynamic GC Workers), MaxAllocRate: 3300,6MB/s (+/-4,3%), Free: 5966MB, GCCPUTime: 1,931, GCDuration: 0,967s, TimeUntilOOM: 1,734s, TimeUntilGC: 0,667s, GCWorkers: 2 -> 2
[2024-02-14T16:51:03.208+0100][debug][gc,director    ] Rule: High Usage, Free: 5966MB(38,8%)
[2024-02-14T16:51:03.208+0100][debug][gc,director    ] Rule: Proactive, AcceptableGCInterval: 19,032s, TimeSinceLastGC: 1,119s, TimeUntilGC: 17,913s
[2024-02-14T16:51:03.308+0100][debug][gc,alloc       ] Allocation Rate: 2852,0MB/s, Predicted: 2941,6MB/s, Avg: 2736,6(+/-112,9)MB/s
[2024-02-14T16:51:03.308+0100][debug][gc,director    ] Select GC Workers (Normal), AvoidLongGCWorkers: 0,193, AvoidOOMGCWorkers: 1,167, LastGCWorkers: 2,000, GCWorkers: 1,167
[2024-02-14T16:51:03.308+0100][debug][gc,director    ] Rule: Allocation Rate (Dynamic GC Workers), MaxAllocRate: 3312,9MB/s (+/-4,1%), Free: 5710MB, GCCPUTime: 1,931, GCDuration: 0,967s, TimeUntilOOM: 1,655s, TimeUntilGC: 0,588s, GCWorkers: 2 -> 2
[2024-02-14T16:51:03.308+0100][debug][gc,director    ] Rule: High Usage, Free: 5710MB(37,2%)
[2024-02-14T16:51:03.308+0100][debug][gc,director    ] Rule: Proactive, AcceptableGCInterval: 19,032s, TimeSinceLastGC: 1,219s, TimeUntilGC: 17,813s
[2024-02-14T16:51:03.407+0100][debug][gc,alloc       ] Allocation Rate: 2926,0MB/s, Predicted: 2972,9MB/s, Avg: 2772,2(+/-110,8)MB/s
[2024-02-14T16:51:03.407+0100][debug][gc,director    ] Select GC Workers (Normal), AvoidLongGCWorkers: 0,193, AvoidOOMGCWorkers: 1,245, LastGCWorkers: 2,000, GCWorkers: 1,245
[2024-02-14T16:51:03.407+0100][debug][gc,director    ] Rule: Allocation Rate (Dynamic GC Workers), MaxAllocRate: 3337,6MB/s (+/-4,0%), Free: 5386MB, GCCPUTime: 1,931, GCDuration: 0,967s, TimeUntilOOM: 1,552s, TimeUntilGC: 0,485s, GCWorkers: 2 -> 2
[2024-02-14T16:51:03.407+0100][debug][gc,director    ] Rule: High Usage, Free: 5386MB(35,1%)
[2024-02-14T16:51:03.407+0100][debug][gc,director    ] Rule: Proactive, AcceptableGCInterval: 19,032s, TimeSinceLastGC: 1,318s, TimeUntilGC: 17,713s
[2024-02-14T16:51:03.507+0100][debug][gc,alloc       ] Allocation Rate: 2922,0MB/s, Predicted: 2986,4MB/s, Avg: 2804,6(+/-102,2)MB/s
[2024-02-14T16:51:03.507+0100][debug][gc,director    ] Select GC Workers (Normal), AvoidLongGCWorkers: 0,193, AvoidOOMGCWorkers: 1,307, LastGCWorkers: 2,000, GCWorkers: 1,307
[2024-02-14T16:51:03.507+0100][debug][gc,director    ] Rule: Allocation Rate (Dynamic GC Workers), MaxAllocRate: 3322,6MB/s (+/-3,6%), Free: 5090MB, GCCPUTime: 1,931, GCDuration: 0,967s, TimeUntilOOM: 1,478s, TimeUntilGC: 0,411s, GCWorkers: 2 -> 2
[2024-02-14T16:51:03.507+0100][debug][gc,director    ] Rule: High Usage, Free: 5090MB(33,1%)
[2024-02-14T16:51:03.507+0100][debug][gc,director    ] Rule: Proactive, AcceptableGCInterval: 19,032s, TimeSinceLastGC: 1,419s, TimeUntilGC: 17,613s
[2024-02-14T16:51:03.607+0100][debug][gc,alloc       ] Allocation Rate: 2976,0MB/s, Predicted: 3003,1MB/s, Avg: 2841,2(+/-90,8)MB/s
[2024-02-14T16:51:03.607+0100][debug][gc,director    ] Select GC Workers (Normal), AvoidLongGCWorkers: 0,193, AvoidOOMGCWorkers: 1,382, LastGCWorkers: 2,000, GCWorkers: 1,382
[2024-02-14T16:51:03.607+0100][debug][gc,director    ] Rule: Allocation Rate (Dynamic GC Workers), MaxAllocRate: 3302,0MB/s (+/-3,2%), Free: 4762MB, GCCPUTime: 1,931, GCDuration: 0,967s, TimeUntilOOM: 1,397s, TimeUntilGC: 0,331s, GCWorkers: 2 -> 2
[2024-02-14T16:51:03.607+0100][debug][gc,director    ] Rule: High Usage, Free: 4762MB(31,0%)
[2024-02-14T16:51:03.607+0100][debug][gc,director    ] Rule: Proactive, AcceptableGCInterval: 19,032s, TimeSinceLastGC: 1,519s, TimeUntilGC: 17,513s
[2024-02-14T16:51:03.707+0100][debug][gc,alloc       ] Allocation Rate: 2986,0MB/s, Predicted: 3013,2MB/s, Avg: 2873,6(+/-78,0)MB/s
[2024-02-14T16:51:03.708+0100][debug][gc,director    ] Select GC Workers (Normal), AvoidLongGCWorkers: 0,193, AvoidOOMGCWorkers: 1,466, LastGCWorkers: 2,000, GCWorkers: 1,466
[2024-02-14T16:51:03.708+0100][debug][gc,director    ] Rule: Allocation Rate (Dynamic GC Workers), MaxAllocRate: 3269,9MB/s (+/-2,7%), Free: 4428MB, GCCPUTime: 1,931, GCDuration: 0,967s, TimeUntilOOM: 1,318s, TimeUntilGC: 0,252s, GCWorkers: 2 -> 2
[2024-02-14T16:51:03.708+0100][debug][gc,director    ] Rule: High Usage, Free: 4428MB(28,8%)
[2024-02-14T16:51:03.708+0100][debug][gc,director    ] Rule: Proactive, AcceptableGCInterval: 19,032s, TimeSinceLastGC: 1,619s, TimeUntilGC: 17,413s
[2024-02-14T16:51:03.808+0100][debug][gc,alloc       ] Allocation Rate: 2972,0MB/s, Predicted: 3021,7MB/s, Avg: 2895,0(+/-72,5)MB/s
[2024-02-14T16:51:03.808+0100][debug][gc,director    ] Select GC Workers (Normal), AvoidLongGCWorkers: 0,193, AvoidOOMGCWorkers: 1,566, LastGCWorkers: 2,000, GCWorkers: 1,566
[2024-02-14T16:51:03.808+0100][debug][gc,director    ] Rule: Allocation Rate (Dynamic GC Workers), MaxAllocRate: 3260,4MB/s (+/-2,5%), Free: 4124MB, GCCPUTime: 1,931, GCDuration: 0,967s, TimeUntilOOM: 1,234s, TimeUntilGC: 0,167s, GCWorkers: 2 -> 2
[2024-02-14T16:51:03.808+0100][debug][gc,director    ] Rule: High Usage, Free: 4124MB(26,8%)
[2024-02-14T16:51:03.808+0100][debug][gc,director    ] Rule: Proactive, AcceptableGCInterval: 19,032s, TimeSinceLastGC: 1,719s, TimeUntilGC: 17,313s
[2024-02-14T16:51:03.908+0100][debug][gc,alloc       ] Allocation Rate: 2996,0MB/s, Predicted: 3021,3MB/s, Avg: 2920,4(+/-57,4)MB/s
[2024-02-14T16:51:03.908+0100][debug][gc,director    ] Select GC Workers (Normal), AvoidLongGCWorkers: 0,193, AvoidOOMGCWorkers: 1,639, LastGCWorkers: 2,000, GCWorkers: 1,639
[2024-02-14T16:51:03.908+0100][debug][gc,director    ] Rule: Allocation Rate (Dynamic GC Workers), MaxAllocRate: 3210,2MB/s (+/-2,0%), Free: 3860MB, GCCPUTime: 1,931, GCDuration: 0,967s, TimeUntilOOM: 1,179s, TimeUntilGC: 0,112s, GCWorkers: 2 -> 2
[2024-02-14T16:51:03.908+0100][debug][gc,director    ] Rule: High Usage, Free: 3860MB(25,1%)
[2024-02-14T16:51:03.908+0100][debug][gc,director    ] Rule: Proactive, AcceptableGCInterval: 19,032s, TimeSinceLastGC: 1,819s, TimeUntilGC: 17,213s
[2024-02-14T16:51:04.008+0100][debug][gc,alloc       ] Allocation Rate: 3012,0MB/s, Predicted: 3039,7MB/s, Avg: 2936,4(+/-58,4)MB/s
[2024-02-14T16:51:04.008+0100][debug][gc,director    ] Select GC Workers (Normal), AvoidLongGCWorkers: 0,193, AvoidOOMGCWorkers: 1,808, LastGCWorkers: 2,000, GCWorkers: 1,808
[2024-02-14T16:51:04.008+0100][debug][gc,director    ] Rule: Allocation Rate (Dynamic GC Workers), MaxAllocRate: 3231,9MB/s (+/-2,0%), Free: 3524MB, GCCPUTime: 1,931, GCDuration: 0,967s, TimeUntilOOM: 1,069s, TimeUntilGC: 0,002s, GCWorkers: 2 -> 2
[2024-02-14T16:51:04.008+0100][debug][gc,director    ] Rule: High Usage, Free: 3524MB(22,9%)
[2024-02-14T16:51:04.008+0100][debug][gc,director    ] Rule: Proactive, AcceptableGCInterval: 19,032s, TimeSinceLastGC: 1,919s, TimeUntilGC: 17,113s
[2024-02-14T16:51:04.107+0100][debug][gc,alloc       ] Allocation Rate: 2982,0MB/s, Predicted: 3042,9MB/s, Avg: 2946,6(+/-56,5)MB/s
[2024-02-14T16:51:04.107+0100][debug][gc,director    ] Select GC Workers (Normal), AvoidLongGCWorkers: 0,193, AvoidOOMGCWorkers: 1,969, LastGCWorkers: 2,000, GCWorkers: 1,969
[2024-02-14T16:51:04.107+0100][debug][gc,director    ] Rule: Allocation Rate (Dynamic GC Workers), MaxAllocRate: 3228,9MB/s (+/-1,9%), Free: 3232MB, GCCPUTime: 1,931, GCDuration: 0,967s, TimeUntilOOM: 0,982s, TimeUntilGC: -0,085s, GCWorkers: 2 -> 2
[2024-02-14T16:51:04.107+0100][debug][gc,heap        ] GC(47) Heap before GC invocations=47 (full 47):
[2024-02-14T16:51:04.107+0100][debug][gc,heap        ] GC(47)  ZHeap           used 12088M, capacity 14594M, max capacity 15360M
[2024-02-14T16:51:04.107+0100][debug][gc,heap        ] GC(47)  Metaspace       used 32052K, committed 32448K, reserved 1114112K
[2024-02-14T16:51:04.107+0100][debug][gc,heap        ] GC(47)   class space    used 3381K, committed 3584K, reserved 1048576K
[2024-02-14T16:51:04.107+0100][info ][gc,start       ] GC(47) Garbage Collection (Allocation Rate)
[2024-02-14T16:51:04.107+0100][info ][gc,task        ] GC(47) Using 2 workers
[2024-02-14T16:51:04.107+0100][debug][gc,phases,start] GC(47) Pause Mark Start
[2024-02-14T16:51:04.107+0100][debug][gc,marking     ] GC(47) Using 2 mark stripes
[2024-02-14T16:51:04.107+0100][debug][gc,marking     ] GC(47) Mark Worker/Stripe Distribution
[2024-02-14T16:51:04.107+0100][debug][gc,marking     ] GC(47)   Worker 0(2) -> Stripe 0(2)
[2024-02-14T16:51:04.107+0100][debug][gc,marking     ] GC(47)   Worker 1(2) -> Stripe 1(2)
[2024-02-14T16:51:04.107+0100][info ][gc,phases      ] GC(47) Pause Mark Start 0,066ms
[2024-02-14T16:51:04.108+0100][debug][gc,phases,start] GC(47) Concurrent Mark
[2024-02-14T16:51:04.108+0100][debug][gc,task        ] GC(47) Executing Task: XMarkRootsTask, Active Workers: 2
[2024-02-14T16:51:04.108+0100][debug][gc,tlab        ] GC(47) TLAB totals: thrds: 8  refills: 32565 max: 32539 slow allocs: 1 max 1 waste:  0,9% gc: 1269968B max: 262008B slow: 73868096B max: 73856816B
[2024-02-14T16:51:04.108+0100][debug][gc,task        ] GC(47) Executing Task: XMarkTask, Active Workers: 2
[2024-02-14T16:51:04.207+0100][debug][gc,alloc       ] Allocation Rate: 3012,0MB/s, Predicted: 3041,2MB/s, Avg: 2963,6(+/-47,3)MB/s
[2024-02-14T16:51:04.307+0100][debug][gc,alloc       ] Allocation Rate: 3066,0MB/s, Predicted: 3052,4MB/s, Avg: 2985,0(+/-39,8)MB/s
[2024-02-14T16:51:04.407+0100][debug][gc,alloc       ] Allocation Rate: 3060,0MB/s, Predicted: 3066,7MB/s, Avg: 2998,4(+/-40,2)MB/s
[2024-02-14T16:51:04.507+0100][debug][gc,alloc       ] Allocation Rate: 3046,0MB/s, Predicted: 3065,3MB/s, Avg: 3010,8(+/-33,3)MB/s
[2024-02-14T16:51:04.608+0100][debug][gc,alloc       ] Allocation Rate: 2986,0MB/s, Predicted: 3046,1MB/s, Avg: 3011,8(+/-32,4)MB/s
[2024-02-14T16:51:04.708+0100][debug][gc,alloc       ] Allocation Rate: 2946,0MB/s, Predicted: 3012,9MB/s, Avg: 3007,8(+/-37,4)MB/s
[2024-02-14T16:51:04.808+0100][debug][gc,alloc       ] Allocation Rate: 2924,0MB/s, Predicted: 2969,9MB/s, Avg: 3003,0(+/-44,2)MB/s
[2024-02-14T16:51:04.890+0100][info ][gc,phases      ] GC(47) Concurrent Mark 782,049ms
[2024-02-14T16:51:04.890+0100][debug][gc,phases,start] GC(47) Pause Mark End
[2024-02-14T16:51:04.890+0100][info ][gc,phases      ] GC(47) Pause Mark End 0,030ms
[2024-02-14T16:51:04.890+0100][debug][gc,phases,start] GC(47) Concurrent Mark Free
[2024-02-14T16:51:04.890+0100][info ][gc,phases      ] GC(47) Concurrent Mark Free 0,023ms
[2024-02-14T16:51:04.890+0100][debug][gc,phases,start] GC(47) Concurrent Process Non-Strong References
[2024-02-14T16:51:04.890+0100][debug][gc,phases,start] GC(47) Concurrent References Process
[2024-02-14T16:51:04.890+0100][debug][gc,task        ] GC(47) Executing Task: XReferenceProcessorTask, Active Workers: 2
[2024-02-14T16:51:04.892+0100][debug][gc,phases      ] GC(47) Concurrent References Process 2,305ms
[2024-02-14T16:51:04.892+0100][debug][gc,task        ] GC(47) Executing Task: XProcessWeakRootsTask, Active Workers: 2
[2024-02-14T16:51:04.892+0100][debug][gc,phases,start] GC(47) Concurrent Classes Unlink
[2024-02-14T16:51:04.892+0100][debug][gc,phases,start] GC(47) ClassLoaderData
[2024-02-14T16:51:04.893+0100][debug][gc,phases      ] GC(47) ClassLoaderData 0,031ms
[2024-02-14T16:51:04.893+0100][debug][gc,phases,start] GC(47) Trigger cleanups
[2024-02-14T16:51:04.893+0100][debug][gc,phases      ] GC(47) Trigger cleanups 0,005ms
[2024-02-14T16:51:04.893+0100][debug][gc,task        ] GC(47) Executing Task: XNMethodUnlinkTask, Active Workers: 2
[2024-02-14T16:51:04.895+0100][debug][gc,phases      ] GC(47) Concurrent Classes Unlink 2,133ms
[2024-02-14T16:51:04.895+0100][debug][gc,phases,start] GC(47) Concurrent Classes Purge
[2024-02-14T16:51:04.895+0100][debug][gc,nmethod     ] GC(47) Unregister NMethod: com.github.benmanes.caffeine.cache.BoundedLocalCache.onAccess (0x00007f9f2b81d610)
[2024-02-14T16:51:04.895+0100][debug][gc,nmethod     ] GC(47) Unregister NMethod: com.github.benmanes.caffeine.cache.BoundedLocalCache.reorderProbation (0x00007f9f0baf8210)
[2024-02-14T16:51:04.895+0100][debug][gc,nmethod     ] GC(47) Unregister NMethod: com.github.benmanes.caffeine.cache.BoundedLocalCache.onAccess (0x00007f9f0c05cc90)
[2024-02-14T16:51:04.895+0100][debug][gc,phases      ] GC(47) Concurrent Classes Purge 0,045ms
[2024-02-14T16:51:04.895+0100][debug][gc,phases,start] GC(47) Concurrent References Enqueue
[2024-02-14T16:51:04.895+0100][debug][gc,phases      ] GC(47) Concurrent References Enqueue 0,007ms
[2024-02-14T16:51:04.895+0100][info ][gc,phases      ] GC(47) Concurrent Process Non-Strong References 4,927ms
[2024-02-14T16:51:04.895+0100][debug][gc,phases,start] GC(47) Concurrent Reset Relocation Set
[2024-02-14T16:51:04.895+0100][info ][gc,phases      ] GC(47) Concurrent Reset Relocation Set 0,059ms
[2024-02-14T16:51:04.895+0100][debug][gc,phases,start] GC(47) Concurrent Select Relocation Set
[2024-02-14T16:51:04.896+0100][debug][gc,task        ] GC(47) Executing Task: XRelocationSetInstallTask, Active Workers: 2
[2024-02-14T16:51:04.908+0100][debug][gc,alloc       ] Allocation Rate: 2952,0MB/s, Predicted: 2947,6MB/s, Avg: 2998,6(+/-46,8)MB/s
[2024-02-14T16:51:04.914+0100][info ][gc,phases      ] GC(47) Concurrent Select Relocation Set 19,361ms
[2024-02-14T16:51:04.914+0100][debug][gc,phases,start] GC(47) Pause Relocate Start
[2024-02-14T16:51:04.914+0100][info ][gc,phases      ] GC(47) Pause Relocate Start 0,036ms
[2024-02-14T16:51:04.914+0100][debug][gc,phases,start] GC(47) Concurrent Relocate
[2024-02-14T16:51:04.914+0100][debug][gc,task        ] GC(47) Executing Task: XRelocateTask, Active Workers: 2
[2024-02-14T16:51:05.007+0100][debug][gc,alloc       ] Allocation Rate: 2914,0MB/s, Predicted: 2917,3MB/s, Avg: 2988,8(+/-52,8)MB/s
[2024-02-14T16:51:05.058+0100][info ][gc,phases      ] GC(47) Concurrent Relocate 143,326ms
[2024-02-14T16:51:05.058+0100][debug][gc,heap        ] GC(47) Heap after GC invocations=48 (full 48):
[2024-02-14T16:51:05.058+0100][debug][gc,heap        ] GC(47)  ZHeap           used 6818M, capacity 14594M, max capacity 15360M
[2024-02-14T16:51:05.058+0100][debug][gc,heap        ] GC(47)  Metaspace       used 32052K, committed 32448K, reserved 1114112K
[2024-02-14T16:51:05.058+0100][debug][gc,heap        ] GC(47)   class space    used 3381K, committed 3584K, reserved 1048576K
[2024-02-14T16:51:05.058+0100][info ][gc,load        ] GC(47) Load: 3,11/1,99/1,79
[2024-02-14T16:51:05.058+0100][info ][gc,mmu         ] GC(47) MMU: 2ms/92,8%, 5ms/97,1%, 10ms/98,6%, 20ms/99,1%, 50ms/99,6%, 100ms/99,8%
[2024-02-14T16:51:05.058+0100][info ][gc,marking     ] GC(47) Mark: 2 stripe(s), 2 proactive flush(es), 1 terminate flush(es), 0 completion(s), 0 continuation(s) 
[2024-02-14T16:51:05.058+0100][info ][gc,marking     ] GC(47) Mark Stack Usage: 32M
[2024-02-14T16:51:05.058+0100][info ][gc,nmethod     ] GC(47) NMethods: 4264 registered, 39 unregistered
[2024-02-14T16:51:05.058+0100][info ][gc,metaspace   ] GC(47) Metaspace: 31M used, 31M committed, 1088M reserved
[2024-02-14T16:51:05.058+0100][info ][gc,ref         ] GC(47) Soft: 3896 encountered, 0 discovered, 0 enqueued
[2024-02-14T16:51:05.058+0100][info ][gc,ref         ] GC(47) Weak: 2057 encountered, 160 discovered, 0 enqueued
[2024-02-14T16:51:05.058+0100][info ][gc,ref         ] GC(47) Final: 8052 encountered, 8052 discovered, 8052 enqueued
[2024-02-14T16:51:05.058+0100][info ][gc,ref         ] GC(47) Phantom: 8448 encountered, 8323 discovered, 8053 enqueued
[2024-02-14T16:51:05.058+0100][info ][gc,reloc       ] GC(47) Small Pages: 6028 / 12056M, Empty: 3418M, Relocated: 573M, In-Place: 0
[2024-02-14T16:51:05.058+0100][info ][gc,reloc       ] GC(47) Medium Pages: 1 / 32M, Empty: 0M, Relocated: 0M, In-Place: 0
[2024-02-14T16:51:05.058+0100][info ][gc,reloc       ] GC(47) Large Pages: 0 / 0M, Empty: 0M, Relocated: 0M, In-Place: 0
[2024-02-14T16:51:05.058+0100][info ][gc,reloc       ] GC(47) Forwarding Usage: 234M
[2024-02-14T16:51:05.058+0100][info ][gc,heap        ] GC(47) Min Capacity: 5120M(33%)
[2024-02-14T16:51:05.058+0100][info ][gc,heap        ] GC(47) Max Capacity: 15360M(100%)
[2024-02-14T16:51:05.058+0100][info ][gc,heap        ] GC(47) Soft Max Capacity: 15360M(100%)
[2024-02-14T16:51:05.058+0100][info ][gc,heap        ] GC(47)                Mark Start          Mark End        Relocate Start      Relocate End           High               Low         
[2024-02-14T16:51:05.058+0100][info ][gc,heap        ] GC(47)  Capacity:    14594M (95%)       14594M (95%)       14594M (95%)       14594M (95%)       14594M (95%)       14594M (95%)    
[2024-02-14T16:51:05.058+0100][info ][gc,heap        ] GC(47)      Free:     3272M (21%)        1010M (7%)         4348M (28%)        8542M (56%)        8552M (56%)         994M (6%)     
[2024-02-14T16:51:05.058+0100][info ][gc,heap        ] GC(47)      Used:    12088M (79%)       14350M (93%)       11012M (72%)        6818M (44%)       14366M (94%)        6808M (44%)    
[2024-02-14T16:51:05.058+0100][info ][gc,heap        ] GC(47)      Live:         -              3676M (24%)        3676M (24%)        3676M (24%)            -                  -          
[2024-02-14T16:51:05.058+0100][info ][gc,heap        ] GC(47) Allocated:         -              2262M (15%)        2342M (15%)        2761M (18%)            -                  -          
[2024-02-14T16:51:05.058+0100][info ][gc,heap        ] GC(47)   Garbage:         -              8411M (55%)        4993M (33%)         380M (2%)             -                  -          
[2024-02-14T16:51:05.058+0100][info ][gc,heap        ] GC(47) Reclaimed:         -                  -              3418M (22%)        8031M (52%)            -                  -          
[2024-02-14T16:51:05.058+0100][info ][gc             ] GC(47) Garbage Collection (Allocation Rate) 12088M(79%)->6818M(44%)
[2024-02-14T16:51:05.107+0100][debug][gc,alloc       ] Allocation Rate: 2922,0MB/s, Predicted: 2888,8MB/s, Avg: 2982,8(+/-56,5)MB/s
[2024-02-14T16:51:05.107+0100][debug][gc,director    ] Select GC Workers (Try Lowering), AvoidLongGCWorkers: 0,205, AvoidOOMGCWorkers: 0,795, NextAvoidOOMGCWorkers: 1,364, LastGCWorkers: 2,000, GCWorkers: 1,864
[2024-02-14T16:51:05.107+0100][debug][gc,director    ] Rule: Allocation Rate (Dynamic GC Workers), MaxAllocRate: 3168,7MB/s (+/-1,9%), Free: 8342MB, GCCPUTime: 2,055, GCDuration: 1,029s, TimeUntilOOM: 2,584s, TimeUntilGC: 1,455s, GCWorkers: 2 -> 2
[2024-02-14T16:51:05.107+0100][debug][gc,director    ] Rule: High Usage, Free: 8342MB(54,3%)
[2024-02-14T16:51:05.107+0100][debug][gc,director    ] Rule: Proactive, UsedUntilEnabled: 1378MB, TimeUntilEnabled: 299,951s
[2024-02-14T16:51:05.207+0100][debug][gc,alloc       ] Allocation Rate: 2968,0MB/s, Predicted: 2890,7MB/s, Avg: 2978,4(+/-55,8)MB/s
[2024-02-14T16:51:05.207+0100][debug][gc,director    ] Select GC Workers (Try Lowering), AvoidLongGCWorkers: 0,205, AvoidOOMGCWorkers: 0,825, NextAvoidOOMGCWorkers: 1,359, LastGCWorkers: 2,000, GCWorkers: 1,859
[2024-02-14T16:51:05.207+0100][debug][gc,director    ] Rule: Allocation Rate (Dynamic GC Workers), MaxAllocRate: 3161,9MB/s (+/-1,9%), Free: 8018MB, GCCPUTime: 2,055, GCDuration: 1,029s, TimeUntilOOM: 2,489s, TimeUntilGC: 1,361s, GCWorkers: 2 -> 2
[2024-02-14T16:51:05.207+0100][debug][gc,director    ] Rule: High Usage, Free: 8018MB(52,2%)
[2024-02-14T16:51:05.207+0100][debug][gc,director    ] Rule: Proactive, UsedUntilEnabled: 1054MB, TimeUntilEnabled: 299,850s
[2024-02-14T16:51:05.307+0100][debug][gc,alloc       ] Allocation Rate: 2910,0MB/s, Predicted: 2886,7MB/s, Avg: 2962,8(+/-50,7)MB/s
[2024-02-14T16:51:05.308+0100][debug][gc,director    ] Select GC Workers (Try Lowering), AvoidLongGCWorkers: 0,205, AvoidOOMGCWorkers: 0,842, NextAvoidOOMGCWorkers: 1,315, LastGCWorkers: 2,000, GCWorkers: 1,815
[2024-02-14T16:51:05.308+0100][debug][gc,director    ] Rule: Allocation Rate (Dynamic GC Workers), MaxAllocRate: 3129,5MB/s (+/-1,7%), Free: 7766MB, GCCPUTime: 2,055, GCDuration: 1,029s, TimeUntilOOM: 2,440s, TimeUntilGC: 1,311s, GCWorkers: 2 -> 2
[2024-02-14T16:51:05.308+0100][debug][gc,director    ] Rule: High Usage, Free: 7766MB(50,6%)
[2024-02-14T16:51:05.308+0100][debug][gc,director    ] Rule: Proactive, UsedUntilEnabled: 802MB, TimeUntilEnabled: 299,750s
[2024-02-14T16:51:05.308+0100][info ][gc,stats       ] === Garbage Collection Statistics =======================================================================================================================
[2024-02-14T16:51:05.308+0100][info ][gc,stats       ]                                                              Last 10s              Last 10m              Last 10h                Total
[2024-02-14T16:51:05.308+0100][info ][gc,stats       ]                                                              Avg / Max             Avg / Max             Avg / Max             Avg / Max
[2024-02-14T16:51:05.308+0100][info ][gc,stats       ]   Collector: Garbage Collection Cycle                    915,557 / 950,656     659,585 / 1265,002    659,585 / 1265,002    659,585 / 1265,002    ms
[2024-02-14T16:51:05.308+0100][info ][gc,stats       ]  Contention: Mark Segment Reset Contention                     0 / 1                 1 / 70                1 / 70                1 / 70          ops/s
[2024-02-14T16:51:05.308+0100][info ][gc,stats       ]  Contention: Mark SeqNum Reset Contention                      0 / 0                 0 / 1                 0 / 1                 0 / 1           ops/s
[2024-02-14T16:51:05.308+0100][info ][gc,stats       ]    Critical: Allocation Stall                                  0 / 0                 0 / 0                 0 / 0                 0 / 0           ops/s
[2024-02-14T16:51:05.308+0100][info ][gc,stats       ]    Critical: Allocation Stall                              0,000 / 0,000         0,000 / 0,000         0,000 / 0,000         0,000 / 0,000       ms
[2024-02-14T16:51:05.308+0100][info ][gc,stats       ]    Critical: GC Locker Stall                                   0 / 1                 0 / 1                 0 / 1                 0 / 1           ops/s
[2024-02-14T16:51:05.308+0100][info ][gc,stats       ]    Critical: GC Locker Stall                               0,088 / 0,088         0,083 / 0,094         0,083 / 0,094         0,083 / 0,094       ms
[2024-02-14T16:51:05.308+0100][info ][gc,stats       ]    Critical: Relocation Stall                                  0 / 0                 0 / 0                 0 / 0                 0 / 0           ops/s
[2024-02-14T16:51:05.308+0100][info ][gc,stats       ]    Critical: Relocation Stall                              0,000 / 0,000         0,000 / 0,000         0,000 / 0,000         0,000 / 0,000       ms
[2024-02-14T16:51:05.308+0100][info ][gc,stats       ]      Memory: Allocation Rate                                2872 / 3256           2981 / 4428           2981 / 4428           2981 / 4428        MB/s
[2024-02-14T16:51:05.308+0100][info ][gc,stats       ]      Memory: Defragment                                        3 / 32                0 / 32                0 / 32                0 / 32          ops/s
[2024-02-14T16:51:05.308+0100][info ][gc,stats       ]      Memory: Out Of Memory                                     0 / 0                 0 / 0                 0 / 0                 0 / 0           ops/s
[2024-02-14T16:51:05.308+0100][info ][gc,stats       ]      Memory: Page Cache Flush                                  6 / 64                0 / 64                0 / 64                0 / 64          MB/s
[2024-02-14T16:51:05.308+0100][info ][gc,stats       ]      Memory: Page Cache Hit L1                              1516 / 1762           1499 / 2414           1499 / 2414           1499 / 2414        ops/s
[2024-02-14T16:51:05.308+0100][info ][gc,stats       ]      Memory: Page Cache Hit L2                                 0 / 0                 0 / 0                 0 / 0                 0 / 0           ops/s
[2024-02-14T16:51:05.308+0100][info ][gc,stats       ]      Memory: Page Cache Hit L3                                 4 / 44               20 / 915              20 / 915              20 / 915         ops/s
[2024-02-14T16:51:05.308+0100][info ][gc,stats       ]      Memory: Page Cache Miss                                   0 / 0                36 / 600              36 / 600              36 / 600         ops/s
[2024-02-14T16:51:05.308+0100][info ][gc,stats       ]      Memory: Uncommit                                          0 / 0                 0 / 0                 0 / 0                 0 / 0           MB/s
[2024-02-14T16:51:05.308+0100][info ][gc,stats       ]      Memory: Undo Object Allocation Failed                     0 / 0                 0 / 0                 0 / 0                 0 / 0           ops/s
[2024-02-14T16:51:05.308+0100][info ][gc,stats       ]      Memory: Undo Object Allocation Succeeded                  0 / 2                 0 / 14                0 / 14                0 / 14          ops/s
[2024-02-14T16:51:05.308+0100][info ][gc,stats       ]      Memory: Undo Page Allocation                              0 / 0                 0 / 31                0 / 31                0 / 31          ops/s
[2024-02-14T16:51:05.308+0100][info ][gc,stats       ]       Phase: Concurrent Mark                             787,296 / 810,496     543,655 / 979,889     543,655 / 979,889     543,655 / 979,889     ms
[2024-02-14T16:51:05.308+0100][info ][gc,stats       ]       Phase: Concurrent Mark Continue                      0,000 / 0,000         0,000 / 0,000         0,000 / 0,000         0,000 / 0,000       ms
[2024-02-14T16:51:05.308+0100][info ][gc,stats       ]       Phase: Concurrent Mark Free                          0,015 / 0,023         0,095 / 1,509         0,095 / 1,509         0,095 / 1,509       ms
[2024-02-14T16:51:05.308+0100][info ][gc,stats       ]       Phase: Concurrent Process Non-Strong References      5,042 / 6,549         8,318 / 16,291        8,318 / 16,291        8,318 / 16,291      ms
[2024-02-14T16:51:05.308+0100][info ][gc,stats       ]       Phase: Concurrent Relocate                         110,652 / 143,326      94,979 / 441,476      94,979 / 441,476      94,979 / 441,476     ms
[2024-02-14T16:51:05.308+0100][info ][gc,stats       ]       Phase: Concurrent Reset Relocation Set               0,091 / 0,111         0,095 / 0,235         0,095 / 0,235         0,095 / 0,235       ms
[2024-02-14T16:51:05.308+0100][info ][gc,stats       ]       Phase: Concurrent Select Relocation Set             11,650 / 19,361       11,470 / 96,956       11,470 / 96,956       11,470 / 96,956      ms
[2024-02-14T16:51:05.308+0100][info ][gc,stats       ]       Phase: Pause Mark End                                0,032 / 0,034         0,038 / 0,067         0,038 / 0,067         0,038 / 0,067       ms
[2024-02-14T16:51:05.308+0100][info ][gc,stats       ]       Phase: Pause Mark Start                              0,065 / 0,085         0,069 / 0,144         0,069 / 0,144         0,069 / 0,144       ms
[2024-02-14T16:51:05.308+0100][info ][gc,stats       ]       Phase: Pause Relocate Start                          0,031 / 0,036         0,034 / 0,062         0,034 / 0,062         0,034 / 0,062       ms
[2024-02-14T16:51:05.308+0100][info ][gc,stats       ]    Subphase: Concurrent Classes Purge                      0,082 / 0,168         0,441 / 5,566         0,441 / 5,566         0,441 / 5,566       ms
[2024-02-14T16:51:05.308+0100][info ][gc,stats       ]    Subphase: Concurrent Classes Unlink                     2,150 / 2,254         2,740 / 6,276         2,740 / 6,276         2,740 / 6,276       ms
[2024-02-14T16:51:05.308+0100][info ][gc,stats       ]    Subphase: Concurrent Mark                             785,989 / 809,638     506,014 / 979,011     506,014 / 979,011     506,014 / 979,011     ms
[2024-02-14T16:51:05.308+0100][info ][gc,stats       ]    Subphase: Concurrent Mark Try Flush                     0,111 / 0,209         0,204 / 16,348        0,204 / 16,348        0,204 / 16,348      ms
[2024-02-14T16:51:05.308+0100][info ][gc,stats       ]    Subphase: Concurrent Mark Try Terminate                 0,804 / 1,189         0,824 / 1,342         0,824 / 1,342         0,824 / 1,342       ms
[2024-02-14T16:51:05.308+0100][info ][gc,stats       ]    Subphase: Concurrent References Enqueue                 0,007 / 0,007         0,009 / 0,015         0,009 / 0,015         0,009 / 0,015       ms
[2024-02-14T16:51:05.308+0100][info ][gc,stats       ]    Subphase: Concurrent References Process                 2,410 / 3,671         4,508 / 10,523        4,508 / 10,523        4,508 / 10,523      ms
[2024-02-14T16:51:05.308+0100][info ][gc,stats       ]    Subphase: Concurrent Roots ClassLoaderDataGraph         0,069 / 0,113         0,080 / 0,310         0,080 / 0,310         0,080 / 0,310       ms
[2024-02-14T16:51:05.308+0100][info ][gc,stats       ]    Subphase: Concurrent Roots CodeCache                    0,000 / 0,000         0,000 / 0,000         0,000 / 0,000         0,000 / 0,000       ms
[2024-02-14T16:51:05.308+0100][info ][gc,stats       ]    Subphase: Concurrent Roots JavaThreads                  0,498 / 0,573         0,612 / 1,932         0,612 / 1,932         0,612 / 1,932       ms
[2024-02-14T16:51:05.308+0100][info ][gc,stats       ]    Subphase: Concurrent Roots OopStorageSet                0,043 / 0,058         0,091 / 0,964         0,091 / 0,964         0,091 / 0,964       ms
[2024-02-14T16:51:05.308+0100][info ][gc,stats       ]    Subphase: Concurrent Weak Roots OopStorageSet           0,159 / 0,217         0,217 / 0,778         0,217 / 0,778         0,217 / 0,778       ms
[2024-02-14T16:51:05.308+0100][info ][gc,stats       ]    Subphase: Pause Mark Try Complete                       0,000 / 0,000         0,000 / 0,000         0,000 / 0,000         0,000 / 0,000       ms
[2024-02-14T16:51:05.308+0100][info ][gc,stats       ]      System: Java Threads                                     43 / 43               41 / 46               41 / 46               41 / 46          threads
[2024-02-14T16:51:05.308+0100][info ][gc,stats       ] =========================================================================================================================================================
[2024-02-14T16:51:05.408+0100][debug][gc,alloc       ] Allocation Rate: 2902,0MB/s, Predicted: 2888,3MB/s, Avg: 2947,0(+/-41,7)MB/s
[2024-02-14T16:51:05.408+0100][debug][gc,director    ] Select GC Workers (Try Lowering), AvoidLongGCWorkers: 0,205, AvoidOOMGCWorkers: 0,862, NextAvoidOOMGCWorkers: 1,279, LastGCWorkers: 2,000, GCWorkers: 1,779
[2024-02-14T16:51:05.408+0100][debug][gc,director    ] Rule: Allocation Rate (Dynamic GC Workers), MaxAllocRate: 3084,4MB/s (+/-1,4%), Free: 7456MB, GCCPUTime: 2,055, GCDuration: 1,029s, TimeUntilOOM: 2,384s, TimeUntilGC: 1,255s, GCWorkers: 2 -> 2
[2024-02-14T16:51:05.408+0100][debug][gc,director    ] Rule: High Usage, Free: 7456MB(48,5%)
[2024-02-14T16:51:05.408+0100][debug][gc,director    ] Rule: Proactive, UsedUntilEnabled: 492MB, TimeUntilEnabled: 299,650s
[2024-02-14T16:51:05.508+0100][debug][gc,alloc       ] Allocation Rate: 2924,0MB/s, Predicted: 2905,5MB/s, Avg: 2934,8(+/-25,8)MB/s
[2024-02-14T16:51:05.508+0100][debug][gc,director    ] Select GC Workers (Try Lowering), AvoidLongGCWorkers: 0,205, AvoidOOMGCWorkers: 0,875, NextAvoidOOMGCWorkers: 1,229, LastGCWorkers: 2,000, GCWorkers: 1,729
[2024-02-14T16:51:05.508+0100][debug][gc,director    ] Rule: Allocation Rate (Dynamic GC Workers), MaxAllocRate: 3019,8MB/s (+/-0,9%), Free: 7152MB, GCCPUTime: 2,055, GCDuration: 1,029s, TimeUntilOOM: 2,348s, TimeUntilGC: 1,219s, GCWorkers: 2 -> 2
[2024-02-14T16:51:05.508+0100][debug][gc,director    ] Rule: High Usage, Free: 7152MB(46,6%)
[2024-02-14T16:51:05.508+0100][debug][gc,director    ] Rule: Proactive, UsedUntilEnabled: 188MB, TimeUntilEnabled: 299,550s
[2024-02-14T16:51:05.608+0100][debug][gc,alloc       ] Allocation Rate: 2960,0MB/s, Predicted: 2929,2MB/s, Avg: 2932,2(+/-21,5)MB/s
[2024-02-14T16:51:05.608+0100][debug][gc,director    ] Select GC Workers (Try Lowering), AvoidLongGCWorkers: 0,205, AvoidOOMGCWorkers: 0,907, NextAvoidOOMGCWorkers: 1,217, LastGCWorkers: 2,000, GCWorkers: 1,717
[2024-02-14T16:51:05.608+0100][debug][gc,director    ] Rule: Allocation Rate (Dynamic GC Workers), MaxAllocRate: 3002,9MB/s (+/-0,7%), Free: 6848MB, GCCPUTime: 2,055, GCDuration: 1,029s, TimeUntilOOM: 2,264s, TimeUntilGC: 1,135s, GCWorkers: 2 -> 2
[2024-02-14T16:51:05.608+0100][debug][gc,director    ] Rule: High Usage, Free: 6848MB(44,6%)
[2024-02-14T16:51:05.608+0100][debug][gc,director    ] Rule: Proactive, AcceptableGCInterval: 20,242s, TimeSinceLastGC: 0,550s, TimeUntilGC: 19,692s
[2024-02-14T16:51:05.707+0100][debug][gc,alloc       ] Allocation Rate: 2984,0MB/s, Predicted: 2953,6MB/s, Avg: 2936,0(+/-26,4)MB/s
[2024-02-14T16:51:05.707+0100][debug][gc,director    ] Select GC Workers (Try Lowering), AvoidLongGCWorkers: 0,205, AvoidOOMGCWorkers: 0,965, NextAvoidOOMGCWorkers: 1,244, LastGCWorkers: 2,000, GCWorkers: 1,744
[2024-02-14T16:51:05.707+0100][debug][gc,director    ] Rule: Allocation Rate (Dynamic GC Workers), MaxAllocRate: 3040,4MB/s (+/-0,9%), Free: 6530MB, GCCPUTime: 2,055, GCDuration: 1,029s, TimeUntilOOM: 2,129s, TimeUntilGC: 1,000s, GCWorkers: 2 -> 2
[2024-02-14T16:51:05.707+0100][debug][gc,director    ] Rule: High Usage, Free: 6530MB(42,5%)
[2024-02-14T16:51:05.707+0100][debug][gc,director    ] Rule: Proactive, AcceptableGCInterval: 20,242s, TimeSinceLastGC: 0,649s, TimeUntilGC: 19,593s
[2024-02-14T16:51:05.807+0100][debug][gc,alloc       ] Allocation Rate: 3006,0MB/s, Predicted: 2978,4MB/s, Avg: 2944,2(+/-33,2)MB/s
[2024-02-14T16:51:05.807+0100][debug][gc,director    ] Select GC Workers (Normal), AvoidLongGCWorkers: 0,205, AvoidOOMGCWorkers: 1,030, LastGCWorkers: 2,000, GCWorkers: 1,030
[2024-02-14T16:51:05.807+0100][debug][gc,director    ] Rule: Allocation Rate (Dynamic GC Workers), MaxAllocRate: 3087,8MB/s (+/-1,1%), Free: 6226MB, GCCPUTime: 2,055, GCDuration: 1,029s, TimeUntilOOM: 1,994s, TimeUntilGC: 0,865s, GCWorkers: 2 -> 2
[2024-02-14T16:51:05.807+0100][debug][gc,director    ] Rule: High Usage, Free: 6226MB(40,5%)
[2024-02-14T16:51:05.807+0100][debug][gc,director    ] Rule: Proactive, AcceptableGCInterval: 20,242s, TimeSinceLastGC: 0,749s, TimeUntilGC: 19,493s
[2024-02-14T16:51:05.907+0100][debug][gc,alloc       ] Allocation Rate: 2974,0MB/s, Predicted: 2992,4MB/s, Avg: 2946,4(+/-34,4)MB/s
[2024-02-14T16:51:05.907+0100][debug][gc,director    ] Select GC Workers (Normal), AvoidLongGCWorkers: 0,205, AvoidOOMGCWorkers: 1,082, LastGCWorkers: 2,000, GCWorkers: 1,082
[2024-02-14T16:51:05.907+0100][debug][gc,director    ] Rule: Allocation Rate (Dynamic GC Workers), MaxAllocRate: 3105,5MB/s (+/-1,2%), Free: 5966MB, GCCPUTime: 2,055, GCDuration: 1,029s, TimeUntilOOM: 1,899s, TimeUntilGC: 0,770s, GCWorkers: 2 -> 2
[2024-02-14T16:51:05.907+0100][debug][gc,director    ] Rule: High Usage, Free: 5966MB(38,8%)
[2024-02-14T16:51:05.907+0100][debug][gc,director    ] Rule: Proactive, AcceptableGCInterval: 20,242s, TimeSinceLastGC: 0,849s, TimeUntilGC: 19,393s
[2024-02-14T16:51:06.007+0100][debug][gc,alloc       ] Allocation Rate: 3008,0MB/s, Predicted: 3008,4MB/s, Avg: 2955,8(+/-37,0)MB/s
[2024-02-14T16:51:06.007+0100][debug][gc,director    ] Select GC Workers (Normal), AvoidLongGCWorkers: 0,205, AvoidOOMGCWorkers: 1,156, LastGCWorkers: 2,000, GCWorkers: 1,156
[2024-02-14T16:51:06.007+0100][debug][gc,director    ] Rule: Allocation Rate (Dynamic GC Workers), MaxAllocRate: 3130,1MB/s (+/-1,3%), Free: 5634MB, GCCPUTime: 2,055, GCDuration: 1,029s, TimeUntilOOM: 1,778s, TimeUntilGC: 0,649s, GCWorkers: 2 -> 2
[2024-02-14T16:51:06.007+0100][debug][gc,director    ] Rule: High Usage, Free: 5634MB(36,7%)
[2024-02-14T16:51:06.007+0100][debug][gc,director    ] Rule: Proactive, AcceptableGCInterval: 20,242s, TimeSinceLastGC: 0,950s, TimeUntilGC: 19,293s
[2024-02-14T16:51:06.107+0100][debug][gc,alloc       ] Allocation Rate: 3036,0MB/s, Predicted: 3031,5MB/s, Avg: 2967,2(+/-42,0)MB/s
[2024-02-14T16:51:06.108+0100][debug][gc,director    ] Select GC Workers (Normal), AvoidLongGCWorkers: 0,205, AvoidOOMGCWorkers: 1,245, LastGCWorkers: 2,000, GCWorkers: 1,245
[2024-02-14T16:51:06.108+0100][debug][gc,director    ] Rule: Allocation Rate (Dynamic GC Workers), MaxAllocRate: 3169,8MB/s (+/-1,4%), Free: 5306MB, GCCPUTime: 2,055, GCDuration: 1,029s, TimeUntilOOM: 1,651s, TimeUntilGC: 0,522s, GCWorkers: 2 -> 2
[2024-02-14T16:51:06.108+0100][debug][gc,director    ] Rule: High Usage, Free: 5306MB(34,5%)
[2024-02-14T16:51:06.108+0100][debug][gc,director    ] Rule: Proactive, AcceptableGCInterval: 20,242s, TimeSinceLastGC: 1,050s, TimeUntilGC: 19,193s
[2024-02-14T16:51:06.208+0100][debug][gc,alloc       ] Allocation Rate: 3008,0MB/s, Predicted: 3048,0MB/s, Avg: 2971,2(+/-43,8)MB/s
[2024-02-14T16:51:06.208+0100][debug][gc,director    ] Select GC Workers (Normal), AvoidLongGCWorkers: 0,205, AvoidOOMGCWorkers: 1,329, LastGCWorkers: 2,000, GCWorkers: 1,329
[2024-02-14T16:51:06.208+0100][debug][gc,director    ] Rule: Allocation Rate (Dynamic GC Workers), MaxAllocRate: 3192,1MB/s (+/-1,5%), Free: 5010MB, GCCPUTime: 2,055, GCDuration: 1,029s, TimeUntilOOM: 1,547s, TimeUntilGC: 0,418s, GCWorkers: 2 -> 2
[2024-02-14T16:51:06.208+0100][debug][gc,director    ] Rule: High Usage, Free: 5010MB(32,6%)
[2024-02-14T16:51:06.208+0100][debug][gc,director    ] Rule: Proactive, AcceptableGCInterval: 20,242s, TimeSinceLastGC: 1,150s, TimeUntilGC: 19,092s
[2024-02-14T16:51:06.308+0100][debug][gc,alloc       ] Allocation Rate: 3036,0MB/s, Predicted: 3057,6MB/s, Avg: 2983,8(+/-42,5)MB/s
[2024-02-14T16:51:06.308+0100][debug][gc,director    ] Select GC Workers (Normal), AvoidLongGCWorkers: 0,205, AvoidOOMGCWorkers: 1,409, LastGCWorkers: 2,000, GCWorkers: 1,409
[2024-02-14T16:51:06.308+0100][debug][gc,director    ] Rule: Allocation Rate (Dynamic GC Workers), MaxAllocRate: 3197,4MB/s (+/-1,4%), Free: 4730MB, GCCPUTime: 2,055, GCDuration: 1,029s, TimeUntilOOM: 1,459s, TimeUntilGC: 0,330s, GCWorkers: 2 -> 2
[2024-02-14T16:51:06.308+0100][debug][gc,director    ] Rule: High Usage, Free: 4730MB(30,8%)
[2024-02-14T16:51:06.308+0100][debug][gc,director    ] Rule: Proactive, AcceptableGCInterval: 20,242s, TimeSinceLastGC: 1,250s, TimeUntilGC: 18,992s
[2024-02-14T16:51:06.407+0100][debug][gc,alloc       ] Allocation Rate: 2998,0MB/s, Predicted: 3041,5MB/s, Avg: 2993,4(+/-32,6)MB/s
[2024-02-14T16:51:06.407+0100][debug][gc,director    ] Select GC Workers (Normal), AvoidLongGCWorkers: 0,205, AvoidOOMGCWorkers: 1,468, LastGCWorkers: 2,000, GCWorkers: 1,468
[2024-02-14T16:51:06.407+0100][debug][gc,director    ] Rule: Allocation Rate (Dynamic GC Workers), MaxAllocRate: 3148,8MB/s (+/-1,1%), Free: 4458MB, GCCPUTime: 2,055, GCDuration: 1,029s, TimeUntilOOM: 1,401s, TimeUntilGC: 0,272s, GCWorkers: 2 -> 2
[2024-02-14T16:51:06.407+0100][debug][gc,director    ] Rule: High Usage, Free: 4458MB(29,0%)
[2024-02-14T16:51:06.407+0100][debug][gc,director    ] Rule: Proactive, AcceptableGCInterval: 20,242s, TimeSinceLastGC: 1,349s, TimeUntilGC: 18,893s
[2024-02-14T16:51:06.507+0100][debug][gc,alloc       ] Allocation Rate: 3008,0MB/s, Predicted: 3028,8MB/s, Avg: 3001,8(+/-23,1)MB/s
[2024-02-14T16:51:06.507+0100][debug][gc,director    ] Select GC Workers (Normal), AvoidLongGCWorkers: 0,205, AvoidOOMGCWorkers: 1,552, LastGCWorkers: 2,000, GCWorkers: 1,552
[2024-02-14T16:51:06.507+0100][debug][gc,director    ] Rule: Allocation Rate (Dynamic GC Workers), MaxAllocRate: 3104,7MB/s (+/-0,8%), Free: 4144MB, GCCPUTime: 2,055, GCDuration: 1,029s, TimeUntilOOM: 1,325s, TimeUntilGC: 0,196s, GCWorkers: 2 -> 2
[2024-02-14T16:51:06.507+0100][debug][gc,director    ] Rule: High Usage, Free: 4144MB(27,0%)
[2024-02-14T16:51:06.507+0100][debug][gc,director    ] Rule: Proactive, AcceptableGCInterval: 20,242s, TimeSinceLastGC: 1,449s, TimeUntilGC: 18,793s
[2024-02-14T16:51:06.607+0100][debug][gc,alloc       ] Allocation Rate: 3004,0MB/s, Predicted: 3018,5MB/s, Avg: 3006,2(+/-18,4)MB/s
[2024-02-14T16:51:06.607+0100][debug][gc,director    ] Select GC Workers (Normal), AvoidLongGCWorkers: 0,205, AvoidOOMGCWorkers: 1,657, LastGCWorkers: 2,000, GCWorkers: 1,657
[2024-02-14T16:51:06.607+0100][debug][gc,director    ] Rule: Allocation Rate (Dynamic GC Workers), MaxAllocRate: 3079,1MB/s (+/-0,6%), Free: 3844MB, GCCPUTime: 2,055, GCDuration: 1,029s, TimeUntilOOM: 1,241s, TimeUntilGC: 0,112s, GCWorkers: 2 -> 2
[2024-02-14T16:51:06.607+0100][debug][gc,director    ] Rule: High Usage, Free: 3844MB(25,0%)
[2024-02-14T16:51:06.607+0100][debug][gc,director    ] Rule: Proactive, AcceptableGCInterval: 20,242s, TimeSinceLastGC: 1,549s, TimeUntilGC: 18,693s
[2024-02-14T16:51:06.707+0100][debug][gc,alloc       ] Allocation Rate: 2952,0MB/s, Predicted: 2990,9MB/s, Avg: 3003,0(+/-23,9)MB/s
[2024-02-14T16:51:06.707+0100][debug][gc,director    ] Select GC Workers (Normal), AvoidLongGCWorkers: 0,205, AvoidOOMGCWorkers: 1,786, LastGCWorkers: 2,000, GCWorkers: 1,786
[2024-02-14T16:51:06.707+0100][debug][gc,director    ] Rule: Allocation Rate (Dynamic GC Workers), MaxAllocRate: 3081,8MB/s (+/-0,8%), Free: 3578MB, GCCPUTime: 2,055, GCDuration: 1,029s, TimeUntilOOM: 1,152s, TimeUntilGC: 0,023s, GCWorkers: 2 -> 2
[2024-02-14T16:51:06.707+0100][debug][gc,director    ] Rule: High Usage, Free: 3578MB(23,3%)
[2024-02-14T16:51:06.707+0100][debug][gc,director    ] Rule: Proactive, AcceptableGCInterval: 20,242s, TimeSinceLastGC: 1,650s, TimeUntilGC: 18,593s
[2024-02-14T16:51:06.807+0100][debug][gc,alloc       ] Allocation Rate: 2932,0MB/s, Predicted: 2963,3MB/s, Avg: 2995,6(+/-32,0)MB/s
[2024-02-14T16:51:06.808+0100][debug][gc,director    ] Select GC Workers (Normal), AvoidLongGCWorkers: 0,205, AvoidOOMGCWorkers: 1,957, LastGCWorkers: 2,000, GCWorkers: 1,957
[2024-02-14T16:51:06.808+0100][debug][gc,director    ] Rule: Allocation Rate (Dynamic GC Workers), MaxAllocRate: 3100,8MB/s (+/-1,1%), Free: 3294MB, GCCPUTime: 2,055, GCDuration: 1,029s, TimeUntilOOM: 1,051s, TimeUntilGC: -0,078s, GCWorkers: 2 -> 2
[2024-02-14T16:51:06.808+0100][debug][gc,heap        ] GC(48) Heap before GC invocations=48 (full 48):
[2024-02-14T16:51:06.808+0100][debug][gc,heap        ] GC(48)  ZHeap           used 12024M, capacity 14594M, max capacity 15360M
[2024-02-14T16:51:06.808+0100][debug][gc,heap        ] GC(48)  Metaspace       used 32052K, committed 32448K, reserved 1114112K
[2024-02-14T16:51:06.808+0100][debug][gc,heap        ] GC(48)   class space    used 3381K, committed 3584K, reserved 1048576K
[2024-02-14T16:51:06.808+0100][info ][gc,start       ] GC(48) Garbage Collection (Allocation Rate)
[2024-02-14T16:51:06.808+0100][info ][gc,task        ] GC(48) Using 2 workers
[2024-02-14T16:51:06.808+0100][debug][gc,phases,start] GC(48) Pause Mark Start
[2024-02-14T16:51:06.808+0100][debug][gc,marking     ] GC(48) Using 2 mark stripes
[2024-02-14T16:51:06.808+0100][debug][gc,marking     ] GC(48) Mark Worker/Stripe Distribution
[2024-02-14T16:51:06.808+0100][debug][gc,marking     ] GC(48)   Worker 0(2) -> Stripe 0(2)
[2024-02-14T16:51:06.808+0100][debug][gc,marking     ] GC(48)   Worker 1(2) -> Stripe 1(2)
[2024-02-14T16:51:06.808+0100][info ][gc,phases      ] GC(48) Pause Mark Start 0,063ms
[2024-02-14T16:51:06.808+0100][debug][gc,phases,start] GC(48) Concurrent Mark
[2024-02-14T16:51:06.808+0100][debug][gc,task        ] GC(48) Executing Task: XMarkRootsTask, Active Workers: 2
[2024-02-14T16:51:06.808+0100][debug][gc,tlab        ] GC(48) TLAB totals: thrds: 8  refills: 31831 max: 31803 slow allocs: 10 max 10 waste:  1,1% gc: 1030528B max: 253696B slow: 91925240B max: 91908848B
[2024-02-14T16:51:06.808+0100][debug][gc,task        ] GC(48) Executing Task: XMarkTask, Active Workers: 2
[2024-02-14T16:51:06.908+0100][debug][gc,alloc       ] Allocation Rate: 2954,0MB/s, Predicted: 2940,9MB/s, Avg: 2993,6(+/-33,8)MB/s
[2024-02-14T16:51:07.008+0100][debug][gc,alloc       ] Allocation Rate: 2902,0MB/s, Predicted: 2908,1MB/s, Avg: 2983,0(+/-43,0)MB/s
[2024-02-14T16:51:07.108+0100][debug][gc,alloc       ] Allocation Rate: 2842,0MB/s, Predicted: 2865,9MB/s, Avg: 2963,6(+/-56,4)MB/s
[2024-02-14T16:51:07.208+0100][debug][gc,alloc       ] Allocation Rate: 2800,0MB/s, Predicted: 2812,3MB/s, Avg: 2942,8(+/-72,3)MB/s
[2024-02-14T16:51:07.307+0100][debug][gc,alloc       ] Allocation Rate: 2758,0MB/s, Predicted: 2763,2MB/s, Avg: 2915,0(+/-83,7)MB/s
[2024-02-14T16:51:07.407+0100][debug][gc,alloc       ] Allocation Rate: 2788,0MB/s, Predicted: 2734,5MB/s, Avg: 2894,0(+/-86,5)MB/s
[2024-02-14T16:51:07.507+0100][debug][gc,alloc       ] Allocation Rate: 2762,0MB/s, Predicted: 2712,1MB/s, Avg: 2869,4(+/-85,6)MB/s
[2024-02-14T16:51:07.607+0100][debug][gc,alloc       ] Allocation Rate: 2742,0MB/s, Predicted: 2697,1MB/s, Avg: 2843,2(+/-80,3)MB/s
[2024-02-14T16:51:07.655+0100][info ][gc,phases      ] GC(48) Concurrent Mark 847,524ms
[2024-02-14T16:51:07.655+0100][debug][gc,phases,start] GC(48) Pause Mark End
[2024-02-14T16:51:07.655+0100][info ][gc,phases      ] GC(48) Pause Mark End 0,035ms
[2024-02-14T16:51:07.656+0100][debug][gc,phases,start] GC(48) Concurrent Mark Free
[2024-02-14T16:51:07.656+0100][info ][gc,phases      ] GC(48) Concurrent Mark Free 0,007ms
[2024-02-14T16:51:07.656+0100][debug][gc,phases,start] GC(48) Concurrent Process Non-Strong References
[2024-02-14T16:51:07.656+0100][debug][gc,phases,start] GC(48) Concurrent References Process
[2024-02-14T16:51:07.656+0100][debug][gc,task        ] GC(48) Executing Task: XReferenceProcessorTask, Active Workers: 2
[2024-02-14T16:51:07.659+0100][debug][gc,phases      ] GC(48) Concurrent References Process 3,454ms
[2024-02-14T16:51:07.659+0100][debug][gc,task        ] GC(48) Executing Task: XProcessWeakRootsTask, Active Workers: 2
[2024-02-14T16:51:07.660+0100][debug][gc,phases,start] GC(48) Concurrent Classes Unlink
[2024-02-14T16:51:07.660+0100][debug][gc,phases,start] GC(48) ClassLoaderData
[2024-02-14T16:51:07.660+0100][debug][gc,phases      ] GC(48) ClassLoaderData 0,034ms
[2024-02-14T16:51:07.660+0100][debug][gc,phases,start] GC(48) Trigger cleanups
[2024-02-14T16:51:07.660+0100][debug][gc,phases      ] GC(48) Trigger cleanups 0,005ms
[2024-02-14T16:51:07.660+0100][debug][gc,task        ] GC(48) Executing Task: XNMethodUnlinkTask, Active Workers: 2
[2024-02-14T16:51:07.662+0100][debug][gc,phases      ] GC(48) Concurrent Classes Unlink 2,283ms
[2024-02-14T16:51:07.662+0100][debug][gc,phases,start] GC(48) Concurrent Classes Purge
[2024-02-14T16:51:07.662+0100][debug][gc,nmethod     ] GC(48) Unregister NMethod: com.github.benmanes.caffeine.cache.BoundedLocalCache.put (0x00007f9f2b7fb410)
[2024-02-14T16:51:07.662+0100][debug][gc,nmethod     ] GC(48) Unregister NMethod: com.github.benmanes.caffeine.cache.BoundedLocalCache.put (0x00007f9f0c217190)
[2024-02-14T16:51:07.662+0100][debug][gc,nmethod     ] GC(48) Unregister NMethod: io.sirix.access.trx.page.NodePageReadOnlyTrx.getFromBufferManager (0x00007f9f2b80c110)
[2024-02-14T16:51:07.662+0100][debug][gc,nmethod     ] GC(48) Unregister NMethod: java.util.Collections$UnmodifiableCollection.contains (0x00007f9f0bdd3c90)
[2024-02-14T16:51:07.662+0100][debug][gc,phases      ] GC(48) Concurrent Classes Purge 0,117ms
[2024-02-14T16:51:07.662+0100][debug][gc,phases,start] GC(48) Concurrent References Enqueue
[2024-02-14T16:51:07.662+0100][debug][gc,phases      ] GC(48) Concurrent References Enqueue 0,006ms
[2024-02-14T16:51:07.662+0100][info ][gc,phases      ] GC(48) Concurrent Process Non-Strong References 6,642ms
[2024-02-14T16:51:07.662+0100][debug][gc,phases,start] GC(48) Concurrent Reset Relocation Set
[2024-02-14T16:51:07.662+0100][info ][gc,phases      ] GC(48) Concurrent Reset Relocation Set 0,093ms
[2024-02-14T16:51:07.662+0100][debug][gc,phases,start] GC(48) Concurrent Select Relocation Set
[2024-02-14T16:51:07.663+0100][debug][gc,task        ] GC(48) Executing Task: XRelocationSetInstallTask, Active Workers: 2
[2024-02-14T16:51:07.680+0100][info ][gc,phases      ] GC(48) Concurrent Select Relocation Set 17,760ms
[2024-02-14T16:51:07.680+0100][debug][gc,phases,start] GC(48) Pause Relocate Start
[2024-02-14T16:51:07.680+0100][info ][gc,phases      ] GC(48) Pause Relocate Start 0,033ms
[2024-02-14T16:51:07.680+0100][debug][gc,phases,start] GC(48) Concurrent Relocate
[2024-02-14T16:51:07.680+0100][debug][gc,task        ] GC(48) Executing Task: XRelocateTask, Active Workers: 2
[2024-02-14T16:51:07.708+0100][debug][gc,alloc       ] Allocation Rate: 2734,0MB/s, Predicted: 2682,4MB/s, Avg: 2821,4(+/-77,3)MB/s
[2024-02-14T16:51:07.808+0100][debug][gc,alloc       ] Allocation Rate: 2718,0MB/s, Predicted: 2670,5MB/s, Avg: 2800,0(+/-73,3)MB/s
[2024-02-14T16:51:07.844+0100][info ][gc,phases      ] GC(48) Concurrent Relocate 163,764ms
[2024-02-14T16:51:07.844+0100][debug][gc,heap        ] GC(48) Heap after GC invocations=49 (full 49):
[2024-02-14T16:51:07.844+0100][debug][gc,heap        ] GC(48)  ZHeap           used 6898M, capacity 14594M, max capacity 15360M
[2024-02-14T16:51:07.844+0100][debug][gc,heap        ] GC(48)  Metaspace       used 32052K, committed 32448K, reserved 1114112K
[2024-02-14T16:51:07.844+0100][debug][gc,heap        ] GC(48)   class space    used 3381K, committed 3584K, reserved 1048576K
[2024-02-14T16:51:07.844+0100][info ][gc,load        ] GC(48) Load: 3,11/1,99/1,79
[2024-02-14T16:51:07.844+0100][info ][gc,mmu         ] GC(48) MMU: 2ms/92,8%, 5ms/97,1%, 10ms/98,6%, 20ms/99,1%, 50ms/99,6%, 100ms/99,8%
[2024-02-14T16:51:07.844+0100][info ][gc,marking     ] GC(48) Mark: 2 stripe(s), 2 proactive flush(es), 1 terminate flush(es), 0 completion(s), 0 continuation(s) 
[2024-02-14T16:51:07.844+0100][info ][gc,marking     ] GC(48) Mark Stack Usage: 32M
[2024-02-14T16:51:07.844+0100][info ][gc,nmethod     ] GC(48) NMethods: 4271 registered, 43 unregistered
[2024-02-14T16:51:07.844+0100][info ][gc,metaspace   ] GC(48) Metaspace: 31M used, 31M committed, 1088M reserved
[2024-02-14T16:51:07.844+0100][info ][gc,ref         ] GC(48) Soft: 3896 encountered, 0 discovered, 0 enqueued
[2024-02-14T16:51:07.844+0100][info ][gc,ref         ] GC(48) Weak: 2057 encountered, 122 discovered, 0 enqueued
[2024-02-14T16:51:07.844+0100][info ][gc,ref         ] GC(48) Final: 11119 encountered, 11119 discovered, 11119 enqueued
[2024-02-14T16:51:07.844+0100][info ][gc,ref         ] GC(48) Phantom: 11519 encountered, 11507 discovered, 11124 enqueued
[2024-02-14T16:51:07.844+0100][info ][gc,reloc       ] GC(48) Small Pages: 5996 / 11992M, Empty: 1494M, Relocated: 645M, In-Place: 0
[2024-02-14T16:51:07.844+0100][info ][gc,reloc       ] GC(48) Medium Pages: 1 / 32M, Empty: 0M, Relocated: 0M, In-Place: 0
[2024-02-14T16:51:07.844+0100][info ][gc,reloc       ] GC(48) Large Pages: 0 / 0M, Empty: 0M, Relocated: 0M, In-Place: 0
[2024-02-14T16:51:07.844+0100][info ][gc,reloc       ] GC(48) Forwarding Usage: 261M
[2024-02-14T16:51:07.844+0100][info ][gc,heap        ] GC(48) Min Capacity: 5120M(33%)
[2024-02-14T16:51:07.844+0100][info ][gc,heap        ] GC(48) Max Capacity: 15360M(100%)
[2024-02-14T16:51:07.844+0100][info ][gc,heap        ] GC(48) Soft Max Capacity: 15360M(100%)
[2024-02-14T16:51:07.844+0100][info ][gc,heap        ] GC(48)                Mark Start          Mark End        Relocate Start      Relocate End           High               Low         
[2024-02-14T16:51:07.844+0100][info ][gc,heap        ] GC(48)  Capacity:    14594M (95%)       14594M (95%)       14594M (95%)       14594M (95%)       14594M (95%)       14594M (95%)    
[2024-02-14T16:51:07.844+0100][info ][gc,heap        ] GC(48)      Free:     3336M (22%)        1022M (7%)         2452M (16%)        8462M (55%)        8478M (55%)        1004M (7%)     
[2024-02-14T16:51:07.844+0100][info ][gc,heap        ] GC(48)      Used:    12024M (78%)       14338M (93%)       12908M (84%)        6898M (45%)       14356M (93%)        6882M (45%)    
[2024-02-14T16:51:07.844+0100][info ][gc,heap        ] GC(48)      Live:         -              3676M (24%)        3676M (24%)        3676M (24%)            -                  -          
[2024-02-14T16:51:07.844+0100][info ][gc,heap        ] GC(48) Allocated:         -              2314M (15%)        2378M (15%)        2823M (18%)            -                  -          
[2024-02-14T16:51:07.844+0100][info ][gc,heap        ] GC(48)   Garbage:         -              8347M (54%)        6853M (45%)         397M (3%)             -                  -          
[2024-02-14T16:51:07.844+0100][info ][gc,heap        ] GC(48) Reclaimed:         -                  -              1494M (10%)        7949M (52%)            -                  -          
[2024-02-14T16:51:07.844+0100][info ][gc             ] GC(48) Garbage Collection (Allocation Rate) 12024M(78%)->6898M(45%)
[2024-02-14T16:51:07.908+0100][debug][gc,alloc       ] Allocation Rate: 2728,0MB/s, Predicted: 2682,8MB/s, Avg: 2777,4(+/-54,8)MB/s
[2024-02-14T16:51:07.908+0100][debug][gc,director    ] Select GC Workers (Try Lowering), AvoidLongGCWorkers: 0,233, AvoidOOMGCWorkers: 0,855, NextAvoidOOMGCWorkers: 1,530, LastGCWorkers: 2,000, GCWorkers: 2,000
[2024-02-14T16:51:07.908+0100][debug][gc,director    ] Rule: Allocation Rate (Dynamic GC Workers), MaxAllocRate: 2957,8MB/s (+/-2,0%), Free: 8232MB, GCCPUTime: 2,335, GCDuration: 1,170s, TimeUntilOOM: 2,729s, TimeUntilGC: 1,460s, GCWorkers: 2 -> 2
[2024-02-14T16:51:07.908+0100][debug][gc,director    ] Rule: High Usage, Free: 8232MB(53,6%)
[2024-02-14T16:51:07.908+0100][debug][gc,director    ] Rule: Proactive, UsedUntilEnabled: 1348MB, TimeUntilEnabled: 299,936s
[2024-02-14T16:51:08.008+0100][debug][gc,alloc       ] Allocation Rate: 2734,0MB/s, Predicted: 2698,7MB/s, Avg: 2760,6(+/-36,8)MB/s
[2024-02-14T16:51:08.008+0100][debug][gc,director    ] Select GC Workers (Try Lowering), AvoidLongGCWorkers: 0,233, AvoidOOMGCWorkers: 0,858, NextAvoidOOMGCWorkers: 1,443, LastGCWorkers: 2,000, GCWorkers: 1,943
[2024-02-14T16:51:08.008+0100][debug][gc,director    ] Rule: Allocation Rate (Dynamic GC Workers), MaxAllocRate: 2881,8MB/s (+/-1,3%), Free: 7948MB, GCCPUTime: 2,335, GCDuration: 1,170s, TimeUntilOOM: 2,722s, TimeUntilGC: 1,452s, GCWorkers: 2 -> 2
[2024-02-14T16:51:08.008+0100][debug][gc,director    ] Rule: High Usage, Free: 7948MB(51,7%)
[2024-02-14T16:51:08.008+0100][debug][gc,director    ] Rule: Proactive, UsedUntilEnabled: 1064MB, TimeUntilEnabled: 299,836s
[2024-02-14T16:51:08.107+0100][debug][gc,alloc       ] Allocation Rate: 2778,0MB/s, Predicted: 2727,3MB/s, Avg: 2754,2(+/-26,2)MB/s
[2024-02-14T16:51:08.107+0100][debug][gc,director    ] Select GC Workers (Try Lowering), AvoidLongGCWorkers: 0,233, AvoidOOMGCWorkers: 0,877, NextAvoidOOMGCWorkers: 1,407, LastGCWorkers: 2,000, GCWorkers: 1,907
[2024-02-14T16:51:08.107+0100][debug][gc,director    ] Rule: Allocation Rate (Dynamic GC Workers), MaxAllocRate: 2840,3MB/s (+/-0,9%), Free: 7636MB, GCCPUTime: 2,335, GCDuration: 1,170s, TimeUntilOOM: 2,663s, TimeUntilGC: 1,393s, GCWorkers: 2 -> 2
[2024-02-14T16:51:08.107+0100][debug][gc,director    ] Rule: High Usage, Free: 7636MB(49,7%)
[2024-02-14T16:51:08.107+0100][debug][gc,director    ] Rule: Proactive, UsedUntilEnabled: 752MB, TimeUntilEnabled: 299,737s
[2024-02-14T16:51:08.207+0100][debug][gc,alloc       ] Allocation Rate: 2844,0MB/s, Predicted: 2775,5MB/s, Avg: 2758,6(+/-35,5)MB/s
[2024-02-14T16:51:08.207+0100][debug][gc,director    ] Select GC Workers (Try Lowering), AvoidLongGCWorkers: 0,233, AvoidOOMGCWorkers: 0,935, NextAvoidOOMGCWorkers: 1,466, LastGCWorkers: 2,000, GCWorkers: 1,966
[2024-02-14T16:51:08.207+0100][debug][gc,director    ] Rule: Allocation Rate (Dynamic GC Workers), MaxAllocRate: 2892,3MB/s (+/-1,3%), Free: 7316MB, GCCPUTime: 2,335, GCDuration: 1,170s, TimeUntilOOM: 2,497s, TimeUntilGC: 1,228s, GCWorkers: 2 -> 2
[2024-02-14T16:51:08.207+0100][debug][gc,director    ] Rule: High Usage, Free: 7316MB(47,6%)
[2024-02-14T16:51:08.207+0100][debug][gc,director    ] Rule: Proactive, UsedUntilEnabled: 432MB, TimeUntilEnabled: 299,637s
[2024-02-14T16:51:08.307+0100][debug][gc,alloc       ] Allocation Rate: 2924,0MB/s, Predicted: 2841,5MB/s, Avg: 2775,2(+/-61,0)MB/s
[2024-02-14T16:51:08.307+0100][debug][gc,director    ] Select GC Workers (Normal), AvoidLongGCWorkers: 0,233, AvoidOOMGCWorkers: 1,038, LastGCWorkers: 2,000, GCWorkers: 1,038
[2024-02-14T16:51:08.307+0100][debug][gc,director    ] Rule: Allocation Rate (Dynamic GC Workers), MaxAllocRate: 3042,2MB/s (+/-2,2%), Free: 6998MB, GCCPUTime: 2,335, GCDuration: 1,170s, TimeUntilOOM: 2,251s, TimeUntilGC: 0,981s, GCWorkers: 2 -> 2
[2024-02-14T16:51:08.307+0100][debug][gc,director    ] Rule: High Usage, Free: 6998MB(45,6%)
[2024-02-14T16:51:08.307+0100][debug][gc,director    ] Rule: Proactive, UsedUntilEnabled: 114MB, TimeUntilEnabled: 299,537s
[2024-02-14T16:51:08.408+0100][debug][gc,alloc       ] Allocation Rate: 2914,0MB/s, Predicted: 2900,4MB/s, Avg: 2787,8(+/-74,0)MB/s
[2024-02-14T16:51:08.408+0100][debug][gc,director    ] Select GC Workers (Normal), AvoidLongGCWorkers: 0,233, AvoidOOMGCWorkers: 1,124, LastGCWorkers: 2,000, GCWorkers: 1,124
[2024-02-14T16:51:08.408+0100][debug][gc,director    ] Rule: Allocation Rate (Dynamic GC Workers), MaxAllocRate: 3143,8MB/s (+/-2,7%), Free: 6706MB, GCCPUTime: 2,335, GCDuration: 1,170s, TimeUntilOOM: 2,078s, TimeUntilGC: 0,808s, GCWorkers: 2 -> 2
[2024-02-14T16:51:08.408+0100][debug][gc,director    ] Rule: High Usage, Free: 6706MB(43,7%)
[2024-02-14T16:51:08.408+0100][debug][gc,director    ] Rule: Proactive, AcceptableGCInterval: 23,046s, TimeSinceLastGC: 0,563s, TimeUntilGC: 22,482s
[2024-02-14T16:51:08.508+0100][debug][gc,alloc       ] Allocation Rate: 2908,0MB/s, Predicted: 2941,6MB/s, Avg: 2802,4(+/-81,5)MB/s
[2024-02-14T16:51:08.508+0100][debug][gc,director    ] Select GC Workers (Normal), AvoidLongGCWorkers: 0,233, AvoidOOMGCWorkers: 1,201, LastGCWorkers: 2,000, GCWorkers: 1,201
[2024-02-14T16:51:08.508+0100][debug][gc,director    ] Rule: Allocation Rate (Dynamic GC Workers), MaxAllocRate: 3209,7MB/s (+/-2,9%), Free: 6424MB, GCCPUTime: 2,335, GCDuration: 1,170s, TimeUntilOOM: 1,945s, TimeUntilGC: 0,675s, GCWorkers: 2 -> 2
[2024-02-14T16:51:08.508+0100][debug][gc,director    ] Rule: High Usage, Free: 6422MB(41,8%)
[2024-02-14T16:51:08.508+0100][debug][gc,director    ] Rule: Proactive, AcceptableGCInterval: 23,046s, TimeSinceLastGC: 0,664s, TimeUntilGC: 22,382s
[2024-02-14T16:51:08.608+0100][debug][gc,alloc       ] Allocation Rate: 2906,0MB/s, Predicted: 2966,9MB/s, Avg: 2818,8(+/-84,1)MB/s
[2024-02-14T16:51:08.608+0100][debug][gc,director    ] Select GC Workers (Normal), AvoidLongGCWorkers: 0,233, AvoidOOMGCWorkers: 1,270, LastGCWorkers: 2,000, GCWorkers: 1,270
[2024-02-14T16:51:08.608+0100][debug][gc,director    ] Rule: Allocation Rate (Dynamic GC Workers), MaxAllocRate: 3243,8MB/s (+/-3,0%), Free: 6146MB, GCCPUTime: 2,335, GCDuration: 1,170s, TimeUntilOOM: 1,840s, TimeUntilGC: 0,570s, GCWorkers: 2 -> 2
[2024-02-14T16:51:08.608+0100][debug][gc,director    ] Rule: High Usage, Free: 6146MB(40,0%)
[2024-02-14T16:51:08.608+0100][debug][gc,director    ] Rule: Proactive, AcceptableGCInterval: 23,046s, TimeSinceLastGC: 0,764s, TimeUntilGC: 22,282s
[2024-02-14T16:51:08.707+0100][debug][gc,alloc       ] Allocation Rate: 2892,0MB/s, Predicted: 2973,6MB/s, Avg: 2834,6(+/-81,5)MB/s
[2024-02-14T16:51:08.707+0100][debug][gc,director    ] Select GC Workers (Normal), AvoidLongGCWorkers: 0,233, AvoidOOMGCWorkers: 1,320, LastGCWorkers: 2,000, GCWorkers: 1,320
[2024-02-14T16:51:08.707+0100][debug][gc,director    ] Rule: Allocation Rate (Dynamic GC Workers), MaxAllocRate: 3241,8MB/s (+/-2,9%), Free: 5902MB, GCCPUTime: 2,335, GCDuration: 1,170s, TimeUntilOOM: 1,770s, TimeUntilGC: 0,500s, GCWorkers: 2 -> 2
[2024-02-14T16:51:08.707+0100][debug][gc,director    ] Rule: High Usage, Free: 5902MB(38,4%)
[2024-02-14T16:51:08.707+0100][debug][gc,director    ] Rule: Proactive, AcceptableGCInterval: 23,046s, TimeSinceLastGC: 0,863s, TimeUntilGC: 22,183s
[2024-02-14T16:51:08.807+0100][debug][gc,alloc       ] Allocation Rate: 2884,0MB/s, Predicted: 2962,3MB/s, Avg: 2851,2(+/-72,5)MB/s
[2024-02-14T16:51:08.807+0100][debug][gc,director    ] Select GC Workers (Normal), AvoidLongGCWorkers: 0,233, AvoidOOMGCWorkers: 1,359, LastGCWorkers: 2,000, GCWorkers: 1,359
[2024-02-14T16:51:08.807+0100][debug][gc,director    ] Rule: Allocation Rate (Dynamic GC Workers), MaxAllocRate: 3200,8MB/s (+/-2,5%), Free: 5642MB, GCCPUTime: 2,335, GCDuration: 1,170s, TimeUntilOOM: 1,719s, TimeUntilGC: 0,449s, GCWorkers: 2 -> 2
[2024-02-14T16:51:08.807+0100][debug][gc,director    ] Rule: High Usage, Free: 5642MB(36,7%)
[2024-02-14T16:51:08.807+0100][debug][gc,director    ] Rule: Proactive, AcceptableGCInterval: 23,046s, TimeSinceLastGC: 0,963s, TimeUntilGC: 22,083s
[2024-02-14T16:51:08.907+0100][debug][gc,alloc       ] Allocation Rate: 2882,0MB/s, Predicted: 2941,7MB/s, Avg: 2866,6(+/-59,9)MB/s
[2024-02-14T16:51:08.907+0100][debug][gc,director    ] Select GC Workers (Normal), AvoidLongGCWorkers: 0,233, AvoidOOMGCWorkers: 1,399, LastGCWorkers: 2,000, GCWorkers: 1,399
[2024-02-14T16:51:08.907+0100][debug][gc,director    ] Rule: Allocation Rate (Dynamic GC Workers), MaxAllocRate: 3139,0MB/s (+/-2,1%), Free: 5352MB, GCCPUTime: 2,335, GCDuration: 1,170s, TimeUntilOOM: 1,670s, TimeUntilGC: 0,400s, GCWorkers: 2 -> 2
[2024-02-14T16:51:08.907+0100][debug][gc,director    ] Rule: High Usage, Free: 5352MB(34,8%)
[2024-02-14T16:51:08.907+0100][debug][gc,director    ] Rule: Proactive, AcceptableGCInterval: 23,046s, TimeSinceLastGC: 1,063s, TimeUntilGC: 21,982s
[2024-02-14T16:51:09.008+0100][debug][gc,alloc       ] Allocation Rate: 2912,0MB/s, Predicted: 2924,5MB/s, Avg: 2884,4(+/-41,5)MB/s
[2024-02-14T16:51:09.008+0100][debug][gc,director    ] Select GC Workers (Normal), AvoidLongGCWorkers: 0,233, AvoidOOMGCWorkers: 1,442, LastGCWorkers: 2,000, GCWorkers: 1,442
[2024-02-14T16:51:09.008+0100][debug][gc,director    ] Rule: Allocation Rate (Dynamic GC Workers), MaxAllocRate: 3061,2MB/s (+/-1,4%), Free: 5034MB, GCCPUTime: 2,335, GCDuration: 1,170s, TimeUntilOOM: 1,621s, TimeUntilGC: 0,351s, GCWorkers: 2 -> 2
[2024-02-14T16:51:09.008+0100][debug][gc,director    ] Rule: High Usage, Free: 5034MB(32,8%)
[2024-02-14T16:51:09.008+0100][debug][gc,director    ] Rule: Proactive, AcceptableGCInterval: 23,046s, TimeSinceLastGC: 1,163s, TimeUntilGC: 21,882s
[2024-02-14T16:51:09.108+0100][debug][gc,alloc       ] Allocation Rate: 2874,0MB/s, Predicted: 2892,0MB/s, Avg: 2894,0(+/-22,6)MB/s
[2024-02-14T16:51:09.108+0100][debug][gc,director    ] Select GC Workers (Normal), AvoidLongGCWorkers: 0,233, AvoidOOMGCWorkers: 1,468, LastGCWorkers: 2,000, GCWorkers: 1,468
[2024-02-14T16:51:09.108+0100][debug][gc,director    ] Rule: Allocation Rate (Dynamic GC Workers), MaxAllocRate: 2968,4MB/s (+/-0,8%), Free: 4762MB, GCCPUTime: 2,335, GCDuration: 1,170s, TimeUntilOOM: 1,592s, TimeUntilGC: 0,322s, GCWorkers: 2 -> 2
[2024-02-14T16:51:09.108+0100][debug][gc,director    ] Rule: High Usage, Free: 4762MB(31,0%)
[2024-02-14T16:51:09.108+0100][debug][gc,director    ] Rule: Proactive, AcceptableGCInterval: 23,046s, TimeSinceLastGC: 1,264s, TimeUntilGC: 21,782s
[2024-02-14T16:51:09.208+0100][debug][gc,alloc       ] Allocation Rate: 2880,0MB/s, Predicted: 2873,1MB/s, Avg: 2897,6(+/-16,4)MB/s
[2024-02-14T16:51:09.208+0100][debug][gc,director    ] Select GC Workers (Normal), AvoidLongGCWorkers: 0,233, AvoidOOMGCWorkers: 1,564, LastGCWorkers: 2,000, GCWorkers: 1,564
[2024-02-14T16:51:09.208+0100][debug][gc,director    ] Rule: Allocation Rate (Dynamic GC Workers), MaxAllocRate: 2951,5MB/s (+/-0,6%), Free: 4436MB, GCCPUTime: 2,335, GCDuration: 1,170s, TimeUntilOOM: 1,495s, TimeUntilGC: 0,225s, GCWorkers: 2 -> 2
[2024-02-14T16:51:09.208+0100][debug][gc,director    ] Rule: High Usage, Free: 4436MB(28,9%)
[2024-02-14T16:51:09.208+0100][debug][gc,director    ] Rule: Proactive, AcceptableGCInterval: 23,046s, TimeSinceLastGC: 1,364s, TimeUntilGC: 21,682s
[2024-02-14T16:51:09.307+0100][debug][gc,alloc       ] Allocation Rate: 2854,0MB/s, Predicted: 2862,7MB/s, Avg: 2890,6(+/-18,4)MB/s
[2024-02-14T16:51:09.307+0100][debug][gc,director    ] Select GC Workers (Normal), AvoidLongGCWorkers: 0,233, AvoidOOMGCWorkers: 1,676, LastGCWorkers: 2,000, GCWorkers: 1,676
[2024-02-14T16:51:09.307+0100][debug][gc,director    ] Rule: Allocation Rate (Dynamic GC Workers), MaxAllocRate: 2951,2MB/s (+/-0,6%), Free: 4144MB, GCCPUTime: 2,335, GCDuration: 1,170s, TimeUntilOOM: 1,395s, TimeUntilGC: 0,126s, GCWorkers: 2 -> 2
[2024-02-14T16:51:09.307+0100][debug][gc,director    ] Rule: High Usage, Free: 4144MB(27,0%)
[2024-02-14T16:51:09.307+0100][debug][gc,director    ] Rule: Proactive, AcceptableGCInterval: 23,046s, TimeSinceLastGC: 1,463s, TimeUntilGC: 21,583s
[2024-02-14T16:51:09.407+0100][debug][gc,alloc       ] Allocation Rate: 2828,0MB/s, Predicted: 2843,9MB/s, Avg: 2882,0(+/-24,5)MB/s
[2024-02-14T16:51:09.407+0100][debug][gc,director    ] Select GC Workers (Normal), AvoidLongGCWorkers: 0,233, AvoidOOMGCWorkers: 1,803, LastGCWorkers: 2,000, GCWorkers: 1,803
[2024-02-14T16:51:09.407+0100][debug][gc,director    ] Rule: Allocation Rate (Dynamic GC Workers), MaxAllocRate: 2962,8MB/s (+/-0,9%), Free: 3876MB, GCCPUTime: 2,335, GCDuration: 1,170s, TimeUntilOOM: 1,297s, TimeUntilGC: 0,028s, GCWorkers: 2 -> 2
[2024-02-14T16:51:09.407+0100][debug][gc,director    ] Rule: High Usage, Free: 3876MB(25,2%)
[2024-02-14T16:51:09.407+0100][debug][gc,director    ] Rule: Proactive, AcceptableGCInterval: 23,046s, TimeSinceLastGC: 1,563s, TimeUntilGC: 21,483s
[2024-02-14T16:51:09.507+0100][debug][gc,alloc       ] Allocation Rate: 2850,0MB/s, Predicted: 2838,0MB/s, Avg: 2876,2(+/-24,6)MB/s
[2024-02-14T16:51:09.507+0100][debug][gc,director    ] Select GC Workers (Normal), AvoidLongGCWorkers: 0,233, AvoidOOMGCWorkers: 1,952, LastGCWorkers: 2,000, GCWorkers: 1,952
[2024-02-14T16:51:09.507+0100][debug][gc,director    ] Rule: Allocation Rate (Dynamic GC Workers), MaxAllocRate: 2957,0MB/s (+/-0,9%), Free: 3574MB, GCCPUTime: 2,335, GCDuration: 1,170s, TimeUntilOOM: 1,198s, TimeUntilGC: -0,071s, GCWorkers: 2 -> 2
[2024-02-14T16:51:09.507+0100][debug][gc,heap        ] GC(49) Heap before GC invocations=49 (full 49):
[2024-02-14T16:51:09.507+0100][debug][gc,heap        ] GC(49)  ZHeap           used 11744M, capacity 14594M, max capacity 15360M
[2024-02-14T16:51:09.507+0100][debug][gc,heap        ] GC(49)  Metaspace       used 32052K, committed 32448K, reserved 1114112K
[2024-02-14T16:51:09.507+0100][debug][gc,heap        ] GC(49)   class space    used 3381K, committed 3584K, reserved 1048576K
[2024-02-14T16:51:09.507+0100][info ][gc,start       ] GC(49) Garbage Collection (Allocation Rate)
[2024-02-14T16:51:09.507+0100][info ][gc,task        ] GC(49) Using 2 workers
[2024-02-14T16:51:09.508+0100][debug][gc,phases,start] GC(49) Pause Mark Start
[2024-02-14T16:51:09.508+0100][debug][gc,marking     ] GC(49) Using 2 mark stripes
[2024-02-14T16:51:09.508+0100][debug][gc,marking     ] GC(49) Mark Worker/Stripe Distribution
[2024-02-14T16:51:09.508+0100][debug][gc,marking     ] GC(49)   Worker 0(2) -> Stripe 0(2)
[2024-02-14T16:51:09.508+0100][debug][gc,marking     ] GC(49)   Worker 1(2) -> Stripe 1(2)
[2024-02-14T16:51:09.508+0100][info ][gc,phases      ] GC(49) Pause Mark Start 0,065ms
[2024-02-14T16:51:09.508+0100][debug][gc,phases,start] GC(49) Concurrent Mark
[2024-02-14T16:51:09.508+0100][debug][gc,task        ] GC(49) Executing Task: XMarkRootsTask, Active Workers: 2
[2024-02-14T16:51:09.508+0100][debug][gc,tlab        ] GC(49) TLAB totals: thrds: 9  refills: 30653 max: 30625 slow allocs: 7 max 7 waste:  1,1% gc: 1524008B max: 246544B slow: 85394576B max: 85382736B
[2024-02-14T16:51:09.508+0100][debug][gc,task        ] GC(49) Executing Task: XMarkTask, Active Workers: 2
[2024-02-14T16:51:09.607+0100][debug][gc,alloc       ] Allocation Rate: 2832,0MB/s, Predicted: 2828,3MB/s, Avg: 2868,8(+/-25,6)MB/s
[2024-02-14T16:51:09.708+0100][debug][gc,alloc       ] Allocation Rate: 2860,0MB/s, Predicted: 2830,9MB/s, Avg: 2865,6(+/-24,5)MB/s
[2024-02-14T16:51:09.808+0100][debug][gc,alloc       ] Allocation Rate: 2910,0MB/s, Predicted: 2853,6MB/s, Avg: 2868,2(+/-27,5)MB/s
[2024-02-14T16:51:09.908+0100][debug][gc,alloc       ] Allocation Rate: 2900,0MB/s, Predicted: 2870,0MB/s, Avg: 2870,0(+/-28,9)MB/s
[2024-02-14T16:51:10.007+0100][debug][gc,alloc       ] Allocation Rate: 2878,0MB/s, Predicted: 2884,4MB/s, Avg: 2866,6(+/-25,6)MB/s
[2024-02-14T16:51:10.107+0100][debug][gc,alloc       ] Allocation Rate: 2864,0MB/s, Predicted: 2885,3MB/s, Avg: 2865,6(+/-25,4)MB/s
[2024-02-14T16:51:10.208+0100][debug][gc,alloc       ] Allocation Rate: 2808,0MB/s, Predicted: 2866,1MB/s, Avg: 2858,4(+/-30,1)MB/s
[2024-02-14T16:51:10.308+0100][debug][gc,alloc       ] Allocation Rate: 2780,0MB/s, Predicted: 2833,6MB/s, Avg: 2851,0(+/-38,3)MB/s
[2024-02-14T16:51:10.354+0100][info ][gc,phases      ] GC(49) Concurrent Mark 846,868ms
[2024-02-14T16:51:10.355+0100][debug][gc,phases,start] GC(49) Pause Mark End
[2024-02-14T16:51:10.355+0100][info ][gc,phases      ] GC(49) Pause Mark End 0,040ms
[2024-02-14T16:51:10.355+0100][debug][gc,phases,start] GC(49) Concurrent Mark Free
[2024-02-14T16:51:10.355+0100][info ][gc,phases      ] GC(49) Concurrent Mark Free 0,022ms
[2024-02-14T16:51:10.355+0100][debug][gc,phases,start] GC(49) Concurrent Process Non-Strong References
[2024-02-14T16:51:10.355+0100][debug][gc,phases,start] GC(49) Concurrent References Process
[2024-02-14T16:51:10.355+0100][debug][gc,task        ] GC(49) Executing Task: XReferenceProcessorTask, Active Workers: 2
[2024-02-14T16:51:10.358+0100][debug][gc,phases      ] GC(49) Concurrent References Process 3,389ms
[2024-02-14T16:51:10.358+0100][debug][gc,task        ] GC(49) Executing Task: XProcessWeakRootsTask, Active Workers: 2
[2024-02-14T16:51:10.358+0100][debug][gc,phases,start] GC(49) Concurrent Classes Unlink
[2024-02-14T16:51:10.358+0100][debug][gc,phases,start] GC(49) ClassLoaderData
[2024-02-14T16:51:10.358+0100][debug][gc,phases      ] GC(49) ClassLoaderData 0,034ms
[2024-02-14T16:51:10.358+0100][debug][gc,phases,start] GC(49) Trigger cleanups
[2024-02-14T16:51:10.358+0100][debug][gc,phases      ] GC(49) Trigger cleanups 0,005ms
[2024-02-14T16:51:10.358+0100][debug][gc,task        ] GC(49) Executing Task: XNMethodUnlinkTask, Active Workers: 2
[2024-02-14T16:51:10.361+0100][debug][gc,phases      ] GC(49) Concurrent Classes Unlink 2,221ms
[2024-02-14T16:51:10.361+0100][debug][gc,phases,start] GC(49) Concurrent Classes Purge
[2024-02-14T16:51:10.361+0100][debug][gc,nmethod     ] GC(49) Unregister NMethod: java.util.concurrent.ConcurrentHashMap.putVal (0x00007f9f2b37b990)
[2024-02-14T16:51:10.362+0100][debug][gc,nmethod     ] GC(49) Unregister NMethod: java.util.concurrent.ConcurrentHashMap.addCount (0x00007f9f2b7d2f90)
[2024-02-14T16:51:10.362+0100][debug][gc,nmethod     ] GC(49) Unregister NMethod: com.github.benmanes.caffeine.cache.BoundedLocalCache.getIfPresent (0x00007f9f0c1fd790)
[2024-02-14T16:51:10.362+0100][debug][gc,nmethod     ] GC(49) Unregister NMethod: io.sirix.access.trx.page.NodePageReadOnlyTrx.getFromBufferManager (0x00007f9f0bce1c90)
[2024-02-14T16:51:10.362+0100][debug][gc,nmethod     ] GC(49) Unregister NMethod: java.util.concurrent.ConcurrentHashMap.computeIfPresent (0x00007f9f2b5d8690)
[2024-02-14T16:51:10.362+0100][debug][gc,nmethod     ] GC(49) Unregister NMethod: java.util.concurrent.ConcurrentHashMap.computeIfPresent (0x00007f9f0c049a90)
[2024-02-14T16:51:10.362+0100][debug][gc,nmethod     ] GC(49) Unregister NMethod: io.sirix.access.trx.page.NodePageReadOnlyTrx.loadPage (0x00007f9f2b3f8a90)
[2024-02-14T16:51:10.362+0100][debug][gc,nmethod     ] GC(49) Unregister NMethod: com.github.benmanes.caffeine.cache.BoundedLocalCache.scheduleDrainBuffers (0x00007f9f0c0de810)
[2024-02-14T16:51:10.362+0100][debug][gc,nmethod     ] GC(49) Unregister NMethod: java.util.concurrent.ConcurrentHashMap.putVal (0x00007f9f0bc54390)
[2024-02-14T16:51:10.362+0100][debug][gc,nmethod     ] GC(49) Unregister NMethod: java.util.concurrent.ConcurrentHashMap.sumCount (0x00007f9f2b7e0090)
[2024-02-14T16:51:10.362+0100][debug][gc,nmethod     ] GC(49) Unregister NMethod: java.util.concurrent.ConcurrentHashMap.addCount (0x00007f9f0bcd3490)
[2024-02-14T16:51:10.362+0100][debug][gc,phases      ] GC(49) Concurrent Classes Purge 0,661ms
[2024-02-14T16:51:10.362+0100][debug][gc,phases,start] GC(49) Concurrent References Enqueue
[2024-02-14T16:51:10.362+0100][debug][gc,phases      ] GC(49) Concurrent References Enqueue 0,006ms
[2024-02-14T16:51:10.362+0100][info ][gc,phases      ] GC(49) Concurrent Process Non-Strong References 6,919ms
[2024-02-14T16:51:10.362+0100][debug][gc,phases,start] GC(49) Concurrent Reset Relocation Set
[2024-02-14T16:51:10.362+0100][info ][gc,phases      ] GC(49) Concurrent Reset Relocation Set 0,117ms
[2024-02-14T16:51:10.362+0100][debug][gc,phases,start] GC(49) Concurrent Select Relocation Set
[2024-02-14T16:51:10.363+0100][debug][gc,task        ] GC(49) Executing Task: XRelocationSetInstallTask, Active Workers: 2
[2024-02-14T16:51:10.380+0100][info ][gc,phases      ] GC(49) Concurrent Select Relocation Set 17,952ms
[2024-02-14T16:51:10.380+0100][debug][gc,phases,start] GC(49) Pause Relocate Start
[2024-02-14T16:51:10.380+0100][info ][gc,phases      ] GC(49) Pause Relocate Start 0,036ms
[2024-02-14T16:51:10.380+0100][debug][gc,phases,start] GC(49) Concurrent Relocate
[2024-02-14T16:51:10.380+0100][debug][gc,task        ] GC(49) Executing Task: XRelocateTask, Active Workers: 2
[2024-02-14T16:51:10.408+0100][debug][gc,alloc       ] Allocation Rate: 2790,0MB/s, Predicted: 2803,1MB/s, Avg: 2847,2(+/-42,1)MB/s
[2024-02-14T16:51:10.507+0100][debug][gc,alloc       ] Allocation Rate: 2758,0MB/s, Predicted: 2768,1MB/s, Avg: 2838,0(+/-49,8)MB/s
[2024-02-14T16:51:10.568+0100][info ][gc,phases      ] GC(49) Concurrent Relocate 187,679ms
[2024-02-14T16:51:10.568+0100][debug][gc,heap        ] GC(49) Heap after GC invocations=50 (full 50):
[2024-02-14T16:51:10.568+0100][debug][gc,heap        ] GC(49)  ZHeap           used 7026M, capacity 14594M, max capacity 15360M
[2024-02-14T16:51:10.568+0100][debug][gc,heap        ] GC(49)  Metaspace       used 32052K, committed 32448K, reserved 1114112K
[2024-02-14T16:51:10.568+0100][debug][gc,heap        ] GC(49)   class space    used 3381K, committed 3584K, reserved 1048576K
[2024-02-14T16:51:10.568+0100][info ][gc,load        ] GC(49) Load: 2,94/1,97/1,78
[2024-02-14T16:51:10.568+0100][info ][gc,mmu         ] GC(49) MMU: 2ms/92,8%, 5ms/97,1%, 10ms/98,6%, 20ms/99,1%, 50ms/99,6%, 100ms/99,8%
[2024-02-14T16:51:10.568+0100][info ][gc,marking     ] GC(49) Mark: 2 stripe(s), 2 proactive flush(es), 1 terminate flush(es), 0 completion(s), 0 continuation(s) 
[2024-02-14T16:51:10.568+0100][info ][gc,marking     ] GC(49) Mark Stack Usage: 32M
[2024-02-14T16:51:10.568+0100][info ][gc,nmethod     ] GC(49) NMethods: 4265 registered, 54 unregistered
[2024-02-14T16:51:10.568+0100][info ][gc,metaspace   ] GC(49) Metaspace: 31M used, 31M committed, 1088M reserved
[2024-02-14T16:51:10.568+0100][info ][gc,ref         ] GC(49) Soft: 3896 encountered, 0 discovered, 0 enqueued
[2024-02-14T16:51:10.568+0100][info ][gc,ref         ] GC(49) Weak: 2057 encountered, 546 discovered, 0 enqueued
[2024-02-14T16:51:10.568+0100][info ][gc,ref         ] GC(49) Final: 10225 encountered, 10225 discovered, 10225 enqueued
[2024-02-14T16:51:10.568+0100][info ][gc,ref         ] GC(49) Phantom: 10625 encountered, 10611 discovered, 10230 enqueued
[2024-02-14T16:51:10.568+0100][info ][gc,reloc       ] GC(49) Small Pages: 5857 / 11714M, Empty: 1742M, Relocated: 726M, In-Place: 0
[2024-02-14T16:51:10.568+0100][info ][gc,reloc       ] GC(49) Medium Pages: 1 / 32M, Empty: 0M, Relocated: 0M, In-Place: 0
[2024-02-14T16:51:10.568+0100][info ][gc,reloc       ] GC(49) Large Pages: 0 / 0M, Empty: 0M, Relocated: 0M, In-Place: 0
[2024-02-14T16:51:10.568+0100][info ][gc,reloc       ] GC(49) Forwarding Usage: 289M
[2024-02-14T16:51:10.568+0100][info ][gc,heap        ] GC(49) Min Capacity: 5120M(33%)
[2024-02-14T16:51:10.568+0100][info ][gc,heap        ] GC(49) Max Capacity: 15360M(100%)
[2024-02-14T16:51:10.568+0100][info ][gc,heap        ] GC(49) Soft Max Capacity: 15360M(100%)
[2024-02-14T16:51:10.568+0100][info ][gc,heap        ] GC(49)                Mark Start          Mark End        Relocate Start      Relocate End           High               Low         
[2024-02-14T16:51:10.568+0100][info ][gc,heap        ] GC(49)  Capacity:    14594M (95%)       14594M (95%)       14594M (95%)       14594M (95%)       14594M (95%)       14594M (95%)    
[2024-02-14T16:51:10.568+0100][info ][gc,heap        ] GC(49)      Free:     3614M (24%)        1286M (8%)         2956M (19%)        8334M (54%)        8354M (54%)        1264M (8%)     
[2024-02-14T16:51:10.568+0100][info ][gc,heap        ] GC(49)      Used:    11746M (76%)       14074M (92%)       12404M (81%)        7026M (46%)       14096M (92%)        7006M (46%)    
[2024-02-14T16:51:10.568+0100][info ][gc,heap        ] GC(49)      Live:         -              3685M (24%)        3685M (24%)        3685M (24%)            -                  -          
[2024-02-14T16:51:10.568+0100][info ][gc,heap        ] GC(49) Allocated:         -              2328M (15%)        2400M (16%)        2913M (19%)            -                  -          
[2024-02-14T16:51:10.568+0100][info ][gc,heap        ] GC(49)   Garbage:         -              8060M (52%)        6318M (41%)         426M (3%)             -                  -          
[2024-02-14T16:51:10.568+0100][info ][gc,heap        ] GC(49) Reclaimed:         -                  -              1742M (11%)        7633M (50%)            -                  -          
[2024-02-14T16:51:10.568+0100][info ][gc             ] GC(49) Garbage Collection (Allocation Rate) 11746M(76%)->7026M(46%)
[2024-02-14T16:51:10.607+0100][debug][gc,alloc       ] Allocation Rate: 2784,0MB/s, Predicted: 2744,9MB/s, Avg: 2833,2(+/-52,4)MB/s
[2024-02-14T16:51:10.607+0100][debug][gc,director    ] Select GC Workers (Try Lowering), AvoidLongGCWorkers: 0,232, AvoidOOMGCWorkers: 0,873, NextAvoidOOMGCWorkers: 1,613, LastGCWorkers: 2,000, GCWorkers: 2,000
[2024-02-14T16:51:10.607+0100][debug][gc,director    ] Rule: Allocation Rate (Dynamic GC Workers), MaxAllocRate: 3005,6MB/s (+/-1,8%), Free: 8164MB, GCCPUTime: 2,328, GCDuration: 1,166s, TimeUntilOOM: 2,667s, TimeUntilGC: 1,401s, GCWorkers: 2 -> 2
[2024-02-14T16:51:10.607+0100][debug][gc,director    ] Rule: High Usage, Free: 8164MB(53,2%)
[2024-02-14T16:51:10.607+0100][debug][gc,director    ] Rule: Proactive, UsedUntilEnabled: 1408MB, TimeUntilEnabled: 299,960s
[2024-02-14T16:51:10.708+0100][debug][gc,alloc       ] Allocation Rate: 2836,0MB/s, Predicted: 2753,2MB/s, Avg: 2830,8(+/-51,6)MB/s
[2024-02-14T16:51:10.708+0100][debug][gc,director    ] Select GC Workers (Try Lowering), AvoidLongGCWorkers: 0,232, AvoidOOMGCWorkers: 0,907, NextAvoidOOMGCWorkers: 1,615, LastGCWorkers: 2,000, GCWorkers: 2,000
[2024-02-14T16:51:10.708+0100][debug][gc,director    ] Rule: Allocation Rate (Dynamic GC Workers), MaxAllocRate: 3000,7MB/s (+/-1,8%), Free: 7838MB, GCCPUTime: 2,328, GCDuration: 1,166s, TimeUntilOOM: 2,565s, TimeUntilGC: 1,299s, GCWorkers: 2 -> 2
[2024-02-14T16:51:10.708+0100][debug][gc,director    ] Rule: High Usage, Free: 7838MB(51,0%)
[2024-02-14T16:51:10.708+0100][debug][gc,director    ] Rule: Proactive, UsedUntilEnabled: 1082MB, TimeUntilEnabled: 299,860s
[2024-02-14T16:51:10.808+0100][debug][gc,alloc       ] Allocation Rate: 2850,0MB/s, Predicted: 2782,0MB/s, Avg: 2824,8(+/-45,2)MB/s
[2024-02-14T16:51:10.808+0100][debug][gc,director    ] Select GC Workers (Try Lowering), AvoidLongGCWorkers: 0,232, AvoidOOMGCWorkers: 0,936, NextAvoidOOMGCWorkers: 1,589, LastGCWorkers: 2,000, GCWorkers: 2,000
[2024-02-14T16:51:10.808+0100][debug][gc,director    ] Rule: Allocation Rate (Dynamic GC Workers), MaxAllocRate: 2973,5MB/s (+/-1,6%), Free: 7516MB, GCCPUTime: 2,328, GCDuration: 1,166s, TimeUntilOOM: 2,488s, TimeUntilGC: 1,222s, GCWorkers: 2 -> 2
[2024-02-14T16:51:10.808+0100][debug][gc,director    ] Rule: High Usage, Free: 7516MB(48,9%)
[2024-02-14T16:51:10.808+0100][debug][gc,director    ] Rule: Proactive, UsedUntilEnabled: 760MB, TimeUntilEnabled: 299,760s
[2024-02-14T16:51:10.907+0100][debug][gc,alloc       ] Allocation Rate: 2892,0MB/s, Predicted: 2828,9MB/s, Avg: 2824,0(+/-43,9)MB/s
[2024-02-14T16:51:10.907+0100][debug][gc,director    ] Select GC Workers (Try Lowering), AvoidLongGCWorkers: 0,232, AvoidOOMGCWorkers: 0,977, NextAvoidOOMGCWorkers: 1,596, LastGCWorkers: 2,000, GCWorkers: 2,000
[2024-02-14T16:51:10.907+0100][debug][gc,director    ] Rule: Allocation Rate (Dynamic GC Workers), MaxAllocRate: 2973,4MB/s (+/-1,6%), Free: 7194MB, GCCPUTime: 2,328, GCDuration: 1,166s, TimeUntilOOM: 2,382s, TimeUntilGC: 1,117s, GCWorkers: 2 -> 2
[2024-02-14T16:51:10.907+0100][debug][gc,director    ] Rule: High Usage, Free: 7194MB(46,8%)
[2024-02-14T16:51:10.907+0100][debug][gc,director    ] Rule: Proactive, UsedUntilEnabled: 438MB, TimeUntilEnabled: 299,661s
[2024-02-14T16:51:11.007+0100][debug][gc,alloc       ] Allocation Rate: 2930,0MB/s, Predicted: 2885,7MB/s, Avg: 2829,2(+/-52,3)MB/s
[2024-02-14T16:51:11.007+0100][debug][gc,director    ] Select GC Workers (Normal), AvoidLongGCWorkers: 0,232, AvoidOOMGCWorkers: 1,057, LastGCWorkers: 2,000, GCWorkers: 1,057
[2024-02-14T16:51:11.007+0100][debug][gc,director    ] Rule: Allocation Rate (Dynamic GC Workers), MaxAllocRate: 3057,7MB/s (+/-1,8%), Free: 6862MB, GCCPUTime: 2,328, GCDuration: 1,166s, TimeUntilOOM: 2,203s, TimeUntilGC: 0,938s, GCWorkers: 2 -> 2
[2024-02-14T16:51:11.007+0100][debug][gc,director    ] Rule: High Usage, Free: 6862MB(44,7%)
[2024-02-14T16:51:11.007+0100][debug][gc,director    ] Rule: Proactive, UsedUntilEnabled: 106MB, TimeUntilEnabled: 299,560s
[2024-02-14T16:51:11.108+0100][debug][gc,alloc       ] Allocation Rate: 2996,0MB/s, Predicted: 2961,7MB/s, Avg: 2842,4(+/-72,2)MB/s
[2024-02-14T16:51:11.108+0100][debug][gc,director    ] Select GC Workers (Normal), AvoidLongGCWorkers: 0,232, AvoidOOMGCWorkers: 1,169, LastGCWorkers: 2,000, GCWorkers: 1,169
[2024-02-14T16:51:11.108+0100][debug][gc,director    ] Rule: Allocation Rate (Dynamic GC Workers), MaxAllocRate: 3199,4MB/s (+/-2,5%), Free: 6536MB, GCCPUTime: 2,328, GCDuration: 1,166s, TimeUntilOOM: 1,992s, TimeUntilGC: 0,726s, GCWorkers: 2 -> 2
[2024-02-14T16:51:11.108+0100][debug][gc,director    ] Rule: High Usage, Free: 6534MB(42,5%)
[2024-02-14T16:51:11.108+0100][debug][gc,director    ] Rule: Proactive, AcceptableGCInterval: 22,971s, TimeSinceLastGC: 0,540s, TimeUntilGC: 22,431s
[2024-02-14T16:51:11.208+0100][debug][gc,alloc       ] Allocation Rate: 3022,0MB/s, Predicted: 3024,4MB/s, Avg: 2863,8(+/-88,7)MB/s
[2024-02-14T16:51:11.208+0100][debug][gc,director    ] Select GC Workers (Normal), AvoidLongGCWorkers: 0,232, AvoidOOMGCWorkers: 1,277, LastGCWorkers: 2,000, GCWorkers: 1,277
[2024-02-14T16:51:11.208+0100][debug][gc,director    ] Rule: Allocation Rate (Dynamic GC Workers), MaxAllocRate: 3316,3MB/s (+/-3,1%), Free: 6238MB, GCCPUTime: 2,328, GCDuration: 1,166s, TimeUntilOOM: 1,825s, TimeUntilGC: 0,559s, GCWorkers: 2 -> 2
[2024-02-14T16:51:11.208+0100][debug][gc,director    ] Rule: High Usage, Free: 6238MB(40,6%)
[2024-02-14T16:51:11.208+0100][debug][gc,director    ] Rule: Proactive, AcceptableGCInterval: 22,971s, TimeSinceLastGC: 0,640s, TimeUntilGC: 22,330s
[2024-02-14T16:51:11.307+0100][debug][gc,alloc       ] Allocation Rate: 3072,0MB/s, Predicted: 3085,3MB/s, Avg: 2893,0(+/-103,2)MB/s
[2024-02-14T16:51:11.307+0100][debug][gc,director    ] Select GC Workers (Normal), AvoidLongGCWorkers: 0,232, AvoidOOMGCWorkers: 1,394, LastGCWorkers: 2,000, GCWorkers: 1,394
[2024-02-14T16:51:11.307+0100][debug][gc,director    ] Rule: Allocation Rate (Dynamic GC Workers), MaxAllocRate: 3424,9MB/s (+/-3,6%), Free: 5926MB, GCCPUTime: 2,328, GCDuration: 1,166s, TimeUntilOOM: 1,671s, TimeUntilGC: 0,405s, GCWorkers: 2 -> 2
[2024-02-14T16:51:11.307+0100][debug][gc,director    ] Rule: High Usage, Free: 5926MB(38,6%)
[2024-02-14T16:51:11.307+0100][debug][gc,director    ] Rule: Proactive, AcceptableGCInterval: 22,971s, TimeSinceLastGC: 0,739s, TimeUntilGC: 22,231s
[2024-02-14T16:51:11.407+0100][debug][gc,alloc       ] Allocation Rate: 3118,0MB/s, Predicted: 3147,9MB/s, Avg: 2925,8(+/-116,5)MB/s
[2024-02-14T16:51:11.407+0100][debug][gc,director    ] Select GC Workers (Normal), AvoidLongGCWorkers: 0,232, AvoidOOMGCWorkers: 1,527, LastGCWorkers: 2,000, GCWorkers: 1,527
[2024-02-14T16:51:11.407+0100][debug][gc,director    ] Rule: Allocation Rate (Dynamic GC Workers), MaxAllocRate: 3531,2MB/s (+/-4,0%), Free: 5602MB, GCCPUTime: 2,328, GCDuration: 1,166s, TimeUntilOOM: 1,526s, TimeUntilGC: 0,260s, GCWorkers: 2 -> 2
[2024-02-14T16:51:11.408+0100][debug][gc,director    ] Rule: High Usage, Free: 5602MB(36,5%)
[2024-02-14T16:51:11.408+0100][debug][gc,director    ] Rule: Proactive, AcceptableGCInterval: 22,971s, TimeSinceLastGC: 0,840s, TimeUntilGC: 22,131s
[2024-02-14T16:51:11.508+0100][debug][gc,alloc       ] Allocation Rate: 3168,0MB/s, Predicted: 3200,0MB/s, Avg: 2966,8(+/-122,2)MB/s
[2024-02-14T16:51:11.508+0100][debug][gc,director    ] Select GC Workers (Normal), AvoidLongGCWorkers: 0,232, AvoidOOMGCWorkers: 1,655, LastGCWorkers: 2,000, GCWorkers: 1,655
[2024-02-14T16:51:11.508+0100][debug][gc,director    ] Rule: Allocation Rate (Dynamic GC Workers), MaxAllocRate: 3602,2MB/s (+/-4,1%), Free: 5280MB, GCCPUTime: 2,328, GCDuration: 1,166s, TimeUntilOOM: 1,408s, TimeUntilGC: 0,142s, GCWorkers: 2 -> 2
[2024-02-14T16:51:11.508+0100][debug][gc,director    ] Rule: High Usage, Free: 5280MB(34,4%)
[2024-02-14T16:51:11.508+0100][debug][gc,director    ] Rule: Proactive, AcceptableGCInterval: 22,971s, TimeSinceLastGC: 0,940s, TimeUntilGC: 22,031s
[2024-02-14T16:51:11.608+0100][debug][gc,alloc       ] Allocation Rate: 3196,0MB/s, Predicted: 3242,9MB/s, Avg: 3008,0(+/-123,1)MB/s
[2024-02-14T16:51:11.608+0100][debug][gc,director    ] Select GC Workers (Normal), AvoidLongGCWorkers: 0,232, AvoidOOMGCWorkers: 1,782, LastGCWorkers: 2,000, GCWorkers: 1,782
[2024-02-14T16:51:11.608+0100][debug][gc,director    ] Rule: Allocation Rate (Dynamic GC Workers), MaxAllocRate: 3648,0MB/s (+/-4,1%), Free: 4968MB, GCCPUTime: 2,328, GCDuration: 1,166s, TimeUntilOOM: 1,308s, TimeUntilGC: 0,042s, GCWorkers: 2 -> 2
[2024-02-14T16:51:11.608+0100][debug][gc,director    ] Rule: High Usage, Free: 4968MB(32,3%)
[2024-02-14T16:51:11.608+0100][debug][gc,director    ] Rule: Proactive, AcceptableGCInterval: 22,971s, TimeSinceLastGC: 1,040s, TimeUntilGC: 21,931s
[2024-02-14T16:51:11.707+0100][debug][gc,alloc       ] Allocation Rate: 3176,0MB/s, Predicted: 3264,3MB/s, Avg: 3042,0(+/-117,7)MB/s
[2024-02-14T16:51:11.707+0100][debug][gc,director    ] Select GC Workers (Normal), AvoidLongGCWorkers: 0,232, AvoidOOMGCWorkers: 1,896, LastGCWorkers: 2,000, GCWorkers: 1,896
[2024-02-14T16:51:11.707+0100][debug][gc,director    ] Rule: Allocation Rate (Dynamic GC Workers), MaxAllocRate: 3651,7MB/s (+/-3,9%), Free: 4664MB, GCCPUTime: 2,328, GCDuration: 1,166s, TimeUntilOOM: 1,230s, TimeUntilGC: -0,036s, GCWorkers: 2 -> 2
[2024-02-14T16:51:11.707+0100][debug][gc,heap        ] GC(50) Heap before GC invocations=50 (full 50):
[2024-02-14T16:51:11.707+0100][debug][gc,heap        ] GC(50)  ZHeap           used 10656M, capacity 14594M, max capacity 15360M
[2024-02-14T16:51:11.707+0100][debug][gc,heap        ] GC(50)  Metaspace       used 32052K, committed 32448K, reserved 1114112K
[2024-02-14T16:51:11.707+0100][debug][gc,heap        ] GC(50)   class space    used 3381K, committed 3584K, reserved 1048576K
[2024-02-14T16:51:11.707+0100][info ][gc,start       ] GC(50) Garbage Collection (Allocation Rate)
[2024-02-14T16:51:11.707+0100][info ][gc,task        ] GC(50) Using 2 workers
[2024-02-14T16:51:11.707+0100][debug][gc,phases,start] GC(50) Pause Mark Start
[2024-02-14T16:51:11.707+0100][debug][gc,marking     ] GC(50) Using 2 mark stripes
[2024-02-14T16:51:11.707+0100][debug][gc,marking     ] GC(50) Mark Worker/Stripe Distribution
[2024-02-14T16:51:11.707+0100][debug][gc,marking     ] GC(50)   Worker 0(2) -> Stripe 0(2)
[2024-02-14T16:51:11.707+0100][debug][gc,marking     ] GC(50)   Worker 1(2) -> Stripe 1(2)
[2024-02-14T16:51:11.707+0100][info ][gc,phases      ] GC(50) Pause Mark Start 0,083ms
[2024-02-14T16:51:11.707+0100][debug][gc,phases,start] GC(50) Concurrent Mark
[2024-02-14T16:51:11.707+0100][debug][gc,task        ] GC(50) Executing Task: XMarkRootsTask, Active Workers: 2
[2024-02-14T16:51:11.708+0100][debug][gc,tlab        ] GC(50) TLAB totals: thrds: 10  refills: 26129 max: 26103 slow allocs: 5 max 5 waste:  1,3% gc: 1569136B max: 262008B slow: 87162192B max: 87152072B
[2024-02-14T16:51:11.708+0100][debug][gc,task        ] GC(50) Executing Task: XMarkTask, Active Workers: 2
[2024-02-14T16:51:11.807+0100][debug][gc,alloc       ] Allocation Rate: 3138,0MB/s, Predicted: 3251,5MB/s, Avg: 3070,8(+/-101,3)MB/s
[2024-02-14T16:51:11.907+0100][debug][gc,alloc       ] Allocation Rate: 3128,0MB/s, Predicted: 3226,7MB/s, Avg: 3094,4(+/-82,7)MB/s
[2024-02-14T16:51:12.008+0100][debug][gc,alloc       ] Allocation Rate: 3066,0MB/s, Predicted: 3171,5MB/s, Avg: 3108,0(+/-63,5)MB/s
[2024-02-14T16:51:12.108+0100][debug][gc,alloc       ] Allocation Rate: 2994,0MB/s, Predicted: 3096,0MB/s, Avg: 3107,8(+/-63,9)MB/s
[2024-02-14T16:51:12.208+0100][debug][gc,alloc       ] Allocation Rate: 2952,0MB/s, Predicted: 3010,8MB/s, Avg: 3100,8(+/-75,7)MB/s
[2024-02-14T16:51:12.307+0100][debug][gc,alloc       ] Allocation Rate: 2892,0MB/s, Predicted: 2919,6MB/s, Avg: 3082,8(+/-98,4)MB/s
[2024-02-14T16:51:12.407+0100][debug][gc,alloc       ] Allocation Rate: 2818,0MB/s, Predicted: 2823,1MB/s, Avg: 3052,8(+/-125,2)MB/s
[2024-02-14T16:51:12.508+0100][debug][gc,alloc       ] Allocation Rate: 2736,0MB/s, Predicted: 2727,1MB/s, Avg: 3009,6(+/-150,0)MB/s
[2024-02-14T16:51:12.583+0100][info ][gc,phases      ] GC(50) Concurrent Mark 875,415ms
[2024-02-14T16:51:12.583+0100][debug][gc,phases,start] GC(50) Pause Mark End
[2024-02-14T16:51:12.583+0100][info ][gc,phases      ] GC(50) Pause Mark End 0,039ms
[2024-02-14T16:51:12.583+0100][debug][gc,phases,start] GC(50) Concurrent Mark Free
[2024-02-14T16:51:12.583+0100][info ][gc,phases      ] GC(50) Concurrent Mark Free 0,024ms
[2024-02-14T16:51:12.583+0100][debug][gc,phases,start] GC(50) Concurrent Process Non-Strong References
[2024-02-14T16:51:12.583+0100][debug][gc,phases,start] GC(50) Concurrent References Process
[2024-02-14T16:51:12.583+0100][debug][gc,task        ] GC(50) Executing Task: XReferenceProcessorTask, Active Workers: 2
[2024-02-14T16:51:12.587+0100][debug][gc,phases      ] GC(50) Concurrent References Process 3,486ms
[2024-02-14T16:51:12.587+0100][debug][gc,task        ] GC(50) Executing Task: XProcessWeakRootsTask, Active Workers: 2
[2024-02-14T16:51:12.587+0100][debug][gc,phases,start] GC(50) Concurrent Classes Unlink
[2024-02-14T16:51:12.587+0100][debug][gc,phases,start] GC(50) ClassLoaderData
[2024-02-14T16:51:12.587+0100][debug][gc,phases      ] GC(50) ClassLoaderData 0,038ms
[2024-02-14T16:51:12.587+0100][debug][gc,phases,start] GC(50) Trigger cleanups
[2024-02-14T16:51:12.587+0100][debug][gc,phases      ] GC(50) Trigger cleanups 0,008ms
[2024-02-14T16:51:12.587+0100][debug][gc,task        ] GC(50) Executing Task: XNMethodUnlinkTask, Active Workers: 2
[2024-02-14T16:51:12.589+0100][debug][gc,phases      ] GC(50) Concurrent Classes Unlink 2,152ms
[2024-02-14T16:51:12.589+0100][debug][gc,phases,start] GC(50) Concurrent Classes Purge
[2024-02-14T16:51:12.589+0100][debug][gc,nmethod     ] GC(50) Unregister NMethod: java.util.concurrent.ConcurrentHashMap.sumCount (0x00007f9f0ba8c690)
[2024-02-14T16:51:12.589+0100][debug][gc,phases      ] GC(50) Concurrent Classes Purge 0,028ms
[2024-02-14T16:51:12.589+0100][debug][gc,phases,start] GC(50) Concurrent References Enqueue
[2024-02-14T16:51:12.589+0100][debug][gc,phases      ] GC(50) Concurrent References Enqueue 0,010ms
[2024-02-14T16:51:12.589+0100][info ][gc,phases      ] GC(50) Concurrent Process Non-Strong References 6,098ms
[2024-02-14T16:51:12.589+0100][debug][gc,phases,start] GC(50) Concurrent Reset Relocation Set
[2024-02-14T16:51:12.589+0100][info ][gc,phases      ] GC(50) Concurrent Reset Relocation Set 0,226ms
[2024-02-14T16:51:12.589+0100][debug][gc,phases,start] GC(50) Concurrent Select Relocation Set
[2024-02-14T16:51:12.593+0100][debug][gc,task        ] GC(50) Executing Task: XRelocationSetInstallTask, Active Workers: 2
[2024-02-14T16:51:12.602+0100][info ][gc,phases      ] GC(50) Concurrent Select Relocation Set 12,422ms
[2024-02-14T16:51:12.602+0100][debug][gc,phases,start] GC(50) Pause Relocate Start
[2024-02-14T16:51:12.602+0100][info ][gc,phases      ] GC(50) Pause Relocate Start 0,032ms
[2024-02-14T16:51:12.602+0100][debug][gc,phases,start] GC(50) Concurrent Relocate
[2024-02-14T16:51:12.602+0100][debug][gc,task        ] GC(50) Executing Task: XRelocateTask, Active Workers: 2
[2024-02-14T16:51:12.608+0100][debug][gc,alloc       ] Allocation Rate: 2684,0MB/s, Predicted: 2646,5MB/s, Avg: 2958,4(+/-164,4)MB/s
[2024-02-14T16:51:12.708+0100][debug][gc,alloc       ] Allocation Rate: 2656,0MB/s, Predicted: 2583,6MB/s, Avg: 2906,4(+/-169,5)MB/s
[2024-02-14T16:51:12.731+0100][info ][gc,phases      ] GC(50) Concurrent Relocate 128,502ms
[2024-02-14T16:51:12.731+0100][debug][gc,heap        ] GC(50) Heap after GC invocations=51 (full 51):
[2024-02-14T16:51:12.731+0100][debug][gc,heap        ] GC(50)  ZHeap           used 6874M, capacity 14594M, max capacity 15360M
[2024-02-14T16:51:12.731+0100][debug][gc,heap        ] GC(50)  Metaspace       used 32052K, committed 32448K, reserved 1114112K
[2024-02-14T16:51:12.731+0100][debug][gc,heap        ] GC(50)   class space    used 3381K, committed 3584K, reserved 1048576K
[2024-02-14T16:51:12.731+0100][info ][gc,load        ] GC(50) Load: 2,94/1,97/1,78
[2024-02-14T16:51:12.731+0100][info ][gc,mmu         ] GC(50) MMU: 2ms/92,8%, 5ms/97,1%, 10ms/98,6%, 20ms/99,1%, 50ms/99,6%, 100ms/99,8%
[2024-02-14T16:51:12.731+0100][info ][gc,marking     ] GC(50) Mark: 2 stripe(s), 3 proactive flush(es), 1 terminate flush(es), 0 completion(s), 0 continuation(s) 
[2024-02-14T16:51:12.731+0100][info ][gc,marking     ] GC(50) Mark Stack Usage: 32M
[2024-02-14T16:51:12.731+0100][info ][gc,nmethod     ] GC(50) NMethods: 4264 registered, 55 unregistered
[2024-02-14T16:51:12.731+0100][info ][gc,metaspace   ] GC(50) Metaspace: 31M used, 31M committed, 1088M reserved
[2024-02-14T16:51:12.731+0100][info ][gc,ref         ] GC(50) Soft: 3896 encountered, 0 discovered, 0 enqueued
[2024-02-14T16:51:12.731+0100][info ][gc,ref         ] GC(50) Weak: 2057 encountered, 805 discovered, 0 enqueued
[2024-02-14T16:51:12.731+0100][info ][gc,ref         ] GC(50) Final: 11188 encountered, 11188 discovered, 11188 enqueued
[2024-02-14T16:51:12.731+0100][info ][gc,ref         ] GC(50) Phantom: 11589 encountered, 11442 discovered, 11194 enqueued
[2024-02-14T16:51:12.731+0100][info ][gc,reloc       ] GC(50) Small Pages: 5312 / 10624M, Empty: 364M, Relocated: 484M, In-Place: 0
[2024-02-14T16:51:12.731+0100][info ][gc,reloc       ] GC(50) Medium Pages: 1 / 32M, Empty: 0M, Relocated: 0M, In-Place: 0
[2024-02-14T16:51:12.731+0100][info ][gc,reloc       ] GC(50) Large Pages: 0 / 0M, Empty: 0M, Relocated: 0M, In-Place: 0
[2024-02-14T16:51:12.731+0100][info ][gc,reloc       ] GC(50) Forwarding Usage: 199M
[2024-02-14T16:51:12.731+0100][info ][gc,heap        ] GC(50) Min Capacity: 5120M(33%)
[2024-02-14T16:51:12.731+0100][info ][gc,heap        ] GC(50) Max Capacity: 15360M(100%)
[2024-02-14T16:51:12.731+0100][info ][gc,heap        ] GC(50) Soft Max Capacity: 15360M(100%)
[2024-02-14T16:51:12.731+0100][info ][gc,heap        ] GC(50)                Mark Start          Mark End        Relocate Start      Relocate End           High               Low         
[2024-02-14T16:51:12.731+0100][info ][gc,heap        ] GC(50)  Capacity:    14594M (95%)       14594M (95%)       14594M (95%)       14594M (95%)       14594M (95%)       14594M (95%)    
[2024-02-14T16:51:12.731+0100][info ][gc,heap        ] GC(50)      Free:     4704M (31%)        2400M (16%)        2706M (18%)        8486M (55%)        8494M (55%)        2378M (15%)    
[2024-02-14T16:51:12.731+0100][info ][gc,heap        ] GC(50)      Used:    10656M (69%)       12960M (84%)       12654M (82%)        6874M (45%)       12982M (85%)        6866M (45%)    
[2024-02-14T16:51:12.731+0100][info ][gc,heap        ] GC(50)      Live:         -              3698M (24%)        3698M (24%)        3698M (24%)            -                  -          
[2024-02-14T16:51:12.731+0100][info ][gc,heap        ] GC(50) Allocated:         -              2304M (15%)        2362M (15%)        2721M (18%)            -                  -          
[2024-02-14T16:51:12.731+0100][info ][gc,heap        ] GC(50)   Garbage:         -              6957M (45%)        6593M (43%)         453M (3%)             -                  -          
[2024-02-14T16:51:12.731+0100][info ][gc,heap        ] GC(50) Reclaimed:         -                  -               364M (2%)         6503M (42%)            -                  -          
[2024-02-14T16:51:12.731+0100][info ][gc             ] GC(50) Garbage Collection (Allocation Rate) 10656M(69%)->6874M(45%)
[2024-02-14T16:51:12.807+0100][debug][gc,alloc       ] Allocation Rate: 2686,0MB/s, Predicted: 2557,2MB/s, Avg: 2861,2(+/-161,8)MB/s
[2024-02-14T16:51:12.807+0100][debug][gc,director    ] Select GC Workers (Try Lowering), AvoidLongGCWorkers: 0,220, AvoidOOMGCWorkers: 0,965, NextAvoidOOMGCWorkers: 1,902, LastGCWorkers: 2,000, GCWorkers: 2,000
[2024-02-14T16:51:12.807+0100][debug][gc,director    ] Rule: Allocation Rate (Dynamic GC Workers), MaxAllocRate: 3393,5MB/s (+/-5,7%), Free: 8196MB, GCCPUTime: 2,206, GCDuration: 1,106s, TimeUntilOOM: 2,286s, TimeUntilGC: 1,080s, GCWorkers: 2 -> 2
[2024-02-14T16:51:12.807+0100][debug][gc,director    ] Rule: High Usage, Free: 8196MB(53,4%)
[2024-02-14T16:51:12.807+0100][debug][gc,director    ] Rule: Proactive, UsedUntilEnabled: 1288MB, TimeUntilEnabled: 299,924s
[2024-02-14T16:51:12.907+0100][debug][gc,alloc       ] Allocation Rate: 2666,0MB/s, Predicted: 2550,3MB/s, Avg: 2815,0(+/-144,0)MB/s
[2024-02-14T16:51:12.907+0100][debug][gc,director    ] Select GC Workers (Try Lowering), AvoidLongGCWorkers: 0,220, AvoidOOMGCWorkers: 0,965, NextAvoidOOMGCWorkers: 1,749, LastGCWorkers: 2,000, GCWorkers: 2,000
[2024-02-14T16:51:12.907+0100][debug][gc,director    ] Rule: Allocation Rate (Dynamic GC Workers), MaxAllocRate: 3288,7MB/s (+/-5,1%), Free: 7904MB, GCCPUTime: 2,206, GCDuration: 1,106s, TimeUntilOOM: 2,286s, TimeUntilGC: 1,080s, GCWorkers: 2 -> 2
[2024-02-14T16:51:12.907+0100][debug][gc,director    ] Rule: High Usage, Free: 7904MB(51,5%)
[2024-02-14T16:51:12.907+0100][debug][gc,director    ] Rule: Proactive, UsedUntilEnabled: 996MB, TimeUntilEnabled: 299,823s
[2024-02-14T16:51:13.007+0100][debug][gc,alloc       ] Allocation Rate: 2692,0MB/s, Predicted: 2568,0MB/s, Avg: 2777,6(+/-120,6)MB/s
[2024-02-14T16:51:13.007+0100][debug][gc,director    ] Select GC Workers (Try Lowering), AvoidLongGCWorkers: 0,220, AvoidOOMGCWorkers: 0,960, NextAvoidOOMGCWorkers: 1,608, LastGCWorkers: 2,000, GCWorkers: 2,000
[2024-02-14T16:51:13.007+0100][debug][gc,director    ] Rule: Allocation Rate (Dynamic GC Workers), MaxAllocRate: 3174,4MB/s (+/-4,3%), Free: 7608MB, GCCPUTime: 2,206, GCDuration: 1,106s, TimeUntilOOM: 2,297s, TimeUntilGC: 1,091s, GCWorkers: 2 -> 2
[2024-02-14T16:51:13.007+0100][debug][gc,director    ] Rule: High Usage, Free: 7608MB(49,5%)
[2024-02-14T16:51:13.007+0100][debug][gc,director    ] Rule: Proactive, UsedUntilEnabled: 700MB, TimeUntilEnabled: 299,723s
[2024-02-14T16:51:13.107+0100][debug][gc,alloc       ] Allocation Rate: 2758,0MB/s, Predicted: 2617,9MB/s, Avg: 2754,0(+/-96,6)MB/s
[2024-02-14T16:51:13.108+0100][debug][gc,director    ] Select GC Workers (Try Lowering), AvoidLongGCWorkers: 0,220, AvoidOOMGCWorkers: 0,962, NextAvoidOOMGCWorkers: 1,503, LastGCWorkers: 2,000, GCWorkers: 2,000
[2024-02-14T16:51:13.108+0100][debug][gc,director    ] Rule: Allocation Rate (Dynamic GC Workers), MaxAllocRate: 3072,0MB/s (+/-3,5%), Free: 7288MB, GCCPUTime: 2,206, GCDuration: 1,106s, TimeUntilOOM: 2,292s, TimeUntilGC: 1,086s, GCWorkers: 2 -> 2
[2024-02-14T16:51:13.108+0100][debug][gc,director    ] Rule: High Usage, Free: 7288MB(47,4%)
[2024-02-14T16:51:13.108+0100][debug][gc,director    ] Rule: Proactive, UsedUntilEnabled: 380MB, TimeUntilEnabled: 299,623s
[2024-02-14T16:51:13.208+0100][debug][gc,alloc       ] Allocation Rate: 2828,0MB/s, Predicted: 2700,3MB/s, Avg: 2741,6(+/-76,2)MB/s
[2024-02-14T16:51:13.208+0100][debug][gc,director    ] Select GC Workers (Try Lowering), AvoidLongGCWorkers: 0,220, AvoidOOMGCWorkers: 0,974, NextAvoidOOMGCWorkers: 1,432, LastGCWorkers: 2,000, GCWorkers: 1,932
[2024-02-14T16:51:13.208+0100][debug][gc,director    ] Rule: Allocation Rate (Dynamic GC Workers), MaxAllocRate: 2992,5MB/s (+/-2,8%), Free: 6964MB, GCCPUTime: 2,206, GCDuration: 1,106s, TimeUntilOOM: 2,264s, TimeUntilGC: 1,058s, GCWorkers: 2 -> 2
[2024-02-14T16:51:13.208+0100][debug][gc,director    ] Rule: High Usage, Free: 6964MB(45,3%)
[2024-02-14T16:51:13.208+0100][debug][gc,director    ] Rule: Proactive, UsedUntilEnabled: 56MB, TimeUntilEnabled: 299,523s
[2024-02-14T16:51:13.308+0100][debug][gc,alloc       ] Allocation Rate: 2898,0MB/s, Predicted: 2802,9MB/s, Avg: 2742,2(+/-77,4)MB/s
[2024-02-14T16:51:13.308+0100][debug][gc,director    ] Select GC Workers (Normal), AvoidLongGCWorkers: 0,220, AvoidOOMGCWorkers: 1,044, LastGCWorkers: 2,000, GCWorkers: 1,044
[2024-02-14T16:51:13.308+0100][debug][gc,director    ] Rule: Allocation Rate (Dynamic GC Workers), MaxAllocRate: 3057,8MB/s (+/-2,8%), Free: 6640MB, GCCPUTime: 2,206, GCDuration: 1,106s, TimeUntilOOM: 2,112s, TimeUntilGC: 0,906s, GCWorkers: 2 -> 2
[2024-02-14T16:51:13.308+0100][debug][gc,director    ] Rule: High Usage, Free: 6640MB(43,2%)
[2024-02-14T16:51:13.308+0100][debug][gc,director    ] Rule: Proactive, AcceptableGCInterval: 21,867s, TimeSinceLastGC: 0,577s, TimeUntilGC: 21,290s
[2024-02-14T16:51:13.407+0100][debug][gc,alloc       ] Allocation Rate: 2970,0MB/s, Predicted: 2914,3MB/s, Avg: 2757,4(+/-101,9)MB/s
[2024-02-14T16:51:13.407+0100][debug][gc,director    ] Select GC Workers (Normal), AvoidLongGCWorkers: 0,220, AvoidOOMGCWorkers: 1,177, LastGCWorkers: 2,000, GCWorkers: 1,177
[2024-02-14T16:51:13.407+0100][debug][gc,director    ] Rule: Allocation Rate (Dynamic GC Workers), MaxAllocRate: 3249,5MB/s (+/-3,7%), Free: 6320MB, GCCPUTime: 2,206, GCDuration: 1,106s, TimeUntilOOM: 1,876s, TimeUntilGC: 0,670s, GCWorkers: 2 -> 2
[2024-02-14T16:51:13.407+0100][debug][gc,director    ] Rule: High Usage, Free: 6320MB(41,1%)
[2024-02-14T16:51:13.407+0100][debug][gc,director    ] Rule: Proactive, AcceptableGCInterval: 21,867s, TimeSinceLastGC: 0,677s, TimeUntilGC: 21,191s
[2024-02-14T16:51:13.507+0100][debug][gc,alloc       ] Allocation Rate: 3058,0MB/s, Predicted: 3028,8MB/s, Avg: 2789,6(+/-135,4)MB/s
[2024-02-14T16:51:13.507+0100][debug][gc,director    ] Select GC Workers (Normal), AvoidLongGCWorkers: 0,220, AvoidOOMGCWorkers: 1,342, LastGCWorkers: 2,000, GCWorkers: 1,342
[2024-02-14T16:51:13.507+0100][debug][gc,director    ] Rule: Allocation Rate (Dynamic GC Workers), MaxAllocRate: 3474,4MB/s (+/-4,9%), Free: 5992MB, GCCPUTime: 2,206, GCDuration: 1,106s, TimeUntilOOM: 1,645s, TimeUntilGC: 0,439s, GCWorkers: 2 -> 2
[2024-02-14T16:51:13.507+0100][debug][gc,director    ] Rule: High Usage, Free: 5992MB(39,0%)
[2024-02-14T16:51:13.507+0100][debug][gc,director    ] Rule: Proactive, AcceptableGCInterval: 21,867s, TimeSinceLastGC: 0,777s, TimeUntilGC: 21,091s
[2024-02-14T16:51:13.607+0100][debug][gc,alloc       ] Allocation Rate: 3122,0MB/s, Predicted: 3133,6MB/s, Avg: 2833,4(+/-162,3)MB/s
[2024-02-14T16:51:13.607+0100][debug][gc,director    ] Select GC Workers (Normal), AvoidLongGCWorkers: 0,220, AvoidOOMGCWorkers: 1,512, LastGCWorkers: 2,000, GCWorkers: 1,512
[2024-02-14T16:51:13.607+0100][debug][gc,director    ] Rule: Allocation Rate (Dynamic GC Workers), MaxAllocRate: 3667,7MB/s (+/-5,7%), Free: 5666MB, GCCPUTime: 2,206, GCDuration: 1,106s, TimeUntilOOM: 1,461s, TimeUntilGC: 0,255s, GCWorkers: 2 -> 2
[2024-02-14T16:51:13.608+0100][debug][gc,director    ] Rule: High Usage, Free: 5666MB(36,9%)
[2024-02-14T16:51:13.608+0100][debug][gc,director    ] Rule: Proactive, AcceptableGCInterval: 21,867s, TimeSinceLastGC: 0,877s, TimeUntilGC: 20,990s
[2024-02-14T16:51:13.708+0100][debug][gc,alloc       ] Allocation Rate: 3174,0MB/s, Predicted: 3222,5MB/s, Avg: 2885,2(+/-179,2)MB/s
[2024-02-14T16:51:13.708+0100][debug][gc,director    ] Select GC Workers (Normal), AvoidLongGCWorkers: 0,220, AvoidOOMGCWorkers: 1,676, LastGCWorkers: 2,000, GCWorkers: 1,676
[2024-02-14T16:51:13.708+0100][debug][gc,director    ] Rule: Allocation Rate (Dynamic GC Workers), MaxAllocRate: 3812,3MB/s (+/-6,2%), Free: 5338MB, GCCPUTime: 2,206, GCDuration: 1,106s, TimeUntilOOM: 1,318s, TimeUntilGC: 0,112s, GCWorkers: 2 -> 2
[2024-02-14T16:51:13.708+0100][debug][gc,director    ] Rule: High Usage, Free: 5338MB(34,8%)
[2024-02-14T16:51:13.708+0100][debug][gc,director    ] Rule: Proactive, AcceptableGCInterval: 21,867s, TimeSinceLastGC: 0,977s, TimeUntilGC: 20,890s
[2024-02-14T16:51:13.808+0100][debug][gc,alloc       ] Allocation Rate: 3190,0MB/s, Predicted: 3291,3MB/s, Avg: 2935,6(+/-186,8)MB/s
[2024-02-14T16:51:13.808+0100][debug][gc,director    ] Select GC Workers (Normal), AvoidLongGCWorkers: 0,220, AvoidOOMGCWorkers: 1,835, LastGCWorkers: 2,000, GCWorkers: 1,835
[2024-02-14T16:51:13.808+0100][debug][gc,director    ] Rule: Allocation Rate (Dynamic GC Workers), MaxAllocRate: 3906,1MB/s (+/-6,4%), Free: 5006MB, GCCPUTime: 2,206, GCDuration: 1,106s, TimeUntilOOM: 1,205s, TimeUntilGC: -0,001s, GCWorkers: 2 -> 2
[2024-02-14T16:51:13.808+0100][debug][gc,heap        ] GC(51) Heap before GC invocations=51 (full 51):
[2024-02-14T16:51:13.808+0100][debug][gc,heap        ] GC(51)  ZHeap           used 10312M, capacity 14594M, max capacity 15360M
[2024-02-14T16:51:13.808+0100][debug][gc,heap        ] GC(51)  Metaspace       used 32052K, committed 32448K, reserved 1114112K
[2024-02-14T16:51:13.808+0100][debug][gc,heap        ] GC(51)   class space    used 3381K, committed 3584K, reserved 1048576K
[2024-02-14T16:51:13.808+0100][info ][gc,start       ] GC(51) Garbage Collection (Allocation Rate)
[2024-02-14T16:51:13.808+0100][info ][gc,task        ] GC(51) Using 2 workers
[2024-02-14T16:51:13.808+0100][debug][gc,phases,start] GC(51) Pause Mark Start
[2024-02-14T16:51:13.808+0100][debug][gc,marking     ] GC(51) Using 2 mark stripes
[2024-02-14T16:51:13.808+0100][debug][gc,marking     ] GC(51) Mark Worker/Stripe Distribution
[2024-02-14T16:51:13.808+0100][debug][gc,marking     ] GC(51)   Worker 0(2) -> Stripe 0(2)
[2024-02-14T16:51:13.808+0100][debug][gc,marking     ] GC(51)   Worker 1(2) -> Stripe 1(2)
[2024-02-14T16:51:13.808+0100][info ][gc,phases      ] GC(51) Pause Mark Start 0,068ms
[2024-02-14T16:51:13.808+0100][debug][gc,phases,start] GC(51) Concurrent Mark
[2024-02-14T16:51:13.808+0100][debug][gc,task        ] GC(51) Executing Task: XMarkRootsTask, Active Workers: 2
[2024-02-14T16:51:13.809+0100][debug][gc,tlab        ] GC(51) TLAB totals: thrds: 9  refills: 24595 max: 24572 slow allocs: 15 max 15 waste:  1,3% gc: 1547544B max: 243024B slow: 85022304B max: 85013288B
[2024-02-14T16:51:13.809+0100][debug][gc,task        ] GC(51) Executing Task: XMarkTask, Active Workers: 2
[2024-02-14T16:51:13.907+0100][debug][gc,alloc       ] Allocation Rate: 3230,0MB/s, Predicted: 3337,2MB/s, Avg: 2992,0(+/-182,0)MB/s
[2024-02-14T16:51:14.007+0100][debug][gc,alloc       ] Allocation Rate: 3216,0MB/s, Predicted: 3346,8MB/s, Avg: 3044,4(+/-162,5)MB/s
[2024-02-14T16:51:14.108+0100][debug][gc,alloc       ] Allocation Rate: 3204,0MB/s, Predicted: 3334,3MB/s, Avg: 3089,0(+/-136,9)MB/s
[2024-02-14T16:51:14.208+0100][debug][gc,alloc       ] Allocation Rate: 3188,0MB/s, Predicted: 3304,3MB/s, Avg: 3125,0(+/-107,8)MB/s
[2024-02-14T16:51:14.307+0100][debug][gc,alloc       ] Allocation Rate: 3158,0MB/s, Predicted: 3256,9MB/s, Avg: 3151,0(+/-76,8)MB/s
[2024-02-14T16:51:14.407+0100][debug][gc,alloc       ] Allocation Rate: 3082,0MB/s, Predicted: 3181,1MB/s, Avg: 3162,2(+/-54,5)MB/s
[2024-02-14T16:51:14.507+0100][debug][gc,alloc       ] Allocation Rate: 3048,0MB/s, Predicted: 3107,6MB/s, Avg: 3161,2(+/-56,5)MB/s
[2024-02-14T16:51:14.607+0100][debug][gc,alloc       ] Allocation Rate: 3008,0MB/s, Predicted: 3035,9MB/s, Avg: 3149,8(+/-72,5)MB/s
[2024-02-14T16:51:14.662+0100][info ][gc,phases      ] GC(51) Concurrent Mark 853,778ms
[2024-02-14T16:51:14.662+0100][debug][gc,phases,start] GC(51) Pause Mark End
[2024-02-14T16:51:14.662+0100][info ][gc,phases      ] GC(51) Pause Mark End 0,042ms
[2024-02-14T16:51:14.662+0100][debug][gc,phases,start] GC(51) Concurrent Mark Free
[2024-02-14T16:51:14.662+0100][info ][gc,phases      ] GC(51) Concurrent Mark Free 0,008ms
[2024-02-14T16:51:14.662+0100][debug][gc,phases,start] GC(51) Concurrent Process Non-Strong References
[2024-02-14T16:51:14.662+0100][debug][gc,phases,start] GC(51) Concurrent References Process
[2024-02-14T16:51:14.662+0100][debug][gc,task        ] GC(51) Executing Task: XReferenceProcessorTask, Active Workers: 2
[2024-02-14T16:51:14.665+0100][debug][gc,phases      ] GC(51) Concurrent References Process 2,702ms
[2024-02-14T16:51:14.665+0100][debug][gc,task        ] GC(51) Executing Task: XProcessWeakRootsTask, Active Workers: 2
[2024-02-14T16:51:14.665+0100][debug][gc,phases,start] GC(51) Concurrent Classes Unlink
[2024-02-14T16:51:14.665+0100][debug][gc,phases,start] GC(51) ClassLoaderData
[2024-02-14T16:51:14.665+0100][debug][gc,phases      ] GC(51) ClassLoaderData 0,032ms
[2024-02-14T16:51:14.665+0100][debug][gc,phases,start] GC(51) Trigger cleanups
[2024-02-14T16:51:14.665+0100][debug][gc,phases      ] GC(51) Trigger cleanups 0,005ms
[2024-02-14T16:51:14.665+0100][debug][gc,task        ] GC(51) Executing Task: XNMethodUnlinkTask, Active Workers: 2
[2024-02-14T16:51:14.667+0100][debug][gc,phases      ] GC(51) Concurrent Classes Unlink 2,146ms
[2024-02-14T16:51:14.667+0100][debug][gc,phases,start] GC(51) Concurrent Classes Purge
[2024-02-14T16:51:14.668+0100][debug][gc,phases      ] GC(51) Concurrent Classes Purge 0,007ms
[2024-02-14T16:51:14.668+0100][debug][gc,phases,start] GC(51) Concurrent References Enqueue
[2024-02-14T16:51:14.668+0100][debug][gc,phases      ] GC(51) Concurrent References Enqueue 0,006ms
[2024-02-14T16:51:14.668+0100][info ][gc,phases      ] GC(51) Concurrent Process Non-Strong References 5,122ms
[2024-02-14T16:51:14.668+0100][debug][gc,phases,start] GC(51) Concurrent Reset Relocation Set
[2024-02-14T16:51:14.668+0100][info ][gc,phases      ] GC(51) Concurrent Reset Relocation Set 0,100ms
[2024-02-14T16:51:14.668+0100][debug][gc,phases,start] GC(51) Concurrent Select Relocation Set
[2024-02-14T16:51:14.669+0100][debug][gc,task        ] GC(51) Executing Task: XRelocationSetInstallTask, Active Workers: 2
[2024-02-14T16:51:14.678+0100][info ][gc,phases      ] GC(51) Concurrent Select Relocation Set 9,889ms
[2024-02-14T16:51:14.678+0100][debug][gc,phases,start] GC(51) Pause Relocate Start
[2024-02-14T16:51:14.678+0100][info ][gc,phases      ] GC(51) Pause Relocate Start 0,021ms
[2024-02-14T16:51:14.678+0100][debug][gc,phases,start] GC(51) Concurrent Relocate
[2024-02-14T16:51:14.678+0100][debug][gc,task        ] GC(51) Executing Task: XRelocateTask, Active Workers: 2
[2024-02-14T16:51:14.708+0100][debug][gc,alloc       ] Allocation Rate: 2970,0MB/s, Predicted: 2970,4MB/s, Avg: 3129,4(+/-89,5)MB/s
[2024-02-14T16:51:14.798+0100][info ][gc,phases      ] GC(51) Concurrent Relocate 120,300ms
[2024-02-14T16:51:14.798+0100][debug][gc,heap        ] GC(51) Heap after GC invocations=52 (full 52):
[2024-02-14T16:51:14.798+0100][debug][gc,heap        ] GC(51)  ZHeap           used 7004M, capacity 14594M, max capacity 15360M
[2024-02-14T16:51:14.798+0100][debug][gc,heap        ] GC(51)  Metaspace       used 32052K, committed 32448K, reserved 1114112K
[2024-02-14T16:51:14.798+0100][debug][gc,heap        ] GC(51)   class space    used 3381K, committed 3584K, reserved 1048576K
[2024-02-14T16:51:14.798+0100][info ][gc,load        ] GC(51) Load: 2,78/1,95/1,78
[2024-02-14T16:51:14.798+0100][info ][gc,mmu         ] GC(51) MMU: 2ms/92,8%, 5ms/97,1%, 10ms/98,6%, 20ms/99,1%, 50ms/99,6%, 100ms/99,8%
[2024-02-14T16:51:14.798+0100][info ][gc,marking     ] GC(51) Mark: 2 stripe(s), 2 proactive flush(es), 1 terminate flush(es), 0 completion(s), 0 continuation(s) 
[2024-02-14T16:51:14.798+0100][info ][gc,marking     ] GC(51) Mark Stack Usage: 32M
[2024-02-14T16:51:14.798+0100][info ][gc,nmethod     ] GC(51) NMethods: 4264 registered, 55 unregistered
[2024-02-14T16:51:14.798+0100][info ][gc,metaspace   ] GC(51) Metaspace: 31M used, 31M committed, 1088M reserved
[2024-02-14T16:51:14.798+0100][info ][gc,ref         ] GC(51) Soft: 3896 encountered, 0 discovered, 0 enqueued
[2024-02-14T16:51:14.798+0100][info ][gc,ref         ] GC(51) Weak: 2057 encountered, 219 discovered, 0 enqueued
[2024-02-14T16:51:14.798+0100][info ][gc,ref         ] GC(51) Final: 11078 encountered, 11078 discovered, 11078 enqueued
[2024-02-14T16:51:14.798+0100][info ][gc,ref         ] GC(51) Phantom: 11478 encountered, 11296 discovered, 11083 enqueued
[2024-02-14T16:51:14.798+0100][info ][gc,reloc       ] GC(51) Small Pages: 5140 / 10280M, Empty: 124M, Relocated: 421M, In-Place: 0
[2024-02-14T16:51:14.798+0100][info ][gc,reloc       ] GC(51) Medium Pages: 1 / 32M, Empty: 0M, Relocated: 0M, In-Place: 0
[2024-02-14T16:51:14.798+0100][info ][gc,reloc       ] GC(51) Large Pages: 0 / 0M, Empty: 0M, Relocated: 0M, In-Place: 0
[2024-02-14T16:51:14.798+0100][info ][gc,reloc       ] GC(51) Forwarding Usage: 176M
[2024-02-14T16:51:14.798+0100][info ][gc,heap        ] GC(51) Min Capacity: 5120M(33%)
[2024-02-14T16:51:14.798+0100][info ][gc,heap        ] GC(51) Max Capacity: 15360M(100%)
[2024-02-14T16:51:14.798+0100][info ][gc,heap        ] GC(51) Soft Max Capacity: 15360M(100%)
[2024-02-14T16:51:14.798+0100][info ][gc,heap        ] GC(51)                Mark Start          Mark End        Relocate Start      Relocate End           High               Low         
[2024-02-14T16:51:14.798+0100][info ][gc,heap        ] GC(51)  Capacity:    14594M (95%)       14594M (95%)       14594M (95%)       14594M (95%)       14594M (95%)       14594M (95%)    
[2024-02-14T16:51:14.798+0100][info ][gc,heap        ] GC(51)      Free:     5048M (33%)        2544M (17%)        2620M (17%)        8356M (54%)        8360M (54%)        2522M (16%)    
[2024-02-14T16:51:14.798+0100][info ][gc,heap        ] GC(51)      Used:    10312M (67%)       12816M (83%)       12740M (83%)        7004M (46%)       12838M (84%)        7000M (46%)    
[2024-02-14T16:51:14.798+0100][info ][gc,heap        ] GC(51)      Live:         -              3710M (24%)        3710M (24%)        3710M (24%)            -                  -          
[2024-02-14T16:51:14.798+0100][info ][gc,heap        ] GC(51) Allocated:         -              2504M (16%)        2552M (17%)        2833M (18%)            -                  -          
[2024-02-14T16:51:14.798+0100][info ][gc,heap        ] GC(51)   Garbage:         -              6601M (43%)        6477M (42%)         459M (3%)             -                  -          
[2024-02-14T16:51:14.798+0100][info ][gc,heap        ] GC(51) Reclaimed:         -                  -               124M (1%)         6141M (40%)            -                  -          
[2024-02-14T16:51:14.798+0100][info ][gc             ] GC(51) Garbage Collection (Allocation Rate) 10312M(67%)->7004M(46%)
[2024-02-14T16:51:14.808+0100][debug][gc,alloc       ] Allocation Rate: 2866,0MB/s, Predicted: 2881,2MB/s, Avg: 3097,0(+/-116,3)MB/s
[2024-02-14T16:51:14.808+0100][debug][gc,director    ] Select GC Workers (Try Lowering), AvoidLongGCWorkers: 0,214, AvoidOOMGCWorkers: 0,935, NextAvoidOOMGCWorkers: 1,894, LastGCWorkers: 2,000, GCWorkers: 2,000
[2024-02-14T16:51:14.808+0100][debug][gc,director    ] Rule: Allocation Rate (Dynamic GC Workers), MaxAllocRate: 3479,8MB/s (+/-3,8%), Free: 8282MB, GCCPUTime: 2,144, GCDuration: 1,075s, TimeUntilOOM: 2,294s, TimeUntilGC: 1,119s, GCWorkers: 2 -> 2
[2024-02-14T16:51:14.808+0100][debug][gc,director    ] Rule: High Usage, Free: 8282MB(53,9%)
[2024-02-14T16:51:14.808+0100][debug][gc,director    ] Rule: Proactive, UsedUntilEnabled: 1504MB, TimeUntilEnabled: 299,990s
[2024-02-14T16:51:14.907+0100][debug][gc,alloc       ] Allocation Rate: 2848,0MB/s, Predicted: 2817,1MB/s, Avg: 3058,8(+/-128,5)MB/s
[2024-02-14T16:51:14.907+0100][debug][gc,director    ] Select GC Workers (Try Lowering), AvoidLongGCWorkers: 0,214, AvoidOOMGCWorkers: 0,976, NextAvoidOOMGCWorkers: 1,892, LastGCWorkers: 2,000, GCWorkers: 2,000
[2024-02-14T16:51:14.907+0100][debug][gc,director    ] Rule: Allocation Rate (Dynamic GC Workers), MaxAllocRate: 3481,5MB/s (+/-4,2%), Free: 7968MB, GCCPUTime: 2,144, GCDuration: 1,075s, TimeUntilOOM: 2,196s, TimeUntilGC: 1,021s, GCWorkers: 2 -> 2
[2024-02-14T16:51:14.907+0100][debug][gc,director    ] Rule: High Usage, Free: 7968MB(51,9%)
[2024-02-14T16:51:14.907+0100][debug][gc,director    ] Rule: Proactive, UsedUntilEnabled: 1190MB, TimeUntilEnabled: 299,891s
[2024-02-14T16:51:15.007+0100][debug][gc,alloc       ] Allocation Rate: 2890,0MB/s, Predicted: 2791,5MB/s, Avg: 3026,2(+/-125,8)MB/s
[2024-02-14T16:51:15.007+0100][debug][gc,director    ] Select GC Workers (Normal), AvoidLongGCWorkers: 0,214, AvoidOOMGCWorkers: 1,005, LastGCWorkers: 2,000, GCWorkers: 1,005
[2024-02-14T16:51:15.007+0100][debug][gc,director    ] Rule: Allocation Rate (Dynamic GC Workers), MaxAllocRate: 3440,1MB/s (+/-4,2%), Free: 7644MB, GCCPUTime: 2,144, GCDuration: 1,075s, TimeUntilOOM: 2,133s, TimeUntilGC: 0,958s, GCWorkers: 2 -> 2
[2024-02-14T16:51:15.007+0100][debug][gc,director    ] Rule: High Usage, Free: 7644MB(49,8%)
[2024-02-14T16:51:15.007+0100][debug][gc,director    ] Rule: Proactive, UsedUntilEnabled: 866MB, TimeUntilEnabled: 299,791s
[2024-02-14T16:51:15.107+0100][debug][gc,alloc       ] Allocation Rate: 2900,0MB/s, Predicted: 2788,4MB/s, Avg: 2995,8(+/-115,4)MB/s
[2024-02-14T16:51:15.107+0100][debug][gc,director    ] Select GC Workers (Normal), AvoidLongGCWorkers: 0,214, AvoidOOMGCWorkers: 1,026, LastGCWorkers: 2,000, GCWorkers: 1,026
[2024-02-14T16:51:15.107+0100][debug][gc,director    ] Rule: Allocation Rate (Dynamic GC Workers), MaxAllocRate: 3375,7MB/s (+/-3,9%), Free: 7326MB, GCCPUTime: 2,144, GCDuration: 1,075s, TimeUntilOOM: 2,090s, TimeUntilGC: 0,915s, GCWorkers: 2 -> 2
[2024-02-14T16:51:15.107+0100][debug][gc,director    ] Rule: High Usage, Free: 7326MB(47,7%)
[2024-02-14T16:51:15.107+0100][debug][gc,director    ] Rule: Proactive, UsedUntilEnabled: 548MB, TimeUntilEnabled: 299,691s
[2024-02-14T16:51:15.208+0100][debug][gc,alloc       ] Allocation Rate: 2886,0MB/s, Predicted: 2795,7MB/s, Avg: 2965,6(+/-99,6)MB/s
[2024-02-14T16:51:15.208+0100][debug][gc,director    ] Select GC Workers (Normal), AvoidLongGCWorkers: 0,214, AvoidOOMGCWorkers: 1,038, LastGCWorkers: 2,000, GCWorkers: 1,038
[2024-02-14T16:51:15.208+0100][debug][gc,director    ] Rule: Allocation Rate (Dynamic GC Workers), MaxAllocRate: 3293,5MB/s (+/-3,4%), Free: 7032MB, GCCPUTime: 2,144, GCDuration: 1,075s, TimeUntilOOM: 2,066s, TimeUntilGC: 0,891s, GCWorkers: 2 -> 2
[2024-02-14T16:51:15.208+0100][debug][gc,director    ] Rule: High Usage, Free: 7032MB(45,8%)
[2024-02-14T16:51:15.208+0100][debug][gc,director    ] Rule: Proactive, UsedUntilEnabled: 254MB, TimeUntilEnabled: 299,590s
[2024-02-14T16:51:15.307+0100][info ][gc,stats       ] === Garbage Collection Statistics =======================================================================================================================
[2024-02-14T16:51:15.307+0100][info ][gc,stats       ]                                                              Last 10s              Last 10m              Last 10h                Total
[2024-02-14T16:51:15.307+0100][info ][gc,stats       ]                                                              Avg / Max             Avg / Max             Avg / Max             Avg / Max
[2024-02-14T16:51:15.308+0100][info ][gc,stats       ]   Collector: Garbage Collection Cycle                   1027,622 / 1060,423    687,896 / 1265,002    687,896 / 1265,002    687,896 / 1265,002    ms
[2024-02-14T16:51:15.308+0100][info ][gc,stats       ]  Contention: Mark Segment Reset Contention                     0 / 5                 1 / 70                1 / 70                1 / 70          ops/s
[2024-02-14T16:51:15.308+0100][info ][gc,stats       ]  Contention: Mark SeqNum Reset Contention                      0 / 1                 0 / 1                 0 / 1                 0 / 1           ops/s
[2024-02-14T16:51:15.308+0100][info ][gc,stats       ]    Critical: Allocation Stall                                  0 / 0                 0 / 0                 0 / 0                 0 / 0           ops/s
[2024-02-14T16:51:15.308+0100][info ][gc,stats       ]    Critical: Allocation Stall                              0,000 / 0,000         0,000 / 0,000         0,000 / 0,000         0,000 / 0,000       ms
[2024-02-14T16:51:15.308+0100][info ][gc,stats       ]    Critical: GC Locker Stall                                   0 / 0                 0 / 1                 0 / 1                 0 / 1           ops/s
[2024-02-14T16:51:15.308+0100][info ][gc,stats       ]    Critical: GC Locker Stall                               0,000 / 0,000         0,083 / 0,094         0,083 / 0,094         0,083 / 0,094       ms
[2024-02-14T16:51:15.308+0100][info ][gc,stats       ]    Critical: Relocation Stall                                  0 / 0                 0 / 0                 0 / 0                 0 / 0           ops/s
[2024-02-14T16:51:15.308+0100][info ][gc,stats       ]    Critical: Relocation Stall                              0,000 / 0,000         0,000 / 0,000         0,000 / 0,000         0,000 / 0,000       ms
[2024-02-14T16:51:15.308+0100][info ][gc,stats       ]      Memory: Allocation Rate                                2928 / 3162           2977 / 4428           2977 / 4428           2977 / 4428        MB/s
[2024-02-14T16:51:15.308+0100][info ][gc,stats       ]      Memory: Defragment                                        0 / 0                 0 / 32                0 / 32                0 / 32          ops/s
[2024-02-14T16:51:15.308+0100][info ][gc,stats       ]      Memory: Out Of Memory                                     0 / 0                 0 / 0                 0 / 0                 0 / 0           ops/s
[2024-02-14T16:51:15.308+0100][info ][gc,stats       ]      Memory: Page Cache Flush                                  0 / 0                 0 / 64                0 / 64                0 / 64          MB/s
[2024-02-14T16:51:15.308+0100][info ][gc,stats       ]      Memory: Page Cache Hit L1                              1578 / 1900           1504 / 2414           1504 / 2414           1504 / 2414        ops/s
[2024-02-14T16:51:15.308+0100][info ][gc,stats       ]      Memory: Page Cache Hit L2                                 0 / 0                 0 / 0                 0 / 0                 0 / 0           ops/s
[2024-02-14T16:51:15.308+0100][info ][gc,stats       ]      Memory: Page Cache Hit L3                                 0 / 0                18 / 915              18 / 915              18 / 915         ops/s
[2024-02-14T16:51:15.308+0100][info ][gc,stats       ]      Memory: Page Cache Miss                                   0 / 0                34 / 600              34 / 600              34 / 600         ops/s
[2024-02-14T16:51:15.308+0100][info ][gc,stats       ]      Memory: Uncommit                                          0 / 0                 0 / 0                 0 / 0                 0 / 0           MB/s
[2024-02-14T16:51:15.308+0100][info ][gc,stats       ]      Memory: Undo Object Allocation Failed                     0 / 0                 0 / 0                 0 / 0                 0 / 0           ops/s
[2024-02-14T16:51:15.308+0100][info ][gc,stats       ]      Memory: Undo Object Allocation Succeeded                  0 / 0                 0 / 14                0 / 14                0 / 14          ops/s
[2024-02-14T16:51:15.308+0100][info ][gc,stats       ]      Memory: Undo Page Allocation                              0 / 0                 0 / 31                0 / 31                0 / 31          ops/s
[2024-02-14T16:51:15.308+0100][info ][gc,stats       ]       Phase: Concurrent Mark                             855,896 / 875,415     567,674 / 979,889     567,674 / 979,889     567,674 / 979,889     ms
[2024-02-14T16:51:15.308+0100][info ][gc,stats       ]       Phase: Concurrent Mark Continue                      0,000 / 0,000         0,000 / 0,000         0,000 / 0,000         0,000 / 0,000       ms
[2024-02-14T16:51:15.308+0100][info ][gc,stats       ]       Phase: Concurrent Mark Free                          0,015 / 0,024         0,089 / 1,509         0,089 / 1,509         0,089 / 1,509       ms
[2024-02-14T16:51:15.308+0100][info ][gc,stats       ]       Phase: Concurrent Process Non-Strong References      6,195 / 6,919         8,155 / 16,291        8,155 / 16,291        8,155 / 16,291      ms
[2024-02-14T16:51:15.308+0100][info ][gc,stats       ]       Phase: Concurrent Relocate                         150,061 / 187,679      99,216 / 441,476      99,216 / 441,476      99,216 / 441,476     ms
[2024-02-14T16:51:15.308+0100][info ][gc,stats       ]       Phase: Concurrent Reset Relocation Set               0,134 / 0,226         0,098 / 0,235         0,098 / 0,235         0,098 / 0,235       ms
[2024-02-14T16:51:15.308+0100][info ][gc,stats       ]       Phase: Concurrent Select Relocation Set             14,506 / 17,952       11,703 / 96,956       11,703 / 96,956       11,703 / 96,956      ms
[2024-02-14T16:51:15.308+0100][info ][gc,stats       ]       Phase: Pause Mark End                                0,039 / 0,042         0,038 / 0,067         0,038 / 0,067         0,038 / 0,067       ms
[2024-02-14T16:51:15.308+0100][info ][gc,stats       ]       Phase: Pause Mark Start                              0,070 / 0,083         0,069 / 0,144         0,069 / 0,144         0,069 / 0,144       ms
[2024-02-14T16:51:15.308+0100][info ][gc,stats       ]       Phase: Pause Relocate Start                          0,031 / 0,036         0,034 / 0,062         0,034 / 0,062         0,034 / 0,062       ms
[2024-02-14T16:51:15.308+0100][info ][gc,stats       ]    Subphase: Concurrent Classes Purge                      0,203 / 0,661         0,423 / 5,566         0,423 / 5,566         0,423 / 5,566       ms
[2024-02-14T16:51:15.308+0100][info ][gc,stats       ]    Subphase: Concurrent Classes Unlink                     2,201 / 2,283         2,699 / 6,276         2,699 / 6,276         2,699 / 6,276       ms
[2024-02-14T16:51:15.308+0100][info ][gc,stats       ]    Subphase: Concurrent Mark                             854,707 / 874,449     531,145 / 979,011     531,145 / 979,011     531,145 / 979,011     ms
[2024-02-14T16:51:15.308+0100][info ][gc,stats       ]    Subphase: Concurrent Mark Try Flush                     0,104 / 0,178         0,197 / 16,348        0,197 / 16,348        0,197 / 16,348      ms
[2024-02-14T16:51:15.308+0100][info ][gc,stats       ]    Subphase: Concurrent Mark Try Terminate                 0,714 / 1,192         0,818 / 1,342         0,818 / 1,342         0,818 / 1,342       ms
[2024-02-14T16:51:15.308+0100][info ][gc,stats       ]    Subphase: Concurrent References Enqueue                 0,007 / 0,010         0,009 / 0,015         0,009 / 0,015         0,009 / 0,015       ms
[2024-02-14T16:51:15.308+0100][info ][gc,stats       ]    Subphase: Concurrent References Process                 3,258 / 3,486         4,412 / 10,523        4,412 / 10,523        4,412 / 10,523      ms
[2024-02-14T16:51:15.308+0100][info ][gc,stats       ]    Subphase: Concurrent Roots ClassLoaderDataGraph         0,071 / 0,116         0,080 / 0,310         0,080 / 0,310         0,080 / 0,310       ms
[2024-02-14T16:51:15.308+0100][info ][gc,stats       ]    Subphase: Concurrent Roots CodeCache                    0,000 / 0,000         0,000 / 0,000         0,000 / 0,000         0,000 / 0,000       ms
[2024-02-14T16:51:15.308+0100][info ][gc,stats       ]    Subphase: Concurrent Roots JavaThreads                  0,486 / 0,604         0,603 / 1,932         0,603 / 1,932         0,603 / 1,932       ms
[2024-02-14T16:51:15.308+0100][info ][gc,stats       ]    Subphase: Concurrent Roots OopStorageSet                0,040 / 0,054         0,088 / 0,964         0,088 / 0,964         0,088 / 0,964       ms
[2024-02-14T16:51:15.308+0100][info ][gc,stats       ]    Subphase: Concurrent Weak Roots OopStorageSet           0,169 / 0,223         0,214 / 0,778         0,214 / 0,778         0,214 / 0,778       ms
[2024-02-14T16:51:15.308+0100][info ][gc,stats       ]    Subphase: Pause Mark Try Complete                       0,000 / 0,000         0,000 / 0,000         0,000 / 0,000         0,000 / 0,000       ms
[2024-02-14T16:51:15.308+0100][debug][gc,alloc       ] Allocation Rate: 2916,0MB/s, Predicted: 2827,2MB/s, Avg: 2941,4(+/-76,7)MB/s
[2024-02-14T16:51:15.308+0100][info ][gc,stats       ]      System: Java Threads                                     43 / 43               41 / 46               41 / 46               41 / 46          threads
[2024-02-14T16:51:15.308+0100][info ][gc,stats       ] =========================================================================================================================================================
[2024-02-14T16:51:15.308+0100][debug][gc,director    ] Select GC Workers (Normal), AvoidLongGCWorkers: 0,214, AvoidOOMGCWorkers: 1,048, LastGCWorkers: 2,000, GCWorkers: 1,048
[2024-02-14T16:51:15.308+0100][debug][gc,director    ] Rule: Allocation Rate (Dynamic GC Workers), MaxAllocRate: 3193,9MB/s (+/-2,6%), Free: 6708MB, GCCPUTime: 2,144, GCDuration: 1,075s, TimeUntilOOM: 2,047s, TimeUntilGC: 0,872s, GCWorkers: 2 -> 2
[2024-02-14T16:51:15.308+0100][debug][gc,director    ] Rule: High Usage, Free: 6708MB(43,7%)
[2024-02-14T16:51:15.308+0100][debug][gc,director    ] Rule: Proactive, AcceptableGCInterval: 21,243s, TimeSinceLastGC: 0,510s, TimeUntilGC: 20,733s
[2024-02-14T16:51:15.407+0100][debug][gc,alloc       ] Allocation Rate: 2990,0MB/s, Predicted: 2884,1MB/s, Avg: 2932,2(+/-63,7)MB/s
[2024-02-14T16:51:15.407+0100][debug][gc,director    ] Select GC Workers (Normal), AvoidLongGCWorkers: 0,214, AvoidOOMGCWorkers: 1,077, LastGCWorkers: 2,000, GCWorkers: 1,077
[2024-02-14T16:51:15.407+0100][debug][gc,director    ] Rule: Allocation Rate (Dynamic GC Workers), MaxAllocRate: 3141,9MB/s (+/-2,2%), Free: 6390MB, GCCPUTime: 2,144, GCDuration: 1,075s, TimeUntilOOM: 1,991s, TimeUntilGC: 0,816s, GCWorkers: 2 -> 2
[2024-02-14T16:51:15.407+0100][debug][gc,director    ] Rule: High Usage, Free: 6390MB(41,6%)
[2024-02-14T16:51:15.407+0100][debug][gc,director    ] Rule: Proactive, AcceptableGCInterval: 21,243s, TimeSinceLastGC: 0,609s, TimeUntilGC: 20,633s
[2024-02-14T16:51:15.507+0100][debug][gc,alloc       ] Allocation Rate: 2994,0MB/s, Predicted: 2939,7MB/s, Avg: 2926,8(+/-55,4)MB/s
[2024-02-14T16:51:15.507+0100][debug][gc,director    ] Select GC Workers (Normal), AvoidLongGCWorkers: 0,214, AvoidOOMGCWorkers: 1,120, LastGCWorkers: 2,000, GCWorkers: 1,120
[2024-02-14T16:51:15.507+0100][debug][gc,director    ] Rule: Allocation Rate (Dynamic GC Workers), MaxAllocRate: 3122,1MB/s (+/-1,9%), Free: 6092MB, GCCPUTime: 2,144, GCDuration: 1,075s, TimeUntilOOM: 1,915s, TimeUntilGC: 0,740s, GCWorkers: 2 -> 2
[2024-02-14T16:51:15.507+0100][debug][gc,director    ] Rule: High Usage, Free: 6092MB(39,7%)
[2024-02-14T16:51:15.507+0100][debug][gc,director    ] Rule: Proactive, AcceptableGCInterval: 21,243s, TimeSinceLastGC: 0,709s, TimeUntilGC: 20,533s
[2024-02-14T16:51:15.607+0100][debug][gc,alloc       ] Allocation Rate: 3032,0MB/s, Predicted: 3003,5MB/s, Avg: 2929,2(+/-59,3)MB/s
[2024-02-14T16:51:15.608+0100][debug][gc,director    ] Select GC Workers (Normal), AvoidLongGCWorkers: 0,214, AvoidOOMGCWorkers: 1,214, LastGCWorkers: 2,000, GCWorkers: 1,214
[2024-02-14T16:51:15.608+0100][debug][gc,director    ] Rule: Allocation Rate (Dynamic GC Workers), MaxAllocRate: 3198,5MB/s (+/-2,0%), Free: 5768MB, GCCPUTime: 2,144, GCDuration: 1,075s, TimeUntilOOM: 1,768s, TimeUntilGC: 0,593s, GCWorkers: 2 -> 2
[2024-02-14T16:51:15.608+0100][debug][gc,director    ] Rule: High Usage, Free: 5768MB(37,6%)
[2024-02-14T16:51:15.608+0100][debug][gc,director    ] Rule: Proactive, AcceptableGCInterval: 21,243s, TimeSinceLastGC: 0,810s, TimeUntilGC: 20,433s
[2024-02-14T16:51:15.708+0100][debug][gc,alloc       ] Allocation Rate: 3066,0MB/s, Predicted: 3069,1MB/s, Avg: 2938,8(+/-71,6)MB/s
[2024-02-14T16:51:15.708+0100][debug][gc,director    ] Select GC Workers (Normal), AvoidLongGCWorkers: 0,214, AvoidOOMGCWorkers: 1,334, LastGCWorkers: 2,000, GCWorkers: 1,334
[2024-02-14T16:51:15.708+0100][debug][gc,director    ] Rule: Allocation Rate (Dynamic GC Workers), MaxAllocRate: 3304,7MB/s (+/-2,4%), Free: 5444MB, GCCPUTime: 2,144, GCDuration: 1,075s, TimeUntilOOM: 1,608s, TimeUntilGC: 0,433s, GCWorkers: 2 -> 2
[2024-02-14T16:51:15.708+0100][debug][gc,director    ] Rule: High Usage, Free: 5444MB(35,4%)
[2024-02-14T16:51:15.708+0100][debug][gc,director    ] Rule: Proactive, AcceptableGCInterval: 21,243s, TimeSinceLastGC: 0,910s, TimeUntilGC: 20,333s
[2024-02-14T16:51:15.808+0100][debug][gc,alloc       ] Allocation Rate: 3162,0MB/s, Predicted: 3138,9MB/s, Avg: 2968,4(+/-93,3)MB/s
[2024-02-14T16:51:15.808+0100][debug][gc,director    ] Select GC Workers (Normal), AvoidLongGCWorkers: 0,214, AvoidOOMGCWorkers: 1,490, LastGCWorkers: 2,000, GCWorkers: 1,490
[2024-02-14T16:51:15.808+0100][debug][gc,director    ] Rule: Allocation Rate (Dynamic GC Workers), MaxAllocRate: 3445,9MB/s (+/-3,1%), Free: 5120MB, GCCPUTime: 2,144, GCDuration: 1,075s, TimeUntilOOM: 1,441s, TimeUntilGC: 0,266s, GCWorkers: 2 -> 2
[2024-02-14T16:51:15.808+0100][debug][gc,director    ] Rule: High Usage, Free: 5120MB(33,3%)
[2024-02-14T16:51:15.808+0100][debug][gc,director    ] Rule: Proactive, AcceptableGCInterval: 21,243s, TimeSinceLastGC: 1,010s, TimeUntilGC: 20,233s
[2024-02-14T16:51:15.908+0100][debug][gc,alloc       ] Allocation Rate: 3170,0MB/s, Predicted: 3187,5MB/s, Avg: 3000,6(+/-101,4)MB/s
[2024-02-14T16:51:15.908+0100][debug][gc,director    ] Select GC Workers (Normal), AvoidLongGCWorkers: 0,214, AvoidOOMGCWorkers: 1,630, LastGCWorkers: 2,000, GCWorkers: 1,630
[2024-02-14T16:51:15.908+0100][debug][gc,director    ] Rule: Allocation Rate (Dynamic GC Workers), MaxAllocRate: 3521,1MB/s (+/-3,4%), Free: 4796MB, GCCPUTime: 2,144, GCDuration: 1,075s, TimeUntilOOM: 1,318s, TimeUntilGC: 0,143s, GCWorkers: 2 -> 2
[2024-02-14T16:51:15.908+0100][debug][gc,director    ] Rule: High Usage, Free: 4796MB(31,2%)
[2024-02-14T16:51:15.908+0100][debug][gc,director    ] Rule: Proactive, AcceptableGCInterval: 21,243s, TimeSinceLastGC: 1,110s, TimeUntilGC: 20,133s
[2024-02-14T16:51:16.007+0100][debug][gc,alloc       ] Allocation Rate: 3170,0MB/s, Predicted: 3225,7MB/s, Avg: 3028,6(+/-105,6)MB/s
[2024-02-14T16:51:16.007+0100][debug][gc,director    ] Select GC Workers (Normal), AvoidLongGCWorkers: 0,214, AvoidOOMGCWorkers: 1,777, LastGCWorkers: 2,000, GCWorkers: 1,777
[2024-02-14T16:51:16.007+0100][debug][gc,director    ] Rule: Allocation Rate (Dynamic GC Workers), MaxAllocRate: 3573,1MB/s (+/-3,5%), Free: 4472MB, GCCPUTime: 2,144, GCDuration: 1,075s, TimeUntilOOM: 1,209s, TimeUntilGC: 0,034s, GCWorkers: 2 -> 2
[2024-02-14T16:51:16.007+0100][debug][gc,director    ] Rule: High Usage, Free: 4472MB(29,1%)
[2024-02-14T16:51:16.007+0100][debug][gc,director    ] Rule: Proactive, AcceptableGCInterval: 21,243s, TimeSinceLastGC: 1,209s, TimeUntilGC: 20,033s
[2024-02-14T16:51:16.107+0100][debug][gc,alloc       ] Allocation Rate: 3182,0MB/s, Predicted: 3252,8MB/s, Avg: 3056,8(+/-105,1)MB/s
[2024-02-14T16:51:16.107+0100][debug][gc,director    ] Select GC Workers (Normal), AvoidLongGCWorkers: 0,214, AvoidOOMGCWorkers: 1,931, LastGCWorkers: 2,000, GCWorkers: 1,931
[2024-02-14T16:51:16.107+0100][debug][gc,director    ] Rule: Allocation Rate (Dynamic GC Workers), MaxAllocRate: 3598,7MB/s (+/-3,4%), Free: 4144MB, GCCPUTime: 2,144, GCDuration: 1,075s, TimeUntilOOM: 1,113s, TimeUntilGC: -0,062s, GCWorkers: 2 -> 2
[2024-02-14T16:51:16.107+0100][debug][gc,heap        ] GC(52) Heap before GC invocations=52 (full 52):
[2024-02-14T16:51:16.107+0100][debug][gc,heap        ] GC(52)  ZHeap           used 11174M, capacity 14594M, max capacity 15360M
[2024-02-14T16:51:16.107+0100][debug][gc,heap        ] GC(52)  Metaspace       used 32052K, committed 32448K, reserved 1114112K
[2024-02-14T16:51:16.107+0100][debug][gc,heap        ] GC(52)   class space    used 3381K, committed 3584K, reserved 1048576K
[2024-02-14T16:51:16.108+0100][info ][gc,start       ] GC(52) Garbage Collection (Allocation Rate)
[2024-02-14T16:51:16.108+0100][info ][gc,task        ] GC(52) Using 2 workers
[2024-02-14T16:51:16.108+0100][debug][gc,phases,start] GC(52) Pause Mark Start
[2024-02-14T16:51:16.108+0100][debug][gc,marking     ] GC(52) Using 2 mark stripes
[2024-02-14T16:51:16.108+0100][debug][gc,marking     ] GC(52) Mark Worker/Stripe Distribution
[2024-02-14T16:51:16.108+0100][debug][gc,marking     ] GC(52)   Worker 0(2) -> Stripe 0(2)
[2024-02-14T16:51:16.108+0100][debug][gc,marking     ] GC(52)   Worker 1(2) -> Stripe 1(2)
[2024-02-14T16:51:16.108+0100][info ][gc,phases      ] GC(52) Pause Mark Start 0,068ms
[2024-02-14T16:51:16.108+0100][debug][gc,phases,start] GC(52) Concurrent Mark
[2024-02-14T16:51:16.108+0100][debug][gc,task        ] GC(52) Executing Task: XMarkRootsTask, Active Workers: 2
[2024-02-14T16:51:16.109+0100][debug][gc,tlab        ] GC(52) TLAB totals: thrds: 7  refills: 27971 max: 27955 slow allocs: 7 max 7 waste:  1,3% gc: 980048B max: 248192B slow: 96207168B max: 96199752B
[2024-02-14T16:51:16.109+0100][debug][gc,task        ] GC(52) Executing Task: XMarkTask, Active Workers: 2
[2024-02-14T16:51:16.207+0100][debug][gc,alloc       ] Allocation Rate: 3152,0MB/s, Predicted: 3245,3MB/s, Avg: 3083,4(+/-91,3)MB/s
[2024-02-14T16:51:16.308+0100][debug][gc,alloc       ] Allocation Rate: 3120,0MB/s, Predicted: 3215,3MB/s, Avg: 3103,8(+/-72,4)MB/s
[2024-02-14T16:51:16.408+0100][debug][gc,alloc       ] Allocation Rate: 3102,0MB/s, Predicted: 3184,3MB/s, Avg: 3115,0(+/-61,8)MB/s
[2024-02-14T16:51:16.507+0100][debug][gc,alloc       ] Allocation Rate: 3094,0MB/s, Predicted: 3143,6MB/s, Avg: 3125,0(+/-48,0)MB/s
[2024-02-14T16:51:16.607+0100][debug][gc,alloc       ] Allocation Rate: 3064,0MB/s, Predicted: 3094,4MB/s, Avg: 3128,2(+/-42,4)MB/s
[2024-02-14T16:51:16.707+0100][debug][gc,alloc       ] Allocation Rate: 3044,0MB/s, Predicted: 3044,1MB/s, Avg: 3126,0(+/-46,0)MB/s
[2024-02-14T16:51:16.808+0100][debug][gc,alloc       ] Allocation Rate: 3022,0MB/s, Predicted: 3012,1MB/s, Avg: 3112,0(+/-53,6)MB/s
[2024-02-14T16:51:16.908+0100][debug][gc,alloc       ] Allocation Rate: 3002,0MB/s, Predicted: 2983,6MB/s, Avg: 3095,2(+/-58,9)MB/s
[2024-02-14T16:51:17.008+0100][debug][gc,alloc       ] Allocation Rate: 2950,0MB/s, Predicted: 2945,5MB/s, Avg: 3073,2(+/-67,3)MB/s
[2024-02-14T16:51:17.034+0100][info ][gc,phases      ] GC(52) Concurrent Mark 925,968ms
[2024-02-14T16:51:17.034+0100][debug][gc,phases,start] GC(52) Pause Mark End
[2024-02-14T16:51:17.034+0100][info ][gc,phases      ] GC(52) Pause Mark End 0,038ms
[2024-02-14T16:51:17.034+0100][debug][gc,phases,start] GC(52) Concurrent Mark Free
[2024-02-14T16:51:17.034+0100][info ][gc,phases      ] GC(52) Concurrent Mark Free 0,009ms
[2024-02-14T16:51:17.034+0100][debug][gc,phases,start] GC(52) Concurrent Process Non-Strong References
[2024-02-14T16:51:17.034+0100][debug][gc,phases,start] GC(52) Concurrent References Process
[2024-02-14T16:51:17.034+0100][debug][gc,task        ] GC(52) Executing Task: XReferenceProcessorTask, Active Workers: 2
[2024-02-14T16:51:17.038+0100][debug][gc,phases      ] GC(52) Concurrent References Process 3,703ms
[2024-02-14T16:51:17.038+0100][debug][gc,task        ] GC(52) Executing Task: XProcessWeakRootsTask, Active Workers: 2
[2024-02-14T16:51:17.038+0100][debug][gc,phases,start] GC(52) Concurrent Classes Unlink
[2024-02-14T16:51:17.038+0100][debug][gc,phases,start] GC(52) ClassLoaderData
[2024-02-14T16:51:17.038+0100][debug][gc,phases      ] GC(52) ClassLoaderData 0,033ms
[2024-02-14T16:51:17.038+0100][debug][gc,phases,start] GC(52) Trigger cleanups
[2024-02-14T16:51:17.038+0100][debug][gc,phases      ] GC(52) Trigger cleanups 0,005ms
[2024-02-14T16:51:17.038+0100][debug][gc,task        ] GC(52) Executing Task: XNMethodUnlinkTask, Active Workers: 2
[2024-02-14T16:51:17.041+0100][debug][gc,phases      ] GC(52) Concurrent Classes Unlink 2,805ms
[2024-02-14T16:51:17.041+0100][debug][gc,phases,start] GC(52) Concurrent Classes Purge
[2024-02-14T16:51:17.041+0100][debug][gc,nmethod     ] GC(52) Unregister NMethod: java.util.concurrent.ForkJoinPool.runWorker (0x00007f9f0ba35510)
[2024-02-14T16:51:17.041+0100][debug][gc,phases      ] GC(52) Concurrent Classes Purge 0,016ms
[2024-02-14T16:51:17.041+0100][debug][gc,phases,start] GC(52) Concurrent References Enqueue
[2024-02-14T16:51:17.041+0100][debug][gc,phases      ] GC(52) Concurrent References Enqueue 0,007ms
[2024-02-14T16:51:17.041+0100][info ][gc,phases      ] GC(52) Concurrent Process Non-Strong References 6,844ms
[2024-02-14T16:51:17.041+0100][debug][gc,phases,start] GC(52) Concurrent Reset Relocation Set
[2024-02-14T16:51:17.041+0100][info ][gc,phases      ] GC(52) Concurrent Reset Relocation Set 0,100ms
[2024-02-14T16:51:17.041+0100][debug][gc,phases,start] GC(52) Concurrent Select Relocation Set
[2024-02-14T16:51:17.042+0100][debug][gc,task        ] GC(52) Executing Task: XRelocationSetInstallTask, Active Workers: 2
[2024-02-14T16:51:17.051+0100][info ][gc,phases      ] GC(52) Concurrent Select Relocation Set 9,591ms
[2024-02-14T16:51:17.051+0100][debug][gc,phases,start] GC(52) Pause Relocate Start
[2024-02-14T16:51:17.051+0100][info ][gc,phases      ] GC(52) Pause Relocate Start 0,038ms
[2024-02-14T16:51:17.051+0100][debug][gc,phases,start] GC(52) Concurrent Relocate
[2024-02-14T16:51:17.051+0100][debug][gc,task        ] GC(52) Executing Task: XRelocateTask, Active Workers: 2
[2024-02-14T16:51:17.107+0100][debug][gc,alloc       ] Allocation Rate: 2894,0MB/s, Predicted: 2902,8MB/s, Avg: 3044,4(+/-75,7)MB/s
[2024-02-14T16:51:17.180+0100][info ][gc,phases      ] GC(52) Concurrent Relocate 129,481ms
[2024-02-14T16:51:17.180+0100][debug][gc,heap        ] GC(52) Heap after GC invocations=53 (full 53):
[2024-02-14T16:51:17.180+0100][debug][gc,heap        ] GC(52)  ZHeap           used 7256M, capacity 14594M, max capacity 15360M
[2024-02-14T16:51:17.180+0100][debug][gc,heap        ] GC(52)  Metaspace       used 32052K, committed 32448K, reserved 1114112K
[2024-02-14T16:51:17.180+0100][debug][gc,heap        ] GC(52)   class space    used 3381K, committed 3584K, reserved 1048576K
[2024-02-14T16:51:17.180+0100][info ][gc,load        ] GC(52) Load: 2,78/1,95/1,78
[2024-02-14T16:51:17.180+0100][info ][gc,mmu         ] GC(52) MMU: 2ms/92,8%, 5ms/97,1%, 10ms/98,6%, 20ms/99,1%, 50ms/99,6%, 100ms/99,8%
[2024-02-14T16:51:17.180+0100][info ][gc,marking     ] GC(52) Mark: 2 stripe(s), 2 proactive flush(es), 1 terminate flush(es), 0 completion(s), 0 continuation(s) 
[2024-02-14T16:51:17.180+0100][info ][gc,marking     ] GC(52) Mark Stack Usage: 32M
[2024-02-14T16:51:17.180+0100][info ][gc,nmethod     ] GC(52) NMethods: 4263 registered, 56 unregistered
[2024-02-14T16:51:17.180+0100][info ][gc,metaspace   ] GC(52) Metaspace: 31M used, 31M committed, 1088M reserved
[2024-02-14T16:51:17.180+0100][info ][gc,ref         ] GC(52) Soft: 3896 encountered, 0 discovered, 0 enqueued
[2024-02-14T16:51:17.180+0100][info ][gc,ref         ] GC(52) Weak: 2057 encountered, 132 discovered, 0 enqueued
[2024-02-14T16:51:17.180+0100][info ][gc,ref         ] GC(52) Final: 12601 encountered, 12601 discovered, 12601 enqueued
[2024-02-14T16:51:17.180+0100][info ][gc,ref         ] GC(52) Phantom: 13002 encountered, 12854 discovered, 12607 enqueued
[2024-02-14T16:51:17.180+0100][info ][gc,reloc       ] GC(52) Small Pages: 5571 / 11142M, Empty: 166M, Relocated: 404M, In-Place: 0
[2024-02-14T16:51:17.180+0100][info ][gc,reloc       ] GC(52) Medium Pages: 1 / 32M, Empty: 0M, Relocated: 0M, In-Place: 0
[2024-02-14T16:51:17.180+0100][info ][gc,reloc       ] GC(52) Large Pages: 0 / 0M, Empty: 0M, Relocated: 0M, In-Place: 0
[2024-02-14T16:51:17.180+0100][info ][gc,reloc       ] GC(52) Forwarding Usage: 173M
[2024-02-14T16:51:17.180+0100][info ][gc,heap        ] GC(52) Min Capacity: 5120M(33%)
[2024-02-14T16:51:17.180+0100][info ][gc,heap        ] GC(52) Max Capacity: 15360M(100%)
[2024-02-14T16:51:17.180+0100][info ][gc,heap        ] GC(52) Soft Max Capacity: 15360M(100%)
[2024-02-14T16:51:17.180+0100][info ][gc,heap        ] GC(52)                Mark Start          Mark End        Relocate Start      Relocate End           High               Low         
[2024-02-14T16:51:17.180+0100][info ][gc,heap        ] GC(52)  Capacity:    14594M (95%)       14594M (95%)       14594M (95%)       14594M (95%)       14594M (95%)       14594M (95%)    
[2024-02-14T16:51:17.180+0100][info ][gc,heap        ] GC(52)      Free:     4186M (27%)        1490M (10%)        1608M (10%)        8104M (53%)        8112M (53%)        1470M (10%)    
[2024-02-14T16:51:17.180+0100][info ][gc,heap        ] GC(52)      Used:    11174M (73%)       13870M (90%)       13752M (90%)        7256M (47%)       13890M (90%)        7248M (47%)    
[2024-02-14T16:51:17.180+0100][info ][gc,heap        ] GC(52)      Live:         -              3709M (24%)        3709M (24%)        3709M (24%)            -                  -          
[2024-02-14T16:51:17.180+0100][info ][gc,heap        ] GC(52) Allocated:         -              2696M (18%)        2744M (18%)        3085M (20%)            -                  -          
[2024-02-14T16:51:17.180+0100][info ][gc,heap        ] GC(52)   Garbage:         -              7464M (49%)        7298M (48%)         460M (3%)             -                  -          
[2024-02-14T16:51:17.180+0100][info ][gc,heap        ] GC(52) Reclaimed:         -                  -               166M (1%)         7003M (46%)            -                  -          
[2024-02-14T16:51:17.180+0100][info ][gc             ] GC(52) Garbage Collection (Allocation Rate) 11174M(73%)->7256M(47%)
[2024-02-14T16:51:17.207+0100][debug][gc,alloc       ] Allocation Rate: 2904,0MB/s, Predicted: 2875,3MB/s, Avg: 3019,6(+/-77,0)MB/s
[2024-02-14T16:51:17.207+0100][debug][gc,director    ] Select GC Workers (Try Lowering), AvoidLongGCWorkers: 0,233, AvoidOOMGCWorkers: 0,981, NextAvoidOOMGCWorkers: 2,047, LastGCWorkers: 2,000, GCWorkers: 2,000
[2024-02-14T16:51:17.207+0100][debug][gc,director    ] Rule: Allocation Rate (Dynamic GC Workers), MaxAllocRate: 3272,9MB/s (+/-2,5%), Free: 7980MB, GCCPUTime: 2,332, GCDuration: 1,168s, TimeUntilOOM: 2,378s, TimeUntilGC: 1,110s, GCWorkers: 2 -> 2
[2024-02-14T16:51:17.207+0100][debug][gc,director    ] Rule: High Usage, Free: 7980MB(52,0%)
[2024-02-14T16:51:17.207+0100][debug][gc,director    ] Rule: Proactive, UsedUntilEnabled: 1454MB, TimeUntilEnabled: 299,973s
[2024-02-14T16:51:17.307+0100][debug][gc,alloc       ] Allocation Rate: 2926,0MB/s, Predicted: 2864,7MB/s, Avg: 3000,2(+/-73,6)MB/s
[2024-02-14T16:51:17.307+0100][debug][gc,director    ] Select GC Workers (Normal), AvoidLongGCWorkers: 0,233, AvoidOOMGCWorkers: 1,010, LastGCWorkers: 2,000, GCWorkers: 1,010
[2024-02-14T16:51:17.307+0100][debug][gc,director    ] Rule: Allocation Rate (Dynamic GC Workers), MaxAllocRate: 3242,4MB/s (+/-2,5%), Free: 7666MB, GCCPUTime: 2,332, GCDuration: 1,168s, TimeUntilOOM: 2,308s, TimeUntilGC: 1,040s, GCWorkers: 2 -> 2
[2024-02-14T16:51:17.307+0100][debug][gc,director    ] Rule: High Usage, Free: 7666MB(49,9%)
[2024-02-14T16:51:17.307+0100][debug][gc,director    ] Rule: Proactive, UsedUntilEnabled: 1140MB, TimeUntilEnabled: 299,873s
[2024-02-14T16:51:17.408+0100][debug][gc,alloc       ] Allocation Rate: 2910,0MB/s, Predicted: 2855,7MB/s, Avg: 2981,0(+/-69,5)MB/s
[2024-02-14T16:51:17.408+0100][debug][gc,director    ] Select GC Workers (Normal), AvoidLongGCWorkers: 0,233, AvoidOOMGCWorkers: 1,038, LastGCWorkers: 2,000, GCWorkers: 1,038
[2024-02-14T16:51:17.408+0100][debug][gc,director    ] Rule: Allocation Rate (Dynamic GC Workers), MaxAllocRate: 3209,6MB/s (+/-2,3%), Free: 7380MB, GCCPUTime: 2,332, GCDuration: 1,168s, TimeUntilOOM: 2,247s, TimeUntilGC: 0,979s, GCWorkers: 2 -> 2
[2024-02-14T16:51:17.408+0100][debug][gc,director    ] Rule: High Usage, Free: 7380MB(48,0%)
[2024-02-14T16:51:17.408+0100][debug][gc,director    ] Rule: Proactive, UsedUntilEnabled: 854MB, TimeUntilEnabled: 299,773s
[2024-02-14T16:51:17.508+0100][debug][gc,alloc       ] Allocation Rate: 2942,0MB/s, Predicted: 2870,3MB/s, Avg: 2965,8(+/-58,9)MB/s
[2024-02-14T16:51:17.508+0100][debug][gc,director    ] Select GC Workers (Normal), AvoidLongGCWorkers: 0,233, AvoidOOMGCWorkers: 1,064, LastGCWorkers: 2,000, GCWorkers: 1,064
[2024-02-14T16:51:17.508+0100][debug][gc,director    ] Rule: Allocation Rate (Dynamic GC Workers), MaxAllocRate: 3159,7MB/s (+/-2,0%), Free: 7060MB, GCCPUTime: 2,332, GCDuration: 1,168s, TimeUntilOOM: 2,191s, TimeUntilGC: 0,923s, GCWorkers: 2 -> 2
[2024-02-14T16:51:17.508+0100][debug][gc,director    ] Rule: High Usage, Free: 7060MB(46,0%)
[2024-02-14T16:51:17.508+0100][debug][gc,director    ] Rule: Proactive, UsedUntilEnabled: 534MB, TimeUntilEnabled: 299,673s
[2024-02-14T16:51:17.608+0100][debug][gc,alloc       ] Allocation Rate: 2972,0MB/s, Predicted: 2898,9MB/s, Avg: 2956,6(+/-49,3)MB/s
[2024-02-14T16:51:17.608+0100][debug][gc,director    ] Select GC Workers (Normal), AvoidLongGCWorkers: 0,233, AvoidOOMGCWorkers: 1,098, LastGCWorkers: 2,000, GCWorkers: 1,098
[2024-02-14T16:51:17.608+0100][debug][gc,director    ] Rule: Allocation Rate (Dynamic GC Workers), MaxAllocRate: 3118,7MB/s (+/-1,7%), Free: 6736MB, GCCPUTime: 2,332, GCDuration: 1,168s, TimeUntilOOM: 2,124s, TimeUntilGC: 0,857s, GCWorkers: 2 -> 2
[2024-02-14T16:51:17.608+0100][debug][gc,director    ] Rule: High Usage, Free: 6736MB(43,9%)
[2024-02-14T16:51:17.608+0100][debug][gc,director    ] Rule: Proactive, UsedUntilEnabled: 210MB, TimeUntilEnabled: 299,572s
[2024-02-14T16:51:17.708+0100][debug][gc,alloc       ] Allocation Rate: 2992,0MB/s, Predicted: 2936,4MB/s, Avg: 2951,4(+/-42,0)MB/s
[2024-02-14T16:51:17.708+0100][debug][gc,director    ] Select GC Workers (Normal), AvoidLongGCWorkers: 0,233, AvoidOOMGCWorkers: 1,140, LastGCWorkers: 2,000, GCWorkers: 1,140
[2024-02-14T16:51:17.708+0100][debug][gc,director    ] Rule: Allocation Rate (Dynamic GC Workers), MaxAllocRate: 3089,5MB/s (+/-1,4%), Free: 6412MB, GCCPUTime: 2,332, GCDuration: 1,168s, TimeUntilOOM: 2,046s, TimeUntilGC: 0,778s, GCWorkers: 2 -> 2
[2024-02-14T16:51:17.708+0100][debug][gc,director    ] Rule: High Usage, Free: 6412MB(41,7%)
[2024-02-14T16:51:17.708+0100][debug][gc,director    ] Rule: Proactive, AcceptableGCInterval: 23,022s, TimeSinceLastGC: 0,528s, TimeUntilGC: 22,494s
[2024-02-14T16:51:17.807+0100][debug][gc,alloc       ] Allocation Rate: 2982,0MB/s, Predicted: 2967,5MB/s, Avg: 2947,4(+/-36,6)MB/s
[2024-02-14T16:51:17.807+0100][debug][gc,director    ] Select GC Workers (Normal), AvoidLongGCWorkers: 0,233, AvoidOOMGCWorkers: 1,191, LastGCWorkers: 2,000, GCWorkers: 1,191
[2024-02-14T16:51:17.807+0100][debug][gc,director    ] Rule: Allocation Rate (Dynamic GC Workers), MaxAllocRate: 3087,9MB/s (+/-1,2%), Free: 6120MB, GCCPUTime: 2,332, GCDuration: 1,168s, TimeUntilOOM: 1,958s, TimeUntilGC: 0,690s, GCWorkers: 2 -> 2
[2024-02-14T16:51:17.807+0100][debug][gc,director    ] Rule: High Usage, Free: 6120MB(39,8%)
[2024-02-14T16:51:17.807+0100][debug][gc,director    ] Rule: Proactive, AcceptableGCInterval: 23,022s, TimeSinceLastGC: 0,627s, TimeUntilGC: 22,395s
[2024-02-14T16:51:17.907+0100][debug][gc,alloc       ] Allocation Rate: 3004,0MB/s, Predicted: 3004,7MB/s, Avg: 2947,6(+/-36,9)MB/s
[2024-02-14T16:51:17.907+0100][debug][gc,director    ] Select GC Workers (Normal), AvoidLongGCWorkers: 0,233, AvoidOOMGCWorkers: 1,274, LastGCWorkers: 2,000, GCWorkers: 1,274
[2024-02-14T16:51:17.907+0100][debug][gc,director    ] Rule: Allocation Rate (Dynamic GC Workers), MaxAllocRate: 3126,1MB/s (+/-1,3%), Free: 5796MB, GCCPUTime: 2,332, GCDuration: 1,168s, TimeUntilOOM: 1,831s, TimeUntilGC: 0,563s, GCWorkers: 2 -> 2
[2024-02-14T16:51:17.907+0100][debug][gc,director    ] Rule: High Usage, Free: 5796MB(37,7%)
[2024-02-14T16:51:17.907+0100][debug][gc,director    ] Rule: Proactive, AcceptableGCInterval: 23,022s, TimeSinceLastGC: 0,727s, TimeUntilGC: 22,295s
[2024-02-14T16:51:18.008+0100][debug][gc,alloc       ] Allocation Rate: 3056,0MB/s, Predicted: 3048,7MB/s, Avg: 2958,2(+/-49,2)MB/s
[2024-02-14T16:51:18.008+0100][debug][gc,director    ] Select GC Workers (Normal), AvoidLongGCWorkers: 0,233, AvoidOOMGCWorkers: 1,392, LastGCWorkers: 2,000, GCWorkers: 1,392
[2024-02-14T16:51:18.008+0100][debug][gc,director    ] Rule: Allocation Rate (Dynamic GC Workers), MaxAllocRate: 3210,7MB/s (+/-1,7%), Free: 5470MB, GCCPUTime: 2,332, GCDuration: 1,168s, TimeUntilOOM: 1,676s, TimeUntilGC: 0,408s, GCWorkers: 2 -> 2
[2024-02-14T16:51:18.008+0100][debug][gc,director    ] Rule: High Usage, Free: 5470MB(35,6%)
[2024-02-14T16:51:18.008+0100][debug][gc,director    ] Rule: Proactive, AcceptableGCInterval: 23,022s, TimeSinceLastGC: 0,827s, TimeUntilGC: 22,194s
[2024-02-14T16:51:18.108+0100][debug][gc,alloc       ] Allocation Rate: 3108,0MB/s, Predicted: 3091,5MB/s, Avg: 2979,6(+/-61,6)MB/s
[2024-02-14T16:51:18.108+0100][debug][gc,director    ] Select GC Workers (Normal), AvoidLongGCWorkers: 0,233, AvoidOOMGCWorkers: 1,525, LastGCWorkers: 2,000, GCWorkers: 1,525
[2024-02-14T16:51:18.108+0100][debug][gc,director    ] Rule: Allocation Rate (Dynamic GC Workers), MaxAllocRate: 3294,3MB/s (+/-2,1%), Free: 5146MB, GCCPUTime: 2,332, GCDuration: 1,168s, TimeUntilOOM: 1,530s, TimeUntilGC: 0,262s, GCWorkers: 2 -> 2
[2024-02-14T16:51:18.108+0100][debug][gc,director    ] Rule: High Usage, Free: 5146MB(33,5%)
[2024-02-14T16:51:18.108+0100][debug][gc,director    ] Rule: Proactive, AcceptableGCInterval: 23,022s, TimeSinceLastGC: 0,928s, TimeUntilGC: 22,094s
[2024-02-14T16:51:18.208+0100][debug][gc,alloc       ] Allocation Rate: 3160,0MB/s, Predicted: 3143,5MB/s, Avg: 3005,2(+/-76,3)MB/s
[2024-02-14T16:51:18.208+0100][debug][gc,director    ] Select GC Workers (Normal), AvoidLongGCWorkers: 0,233, AvoidOOMGCWorkers: 1,686, LastGCWorkers: 2,000, GCWorkers: 1,686
[2024-02-14T16:51:18.208+0100][debug][gc,director    ] Rule: Allocation Rate (Dynamic GC Workers), MaxAllocRate: 3394,6MB/s (+/-2,5%), Free: 4820MB, GCCPUTime: 2,332, GCDuration: 1,168s, TimeUntilOOM: 1,385s, TimeUntilGC: 0,117s, GCWorkers: 2 -> 2
[2024-02-14T16:51:18.208+0100][debug][gc,director    ] Rule: High Usage, Free: 4820MB(31,4%)
[2024-02-14T16:51:18.208+0100][debug][gc,director    ] Rule: Proactive, AcceptableGCInterval: 23,022s, TimeSinceLastGC: 1,028s, TimeUntilGC: 21,994s
[2024-02-14T16:51:18.307+0100][debug][gc,alloc       ] Allocation Rate: 3172,0MB/s, Predicted: 3189,1MB/s, Avg: 3029,8(+/-85,9)MB/s
[2024-02-14T16:51:18.307+0100][debug][gc,director    ] Select GC Workers (Normal), AvoidLongGCWorkers: 0,233, AvoidOOMGCWorkers: 1,855, LastGCWorkers: 2,000, GCWorkers: 1,855
[2024-02-14T16:51:18.307+0100][debug][gc,director    ] Rule: Allocation Rate (Dynamic GC Workers), MaxAllocRate: 3471,7MB/s (+/-2,8%), Free: 4494MB, GCCPUTime: 2,332, GCDuration: 1,168s, TimeUntilOOM: 1,259s, TimeUntilGC: -0,009s, GCWorkers: 2 -> 2
[2024-02-14T16:51:18.307+0100][debug][gc,heap        ] GC(53) Heap before GC invocations=53 (full 53):
[2024-02-14T16:51:18.307+0100][debug][gc,heap        ] GC(53)  ZHeap           used 10824M, capacity 14594M, max capacity 15360M
[2024-02-14T16:51:18.307+0100][debug][gc,heap        ] GC(53)  Metaspace       used 32055K, committed 32448K, reserved 1114112K
[2024-02-14T16:51:18.307+0100][debug][gc,heap        ] GC(53)   class space    used 3381K, committed 3584K, reserved 1048576K
[2024-02-14T16:51:18.307+0100][info ][gc,start       ] GC(53) Garbage Collection (Allocation Rate)
[2024-02-14T16:51:18.307+0100][info ][gc,task        ] GC(53) Using 2 workers
[2024-02-14T16:51:18.307+0100][debug][gc,phases,start] GC(53) Pause Mark Start
[2024-02-14T16:51:18.308+0100][debug][gc,marking     ] GC(53) Using 2 mark stripes
[2024-02-14T16:51:18.308+0100][debug][gc,marking     ] GC(53) Mark Worker/Stripe Distribution
[2024-02-14T16:51:18.308+0100][debug][gc,marking     ] GC(53)   Worker 0(2) -> Stripe 0(2)
[2024-02-14T16:51:18.308+0100][debug][gc,marking     ] GC(53)   Worker 1(2) -> Stripe 1(2)
[2024-02-14T16:51:18.308+0100][info ][gc,phases      ] GC(53) Pause Mark Start 0,065ms
[2024-02-14T16:51:18.308+0100][debug][gc,phases,start] GC(53) Concurrent Mark
[2024-02-14T16:51:18.308+0100][debug][gc,task        ] GC(53) Executing Task: XMarkRootsTask, Active Workers: 2
[2024-02-14T16:51:18.308+0100][debug][gc,tlab        ] GC(53) TLAB totals: thrds: 8  refills: 26569 max: 26552 slow allocs: 7 max 7 waste:  1,3% gc: 1104112B max: 218184B slow: 91254368B max: 91243112B
[2024-02-14T16:51:18.308+0100][debug][gc,task        ] GC(53) Executing Task: XMarkTask, Active Workers: 2
[2024-02-14T16:51:18.407+0100][debug][gc,alloc       ] Allocation Rate: 3202,0MB/s, Predicted: 3226,0MB/s, Avg: 3059,0(+/-89,7)MB/s
[2024-02-14T16:51:18.507+0100][debug][gc,alloc       ] Allocation Rate: 3152,0MB/s, Predicted: 3232,0MB/s, Avg: 3080,0(+/-84,3)MB/s
[2024-02-14T16:51:18.608+0100][debug][gc,alloc       ] Allocation Rate: 3134,0MB/s, Predicted: 3224,8MB/s, Avg: 3096,2(+/-77,3)MB/s
[2024-02-14T16:51:18.708+0100][debug][gc,alloc       ] Allocation Rate: 3088,0MB/s, Predicted: 3193,7MB/s, Avg: 3105,8(+/-69,3)MB/s
[2024-02-14T16:51:18.807+0100][debug][gc,alloc       ] Allocation Rate: 3096,0MB/s, Predicted: 3156,8MB/s, Avg: 3117,2(+/-56,1)MB/s
[2024-02-14T16:51:18.907+0100][debug][gc,alloc       ] Allocation Rate: 3024,0MB/s, Predicted: 3089,3MB/s, Avg: 3119,2(+/-52,2)MB/s
[2024-02-14T16:51:19.007+0100][debug][gc,alloc       ] Allocation Rate: 2954,0MB/s, Predicted: 3006,4MB/s, Avg: 3109,0(+/-70,4)MB/s
[2024-02-14T16:51:19.108+0100][debug][gc,alloc       ] Allocation Rate: 2888,0MB/s, Predicted: 2917,7MB/s, Avg: 3087,0(+/-96,7)MB/s
[2024-02-14T16:51:19.123+0100][info ][gc,phases      ] GC(53) Concurrent Mark 815,723ms
[2024-02-14T16:51:19.124+0100][debug][gc,phases,start] GC(53) Pause Mark End
[2024-02-14T16:51:19.124+0100][info ][gc,phases      ] GC(53) Pause Mark End 0,035ms
[2024-02-14T16:51:19.124+0100][debug][gc,phases,start] GC(53) Concurrent Mark Free
[2024-02-14T16:51:19.124+0100][info ][gc,phases      ] GC(53) Concurrent Mark Free 0,022ms
[2024-02-14T16:51:19.124+0100][debug][gc,phases,start] GC(53) Concurrent Process Non-Strong References
[2024-02-14T16:51:19.124+0100][debug][gc,phases,start] GC(53) Concurrent References Process
[2024-02-14T16:51:19.124+0100][debug][gc,task        ] GC(53) Executing Task: XReferenceProcessorTask, Active Workers: 2
[2024-02-14T16:51:19.128+0100][debug][gc,phases      ] GC(53) Concurrent References Process 3,735ms
[2024-02-14T16:51:19.128+0100][debug][gc,task        ] GC(53) Executing Task: XProcessWeakRootsTask, Active Workers: 2
[2024-02-14T16:51:19.128+0100][debug][gc,phases,start] GC(53) Concurrent Classes Unlink
[2024-02-14T16:51:19.128+0100][debug][gc,phases,start] GC(53) ClassLoaderData
[2024-02-14T16:51:19.128+0100][debug][gc,phases      ] GC(53) ClassLoaderData 0,031ms
[2024-02-14T16:51:19.128+0100][debug][gc,phases,start] GC(53) Trigger cleanups
[2024-02-14T16:51:19.128+0100][debug][gc,phases      ] GC(53) Trigger cleanups 0,005ms
[2024-02-14T16:51:19.128+0100][debug][gc,task        ] GC(53) Executing Task: XNMethodUnlinkTask, Active Workers: 2
[2024-02-14T16:51:19.130+0100][debug][gc,phases      ] GC(53) Concurrent Classes Unlink 2,111ms
[2024-02-14T16:51:19.130+0100][debug][gc,phases,start] GC(53) Concurrent Classes Purge
[2024-02-14T16:51:19.130+0100][debug][gc,nmethod     ] GC(53) Unregister NMethod: com.github.benmanes.caffeine.cache.BoundedLocalCache.admit (0x00007f9f2b7c0e90)
[2024-02-14T16:51:19.130+0100][debug][gc,phases      ] GC(53) Concurrent Classes Purge 0,029ms
[2024-02-14T16:51:19.130+0100][debug][gc,phases,start] GC(53) Concurrent References Enqueue
[2024-02-14T16:51:19.130+0100][debug][gc,phases      ] GC(53) Concurrent References Enqueue 0,006ms
[2024-02-14T16:51:19.130+0100][info ][gc,phases      ] GC(53) Concurrent Process Non-Strong References 6,341ms
[2024-02-14T16:51:19.130+0100][debug][gc,phases,start] GC(53) Concurrent Reset Relocation Set
[2024-02-14T16:51:19.130+0100][info ][gc,phases      ] GC(53) Concurrent Reset Relocation Set 0,107ms
[2024-02-14T16:51:19.130+0100][debug][gc,phases,start] GC(53) Concurrent Select Relocation Set
[2024-02-14T16:51:19.132+0100][debug][gc,task        ] GC(53) Executing Task: XRelocationSetInstallTask, Active Workers: 2
[2024-02-14T16:51:19.139+0100][info ][gc,phases      ] GC(53) Concurrent Select Relocation Set 8,865ms
[2024-02-14T16:51:19.140+0100][debug][gc,phases,start] GC(53) Pause Relocate Start
[2024-02-14T16:51:19.140+0100][info ][gc,phases      ] GC(53) Pause Relocate Start 0,027ms
[2024-02-14T16:51:19.140+0100][debug][gc,phases,start] GC(53) Concurrent Relocate
[2024-02-14T16:51:19.140+0100][debug][gc,task        ] GC(53) Executing Task: XRelocateTask, Active Workers: 2
[2024-02-14T16:51:19.208+0100][debug][gc,alloc       ] Allocation Rate: 2794,0MB/s, Predicted: 2820,0MB/s, Avg: 3050,4(+/-126,8)MB/s
[2024-02-14T16:51:19.247+0100][info ][gc,phases      ] GC(53) Concurrent Relocate 106,933ms
[2024-02-14T16:51:19.247+0100][debug][gc,heap        ] GC(53) Heap after GC invocations=54 (full 54):
[2024-02-14T16:51:19.247+0100][debug][gc,heap        ] GC(53)  ZHeap           used 6732M, capacity 14594M, max capacity 15360M
[2024-02-14T16:51:19.247+0100][debug][gc,heap        ] GC(53)  Metaspace       used 32055K, committed 32448K, reserved 1114112K
[2024-02-14T16:51:19.247+0100][debug][gc,heap        ] GC(53)   class space    used 3381K, committed 3584K, reserved 1048576K
[2024-02-14T16:51:19.247+0100][info ][gc,load        ] GC(53) Load: 2,72/1,95/1,78
[2024-02-14T16:51:19.247+0100][info ][gc,mmu         ] GC(53) MMU: 2ms/92,8%, 5ms/97,1%, 10ms/98,6%, 20ms/99,1%, 50ms/99,6%, 100ms/99,8%
[2024-02-14T16:51:19.247+0100][info ][gc,marking     ] GC(53) Mark: 2 stripe(s), 2 proactive flush(es), 1 terminate flush(es), 0 completion(s), 0 continuation(s) 
[2024-02-14T16:51:19.247+0100][info ][gc,marking     ] GC(53) Mark Stack Usage: 32M
[2024-02-14T16:51:19.247+0100][info ][gc,nmethod     ] GC(53) NMethods: 4264 registered, 57 unregistered
[2024-02-14T16:51:19.247+0100][info ][gc,metaspace   ] GC(53) Metaspace: 31M used, 31M committed, 1088M reserved
[2024-02-14T16:51:19.247+0100][info ][gc,ref         ] GC(53) Soft: 3896 encountered, 0 discovered, 0 enqueued
[2024-02-14T16:51:19.247+0100][info ][gc,ref         ] GC(53) Weak: 2057 encountered, 801 discovered, 0 enqueued
[2024-02-14T16:51:19.247+0100][info ][gc,ref         ] GC(53) Final: 11969 encountered, 11969 discovered, 11969 enqueued
[2024-02-14T16:51:19.247+0100][info ][gc,ref         ] GC(53) Phantom: 12370 encountered, 12357 discovered, 11975 enqueued
[2024-02-14T16:51:19.247+0100][info ][gc,reloc       ] GC(53) Small Pages: 5396 / 10792M, Empty: 144M, Relocated: 397M, In-Place: 0
[2024-02-14T16:51:19.247+0100][info ][gc,reloc       ] GC(53) Medium Pages: 1 / 32M, Empty: 0M, Relocated: 0M, In-Place: 0
[2024-02-14T16:51:19.247+0100][info ][gc,reloc       ] GC(53) Large Pages: 0 / 0M, Empty: 0M, Relocated: 0M, In-Place: 0
[2024-02-14T16:51:19.247+0100][info ][gc,reloc       ] GC(53) Forwarding Usage: 166M
[2024-02-14T16:51:19.247+0100][info ][gc,heap        ] GC(53) Min Capacity: 5120M(33%)
[2024-02-14T16:51:19.247+0100][info ][gc,heap        ] GC(53) Max Capacity: 15360M(100%)
[2024-02-14T16:51:19.247+0100][info ][gc,heap        ] GC(53) Soft Max Capacity: 15360M(100%)
[2024-02-14T16:51:19.247+0100][info ][gc,heap        ] GC(53)                Mark Start          Mark End        Relocate Start      Relocate End           High               Low         
[2024-02-14T16:51:19.247+0100][info ][gc,heap        ] GC(53)  Capacity:    14594M (95%)       14594M (95%)       14594M (95%)       14594M (95%)       14594M (95%)       14594M (95%)    
[2024-02-14T16:51:19.247+0100][info ][gc,heap        ] GC(53)      Free:     4536M (30%)        2264M (15%)        2370M (15%)        8628M (56%)        8630M (56%)        2248M (15%)    
[2024-02-14T16:51:19.247+0100][info ][gc,heap        ] GC(53)      Used:    10824M (70%)       13096M (85%)       12990M (85%)        6732M (44%)       13112M (85%)        6730M (44%)    
[2024-02-14T16:51:19.247+0100][info ][gc,heap        ] GC(53)      Live:         -              3711M (24%)        3711M (24%)        3711M (24%)            -                  -          
[2024-02-14T16:51:19.247+0100][info ][gc,heap        ] GC(53) Allocated:         -              2272M (15%)        2310M (15%)        2555M (17%)            -                  -          
[2024-02-14T16:51:19.247+0100][info ][gc,heap        ] GC(53)   Garbage:         -              7112M (46%)        6968M (45%)         464M (3%)             -                  -          
[2024-02-14T16:51:19.247+0100][info ][gc,heap        ] GC(53) Reclaimed:         -                  -               144M (1%)         6647M (43%)            -                  -          
[2024-02-14T16:51:19.247+0100][info ][gc             ] GC(53) Garbage Collection (Allocation Rate) 10824M(70%)->6732M(44%)
[2024-02-14T16:51:19.307+0100][debug][gc,alloc       ] Allocation Rate: 2728,0MB/s, Predicted: 2723,5MB/s, Avg: 3006,0(+/-151,7)MB/s
[2024-02-14T16:51:19.307+0100][debug][gc,director    ] Select GC Workers (Normal), AvoidLongGCWorkers: 0,230, AvoidOOMGCWorkers: 1,009, LastGCWorkers: 2,000, GCWorkers: 1,009
[2024-02-14T16:51:19.307+0100][debug][gc,director    ] Rule: Allocation Rate (Dynamic GC Workers), MaxAllocRate: 3505,2MB/s (+/-5,0%), Free: 8414MB, GCCPUTime: 2,306, GCDuration: 1,155s, TimeUntilOOM: 2,285s, TimeUntilGC: 1,030s, GCWorkers: 2 -> 2
[2024-02-14T16:51:19.307+0100][debug][gc,director    ] Rule: High Usage, Free: 8414MB(54,8%)
[2024-02-14T16:51:19.307+0100][debug][gc,director    ] Rule: Proactive, UsedUntilEnabled: 1364MB, TimeUntilEnabled: 299,940s
[2024-02-14T16:51:19.407+0100][debug][gc,alloc       ] Allocation Rate: 2728,0MB/s, Predicted: 2664,5MB/s, Avg: 2958,6(+/-157,0)MB/s
[2024-02-14T16:51:19.407+0100][debug][gc,director    ] Select GC Workers (Normal), AvoidLongGCWorkers: 0,230, AvoidOOMGCWorkers: 1,042, LastGCWorkers: 2,000, GCWorkers: 1,042
[2024-02-14T16:51:19.407+0100][debug][gc,director    ] Rule: Allocation Rate (Dynamic GC Workers), MaxAllocRate: 3475,2MB/s (+/-5,3%), Free: 8100MB, GCCPUTime: 2,306, GCDuration: 1,155s, TimeUntilOOM: 2,213s, TimeUntilGC: 0,958s, GCWorkers: 2 -> 2
[2024-02-14T16:51:19.407+0100][debug][gc,director    ] Rule: High Usage, Free: 8100MB(52,7%)
[2024-02-14T16:51:19.407+0100][debug][gc,director    ] Rule: Proactive, UsedUntilEnabled: 1050MB, TimeUntilEnabled: 299,839s
[2024-02-14T16:51:19.507+0100][debug][gc,alloc       ] Allocation Rate: 2780,0MB/s, Predicted: 2644,7MB/s, Avg: 2921,4(+/-150,7)MB/s
[2024-02-14T16:51:19.508+0100][debug][gc,director    ] Select GC Workers (Normal), AvoidLongGCWorkers: 0,230, AvoidOOMGCWorkers: 1,066, LastGCWorkers: 2,000, GCWorkers: 1,066
[2024-02-14T16:51:19.508+0100][debug][gc,director    ] Rule: Allocation Rate (Dynamic GC Workers), MaxAllocRate: 3417,4MB/s (+/-5,2%), Free: 7776MB, GCCPUTime: 2,306, GCDuration: 1,155s, TimeUntilOOM: 2,164s, TimeUntilGC: 0,909s, GCWorkers: 2 -> 2
[2024-02-14T16:51:19.508+0100][debug][gc,director    ] Rule: High Usage, Free: 7776MB(50,6%)
[2024-02-14T16:51:19.508+0100][debug][gc,director    ] Rule: Proactive, UsedUntilEnabled: 724MB, TimeUntilEnabled: 299,739s
[2024-02-14T16:51:19.608+0100][debug][gc,alloc       ] Allocation Rate: 2802,0MB/s, Predicted: 2653,6MB/s, Avg: 2888,2(+/-136,1)MB/s
[2024-02-14T16:51:19.608+0100][debug][gc,director    ] Select GC Workers (Normal), AvoidLongGCWorkers: 0,230, AvoidOOMGCWorkers: 1,082, LastGCWorkers: 2,000, GCWorkers: 1,082
[2024-02-14T16:51:19.608+0100][debug][gc,director    ] Rule: Allocation Rate (Dynamic GC Workers), MaxAllocRate: 3336,0MB/s (+/-4,7%), Free: 7448MB, GCCPUTime: 2,306, GCDuration: 1,155s, TimeUntilOOM: 2,132s, TimeUntilGC: 0,877s, GCWorkers: 2 -> 2
[2024-02-14T16:51:19.608+0100][debug][gc,director    ] Rule: High Usage, Free: 7448MB(48,5%)
[2024-02-14T16:51:19.608+0100][debug][gc,director    ] Rule: Proactive, UsedUntilEnabled: 398MB, TimeUntilEnabled: 299,639s
[2024-02-14T16:51:19.708+0100][debug][gc,alloc       ] Allocation Rate: 2852,0MB/s, Predicted: 2692,4MB/s, Avg: 2864,6(+/-118,8)MB/s
[2024-02-14T16:51:19.708+0100][debug][gc,director    ] Select GC Workers (Normal), AvoidLongGCWorkers: 0,230, AvoidOOMGCWorkers: 1,098, LastGCWorkers: 2,000, GCWorkers: 1,098
[2024-02-14T16:51:19.708+0100][debug][gc,director    ] Rule: Allocation Rate (Dynamic GC Workers), MaxAllocRate: 3255,4MB/s (+/-4,1%), Free: 7120MB, GCCPUTime: 2,306, GCDuration: 1,155s, TimeUntilOOM: 2,100s, TimeUntilGC: 0,845s, GCWorkers: 2 -> 2
[2024-02-14T16:51:19.708+0100][debug][gc,director    ] Rule: High Usage, Free: 7120MB(46,4%)
[2024-02-14T16:51:19.708+0100][debug][gc,director    ] Rule: Proactive, UsedUntilEnabled: 70MB, TimeUntilEnabled: 299,539s
[2024-02-14T16:51:19.807+0100][debug][gc,alloc       ] Allocation Rate: 2880,0MB/s, Predicted: 2760,3MB/s, Avg: 2843,0(+/-91,1)MB/s
[2024-02-14T16:51:19.807+0100][debug][gc,director    ] Select GC Workers (Normal), AvoidLongGCWorkers: 0,230, AvoidOOMGCWorkers: 1,102, LastGCWorkers: 2,000, GCWorkers: 1,102
[2024-02-14T16:51:19.807+0100][debug][gc,director    ] Rule: Allocation Rate (Dynamic GC Workers), MaxAllocRate: 3142,9MB/s (+/-3,2%), Free: 6792MB, GCCPUTime: 2,306, GCDuration: 1,155s, TimeUntilOOM: 2,094s, TimeUntilGC: 0,839s, GCWorkers: 2 -> 2
[2024-02-14T16:51:19.807+0100][debug][gc,director    ] Rule: High Usage, Free: 6792MB(44,2%)
[2024-02-14T16:51:19.807+0100][debug][gc,director    ] Rule: Proactive, AcceptableGCInterval: 22,764s, TimeSinceLastGC: 0,561s, TimeUntilGC: 22,203s
[2024-02-14T16:51:19.907+0100][debug][gc,alloc       ] Allocation Rate: 2956,0MB/s, Predicted: 2853,7MB/s, Avg: 2836,2(+/-79,1)MB/s
[2024-02-14T16:51:19.907+0100][debug][gc,director    ] Select GC Workers (Normal), AvoidLongGCWorkers: 0,230, AvoidOOMGCWorkers: 1,142, LastGCWorkers: 2,000, GCWorkers: 1,142
[2024-02-14T16:51:19.907+0100][debug][gc,director    ] Rule: Allocation Rate (Dynamic GC Workers), MaxAllocRate: 3114,1MB/s (+/-2,8%), Free: 6464MB, GCCPUTime: 2,306, GCDuration: 1,155s, TimeUntilOOM: 2,019s, TimeUntilGC: 0,764s, GCWorkers: 2 -> 2
[2024-02-14T16:51:19.907+0100][debug][gc,director    ] Rule: High Usage, Free: 6464MB(42,1%)
[2024-02-14T16:51:19.907+0100][debug][gc,director    ] Rule: Proactive, AcceptableGCInterval: 22,764s, TimeSinceLastGC: 0,661s, TimeUntilGC: 22,103s
[2024-02-14T16:51:20.007+0100][debug][gc,alloc       ] Allocation Rate: 3030,0MB/s, Predicted: 2962,7MB/s, Avg: 2843,8(+/-92,6)MB/s
[2024-02-14T16:51:20.008+0100][debug][gc,director    ] Select GC Workers (Normal), AvoidLongGCWorkers: 0,230, AvoidOOMGCWorkers: 1,269, LastGCWorkers: 2,000, GCWorkers: 1,269
[2024-02-14T16:51:20.008+0100][debug][gc,director    ] Rule: Allocation Rate (Dynamic GC Workers), MaxAllocRate: 3267,3MB/s (+/-3,3%), Free: 6136MB, GCCPUTime: 2,306, GCDuration: 1,155s, TimeUntilOOM: 1,819s, TimeUntilGC: 0,564s, GCWorkers: 2 -> 2
[2024-02-14T16:51:20.008+0100][debug][gc,director    ] Rule: High Usage, Free: 6136MB(39,9%)
[2024-02-14T16:51:20.008+0100][debug][gc,director    ] Rule: Proactive, AcceptableGCInterval: 22,764s, TimeSinceLastGC: 0,761s, TimeUntilGC: 22,003s
[2024-02-14T16:51:20.108+0100][debug][gc,alloc       ] Allocation Rate: 3060,0MB/s, Predicted: 3060,9MB/s, Avg: 2861,0(+/-112,9)MB/s
[2024-02-14T16:51:20.108+0100][debug][gc,director    ] Select GC Workers (Normal), AvoidLongGCWorkers: 0,230, AvoidOOMGCWorkers: 1,409, LastGCWorkers: 2,000, GCWorkers: 1,409
[2024-02-14T16:51:20.108+0100][debug][gc,director    ] Rule: Allocation Rate (Dynamic GC Workers), MaxAllocRate: 3432,5MB/s (+/-3,9%), Free: 5846MB, GCCPUTime: 2,306, GCDuration: 1,155s, TimeUntilOOM: 1,638s, TimeUntilGC: 0,383s, GCWorkers: 2 -> 2
[2024-02-14T16:51:20.108+0100][debug][gc,director    ] Rule: High Usage, Free: 5846MB(38,1%)
[2024-02-14T16:51:20.108+0100][debug][gc,director    ] Rule: Proactive, AcceptableGCInterval: 22,764s, TimeSinceLastGC: 0,861s, TimeUntilGC: 21,903s
[2024-02-14T16:51:20.208+0100][debug][gc,alloc       ] Allocation Rate: 3152,0MB/s, Predicted: 3159,5MB/s, Avg: 2896,8(+/-139,6)MB/s
[2024-02-14T16:51:20.208+0100][debug][gc,director    ] Select GC Workers (Normal), AvoidLongGCWorkers: 0,230, AvoidOOMGCWorkers: 1,586, LastGCWorkers: 2,000, GCWorkers: 1,586
[2024-02-14T16:51:20.208+0100][debug][gc,director    ] Rule: Allocation Rate (Dynamic GC Workers), MaxAllocRate: 3618,9MB/s (+/-4,8%), Free: 5522MB, GCCPUTime: 2,306, GCDuration: 1,155s, TimeUntilOOM: 1,456s, TimeUntilGC: 0,200s, GCWorkers: 2 -> 2
[2024-02-14T16:51:20.208+0100][debug][gc,director    ] Rule: High Usage, Free: 5522MB(36,0%)
[2024-02-14T16:51:20.208+0100][debug][gc,director    ] Rule: Proactive, AcceptableGCInterval: 22,764s, TimeSinceLastGC: 0,961s, TimeUntilGC: 21,802s
[2024-02-14T16:51:20.308+0100][debug][gc,alloc       ] Allocation Rate: 3216,0MB/s, Predicted: 3242,1MB/s, Avg: 2945,6(+/-156,4)MB/s
[2024-02-14T16:51:20.308+0100][debug][gc,director    ] Select GC Workers (Normal), AvoidLongGCWorkers: 0,230, AvoidOOMGCWorkers: 1,758, LastGCWorkers: 2,000, GCWorkers: 1,758
[2024-02-14T16:51:20.308+0100][debug][gc,director    ] Rule: Allocation Rate (Dynamic GC Workers), MaxAllocRate: 3756,7MB/s (+/-5,3%), Free: 5198MB, GCCPUTime: 2,306, GCDuration: 1,155s, TimeUntilOOM: 1,314s, TimeUntilGC: 0,059s, GCWorkers: 2 -> 2
[2024-02-14T16:51:20.308+0100][debug][gc,director    ] Rule: High Usage, Free: 5198MB(33,8%)
[2024-02-14T16:51:20.308+0100][debug][gc,director    ] Rule: Proactive, AcceptableGCInterval: 22,764s, TimeSinceLastGC: 1,061s, TimeUntilGC: 21,702s
[2024-02-14T16:51:20.407+0100][debug][gc,alloc       ] Allocation Rate: 3224,0MB/s, Predicted: 3295,5MB/s, Avg: 2995,2(+/-158,1)MB/s
[2024-02-14T16:51:20.407+0100][debug][gc,director    ] Select GC Workers (Normal), AvoidLongGCWorkers: 0,230, AvoidOOMGCWorkers: 1,903, LastGCWorkers: 2,000, GCWorkers: 1,903
[2024-02-14T16:51:20.407+0100][debug][gc,director    ] Rule: Allocation Rate (Dynamic GC Workers), MaxAllocRate: 3815,8MB/s (+/-5,3%), Free: 4876MB, GCCPUTime: 2,306, GCDuration: 1,155s, TimeUntilOOM: 1,214s, TimeUntilGC: -0,041s, GCWorkers: 2 -> 2
[2024-02-14T16:51:20.407+0100][debug][gc,heap        ] GC(54) Heap before GC invocations=54 (full 54):
[2024-02-14T16:51:20.407+0100][debug][gc,heap        ] GC(54)  ZHeap           used 10442M, capacity 14594M, max capacity 15360M
[2024-02-14T16:51:20.407+0100][debug][gc,heap        ] GC(54)  Metaspace       used 32055K, committed 32448K, reserved 1114112K
[2024-02-14T16:51:20.407+0100][debug][gc,heap        ] GC(54)   class space    used 3381K, committed 3584K, reserved 1048576K
[2024-02-14T16:51:20.407+0100][info ][gc,start       ] GC(54) Garbage Collection (Allocation Rate)
[2024-02-14T16:51:20.407+0100][info ][gc,task        ] GC(54) Using 2 workers
[2024-02-14T16:51:20.407+0100][debug][gc,phases,start] GC(54) Pause Mark Start
[2024-02-14T16:51:20.407+0100][debug][gc,marking     ] GC(54) Using 2 mark stripes
[2024-02-14T16:51:20.407+0100][debug][gc,marking     ] GC(54) Mark Worker/Stripe Distribution
[2024-02-14T16:51:20.407+0100][debug][gc,marking     ] GC(54)   Worker 0(2) -> Stripe 0(2)
[2024-02-14T16:51:20.407+0100][debug][gc,marking     ] GC(54)   Worker 1(2) -> Stripe 1(2)
[2024-02-14T16:51:20.407+0100][info ][gc,phases      ] GC(54) Pause Mark Start 0,061ms
[2024-02-14T16:51:20.407+0100][debug][gc,phases,start] GC(54) Concurrent Mark
[2024-02-14T16:51:20.407+0100][debug][gc,task        ] GC(54) Executing Task: XMarkRootsTask, Active Workers: 2
[2024-02-14T16:51:20.408+0100][debug][gc,tlab        ] GC(54) TLAB totals: thrds: 9  refills: 25021 max: 25004 slow allocs: 10 max 10 waste:  1,3% gc: 1478912B max: 262008B slow: 86226920B max: 86218824B
[2024-02-14T16:51:20.408+0100][debug][gc,task        ] GC(54) Executing Task: XMarkTask, Active Workers: 2
[2024-02-14T16:51:20.507+0100][debug][gc,alloc       ] Allocation Rate: 3188,0MB/s, Predicted: 3315,2MB/s, Avg: 3036,0(+/-149,8)MB/s
[2024-02-14T16:51:20.607+0100][debug][gc,alloc       ] Allocation Rate: 3170,0MB/s, Predicted: 3306,4MB/s, Avg: 3072,8(+/-131,9)MB/s
[2024-02-14T16:51:20.708+0100][debug][gc,alloc       ] Allocation Rate: 3150,0MB/s, Predicted: 3278,4MB/s, Avg: 3102,6(+/-110,6)MB/s
[2024-02-14T16:51:20.808+0100][debug][gc,alloc       ] Allocation Rate: 3084,0MB/s, Predicted: 3211,6MB/s, Avg: 3123,0(+/-83,0)MB/s
[2024-02-14T16:51:20.908+0100][debug][gc,alloc       ] Allocation Rate: 3014,0MB/s, Predicted: 3123,5MB/s, Avg: 3128,8(+/-72,5)MB/s
[2024-02-14T16:51:21.007+0100][debug][gc,alloc       ] Allocation Rate: 2938,0MB/s, Predicted: 3020,8MB/s, Avg: 3119,6(+/-88,5)MB/s
[2024-02-14T16:51:21.107+0100][debug][gc,alloc       ] Allocation Rate: 2902,0MB/s, Predicted: 2917,9MB/s, Avg: 3103,8(+/-109,4)MB/s
[2024-02-14T16:51:21.208+0100][debug][gc,alloc       ] Allocation Rate: 2820,0MB/s, Predicted: 2817,2MB/s, Avg: 3070,6(+/-136,7)MB/s
[2024-02-14T16:51:21.217+0100][info ][gc,phases      ] GC(54) Concurrent Mark 809,393ms
[2024-02-14T16:51:21.217+0100][debug][gc,phases,start] GC(54) Pause Mark End
[2024-02-14T16:51:21.217+0100][info ][gc,phases      ] GC(54) Pause Mark End 0,045ms
[2024-02-14T16:51:21.217+0100][debug][gc,phases,start] GC(54) Concurrent Mark Free
[2024-02-14T16:51:21.217+0100][info ][gc,phases      ] GC(54) Concurrent Mark Free 0,008ms
[2024-02-14T16:51:21.217+0100][debug][gc,phases,start] GC(54) Concurrent Process Non-Strong References
[2024-02-14T16:51:21.217+0100][debug][gc,phases,start] GC(54) Concurrent References Process
[2024-02-14T16:51:21.217+0100][debug][gc,task        ] GC(54) Executing Task: XReferenceProcessorTask, Active Workers: 2
[2024-02-14T16:51:21.220+0100][debug][gc,phases      ] GC(54) Concurrent References Process 3,445ms
[2024-02-14T16:51:21.220+0100][debug][gc,task        ] GC(54) Executing Task: XProcessWeakRootsTask, Active Workers: 2
[2024-02-14T16:51:21.221+0100][debug][gc,phases,start] GC(54) Concurrent Classes Unlink
[2024-02-14T16:51:21.221+0100][debug][gc,phases,start] GC(54) ClassLoaderData
[2024-02-14T16:51:21.221+0100][debug][gc,phases      ] GC(54) ClassLoaderData 0,032ms
[2024-02-14T16:51:21.221+0100][debug][gc,phases,start] GC(54) Trigger cleanups
[2024-02-14T16:51:21.221+0100][debug][gc,phases      ] GC(54) Trigger cleanups 0,005ms
[2024-02-14T16:51:21.221+0100][debug][gc,task        ] GC(54) Executing Task: XNMethodUnlinkTask, Active Workers: 2
[2024-02-14T16:51:21.223+0100][debug][gc,phases      ] GC(54) Concurrent Classes Unlink 2,542ms
[2024-02-14T16:51:21.223+0100][debug][gc,phases,start] GC(54) Concurrent Classes Purge
[2024-02-14T16:51:21.223+0100][debug][gc,nmethod     ] GC(54) Unregister NMethod: com.github.benmanes.caffeine.cache.BoundedLocalCache.admit (0x00007f9f0bf35110)
[2024-02-14T16:51:21.223+0100][debug][gc,phases      ] GC(54) Concurrent Classes Purge 0,032ms
[2024-02-14T16:51:21.223+0100][debug][gc,phases,start] GC(54) Concurrent References Enqueue
[2024-02-14T16:51:21.223+0100][debug][gc,phases      ] GC(54) Concurrent References Enqueue 0,007ms
[2024-02-14T16:51:21.223+0100][info ][gc,phases      ] GC(54) Concurrent Process Non-Strong References 6,460ms
[2024-02-14T16:51:21.223+0100][debug][gc,phases,start] GC(54) Concurrent Reset Relocation Set
[2024-02-14T16:51:21.224+0100][info ][gc,phases      ] GC(54) Concurrent Reset Relocation Set 0,099ms
[2024-02-14T16:51:21.224+0100][debug][gc,phases,start] GC(54) Concurrent Select Relocation Set
[2024-02-14T16:51:21.225+0100][debug][gc,task        ] GC(54) Executing Task: XRelocationSetInstallTask, Active Workers: 2
[2024-02-14T16:51:21.233+0100][info ][gc,phases      ] GC(54) Concurrent Select Relocation Set 9,270ms
[2024-02-14T16:51:21.233+0100][debug][gc,phases,start] GC(54) Pause Relocate Start
[2024-02-14T16:51:21.233+0100][info ][gc,phases      ] GC(54) Pause Relocate Start 0,032ms
[2024-02-14T16:51:21.233+0100][debug][gc,phases,start] GC(54) Concurrent Relocate
[2024-02-14T16:51:21.233+0100][debug][gc,task        ] GC(54) Executing Task: XRelocateTask, Active Workers: 2
[2024-02-14T16:51:21.308+0100][debug][gc,alloc       ] Allocation Rate: 2752,0MB/s, Predicted: 2728,5MB/s, Avg: 3024,2(+/-156,7)MB/s
[2024-02-14T16:51:21.358+0100][info ][gc,phases      ] GC(54) Concurrent Relocate 124,984ms
[2024-02-14T16:51:21.358+0100][debug][gc,heap        ] GC(54) Heap after GC invocations=55 (full 55):
[2024-02-14T16:51:21.358+0100][debug][gc,heap        ] GC(54)  ZHeap           used 6742M, capacity 14594M, max capacity 15360M
[2024-02-14T16:51:21.358+0100][debug][gc,heap        ] GC(54)  Metaspace       used 32055K, committed 32448K, reserved 1114112K
[2024-02-14T16:51:21.358+0100][debug][gc,heap        ] GC(54)   class space    used 3381K, committed 3584K, reserved 1048576K
[2024-02-14T16:51:21.358+0100][info ][gc,load        ] GC(54) Load: 2,72/1,95/1,78
[2024-02-14T16:51:21.358+0100][info ][gc,mmu         ] GC(54) MMU: 2ms/92,8%, 5ms/97,1%, 10ms/98,6%, 20ms/99,1%, 50ms/99,6%, 100ms/99,8%
[2024-02-14T16:51:21.358+0100][info ][gc,marking     ] GC(54) Mark: 2 stripe(s), 2 proactive flush(es), 1 terminate flush(es), 0 completion(s), 0 continuation(s) 
[2024-02-14T16:51:21.358+0100][info ][gc,marking     ] GC(54) Mark Stack Usage: 32M
[2024-02-14T16:51:21.358+0100][info ][gc,nmethod     ] GC(54) NMethods: 4263 registered, 58 unregistered
[2024-02-14T16:51:21.358+0100][info ][gc,metaspace   ] GC(54) Metaspace: 31M used, 31M committed, 1088M reserved
[2024-02-14T16:51:21.358+0100][info ][gc,ref         ] GC(54) Soft: 3896 encountered, 0 discovered, 0 enqueued
[2024-02-14T16:51:21.358+0100][info ][gc,ref         ] GC(54) Weak: 2057 encountered, 139 discovered, 0 enqueued
[2024-02-14T16:51:21.358+0100][info ][gc,ref         ] GC(54) Final: 11272 encountered, 11272 discovered, 11272 enqueued
[2024-02-14T16:51:21.358+0100][info ][gc,ref         ] GC(54) Phantom: 11673 encountered, 11551 discovered, 11278 enqueued
[2024-02-14T16:51:21.358+0100][info ][gc,reloc       ] GC(54) Small Pages: 5205 / 10410M, Empty: 176M, Relocated: 404M, In-Place: 0
[2024-02-14T16:51:21.358+0100][info ][gc,reloc       ] GC(54) Medium Pages: 1 / 32M, Empty: 0M, Relocated: 0M, In-Place: 0
[2024-02-14T16:51:21.358+0100][info ][gc,reloc       ] GC(54) Large Pages: 0 / 0M, Empty: 0M, Relocated: 0M, In-Place: 0
[2024-02-14T16:51:21.358+0100][info ][gc,reloc       ] GC(54) Forwarding Usage: 169M
[2024-02-14T16:51:21.358+0100][info ][gc,heap        ] GC(54) Min Capacity: 5120M(33%)
[2024-02-14T16:51:21.358+0100][info ][gc,heap        ] GC(54) Max Capacity: 15360M(100%)
[2024-02-14T16:51:21.358+0100][info ][gc,heap        ] GC(54) Soft Max Capacity: 15360M(100%)
[2024-02-14T16:51:21.358+0100][info ][gc,heap        ] GC(54)                Mark Start          Mark End        Relocate Start      Relocate End           High               Low         
[2024-02-14T16:51:21.358+0100][info ][gc,heap        ] GC(54)  Capacity:    14594M (95%)       14594M (95%)       14594M (95%)       14594M (95%)       14594M (95%)       14594M (95%)    
[2024-02-14T16:51:21.358+0100][info ][gc,heap        ] GC(54)      Free:     4918M (32%)        2742M (18%)        2868M (19%)        8618M (56%)        8626M (56%)        2720M (18%)    
[2024-02-14T16:51:21.358+0100][info ][gc,heap        ] GC(54)      Used:    10442M (68%)       12618M (82%)       12492M (81%)        6742M (44%)       12640M (82%)        6734M (44%)    
[2024-02-14T16:51:21.358+0100][info ][gc,heap        ] GC(54)      Live:         -              3716M (24%)        3716M (24%)        3716M (24%)            -                  -          
[2024-02-14T16:51:21.358+0100][info ][gc,heap        ] GC(54) Allocated:         -              2176M (14%)        2226M (14%)        2565M (17%)            -                  -          
[2024-02-14T16:51:21.358+0100][info ][gc,heap        ] GC(54)   Garbage:         -              6725M (44%)        6549M (43%)         459M (3%)             -                  -          
[2024-02-14T16:51:21.358+0100][info ][gc,heap        ] GC(54) Reclaimed:         -                  -               176M (1%)         6265M (41%)            -                  -          
[2024-02-14T16:51:21.358+0100][info ][gc             ] GC(54) Garbage Collection (Allocation Rate) 10442M(68%)->6742M(44%)
[2024-02-14T16:51:21.407+0100][debug][gc,alloc       ] Allocation Rate: 2722,0MB/s, Predicted: 2660,9MB/s, Avg: 2974,0(+/-164,9)MB/s
[2024-02-14T16:51:21.407+0100][debug][gc,director    ] Select GC Workers (Try Lowering), AvoidLongGCWorkers: 0,212, AvoidOOMGCWorkers: 0,935, NextAvoidOOMGCWorkers: 1,835, LastGCWorkers: 2,000, GCWorkers: 2,000
[2024-02-14T16:51:21.407+0100][debug][gc,director    ] Rule: Allocation Rate (Dynamic GC Workers), MaxAllocRate: 3516,6MB/s (+/-5,5%), Free: 8420MB, GCCPUTime: 2,122, GCDuration: 1,063s, TimeUntilOOM: 2,269s, TimeUntilGC: 1,106s, GCWorkers: 2 -> 2
[2024-02-14T16:51:21.407+0100][debug][gc,director    ] Rule: High Usage, Free: 8420MB(54,8%)
[2024-02-14T16:51:21.407+0100][debug][gc,director    ] Rule: Proactive, UsedUntilEnabled: 1378MB, TimeUntilEnabled: 299,951s
[2024-02-14T16:51:21.507+0100][debug][gc,alloc       ] Allocation Rate: 2760,0MB/s, Predicted: 2632,4MB/s, Avg: 2931,2(+/-159,2)MB/s
[2024-02-14T16:51:21.507+0100][debug][gc,director    ] Select GC Workers (Try Lowering), AvoidLongGCWorkers: 0,212, AvoidOOMGCWorkers: 0,955, NextAvoidOOMGCWorkers: 1,754, LastGCWorkers: 2,000, GCWorkers: 2,000
[2024-02-14T16:51:21.507+0100][debug][gc,director    ] Rule: Allocation Rate (Dynamic GC Workers), MaxAllocRate: 3455,2MB/s (+/-5,4%), Free: 8094MB, GCCPUTime: 2,122, GCDuration: 1,063s, TimeUntilOOM: 2,222s, TimeUntilGC: 1,059s, GCWorkers: 2 -> 2
[2024-02-14T16:51:21.507+0100][debug][gc,director    ] Rule: High Usage, Free: 8094MB(52,7%)
[2024-02-14T16:51:21.507+0100][debug][gc,director    ] Rule: Proactive, UsedUntilEnabled: 1054MB, TimeUntilEnabled: 299,851s
[2024-02-14T16:51:21.607+0100][debug][gc,alloc       ] Allocation Rate: 2764,0MB/s, Predicted: 2629,2MB/s, Avg: 2890,6(+/-144,2)MB/s
[2024-02-14T16:51:21.607+0100][debug][gc,director    ] Select GC Workers (Try Lowering), AvoidLongGCWorkers: 0,212, AvoidOOMGCWorkers: 0,964, NextAvoidOOMGCWorkers: 1,645, LastGCWorkers: 2,000, GCWorkers: 2,000
[2024-02-14T16:51:21.607+0100][debug][gc,director    ] Rule: Allocation Rate (Dynamic GC Workers), MaxAllocRate: 3365,2MB/s (+/-5,0%), Free: 7780MB, GCCPUTime: 2,122, GCDuration: 1,063s, TimeUntilOOM: 2,202s, TimeUntilGC: 1,039s, GCWorkers: 2 -> 2
[2024-02-14T16:51:21.607+0100][debug][gc,director    ] Rule: High Usage, Free: 7780MB(50,7%)
[2024-02-14T16:51:21.607+0100][debug][gc,director    ] Rule: Proactive, UsedUntilEnabled: 740MB, TimeUntilEnabled: 299,751s
[2024-02-14T16:51:21.707+0100][debug][gc,alloc       ] Allocation Rate: 2774,0MB/s, Predicted: 2651,7MB/s, Avg: 2853,0(+/-118,4)MB/s
[2024-02-14T16:51:21.708+0100][debug][gc,director    ] Select GC Workers (Try Lowering), AvoidLongGCWorkers: 0,212, AvoidOOMGCWorkers: 0,961, NextAvoidOOMGCWorkers: 1,518, LastGCWorkers: 2,000, GCWorkers: 2,000
[2024-02-14T16:51:21.708+0100][debug][gc,director    ] Rule: Allocation Rate (Dynamic GC Workers), MaxAllocRate: 3242,6MB/s (+/-4,1%), Free: 7460MB, GCCPUTime: 2,122, GCDuration: 1,063s, TimeUntilOOM: 2,209s, TimeUntilGC: 1,046s, GCWorkers: 2 -> 2
[2024-02-14T16:51:21.708+0100][debug][gc,director    ] Rule: High Usage, Free: 7460MB(48,6%)
[2024-02-14T16:51:21.708+0100][debug][gc,director    ] Rule: Proactive, UsedUntilEnabled: 420MB, TimeUntilEnabled: 299,650s
[2024-02-14T16:51:21.808+0100][debug][gc,alloc       ] Allocation Rate: 2828,0MB/s, Predicted: 2703,3MB/s, Avg: 2827,4(+/-89,9)MB/s
[2024-02-14T16:51:21.808+0100][debug][gc,director    ] Select GC Workers (Try Lowering), AvoidLongGCWorkers: 0,212, AvoidOOMGCWorkers: 0,957, NextAvoidOOMGCWorkers: 1,409, LastGCWorkers: 2,000, GCWorkers: 1,909
[2024-02-14T16:51:21.808+0100][debug][gc,director    ] Rule: Allocation Rate (Dynamic GC Workers), MaxAllocRate: 3123,3MB/s (+/-3,2%), Free: 7146MB, GCCPUTime: 2,122, GCDuration: 1,063s, TimeUntilOOM: 2,217s, TimeUntilGC: 1,054s, GCWorkers: 2 -> 2
[2024-02-14T16:51:21.808+0100][debug][gc,director    ] Rule: High Usage, Free: 7146MB(46,5%)
[2024-02-14T16:51:21.808+0100][debug][gc,director    ] Rule: Proactive, UsedUntilEnabled: 106MB, TimeUntilEnabled: 299,550s
[2024-02-14T16:51:21.908+0100][debug][gc,alloc       ] Allocation Rate: 2884,0MB/s, Predicted: 2775,7MB/s, Avg: 2814,4(+/-69,0)MB/s
[2024-02-14T16:51:21.908+0100][debug][gc,director    ] Select GC Workers (Try Lowering), AvoidLongGCWorkers: 0,212, AvoidOOMGCWorkers: 0,968, NextAvoidOOMGCWorkers: 1,341, LastGCWorkers: 2,000, GCWorkers: 1,841
[2024-02-14T16:51:21.908+0100][debug][gc,director    ] Rule: Allocation Rate (Dynamic GC Workers), MaxAllocRate: 3041,4MB/s (+/-2,5%), Free: 6832MB, GCCPUTime: 2,122, GCDuration: 1,063s, TimeUntilOOM: 2,193s, TimeUntilGC: 1,030s, GCWorkers: 2 -> 2
[2024-02-14T16:51:21.908+0100][debug][gc,director    ] Rule: High Usage, Free: 6832MB(44,5%)
[2024-02-14T16:51:21.908+0100][debug][gc,director    ] Rule: Proactive, AcceptableGCInterval: 20,943s, TimeSinceLastGC: 0,550s, TimeUntilGC: 20,393s
[2024-02-14T16:51:22.007+0100][debug][gc,alloc       ] Allocation Rate: 2918,0MB/s, Predicted: 2850,1MB/s, Avg: 2812,4(+/-65,6)MB/s
[2024-02-14T16:51:22.007+0100][debug][gc,director    ] Select GC Workers (Normal), AvoidLongGCWorkers: 0,212, AvoidOOMGCWorkers: 1,017, LastGCWorkers: 2,000, GCWorkers: 1,017
[2024-02-14T16:51:22.007+0100][debug][gc,director    ] Rule: Allocation Rate (Dynamic GC Workers), MaxAllocRate: 3065,9MB/s (+/-2,3%), Free: 6546MB, GCCPUTime: 2,122, GCDuration: 1,063s, TimeUntilOOM: 2,086s, TimeUntilGC: 0,923s, GCWorkers: 2 -> 2
[2024-02-14T16:51:22.007+0100][debug][gc,director    ] Rule: High Usage, Free: 6546MB(42,6%)
[2024-02-14T16:51:22.007+0100][debug][gc,director    ] Rule: Proactive, AcceptableGCInterval: 20,943s, TimeSinceLastGC: 0,649s, TimeUntilGC: 20,294s
[2024-02-14T16:51:22.107+0100][debug][gc,alloc       ] Allocation Rate: 2982,0MB/s, Predicted: 2941,9MB/s, Avg: 2820,4(+/-79,4)MB/s
[2024-02-14T16:51:22.107+0100][debug][gc,director    ] Select GC Workers (Normal), AvoidLongGCWorkers: 0,212, AvoidOOMGCWorkers: 1,123, LastGCWorkers: 2,000, GCWorkers: 1,123
[2024-02-14T16:51:22.107+0100][debug][gc,director    ] Rule: Allocation Rate (Dynamic GC Workers), MaxAllocRate: 3203,2MB/s (+/-2,8%), Free: 6228MB, GCCPUTime: 2,122, GCDuration: 1,063s, TimeUntilOOM: 1,891s, TimeUntilGC: 0,728s, GCWorkers: 2 -> 2
[2024-02-14T16:51:22.107+0100][debug][gc,director    ] Rule: High Usage, Free: 6228MB(40,5%)
[2024-02-14T16:51:22.107+0100][debug][gc,director    ] Rule: Proactive, AcceptableGCInterval: 20,943s, TimeSinceLastGC: 0,749s, TimeUntilGC: 20,194s
[2024-02-14T16:51:22.207+0100][debug][gc,alloc       ] Allocation Rate: 3068,0MB/s, Predicted: 3040,8MB/s, Avg: 2845,2(+/-108,7)MB/s
[2024-02-14T16:51:22.207+0100][debug][gc,director    ] Select GC Workers (Normal), AvoidLongGCWorkers: 0,212, AvoidOOMGCWorkers: 1,270, LastGCWorkers: 2,000, GCWorkers: 1,270
[2024-02-14T16:51:22.207+0100][debug][gc,director    ] Rule: Allocation Rate (Dynamic GC Workers), MaxAllocRate: 3398,6MB/s (+/-3,8%), Free: 5900MB, GCCPUTime: 2,122, GCDuration: 1,063s, TimeUntilOOM: 1,672s, TimeUntilGC: 0,509s, GCWorkers: 2 -> 2
[2024-02-14T16:51:22.207+0100][debug][gc,director    ] Rule: High Usage, Free: 5900MB(38,4%)
[2024-02-14T16:51:22.207+0100][debug][gc,director    ] Rule: Proactive, AcceptableGCInterval: 20,943s, TimeSinceLastGC: 0,849s, TimeUntilGC: 20,093s
[2024-02-14T16:51:22.308+0100][debug][gc,alloc       ] Allocation Rate: 3146,0MB/s, Predicted: 3136,3MB/s, Avg: 2884,6(+/-135,8)MB/s
[2024-02-14T16:51:22.308+0100][debug][gc,director    ] Select GC Workers (Normal), AvoidLongGCWorkers: 0,212, AvoidOOMGCWorkers: 1,432, LastGCWorkers: 2,000, GCWorkers: 1,432
[2024-02-14T16:51:22.308+0100][debug][gc,director    ] Rule: Allocation Rate (Dynamic GC Workers), MaxAllocRate: 3583,2MB/s (+/-4,7%), Free: 5566MB, GCCPUTime: 2,122, GCDuration: 1,063s, TimeUntilOOM: 1,483s, TimeUntilGC: 0,320s, GCWorkers: 2 -> 2
[2024-02-14T16:51:22.308+0100][debug][gc,director    ] Rule: High Usage, Free: 5566MB(36,2%)
[2024-02-14T16:51:22.308+0100][debug][gc,director    ] Rule: Proactive, AcceptableGCInterval: 20,943s, TimeSinceLastGC: 0,950s, TimeUntilGC: 19,993s
[2024-02-14T16:51:22.408+0100][debug][gc,alloc       ] Allocation Rate: 3150,0MB/s, Predicted: 3199,1MB/s, Avg: 2927,4(+/-145,0)MB/s
[2024-02-14T16:51:22.408+0100][debug][gc,director    ] Select GC Workers (Normal), AvoidLongGCWorkers: 0,212, AvoidOOMGCWorkers: 1,555, LastGCWorkers: 2,000, GCWorkers: 1,555
[2024-02-14T16:51:22.408+0100][debug][gc,director    ] Rule: Allocation Rate (Dynamic GC Workers), MaxAllocRate: 3676,1MB/s (+/-5,0%), Free: 5270MB, GCCPUTime: 2,122, GCDuration: 1,063s, TimeUntilOOM: 1,366s, TimeUntilGC: 0,203s, GCWorkers: 2 -> 2
[2024-02-14T16:51:22.408+0100][debug][gc,director    ] Rule: High Usage, Free: 5270MB(34,3%)
[2024-02-14T16:51:22.408+0100][debug][gc,director    ] Rule: Proactive, AcceptableGCInterval: 20,943s, TimeSinceLastGC: 1,050s, TimeUntilGC: 19,893s
[2024-02-14T16:51:22.507+0100][debug][gc,alloc       ] Allocation Rate: 3152,0MB/s, Predicted: 3244,3MB/s, Avg: 2966,6(+/-147,4)MB/s
[2024-02-14T16:51:22.507+0100][debug][gc,director    ] Select GC Workers (Normal), AvoidLongGCWorkers: 0,212, AvoidOOMGCWorkers: 1,683, LastGCWorkers: 2,000, GCWorkers: 1,683
[2024-02-14T16:51:22.507+0100][debug][gc,director    ] Rule: Allocation Rate (Dynamic GC Workers), MaxAllocRate: 3729,3MB/s (+/-5,0%), Free: 4942MB, GCCPUTime: 2,122, GCDuration: 1,063s, TimeUntilOOM: 1,262s, TimeUntilGC: 0,099s, GCWorkers: 2 -> 2
[2024-02-14T16:51:22.507+0100][debug][gc,director    ] Rule: High Usage, Free: 4942MB(32,2%)
[2024-02-14T16:51:22.507+0100][debug][gc,director    ] Rule: Proactive, AcceptableGCInterval: 20,943s, TimeSinceLastGC: 1,149s, TimeUntilGC: 19,794s
[2024-02-14T16:51:22.607+0100][debug][gc,alloc       ] Allocation Rate: 3160,0MB/s, Predicted: 3267,6MB/s, Avg: 3006,2(+/-140,7)MB/s
[2024-02-14T16:51:22.607+0100][debug][gc,director    ] Select GC Workers (Normal), AvoidLongGCWorkers: 0,212, AvoidOOMGCWorkers: 1,796, LastGCWorkers: 2,000, GCWorkers: 1,796
[2024-02-14T16:51:22.607+0100][debug][gc,director    ] Rule: Allocation Rate (Dynamic GC Workers), MaxAllocRate: 3730,5MB/s (+/-4,7%), Free: 4620MB, GCCPUTime: 2,122, GCDuration: 1,063s, TimeUntilOOM: 1,183s, TimeUntilGC: 0,020s, GCWorkers: 2 -> 2
[2024-02-14T16:51:22.607+0100][debug][gc,director    ] Rule: High Usage, Free: 4620MB(30,1%)
[2024-02-14T16:51:22.607+0100][debug][gc,director    ] Rule: Proactive, AcceptableGCInterval: 20,943s, TimeSinceLastGC: 1,249s, TimeUntilGC: 19,694s
[2024-02-14T16:51:22.707+0100][debug][gc,alloc       ] Allocation Rate: 3162,0MB/s, Predicted: 3268,0MB/s, Avg: 3045,0(+/-123,8)MB/s
[2024-02-14T16:51:22.707+0100][debug][gc,director    ] Select GC Workers (Normal), AvoidLongGCWorkers: 0,212, AvoidOOMGCWorkers: 1,891, LastGCWorkers: 2,000, GCWorkers: 1,891
[2024-02-14T16:51:22.708+0100][debug][gc,director    ] Rule: Allocation Rate (Dynamic GC Workers), MaxAllocRate: 3675,3MB/s (+/-4,1%), Free: 4300MB, GCCPUTime: 2,122, GCDuration: 1,063s, TimeUntilOOM: 1,124s, TimeUntilGC: -0,039s, GCWorkers: 2 -> 2
[2024-02-14T16:51:22.708+0100][debug][gc,heap        ] GC(55) Heap before GC invocations=55 (full 55):
[2024-02-14T16:51:22.708+0100][debug][gc,heap        ] GC(55)  ZHeap           used 11018M, capacity 14594M, max capacity 15360M
[2024-02-14T16:51:22.708+0100][debug][gc,heap        ] GC(55)  Metaspace       used 32055K, committed 32448K, reserved 1114112K
[2024-02-14T16:51:22.708+0100][debug][gc,heap        ] GC(55)   class space    used 3381K, committed 3584K, reserved 1048576K
[2024-02-14T16:51:22.708+0100][info ][gc,start       ] GC(55) Garbage Collection (Allocation Rate)
[2024-02-14T16:51:22.708+0100][info ][gc,task        ] GC(55) Using 2 workers
[2024-02-14T16:51:22.708+0100][debug][gc,phases,start] GC(55) Pause Mark Start
[2024-02-14T16:51:22.708+0100][debug][gc,marking     ] GC(55) Using 2 mark stripes
[2024-02-14T16:51:22.708+0100][debug][gc,marking     ] GC(55) Mark Worker/Stripe Distribution
[2024-02-14T16:51:22.708+0100][debug][gc,marking     ] GC(55)   Worker 0(2) -> Stripe 0(2)
[2024-02-14T16:51:22.708+0100][debug][gc,marking     ] GC(55)   Worker 1(2) -> Stripe 1(2)
[2024-02-14T16:51:22.708+0100][info ][gc,phases      ] GC(55) Pause Mark Start 0,067ms
[2024-02-14T16:51:22.708+0100][debug][gc,phases,start] GC(55) Concurrent Mark
[2024-02-14T16:51:22.708+0100][debug][gc,task        ] GC(55) Executing Task: XMarkRootsTask, Active Workers: 2
[2024-02-14T16:51:22.708+0100][debug][gc,tlab        ] GC(55) TLAB totals: thrds: 8  refills: 27331 max: 27311 slow allocs: 10 max 10 waste:  1,3% gc: 1062192B max: 204576B slow: 93995264B max: 93976440B
[2024-02-14T16:51:22.708+0100][debug][gc,task        ] GC(55) Executing Task: XMarkTask, Active Workers: 2
[2024-02-14T16:51:22.808+0100][debug][gc,alloc       ] Allocation Rate: 3138,0MB/s, Predicted: 3247,3MB/s, Avg: 3076,0(+/-102,6)MB/s
[2024-02-14T16:51:22.908+0100][debug][gc,alloc       ] Allocation Rate: 3106,0MB/s, Predicted: 3208,1MB/s, Avg: 3098,2(+/-80,2)MB/s
[2024-02-14T16:51:23.008+0100][debug][gc,alloc       ] Allocation Rate: 3122,0MB/s, Predicted: 3169,6MB/s, Avg: 3118,6(+/-53,1)MB/s
[2024-02-14T16:51:23.108+0100][debug][gc,alloc       ] Allocation Rate: 3082,0MB/s, Predicted: 3118,5MB/s, Avg: 3128,6(+/-31,5)MB/s
[2024-02-14T16:51:23.207+0100][debug][gc,alloc       ] Allocation Rate: 3046,0MB/s, Predicted: 3069,3MB/s, Avg: 3126,4(+/-36,1)MB/s
[2024-02-14T16:51:23.307+0100][debug][gc,alloc       ] Allocation Rate: 3012,0MB/s, Predicted: 3028,8MB/s, Avg: 3113,0(+/-48,9)MB/s
[2024-02-14T16:51:23.407+0100][debug][gc,alloc       ] Allocation Rate: 3006,0MB/s, Predicted: 2995,9MB/s, Avg: 3098,6(+/-56,5)MB/s
[2024-02-14T16:51:23.507+0100][debug][gc,alloc       ] Allocation Rate: 2928,0MB/s, Predicted: 2941,9MB/s, Avg: 3076,2(+/-72,9)MB/s
[2024-02-14T16:51:23.594+0100][info ][gc,phases      ] GC(55) Concurrent Mark 886,654ms
[2024-02-14T16:51:23.595+0100][debug][gc,phases,start] GC(55) Pause Mark End
[2024-02-14T16:51:23.595+0100][info ][gc,phases      ] GC(55) Pause Mark End 0,036ms
[2024-02-14T16:51:23.595+0100][debug][gc,phases,start] GC(55) Concurrent Mark Free
[2024-02-14T16:51:23.595+0100][info ][gc,phases      ] GC(55) Concurrent Mark Free 0,008ms
[2024-02-14T16:51:23.595+0100][debug][gc,phases,start] GC(55) Concurrent Process Non-Strong References
[2024-02-14T16:51:23.595+0100][debug][gc,phases,start] GC(55) Concurrent References Process
[2024-02-14T16:51:23.595+0100][debug][gc,task        ] GC(55) Executing Task: XReferenceProcessorTask, Active Workers: 2
[2024-02-14T16:51:23.598+0100][debug][gc,phases      ] GC(55) Concurrent References Process 3,550ms
[2024-02-14T16:51:23.598+0100][debug][gc,task        ] GC(55) Executing Task: XProcessWeakRootsTask, Active Workers: 2
[2024-02-14T16:51:23.598+0100][debug][gc,phases,start] GC(55) Concurrent Classes Unlink
[2024-02-14T16:51:23.598+0100][debug][gc,phases,start] GC(55) ClassLoaderData
[2024-02-14T16:51:23.598+0100][debug][gc,phases      ] GC(55) ClassLoaderData 0,030ms
[2024-02-14T16:51:23.598+0100][debug][gc,phases,start] GC(55) Trigger cleanups
[2024-02-14T16:51:23.598+0100][debug][gc,phases      ] GC(55) Trigger cleanups 0,005ms
[2024-02-14T16:51:23.598+0100][debug][gc,task        ] GC(55) Executing Task: XNMethodUnlinkTask, Active Workers: 2
[2024-02-14T16:51:23.601+0100][debug][gc,phases      ] GC(55) Concurrent Classes Unlink 2,153ms
[2024-02-14T16:51:23.601+0100][debug][gc,phases,start] GC(55) Concurrent Classes Purge
[2024-02-14T16:51:23.601+0100][debug][gc,phases      ] GC(55) Concurrent Classes Purge 0,007ms
[2024-02-14T16:51:23.601+0100][debug][gc,phases,start] GC(55) Concurrent References Enqueue
[2024-02-14T16:51:23.601+0100][debug][gc,phases      ] GC(55) Concurrent References Enqueue 0,006ms
[2024-02-14T16:51:23.601+0100][info ][gc,phases      ] GC(55) Concurrent Process Non-Strong References 6,068ms
[2024-02-14T16:51:23.601+0100][debug][gc,phases,start] GC(55) Concurrent Reset Relocation Set
[2024-02-14T16:51:23.601+0100][info ][gc,phases      ] GC(55) Concurrent Reset Relocation Set 0,087ms
[2024-02-14T16:51:23.601+0100][debug][gc,phases,start] GC(55) Concurrent Select Relocation Set
[2024-02-14T16:51:23.602+0100][debug][gc,task        ] GC(55) Executing Task: XRelocationSetInstallTask, Active Workers: 2
[2024-02-14T16:51:23.608+0100][debug][gc,alloc       ] Allocation Rate: 2868,0MB/s, Predicted: 2880,9MB/s, Avg: 3047,0(+/-90,0)MB/s
[2024-02-14T16:51:23.611+0100][info ][gc,phases      ] GC(55) Concurrent Select Relocation Set 10,329ms
[2024-02-14T16:51:23.611+0100][debug][gc,phases,start] GC(55) Pause Relocate Start
[2024-02-14T16:51:23.611+0100][info ][gc,phases      ] GC(55) Pause Relocate Start 0,023ms
[2024-02-14T16:51:23.611+0100][debug][gc,phases,start] GC(55) Concurrent Relocate
[2024-02-14T16:51:23.611+0100][debug][gc,task        ] GC(55) Executing Task: XRelocateTask, Active Workers: 2
[2024-02-14T16:51:23.708+0100][debug][gc,alloc       ] Allocation Rate: 2826,0MB/s, Predicted: 2823,2MB/s, Avg: 3013,4(+/-102,6)MB/s
[2024-02-14T16:51:23.729+0100][info ][gc,phases      ] GC(55) Concurrent Relocate 117,843ms
[2024-02-14T16:51:23.729+0100][debug][gc,heap        ] GC(55) Heap after GC invocations=56 (full 56):
[2024-02-14T16:51:23.729+0100][debug][gc,heap        ] GC(55)  ZHeap           used 7060M, capacity 14594M, max capacity 15360M
[2024-02-14T16:51:23.729+0100][debug][gc,heap        ] GC(55)  Metaspace       used 32055K, committed 32448K, reserved 1114112K
[2024-02-14T16:51:23.729+0100][debug][gc,heap        ] GC(55)   class space    used 3381K, committed 3584K, reserved 1048576K
[2024-02-14T16:51:23.729+0100][info ][gc,load        ] GC(55) Load: 2,82/1,99/1,79
[2024-02-14T16:51:23.729+0100][info ][gc,mmu         ] GC(55) MMU: 2ms/92,8%, 5ms/97,1%, 10ms/98,6%, 20ms/99,1%, 50ms/99,6%, 100ms/99,8%
[2024-02-14T16:51:23.729+0100][info ][gc,marking     ] GC(55) Mark: 2 stripe(s), 2 proactive flush(es), 1 terminate flush(es), 0 completion(s), 0 continuation(s) 
[2024-02-14T16:51:23.729+0100][info ][gc,marking     ] GC(55) Mark Stack Usage: 32M
[2024-02-14T16:51:23.729+0100][info ][gc,nmethod     ] GC(55) NMethods: 4263 registered, 58 unregistered
[2024-02-14T16:51:23.729+0100][info ][gc,metaspace   ] GC(55) Metaspace: 31M used, 31M committed, 1088M reserved
[2024-02-14T16:51:23.729+0100][info ][gc,ref         ] GC(55) Soft: 3896 encountered, 0 discovered, 0 enqueued
[2024-02-14T16:51:23.729+0100][info ][gc,ref         ] GC(55) Weak: 2057 encountered, 86 discovered, 0 enqueued
[2024-02-14T16:51:23.729+0100][info ][gc,ref         ] GC(55) Final: 12308 encountered, 12308 discovered, 12308 enqueued
[2024-02-14T16:51:23.729+0100][info ][gc,ref         ] GC(55) Phantom: 12709 encountered, 12582 discovered, 12314 enqueued
[2024-02-14T16:51:23.729+0100][info ][gc,reloc       ] GC(55) Small Pages: 5493 / 10986M, Empty: 166M, Relocated: 412M, In-Place: 0
[2024-02-14T16:51:23.729+0100][info ][gc,reloc       ] GC(55) Medium Pages: 1 / 32M, Empty: 0M, Relocated: 0M, In-Place: 0
[2024-02-14T16:51:23.729+0100][info ][gc,reloc       ] GC(55) Large Pages: 0 / 0M, Empty: 0M, Relocated: 0M, In-Place: 0
[2024-02-14T16:51:23.729+0100][info ][gc,reloc       ] GC(55) Forwarding Usage: 177M
[2024-02-14T16:51:23.729+0100][info ][gc,heap        ] GC(55) Min Capacity: 5120M(33%)
[2024-02-14T16:51:23.729+0100][info ][gc,heap        ] GC(55) Max Capacity: 15360M(100%)
[2024-02-14T16:51:23.729+0100][info ][gc,heap        ] GC(55) Soft Max Capacity: 15360M(100%)
[2024-02-14T16:51:23.729+0100][info ][gc,heap        ] GC(55)                Mark Start          Mark End        Relocate Start      Relocate End           High               Low         
[2024-02-14T16:51:23.729+0100][info ][gc,heap        ] GC(55)  Capacity:    14594M (95%)       14594M (95%)       14594M (95%)       14594M (95%)       14594M (95%)       14594M (95%)    
[2024-02-14T16:51:23.729+0100][info ][gc,heap        ] GC(55)      Free:     4342M (28%)        1832M (12%)        1948M (13%)        8300M (54%)        8308M (54%)        1814M (12%)    
[2024-02-14T16:51:23.729+0100][info ][gc,heap        ] GC(55)      Used:    11018M (72%)       13528M (88%)       13412M (87%)        7060M (46%)       13546M (88%)        7052M (46%)    
[2024-02-14T16:51:23.729+0100][info ][gc,heap        ] GC(55)      Live:         -              3715M (24%)        3715M (24%)        3715M (24%)            -                  -          
[2024-02-14T16:51:23.729+0100][info ][gc,heap        ] GC(55) Allocated:         -              2510M (16%)        2560M (17%)        2887M (19%)            -                  -          
[2024-02-14T16:51:23.729+0100][info ][gc,heap        ] GC(55)   Garbage:         -              7302M (48%)        7136M (46%)         456M (3%)             -                  -          
[2024-02-14T16:51:23.729+0100][info ][gc,heap        ] GC(55) Reclaimed:         -                  -               166M (1%)         6845M (45%)            -                  -          
[2024-02-14T16:51:23.729+0100][info ][gc             ] GC(55) Garbage Collection (Allocation Rate) 11018M(72%)->7060M(46%)
[2024-02-14T16:51:23.808+0100][debug][gc,alloc       ] Allocation Rate: 2848,0MB/s, Predicted: 2790,3MB/s, Avg: 2984,4(+/-104,3)MB/s
[2024-02-14T16:51:23.808+0100][debug][gc,director    ] Select GC Workers (Try Lowering), AvoidLongGCWorkers: 0,223, AvoidOOMGCWorkers: 0,959, NextAvoidOOMGCWorkers: 1,874, LastGCWorkers: 2,000, GCWorkers: 2,000
[2024-02-14T16:51:23.808+0100][debug][gc,director    ] Rule: Allocation Rate (Dynamic GC Workers), MaxAllocRate: 3327,5MB/s (+/-3,5%), Free: 8006MB, GCCPUTime: 2,229, GCDuration: 1,116s, TimeUntilOOM: 2,325s, TimeUntilGC: 1,109s, GCWorkers: 2 -> 2
[2024-02-14T16:51:23.808+0100][debug][gc,director    ] Rule: High Usage, Free: 8006MB(52,1%)
[2024-02-14T16:51:23.808+0100][debug][gc,director    ] Rule: Proactive, UsedUntilEnabled: 1284MB, TimeUntilEnabled: 299,921s
[2024-02-14T16:51:23.907+0100][debug][gc,alloc       ] Allocation Rate: 2856,0MB/s, Predicted: 2771,3MB/s, Avg: 2959,4(+/-102,1)MB/s
[2024-02-14T16:51:23.907+0100][debug][gc,director    ] Select GC Workers (Try Lowering), AvoidLongGCWorkers: 0,223, AvoidOOMGCWorkers: 0,985, NextAvoidOOMGCWorkers: 1,816, LastGCWorkers: 2,000, GCWorkers: 2,000
[2024-02-14T16:51:23.907+0100][debug][gc,director    ] Rule: Allocation Rate (Dynamic GC Workers), MaxAllocRate: 3295,2MB/s (+/-3,4%), Free: 7716MB, GCCPUTime: 2,229, GCDuration: 1,116s, TimeUntilOOM: 2,264s, TimeUntilGC: 1,048s, GCWorkers: 2 -> 2
[2024-02-14T16:51:23.907+0100][debug][gc,director    ] Rule: High Usage, Free: 7716MB(50,2%)
[2024-02-14T16:51:23.907+0100][debug][gc,director    ] Rule: Proactive, UsedUntilEnabled: 994MB, TimeUntilEnabled: 299,822s
[2024-02-14T16:51:24.007+0100][debug][gc,alloc       ] Allocation Rate: 2884,0MB/s, Predicted: 2784,5MB/s, Avg: 2935,6(+/-88,2)MB/s
[2024-02-14T16:51:24.007+0100][debug][gc,director    ] Select GC Workers (Normal), AvoidLongGCWorkers: 0,223, AvoidOOMGCWorkers: 1,003, LastGCWorkers: 2,000, GCWorkers: 1,003
[2024-02-14T16:51:24.007+0100][debug][gc,director    ] Rule: Allocation Rate (Dynamic GC Workers), MaxAllocRate: 3225,7MB/s (+/-3,0%), Free: 7386MB, GCCPUTime: 2,229, GCDuration: 1,116s, TimeUntilOOM: 2,223s, TimeUntilGC: 1,007s, GCWorkers: 2 -> 2
[2024-02-14T16:51:24.007+0100][debug][gc,director    ] Rule: High Usage, Free: 7386MB(48,1%)
[2024-02-14T16:51:24.007+0100][debug][gc,director    ] Rule: Proactive, UsedUntilEnabled: 664MB, TimeUntilEnabled: 299,722s
[2024-02-14T16:51:24.107+0100][debug][gc,alloc       ] Allocation Rate: 2936,0MB/s, Predicted: 2823,7MB/s, Avg: 2921,0(+/-73,6)MB/s
[2024-02-14T16:51:24.108+0100][debug][gc,director    ] Select GC Workers (Normal), AvoidLongGCWorkers: 0,223, AvoidOOMGCWorkers: 1,024, LastGCWorkers: 2,000, GCWorkers: 1,024
[2024-02-14T16:51:24.108+0100][debug][gc,director    ] Rule: Allocation Rate (Dynamic GC Workers), MaxAllocRate: 3163,2MB/s (+/-2,5%), Free: 7056MB, GCCPUTime: 2,229, GCDuration: 1,116s, TimeUntilOOM: 2,176s, TimeUntilGC: 0,960s, GCWorkers: 2 -> 2
[2024-02-14T16:51:24.108+0100][debug][gc,director    ] Rule: High Usage, Free: 7056MB(45,9%)
[2024-02-14T16:51:24.108+0100][debug][gc,director    ] Rule: Proactive, UsedUntilEnabled: 334MB, TimeUntilEnabled: 299,622s
[2024-02-14T16:51:24.208+0100][debug][gc,alloc       ] Allocation Rate: 2974,0MB/s, Predicted: 2878,3MB/s, Avg: 2913,8(+/-63,9)MB/s
[2024-02-14T16:51:24.208+0100][debug][gc,director    ] Select GC Workers (Normal), AvoidLongGCWorkers: 0,223, AvoidOOMGCWorkers: 1,058, LastGCWorkers: 2,000, GCWorkers: 1,058
[2024-02-14T16:51:24.208+0100][debug][gc,director    ] Rule: Allocation Rate (Dynamic GC Workers), MaxAllocRate: 3124,1MB/s (+/-2,2%), Free: 6726MB, GCCPUTime: 2,229, GCDuration: 1,116s, TimeUntilOOM: 2,107s, TimeUntilGC: 0,891s, GCWorkers: 2 -> 2
[2024-02-14T16:51:24.208+0100][debug][gc,director    ] Rule: High Usage, Free: 6726MB(43,8%)
[2024-02-14T16:51:24.208+0100][debug][gc,director    ] Rule: Proactive, UsedUntilEnabled: 4MB, TimeUntilEnabled: 299,521s
[2024-02-14T16:51:24.308+0100][debug][gc,alloc       ] Allocation Rate: 2976,0MB/s, Predicted: 2929,3MB/s, Avg: 2910,2(+/-59,1)MB/s
[2024-02-14T16:51:24.308+0100][debug][gc,director    ] Select GC Workers (Normal), AvoidLongGCWorkers: 0,223, AvoidOOMGCWorkers: 1,106, LastGCWorkers: 2,000, GCWorkers: 1,106
[2024-02-14T16:51:24.308+0100][debug][gc,director    ] Rule: Allocation Rate (Dynamic GC Workers), MaxAllocRate: 3123,8MB/s (+/-2,0%), Free: 6424MB, GCCPUTime: 2,229, GCDuration: 1,116s, TimeUntilOOM: 2,016s, TimeUntilGC: 0,800s, GCWorkers: 2 -> 2
[2024-02-14T16:51:24.308+0100][debug][gc,director    ] Rule: High Usage, Free: 6424MB(41,8%)
[2024-02-14T16:51:24.308+0100][debug][gc,director    ] Rule: Proactive, AcceptableGCInterval: 21,962s, TimeSinceLastGC: 0,579s, TimeUntilGC: 21,383s
[2024-02-14T16:51:24.407+0100][debug][gc,alloc       ] Allocation Rate: 3014,0MB/s, Predicted: 2996,4MB/s, Avg: 2911,0(+/-60,4)MB/s
[2024-02-14T16:51:24.407+0100][debug][gc,director    ] Select GC Workers (Normal), AvoidLongGCWorkers: 0,223, AvoidOOMGCWorkers: 1,193, LastGCWorkers: 2,000, GCWorkers: 1,193
[2024-02-14T16:51:24.407+0100][debug][gc,director    ] Rule: Allocation Rate (Dynamic GC Workers), MaxAllocRate: 3195,2MB/s (+/-2,1%), Free: 6096MB, GCCPUTime: 2,229, GCDuration: 1,116s, TimeUntilOOM: 1,869s, TimeUntilGC: 0,653s, GCWorkers: 2 -> 2
[2024-02-14T16:51:24.407+0100][debug][gc,director    ] Rule: High Usage, Free: 6096MB(39,7%)
[2024-02-14T16:51:24.407+0100][debug][gc,director    ] Rule: Proactive, AcceptableGCInterval: 21,962s, TimeSinceLastGC: 0,678s, TimeUntilGC: 21,284s
[2024-02-14T16:51:24.507+0100][debug][gc,alloc       ] Allocation Rate: 3096,0MB/s, Predicted: 3074,9MB/s, Avg: 2927,8(+/-82,2)MB/s
[2024-02-14T16:51:24.507+0100][debug][gc,director    ] Select GC Workers (Normal), AvoidLongGCWorkers: 0,223, AvoidOOMGCWorkers: 1,331, LastGCWorkers: 2,000, GCWorkers: 1,331
[2024-02-14T16:51:24.507+0100][debug][gc,director    ] Rule: Allocation Rate (Dynamic GC Workers), MaxAllocRate: 3345,5MB/s (+/-2,8%), Free: 5764MB, GCCPUTime: 2,229, GCDuration: 1,116s, TimeUntilOOM: 1,676s, TimeUntilGC: 0,460s, GCWorkers: 2 -> 2
[2024-02-14T16:51:24.507+0100][debug][gc,director    ] Rule: High Usage, Free: 5764MB(37,5%)
[2024-02-14T16:51:24.507+0100][debug][gc,director    ] Rule: Proactive, AcceptableGCInterval: 21,962s, TimeSinceLastGC: 0,778s, TimeUntilGC: 21,183s
[2024-02-14T16:51:24.608+0100][debug][gc,alloc       ] Allocation Rate: 3136,0MB/s, Predicted: 3142,3MB/s, Avg: 2954,6(+/-100,1)MB/s
[2024-02-14T16:51:24.608+0100][debug][gc,director    ] Select GC Workers (Normal), AvoidLongGCWorkers: 0,223, AvoidOOMGCWorkers: 1,466, LastGCWorkers: 2,000, GCWorkers: 1,466
[2024-02-14T16:51:24.608+0100][debug][gc,director    ] Rule: Allocation Rate (Dynamic GC Workers), MaxAllocRate: 3471,7MB/s (+/-3,4%), Free: 5462MB, GCCPUTime: 2,229, GCDuration: 1,116s, TimeUntilOOM: 1,522s, TimeUntilGC: 0,306s, GCWorkers: 2 -> 2
[2024-02-14T16:51:24.608+0100][debug][gc,director    ] Rule: High Usage, Free: 5462MB(35,6%)
[2024-02-14T16:51:24.608+0100][debug][gc,director    ] Rule: Proactive, AcceptableGCInterval: 21,962s, TimeSinceLastGC: 0,878s, TimeUntilGC: 21,083s
[2024-02-14T16:51:24.708+0100][debug][gc,alloc       ] Allocation Rate: 3184,0MB/s, Predicted: 3199,7MB/s, Avg: 2990,4(+/-111,1)MB/s
[2024-02-14T16:51:24.708+0100][debug][gc,director    ] Select GC Workers (Normal), AvoidLongGCWorkers: 0,223, AvoidOOMGCWorkers: 1,606, LastGCWorkers: 2,000, GCWorkers: 1,606
[2024-02-14T16:51:24.708+0100][debug][gc,director    ] Rule: Allocation Rate (Dynamic GC Workers), MaxAllocRate: 3565,4MB/s (+/-3,7%), Free: 5136MB, GCCPUTime: 2,229, GCDuration: 1,116s, TimeUntilOOM: 1,389s, TimeUntilGC: 0,173s, GCWorkers: 2 -> 2
[2024-02-14T16:51:24.708+0100][debug][gc,director    ] Rule: High Usage, Free: 5134MB(33,4%)
[2024-02-14T16:51:24.708+0100][debug][gc,director    ] Rule: Proactive, AcceptableGCInterval: 21,962s, TimeSinceLastGC: 0,979s, TimeUntilGC: 20,983s
[2024-02-14T16:51:24.808+0100][debug][gc,alloc       ] Allocation Rate: 3198,0MB/s, Predicted: 3244,8MB/s, Avg: 3025,4(+/-115,8)MB/s
[2024-02-14T16:51:24.808+0100][debug][gc,director    ] Select GC Workers (Normal), AvoidLongGCWorkers: 0,223, AvoidOOMGCWorkers: 1,747, LastGCWorkers: 2,000, GCWorkers: 1,747
[2024-02-14T16:51:24.808+0100][debug][gc,director    ] Rule: Allocation Rate (Dynamic GC Workers), MaxAllocRate: 3625,8MB/s (+/-3,8%), Free: 4808MB, GCCPUTime: 2,229, GCDuration: 1,116s, TimeUntilOOM: 1,277s, TimeUntilGC: 0,061s, GCWorkers: 2 -> 2
[2024-02-14T16:51:24.808+0100][debug][gc,director    ] Rule: High Usage, Free: 4808MB(31,3%)
[2024-02-14T16:51:24.808+0100][debug][gc,director    ] Rule: Proactive, AcceptableGCInterval: 21,962s, TimeSinceLastGC: 1,079s, TimeUntilGC: 20,883s
[2024-02-14T16:51:24.907+0100][debug][gc,alloc       ] Allocation Rate: 3234,0MB/s, Predicted: 3283,1MB/s, Avg: 3063,2(+/-116,0)MB/s
[2024-02-14T16:51:24.907+0100][debug][gc,director    ] Select GC Workers (Normal), AvoidLongGCWorkers: 0,223, AvoidOOMGCWorkers: 1,894, LastGCWorkers: 2,000, GCWorkers: 1,894
[2024-02-14T16:51:24.907+0100][debug][gc,director    ] Rule: Allocation Rate (Dynamic GC Workers), MaxAllocRate: 3664,8MB/s (+/-3,8%), Free: 4482MB, GCCPUTime: 2,229, GCDuration: 1,116s, TimeUntilOOM: 1,178s, TimeUntilGC: -0,038s, GCWorkers: 2 -> 2
[2024-02-14T16:51:24.907+0100][debug][gc,heap        ] GC(56) Heap before GC invocations=56 (full 56):
[2024-02-14T16:51:24.907+0100][debug][gc,heap        ] GC(56)  ZHeap           used 10836M, capacity 14594M, max capacity 15360M
[2024-02-14T16:51:24.907+0100][debug][gc,heap        ] GC(56)  Metaspace       used 32055K, committed 32448K, reserved 1114112K
[2024-02-14T16:51:24.907+0100][debug][gc,heap        ] GC(56)   class space    used 3381K, committed 3584K, reserved 1048576K
[2024-02-14T16:51:24.907+0100][info ][gc,start       ] GC(56) Garbage Collection (Allocation Rate)
[2024-02-14T16:51:24.907+0100][info ][gc,task        ] GC(56) Using 2 workers
[2024-02-14T16:51:24.907+0100][debug][gc,phases,start] GC(56) Pause Mark Start
[2024-02-14T16:51:24.908+0100][debug][gc,marking     ] GC(56) Using 2 mark stripes
[2024-02-14T16:51:24.908+0100][debug][gc,marking     ] GC(56) Mark Worker/Stripe Distribution
[2024-02-14T16:51:24.908+0100][debug][gc,marking     ] GC(56)   Worker 0(2) -> Stripe 0(2)
[2024-02-14T16:51:24.908+0100][debug][gc,marking     ] GC(56)   Worker 1(2) -> Stripe 1(2)
[2024-02-14T16:51:24.908+0100][info ][gc,phases      ] GC(56) Pause Mark Start 0,068ms
[2024-02-14T16:51:24.908+0100][debug][gc,phases,start] GC(56) Concurrent Mark
[2024-02-14T16:51:24.908+0100][debug][gc,task        ] GC(56) Executing Task: XMarkRootsTask, Active Workers: 2
[2024-02-14T16:51:24.908+0100][debug][gc,tlab        ] GC(56) TLAB totals: thrds: 7  refills: 26622 max: 26608 slow allocs: 4 max 4 waste:  1,3% gc: 910144B max: 212536B slow: 91340376B max: 91335616B
[2024-02-14T16:51:24.908+0100][debug][gc,task        ] GC(56) Executing Task: XMarkTask, Active Workers: 2
[2024-02-14T16:51:25.008+0100][debug][gc,alloc       ] Allocation Rate: 3172,0MB/s, Predicted: 3278,8MB/s, Avg: 3092,0(+/-103,0)MB/s
[2024-02-14T16:51:25.108+0100][debug][gc,alloc       ] Allocation Rate: 3132,0MB/s, Predicted: 3253,2MB/s, Avg: 3111,6(+/-89,1)MB/s
[2024-02-14T16:51:25.208+0100][debug][gc,alloc       ] Allocation Rate: 3092,0MB/s, Predicted: 3208,7MB/s, Avg: 3123,4(+/-77,1)MB/s
[2024-02-14T16:51:25.307+0100][debug][gc,alloc       ] Allocation Rate: 3072,0MB/s, Predicted: 3148,8MB/s, Avg: 3133,0(+/-62,8)MB/s
[2024-02-14T16:51:25.308+0100][info ][gc,stats       ] === Garbage Collection Statistics =======================================================================================================================
[2024-02-14T16:51:25.308+0100][info ][gc,stats       ]                                                              Last 10s              Last 10m              Last 10h                Total
[2024-02-14T16:51:25.308+0100][info ][gc,stats       ]                                                              Avg / Max             Avg / Max             Avg / Max             Avg / Max
[2024-02-14T16:51:25.308+0100][info ][gc,stats       ]   Collector: Garbage Collection Cycle                    996,183 / 1072,783    709,916 / 1265,002    709,916 / 1265,002    709,916 / 1265,002    ms
[2024-02-14T16:51:25.308+0100][info ][gc,stats       ]  Contention: Mark Segment Reset Contention                     0 / 5                 1 / 70                1 / 70                1 / 70          ops/s
[2024-02-14T16:51:25.308+0100][info ][gc,stats       ]  Contention: Mark SeqNum Reset Contention                      0 / 0                 0 / 1                 0 / 1                 0 / 1           ops/s
[2024-02-14T16:51:25.308+0100][info ][gc,stats       ]    Critical: Allocation Stall                                  0 / 0                 0 / 0                 0 / 0                 0 / 0           ops/s
[2024-02-14T16:51:25.308+0100][info ][gc,stats       ]    Critical: Allocation Stall                              0,000 / 0,000         0,000 / 0,000         0,000 / 0,000         0,000 / 0,000       ms
[2024-02-14T16:51:25.308+0100][info ][gc,stats       ]    Critical: GC Locker Stall                                   0 / 0                 0 / 1                 0 / 1                 0 / 1           ops/s
[2024-02-14T16:51:25.308+0100][info ][gc,stats       ]    Critical: GC Locker Stall                               0,000 / 0,000         0,083 / 0,094         0,083 / 0,094         0,083 / 0,094       ms
[2024-02-14T16:51:25.308+0100][info ][gc,stats       ]    Critical: Relocation Stall                                  0 / 0                 0 / 0                 0 / 0                 0 / 0           ops/s
[2024-02-14T16:51:25.308+0100][info ][gc,stats       ]    Critical: Relocation Stall                              0,000 / 0,000         0,000 / 0,000         0,000 / 0,000         0,000 / 0,000       ms
[2024-02-14T16:51:25.308+0100][info ][gc,stats       ]      Memory: Allocation Rate                                3012 / 3214           2979 / 4428           2979 / 4428           2979 / 4428        MB/s
[2024-02-14T16:51:25.308+0100][info ][gc,stats       ]      Memory: Defragment                                        0 / 0                 0 / 32                0 / 32                0 / 32          ops/s
[2024-02-14T16:51:25.308+0100][info ][gc,stats       ]      Memory: Out Of Memory                                     0 / 0                 0 / 0                 0 / 0                 0 / 0           ops/s
[2024-02-14T16:51:25.308+0100][info ][gc,stats       ]      Memory: Page Cache Flush                                  0 / 0                 0 / 64                0 / 64                0 / 64          MB/s
[2024-02-14T16:51:25.308+0100][info ][gc,stats       ]      Memory: Page Cache Hit L1                              1587 / 1695           1510 / 2414           1510 / 2414           1510 / 2414        ops/s
[2024-02-14T16:51:25.308+0100][info ][gc,stats       ]      Memory: Page Cache Hit L2                                 0 / 0                 0 / 0                 0 / 0                 0 / 0           ops/s
[2024-02-14T16:51:25.308+0100][info ][gc,stats       ]      Memory: Page Cache Hit L3                                 0 / 0                17 / 915              17 / 915              17 / 915         ops/s
[2024-02-14T16:51:25.308+0100][info ][gc,stats       ]      Memory: Page Cache Miss                                   0 / 0                31 / 600              31 / 600              31 / 600         ops/s
[2024-02-14T16:51:25.308+0100][info ][gc,stats       ]      Memory: Uncommit                                          0 / 0                 0 / 0                 0 / 0                 0 / 0           MB/s
[2024-02-14T16:51:25.308+0100][info ][gc,stats       ]      Memory: Undo Object Allocation Failed                     0 / 0                 0 / 0                 0 / 0                 0 / 0           ops/s
[2024-02-14T16:51:25.308+0100][info ][gc,stats       ]      Memory: Undo Object Allocation Succeeded                  0 / 0                 0 / 14                0 / 14                0 / 14          ops/s
[2024-02-14T16:51:25.308+0100][info ][gc,stats       ]      Memory: Undo Page Allocation                              0 / 0                 0 / 31                0 / 31                0 / 31          ops/s
[2024-02-14T16:51:25.308+0100][info ][gc,stats       ]       Phase: Concurrent Mark                             859,434 / 925,968     588,514 / 979,889     588,514 / 979,889     588,514 / 979,889     ms
[2024-02-14T16:51:25.308+0100][info ][gc,stats       ]       Phase: Concurrent Mark Continue                      0,000 / 0,000         0,000 / 0,000         0,000 / 0,000         0,000 / 0,000       ms
[2024-02-14T16:51:25.308+0100][info ][gc,stats       ]       Phase: Concurrent Mark Free                          0,012 / 0,022         0,084 / 1,509         0,084 / 1,509         0,084 / 1,509       ms
[2024-02-14T16:51:25.308+0100][info ][gc,stats       ]       Phase: Concurrent Process Non-Strong References      6,428 / 6,844         8,032 / 16,291        8,032 / 16,291        8,032 / 16,291      ms
[2024-02-14T16:51:25.308+0100][info ][gc,stats       ]       Phase: Concurrent Relocate                         119,810 / 129,481     100,687 / 441,476     100,687 / 441,476     100,687 / 441,476     ms
[2024-02-14T16:51:25.308+0100][info ][gc,stats       ]       Phase: Concurrent Reset Relocation Set               0,098 / 0,107         0,098 / 0,235         0,098 / 0,235         0,098 / 0,235       ms
[2024-02-14T16:51:25.308+0100][info ][gc,stats       ]       Phase: Concurrent Select Relocation Set              9,514 / 10,329       11,547 / 96,956       11,547 / 96,956       11,547 / 96,956      ms
[2024-02-14T16:51:25.308+0100][info ][gc,stats       ]       Phase: Pause Mark End                                0,039 / 0,045         0,038 / 0,067         0,038 / 0,067         0,038 / 0,067       ms
[2024-02-14T16:51:25.308+0100][info ][gc,stats       ]       Phase: Pause Mark Start                              0,066 / 0,068         0,069 / 0,144         0,069 / 0,144         0,069 / 0,144       ms
[2024-02-14T16:51:25.308+0100][info ][gc,stats       ]       Phase: Pause Relocate Start                          0,030 / 0,038         0,033 / 0,062         0,033 / 0,062         0,033 / 0,062       ms
[2024-02-14T16:51:25.308+0100][info ][gc,stats       ]    Subphase: Concurrent Classes Purge                      0,021 / 0,032         0,394 / 5,566         0,394 / 5,566         0,394 / 5,566       ms
[2024-02-14T16:51:25.308+0100][info ][gc,stats       ]    Subphase: Concurrent Classes Unlink                     2,403 / 2,805         2,678 / 6,276         2,678 / 6,276         2,678 / 6,276       ms
[2024-02-14T16:51:25.308+0100][info ][gc,stats       ]    Subphase: Concurrent Mark                             857,881 / 924,549     553,111 / 979,011     553,111 / 979,011     553,111 / 979,011     ms
[2024-02-14T16:51:25.308+0100][info ][gc,stats       ]    Subphase: Concurrent Mark Try Flush                     0,109 / 0,225         0,192 / 16,348        0,192 / 16,348        0,192 / 16,348      ms
[2024-02-14T16:51:25.308+0100][info ][gc,stats       ]    Subphase: Concurrent Mark Try Terminate                 0,481 / 1,100         0,806 / 1,342         0,806 / 1,342         0,806 / 1,342       ms
[2024-02-14T16:51:25.308+0100][info ][gc,stats       ]    Subphase: Concurrent References Enqueue                 0,006 / 0,007         0,008 / 0,015         0,008 / 0,015         0,008 / 0,015       ms
[2024-02-14T16:51:25.308+0100][info ][gc,stats       ]    Subphase: Concurrent References Process                 3,608 / 3,735         4,355 / 10,523        4,355 / 10,523        4,355 / 10,523      ms
[2024-02-14T16:51:25.308+0100][info ][gc,stats       ]    Subphase: Concurrent Roots ClassLoaderDataGraph         0,069 / 0,124         0,079 / 0,310         0,079 / 0,310         0,079 / 0,310       ms
[2024-02-14T16:51:25.308+0100][info ][gc,stats       ]    Subphase: Concurrent Roots CodeCache                    0,000 / 0,000         0,000 / 0,000         0,000 / 0,000         0,000 / 0,000       ms
[2024-02-14T16:51:25.308+0100][info ][gc,stats       ]    Subphase: Concurrent Roots JavaThreads                  0,563 / 1,004         0,600 / 1,932         0,600 / 1,932         0,600 / 1,932       ms
[2024-02-14T16:51:25.308+0100][info ][gc,stats       ]    Subphase: Concurrent Roots OopStorageSet                0,018 / 0,036         0,082 / 0,964         0,082 / 0,964         0,082 / 0,964       ms
[2024-02-14T16:51:25.308+0100][info ][gc,stats       ]    Subphase: Concurrent Weak Roots OopStorageSet           0,170 / 0,220         0,211 / 0,778         0,211 / 0,778         0,211 / 0,778       ms
[2024-02-14T16:51:25.308+0100][info ][gc,stats       ]    Subphase: Pause Mark Try Complete                       0,000 / 0,000         0,000 / 0,000         0,000 / 0,000         0,000 / 0,000       ms
[2024-02-14T16:51:25.308+0100][info ][gc,stats       ]      System: Java Threads                                     43 / 43               41 / 46               41 / 46               41 / 46          threads
[2024-02-14T16:51:25.308+0100][info ][gc,stats       ] =========================================================================================================================================================
[2024-02-14T16:51:25.407+0100][debug][gc,alloc       ] Allocation Rate: 3000,0MB/s, Predicted: 3063,9MB/s, Avg: 3131,6(+/-65,6)MB/s
[2024-02-14T16:51:25.507+0100][debug][gc,alloc       ] Allocation Rate: 2956,0MB/s, Predicted: 2984,1MB/s, Avg: 3117,6(+/-84,0)MB/s
[2024-02-14T16:51:25.607+0100][debug][gc,alloc       ] Allocation Rate: 2938,0MB/s, Predicted: 2917,2MB/s, Avg: 3097,8(+/-99,3)MB/s
[2024-02-14T16:51:25.708+0100][debug][gc,alloc       ] Allocation Rate: 2858,0MB/s, Predicted: 2844,3MB/s, Avg: 3065,2(+/-117,5)MB/s
[2024-02-14T16:51:25.720+0100][info ][gc,phases      ] GC(56) Concurrent Mark 812,523ms
[2024-02-14T16:51:25.720+0100][debug][gc,phases,start] GC(56) Pause Mark End
[2024-02-14T16:51:25.720+0100][info ][gc,phases      ] GC(56) Pause Mark End 0,033ms
[2024-02-14T16:51:25.720+0100][debug][gc,phases,start] GC(56) Concurrent Mark Free
[2024-02-14T16:51:25.720+0100][info ][gc,phases      ] GC(56) Concurrent Mark Free 0,021ms
[2024-02-14T16:51:25.720+0100][debug][gc,phases,start] GC(56) Concurrent Process Non-Strong References
[2024-02-14T16:51:25.720+0100][debug][gc,phases,start] GC(56) Concurrent References Process
[2024-02-14T16:51:25.720+0100][debug][gc,task        ] GC(56) Executing Task: XReferenceProcessorTask, Active Workers: 2
[2024-02-14T16:51:25.724+0100][debug][gc,phases      ] GC(56) Concurrent References Process 3,621ms
[2024-02-14T16:51:25.724+0100][debug][gc,task        ] GC(56) Executing Task: XProcessWeakRootsTask, Active Workers: 2
[2024-02-14T16:51:25.724+0100][debug][gc,phases,start] GC(56) Concurrent Classes Unlink
[2024-02-14T16:51:25.724+0100][debug][gc,phases,start] GC(56) ClassLoaderData
[2024-02-14T16:51:25.724+0100][debug][gc,phases      ] GC(56) ClassLoaderData 0,031ms
[2024-02-14T16:51:25.724+0100][debug][gc,phases,start] GC(56) Trigger cleanups
[2024-02-14T16:51:25.724+0100][debug][gc,phases      ] GC(56) Trigger cleanups 0,005ms
[2024-02-14T16:51:25.724+0100][debug][gc,task        ] GC(56) Executing Task: XNMethodUnlinkTask, Active Workers: 2
[2024-02-14T16:51:25.727+0100][debug][gc,phases      ] GC(56) Concurrent Classes Unlink 2,258ms
[2024-02-14T16:51:25.727+0100][debug][gc,phases,start] GC(56) Concurrent Classes Purge
[2024-02-14T16:51:25.727+0100][debug][gc,phases      ] GC(56) Concurrent Classes Purge 0,018ms
[2024-02-14T16:51:25.727+0100][debug][gc,phases,start] GC(56) Concurrent References Enqueue
[2024-02-14T16:51:25.727+0100][debug][gc,phases      ] GC(56) Concurrent References Enqueue 0,006ms
[2024-02-14T16:51:25.727+0100][info ][gc,phases      ] GC(56) Concurrent Process Non-Strong References 6,402ms
[2024-02-14T16:51:25.727+0100][debug][gc,phases,start] GC(56) Concurrent Reset Relocation Set
[2024-02-14T16:51:25.727+0100][info ][gc,phases      ] GC(56) Concurrent Reset Relocation Set 0,104ms
[2024-02-14T16:51:25.727+0100][debug][gc,phases,start] GC(56) Concurrent Select Relocation Set
[2024-02-14T16:51:25.728+0100][debug][gc,task        ] GC(56) Executing Task: XRelocationSetInstallTask, Active Workers: 2
[2024-02-14T16:51:25.736+0100][info ][gc,phases      ] GC(56) Concurrent Select Relocation Set 9,565ms
[2024-02-14T16:51:25.737+0100][debug][gc,jni         ] Setting _needs_gc. Thread "VM Thread" 1 locked.
[2024-02-14T16:51:25.737+0100][debug][gc,jni         ] Performing GC after exiting critical section. Thread "Test worker" 0 locked.
[2024-02-14T16:51:25.737+0100][debug][gc             ] GC(56) GC Locker Stall (XDriver) 0,430ms
[2024-02-14T16:51:25.737+0100][debug][gc,phases,start] GC(56) Pause Relocate Start
[2024-02-14T16:51:25.737+0100][info ][gc,phases      ] GC(56) Pause Relocate Start 0,038ms
[2024-02-14T16:51:25.737+0100][debug][gc,phases,start] GC(56) Concurrent Relocate
[2024-02-14T16:51:25.737+0100][debug][gc,task        ] GC(56) Executing Task: XRelocateTask, Active Workers: 2
[2024-02-14T16:51:25.808+0100][debug][gc,alloc       ] Allocation Rate: 2750,0MB/s, Predicted: 2753,6MB/s, Avg: 3020,4(+/-141,3)MB/s
[2024-02-14T16:51:25.847+0100][info ][gc,phases      ] GC(56) Concurrent Relocate 109,106ms
[2024-02-14T16:51:25.847+0100][debug][gc,heap        ] GC(56) Heap after GC invocations=57 (full 57):
[2024-02-14T16:51:25.847+0100][debug][gc,heap        ] GC(56)  ZHeap           used 6706M, capacity 14594M, max capacity 15360M
[2024-02-14T16:51:25.847+0100][debug][gc,heap        ] GC(56)  Metaspace       used 32055K, committed 32448K, reserved 1114112K
[2024-02-14T16:51:25.847+0100][debug][gc,heap        ] GC(56)   class space    used 3381K, committed 3584K, reserved 1048576K
[2024-02-14T16:51:25.847+0100][info ][gc,load        ] GC(56) Load: 2,82/1,99/1,79
[2024-02-14T16:51:25.847+0100][info ][gc,mmu         ] GC(56) MMU: 2ms/92,8%, 5ms/97,1%, 10ms/98,6%, 20ms/99,1%, 50ms/99,6%, 100ms/99,8%
[2024-02-14T16:51:25.847+0100][info ][gc,marking     ] GC(56) Mark: 2 stripe(s), 2 proactive flush(es), 1 terminate flush(es), 0 completion(s), 0 continuation(s) 
[2024-02-14T16:51:25.847+0100][info ][gc,marking     ] GC(56) Mark Stack Usage: 32M
[2024-02-14T16:51:25.847+0100][info ][gc,nmethod     ] GC(56) NMethods: 4263 registered, 58 unregistered
[2024-02-14T16:51:25.847+0100][info ][gc,metaspace   ] GC(56) Metaspace: 31M used, 31M committed, 1088M reserved
[2024-02-14T16:51:25.847+0100][info ][gc,ref         ] GC(56) Soft: 3896 encountered, 0 discovered, 0 enqueued
[2024-02-14T16:51:25.847+0100][info ][gc,ref         ] GC(56) Weak: 2057 encountered, 107 discovered, 0 enqueued
[2024-02-14T16:51:25.847+0100][info ][gc,ref         ] GC(56) Final: 11991 encountered, 11991 discovered, 11991 enqueued
[2024-02-14T16:51:25.847+0100][info ][gc,ref         ] GC(56) Phantom: 12391 encountered, 12380 discovered, 11996 enqueued
[2024-02-14T16:51:25.847+0100][info ][gc,reloc       ] GC(56) Small Pages: 5402 / 10804M, Empty: 142M, Relocated: 404M, In-Place: 0
[2024-02-14T16:51:25.847+0100][info ][gc,reloc       ] GC(56) Medium Pages: 1 / 32M, Empty: 0M, Relocated: 0M, In-Place: 0
[2024-02-14T16:51:25.847+0100][info ][gc,reloc       ] GC(56) Large Pages: 0 / 0M, Empty: 0M, Relocated: 0M, In-Place: 0
[2024-02-14T16:51:25.847+0100][info ][gc,reloc       ] GC(56) Forwarding Usage: 173M
[2024-02-14T16:51:25.847+0100][info ][gc,heap        ] GC(56) Min Capacity: 5120M(33%)
[2024-02-14T16:51:25.847+0100][info ][gc,heap        ] GC(56) Max Capacity: 15360M(100%)
[2024-02-14T16:51:25.847+0100][info ][gc,heap        ] GC(56) Soft Max Capacity: 15360M(100%)
[2024-02-14T16:51:25.847+0100][info ][gc,heap        ] GC(56)                Mark Start          Mark End        Relocate Start      Relocate End           High               Low         
[2024-02-14T16:51:25.847+0100][info ][gc,heap        ] GC(56)  Capacity:    14594M (95%)       14594M (95%)       14594M (95%)       14594M (95%)       14594M (95%)       14594M (95%)    
[2024-02-14T16:51:25.847+0100][info ][gc,heap        ] GC(56)      Free:     4524M (29%)        2292M (15%)        2390M (16%)        8654M (56%)        8660M (56%)        2274M (15%)    
[2024-02-14T16:51:25.847+0100][info ][gc,heap        ] GC(56)      Used:    10836M (71%)       13068M (85%)       12970M (84%)        6706M (44%)       13086M (85%)        6700M (44%)    
[2024-02-14T16:51:25.847+0100][info ][gc,heap        ] GC(56)      Live:         -              3719M (24%)        3719M (24%)        3719M (24%)            -                  -          
[2024-02-14T16:51:25.847+0100][info ][gc,heap        ] GC(56) Allocated:         -              2232M (15%)        2276M (15%)        2529M (16%)            -                  -          
[2024-02-14T16:51:25.847+0100][info ][gc,heap        ] GC(56)   Garbage:         -              7116M (46%)        6974M (45%)         456M (3%)             -                  -          
[2024-02-14T16:51:25.847+0100][info ][gc,heap        ] GC(56) Reclaimed:         -                  -               142M (1%)         6659M (43%)            -                  -          
[2024-02-14T16:51:25.847+0100][info ][gc             ] GC(56) Garbage Collection (Allocation Rate) 10836M(71%)->6706M(44%)
[2024-02-14T16:51:25.908+0100][debug][gc,alloc       ] Allocation Rate: 2726,0MB/s, Predicted: 2692,8MB/s, Avg: 2969,6(+/-146,6)MB/s
[2024-02-14T16:51:25.908+0100][debug][gc,director    ] Select GC Workers (Try Lowering), AvoidLongGCWorkers: 0,214, AvoidOOMGCWorkers: 0,923, NextAvoidOOMGCWorkers: 1,769, LastGCWorkers: 2,000, GCWorkers: 2,000
[2024-02-14T16:51:25.908+0100][debug][gc,director    ] Rule: Allocation Rate (Dynamic GC Workers), MaxAllocRate: 3452,0MB/s (+/-4,9%), Free: 8414MB, GCCPUTime: 2,145, GCDuration: 1,075s, TimeUntilOOM: 2,323s, TimeUntilGC: 1,148s, GCWorkers: 2 -> 2
[2024-02-14T16:51:25.908+0100][debug][gc,director    ] Rule: High Usage, Free: 8414MB(54,8%)
[2024-02-14T16:51:25.908+0100][debug][gc,director    ] Rule: Proactive, UsedUntilEnabled: 1338MB, TimeUntilEnabled: 299,939s
[2024-02-14T16:51:26.007+0100][debug][gc,alloc       ] Allocation Rate: 2776,0MB/s, Predicted: 2669,3MB/s, Avg: 2930,0(+/-139,9)MB/s
[2024-02-14T16:51:26.007+0100][debug][gc,director    ] Select GC Workers (Try Lowering), AvoidLongGCWorkers: 0,214, AvoidOOMGCWorkers: 0,941, NextAvoidOOMGCWorkers: 1,691, LastGCWorkers: 2,000, GCWorkers: 2,000
[2024-02-14T16:51:26.007+0100][debug][gc,director    ] Rule: Allocation Rate (Dynamic GC Workers), MaxAllocRate: 3390,4MB/s (+/-4,8%), Free: 8098MB, GCCPUTime: 2,145, GCDuration: 1,075s, TimeUntilOOM: 2,280s, TimeUntilGC: 1,105s, GCWorkers: 2 -> 2
[2024-02-14T16:51:26.007+0100][debug][gc,director    ] Rule: High Usage, Free: 8098MB(52,7%)
[2024-02-14T16:51:26.007+0100][debug][gc,director    ] Rule: Proactive, UsedUntilEnabled: 1022MB, TimeUntilEnabled: 299,839s
[2024-02-14T16:51:26.107+0100][debug][gc,alloc       ] Allocation Rate: 2804,0MB/s, Predicted: 2672,8MB/s, Avg: 2897,2(+/-126,5)MB/s
[2024-02-14T16:51:26.107+0100][debug][gc,director    ] Select GC Workers (Try Lowering), AvoidLongGCWorkers: 0,214, AvoidOOMGCWorkers: 0,953, NextAvoidOOMGCWorkers: 1,602, LastGCWorkers: 2,000, GCWorkers: 2,000
[2024-02-14T16:51:26.107+0100][debug][gc,director    ] Rule: Allocation Rate (Dynamic GC Workers), MaxAllocRate: 3313,5MB/s (+/-4,4%), Free: 7780MB, GCCPUTime: 2,145, GCDuration: 1,075s, TimeUntilOOM: 2,250s, TimeUntilGC: 1,075s, GCWorkers: 2 -> 2
[2024-02-14T16:51:26.107+0100][debug][gc,director    ] Rule: High Usage, Free: 7780MB(50,7%)
[2024-02-14T16:51:26.107+0100][debug][gc,director    ] Rule: Proactive, UsedUntilEnabled: 704MB, TimeUntilEnabled: 299,739s
[2024-02-14T16:51:26.207+0100][debug][gc,alloc       ] Allocation Rate: 2800,0MB/s, Predicted: 2685,9MB/s, Avg: 2868,0(+/-110,9)MB/s
[2024-02-14T16:51:26.207+0100][debug][gc,director    ] Select GC Workers (Try Lowering), AvoidLongGCWorkers: 0,214, AvoidOOMGCWorkers: 0,961, NextAvoidOOMGCWorkers: 1,509, LastGCWorkers: 2,000, GCWorkers: 2,000
[2024-02-14T16:51:26.207+0100][debug][gc,director    ] Rule: Allocation Rate (Dynamic GC Workers), MaxAllocRate: 3233,0MB/s (+/-3,9%), Free: 7494MB, GCCPUTime: 2,145, GCDuration: 1,075s, TimeUntilOOM: 2,232s, TimeUntilGC: 1,057s, GCWorkers: 2 -> 2
[2024-02-14T16:51:26.207+0100][debug][gc,director    ] Rule: High Usage, Free: 7494MB(48,8%)
[2024-02-14T16:51:26.207+0100][debug][gc,director    ] Rule: Proactive, UsedUntilEnabled: 418MB, TimeUntilEnabled: 299,639s
[2024-02-14T16:51:26.308+0100][debug][gc,alloc       ] Allocation Rate: 2848,0MB/s, Predicted: 2732,3MB/s, Avg: 2845,6(+/-87,6)MB/s
[2024-02-14T16:51:26.308+0100][debug][gc,director    ] Select GC Workers (Try Lowering), AvoidLongGCWorkers: 0,214, AvoidOOMGCWorkers: 0,967, NextAvoidOOMGCWorkers: 1,423, LastGCWorkers: 2,000, GCWorkers: 1,923
[2024-02-14T16:51:26.308+0100][debug][gc,director    ] Rule: Allocation Rate (Dynamic GC Workers), MaxAllocRate: 3134,0MB/s (+/-3,1%), Free: 7164MB, GCCPUTime: 2,145, GCDuration: 1,075s, TimeUntilOOM: 2,218s, TimeUntilGC: 1,043s, GCWorkers: 2 -> 2
[2024-02-14T16:51:26.308+0100][debug][gc,director    ] Rule: High Usage, Free: 7164MB(46,6%)
[2024-02-14T16:51:26.308+0100][debug][gc,director    ] Rule: Proactive, UsedUntilEnabled: 88MB, TimeUntilEnabled: 299,539s
[2024-02-14T16:51:26.408+0100][debug][gc,alloc       ] Allocation Rate: 2924,0MB/s, Predicted: 2804,8MB/s, Avg: 2838,0(+/-76,5)MB/s
[2024-02-14T16:51:26.408+0100][debug][gc,director    ] Select GC Workers (Try Lowering), AvoidLongGCWorkers: 0,214, AvoidOOMGCWorkers: 0,996, NextAvoidOOMGCWorkers: 1,390, LastGCWorkers: 2,000, GCWorkers: 1,890
[2024-02-14T16:51:26.408+0100][debug][gc,director    ] Rule: Allocation Rate (Dynamic GC Workers), MaxAllocRate: 3089,8MB/s (+/-2,7%), Free: 6832MB, GCCPUTime: 2,145, GCDuration: 1,075s, TimeUntilOOM: 2,153s, TimeUntilGC: 0,979s, GCWorkers: 2 -> 2
[2024-02-14T16:51:26.408+0100][debug][gc,director    ] Rule: High Usage, Free: 6832MB(44,5%)
[2024-02-14T16:51:26.408+0100][debug][gc,director    ] Rule: Proactive, AcceptableGCInterval: 21,190s, TimeSinceLastGC: 0,561s, TimeUntilGC: 20,628s
[2024-02-14T16:51:26.507+0100][debug][gc,alloc       ] Allocation Rate: 2962,0MB/s, Predicted: 2885,9MB/s, Avg: 2838,6(+/-77,5)MB/s
[2024-02-14T16:51:26.507+0100][debug][gc,director    ] Select GC Workers (Normal), AvoidLongGCWorkers: 0,214, AvoidOOMGCWorkers: 1,064, LastGCWorkers: 2,000, GCWorkers: 1,064
[2024-02-14T16:51:26.507+0100][debug][gc,director    ] Rule: Allocation Rate (Dynamic GC Workers), MaxAllocRate: 3140,8MB/s (+/-2,7%), Free: 6506MB, GCCPUTime: 2,145, GCDuration: 1,075s, TimeUntilOOM: 2,016s, TimeUntilGC: 0,842s, GCWorkers: 2 -> 2
[2024-02-14T16:51:26.507+0100][debug][gc,director    ] Rule: High Usage, Free: 6506MB(42,4%)
[2024-02-14T16:51:26.507+0100][debug][gc,director    ] Rule: Proactive, AcceptableGCInterval: 21,190s, TimeSinceLastGC: 0,661s, TimeUntilGC: 20,529s
[2024-02-14T16:51:26.607+0100][debug][gc,alloc       ] Allocation Rate: 2976,0MB/s, Predicted: 2967,3MB/s, Avg: 2842,4(+/-83,0)MB/s
[2024-02-14T16:51:26.607+0100][debug][gc,director    ] Select GC Workers (Normal), AvoidLongGCWorkers: 0,214, AvoidOOMGCWorkers: 1,152, LastGCWorkers: 2,000, GCWorkers: 1,152
[2024-02-14T16:51:26.607+0100][debug][gc,director    ] Rule: Allocation Rate (Dynamic GC Workers), MaxAllocRate: 3240,4MB/s (+/-2,9%), Free: 6208MB, GCCPUTime: 2,145, GCDuration: 1,075s, TimeUntilOOM: 1,861s, TimeUntilGC: 0,687s, GCWorkers: 2 -> 2
[2024-02-14T16:51:26.607+0100][debug][gc,director    ] Rule: High Usage, Free: 6208MB(40,4%)
[2024-02-14T16:51:26.607+0100][debug][gc,director    ] Rule: Proactive, AcceptableGCInterval: 21,190s, TimeSinceLastGC: 0,761s, TimeUntilGC: 20,429s
[2024-02-14T16:51:26.707+0100][debug][gc,alloc       ] Allocation Rate: 3050,0MB/s, Predicted: 3054,5MB/s, Avg: 2861,6(+/-103,9)MB/s
[2024-02-14T16:51:26.707+0100][debug][gc,director    ] Select GC Workers (Normal), AvoidLongGCWorkers: 0,214, AvoidOOMGCWorkers: 1,283, LastGCWorkers: 2,000, GCWorkers: 1,283
[2024-02-14T16:51:26.707+0100][debug][gc,director    ] Rule: Allocation Rate (Dynamic GC Workers), MaxAllocRate: 3396,5MB/s (+/-3,6%), Free: 5888MB, GCCPUTime: 2,145, GCDuration: 1,075s, TimeUntilOOM: 1,673s, TimeUntilGC: 0,498s, GCWorkers: 2 -> 2
[2024-02-14T16:51:26.707+0100][debug][gc,director    ] Rule: High Usage, Free: 5886MB(38,3%)
[2024-02-14T16:51:26.707+0100][debug][gc,director    ] Rule: Proactive, AcceptableGCInterval: 21,190s, TimeSinceLastGC: 0,861s, TimeUntilGC: 20,329s
[2024-02-14T16:51:26.807+0100][debug][gc,alloc       ] Allocation Rate: 3150,0MB/s, Predicted: 3140,1MB/s, Avg: 2901,6(+/-127,6)MB/s
[2024-02-14T16:51:26.808+0100][debug][gc,director    ] Select GC Workers (Normal), AvoidLongGCWorkers: 0,214, AvoidOOMGCWorkers: 1,433, LastGCWorkers: 2,000, GCWorkers: 1,433
[2024-02-14T16:51:26.808+0100][debug][gc,director    ] Rule: Allocation Rate (Dynamic GC Workers), MaxAllocRate: 3559,9MB/s (+/-4,4%), Free: 5568MB, GCCPUTime: 2,145, GCDuration: 1,075s, TimeUntilOOM: 1,498s, TimeUntilGC: 0,324s, GCWorkers: 2 -> 2
[2024-02-14T16:51:26.808+0100][debug][gc,director    ] Rule: High Usage, Free: 5568MB(36,2%)
[2024-02-14T16:51:26.808+0100][debug][gc,director    ] Rule: Proactive, AcceptableGCInterval: 21,190s, TimeSinceLastGC: 0,961s, TimeUntilGC: 20,229s
[2024-02-14T16:51:26.908+0100][debug][gc,alloc       ] Allocation Rate: 3170,0MB/s, Predicted: 3200,7MB/s, Avg: 2946,0(+/-135,7)MB/s
[2024-02-14T16:51:26.908+0100][debug][gc,director    ] Select GC Workers (Normal), AvoidLongGCWorkers: 0,214, AvoidOOMGCWorkers: 1,562, LastGCWorkers: 2,000, GCWorkers: 1,562
[2024-02-14T16:51:26.908+0100][debug][gc,director    ] Rule: Allocation Rate (Dynamic GC Workers), MaxAllocRate: 3647,3MB/s (+/-4,6%), Free: 5246MB, GCCPUTime: 2,145, GCDuration: 1,075s, TimeUntilOOM: 1,375s, TimeUntilGC: 0,200s, GCWorkers: 2 -> 2
[2024-02-14T16:51:26.908+0100][debug][gc,director    ] Rule: High Usage, Free: 5246MB(34,2%)
[2024-02-14T16:51:26.908+0100][debug][gc,director    ] Rule: Proactive, AcceptableGCInterval: 21,190s, TimeSinceLastGC: 1,061s, TimeUntilGC: 20,129s
[2024-02-14T16:51:27.008+0100][debug][gc,alloc       ] Allocation Rate: 3176,0MB/s, Predicted: 3247,3MB/s, Avg: 2986,0(+/-138,6)MB/s
[2024-02-14T16:51:27.008+0100][debug][gc,director    ] Select GC Workers (Normal), AvoidLongGCWorkers: 0,214, AvoidOOMGCWorkers: 1,691, LastGCWorkers: 2,000, GCWorkers: 1,691
[2024-02-14T16:51:27.008+0100][debug][gc,director    ] Rule: Allocation Rate (Dynamic GC Workers), MaxAllocRate: 3703,6MB/s (+/-4,6%), Free: 4922MB, GCCPUTime: 2,145, GCDuration: 1,075s, TimeUntilOOM: 1,270s, TimeUntilGC: 0,096s, GCWorkers: 2 -> 2
[2024-02-14T16:51:27.008+0100][debug][gc,director    ] Rule: High Usage, Free: 4922MB(32,0%)
[2024-02-14T16:51:27.008+0100][debug][gc,director    ] Rule: Proactive, AcceptableGCInterval: 21,190s, TimeSinceLastGC: 1,161s, TimeUntilGC: 20,028s
[2024-02-14T16:51:27.107+0100][debug][gc,alloc       ] Allocation Rate: 3180,0MB/s, Predicted: 3276,4MB/s, Avg: 3023,6(+/-135,1)MB/s
[2024-02-14T16:51:27.107+0100][debug][gc,director    ] Select GC Workers (Normal), AvoidLongGCWorkers: 0,214, AvoidOOMGCWorkers: 1,815, LastGCWorkers: 2,000, GCWorkers: 1,815
[2024-02-14T16:51:27.107+0100][debug][gc,director    ] Rule: Allocation Rate (Dynamic GC Workers), MaxAllocRate: 3721,1MB/s (+/-4,5%), Free: 4600MB, GCCPUTime: 2,145, GCDuration: 1,075s, TimeUntilOOM: 1,183s, TimeUntilGC: 0,009s, GCWorkers: 2 -> 2
[2024-02-14T16:51:27.107+0100][debug][gc,director    ] Rule: High Usage, Free: 4600MB(29,9%)
[2024-02-14T16:51:27.107+0100][debug][gc,director    ] Rule: Proactive, AcceptableGCInterval: 21,190s, TimeSinceLastGC: 1,261s, TimeUntilGC: 19,929s
[2024-02-14T16:51:27.207+0100][debug][gc,alloc       ] Allocation Rate: 3218,0MB/s, Predicted: 3294,5MB/s, Avg: 3065,4(+/-123,7)MB/s
[2024-02-14T16:51:27.207+0100][debug][gc,director    ] Select GC Workers (Normal), AvoidLongGCWorkers: 0,214, AvoidOOMGCWorkers: 1,935, LastGCWorkers: 2,000, GCWorkers: 1,935
[2024-02-14T16:51:27.207+0100][debug][gc,director    ] Rule: Allocation Rate (Dynamic GC Workers), MaxAllocRate: 3701,5MB/s (+/-4,0%), Free: 4276MB, GCCPUTime: 2,145, GCDuration: 1,075s, TimeUntilOOM: 1,110s, TimeUntilGC: -0,064s, GCWorkers: 2 -> 2
[2024-02-14T16:51:27.207+0100][debug][gc,heap        ] GC(57) Heap before GC invocations=57 (full 57):
[2024-02-14T16:51:27.207+0100][debug][gc,heap        ] GC(57)  ZHeap           used 11042M, capacity 14594M, max capacity 15360M
[2024-02-14T16:51:27.207+0100][debug][gc,heap        ] GC(57)  Metaspace       used 32055K, committed 32448K, reserved 1114112K
[2024-02-14T16:51:27.207+0100][debug][gc,heap        ] GC(57)   class space    used 3381K, committed 3584K, reserved 1048576K
[2024-02-14T16:51:27.207+0100][info ][gc,start       ] GC(57) Garbage Collection (Allocation Rate)
[2024-02-14T16:51:27.207+0100][info ][gc,task        ] GC(57) Using 2 workers
[2024-02-14T16:51:27.207+0100][debug][gc,phases,start] GC(57) Pause Mark Start
[2024-02-14T16:51:27.207+0100][debug][gc,marking     ] GC(57) Using 2 mark stripes
[2024-02-14T16:51:27.207+0100][debug][gc,marking     ] GC(57) Mark Worker/Stripe Distribution
[2024-02-14T16:51:27.207+0100][debug][gc,marking     ] GC(57)   Worker 0(2) -> Stripe 0(2)
[2024-02-14T16:51:27.207+0100][debug][gc,marking     ] GC(57)   Worker 1(2) -> Stripe 1(2)
[2024-02-14T16:51:27.207+0100][info ][gc,phases      ] GC(57) Pause Mark Start 0,082ms
[2024-02-14T16:51:27.207+0100][debug][gc,phases,start] GC(57) Concurrent Mark
[2024-02-14T16:51:27.207+0100][debug][gc,task        ] GC(57) Executing Task: XMarkRootsTask, Active Workers: 2
[2024-02-14T16:51:27.208+0100][debug][gc,tlab        ] GC(57) TLAB totals: thrds: 8  refills: 27422 max: 27404 slow allocs: 14 max 14 waste:  1,3% gc: 1285048B max: 221624B slow: 95170248B max: 95158376B
[2024-02-14T16:51:27.208+0100][debug][gc,task        ] GC(57) Executing Task: XMarkTask, Active Workers: 2
[2024-02-14T16:51:27.307+0100][debug][gc,alloc       ] Allocation Rate: 3156,0MB/s, Predicted: 3272,8MB/s, Avg: 3096,2(+/-102,2)MB/s
[2024-02-14T16:51:27.407+0100][debug][gc,alloc       ] Allocation Rate: 3138,0MB/s, Predicted: 3243,6MB/s, Avg: 3117,6(+/-84,8)MB/s
[2024-02-14T16:51:27.507+0100][debug][gc,alloc       ] Allocation Rate: 3128,0MB/s, Predicted: 3206,3MB/s, Avg: 3134,2(+/-67,1)MB/s
[2024-02-14T16:51:27.608+0100][debug][gc,alloc       ] Allocation Rate: 3142,0MB/s, Predicted: 3167,2MB/s, Avg: 3150,8(+/-41,6)MB/s
[2024-02-14T16:51:27.708+0100][debug][gc,alloc       ] Allocation Rate: 3126,0MB/s, Predicted: 3130,4MB/s, Avg: 3158,4(+/-26,8)MB/s
[2024-02-14T16:51:27.808+0100][debug][gc,alloc       ] Allocation Rate: 3106,0MB/s, Predicted: 3107,2MB/s, Avg: 3154,0(+/-31,1)MB/s
[2024-02-14T16:51:27.908+0100][debug][gc,alloc       ] Allocation Rate: 3078,0MB/s, Predicted: 3081,1MB/s, Avg: 3144,8(+/-37,9)MB/s
[2024-02-14T16:51:28.008+0100][debug][gc,alloc       ] Allocation Rate: 3052,0MB/s, Predicted: 3052,3MB/s, Avg: 3132,4(+/-45,2)MB/s
[2024-02-14T16:51:28.041+0100][info ][gc,phases      ] GC(57) Concurrent Mark 833,760ms
[2024-02-14T16:51:28.041+0100][debug][gc,phases,start] GC(57) Pause Mark End
[2024-02-14T16:51:28.041+0100][info ][gc,phases      ] GC(57) Pause Mark End 0,035ms
[2024-02-14T16:51:28.041+0100][debug][gc,phases,start] GC(57) Concurrent Mark Free
[2024-02-14T16:51:28.041+0100][info ][gc,phases      ] GC(57) Concurrent Mark Free 0,025ms
[2024-02-14T16:51:28.041+0100][debug][gc,phases,start] GC(57) Concurrent Process Non-Strong References
[2024-02-14T16:51:28.041+0100][debug][gc,phases,start] GC(57) Concurrent References Process
[2024-02-14T16:51:28.041+0100][debug][gc,task        ] GC(57) Executing Task: XReferenceProcessorTask, Active Workers: 2
[2024-02-14T16:51:28.046+0100][debug][gc,phases      ] GC(57) Concurrent References Process 4,793ms
[2024-02-14T16:51:28.046+0100][debug][gc,task        ] GC(57) Executing Task: XProcessWeakRootsTask, Active Workers: 2
[2024-02-14T16:51:28.047+0100][debug][gc,phases,start] GC(57) Concurrent Classes Unlink
[2024-02-14T16:51:28.047+0100][debug][gc,phases,start] GC(57) ClassLoaderData
[2024-02-14T16:51:28.047+0100][debug][gc,phases      ] GC(57) ClassLoaderData 0,047ms
[2024-02-14T16:51:28.047+0100][debug][gc,phases,start] GC(57) Trigger cleanups
[2024-02-14T16:51:28.047+0100][debug][gc,phases      ] GC(57) Trigger cleanups 0,005ms
[2024-02-14T16:51:28.047+0100][debug][gc,task        ] GC(57) Executing Task: XNMethodUnlinkTask, Active Workers: 2
[2024-02-14T16:51:28.049+0100][debug][gc,phases      ] GC(57) Concurrent Classes Unlink 2,103ms
[2024-02-14T16:51:28.049+0100][debug][gc,phases,start] GC(57) Concurrent Classes Purge
[2024-02-14T16:51:28.049+0100][debug][gc,phases      ] GC(57) Concurrent Classes Purge 0,019ms
[2024-02-14T16:51:28.049+0100][debug][gc,phases,start] GC(57) Concurrent References Enqueue
[2024-02-14T16:51:28.049+0100][debug][gc,phases      ] GC(57) Concurrent References Enqueue 0,007ms
[2024-02-14T16:51:28.049+0100][info ][gc,phases      ] GC(57) Concurrent Process Non-Strong References 7,406ms
[2024-02-14T16:51:28.049+0100][debug][gc,phases,start] GC(57) Concurrent Reset Relocation Set
[2024-02-14T16:51:28.049+0100][info ][gc,phases      ] GC(57) Concurrent Reset Relocation Set 0,116ms
[2024-02-14T16:51:28.049+0100][debug][gc,phases,start] GC(57) Concurrent Select Relocation Set
[2024-02-14T16:51:28.052+0100][debug][gc,task        ] GC(57) Executing Task: XRelocationSetInstallTask, Active Workers: 2
[2024-02-14T16:51:28.060+0100][info ][gc,phases      ] GC(57) Concurrent Select Relocation Set 10,874ms
[2024-02-14T16:51:28.060+0100][debug][gc,phases,start] GC(57) Pause Relocate Start
[2024-02-14T16:51:28.060+0100][info ][gc,phases      ] GC(57) Pause Relocate Start 0,032ms
[2024-02-14T16:51:28.060+0100][debug][gc,phases,start] GC(57) Concurrent Relocate
[2024-02-14T16:51:28.060+0100][debug][gc,task        ] GC(57) Executing Task: XRelocateTask, Active Workers: 2
[2024-02-14T16:51:28.107+0100][debug][gc,alloc       ] Allocation Rate: 3020,0MB/s, Predicted: 3020,0MB/s, Avg: 3116,4(+/-53,2)MB/s
[2024-02-14T16:51:28.182+0100][info ][gc,phases      ] GC(57) Concurrent Relocate 122,259ms
[2024-02-14T16:51:28.182+0100][debug][gc,heap        ] GC(57) Heap after GC invocations=58 (full 58):
[2024-02-14T16:51:28.182+0100][debug][gc,heap        ] GC(57)  ZHeap           used 7070M, capacity 14594M, max capacity 15360M
[2024-02-14T16:51:28.182+0100][debug][gc,heap        ] GC(57)  Metaspace       used 32055K, committed 32448K, reserved 1114112K
[2024-02-14T16:51:28.182+0100][debug][gc,heap        ] GC(57)   class space    used 3381K, committed 3584K, reserved 1048576K
[2024-02-14T16:51:28.182+0100][info ][gc,load        ] GC(57) Load: 2,84/2,01/1,80
[2024-02-14T16:51:28.182+0100][info ][gc,mmu         ] GC(57) MMU: 2ms/92,8%, 5ms/97,1%, 10ms/98,6%, 20ms/99,1%, 50ms/99,6%, 100ms/99,8%
[2024-02-14T16:51:28.182+0100][info ][gc,marking     ] GC(57) Mark: 2 stripe(s), 2 proactive flush(es), 1 terminate flush(es), 0 completion(s), 0 continuation(s) 
[2024-02-14T16:51:28.182+0100][info ][gc,marking     ] GC(57) Mark Stack Usage: 32M
[2024-02-14T16:51:28.182+0100][info ][gc,nmethod     ] GC(57) NMethods: 4264 registered, 58 unregistered
[2024-02-14T16:51:28.182+0100][info ][gc,metaspace   ] GC(57) Metaspace: 31M used, 31M committed, 1088M reserved
[2024-02-14T16:51:28.182+0100][info ][gc,ref         ] GC(57) Soft: 3896 encountered, 0 discovered, 0 enqueued
[2024-02-14T16:51:28.182+0100][info ][gc,ref         ] GC(57) Weak: 2057 encountered, 130 discovered, 0 enqueued
[2024-02-14T16:51:28.182+0100][info ][gc,ref         ] GC(57) Final: 12353 encountered, 12353 discovered, 12353 enqueued
[2024-02-14T16:51:28.182+0100][info ][gc,ref         ] GC(57) Phantom: 12754 encountered, 12629 discovered, 12359 enqueued
[2024-02-14T16:51:28.182+0100][info ][gc,reloc       ] GC(57) Small Pages: 5505 / 11010M, Empty: 160M, Relocated: 388M, In-Place: 0
[2024-02-14T16:51:28.183+0100][info ][gc,reloc       ] GC(57) Medium Pages: 1 / 32M, Empty: 0M, Relocated: 0M, In-Place: 0
[2024-02-14T16:51:28.183+0100][info ][gc,reloc       ] GC(57) Large Pages: 0 / 0M, Empty: 0M, Relocated: 0M, In-Place: 0
[2024-02-14T16:51:28.183+0100][info ][gc,reloc       ] GC(57) Forwarding Usage: 164M
[2024-02-14T16:51:28.183+0100][info ][gc,heap        ] GC(57) Min Capacity: 5120M(33%)
[2024-02-14T16:51:28.183+0100][info ][gc,heap        ] GC(57) Max Capacity: 15360M(100%)
[2024-02-14T16:51:28.183+0100][info ][gc,heap        ] GC(57) Soft Max Capacity: 15360M(100%)
[2024-02-14T16:51:28.183+0100][info ][gc,heap        ] GC(57)                Mark Start          Mark End        Relocate Start      Relocate End           High               Low         
[2024-02-14T16:51:28.183+0100][info ][gc,heap        ] GC(57)  Capacity:    14594M (95%)       14594M (95%)       14594M (95%)       14594M (95%)       14594M (95%)       14594M (95%)    
[2024-02-14T16:51:28.183+0100][info ][gc,heap        ] GC(57)      Free:     4318M (28%)        1810M (12%)        1912M (12%)        8290M (54%)        8298M (54%)        1784M (12%)    
[2024-02-14T16:51:28.183+0100][info ][gc,heap        ] GC(57)      Used:    11042M (72%)       13550M (88%)       13448M (88%)        7070M (46%)       13576M (88%)        7062M (46%)    
[2024-02-14T16:51:28.183+0100][info ][gc,heap        ] GC(57)      Live:         -              3716M (24%)        3716M (24%)        3716M (24%)            -                  -          
[2024-02-14T16:51:28.183+0100][info ][gc,heap        ] GC(57) Allocated:         -              2508M (16%)        2566M (17%)        2897M (19%)            -                  -          
[2024-02-14T16:51:28.183+0100][info ][gc,heap        ] GC(57)   Garbage:         -              7325M (48%)        7165M (47%)         455M (3%)             -                  -          
[2024-02-14T16:51:28.183+0100][info ][gc,heap        ] GC(57) Reclaimed:         -                  -               160M (1%)         6869M (45%)            -                  -          
[2024-02-14T16:51:28.183+0100][info ][gc             ] GC(57) Garbage Collection (Allocation Rate) 11042M(72%)->7070M(46%)
[2024-02-14T16:51:28.207+0100][debug][gc,alloc       ] Allocation Rate: 2976,0MB/s, Predicted: 2990,9MB/s, Avg: 3092,2(+/-56,4)MB/s
[2024-02-14T16:51:28.207+0100][debug][gc,director    ] Select GC Workers (Try Lowering), AvoidLongGCWorkers: 0,207, AvoidOOMGCWorkers: 0,847, NextAvoidOOMGCWorkers: 1,550, LastGCWorkers: 2,000, GCWorkers: 2,000
[2024-02-14T16:51:28.207+0100][debug][gc,director    ] Rule: Allocation Rate (Dynamic GC Workers), MaxAllocRate: 3277,7MB/s (+/-1,8%), Free: 8170MB, GCCPUTime: 2,073, GCDuration: 1,039s, TimeUntilOOM: 2,448s, TimeUntilGC: 1,309s, GCWorkers: 2 -> 2
[2024-02-14T16:51:28.207+0100][debug][gc,director    ] Rule: High Usage, Free: 8170MB(53,2%)
[2024-02-14T16:51:28.207+0100][debug][gc,director    ] Rule: Proactive, UsedUntilEnabled: 1458MB, TimeUntilEnabled: 299,975s
[2024-02-14T16:51:28.307+0100][debug][gc,alloc       ] Allocation Rate: 3028,0MB/s, Predicted: 2982,3MB/s, Avg: 3079,4(+/-55,0)MB/s
[2024-02-14T16:51:28.308+0100][debug][gc,director    ] Select GC Workers (Try Lowering), AvoidLongGCWorkers: 0,207, AvoidOOMGCWorkers: 0,876, NextAvoidOOMGCWorkers: 1,530, LastGCWorkers: 2,000, GCWorkers: 2,000
[2024-02-14T16:51:28.308+0100][debug][gc,director    ] Rule: Allocation Rate (Dynamic GC Workers), MaxAllocRate: 3260,3MB/s (+/-1,8%), Free: 7850MB, GCCPUTime: 2,073, GCDuration: 1,039s, TimeUntilOOM: 2,366s, TimeUntilGC: 1,226s, GCWorkers: 2 -> 2
[2024-02-14T16:51:28.308+0100][debug][gc,director    ] Rule: High Usage, Free: 7850MB(51,1%)
[2024-02-14T16:51:28.308+0100][debug][gc,director    ] Rule: Proactive, UsedUntilEnabled: 1138MB, TimeUntilEnabled: 299,875s
[2024-02-14T16:51:28.408+0100][debug][gc,alloc       ] Allocation Rate: 3032,0MB/s, Predicted: 2978,9MB/s, Avg: 3068,8(+/-52,8)MB/s
[2024-02-14T16:51:28.408+0100][debug][gc,director    ] Select GC Workers (Try Lowering), AvoidLongGCWorkers: 0,207, AvoidOOMGCWorkers: 0,908, NextAvoidOOMGCWorkers: 1,510, LastGCWorkers: 2,000, GCWorkers: 2,000
[2024-02-14T16:51:28.408+0100][debug][gc,director    ] Rule: Allocation Rate (Dynamic GC Workers), MaxAllocRate: 3242,6MB/s (+/-1,7%), Free: 7532MB, GCCPUTime: 2,073, GCDuration: 1,039s, TimeUntilOOM: 2,284s, TimeUntilGC: 1,144s, GCWorkers: 2 -> 2
[2024-02-14T16:51:28.408+0100][debug][gc,director    ] Rule: High Usage, Free: 7532MB(49,0%)
[2024-02-14T16:51:28.408+0100][debug][gc,director    ] Rule: Proactive, UsedUntilEnabled: 820MB, TimeUntilEnabled: 299,775s
[2024-02-14T16:51:28.508+0100][debug][gc,alloc       ] Allocation Rate: 3044,0MB/s, Predicted: 2984,8MB/s, Avg: 3060,4(+/-49,3)MB/s
[2024-02-14T16:51:28.508+0100][debug][gc,director    ] Select GC Workers (Try Lowering), AvoidLongGCWorkers: 0,207, AvoidOOMGCWorkers: 0,942, NextAvoidOOMGCWorkers: 1,491, LastGCWorkers: 2,000, GCWorkers: 1,991
[2024-02-14T16:51:28.508+0100][debug][gc,director    ] Rule: Allocation Rate (Dynamic GC Workers), MaxAllocRate: 3222,6MB/s (+/-1,6%), Free: 7204MB, GCCPUTime: 2,073, GCDuration: 1,039s, TimeUntilOOM: 2,200s, TimeUntilGC: 1,061s, GCWorkers: 2 -> 2
[2024-02-14T16:51:28.508+0100][debug][gc,director    ] Rule: High Usage, Free: 7204MB(46,9%)
[2024-02-14T16:51:28.508+0100][debug][gc,director    ] Rule: Proactive, UsedUntilEnabled: 492MB, TimeUntilEnabled: 299,674s
[2024-02-14T16:51:28.607+0100][debug][gc,alloc       ] Allocation Rate: 3062,0MB/s, Predicted: 3007,2MB/s, Avg: 3052,4(+/-41,2)MB/s
[2024-02-14T16:51:28.607+0100][debug][gc,director    ] Select GC Workers (Try Lowering), AvoidLongGCWorkers: 0,207, AvoidOOMGCWorkers: 0,974, NextAvoidOOMGCWorkers: 1,463, LastGCWorkers: 2,000, GCWorkers: 1,963
[2024-02-14T16:51:28.607+0100][debug][gc,director    ] Rule: Allocation Rate (Dynamic GC Workers), MaxAllocRate: 3188,1MB/s (+/-1,4%), Free: 6874MB, GCCPUTime: 2,073, GCDuration: 1,039s, TimeUntilOOM: 2,127s, TimeUntilGC: 0,988s, GCWorkers: 2 -> 2
[2024-02-14T16:51:28.607+0100][debug][gc,director    ] Rule: High Usage, Free: 6874MB(44,8%)
[2024-02-14T16:51:28.607+0100][debug][gc,director    ] Rule: Proactive, UsedUntilEnabled: 162MB, TimeUntilEnabled: 299,575s
[2024-02-14T16:51:28.707+0100][debug][gc,alloc       ] Allocation Rate: 3092,0MB/s, Predicted: 3042,7MB/s, Avg: 3049,0(+/-36,1)MB/s
[2024-02-14T16:51:28.707+0100][debug][gc,director    ] Select GC Workers (Normal), AvoidLongGCWorkers: 0,207, AvoidOOMGCWorkers: 1,016, LastGCWorkers: 2,000, GCWorkers: 1,016
[2024-02-14T16:51:28.707+0100][debug][gc,director    ] Rule: Allocation Rate (Dynamic GC Workers), MaxAllocRate: 3167,8MB/s (+/-1,2%), Free: 6540MB, GCCPUTime: 2,073, GCDuration: 1,039s, TimeUntilOOM: 2,040s, TimeUntilGC: 0,901s, GCWorkers: 2 -> 2
[2024-02-14T16:51:28.707+0100][debug][gc,director    ] Rule: High Usage, Free: 6540MB(42,6%)
[2024-02-14T16:51:28.707+0100][debug][gc,director    ] Rule: Proactive, AcceptableGCInterval: 20,531s, TimeSinceLastGC: 0,525s, TimeUntilGC: 20,006s
[2024-02-14T16:51:28.807+0100][debug][gc,alloc       ] Allocation Rate: 3126,0MB/s, Predicted: 3088,7MB/s, Avg: 3051,0(+/-39,6)MB/s
[2024-02-14T16:51:28.807+0100][debug][gc,director    ] Select GC Workers (Normal), AvoidLongGCWorkers: 0,207, AvoidOOMGCWorkers: 1,089, LastGCWorkers: 2,000, GCWorkers: 1,089
[2024-02-14T16:51:28.807+0100][debug][gc,director    ] Rule: Allocation Rate (Dynamic GC Workers), MaxAllocRate: 3219,0MB/s (+/-1,3%), Free: 6206MB, GCCPUTime: 2,073, GCDuration: 1,039s, TimeUntilOOM: 1,903s, TimeUntilGC: 0,764s, GCWorkers: 2 -> 2
[2024-02-14T16:51:28.807+0100][debug][gc,director    ] Rule: High Usage, Free: 6206MB(40,4%)
[2024-02-14T16:51:28.807+0100][debug][gc,director    ] Rule: Proactive, AcceptableGCInterval: 20,531s, TimeSinceLastGC: 0,625s, TimeUntilGC: 19,906s
[2024-02-14T16:51:28.907+0100][debug][gc,alloc       ] Allocation Rate: 3164,0MB/s, Predicted: 3141,1MB/s, Avg: 3059,6(+/-51,9)MB/s
[2024-02-14T16:51:28.908+0100][debug][gc,director    ] Select GC Workers (Normal), AvoidLongGCWorkers: 0,207, AvoidOOMGCWorkers: 1,189, LastGCWorkers: 2,000, GCWorkers: 1,189
[2024-02-14T16:51:28.908+0100][debug][gc,director    ] Rule: Allocation Rate (Dynamic GC Workers), MaxAllocRate: 3312,0MB/s (+/-1,7%), Free: 5874MB, GCCPUTime: 2,073, GCDuration: 1,039s, TimeUntilOOM: 1,744s, TimeUntilGC: 0,605s, GCWorkers: 2 -> 2
[2024-02-14T16:51:28.908+0100][debug][gc,director    ] Rule: High Usage, Free: 5874MB(38,2%)
[2024-02-14T16:51:28.908+0100][debug][gc,director    ] Rule: Proactive, AcceptableGCInterval: 20,531s, TimeSinceLastGC: 0,725s, TimeUntilGC: 19,806s
[2024-02-14T16:51:29.008+0100][debug][gc,alloc       ] Allocation Rate: 3202,0MB/s, Predicted: 3196,0MB/s, Avg: 3074,6(+/-67,0)MB/s
[2024-02-14T16:51:29.008+0100][debug][gc,director    ] Select GC Workers (Normal), AvoidLongGCWorkers: 0,207, AvoidOOMGCWorkers: 1,308, LastGCWorkers: 2,000, GCWorkers: 1,308
[2024-02-14T16:51:29.008+0100][debug][gc,director    ] Rule: Allocation Rate (Dynamic GC Workers), MaxAllocRate: 3416,6MB/s (+/-2,2%), Free: 5538MB, GCCPUTime: 2,073, GCDuration: 1,039s, TimeUntilOOM: 1,586s, TimeUntilGC: 0,447s, GCWorkers: 2 -> 2
[2024-02-14T16:51:29.008+0100][debug][gc,director    ] Rule: High Usage, Free: 5538MB(36,1%)
[2024-02-14T16:51:29.008+0100][debug][gc,director    ] Rule: Proactive, AcceptableGCInterval: 20,531s, TimeSinceLastGC: 0,825s, TimeUntilGC: 19,706s
[2024-02-14T16:51:29.108+0100][debug][gc,alloc       ] Allocation Rate: 3248,0MB/s, Predicted: 3250,8MB/s, Avg: 3097,4(+/-81,8)MB/s
[2024-02-14T16:51:29.108+0100][debug][gc,director    ] Select GC Workers (Normal), AvoidLongGCWorkers: 0,207, AvoidOOMGCWorkers: 1,441, LastGCWorkers: 2,000, GCWorkers: 1,441
[2024-02-14T16:51:29.108+0100][debug][gc,director    ] Rule: Allocation Rate (Dynamic GC Workers), MaxAllocRate: 3519,8MB/s (+/-2,6%), Free: 5202MB, GCCPUTime: 2,073, GCDuration: 1,039s, TimeUntilOOM: 1,440s, TimeUntilGC: 0,301s, GCWorkers: 2 -> 2
[2024-02-14T16:51:29.108+0100][debug][gc,director    ] Rule: High Usage, Free: 5202MB(33,9%)
[2024-02-14T16:51:29.108+0100][debug][gc,director    ] Rule: Proactive, AcceptableGCInterval: 20,531s, TimeSinceLastGC: 0,925s, TimeUntilGC: 19,606s
[2024-02-14T16:51:29.208+0100][debug][gc,alloc       ] Allocation Rate: 3304,0MB/s, Predicted: 3301,1MB/s, Avg: 3130,2(+/-91,7)MB/s
[2024-02-14T16:51:29.208+0100][debug][gc,director    ] Select GC Workers (Normal), AvoidLongGCWorkers: 0,207, AvoidOOMGCWorkers: 1,582, LastGCWorkers: 2,000, GCWorkers: 1,582
[2024-02-14T16:51:29.208+0100][debug][gc,director    ] Rule: Allocation Rate (Dynamic GC Workers), MaxAllocRate: 3602,7MB/s (+/-2,9%), Free: 4866MB, GCCPUTime: 2,073, GCDuration: 1,039s, TimeUntilOOM: 1,312s, TimeUntilGC: 0,173s, GCWorkers: 2 -> 2
[2024-02-14T16:51:29.208+0100][debug][gc,director    ] Rule: High Usage, Free: 4866MB(31,7%)
[2024-02-14T16:51:29.208+0100][debug][gc,director    ] Rule: Proactive, AcceptableGCInterval: 20,531s, TimeSinceLastGC: 1,026s, TimeUntilGC: 19,506s
[2024-02-14T16:51:29.307+0100][debug][gc,alloc       ] Allocation Rate: 3318,0MB/s, Predicted: 3348,9MB/s, Avg: 3159,2(+/-100,2)MB/s
[2024-02-14T16:51:29.307+0100][debug][gc,director    ] Select GC Workers (Normal), AvoidLongGCWorkers: 0,207, AvoidOOMGCWorkers: 1,740, LastGCWorkers: 2,000, GCWorkers: 1,740
[2024-02-14T16:51:29.307+0100][debug][gc,director    ] Rule: Allocation Rate (Dynamic GC Workers), MaxAllocRate: 3678,7MB/s (+/-3,2%), Free: 4532MB, GCCPUTime: 2,073, GCDuration: 1,039s, TimeUntilOOM: 1,194s, TimeUntilGC: 0,055s, GCWorkers: 2 -> 2
[2024-02-14T16:51:29.307+0100][debug][gc,director    ] Rule: High Usage, Free: 4532MB(29,5%)
[2024-02-14T16:51:29.307+0100][debug][gc,director    ] Rule: Proactive, AcceptableGCInterval: 20,531s, TimeSinceLastGC: 1,125s, TimeUntilGC: 19,406s
[2024-02-14T16:51:29.407+0100][debug][gc,alloc       ] Allocation Rate: 3336,0MB/s, Predicted: 3385,7MB/s, Avg: 3189,6(+/-103,1)MB/s
[2024-02-14T16:51:29.407+0100][debug][gc,director    ] Select GC Workers (Normal), AvoidLongGCWorkers: 0,207, AvoidOOMGCWorkers: 1,904, LastGCWorkers: 2,000, GCWorkers: 1,904
[2024-02-14T16:51:29.407+0100][debug][gc,director    ] Rule: Allocation Rate (Dynamic GC Workers), MaxAllocRate: 3725,0MB/s (+/-3,2%), Free: 4196MB, GCCPUTime: 2,073, GCDuration: 1,039s, TimeUntilOOM: 1,091s, TimeUntilGC: -0,048s, GCWorkers: 2 -> 2
[2024-02-14T16:51:29.407+0100][debug][gc,heap        ] GC(58) Heap before GC invocations=58 (full 58):
[2024-02-14T16:51:29.407+0100][debug][gc,heap        ] GC(58)  ZHeap           used 11124M, capacity 14594M, max capacity 15360M
[2024-02-14T16:51:29.407+0100][debug][gc,heap        ] GC(58)  Metaspace       used 32056K, committed 32448K, reserved 1114112K
[2024-02-14T16:51:29.407+0100][debug][gc,heap        ] GC(58)   class space    used 3381K, committed 3584K, reserved 1048576K
[2024-02-14T16:51:29.407+0100][info ][gc,start       ] GC(58) Garbage Collection (Allocation Rate)
[2024-02-14T16:51:29.407+0100][info ][gc,task        ] GC(58) Using 2 workers
[2024-02-14T16:51:29.408+0100][debug][gc,phases,start] GC(58) Pause Mark Start
[2024-02-14T16:51:29.408+0100][debug][gc,marking     ] GC(58) Using 2 mark stripes
[2024-02-14T16:51:29.408+0100][debug][gc,marking     ] GC(58) Mark Worker/Stripe Distribution
[2024-02-14T16:51:29.408+0100][debug][gc,marking     ] GC(58)   Worker 0(2) -> Stripe 0(2)
[2024-02-14T16:51:29.408+0100][debug][gc,marking     ] GC(58)   Worker 1(2) -> Stripe 1(2)
[2024-02-14T16:51:29.408+0100][info ][gc,phases      ] GC(58) Pause Mark Start 0,061ms
[2024-02-14T16:51:29.408+0100][debug][gc,phases,start] GC(58) Concurrent Mark
[2024-02-14T16:51:29.408+0100][debug][gc,task        ] GC(58) Executing Task: XMarkRootsTask, Active Workers: 2
[2024-02-14T16:51:29.408+0100][debug][gc,tlab        ] GC(58) TLAB totals: thrds: 9  refills: 27757 max: 27739 slow allocs: 8 max 8 waste:  1,3% gc: 1314432B max: 262008B slow: 96689560B max: 96679520B
[2024-02-14T16:51:29.408+0100][debug][gc,task        ] GC(58) Executing Task: XMarkTask, Active Workers: 2
[2024-02-14T16:51:29.507+0100][debug][gc,alloc       ] Allocation Rate: 3306,0MB/s, Predicted: 3393,5MB/s, Avg: 3215,8(+/-95,8)MB/s
[2024-02-14T16:51:29.608+0100][debug][gc,alloc       ] Allocation Rate: 3280,0MB/s, Predicted: 3378,1MB/s, Avg: 3237,6(+/-82,1)MB/s
[2024-02-14T16:51:29.708+0100][debug][gc,alloc       ] Allocation Rate: 3254,0MB/s, Predicted: 3345,9MB/s, Avg: 3253,8(+/-66,3)MB/s
[2024-02-14T16:51:29.808+0100][debug][gc,alloc       ] Allocation Rate: 3232,0MB/s, Predicted: 3303,1MB/s, Avg: 3264,4(+/-51,9)MB/s
[2024-02-14T16:51:29.907+0100][debug][gc,alloc       ] Allocation Rate: 3208,0MB/s, Predicted: 3253,7MB/s, Avg: 3268,8(+/-44,6)MB/s
[2024-02-14T16:51:30.007+0100][debug][gc,alloc       ] Allocation Rate: 3184,0MB/s, Predicted: 3202,0MB/s, Avg: 3267,0(+/-47,5)MB/s
[2024-02-14T16:51:30.108+0100][debug][gc,alloc       ] Allocation Rate: 3158,0MB/s, Predicted: 3153,3MB/s, Avg: 3258,0(+/-57,7)MB/s
[2024-02-14T16:51:30.208+0100][debug][gc,alloc       ] Allocation Rate: 3130,0MB/s, Predicted: 3114,4MB/s, Avg: 3240,6(+/-66,7)MB/s
[2024-02-14T16:51:30.244+0100][info ][gc,phases      ] GC(58) Concurrent Mark 836,330ms
[2024-02-14T16:51:30.244+0100][debug][gc,phases,start] GC(58) Pause Mark End
[2024-02-14T16:51:30.244+0100][info ][gc,phases      ] GC(58) Pause Mark End 0,034ms
[2024-02-14T16:51:30.244+0100][debug][gc,phases,start] GC(58) Concurrent Mark Free
[2024-02-14T16:51:30.244+0100][info ][gc,phases      ] GC(58) Concurrent Mark Free 0,021ms
[2024-02-14T16:51:30.244+0100][debug][gc,phases,start] GC(58) Concurrent Process Non-Strong References
[2024-02-14T16:51:30.244+0100][debug][gc,phases,start] GC(58) Concurrent References Process
[2024-02-14T16:51:30.244+0100][debug][gc,task        ] GC(58) Executing Task: XReferenceProcessorTask, Active Workers: 2
[2024-02-14T16:51:30.248+0100][debug][gc,phases      ] GC(58) Concurrent References Process 3,750ms
[2024-02-14T16:51:30.248+0100][debug][gc,task        ] GC(58) Executing Task: XProcessWeakRootsTask, Active Workers: 2
[2024-02-14T16:51:30.249+0100][debug][gc,phases,start] GC(58) Concurrent Classes Unlink
[2024-02-14T16:51:30.249+0100][debug][gc,phases,start] GC(58) ClassLoaderData
[2024-02-14T16:51:30.249+0100][debug][gc,phases      ] GC(58) ClassLoaderData 0,054ms
[2024-02-14T16:51:30.249+0100][debug][gc,phases,start] GC(58) Trigger cleanups
[2024-02-14T16:51:30.249+0100][debug][gc,phases      ] GC(58) Trigger cleanups 0,005ms
[2024-02-14T16:51:30.249+0100][debug][gc,task        ] GC(58) Executing Task: XNMethodUnlinkTask, Active Workers: 2
[2024-02-14T16:51:30.251+0100][debug][gc,phases      ] GC(58) Concurrent Classes Unlink 2,187ms
[2024-02-14T16:51:30.251+0100][debug][gc,phases,start] GC(58) Concurrent Classes Purge
[2024-02-14T16:51:30.251+0100][debug][gc,phases      ] GC(58) Concurrent Classes Purge 0,019ms
[2024-02-14T16:51:30.251+0100][debug][gc,phases,start] GC(58) Concurrent References Enqueue
[2024-02-14T16:51:30.251+0100][debug][gc,phases      ] GC(58) Concurrent References Enqueue 0,007ms
[2024-02-14T16:51:30.251+0100][info ][gc,phases      ] GC(58) Concurrent Process Non-Strong References 6,512ms
[2024-02-14T16:51:30.251+0100][debug][gc,phases,start] GC(58) Concurrent Reset Relocation Set
[2024-02-14T16:51:30.251+0100][info ][gc,phases      ] GC(58) Concurrent Reset Relocation Set 0,101ms
[2024-02-14T16:51:30.251+0100][debug][gc,phases,start] GC(58) Concurrent Select Relocation Set
[2024-02-14T16:51:30.252+0100][debug][gc,task        ] GC(58) Executing Task: XRelocationSetInstallTask, Active Workers: 2
[2024-02-14T16:51:30.260+0100][info ][gc,phases      ] GC(58) Concurrent Select Relocation Set 9,171ms
[2024-02-14T16:51:30.260+0100][debug][gc,phases,start] GC(58) Pause Relocate Start
[2024-02-14T16:51:30.260+0100][info ][gc,phases      ] GC(58) Pause Relocate Start 0,032ms
[2024-02-14T16:51:30.260+0100][debug][gc,phases,start] GC(58) Concurrent Relocate
[2024-02-14T16:51:30.260+0100][debug][gc,task        ] GC(58) Executing Task: XRelocateTask, Active Workers: 2
[2024-02-14T16:51:30.308+0100][debug][gc,alloc       ] Allocation Rate: 3088,0MB/s, Predicted: 3074,0MB/s, Avg: 3217,6(+/-75,2)MB/s
[2024-02-14T16:51:30.370+0100][info ][gc,phases      ] GC(58) Concurrent Relocate 109,495ms
[2024-02-14T16:51:30.370+0100][debug][gc,heap        ] GC(58) Heap after GC invocations=59 (full 59):
[2024-02-14T16:51:30.370+0100][debug][gc,heap        ] GC(58)  ZHeap           used 7106M, capacity 14594M, max capacity 15360M
[2024-02-14T16:51:30.370+0100][debug][gc,heap        ] GC(58)  Metaspace       used 32056K, committed 32448K, reserved 1114112K
[2024-02-14T16:51:30.370+0100][debug][gc,heap        ] GC(58)   class space    used 3381K, committed 3584K, reserved 1048576K
[2024-02-14T16:51:30.370+0100][info ][gc,load        ] GC(58) Load: 2,84/2,01/1,80
[2024-02-14T16:51:30.370+0100][info ][gc,mmu         ] GC(58) MMU: 2ms/92,8%, 5ms/97,1%, 10ms/98,6%, 20ms/99,1%, 50ms/99,6%, 100ms/99,8%
[2024-02-14T16:51:30.370+0100][info ][gc,marking     ] GC(58) Mark: 2 stripe(s), 2 proactive flush(es), 1 terminate flush(es), 0 completion(s), 0 continuation(s) 
[2024-02-14T16:51:30.370+0100][info ][gc,marking     ] GC(58) Mark Stack Usage: 32M
[2024-02-14T16:51:30.370+0100][info ][gc,nmethod     ] GC(58) NMethods: 4267 registered, 58 unregistered
[2024-02-14T16:51:30.370+0100][info ][gc,metaspace   ] GC(58) Metaspace: 31M used, 31M committed, 1088M reserved
[2024-02-14T16:51:30.370+0100][info ][gc,ref         ] GC(58) Soft: 3896 encountered, 0 discovered, 0 enqueued
[2024-02-14T16:51:30.370+0100][info ][gc,ref         ] GC(58) Weak: 2057 encountered, 776 discovered, 0 enqueued
[2024-02-14T16:51:30.370+0100][info ][gc,ref         ] GC(58) Final: 12505 encountered, 12505 discovered, 12505 enqueued
[2024-02-14T16:51:30.370+0100][info ][gc,ref         ] GC(58) Phantom: 12907 encountered, 12781 discovered, 12512 enqueued
[2024-02-14T16:51:30.370+0100][info ][gc,reloc       ] GC(58) Small Pages: 5546 / 11092M, Empty: 162M, Relocated: 391M, In-Place: 0
[2024-02-14T16:51:30.370+0100][info ][gc,reloc       ] GC(58) Medium Pages: 1 / 32M, Empty: 0M, Relocated: 0M, In-Place: 0
[2024-02-14T16:51:30.370+0100][info ][gc,reloc       ] GC(58) Large Pages: 0 / 0M, Empty: 0M, Relocated: 0M, In-Place: 0
[2024-02-14T16:51:30.370+0100][info ][gc,reloc       ] GC(58) Forwarding Usage: 167M
[2024-02-14T16:51:30.370+0100][info ][gc,heap        ] GC(58) Min Capacity: 5120M(33%)
[2024-02-14T16:51:30.370+0100][info ][gc,heap        ] GC(58) Max Capacity: 15360M(100%)
[2024-02-14T16:51:30.370+0100][info ][gc,heap        ] GC(58) Soft Max Capacity: 15360M(100%)
[2024-02-14T16:51:30.370+0100][info ][gc,heap        ] GC(58)                Mark Start          Mark End        Relocate Start      Relocate End           High               Low         
[2024-02-14T16:51:30.370+0100][info ][gc,heap        ] GC(58)  Capacity:    14594M (95%)       14594M (95%)       14594M (95%)       14594M (95%)       14594M (95%)       14594M (95%)    
[2024-02-14T16:51:30.370+0100][info ][gc,heap        ] GC(58)      Free:     4236M (28%)        1668M (11%)        1780M (12%)        8254M (54%)        8256M (54%)        1646M (11%)    
[2024-02-14T16:51:30.370+0100][info ][gc,heap        ] GC(58)      Used:    11124M (72%)       13692M (89%)       13580M (88%)        7106M (46%)       13714M (89%)        7104M (46%)    
[2024-02-14T16:51:30.370+0100][info ][gc,heap        ] GC(58)      Live:         -              3724M (24%)        3724M (24%)        3724M (24%)            -                  -          
[2024-02-14T16:51:30.370+0100][info ][gc,heap        ] GC(58) Allocated:         -              2568M (17%)        2618M (17%)        2919M (19%)            -                  -          
[2024-02-14T16:51:30.370+0100][info ][gc,heap        ] GC(58)   Garbage:         -              7399M (48%)        7237M (47%)         462M (3%)             -                  -          
[2024-02-14T16:51:30.370+0100][info ][gc,heap        ] GC(58) Reclaimed:         -                  -               162M (1%)         6937M (45%)            -                  -          
[2024-02-14T16:51:30.370+0100][info ][gc             ] GC(58) Garbage Collection (Allocation Rate) 11124M(72%)->7106M(46%)
[2024-02-14T16:51:30.408+0100][debug][gc,alloc       ] Allocation Rate: 3046,0MB/s, Predicted: 3036,9MB/s, Avg: 3188,6(+/-79,7)MB/s
[2024-02-14T16:51:30.408+0100][debug][gc,director    ] Select GC Workers (Try Lowering), AvoidLongGCWorkers: 0,200, AvoidOOMGCWorkers: 0,877, NextAvoidOOMGCWorkers: 1,640, LastGCWorkers: 2,000, GCWorkers: 2,000
[2024-02-14T16:51:30.408+0100][debug][gc,director    ] Rule: Allocation Rate (Dynamic GC Workers), MaxAllocRate: 3450,9MB/s (+/-2,5%), Free: 8088MB, GCCPUTime: 2,005, GCDuration: 1,005s, TimeUntilOOM: 2,287s, TimeUntilGC: 1,182s, GCWorkers: 2 -> 2
[2024-02-14T16:51:30.408+0100][debug][gc,director    ] Rule: High Usage, Free: 8088MB(52,7%)
[2024-02-14T16:51:30.408+0100][debug][gc,director    ] Rule: Proactive, UsedUntilEnabled: 1412MB, TimeUntilEnabled: 299,962s
[2024-02-14T16:51:30.507+0100][debug][gc,alloc       ] Allocation Rate: 3074,0MB/s, Predicted: 3022,4MB/s, Avg: 3165,4(+/-75,8)MB/s
[2024-02-14T16:51:30.507+0100][debug][gc,director    ] Select GC Workers (Try Lowering), AvoidLongGCWorkers: 0,200, AvoidOOMGCWorkers: 0,903, NextAvoidOOMGCWorkers: 1,597, LastGCWorkers: 2,000, GCWorkers: 2,000
[2024-02-14T16:51:30.507+0100][debug][gc,director    ] Rule: Allocation Rate (Dynamic GC Workers), MaxAllocRate: 3414,9MB/s (+/-2,4%), Free: 7762MB, GCCPUTime: 2,005, GCDuration: 1,005s, TimeUntilOOM: 2,220s, TimeUntilGC: 1,115s, GCWorkers: 2 -> 2
[2024-02-14T16:51:30.507+0100][debug][gc,director    ] Rule: High Usage, Free: 7762MB(50,5%)
[2024-02-14T16:51:30.507+0100][debug][gc,director    ] Rule: Proactive, UsedUntilEnabled: 1086MB, TimeUntilEnabled: 299,863s
[2024-02-14T16:51:30.607+0100][debug][gc,alloc       ] Allocation Rate: 3102,0MB/s, Predicted: 3027,6MB/s, Avg: 3147,6(+/-67,2)MB/s
[2024-02-14T16:51:30.607+0100][debug][gc,director    ] Select GC Workers (Try Lowering), AvoidLongGCWorkers: 0,200, AvoidOOMGCWorkers: 0,928, NextAvoidOOMGCWorkers: 1,548, LastGCWorkers: 2,000, GCWorkers: 2,000
[2024-02-14T16:51:30.607+0100][debug][gc,director    ] Rule: Allocation Rate (Dynamic GC Workers), MaxAllocRate: 3368,8MB/s (+/-2,1%), Free: 7430MB, GCCPUTime: 2,005, GCDuration: 1,005s, TimeUntilOOM: 2,159s, TimeUntilGC: 1,055s, GCWorkers: 2 -> 2
[2024-02-14T16:51:30.607+0100][debug][gc,director    ] Rule: High Usage, Free: 7430MB(48,4%)
[2024-02-14T16:51:30.607+0100][debug][gc,director    ] Rule: Proactive, UsedUntilEnabled: 754MB, TimeUntilEnabled: 299,763s
[2024-02-14T16:51:30.708+0100][debug][gc,alloc       ] Allocation Rate: 3120,0MB/s, Predicted: 3044,9MB/s, Avg: 3134,2(+/-57,3)MB/s
[2024-02-14T16:51:30.708+0100][debug][gc,director    ] Select GC Workers (Try Lowering), AvoidLongGCWorkers: 0,200, AvoidOOMGCWorkers: 0,955, NextAvoidOOMGCWorkers: 1,501, LastGCWorkers: 2,000, GCWorkers: 2,000
[2024-02-14T16:51:30.708+0100][debug][gc,director    ] Rule: Allocation Rate (Dynamic GC Workers), MaxAllocRate: 3322,8MB/s (+/-1,8%), Free: 7104MB, GCCPUTime: 2,005, GCDuration: 1,005s, TimeUntilOOM: 2,100s, TimeUntilGC: 0,995s, GCWorkers: 2 -> 2
[2024-02-14T16:51:30.708+0100][debug][gc,director    ] Rule: High Usage, Free: 7104MB(46,2%)
[2024-02-14T16:51:30.708+0100][debug][gc,director    ] Rule: Proactive, UsedUntilEnabled: 428MB, TimeUntilEnabled: 299,662s
[2024-02-14T16:51:30.808+0100][debug][gc,alloc       ] Allocation Rate: 3142,0MB/s, Predicted: 3074,1MB/s, Avg: 3125,2(+/-47,5)MB/s
[2024-02-14T16:51:30.808+0100][debug][gc,director    ] Select GC Workers (Try Lowering), AvoidLongGCWorkers: 0,200, AvoidOOMGCWorkers: 0,987, NextAvoidOOMGCWorkers: 1,465, LastGCWorkers: 2,000, GCWorkers: 1,965
[2024-02-14T16:51:30.808+0100][debug][gc,director    ] Rule: Allocation Rate (Dynamic GC Workers), MaxAllocRate: 3281,4MB/s (+/-1,5%), Free: 6770MB, GCCPUTime: 2,005, GCDuration: 1,005s, TimeUntilOOM: 2,032s, TimeUntilGC: 0,927s, GCWorkers: 2 -> 2
[2024-02-14T16:51:30.808+0100][debug][gc,director    ] Rule: High Usage, Free: 6770MB(44,1%)
[2024-02-14T16:51:30.808+0100][debug][gc,director    ] Rule: Proactive, UsedUntilEnabled: 94MB, TimeUntilEnabled: 299,562s
[2024-02-14T16:51:30.907+0100][debug][gc,alloc       ] Allocation Rate: 3166,0MB/s, Predicted: 3112,5MB/s, Avg: 3121,0(+/-41,4)MB/s
[2024-02-14T16:51:30.907+0100][debug][gc,director    ] Select GC Workers (Normal), AvoidLongGCWorkers: 0,200, AvoidOOMGCWorkers: 1,028, LastGCWorkers: 2,000, GCWorkers: 1,028
[2024-02-14T16:51:30.907+0100][debug][gc,director    ] Rule: Allocation Rate (Dynamic GC Workers), MaxAllocRate: 3257,3MB/s (+/-1,3%), Free: 6438MB, GCCPUTime: 2,005, GCDuration: 1,005s, TimeUntilOOM: 1,951s, TimeUntilGC: 0,846s, GCWorkers: 2 -> 2
[2024-02-14T16:51:30.907+0100][debug][gc,director    ] Rule: High Usage, Free: 6438MB(41,9%)
[2024-02-14T16:51:30.907+0100][debug][gc,director    ] Rule: Proactive, AcceptableGCInterval: 19,836s, TimeSinceLastGC: 0,537s, TimeUntilGC: 19,299s
[2024-02-14T16:51:31.007+0100][debug][gc,alloc       ] Allocation Rate: 3192,0MB/s, Predicted: 3157,7MB/s, Avg: 3121,8(+/-42,7)MB/s
[2024-02-14T16:51:31.007+0100][debug][gc,director    ] Select GC Workers (Normal), AvoidLongGCWorkers: 0,200, AvoidOOMGCWorkers: 1,099, LastGCWorkers: 2,000, GCWorkers: 1,099
[2024-02-14T16:51:31.007+0100][debug][gc,director    ] Rule: Allocation Rate (Dynamic GC Workers), MaxAllocRate: 3298,2MB/s (+/-1,4%), Free: 6100MB, GCCPUTime: 2,005, GCDuration: 1,005s, TimeUntilOOM: 1,825s, TimeUntilGC: 0,720s, GCWorkers: 2 -> 2
[2024-02-14T16:51:31.007+0100][debug][gc,director    ] Rule: High Usage, Free: 6100MB(39,7%)
[2024-02-14T16:51:31.007+0100][debug][gc,director    ] Rule: Proactive, AcceptableGCInterval: 19,836s, TimeSinceLastGC: 0,637s, TimeUntilGC: 19,198s
[2024-02-14T16:51:31.107+0100][debug][gc,alloc       ] Allocation Rate: 3220,0MB/s, Predicted: 3206,7MB/s, Avg: 3128,0(+/-51,2)MB/s
[2024-02-14T16:51:31.107+0100][debug][gc,director    ] Select GC Workers (Normal), AvoidLongGCWorkers: 0,200, AvoidOOMGCWorkers: 1,194, LastGCWorkers: 2,000, GCWorkers: 1,194
[2024-02-14T16:51:31.107+0100][debug][gc,director    ] Rule: Allocation Rate (Dynamic GC Workers), MaxAllocRate: 3375,0MB/s (+/-1,6%), Free: 5762MB, GCCPUTime: 2,005, GCDuration: 1,005s, TimeUntilOOM: 1,680s, TimeUntilGC: 0,575s, GCWorkers: 2 -> 2
[2024-02-14T16:51:31.107+0100][debug][gc,director    ] Rule: High Usage, Free: 5762MB(37,5%)
[2024-02-14T16:51:31.107+0100][debug][gc,director    ] Rule: Proactive, AcceptableGCInterval: 19,836s, TimeSinceLastGC: 0,738s, TimeUntilGC: 19,098s
[2024-02-14T16:51:31.208+0100][debug][gc,alloc       ] Allocation Rate: 3244,0MB/s, Predicted: 3253,6MB/s, Avg: 3139,4(+/-61,9)MB/s
[2024-02-14T16:51:31.208+0100][debug][gc,director    ] Select GC Workers (Normal), AvoidLongGCWorkers: 0,200, AvoidOOMGCWorkers: 1,303, LastGCWorkers: 2,000, GCWorkers: 1,303
[2024-02-14T16:51:31.208+0100][debug][gc,director    ] Rule: Allocation Rate (Dynamic GC Workers), MaxAllocRate: 3457,3MB/s (+/-2,0%), Free: 5430MB, GCCPUTime: 2,005, GCDuration: 1,005s, TimeUntilOOM: 1,540s, TimeUntilGC: 0,435s, GCWorkers: 2 -> 2
[2024-02-14T16:51:31.208+0100][debug][gc,director    ] Rule: High Usage, Free: 5430MB(35,4%)
[2024-02-14T16:51:31.208+0100][debug][gc,director    ] Rule: Proactive, AcceptableGCInterval: 19,836s, TimeSinceLastGC: 0,838s, TimeUntilGC: 18,998s
[2024-02-14T16:51:31.308+0100][debug][gc,alloc       ] Allocation Rate: 3290,0MB/s, Predicted: 3300,1MB/s, Avg: 3159,6(+/-73,7)MB/s
[2024-02-14T16:51:31.308+0100][debug][gc,director    ] Select GC Workers (Normal), AvoidLongGCWorkers: 0,200, AvoidOOMGCWorkers: 1,429, LastGCWorkers: 2,000, GCWorkers: 1,429
[2024-02-14T16:51:31.308+0100][debug][gc,director    ] Rule: Allocation Rate (Dynamic GC Workers), MaxAllocRate: 3542,6MB/s (+/-2,3%), Free: 5092MB, GCCPUTime: 2,005, GCDuration: 1,005s, TimeUntilOOM: 1,405s, TimeUntilGC: 0,300s, GCWorkers: 2 -> 2
[2024-02-14T16:51:31.308+0100][debug][gc,director    ] Rule: High Usage, Free: 5092MB(33,2%)
[2024-02-14T16:51:31.308+0100][debug][gc,director    ] Rule: Proactive, AcceptableGCInterval: 19,836s, TimeSinceLastGC: 0,938s, TimeUntilGC: 18,898s
[2024-02-14T16:51:31.408+0100][debug][gc,alloc       ] Allocation Rate: 3332,0MB/s, Predicted: 3338,8MB/s, Avg: 3188,2(+/-79,3)MB/s
[2024-02-14T16:51:31.408+0100][debug][gc,director    ] Select GC Workers (Normal), AvoidLongGCWorkers: 0,200, AvoidOOMGCWorkers: 1,558, LastGCWorkers: 2,000, GCWorkers: 1,558
[2024-02-14T16:51:31.408+0100][debug][gc,director    ] Rule: Allocation Rate (Dynamic GC Workers), MaxAllocRate: 3599,8MB/s (+/-2,5%), Free: 4754MB, GCCPUTime: 2,005, GCDuration: 1,005s, TimeUntilOOM: 1,289s, TimeUntilGC: 0,184s, GCWorkers: 2 -> 2
[2024-02-14T16:51:31.408+0100][debug][gc,director    ] Rule: High Usage, Free: 4754MB(31,0%)
[2024-02-14T16:51:31.408+0100][debug][gc,director    ] Rule: Proactive, AcceptableGCInterval: 19,836s, TimeSinceLastGC: 1,038s, TimeUntilGC: 18,798s
[2024-02-14T16:51:31.507+0100][debug][gc,alloc       ] Allocation Rate: 3340,0MB/s, Predicted: 3369,1MB/s, Avg: 3214,8(+/-81,2)MB/s
[2024-02-14T16:51:31.507+0100][debug][gc,director    ] Select GC Workers (Normal), AvoidLongGCWorkers: 0,200, AvoidOOMGCWorkers: 1,693, LastGCWorkers: 2,000, GCWorkers: 1,693
[2024-02-14T16:51:31.507+0100][debug][gc,director    ] Rule: Allocation Rate (Dynamic GC Workers), MaxAllocRate: 3636,1MB/s (+/-2,5%), Free: 4422MB, GCCPUTime: 2,005, GCDuration: 1,005s, TimeUntilOOM: 1,186s, TimeUntilGC: 0,081s, GCWorkers: 2 -> 2
[2024-02-14T16:51:31.507+0100][debug][gc,director    ] Rule: High Usage, Free: 4422MB(28,8%)
[2024-02-14T16:51:31.507+0100][debug][gc,director    ] Rule: Proactive, AcceptableGCInterval: 19,836s, TimeSinceLastGC: 1,137s, TimeUntilGC: 18,699s
[2024-02-14T16:51:31.607+0100][debug][gc,alloc       ] Allocation Rate: 3346,0MB/s, Predicted: 3391,5MB/s, Avg: 3239,2(+/-80,2)MB/s
[2024-02-14T16:51:31.607+0100][debug][gc,director    ] Select GC Workers (Normal), AvoidLongGCWorkers: 0,200, AvoidOOMGCWorkers: 1,843, LastGCWorkers: 2,000, GCWorkers: 1,843
[2024-02-14T16:51:31.607+0100][debug][gc,director    ] Rule: Allocation Rate (Dynamic GC Workers), MaxAllocRate: 3655,5MB/s (+/-2,5%), Free: 4084MB, GCCPUTime: 2,005, GCDuration: 1,005s, TimeUntilOOM: 1,090s, TimeUntilGC: -0,015s, GCWorkers: 2 -> 2
[2024-02-14T16:51:31.607+0100][debug][gc,heap        ] GC(59) Heap before GC invocations=59 (full 59):
[2024-02-14T16:51:31.607+0100][debug][gc,heap        ] GC(59)  ZHeap           used 11234M, capacity 14594M, max capacity 15360M
[2024-02-14T16:51:31.607+0100][debug][gc,heap        ] GC(59)  Metaspace       used 32056K, committed 32448K, reserved 1114112K
[2024-02-14T16:51:31.607+0100][debug][gc,heap        ] GC(59)   class space    used 3381K, committed 3584K, reserved 1048576K
[2024-02-14T16:51:31.607+0100][info ][gc,start       ] GC(59) Garbage Collection (Allocation Rate)
[2024-02-14T16:51:31.607+0100][info ][gc,task        ] GC(59) Using 2 workers
[2024-02-14T16:51:31.607+0100][debug][gc,phases,start] GC(59) Pause Mark Start
[2024-02-14T16:51:31.607+0100][debug][gc,marking     ] GC(59) Using 2 mark stripes
[2024-02-14T16:51:31.607+0100][debug][gc,marking     ] GC(59) Mark Worker/Stripe Distribution
[2024-02-14T16:51:31.607+0100][debug][gc,marking     ] GC(59)   Worker 0(2) -> Stripe 0(2)
[2024-02-14T16:51:31.607+0100][debug][gc,marking     ] GC(59)   Worker 1(2) -> Stripe 1(2)
[2024-02-14T16:51:31.607+0100][info ][gc,phases      ] GC(59) Pause Mark Start 0,064ms
[2024-02-14T16:51:31.607+0100][debug][gc,phases,start] GC(59) Concurrent Mark
[2024-02-14T16:51:31.607+0100][debug][gc,task        ] GC(59) Executing Task: XMarkRootsTask, Active Workers: 2
[2024-02-14T16:51:31.608+0100][debug][gc,tlab        ] GC(59) TLAB totals: thrds: 7  refills: 28155 max: 28139 slow allocs: 5 max 5 waste:  1,3% gc: 618808B max: 192816B slow: 98808696B max: 98788680B
[2024-02-14T16:51:31.608+0100][debug][gc,task        ] GC(59) Executing Task: XMarkTask, Active Workers: 2
[2024-02-14T16:51:31.707+0100][debug][gc,alloc       ] Allocation Rate: 3312,0MB/s, Predicted: 3388,8MB/s, Avg: 3258,4(+/-72,0)MB/s
[2024-02-14T16:51:31.807+0100][debug][gc,alloc       ] Allocation Rate: 3294,0MB/s, Predicted: 3372,0MB/s, Avg: 3273,6(+/-61,0)MB/s
[2024-02-14T16:51:31.908+0100][debug][gc,alloc       ] Allocation Rate: 3274,0MB/s, Predicted: 3343,5MB/s, Avg: 3284,4(+/-49,5)MB/s
[2024-02-14T16:51:32.008+0100][debug][gc,alloc       ] Allocation Rate: 3248,0MB/s, Predicted: 3304,3MB/s, Avg: 3290,0(+/-41,2)MB/s
[2024-02-14T16:51:32.107+0100][debug][gc,alloc       ] Allocation Rate: 3218,0MB/s, Predicted: 3256,8MB/s, Avg: 3289,8(+/-41,5)MB/s
[2024-02-14T16:51:32.207+0100][debug][gc,alloc       ] Allocation Rate: 3196,0MB/s, Predicted: 3207,1MB/s, Avg: 3285,0(+/-48,7)MB/s
[2024-02-14T16:51:32.307+0100][debug][gc,alloc       ] Allocation Rate: 3168,0MB/s, Predicted: 3161,6MB/s, Avg: 3272,8(+/-59,9)MB/s
[2024-02-14T16:51:32.407+0100][debug][gc,alloc       ] Allocation Rate: 3140,0MB/s, Predicted: 3124,3MB/s, Avg: 3253,6(+/-68,1)MB/s
[2024-02-14T16:51:32.444+0100][info ][gc,phases      ] GC(59) Concurrent Mark 837,013ms
[2024-02-14T16:51:32.445+0100][debug][gc,phases,start] GC(59) Pause Mark End
[2024-02-14T16:51:32.445+0100][info ][gc,phases      ] GC(59) Pause Mark End 0,048ms
[2024-02-14T16:51:32.445+0100][debug][gc,phases,start] GC(59) Concurrent Mark Free
[2024-02-14T16:51:32.445+0100][info ][gc,phases      ] GC(59) Concurrent Mark Free 0,023ms
[2024-02-14T16:51:32.445+0100][debug][gc,phases,start] GC(59) Concurrent Process Non-Strong References
[2024-02-14T16:51:32.445+0100][debug][gc,phases,start] GC(59) Concurrent References Process
[2024-02-14T16:51:32.445+0100][debug][gc,task        ] GC(59) Executing Task: XReferenceProcessorTask, Active Workers: 2
[2024-02-14T16:51:32.450+0100][debug][gc,phases      ] GC(59) Concurrent References Process 4,860ms
[2024-02-14T16:51:32.450+0100][debug][gc,task        ] GC(59) Executing Task: XProcessWeakRootsTask, Active Workers: 2
[2024-02-14T16:51:32.450+0100][debug][gc,phases,start] GC(59) Concurrent Classes Unlink
[2024-02-14T16:51:32.450+0100][debug][gc,phases,start] GC(59) ClassLoaderData
[2024-02-14T16:51:32.450+0100][debug][gc,phases      ] GC(59) ClassLoaderData 0,032ms
[2024-02-14T16:51:32.450+0100][debug][gc,phases,start] GC(59) Trigger cleanups
[2024-02-14T16:51:32.450+0100][debug][gc,phases      ] GC(59) Trigger cleanups 0,005ms
[2024-02-14T16:51:32.450+0100][debug][gc,task        ] GC(59) Executing Task: XNMethodUnlinkTask, Active Workers: 2
[2024-02-14T16:51:32.452+0100][debug][gc,phases      ] GC(59) Concurrent Classes Unlink 2,195ms
[2024-02-14T16:51:32.452+0100][debug][gc,phases,start] GC(59) Concurrent Classes Purge
[2024-02-14T16:51:32.452+0100][debug][gc,nmethod     ] GC(59) Unregister NMethod: com.github.benmanes.caffeine.cache.BoundedLocalCache.admit (0x00007f9f0bf35110)
[2024-02-14T16:51:32.452+0100][debug][gc,nmethod     ] GC(59) Unregister NMethod: com.github.benmanes.caffeine.cache.BoundedLocalCache.admit (0x00007f9f2b773a90)
[2024-02-14T16:51:32.452+0100][debug][gc,phases      ] GC(59) Concurrent Classes Purge 0,037ms
[2024-02-14T16:51:32.452+0100][debug][gc,phases,start] GC(59) Concurrent References Enqueue
[2024-02-14T16:51:32.452+0100][debug][gc,phases      ] GC(59) Concurrent References Enqueue 0,007ms
[2024-02-14T16:51:32.452+0100][info ][gc,phases      ] GC(59) Concurrent Process Non-Strong References 7,553ms
[2024-02-14T16:51:32.452+0100][debug][gc,phases,start] GC(59) Concurrent Reset Relocation Set
[2024-02-14T16:51:32.452+0100][info ][gc,phases      ] GC(59) Concurrent Reset Relocation Set 0,105ms
[2024-02-14T16:51:32.452+0100][debug][gc,phases,start] GC(59) Concurrent Select Relocation Set
[2024-02-14T16:51:32.454+0100][debug][gc,task        ] GC(59) Executing Task: XRelocationSetInstallTask, Active Workers: 2
[2024-02-14T16:51:32.462+0100][info ][gc,phases      ] GC(59) Concurrent Select Relocation Set 9,390ms
[2024-02-14T16:51:32.462+0100][debug][gc,phases,start] GC(59) Pause Relocate Start
[2024-02-14T16:51:32.462+0100][info ][gc,phases      ] GC(59) Pause Relocate Start 0,047ms
[2024-02-14T16:51:32.462+0100][debug][gc,phases,start] GC(59) Concurrent Relocate
[2024-02-14T16:51:32.462+0100][debug][gc,task        ] GC(59) Executing Task: XRelocateTask, Active Workers: 2
[2024-02-14T16:51:32.507+0100][debug][gc,alloc       ] Allocation Rate: 3102,0MB/s, Predicted: 3086,7MB/s, Avg: 3229,8(+/-74,9)MB/s
[2024-02-14T16:51:32.571+0100][info ][gc,phases      ] GC(59) Concurrent Relocate 108,495ms
[2024-02-14T16:51:32.571+0100][debug][gc,heap        ] GC(59) Heap after GC invocations=60 (full 60):
[2024-02-14T16:51:32.571+0100][debug][gc,heap        ] GC(59)  ZHeap           used 7134M, capacity 14594M, max capacity 15360M
[2024-02-14T16:51:32.571+0100][debug][gc,heap        ] GC(59)  Metaspace       used 32056K, committed 32448K, reserved 1114112K
[2024-02-14T16:51:32.571+0100][debug][gc,heap        ] GC(59)   class space    used 3381K, committed 3584K, reserved 1048576K
[2024-02-14T16:51:32.571+0100][info ][gc,load        ] GC(59) Load: 2,84/2,01/1,80
[2024-02-14T16:51:32.571+0100][info ][gc,mmu         ] GC(59) MMU: 2ms/92,8%, 5ms/97,1%, 10ms/98,6%, 20ms/99,1%, 50ms/99,6%, 100ms/99,8%
[2024-02-14T16:51:32.571+0100][info ][gc,marking     ] GC(59) Mark: 2 stripe(s), 2 proactive flush(es), 1 terminate flush(es), 0 completion(s), 0 continuation(s) 
[2024-02-14T16:51:32.571+0100][info ][gc,marking     ] GC(59) Mark Stack Usage: 32M
[2024-02-14T16:51:32.571+0100][info ][gc,nmethod     ] GC(59) NMethods: 4269 registered, 60 unregistered
[2024-02-14T16:51:32.571+0100][info ][gc,metaspace   ] GC(59) Metaspace: 31M used, 31M committed, 1088M reserved
[2024-02-14T16:51:32.571+0100][info ][gc,ref         ] GC(59) Soft: 3896 encountered, 0 discovered, 0 enqueued
[2024-02-14T16:51:32.571+0100][info ][gc,ref         ] GC(59) Weak: 2057 encountered, 327 discovered, 0 enqueued
[2024-02-14T16:51:32.571+0100][info ][gc,ref         ] GC(59) Final: 12684 encountered, 12684 discovered, 12683 enqueued
[2024-02-14T16:51:32.571+0100][info ][gc,ref         ] GC(59) Phantom: 13085 encountered, 12937 discovered, 12690 enqueued
[2024-02-14T16:51:32.571+0100][info ][gc,reloc       ] GC(59) Small Pages: 5601 / 11202M, Empty: 144M, Relocated: 391M, In-Place: 0
[2024-02-14T16:51:32.571+0100][info ][gc,reloc       ] GC(59) Medium Pages: 1 / 32M, Empty: 0M, Relocated: 0M, In-Place: 0
[2024-02-14T16:51:32.571+0100][info ][gc,reloc       ] GC(59) Large Pages: 0 / 0M, Empty: 0M, Relocated: 0M, In-Place: 0
[2024-02-14T16:51:32.571+0100][info ][gc,reloc       ] GC(59) Forwarding Usage: 165M
[2024-02-14T16:51:32.571+0100][info ][gc,heap        ] GC(59) Min Capacity: 5120M(33%)
[2024-02-14T16:51:32.571+0100][info ][gc,heap        ] GC(59) Max Capacity: 15360M(100%)
[2024-02-14T16:51:32.571+0100][info ][gc,heap        ] GC(59) Soft Max Capacity: 15360M(100%)
[2024-02-14T16:51:32.571+0100][info ][gc,heap        ] GC(59)                Mark Start          Mark End        Relocate Start      Relocate End           High               Low         
[2024-02-14T16:51:32.571+0100][info ][gc,heap        ] GC(59)  Capacity:    14594M (95%)       14594M (95%)       14594M (95%)       14594M (95%)       14594M (95%)       14594M (95%)    
[2024-02-14T16:51:32.571+0100][info ][gc,heap        ] GC(59)      Free:     4126M (27%)        1544M (10%)        1636M (11%)        8226M (54%)        8228M (54%)        1520M (10%)    
[2024-02-14T16:51:32.571+0100][info ][gc,heap        ] GC(59)      Used:    11234M (73%)       13816M (90%)       13724M (89%)        7134M (46%)       13840M (90%)        7132M (46%)    
[2024-02-14T16:51:32.571+0100][info ][gc,heap        ] GC(59)      Live:         -              3726M (24%)        3726M (24%)        3726M (24%)            -                  -          
[2024-02-14T16:51:32.571+0100][info ][gc,heap        ] GC(59) Allocated:         -              2582M (17%)        2634M (17%)        2941M (19%)            -                  -          
[2024-02-14T16:51:32.571+0100][info ][gc,heap        ] GC(59)   Garbage:         -              7507M (49%)        7363M (48%)         465M (3%)             -                  -          
[2024-02-14T16:51:32.571+0100][info ][gc,heap        ] GC(59) Reclaimed:         -                  -               144M (1%)         7041M (46%)            -                  -          
[2024-02-14T16:51:32.571+0100][info ][gc             ] GC(59) Garbage Collection (Allocation Rate) 11234M(73%)->7134M(46%)
[2024-02-14T16:51:32.608+0100][debug][gc,alloc       ] Allocation Rate: 3066,0MB/s, Predicted: 3052,1MB/s, Avg: 3201,8(+/-78,5)MB/s
[2024-02-14T16:51:32.608+0100][debug][gc,director    ] Select GC Workers (Try Lowering), AvoidLongGCWorkers: 0,196, AvoidOOMGCWorkers: 0,865, NextAvoidOOMGCWorkers: 1,604, LastGCWorkers: 2,000, GCWorkers: 2,000
[2024-02-14T16:51:32.608+0100][debug][gc,director    ] Rule: Allocation Rate (Dynamic GC Workers), MaxAllocRate: 3460,2MB/s (+/-2,5%), Free: 8060MB, GCCPUTime: 1,968, GCDuration: 0,986s, TimeUntilOOM: 2,274s, TimeUntilGC: 1,188s, GCWorkers: 2 -> 2
[2024-02-14T16:51:32.608+0100][debug][gc,director    ] Rule: High Usage, Free: 8060MB(52,5%)
[2024-02-14T16:51:32.608+0100][debug][gc,director    ] Rule: Proactive, UsedUntilEnabled: 1412MB, TimeUntilEnabled: 299,963s
[2024-02-14T16:51:32.708+0100][debug][gc,alloc       ] Allocation Rate: 3104,0MB/s, Predicted: 3042,4MB/s, Avg: 3181,0(+/-74,0)MB/s
[2024-02-14T16:51:32.708+0100][debug][gc,director    ] Select GC Workers (Try Lowering), AvoidLongGCWorkers: 0,196, AvoidOOMGCWorkers: 0,892, NextAvoidOOMGCWorkers: 1,562, LastGCWorkers: 2,000, GCWorkers: 2,000
[2024-02-14T16:51:32.708+0100][debug][gc,director    ] Rule: Allocation Rate (Dynamic GC Workers), MaxAllocRate: 3424,5MB/s (+/-2,3%), Free: 7730MB, GCCPUTime: 1,968, GCDuration: 0,986s, TimeUntilOOM: 2,206s, TimeUntilGC: 1,120s, GCWorkers: 2 -> 2
[2024-02-14T16:51:32.708+0100][debug][gc,director    ] Rule: High Usage, Free: 7730MB(50,3%)
[2024-02-14T16:51:32.708+0100][debug][gc,director    ] Rule: Proactive, UsedUntilEnabled: 1082MB, TimeUntilEnabled: 299,863s
[2024-02-14T16:51:32.808+0100][debug][gc,alloc       ] Allocation Rate: 3122,0MB/s, Predicted: 3048,9MB/s, Avg: 3163,8(+/-65,2)MB/s
[2024-02-14T16:51:32.808+0100][debug][gc,director    ] Select GC Workers (Try Lowering), AvoidLongGCWorkers: 0,196, AvoidOOMGCWorkers: 0,917, NextAvoidOOMGCWorkers: 1,515, LastGCWorkers: 2,000, GCWorkers: 2,000
[2024-02-14T16:51:32.808+0100][debug][gc,director    ] Rule: Allocation Rate (Dynamic GC Workers), MaxAllocRate: 3378,3MB/s (+/-2,1%), Free: 7396MB, GCCPUTime: 1,968, GCDuration: 0,986s, TimeUntilOOM: 2,145s, TimeUntilGC: 1,059s, GCWorkers: 2 -> 2
[2024-02-14T16:51:32.808+0100][debug][gc,director    ] Rule: High Usage, Free: 7396MB(48,2%)
[2024-02-14T16:51:32.808+0100][debug][gc,director    ] Rule: Proactive, UsedUntilEnabled: 748MB, TimeUntilEnabled: 299,763s
[2024-02-14T16:51:32.907+0100][debug][gc,alloc       ] Allocation Rate: 3140,0MB/s, Predicted: 3068,8MB/s, Avg: 3150,4(+/-54,0)MB/s
[2024-02-14T16:51:32.907+0100][debug][gc,director    ] Select GC Workers (Try Lowering), AvoidLongGCWorkers: 0,196, AvoidOOMGCWorkers: 0,943, NextAvoidOOMGCWorkers: 1,468, LastGCWorkers: 2,000, GCWorkers: 1,968
[2024-02-14T16:51:32.907+0100][debug][gc,director    ] Rule: Allocation Rate (Dynamic GC Workers), MaxAllocRate: 3328,0MB/s (+/-1,7%), Free: 7066MB, GCCPUTime: 1,968, GCDuration: 0,986s, TimeUntilOOM: 2,087s, TimeUntilGC: 1,002s, GCWorkers: 2 -> 2
[2024-02-14T16:51:32.907+0100][debug][gc,director    ] Rule: High Usage, Free: 7066MB(46,0%)
[2024-02-14T16:51:32.907+0100][debug][gc,director    ] Rule: Proactive, UsedUntilEnabled: 418MB, TimeUntilEnabled: 299,664s
[2024-02-14T16:51:33.007+0100][debug][gc,alloc       ] Allocation Rate: 3164,0MB/s, Predicted: 3100,3MB/s, Avg: 3142,0(+/-43,7)MB/s
[2024-02-14T16:51:33.007+0100][debug][gc,director    ] Select GC Workers (Try Lowering), AvoidLongGCWorkers: 0,196, AvoidOOMGCWorkers: 0,974, NextAvoidOOMGCWorkers: 1,433, LastGCWorkers: 2,000, GCWorkers: 1,933
[2024-02-14T16:51:33.007+0100][debug][gc,director    ] Rule: Allocation Rate (Dynamic GC Workers), MaxAllocRate: 3285,7MB/s (+/-1,4%), Free: 6730MB, GCCPUTime: 1,968, GCDuration: 0,986s, TimeUntilOOM: 2,020s, TimeUntilGC: 0,934s, GCWorkers: 2 -> 2
[2024-02-14T16:51:33.007+0100][debug][gc,director    ] Rule: High Usage, Free: 6730MB(43,8%)
[2024-02-14T16:51:33.007+0100][debug][gc,director    ] Rule: Proactive, UsedUntilEnabled: 82MB, TimeUntilEnabled: 299,563s
[2024-02-14T16:51:33.107+0100][debug][gc,alloc       ] Allocation Rate: 3192,0MB/s, Predicted: 3140,5MB/s, Avg: 3139,4(+/-39,7)MB/s
[2024-02-14T16:51:33.107+0100][debug][gc,director    ] Select GC Workers (Normal), AvoidLongGCWorkers: 0,196, AvoidOOMGCWorkers: 1,020, LastGCWorkers: 2,000, GCWorkers: 1,020
[2024-02-14T16:51:33.107+0100][debug][gc,director    ] Rule: Allocation Rate (Dynamic GC Workers), MaxAllocRate: 3271,1MB/s (+/-1,3%), Free: 6394MB, GCCPUTime: 1,968, GCDuration: 0,986s, TimeUntilOOM: 1,930s, TimeUntilGC: 0,844s, GCWorkers: 2 -> 2
[2024-02-14T16:51:33.107+0100][debug][gc,director    ] Rule: High Usage, Free: 6394MB(41,6%)
[2024-02-14T16:51:33.107+0100][debug][gc,director    ] Rule: Proactive, AcceptableGCInterval: 19,436s, TimeSinceLastGC: 0,537s, TimeUntilGC: 18,899s
[2024-02-14T16:51:33.208+0100][debug][gc,alloc       ] Allocation Rate: 3218,0MB/s, Predicted: 3187,1MB/s, Avg: 3141,6(+/-43,2)MB/s
[2024-02-14T16:51:33.208+0100][debug][gc,director    ] Select GC Workers (Normal), AvoidLongGCWorkers: 0,196, AvoidOOMGCWorkers: 1,097, LastGCWorkers: 2,000, GCWorkers: 1,097
[2024-02-14T16:51:33.208+0100][debug][gc,director    ] Rule: Allocation Rate (Dynamic GC Workers), MaxAllocRate: 3329,2MB/s (+/-1,4%), Free: 6058MB, GCCPUTime: 1,968, GCDuration: 0,986s, TimeUntilOOM: 1,795s, TimeUntilGC: 0,709s, GCWorkers: 2 -> 2
[2024-02-14T16:51:33.208+0100][debug][gc,director    ] Rule: High Usage, Free: 6058MB(39,4%)
[2024-02-14T16:51:33.208+0100][debug][gc,director    ] Rule: Proactive, AcceptableGCInterval: 19,436s, TimeSinceLastGC: 0,637s, TimeUntilGC: 18,799s
[2024-02-14T16:51:33.308+0100][debug][gc,alloc       ] Allocation Rate: 3244,0MB/s, Predicted: 3235,1MB/s, Avg: 3149,2(+/-52,8)MB/s
[2024-02-14T16:51:33.308+0100][debug][gc,director    ] Select GC Workers (Normal), AvoidLongGCWorkers: 0,196, AvoidOOMGCWorkers: 1,193, LastGCWorkers: 2,000, GCWorkers: 1,193
[2024-02-14T16:51:33.308+0100][debug][gc,director    ] Rule: Allocation Rate (Dynamic GC Workers), MaxAllocRate: 3408,8MB/s (+/-1,7%), Free: 5722MB, GCCPUTime: 1,968, GCDuration: 0,986s, TimeUntilOOM: 1,651s, TimeUntilGC: 0,565s, GCWorkers: 2 -> 2
[2024-02-14T16:51:33.308+0100][debug][gc,director    ] Rule: High Usage, Free: 5722MB(37,3%)
[2024-02-14T16:51:33.308+0100][debug][gc,director    ] Rule: Proactive, AcceptableGCInterval: 19,436s, TimeSinceLastGC: 0,737s, TimeUntilGC: 18,699s
[2024-02-14T16:51:33.408+0100][debug][gc,alloc       ] Allocation Rate: 3270,0MB/s, Predicted: 3280,9MB/s, Avg: 3162,2(+/-63,8)MB/s
[2024-02-14T16:51:33.408+0100][debug][gc,director    ] Select GC Workers (Normal), AvoidLongGCWorkers: 0,196, AvoidOOMGCWorkers: 1,302, LastGCWorkers: 2,000, GCWorkers: 1,302
[2024-02-14T16:51:33.408+0100][debug][gc,director    ] Rule: Allocation Rate (Dynamic GC Workers), MaxAllocRate: 3490,8MB/s (+/-2,0%), Free: 5388MB, GCCPUTime: 1,968, GCDuration: 0,986s, TimeUntilOOM: 1,513s, TimeUntilGC: 0,427s, GCWorkers: 2 -> 2
[2024-02-14T16:51:33.408+0100][debug][gc,director    ] Rule: High Usage, Free: 5388MB(35,1%)
[2024-02-14T16:51:33.408+0100][debug][gc,director    ] Rule: Proactive, AcceptableGCInterval: 19,436s, TimeSinceLastGC: 0,837s, TimeUntilGC: 18,598s
[2024-02-14T16:51:33.508+0100][debug][gc,alloc       ] Allocation Rate: 3310,0MB/s, Predicted: 3324,0MB/s, Avg: 3183,0(+/-73,9)MB/s
[2024-02-14T16:51:33.508+0100][debug][gc,director    ] Select GC Workers (Normal), AvoidLongGCWorkers: 0,196, AvoidOOMGCWorkers: 1,423, LastGCWorkers: 2,000, GCWorkers: 1,423
[2024-02-14T16:51:33.508+0100][debug][gc,director    ] Rule: Allocation Rate (Dynamic GC Workers), MaxAllocRate: 3567,1MB/s (+/-2,3%), Free: 5052MB, GCCPUTime: 1,968, GCDuration: 0,986s, TimeUntilOOM: 1,384s, TimeUntilGC: 0,298s, GCWorkers: 2 -> 2
[2024-02-14T16:51:33.508+0100][debug][gc,director    ] Rule: High Usage, Free: 5052MB(32,9%)
[2024-02-14T16:51:33.508+0100][debug][gc,director    ] Rule: Proactive, AcceptableGCInterval: 19,436s, TimeSinceLastGC: 0,937s, TimeUntilGC: 18,498s
[2024-02-14T16:51:33.607+0100][debug][gc,alloc       ] Allocation Rate: 3342,0MB/s, Predicted: 3356,4MB/s, Avg: 3210,6(+/-76,5)MB/s
[2024-02-14T16:51:33.607+0100][debug][gc,director    ] Select GC Workers (Normal), AvoidLongGCWorkers: 0,196, AvoidOOMGCWorkers: 1,543, LastGCWorkers: 2,000, GCWorkers: 1,543
[2024-02-14T16:51:33.607+0100][debug][gc,director    ] Rule: Allocation Rate (Dynamic GC Workers), MaxAllocRate: 3608,2MB/s (+/-2,4%), Free: 4718MB, GCCPUTime: 1,968, GCDuration: 0,986s, TimeUntilOOM: 1,277s, TimeUntilGC: 0,191s, GCWorkers: 2 -> 2
[2024-02-14T16:51:33.607+0100][debug][gc,director    ] Rule: High Usage, Free: 4718MB(30,7%)
[2024-02-14T16:51:33.607+0100][debug][gc,director    ] Rule: Proactive, AcceptableGCInterval: 19,436s, TimeSinceLastGC: 1,037s, TimeUntilGC: 18,399s
[2024-02-14T16:51:33.707+0100][debug][gc,alloc       ] Allocation Rate: 3356,0MB/s, Predicted: 3386,1MB/s, Avg: 3235,8(+/-78,7)MB/s
[2024-02-14T16:51:33.707+0100][debug][gc,director    ] Select GC Workers (Normal), AvoidLongGCWorkers: 0,196, AvoidOOMGCWorkers: 1,682, LastGCWorkers: 2,000, GCWorkers: 1,682
[2024-02-14T16:51:33.707+0100][debug][gc,director    ] Rule: Allocation Rate (Dynamic GC Workers), MaxAllocRate: 3645,2MB/s (+/-2,4%), Free: 4374MB, GCCPUTime: 1,968, GCDuration: 0,986s, TimeUntilOOM: 1,171s, TimeUntilGC: 0,086s, GCWorkers: 2 -> 2
[2024-02-14T16:51:33.707+0100][debug][gc,director    ] Rule: High Usage, Free: 4374MB(28,5%)
[2024-02-14T16:51:33.707+0100][debug][gc,director    ] Rule: Proactive, AcceptableGCInterval: 19,436s, TimeSinceLastGC: 1,137s, TimeUntilGC: 18,299s
[2024-02-14T16:51:33.807+0100][debug][gc,alloc       ] Allocation Rate: 3358,0MB/s, Predicted: 3404,7MB/s, Avg: 3259,4(+/-76,4)MB/s
[2024-02-14T16:51:33.807+0100][debug][gc,director    ] Select GC Workers (Normal), AvoidLongGCWorkers: 0,196, AvoidOOMGCWorkers: 1,827, LastGCWorkers: 2,000, GCWorkers: 1,827
[2024-02-14T16:51:33.807+0100][debug][gc,director    ] Rule: Allocation Rate (Dynamic GC Workers), MaxAllocRate: 3656,1MB/s (+/-2,3%), Free: 4038MB, GCCPUTime: 1,968, GCDuration: 0,986s, TimeUntilOOM: 1,079s, TimeUntilGC: -0,007s, GCWorkers: 2 -> 2
[2024-02-14T16:51:33.808+0100][debug][gc,heap        ] GC(60) Heap before GC invocations=60 (full 60):
[2024-02-14T16:51:33.808+0100][debug][gc,heap        ] GC(60)  ZHeap           used 11280M, capacity 14594M, max capacity 15360M
[2024-02-14T16:51:33.808+0100][debug][gc,heap        ] GC(60)  Metaspace       used 32056K, committed 32448K, reserved 1114112K
[2024-02-14T16:51:33.808+0100][debug][gc,heap        ] GC(60)   class space    used 3381K, committed 3584K, reserved 1048576K
[2024-02-14T16:51:33.808+0100][info ][gc,start       ] GC(60) Garbage Collection (Allocation Rate)
[2024-02-14T16:51:33.808+0100][info ][gc,task        ] GC(60) Using 2 workers
[2024-02-14T16:51:33.808+0100][debug][gc,phases,start] GC(60) Pause Mark Start
[2024-02-14T16:51:33.808+0100][debug][gc,marking     ] GC(60) Using 2 mark stripes
[2024-02-14T16:51:33.808+0100][debug][gc,marking     ] GC(60) Mark Worker/Stripe Distribution
[2024-02-14T16:51:33.808+0100][debug][gc,marking     ] GC(60)   Worker 0(2) -> Stripe 0(2)
[2024-02-14T16:51:33.808+0100][debug][gc,marking     ] GC(60)   Worker 1(2) -> Stripe 1(2)
[2024-02-14T16:51:33.808+0100][info ][gc,phases      ] GC(60) Pause Mark Start 0,069ms
[2024-02-14T16:51:33.808+0100][debug][gc,phases,start] GC(60) Concurrent Mark
[2024-02-14T16:51:33.808+0100][debug][gc,task        ] GC(60) Executing Task: XMarkRootsTask, Active Workers: 2
[2024-02-14T16:51:33.809+0100][debug][gc,tlab        ] GC(60) TLAB totals: thrds: 10  refills: 28296 max: 28276 slow allocs: 10 max 10 waste:  1,4% gc: 1541632B max: 257632B slow: 99466696B max: 99449784B
[2024-02-14T16:51:33.809+0100][debug][gc,task        ] GC(60) Executing Task: XMarkTask, Active Workers: 2
[2024-02-14T16:51:33.908+0100][debug][gc,alloc       ] Allocation Rate: 3318,0MB/s, Predicted: 3396,3MB/s, Avg: 3277,2(+/-66,6)MB/s
[2024-02-14T16:51:34.008+0100][debug][gc,alloc       ] Allocation Rate: 3290,0MB/s, Predicted: 3371,2MB/s, Avg: 3289,8(+/-54,9)MB/s
[2024-02-14T16:51:34.108+0100][debug][gc,alloc       ] Allocation Rate: 3266,0MB/s, Predicted: 3335,6MB/s, Avg: 3297,2(+/-45,4)MB/s
[2024-02-14T16:51:34.208+0100][debug][gc,alloc       ] Allocation Rate: 3242,0MB/s, Predicted: 3292,4MB/s, Avg: 3299,6(+/-41,6)MB/s
[2024-02-14T16:51:34.307+0100][debug][gc,alloc       ] Allocation Rate: 3216,0MB/s, Predicted: 3244,1MB/s, Avg: 3296,8(+/-46,0)MB/s
[2024-02-14T16:51:34.407+0100][debug][gc,alloc       ] Allocation Rate: 3192,0MB/s, Predicted: 3195,1MB/s, Avg: 3289,0(+/-55,5)MB/s
[2024-02-14T16:51:34.507+0100][debug][gc,alloc       ] Allocation Rate: 3168,0MB/s, Predicted: 3152,3MB/s, Avg: 3274,8(+/-65,6)MB/s
[2024-02-14T16:51:34.607+0100][debug][gc,alloc       ] Allocation Rate: 3144,0MB/s, Predicted: 3117,9MB/s, Avg: 3255,0(+/-71,9)MB/s
[2024-02-14T16:51:34.645+0100][info ][gc,phases      ] GC(60) Concurrent Mark 836,964ms
[2024-02-14T16:51:34.645+0100][debug][gc,phases,start] GC(60) Pause Mark End
[2024-02-14T16:51:34.645+0100][info ][gc,phases      ] GC(60) Pause Mark End 0,028ms
[2024-02-14T16:51:34.645+0100][debug][gc,phases,start] GC(60) Concurrent Mark Free
[2024-02-14T16:51:34.645+0100][info ][gc,phases      ] GC(60) Concurrent Mark Free 0,019ms
[2024-02-14T16:51:34.645+0100][debug][gc,phases,start] GC(60) Concurrent Process Non-Strong References
[2024-02-14T16:51:34.645+0100][debug][gc,phases,start] GC(60) Concurrent References Process
[2024-02-14T16:51:34.645+0100][debug][gc,task        ] GC(60) Executing Task: XReferenceProcessorTask, Active Workers: 2
[2024-02-14T16:51:34.649+0100][debug][gc,phases      ] GC(60) Concurrent References Process 3,762ms
[2024-02-14T16:51:34.649+0100][debug][gc,task        ] GC(60) Executing Task: XProcessWeakRootsTask, Active Workers: 2
[2024-02-14T16:51:34.649+0100][debug][gc,phases,start] GC(60) Concurrent Classes Unlink
[2024-02-14T16:51:34.649+0100][debug][gc,phases,start] GC(60) ClassLoaderData
[2024-02-14T16:51:34.649+0100][debug][gc,phases      ] GC(60) ClassLoaderData 0,032ms
[2024-02-14T16:51:34.649+0100][debug][gc,phases,start] GC(60) Trigger cleanups
[2024-02-14T16:51:34.649+0100][debug][gc,phases      ] GC(60) Trigger cleanups 0,005ms
[2024-02-14T16:51:34.649+0100][debug][gc,task        ] GC(60) Executing Task: XNMethodUnlinkTask, Active Workers: 2
[2024-02-14T16:51:34.651+0100][debug][gc,phases      ] GC(60) Concurrent Classes Unlink 2,285ms
[2024-02-14T16:51:34.651+0100][debug][gc,phases,start] GC(60) Concurrent Classes Purge
[2024-02-14T16:51:34.652+0100][debug][gc,nmethod     ] GC(60) Unregister NMethod: com.github.benmanes.caffeine.cache.BoundedLocalCache.climb (0x00007f9f0c138710)
[2024-02-14T16:51:34.652+0100][debug][gc,nmethod     ] GC(60) Unregister NMethod: java.util.concurrent.CompletableFuture.tryPushStack (0x00007f9f0be6e910)
[2024-02-14T16:51:34.652+0100][debug][gc,nmethod     ] GC(60) Unregister NMethod: com.github.benmanes.caffeine.cache.BoundedLocalCache.climb (0x00007f9f2b664b90)
[2024-02-14T16:51:34.652+0100][debug][gc,phases      ] GC(60) Concurrent Classes Purge 0,052ms
[2024-02-14T16:51:34.652+0100][debug][gc,phases,start] GC(60) Concurrent References Enqueue
[2024-02-14T16:51:34.652+0100][debug][gc,phases      ] GC(60) Concurrent References Enqueue 0,007ms
[2024-02-14T16:51:34.652+0100][info ][gc,phases      ] GC(60) Concurrent Process Non-Strong References 6,558ms
[2024-02-14T16:51:34.652+0100][debug][gc,phases,start] GC(60) Concurrent Reset Relocation Set
[2024-02-14T16:51:34.652+0100][info ][gc,phases      ] GC(60) Concurrent Reset Relocation Set 0,104ms
[2024-02-14T16:51:34.652+0100][debug][gc,phases,start] GC(60) Concurrent Select Relocation Set
[2024-02-14T16:51:34.653+0100][debug][gc,task        ] GC(60) Executing Task: XRelocationSetInstallTask, Active Workers: 2
[2024-02-14T16:51:34.663+0100][info ][gc,phases      ] GC(60) Concurrent Select Relocation Set 11,467ms
[2024-02-14T16:51:34.663+0100][debug][gc,phases,start] GC(60) Pause Relocate Start
[2024-02-14T16:51:34.663+0100][info ][gc,phases      ] GC(60) Pause Relocate Start 0,031ms
[2024-02-14T16:51:34.663+0100][debug][gc,phases,start] GC(60) Concurrent Relocate
[2024-02-14T16:51:34.663+0100][debug][gc,task        ] GC(60) Executing Task: XRelocateTask, Active Workers: 2
[2024-02-14T16:51:34.707+0100][debug][gc,alloc       ] Allocation Rate: 3092,0MB/s, Predicted: 3079,6MB/s, Avg: 3228,6(+/-78,1)MB/s
[2024-02-14T16:51:34.776+0100][info ][gc,phases      ] GC(60) Concurrent Relocate 112,185ms
[2024-02-14T16:51:34.776+0100][debug][gc,heap        ] GC(60) Heap after GC invocations=61 (full 61):
[2024-02-14T16:51:34.776+0100][debug][gc,heap        ] GC(60)  ZHeap           used 7136M, capacity 14594M, max capacity 15360M
[2024-02-14T16:51:34.776+0100][debug][gc,heap        ] GC(60)  Metaspace       used 32056K, committed 32448K, reserved 1114112K
[2024-02-14T16:51:34.776+0100][debug][gc,heap        ] GC(60)   class space    used 3381K, committed 3584K, reserved 1048576K
[2024-02-14T16:51:34.776+0100][info ][gc,load        ] GC(60) Load: 2,77/2,00/1,80
[2024-02-14T16:51:34.776+0100][info ][gc,mmu         ] GC(60) MMU: 2ms/92,8%, 5ms/97,1%, 10ms/98,6%, 20ms/99,1%, 50ms/99,6%, 100ms/99,8%
[2024-02-14T16:51:34.776+0100][info ][gc,marking     ] GC(60) Mark: 2 stripe(s), 2 proactive flush(es), 1 terminate flush(es), 0 completion(s), 0 continuation(s) 
[2024-02-14T16:51:34.776+0100][info ][gc,marking     ] GC(60) Mark Stack Usage: 32M
[2024-02-14T16:51:34.776+0100][info ][gc,nmethod     ] GC(60) NMethods: 4268 registered, 63 unregistered
[2024-02-14T16:51:34.776+0100][info ][gc,metaspace   ] GC(60) Metaspace: 31M used, 31M committed, 1088M reserved
[2024-02-14T16:51:34.776+0100][info ][gc,ref         ] GC(60) Soft: 3896 encountered, 0 discovered, 0 enqueued
[2024-02-14T16:51:34.776+0100][info ][gc,ref         ] GC(60) Weak: 2057 encountered, 565 discovered, 0 enqueued
[2024-02-14T16:51:34.776+0100][info ][gc,ref         ] GC(60) Final: 12768 encountered, 12768 discovered, 12768 enqueued
[2024-02-14T16:51:34.776+0100][info ][gc,ref         ] GC(60) Phantom: 13170 encountered, 13040 discovered, 12775 enqueued
[2024-02-14T16:51:34.776+0100][info ][gc,reloc       ] GC(60) Small Pages: 5624 / 11248M, Empty: 204M, Relocated: 409M, In-Place: 0
[2024-02-14T16:51:34.776+0100][info ][gc,reloc       ] GC(60) Medium Pages: 1 / 32M, Empty: 0M, Relocated: 0M, In-Place: 0
[2024-02-14T16:51:34.776+0100][info ][gc,reloc       ] GC(60) Large Pages: 0 / 0M, Empty: 0M, Relocated: 0M, In-Place: 0
[2024-02-14T16:51:34.776+0100][info ][gc,reloc       ] GC(60) Forwarding Usage: 175M
[2024-02-14T16:51:34.776+0100][info ][gc,heap        ] GC(60) Min Capacity: 5120M(33%)
[2024-02-14T16:51:34.776+0100][info ][gc,heap        ] GC(60) Max Capacity: 15360M(100%)
[2024-02-14T16:51:34.776+0100][info ][gc,heap        ] GC(60) Soft Max Capacity: 15360M(100%)
[2024-02-14T16:51:34.776+0100][info ][gc,heap        ] GC(60)                Mark Start          Mark End        Relocate Start      Relocate End           High               Low         
[2024-02-14T16:51:34.776+0100][info ][gc,heap        ] GC(60)  Capacity:    14594M (95%)       14594M (95%)       14594M (95%)       14594M (95%)       14594M (95%)       14594M (95%)    
[2024-02-14T16:51:34.776+0100][info ][gc,heap        ] GC(60)      Free:     4080M (27%)        1506M (10%)        1654M (11%)        8224M (54%)        8228M (54%)        1484M (10%)    
[2024-02-14T16:51:34.776+0100][info ][gc,heap        ] GC(60)      Used:    11280M (73%)       13854M (90%)       13706M (89%)        7136M (46%)       13876M (90%)        7132M (46%)    
[2024-02-14T16:51:34.776+0100][info ][gc,heap        ] GC(60)      Live:         -              3725M (24%)        3725M (24%)        3725M (24%)            -                  -          
[2024-02-14T16:51:34.776+0100][info ][gc,heap        ] GC(60) Allocated:         -              2574M (17%)        2630M (17%)        2945M (19%)            -                  -          
[2024-02-14T16:51:34.776+0100][info ][gc,heap        ] GC(60)   Garbage:         -              7554M (49%)        7350M (48%)         464M (3%)             -                  -          
[2024-02-14T16:51:34.776+0100][info ][gc,heap        ] GC(60) Reclaimed:         -                  -               204M (1%)         7089M (46%)            -                  -          
[2024-02-14T16:51:34.776+0100][info ][gc             ] GC(60) Garbage Collection (Allocation Rate) 11280M(73%)->7136M(46%)
[2024-02-14T16:51:34.808+0100][debug][gc,alloc       ] Allocation Rate: 3052,0MB/s, Predicted: 3043,5MB/s, Avg: 3198,0(+/-81,3)MB/s
[2024-02-14T16:51:34.808+0100][debug][gc,director    ] Select GC Workers (Try Lowering), AvoidLongGCWorkers: 0,196, AvoidOOMGCWorkers: 0,862, NextAvoidOOMGCWorkers: 1,598, LastGCWorkers: 2,000, GCWorkers: 2,000
[2024-02-14T16:51:34.808+0100][debug][gc,director    ] Rule: Allocation Rate (Dynamic GC Workers), MaxAllocRate: 3465,6MB/s (+/-2,5%), Free: 8076MB, GCCPUTime: 1,958, GCDuration: 0,981s, TimeUntilOOM: 2,273s, TimeUntilGC: 1,192s, GCWorkers: 2 -> 2
[2024-02-14T16:51:34.808+0100][debug][gc,director    ] Rule: High Usage, Free: 8076MB(52,6%)
[2024-02-14T16:51:34.808+0100][debug][gc,director    ] Rule: Proactive, UsedUntilEnabled: 1430MB, TimeUntilEnabled: 299,968s
[2024-02-14T16:51:34.908+0100][debug][gc,alloc       ] Allocation Rate: 3094,0MB/s, Predicted: 3033,9MB/s, Avg: 3175,6(+/-75,9)MB/s
[2024-02-14T16:51:34.908+0100][debug][gc,director    ] Select GC Workers (Try Lowering), AvoidLongGCWorkers: 0,196, AvoidOOMGCWorkers: 0,887, NextAvoidOOMGCWorkers: 1,552, LastGCWorkers: 2,000, GCWorkers: 2,000
[2024-02-14T16:51:34.908+0100][debug][gc,director    ] Rule: Allocation Rate (Dynamic GC Workers), MaxAllocRate: 3425,2MB/s (+/-2,4%), Free: 7744MB, GCCPUTime: 1,958, GCDuration: 0,981s, TimeUntilOOM: 2,208s, TimeUntilGC: 1,127s, GCWorkers: 2 -> 2
[2024-02-14T16:51:34.908+0100][debug][gc,director    ] Rule: High Usage, Free: 7744MB(50,4%)
[2024-02-14T16:51:34.908+0100][debug][gc,director    ] Rule: Proactive, UsedUntilEnabled: 1098MB, TimeUntilEnabled: 299,868s
[2024-02-14T16:51:35.007+0100][debug][gc,alloc       ] Allocation Rate: 3114,0MB/s, Predicted: 3039,7MB/s, Avg: 3158,0(+/-67,2)MB/s
[2024-02-14T16:51:35.007+0100][debug][gc,director    ] Select GC Workers (Try Lowering), AvoidLongGCWorkers: 0,196, AvoidOOMGCWorkers: 0,911, NextAvoidOOMGCWorkers: 1,504, LastGCWorkers: 2,000, GCWorkers: 2,000
[2024-02-14T16:51:35.007+0100][debug][gc,director    ] Rule: Allocation Rate (Dynamic GC Workers), MaxAllocRate: 3379,1MB/s (+/-2,1%), Free: 7416MB, GCCPUTime: 1,958, GCDuration: 0,981s, TimeUntilOOM: 2,149s, TimeUntilGC: 1,068s, GCWorkers: 2 -> 2
[2024-02-14T16:51:35.007+0100][debug][gc,director    ] Rule: High Usage, Free: 7416MB(48,3%)
[2024-02-14T16:51:35.007+0100][debug][gc,director    ] Rule: Proactive, UsedUntilEnabled: 770MB, TimeUntilEnabled: 299,768s
[2024-02-14T16:51:35.107+0100][debug][gc,alloc       ] Allocation Rate: 3136,0MB/s, Predicted: 3059,7MB/s, Avg: 3145,0(+/-56,8)MB/s
[2024-02-14T16:51:35.107+0100][debug][gc,director    ] Select GC Workers (Try Lowering), AvoidLongGCWorkers: 0,196, AvoidOOMGCWorkers: 0,938, NextAvoidOOMGCWorkers: 1,461, LastGCWorkers: 2,000, GCWorkers: 1,961
[2024-02-14T16:51:35.107+0100][debug][gc,director    ] Rule: Allocation Rate (Dynamic GC Workers), MaxAllocRate: 3332,0MB/s (+/-1,8%), Free: 7082MB, GCCPUTime: 1,958, GCDuration: 0,981s, TimeUntilOOM: 2,088s, TimeUntilGC: 1,007s, GCWorkers: 2 -> 2
[2024-02-14T16:51:35.107+0100][debug][gc,director    ] Rule: High Usage, Free: 7082MB(46,1%)
[2024-02-14T16:51:35.107+0100][debug][gc,director    ] Rule: Proactive, UsedUntilEnabled: 436MB, TimeUntilEnabled: 299,668s
[2024-02-14T16:51:35.207+0100][debug][gc,alloc       ] Allocation Rate: 3158,0MB/s, Predicted: 3090,8MB/s, Avg: 3136,6(+/-47,3)MB/s
[2024-02-14T16:51:35.207+0100][debug][gc,director    ] Select GC Workers (Try Lowering), AvoidLongGCWorkers: 0,196, AvoidOOMGCWorkers: 0,970, NextAvoidOOMGCWorkers: 1,427, LastGCWorkers: 2,000, GCWorkers: 1,927
[2024-02-14T16:51:35.208+0100][debug][gc,director    ] Rule: Allocation Rate (Dynamic GC Workers), MaxAllocRate: 3292,1MB/s (+/-1,5%), Free: 6748MB, GCCPUTime: 1,958, GCDuration: 0,981s, TimeUntilOOM: 2,019s, TimeUntilGC: 0,939s, GCWorkers: 2 -> 2
[2024-02-14T16:51:35.208+0100][debug][gc,director    ] Rule: High Usage, Free: 6748MB(43,9%)
[2024-02-14T16:51:35.208+0100][debug][gc,director    ] Rule: Proactive, UsedUntilEnabled: 102MB, TimeUntilEnabled: 299,568s
[2024-02-14T16:51:35.307+0100][info ][gc,stats       ] === Garbage Collection Statistics =======================================================================================================================
[2024-02-14T16:51:35.307+0100][info ][gc,stats       ]                                                              Last 10s              Last 10m              Last 10h                Total
[2024-02-14T16:51:35.307+0100][info ][gc,stats       ]                                                              Avg / Max             Avg / Max             Avg / Max             Avg / Max
[2024-02-14T16:51:35.307+0100][info ][gc,stats       ]   Collector: Garbage Collection Cycle                    961,716 / 975,221     730,555 / 1265,002    730,555 / 1265,002    730,555 / 1265,002    ms
[2024-02-14T16:51:35.307+0100][info ][gc,stats       ]  Contention: Mark Segment Reset Contention                     0 / 1                 1 / 70                1 / 70                1 / 70          ops/s
[2024-02-14T16:51:35.307+0100][info ][gc,stats       ]  Contention: Mark SeqNum Reset Contention                      0 / 0                 0 / 1                 0 / 1                 0 / 1           ops/s
[2024-02-14T16:51:35.307+0100][info ][gc,stats       ]    Critical: Allocation Stall                                  0 / 0                 0 / 0                 0 / 0                 0 / 0           ops/s
[2024-02-14T16:51:35.307+0100][info ][gc,stats       ]    Critical: Allocation Stall                              0,000 / 0,000         0,000 / 0,000         0,000 / 0,000         0,000 / 0,000       ms
[2024-02-14T16:51:35.307+0100][info ][gc,stats       ]    Critical: GC Locker Stall                                   0 / 1                 0 / 1                 0 / 1                 0 / 1           ops/s
[2024-02-14T16:51:35.307+0100][info ][gc,stats       ]    Critical: GC Locker Stall                               0,430 / 0,430         0,152 / 0,430         0,152 / 0,430         0,152 / 0,430       ms
[2024-02-14T16:51:35.307+0100][info ][gc,stats       ]    Critical: Relocation Stall                                  0 / 0                 0 / 0                 0 / 0                 0 / 0           ops/s
[2024-02-14T16:51:35.308+0100][info ][gc,stats       ]    Critical: Relocation Stall                              0,000 / 0,000         0,000 / 0,000         0,000 / 0,000         0,000 / 0,000       ms
[2024-02-14T16:51:35.308+0100][info ][gc,stats       ]      Memory: Allocation Rate                                3153 / 3320           2990 / 4428           2990 / 4428           2990 / 4428        MB/s
[2024-02-14T16:51:35.308+0100][info ][gc,stats       ]      Memory: Defragment                                        0 / 0                 0 / 32                0 / 32                0 / 32          ops/s
[2024-02-14T16:51:35.308+0100][info ][gc,stats       ]      Memory: Out Of Memory                                     0 / 0                 0 / 0                 0 / 0                 0 / 0           ops/s
[2024-02-14T16:51:35.308+0100][info ][gc,stats       ]      Memory: Page Cache Flush                                  0 / 0                 0 / 64                0 / 64                0 / 64          MB/s
[2024-02-14T16:51:35.308+0100][info ][gc,stats       ]      Memory: Page Cache Hit L1                              1676 / 1818           1520 / 2414           1520 / 2414           1520 / 2414        ops/s
[2024-02-14T16:51:35.308+0100][info ][gc,stats       ]      Memory: Page Cache Hit L2                                 0 / 0                 0 / 0                 0 / 0                 0 / 0           ops/s
[2024-02-14T16:51:35.308+0100][info ][gc,stats       ]      Memory: Page Cache Hit L3                                 0 / 0                16 / 915              16 / 915              16 / 915         ops/s
[2024-02-14T16:51:35.308+0100][info ][gc,stats       ]      Memory: Page Cache Miss                                   0 / 0                29 / 600              29 / 600              29 / 600         ops/s
[2024-02-14T16:51:35.308+0100][info ][gc,stats       ]      Memory: Uncommit                                          0 / 0                 0 / 0                 0 / 0                 0 / 0           MB/s
[2024-02-14T16:51:35.308+0100][info ][gc,stats       ]      Memory: Undo Object Allocation Failed                     0 / 0                 0 / 0                 0 / 0                 0 / 0           ops/s
[2024-02-14T16:51:35.308+0100][info ][gc,stats       ]      Memory: Undo Object Allocation Succeeded                  0 / 0                 0 / 14                0 / 14                0 / 14          ops/s
[2024-02-14T16:51:35.308+0100][info ][gc,stats       ]      Memory: Undo Page Allocation                              0 / 0                 0 / 31                0 / 31                0 / 31          ops/s
[2024-02-14T16:51:35.308+0100][info ][gc,stats       ]       Phase: Concurrent Mark                             831,318 / 837,013     608,416 / 979,889     608,416 / 979,889     608,416 / 979,889     ms
[2024-02-14T16:51:35.308+0100][info ][gc,stats       ]       Phase: Concurrent Mark Continue                      0,000 / 0,000         0,000 / 0,000         0,000 / 0,000         0,000 / 0,000       ms
[2024-02-14T16:51:35.308+0100][info ][gc,stats       ]       Phase: Concurrent Mark Free                          0,022 / 0,025         0,078 / 1,509         0,078 / 1,509         0,078 / 1,509       ms
[2024-02-14T16:51:35.308+0100][info ][gc,stats       ]       Phase: Concurrent Process Non-Strong References      6,886 / 7,553         7,938 / 16,291        7,938 / 16,291        7,938 / 16,291      ms
[2024-02-14T16:51:35.308+0100][info ][gc,stats       ]       Phase: Concurrent Relocate                         112,308 / 122,259     101,639 / 441,476     101,639 / 441,476     101,639 / 441,476     ms
[2024-02-14T16:51:35.308+0100][info ][gc,stats       ]       Phase: Concurrent Reset Relocation Set               0,106 / 0,116         0,099 / 0,235         0,099 / 0,235         0,099 / 0,235       ms
[2024-02-14T16:51:35.308+0100][info ][gc,stats       ]       Phase: Concurrent Select Relocation Set             10,094 / 11,467       11,428 / 96,956       11,428 / 96,956       11,428 / 96,956      ms
[2024-02-14T16:51:35.308+0100][info ][gc,stats       ]       Phase: Pause Mark End                                0,035 / 0,048         0,038 / 0,067         0,038 / 0,067         0,038 / 0,067       ms
[2024-02-14T16:51:35.308+0100][info ][gc,stats       ]       Phase: Pause Mark Start                              0,069 / 0,082         0,069 / 0,144         0,069 / 0,144         0,069 / 0,144       ms
[2024-02-14T16:51:35.308+0100][info ][gc,stats       ]       Phase: Pause Relocate Start                          0,036 / 0,047         0,034 / 0,062         0,034 / 0,062         0,034 / 0,062       ms
[2024-02-14T16:51:35.308+0100][debug][gc,alloc       ] Allocation Rate: 3182,0MB/s, Predicted: 3130,1MB/s, Avg: 3133,2(+/-42,4)MB/s
[2024-02-14T16:51:35.308+0100][info ][gc,stats       ]    Subphase: Concurrent Classes Purge                      0,029 / 0,052         0,364 / 5,566         0,364 / 5,566         0,364 / 5,566       ms
[2024-02-14T16:51:35.308+0100][info ][gc,stats       ]    Subphase: Concurrent Classes Unlink                     2,205 / 2,285         2,639 / 6,276         2,639 / 6,276         2,639 / 6,276       ms
[2024-02-14T16:51:35.308+0100][info ][gc,stats       ]    Subphase: Concurrent Mark                             829,928 / 836,061     574,569 / 979,011     574,569 / 979,011     574,569 / 979,011     ms
[2024-02-14T16:51:35.308+0100][info ][gc,stats       ]    Subphase: Concurrent Mark Try Flush                     0,112 / 0,249         0,186 / 16,348        0,186 / 16,348        0,186 / 16,348      ms
[2024-02-14T16:51:35.308+0100][info ][gc,stats       ]    Subphase: Concurrent Mark Try Terminate                 0,759 / 1,198         0,803 / 1,342         0,803 / 1,342         0,803 / 1,342       ms
[2024-02-14T16:51:35.308+0100][info ][gc,stats       ]    Subphase: Concurrent References Enqueue                 0,007 / 0,007         0,008 / 0,015         0,008 / 0,015         0,008 / 0,015       ms
[2024-02-14T16:51:35.308+0100][info ][gc,stats       ]    Subphase: Concurrent References Process                 4,157 / 4,860         4,338 / 10,523        4,338 / 10,523        4,338 / 10,523      ms
[2024-02-14T16:51:35.308+0100][info ][gc,stats       ]    Subphase: Concurrent Roots ClassLoaderDataGraph         0,072 / 0,133         0,078 / 0,310         0,078 / 0,310         0,078 / 0,310       ms
[2024-02-14T16:51:35.308+0100][info ][gc,stats       ]    Subphase: Concurrent Roots CodeCache                    0,000 / 0,000         0,000 / 0,000         0,000 / 0,000         0,000 / 0,000       ms
[2024-02-14T16:51:35.308+0100][info ][gc,stats       ]    Subphase: Concurrent Roots JavaThreads                  0,516 / 0,672         0,594 / 1,932         0,594 / 1,932         0,594 / 1,932       ms
[2024-02-14T16:51:35.308+0100][debug][gc,director    ] Select GC Workers (Normal), AvoidLongGCWorkers: 0,196, AvoidOOMGCWorkers: 1,013, LastGCWorkers: 2,000, GCWorkers: 1,013
[2024-02-14T16:51:35.308+0100][info ][gc,stats       ]    Subphase: Concurrent Roots OopStorageSet                0,026 / 0,053         0,078 / 0,964         0,078 / 0,964         0,078 / 0,964       ms
[2024-02-14T16:51:35.308+0100][info ][gc,stats       ]    Subphase: Concurrent Weak Roots OopStorageSet           0,171 / 0,240         0,208 / 0,778         0,208 / 0,778         0,208 / 0,778       ms
[2024-02-14T16:51:35.308+0100][info ][gc,stats       ]    Subphase: Pause Mark Try Complete                       0,000 / 0,000         0,000 / 0,000         0,000 / 0,000         0,000 / 0,000       ms
[2024-02-14T16:51:35.308+0100][info ][gc,stats       ]      System: Java Threads                                     43 / 43               41 / 46               41 / 46               41 / 46          threads
[2024-02-14T16:51:35.308+0100][info ][gc,stats       ] =========================================================================================================================================================
[2024-02-14T16:51:35.308+0100][debug][gc,director    ] Rule: Allocation Rate (Dynamic GC Workers), MaxAllocRate: 3272,7MB/s (+/-1,4%), Free: 6414MB, GCCPUTime: 1,958, GCDuration: 0,981s, TimeUntilOOM: 1,934s, TimeUntilGC: 0,853s, GCWorkers: 2 -> 2
[2024-02-14T16:51:35.308+0100][debug][gc,director    ] Rule: High Usage, Free: 6412MB(41,7%)
[2024-02-14T16:51:35.308+0100][debug][gc,director    ] Rule: Proactive, AcceptableGCInterval: 19,317s, TimeSinceLastGC: 0,532s, TimeUntilGC: 18,785s
[2024-02-14T16:51:35.407+0100][debug][gc,alloc       ] Allocation Rate: 3204,0MB/s, Predicted: 3174,1MB/s, Avg: 3134,4(+/-44,2)MB/s
[2024-02-14T16:51:35.407+0100][debug][gc,director    ] Select GC Workers (Normal), AvoidLongGCWorkers: 0,196, AvoidOOMGCWorkers: 1,084, LastGCWorkers: 2,000, GCWorkers: 1,084
[2024-02-14T16:51:35.407+0100][debug][gc,director    ] Rule: Allocation Rate (Dynamic GC Workers), MaxAllocRate: 3319,5MB/s (+/-1,4%), Free: 6080MB, GCCPUTime: 1,958, GCDuration: 0,981s, TimeUntilOOM: 1,806s, TimeUntilGC: 0,725s, GCWorkers: 2 -> 2
[2024-02-14T16:51:35.407+0100][debug][gc,director    ] Rule: High Usage, Free: 6080MB(39,6%)
[2024-02-14T16:51:35.407+0100][debug][gc,director    ] Rule: Proactive, AcceptableGCInterval: 19,317s, TimeSinceLastGC: 0,631s, TimeUntilGC: 18,686s
[2024-02-14T16:51:35.507+0100][debug][gc,alloc       ] Allocation Rate: 3196,0MB/s, Predicted: 3207,7MB/s, Avg: 3137,2(+/-47,0)MB/s
[2024-02-14T16:51:35.507+0100][debug][gc,director    ] Select GC Workers (Normal), AvoidLongGCWorkers: 0,196, AvoidOOMGCWorkers: 1,157, LastGCWorkers: 2,000, GCWorkers: 1,157
[2024-02-14T16:51:35.507+0100][debug][gc,director    ] Rule: Allocation Rate (Dynamic GC Workers), MaxAllocRate: 3362,5MB/s (+/-1,5%), Free: 5778MB, GCCPUTime: 1,958, GCDuration: 0,981s, TimeUntilOOM: 1,693s, TimeUntilGC: 0,612s, GCWorkers: 2 -> 2
[2024-02-14T16:51:35.507+0100][debug][gc,director    ] Rule: High Usage, Free: 5778MB(37,6%)
[2024-02-14T16:51:35.507+0100][debug][gc,director    ] Rule: Proactive, AcceptableGCInterval: 19,317s, TimeSinceLastGC: 0,732s, TimeUntilGC: 18,585s
[2024-02-14T16:51:35.607+0100][debug][gc,alloc       ] Allocation Rate: 3226,0MB/s, Predicted: 3245,1MB/s, Avg: 3145,4(+/-54,1)MB/s
[2024-02-14T16:51:35.607+0100][debug][gc,director    ] Select GC Workers (Normal), AvoidLongGCWorkers: 0,196, AvoidOOMGCWorkers: 1,254, LastGCWorkers: 2,000, GCWorkers: 1,254
[2024-02-14T16:51:35.607+0100][debug][gc,director    ] Rule: Allocation Rate (Dynamic GC Workers), MaxAllocRate: 3423,1MB/s (+/-1,7%), Free: 5438MB, GCCPUTime: 1,958, GCDuration: 0,981s, TimeUntilOOM: 1,562s, TimeUntilGC: 0,481s, GCWorkers: 2 -> 2
[2024-02-14T16:51:35.607+0100][debug][gc,director    ] Rule: High Usage, Free: 5438MB(35,4%)
[2024-02-14T16:51:35.608+0100][debug][gc,director    ] Rule: Proactive, AcceptableGCInterval: 19,317s, TimeSinceLastGC: 0,832s, TimeUntilGC: 18,485s
[2024-02-14T16:51:35.708+0100][debug][gc,alloc       ] Allocation Rate: 3270,0MB/s, Predicted: 3280,7MB/s, Avg: 3163,2(+/-62,3)MB/s
[2024-02-14T16:51:35.708+0100][debug][gc,director    ] Select GC Workers (Normal), AvoidLongGCWorkers: 0,196, AvoidOOMGCWorkers: 1,365, LastGCWorkers: 2,000, GCWorkers: 1,365
[2024-02-14T16:51:35.708+0100][debug][gc,director    ] Rule: Allocation Rate (Dynamic GC Workers), MaxAllocRate: 3485,6MB/s (+/-2,0%), Free: 5102MB, GCCPUTime: 1,958, GCDuration: 0,981s, TimeUntilOOM: 1,435s, TimeUntilGC: 0,355s, GCWorkers: 2 -> 2
[2024-02-14T16:51:35.708+0100][debug][gc,director    ] Rule: High Usage, Free: 5102MB(33,2%)
[2024-02-14T16:51:35.708+0100][debug][gc,director    ] Rule: Proactive, AcceptableGCInterval: 19,317s, TimeSinceLastGC: 0,932s, TimeUntilGC: 18,385s
[2024-02-14T16:51:35.808+0100][debug][gc,alloc       ] Allocation Rate: 3312,0MB/s, Predicted: 3310,5MB/s, Avg: 3189,2(+/-64,7)MB/s
[2024-02-14T16:51:35.808+0100][debug][gc,director    ] Select GC Workers (Normal), AvoidLongGCWorkers: 0,196, AvoidOOMGCWorkers: 1,479, LastGCWorkers: 2,000, GCWorkers: 1,479
[2024-02-14T16:51:35.808+0100][debug][gc,director    ] Rule: Allocation Rate (Dynamic GC Workers), MaxAllocRate: 3523,3MB/s (+/-2,0%), Free: 4764MB, GCCPUTime: 1,958, GCDuration: 0,981s, TimeUntilOOM: 1,325s, TimeUntilGC: 0,245s, GCWorkers: 2 -> 2
[2024-02-14T16:51:35.808+0100][debug][gc,director    ] Rule: High Usage, Free: 4764MB(31,0%)
[2024-02-14T16:51:35.808+0100][debug][gc,director    ] Rule: Proactive, AcceptableGCInterval: 19,317s, TimeSinceLastGC: 1,032s, TimeUntilGC: 18,285s
[2024-02-14T16:51:35.907+0100][debug][gc,alloc       ] Allocation Rate: 3314,0MB/s, Predicted: 3335,1MB/s, Avg: 3211,2(+/-65,9)MB/s
[2024-02-14T16:51:35.907+0100][debug][gc,director    ] Select GC Workers (Normal), AvoidLongGCWorkers: 0,196, AvoidOOMGCWorkers: 1,604, LastGCWorkers: 2,000, GCWorkers: 1,604
[2024-02-14T16:51:35.907+0100][debug][gc,director    ] Rule: Allocation Rate (Dynamic GC Workers), MaxAllocRate: 3552,0MB/s (+/-2,1%), Free: 4430MB, GCCPUTime: 1,958, GCDuration: 0,981s, TimeUntilOOM: 1,222s, TimeUntilGC: 0,141s, GCWorkers: 2 -> 2
[2024-02-14T16:51:35.907+0100][debug][gc,director    ] Rule: High Usage, Free: 4430MB(28,8%)
[2024-02-14T16:51:35.907+0100][debug][gc,director    ] Rule: Proactive, AcceptableGCInterval: 19,317s, TimeSinceLastGC: 1,131s, TimeUntilGC: 18,186s
[2024-02-14T16:51:36.007+0100][debug][gc,alloc       ] Allocation Rate: 3324,0MB/s, Predicted: 3354,3MB/s, Avg: 3232,2(+/-65,1)MB/s
[2024-02-14T16:51:36.007+0100][debug][gc,director    ] Select GC Workers (Normal), AvoidLongGCWorkers: 0,196, AvoidOOMGCWorkers: 1,744, LastGCWorkers: 2,000, GCWorkers: 1,744
[2024-02-14T16:51:36.007+0100][debug][gc,director    ] Rule: Allocation Rate (Dynamic GC Workers), MaxAllocRate: 3568,4MB/s (+/-2,0%), Free: 4092MB, GCCPUTime: 1,958, GCDuration: 0,981s, TimeUntilOOM: 1,124s, TimeUntilGC: 0,043s, GCWorkers: 2 -> 2
[2024-02-14T16:51:36.007+0100][debug][gc,director    ] Rule: High Usage, Free: 4090MB(26,6%)
[2024-02-14T16:51:36.007+0100][debug][gc,director    ] Rule: Proactive, AcceptableGCInterval: 19,317s, TimeSinceLastGC: 1,232s, TimeUntilGC: 18,085s
[2024-02-14T16:51:36.108+0100][debug][gc,alloc       ] Allocation Rate: 3332,0MB/s, Predicted: 3368,5MB/s, Avg: 3251,8(+/-62,6)MB/s
[2024-02-14T16:51:36.108+0100][debug][gc,director    ] Select GC Workers (Normal), AvoidLongGCWorkers: 0,196, AvoidOOMGCWorkers: 1,905, LastGCWorkers: 2,000, GCWorkers: 1,905
[2024-02-14T16:51:36.108+0100][debug][gc,director    ] Rule: Allocation Rate (Dynamic GC Workers), MaxAllocRate: 3574,6MB/s (+/-1,9%), Free: 3750MB, GCCPUTime: 1,958, GCDuration: 0,981s, TimeUntilOOM: 1,029s, TimeUntilGC: -0,051s, GCWorkers: 2 -> 2
[2024-02-14T16:51:36.108+0100][debug][gc,heap        ] GC(61) Heap before GC invocations=61 (full 61):
[2024-02-14T16:51:36.108+0100][debug][gc,heap        ] GC(61)  ZHeap           used 11568M, capacity 14594M, max capacity 15360M
[2024-02-14T16:51:36.108+0100][debug][gc,heap        ] GC(61)  Metaspace       used 32056K, committed 32448K, reserved 1114112K
[2024-02-14T16:51:36.108+0100][debug][gc,heap        ] GC(61)   class space    used 3381K, committed 3584K, reserved 1048576K
[2024-02-14T16:51:36.108+0100][info ][gc,start       ] GC(61) Garbage Collection (Allocation Rate)
[2024-02-14T16:51:36.108+0100][info ][gc,task        ] GC(61) Using 2 workers
[2024-02-14T16:51:36.108+0100][debug][gc,phases,start] GC(61) Pause Mark Start
[2024-02-14T16:51:36.108+0100][debug][gc,marking     ] GC(61) Using 2 mark stripes
[2024-02-14T16:51:36.108+0100][debug][gc,marking     ] GC(61) Mark Worker/Stripe Distribution
[2024-02-14T16:51:36.108+0100][debug][gc,marking     ] GC(61)   Worker 0(2) -> Stripe 0(2)
[2024-02-14T16:51:36.108+0100][debug][gc,marking     ] GC(61)   Worker 1(2) -> Stripe 1(2)
[2024-02-14T16:51:36.108+0100][info ][gc,phases      ] GC(61) Pause Mark Start 0,047ms
[2024-02-14T16:51:36.108+0100][debug][gc,phases,start] GC(61) Concurrent Mark
[2024-02-14T16:51:36.108+0100][debug][gc,task        ] GC(61) Executing Task: XMarkRootsTask, Active Workers: 2
[2024-02-14T16:51:36.109+0100][debug][gc,tlab        ] GC(61) TLAB totals: thrds: 8  refills: 29479 max: 29461 slow allocs: 13 max 13 waste:  1,4% gc: 918128B max: 250992B slow: 104435576B max: 104424496B
[2024-02-14T16:51:36.109+0100][debug][gc,task        ] GC(61) Executing Task: XMarkTask, Active Workers: 2
[2024-02-14T16:51:36.208+0100][debug][gc,alloc       ] Allocation Rate: 3296,0MB/s, Predicted: 3361,2MB/s, Avg: 3265,6(+/-55,2)MB/s
[2024-02-14T16:51:36.308+0100][debug][gc,alloc       ] Allocation Rate: 3284,0MB/s, Predicted: 3346,3MB/s, Avg: 3275,8(+/-47,7)MB/s
[2024-02-14T16:51:36.408+0100][debug][gc,alloc       ] Allocation Rate: 3266,0MB/s, Predicted: 3323,2MB/s, Avg: 3282,0(+/-41,6)MB/s
[2024-02-14T16:51:36.507+0100][debug][gc,alloc       ] Allocation Rate: 3270,0MB/s, Predicted: 3295,5MB/s, Avg: 3289,4(+/-30,9)MB/s
[2024-02-14T16:51:36.607+0100][debug][gc,alloc       ] Allocation Rate: 3242,0MB/s, Predicted: 3259,6MB/s, Avg: 3291,0(+/-27,8)MB/s
[2024-02-14T16:51:36.707+0100][debug][gc,alloc       ] Allocation Rate: 3216,0MB/s, Predicted: 3224,0MB/s, Avg: 3285,6(+/-35,5)MB/s
[2024-02-14T16:51:36.807+0100][debug][gc,alloc       ] Allocation Rate: 3190,0MB/s, Predicted: 3192,8MB/s, Avg: 3273,4(+/-44,2)MB/s
[2024-02-14T16:51:36.907+0100][debug][gc,alloc       ] Allocation Rate: 3136,0MB/s, Predicted: 3148,7MB/s, Avg: 3255,6(+/-58,0)MB/s
[2024-02-14T16:51:36.946+0100][info ][gc,phases      ] GC(61) Concurrent Mark 837,678ms
[2024-02-14T16:51:36.946+0100][debug][gc,phases,start] GC(61) Pause Mark End
[2024-02-14T16:51:36.946+0100][info ][gc,phases      ] GC(61) Pause Mark End 0,026ms
[2024-02-14T16:51:36.946+0100][debug][gc,phases,start] GC(61) Concurrent Mark Free
[2024-02-14T16:51:36.946+0100][info ][gc,phases      ] GC(61) Concurrent Mark Free 0,034ms
[2024-02-14T16:51:36.946+0100][debug][gc,phases,start] GC(61) Concurrent Process Non-Strong References
[2024-02-14T16:51:36.946+0100][debug][gc,phases,start] GC(61) Concurrent References Process
[2024-02-14T16:51:36.946+0100][debug][gc,task        ] GC(61) Executing Task: XReferenceProcessorTask, Active Workers: 2
[2024-02-14T16:51:36.950+0100][debug][gc,phases      ] GC(61) Concurrent References Process 4,137ms
[2024-02-14T16:51:36.950+0100][debug][gc,task        ] GC(61) Executing Task: XProcessWeakRootsTask, Active Workers: 2
[2024-02-14T16:51:36.950+0100][debug][gc,phases,start] GC(61) Concurrent Classes Unlink
[2024-02-14T16:51:36.950+0100][debug][gc,phases,start] GC(61) ClassLoaderData
[2024-02-14T16:51:36.950+0100][debug][gc,phases      ] GC(61) ClassLoaderData 0,033ms
[2024-02-14T16:51:36.950+0100][debug][gc,phases,start] GC(61) Trigger cleanups
[2024-02-14T16:51:36.950+0100][debug][gc,phases      ] GC(61) Trigger cleanups 0,005ms
[2024-02-14T16:51:36.950+0100][debug][gc,task        ] GC(61) Executing Task: XNMethodUnlinkTask, Active Workers: 2
[2024-02-14T16:51:36.952+0100][debug][gc,phases      ] GC(61) Concurrent Classes Unlink 2,296ms
[2024-02-14T16:51:36.953+0100][debug][gc,phases,start] GC(61) Concurrent Classes Purge
[2024-02-14T16:51:36.953+0100][debug][gc,nmethod     ] GC(61) Unregister NMethod: java.util.concurrent.ForkJoinPool.runWorker (0x00007f9f0ba35510)
[2024-02-14T16:51:36.953+0100][debug][gc,phases      ] GC(61) Concurrent Classes Purge 0,029ms
[2024-02-14T16:51:36.953+0100][debug][gc,phases,start] GC(61) Concurrent References Enqueue
[2024-02-14T16:51:36.953+0100][debug][gc,phases      ] GC(61) Concurrent References Enqueue 0,006ms
[2024-02-14T16:51:36.953+0100][info ][gc,phases      ] GC(61) Concurrent Process Non-Strong References 6,911ms
[2024-02-14T16:51:36.953+0100][debug][gc,phases,start] GC(61) Concurrent Reset Relocation Set
[2024-02-14T16:51:36.953+0100][info ][gc,phases      ] GC(61) Concurrent Reset Relocation Set 0,108ms
[2024-02-14T16:51:36.953+0100][debug][gc,phases,start] GC(61) Concurrent Select Relocation Set
[2024-02-14T16:51:36.954+0100][debug][gc,task        ] GC(61) Executing Task: XRelocationSetInstallTask, Active Workers: 2
[2024-02-14T16:51:36.962+0100][info ][gc,phases      ] GC(61) Concurrent Select Relocation Set 9,160ms
[2024-02-14T16:51:36.962+0100][debug][gc,phases,start] GC(61) Pause Relocate Start
[2024-02-14T16:51:36.962+0100][info ][gc,phases      ] GC(61) Pause Relocate Start 0,031ms
[2024-02-14T16:51:36.962+0100][debug][gc,phases,start] GC(61) Concurrent Relocate
[2024-02-14T16:51:36.962+0100][debug][gc,task        ] GC(61) Executing Task: XRelocateTask, Active Workers: 2
[2024-02-14T16:51:37.007+0100][debug][gc,alloc       ] Allocation Rate: 3094,0MB/s, Predicted: 3102,3MB/s, Avg: 3232,6(+/-70,6)MB/s
[2024-02-14T16:51:37.073+0100][info ][gc,phases      ] GC(61) Concurrent Relocate 110,480ms
[2024-02-14T16:51:37.073+0100][debug][gc,heap        ] GC(61) Heap after GC invocations=62 (full 62):
[2024-02-14T16:51:37.073+0100][debug][gc,heap        ] GC(61)  ZHeap           used 7128M, capacity 14594M, max capacity 15360M
[2024-02-14T16:51:37.073+0100][debug][gc,heap        ] GC(61)  Metaspace       used 32056K, committed 32448K, reserved 1114112K
[2024-02-14T16:51:37.073+0100][debug][gc,heap        ] GC(61)   class space    used 3381K, committed 3584K, reserved 1048576K
[2024-02-14T16:51:37.073+0100][info ][gc,load        ] GC(61) Load: 2,77/2,00/1,80
[2024-02-14T16:51:37.073+0100][info ][gc,mmu         ] GC(61) MMU: 2ms/92,8%, 5ms/97,1%, 10ms/98,6%, 20ms/99,1%, 50ms/99,6%, 100ms/99,8%
[2024-02-14T16:51:37.073+0100][info ][gc,marking     ] GC(61) Mark: 2 stripe(s), 4 proactive flush(es), 1 terminate flush(es), 0 completion(s), 0 continuation(s) 
[2024-02-14T16:51:37.073+0100][info ][gc,marking     ] GC(61) Mark Stack Usage: 32M
[2024-02-14T16:51:37.073+0100][info ][gc,nmethod     ] GC(61) NMethods: 4268 registered, 64 unregistered
[2024-02-14T16:51:37.073+0100][info ][gc,metaspace   ] GC(61) Metaspace: 31M used, 31M committed, 1088M reserved
[2024-02-14T16:51:37.073+0100][info ][gc,ref         ] GC(61) Soft: 3896 encountered, 0 discovered, 0 enqueued
[2024-02-14T16:51:37.073+0100][info ][gc,ref         ] GC(61) Weak: 2057 encountered, 78 discovered, 0 enqueued
[2024-02-14T16:51:37.073+0100][info ][gc,ref         ] GC(61) Final: 13309 encountered, 13309 discovered, 13309 enqueued
[2024-02-14T16:51:37.073+0100][info ][gc,ref         ] GC(61) Phantom: 13712 encountered, 13499 discovered, 13317 enqueued
[2024-02-14T16:51:37.073+0100][info ][gc,reloc       ] GC(61) Small Pages: 5768 / 11536M, Empty: 142M, Relocated: 397M, In-Place: 0
[2024-02-14T16:51:37.073+0100][info ][gc,reloc       ] GC(61) Medium Pages: 1 / 32M, Empty: 0M, Relocated: 0M, In-Place: 0
[2024-02-14T16:51:37.073+0100][info ][gc,reloc       ] GC(61) Large Pages: 0 / 0M, Empty: 0M, Relocated: 0M, In-Place: 0
[2024-02-14T16:51:37.073+0100][info ][gc,reloc       ] GC(61) Forwarding Usage: 168M
[2024-02-14T16:51:37.073+0100][info ][gc,heap        ] GC(61) Min Capacity: 5120M(33%)
[2024-02-14T16:51:37.073+0100][info ][gc,heap        ] GC(61) Max Capacity: 15360M(100%)
[2024-02-14T16:51:37.073+0100][info ][gc,heap        ] GC(61) Soft Max Capacity: 15360M(100%)
[2024-02-14T16:51:37.073+0100][info ][gc,heap        ] GC(61)                Mark Start          Mark End        Relocate Start      Relocate End           High               Low         
[2024-02-14T16:51:37.073+0100][info ][gc,heap        ] GC(61)  Capacity:    14594M (95%)       14594M (95%)       14594M (95%)       14594M (95%)       14594M (95%)       14594M (95%)    
[2024-02-14T16:51:37.073+0100][info ][gc,heap        ] GC(61)      Free:     3792M (25%)        1220M (8%)         1310M (9%)         8232M (54%)        8236M (54%)        1196M (8%)     
[2024-02-14T16:51:37.073+0100][info ][gc,heap        ] GC(61)      Used:    11568M (75%)       14140M (92%)       14050M (91%)        7128M (46%)       14164M (92%)        7124M (46%)    
[2024-02-14T16:51:37.073+0100][info ][gc,heap        ] GC(61)      Live:         -              3730M (24%)        3730M (24%)        3730M (24%)            -                  -          
[2024-02-14T16:51:37.073+0100][info ][gc,heap        ] GC(61) Allocated:         -              2572M (17%)        2624M (17%)        2929M (19%)            -                  -          
[2024-02-14T16:51:37.073+0100][info ][gc,heap        ] GC(61)   Garbage:         -              7837M (51%)        7695M (50%)         467M (3%)             -                  -          
[2024-02-14T16:51:37.073+0100][info ][gc,heap        ] GC(61) Reclaimed:         -                  -               142M (1%)         7369M (48%)            -                  -          
[2024-02-14T16:51:37.073+0100][info ][gc             ] GC(61) Garbage Collection (Allocation Rate) 11568M(75%)->7128M(46%)
[2024-02-14T16:51:37.108+0100][debug][gc,alloc       ] Allocation Rate: 3044,0MB/s, Predicted: 3053,3MB/s, Avg: 3203,8(+/-82,0)MB/s
[2024-02-14T16:51:37.108+0100][debug][gc,director    ] Select GC Workers (Try Lowering), AvoidLongGCWorkers: 0,194, AvoidOOMGCWorkers: 0,858, NextAvoidOOMGCWorkers: 1,581, LastGCWorkers: 2,000, GCWorkers: 2,000
[2024-02-14T16:51:37.108+0100][debug][gc,director    ] Rule: Allocation Rate (Dynamic GC Workers), MaxAllocRate: 3473,5MB/s (+/-2,6%), Free: 8076MB, GCCPUTime: 1,944, GCDuration: 0,974s, TimeUntilOOM: 2,267s, TimeUntilGC: 1,193s, GCWorkers: 2 -> 2
[2024-02-14T16:51:37.108+0100][debug][gc,director    ] Rule: High Usage, Free: 8076MB(52,6%)
[2024-02-14T16:51:37.108+0100][debug][gc,director    ] Rule: Proactive, UsedUntilEnabled: 1422MB, TimeUntilEnabled: 299,965s
[2024-02-14T16:51:37.208+0100][debug][gc,alloc       ] Allocation Rate: 3080,0MB/s, Predicted: 3028,4MB/s, Avg: 3182,2(+/-83,3)MB/s
[2024-02-14T16:51:37.208+0100][debug][gc,director    ] Select GC Workers (Try Lowering), AvoidLongGCWorkers: 0,194, AvoidOOMGCWorkers: 0,891, NextAvoidOOMGCWorkers: 1,560, LastGCWorkers: 2,000, GCWorkers: 2,000
[2024-02-14T16:51:37.208+0100][debug][gc,director    ] Rule: Allocation Rate (Dynamic GC Workers), MaxAllocRate: 3456,2MB/s (+/-2,6%), Free: 7742MB, GCCPUTime: 1,944, GCDuration: 0,974s, TimeUntilOOM: 2,183s, TimeUntilGC: 1,109s, GCWorkers: 2 -> 2
[2024-02-14T16:51:37.208+0100][debug][gc,director    ] Rule: High Usage, Free: 7742MB(50,4%)
[2024-02-14T16:51:37.208+0100][debug][gc,director    ] Rule: Proactive, UsedUntilEnabled: 1088MB, TimeUntilEnabled: 299,865s
[2024-02-14T16:51:37.308+0100][debug][gc,alloc       ] Allocation Rate: 3094,0MB/s, Predicted: 3020,3MB/s, Avg: 3163,2(+/-79,5)MB/s
[2024-02-14T16:51:37.308+0100][debug][gc,director    ] Select GC Workers (Try Lowering), AvoidLongGCWorkers: 0,194, AvoidOOMGCWorkers: 0,922, NextAvoidOOMGCWorkers: 1,527, LastGCWorkers: 2,000, GCWorkers: 2,000
[2024-02-14T16:51:37.308+0100][debug][gc,director    ] Rule: Allocation Rate (Dynamic GC Workers), MaxAllocRate: 3424,7MB/s (+/-2,5%), Free: 7406MB, GCCPUTime: 1,944, GCDuration: 0,974s, TimeUntilOOM: 2,110s, TimeUntilGC: 1,036s, GCWorkers: 2 -> 2
[2024-02-14T16:51:37.308+0100][debug][gc,director    ] Rule: High Usage, Free: 7406MB(48,2%)
[2024-02-14T16:51:37.308+0100][debug][gc,director    ] Rule: Proactive, UsedUntilEnabled: 750MB, TimeUntilEnabled: 299,765s
[2024-02-14T16:51:37.407+0100][debug][gc,alloc       ] Allocation Rate: 3116,0MB/s, Predicted: 3028,8MB/s, Avg: 3148,2(+/-72,5)MB/s
[2024-02-14T16:51:37.407+0100][debug][gc,director    ] Select GC Workers (Try Lowering), AvoidLongGCWorkers: 0,194, AvoidOOMGCWorkers: 0,953, NextAvoidOOMGCWorkers: 1,492, LastGCWorkers: 2,000, GCWorkers: 1,992
[2024-02-14T16:51:37.407+0100][debug][gc,director    ] Rule: Allocation Rate (Dynamic GC Workers), MaxAllocRate: 3386,7MB/s (+/-2,3%), Free: 7070MB, GCCPUTime: 1,944, GCDuration: 0,974s, TimeUntilOOM: 2,041s, TimeUntilGC: 0,967s, GCWorkers: 2 -> 2
[2024-02-14T16:51:37.407+0100][debug][gc,director    ] Rule: High Usage, Free: 7070MB(46,0%)
[2024-02-14T16:51:37.407+0100][debug][gc,director    ] Rule: Proactive, UsedUntilEnabled: 416MB, TimeUntilEnabled: 299,666s
[2024-02-14T16:51:37.507+0100][debug][gc,alloc       ] Allocation Rate: 3150,0MB/s, Predicted: 3062,0MB/s, Avg: 3136,2(+/-60,2)MB/s
[2024-02-14T16:51:37.507+0100][debug][gc,director    ] Select GC Workers (Try Lowering), AvoidLongGCWorkers: 0,194, AvoidOOMGCWorkers: 0,982, NextAvoidOOMGCWorkers: 1,448, LastGCWorkers: 2,000, GCWorkers: 1,948
[2024-02-14T16:51:37.507+0100][debug][gc,director    ] Rule: Allocation Rate (Dynamic GC Workers), MaxAllocRate: 3334,4MB/s (+/-1,9%), Free: 6728MB, GCCPUTime: 1,944, GCDuration: 0,974s, TimeUntilOOM: 1,980s, TimeUntilGC: 0,906s, GCWorkers: 2 -> 2
[2024-02-14T16:51:37.507+0100][debug][gc,director    ] Rule: High Usage, Free: 6728MB(43,8%)
[2024-02-14T16:51:37.507+0100][debug][gc,director    ] Rule: Proactive, UsedUntilEnabled: 74MB, TimeUntilEnabled: 299,566s
[2024-02-14T16:51:37.607+0100][debug][gc,alloc       ] Allocation Rate: 3178,0MB/s, Predicted: 3106,9MB/s, Avg: 3129,8(+/-51,4)MB/s
[2024-02-14T16:51:37.607+0100][debug][gc,director    ] Select GC Workers (Normal), AvoidLongGCWorkers: 0,194, AvoidOOMGCWorkers: 1,021, LastGCWorkers: 2,000, GCWorkers: 1,021
[2024-02-14T16:51:37.607+0100][debug][gc,director    ] Rule: Allocation Rate (Dynamic GC Workers), MaxAllocRate: 3298,9MB/s (+/-1,6%), Free: 6388MB, GCCPUTime: 1,944, GCDuration: 0,974s, TimeUntilOOM: 1,905s, TimeUntilGC: 0,831s, GCWorkers: 2 -> 2
[2024-02-14T16:51:37.607+0100][debug][gc,director    ] Rule: High Usage, Free: 6388MB(41,6%)
[2024-02-14T16:51:37.607+0100][debug][gc,director    ] Rule: Proactive, AcceptableGCInterval: 19,168s, TimeSinceLastGC: 0,535s, TimeUntilGC: 18,634s
[2024-02-14T16:51:37.707+0100][debug][gc,alloc       ] Allocation Rate: 3206,0MB/s, Predicted: 3160,4MB/s, Avg: 3128,8(+/-49,8)MB/s
[2024-02-14T16:51:37.707+0100][debug][gc,director    ] Select GC Workers (Normal), AvoidLongGCWorkers: 0,194, AvoidOOMGCWorkers: 1,086, LastGCWorkers: 2,000, GCWorkers: 1,086
[2024-02-14T16:51:37.707+0100][debug][gc,director    ] Rule: Allocation Rate (Dynamic GC Workers), MaxAllocRate: 3324,2MB/s (+/-1,6%), Free: 6050MB, GCCPUTime: 1,944, GCDuration: 0,974s, TimeUntilOOM: 1,791s, TimeUntilGC: 0,718s, GCWorkers: 2 -> 2
[2024-02-14T16:51:37.707+0100][debug][gc,director    ] Rule: High Usage, Free: 6050MB(39,4%)
[2024-02-14T16:51:37.707+0100][debug][gc,director    ] Rule: Proactive, AcceptableGCInterval: 19,168s, TimeSinceLastGC: 0,635s, TimeUntilGC: 18,533s
[2024-02-14T16:51:37.807+0100][debug][gc,alloc       ] Allocation Rate: 3236,0MB/s, Predicted: 3219,6MB/s, Avg: 3133,4(+/-56,9)MB/s
[2024-02-14T16:51:37.807+0100][debug][gc,director    ] Select GC Workers (Normal), AvoidLongGCWorkers: 0,194, AvoidOOMGCWorkers: 1,182, LastGCWorkers: 2,000, GCWorkers: 1,182
[2024-02-14T16:51:37.808+0100][debug][gc,director    ] Rule: Allocation Rate (Dynamic GC Workers), MaxAllocRate: 3406,7MB/s (+/-1,8%), Free: 5706MB, GCCPUTime: 1,944, GCDuration: 0,974s, TimeUntilOOM: 1,645s, TimeUntilGC: 0,571s, GCWorkers: 2 -> 2
[2024-02-14T16:51:37.808+0100][debug][gc,director    ] Rule: High Usage, Free: 5706MB(37,1%)
[2024-02-14T16:51:37.808+0100][debug][gc,director    ] Rule: Proactive, AcceptableGCInterval: 19,168s, TimeSinceLastGC: 0,735s, TimeUntilGC: 18,433s
[2024-02-14T16:51:37.908+0100][debug][gc,alloc       ] Allocation Rate: 3298,0MB/s, Predicted: 3286,1MB/s, Avg: 3149,6(+/-75,4)MB/s
[2024-02-14T16:51:37.908+0100][debug][gc,director    ] Select GC Workers (Normal), AvoidLongGCWorkers: 0,194, AvoidOOMGCWorkers: 1,312, LastGCWorkers: 2,000, GCWorkers: 1,312
[2024-02-14T16:51:37.908+0100][debug][gc,director    ] Rule: Allocation Rate (Dynamic GC Workers), MaxAllocRate: 3534,1MB/s (+/-2,4%), Free: 5366MB, GCCPUTime: 1,944, GCDuration: 0,974s, TimeUntilOOM: 1,483s, TimeUntilGC: 0,409s, GCWorkers: 2 -> 2
[2024-02-14T16:51:37.908+0100][debug][gc,director    ] Rule: High Usage, Free: 5366MB(34,9%)
[2024-02-14T16:51:37.908+0100][debug][gc,director    ] Rule: Proactive, AcceptableGCInterval: 19,168s, TimeSinceLastGC: 0,835s, TimeUntilGC: 18,333s
[2024-02-14T16:51:38.008+0100][debug][gc,alloc       ] Allocation Rate: 3344,0MB/s, Predicted: 3349,1MB/s, Avg: 3174,6(+/-92,3)MB/s
[2024-02-14T16:51:38.008+0100][debug][gc,director    ] Select GC Workers (Normal), AvoidLongGCWorkers: 0,194, AvoidOOMGCWorkers: 1,456, LastGCWorkers: 2,000, GCWorkers: 1,456
[2024-02-14T16:51:38.008+0100][debug][gc,director    ] Rule: Allocation Rate (Dynamic GC Workers), MaxAllocRate: 3652,9MB/s (+/-2,9%), Free: 5024MB, GCCPUTime: 1,944, GCDuration: 0,974s, TimeUntilOOM: 1,336s, TimeUntilGC: 0,263s, GCWorkers: 2 -> 2
[2024-02-14T16:51:38.008+0100][debug][gc,director    ] Rule: High Usage, Free: 5024MB(32,7%)
[2024-02-14T16:51:38.008+0100][debug][gc,director    ] Rule: Proactive, AcceptableGCInterval: 19,168s, TimeSinceLastGC: 0,935s, TimeUntilGC: 18,233s
[2024-02-14T16:51:38.108+0100][debug][gc,alloc       ] Allocation Rate: 3394,0MB/s, Predicted: 3402,0MB/s, Avg: 3209,6(+/-102,0)MB/s
[2024-02-14T16:51:38.108+0100][debug][gc,director    ] Select GC Workers (Normal), AvoidLongGCWorkers: 0,194, AvoidOOMGCWorkers: 1,603, LastGCWorkers: 2,000, GCWorkers: 1,603
[2024-02-14T16:51:38.108+0100][debug][gc,director    ] Rule: Allocation Rate (Dynamic GC Workers), MaxAllocRate: 3737,7MB/s (+/-3,2%), Free: 4682MB, GCCPUTime: 1,944, GCDuration: 0,974s, TimeUntilOOM: 1,214s, TimeUntilGC: 0,140s, GCWorkers: 2 -> 2
[2024-02-14T16:51:38.108+0100][debug][gc,director    ] Rule: High Usage, Free: 4682MB(30,5%)
[2024-02-14T16:51:38.108+0100][debug][gc,director    ] Rule: Proactive, AcceptableGCInterval: 19,168s, TimeSinceLastGC: 1,035s, TimeUntilGC: 18,133s
[2024-02-14T16:51:38.208+0100][debug][gc,alloc       ] Allocation Rate: 3400,0MB/s, Predicted: 3443,6MB/s, Avg: 3241,6(+/-106,4)MB/s
[2024-02-14T16:51:38.208+0100][debug][gc,director    ] Select GC Workers (Normal), AvoidLongGCWorkers: 0,194, AvoidOOMGCWorkers: 1,758, LastGCWorkers: 2,000, GCWorkers: 1,758
[2024-02-14T16:51:38.208+0100][debug][gc,director    ] Rule: Allocation Rate (Dynamic GC Workers), MaxAllocRate: 3793,8MB/s (+/-3,3%), Free: 4340MB, GCCPUTime: 1,944, GCDuration: 0,974s, TimeUntilOOM: 1,108s, TimeUntilGC: 0,034s, GCWorkers: 2 -> 2
[2024-02-14T16:51:38.208+0100][debug][gc,director    ] Rule: High Usage, Free: 4340MB(28,3%)
[2024-02-14T16:51:38.208+0100][debug][gc,director    ] Rule: Proactive, AcceptableGCInterval: 19,168s, TimeSinceLastGC: 1,135s, TimeUntilGC: 18,033s
[2024-02-14T16:51:38.307+0100][debug][gc,alloc       ] Allocation Rate: 3402,0MB/s, Predicted: 3468,4MB/s, Avg: 3272,4(+/-103,8)MB/s
[2024-02-14T16:51:38.307+0100][debug][gc,director    ] Select GC Workers (Normal), AvoidLongGCWorkers: 0,194, AvoidOOMGCWorkers: 1,911, LastGCWorkers: 2,000, GCWorkers: 1,911
[2024-02-14T16:51:38.307+0100][debug][gc,director    ] Rule: Allocation Rate (Dynamic GC Workers), MaxAllocRate: 3809,9MB/s (+/-3,2%), Free: 4004MB, GCCPUTime: 1,944, GCDuration: 0,974s, TimeUntilOOM: 1,019s, TimeUntilGC: -0,055s, GCWorkers: 2 -> 2
[2024-02-14T16:51:38.307+0100][debug][gc,heap        ] GC(62) Heap before GC invocations=62 (full 62):
[2024-02-14T16:51:38.307+0100][debug][gc,heap        ] GC(62)  ZHeap           used 11314M, capacity 14594M, max capacity 15360M
[2024-02-14T16:51:38.307+0100][debug][gc,heap        ] GC(62)  Metaspace       used 32056K, committed 32448K, reserved 1114112K
[2024-02-14T16:51:38.307+0100][debug][gc,heap        ] GC(62)   class space    used 3381K, committed 3584K, reserved 1048576K
[2024-02-14T16:51:38.307+0100][info ][gc,start       ] GC(62) Garbage Collection (Allocation Rate)
[2024-02-14T16:51:38.307+0100][info ][gc,task        ] GC(62) Using 2 workers
[2024-02-14T16:51:38.307+0100][debug][gc,phases,start] GC(62) Pause Mark Start
[2024-02-14T16:51:38.307+0100][debug][gc,marking     ] GC(62) Using 2 mark stripes
[2024-02-14T16:51:38.307+0100][debug][gc,marking     ] GC(62) Mark Worker/Stripe Distribution
[2024-02-14T16:51:38.307+0100][debug][gc,marking     ] GC(62)   Worker 0(2) -> Stripe 0(2)
[2024-02-14T16:51:38.307+0100][debug][gc,marking     ] GC(62)   Worker 1(2) -> Stripe 1(2)
[2024-02-14T16:51:38.307+0100][info ][gc,phases      ] GC(62) Pause Mark Start 0,064ms
[2024-02-14T16:51:38.307+0100][debug][gc,phases,start] GC(62) Concurrent Mark
[2024-02-14T16:51:38.307+0100][debug][gc,task        ] GC(62) Executing Task: XMarkRootsTask, Active Workers: 2
[2024-02-14T16:51:38.308+0100][debug][gc,tlab        ] GC(62) TLAB totals: thrds: 9  refills: 28416 max: 28399 slow allocs: 9 max 9 waste:  1,4% gc: 729624B max: 262008B slow: 100322120B max: 100316744B
[2024-02-14T16:51:38.308+0100][debug][gc,task        ] GC(62) Executing Task: XMarkTask, Active Workers: 2
[2024-02-14T16:51:38.407+0100][debug][gc,alloc       ] Allocation Rate: 3362,0MB/s, Predicted: 3462,5MB/s, Avg: 3297,0(+/-92,3)MB/s
[2024-02-14T16:51:38.507+0100][debug][gc,alloc       ] Allocation Rate: 3332,0MB/s, Predicted: 3437,3MB/s, Avg: 3315,2(+/-78,5)MB/s
[2024-02-14T16:51:38.607+0100][debug][gc,alloc       ] Allocation Rate: 3304,0MB/s, Predicted: 3396,3MB/s, Avg: 3327,8(+/-64,2)MB/s
[2024-02-14T16:51:38.707+0100][debug][gc,alloc       ] Allocation Rate: 3276,0MB/s, Predicted: 3343,1MB/s, Avg: 3334,8(+/-53,5)MB/s
[2024-02-14T16:51:38.808+0100][debug][gc,alloc       ] Allocation Rate: 3242,0MB/s, Predicted: 3279,6MB/s, Avg: 3335,4(+/-52,4)MB/s
[2024-02-14T16:51:38.908+0100][debug][gc,alloc       ] Allocation Rate: 3212,0MB/s, Predicted: 3220,3MB/s, Avg: 3326,8(+/-63,7)MB/s
[2024-02-14T16:51:39.008+0100][debug][gc,alloc       ] Allocation Rate: 3178,0MB/s, Predicted: 3165,3MB/s, Avg: 3310,2(+/-77,2)MB/s
[2024-02-14T16:51:39.108+0100][debug][gc,alloc       ] Allocation Rate: 3144,0MB/s, Predicted: 3121,2MB/s, Avg: 3285,2(+/-86,0)MB/s
[2024-02-14T16:51:39.148+0100][info ][gc,phases      ] GC(62) Concurrent Mark 841,246ms
[2024-02-14T16:51:39.149+0100][debug][gc,phases,start] GC(62) Pause Mark End
[2024-02-14T16:51:39.149+0100][info ][gc,phases      ] GC(62) Pause Mark End 0,038ms
[2024-02-14T16:51:39.149+0100][debug][gc,phases,start] GC(62) Concurrent Mark Free
[2024-02-14T16:51:39.149+0100][info ][gc,phases      ] GC(62) Concurrent Mark Free 0,009ms
[2024-02-14T16:51:39.149+0100][debug][gc,phases,start] GC(62) Concurrent Process Non-Strong References
[2024-02-14T16:51:39.149+0100][debug][gc,phases,start] GC(62) Concurrent References Process
[2024-02-14T16:51:39.149+0100][debug][gc,task        ] GC(62) Executing Task: XReferenceProcessorTask, Active Workers: 2
[2024-02-14T16:51:39.152+0100][debug][gc,phases      ] GC(62) Concurrent References Process 3,749ms
[2024-02-14T16:51:39.152+0100][debug][gc,task        ] GC(62) Executing Task: XProcessWeakRootsTask, Active Workers: 2
[2024-02-14T16:51:39.153+0100][debug][gc,phases,start] GC(62) Concurrent Classes Unlink
[2024-02-14T16:51:39.153+0100][debug][gc,phases,start] GC(62) ClassLoaderData
[2024-02-14T16:51:39.153+0100][debug][gc,phases      ] GC(62) ClassLoaderData 0,044ms
[2024-02-14T16:51:39.153+0100][debug][gc,phases,start] GC(62) Trigger cleanups
[2024-02-14T16:51:39.153+0100][debug][gc,phases      ] GC(62) Trigger cleanups 0,005ms
[2024-02-14T16:51:39.153+0100][debug][gc,task        ] GC(62) Executing Task: XNMethodUnlinkTask, Active Workers: 2
[2024-02-14T16:51:39.155+0100][debug][gc,phases      ] GC(62) Concurrent Classes Unlink 2,174ms
[2024-02-14T16:51:39.155+0100][debug][gc,phases,start] GC(62) Concurrent Classes Purge
[2024-02-14T16:51:39.155+0100][debug][gc,phases      ] GC(62) Concurrent Classes Purge 0,007ms
[2024-02-14T16:51:39.155+0100][debug][gc,phases,start] GC(62) Concurrent References Enqueue
[2024-02-14T16:51:39.155+0100][debug][gc,phases      ] GC(62) Concurrent References Enqueue 0,006ms
[2024-02-14T16:51:39.155+0100][info ][gc,phases      ] GC(62) Concurrent Process Non-Strong References 6,286ms
[2024-02-14T16:51:39.155+0100][debug][gc,phases,start] GC(62) Concurrent Reset Relocation Set
[2024-02-14T16:51:39.155+0100][info ][gc,phases      ] GC(62) Concurrent Reset Relocation Set 0,109ms
[2024-02-14T16:51:39.155+0100][debug][gc,phases,start] GC(62) Concurrent Select Relocation Set
[2024-02-14T16:51:39.156+0100][debug][gc,task        ] GC(62) Executing Task: XRelocationSetInstallTask, Active Workers: 2
[2024-02-14T16:51:39.166+0100][info ][gc,phases      ] GC(62) Concurrent Select Relocation Set 10,436ms
[2024-02-14T16:51:39.166+0100][debug][gc,phases,start] GC(62) Pause Relocate Start
[2024-02-14T16:51:39.166+0100][info ][gc,phases      ] GC(62) Pause Relocate Start 0,035ms
[2024-02-14T16:51:39.166+0100][debug][gc,phases,start] GC(62) Concurrent Relocate
[2024-02-14T16:51:39.166+0100][debug][gc,task        ] GC(62) Executing Task: XRelocateTask, Active Workers: 2
[2024-02-14T16:51:39.208+0100][debug][gc,alloc       ] Allocation Rate: 3098,0MB/s, Predicted: 3076,9MB/s, Avg: 3255,0(+/-93,1)MB/s
[2024-02-14T16:51:39.275+0100][info ][gc,phases      ] GC(62) Concurrent Relocate 109,457ms
[2024-02-14T16:51:39.275+0100][debug][gc,heap        ] GC(62) Heap after GC invocations=63 (full 63):
[2024-02-14T16:51:39.275+0100][debug][gc,heap        ] GC(62)  ZHeap           used 7156M, capacity 14594M, max capacity 15360M
[2024-02-14T16:51:39.275+0100][debug][gc,heap        ] GC(62)  Metaspace       used 32056K, committed 32448K, reserved 1114112K
[2024-02-14T16:51:39.275+0100][debug][gc,heap        ] GC(62)   class space    used 3381K, committed 3584K, reserved 1048576K
[2024-02-14T16:51:39.275+0100][info ][gc,load        ] GC(62) Load: 2,63/1,99/1,80
[2024-02-14T16:51:39.275+0100][info ][gc,mmu         ] GC(62) MMU: 2ms/92,8%, 5ms/97,1%, 10ms/98,6%, 20ms/99,1%, 50ms/99,6%, 100ms/99,8%
[2024-02-14T16:51:39.275+0100][info ][gc,marking     ] GC(62) Mark: 2 stripe(s), 2 proactive flush(es), 1 terminate flush(es), 0 completion(s), 0 continuation(s) 
[2024-02-14T16:51:39.275+0100][info ][gc,marking     ] GC(62) Mark Stack Usage: 32M
[2024-02-14T16:51:39.275+0100][info ][gc,nmethod     ] GC(62) NMethods: 4268 registered, 64 unregistered
[2024-02-14T16:51:39.275+0100][info ][gc,metaspace   ] GC(62) Metaspace: 31M used, 31M committed, 1088M reserved
[2024-02-14T16:51:39.276+0100][info ][gc,ref         ] GC(62) Soft: 3896 encountered, 0 discovered, 0 enqueued
[2024-02-14T16:51:39.276+0100][info ][gc,ref         ] GC(62) Weak: 2057 encountered, 310 discovered, 0 enqueued
[2024-02-14T16:51:39.276+0100][info ][gc,ref         ] GC(62) Final: 12803 encountered, 12803 discovered, 12803 enqueued
[2024-02-14T16:51:39.276+0100][info ][gc,ref         ] GC(62) Phantom: 13205 encountered, 13195 discovered, 12810 enqueued
[2024-02-14T16:51:39.276+0100][info ][gc,reloc       ] GC(62) Small Pages: 5641 / 11282M, Empty: 140M, Relocated: 400M, In-Place: 0
[2024-02-14T16:51:39.276+0100][info ][gc,reloc       ] GC(62) Medium Pages: 1 / 32M, Empty: 0M, Relocated: 0M, In-Place: 0
[2024-02-14T16:51:39.276+0100][info ][gc,reloc       ] GC(62) Large Pages: 0 / 0M, Empty: 0M, Relocated: 0M, In-Place: 0
[2024-02-14T16:51:39.276+0100][info ][gc,reloc       ] GC(62) Forwarding Usage: 173M
[2024-02-14T16:51:39.276+0100][info ][gc,heap        ] GC(62) Min Capacity: 5120M(33%)
[2024-02-14T16:51:39.276+0100][info ][gc,heap        ] GC(62) Max Capacity: 15360M(100%)
[2024-02-14T16:51:39.276+0100][info ][gc,heap        ] GC(62) Soft Max Capacity: 15360M(100%)
[2024-02-14T16:51:39.276+0100][info ][gc,heap        ] GC(62)                Mark Start          Mark End        Relocate Start      Relocate End           High               Low         
[2024-02-14T16:51:39.276+0100][info ][gc,heap        ] GC(62)  Capacity:    14594M (95%)       14594M (95%)       14594M (95%)       14594M (95%)       14594M (95%)       14594M (95%)    
[2024-02-14T16:51:39.276+0100][info ][gc,heap        ] GC(62)      Free:     4046M (26%)        1460M (10%)        1548M (10%)        8206M (53%)        8210M (53%)        1440M (9%)     
[2024-02-14T16:51:39.276+0100][info ][gc,heap        ] GC(62)      Used:    11314M (74%)       13900M (90%)       13812M (90%)        7154M (47%)       13920M (91%)        7150M (47%)    
[2024-02-14T16:51:39.276+0100][info ][gc,heap        ] GC(62)      Live:         -              3735M (24%)        3735M (24%)        3735M (24%)            -                  -          
[2024-02-14T16:51:39.276+0100][info ][gc,heap        ] GC(62) Allocated:         -              2586M (17%)        2638M (17%)        2951M (19%)            -                  -          
[2024-02-14T16:51:39.276+0100][info ][gc,heap        ] GC(62)   Garbage:         -              7578M (49%)        7438M (48%)         466M (3%)             -                  -          
[2024-02-14T16:51:39.276+0100][info ][gc,heap        ] GC(62) Reclaimed:         -                  -               140M (1%)         7111M (46%)            -                  -          
[2024-02-14T16:51:39.276+0100][info ][gc             ] GC(62) Garbage Collection (Allocation Rate) 11314M(74%)->7154M(47%)
[2024-02-14T16:51:39.307+0100][debug][gc,alloc       ] Allocation Rate: 3060,0MB/s, Predicted: 3038,1MB/s, Avg: 3220,8(+/-95,6)MB/s
[2024-02-14T16:51:39.307+0100][debug][gc,director    ] Select GC Workers (Try Lowering), AvoidLongGCWorkers: 0,194, AvoidOOMGCWorkers: 0,879, NextAvoidOOMGCWorkers: 1,659, LastGCWorkers: 2,000, GCWorkers: 2,000
[2024-02-14T16:51:39.307+0100][debug][gc,director    ] Rule: Allocation Rate (Dynamic GC Workers), MaxAllocRate: 3535,5MB/s (+/-3,0%), Free: 8056MB, GCCPUTime: 1,945, GCDuration: 0,974s, TimeUntilOOM: 2,213s, TimeUntilGC: 1,139s, GCWorkers: 2 -> 2
[2024-02-14T16:51:39.307+0100][debug][gc,director    ] Rule: High Usage, Free: 8056MB(52,4%)
[2024-02-14T16:51:39.307+0100][debug][gc,director    ] Rule: Proactive, UsedUntilEnabled: 1428MB, TimeUntilEnabled: 299,968s
[2024-02-14T16:51:39.407+0100][debug][gc,alloc       ] Allocation Rate: 3102,0MB/s, Predicted: 3028,3MB/s, Avg: 3194,8(+/-88,8)MB/s
[2024-02-14T16:51:39.407+0100][debug][gc,director    ] Select GC Workers (Try Lowering), AvoidLongGCWorkers: 0,194, AvoidOOMGCWorkers: 0,903, NextAvoidOOMGCWorkers: 1,604, LastGCWorkers: 2,000, GCWorkers: 2,000
[2024-02-14T16:51:39.407+0100][debug][gc,director    ] Rule: Allocation Rate (Dynamic GC Workers), MaxAllocRate: 3487,0MB/s (+/-2,8%), Free: 7718MB, GCCPUTime: 1,945, GCDuration: 0,974s, TimeUntilOOM: 2,153s, TimeUntilGC: 1,080s, GCWorkers: 2 -> 2
[2024-02-14T16:51:39.407+0100][debug][gc,director    ] Rule: High Usage, Free: 7718MB(50,2%)
[2024-02-14T16:51:39.407+0100][debug][gc,director    ] Rule: Proactive, UsedUntilEnabled: 1090MB, TimeUntilEnabled: 299,868s
[2024-02-14T16:51:39.508+0100][debug][gc,alloc       ] Allocation Rate: 3124,0MB/s, Predicted: 3036,5MB/s, Avg: 3174,0(+/-77,9)MB/s
[2024-02-14T16:51:39.508+0100][debug][gc,director    ] Select GC Workers (Try Lowering), AvoidLongGCWorkers: 0,194, AvoidOOMGCWorkers: 0,926, NextAvoidOOMGCWorkers: 1,543, LastGCWorkers: 2,000, GCWorkers: 2,000
[2024-02-14T16:51:39.508+0100][debug][gc,director    ] Rule: Allocation Rate (Dynamic GC Workers), MaxAllocRate: 3430,5MB/s (+/-2,5%), Free: 7384MB, GCCPUTime: 1,945, GCDuration: 0,974s, TimeUntilOOM: 2,101s, TimeUntilGC: 1,027s, GCWorkers: 2 -> 2
[2024-02-14T16:51:39.508+0100][debug][gc,director    ] Rule: High Usage, Free: 7384MB(48,1%)
[2024-02-14T16:51:39.508+0100][debug][gc,director    ] Rule: Proactive, UsedUntilEnabled: 756MB, TimeUntilEnabled: 299,768s
[2024-02-14T16:51:39.608+0100][debug][gc,alloc       ] Allocation Rate: 3150,0MB/s, Predicted: 3061,6MB/s, Avg: 3158,6(+/-64,8)MB/s
[2024-02-14T16:51:39.608+0100][debug][gc,director    ] Select GC Workers (Try Lowering), AvoidLongGCWorkers: 0,194, AvoidOOMGCWorkers: 0,950, NextAvoidOOMGCWorkers: 1,487, LastGCWorkers: 2,000, GCWorkers: 1,987
[2024-02-14T16:51:39.608+0100][debug][gc,director    ] Rule: Allocation Rate (Dynamic GC Workers), MaxAllocRate: 3372,0MB/s (+/-2,1%), Free: 7046MB, GCCPUTime: 1,945, GCDuration: 0,974s, TimeUntilOOM: 2,048s, TimeUntilGC: 0,974s, GCWorkers: 2 -> 2
[2024-02-14T16:51:39.608+0100][debug][gc,director    ] Rule: High Usage, Free: 7046MB(45,9%)
[2024-02-14T16:51:39.608+0100][debug][gc,director    ] Rule: Proactive, UsedUntilEnabled: 418MB, TimeUntilEnabled: 299,668s
[2024-02-14T16:51:39.708+0100][debug][gc,alloc       ] Allocation Rate: 3178,0MB/s, Predicted: 3100,7MB/s, Avg: 3148,8(+/-52,6)MB/s
[2024-02-14T16:51:39.708+0100][debug][gc,director    ] Select GC Workers (Try Lowering), AvoidLongGCWorkers: 0,194, AvoidOOMGCWorkers: 0,979, NextAvoidOOMGCWorkers: 1,445, LastGCWorkers: 2,000, GCWorkers: 1,945
[2024-02-14T16:51:39.708+0100][debug][gc,director    ] Rule: Allocation Rate (Dynamic GC Workers), MaxAllocRate: 3321,9MB/s (+/-1,7%), Free: 6708MB, GCCPUTime: 1,945, GCDuration: 0,974s, TimeUntilOOM: 1,986s, TimeUntilGC: 0,912s, GCWorkers: 2 -> 2
[2024-02-14T16:51:39.708+0100][debug][gc,director    ] Rule: High Usage, Free: 6706MB(43,7%)
[2024-02-14T16:51:39.708+0100][debug][gc,director    ] Rule: Proactive, UsedUntilEnabled: 78MB, TimeUntilEnabled: 299,567s
[2024-02-14T16:51:39.807+0100][debug][gc,alloc       ] Allocation Rate: 3206,0MB/s, Predicted: 3148,4MB/s, Avg: 3145,2(+/-47,1)MB/s
[2024-02-14T16:51:39.807+0100][debug][gc,director    ] Select GC Workers (Normal), AvoidLongGCWorkers: 0,194, AvoidOOMGCWorkers: 1,024, LastGCWorkers: 2,000, GCWorkers: 1,024
[2024-02-14T16:51:39.807+0100][debug][gc,director    ] Rule: Allocation Rate (Dynamic GC Workers), MaxAllocRate: 3303,2MB/s (+/-1,5%), Free: 6370MB, GCCPUTime: 1,945, GCDuration: 0,974s, TimeUntilOOM: 1,900s, TimeUntilGC: 0,826s, GCWorkers: 2 -> 2
[2024-02-14T16:51:39.807+0100][debug][gc,director    ] Rule: High Usage, Free: 6370MB(41,5%)
[2024-02-14T16:51:39.807+0100][debug][gc,director    ] Rule: Proactive, AcceptableGCInterval: 19,167s, TimeSinceLastGC: 0,532s, TimeUntilGC: 18,635s
[2024-02-14T16:51:39.907+0100][debug][gc,alloc       ] Allocation Rate: 3236,0MB/s, Predicted: 3202,5MB/s, Avg: 3147,6(+/-50,9)MB/s
[2024-02-14T16:51:39.907+0100][debug][gc,director    ] Select GC Workers (Normal), AvoidLongGCWorkers: 0,194, AvoidOOMGCWorkers: 1,105, LastGCWorkers: 2,000, GCWorkers: 1,105
[2024-02-14T16:51:39.907+0100][debug][gc,director    ] Rule: Allocation Rate (Dynamic GC Workers), MaxAllocRate: 3369,9MB/s (+/-1,6%), Free: 6030MB, GCCPUTime: 1,945, GCDuration: 0,974s, TimeUntilOOM: 1,761s, TimeUntilGC: 0,687s, GCWorkers: 2 -> 2
[2024-02-14T16:51:39.907+0100][debug][gc,director    ] Rule: High Usage, Free: 6030MB(39,3%)
[2024-02-14T16:51:39.907+0100][debug][gc,director    ] Rule: Proactive, AcceptableGCInterval: 19,167s, TimeSinceLastGC: 0,632s, TimeUntilGC: 18,535s
[2024-02-14T16:51:40.007+0100][debug][gc,alloc       ] Allocation Rate: 3264,0MB/s, Predicted: 3257,2MB/s, Avg: 3156,2(+/-61,4)MB/s
[2024-02-14T16:51:40.007+0100][debug][gc,director    ] Select GC Workers (Normal), AvoidLongGCWorkers: 0,194, AvoidOOMGCWorkers: 1,205, LastGCWorkers: 2,000, GCWorkers: 1,205
[2024-02-14T16:51:40.007+0100][debug][gc,director    ] Rule: Allocation Rate (Dynamic GC Workers), MaxAllocRate: 3459,4MB/s (+/-1,9%), Free: 5694MB, GCCPUTime: 1,945, GCDuration: 0,974s, TimeUntilOOM: 1,615s, TimeUntilGC: 0,541s, GCWorkers: 2 -> 2
[2024-02-14T16:51:40.007+0100][debug][gc,director    ] Rule: High Usage, Free: 5694MB(37,1%)
[2024-02-14T16:51:40.007+0100][debug][gc,director    ] Rule: Proactive, AcceptableGCInterval: 19,167s, TimeSinceLastGC: 0,732s, TimeUntilGC: 18,435s
[2024-02-14T16:51:40.107+0100][debug][gc,alloc       ] Allocation Rate: 3294,0MB/s, Predicted: 3309,1MB/s, Avg: 3171,2(+/-73,7)MB/s
[2024-02-14T16:51:40.108+0100][debug][gc,director    ] Select GC Workers (Normal), AvoidLongGCWorkers: 0,194, AvoidOOMGCWorkers: 1,320, LastGCWorkers: 2,000, GCWorkers: 1,320
[2024-02-14T16:51:40.108+0100][debug][gc,director    ] Rule: Allocation Rate (Dynamic GC Workers), MaxAllocRate: 3551,6MB/s (+/-2,3%), Free: 5356MB, GCCPUTime: 1,945, GCDuration: 0,974s, TimeUntilOOM: 1,474s, TimeUntilGC: 0,400s, GCWorkers: 2 -> 2
[2024-02-14T16:51:40.108+0100][debug][gc,director    ] Rule: High Usage, Free: 5356MB(34,9%)
[2024-02-14T16:51:40.108+0100][debug][gc,director    ] Rule: Proactive, AcceptableGCInterval: 19,167s, TimeSinceLastGC: 0,832s, TimeUntilGC: 18,335s
[2024-02-14T16:51:40.208+0100][debug][gc,alloc       ] Allocation Rate: 3334,0MB/s, Predicted: 3354,7MB/s, Avg: 3194,8(+/-83,6)MB/s
[2024-02-14T16:51:40.208+0100][debug][gc,director    ] Select GC Workers (Normal), AvoidLongGCWorkers: 0,194, AvoidOOMGCWorkers: 1,444, LastGCWorkers: 2,000, GCWorkers: 1,444
[2024-02-14T16:51:40.208+0100][debug][gc,director    ] Rule: Allocation Rate (Dynamic GC Workers), MaxAllocRate: 3629,8MB/s (+/-2,6%), Free: 5022MB, GCCPUTime: 1,945, GCDuration: 0,974s, TimeUntilOOM: 1,348s, TimeUntilGC: 0,274s, GCWorkers: 2 -> 2
[2024-02-14T16:51:40.208+0100][debug][gc,director    ] Rule: High Usage, Free: 5022MB(32,7%)
[2024-02-14T16:51:40.208+0100][debug][gc,director    ] Rule: Proactive, AcceptableGCInterval: 19,167s, TimeSinceLastGC: 0,932s, TimeUntilGC: 18,235s
[2024-02-14T16:51:40.308+0100][debug][gc,alloc       ] Allocation Rate: 3370,0MB/s, Predicted: 3388,8MB/s, Avg: 3225,8(+/-85,3)MB/s
[2024-02-14T16:51:40.308+0100][debug][gc,director    ] Select GC Workers (Normal), AvoidLongGCWorkers: 0,194, AvoidOOMGCWorkers: 1,565, LastGCWorkers: 2,000, GCWorkers: 1,565
[2024-02-14T16:51:40.308+0100][debug][gc,director    ] Rule: Allocation Rate (Dynamic GC Workers), MaxAllocRate: 3669,6MB/s (+/-2,6%), Free: 4686MB, GCCPUTime: 1,945, GCDuration: 0,974s, TimeUntilOOM: 1,244s, TimeUntilGC: 0,170s, GCWorkers: 2 -> 2
[2024-02-14T16:51:40.308+0100][debug][gc,director    ] Rule: High Usage, Free: 4684MB(30,5%)
[2024-02-14T16:51:40.308+0100][debug][gc,director    ] Rule: Proactive, AcceptableGCInterval: 19,167s, TimeSinceLastGC: 1,032s, TimeUntilGC: 18,135s
[2024-02-14T16:51:40.408+0100][debug][gc,alloc       ] Allocation Rate: 3366,0MB/s, Predicted: 3411,9MB/s, Avg: 3252,2(+/-83,8)MB/s
[2024-02-14T16:51:40.408+0100][debug][gc,director    ] Select GC Workers (Normal), AvoidLongGCWorkers: 0,194, AvoidOOMGCWorkers: 1,692, LastGCWorkers: 2,000, GCWorkers: 1,692
[2024-02-14T16:51:40.408+0100][debug][gc,director    ] Rule: Allocation Rate (Dynamic GC Workers), MaxAllocRate: 3687,5MB/s (+/-2,6%), Free: 4352MB, GCCPUTime: 1,945, GCDuration: 0,974s, TimeUntilOOM: 1,151s, TimeUntilGC: 0,077s, GCWorkers: 2 -> 2
[2024-02-14T16:51:40.408+0100][debug][gc,director    ] Rule: High Usage, Free: 4352MB(28,3%)
[2024-02-14T16:51:40.408+0100][debug][gc,director    ] Rule: Proactive, AcceptableGCInterval: 19,167s, TimeSinceLastGC: 1,132s, TimeUntilGC: 18,035s
[2024-02-14T16:51:40.508+0100][debug][gc,alloc       ] Allocation Rate: 3370,0MB/s, Predicted: 3424,8MB/s, Avg: 3276,8(+/-78,5)MB/s
[2024-02-14T16:51:40.508+0100][debug][gc,director    ] Select GC Workers (Normal), AvoidLongGCWorkers: 0,194, AvoidOOMGCWorkers: 1,830, LastGCWorkers: 2,000, GCWorkers: 1,830
[2024-02-14T16:51:40.508+0100][debug][gc,director    ] Rule: Allocation Rate (Dynamic GC Workers), MaxAllocRate: 3683,0MB/s (+/-2,4%), Free: 4014MB, GCCPUTime: 1,945, GCDuration: 0,974s, TimeUntilOOM: 1,064s, TimeUntilGC: -0,010s, GCWorkers: 2 -> 2
[2024-02-14T16:51:40.508+0100][debug][gc,heap        ] GC(63) Heap before GC invocations=63 (full 63):
[2024-02-14T16:51:40.508+0100][debug][gc,heap        ] GC(63)  ZHeap           used 11304M, capacity 14594M, max capacity 15360M
[2024-02-14T16:51:40.508+0100][debug][gc,heap        ] GC(63)  Metaspace       used 32056K, committed 32448K, reserved 1114112K
[2024-02-14T16:51:40.508+0100][debug][gc,heap        ] GC(63)   class space    used 3381K, committed 3584K, reserved 1048576K
[2024-02-14T16:51:40.508+0100][info ][gc,start       ] GC(63) Garbage Collection (Allocation Rate)
[2024-02-14T16:51:40.508+0100][info ][gc,task        ] GC(63) Using 2 workers
[2024-02-14T16:51:40.508+0100][debug][gc,phases,start] GC(63) Pause Mark Start
[2024-02-14T16:51:40.508+0100][debug][gc,marking     ] GC(63) Using 2 mark stripes
[2024-02-14T16:51:40.508+0100][debug][gc,marking     ] GC(63) Mark Worker/Stripe Distribution
[2024-02-14T16:51:40.508+0100][debug][gc,marking     ] GC(63)   Worker 0(2) -> Stripe 0(2)
[2024-02-14T16:51:40.508+0100][debug][gc,marking     ] GC(63)   Worker 1(2) -> Stripe 1(2)
[2024-02-14T16:51:40.508+0100][info ][gc,phases      ] GC(63) Pause Mark Start 0,048ms
[2024-02-14T16:51:40.508+0100][debug][gc,phases,start] GC(63) Concurrent Mark
[2024-02-14T16:51:40.508+0100][debug][gc,task        ] GC(63) Executing Task: XMarkRootsTask, Active Workers: 2
[2024-02-14T16:51:40.509+0100][debug][gc,tlab        ] GC(63) TLAB totals: thrds: 8  refills: 28370 max: 28353 slow allocs: 13 max 13 waste:  1,3% gc: 857872B max: 169784B slow: 97250104B max: 97240328B
[2024-02-14T16:51:40.509+0100][debug][gc,task        ] GC(63) Executing Task: XMarkTask, Active Workers: 2
[2024-02-14T16:51:40.607+0100][debug][gc,alloc       ] Allocation Rate: 3328,0MB/s, Predicted: 3411,5MB/s, Avg: 3294,6(+/-67,0)MB/s
[2024-02-14T16:51:40.707+0100][debug][gc,alloc       ] Allocation Rate: 3306,0MB/s, Predicted: 3384,9MB/s, Avg: 3307,4(+/-54,6)MB/s
[2024-02-14T16:51:40.807+0100][debug][gc,alloc       ] Allocation Rate: 3286,0MB/s, Predicted: 3349,3MB/s, Avg: 3315,4(+/-44,0)MB/s
[2024-02-14T16:51:40.907+0100][debug][gc,alloc       ] Allocation Rate: 3258,0MB/s, Predicted: 3305,2MB/s, Avg: 3317,6(+/-40,4)MB/s
[2024-02-14T16:51:41.007+0100][debug][gc,alloc       ] Allocation Rate: 3232,0MB/s, Predicted: 3256,7MB/s, Avg: 3314,4(+/-45,5)MB/s
[2024-02-14T16:51:41.108+0100][debug][gc,alloc       ] Allocation Rate: 3204,0MB/s, Predicted: 3207,1MB/s, Avg: 3305,4(+/-56,2)MB/s
[2024-02-14T16:51:41.208+0100][debug][gc,alloc       ] Allocation Rate: 3176,0MB/s, Predicted: 3162,9MB/s, Avg: 3289,6(+/-67,1)MB/s
[2024-02-14T16:51:41.308+0100][debug][gc,alloc       ] Allocation Rate: 3150,0MB/s, Predicted: 3128,5MB/s, Avg: 3267,6(+/-73,0)MB/s
[2024-02-14T16:51:41.344+0100][info ][gc,phases      ] GC(63) Concurrent Mark 836,133ms
[2024-02-14T16:51:41.345+0100][debug][gc,phases,start] GC(63) Pause Mark End
[2024-02-14T16:51:41.345+0100][info ][gc,phases      ] GC(63) Pause Mark End 0,041ms
[2024-02-14T16:51:41.345+0100][debug][gc,phases,start] GC(63) Concurrent Mark Free
[2024-02-14T16:51:41.345+0100][info ][gc,phases      ] GC(63) Concurrent Mark Free 0,013ms
[2024-02-14T16:51:41.345+0100][debug][gc,phases,start] GC(63) Concurrent Process Non-Strong References
[2024-02-14T16:51:41.345+0100][debug][gc,phases,start] GC(63) Concurrent References Process
[2024-02-14T16:51:41.345+0100][debug][gc,task        ] GC(63) Executing Task: XReferenceProcessorTask, Active Workers: 2
[2024-02-14T16:51:41.348+0100][debug][gc,phases      ] GC(63) Concurrent References Process 3,458ms
[2024-02-14T16:51:41.348+0100][debug][gc,task        ] GC(63) Executing Task: XProcessWeakRootsTask, Active Workers: 2
[2024-02-14T16:51:41.348+0100][debug][gc,phases,start] GC(63) Concurrent Classes Unlink
[2024-02-14T16:51:41.349+0100][debug][gc,phases,start] GC(63) ClassLoaderData
[2024-02-14T16:51:41.349+0100][debug][gc,phases      ] GC(63) ClassLoaderData 0,055ms
[2024-02-14T16:51:41.349+0100][debug][gc,phases,start] GC(63) Trigger cleanups
[2024-02-14T16:51:41.349+0100][debug][gc,phases      ] GC(63) Trigger cleanups 0,008ms
[2024-02-14T16:51:41.349+0100][debug][gc,task        ] GC(63) Executing Task: XNMethodUnlinkTask, Active Workers: 2
[2024-02-14T16:51:41.351+0100][debug][gc,phases      ] GC(63) Concurrent Classes Unlink 2,209ms
[2024-02-14T16:51:41.351+0100][debug][gc,phases,start] GC(63) Concurrent Classes Purge
[2024-02-14T16:51:41.351+0100][debug][gc,phases      ] GC(63) Concurrent Classes Purge 0,013ms
[2024-02-14T16:51:41.351+0100][debug][gc,phases,start] GC(63) Concurrent References Enqueue
[2024-02-14T16:51:41.351+0100][debug][gc,phases      ] GC(63) Concurrent References Enqueue 0,009ms
[2024-02-14T16:51:41.351+0100][info ][gc,phases      ] GC(63) Concurrent Process Non-Strong References 6,149ms
[2024-02-14T16:51:41.351+0100][debug][gc,phases,start] GC(63) Concurrent Reset Relocation Set
[2024-02-14T16:51:41.351+0100][info ][gc,phases      ] GC(63) Concurrent Reset Relocation Set 0,141ms
[2024-02-14T16:51:41.351+0100][debug][gc,phases,start] GC(63) Concurrent Select Relocation Set
[2024-02-14T16:51:41.353+0100][debug][gc,task        ] GC(63) Executing Task: XRelocationSetInstallTask, Active Workers: 2
[2024-02-14T16:51:41.361+0100][info ][gc,phases      ] GC(63) Concurrent Select Relocation Set 10,368ms
[2024-02-14T16:51:41.362+0100][debug][gc,phases,start] GC(63) Pause Relocate Start
[2024-02-14T16:51:41.362+0100][info ][gc,phases      ] GC(63) Pause Relocate Start 0,033ms
[2024-02-14T16:51:41.362+0100][debug][gc,phases,start] GC(63) Concurrent Relocate
[2024-02-14T16:51:41.362+0100][debug][gc,task        ] GC(63) Executing Task: XRelocateTask, Active Workers: 2
[2024-02-14T16:51:41.408+0100][debug][gc,alloc       ] Allocation Rate: 3120,0MB/s, Predicted: 3095,7MB/s, Avg: 3243,0(+/-77,0)MB/s
[2024-02-14T16:51:41.475+0100][info ][gc,phases      ] GC(63) Concurrent Relocate 113,739ms
[2024-02-14T16:51:41.475+0100][debug][gc,heap        ] GC(63) Heap after GC invocations=64 (full 64):
[2024-02-14T16:51:41.475+0100][debug][gc,heap        ] GC(63)  ZHeap           used 7188M, capacity 14594M, max capacity 15360M
[2024-02-14T16:51:41.475+0100][debug][gc,heap        ] GC(63)  Metaspace       used 32056K, committed 32448K, reserved 1114112K
[2024-02-14T16:51:41.475+0100][debug][gc,heap        ] GC(63)   class space    used 3381K, committed 3584K, reserved 1048576K
[2024-02-14T16:51:41.475+0100][info ][gc,load        ] GC(63) Load: 2,63/1,99/1,80
[2024-02-14T16:51:41.475+0100][info ][gc,mmu         ] GC(63) MMU: 2ms/92,8%, 5ms/97,1%, 10ms/98,6%, 20ms/99,1%, 50ms/99,6%, 100ms/99,8%
[2024-02-14T16:51:41.475+0100][info ][gc,marking     ] GC(63) Mark: 2 stripe(s), 2 proactive flush(es), 1 terminate flush(es), 0 completion(s), 0 continuation(s) 
[2024-02-14T16:51:41.475+0100][info ][gc,marking     ] GC(63) Mark Stack Usage: 32M
[2024-02-14T16:51:41.475+0100][info ][gc,nmethod     ] GC(63) NMethods: 4268 registered, 64 unregistered
[2024-02-14T16:51:41.475+0100][info ][gc,metaspace   ] GC(63) Metaspace: 31M used, 31M committed, 1088M reserved
[2024-02-14T16:51:41.475+0100][info ][gc,ref         ] GC(63) Soft: 3896 encountered, 0 discovered, 0 enqueued
[2024-02-14T16:51:41.476+0100][info ][gc,ref         ] GC(63) Weak: 2057 encountered, 800 discovered, 0 enqueued
[2024-02-14T16:51:41.476+0100][info ][gc,ref         ] GC(63) Final: 12768 encountered, 12768 discovered, 12768 enqueued
[2024-02-14T16:51:41.476+0100][info ][gc,ref         ] GC(63) Phantom: 13169 encountered, 13157 discovered, 12774 enqueued
[2024-02-14T16:51:41.476+0100][info ][gc,reloc       ] GC(63) Small Pages: 5637 / 11274M, Empty: 108M, Relocated: 412M, In-Place: 0
[2024-02-14T16:51:41.476+0100][info ][gc,reloc       ] GC(63) Medium Pages: 1 / 32M, Empty: 0M, Relocated: 0M, In-Place: 0
[2024-02-14T16:51:41.476+0100][info ][gc,reloc       ] GC(63) Large Pages: 0 / 0M, Empty: 0M, Relocated: 0M, In-Place: 0
[2024-02-14T16:51:41.476+0100][info ][gc,reloc       ] GC(63) Forwarding Usage: 174M
[2024-02-14T16:51:41.476+0100][info ][gc,heap        ] GC(63) Min Capacity: 5120M(33%)
[2024-02-14T16:51:41.476+0100][info ][gc,heap        ] GC(63) Max Capacity: 15360M(100%)
[2024-02-14T16:51:41.476+0100][info ][gc,heap        ] GC(63) Soft Max Capacity: 15360M(100%)
[2024-02-14T16:51:41.476+0100][info ][gc,heap        ] GC(63)                Mark Start          Mark End        Relocate Start      Relocate End           High               Low         
[2024-02-14T16:51:41.476+0100][info ][gc,heap        ] GC(63)  Capacity:    14594M (95%)       14594M (95%)       14594M (95%)       14594M (95%)       14594M (95%)       14594M (95%)    
[2024-02-14T16:51:41.476+0100][info ][gc,heap        ] GC(63)      Free:     4054M (26%)        1460M (10%)        1514M (10%)        8172M (53%)        8174M (53%)        1434M (9%)     
[2024-02-14T16:51:41.476+0100][info ][gc,heap        ] GC(63)      Used:    11306M (74%)       13900M (90%)       13846M (90%)        7188M (47%)       13926M (91%)        7186M (47%)    
[2024-02-14T16:51:41.476+0100][info ][gc,heap        ] GC(63)      Live:         -              3741M (24%)        3741M (24%)        3741M (24%)            -                  -          
[2024-02-14T16:51:41.476+0100][info ][gc,heap        ] GC(63) Allocated:         -              2594M (17%)        2648M (17%)        2971M (19%)            -                  -          
[2024-02-14T16:51:41.476+0100][info ][gc,heap        ] GC(63)   Garbage:         -              7564M (49%)        7456M (49%)         474M (3%)             -                  -          
[2024-02-14T16:51:41.476+0100][info ][gc,heap        ] GC(63) Reclaimed:         -                  -               108M (1%)         7089M (46%)            -                  -          
[2024-02-14T16:51:41.476+0100][info ][gc             ] GC(63) Garbage Collection (Allocation Rate) 11306M(74%)->7188M(47%)
[2024-02-14T16:51:41.508+0100][debug][gc,alloc       ] Allocation Rate: 3082,0MB/s, Predicted: 3065,2MB/s, Avg: 3214,2(+/-78,0)MB/s
[2024-02-14T16:51:41.508+0100][debug][gc,director    ] Select GC Workers (Try Lowering), AvoidLongGCWorkers: 0,194, AvoidOOMGCWorkers: 0,859, NextAvoidOOMGCWorkers: 1,591, LastGCWorkers: 2,000, GCWorkers: 2,000
[2024-02-14T16:51:41.508+0100][debug][gc,director    ] Rule: Allocation Rate (Dynamic GC Workers), MaxAllocRate: 3470,8MB/s (+/-2,4%), Free: 8022MB, GCCPUTime: 1,940, GCDuration: 0,972s, TimeUntilOOM: 2,257s, TimeUntilGC: 1,185s, GCWorkers: 2 -> 2
[2024-02-14T16:51:41.508+0100][debug][gc,director    ] Rule: High Usage, Free: 8022MB(52,2%)
[2024-02-14T16:51:41.508+0100][debug][gc,director    ] Rule: Proactive, UsedUntilEnabled: 1428MB, TimeUntilEnabled: 299,967s
[2024-02-14T16:51:41.607+0100][debug][gc,alloc       ] Allocation Rate: 3114,0MB/s, Predicted: 3055,5MB/s, Avg: 3192,8(+/-73,0)MB/s
[2024-02-14T16:51:41.607+0100][debug][gc,director    ] Select GC Workers (Try Lowering), AvoidLongGCWorkers: 0,194, AvoidOOMGCWorkers: 0,885, NextAvoidOOMGCWorkers: 1,548, LastGCWorkers: 2,000, GCWorkers: 2,000
[2024-02-14T16:51:41.607+0100][debug][gc,director    ] Rule: Allocation Rate (Dynamic GC Workers), MaxAllocRate: 3433,1MB/s (+/-2,3%), Free: 7694MB, GCCPUTime: 1,940, GCDuration: 0,972s, TimeUntilOOM: 2,191s, TimeUntilGC: 1,119s, GCWorkers: 2 -> 2
[2024-02-14T16:51:41.607+0100][debug][gc,director    ] Rule: High Usage, Free: 7694MB(50,1%)
[2024-02-14T16:51:41.607+0100][debug][gc,director    ] Rule: Proactive, UsedUntilEnabled: 1100MB, TimeUntilEnabled: 299,868s
[2024-02-14T16:51:41.707+0100][debug][gc,alloc       ] Allocation Rate: 3132,0MB/s, Predicted: 3061,3MB/s, Avg: 3175,4(+/-64,2)MB/s
[2024-02-14T16:51:41.707+0100][debug][gc,director    ] Select GC Workers (Try Lowering), AvoidLongGCWorkers: 0,194, AvoidOOMGCWorkers: 0,910, NextAvoidOOMGCWorkers: 1,500, LastGCWorkers: 2,000, GCWorkers: 2,000
[2024-02-14T16:51:41.707+0100][debug][gc,director    ] Rule: Allocation Rate (Dynamic GC Workers), MaxAllocRate: 3386,5MB/s (+/-2,0%), Free: 7360MB, GCCPUTime: 1,940, GCDuration: 0,972s, TimeUntilOOM: 2,130s, TimeUntilGC: 1,059s, GCWorkers: 2 -> 2
[2024-02-14T16:51:41.707+0100][debug][gc,director    ] Rule: High Usage, Free: 7360MB(47,9%)
[2024-02-14T16:51:41.707+0100][debug][gc,director    ] Rule: Proactive, UsedUntilEnabled: 766MB, TimeUntilEnabled: 299,768s
[2024-02-14T16:51:41.808+0100][debug][gc,alloc       ] Allocation Rate: 3150,0MB/s, Predicted: 3080,7MB/s, Avg: 3161,8(+/-52,7)MB/s
[2024-02-14T16:51:41.808+0100][debug][gc,director    ] Select GC Workers (Try Lowering), AvoidLongGCWorkers: 0,194, AvoidOOMGCWorkers: 0,936, NextAvoidOOMGCWorkers: 1,453, LastGCWorkers: 2,000, GCWorkers: 1,953
[2024-02-14T16:51:41.808+0100][debug][gc,director    ] Rule: Allocation Rate (Dynamic GC Workers), MaxAllocRate: 3335,1MB/s (+/-1,7%), Free: 7026MB, GCCPUTime: 1,940, GCDuration: 0,972s, TimeUntilOOM: 2,072s, TimeUntilGC: 1,000s, GCWorkers: 2 -> 2
[2024-02-14T16:51:41.808+0100][debug][gc,director    ] Rule: High Usage, Free: 7026MB(45,7%)
[2024-02-14T16:51:41.808+0100][debug][gc,director    ] Rule: Proactive, UsedUntilEnabled: 432MB, TimeUntilEnabled: 299,668s
[2024-02-14T16:51:41.908+0100][debug][gc,alloc       ] Allocation Rate: 3174,0MB/s, Predicted: 3111,2MB/s, Avg: 3153,4(+/-42,3)MB/s
[2024-02-14T16:51:41.908+0100][debug][gc,director    ] Select GC Workers (Try Lowering), AvoidLongGCWorkers: 0,194, AvoidOOMGCWorkers: 0,968, NextAvoidOOMGCWorkers: 1,419, LastGCWorkers: 2,000, GCWorkers: 1,919
[2024-02-14T16:51:41.908+0100][debug][gc,director    ] Rule: Allocation Rate (Dynamic GC Workers), MaxAllocRate: 3292,7MB/s (+/-1,3%), Free: 6688MB, GCCPUTime: 1,940, GCDuration: 0,972s, TimeUntilOOM: 2,004s, TimeUntilGC: 0,932s, GCWorkers: 2 -> 2
[2024-02-14T16:51:41.908+0100][debug][gc,director    ] Rule: High Usage, Free: 6688MB(43,5%)
[2024-02-14T16:51:41.908+0100][debug][gc,director    ] Rule: Proactive, UsedUntilEnabled: 94MB, TimeUntilEnabled: 299,568s
[2024-02-14T16:51:42.008+0100][debug][gc,alloc       ] Allocation Rate: 3200,0MB/s, Predicted: 3150,8MB/s, Avg: 3150,2(+/-37,2)MB/s
[2024-02-14T16:51:42.008+0100][debug][gc,director    ] Select GC Workers (Normal), AvoidLongGCWorkers: 0,194, AvoidOOMGCWorkers: 1,011, LastGCWorkers: 2,000, GCWorkers: 1,011
[2024-02-14T16:51:42.008+0100][debug][gc,director    ] Rule: Allocation Rate (Dynamic GC Workers), MaxAllocRate: 3273,1MB/s (+/-1,2%), Free: 6352MB, GCCPUTime: 1,940, GCDuration: 0,972s, TimeUntilOOM: 1,918s, TimeUntilGC: 0,846s, GCWorkers: 2 -> 2
[2024-02-14T16:51:42.008+0100][debug][gc,director    ] Rule: High Usage, Free: 6352MB(41,4%)
[2024-02-14T16:51:42.008+0100][debug][gc,director    ] Rule: Proactive, AcceptableGCInterval: 19,153s, TimeSinceLastGC: 0,532s, TimeUntilGC: 18,620s
[2024-02-14T16:51:42.108+0100][debug][gc,alloc       ] Allocation Rate: 3230,0MB/s, Predicted: 3197,1MB/s, Avg: 3152,8(+/-41,5)MB/s
[2024-02-14T16:51:42.108+0100][debug][gc,director    ] Select GC Workers (Normal), AvoidLongGCWorkers: 0,194, AvoidOOMGCWorkers: 1,090, LastGCWorkers: 2,000, GCWorkers: 1,090
[2024-02-14T16:51:42.108+0100][debug][gc,director    ] Rule: Allocation Rate (Dynamic GC Workers), MaxAllocRate: 3333,6MB/s (+/-1,3%), Free: 6012MB, GCCPUTime: 1,940, GCDuration: 0,972s, TimeUntilOOM: 1,780s, TimeUntilGC: 0,708s, GCWorkers: 2 -> 2
[2024-02-14T16:51:42.108+0100][debug][gc,director    ] Rule: High Usage, Free: 6012MB(39,1%)
[2024-02-14T16:51:42.108+0100][debug][gc,director    ] Rule: Proactive, AcceptableGCInterval: 19,153s, TimeSinceLastGC: 0,632s, TimeUntilGC: 18,520s
[2024-02-14T16:51:42.208+0100][debug][gc,alloc       ] Allocation Rate: 3262,0MB/s, Predicted: 3246,9MB/s, Avg: 3161,4(+/-52,8)MB/s
[2024-02-14T16:51:42.208+0100][debug][gc,director    ] Select GC Workers (Normal), AvoidLongGCWorkers: 0,194, AvoidOOMGCWorkers: 1,190, LastGCWorkers: 2,000, GCWorkers: 1,190
[2024-02-14T16:51:42.208+0100][debug][gc,director    ] Rule: Allocation Rate (Dynamic GC Workers), MaxAllocRate: 3420,6MB/s (+/-1,7%), Free: 5672MB, GCCPUTime: 1,940, GCDuration: 0,972s, TimeUntilOOM: 1,631s, TimeUntilGC: 0,559s, GCWorkers: 2 -> 2
[2024-02-14T16:51:42.208+0100][debug][gc,director    ] Rule: High Usage, Free: 5672MB(36,9%)
[2024-02-14T16:51:42.208+0100][debug][gc,director    ] Rule: Proactive, AcceptableGCInterval: 19,153s, TimeSinceLastGC: 0,733s, TimeUntilGC: 18,420s
[2024-02-14T16:51:42.307+0100][debug][gc,alloc       ] Allocation Rate: 3282,0MB/s, Predicted: 3292,1MB/s, Avg: 3174,6(+/-63,7)MB/s
[2024-02-14T16:51:42.307+0100][debug][gc,director    ] Select GC Workers (Normal), AvoidLongGCWorkers: 0,194, AvoidOOMGCWorkers: 1,297, LastGCWorkers: 2,000, GCWorkers: 1,297
[2024-02-14T16:51:42.307+0100][debug][gc,director    ] Rule: Allocation Rate (Dynamic GC Workers), MaxAllocRate: 3501,6MB/s (+/-2,0%), Free: 5344MB, GCCPUTime: 1,940, GCDuration: 0,972s, TimeUntilOOM: 1,496s, TimeUntilGC: 0,424s, GCWorkers: 2 -> 2
[2024-02-14T16:51:42.307+0100][debug][gc,director    ] Rule: High Usage, Free: 5344MB(34,8%)
[2024-02-14T16:51:42.307+0100][debug][gc,director    ] Rule: Proactive, AcceptableGCInterval: 19,153s, TimeSinceLastGC: 0,832s, TimeUntilGC: 18,321s
[2024-02-14T16:51:42.407+0100][debug][gc,alloc       ] Allocation Rate: 3312,0MB/s, Predicted: 3332,5MB/s, Avg: 3193,8(+/-72,6)MB/s
[2024-02-14T16:51:42.407+0100][debug][gc,director    ] Select GC Workers (Normal), AvoidLongGCWorkers: 0,194, AvoidOOMGCWorkers: 1,415, LastGCWorkers: 2,000, GCWorkers: 1,415
[2024-02-14T16:51:42.407+0100][debug][gc,director    ] Rule: Allocation Rate (Dynamic GC Workers), MaxAllocRate: 3571,5MB/s (+/-2,3%), Free: 5010MB, GCCPUTime: 1,940, GCDuration: 0,972s, TimeUntilOOM: 1,372s, TimeUntilGC: 0,300s, GCWorkers: 2 -> 2
[2024-02-14T16:51:42.407+0100][debug][gc,director    ] Rule: High Usage, Free: 5010MB(32,6%)
[2024-02-14T16:51:42.407+0100][debug][gc,director    ] Rule: Proactive, AcceptableGCInterval: 19,153s, TimeSinceLastGC: 0,932s, TimeUntilGC: 18,221s
[2024-02-14T16:51:42.507+0100][debug][gc,alloc       ] Allocation Rate: 3346,0MB/s, Predicted: 3363,6MB/s, Avg: 3220,2(+/-75,1)MB/s
[2024-02-14T16:51:42.507+0100][debug][gc,director    ] Select GC Workers (Normal), AvoidLongGCWorkers: 0,194, AvoidOOMGCWorkers: 1,534, LastGCWorkers: 2,000, GCWorkers: 1,534
[2024-02-14T16:51:42.507+0100][debug][gc,director    ] Rule: Allocation Rate (Dynamic GC Workers), MaxAllocRate: 3610,8MB/s (+/-2,3%), Free: 4676MB, GCCPUTime: 1,940, GCDuration: 0,972s, TimeUntilOOM: 1,265s, TimeUntilGC: 0,194s, GCWorkers: 2 -> 2
[2024-02-14T16:51:42.507+0100][debug][gc,director    ] Rule: High Usage, Free: 4676MB(30,4%)
[2024-02-14T16:51:42.507+0100][debug][gc,director    ] Rule: Proactive, AcceptableGCInterval: 19,153s, TimeSinceLastGC: 1,032s, TimeUntilGC: 18,121s
[2024-02-14T16:51:42.607+0100][debug][gc,alloc       ] Allocation Rate: 3354,0MB/s, Predicted: 3388,8MB/s, Avg: 3244,2(+/-75,7)MB/s
[2024-02-14T16:51:42.607+0100][debug][gc,director    ] Select GC Workers (Normal), AvoidLongGCWorkers: 0,194, AvoidOOMGCWorkers: 1,666, LastGCWorkers: 2,000, GCWorkers: 1,666
[2024-02-14T16:51:42.607+0100][debug][gc,director    ] Rule: Allocation Rate (Dynamic GC Workers), MaxAllocRate: 3637,9MB/s (+/-2,3%), Free: 4340MB, GCCPUTime: 1,940, GCDuration: 0,972s, TimeUntilOOM: 1,166s, TimeUntilGC: 0,094s, GCWorkers: 2 -> 2
[2024-02-14T16:51:42.607+0100][debug][gc,director    ] Rule: High Usage, Free: 4340MB(28,3%)
[2024-02-14T16:51:42.607+0100][debug][gc,director    ] Rule: Proactive, AcceptableGCInterval: 19,153s, TimeSinceLastGC: 1,132s, TimeUntilGC: 18,021s
[2024-02-14T16:51:42.707+0100][debug][gc,alloc       ] Allocation Rate: 3356,0MB/s, Predicted: 3403,6MB/s, Avg: 3266,6(+/-72,2)MB/s
[2024-02-14T16:51:42.707+0100][debug][gc,director    ] Select GC Workers (Normal), AvoidLongGCWorkers: 0,194, AvoidOOMGCWorkers: 1,806, LastGCWorkers: 2,000, GCWorkers: 1,806
[2024-02-14T16:51:42.707+0100][debug][gc,director    ] Rule: Allocation Rate (Dynamic GC Workers), MaxAllocRate: 3641,3MB/s (+/-2,2%), Free: 4004MB, GCCPUTime: 1,940, GCDuration: 0,972s, TimeUntilOOM: 1,076s, TimeUntilGC: 0,004s, GCWorkers: 2 -> 2
[2024-02-14T16:51:42.707+0100][debug][gc,director    ] Rule: High Usage, Free: 4004MB(26,1%)
[2024-02-14T16:51:42.707+0100][debug][gc,director    ] Rule: Proactive, AcceptableGCInterval: 19,153s, TimeSinceLastGC: 1,232s, TimeUntilGC: 17,921s
[2024-02-14T16:51:42.808+0100][debug][gc,alloc       ] Allocation Rate: 3356,0MB/s, Predicted: 3408,3MB/s, Avg: 3287,2(+/-65,1)MB/s
[2024-02-14T16:51:42.808+0100][debug][gc,director    ] Select GC Workers (Normal), AvoidLongGCWorkers: 0,194, AvoidOOMGCWorkers: 1,957, LastGCWorkers: 2,000, GCWorkers: 1,957
[2024-02-14T16:51:42.808+0100][debug][gc,director    ] Rule: Allocation Rate (Dynamic GC Workers), MaxAllocRate: 3622,4MB/s (+/-2,0%), Free: 3668MB, GCCPUTime: 1,940, GCDuration: 0,972s, TimeUntilOOM: 0,993s, TimeUntilGC: -0,079s, GCWorkers: 2 -> 2
[2024-02-14T16:51:42.808+0100][debug][gc,heap        ] GC(64) Heap before GC invocations=64 (full 64):
[2024-02-14T16:51:42.808+0100][debug][gc,heap        ] GC(64)  ZHeap           used 11650M, capacity 14594M, max capacity 15360M
[2024-02-14T16:51:42.808+0100][debug][gc,heap        ] GC(64)  Metaspace       used 32056K, committed 32448K, reserved 1114112K
[2024-02-14T16:51:42.808+0100][debug][gc,heap        ] GC(64)   class space    used 3381K, committed 3584K, reserved 1048576K
[2024-02-14T16:51:42.808+0100][info ][gc,start       ] GC(64) Garbage Collection (Allocation Rate)
[2024-02-14T16:51:42.808+0100][info ][gc,task        ] GC(64) Using 2 workers
[2024-02-14T16:51:42.808+0100][debug][gc,phases,start] GC(64) Pause Mark Start
[2024-02-14T16:51:42.808+0100][debug][gc,marking     ] GC(64) Using 2 mark stripes
[2024-02-14T16:51:42.808+0100][debug][gc,marking     ] GC(64) Mark Worker/Stripe Distribution
[2024-02-14T16:51:42.808+0100][debug][gc,marking     ] GC(64)   Worker 0(2) -> Stripe 0(2)
[2024-02-14T16:51:42.808+0100][debug][gc,marking     ] GC(64)   Worker 1(2) -> Stripe 1(2)
[2024-02-14T16:51:42.808+0100][info ][gc,phases      ] GC(64) Pause Mark Start 0,049ms
[2024-02-14T16:51:42.808+0100][debug][gc,phases,start] GC(64) Concurrent Mark
[2024-02-14T16:51:42.808+0100][debug][gc,task        ] GC(64) Executing Task: XMarkRootsTask, Active Workers: 2
[2024-02-14T16:51:42.809+0100][debug][gc,tlab        ] GC(64) TLAB totals: thrds: 8  refills: 29698 max: 29676 slow allocs: 10 max 10 waste:  1,3% gc: 974920B max: 231432B slow: 102897400B max: 102886256B
[2024-02-14T16:51:42.809+0100][debug][gc,task        ] GC(64) Executing Task: XMarkTask, Active Workers: 2
[2024-02-14T16:51:42.908+0100][debug][gc,alloc       ] Allocation Rate: 3316,0MB/s, Predicted: 3389,6MB/s, Avg: 3301,4(+/-53,2)MB/s
[2024-02-14T16:51:43.008+0100][debug][gc,alloc       ] Allocation Rate: 3296,0MB/s, Predicted: 3360,4MB/s, Avg: 3311,0(+/-41,4)MB/s
[2024-02-14T16:51:43.108+0100][debug][gc,alloc       ] Allocation Rate: 3270,0MB/s, Predicted: 3322,4MB/s, Avg: 3315,0(+/-34,8)MB/s
[2024-02-14T16:51:43.208+0100][debug][gc,alloc       ] Allocation Rate: 3250,0MB/s, Predicted: 3282,3MB/s, Avg: 3313,8(+/-36,8)MB/s
[2024-02-14T16:51:43.307+0100][debug][gc,alloc       ] Allocation Rate: 3230,0MB/s, Predicted: 3240,3MB/s, Avg: 3308,6(+/-43,9)MB/s
[2024-02-14T16:51:43.407+0100][debug][gc,alloc       ] Allocation Rate: 3206,0MB/s, Predicted: 3200,1MB/s, Avg: 3298,0(+/-53,5)MB/s
[2024-02-14T16:51:43.507+0100][debug][gc,alloc       ] Allocation Rate: 3184,0MB/s, Predicted: 3167,3MB/s, Avg: 3281,8(+/-60,6)MB/s
[2024-02-14T16:51:43.608+0100][debug][gc,alloc       ] Allocation Rate: 3162,0MB/s, Predicted: 3138,7MB/s, Avg: 3262,6(+/-65,0)MB/s
[2024-02-14T16:51:43.645+0100][info ][gc,phases      ] GC(64) Concurrent Mark 837,346ms
[2024-02-14T16:51:43.645+0100][debug][gc,phases,start] GC(64) Pause Mark End
[2024-02-14T16:51:43.645+0100][info ][gc,phases      ] GC(64) Pause Mark End 0,030ms
[2024-02-14T16:51:43.646+0100][debug][gc,phases,start] GC(64) Concurrent Mark Free
[2024-02-14T16:51:43.646+0100][info ][gc,phases      ] GC(64) Concurrent Mark Free 0,027ms
[2024-02-14T16:51:43.646+0100][debug][gc,phases,start] GC(64) Concurrent Process Non-Strong References
[2024-02-14T16:51:43.646+0100][debug][gc,phases,start] GC(64) Concurrent References Process
[2024-02-14T16:51:43.646+0100][debug][gc,task        ] GC(64) Executing Task: XReferenceProcessorTask, Active Workers: 2
[2024-02-14T16:51:43.648+0100][debug][gc,phases      ] GC(64) Concurrent References Process 1,998ms
[2024-02-14T16:51:43.648+0100][debug][gc,task        ] GC(64) Executing Task: XProcessWeakRootsTask, Active Workers: 2
[2024-02-14T16:51:43.648+0100][debug][gc,phases,start] GC(64) Concurrent Classes Unlink
[2024-02-14T16:51:43.648+0100][debug][gc,phases,start] GC(64) ClassLoaderData
[2024-02-14T16:51:43.648+0100][debug][gc,phases      ] GC(64) ClassLoaderData 0,036ms
[2024-02-14T16:51:43.648+0100][debug][gc,phases,start] GC(64) Trigger cleanups
[2024-02-14T16:51:43.648+0100][debug][gc,phases      ] GC(64) Trigger cleanups 0,008ms
[2024-02-14T16:51:43.648+0100][debug][gc,task        ] GC(64) Executing Task: XNMethodUnlinkTask, Active Workers: 2
[2024-02-14T16:51:43.650+0100][debug][gc,phases      ] GC(64) Concurrent Classes Unlink 2,111ms
[2024-02-14T16:51:43.650+0100][debug][gc,phases,start] GC(64) Concurrent Classes Purge
[2024-02-14T16:51:43.650+0100][debug][gc,nmethod     ] GC(64) Unregister NMethod: com.github.benmanes.caffeine.cache.Node.inMainProbation (0x00007f9f0c1f3d90)
[2024-02-14T16:51:43.650+0100][debug][gc,nmethod     ] GC(64) Unregister NMethod: io.sirix.page.PageReference.equals (0x00007f9f2b602990)
[2024-02-14T16:51:43.650+0100][debug][gc,nmethod     ] GC(64) Unregister NMethod: com.github.benmanes.caffeine.cache.BoundedLocalCache.evictEntry (0x00007f9f0c1fcc90)
[2024-02-14T16:51:43.650+0100][debug][gc,nmethod     ] GC(64) Unregister NMethod: com.github.benmanes.caffeine.cache.BoundedLocalCache.makeDead (0x00007f9f0c208310)
[2024-02-14T16:51:43.650+0100][debug][gc,nmethod     ] GC(64) Unregister NMethod: com.github.benmanes.caffeine.cache.BoundedLocalCache.logIfAlive (0x00007f9f0c204890)
[2024-02-14T16:51:43.650+0100][debug][gc,nmethod     ] GC(64) Unregister NMethod: com.github.benmanes.caffeine.cache.BoundedLocalCache.evictEntry (0x00007f9f2b482510)
[2024-02-14T16:51:43.650+0100][debug][gc,nmethod     ] GC(64) Unregister NMethod: java.lang.invoke.LambdaForm$DMH/0x0000000080395800.newInvokeSpecial (0x00007f9f0c1f5590)
[2024-02-14T16:51:43.650+0100][debug][gc,nmethod     ] GC(64) Unregister NMethod: java.lang.invoke.LambdaForm$MH/0x0000000080396000.linkToTargetMethod (0x00007f9f0c1f4e90)
[2024-02-14T16:51:43.650+0100][debug][gc,phases      ] GC(64) Concurrent Classes Purge 0,102ms
[2024-02-14T16:51:43.650+0100][debug][gc,phases,start] GC(64) Concurrent References Enqueue
[2024-02-14T16:51:43.650+0100][debug][gc,phases      ] GC(64) Concurrent References Enqueue 0,009ms
[2024-02-14T16:51:43.650+0100][info ][gc,phases      ] GC(64) Concurrent Process Non-Strong References 4,589ms
[2024-02-14T16:51:43.650+0100][debug][gc,phases,start] GC(64) Concurrent Reset Relocation Set
[2024-02-14T16:51:43.650+0100][info ][gc,phases      ] GC(64) Concurrent Reset Relocation Set 0,144ms
[2024-02-14T16:51:43.650+0100][debug][gc,phases,start] GC(64) Concurrent Select Relocation Set
[2024-02-14T16:51:43.652+0100][debug][gc,task        ] GC(64) Executing Task: XRelocationSetInstallTask, Active Workers: 2
[2024-02-14T16:51:43.661+0100][info ][gc,phases      ] GC(64) Concurrent Select Relocation Set 10,562ms
[2024-02-14T16:51:43.661+0100][debug][gc,phases,start] GC(64) Pause Relocate Start
[2024-02-14T16:51:43.661+0100][info ][gc,phases      ] GC(64) Pause Relocate Start 0,022ms
[2024-02-14T16:51:43.661+0100][debug][gc,phases,start] GC(64) Concurrent Relocate
[2024-02-14T16:51:43.661+0100][debug][gc,task        ] GC(64) Executing Task: XRelocateTask, Active Workers: 2
[2024-02-14T16:51:43.708+0100][debug][gc,alloc       ] Allocation Rate: 3132,0MB/s, Predicted: 3111,3MB/s, Avg: 3240,2(+/-67,5)MB/s
[2024-02-14T16:51:43.774+0100][info ][gc,phases      ] GC(64) Concurrent Relocate 113,355ms
[2024-02-14T16:51:43.774+0100][debug][gc,heap        ] GC(64) Heap after GC invocations=65 (full 65):
[2024-02-14T16:51:43.774+0100][debug][gc,heap        ] GC(64)  ZHeap           used 7212M, capacity 14594M, max capacity 15360M
[2024-02-14T16:51:43.775+0100][debug][gc,heap        ] GC(64)  Metaspace       used 32056K, committed 32448K, reserved 1114112K
[2024-02-14T16:51:43.775+0100][debug][gc,heap        ] GC(64)   class space    used 3381K, committed 3584K, reserved 1048576K
[2024-02-14T16:51:43.775+0100][info ][gc,load        ] GC(64) Load: 2,82/2,04/1,81
[2024-02-14T16:51:43.775+0100][info ][gc,mmu         ] GC(64) MMU: 2ms/92,8%, 5ms/97,1%, 10ms/98,6%, 20ms/99,1%, 50ms/99,6%, 100ms/99,8%
[2024-02-14T16:51:43.775+0100][info ][gc,marking     ] GC(64) Mark: 2 stripe(s), 6 proactive flush(es), 1 terminate flush(es), 0 completion(s), 0 continuation(s) 
[2024-02-14T16:51:43.775+0100][info ][gc,marking     ] GC(64) Mark Stack Usage: 32M
[2024-02-14T16:51:43.775+0100][info ][gc,nmethod     ] GC(64) NMethods: 4268 registered, 72 unregistered
[2024-02-14T16:51:43.775+0100][info ][gc,metaspace   ] GC(64) Metaspace: 31M used, 31M committed, 1088M reserved
